[2019-06-24T10:12:37.061+0000][1][gc] Using Concurrent Mark Sweep
[2019-06-24T10:12:37.061+0000][1][gc,heap,coops] Heap address: 0x00000000f0000000, size: 256 MB, Compressed Oops mode: 32-bit
[2019-06-24T10:12:37.106+0000][1][safepoint    ] Entering safepoint region: EnableBiasedLocking
[2019-06-24T10:12:37.106+0000][1][safepoint    ] Leaving safepoint region
[2019-06-24T10:12:37.106+0000][1][safepoint    ] Total time for which application threads were stopped: 0.0000991 seconds, Stopping threads took: 0.0000431 seconds
[2019-06-24T10:12:37.109+0000][1][safepoint    ] Application time: 0.0025671 seconds
[2019-06-24T10:12:37.109+0000][1][safepoint    ] Entering safepoint region: RevokeBias
[2019-06-24T10:12:37.109+0000][1][safepoint    ] Leaving safepoint region
[2019-06-24T10:12:37.109+0000][1][safepoint    ] Total time for which application threads were stopped: 0.0000674 seconds, Stopping threads took: 0.0000198 seconds
[2019-06-24T10:12:37.117+0000][1][safepoint    ] Application time: 0.0075464 seconds
[2019-06-24T10:12:37.117+0000][1][safepoint    ] Entering safepoint region: Deoptimize
[2019-06-24T10:12:37.117+0000][1][safepoint    ] Leaving safepoint region
[2019-06-24T10:12:37.117+0000][1][safepoint    ] Total time for which application threads were stopped: 0.0000457 seconds, Stopping threads took: 0.0000087 seconds
[2019-06-24T10:12:37.212+0000][1][safepoint    ] Application time: 0.0957741 seconds
[2019-06-24T10:12:37.212+0000][1][safepoint    ] Entering safepoint region: RevokeBias
[2019-06-24T10:12:37.213+0000][1][safepoint    ] Leaving safepoint region
[2019-06-24T10:12:37.213+0000][1][safepoint    ] Total time for which application threads were stopped: 0.0000699 seconds, Stopping threads took: 0.0000098 seconds
[2019-06-24T10:12:37.214+0000][1][safepoint    ] Application time: 0.0014787 seconds
[2019-06-24T10:12:37.214+0000][1][safepoint    ] Entering safepoint region: Deoptimize
[2019-06-24T10:12:37.214+0000][1][safepoint    ] Leaving safepoint region
[2019-06-24T10:12:37.214+0000][1][safepoint    ] Total time for which application threads were stopped: 0.0000492 seconds, Stopping threads took: 0.0000065 seconds
[2019-06-24T10:12:37.238+0000][1][safepoint    ] Application time: 0.0235968 seconds
[2019-06-24T10:12:37.238+0000][1][safepoint    ] Entering safepoint region: Deoptimize
[2019-06-24T10:12:37.238+0000][1][safepoint    ] Leaving safepoint region
[2019-06-24T10:12:37.238+0000][1][safepoint    ] Total time for which application threads were stopped: 0.0000582 seconds, Stopping threads took: 0.0000087 seconds
[2019-06-24T10:12:37.522+0000][1][safepoint    ] Application time: 0.2843187 seconds
[2019-06-24T10:12:37.522+0000][1][safepoint    ] Entering safepoint region: Deoptimize
[2019-06-24T10:12:37.522+0000][1][safepoint    ] Leaving safepoint region
[2019-06-24T10:12:37.522+0000][1][safepoint    ] Total time for which application threads were stopped: 0.0002541 seconds, Stopping threads took: 0.0000148 seconds
[2019-06-24T10:12:37.575+0000][1][safepoint    ] Application time: 0.0529083 seconds
[2019-06-24T10:12:37.575+0000][1][safepoint    ] Entering safepoint region: Deoptimize
[2019-06-24T10:12:37.575+0000][1][safepoint    ] Leaving safepoint region
[2019-06-24T10:12:37.575+0000][1][safepoint    ] Total time for which application threads were stopped: 0.0001220 seconds, Stopping threads took: 0.0000107 seconds
[2019-06-24T10:12:37.592+0000][1][safepoint    ] Application time: 0.0168977 seconds
[2019-06-24T10:12:37.592+0000][1][safepoint    ] Entering safepoint region: Deoptimize
[2019-06-24T10:12:37.592+0000][1][safepoint    ] Leaving safepoint region
[2019-06-24T10:12:37.593+0000][1][safepoint    ] Total time for which application threads were stopped: 0.0001116 seconds, Stopping threads took: 0.0000096 seconds
[2019-06-24T10:12:37.988+0000][1][safepoint    ] Application time: 0.3957251 seconds
[2019-06-24T10:12:37.988+0000][1][safepoint    ] Entering safepoint region: Deoptimize
[2019-06-24T10:12:37.988+0000][1][safepoint    ] Leaving safepoint region
[2019-06-24T10:12:37.988+0000][1][safepoint    ] Total time for which application threads were stopped: 0.0001664 seconds, Stopping threads took: 0.0000090 seconds
[2019-06-24T10:12:38.214+0000][1][safepoint    ] Application time: 0.2250475 seconds
[2019-06-24T10:12:38.214+0000][1][safepoint    ] Entering safepoint region: RevokeBias
[2019-06-24T10:12:38.214+0000][1][safepoint    ] Leaving safepoint region
[2019-06-24T10:12:38.214+0000][1][safepoint    ] Total time for which application threads were stopped: 0.0001506 seconds, Stopping threads took: 0.0000187 seconds
[2019-06-24T10:12:38.295+0000][1][safepoint    ] Application time: 0.0809013 seconds
[2019-06-24T10:12:38.295+0000][1][safepoint    ] Entering safepoint region: Deoptimize
[2019-06-24T10:12:38.295+0000][1][safepoint    ] Leaving safepoint region
[2019-06-24T10:12:38.295+0000][1][safepoint    ] Total time for which application threads were stopped: 0.0001894 seconds, Stopping threads took: 0.0000090 seconds
[2019-06-24T10:12:38.400+0000][1][safepoint    ] Application time: 0.1055986 seconds
[2019-06-24T10:12:38.400+0000][1][safepoint    ] Entering safepoint region: Deoptimize
[2019-06-24T10:12:38.401+0000][1][safepoint    ] Leaving safepoint region
[2019-06-24T10:12:38.401+0000][1][safepoint    ] Total time for which application threads were stopped: 0.0002234 seconds, Stopping threads took: 0.0000152 seconds
[2019-06-24T10:12:38.401+0000][1][safepoint    ] Application time: 0.0001175 seconds
[2019-06-24T10:12:38.401+0000][1][safepoint    ] Entering safepoint region: Deoptimize
[2019-06-24T10:12:38.401+0000][1][safepoint    ] Leaving safepoint region
[2019-06-24T10:12:38.401+0000][1][safepoint    ] Total time for which application threads were stopped: 0.0001600 seconds, Stopping threads took: 0.0000095 seconds
[2019-06-24T10:12:38.425+0000][1][safepoint    ] Application time: 0.0241489 seconds
[2019-06-24T10:12:38.425+0000][1][safepoint    ] Entering safepoint region: Deoptimize
[2019-06-24T10:12:38.425+0000][1][safepoint    ] Leaving safepoint region
[2019-06-24T10:12:38.425+0000][1][safepoint    ] Total time for which application threads were stopped: 0.0001590 seconds, Stopping threads took: 0.0000097 seconds
[2019-06-24T10:12:38.431+0000][1][safepoint    ] Application time: 0.0052870 seconds
[2019-06-24T10:12:38.431+0000][1][safepoint    ] Entering safepoint region: RevokeBias
[2019-06-24T10:12:38.431+0000][1][safepoint    ] Leaving safepoint region
[2019-06-24T10:12:38.431+0000][1][safepoint    ] Total time for which application threads were stopped: 0.0000765 seconds, Stopping threads took: 0.0000247 seconds
[2019-06-24T10:12:38.431+0000][1][safepoint    ] Application time: 0.0002153 seconds
[2019-06-24T10:12:38.431+0000][1][safepoint    ] Entering safepoint region: RevokeBias
[2019-06-24T10:12:38.431+0000][1][safepoint    ] Leaving safepoint region
[2019-06-24T10:12:38.431+0000][1][safepoint    ] Total time for which application threads were stopped: 0.0000572 seconds, Stopping threads took: 0.0000210 seconds
[2019-06-24T10:12:38.431+0000][1][safepoint    ] Application time: 0.0001226 seconds
[2019-06-24T10:12:38.431+0000][1][safepoint    ] Entering safepoint region: RevokeBias
[2019-06-24T10:12:38.431+0000][1][safepoint    ] Leaving safepoint region
[2019-06-24T10:12:38.431+0000][1][safepoint    ] Total time for which application threads were stopped: 0.0000586 seconds, Stopping threads took: 0.0000252 seconds
[2019-06-24T10:12:38.431+0000][1][safepoint    ] Application time: 0.0001009 seconds
[2019-06-24T10:12:38.431+0000][1][safepoint    ] Entering safepoint region: RevokeBias
[2019-06-24T10:12:38.431+0000][1][safepoint    ] Leaving safepoint region
[2019-06-24T10:12:38.431+0000][1][safepoint    ] Total time for which application threads were stopped: 0.0000519 seconds, Stopping threads took: 0.0000199 seconds
[2019-06-24T10:12:38.432+0000][1][safepoint    ] Application time: 0.0001638 seconds
[2019-06-24T10:12:38.432+0000][1][safepoint    ] Entering safepoint region: RevokeBias
[2019-06-24T10:12:38.432+0000][1][safepoint    ] Leaving safepoint region
[2019-06-24T10:12:38.432+0000][1][safepoint    ] Total time for which application threads were stopped: 0.0000529 seconds, Stopping threads took: 0.0000203 seconds
[2019-06-24T10:12:38.433+0000][1][safepoint    ] Application time: 0.0013357 seconds
[2019-06-24T10:12:38.433+0000][1][safepoint    ] Entering safepoint region: RevokeBias
[2019-06-24T10:12:38.433+0000][1][safepoint    ] Leaving safepoint region
[2019-06-24T10:12:38.433+0000][1][safepoint    ] Total time for which application threads were stopped: 0.0000303 seconds, Stopping threads took: 0.0000086 seconds
[2019-06-24T10:12:38.438+0000][1][safepoint    ] Application time: 0.0051446 seconds
[2019-06-24T10:12:38.438+0000][1][safepoint    ] Entering safepoint region: Deoptimize
[2019-06-24T10:12:38.438+0000][1][safepoint    ] Leaving safepoint region
[2019-06-24T10:12:38.438+0000][1][safepoint    ] Total time for which application threads were stopped: 0.0001530 seconds, Stopping threads took: 0.0000096 seconds
[2019-06-24T10:12:38.544+0000][1][safepoint    ] Application time: 0.1059126 seconds
[2019-06-24T10:12:38.544+0000][1][safepoint    ] Entering safepoint region: GenCollectForAllocation
[2019-06-24T10:12:38.544+0000][1][gc,start     ] GC(0) Pause Young (Allocation Failure)
[2019-06-24T10:12:38.545+0000][1][gc,task      ] GC(0) Using 5 workers of 8 for evacuation
[2019-06-24T10:12:38.556+0000][1][gc,age       ] GC(0) Desired survivor size 4456448 bytes, new threshold 1 (max threshold 6)
[2019-06-24T10:12:38.556+0000][1][gc,age       ] GC(0) Age table with threshold 1 (max threshold 6)
[2019-06-24T10:12:38.556+0000][1][gc,age       ] GC(0) - age   1:    8080624 bytes,    8080624 total
[2019-06-24T10:12:38.556+0000][1][gc,heap      ] GC(0) ParNew: 69952K->7996K(78656K)
[2019-06-24T10:12:38.556+0000][1][gc,heap      ] GC(0) CMS: 0K->0K(174784K)
[2019-06-24T10:12:38.556+0000][1][gc,metaspace ] GC(0) Metaspace: 12041K->12041K(1060864K)
[2019-06-24T10:12:38.556+0000][1][gc           ] GC(0) Pause Young (Allocation Failure) 68M->7M(247M) 11.353ms
[2019-06-24T10:12:38.556+0000][1][gc,cpu       ] GC(0) User=0.07s Sys=0.00s Real=0.01s
[2019-06-24T10:12:38.556+0000][1][safepoint    ] Leaving safepoint region
[2019-06-24T10:12:38.556+0000][1][safepoint    ] Total time for which application threads were stopped: 0.0114813 seconds, Stopping threads took: 0.0000125 seconds
[2019-06-24T10:12:38.557+0000][1][safepoint    ] Application time: 0.0006936 seconds
[2019-06-24T10:12:38.557+0000][1][safepoint    ] Entering safepoint region: RevokeBias
[2019-06-24T10:12:38.557+0000][1][safepoint    ] Leaving safepoint region
[2019-06-24T10:12:38.557+0000][1][safepoint    ] Total time for which application threads were stopped: 0.0001429 seconds, Stopping threads took: 0.0000564 seconds
[2019-06-24T10:12:38.557+0000][1][safepoint    ] Application time: 0.0001196 seconds
[2019-06-24T10:12:38.557+0000][1][safepoint    ] Entering safepoint region: RevokeBias
[2019-06-24T10:12:38.557+0000][1][safepoint    ] Leaving safepoint region
[2019-06-24T10:12:38.557+0000][1][safepoint    ] Total time for which application threads were stopped: 0.0000664 seconds, Stopping threads took: 0.0000279 seconds
[2019-06-24T10:12:38.557+0000][1][safepoint    ] Application time: 0.0001072 seconds
[2019-06-24T10:12:38.557+0000][1][safepoint    ] Entering safepoint region: RevokeBias
[2019-06-24T10:12:38.557+0000][1][safepoint    ] Leaving safepoint region
[2019-06-24T10:12:38.557+0000][1][safepoint    ] Total time for which application threads were stopped: 0.0000834 seconds, Stopping threads took: 0.0000412 seconds
[2019-06-24T10:12:38.557+0000][1][safepoint    ] Application time: 0.0000849 seconds
[2019-06-24T10:12:38.557+0000][1][safepoint    ] Entering safepoint region: RevokeBias
[2019-06-24T10:12:38.557+0000][1][safepoint    ] Leaving safepoint region
[2019-06-24T10:12:38.557+0000][1][safepoint    ] Total time for which application threads were stopped: 0.0000755 seconds, Stopping threads took: 0.0000374 seconds
[2019-06-24T10:12:38.557+0000][1][safepoint    ] Application time: 0.0001031 seconds
[2019-06-24T10:12:38.557+0000][1][safepoint    ] Entering safepoint region: RevokeBias
[2019-06-24T10:12:38.558+0000][1][safepoint    ] Leaving safepoint region
[2019-06-24T10:12:38.558+0000][1][safepoint    ] Total time for which application threads were stopped: 0.0000666 seconds, Stopping threads took: 0.0000374 seconds
[2019-06-24T10:12:38.558+0000][1][safepoint    ] Application time: 0.0000471 seconds
[2019-06-24T10:12:38.558+0000][1][safepoint    ] Entering safepoint region: RevokeBias
[2019-06-24T10:12:38.558+0000][1][safepoint    ] Leaving safepoint region
[2019-06-24T10:12:38.558+0000][1][safepoint    ] Total time for which application threads were stopped: 0.0000645 seconds, Stopping threads took: 0.0000424 seconds
[2019-06-24T10:12:38.558+0000][1][safepoint    ] Application time: 0.0000841 seconds
[2019-06-24T10:12:38.558+0000][1][safepoint    ] Entering safepoint region: RevokeBias
[2019-06-24T10:12:38.558+0000][1][safepoint    ] Leaving safepoint region
[2019-06-24T10:12:38.558+0000][1][safepoint    ] Total time for which application threads were stopped: 0.0000549 seconds, Stopping threads took: 0.0000237 seconds
[2019-06-24T10:12:38.558+0000][1][safepoint    ] Application time: 0.0000437 seconds
[2019-06-24T10:12:38.558+0000][1][safepoint    ] Entering safepoint region: RevokeBias
[2019-06-24T10:12:38.558+0000][1][safepoint    ] Leaving safepoint region
[2019-06-24T10:12:38.558+0000][1][safepoint    ] Total time for which application threads were stopped: 0.0000680 seconds, Stopping threads took: 0.0000386 seconds
[2019-06-24T10:12:38.558+0000][1][safepoint    ] Application time: 0.0000824 seconds
[2019-06-24T10:12:38.558+0000][1][safepoint    ] Entering safepoint region: RevokeBias
[2019-06-24T10:12:38.558+0000][1][safepoint    ] Leaving safepoint region
[2019-06-24T10:12:38.558+0000][1][safepoint    ] Total time for which application threads were stopped: 0.0000584 seconds, Stopping threads took: 0.0000322 seconds
[2019-06-24T10:12:38.558+0000][1][safepoint    ] Application time: 0.0000442 seconds
[2019-06-24T10:12:38.558+0000][1][safepoint    ] Entering safepoint region: RevokeBias
[2019-06-24T10:12:38.558+0000][1][safepoint    ] Leaving safepoint region
[2019-06-24T10:12:38.558+0000][1][safepoint    ] Total time for which application threads were stopped: 0.0000611 seconds, Stopping threads took: 0.0000315 seconds
[2019-06-24T10:12:38.558+0000][1][safepoint    ] Application time: 0.0000484 seconds
[2019-06-24T10:12:38.558+0000][1][safepoint    ] Entering safepoint region: RevokeBias
[2019-06-24T10:12:38.558+0000][1][safepoint    ] Leaving safepoint region
[2019-06-24T10:12:38.558+0000][1][safepoint    ] Total time for which application threads were stopped: 0.0000744 seconds, Stopping threads took: 0.0000484 seconds
[2019-06-24T10:12:38.558+0000][1][safepoint    ] Application time: 0.0000386 seconds
[2019-06-24T10:12:38.558+0000][1][safepoint    ] Entering safepoint region: RevokeBias
[2019-06-24T10:12:38.559+0000][1][safepoint    ] Leaving safepoint region
[2019-06-24T10:12:38.559+0000][1][safepoint    ] Total time for which application threads were stopped: 0.0000991 seconds, Stopping threads took: 0.0000315 seconds
[2019-06-24T10:12:38.559+0000][1][safepoint    ] Application time: 0.0000483 seconds
[2019-06-24T10:12:38.559+0000][1][safepoint    ] Entering safepoint region: RevokeBias
[2019-06-24T10:12:38.559+0000][1][safepoint    ] Leaving safepoint region
[2019-06-24T10:12:38.559+0000][1][safepoint    ] Total time for which application threads were stopped: 0.0000780 seconds, Stopping threads took: 0.0000525 seconds
[2019-06-24T10:12:38.559+0000][1][safepoint    ] Application time: 0.0000424 seconds
[2019-06-24T10:12:38.559+0000][1][safepoint    ] Entering safepoint region: RevokeBias
[2019-06-24T10:12:38.559+0000][1][safepoint    ] Leaving safepoint region
[2019-06-24T10:12:38.559+0000][1][safepoint    ] Total time for which application threads were stopped: 0.0000581 seconds, Stopping threads took: 0.0000315 seconds
[2019-06-24T10:12:38.559+0000][1][safepoint    ] Application time: 0.0000888 seconds
[2019-06-24T10:12:38.559+0000][1][safepoint    ] Entering safepoint region: RevokeBias
[2019-06-24T10:12:38.559+0000][1][safepoint    ] Leaving safepoint region
[2019-06-24T10:12:38.559+0000][1][safepoint    ] Total time for which application threads were stopped: 0.0001051 seconds, Stopping threads took: 0.0000736 seconds
[2019-06-24T10:12:38.559+0000][1][safepoint    ] Application time: 0.0000473 seconds
[2019-06-24T10:12:38.559+0000][1][safepoint    ] Entering safepoint region: RevokeBias
[2019-06-24T10:12:38.559+0000][1][safepoint    ] Leaving safepoint region
[2019-06-24T10:12:38.559+0000][1][safepoint    ] Total time for which application threads were stopped: 0.0000312 seconds, Stopping threads took: 0.0000076 seconds
[2019-06-24T10:12:38.559+0000][1][safepoint    ] Application time: 0.0000538 seconds
[2019-06-24T10:12:38.559+0000][1][safepoint    ] Entering safepoint region: RevokeBias
[2019-06-24T10:12:38.559+0000][1][safepoint    ] Leaving safepoint region
[2019-06-24T10:12:38.559+0000][1][safepoint    ] Total time for which application threads were stopped: 0.0000750 seconds, Stopping threads took: 0.0000487 seconds
[2019-06-24T10:12:38.559+0000][1][safepoint    ] Application time: 0.0000409 seconds
[2019-06-24T10:12:38.559+0000][1][safepoint    ] Entering safepoint region: RevokeBias
[2019-06-24T10:12:38.559+0000][1][safepoint    ] Leaving safepoint region
[2019-06-24T10:12:38.559+0000][1][safepoint    ] Total time for which application threads were stopped: 0.0000818 seconds, Stopping threads took: 0.0000525 seconds
[2019-06-24T10:12:38.559+0000][1][safepoint    ] Application time: 0.0000602 seconds
[2019-06-24T10:12:38.559+0000][1][safepoint    ] Entering safepoint region: RevokeBias
[2019-06-24T10:12:38.560+0000][1][safepoint    ] Leaving safepoint region
[2019-06-24T10:12:38.560+0000][1][safepoint    ] Total time for which application threads were stopped: 0.0000750 seconds, Stopping threads took: 0.0000498 seconds
[2019-06-24T10:12:38.560+0000][1][safepoint    ] Application time: 0.0000507 seconds
[2019-06-24T10:12:38.560+0000][1][safepoint    ] Entering safepoint region: RevokeBias
[2019-06-24T10:12:38.560+0000][1][safepoint    ] Leaving safepoint region
[2019-06-24T10:12:38.560+0000][1][safepoint    ] Total time for which application threads were stopped: 0.0000772 seconds, Stopping threads took: 0.0000493 seconds
[2019-06-24T10:12:38.560+0000][1][safepoint    ] Application time: 0.0000995 seconds
[2019-06-24T10:12:38.560+0000][1][safepoint    ] Entering safepoint region: RevokeBias
[2019-06-24T10:12:38.560+0000][1][safepoint    ] Leaving safepoint region
[2019-06-24T10:12:38.560+0000][1][safepoint    ] Total time for which application threads were stopped: 0.0000343 seconds, Stopping threads took: 0.0000074 seconds
[2019-06-24T10:12:38.560+0000][1][safepoint    ] Application time: 0.0000440 seconds
[2019-06-24T10:12:38.560+0000][1][safepoint    ] Entering safepoint region: RevokeBias
[2019-06-24T10:12:38.560+0000][1][safepoint    ] Leaving safepoint region
[2019-06-24T10:12:38.560+0000][1][safepoint    ] Total time for which application threads were stopped: 0.0000367 seconds, Stopping threads took: 0.0000093 seconds
[2019-06-24T10:12:38.560+0000][1][safepoint    ] Application time: 0.0000634 seconds
[2019-06-24T10:12:38.560+0000][1][safepoint    ] Entering safepoint region: RevokeBias
[2019-06-24T10:12:38.560+0000][1][safepoint    ] Leaving safepoint region
[2019-06-24T10:12:38.560+0000][1][safepoint    ] Total time for which application threads were stopped: 0.0001103 seconds, Stopping threads took: 0.0000620 seconds
[2019-06-24T10:12:38.560+0000][1][safepoint    ] Application time: 0.0000618 seconds
[2019-06-24T10:12:38.560+0000][1][safepoint    ] Entering safepoint region: RevokeBias
[2019-06-24T10:12:38.560+0000][1][safepoint    ] Leaving safepoint region
[2019-06-24T10:12:38.560+0000][1][safepoint    ] Total time for which application threads were stopped: 0.0000701 seconds, Stopping threads took: 0.0000308 seconds
[2019-06-24T10:12:38.560+0000][1][safepoint    ] Application time: 0.0000953 seconds
[2019-06-24T10:12:38.560+0000][1][safepoint    ] Entering safepoint region: RevokeBias
[2019-06-24T10:12:38.560+0000][1][safepoint    ] Leaving safepoint region
[2019-06-24T10:12:38.560+0000][1][safepoint    ] Total time for which application threads were stopped: 0.0000876 seconds, Stopping threads took: 0.0000467 seconds
[2019-06-24T10:12:38.561+0000][1][safepoint    ] Application time: 0.0000542 seconds
[2019-06-24T10:12:38.561+0000][1][safepoint    ] Entering safepoint region: RevokeBias
[2019-06-24T10:12:38.561+0000][1][safepoint    ] Leaving safepoint region
[2019-06-24T10:12:38.561+0000][1][safepoint    ] Total time for which application threads were stopped: 0.0000775 seconds, Stopping threads took: 0.0000316 seconds
[2019-06-24T10:12:38.902+0000][1][safepoint    ] Application time: 0.3413403 seconds
[2019-06-24T10:12:38.902+0000][1][safepoint    ] Entering safepoint region: RevokeBias
[2019-06-24T10:12:38.902+0000][1][safepoint    ] Leaving safepoint region
[2019-06-24T10:12:38.902+0000][1][safepoint    ] Total time for which application threads were stopped: 0.0002149 seconds, Stopping threads took: 0.0000589 seconds
[2019-06-24T10:12:38.976+0000][1][safepoint    ] Application time: 0.0738234 seconds
[2019-06-24T10:12:38.976+0000][1][safepoint    ] Entering safepoint region: RevokeBias
[2019-06-24T10:12:38.976+0000][1][safepoint    ] Leaving safepoint region
[2019-06-24T10:12:38.976+0000][1][safepoint    ] Total time for which application threads were stopped: 0.0000784 seconds, Stopping threads took: 0.0000120 seconds
[2019-06-24T10:12:38.980+0000][1][safepoint    ] Application time: 0.0034404 seconds
[2019-06-24T10:12:38.980+0000][1][safepoint    ] Entering safepoint region: RevokeBias
[2019-06-24T10:12:38.980+0000][1][safepoint    ] Leaving safepoint region
[2019-06-24T10:12:38.980+0000][1][safepoint    ] Total time for which application threads were stopped: 0.0000574 seconds, Stopping threads took: 0.0000105 seconds
[2019-06-24T10:12:38.982+0000][1][safepoint    ] Application time: 0.0021264 seconds
[2019-06-24T10:12:38.982+0000][1][safepoint    ] Entering safepoint region: RevokeBias
[2019-06-24T10:12:38.982+0000][1][safepoint    ] Leaving safepoint region
[2019-06-24T10:12:38.982+0000][1][safepoint    ] Total time for which application threads were stopped: 0.0000662 seconds, Stopping threads took: 0.0000117 seconds
[2019-06-24T10:12:39.005+0000][1][safepoint    ] Application time: 0.0232735 seconds
[2019-06-24T10:12:39.005+0000][1][safepoint    ] Entering safepoint region: GenCollectForAllocation
[2019-06-24T10:12:39.005+0000][1][gc,start     ] GC(1) Pause Young (Allocation Failure)
[2019-06-24T10:12:39.005+0000][1][gc,task      ] GC(1) Using 5 workers of 8 for evacuation
[2019-06-24T10:12:39.018+0000][1][gc,age       ] GC(1) Desired survivor size 4456448 bytes, new threshold 6 (max threshold 6)
[2019-06-24T10:12:39.018+0000][1][gc,age       ] GC(1) Age table with threshold 6 (max threshold 6)
[2019-06-24T10:12:39.018+0000][1][gc,age       ] GC(1) - age   1:    2465880 bytes,    2465880 total
[2019-06-24T10:12:39.018+0000][1][gc,heap      ] GC(1) ParNew: 77948K->6369K(78656K)
[2019-06-24T10:12:39.018+0000][1][gc,heap      ] GC(1) CMS: 0K->6626K(174784K)
[2019-06-24T10:12:39.018+0000][1][gc,metaspace ] GC(1) Metaspace: 14691K->14691K(1062912K)
[2019-06-24T10:12:39.018+0000][1][gc           ] GC(1) Pause Young (Allocation Failure) 76M->12M(247M) 12.939ms
[2019-06-24T10:12:39.018+0000][1][gc,cpu       ] GC(1) User=0.08s Sys=0.00s Real=0.01s
[2019-06-24T10:12:39.018+0000][1][safepoint    ] Leaving safepoint region
[2019-06-24T10:12:39.018+0000][1][safepoint    ] Total time for which application threads were stopped: 0.0130457 seconds, Stopping threads took: 0.0000120 seconds
[2019-06-24T10:12:39.019+0000][1][safepoint    ] Application time: 0.0003501 seconds
[2019-06-24T10:12:39.019+0000][1][safepoint    ] Entering safepoint region: RevokeBias
[2019-06-24T10:12:39.019+0000][1][safepoint    ] Leaving safepoint region
[2019-06-24T10:12:39.019+0000][1][safepoint    ] Total time for which application threads were stopped: 0.0001518 seconds, Stopping threads took: 0.0000602 seconds
[2019-06-24T10:12:39.019+0000][1][safepoint    ] Application time: 0.0000528 seconds
[2019-06-24T10:12:39.019+0000][1][safepoint    ] Entering safepoint region: RevokeBias
[2019-06-24T10:12:39.019+0000][1][safepoint    ] Leaving safepoint region
[2019-06-24T10:12:39.019+0000][1][safepoint    ] Total time for which application threads were stopped: 0.0000462 seconds, Stopping threads took: 0.0000094 seconds
[2019-06-24T10:12:39.019+0000][1][safepoint    ] Application time: 0.0001460 seconds
[2019-06-24T10:12:39.019+0000][1][safepoint    ] Entering safepoint region: RevokeBias
[2019-06-24T10:12:39.019+0000][1][safepoint    ] Leaving safepoint region
[2019-06-24T10:12:39.019+0000][1][safepoint    ] Total time for which application threads were stopped: 0.0001558 seconds, Stopping threads took: 0.0000965 seconds
[2019-06-24T10:12:39.019+0000][1][safepoint    ] Application time: 0.0000545 seconds
[2019-06-24T10:12:39.019+0000][1][safepoint    ] Entering safepoint region: RevokeBias
[2019-06-24T10:12:39.019+0000][1][safepoint    ] Leaving safepoint region
[2019-06-24T10:12:39.019+0000][1][safepoint    ] Total time for which application threads were stopped: 0.0000459 seconds, Stopping threads took: 0.0000098 seconds
[2019-06-24T10:12:39.020+0000][1][safepoint    ] Application time: 0.0000483 seconds
[2019-06-24T10:12:39.020+0000][1][safepoint    ] Entering safepoint region: RevokeBias
[2019-06-24T10:12:39.020+0000][1][safepoint    ] Leaving safepoint region
[2019-06-24T10:12:39.020+0000][1][safepoint    ] Total time for which application threads were stopped: 0.0000434 seconds, Stopping threads took: 0.0000089 seconds
[2019-06-24T10:12:39.020+0000][1][safepoint    ] Application time: 0.0000356 seconds
[2019-06-24T10:12:39.020+0000][1][safepoint    ] Entering safepoint region: RevokeBias
[2019-06-24T10:12:39.020+0000][1][safepoint    ] Leaving safepoint region
[2019-06-24T10:12:39.020+0000][1][safepoint    ] Total time for which application threads were stopped: 0.0000428 seconds, Stopping threads took: 0.0000086 seconds
[2019-06-24T10:12:39.020+0000][1][safepoint    ] Application time: 0.0000545 seconds
[2019-06-24T10:12:39.020+0000][1][safepoint    ] Entering safepoint region: RevokeBias
[2019-06-24T10:12:39.020+0000][1][safepoint    ] Leaving safepoint region
[2019-06-24T10:12:39.020+0000][1][safepoint    ] Total time for which application threads were stopped: 0.0000434 seconds, Stopping threads took: 0.0000089 seconds
[2019-06-24T10:12:39.020+0000][1][safepoint    ] Application time: 0.0000373 seconds
[2019-06-24T10:12:39.020+0000][1][safepoint    ] Entering safepoint region: RevokeBias
[2019-06-24T10:12:39.020+0000][1][safepoint    ] Leaving safepoint region
[2019-06-24T10:12:39.020+0000][1][safepoint    ] Total time for which application threads were stopped: 0.0000714 seconds, Stopping threads took: 0.0000151 seconds
[2019-06-24T10:12:39.020+0000][1][safepoint    ] Application time: 0.0000415 seconds
[2019-06-24T10:12:39.020+0000][1][safepoint    ] Entering safepoint region: RevokeBias
[2019-06-24T10:12:39.020+0000][1][safepoint    ] Leaving safepoint region
[2019-06-24T10:12:39.020+0000][1][safepoint    ] Total time for which application threads were stopped: 0.0000646 seconds, Stopping threads took: 0.0000309 seconds
[2019-06-24T10:12:39.020+0000][1][safepoint    ] Application time: 0.0000376 seconds
[2019-06-24T10:12:39.020+0000][1][safepoint    ] Entering safepoint region: RevokeBias
[2019-06-24T10:12:39.020+0000][1][safepoint    ] Leaving safepoint region
[2019-06-24T10:12:39.020+0000][1][safepoint    ] Total time for which application threads were stopped: 0.0000927 seconds, Stopping threads took: 0.0000544 seconds
[2019-06-24T10:12:39.020+0000][1][safepoint    ] Application time: 0.0000479 seconds
[2019-06-24T10:12:39.020+0000][1][safepoint    ] Entering safepoint region: BulkRevokeBias
[2019-06-24T10:12:39.020+0000][1][safepoint    ] Leaving safepoint region
[2019-06-24T10:12:39.020+0000][1][safepoint    ] Total time for which application threads were stopped: 0.0000947 seconds, Stopping threads took: 0.0000291 seconds
[2019-06-24T10:12:39.020+0000][1][safepoint    ] Application time: 0.0000391 seconds
[2019-06-24T10:12:39.020+0000][1][safepoint    ] Entering safepoint region: RevokeBias
[2019-06-24T10:12:39.020+0000][1][safepoint    ] Leaving safepoint region
[2019-06-24T10:12:39.020+0000][1][safepoint    ] Total time for which application threads were stopped: 0.0000790 seconds, Stopping threads took: 0.0000430 seconds
[2019-06-24T10:12:39.021+0000][1][safepoint    ] Application time: 0.0000410 seconds
[2019-06-24T10:12:39.021+0000][1][safepoint    ] Entering safepoint region: BulkRevokeBias
[2019-06-24T10:12:39.021+0000][1][safepoint    ] Leaving safepoint region
[2019-06-24T10:12:39.021+0000][1][safepoint    ] Total time for which application threads were stopped: 0.0000622 seconds, Stopping threads took: 0.0000091 seconds
[2019-06-24T10:12:39.162+0000][1][safepoint    ] Application time: 0.1415353 seconds
[2019-06-24T10:12:39.162+0000][1][safepoint    ] Entering safepoint region: GenCollectForAllocation
[2019-06-24T10:12:39.162+0000][1][gc,start     ] GC(2) Pause Young (Allocation Failure)
[2019-06-24T10:12:39.162+0000][1][gc,task      ] GC(2) Using 5 workers of 8 for evacuation
[2019-06-24T10:12:39.166+0000][1][gc,age       ] GC(2) Desired survivor size 4456448 bytes, new threshold 6 (max threshold 6)
[2019-06-24T10:12:39.166+0000][1][gc,age       ] GC(2) Age table with threshold 6 (max threshold 6)
[2019-06-24T10:12:39.166+0000][1][gc,age       ] GC(2) - age   1:    2839792 bytes,    2839792 total
[2019-06-24T10:12:39.166+0000][1][gc,age       ] GC(2) - age   2:    1196168 bytes,    4035960 total
[2019-06-24T10:12:39.166+0000][1][gc,heap      ] GC(2) ParNew: 76321K->4629K(78656K)
[2019-06-24T10:12:39.166+0000][1][gc,heap      ] GC(2) CMS: 6626K->6626K(174784K)
[2019-06-24T10:12:39.166+0000][1][gc,metaspace ] GC(2) Metaspace: 14841K->14841K(1062912K)
[2019-06-24T10:12:39.166+0000][1][gc           ] GC(2) Pause Young (Allocation Failure) 81M->10M(247M) 3.499ms
[2019-06-24T10:12:39.166+0000][1][gc,cpu       ] GC(2) User=0.02s Sys=0.00s Real=0.01s
[2019-06-24T10:12:39.166+0000][1][safepoint    ] Leaving safepoint region
[2019-06-24T10:12:39.166+0000][1][safepoint    ] Total time for which application threads were stopped: 0.0037258 seconds, Stopping threads took: 0.0000647 seconds
[2019-06-24T10:12:39.166+0000][1][safepoint    ] Application time: 0.0001889 seconds
[2019-06-24T10:12:39.166+0000][1][safepoint    ] Entering safepoint region: RevokeBias
[2019-06-24T10:12:39.166+0000][1][safepoint    ] Leaving safepoint region
[2019-06-24T10:12:39.166+0000][1][safepoint    ] Total time for which application threads were stopped: 0.0001267 seconds, Stopping threads took: 0.0000627 seconds
[2019-06-24T10:12:39.166+0000][1][safepoint    ] Application time: 0.0000461 seconds
[2019-06-24T10:12:39.166+0000][1][safepoint    ] Entering safepoint region: RevokeBias
[2019-06-24T10:12:39.166+0000][1][safepoint    ] Leaving safepoint region
[2019-06-24T10:12:39.166+0000][1][safepoint    ] Total time for which application threads were stopped: 0.0000887 seconds, Stopping threads took: 0.0000496 seconds
[2019-06-24T10:12:39.167+0000][1][safepoint    ] Application time: 0.0001006 seconds
[2019-06-24T10:12:39.167+0000][1][safepoint    ] Entering safepoint region: RevokeBias
[2019-06-24T10:12:39.167+0000][1][safepoint    ] Leaving safepoint region
[2019-06-24T10:12:39.167+0000][1][safepoint    ] Total time for which application threads were stopped: 0.0000741 seconds, Stopping threads took: 0.0000327 seconds
[2019-06-24T10:12:39.167+0000][1][safepoint    ] Application time: 0.0000762 seconds
[2019-06-24T10:12:39.167+0000][1][safepoint    ] Entering safepoint region: RevokeBias
[2019-06-24T10:12:39.167+0000][1][safepoint    ] Leaving safepoint region
[2019-06-24T10:12:39.167+0000][1][safepoint    ] Total time for which application threads were stopped: 0.0000606 seconds, Stopping threads took: 0.0000302 seconds
[2019-06-24T10:12:39.167+0000][1][safepoint    ] Application time: 0.0000686 seconds
[2019-06-24T10:12:39.167+0000][1][safepoint    ] Entering safepoint region: RevokeBias
[2019-06-24T10:12:39.167+0000][1][safepoint    ] Leaving safepoint region
[2019-06-24T10:12:39.167+0000][1][safepoint    ] Total time for which application threads were stopped: 0.0000748 seconds, Stopping threads took: 0.0000405 seconds
[2019-06-24T10:12:39.167+0000][1][safepoint    ] Application time: 0.0000374 seconds
[2019-06-24T10:12:39.167+0000][1][safepoint    ] Entering safepoint region: RevokeBias
[2019-06-24T10:12:39.167+0000][1][safepoint    ] Leaving safepoint region
[2019-06-24T10:12:39.167+0000][1][safepoint    ] Total time for which application threads were stopped: 0.0000546 seconds, Stopping threads took: 0.0000288 seconds
[2019-06-24T10:12:39.287+0000][1][safepoint    ] Application time: 0.1202627 seconds
[2019-06-24T10:12:39.287+0000][1][safepoint    ] Entering safepoint region: Deoptimize
[2019-06-24T10:12:39.288+0000][1][safepoint    ] Leaving safepoint region
[2019-06-24T10:12:39.288+0000][1][safepoint    ] Total time for which application threads were stopped: 0.0002767 seconds, Stopping threads took: 0.0000115 seconds
[2019-06-24T10:12:39.288+0000][1][safepoint    ] Application time: 0.0003887 seconds
[2019-06-24T10:12:39.288+0000][1][safepoint    ] Entering safepoint region: Deoptimize
[2019-06-24T10:12:39.288+0000][1][safepoint    ] Leaving safepoint region
[2019-06-24T10:12:39.288+0000][1][safepoint    ] Total time for which application threads were stopped: 0.0001910 seconds, Stopping threads took: 0.0000083 seconds
[2019-06-24T10:12:39.637+0000][1][safepoint    ] Application time: 0.3484545 seconds
[2019-06-24T10:12:39.637+0000][1][safepoint    ] Entering safepoint region: GenCollectForAllocation
[2019-06-24T10:12:39.637+0000][1][gc,start     ] GC(3) Pause Young (Allocation Failure)
[2019-06-24T10:12:39.637+0000][1][gc,task      ] GC(3) Using 5 workers of 8 for evacuation
[2019-06-24T10:12:39.642+0000][1][gc,age       ] GC(3) Desired survivor size 4456448 bytes, new threshold 3 (max threshold 6)
[2019-06-24T10:12:39.642+0000][1][gc,age       ] GC(3) Age table with threshold 3 (max threshold 6)
[2019-06-24T10:12:39.642+0000][1][gc,age       ] GC(3) - age   1:    4104328 bytes,    4104328 total
[2019-06-24T10:12:39.642+0000][1][gc,age       ] GC(3) - age   2:     294064 bytes,    4398392 total
[2019-06-24T10:12:39.642+0000][1][gc,age       ] GC(3) - age   3:    1192760 bytes,    5591152 total
[2019-06-24T10:12:39.642+0000][1][gc,heap      ] GC(3) ParNew: 74581K->7666K(78656K)
[2019-06-24T10:12:39.642+0000][1][gc,heap      ] GC(3) CMS: 6626K->6626K(174784K)
[2019-06-24T10:12:39.642+0000][1][gc,metaspace ] GC(3) Metaspace: 18304K->18304K(1067008K)
[2019-06-24T10:12:39.642+0000][1][gc           ] GC(3) Pause Young (Allocation Failure) 79M->13M(247M) 5.138ms
[2019-06-24T10:12:39.642+0000][1][gc,cpu       ] GC(3) User=0.03s Sys=0.00s Real=0.00s
[2019-06-24T10:12:39.642+0000][1][safepoint    ] Leaving safepoint region
[2019-06-24T10:12:39.642+0000][1][safepoint    ] Total time for which application threads were stopped: 0.0053537 seconds, Stopping threads took: 0.0000161 seconds
[2019-06-24T10:12:39.643+0000][1][safepoint    ] Application time: 0.0012261 seconds
[2019-06-24T10:12:39.644+0000][1][safepoint    ] Entering safepoint region: BulkRevokeBias
[2019-06-24T10:12:39.644+0000][1][safepoint    ] Leaving safepoint region
[2019-06-24T10:12:39.644+0000][1][safepoint    ] Total time for which application threads were stopped: 0.0004606 seconds, Stopping threads took: 0.0001595 seconds
[2019-06-24T10:12:39.644+0000][1][safepoint    ] Application time: 0.0001497 seconds
[2019-06-24T10:12:39.644+0000][1][safepoint    ] Entering safepoint region: RevokeBias
[2019-06-24T10:12:39.644+0000][1][safepoint    ] Leaving safepoint region
[2019-06-24T10:12:39.644+0000][1][safepoint    ] Total time for which application threads were stopped: 0.0002014 seconds, Stopping threads took: 0.0001265 seconds
[2019-06-24T10:12:39.644+0000][1][safepoint    ] Application time: 0.0001276 seconds
[2019-06-24T10:12:39.645+0000][1][safepoint    ] Entering safepoint region: RevokeBias
[2019-06-24T10:12:39.645+0000][1][safepoint    ] Leaving safepoint region
[2019-06-24T10:12:39.645+0000][1][safepoint    ] Total time for which application threads were stopped: 0.0003927 seconds, Stopping threads took: 0.0002991 seconds
[2019-06-24T10:12:39.645+0000][1][safepoint    ] Application time: 0.0000630 seconds
[2019-06-24T10:12:39.645+0000][1][safepoint    ] Entering safepoint region: RevokeBias
[2019-06-24T10:12:39.645+0000][1][safepoint    ] Leaving safepoint region
[2019-06-24T10:12:39.645+0000][1][safepoint    ] Total time for which application threads were stopped: 0.0001099 seconds, Stopping threads took: 0.0000267 seconds
[2019-06-24T10:12:39.645+0000][1][safepoint    ] Application time: 0.0000772 seconds
[2019-06-24T10:12:39.645+0000][1][safepoint    ] Entering safepoint region: RevokeBias
[2019-06-24T10:12:39.645+0000][1][safepoint    ] Leaving safepoint region
[2019-06-24T10:12:39.645+0000][1][safepoint    ] Total time for which application threads were stopped: 0.0001288 seconds, Stopping threads took: 0.0000706 seconds
[2019-06-24T10:12:39.645+0000][1][safepoint    ] Application time: 0.0000489 seconds
[2019-06-24T10:12:39.645+0000][1][safepoint    ] Entering safepoint region: RevokeBias
[2019-06-24T10:12:39.645+0000][1][safepoint    ] Leaving safepoint region
[2019-06-24T10:12:39.645+0000][1][safepoint    ] Total time for which application threads were stopped: 0.0000764 seconds, Stopping threads took: 0.0000294 seconds
[2019-06-24T10:12:39.646+0000][1][safepoint    ] Application time: 0.0000794 seconds
[2019-06-24T10:12:39.646+0000][1][safepoint    ] Entering safepoint region: RevokeBias
[2019-06-24T10:12:39.646+0000][1][safepoint    ] Leaving safepoint region
[2019-06-24T10:12:39.646+0000][1][safepoint    ] Total time for which application threads were stopped: 0.0001481 seconds, Stopping threads took: 0.0000674 seconds
[2019-06-24T10:12:39.646+0000][1][safepoint    ] Application time: 0.0000533 seconds
[2019-06-24T10:12:39.646+0000][1][safepoint    ] Entering safepoint region: RevokeBias
[2019-06-24T10:12:39.646+0000][1][safepoint    ] Leaving safepoint region
[2019-06-24T10:12:39.646+0000][1][safepoint    ] Total time for which application threads were stopped: 0.0000687 seconds, Stopping threads took: 0.0000111 seconds
[2019-06-24T10:12:39.646+0000][1][safepoint    ] Application time: 0.0000683 seconds
[2019-06-24T10:12:39.646+0000][1][safepoint    ] Entering safepoint region: RevokeBias
[2019-06-24T10:12:39.646+0000][1][safepoint    ] Leaving safepoint region
[2019-06-24T10:12:39.646+0000][1][safepoint    ] Total time for which application threads were stopped: 0.0000909 seconds, Stopping threads took: 0.0000418 seconds
[2019-06-24T10:12:39.646+0000][1][safepoint    ] Application time: 0.0000466 seconds
[2019-06-24T10:12:39.646+0000][1][safepoint    ] Entering safepoint region: RevokeBias
[2019-06-24T10:12:39.646+0000][1][safepoint    ] Leaving safepoint region
[2019-06-24T10:12:39.646+0000][1][safepoint    ] Total time for which application threads were stopped: 0.0000633 seconds, Stopping threads took: 0.0000284 seconds
[2019-06-24T10:12:39.646+0000][1][safepoint    ] Application time: 0.0000558 seconds
[2019-06-24T10:12:39.646+0000][1][safepoint    ] Entering safepoint region: RevokeBias
[2019-06-24T10:12:39.646+0000][1][safepoint    ] Leaving safepoint region
[2019-06-24T10:12:39.646+0000][1][safepoint    ] Total time for which application threads were stopped: 0.0000975 seconds, Stopping threads took: 0.0000444 seconds
[2019-06-24T10:12:39.646+0000][1][safepoint    ] Application time: 0.0000450 seconds
[2019-06-24T10:12:39.646+0000][1][safepoint    ] Entering safepoint region: RevokeBias
[2019-06-24T10:12:39.646+0000][1][safepoint    ] Leaving safepoint region
[2019-06-24T10:12:39.646+0000][1][safepoint    ] Total time for which application threads were stopped: 0.0000779 seconds, Stopping threads took: 0.0000421 seconds
[2019-06-24T10:12:39.647+0000][1][safepoint    ] Application time: 0.0001238 seconds
[2019-06-24T10:12:39.647+0000][1][safepoint    ] Entering safepoint region: RevokeBias
[2019-06-24T10:12:39.647+0000][1][safepoint    ] Leaving safepoint region
[2019-06-24T10:12:39.647+0000][1][safepoint    ] Total time for which application threads were stopped: 0.0001313 seconds, Stopping threads took: 0.0000876 seconds
[2019-06-24T10:12:39.647+0000][1][safepoint    ] Application time: 0.0000668 seconds
[2019-06-24T10:12:39.647+0000][1][safepoint    ] Entering safepoint region: RevokeBias
[2019-06-24T10:12:39.647+0000][1][safepoint    ] Leaving safepoint region
[2019-06-24T10:12:39.647+0000][1][safepoint    ] Total time for which application threads were stopped: 0.0003159 seconds, Stopping threads took: 0.0002590 seconds
[2019-06-24T10:12:39.647+0000][1][safepoint    ] Application time: 0.0002221 seconds
[2019-06-24T10:12:39.647+0000][1][safepoint    ] Entering safepoint region: RevokeBias
[2019-06-24T10:12:39.648+0000][1][safepoint    ] Leaving safepoint region
[2019-06-24T10:12:39.648+0000][1][safepoint    ] Total time for which application threads were stopped: 0.0000972 seconds, Stopping threads took: 0.0000551 seconds
[2019-06-24T10:12:39.648+0000][1][safepoint    ] Application time: 0.0000968 seconds
[2019-06-24T10:12:39.648+0000][1][safepoint    ] Entering safepoint region: RevokeBias
[2019-06-24T10:12:39.648+0000][1][safepoint    ] Leaving safepoint region
[2019-06-24T10:12:39.648+0000][1][safepoint    ] Total time for which application threads were stopped: 0.0001380 seconds, Stopping threads took: 0.0000970 seconds
[2019-06-24T10:12:39.648+0000][1][safepoint    ] Application time: 0.0000706 seconds
[2019-06-24T10:12:39.648+0000][1][safepoint    ] Entering safepoint region: RevokeBias
[2019-06-24T10:12:39.648+0000][1][safepoint    ] Leaving safepoint region
[2019-06-24T10:12:39.648+0000][1][safepoint    ] Total time for which application threads were stopped: 0.0000631 seconds, Stopping threads took: 0.0000282 seconds
[2019-06-24T10:12:39.648+0000][1][safepoint    ] Application time: 0.0000937 seconds
[2019-06-24T10:12:39.648+0000][1][safepoint    ] Entering safepoint region: RevokeBias
[2019-06-24T10:12:39.648+0000][1][safepoint    ] Leaving safepoint region
[2019-06-24T10:12:39.648+0000][1][safepoint    ] Total time for which application threads were stopped: 0.0000808 seconds, Stopping threads took: 0.0000370 seconds
[2019-06-24T10:12:39.648+0000][1][safepoint    ] Application time: 0.0000847 seconds
[2019-06-24T10:12:39.648+0000][1][safepoint    ] Entering safepoint region: RevokeBias
[2019-06-24T10:12:39.648+0000][1][safepoint    ] Leaving safepoint region
[2019-06-24T10:12:39.648+0000][1][safepoint    ] Total time for which application threads were stopped: 0.0000764 seconds, Stopping threads took: 0.0000314 seconds
[2019-06-24T10:12:39.649+0000][1][safepoint    ] Application time: 0.0002020 seconds
[2019-06-24T10:12:39.649+0000][1][safepoint    ] Entering safepoint region: RevokeBias
[2019-06-24T10:12:39.649+0000][1][safepoint    ] Leaving safepoint region
[2019-06-24T10:12:39.649+0000][1][safepoint    ] Total time for which application threads were stopped: 0.0000944 seconds, Stopping threads took: 0.0000563 seconds
[2019-06-24T10:12:39.649+0000][1][safepoint    ] Application time: 0.0000455 seconds
[2019-06-24T10:12:39.649+0000][1][safepoint    ] Entering safepoint region: RevokeBias
[2019-06-24T10:12:39.649+0000][1][safepoint    ] Leaving safepoint region
[2019-06-24T10:12:39.649+0000][1][safepoint    ] Total time for which application threads were stopped: 0.0000937 seconds, Stopping threads took: 0.0000530 seconds
[2019-06-24T10:12:39.778+0000][1][safepoint    ] Application time: 0.1294428 seconds
[2019-06-24T10:12:39.778+0000][1][safepoint    ] Entering safepoint region: GenCollectForAllocation
[2019-06-24T10:12:39.779+0000][1][gc,start     ] GC(4) Pause Young (Allocation Failure)
[2019-06-24T10:12:39.779+0000][1][gc,task      ] GC(4) Using 5 workers of 8 for evacuation
[2019-06-24T10:12:39.786+0000][1][gc,age       ] GC(4) Desired survivor size 4456448 bytes, new threshold 2 (max threshold 6)
[2019-06-24T10:12:39.786+0000][1][gc,age       ] GC(4) Age table with threshold 2 (max threshold 6)
[2019-06-24T10:12:39.786+0000][1][gc,age       ] GC(4) - age   1:    1942392 bytes,    1942392 total
[2019-06-24T10:12:39.786+0000][1][gc,age       ] GC(4) - age   2:    3329224 bytes,    5271616 total
[2019-06-24T10:12:39.786+0000][1][gc,age       ] GC(4) - age   3:     293560 bytes,    5565176 total
[2019-06-24T10:12:39.786+0000][1][gc,heap      ] GC(4) ParNew: 77618K->7874K(78656K)
[2019-06-24T10:12:39.786+0000][1][gc,heap      ] GC(4) CMS: 6626K->7808K(174784K)
[2019-06-24T10:12:39.786+0000][1][gc,metaspace ] GC(4) Metaspace: 18518K->18518K(1067008K)
[2019-06-24T10:12:39.786+0000][1][gc           ] GC(4) Pause Young (Allocation Failure) 82M->15M(247M) 7.236ms
[2019-06-24T10:12:39.786+0000][1][gc,cpu       ] GC(4) User=0.05s Sys=0.00s Real=0.01s
[2019-06-24T10:12:39.786+0000][1][safepoint    ] Leaving safepoint region
[2019-06-24T10:12:39.786+0000][1][safepoint    ] Total time for which application threads were stopped: 0.0074548 seconds, Stopping threads took: 0.0000510 seconds
[2019-06-24T10:12:39.786+0000][1][safepoint    ] Application time: 0.0001850 seconds
[2019-06-24T10:12:39.786+0000][1][safepoint    ] Entering safepoint region: RevokeBias
[2019-06-24T10:12:39.786+0000][1][safepoint    ] Leaving safepoint region
[2019-06-24T10:12:39.786+0000][1][safepoint    ] Total time for which application threads were stopped: 0.0001728 seconds, Stopping threads took: 0.0001098 seconds
[2019-06-24T10:12:39.786+0000][1][safepoint    ] Application time: 0.0000525 seconds
[2019-06-24T10:12:39.786+0000][1][safepoint    ] Entering safepoint region: RevokeBias
[2019-06-24T10:12:39.786+0000][1][safepoint    ] Leaving safepoint region
[2019-06-24T10:12:39.786+0000][1][safepoint    ] Total time for which application threads were stopped: 0.0001606 seconds, Stopping threads took: 0.0001163 seconds
[2019-06-24T10:12:39.786+0000][1][safepoint    ] Application time: 0.0000521 seconds
[2019-06-24T10:12:39.787+0000][1][safepoint    ] Entering safepoint region: RevokeBias
[2019-06-24T10:12:39.787+0000][1][safepoint    ] Leaving safepoint region
[2019-06-24T10:12:39.787+0000][1][safepoint    ] Total time for which application threads were stopped: 0.0001461 seconds, Stopping threads took: 0.0001076 seconds
[2019-06-24T10:12:39.787+0000][1][safepoint    ] Application time: 0.0000429 seconds
[2019-06-24T10:12:39.787+0000][1][safepoint    ] Entering safepoint region: RevokeBias
[2019-06-24T10:12:39.787+0000][1][safepoint    ] Leaving safepoint region
[2019-06-24T10:12:39.787+0000][1][safepoint    ] Total time for which application threads were stopped: 0.0000432 seconds, Stopping threads took: 0.0000076 seconds
[2019-06-24T10:12:39.809+0000][1][safepoint    ] Application time: 0.0225303 seconds
[2019-06-24T10:12:39.809+0000][1][safepoint    ] Entering safepoint region: Deoptimize
[2019-06-24T10:12:39.810+0000][1][safepoint    ] Leaving safepoint region
[2019-06-24T10:12:39.810+0000][1][safepoint    ] Total time for which application threads were stopped: 0.0008161 seconds, Stopping threads took: 0.0000250 seconds
[2019-06-24T10:12:39.862+0000][1][safepoint    ] Application time: 0.0517921 seconds
[2019-06-24T10:12:39.862+0000][1][safepoint    ] Entering safepoint region: Deoptimize
[2019-06-24T10:12:39.862+0000][1][safepoint    ] Leaving safepoint region
[2019-06-24T10:12:39.862+0000][1][safepoint    ] Total time for which application threads were stopped: 0.0004010 seconds, Stopping threads took: 0.0000176 seconds
[2019-06-24T10:12:39.869+0000][1][safepoint    ] Application time: 0.0062610 seconds
[2019-06-24T10:12:39.869+0000][1][safepoint    ] Entering safepoint region: RevokeBias
[2019-06-24T10:12:39.869+0000][1][safepoint    ] Leaving safepoint region
[2019-06-24T10:12:39.869+0000][1][safepoint    ] Total time for which application threads were stopped: 0.0000756 seconds, Stopping threads took: 0.0000140 seconds
[2019-06-24T10:12:39.976+0000][1][safepoint    ] Application time: 0.1073553 seconds
[2019-06-24T10:12:39.976+0000][1][safepoint    ] Entering safepoint region: GenCollectForAllocation
[2019-06-24T10:12:39.976+0000][1][gc,start     ] GC(5) Pause Young (Allocation Failure)
[2019-06-24T10:12:39.976+0000][1][gc,task      ] GC(5) Using 5 workers of 8 for evacuation
[2019-06-24T10:12:39.982+0000][1][gc,age       ] GC(5) Desired survivor size 4456448 bytes, new threshold 6 (max threshold 6)
[2019-06-24T10:12:39.982+0000][1][gc,age       ] GC(5) Age table with threshold 6 (max threshold 6)
[2019-06-24T10:12:39.982+0000][1][gc,age       ] GC(5) - age   1:    3319712 bytes,    3319712 total
[2019-06-24T10:12:39.982+0000][1][gc,age       ] GC(5) - age   2:     442952 bytes,    3762664 total
[2019-06-24T10:12:39.982+0000][1][gc,heap      ] GC(5) ParNew: 77826K->6244K(78656K)
[2019-06-24T10:12:39.982+0000][1][gc,heap      ] GC(5) CMS: 7808K->11378K(174784K)
[2019-06-24T10:12:39.982+0000][1][gc,metaspace ] GC(5) Metaspace: 18859K->18859K(1067008K)
[2019-06-24T10:12:39.982+0000][1][gc           ] GC(5) Pause Young (Allocation Failure) 83M->17M(247M) 5.891ms
[2019-06-24T10:12:39.982+0000][1][gc,cpu       ] GC(5) User=0.04s Sys=0.00s Real=0.00s
[2019-06-24T10:12:39.982+0000][1][safepoint    ] Leaving safepoint region
[2019-06-24T10:12:39.982+0000][1][safepoint    ] Total time for which application threads were stopped: 0.0060167 seconds, Stopping threads took: 0.0000136 seconds
[2019-06-24T10:12:39.982+0000][1][safepoint    ] Application time: 0.0001741 seconds
[2019-06-24T10:12:39.982+0000][1][safepoint    ] Entering safepoint region: RevokeBias
[2019-06-24T10:12:39.982+0000][1][safepoint    ] Leaving safepoint region
[2019-06-24T10:12:39.983+0000][1][safepoint    ] Total time for which application threads were stopped: 0.0001408 seconds, Stopping threads took: 0.0000513 seconds
[2019-06-24T10:12:39.983+0000][1][safepoint    ] Application time: 0.0000508 seconds
[2019-06-24T10:12:39.983+0000][1][safepoint    ] Entering safepoint region: RevokeBias
[2019-06-24T10:12:39.983+0000][1][safepoint    ] Leaving safepoint region
[2019-06-24T10:12:39.983+0000][1][safepoint    ] Total time for which application threads were stopped: 0.0000850 seconds, Stopping threads took: 0.0000331 seconds
[2019-06-24T10:12:39.983+0000][1][safepoint    ] Application time: 0.0000537 seconds
[2019-06-24T10:12:39.983+0000][1][safepoint    ] Entering safepoint region: RevokeBias
[2019-06-24T10:12:39.983+0000][1][safepoint    ] Leaving safepoint region
[2019-06-24T10:12:39.983+0000][1][safepoint    ] Total time for which application threads were stopped: 0.0000614 seconds, Stopping threads took: 0.0000320 seconds
[2019-06-24T10:12:39.983+0000][1][safepoint    ] Application time: 0.0000474 seconds
[2019-06-24T10:12:39.983+0000][1][safepoint    ] Entering safepoint region: RevokeBias
[2019-06-24T10:12:39.983+0000][1][safepoint    ] Leaving safepoint region
[2019-06-24T10:12:39.983+0000][1][safepoint    ] Total time for which application threads were stopped: 0.0000613 seconds, Stopping threads took: 0.0000318 seconds
[2019-06-24T10:12:39.983+0000][1][safepoint    ] Application time: 0.0000495 seconds
[2019-06-24T10:12:39.983+0000][1][safepoint    ] Entering safepoint region: RevokeBias
[2019-06-24T10:12:39.983+0000][1][safepoint    ] Leaving safepoint region
[2019-06-24T10:12:39.983+0000][1][safepoint    ] Total time for which application threads were stopped: 0.0000685 seconds, Stopping threads took: 0.0000388 seconds
[2019-06-24T10:12:39.983+0000][1][safepoint    ] Application time: 0.0000439 seconds
[2019-06-24T10:12:39.983+0000][1][safepoint    ] Entering safepoint region: RevokeBias
[2019-06-24T10:12:39.983+0000][1][safepoint    ] Leaving safepoint region
[2019-06-24T10:12:39.983+0000][1][safepoint    ] Total time for which application threads were stopped: 0.0000573 seconds, Stopping threads took: 0.0000302 seconds
[2019-06-24T10:12:40.082+0000][1][safepoint    ] Application time: 0.0988090 seconds
[2019-06-24T10:12:40.082+0000][1][safepoint    ] Entering safepoint region: GenCollectForAllocation
[2019-06-24T10:12:40.082+0000][1][gc,start     ] GC(6) Pause Young (Allocation Failure)
[2019-06-24T10:12:40.082+0000][1][gc,task      ] GC(6) Using 5 workers of 8 for evacuation
[2019-06-24T10:12:40.084+0000][1][gc,age       ] GC(6) Desired survivor size 4456448 bytes, new threshold 3 (max threshold 6)
[2019-06-24T10:12:40.084+0000][1][gc,age       ] GC(6) Age table with threshold 3 (max threshold 6)
[2019-06-24T10:12:40.084+0000][1][gc,age       ] GC(6) - age   1:    1977544 bytes,    1977544 total
[2019-06-24T10:12:40.084+0000][1][gc,age       ] GC(6) - age   2:    2194792 bytes,    4172336 total
[2019-06-24T10:12:40.084+0000][1][gc,age       ] GC(6) - age   3:     442952 bytes,    4615288 total
[2019-06-24T10:12:40.084+0000][1][gc,heap      ] GC(6) ParNew: 76196K->5286K(78656K)
[2019-06-24T10:12:40.084+0000][1][gc,heap      ] GC(6) CMS: 11378K->11378K(174784K)
[2019-06-24T10:12:40.084+0000][1][gc,metaspace ] GC(6) Metaspace: 19167K->19167K(1067008K)
[2019-06-24T10:12:40.084+0000][1][gc           ] GC(6) Pause Young (Allocation Failure) 85M->16M(247M) 2.403ms
[2019-06-24T10:12:40.084+0000][1][gc,cpu       ] GC(6) User=0.02s Sys=0.00s Real=0.01s
[2019-06-24T10:12:40.085+0000][1][safepoint    ] Leaving safepoint region
[2019-06-24T10:12:40.085+0000][1][safepoint    ] Total time for which application threads were stopped: 0.0025061 seconds, Stopping threads took: 0.0000112 seconds
[2019-06-24T10:12:40.085+0000][1][safepoint    ] Application time: 0.0001196 seconds
[2019-06-24T10:12:40.085+0000][1][safepoint    ] Entering safepoint region: RevokeBias
[2019-06-24T10:12:40.085+0000][1][safepoint    ] Leaving safepoint region
[2019-06-24T10:12:40.085+0000][1][safepoint    ] Total time for which application threads were stopped: 0.0000734 seconds, Stopping threads took: 0.0000368 seconds
[2019-06-24T10:12:40.085+0000][1][safepoint    ] Application time: 0.0000389 seconds
[2019-06-24T10:12:40.085+0000][1][safepoint    ] Entering safepoint region: BulkRevokeBias
[2019-06-24T10:12:40.085+0000][1][safepoint    ] Leaving safepoint region
[2019-06-24T10:12:40.085+0000][1][safepoint    ] Total time for which application threads were stopped: 0.0000743 seconds, Stopping threads took: 0.0000261 seconds
[2019-06-24T10:12:40.085+0000][1][safepoint    ] Application time: 0.0000374 seconds
[2019-06-24T10:12:40.085+0000][1][safepoint    ] Entering safepoint region: BulkRevokeBias
[2019-06-24T10:12:40.085+0000][1][safepoint    ] Leaving safepoint region
[2019-06-24T10:12:40.085+0000][1][safepoint    ] Total time for which application threads were stopped: 0.0000434 seconds, Stopping threads took: 0.0000065 seconds
[2019-06-24T10:12:40.219+0000][1][safepoint    ] Application time: 0.1340509 seconds
[2019-06-24T10:12:40.219+0000][1][safepoint    ] Entering safepoint region: CollectForMetadataAllocation
[2019-06-24T10:12:40.219+0000][1][safepoint    ] Leaving safepoint region
[2019-06-24T10:12:40.219+0000][1][safepoint    ] Total time for which application threads were stopped: 0.0001721 seconds, Stopping threads took: 0.0000119 seconds
[2019-06-24T10:12:40.235+0000][1][safepoint    ] Application time: 0.0154795 seconds
[2019-06-24T10:12:40.235+0000][1][safepoint    ] Entering safepoint region: GenCollectForAllocation
[2019-06-24T10:12:40.235+0000][1][gc,start     ] GC(7) Pause Young (Allocation Failure)
[2019-06-24T10:12:40.235+0000][1][gc,task      ] GC(7) Using 5 workers of 8 for evacuation
[2019-06-24T10:12:40.237+0000][1][gc,age       ] GC(7) Desired survivor size 4456448 bytes, new threshold 6 (max threshold 6)
[2019-06-24T10:12:40.237+0000][1][gc,age       ] GC(7) Age table with threshold 6 (max threshold 6)
[2019-06-24T10:12:40.237+0000][1][gc,age       ] GC(7) - age   1:     742864 bytes,     742864 total
[2019-06-24T10:12:40.237+0000][1][gc,age       ] GC(7) - age   2:    1130072 bytes,    1872936 total
[2019-06-24T10:12:40.237+0000][1][gc,age       ] GC(7) - age   3:    2192784 bytes,    4065720 total
[2019-06-24T10:12:40.237+0000][1][gc,heap      ] GC(7) ParNew: 75238K->4619K(78656K)
[2019-06-24T10:12:40.237+0000][1][gc,heap      ] GC(7) CMS: 11378K->11814K(174784K)
[2019-06-24T10:12:40.237+0000][1][gc,metaspace ] GC(7) Metaspace: 20190K->20190K(1069056K)
[2019-06-24T10:12:40.237+0000][1][gc           ] GC(7) Pause Young (Allocation Failure) 84M->16M(247M) 2.348ms
[2019-06-24T10:12:40.237+0000][1][gc,cpu       ] GC(7) User=0.01s Sys=0.00s Real=0.00s
[2019-06-24T10:12:40.237+0000][1][safepoint    ] Leaving safepoint region
[2019-06-24T10:12:40.237+0000][1][safepoint    ] Total time for which application threads were stopped: 0.0024668 seconds, Stopping threads took: 0.0000122 seconds
[2019-06-24T10:12:40.237+0000][1][safepoint    ] Application time: 0.0001294 seconds
[2019-06-24T10:12:40.237+0000][1][safepoint    ] Entering safepoint region: CMS_Initial_Mark
[2019-06-24T10:12:40.237+0000][1][gc,start     ] GC(8) Pause Initial Mark
[2019-06-24T10:12:40.238+0000][1][gc           ] GC(8) Pause Initial Mark 17M->17M(247M) 0.726ms
[2019-06-24T10:12:40.238+0000][1][gc,cpu       ] GC(8) User=0.00s Sys=0.00s Real=0.00s
[2019-06-24T10:12:40.238+0000][1][safepoint    ] Leaving safepoint region
[2019-06-24T10:12:40.238+0000][1][safepoint    ] Total time for which application threads were stopped: 0.0008399 seconds, Stopping threads took: 0.0000541 seconds
[2019-06-24T10:12:40.238+0000][1][gc           ] GC(8) Concurrent Mark
[2019-06-24T10:12:40.238+0000][1][gc,task      ] GC(8) Using 2 workers of 2 for marking
[2019-06-24T10:12:40.252+0000][1][gc           ] GC(8) Concurrent Mark 13.506ms
[2019-06-24T10:12:40.252+0000][1][gc,cpu       ] GC(8) User=0.08s Sys=0.00s Real=0.01s
[2019-06-24T10:12:40.252+0000][1][gc           ] GC(8) Concurrent Preclean
[2019-06-24T10:12:40.252+0000][1][gc           ] GC(8) Concurrent Preclean 0.610ms
[2019-06-24T10:12:40.252+0000][1][gc,cpu       ] GC(8) User=0.00s Sys=0.00s Real=0.00s
[2019-06-24T10:12:40.252+0000][1][gc           ] GC(8) Concurrent Abortable Preclean
[2019-06-24T10:12:40.423+0000][1][safepoint    ] Application time: 0.1852557 seconds
[2019-06-24T10:12:40.424+0000][1][safepoint    ] Entering safepoint region: GenCollectForAllocation
[2019-06-24T10:12:40.424+0000][1][gc,start     ] GC(9) Pause Young (Allocation Failure)
[2019-06-24T10:12:40.424+0000][1][gc,task      ] GC(9) Using 5 workers of 8 for evacuation
[2019-06-24T10:12:40.430+0000][1][gc,age       ] GC(9) Desired survivor size 4456448 bytes, new threshold 4 (max threshold 6)
[2019-06-24T10:12:40.430+0000][1][gc,age       ] GC(9) Age table with threshold 4 (max threshold 6)
[2019-06-24T10:12:40.430+0000][1][gc,age       ] GC(9) - age   1:    1035688 bytes,    1035688 total
[2019-06-24T10:12:40.430+0000][1][gc,age       ] GC(9) - age   2:     722672 bytes,    1758360 total
[2019-06-24T10:12:40.430+0000][1][gc,age       ] GC(9) - age   3:    1129976 bytes,    2888336 total
[2019-06-24T10:12:40.430+0000][1][gc,age       ] GC(9) - age   4:    2192496 bytes,    5080832 total
[2019-06-24T10:12:40.430+0000][1][gc,heap      ] GC(9) ParNew: 74571K->6511K(78656K)
[2019-06-24T10:12:40.430+0000][1][gc,heap      ] GC(9) CMS: 11814K->11814K(174784K)
[2019-06-24T10:12:40.430+0000][1][gc,metaspace ] GC(9) Metaspace: 20223K->20223K(1069056K)
[2019-06-24T10:12:40.430+0000][1][gc           ] GC(9) Pause Young (Allocation Failure) 84M->17M(247M) 6.053ms
[2019-06-24T10:12:40.430+0000][1][gc,cpu       ] GC(9) User=0.03s Sys=0.00s Real=0.00s
[2019-06-24T10:12:40.430+0000][1][safepoint    ] Leaving safepoint region
[2019-06-24T10:12:40.430+0000][1][safepoint    ] Total time for which application threads were stopped: 0.0062526 seconds, Stopping threads took: 0.0000342 seconds
[2019-06-24T10:12:40.430+0000][1][gc           ] GC(8) Concurrent Abortable Preclean 177.379ms
[2019-06-24T10:12:40.430+0000][1][gc,cpu       ] GC(8) User=0.75s Sys=0.01s Real=0.18s
[2019-06-24T10:12:40.430+0000][1][safepoint    ] Application time: 0.0001576 seconds
[2019-06-24T10:12:40.430+0000][1][safepoint    ] Entering safepoint region: CMS_Final_Remark
[2019-06-24T10:12:40.430+0000][1][gc,start     ] GC(8) Pause Remark
[2019-06-24T10:12:40.438+0000][1][gc           ] GC(8) Pause Remark 19M->19M(247M) 8.212ms
[2019-06-24T10:12:40.438+0000][1][gc,cpu       ] GC(8) User=0.03s Sys=0.00s Real=0.01s
[2019-06-24T10:12:40.438+0000][1][safepoint    ] Leaving safepoint region
[2019-06-24T10:12:40.438+0000][1][safepoint    ] Total time for which application threads were stopped: 0.0085138 seconds, Stopping threads took: 0.0001097 seconds
[2019-06-24T10:12:40.439+0000][1][gc           ] GC(8) Concurrent Sweep
[2019-06-24T10:12:40.449+0000][1][gc           ] GC(8) Concurrent Sweep 10.319ms
[2019-06-24T10:12:40.449+0000][1][gc,cpu       ] GC(8) User=0.05s Sys=0.00s Real=0.01s
[2019-06-24T10:12:40.449+0000][1][gc           ] GC(8) Concurrent Reset
[2019-06-24T10:12:40.449+0000][1][gc           ] GC(8) Concurrent Reset 0.420ms
[2019-06-24T10:12:40.449+0000][1][gc,cpu       ] GC(8) User=0.00s Sys=0.00s Real=0.00s
[2019-06-24T10:12:40.449+0000][1][gc,heap      ] GC(8) Old: 11814K->11788K(174784K)
[2019-06-24T10:12:40.575+0000][1][safepoint    ] Application time: 0.1367713 seconds
[2019-06-24T10:12:40.575+0000][1][safepoint    ] Entering safepoint region: GenCollectForAllocation
[2019-06-24T10:12:40.577+0000][1][gc,start     ] GC(10) Pause Young (Allocation Failure)
[2019-06-24T10:12:40.577+0000][1][gc,task      ] GC(10) Using 5 workers of 8 for evacuation
[2019-06-24T10:12:40.585+0000][1][gc,age       ] GC(10) Desired survivor size 4456448 bytes, new threshold 6 (max threshold 6)
[2019-06-24T10:12:40.585+0000][1][gc,age       ] GC(10) Age table with threshold 6 (max threshold 6)
[2019-06-24T10:12:40.585+0000][1][gc,age       ] GC(10) - age   1:     856016 bytes,     856016 total
[2019-06-24T10:12:40.585+0000][1][gc,age       ] GC(10) - age   2:     277016 bytes,    1133032 total
[2019-06-24T10:12:40.585+0000][1][gc,age       ] GC(10) - age   3:     722552 bytes,    1855584 total
[2019-06-24T10:12:40.585+0000][1][gc,age       ] GC(10) - age   4:    1129976 bytes,    2985560 total
[2019-06-24T10:12:40.585+0000][1][gc,heap      ] GC(10) ParNew: 76463K->6092K(78656K)
[2019-06-24T10:12:40.585+0000][1][gc,heap      ] GC(10) CMS: 11788K->13943K(174784K)
[2019-06-24T10:12:40.585+0000][1][gc,metaspace ] GC(10) Metaspace: 20328K->20328K(1069056K)
[2019-06-24T10:12:40.585+0000][1][gc           ] GC(10) Pause Young (Allocation Failure) 86M->19M(247M) 7.840ms
[2019-06-24T10:12:40.585+0000][1][gc,cpu       ] GC(10) User=0.04s Sys=0.00s Real=0.01s
[2019-06-24T10:12:40.585+0000][1][safepoint    ] Leaving safepoint region
[2019-06-24T10:12:40.585+0000][1][safepoint    ] Total time for which application threads were stopped: 0.0095324 seconds, Stopping threads took: 0.0000508 seconds
[2019-06-24T10:12:40.730+0000][1][safepoint    ] Application time: 0.1447196 seconds
[2019-06-24T10:12:40.730+0000][1][safepoint    ] Entering safepoint region: GenCollectForAllocation
[2019-06-24T10:12:40.730+0000][1][gc,start     ] GC(11) Pause Young (Allocation Failure)
[2019-06-24T10:12:40.730+0000][1][gc,task      ] GC(11) Using 5 workers of 8 for evacuation
[2019-06-24T10:12:40.737+0000][1][gc,age       ] GC(11) Desired survivor size 4456448 bytes, new threshold 5 (max threshold 6)
[2019-06-24T10:12:40.737+0000][1][gc,age       ] GC(11) Age table with threshold 5 (max threshold 6)
[2019-06-24T10:12:40.737+0000][1][gc,age       ] GC(11) - age   1:    2238784 bytes,    2238784 total
[2019-06-24T10:12:40.737+0000][1][gc,age       ] GC(11) - age   2:      99432 bytes,    2338216 total
[2019-06-24T10:12:40.737+0000][1][gc,age       ] GC(11) - age   3:     277016 bytes,    2615232 total
[2019-06-24T10:12:40.737+0000][1][gc,age       ] GC(11) - age   4:     722400 bytes,    3337632 total
[2019-06-24T10:12:40.737+0000][1][gc,age       ] GC(11) - age   5:    1129688 bytes,    4467320 total
[2019-06-24T10:12:40.737+0000][1][gc,heap      ] GC(11) ParNew: 76044K->4939K(78656K)
[2019-06-24T10:12:40.737+0000][1][gc,heap      ] GC(11) CMS: 13943K->13943K(174784K)
[2019-06-24T10:12:40.737+0000][1][gc,metaspace ] GC(11) Metaspace: 20391K->20391K(1069056K)
[2019-06-24T10:12:40.737+0000][1][gc           ] GC(11) Pause Young (Allocation Failure) 87M->18M(247M) 6.940ms
[2019-06-24T10:12:40.737+0000][1][gc,cpu       ] GC(11) User=0.04s Sys=0.00s Real=0.01s
[2019-06-24T10:12:40.737+0000][1][safepoint    ] Leaving safepoint region
[2019-06-24T10:12:40.737+0000][1][safepoint    ] Total time for which application threads were stopped: 0.0071282 seconds, Stopping threads took: 0.0000304 seconds
[2019-06-24T10:12:40.803+0000][1][safepoint    ] Application time: 0.0665571 seconds
[2019-06-24T10:12:40.804+0000][1][safepoint    ] Entering safepoint region: Deoptimize
[2019-06-24T10:12:40.804+0000][1][safepoint    ] Leaving safepoint region
[2019-06-24T10:12:40.804+0000][1][safepoint    ] Total time for which application threads were stopped: 0.0004883 seconds, Stopping threads took: 0.0000179 seconds
[2019-06-24T10:12:40.810+0000][1][safepoint    ] Application time: 0.0059572 seconds
[2019-06-24T10:12:40.810+0000][1][safepoint    ] Entering safepoint region: Deoptimize
[2019-06-24T10:12:40.810+0000][1][safepoint    ] Leaving safepoint region
[2019-06-24T10:12:40.810+0000][1][safepoint    ] Total time for which application threads were stopped: 0.0004190 seconds, Stopping threads took: 0.0000174 seconds
[2019-06-24T10:12:41.379+0000][1][safepoint    ] Application time: 0.5686218 seconds
[2019-06-24T10:12:41.379+0000][1][safepoint    ] Entering safepoint region: Deoptimize
[2019-06-24T10:12:41.380+0000][1][safepoint    ] Leaving safepoint region
[2019-06-24T10:12:41.380+0000][1][safepoint    ] Total time for which application threads were stopped: 0.0007658 seconds, Stopping threads took: 0.0000235 seconds
[2019-06-24T10:12:41.399+0000][1][safepoint    ] Application time: 0.0188728 seconds
[2019-06-24T10:12:41.399+0000][1][safepoint    ] Entering safepoint region: Deoptimize
[2019-06-24T10:12:41.399+0000][1][safepoint    ] Leaving safepoint region
[2019-06-24T10:12:41.399+0000][1][safepoint    ] Total time for which application threads were stopped: 0.0003256 seconds, Stopping threads took: 0.0000131 seconds
[2019-06-24T10:12:41.403+0000][1][safepoint    ] Application time: 0.0039519 seconds
[2019-06-24T10:12:41.403+0000][1][safepoint    ] Entering safepoint region: Deoptimize
[2019-06-24T10:12:41.404+0000][1][safepoint    ] Leaving safepoint region
[2019-06-24T10:12:41.404+0000][1][safepoint    ] Total time for which application threads were stopped: 0.0003325 seconds, Stopping threads took: 0.0000134 seconds
[2019-06-24T10:12:41.566+0000][1][safepoint    ] Application time: 0.1628883 seconds
[2019-06-24T10:12:41.566+0000][1][safepoint    ] Entering safepoint region: GenCollectForAllocation
[2019-06-24T10:12:41.567+0000][1][gc,start     ] GC(12) Pause Young (Allocation Failure)
[2019-06-24T10:12:41.567+0000][1][gc,task      ] GC(12) Using 5 workers of 8 for evacuation
[2019-06-24T10:12:41.573+0000][1][gc,age       ] GC(12) Desired survivor size 4456448 bytes, new threshold 1 (max threshold 6)
[2019-06-24T10:12:41.573+0000][1][gc,age       ] GC(12) Age table with threshold 1 (max threshold 6)
[2019-06-24T10:12:41.573+0000][1][gc,age       ] GC(12) - age   1:    4566040 bytes,    4566040 total
[2019-06-24T10:12:41.573+0000][1][gc,age       ] GC(12) - age   2:     345512 bytes,    4911552 total
[2019-06-24T10:12:41.573+0000][1][gc,age       ] GC(12) - age   3:      99104 bytes,    5010656 total
[2019-06-24T10:12:41.573+0000][1][gc,age       ] GC(12) - age   4:     277016 bytes,    5287672 total
[2019-06-24T10:12:41.573+0000][1][gc,age       ] GC(12) - age   5:     717040 bytes,    6004712 total
[2019-06-24T10:12:41.573+0000][1][gc,heap      ] GC(12) ParNew: 74891K->6769K(78656K)
[2019-06-24T10:12:41.573+0000][1][gc,heap      ] GC(12) CMS: 13943K->15051K(174784K)
[2019-06-24T10:12:41.573+0000][1][gc,metaspace ] GC(12) Metaspace: 26363K->26363K(1073152K)
[2019-06-24T10:12:41.573+0000][1][gc           ] GC(12) Pause Young (Allocation Failure) 86M->21M(247M) 6.775ms
[2019-06-24T10:12:41.573+0000][1][gc,cpu       ] GC(12) User=0.04s Sys=0.00s Real=0.00s
[2019-06-24T10:12:41.573+0000][1][safepoint    ] Leaving safepoint region
[2019-06-24T10:12:41.573+0000][1][safepoint    ] Total time for which application threads were stopped: 0.0069406 seconds, Stopping threads took: 0.0000573 seconds
[2019-06-24T10:12:41.745+0000][1][safepoint    ] Application time: 0.1719268 seconds
[2019-06-24T10:12:41.745+0000][1][safepoint    ] Entering safepoint region: Deoptimize
[2019-06-24T10:12:41.746+0000][1][safepoint    ] Leaving safepoint region
[2019-06-24T10:12:41.746+0000][1][safepoint    ] Total time for which application threads were stopped: 0.0004642 seconds, Stopping threads took: 0.0000297 seconds
[2019-06-24T10:12:42.288+0000][1][safepoint    ] Application time: 0.5423385 seconds
[2019-06-24T10:12:42.288+0000][1][safepoint    ] Entering safepoint region: GenCollectForAllocation
[2019-06-24T10:12:42.288+0000][1][gc,start     ] GC(13) Pause Young (Allocation Failure)
[2019-06-24T10:12:42.288+0000][1][gc,task      ] GC(13) Using 5 workers of 8 for evacuation
[2019-06-24T10:12:42.326+0000][1][gc,age       ] GC(13) Desired survivor size 4456448 bytes, new threshold 1 (max threshold 6)
[2019-06-24T10:12:42.326+0000][1][gc,age       ] GC(13) Age table with threshold 1 (max threshold 6)
[2019-06-24T10:12:42.326+0000][1][gc,age       ] GC(13) - age   1:    8913312 bytes,    8913312 total
[2019-06-24T10:12:42.326+0000][1][gc,heap      ] GC(13) ParNew: 76721K->8704K(78656K)
[2019-06-24T10:12:42.326+0000][1][gc,heap      ] GC(13) CMS: 15051K->25813K(174784K)
[2019-06-24T10:12:42.326+0000][1][gc,metaspace ] GC(13) Metaspace: 26936K->26936K(1075200K)
[2019-06-24T10:12:42.326+0000][1][gc           ] GC(13) Pause Young (Allocation Failure) 89M->33M(247M) 37.931ms
[2019-06-24T10:12:42.326+0000][1][gc,cpu       ] GC(13) User=0.19s Sys=0.00s Real=0.04s
[2019-06-24T10:12:42.326+0000][1][safepoint    ] Leaving safepoint region
[2019-06-24T10:12:42.326+0000][1][safepoint    ] Total time for which application threads were stopped: 0.0382177 seconds, Stopping threads took: 0.0000781 seconds
[2019-06-24T10:12:42.987+0000][1][safepoint    ] Application time: 0.6605018 seconds
[2019-06-24T10:12:42.987+0000][1][safepoint    ] Entering safepoint region: RevokeBias
[2019-06-24T10:12:42.987+0000][1][safepoint    ] Leaving safepoint region
[2019-06-24T10:12:42.987+0000][1][safepoint    ] Total time for which application threads were stopped: 0.0001327 seconds, Stopping threads took: 0.0000219 seconds
[2019-06-24T10:12:43.174+0000][1][safepoint    ] Application time: 0.1867026 seconds
[2019-06-24T10:12:43.174+0000][1][safepoint    ] Entering safepoint region: GenCollectForAllocation
[2019-06-24T10:12:43.174+0000][1][gc,start     ] GC(14) Pause Young (Allocation Failure)
[2019-06-24T10:12:43.174+0000][1][gc,task      ] GC(14) Using 5 workers of 8 for evacuation
[2019-06-24T10:12:43.208+0000][1][gc,age       ] GC(14) Desired survivor size 4456448 bytes, new threshold 1 (max threshold 6)
[2019-06-24T10:12:43.208+0000][1][gc,age       ] GC(14) Age table with threshold 1 (max threshold 6)
[2019-06-24T10:12:43.208+0000][1][gc,age       ] GC(14) - age   1:    8912712 bytes,    8912712 total
[2019-06-24T10:12:43.208+0000][1][gc,heap      ] GC(14) ParNew: 78656K->8704K(78656K)
[2019-06-24T10:12:43.208+0000][1][gc,heap      ] GC(14) CMS: 25813K->39721K(174784K)
[2019-06-24T10:12:43.208+0000][1][gc,metaspace ] GC(14) Metaspace: 27001K->27001K(1075200K)
[2019-06-24T10:12:43.208+0000][1][gc           ] GC(14) Pause Young (Allocation Failure) 102M->47M(247M) 33.897ms
[2019-06-24T10:12:43.208+0000][1][gc,cpu       ] GC(14) User=0.25s Sys=0.00s Real=0.04s
[2019-06-24T10:12:43.208+0000][1][safepoint    ] Leaving safepoint region
[2019-06-24T10:12:43.208+0000][1][safepoint    ] Total time for which application threads were stopped: 0.0340670 seconds, Stopping threads took: 0.0000215 seconds
[2019-06-24T10:12:43.700+0000][1][safepoint    ] Application time: 0.4921083 seconds
[2019-06-24T10:12:43.700+0000][1][safepoint    ] Entering safepoint region: RevokeBias
[2019-06-24T10:12:43.700+0000][1][safepoint    ] Leaving safepoint region
[2019-06-24T10:12:43.700+0000][1][safepoint    ] Total time for which application threads were stopped: 0.0001727 seconds, Stopping threads took: 0.0000188 seconds
[2019-06-24T10:12:43.771+0000][1][safepoint    ] Application time: 0.0700730 seconds
[2019-06-24T10:12:43.771+0000][1][safepoint    ] Entering safepoint region: RevokeBias
[2019-06-24T10:12:43.771+0000][1][safepoint    ] Leaving safepoint region
[2019-06-24T10:12:43.771+0000][1][safepoint    ] Total time for which application threads were stopped: 0.0000889 seconds, Stopping threads took: 0.0000310 seconds
[2019-06-24T10:12:43.791+0000][1][safepoint    ] Application time: 0.0199433 seconds
[2019-06-24T10:12:43.791+0000][1][safepoint    ] Entering safepoint region: RevokeBias
[2019-06-24T10:12:43.791+0000][1][safepoint    ] Leaving safepoint region
[2019-06-24T10:12:43.791+0000][1][safepoint    ] Total time for which application threads were stopped: 0.0000680 seconds, Stopping threads took: 0.0000127 seconds
[2019-06-24T10:12:43.803+0000][1][safepoint    ] Application time: 0.0124593 seconds
[2019-06-24T10:12:43.803+0000][1][safepoint    ] Entering safepoint region: RevokeBias
[2019-06-24T10:12:43.803+0000][1][safepoint    ] Leaving safepoint region
[2019-06-24T10:12:43.803+0000][1][safepoint    ] Total time for which application threads were stopped: 0.0000741 seconds, Stopping threads took: 0.0000178 seconds
[2019-06-24T10:12:44.051+0000][1][safepoint    ] Application time: 0.2476193 seconds
[2019-06-24T10:12:44.051+0000][1][safepoint    ] Entering safepoint region: GenCollectForAllocation
[2019-06-24T10:12:44.051+0000][1][gc,start     ] GC(15) Pause Young (Allocation Failure)
[2019-06-24T10:12:44.051+0000][1][gc,task      ] GC(15) Using 5 workers of 8 for evacuation
[2019-06-24T10:12:44.080+0000][1][gc,age       ] GC(15) Desired survivor size 4456448 bytes, new threshold 1 (max threshold 6)
[2019-06-24T10:12:44.080+0000][1][gc,age       ] GC(15) Age table with threshold 1 (max threshold 6)
[2019-06-24T10:12:44.080+0000][1][gc,age       ] GC(15) - age   1:    6786728 bytes,    6786728 total
[2019-06-24T10:12:44.080+0000][1][gc,heap      ] GC(15) ParNew: 78656K->8704K(78656K)
[2019-06-24T10:12:44.080+0000][1][gc,heap      ] GC(15) CMS: 39721K->49120K(174784K)
[2019-06-24T10:12:44.080+0000][1][gc,metaspace ] GC(15) Metaspace: 32610K->32610K(1079296K)
[2019-06-24T10:12:44.080+0000][1][gc           ] GC(15) Pause Young (Allocation Failure) 115M->56M(247M) 28.685ms
[2019-06-24T10:12:44.080+0000][1][gc,cpu       ] GC(15) User=0.20s Sys=0.00s Real=0.03s
[2019-06-24T10:12:44.080+0000][1][safepoint    ] Leaving safepoint region
[2019-06-24T10:12:44.080+0000][1][safepoint    ] Total time for which application threads were stopped: 0.0288823 seconds, Stopping threads took: 0.0000212 seconds
[2019-06-24T10:12:44.220+0000][1][safepoint    ] Application time: 0.1396800 seconds
[2019-06-24T10:12:44.220+0000][1][safepoint    ] Entering safepoint region: GenCollectForAllocation
[2019-06-24T10:12:44.220+0000][1][gc,start     ] GC(16) Pause Young (Allocation Failure)
[2019-06-24T10:12:44.220+0000][1][gc,task      ] GC(16) Using 5 workers of 8 for evacuation
[2019-06-24T10:12:44.231+0000][1][gc,age       ] GC(16) Desired survivor size 4456448 bytes, new threshold 6 (max threshold 6)
[2019-06-24T10:12:44.231+0000][1][gc,age       ] GC(16) Age table with threshold 6 (max threshold 6)
[2019-06-24T10:12:44.231+0000][1][gc,age       ] GC(16) - age   1:     258752 bytes,     258752 total
[2019-06-24T10:12:44.231+0000][1][gc,heap      ] GC(16) ParNew: 78656K->7092K(78656K)
[2019-06-24T10:12:44.231+0000][1][gc,heap      ] GC(16) CMS: 49120K->55797K(174784K)
[2019-06-24T10:12:44.231+0000][1][gc,metaspace ] GC(16) Metaspace: 32749K->32749K(1079296K)
[2019-06-24T10:12:44.231+0000][1][gc           ] GC(16) Pause Young (Allocation Failure) 124M->61M(247M) 11.108ms
[2019-06-24T10:12:44.231+0000][1][gc,cpu       ] GC(16) User=0.07s Sys=0.00s Real=0.01s
[2019-06-24T10:12:44.231+0000][1][safepoint    ] Leaving safepoint region
[2019-06-24T10:12:44.231+0000][1][safepoint    ] Total time for which application threads were stopped: 0.0112827 seconds, Stopping threads took: 0.0000162 seconds
[2019-06-24T10:12:44.456+0000][1][safepoint    ] Application time: 0.2253958 seconds
[2019-06-24T10:12:44.456+0000][1][safepoint    ] Entering safepoint region: CollectForMetadataAllocation
[2019-06-24T10:12:44.457+0000][1][safepoint    ] Leaving safepoint region
[2019-06-24T10:12:44.457+0000][1][safepoint    ] Total time for which application threads were stopped: 0.0001965 seconds, Stopping threads took: 0.0000186 seconds
[2019-06-24T10:12:44.482+0000][1][safepoint    ] Application time: 0.0259008 seconds
[2019-06-24T10:12:44.483+0000][1][safepoint    ] Entering safepoint region: CollectForMetadataAllocation
[2019-06-24T10:12:44.483+0000][1][safepoint    ] Leaving safepoint region
[2019-06-24T10:12:44.483+0000][1][safepoint    ] Total time for which application threads were stopped: 0.0001359 seconds, Stopping threads took: 0.0000180 seconds
[2019-06-24T10:12:44.515+0000][1][safepoint    ] Application time: 0.0320888 seconds
[2019-06-24T10:12:44.515+0000][1][safepoint    ] Entering safepoint region: CollectForMetadataAllocation
[2019-06-24T10:12:44.515+0000][1][safepoint    ] Leaving safepoint region
[2019-06-24T10:12:44.515+0000][1][safepoint    ] Total time for which application threads were stopped: 0.0001907 seconds, Stopping threads took: 0.0000169 seconds
[2019-06-24T10:12:44.541+0000][1][safepoint    ] Application time: 0.0263505 seconds
[2019-06-24T10:12:44.541+0000][1][safepoint    ] Entering safepoint region: CollectForMetadataAllocation
[2019-06-24T10:12:44.542+0000][1][safepoint    ] Leaving safepoint region
[2019-06-24T10:12:44.542+0000][1][safepoint    ] Total time for which application threads were stopped: 0.0002234 seconds, Stopping threads took: 0.0000171 seconds
[2019-06-24T10:12:44.559+0000][1][safepoint    ] Application time: 0.0170005 seconds
[2019-06-24T10:12:44.559+0000][1][safepoint    ] Entering safepoint region: CollectForMetadataAllocation
[2019-06-24T10:12:44.559+0000][1][safepoint    ] Leaving safepoint region
[2019-06-24T10:12:44.559+0000][1][safepoint    ] Total time for which application threads were stopped: 0.0002129 seconds, Stopping threads took: 0.0000180 seconds
[2019-06-24T10:12:44.589+0000][1][safepoint    ] Application time: 0.0297113 seconds
[2019-06-24T10:12:44.589+0000][1][safepoint    ] Entering safepoint region: CollectForMetadataAllocation
[2019-06-24T10:12:44.589+0000][1][safepoint    ] Leaving safepoint region
[2019-06-24T10:12:44.589+0000][1][safepoint    ] Total time for which application threads were stopped: 0.0002462 seconds, Stopping threads took: 0.0000242 seconds
[2019-06-24T10:12:44.619+0000][1][safepoint    ] Application time: 0.0305246 seconds
[2019-06-24T10:12:44.619+0000][1][safepoint    ] Entering safepoint region: CollectForMetadataAllocation
[2019-06-24T10:12:44.620+0000][1][safepoint    ] Leaving safepoint region
[2019-06-24T10:12:44.620+0000][1][safepoint    ] Total time for which application threads were stopped: 0.0002126 seconds, Stopping threads took: 0.0000175 seconds
[2019-06-24T10:12:44.646+0000][1][safepoint    ] Application time: 0.0264882 seconds
[2019-06-24T10:12:44.646+0000][1][safepoint    ] Entering safepoint region: CollectForMetadataAllocation
[2019-06-24T10:12:44.647+0000][1][safepoint    ] Leaving safepoint region
[2019-06-24T10:12:44.647+0000][1][safepoint    ] Total time for which application threads were stopped: 0.0003867 seconds, Stopping threads took: 0.0000277 seconds
[2019-06-24T10:12:44.692+0000][1][safepoint    ] Application time: 0.0455328 seconds
[2019-06-24T10:12:44.692+0000][1][safepoint    ] Entering safepoint region: CollectForMetadataAllocation
[2019-06-24T10:12:44.693+0000][1][safepoint    ] Leaving safepoint region
[2019-06-24T10:12:44.693+0000][1][safepoint    ] Total time for which application threads were stopped: 0.0002799 seconds, Stopping threads took: 0.0000306 seconds
[2019-06-24T10:12:44.722+0000][1][safepoint    ] Application time: 0.0293244 seconds
[2019-06-24T10:12:44.722+0000][1][safepoint    ] Entering safepoint region: CollectForMetadataAllocation
[2019-06-24T10:12:44.722+0000][1][safepoint    ] Leaving safepoint region
[2019-06-24T10:12:44.722+0000][1][safepoint    ] Total time for which application threads were stopped: 0.0001680 seconds, Stopping threads took: 0.0000132 seconds
[2019-06-24T10:12:44.781+0000][1][safepoint    ] Application time: 0.0593458 seconds
[2019-06-24T10:12:44.782+0000][1][safepoint    ] Entering safepoint region: CollectForMetadataAllocation
[2019-06-24T10:12:44.782+0000][1][safepoint    ] Leaving safepoint region
[2019-06-24T10:12:44.782+0000][1][safepoint    ] Total time for which application threads were stopped: 0.0003610 seconds, Stopping threads took: 0.0000411 seconds
[2019-06-24T10:12:44.785+0000][1][safepoint    ] Application time: 0.0028216 seconds
[2019-06-24T10:12:44.785+0000][1][safepoint    ] Entering safepoint region: RevokeBias
[2019-06-24T10:12:44.785+0000][1][safepoint    ] Leaving safepoint region
[2019-06-24T10:12:44.785+0000][1][safepoint    ] Total time for which application threads were stopped: 0.0001179 seconds, Stopping threads took: 0.0000193 seconds
[2019-06-24T10:12:44.836+0000][1][safepoint    ] Application time: 0.0514148 seconds
[2019-06-24T10:12:44.837+0000][1][safepoint    ] Entering safepoint region: RevokeBias
[2019-06-24T10:12:44.837+0000][1][safepoint    ] Leaving safepoint region
[2019-06-24T10:12:44.837+0000][1][safepoint    ] Total time for which application threads were stopped: 0.0001852 seconds, Stopping threads took: 0.0000498 seconds
[2019-06-24T10:12:44.838+0000][1][safepoint    ] Application time: 0.0010197 seconds
[2019-06-24T10:12:44.838+0000][1][safepoint    ] Entering safepoint region: CollectForMetadataAllocation
[2019-06-24T10:12:44.838+0000][1][safepoint    ] Leaving safepoint region
[2019-06-24T10:12:44.838+0000][1][safepoint    ] Total time for which application threads were stopped: 0.0002913 seconds, Stopping threads took: 0.0000574 seconds
[2019-06-24T10:12:44.873+0000][1][safepoint    ] Application time: 0.0351784 seconds
[2019-06-24T10:12:44.873+0000][1][safepoint    ] Entering safepoint region: CollectForMetadataAllocation
[2019-06-24T10:12:44.873+0000][1][safepoint    ] Leaving safepoint region
[2019-06-24T10:12:44.873+0000][1][safepoint    ] Total time for which application threads were stopped: 0.0001844 seconds, Stopping threads took: 0.0000137 seconds
[2019-06-24T10:12:44.909+0000][1][safepoint    ] Application time: 0.0353529 seconds
[2019-06-24T10:12:44.909+0000][1][safepoint    ] Entering safepoint region: CollectForMetadataAllocation
[2019-06-24T10:12:44.909+0000][1][safepoint    ] Leaving safepoint region
[2019-06-24T10:12:44.909+0000][1][safepoint    ] Total time for which application threads were stopped: 0.0002439 seconds, Stopping threads took: 0.0000186 seconds
[2019-06-24T10:12:44.936+0000][1][safepoint    ] Application time: 0.0272264 seconds
[2019-06-24T10:12:44.936+0000][1][safepoint    ] Entering safepoint region: CollectForMetadataAllocation
[2019-06-24T10:12:44.937+0000][1][safepoint    ] Leaving safepoint region
[2019-06-24T10:12:44.937+0000][1][safepoint    ] Total time for which application threads were stopped: 0.0002341 seconds, Stopping threads took: 0.0000181 seconds
[2019-06-24T10:12:44.970+0000][1][safepoint    ] Application time: 0.0336198 seconds
[2019-06-24T10:12:44.970+0000][1][safepoint    ] Entering safepoint region: CollectForMetadataAllocation
[2019-06-24T10:12:44.970+0000][1][safepoint    ] Leaving safepoint region
[2019-06-24T10:12:44.970+0000][1][safepoint    ] Total time for which application threads were stopped: 0.0001939 seconds, Stopping threads took: 0.0000200 seconds
[2019-06-24T10:12:45.012+0000][1][safepoint    ] Application time: 0.0416452 seconds
[2019-06-24T10:12:45.012+0000][1][safepoint    ] Entering safepoint region: CollectForMetadataAllocation
[2019-06-24T10:12:45.012+0000][1][safepoint    ] Leaving safepoint region
[2019-06-24T10:12:45.013+0000][1][safepoint    ] Total time for which application threads were stopped: 0.0002691 seconds, Stopping threads took: 0.0000234 seconds
[2019-06-24T10:12:45.045+0000][1][safepoint    ] Application time: 0.0325722 seconds
[2019-06-24T10:12:45.045+0000][1][safepoint    ] Entering safepoint region: CollectForMetadataAllocation
[2019-06-24T10:12:45.045+0000][1][safepoint    ] Leaving safepoint region
[2019-06-24T10:12:45.046+0000][1][safepoint    ] Total time for which application threads were stopped: 0.0003311 seconds, Stopping threads took: 0.0000351 seconds
[2019-06-24T10:12:45.075+0000][1][safepoint    ] Application time: 0.0295981 seconds
[2019-06-24T10:12:45.075+0000][1][safepoint    ] Entering safepoint region: CollectForMetadataAllocation
[2019-06-24T10:12:45.075+0000][1][safepoint    ] Leaving safepoint region
[2019-06-24T10:12:45.075+0000][1][safepoint    ] Total time for which application threads were stopped: 0.0002249 seconds, Stopping threads took: 0.0000196 seconds
[2019-06-24T10:12:45.105+0000][1][safepoint    ] Application time: 0.0293182 seconds
[2019-06-24T10:12:45.105+0000][1][safepoint    ] Entering safepoint region: CollectForMetadataAllocation
[2019-06-24T10:12:45.105+0000][1][safepoint    ] Leaving safepoint region
[2019-06-24T10:12:45.105+0000][1][safepoint    ] Total time for which application threads were stopped: 0.0002070 seconds, Stopping threads took: 0.0000189 seconds
[2019-06-24T10:12:45.131+0000][1][safepoint    ] Application time: 0.0256868 seconds
[2019-06-24T10:12:45.131+0000][1][safepoint    ] Entering safepoint region: CollectForMetadataAllocation
[2019-06-24T10:12:45.131+0000][1][safepoint    ] Leaving safepoint region
[2019-06-24T10:12:45.131+0000][1][safepoint    ] Total time for which application threads were stopped: 0.0002186 seconds, Stopping threads took: 0.0000178 seconds
[2019-06-24T10:12:45.152+0000][1][safepoint    ] Application time: 0.0212487 seconds
[2019-06-24T10:12:45.152+0000][1][safepoint    ] Entering safepoint region: CollectForMetadataAllocation
[2019-06-24T10:12:45.152+0000][1][safepoint    ] Leaving safepoint region
[2019-06-24T10:12:45.152+0000][1][safepoint    ] Total time for which application threads were stopped: 0.0002037 seconds, Stopping threads took: 0.0000180 seconds
[2019-06-24T10:12:45.170+0000][1][safepoint    ] Application time: 0.0175446 seconds
[2019-06-24T10:12:45.170+0000][1][safepoint    ] Entering safepoint region: CollectForMetadataAllocation
[2019-06-24T10:12:45.170+0000][1][safepoint    ] Leaving safepoint region
[2019-06-24T10:12:45.170+0000][1][safepoint    ] Total time for which application threads were stopped: 0.0002041 seconds, Stopping threads took: 0.0000169 seconds
[2019-06-24T10:12:45.183+0000][1][safepoint    ] Application time: 0.0129664 seconds
[2019-06-24T10:12:45.183+0000][1][safepoint    ] Entering safepoint region: RevokeBias
[2019-06-24T10:12:45.183+0000][1][safepoint    ] Leaving safepoint region
[2019-06-24T10:12:45.183+0000][1][safepoint    ] Total time for which application threads were stopped: 0.0000885 seconds, Stopping threads took: 0.0000174 seconds
[2019-06-24T10:12:45.206+0000][1][safepoint    ] Application time: 0.0227860 seconds
[2019-06-24T10:12:45.206+0000][1][safepoint    ] Entering safepoint region: CollectForMetadataAllocation
[2019-06-24T10:12:45.206+0000][1][safepoint    ] Leaving safepoint region
[2019-06-24T10:12:45.206+0000][1][safepoint    ] Total time for which application threads were stopped: 0.0002071 seconds, Stopping threads took: 0.0000186 seconds
[2019-06-24T10:12:45.226+0000][1][safepoint    ] Application time: 0.0195946 seconds
[2019-06-24T10:12:45.226+0000][1][safepoint    ] Entering safepoint region: CollectForMetadataAllocation
[2019-06-24T10:12:45.226+0000][1][safepoint    ] Leaving safepoint region
[2019-06-24T10:12:45.226+0000][1][safepoint    ] Total time for which application threads were stopped: 0.0002005 seconds, Stopping threads took: 0.0000169 seconds
[2019-06-24T10:12:45.246+0000][1][safepoint    ] Application time: 0.0200822 seconds
[2019-06-24T10:12:45.246+0000][1][safepoint    ] Entering safepoint region: CollectForMetadataAllocation
[2019-06-24T10:12:45.247+0000][1][safepoint    ] Leaving safepoint region
[2019-06-24T10:12:45.247+0000][1][safepoint    ] Total time for which application threads were stopped: 0.0002160 seconds, Stopping threads took: 0.0000155 seconds
[2019-06-24T10:12:45.264+0000][1][safepoint    ] Application time: 0.0170782 seconds
[2019-06-24T10:12:45.264+0000][1][safepoint    ] Entering safepoint region: CollectForMetadataAllocation
[2019-06-24T10:12:45.264+0000][1][safepoint    ] Leaving safepoint region
[2019-06-24T10:12:45.264+0000][1][safepoint    ] Total time for which application threads were stopped: 0.0001814 seconds, Stopping threads took: 0.0000233 seconds
[2019-06-24T10:12:45.285+0000][1][safepoint    ] Application time: 0.0213923 seconds
[2019-06-24T10:12:45.285+0000][1][safepoint    ] Entering safepoint region: CollectForMetadataAllocation
[2019-06-24T10:12:45.285+0000][1][safepoint    ] Leaving safepoint region
[2019-06-24T10:12:45.286+0000][1][safepoint    ] Total time for which application threads were stopped: 0.0001745 seconds, Stopping threads took: 0.0000152 seconds
[2019-06-24T10:12:45.293+0000][1][safepoint    ] Application time: 0.0077733 seconds
[2019-06-24T10:12:45.293+0000][1][safepoint    ] Entering safepoint region: RevokeBias
[2019-06-24T10:12:45.293+0000][1][safepoint    ] Leaving safepoint region
[2019-06-24T10:12:45.293+0000][1][safepoint    ] Total time for which application threads were stopped: 0.0000914 seconds, Stopping threads took: 0.0000429 seconds
[2019-06-24T10:12:45.294+0000][1][safepoint    ] Application time: 0.0000820 seconds
[2019-06-24T10:12:45.294+0000][1][safepoint    ] Entering safepoint region: RevokeBias
[2019-06-24T10:12:45.294+0000][1][safepoint    ] Leaving safepoint region
[2019-06-24T10:12:45.294+0000][1][safepoint    ] Total time for which application threads were stopped: 0.0000685 seconds, Stopping threads took: 0.0000280 seconds
[2019-06-24T10:12:45.306+0000][1][safepoint    ] Application time: 0.0120315 seconds
[2019-06-24T10:12:45.306+0000][1][safepoint    ] Entering safepoint region: CollectForMetadataAllocation
[2019-06-24T10:12:45.306+0000][1][safepoint    ] Leaving safepoint region
[2019-06-24T10:12:45.306+0000][1][safepoint    ] Total time for which application threads were stopped: 0.0001993 seconds, Stopping threads took: 0.0000159 seconds
[2019-06-24T10:12:46.014+0000][1][safepoint    ] Application time: 0.7079305 seconds
[2019-06-24T10:12:46.014+0000][1][safepoint    ] Entering safepoint region: CollectForMetadataAllocation
[2019-06-24T10:12:46.014+0000][1][safepoint    ] Leaving safepoint region
[2019-06-24T10:12:46.014+0000][1][safepoint    ] Total time for which application threads were stopped: 0.0001917 seconds, Stopping threads took: 0.0000143 seconds
[2019-06-24T10:12:46.035+0000][1][safepoint    ] Application time: 0.0208120 seconds
[2019-06-24T10:12:46.035+0000][1][safepoint    ] Entering safepoint region: GenCollectForAllocation
[2019-06-24T10:12:46.035+0000][1][gc,start     ] GC(17) Pause Young (Allocation Failure)
[2019-06-24T10:12:46.035+0000][1][gc,task      ] GC(17) Using 5 workers of 8 for evacuation
[2019-06-24T10:12:46.039+0000][1][gc,age       ] GC(17) Desired survivor size 4456448 bytes, new threshold 6 (max threshold 6)
[2019-06-24T10:12:46.039+0000][1][gc,age       ] GC(17) Age table with threshold 6 (max threshold 6)
[2019-06-24T10:12:46.039+0000][1][gc,age       ] GC(17) - age   1:    4057544 bytes,    4057544 total
[2019-06-24T10:12:46.039+0000][1][gc,age       ] GC(17) - age   2:     208816 bytes,    4266360 total
[2019-06-24T10:12:46.039+0000][1][gc,heap      ] GC(17) ParNew: 77044K->5461K(78656K)
[2019-06-24T10:12:46.039+0000][1][gc,heap      ] GC(17) CMS: 55797K->55797K(174784K)
[2019-06-24T10:12:46.039+0000][1][gc,metaspace ] GC(17) Metaspace: 42288K->42288K(1087488K)
[2019-06-24T10:12:46.039+0000][1][gc           ] GC(17) Pause Young (Allocation Failure) 129M->59M(247M) 4.307ms
[2019-06-24T10:12:46.039+0000][1][gc,cpu       ] GC(17) User=0.02s Sys=0.00s Real=0.00s
[2019-06-24T10:12:46.039+0000][1][safepoint    ] Leaving safepoint region
[2019-06-24T10:12:46.039+0000][1][safepoint    ] Total time for which application threads were stopped: 0.0044603 seconds, Stopping threads took: 0.0000416 seconds
[2019-06-24T10:12:46.039+0000][1][safepoint    ] Application time: 0.0001235 seconds
[2019-06-24T10:12:46.040+0000][1][safepoint    ] Entering safepoint region: CMS_Initial_Mark
[2019-06-24T10:12:46.040+0000][1][gc,start     ] GC(18) Pause Initial Mark
[2019-06-24T10:12:46.041+0000][1][gc           ] GC(18) Pause Initial Mark 61M->61M(247M) 1.265ms
[2019-06-24T10:12:46.041+0000][1][gc,cpu       ] GC(18) User=0.01s Sys=0.00s Real=0.00s
[2019-06-24T10:12:46.041+0000][1][safepoint    ] Leaving safepoint region
[2019-06-24T10:12:46.041+0000][1][safepoint    ] Total time for which application threads were stopped: 0.0013549 seconds, Stopping threads took: 0.0000129 seconds
[2019-06-24T10:12:46.041+0000][1][gc           ] GC(18) Concurrent Mark
[2019-06-24T10:12:46.041+0000][1][gc,task      ] GC(18) Using 2 workers of 2 for marking
[2019-06-24T10:12:46.048+0000][1][safepoint    ] Application time: 0.0070286 seconds
[2019-06-24T10:12:46.048+0000][1][safepoint    ] Entering safepoint region: CollectForMetadataAllocation
[2019-06-24T10:12:46.048+0000][1][safepoint    ] Leaving safepoint region
[2019-06-24T10:12:46.048+0000][1][safepoint    ] Total time for which application threads were stopped: 0.0002508 seconds, Stopping threads took: 0.0000148 seconds
[2019-06-24T10:12:46.101+0000][1][safepoint    ] Application time: 0.0523428 seconds
[2019-06-24T10:12:46.101+0000][1][safepoint    ] Entering safepoint region: CollectForMetadataAllocation
[2019-06-24T10:12:46.101+0000][1][safepoint    ] Leaving safepoint region
[2019-06-24T10:12:46.101+0000][1][safepoint    ] Total time for which application threads were stopped: 0.0004742 seconds, Stopping threads took: 0.0002277 seconds
[2019-06-24T10:12:46.116+0000][1][gc           ] GC(18) Concurrent Mark 75.318ms
[2019-06-24T10:12:46.116+0000][1][gc,cpu       ] GC(18) User=0.45s Sys=0.00s Real=0.08s
[2019-06-24T10:12:46.116+0000][1][gc           ] GC(18) Concurrent Preclean
[2019-06-24T10:12:46.119+0000][1][gc           ] GC(18) Concurrent Preclean 2.578ms
[2019-06-24T10:12:46.119+0000][1][gc,cpu       ] GC(18) User=0.02s Sys=0.00s Real=0.00s
[2019-06-24T10:12:46.119+0000][1][gc           ] GC(18) Concurrent Abortable Preclean
[2019-06-24T10:12:46.468+0000][1][safepoint    ] Application time: 0.3664548 seconds
[2019-06-24T10:12:46.468+0000][1][safepoint    ] Entering safepoint region: CollectForMetadataAllocation
[2019-06-24T10:12:46.468+0000][1][safepoint    ] Leaving safepoint region
[2019-06-24T10:12:46.468+0000][1][safepoint    ] Total time for which application threads were stopped: 0.0002204 seconds, Stopping threads took: 0.0000141 seconds
[2019-06-24T10:12:46.484+0000][1][safepoint    ] Application time: 0.0163402 seconds
[2019-06-24T10:12:46.484+0000][1][safepoint    ] Entering safepoint region: CollectForMetadataAllocation
[2019-06-24T10:12:46.485+0000][1][safepoint    ] Leaving safepoint region
[2019-06-24T10:12:46.485+0000][1][safepoint    ] Total time for which application threads were stopped: 0.0002418 seconds, Stopping threads took: 0.0000268 seconds
[2019-06-24T10:12:46.510+0000][1][safepoint    ] Application time: 0.0251326 seconds
[2019-06-24T10:12:46.510+0000][1][safepoint    ] Entering safepoint region: CollectForMetadataAllocation
[2019-06-24T10:12:46.510+0000][1][safepoint    ] Leaving safepoint region
[2019-06-24T10:12:46.510+0000][1][safepoint    ] Total time for which application threads were stopped: 0.0002674 seconds, Stopping threads took: 0.0000193 seconds
[2019-06-24T10:12:46.555+0000][1][safepoint    ] Application time: 0.0450443 seconds
[2019-06-24T10:12:46.555+0000][1][safepoint    ] Entering safepoint region: CollectForMetadataAllocation
[2019-06-24T10:12:46.555+0000][1][safepoint    ] Leaving safepoint region
[2019-06-24T10:12:46.555+0000][1][safepoint    ] Total time for which application threads were stopped: 0.0002466 seconds, Stopping threads took: 0.0000125 seconds
[2019-06-24T10:12:46.589+0000][1][gc           ] GC(18) Concurrent Abortable Preclean 469.883ms
[2019-06-24T10:12:46.589+0000][1][gc,cpu       ] GC(18) User=2.18s Sys=0.05s Real=0.47s
[2019-06-24T10:12:46.589+0000][1][safepoint    ] Application time: 0.0336378 seconds
[2019-06-24T10:12:46.589+0000][1][safepoint    ] Entering safepoint region: CMS_Final_Remark
[2019-06-24T10:12:46.589+0000][1][gc,start     ] GC(18) Pause Remark
[2019-06-24T10:12:46.605+0000][1][gc           ] GC(18) Pause Remark 96M->96M(247M) 15.476ms
[2019-06-24T10:12:46.605+0000][1][gc,cpu       ] GC(18) User=0.07s Sys=0.00s Real=0.02s
[2019-06-24T10:12:46.605+0000][1][safepoint    ] Leaving safepoint region
[2019-06-24T10:12:46.605+0000][1][safepoint    ] Total time for which application threads were stopped: 0.0156519 seconds, Stopping threads took: 0.0000568 seconds
[2019-06-24T10:12:46.605+0000][1][gc           ] GC(18) Concurrent Sweep
[2019-06-24T10:12:46.612+0000][1][safepoint    ] Application time: 0.0069243 seconds
[2019-06-24T10:12:46.613+0000][1][safepoint    ] Entering safepoint region: CollectForMetadataAllocation
[2019-06-24T10:12:46.613+0000][1][safepoint    ] Leaving safepoint region
[2019-06-24T10:12:46.613+0000][1][safepoint    ] Total time for which application threads were stopped: 0.0016655 seconds, Stopping threads took: 0.0009251 seconds
[2019-06-24T10:12:46.642+0000][1][gc           ] GC(18) Concurrent Sweep 37.164ms
[2019-06-24T10:12:46.642+0000][1][gc,cpu       ] GC(18) User=0.19s Sys=0.01s Real=0.03s
[2019-06-24T10:12:46.642+0000][1][gc           ] GC(18) Concurrent Reset
[2019-06-24T10:12:46.643+0000][1][gc           ] GC(18) Concurrent Reset 0.626ms
[2019-06-24T10:12:46.643+0000][1][gc,cpu       ] GC(18) User=0.02s Sys=0.00s Real=0.01s
[2019-06-24T10:12:46.643+0000][1][gc,heap      ] GC(18) Old: 55797K->55580K(174784K)
[2019-06-24T10:12:46.665+0000][1][safepoint    ] Application time: 0.0519126 seconds
[2019-06-24T10:12:46.665+0000][1][safepoint    ] Entering safepoint region: RevokeBias
[2019-06-24T10:12:46.665+0000][1][safepoint    ] Leaving safepoint region
[2019-06-24T10:12:46.665+0000][1][safepoint    ] Total time for which application threads were stopped: 0.0000796 seconds, Stopping threads took: 0.0000111 seconds
[2019-06-24T10:12:46.671+0000][1][safepoint    ] Application time: 0.0052275 seconds
[2019-06-24T10:12:46.671+0000][1][safepoint    ] Entering safepoint region: RevokeBias
[2019-06-24T10:12:46.671+0000][1][safepoint    ] Leaving safepoint region
[2019-06-24T10:12:46.671+0000][1][safepoint    ] Total time for which application threads were stopped: 0.0001502 seconds, Stopping threads took: 0.0000812 seconds
[2019-06-24T10:12:47.004+0000][1][safepoint    ] Application time: 0.3328754 seconds
[2019-06-24T10:12:47.004+0000][1][safepoint    ] Entering safepoint region: RevokeBias
[2019-06-24T10:12:47.004+0000][1][safepoint    ] Leaving safepoint region
[2019-06-24T10:12:47.004+0000][1][safepoint    ] Total time for which application threads were stopped: 0.0005296 seconds, Stopping threads took: 0.0000424 seconds
[2019-06-24T10:12:47.005+0000][1][safepoint    ] Application time: 0.0009241 seconds
[2019-06-24T10:12:47.006+0000][1][safepoint    ] Entering safepoint region: RevokeBias
[2019-06-24T10:12:47.006+0000][1][safepoint    ] Leaving safepoint region
[2019-06-24T10:12:47.006+0000][1][safepoint    ] Total time for which application threads were stopped: 0.0005811 seconds, Stopping threads took: 0.0004363 seconds
[2019-06-24T10:12:47.006+0000][1][safepoint    ] Application time: 0.0001632 seconds
[2019-06-24T10:12:47.006+0000][1][safepoint    ] Entering safepoint region: RevokeBias
[2019-06-24T10:12:47.006+0000][1][safepoint    ] Leaving safepoint region
[2019-06-24T10:12:47.006+0000][1][safepoint    ] Total time for which application threads were stopped: 0.0001972 seconds, Stopping threads took: 0.0001241 seconds
[2019-06-24T10:12:47.007+0000][1][safepoint    ] Application time: 0.0005161 seconds
[2019-06-24T10:12:47.007+0000][1][safepoint    ] Entering safepoint region: RevokeBias
[2019-06-24T10:12:47.007+0000][1][safepoint    ] Leaving safepoint region
[2019-06-24T10:12:47.007+0000][1][safepoint    ] Total time for which application threads were stopped: 0.0001617 seconds, Stopping threads took: 0.0000555 seconds
[2019-06-24T10:12:47.007+0000][1][safepoint    ] Application time: 0.0001748 seconds
[2019-06-24T10:12:47.007+0000][1][safepoint    ] Entering safepoint region: RevokeBias
[2019-06-24T10:12:47.007+0000][1][safepoint    ] Leaving safepoint region
[2019-06-24T10:12:47.007+0000][1][safepoint    ] Total time for which application threads were stopped: 0.0001786 seconds, Stopping threads took: 0.0001059 seconds
[2019-06-24T10:12:47.008+0000][1][safepoint    ] Application time: 0.0007745 seconds
[2019-06-24T10:12:47.008+0000][1][safepoint    ] Entering safepoint region: RevokeBias
[2019-06-24T10:12:47.008+0000][1][safepoint    ] Leaving safepoint region
[2019-06-24T10:12:47.008+0000][1][safepoint    ] Total time for which application threads were stopped: 0.0002524 seconds, Stopping threads took: 0.0001752 seconds
[2019-06-24T10:12:47.011+0000][1][safepoint    ] Application time: 0.0026458 seconds
[2019-06-24T10:12:47.011+0000][1][safepoint    ] Entering safepoint region: RevokeBias
[2019-06-24T10:12:47.011+0000][1][safepoint    ] Leaving safepoint region
[2019-06-24T10:12:47.011+0000][1][safepoint    ] Total time for which application threads were stopped: 0.0003065 seconds, Stopping threads took: 0.0000541 seconds
[2019-06-24T10:12:47.017+0000][1][safepoint    ] Application time: 0.0057395 seconds
[2019-06-24T10:12:47.017+0000][1][safepoint    ] Entering safepoint region: RevokeBias
[2019-06-24T10:12:47.017+0000][1][safepoint    ] Leaving safepoint region
[2019-06-24T10:12:47.018+0000][1][safepoint    ] Total time for which application threads were stopped: 0.0002289 seconds, Stopping threads took: 0.0000582 seconds
[2019-06-24T10:12:47.018+0000][1][safepoint    ] Application time: 0.0003377 seconds
[2019-06-24T10:12:47.018+0000][1][safepoint    ] Entering safepoint region: RevokeBias
[2019-06-24T10:12:47.018+0000][1][safepoint    ] Leaving safepoint region
[2019-06-24T10:12:47.018+0000][1][safepoint    ] Total time for which application threads were stopped: 0.0002564 seconds, Stopping threads took: 0.0000796 seconds
[2019-06-24T10:12:47.018+0000][1][safepoint    ] Application time: 0.0000831 seconds
[2019-06-24T10:12:47.018+0000][1][safepoint    ] Entering safepoint region: RevokeBias
[2019-06-24T10:12:47.018+0000][1][safepoint    ] Leaving safepoint region
[2019-06-24T10:12:47.018+0000][1][safepoint    ] Total time for which application threads were stopped: 0.0001890 seconds, Stopping threads took: 0.0000689 seconds
[2019-06-24T10:12:47.019+0000][1][safepoint    ] Application time: 0.0001609 seconds
[2019-06-24T10:12:47.019+0000][1][safepoint    ] Entering safepoint region: RevokeBias
[2019-06-24T10:12:47.019+0000][1][safepoint    ] Leaving safepoint region
[2019-06-24T10:12:47.019+0000][1][safepoint    ] Total time for which application threads were stopped: 0.0002274 seconds, Stopping threads took: 0.0000571 seconds
[2019-06-24T10:12:47.019+0000][1][safepoint    ] Application time: 0.0000568 seconds
[2019-06-24T10:12:47.019+0000][1][safepoint    ] Entering safepoint region: RevokeBias
[2019-06-24T10:12:47.019+0000][1][safepoint    ] Leaving safepoint region
[2019-06-24T10:12:47.019+0000][1][safepoint    ] Total time for which application threads were stopped: 0.0002082 seconds, Stopping threads took: 0.0000534 seconds
[2019-06-24T10:12:47.019+0000][1][safepoint    ] Application time: 0.0000530 seconds
[2019-06-24T10:12:47.019+0000][1][safepoint    ] Entering safepoint region: RevokeBias
[2019-06-24T10:12:47.019+0000][1][safepoint    ] Leaving safepoint region
[2019-06-24T10:12:47.019+0000][1][safepoint    ] Total time for which application threads were stopped: 0.0001855 seconds, Stopping threads took: 0.0000350 seconds
[2019-06-24T10:12:47.019+0000][1][safepoint    ] Application time: 0.0000611 seconds
[2019-06-24T10:12:47.020+0000][1][safepoint    ] Entering safepoint region: RevokeBias
[2019-06-24T10:12:47.020+0000][1][safepoint    ] Leaving safepoint region
[2019-06-24T10:12:47.020+0000][1][safepoint    ] Total time for which application threads were stopped: 0.0001242 seconds, Stopping threads took: 0.0000389 seconds
[2019-06-24T10:12:47.020+0000][1][safepoint    ] Application time: 0.0000532 seconds
[2019-06-24T10:12:47.020+0000][1][safepoint    ] Entering safepoint region: RevokeBias
[2019-06-24T10:12:47.020+0000][1][safepoint    ] Leaving safepoint region
[2019-06-24T10:12:47.020+0000][1][safepoint    ] Total time for which application threads were stopped: 0.0001066 seconds, Stopping threads took: 0.0000309 seconds
[2019-06-24T10:12:47.020+0000][1][safepoint    ] Application time: 0.0000515 seconds
[2019-06-24T10:12:47.020+0000][1][safepoint    ] Entering safepoint region: RevokeBias
[2019-06-24T10:12:47.020+0000][1][safepoint    ] Leaving safepoint region
[2019-06-24T10:12:47.020+0000][1][safepoint    ] Total time for which application threads were stopped: 0.0000708 seconds, Stopping threads took: 0.0000118 seconds
[2019-06-24T10:12:47.020+0000][1][safepoint    ] Application time: 0.0000496 seconds
[2019-06-24T10:12:47.020+0000][1][safepoint    ] Entering safepoint region: RevokeBias
[2019-06-24T10:12:47.020+0000][1][safepoint    ] Leaving safepoint region
[2019-06-24T10:12:47.020+0000][1][safepoint    ] Total time for which application threads were stopped: 0.0001216 seconds, Stopping threads took: 0.0000358 seconds
[2019-06-24T10:12:47.020+0000][1][safepoint    ] Application time: 0.0000512 seconds
[2019-06-24T10:12:47.020+0000][1][safepoint    ] Entering safepoint region: RevokeBias
[2019-06-24T10:12:47.020+0000][1][safepoint    ] Leaving safepoint region
[2019-06-24T10:12:47.020+0000][1][safepoint    ] Total time for which application threads were stopped: 0.0001105 seconds, Stopping threads took: 0.0000312 seconds
[2019-06-24T10:12:47.020+0000][1][safepoint    ] Application time: 0.0000523 seconds
[2019-06-24T10:12:47.020+0000][1][safepoint    ] Entering safepoint region: RevokeBias
[2019-06-24T10:12:47.021+0000][1][safepoint    ] Leaving safepoint region
[2019-06-24T10:12:47.021+0000][1][safepoint    ] Total time for which application threads were stopped: 0.0001041 seconds, Stopping threads took: 0.0000405 seconds
[2019-06-24T10:12:47.021+0000][1][safepoint    ] Application time: 0.0000498 seconds
[2019-06-24T10:12:47.021+0000][1][safepoint    ] Entering safepoint region: BulkRevokeBias
[2019-06-24T10:12:47.021+0000][1][safepoint    ] Leaving safepoint region
[2019-06-24T10:12:47.021+0000][1][safepoint    ] Total time for which application threads were stopped: 0.0001485 seconds, Stopping threads took: 0.0000318 seconds
[2019-06-24T10:12:47.021+0000][1][safepoint    ] Application time: 0.0001844 seconds
[2019-06-24T10:12:47.021+0000][1][safepoint    ] Entering safepoint region: RevokeBias
[2019-06-24T10:12:47.021+0000][1][safepoint    ] Leaving safepoint region
[2019-06-24T10:12:47.021+0000][1][safepoint    ] Total time for which application threads were stopped: 0.0000846 seconds, Stopping threads took: 0.0000129 seconds
[2019-06-24T10:12:47.021+0000][1][safepoint    ] Application time: 0.0000492 seconds
[2019-06-24T10:12:47.021+0000][1][safepoint    ] Entering safepoint region: RevokeBias
[2019-06-24T10:12:47.021+0000][1][safepoint    ] Leaving safepoint region
[2019-06-24T10:12:47.021+0000][1][safepoint    ] Total time for which application threads were stopped: 0.0002782 seconds, Stopping threads took: 0.0002148 seconds
[2019-06-24T10:12:47.021+0000][1][safepoint    ] Application time: 0.0000491 seconds
[2019-06-24T10:12:47.022+0000][1][safepoint    ] Entering safepoint region: RevokeBias
[2019-06-24T10:12:47.022+0000][1][safepoint    ] Leaving safepoint region
[2019-06-24T10:12:47.022+0000][1][safepoint    ] Total time for which application threads were stopped: 0.0002180 seconds, Stopping threads took: 0.0001677 seconds
[2019-06-24T10:12:47.022+0000][1][safepoint    ] Application time: 0.0000534 seconds
[2019-06-24T10:12:47.022+0000][1][safepoint    ] Entering safepoint region: RevokeBias
[2019-06-24T10:12:47.022+0000][1][safepoint    ] Leaving safepoint region
[2019-06-24T10:12:47.022+0000][1][safepoint    ] Total time for which application threads were stopped: 0.0001062 seconds, Stopping threads took: 0.0000442 seconds
[2019-06-24T10:12:47.022+0000][1][safepoint    ] Application time: 0.0000555 seconds
[2019-06-24T10:12:47.022+0000][1][safepoint    ] Entering safepoint region: RevokeBias
[2019-06-24T10:12:47.022+0000][1][safepoint    ] Leaving safepoint region
[2019-06-24T10:12:47.022+0000][1][safepoint    ] Total time for which application threads were stopped: 0.0000885 seconds, Stopping threads took: 0.0000341 seconds
[2019-06-24T10:12:47.022+0000][1][safepoint    ] Application time: 0.0000508 seconds
[2019-06-24T10:12:47.022+0000][1][safepoint    ] Entering safepoint region: RevokeBias
[2019-06-24T10:12:47.022+0000][1][safepoint    ] Leaving safepoint region
[2019-06-24T10:12:47.022+0000][1][safepoint    ] Total time for which application threads were stopped: 0.0001181 seconds, Stopping threads took: 0.0000410 seconds
[2019-06-24T10:12:47.022+0000][1][safepoint    ] Application time: 0.0000484 seconds
[2019-06-24T10:12:47.022+0000][1][safepoint    ] Entering safepoint region: RevokeBias
[2019-06-24T10:12:47.022+0000][1][safepoint    ] Leaving safepoint region
[2019-06-24T10:12:47.022+0000][1][safepoint    ] Total time for which application threads were stopped: 0.0001032 seconds, Stopping threads took: 0.0000388 seconds
[2019-06-24T10:12:47.022+0000][1][safepoint    ] Application time: 0.0000474 seconds
[2019-06-24T10:12:47.022+0000][1][safepoint    ] Entering safepoint region: RevokeBias
[2019-06-24T10:12:47.023+0000][1][safepoint    ] Leaving safepoint region
[2019-06-24T10:12:47.023+0000][1][safepoint    ] Total time for which application threads were stopped: 0.0000696 seconds, Stopping threads took: 0.0000154 seconds
[2019-06-24T10:12:47.023+0000][1][safepoint    ] Application time: 0.0000440 seconds
[2019-06-24T10:12:47.023+0000][1][safepoint    ] Entering safepoint region: RevokeBias
[2019-06-24T10:12:47.023+0000][1][safepoint    ] Leaving safepoint region
[2019-06-24T10:12:47.023+0000][1][safepoint    ] Total time for which application threads were stopped: 0.0000623 seconds, Stopping threads took: 0.0000118 seconds
[2019-06-24T10:12:47.023+0000][1][safepoint    ] Application time: 0.0000434 seconds
[2019-06-24T10:12:47.023+0000][1][safepoint    ] Entering safepoint region: RevokeBias
[2019-06-24T10:12:47.023+0000][1][safepoint    ] Leaving safepoint region
[2019-06-24T10:12:47.023+0000][1][safepoint    ] Total time for which application threads were stopped: 0.0000627 seconds, Stopping threads took: 0.0000117 seconds
[2019-06-24T10:12:47.023+0000][1][safepoint    ] Application time: 0.0000447 seconds
[2019-06-24T10:12:47.023+0000][1][safepoint    ] Entering safepoint region: RevokeBias
[2019-06-24T10:12:47.023+0000][1][safepoint    ] Leaving safepoint region
[2019-06-24T10:12:47.023+0000][1][safepoint    ] Total time for which application threads were stopped: 0.0000611 seconds, Stopping threads took: 0.0000118 seconds
[2019-06-24T10:12:47.023+0000][1][safepoint    ] Application time: 0.0000428 seconds
[2019-06-24T10:12:47.023+0000][1][safepoint    ] Entering safepoint region: RevokeBias
[2019-06-24T10:12:47.023+0000][1][safepoint    ] Leaving safepoint region
[2019-06-24T10:12:47.023+0000][1][safepoint    ] Total time for which application threads were stopped: 0.0000620 seconds, Stopping threads took: 0.0000115 seconds
[2019-06-24T10:12:47.023+0000][1][safepoint    ] Application time: 0.0000413 seconds
[2019-06-24T10:12:47.023+0000][1][safepoint    ] Entering safepoint region: RevokeBias
[2019-06-24T10:12:47.023+0000][1][safepoint    ] Leaving safepoint region
[2019-06-24T10:12:47.023+0000][1][safepoint    ] Total time for which application threads were stopped: 0.0000622 seconds, Stopping threads took: 0.0000117 seconds
[2019-06-24T10:12:47.023+0000][1][safepoint    ] Application time: 0.0000430 seconds
[2019-06-24T10:12:47.023+0000][1][safepoint    ] Entering safepoint region: RevokeBias
[2019-06-24T10:12:47.023+0000][1][safepoint    ] Leaving safepoint region
[2019-06-24T10:12:47.023+0000][1][safepoint    ] Total time for which application threads were stopped: 0.0000620 seconds, Stopping threads took: 0.0000122 seconds
[2019-06-24T10:12:47.023+0000][1][safepoint    ] Application time: 0.0000420 seconds
[2019-06-24T10:12:47.023+0000][1][safepoint    ] Entering safepoint region: RevokeBias
[2019-06-24T10:12:47.023+0000][1][safepoint    ] Leaving safepoint region
[2019-06-24T10:12:47.023+0000][1][safepoint    ] Total time for which application threads were stopped: 0.0000722 seconds, Stopping threads took: 0.0000117 seconds
[2019-06-24T10:12:47.024+0000][1][safepoint    ] Application time: 0.0000438 seconds
[2019-06-24T10:12:47.024+0000][1][safepoint    ] Entering safepoint region: RevokeBias
[2019-06-24T10:12:47.024+0000][1][safepoint    ] Leaving safepoint region
[2019-06-24T10:12:47.024+0000][1][safepoint    ] Total time for which application threads were stopped: 0.0000837 seconds, Stopping threads took: 0.0000121 seconds
[2019-06-24T10:12:47.024+0000][1][safepoint    ] Application time: 0.0000406 seconds
[2019-06-24T10:12:47.024+0000][1][safepoint    ] Entering safepoint region: RevokeBias
[2019-06-24T10:12:47.024+0000][1][safepoint    ] Leaving safepoint region
[2019-06-24T10:12:47.024+0000][1][safepoint    ] Total time for which application threads were stopped: 0.0000791 seconds, Stopping threads took: 0.0000118 seconds
[2019-06-24T10:12:47.024+0000][1][safepoint    ] Application time: 0.0000513 seconds
[2019-06-24T10:12:47.024+0000][1][safepoint    ] Entering safepoint region: RevokeBias
[2019-06-24T10:12:47.024+0000][1][safepoint    ] Leaving safepoint region
[2019-06-24T10:12:47.024+0000][1][safepoint    ] Total time for which application threads were stopped: 0.0000651 seconds, Stopping threads took: 0.0000115 seconds
[2019-06-24T10:12:47.024+0000][1][safepoint    ] Application time: 0.0000452 seconds
[2019-06-24T10:12:47.024+0000][1][safepoint    ] Entering safepoint region: RevokeBias
[2019-06-24T10:12:47.024+0000][1][safepoint    ] Leaving safepoint region
[2019-06-24T10:12:47.024+0000][1][safepoint    ] Total time for which application threads were stopped: 0.0000663 seconds, Stopping threads took: 0.0000113 seconds
[2019-06-24T10:12:47.024+0000][1][safepoint    ] Application time: 0.0000436 seconds
[2019-06-24T10:12:47.024+0000][1][safepoint    ] Entering safepoint region: BulkRevokeBias
[2019-06-24T10:12:47.024+0000][1][safepoint    ] Leaving safepoint region
[2019-06-24T10:12:47.024+0000][1][safepoint    ] Total time for which application threads were stopped: 0.0001491 seconds, Stopping threads took: 0.0000118 seconds
[2019-06-24T10:12:47.024+0000][1][safepoint    ] Application time: 0.0001974 seconds
[2019-06-24T10:12:47.024+0000][1][safepoint    ] Entering safepoint region: RevokeBias
[2019-06-24T10:12:47.025+0000][1][safepoint    ] Leaving safepoint region
[2019-06-24T10:12:47.025+0000][1][safepoint    ] Total time for which application threads were stopped: 0.0000715 seconds, Stopping threads took: 0.0000123 seconds
[2019-06-24T10:12:47.025+0000][1][safepoint    ] Application time: 0.0001361 seconds
[2019-06-24T10:12:47.025+0000][1][safepoint    ] Entering safepoint region: RevokeBias
[2019-06-24T10:12:47.025+0000][1][safepoint    ] Leaving safepoint region
[2019-06-24T10:12:47.025+0000][1][safepoint    ] Total time for which application threads were stopped: 0.0000757 seconds, Stopping threads took: 0.0000119 seconds
[2019-06-24T10:12:47.025+0000][1][safepoint    ] Application time: 0.0000687 seconds
[2019-06-24T10:12:47.025+0000][1][safepoint    ] Entering safepoint region: RevokeBias
[2019-06-24T10:12:47.025+0000][1][safepoint    ] Leaving safepoint region
[2019-06-24T10:12:47.025+0000][1][safepoint    ] Total time for which application threads were stopped: 0.0001169 seconds, Stopping threads took: 0.0000469 seconds
[2019-06-24T10:12:47.025+0000][1][safepoint    ] Application time: 0.0000641 seconds
[2019-06-24T10:12:47.025+0000][1][safepoint    ] Entering safepoint region: RevokeBias
[2019-06-24T10:12:47.025+0000][1][safepoint    ] Leaving safepoint region
[2019-06-24T10:12:47.025+0000][1][safepoint    ] Total time for which application threads were stopped: 0.0001017 seconds, Stopping threads took: 0.0000120 seconds
[2019-06-24T10:12:47.025+0000][1][safepoint    ] Application time: 0.0000508 seconds
[2019-06-24T10:12:47.025+0000][1][safepoint    ] Entering safepoint region: RevokeBias
[2019-06-24T10:12:47.025+0000][1][safepoint    ] Leaving safepoint region
[2019-06-24T10:12:47.025+0000][1][safepoint    ] Total time for which application threads were stopped: 0.0001106 seconds, Stopping threads took: 0.0000120 seconds
[2019-06-24T10:12:47.025+0000][1][safepoint    ] Application time: 0.0000504 seconds
[2019-06-24T10:12:47.025+0000][1][safepoint    ] Entering safepoint region: RevokeBias
[2019-06-24T10:12:47.025+0000][1][safepoint    ] Leaving safepoint region
[2019-06-24T10:12:47.026+0000][1][safepoint    ] Total time for which application threads were stopped: 0.0000609 seconds, Stopping threads took: 0.0000124 seconds
[2019-06-24T10:12:47.026+0000][1][safepoint    ] Application time: 0.0000533 seconds
[2019-06-24T10:12:47.026+0000][1][safepoint    ] Entering safepoint region: RevokeBias
[2019-06-24T10:12:47.026+0000][1][safepoint    ] Leaving safepoint region
[2019-06-24T10:12:47.026+0000][1][safepoint    ] Total time for which application threads were stopped: 0.0000588 seconds, Stopping threads took: 0.0000120 seconds
[2019-06-24T10:12:47.026+0000][1][safepoint    ] Application time: 0.0001323 seconds
[2019-06-24T10:12:47.026+0000][1][safepoint    ] Entering safepoint region: RevokeBias
[2019-06-24T10:12:47.026+0000][1][safepoint    ] Leaving safepoint region
[2019-06-24T10:12:47.026+0000][1][safepoint    ] Total time for which application threads were stopped: 0.0001119 seconds, Stopping threads took: 0.0000142 seconds
[2019-06-24T10:12:47.026+0000][1][safepoint    ] Application time: 0.0000526 seconds
[2019-06-24T10:12:47.026+0000][1][safepoint    ] Entering safepoint region: RevokeBias
[2019-06-24T10:12:47.026+0000][1][safepoint    ] Leaving safepoint region
[2019-06-24T10:12:47.026+0000][1][safepoint    ] Total time for which application threads were stopped: 0.0000874 seconds, Stopping threads took: 0.0000363 seconds
[2019-06-24T10:12:47.026+0000][1][safepoint    ] Application time: 0.0000663 seconds
[2019-06-24T10:12:47.026+0000][1][safepoint    ] Entering safepoint region: RevokeBias
[2019-06-24T10:12:47.027+0000][1][safepoint    ] Leaving safepoint region
[2019-06-24T10:12:47.027+0000][1][safepoint    ] Total time for which application threads were stopped: 0.0003990 seconds, Stopping threads took: 0.0002489 seconds
[2019-06-24T10:12:47.027+0000][1][safepoint    ] Application time: 0.0001010 seconds
[2019-06-24T10:12:47.027+0000][1][safepoint    ] Entering safepoint region: RevokeBias
[2019-06-24T10:12:47.027+0000][1][safepoint    ] Leaving safepoint region
[2019-06-24T10:12:47.027+0000][1][safepoint    ] Total time for which application threads were stopped: 0.0001626 seconds, Stopping threads took: 0.0000220 seconds
[2019-06-24T10:12:47.027+0000][1][safepoint    ] Application time: 0.0000695 seconds
[2019-06-24T10:12:47.027+0000][1][safepoint    ] Entering safepoint region: RevokeBias
[2019-06-24T10:12:47.027+0000][1][safepoint    ] Leaving safepoint region
[2019-06-24T10:12:47.027+0000][1][safepoint    ] Total time for which application threads were stopped: 0.0001202 seconds, Stopping threads took: 0.0000146 seconds
[2019-06-24T10:12:47.027+0000][1][safepoint    ] Application time: 0.0000645 seconds
[2019-06-24T10:12:47.027+0000][1][safepoint    ] Entering safepoint region: RevokeBias
[2019-06-24T10:12:47.027+0000][1][safepoint    ] Leaving safepoint region
[2019-06-24T10:12:47.027+0000][1][safepoint    ] Total time for which application threads were stopped: 0.0001000 seconds, Stopping threads took: 0.0000108 seconds
[2019-06-24T10:12:47.027+0000][1][safepoint    ] Application time: 0.0000562 seconds
[2019-06-24T10:12:47.027+0000][1][safepoint    ] Entering safepoint region: RevokeBias
[2019-06-24T10:12:47.027+0000][1][safepoint    ] Leaving safepoint region
[2019-06-24T10:12:47.027+0000][1][safepoint    ] Total time for which application threads were stopped: 0.0000710 seconds, Stopping threads took: 0.0000095 seconds
[2019-06-24T10:12:47.028+0000][1][safepoint    ] Application time: 0.0000476 seconds
[2019-06-24T10:12:47.028+0000][1][safepoint    ] Entering safepoint region: RevokeBias
[2019-06-24T10:12:47.028+0000][1][safepoint    ] Leaving safepoint region
[2019-06-24T10:12:47.028+0000][1][safepoint    ] Total time for which application threads were stopped: 0.0001130 seconds, Stopping threads took: 0.0000373 seconds
[2019-06-24T10:12:47.028+0000][1][safepoint    ] Application time: 0.0000485 seconds
[2019-06-24T10:12:47.028+0000][1][safepoint    ] Entering safepoint region: RevokeBias
[2019-06-24T10:12:47.028+0000][1][safepoint    ] Leaving safepoint region
[2019-06-24T10:12:47.028+0000][1][safepoint    ] Total time for which application threads were stopped: 0.0001006 seconds, Stopping threads took: 0.0000098 seconds
[2019-06-24T10:12:47.028+0000][1][safepoint    ] Application time: 0.0000478 seconds
[2019-06-24T10:12:47.028+0000][1][safepoint    ] Entering safepoint region: RevokeBias
[2019-06-24T10:12:47.028+0000][1][safepoint    ] Leaving safepoint region
[2019-06-24T10:12:47.028+0000][1][safepoint    ] Total time for which application threads were stopped: 0.0001010 seconds, Stopping threads took: 0.0000097 seconds
[2019-06-24T10:12:47.029+0000][1][safepoint    ] Application time: 0.0006459 seconds
[2019-06-24T10:12:47.029+0000][1][safepoint    ] Entering safepoint region: RevokeBias
[2019-06-24T10:12:47.029+0000][1][safepoint    ] Leaving safepoint region
[2019-06-24T10:12:47.029+0000][1][safepoint    ] Total time for which application threads were stopped: 0.0002840 seconds, Stopping threads took: 0.0000432 seconds
[2019-06-24T10:12:47.029+0000][1][safepoint    ] Application time: 0.0001527 seconds
[2019-06-24T10:12:47.029+0000][1][safepoint    ] Entering safepoint region: RevokeBias
[2019-06-24T10:12:47.029+0000][1][safepoint    ] Leaving safepoint region
[2019-06-24T10:12:47.029+0000][1][safepoint    ] Total time for which application threads were stopped: 0.0001844 seconds, Stopping threads took: 0.0000194 seconds
[2019-06-24T10:12:47.029+0000][1][safepoint    ] Application time: 0.0001033 seconds
[2019-06-24T10:12:47.030+0000][1][safepoint    ] Entering safepoint region: RevokeBias
[2019-06-24T10:12:47.030+0000][1][safepoint    ] Leaving safepoint region
[2019-06-24T10:12:47.030+0000][1][safepoint    ] Total time for which application threads were stopped: 0.0001347 seconds, Stopping threads took: 0.0000183 seconds
[2019-06-24T10:12:47.030+0000][1][safepoint    ] Application time: 0.0000679 seconds
[2019-06-24T10:12:47.030+0000][1][safepoint    ] Entering safepoint region: RevokeBias
[2019-06-24T10:12:47.030+0000][1][safepoint    ] Leaving safepoint region
[2019-06-24T10:12:47.030+0000][1][safepoint    ] Total time for which application threads were stopped: 0.0000952 seconds, Stopping threads took: 0.0000128 seconds
[2019-06-24T10:12:47.030+0000][1][safepoint    ] Application time: 0.0000777 seconds
[2019-06-24T10:12:47.030+0000][1][safepoint    ] Entering safepoint region: RevokeBias
[2019-06-24T10:12:47.030+0000][1][safepoint    ] Leaving safepoint region
[2019-06-24T10:12:47.030+0000][1][safepoint    ] Total time for which application threads were stopped: 0.0000895 seconds, Stopping threads took: 0.0000126 seconds
[2019-06-24T10:12:47.030+0000][1][safepoint    ] Application time: 0.0000708 seconds
[2019-06-24T10:12:47.030+0000][1][safepoint    ] Entering safepoint region: BulkRevokeBias
[2019-06-24T10:12:47.030+0000][1][safepoint    ] Leaving safepoint region
[2019-06-24T10:12:47.030+0000][1][safepoint    ] Total time for which application threads were stopped: 0.0001544 seconds, Stopping threads took: 0.0000083 seconds
[2019-06-24T10:12:47.031+0000][1][safepoint    ] Application time: 0.0005289 seconds
[2019-06-24T10:12:47.031+0000][1][safepoint    ] Entering safepoint region: RevokeBias
[2019-06-24T10:12:47.031+0000][1][safepoint    ] Leaving safepoint region
[2019-06-24T10:12:47.031+0000][1][safepoint    ] Total time for which application threads were stopped: 0.0002014 seconds, Stopping threads took: 0.0000272 seconds
[2019-06-24T10:12:47.031+0000][1][safepoint    ] Application time: 0.0001283 seconds
[2019-06-24T10:12:47.031+0000][1][safepoint    ] Entering safepoint region: RevokeBias
[2019-06-24T10:12:47.031+0000][1][safepoint    ] Leaving safepoint region
[2019-06-24T10:12:47.031+0000][1][safepoint    ] Total time for which application threads were stopped: 0.0001396 seconds, Stopping threads took: 0.0000674 seconds
[2019-06-24T10:12:47.031+0000][1][safepoint    ] Application time: 0.0000451 seconds
[2019-06-24T10:12:47.032+0000][1][safepoint    ] Entering safepoint region: RevokeBias
[2019-06-24T10:12:47.032+0000][1][safepoint    ] Leaving safepoint region
[2019-06-24T10:12:47.032+0000][1][safepoint    ] Total time for which application threads were stopped: 0.0002903 seconds, Stopping threads took: 0.0001987 seconds
[2019-06-24T10:12:47.032+0000][1][safepoint    ] Application time: 0.0000284 seconds
[2019-06-24T10:12:47.032+0000][1][safepoint    ] Entering safepoint region: RevokeBias
[2019-06-24T10:12:47.032+0000][1][safepoint    ] Leaving safepoint region
[2019-06-24T10:12:47.032+0000][1][safepoint    ] Total time for which application threads were stopped: 0.0001299 seconds, Stopping threads took: 0.0000131 seconds
[2019-06-24T10:12:47.032+0000][1][safepoint    ] Application time: 0.0001373 seconds
[2019-06-24T10:12:47.033+0000][1][safepoint    ] Entering safepoint region: RevokeBias
[2019-06-24T10:12:47.033+0000][1][safepoint    ] Leaving safepoint region
[2019-06-24T10:12:47.033+0000][1][safepoint    ] Total time for which application threads were stopped: 0.0013909 seconds, Stopping threads took: 0.0012239 seconds
[2019-06-24T10:12:47.034+0000][1][safepoint    ] Application time: 0.0000867 seconds
[2019-06-24T10:12:47.034+0000][1][safepoint    ] Entering safepoint region: RevokeBias
[2019-06-24T10:12:47.034+0000][1][safepoint    ] Leaving safepoint region
[2019-06-24T10:12:47.034+0000][1][safepoint    ] Total time for which application threads were stopped: 0.0003542 seconds, Stopping threads took: 0.0002837 seconds
[2019-06-24T10:12:47.034+0000][1][safepoint    ] Application time: 0.0000782 seconds
[2019-06-24T10:12:47.034+0000][1][safepoint    ] Entering safepoint region: RevokeBias
[2019-06-24T10:12:47.034+0000][1][safepoint    ] Leaving safepoint region
[2019-06-24T10:12:47.034+0000][1][safepoint    ] Total time for which application threads were stopped: 0.0001302 seconds, Stopping threads took: 0.0000492 seconds
[2019-06-24T10:12:47.035+0000][1][safepoint    ] Application time: 0.0005346 seconds
[2019-06-24T10:12:47.035+0000][1][safepoint    ] Entering safepoint region: RevokeBias
[2019-06-24T10:12:47.035+0000][1][safepoint    ] Leaving safepoint region
[2019-06-24T10:12:47.035+0000][1][safepoint    ] Total time for which application threads were stopped: 0.0000972 seconds, Stopping threads took: 0.0000291 seconds
[2019-06-24T10:12:47.035+0000][1][safepoint    ] Application time: 0.0003777 seconds
[2019-06-24T10:12:47.035+0000][1][safepoint    ] Entering safepoint region: RevokeBias
[2019-06-24T10:12:47.035+0000][1][safepoint    ] Leaving safepoint region
[2019-06-24T10:12:47.035+0000][1][safepoint    ] Total time for which application threads were stopped: 0.0000973 seconds, Stopping threads took: 0.0000159 seconds
[2019-06-24T10:12:47.036+0000][1][safepoint    ] Application time: 0.0004659 seconds
[2019-06-24T10:12:47.036+0000][1][safepoint    ] Entering safepoint region: RevokeBias
[2019-06-24T10:12:47.036+0000][1][safepoint    ] Leaving safepoint region
[2019-06-24T10:12:47.036+0000][1][safepoint    ] Total time for which application threads were stopped: 0.0003080 seconds, Stopping threads took: 0.0002295 seconds
[2019-06-24T10:12:47.037+0000][1][safepoint    ] Application time: 0.0005083 seconds
[2019-06-24T10:12:47.037+0000][1][safepoint    ] Entering safepoint region: RevokeBias
[2019-06-24T10:12:47.037+0000][1][safepoint    ] Leaving safepoint region
[2019-06-24T10:12:47.037+0000][1][safepoint    ] Total time for which application threads were stopped: 0.0001609 seconds, Stopping threads took: 0.0000852 seconds
[2019-06-24T10:12:47.037+0000][1][safepoint    ] Application time: 0.0003588 seconds
[2019-06-24T10:12:47.037+0000][1][safepoint    ] Entering safepoint region: RevokeBias
[2019-06-24T10:12:47.037+0000][1][safepoint    ] Leaving safepoint region
[2019-06-24T10:12:47.037+0000][1][safepoint    ] Total time for which application threads were stopped: 0.0001118 seconds, Stopping threads took: 0.0000311 seconds
[2019-06-24T10:12:47.038+0000][1][safepoint    ] Application time: 0.0003241 seconds
[2019-06-24T10:12:47.038+0000][1][safepoint    ] Entering safepoint region: RevokeBias
[2019-06-24T10:12:47.038+0000][1][safepoint    ] Leaving safepoint region
[2019-06-24T10:12:47.038+0000][1][safepoint    ] Total time for which application threads were stopped: 0.0001170 seconds, Stopping threads took: 0.0000353 seconds
[2019-06-24T10:12:47.038+0000][1][safepoint    ] Application time: 0.0002990 seconds
[2019-06-24T10:12:47.038+0000][1][safepoint    ] Entering safepoint region: RevokeBias
[2019-06-24T10:12:47.038+0000][1][safepoint    ] Leaving safepoint region
[2019-06-24T10:12:47.038+0000][1][safepoint    ] Total time for which application threads were stopped: 0.0000837 seconds, Stopping threads took: 0.0000304 seconds
[2019-06-24T10:12:47.040+0000][1][safepoint    ] Application time: 0.0017213 seconds
[2019-06-24T10:12:47.040+0000][1][safepoint    ] Entering safepoint region: RevokeBias
[2019-06-24T10:12:47.040+0000][1][safepoint    ] Leaving safepoint region
[2019-06-24T10:12:47.040+0000][1][safepoint    ] Total time for which application threads were stopped: 0.0001356 seconds, Stopping threads took: 0.0000472 seconds
[2019-06-24T10:12:47.040+0000][1][safepoint    ] Application time: 0.0000719 seconds
[2019-06-24T10:12:47.040+0000][1][safepoint    ] Entering safepoint region: RevokeBias
[2019-06-24T10:12:47.040+0000][1][safepoint    ] Leaving safepoint region
[2019-06-24T10:12:47.040+0000][1][safepoint    ] Total time for which application threads were stopped: 0.0000868 seconds, Stopping threads took: 0.0000170 seconds
[2019-06-24T10:12:47.040+0000][1][safepoint    ] Application time: 0.0000810 seconds
[2019-06-24T10:12:47.040+0000][1][safepoint    ] Entering safepoint region: RevokeBias
[2019-06-24T10:12:47.041+0000][1][safepoint    ] Leaving safepoint region
[2019-06-24T10:12:47.041+0000][1][safepoint    ] Total time for which application threads were stopped: 0.0001024 seconds, Stopping threads took: 0.0000389 seconds
[2019-06-24T10:12:47.041+0000][1][safepoint    ] Application time: 0.0005598 seconds
[2019-06-24T10:12:47.041+0000][1][safepoint    ] Entering safepoint region: RevokeBias
[2019-06-24T10:12:47.041+0000][1][safepoint    ] Leaving safepoint region
[2019-06-24T10:12:47.041+0000][1][safepoint    ] Total time for which application threads were stopped: 0.0001056 seconds, Stopping threads took: 0.0000402 seconds
[2019-06-24T10:12:47.041+0000][1][safepoint    ] Application time: 0.0000592 seconds
[2019-06-24T10:12:47.041+0000][1][safepoint    ] Entering safepoint region: RevokeBias
[2019-06-24T10:12:47.041+0000][1][safepoint    ] Leaving safepoint region
[2019-06-24T10:12:47.041+0000][1][safepoint    ] Total time for which application threads were stopped: 0.0000881 seconds, Stopping threads took: 0.0000255 seconds
[2019-06-24T10:12:47.043+0000][1][safepoint    ] Application time: 0.0013001 seconds
[2019-06-24T10:12:47.043+0000][1][safepoint    ] Entering safepoint region: RevokeBias
[2019-06-24T10:12:47.043+0000][1][safepoint    ] Leaving safepoint region
[2019-06-24T10:12:47.043+0000][1][safepoint    ] Total time for which application threads were stopped: 0.0001202 seconds, Stopping threads took: 0.0000374 seconds
[2019-06-24T10:12:47.045+0000][1][safepoint    ] Application time: 0.0021517 seconds
[2019-06-24T10:12:47.045+0000][1][safepoint    ] Entering safepoint region: RevokeBias
[2019-06-24T10:12:47.046+0000][1][safepoint    ] Leaving safepoint region
[2019-06-24T10:12:47.046+0000][1][safepoint    ] Total time for which application threads were stopped: 0.0004134 seconds, Stopping threads took: 0.0000752 seconds
[2019-06-24T10:12:47.046+0000][1][safepoint    ] Application time: 0.0008138 seconds
[2019-06-24T10:12:47.047+0000][1][safepoint    ] Entering safepoint region: RevokeBias
[2019-06-24T10:12:47.047+0000][1][safepoint    ] Leaving safepoint region
[2019-06-24T10:12:47.047+0000][1][safepoint    ] Total time for which application threads were stopped: 0.0001908 seconds, Stopping threads took: 0.0000769 seconds
[2019-06-24T10:12:47.048+0000][1][safepoint    ] Application time: 0.0010269 seconds
[2019-06-24T10:12:47.048+0000][1][safepoint    ] Entering safepoint region: RevokeBias
[2019-06-24T10:12:47.048+0000][1][safepoint    ] Leaving safepoint region
[2019-06-24T10:12:47.048+0000][1][safepoint    ] Total time for which application threads were stopped: 0.0004237 seconds, Stopping threads took: 0.0000907 seconds
[2019-06-24T10:12:47.051+0000][1][safepoint    ] Application time: 0.0024206 seconds
[2019-06-24T10:12:47.051+0000][1][safepoint    ] Entering safepoint region: RevokeBias
[2019-06-24T10:12:47.051+0000][1][safepoint    ] Leaving safepoint region
[2019-06-24T10:12:47.051+0000][1][safepoint    ] Total time for which application threads were stopped: 0.0000619 seconds, Stopping threads took: 0.0000143 seconds
[2019-06-24T10:12:47.103+0000][1][safepoint    ] Application time: 0.0524065 seconds
[2019-06-24T10:12:47.103+0000][1][safepoint    ] Entering safepoint region: GenCollectForAllocation
[2019-06-24T10:12:47.103+0000][1][gc,start     ] GC(19) Pause Young (Allocation Failure)
[2019-06-24T10:12:47.103+0000][1][gc,task      ] GC(19) Using 5 workers of 8 for evacuation
[2019-06-24T10:12:47.115+0000][1][gc,age       ] GC(19) Desired survivor size 4456448 bytes, new threshold 2 (max threshold 6)
[2019-06-24T10:12:47.116+0000][1][gc,age       ] GC(19) Age table with threshold 2 (max threshold 6)
[2019-06-24T10:12:47.116+0000][1][gc,age       ] GC(19) - age   1:    2829904 bytes,    2829904 total
[2019-06-24T10:12:47.116+0000][1][gc,age       ] GC(19) - age   2:    3954944 bytes,    6784848 total
[2019-06-24T10:12:47.116+0000][1][gc,age       ] GC(19) - age   3:     208656 bytes,    6993504 total
[2019-06-24T10:12:47.116+0000][1][gc,heap      ] GC(19) ParNew: 75413K->8704K(78656K)
[2019-06-24T10:12:47.116+0000][1][gc,heap      ] GC(19) CMS: 55580K->55580K(174784K)
[2019-06-24T10:12:47.116+0000][1][gc,metaspace ] GC(19) Metaspace: 47159K->47159K(1093632K)
[2019-06-24T10:12:47.116+0000][1][gc           ] GC(19) Pause Young (Allocation Failure) 127M->62M(247M) 12.380ms
[2019-06-24T10:12:47.116+0000][1][gc,cpu       ] GC(19) User=0.06s Sys=0.00s Real=0.01s
[2019-06-24T10:12:47.116+0000][1][safepoint    ] Leaving safepoint region
[2019-06-24T10:12:47.116+0000][1][safepoint    ] Total time for which application threads were stopped: 0.0126502 seconds, Stopping threads took: 0.0000237 seconds
[2019-06-24T10:12:47.137+0000][1][safepoint    ] Application time: 0.0208293 seconds
[2019-06-24T10:12:47.137+0000][1][safepoint    ] Entering safepoint region: RevokeBias
[2019-06-24T10:12:47.137+0000][1][safepoint    ] Leaving safepoint region
[2019-06-24T10:12:47.137+0000][1][safepoint    ] Total time for which application threads were stopped: 0.0000882 seconds, Stopping threads took: 0.0000223 seconds
[2019-06-24T10:12:47.422+0000][1][safepoint    ] Application time: 0.2854994 seconds
[2019-06-24T10:12:47.422+0000][1][safepoint    ] Entering safepoint region: RevokeBias
[2019-06-24T10:12:47.423+0000][1][safepoint    ] Leaving safepoint region
[2019-06-24T10:12:47.423+0000][1][safepoint    ] Total time for which application threads were stopped: 0.0001410 seconds, Stopping threads took: 0.0000200 seconds
[2019-06-24T10:12:47.465+0000][1][safepoint    ] Application time: 0.0426300 seconds
[2019-06-24T10:12:47.465+0000][1][safepoint    ] Entering safepoint region: RevokeBias
[2019-06-24T10:12:47.465+0000][1][safepoint    ] Leaving safepoint region
[2019-06-24T10:12:47.465+0000][1][safepoint    ] Total time for which application threads were stopped: 0.0000847 seconds, Stopping threads took: 0.0000208 seconds
[2019-06-24T10:12:47.466+0000][1][safepoint    ] Application time: 0.0009119 seconds
[2019-06-24T10:12:47.466+0000][1][safepoint    ] Entering safepoint region: RevokeBias
[2019-06-24T10:12:47.466+0000][1][safepoint    ] Leaving safepoint region
[2019-06-24T10:12:47.466+0000][1][safepoint    ] Total time for which application threads were stopped: 0.0000933 seconds, Stopping threads took: 0.0000191 seconds
[2019-06-24T10:12:47.472+0000][1][safepoint    ] Application time: 0.0051885 seconds
[2019-06-24T10:12:47.472+0000][1][safepoint    ] Entering safepoint region: RevokeBias
[2019-06-24T10:12:47.472+0000][1][safepoint    ] Leaving safepoint region
[2019-06-24T10:12:47.472+0000][1][safepoint    ] Total time for which application threads were stopped: 0.0000760 seconds, Stopping threads took: 0.0000189 seconds
[2019-06-24T10:12:47.474+0000][1][safepoint    ] Application time: 0.0020027 seconds
[2019-06-24T10:12:47.474+0000][1][safepoint    ] Entering safepoint region: RevokeBias
[2019-06-24T10:12:47.474+0000][1][safepoint    ] Leaving safepoint region
[2019-06-24T10:12:47.474+0000][1][safepoint    ] Total time for which application threads were stopped: 0.0000669 seconds, Stopping threads took: 0.0000189 seconds
[2019-06-24T10:12:47.479+0000][1][safepoint    ] Application time: 0.0052324 seconds
[2019-06-24T10:12:47.479+0000][1][safepoint    ] Entering safepoint region: RevokeBias
[2019-06-24T10:12:47.479+0000][1][safepoint    ] Leaving safepoint region
[2019-06-24T10:12:47.479+0000][1][safepoint    ] Total time for which application threads were stopped: 0.0000691 seconds, Stopping threads took: 0.0000184 seconds
[2019-06-24T10:12:47.487+0000][1][safepoint    ] Application time: 0.0075960 seconds
[2019-06-24T10:12:47.487+0000][1][safepoint    ] Entering safepoint region: RevokeBias
[2019-06-24T10:12:47.487+0000][1][safepoint    ] Leaving safepoint region
[2019-06-24T10:12:47.487+0000][1][safepoint    ] Total time for which application threads were stopped: 0.0000846 seconds, Stopping threads took: 0.0000275 seconds
[2019-06-24T10:12:47.493+0000][1][safepoint    ] Application time: 0.0059764 seconds
[2019-06-24T10:12:47.493+0000][1][safepoint    ] Entering safepoint region: RevokeBias
[2019-06-24T10:12:47.493+0000][1][safepoint    ] Leaving safepoint region
[2019-06-24T10:12:47.493+0000][1][safepoint    ] Total time for which application threads were stopped: 0.0000665 seconds, Stopping threads took: 0.0000177 seconds
[2019-06-24T10:12:47.505+0000][1][safepoint    ] Application time: 0.0117049 seconds
[2019-06-24T10:12:47.505+0000][1][safepoint    ] Entering safepoint region: RevokeBias
[2019-06-24T10:12:47.505+0000][1][safepoint    ] Leaving safepoint region
[2019-06-24T10:12:47.505+0000][1][safepoint    ] Total time for which application threads were stopped: 0.0000577 seconds, Stopping threads took: 0.0000180 seconds
[2019-06-24T10:12:47.686+0000][1][safepoint    ] Application time: 0.1811731 seconds
[2019-06-24T10:12:47.686+0000][1][safepoint    ] Entering safepoint region: RevokeBias
[2019-06-24T10:12:47.687+0000][1][safepoint    ] Leaving safepoint region
[2019-06-24T10:12:47.687+0000][1][safepoint    ] Total time for which application threads were stopped: 0.0006645 seconds, Stopping threads took: 0.0000253 seconds
[2019-06-24T10:12:47.694+0000][1][safepoint    ] Application time: 0.0074590 seconds
[2019-06-24T10:12:47.694+0000][1][safepoint    ] Entering safepoint region: RevokeBias
[2019-06-24T10:12:47.694+0000][1][safepoint    ] Leaving safepoint region
[2019-06-24T10:12:47.694+0000][1][safepoint    ] Total time for which application threads were stopped: 0.0001037 seconds, Stopping threads took: 0.0000250 seconds
[2019-06-24T10:12:47.698+0000][1][safepoint    ] Application time: 0.0039657 seconds
[2019-06-24T10:12:47.698+0000][1][safepoint    ] Entering safepoint region: RevokeBias
[2019-06-24T10:12:47.699+0000][1][safepoint    ] Leaving safepoint region
[2019-06-24T10:12:47.699+0000][1][safepoint    ] Total time for which application threads were stopped: 0.0001572 seconds, Stopping threads took: 0.0000252 seconds
[2019-06-24T10:12:47.871+0000][1][safepoint    ] Application time: 0.1719318 seconds
[2019-06-24T10:12:47.871+0000][1][safepoint    ] Entering safepoint region: GenCollectForAllocation
[2019-06-24T10:12:47.871+0000][1][gc,start     ] GC(20) Pause Young (Allocation Failure)
[2019-06-24T10:12:47.871+0000][1][gc,task      ] GC(20) Using 5 workers of 8 for evacuation
[2019-06-24T10:12:47.890+0000][1][gc,age       ] GC(20) Desired survivor size 4456448 bytes, new threshold 6 (max threshold 6)
[2019-06-24T10:12:47.890+0000][1][gc,age       ] GC(20) Age table with threshold 6 (max threshold 6)
[2019-06-24T10:12:47.890+0000][1][gc,age       ] GC(20) - age   1:    1513128 bytes,    1513128 total
[2019-06-24T10:12:47.890+0000][1][gc,age       ] GC(20) - age   2:    2773104 bytes,    4286232 total
[2019-06-24T10:12:47.890+0000][1][gc,heap      ] GC(20) ParNew: 78656K->8423K(78656K)
[2019-06-24T10:12:47.890+0000][1][gc,heap      ] GC(20) CMS: 55580K->59767K(174784K)
[2019-06-24T10:12:47.890+0000][1][gc,metaspace ] GC(20) Metaspace: 53934K->53934K(1099776K)
[2019-06-24T10:12:47.890+0000][1][gc           ] GC(20) Pause Young (Allocation Failure) 131M->66M(247M) 18.592ms
[2019-06-24T10:12:47.890+0000][1][gc,cpu       ] GC(20) User=0.11s Sys=0.00s Real=0.02s
[2019-06-24T10:12:47.890+0000][1][safepoint    ] Leaving safepoint region
[2019-06-24T10:12:47.890+0000][1][safepoint    ] Total time for which application threads were stopped: 0.0191871 seconds, Stopping threads took: 0.0000392 seconds
[2019-06-24T10:12:47.890+0000][1][safepoint    ] Application time: 0.0002911 seconds
[2019-06-24T10:12:47.890+0000][1][safepoint    ] Entering safepoint region: RevokeBias
[2019-06-24T10:12:47.890+0000][1][safepoint    ] Leaving safepoint region
[2019-06-24T10:12:47.890+0000][1][safepoint    ] Total time for which application threads were stopped: 0.0001380 seconds, Stopping threads took: 0.0000566 seconds
[2019-06-24T10:12:47.890+0000][1][safepoint    ] Application time: 0.0000746 seconds
[2019-06-24T10:12:47.890+0000][1][safepoint    ] Entering safepoint region: RevokeBias
[2019-06-24T10:12:47.890+0000][1][safepoint    ] Leaving safepoint region
[2019-06-24T10:12:47.890+0000][1][safepoint    ] Total time for which application threads were stopped: 0.0000826 seconds, Stopping threads took: 0.0000133 seconds
[2019-06-24T10:12:47.891+0000][1][safepoint    ] Application time: 0.0000793 seconds
[2019-06-24T10:12:47.891+0000][1][safepoint    ] Entering safepoint region: BulkRevokeBias
[2019-06-24T10:12:47.891+0000][1][safepoint    ] Leaving safepoint region
[2019-06-24T10:12:47.891+0000][1][safepoint    ] Total time for which application threads were stopped: 0.0002715 seconds, Stopping threads took: 0.0001535 seconds
[2019-06-24T10:12:47.892+0000][1][safepoint    ] Application time: 0.0011258 seconds
[2019-06-24T10:12:47.892+0000][1][safepoint    ] Entering safepoint region: RevokeBias
[2019-06-24T10:12:47.892+0000][1][safepoint    ] Leaving safepoint region
[2019-06-24T10:12:47.892+0000][1][safepoint    ] Total time for which application threads were stopped: 0.0001455 seconds, Stopping threads took: 0.0000906 seconds
[2019-06-24T10:12:48.072+0000][1][safepoint    ] Application time: 0.1795241 seconds
[2019-06-24T10:12:48.072+0000][1][safepoint    ] Entering safepoint region: RevokeBias
[2019-06-24T10:12:48.072+0000][1][safepoint    ] Leaving safepoint region
[2019-06-24T10:12:48.072+0000][1][safepoint    ] Total time for which application threads were stopped: 0.0001057 seconds, Stopping threads took: 0.0000191 seconds
[2019-06-24T10:12:48.072+0000][1][safepoint    ] Application time: 0.0001869 seconds
[2019-06-24T10:12:48.072+0000][1][safepoint    ] Entering safepoint region: RevokeBias
[2019-06-24T10:12:48.072+0000][1][safepoint    ] Leaving safepoint region
[2019-06-24T10:12:48.072+0000][1][safepoint    ] Total time for which application threads were stopped: 0.0000602 seconds, Stopping threads took: 0.0000113 seconds
[2019-06-24T10:12:48.072+0000][1][safepoint    ] Application time: 0.0002142 seconds
[2019-06-24T10:12:48.072+0000][1][safepoint    ] Entering safepoint region: RevokeBias
[2019-06-24T10:12:48.072+0000][1][safepoint    ] Leaving safepoint region
[2019-06-24T10:12:48.072+0000][1][safepoint    ] Total time for which application threads were stopped: 0.0000792 seconds, Stopping threads took: 0.0000360 seconds
[2019-06-24T10:12:48.076+0000][1][safepoint    ] Application time: 0.0039768 seconds
[2019-06-24T10:12:48.076+0000][1][safepoint    ] Entering safepoint region: RevokeBias
[2019-06-24T10:12:48.076+0000][1][safepoint    ] Leaving safepoint region
[2019-06-24T10:12:48.077+0000][1][safepoint    ] Total time for which application threads were stopped: 0.0000780 seconds, Stopping threads took: 0.0000144 seconds
[2019-06-24T10:12:48.320+0000][1][safepoint    ] Application time: 0.2435411 seconds
[2019-06-24T10:12:48.320+0000][1][safepoint    ] Entering safepoint region: Deoptimize
[2019-06-24T10:12:48.322+0000][1][safepoint    ] Leaving safepoint region
[2019-06-24T10:12:48.322+0000][1][safepoint    ] Total time for which application threads were stopped: 0.0017133 seconds, Stopping threads took: 0.0000271 seconds
[2019-06-24T10:12:48.893+0000][1][safepoint    ] Application time: 0.5714569 seconds
[2019-06-24T10:12:48.893+0000][1][safepoint    ] Entering safepoint region: RevokeBias
[2019-06-24T10:12:48.894+0000][1][safepoint    ] Leaving safepoint region
[2019-06-24T10:12:48.894+0000][1][safepoint    ] Total time for which application threads were stopped: 0.0002374 seconds, Stopping threads took: 0.0000547 seconds
[2019-06-24T10:12:48.894+0000][1][safepoint    ] Application time: 0.0001034 seconds
[2019-06-24T10:12:48.894+0000][1][safepoint    ] Entering safepoint region: RevokeBias
[2019-06-24T10:12:48.894+0000][1][safepoint    ] Leaving safepoint region
[2019-06-24T10:12:48.894+0000][1][safepoint    ] Total time for which application threads were stopped: 0.0000881 seconds, Stopping threads took: 0.0000413 seconds
[2019-06-24T10:12:48.894+0000][1][safepoint    ] Application time: 0.0000975 seconds
[2019-06-24T10:12:48.894+0000][1][safepoint    ] Entering safepoint region: RevokeBias
[2019-06-24T10:12:48.894+0000][1][safepoint    ] Leaving safepoint region
[2019-06-24T10:12:48.894+0000][1][safepoint    ] Total time for which application threads were stopped: 0.0000544 seconds, Stopping threads took: 0.0000156 seconds
[2019-06-24T10:12:48.974+0000][1][safepoint    ] Application time: 0.0798367 seconds
[2019-06-24T10:12:48.974+0000][1][safepoint    ] Entering safepoint region: RevokeBias
[2019-06-24T10:12:48.974+0000][1][safepoint    ] Leaving safepoint region
[2019-06-24T10:12:48.974+0000][1][safepoint    ] Total time for which application threads were stopped: 0.0000576 seconds, Stopping threads took: 0.0000129 seconds
[2019-06-24T10:12:49.064+0000][1][safepoint    ] Application time: 0.0905132 seconds
[2019-06-24T10:12:49.065+0000][1][safepoint    ] Entering safepoint region: Deoptimize
[2019-06-24T10:12:49.065+0000][1][safepoint    ] Leaving safepoint region
[2019-06-24T10:12:49.065+0000][1][safepoint    ] Total time for which application threads were stopped: 0.0007035 seconds, Stopping threads took: 0.0000405 seconds
[2019-06-24T10:12:49.074+0000][1][safepoint    ] Application time: 0.0086062 seconds
[2019-06-24T10:12:49.074+0000][1][safepoint    ] Entering safepoint region: BulkRevokeBias
[2019-06-24T10:12:49.074+0000][1][safepoint    ] Leaving safepoint region
[2019-06-24T10:12:49.074+0000][1][safepoint    ] Total time for which application threads were stopped: 0.0001616 seconds, Stopping threads took: 0.0000369 seconds
[2019-06-24T10:12:49.076+0000][1][safepoint    ] Application time: 0.0015011 seconds
[2019-06-24T10:12:49.076+0000][1][safepoint    ] Entering safepoint region: RevokeBias
[2019-06-24T10:12:49.076+0000][1][safepoint    ] Leaving safepoint region
[2019-06-24T10:12:49.076+0000][1][safepoint    ] Total time for which application threads were stopped: 0.0000589 seconds, Stopping threads took: 0.0000134 seconds
[2019-06-24T10:12:49.076+0000][1][safepoint    ] Application time: 0.0004777 seconds
[2019-06-24T10:12:49.076+0000][1][safepoint    ] Entering safepoint region: RevokeBias
[2019-06-24T10:12:49.076+0000][1][safepoint    ] Leaving safepoint region
[2019-06-24T10:12:49.076+0000][1][safepoint    ] Total time for which application threads were stopped: 0.0000649 seconds, Stopping threads took: 0.0000120 seconds
[2019-06-24T10:12:49.076+0000][1][safepoint    ] Application time: 0.0000971 seconds
[2019-06-24T10:12:49.077+0000][1][safepoint    ] Entering safepoint region: RevokeBias
[2019-06-24T10:12:49.077+0000][1][safepoint    ] Leaving safepoint region
[2019-06-24T10:12:49.077+0000][1][safepoint    ] Total time for which application threads were stopped: 0.0003885 seconds, Stopping threads took: 0.0003136 seconds
[2019-06-24T10:12:49.077+0000][1][safepoint    ] Application time: 0.0002099 seconds
[2019-06-24T10:12:49.077+0000][1][safepoint    ] Entering safepoint region: RevokeBias
[2019-06-24T10:12:49.077+0000][1][safepoint    ] Leaving safepoint region
[2019-06-24T10:12:49.077+0000][1][safepoint    ] Total time for which application threads were stopped: 0.0004709 seconds, Stopping threads took: 0.0003416 seconds
[2019-06-24T10:12:49.078+0000][1][safepoint    ] Application time: 0.0007373 seconds
[2019-06-24T10:12:49.078+0000][1][safepoint    ] Entering safepoint region: RevokeBias
[2019-06-24T10:12:49.079+0000][1][safepoint    ] Leaving safepoint region
[2019-06-24T10:12:49.079+0000][1][safepoint    ] Total time for which application threads were stopped: 0.0003340 seconds, Stopping threads took: 0.0000913 seconds
[2019-06-24T10:12:49.079+0000][1][safepoint    ] Application time: 0.0006892 seconds
[2019-06-24T10:12:49.079+0000][1][safepoint    ] Entering safepoint region: RevokeBias
[2019-06-24T10:12:49.080+0000][1][safepoint    ] Leaving safepoint region
[2019-06-24T10:12:49.080+0000][1][safepoint    ] Total time for which application threads were stopped: 0.0001824 seconds, Stopping threads took: 0.0000281 seconds
[2019-06-24T10:12:49.080+0000][1][safepoint    ] Application time: 0.0001636 seconds
[2019-06-24T10:12:49.080+0000][1][safepoint    ] Entering safepoint region: RevokeBias
[2019-06-24T10:12:49.080+0000][1][safepoint    ] Leaving safepoint region
[2019-06-24T10:12:49.080+0000][1][safepoint    ] Total time for which application threads were stopped: 0.0001478 seconds, Stopping threads took: 0.0000186 seconds
[2019-06-24T10:12:49.083+0000][1][safepoint    ] Application time: 0.0028615 seconds
[2019-06-24T10:12:49.083+0000][1][safepoint    ] Entering safepoint region: RevokeBias
[2019-06-24T10:12:49.083+0000][1][safepoint    ] Leaving safepoint region
[2019-06-24T10:12:49.083+0000][1][safepoint    ] Total time for which application threads were stopped: 0.0002402 seconds, Stopping threads took: 0.0000339 seconds
[2019-06-24T10:12:49.083+0000][1][safepoint    ] Application time: 0.0002596 seconds
[2019-06-24T10:12:49.084+0000][1][safepoint    ] Entering safepoint region: RevokeBias
[2019-06-24T10:12:49.084+0000][1][safepoint    ] Leaving safepoint region
[2019-06-24T10:12:49.084+0000][1][safepoint    ] Total time for which application threads were stopped: 0.0001309 seconds, Stopping threads took: 0.0000142 seconds
[2019-06-24T10:12:49.087+0000][1][safepoint    ] Application time: 0.0032606 seconds
[2019-06-24T10:12:49.087+0000][1][safepoint    ] Entering safepoint region: Deoptimize
[2019-06-24T10:12:49.087+0000][1][safepoint    ] Leaving safepoint region
[2019-06-24T10:12:49.087+0000][1][safepoint    ] Total time for which application threads were stopped: 0.0004108 seconds, Stopping threads took: 0.0000132 seconds
[2019-06-24T10:12:49.088+0000][1][safepoint    ] Application time: 0.0005684 seconds
[2019-06-24T10:12:49.088+0000][1][safepoint    ] Entering safepoint region: RevokeBias
[2019-06-24T10:12:49.088+0000][1][safepoint    ] Leaving safepoint region
[2019-06-24T10:12:49.088+0000][1][safepoint    ] Total time for which application threads were stopped: 0.0000444 seconds, Stopping threads took: 0.0000122 seconds
[2019-06-24T10:12:49.115+0000][1][safepoint    ] Application time: 0.0267930 seconds
[2019-06-24T10:12:49.115+0000][1][safepoint    ] Entering safepoint region: GenCollectForAllocation
[2019-06-24T10:12:49.115+0000][1][gc,start     ] GC(21) Pause Young (Allocation Failure)
[2019-06-24T10:12:49.115+0000][1][gc,task      ] GC(21) Using 5 workers of 8 for evacuation
[2019-06-24T10:12:49.123+0000][1][gc,age       ] GC(21) Desired survivor size 4456448 bytes, new threshold 2 (max threshold 6)
[2019-06-24T10:12:49.123+0000][1][gc,age       ] GC(21) Age table with threshold 2 (max threshold 6)
[2019-06-24T10:12:49.123+0000][1][gc,age       ] GC(21) - age   1:    3700056 bytes,    3700056 total
[2019-06-24T10:12:49.123+0000][1][gc,age       ] GC(21) - age   2:    1379048 bytes,    5079104 total
[2019-06-24T10:12:49.123+0000][1][gc,age       ] GC(21) - age   3:    2754584 bytes,    7833688 total
[2019-06-24T10:12:49.123+0000][1][gc,heap      ] GC(21) ParNew: 78375K->8704K(78656K)
[2019-06-24T10:12:49.123+0000][1][gc,heap      ] GC(21) CMS: 59767K->59767K(174784K)
[2019-06-24T10:12:49.123+0000][1][gc,metaspace ] GC(21) Metaspace: 62324K->62324K(1105920K)
[2019-06-24T10:12:49.123+0000][1][gc           ] GC(21) Pause Young (Allocation Failure) 134M->66M(247M) 8.252ms
[2019-06-24T10:12:49.123+0000][1][gc,cpu       ] GC(21) User=0.04s Sys=0.00s Real=0.01s
[2019-06-24T10:12:49.123+0000][1][safepoint    ] Leaving safepoint region
[2019-06-24T10:12:49.123+0000][1][safepoint    ] Total time for which application threads were stopped: 0.0085083 seconds, Stopping threads took: 0.0001319 seconds
[2019-06-24T10:12:49.123+0000][1][safepoint    ] Application time: 0.0001314 seconds
[2019-06-24T10:12:49.124+0000][1][safepoint    ] Entering safepoint region: RevokeBias
[2019-06-24T10:12:49.124+0000][1][safepoint    ] Leaving safepoint region
[2019-06-24T10:12:49.124+0000][1][safepoint    ] Total time for which application threads were stopped: 0.0000938 seconds, Stopping threads took: 0.0000512 seconds
[2019-06-24T10:12:49.125+0000][1][safepoint    ] Application time: 0.0015908 seconds
[2019-06-24T10:12:49.125+0000][1][safepoint    ] Entering safepoint region: RevokeBias
[2019-06-24T10:12:49.125+0000][1][safepoint    ] Leaving safepoint region
[2019-06-24T10:12:49.125+0000][1][safepoint    ] Total time for which application threads were stopped: 0.0002033 seconds, Stopping threads took: 0.0001535 seconds
[2019-06-24T10:12:49.126+0000][1][safepoint    ] Application time: 0.0005555 seconds
[2019-06-24T10:12:49.126+0000][1][safepoint    ] Entering safepoint region: RevokeBias
[2019-06-24T10:12:49.126+0000][1][safepoint    ] Leaving safepoint region
[2019-06-24T10:12:49.126+0000][1][safepoint    ] Total time for which application threads were stopped: 0.0002656 seconds, Stopping threads took: 0.0001936 seconds
[2019-06-24T10:12:49.126+0000][1][safepoint    ] Application time: 0.0000595 seconds
[2019-06-24T10:12:49.126+0000][1][safepoint    ] Entering safepoint region: RevokeBias
[2019-06-24T10:12:49.127+0000][1][safepoint    ] Leaving safepoint region
[2019-06-24T10:12:49.127+0000][1][safepoint    ] Total time for which application threads were stopped: 0.0001969 seconds, Stopping threads took: 0.0000865 seconds
[2019-06-24T10:12:49.127+0000][1][safepoint    ] Application time: 0.0001308 seconds
[2019-06-24T10:12:49.127+0000][1][safepoint    ] Entering safepoint region: RevokeBias
[2019-06-24T10:12:49.127+0000][1][safepoint    ] Leaving safepoint region
[2019-06-24T10:12:49.127+0000][1][safepoint    ] Total time for which application threads were stopped: 0.0000693 seconds, Stopping threads took: 0.0000355 seconds
[2019-06-24T10:12:49.128+0000][1][safepoint    ] Application time: 0.0007775 seconds
[2019-06-24T10:12:49.128+0000][1][safepoint    ] Entering safepoint region: RevokeBias
[2019-06-24T10:12:49.128+0000][1][safepoint    ] Leaving safepoint region
[2019-06-24T10:12:49.128+0000][1][safepoint    ] Total time for which application threads were stopped: 0.0001758 seconds, Stopping threads took: 0.0000628 seconds
[2019-06-24T10:12:49.129+0000][1][safepoint    ] Application time: 0.0009122 seconds
[2019-06-24T10:12:49.129+0000][1][safepoint    ] Entering safepoint region: RevokeBias
[2019-06-24T10:12:49.129+0000][1][safepoint    ] Leaving safepoint region
[2019-06-24T10:12:49.129+0000][1][safepoint    ] Total time for which application threads were stopped: 0.0001422 seconds, Stopping threads took: 0.0000595 seconds
[2019-06-24T10:12:49.129+0000][1][safepoint    ] Application time: 0.0000915 seconds
[2019-06-24T10:12:49.129+0000][1][safepoint    ] Entering safepoint region: RevokeBias
[2019-06-24T10:12:49.129+0000][1][safepoint    ] Leaving safepoint region
[2019-06-24T10:12:49.129+0000][1][safepoint    ] Total time for which application threads were stopped: 0.0000946 seconds, Stopping threads took: 0.0000366 seconds
[2019-06-24T10:12:49.130+0000][1][safepoint    ] Application time: 0.0011152 seconds
[2019-06-24T10:12:49.130+0000][1][safepoint    ] Entering safepoint region: RevokeBias
[2019-06-24T10:12:49.131+0000][1][safepoint    ] Leaving safepoint region
[2019-06-24T10:12:49.131+0000][1][safepoint    ] Total time for which application threads were stopped: 0.0002387 seconds, Stopping threads took: 0.0000269 seconds
[2019-06-24T10:12:49.134+0000][1][safepoint    ] Application time: 0.0035570 seconds
[2019-06-24T10:12:49.135+0000][1][safepoint    ] Entering safepoint region: RevokeBias
[2019-06-24T10:12:49.135+0000][1][safepoint    ] Leaving safepoint region
[2019-06-24T10:12:49.135+0000][1][safepoint    ] Total time for which application threads were stopped: 0.0003802 seconds, Stopping threads took: 0.0002970 seconds
[2019-06-24T10:12:49.135+0000][1][safepoint    ] Application time: 0.0004598 seconds
[2019-06-24T10:12:49.135+0000][1][safepoint    ] Entering safepoint region: RevokeBias
[2019-06-24T10:12:49.135+0000][1][safepoint    ] Leaving safepoint region
[2019-06-24T10:12:49.135+0000][1][safepoint    ] Total time for which application threads were stopped: 0.0002710 seconds, Stopping threads took: 0.0000953 seconds
[2019-06-24T10:12:49.137+0000][1][safepoint    ] Application time: 0.0018459 seconds
[2019-06-24T10:12:49.137+0000][1][safepoint    ] Entering safepoint region: RevokeBias
[2019-06-24T10:12:49.137+0000][1][safepoint    ] Leaving safepoint region
[2019-06-24T10:12:49.137+0000][1][safepoint    ] Total time for which application threads were stopped: 0.0001234 seconds, Stopping threads took: 0.0000220 seconds
[2019-06-24T10:12:49.139+0000][1][safepoint    ] Application time: 0.0010657 seconds
[2019-06-24T10:12:49.139+0000][1][safepoint    ] Entering safepoint region: RevokeBias
[2019-06-24T10:12:49.139+0000][1][safepoint    ] Leaving safepoint region
[2019-06-24T10:12:49.139+0000][1][safepoint    ] Total time for which application threads were stopped: 0.0006924 seconds, Stopping threads took: 0.0005370 seconds
[2019-06-24T10:12:49.139+0000][1][safepoint    ] Application time: 0.0002073 seconds
[2019-06-24T10:12:49.140+0000][1][safepoint    ] Entering safepoint region: RevokeBias
[2019-06-24T10:12:49.140+0000][1][safepoint    ] Leaving safepoint region
[2019-06-24T10:12:49.140+0000][1][safepoint    ] Total time for which application threads were stopped: 0.0002435 seconds, Stopping threads took: 0.0001386 seconds
[2019-06-24T10:12:49.140+0000][1][safepoint    ] Application time: 0.0006346 seconds
[2019-06-24T10:12:49.140+0000][1][safepoint    ] Entering safepoint region: RevokeBias
[2019-06-24T10:12:49.141+0000][1][safepoint    ] Leaving safepoint region
[2019-06-24T10:12:49.141+0000][1][safepoint    ] Total time for which application threads were stopped: 0.0001169 seconds, Stopping threads took: 0.0000214 seconds
[2019-06-24T10:12:49.141+0000][1][safepoint    ] Application time: 0.0000751 seconds
[2019-06-24T10:12:49.141+0000][1][safepoint    ] Entering safepoint region: RevokeBias
[2019-06-24T10:12:49.141+0000][1][safepoint    ] Leaving safepoint region
[2019-06-24T10:12:49.141+0000][1][safepoint    ] Total time for which application threads were stopped: 0.0001601 seconds, Stopping threads took: 0.0000594 seconds
[2019-06-24T10:12:49.141+0000][1][safepoint    ] Application time: 0.0000707 seconds
[2019-06-24T10:12:49.141+0000][1][safepoint    ] Entering safepoint region: RevokeBias
[2019-06-24T10:12:49.141+0000][1][safepoint    ] Leaving safepoint region
[2019-06-24T10:12:49.141+0000][1][safepoint    ] Total time for which application threads were stopped: 0.0002106 seconds, Stopping threads took: 0.0000794 seconds
[2019-06-24T10:12:49.149+0000][1][safepoint    ] Application time: 0.0081857 seconds
[2019-06-24T10:12:49.150+0000][1][safepoint    ] Entering safepoint region: RevokeBias
[2019-06-24T10:12:49.150+0000][1][safepoint    ] Leaving safepoint region
[2019-06-24T10:12:49.150+0000][1][safepoint    ] Total time for which application threads were stopped: 0.0003127 seconds, Stopping threads took: 0.0001913 seconds
[2019-06-24T10:12:49.150+0000][1][safepoint    ] Application time: 0.0002213 seconds
[2019-06-24T10:12:49.150+0000][1][safepoint    ] Entering safepoint region: RevokeBias
[2019-06-24T10:12:49.151+0000][1][safepoint    ] Leaving safepoint region
[2019-06-24T10:12:49.151+0000][1][safepoint    ] Total time for which application threads were stopped: 0.0008885 seconds, Stopping threads took: 0.0001263 seconds
[2019-06-24T10:12:49.155+0000][1][safepoint    ] Application time: 0.0036741 seconds
[2019-06-24T10:12:49.155+0000][1][safepoint    ] Entering safepoint region: RevokeBias
[2019-06-24T10:12:49.155+0000][1][safepoint    ] Leaving safepoint region
[2019-06-24T10:12:49.155+0000][1][safepoint    ] Total time for which application threads were stopped: 0.0006875 seconds, Stopping threads took: 0.0005587 seconds
[2019-06-24T10:12:49.175+0000][1][safepoint    ] Application time: 0.0195250 seconds
[2019-06-24T10:12:49.179+0000][1][safepoint    ] Entering safepoint region: RevokeBias
[2019-06-24T10:12:49.180+0000][1][safepoint    ] Leaving safepoint region
[2019-06-24T10:12:49.180+0000][1][safepoint    ] Total time for which application threads were stopped: 0.0049658 seconds, Stopping threads took: 0.0038854 seconds
[2019-06-24T10:12:49.181+0000][1][safepoint    ] Application time: 0.0006749 seconds
[2019-06-24T10:12:49.181+0000][1][safepoint    ] Entering safepoint region: RevokeBias
[2019-06-24T10:12:49.181+0000][1][safepoint    ] Leaving safepoint region
[2019-06-24T10:12:49.181+0000][1][safepoint    ] Total time for which application threads were stopped: 0.0002005 seconds, Stopping threads took: 0.0000340 seconds
[2019-06-24T10:12:49.185+0000][1][safepoint    ] Application time: 0.0037692 seconds
[2019-06-24T10:12:49.185+0000][1][safepoint    ] Entering safepoint region: RevokeBias
[2019-06-24T10:12:49.185+0000][1][safepoint    ] Leaving safepoint region
[2019-06-24T10:12:49.185+0000][1][safepoint    ] Total time for which application threads were stopped: 0.0002431 seconds, Stopping threads took: 0.0001278 seconds
[2019-06-24T10:12:49.186+0000][1][safepoint    ] Application time: 0.0011627 seconds
[2019-06-24T10:12:49.186+0000][1][safepoint    ] Entering safepoint region: RevokeBias
[2019-06-24T10:12:49.186+0000][1][safepoint    ] Leaving safepoint region
[2019-06-24T10:12:49.186+0000][1][safepoint    ] Total time for which application threads were stopped: 0.0002770 seconds, Stopping threads took: 0.0001157 seconds
[2019-06-24T10:12:49.191+0000][1][safepoint    ] Application time: 0.0047547 seconds
[2019-06-24T10:12:49.191+0000][1][safepoint    ] Entering safepoint region: RevokeBias
[2019-06-24T10:12:49.191+0000][1][safepoint    ] Leaving safepoint region
[2019-06-24T10:12:49.191+0000][1][safepoint    ] Total time for which application threads were stopped: 0.0002295 seconds, Stopping threads took: 0.0001101 seconds
[2019-06-24T10:12:49.192+0000][1][safepoint    ] Application time: 0.0000806 seconds
[2019-06-24T10:12:49.192+0000][1][safepoint    ] Entering safepoint region: RevokeBias
[2019-06-24T10:12:49.192+0000][1][safepoint    ] Leaving safepoint region
[2019-06-24T10:12:49.192+0000][1][safepoint    ] Total time for which application threads were stopped: 0.0002405 seconds, Stopping threads took: 0.0001537 seconds
[2019-06-24T10:12:49.192+0000][1][safepoint    ] Application time: 0.0001241 seconds
[2019-06-24T10:12:49.192+0000][1][safepoint    ] Entering safepoint region: RevokeBias
[2019-06-24T10:12:49.192+0000][1][safepoint    ] Leaving safepoint region
[2019-06-24T10:12:49.192+0000][1][safepoint    ] Total time for which application threads were stopped: 0.0001214 seconds, Stopping threads took: 0.0000444 seconds
[2019-06-24T10:12:49.197+0000][1][safepoint    ] Application time: 0.0051721 seconds
[2019-06-24T10:12:49.197+0000][1][safepoint    ] Entering safepoint region: RevokeBias
[2019-06-24T10:12:49.198+0000][1][safepoint    ] Leaving safepoint region
[2019-06-24T10:12:49.198+0000][1][safepoint    ] Total time for which application threads were stopped: 0.0001913 seconds, Stopping threads took: 0.0000778 seconds
[2019-06-24T10:12:49.198+0000][1][safepoint    ] Application time: 0.0005345 seconds
[2019-06-24T10:12:49.198+0000][1][safepoint    ] Entering safepoint region: RevokeBias
[2019-06-24T10:12:49.199+0000][1][safepoint    ] Leaving safepoint region
[2019-06-24T10:12:49.199+0000][1][safepoint    ] Total time for which application threads were stopped: 0.0003999 seconds, Stopping threads took: 0.0002428 seconds
[2019-06-24T10:12:49.203+0000][1][safepoint    ] Application time: 0.0046814 seconds
[2019-06-24T10:12:49.203+0000][1][safepoint    ] Entering safepoint region: RevokeBias
[2019-06-24T10:12:49.203+0000][1][safepoint    ] Leaving safepoint region
[2019-06-24T10:12:49.203+0000][1][safepoint    ] Total time for which application threads were stopped: 0.0001776 seconds, Stopping threads took: 0.0000683 seconds
[2019-06-24T10:12:49.204+0000][1][safepoint    ] Application time: 0.0001361 seconds
[2019-06-24T10:12:49.204+0000][1][safepoint    ] Entering safepoint region: RevokeBias
[2019-06-24T10:12:49.204+0000][1][safepoint    ] Leaving safepoint region
[2019-06-24T10:12:49.204+0000][1][safepoint    ] Total time for which application threads were stopped: 0.0001415 seconds, Stopping threads took: 0.0000558 seconds
[2019-06-24T10:12:49.204+0000][1][safepoint    ] Application time: 0.0001583 seconds
[2019-06-24T10:12:49.204+0000][1][safepoint    ] Entering safepoint region: RevokeBias
[2019-06-24T10:12:49.204+0000][1][safepoint    ] Leaving safepoint region
[2019-06-24T10:12:49.204+0000][1][safepoint    ] Total time for which application threads were stopped: 0.0000790 seconds, Stopping threads took: 0.0000330 seconds
[2019-06-24T10:12:49.204+0000][1][safepoint    ] Application time: 0.0000529 seconds
[2019-06-24T10:12:49.204+0000][1][safepoint    ] Entering safepoint region: RevokeBias
[2019-06-24T10:12:49.204+0000][1][safepoint    ] Leaving safepoint region
[2019-06-24T10:12:49.204+0000][1][safepoint    ] Total time for which application threads were stopped: 0.0000686 seconds, Stopping threads took: 0.0000159 seconds
[2019-06-24T10:12:49.204+0000][1][safepoint    ] Application time: 0.0000572 seconds
[2019-06-24T10:12:49.204+0000][1][safepoint    ] Entering safepoint region: RevokeBias
[2019-06-24T10:12:49.204+0000][1][safepoint    ] Leaving safepoint region
[2019-06-24T10:12:49.204+0000][1][safepoint    ] Total time for which application threads were stopped: 0.0000770 seconds, Stopping threads took: 0.0000151 seconds
[2019-06-24T10:12:49.208+0000][1][safepoint    ] Application time: 0.0037385 seconds
[2019-06-24T10:12:49.208+0000][1][safepoint    ] Entering safepoint region: RevokeBias
[2019-06-24T10:12:49.208+0000][1][safepoint    ] Leaving safepoint region
[2019-06-24T10:12:49.208+0000][1][safepoint    ] Total time for which application threads were stopped: 0.0000717 seconds, Stopping threads took: 0.0000165 seconds
[2019-06-24T10:12:49.208+0000][1][safepoint    ] Application time: 0.0001418 seconds
[2019-06-24T10:12:49.208+0000][1][safepoint    ] Entering safepoint region: RevokeBias
[2019-06-24T10:12:49.208+0000][1][safepoint    ] Leaving safepoint region
[2019-06-24T10:12:49.208+0000][1][safepoint    ] Total time for which application threads were stopped: 0.0001037 seconds, Stopping threads took: 0.0000533 seconds
[2019-06-24T10:12:49.209+0000][1][safepoint    ] Application time: 0.0001289 seconds
[2019-06-24T10:12:49.209+0000][1][safepoint    ] Entering safepoint region: RevokeBias
[2019-06-24T10:12:49.209+0000][1][safepoint    ] Leaving safepoint region
[2019-06-24T10:12:49.209+0000][1][safepoint    ] Total time for which application threads were stopped: 0.0000978 seconds, Stopping threads took: 0.0000480 seconds
[2019-06-24T10:12:49.209+0000][1][safepoint    ] Application time: 0.0001407 seconds
[2019-06-24T10:12:49.209+0000][1][safepoint    ] Entering safepoint region: RevokeBias
[2019-06-24T10:12:49.209+0000][1][safepoint    ] Leaving safepoint region
[2019-06-24T10:12:49.209+0000][1][safepoint    ] Total time for which application threads were stopped: 0.0000737 seconds, Stopping threads took: 0.0000334 seconds
[2019-06-24T10:12:49.214+0000][1][safepoint    ] Application time: 0.0051305 seconds
[2019-06-24T10:12:49.214+0000][1][safepoint    ] Entering safepoint region: RevokeBias
[2019-06-24T10:12:49.214+0000][1][safepoint    ] Leaving safepoint region
[2019-06-24T10:12:49.214+0000][1][safepoint    ] Total time for which application threads were stopped: 0.0001645 seconds, Stopping threads took: 0.0000436 seconds
[2019-06-24T10:12:49.215+0000][1][safepoint    ] Application time: 0.0010186 seconds
[2019-06-24T10:12:49.216+0000][1][safepoint    ] Entering safepoint region: RevokeBias
[2019-06-24T10:12:49.216+0000][1][safepoint    ] Leaving safepoint region
[2019-06-24T10:12:49.216+0000][1][safepoint    ] Total time for which application threads were stopped: 0.0002691 seconds, Stopping threads took: 0.0001563 seconds
[2019-06-24T10:12:49.217+0000][1][safepoint    ] Application time: 0.0013460 seconds
[2019-06-24T10:12:49.217+0000][1][safepoint    ] Entering safepoint region: RevokeBias
[2019-06-24T10:12:49.218+0000][1][safepoint    ] Leaving safepoint region
[2019-06-24T10:12:49.218+0000][1][safepoint    ] Total time for which application threads were stopped: 0.0004388 seconds, Stopping threads took: 0.0000750 seconds
[2019-06-24T10:12:49.221+0000][1][safepoint    ] Application time: 0.0035535 seconds
[2019-06-24T10:12:49.221+0000][1][safepoint    ] Entering safepoint region: RevokeBias
[2019-06-24T10:12:49.221+0000][1][safepoint    ] Leaving safepoint region
[2019-06-24T10:12:49.221+0000][1][safepoint    ] Total time for which application threads were stopped: 0.0001017 seconds, Stopping threads took: 0.0000379 seconds
[2019-06-24T10:12:49.221+0000][1][safepoint    ] Application time: 0.0001090 seconds
[2019-06-24T10:12:49.221+0000][1][safepoint    ] Entering safepoint region: RevokeBias
[2019-06-24T10:12:49.222+0000][1][safepoint    ] Leaving safepoint region
[2019-06-24T10:12:49.222+0000][1][safepoint    ] Total time for which application threads were stopped: 0.0000526 seconds, Stopping threads took: 0.0000100 seconds
[2019-06-24T10:12:49.222+0000][1][safepoint    ] Application time: 0.0000742 seconds
[2019-06-24T10:12:49.222+0000][1][safepoint    ] Entering safepoint region: RevokeBias
[2019-06-24T10:12:49.222+0000][1][safepoint    ] Leaving safepoint region
[2019-06-24T10:12:49.222+0000][1][safepoint    ] Total time for which application threads were stopped: 0.0000515 seconds, Stopping threads took: 0.0000102 seconds
[2019-06-24T10:12:49.222+0000][1][safepoint    ] Application time: 0.0000689 seconds
[2019-06-24T10:12:49.222+0000][1][safepoint    ] Entering safepoint region: RevokeBias
[2019-06-24T10:12:49.222+0000][1][safepoint    ] Leaving safepoint region
[2019-06-24T10:12:49.222+0000][1][safepoint    ] Total time for which application threads were stopped: 0.0000837 seconds, Stopping threads took: 0.0000411 seconds
[2019-06-24T10:12:49.222+0000][1][safepoint    ] Application time: 0.0004450 seconds
[2019-06-24T10:12:49.222+0000][1][safepoint    ] Entering safepoint region: RevokeBias
[2019-06-24T10:12:49.223+0000][1][safepoint    ] Leaving safepoint region
[2019-06-24T10:12:49.223+0000][1][safepoint    ] Total time for which application threads were stopped: 0.0001925 seconds, Stopping threads took: 0.0000573 seconds
[2019-06-24T10:12:49.223+0000][1][safepoint    ] Application time: 0.0005003 seconds
[2019-06-24T10:12:49.223+0000][1][safepoint    ] Entering safepoint region: RevokeBias
[2019-06-24T10:12:49.223+0000][1][safepoint    ] Leaving safepoint region
[2019-06-24T10:12:49.223+0000][1][safepoint    ] Total time for which application threads were stopped: 0.0001778 seconds, Stopping threads took: 0.0000856 seconds
[2019-06-24T10:12:49.224+0000][1][safepoint    ] Application time: 0.0003632 seconds
[2019-06-24T10:12:49.224+0000][1][safepoint    ] Entering safepoint region: RevokeBias
[2019-06-24T10:12:49.224+0000][1][safepoint    ] Leaving safepoint region
[2019-06-24T10:12:49.224+0000][1][safepoint    ] Total time for which application threads were stopped: 0.0001199 seconds, Stopping threads took: 0.0000298 seconds
[2019-06-24T10:12:49.224+0000][1][safepoint    ] Application time: 0.0000700 seconds
[2019-06-24T10:12:49.224+0000][1][safepoint    ] Entering safepoint region: RevokeBias
[2019-06-24T10:12:49.224+0000][1][safepoint    ] Leaving safepoint region
[2019-06-24T10:12:49.224+0000][1][safepoint    ] Total time for which application threads were stopped: 0.0001146 seconds, Stopping threads took: 0.0000455 seconds
[2019-06-24T10:12:49.230+0000][1][safepoint    ] Application time: 0.0057790 seconds
[2019-06-24T10:12:49.230+0000][1][safepoint    ] Entering safepoint region: RevokeBias
[2019-06-24T10:12:49.230+0000][1][safepoint    ] Leaving safepoint region
[2019-06-24T10:12:49.230+0000][1][safepoint    ] Total time for which application threads were stopped: 0.0002685 seconds, Stopping threads took: 0.0001307 seconds
[2019-06-24T10:12:49.230+0000][1][safepoint    ] Application time: 0.0002261 seconds
[2019-06-24T10:12:49.231+0000][1][safepoint    ] Entering safepoint region: RevokeBias
[2019-06-24T10:12:49.231+0000][1][safepoint    ] Leaving safepoint region
[2019-06-24T10:12:49.231+0000][1][safepoint    ] Total time for which application threads were stopped: 0.0002120 seconds, Stopping threads took: 0.0001195 seconds
[2019-06-24T10:12:49.252+0000][1][safepoint    ] Application time: 0.0215698 seconds
[2019-06-24T10:12:49.252+0000][1][safepoint    ] Entering safepoint region: RevokeBias
[2019-06-24T10:12:49.252+0000][1][safepoint    ] Leaving safepoint region
[2019-06-24T10:12:49.252+0000][1][safepoint    ] Total time for which application threads were stopped: 0.0001312 seconds, Stopping threads took: 0.0000352 seconds
[2019-06-24T10:12:49.274+0000][1][safepoint    ] Application time: 0.0219545 seconds
[2019-06-24T10:12:49.275+0000][1][safepoint    ] Entering safepoint region: RevokeBias
[2019-06-24T10:12:49.275+0000][1][safepoint    ] Leaving safepoint region
[2019-06-24T10:12:49.275+0000][1][safepoint    ] Total time for which application threads were stopped: 0.0002971 seconds, Stopping threads took: 0.0001609 seconds
[2019-06-24T10:12:49.283+0000][1][safepoint    ] Application time: 0.0079286 seconds
[2019-06-24T10:12:49.283+0000][1][safepoint    ] Entering safepoint region: RevokeBias
[2019-06-24T10:12:49.283+0000][1][safepoint    ] Leaving safepoint region
[2019-06-24T10:12:49.283+0000][1][safepoint    ] Total time for which application threads were stopped: 0.0001193 seconds, Stopping threads took: 0.0000297 seconds
[2019-06-24T10:12:49.283+0000][1][safepoint    ] Application time: 0.0005871 seconds
[2019-06-24T10:12:49.283+0000][1][safepoint    ] Entering safepoint region: RevokeBias
[2019-06-24T10:12:49.284+0000][1][safepoint    ] Leaving safepoint region
[2019-06-24T10:12:49.284+0000][1][safepoint    ] Total time for which application threads were stopped: 0.0003372 seconds, Stopping threads took: 0.0000490 seconds
[2019-06-24T10:12:49.284+0000][1][safepoint    ] Application time: 0.0003380 seconds
[2019-06-24T10:12:49.284+0000][1][safepoint    ] Entering safepoint region: RevokeBias
[2019-06-24T10:12:49.284+0000][1][safepoint    ] Leaving safepoint region
[2019-06-24T10:12:49.284+0000][1][safepoint    ] Total time for which application threads were stopped: 0.0002933 seconds, Stopping threads took: 0.0000594 seconds
[2019-06-24T10:12:49.285+0000][1][safepoint    ] Application time: 0.0001155 seconds
[2019-06-24T10:12:49.285+0000][1][safepoint    ] Entering safepoint region: RevokeBias
[2019-06-24T10:12:49.285+0000][1][safepoint    ] Leaving safepoint region
[2019-06-24T10:12:49.285+0000][1][safepoint    ] Total time for which application threads were stopped: 0.0002444 seconds, Stopping threads took: 0.0000802 seconds
[2019-06-24T10:12:49.286+0000][1][safepoint    ] Application time: 0.0007748 seconds
[2019-06-24T10:12:49.286+0000][1][safepoint    ] Entering safepoint region: RevokeBias
[2019-06-24T10:12:49.286+0000][1][safepoint    ] Leaving safepoint region
[2019-06-24T10:12:49.286+0000][1][safepoint    ] Total time for which application threads were stopped: 0.0003022 seconds, Stopping threads took: 0.0001157 seconds
[2019-06-24T10:12:49.316+0000][1][safepoint    ] Application time: 0.0296130 seconds
[2019-06-24T10:12:49.316+0000][1][safepoint    ] Entering safepoint region: RevokeBias
[2019-06-24T10:12:49.316+0000][1][safepoint    ] Leaving safepoint region
[2019-06-24T10:12:49.316+0000][1][safepoint    ] Total time for which application threads were stopped: 0.0003992 seconds, Stopping threads took: 0.0001897 seconds
[2019-06-24T10:12:49.319+0000][1][safepoint    ] Application time: 0.0026011 seconds
[2019-06-24T10:12:49.319+0000][1][safepoint    ] Entering safepoint region: RevokeBias
[2019-06-24T10:12:49.319+0000][1][safepoint    ] Leaving safepoint region
[2019-06-24T10:12:49.319+0000][1][safepoint    ] Total time for which application threads were stopped: 0.0003139 seconds, Stopping threads took: 0.0001788 seconds
[2019-06-24T10:12:49.320+0000][1][safepoint    ] Application time: 0.0008008 seconds
[2019-06-24T10:12:49.323+0000][1][safepoint    ] Entering safepoint region: RevokeBias
[2019-06-24T10:12:49.323+0000][1][safepoint    ] Leaving safepoint region
[2019-06-24T10:12:49.323+0000][1][safepoint    ] Total time for which application threads were stopped: 0.0026618 seconds, Stopping threads took: 0.0025548 seconds
[2019-06-24T10:12:49.323+0000][1][safepoint    ] Application time: 0.0000689 seconds
[2019-06-24T10:12:49.323+0000][1][safepoint    ] Entering safepoint region: RevokeBias
[2019-06-24T10:12:49.323+0000][1][safepoint    ] Leaving safepoint region
[2019-06-24T10:12:49.323+0000][1][safepoint    ] Total time for which application threads were stopped: 0.0000982 seconds, Stopping threads took: 0.0000272 seconds
[2019-06-24T10:12:49.331+0000][1][safepoint    ] Application time: 0.0083824 seconds
[2019-06-24T10:12:49.331+0000][1][safepoint    ] Entering safepoint region: RevokeBias
[2019-06-24T10:12:49.332+0000][1][safepoint    ] Leaving safepoint region
[2019-06-24T10:12:49.332+0000][1][safepoint    ] Total time for which application threads were stopped: 0.0002675 seconds, Stopping threads took: 0.0000775 seconds
[2019-06-24T10:12:49.332+0000][1][safepoint    ] Application time: 0.0002886 seconds
[2019-06-24T10:12:49.332+0000][1][safepoint    ] Entering safepoint region: RevokeBias
[2019-06-24T10:12:49.332+0000][1][safepoint    ] Leaving safepoint region
[2019-06-24T10:12:49.332+0000][1][safepoint    ] Total time for which application threads were stopped: 0.0002021 seconds, Stopping threads took: 0.0000930 seconds
[2019-06-24T10:12:49.336+0000][1][safepoint    ] Application time: 0.0041549 seconds
[2019-06-24T10:12:49.337+0000][1][safepoint    ] Entering safepoint region: RevokeBias
[2019-06-24T10:12:49.337+0000][1][safepoint    ] Leaving safepoint region
[2019-06-24T10:12:49.337+0000][1][safepoint    ] Total time for which application threads were stopped: 0.0002208 seconds, Stopping threads took: 0.0001224 seconds
[2019-06-24T10:12:49.341+0000][1][safepoint    ] Application time: 0.0039332 seconds
[2019-06-24T10:12:49.341+0000][1][safepoint    ] Entering safepoint region: RevokeBias
[2019-06-24T10:12:49.341+0000][1][safepoint    ] Leaving safepoint region
[2019-06-24T10:12:49.341+0000][1][safepoint    ] Total time for which application threads were stopped: 0.0005506 seconds, Stopping threads took: 0.0004346 seconds
[2019-06-24T10:12:49.341+0000][1][safepoint    ] Application time: 0.0000887 seconds
[2019-06-24T10:12:49.341+0000][1][safepoint    ] Entering safepoint region: RevokeBias
[2019-06-24T10:12:49.342+0000][1][safepoint    ] Leaving safepoint region
[2019-06-24T10:12:49.342+0000][1][safepoint    ] Total time for which application threads were stopped: 0.0002257 seconds, Stopping threads took: 0.0001268 seconds
[2019-06-24T10:12:49.344+0000][1][safepoint    ] Application time: 0.0026494 seconds
[2019-06-24T10:12:49.346+0000][1][safepoint    ] Entering safepoint region: RevokeBias
[2019-06-24T10:12:49.346+0000][1][safepoint    ] Leaving safepoint region
[2019-06-24T10:12:49.346+0000][1][safepoint    ] Total time for which application threads were stopped: 0.0014090 seconds, Stopping threads took: 0.0012423 seconds
[2019-06-24T10:12:49.353+0000][1][safepoint    ] Application time: 0.0076074 seconds
[2019-06-24T10:12:49.354+0000][1][safepoint    ] Entering safepoint region: RevokeBias
[2019-06-24T10:12:49.354+0000][1][safepoint    ] Leaving safepoint region
[2019-06-24T10:12:49.354+0000][1][safepoint    ] Total time for which application threads were stopped: 0.0001779 seconds, Stopping threads took: 0.0000915 seconds
[2019-06-24T10:12:49.354+0000][1][safepoint    ] Application time: 0.0002331 seconds
[2019-06-24T10:12:49.354+0000][1][safepoint    ] Entering safepoint region: RevokeBias
[2019-06-24T10:12:49.354+0000][1][safepoint    ] Leaving safepoint region
[2019-06-24T10:12:49.354+0000][1][safepoint    ] Total time for which application threads were stopped: 0.0001602 seconds, Stopping threads took: 0.0000624 seconds
[2019-06-24T10:12:49.355+0000][1][safepoint    ] Application time: 0.0008116 seconds
[2019-06-24T10:12:49.355+0000][1][safepoint    ] Entering safepoint region: RevokeBias
[2019-06-24T10:12:49.355+0000][1][safepoint    ] Leaving safepoint region
[2019-06-24T10:12:49.355+0000][1][safepoint    ] Total time for which application threads were stopped: 0.0001403 seconds, Stopping threads took: 0.0000579 seconds
[2019-06-24T10:12:49.355+0000][1][safepoint    ] Application time: 0.0001083 seconds
[2019-06-24T10:12:49.355+0000][1][safepoint    ] Entering safepoint region: RevokeBias
[2019-06-24T10:12:49.355+0000][1][safepoint    ] Leaving safepoint region
[2019-06-24T10:12:49.355+0000][1][safepoint    ] Total time for which application threads were stopped: 0.0001662 seconds, Stopping threads took: 0.0000557 seconds
[2019-06-24T10:12:49.356+0000][1][safepoint    ] Application time: 0.0001692 seconds
[2019-06-24T10:12:49.356+0000][1][safepoint    ] Entering safepoint region: RevokeBias
[2019-06-24T10:12:49.356+0000][1][safepoint    ] Leaving safepoint region
[2019-06-24T10:12:49.356+0000][1][safepoint    ] Total time for which application threads were stopped: 0.0001538 seconds, Stopping threads took: 0.0000748 seconds
[2019-06-24T10:12:49.356+0000][1][safepoint    ] Application time: 0.0004135 seconds
[2019-06-24T10:12:49.357+0000][1][safepoint    ] Entering safepoint region: RevokeBias
[2019-06-24T10:12:49.357+0000][1][safepoint    ] Leaving safepoint region
[2019-06-24T10:12:49.357+0000][1][safepoint    ] Total time for which application threads were stopped: 0.0005649 seconds, Stopping threads took: 0.0004406 seconds
[2019-06-24T10:12:49.357+0000][1][safepoint    ] Application time: 0.0002510 seconds
[2019-06-24T10:12:49.358+0000][1][safepoint    ] Entering safepoint region: RevokeBias
[2019-06-24T10:12:49.358+0000][1][safepoint    ] Leaving safepoint region
[2019-06-24T10:12:49.358+0000][1][safepoint    ] Total time for which application threads were stopped: 0.0002002 seconds, Stopping threads took: 0.0000882 seconds
[2019-06-24T10:12:49.358+0000][1][safepoint    ] Application time: 0.0002058 seconds
[2019-06-24T10:12:49.358+0000][1][safepoint    ] Entering safepoint region: RevokeBias
[2019-06-24T10:12:49.359+0000][1][safepoint    ] Leaving safepoint region
[2019-06-24T10:12:49.359+0000][1][safepoint    ] Total time for which application threads were stopped: 0.0001798 seconds, Stopping threads took: 0.0000572 seconds
[2019-06-24T10:12:49.363+0000][1][safepoint    ] Application time: 0.0042877 seconds
[2019-06-24T10:12:49.363+0000][1][safepoint    ] Entering safepoint region: RevokeBias
[2019-06-24T10:12:49.363+0000][1][safepoint    ] Leaving safepoint region
[2019-06-24T10:12:49.363+0000][1][safepoint    ] Total time for which application threads were stopped: 0.0004300 seconds, Stopping threads took: 0.0002012 seconds
[2019-06-24T10:12:49.366+0000][1][safepoint    ] Application time: 0.0028927 seconds
[2019-06-24T10:12:49.367+0000][1][safepoint    ] Entering safepoint region: RevokeBias
[2019-06-24T10:12:49.367+0000][1][safepoint    ] Leaving safepoint region
[2019-06-24T10:12:49.367+0000][1][safepoint    ] Total time for which application threads were stopped: 0.0004756 seconds, Stopping threads took: 0.0002389 seconds
[2019-06-24T10:12:49.368+0000][1][safepoint    ] Application time: 0.0014445 seconds
[2019-06-24T10:12:49.372+0000][1][safepoint    ] Entering safepoint region: RevokeBias
[2019-06-24T10:12:49.372+0000][1][safepoint    ] Leaving safepoint region
[2019-06-24T10:12:49.372+0000][1][safepoint    ] Total time for which application threads were stopped: 0.0035761 seconds, Stopping threads took: 0.0034606 seconds
[2019-06-24T10:12:49.372+0000][1][safepoint    ] Application time: 0.0001667 seconds
[2019-06-24T10:12:49.372+0000][1][safepoint    ] Entering safepoint region: RevokeBias
[2019-06-24T10:12:49.372+0000][1][safepoint    ] Leaving safepoint region
[2019-06-24T10:12:49.372+0000][1][safepoint    ] Total time for which application threads were stopped: 0.0002044 seconds, Stopping threads took: 0.0001378 seconds
[2019-06-24T10:12:49.373+0000][1][safepoint    ] Application time: 0.0003979 seconds
[2019-06-24T10:12:49.373+0000][1][safepoint    ] Entering safepoint region: RevokeBias
[2019-06-24T10:12:49.373+0000][1][safepoint    ] Leaving safepoint region
[2019-06-24T10:12:49.373+0000][1][safepoint    ] Total time for which application threads were stopped: 0.0002174 seconds, Stopping threads took: 0.0001279 seconds
[2019-06-24T10:12:49.374+0000][1][safepoint    ] Application time: 0.0004022 seconds
[2019-06-24T10:12:49.374+0000][1][safepoint    ] Entering safepoint region: RevokeBias
[2019-06-24T10:12:49.374+0000][1][safepoint    ] Leaving safepoint region
[2019-06-24T10:12:49.374+0000][1][safepoint    ] Total time for which application threads were stopped: 0.0002242 seconds, Stopping threads took: 0.0001611 seconds
[2019-06-24T10:12:49.374+0000][1][safepoint    ] Application time: 0.0000926 seconds
[2019-06-24T10:12:49.374+0000][1][safepoint    ] Entering safepoint region: RevokeBias
[2019-06-24T10:12:49.374+0000][1][safepoint    ] Leaving safepoint region
[2019-06-24T10:12:49.374+0000][1][safepoint    ] Total time for which application threads were stopped: 0.0000868 seconds, Stopping threads took: 0.0000459 seconds
[2019-06-24T10:12:49.374+0000][1][safepoint    ] Application time: 0.0001383 seconds
[2019-06-24T10:12:49.374+0000][1][safepoint    ] Entering safepoint region: RevokeBias
[2019-06-24T10:12:49.374+0000][1][safepoint    ] Leaving safepoint region
[2019-06-24T10:12:49.374+0000][1][safepoint    ] Total time for which application threads were stopped: 0.0001795 seconds, Stopping threads took: 0.0000937 seconds
[2019-06-24T10:12:49.375+0000][1][safepoint    ] Application time: 0.0003181 seconds
[2019-06-24T10:12:49.375+0000][1][safepoint    ] Entering safepoint region: RevokeBias
[2019-06-24T10:12:49.375+0000][1][safepoint    ] Leaving safepoint region
[2019-06-24T10:12:49.375+0000][1][safepoint    ] Total time for which application threads were stopped: 0.0001830 seconds, Stopping threads took: 0.0001115 seconds
[2019-06-24T10:12:49.375+0000][1][safepoint    ] Application time: 0.0000896 seconds
[2019-06-24T10:12:49.375+0000][1][safepoint    ] Entering safepoint region: RevokeBias
[2019-06-24T10:12:49.375+0000][1][safepoint    ] Leaving safepoint region
[2019-06-24T10:12:49.375+0000][1][safepoint    ] Total time for which application threads were stopped: 0.0000938 seconds, Stopping threads took: 0.0000356 seconds
[2019-06-24T10:12:49.375+0000][1][safepoint    ] Application time: 0.0001272 seconds
[2019-06-24T10:12:49.375+0000][1][safepoint    ] Entering safepoint region: RevokeBias
[2019-06-24T10:12:49.375+0000][1][safepoint    ] Leaving safepoint region
[2019-06-24T10:12:49.375+0000][1][safepoint    ] Total time for which application threads were stopped: 0.0001132 seconds, Stopping threads took: 0.0000566 seconds
[2019-06-24T10:12:49.380+0000][1][safepoint    ] Application time: 0.0050041 seconds
[2019-06-24T10:12:49.381+0000][1][safepoint    ] Entering safepoint region: RevokeBias
[2019-06-24T10:12:49.381+0000][1][safepoint    ] Leaving safepoint region
[2019-06-24T10:12:49.381+0000][1][safepoint    ] Total time for which application threads were stopped: 0.0006600 seconds, Stopping threads took: 0.0004886 seconds
[2019-06-24T10:12:49.385+0000][1][safepoint    ] Application time: 0.0038207 seconds
[2019-06-24T10:12:49.385+0000][1][safepoint    ] Entering safepoint region: RevokeBias
[2019-06-24T10:12:49.385+0000][1][safepoint    ] Leaving safepoint region
[2019-06-24T10:12:49.385+0000][1][safepoint    ] Total time for which application threads were stopped: 0.0002147 seconds, Stopping threads took: 0.0001185 seconds
[2019-06-24T10:12:49.385+0000][1][safepoint    ] Application time: 0.0001439 seconds
[2019-06-24T10:12:49.387+0000][1][safepoint    ] Entering safepoint region: RevokeBias
[2019-06-24T10:12:49.387+0000][1][safepoint    ] Leaving safepoint region
[2019-06-24T10:12:49.387+0000][1][safepoint    ] Total time for which application threads were stopped: 0.0013287 seconds, Stopping threads took: 0.0012563 seconds
[2019-06-24T10:12:49.387+0000][1][safepoint    ] Application time: 0.0003682 seconds
[2019-06-24T10:12:49.387+0000][1][safepoint    ] Entering safepoint region: RevokeBias
[2019-06-24T10:12:49.387+0000][1][safepoint    ] Leaving safepoint region
[2019-06-24T10:12:49.387+0000][1][safepoint    ] Total time for which application threads were stopped: 0.0001660 seconds, Stopping threads took: 0.0000659 seconds
[2019-06-24T10:12:49.387+0000][1][safepoint    ] Application time: 0.0001037 seconds
[2019-06-24T10:12:49.388+0000][1][safepoint    ] Entering safepoint region: RevokeBias
[2019-06-24T10:12:49.388+0000][1][safepoint    ] Leaving safepoint region
[2019-06-24T10:12:49.388+0000][1][safepoint    ] Total time for which application threads were stopped: 0.0002194 seconds, Stopping threads took: 0.0001191 seconds
[2019-06-24T10:12:49.389+0000][1][safepoint    ] Application time: 0.0012083 seconds
[2019-06-24T10:12:49.389+0000][1][safepoint    ] Entering safepoint region: RevokeBias
[2019-06-24T10:12:49.389+0000][1][safepoint    ] Leaving safepoint region
[2019-06-24T10:12:49.389+0000][1][safepoint    ] Total time for which application threads were stopped: 0.0002357 seconds, Stopping threads took: 0.0000932 seconds
[2019-06-24T10:12:49.389+0000][1][safepoint    ] Application time: 0.0001176 seconds
[2019-06-24T10:12:49.391+0000][1][safepoint    ] Entering safepoint region: RevokeBias
[2019-06-24T10:12:49.391+0000][1][safepoint    ] Leaving safepoint region
[2019-06-24T10:12:49.391+0000][1][safepoint    ] Total time for which application threads were stopped: 0.0014179 seconds, Stopping threads took: 0.0013020 seconds
[2019-06-24T10:12:49.391+0000][1][safepoint    ] Application time: 0.0007723 seconds
[2019-06-24T10:12:49.392+0000][1][safepoint    ] Entering safepoint region: RevokeBias
[2019-06-24T10:12:49.392+0000][1][safepoint    ] Leaving safepoint region
[2019-06-24T10:12:49.392+0000][1][safepoint    ] Total time for which application threads were stopped: 0.0004584 seconds, Stopping threads took: 0.0003452 seconds
[2019-06-24T10:12:49.392+0000][1][safepoint    ] Application time: 0.0000330 seconds
[2019-06-24T10:12:49.392+0000][1][safepoint    ] Entering safepoint region: RevokeBias
[2019-06-24T10:12:49.392+0000][1][safepoint    ] Leaving safepoint region
[2019-06-24T10:12:49.392+0000][1][safepoint    ] Total time for which application threads were stopped: 0.0001067 seconds, Stopping threads took: 0.0000332 seconds
[2019-06-24T10:12:49.392+0000][1][safepoint    ] Application time: 0.0001725 seconds
[2019-06-24T10:12:49.392+0000][1][safepoint    ] Entering safepoint region: RevokeBias
[2019-06-24T10:12:49.392+0000][1][safepoint    ] Leaving safepoint region
[2019-06-24T10:12:49.393+0000][1][safepoint    ] Total time for which application threads were stopped: 0.0001377 seconds, Stopping threads took: 0.0000621 seconds
[2019-06-24T10:12:49.393+0000][1][safepoint    ] Application time: 0.0003085 seconds
[2019-06-24T10:12:49.393+0000][1][safepoint    ] Entering safepoint region: RevokeBias
[2019-06-24T10:12:49.393+0000][1][safepoint    ] Leaving safepoint region
[2019-06-24T10:12:49.393+0000][1][safepoint    ] Total time for which application threads were stopped: 0.0001683 seconds, Stopping threads took: 0.0000883 seconds
[2019-06-24T10:12:49.393+0000][1][safepoint    ] Application time: 0.0000705 seconds
[2019-06-24T10:12:49.393+0000][1][safepoint    ] Entering safepoint region: RevokeBias
[2019-06-24T10:12:49.393+0000][1][safepoint    ] Leaving safepoint region
[2019-06-24T10:12:49.393+0000][1][safepoint    ] Total time for which application threads were stopped: 0.0000997 seconds, Stopping threads took: 0.0000172 seconds
[2019-06-24T10:12:49.394+0000][1][safepoint    ] Application time: 0.0007673 seconds
[2019-06-24T10:12:49.394+0000][1][safepoint    ] Entering safepoint region: RevokeBias
[2019-06-24T10:12:49.394+0000][1][safepoint    ] Leaving safepoint region
[2019-06-24T10:12:49.394+0000][1][safepoint    ] Total time for which application threads were stopped: 0.0002269 seconds, Stopping threads took: 0.0000467 seconds
[2019-06-24T10:12:49.396+0000][1][safepoint    ] Application time: 0.0013816 seconds
[2019-06-24T10:12:49.396+0000][1][safepoint    ] Entering safepoint region: RevokeBias
[2019-06-24T10:12:49.396+0000][1][safepoint    ] Leaving safepoint region
[2019-06-24T10:12:49.396+0000][1][safepoint    ] Total time for which application threads were stopped: 0.0002374 seconds, Stopping threads took: 0.0000459 seconds
[2019-06-24T10:12:49.398+0000][1][safepoint    ] Application time: 0.0016003 seconds
[2019-06-24T10:12:49.398+0000][1][safepoint    ] Entering safepoint region: BulkRevokeBias
[2019-06-24T10:12:49.399+0000][1][safepoint    ] Leaving safepoint region
[2019-06-24T10:12:49.399+0000][1][safepoint    ] Total time for which application threads were stopped: 0.0012387 seconds, Stopping threads took: 0.0008214 seconds
[2019-06-24T10:12:49.400+0000][1][safepoint    ] Application time: 0.0011054 seconds
[2019-06-24T10:12:49.400+0000][1][safepoint    ] Entering safepoint region: RevokeBias
[2019-06-24T10:12:49.400+0000][1][safepoint    ] Leaving safepoint region
[2019-06-24T10:12:49.401+0000][1][safepoint    ] Total time for which application threads were stopped: 0.0002512 seconds, Stopping threads took: 0.0000669 seconds
[2019-06-24T10:12:49.403+0000][1][safepoint    ] Application time: 0.0022979 seconds
[2019-06-24T10:12:49.403+0000][1][safepoint    ] Entering safepoint region: RevokeBias
[2019-06-24T10:12:49.403+0000][1][safepoint    ] Leaving safepoint region
[2019-06-24T10:12:49.403+0000][1][safepoint    ] Total time for which application threads were stopped: 0.0001373 seconds, Stopping threads took: 0.0000332 seconds
[2019-06-24T10:12:49.404+0000][1][safepoint    ] Application time: 0.0006562 seconds
[2019-06-24T10:12:49.404+0000][1][safepoint    ] Entering safepoint region: RevokeBias
[2019-06-24T10:12:49.404+0000][1][safepoint    ] Leaving safepoint region
[2019-06-24T10:12:49.404+0000][1][safepoint    ] Total time for which application threads were stopped: 0.0000794 seconds, Stopping threads took: 0.0000151 seconds
[2019-06-24T10:12:49.407+0000][1][safepoint    ] Application time: 0.0028943 seconds
[2019-06-24T10:12:49.407+0000][1][safepoint    ] Entering safepoint region: RevokeBias
[2019-06-24T10:12:49.407+0000][1][safepoint    ] Leaving safepoint region
[2019-06-24T10:12:49.407+0000][1][safepoint    ] Total time for which application threads were stopped: 0.0001203 seconds, Stopping threads took: 0.0000276 seconds
[2019-06-24T10:12:49.407+0000][1][safepoint    ] Application time: 0.0005911 seconds
[2019-06-24T10:12:49.407+0000][1][safepoint    ] Entering safepoint region: RevokeBias
[2019-06-24T10:12:49.408+0000][1][safepoint    ] Leaving safepoint region
[2019-06-24T10:12:49.408+0000][1][safepoint    ] Total time for which application threads were stopped: 0.0001045 seconds, Stopping threads took: 0.0000265 seconds
[2019-06-24T10:12:49.415+0000][1][safepoint    ] Application time: 0.0071424 seconds
[2019-06-24T10:12:49.415+0000][1][safepoint    ] Entering safepoint region: RevokeBias
[2019-06-24T10:12:49.415+0000][1][safepoint    ] Leaving safepoint region
[2019-06-24T10:12:49.415+0000][1][safepoint    ] Total time for which application threads were stopped: 0.0001392 seconds, Stopping threads took: 0.0000416 seconds
[2019-06-24T10:12:49.423+0000][1][safepoint    ] Application time: 0.0084362 seconds
[2019-06-24T10:12:49.424+0000][1][safepoint    ] Entering safepoint region: RevokeBias
[2019-06-24T10:12:49.424+0000][1][safepoint    ] Leaving safepoint region
[2019-06-24T10:12:49.424+0000][1][safepoint    ] Total time for which application threads were stopped: 0.0002645 seconds, Stopping threads took: 0.0000824 seconds
[2019-06-24T10:12:49.426+0000][1][safepoint    ] Application time: 0.0018700 seconds
[2019-06-24T10:12:49.426+0000][1][safepoint    ] Entering safepoint region: RevokeBias
[2019-06-24T10:12:49.426+0000][1][safepoint    ] Leaving safepoint region
[2019-06-24T10:12:49.426+0000][1][safepoint    ] Total time for which application threads were stopped: 0.0002545 seconds, Stopping threads took: 0.0001216 seconds
[2019-06-24T10:12:49.427+0000][1][safepoint    ] Application time: 0.0009849 seconds
[2019-06-24T10:12:49.427+0000][1][safepoint    ] Entering safepoint region: RevokeBias
[2019-06-24T10:12:49.427+0000][1][safepoint    ] Leaving safepoint region
[2019-06-24T10:12:49.427+0000][1][safepoint    ] Total time for which application threads were stopped: 0.0002508 seconds, Stopping threads took: 0.0001516 seconds
[2019-06-24T10:12:49.428+0000][1][safepoint    ] Application time: 0.0005584 seconds
[2019-06-24T10:12:49.428+0000][1][safepoint    ] Entering safepoint region: BulkRevokeBias
[2019-06-24T10:12:49.429+0000][1][safepoint    ] Leaving safepoint region
[2019-06-24T10:12:49.429+0000][1][safepoint    ] Total time for which application threads were stopped: 0.0013951 seconds, Stopping threads took: 0.0005494 seconds
[2019-06-24T10:12:49.430+0000][1][safepoint    ] Application time: 0.0004325 seconds
[2019-06-24T10:12:49.430+0000][1][safepoint    ] Entering safepoint region: RevokeBias
[2019-06-24T10:12:49.430+0000][1][safepoint    ] Leaving safepoint region
[2019-06-24T10:12:49.430+0000][1][safepoint    ] Total time for which application threads were stopped: 0.0002834 seconds, Stopping threads took: 0.0000933 seconds
[2019-06-24T10:12:49.435+0000][1][safepoint    ] Application time: 0.0046807 seconds
[2019-06-24T10:12:49.435+0000][1][safepoint    ] Entering safepoint region: RevokeBias
[2019-06-24T10:12:49.435+0000][1][safepoint    ] Leaving safepoint region
[2019-06-24T10:12:49.435+0000][1][safepoint    ] Total time for which application threads were stopped: 0.0001620 seconds, Stopping threads took: 0.0000676 seconds
[2019-06-24T10:12:49.435+0000][1][safepoint    ] Application time: 0.0003551 seconds
[2019-06-24T10:12:49.435+0000][1][safepoint    ] Entering safepoint region: RevokeBias
[2019-06-24T10:12:49.436+0000][1][safepoint    ] Leaving safepoint region
[2019-06-24T10:12:49.436+0000][1][safepoint    ] Total time for which application threads were stopped: 0.0001526 seconds, Stopping threads took: 0.0000718 seconds
[2019-06-24T10:12:49.436+0000][1][safepoint    ] Application time: 0.0001014 seconds
[2019-06-24T10:12:49.436+0000][1][safepoint    ] Entering safepoint region: RevokeBias
[2019-06-24T10:12:49.436+0000][1][safepoint    ] Leaving safepoint region
[2019-06-24T10:12:49.436+0000][1][safepoint    ] Total time for which application threads were stopped: 0.0000857 seconds, Stopping threads took: 0.0000359 seconds
[2019-06-24T10:12:49.436+0000][1][safepoint    ] Application time: 0.0002789 seconds
[2019-06-24T10:12:49.436+0000][1][safepoint    ] Entering safepoint region: RevokeBias
[2019-06-24T10:12:49.436+0000][1][safepoint    ] Leaving safepoint region
[2019-06-24T10:12:49.436+0000][1][safepoint    ] Total time for which application threads were stopped: 0.0000868 seconds, Stopping threads took: 0.0000351 seconds
[2019-06-24T10:12:49.436+0000][1][safepoint    ] Application time: 0.0000573 seconds
[2019-06-24T10:12:49.436+0000][1][safepoint    ] Entering safepoint region: BulkRevokeBias
[2019-06-24T10:12:49.437+0000][1][safepoint    ] Leaving safepoint region
[2019-06-24T10:12:49.437+0000][1][safepoint    ] Total time for which application threads were stopped: 0.0003642 seconds, Stopping threads took: 0.0000836 seconds
[2019-06-24T10:12:49.437+0000][1][safepoint    ] Application time: 0.0003502 seconds
[2019-06-24T10:12:49.437+0000][1][safepoint    ] Entering safepoint region: RevokeBias
[2019-06-24T10:12:49.437+0000][1][safepoint    ] Leaving safepoint region
[2019-06-24T10:12:49.437+0000][1][safepoint    ] Total time for which application threads were stopped: 0.0001241 seconds, Stopping threads took: 0.0000784 seconds
[2019-06-24T10:12:49.437+0000][1][safepoint    ] Application time: 0.0001732 seconds
[2019-06-24T10:12:49.437+0000][1][safepoint    ] Entering safepoint region: RevokeBias
[2019-06-24T10:12:49.437+0000][1][safepoint    ] Leaving safepoint region
[2019-06-24T10:12:49.437+0000][1][safepoint    ] Total time for which application threads were stopped: 0.0001057 seconds, Stopping threads took: 0.0000453 seconds
[2019-06-24T10:12:49.438+0000][1][safepoint    ] Application time: 0.0003236 seconds
[2019-06-24T10:12:49.438+0000][1][safepoint    ] Entering safepoint region: RevokeBias
[2019-06-24T10:12:49.438+0000][1][safepoint    ] Leaving safepoint region
[2019-06-24T10:12:49.438+0000][1][safepoint    ] Total time for which application threads were stopped: 0.0000860 seconds, Stopping threads took: 0.0000222 seconds
[2019-06-24T10:12:49.438+0000][1][safepoint    ] Application time: 0.0003807 seconds
[2019-06-24T10:12:49.438+0000][1][safepoint    ] Entering safepoint region: RevokeBias
[2019-06-24T10:12:49.438+0000][1][safepoint    ] Leaving safepoint region
[2019-06-24T10:12:49.438+0000][1][safepoint    ] Total time for which application threads were stopped: 0.0000954 seconds, Stopping threads took: 0.0000472 seconds
[2019-06-24T10:12:49.438+0000][1][safepoint    ] Application time: 0.0000685 seconds
[2019-06-24T10:12:49.439+0000][1][safepoint    ] Entering safepoint region: RevokeBias
[2019-06-24T10:12:49.439+0000][1][safepoint    ] Leaving safepoint region
[2019-06-24T10:12:49.439+0000][1][safepoint    ] Total time for which application threads were stopped: 0.0001925 seconds, Stopping threads took: 0.0001372 seconds
[2019-06-24T10:12:49.439+0000][1][safepoint    ] Application time: 0.0003554 seconds
[2019-06-24T10:12:49.439+0000][1][safepoint    ] Entering safepoint region: RevokeBias
[2019-06-24T10:12:49.439+0000][1][safepoint    ] Leaving safepoint region
[2019-06-24T10:12:49.439+0000][1][safepoint    ] Total time for which application threads were stopped: 0.0000885 seconds, Stopping threads took: 0.0000324 seconds
[2019-06-24T10:12:49.439+0000][1][safepoint    ] Application time: 0.0001765 seconds
[2019-06-24T10:12:49.439+0000][1][safepoint    ] Entering safepoint region: RevokeBias
[2019-06-24T10:12:49.439+0000][1][safepoint    ] Leaving safepoint region
[2019-06-24T10:12:49.439+0000][1][safepoint    ] Total time for which application threads were stopped: 0.0000882 seconds, Stopping threads took: 0.0000402 seconds
[2019-06-24T10:12:49.440+0000][1][safepoint    ] Application time: 0.0002448 seconds
[2019-06-24T10:12:49.440+0000][1][safepoint    ] Entering safepoint region: RevokeBias
[2019-06-24T10:12:49.440+0000][1][safepoint    ] Leaving safepoint region
[2019-06-24T10:12:49.440+0000][1][safepoint    ] Total time for which application threads were stopped: 0.0001144 seconds, Stopping threads took: 0.0000591 seconds
[2019-06-24T10:12:49.440+0000][1][safepoint    ] Application time: 0.0002135 seconds
[2019-06-24T10:12:49.440+0000][1][safepoint    ] Entering safepoint region: RevokeBias
[2019-06-24T10:12:49.440+0000][1][safepoint    ] Leaving safepoint region
[2019-06-24T10:12:49.440+0000][1][safepoint    ] Total time for which application threads were stopped: 0.0000992 seconds, Stopping threads took: 0.0000567 seconds
[2019-06-24T10:12:49.441+0000][1][safepoint    ] Application time: 0.0003519 seconds
[2019-06-24T10:12:49.441+0000][1][safepoint    ] Entering safepoint region: RevokeBias
[2019-06-24T10:12:49.441+0000][1][safepoint    ] Leaving safepoint region
[2019-06-24T10:12:49.441+0000][1][safepoint    ] Total time for which application threads were stopped: 0.0000926 seconds, Stopping threads took: 0.0000477 seconds
[2019-06-24T10:12:49.514+0000][1][safepoint    ] Application time: 0.0729111 seconds
[2019-06-24T10:12:49.514+0000][1][safepoint    ] Entering safepoint region: RevokeBias
[2019-06-24T10:12:49.514+0000][1][safepoint    ] Leaving safepoint region
[2019-06-24T10:12:49.514+0000][1][safepoint    ] Total time for which application threads were stopped: 0.0001441 seconds, Stopping threads took: 0.0000220 seconds
[2019-06-24T10:12:49.514+0000][1][safepoint    ] Application time: 0.0001205 seconds
[2019-06-24T10:12:49.514+0000][1][safepoint    ] Entering safepoint region: RevokeBias
[2019-06-24T10:12:49.514+0000][1][safepoint    ] Leaving safepoint region
[2019-06-24T10:12:49.514+0000][1][safepoint    ] Total time for which application threads were stopped: 0.0000968 seconds, Stopping threads took: 0.0000171 seconds
[2019-06-24T10:12:49.523+0000][1][safepoint    ] Application time: 0.0088928 seconds
[2019-06-24T10:12:49.523+0000][1][safepoint    ] Entering safepoint region: RevokeBias
[2019-06-24T10:12:49.523+0000][1][safepoint    ] Leaving safepoint region
[2019-06-24T10:12:49.523+0000][1][safepoint    ] Total time for which application threads were stopped: 0.0001257 seconds, Stopping threads took: 0.0000582 seconds
[2019-06-24T10:12:49.523+0000][1][safepoint    ] Application time: 0.0000982 seconds
[2019-06-24T10:12:49.523+0000][1][safepoint    ] Entering safepoint region: RevokeBias
[2019-06-24T10:12:49.523+0000][1][safepoint    ] Leaving safepoint region
[2019-06-24T10:12:49.523+0000][1][safepoint    ] Total time for which application threads were stopped: 0.0000762 seconds, Stopping threads took: 0.0000165 seconds
[2019-06-24T10:12:49.524+0000][1][safepoint    ] Application time: 0.0002818 seconds
[2019-06-24T10:12:49.524+0000][1][safepoint    ] Entering safepoint region: RevokeBias
[2019-06-24T10:12:49.524+0000][1][safepoint    ] Leaving safepoint region
[2019-06-24T10:12:49.524+0000][1][safepoint    ] Total time for which application threads were stopped: 0.0000804 seconds, Stopping threads took: 0.0000169 seconds
[2019-06-24T10:12:49.524+0000][1][safepoint    ] Application time: 0.0000955 seconds
[2019-06-24T10:12:49.524+0000][1][safepoint    ] Entering safepoint region: RevokeBias
[2019-06-24T10:12:49.524+0000][1][safepoint    ] Leaving safepoint region
[2019-06-24T10:12:49.524+0000][1][safepoint    ] Total time for which application threads were stopped: 0.0000752 seconds, Stopping threads took: 0.0000160 seconds
[2019-06-24T10:12:49.524+0000][1][safepoint    ] Application time: 0.0000920 seconds
[2019-06-24T10:12:49.524+0000][1][safepoint    ] Entering safepoint region: RevokeBias
[2019-06-24T10:12:49.524+0000][1][safepoint    ] Leaving safepoint region
[2019-06-24T10:12:49.524+0000][1][safepoint    ] Total time for which application threads were stopped: 0.0000762 seconds, Stopping threads took: 0.0000163 seconds
[2019-06-24T10:12:49.524+0000][1][safepoint    ] Application time: 0.0000942 seconds
[2019-06-24T10:12:49.524+0000][1][safepoint    ] Entering safepoint region: RevokeBias
[2019-06-24T10:12:49.524+0000][1][safepoint    ] Leaving safepoint region
[2019-06-24T10:12:49.524+0000][1][safepoint    ] Total time for which application threads were stopped: 0.0001456 seconds, Stopping threads took: 0.0001010 seconds
[2019-06-24T10:12:49.524+0000][1][safepoint    ] Application time: 0.0000943 seconds
[2019-06-24T10:12:49.524+0000][1][safepoint    ] Entering safepoint region: RevokeBias
[2019-06-24T10:12:49.524+0000][1][safepoint    ] Leaving safepoint region
[2019-06-24T10:12:49.524+0000][1][safepoint    ] Total time for which application threads were stopped: 0.0000568 seconds, Stopping threads took: 0.0000150 seconds
[2019-06-24T10:12:49.525+0000][1][safepoint    ] Application time: 0.0000969 seconds
[2019-06-24T10:12:49.525+0000][1][safepoint    ] Entering safepoint region: RevokeBias
[2019-06-24T10:12:49.525+0000][1][safepoint    ] Leaving safepoint region
[2019-06-24T10:12:49.525+0000][1][safepoint    ] Total time for which application threads were stopped: 0.0000564 seconds, Stopping threads took: 0.0000163 seconds
[2019-06-24T10:12:49.565+0000][1][safepoint    ] Application time: 0.0403724 seconds
[2019-06-24T10:12:49.565+0000][1][safepoint    ] Entering safepoint region: RevokeBias
[2019-06-24T10:12:49.565+0000][1][safepoint    ] Leaving safepoint region
[2019-06-24T10:12:49.565+0000][1][safepoint    ] Total time for which application threads were stopped: 0.0001273 seconds, Stopping threads took: 0.0000319 seconds
[2019-06-24T10:12:49.574+0000][1][safepoint    ] Application time: 0.0086484 seconds
[2019-06-24T10:12:49.574+0000][1][safepoint    ] Entering safepoint region: RevokeBias
[2019-06-24T10:12:49.574+0000][1][safepoint    ] Leaving safepoint region
[2019-06-24T10:12:49.574+0000][1][safepoint    ] Total time for which application threads were stopped: 0.0001592 seconds, Stopping threads took: 0.0000746 seconds
[2019-06-24T10:12:49.588+0000][1][safepoint    ] Application time: 0.0134774 seconds
[2019-06-24T10:12:49.592+0000][1][safepoint    ] Entering safepoint region: RevokeBias
[2019-06-24T10:12:49.592+0000][1][safepoint    ] Leaving safepoint region
[2019-06-24T10:12:49.592+0000][1][safepoint    ] Total time for which application threads were stopped: 0.0039539 seconds, Stopping threads took: 0.0038675 seconds
[2019-06-24T10:12:49.601+0000][1][safepoint    ] Application time: 0.0087883 seconds
[2019-06-24T10:12:49.601+0000][1][safepoint    ] Entering safepoint region: RevokeBias
[2019-06-24T10:12:49.602+0000][1][safepoint    ] Leaving safepoint region
[2019-06-24T10:12:49.602+0000][1][safepoint    ] Total time for which application threads were stopped: 0.0002199 seconds, Stopping threads took: 0.0001126 seconds
[2019-06-24T10:12:49.602+0000][1][safepoint    ] Application time: 0.0004087 seconds
[2019-06-24T10:12:49.602+0000][1][safepoint    ] Entering safepoint region: RevokeBias
[2019-06-24T10:12:49.602+0000][1][safepoint    ] Leaving safepoint region
[2019-06-24T10:12:49.602+0000][1][safepoint    ] Total time for which application threads were stopped: 0.0001255 seconds, Stopping threads took: 0.0000526 seconds
[2019-06-24T10:12:49.607+0000][1][safepoint    ] Application time: 0.0048412 seconds
[2019-06-24T10:12:49.607+0000][1][safepoint    ] Entering safepoint region: BulkRevokeBias
[2019-06-24T10:12:49.608+0000][1][safepoint    ] Leaving safepoint region
[2019-06-24T10:12:49.608+0000][1][safepoint    ] Total time for which application threads were stopped: 0.0007056 seconds, Stopping threads took: 0.0001280 seconds
[2019-06-24T10:12:49.658+0000][1][safepoint    ] Application time: 0.0498954 seconds
[2019-06-24T10:12:49.658+0000][1][safepoint    ] Entering safepoint region: RevokeBias
[2019-06-24T10:12:49.658+0000][1][safepoint    ] Leaving safepoint region
[2019-06-24T10:12:49.658+0000][1][safepoint    ] Total time for which application threads were stopped: 0.0001430 seconds, Stopping threads took: 0.0000490 seconds
[2019-06-24T10:12:49.658+0000][1][safepoint    ] Application time: 0.0001317 seconds
[2019-06-24T10:12:49.658+0000][1][safepoint    ] Entering safepoint region: RevokeBias
[2019-06-24T10:12:49.658+0000][1][safepoint    ] Leaving safepoint region
[2019-06-24T10:12:49.658+0000][1][safepoint    ] Total time for which application threads were stopped: 0.0001082 seconds, Stopping threads took: 0.0000532 seconds
[2019-06-24T10:12:49.659+0000][1][safepoint    ] Application time: 0.0005058 seconds
[2019-06-24T10:12:49.659+0000][1][safepoint    ] Entering safepoint region: RevokeBias
[2019-06-24T10:12:49.659+0000][1][safepoint    ] Leaving safepoint region
[2019-06-24T10:12:49.659+0000][1][safepoint    ] Total time for which application threads were stopped: 0.0001761 seconds, Stopping threads took: 0.0000813 seconds
[2019-06-24T10:12:49.660+0000][1][safepoint    ] Application time: 0.0007601 seconds
[2019-06-24T10:12:49.660+0000][1][safepoint    ] Entering safepoint region: RevokeBias
[2019-06-24T10:12:49.660+0000][1][safepoint    ] Leaving safepoint region
[2019-06-24T10:12:49.660+0000][1][safepoint    ] Total time for which application threads were stopped: 0.0001695 seconds, Stopping threads took: 0.0000917 seconds
[2019-06-24T10:12:49.661+0000][1][safepoint    ] Application time: 0.0010811 seconds
[2019-06-24T10:12:49.662+0000][1][safepoint    ] Entering safepoint region: RevokeBias
[2019-06-24T10:12:49.663+0000][1][safepoint    ] Leaving safepoint region
[2019-06-24T10:12:49.663+0000][1][safepoint    ] Total time for which application threads were stopped: 0.0019361 seconds, Stopping threads took: 0.0016564 seconds
[2019-06-24T10:12:49.669+0000][1][safepoint    ] Application time: 0.0055847 seconds
[2019-06-24T10:12:49.669+0000][1][safepoint    ] Entering safepoint region: RevokeBias
[2019-06-24T10:12:49.669+0000][1][safepoint    ] Leaving safepoint region
[2019-06-24T10:12:49.669+0000][1][safepoint    ] Total time for which application threads were stopped: 0.0004905 seconds, Stopping threads took: 0.0001899 seconds
[2019-06-24T10:12:49.671+0000][1][safepoint    ] Application time: 0.0017814 seconds
[2019-06-24T10:12:49.672+0000][1][safepoint    ] Entering safepoint region: RevokeBias
[2019-06-24T10:12:49.672+0000][1][safepoint    ] Leaving safepoint region
[2019-06-24T10:12:49.672+0000][1][safepoint    ] Total time for which application threads were stopped: 0.0007843 seconds, Stopping threads took: 0.0005680 seconds
[2019-06-24T10:12:49.673+0000][1][safepoint    ] Application time: 0.0009516 seconds
[2019-06-24T10:12:49.673+0000][1][safepoint    ] Entering safepoint region: RevokeBias
[2019-06-24T10:12:49.673+0000][1][safepoint    ] Leaving safepoint region
[2019-06-24T10:12:49.673+0000][1][safepoint    ] Total time for which application threads were stopped: 0.0002232 seconds, Stopping threads took: 0.0000893 seconds
[2019-06-24T10:12:49.673+0000][1][safepoint    ] Application time: 0.0003081 seconds
[2019-06-24T10:12:49.673+0000][1][safepoint    ] Entering safepoint region: RevokeBias
[2019-06-24T10:12:49.674+0000][1][safepoint    ] Leaving safepoint region
[2019-06-24T10:12:49.674+0000][1][safepoint    ] Total time for which application threads were stopped: 0.0002285 seconds, Stopping threads took: 0.0001106 seconds
[2019-06-24T10:12:49.687+0000][1][safepoint    ] Application time: 0.0138423 seconds
[2019-06-24T10:12:49.690+0000][1][safepoint    ] Entering safepoint region: BulkRevokeBias
[2019-06-24T10:12:49.691+0000][1][safepoint    ] Leaving safepoint region
[2019-06-24T10:12:49.691+0000][1][safepoint    ] Total time for which application threads were stopped: 0.0033479 seconds, Stopping threads took: 0.0026462 seconds
[2019-06-24T10:12:49.696+0000][1][safepoint    ] Application time: 0.0046408 seconds
[2019-06-24T10:12:49.699+0000][1][safepoint    ] Entering safepoint region: RevokeBias
[2019-06-24T10:12:49.700+0000][1][safepoint    ] Leaving safepoint region
[2019-06-24T10:12:49.700+0000][1][safepoint    ] Total time for which application threads were stopped: 0.0039716 seconds, Stopping threads took: 0.0037686 seconds
[2019-06-24T10:12:49.703+0000][1][safepoint    ] Application time: 0.0035513 seconds
[2019-06-24T10:12:49.704+0000][1][safepoint    ] Entering safepoint region: RevokeBias
[2019-06-24T10:12:49.704+0000][1][safepoint    ] Leaving safepoint region
[2019-06-24T10:12:49.704+0000][1][safepoint    ] Total time for which application threads were stopped: 0.0012250 seconds, Stopping threads took: 0.0008422 seconds
[2019-06-24T10:12:49.721+0000][1][safepoint    ] Application time: 0.0163610 seconds
[2019-06-24T10:12:49.722+0000][1][safepoint    ] Entering safepoint region: RevokeBias
[2019-06-24T10:12:49.722+0000][1][safepoint    ] Leaving safepoint region
[2019-06-24T10:12:49.722+0000][1][safepoint    ] Total time for which application threads were stopped: 0.0008516 seconds, Stopping threads took: 0.0007069 seconds
[2019-06-24T10:12:49.736+0000][1][safepoint    ] Application time: 0.0142797 seconds
[2019-06-24T10:12:49.736+0000][1][safepoint    ] Entering safepoint region: RevokeBias
[2019-06-24T10:12:49.736+0000][1][safepoint    ] Leaving safepoint region
[2019-06-24T10:12:49.736+0000][1][safepoint    ] Total time for which application threads were stopped: 0.0001640 seconds, Stopping threads took: 0.0000483 seconds
[2019-06-24T10:12:49.739+0000][1][safepoint    ] Application time: 0.0026053 seconds
[2019-06-24T10:12:49.739+0000][1][safepoint    ] Entering safepoint region: RevokeBias
[2019-06-24T10:12:49.739+0000][1][safepoint    ] Leaving safepoint region
[2019-06-24T10:12:49.739+0000][1][safepoint    ] Total time for which application threads were stopped: 0.0001245 seconds, Stopping threads took: 0.0000343 seconds
[2019-06-24T10:12:49.739+0000][1][safepoint    ] Application time: 0.0000959 seconds
[2019-06-24T10:12:49.739+0000][1][safepoint    ] Entering safepoint region: RevokeBias
[2019-06-24T10:12:49.739+0000][1][safepoint    ] Leaving safepoint region
[2019-06-24T10:12:49.739+0000][1][safepoint    ] Total time for which application threads were stopped: 0.0001025 seconds, Stopping threads took: 0.0000399 seconds
[2019-06-24T10:12:49.751+0000][1][safepoint    ] Application time: 0.0111085 seconds
[2019-06-24T10:12:49.751+0000][1][safepoint    ] Entering safepoint region: RevokeBias
[2019-06-24T10:12:49.751+0000][1][safepoint    ] Leaving safepoint region
[2019-06-24T10:12:49.751+0000][1][safepoint    ] Total time for which application threads were stopped: 0.0004990 seconds, Stopping threads took: 0.0000993 seconds
[2019-06-24T10:12:49.752+0000][1][safepoint    ] Application time: 0.0009050 seconds
[2019-06-24T10:12:49.752+0000][1][safepoint    ] Entering safepoint region: RevokeBias
[2019-06-24T10:12:49.752+0000][1][safepoint    ] Leaving safepoint region
[2019-06-24T10:12:49.752+0000][1][safepoint    ] Total time for which application threads were stopped: 0.0002083 seconds, Stopping threads took: 0.0000534 seconds
[2019-06-24T10:12:49.753+0000][1][safepoint    ] Application time: 0.0001477 seconds
[2019-06-24T10:12:49.753+0000][1][safepoint    ] Entering safepoint region: RevokeBias
[2019-06-24T10:12:49.753+0000][1][safepoint    ] Leaving safepoint region
[2019-06-24T10:12:49.753+0000][1][safepoint    ] Total time for which application threads were stopped: 0.0001233 seconds, Stopping threads took: 0.0000220 seconds
[2019-06-24T10:12:49.753+0000][1][safepoint    ] Application time: 0.0003299 seconds
[2019-06-24T10:12:49.753+0000][1][safepoint    ] Entering safepoint region: RevokeBias
[2019-06-24T10:12:49.753+0000][1][safepoint    ] Leaving safepoint region
[2019-06-24T10:12:49.753+0000][1][safepoint    ] Total time for which application threads were stopped: 0.0001145 seconds, Stopping threads took: 0.0000178 seconds
[2019-06-24T10:12:49.755+0000][1][safepoint    ] Application time: 0.0020545 seconds
[2019-06-24T10:12:49.755+0000][1][safepoint    ] Entering safepoint region: RevokeBias
[2019-06-24T10:12:49.755+0000][1][safepoint    ] Leaving safepoint region
[2019-06-24T10:12:49.756+0000][1][safepoint    ] Total time for which application threads were stopped: 0.0001273 seconds, Stopping threads took: 0.0000265 seconds
[2019-06-24T10:12:49.756+0000][1][safepoint    ] Application time: 0.0004903 seconds
[2019-06-24T10:12:49.756+0000][1][safepoint    ] Entering safepoint region: RevokeBias
[2019-06-24T10:12:49.756+0000][1][safepoint    ] Leaving safepoint region
[2019-06-24T10:12:49.756+0000][1][safepoint    ] Total time for which application threads were stopped: 0.0001097 seconds, Stopping threads took: 0.0000201 seconds
[2019-06-24T10:12:49.766+0000][1][safepoint    ] Application time: 0.0095528 seconds
[2019-06-24T10:12:49.766+0000][1][safepoint    ] Entering safepoint region: RevokeBias
[2019-06-24T10:12:49.766+0000][1][safepoint    ] Leaving safepoint region
[2019-06-24T10:12:49.766+0000][1][safepoint    ] Total time for which application threads were stopped: 0.0004248 seconds, Stopping threads took: 0.0001870 seconds
[2019-06-24T10:12:49.766+0000][1][safepoint    ] Application time: 0.0001209 seconds
[2019-06-24T10:12:49.766+0000][1][safepoint    ] Entering safepoint region: RevokeBias
[2019-06-24T10:12:49.767+0000][1][safepoint    ] Leaving safepoint region
[2019-06-24T10:12:49.767+0000][1][safepoint    ] Total time for which application threads were stopped: 0.0002947 seconds, Stopping threads took: 0.0000337 seconds
[2019-06-24T10:12:49.896+0000][1][safepoint    ] Application time: 0.1290312 seconds
[2019-06-24T10:12:49.896+0000][1][safepoint    ] Entering safepoint region: Deoptimize
[2019-06-24T10:12:49.898+0000][1][safepoint    ] Leaving safepoint region
[2019-06-24T10:12:49.898+0000][1][safepoint    ] Total time for which application threads were stopped: 0.0017782 seconds, Stopping threads took: 0.0000592 seconds
[2019-06-24T10:12:49.970+0000][1][safepoint    ] Application time: 0.0721421 seconds
[2019-06-24T10:12:49.971+0000][1][safepoint    ] Entering safepoint region: RevokeBias
[2019-06-24T10:12:49.971+0000][1][safepoint    ] Leaving safepoint region
[2019-06-24T10:12:49.971+0000][1][safepoint    ] Total time for which application threads were stopped: 0.0010191 seconds, Stopping threads took: 0.0007140 seconds
[2019-06-24T10:12:49.971+0000][1][safepoint    ] Application time: 0.0001734 seconds
[2019-06-24T10:12:49.971+0000][1][safepoint    ] Entering safepoint region: RevokeBias
[2019-06-24T10:12:49.971+0000][1][safepoint    ] Leaving safepoint region
[2019-06-24T10:12:49.971+0000][1][safepoint    ] Total time for which application threads were stopped: 0.0002035 seconds, Stopping threads took: 0.0000717 seconds
[2019-06-24T10:12:49.971+0000][1][safepoint    ] Application time: 0.0001088 seconds
[2019-06-24T10:12:49.971+0000][1][safepoint    ] Entering safepoint region: RevokeBias
[2019-06-24T10:12:49.972+0000][1][safepoint    ] Leaving safepoint region
[2019-06-24T10:12:49.972+0000][1][safepoint    ] Total time for which application threads were stopped: 0.0000944 seconds, Stopping threads took: 0.0000190 seconds
[2019-06-24T10:12:49.972+0000][1][safepoint    ] Application time: 0.0000709 seconds
[2019-06-24T10:12:49.972+0000][1][safepoint    ] Entering safepoint region: RevokeBias
[2019-06-24T10:12:49.972+0000][1][safepoint    ] Leaving safepoint region
[2019-06-24T10:12:49.972+0000][1][safepoint    ] Total time for which application threads were stopped: 0.0006810 seconds, Stopping threads took: 0.0006057 seconds
[2019-06-24T10:12:49.972+0000][1][safepoint    ] Application time: 0.0001340 seconds
[2019-06-24T10:12:49.972+0000][1][safepoint    ] Entering safepoint region: RevokeBias
[2019-06-24T10:12:49.973+0000][1][safepoint    ] Leaving safepoint region
[2019-06-24T10:12:49.973+0000][1][safepoint    ] Total time for which application threads were stopped: 0.0000982 seconds, Stopping threads took: 0.0000159 seconds
[2019-06-24T10:12:49.973+0000][1][safepoint    ] Application time: 0.0000825 seconds
[2019-06-24T10:12:49.973+0000][1][safepoint    ] Entering safepoint region: RevokeBias
[2019-06-24T10:12:49.973+0000][1][safepoint    ] Leaving safepoint region
[2019-06-24T10:12:49.973+0000][1][safepoint    ] Total time for which application threads were stopped: 0.0002222 seconds, Stopping threads took: 0.0001253 seconds
[2019-06-24T10:12:49.973+0000][1][safepoint    ] Application time: 0.0000754 seconds
[2019-06-24T10:12:49.973+0000][1][safepoint    ] Entering safepoint region: RevokeBias
[2019-06-24T10:12:49.973+0000][1][safepoint    ] Leaving safepoint region
[2019-06-24T10:12:49.973+0000][1][safepoint    ] Total time for which application threads were stopped: 0.0001676 seconds, Stopping threads took: 0.0000789 seconds
[2019-06-24T10:12:49.973+0000][1][safepoint    ] Application time: 0.0000898 seconds
[2019-06-24T10:12:49.973+0000][1][safepoint    ] Entering safepoint region: RevokeBias
[2019-06-24T10:12:49.973+0000][1][safepoint    ] Leaving safepoint region
[2019-06-24T10:12:49.973+0000][1][safepoint    ] Total time for which application threads were stopped: 0.0001600 seconds, Stopping threads took: 0.0000611 seconds
[2019-06-24T10:12:49.994+0000][1][safepoint    ] Application time: 0.0206884 seconds
[2019-06-24T10:12:49.994+0000][1][safepoint    ] Entering safepoint region: BulkRevokeBias
[2019-06-24T10:12:49.996+0000][1][safepoint    ] Leaving safepoint region
[2019-06-24T10:12:49.996+0000][1][safepoint    ] Total time for which application threads were stopped: 0.0021055 seconds, Stopping threads took: 0.0000467 seconds
[2019-06-24T10:12:49.997+0000][1][safepoint    ] Application time: 0.0003467 seconds
[2019-06-24T10:12:49.997+0000][1][safepoint    ] Entering safepoint region: BulkRevokeBias
[2019-06-24T10:12:49.998+0000][1][safepoint    ] Leaving safepoint region
[2019-06-24T10:12:49.998+0000][1][safepoint    ] Total time for which application threads were stopped: 0.0014755 seconds, Stopping threads took: 0.0000798 seconds
[2019-06-24T10:12:50.021+0000][1][safepoint    ] Application time: 0.0224476 seconds
[2019-06-24T10:12:50.021+0000][1][safepoint    ] Entering safepoint region: RevokeBias
[2019-06-24T10:12:50.021+0000][1][safepoint    ] Leaving safepoint region
[2019-06-24T10:12:50.021+0000][1][safepoint    ] Total time for which application threads were stopped: 0.0002397 seconds, Stopping threads took: 0.0000903 seconds
[2019-06-24T10:12:50.022+0000][1][safepoint    ] Application time: 0.0005144 seconds
[2019-06-24T10:12:50.022+0000][1][safepoint    ] Entering safepoint region: RevokeBias
[2019-06-24T10:12:50.022+0000][1][safepoint    ] Leaving safepoint region
[2019-06-24T10:12:50.022+0000][1][safepoint    ] Total time for which application threads were stopped: 0.0002452 seconds, Stopping threads took: 0.0000588 seconds
[2019-06-24T10:12:50.036+0000][1][safepoint    ] Application time: 0.0140431 seconds
[2019-06-24T10:12:50.036+0000][1][safepoint    ] Entering safepoint region: RevokeBias
[2019-06-24T10:12:50.036+0000][1][safepoint    ] Leaving safepoint region
[2019-06-24T10:12:50.036+0000][1][safepoint    ] Total time for which application threads were stopped: 0.0001610 seconds, Stopping threads took: 0.0000705 seconds
[2019-06-24T10:12:50.036+0000][1][safepoint    ] Application time: 0.0001861 seconds
[2019-06-24T10:12:50.036+0000][1][safepoint    ] Entering safepoint region: RevokeBias
[2019-06-24T10:12:50.036+0000][1][safepoint    ] Leaving safepoint region
[2019-06-24T10:12:50.036+0000][1][safepoint    ] Total time for which application threads were stopped: 0.0001313 seconds, Stopping threads took: 0.0000565 seconds
[2019-06-24T10:12:50.037+0000][1][safepoint    ] Application time: 0.0007969 seconds
[2019-06-24T10:12:50.037+0000][1][safepoint    ] Entering safepoint region: RevokeBias
[2019-06-24T10:12:50.037+0000][1][safepoint    ] Leaving safepoint region
[2019-06-24T10:12:50.037+0000][1][safepoint    ] Total time for which application threads were stopped: 0.0001399 seconds, Stopping threads took: 0.0000330 seconds
[2019-06-24T10:12:50.234+0000][1][safepoint    ] Application time: 0.1963936 seconds
[2019-06-24T10:12:50.234+0000][1][safepoint    ] Entering safepoint region: RevokeBias
[2019-06-24T10:12:50.234+0000][1][safepoint    ] Leaving safepoint region
[2019-06-24T10:12:50.234+0000][1][safepoint    ] Total time for which application threads were stopped: 0.0000990 seconds, Stopping threads took: 0.0000220 seconds
[2019-06-24T10:12:50.234+0000][1][safepoint    ] Application time: 0.0000631 seconds
[2019-06-24T10:12:50.234+0000][1][safepoint    ] Entering safepoint region: RevokeBias
[2019-06-24T10:12:50.234+0000][1][safepoint    ] Leaving safepoint region
[2019-06-24T10:12:50.234+0000][1][safepoint    ] Total time for which application threads were stopped: 0.0000551 seconds, Stopping threads took: 0.0000131 seconds
[2019-06-24T10:12:50.252+0000][1][safepoint    ] Application time: 0.0181132 seconds
[2019-06-24T10:12:50.252+0000][1][safepoint    ] Entering safepoint region: RevokeBias
[2019-06-24T10:12:50.252+0000][1][safepoint    ] Leaving safepoint region
[2019-06-24T10:12:50.252+0000][1][safepoint    ] Total time for which application threads were stopped: 0.0000925 seconds, Stopping threads took: 0.0000194 seconds
[2019-06-24T10:12:50.253+0000][1][safepoint    ] Application time: 0.0003626 seconds
[2019-06-24T10:12:50.253+0000][1][safepoint    ] Entering safepoint region: RevokeBias
[2019-06-24T10:12:50.253+0000][1][safepoint    ] Leaving safepoint region
[2019-06-24T10:12:50.253+0000][1][safepoint    ] Total time for which application threads were stopped: 0.0000602 seconds, Stopping threads took: 0.0000127 seconds
[2019-06-24T10:12:50.258+0000][1][safepoint    ] Application time: 0.0046846 seconds
[2019-06-24T10:12:50.258+0000][1][safepoint    ] Entering safepoint region: RevokeBias
[2019-06-24T10:12:50.258+0000][1][safepoint    ] Leaving safepoint region
[2019-06-24T10:12:50.258+0000][1][safepoint    ] Total time for which application threads were stopped: 0.0000880 seconds, Stopping threads took: 0.0000195 seconds
[2019-06-24T10:12:50.258+0000][1][safepoint    ] Application time: 0.0000462 seconds
[2019-06-24T10:12:50.258+0000][1][safepoint    ] Entering safepoint region: RevokeBias
[2019-06-24T10:12:50.258+0000][1][safepoint    ] Leaving safepoint region
[2019-06-24T10:12:50.258+0000][1][safepoint    ] Total time for which application threads were stopped: 0.0000585 seconds, Stopping threads took: 0.0000112 seconds
[2019-06-24T10:12:50.258+0000][1][safepoint    ] Application time: 0.0000404 seconds
[2019-06-24T10:12:50.258+0000][1][safepoint    ] Entering safepoint region: RevokeBias
[2019-06-24T10:12:50.258+0000][1][safepoint    ] Leaving safepoint region
[2019-06-24T10:12:50.258+0000][1][safepoint    ] Total time for which application threads were stopped: 0.0000550 seconds, Stopping threads took: 0.0000108 seconds
[2019-06-24T10:12:50.259+0000][1][safepoint    ] Application time: 0.0007369 seconds
[2019-06-24T10:12:50.259+0000][1][safepoint    ] Entering safepoint region: RevokeBias
[2019-06-24T10:12:50.259+0000][1][safepoint    ] Leaving safepoint region
[2019-06-24T10:12:50.259+0000][1][safepoint    ] Total time for which application threads were stopped: 0.0000646 seconds, Stopping threads took: 0.0000129 seconds
[2019-06-24T10:12:50.259+0000][1][safepoint    ] Application time: 0.0001166 seconds
[2019-06-24T10:12:50.259+0000][1][safepoint    ] Entering safepoint region: RevokeBias
[2019-06-24T10:12:50.259+0000][1][safepoint    ] Leaving safepoint region
[2019-06-24T10:12:50.259+0000][1][safepoint    ] Total time for which application threads were stopped: 0.0000518 seconds, Stopping threads took: 0.0000111 seconds
[2019-06-24T10:12:50.285+0000][1][safepoint    ] Application time: 0.0257341 seconds
[2019-06-24T10:12:50.285+0000][1][safepoint    ] Entering safepoint region: RevokeBias
[2019-06-24T10:12:50.285+0000][1][safepoint    ] Leaving safepoint region
[2019-06-24T10:12:50.285+0000][1][safepoint    ] Total time for which application threads were stopped: 0.0000884 seconds, Stopping threads took: 0.0000196 seconds
[2019-06-24T10:12:50.285+0000][1][safepoint    ] Application time: 0.0007265 seconds
[2019-06-24T10:12:50.286+0000][1][safepoint    ] Entering safepoint region: RevokeBias
[2019-06-24T10:12:50.286+0000][1][safepoint    ] Leaving safepoint region
[2019-06-24T10:12:50.286+0000][1][safepoint    ] Total time for which application threads were stopped: 0.0001611 seconds, Stopping threads took: 0.0000947 seconds
[2019-06-24T10:12:50.292+0000][1][safepoint    ] Application time: 0.0058324 seconds
[2019-06-24T10:12:50.292+0000][1][safepoint    ] Entering safepoint region: RevokeBias
[2019-06-24T10:12:50.292+0000][1][safepoint    ] Leaving safepoint region
[2019-06-24T10:12:50.292+0000][1][safepoint    ] Total time for which application threads were stopped: 0.0001288 seconds, Stopping threads took: 0.0000707 seconds
[2019-06-24T10:12:51.292+0000][1][safepoint    ] Application time: 1.0001744 seconds
[2019-06-24T10:12:51.292+0000][1][safepoint    ] Entering safepoint region: Cleanup
[2019-06-24T10:12:51.292+0000][1][safepoint    ] Leaving safepoint region
[2019-06-24T10:12:51.292+0000][1][safepoint    ] Total time for which application threads were stopped: 0.0003929 seconds, Stopping threads took: 0.0000808 seconds
[2019-06-24T10:12:51.374+0000][1][safepoint    ] Application time: 0.0812862 seconds
[2019-06-24T10:12:51.374+0000][1][safepoint    ] Entering safepoint region: RevokeBias
[2019-06-24T10:12:51.374+0000][1][safepoint    ] Leaving safepoint region
[2019-06-24T10:12:51.374+0000][1][safepoint    ] Total time for which application threads were stopped: 0.0004684 seconds, Stopping threads took: 0.0002098 seconds
[2019-06-24T10:12:51.375+0000][1][safepoint    ] Application time: 0.0002595 seconds
[2019-06-24T10:12:51.375+0000][1][safepoint    ] Entering safepoint region: RevokeBias
[2019-06-24T10:12:51.375+0000][1][safepoint    ] Leaving safepoint region
[2019-06-24T10:12:51.375+0000][1][safepoint    ] Total time for which application threads were stopped: 0.0002706 seconds, Stopping threads took: 0.0000639 seconds
[2019-06-24T10:12:52.375+0000][1][safepoint    ] Application time: 1.0002603 seconds
[2019-06-24T10:12:52.375+0000][1][safepoint    ] Entering safepoint region: Cleanup
[2019-06-24T10:12:52.376+0000][1][safepoint    ] Leaving safepoint region
[2019-06-24T10:12:52.376+0000][1][safepoint    ] Total time for which application threads were stopped: 0.0003058 seconds, Stopping threads took: 0.0000664 seconds
[2019-06-24T10:12:53.376+0000][1][safepoint    ] Application time: 1.0002425 seconds
[2019-06-24T10:12:53.376+0000][1][safepoint    ] Entering safepoint region: Cleanup
[2019-06-24T10:12:53.376+0000][1][safepoint    ] Leaving safepoint region
[2019-06-24T10:12:53.376+0000][1][safepoint    ] Total time for which application threads were stopped: 0.0003621 seconds, Stopping threads took: 0.0000650 seconds
[2019-06-24T10:12:54.377+0000][1][safepoint    ] Application time: 1.0001955 seconds
[2019-06-24T10:12:54.377+0000][1][safepoint    ] Entering safepoint region: Cleanup
[2019-06-24T10:12:54.377+0000][1][safepoint    ] Leaving safepoint region
[2019-06-24T10:12:54.377+0000][1][safepoint    ] Total time for which application threads were stopped: 0.0002688 seconds, Stopping threads took: 0.0000650 seconds
[2019-06-24T10:12:55.377+0000][1][safepoint    ] Application time: 1.0001813 seconds
[2019-06-24T10:12:55.377+0000][1][safepoint    ] Entering safepoint region: Cleanup
[2019-06-24T10:12:55.378+0000][1][safepoint    ] Leaving safepoint region
[2019-06-24T10:12:55.378+0000][1][safepoint    ] Total time for which application threads were stopped: 0.0002512 seconds, Stopping threads took: 0.0000646 seconds
[2019-06-24T10:12:56.378+0000][1][safepoint    ] Application time: 1.0001357 seconds
[2019-06-24T10:12:56.378+0000][1][safepoint    ] Entering safepoint region: Cleanup
[2019-06-24T10:12:56.378+0000][1][safepoint    ] Leaving safepoint region
[2019-06-24T10:12:56.378+0000][1][safepoint    ] Total time for which application threads were stopped: 0.0001063 seconds, Stopping threads took: 0.0000334 seconds
[2019-06-24T10:12:57.378+0000][1][safepoint    ] Application time: 1.0001310 seconds
[2019-06-24T10:12:57.378+0000][1][safepoint    ] Entering safepoint region: Cleanup
[2019-06-24T10:12:57.379+0000][1][safepoint    ] Leaving safepoint region
[2019-06-24T10:12:57.379+0000][1][safepoint    ] Total time for which application threads were stopped: 0.0005174 seconds, Stopping threads took: 0.0001035 seconds
[2019-06-24T10:12:58.379+0000][1][safepoint    ] Application time: 1.0001676 seconds
[2019-06-24T10:12:58.379+0000][1][safepoint    ] Entering safepoint region: Cleanup
[2019-06-24T10:12:58.379+0000][1][safepoint    ] Leaving safepoint region
[2019-06-24T10:12:58.379+0000][1][safepoint    ] Total time for which application threads were stopped: 0.0002762 seconds, Stopping threads took: 0.0000777 seconds
[2019-06-24T10:12:59.379+0000][1][safepoint    ] Application time: 1.0001663 seconds
[2019-06-24T10:12:59.380+0000][1][safepoint    ] Entering safepoint region: Cleanup
[2019-06-24T10:12:59.380+0000][1][safepoint    ] Leaving safepoint region
[2019-06-24T10:12:59.380+0000][1][safepoint    ] Total time for which application threads were stopped: 0.0002496 seconds, Stopping threads took: 0.0000660 seconds
[2019-06-24T10:13:00.380+0000][1][safepoint    ] Application time: 1.0002301 seconds
[2019-06-24T10:13:00.380+0000][1][safepoint    ] Entering safepoint region: Cleanup
[2019-06-24T10:13:00.380+0000][1][safepoint    ] Leaving safepoint region
[2019-06-24T10:13:00.380+0000][1][safepoint    ] Total time for which application threads were stopped: 0.0002581 seconds, Stopping threads took: 0.0000641 seconds
[2019-06-24T10:13:01.381+0000][1][safepoint    ] Application time: 1.0002571 seconds
[2019-06-24T10:13:01.381+0000][1][safepoint    ] Entering safepoint region: Cleanup
[2019-06-24T10:13:01.381+0000][1][safepoint    ] Leaving safepoint region
[2019-06-24T10:13:01.381+0000][1][safepoint    ] Total time for which application threads were stopped: 0.0002501 seconds, Stopping threads took: 0.0000726 seconds
[2019-06-24T10:13:02.381+0000][1][safepoint    ] Application time: 1.0002351 seconds
[2019-06-24T10:13:02.382+0000][1][safepoint    ] Entering safepoint region: Cleanup
[2019-06-24T10:13:02.382+0000][1][safepoint    ] Leaving safepoint region
[2019-06-24T10:13:02.382+0000][1][safepoint    ] Total time for which application threads were stopped: 0.0002469 seconds, Stopping threads took: 0.0000667 seconds
[2019-06-24T10:13:03.382+0000][1][safepoint    ] Application time: 1.0001863 seconds
[2019-06-24T10:13:03.382+0000][1][safepoint    ] Entering safepoint region: Cleanup
[2019-06-24T10:13:03.382+0000][1][safepoint    ] Leaving safepoint region
[2019-06-24T10:13:03.382+0000][1][safepoint    ] Total time for which application threads were stopped: 0.0002588 seconds, Stopping threads took: 0.0000650 seconds
[2019-06-24T10:13:04.383+0000][1][safepoint    ] Application time: 1.0002134 seconds
[2019-06-24T10:13:04.383+0000][1][safepoint    ] Entering safepoint region: Cleanup
[2019-06-24T10:13:04.383+0000][1][safepoint    ] Leaving safepoint region
[2019-06-24T10:13:04.383+0000][1][safepoint    ] Total time for which application threads were stopped: 0.0003524 seconds, Stopping threads took: 0.0000762 seconds
[2019-06-24T10:13:05.383+0000][1][safepoint    ] Application time: 1.0001187 seconds
[2019-06-24T10:13:05.383+0000][1][safepoint    ] Entering safepoint region: Cleanup
[2019-06-24T10:13:05.383+0000][1][safepoint    ] Leaving safepoint region
[2019-06-24T10:13:05.383+0000][1][safepoint    ] Total time for which application threads were stopped: 0.0001650 seconds, Stopping threads took: 0.0000414 seconds
[2019-06-24T10:13:06.384+0000][1][safepoint    ] Application time: 1.0001193 seconds
[2019-06-24T10:13:06.384+0000][1][safepoint    ] Entering safepoint region: Cleanup
[2019-06-24T10:13:06.384+0000][1][safepoint    ] Leaving safepoint region
[2019-06-24T10:13:06.384+0000][1][safepoint    ] Total time for which application threads were stopped: 0.0002164 seconds, Stopping threads took: 0.0000621 seconds
[2019-06-24T10:13:07.384+0000][1][safepoint    ] Application time: 1.0002818 seconds
[2019-06-24T10:13:07.384+0000][1][safepoint    ] Entering safepoint region: Cleanup
[2019-06-24T10:13:07.385+0000][1][safepoint    ] Leaving safepoint region
[2019-06-24T10:13:07.385+0000][1][safepoint    ] Total time for which application threads were stopped: 0.0003321 seconds, Stopping threads took: 0.0000948 seconds
[2019-06-24T10:13:08.385+0000][1][safepoint    ] Application time: 1.0001761 seconds
[2019-06-24T10:13:08.385+0000][1][safepoint    ] Entering safepoint region: Cleanup
[2019-06-24T10:13:08.385+0000][1][safepoint    ] Leaving safepoint region
[2019-06-24T10:13:08.385+0000][1][safepoint    ] Total time for which application threads were stopped: 0.0003544 seconds, Stopping threads took: 0.0000854 seconds
[2019-06-24T10:13:09.386+0000][1][safepoint    ] Application time: 1.0002893 seconds
[2019-06-24T10:13:09.386+0000][1][safepoint    ] Entering safepoint region: Cleanup
[2019-06-24T10:13:09.386+0000][1][safepoint    ] Leaving safepoint region
[2019-06-24T10:13:09.386+0000][1][safepoint    ] Total time for which application threads were stopped: 0.0004181 seconds, Stopping threads took: 0.0001353 seconds
[2019-06-24T10:13:10.387+0000][1][safepoint    ] Application time: 1.0002441 seconds
[2019-06-24T10:13:10.387+0000][1][safepoint    ] Entering safepoint region: Cleanup
[2019-06-24T10:13:10.387+0000][1][safepoint    ] Leaving safepoint region
[2019-06-24T10:13:10.387+0000][1][safepoint    ] Total time for which application threads were stopped: 0.0004086 seconds, Stopping threads took: 0.0001160 seconds
[2019-06-24T10:13:11.387+0000][1][safepoint    ] Application time: 1.0002012 seconds
[2019-06-24T10:13:11.388+0000][1][safepoint    ] Entering safepoint region: Cleanup
[2019-06-24T10:13:11.388+0000][1][safepoint    ] Leaving safepoint region
[2019-06-24T10:13:11.388+0000][1][safepoint    ] Total time for which application threads were stopped: 0.0002675 seconds, Stopping threads took: 0.0000720 seconds
[2019-06-24T10:13:12.388+0000][1][safepoint    ] Application time: 1.0001469 seconds
[2019-06-24T10:13:12.388+0000][1][safepoint    ] Entering safepoint region: Cleanup
[2019-06-24T10:13:12.388+0000][1][safepoint    ] Leaving safepoint region
[2019-06-24T10:13:12.388+0000][1][safepoint    ] Total time for which application threads were stopped: 0.0001056 seconds, Stopping threads took: 0.0000372 seconds
[2019-06-24T10:13:13.388+0000][1][safepoint    ] Application time: 1.0002245 seconds
[2019-06-24T10:13:13.388+0000][1][safepoint    ] Entering safepoint region: Cleanup
[2019-06-24T10:13:13.389+0000][1][safepoint    ] Leaving safepoint region
[2019-06-24T10:13:13.389+0000][1][safepoint    ] Total time for which application threads were stopped: 0.0001558 seconds, Stopping threads took: 0.0000419 seconds
[2019-06-24T10:13:14.389+0000][1][safepoint    ] Application time: 1.0001122 seconds
[2019-06-24T10:13:14.389+0000][1][safepoint    ] Entering safepoint region: Cleanup
[2019-06-24T10:13:14.389+0000][1][safepoint    ] Leaving safepoint region
[2019-06-24T10:13:14.389+0000][1][safepoint    ] Total time for which application threads were stopped: 0.0001760 seconds, Stopping threads took: 0.0000448 seconds
[2019-06-24T10:13:15.389+0000][1][safepoint    ] Application time: 1.0002969 seconds
[2019-06-24T10:13:15.389+0000][1][safepoint    ] Entering safepoint region: Cleanup
[2019-06-24T10:13:15.389+0000][1][safepoint    ] Leaving safepoint region
[2019-06-24T10:13:15.389+0000][1][safepoint    ] Total time for which application threads were stopped: 0.0000950 seconds, Stopping threads took: 0.0000253 seconds
[2019-06-24T10:13:16.390+0000][1][safepoint    ] Application time: 1.0001479 seconds
[2019-06-24T10:13:16.390+0000][1][safepoint    ] Entering safepoint region: Cleanup
[2019-06-24T10:13:16.390+0000][1][safepoint    ] Leaving safepoint region
[2019-06-24T10:13:16.390+0000][1][safepoint    ] Total time for which application threads were stopped: 0.0001748 seconds, Stopping threads took: 0.0000441 seconds
[2019-06-24T10:13:17.390+0000][1][safepoint    ] Application time: 1.0002476 seconds
[2019-06-24T10:13:17.390+0000][1][safepoint    ] Entering safepoint region: Cleanup
[2019-06-24T10:13:17.391+0000][1][safepoint    ] Leaving safepoint region
[2019-06-24T10:13:17.391+0000][1][safepoint    ] Total time for which application threads were stopped: 0.0007175 seconds, Stopping threads took: 0.0001478 seconds
[2019-06-24T10:13:18.391+0000][1][safepoint    ] Application time: 1.0001534 seconds
[2019-06-24T10:13:18.391+0000][1][safepoint    ] Entering safepoint region: Cleanup
[2019-06-24T10:13:18.391+0000][1][safepoint    ] Leaving safepoint region
[2019-06-24T10:13:18.391+0000][1][safepoint    ] Total time for which application threads were stopped: 0.0001066 seconds, Stopping threads took: 0.0000323 seconds
[2019-06-24T10:13:19.392+0000][1][safepoint    ] Application time: 1.0001862 seconds
[2019-06-24T10:13:19.392+0000][1][safepoint    ] Entering safepoint region: Cleanup
[2019-06-24T10:13:19.392+0000][1][safepoint    ] Leaving safepoint region
[2019-06-24T10:13:19.392+0000][1][safepoint    ] Total time for which application threads were stopped: 0.0002825 seconds, Stopping threads took: 0.0000688 seconds
[2019-06-24T10:13:20.392+0000][1][safepoint    ] Application time: 1.0001754 seconds
[2019-06-24T10:13:20.392+0000][1][safepoint    ] Entering safepoint region: Cleanup
[2019-06-24T10:13:20.392+0000][1][safepoint    ] Leaving safepoint region
[2019-06-24T10:13:20.392+0000][1][safepoint    ] Total time for which application threads were stopped: 0.0002166 seconds, Stopping threads took: 0.0000694 seconds
[2019-06-24T10:13:21.393+0000][1][safepoint    ] Application time: 1.0002697 seconds
[2019-06-24T10:13:21.393+0000][1][safepoint    ] Entering safepoint region: Cleanup
[2019-06-24T10:13:21.393+0000][1][safepoint    ] Leaving safepoint region
[2019-06-24T10:13:21.393+0000][1][safepoint    ] Total time for which application threads were stopped: 0.0003218 seconds, Stopping threads took: 0.0000793 seconds
[2019-06-24T10:13:22.394+0000][1][safepoint    ] Application time: 1.0002663 seconds
[2019-06-24T10:13:22.394+0000][1][safepoint    ] Entering safepoint region: Cleanup
[2019-06-24T10:13:22.394+0000][1][safepoint    ] Leaving safepoint region
[2019-06-24T10:13:22.394+0000][1][safepoint    ] Total time for which application threads were stopped: 0.0000989 seconds, Stopping threads took: 0.0000251 seconds
[2019-06-24T10:13:23.394+0000][1][safepoint    ] Application time: 1.0001894 seconds
[2019-06-24T10:13:23.394+0000][1][safepoint    ] Entering safepoint region: Cleanup
[2019-06-24T10:13:23.394+0000][1][safepoint    ] Leaving safepoint region
[2019-06-24T10:13:23.394+0000][1][safepoint    ] Total time for which application threads were stopped: 0.0003401 seconds, Stopping threads took: 0.0001167 seconds
[2019-06-24T10:13:24.010+0000][1][safepoint    ] Application time: 0.6153636 seconds
[2019-06-24T10:13:24.010+0000][1][safepoint    ] Entering safepoint region: GenCollectForAllocation
[2019-06-24T10:13:24.010+0000][1][gc,start     ] GC(22) Pause Young (Allocation Failure)
[2019-06-24T10:13:24.010+0000][1][gc,task      ] GC(22) Using 5 workers of 8 for evacuation
[2019-06-24T10:13:24.023+0000][1][gc,age       ] GC(22) Desired survivor size 4456448 bytes, new threshold 2 (max threshold 6)
[2019-06-24T10:13:24.023+0000][1][gc,age       ] GC(22) Age table with threshold 2 (max threshold 6)
[2019-06-24T10:13:24.023+0000][1][gc,age       ] GC(22) - age   1:    2134448 bytes,    2134448 total
[2019-06-24T10:13:24.023+0000][1][gc,age       ] GC(22) - age   2:    3627296 bytes,    5761744 total
[2019-06-24T10:13:24.023+0000][1][gc,heap      ] GC(22) ParNew: 78656K->8704K(78656K)
[2019-06-24T10:13:24.023+0000][1][gc,heap      ] GC(22) CMS: 59767K->63825K(174784K)
[2019-06-24T10:13:24.023+0000][1][gc,metaspace ] GC(22) Metaspace: 66280K->66280K(1110016K)
[2019-06-24T10:13:24.023+0000][1][gc           ] GC(22) Pause Young (Allocation Failure) 135M->70M(247M) 13.262ms
[2019-06-24T10:13:24.023+0000][1][gc,cpu       ] GC(22) User=0.06s Sys=0.00s Real=0.02s
[2019-06-24T10:13:24.023+0000][1][safepoint    ] Leaving safepoint region
[2019-06-24T10:13:24.023+0000][1][safepoint    ] Total time for which application threads were stopped: 0.0136403 seconds, Stopping threads took: 0.0000600 seconds
[2019-06-24T10:13:25.024+0000][1][safepoint    ] Application time: 1.0002320 seconds
[2019-06-24T10:13:25.024+0000][1][safepoint    ] Entering safepoint region: Cleanup
[2019-06-24T10:13:25.024+0000][1][safepoint    ] Leaving safepoint region
[2019-06-24T10:13:25.024+0000][1][safepoint    ] Total time for which application threads were stopped: 0.0003296 seconds, Stopping threads took: 0.0000860 seconds
[2019-06-24T10:13:26.024+0000][1][safepoint    ] Application time: 1.0002559 seconds
[2019-06-24T10:13:26.025+0000][1][safepoint    ] Entering safepoint region: Cleanup
[2019-06-24T10:13:26.025+0000][1][safepoint    ] Leaving safepoint region
[2019-06-24T10:13:26.025+0000][1][safepoint    ] Total time for which application threads were stopped: 0.0003114 seconds, Stopping threads took: 0.0000831 seconds
[2019-06-24T10:13:27.025+0000][1][safepoint    ] Application time: 1.0002457 seconds
[2019-06-24T10:13:27.025+0000][1][safepoint    ] Entering safepoint region: Cleanup
[2019-06-24T10:13:27.026+0000][1][safepoint    ] Leaving safepoint region
[2019-06-24T10:13:27.026+0000][1][safepoint    ] Total time for which application threads were stopped: 0.0002907 seconds, Stopping threads took: 0.0000736 seconds
[2019-06-24T10:13:28.026+0000][1][safepoint    ] Application time: 1.0002153 seconds
[2019-06-24T10:13:28.026+0000][1][safepoint    ] Entering safepoint region: Cleanup
[2019-06-24T10:13:28.026+0000][1][safepoint    ] Leaving safepoint region
[2019-06-24T10:13:28.026+0000][1][safepoint    ] Total time for which application threads were stopped: 0.0002684 seconds, Stopping threads took: 0.0000732 seconds
[2019-06-24T10:13:29.026+0000][1][safepoint    ] Application time: 1.0001801 seconds
[2019-06-24T10:13:29.027+0000][1][safepoint    ] Entering safepoint region: Cleanup
[2019-06-24T10:13:29.027+0000][1][safepoint    ] Leaving safepoint region
[2019-06-24T10:13:29.027+0000][1][safepoint    ] Total time for which application threads were stopped: 0.0003338 seconds, Stopping threads took: 0.0001006 seconds
[2019-06-24T10:13:30.027+0000][1][safepoint    ] Application time: 1.0001718 seconds
[2019-06-24T10:13:30.027+0000][1][safepoint    ] Entering safepoint region: Cleanup
[2019-06-24T10:13:30.027+0000][1][safepoint    ] Leaving safepoint region
[2019-06-24T10:13:30.027+0000][1][safepoint    ] Total time for which application threads were stopped: 0.0001664 seconds, Stopping threads took: 0.0000455 seconds
[2019-06-24T10:13:31.028+0000][1][safepoint    ] Application time: 1.0001840 seconds
[2019-06-24T10:13:31.028+0000][1][safepoint    ] Entering safepoint region: Cleanup
[2019-06-24T10:13:31.028+0000][1][safepoint    ] Leaving safepoint region
[2019-06-24T10:13:31.028+0000][1][safepoint    ] Total time for which application threads were stopped: 0.0003128 seconds, Stopping threads took: 0.0000712 seconds
[2019-06-24T10:13:32.028+0000][1][safepoint    ] Application time: 1.0002666 seconds
[2019-06-24T10:13:32.028+0000][1][safepoint    ] Entering safepoint region: Cleanup
[2019-06-24T10:13:32.029+0000][1][safepoint    ] Leaving safepoint region
[2019-06-24T10:13:32.029+0000][1][safepoint    ] Total time for which application threads were stopped: 0.0003450 seconds, Stopping threads took: 0.0001075 seconds
[2019-06-24T10:13:33.029+0000][1][safepoint    ] Application time: 1.0002641 seconds
[2019-06-24T10:13:33.029+0000][1][safepoint    ] Entering safepoint region: Cleanup
[2019-06-24T10:13:33.029+0000][1][safepoint    ] Leaving safepoint region
[2019-06-24T10:13:33.030+0000][1][safepoint    ] Total time for which application threads were stopped: 0.0003590 seconds, Stopping threads took: 0.0001203 seconds
[2019-06-24T10:13:34.030+0000][1][safepoint    ] Application time: 1.0002743 seconds
[2019-06-24T10:13:34.030+0000][1][safepoint    ] Entering safepoint region: Cleanup
[2019-06-24T10:13:34.030+0000][1][safepoint    ] Leaving safepoint region
[2019-06-24T10:13:34.030+0000][1][safepoint    ] Total time for which application threads were stopped: 0.0002931 seconds, Stopping threads took: 0.0000671 seconds
[2019-06-24T10:13:35.031+0000][1][safepoint    ] Application time: 1.0002563 seconds
[2019-06-24T10:13:35.031+0000][1][safepoint    ] Entering safepoint region: Cleanup
[2019-06-24T10:13:35.031+0000][1][safepoint    ] Leaving safepoint region
[2019-06-24T10:13:35.031+0000][1][safepoint    ] Total time for which application threads were stopped: 0.0002528 seconds, Stopping threads took: 0.0000600 seconds
[2019-06-24T10:13:36.031+0000][1][safepoint    ] Application time: 1.0001874 seconds
[2019-06-24T10:13:36.031+0000][1][safepoint    ] Entering safepoint region: Cleanup
[2019-06-24T10:13:36.031+0000][1][safepoint    ] Leaving safepoint region
[2019-06-24T10:13:36.032+0000][1][safepoint    ] Total time for which application threads were stopped: 0.0003299 seconds, Stopping threads took: 0.0000650 seconds
[2019-06-24T10:13:37.032+0000][1][safepoint    ] Application time: 1.0002683 seconds
[2019-06-24T10:13:37.032+0000][1][safepoint    ] Entering safepoint region: Cleanup
[2019-06-24T10:13:37.032+0000][1][safepoint    ] Leaving safepoint region
[2019-06-24T10:13:37.032+0000][1][safepoint    ] Total time for which application threads were stopped: 0.0002742 seconds, Stopping threads took: 0.0000664 seconds
[2019-06-24T10:13:38.033+0000][1][safepoint    ] Application time: 1.0002832 seconds
[2019-06-24T10:13:38.034+0000][1][safepoint    ] Entering safepoint region: Cleanup
[2019-06-24T10:13:38.035+0000][1][safepoint    ] Leaving safepoint region
[2019-06-24T10:13:38.035+0000][1][safepoint    ] Total time for which application threads were stopped: 0.0011953 seconds, Stopping threads took: 0.0003457 seconds
[2019-06-24T10:13:39.035+0000][1][safepoint    ] Application time: 1.0001691 seconds
[2019-06-24T10:13:39.035+0000][1][safepoint    ] Entering safepoint region: Cleanup
[2019-06-24T10:13:39.035+0000][1][safepoint    ] Leaving safepoint region
[2019-06-24T10:13:39.035+0000][1][safepoint    ] Total time for which application threads were stopped: 0.0002768 seconds, Stopping threads took: 0.0000634 seconds
[2019-06-24T10:13:40.036+0000][1][safepoint    ] Application time: 1.0002776 seconds
[2019-06-24T10:13:40.036+0000][1][safepoint    ] Entering safepoint region: Cleanup
[2019-06-24T10:13:40.036+0000][1][safepoint    ] Leaving safepoint region
[2019-06-24T10:13:40.036+0000][1][safepoint    ] Total time for which application threads were stopped: 0.0002917 seconds, Stopping threads took: 0.0000579 seconds
[2019-06-24T10:13:41.708+0000][1][safepoint    ] Application time: 1.6721195 seconds
[2019-06-24T10:13:41.708+0000][1][safepoint    ] Entering safepoint region: Cleanup
[2019-06-24T10:13:41.709+0000][1][safepoint    ] Leaving safepoint region
[2019-06-24T10:13:41.709+0000][1][safepoint    ] Total time for which application threads were stopped: 0.0004302 seconds, Stopping threads took: 0.0001640 seconds
[2019-06-24T10:13:42.709+0000][1][safepoint    ] Application time: 1.0001470 seconds
[2019-06-24T10:13:42.709+0000][1][safepoint    ] Entering safepoint region: Cleanup
[2019-06-24T10:13:42.709+0000][1][safepoint    ] Leaving safepoint region
[2019-06-24T10:13:42.709+0000][1][safepoint    ] Total time for which application threads were stopped: 0.0001125 seconds, Stopping threads took: 0.0000349 seconds
[2019-06-24T10:13:43.709+0000][1][safepoint    ] Application time: 1.0000915 seconds
[2019-06-24T10:13:43.709+0000][1][safepoint    ] Entering safepoint region: Cleanup
[2019-06-24T10:13:43.709+0000][1][safepoint    ] Leaving safepoint region
[2019-06-24T10:13:43.709+0000][1][safepoint    ] Total time for which application threads were stopped: 0.0001624 seconds, Stopping threads took: 0.0000821 seconds
[2019-06-24T10:13:44.710+0000][1][safepoint    ] Application time: 1.0001763 seconds
[2019-06-24T10:13:44.710+0000][1][safepoint    ] Entering safepoint region: Cleanup
[2019-06-24T10:13:44.710+0000][1][safepoint    ] Leaving safepoint region
[2019-06-24T10:13:44.710+0000][1][safepoint    ] Total time for which application threads were stopped: 0.0002623 seconds, Stopping threads took: 0.0000652 seconds
[2019-06-24T10:13:45.710+0000][1][safepoint    ] Application time: 1.0002152 seconds
[2019-06-24T10:13:45.710+0000][1][safepoint    ] Entering safepoint region: Cleanup
[2019-06-24T10:13:45.710+0000][1][safepoint    ] Leaving safepoint region
[2019-06-24T10:13:45.711+0000][1][safepoint    ] Total time for which application threads were stopped: 0.0003403 seconds, Stopping threads took: 0.0000640 seconds
[2019-06-24T10:13:46.711+0000][1][safepoint    ] Application time: 1.0001366 seconds
[2019-06-24T10:13:46.711+0000][1][safepoint    ] Entering safepoint region: Cleanup
[2019-06-24T10:13:46.711+0000][1][safepoint    ] Leaving safepoint region
[2019-06-24T10:13:46.711+0000][1][safepoint    ] Total time for which application threads were stopped: 0.0002726 seconds, Stopping threads took: 0.0000645 seconds
[2019-06-24T10:13:47.711+0000][1][safepoint    ] Application time: 1.0002188 seconds
[2019-06-24T10:13:47.711+0000][1][safepoint    ] Entering safepoint region: Cleanup
[2019-06-24T10:13:47.712+0000][1][safepoint    ] Leaving safepoint region
[2019-06-24T10:13:47.712+0000][1][safepoint    ] Total time for which application threads were stopped: 0.0001832 seconds, Stopping threads took: 0.0000663 seconds
[2019-06-24T10:13:48.712+0000][1][safepoint    ] Application time: 1.0001729 seconds
[2019-06-24T10:13:48.712+0000][1][safepoint    ] Entering safepoint region: Cleanup
[2019-06-24T10:13:48.712+0000][1][safepoint    ] Leaving safepoint region
[2019-06-24T10:13:48.712+0000][1][safepoint    ] Total time for which application threads were stopped: 0.0002831 seconds, Stopping threads took: 0.0000910 seconds
[2019-06-24T10:13:49.712+0000][1][safepoint    ] Application time: 1.0001905 seconds
[2019-06-24T10:13:49.713+0000][1][safepoint    ] Entering safepoint region: Cleanup
[2019-06-24T10:13:49.713+0000][1][safepoint    ] Leaving safepoint region
[2019-06-24T10:13:49.713+0000][1][safepoint    ] Total time for which application threads were stopped: 0.0002600 seconds, Stopping threads took: 0.0000630 seconds
[2019-06-24T10:13:51.713+0000][1][safepoint    ] Application time: 2.0003308 seconds
[2019-06-24T10:13:51.713+0000][1][safepoint    ] Entering safepoint region: Cleanup
[2019-06-24T10:13:51.713+0000][1][safepoint    ] Leaving safepoint region
[2019-06-24T10:13:51.713+0000][1][safepoint    ] Total time for which application threads were stopped: 0.0002667 seconds, Stopping threads took: 0.0000619 seconds
[2019-06-24T10:13:52.714+0000][1][safepoint    ] Application time: 1.0001683 seconds
[2019-06-24T10:13:52.714+0000][1][safepoint    ] Entering safepoint region: Cleanup
[2019-06-24T10:13:52.714+0000][1][safepoint    ] Leaving safepoint region
[2019-06-24T10:13:52.714+0000][1][safepoint    ] Total time for which application threads were stopped: 0.0001519 seconds, Stopping threads took: 0.0000355 seconds
[2019-06-24T10:13:54.714+0000][1][safepoint    ] Application time: 2.0003246 seconds
[2019-06-24T10:13:54.714+0000][1][safepoint    ] Entering safepoint region: Cleanup
[2019-06-24T10:13:54.715+0000][1][safepoint    ] Leaving safepoint region
[2019-06-24T10:13:54.715+0000][1][safepoint    ] Total time for which application threads were stopped: 0.0003669 seconds, Stopping threads took: 0.0000947 seconds
[2019-06-24T10:13:56.715+0000][1][safepoint    ] Application time: 2.0002522 seconds
[2019-06-24T10:13:56.715+0000][1][safepoint    ] Entering safepoint region: Cleanup
[2019-06-24T10:13:56.715+0000][1][safepoint    ] Leaving safepoint region
[2019-06-24T10:13:56.715+0000][1][safepoint    ] Total time for which application threads were stopped: 0.0003576 seconds, Stopping threads took: 0.0000762 seconds
[2019-06-24T10:13:59.716+0000][1][safepoint    ] Application time: 3.0005953 seconds
[2019-06-24T10:13:59.716+0000][1][safepoint    ] Entering safepoint region: Cleanup
[2019-06-24T10:13:59.716+0000][1][safepoint    ] Leaving safepoint region
[2019-06-24T10:13:59.716+0000][1][safepoint    ] Total time for which application threads were stopped: 0.0003443 seconds, Stopping threads took: 0.0000635 seconds
[2019-06-24T10:14:00.717+0000][1][safepoint    ] Application time: 1.0002825 seconds
[2019-06-24T10:14:00.717+0000][1][safepoint    ] Entering safepoint region: Cleanup
[2019-06-24T10:14:00.717+0000][1][safepoint    ] Leaving safepoint region
[2019-06-24T10:14:00.717+0000][1][safepoint    ] Total time for which application threads were stopped: 0.0002774 seconds, Stopping threads took: 0.0000652 seconds
[2019-06-24T10:14:02.718+0000][1][safepoint    ] Application time: 2.0004227 seconds
[2019-06-24T10:14:02.718+0000][1][safepoint    ] Entering safepoint region: Cleanup
[2019-06-24T10:14:02.718+0000][1][safepoint    ] Leaving safepoint region
[2019-06-24T10:14:02.718+0000][1][safepoint    ] Total time for which application threads were stopped: 0.0001424 seconds, Stopping threads took: 0.0000327 seconds
[2019-06-24T10:14:03.718+0000][1][safepoint    ] Application time: 1.0001765 seconds
[2019-06-24T10:14:03.718+0000][1][safepoint    ] Entering safepoint region: Cleanup
[2019-06-24T10:14:03.718+0000][1][safepoint    ] Leaving safepoint region
[2019-06-24T10:14:03.719+0000][1][safepoint    ] Total time for which application threads were stopped: 0.0004038 seconds, Stopping threads took: 0.0001223 seconds
[2019-06-24T10:14:04.719+0000][1][safepoint    ] Application time: 1.0002732 seconds
[2019-06-24T10:14:04.719+0000][1][safepoint    ] Entering safepoint region: Cleanup
[2019-06-24T10:14:04.719+0000][1][safepoint    ] Leaving safepoint region
[2019-06-24T10:14:04.719+0000][1][safepoint    ] Total time for which application threads were stopped: 0.0002792 seconds, Stopping threads took: 0.0000630 seconds
[2019-06-24T10:14:06.720+0000][1][safepoint    ] Application time: 2.0004940 seconds
[2019-06-24T10:14:06.720+0000][1][safepoint    ] Entering safepoint region: Cleanup
[2019-06-24T10:14:06.720+0000][1][safepoint    ] Leaving safepoint region
[2019-06-24T10:14:06.720+0000][1][safepoint    ] Total time for which application threads were stopped: 0.0002785 seconds, Stopping threads took: 0.0000626 seconds
[2019-06-24T10:14:07.720+0000][1][safepoint    ] Application time: 1.0002896 seconds
[2019-06-24T10:14:07.721+0000][1][safepoint    ] Entering safepoint region: Cleanup
[2019-06-24T10:14:07.721+0000][1][safepoint    ] Leaving safepoint region
[2019-06-24T10:14:07.721+0000][1][safepoint    ] Total time for which application threads were stopped: 0.0001447 seconds, Stopping threads took: 0.0000290 seconds
[2019-06-24T10:14:08.721+0000][1][safepoint    ] Application time: 1.0002704 seconds
[2019-06-24T10:14:08.721+0000][1][safepoint    ] Entering safepoint region: Cleanup
[2019-06-24T10:14:08.721+0000][1][safepoint    ] Leaving safepoint region
[2019-06-24T10:14:08.721+0000][1][safepoint    ] Total time for which application threads were stopped: 0.0003144 seconds, Stopping threads took: 0.0000954 seconds
[2019-06-24T10:14:09.722+0000][1][safepoint    ] Application time: 1.0002414 seconds
[2019-06-24T10:14:09.722+0000][1][safepoint    ] Entering safepoint region: Cleanup
[2019-06-24T10:14:09.722+0000][1][safepoint    ] Leaving safepoint region
[2019-06-24T10:14:09.722+0000][1][safepoint    ] Total time for which application threads were stopped: 0.0002826 seconds, Stopping threads took: 0.0000638 seconds
[2019-06-24T10:14:10.722+0000][1][safepoint    ] Application time: 1.0002497 seconds
[2019-06-24T10:14:10.723+0000][1][safepoint    ] Entering safepoint region: Cleanup
[2019-06-24T10:14:10.723+0000][1][safepoint    ] Leaving safepoint region
[2019-06-24T10:14:10.723+0000][1][safepoint    ] Total time for which application threads were stopped: 0.0003104 seconds, Stopping threads took: 0.0000920 seconds
[2019-06-24T10:14:12.723+0000][1][safepoint    ] Application time: 2.0005070 seconds
[2019-06-24T10:14:12.723+0000][1][safepoint    ] Entering safepoint region: Cleanup
[2019-06-24T10:14:12.723+0000][1][safepoint    ] Leaving safepoint region
[2019-06-24T10:14:12.723+0000][1][safepoint    ] Total time for which application threads were stopped: 0.0001282 seconds, Stopping threads took: 0.0000306 seconds
[2019-06-24T10:14:13.724+0000][1][safepoint    ] Application time: 1.0002325 seconds
[2019-06-24T10:14:13.724+0000][1][safepoint    ] Entering safepoint region: Cleanup
[2019-06-24T10:14:13.724+0000][1][safepoint    ] Leaving safepoint region
[2019-06-24T10:14:13.724+0000][1][safepoint    ] Total time for which application threads were stopped: 0.0003188 seconds, Stopping threads took: 0.0000680 seconds
[2019-06-24T10:14:14.724+0000][1][safepoint    ] Application time: 1.0002533 seconds
[2019-06-24T10:14:14.725+0000][1][safepoint    ] Entering safepoint region: Cleanup
[2019-06-24T10:14:14.725+0000][1][safepoint    ] Leaving safepoint region
[2019-06-24T10:14:14.725+0000][1][safepoint    ] Total time for which application threads were stopped: 0.0002937 seconds, Stopping threads took: 0.0000652 seconds
[2019-06-24T10:14:17.725+0000][1][safepoint    ] Application time: 3.0005437 seconds
[2019-06-24T10:14:17.725+0000][1][safepoint    ] Entering safepoint region: Cleanup
[2019-06-24T10:14:17.726+0000][1][safepoint    ] Leaving safepoint region
[2019-06-24T10:14:17.726+0000][1][safepoint    ] Total time for which application threads were stopped: 0.0001325 seconds, Stopping threads took: 0.0000411 seconds
[2019-06-24T10:14:24.727+0000][1][safepoint    ] Application time: 7.0011519 seconds
[2019-06-24T10:14:24.728+0000][1][safepoint    ] Entering safepoint region: Cleanup
[2019-06-24T10:14:24.728+0000][1][safepoint    ] Leaving safepoint region
[2019-06-24T10:14:24.728+0000][1][safepoint    ] Total time for which application threads were stopped: 0.0003283 seconds, Stopping threads took: 0.0000962 seconds
[2019-06-24T10:14:25.728+0000][1][safepoint    ] Application time: 1.0003172 seconds
[2019-06-24T10:14:25.729+0000][1][safepoint    ] Entering safepoint region: Cleanup
[2019-06-24T10:14:25.729+0000][1][safepoint    ] Leaving safepoint region
[2019-06-24T10:14:25.729+0000][1][safepoint    ] Total time for which application threads were stopped: 0.0002758 seconds, Stopping threads took: 0.0000659 seconds
[2019-06-24T10:14:26.729+0000][1][safepoint    ] Application time: 1.0001901 seconds
[2019-06-24T10:14:26.729+0000][1][safepoint    ] Entering safepoint region: Cleanup
[2019-06-24T10:14:26.729+0000][1][safepoint    ] Leaving safepoint region
[2019-06-24T10:14:26.729+0000][1][safepoint    ] Total time for which application threads were stopped: 0.0002830 seconds, Stopping threads took: 0.0000694 seconds
[2019-06-24T10:14:27.730+0000][1][safepoint    ] Application time: 1.0002040 seconds
[2019-06-24T10:14:27.730+0000][1][safepoint    ] Entering safepoint region: Cleanup
[2019-06-24T10:14:27.730+0000][1][safepoint    ] Leaving safepoint region
[2019-06-24T10:14:27.730+0000][1][safepoint    ] Total time for which application threads were stopped: 0.0002674 seconds, Stopping threads took: 0.0000645 seconds
[2019-06-24T10:14:29.731+0000][1][safepoint    ] Application time: 2.0005522 seconds
[2019-06-24T10:14:29.731+0000][1][safepoint    ] Entering safepoint region: Cleanup
[2019-06-24T10:14:29.731+0000][1][safepoint    ] Leaving safepoint region
[2019-06-24T10:14:29.731+0000][1][safepoint    ] Total time for which application threads were stopped: 0.0002833 seconds, Stopping threads took: 0.0000662 seconds
[2019-06-24T10:14:30.731+0000][1][safepoint    ] Application time: 1.0001614 seconds
[2019-06-24T10:14:30.731+0000][1][safepoint    ] Entering safepoint region: Cleanup
[2019-06-24T10:14:30.731+0000][1][safepoint    ] Leaving safepoint region
[2019-06-24T10:14:30.731+0000][1][safepoint    ] Total time for which application threads were stopped: 0.0001093 seconds, Stopping threads took: 0.0000242 seconds
[2019-06-24T10:14:34.732+0000][1][safepoint    ] Application time: 4.0008489 seconds
[2019-06-24T10:14:34.732+0000][1][safepoint    ] Entering safepoint region: Cleanup
[2019-06-24T10:14:34.733+0000][1][safepoint    ] Leaving safepoint region
[2019-06-24T10:14:34.733+0000][1][safepoint    ] Total time for which application threads were stopped: 0.0003040 seconds, Stopping threads took: 0.0000958 seconds
[2019-06-24T10:14:38.733+0000][1][safepoint    ] Application time: 4.0008229 seconds
[2019-06-24T10:14:38.734+0000][1][safepoint    ] Entering safepoint region: Cleanup
[2019-06-24T10:14:38.734+0000][1][safepoint    ] Leaving safepoint region
[2019-06-24T10:14:38.734+0000][1][safepoint    ] Total time for which application threads were stopped: 0.0003182 seconds, Stopping threads took: 0.0000657 seconds
[2019-06-24T10:14:39.734+0000][1][safepoint    ] Application time: 1.0002772 seconds
[2019-06-24T10:14:39.734+0000][1][safepoint    ] Entering safepoint region: Cleanup
[2019-06-24T10:14:39.735+0000][1][safepoint    ] Leaving safepoint region
[2019-06-24T10:14:39.735+0000][1][safepoint    ] Total time for which application threads were stopped: 0.0004652 seconds, Stopping threads took: 0.0001148 seconds
[2019-06-24T10:14:40.735+0000][1][safepoint    ] Application time: 1.0001403 seconds
[2019-06-24T10:14:40.735+0000][1][safepoint    ] Entering safepoint region: Cleanup
[2019-06-24T10:14:40.735+0000][1][safepoint    ] Leaving safepoint region
[2019-06-24T10:14:40.735+0000][1][safepoint    ] Total time for which application threads were stopped: 0.0001133 seconds, Stopping threads took: 0.0000204 seconds
[2019-06-24T10:14:41.735+0000][1][safepoint    ] Application time: 1.0002133 seconds
[2019-06-24T10:14:41.735+0000][1][safepoint    ] Entering safepoint region: Cleanup
[2019-06-24T10:14:41.736+0000][1][safepoint    ] Leaving safepoint region
[2019-06-24T10:14:41.736+0000][1][safepoint    ] Total time for which application threads were stopped: 0.0002786 seconds, Stopping threads took: 0.0000660 seconds
[2019-06-24T10:14:46.737+0000][1][safepoint    ] Application time: 5.0007831 seconds
[2019-06-24T10:14:46.737+0000][1][safepoint    ] Entering safepoint region: Cleanup
[2019-06-24T10:14:46.737+0000][1][safepoint    ] Leaving safepoint region
[2019-06-24T10:14:46.737+0000][1][safepoint    ] Total time for which application threads were stopped: 0.0008010 seconds, Stopping threads took: 0.0000306 seconds
[2019-06-24T10:14:49.738+0000][1][safepoint    ] Application time: 3.0006091 seconds
[2019-06-24T10:14:49.738+0000][1][safepoint    ] Entering safepoint region: Cleanup
[2019-06-24T10:14:49.738+0000][1][safepoint    ] Leaving safepoint region
[2019-06-24T10:14:49.738+0000][1][safepoint    ] Total time for which application threads were stopped: 0.0002787 seconds, Stopping threads took: 0.0000675 seconds
[2019-06-24T10:14:51.739+0000][1][safepoint    ] Application time: 2.0004698 seconds
[2019-06-24T10:14:51.739+0000][1][safepoint    ] Entering safepoint region: Cleanup
[2019-06-24T10:14:51.739+0000][1][safepoint    ] Leaving safepoint region
[2019-06-24T10:14:51.739+0000][1][safepoint    ] Total time for which application threads were stopped: 0.0002723 seconds, Stopping threads took: 0.0000705 seconds
[2019-06-24T10:14:53.740+0000][1][safepoint    ] Application time: 2.0003832 seconds
[2019-06-24T10:14:53.740+0000][1][safepoint    ] Entering safepoint region: Cleanup
[2019-06-24T10:14:53.740+0000][1][safepoint    ] Leaving safepoint region
[2019-06-24T10:14:53.740+0000][1][safepoint    ] Total time for which application threads were stopped: 0.0004236 seconds, Stopping threads took: 0.0001082 seconds
[2019-06-24T10:14:58.741+0000][1][safepoint    ] Application time: 5.0010885 seconds
[2019-06-24T10:14:58.742+0000][1][safepoint    ] Entering safepoint region: Cleanup
[2019-06-24T10:14:58.742+0000][1][safepoint    ] Leaving safepoint region
[2019-06-24T10:14:58.742+0000][1][safepoint    ] Total time for which application threads were stopped: 0.0003201 seconds, Stopping threads took: 0.0000978 seconds
[2019-06-24T10:15:06.743+0000][1][safepoint    ] Application time: 8.0015314 seconds
[2019-06-24T10:15:06.745+0000][1][safepoint    ] Entering safepoint region: Cleanup
[2019-06-24T10:15:06.745+0000][1][safepoint    ] Leaving safepoint region
[2019-06-24T10:15:06.745+0000][1][safepoint    ] Total time for which application threads were stopped: 0.0003802 seconds, Stopping threads took: 0.0001581 seconds
[2019-06-24T10:15:08.745+0000][1][safepoint    ] Application time: 2.0005008 seconds
[2019-06-24T10:15:08.746+0000][1][safepoint    ] Entering safepoint region: Cleanup
[2019-06-24T10:15:08.746+0000][1][safepoint    ] Leaving safepoint region
[2019-06-24T10:15:08.746+0000][1][safepoint    ] Total time for which application threads were stopped: 0.0003040 seconds, Stopping threads took: 0.0000757 seconds
[2019-06-24T10:15:11.747+0000][1][safepoint    ] Application time: 3.0007276 seconds
[2019-06-24T10:15:11.747+0000][1][safepoint    ] Entering safepoint region: Cleanup
[2019-06-24T10:15:11.748+0000][1][safepoint    ] Leaving safepoint region
[2019-06-24T10:15:11.748+0000][1][safepoint    ] Total time for which application threads were stopped: 0.0013659 seconds, Stopping threads took: 0.0009806 seconds
[2019-06-24T10:15:12.749+0000][1][safepoint    ] Application time: 1.0002779 seconds
[2019-06-24T10:15:12.749+0000][1][safepoint    ] Entering safepoint region: Cleanup
[2019-06-24T10:15:12.749+0000][1][safepoint    ] Leaving safepoint region
[2019-06-24T10:15:12.749+0000][1][safepoint    ] Total time for which application threads were stopped: 0.0003207 seconds, Stopping threads took: 0.0000663 seconds
[2019-06-24T10:15:16.750+0000][1][safepoint    ] Application time: 4.0008257 seconds
[2019-06-24T10:15:16.750+0000][1][safepoint    ] Entering safepoint region: Cleanup
[2019-06-24T10:15:16.750+0000][1][safepoint    ] Leaving safepoint region
[2019-06-24T10:15:16.750+0000][1][safepoint    ] Total time for which application threads were stopped: 0.0003458 seconds, Stopping threads took: 0.0000693 seconds
[2019-06-24T10:15:24.163+0000][1][safepoint    ] Application time: 7.4129420 seconds
[2019-06-24T10:15:24.164+0000][1][safepoint    ] Entering safepoint region: GenCollectForAllocation
[2019-06-24T10:15:24.165+0000][1][gc,start     ] GC(23) Pause Young (Allocation Failure)
[2019-06-24T10:15:24.165+0000][1][gc,task      ] GC(23) Using 5 workers of 8 for evacuation
[2019-06-24T10:15:24.182+0000][1][gc,age       ] GC(23) Desired survivor size 4456448 bytes, new threshold 6 (max threshold 6)
[2019-06-24T10:15:24.182+0000][1][gc,age       ] GC(23) Age table with threshold 6 (max threshold 6)
[2019-06-24T10:15:24.182+0000][1][gc,age       ] GC(23) - age   1:      10104 bytes,      10104 total
[2019-06-24T10:15:24.182+0000][1][gc,age       ] GC(23) - age   2:    2101824 bytes,    2111928 total
[2019-06-24T10:15:24.182+0000][1][gc,heap      ] GC(23) ParNew: 78656K->5845K(78656K)
[2019-06-24T10:15:24.182+0000][1][gc,heap      ] GC(23) CMS: 63825K->67498K(174784K)
[2019-06-24T10:15:24.182+0000][1][gc,metaspace ] GC(23) Metaspace: 66535K->66535K(1110016K)
[2019-06-24T10:15:24.182+0000][1][gc           ] GC(23) Pause Young (Allocation Failure) 139M->71M(247M) 17.433ms
[2019-06-24T10:15:24.182+0000][1][gc,cpu       ] GC(23) User=0.08s Sys=0.00s Real=0.01s
[2019-06-24T10:15:24.182+0000][1][safepoint    ] Leaving safepoint region
[2019-06-24T10:15:24.182+0000][1][safepoint    ] Total time for which application threads were stopped: 0.0179423 seconds, Stopping threads took: 0.0001216 seconds
[2019-06-24T10:15:25.182+0000][1][safepoint    ] Application time: 1.0001962 seconds
[2019-06-24T10:15:25.183+0000][1][safepoint    ] Entering safepoint region: Cleanup
[2019-06-24T10:15:25.183+0000][1][safepoint    ] Leaving safepoint region
[2019-06-24T10:15:25.183+0000][1][safepoint    ] Total time for which application threads were stopped: 0.0003087 seconds, Stopping threads took: 0.0000734 seconds
[2019-06-24T10:15:27.183+0000][1][safepoint    ] Application time: 2.0003800 seconds
[2019-06-24T10:15:27.183+0000][1][safepoint    ] Entering safepoint region: Cleanup
[2019-06-24T10:15:27.184+0000][1][safepoint    ] Leaving safepoint region
[2019-06-24T10:15:27.184+0000][1][safepoint    ] Total time for which application threads were stopped: 0.0003169 seconds, Stopping threads took: 0.0000812 seconds
[2019-06-24T10:15:28.184+0000][1][safepoint    ] Application time: 1.0002656 seconds
[2019-06-24T10:15:28.184+0000][1][safepoint    ] Entering safepoint region: Cleanup
[2019-06-24T10:15:28.184+0000][1][safepoint    ] Leaving safepoint region
[2019-06-24T10:15:28.184+0000][1][safepoint    ] Total time for which application threads were stopped: 0.0003482 seconds, Stopping threads took: 0.0000805 seconds
[2019-06-24T10:15:30.185+0000][1][safepoint    ] Application time: 2.0005455 seconds
[2019-06-24T10:15:30.185+0000][1][safepoint    ] Entering safepoint region: Cleanup
[2019-06-24T10:15:30.185+0000][1][safepoint    ] Leaving safepoint region
[2019-06-24T10:15:30.185+0000][1][safepoint    ] Total time for which application threads were stopped: 0.0002746 seconds, Stopping threads took: 0.0000654 seconds
[2019-06-24T10:15:37.187+0000][1][safepoint    ] Application time: 7.0016980 seconds
[2019-06-24T10:15:37.188+0000][1][safepoint    ] Entering safepoint region: Cleanup
[2019-06-24T10:15:37.189+0000][1][safepoint    ] Leaving safepoint region
[2019-06-24T10:15:37.189+0000][1][safepoint    ] Total time for which application threads were stopped: 0.0004568 seconds, Stopping threads took: 0.0001814 seconds
[2019-06-24T10:15:39.189+0000][1][safepoint    ] Application time: 2.0004270 seconds
[2019-06-24T10:15:39.189+0000][1][safepoint    ] Entering safepoint region: Cleanup
[2019-06-24T10:15:39.190+0000][1][safepoint    ] Leaving safepoint region
[2019-06-24T10:15:39.190+0000][1][safepoint    ] Total time for which application threads were stopped: 0.0003240 seconds, Stopping threads took: 0.0000805 seconds
[2019-06-24T10:15:40.190+0000][1][safepoint    ] Application time: 1.0002581 seconds
[2019-06-24T10:15:40.190+0000][1][safepoint    ] Entering safepoint region: Cleanup
[2019-06-24T10:15:40.190+0000][1][safepoint    ] Leaving safepoint region
[2019-06-24T10:15:40.191+0000][1][safepoint    ] Total time for which application threads were stopped: 0.0003912 seconds, Stopping threads took: 0.0000932 seconds
[2019-06-24T10:15:41.191+0000][1][safepoint    ] Application time: 1.0002632 seconds
[2019-06-24T10:15:41.191+0000][1][safepoint    ] Entering safepoint region: Cleanup
[2019-06-24T10:15:41.191+0000][1][safepoint    ] Leaving safepoint region
[2019-06-24T10:15:41.191+0000][1][safepoint    ] Total time for which application threads were stopped: 0.0003414 seconds, Stopping threads took: 0.0001030 seconds
[2019-06-24T10:15:43.192+0000][1][safepoint    ] Application time: 2.0004629 seconds
[2019-06-24T10:15:43.192+0000][1][safepoint    ] Entering safepoint region: Cleanup
[2019-06-24T10:15:43.192+0000][1][safepoint    ] Leaving safepoint region
[2019-06-24T10:15:43.192+0000][1][safepoint    ] Total time for which application threads were stopped: 0.0002438 seconds, Stopping threads took: 0.0000562 seconds
[2019-06-24T10:15:55.195+0000][1][safepoint    ] Application time: 12.0026271 seconds
[2019-06-24T10:15:55.195+0000][1][safepoint    ] Entering safepoint region: Cleanup
[2019-06-24T10:15:55.195+0000][1][safepoint    ] Leaving safepoint region
[2019-06-24T10:15:55.195+0000][1][safepoint    ] Total time for which application threads were stopped: 0.0002514 seconds, Stopping threads took: 0.0000597 seconds
[2019-06-24T10:15:59.196+0000][1][safepoint    ] Application time: 4.0008048 seconds
[2019-06-24T10:15:59.196+0000][1][safepoint    ] Entering safepoint region: Cleanup
[2019-06-24T10:15:59.196+0000][1][safepoint    ] Leaving safepoint region
[2019-06-24T10:15:59.196+0000][1][safepoint    ] Total time for which application threads were stopped: 0.0002712 seconds, Stopping threads took: 0.0000664 seconds
[2019-06-24T10:16:02.197+0000][1][safepoint    ] Application time: 3.0005954 seconds
[2019-06-24T10:16:02.197+0000][1][safepoint    ] Entering safepoint region: Cleanup
[2019-06-24T10:16:02.197+0000][1][safepoint    ] Leaving safepoint region
[2019-06-24T10:16:02.197+0000][1][safepoint    ] Total time for which application threads were stopped: 0.0002804 seconds, Stopping threads took: 0.0000674 seconds
[2019-06-24T10:16:03.198+0000][1][safepoint    ] Application time: 1.0002186 seconds
[2019-06-24T10:16:03.198+0000][1][safepoint    ] Entering safepoint region: Cleanup
[2019-06-24T10:16:03.198+0000][1][safepoint    ] Leaving safepoint region
[2019-06-24T10:16:03.198+0000][1][safepoint    ] Total time for which application threads were stopped: 0.0002836 seconds, Stopping threads took: 0.0000659 seconds
[2019-06-24T10:16:08.199+0000][1][safepoint    ] Application time: 5.0009344 seconds
[2019-06-24T10:16:08.199+0000][1][safepoint    ] Entering safepoint region: Cleanup
[2019-06-24T10:16:08.199+0000][1][safepoint    ] Leaving safepoint region
[2019-06-24T10:16:08.199+0000][1][safepoint    ] Total time for which application threads were stopped: 0.0003234 seconds, Stopping threads took: 0.0000804 seconds
[2019-06-24T10:16:15.201+0000][1][safepoint    ] Application time: 7.0015806 seconds
[2019-06-24T10:16:15.202+0000][1][safepoint    ] Entering safepoint region: Cleanup
[2019-06-24T10:16:15.203+0000][1][safepoint    ] Leaving safepoint region
[2019-06-24T10:16:15.203+0000][1][safepoint    ] Total time for which application threads were stopped: 0.0004661 seconds, Stopping threads took: 0.0001073 seconds
[2019-06-24T10:16:18.203+0000][1][safepoint    ] Application time: 3.0005981 seconds
[2019-06-24T10:16:18.204+0000][1][safepoint    ] Entering safepoint region: Cleanup
[2019-06-24T10:16:18.204+0000][1][safepoint    ] Leaving safepoint region
[2019-06-24T10:16:18.204+0000][1][safepoint    ] Total time for which application threads were stopped: 0.0002449 seconds, Stopping threads took: 0.0000574 seconds
[2019-06-24T10:16:19.204+0000][1][safepoint    ] Application time: 1.0002430 seconds
[2019-06-24T10:16:19.204+0000][1][safepoint    ] Entering safepoint region: Cleanup
[2019-06-24T10:16:19.204+0000][1][safepoint    ] Leaving safepoint region
[2019-06-24T10:16:19.204+0000][1][safepoint    ] Total time for which application threads were stopped: 0.0002449 seconds, Stopping threads took: 0.0000570 seconds
[2019-06-24T10:16:26.206+0000][1][safepoint    ] Application time: 7.0015719 seconds
[2019-06-24T10:16:26.207+0000][1][safepoint    ] Entering safepoint region: Cleanup
[2019-06-24T10:16:26.207+0000][1][safepoint    ] Leaving safepoint region
[2019-06-24T10:16:26.207+0000][1][safepoint    ] Total time for which application threads were stopped: 0.0002668 seconds, Stopping threads took: 0.0000685 seconds
[2019-06-24T10:16:34.209+0000][1][safepoint    ] Application time: 8.0017267 seconds
[2019-06-24T10:16:34.209+0000][1][safepoint    ] Entering safepoint region: Cleanup
[2019-06-24T10:16:34.209+0000][1][safepoint    ] Leaving safepoint region
[2019-06-24T10:16:34.209+0000][1][safepoint    ] Total time for which application threads were stopped: 0.0002447 seconds, Stopping threads took: 0.0000577 seconds
[2019-06-24T10:16:35.209+0000][1][safepoint    ] Application time: 1.0002202 seconds
[2019-06-24T10:16:35.210+0000][1][safepoint    ] Entering safepoint region: Cleanup
[2019-06-24T10:16:35.210+0000][1][safepoint    ] Leaving safepoint region
[2019-06-24T10:16:35.210+0000][1][safepoint    ] Total time for which application threads were stopped: 0.0002351 seconds, Stopping threads took: 0.0000576 seconds
[2019-06-24T10:16:36.210+0000][1][safepoint    ] Application time: 1.0002292 seconds
[2019-06-24T10:16:36.210+0000][1][safepoint    ] Entering safepoint region: Cleanup
[2019-06-24T10:16:36.210+0000][1][safepoint    ] Leaving safepoint region
[2019-06-24T10:16:36.210+0000][1][safepoint    ] Total time for which application threads were stopped: 0.0002340 seconds, Stopping threads took: 0.0000574 seconds
[2019-06-24T10:16:37.211+0000][1][safepoint    ] Application time: 1.0002666 seconds
[2019-06-24T10:16:37.211+0000][1][safepoint    ] Entering safepoint region: Cleanup
[2019-06-24T10:16:37.211+0000][1][safepoint    ] Leaving safepoint region
[2019-06-24T10:16:37.211+0000][1][safepoint    ] Total time for which application threads were stopped: 0.0002674 seconds, Stopping threads took: 0.0000852 seconds
[2019-06-24T10:16:38.211+0000][1][safepoint    ] Application time: 1.0002118 seconds
[2019-06-24T10:16:38.211+0000][1][safepoint    ] Entering safepoint region: Cleanup
[2019-06-24T10:16:38.212+0000][1][safepoint    ] Leaving safepoint region
[2019-06-24T10:16:38.212+0000][1][safepoint    ] Total time for which application threads were stopped: 0.0002367 seconds, Stopping threads took: 0.0000538 seconds
[2019-06-24T10:16:39.212+0000][1][safepoint    ] Application time: 1.0001220 seconds
[2019-06-24T10:16:39.212+0000][1][safepoint    ] Entering safepoint region: Cleanup
[2019-06-24T10:16:39.212+0000][1][safepoint    ] Leaving safepoint region
[2019-06-24T10:16:39.212+0000][1][safepoint    ] Total time for which application threads were stopped: 0.0002267 seconds, Stopping threads took: 0.0000570 seconds
[2019-06-24T10:16:40.212+0000][1][safepoint    ] Application time: 1.0001199 seconds
[2019-06-24T10:16:40.212+0000][1][safepoint    ] Entering safepoint region: Cleanup
[2019-06-24T10:16:40.213+0000][1][safepoint    ] Leaving safepoint region
[2019-06-24T10:16:40.213+0000][1][safepoint    ] Total time for which application threads were stopped: 0.0002226 seconds, Stopping threads took: 0.0000563 seconds
[2019-06-24T10:16:41.213+0000][1][safepoint    ] Application time: 1.0001216 seconds
[2019-06-24T10:16:41.213+0000][1][safepoint    ] Entering safepoint region: Cleanup
[2019-06-24T10:16:41.213+0000][1][safepoint    ] Leaving safepoint region
[2019-06-24T10:16:41.213+0000][1][safepoint    ] Total time for which application threads were stopped: 0.0002237 seconds, Stopping threads took: 0.0000551 seconds
[2019-06-24T10:16:42.213+0000][1][safepoint    ] Application time: 1.0001091 seconds
[2019-06-24T10:16:42.213+0000][1][safepoint    ] Entering safepoint region: Cleanup
[2019-06-24T10:16:42.213+0000][1][safepoint    ] Leaving safepoint region
[2019-06-24T10:16:42.213+0000][1][safepoint    ] Total time for which application threads were stopped: 0.0001776 seconds, Stopping threads took: 0.0000404 seconds
[2019-06-24T10:16:43.214+0000][1][safepoint    ] Application time: 1.0002364 seconds
[2019-06-24T10:16:43.214+0000][1][safepoint    ] Entering safepoint region: Cleanup
[2019-06-24T10:16:43.214+0000][1][safepoint    ] Leaving safepoint region
[2019-06-24T10:16:43.214+0000][1][safepoint    ] Total time for which application threads were stopped: 0.0002332 seconds, Stopping threads took: 0.0000577 seconds
[2019-06-24T10:16:44.214+0000][1][safepoint    ] Application time: 1.0002446 seconds
[2019-06-24T10:16:44.214+0000][1][safepoint    ] Entering safepoint region: Cleanup
[2019-06-24T10:16:44.215+0000][1][safepoint    ] Leaving safepoint region
[2019-06-24T10:16:44.215+0000][1][safepoint    ] Total time for which application threads were stopped: 0.0003025 seconds, Stopping threads took: 0.0000564 seconds
[2019-06-24T10:16:45.215+0000][1][safepoint    ] Application time: 1.0001170 seconds
[2019-06-24T10:16:45.215+0000][1][safepoint    ] Entering safepoint region: Cleanup
[2019-06-24T10:16:45.215+0000][1][safepoint    ] Leaving safepoint region
[2019-06-24T10:16:45.215+0000][1][safepoint    ] Total time for which application threads were stopped: 0.0002322 seconds, Stopping threads took: 0.0000526 seconds
[2019-06-24T10:16:46.215+0000][1][safepoint    ] Application time: 1.0001169 seconds
[2019-06-24T10:16:46.215+0000][1][safepoint    ] Entering safepoint region: Cleanup
[2019-06-24T10:16:46.216+0000][1][safepoint    ] Leaving safepoint region
[2019-06-24T10:16:46.216+0000][1][safepoint    ] Total time for which application threads were stopped: 0.0002188 seconds, Stopping threads took: 0.0000536 seconds
[2019-06-24T10:16:47.216+0000][1][safepoint    ] Application time: 1.0001159 seconds
[2019-06-24T10:16:47.216+0000][1][safepoint    ] Entering safepoint region: Cleanup
[2019-06-24T10:16:47.216+0000][1][safepoint    ] Leaving safepoint region
[2019-06-24T10:16:47.216+0000][1][safepoint    ] Total time for which application threads were stopped: 0.0002480 seconds, Stopping threads took: 0.0000546 seconds
[2019-06-24T10:16:48.216+0000][1][safepoint    ] Application time: 1.0001734 seconds
[2019-06-24T10:16:48.216+0000][1][safepoint    ] Entering safepoint region: Cleanup
[2019-06-24T10:16:48.217+0000][1][safepoint    ] Leaving safepoint region
[2019-06-24T10:16:48.217+0000][1][safepoint    ] Total time for which application threads were stopped: 0.0002437 seconds, Stopping threads took: 0.0000585 seconds
[2019-06-24T10:16:49.217+0000][1][safepoint    ] Application time: 1.0001622 seconds
[2019-06-24T10:16:49.217+0000][1][safepoint    ] Entering safepoint region: Cleanup
[2019-06-24T10:16:49.217+0000][1][safepoint    ] Leaving safepoint region
[2019-06-24T10:16:49.217+0000][1][safepoint    ] Total time for which application threads were stopped: 0.0002236 seconds, Stopping threads took: 0.0000613 seconds
[2019-06-24T10:16:50.217+0000][1][safepoint    ] Application time: 1.0001536 seconds
[2019-06-24T10:16:50.217+0000][1][safepoint    ] Entering safepoint region: Cleanup
[2019-06-24T10:16:50.218+0000][1][safepoint    ] Leaving safepoint region
[2019-06-24T10:16:50.218+0000][1][safepoint    ] Total time for which application threads were stopped: 0.0002284 seconds, Stopping threads took: 0.0000542 seconds
[2019-06-24T10:16:51.218+0000][1][safepoint    ] Application time: 1.0002426 seconds
[2019-06-24T10:16:51.218+0000][1][safepoint    ] Entering safepoint region: Cleanup
[2019-06-24T10:16:51.218+0000][1][safepoint    ] Leaving safepoint region
[2019-06-24T10:16:51.218+0000][1][safepoint    ] Total time for which application threads were stopped: 0.0002365 seconds, Stopping threads took: 0.0000602 seconds
[2019-06-24T10:16:52.219+0000][1][safepoint    ] Application time: 1.0003123 seconds
[2019-06-24T10:16:52.219+0000][1][safepoint    ] Entering safepoint region: Cleanup
[2019-06-24T10:16:52.219+0000][1][safepoint    ] Leaving safepoint region
[2019-06-24T10:16:52.219+0000][1][safepoint    ] Total time for which application threads were stopped: 0.0002228 seconds, Stopping threads took: 0.0000552 seconds
[2019-06-24T10:16:53.219+0000][1][safepoint    ] Application time: 1.0002259 seconds
[2019-06-24T10:16:53.219+0000][1][safepoint    ] Entering safepoint region: Cleanup
[2019-06-24T10:16:53.219+0000][1][safepoint    ] Leaving safepoint region
[2019-06-24T10:16:53.219+0000][1][safepoint    ] Total time for which application threads were stopped: 0.0002321 seconds, Stopping threads took: 0.0000566 seconds
[2019-06-24T10:16:54.220+0000][1][safepoint    ] Application time: 1.0002472 seconds
[2019-06-24T10:16:54.220+0000][1][safepoint    ] Entering safepoint region: Cleanup
[2019-06-24T10:16:54.220+0000][1][safepoint    ] Leaving safepoint region
[2019-06-24T10:16:54.220+0000][1][safepoint    ] Total time for which application threads were stopped: 0.0002330 seconds, Stopping threads took: 0.0000567 seconds
[2019-06-24T10:16:55.220+0000][1][safepoint    ] Application time: 1.0002491 seconds
[2019-06-24T10:16:55.220+0000][1][safepoint    ] Entering safepoint region: Cleanup
[2019-06-24T10:16:55.221+0000][1][safepoint    ] Leaving safepoint region
[2019-06-24T10:16:55.221+0000][1][safepoint    ] Total time for which application threads were stopped: 0.0002420 seconds, Stopping threads took: 0.0000550 seconds
[2019-06-24T10:16:56.221+0000][1][safepoint    ] Application time: 1.0001702 seconds
[2019-06-24T10:16:56.221+0000][1][safepoint    ] Entering safepoint region: Cleanup
[2019-06-24T10:16:56.221+0000][1][safepoint    ] Leaving safepoint region
[2019-06-24T10:16:56.221+0000][1][safepoint    ] Total time for which application threads were stopped: 0.0002386 seconds, Stopping threads took: 0.0000557 seconds
[2019-06-24T10:16:57.222+0000][1][safepoint    ] Application time: 1.0002451 seconds
[2019-06-24T10:16:57.222+0000][1][safepoint    ] Entering safepoint region: Cleanup
[2019-06-24T10:16:57.222+0000][1][safepoint    ] Leaving safepoint region
[2019-06-24T10:16:57.222+0000][1][safepoint    ] Total time for which application threads were stopped: 0.0002374 seconds, Stopping threads took: 0.0000573 seconds
[2019-06-24T10:16:58.222+0000][1][safepoint    ] Application time: 1.0001937 seconds
[2019-06-24T10:16:58.222+0000][1][safepoint    ] Entering safepoint region: Cleanup
[2019-06-24T10:16:58.222+0000][1][safepoint    ] Leaving safepoint region
[2019-06-24T10:16:58.222+0000][1][safepoint    ] Total time for which application threads were stopped: 0.0002610 seconds, Stopping threads took: 0.0000750 seconds
[2019-06-24T10:16:59.223+0000][1][safepoint    ] Application time: 1.0002406 seconds
[2019-06-24T10:16:59.223+0000][1][safepoint    ] Entering safepoint region: Cleanup
[2019-06-24T10:16:59.223+0000][1][safepoint    ] Leaving safepoint region
[2019-06-24T10:16:59.223+0000][1][safepoint    ] Total time for which application threads were stopped: 0.0002484 seconds, Stopping threads took: 0.0000650 seconds
[2019-06-24T10:17:00.223+0000][1][safepoint    ] Application time: 1.0002158 seconds
[2019-06-24T10:17:00.223+0000][1][safepoint    ] Entering safepoint region: Cleanup
[2019-06-24T10:17:00.224+0000][1][safepoint    ] Leaving safepoint region
[2019-06-24T10:17:00.224+0000][1][safepoint    ] Total time for which application threads were stopped: 0.0002234 seconds, Stopping threads took: 0.0000552 seconds
[2019-06-24T10:17:01.224+0000][1][safepoint    ] Application time: 1.0002161 seconds
[2019-06-24T10:17:01.224+0000][1][safepoint    ] Entering safepoint region: Cleanup
[2019-06-24T10:17:01.224+0000][1][safepoint    ] Leaving safepoint region
[2019-06-24T10:17:01.224+0000][1][safepoint    ] Total time for which application threads were stopped: 0.0002286 seconds, Stopping threads took: 0.0000585 seconds
[2019-06-24T10:17:02.224+0000][1][safepoint    ] Application time: 1.0001732 seconds
[2019-06-24T10:17:02.225+0000][1][safepoint    ] Entering safepoint region: Cleanup
[2019-06-24T10:17:02.225+0000][1][safepoint    ] Leaving safepoint region
[2019-06-24T10:17:02.225+0000][1][safepoint    ] Total time for which application threads were stopped: 0.0002350 seconds, Stopping threads took: 0.0000577 seconds
[2019-06-24T10:17:03.294+0000][1][safepoint    ] Application time: 1.0690726 seconds
[2019-06-24T10:17:03.294+0000][1][safepoint    ] Entering safepoint region: Cleanup
[2019-06-24T10:17:03.294+0000][1][safepoint    ] Leaving safepoint region
[2019-06-24T10:17:03.294+0000][1][safepoint    ] Total time for which application threads were stopped: 0.0002960 seconds, Stopping threads took: 0.0000768 seconds
[2019-06-24T10:17:04.294+0000][1][safepoint    ] Application time: 1.0001828 seconds
[2019-06-24T10:17:04.295+0000][1][safepoint    ] Entering safepoint region: Cleanup
[2019-06-24T10:17:04.295+0000][1][safepoint    ] Leaving safepoint region
[2019-06-24T10:17:04.295+0000][1][safepoint    ] Total time for which application threads were stopped: 0.0002397 seconds, Stopping threads took: 0.0000571 seconds
[2019-06-24T10:17:05.295+0000][1][safepoint    ] Application time: 1.0002668 seconds
[2019-06-24T10:17:05.295+0000][1][safepoint    ] Entering safepoint region: Cleanup
[2019-06-24T10:17:05.295+0000][1][safepoint    ] Leaving safepoint region
[2019-06-24T10:17:05.295+0000][1][safepoint    ] Total time for which application threads were stopped: 0.0002342 seconds, Stopping threads took: 0.0000571 seconds
[2019-06-24T10:17:06.296+0000][1][safepoint    ] Application time: 1.0002507 seconds
[2019-06-24T10:17:06.296+0000][1][safepoint    ] Entering safepoint region: Cleanup
[2019-06-24T10:17:06.296+0000][1][safepoint    ] Leaving safepoint region
[2019-06-24T10:17:06.296+0000][1][safepoint    ] Total time for which application threads were stopped: 0.0002453 seconds, Stopping threads took: 0.0000568 seconds
[2019-06-24T10:17:07.296+0000][1][safepoint    ] Application time: 1.0002573 seconds
[2019-06-24T10:17:07.296+0000][1][safepoint    ] Entering safepoint region: Cleanup
[2019-06-24T10:17:07.297+0000][1][safepoint    ] Leaving safepoint region
[2019-06-24T10:17:07.297+0000][1][safepoint    ] Total time for which application threads were stopped: 0.0003221 seconds, Stopping threads took: 0.0000630 seconds
[2019-06-24T10:17:08.297+0000][1][safepoint    ] Application time: 1.0002668 seconds
[2019-06-24T10:17:08.297+0000][1][safepoint    ] Entering safepoint region: Cleanup
[2019-06-24T10:17:08.297+0000][1][safepoint    ] Leaving safepoint region
[2019-06-24T10:17:08.297+0000][1][safepoint    ] Total time for which application threads were stopped: 0.0002888 seconds, Stopping threads took: 0.0001140 seconds
[2019-06-24T10:17:09.298+0000][1][safepoint    ] Application time: 1.0001883 seconds
[2019-06-24T10:17:09.298+0000][1][safepoint    ] Entering safepoint region: Cleanup
[2019-06-24T10:17:09.298+0000][1][safepoint    ] Leaving safepoint region
[2019-06-24T10:17:09.298+0000][1][safepoint    ] Total time for which application threads were stopped: 0.0002998 seconds, Stopping threads took: 0.0001071 seconds
[2019-06-24T10:17:10.298+0000][1][safepoint    ] Application time: 1.0002656 seconds
[2019-06-24T10:17:10.299+0000][1][safepoint    ] Entering safepoint region: Cleanup
[2019-06-24T10:17:10.299+0000][1][safepoint    ] Leaving safepoint region
[2019-06-24T10:17:10.299+0000][1][safepoint    ] Total time for which application threads were stopped: 0.0002468 seconds, Stopping threads took: 0.0000646 seconds
[2019-06-24T10:17:11.299+0000][1][safepoint    ] Application time: 1.0002453 seconds
[2019-06-24T10:17:11.299+0000][1][safepoint    ] Entering safepoint region: Cleanup
[2019-06-24T10:17:11.299+0000][1][safepoint    ] Leaving safepoint region
[2019-06-24T10:17:11.299+0000][1][safepoint    ] Total time for which application threads were stopped: 0.0002461 seconds, Stopping threads took: 0.0000583 seconds
[2019-06-24T10:17:12.300+0000][1][safepoint    ] Application time: 1.0002481 seconds
[2019-06-24T10:17:12.300+0000][1][safepoint    ] Entering safepoint region: Cleanup
[2019-06-24T10:17:12.300+0000][1][safepoint    ] Leaving safepoint region
[2019-06-24T10:17:12.300+0000][1][safepoint    ] Total time for which application threads were stopped: 0.0002304 seconds, Stopping threads took: 0.0000564 seconds
[2019-06-24T10:17:13.300+0000][1][safepoint    ] Application time: 1.0002516 seconds
[2019-06-24T10:17:13.300+0000][1][safepoint    ] Entering safepoint region: Cleanup
[2019-06-24T10:17:13.301+0000][1][safepoint    ] Leaving safepoint region
[2019-06-24T10:17:13.301+0000][1][safepoint    ] Total time for which application threads were stopped: 0.0002642 seconds, Stopping threads took: 0.0000851 seconds
[2019-06-24T10:17:14.301+0000][1][safepoint    ] Application time: 1.0001885 seconds
[2019-06-24T10:17:14.301+0000][1][safepoint    ] Entering safepoint region: Cleanup
[2019-06-24T10:17:14.301+0000][1][safepoint    ] Leaving safepoint region
[2019-06-24T10:17:14.301+0000][1][safepoint    ] Total time for which application threads were stopped: 0.0003461 seconds, Stopping threads took: 0.0001506 seconds
[2019-06-24T10:17:15.302+0000][1][safepoint    ] Application time: 1.0002727 seconds
[2019-06-24T10:17:15.302+0000][1][safepoint    ] Entering safepoint region: Cleanup
[2019-06-24T10:17:15.302+0000][1][safepoint    ] Leaving safepoint region
[2019-06-24T10:17:15.302+0000][1][safepoint    ] Total time for which application threads were stopped: 0.0003434 seconds, Stopping threads took: 0.0000667 seconds
[2019-06-24T10:17:16.302+0000][1][safepoint    ] Application time: 1.0002640 seconds
[2019-06-24T10:17:16.303+0000][1][safepoint    ] Entering safepoint region: Cleanup
[2019-06-24T10:17:16.303+0000][1][safepoint    ] Leaving safepoint region
[2019-06-24T10:17:16.303+0000][1][safepoint    ] Total time for which application threads were stopped: 0.0002866 seconds, Stopping threads took: 0.0000637 seconds
[2019-06-24T10:17:17.303+0000][1][safepoint    ] Application time: 1.0002623 seconds
[2019-06-24T10:17:17.303+0000][1][safepoint    ] Entering safepoint region: Cleanup
[2019-06-24T10:17:17.303+0000][1][safepoint    ] Leaving safepoint region
[2019-06-24T10:17:17.304+0000][1][safepoint    ] Total time for which application threads were stopped: 0.0002747 seconds, Stopping threads took: 0.0000587 seconds
[2019-06-24T10:17:18.304+0000][1][safepoint    ] Application time: 1.0002600 seconds
[2019-06-24T10:17:18.304+0000][1][safepoint    ] Entering safepoint region: Cleanup
[2019-06-24T10:17:18.304+0000][1][safepoint    ] Leaving safepoint region
[2019-06-24T10:17:18.304+0000][1][safepoint    ] Total time for which application threads were stopped: 0.0003185 seconds, Stopping threads took: 0.0000957 seconds
[2019-06-24T10:17:19.305+0000][1][safepoint    ] Application time: 1.0002563 seconds
[2019-06-24T10:17:19.305+0000][1][safepoint    ] Entering safepoint region: Cleanup
[2019-06-24T10:17:19.305+0000][1][safepoint    ] Leaving safepoint region
[2019-06-24T10:17:19.305+0000][1][safepoint    ] Total time for which application threads were stopped: 0.0002366 seconds, Stopping threads took: 0.0000581 seconds
[2019-06-24T10:17:20.305+0000][1][safepoint    ] Application time: 1.0002603 seconds
[2019-06-24T10:17:20.305+0000][1][safepoint    ] Entering safepoint region: Cleanup
[2019-06-24T10:17:20.305+0000][1][safepoint    ] Leaving safepoint region
[2019-06-24T10:17:20.306+0000][1][safepoint    ] Total time for which application threads were stopped: 0.0002366 seconds, Stopping threads took: 0.0000582 seconds
[2019-06-24T10:17:21.306+0000][1][safepoint    ] Application time: 1.0001776 seconds
[2019-06-24T10:17:21.306+0000][1][safepoint    ] Entering safepoint region: Cleanup
[2019-06-24T10:17:21.306+0000][1][safepoint    ] Leaving safepoint region
[2019-06-24T10:17:21.306+0000][1][safepoint    ] Total time for which application threads were stopped: 0.0002727 seconds, Stopping threads took: 0.0000897 seconds
[2019-06-24T10:17:22.306+0000][1][safepoint    ] Application time: 1.0002203 seconds
[2019-06-24T10:17:22.306+0000][1][safepoint    ] Entering safepoint region: Cleanup
[2019-06-24T10:17:22.307+0000][1][safepoint    ] Leaving safepoint region
[2019-06-24T10:17:22.307+0000][1][safepoint    ] Total time for which application threads were stopped: 0.0003808 seconds, Stopping threads took: 0.0001192 seconds
[2019-06-24T10:17:23.307+0000][1][safepoint    ] Application time: 1.0002389 seconds
[2019-06-24T10:17:23.307+0000][1][safepoint    ] Entering safepoint region: Cleanup
[2019-06-24T10:17:23.307+0000][1][safepoint    ] Leaving safepoint region
[2019-06-24T10:17:23.307+0000][1][safepoint    ] Total time for which application threads were stopped: 0.0002349 seconds, Stopping threads took: 0.0000567 seconds
[2019-06-24T10:17:24.308+0000][1][safepoint    ] Application time: 1.0001925 seconds
[2019-06-24T10:17:24.308+0000][1][safepoint    ] Entering safepoint region: Cleanup
[2019-06-24T10:17:24.308+0000][1][safepoint    ] Leaving safepoint region
[2019-06-24T10:17:24.308+0000][1][safepoint    ] Total time for which application threads were stopped: 0.0003002 seconds, Stopping threads took: 0.0000628 seconds
[2019-06-24T10:17:25.308+0000][1][safepoint    ] Application time: 1.0002547 seconds
[2019-06-24T10:17:25.308+0000][1][safepoint    ] Entering safepoint region: Cleanup
[2019-06-24T10:17:25.309+0000][1][safepoint    ] Leaving safepoint region
[2019-06-24T10:17:25.309+0000][1][safepoint    ] Total time for which application threads were stopped: 0.0002654 seconds, Stopping threads took: 0.0000576 seconds
[2019-06-24T10:17:26.309+0000][1][safepoint    ] Application time: 1.0002543 seconds
[2019-06-24T10:17:26.309+0000][1][safepoint    ] Entering safepoint region: Cleanup
[2019-06-24T10:17:26.309+0000][1][safepoint    ] Leaving safepoint region
[2019-06-24T10:17:26.309+0000][1][safepoint    ] Total time for which application threads were stopped: 0.0002778 seconds, Stopping threads took: 0.0000556 seconds
[2019-06-24T10:17:27.310+0000][1][safepoint    ] Application time: 1.0002554 seconds
[2019-06-24T10:17:27.310+0000][1][safepoint    ] Entering safepoint region: Cleanup
[2019-06-24T10:17:27.310+0000][1][safepoint    ] Leaving safepoint region
[2019-06-24T10:17:27.310+0000][1][safepoint    ] Total time for which application threads were stopped: 0.0002657 seconds, Stopping threads took: 0.0000557 seconds
[2019-06-24T10:17:28.310+0000][1][safepoint    ] Application time: 1.0002495 seconds
[2019-06-24T10:17:28.310+0000][1][safepoint    ] Entering safepoint region: Cleanup
[2019-06-24T10:17:28.311+0000][1][safepoint    ] Leaving safepoint region
[2019-06-24T10:17:28.311+0000][1][safepoint    ] Total time for which application threads were stopped: 0.0003493 seconds, Stopping threads took: 0.0000570 seconds
[2019-06-24T10:17:29.311+0000][1][safepoint    ] Application time: 1.0002130 seconds
[2019-06-24T10:17:29.311+0000][1][safepoint    ] Entering safepoint region: Cleanup
[2019-06-24T10:17:29.311+0000][1][safepoint    ] Leaving safepoint region
[2019-06-24T10:17:29.311+0000][1][safepoint    ] Total time for which application threads were stopped: 0.0003117 seconds, Stopping threads took: 0.0000584 seconds
[2019-06-24T10:17:29.320+0000][1][safepoint    ] Application time: 0.0081022 seconds
[2019-06-24T10:17:29.320+0000][1][safepoint    ] Entering safepoint region: GenCollectForAllocation
[2019-06-24T10:17:29.320+0000][1][gc,start     ] GC(24) Pause Young (Allocation Failure)
[2019-06-24T10:17:29.320+0000][1][gc,task      ] GC(24) Using 5 workers of 8 for evacuation
[2019-06-24T10:17:29.326+0000][1][gc,age       ] GC(24) Desired survivor size 4456448 bytes, new threshold 6 (max threshold 6)
[2019-06-24T10:17:29.326+0000][1][gc,age       ] GC(24) Age table with threshold 6 (max threshold 6)
[2019-06-24T10:17:29.326+0000][1][gc,age       ] GC(24) - age   1:       7832 bytes,       7832 total
[2019-06-24T10:17:29.326+0000][1][gc,age       ] GC(24) - age   2:       6392 bytes,      14224 total
[2019-06-24T10:17:29.326+0000][1][gc,age       ] GC(24) - age   3:    2101824 bytes,    2116048 total
[2019-06-24T10:17:29.326+0000][1][gc,heap      ] GC(24) ParNew: 75797K->2767K(78656K)
[2019-06-24T10:17:29.326+0000][1][gc,heap      ] GC(24) CMS: 67498K->67498K(174784K)
[2019-06-24T10:17:29.326+0000][1][gc,metaspace ] GC(24) Metaspace: 66795K->66795K(1110016K)
[2019-06-24T10:17:29.326+0000][1][gc           ] GC(24) Pause Young (Allocation Failure) 139M->68M(247M) 6.122ms
[2019-06-24T10:17:29.326+0000][1][gc,cpu       ] GC(24) User=0.03s Sys=0.00s Real=0.01s
[2019-06-24T10:17:29.326+0000][1][safepoint    ] Leaving safepoint region
[2019-06-24T10:17:29.326+0000][1][safepoint    ] Total time for which application threads were stopped: 0.0064768 seconds, Stopping threads took: 0.0000840 seconds
[2019-06-24T10:17:30.326+0000][1][safepoint    ] Application time: 1.0002642 seconds
[2019-06-24T10:17:30.327+0000][1][safepoint    ] Entering safepoint region: Cleanup
[2019-06-24T10:17:30.327+0000][1][safepoint    ] Leaving safepoint region
[2019-06-24T10:17:30.327+0000][1][safepoint    ] Total time for which application threads were stopped: 0.0002766 seconds, Stopping threads took: 0.0000810 seconds
[2019-06-24T10:17:31.327+0000][1][safepoint    ] Application time: 1.0002008 seconds
[2019-06-24T10:17:31.327+0000][1][safepoint    ] Entering safepoint region: Cleanup
[2019-06-24T10:17:31.327+0000][1][safepoint    ] Leaving safepoint region
[2019-06-24T10:17:31.327+0000][1][safepoint    ] Total time for which application threads were stopped: 0.0002663 seconds, Stopping threads took: 0.0000708 seconds
[2019-06-24T10:17:32.328+0000][1][safepoint    ] Application time: 1.0002589 seconds
[2019-06-24T10:17:32.328+0000][1][safepoint    ] Entering safepoint region: Cleanup
[2019-06-24T10:17:32.328+0000][1][safepoint    ] Leaving safepoint region
[2019-06-24T10:17:32.328+0000][1][safepoint    ] Total time for which application threads were stopped: 0.0002576 seconds, Stopping threads took: 0.0000717 seconds
[2019-06-24T10:17:33.328+0000][1][safepoint    ] Application time: 1.0002513 seconds
[2019-06-24T10:17:33.328+0000][1][safepoint    ] Entering safepoint region: Cleanup
[2019-06-24T10:17:33.329+0000][1][safepoint    ] Leaving safepoint region
[2019-06-24T10:17:33.329+0000][1][safepoint    ] Total time for which application threads were stopped: 0.0002567 seconds, Stopping threads took: 0.0000707 seconds
[2019-06-24T10:17:34.329+0000][1][safepoint    ] Application time: 1.0001822 seconds
[2019-06-24T10:17:34.329+0000][1][safepoint    ] Entering safepoint region: Cleanup
[2019-06-24T10:17:34.329+0000][1][safepoint    ] Leaving safepoint region
[2019-06-24T10:17:34.329+0000][1][safepoint    ] Total time for which application threads were stopped: 0.0002815 seconds, Stopping threads took: 0.0000711 seconds
[2019-06-24T10:17:35.330+0000][1][safepoint    ] Application time: 1.0002371 seconds
[2019-06-24T10:17:35.330+0000][1][safepoint    ] Entering safepoint region: Cleanup
[2019-06-24T10:17:35.330+0000][1][safepoint    ] Leaving safepoint region
[2019-06-24T10:17:35.330+0000][1][safepoint    ] Total time for which application threads were stopped: 0.0002708 seconds, Stopping threads took: 0.0000725 seconds
[2019-06-24T10:17:36.330+0000][1][safepoint    ] Application time: 1.0002431 seconds
[2019-06-24T10:17:36.330+0000][1][safepoint    ] Entering safepoint region: Cleanup
[2019-06-24T10:17:36.331+0000][1][safepoint    ] Leaving safepoint region
[2019-06-24T10:17:36.331+0000][1][safepoint    ] Total time for which application threads were stopped: 0.0003410 seconds, Stopping threads took: 0.0000968 seconds
[2019-06-24T10:17:37.331+0000][1][safepoint    ] Application time: 1.0002475 seconds
[2019-06-24T10:17:37.331+0000][1][safepoint    ] Entering safepoint region: Cleanup
[2019-06-24T10:17:37.331+0000][1][safepoint    ] Leaving safepoint region
[2019-06-24T10:17:37.331+0000][1][safepoint    ] Total time for which application threads were stopped: 0.0002547 seconds, Stopping threads took: 0.0000567 seconds
[2019-06-24T10:17:38.332+0000][1][safepoint    ] Application time: 1.0002449 seconds
[2019-06-24T10:17:38.332+0000][1][safepoint    ] Entering safepoint region: Cleanup
[2019-06-24T10:17:38.332+0000][1][safepoint    ] Leaving safepoint region
[2019-06-24T10:17:38.332+0000][1][safepoint    ] Total time for which application threads were stopped: 0.0002839 seconds, Stopping threads took: 0.0000640 seconds
[2019-06-24T10:17:39.332+0000][1][safepoint    ] Application time: 1.0002470 seconds
[2019-06-24T10:17:39.332+0000][1][safepoint    ] Entering safepoint region: Cleanup
[2019-06-24T10:17:39.333+0000][1][safepoint    ] Leaving safepoint region
[2019-06-24T10:17:39.333+0000][1][safepoint    ] Total time for which application threads were stopped: 0.0002589 seconds, Stopping threads took: 0.0000717 seconds
[2019-06-24T10:17:40.333+0000][1][safepoint    ] Application time: 1.0002215 seconds
[2019-06-24T10:17:40.333+0000][1][safepoint    ] Entering safepoint region: Cleanup
[2019-06-24T10:17:40.333+0000][1][safepoint    ] Leaving safepoint region
[2019-06-24T10:17:40.333+0000][1][safepoint    ] Total time for which application threads were stopped: 0.0002482 seconds, Stopping threads took: 0.0000636 seconds
[2019-06-24T10:17:41.333+0000][1][safepoint    ] Application time: 1.0001874 seconds
[2019-06-24T10:17:41.334+0000][1][safepoint    ] Entering safepoint region: Cleanup
[2019-06-24T10:17:41.334+0000][1][safepoint    ] Leaving safepoint region
[2019-06-24T10:17:41.334+0000][1][safepoint    ] Total time for which application threads were stopped: 0.0002481 seconds, Stopping threads took: 0.0000573 seconds
[2019-06-24T10:17:42.334+0000][1][safepoint    ] Application time: 1.0002509 seconds
[2019-06-24T10:17:42.334+0000][1][safepoint    ] Entering safepoint region: Cleanup
[2019-06-24T10:17:42.334+0000][1][safepoint    ] Leaving safepoint region
[2019-06-24T10:17:42.334+0000][1][safepoint    ] Total time for which application threads were stopped: 0.0002337 seconds, Stopping threads took: 0.0000572 seconds
[2019-06-24T10:17:43.335+0000][1][safepoint    ] Application time: 1.0002501 seconds
[2019-06-24T10:17:43.335+0000][1][safepoint    ] Entering safepoint region: Cleanup
[2019-06-24T10:17:43.335+0000][1][safepoint    ] Leaving safepoint region
[2019-06-24T10:17:43.335+0000][1][safepoint    ] Total time for which application threads were stopped: 0.0002638 seconds, Stopping threads took: 0.0000723 seconds
[2019-06-24T10:17:44.335+0000][1][safepoint    ] Application time: 1.0002308 seconds
[2019-06-24T10:17:44.335+0000][1][safepoint    ] Entering safepoint region: Cleanup
[2019-06-24T10:17:44.336+0000][1][safepoint    ] Leaving safepoint region
[2019-06-24T10:17:44.336+0000][1][safepoint    ] Total time for which application threads were stopped: 0.0002989 seconds, Stopping threads took: 0.0001196 seconds
[2019-06-24T10:17:45.336+0000][1][safepoint    ] Application time: 1.0002400 seconds
[2019-06-24T10:17:45.336+0000][1][safepoint    ] Entering safepoint region: Cleanup
[2019-06-24T10:17:45.336+0000][1][safepoint    ] Leaving safepoint region
[2019-06-24T10:17:45.336+0000][1][safepoint    ] Total time for which application threads were stopped: 0.0003091 seconds, Stopping threads took: 0.0000736 seconds
[2019-06-24T10:17:46.337+0000][1][safepoint    ] Application time: 1.0002483 seconds
[2019-06-24T10:17:46.337+0000][1][safepoint    ] Entering safepoint region: Cleanup
[2019-06-24T10:17:46.337+0000][1][safepoint    ] Leaving safepoint region
[2019-06-24T10:17:46.337+0000][1][safepoint    ] Total time for which application threads were stopped: 0.0002637 seconds, Stopping threads took: 0.0000736 seconds
[2019-06-24T10:17:47.337+0000][1][safepoint    ] Application time: 1.0001805 seconds
[2019-06-24T10:17:47.337+0000][1][safepoint    ] Entering safepoint region: Cleanup
[2019-06-24T10:17:47.338+0000][1][safepoint    ] Leaving safepoint region
[2019-06-24T10:17:47.338+0000][1][safepoint    ] Total time for which application threads were stopped: 0.0003052 seconds, Stopping threads took: 0.0000745 seconds
[2019-06-24T10:17:48.338+0000][1][safepoint    ] Application time: 1.0002484 seconds
[2019-06-24T10:17:48.338+0000][1][safepoint    ] Entering safepoint region: Cleanup
[2019-06-24T10:17:48.338+0000][1][safepoint    ] Leaving safepoint region
[2019-06-24T10:17:48.338+0000][1][safepoint    ] Total time for which application threads were stopped: 0.0002638 seconds, Stopping threads took: 0.0000729 seconds
[2019-06-24T10:17:49.339+0000][1][safepoint    ] Application time: 1.0002596 seconds
[2019-06-24T10:17:49.339+0000][1][safepoint    ] Entering safepoint region: Cleanup
[2019-06-24T10:17:49.339+0000][1][safepoint    ] Leaving safepoint region
[2019-06-24T10:17:49.339+0000][1][safepoint    ] Total time for which application threads were stopped: 0.0002697 seconds, Stopping threads took: 0.0000718 seconds
[2019-06-24T10:17:50.339+0000][1][safepoint    ] Application time: 1.0002139 seconds
[2019-06-24T10:17:50.339+0000][1][safepoint    ] Entering safepoint region: Cleanup
[2019-06-24T10:17:50.340+0000][1][safepoint    ] Leaving safepoint region
[2019-06-24T10:17:50.340+0000][1][safepoint    ] Total time for which application threads were stopped: 0.0002594 seconds, Stopping threads took: 0.0000712 seconds
[2019-06-24T10:17:51.340+0000][1][safepoint    ] Application time: 1.0002251 seconds
[2019-06-24T10:17:51.340+0000][1][safepoint    ] Entering safepoint region: Cleanup
[2019-06-24T10:17:51.340+0000][1][safepoint    ] Leaving safepoint region
[2019-06-24T10:17:51.340+0000][1][safepoint    ] Total time for which application threads were stopped: 0.0002723 seconds, Stopping threads took: 0.0000715 seconds
[2019-06-24T10:17:52.340+0000][1][safepoint    ] Application time: 1.0002208 seconds
[2019-06-24T10:17:52.341+0000][1][safepoint    ] Entering safepoint region: Cleanup
[2019-06-24T10:17:52.341+0000][1][safepoint    ] Leaving safepoint region
[2019-06-24T10:17:52.341+0000][1][safepoint    ] Total time for which application threads were stopped: 0.0002873 seconds, Stopping threads took: 0.0000730 seconds
[2019-06-24T10:17:53.341+0000][1][safepoint    ] Application time: 1.0002481 seconds
[2019-06-24T10:17:53.341+0000][1][safepoint    ] Entering safepoint region: Cleanup
[2019-06-24T10:17:53.341+0000][1][safepoint    ] Leaving safepoint region
[2019-06-24T10:17:53.342+0000][1][safepoint    ] Total time for which application threads were stopped: 0.0003036 seconds, Stopping threads took: 0.0000947 seconds
[2019-06-24T10:17:54.342+0000][1][safepoint    ] Application time: 1.0002673 seconds
[2019-06-24T10:17:54.342+0000][1][safepoint    ] Entering safepoint region: Cleanup
[2019-06-24T10:17:54.342+0000][1][safepoint    ] Leaving safepoint region
[2019-06-24T10:17:54.342+0000][1][safepoint    ] Total time for which application threads were stopped: 0.0002812 seconds, Stopping threads took: 0.0000921 seconds
[2019-06-24T10:17:55.343+0000][1][safepoint    ] Application time: 1.0003070 seconds
[2019-06-24T10:17:55.343+0000][1][safepoint    ] Entering safepoint region: Cleanup
[2019-06-24T10:17:55.343+0000][1][safepoint    ] Leaving safepoint region
[2019-06-24T10:17:55.343+0000][1][safepoint    ] Total time for which application threads were stopped: 0.0003524 seconds, Stopping threads took: 0.0000961 seconds
[2019-06-24T10:17:56.343+0000][1][safepoint    ] Application time: 1.0002687 seconds
[2019-06-24T10:17:56.343+0000][1][safepoint    ] Entering safepoint region: Cleanup
[2019-06-24T10:17:56.344+0000][1][safepoint    ] Leaving safepoint region
[2019-06-24T10:17:56.344+0000][1][safepoint    ] Total time for which application threads were stopped: 0.0002567 seconds, Stopping threads took: 0.0000728 seconds
[2019-06-24T10:17:57.344+0000][1][safepoint    ] Application time: 1.0002537 seconds
[2019-06-24T10:17:57.344+0000][1][safepoint    ] Entering safepoint region: Cleanup
[2019-06-24T10:17:57.344+0000][1][safepoint    ] Leaving safepoint region
[2019-06-24T10:17:57.344+0000][1][safepoint    ] Total time for which application threads were stopped: 0.0002643 seconds, Stopping threads took: 0.0000575 seconds
[2019-06-24T10:17:58.345+0000][1][safepoint    ] Application time: 1.0002547 seconds
[2019-06-24T10:17:58.345+0000][1][safepoint    ] Entering safepoint region: Cleanup
[2019-06-24T10:17:58.345+0000][1][safepoint    ] Leaving safepoint region
[2019-06-24T10:17:58.345+0000][1][safepoint    ] Total time for which application threads were stopped: 0.0002220 seconds, Stopping threads took: 0.0000572 seconds
[2019-06-24T10:18:00.214+0000][1][safepoint    ] Application time: 1.8692106 seconds
[2019-06-24T10:18:00.214+0000][1][safepoint    ] Entering safepoint region: Cleanup
[2019-06-24T10:18:00.215+0000][1][safepoint    ] Leaving safepoint region
[2019-06-24T10:18:00.215+0000][1][safepoint    ] Total time for which application threads were stopped: 0.0004114 seconds, Stopping threads took: 0.0000654 seconds
[2019-06-24T10:18:01.215+0000][1][safepoint    ] Application time: 1.0001510 seconds
[2019-06-24T10:18:01.215+0000][1][safepoint    ] Entering safepoint region: Cleanup
[2019-06-24T10:18:01.215+0000][1][safepoint    ] Leaving safepoint region
[2019-06-24T10:18:01.215+0000][1][safepoint    ] Total time for which application threads were stopped: 0.0002453 seconds, Stopping threads took: 0.0000633 seconds
[2019-06-24T10:18:02.216+0000][1][safepoint    ] Application time: 1.0002692 seconds
[2019-06-24T10:18:02.216+0000][1][safepoint    ] Entering safepoint region: Cleanup
[2019-06-24T10:18:02.216+0000][1][safepoint    ] Leaving safepoint region
[2019-06-24T10:18:02.216+0000][1][safepoint    ] Total time for which application threads were stopped: 0.0002493 seconds, Stopping threads took: 0.0000643 seconds
[2019-06-24T10:18:03.216+0000][1][safepoint    ] Application time: 1.0002405 seconds
[2019-06-24T10:18:03.216+0000][1][safepoint    ] Entering safepoint region: Cleanup
[2019-06-24T10:18:03.216+0000][1][safepoint    ] Leaving safepoint region
[2019-06-24T10:18:03.217+0000][1][safepoint    ] Total time for which application threads were stopped: 0.0002447 seconds, Stopping threads took: 0.0000640 seconds
[2019-06-24T10:18:04.217+0000][1][safepoint    ] Application time: 1.0001827 seconds
[2019-06-24T10:18:04.217+0000][1][safepoint    ] Entering safepoint region: Cleanup
[2019-06-24T10:18:04.217+0000][1][safepoint    ] Leaving safepoint region
[2019-06-24T10:18:04.217+0000][1][safepoint    ] Total time for which application threads were stopped: 0.0002117 seconds, Stopping threads took: 0.0000567 seconds
[2019-06-24T10:18:05.217+0000][1][safepoint    ] Application time: 1.0001301 seconds
[2019-06-24T10:18:05.217+0000][1][safepoint    ] Entering safepoint region: Cleanup
[2019-06-24T10:18:05.217+0000][1][safepoint    ] Leaving safepoint region
[2019-06-24T10:18:05.218+0000][1][safepoint    ] Total time for which application threads were stopped: 0.0002412 seconds, Stopping threads took: 0.0000639 seconds
[2019-06-24T10:18:06.218+0000][1][safepoint    ] Application time: 1.0001477 seconds
[2019-06-24T10:18:06.218+0000][1][safepoint    ] Entering safepoint region: Cleanup
[2019-06-24T10:18:06.218+0000][1][safepoint    ] Leaving safepoint region
[2019-06-24T10:18:06.218+0000][1][safepoint    ] Total time for which application threads were stopped: 0.0002302 seconds, Stopping threads took: 0.0000586 seconds
[2019-06-24T10:18:07.218+0000][1][safepoint    ] Application time: 1.0001592 seconds
[2019-06-24T10:18:07.219+0000][1][safepoint    ] Entering safepoint region: Cleanup
[2019-06-24T10:18:07.219+0000][1][safepoint    ] Leaving safepoint region
[2019-06-24T10:18:07.219+0000][1][safepoint    ] Total time for which application threads were stopped: 0.0006905 seconds, Stopping threads took: 0.0004577 seconds
[2019-06-24T10:18:08.219+0000][1][safepoint    ] Application time: 1.0002840 seconds
[2019-06-24T10:18:08.220+0000][1][safepoint    ] Entering safepoint region: Cleanup
[2019-06-24T10:18:08.220+0000][1][safepoint    ] Leaving safepoint region
[2019-06-24T10:18:08.220+0000][1][safepoint    ] Total time for which application threads were stopped: 0.0002496 seconds, Stopping threads took: 0.0000652 seconds
[2019-06-24T10:18:09.220+0000][1][safepoint    ] Application time: 1.0002820 seconds
[2019-06-24T10:18:09.220+0000][1][safepoint    ] Entering safepoint region: Cleanup
[2019-06-24T10:18:09.220+0000][1][safepoint    ] Leaving safepoint region
[2019-06-24T10:18:09.220+0000][1][safepoint    ] Total time for which application threads were stopped: 0.0002472 seconds, Stopping threads took: 0.0000734 seconds
[2019-06-24T10:18:10.221+0000][1][safepoint    ] Application time: 1.0002653 seconds
[2019-06-24T10:18:10.221+0000][1][safepoint    ] Entering safepoint region: Cleanup
[2019-06-24T10:18:10.221+0000][1][safepoint    ] Leaving safepoint region
[2019-06-24T10:18:10.221+0000][1][safepoint    ] Total time for which application threads were stopped: 0.0002467 seconds, Stopping threads took: 0.0000637 seconds
[2019-06-24T10:18:11.221+0000][1][safepoint    ] Application time: 1.0002312 seconds
[2019-06-24T10:18:11.222+0000][1][safepoint    ] Entering safepoint region: Cleanup
[2019-06-24T10:18:11.222+0000][1][safepoint    ] Leaving safepoint region
[2019-06-24T10:18:11.222+0000][1][safepoint    ] Total time for which application threads were stopped: 0.0002473 seconds, Stopping threads took: 0.0000663 seconds
[2019-06-24T10:18:12.222+0000][1][safepoint    ] Application time: 1.0002548 seconds
[2019-06-24T10:18:12.222+0000][1][safepoint    ] Entering safepoint region: Cleanup
[2019-06-24T10:18:12.222+0000][1][safepoint    ] Leaving safepoint region
[2019-06-24T10:18:12.222+0000][1][safepoint    ] Total time for which application threads were stopped: 0.0002459 seconds, Stopping threads took: 0.0000632 seconds
[2019-06-24T10:18:13.223+0000][1][safepoint    ] Application time: 1.0002960 seconds
[2019-06-24T10:18:13.223+0000][1][safepoint    ] Entering safepoint region: Cleanup
[2019-06-24T10:18:13.223+0000][1][safepoint    ] Leaving safepoint region
[2019-06-24T10:18:13.223+0000][1][safepoint    ] Total time for which application threads were stopped: 0.0003154 seconds, Stopping threads took: 0.0000629 seconds
[2019-06-24T10:18:14.223+0000][1][safepoint    ] Application time: 1.0002297 seconds
[2019-06-24T10:18:14.224+0000][1][safepoint    ] Entering safepoint region: Cleanup
[2019-06-24T10:18:14.224+0000][1][safepoint    ] Leaving safepoint region
[2019-06-24T10:18:14.224+0000][1][safepoint    ] Total time for which application threads were stopped: 0.0002484 seconds, Stopping threads took: 0.0000650 seconds
[2019-06-24T10:18:15.224+0000][1][safepoint    ] Application time: 1.0001470 seconds
[2019-06-24T10:18:15.224+0000][1][safepoint    ] Entering safepoint region: Cleanup
[2019-06-24T10:18:15.224+0000][1][safepoint    ] Leaving safepoint region
[2019-06-24T10:18:15.224+0000][1][safepoint    ] Total time for which application threads were stopped: 0.0002687 seconds, Stopping threads took: 0.0000938 seconds
[2019-06-24T10:18:16.225+0000][1][safepoint    ] Application time: 1.0002682 seconds
[2019-06-24T10:18:16.225+0000][1][safepoint    ] Entering safepoint region: Cleanup
[2019-06-24T10:18:16.225+0000][1][safepoint    ] Leaving safepoint region
[2019-06-24T10:18:16.225+0000][1][safepoint    ] Total time for which application threads were stopped: 0.0002380 seconds, Stopping threads took: 0.0000634 seconds
[2019-06-24T10:18:17.225+0000][1][safepoint    ] Application time: 1.0002652 seconds
[2019-06-24T10:18:17.225+0000][1][safepoint    ] Entering safepoint region: Cleanup
[2019-06-24T10:18:17.226+0000][1][safepoint    ] Leaving safepoint region
[2019-06-24T10:18:17.226+0000][1][safepoint    ] Total time for which application threads were stopped: 0.0002455 seconds, Stopping threads took: 0.0000645 seconds
[2019-06-24T10:18:18.226+0000][1][safepoint    ] Application time: 1.0002628 seconds
[2019-06-24T10:18:18.226+0000][1][safepoint    ] Entering safepoint region: Cleanup
[2019-06-24T10:18:18.226+0000][1][safepoint    ] Leaving safepoint region
[2019-06-24T10:18:18.226+0000][1][safepoint    ] Total time for which application threads were stopped: 0.0002166 seconds, Stopping threads took: 0.0000566 seconds
[2019-06-24T10:18:19.227+0000][1][safepoint    ] Application time: 1.0003405 seconds
[2019-06-24T10:18:19.227+0000][1][safepoint    ] Entering safepoint region: Cleanup
[2019-06-24T10:18:19.227+0000][1][safepoint    ] Leaving safepoint region
[2019-06-24T10:18:19.227+0000][1][safepoint    ] Total time for which application threads were stopped: 0.0002427 seconds, Stopping threads took: 0.0000639 seconds
[2019-06-24T10:18:20.227+0000][1][safepoint    ] Application time: 1.0002054 seconds
[2019-06-24T10:18:20.227+0000][1][safepoint    ] Entering safepoint region: Cleanup
[2019-06-24T10:18:20.228+0000][1][safepoint    ] Leaving safepoint region
[2019-06-24T10:18:20.228+0000][1][safepoint    ] Total time for which application threads were stopped: 0.0002420 seconds, Stopping threads took: 0.0000627 seconds
[2019-06-24T10:18:21.245+0000][1][safepoint    ] Application time: 1.0177927 seconds
[2019-06-24T10:18:21.246+0000][1][safepoint    ] Entering safepoint region: Cleanup
[2019-06-24T10:18:21.246+0000][1][safepoint    ] Leaving safepoint region
[2019-06-24T10:18:21.246+0000][1][safepoint    ] Total time for which application threads were stopped: 0.0006063 seconds, Stopping threads took: 0.0003768 seconds
[2019-06-24T10:18:22.246+0000][1][safepoint    ] Application time: 1.0001575 seconds
[2019-06-24T10:18:22.247+0000][1][safepoint    ] Entering safepoint region: Cleanup
[2019-06-24T10:18:22.247+0000][1][safepoint    ] Leaving safepoint region
[2019-06-24T10:18:22.247+0000][1][safepoint    ] Total time for which application threads were stopped: 0.0004609 seconds, Stopping threads took: 0.0002526 seconds
[2019-06-24T10:18:23.247+0000][1][safepoint    ] Application time: 1.0002428 seconds
[2019-06-24T10:18:23.247+0000][1][safepoint    ] Entering safepoint region: Cleanup
[2019-06-24T10:18:23.247+0000][1][safepoint    ] Leaving safepoint region
[2019-06-24T10:18:23.247+0000][1][safepoint    ] Total time for which application threads were stopped: 0.0002205 seconds, Stopping threads took: 0.0000573 seconds
[2019-06-24T10:18:24.248+0000][1][safepoint    ] Application time: 1.0002492 seconds
[2019-06-24T10:18:24.248+0000][1][safepoint    ] Entering safepoint region: Cleanup
[2019-06-24T10:18:24.248+0000][1][safepoint    ] Leaving safepoint region
[2019-06-24T10:18:24.248+0000][1][safepoint    ] Total time for which application threads were stopped: 0.0002135 seconds, Stopping threads took: 0.0000552 seconds
[2019-06-24T10:18:25.248+0000][1][safepoint    ] Application time: 1.0002371 seconds
[2019-06-24T10:18:25.248+0000][1][safepoint    ] Entering safepoint region: Cleanup
[2019-06-24T10:18:25.249+0000][1][safepoint    ] Leaving safepoint region
[2019-06-24T10:18:25.249+0000][1][safepoint    ] Total time for which application threads were stopped: 0.0002354 seconds, Stopping threads took: 0.0000629 seconds
[2019-06-24T10:18:26.249+0000][1][safepoint    ] Application time: 1.0002661 seconds
[2019-06-24T10:18:26.249+0000][1][safepoint    ] Entering safepoint region: Cleanup
[2019-06-24T10:18:26.249+0000][1][safepoint    ] Leaving safepoint region
[2019-06-24T10:18:26.249+0000][1][safepoint    ] Total time for which application threads were stopped: 0.0002812 seconds, Stopping threads took: 0.0000647 seconds
[2019-06-24T10:18:27.250+0000][1][safepoint    ] Application time: 1.0002875 seconds
[2019-06-24T10:18:27.250+0000][1][safepoint    ] Entering safepoint region: Cleanup
[2019-06-24T10:18:27.250+0000][1][safepoint    ] Leaving safepoint region
[2019-06-24T10:18:27.250+0000][1][safepoint    ] Total time for which application threads were stopped: 0.0002467 seconds, Stopping threads took: 0.0000631 seconds
[2019-06-24T10:18:28.250+0000][1][safepoint    ] Application time: 1.0002408 seconds
[2019-06-24T10:18:28.250+0000][1][safepoint    ] Entering safepoint region: Cleanup
[2019-06-24T10:18:28.251+0000][1][safepoint    ] Leaving safepoint region
[2019-06-24T10:18:28.251+0000][1][safepoint    ] Total time for which application threads were stopped: 0.0004254 seconds, Stopping threads took: 0.0001616 seconds
[2019-06-24T10:18:29.251+0000][1][safepoint    ] Application time: 1.0002753 seconds
[2019-06-24T10:18:29.251+0000][1][safepoint    ] Entering safepoint region: Cleanup
[2019-06-24T10:18:29.251+0000][1][safepoint    ] Leaving safepoint region
[2019-06-24T10:18:29.252+0000][1][safepoint    ] Total time for which application threads were stopped: 0.0002372 seconds, Stopping threads took: 0.0000635 seconds
[2019-06-24T10:18:30.252+0000][1][safepoint    ] Application time: 1.0002682 seconds
[2019-06-24T10:18:30.252+0000][1][safepoint    ] Entering safepoint region: Cleanup
[2019-06-24T10:18:30.252+0000][1][safepoint    ] Leaving safepoint region
[2019-06-24T10:18:30.252+0000][1][safepoint    ] Total time for which application threads were stopped: 0.0002401 seconds, Stopping threads took: 0.0000617 seconds
[2019-06-24T10:18:31.252+0000][1][safepoint    ] Application time: 1.0002736 seconds
[2019-06-24T10:18:31.253+0000][1][safepoint    ] Entering safepoint region: Cleanup
[2019-06-24T10:18:31.253+0000][1][safepoint    ] Leaving safepoint region
[2019-06-24T10:18:31.253+0000][1][safepoint    ] Total time for which application threads were stopped: 0.0003227 seconds, Stopping threads took: 0.0001075 seconds
[2019-06-24T10:18:32.253+0000][1][safepoint    ] Application time: 1.0002753 seconds
[2019-06-24T10:18:32.253+0000][1][safepoint    ] Entering safepoint region: Cleanup
[2019-06-24T10:18:32.254+0000][1][safepoint    ] Leaving safepoint region
[2019-06-24T10:18:32.254+0000][1][safepoint    ] Total time for which application threads were stopped: 0.0002865 seconds, Stopping threads took: 0.0000805 seconds
[2019-06-24T10:18:33.254+0000][1][safepoint    ] Application time: 1.0002061 seconds
[2019-06-24T10:18:33.254+0000][1][safepoint    ] Entering safepoint region: Cleanup
[2019-06-24T10:18:33.254+0000][1][safepoint    ] Leaving safepoint region
[2019-06-24T10:18:33.254+0000][1][safepoint    ] Total time for which application threads were stopped: 0.0002684 seconds, Stopping threads took: 0.0000649 seconds
[2019-06-24T10:18:34.254+0000][1][safepoint    ] Application time: 1.0001206 seconds
[2019-06-24T10:18:34.255+0000][1][safepoint    ] Entering safepoint region: Cleanup
[2019-06-24T10:18:34.255+0000][1][safepoint    ] Leaving safepoint region
[2019-06-24T10:18:34.255+0000][1][safepoint    ] Total time for which application threads were stopped: 0.0002484 seconds, Stopping threads took: 0.0000697 seconds
[2019-06-24T10:18:35.255+0000][1][safepoint    ] Application time: 1.0002450 seconds
[2019-06-24T10:18:35.255+0000][1][safepoint    ] Entering safepoint region: Cleanup
[2019-06-24T10:18:35.255+0000][1][safepoint    ] Leaving safepoint region
[2019-06-24T10:18:35.255+0000][1][safepoint    ] Total time for which application threads were stopped: 0.0002315 seconds, Stopping threads took: 0.0000625 seconds
[2019-06-24T10:18:36.256+0000][1][safepoint    ] Application time: 1.0002724 seconds
[2019-06-24T10:18:36.256+0000][1][safepoint    ] Entering safepoint region: Cleanup
[2019-06-24T10:18:36.256+0000][1][safepoint    ] Leaving safepoint region
[2019-06-24T10:18:36.256+0000][1][safepoint    ] Total time for which application threads were stopped: 0.0002485 seconds, Stopping threads took: 0.0000645 seconds
[2019-06-24T10:18:37.256+0000][1][safepoint    ] Application time: 1.0002777 seconds
[2019-06-24T10:18:37.257+0000][1][safepoint    ] Entering safepoint region: Cleanup
[2019-06-24T10:18:37.257+0000][1][safepoint    ] Leaving safepoint region
[2019-06-24T10:18:37.257+0000][1][safepoint    ] Total time for which application threads were stopped: 0.0002473 seconds, Stopping threads took: 0.0000677 seconds
[2019-06-24T10:18:38.257+0000][1][safepoint    ] Application time: 1.0002906 seconds
[2019-06-24T10:18:38.257+0000][1][safepoint    ] Entering safepoint region: Cleanup
[2019-06-24T10:18:38.257+0000][1][safepoint    ] Leaving safepoint region
[2019-06-24T10:18:38.257+0000][1][safepoint    ] Total time for which application threads were stopped: 0.0001135 seconds, Stopping threads took: 0.0000283 seconds
[2019-06-24T10:18:39.257+0000][1][safepoint    ] Application time: 1.0001979 seconds
[2019-06-24T10:18:39.258+0000][1][safepoint    ] Entering safepoint region: Cleanup
[2019-06-24T10:18:39.258+0000][1][safepoint    ] Leaving safepoint region
[2019-06-24T10:18:39.258+0000][1][safepoint    ] Total time for which application threads were stopped: 0.0002451 seconds, Stopping threads took: 0.0000634 seconds
[2019-06-24T10:18:40.258+0000][1][safepoint    ] Application time: 1.0002707 seconds
[2019-06-24T10:18:40.258+0000][1][safepoint    ] Entering safepoint region: Cleanup
[2019-06-24T10:18:40.258+0000][1][safepoint    ] Leaving safepoint region
[2019-06-24T10:18:40.259+0000][1][safepoint    ] Total time for which application threads were stopped: 0.0003299 seconds, Stopping threads took: 0.0000651 seconds
[2019-06-24T10:18:41.413+0000][1][safepoint    ] Application time: 1.1543490 seconds
[2019-06-24T10:18:41.413+0000][1][safepoint    ] Entering safepoint region: Cleanup
[2019-06-24T10:18:41.413+0000][1][safepoint    ] Leaving safepoint region
[2019-06-24T10:18:41.413+0000][1][safepoint    ] Total time for which application threads were stopped: 0.0002399 seconds, Stopping threads took: 0.0000705 seconds
[2019-06-24T10:18:42.414+0000][1][safepoint    ] Application time: 1.0002254 seconds
[2019-06-24T10:18:42.414+0000][1][safepoint    ] Entering safepoint region: Cleanup
[2019-06-24T10:18:42.414+0000][1][safepoint    ] Leaving safepoint region
[2019-06-24T10:18:42.414+0000][1][safepoint    ] Total time for which application threads were stopped: 0.0002809 seconds, Stopping threads took: 0.0000762 seconds
[2019-06-24T10:18:43.414+0000][1][safepoint    ] Application time: 1.0001821 seconds
[2019-06-24T10:18:43.414+0000][1][safepoint    ] Entering safepoint region: Cleanup
[2019-06-24T10:18:43.414+0000][1][safepoint    ] Leaving safepoint region
[2019-06-24T10:18:43.414+0000][1][safepoint    ] Total time for which application threads were stopped: 0.0001251 seconds, Stopping threads took: 0.0000360 seconds
[2019-06-24T10:18:44.414+0000][1][safepoint    ] Application time: 1.0001198 seconds
[2019-06-24T10:18:44.415+0000][1][safepoint    ] Entering safepoint region: Cleanup
[2019-06-24T10:18:44.415+0000][1][safepoint    ] Leaving safepoint region
[2019-06-24T10:18:44.415+0000][1][safepoint    ] Total time for which application threads were stopped: 0.0001158 seconds, Stopping threads took: 0.0000400 seconds
[2019-06-24T10:18:45.415+0000][1][safepoint    ] Application time: 1.0000822 seconds
[2019-06-24T10:18:45.415+0000][1][safepoint    ] Entering safepoint region: Cleanup
[2019-06-24T10:18:45.415+0000][1][safepoint    ] Leaving safepoint region
[2019-06-24T10:18:45.415+0000][1][safepoint    ] Total time for which application threads were stopped: 0.0001080 seconds, Stopping threads took: 0.0000406 seconds
[2019-06-24T10:18:46.415+0000][1][safepoint    ] Application time: 1.0001285 seconds
[2019-06-24T10:18:46.415+0000][1][safepoint    ] Entering safepoint region: Cleanup
[2019-06-24T10:18:46.415+0000][1][safepoint    ] Leaving safepoint region
[2019-06-24T10:18:46.416+0000][1][safepoint    ] Total time for which application threads were stopped: 0.0008760 seconds, Stopping threads took: 0.0000235 seconds
[2019-06-24T10:18:47.416+0000][1][safepoint    ] Application time: 1.0001621 seconds
[2019-06-24T10:18:47.416+0000][1][safepoint    ] Entering safepoint region: Cleanup
[2019-06-24T10:18:47.416+0000][1][safepoint    ] Leaving safepoint region
[2019-06-24T10:18:47.416+0000][1][safepoint    ] Total time for which application threads were stopped: 0.0002345 seconds, Stopping threads took: 0.0000612 seconds
[2019-06-24T10:18:48.417+0000][1][safepoint    ] Application time: 1.0001056 seconds
[2019-06-24T10:18:48.417+0000][1][safepoint    ] Entering safepoint region: Cleanup
[2019-06-24T10:18:48.417+0000][1][safepoint    ] Leaving safepoint region
[2019-06-24T10:18:48.417+0000][1][safepoint    ] Total time for which application threads were stopped: 0.0001252 seconds, Stopping threads took: 0.0000369 seconds
[2019-06-24T10:18:49.417+0000][1][safepoint    ] Application time: 1.0001352 seconds
[2019-06-24T10:18:49.417+0000][1][safepoint    ] Entering safepoint region: Cleanup
[2019-06-24T10:18:49.417+0000][1][safepoint    ] Leaving safepoint region
[2019-06-24T10:18:49.418+0000][1][safepoint    ] Total time for which application threads were stopped: 0.0004645 seconds, Stopping threads took: 0.0001775 seconds
[2019-06-24T10:18:50.418+0000][1][safepoint    ] Application time: 1.0002051 seconds
[2019-06-24T10:18:50.418+0000][1][safepoint    ] Entering safepoint region: Cleanup
[2019-06-24T10:18:50.418+0000][1][safepoint    ] Leaving safepoint region
[2019-06-24T10:18:50.418+0000][1][safepoint    ] Total time for which application threads were stopped: 0.0003116 seconds, Stopping threads took: 0.0001308 seconds
[2019-06-24T10:18:51.418+0000][1][safepoint    ] Application time: 1.0001721 seconds
[2019-06-24T10:18:51.419+0000][1][safepoint    ] Entering safepoint region: Cleanup
[2019-06-24T10:18:51.419+0000][1][safepoint    ] Leaving safepoint region
[2019-06-24T10:18:51.419+0000][1][safepoint    ] Total time for which application threads were stopped: 0.0003320 seconds, Stopping threads took: 0.0000879 seconds
[2019-06-24T10:18:52.419+0000][1][safepoint    ] Application time: 1.0002105 seconds
[2019-06-24T10:18:52.419+0000][1][safepoint    ] Entering safepoint region: Cleanup
[2019-06-24T10:18:52.419+0000][1][safepoint    ] Leaving safepoint region
[2019-06-24T10:18:52.419+0000][1][safepoint    ] Total time for which application threads were stopped: 0.0002330 seconds, Stopping threads took: 0.0000469 seconds
[2019-06-24T10:18:53.420+0000][1][safepoint    ] Application time: 1.0001132 seconds
[2019-06-24T10:18:53.420+0000][1][safepoint    ] Entering safepoint region: Cleanup
[2019-06-24T10:18:53.420+0000][1][safepoint    ] Leaving safepoint region
[2019-06-24T10:18:53.420+0000][1][safepoint    ] Total time for which application threads were stopped: 0.0001903 seconds, Stopping threads took: 0.0000439 seconds
[2019-06-24T10:18:54.420+0000][1][safepoint    ] Application time: 1.0002296 seconds
[2019-06-24T10:18:54.420+0000][1][safepoint    ] Entering safepoint region: Cleanup
[2019-06-24T10:18:54.420+0000][1][safepoint    ] Leaving safepoint region
[2019-06-24T10:18:54.420+0000][1][safepoint    ] Total time for which application threads were stopped: 0.0002435 seconds, Stopping threads took: 0.0000513 seconds
[2019-06-24T10:18:55.424+0000][1][safepoint    ] Application time: 1.0033910 seconds
[2019-06-24T10:18:55.424+0000][1][safepoint    ] Entering safepoint region: Cleanup
[2019-06-24T10:18:55.425+0000][1][safepoint    ] Leaving safepoint region
[2019-06-24T10:18:55.425+0000][1][safepoint    ] Total time for which application threads were stopped: 0.0005674 seconds, Stopping threads took: 0.0001741 seconds
[2019-06-24T10:18:56.425+0000][1][safepoint    ] Application time: 1.0002423 seconds
[2019-06-24T10:18:56.425+0000][1][safepoint    ] Entering safepoint region: Cleanup
[2019-06-24T10:18:56.425+0000][1][safepoint    ] Leaving safepoint region
[2019-06-24T10:18:56.425+0000][1][safepoint    ] Total time for which application threads were stopped: 0.0001900 seconds, Stopping threads took: 0.0000501 seconds
[2019-06-24T10:18:57.425+0000][1][safepoint    ] Application time: 1.0001814 seconds
[2019-06-24T10:18:57.425+0000][1][safepoint    ] Entering safepoint region: Cleanup
[2019-06-24T10:18:57.426+0000][1][safepoint    ] Leaving safepoint region
[2019-06-24T10:18:57.426+0000][1][safepoint    ] Total time for which application threads were stopped: 0.0002444 seconds, Stopping threads took: 0.0000636 seconds
[2019-06-24T10:18:58.426+0000][1][safepoint    ] Application time: 1.0001264 seconds
[2019-06-24T10:18:58.426+0000][1][safepoint    ] Entering safepoint region: Cleanup
[2019-06-24T10:18:58.426+0000][1][safepoint    ] Leaving safepoint region
[2019-06-24T10:18:58.426+0000][1][safepoint    ] Total time for which application threads were stopped: 0.0001879 seconds, Stopping threads took: 0.0000513 seconds
[2019-06-24T10:18:59.426+0000][1][safepoint    ] Application time: 1.0001421 seconds
[2019-06-24T10:18:59.427+0000][1][safepoint    ] Entering safepoint region: Cleanup
[2019-06-24T10:18:59.427+0000][1][safepoint    ] Leaving safepoint region
[2019-06-24T10:18:59.427+0000][1][safepoint    ] Total time for which application threads were stopped: 0.0005061 seconds, Stopping threads took: 0.0002833 seconds
[2019-06-24T10:19:00.427+0000][1][safepoint    ] Application time: 1.0002164 seconds
[2019-06-24T10:19:00.427+0000][1][safepoint    ] Entering safepoint region: Cleanup
[2019-06-24T10:19:00.428+0000][1][safepoint    ] Leaving safepoint region
[2019-06-24T10:19:00.428+0000][1][safepoint    ] Total time for which application threads were stopped: 0.0002399 seconds, Stopping threads took: 0.0000622 seconds
[2019-06-24T10:19:01.428+0000][1][safepoint    ] Application time: 1.0001815 seconds
[2019-06-24T10:19:01.428+0000][1][safepoint    ] Entering safepoint region: Cleanup
[2019-06-24T10:19:01.429+0000][1][safepoint    ] Leaving safepoint region
[2019-06-24T10:19:01.429+0000][1][safepoint    ] Total time for which application threads were stopped: 0.0010853 seconds, Stopping threads took: 0.0008262 seconds
[2019-06-24T10:19:02.429+0000][1][safepoint    ] Application time: 1.0002645 seconds
[2019-06-24T10:19:02.429+0000][1][safepoint    ] Entering safepoint region: Cleanup
[2019-06-24T10:19:02.430+0000][1][safepoint    ] Leaving safepoint region
[2019-06-24T10:19:02.430+0000][1][safepoint    ] Total time for which application threads were stopped: 0.0003152 seconds, Stopping threads took: 0.0000637 seconds
[2019-06-24T10:19:03.430+0000][1][safepoint    ] Application time: 1.0002955 seconds
[2019-06-24T10:19:03.430+0000][1][safepoint    ] Entering safepoint region: Cleanup
[2019-06-24T10:19:03.430+0000][1][safepoint    ] Leaving safepoint region
[2019-06-24T10:19:03.431+0000][1][safepoint    ] Total time for which application threads were stopped: 0.0004617 seconds, Stopping threads took: 0.0000732 seconds
[2019-06-24T10:19:04.431+0000][1][safepoint    ] Application time: 1.0002877 seconds
[2019-06-24T10:19:04.431+0000][1][safepoint    ] Entering safepoint region: Cleanup
[2019-06-24T10:19:04.431+0000][1][safepoint    ] Leaving safepoint region
[2019-06-24T10:19:04.431+0000][1][safepoint    ] Total time for which application threads were stopped: 0.0003431 seconds, Stopping threads took: 0.0000652 seconds
[2019-06-24T10:19:05.432+0000][1][safepoint    ] Application time: 1.0002755 seconds
[2019-06-24T10:19:05.432+0000][1][safepoint    ] Entering safepoint region: Cleanup
[2019-06-24T10:19:05.432+0000][1][safepoint    ] Leaving safepoint region
[2019-06-24T10:19:05.432+0000][1][safepoint    ] Total time for which application threads were stopped: 0.0003086 seconds, Stopping threads took: 0.0000636 seconds
[2019-06-24T10:19:06.432+0000][1][safepoint    ] Application time: 1.0002411 seconds
[2019-06-24T10:19:06.433+0000][1][safepoint    ] Entering safepoint region: Cleanup
[2019-06-24T10:19:06.434+0000][1][safepoint    ] Leaving safepoint region
[2019-06-24T10:19:06.434+0000][1][safepoint    ] Total time for which application threads were stopped: 0.0014238 seconds, Stopping threads took: 0.0011105 seconds
[2019-06-24T10:19:07.434+0000][1][safepoint    ] Application time: 1.0001507 seconds
[2019-06-24T10:19:07.434+0000][1][safepoint    ] Entering safepoint region: Cleanup
[2019-06-24T10:19:07.435+0000][1][safepoint    ] Leaving safepoint region
[2019-06-24T10:19:07.435+0000][1][safepoint    ] Total time for which application threads were stopped: 0.0003833 seconds, Stopping threads took: 0.0000770 seconds
[2019-06-24T10:19:08.435+0000][1][safepoint    ] Application time: 1.0001739 seconds
[2019-06-24T10:19:08.435+0000][1][safepoint    ] Entering safepoint region: Cleanup
[2019-06-24T10:19:08.435+0000][1][safepoint    ] Leaving safepoint region
[2019-06-24T10:19:08.435+0000][1][safepoint    ] Total time for which application threads were stopped: 0.0002591 seconds, Stopping threads took: 0.0000556 seconds
[2019-06-24T10:19:09.436+0000][1][safepoint    ] Application time: 1.0002424 seconds
[2019-06-24T10:19:09.436+0000][1][safepoint    ] Entering safepoint region: Cleanup
[2019-06-24T10:19:09.436+0000][1][safepoint    ] Leaving safepoint region
[2019-06-24T10:19:09.436+0000][1][safepoint    ] Total time for which application threads were stopped: 0.0002478 seconds, Stopping threads took: 0.0000671 seconds
[2019-06-24T10:19:10.436+0000][1][safepoint    ] Application time: 1.0002774 seconds
[2019-06-24T10:19:10.436+0000][1][safepoint    ] Entering safepoint region: Cleanup
[2019-06-24T10:19:10.437+0000][1][safepoint    ] Leaving safepoint region
[2019-06-24T10:19:10.437+0000][1][safepoint    ] Total time for which application threads were stopped: 0.0002390 seconds, Stopping threads took: 0.0000622 seconds
[2019-06-24T10:19:11.437+0000][1][safepoint    ] Application time: 1.0001932 seconds
[2019-06-24T10:19:11.437+0000][1][safepoint    ] Entering safepoint region: Cleanup
[2019-06-24T10:19:11.438+0000][1][safepoint    ] Leaving safepoint region
[2019-06-24T10:19:11.438+0000][1][safepoint    ] Total time for which application threads were stopped: 0.0012299 seconds, Stopping threads took: 0.0009935 seconds
[2019-06-24T10:19:12.438+0000][1][safepoint    ] Application time: 1.0002414 seconds
[2019-06-24T10:19:12.439+0000][1][safepoint    ] Entering safepoint region: Cleanup
[2019-06-24T10:19:12.439+0000][1][safepoint    ] Leaving safepoint region
[2019-06-24T10:19:12.439+0000][1][safepoint    ] Total time for which application threads were stopped: 0.0002833 seconds, Stopping threads took: 0.0000674 seconds
[2019-06-24T10:19:13.439+0000][1][safepoint    ] Application time: 1.0002625 seconds
[2019-06-24T10:19:13.439+0000][1][safepoint    ] Entering safepoint region: Cleanup
[2019-06-24T10:19:13.439+0000][1][safepoint    ] Leaving safepoint region
[2019-06-24T10:19:13.440+0000][1][safepoint    ] Total time for which application threads were stopped: 0.0002808 seconds, Stopping threads took: 0.0000573 seconds
[2019-06-24T10:19:14.440+0000][1][safepoint    ] Application time: 1.0002652 seconds
[2019-06-24T10:19:14.440+0000][1][safepoint    ] Entering safepoint region: Cleanup
[2019-06-24T10:19:14.440+0000][1][safepoint    ] Leaving safepoint region
[2019-06-24T10:19:14.440+0000][1][safepoint    ] Total time for which application threads were stopped: 0.0003446 seconds, Stopping threads took: 0.0000636 seconds
[2019-06-24T10:19:15.441+0000][1][safepoint    ] Application time: 1.0002711 seconds
[2019-06-24T10:19:15.441+0000][1][safepoint    ] Entering safepoint region: Cleanup
[2019-06-24T10:19:15.441+0000][1][safepoint    ] Leaving safepoint region
[2019-06-24T10:19:15.441+0000][1][safepoint    ] Total time for which application threads were stopped: 0.0003197 seconds, Stopping threads took: 0.0000629 seconds
[2019-06-24T10:19:16.441+0000][1][safepoint    ] Application time: 1.0002831 seconds
[2019-06-24T10:19:16.442+0000][1][safepoint    ] Entering safepoint region: Cleanup
[2019-06-24T10:19:16.443+0000][1][safepoint    ] Leaving safepoint region
[2019-06-24T10:19:16.443+0000][1][safepoint    ] Total time for which application threads were stopped: 0.0012562 seconds, Stopping threads took: 0.0009403 seconds
[2019-06-24T10:19:17.443+0000][1][safepoint    ] Application time: 1.0002252 seconds
[2019-06-24T10:19:17.443+0000][1][safepoint    ] Entering safepoint region: Cleanup
[2019-06-24T10:19:17.443+0000][1][safepoint    ] Leaving safepoint region
[2019-06-24T10:19:17.443+0000][1][safepoint    ] Total time for which application threads were stopped: 0.0002436 seconds, Stopping threads took: 0.0000636 seconds
[2019-06-24T10:19:18.444+0000][1][safepoint    ] Application time: 1.0001858 seconds
[2019-06-24T10:19:18.444+0000][1][safepoint    ] Entering safepoint region: Cleanup
[2019-06-24T10:19:18.444+0000][1][safepoint    ] Leaving safepoint region
[2019-06-24T10:19:18.444+0000][1][safepoint    ] Total time for which application threads were stopped: 0.0002135 seconds, Stopping threads took: 0.0000561 seconds
[2019-06-24T10:19:20.340+0000][1][safepoint    ] Application time: 1.8961181 seconds
[2019-06-24T10:19:20.340+0000][1][safepoint    ] Entering safepoint region: Cleanup
[2019-06-24T10:19:20.341+0000][1][safepoint    ] Leaving safepoint region
[2019-06-24T10:19:20.341+0000][1][safepoint    ] Total time for which application threads were stopped: 0.0006070 seconds, Stopping threads took: 0.0003641 seconds
[2019-06-24T10:19:21.341+0000][1][safepoint    ] Application time: 1.0001646 seconds
[2019-06-24T10:19:21.341+0000][1][safepoint    ] Entering safepoint region: Cleanup
[2019-06-24T10:19:21.341+0000][1][safepoint    ] Leaving safepoint region
[2019-06-24T10:19:21.341+0000][1][safepoint    ] Total time for which application threads were stopped: 0.0002455 seconds, Stopping threads took: 0.0000647 seconds
[2019-06-24T10:19:22.342+0000][1][safepoint    ] Application time: 1.0001986 seconds
[2019-06-24T10:19:22.342+0000][1][safepoint    ] Entering safepoint region: Cleanup
[2019-06-24T10:19:22.342+0000][1][safepoint    ] Leaving safepoint region
[2019-06-24T10:19:22.342+0000][1][safepoint    ] Total time for which application threads were stopped: 0.0003198 seconds, Stopping threads took: 0.0000920 seconds
[2019-06-24T10:19:23.342+0000][1][safepoint    ] Application time: 1.0001499 seconds
[2019-06-24T10:19:23.342+0000][1][safepoint    ] Entering safepoint region: Cleanup
[2019-06-24T10:19:23.342+0000][1][safepoint    ] Leaving safepoint region
[2019-06-24T10:19:23.342+0000][1][safepoint    ] Total time for which application threads were stopped: 0.0001540 seconds, Stopping threads took: 0.0000540 seconds
[2019-06-24T10:19:24.343+0000][1][safepoint    ] Application time: 1.0002773 seconds
[2019-06-24T10:19:24.343+0000][1][safepoint    ] Entering safepoint region: Cleanup
[2019-06-24T10:19:24.343+0000][1][safepoint    ] Leaving safepoint region
[2019-06-24T10:19:24.343+0000][1][safepoint    ] Total time for which application threads were stopped: 0.0002792 seconds, Stopping threads took: 0.0000725 seconds
[2019-06-24T10:19:25.343+0000][1][safepoint    ] Application time: 1.0002693 seconds
[2019-06-24T10:19:25.344+0000][1][safepoint    ] Entering safepoint region: Cleanup
[2019-06-24T10:19:25.344+0000][1][safepoint    ] Leaving safepoint region
[2019-06-24T10:19:25.344+0000][1][safepoint    ] Total time for which application threads were stopped: 0.0002379 seconds, Stopping threads took: 0.0000630 seconds
[2019-06-24T10:19:26.344+0000][1][safepoint    ] Application time: 1.0003089 seconds
[2019-06-24T10:19:26.344+0000][1][safepoint    ] Entering safepoint region: Cleanup
[2019-06-24T10:19:26.344+0000][1][safepoint    ] Leaving safepoint region
[2019-06-24T10:19:26.344+0000][1][safepoint    ] Total time for which application threads were stopped: 0.0000909 seconds, Stopping threads took: 0.0000235 seconds
[2019-06-24T10:19:27.344+0000][1][safepoint    ] Application time: 1.0002500 seconds
[2019-06-24T10:19:27.345+0000][1][safepoint    ] Entering safepoint region: Cleanup
[2019-06-24T10:19:27.345+0000][1][safepoint    ] Leaving safepoint region
[2019-06-24T10:19:27.345+0000][1][safepoint    ] Total time for which application threads were stopped: 0.0002744 seconds, Stopping threads took: 0.0000630 seconds
[2019-06-24T10:19:28.345+0000][1][safepoint    ] Application time: 1.0001984 seconds
[2019-06-24T10:19:28.345+0000][1][safepoint    ] Entering safepoint region: Cleanup
[2019-06-24T10:19:28.345+0000][1][safepoint    ] Leaving safepoint region
[2019-06-24T10:19:28.345+0000][1][safepoint    ] Total time for which application threads were stopped: 0.0002417 seconds, Stopping threads took: 0.0000658 seconds
[2019-06-24T10:19:29.346+0000][1][safepoint    ] Application time: 1.0002618 seconds
[2019-06-24T10:19:29.346+0000][1][safepoint    ] Entering safepoint region: Cleanup
[2019-06-24T10:19:29.346+0000][1][safepoint    ] Leaving safepoint region
[2019-06-24T10:19:29.346+0000][1][safepoint    ] Total time for which application threads were stopped: 0.0002425 seconds, Stopping threads took: 0.0000638 seconds
[2019-06-24T10:19:30.346+0000][1][safepoint    ] Application time: 1.0002643 seconds
[2019-06-24T10:19:30.347+0000][1][safepoint    ] Entering safepoint region: Cleanup
[2019-06-24T10:19:30.347+0000][1][safepoint    ] Leaving safepoint region
[2019-06-24T10:19:30.347+0000][1][safepoint    ] Total time for which application threads were stopped: 0.0002924 seconds, Stopping threads took: 0.0000816 seconds
[2019-06-24T10:19:30.357+0000][1][safepoint    ] Application time: 0.0098131 seconds
[2019-06-24T10:19:30.357+0000][1][safepoint    ] Entering safepoint region: GenCollectForAllocation
[2019-06-24T10:19:30.357+0000][1][gc,start     ] GC(25) Pause Young (Allocation Failure)
[2019-06-24T10:19:30.357+0000][1][gc,task      ] GC(25) Using 5 workers of 8 for evacuation
[2019-06-24T10:19:30.363+0000][1][gc,age       ] GC(25) Desired survivor size 4456448 bytes, new threshold 6 (max threshold 6)
[2019-06-24T10:19:30.363+0000][1][gc,age       ] GC(25) Age table with threshold 6 (max threshold 6)
[2019-06-24T10:19:30.363+0000][1][gc,age       ] GC(25) - age   1:       9520 bytes,       9520 total
[2019-06-24T10:19:30.363+0000][1][gc,age       ] GC(25) - age   2:       4208 bytes,      13728 total
[2019-06-24T10:19:30.363+0000][1][gc,age       ] GC(25) - age   3:       6392 bytes,      20120 total
[2019-06-24T10:19:30.363+0000][1][gc,age       ] GC(25) - age   4:    2015680 bytes,    2035800 total
[2019-06-24T10:19:30.363+0000][1][gc,heap      ] GC(25) ParNew: 72719K->2861K(78656K)
[2019-06-24T10:19:30.363+0000][1][gc,heap      ] GC(25) CMS: 67498K->67498K(174784K)
[2019-06-24T10:19:30.363+0000][1][gc,metaspace ] GC(25) Metaspace: 66873K->66873K(1110016K)
[2019-06-24T10:19:30.364+0000][1][gc           ] GC(25) Pause Young (Allocation Failure) 136M->68M(247M) 6.149ms
[2019-06-24T10:19:30.364+0000][1][gc,cpu       ] GC(25) User=0.03s Sys=0.00s Real=0.01s
[2019-06-24T10:19:30.364+0000][1][safepoint    ] Leaving safepoint region
[2019-06-24T10:19:30.364+0000][1][safepoint    ] Total time for which application threads were stopped: 0.0066794 seconds, Stopping threads took: 0.0001493 seconds
[2019-06-24T10:19:31.364+0000][1][safepoint    ] Application time: 1.0001939 seconds
[2019-06-24T10:19:31.364+0000][1][safepoint    ] Entering safepoint region: Cleanup
[2019-06-24T10:19:31.364+0000][1][safepoint    ] Leaving safepoint region
[2019-06-24T10:19:31.364+0000][1][safepoint    ] Total time for which application threads were stopped: 0.0003027 seconds, Stopping threads took: 0.0000789 seconds
[2019-06-24T10:19:32.365+0000][1][safepoint    ] Application time: 1.0003009 seconds
[2019-06-24T10:19:32.365+0000][1][safepoint    ] Entering safepoint region: Cleanup
[2019-06-24T10:19:32.365+0000][1][safepoint    ] Leaving safepoint region
[2019-06-24T10:19:32.365+0000][1][safepoint    ] Total time for which application threads were stopped: 0.0002991 seconds, Stopping threads took: 0.0000850 seconds
[2019-06-24T10:19:33.369+0000][1][safepoint    ] Application time: 1.0042676 seconds
[2019-06-24T10:19:33.369+0000][1][safepoint    ] Entering safepoint region: Cleanup
[2019-06-24T10:19:33.370+0000][1][safepoint    ] Leaving safepoint region
[2019-06-24T10:19:33.370+0000][1][safepoint    ] Total time for which application threads were stopped: 0.0003283 seconds, Stopping threads took: 0.0000792 seconds
[2019-06-24T10:19:34.370+0000][1][safepoint    ] Application time: 1.0001513 seconds
[2019-06-24T10:19:34.370+0000][1][safepoint    ] Entering safepoint region: Cleanup
[2019-06-24T10:19:34.370+0000][1][safepoint    ] Leaving safepoint region
[2019-06-24T10:19:34.371+0000][1][safepoint    ] Total time for which application threads were stopped: 0.0004653 seconds, Stopping threads took: 0.0002037 seconds
[2019-06-24T10:19:35.371+0000][1][safepoint    ] Application time: 1.0001494 seconds
[2019-06-24T10:19:35.371+0000][1][safepoint    ] Entering safepoint region: Cleanup
[2019-06-24T10:19:35.371+0000][1][safepoint    ] Leaving safepoint region
[2019-06-24T10:19:35.371+0000][1][safepoint    ] Total time for which application threads were stopped: 0.0002376 seconds, Stopping threads took: 0.0000639 seconds
[2019-06-24T10:19:36.371+0000][1][safepoint    ] Application time: 1.0001137 seconds
[2019-06-24T10:19:36.371+0000][1][safepoint    ] Entering safepoint region: Cleanup
[2019-06-24T10:19:36.371+0000][1][safepoint    ] Leaving safepoint region
[2019-06-24T10:19:36.371+0000][1][safepoint    ] Total time for which application threads were stopped: 0.0001532 seconds, Stopping threads took: 0.0000531 seconds
[2019-06-24T10:19:37.372+0000][1][safepoint    ] Application time: 1.0001242 seconds
[2019-06-24T10:19:37.372+0000][1][safepoint    ] Entering safepoint region: Cleanup
[2019-06-24T10:19:37.372+0000][1][safepoint    ] Leaving safepoint region
[2019-06-24T10:19:37.372+0000][1][safepoint    ] Total time for which application threads were stopped: 0.0003143 seconds, Stopping threads took: 0.0000838 seconds
[2019-06-24T10:19:38.372+0000][1][safepoint    ] Application time: 1.0001581 seconds
[2019-06-24T10:19:38.372+0000][1][safepoint    ] Entering safepoint region: Cleanup
[2019-06-24T10:19:38.373+0000][1][safepoint    ] Leaving safepoint region
[2019-06-24T10:19:38.373+0000][1][safepoint    ] Total time for which application threads were stopped: 0.0002769 seconds, Stopping threads took: 0.0000800 seconds
[2019-06-24T10:19:39.373+0000][1][safepoint    ] Application time: 1.0001406 seconds
[2019-06-24T10:19:39.373+0000][1][safepoint    ] Entering safepoint region: Cleanup
[2019-06-24T10:19:39.373+0000][1][safepoint    ] Leaving safepoint region
[2019-06-24T10:19:39.373+0000][1][safepoint    ] Total time for which application threads were stopped: 0.0002907 seconds, Stopping threads took: 0.0000843 seconds
[2019-06-24T10:19:40.373+0000][1][safepoint    ] Application time: 1.0002123 seconds
[2019-06-24T10:19:40.374+0000][1][safepoint    ] Entering safepoint region: Cleanup
[2019-06-24T10:19:40.374+0000][1][safepoint    ] Leaving safepoint region
[2019-06-24T10:19:40.374+0000][1][safepoint    ] Total time for which application threads were stopped: 0.0003473 seconds, Stopping threads took: 0.0000992 seconds
[2019-06-24T10:19:41.374+0000][1][safepoint    ] Application time: 1.0002012 seconds
[2019-06-24T10:19:41.374+0000][1][safepoint    ] Entering safepoint region: Cleanup
[2019-06-24T10:19:41.375+0000][1][safepoint    ] Leaving safepoint region
[2019-06-24T10:19:41.375+0000][1][safepoint    ] Total time for which application threads were stopped: 0.0003800 seconds, Stopping threads took: 0.0000845 seconds
[2019-06-24T10:19:42.375+0000][1][safepoint    ] Application time: 1.0001469 seconds
[2019-06-24T10:19:42.375+0000][1][safepoint    ] Entering safepoint region: Cleanup
[2019-06-24T10:19:42.375+0000][1][safepoint    ] Leaving safepoint region
[2019-06-24T10:19:42.375+0000][1][safepoint    ] Total time for which application threads were stopped: 0.0003176 seconds, Stopping threads took: 0.0000968 seconds
[2019-06-24T10:19:43.376+0000][1][safepoint    ] Application time: 1.0002477 seconds
[2019-06-24T10:19:43.376+0000][1][safepoint    ] Entering safepoint region: Cleanup
[2019-06-24T10:19:43.376+0000][1][safepoint    ] Leaving safepoint region
[2019-06-24T10:19:43.376+0000][1][safepoint    ] Total time for which application threads were stopped: 0.0003064 seconds, Stopping threads took: 0.0000925 seconds
[2019-06-24T10:19:44.376+0000][1][safepoint    ] Application time: 1.0002568 seconds
[2019-06-24T10:19:44.376+0000][1][safepoint    ] Entering safepoint region: Cleanup
[2019-06-24T10:19:44.377+0000][1][safepoint    ] Leaving safepoint region
[2019-06-24T10:19:44.377+0000][1][safepoint    ] Total time for which application threads were stopped: 0.0002918 seconds, Stopping threads took: 0.0000650 seconds
[2019-06-24T10:19:45.377+0000][1][safepoint    ] Application time: 1.0002767 seconds
[2019-06-24T10:19:45.377+0000][1][safepoint    ] Entering safepoint region: Cleanup
[2019-06-24T10:19:45.377+0000][1][safepoint    ] Leaving safepoint region
[2019-06-24T10:19:45.377+0000][1][safepoint    ] Total time for which application threads were stopped: 0.0003089 seconds, Stopping threads took: 0.0000812 seconds
[2019-06-24T10:19:46.378+0000][1][safepoint    ] Application time: 1.0002544 seconds
[2019-06-24T10:19:46.378+0000][1][safepoint    ] Entering safepoint region: Cleanup
[2019-06-24T10:19:46.378+0000][1][safepoint    ] Leaving safepoint region
[2019-06-24T10:19:46.378+0000][1][safepoint    ] Total time for which application threads were stopped: 0.0001797 seconds, Stopping threads took: 0.0000478 seconds
[2019-06-24T10:19:47.378+0000][1][safepoint    ] Application time: 1.0002364 seconds
[2019-06-24T10:19:47.378+0000][1][safepoint    ] Entering safepoint region: Cleanup
[2019-06-24T10:19:47.379+0000][1][safepoint    ] Leaving safepoint region
[2019-06-24T10:19:47.379+0000][1][safepoint    ] Total time for which application threads were stopped: 0.0003838 seconds, Stopping threads took: 0.0001588 seconds
[2019-06-24T10:19:48.379+0000][1][safepoint    ] Application time: 1.0002102 seconds
[2019-06-24T10:19:48.379+0000][1][safepoint    ] Entering safepoint region: Cleanup
[2019-06-24T10:19:48.379+0000][1][safepoint    ] Leaving safepoint region
[2019-06-24T10:19:48.379+0000][1][safepoint    ] Total time for which application threads were stopped: 0.0002476 seconds, Stopping threads took: 0.0000708 seconds
[2019-06-24T10:19:49.380+0000][1][safepoint    ] Application time: 1.0004136 seconds
[2019-06-24T10:19:49.380+0000][1][safepoint    ] Entering safepoint region: Cleanup
[2019-06-24T10:19:49.380+0000][1][safepoint    ] Leaving safepoint region
[2019-06-24T10:19:49.381+0000][1][safepoint    ] Total time for which application threads were stopped: 0.0004703 seconds, Stopping threads took: 0.0002402 seconds
[2019-06-24T10:19:50.495+0000][1][safepoint    ] Application time: 1.1147476 seconds
[2019-06-24T10:19:50.495+0000][1][safepoint    ] Entering safepoint region: Cleanup
[2019-06-24T10:19:50.496+0000][1][safepoint    ] Leaving safepoint region
[2019-06-24T10:19:50.496+0000][1][safepoint    ] Total time for which application threads were stopped: 0.0002314 seconds, Stopping threads took: 0.0000574 seconds
[2019-06-24T10:19:51.496+0000][1][safepoint    ] Application time: 1.0001312 seconds
[2019-06-24T10:19:51.496+0000][1][safepoint    ] Entering safepoint region: Cleanup
[2019-06-24T10:19:51.496+0000][1][safepoint    ] Leaving safepoint region
[2019-06-24T10:19:51.496+0000][1][safepoint    ] Total time for which application threads were stopped: 0.0001999 seconds, Stopping threads took: 0.0000517 seconds
[2019-06-24T10:19:52.496+0000][1][safepoint    ] Application time: 1.0002655 seconds
[2019-06-24T10:19:52.497+0000][1][safepoint    ] Entering safepoint region: Cleanup
[2019-06-24T10:19:52.497+0000][1][safepoint    ] Leaving safepoint region
[2019-06-24T10:19:52.497+0000][1][safepoint    ] Total time for which application threads were stopped: 0.0002407 seconds, Stopping threads took: 0.0000632 seconds
[2019-06-24T10:19:53.497+0000][1][safepoint    ] Application time: 1.0002646 seconds
[2019-06-24T10:19:53.497+0000][1][safepoint    ] Entering safepoint region: Cleanup
[2019-06-24T10:19:53.497+0000][1][safepoint    ] Leaving safepoint region
[2019-06-24T10:19:53.497+0000][1][safepoint    ] Total time for which application threads were stopped: 0.0002817 seconds, Stopping threads took: 0.0000745 seconds
[2019-06-24T10:19:54.498+0000][1][safepoint    ] Application time: 1.0002965 seconds
[2019-06-24T10:19:54.498+0000][1][safepoint    ] Entering safepoint region: Cleanup
[2019-06-24T10:19:54.498+0000][1][safepoint    ] Leaving safepoint region
[2019-06-24T10:19:54.498+0000][1][safepoint    ] Total time for which application threads were stopped: 0.0001143 seconds, Stopping threads took: 0.0000284 seconds
[2019-06-24T10:19:55.498+0000][1][safepoint    ] Application time: 1.0002573 seconds
[2019-06-24T10:19:55.498+0000][1][safepoint    ] Entering safepoint region: Cleanup
[2019-06-24T10:19:55.499+0000][1][safepoint    ] Leaving safepoint region
[2019-06-24T10:19:55.499+0000][1][safepoint    ] Total time for which application threads were stopped: 0.0003326 seconds, Stopping threads took: 0.0000627 seconds
[2019-06-24T10:19:56.499+0000][1][safepoint    ] Application time: 1.0002775 seconds
[2019-06-24T10:19:56.499+0000][1][safepoint    ] Entering safepoint region: Cleanup
[2019-06-24T10:19:56.499+0000][1][safepoint    ] Leaving safepoint region
[2019-06-24T10:19:56.499+0000][1][safepoint    ] Total time for which application threads were stopped: 0.0003195 seconds, Stopping threads took: 0.0001085 seconds
[2019-06-24T10:19:57.500+0000][1][safepoint    ] Application time: 1.0002045 seconds
[2019-06-24T10:19:57.500+0000][1][safepoint    ] Entering safepoint region: Cleanup
[2019-06-24T10:19:57.500+0000][1][safepoint    ] Leaving safepoint region
[2019-06-24T10:19:57.500+0000][1][safepoint    ] Total time for which application threads were stopped: 0.0002406 seconds, Stopping threads took: 0.0000629 seconds
[2019-06-24T10:19:58.500+0000][1][safepoint    ] Application time: 1.0001948 seconds
[2019-06-24T10:19:58.500+0000][1][safepoint    ] Entering safepoint region: Cleanup
[2019-06-24T10:19:58.501+0000][1][safepoint    ] Leaving safepoint region
[2019-06-24T10:19:58.501+0000][1][safepoint    ] Total time for which application threads were stopped: 0.0002624 seconds, Stopping threads took: 0.0000827 seconds
[2019-06-24T10:19:59.501+0000][1][safepoint    ] Application time: 1.0001745 seconds
[2019-06-24T10:19:59.501+0000][1][safepoint    ] Entering safepoint region: Cleanup
[2019-06-24T10:19:59.501+0000][1][safepoint    ] Leaving safepoint region
[2019-06-24T10:19:59.501+0000][1][safepoint    ] Total time for which application threads were stopped: 0.0004746 seconds, Stopping threads took: 0.0002677 seconds
[2019-06-24T10:20:00.502+0000][1][safepoint    ] Application time: 1.0002855 seconds
[2019-06-24T10:20:00.502+0000][1][safepoint    ] Entering safepoint region: Cleanup
[2019-06-24T10:20:00.502+0000][1][safepoint    ] Leaving safepoint region
[2019-06-24T10:20:00.502+0000][1][safepoint    ] Total time for which application threads were stopped: 0.0002658 seconds, Stopping threads took: 0.0000634 seconds
[2019-06-24T10:20:01.502+0000][1][safepoint    ] Application time: 1.0001572 seconds
[2019-06-24T10:20:01.503+0000][1][safepoint    ] Entering safepoint region: Cleanup
[2019-06-24T10:20:01.503+0000][1][safepoint    ] Leaving safepoint region
[2019-06-24T10:20:01.503+0000][1][safepoint    ] Total time for which application threads were stopped: 0.0005419 seconds, Stopping threads took: 0.0002443 seconds
[2019-06-24T10:20:02.503+0000][1][safepoint    ] Application time: 1.0002598 seconds
[2019-06-24T10:20:02.503+0000][1][safepoint    ] Entering safepoint region: Cleanup
[2019-06-24T10:20:02.504+0000][1][safepoint    ] Leaving safepoint region
[2019-06-24T10:20:02.504+0000][1][safepoint    ] Total time for which application threads were stopped: 0.0002400 seconds, Stopping threads took: 0.0000646 seconds
[2019-06-24T10:20:03.504+0000][1][safepoint    ] Application time: 1.0002757 seconds
[2019-06-24T10:20:03.504+0000][1][safepoint    ] Entering safepoint region: Cleanup
[2019-06-24T10:20:03.504+0000][1][safepoint    ] Leaving safepoint region
[2019-06-24T10:20:03.504+0000][1][safepoint    ] Total time for which application threads were stopped: 0.0002430 seconds, Stopping threads took: 0.0000644 seconds
[2019-06-24T10:20:04.504+0000][1][safepoint    ] Application time: 1.0001933 seconds
[2019-06-24T10:20:04.505+0000][1][safepoint    ] Entering safepoint region: Cleanup
[2019-06-24T10:20:04.505+0000][1][safepoint    ] Leaving safepoint region
[2019-06-24T10:20:04.505+0000][1][safepoint    ] Total time for which application threads were stopped: 0.0003197 seconds, Stopping threads took: 0.0001225 seconds
[2019-06-24T10:20:05.505+0000][1][safepoint    ] Application time: 1.0002830 seconds
[2019-06-24T10:20:05.505+0000][1][safepoint    ] Entering safepoint region: Cleanup
[2019-06-24T10:20:05.506+0000][1][safepoint    ] Leaving safepoint region
[2019-06-24T10:20:05.506+0000][1][safepoint    ] Total time for which application threads were stopped: 0.0002386 seconds, Stopping threads took: 0.0000629 seconds
[2019-06-24T10:20:06.506+0000][1][safepoint    ] Application time: 1.0002431 seconds
[2019-06-24T10:20:06.506+0000][1][safepoint    ] Entering safepoint region: Cleanup
[2019-06-24T10:20:06.506+0000][1][safepoint    ] Leaving safepoint region
[2019-06-24T10:20:06.506+0000][1][safepoint    ] Total time for which application threads were stopped: 0.0003133 seconds, Stopping threads took: 0.0000944 seconds
[2019-06-24T10:20:07.507+0000][1][safepoint    ] Application time: 1.0002829 seconds
[2019-06-24T10:20:07.507+0000][1][safepoint    ] Entering safepoint region: Cleanup
[2019-06-24T10:20:07.507+0000][1][safepoint    ] Leaving safepoint region
[2019-06-24T10:20:07.507+0000][1][safepoint    ] Total time for which application threads were stopped: 0.0003197 seconds, Stopping threads took: 0.0000973 seconds
[2019-06-24T10:20:08.507+0000][1][safepoint    ] Application time: 1.0002007 seconds
[2019-06-24T10:20:08.507+0000][1][safepoint    ] Entering safepoint region: Cleanup
[2019-06-24T10:20:08.508+0000][1][safepoint    ] Leaving safepoint region
[2019-06-24T10:20:08.508+0000][1][safepoint    ] Total time for which application threads were stopped: 0.0003127 seconds, Stopping threads took: 0.0000641 seconds
[2019-06-24T10:20:09.508+0000][1][safepoint    ] Application time: 1.0002749 seconds
[2019-06-24T10:20:09.508+0000][1][safepoint    ] Entering safepoint region: Cleanup
[2019-06-24T10:20:09.508+0000][1][safepoint    ] Leaving safepoint region
[2019-06-24T10:20:09.508+0000][1][safepoint    ] Total time for which application threads were stopped: 0.0003184 seconds, Stopping threads took: 0.0000648 seconds
[2019-06-24T10:20:10.509+0000][1][safepoint    ] Application time: 1.0001653 seconds
[2019-06-24T10:20:10.509+0000][1][safepoint    ] Entering safepoint region: Cleanup
[2019-06-24T10:20:10.509+0000][1][safepoint    ] Leaving safepoint region
[2019-06-24T10:20:10.509+0000][1][safepoint    ] Total time for which application threads were stopped: 0.0003428 seconds, Stopping threads took: 0.0000922 seconds
[2019-06-24T10:20:11.509+0000][1][safepoint    ] Application time: 1.0003056 seconds
[2019-06-24T10:20:11.510+0000][1][safepoint    ] Entering safepoint region: Cleanup
[2019-06-24T10:20:11.510+0000][1][safepoint    ] Leaving safepoint region
[2019-06-24T10:20:11.510+0000][1][safepoint    ] Total time for which application threads were stopped: 0.0001056 seconds, Stopping threads took: 0.0000231 seconds
[2019-06-24T10:20:12.510+0000][1][safepoint    ] Application time: 1.0002566 seconds
[2019-06-24T10:20:12.510+0000][1][safepoint    ] Entering safepoint region: Cleanup
[2019-06-24T10:20:12.510+0000][1][safepoint    ] Leaving safepoint region
[2019-06-24T10:20:12.510+0000][1][safepoint    ] Total time for which application threads were stopped: 0.0002367 seconds, Stopping threads took: 0.0000619 seconds
[2019-06-24T10:20:13.510+0000][1][safepoint    ] Application time: 1.0001624 seconds
[2019-06-24T10:20:13.511+0000][1][safepoint    ] Entering safepoint region: Cleanup
[2019-06-24T10:20:13.511+0000][1][safepoint    ] Leaving safepoint region
[2019-06-24T10:20:13.511+0000][1][safepoint    ] Total time for which application threads were stopped: 0.0002680 seconds, Stopping threads took: 0.0000840 seconds
[2019-06-24T10:20:14.511+0000][1][safepoint    ] Application time: 1.0001733 seconds
[2019-06-24T10:20:14.511+0000][1][safepoint    ] Entering safepoint region: Cleanup
[2019-06-24T10:20:14.511+0000][1][safepoint    ] Leaving safepoint region
[2019-06-24T10:20:14.511+0000][1][safepoint    ] Total time for which application threads were stopped: 0.0001901 seconds, Stopping threads took: 0.0000507 seconds
[2019-06-24T10:20:15.512+0000][1][safepoint    ] Application time: 1.0002625 seconds
[2019-06-24T10:20:15.512+0000][1][safepoint    ] Entering safepoint region: Cleanup
[2019-06-24T10:20:15.512+0000][1][safepoint    ] Leaving safepoint region
[2019-06-24T10:20:15.512+0000][1][safepoint    ] Total time for which application threads were stopped: 0.0003261 seconds, Stopping threads took: 0.0001197 seconds
[2019-06-24T10:20:16.512+0000][1][safepoint    ] Application time: 1.0002775 seconds
[2019-06-24T10:20:16.513+0000][1][safepoint    ] Entering safepoint region: Cleanup
[2019-06-24T10:20:16.513+0000][1][safepoint    ] Leaving safepoint region
[2019-06-24T10:20:16.513+0000][1][safepoint    ] Total time for which application threads were stopped: 0.0002835 seconds, Stopping threads took: 0.0000978 seconds
[2019-06-24T10:20:17.513+0000][1][safepoint    ] Application time: 1.0002686 seconds
[2019-06-24T10:20:17.513+0000][1][safepoint    ] Entering safepoint region: Cleanup
[2019-06-24T10:20:17.513+0000][1][safepoint    ] Leaving safepoint region
[2019-06-24T10:20:17.513+0000][1][safepoint    ] Total time for which application threads were stopped: 0.0001765 seconds, Stopping threads took: 0.0000483 seconds
[2019-06-24T10:20:18.514+0000][1][safepoint    ] Application time: 1.0001504 seconds
[2019-06-24T10:20:18.514+0000][1][safepoint    ] Entering safepoint region: Cleanup
[2019-06-24T10:20:18.514+0000][1][safepoint    ] Leaving safepoint region
[2019-06-24T10:20:18.514+0000][1][safepoint    ] Total time for which application threads were stopped: 0.0001307 seconds, Stopping threads took: 0.0000370 seconds
[2019-06-24T10:20:19.514+0000][1][safepoint    ] Application time: 1.0002598 seconds
[2019-06-24T10:20:19.514+0000][1][safepoint    ] Entering safepoint region: Cleanup
[2019-06-24T10:20:19.514+0000][1][safepoint    ] Leaving safepoint region
[2019-06-24T10:20:19.514+0000][1][safepoint    ] Total time for which application threads were stopped: 0.0002450 seconds, Stopping threads took: 0.0000655 seconds
[2019-06-24T10:20:20.515+0000][1][safepoint    ] Application time: 1.0001381 seconds
[2019-06-24T10:20:20.515+0000][1][safepoint    ] Entering safepoint region: Cleanup
[2019-06-24T10:20:20.515+0000][1][safepoint    ] Leaving safepoint region
[2019-06-24T10:20:20.515+0000][1][safepoint    ] Total time for which application threads were stopped: 0.0001340 seconds, Stopping threads took: 0.0000370 seconds
[2019-06-24T10:20:21.515+0000][1][safepoint    ] Application time: 1.0002481 seconds
[2019-06-24T10:20:21.515+0000][1][safepoint    ] Entering safepoint region: Cleanup
[2019-06-24T10:20:21.515+0000][1][safepoint    ] Leaving safepoint region
[2019-06-24T10:20:21.515+0000][1][safepoint    ] Total time for which application threads were stopped: 0.0002441 seconds, Stopping threads took: 0.0000639 seconds
[2019-06-24T10:20:22.516+0000][1][safepoint    ] Application time: 1.0002736 seconds
[2019-06-24T10:20:22.516+0000][1][safepoint    ] Entering safepoint region: Cleanup
[2019-06-24T10:20:22.516+0000][1][safepoint    ] Leaving safepoint region
[2019-06-24T10:20:22.516+0000][1][safepoint    ] Total time for which application threads were stopped: 0.0002427 seconds, Stopping threads took: 0.0000641 seconds
[2019-06-24T10:20:23.516+0000][1][safepoint    ] Application time: 1.0002954 seconds
[2019-06-24T10:20:23.516+0000][1][safepoint    ] Entering safepoint region: Cleanup
[2019-06-24T10:20:23.516+0000][1][safepoint    ] Leaving safepoint region
[2019-06-24T10:20:23.517+0000][1][safepoint    ] Total time for which application threads were stopped: 0.0001132 seconds, Stopping threads took: 0.0000285 seconds
[2019-06-24T10:20:24.517+0000][1][safepoint    ] Application time: 1.0001547 seconds
[2019-06-24T10:20:24.517+0000][1][safepoint    ] Entering safepoint region: Cleanup
[2019-06-24T10:20:24.517+0000][1][safepoint    ] Leaving safepoint region
[2019-06-24T10:20:24.517+0000][1][safepoint    ] Total time for which application threads were stopped: 0.0001603 seconds, Stopping threads took: 0.0000430 seconds
[2019-06-24T10:20:25.517+0000][1][safepoint    ] Application time: 1.0001489 seconds
[2019-06-24T10:20:25.517+0000][1][safepoint    ] Entering safepoint region: Cleanup
[2019-06-24T10:20:25.517+0000][1][safepoint    ] Leaving safepoint region
[2019-06-24T10:20:25.517+0000][1][safepoint    ] Total time for which application threads were stopped: 0.0002798 seconds, Stopping threads took: 0.0000749 seconds
[2019-06-24T10:20:26.518+0000][1][safepoint    ] Application time: 1.0002183 seconds
[2019-06-24T10:20:26.518+0000][1][safepoint    ] Entering safepoint region: Cleanup
[2019-06-24T10:20:26.518+0000][1][safepoint    ] Leaving safepoint region
[2019-06-24T10:20:26.518+0000][1][safepoint    ] Total time for which application threads were stopped: 0.0002830 seconds, Stopping threads took: 0.0001019 seconds
[2019-06-24T10:20:27.518+0000][1][safepoint    ] Application time: 1.0001435 seconds
[2019-06-24T10:20:27.518+0000][1][safepoint    ] Entering safepoint region: Cleanup
[2019-06-24T10:20:27.518+0000][1][safepoint    ] Leaving safepoint region
[2019-06-24T10:20:27.518+0000][1][safepoint    ] Total time for which application threads were stopped: 0.0001490 seconds, Stopping threads took: 0.0000320 seconds
[2019-06-24T10:20:28.519+0000][1][safepoint    ] Application time: 1.0001407 seconds
[2019-06-24T10:20:28.519+0000][1][safepoint    ] Entering safepoint region: Cleanup
[2019-06-24T10:20:28.519+0000][1][safepoint    ] Leaving safepoint region
[2019-06-24T10:20:28.519+0000][1][safepoint    ] Total time for which application threads were stopped: 0.0000936 seconds, Stopping threads took: 0.0000245 seconds
[2019-06-24T10:20:29.519+0000][1][safepoint    ] Application time: 1.0001842 seconds
[2019-06-24T10:20:29.519+0000][1][safepoint    ] Entering safepoint region: Cleanup
[2019-06-24T10:20:29.519+0000][1][safepoint    ] Leaving safepoint region
[2019-06-24T10:20:29.519+0000][1][safepoint    ] Total time for which application threads were stopped: 0.0002754 seconds, Stopping threads took: 0.0000800 seconds
[2019-06-24T10:20:30.520+0000][1][safepoint    ] Application time: 1.0002457 seconds
[2019-06-24T10:20:30.520+0000][1][safepoint    ] Entering safepoint region: Cleanup
[2019-06-24T10:20:30.520+0000][1][safepoint    ] Leaving safepoint region
[2019-06-24T10:20:30.520+0000][1][safepoint    ] Total time for which application threads were stopped: 0.0002375 seconds, Stopping threads took: 0.0000628 seconds
[2019-06-24T10:20:31.520+0000][1][safepoint    ] Application time: 1.0002446 seconds
[2019-06-24T10:20:31.520+0000][1][safepoint    ] Entering safepoint region: Cleanup
[2019-06-24T10:20:31.521+0000][1][safepoint    ] Leaving safepoint region
[2019-06-24T10:20:31.521+0000][1][safepoint    ] Total time for which application threads were stopped: 0.0002334 seconds, Stopping threads took: 0.0000617 seconds
[2019-06-24T10:20:32.521+0000][1][safepoint    ] Application time: 1.0001358 seconds
[2019-06-24T10:20:32.521+0000][1][safepoint    ] Entering safepoint region: Cleanup
[2019-06-24T10:20:32.521+0000][1][safepoint    ] Leaving safepoint region
[2019-06-24T10:20:32.521+0000][1][safepoint    ] Total time for which application threads were stopped: 0.0002349 seconds, Stopping threads took: 0.0000653 seconds
[2019-06-24T10:20:33.521+0000][1][safepoint    ] Application time: 1.0002664 seconds
[2019-06-24T10:20:33.522+0000][1][safepoint    ] Entering safepoint region: Cleanup
[2019-06-24T10:20:33.522+0000][1][safepoint    ] Leaving safepoint region
[2019-06-24T10:20:33.522+0000][1][safepoint    ] Total time for which application threads were stopped: 0.0002390 seconds, Stopping threads took: 0.0000621 seconds
[2019-06-24T10:20:34.522+0000][1][safepoint    ] Application time: 1.0002676 seconds
[2019-06-24T10:20:34.522+0000][1][safepoint    ] Entering safepoint region: Cleanup
[2019-06-24T10:20:34.522+0000][1][safepoint    ] Leaving safepoint region
[2019-06-24T10:20:34.523+0000][1][safepoint    ] Total time for which application threads were stopped: 0.0003870 seconds, Stopping threads took: 0.0000617 seconds
[2019-06-24T10:20:35.523+0000][1][safepoint    ] Application time: 1.0001665 seconds
[2019-06-24T10:20:35.523+0000][1][safepoint    ] Entering safepoint region: Cleanup
[2019-06-24T10:20:35.523+0000][1][safepoint    ] Leaving safepoint region
[2019-06-24T10:20:35.523+0000][1][safepoint    ] Total time for which application threads were stopped: 0.0003081 seconds, Stopping threads took: 0.0001033 seconds
[2019-06-24T10:20:36.524+0000][1][safepoint    ] Application time: 1.0002812 seconds
[2019-06-24T10:20:36.524+0000][1][safepoint    ] Entering safepoint region: Cleanup
[2019-06-24T10:20:36.524+0000][1][safepoint    ] Leaving safepoint region
[2019-06-24T10:20:36.524+0000][1][safepoint    ] Total time for which application threads were stopped: 0.0001046 seconds, Stopping threads took: 0.0000242 seconds
[2019-06-24T10:20:37.524+0000][1][safepoint    ] Application time: 1.0002497 seconds
[2019-06-24T10:20:37.524+0000][1][safepoint    ] Entering safepoint region: Cleanup
[2019-06-24T10:20:37.524+0000][1][safepoint    ] Leaving safepoint region
[2019-06-24T10:20:37.524+0000][1][safepoint    ] Total time for which application threads were stopped: 0.0001751 seconds, Stopping threads took: 0.0000715 seconds
[2019-06-24T10:20:38.524+0000][1][safepoint    ] Application time: 1.0002785 seconds
[2019-06-24T10:20:38.525+0000][1][safepoint    ] Entering safepoint region: Cleanup
[2019-06-24T10:20:38.525+0000][1][safepoint    ] Leaving safepoint region
[2019-06-24T10:20:38.525+0000][1][safepoint    ] Total time for which application threads were stopped: 0.0001041 seconds, Stopping threads took: 0.0000371 seconds
[2019-06-24T10:20:39.525+0000][1][safepoint    ] Application time: 1.0002530 seconds
[2019-06-24T10:20:39.525+0000][1][safepoint    ] Entering safepoint region: Cleanup
[2019-06-24T10:20:39.525+0000][1][safepoint    ] Leaving safepoint region
[2019-06-24T10:20:39.525+0000][1][safepoint    ] Total time for which application threads were stopped: 0.0002657 seconds, Stopping threads took: 0.0000836 seconds
[2019-06-24T10:20:41.506+0000][1][safepoint    ] Application time: 1.9806396 seconds
[2019-06-24T10:20:41.506+0000][1][safepoint    ] Entering safepoint region: Cleanup
[2019-06-24T10:20:41.506+0000][1][safepoint    ] Leaving safepoint region
[2019-06-24T10:20:41.506+0000][1][safepoint    ] Total time for which application threads were stopped: 0.0001640 seconds, Stopping threads took: 0.0000422 seconds
[2019-06-24T10:20:42.506+0000][1][safepoint    ] Application time: 1.0002161 seconds
[2019-06-24T10:20:42.507+0000][1][safepoint    ] Entering safepoint region: Cleanup
[2019-06-24T10:20:42.507+0000][1][safepoint    ] Leaving safepoint region
[2019-06-24T10:20:42.507+0000][1][safepoint    ] Total time for which application threads were stopped: 0.0001450 seconds, Stopping threads took: 0.0000446 seconds
[2019-06-24T10:20:43.507+0000][1][safepoint    ] Application time: 1.0002257 seconds
[2019-06-24T10:20:43.507+0000][1][safepoint    ] Entering safepoint region: Cleanup
[2019-06-24T10:20:43.507+0000][1][safepoint    ] Leaving safepoint region
[2019-06-24T10:20:43.507+0000][1][safepoint    ] Total time for which application threads were stopped: 0.0002600 seconds, Stopping threads took: 0.0000718 seconds
[2019-06-24T10:20:44.508+0000][1][safepoint    ] Application time: 1.0002936 seconds
[2019-06-24T10:20:44.508+0000][1][safepoint    ] Entering safepoint region: Cleanup
[2019-06-24T10:20:44.508+0000][1][safepoint    ] Leaving safepoint region
[2019-06-24T10:20:44.508+0000][1][safepoint    ] Total time for which application threads were stopped: 0.0003355 seconds, Stopping threads took: 0.0001294 seconds
[2019-06-24T10:20:45.508+0000][1][safepoint    ] Application time: 1.0002749 seconds
[2019-06-24T10:20:45.510+0000][1][safepoint    ] Entering safepoint region: Cleanup
[2019-06-24T10:20:45.510+0000][1][safepoint    ] Leaving safepoint region
[2019-06-24T10:20:45.510+0000][1][safepoint    ] Total time for which application threads were stopped: 0.0002684 seconds, Stopping threads took: 0.0001048 seconds
[2019-06-24T10:20:46.510+0000][1][safepoint    ] Application time: 1.0001624 seconds
[2019-06-24T10:20:46.510+0000][1][safepoint    ] Entering safepoint region: Cleanup
[2019-06-24T10:20:46.510+0000][1][safepoint    ] Leaving safepoint region
[2019-06-24T10:20:46.510+0000][1][safepoint    ] Total time for which application threads were stopped: 0.0003430 seconds, Stopping threads took: 0.0000936 seconds
[2019-06-24T10:20:47.511+0000][1][safepoint    ] Application time: 1.0001578 seconds
[2019-06-24T10:20:47.511+0000][1][safepoint    ] Entering safepoint region: Cleanup
[2019-06-24T10:20:47.511+0000][1][safepoint    ] Leaving safepoint region
[2019-06-24T10:20:47.511+0000][1][safepoint    ] Total time for which application threads were stopped: 0.0001169 seconds, Stopping threads took: 0.0000320 seconds
[2019-06-24T10:20:48.511+0000][1][safepoint    ] Application time: 1.0001533 seconds
[2019-06-24T10:20:48.511+0000][1][safepoint    ] Entering safepoint region: Cleanup
[2019-06-24T10:20:48.511+0000][1][safepoint    ] Leaving safepoint region
[2019-06-24T10:20:48.511+0000][1][safepoint    ] Total time for which application threads were stopped: 0.0002292 seconds, Stopping threads took: 0.0000639 seconds
[2019-06-24T10:20:49.512+0000][1][safepoint    ] Application time: 1.0002522 seconds
[2019-06-24T10:20:49.512+0000][1][safepoint    ] Entering safepoint region: Cleanup
[2019-06-24T10:20:49.512+0000][1][safepoint    ] Leaving safepoint region
[2019-06-24T10:20:49.512+0000][1][safepoint    ] Total time for which application threads were stopped: 0.0002390 seconds, Stopping threads took: 0.0000769 seconds
[2019-06-24T10:20:50.512+0000][1][safepoint    ] Application time: 1.0001771 seconds
[2019-06-24T10:20:50.512+0000][1][safepoint    ] Entering safepoint region: Cleanup
[2019-06-24T10:20:50.513+0000][1][safepoint    ] Leaving safepoint region
[2019-06-24T10:20:50.513+0000][1][safepoint    ] Total time for which application threads were stopped: 0.0002258 seconds, Stopping threads took: 0.0000640 seconds
[2019-06-24T10:20:51.513+0000][1][safepoint    ] Application time: 1.0002676 seconds
[2019-06-24T10:20:51.513+0000][1][safepoint    ] Entering safepoint region: Cleanup
[2019-06-24T10:20:51.513+0000][1][safepoint    ] Leaving safepoint region
[2019-06-24T10:20:51.513+0000][1][safepoint    ] Total time for which application threads were stopped: 0.0002965 seconds, Stopping threads took: 0.0000834 seconds
[2019-06-24T10:20:52.514+0000][1][safepoint    ] Application time: 1.0002837 seconds
[2019-06-24T10:20:52.514+0000][1][safepoint    ] Entering safepoint region: Cleanup
[2019-06-24T10:20:52.514+0000][1][safepoint    ] Leaving safepoint region
[2019-06-24T10:20:52.514+0000][1][safepoint    ] Total time for which application threads were stopped: 0.0003647 seconds, Stopping threads took: 0.0001273 seconds
[2019-06-24T10:20:53.514+0000][1][safepoint    ] Application time: 1.0002851 seconds
[2019-06-24T10:20:53.515+0000][1][safepoint    ] Entering safepoint region: Cleanup
[2019-06-24T10:20:53.515+0000][1][safepoint    ] Leaving safepoint region
[2019-06-24T10:20:53.515+0000][1][safepoint    ] Total time for which application threads were stopped: 0.0002735 seconds, Stopping threads took: 0.0001017 seconds
[2019-06-24T10:20:54.515+0000][1][safepoint    ] Application time: 1.0002852 seconds
[2019-06-24T10:20:54.515+0000][1][safepoint    ] Entering safepoint region: Cleanup
[2019-06-24T10:20:54.515+0000][1][safepoint    ] Leaving safepoint region
[2019-06-24T10:20:54.516+0000][1][safepoint    ] Total time for which application threads were stopped: 0.0002338 seconds, Stopping threads took: 0.0000636 seconds
[2019-06-24T10:20:55.516+0000][1][safepoint    ] Application time: 1.0002734 seconds
[2019-06-24T10:20:55.516+0000][1][safepoint    ] Entering safepoint region: Cleanup
[2019-06-24T10:20:55.516+0000][1][safepoint    ] Leaving safepoint region
[2019-06-24T10:20:55.516+0000][1][safepoint    ] Total time for which application threads were stopped: 0.0002393 seconds, Stopping threads took: 0.0000638 seconds
[2019-06-24T10:20:56.516+0000][1][safepoint    ] Application time: 1.0002815 seconds
[2019-06-24T10:20:56.517+0000][1][safepoint    ] Entering safepoint region: Cleanup
[2019-06-24T10:20:56.517+0000][1][safepoint    ] Leaving safepoint region
[2019-06-24T10:20:56.517+0000][1][safepoint    ] Total time for which application threads were stopped: 0.0002895 seconds, Stopping threads took: 0.0000806 seconds
[2019-06-24T10:20:57.517+0000][1][safepoint    ] Application time: 1.0001910 seconds
[2019-06-24T10:20:57.517+0000][1][safepoint    ] Entering safepoint region: Cleanup
[2019-06-24T10:20:57.517+0000][1][safepoint    ] Leaving safepoint region
[2019-06-24T10:20:57.517+0000][1][safepoint    ] Total time for which application threads were stopped: 0.0002755 seconds, Stopping threads took: 0.0000629 seconds
[2019-06-24T10:20:58.518+0000][1][safepoint    ] Application time: 1.0002724 seconds
[2019-06-24T10:20:58.518+0000][1][safepoint    ] Entering safepoint region: Cleanup
[2019-06-24T10:20:58.518+0000][1][safepoint    ] Leaving safepoint region
[2019-06-24T10:20:58.518+0000][1][safepoint    ] Total time for which application threads were stopped: 0.0002361 seconds, Stopping threads took: 0.0000603 seconds
[2019-06-24T10:20:59.518+0000][1][safepoint    ] Application time: 1.0002570 seconds
[2019-06-24T10:20:59.519+0000][1][safepoint    ] Entering safepoint region: Cleanup
[2019-06-24T10:20:59.519+0000][1][safepoint    ] Leaving safepoint region
[2019-06-24T10:20:59.519+0000][1][safepoint    ] Total time for which application threads were stopped: 0.0002346 seconds, Stopping threads took: 0.0000671 seconds
[2019-06-24T10:21:00.519+0000][1][safepoint    ] Application time: 1.0001537 seconds
[2019-06-24T10:21:00.519+0000][1][safepoint    ] Entering safepoint region: Cleanup
[2019-06-24T10:21:00.519+0000][1][safepoint    ] Leaving safepoint region
[2019-06-24T10:21:00.519+0000][1][safepoint    ] Total time for which application threads were stopped: 0.0002209 seconds, Stopping threads took: 0.0000573 seconds
[2019-06-24T10:21:01.520+0000][1][safepoint    ] Application time: 1.0002278 seconds
[2019-06-24T10:21:01.520+0000][1][safepoint    ] Entering safepoint region: Cleanup
[2019-06-24T10:21:01.521+0000][1][safepoint    ] Leaving safepoint region
[2019-06-24T10:21:01.521+0000][1][safepoint    ] Total time for which application threads were stopped: 0.0012732 seconds, Stopping threads took: 0.0009583 seconds
[2019-06-24T10:21:02.521+0000][1][safepoint    ] Application time: 1.0002084 seconds
[2019-06-24T10:21:02.521+0000][1][safepoint    ] Entering safepoint region: Cleanup
[2019-06-24T10:21:02.522+0000][1][safepoint    ] Leaving safepoint region
[2019-06-24T10:21:02.522+0000][1][safepoint    ] Total time for which application threads were stopped: 0.0002609 seconds, Stopping threads took: 0.0000623 seconds
[2019-06-24T10:21:03.522+0000][1][safepoint    ] Application time: 1.0001005 seconds
[2019-06-24T10:21:03.522+0000][1][safepoint    ] Entering safepoint region: Cleanup
[2019-06-24T10:21:03.522+0000][1][safepoint    ] Leaving safepoint region
[2019-06-24T10:21:03.522+0000][1][safepoint    ] Total time for which application threads were stopped: 0.0001194 seconds, Stopping threads took: 0.0000254 seconds
[2019-06-24T10:21:04.522+0000][1][safepoint    ] Application time: 1.0003050 seconds
[2019-06-24T10:21:04.522+0000][1][safepoint    ] Entering safepoint region: Cleanup
[2019-06-24T10:21:04.522+0000][1][safepoint    ] Leaving safepoint region
[2019-06-24T10:21:04.522+0000][1][safepoint    ] Total time for which application threads were stopped: 0.0001078 seconds, Stopping threads took: 0.0000251 seconds
[2019-06-24T10:21:05.523+0000][1][safepoint    ] Application time: 1.0002970 seconds
[2019-06-24T10:21:05.523+0000][1][safepoint    ] Entering safepoint region: Cleanup
[2019-06-24T10:21:05.523+0000][1][safepoint    ] Leaving safepoint region
[2019-06-24T10:21:05.523+0000][1][safepoint    ] Total time for which application threads were stopped: 0.0003172 seconds, Stopping threads took: 0.0001041 seconds
[2019-06-24T10:21:06.523+0000][1][safepoint    ] Application time: 1.0002605 seconds
[2019-06-24T10:21:06.524+0000][1][safepoint    ] Entering safepoint region: Cleanup
[2019-06-24T10:21:06.525+0000][1][safepoint    ] Leaving safepoint region
[2019-06-24T10:21:06.525+0000][1][safepoint    ] Total time for which application threads were stopped: 0.0012144 seconds, Stopping threads took: 0.0009503 seconds
[2019-06-24T10:21:07.525+0000][1][safepoint    ] Application time: 1.0001075 seconds
[2019-06-24T10:21:07.525+0000][1][safepoint    ] Entering safepoint region: Cleanup
[2019-06-24T10:21:07.525+0000][1][safepoint    ] Leaving safepoint region
[2019-06-24T10:21:07.525+0000][1][safepoint    ] Total time for which application threads were stopped: 0.0001106 seconds, Stopping threads took: 0.0000292 seconds
[2019-06-24T10:21:08.525+0000][1][safepoint    ] Application time: 1.0001943 seconds
[2019-06-24T10:21:08.525+0000][1][safepoint    ] Entering safepoint region: Cleanup
[2019-06-24T10:21:08.525+0000][1][safepoint    ] Leaving safepoint region
[2019-06-24T10:21:08.525+0000][1][safepoint    ] Total time for which application threads were stopped: 0.0001108 seconds, Stopping threads took: 0.0000293 seconds
[2019-06-24T10:21:09.526+0000][1][safepoint    ] Application time: 1.0002652 seconds
[2019-06-24T10:21:09.526+0000][1][safepoint    ] Entering safepoint region: Cleanup
[2019-06-24T10:21:09.526+0000][1][safepoint    ] Leaving safepoint region
[2019-06-24T10:21:09.526+0000][1][safepoint    ] Total time for which application threads were stopped: 0.0003645 seconds, Stopping threads took: 0.0001226 seconds
[2019-06-24T10:21:10.527+0000][1][safepoint    ] Application time: 1.0003131 seconds
[2019-06-24T10:21:10.527+0000][1][safepoint    ] Entering safepoint region: Cleanup
[2019-06-24T10:21:10.527+0000][1][safepoint    ] Leaving safepoint region
[2019-06-24T10:21:10.527+0000][1][safepoint    ] Total time for which application threads were stopped: 0.0002231 seconds, Stopping threads took: 0.0000609 seconds
[2019-06-24T10:21:11.527+0000][1][safepoint    ] Application time: 1.0001498 seconds
[2019-06-24T10:21:11.527+0000][1][safepoint    ] Entering safepoint region: Cleanup
[2019-06-24T10:21:11.528+0000][1][safepoint    ] Leaving safepoint region
[2019-06-24T10:21:11.528+0000][1][safepoint    ] Total time for which application threads were stopped: 0.0010980 seconds, Stopping threads took: 0.0008451 seconds
[2019-06-24T10:21:12.529+0000][1][safepoint    ] Application time: 1.0002742 seconds
[2019-06-24T10:21:12.529+0000][1][safepoint    ] Entering safepoint region: Cleanup
[2019-06-24T10:21:12.529+0000][1][safepoint    ] Leaving safepoint region
[2019-06-24T10:21:12.529+0000][1][safepoint    ] Total time for which application threads were stopped: 0.0003267 seconds, Stopping threads took: 0.0000847 seconds
[2019-06-24T10:21:13.529+0000][1][safepoint    ] Application time: 1.0001747 seconds
[2019-06-24T10:21:13.529+0000][1][safepoint    ] Entering safepoint region: Cleanup
[2019-06-24T10:21:13.530+0000][1][safepoint    ] Leaving safepoint region
[2019-06-24T10:21:13.530+0000][1][safepoint    ] Total time for which application threads were stopped: 0.0002337 seconds, Stopping threads took: 0.0000469 seconds
[2019-06-24T10:21:14.530+0000][1][safepoint    ] Application time: 1.0002551 seconds
[2019-06-24T10:21:14.530+0000][1][safepoint    ] Entering safepoint region: Cleanup
[2019-06-24T10:21:14.530+0000][1][safepoint    ] Leaving safepoint region
[2019-06-24T10:21:14.530+0000][1][safepoint    ] Total time for which application threads were stopped: 0.0002332 seconds, Stopping threads took: 0.0000621 seconds
[2019-06-24T10:21:15.530+0000][1][safepoint    ] Application time: 1.0001828 seconds
[2019-06-24T10:21:15.531+0000][1][safepoint    ] Entering safepoint region: Cleanup
[2019-06-24T10:21:15.531+0000][1][safepoint    ] Leaving safepoint region
[2019-06-24T10:21:15.531+0000][1][safepoint    ] Total time for which application threads were stopped: 0.0002323 seconds, Stopping threads took: 0.0000644 seconds
[2019-06-24T10:21:16.531+0000][1][safepoint    ] Application time: 1.0002214 seconds
[2019-06-24T10:21:16.531+0000][1][safepoint    ] Entering safepoint region: Cleanup
[2019-06-24T10:21:16.531+0000][1][safepoint    ] Leaving safepoint region
[2019-06-24T10:21:16.531+0000][1][safepoint    ] Total time for which application threads were stopped: 0.0002439 seconds, Stopping threads took: 0.0000703 seconds
[2019-06-24T10:21:17.532+0000][1][safepoint    ] Application time: 1.0002533 seconds
[2019-06-24T10:21:17.532+0000][1][safepoint    ] Entering safepoint region: Cleanup
[2019-06-24T10:21:17.532+0000][1][safepoint    ] Leaving safepoint region
[2019-06-24T10:21:17.532+0000][1][safepoint    ] Total time for which application threads were stopped: 0.0002795 seconds, Stopping threads took: 0.0000749 seconds
[2019-06-24T10:21:18.532+0000][1][safepoint    ] Application time: 1.0001499 seconds
[2019-06-24T10:21:18.532+0000][1][safepoint    ] Entering safepoint region: Cleanup
[2019-06-24T10:21:18.532+0000][1][safepoint    ] Leaving safepoint region
[2019-06-24T10:21:18.533+0000][1][safepoint    ] Total time for which application threads were stopped: 0.0001384 seconds, Stopping threads took: 0.0000282 seconds
[2019-06-24T10:21:19.533+0000][1][safepoint    ] Application time: 1.0001916 seconds
[2019-06-24T10:21:19.533+0000][1][safepoint    ] Entering safepoint region: Cleanup
[2019-06-24T10:21:19.533+0000][1][safepoint    ] Leaving safepoint region
[2019-06-24T10:21:19.533+0000][1][safepoint    ] Total time for which application threads were stopped: 0.0003616 seconds, Stopping threads took: 0.0000712 seconds
[2019-06-24T10:21:20.533+0000][1][safepoint    ] Application time: 1.0001590 seconds
[2019-06-24T10:21:20.534+0000][1][safepoint    ] Entering safepoint region: Cleanup
[2019-06-24T10:21:20.534+0000][1][safepoint    ] Leaving safepoint region
[2019-06-24T10:21:20.534+0000][1][safepoint    ] Total time for which application threads were stopped: 0.0005659 seconds, Stopping threads took: 0.0002766 seconds
[2019-06-24T10:21:21.534+0000][1][safepoint    ] Application time: 1.0001723 seconds
[2019-06-24T10:21:21.535+0000][1][safepoint    ] Entering safepoint region: Cleanup
[2019-06-24T10:21:21.536+0000][1][safepoint    ] Leaving safepoint region
[2019-06-24T10:21:21.536+0000][1][safepoint    ] Total time for which application threads were stopped: 0.0012668 seconds, Stopping threads took: 0.0009646 seconds
[2019-06-24T10:21:22.536+0000][1][safepoint    ] Application time: 1.0002950 seconds
[2019-06-24T10:21:22.536+0000][1][safepoint    ] Entering safepoint region: Cleanup
[2019-06-24T10:21:22.536+0000][1][safepoint    ] Leaving safepoint region
[2019-06-24T10:21:22.536+0000][1][safepoint    ] Total time for which application threads were stopped: 0.0002748 seconds, Stopping threads took: 0.0000632 seconds
[2019-06-24T10:21:23.537+0000][1][safepoint    ] Application time: 1.0002914 seconds
[2019-06-24T10:21:23.537+0000][1][safepoint    ] Entering safepoint region: Cleanup
[2019-06-24T10:21:23.537+0000][1][safepoint    ] Leaving safepoint region
[2019-06-24T10:21:23.537+0000][1][safepoint    ] Total time for which application threads were stopped: 0.0003270 seconds, Stopping threads took: 0.0000747 seconds
[2019-06-24T10:21:24.537+0000][1][safepoint    ] Application time: 1.0001831 seconds
[2019-06-24T10:21:24.538+0000][1][safepoint    ] Entering safepoint region: Cleanup
[2019-06-24T10:21:24.538+0000][1][safepoint    ] Leaving safepoint region
[2019-06-24T10:21:24.538+0000][1][safepoint    ] Total time for which application threads were stopped: 0.0003611 seconds, Stopping threads took: 0.0001269 seconds
[2019-06-24T10:21:25.538+0000][1][safepoint    ] Application time: 1.0002667 seconds
[2019-06-24T10:21:25.538+0000][1][safepoint    ] Entering safepoint region: Cleanup
[2019-06-24T10:21:25.539+0000][1][safepoint    ] Leaving safepoint region
[2019-06-24T10:21:25.539+0000][1][safepoint    ] Total time for which application threads were stopped: 0.0003806 seconds, Stopping threads took: 0.0000648 seconds
[2019-06-24T10:21:26.539+0000][1][safepoint    ] Application time: 1.0001641 seconds
[2019-06-24T10:21:26.539+0000][1][safepoint    ] Entering safepoint region: Cleanup
[2019-06-24T10:21:26.540+0000][1][safepoint    ] Leaving safepoint region
[2019-06-24T10:21:26.540+0000][1][safepoint    ] Total time for which application threads were stopped: 0.0014202 seconds, Stopping threads took: 0.0009049 seconds
[2019-06-24T10:21:27.541+0000][1][safepoint    ] Application time: 1.0002868 seconds
[2019-06-24T10:21:27.541+0000][1][safepoint    ] Entering safepoint region: Cleanup
[2019-06-24T10:21:27.541+0000][1][safepoint    ] Leaving safepoint region
[2019-06-24T10:21:27.541+0000][1][safepoint    ] Total time for which application threads were stopped: 0.0002431 seconds, Stopping threads took: 0.0000646 seconds
[2019-06-24T10:21:28.541+0000][1][safepoint    ] Application time: 1.0002734 seconds
[2019-06-24T10:21:28.542+0000][1][safepoint    ] Entering safepoint region: Cleanup
[2019-06-24T10:21:28.542+0000][1][safepoint    ] Leaving safepoint region
[2019-06-24T10:21:28.542+0000][1][safepoint    ] Total time for which application threads were stopped: 0.0002426 seconds, Stopping threads took: 0.0000620 seconds
[2019-06-24T10:21:29.542+0000][1][safepoint    ] Application time: 1.0001595 seconds
[2019-06-24T10:21:29.542+0000][1][safepoint    ] Entering safepoint region: Cleanup
[2019-06-24T10:21:29.542+0000][1][safepoint    ] Leaving safepoint region
[2019-06-24T10:21:29.542+0000][1][safepoint    ] Total time for which application threads were stopped: 0.0001231 seconds, Stopping threads took: 0.0000312 seconds
[2019-06-24T10:21:30.542+0000][1][safepoint    ] Application time: 1.0002442 seconds
[2019-06-24T10:21:30.543+0000][1][safepoint    ] Entering safepoint region: Cleanup
[2019-06-24T10:21:30.543+0000][1][safepoint    ] Leaving safepoint region
[2019-06-24T10:21:30.543+0000][1][safepoint    ] Total time for which application threads were stopped: 0.0002754 seconds, Stopping threads took: 0.0000842 seconds
[2019-06-24T10:21:31.543+0000][1][safepoint    ] Application time: 1.0001174 seconds
[2019-06-24T10:21:31.543+0000][1][safepoint    ] Entering safepoint region: Cleanup
[2019-06-24T10:21:31.543+0000][1][safepoint    ] Leaving safepoint region
[2019-06-24T10:21:31.543+0000][1][safepoint    ] Total time for which application threads were stopped: 0.0001844 seconds, Stopping threads took: 0.0000533 seconds
[2019-06-24T10:21:32.543+0000][1][safepoint    ] Application time: 1.0002353 seconds
[2019-06-24T10:21:32.544+0000][1][safepoint    ] Entering safepoint region: Cleanup
[2019-06-24T10:21:32.544+0000][1][safepoint    ] Leaving safepoint region
[2019-06-24T10:21:32.544+0000][1][safepoint    ] Total time for which application threads were stopped: 0.0002428 seconds, Stopping threads took: 0.0000666 seconds
[2019-06-24T10:21:33.544+0000][1][safepoint    ] Application time: 1.0002813 seconds
[2019-06-24T10:21:33.544+0000][1][safepoint    ] Entering safepoint region: Cleanup
[2019-06-24T10:21:33.544+0000][1][safepoint    ] Leaving safepoint region
[2019-06-24T10:21:33.544+0000][1][safepoint    ] Total time for which application threads were stopped: 0.0002409 seconds, Stopping threads took: 0.0000636 seconds
[2019-06-24T10:21:34.545+0000][1][safepoint    ] Application time: 1.0001497 seconds
[2019-06-24T10:21:34.545+0000][1][safepoint    ] Entering safepoint region: Cleanup
[2019-06-24T10:21:34.545+0000][1][safepoint    ] Leaving safepoint region
[2019-06-24T10:21:34.545+0000][1][safepoint    ] Total time for which application threads were stopped: 0.0002483 seconds, Stopping threads took: 0.0000654 seconds
[2019-06-24T10:21:35.545+0000][1][safepoint    ] Application time: 1.0002874 seconds
[2019-06-24T10:21:35.546+0000][1][safepoint    ] Entering safepoint region: Cleanup
[2019-06-24T10:21:35.546+0000][1][safepoint    ] Leaving safepoint region
[2019-06-24T10:21:35.546+0000][1][safepoint    ] Total time for which application threads were stopped: 0.0003733 seconds, Stopping threads took: 0.0001239 seconds
[2019-06-24T10:21:35.554+0000][1][safepoint    ] Application time: 0.0079050 seconds
[2019-06-24T10:21:35.554+0000][1][safepoint    ] Entering safepoint region: GenCollectForAllocation
[2019-06-24T10:21:35.554+0000][1][gc,start     ] GC(26) Pause Young (Allocation Failure)
[2019-06-24T10:21:35.554+0000][1][gc,task      ] GC(26) Using 5 workers of 8 for evacuation
[2019-06-24T10:21:35.561+0000][1][gc,age       ] GC(26) Desired survivor size 4456448 bytes, new threshold 6 (max threshold 6)
[2019-06-24T10:21:35.561+0000][1][gc,age       ] GC(26) Age table with threshold 6 (max threshold 6)
[2019-06-24T10:21:35.561+0000][1][gc,age       ] GC(26) - age   1:       5512 bytes,       5512 total
[2019-06-24T10:21:35.561+0000][1][gc,age       ] GC(26) - age   2:       5512 bytes,      11024 total
[2019-06-24T10:21:35.561+0000][1][gc,age       ] GC(26) - age   3:       4208 bytes,      15232 total
[2019-06-24T10:21:35.561+0000][1][gc,age       ] GC(26) - age   4:       6392 bytes,      21624 total
[2019-06-24T10:21:35.561+0000][1][gc,age       ] GC(26) - age   5:    2015632 bytes,    2037256 total
[2019-06-24T10:21:35.561+0000][1][gc,heap      ] GC(26) ParNew: 72813K->3203K(78656K)
[2019-06-24T10:21:35.561+0000][1][gc,heap      ] GC(26) CMS: 67498K->67498K(174784K)
[2019-06-24T10:21:35.561+0000][1][gc,metaspace ] GC(26) Metaspace: 66931K->66931K(1110016K)
[2019-06-24T10:21:35.561+0000][1][gc           ] GC(26) Pause Young (Allocation Failure) 137M->69M(247M) 6.951ms
[2019-06-24T10:21:35.561+0000][1][gc,cpu       ] GC(26) User=0.03s Sys=0.00s Real=0.01s
[2019-06-24T10:21:35.561+0000][1][safepoint    ] Leaving safepoint region
[2019-06-24T10:21:35.561+0000][1][safepoint    ] Total time for which application threads were stopped: 0.0073728 seconds, Stopping threads took: 0.0000733 seconds
[2019-06-24T10:21:36.561+0000][1][safepoint    ] Application time: 1.0001655 seconds
[2019-06-24T10:21:36.562+0000][1][safepoint    ] Entering safepoint region: Cleanup
[2019-06-24T10:21:36.562+0000][1][safepoint    ] Leaving safepoint region
[2019-06-24T10:21:36.563+0000][1][safepoint    ] Total time for which application threads were stopped: 0.0009901 seconds, Stopping threads took: 0.0008088 seconds
[2019-06-24T10:21:37.563+0000][1][safepoint    ] Application time: 1.0001863 seconds
[2019-06-24T10:21:37.563+0000][1][safepoint    ] Entering safepoint region: Cleanup
[2019-06-24T10:21:37.563+0000][1][safepoint    ] Leaving safepoint region
[2019-06-24T10:21:37.563+0000][1][safepoint    ] Total time for which application threads were stopped: 0.0001095 seconds, Stopping threads took: 0.0000227 seconds
[2019-06-24T10:21:38.563+0000][1][safepoint    ] Application time: 1.0002082 seconds
[2019-06-24T10:21:38.563+0000][1][safepoint    ] Entering safepoint region: Cleanup
[2019-06-24T10:21:38.563+0000][1][safepoint    ] Leaving safepoint region
[2019-06-24T10:21:38.563+0000][1][safepoint    ] Total time for which application threads were stopped: 0.0002337 seconds, Stopping threads took: 0.0000617 seconds
[2019-06-24T10:21:39.564+0000][1][safepoint    ] Application time: 1.0002409 seconds
[2019-06-24T10:21:39.564+0000][1][safepoint    ] Entering safepoint region: Cleanup
[2019-06-24T10:21:39.564+0000][1][safepoint    ] Leaving safepoint region
[2019-06-24T10:21:39.564+0000][1][safepoint    ] Total time for which application threads were stopped: 0.0002327 seconds, Stopping threads took: 0.0000628 seconds
[2019-06-24T10:21:40.564+0000][1][safepoint    ] Application time: 1.0001759 seconds
[2019-06-24T10:21:40.564+0000][1][safepoint    ] Entering safepoint region: Cleanup
[2019-06-24T10:21:40.565+0000][1][safepoint    ] Leaving safepoint region
[2019-06-24T10:21:40.565+0000][1][safepoint    ] Total time for which application threads were stopped: 0.0002669 seconds, Stopping threads took: 0.0000621 seconds
[2019-06-24T10:21:41.565+0000][1][safepoint    ] Application time: 1.0002117 seconds
[2019-06-24T10:21:41.565+0000][1][safepoint    ] Entering safepoint region: Cleanup
[2019-06-24T10:21:41.566+0000][1][safepoint    ] Leaving safepoint region
[2019-06-24T10:21:41.566+0000][1][safepoint    ] Total time for which application threads were stopped: 0.0012056 seconds, Stopping threads took: 0.0009069 seconds
[2019-06-24T10:21:42.566+0000][1][safepoint    ] Application time: 1.0001914 seconds
[2019-06-24T10:21:42.567+0000][1][safepoint    ] Entering safepoint region: Cleanup
[2019-06-24T10:21:42.567+0000][1][safepoint    ] Leaving safepoint region
[2019-06-24T10:21:42.567+0000][1][safepoint    ] Total time for which application threads were stopped: 0.0002658 seconds, Stopping threads took: 0.0000636 seconds
[2019-06-24T10:21:43.567+0000][1][safepoint    ] Application time: 1.0002906 seconds
[2019-06-24T10:21:43.567+0000][1][safepoint    ] Entering safepoint region: Cleanup
[2019-06-24T10:21:43.567+0000][1][safepoint    ] Leaving safepoint region
[2019-06-24T10:21:43.567+0000][1][safepoint    ] Total time for which application threads were stopped: 0.0001129 seconds, Stopping threads took: 0.0000236 seconds
[2019-06-24T10:21:44.568+0000][1][safepoint    ] Application time: 1.0001242 seconds
[2019-06-24T10:21:44.568+0000][1][safepoint    ] Entering safepoint region: Cleanup
[2019-06-24T10:21:44.568+0000][1][safepoint    ] Leaving safepoint region
[2019-06-24T10:21:44.568+0000][1][safepoint    ] Total time for which application threads were stopped: 0.0002669 seconds, Stopping threads took: 0.0000623 seconds
[2019-06-24T10:21:45.568+0000][1][safepoint    ] Application time: 1.0001193 seconds
[2019-06-24T10:21:45.568+0000][1][safepoint    ] Entering safepoint region: Cleanup
[2019-06-24T10:21:45.568+0000][1][safepoint    ] Leaving safepoint region
[2019-06-24T10:21:45.568+0000][1][safepoint    ] Total time for which application threads were stopped: 0.0001584 seconds, Stopping threads took: 0.0000454 seconds
[2019-06-24T10:21:46.569+0000][1][safepoint    ] Application time: 1.0002616 seconds
[2019-06-24T10:21:46.569+0000][1][safepoint    ] Entering safepoint region: Cleanup
[2019-06-24T10:21:46.569+0000][1][safepoint    ] Leaving safepoint region
[2019-06-24T10:21:46.569+0000][1][safepoint    ] Total time for which application threads were stopped: 0.0003193 seconds, Stopping threads took: 0.0000905 seconds
[2019-06-24T10:21:47.569+0000][1][safepoint    ] Application time: 1.0001939 seconds
[2019-06-24T10:21:47.569+0000][1][safepoint    ] Entering safepoint region: Cleanup
[2019-06-24T10:21:47.570+0000][1][safepoint    ] Leaving safepoint region
[2019-06-24T10:21:47.570+0000][1][safepoint    ] Total time for which application threads were stopped: 0.0002832 seconds, Stopping threads took: 0.0000905 seconds
[2019-06-24T10:21:48.570+0000][1][safepoint    ] Application time: 1.0002673 seconds
[2019-06-24T10:21:48.570+0000][1][safepoint    ] Entering safepoint region: Cleanup
[2019-06-24T10:21:48.570+0000][1][safepoint    ] Leaving safepoint region
[2019-06-24T10:21:48.570+0000][1][safepoint    ] Total time for which application threads were stopped: 0.0002318 seconds, Stopping threads took: 0.0000625 seconds
[2019-06-24T10:21:49.571+0000][1][safepoint    ] Application time: 1.0003251 seconds
[2019-06-24T10:21:49.571+0000][1][safepoint    ] Entering safepoint region: Cleanup
[2019-06-24T10:21:49.571+0000][1][safepoint    ] Leaving safepoint region
[2019-06-24T10:21:49.571+0000][1][safepoint    ] Total time for which application threads were stopped: 0.0002261 seconds, Stopping threads took: 0.0000624 seconds
[2019-06-24T10:21:50.571+0000][1][safepoint    ] Application time: 1.0002401 seconds
[2019-06-24T10:21:50.571+0000][1][safepoint    ] Entering safepoint region: Cleanup
[2019-06-24T10:21:50.572+0000][1][safepoint    ] Leaving safepoint region
[2019-06-24T10:21:50.572+0000][1][safepoint    ] Total time for which application threads were stopped: 0.0002337 seconds, Stopping threads took: 0.0000629 seconds
[2019-06-24T10:21:51.572+0000][1][safepoint    ] Application time: 1.0002407 seconds
[2019-06-24T10:21:51.572+0000][1][safepoint    ] Entering safepoint region: Cleanup
[2019-06-24T10:21:51.572+0000][1][safepoint    ] Leaving safepoint region
[2019-06-24T10:21:51.572+0000][1][safepoint    ] Total time for which application threads were stopped: 0.0002665 seconds, Stopping threads took: 0.0000619 seconds
[2019-06-24T10:21:52.573+0000][1][safepoint    ] Application time: 1.0002657 seconds
[2019-06-24T10:21:52.573+0000][1][safepoint    ] Entering safepoint region: Cleanup
[2019-06-24T10:21:52.573+0000][1][safepoint    ] Leaving safepoint region
[2019-06-24T10:21:52.573+0000][1][safepoint    ] Total time for which application threads were stopped: 0.0002678 seconds, Stopping threads took: 0.0000616 seconds
[2019-06-24T10:21:53.573+0000][1][safepoint    ] Application time: 1.0001814 seconds
[2019-06-24T10:21:53.573+0000][1][safepoint    ] Entering safepoint region: Cleanup
[2019-06-24T10:21:53.574+0000][1][safepoint    ] Leaving safepoint region
[2019-06-24T10:21:53.574+0000][1][safepoint    ] Total time for which application threads were stopped: 0.0003623 seconds, Stopping threads took: 0.0000745 seconds
[2019-06-24T10:21:54.574+0000][1][safepoint    ] Application time: 1.0003529 seconds
[2019-06-24T10:21:54.574+0000][1][safepoint    ] Entering safepoint region: Cleanup
[2019-06-24T10:21:54.574+0000][1][safepoint    ] Leaving safepoint region
[2019-06-24T10:21:54.575+0000][1][safepoint    ] Total time for which application threads were stopped: 0.0004495 seconds, Stopping threads took: 0.0000709 seconds
[2019-06-24T10:21:55.575+0000][1][safepoint    ] Application time: 1.0001083 seconds
[2019-06-24T10:21:55.575+0000][1][safepoint    ] Entering safepoint region: Cleanup
[2019-06-24T10:21:55.575+0000][1][safepoint    ] Leaving safepoint region
[2019-06-24T10:21:55.575+0000][1][safepoint    ] Total time for which application threads were stopped: 0.0001023 seconds, Stopping threads took: 0.0000341 seconds
[2019-06-24T10:21:56.575+0000][1][safepoint    ] Application time: 1.0001930 seconds
[2019-06-24T10:21:56.575+0000][1][safepoint    ] Entering safepoint region: Cleanup
[2019-06-24T10:21:56.575+0000][1][safepoint    ] Leaving safepoint region
[2019-06-24T10:21:56.575+0000][1][safepoint    ] Total time for which application threads were stopped: 0.0002381 seconds, Stopping threads took: 0.0000642 seconds
[2019-06-24T10:21:57.576+0000][1][safepoint    ] Application time: 1.0002631 seconds
[2019-06-24T10:21:57.576+0000][1][safepoint    ] Entering safepoint region: Cleanup
[2019-06-24T10:21:57.576+0000][1][safepoint    ] Leaving safepoint region
[2019-06-24T10:21:57.576+0000][1][safepoint    ] Total time for which application threads were stopped: 0.0002335 seconds, Stopping threads took: 0.0000623 seconds
[2019-06-24T10:21:58.576+0000][1][safepoint    ] Application time: 1.0002695 seconds
[2019-06-24T10:21:58.577+0000][1][safepoint    ] Entering safepoint region: Cleanup
[2019-06-24T10:21:58.577+0000][1][safepoint    ] Leaving safepoint region
[2019-06-24T10:21:58.577+0000][1][safepoint    ] Total time for which application threads were stopped: 0.0003266 seconds, Stopping threads took: 0.0000771 seconds
[2019-06-24T10:21:59.577+0000][1][safepoint    ] Application time: 1.0002011 seconds
[2019-06-24T10:21:59.577+0000][1][safepoint    ] Entering safepoint region: Cleanup
[2019-06-24T10:21:59.577+0000][1][safepoint    ] Leaving safepoint region
[2019-06-24T10:21:59.577+0000][1][safepoint    ] Total time for which application threads were stopped: 0.0002555 seconds, Stopping threads took: 0.0000646 seconds
[2019-06-24T10:22:00.578+0000][1][safepoint    ] Application time: 1.0002710 seconds
[2019-06-24T10:22:00.578+0000][1][safepoint    ] Entering safepoint region: Cleanup
[2019-06-24T10:22:00.578+0000][1][safepoint    ] Leaving safepoint region
[2019-06-24T10:22:00.578+0000][1][safepoint    ] Total time for which application threads were stopped: 0.0003317 seconds, Stopping threads took: 0.0000634 seconds
[2019-06-24T10:22:01.579+0000][1][safepoint    ] Application time: 1.0002682 seconds
[2019-06-24T10:22:01.579+0000][1][safepoint    ] Entering safepoint region: Cleanup
[2019-06-24T10:22:01.579+0000][1][safepoint    ] Leaving safepoint region
[2019-06-24T10:22:01.579+0000][1][safepoint    ] Total time for which application threads were stopped: 0.0001354 seconds, Stopping threads took: 0.0000359 seconds
[2019-06-24T10:22:02.579+0000][1][safepoint    ] Application time: 1.0001428 seconds
[2019-06-24T10:22:02.579+0000][1][safepoint    ] Entering safepoint region: Cleanup
[2019-06-24T10:22:02.579+0000][1][safepoint    ] Leaving safepoint region
[2019-06-24T10:22:02.579+0000][1][safepoint    ] Total time for which application threads were stopped: 0.0004163 seconds, Stopping threads took: 0.0001054 seconds
[2019-06-24T10:22:03.580+0000][1][safepoint    ] Application time: 1.0002551 seconds
[2019-06-24T10:22:03.580+0000][1][safepoint    ] Entering safepoint region: Cleanup
[2019-06-24T10:22:03.580+0000][1][safepoint    ] Leaving safepoint region
[2019-06-24T10:22:03.580+0000][1][safepoint    ] Total time for which application threads were stopped: 0.0002712 seconds, Stopping threads took: 0.0000646 seconds
[2019-06-24T10:22:04.580+0000][1][safepoint    ] Application time: 1.0002033 seconds
[2019-06-24T10:22:04.581+0000][1][safepoint    ] Entering safepoint region: Cleanup
[2019-06-24T10:22:04.581+0000][1][safepoint    ] Leaving safepoint region
[2019-06-24T10:22:04.581+0000][1][safepoint    ] Total time for which application threads were stopped: 0.0002473 seconds, Stopping threads took: 0.0000628 seconds
[2019-06-24T10:22:05.581+0000][1][safepoint    ] Application time: 1.0002588 seconds
[2019-06-24T10:22:05.581+0000][1][safepoint    ] Entering safepoint region: Cleanup
[2019-06-24T10:22:05.581+0000][1][safepoint    ] Leaving safepoint region
[2019-06-24T10:22:05.581+0000][1][safepoint    ] Total time for which application threads were stopped: 0.0002420 seconds, Stopping threads took: 0.0000647 seconds
[2019-06-24T10:22:06.582+0000][1][safepoint    ] Application time: 1.0001851 seconds
[2019-06-24T10:22:06.582+0000][1][safepoint    ] Entering safepoint region: Cleanup
[2019-06-24T10:22:06.582+0000][1][safepoint    ] Leaving safepoint region
[2019-06-24T10:22:06.582+0000][1][safepoint    ] Total time for which application threads were stopped: 0.0002866 seconds, Stopping threads took: 0.0000629 seconds
[2019-06-24T10:22:07.582+0000][1][safepoint    ] Application time: 1.0001956 seconds
[2019-06-24T10:22:07.582+0000][1][safepoint    ] Entering safepoint region: Cleanup
[2019-06-24T10:22:07.582+0000][1][safepoint    ] Leaving safepoint region
[2019-06-24T10:22:07.582+0000][1][safepoint    ] Total time for which application threads were stopped: 0.0001368 seconds, Stopping threads took: 0.0000391 seconds
[2019-06-24T10:22:08.583+0000][1][safepoint    ] Application time: 1.0001736 seconds
[2019-06-24T10:22:08.583+0000][1][safepoint    ] Entering safepoint region: Cleanup
[2019-06-24T10:22:08.583+0000][1][safepoint    ] Leaving safepoint region
[2019-06-24T10:22:08.583+0000][1][safepoint    ] Total time for which application threads were stopped: 0.0003277 seconds, Stopping threads took: 0.0001052 seconds
[2019-06-24T10:22:09.583+0000][1][safepoint    ] Application time: 1.0001331 seconds
[2019-06-24T10:22:09.583+0000][1][safepoint    ] Entering safepoint region: Cleanup
[2019-06-24T10:22:09.583+0000][1][safepoint    ] Leaving safepoint region
[2019-06-24T10:22:09.583+0000][1][safepoint    ] Total time for which application threads were stopped: 0.0000961 seconds, Stopping threads took: 0.0000238 seconds
[2019-06-24T10:22:10.584+0000][1][safepoint    ] Application time: 1.0002576 seconds
[2019-06-24T10:22:10.584+0000][1][safepoint    ] Entering safepoint region: Cleanup
[2019-06-24T10:22:10.584+0000][1][safepoint    ] Leaving safepoint region
[2019-06-24T10:22:10.584+0000][1][safepoint    ] Total time for which application threads were stopped: 0.0003157 seconds, Stopping threads took: 0.0000617 seconds
[2019-06-24T10:22:11.584+0000][1][safepoint    ] Application time: 1.0002048 seconds
[2019-06-24T10:22:11.584+0000][1][safepoint    ] Entering safepoint region: Cleanup
[2019-06-24T10:22:11.585+0000][1][safepoint    ] Leaving safepoint region
[2019-06-24T10:22:11.585+0000][1][safepoint    ] Total time for which application threads were stopped: 0.0002336 seconds, Stopping threads took: 0.0000616 seconds
[2019-06-24T10:22:12.585+0000][1][safepoint    ] Application time: 1.0002961 seconds
[2019-06-24T10:22:12.585+0000][1][safepoint    ] Entering safepoint region: Cleanup
[2019-06-24T10:22:12.585+0000][1][safepoint    ] Leaving safepoint region
[2019-06-24T10:22:12.585+0000][1][safepoint    ] Total time for which application threads were stopped: 0.0002736 seconds, Stopping threads took: 0.0000710 seconds
[2019-06-24T10:22:13.586+0000][1][safepoint    ] Application time: 1.0002905 seconds
[2019-06-24T10:22:13.586+0000][1][safepoint    ] Entering safepoint region: Cleanup
[2019-06-24T10:22:13.586+0000][1][safepoint    ] Leaving safepoint region
[2019-06-24T10:22:13.586+0000][1][safepoint    ] Total time for which application threads were stopped: 0.0002704 seconds, Stopping threads took: 0.0000717 seconds
[2019-06-24T10:22:14.587+0000][1][safepoint    ] Application time: 1.0003436 seconds
[2019-06-24T10:22:14.587+0000][1][safepoint    ] Entering safepoint region: Cleanup
[2019-06-24T10:22:14.587+0000][1][safepoint    ] Leaving safepoint region
[2019-06-24T10:22:14.587+0000][1][safepoint    ] Total time for which application threads were stopped: 0.0002420 seconds, Stopping threads took: 0.0000629 seconds
[2019-06-24T10:22:15.587+0000][1][safepoint    ] Application time: 1.0001844 seconds
[2019-06-24T10:22:15.587+0000][1][safepoint    ] Entering safepoint region: Cleanup
[2019-06-24T10:22:15.587+0000][1][safepoint    ] Leaving safepoint region
[2019-06-24T10:22:15.588+0000][1][safepoint    ] Total time for which application threads were stopped: 0.0002991 seconds, Stopping threads took: 0.0000759 seconds
[2019-06-24T10:22:16.588+0000][1][safepoint    ] Application time: 1.0002255 seconds
[2019-06-24T10:22:16.588+0000][1][safepoint    ] Entering safepoint region: Cleanup
[2019-06-24T10:22:16.588+0000][1][safepoint    ] Leaving safepoint region
[2019-06-24T10:22:16.588+0000][1][safepoint    ] Total time for which application threads were stopped: 0.0001017 seconds, Stopping threads took: 0.0000267 seconds
[2019-06-24T10:22:17.588+0000][1][safepoint    ] Application time: 1.0002768 seconds
[2019-06-24T10:22:17.588+0000][1][safepoint    ] Entering safepoint region: Cleanup
[2019-06-24T10:22:17.589+0000][1][safepoint    ] Leaving safepoint region
[2019-06-24T10:22:17.589+0000][1][safepoint    ] Total time for which application threads were stopped: 0.0002983 seconds, Stopping threads took: 0.0000775 seconds
[2019-06-24T10:22:18.589+0000][1][safepoint    ] Application time: 1.0002729 seconds
[2019-06-24T10:22:18.589+0000][1][safepoint    ] Entering safepoint region: Cleanup
[2019-06-24T10:22:18.589+0000][1][safepoint    ] Leaving safepoint region
[2019-06-24T10:22:18.589+0000][1][safepoint    ] Total time for which application threads were stopped: 0.0002347 seconds, Stopping threads took: 0.0000611 seconds
[2019-06-24T10:22:19.590+0000][1][safepoint    ] Application time: 1.0002671 seconds
[2019-06-24T10:22:19.590+0000][1][safepoint    ] Entering safepoint region: Cleanup
[2019-06-24T10:22:19.590+0000][1][safepoint    ] Leaving safepoint region
[2019-06-24T10:22:19.590+0000][1][safepoint    ] Total time for which application threads were stopped: 0.0002327 seconds, Stopping threads took: 0.0000619 seconds
[2019-06-24T10:22:20.590+0000][1][safepoint    ] Application time: 1.0002528 seconds
[2019-06-24T10:22:20.590+0000][1][safepoint    ] Entering safepoint region: Cleanup
[2019-06-24T10:22:20.591+0000][1][safepoint    ] Leaving safepoint region
[2019-06-24T10:22:20.591+0000][1][safepoint    ] Total time for which application threads were stopped: 0.0002885 seconds, Stopping threads took: 0.0000553 seconds
[2019-06-24T10:22:21.591+0000][1][safepoint    ] Application time: 1.0001452 seconds
[2019-06-24T10:22:21.591+0000][1][safepoint    ] Entering safepoint region: Cleanup
[2019-06-24T10:22:21.591+0000][1][safepoint    ] Leaving safepoint region
[2019-06-24T10:22:21.591+0000][1][safepoint    ] Total time for which application threads were stopped: 0.0002980 seconds, Stopping threads took: 0.0000622 seconds
[2019-06-24T10:22:22.592+0000][1][safepoint    ] Application time: 1.0002702 seconds
[2019-06-24T10:22:22.592+0000][1][safepoint    ] Entering safepoint region: Cleanup
[2019-06-24T10:22:22.592+0000][1][safepoint    ] Leaving safepoint region
[2019-06-24T10:22:22.592+0000][1][safepoint    ] Total time for which application threads were stopped: 0.0002315 seconds, Stopping threads took: 0.0000610 seconds
[2019-06-24T10:22:23.592+0000][1][safepoint    ] Application time: 1.0002078 seconds
[2019-06-24T10:22:23.592+0000][1][safepoint    ] Entering safepoint region: Cleanup
[2019-06-24T10:22:23.592+0000][1][safepoint    ] Leaving safepoint region
[2019-06-24T10:22:23.592+0000][1][safepoint    ] Total time for which application threads were stopped: 0.0002187 seconds, Stopping threads took: 0.0000594 seconds
[2019-06-24T10:22:24.593+0000][1][safepoint    ] Application time: 1.0002584 seconds
[2019-06-24T10:22:24.593+0000][1][safepoint    ] Entering safepoint region: Cleanup
[2019-06-24T10:22:24.593+0000][1][safepoint    ] Leaving safepoint region
[2019-06-24T10:22:24.593+0000][1][safepoint    ] Total time for which application threads were stopped: 0.0002824 seconds, Stopping threads took: 0.0000766 seconds
[2019-06-24T10:22:25.593+0000][1][safepoint    ] Application time: 1.0002578 seconds
[2019-06-24T10:22:25.594+0000][1][safepoint    ] Entering safepoint region: Cleanup
[2019-06-24T10:22:25.594+0000][1][safepoint    ] Leaving safepoint region
[2019-06-24T10:22:25.594+0000][1][safepoint    ] Total time for which application threads were stopped: 0.0002332 seconds, Stopping threads took: 0.0000855 seconds
[2019-06-24T10:22:26.594+0000][1][safepoint    ] Application time: 1.0002488 seconds
[2019-06-24T10:22:26.594+0000][1][safepoint    ] Entering safepoint region: Cleanup
[2019-06-24T10:22:26.594+0000][1][safepoint    ] Leaving safepoint region
[2019-06-24T10:22:26.594+0000][1][safepoint    ] Total time for which application threads were stopped: 0.0002061 seconds, Stopping threads took: 0.0000546 seconds
[2019-06-24T10:22:27.595+0000][1][safepoint    ] Application time: 1.0002701 seconds
[2019-06-24T10:22:27.595+0000][1][safepoint    ] Entering safepoint region: Cleanup
[2019-06-24T10:22:27.595+0000][1][safepoint    ] Leaving safepoint region
[2019-06-24T10:22:27.595+0000][1][safepoint    ] Total time for which application threads were stopped: 0.0003185 seconds, Stopping threads took: 0.0000615 seconds
[2019-06-24T10:22:28.595+0000][1][safepoint    ] Application time: 1.0001928 seconds
[2019-06-24T10:22:28.595+0000][1][safepoint    ] Entering safepoint region: Cleanup
[2019-06-24T10:22:28.596+0000][1][safepoint    ] Leaving safepoint region
[2019-06-24T10:22:28.596+0000][1][safepoint    ] Total time for which application threads were stopped: 0.0002171 seconds, Stopping threads took: 0.0000543 seconds
[2019-06-24T10:22:29.596+0000][1][safepoint    ] Application time: 1.0001914 seconds
[2019-06-24T10:22:29.596+0000][1][safepoint    ] Entering safepoint region: Cleanup
[2019-06-24T10:22:29.596+0000][1][safepoint    ] Leaving safepoint region
[2019-06-24T10:22:29.596+0000][1][safepoint    ] Total time for which application threads were stopped: 0.0002347 seconds, Stopping threads took: 0.0000633 seconds
[2019-06-24T10:22:30.596+0000][1][safepoint    ] Application time: 1.0001031 seconds
[2019-06-24T10:22:30.596+0000][1][safepoint    ] Entering safepoint region: Cleanup
[2019-06-24T10:22:30.596+0000][1][safepoint    ] Leaving safepoint region
[2019-06-24T10:22:30.596+0000][1][safepoint    ] Total time for which application threads were stopped: 0.0001317 seconds, Stopping threads took: 0.0000362 seconds
[2019-06-24T10:22:31.597+0000][1][safepoint    ] Application time: 1.0001125 seconds
[2019-06-24T10:22:31.597+0000][1][safepoint    ] Entering safepoint region: Cleanup
[2019-06-24T10:22:31.597+0000][1][safepoint    ] Leaving safepoint region
[2019-06-24T10:22:31.597+0000][1][safepoint    ] Total time for which application threads were stopped: 0.0002330 seconds, Stopping threads took: 0.0000637 seconds
[2019-06-24T10:22:32.597+0000][1][safepoint    ] Application time: 1.0002605 seconds
[2019-06-24T10:22:32.597+0000][1][safepoint    ] Entering safepoint region: Cleanup
[2019-06-24T10:22:32.598+0000][1][safepoint    ] Leaving safepoint region
[2019-06-24T10:22:32.598+0000][1][safepoint    ] Total time for which application threads were stopped: 0.0002397 seconds, Stopping threads took: 0.0000626 seconds
[2019-06-24T10:22:33.598+0000][1][safepoint    ] Application time: 1.0002607 seconds
[2019-06-24T10:22:33.598+0000][1][safepoint    ] Entering safepoint region: Cleanup
[2019-06-24T10:22:33.598+0000][1][safepoint    ] Leaving safepoint region
[2019-06-24T10:22:33.598+0000][1][safepoint    ] Total time for which application threads were stopped: 0.0002424 seconds, Stopping threads took: 0.0000624 seconds
[2019-06-24T10:22:34.599+0000][1][safepoint    ] Application time: 1.0003247 seconds
[2019-06-24T10:22:34.599+0000][1][safepoint    ] Entering safepoint region: Cleanup
[2019-06-24T10:22:34.599+0000][1][safepoint    ] Leaving safepoint region
[2019-06-24T10:22:34.599+0000][1][safepoint    ] Total time for which application threads were stopped: 0.0002422 seconds, Stopping threads took: 0.0000647 seconds
[2019-06-24T10:22:35.599+0000][1][safepoint    ] Application time: 1.0003290 seconds
[2019-06-24T10:22:35.599+0000][1][safepoint    ] Entering safepoint region: Cleanup
[2019-06-24T10:22:35.599+0000][1][safepoint    ] Leaving safepoint region
[2019-06-24T10:22:35.600+0000][1][safepoint    ] Total time for which application threads were stopped: 0.0002917 seconds, Stopping threads took: 0.0000245 seconds
[2019-06-24T10:22:36.600+0000][1][safepoint    ] Application time: 1.0002537 seconds
[2019-06-24T10:22:36.600+0000][1][safepoint    ] Entering safepoint region: Cleanup
[2019-06-24T10:22:36.600+0000][1][safepoint    ] Leaving safepoint region
[2019-06-24T10:22:36.600+0000][1][safepoint    ] Total time for which application threads were stopped: 0.0002364 seconds, Stopping threads took: 0.0000618 seconds
[2019-06-24T10:22:37.601+0000][1][safepoint    ] Application time: 1.0002570 seconds
[2019-06-24T10:22:37.601+0000][1][safepoint    ] Entering safepoint region: Cleanup
[2019-06-24T10:22:37.601+0000][1][safepoint    ] Leaving safepoint region
[2019-06-24T10:22:37.601+0000][1][safepoint    ] Total time for which application threads were stopped: 0.0002393 seconds, Stopping threads took: 0.0000620 seconds
[2019-06-24T10:22:38.601+0000][1][safepoint    ] Application time: 1.0002741 seconds
[2019-06-24T10:22:38.601+0000][1][safepoint    ] Entering safepoint region: Cleanup
[2019-06-24T10:22:38.602+0000][1][safepoint    ] Leaving safepoint region
[2019-06-24T10:22:38.602+0000][1][safepoint    ] Total time for which application threads were stopped: 0.0004013 seconds, Stopping threads took: 0.0000616 seconds
[2019-06-24T10:22:39.602+0000][1][safepoint    ] Application time: 1.0002668 seconds
[2019-06-24T10:22:39.602+0000][1][safepoint    ] Entering safepoint region: Cleanup
[2019-06-24T10:22:39.602+0000][1][safepoint    ] Leaving safepoint region
[2019-06-24T10:22:39.602+0000][1][safepoint    ] Total time for which application threads were stopped: 0.0002423 seconds, Stopping threads took: 0.0000638 seconds
[2019-06-24T10:22:40.603+0000][1][safepoint    ] Application time: 1.0002787 seconds
[2019-06-24T10:22:40.603+0000][1][safepoint    ] Entering safepoint region: Cleanup
[2019-06-24T10:22:40.603+0000][1][safepoint    ] Leaving safepoint region
[2019-06-24T10:22:40.603+0000][1][safepoint    ] Total time for which application threads were stopped: 0.0002434 seconds, Stopping threads took: 0.0000627 seconds
[2019-06-24T10:22:41.603+0000][1][safepoint    ] Application time: 1.0001610 seconds
[2019-06-24T10:22:41.603+0000][1][safepoint    ] Entering safepoint region: Cleanup
[2019-06-24T10:22:41.604+0000][1][safepoint    ] Leaving safepoint region
[2019-06-24T10:22:41.604+0000][1][safepoint    ] Total time for which application threads were stopped: 0.0002761 seconds, Stopping threads took: 0.0000943 seconds
[2019-06-24T10:22:42.604+0000][1][safepoint    ] Application time: 1.0002679 seconds
[2019-06-24T10:22:42.604+0000][1][safepoint    ] Entering safepoint region: Cleanup
[2019-06-24T10:22:42.604+0000][1][safepoint    ] Leaving safepoint region
[2019-06-24T10:22:42.604+0000][1][safepoint    ] Total time for which application threads were stopped: 0.0002441 seconds, Stopping threads took: 0.0000640 seconds
[2019-06-24T10:22:43.605+0000][1][safepoint    ] Application time: 1.0002615 seconds
[2019-06-24T10:22:43.605+0000][1][safepoint    ] Entering safepoint region: Cleanup
[2019-06-24T10:22:43.605+0000][1][safepoint    ] Leaving safepoint region
[2019-06-24T10:22:43.605+0000][1][safepoint    ] Total time for which application threads were stopped: 0.0002451 seconds, Stopping threads took: 0.0000633 seconds
[2019-06-24T10:22:44.605+0000][1][safepoint    ] Application time: 1.0002620 seconds
[2019-06-24T10:22:44.605+0000][1][safepoint    ] Entering safepoint region: Cleanup
[2019-06-24T10:22:44.606+0000][1][safepoint    ] Leaving safepoint region
[2019-06-24T10:22:44.606+0000][1][safepoint    ] Total time for which application threads were stopped: 0.0002044 seconds, Stopping threads took: 0.0000528 seconds
[2019-06-24T10:22:45.663+0000][1][safepoint    ] Application time: 1.0570756 seconds
[2019-06-24T10:22:45.663+0000][1][safepoint    ] Entering safepoint region: Cleanup
[2019-06-24T10:22:45.663+0000][1][safepoint    ] Leaving safepoint region
[2019-06-24T10:22:45.663+0000][1][safepoint    ] Total time for which application threads were stopped: 0.0002328 seconds, Stopping threads took: 0.0000591 seconds
[2019-06-24T10:22:46.663+0000][1][safepoint    ] Application time: 1.0001874 seconds
[2019-06-24T10:22:46.663+0000][1][safepoint    ] Entering safepoint region: Cleanup
[2019-06-24T10:22:46.664+0000][1][safepoint    ] Leaving safepoint region
[2019-06-24T10:22:46.664+0000][1][safepoint    ] Total time for which application threads were stopped: 0.0003838 seconds, Stopping threads took: 0.0001620 seconds
[2019-06-24T10:22:47.664+0000][1][safepoint    ] Application time: 1.0002864 seconds
[2019-06-24T10:22:47.664+0000][1][safepoint    ] Entering safepoint region: Cleanup
[2019-06-24T10:22:47.664+0000][1][safepoint    ] Leaving safepoint region
[2019-06-24T10:22:47.664+0000][1][safepoint    ] Total time for which application threads were stopped: 0.0002336 seconds, Stopping threads took: 0.0000618 seconds
[2019-06-24T10:22:48.665+0000][1][safepoint    ] Application time: 1.0001250 seconds
[2019-06-24T10:22:48.665+0000][1][safepoint    ] Entering safepoint region: Cleanup
[2019-06-24T10:22:48.665+0000][1][safepoint    ] Leaving safepoint region
[2019-06-24T10:22:48.665+0000][1][safepoint    ] Total time for which application threads were stopped: 0.0001367 seconds, Stopping threads took: 0.0000379 seconds
[2019-06-24T10:22:49.665+0000][1][safepoint    ] Application time: 1.0002520 seconds
[2019-06-24T10:22:49.665+0000][1][safepoint    ] Entering safepoint region: Cleanup
[2019-06-24T10:22:49.665+0000][1][safepoint    ] Leaving safepoint region
[2019-06-24T10:22:49.665+0000][1][safepoint    ] Total time for which application threads were stopped: 0.0002409 seconds, Stopping threads took: 0.0000629 seconds
[2019-06-24T10:22:50.666+0000][1][safepoint    ] Application time: 1.0002690 seconds
[2019-06-24T10:22:50.666+0000][1][safepoint    ] Entering safepoint region: Cleanup
[2019-06-24T10:22:50.666+0000][1][safepoint    ] Leaving safepoint region
[2019-06-24T10:22:50.666+0000][1][safepoint    ] Total time for which application threads were stopped: 0.0002390 seconds, Stopping threads took: 0.0000630 seconds
[2019-06-24T10:22:51.666+0000][1][safepoint    ] Application time: 1.0002579 seconds
[2019-06-24T10:22:51.666+0000][1][safepoint    ] Entering safepoint region: Cleanup
[2019-06-24T10:22:51.668+0000][1][safepoint    ] Leaving safepoint region
[2019-06-24T10:22:51.668+0000][1][safepoint    ] Total time for which application threads were stopped: 0.0012390 seconds, Stopping threads took: 0.0010315 seconds
[2019-06-24T10:22:52.668+0000][1][safepoint    ] Application time: 1.0002442 seconds
[2019-06-24T10:22:52.668+0000][1][safepoint    ] Entering safepoint region: Cleanup
[2019-06-24T10:22:52.668+0000][1][safepoint    ] Leaving safepoint region
[2019-06-24T10:22:52.668+0000][1][safepoint    ] Total time for which application threads were stopped: 0.0002374 seconds, Stopping threads took: 0.0000635 seconds
[2019-06-24T10:22:53.669+0000][1][safepoint    ] Application time: 1.0002654 seconds
[2019-06-24T10:22:53.669+0000][1][safepoint    ] Entering safepoint region: Cleanup
[2019-06-24T10:22:53.669+0000][1][safepoint    ] Leaving safepoint region
[2019-06-24T10:22:53.669+0000][1][safepoint    ] Total time for which application threads were stopped: 0.0002358 seconds, Stopping threads took: 0.0000614 seconds
[2019-06-24T10:22:54.669+0000][1][safepoint    ] Application time: 1.0002660 seconds
[2019-06-24T10:22:54.669+0000][1][safepoint    ] Entering safepoint region: Cleanup
[2019-06-24T10:22:54.670+0000][1][safepoint    ] Leaving safepoint region
[2019-06-24T10:22:54.670+0000][1][safepoint    ] Total time for which application threads were stopped: 0.0002372 seconds, Stopping threads took: 0.0000627 seconds
[2019-06-24T10:22:55.670+0000][1][safepoint    ] Application time: 1.0001304 seconds
[2019-06-24T10:22:55.670+0000][1][safepoint    ] Entering safepoint region: Cleanup
[2019-06-24T10:22:55.670+0000][1][safepoint    ] Leaving safepoint region
[2019-06-24T10:22:55.670+0000][1][safepoint    ] Total time for which application threads were stopped: 0.0001412 seconds, Stopping threads took: 0.0000459 seconds
[2019-06-24T10:22:56.670+0000][1][safepoint    ] Application time: 1.0002587 seconds
[2019-06-24T10:22:56.670+0000][1][safepoint    ] Entering safepoint region: Cleanup
[2019-06-24T10:22:56.671+0000][1][safepoint    ] Leaving safepoint region
[2019-06-24T10:22:56.671+0000][1][safepoint    ] Total time for which application threads were stopped: 0.0003849 seconds, Stopping threads took: 0.0000737 seconds
[2019-06-24T10:22:57.671+0000][1][safepoint    ] Application time: 1.0002601 seconds
[2019-06-24T10:22:57.671+0000][1][safepoint    ] Entering safepoint region: Cleanup
[2019-06-24T10:22:57.671+0000][1][safepoint    ] Leaving safepoint region
[2019-06-24T10:22:57.671+0000][1][safepoint    ] Total time for which application threads were stopped: 0.0002345 seconds, Stopping threads took: 0.0000628 seconds
[2019-06-24T10:22:58.672+0000][1][safepoint    ] Application time: 1.0001973 seconds
[2019-06-24T10:22:58.672+0000][1][safepoint    ] Entering safepoint region: Cleanup
[2019-06-24T10:22:58.672+0000][1][safepoint    ] Leaving safepoint region
[2019-06-24T10:22:58.672+0000][1][safepoint    ] Total time for which application threads were stopped: 0.0002564 seconds, Stopping threads took: 0.0000729 seconds
[2019-06-24T10:22:59.721+0000][1][safepoint    ] Application time: 1.0484558 seconds
[2019-06-24T10:22:59.721+0000][1][safepoint    ] Entering safepoint region: Cleanup
[2019-06-24T10:22:59.721+0000][1][safepoint    ] Leaving safepoint region
[2019-06-24T10:22:59.721+0000][1][safepoint    ] Total time for which application threads were stopped: 0.0001024 seconds, Stopping threads took: 0.0000266 seconds
[2019-06-24T10:23:00.721+0000][1][safepoint    ] Application time: 1.0002409 seconds
[2019-06-24T10:23:00.721+0000][1][safepoint    ] Entering safepoint region: Cleanup
[2019-06-24T10:23:00.721+0000][1][safepoint    ] Leaving safepoint region
[2019-06-24T10:23:00.721+0000][1][safepoint    ] Total time for which application threads were stopped: 0.0002347 seconds, Stopping threads took: 0.0000770 seconds
[2019-06-24T10:23:01.721+0000][1][safepoint    ] Application time: 1.0001806 seconds
[2019-06-24T10:23:01.722+0000][1][safepoint    ] Entering safepoint region: Cleanup
[2019-06-24T10:23:01.722+0000][1][safepoint    ] Leaving safepoint region
[2019-06-24T10:23:01.722+0000][1][safepoint    ] Total time for which application threads were stopped: 0.0002381 seconds, Stopping threads took: 0.0000631 seconds
[2019-06-24T10:23:02.722+0000][1][safepoint    ] Application time: 1.0001393 seconds
[2019-06-24T10:23:02.722+0000][1][safepoint    ] Entering safepoint region: Cleanup
[2019-06-24T10:23:02.722+0000][1][safepoint    ] Leaving safepoint region
[2019-06-24T10:23:02.722+0000][1][safepoint    ] Total time for which application threads were stopped: 0.0000853 seconds, Stopping threads took: 0.0000227 seconds
[2019-06-24T10:23:03.722+0000][1][safepoint    ] Application time: 1.0000933 seconds
[2019-06-24T10:23:03.722+0000][1][safepoint    ] Entering safepoint region: Cleanup
[2019-06-24T10:23:03.722+0000][1][safepoint    ] Leaving safepoint region
[2019-06-24T10:23:03.722+0000][1][safepoint    ] Total time for which application threads were stopped: 0.0001310 seconds, Stopping threads took: 0.0000450 seconds
[2019-06-24T10:23:04.723+0000][1][safepoint    ] Application time: 1.0002708 seconds
[2019-06-24T10:23:04.723+0000][1][safepoint    ] Entering safepoint region: Cleanup
[2019-06-24T10:23:04.723+0000][1][safepoint    ] Leaving safepoint region
[2019-06-24T10:23:04.723+0000][1][safepoint    ] Total time for which application threads were stopped: 0.0000968 seconds, Stopping threads took: 0.0000341 seconds
[2019-06-24T10:23:05.723+0000][1][safepoint    ] Application time: 1.0000892 seconds
[2019-06-24T10:23:05.723+0000][1][safepoint    ] Entering safepoint region: Cleanup
[2019-06-24T10:23:05.723+0000][1][safepoint    ] Leaving safepoint region
[2019-06-24T10:23:05.723+0000][1][safepoint    ] Total time for which application threads were stopped: 0.0001003 seconds, Stopping threads took: 0.0000303 seconds
[2019-06-24T10:23:06.723+0000][1][safepoint    ] Application time: 1.0000998 seconds
[2019-06-24T10:23:06.723+0000][1][safepoint    ] Entering safepoint region: Cleanup
[2019-06-24T10:23:06.723+0000][1][safepoint    ] Leaving safepoint region
[2019-06-24T10:23:06.723+0000][1][safepoint    ] Total time for which application threads were stopped: 0.0001843 seconds, Stopping threads took: 0.0000497 seconds
[2019-06-24T10:23:07.724+0000][1][safepoint    ] Application time: 1.0001566 seconds
[2019-06-24T10:23:07.724+0000][1][safepoint    ] Entering safepoint region: Cleanup
[2019-06-24T10:23:07.724+0000][1][safepoint    ] Leaving safepoint region
[2019-06-24T10:23:07.724+0000][1][safepoint    ] Total time for which application threads were stopped: 0.0001705 seconds, Stopping threads took: 0.0000459 seconds
[2019-06-24T10:23:08.724+0000][1][safepoint    ] Application time: 1.0002541 seconds
[2019-06-24T10:23:08.724+0000][1][safepoint    ] Entering safepoint region: Cleanup
[2019-06-24T10:23:08.724+0000][1][safepoint    ] Leaving safepoint region
[2019-06-24T10:23:08.725+0000][1][safepoint    ] Total time for which application threads were stopped: 0.0002287 seconds, Stopping threads took: 0.0000631 seconds
[2019-06-24T10:23:09.725+0000][1][safepoint    ] Application time: 1.0001606 seconds
[2019-06-24T10:23:09.725+0000][1][safepoint    ] Entering safepoint region: Cleanup
[2019-06-24T10:23:09.725+0000][1][safepoint    ] Leaving safepoint region
[2019-06-24T10:23:09.725+0000][1][safepoint    ] Total time for which application threads were stopped: 0.0001700 seconds, Stopping threads took: 0.0000779 seconds
[2019-06-24T10:23:10.725+0000][1][safepoint    ] Application time: 1.0001843 seconds
[2019-06-24T10:23:10.725+0000][1][safepoint    ] Entering safepoint region: Cleanup
[2019-06-24T10:23:10.725+0000][1][safepoint    ] Leaving safepoint region
[2019-06-24T10:23:10.725+0000][1][safepoint    ] Total time for which application threads were stopped: 0.0002304 seconds, Stopping threads took: 0.0000744 seconds
[2019-06-24T10:23:11.726+0000][1][safepoint    ] Application time: 1.0002173 seconds
[2019-06-24T10:23:11.726+0000][1][safepoint    ] Entering safepoint region: Cleanup
[2019-06-24T10:23:11.726+0000][1][safepoint    ] Leaving safepoint region
[2019-06-24T10:23:11.726+0000][1][safepoint    ] Total time for which application threads were stopped: 0.0002576 seconds, Stopping threads took: 0.0001003 seconds
[2019-06-24T10:23:12.726+0000][1][safepoint    ] Application time: 1.0001979 seconds
[2019-06-24T10:23:12.727+0000][1][safepoint    ] Entering safepoint region: Cleanup
[2019-06-24T10:23:12.727+0000][1][safepoint    ] Leaving safepoint region
[2019-06-24T10:23:12.727+0000][1][safepoint    ] Total time for which application threads were stopped: 0.0004552 seconds, Stopping threads took: 0.0002563 seconds
[2019-06-24T10:23:13.727+0000][1][safepoint    ] Application time: 1.0001789 seconds
[2019-06-24T10:23:13.727+0000][1][safepoint    ] Entering safepoint region: Cleanup
[2019-06-24T10:23:13.728+0000][1][safepoint    ] Leaving safepoint region
[2019-06-24T10:23:13.728+0000][1][safepoint    ] Total time for which application threads were stopped: 0.0003482 seconds, Stopping threads took: 0.0001716 seconds
[2019-06-24T10:23:14.728+0000][1][safepoint    ] Application time: 1.0001661 seconds
[2019-06-24T10:23:14.728+0000][1][safepoint    ] Entering safepoint region: Cleanup
[2019-06-24T10:23:14.728+0000][1][safepoint    ] Leaving safepoint region
[2019-06-24T10:23:14.728+0000][1][safepoint    ] Total time for which application threads were stopped: 0.0004256 seconds, Stopping threads took: 0.0001535 seconds
[2019-06-24T10:23:15.729+0000][1][safepoint    ] Application time: 1.0002810 seconds
[2019-06-24T10:23:15.729+0000][1][safepoint    ] Entering safepoint region: Cleanup
[2019-06-24T10:23:15.729+0000][1][safepoint    ] Leaving safepoint region
[2019-06-24T10:23:15.729+0000][1][safepoint    ] Total time for which application threads were stopped: 0.0002280 seconds, Stopping threads took: 0.0000551 seconds
[2019-06-24T10:23:16.729+0000][1][safepoint    ] Application time: 1.0001607 seconds
[2019-06-24T10:23:16.729+0000][1][safepoint    ] Entering safepoint region: Cleanup
[2019-06-24T10:23:16.729+0000][1][safepoint    ] Leaving safepoint region
[2019-06-24T10:23:16.730+0000][1][safepoint    ] Total time for which application threads were stopped: 0.0002211 seconds, Stopping threads took: 0.0000627 seconds
[2019-06-24T10:23:17.730+0000][1][safepoint    ] Application time: 1.0001920 seconds
[2019-06-24T10:23:17.730+0000][1][safepoint    ] Entering safepoint region: Cleanup
[2019-06-24T10:23:17.730+0000][1][safepoint    ] Leaving safepoint region
[2019-06-24T10:23:17.730+0000][1][safepoint    ] Total time for which application threads were stopped: 0.0002379 seconds, Stopping threads took: 0.0000672 seconds
[2019-06-24T10:23:18.730+0000][1][safepoint    ] Application time: 1.0002358 seconds
[2019-06-24T10:23:18.731+0000][1][safepoint    ] Entering safepoint region: Cleanup
[2019-06-24T10:23:18.731+0000][1][safepoint    ] Leaving safepoint region
[2019-06-24T10:23:18.731+0000][1][safepoint    ] Total time for which application threads were stopped: 0.0002413 seconds, Stopping threads took: 0.0000735 seconds
[2019-06-24T10:23:19.731+0000][1][safepoint    ] Application time: 1.0001529 seconds
[2019-06-24T10:23:19.731+0000][1][safepoint    ] Entering safepoint region: Cleanup
[2019-06-24T10:23:19.731+0000][1][safepoint    ] Leaving safepoint region
[2019-06-24T10:23:19.731+0000][1][safepoint    ] Total time for which application threads were stopped: 0.0002315 seconds, Stopping threads took: 0.0000604 seconds
[2019-06-24T10:23:20.731+0000][1][safepoint    ] Application time: 1.0001821 seconds
[2019-06-24T10:23:20.732+0000][1][safepoint    ] Entering safepoint region: Cleanup
[2019-06-24T10:23:20.732+0000][1][safepoint    ] Leaving safepoint region
[2019-06-24T10:23:20.732+0000][1][safepoint    ] Total time for which application threads were stopped: 0.0002302 seconds, Stopping threads took: 0.0000645 seconds
[2019-06-24T10:23:21.732+0000][1][safepoint    ] Application time: 1.0002821 seconds
[2019-06-24T10:23:21.732+0000][1][safepoint    ] Entering safepoint region: Cleanup
[2019-06-24T10:23:21.732+0000][1][safepoint    ] Leaving safepoint region
[2019-06-24T10:23:21.732+0000][1][safepoint    ] Total time for which application threads were stopped: 0.0000925 seconds, Stopping threads took: 0.0000256 seconds
[2019-06-24T10:23:22.733+0000][1][safepoint    ] Application time: 1.0002767 seconds
[2019-06-24T10:23:22.733+0000][1][safepoint    ] Entering safepoint region: Cleanup
[2019-06-24T10:23:22.733+0000][1][safepoint    ] Leaving safepoint region
[2019-06-24T10:23:22.733+0000][1][safepoint    ] Total time for which application threads were stopped: 0.0000983 seconds, Stopping threads took: 0.0000315 seconds
[2019-06-24T10:23:23.733+0000][1][safepoint    ] Application time: 1.0002521 seconds
[2019-06-24T10:23:23.733+0000][1][safepoint    ] Entering safepoint region: Cleanup
[2019-06-24T10:23:23.733+0000][1][safepoint    ] Leaving safepoint region
[2019-06-24T10:23:23.733+0000][1][safepoint    ] Total time for which application threads were stopped: 0.0002297 seconds, Stopping threads took: 0.0000632 seconds
[2019-06-24T10:23:24.734+0000][1][safepoint    ] Application time: 1.0002304 seconds
[2019-06-24T10:23:24.734+0000][1][safepoint    ] Entering safepoint region: Cleanup
[2019-06-24T10:23:24.734+0000][1][safepoint    ] Leaving safepoint region
[2019-06-24T10:23:24.734+0000][1][safepoint    ] Total time for which application threads were stopped: 0.0001269 seconds, Stopping threads took: 0.0000343 seconds
[2019-06-24T10:23:25.734+0000][1][safepoint    ] Application time: 1.0003010 seconds
[2019-06-24T10:23:25.734+0000][1][safepoint    ] Entering safepoint region: Cleanup
[2019-06-24T10:23:25.735+0000][1][safepoint    ] Leaving safepoint region
[2019-06-24T10:23:25.735+0000][1][safepoint    ] Total time for which application threads were stopped: 0.0004435 seconds, Stopping threads took: 0.0000868 seconds
[2019-06-24T10:23:26.735+0000][1][safepoint    ] Application time: 1.0002802 seconds
[2019-06-24T10:23:26.735+0000][1][safepoint    ] Entering safepoint region: Cleanup
[2019-06-24T10:23:26.735+0000][1][safepoint    ] Leaving safepoint region
[2019-06-24T10:23:26.735+0000][1][safepoint    ] Total time for which application threads were stopped: 0.0002279 seconds, Stopping threads took: 0.0000609 seconds
[2019-06-24T10:23:27.736+0000][1][safepoint    ] Application time: 1.0002254 seconds
[2019-06-24T10:23:27.736+0000][1][safepoint    ] Entering safepoint region: Cleanup
[2019-06-24T10:23:27.736+0000][1][safepoint    ] Leaving safepoint region
[2019-06-24T10:23:27.736+0000][1][safepoint    ] Total time for which application threads were stopped: 0.0002251 seconds, Stopping threads took: 0.0000698 seconds
[2019-06-24T10:23:28.736+0000][1][safepoint    ] Application time: 1.0001368 seconds
[2019-06-24T10:23:28.736+0000][1][safepoint    ] Entering safepoint region: Cleanup
[2019-06-24T10:23:28.736+0000][1][safepoint    ] Leaving safepoint region
[2019-06-24T10:23:28.736+0000][1][safepoint    ] Total time for which application threads were stopped: 0.0002349 seconds, Stopping threads took: 0.0000639 seconds
[2019-06-24T10:23:29.737+0000][1][safepoint    ] Application time: 1.0002905 seconds
[2019-06-24T10:23:29.737+0000][1][safepoint    ] Entering safepoint region: Cleanup
[2019-06-24T10:23:29.737+0000][1][safepoint    ] Leaving safepoint region
[2019-06-24T10:23:29.737+0000][1][safepoint    ] Total time for which application threads were stopped: 0.0002845 seconds, Stopping threads took: 0.0000761 seconds
[2019-06-24T10:23:30.737+0000][1][safepoint    ] Application time: 1.0001725 seconds
[2019-06-24T10:23:30.738+0000][1][safepoint    ] Entering safepoint region: Cleanup
[2019-06-24T10:23:30.738+0000][1][safepoint    ] Leaving safepoint region
[2019-06-24T10:23:30.738+0000][1][safepoint    ] Total time for which application threads were stopped: 0.0002847 seconds, Stopping threads took: 0.0000848 seconds
[2019-06-24T10:23:31.738+0000][1][safepoint    ] Application time: 1.0001578 seconds
[2019-06-24T10:23:31.738+0000][1][safepoint    ] Entering safepoint region: Cleanup
[2019-06-24T10:23:31.738+0000][1][safepoint    ] Leaving safepoint region
[2019-06-24T10:23:31.738+0000][1][safepoint    ] Total time for which application threads were stopped: 0.0001802 seconds, Stopping threads took: 0.0000462 seconds
[2019-06-24T10:23:32.739+0000][1][safepoint    ] Application time: 1.0002693 seconds
[2019-06-24T10:23:32.739+0000][1][safepoint    ] Entering safepoint region: Cleanup
[2019-06-24T10:23:32.739+0000][1][safepoint    ] Leaving safepoint region
[2019-06-24T10:23:32.739+0000][1][safepoint    ] Total time for which application threads were stopped: 0.0002420 seconds, Stopping threads took: 0.0000621 seconds
[2019-06-24T10:23:33.739+0000][1][safepoint    ] Application time: 1.0002529 seconds
[2019-06-24T10:23:33.739+0000][1][safepoint    ] Entering safepoint region: Cleanup
[2019-06-24T10:23:33.739+0000][1][safepoint    ] Leaving safepoint region
[2019-06-24T10:23:33.740+0000][1][safepoint    ] Total time for which application threads were stopped: 0.0002242 seconds, Stopping threads took: 0.0000610 seconds
[2019-06-24T10:23:34.740+0000][1][safepoint    ] Application time: 1.0000986 seconds
[2019-06-24T10:23:34.740+0000][1][safepoint    ] Entering safepoint region: Cleanup
[2019-06-24T10:23:34.740+0000][1][safepoint    ] Leaving safepoint region
[2019-06-24T10:23:34.740+0000][1][safepoint    ] Total time for which application threads were stopped: 0.0000863 seconds, Stopping threads took: 0.0000265 seconds
[2019-06-24T10:23:35.740+0000][1][safepoint    ] Application time: 1.0002137 seconds
[2019-06-24T10:23:35.740+0000][1][safepoint    ] Entering safepoint region: Cleanup
[2019-06-24T10:23:35.740+0000][1][safepoint    ] Leaving safepoint region
[2019-06-24T10:23:35.740+0000][1][safepoint    ] Total time for which application threads were stopped: 0.0002487 seconds, Stopping threads took: 0.0000915 seconds
[2019-06-24T10:23:36.741+0000][1][safepoint    ] Application time: 1.0001270 seconds
[2019-06-24T10:23:36.741+0000][1][safepoint    ] Entering safepoint region: Cleanup
[2019-06-24T10:23:36.741+0000][1][safepoint    ] Leaving safepoint region
[2019-06-24T10:23:36.741+0000][1][safepoint    ] Total time for which application threads were stopped: 0.0002967 seconds, Stopping threads took: 0.0000936 seconds
[2019-06-24T10:23:37.741+0000][1][safepoint    ] Application time: 1.0001587 seconds
[2019-06-24T10:23:37.741+0000][1][safepoint    ] Entering safepoint region: Cleanup
[2019-06-24T10:23:37.741+0000][1][safepoint    ] Leaving safepoint region
[2019-06-24T10:23:37.741+0000][1][safepoint    ] Total time for which application threads were stopped: 0.0001166 seconds, Stopping threads took: 0.0000320 seconds
[2019-06-24T10:23:38.741+0000][1][safepoint    ] Application time: 1.0001503 seconds
[2019-06-24T10:23:38.742+0000][1][safepoint    ] Entering safepoint region: Cleanup
[2019-06-24T10:23:38.742+0000][1][safepoint    ] Leaving safepoint region
[2019-06-24T10:23:38.742+0000][1][safepoint    ] Total time for which application threads were stopped: 0.0003073 seconds, Stopping threads took: 0.0000888 seconds
[2019-06-24T10:23:39.742+0000][1][safepoint    ] Application time: 1.0002572 seconds
[2019-06-24T10:23:39.742+0000][1][safepoint    ] Entering safepoint region: Cleanup
[2019-06-24T10:23:39.743+0000][1][safepoint    ] Leaving safepoint region
[2019-06-24T10:23:39.743+0000][1][safepoint    ] Total time for which application threads were stopped: 0.0003097 seconds, Stopping threads took: 0.0000711 seconds
[2019-06-24T10:23:40.736+0000][1][safepoint    ] Application time: 0.9930155 seconds
[2019-06-24T10:23:40.736+0000][1][safepoint    ] Entering safepoint region: GenCollectForAllocation
[2019-06-24T10:23:40.736+0000][1][gc,start     ] GC(27) Pause Young (Allocation Failure)
[2019-06-24T10:23:40.736+0000][1][gc,task      ] GC(27) Using 5 workers of 8 for evacuation
[2019-06-24T10:23:40.745+0000][1][gc,age       ] GC(27) Desired survivor size 4456448 bytes, new threshold 6 (max threshold 6)
[2019-06-24T10:23:40.745+0000][1][gc,age       ] GC(27) Age table with threshold 6 (max threshold 6)
[2019-06-24T10:23:40.745+0000][1][gc,age       ] GC(27) - age   1:       5304 bytes,       5304 total
[2019-06-24T10:23:40.745+0000][1][gc,age       ] GC(27) - age   2:       2640 bytes,       7944 total
[2019-06-24T10:23:40.745+0000][1][gc,age       ] GC(27) - age   3:       5512 bytes,      13456 total
[2019-06-24T10:23:40.745+0000][1][gc,age       ] GC(27) - age   4:       4208 bytes,      17664 total
[2019-06-24T10:23:40.745+0000][1][gc,age       ] GC(27) - age   5:       6392 bytes,      24056 total
[2019-06-24T10:23:40.745+0000][1][gc,age       ] GC(27) - age   6:    2015680 bytes,    2039736 total
[2019-06-24T10:23:40.745+0000][1][gc,heap      ] GC(27) ParNew: 73155K->3188K(78656K)
[2019-06-24T10:23:40.745+0000][1][gc,heap      ] GC(27) CMS: 67498K->67498K(174784K)
[2019-06-24T10:23:40.745+0000][1][gc,metaspace ] GC(27) Metaspace: 66961K->66961K(1110016K)
[2019-06-24T10:23:40.745+0000][1][gc           ] GC(27) Pause Young (Allocation Failure) 137M->69M(247M) 9.326ms
[2019-06-24T10:23:40.746+0000][1][gc,cpu       ] GC(27) User=0.04s Sys=0.00s Real=0.01s
[2019-06-24T10:23:40.746+0000][1][safepoint    ] Leaving safepoint region
[2019-06-24T10:23:40.746+0000][1][safepoint    ] Total time for which application threads were stopped: 0.0099413 seconds, Stopping threads took: 0.0000793 seconds
[2019-06-24T10:23:41.746+0000][1][safepoint    ] Application time: 1.0002930 seconds
[2019-06-24T10:23:41.746+0000][1][safepoint    ] Entering safepoint region: Cleanup
[2019-06-24T10:23:41.747+0000][1][safepoint    ] Leaving safepoint region
[2019-06-24T10:23:41.747+0000][1][safepoint    ] Total time for which application threads were stopped: 0.0011422 seconds, Stopping threads took: 0.0008968 seconds
[2019-06-24T10:23:42.748+0000][1][safepoint    ] Application time: 1.0002429 seconds
[2019-06-24T10:23:42.748+0000][1][safepoint    ] Entering safepoint region: Cleanup
[2019-06-24T10:23:42.748+0000][1][safepoint    ] Leaving safepoint region
[2019-06-24T10:23:42.748+0000][1][safepoint    ] Total time for which application threads were stopped: 0.0003711 seconds, Stopping threads took: 0.0001318 seconds
[2019-06-24T10:23:43.748+0000][1][safepoint    ] Application time: 1.0001957 seconds
[2019-06-24T10:23:43.748+0000][1][safepoint    ] Entering safepoint region: Cleanup
[2019-06-24T10:23:43.749+0000][1][safepoint    ] Leaving safepoint region
[2019-06-24T10:23:43.749+0000][1][safepoint    ] Total time for which application threads were stopped: 0.0002475 seconds, Stopping threads took: 0.0000777 seconds
[2019-06-24T10:23:44.749+0000][1][safepoint    ] Application time: 1.0002263 seconds
[2019-06-24T10:23:44.749+0000][1][safepoint    ] Entering safepoint region: Cleanup
[2019-06-24T10:23:44.749+0000][1][safepoint    ] Leaving safepoint region
[2019-06-24T10:23:44.749+0000][1][safepoint    ] Total time for which application threads were stopped: 0.0002642 seconds, Stopping threads took: 0.0000796 seconds
[2019-06-24T10:23:45.750+0000][1][safepoint    ] Application time: 1.0002615 seconds
[2019-06-24T10:23:45.750+0000][1][safepoint    ] Entering safepoint region: Cleanup
[2019-06-24T10:23:45.750+0000][1][safepoint    ] Leaving safepoint region
[2019-06-24T10:23:45.750+0000][1][safepoint    ] Total time for which application threads were stopped: 0.0002715 seconds, Stopping threads took: 0.0000791 seconds
[2019-06-24T10:23:46.750+0000][1][safepoint    ] Application time: 1.0002767 seconds
[2019-06-24T10:23:46.750+0000][1][safepoint    ] Entering safepoint region: Cleanup
[2019-06-24T10:23:46.751+0000][1][safepoint    ] Leaving safepoint region
[2019-06-24T10:23:46.751+0000][1][safepoint    ] Total time for which application threads were stopped: 0.0004264 seconds, Stopping threads took: 0.0001900 seconds
[2019-06-24T10:23:47.751+0000][1][safepoint    ] Application time: 1.0001799 seconds
[2019-06-24T10:23:47.751+0000][1][safepoint    ] Entering safepoint region: Cleanup
[2019-06-24T10:23:47.751+0000][1][safepoint    ] Leaving safepoint region
[2019-06-24T10:23:47.751+0000][1][safepoint    ] Total time for which application threads were stopped: 0.0003079 seconds, Stopping threads took: 0.0001084 seconds
[2019-06-24T10:23:48.752+0000][1][safepoint    ] Application time: 1.0002685 seconds
[2019-06-24T10:23:48.752+0000][1][safepoint    ] Entering safepoint region: Cleanup
[2019-06-24T10:23:48.752+0000][1][safepoint    ] Leaving safepoint region
[2019-06-24T10:23:48.752+0000][1][safepoint    ] Total time for which application threads were stopped: 0.0003054 seconds, Stopping threads took: 0.0001045 seconds
[2019-06-24T10:23:49.753+0000][1][safepoint    ] Application time: 1.0002755 seconds
[2019-06-24T10:23:49.753+0000][1][safepoint    ] Entering safepoint region: Cleanup
[2019-06-24T10:23:49.753+0000][1][safepoint    ] Leaving safepoint region
[2019-06-24T10:23:49.753+0000][1][safepoint    ] Total time for which application threads were stopped: 0.0002802 seconds, Stopping threads took: 0.0000797 seconds
[2019-06-24T10:23:50.753+0000][1][safepoint    ] Application time: 1.0002717 seconds
[2019-06-24T10:23:50.753+0000][1][safepoint    ] Entering safepoint region: Cleanup
[2019-06-24T10:23:50.753+0000][1][safepoint    ] Leaving safepoint region
[2019-06-24T10:23:50.754+0000][1][safepoint    ] Total time for which application threads were stopped: 0.0009886 seconds, Stopping threads took: 0.0000376 seconds
[2019-06-24T10:23:51.755+0000][1][safepoint    ] Application time: 1.0002661 seconds
[2019-06-24T10:23:51.755+0000][1][safepoint    ] Entering safepoint region: Cleanup
[2019-06-24T10:23:51.755+0000][1][safepoint    ] Leaving safepoint region
[2019-06-24T10:23:51.755+0000][1][safepoint    ] Total time for which application threads were stopped: 0.0002399 seconds, Stopping threads took: 0.0000705 seconds
[2019-06-24T10:23:52.755+0000][1][safepoint    ] Application time: 1.0002677 seconds
[2019-06-24T10:23:52.755+0000][1][safepoint    ] Entering safepoint region: Cleanup
[2019-06-24T10:23:52.756+0000][1][safepoint    ] Leaving safepoint region
[2019-06-24T10:23:52.756+0000][1][safepoint    ] Total time for which application threads were stopped: 0.0002322 seconds, Stopping threads took: 0.0000615 seconds
[2019-06-24T10:23:53.756+0000][1][safepoint    ] Application time: 1.0002526 seconds
[2019-06-24T10:23:53.756+0000][1][safepoint    ] Entering safepoint region: Cleanup
[2019-06-24T10:23:53.756+0000][1][safepoint    ] Leaving safepoint region
[2019-06-24T10:23:53.756+0000][1][safepoint    ] Total time for which application threads were stopped: 0.0002111 seconds, Stopping threads took: 0.0000556 seconds
[2019-06-24T10:23:54.756+0000][1][safepoint    ] Application time: 1.0002625 seconds
[2019-06-24T10:23:54.757+0000][1][safepoint    ] Entering safepoint region: Cleanup
[2019-06-24T10:23:54.757+0000][1][safepoint    ] Leaving safepoint region
[2019-06-24T10:23:54.757+0000][1][safepoint    ] Total time for which application threads were stopped: 0.0002309 seconds, Stopping threads took: 0.0000606 seconds
[2019-06-24T10:23:55.820+0000][1][safepoint    ] Application time: 1.0632564 seconds
[2019-06-24T10:23:55.820+0000][1][safepoint    ] Entering safepoint region: Cleanup
[2019-06-24T10:23:55.821+0000][1][safepoint    ] Leaving safepoint region
[2019-06-24T10:23:55.821+0000][1][safepoint    ] Total time for which application threads were stopped: 0.0011812 seconds, Stopping threads took: 0.0009241 seconds
[2019-06-24T10:23:56.822+0000][1][safepoint    ] Application time: 1.0002755 seconds
[2019-06-24T10:23:56.822+0000][1][safepoint    ] Entering safepoint region: Cleanup
[2019-06-24T10:23:56.822+0000][1][safepoint    ] Leaving safepoint region
[2019-06-24T10:23:56.822+0000][1][safepoint    ] Total time for which application threads were stopped: 0.0001823 seconds, Stopping threads took: 0.0000457 seconds
[2019-06-24T10:23:57.822+0000][1][safepoint    ] Application time: 1.0002548 seconds
[2019-06-24T10:23:57.822+0000][1][safepoint    ] Entering safepoint region: Cleanup
[2019-06-24T10:23:57.823+0000][1][safepoint    ] Leaving safepoint region
[2019-06-24T10:23:57.823+0000][1][safepoint    ] Total time for which application threads were stopped: 0.0003552 seconds, Stopping threads took: 0.0000615 seconds
[2019-06-24T10:23:58.823+0000][1][safepoint    ] Application time: 1.0001927 seconds
[2019-06-24T10:23:58.823+0000][1][safepoint    ] Entering safepoint region: Cleanup
[2019-06-24T10:23:58.823+0000][1][safepoint    ] Leaving safepoint region
[2019-06-24T10:23:58.823+0000][1][safepoint    ] Total time for which application threads were stopped: 0.0002494 seconds, Stopping threads took: 0.0000575 seconds
[2019-06-24T10:23:59.824+0000][1][safepoint    ] Application time: 1.0002680 seconds
[2019-06-24T10:23:59.824+0000][1][safepoint    ] Entering safepoint region: Cleanup
[2019-06-24T10:23:59.824+0000][1][safepoint    ] Leaving safepoint region
[2019-06-24T10:23:59.824+0000][1][safepoint    ] Total time for which application threads were stopped: 0.0002833 seconds, Stopping threads took: 0.0000607 seconds
[2019-06-24T10:24:00.824+0000][1][safepoint    ] Application time: 1.0002660 seconds
[2019-06-24T10:24:00.824+0000][1][safepoint    ] Entering safepoint region: Cleanup
[2019-06-24T10:24:00.826+0000][1][safepoint    ] Leaving safepoint region
[2019-06-24T10:24:00.826+0000][1][safepoint    ] Total time for which application threads were stopped: 0.0011840 seconds, Stopping threads took: 0.0009164 seconds
[2019-06-24T10:24:01.826+0000][1][safepoint    ] Application time: 1.0002777 seconds
[2019-06-24T10:24:01.826+0000][1][safepoint    ] Entering safepoint region: Cleanup
[2019-06-24T10:24:01.826+0000][1][safepoint    ] Leaving safepoint region
[2019-06-24T10:24:01.826+0000][1][safepoint    ] Total time for which application threads were stopped: 0.0002687 seconds, Stopping threads took: 0.0000615 seconds
[2019-06-24T10:24:02.827+0000][1][safepoint    ] Application time: 1.0001447 seconds
[2019-06-24T10:24:02.827+0000][1][safepoint    ] Entering safepoint region: Cleanup
[2019-06-24T10:24:02.827+0000][1][safepoint    ] Leaving safepoint region
[2019-06-24T10:24:02.827+0000][1][safepoint    ] Total time for which application threads were stopped: 0.0001439 seconds, Stopping threads took: 0.0000264 seconds
[2019-06-24T10:24:03.827+0000][1][safepoint    ] Application time: 1.0001304 seconds
[2019-06-24T10:24:03.827+0000][1][safepoint    ] Entering safepoint region: Cleanup
[2019-06-24T10:24:03.827+0000][1][safepoint    ] Leaving safepoint region
[2019-06-24T10:24:03.827+0000][1][safepoint    ] Total time for which application threads were stopped: 0.0002727 seconds, Stopping threads took: 0.0000634 seconds
[2019-06-24T10:24:04.827+0000][1][safepoint    ] Application time: 1.0001438 seconds
[2019-06-24T10:24:04.827+0000][1][safepoint    ] Entering safepoint region: Cleanup
[2019-06-24T10:24:04.828+0000][1][safepoint    ] Leaving safepoint region
[2019-06-24T10:24:04.828+0000][1][safepoint    ] Total time for which application threads were stopped: 0.0000992 seconds, Stopping threads took: 0.0000298 seconds
[2019-06-24T10:24:05.828+0000][1][safepoint    ] Application time: 1.0002666 seconds
[2019-06-24T10:24:05.828+0000][1][safepoint    ] Entering safepoint region: Cleanup
[2019-06-24T10:24:05.829+0000][1][safepoint    ] Leaving safepoint region
[2019-06-24T10:24:05.829+0000][1][safepoint    ] Total time for which application threads were stopped: 0.0014417 seconds, Stopping threads took: 0.0010620 seconds
[2019-06-24T10:24:06.830+0000][1][safepoint    ] Application time: 1.0002841 seconds
[2019-06-24T10:24:06.830+0000][1][safepoint    ] Entering safepoint region: Cleanup
[2019-06-24T10:24:06.830+0000][1][safepoint    ] Leaving safepoint region
[2019-06-24T10:24:06.830+0000][1][safepoint    ] Total time for which application threads were stopped: 0.0001736 seconds, Stopping threads took: 0.0000571 seconds
[2019-06-24T10:24:07.830+0000][1][safepoint    ] Application time: 1.0002528 seconds
[2019-06-24T10:24:07.830+0000][1][safepoint    ] Entering safepoint region: Cleanup
[2019-06-24T10:24:07.831+0000][1][safepoint    ] Leaving safepoint region
[2019-06-24T10:24:07.831+0000][1][safepoint    ] Total time for which application threads were stopped: 0.0003255 seconds, Stopping threads took: 0.0000625 seconds
[2019-06-24T10:24:08.831+0000][1][safepoint    ] Application time: 1.0001484 seconds
[2019-06-24T10:24:08.831+0000][1][safepoint    ] Entering safepoint region: Cleanup
[2019-06-24T10:24:08.831+0000][1][safepoint    ] Leaving safepoint region
[2019-06-24T10:24:08.831+0000][1][safepoint    ] Total time for which application threads were stopped: 0.0002366 seconds, Stopping threads took: 0.0000615 seconds
[2019-06-24T10:24:09.831+0000][1][safepoint    ] Application time: 1.0001847 seconds
[2019-06-24T10:24:09.832+0000][1][safepoint    ] Entering safepoint region: Cleanup
[2019-06-24T10:24:09.832+0000][1][safepoint    ] Leaving safepoint region
[2019-06-24T10:24:09.832+0000][1][safepoint    ] Total time for which application threads were stopped: 0.0002425 seconds, Stopping threads took: 0.0000629 seconds
[2019-06-24T10:24:10.832+0000][1][safepoint    ] Application time: 1.0001858 seconds
[2019-06-24T10:24:10.832+0000][1][safepoint    ] Entering safepoint region: Cleanup
[2019-06-24T10:24:10.833+0000][1][safepoint    ] Leaving safepoint region
[2019-06-24T10:24:10.833+0000][1][safepoint    ] Total time for which application threads were stopped: 0.0010079 seconds, Stopping threads took: 0.0008346 seconds
[2019-06-24T10:24:11.833+0000][1][safepoint    ] Application time: 1.0002631 seconds
[2019-06-24T10:24:11.834+0000][1][safepoint    ] Entering safepoint region: Cleanup
[2019-06-24T10:24:11.834+0000][1][safepoint    ] Leaving safepoint region
[2019-06-24T10:24:11.834+0000][1][safepoint    ] Total time for which application threads were stopped: 0.0002344 seconds, Stopping threads took: 0.0000624 seconds
[2019-06-24T10:24:12.834+0000][1][safepoint    ] Application time: 1.0002573 seconds
[2019-06-24T10:24:12.834+0000][1][safepoint    ] Entering safepoint region: Cleanup
[2019-06-24T10:24:12.834+0000][1][safepoint    ] Leaving safepoint region
[2019-06-24T10:24:12.834+0000][1][safepoint    ] Total time for which application threads were stopped: 0.0002325 seconds, Stopping threads took: 0.0000605 seconds
[2019-06-24T10:24:13.835+0000][1][safepoint    ] Application time: 1.0001865 seconds
[2019-06-24T10:24:13.835+0000][1][safepoint    ] Entering safepoint region: Cleanup
[2019-06-24T10:24:13.835+0000][1][safepoint    ] Leaving safepoint region
[2019-06-24T10:24:13.835+0000][1][safepoint    ] Total time for which application threads were stopped: 0.0003038 seconds, Stopping threads took: 0.0001104 seconds
[2019-06-24T10:24:15.794+0000][1][safepoint    ] Application time: 1.9588222 seconds
[2019-06-24T10:24:15.794+0000][1][safepoint    ] Entering safepoint region: Cleanup
[2019-06-24T10:24:15.795+0000][1][safepoint    ] Leaving safepoint region
[2019-06-24T10:24:15.795+0000][1][safepoint    ] Total time for which application threads were stopped: 0.0004815 seconds, Stopping threads took: 0.0000981 seconds
[2019-06-24T10:24:16.795+0000][1][safepoint    ] Application time: 1.0002435 seconds
[2019-06-24T10:24:16.795+0000][1][safepoint    ] Entering safepoint region: Cleanup
[2019-06-24T10:24:16.795+0000][1][safepoint    ] Leaving safepoint region
[2019-06-24T10:24:16.795+0000][1][safepoint    ] Total time for which application threads were stopped: 0.0003081 seconds, Stopping threads took: 0.0000719 seconds
[2019-06-24T10:24:17.796+0000][1][safepoint    ] Application time: 1.0002025 seconds
[2019-06-24T10:24:17.796+0000][1][safepoint    ] Entering safepoint region: Cleanup
[2019-06-24T10:24:17.796+0000][1][safepoint    ] Leaving safepoint region
[2019-06-24T10:24:17.796+0000][1][safepoint    ] Total time for which application threads were stopped: 0.0001021 seconds, Stopping threads took: 0.0000274 seconds
[2019-06-24T10:24:18.796+0000][1][safepoint    ] Application time: 1.0001610 seconds
[2019-06-24T10:24:18.797+0000][1][safepoint    ] Entering safepoint region: Cleanup
[2019-06-24T10:24:18.797+0000][1][safepoint    ] Leaving safepoint region
[2019-06-24T10:24:18.797+0000][1][safepoint    ] Total time for which application threads were stopped: 0.0009155 seconds, Stopping threads took: 0.0003475 seconds
[2019-06-24T10:24:19.797+0000][1][safepoint    ] Application time: 1.0001721 seconds
[2019-06-24T10:24:19.797+0000][1][safepoint    ] Entering safepoint region: Cleanup
[2019-06-24T10:24:19.797+0000][1][safepoint    ] Leaving safepoint region
[2019-06-24T10:24:19.798+0000][1][safepoint    ] Total time for which application threads were stopped: 0.0000895 seconds, Stopping threads took: 0.0000239 seconds
[2019-06-24T10:24:20.798+0000][1][safepoint    ] Application time: 1.0002514 seconds
[2019-06-24T10:24:20.798+0000][1][safepoint    ] Entering safepoint region: Cleanup
[2019-06-24T10:24:20.798+0000][1][safepoint    ] Leaving safepoint region
[2019-06-24T10:24:20.798+0000][1][safepoint    ] Total time for which application threads were stopped: 0.0003081 seconds, Stopping threads took: 0.0000912 seconds
[2019-06-24T10:24:21.799+0000][1][safepoint    ] Application time: 1.0003560 seconds
[2019-06-24T10:24:21.799+0000][1][safepoint    ] Entering safepoint region: Cleanup
[2019-06-24T10:24:21.799+0000][1][safepoint    ] Leaving safepoint region
[2019-06-24T10:24:21.799+0000][1][safepoint    ] Total time for which application threads were stopped: 0.0004791 seconds, Stopping threads took: 0.0002289 seconds
[2019-06-24T10:24:22.800+0000][1][safepoint    ] Application time: 1.0002385 seconds
[2019-06-24T10:24:22.800+0000][1][safepoint    ] Entering safepoint region: Cleanup
[2019-06-24T10:24:22.800+0000][1][safepoint    ] Leaving safepoint region
[2019-06-24T10:24:22.800+0000][1][safepoint    ] Total time for which application threads were stopped: 0.0003078 seconds, Stopping threads took: 0.0001040 seconds
[2019-06-24T10:24:23.800+0000][1][safepoint    ] Application time: 1.0001533 seconds
[2019-06-24T10:24:23.800+0000][1][safepoint    ] Entering safepoint region: Cleanup
[2019-06-24T10:24:23.800+0000][1][safepoint    ] Leaving safepoint region
[2019-06-24T10:24:23.800+0000][1][safepoint    ] Total time for which application threads were stopped: 0.0000993 seconds, Stopping threads took: 0.0000336 seconds
[2019-06-24T10:24:24.800+0000][1][safepoint    ] Application time: 1.0000824 seconds
[2019-06-24T10:24:24.801+0000][1][safepoint    ] Entering safepoint region: Cleanup
[2019-06-24T10:24:24.801+0000][1][safepoint    ] Leaving safepoint region
[2019-06-24T10:24:24.801+0000][1][safepoint    ] Total time for which application threads were stopped: 0.0001855 seconds, Stopping threads took: 0.0000692 seconds
[2019-06-24T10:24:25.801+0000][1][safepoint    ] Application time: 1.0001814 seconds
[2019-06-24T10:24:25.801+0000][1][safepoint    ] Entering safepoint region: Cleanup
[2019-06-24T10:24:25.801+0000][1][safepoint    ] Leaving safepoint region
[2019-06-24T10:24:25.801+0000][1][safepoint    ] Total time for which application threads were stopped: 0.0003583 seconds, Stopping threads took: 0.0000993 seconds
[2019-06-24T10:24:26.802+0000][1][safepoint    ] Application time: 1.0001368 seconds
[2019-06-24T10:24:26.802+0000][1][safepoint    ] Entering safepoint region: Cleanup
[2019-06-24T10:24:26.802+0000][1][safepoint    ] Leaving safepoint region
[2019-06-24T10:24:26.802+0000][1][safepoint    ] Total time for which application threads were stopped: 0.0001083 seconds, Stopping threads took: 0.0000298 seconds
[2019-06-24T10:24:27.802+0000][1][safepoint    ] Application time: 1.0001992 seconds
[2019-06-24T10:24:27.802+0000][1][safepoint    ] Entering safepoint region: Cleanup
[2019-06-24T10:24:27.802+0000][1][safepoint    ] Leaving safepoint region
[2019-06-24T10:24:27.802+0000][1][safepoint    ] Total time for which application threads were stopped: 0.0003570 seconds, Stopping threads took: 0.0001246 seconds
[2019-06-24T10:24:28.803+0000][1][safepoint    ] Application time: 1.0003986 seconds
[2019-06-24T10:24:28.803+0000][1][safepoint    ] Entering safepoint region: Cleanup
[2019-06-24T10:24:28.803+0000][1][safepoint    ] Leaving safepoint region
[2019-06-24T10:24:28.803+0000][1][safepoint    ] Total time for which application threads were stopped: 0.0003769 seconds, Stopping threads took: 0.0000939 seconds
[2019-06-24T10:24:29.804+0000][1][safepoint    ] Application time: 1.0002137 seconds
[2019-06-24T10:24:29.804+0000][1][safepoint    ] Entering safepoint region: Cleanup
[2019-06-24T10:24:29.804+0000][1][safepoint    ] Leaving safepoint region
[2019-06-24T10:24:29.804+0000][1][safepoint    ] Total time for which application threads were stopped: 0.0004608 seconds, Stopping threads took: 0.0001397 seconds
[2019-06-24T10:24:30.805+0000][1][safepoint    ] Application time: 1.0003004 seconds
[2019-06-24T10:24:30.805+0000][1][safepoint    ] Entering safepoint region: Cleanup
[2019-06-24T10:24:30.805+0000][1][safepoint    ] Leaving safepoint region
[2019-06-24T10:24:30.805+0000][1][safepoint    ] Total time for which application threads were stopped: 0.0002762 seconds, Stopping threads took: 0.0000648 seconds
[2019-06-24T10:24:31.805+0000][1][safepoint    ] Application time: 1.0002678 seconds
[2019-06-24T10:24:31.805+0000][1][safepoint    ] Entering safepoint region: Cleanup
[2019-06-24T10:24:31.806+0000][1][safepoint    ] Leaving safepoint region
[2019-06-24T10:24:31.806+0000][1][safepoint    ] Total time for which application threads were stopped: 0.0003104 seconds, Stopping threads took: 0.0000656 seconds
[2019-06-24T10:24:32.806+0000][1][safepoint    ] Application time: 1.0002710 seconds
[2019-06-24T10:24:32.806+0000][1][safepoint    ] Entering safepoint region: Cleanup
[2019-06-24T10:24:32.806+0000][1][safepoint    ] Leaving safepoint region
[2019-06-24T10:24:32.806+0000][1][safepoint    ] Total time for which application threads were stopped: 0.0002788 seconds, Stopping threads took: 0.0000626 seconds
[2019-06-24T10:24:33.807+0000][1][safepoint    ] Application time: 1.0002196 seconds
[2019-06-24T10:24:33.807+0000][1][safepoint    ] Entering safepoint region: Cleanup
[2019-06-24T10:24:33.807+0000][1][safepoint    ] Leaving safepoint region
[2019-06-24T10:24:33.807+0000][1][safepoint    ] Total time for which application threads were stopped: 0.0002826 seconds, Stopping threads took: 0.0000812 seconds
[2019-06-24T10:24:34.807+0000][1][safepoint    ] Application time: 1.0001972 seconds
[2019-06-24T10:24:34.807+0000][1][safepoint    ] Entering safepoint region: Cleanup
[2019-06-24T10:24:34.808+0000][1][safepoint    ] Leaving safepoint region
[2019-06-24T10:24:34.808+0000][1][safepoint    ] Total time for which application threads were stopped: 0.0002298 seconds, Stopping threads took: 0.0000598 seconds
[2019-06-24T10:24:35.808+0000][1][safepoint    ] Application time: 1.0001881 seconds
[2019-06-24T10:24:35.808+0000][1][safepoint    ] Entering safepoint region: Cleanup
[2019-06-24T10:24:35.808+0000][1][safepoint    ] Leaving safepoint region
[2019-06-24T10:24:35.808+0000][1][safepoint    ] Total time for which application threads were stopped: 0.0002363 seconds, Stopping threads took: 0.0000680 seconds
[2019-06-24T10:24:36.809+0000][1][safepoint    ] Application time: 1.0002985 seconds
[2019-06-24T10:24:36.809+0000][1][safepoint    ] Entering safepoint region: Cleanup
[2019-06-24T10:24:36.809+0000][1][safepoint    ] Leaving safepoint region
[2019-06-24T10:24:36.809+0000][1][safepoint    ] Total time for which application threads were stopped: 0.0000883 seconds, Stopping threads took: 0.0000228 seconds
[2019-06-24T10:24:37.809+0000][1][safepoint    ] Application time: 1.0002492 seconds
[2019-06-24T10:24:37.809+0000][1][safepoint    ] Entering safepoint region: Cleanup
[2019-06-24T10:24:37.809+0000][1][safepoint    ] Leaving safepoint region
[2019-06-24T10:24:37.809+0000][1][safepoint    ] Total time for which application threads were stopped: 0.0002344 seconds, Stopping threads took: 0.0000623 seconds
[2019-06-24T10:24:38.810+0000][1][safepoint    ] Application time: 1.0002654 seconds
[2019-06-24T10:24:38.810+0000][1][safepoint    ] Entering safepoint region: Cleanup
[2019-06-24T10:24:38.810+0000][1][safepoint    ] Leaving safepoint region
[2019-06-24T10:24:38.810+0000][1][safepoint    ] Total time for which application threads were stopped: 0.0002347 seconds, Stopping threads took: 0.0000624 seconds
[2019-06-24T10:24:39.810+0000][1][safepoint    ] Application time: 1.0002577 seconds
[2019-06-24T10:24:39.810+0000][1][safepoint    ] Entering safepoint region: Cleanup
[2019-06-24T10:24:39.810+0000][1][safepoint    ] Leaving safepoint region
[2019-06-24T10:24:39.810+0000][1][safepoint    ] Total time for which application threads were stopped: 0.0001216 seconds, Stopping threads took: 0.0000315 seconds
[2019-06-24T10:24:40.811+0000][1][safepoint    ] Application time: 1.0001301 seconds
[2019-06-24T10:24:40.811+0000][1][safepoint    ] Entering safepoint region: Cleanup
[2019-06-24T10:24:40.811+0000][1][safepoint    ] Leaving safepoint region
[2019-06-24T10:24:40.811+0000][1][safepoint    ] Total time for which application threads were stopped: 0.0001038 seconds, Stopping threads took: 0.0000298 seconds
[2019-06-24T10:24:41.811+0000][1][safepoint    ] Application time: 1.0001240 seconds
[2019-06-24T10:24:41.811+0000][1][safepoint    ] Entering safepoint region: Cleanup
[2019-06-24T10:24:41.811+0000][1][safepoint    ] Leaving safepoint region
[2019-06-24T10:24:41.811+0000][1][safepoint    ] Total time for which application threads were stopped: 0.0002306 seconds, Stopping threads took: 0.0000634 seconds
[2019-06-24T10:24:42.811+0000][1][safepoint    ] Application time: 1.0001922 seconds
[2019-06-24T10:24:42.812+0000][1][safepoint    ] Entering safepoint region: Cleanup
[2019-06-24T10:24:42.812+0000][1][safepoint    ] Leaving safepoint region
[2019-06-24T10:24:42.812+0000][1][safepoint    ] Total time for which application threads were stopped: 0.0002271 seconds, Stopping threads took: 0.0000612 seconds
[2019-06-24T10:24:43.812+0000][1][safepoint    ] Application time: 1.0002453 seconds
[2019-06-24T10:24:43.812+0000][1][safepoint    ] Entering safepoint region: Cleanup
[2019-06-24T10:24:43.812+0000][1][safepoint    ] Leaving safepoint region
[2019-06-24T10:24:43.812+0000][1][safepoint    ] Total time for which application threads were stopped: 0.0002058 seconds, Stopping threads took: 0.0000799 seconds
[2019-06-24T10:24:44.813+0000][1][safepoint    ] Application time: 1.0002776 seconds
[2019-06-24T10:24:44.813+0000][1][safepoint    ] Entering safepoint region: Cleanup
[2019-06-24T10:24:44.813+0000][1][safepoint    ] Leaving safepoint region
[2019-06-24T10:24:44.813+0000][1][safepoint    ] Total time for which application threads were stopped: 0.0003227 seconds, Stopping threads took: 0.0000913 seconds
[2019-06-24T10:24:45.813+0000][1][safepoint    ] Application time: 1.0002924 seconds
[2019-06-24T10:24:45.814+0000][1][safepoint    ] Entering safepoint region: Cleanup
[2019-06-24T10:24:45.814+0000][1][safepoint    ] Leaving safepoint region
[2019-06-24T10:24:45.814+0000][1][safepoint    ] Total time for which application threads were stopped: 0.0002795 seconds, Stopping threads took: 0.0000742 seconds
[2019-06-24T10:24:46.814+0000][1][safepoint    ] Application time: 1.0001698 seconds
[2019-06-24T10:24:46.814+0000][1][safepoint    ] Entering safepoint region: Cleanup
[2019-06-24T10:24:46.814+0000][1][safepoint    ] Leaving safepoint region
[2019-06-24T10:24:46.814+0000][1][safepoint    ] Total time for which application threads were stopped: 0.0001339 seconds, Stopping threads took: 0.0000361 seconds
[2019-06-24T10:24:47.815+0000][1][safepoint    ] Application time: 1.0003387 seconds
[2019-06-24T10:24:47.815+0000][1][safepoint    ] Entering safepoint region: Cleanup
[2019-06-24T10:24:47.815+0000][1][safepoint    ] Leaving safepoint region
[2019-06-24T10:24:47.815+0000][1][safepoint    ] Total time for which application threads were stopped: 0.0003112 seconds, Stopping threads took: 0.0000741 seconds
[2019-06-24T10:24:48.815+0000][1][safepoint    ] Application time: 1.0002935 seconds
[2019-06-24T10:24:48.816+0000][1][safepoint    ] Entering safepoint region: Cleanup
[2019-06-24T10:24:48.816+0000][1][safepoint    ] Leaving safepoint region
[2019-06-24T10:24:48.816+0000][1][safepoint    ] Total time for which application threads were stopped: 0.0002655 seconds, Stopping threads took: 0.0000706 seconds
[2019-06-24T10:24:49.816+0000][1][safepoint    ] Application time: 1.0002682 seconds
[2019-06-24T10:24:49.816+0000][1][safepoint    ] Entering safepoint region: Cleanup
[2019-06-24T10:24:49.816+0000][1][safepoint    ] Leaving safepoint region
[2019-06-24T10:24:49.816+0000][1][safepoint    ] Total time for which application threads were stopped: 0.0002358 seconds, Stopping threads took: 0.0000631 seconds
[2019-06-24T10:24:50.817+0000][1][safepoint    ] Application time: 1.0001520 seconds
[2019-06-24T10:24:50.817+0000][1][safepoint    ] Entering safepoint region: Cleanup
[2019-06-24T10:24:50.817+0000][1][safepoint    ] Leaving safepoint region
[2019-06-24T10:24:50.817+0000][1][safepoint    ] Total time for which application threads were stopped: 0.0001693 seconds, Stopping threads took: 0.0000460 seconds
[2019-06-24T10:24:51.817+0000][1][safepoint    ] Application time: 1.0001686 seconds
[2019-06-24T10:24:51.817+0000][1][safepoint    ] Entering safepoint region: Cleanup
[2019-06-24T10:24:51.817+0000][1][safepoint    ] Leaving safepoint region
[2019-06-24T10:24:51.817+0000][1][safepoint    ] Total time for which application threads were stopped: 0.0002819 seconds, Stopping threads took: 0.0000854 seconds
[2019-06-24T10:24:52.818+0000][1][safepoint    ] Application time: 1.0002720 seconds
[2019-06-24T10:24:52.818+0000][1][safepoint    ] Entering safepoint region: Cleanup
[2019-06-24T10:24:52.818+0000][1][safepoint    ] Leaving safepoint region
[2019-06-24T10:24:52.818+0000][1][safepoint    ] Total time for which application threads were stopped: 0.0002900 seconds, Stopping threads took: 0.0000762 seconds
[2019-06-24T10:24:53.818+0000][1][safepoint    ] Application time: 1.0001845 seconds
[2019-06-24T10:24:53.819+0000][1][safepoint    ] Entering safepoint region: Cleanup
[2019-06-24T10:24:53.819+0000][1][safepoint    ] Leaving safepoint region
[2019-06-24T10:24:53.819+0000][1][safepoint    ] Total time for which application threads were stopped: 0.0002382 seconds, Stopping threads took: 0.0000784 seconds
[2019-06-24T10:24:54.819+0000][1][safepoint    ] Application time: 1.0001847 seconds
[2019-06-24T10:24:54.819+0000][1][safepoint    ] Entering safepoint region: Cleanup
[2019-06-24T10:24:54.819+0000][1][safepoint    ] Leaving safepoint region
[2019-06-24T10:24:54.820+0000][1][safepoint    ] Total time for which application threads were stopped: 0.0003687 seconds, Stopping threads took: 0.0000787 seconds
[2019-06-24T10:24:55.820+0000][1][safepoint    ] Application time: 1.0002619 seconds
[2019-06-24T10:24:55.820+0000][1][safepoint    ] Entering safepoint region: Cleanup
[2019-06-24T10:24:55.820+0000][1][safepoint    ] Leaving safepoint region
[2019-06-24T10:24:55.820+0000][1][safepoint    ] Total time for which application threads were stopped: 0.0002631 seconds, Stopping threads took: 0.0000705 seconds
[2019-06-24T10:24:56.821+0000][1][safepoint    ] Application time: 1.0002685 seconds
[2019-06-24T10:24:56.821+0000][1][safepoint    ] Entering safepoint region: Cleanup
[2019-06-24T10:24:56.821+0000][1][safepoint    ] Leaving safepoint region
[2019-06-24T10:24:56.821+0000][1][safepoint    ] Total time for which application threads were stopped: 0.0002383 seconds, Stopping threads took: 0.0000625 seconds
[2019-06-24T10:24:57.821+0000][1][safepoint    ] Application time: 1.0002609 seconds
[2019-06-24T10:24:57.821+0000][1][safepoint    ] Entering safepoint region: Cleanup
[2019-06-24T10:24:57.821+0000][1][safepoint    ] Leaving safepoint region
[2019-06-24T10:24:57.821+0000][1][safepoint    ] Total time for which application threads were stopped: 0.0002354 seconds, Stopping threads took: 0.0000622 seconds
[2019-06-24T10:24:58.822+0000][1][safepoint    ] Application time: 1.0002695 seconds
[2019-06-24T10:24:58.822+0000][1][safepoint    ] Entering safepoint region: Cleanup
[2019-06-24T10:24:58.822+0000][1][safepoint    ] Leaving safepoint region
[2019-06-24T10:24:58.822+0000][1][safepoint    ] Total time for which application threads were stopped: 0.0002323 seconds, Stopping threads took: 0.0000615 seconds
[2019-06-24T10:24:59.822+0000][1][safepoint    ] Application time: 1.0002561 seconds
[2019-06-24T10:24:59.823+0000][1][safepoint    ] Entering safepoint region: Cleanup
[2019-06-24T10:24:59.823+0000][1][safepoint    ] Leaving safepoint region
[2019-06-24T10:24:59.823+0000][1][safepoint    ] Total time for which application threads were stopped: 0.0002369 seconds, Stopping threads took: 0.0000632 seconds
[2019-06-24T10:25:00.823+0000][1][safepoint    ] Application time: 1.0002689 seconds
[2019-06-24T10:25:00.823+0000][1][safepoint    ] Entering safepoint region: Cleanup
[2019-06-24T10:25:00.823+0000][1][safepoint    ] Leaving safepoint region
[2019-06-24T10:25:00.823+0000][1][safepoint    ] Total time for which application threads were stopped: 0.0002316 seconds, Stopping threads took: 0.0000597 seconds
[2019-06-24T10:25:01.824+0000][1][safepoint    ] Application time: 1.0002404 seconds
[2019-06-24T10:25:01.824+0000][1][safepoint    ] Entering safepoint region: Cleanup
[2019-06-24T10:25:01.824+0000][1][safepoint    ] Leaving safepoint region
[2019-06-24T10:25:01.824+0000][1][safepoint    ] Total time for which application threads were stopped: 0.0002343 seconds, Stopping threads took: 0.0000614 seconds
[2019-06-24T10:25:02.824+0000][1][safepoint    ] Application time: 1.0002700 seconds
[2019-06-24T10:25:02.825+0000][1][safepoint    ] Entering safepoint region: Cleanup
[2019-06-24T10:25:02.825+0000][1][safepoint    ] Leaving safepoint region
[2019-06-24T10:25:02.825+0000][1][safepoint    ] Total time for which application threads were stopped: 0.0002413 seconds, Stopping threads took: 0.0000647 seconds
[2019-06-24T10:25:03.825+0000][1][safepoint    ] Application time: 1.0002677 seconds
[2019-06-24T10:25:03.825+0000][1][safepoint    ] Entering safepoint region: Cleanup
[2019-06-24T10:25:03.825+0000][1][safepoint    ] Leaving safepoint region
[2019-06-24T10:25:03.825+0000][1][safepoint    ] Total time for which application threads were stopped: 0.0002366 seconds, Stopping threads took: 0.0000623 seconds
[2019-06-24T10:25:04.826+0000][1][safepoint    ] Application time: 1.0001692 seconds
[2019-06-24T10:25:04.826+0000][1][safepoint    ] Entering safepoint region: Cleanup
[2019-06-24T10:25:04.826+0000][1][safepoint    ] Leaving safepoint region
[2019-06-24T10:25:04.826+0000][1][safepoint    ] Total time for which application threads were stopped: 0.0001583 seconds, Stopping threads took: 0.0000416 seconds
[2019-06-24T10:25:05.826+0000][1][safepoint    ] Application time: 1.0001345 seconds
[2019-06-24T10:25:05.826+0000][1][safepoint    ] Entering safepoint region: Cleanup
[2019-06-24T10:25:05.826+0000][1][safepoint    ] Leaving safepoint region
[2019-06-24T10:25:05.826+0000][1][safepoint    ] Total time for which application threads were stopped: 0.0002960 seconds, Stopping threads took: 0.0000752 seconds
[2019-06-24T10:25:06.827+0000][1][safepoint    ] Application time: 1.0001992 seconds
[2019-06-24T10:25:06.827+0000][1][safepoint    ] Entering safepoint region: Cleanup
[2019-06-24T10:25:06.827+0000][1][safepoint    ] Leaving safepoint region
[2019-06-24T10:25:06.827+0000][1][safepoint    ] Total time for which application threads were stopped: 0.0002428 seconds, Stopping threads took: 0.0000640 seconds
[2019-06-24T10:25:07.827+0000][1][safepoint    ] Application time: 1.0001610 seconds
[2019-06-24T10:25:07.827+0000][1][safepoint    ] Entering safepoint region: Cleanup
[2019-06-24T10:25:07.827+0000][1][safepoint    ] Leaving safepoint region
[2019-06-24T10:25:07.828+0000][1][safepoint    ] Total time for which application threads were stopped: 0.0003050 seconds, Stopping threads took: 0.0000627 seconds
[2019-06-24T10:25:08.828+0000][1][safepoint    ] Application time: 1.0002482 seconds
[2019-06-24T10:25:08.828+0000][1][safepoint    ] Entering safepoint region: Cleanup
[2019-06-24T10:25:08.828+0000][1][safepoint    ] Leaving safepoint region
[2019-06-24T10:25:08.828+0000][1][safepoint    ] Total time for which application threads were stopped: 0.0003077 seconds, Stopping threads took: 0.0000625 seconds
[2019-06-24T10:25:09.829+0000][1][safepoint    ] Application time: 1.0002719 seconds
[2019-06-24T10:25:09.829+0000][1][safepoint    ] Entering safepoint region: Cleanup
[2019-06-24T10:25:09.829+0000][1][safepoint    ] Leaving safepoint region
[2019-06-24T10:25:09.829+0000][1][safepoint    ] Total time for which application threads were stopped: 0.0002309 seconds, Stopping threads took: 0.0000614 seconds
[2019-06-24T10:25:10.829+0000][1][safepoint    ] Application time: 1.0002691 seconds
[2019-06-24T10:25:10.829+0000][1][safepoint    ] Entering safepoint region: Cleanup
[2019-06-24T10:25:10.830+0000][1][safepoint    ] Leaving safepoint region
[2019-06-24T10:25:10.830+0000][1][safepoint    ] Total time for which application threads were stopped: 0.0002387 seconds, Stopping threads took: 0.0000608 seconds
[2019-06-24T10:25:11.830+0000][1][safepoint    ] Application time: 1.0002617 seconds
[2019-06-24T10:25:11.830+0000][1][safepoint    ] Entering safepoint region: Cleanup
[2019-06-24T10:25:11.830+0000][1][safepoint    ] Leaving safepoint region
[2019-06-24T10:25:11.830+0000][1][safepoint    ] Total time for which application threads were stopped: 0.0003148 seconds, Stopping threads took: 0.0000639 seconds
[2019-06-24T10:25:12.831+0000][1][safepoint    ] Application time: 1.0003299 seconds
[2019-06-24T10:25:12.831+0000][1][safepoint    ] Entering safepoint region: Cleanup
[2019-06-24T10:25:12.831+0000][1][safepoint    ] Leaving safepoint region
[2019-06-24T10:25:12.831+0000][1][safepoint    ] Total time for which application threads were stopped: 0.0002433 seconds, Stopping threads took: 0.0000648 seconds
[2019-06-24T10:25:13.832+0000][1][safepoint    ] Application time: 1.0005473 seconds
[2019-06-24T10:25:13.832+0000][1][safepoint    ] Entering safepoint region: Cleanup
[2019-06-24T10:25:13.832+0000][1][safepoint    ] Leaving safepoint region
[2019-06-24T10:25:13.832+0000][1][safepoint    ] Total time for which application threads were stopped: 0.0003239 seconds, Stopping threads took: 0.0000967 seconds
[2019-06-24T10:25:14.832+0000][1][safepoint    ] Application time: 1.0002670 seconds
[2019-06-24T10:25:14.833+0000][1][safepoint    ] Entering safepoint region: Cleanup
[2019-06-24T10:25:14.833+0000][1][safepoint    ] Leaving safepoint region
[2019-06-24T10:25:14.833+0000][1][safepoint    ] Total time for which application threads were stopped: 0.0002615 seconds, Stopping threads took: 0.0000870 seconds
[2019-06-24T10:25:15.833+0000][1][safepoint    ] Application time: 1.0002776 seconds
[2019-06-24T10:25:15.833+0000][1][safepoint    ] Entering safepoint region: Cleanup
[2019-06-24T10:25:15.833+0000][1][safepoint    ] Leaving safepoint region
[2019-06-24T10:25:15.833+0000][1][safepoint    ] Total time for which application threads were stopped: 0.0001037 seconds, Stopping threads took: 0.0000272 seconds
[2019-06-24T10:25:16.833+0000][1][safepoint    ] Application time: 1.0001708 seconds
[2019-06-24T10:25:16.833+0000][1][safepoint    ] Entering safepoint region: Cleanup
[2019-06-24T10:25:16.834+0000][1][safepoint    ] Leaving safepoint region
[2019-06-24T10:25:16.834+0000][1][safepoint    ] Total time for which application threads were stopped: 0.0001437 seconds, Stopping threads took: 0.0000282 seconds
[2019-06-24T10:25:17.834+0000][1][safepoint    ] Application time: 1.0002736 seconds
[2019-06-24T10:25:17.834+0000][1][safepoint    ] Entering safepoint region: Cleanup
[2019-06-24T10:25:17.834+0000][1][safepoint    ] Leaving safepoint region
[2019-06-24T10:25:17.834+0000][1][safepoint    ] Total time for which application threads were stopped: 0.0002810 seconds, Stopping threads took: 0.0000761 seconds
[2019-06-24T10:25:18.835+0000][1][safepoint    ] Application time: 1.0002788 seconds
[2019-06-24T10:25:18.835+0000][1][safepoint    ] Entering safepoint region: Cleanup
[2019-06-24T10:25:18.835+0000][1][safepoint    ] Leaving safepoint region
[2019-06-24T10:25:18.835+0000][1][safepoint    ] Total time for which application threads were stopped: 0.0002773 seconds, Stopping threads took: 0.0000652 seconds
[2019-06-24T10:25:19.835+0000][1][safepoint    ] Application time: 1.0002727 seconds
[2019-06-24T10:25:19.835+0000][1][safepoint    ] Entering safepoint region: Cleanup
[2019-06-24T10:25:19.836+0000][1][safepoint    ] Leaving safepoint region
[2019-06-24T10:25:19.836+0000][1][safepoint    ] Total time for which application threads were stopped: 0.0002296 seconds, Stopping threads took: 0.0000628 seconds
[2019-06-24T10:25:20.836+0000][1][safepoint    ] Application time: 1.0002641 seconds
[2019-06-24T10:25:20.836+0000][1][safepoint    ] Entering safepoint region: Cleanup
[2019-06-24T10:25:20.836+0000][1][safepoint    ] Leaving safepoint region
[2019-06-24T10:25:20.836+0000][1][safepoint    ] Total time for which application threads were stopped: 0.0003056 seconds, Stopping threads took: 0.0000624 seconds
[2019-06-24T10:25:21.837+0000][1][safepoint    ] Application time: 1.0002356 seconds
[2019-06-24T10:25:21.837+0000][1][safepoint    ] Entering safepoint region: Cleanup
[2019-06-24T10:25:21.837+0000][1][safepoint    ] Leaving safepoint region
[2019-06-24T10:25:21.837+0000][1][safepoint    ] Total time for which application threads were stopped: 0.0004609 seconds, Stopping threads took: 0.0001389 seconds
[2019-06-24T10:25:22.838+0000][1][safepoint    ] Application time: 1.0002093 seconds
[2019-06-24T10:25:22.838+0000][1][safepoint    ] Entering safepoint region: Cleanup
[2019-06-24T10:25:22.838+0000][1][safepoint    ] Leaving safepoint region
[2019-06-24T10:25:22.838+0000][1][safepoint    ] Total time for which application threads were stopped: 0.0002725 seconds, Stopping threads took: 0.0000743 seconds
[2019-06-24T10:25:23.838+0000][1][safepoint    ] Application time: 1.0002620 seconds
[2019-06-24T10:25:23.839+0000][1][safepoint    ] Entering safepoint region: Cleanup
[2019-06-24T10:25:23.839+0000][1][safepoint    ] Leaving safepoint region
[2019-06-24T10:25:23.839+0000][1][safepoint    ] Total time for which application threads were stopped: 0.0002619 seconds, Stopping threads took: 0.0000744 seconds
[2019-06-24T10:25:24.839+0000][1][safepoint    ] Application time: 1.0002396 seconds
[2019-06-24T10:25:24.839+0000][1][safepoint    ] Entering safepoint region: Cleanup
[2019-06-24T10:25:24.839+0000][1][safepoint    ] Leaving safepoint region
[2019-06-24T10:25:24.839+0000][1][safepoint    ] Total time for which application threads were stopped: 0.0001488 seconds, Stopping threads took: 0.0000468 seconds
[2019-06-24T10:25:25.840+0000][1][safepoint    ] Application time: 1.0002758 seconds
[2019-06-24T10:25:25.840+0000][1][safepoint    ] Entering safepoint region: Cleanup
[2019-06-24T10:25:25.840+0000][1][safepoint    ] Leaving safepoint region
[2019-06-24T10:25:25.840+0000][1][safepoint    ] Total time for which application threads were stopped: 0.0003651 seconds, Stopping threads took: 0.0000727 seconds
[2019-06-24T10:25:26.840+0000][1][safepoint    ] Application time: 1.0002684 seconds
[2019-06-24T10:25:26.841+0000][1][safepoint    ] Entering safepoint region: Cleanup
[2019-06-24T10:25:26.841+0000][1][safepoint    ] Leaving safepoint region
[2019-06-24T10:25:26.841+0000][1][safepoint    ] Total time for which application threads were stopped: 0.0002695 seconds, Stopping threads took: 0.0000638 seconds
[2019-06-24T10:25:27.841+0000][1][safepoint    ] Application time: 1.0001172 seconds
[2019-06-24T10:25:27.841+0000][1][safepoint    ] Entering safepoint region: Cleanup
[2019-06-24T10:25:27.841+0000][1][safepoint    ] Leaving safepoint region
[2019-06-24T10:25:27.841+0000][1][safepoint    ] Total time for which application threads were stopped: 0.0001002 seconds, Stopping threads took: 0.0000267 seconds
[2019-06-24T10:25:28.878+0000][1][safepoint    ] Application time: 1.0370053 seconds
[2019-06-24T10:25:28.878+0000][1][safepoint    ] Entering safepoint region: Cleanup
[2019-06-24T10:25:28.878+0000][1][safepoint    ] Leaving safepoint region
[2019-06-24T10:25:28.879+0000][1][safepoint    ] Total time for which application threads were stopped: 0.0003635 seconds, Stopping threads took: 0.0000724 seconds
[2019-06-24T10:25:29.879+0000][1][safepoint    ] Application time: 1.0001050 seconds
[2019-06-24T10:25:29.879+0000][1][safepoint    ] Entering safepoint region: Cleanup
[2019-06-24T10:25:29.879+0000][1][safepoint    ] Leaving safepoint region
[2019-06-24T10:25:29.879+0000][1][safepoint    ] Total time for which application threads were stopped: 0.0001155 seconds, Stopping threads took: 0.0000314 seconds
[2019-06-24T10:25:30.879+0000][1][safepoint    ] Application time: 1.0000846 seconds
[2019-06-24T10:25:30.879+0000][1][safepoint    ] Entering safepoint region: Cleanup
[2019-06-24T10:25:30.879+0000][1][safepoint    ] Leaving safepoint region
[2019-06-24T10:25:30.879+0000][1][safepoint    ] Total time for which application threads were stopped: 0.0001600 seconds, Stopping threads took: 0.0000253 seconds
[2019-06-24T10:25:31.879+0000][1][safepoint    ] Application time: 1.0002086 seconds
[2019-06-24T10:25:31.880+0000][1][safepoint    ] Entering safepoint region: Cleanup
[2019-06-24T10:25:31.881+0000][1][safepoint    ] Leaving safepoint region
[2019-06-24T10:25:31.881+0000][1][safepoint    ] Total time for which application threads were stopped: 0.0013441 seconds, Stopping threads took: 0.0010131 seconds
[2019-06-24T10:25:32.881+0000][1][safepoint    ] Application time: 1.0002951 seconds
[2019-06-24T10:25:32.881+0000][1][safepoint    ] Entering safepoint region: Cleanup
[2019-06-24T10:25:32.882+0000][1][safepoint    ] Leaving safepoint region
[2019-06-24T10:25:32.882+0000][1][safepoint    ] Total time for which application threads were stopped: 0.0002693 seconds, Stopping threads took: 0.0000642 seconds
[2019-06-24T10:25:33.882+0000][1][safepoint    ] Application time: 1.0002603 seconds
[2019-06-24T10:25:33.882+0000][1][safepoint    ] Entering safepoint region: Cleanup
[2019-06-24T10:25:33.882+0000][1][safepoint    ] Leaving safepoint region
[2019-06-24T10:25:33.882+0000][1][safepoint    ] Total time for which application threads were stopped: 0.0002811 seconds, Stopping threads took: 0.0000630 seconds
[2019-06-24T10:25:34.883+0000][1][safepoint    ] Application time: 1.0002072 seconds
[2019-06-24T10:25:34.883+0000][1][safepoint    ] Entering safepoint region: Cleanup
[2019-06-24T10:25:34.883+0000][1][safepoint    ] Leaving safepoint region
[2019-06-24T10:25:34.883+0000][1][safepoint    ] Total time for which application threads were stopped: 0.0004474 seconds, Stopping threads took: 0.0001742 seconds
[2019-06-24T10:25:35.884+0000][1][safepoint    ] Application time: 1.0002620 seconds
[2019-06-24T10:25:35.884+0000][1][safepoint    ] Entering safepoint region: Cleanup
[2019-06-24T10:25:35.884+0000][1][safepoint    ] Leaving safepoint region
[2019-06-24T10:25:35.884+0000][1][safepoint    ] Total time for which application threads were stopped: 0.0002679 seconds, Stopping threads took: 0.0000629 seconds
[2019-06-24T10:25:36.884+0000][1][safepoint    ] Application time: 1.0002606 seconds
[2019-06-24T10:25:36.884+0000][1][safepoint    ] Entering safepoint region: Cleanup
[2019-06-24T10:25:36.885+0000][1][safepoint    ] Leaving safepoint region
[2019-06-24T10:25:36.886+0000][1][safepoint    ] Total time for which application threads were stopped: 0.0012316 seconds, Stopping threads took: 0.0009367 seconds
[2019-06-24T10:25:37.886+0000][1][safepoint    ] Application time: 1.0002677 seconds
[2019-06-24T10:25:37.886+0000][1][safepoint    ] Entering safepoint region: Cleanup
[2019-06-24T10:25:37.886+0000][1][safepoint    ] Leaving safepoint region
[2019-06-24T10:25:37.886+0000][1][safepoint    ] Total time for which application threads were stopped: 0.0002743 seconds, Stopping threads took: 0.0000604 seconds
[2019-06-24T10:25:38.887+0000][1][safepoint    ] Application time: 1.0003133 seconds
[2019-06-24T10:25:38.887+0000][1][safepoint    ] Entering safepoint region: Cleanup
[2019-06-24T10:25:38.887+0000][1][safepoint    ] Leaving safepoint region
[2019-06-24T10:25:38.887+0000][1][safepoint    ] Total time for which application threads were stopped: 0.0005297 seconds, Stopping threads took: 0.0001637 seconds
[2019-06-24T10:25:39.888+0000][1][safepoint    ] Application time: 1.0002538 seconds
[2019-06-24T10:25:39.888+0000][1][safepoint    ] Entering safepoint region: Cleanup
[2019-06-24T10:25:39.888+0000][1][safepoint    ] Leaving safepoint region
[2019-06-24T10:25:39.888+0000][1][safepoint    ] Total time for which application threads were stopped: 0.0000989 seconds, Stopping threads took: 0.0000348 seconds
[2019-06-24T10:25:40.888+0000][1][safepoint    ] Application time: 1.0001485 seconds
[2019-06-24T10:25:40.888+0000][1][safepoint    ] Entering safepoint region: Cleanup
[2019-06-24T10:25:40.888+0000][1][safepoint    ] Leaving safepoint region
[2019-06-24T10:25:40.888+0000][1][safepoint    ] Total time for which application threads were stopped: 0.0003534 seconds, Stopping threads took: 0.0000893 seconds
[2019-06-24T10:25:41.889+0000][1][safepoint    ] Application time: 1.0001826 seconds
[2019-06-24T10:25:41.889+0000][1][safepoint    ] Entering safepoint region: Cleanup
[2019-06-24T10:25:41.890+0000][1][safepoint    ] Leaving safepoint region
[2019-06-24T10:25:41.890+0000][1][safepoint    ] Total time for which application threads were stopped: 0.0014140 seconds, Stopping threads took: 0.0010516 seconds
[2019-06-24T10:25:42.891+0000][1][safepoint    ] Application time: 1.0004100 seconds
[2019-06-24T10:25:42.891+0000][1][safepoint    ] Entering safepoint region: Cleanup
[2019-06-24T10:25:42.891+0000][1][safepoint    ] Leaving safepoint region
[2019-06-24T10:25:42.891+0000][1][safepoint    ] Total time for which application threads were stopped: 0.0003706 seconds, Stopping threads took: 0.0000980 seconds
[2019-06-24T10:25:43.891+0000][1][safepoint    ] Application time: 1.0002278 seconds
[2019-06-24T10:25:43.892+0000][1][safepoint    ] Entering safepoint region: Cleanup
[2019-06-24T10:25:43.892+0000][1][safepoint    ] Leaving safepoint region
[2019-06-24T10:25:43.892+0000][1][safepoint    ] Total time for which application threads were stopped: 0.0002352 seconds, Stopping threads took: 0.0000618 seconds
[2019-06-24T10:25:44.892+0000][1][safepoint    ] Application time: 1.0001841 seconds
[2019-06-24T10:25:44.892+0000][1][safepoint    ] Entering safepoint region: Cleanup
[2019-06-24T10:25:44.892+0000][1][safepoint    ] Leaving safepoint region
[2019-06-24T10:25:44.892+0000][1][safepoint    ] Total time for which application threads were stopped: 0.0003231 seconds, Stopping threads took: 0.0001475 seconds
[2019-06-24T10:25:45.893+0000][1][safepoint    ] Application time: 1.0002804 seconds
[2019-06-24T10:25:45.893+0000][1][safepoint    ] Entering safepoint region: Cleanup
[2019-06-24T10:25:45.893+0000][1][safepoint    ] Leaving safepoint region
[2019-06-24T10:25:45.893+0000][1][safepoint    ] Total time for which application threads were stopped: 0.0002805 seconds, Stopping threads took: 0.0000785 seconds
[2019-06-24T10:25:46.893+0000][1][safepoint    ] Application time: 1.0001557 seconds
[2019-06-24T10:25:46.893+0000][1][safepoint    ] Entering safepoint region: Cleanup
[2019-06-24T10:25:46.895+0000][1][safepoint    ] Leaving safepoint region
[2019-06-24T10:25:46.895+0000][1][safepoint    ] Total time for which application threads were stopped: 0.0012330 seconds, Stopping threads took: 0.0009049 seconds
[2019-06-24T10:25:46.900+0000][1][safepoint    ] Application time: 0.0049611 seconds
[2019-06-24T10:25:46.900+0000][1][safepoint    ] Entering safepoint region: GenCollectForAllocation
[2019-06-24T10:25:46.900+0000][1][gc,start     ] GC(28) Pause Young (Allocation Failure)
[2019-06-24T10:25:46.900+0000][1][gc,task      ] GC(28) Using 5 workers of 8 for evacuation
[2019-06-24T10:25:46.907+0000][1][gc,age       ] GC(28) Desired survivor size 4456448 bytes, new threshold 6 (max threshold 6)
[2019-06-24T10:25:46.908+0000][1][gc,age       ] GC(28) Age table with threshold 6 (max threshold 6)
[2019-06-24T10:25:46.908+0000][1][gc,age       ] GC(28) - age   1:       3032 bytes,       3032 total
[2019-06-24T10:25:46.908+0000][1][gc,age       ] GC(28) - age   2:       2432 bytes,       5464 total
[2019-06-24T10:25:46.908+0000][1][gc,age       ] GC(28) - age   3:       2640 bytes,       8104 total
[2019-06-24T10:25:46.908+0000][1][gc,age       ] GC(28) - age   4:       5512 bytes,      13616 total
[2019-06-24T10:25:46.908+0000][1][gc,age       ] GC(28) - age   5:       4208 bytes,      17824 total
[2019-06-24T10:25:46.908+0000][1][gc,age       ] GC(28) - age   6:       6392 bytes,      24216 total
[2019-06-24T10:25:46.908+0000][1][gc,heap      ] GC(28) ParNew: 73136K->1992K(78656K)
[2019-06-24T10:25:46.908+0000][1][gc,heap      ] GC(28) CMS: 67498K->69511K(174784K)
[2019-06-24T10:25:46.908+0000][1][gc,metaspace ] GC(28) Metaspace: 66964K->66964K(1110016K)
[2019-06-24T10:25:46.908+0000][1][gc           ] GC(28) Pause Young (Allocation Failure) 137M->69M(247M) 7.699ms
[2019-06-24T10:25:46.908+0000][1][gc,cpu       ] GC(28) User=0.04s Sys=0.00s Real=0.01s
[2019-06-24T10:25:46.908+0000][1][safepoint    ] Leaving safepoint region
[2019-06-24T10:25:46.908+0000][1][safepoint    ] Total time for which application threads were stopped: 0.0081587 seconds, Stopping threads took: 0.0000571 seconds
[2019-06-24T10:25:47.908+0000][1][safepoint    ] Application time: 1.0002387 seconds
[2019-06-24T10:25:47.908+0000][1][safepoint    ] Entering safepoint region: Cleanup
[2019-06-24T10:25:47.908+0000][1][safepoint    ] Leaving safepoint region
[2019-06-24T10:25:47.908+0000][1][safepoint    ] Total time for which application threads were stopped: 0.0002619 seconds, Stopping threads took: 0.0000722 seconds
[2019-06-24T10:25:48.909+0000][1][safepoint    ] Application time: 1.0001848 seconds
[2019-06-24T10:25:48.909+0000][1][safepoint    ] Entering safepoint region: Cleanup
[2019-06-24T10:25:48.909+0000][1][safepoint    ] Leaving safepoint region
[2019-06-24T10:25:48.909+0000][1][safepoint    ] Total time for which application threads were stopped: 0.0002159 seconds, Stopping threads took: 0.0000591 seconds
[2019-06-24T10:25:49.909+0000][1][safepoint    ] Application time: 1.0001343 seconds
[2019-06-24T10:25:49.909+0000][1][safepoint    ] Entering safepoint region: Cleanup
[2019-06-24T10:25:49.909+0000][1][safepoint    ] Leaving safepoint region
[2019-06-24T10:25:49.909+0000][1][safepoint    ] Total time for which application threads were stopped: 0.0000866 seconds, Stopping threads took: 0.0000269 seconds
[2019-06-24T10:25:50.909+0000][1][safepoint    ] Application time: 1.0001392 seconds
[2019-06-24T10:25:50.910+0000][1][safepoint    ] Entering safepoint region: Cleanup
[2019-06-24T10:25:50.910+0000][1][safepoint    ] Leaving safepoint region
[2019-06-24T10:25:50.910+0000][1][safepoint    ] Total time for which application threads were stopped: 0.0001454 seconds, Stopping threads took: 0.0000452 seconds
[2019-06-24T10:25:51.910+0000][1][safepoint    ] Application time: 1.0001881 seconds
[2019-06-24T10:25:51.910+0000][1][safepoint    ] Entering safepoint region: Cleanup
[2019-06-24T10:25:51.910+0000][1][safepoint    ] Leaving safepoint region
[2019-06-24T10:25:51.910+0000][1][safepoint    ] Total time for which application threads were stopped: 0.0002471 seconds, Stopping threads took: 0.0000798 seconds
[2019-06-24T10:25:52.910+0000][1][safepoint    ] Application time: 1.0002054 seconds
[2019-06-24T10:25:52.911+0000][1][safepoint    ] Entering safepoint region: Cleanup
[2019-06-24T10:25:52.911+0000][1][safepoint    ] Leaving safepoint region
[2019-06-24T10:25:52.911+0000][1][safepoint    ] Total time for which application threads were stopped: 0.0002309 seconds, Stopping threads took: 0.0000681 seconds
[2019-06-24T10:25:53.911+0000][1][safepoint    ] Application time: 1.0001425 seconds
[2019-06-24T10:25:53.911+0000][1][safepoint    ] Entering safepoint region: Cleanup
[2019-06-24T10:25:53.911+0000][1][safepoint    ] Leaving safepoint region
[2019-06-24T10:25:53.911+0000][1][safepoint    ] Total time for which application threads were stopped: 0.0002960 seconds, Stopping threads took: 0.0000789 seconds
[2019-06-24T10:25:54.912+0000][1][safepoint    ] Application time: 1.0001129 seconds
[2019-06-24T10:25:54.912+0000][1][safepoint    ] Entering safepoint region: Cleanup
[2019-06-24T10:25:54.912+0000][1][safepoint    ] Leaving safepoint region
[2019-06-24T10:25:54.912+0000][1][safepoint    ] Total time for which application threads were stopped: 0.0001403 seconds, Stopping threads took: 0.0000365 seconds
[2019-06-24T10:25:55.912+0000][1][safepoint    ] Application time: 1.0001487 seconds
[2019-06-24T10:25:55.912+0000][1][safepoint    ] Entering safepoint region: Cleanup
[2019-06-24T10:25:55.912+0000][1][safepoint    ] Leaving safepoint region
[2019-06-24T10:25:55.912+0000][1][safepoint    ] Total time for which application threads were stopped: 0.0003409 seconds, Stopping threads took: 0.0001254 seconds
[2019-06-24T10:25:56.913+0000][1][safepoint    ] Application time: 1.0001314 seconds
[2019-06-24T10:25:56.913+0000][1][safepoint    ] Entering safepoint region: Cleanup
[2019-06-24T10:25:56.913+0000][1][safepoint    ] Leaving safepoint region
[2019-06-24T10:25:56.913+0000][1][safepoint    ] Total time for which application threads were stopped: 0.0001628 seconds, Stopping threads took: 0.0000514 seconds
[2019-06-24T10:25:57.913+0000][1][safepoint    ] Application time: 1.0001857 seconds
[2019-06-24T10:25:57.913+0000][1][safepoint    ] Entering safepoint region: Cleanup
[2019-06-24T10:25:57.913+0000][1][safepoint    ] Leaving safepoint region
[2019-06-24T10:25:57.913+0000][1][safepoint    ] Total time for which application threads were stopped: 0.0002403 seconds, Stopping threads took: 0.0000619 seconds
[2019-06-24T10:25:58.914+0000][1][safepoint    ] Application time: 1.0002740 seconds
[2019-06-24T10:25:58.914+0000][1][safepoint    ] Entering safepoint region: Cleanup
[2019-06-24T10:25:58.914+0000][1][safepoint    ] Leaving safepoint region
[2019-06-24T10:25:58.914+0000][1][safepoint    ] Total time for which application threads were stopped: 0.0002864 seconds, Stopping threads took: 0.0000734 seconds
[2019-06-24T10:25:59.914+0000][1][safepoint    ] Application time: 1.0003136 seconds
[2019-06-24T10:25:59.914+0000][1][safepoint    ] Entering safepoint region: Cleanup
[2019-06-24T10:25:59.915+0000][1][safepoint    ] Leaving safepoint region
[2019-06-24T10:25:59.915+0000][1][safepoint    ] Total time for which application threads were stopped: 0.0001102 seconds, Stopping threads took: 0.0000265 seconds
[2019-06-24T10:26:00.915+0000][1][safepoint    ] Application time: 1.0001666 seconds
[2019-06-24T10:26:00.915+0000][1][safepoint    ] Entering safepoint region: Cleanup
[2019-06-24T10:26:00.915+0000][1][safepoint    ] Leaving safepoint region
[2019-06-24T10:26:00.915+0000][1][safepoint    ] Total time for which application threads were stopped: 0.0003913 seconds, Stopping threads took: 0.0001037 seconds
[2019-06-24T10:26:01.916+0000][1][safepoint    ] Application time: 1.0002846 seconds
[2019-06-24T10:26:01.916+0000][1][safepoint    ] Entering safepoint region: Cleanup
[2019-06-24T10:26:01.916+0000][1][safepoint    ] Leaving safepoint region
[2019-06-24T10:26:01.916+0000][1][safepoint    ] Total time for which application threads were stopped: 0.0002654 seconds, Stopping threads took: 0.0001306 seconds
[2019-06-24T10:26:02.916+0000][1][safepoint    ] Application time: 1.0001325 seconds
[2019-06-24T10:26:02.916+0000][1][safepoint    ] Entering safepoint region: Cleanup
[2019-06-24T10:26:02.916+0000][1][safepoint    ] Leaving safepoint region
[2019-06-24T10:26:02.916+0000][1][safepoint    ] Total time for which application threads were stopped: 0.0001272 seconds, Stopping threads took: 0.0000388 seconds
[2019-06-24T10:26:04.234+0000][1][safepoint    ] Application time: 1.3174749 seconds
[2019-06-24T10:26:04.234+0000][1][safepoint    ] Entering safepoint region: Cleanup
[2019-06-24T10:26:04.234+0000][1][safepoint    ] Leaving safepoint region
[2019-06-24T10:26:04.234+0000][1][safepoint    ] Total time for which application threads were stopped: 0.0001176 seconds, Stopping threads took: 0.0000333 seconds
[2019-06-24T10:26:05.234+0000][1][safepoint    ] Application time: 1.0001424 seconds
[2019-06-24T10:26:05.234+0000][1][safepoint    ] Entering safepoint region: Cleanup
[2019-06-24T10:26:05.234+0000][1][safepoint    ] Leaving safepoint region
[2019-06-24T10:26:05.234+0000][1][safepoint    ] Total time for which application threads were stopped: 0.0001080 seconds, Stopping threads took: 0.0000255 seconds
[2019-06-24T10:26:06.234+0000][1][safepoint    ] Application time: 1.0001754 seconds
[2019-06-24T10:26:06.235+0000][1][safepoint    ] Entering safepoint region: Cleanup
[2019-06-24T10:26:06.235+0000][1][safepoint    ] Leaving safepoint region
[2019-06-24T10:26:06.235+0000][1][safepoint    ] Total time for which application threads were stopped: 0.0003173 seconds, Stopping threads took: 0.0000862 seconds
[2019-06-24T10:26:07.235+0000][1][safepoint    ] Application time: 1.0002863 seconds
[2019-06-24T10:26:07.235+0000][1][safepoint    ] Entering safepoint region: Cleanup
[2019-06-24T10:26:07.236+0000][1][safepoint    ] Leaving safepoint region
[2019-06-24T10:26:07.236+0000][1][safepoint    ] Total time for which application threads were stopped: 0.0003523 seconds, Stopping threads took: 0.0000719 seconds
[2019-06-24T10:26:08.236+0000][1][safepoint    ] Application time: 1.0003166 seconds
[2019-06-24T10:26:08.236+0000][1][safepoint    ] Entering safepoint region: Cleanup
[2019-06-24T10:26:08.236+0000][1][safepoint    ] Leaving safepoint region
[2019-06-24T10:26:08.237+0000][1][safepoint    ] Total time for which application threads were stopped: 0.0002962 seconds, Stopping threads took: 0.0000777 seconds
[2019-06-24T10:26:09.237+0000][1][safepoint    ] Application time: 1.0002756 seconds
[2019-06-24T10:26:09.237+0000][1][safepoint    ] Entering safepoint region: Cleanup
[2019-06-24T10:26:09.237+0000][1][safepoint    ] Leaving safepoint region
[2019-06-24T10:26:09.237+0000][1][safepoint    ] Total time for which application threads were stopped: 0.0002369 seconds, Stopping threads took: 0.0000613 seconds
[2019-06-24T10:26:10.237+0000][1][safepoint    ] Application time: 1.0001868 seconds
[2019-06-24T10:26:10.238+0000][1][safepoint    ] Entering safepoint region: Cleanup
[2019-06-24T10:26:10.238+0000][1][safepoint    ] Leaving safepoint region
[2019-06-24T10:26:10.238+0000][1][safepoint    ] Total time for which application threads were stopped: 0.0002655 seconds, Stopping threads took: 0.0000595 seconds
[2019-06-24T10:26:11.238+0000][1][safepoint    ] Application time: 1.0002671 seconds
[2019-06-24T10:26:11.238+0000][1][safepoint    ] Entering safepoint region: Cleanup
[2019-06-24T10:26:11.239+0000][1][safepoint    ] Leaving safepoint region
[2019-06-24T10:26:11.239+0000][1][safepoint    ] Total time for which application threads were stopped: 0.0003845 seconds, Stopping threads took: 0.0000621 seconds
[2019-06-24T10:26:12.239+0000][1][safepoint    ] Application time: 1.0001292 seconds
[2019-06-24T10:26:12.239+0000][1][safepoint    ] Entering safepoint region: Cleanup
[2019-06-24T10:26:12.239+0000][1][safepoint    ] Leaving safepoint region
[2019-06-24T10:26:12.239+0000][1][safepoint    ] Total time for which application threads were stopped: 0.0002047 seconds, Stopping threads took: 0.0000543 seconds
[2019-06-24T10:26:13.239+0000][1][safepoint    ] Application time: 1.0002375 seconds
[2019-06-24T10:26:13.240+0000][1][safepoint    ] Entering safepoint region: Cleanup
[2019-06-24T10:26:13.240+0000][1][safepoint    ] Leaving safepoint region
[2019-06-24T10:26:13.240+0000][1][safepoint    ] Total time for which application threads were stopped: 0.0002654 seconds, Stopping threads took: 0.0000707 seconds
[2019-06-24T10:26:14.240+0000][1][safepoint    ] Application time: 1.0002658 seconds
[2019-06-24T10:26:14.240+0000][1][safepoint    ] Entering safepoint region: Cleanup
[2019-06-24T10:26:14.240+0000][1][safepoint    ] Leaving safepoint region
[2019-06-24T10:26:14.240+0000][1][safepoint    ] Total time for which application threads were stopped: 0.0003068 seconds, Stopping threads took: 0.0000630 seconds
[2019-06-24T10:26:15.241+0000][1][safepoint    ] Application time: 1.0002591 seconds
[2019-06-24T10:26:15.241+0000][1][safepoint    ] Entering safepoint region: Cleanup
[2019-06-24T10:26:15.241+0000][1][safepoint    ] Leaving safepoint region
[2019-06-24T10:26:15.241+0000][1][safepoint    ] Total time for which application threads were stopped: 0.0001938 seconds, Stopping threads took: 0.0000341 seconds
[2019-06-24T10:26:16.241+0000][1][safepoint    ] Application time: 1.0002609 seconds
[2019-06-24T10:26:16.241+0000][1][safepoint    ] Entering safepoint region: Cleanup
[2019-06-24T10:26:16.242+0000][1][safepoint    ] Leaving safepoint region
[2019-06-24T10:26:16.242+0000][1][safepoint    ] Total time for which application threads were stopped: 0.0002361 seconds, Stopping threads took: 0.0000609 seconds
[2019-06-24T10:26:17.242+0000][1][safepoint    ] Application time: 1.0002858 seconds
[2019-06-24T10:26:17.242+0000][1][safepoint    ] Entering safepoint region: Cleanup
[2019-06-24T10:26:17.242+0000][1][safepoint    ] Leaving safepoint region
[2019-06-24T10:26:17.242+0000][1][safepoint    ] Total time for which application threads were stopped: 0.0001371 seconds, Stopping threads took: 0.0000357 seconds
[2019-06-24T10:26:18.242+0000][1][safepoint    ] Application time: 1.0001377 seconds
[2019-06-24T10:26:18.243+0000][1][safepoint    ] Entering safepoint region: Cleanup
[2019-06-24T10:26:18.243+0000][1][safepoint    ] Leaving safepoint region
[2019-06-24T10:26:18.243+0000][1][safepoint    ] Total time for which application threads were stopped: 0.0003588 seconds, Stopping threads took: 0.0001645 seconds
[2019-06-24T10:26:19.932+0000][1][safepoint    ] Application time: 1.6891445 seconds
[2019-06-24T10:26:19.932+0000][1][safepoint    ] Entering safepoint region: Cleanup
[2019-06-24T10:26:19.932+0000][1][safepoint    ] Leaving safepoint region
[2019-06-24T10:26:19.932+0000][1][safepoint    ] Total time for which application threads were stopped: 0.0002011 seconds, Stopping threads took: 0.0000849 seconds
[2019-06-24T10:26:20.932+0000][1][safepoint    ] Application time: 1.0001921 seconds
[2019-06-24T10:26:20.933+0000][1][safepoint    ] Entering safepoint region: Cleanup
[2019-06-24T10:26:20.933+0000][1][safepoint    ] Leaving safepoint region
[2019-06-24T10:26:20.933+0000][1][safepoint    ] Total time for which application threads were stopped: 0.0002478 seconds, Stopping threads took: 0.0000715 seconds
[2019-06-24T10:26:21.933+0000][1][safepoint    ] Application time: 1.0001637 seconds
[2019-06-24T10:26:21.933+0000][1][safepoint    ] Entering safepoint region: Cleanup
[2019-06-24T10:26:21.933+0000][1][safepoint    ] Leaving safepoint region
[2019-06-24T10:26:21.933+0000][1][safepoint    ] Total time for which application threads were stopped: 0.0002699 seconds, Stopping threads took: 0.0000636 seconds
[2019-06-24T10:26:22.934+0000][1][safepoint    ] Application time: 1.0001925 seconds
[2019-06-24T10:26:22.934+0000][1][safepoint    ] Entering safepoint region: Cleanup
[2019-06-24T10:26:22.934+0000][1][safepoint    ] Leaving safepoint region
[2019-06-24T10:26:22.934+0000][1][safepoint    ] Total time for which application threads were stopped: 0.0002454 seconds, Stopping threads took: 0.0000628 seconds
[2019-06-24T10:26:23.934+0000][1][safepoint    ] Application time: 1.0000970 seconds
[2019-06-24T10:26:23.934+0000][1][safepoint    ] Entering safepoint region: Cleanup
[2019-06-24T10:26:23.934+0000][1][safepoint    ] Leaving safepoint region
[2019-06-24T10:26:23.934+0000][1][safepoint    ] Total time for which application threads were stopped: 0.0000901 seconds, Stopping threads took: 0.0000249 seconds
[2019-06-24T10:26:24.934+0000][1][safepoint    ] Application time: 1.0001727 seconds
[2019-06-24T10:26:24.935+0000][1][safepoint    ] Entering safepoint region: Cleanup
[2019-06-24T10:26:24.935+0000][1][safepoint    ] Leaving safepoint region
[2019-06-24T10:26:24.935+0000][1][safepoint    ] Total time for which application threads were stopped: 0.0003854 seconds, Stopping threads took: 0.0001635 seconds
[2019-06-24T10:26:25.935+0000][1][safepoint    ] Application time: 1.0002273 seconds
[2019-06-24T10:26:25.935+0000][1][safepoint    ] Entering safepoint region: Cleanup
[2019-06-24T10:26:25.935+0000][1][safepoint    ] Leaving safepoint region
[2019-06-24T10:26:25.935+0000][1][safepoint    ] Total time for which application threads were stopped: 0.0003031 seconds, Stopping threads took: 0.0000855 seconds
[2019-06-24T10:26:26.936+0000][1][safepoint    ] Application time: 1.0001888 seconds
[2019-06-24T10:26:26.936+0000][1][safepoint    ] Entering safepoint region: Cleanup
[2019-06-24T10:26:26.936+0000][1][safepoint    ] Leaving safepoint region
[2019-06-24T10:26:26.936+0000][1][safepoint    ] Total time for which application threads were stopped: 0.0003069 seconds, Stopping threads took: 0.0001315 seconds
[2019-06-24T10:26:27.936+0000][1][safepoint    ] Application time: 1.0002042 seconds
[2019-06-24T10:26:27.937+0000][1][safepoint    ] Entering safepoint region: Cleanup
[2019-06-24T10:26:27.937+0000][1][safepoint    ] Leaving safepoint region
[2019-06-24T10:26:27.937+0000][1][safepoint    ] Total time for which application threads were stopped: 0.0002675 seconds, Stopping threads took: 0.0000687 seconds
[2019-06-24T10:26:28.937+0000][1][safepoint    ] Application time: 1.0002744 seconds
[2019-06-24T10:26:28.937+0000][1][safepoint    ] Entering safepoint region: Cleanup
[2019-06-24T10:26:28.937+0000][1][safepoint    ] Leaving safepoint region
[2019-06-24T10:26:28.938+0000][1][safepoint    ] Total time for which application threads were stopped: 0.0003445 seconds, Stopping threads took: 0.0000628 seconds
[2019-06-24T10:26:29.938+0000][1][safepoint    ] Application time: 1.0002709 seconds
[2019-06-24T10:26:29.938+0000][1][safepoint    ] Entering safepoint region: Cleanup
[2019-06-24T10:26:29.938+0000][1][safepoint    ] Leaving safepoint region
[2019-06-24T10:26:29.938+0000][1][safepoint    ] Total time for which application threads were stopped: 0.0002499 seconds, Stopping threads took: 0.0000610 seconds
[2019-06-24T10:26:30.938+0000][1][safepoint    ] Application time: 1.0001387 seconds
[2019-06-24T10:26:30.939+0000][1][safepoint    ] Entering safepoint region: Cleanup
[2019-06-24T10:26:30.939+0000][1][safepoint    ] Leaving safepoint region
[2019-06-24T10:26:30.939+0000][1][safepoint    ] Total time for which application threads were stopped: 0.0001200 seconds, Stopping threads took: 0.0000349 seconds
[2019-06-24T10:26:31.939+0000][1][safepoint    ] Application time: 1.0001377 seconds
[2019-06-24T10:26:31.939+0000][1][safepoint    ] Entering safepoint region: Cleanup
[2019-06-24T10:26:31.940+0000][1][safepoint    ] Leaving safepoint region
[2019-06-24T10:26:31.940+0000][1][safepoint    ] Total time for which application threads were stopped: 0.0012250 seconds, Stopping threads took: 0.0009513 seconds
[2019-06-24T10:26:32.941+0000][1][safepoint    ] Application time: 1.0002670 seconds
[2019-06-24T10:26:32.941+0000][1][safepoint    ] Entering safepoint region: Cleanup
[2019-06-24T10:26:32.941+0000][1][safepoint    ] Leaving safepoint region
[2019-06-24T10:26:32.941+0000][1][safepoint    ] Total time for which application threads were stopped: 0.0002315 seconds, Stopping threads took: 0.0000615 seconds
[2019-06-24T10:26:33.941+0000][1][safepoint    ] Application time: 1.0001421 seconds
[2019-06-24T10:26:33.941+0000][1][safepoint    ] Entering safepoint region: Cleanup
[2019-06-24T10:26:33.941+0000][1][safepoint    ] Leaving safepoint region
[2019-06-24T10:26:33.941+0000][1][safepoint    ] Total time for which application threads were stopped: 0.0000996 seconds, Stopping threads took: 0.0000255 seconds
[2019-06-24T10:26:34.948+0000][1][safepoint    ] Application time: 1.0072125 seconds
[2019-06-24T10:26:34.949+0000][1][safepoint    ] Entering safepoint region: Cleanup
[2019-06-24T10:26:34.949+0000][1][safepoint    ] Leaving safepoint region
[2019-06-24T10:26:34.949+0000][1][safepoint    ] Total time for which application threads were stopped: 0.0003006 seconds, Stopping threads took: 0.0001227 seconds
[2019-06-24T10:26:35.949+0000][1][safepoint    ] Application time: 1.0002739 seconds
[2019-06-24T10:26:35.949+0000][1][safepoint    ] Entering safepoint region: Cleanup
[2019-06-24T10:26:35.949+0000][1][safepoint    ] Leaving safepoint region
[2019-06-24T10:26:35.949+0000][1][safepoint    ] Total time for which application threads were stopped: 0.0001519 seconds, Stopping threads took: 0.0000431 seconds
[2019-06-24T10:26:36.950+0000][1][safepoint    ] Application time: 1.0002595 seconds
[2019-06-24T10:26:36.950+0000][1][safepoint    ] Entering safepoint region: Cleanup
[2019-06-24T10:26:36.950+0000][1][safepoint    ] Leaving safepoint region
[2019-06-24T10:26:36.950+0000][1][safepoint    ] Total time for which application threads were stopped: 0.0003466 seconds, Stopping threads took: 0.0000944 seconds
[2019-06-24T10:26:37.950+0000][1][safepoint    ] Application time: 1.0002651 seconds
[2019-06-24T10:26:37.951+0000][1][safepoint    ] Entering safepoint region: Cleanup
[2019-06-24T10:26:37.951+0000][1][safepoint    ] Leaving safepoint region
[2019-06-24T10:26:37.951+0000][1][safepoint    ] Total time for which application threads were stopped: 0.0003155 seconds, Stopping threads took: 0.0000761 seconds
[2019-06-24T10:26:38.951+0000][1][safepoint    ] Application time: 1.0002623 seconds
[2019-06-24T10:26:38.951+0000][1][safepoint    ] Entering safepoint region: Cleanup
[2019-06-24T10:26:38.951+0000][1][safepoint    ] Leaving safepoint region
[2019-06-24T10:26:38.951+0000][1][safepoint    ] Total time for which application threads were stopped: 0.0001429 seconds, Stopping threads took: 0.0000373 seconds
[2019-06-24T10:26:39.952+0000][1][safepoint    ] Application time: 1.0002761 seconds
[2019-06-24T10:26:39.952+0000][1][safepoint    ] Entering safepoint region: Cleanup
[2019-06-24T10:26:39.952+0000][1][safepoint    ] Leaving safepoint region
[2019-06-24T10:26:39.952+0000][1][safepoint    ] Total time for which application threads were stopped: 0.0002716 seconds, Stopping threads took: 0.0000726 seconds
[2019-06-24T10:26:40.952+0000][1][safepoint    ] Application time: 1.0002727 seconds
[2019-06-24T10:26:40.953+0000][1][safepoint    ] Entering safepoint region: Cleanup
[2019-06-24T10:26:40.953+0000][1][safepoint    ] Leaving safepoint region
[2019-06-24T10:26:40.953+0000][1][safepoint    ] Total time for which application threads were stopped: 0.0002504 seconds, Stopping threads took: 0.0000617 seconds
[2019-06-24T10:26:41.953+0000][1][safepoint    ] Application time: 1.0001822 seconds
[2019-06-24T10:26:41.953+0000][1][safepoint    ] Entering safepoint region: Cleanup
[2019-06-24T10:26:41.953+0000][1][safepoint    ] Leaving safepoint region
[2019-06-24T10:26:41.953+0000][1][safepoint    ] Total time for which application threads were stopped: 0.0002622 seconds, Stopping threads took: 0.0000621 seconds
[2019-06-24T10:26:42.954+0000][1][safepoint    ] Application time: 1.0002073 seconds
[2019-06-24T10:26:42.954+0000][1][safepoint    ] Entering safepoint region: Cleanup
[2019-06-24T10:26:42.954+0000][1][safepoint    ] Leaving safepoint region
[2019-06-24T10:26:42.954+0000][1][safepoint    ] Total time for which application threads were stopped: 0.0002846 seconds, Stopping threads took: 0.0000610 seconds
[2019-06-24T10:26:43.954+0000][1][safepoint    ] Application time: 1.0002789 seconds
[2019-06-24T10:26:43.954+0000][1][safepoint    ] Entering safepoint region: Cleanup
[2019-06-24T10:26:43.955+0000][1][safepoint    ] Leaving safepoint region
[2019-06-24T10:26:43.955+0000][1][safepoint    ] Total time for which application threads were stopped: 0.0003671 seconds, Stopping threads took: 0.0001551 seconds
[2019-06-24T10:26:44.955+0000][1][safepoint    ] Application time: 1.0002292 seconds
[2019-06-24T10:26:44.955+0000][1][safepoint    ] Entering safepoint region: Cleanup
[2019-06-24T10:26:44.955+0000][1][safepoint    ] Leaving safepoint region
[2019-06-24T10:26:44.955+0000][1][safepoint    ] Total time for which application threads were stopped: 0.0002048 seconds, Stopping threads took: 0.0000557 seconds
[2019-06-24T10:26:45.956+0000][1][safepoint    ] Application time: 1.0002694 seconds
[2019-06-24T10:26:45.956+0000][1][safepoint    ] Entering safepoint region: Cleanup
[2019-06-24T10:26:45.956+0000][1][safepoint    ] Leaving safepoint region
[2019-06-24T10:26:45.956+0000][1][safepoint    ] Total time for which application threads were stopped: 0.0002331 seconds, Stopping threads took: 0.0000618 seconds
[2019-06-24T10:26:46.956+0000][1][safepoint    ] Application time: 1.0001390 seconds
[2019-06-24T10:26:46.956+0000][1][safepoint    ] Entering safepoint region: Cleanup
[2019-06-24T10:26:46.956+0000][1][safepoint    ] Leaving safepoint region
[2019-06-24T10:26:46.956+0000][1][safepoint    ] Total time for which application threads were stopped: 0.0000927 seconds, Stopping threads took: 0.0000299 seconds
[2019-06-24T10:26:47.957+0000][1][safepoint    ] Application time: 1.0002510 seconds
[2019-06-24T10:26:47.957+0000][1][safepoint    ] Entering safepoint region: Cleanup
[2019-06-24T10:26:47.957+0000][1][safepoint    ] Leaving safepoint region
[2019-06-24T10:26:47.957+0000][1][safepoint    ] Total time for which application threads were stopped: 0.0002378 seconds, Stopping threads took: 0.0000635 seconds
[2019-06-24T10:26:48.957+0000][1][safepoint    ] Application time: 1.0001862 seconds
[2019-06-24T10:26:48.957+0000][1][safepoint    ] Entering safepoint region: Cleanup
[2019-06-24T10:26:48.957+0000][1][safepoint    ] Leaving safepoint region
[2019-06-24T10:26:48.957+0000][1][safepoint    ] Total time for which application threads were stopped: 0.0002318 seconds, Stopping threads took: 0.0000624 seconds
[2019-06-24T10:26:49.958+0000][1][safepoint    ] Application time: 1.0002649 seconds
[2019-06-24T10:26:49.958+0000][1][safepoint    ] Entering safepoint region: Cleanup
[2019-06-24T10:26:49.958+0000][1][safepoint    ] Leaving safepoint region
[2019-06-24T10:26:49.958+0000][1][safepoint    ] Total time for which application threads were stopped: 0.0002368 seconds, Stopping threads took: 0.0000634 seconds
[2019-06-24T10:26:50.958+0000][1][safepoint    ] Application time: 1.0001478 seconds
[2019-06-24T10:26:50.958+0000][1][safepoint    ] Entering safepoint region: Cleanup
[2019-06-24T10:26:50.959+0000][1][safepoint    ] Leaving safepoint region
[2019-06-24T10:26:50.959+0000][1][safepoint    ] Total time for which application threads were stopped: 0.0004012 seconds, Stopping threads took: 0.0001854 seconds
[2019-06-24T10:26:51.959+0000][1][safepoint    ] Application time: 1.0001639 seconds
[2019-06-24T10:26:51.959+0000][1][safepoint    ] Entering safepoint region: Cleanup
[2019-06-24T10:26:51.959+0000][1][safepoint    ] Leaving safepoint region
[2019-06-24T10:26:51.959+0000][1][safepoint    ] Total time for which application threads were stopped: 0.0002340 seconds, Stopping threads took: 0.0000620 seconds
[2019-06-24T10:26:52.960+0000][1][safepoint    ] Application time: 1.0002660 seconds
[2019-06-24T10:26:52.960+0000][1][safepoint    ] Entering safepoint region: Cleanup
[2019-06-24T10:26:52.960+0000][1][safepoint    ] Leaving safepoint region
[2019-06-24T10:26:52.960+0000][1][safepoint    ] Total time for which application threads were stopped: 0.0002304 seconds, Stopping threads took: 0.0000606 seconds
[2019-06-24T10:26:53.960+0000][1][safepoint    ] Application time: 1.0002836 seconds
[2019-06-24T10:26:53.960+0000][1][safepoint    ] Entering safepoint region: Cleanup
[2019-06-24T10:26:53.961+0000][1][safepoint    ] Leaving safepoint region
[2019-06-24T10:26:53.961+0000][1][safepoint    ] Total time for which application threads were stopped: 0.0002738 seconds, Stopping threads took: 0.0000726 seconds
[2019-06-24T10:26:54.961+0000][1][safepoint    ] Application time: 1.0002951 seconds
[2019-06-24T10:26:54.961+0000][1][safepoint    ] Entering safepoint region: Cleanup
[2019-06-24T10:26:54.961+0000][1][safepoint    ] Leaving safepoint region
[2019-06-24T10:26:54.961+0000][1][safepoint    ] Total time for which application threads were stopped: 0.0002961 seconds, Stopping threads took: 0.0000773 seconds
[2019-06-24T10:26:55.962+0000][1][safepoint    ] Application time: 1.0002742 seconds
[2019-06-24T10:26:55.962+0000][1][safepoint    ] Entering safepoint region: Cleanup
[2019-06-24T10:26:55.962+0000][1][safepoint    ] Leaving safepoint region
[2019-06-24T10:26:55.962+0000][1][safepoint    ] Total time for which application threads were stopped: 0.0002367 seconds, Stopping threads took: 0.0000615 seconds
[2019-06-24T10:26:56.962+0000][1][safepoint    ] Application time: 1.0002680 seconds
[2019-06-24T10:26:56.963+0000][1][safepoint    ] Entering safepoint region: Cleanup
[2019-06-24T10:26:56.963+0000][1][safepoint    ] Leaving safepoint region
[2019-06-24T10:26:56.963+0000][1][safepoint    ] Total time for which application threads were stopped: 0.0002385 seconds, Stopping threads took: 0.0000664 seconds
[2019-06-24T10:26:57.963+0000][1][safepoint    ] Application time: 1.0002689 seconds
[2019-06-24T10:26:57.963+0000][1][safepoint    ] Entering safepoint region: Cleanup
[2019-06-24T10:26:57.963+0000][1][safepoint    ] Leaving safepoint region
[2019-06-24T10:26:57.963+0000][1][safepoint    ] Total time for which application threads were stopped: 0.0002321 seconds, Stopping threads took: 0.0000599 seconds
[2019-06-24T10:26:58.964+0000][1][safepoint    ] Application time: 1.0002793 seconds
[2019-06-24T10:26:58.964+0000][1][safepoint    ] Entering safepoint region: Cleanup
[2019-06-24T10:26:58.964+0000][1][safepoint    ] Leaving safepoint region
[2019-06-24T10:26:58.964+0000][1][safepoint    ] Total time for which application threads were stopped: 0.0002445 seconds, Stopping threads took: 0.0000616 seconds
[2019-06-24T10:26:59.964+0000][1][safepoint    ] Application time: 1.0002823 seconds
[2019-06-24T10:26:59.965+0000][1][safepoint    ] Entering safepoint region: Cleanup
[2019-06-24T10:26:59.965+0000][1][safepoint    ] Leaving safepoint region
[2019-06-24T10:26:59.965+0000][1][safepoint    ] Total time for which application threads were stopped: 0.0002390 seconds, Stopping threads took: 0.0000625 seconds
[2019-06-24T10:27:00.965+0000][1][safepoint    ] Application time: 1.0002662 seconds
[2019-06-24T10:27:00.965+0000][1][safepoint    ] Entering safepoint region: Cleanup
[2019-06-24T10:27:00.965+0000][1][safepoint    ] Leaving safepoint region
[2019-06-24T10:27:00.965+0000][1][safepoint    ] Total time for which application threads were stopped: 0.0002399 seconds, Stopping threads took: 0.0000612 seconds
[2019-06-24T10:27:01.966+0000][1][safepoint    ] Application time: 1.0002563 seconds
[2019-06-24T10:27:01.966+0000][1][safepoint    ] Entering safepoint region: Cleanup
[2019-06-24T10:27:01.966+0000][1][safepoint    ] Leaving safepoint region
[2019-06-24T10:27:01.966+0000][1][safepoint    ] Total time for which application threads were stopped: 0.0002704 seconds, Stopping threads took: 0.0000950 seconds
[2019-06-24T10:27:02.966+0000][1][safepoint    ] Application time: 1.0002377 seconds
[2019-06-24T10:27:02.967+0000][1][safepoint    ] Entering safepoint region: Cleanup
[2019-06-24T10:27:02.967+0000][1][safepoint    ] Leaving safepoint region
[2019-06-24T10:27:02.967+0000][1][safepoint    ] Total time for which application threads were stopped: 0.0002210 seconds, Stopping threads took: 0.0000718 seconds
[2019-06-24T10:27:03.967+0000][1][safepoint    ] Application time: 1.0002749 seconds
[2019-06-24T10:27:03.967+0000][1][safepoint    ] Entering safepoint region: Cleanup
[2019-06-24T10:27:03.967+0000][1][safepoint    ] Leaving safepoint region
[2019-06-24T10:27:03.967+0000][1][safepoint    ] Total time for which application threads were stopped: 0.0002390 seconds, Stopping threads took: 0.0000635 seconds
[2019-06-24T10:27:04.968+0000][1][safepoint    ] Application time: 1.0002078 seconds
[2019-06-24T10:27:04.968+0000][1][safepoint    ] Entering safepoint region: Cleanup
[2019-06-24T10:27:04.968+0000][1][safepoint    ] Leaving safepoint region
[2019-06-24T10:27:04.968+0000][1][safepoint    ] Total time for which application threads were stopped: 0.0002398 seconds, Stopping threads took: 0.0000628 seconds
[2019-06-24T10:27:05.968+0000][1][safepoint    ] Application time: 1.0003813 seconds
[2019-06-24T10:27:05.968+0000][1][safepoint    ] Entering safepoint region: Cleanup
[2019-06-24T10:27:05.969+0000][1][safepoint    ] Leaving safepoint region
[2019-06-24T10:27:05.969+0000][1][safepoint    ] Total time for which application threads were stopped: 0.0000932 seconds, Stopping threads took: 0.0000231 seconds
[2019-06-24T10:27:06.969+0000][1][safepoint    ] Application time: 1.0002495 seconds
[2019-06-24T10:27:06.969+0000][1][safepoint    ] Entering safepoint region: Cleanup
[2019-06-24T10:27:06.969+0000][1][safepoint    ] Leaving safepoint region
[2019-06-24T10:27:06.969+0000][1][safepoint    ] Total time for which application threads were stopped: 0.0002420 seconds, Stopping threads took: 0.0000642 seconds
[2019-06-24T10:27:07.969+0000][1][safepoint    ] Application time: 1.0002677 seconds
[2019-06-24T10:27:07.970+0000][1][safepoint    ] Entering safepoint region: Cleanup
[2019-06-24T10:27:07.970+0000][1][safepoint    ] Leaving safepoint region
[2019-06-24T10:27:07.970+0000][1][safepoint    ] Total time for which application threads were stopped: 0.0002396 seconds, Stopping threads took: 0.0000620 seconds
[2019-06-24T10:27:08.970+0000][1][safepoint    ] Application time: 1.0002620 seconds
[2019-06-24T10:27:08.970+0000][1][safepoint    ] Entering safepoint region: Cleanup
[2019-06-24T10:27:08.970+0000][1][safepoint    ] Leaving safepoint region
[2019-06-24T10:27:08.970+0000][1][safepoint    ] Total time for which application threads were stopped: 0.0002363 seconds, Stopping threads took: 0.0000626 seconds
[2019-06-24T10:27:09.971+0000][1][safepoint    ] Application time: 1.0002907 seconds
[2019-06-24T10:27:09.971+0000][1][safepoint    ] Entering safepoint region: Cleanup
[2019-06-24T10:27:09.971+0000][1][safepoint    ] Leaving safepoint region
[2019-06-24T10:27:09.971+0000][1][safepoint    ] Total time for which application threads were stopped: 0.0002388 seconds, Stopping threads took: 0.0000637 seconds
[2019-06-24T10:27:10.971+0000][1][safepoint    ] Application time: 1.0002034 seconds
[2019-06-24T10:27:10.972+0000][1][safepoint    ] Entering safepoint region: Cleanup
[2019-06-24T10:27:10.972+0000][1][safepoint    ] Leaving safepoint region
[2019-06-24T10:27:10.972+0000][1][safepoint    ] Total time for which application threads were stopped: 0.0003070 seconds, Stopping threads took: 0.0000625 seconds
[2019-06-24T10:27:12.022+0000][1][safepoint    ] Application time: 1.0503320 seconds
[2019-06-24T10:27:12.022+0000][1][safepoint    ] Entering safepoint region: Cleanup
[2019-06-24T10:27:12.023+0000][1][safepoint    ] Leaving safepoint region
[2019-06-24T10:27:12.023+0000][1][safepoint    ] Total time for which application threads were stopped: 0.0002940 seconds, Stopping threads took: 0.0000618 seconds
[2019-06-24T10:27:13.023+0000][1][safepoint    ] Application time: 1.0001445 seconds
[2019-06-24T10:27:13.023+0000][1][safepoint    ] Entering safepoint region: Cleanup
[2019-06-24T10:27:13.023+0000][1][safepoint    ] Leaving safepoint region
[2019-06-24T10:27:13.023+0000][1][safepoint    ] Total time for which application threads were stopped: 0.0002769 seconds, Stopping threads took: 0.0000998 seconds
[2019-06-24T10:27:14.023+0000][1][safepoint    ] Application time: 1.0002417 seconds
[2019-06-24T10:27:14.024+0000][1][safepoint    ] Entering safepoint region: Cleanup
[2019-06-24T10:27:14.024+0000][1][safepoint    ] Leaving safepoint region
[2019-06-24T10:27:14.024+0000][1][safepoint    ] Total time for which application threads were stopped: 0.0002695 seconds, Stopping threads took: 0.0000718 seconds
[2019-06-24T10:27:16.024+0000][1][safepoint    ] Application time: 2.0004263 seconds
[2019-06-24T10:27:16.024+0000][1][safepoint    ] Entering safepoint region: Cleanup
[2019-06-24T10:27:16.025+0000][1][safepoint    ] Leaving safepoint region
[2019-06-24T10:27:16.025+0000][1][safepoint    ] Total time for which application threads were stopped: 0.0002802 seconds, Stopping threads took: 0.0000762 seconds
[2019-06-24T10:27:17.025+0000][1][safepoint    ] Application time: 1.0002089 seconds
[2019-06-24T10:27:17.025+0000][1][safepoint    ] Entering safepoint region: Cleanup
[2019-06-24T10:27:17.025+0000][1][safepoint    ] Leaving safepoint region
[2019-06-24T10:27:17.025+0000][1][safepoint    ] Total time for which application threads were stopped: 0.0003516 seconds, Stopping threads took: 0.0000749 seconds
[2019-06-24T10:27:18.026+0000][1][safepoint    ] Application time: 1.0002520 seconds
[2019-06-24T10:27:18.026+0000][1][safepoint    ] Entering safepoint region: Cleanup
[2019-06-24T10:27:18.026+0000][1][safepoint    ] Leaving safepoint region
[2019-06-24T10:27:18.026+0000][1][safepoint    ] Total time for which application threads were stopped: 0.0003244 seconds, Stopping threads took: 0.0001092 seconds
[2019-06-24T10:27:19.026+0000][1][safepoint    ] Application time: 1.0002008 seconds
[2019-06-24T10:27:19.027+0000][1][safepoint    ] Entering safepoint region: Cleanup
[2019-06-24T10:27:19.027+0000][1][safepoint    ] Leaving safepoint region
[2019-06-24T10:27:19.027+0000][1][safepoint    ] Total time for which application threads were stopped: 0.0002330 seconds, Stopping threads took: 0.0000785 seconds
[2019-06-24T10:27:20.027+0000][1][safepoint    ] Application time: 1.0001546 seconds
[2019-06-24T10:27:20.027+0000][1][safepoint    ] Entering safepoint region: Cleanup
[2019-06-24T10:27:20.027+0000][1][safepoint    ] Leaving safepoint region
[2019-06-24T10:27:20.027+0000][1][safepoint    ] Total time for which application threads were stopped: 0.0002261 seconds, Stopping threads took: 0.0000584 seconds
[2019-06-24T10:27:21.028+0000][1][safepoint    ] Application time: 1.0002210 seconds
[2019-06-24T10:27:21.028+0000][1][safepoint    ] Entering safepoint region: Cleanup
[2019-06-24T10:27:21.028+0000][1][safepoint    ] Leaving safepoint region
[2019-06-24T10:27:21.028+0000][1][safepoint    ] Total time for which application threads were stopped: 0.0003038 seconds, Stopping threads took: 0.0000951 seconds
[2019-06-24T10:27:22.028+0000][1][safepoint    ] Application time: 1.0003021 seconds
[2019-06-24T10:27:22.028+0000][1][safepoint    ] Entering safepoint region: Cleanup
[2019-06-24T10:27:22.029+0000][1][safepoint    ] Leaving safepoint region
[2019-06-24T10:27:22.029+0000][1][safepoint    ] Total time for which application threads were stopped: 0.0003712 seconds, Stopping threads took: 0.0001001 seconds
[2019-06-24T10:27:23.029+0000][1][safepoint    ] Application time: 1.0001525 seconds
[2019-06-24T10:27:23.029+0000][1][safepoint    ] Entering safepoint region: Cleanup
[2019-06-24T10:27:23.029+0000][1][safepoint    ] Leaving safepoint region
[2019-06-24T10:27:23.029+0000][1][safepoint    ] Total time for which application threads were stopped: 0.0002756 seconds, Stopping threads took: 0.0000895 seconds
[2019-06-24T10:27:24.030+0000][1][safepoint    ] Application time: 1.0001548 seconds
[2019-06-24T10:27:24.030+0000][1][safepoint    ] Entering safepoint region: Cleanup
[2019-06-24T10:27:24.030+0000][1][safepoint    ] Leaving safepoint region
[2019-06-24T10:27:24.030+0000][1][safepoint    ] Total time for which application threads were stopped: 0.0002775 seconds, Stopping threads took: 0.0000925 seconds
[2019-06-24T10:27:25.030+0000][1][safepoint    ] Application time: 1.0001760 seconds
[2019-06-24T10:27:25.030+0000][1][safepoint    ] Entering safepoint region: Cleanup
[2019-06-24T10:27:25.030+0000][1][safepoint    ] Leaving safepoint region
[2019-06-24T10:27:25.030+0000][1][safepoint    ] Total time for which application threads were stopped: 0.0001503 seconds, Stopping threads took: 0.0000408 seconds
[2019-06-24T10:27:26.031+0000][1][safepoint    ] Application time: 1.0002173 seconds
[2019-06-24T10:27:26.031+0000][1][safepoint    ] Entering safepoint region: Cleanup
[2019-06-24T10:27:26.031+0000][1][safepoint    ] Leaving safepoint region
[2019-06-24T10:27:26.031+0000][1][safepoint    ] Total time for which application threads were stopped: 0.0002360 seconds, Stopping threads took: 0.0000650 seconds
[2019-06-24T10:27:27.031+0000][1][safepoint    ] Application time: 1.0002790 seconds
[2019-06-24T10:27:27.031+0000][1][safepoint    ] Entering safepoint region: Cleanup
[2019-06-24T10:27:27.032+0000][1][safepoint    ] Leaving safepoint region
[2019-06-24T10:27:27.032+0000][1][safepoint    ] Total time for which application threads were stopped: 0.0002584 seconds, Stopping threads took: 0.0000979 seconds
[2019-06-24T10:27:28.032+0000][1][safepoint    ] Application time: 1.0002694 seconds
[2019-06-24T10:27:28.032+0000][1][safepoint    ] Entering safepoint region: Cleanup
[2019-06-24T10:27:28.032+0000][1][safepoint    ] Leaving safepoint region
[2019-06-24T10:27:28.032+0000][1][safepoint    ] Total time for which application threads were stopped: 0.0002562 seconds, Stopping threads took: 0.0000974 seconds
[2019-06-24T10:27:29.032+0000][1][safepoint    ] Application time: 1.0001847 seconds
[2019-06-24T10:27:29.033+0000][1][safepoint    ] Entering safepoint region: Cleanup
[2019-06-24T10:27:29.033+0000][1][safepoint    ] Leaving safepoint region
[2019-06-24T10:27:29.033+0000][1][safepoint    ] Total time for which application threads were stopped: 0.0002143 seconds, Stopping threads took: 0.0000589 seconds
[2019-06-24T10:27:30.033+0000][1][safepoint    ] Application time: 1.0002474 seconds
[2019-06-24T10:27:30.033+0000][1][safepoint    ] Entering safepoint region: Cleanup
[2019-06-24T10:27:30.033+0000][1][safepoint    ] Leaving safepoint region
[2019-06-24T10:27:30.033+0000][1][safepoint    ] Total time for which application threads were stopped: 0.0001182 seconds, Stopping threads took: 0.0000316 seconds
[2019-06-24T10:27:31.034+0000][1][safepoint    ] Application time: 1.0002591 seconds
[2019-06-24T10:27:31.034+0000][1][safepoint    ] Entering safepoint region: Cleanup
[2019-06-24T10:27:31.034+0000][1][safepoint    ] Leaving safepoint region
[2019-06-24T10:27:31.034+0000][1][safepoint    ] Total time for which application threads were stopped: 0.0003236 seconds, Stopping threads took: 0.0001134 seconds
[2019-06-24T10:27:32.034+0000][1][safepoint    ] Application time: 1.0002732 seconds
[2019-06-24T10:27:32.034+0000][1][safepoint    ] Entering safepoint region: Cleanup
[2019-06-24T10:27:32.035+0000][1][safepoint    ] Leaving safepoint region
[2019-06-24T10:27:32.035+0000][1][safepoint    ] Total time for which application threads were stopped: 0.0003215 seconds, Stopping threads took: 0.0000609 seconds
[2019-06-24T10:27:33.035+0000][1][safepoint    ] Application time: 1.0001377 seconds
[2019-06-24T10:27:33.035+0000][1][safepoint    ] Entering safepoint region: Cleanup
[2019-06-24T10:27:33.035+0000][1][safepoint    ] Leaving safepoint region
[2019-06-24T10:27:33.035+0000][1][safepoint    ] Total time for which application threads were stopped: 0.0002324 seconds, Stopping threads took: 0.0000736 seconds
[2019-06-24T10:27:34.036+0000][1][safepoint    ] Application time: 1.0002683 seconds
[2019-06-24T10:27:34.036+0000][1][safepoint    ] Entering safepoint region: Cleanup
[2019-06-24T10:27:34.036+0000][1][safepoint    ] Leaving safepoint region
[2019-06-24T10:27:34.036+0000][1][safepoint    ] Total time for which application threads were stopped: 0.0002291 seconds, Stopping threads took: 0.0000612 seconds
[2019-06-24T10:27:35.036+0000][1][safepoint    ] Application time: 1.0002219 seconds
[2019-06-24T10:27:35.036+0000][1][safepoint    ] Entering safepoint region: Cleanup
[2019-06-24T10:27:35.036+0000][1][safepoint    ] Leaving safepoint region
[2019-06-24T10:27:35.036+0000][1][safepoint    ] Total time for which application threads were stopped: 0.0001262 seconds, Stopping threads took: 0.0000338 seconds
[2019-06-24T10:27:36.037+0000][1][safepoint    ] Application time: 1.0001997 seconds
[2019-06-24T10:27:36.037+0000][1][safepoint    ] Entering safepoint region: Cleanup
[2019-06-24T10:27:36.037+0000][1][safepoint    ] Leaving safepoint region
[2019-06-24T10:27:36.037+0000][1][safepoint    ] Total time for which application threads were stopped: 0.0002327 seconds, Stopping threads took: 0.0000638 seconds
[2019-06-24T10:27:37.037+0000][1][safepoint    ] Application time: 1.0001571 seconds
[2019-06-24T10:27:37.037+0000][1][safepoint    ] Entering safepoint region: Cleanup
[2019-06-24T10:27:37.037+0000][1][safepoint    ] Leaving safepoint region
[2019-06-24T10:27:37.037+0000][1][safepoint    ] Total time for which application threads were stopped: 0.0002361 seconds, Stopping threads took: 0.0000691 seconds
[2019-06-24T10:27:38.038+0000][1][safepoint    ] Application time: 1.0001813 seconds
[2019-06-24T10:27:38.038+0000][1][safepoint    ] Entering safepoint region: Cleanup
[2019-06-24T10:27:38.038+0000][1][safepoint    ] Leaving safepoint region
[2019-06-24T10:27:38.038+0000][1][safepoint    ] Total time for which application threads were stopped: 0.0002421 seconds, Stopping threads took: 0.0000689 seconds
[2019-06-24T10:27:39.038+0000][1][safepoint    ] Application time: 1.0002651 seconds
[2019-06-24T10:27:39.038+0000][1][safepoint    ] Entering safepoint region: Cleanup
[2019-06-24T10:27:39.039+0000][1][safepoint    ] Leaving safepoint region
[2019-06-24T10:27:39.039+0000][1][safepoint    ] Total time for which application threads were stopped: 0.0003009 seconds, Stopping threads took: 0.0000620 seconds
[2019-06-24T10:27:40.039+0000][1][safepoint    ] Application time: 1.0002117 seconds
[2019-06-24T10:27:40.039+0000][1][safepoint    ] Entering safepoint region: Cleanup
[2019-06-24T10:27:40.039+0000][1][safepoint    ] Leaving safepoint region
[2019-06-24T10:27:40.039+0000][1][safepoint    ] Total time for which application threads were stopped: 0.0001084 seconds, Stopping threads took: 0.0000394 seconds
[2019-06-24T10:27:41.039+0000][1][safepoint    ] Application time: 1.0002672 seconds
[2019-06-24T10:27:41.040+0000][1][safepoint    ] Entering safepoint region: Cleanup
[2019-06-24T10:27:41.040+0000][1][safepoint    ] Leaving safepoint region
[2019-06-24T10:27:41.040+0000][1][safepoint    ] Total time for which application threads were stopped: 0.0003395 seconds, Stopping threads took: 0.0001257 seconds
[2019-06-24T10:27:42.040+0000][1][safepoint    ] Application time: 1.0002982 seconds
[2019-06-24T10:27:42.040+0000][1][safepoint    ] Entering safepoint region: Cleanup
[2019-06-24T10:27:42.041+0000][1][safepoint    ] Leaving safepoint region
[2019-06-24T10:27:42.041+0000][1][safepoint    ] Total time for which application threads were stopped: 0.0003201 seconds, Stopping threads took: 0.0001019 seconds
[2019-06-24T10:27:43.041+0000][1][safepoint    ] Application time: 1.0002740 seconds
[2019-06-24T10:27:43.041+0000][1][safepoint    ] Entering safepoint region: Cleanup
[2019-06-24T10:27:43.041+0000][1][safepoint    ] Leaving safepoint region
[2019-06-24T10:27:43.041+0000][1][safepoint    ] Total time for which application threads were stopped: 0.0002546 seconds, Stopping threads took: 0.0000958 seconds
[2019-06-24T10:27:44.042+0000][1][safepoint    ] Application time: 1.0002626 seconds
[2019-06-24T10:27:44.042+0000][1][safepoint    ] Entering safepoint region: Cleanup
[2019-06-24T10:27:44.042+0000][1][safepoint    ] Leaving safepoint region
[2019-06-24T10:27:44.042+0000][1][safepoint    ] Total time for which application threads were stopped: 0.0002207 seconds, Stopping threads took: 0.0000614 seconds
[2019-06-24T10:27:45.042+0000][1][safepoint    ] Application time: 1.0002404 seconds
[2019-06-24T10:27:45.042+0000][1][safepoint    ] Entering safepoint region: Cleanup
[2019-06-24T10:27:45.042+0000][1][safepoint    ] Leaving safepoint region
[2019-06-24T10:27:45.043+0000][1][safepoint    ] Total time for which application threads were stopped: 0.0002993 seconds, Stopping threads took: 0.0000608 seconds
[2019-06-24T10:27:46.043+0000][1][safepoint    ] Application time: 1.0001503 seconds
[2019-06-24T10:27:46.043+0000][1][safepoint    ] Entering safepoint region: Cleanup
[2019-06-24T10:27:46.043+0000][1][safepoint    ] Leaving safepoint region
[2019-06-24T10:27:46.043+0000][1][safepoint    ] Total time for which application threads were stopped: 0.0002183 seconds, Stopping threads took: 0.0000616 seconds
[2019-06-24T10:27:47.043+0000][1][safepoint    ] Application time: 1.0001427 seconds
[2019-06-24T10:27:47.043+0000][1][safepoint    ] Entering safepoint region: Cleanup
[2019-06-24T10:27:47.044+0000][1][safepoint    ] Leaving safepoint region
[2019-06-24T10:27:47.044+0000][1][safepoint    ] Total time for which application threads were stopped: 0.0002265 seconds, Stopping threads took: 0.0000618 seconds
[2019-06-24T10:27:48.044+0000][1][safepoint    ] Application time: 1.0002766 seconds
[2019-06-24T10:27:48.044+0000][1][safepoint    ] Entering safepoint region: Cleanup
[2019-06-24T10:27:48.044+0000][1][safepoint    ] Leaving safepoint region
[2019-06-24T10:27:48.044+0000][1][safepoint    ] Total time for which application threads were stopped: 0.0002340 seconds, Stopping threads took: 0.0000643 seconds
[2019-06-24T10:27:49.045+0000][1][safepoint    ] Application time: 1.0002714 seconds
[2019-06-24T10:27:49.045+0000][1][safepoint    ] Entering safepoint region: Cleanup
[2019-06-24T10:27:49.045+0000][1][safepoint    ] Leaving safepoint region
[2019-06-24T10:27:49.045+0000][1][safepoint    ] Total time for which application threads were stopped: 0.0003301 seconds, Stopping threads took: 0.0001101 seconds
[2019-06-24T10:27:50.045+0000][1][safepoint    ] Application time: 1.0002670 seconds
[2019-06-24T10:27:50.045+0000][1][safepoint    ] Entering safepoint region: Cleanup
[2019-06-24T10:27:50.045+0000][1][safepoint    ] Leaving safepoint region
[2019-06-24T10:27:50.045+0000][1][safepoint    ] Total time for which application threads were stopped: 0.0001321 seconds, Stopping threads took: 0.0000495 seconds
[2019-06-24T10:27:51.046+0000][1][safepoint    ] Application time: 1.0002479 seconds
[2019-06-24T10:27:51.046+0000][1][safepoint    ] Entering safepoint region: Cleanup
[2019-06-24T10:27:51.046+0000][1][safepoint    ] Leaving safepoint region
[2019-06-24T10:27:51.046+0000][1][safepoint    ] Total time for which application threads were stopped: 0.0002690 seconds, Stopping threads took: 0.0001073 seconds
[2019-06-24T10:27:52.046+0000][1][safepoint    ] Application time: 1.0002673 seconds
[2019-06-24T10:27:52.047+0000][1][safepoint    ] Entering safepoint region: Cleanup
[2019-06-24T10:27:52.047+0000][1][safepoint    ] Leaving safepoint region
[2019-06-24T10:27:52.047+0000][1][safepoint    ] Total time for which application threads were stopped: 0.0002983 seconds, Stopping threads took: 0.0000864 seconds
[2019-06-24T10:27:53.047+0000][1][safepoint    ] Application time: 1.0001719 seconds
[2019-06-24T10:27:53.047+0000][1][safepoint    ] Entering safepoint region: Cleanup
[2019-06-24T10:27:53.047+0000][1][safepoint    ] Leaving safepoint region
[2019-06-24T10:27:53.047+0000][1][safepoint    ] Total time for which application threads were stopped: 0.0003387 seconds, Stopping threads took: 0.0000647 seconds
[2019-06-24T10:27:53.081+0000][1][safepoint    ] Application time: 0.0333681 seconds
[2019-06-24T10:27:53.081+0000][1][safepoint    ] Entering safepoint region: GenCollectForAllocation
[2019-06-24T10:27:53.081+0000][1][gc,start     ] GC(29) Pause Young (Allocation Failure)
[2019-06-24T10:27:53.081+0000][1][gc,task      ] GC(29) Using 5 workers of 8 for evacuation
[2019-06-24T10:27:53.084+0000][1][gc,age       ] GC(29) Desired survivor size 4456448 bytes, new threshold 6 (max threshold 6)
[2019-06-24T10:27:53.084+0000][1][gc,age       ] GC(29) Age table with threshold 6 (max threshold 6)
[2019-06-24T10:27:53.084+0000][1][gc,age       ] GC(29) - age   1:      77296 bytes,      77296 total
[2019-06-24T10:27:53.084+0000][1][gc,age       ] GC(29) - age   2:        400 bytes,      77696 total
[2019-06-24T10:27:53.084+0000][1][gc,age       ] GC(29) - age   3:       2432 bytes,      80128 total
[2019-06-24T10:27:53.084+0000][1][gc,age       ] GC(29) - age   4:       2640 bytes,      82768 total
[2019-06-24T10:27:53.084+0000][1][gc,age       ] GC(29) - age   5:       5512 bytes,      88280 total
[2019-06-24T10:27:53.084+0000][1][gc,age       ] GC(29) - age   6:       4208 bytes,      92488 total
[2019-06-24T10:27:53.085+0000][1][gc,heap      ] GC(29) ParNew: 71944K->502K(78656K)
[2019-06-24T10:27:53.085+0000][1][gc,heap      ] GC(29) CMS: 69511K->69517K(174784K)
[2019-06-24T10:27:53.085+0000][1][gc,metaspace ] GC(29) Metaspace: 66972K->66972K(1110016K)
[2019-06-24T10:27:53.085+0000][1][gc           ] GC(29) Pause Young (Allocation Failure) 138M->68M(247M) 3.330ms
[2019-06-24T10:27:53.085+0000][1][gc,cpu       ] GC(29) User=0.01s Sys=0.00s Real=0.01s
[2019-06-24T10:27:53.085+0000][1][safepoint    ] Leaving safepoint region
[2019-06-24T10:27:53.085+0000][1][safepoint    ] Total time for which application threads were stopped: 0.0038246 seconds, Stopping threads took: 0.0000607 seconds
[2019-06-24T10:27:54.085+0000][1][safepoint    ] Application time: 1.0001678 seconds
[2019-06-24T10:27:54.085+0000][1][safepoint    ] Entering safepoint region: Cleanup
[2019-06-24T10:27:54.085+0000][1][safepoint    ] Leaving safepoint region
[2019-06-24T10:27:54.085+0000][1][safepoint    ] Total time for which application threads were stopped: 0.0002504 seconds, Stopping threads took: 0.0000566 seconds
[2019-06-24T10:27:55.086+0000][1][safepoint    ] Application time: 1.0002377 seconds
[2019-06-24T10:27:55.086+0000][1][safepoint    ] Entering safepoint region: Cleanup
[2019-06-24T10:27:55.086+0000][1][safepoint    ] Leaving safepoint region
[2019-06-24T10:27:55.086+0000][1][safepoint    ] Total time for which application threads were stopped: 0.0000997 seconds, Stopping threads took: 0.0000249 seconds
[2019-06-24T10:27:56.086+0000][1][safepoint    ] Application time: 1.0002536 seconds
[2019-06-24T10:27:56.086+0000][1][safepoint    ] Entering safepoint region: Cleanup
[2019-06-24T10:27:56.086+0000][1][safepoint    ] Leaving safepoint region
[2019-06-24T10:27:56.086+0000][1][safepoint    ] Total time for which application threads were stopped: 0.0003006 seconds, Stopping threads took: 0.0000608 seconds
[2019-06-24T10:27:57.087+0000][1][safepoint    ] Application time: 1.0001427 seconds
[2019-06-24T10:27:57.087+0000][1][safepoint    ] Entering safepoint region: Cleanup
[2019-06-24T10:27:57.088+0000][1][safepoint    ] Leaving safepoint region
[2019-06-24T10:27:57.088+0000][1][safepoint    ] Total time for which application threads were stopped: 0.0012942 seconds, Stopping threads took: 0.0010198 seconds
[2019-06-24T10:27:58.088+0000][1][safepoint    ] Application time: 1.0002923 seconds
[2019-06-24T10:27:58.089+0000][1][safepoint    ] Entering safepoint region: Cleanup
[2019-06-24T10:27:58.089+0000][1][safepoint    ] Leaving safepoint region
[2019-06-24T10:27:58.089+0000][1][safepoint    ] Total time for which application threads were stopped: 0.0000894 seconds, Stopping threads took: 0.0000231 seconds
[2019-06-24T10:27:59.089+0000][1][safepoint    ] Application time: 1.0001890 seconds
[2019-06-24T10:27:59.089+0000][1][safepoint    ] Entering safepoint region: Cleanup
[2019-06-24T10:27:59.089+0000][1][safepoint    ] Leaving safepoint region
[2019-06-24T10:27:59.089+0000][1][safepoint    ] Total time for which application threads were stopped: 0.0003184 seconds, Stopping threads took: 0.0000621 seconds
[2019-06-24T10:28:00.090+0000][1][safepoint    ] Application time: 1.0002120 seconds
[2019-06-24T10:28:00.090+0000][1][safepoint    ] Entering safepoint region: Cleanup
[2019-06-24T10:28:00.090+0000][1][safepoint    ] Leaving safepoint region
[2019-06-24T10:28:00.090+0000][1][safepoint    ] Total time for which application threads were stopped: 0.0002655 seconds, Stopping threads took: 0.0000615 seconds
[2019-06-24T10:28:01.090+0000][1][safepoint    ] Application time: 1.0002763 seconds
[2019-06-24T10:28:01.090+0000][1][safepoint    ] Entering safepoint region: Cleanup
[2019-06-24T10:28:01.091+0000][1][safepoint    ] Leaving safepoint region
[2019-06-24T10:28:01.091+0000][1][safepoint    ] Total time for which application threads were stopped: 0.0004476 seconds, Stopping threads took: 0.0000738 seconds
[2019-06-24T10:28:02.091+0000][1][safepoint    ] Application time: 1.0001591 seconds
[2019-06-24T10:28:02.091+0000][1][safepoint    ] Entering safepoint region: Cleanup
[2019-06-24T10:28:02.092+0000][1][safepoint    ] Leaving safepoint region
[2019-06-24T10:28:02.092+0000][1][safepoint    ] Total time for which application threads were stopped: 0.0010242 seconds, Stopping threads took: 0.0008398 seconds
[2019-06-24T10:28:03.092+0000][1][safepoint    ] Application time: 1.0002340 seconds
[2019-06-24T10:28:03.093+0000][1][safepoint    ] Entering safepoint region: Cleanup
[2019-06-24T10:28:03.093+0000][1][safepoint    ] Leaving safepoint region
[2019-06-24T10:28:03.093+0000][1][safepoint    ] Total time for which application threads were stopped: 0.0002751 seconds, Stopping threads took: 0.0000771 seconds
[2019-06-24T10:28:04.093+0000][1][safepoint    ] Application time: 1.0002773 seconds
[2019-06-24T10:28:04.093+0000][1][safepoint    ] Entering safepoint region: Cleanup
[2019-06-24T10:28:04.093+0000][1][safepoint    ] Leaving safepoint region
[2019-06-24T10:28:04.093+0000][1][safepoint    ] Total time for which application threads were stopped: 0.0002749 seconds, Stopping threads took: 0.0000769 seconds
[2019-06-24T10:28:05.094+0000][1][safepoint    ] Application time: 1.0002546 seconds
[2019-06-24T10:28:05.094+0000][1][safepoint    ] Entering safepoint region: Cleanup
[2019-06-24T10:28:05.094+0000][1][safepoint    ] Leaving safepoint region
[2019-06-24T10:28:05.094+0000][1][safepoint    ] Total time for which application threads were stopped: 0.0002377 seconds, Stopping threads took: 0.0000684 seconds
[2019-06-24T10:28:06.094+0000][1][safepoint    ] Application time: 1.0001819 seconds
[2019-06-24T10:28:06.095+0000][1][safepoint    ] Entering safepoint region: Cleanup
[2019-06-24T10:28:06.095+0000][1][safepoint    ] Leaving safepoint region
[2019-06-24T10:28:06.095+0000][1][safepoint    ] Total time for which application threads were stopped: 0.0004449 seconds, Stopping threads took: 0.0001739 seconds
[2019-06-24T10:28:07.095+0000][1][safepoint    ] Application time: 1.0002636 seconds
[2019-06-24T10:28:07.095+0000][1][safepoint    ] Entering safepoint region: Cleanup
[2019-06-24T10:28:07.096+0000][1][safepoint    ] Leaving safepoint region
[2019-06-24T10:28:07.096+0000][1][safepoint    ] Total time for which application threads were stopped: 0.0002530 seconds, Stopping threads took: 0.0000741 seconds
[2019-06-24T10:28:08.096+0000][1][safepoint    ] Application time: 1.0002658 seconds
[2019-06-24T10:28:08.096+0000][1][safepoint    ] Entering safepoint region: Cleanup
[2019-06-24T10:28:08.096+0000][1][safepoint    ] Leaving safepoint region
[2019-06-24T10:28:08.096+0000][1][safepoint    ] Total time for which application threads were stopped: 0.0002417 seconds, Stopping threads took: 0.0000615 seconds
[2019-06-24T10:28:09.097+0000][1][safepoint    ] Application time: 1.0002558 seconds
[2019-06-24T10:28:09.097+0000][1][safepoint    ] Entering safepoint region: Cleanup
[2019-06-24T10:28:09.097+0000][1][safepoint    ] Leaving safepoint region
[2019-06-24T10:28:09.097+0000][1][safepoint    ] Total time for which application threads were stopped: 0.0002349 seconds, Stopping threads took: 0.0000599 seconds
[2019-06-24T10:28:10.097+0000][1][safepoint    ] Application time: 1.0001900 seconds
[2019-06-24T10:28:10.097+0000][1][safepoint    ] Entering safepoint region: Cleanup
[2019-06-24T10:28:10.097+0000][1][safepoint    ] Leaving safepoint region
[2019-06-24T10:28:10.097+0000][1][safepoint    ] Total time for which application threads were stopped: 0.0002313 seconds, Stopping threads took: 0.0000617 seconds
[2019-06-24T10:28:11.098+0000][1][safepoint    ] Application time: 1.0002516 seconds
[2019-06-24T10:28:11.098+0000][1][safepoint    ] Entering safepoint region: Cleanup
[2019-06-24T10:28:11.098+0000][1][safepoint    ] Leaving safepoint region
[2019-06-24T10:28:11.098+0000][1][safepoint    ] Total time for which application threads were stopped: 0.0002286 seconds, Stopping threads took: 0.0000627 seconds
[2019-06-24T10:28:12.098+0000][1][safepoint    ] Application time: 1.0002548 seconds
[2019-06-24T10:28:12.099+0000][1][safepoint    ] Entering safepoint region: Cleanup
[2019-06-24T10:28:12.100+0000][1][safepoint    ] Leaving safepoint region
[2019-06-24T10:28:12.100+0000][1][safepoint    ] Total time for which application threads were stopped: 0.0011815 seconds, Stopping threads took: 0.0009264 seconds
[2019-06-24T10:28:13.100+0000][1][safepoint    ] Application time: 1.0002559 seconds
[2019-06-24T10:28:13.100+0000][1][safepoint    ] Entering safepoint region: Cleanup
[2019-06-24T10:28:13.100+0000][1][safepoint    ] Leaving safepoint region
[2019-06-24T10:28:13.100+0000][1][safepoint    ] Total time for which application threads were stopped: 0.0003190 seconds, Stopping threads took: 0.0000613 seconds
[2019-06-24T10:28:14.101+0000][1][safepoint    ] Application time: 1.0002626 seconds
[2019-06-24T10:28:14.101+0000][1][safepoint    ] Entering safepoint region: Cleanup
[2019-06-24T10:28:14.101+0000][1][safepoint    ] Leaving safepoint region
[2019-06-24T10:28:14.101+0000][1][safepoint    ] Total time for which application threads were stopped: 0.0003084 seconds, Stopping threads took: 0.0000952 seconds
[2019-06-24T10:28:15.101+0000][1][safepoint    ] Application time: 1.0002673 seconds
[2019-06-24T10:28:15.102+0000][1][safepoint    ] Entering safepoint region: Cleanup
[2019-06-24T10:28:15.102+0000][1][safepoint    ] Leaving safepoint region
[2019-06-24T10:28:15.102+0000][1][safepoint    ] Total time for which application threads were stopped: 0.0002663 seconds, Stopping threads took: 0.0000625 seconds
[2019-06-24T10:28:16.102+0000][1][safepoint    ] Application time: 1.0002430 seconds
[2019-06-24T10:28:16.102+0000][1][safepoint    ] Entering safepoint region: Cleanup
[2019-06-24T10:28:16.102+0000][1][safepoint    ] Leaving safepoint region
[2019-06-24T10:28:16.102+0000][1][safepoint    ] Total time for which application threads were stopped: 0.0003050 seconds, Stopping threads took: 0.0000624 seconds
[2019-06-24T10:28:17.103+0000][1][safepoint    ] Application time: 1.0001506 seconds
[2019-06-24T10:28:17.103+0000][1][safepoint    ] Entering safepoint region: Cleanup
[2019-06-24T10:28:17.104+0000][1][safepoint    ] Leaving safepoint region
[2019-06-24T10:28:17.104+0000][1][safepoint    ] Total time for which application threads were stopped: 0.0011670 seconds, Stopping threads took: 0.0009128 seconds
[2019-06-24T10:28:18.104+0000][1][safepoint    ] Application time: 1.0002602 seconds
[2019-06-24T10:28:18.104+0000][1][safepoint    ] Entering safepoint region: Cleanup
[2019-06-24T10:28:18.105+0000][1][safepoint    ] Leaving safepoint region
[2019-06-24T10:28:18.105+0000][1][safepoint    ] Total time for which application threads were stopped: 0.0002662 seconds, Stopping threads took: 0.0000617 seconds
[2019-06-24T10:28:19.105+0000][1][safepoint    ] Application time: 1.0002140 seconds
[2019-06-24T10:28:19.105+0000][1][safepoint    ] Entering safepoint region: Cleanup
[2019-06-24T10:28:19.105+0000][1][safepoint    ] Leaving safepoint region
[2019-06-24T10:28:19.105+0000][1][safepoint    ] Total time for which application threads were stopped: 0.0002319 seconds, Stopping threads took: 0.0000556 seconds
[2019-06-24T10:28:20.105+0000][1][safepoint    ] Application time: 1.0001989 seconds
[2019-06-24T10:28:20.106+0000][1][safepoint    ] Entering safepoint region: Cleanup
[2019-06-24T10:28:20.106+0000][1][safepoint    ] Leaving safepoint region
[2019-06-24T10:28:20.106+0000][1][safepoint    ] Total time for which application threads were stopped: 0.0002646 seconds, Stopping threads took: 0.0000626 seconds
[2019-06-24T10:28:21.106+0000][1][safepoint    ] Application time: 1.0002658 seconds
[2019-06-24T10:28:21.106+0000][1][safepoint    ] Entering safepoint region: Cleanup
[2019-06-24T10:28:21.107+0000][1][safepoint    ] Leaving safepoint region
[2019-06-24T10:28:21.107+0000][1][safepoint    ] Total time for which application threads were stopped: 0.0003523 seconds, Stopping threads took: 0.0000630 seconds
[2019-06-24T10:28:22.107+0000][1][safepoint    ] Application time: 1.0001442 seconds
[2019-06-24T10:28:22.107+0000][1][safepoint    ] Entering safepoint region: Cleanup
[2019-06-24T10:28:22.108+0000][1][safepoint    ] Leaving safepoint region
[2019-06-24T10:28:22.108+0000][1][safepoint    ] Total time for which application threads were stopped: 0.0011768 seconds, Stopping threads took: 0.0009066 seconds
[2019-06-24T10:28:23.108+0000][1][safepoint    ] Application time: 1.0002622 seconds
[2019-06-24T10:28:23.109+0000][1][safepoint    ] Entering safepoint region: Cleanup
[2019-06-24T10:28:23.109+0000][1][safepoint    ] Leaving safepoint region
[2019-06-24T10:28:23.109+0000][1][safepoint    ] Total time for which application threads were stopped: 0.0002981 seconds, Stopping threads took: 0.0000619 seconds
[2019-06-24T10:28:24.109+0000][1][safepoint    ] Application time: 1.0002646 seconds
[2019-06-24T10:28:24.109+0000][1][safepoint    ] Entering safepoint region: Cleanup
[2019-06-24T10:28:24.109+0000][1][safepoint    ] Leaving safepoint region
[2019-06-24T10:28:24.110+0000][1][safepoint    ] Total time for which application threads were stopped: 0.0002837 seconds, Stopping threads took: 0.0000614 seconds
[2019-06-24T10:28:25.110+0000][1][safepoint    ] Application time: 1.0002233 seconds
[2019-06-24T10:28:25.110+0000][1][safepoint    ] Entering safepoint region: Cleanup
[2019-06-24T10:28:25.110+0000][1][safepoint    ] Leaving safepoint region
[2019-06-24T10:28:25.110+0000][1][safepoint    ] Total time for which application threads were stopped: 0.0003068 seconds, Stopping threads took: 0.0000633 seconds
[2019-06-24T10:28:26.111+0000][1][safepoint    ] Application time: 1.0002935 seconds
[2019-06-24T10:28:26.111+0000][1][safepoint    ] Entering safepoint region: Cleanup
[2019-06-24T10:28:26.111+0000][1][safepoint    ] Leaving safepoint region
[2019-06-24T10:28:26.111+0000][1][safepoint    ] Total time for which application threads were stopped: 0.0003032 seconds, Stopping threads took: 0.0000621 seconds
[2019-06-24T10:28:27.111+0000][1][safepoint    ] Application time: 1.0002243 seconds
[2019-06-24T10:28:27.111+0000][1][safepoint    ] Entering safepoint region: Cleanup
[2019-06-24T10:28:27.112+0000][1][safepoint    ] Leaving safepoint region
[2019-06-24T10:28:27.112+0000][1][safepoint    ] Total time for which application threads were stopped: 0.0003257 seconds, Stopping threads took: 0.0000748 seconds
[2019-06-24T10:28:28.112+0000][1][safepoint    ] Application time: 1.0002374 seconds
[2019-06-24T10:28:28.112+0000][1][safepoint    ] Entering safepoint region: Cleanup
[2019-06-24T10:28:28.112+0000][1][safepoint    ] Leaving safepoint region
[2019-06-24T10:28:28.112+0000][1][safepoint    ] Total time for which application threads were stopped: 0.0003014 seconds, Stopping threads took: 0.0000615 seconds
[2019-06-24T10:28:29.113+0000][1][safepoint    ] Application time: 1.0002720 seconds
[2019-06-24T10:28:29.113+0000][1][safepoint    ] Entering safepoint region: Cleanup
[2019-06-24T10:28:29.113+0000][1][safepoint    ] Leaving safepoint region
[2019-06-24T10:28:29.113+0000][1][safepoint    ] Total time for which application threads were stopped: 0.0003073 seconds, Stopping threads took: 0.0000610 seconds
[2019-06-24T10:28:30.113+0000][1][safepoint    ] Application time: 1.0002735 seconds
[2019-06-24T10:28:30.114+0000][1][safepoint    ] Entering safepoint region: Cleanup
[2019-06-24T10:28:30.114+0000][1][safepoint    ] Leaving safepoint region
[2019-06-24T10:28:30.114+0000][1][safepoint    ] Total time for which application threads were stopped: 0.0003063 seconds, Stopping threads took: 0.0000620 seconds
[2019-06-24T10:28:31.114+0000][1][safepoint    ] Application time: 1.0002180 seconds
[2019-06-24T10:28:31.114+0000][1][safepoint    ] Entering safepoint region: Cleanup
[2019-06-24T10:28:31.114+0000][1][safepoint    ] Leaving safepoint region
[2019-06-24T10:28:31.115+0000][1][safepoint    ] Total time for which application threads were stopped: 0.0003084 seconds, Stopping threads took: 0.0000653 seconds
[2019-06-24T10:28:32.115+0000][1][safepoint    ] Application time: 1.0002849 seconds
[2019-06-24T10:28:32.115+0000][1][safepoint    ] Entering safepoint region: Cleanup
[2019-06-24T10:28:32.115+0000][1][safepoint    ] Leaving safepoint region
[2019-06-24T10:28:32.115+0000][1][safepoint    ] Total time for which application threads were stopped: 0.0003445 seconds, Stopping threads took: 0.0000743 seconds
[2019-06-24T10:28:33.116+0000][1][safepoint    ] Application time: 1.0002634 seconds
[2019-06-24T10:28:33.116+0000][1][safepoint    ] Entering safepoint region: Cleanup
[2019-06-24T10:28:33.116+0000][1][safepoint    ] Leaving safepoint region
[2019-06-24T10:28:33.116+0000][1][safepoint    ] Total time for which application threads were stopped: 0.0002662 seconds, Stopping threads took: 0.0000625 seconds
[2019-06-24T10:28:34.116+0000][1][safepoint    ] Application time: 1.0002524 seconds
[2019-06-24T10:28:34.116+0000][1][safepoint    ] Entering safepoint region: Cleanup
[2019-06-24T10:28:34.117+0000][1][safepoint    ] Leaving safepoint region
[2019-06-24T10:28:34.117+0000][1][safepoint    ] Total time for which application threads were stopped: 0.0002936 seconds, Stopping threads took: 0.0000639 seconds
[2019-06-24T10:28:35.117+0000][1][safepoint    ] Application time: 1.0001806 seconds
[2019-06-24T10:28:35.117+0000][1][safepoint    ] Entering safepoint region: Cleanup
[2019-06-24T10:28:35.117+0000][1][safepoint    ] Leaving safepoint region
[2019-06-24T10:28:35.117+0000][1][safepoint    ] Total time for which application threads were stopped: 0.0003214 seconds, Stopping threads took: 0.0000740 seconds
[2019-06-24T10:28:36.118+0000][1][safepoint    ] Application time: 1.0002761 seconds
[2019-06-24T10:28:36.118+0000][1][safepoint    ] Entering safepoint region: Cleanup
[2019-06-24T10:28:36.118+0000][1][safepoint    ] Leaving safepoint region
[2019-06-24T10:28:36.118+0000][1][safepoint    ] Total time for which application threads were stopped: 0.0002376 seconds, Stopping threads took: 0.0000636 seconds
[2019-06-24T10:28:37.118+0000][1][safepoint    ] Application time: 1.0001461 seconds
[2019-06-24T10:28:37.118+0000][1][safepoint    ] Entering safepoint region: Cleanup
[2019-06-24T10:28:37.118+0000][1][safepoint    ] Leaving safepoint region
[2019-06-24T10:28:37.118+0000][1][safepoint    ] Total time for which application threads were stopped: 0.0001003 seconds, Stopping threads took: 0.0000312 seconds
[2019-06-24T10:28:38.171+0000][1][safepoint    ] Application time: 1.0521427 seconds
[2019-06-24T10:28:38.171+0000][1][safepoint    ] Entering safepoint region: Cleanup
[2019-06-24T10:28:38.171+0000][1][safepoint    ] Leaving safepoint region
[2019-06-24T10:28:38.171+0000][1][safepoint    ] Total time for which application threads were stopped: 0.0002383 seconds, Stopping threads took: 0.0000605 seconds
[2019-06-24T10:28:39.171+0000][1][safepoint    ] Application time: 1.0002403 seconds
[2019-06-24T10:28:39.171+0000][1][safepoint    ] Entering safepoint region: Cleanup
[2019-06-24T10:28:39.171+0000][1][safepoint    ] Leaving safepoint region
[2019-06-24T10:28:39.172+0000][1][safepoint    ] Total time for which application threads were stopped: 0.0002295 seconds, Stopping threads took: 0.0000637 seconds
[2019-06-24T10:28:40.172+0000][1][safepoint    ] Application time: 1.0001476 seconds
[2019-06-24T10:28:40.172+0000][1][safepoint    ] Entering safepoint region: Cleanup
[2019-06-24T10:28:40.172+0000][1][safepoint    ] Leaving safepoint region
[2019-06-24T10:28:40.172+0000][1][safepoint    ] Total time for which application threads were stopped: 0.0000876 seconds, Stopping threads took: 0.0000235 seconds
[2019-06-24T10:28:41.172+0000][1][safepoint    ] Application time: 1.0002343 seconds
[2019-06-24T10:28:41.172+0000][1][safepoint    ] Entering safepoint region: Cleanup
[2019-06-24T10:28:41.172+0000][1][safepoint    ] Leaving safepoint region
[2019-06-24T10:28:41.172+0000][1][safepoint    ] Total time for which application threads were stopped: 0.0002393 seconds, Stopping threads took: 0.0000672 seconds
[2019-06-24T10:28:42.173+0000][1][safepoint    ] Application time: 1.0001320 seconds
[2019-06-24T10:28:42.173+0000][1][safepoint    ] Entering safepoint region: Cleanup
[2019-06-24T10:28:42.173+0000][1][safepoint    ] Leaving safepoint region
[2019-06-24T10:28:42.173+0000][1][safepoint    ] Total time for which application threads were stopped: 0.0003088 seconds, Stopping threads took: 0.0000605 seconds
[2019-06-24T10:28:43.173+0000][1][safepoint    ] Application time: 1.0002447 seconds
[2019-06-24T10:28:43.173+0000][1][safepoint    ] Entering safepoint region: Cleanup
[2019-06-24T10:28:43.174+0000][1][safepoint    ] Leaving safepoint region
[2019-06-24T10:28:43.174+0000][1][safepoint    ] Total time for which application threads were stopped: 0.0002567 seconds, Stopping threads took: 0.0000615 seconds
[2019-06-24T10:28:44.174+0000][1][safepoint    ] Application time: 1.0002363 seconds
[2019-06-24T10:28:44.174+0000][1][safepoint    ] Entering safepoint region: Cleanup
[2019-06-24T10:28:44.174+0000][1][safepoint    ] Leaving safepoint region
[2019-06-24T10:28:44.174+0000][1][safepoint    ] Total time for which application threads were stopped: 0.0002517 seconds, Stopping threads took: 0.0000608 seconds
[2019-06-24T10:28:45.099+0000][1][safepoint    ] Application time: 0.9247663 seconds
[2019-06-24T10:28:45.099+0000][1][safepoint    ] Entering safepoint region: RevokeBias
[2019-06-24T10:28:45.099+0000][1][safepoint    ] Leaving safepoint region
[2019-06-24T10:28:45.100+0000][1][safepoint    ] Total time for which application threads were stopped: 0.0003598 seconds, Stopping threads took: 0.0000883 seconds
[2019-06-24T10:28:46.100+0000][1][safepoint    ] Application time: 1.0002035 seconds
[2019-06-24T10:28:46.100+0000][1][safepoint    ] Entering safepoint region: Cleanup
[2019-06-24T10:28:46.100+0000][1][safepoint    ] Leaving safepoint region
[2019-06-24T10:28:46.100+0000][1][safepoint    ] Total time for which application threads were stopped: 0.0002316 seconds, Stopping threads took: 0.0000629 seconds
[2019-06-24T10:28:47.100+0000][1][safepoint    ] Application time: 1.0002642 seconds
[2019-06-24T10:28:47.101+0000][1][safepoint    ] Entering safepoint region: Cleanup
[2019-06-24T10:28:47.101+0000][1][safepoint    ] Leaving safepoint region
[2019-06-24T10:28:47.101+0000][1][safepoint    ] Total time for which application threads were stopped: 0.0003018 seconds, Stopping threads took: 0.0000764 seconds
[2019-06-24T10:28:48.101+0000][1][safepoint    ] Application time: 1.0002927 seconds
[2019-06-24T10:28:48.101+0000][1][safepoint    ] Entering safepoint region: Cleanup
[2019-06-24T10:28:48.102+0000][1][safepoint    ] Leaving safepoint region
[2019-06-24T10:28:48.102+0000][1][safepoint    ] Total time for which application threads were stopped: 0.0003442 seconds, Stopping threads took: 0.0000728 seconds
[2019-06-24T10:28:49.102+0000][1][safepoint    ] Application time: 1.0002037 seconds
[2019-06-24T10:28:49.102+0000][1][safepoint    ] Entering safepoint region: Cleanup
[2019-06-24T10:28:49.102+0000][1][safepoint    ] Leaving safepoint region
[2019-06-24T10:28:49.102+0000][1][safepoint    ] Total time for which application threads were stopped: 0.0002224 seconds, Stopping threads took: 0.0000627 seconds
[2019-06-24T10:28:50.103+0000][1][safepoint    ] Application time: 1.0002980 seconds
[2019-06-24T10:28:50.103+0000][1][safepoint    ] Entering safepoint region: Cleanup
[2019-06-24T10:28:50.103+0000][1][safepoint    ] Leaving safepoint region
[2019-06-24T10:28:50.103+0000][1][safepoint    ] Total time for which application threads were stopped: 0.0002704 seconds, Stopping threads took: 0.0000989 seconds
[2019-06-24T10:28:51.103+0000][1][safepoint    ] Application time: 1.0002427 seconds
[2019-06-24T10:28:51.103+0000][1][safepoint    ] Entering safepoint region: Cleanup
[2019-06-24T10:28:51.104+0000][1][safepoint    ] Leaving safepoint region
[2019-06-24T10:28:51.104+0000][1][safepoint    ] Total time for which application threads were stopped: 0.0002288 seconds, Stopping threads took: 0.0000664 seconds
[2019-06-24T10:28:52.104+0000][1][safepoint    ] Application time: 1.0002462 seconds
[2019-06-24T10:28:52.104+0000][1][safepoint    ] Entering safepoint region: Cleanup
[2019-06-24T10:28:52.104+0000][1][safepoint    ] Leaving safepoint region
[2019-06-24T10:28:52.104+0000][1][safepoint    ] Total time for which application threads were stopped: 0.0002221 seconds, Stopping threads took: 0.0000655 seconds
[2019-06-24T10:28:53.105+0000][1][safepoint    ] Application time: 1.0002726 seconds
[2019-06-24T10:28:53.105+0000][1][safepoint    ] Entering safepoint region: Cleanup
[2019-06-24T10:28:53.105+0000][1][safepoint    ] Leaving safepoint region
[2019-06-24T10:28:53.105+0000][1][safepoint    ] Total time for which application threads were stopped: 0.0002295 seconds, Stopping threads took: 0.0000653 seconds
[2019-06-24T10:28:54.105+0000][1][safepoint    ] Application time: 1.0002718 seconds
[2019-06-24T10:28:54.105+0000][1][safepoint    ] Entering safepoint region: Cleanup
[2019-06-24T10:28:54.105+0000][1][safepoint    ] Leaving safepoint region
[2019-06-24T10:28:54.106+0000][1][safepoint    ] Total time for which application threads were stopped: 0.0003041 seconds, Stopping threads took: 0.0000644 seconds
[2019-06-24T10:28:55.106+0000][1][safepoint    ] Application time: 1.0002635 seconds
[2019-06-24T10:28:55.106+0000][1][safepoint    ] Entering safepoint region: Cleanup
[2019-06-24T10:28:55.106+0000][1][safepoint    ] Leaving safepoint region
[2019-06-24T10:28:55.106+0000][1][safepoint    ] Total time for which application threads were stopped: 0.0002478 seconds, Stopping threads took: 0.0000892 seconds
[2019-06-24T10:28:56.107+0000][1][safepoint    ] Application time: 1.0002987 seconds
[2019-06-24T10:28:56.107+0000][1][safepoint    ] Entering safepoint region: Cleanup
[2019-06-24T10:28:56.107+0000][1][safepoint    ] Leaving safepoint region
[2019-06-24T10:28:56.107+0000][1][safepoint    ] Total time for which application threads were stopped: 0.0002428 seconds, Stopping threads took: 0.0000751 seconds
[2019-06-24T10:28:57.107+0000][1][safepoint    ] Application time: 1.0002645 seconds
[2019-06-24T10:28:57.107+0000][1][safepoint    ] Entering safepoint region: Cleanup
[2019-06-24T10:28:57.108+0000][1][safepoint    ] Leaving safepoint region
[2019-06-24T10:28:57.108+0000][1][safepoint    ] Total time for which application threads were stopped: 0.0002580 seconds, Stopping threads took: 0.0000635 seconds
[2019-06-24T10:28:58.108+0000][1][safepoint    ] Application time: 1.0002751 seconds
[2019-06-24T10:28:58.108+0000][1][safepoint    ] Entering safepoint region: Cleanup
[2019-06-24T10:28:58.108+0000][1][safepoint    ] Leaving safepoint region
[2019-06-24T10:28:58.108+0000][1][safepoint    ] Total time for which application threads were stopped: 0.0002252 seconds, Stopping threads took: 0.0000629 seconds
[2019-06-24T10:28:59.109+0000][1][safepoint    ] Application time: 1.0002795 seconds
[2019-06-24T10:28:59.109+0000][1][safepoint    ] Entering safepoint region: Cleanup
[2019-06-24T10:28:59.109+0000][1][safepoint    ] Leaving safepoint region
[2019-06-24T10:28:59.109+0000][1][safepoint    ] Total time for which application threads were stopped: 0.0002267 seconds, Stopping threads took: 0.0000632 seconds
[2019-06-24T10:29:00.109+0000][1][safepoint    ] Application time: 1.0002627 seconds
[2019-06-24T10:29:00.109+0000][1][safepoint    ] Entering safepoint region: Cleanup
[2019-06-24T10:29:00.110+0000][1][safepoint    ] Leaving safepoint region
[2019-06-24T10:29:00.110+0000][1][safepoint    ] Total time for which application threads were stopped: 0.0002975 seconds, Stopping threads took: 0.0000923 seconds
[2019-06-24T10:29:01.110+0000][1][safepoint    ] Application time: 1.0002712 seconds
[2019-06-24T10:29:01.110+0000][1][safepoint    ] Entering safepoint region: Cleanup
[2019-06-24T10:29:01.110+0000][1][safepoint    ] Leaving safepoint region
[2019-06-24T10:29:01.110+0000][1][safepoint    ] Total time for which application threads were stopped: 0.0002315 seconds, Stopping threads took: 0.0000645 seconds
[2019-06-24T10:29:02.111+0000][1][safepoint    ] Application time: 1.0002667 seconds
[2019-06-24T10:29:02.111+0000][1][safepoint    ] Entering safepoint region: Cleanup
[2019-06-24T10:29:02.111+0000][1][safepoint    ] Leaving safepoint region
[2019-06-24T10:29:02.111+0000][1][safepoint    ] Total time for which application threads were stopped: 0.0002280 seconds, Stopping threads took: 0.0000650 seconds
[2019-06-24T10:29:03.111+0000][1][safepoint    ] Application time: 1.0002053 seconds
[2019-06-24T10:29:03.111+0000][1][safepoint    ] Entering safepoint region: Cleanup
[2019-06-24T10:29:03.111+0000][1][safepoint    ] Leaving safepoint region
[2019-06-24T10:29:03.112+0000][1][safepoint    ] Total time for which application threads were stopped: 0.0002306 seconds, Stopping threads took: 0.0000655 seconds
[2019-06-24T10:29:04.112+0000][1][safepoint    ] Application time: 1.0001949 seconds
[2019-06-24T10:29:04.112+0000][1][safepoint    ] Entering safepoint region: Cleanup
[2019-06-24T10:29:04.112+0000][1][safepoint    ] Leaving safepoint region
[2019-06-24T10:29:04.112+0000][1][safepoint    ] Total time for which application threads were stopped: 0.0003568 seconds, Stopping threads took: 0.0000967 seconds
[2019-06-24T10:29:05.113+0000][1][safepoint    ] Application time: 1.0002644 seconds
[2019-06-24T10:29:05.113+0000][1][safepoint    ] Entering safepoint region: Cleanup
[2019-06-24T10:29:05.113+0000][1][safepoint    ] Leaving safepoint region
[2019-06-24T10:29:05.113+0000][1][safepoint    ] Total time for which application threads were stopped: 0.0002996 seconds, Stopping threads took: 0.0000652 seconds
[2019-06-24T10:29:06.113+0000][1][safepoint    ] Application time: 1.0002640 seconds
[2019-06-24T10:29:06.113+0000][1][safepoint    ] Entering safepoint region: Cleanup
[2019-06-24T10:29:06.114+0000][1][safepoint    ] Leaving safepoint region
[2019-06-24T10:29:06.114+0000][1][safepoint    ] Total time for which application threads were stopped: 0.0002341 seconds, Stopping threads took: 0.0000566 seconds
[2019-06-24T10:29:07.114+0000][1][safepoint    ] Application time: 1.0002070 seconds
[2019-06-24T10:29:07.114+0000][1][safepoint    ] Entering safepoint region: Cleanup
[2019-06-24T10:29:07.114+0000][1][safepoint    ] Leaving safepoint region
[2019-06-24T10:29:07.114+0000][1][safepoint    ] Total time for which application threads were stopped: 0.0003481 seconds, Stopping threads took: 0.0000961 seconds
[2019-06-24T10:29:08.115+0000][1][safepoint    ] Application time: 1.0002798 seconds
[2019-06-24T10:29:08.115+0000][1][safepoint    ] Entering safepoint region: Cleanup
[2019-06-24T10:29:08.115+0000][1][safepoint    ] Leaving safepoint region
[2019-06-24T10:29:08.115+0000][1][safepoint    ] Total time for which application threads were stopped: 0.0003111 seconds, Stopping threads took: 0.0000668 seconds
[2019-06-24T10:29:09.115+0000][1][safepoint    ] Application time: 1.0002735 seconds
[2019-06-24T10:29:09.115+0000][1][safepoint    ] Entering safepoint region: Cleanup
[2019-06-24T10:29:09.116+0000][1][safepoint    ] Leaving safepoint region
[2019-06-24T10:29:09.116+0000][1][safepoint    ] Total time for which application threads were stopped: 0.0002281 seconds, Stopping threads took: 0.0000627 seconds
[2019-06-24T10:29:10.116+0000][1][safepoint    ] Application time: 1.0002070 seconds
[2019-06-24T10:29:10.116+0000][1][safepoint    ] Entering safepoint region: Cleanup
[2019-06-24T10:29:10.116+0000][1][safepoint    ] Leaving safepoint region
[2019-06-24T10:29:10.116+0000][1][safepoint    ] Total time for which application threads were stopped: 0.0001827 seconds, Stopping threads took: 0.0000538 seconds
[2019-06-24T10:29:11.116+0000][1][safepoint    ] Application time: 1.0002515 seconds
[2019-06-24T10:29:11.117+0000][1][safepoint    ] Entering safepoint region: Cleanup
[2019-06-24T10:29:11.117+0000][1][safepoint    ] Leaving safepoint region
[2019-06-24T10:29:11.117+0000][1][safepoint    ] Total time for which application threads were stopped: 0.0002454 seconds, Stopping threads took: 0.0000639 seconds
[2019-06-24T10:29:12.117+0000][1][safepoint    ] Application time: 1.0001924 seconds
[2019-06-24T10:29:12.117+0000][1][safepoint    ] Entering safepoint region: Cleanup
[2019-06-24T10:29:12.117+0000][1][safepoint    ] Leaving safepoint region
[2019-06-24T10:29:12.117+0000][1][safepoint    ] Total time for which application threads were stopped: 0.0002247 seconds, Stopping threads took: 0.0000638 seconds
[2019-06-24T10:29:13.118+0000][1][safepoint    ] Application time: 1.0002626 seconds
[2019-06-24T10:29:13.118+0000][1][safepoint    ] Entering safepoint region: Cleanup
[2019-06-24T10:29:13.118+0000][1][safepoint    ] Leaving safepoint region
[2019-06-24T10:29:13.118+0000][1][safepoint    ] Total time for which application threads were stopped: 0.0003004 seconds, Stopping threads took: 0.0000626 seconds
[2019-06-24T10:29:14.118+0000][1][safepoint    ] Application time: 1.0002844 seconds
[2019-06-24T10:29:14.119+0000][1][safepoint    ] Entering safepoint region: Cleanup
[2019-06-24T10:29:14.119+0000][1][safepoint    ] Leaving safepoint region
[2019-06-24T10:29:14.119+0000][1][safepoint    ] Total time for which application threads were stopped: 0.0002639 seconds, Stopping threads took: 0.0000651 seconds
[2019-06-24T10:29:15.119+0000][1][safepoint    ] Application time: 1.0002490 seconds
[2019-06-24T10:29:15.119+0000][1][safepoint    ] Entering safepoint region: Cleanup
[2019-06-24T10:29:15.119+0000][1][safepoint    ] Leaving safepoint region
[2019-06-24T10:29:15.120+0000][1][safepoint    ] Total time for which application threads were stopped: 0.0002928 seconds, Stopping threads took: 0.0000630 seconds
[2019-06-24T10:29:16.120+0000][1][safepoint    ] Application time: 1.0002475 seconds
[2019-06-24T10:29:16.120+0000][1][safepoint    ] Entering safepoint region: Cleanup
[2019-06-24T10:29:16.120+0000][1][safepoint    ] Leaving safepoint region
[2019-06-24T10:29:16.120+0000][1][safepoint    ] Total time for which application threads were stopped: 0.0003055 seconds, Stopping threads took: 0.0000644 seconds
[2019-06-24T10:29:17.121+0000][1][safepoint    ] Application time: 1.0001913 seconds
[2019-06-24T10:29:17.121+0000][1][safepoint    ] Entering safepoint region: Cleanup
[2019-06-24T10:29:17.121+0000][1][safepoint    ] Leaving safepoint region
[2019-06-24T10:29:17.121+0000][1][safepoint    ] Total time for which application threads were stopped: 0.0002710 seconds, Stopping threads took: 0.0000959 seconds
[2019-06-24T10:29:18.121+0000][1][safepoint    ] Application time: 1.0001343 seconds
[2019-06-24T10:29:18.121+0000][1][safepoint    ] Entering safepoint region: Cleanup
[2019-06-24T10:29:18.121+0000][1][safepoint    ] Leaving safepoint region
[2019-06-24T10:29:18.121+0000][1][safepoint    ] Total time for which application threads were stopped: 0.0002265 seconds, Stopping threads took: 0.0000638 seconds
[2019-06-24T10:29:19.122+0000][1][safepoint    ] Application time: 1.0001975 seconds
[2019-06-24T10:29:19.122+0000][1][safepoint    ] Entering safepoint region: Cleanup
[2019-06-24T10:29:19.122+0000][1][safepoint    ] Leaving safepoint region
[2019-06-24T10:29:19.122+0000][1][safepoint    ] Total time for which application threads were stopped: 0.0002969 seconds, Stopping threads took: 0.0000655 seconds
[2019-06-24T10:29:20.122+0000][1][safepoint    ] Application time: 1.0002214 seconds
[2019-06-24T10:29:20.123+0000][1][safepoint    ] Entering safepoint region: Cleanup
[2019-06-24T10:29:20.123+0000][1][safepoint    ] Leaving safepoint region
[2019-06-24T10:29:20.123+0000][1][safepoint    ] Total time for which application threads were stopped: 0.0004047 seconds, Stopping threads took: 0.0000961 seconds
[2019-06-24T10:29:21.151+0000][1][safepoint    ] Application time: 1.0285293 seconds
[2019-06-24T10:29:21.152+0000][1][safepoint    ] Entering safepoint region: Cleanup
[2019-06-24T10:29:21.152+0000][1][safepoint    ] Leaving safepoint region
[2019-06-24T10:29:21.152+0000][1][safepoint    ] Total time for which application threads were stopped: 0.0000949 seconds, Stopping threads took: 0.0000220 seconds
[2019-06-24T10:29:22.152+0000][1][safepoint    ] Application time: 1.0002408 seconds
[2019-06-24T10:29:22.152+0000][1][safepoint    ] Entering safepoint region: Cleanup
[2019-06-24T10:29:22.152+0000][1][safepoint    ] Leaving safepoint region
[2019-06-24T10:29:22.152+0000][1][safepoint    ] Total time for which application threads were stopped: 0.0002993 seconds, Stopping threads took: 0.0000628 seconds
[2019-06-24T10:29:23.153+0000][1][safepoint    ] Application time: 1.0002419 seconds
[2019-06-24T10:29:23.153+0000][1][safepoint    ] Entering safepoint region: Cleanup
[2019-06-24T10:29:23.153+0000][1][safepoint    ] Leaving safepoint region
[2019-06-24T10:29:23.153+0000][1][safepoint    ] Total time for which application threads were stopped: 0.0003067 seconds, Stopping threads took: 0.0001042 seconds
[2019-06-24T10:29:24.153+0000][1][safepoint    ] Application time: 1.0001377 seconds
[2019-06-24T10:29:24.153+0000][1][safepoint    ] Entering safepoint region: Cleanup
[2019-06-24T10:29:24.153+0000][1][safepoint    ] Leaving safepoint region
[2019-06-24T10:29:24.153+0000][1][safepoint    ] Total time for which application threads were stopped: 0.0000968 seconds, Stopping threads took: 0.0000283 seconds
[2019-06-24T10:29:25.153+0000][1][safepoint    ] Application time: 1.0001235 seconds
[2019-06-24T10:29:25.154+0000][1][safepoint    ] Entering safepoint region: Cleanup
[2019-06-24T10:29:25.154+0000][1][safepoint    ] Leaving safepoint region
[2019-06-24T10:29:25.154+0000][1][safepoint    ] Total time for which application threads were stopped: 0.0001509 seconds, Stopping threads took: 0.0000678 seconds
[2019-06-24T10:29:26.154+0000][1][safepoint    ] Application time: 1.0002580 seconds
[2019-06-24T10:29:26.154+0000][1][safepoint    ] Entering safepoint region: Cleanup
[2019-06-24T10:29:26.154+0000][1][safepoint    ] Leaving safepoint region
[2019-06-24T10:29:26.154+0000][1][safepoint    ] Total time for which application threads were stopped: 0.0002736 seconds, Stopping threads took: 0.0000820 seconds
[2019-06-24T10:29:27.155+0000][1][safepoint    ] Application time: 1.0002804 seconds
[2019-06-24T10:29:27.155+0000][1][safepoint    ] Entering safepoint region: Cleanup
[2019-06-24T10:29:27.155+0000][1][safepoint    ] Leaving safepoint region
[2019-06-24T10:29:27.155+0000][1][safepoint    ] Total time for which application threads were stopped: 0.0003257 seconds, Stopping threads took: 0.0000986 seconds
[2019-06-24T10:29:28.155+0000][1][safepoint    ] Application time: 1.0003152 seconds
[2019-06-24T10:29:28.156+0000][1][safepoint    ] Entering safepoint region: Cleanup
[2019-06-24T10:29:28.156+0000][1][safepoint    ] Leaving safepoint region
[2019-06-24T10:29:28.156+0000][1][safepoint    ] Total time for which application threads were stopped: 0.0003489 seconds, Stopping threads took: 0.0000752 seconds
[2019-06-24T10:29:29.156+0000][1][safepoint    ] Application time: 1.0001681 seconds
[2019-06-24T10:29:29.156+0000][1][safepoint    ] Entering safepoint region: Cleanup
[2019-06-24T10:29:29.156+0000][1][safepoint    ] Leaving safepoint region
[2019-06-24T10:29:29.156+0000][1][safepoint    ] Total time for which application threads were stopped: 0.0001276 seconds, Stopping threads took: 0.0000383 seconds
[2019-06-24T10:29:30.156+0000][1][safepoint    ] Application time: 1.0000952 seconds
[2019-06-24T10:29:30.157+0000][1][safepoint    ] Entering safepoint region: Cleanup
[2019-06-24T10:29:30.157+0000][1][safepoint    ] Leaving safepoint region
[2019-06-24T10:29:30.157+0000][1][safepoint    ] Total time for which application threads were stopped: 0.0001537 seconds, Stopping threads took: 0.0000665 seconds
[2019-06-24T10:29:31.157+0000][1][safepoint    ] Application time: 1.0002064 seconds
[2019-06-24T10:29:31.157+0000][1][safepoint    ] Entering safepoint region: Cleanup
[2019-06-24T10:29:31.157+0000][1][safepoint    ] Leaving safepoint region
[2019-06-24T10:29:31.157+0000][1][safepoint    ] Total time for which application threads were stopped: 0.0003100 seconds, Stopping threads took: 0.0001124 seconds
[2019-06-24T10:29:32.158+0000][1][safepoint    ] Application time: 1.0002434 seconds
[2019-06-24T10:29:32.158+0000][1][safepoint    ] Entering safepoint region: Cleanup
[2019-06-24T10:29:32.158+0000][1][safepoint    ] Leaving safepoint region
[2019-06-24T10:29:32.158+0000][1][safepoint    ] Total time for which application threads were stopped: 0.0002905 seconds, Stopping threads took: 0.0000820 seconds
[2019-06-24T10:29:33.158+0000][1][safepoint    ] Application time: 1.0002895 seconds
[2019-06-24T10:29:33.159+0000][1][safepoint    ] Entering safepoint region: Cleanup
[2019-06-24T10:29:33.159+0000][1][safepoint    ] Leaving safepoint region
[2019-06-24T10:29:33.159+0000][1][safepoint    ] Total time for which application threads were stopped: 0.0004480 seconds, Stopping threads took: 0.0002247 seconds
[2019-06-24T10:29:34.159+0000][1][safepoint    ] Application time: 1.0002906 seconds
[2019-06-24T10:29:34.160+0000][1][safepoint    ] Entering safepoint region: Cleanup
[2019-06-24T10:29:34.160+0000][1][safepoint    ] Leaving safepoint region
[2019-06-24T10:29:34.160+0000][1][safepoint    ] Total time for which application threads were stopped: 0.0002927 seconds, Stopping threads took: 0.0000749 seconds
[2019-06-24T10:29:35.160+0000][1][safepoint    ] Application time: 1.0001984 seconds
[2019-06-24T10:29:35.160+0000][1][safepoint    ] Entering safepoint region: Cleanup
[2019-06-24T10:29:35.160+0000][1][safepoint    ] Leaving safepoint region
[2019-06-24T10:29:35.160+0000][1][safepoint    ] Total time for which application threads were stopped: 0.0003723 seconds, Stopping threads took: 0.0001336 seconds
[2019-06-24T10:29:36.161+0000][1][safepoint    ] Application time: 1.0002903 seconds
[2019-06-24T10:29:36.161+0000][1][safepoint    ] Entering safepoint region: Cleanup
[2019-06-24T10:29:36.161+0000][1][safepoint    ] Leaving safepoint region
[2019-06-24T10:29:36.161+0000][1][safepoint    ] Total time for which application threads were stopped: 0.0002333 seconds, Stopping threads took: 0.0000645 seconds
[2019-06-24T10:29:37.161+0000][1][safepoint    ] Application time: 1.0002044 seconds
[2019-06-24T10:29:37.162+0000][1][safepoint    ] Entering safepoint region: Cleanup
[2019-06-24T10:29:37.162+0000][1][safepoint    ] Leaving safepoint region
[2019-06-24T10:29:37.162+0000][1][safepoint    ] Total time for which application threads were stopped: 0.0002689 seconds, Stopping threads took: 0.0000647 seconds
[2019-06-24T10:29:38.162+0000][1][safepoint    ] Application time: 1.0002692 seconds
[2019-06-24T10:29:38.162+0000][1][safepoint    ] Entering safepoint region: Cleanup
[2019-06-24T10:29:38.162+0000][1][safepoint    ] Leaving safepoint region
[2019-06-24T10:29:38.162+0000][1][safepoint    ] Total time for which application threads were stopped: 0.0002271 seconds, Stopping threads took: 0.0000636 seconds
[2019-06-24T10:29:39.163+0000][1][safepoint    ] Application time: 1.0002059 seconds
[2019-06-24T10:29:39.163+0000][1][safepoint    ] Entering safepoint region: Cleanup
[2019-06-24T10:29:39.163+0000][1][safepoint    ] Leaving safepoint region
[2019-06-24T10:29:39.163+0000][1][safepoint    ] Total time for which application threads were stopped: 0.0002277 seconds, Stopping threads took: 0.0000635 seconds
[2019-06-24T10:29:40.163+0000][1][safepoint    ] Application time: 1.0002709 seconds
[2019-06-24T10:29:40.163+0000][1][safepoint    ] Entering safepoint region: Cleanup
[2019-06-24T10:29:40.164+0000][1][safepoint    ] Leaving safepoint region
[2019-06-24T10:29:40.164+0000][1][safepoint    ] Total time for which application threads were stopped: 0.0003383 seconds, Stopping threads took: 0.0000798 seconds
[2019-06-24T10:29:41.164+0000][1][safepoint    ] Application time: 1.0002623 seconds
[2019-06-24T10:29:41.164+0000][1][safepoint    ] Entering safepoint region: Cleanup
[2019-06-24T10:29:41.164+0000][1][safepoint    ] Leaving safepoint region
[2019-06-24T10:29:41.164+0000][1][safepoint    ] Total time for which application threads were stopped: 0.0002274 seconds, Stopping threads took: 0.0000643 seconds
[2019-06-24T10:29:42.165+0000][1][safepoint    ] Application time: 1.0002313 seconds
[2019-06-24T10:29:42.165+0000][1][safepoint    ] Entering safepoint region: Cleanup
[2019-06-24T10:29:42.165+0000][1][safepoint    ] Leaving safepoint region
[2019-06-24T10:29:42.165+0000][1][safepoint    ] Total time for which application threads were stopped: 0.0001229 seconds, Stopping threads took: 0.0000360 seconds
[2019-06-24T10:29:43.165+0000][1][safepoint    ] Application time: 1.0002525 seconds
[2019-06-24T10:29:43.165+0000][1][safepoint    ] Entering safepoint region: Cleanup
[2019-06-24T10:29:43.165+0000][1][safepoint    ] Leaving safepoint region
[2019-06-24T10:29:43.166+0000][1][safepoint    ] Total time for which application threads were stopped: 0.0002247 seconds, Stopping threads took: 0.0000637 seconds
[2019-06-24T10:29:44.166+0000][1][safepoint    ] Application time: 1.0001862 seconds
[2019-06-24T10:29:44.166+0000][1][safepoint    ] Entering safepoint region: Cleanup
[2019-06-24T10:29:44.166+0000][1][safepoint    ] Leaving safepoint region
[2019-06-24T10:29:44.166+0000][1][safepoint    ] Total time for which application threads were stopped: 0.0002269 seconds, Stopping threads took: 0.0000648 seconds
[2019-06-24T10:29:45.166+0000][1][safepoint    ] Application time: 1.0002632 seconds
[2019-06-24T10:29:45.167+0000][1][safepoint    ] Entering safepoint region: Cleanup
[2019-06-24T10:29:45.167+0000][1][safepoint    ] Leaving safepoint region
[2019-06-24T10:29:45.167+0000][1][safepoint    ] Total time for which application threads were stopped: 0.0002854 seconds, Stopping threads took: 0.0000959 seconds
[2019-06-24T10:29:46.167+0000][1][safepoint    ] Application time: 1.0001396 seconds
[2019-06-24T10:29:46.167+0000][1][safepoint    ] Entering safepoint region: Cleanup
[2019-06-24T10:29:46.167+0000][1][safepoint    ] Leaving safepoint region
[2019-06-24T10:29:46.167+0000][1][safepoint    ] Total time for which application threads were stopped: 0.0000886 seconds, Stopping threads took: 0.0000261 seconds
[2019-06-24T10:29:47.167+0000][1][safepoint    ] Application time: 1.0001716 seconds
[2019-06-24T10:29:47.167+0000][1][safepoint    ] Entering safepoint region: Cleanup
[2019-06-24T10:29:47.168+0000][1][safepoint    ] Leaving safepoint region
[2019-06-24T10:29:47.168+0000][1][safepoint    ] Total time for which application threads were stopped: 0.0002615 seconds, Stopping threads took: 0.0000637 seconds
[2019-06-24T10:29:48.168+0000][1][safepoint    ] Application time: 1.0002605 seconds
[2019-06-24T10:29:48.168+0000][1][safepoint    ] Entering safepoint region: Cleanup
[2019-06-24T10:29:48.168+0000][1][safepoint    ] Leaving safepoint region
[2019-06-24T10:29:48.168+0000][1][safepoint    ] Total time for which application threads were stopped: 0.0002255 seconds, Stopping threads took: 0.0000636 seconds
[2019-06-24T10:29:49.169+0000][1][safepoint    ] Application time: 1.0002630 seconds
[2019-06-24T10:29:49.169+0000][1][safepoint    ] Entering safepoint region: Cleanup
[2019-06-24T10:29:49.169+0000][1][safepoint    ] Leaving safepoint region
[2019-06-24T10:29:49.169+0000][1][safepoint    ] Total time for which application threads were stopped: 0.0002246 seconds, Stopping threads took: 0.0000625 seconds
[2019-06-24T10:29:50.169+0000][1][safepoint    ] Application time: 1.0001704 seconds
[2019-06-24T10:29:50.169+0000][1][safepoint    ] Entering safepoint region: Cleanup
[2019-06-24T10:29:50.169+0000][1][safepoint    ] Leaving safepoint region
[2019-06-24T10:29:50.169+0000][1][safepoint    ] Total time for which application threads were stopped: 0.0001493 seconds, Stopping threads took: 0.0000408 seconds
[2019-06-24T10:29:51.169+0000][1][safepoint    ] Application time: 1.0001836 seconds
[2019-06-24T10:29:51.170+0000][1][safepoint    ] Entering safepoint region: Cleanup
[2019-06-24T10:29:51.170+0000][1][safepoint    ] Leaving safepoint region
[2019-06-24T10:29:51.170+0000][1][safepoint    ] Total time for which application threads were stopped: 0.0002249 seconds, Stopping threads took: 0.0000624 seconds
[2019-06-24T10:29:52.170+0000][1][safepoint    ] Application time: 1.0002568 seconds
[2019-06-24T10:29:52.170+0000][1][safepoint    ] Entering safepoint region: Cleanup
[2019-06-24T10:29:52.170+0000][1][safepoint    ] Leaving safepoint region
[2019-06-24T10:29:52.170+0000][1][safepoint    ] Total time for which application threads were stopped: 0.0002276 seconds, Stopping threads took: 0.0000637 seconds
[2019-06-24T10:29:53.171+0000][1][safepoint    ] Application time: 1.0002011 seconds
[2019-06-24T10:29:53.171+0000][1][safepoint    ] Entering safepoint region: Cleanup
[2019-06-24T10:29:53.171+0000][1][safepoint    ] Leaving safepoint region
[2019-06-24T10:29:53.171+0000][1][safepoint    ] Total time for which application threads were stopped: 0.0003009 seconds, Stopping threads took: 0.0000640 seconds
[2019-06-24T10:29:54.171+0000][1][safepoint    ] Application time: 1.0001688 seconds
[2019-06-24T10:29:54.172+0000][1][safepoint    ] Entering safepoint region: Cleanup
[2019-06-24T10:29:54.172+0000][1][safepoint    ] Leaving safepoint region
[2019-06-24T10:29:54.172+0000][1][safepoint    ] Total time for which application threads were stopped: 0.0002257 seconds, Stopping threads took: 0.0000702 seconds
[2019-06-24T10:29:55.799+0000][1][safepoint    ] Application time: 1.6275122 seconds
[2019-06-24T10:29:55.799+0000][1][safepoint    ] Entering safepoint region: Cleanup
[2019-06-24T10:29:55.800+0000][1][safepoint    ] Leaving safepoint region
[2019-06-24T10:29:55.800+0000][1][safepoint    ] Total time for which application threads were stopped: 0.0002326 seconds, Stopping threads took: 0.0000649 seconds
[2019-06-24T10:29:56.800+0000][1][safepoint    ] Application time: 1.0001275 seconds
[2019-06-24T10:29:56.800+0000][1][safepoint    ] Entering safepoint region: Cleanup
[2019-06-24T10:29:56.800+0000][1][safepoint    ] Leaving safepoint region
[2019-06-24T10:29:56.800+0000][1][safepoint    ] Total time for which application threads were stopped: 0.0002185 seconds, Stopping threads took: 0.0000612 seconds
[2019-06-24T10:29:57.800+0000][1][safepoint    ] Application time: 1.0002706 seconds
[2019-06-24T10:29:57.801+0000][1][safepoint    ] Entering safepoint region: Cleanup
[2019-06-24T10:29:57.801+0000][1][safepoint    ] Leaving safepoint region
[2019-06-24T10:29:57.801+0000][1][safepoint    ] Total time for which application threads were stopped: 0.0002602 seconds, Stopping threads took: 0.0000618 seconds
[2019-06-24T10:29:58.242+0000][1][safepoint    ] Application time: 0.4411712 seconds
[2019-06-24T10:29:58.242+0000][1][safepoint    ] Entering safepoint region: GenCollectForAllocation
[2019-06-24T10:29:58.243+0000][1][gc,start     ] GC(30) Pause Young (Allocation Failure)
[2019-06-24T10:29:58.243+0000][1][gc,task      ] GC(30) Using 5 workers of 8 for evacuation
[2019-06-24T10:29:58.246+0000][1][gc,age       ] GC(30) Desired survivor size 4456448 bytes, new threshold 6 (max threshold 6)
[2019-06-24T10:29:58.246+0000][1][gc,age       ] GC(30) Age table with threshold 6 (max threshold 6)
[2019-06-24T10:29:58.246+0000][1][gc,age       ] GC(30) - age   1:       4632 bytes,       4632 total
[2019-06-24T10:29:58.246+0000][1][gc,age       ] GC(30) - age   2:       5720 bytes,      10352 total
[2019-06-24T10:29:58.246+0000][1][gc,age       ] GC(30) - age   3:        400 bytes,      10752 total
[2019-06-24T10:29:58.246+0000][1][gc,age       ] GC(30) - age   4:       2432 bytes,      13184 total
[2019-06-24T10:29:58.246+0000][1][gc,age       ] GC(30) - age   5:       2664 bytes,      15848 total
[2019-06-24T10:29:58.246+0000][1][gc,age       ] GC(30) - age   6:       5512 bytes,      21360 total
[2019-06-24T10:29:58.246+0000][1][gc,heap      ] GC(30) ParNew: 70447K->142K(78656K)
[2019-06-24T10:29:58.246+0000][1][gc,heap      ] GC(30) CMS: 69517K->69521K(174784K)
[2019-06-24T10:29:58.246+0000][1][gc,metaspace ] GC(30) Metaspace: 66974K->66974K(1110016K)
[2019-06-24T10:29:58.246+0000][1][gc           ] GC(30) Pause Young (Allocation Failure) 136M->68M(247M) 3.365ms
[2019-06-24T10:29:58.246+0000][1][gc,cpu       ] GC(30) User=0.01s Sys=0.01s Real=0.00s
[2019-06-24T10:29:58.246+0000][1][safepoint    ] Leaving safepoint region
[2019-06-24T10:29:58.246+0000][1][safepoint    ] Total time for which application threads were stopped: 0.0039728 seconds, Stopping threads took: 0.0000848 seconds
[2019-06-24T10:29:59.246+0000][1][safepoint    ] Application time: 1.0003161 seconds
[2019-06-24T10:29:59.247+0000][1][safepoint    ] Entering safepoint region: Cleanup
[2019-06-24T10:29:59.247+0000][1][safepoint    ] Leaving safepoint region
[2019-06-24T10:29:59.247+0000][1][safepoint    ] Total time for which application threads were stopped: 0.0003672 seconds, Stopping threads took: 0.0001993 seconds
[2019-06-24T10:30:00.247+0000][1][safepoint    ] Application time: 1.0002707 seconds
[2019-06-24T10:30:00.247+0000][1][safepoint    ] Entering safepoint region: Cleanup
[2019-06-24T10:30:00.247+0000][1][safepoint    ] Leaving safepoint region
[2019-06-24T10:30:00.247+0000][1][safepoint    ] Total time for which application threads were stopped: 0.0001267 seconds, Stopping threads took: 0.0000339 seconds
[2019-06-24T10:30:01.248+0000][1][safepoint    ] Application time: 1.0001715 seconds
[2019-06-24T10:30:01.248+0000][1][safepoint    ] Entering safepoint region: Cleanup
[2019-06-24T10:30:01.248+0000][1][safepoint    ] Leaving safepoint region
[2019-06-24T10:30:01.248+0000][1][safepoint    ] Total time for which application threads were stopped: 0.0002552 seconds, Stopping threads took: 0.0000978 seconds
[2019-06-24T10:30:02.248+0000][1][safepoint    ] Application time: 1.0001961 seconds
[2019-06-24T10:30:02.248+0000][1][safepoint    ] Entering safepoint region: Cleanup
[2019-06-24T10:30:02.249+0000][1][safepoint    ] Leaving safepoint region
[2019-06-24T10:30:02.249+0000][1][safepoint    ] Total time for which application threads were stopped: 0.0002186 seconds, Stopping threads took: 0.0000637 seconds
[2019-06-24T10:30:03.249+0000][1][safepoint    ] Application time: 1.0002193 seconds
[2019-06-24T10:30:03.249+0000][1][safepoint    ] Entering safepoint region: Cleanup
[2019-06-24T10:30:03.249+0000][1][safepoint    ] Leaving safepoint region
[2019-06-24T10:30:03.249+0000][1][safepoint    ] Total time for which application threads were stopped: 0.0002242 seconds, Stopping threads took: 0.0000623 seconds
[2019-06-24T10:30:04.249+0000][1][safepoint    ] Application time: 1.0002439 seconds
[2019-06-24T10:30:04.250+0000][1][safepoint    ] Entering safepoint region: Cleanup
[2019-06-24T10:30:04.250+0000][1][safepoint    ] Leaving safepoint region
[2019-06-24T10:30:04.250+0000][1][safepoint    ] Total time for which application threads were stopped: 0.0002272 seconds, Stopping threads took: 0.0000635 seconds
[2019-06-24T10:30:05.250+0000][1][safepoint    ] Application time: 1.0001683 seconds
[2019-06-24T10:30:05.250+0000][1][safepoint    ] Entering safepoint region: Cleanup
[2019-06-24T10:30:05.250+0000][1][safepoint    ] Leaving safepoint region
[2019-06-24T10:30:05.250+0000][1][safepoint    ] Total time for which application threads were stopped: 0.0001458 seconds, Stopping threads took: 0.0000400 seconds
[2019-06-24T10:30:06.251+0000][1][safepoint    ] Application time: 1.0002887 seconds
[2019-06-24T10:30:06.251+0000][1][safepoint    ] Entering safepoint region: Cleanup
[2019-06-24T10:30:06.251+0000][1][safepoint    ] Leaving safepoint region
[2019-06-24T10:30:06.251+0000][1][safepoint    ] Total time for which application threads were stopped: 0.0000997 seconds, Stopping threads took: 0.0000287 seconds
[2019-06-24T10:30:07.251+0000][1][safepoint    ] Application time: 1.0002654 seconds
[2019-06-24T10:30:07.251+0000][1][safepoint    ] Entering safepoint region: Cleanup
[2019-06-24T10:30:07.251+0000][1][safepoint    ] Leaving safepoint region
[2019-06-24T10:30:07.251+0000][1][safepoint    ] Total time for which application threads were stopped: 0.0002286 seconds, Stopping threads took: 0.0000638 seconds
[2019-06-24T10:30:08.252+0000][1][safepoint    ] Application time: 1.0002690 seconds
[2019-06-24T10:30:08.252+0000][1][safepoint    ] Entering safepoint region: Cleanup
[2019-06-24T10:30:08.252+0000][1][safepoint    ] Leaving safepoint region
[2019-06-24T10:30:08.252+0000][1][safepoint    ] Total time for which application threads were stopped: 0.0002307 seconds, Stopping threads took: 0.0000649 seconds
[2019-06-24T10:30:09.252+0000][1][safepoint    ] Application time: 1.0002826 seconds
[2019-06-24T10:30:09.252+0000][1][safepoint    ] Entering safepoint region: Cleanup
[2019-06-24T10:30:09.252+0000][1][safepoint    ] Leaving safepoint region
[2019-06-24T10:30:09.252+0000][1][safepoint    ] Total time for which application threads were stopped: 0.0000892 seconds, Stopping threads took: 0.0000255 seconds
[2019-06-24T10:30:10.253+0000][1][safepoint    ] Application time: 1.0002458 seconds
[2019-06-24T10:30:10.253+0000][1][safepoint    ] Entering safepoint region: Cleanup
[2019-06-24T10:30:10.253+0000][1][safepoint    ] Leaving safepoint region
[2019-06-24T10:30:10.253+0000][1][safepoint    ] Total time for which application threads were stopped: 0.0002404 seconds, Stopping threads took: 0.0000634 seconds
[2019-06-24T10:30:11.253+0000][1][safepoint    ] Application time: 1.0001720 seconds
[2019-06-24T10:30:11.253+0000][1][safepoint    ] Entering safepoint region: Cleanup
[2019-06-24T10:30:11.254+0000][1][safepoint    ] Leaving safepoint region
[2019-06-24T10:30:11.254+0000][1][safepoint    ] Total time for which application threads were stopped: 0.0002488 seconds, Stopping threads took: 0.0000636 seconds
[2019-06-24T10:30:12.254+0000][1][safepoint    ] Application time: 1.0002827 seconds
[2019-06-24T10:30:12.254+0000][1][safepoint    ] Entering safepoint region: Cleanup
[2019-06-24T10:30:12.254+0000][1][safepoint    ] Leaving safepoint region
[2019-06-24T10:30:12.254+0000][1][safepoint    ] Total time for which application threads were stopped: 0.0002670 seconds, Stopping threads took: 0.0000738 seconds
[2019-06-24T10:30:13.255+0000][1][safepoint    ] Application time: 1.0002115 seconds
[2019-06-24T10:30:13.255+0000][1][safepoint    ] Entering safepoint region: Cleanup
[2019-06-24T10:30:13.255+0000][1][safepoint    ] Leaving safepoint region
[2019-06-24T10:30:13.255+0000][1][safepoint    ] Total time for which application threads were stopped: 0.0001482 seconds, Stopping threads took: 0.0000424 seconds
[2019-06-24T10:30:14.255+0000][1][safepoint    ] Application time: 1.0002886 seconds
[2019-06-24T10:30:14.255+0000][1][safepoint    ] Entering safepoint region: Cleanup
[2019-06-24T10:30:14.255+0000][1][safepoint    ] Leaving safepoint region
[2019-06-24T10:30:14.255+0000][1][safepoint    ] Total time for which application threads were stopped: 0.0002677 seconds, Stopping threads took: 0.0000738 seconds
[2019-06-24T10:30:15.256+0000][1][safepoint    ] Application time: 1.0002520 seconds
[2019-06-24T10:30:15.256+0000][1][safepoint    ] Entering safepoint region: Cleanup
[2019-06-24T10:30:15.256+0000][1][safepoint    ] Leaving safepoint region
[2019-06-24T10:30:15.256+0000][1][safepoint    ] Total time for which application threads were stopped: 0.0002245 seconds, Stopping threads took: 0.0000640 seconds
[2019-06-24T10:30:16.256+0000][1][safepoint    ] Application time: 1.0002051 seconds
[2019-06-24T10:30:16.256+0000][1][safepoint    ] Entering safepoint region: Cleanup
[2019-06-24T10:30:16.257+0000][1][safepoint    ] Leaving safepoint region
[2019-06-24T10:30:16.257+0000][1][safepoint    ] Total time for which application threads were stopped: 0.0002220 seconds, Stopping threads took: 0.0000635 seconds
[2019-06-24T10:30:17.257+0000][1][safepoint    ] Application time: 1.0001845 seconds
[2019-06-24T10:30:17.257+0000][1][safepoint    ] Entering safepoint region: Cleanup
[2019-06-24T10:30:17.257+0000][1][safepoint    ] Leaving safepoint region
[2019-06-24T10:30:17.257+0000][1][safepoint    ] Total time for which application threads were stopped: 0.0002173 seconds, Stopping threads took: 0.0000792 seconds
[2019-06-24T10:30:18.257+0000][1][safepoint    ] Application time: 1.0001546 seconds
[2019-06-24T10:30:18.257+0000][1][safepoint    ] Entering safepoint region: Cleanup
[2019-06-24T10:30:18.258+0000][1][safepoint    ] Leaving safepoint region
[2019-06-24T10:30:18.258+0000][1][safepoint    ] Total time for which application threads were stopped: 0.0001138 seconds, Stopping threads took: 0.0000330 seconds
[2019-06-24T10:30:19.258+0000][1][safepoint    ] Application time: 1.0001661 seconds
[2019-06-24T10:30:19.258+0000][1][safepoint    ] Entering safepoint region: Cleanup
[2019-06-24T10:30:19.258+0000][1][safepoint    ] Leaving safepoint region
[2019-06-24T10:30:19.258+0000][1][safepoint    ] Total time for which application threads were stopped: 0.0002115 seconds, Stopping threads took: 0.0000629 seconds
[2019-06-24T10:30:20.258+0000][1][safepoint    ] Application time: 1.0002455 seconds
[2019-06-24T10:30:20.258+0000][1][safepoint    ] Entering safepoint region: Cleanup
[2019-06-24T10:30:20.258+0000][1][safepoint    ] Leaving safepoint region
[2019-06-24T10:30:20.258+0000][1][safepoint    ] Total time for which application threads were stopped: 0.0000860 seconds, Stopping threads took: 0.0000251 seconds
[2019-06-24T10:30:21.259+0000][1][safepoint    ] Application time: 1.0003046 seconds
[2019-06-24T10:30:21.259+0000][1][safepoint    ] Entering safepoint region: Cleanup
[2019-06-24T10:30:21.259+0000][1][safepoint    ] Leaving safepoint region
[2019-06-24T10:30:21.259+0000][1][safepoint    ] Total time for which application threads were stopped: 0.0002645 seconds, Stopping threads took: 0.0000743 seconds
[2019-06-24T10:30:22.259+0000][1][safepoint    ] Application time: 1.0002580 seconds
[2019-06-24T10:30:22.260+0000][1][safepoint    ] Entering safepoint region: Cleanup
[2019-06-24T10:30:22.260+0000][1][safepoint    ] Leaving safepoint region
[2019-06-24T10:30:22.260+0000][1][safepoint    ] Total time for which application threads were stopped: 0.0002492 seconds, Stopping threads took: 0.0000728 seconds
[2019-06-24T10:30:23.260+0000][1][safepoint    ] Application time: 1.0002698 seconds
[2019-06-24T10:30:23.260+0000][1][safepoint    ] Entering safepoint region: Cleanup
[2019-06-24T10:30:23.260+0000][1][safepoint    ] Leaving safepoint region
[2019-06-24T10:30:23.260+0000][1][safepoint    ] Total time for which application threads were stopped: 0.0002190 seconds, Stopping threads took: 0.0000634 seconds
[2019-06-24T10:30:24.261+0000][1][safepoint    ] Application time: 1.0001822 seconds
[2019-06-24T10:30:24.261+0000][1][safepoint    ] Entering safepoint region: Cleanup
[2019-06-24T10:30:24.261+0000][1][safepoint    ] Leaving safepoint region
[2019-06-24T10:30:24.261+0000][1][safepoint    ] Total time for which application threads were stopped: 0.0002006 seconds, Stopping threads took: 0.0000577 seconds
[2019-06-24T10:30:25.261+0000][1][safepoint    ] Application time: 1.0002644 seconds
[2019-06-24T10:30:25.261+0000][1][safepoint    ] Entering safepoint region: Cleanup
[2019-06-24T10:30:25.262+0000][1][safepoint    ] Leaving safepoint region
[2019-06-24T10:30:25.262+0000][1][safepoint    ] Total time for which application threads were stopped: 0.0002125 seconds, Stopping threads took: 0.0000602 seconds
[2019-06-24T10:30:26.262+0000][1][safepoint    ] Application time: 1.0002609 seconds
[2019-06-24T10:30:26.262+0000][1][safepoint    ] Entering safepoint region: Cleanup
[2019-06-24T10:30:26.262+0000][1][safepoint    ] Leaving safepoint region
[2019-06-24T10:30:26.262+0000][1][safepoint    ] Total time for which application threads were stopped: 0.0002251 seconds, Stopping threads took: 0.0000630 seconds
[2019-06-24T10:30:27.263+0000][1][safepoint    ] Application time: 1.0002849 seconds
[2019-06-24T10:30:27.263+0000][1][safepoint    ] Entering safepoint region: Cleanup
[2019-06-24T10:30:27.263+0000][1][safepoint    ] Leaving safepoint region
[2019-06-24T10:30:27.263+0000][1][safepoint    ] Total time for which application threads were stopped: 0.0002148 seconds, Stopping threads took: 0.0000628 seconds
[2019-06-24T10:30:28.263+0000][1][safepoint    ] Application time: 1.0002244 seconds
[2019-06-24T10:30:28.263+0000][1][safepoint    ] Entering safepoint region: Cleanup
[2019-06-24T10:30:28.263+0000][1][safepoint    ] Leaving safepoint region
[2019-06-24T10:30:28.264+0000][1][safepoint    ] Total time for which application threads were stopped: 0.0002965 seconds, Stopping threads took: 0.0000609 seconds
[2019-06-24T10:30:29.264+0000][1][safepoint    ] Application time: 1.0001398 seconds
[2019-06-24T10:30:29.264+0000][1][safepoint    ] Entering safepoint region: Cleanup
[2019-06-24T10:30:29.264+0000][1][safepoint    ] Leaving safepoint region
[2019-06-24T10:30:29.264+0000][1][safepoint    ] Total time for which application threads were stopped: 0.0002280 seconds, Stopping threads took: 0.0000777 seconds
[2019-06-24T10:30:30.264+0000][1][safepoint    ] Application time: 1.0001859 seconds
[2019-06-24T10:30:30.264+0000][1][safepoint    ] Entering safepoint region: Cleanup
[2019-06-24T10:30:30.264+0000][1][safepoint    ] Leaving safepoint region
[2019-06-24T10:30:30.265+0000][1][safepoint    ] Total time for which application threads were stopped: 0.0002173 seconds, Stopping threads took: 0.0000598 seconds
[2019-06-24T10:30:31.265+0000][1][safepoint    ] Application time: 1.0001909 seconds
[2019-06-24T10:30:31.265+0000][1][safepoint    ] Entering safepoint region: Cleanup
[2019-06-24T10:30:31.265+0000][1][safepoint    ] Leaving safepoint region
[2019-06-24T10:30:31.265+0000][1][safepoint    ] Total time for which application threads were stopped: 0.0002114 seconds, Stopping threads took: 0.0000612 seconds
[2019-06-24T10:30:32.265+0000][1][safepoint    ] Application time: 1.0001372 seconds
[2019-06-24T10:30:32.265+0000][1][safepoint    ] Entering safepoint region: Cleanup
[2019-06-24T10:30:32.266+0000][1][safepoint    ] Leaving safepoint region
[2019-06-24T10:30:32.266+0000][1][safepoint    ] Total time for which application threads were stopped: 0.0002444 seconds, Stopping threads took: 0.0000622 seconds
[2019-06-24T10:30:33.266+0000][1][safepoint    ] Application time: 1.0002046 seconds
[2019-06-24T10:30:33.266+0000][1][safepoint    ] Entering safepoint region: Cleanup
[2019-06-24T10:30:33.266+0000][1][safepoint    ] Leaving safepoint region
[2019-06-24T10:30:33.266+0000][1][safepoint    ] Total time for which application threads were stopped: 0.0002068 seconds, Stopping threads took: 0.0000586 seconds
[2019-06-24T10:30:34.266+0000][1][safepoint    ] Application time: 1.0002092 seconds
[2019-06-24T10:30:34.266+0000][1][safepoint    ] Entering safepoint region: Cleanup
[2019-06-24T10:30:34.266+0000][1][safepoint    ] Leaving safepoint region
[2019-06-24T10:30:34.266+0000][1][safepoint    ] Total time for which application threads were stopped: 0.0000921 seconds, Stopping threads took: 0.0000264 seconds
[2019-06-24T10:30:35.267+0000][1][safepoint    ] Application time: 1.0001302 seconds
[2019-06-24T10:30:35.267+0000][1][safepoint    ] Entering safepoint region: Cleanup
[2019-06-24T10:30:35.267+0000][1][safepoint    ] Leaving safepoint region
[2019-06-24T10:30:35.267+0000][1][safepoint    ] Total time for which application threads were stopped: 0.0001327 seconds, Stopping threads took: 0.0000413 seconds
[2019-06-24T10:30:36.267+0000][1][safepoint    ] Application time: 1.0001205 seconds
[2019-06-24T10:30:36.267+0000][1][safepoint    ] Entering safepoint region: Cleanup
[2019-06-24T10:30:36.267+0000][1][safepoint    ] Leaving safepoint region
[2019-06-24T10:30:36.267+0000][1][safepoint    ] Total time for which application threads were stopped: 0.0002845 seconds, Stopping threads took: 0.0000833 seconds
[2019-06-24T10:30:37.268+0000][1][safepoint    ] Application time: 1.0001559 seconds
[2019-06-24T10:30:37.268+0000][1][safepoint    ] Entering safepoint region: Cleanup
[2019-06-24T10:30:37.268+0000][1][safepoint    ] Leaving safepoint region
[2019-06-24T10:30:37.268+0000][1][safepoint    ] Total time for which application threads were stopped: 0.0002466 seconds, Stopping threads took: 0.0000752 seconds
[2019-06-24T10:30:38.268+0000][1][safepoint    ] Application time: 1.0001481 seconds
[2019-06-24T10:30:38.268+0000][1][safepoint    ] Entering safepoint region: Cleanup
[2019-06-24T10:30:38.268+0000][1][safepoint    ] Leaving safepoint region
[2019-06-24T10:30:38.268+0000][1][safepoint    ] Total time for which application threads were stopped: 0.0002361 seconds, Stopping threads took: 0.0000733 seconds
[2019-06-24T10:30:39.269+0000][1][safepoint    ] Application time: 1.0002453 seconds
[2019-06-24T10:30:39.269+0000][1][safepoint    ] Entering safepoint region: Cleanup
[2019-06-24T10:30:39.269+0000][1][safepoint    ] Leaving safepoint region
[2019-06-24T10:30:39.269+0000][1][safepoint    ] Total time for which application threads were stopped: 0.0002209 seconds, Stopping threads took: 0.0000626 seconds
[2019-06-24T10:30:40.269+0000][1][safepoint    ] Application time: 1.0002693 seconds
[2019-06-24T10:30:40.269+0000][1][safepoint    ] Entering safepoint region: Cleanup
[2019-06-24T10:30:40.270+0000][1][safepoint    ] Leaving safepoint region
[2019-06-24T10:30:40.270+0000][1][safepoint    ] Total time for which application threads were stopped: 0.0002158 seconds, Stopping threads took: 0.0000611 seconds
[2019-06-24T10:30:41.270+0000][1][safepoint    ] Application time: 1.0002072 seconds
[2019-06-24T10:30:41.270+0000][1][safepoint    ] Entering safepoint region: Cleanup
[2019-06-24T10:30:41.270+0000][1][safepoint    ] Leaving safepoint region
[2019-06-24T10:30:41.270+0000][1][safepoint    ] Total time for which application threads were stopped: 0.0001977 seconds, Stopping threads took: 0.0000586 seconds
[2019-06-24T10:30:42.270+0000][1][safepoint    ] Application time: 1.0002042 seconds
[2019-06-24T10:30:42.271+0000][1][safepoint    ] Entering safepoint region: Cleanup
[2019-06-24T10:30:42.271+0000][1][safepoint    ] Leaving safepoint region
[2019-06-24T10:30:42.271+0000][1][safepoint    ] Total time for which application threads were stopped: 0.0003180 seconds, Stopping threads took: 0.0000767 seconds
[2019-06-24T10:30:43.271+0000][1][safepoint    ] Application time: 1.0002498 seconds
[2019-06-24T10:30:43.271+0000][1][safepoint    ] Entering safepoint region: Cleanup
[2019-06-24T10:30:43.272+0000][1][safepoint    ] Leaving safepoint region
[2019-06-24T10:30:43.272+0000][1][safepoint    ] Total time for which application threads were stopped: 0.0002989 seconds, Stopping threads took: 0.0000618 seconds
[2019-06-24T10:30:44.272+0000][1][safepoint    ] Application time: 1.0002776 seconds
[2019-06-24T10:30:44.272+0000][1][safepoint    ] Entering safepoint region: Cleanup
[2019-06-24T10:30:44.272+0000][1][safepoint    ] Leaving safepoint region
[2019-06-24T10:30:44.272+0000][1][safepoint    ] Total time for which application threads were stopped: 0.0002205 seconds, Stopping threads took: 0.0000664 seconds
[2019-06-24T10:30:45.273+0000][1][safepoint    ] Application time: 1.0001439 seconds
[2019-06-24T10:30:45.273+0000][1][safepoint    ] Entering safepoint region: Cleanup
[2019-06-24T10:30:45.273+0000][1][safepoint    ] Leaving safepoint region
[2019-06-24T10:30:45.273+0000][1][safepoint    ] Total time for which application threads were stopped: 0.0003004 seconds, Stopping threads took: 0.0000825 seconds
[2019-06-24T10:30:46.273+0000][1][safepoint    ] Application time: 1.0002242 seconds
[2019-06-24T10:30:46.273+0000][1][safepoint    ] Entering safepoint region: Cleanup
[2019-06-24T10:30:46.274+0000][1][safepoint    ] Leaving safepoint region
[2019-06-24T10:30:46.274+0000][1][safepoint    ] Total time for which application threads were stopped: 0.0002167 seconds, Stopping threads took: 0.0000620 seconds
[2019-06-24T10:30:47.274+0000][1][safepoint    ] Application time: 1.0003074 seconds
[2019-06-24T10:30:47.274+0000][1][safepoint    ] Entering safepoint region: Cleanup
[2019-06-24T10:30:47.274+0000][1][safepoint    ] Leaving safepoint region
[2019-06-24T10:30:47.274+0000][1][safepoint    ] Total time for which application threads were stopped: 0.0000973 seconds, Stopping threads took: 0.0000368 seconds
[2019-06-24T10:30:48.274+0000][1][safepoint    ] Application time: 1.0002473 seconds
[2019-06-24T10:30:48.275+0000][1][safepoint    ] Entering safepoint region: Cleanup
[2019-06-24T10:30:48.275+0000][1][safepoint    ] Leaving safepoint region
[2019-06-24T10:30:48.275+0000][1][safepoint    ] Total time for which application threads were stopped: 0.0003093 seconds, Stopping threads took: 0.0001421 seconds
[2019-06-24T10:30:49.275+0000][1][safepoint    ] Application time: 1.0002681 seconds
[2019-06-24T10:30:49.275+0000][1][safepoint    ] Entering safepoint region: Cleanup
[2019-06-24T10:30:49.275+0000][1][safepoint    ] Leaving safepoint region
[2019-06-24T10:30:49.275+0000][1][safepoint    ] Total time for which application threads were stopped: 0.0002239 seconds, Stopping threads took: 0.0000617 seconds
[2019-06-24T10:30:50.276+0000][1][safepoint    ] Application time: 1.0002786 seconds
[2019-06-24T10:30:50.276+0000][1][safepoint    ] Entering safepoint region: Cleanup
[2019-06-24T10:30:50.276+0000][1][safepoint    ] Leaving safepoint region
[2019-06-24T10:30:50.276+0000][1][safepoint    ] Total time for which application threads were stopped: 0.0002217 seconds, Stopping threads took: 0.0000621 seconds
[2019-06-24T10:30:51.276+0000][1][safepoint    ] Application time: 1.0002229 seconds
[2019-06-24T10:30:51.276+0000][1][safepoint    ] Entering safepoint region: Cleanup
[2019-06-24T10:30:51.277+0000][1][safepoint    ] Leaving safepoint region
[2019-06-24T10:30:51.277+0000][1][safepoint    ] Total time for which application threads were stopped: 0.0002844 seconds, Stopping threads took: 0.0000853 seconds
[2019-06-24T10:30:52.277+0000][1][safepoint    ] Application time: 1.0002086 seconds
[2019-06-24T10:30:52.277+0000][1][safepoint    ] Entering safepoint region: Cleanup
[2019-06-24T10:30:52.277+0000][1][safepoint    ] Leaving safepoint region
[2019-06-24T10:30:52.277+0000][1][safepoint    ] Total time for which application threads were stopped: 0.0002211 seconds, Stopping threads took: 0.0000729 seconds
[2019-06-24T10:30:53.277+0000][1][safepoint    ] Application time: 1.0001409 seconds
[2019-06-24T10:30:53.278+0000][1][safepoint    ] Entering safepoint region: Cleanup
[2019-06-24T10:30:53.278+0000][1][safepoint    ] Leaving safepoint region
[2019-06-24T10:30:53.278+0000][1][safepoint    ] Total time for which application threads were stopped: 0.0002975 seconds, Stopping threads took: 0.0001065 seconds
[2019-06-24T10:30:54.278+0000][1][safepoint    ] Application time: 1.0001606 seconds
[2019-06-24T10:30:54.278+0000][1][safepoint    ] Entering safepoint region: Cleanup
[2019-06-24T10:30:54.279+0000][1][safepoint    ] Leaving safepoint region
[2019-06-24T10:30:54.279+0000][1][safepoint    ] Total time for which application threads were stopped: 0.0004193 seconds, Stopping threads took: 0.0001541 seconds
[2019-06-24T10:30:55.279+0000][1][safepoint    ] Application time: 1.0001309 seconds
[2019-06-24T10:30:55.279+0000][1][safepoint    ] Entering safepoint region: Cleanup
[2019-06-24T10:30:55.279+0000][1][safepoint    ] Leaving safepoint region
[2019-06-24T10:30:55.279+0000][1][safepoint    ] Total time for which application threads were stopped: 0.0002742 seconds, Stopping threads took: 0.0000788 seconds
[2019-06-24T10:30:56.279+0000][1][safepoint    ] Application time: 1.0002673 seconds
[2019-06-24T10:30:56.280+0000][1][safepoint    ] Entering safepoint region: Cleanup
[2019-06-24T10:30:56.280+0000][1][safepoint    ] Leaving safepoint region
[2019-06-24T10:30:56.280+0000][1][safepoint    ] Total time for which application threads were stopped: 0.0003438 seconds, Stopping threads took: 0.0001033 seconds
[2019-06-24T10:30:57.280+0000][1][safepoint    ] Application time: 1.0002697 seconds
[2019-06-24T10:30:57.280+0000][1][safepoint    ] Entering safepoint region: Cleanup
[2019-06-24T10:30:57.281+0000][1][safepoint    ] Leaving safepoint region
[2019-06-24T10:30:57.281+0000][1][safepoint    ] Total time for which application threads were stopped: 0.0002989 seconds, Stopping threads took: 0.0000624 seconds
[2019-06-24T10:30:58.281+0000][1][safepoint    ] Application time: 1.0001615 seconds
[2019-06-24T10:30:58.281+0000][1][safepoint    ] Entering safepoint region: Cleanup
[2019-06-24T10:30:58.281+0000][1][safepoint    ] Leaving safepoint region
[2019-06-24T10:30:58.281+0000][1][safepoint    ] Total time for which application threads were stopped: 0.0002838 seconds, Stopping threads took: 0.0000663 seconds
[2019-06-24T10:30:59.281+0000][1][safepoint    ] Application time: 1.0001958 seconds
[2019-06-24T10:30:59.282+0000][1][safepoint    ] Entering safepoint region: Cleanup
[2019-06-24T10:30:59.282+0000][1][safepoint    ] Leaving safepoint region
[2019-06-24T10:30:59.282+0000][1][safepoint    ] Total time for which application threads were stopped: 0.0002524 seconds, Stopping threads took: 0.0000634 seconds
[2019-06-24T10:31:00.282+0000][1][safepoint    ] Application time: 1.0002684 seconds
[2019-06-24T10:31:00.282+0000][1][safepoint    ] Entering safepoint region: Cleanup
[2019-06-24T10:31:00.282+0000][1][safepoint    ] Leaving safepoint region
[2019-06-24T10:31:00.282+0000][1][safepoint    ] Total time for which application threads were stopped: 0.0001032 seconds, Stopping threads took: 0.0000266 seconds
[2019-06-24T10:31:01.283+0000][1][safepoint    ] Application time: 1.0002786 seconds
[2019-06-24T10:31:01.283+0000][1][safepoint    ] Entering safepoint region: Cleanup
[2019-06-24T10:31:01.283+0000][1][safepoint    ] Leaving safepoint region
[2019-06-24T10:31:01.283+0000][1][safepoint    ] Total time for which application threads were stopped: 0.0002994 seconds, Stopping threads took: 0.0000720 seconds
[2019-06-24T10:31:02.283+0000][1][safepoint    ] Application time: 1.0001776 seconds
[2019-06-24T10:31:02.283+0000][1][safepoint    ] Entering safepoint region: Cleanup
[2019-06-24T10:31:02.284+0000][1][safepoint    ] Leaving safepoint region
[2019-06-24T10:31:02.284+0000][1][safepoint    ] Total time for which application threads were stopped: 0.0003285 seconds, Stopping threads took: 0.0001068 seconds
[2019-06-24T10:31:03.284+0000][1][safepoint    ] Application time: 1.0002724 seconds
[2019-06-24T10:31:03.284+0000][1][safepoint    ] Entering safepoint region: Cleanup
[2019-06-24T10:31:03.284+0000][1][safepoint    ] Leaving safepoint region
[2019-06-24T10:31:03.284+0000][1][safepoint    ] Total time for which application threads were stopped: 0.0002674 seconds, Stopping threads took: 0.0000807 seconds
[2019-06-24T10:31:04.285+0000][1][safepoint    ] Application time: 1.0002443 seconds
[2019-06-24T10:31:04.285+0000][1][safepoint    ] Entering safepoint region: Cleanup
[2019-06-24T10:31:04.285+0000][1][safepoint    ] Leaving safepoint region
[2019-06-24T10:31:04.285+0000][1][safepoint    ] Total time for which application threads were stopped: 0.0003346 seconds, Stopping threads took: 0.0001487 seconds
[2019-06-24T10:31:05.285+0000][1][safepoint    ] Application time: 1.0001575 seconds
[2019-06-24T10:31:05.285+0000][1][safepoint    ] Entering safepoint region: Cleanup
[2019-06-24T10:31:05.286+0000][1][safepoint    ] Leaving safepoint region
[2019-06-24T10:31:05.286+0000][1][safepoint    ] Total time for which application threads were stopped: 0.0003212 seconds, Stopping threads took: 0.0000871 seconds
[2019-06-24T10:31:06.286+0000][1][safepoint    ] Application time: 1.0002489 seconds
[2019-06-24T10:31:06.286+0000][1][safepoint    ] Entering safepoint region: Cleanup
[2019-06-24T10:31:06.286+0000][1][safepoint    ] Leaving safepoint region
[2019-06-24T10:31:06.286+0000][1][safepoint    ] Total time for which application threads were stopped: 0.0002714 seconds, Stopping threads took: 0.0000801 seconds
[2019-06-24T10:31:07.287+0000][1][safepoint    ] Application time: 1.0002556 seconds
[2019-06-24T10:31:07.287+0000][1][safepoint    ] Entering safepoint region: Cleanup
[2019-06-24T10:31:07.287+0000][1][safepoint    ] Leaving safepoint region
[2019-06-24T10:31:07.287+0000][1][safepoint    ] Total time for which application threads were stopped: 0.0001005 seconds, Stopping threads took: 0.0000293 seconds
[2019-06-24T10:31:08.287+0000][1][safepoint    ] Application time: 1.0001835 seconds
[2019-06-24T10:31:08.287+0000][1][safepoint    ] Entering safepoint region: Cleanup
[2019-06-24T10:31:08.287+0000][1][safepoint    ] Leaving safepoint region
[2019-06-24T10:31:08.287+0000][1][safepoint    ] Total time for which application threads were stopped: 0.0002943 seconds, Stopping threads took: 0.0000626 seconds
[2019-06-24T10:31:09.288+0000][1][safepoint    ] Application time: 1.0002207 seconds
[2019-06-24T10:31:09.288+0000][1][safepoint    ] Entering safepoint region: Cleanup
[2019-06-24T10:31:09.288+0000][1][safepoint    ] Leaving safepoint region
[2019-06-24T10:31:09.288+0000][1][safepoint    ] Total time for which application threads were stopped: 0.0002669 seconds, Stopping threads took: 0.0000656 seconds
[2019-06-24T10:31:10.288+0000][1][safepoint    ] Application time: 1.0002670 seconds
[2019-06-24T10:31:10.289+0000][1][safepoint    ] Entering safepoint region: Cleanup
[2019-06-24T10:31:10.289+0000][1][safepoint    ] Leaving safepoint region
[2019-06-24T10:31:10.289+0000][1][safepoint    ] Total time for which application threads were stopped: 0.0001417 seconds, Stopping threads took: 0.0000368 seconds
[2019-06-24T10:31:11.289+0000][1][safepoint    ] Application time: 1.0001493 seconds
[2019-06-24T10:31:11.289+0000][1][safepoint    ] Entering safepoint region: Cleanup
[2019-06-24T10:31:11.289+0000][1][safepoint    ] Leaving safepoint region
[2019-06-24T10:31:11.289+0000][1][safepoint    ] Total time for which application threads were stopped: 0.0003403 seconds, Stopping threads took: 0.0000904 seconds
[2019-06-24T10:31:12.290+0000][1][safepoint    ] Application time: 1.0001892 seconds
[2019-06-24T10:31:12.290+0000][1][safepoint    ] Entering safepoint region: Cleanup
[2019-06-24T10:31:12.290+0000][1][safepoint    ] Leaving safepoint region
[2019-06-24T10:31:12.290+0000][1][safepoint    ] Total time for which application threads were stopped: 0.0002656 seconds, Stopping threads took: 0.0000817 seconds
[2019-06-24T10:31:13.290+0000][1][safepoint    ] Application time: 1.0001890 seconds
[2019-06-24T10:31:13.290+0000][1][safepoint    ] Entering safepoint region: Cleanup
[2019-06-24T10:31:13.290+0000][1][safepoint    ] Leaving safepoint region
[2019-06-24T10:31:13.291+0000][1][safepoint    ] Total time for which application threads were stopped: 0.0003217 seconds, Stopping threads took: 0.0000804 seconds
[2019-06-24T10:31:14.291+0000][1][safepoint    ] Application time: 1.0001516 seconds
[2019-06-24T10:31:14.291+0000][1][safepoint    ] Entering safepoint region: Cleanup
[2019-06-24T10:31:14.291+0000][1][safepoint    ] Leaving safepoint region
[2019-06-24T10:31:14.291+0000][1][safepoint    ] Total time for which application threads were stopped: 0.0003117 seconds, Stopping threads took: 0.0001288 seconds
[2019-06-24T10:31:15.291+0000][1][safepoint    ] Application time: 1.0002273 seconds
[2019-06-24T10:31:15.292+0000][1][safepoint    ] Entering safepoint region: Cleanup
[2019-06-24T10:31:15.292+0000][1][safepoint    ] Leaving safepoint region
[2019-06-24T10:31:15.292+0000][1][safepoint    ] Total time for which application threads were stopped: 0.0002680 seconds, Stopping threads took: 0.0000793 seconds
[2019-06-24T10:31:16.292+0000][1][safepoint    ] Application time: 1.0002750 seconds
[2019-06-24T10:31:16.292+0000][1][safepoint    ] Entering safepoint region: Cleanup
[2019-06-24T10:31:16.292+0000][1][safepoint    ] Leaving safepoint region
[2019-06-24T10:31:16.292+0000][1][safepoint    ] Total time for which application threads were stopped: 0.0002699 seconds, Stopping threads took: 0.0000934 seconds
[2019-06-24T10:31:17.293+0000][1][safepoint    ] Application time: 1.0002592 seconds
[2019-06-24T10:31:17.293+0000][1][safepoint    ] Entering safepoint region: Cleanup
[2019-06-24T10:31:17.293+0000][1][safepoint    ] Leaving safepoint region
[2019-06-24T10:31:17.293+0000][1][safepoint    ] Total time for which application threads were stopped: 0.0002271 seconds, Stopping threads took: 0.0000634 seconds
[2019-06-24T10:31:18.293+0000][1][safepoint    ] Application time: 1.0002241 seconds
[2019-06-24T10:31:18.294+0000][1][safepoint    ] Entering safepoint region: Cleanup
[2019-06-24T10:31:18.294+0000][1][safepoint    ] Leaving safepoint region
[2019-06-24T10:31:18.294+0000][1][safepoint    ] Total time for which application threads were stopped: 0.0002592 seconds, Stopping threads took: 0.0000979 seconds
[2019-06-24T10:31:19.294+0000][1][safepoint    ] Application time: 1.0002602 seconds
[2019-06-24T10:31:19.294+0000][1][safepoint    ] Entering safepoint region: Cleanup
[2019-06-24T10:31:19.294+0000][1][safepoint    ] Leaving safepoint region
[2019-06-24T10:31:19.294+0000][1][safepoint    ] Total time for which application threads were stopped: 0.0002312 seconds, Stopping threads took: 0.0000635 seconds
[2019-06-24T10:31:20.295+0000][1][safepoint    ] Application time: 1.0002236 seconds
[2019-06-24T10:31:20.295+0000][1][safepoint    ] Entering safepoint region: Cleanup
[2019-06-24T10:31:20.295+0000][1][safepoint    ] Leaving safepoint region
[2019-06-24T10:31:20.295+0000][1][safepoint    ] Total time for which application threads were stopped: 0.0002291 seconds, Stopping threads took: 0.0000637 seconds
[2019-06-24T10:31:21.295+0000][1][safepoint    ] Application time: 1.0002005 seconds
[2019-06-24T10:31:21.295+0000][1][safepoint    ] Entering safepoint region: Cleanup
[2019-06-24T10:31:21.296+0000][1][safepoint    ] Leaving safepoint region
[2019-06-24T10:31:21.296+0000][1][safepoint    ] Total time for which application threads were stopped: 0.0003098 seconds, Stopping threads took: 0.0000632 seconds
[2019-06-24T10:31:22.296+0000][1][safepoint    ] Application time: 1.0002670 seconds
[2019-06-24T10:31:22.296+0000][1][safepoint    ] Entering safepoint region: Cleanup
[2019-06-24T10:31:22.296+0000][1][safepoint    ] Leaving safepoint region
[2019-06-24T10:31:22.296+0000][1][safepoint    ] Total time for which application threads were stopped: 0.0002274 seconds, Stopping threads took: 0.0000628 seconds
[2019-06-24T10:31:23.296+0000][1][safepoint    ] Application time: 1.0001929 seconds
[2019-06-24T10:31:23.297+0000][1][safepoint    ] Entering safepoint region: Cleanup
[2019-06-24T10:31:23.297+0000][1][safepoint    ] Leaving safepoint region
[2019-06-24T10:31:23.297+0000][1][safepoint    ] Total time for which application threads were stopped: 0.0001678 seconds, Stopping threads took: 0.0000477 seconds
[2019-06-24T10:31:24.297+0000][1][safepoint    ] Application time: 1.0001601 seconds
[2019-06-24T10:31:24.297+0000][1][safepoint    ] Entering safepoint region: Cleanup
[2019-06-24T10:31:24.297+0000][1][safepoint    ] Leaving safepoint region
[2019-06-24T10:31:24.297+0000][1][safepoint    ] Total time for which application threads were stopped: 0.0004046 seconds, Stopping threads took: 0.0000924 seconds
[2019-06-24T10:31:26.288+0000][1][safepoint    ] Application time: 1.9900987 seconds
[2019-06-24T10:31:26.288+0000][1][safepoint    ] Entering safepoint region: Cleanup
[2019-06-24T10:31:26.288+0000][1][safepoint    ] Leaving safepoint region
[2019-06-24T10:31:26.288+0000][1][safepoint    ] Total time for which application threads were stopped: 0.0002311 seconds, Stopping threads took: 0.0000625 seconds
[2019-06-24T10:31:27.288+0000][1][safepoint    ] Application time: 1.0001856 seconds
[2019-06-24T10:31:27.288+0000][1][safepoint    ] Entering safepoint region: Cleanup
[2019-06-24T10:31:27.288+0000][1][safepoint    ] Leaving safepoint region
[2019-06-24T10:31:27.288+0000][1][safepoint    ] Total time for which application threads were stopped: 0.0002385 seconds, Stopping threads took: 0.0000622 seconds
[2019-06-24T10:31:28.289+0000][1][safepoint    ] Application time: 1.0001869 seconds
[2019-06-24T10:31:28.289+0000][1][safepoint    ] Entering safepoint region: Cleanup
[2019-06-24T10:31:28.289+0000][1][safepoint    ] Leaving safepoint region
[2019-06-24T10:31:28.289+0000][1][safepoint    ] Total time for which application threads were stopped: 0.0002197 seconds, Stopping threads took: 0.0000627 seconds
[2019-06-24T10:31:29.289+0000][1][safepoint    ] Application time: 1.0002584 seconds
[2019-06-24T10:31:29.289+0000][1][safepoint    ] Entering safepoint region: Cleanup
[2019-06-24T10:31:29.290+0000][1][safepoint    ] Leaving safepoint region
[2019-06-24T10:31:29.290+0000][1][safepoint    ] Total time for which application threads were stopped: 0.0002251 seconds, Stopping threads took: 0.0000642 seconds
[2019-06-24T10:31:30.290+0000][1][safepoint    ] Application time: 1.0001884 seconds
[2019-06-24T10:31:30.290+0000][1][safepoint    ] Entering safepoint region: Cleanup
[2019-06-24T10:31:30.290+0000][1][safepoint    ] Leaving safepoint region
[2019-06-24T10:31:30.290+0000][1][safepoint    ] Total time for which application threads were stopped: 0.0003297 seconds, Stopping threads took: 0.0001522 seconds
[2019-06-24T10:31:31.291+0000][1][safepoint    ] Application time: 1.0003315 seconds
[2019-06-24T10:31:31.291+0000][1][safepoint    ] Entering safepoint region: Cleanup
[2019-06-24T10:31:31.291+0000][1][safepoint    ] Leaving safepoint region
[2019-06-24T10:31:31.291+0000][1][safepoint    ] Total time for which application threads were stopped: 0.0002255 seconds, Stopping threads took: 0.0000637 seconds
[2019-06-24T10:31:32.291+0000][1][safepoint    ] Application time: 1.0001457 seconds
[2019-06-24T10:31:32.291+0000][1][safepoint    ] Entering safepoint region: Cleanup
[2019-06-24T10:31:32.291+0000][1][safepoint    ] Leaving safepoint region
[2019-06-24T10:31:32.292+0000][1][safepoint    ] Total time for which application threads were stopped: 0.0002468 seconds, Stopping threads took: 0.0000642 seconds
[2019-06-24T10:31:33.292+0000][1][safepoint    ] Application time: 1.0002294 seconds
[2019-06-24T10:31:33.292+0000][1][safepoint    ] Entering safepoint region: Cleanup
[2019-06-24T10:31:33.292+0000][1][safepoint    ] Leaving safepoint region
[2019-06-24T10:31:33.292+0000][1][safepoint    ] Total time for which application threads were stopped: 0.0002540 seconds, Stopping threads took: 0.0000955 seconds
[2019-06-24T10:31:34.292+0000][1][safepoint    ] Application time: 1.0002708 seconds
[2019-06-24T10:31:34.293+0000][1][safepoint    ] Entering safepoint region: Cleanup
[2019-06-24T10:31:34.293+0000][1][safepoint    ] Leaving safepoint region
[2019-06-24T10:31:34.293+0000][1][safepoint    ] Total time for which application threads were stopped: 0.0002334 seconds, Stopping threads took: 0.0000658 seconds
[2019-06-24T10:31:35.293+0000][1][safepoint    ] Application time: 1.0001916 seconds
[2019-06-24T10:31:35.293+0000][1][safepoint    ] Entering safepoint region: Cleanup
[2019-06-24T10:31:35.293+0000][1][safepoint    ] Leaving safepoint region
[2019-06-24T10:31:35.294+0000][1][safepoint    ] Total time for which application threads were stopped: 0.0004564 seconds, Stopping threads took: 0.0001876 seconds
[2019-06-24T10:31:36.294+0000][1][safepoint    ] Application time: 1.0002871 seconds
[2019-06-24T10:31:36.294+0000][1][safepoint    ] Entering safepoint region: Cleanup
[2019-06-24T10:31:36.294+0000][1][safepoint    ] Leaving safepoint region
[2019-06-24T10:31:36.294+0000][1][safepoint    ] Total time for which application threads were stopped: 0.0002798 seconds, Stopping threads took: 0.0000641 seconds
[2019-06-24T10:31:37.295+0000][1][safepoint    ] Application time: 1.0002823 seconds
[2019-06-24T10:31:37.295+0000][1][safepoint    ] Entering safepoint region: Cleanup
[2019-06-24T10:31:37.295+0000][1][safepoint    ] Leaving safepoint region
[2019-06-24T10:31:37.295+0000][1][safepoint    ] Total time for which application threads were stopped: 0.0002772 seconds, Stopping threads took: 0.0000816 seconds
[2019-06-24T10:31:38.295+0000][1][safepoint    ] Application time: 1.0001840 seconds
[2019-06-24T10:31:38.295+0000][1][safepoint    ] Entering safepoint region: Cleanup
[2019-06-24T10:31:38.296+0000][1][safepoint    ] Leaving safepoint region
[2019-06-24T10:31:38.296+0000][1][safepoint    ] Total time for which application threads were stopped: 0.0002611 seconds, Stopping threads took: 0.0000627 seconds
[2019-06-24T10:31:39.296+0000][1][safepoint    ] Application time: 1.0002754 seconds
[2019-06-24T10:31:39.296+0000][1][safepoint    ] Entering safepoint region: Cleanup
[2019-06-24T10:31:39.296+0000][1][safepoint    ] Leaving safepoint region
[2019-06-24T10:31:39.296+0000][1][safepoint    ] Total time for which application threads were stopped: 0.0002972 seconds, Stopping threads took: 0.0000639 seconds
[2019-06-24T10:31:40.297+0000][1][safepoint    ] Application time: 1.0002345 seconds
[2019-06-24T10:31:40.297+0000][1][safepoint    ] Entering safepoint region: Cleanup
[2019-06-24T10:31:40.297+0000][1][safepoint    ] Leaving safepoint region
[2019-06-24T10:31:40.297+0000][1][safepoint    ] Total time for which application threads were stopped: 0.0002539 seconds, Stopping threads took: 0.0000626 seconds
[2019-06-24T10:31:41.297+0000][1][safepoint    ] Application time: 1.0002106 seconds
[2019-06-24T10:31:41.297+0000][1][safepoint    ] Entering safepoint region: Cleanup
[2019-06-24T10:31:41.298+0000][1][safepoint    ] Leaving safepoint region
[2019-06-24T10:31:41.298+0000][1][safepoint    ] Total time for which application threads were stopped: 0.0002661 seconds, Stopping threads took: 0.0000640 seconds
[2019-06-24T10:31:42.298+0000][1][safepoint    ] Application time: 1.0002674 seconds
[2019-06-24T10:31:42.298+0000][1][safepoint    ] Entering safepoint region: Cleanup
[2019-06-24T10:31:42.298+0000][1][safepoint    ] Leaving safepoint region
[2019-06-24T10:31:42.298+0000][1][safepoint    ] Total time for which application threads were stopped: 0.0002280 seconds, Stopping threads took: 0.0000638 seconds
[2019-06-24T10:31:43.299+0000][1][safepoint    ] Application time: 1.0003289 seconds
[2019-06-24T10:31:43.299+0000][1][safepoint    ] Entering safepoint region: Cleanup
[2019-06-24T10:31:43.299+0000][1][safepoint    ] Leaving safepoint region
[2019-06-24T10:31:43.299+0000][1][safepoint    ] Total time for which application threads were stopped: 0.0002306 seconds, Stopping threads took: 0.0000653 seconds
[2019-06-24T10:31:44.299+0000][1][safepoint    ] Application time: 1.0001914 seconds
[2019-06-24T10:31:44.299+0000][1][safepoint    ] Entering safepoint region: Cleanup
[2019-06-24T10:31:44.299+0000][1][safepoint    ] Leaving safepoint region
[2019-06-24T10:31:44.300+0000][1][safepoint    ] Total time for which application threads were stopped: 0.0002262 seconds, Stopping threads took: 0.0000638 seconds
[2019-06-24T10:31:45.300+0000][1][safepoint    ] Application time: 1.0002937 seconds
[2019-06-24T10:31:45.300+0000][1][safepoint    ] Entering safepoint region: Cleanup
[2019-06-24T10:31:45.300+0000][1][safepoint    ] Leaving safepoint region
[2019-06-24T10:31:45.300+0000][1][safepoint    ] Total time for which application threads were stopped: 0.0001009 seconds, Stopping threads took: 0.0000238 seconds
[2019-06-24T10:31:46.300+0000][1][safepoint    ] Application time: 1.0002545 seconds
[2019-06-24T10:31:46.300+0000][1][safepoint    ] Entering safepoint region: Cleanup
[2019-06-24T10:31:46.301+0000][1][safepoint    ] Leaving safepoint region
[2019-06-24T10:31:46.301+0000][1][safepoint    ] Total time for which application threads were stopped: 0.0002243 seconds, Stopping threads took: 0.0000623 seconds
[2019-06-24T10:31:47.301+0000][1][safepoint    ] Application time: 1.0001128 seconds
[2019-06-24T10:31:47.301+0000][1][safepoint    ] Entering safepoint region: Cleanup
[2019-06-24T10:31:47.301+0000][1][safepoint    ] Leaving safepoint region
[2019-06-24T10:31:47.301+0000][1][safepoint    ] Total time for which application threads were stopped: 0.0002154 seconds, Stopping threads took: 0.0000627 seconds
[2019-06-24T10:31:48.301+0000][1][safepoint    ] Application time: 1.0001288 seconds
[2019-06-24T10:31:48.301+0000][1][safepoint    ] Entering safepoint region: Cleanup
[2019-06-24T10:31:48.302+0000][1][safepoint    ] Leaving safepoint region
[2019-06-24T10:31:48.302+0000][1][safepoint    ] Total time for which application threads were stopped: 0.0002214 seconds, Stopping threads took: 0.0000646 seconds
[2019-06-24T10:31:49.302+0000][1][safepoint    ] Application time: 1.0002707 seconds
[2019-06-24T10:31:49.302+0000][1][safepoint    ] Entering safepoint region: Cleanup
[2019-06-24T10:31:49.302+0000][1][safepoint    ] Leaving safepoint region
[2019-06-24T10:31:49.302+0000][1][safepoint    ] Total time for which application threads were stopped: 0.0002249 seconds, Stopping threads took: 0.0000637 seconds
[2019-06-24T10:31:50.302+0000][1][safepoint    ] Application time: 1.0001835 seconds
[2019-06-24T10:31:50.303+0000][1][safepoint    ] Entering safepoint region: Cleanup
[2019-06-24T10:31:50.303+0000][1][safepoint    ] Leaving safepoint region
[2019-06-24T10:31:50.303+0000][1][safepoint    ] Total time for which application threads were stopped: 0.0003597 seconds, Stopping threads took: 0.0001142 seconds
[2019-06-24T10:31:51.303+0000][1][safepoint    ] Application time: 1.0001848 seconds
[2019-06-24T10:31:51.303+0000][1][safepoint    ] Entering safepoint region: Cleanup
[2019-06-24T10:31:51.303+0000][1][safepoint    ] Leaving safepoint region
[2019-06-24T10:31:51.303+0000][1][safepoint    ] Total time for which application threads were stopped: 0.0002209 seconds, Stopping threads took: 0.0000636 seconds
[2019-06-24T10:31:52.304+0000][1][safepoint    ] Application time: 1.0002360 seconds
[2019-06-24T10:31:52.304+0000][1][safepoint    ] Entering safepoint region: Cleanup
[2019-06-24T10:31:52.304+0000][1][safepoint    ] Leaving safepoint region
[2019-06-24T10:31:52.304+0000][1][safepoint    ] Total time for which application threads were stopped: 0.0002624 seconds, Stopping threads took: 0.0000639 seconds
[2019-06-24T10:31:53.304+0000][1][safepoint    ] Application time: 1.0002063 seconds
[2019-06-24T10:31:53.305+0000][1][safepoint    ] Entering safepoint region: Cleanup
[2019-06-24T10:31:53.305+0000][1][safepoint    ] Leaving safepoint region
[2019-06-24T10:31:53.305+0000][1][safepoint    ] Total time for which application threads were stopped: 0.0002224 seconds, Stopping threads took: 0.0000635 seconds
[2019-06-24T10:31:54.305+0000][1][safepoint    ] Application time: 1.0002726 seconds
[2019-06-24T10:31:54.305+0000][1][safepoint    ] Entering safepoint region: Cleanup
[2019-06-24T10:31:54.305+0000][1][safepoint    ] Leaving safepoint region
[2019-06-24T10:31:54.305+0000][1][safepoint    ] Total time for which application threads were stopped: 0.0002311 seconds, Stopping threads took: 0.0000648 seconds
[2019-06-24T10:31:55.306+0000][1][safepoint    ] Application time: 1.0001474 seconds
[2019-06-24T10:31:55.306+0000][1][safepoint    ] Entering safepoint region: Cleanup
[2019-06-24T10:31:55.306+0000][1][safepoint    ] Leaving safepoint region
[2019-06-24T10:31:55.306+0000][1][safepoint    ] Total time for which application threads were stopped: 0.0006053 seconds, Stopping threads took: 0.0001425 seconds
[2019-06-24T10:31:56.307+0000][1][safepoint    ] Application time: 1.0003334 seconds
[2019-06-24T10:31:56.307+0000][1][safepoint    ] Entering safepoint region: Cleanup
[2019-06-24T10:31:56.307+0000][1][safepoint    ] Leaving safepoint region
[2019-06-24T10:31:56.307+0000][1][safepoint    ] Total time for which application threads were stopped: 0.0002630 seconds, Stopping threads took: 0.0000759 seconds
[2019-06-24T10:31:57.308+0000][1][safepoint    ] Application time: 1.0002212 seconds
[2019-06-24T10:31:57.308+0000][1][safepoint    ] Entering safepoint region: Cleanup
[2019-06-24T10:31:57.308+0000][1][safepoint    ] Leaving safepoint region
[2019-06-24T10:31:57.308+0000][1][safepoint    ] Total time for which application threads were stopped: 0.0002180 seconds, Stopping threads took: 0.0000612 seconds
[2019-06-24T10:31:58.308+0000][1][safepoint    ] Application time: 1.0002205 seconds
[2019-06-24T10:31:58.308+0000][1][safepoint    ] Entering safepoint region: Cleanup
[2019-06-24T10:31:58.308+0000][1][safepoint    ] Leaving safepoint region
[2019-06-24T10:31:58.308+0000][1][safepoint    ] Total time for which application threads were stopped: 0.0002229 seconds, Stopping threads took: 0.0000636 seconds
[2019-06-24T10:31:59.309+0000][1][safepoint    ] Application time: 1.0001591 seconds
[2019-06-24T10:31:59.309+0000][1][safepoint    ] Entering safepoint region: Cleanup
[2019-06-24T10:31:59.309+0000][1][safepoint    ] Leaving safepoint region
[2019-06-24T10:31:59.309+0000][1][safepoint    ] Total time for which application threads were stopped: 0.0002467 seconds, Stopping threads took: 0.0000920 seconds
[2019-06-24T10:32:00.309+0000][1][safepoint    ] Application time: 1.0002196 seconds
[2019-06-24T10:32:00.309+0000][1][safepoint    ] Entering safepoint region: Cleanup
[2019-06-24T10:32:00.310+0000][1][safepoint    ] Leaving safepoint region
[2019-06-24T10:32:00.310+0000][1][safepoint    ] Total time for which application threads were stopped: 0.0002737 seconds, Stopping threads took: 0.0000834 seconds
[2019-06-24T10:32:01.310+0000][1][safepoint    ] Application time: 1.0002531 seconds
[2019-06-24T10:32:01.310+0000][1][safepoint    ] Entering safepoint region: Cleanup
[2019-06-24T10:32:01.310+0000][1][safepoint    ] Leaving safepoint region
[2019-06-24T10:32:01.310+0000][1][safepoint    ] Total time for which application threads were stopped: 0.0002231 seconds, Stopping threads took: 0.0000644 seconds
[2019-06-24T10:32:02.311+0000][1][safepoint    ] Application time: 1.0002979 seconds
[2019-06-24T10:32:02.311+0000][1][safepoint    ] Entering safepoint region: Cleanup
[2019-06-24T10:32:02.311+0000][1][safepoint    ] Leaving safepoint region
[2019-06-24T10:32:02.311+0000][1][safepoint    ] Total time for which application threads were stopped: 0.0002569 seconds, Stopping threads took: 0.0000667 seconds
[2019-06-24T10:32:02.403+0000][1][safepoint    ] Application time: 0.0921119 seconds
[2019-06-24T10:32:02.403+0000][1][safepoint    ] Entering safepoint region: GenCollectForAllocation
[2019-06-24T10:32:02.403+0000][1][gc,start     ] GC(31) Pause Young (Allocation Failure)
[2019-06-24T10:32:02.404+0000][1][gc,task      ] GC(31) Using 5 workers of 8 for evacuation
[2019-06-24T10:32:02.406+0000][1][gc,age       ] GC(31) Desired survivor size 4456448 bytes, new threshold 6 (max threshold 6)
[2019-06-24T10:32:02.406+0000][1][gc,age       ] GC(31) Age table with threshold 6 (max threshold 6)
[2019-06-24T10:32:02.406+0000][1][gc,age       ] GC(31) - age   1:       3280 bytes,       3280 total
[2019-06-24T10:32:02.406+0000][1][gc,age       ] GC(31) - age   2:       1760 bytes,       5040 total
[2019-06-24T10:32:02.406+0000][1][gc,age       ] GC(31) - age   3:       5720 bytes,      10760 total
[2019-06-24T10:32:02.406+0000][1][gc,age       ] GC(31) - age   4:        400 bytes,      11160 total
[2019-06-24T10:32:02.406+0000][1][gc,age       ] GC(31) - age   5:       2432 bytes,      13592 total
[2019-06-24T10:32:02.406+0000][1][gc,age       ] GC(31) - age   6:       2640 bytes,      16232 total
[2019-06-24T10:32:02.406+0000][1][gc,heap      ] GC(31) ParNew: 70048K->39K(78656K)
[2019-06-24T10:32:02.406+0000][1][gc,heap      ] GC(31) CMS: 69521K->69526K(174784K)
[2019-06-24T10:32:02.406+0000][1][gc,metaspace ] GC(31) Metaspace: 66975K->66975K(1110016K)
[2019-06-24T10:32:02.406+0000][1][gc           ] GC(31) Pause Young (Allocation Failure) 136M->67M(247M) 2.973ms
[2019-06-24T10:32:02.407+0000][1][gc,cpu       ] GC(31) User=0.01s Sys=0.00s Real=0.00s
[2019-06-24T10:32:02.407+0000][1][safepoint    ] Leaving safepoint region
[2019-06-24T10:32:02.407+0000][1][safepoint    ] Total time for which application threads were stopped: 0.0036019 seconds, Stopping threads took: 0.0000606 seconds
[2019-06-24T10:32:03.407+0000][1][safepoint    ] Application time: 1.0001871 seconds
[2019-06-24T10:32:03.407+0000][1][safepoint    ] Entering safepoint region: Cleanup
[2019-06-24T10:32:03.407+0000][1][safepoint    ] Leaving safepoint region
[2019-06-24T10:32:03.407+0000][1][safepoint    ] Total time for which application threads were stopped: 0.0002935 seconds, Stopping threads took: 0.0000680 seconds
[2019-06-24T10:32:04.408+0000][1][safepoint    ] Application time: 1.0002070 seconds
[2019-06-24T10:32:04.408+0000][1][safepoint    ] Entering safepoint region: Cleanup
[2019-06-24T10:32:04.408+0000][1][safepoint    ] Leaving safepoint region
[2019-06-24T10:32:04.408+0000][1][safepoint    ] Total time for which application threads were stopped: 0.0002209 seconds, Stopping threads took: 0.0000626 seconds
[2019-06-24T10:32:05.408+0000][1][safepoint    ] Application time: 1.0002685 seconds
[2019-06-24T10:32:05.408+0000][1][safepoint    ] Entering safepoint region: Cleanup
[2019-06-24T10:32:05.409+0000][1][safepoint    ] Leaving safepoint region
[2019-06-24T10:32:05.409+0000][1][safepoint    ] Total time for which application threads were stopped: 0.0002917 seconds, Stopping threads took: 0.0000637 seconds
[2019-06-24T10:32:06.409+0000][1][safepoint    ] Application time: 1.0001885 seconds
[2019-06-24T10:32:06.409+0000][1][safepoint    ] Entering safepoint region: Cleanup
[2019-06-24T10:32:06.409+0000][1][safepoint    ] Leaving safepoint region
[2019-06-24T10:32:06.409+0000][1][safepoint    ] Total time for which application threads were stopped: 0.0002164 seconds, Stopping threads took: 0.0000609 seconds
[2019-06-24T10:32:07.412+0000][1][safepoint    ] Application time: 1.0027436 seconds
[2019-06-24T10:32:07.412+0000][1][safepoint    ] Entering safepoint region: Cleanup
[2019-06-24T10:32:07.412+0000][1][safepoint    ] Leaving safepoint region
[2019-06-24T10:32:07.412+0000][1][safepoint    ] Total time for which application threads were stopped: 0.0002424 seconds, Stopping threads took: 0.0000615 seconds
[2019-06-24T10:32:08.413+0000][1][safepoint    ] Application time: 1.0002854 seconds
[2019-06-24T10:32:08.413+0000][1][safepoint    ] Entering safepoint region: Cleanup
[2019-06-24T10:32:08.413+0000][1][safepoint    ] Leaving safepoint region
[2019-06-24T10:32:08.413+0000][1][safepoint    ] Total time for which application threads were stopped: 0.0002214 seconds, Stopping threads took: 0.0000616 seconds
[2019-06-24T10:32:09.413+0000][1][safepoint    ] Application time: 1.0002525 seconds
[2019-06-24T10:32:09.413+0000][1][safepoint    ] Entering safepoint region: Cleanup
[2019-06-24T10:32:09.414+0000][1][safepoint    ] Leaving safepoint region
[2019-06-24T10:32:09.414+0000][1][safepoint    ] Total time for which application threads were stopped: 0.0002167 seconds, Stopping threads took: 0.0000630 seconds
[2019-06-24T10:32:10.414+0000][1][safepoint    ] Application time: 1.0002212 seconds
[2019-06-24T10:32:10.414+0000][1][safepoint    ] Entering safepoint region: Cleanup
[2019-06-24T10:32:10.414+0000][1][safepoint    ] Leaving safepoint region
[2019-06-24T10:32:10.414+0000][1][safepoint    ] Total time for which application threads were stopped: 0.0002216 seconds, Stopping threads took: 0.0000618 seconds
[2019-06-24T10:32:11.414+0000][1][safepoint    ] Application time: 1.0001892 seconds
[2019-06-24T10:32:11.415+0000][1][safepoint    ] Entering safepoint region: Cleanup
[2019-06-24T10:32:11.415+0000][1][safepoint    ] Leaving safepoint region
[2019-06-24T10:32:11.415+0000][1][safepoint    ] Total time for which application threads were stopped: 0.0002850 seconds, Stopping threads took: 0.0000761 seconds
[2019-06-24T10:32:12.415+0000][1][safepoint    ] Application time: 1.0001230 seconds
[2019-06-24T10:32:12.415+0000][1][safepoint    ] Entering safepoint region: Cleanup
[2019-06-24T10:32:12.415+0000][1][safepoint    ] Leaving safepoint region
[2019-06-24T10:32:12.415+0000][1][safepoint    ] Total time for which application threads were stopped: 0.0001114 seconds, Stopping threads took: 0.0000327 seconds
[2019-06-24T10:32:13.416+0000][1][safepoint    ] Application time: 1.0002479 seconds
[2019-06-24T10:32:13.416+0000][1][safepoint    ] Entering safepoint region: Cleanup
[2019-06-24T10:32:13.416+0000][1][safepoint    ] Leaving safepoint region
[2019-06-24T10:32:13.416+0000][1][safepoint    ] Total time for which application threads were stopped: 0.0002207 seconds, Stopping threads took: 0.0000626 seconds
[2019-06-24T10:32:14.416+0000][1][safepoint    ] Application time: 1.0002448 seconds
[2019-06-24T10:32:14.416+0000][1][safepoint    ] Entering safepoint region: Cleanup
[2019-06-24T10:32:14.416+0000][1][safepoint    ] Leaving safepoint region
[2019-06-24T10:32:14.416+0000][1][safepoint    ] Total time for which application threads were stopped: 0.0002188 seconds, Stopping threads took: 0.0000613 seconds
[2019-06-24T10:32:15.417+0000][1][safepoint    ] Application time: 1.0001301 seconds
[2019-06-24T10:32:15.417+0000][1][safepoint    ] Entering safepoint region: Cleanup
[2019-06-24T10:32:15.417+0000][1][safepoint    ] Leaving safepoint region
[2019-06-24T10:32:15.417+0000][1][safepoint    ] Total time for which application threads were stopped: 0.0002306 seconds, Stopping threads took: 0.0000561 seconds
[2019-06-24T10:32:16.417+0000][1][safepoint    ] Application time: 1.0002320 seconds
[2019-06-24T10:32:16.417+0000][1][safepoint    ] Entering safepoint region: Cleanup
[2019-06-24T10:32:16.418+0000][1][safepoint    ] Leaving safepoint region
[2019-06-24T10:32:16.418+0000][1][safepoint    ] Total time for which application threads were stopped: 0.0002182 seconds, Stopping threads took: 0.0000617 seconds
[2019-06-24T10:32:17.418+0000][1][safepoint    ] Application time: 1.0002378 seconds
[2019-06-24T10:32:17.418+0000][1][safepoint    ] Entering safepoint region: Cleanup
[2019-06-24T10:32:17.418+0000][1][safepoint    ] Leaving safepoint region
[2019-06-24T10:32:17.418+0000][1][safepoint    ] Total time for which application threads were stopped: 0.0002204 seconds, Stopping threads took: 0.0000609 seconds
[2019-06-24T10:32:18.418+0000][1][safepoint    ] Application time: 1.0002512 seconds
[2019-06-24T10:32:18.419+0000][1][safepoint    ] Entering safepoint region: Cleanup
[2019-06-24T10:32:18.419+0000][1][safepoint    ] Leaving safepoint region
[2019-06-24T10:32:18.419+0000][1][safepoint    ] Total time for which application threads were stopped: 0.0002219 seconds, Stopping threads took: 0.0000628 seconds
[2019-06-24T10:32:19.419+0000][1][safepoint    ] Application time: 1.0001349 seconds
[2019-06-24T10:32:19.419+0000][1][safepoint    ] Entering safepoint region: Cleanup
[2019-06-24T10:32:19.419+0000][1][safepoint    ] Leaving safepoint region
[2019-06-24T10:32:19.419+0000][1][safepoint    ] Total time for which application threads were stopped: 0.0002322 seconds, Stopping threads took: 0.0000636 seconds
[2019-06-24T10:32:20.420+0000][1][safepoint    ] Application time: 1.0001991 seconds
[2019-06-24T10:32:20.420+0000][1][safepoint    ] Entering safepoint region: Cleanup
[2019-06-24T10:32:20.420+0000][1][safepoint    ] Leaving safepoint region
[2019-06-24T10:32:20.420+0000][1][safepoint    ] Total time for which application threads were stopped: 0.0002205 seconds, Stopping threads took: 0.0000622 seconds
[2019-06-24T10:32:21.420+0000][1][safepoint    ] Application time: 1.0002217 seconds
[2019-06-24T10:32:21.420+0000][1][safepoint    ] Entering safepoint region: Cleanup
[2019-06-24T10:32:21.420+0000][1][safepoint    ] Leaving safepoint region
[2019-06-24T10:32:21.420+0000][1][safepoint    ] Total time for which application threads were stopped: 0.0001089 seconds, Stopping threads took: 0.0000265 seconds
[2019-06-24T10:32:22.421+0000][1][safepoint    ] Application time: 1.0001903 seconds
[2019-06-24T10:32:22.421+0000][1][safepoint    ] Entering safepoint region: Cleanup
[2019-06-24T10:32:22.421+0000][1][safepoint    ] Leaving safepoint region
[2019-06-24T10:32:22.421+0000][1][safepoint    ] Total time for which application threads were stopped: 0.0002760 seconds, Stopping threads took: 0.0000612 seconds
[2019-06-24T10:32:23.421+0000][1][safepoint    ] Application time: 1.0002660 seconds
[2019-06-24T10:32:23.421+0000][1][safepoint    ] Entering safepoint region: Cleanup
[2019-06-24T10:32:23.422+0000][1][safepoint    ] Leaving safepoint region
[2019-06-24T10:32:23.422+0000][1][safepoint    ] Total time for which application threads were stopped: 0.0002214 seconds, Stopping threads took: 0.0000602 seconds
[2019-06-24T10:32:24.422+0000][1][safepoint    ] Application time: 1.0002692 seconds
[2019-06-24T10:32:24.422+0000][1][safepoint    ] Entering safepoint region: Cleanup
[2019-06-24T10:32:24.422+0000][1][safepoint    ] Leaving safepoint region
[2019-06-24T10:32:24.422+0000][1][safepoint    ] Total time for which application threads were stopped: 0.0002605 seconds, Stopping threads took: 0.0000835 seconds
[2019-06-24T10:32:25.423+0000][1][safepoint    ] Application time: 1.0003215 seconds
[2019-06-24T10:32:25.423+0000][1][safepoint    ] Entering safepoint region: Cleanup
[2019-06-24T10:32:25.423+0000][1][safepoint    ] Leaving safepoint region
[2019-06-24T10:32:25.423+0000][1][safepoint    ] Total time for which application threads were stopped: 0.0002249 seconds, Stopping threads took: 0.0000640 seconds
[2019-06-24T10:32:26.423+0000][1][safepoint    ] Application time: 1.0002874 seconds
[2019-06-24T10:32:26.423+0000][1][safepoint    ] Entering safepoint region: Cleanup
[2019-06-24T10:32:26.424+0000][1][safepoint    ] Leaving safepoint region
[2019-06-24T10:32:26.424+0000][1][safepoint    ] Total time for which application threads were stopped: 0.0002208 seconds, Stopping threads took: 0.0000605 seconds
[2019-06-24T10:32:27.424+0000][1][safepoint    ] Application time: 1.0001827 seconds
[2019-06-24T10:32:27.424+0000][1][safepoint    ] Entering safepoint region: Cleanup
[2019-06-24T10:32:27.424+0000][1][safepoint    ] Leaving safepoint region
[2019-06-24T10:32:27.424+0000][1][safepoint    ] Total time for which application threads were stopped: 0.0001157 seconds, Stopping threads took: 0.0000324 seconds
[2019-06-24T10:32:28.424+0000][1][safepoint    ] Application time: 1.0002172 seconds
[2019-06-24T10:32:28.424+0000][1][safepoint    ] Entering safepoint region: Cleanup
[2019-06-24T10:32:28.425+0000][1][safepoint    ] Leaving safepoint region
[2019-06-24T10:32:28.425+0000][1][safepoint    ] Total time for which application threads were stopped: 0.0002217 seconds, Stopping threads took: 0.0000621 seconds
[2019-06-24T10:32:29.425+0000][1][safepoint    ] Application time: 1.0001963 seconds
[2019-06-24T10:32:29.425+0000][1][safepoint    ] Entering safepoint region: Cleanup
[2019-06-24T10:32:29.425+0000][1][safepoint    ] Leaving safepoint region
[2019-06-24T10:32:29.425+0000][1][safepoint    ] Total time for which application threads were stopped: 0.0002156 seconds, Stopping threads took: 0.0000614 seconds
[2019-06-24T10:32:30.425+0000][1][safepoint    ] Application time: 1.0002655 seconds
[2019-06-24T10:32:30.426+0000][1][safepoint    ] Entering safepoint region: Cleanup
[2019-06-24T10:32:30.426+0000][1][safepoint    ] Leaving safepoint region
[2019-06-24T10:32:30.426+0000][1][safepoint    ] Total time for which application threads were stopped: 0.0003445 seconds, Stopping threads took: 0.0001530 seconds
[2019-06-24T10:32:31.426+0000][1][safepoint    ] Application time: 1.0002602 seconds
[2019-06-24T10:32:31.426+0000][1][safepoint    ] Entering safepoint region: Cleanup
[2019-06-24T10:32:31.427+0000][1][safepoint    ] Leaving safepoint region
[2019-06-24T10:32:31.427+0000][1][safepoint    ] Total time for which application threads were stopped: 0.0003429 seconds, Stopping threads took: 0.0000641 seconds
[2019-06-24T10:32:32.427+0000][1][safepoint    ] Application time: 1.0002758 seconds
[2019-06-24T10:32:32.427+0000][1][safepoint    ] Entering safepoint region: Cleanup
[2019-06-24T10:32:32.427+0000][1][safepoint    ] Leaving safepoint region
[2019-06-24T10:32:32.427+0000][1][safepoint    ] Total time for which application threads were stopped: 0.0002735 seconds, Stopping threads took: 0.0000844 seconds
[2019-06-24T10:32:33.428+0000][1][safepoint    ] Application time: 1.0002343 seconds
[2019-06-24T10:32:33.428+0000][1][safepoint    ] Entering safepoint region: Cleanup
[2019-06-24T10:32:33.428+0000][1][safepoint    ] Leaving safepoint region
[2019-06-24T10:32:33.428+0000][1][safepoint    ] Total time for which application threads were stopped: 0.0002965 seconds, Stopping threads took: 0.0001046 seconds
[2019-06-24T10:32:34.428+0000][1][safepoint    ] Application time: 1.0002635 seconds
[2019-06-24T10:32:34.429+0000][1][safepoint    ] Entering safepoint region: Cleanup
[2019-06-24T10:32:34.429+0000][1][safepoint    ] Leaving safepoint region
[2019-06-24T10:32:34.429+0000][1][safepoint    ] Total time for which application threads were stopped: 0.0002979 seconds, Stopping threads took: 0.0001043 seconds
[2019-06-24T10:32:35.429+0000][1][safepoint    ] Application time: 1.0002706 seconds
[2019-06-24T10:32:35.429+0000][1][safepoint    ] Entering safepoint region: Cleanup
[2019-06-24T10:32:35.429+0000][1][safepoint    ] Leaving safepoint region
[2019-06-24T10:32:35.429+0000][1][safepoint    ] Total time for which application threads were stopped: 0.0002618 seconds, Stopping threads took: 0.0000770 seconds
[2019-06-24T10:32:36.430+0000][1][safepoint    ] Application time: 1.0002585 seconds
[2019-06-24T10:32:36.430+0000][1][safepoint    ] Entering safepoint region: Cleanup
[2019-06-24T10:32:36.430+0000][1][safepoint    ] Leaving safepoint region
[2019-06-24T10:32:36.430+0000][1][safepoint    ] Total time for which application threads were stopped: 0.0002677 seconds, Stopping threads took: 0.0000920 seconds
[2019-06-24T10:32:37.430+0000][1][safepoint    ] Application time: 1.0002639 seconds
[2019-06-24T10:32:37.431+0000][1][safepoint    ] Entering safepoint region: Cleanup
[2019-06-24T10:32:37.431+0000][1][safepoint    ] Leaving safepoint region
[2019-06-24T10:32:37.431+0000][1][safepoint    ] Total time for which application threads were stopped: 0.0002230 seconds, Stopping threads took: 0.0000642 seconds
[2019-06-24T10:32:38.431+0000][1][safepoint    ] Application time: 1.0002376 seconds
[2019-06-24T10:32:38.431+0000][1][safepoint    ] Entering safepoint region: Cleanup
[2019-06-24T10:32:38.431+0000][1][safepoint    ] Leaving safepoint region
[2019-06-24T10:32:38.431+0000][1][safepoint    ] Total time for which application threads were stopped: 0.0002227 seconds, Stopping threads took: 0.0000624 seconds
[2019-06-24T10:32:39.432+0000][1][safepoint    ] Application time: 1.0002714 seconds
[2019-06-24T10:32:39.432+0000][1][safepoint    ] Entering safepoint region: Cleanup
[2019-06-24T10:32:39.432+0000][1][safepoint    ] Leaving safepoint region
[2019-06-24T10:32:39.432+0000][1][safepoint    ] Total time for which application threads were stopped: 0.0002231 seconds, Stopping threads took: 0.0000626 seconds
[2019-06-24T10:32:40.432+0000][1][safepoint    ] Application time: 1.0002551 seconds
[2019-06-24T10:32:40.432+0000][1][safepoint    ] Entering safepoint region: Cleanup
[2019-06-24T10:32:40.433+0000][1][safepoint    ] Leaving safepoint region
[2019-06-24T10:32:40.433+0000][1][safepoint    ] Total time for which application threads were stopped: 0.0001994 seconds, Stopping threads took: 0.0000554 seconds
[2019-06-24T10:32:41.433+0000][1][safepoint    ] Application time: 1.0002712 seconds
[2019-06-24T10:32:41.433+0000][1][safepoint    ] Entering safepoint region: Cleanup
[2019-06-24T10:32:41.433+0000][1][safepoint    ] Leaving safepoint region
[2019-06-24T10:32:41.433+0000][1][safepoint    ] Total time for which application threads were stopped: 0.0002787 seconds, Stopping threads took: 0.0001029 seconds
[2019-06-24T10:32:42.434+0000][1][safepoint    ] Application time: 1.0002685 seconds
[2019-06-24T10:32:42.434+0000][1][safepoint    ] Entering safepoint region: Cleanup
[2019-06-24T10:32:42.434+0000][1][safepoint    ] Leaving safepoint region
[2019-06-24T10:32:42.434+0000][1][safepoint    ] Total time for which application threads were stopped: 0.0002607 seconds, Stopping threads took: 0.0000901 seconds
[2019-06-24T10:32:43.434+0000][1][safepoint    ] Application time: 1.0002608 seconds
[2019-06-24T10:32:43.435+0000][1][safepoint    ] Entering safepoint region: Cleanup
[2019-06-24T10:32:43.435+0000][1][safepoint    ] Leaving safepoint region
[2019-06-24T10:32:43.435+0000][1][safepoint    ] Total time for which application threads were stopped: 0.0003453 seconds, Stopping threads took: 0.0001599 seconds
[2019-06-24T10:32:44.435+0000][1][safepoint    ] Application time: 1.0002694 seconds
[2019-06-24T10:32:44.435+0000][1][safepoint    ] Entering safepoint region: Cleanup
[2019-06-24T10:32:44.435+0000][1][safepoint    ] Leaving safepoint region
[2019-06-24T10:32:44.435+0000][1][safepoint    ] Total time for which application threads were stopped: 0.0002642 seconds, Stopping threads took: 0.0000764 seconds
[2019-06-24T10:32:45.436+0000][1][safepoint    ] Application time: 1.0002478 seconds
[2019-06-24T10:32:45.436+0000][1][safepoint    ] Entering safepoint region: Cleanup
[2019-06-24T10:32:45.436+0000][1][safepoint    ] Leaving safepoint region
[2019-06-24T10:32:45.436+0000][1][safepoint    ] Total time for which application threads were stopped: 0.0002658 seconds, Stopping threads took: 0.0000768 seconds
[2019-06-24T10:32:46.436+0000][1][safepoint    ] Application time: 1.0002740 seconds
[2019-06-24T10:32:46.437+0000][1][safepoint    ] Entering safepoint region: Cleanup
[2019-06-24T10:32:46.438+0000][1][safepoint    ] Leaving safepoint region
[2019-06-24T10:32:46.438+0000][1][safepoint    ] Total time for which application threads were stopped: 0.0012444 seconds, Stopping threads took: 0.0009439 seconds
[2019-06-24T10:32:47.438+0000][1][safepoint    ] Application time: 1.0002649 seconds
[2019-06-24T10:32:47.438+0000][1][safepoint    ] Entering safepoint region: Cleanup
[2019-06-24T10:32:47.438+0000][1][safepoint    ] Leaving safepoint region
[2019-06-24T10:32:47.439+0000][1][safepoint    ] Total time for which application threads were stopped: 0.0003356 seconds, Stopping threads took: 0.0000775 seconds
[2019-06-24T10:32:48.699+0000][1][safepoint    ] Application time: 1.2600336 seconds
[2019-06-24T10:32:48.699+0000][1][safepoint    ] Entering safepoint region: Cleanup
[2019-06-24T10:32:48.699+0000][1][safepoint    ] Leaving safepoint region
[2019-06-24T10:32:48.699+0000][1][safepoint    ] Total time for which application threads were stopped: 0.0002781 seconds, Stopping threads took: 0.0000787 seconds
[2019-06-24T10:32:49.699+0000][1][safepoint    ] Application time: 1.0002403 seconds
[2019-06-24T10:32:49.699+0000][1][safepoint    ] Entering safepoint region: Cleanup
[2019-06-24T10:32:49.700+0000][1][safepoint    ] Leaving safepoint region
[2019-06-24T10:32:49.700+0000][1][safepoint    ] Total time for which application threads were stopped: 0.0002247 seconds, Stopping threads took: 0.0000644 seconds
[2019-06-24T10:32:50.700+0000][1][safepoint    ] Application time: 1.0002479 seconds
[2019-06-24T10:32:50.700+0000][1][safepoint    ] Entering safepoint region: Cleanup
[2019-06-24T10:32:50.700+0000][1][safepoint    ] Leaving safepoint region
[2019-06-24T10:32:50.700+0000][1][safepoint    ] Total time for which application threads were stopped: 0.0002049 seconds, Stopping threads took: 0.0000558 seconds
[2019-06-24T10:32:51.700+0000][1][safepoint    ] Application time: 1.0002563 seconds
[2019-06-24T10:32:51.701+0000][1][safepoint    ] Entering safepoint region: Cleanup
[2019-06-24T10:32:51.702+0000][1][safepoint    ] Leaving safepoint region
[2019-06-24T10:32:51.702+0000][1][safepoint    ] Total time for which application threads were stopped: 0.0011588 seconds, Stopping threads took: 0.0009545 seconds
[2019-06-24T10:32:52.702+0000][1][safepoint    ] Application time: 1.0002665 seconds
[2019-06-24T10:32:52.702+0000][1][safepoint    ] Entering safepoint region: Cleanup
[2019-06-24T10:32:52.702+0000][1][safepoint    ] Leaving safepoint region
[2019-06-24T10:32:52.702+0000][1][safepoint    ] Total time for which application threads were stopped: 0.0002294 seconds, Stopping threads took: 0.0000613 seconds
[2019-06-24T10:32:53.703+0000][1][safepoint    ] Application time: 1.0002839 seconds
[2019-06-24T10:32:53.703+0000][1][safepoint    ] Entering safepoint region: Cleanup
[2019-06-24T10:32:53.703+0000][1][safepoint    ] Leaving safepoint region
[2019-06-24T10:32:53.703+0000][1][safepoint    ] Total time for which application threads were stopped: 0.0002373 seconds, Stopping threads took: 0.0000665 seconds
[2019-06-24T10:32:54.703+0000][1][safepoint    ] Application time: 1.0001383 seconds
[2019-06-24T10:32:54.703+0000][1][safepoint    ] Entering safepoint region: Cleanup
[2019-06-24T10:32:54.703+0000][1][safepoint    ] Leaving safepoint region
[2019-06-24T10:32:54.703+0000][1][safepoint    ] Total time for which application threads were stopped: 0.0000764 seconds, Stopping threads took: 0.0000213 seconds
[2019-06-24T10:32:55.704+0000][1][safepoint    ] Application time: 1.0002120 seconds
[2019-06-24T10:32:55.704+0000][1][safepoint    ] Entering safepoint region: Cleanup
[2019-06-24T10:32:55.704+0000][1][safepoint    ] Leaving safepoint region
[2019-06-24T10:32:55.704+0000][1][safepoint    ] Total time for which application threads were stopped: 0.0001475 seconds, Stopping threads took: 0.0000365 seconds
[2019-06-24T10:32:56.704+0000][1][safepoint    ] Application time: 1.0002513 seconds
[2019-06-24T10:32:56.704+0000][1][safepoint    ] Entering safepoint region: Cleanup
[2019-06-24T10:32:56.705+0000][1][safepoint    ] Leaving safepoint region
[2019-06-24T10:32:56.705+0000][1][safepoint    ] Total time for which application threads were stopped: 0.0012631 seconds, Stopping threads took: 0.0010255 seconds
[2019-06-24T10:32:57.706+0000][1][safepoint    ] Application time: 1.0002605 seconds
[2019-06-24T10:32:57.706+0000][1][safepoint    ] Entering safepoint region: Cleanup
[2019-06-24T10:32:57.706+0000][1][safepoint    ] Leaving safepoint region
[2019-06-24T10:32:57.706+0000][1][safepoint    ] Total time for which application threads were stopped: 0.0002239 seconds, Stopping threads took: 0.0000608 seconds
[2019-06-24T10:32:58.706+0000][1][safepoint    ] Application time: 1.0001454 seconds
[2019-06-24T10:32:58.706+0000][1][safepoint    ] Entering safepoint region: Cleanup
[2019-06-24T10:32:58.706+0000][1][safepoint    ] Leaving safepoint region
[2019-06-24T10:32:58.706+0000][1][safepoint    ] Total time for which application threads were stopped: 0.0000956 seconds, Stopping threads took: 0.0000250 seconds
[2019-06-24T10:32:59.707+0000][1][safepoint    ] Application time: 1.0002945 seconds
[2019-06-24T10:32:59.707+0000][1][safepoint    ] Entering safepoint region: Cleanup
[2019-06-24T10:32:59.707+0000][1][safepoint    ] Leaving safepoint region
[2019-06-24T10:32:59.707+0000][1][safepoint    ] Total time for which application threads were stopped: 0.0002350 seconds, Stopping threads took: 0.0000664 seconds
[2019-06-24T10:33:00.707+0000][1][safepoint    ] Application time: 1.0002280 seconds
[2019-06-24T10:33:00.707+0000][1][safepoint    ] Entering safepoint region: Cleanup
[2019-06-24T10:33:00.708+0000][1][safepoint    ] Leaving safepoint region
[2019-06-24T10:33:00.708+0000][1][safepoint    ] Total time for which application threads were stopped: 0.0002294 seconds, Stopping threads took: 0.0000793 seconds
[2019-06-24T10:33:01.708+0000][1][safepoint    ] Application time: 1.0002468 seconds
[2019-06-24T10:33:01.708+0000][1][safepoint    ] Entering safepoint region: Cleanup
[2019-06-24T10:33:01.708+0000][1][safepoint    ] Leaving safepoint region
[2019-06-24T10:33:01.708+0000][1][safepoint    ] Total time for which application threads were stopped: 0.0002576 seconds, Stopping threads took: 0.0000951 seconds
[2019-06-24T10:33:02.709+0000][1][safepoint    ] Application time: 1.0002713 seconds
[2019-06-24T10:33:02.709+0000][1][safepoint    ] Entering safepoint region: Cleanup
[2019-06-24T10:33:02.709+0000][1][safepoint    ] Leaving safepoint region
[2019-06-24T10:33:02.709+0000][1][safepoint    ] Total time for which application threads were stopped: 0.0002297 seconds, Stopping threads took: 0.0000613 seconds
[2019-06-24T10:33:03.709+0000][1][safepoint    ] Application time: 1.0002637 seconds
[2019-06-24T10:33:03.709+0000][1][safepoint    ] Entering safepoint region: Cleanup
[2019-06-24T10:33:03.709+0000][1][safepoint    ] Leaving safepoint region
[2019-06-24T10:33:03.710+0000][1][safepoint    ] Total time for which application threads were stopped: 0.0002314 seconds, Stopping threads took: 0.0000626 seconds
[2019-06-24T10:33:04.710+0000][1][safepoint    ] Application time: 1.0002696 seconds
[2019-06-24T10:33:04.710+0000][1][safepoint    ] Entering safepoint region: Cleanup
[2019-06-24T10:33:04.710+0000][1][safepoint    ] Leaving safepoint region
[2019-06-24T10:33:04.710+0000][1][safepoint    ] Total time for which application threads were stopped: 0.0002325 seconds, Stopping threads took: 0.0000632 seconds
[2019-06-24T10:33:05.710+0000][1][safepoint    ] Application time: 1.0002642 seconds
[2019-06-24T10:33:05.711+0000][1][safepoint    ] Entering safepoint region: Cleanup
[2019-06-24T10:33:05.711+0000][1][safepoint    ] Leaving safepoint region
[2019-06-24T10:33:05.711+0000][1][safepoint    ] Total time for which application threads were stopped: 0.0001375 seconds, Stopping threads took: 0.0000390 seconds
[2019-06-24T10:33:06.711+0000][1][safepoint    ] Application time: 1.0002592 seconds
[2019-06-24T10:33:06.711+0000][1][safepoint    ] Entering safepoint region: Cleanup
[2019-06-24T10:33:06.711+0000][1][safepoint    ] Leaving safepoint region
[2019-06-24T10:33:06.711+0000][1][safepoint    ] Total time for which application threads were stopped: 0.0002566 seconds, Stopping threads took: 0.0000747 seconds
[2019-06-24T10:33:07.712+0000][1][safepoint    ] Application time: 1.0002461 seconds
[2019-06-24T10:33:07.712+0000][1][safepoint    ] Entering safepoint region: Cleanup
[2019-06-24T10:33:07.712+0000][1][safepoint    ] Leaving safepoint region
[2019-06-24T10:33:07.712+0000][1][safepoint    ] Total time for which application threads were stopped: 0.0002303 seconds, Stopping threads took: 0.0000620 seconds
[2019-06-24T10:33:08.712+0000][1][safepoint    ] Application time: 1.0002631 seconds
[2019-06-24T10:33:08.712+0000][1][safepoint    ] Entering safepoint region: Cleanup
[2019-06-24T10:33:08.713+0000][1][safepoint    ] Leaving safepoint region
[2019-06-24T10:33:08.713+0000][1][safepoint    ] Total time for which application threads were stopped: 0.0002277 seconds, Stopping threads took: 0.0000615 seconds
[2019-06-24T10:33:09.713+0000][1][safepoint    ] Application time: 1.0002561 seconds
[2019-06-24T10:33:09.713+0000][1][safepoint    ] Entering safepoint region: Cleanup
[2019-06-24T10:33:09.713+0000][1][safepoint    ] Leaving safepoint region
[2019-06-24T10:33:09.713+0000][1][safepoint    ] Total time for which application threads were stopped: 0.0002246 seconds, Stopping threads took: 0.0000614 seconds
[2019-06-24T10:33:10.713+0000][1][safepoint    ] Application time: 1.0002309 seconds
[2019-06-24T10:33:10.714+0000][1][safepoint    ] Entering safepoint region: Cleanup
[2019-06-24T10:33:10.714+0000][1][safepoint    ] Leaving safepoint region
[2019-06-24T10:33:10.714+0000][1][safepoint    ] Total time for which application threads were stopped: 0.0002759 seconds, Stopping threads took: 0.0000749 seconds
[2019-06-24T10:33:11.714+0000][1][safepoint    ] Application time: 1.0002521 seconds
[2019-06-24T10:33:11.714+0000][1][safepoint    ] Entering safepoint region: Cleanup
[2019-06-24T10:33:11.714+0000][1][safepoint    ] Leaving safepoint region
[2019-06-24T10:33:11.715+0000][1][safepoint    ] Total time for which application threads were stopped: 0.0009187 seconds, Stopping threads took: 0.0000365 seconds
[2019-06-24T10:33:13.502+0000][1][safepoint    ] Application time: 1.7870075 seconds
[2019-06-24T10:33:13.502+0000][1][safepoint    ] Entering safepoint region: Cleanup
[2019-06-24T10:33:13.503+0000][1][safepoint    ] Leaving safepoint region
[2019-06-24T10:33:13.503+0000][1][safepoint    ] Total time for which application threads were stopped: 0.0004180 seconds, Stopping threads took: 0.0000785 seconds
[2019-06-24T10:33:14.503+0000][1][safepoint    ] Application time: 1.0002533 seconds
[2019-06-24T10:33:14.503+0000][1][safepoint    ] Entering safepoint region: Cleanup
[2019-06-24T10:33:14.503+0000][1][safepoint    ] Leaving safepoint region
[2019-06-24T10:33:14.503+0000][1][safepoint    ] Total time for which application threads were stopped: 0.0002342 seconds, Stopping threads took: 0.0000625 seconds
[2019-06-24T10:33:15.504+0000][1][safepoint    ] Application time: 1.0002148 seconds
[2019-06-24T10:33:15.504+0000][1][safepoint    ] Entering safepoint region: Cleanup
[2019-06-24T10:33:15.504+0000][1][safepoint    ] Leaving safepoint region
[2019-06-24T10:33:15.504+0000][1][safepoint    ] Total time for which application threads were stopped: 0.0002281 seconds, Stopping threads took: 0.0000607 seconds
[2019-06-24T10:33:16.504+0000][1][safepoint    ] Application time: 1.0002634 seconds
[2019-06-24T10:33:16.504+0000][1][safepoint    ] Entering safepoint region: Cleanup
[2019-06-24T10:33:16.505+0000][1][safepoint    ] Leaving safepoint region
[2019-06-24T10:33:16.505+0000][1][safepoint    ] Total time for which application threads were stopped: 0.0002337 seconds, Stopping threads took: 0.0000619 seconds
[2019-06-24T10:33:17.505+0000][1][safepoint    ] Application time: 1.0002579 seconds
[2019-06-24T10:33:17.505+0000][1][safepoint    ] Entering safepoint region: Cleanup
[2019-06-24T10:33:17.505+0000][1][safepoint    ] Leaving safepoint region
[2019-06-24T10:33:17.505+0000][1][safepoint    ] Total time for which application threads were stopped: 0.0002328 seconds, Stopping threads took: 0.0000610 seconds
[2019-06-24T10:33:18.505+0000][1][safepoint    ] Application time: 1.0001296 seconds
[2019-06-24T10:33:18.506+0000][1][safepoint    ] Entering safepoint region: Cleanup
[2019-06-24T10:33:18.506+0000][1][safepoint    ] Leaving safepoint region
[2019-06-24T10:33:18.506+0000][1][safepoint    ] Total time for which application threads were stopped: 0.0003445 seconds, Stopping threads took: 0.0001816 seconds
[2019-06-24T10:33:19.506+0000][1][safepoint    ] Application time: 1.0002148 seconds
[2019-06-24T10:33:19.506+0000][1][safepoint    ] Entering safepoint region: Cleanup
[2019-06-24T10:33:19.507+0000][1][safepoint    ] Leaving safepoint region
[2019-06-24T10:33:19.507+0000][1][safepoint    ] Total time for which application threads were stopped: 0.0003862 seconds, Stopping threads took: 0.0000819 seconds
[2019-06-24T10:33:20.507+0000][1][safepoint    ] Application time: 1.0002142 seconds
[2019-06-24T10:33:20.507+0000][1][safepoint    ] Entering safepoint region: Cleanup
[2019-06-24T10:33:20.507+0000][1][safepoint    ] Leaving safepoint region
[2019-06-24T10:33:20.507+0000][1][safepoint    ] Total time for which application threads were stopped: 0.0002648 seconds, Stopping threads took: 0.0000636 seconds
[2019-06-24T10:33:21.507+0000][1][safepoint    ] Application time: 1.0002186 seconds
[2019-06-24T10:33:21.508+0000][1][safepoint    ] Entering safepoint region: Cleanup
[2019-06-24T10:33:21.508+0000][1][safepoint    ] Leaving safepoint region
[2019-06-24T10:33:21.508+0000][1][safepoint    ] Total time for which application threads were stopped: 0.0002404 seconds, Stopping threads took: 0.0000632 seconds
[2019-06-24T10:33:22.508+0000][1][safepoint    ] Application time: 1.0002595 seconds
[2019-06-24T10:33:22.508+0000][1][safepoint    ] Entering safepoint region: Cleanup
[2019-06-24T10:33:22.508+0000][1][safepoint    ] Leaving safepoint region
[2019-06-24T10:33:22.509+0000][1][safepoint    ] Total time for which application threads were stopped: 0.0002752 seconds, Stopping threads took: 0.0000630 seconds
[2019-06-24T10:33:23.509+0000][1][safepoint    ] Application time: 1.0002610 seconds
[2019-06-24T10:33:23.509+0000][1][safepoint    ] Entering safepoint region: Cleanup
[2019-06-24T10:33:23.509+0000][1][safepoint    ] Leaving safepoint region
[2019-06-24T10:33:23.509+0000][1][safepoint    ] Total time for which application threads were stopped: 0.0002394 seconds, Stopping threads took: 0.0000629 seconds
[2019-06-24T10:33:24.509+0000][1][safepoint    ] Application time: 1.0002731 seconds
[2019-06-24T10:33:24.510+0000][1][safepoint    ] Entering safepoint region: Cleanup
[2019-06-24T10:33:24.510+0000][1][safepoint    ] Leaving safepoint region
[2019-06-24T10:33:24.510+0000][1][safepoint    ] Total time for which application threads were stopped: 0.0002395 seconds, Stopping threads took: 0.0000630 seconds
[2019-06-24T10:33:25.510+0000][1][safepoint    ] Application time: 1.0002656 seconds
[2019-06-24T10:33:25.510+0000][1][safepoint    ] Entering safepoint region: Cleanup
[2019-06-24T10:33:25.510+0000][1][safepoint    ] Leaving safepoint region
[2019-06-24T10:33:25.511+0000][1][safepoint    ] Total time for which application threads were stopped: 0.0003181 seconds, Stopping threads took: 0.0000619 seconds
[2019-06-24T10:33:26.511+0000][1][safepoint    ] Application time: 1.0001542 seconds
[2019-06-24T10:33:26.511+0000][1][safepoint    ] Entering safepoint region: Cleanup
[2019-06-24T10:33:26.511+0000][1][safepoint    ] Leaving safepoint region
[2019-06-24T10:33:26.511+0000][1][safepoint    ] Total time for which application threads were stopped: 0.0002381 seconds, Stopping threads took: 0.0000645 seconds
[2019-06-24T10:33:27.511+0000][1][safepoint    ] Application time: 1.0002792 seconds
[2019-06-24T10:33:27.512+0000][1][safepoint    ] Entering safepoint region: Cleanup
[2019-06-24T10:33:27.512+0000][1][safepoint    ] Leaving safepoint region
[2019-06-24T10:33:27.512+0000][1][safepoint    ] Total time for which application threads were stopped: 0.0002557 seconds, Stopping threads took: 0.0000645 seconds
[2019-06-24T10:33:28.512+0000][1][safepoint    ] Application time: 1.0002132 seconds
[2019-06-24T10:33:28.512+0000][1][safepoint    ] Entering safepoint region: Cleanup
[2019-06-24T10:33:28.512+0000][1][safepoint    ] Leaving safepoint region
[2019-06-24T10:33:28.512+0000][1][safepoint    ] Total time for which application threads were stopped: 0.0002833 seconds, Stopping threads took: 0.0000840 seconds
[2019-06-24T10:33:29.513+0000][1][safepoint    ] Application time: 1.0002160 seconds
[2019-06-24T10:33:29.513+0000][1][safepoint    ] Entering safepoint region: Cleanup
[2019-06-24T10:33:29.513+0000][1][safepoint    ] Leaving safepoint region
[2019-06-24T10:33:29.513+0000][1][safepoint    ] Total time for which application threads were stopped: 0.0002491 seconds, Stopping threads took: 0.0000649 seconds
[2019-06-24T10:33:30.513+0000][1][safepoint    ] Application time: 1.0001996 seconds
[2019-06-24T10:33:30.513+0000][1][safepoint    ] Entering safepoint region: Cleanup
[2019-06-24T10:33:30.514+0000][1][safepoint    ] Leaving safepoint region
[2019-06-24T10:33:30.514+0000][1][safepoint    ] Total time for which application threads were stopped: 0.0002454 seconds, Stopping threads took: 0.0000627 seconds
[2019-06-24T10:33:31.514+0000][1][safepoint    ] Application time: 1.0002055 seconds
[2019-06-24T10:33:31.514+0000][1][safepoint    ] Entering safepoint region: Cleanup
[2019-06-24T10:33:31.514+0000][1][safepoint    ] Leaving safepoint region
[2019-06-24T10:33:31.514+0000][1][safepoint    ] Total time for which application threads were stopped: 0.0002660 seconds, Stopping threads took: 0.0000954 seconds
[2019-06-24T10:33:32.514+0000][1][safepoint    ] Application time: 1.0001511 seconds
[2019-06-24T10:33:32.515+0000][1][safepoint    ] Entering safepoint region: Cleanup
[2019-06-24T10:33:32.515+0000][1][safepoint    ] Leaving safepoint region
[2019-06-24T10:33:32.515+0000][1][safepoint    ] Total time for which application threads were stopped: 0.0003142 seconds, Stopping threads took: 0.0000883 seconds
[2019-06-24T10:33:33.515+0000][1][safepoint    ] Application time: 1.0002306 seconds
[2019-06-24T10:33:33.515+0000][1][safepoint    ] Entering safepoint region: Cleanup
[2019-06-24T10:33:33.516+0000][1][safepoint    ] Leaving safepoint region
[2019-06-24T10:33:33.516+0000][1][safepoint    ] Total time for which application threads were stopped: 0.0002261 seconds, Stopping threads took: 0.0000623 seconds
[2019-06-24T10:33:34.516+0000][1][safepoint    ] Application time: 1.0001383 seconds
[2019-06-24T10:33:34.516+0000][1][safepoint    ] Entering safepoint region: Cleanup
[2019-06-24T10:33:34.516+0000][1][safepoint    ] Leaving safepoint region
[2019-06-24T10:33:34.516+0000][1][safepoint    ] Total time for which application threads were stopped: 0.0002308 seconds, Stopping threads took: 0.0000588 seconds
[2019-06-24T10:33:35.516+0000][1][safepoint    ] Application time: 1.0002395 seconds
[2019-06-24T10:33:35.516+0000][1][safepoint    ] Entering safepoint region: Cleanup
[2019-06-24T10:33:35.517+0000][1][safepoint    ] Leaving safepoint region
[2019-06-24T10:33:35.517+0000][1][safepoint    ] Total time for which application threads were stopped: 0.0002755 seconds, Stopping threads took: 0.0000601 seconds
[2019-06-24T10:33:36.517+0000][1][safepoint    ] Application time: 1.0001545 seconds
[2019-06-24T10:33:36.517+0000][1][safepoint    ] Entering safepoint region: Cleanup
[2019-06-24T10:33:36.517+0000][1][safepoint    ] Leaving safepoint region
[2019-06-24T10:33:36.517+0000][1][safepoint    ] Total time for which application threads were stopped: 0.0003188 seconds, Stopping threads took: 0.0001218 seconds
[2019-06-24T10:33:37.518+0000][1][safepoint    ] Application time: 1.0001830 seconds
[2019-06-24T10:33:37.518+0000][1][safepoint    ] Entering safepoint region: Cleanup
[2019-06-24T10:33:37.518+0000][1][safepoint    ] Leaving safepoint region
[2019-06-24T10:33:37.518+0000][1][safepoint    ] Total time for which application threads were stopped: 0.0003000 seconds, Stopping threads took: 0.0000826 seconds
[2019-06-24T10:33:38.518+0000][1][safepoint    ] Application time: 1.0001503 seconds
[2019-06-24T10:33:38.518+0000][1][safepoint    ] Entering safepoint region: Cleanup
[2019-06-24T10:33:38.519+0000][1][safepoint    ] Leaving safepoint region
[2019-06-24T10:33:38.519+0000][1][safepoint    ] Total time for which application threads were stopped: 0.0005135 seconds, Stopping threads took: 0.0000952 seconds
[2019-06-24T10:33:39.519+0000][1][safepoint    ] Application time: 1.0002152 seconds
[2019-06-24T10:33:39.520+0000][1][safepoint    ] Entering safepoint region: Cleanup
[2019-06-24T10:33:39.520+0000][1][safepoint    ] Leaving safepoint region
[2019-06-24T10:33:39.520+0000][1][safepoint    ] Total time for which application threads were stopped: 0.0004440 seconds, Stopping threads took: 0.0002035 seconds
[2019-06-24T10:33:40.520+0000][1][safepoint    ] Application time: 1.0002584 seconds
[2019-06-24T10:33:40.520+0000][1][safepoint    ] Entering safepoint region: Cleanup
[2019-06-24T10:33:40.521+0000][1][safepoint    ] Leaving safepoint region
[2019-06-24T10:33:40.521+0000][1][safepoint    ] Total time for which application threads were stopped: 0.0002762 seconds, Stopping threads took: 0.0000814 seconds
[2019-06-24T10:33:41.521+0000][1][safepoint    ] Application time: 1.0001920 seconds
[2019-06-24T10:33:41.521+0000][1][safepoint    ] Entering safepoint region: Cleanup
[2019-06-24T10:33:41.521+0000][1][safepoint    ] Leaving safepoint region
[2019-06-24T10:33:41.521+0000][1][safepoint    ] Total time for which application threads were stopped: 0.0002390 seconds, Stopping threads took: 0.0000614 seconds
[2019-06-24T10:33:42.521+0000][1][safepoint    ] Application time: 1.0002361 seconds
[2019-06-24T10:33:42.522+0000][1][safepoint    ] Entering safepoint region: Cleanup
[2019-06-24T10:33:42.522+0000][1][safepoint    ] Leaving safepoint region
[2019-06-24T10:33:42.522+0000][1][safepoint    ] Total time for which application threads were stopped: 0.0002630 seconds, Stopping threads took: 0.0000627 seconds
[2019-06-24T10:33:43.522+0000][1][safepoint    ] Application time: 1.0002482 seconds
[2019-06-24T10:33:43.522+0000][1][safepoint    ] Entering safepoint region: Cleanup
[2019-06-24T10:33:43.522+0000][1][safepoint    ] Leaving safepoint region
[2019-06-24T10:33:43.523+0000][1][safepoint    ] Total time for which application threads were stopped: 0.0003849 seconds, Stopping threads took: 0.0000774 seconds
[2019-06-24T10:33:44.523+0000][1][safepoint    ] Application time: 1.0001443 seconds
[2019-06-24T10:33:44.523+0000][1][safepoint    ] Entering safepoint region: Cleanup
[2019-06-24T10:33:44.523+0000][1][safepoint    ] Leaving safepoint region
[2019-06-24T10:33:44.523+0000][1][safepoint    ] Total time for which application threads were stopped: 0.0002785 seconds, Stopping threads took: 0.0000748 seconds
[2019-06-24T10:33:45.523+0000][1][safepoint    ] Application time: 1.0002223 seconds
[2019-06-24T10:33:45.524+0000][1][safepoint    ] Entering safepoint region: Cleanup
[2019-06-24T10:33:45.524+0000][1][safepoint    ] Leaving safepoint region
[2019-06-24T10:33:45.524+0000][1][safepoint    ] Total time for which application threads were stopped: 0.0002381 seconds, Stopping threads took: 0.0000626 seconds
[2019-06-24T10:33:46.524+0000][1][safepoint    ] Application time: 1.0002453 seconds
[2019-06-24T10:33:46.524+0000][1][safepoint    ] Entering safepoint region: Cleanup
[2019-06-24T10:33:46.524+0000][1][safepoint    ] Leaving safepoint region
[2019-06-24T10:33:46.524+0000][1][safepoint    ] Total time for which application threads were stopped: 0.0002429 seconds, Stopping threads took: 0.0000628 seconds
[2019-06-24T10:33:47.525+0000][1][safepoint    ] Application time: 1.0002370 seconds
[2019-06-24T10:33:47.525+0000][1][safepoint    ] Entering safepoint region: Cleanup
[2019-06-24T10:33:47.525+0000][1][safepoint    ] Leaving safepoint region
[2019-06-24T10:33:47.525+0000][1][safepoint    ] Total time for which application threads were stopped: 0.0002391 seconds, Stopping threads took: 0.0000603 seconds
[2019-06-24T10:33:48.525+0000][1][safepoint    ] Application time: 1.0002416 seconds
[2019-06-24T10:33:48.525+0000][1][safepoint    ] Entering safepoint region: Cleanup
[2019-06-24T10:33:48.526+0000][1][safepoint    ] Leaving safepoint region
[2019-06-24T10:33:48.526+0000][1][safepoint    ] Total time for which application threads were stopped: 0.0002377 seconds, Stopping threads took: 0.0000613 seconds
[2019-06-24T10:33:49.526+0000][1][safepoint    ] Application time: 1.0002288 seconds
[2019-06-24T10:33:49.526+0000][1][safepoint    ] Entering safepoint region: Cleanup
[2019-06-24T10:33:49.526+0000][1][safepoint    ] Leaving safepoint region
[2019-06-24T10:33:49.526+0000][1][safepoint    ] Total time for which application threads were stopped: 0.0002377 seconds, Stopping threads took: 0.0000608 seconds
[2019-06-24T10:33:50.527+0000][1][safepoint    ] Application time: 1.0003093 seconds
[2019-06-24T10:33:50.527+0000][1][safepoint    ] Entering safepoint region: Cleanup
[2019-06-24T10:33:50.527+0000][1][safepoint    ] Leaving safepoint region
[2019-06-24T10:33:50.527+0000][1][safepoint    ] Total time for which application threads were stopped: 0.0002389 seconds, Stopping threads took: 0.0000620 seconds
[2019-06-24T10:33:51.527+0000][1][safepoint    ] Application time: 1.0002180 seconds
[2019-06-24T10:33:51.527+0000][1][safepoint    ] Entering safepoint region: Cleanup
[2019-06-24T10:33:51.527+0000][1][safepoint    ] Leaving safepoint region
[2019-06-24T10:33:51.528+0000][1][safepoint    ] Total time for which application threads were stopped: 0.0002363 seconds, Stopping threads took: 0.0000614 seconds
[2019-06-24T10:33:52.528+0000][1][safepoint    ] Application time: 1.0002444 seconds
[2019-06-24T10:33:52.528+0000][1][safepoint    ] Entering safepoint region: Cleanup
[2019-06-24T10:33:52.528+0000][1][safepoint    ] Leaving safepoint region
[2019-06-24T10:33:52.528+0000][1][safepoint    ] Total time for which application threads were stopped: 0.0002375 seconds, Stopping threads took: 0.0000597 seconds
[2019-06-24T10:33:53.528+0000][1][safepoint    ] Application time: 1.0002427 seconds
[2019-06-24T10:33:53.529+0000][1][safepoint    ] Entering safepoint region: Cleanup
[2019-06-24T10:33:53.529+0000][1][safepoint    ] Leaving safepoint region
[2019-06-24T10:33:53.529+0000][1][safepoint    ] Total time for which application threads were stopped: 0.0002380 seconds, Stopping threads took: 0.0000618 seconds
[2019-06-24T10:33:54.529+0000][1][safepoint    ] Application time: 1.0002269 seconds
[2019-06-24T10:33:54.529+0000][1][safepoint    ] Entering safepoint region: Cleanup
[2019-06-24T10:33:54.529+0000][1][safepoint    ] Leaving safepoint region
[2019-06-24T10:33:54.529+0000][1][safepoint    ] Total time for which application threads were stopped: 0.0002361 seconds, Stopping threads took: 0.0000613 seconds
[2019-06-24T10:33:55.530+0000][1][safepoint    ] Application time: 1.0002419 seconds
[2019-06-24T10:33:55.530+0000][1][safepoint    ] Entering safepoint region: Cleanup
[2019-06-24T10:33:55.530+0000][1][safepoint    ] Leaving safepoint region
[2019-06-24T10:33:55.530+0000][1][safepoint    ] Total time for which application threads were stopped: 0.0002387 seconds, Stopping threads took: 0.0000626 seconds
[2019-06-24T10:33:56.530+0000][1][safepoint    ] Application time: 1.0002404 seconds
[2019-06-24T10:33:56.530+0000][1][safepoint    ] Entering safepoint region: Cleanup
[2019-06-24T10:33:56.531+0000][1][safepoint    ] Leaving safepoint region
[2019-06-24T10:33:56.531+0000][1][safepoint    ] Total time for which application threads were stopped: 0.0003424 seconds, Stopping threads took: 0.0000613 seconds
[2019-06-24T10:33:57.531+0000][1][safepoint    ] Application time: 1.0002003 seconds
[2019-06-24T10:33:57.531+0000][1][safepoint    ] Entering safepoint region: Cleanup
[2019-06-24T10:33:57.531+0000][1][safepoint    ] Leaving safepoint region
[2019-06-24T10:33:57.531+0000][1][safepoint    ] Total time for which application threads were stopped: 0.0002396 seconds, Stopping threads took: 0.0000623 seconds
[2019-06-24T10:33:58.572+0000][1][safepoint    ] Application time: 1.0408860 seconds
[2019-06-24T10:33:58.572+0000][1][safepoint    ] Entering safepoint region: Cleanup
[2019-06-24T10:33:58.573+0000][1][safepoint    ] Leaving safepoint region
[2019-06-24T10:33:58.573+0000][1][safepoint    ] Total time for which application threads were stopped: 0.0002436 seconds, Stopping threads took: 0.0000622 seconds
[2019-06-24T10:33:59.573+0000][1][safepoint    ] Application time: 1.0002629 seconds
[2019-06-24T10:33:59.573+0000][1][safepoint    ] Entering safepoint region: Cleanup
[2019-06-24T10:33:59.573+0000][1][safepoint    ] Leaving safepoint region
[2019-06-24T10:33:59.573+0000][1][safepoint    ] Total time for which application threads were stopped: 0.0002410 seconds, Stopping threads took: 0.0000615 seconds
[2019-06-24T10:34:00.574+0000][1][safepoint    ] Application time: 1.0002722 seconds
[2019-06-24T10:34:00.574+0000][1][safepoint    ] Entering safepoint region: Cleanup
[2019-06-24T10:34:00.574+0000][1][safepoint    ] Leaving safepoint region
[2019-06-24T10:34:00.574+0000][1][safepoint    ] Total time for which application threads were stopped: 0.0002883 seconds, Stopping threads took: 0.0000799 seconds
[2019-06-24T10:34:01.574+0000][1][safepoint    ] Application time: 1.0002622 seconds
[2019-06-24T10:34:01.574+0000][1][safepoint    ] Entering safepoint region: Cleanup
[2019-06-24T10:34:01.575+0000][1][safepoint    ] Leaving safepoint region
[2019-06-24T10:34:01.575+0000][1][safepoint    ] Total time for which application threads were stopped: 0.0003730 seconds, Stopping threads took: 0.0000770 seconds
[2019-06-24T10:34:02.575+0000][1][safepoint    ] Application time: 1.0002457 seconds
[2019-06-24T10:34:02.575+0000][1][safepoint    ] Entering safepoint region: Cleanup
[2019-06-24T10:34:02.575+0000][1][safepoint    ] Leaving safepoint region
[2019-06-24T10:34:02.575+0000][1][safepoint    ] Total time for which application threads were stopped: 0.0002774 seconds, Stopping threads took: 0.0000778 seconds
[2019-06-24T10:34:03.576+0000][1][safepoint    ] Application time: 1.0002307 seconds
[2019-06-24T10:34:03.576+0000][1][safepoint    ] Entering safepoint region: Cleanup
[2019-06-24T10:34:03.576+0000][1][safepoint    ] Leaving safepoint region
[2019-06-24T10:34:03.576+0000][1][safepoint    ] Total time for which application threads were stopped: 0.0001156 seconds, Stopping threads took: 0.0000293 seconds
[2019-06-24T10:34:04.576+0000][1][safepoint    ] Application time: 1.0001404 seconds
[2019-06-24T10:34:04.576+0000][1][safepoint    ] Entering safepoint region: Cleanup
[2019-06-24T10:34:04.576+0000][1][safepoint    ] Leaving safepoint region
[2019-06-24T10:34:04.576+0000][1][safepoint    ] Total time for which application threads were stopped: 0.0003345 seconds, Stopping threads took: 0.0000792 seconds
[2019-06-24T10:34:05.577+0000][1][safepoint    ] Application time: 1.0002647 seconds
[2019-06-24T10:34:05.577+0000][1][safepoint    ] Entering safepoint region: Cleanup
[2019-06-24T10:34:05.577+0000][1][safepoint    ] Leaving safepoint region
[2019-06-24T10:34:05.577+0000][1][safepoint    ] Total time for which application threads were stopped: 0.0002761 seconds, Stopping threads took: 0.0000631 seconds
[2019-06-24T10:34:06.577+0000][1][safepoint    ] Application time: 1.0001386 seconds
[2019-06-24T10:34:06.577+0000][1][safepoint    ] Entering safepoint region: Cleanup
[2019-06-24T10:34:06.578+0000][1][safepoint    ] Leaving safepoint region
[2019-06-24T10:34:06.578+0000][1][safepoint    ] Total time for which application threads were stopped: 0.0002427 seconds, Stopping threads took: 0.0000626 seconds
[2019-06-24T10:34:07.578+0000][1][safepoint    ] Application time: 1.0002696 seconds
[2019-06-24T10:34:07.578+0000][1][safepoint    ] Entering safepoint region: Cleanup
[2019-06-24T10:34:07.578+0000][1][safepoint    ] Leaving safepoint region
[2019-06-24T10:34:07.578+0000][1][safepoint    ] Total time for which application threads were stopped: 0.0002730 seconds, Stopping threads took: 0.0000959 seconds
[2019-06-24T10:34:08.579+0000][1][safepoint    ] Application time: 1.0002968 seconds
[2019-06-24T10:34:08.579+0000][1][safepoint    ] Entering safepoint region: Cleanup
[2019-06-24T10:34:08.579+0000][1][safepoint    ] Leaving safepoint region
[2019-06-24T10:34:08.579+0000][1][safepoint    ] Total time for which application threads were stopped: 0.0002517 seconds, Stopping threads took: 0.0000649 seconds
[2019-06-24T10:34:09.579+0000][1][safepoint    ] Application time: 1.0001987 seconds
[2019-06-24T10:34:09.579+0000][1][safepoint    ] Entering safepoint region: Cleanup
[2019-06-24T10:34:09.580+0000][1][safepoint    ] Leaving safepoint region
[2019-06-24T10:34:09.580+0000][1][safepoint    ] Total time for which application threads were stopped: 0.0002488 seconds, Stopping threads took: 0.0000637 seconds
[2019-06-24T10:34:10.460+0000][1][safepoint    ] Application time: 0.8801628 seconds
[2019-06-24T10:34:10.460+0000][1][safepoint    ] Entering safepoint region: GenCollectForAllocation
[2019-06-24T10:34:10.460+0000][1][gc,start     ] GC(32) Pause Young (Allocation Failure)
[2019-06-24T10:34:10.460+0000][1][gc,task      ] GC(32) Using 5 workers of 8 for evacuation
[2019-06-24T10:34:10.463+0000][1][gc,age       ] GC(32) Desired survivor size 4456448 bytes, new threshold 6 (max threshold 6)
[2019-06-24T10:34:10.463+0000][1][gc,age       ] GC(32) Age table with threshold 6 (max threshold 6)
[2019-06-24T10:34:10.463+0000][1][gc,age       ] GC(32) - age   1:       3968 bytes,       3968 total
[2019-06-24T10:34:10.463+0000][1][gc,age       ] GC(32) - age   2:        408 bytes,       4376 total
[2019-06-24T10:34:10.463+0000][1][gc,age       ] GC(32) - age   3:       1760 bytes,       6136 total
[2019-06-24T10:34:10.463+0000][1][gc,age       ] GC(32) - age   4:       5720 bytes,      11856 total
[2019-06-24T10:34:10.463+0000][1][gc,age       ] GC(32) - age   5:        400 bytes,      12256 total
[2019-06-24T10:34:10.463+0000][1][gc,age       ] GC(32) - age   6:       2432 bytes,      14688 total
[2019-06-24T10:34:10.463+0000][1][gc,heap      ] GC(32) ParNew: 69991K->22K(78656K)
[2019-06-24T10:34:10.463+0000][1][gc,heap      ] GC(32) CMS: 69526K->69529K(174784K)
[2019-06-24T10:34:10.463+0000][1][gc,metaspace ] GC(32) Metaspace: 66990K->66990K(1110016K)
[2019-06-24T10:34:10.463+0000][1][gc           ] GC(32) Pause Young (Allocation Failure) 136M->67M(247M) 3.020ms
[2019-06-24T10:34:10.463+0000][1][gc,cpu       ] GC(32) User=0.01s Sys=0.00s Real=0.01s
[2019-06-24T10:34:10.463+0000][1][safepoint    ] Leaving safepoint region
[2019-06-24T10:34:10.463+0000][1][safepoint    ] Total time for which application threads were stopped: 0.0034921 seconds, Stopping threads took: 0.0000619 seconds
[2019-06-24T10:34:11.464+0000][1][safepoint    ] Application time: 1.0002879 seconds
[2019-06-24T10:34:11.464+0000][1][safepoint    ] Entering safepoint region: Cleanup
[2019-06-24T10:34:11.464+0000][1][safepoint    ] Leaving safepoint region
[2019-06-24T10:34:11.464+0000][1][safepoint    ] Total time for which application threads were stopped: 0.0002582 seconds, Stopping threads took: 0.0000598 seconds
[2019-06-24T10:34:12.464+0000][1][safepoint    ] Application time: 1.0002637 seconds
[2019-06-24T10:34:12.465+0000][1][safepoint    ] Entering safepoint region: Cleanup
[2019-06-24T10:34:12.465+0000][1][safepoint    ] Leaving safepoint region
[2019-06-24T10:34:12.465+0000][1][safepoint    ] Total time for which application threads were stopped: 0.0002412 seconds, Stopping threads took: 0.0000613 seconds
[2019-06-24T10:34:13.465+0000][1][safepoint    ] Application time: 1.0002679 seconds
[2019-06-24T10:34:13.465+0000][1][safepoint    ] Entering safepoint region: Cleanup
[2019-06-24T10:34:13.465+0000][1][safepoint    ] Leaving safepoint region
[2019-06-24T10:34:13.465+0000][1][safepoint    ] Total time for which application threads were stopped: 0.0002413 seconds, Stopping threads took: 0.0000607 seconds
[2019-06-24T10:34:14.466+0000][1][safepoint    ] Application time: 1.0002603 seconds
[2019-06-24T10:34:14.466+0000][1][safepoint    ] Entering safepoint region: Cleanup
[2019-06-24T10:34:14.466+0000][1][safepoint    ] Leaving safepoint region
[2019-06-24T10:34:14.466+0000][1][safepoint    ] Total time for which application threads were stopped: 0.0002345 seconds, Stopping threads took: 0.0000600 seconds
[2019-06-24T10:34:15.466+0000][1][safepoint    ] Application time: 1.0002533 seconds
[2019-06-24T10:34:15.467+0000][1][safepoint    ] Entering safepoint region: Cleanup
[2019-06-24T10:34:15.467+0000][1][safepoint    ] Leaving safepoint region
[2019-06-24T10:34:15.467+0000][1][safepoint    ] Total time for which application threads were stopped: 0.0003491 seconds, Stopping threads took: 0.0001629 seconds
[2019-06-24T10:34:16.467+0000][1][safepoint    ] Application time: 1.0001466 seconds
[2019-06-24T10:34:16.467+0000][1][safepoint    ] Entering safepoint region: Cleanup
[2019-06-24T10:34:16.467+0000][1][safepoint    ] Leaving safepoint region
[2019-06-24T10:34:16.467+0000][1][safepoint    ] Total time for which application threads were stopped: 0.0002479 seconds, Stopping threads took: 0.0000646 seconds
[2019-06-24T10:34:17.468+0000][1][safepoint    ] Application time: 1.0001376 seconds
[2019-06-24T10:34:17.468+0000][1][safepoint    ] Entering safepoint region: Cleanup
[2019-06-24T10:34:17.468+0000][1][safepoint    ] Leaving safepoint region
[2019-06-24T10:34:17.468+0000][1][safepoint    ] Total time for which application threads were stopped: 0.0002447 seconds, Stopping threads took: 0.0000630 seconds
[2019-06-24T10:34:18.468+0000][1][safepoint    ] Application time: 1.0002598 seconds
[2019-06-24T10:34:18.468+0000][1][safepoint    ] Entering safepoint region: Cleanup
[2019-06-24T10:34:18.468+0000][1][safepoint    ] Leaving safepoint region
[2019-06-24T10:34:18.469+0000][1][safepoint    ] Total time for which application threads were stopped: 0.0002449 seconds, Stopping threads took: 0.0000614 seconds
[2019-06-24T10:34:19.469+0000][1][safepoint    ] Application time: 1.0002610 seconds
[2019-06-24T10:34:19.469+0000][1][safepoint    ] Entering safepoint region: Cleanup
[2019-06-24T10:34:19.469+0000][1][safepoint    ] Leaving safepoint region
[2019-06-24T10:34:19.469+0000][1][safepoint    ] Total time for which application threads were stopped: 0.0003412 seconds, Stopping threads took: 0.0001024 seconds
[2019-06-24T10:34:20.470+0000][1][safepoint    ] Application time: 1.0002624 seconds
[2019-06-24T10:34:20.470+0000][1][safepoint    ] Entering safepoint region: Cleanup
[2019-06-24T10:34:20.470+0000][1][safepoint    ] Leaving safepoint region
[2019-06-24T10:34:20.470+0000][1][safepoint    ] Total time for which application threads were stopped: 0.0002353 seconds, Stopping threads took: 0.0000616 seconds
[2019-06-24T10:34:21.470+0000][1][safepoint    ] Application time: 1.0002685 seconds
[2019-06-24T10:34:21.470+0000][1][safepoint    ] Entering safepoint region: Cleanup
[2019-06-24T10:34:21.471+0000][1][safepoint    ] Leaving safepoint region
[2019-06-24T10:34:21.471+0000][1][safepoint    ] Total time for which application threads were stopped: 0.0003293 seconds, Stopping threads took: 0.0000623 seconds
[2019-06-24T10:34:22.471+0000][1][safepoint    ] Application time: 1.0001481 seconds
[2019-06-24T10:34:22.471+0000][1][safepoint    ] Entering safepoint region: Cleanup
[2019-06-24T10:34:22.471+0000][1][safepoint    ] Leaving safepoint region
[2019-06-24T10:34:22.471+0000][1][safepoint    ] Total time for which application threads were stopped: 0.0002613 seconds, Stopping threads took: 0.0000625 seconds
[2019-06-24T10:34:23.471+0000][1][safepoint    ] Application time: 1.0002640 seconds
[2019-06-24T10:34:23.472+0000][1][safepoint    ] Entering safepoint region: Cleanup
[2019-06-24T10:34:23.472+0000][1][safepoint    ] Leaving safepoint region
[2019-06-24T10:34:23.472+0000][1][safepoint    ] Total time for which application threads were stopped: 0.0002368 seconds, Stopping threads took: 0.0000628 seconds
[2019-06-24T10:34:24.472+0000][1][safepoint    ] Application time: 1.0002587 seconds
[2019-06-24T10:34:24.472+0000][1][safepoint    ] Entering safepoint region: Cleanup
[2019-06-24T10:34:24.472+0000][1][safepoint    ] Leaving safepoint region
[2019-06-24T10:34:24.472+0000][1][safepoint    ] Total time for which application threads were stopped: 0.0002353 seconds, Stopping threads took: 0.0000617 seconds
[2019-06-24T10:34:25.473+0000][1][safepoint    ] Application time: 1.0002566 seconds
[2019-06-24T10:34:25.473+0000][1][safepoint    ] Entering safepoint region: Cleanup
[2019-06-24T10:34:25.473+0000][1][safepoint    ] Leaving safepoint region
[2019-06-24T10:34:25.473+0000][1][safepoint    ] Total time for which application threads were stopped: 0.0002413 seconds, Stopping threads took: 0.0000611 seconds
[2019-06-24T10:34:26.473+0000][1][safepoint    ] Application time: 1.0002635 seconds
[2019-06-24T10:34:26.474+0000][1][safepoint    ] Entering safepoint region: Cleanup
[2019-06-24T10:34:26.474+0000][1][safepoint    ] Leaving safepoint region
[2019-06-24T10:34:26.474+0000][1][safepoint    ] Total time for which application threads were stopped: 0.0002431 seconds, Stopping threads took: 0.0000622 seconds
[2019-06-24T10:34:27.474+0000][1][safepoint    ] Application time: 1.0002656 seconds
[2019-06-24T10:34:27.474+0000][1][safepoint    ] Entering safepoint region: Cleanup
[2019-06-24T10:34:27.474+0000][1][safepoint    ] Leaving safepoint region
[2019-06-24T10:34:27.474+0000][1][safepoint    ] Total time for which application threads were stopped: 0.0002410 seconds, Stopping threads took: 0.0000603 seconds
[2019-06-24T10:34:28.475+0000][1][safepoint    ] Application time: 1.0002667 seconds
[2019-06-24T10:34:28.475+0000][1][safepoint    ] Entering safepoint region: Cleanup
[2019-06-24T10:34:28.475+0000][1][safepoint    ] Leaving safepoint region
[2019-06-24T10:34:28.475+0000][1][safepoint    ] Total time for which application threads were stopped: 0.0002595 seconds, Stopping threads took: 0.0000624 seconds
[2019-06-24T10:34:29.475+0000][1][safepoint    ] Application time: 1.0002467 seconds
[2019-06-24T10:34:29.475+0000][1][safepoint    ] Entering safepoint region: Cleanup
[2019-06-24T10:34:29.476+0000][1][safepoint    ] Leaving safepoint region
[2019-06-24T10:34:29.476+0000][1][safepoint    ] Total time for which application threads were stopped: 0.0002900 seconds, Stopping threads took: 0.0000988 seconds
[2019-06-24T10:34:30.476+0000][1][safepoint    ] Application time: 1.0002628 seconds
[2019-06-24T10:34:30.476+0000][1][safepoint    ] Entering safepoint region: Cleanup
[2019-06-24T10:34:30.476+0000][1][safepoint    ] Leaving safepoint region
[2019-06-24T10:34:30.476+0000][1][safepoint    ] Total time for which application threads were stopped: 0.0003012 seconds, Stopping threads took: 0.0000613 seconds
[2019-06-24T10:34:31.477+0000][1][safepoint    ] Application time: 1.0002572 seconds
[2019-06-24T10:34:31.477+0000][1][safepoint    ] Entering safepoint region: Cleanup
[2019-06-24T10:34:31.477+0000][1][safepoint    ] Leaving safepoint region
[2019-06-24T10:34:31.477+0000][1][safepoint    ] Total time for which application threads were stopped: 0.0002385 seconds, Stopping threads took: 0.0000619 seconds
[2019-06-24T10:34:32.477+0000][1][safepoint    ] Application time: 1.0001984 seconds
[2019-06-24T10:34:32.477+0000][1][safepoint    ] Entering safepoint region: Cleanup
[2019-06-24T10:34:32.478+0000][1][safepoint    ] Leaving safepoint region
[2019-06-24T10:34:32.478+0000][1][safepoint    ] Total time for which application threads were stopped: 0.0002403 seconds, Stopping threads took: 0.0000622 seconds
[2019-06-24T10:34:33.478+0000][1][safepoint    ] Application time: 1.0002614 seconds
[2019-06-24T10:34:33.478+0000][1][safepoint    ] Entering safepoint region: Cleanup
[2019-06-24T10:34:33.478+0000][1][safepoint    ] Leaving safepoint region
[2019-06-24T10:34:33.478+0000][1][safepoint    ] Total time for which application threads were stopped: 0.0002412 seconds, Stopping threads took: 0.0000620 seconds
[2019-06-24T10:34:34.479+0000][1][safepoint    ] Application time: 1.0002660 seconds
[2019-06-24T10:34:34.479+0000][1][safepoint    ] Entering safepoint region: Cleanup
[2019-06-24T10:34:34.479+0000][1][safepoint    ] Leaving safepoint region
[2019-06-24T10:34:34.479+0000][1][safepoint    ] Total time for which application threads were stopped: 0.0002410 seconds, Stopping threads took: 0.0000613 seconds
[2019-06-24T10:34:35.479+0000][1][safepoint    ] Application time: 1.0002645 seconds
[2019-06-24T10:34:35.479+0000][1][safepoint    ] Entering safepoint region: Cleanup
[2019-06-24T10:34:35.480+0000][1][safepoint    ] Leaving safepoint region
[2019-06-24T10:34:35.480+0000][1][safepoint    ] Total time for which application threads were stopped: 0.0002459 seconds, Stopping threads took: 0.0000632 seconds
[2019-06-24T10:34:36.480+0000][1][safepoint    ] Application time: 1.0002479 seconds
[2019-06-24T10:34:36.480+0000][1][safepoint    ] Entering safepoint region: Cleanup
[2019-06-24T10:34:36.480+0000][1][safepoint    ] Leaving safepoint region
[2019-06-24T10:34:36.480+0000][1][safepoint    ] Total time for which application threads were stopped: 0.0002067 seconds, Stopping threads took: 0.0000535 seconds
[2019-06-24T10:34:37.480+0000][1][safepoint    ] Application time: 1.0001905 seconds
[2019-06-24T10:34:37.481+0000][1][safepoint    ] Entering safepoint region: Cleanup
[2019-06-24T10:34:37.481+0000][1][safepoint    ] Leaving safepoint region
[2019-06-24T10:34:37.481+0000][1][safepoint    ] Total time for which application threads were stopped: 0.0002366 seconds, Stopping threads took: 0.0000812 seconds
[2019-06-24T10:34:38.481+0000][1][safepoint    ] Application time: 1.0002611 seconds
[2019-06-24T10:34:38.481+0000][1][safepoint    ] Entering safepoint region: Cleanup
[2019-06-24T10:34:38.481+0000][1][safepoint    ] Leaving safepoint region
[2019-06-24T10:34:38.481+0000][1][safepoint    ] Total time for which application threads were stopped: 0.0002987 seconds, Stopping threads took: 0.0000633 seconds
[2019-06-24T10:34:39.482+0000][1][safepoint    ] Application time: 1.0001439 seconds
[2019-06-24T10:34:39.482+0000][1][safepoint    ] Entering safepoint region: Cleanup
[2019-06-24T10:34:39.482+0000][1][safepoint    ] Leaving safepoint region
[2019-06-24T10:34:39.482+0000][1][safepoint    ] Total time for which application threads were stopped: 0.0002822 seconds, Stopping threads took: 0.0000984 seconds
[2019-06-24T10:34:40.482+0000][1][safepoint    ] Application time: 1.0002633 seconds
[2019-06-24T10:34:40.482+0000][1][safepoint    ] Entering safepoint region: Cleanup
[2019-06-24T10:34:40.483+0000][1][safepoint    ] Leaving safepoint region
[2019-06-24T10:34:40.483+0000][1][safepoint    ] Total time for which application threads were stopped: 0.0003840 seconds, Stopping threads took: 0.0000623 seconds
[2019-06-24T10:34:41.483+0000][1][safepoint    ] Application time: 1.0002750 seconds
[2019-06-24T10:34:41.483+0000][1][safepoint    ] Entering safepoint region: Cleanup
[2019-06-24T10:34:41.483+0000][1][safepoint    ] Leaving safepoint region
[2019-06-24T10:34:41.484+0000][1][safepoint    ] Total time for which application threads were stopped: 0.0003441 seconds, Stopping threads took: 0.0000733 seconds
[2019-06-24T10:34:42.484+0000][1][safepoint    ] Application time: 1.0002694 seconds
[2019-06-24T10:34:42.484+0000][1][safepoint    ] Entering safepoint region: Cleanup
[2019-06-24T10:34:42.484+0000][1][safepoint    ] Leaving safepoint region
[2019-06-24T10:34:42.484+0000][1][safepoint    ] Total time for which application threads were stopped: 0.0003352 seconds, Stopping threads took: 0.0000614 seconds
[2019-06-24T10:34:43.485+0000][1][safepoint    ] Application time: 1.0002634 seconds
[2019-06-24T10:34:43.485+0000][1][safepoint    ] Entering safepoint region: Cleanup
[2019-06-24T10:34:43.485+0000][1][safepoint    ] Leaving safepoint region
[2019-06-24T10:34:43.485+0000][1][safepoint    ] Total time for which application threads were stopped: 0.0002927 seconds, Stopping threads took: 0.0000635 seconds
[2019-06-24T10:34:44.485+0000][1][safepoint    ] Application time: 1.0002305 seconds
[2019-06-24T10:34:44.485+0000][1][safepoint    ] Entering safepoint region: Cleanup
[2019-06-24T10:34:44.486+0000][1][safepoint    ] Leaving safepoint region
[2019-06-24T10:34:44.486+0000][1][safepoint    ] Total time for which application threads were stopped: 0.0002814 seconds, Stopping threads took: 0.0000649 seconds
[2019-06-24T10:34:45.486+0000][1][safepoint    ] Application time: 1.0002904 seconds
[2019-06-24T10:34:45.486+0000][1][safepoint    ] Entering safepoint region: Cleanup
[2019-06-24T10:34:45.486+0000][1][safepoint    ] Leaving safepoint region
[2019-06-24T10:34:45.486+0000][1][safepoint    ] Total time for which application threads were stopped: 0.0002889 seconds, Stopping threads took: 0.0000784 seconds
[2019-06-24T10:34:46.487+0000][1][safepoint    ] Application time: 1.0002267 seconds
[2019-06-24T10:34:46.487+0000][1][safepoint    ] Entering safepoint region: Cleanup
[2019-06-24T10:34:46.487+0000][1][safepoint    ] Leaving safepoint region
[2019-06-24T10:34:46.487+0000][1][safepoint    ] Total time for which application threads were stopped: 0.0002722 seconds, Stopping threads took: 0.0000738 seconds
[2019-06-24T10:34:47.487+0000][1][safepoint    ] Application time: 1.0001985 seconds
[2019-06-24T10:34:47.487+0000][1][safepoint    ] Entering safepoint region: Cleanup
[2019-06-24T10:34:47.488+0000][1][safepoint    ] Leaving safepoint region
[2019-06-24T10:34:47.488+0000][1][safepoint    ] Total time for which application threads were stopped: 0.0002566 seconds, Stopping threads took: 0.0000633 seconds
[2019-06-24T10:34:48.488+0000][1][safepoint    ] Application time: 1.0001947 seconds
[2019-06-24T10:34:48.488+0000][1][safepoint    ] Entering safepoint region: Cleanup
[2019-06-24T10:34:48.488+0000][1][safepoint    ] Leaving safepoint region
[2019-06-24T10:34:48.488+0000][1][safepoint    ] Total time for which application threads were stopped: 0.0002514 seconds, Stopping threads took: 0.0000644 seconds
[2019-06-24T10:34:49.489+0000][1][safepoint    ] Application time: 1.0002653 seconds
[2019-06-24T10:34:49.489+0000][1][safepoint    ] Entering safepoint region: Cleanup
[2019-06-24T10:34:49.489+0000][1][safepoint    ] Leaving safepoint region
[2019-06-24T10:34:49.489+0000][1][safepoint    ] Total time for which application threads were stopped: 0.0002733 seconds, Stopping threads took: 0.0000628 seconds
[2019-06-24T10:34:50.489+0000][1][safepoint    ] Application time: 1.0002685 seconds
[2019-06-24T10:34:50.489+0000][1][safepoint    ] Entering safepoint region: Cleanup
[2019-06-24T10:34:50.490+0000][1][safepoint    ] Leaving safepoint region
[2019-06-24T10:34:50.490+0000][1][safepoint    ] Total time for which application threads were stopped: 0.0002412 seconds, Stopping threads took: 0.0000627 seconds
[2019-06-24T10:34:51.490+0000][1][safepoint    ] Application time: 1.0002638 seconds
[2019-06-24T10:34:51.490+0000][1][safepoint    ] Entering safepoint region: Cleanup
[2019-06-24T10:34:51.490+0000][1][safepoint    ] Leaving safepoint region
[2019-06-24T10:34:51.490+0000][1][safepoint    ] Total time for which application threads were stopped: 0.0002437 seconds, Stopping threads took: 0.0000613 seconds
[2019-06-24T10:34:52.491+0000][1][safepoint    ] Application time: 1.0002805 seconds
[2019-06-24T10:34:52.491+0000][1][safepoint    ] Entering safepoint region: Cleanup
[2019-06-24T10:34:52.491+0000][1][safepoint    ] Leaving safepoint region
[2019-06-24T10:34:52.491+0000][1][safepoint    ] Total time for which application threads were stopped: 0.0002854 seconds, Stopping threads took: 0.0000656 seconds
[2019-06-24T10:34:53.491+0000][1][safepoint    ] Application time: 1.0001923 seconds
[2019-06-24T10:34:53.491+0000][1][safepoint    ] Entering safepoint region: Cleanup
[2019-06-24T10:34:53.492+0000][1][safepoint    ] Leaving safepoint region
[2019-06-24T10:34:53.492+0000][1][safepoint    ] Total time for which application threads were stopped: 0.0003912 seconds, Stopping threads took: 0.0000852 seconds
[2019-06-24T10:34:54.492+0000][1][safepoint    ] Application time: 1.0002039 seconds
[2019-06-24T10:34:54.492+0000][1][safepoint    ] Entering safepoint region: Cleanup
[2019-06-24T10:34:54.492+0000][1][safepoint    ] Leaving safepoint region
[2019-06-24T10:34:54.492+0000][1][safepoint    ] Total time for which application threads were stopped: 0.0002460 seconds, Stopping threads took: 0.0000639 seconds
[2019-06-24T10:34:55.493+0000][1][safepoint    ] Application time: 1.0001843 seconds
[2019-06-24T10:34:55.493+0000][1][safepoint    ] Entering safepoint region: Cleanup
[2019-06-24T10:34:55.493+0000][1][safepoint    ] Leaving safepoint region
[2019-06-24T10:34:55.493+0000][1][safepoint    ] Total time for which application threads were stopped: 0.0002889 seconds, Stopping threads took: 0.0000638 seconds
[2019-06-24T10:34:56.493+0000][1][safepoint    ] Application time: 1.0002011 seconds
[2019-06-24T10:34:56.493+0000][1][safepoint    ] Entering safepoint region: Cleanup
[2019-06-24T10:34:56.493+0000][1][safepoint    ] Leaving safepoint region
[2019-06-24T10:34:56.494+0000][1][safepoint    ] Total time for which application threads were stopped: 0.0002948 seconds, Stopping threads took: 0.0000619 seconds
[2019-06-24T10:34:57.494+0000][1][safepoint    ] Application time: 1.0001488 seconds
[2019-06-24T10:34:57.494+0000][1][safepoint    ] Entering safepoint region: Cleanup
[2019-06-24T10:34:57.494+0000][1][safepoint    ] Leaving safepoint region
[2019-06-24T10:34:57.494+0000][1][safepoint    ] Total time for which application threads were stopped: 0.0000959 seconds, Stopping threads took: 0.0000231 seconds
[2019-06-24T10:34:58.494+0000][1][safepoint    ] Application time: 1.0002441 seconds
[2019-06-24T10:34:58.494+0000][1][safepoint    ] Entering safepoint region: Cleanup
[2019-06-24T10:34:58.495+0000][1][safepoint    ] Leaving safepoint region
[2019-06-24T10:34:58.495+0000][1][safepoint    ] Total time for which application threads were stopped: 0.0003486 seconds, Stopping threads took: 0.0000943 seconds
[2019-06-24T10:34:59.495+0000][1][safepoint    ] Application time: 1.0001964 seconds
[2019-06-24T10:34:59.495+0000][1][safepoint    ] Entering safepoint region: Cleanup
[2019-06-24T10:34:59.495+0000][1][safepoint    ] Leaving safepoint region
[2019-06-24T10:34:59.495+0000][1][safepoint    ] Total time for which application threads were stopped: 0.0001386 seconds, Stopping threads took: 0.0000434 seconds
[2019-06-24T10:35:00.495+0000][1][safepoint    ] Application time: 1.0002096 seconds
[2019-06-24T10:35:00.495+0000][1][safepoint    ] Entering safepoint region: Cleanup
[2019-06-24T10:35:00.496+0000][1][safepoint    ] Leaving safepoint region
[2019-06-24T10:35:00.496+0000][1][safepoint    ] Total time for which application threads were stopped: 0.0002421 seconds, Stopping threads took: 0.0000629 seconds
[2019-06-24T10:35:01.496+0000][1][safepoint    ] Application time: 1.0002323 seconds
[2019-06-24T10:35:01.496+0000][1][safepoint    ] Entering safepoint region: Cleanup
[2019-06-24T10:35:01.496+0000][1][safepoint    ] Leaving safepoint region
[2019-06-24T10:35:01.496+0000][1][safepoint    ] Total time for which application threads were stopped: 0.0002548 seconds, Stopping threads took: 0.0000621 seconds
[2019-06-24T10:35:02.497+0000][1][safepoint    ] Application time: 1.0003094 seconds
[2019-06-24T10:35:02.497+0000][1][safepoint    ] Entering safepoint region: Cleanup
[2019-06-24T10:35:02.497+0000][1][safepoint    ] Leaving safepoint region
[2019-06-24T10:35:02.497+0000][1][safepoint    ] Total time for which application threads were stopped: 0.0003023 seconds, Stopping threads took: 0.0000713 seconds
[2019-06-24T10:35:03.497+0000][1][safepoint    ] Application time: 1.0001921 seconds
[2019-06-24T10:35:03.497+0000][1][safepoint    ] Entering safepoint region: Cleanup
[2019-06-24T10:35:03.497+0000][1][safepoint    ] Leaving safepoint region
[2019-06-24T10:35:03.497+0000][1][safepoint    ] Total time for which application threads were stopped: 0.0002028 seconds, Stopping threads took: 0.0000532 seconds
[2019-06-24T10:35:04.498+0000][1][safepoint    ] Application time: 1.0000961 seconds
[2019-06-24T10:35:04.498+0000][1][safepoint    ] Entering safepoint region: Cleanup
[2019-06-24T10:35:04.498+0000][1][safepoint    ] Leaving safepoint region
[2019-06-24T10:35:04.498+0000][1][safepoint    ] Total time for which application threads were stopped: 0.0000887 seconds, Stopping threads took: 0.0000231 seconds
[2019-06-24T10:35:05.498+0000][1][safepoint    ] Application time: 1.0002589 seconds
[2019-06-24T10:35:05.498+0000][1][safepoint    ] Entering safepoint region: Cleanup
[2019-06-24T10:35:05.498+0000][1][safepoint    ] Leaving safepoint region
[2019-06-24T10:35:05.498+0000][1][safepoint    ] Total time for which application threads were stopped: 0.0003055 seconds, Stopping threads took: 0.0001138 seconds
[2019-06-24T10:35:06.499+0000][1][safepoint    ] Application time: 1.0002340 seconds
[2019-06-24T10:35:06.499+0000][1][safepoint    ] Entering safepoint region: Cleanup
[2019-06-24T10:35:06.499+0000][1][safepoint    ] Leaving safepoint region
[2019-06-24T10:35:06.499+0000][1][safepoint    ] Total time for which application threads were stopped: 0.0002989 seconds, Stopping threads took: 0.0000628 seconds
[2019-06-24T10:35:07.500+0000][1][safepoint    ] Application time: 1.0002592 seconds
[2019-06-24T10:35:07.500+0000][1][safepoint    ] Entering safepoint region: Cleanup
[2019-06-24T10:35:07.500+0000][1][safepoint    ] Leaving safepoint region
[2019-06-24T10:35:07.500+0000][1][safepoint    ] Total time for which application threads were stopped: 0.0002941 seconds, Stopping threads took: 0.0000608 seconds
[2019-06-24T10:35:08.500+0000][1][safepoint    ] Application time: 1.0002118 seconds
[2019-06-24T10:35:08.500+0000][1][safepoint    ] Entering safepoint region: Cleanup
[2019-06-24T10:35:08.501+0000][1][safepoint    ] Leaving safepoint region
[2019-06-24T10:35:08.501+0000][1][safepoint    ] Total time for which application threads were stopped: 0.0003190 seconds, Stopping threads took: 0.0000646 seconds
[2019-06-24T10:35:09.501+0000][1][safepoint    ] Application time: 1.0002051 seconds
[2019-06-24T10:35:09.501+0000][1][safepoint    ] Entering safepoint region: Cleanup
[2019-06-24T10:35:09.501+0000][1][safepoint    ] Leaving safepoint region
[2019-06-24T10:35:09.501+0000][1][safepoint    ] Total time for which application threads were stopped: 0.0002740 seconds, Stopping threads took: 0.0000613 seconds
[2019-06-24T10:35:10.501+0000][1][safepoint    ] Application time: 1.0001824 seconds
[2019-06-24T10:35:10.502+0000][1][safepoint    ] Entering safepoint region: Cleanup
[2019-06-24T10:35:10.502+0000][1][safepoint    ] Leaving safepoint region
[2019-06-24T10:35:10.502+0000][1][safepoint    ] Total time for which application threads were stopped: 0.0002056 seconds, Stopping threads took: 0.0000528 seconds
[2019-06-24T10:35:11.502+0000][1][safepoint    ] Application time: 1.0002532 seconds
[2019-06-24T10:35:11.502+0000][1][safepoint    ] Entering safepoint region: Cleanup
[2019-06-24T10:35:11.502+0000][1][safepoint    ] Leaving safepoint region
[2019-06-24T10:35:11.502+0000][1][safepoint    ] Total time for which application threads were stopped: 0.0002621 seconds, Stopping threads took: 0.0000621 seconds
[2019-06-24T10:35:12.503+0000][1][safepoint    ] Application time: 1.0001577 seconds
[2019-06-24T10:35:12.503+0000][1][safepoint    ] Entering safepoint region: Cleanup
[2019-06-24T10:35:12.503+0000][1][safepoint    ] Leaving safepoint region
[2019-06-24T10:35:12.503+0000][1][safepoint    ] Total time for which application threads were stopped: 0.0002242 seconds, Stopping threads took: 0.0000561 seconds
[2019-06-24T10:35:13.503+0000][1][safepoint    ] Application time: 1.0001771 seconds
[2019-06-24T10:35:13.503+0000][1][safepoint    ] Entering safepoint region: Cleanup
[2019-06-24T10:35:13.503+0000][1][safepoint    ] Leaving safepoint region
[2019-06-24T10:35:13.503+0000][1][safepoint    ] Total time for which application threads were stopped: 0.0002190 seconds, Stopping threads took: 0.0000569 seconds
[2019-06-24T10:35:14.504+0000][1][safepoint    ] Application time: 1.0001534 seconds
[2019-06-24T10:35:14.504+0000][1][safepoint    ] Entering safepoint region: Cleanup
[2019-06-24T10:35:14.504+0000][1][safepoint    ] Leaving safepoint region
[2019-06-24T10:35:14.504+0000][1][safepoint    ] Total time for which application threads were stopped: 0.0002924 seconds, Stopping threads took: 0.0000689 seconds
[2019-06-24T10:35:15.504+0000][1][safepoint    ] Application time: 1.0001289 seconds
[2019-06-24T10:35:15.504+0000][1][safepoint    ] Entering safepoint region: Cleanup
[2019-06-24T10:35:15.504+0000][1][safepoint    ] Leaving safepoint region
[2019-06-24T10:35:15.504+0000][1][safepoint    ] Total time for which application threads were stopped: 0.0001249 seconds, Stopping threads took: 0.0000466 seconds
[2019-06-24T10:35:16.505+0000][1][safepoint    ] Application time: 1.0001944 seconds
[2019-06-24T10:35:16.505+0000][1][safepoint    ] Entering safepoint region: Cleanup
[2019-06-24T10:35:16.505+0000][1][safepoint    ] Leaving safepoint region
[2019-06-24T10:35:16.505+0000][1][safepoint    ] Total time for which application threads were stopped: 0.0003000 seconds, Stopping threads took: 0.0000712 seconds
[2019-06-24T10:35:17.657+0000][1][safepoint    ] Application time: 1.1517790 seconds
[2019-06-24T10:35:17.657+0000][1][safepoint    ] Entering safepoint region: Cleanup
[2019-06-24T10:35:17.657+0000][1][safepoint    ] Leaving safepoint region
[2019-06-24T10:35:17.657+0000][1][safepoint    ] Total time for which application threads were stopped: 0.0004478 seconds, Stopping threads took: 0.0002014 seconds
[2019-06-24T10:35:18.658+0000][1][safepoint    ] Application time: 1.0002409 seconds
[2019-06-24T10:35:18.658+0000][1][safepoint    ] Entering safepoint region: Cleanup
[2019-06-24T10:35:18.658+0000][1][safepoint    ] Leaving safepoint region
[2019-06-24T10:35:18.659+0000][1][safepoint    ] Total time for which application threads were stopped: 0.0007130 seconds, Stopping threads took: 0.0003353 seconds
[2019-06-24T10:35:19.659+0000][1][safepoint    ] Application time: 1.0001654 seconds
[2019-06-24T10:35:19.659+0000][1][safepoint    ] Entering safepoint region: Cleanup
[2019-06-24T10:35:19.659+0000][1][safepoint    ] Leaving safepoint region
[2019-06-24T10:35:19.659+0000][1][safepoint    ] Total time for which application threads were stopped: 0.0004062 seconds, Stopping threads took: 0.0001665 seconds
[2019-06-24T10:35:20.660+0000][1][safepoint    ] Application time: 1.0001800 seconds
[2019-06-24T10:35:20.660+0000][1][safepoint    ] Entering safepoint region: Cleanup
[2019-06-24T10:35:20.660+0000][1][safepoint    ] Leaving safepoint region
[2019-06-24T10:35:20.660+0000][1][safepoint    ] Total time for which application threads were stopped: 0.0003163 seconds, Stopping threads took: 0.0000926 seconds
[2019-06-24T10:35:21.660+0000][1][safepoint    ] Application time: 1.0001521 seconds
[2019-06-24T10:35:21.660+0000][1][safepoint    ] Entering safepoint region: Cleanup
[2019-06-24T10:35:21.661+0000][1][safepoint    ] Leaving safepoint region
[2019-06-24T10:35:21.661+0000][1][safepoint    ] Total time for which application threads were stopped: 0.0003474 seconds, Stopping threads took: 0.0000635 seconds
[2019-06-24T10:35:22.661+0000][1][safepoint    ] Application time: 1.0001465 seconds
[2019-06-24T10:35:22.661+0000][1][safepoint    ] Entering safepoint region: Cleanup
[2019-06-24T10:35:22.661+0000][1][safepoint    ] Leaving safepoint region
[2019-06-24T10:35:22.661+0000][1][safepoint    ] Total time for which application threads were stopped: 0.0000946 seconds, Stopping threads took: 0.0000244 seconds
[2019-06-24T10:35:23.661+0000][1][safepoint    ] Application time: 1.0001714 seconds
[2019-06-24T10:35:23.661+0000][1][safepoint    ] Entering safepoint region: Cleanup
[2019-06-24T10:35:23.662+0000][1][safepoint    ] Leaving safepoint region
[2019-06-24T10:35:23.662+0000][1][safepoint    ] Total time for which application threads were stopped: 0.0004420 seconds, Stopping threads took: 0.0000762 seconds
[2019-06-24T10:35:24.662+0000][1][safepoint    ] Application time: 1.0003048 seconds
[2019-06-24T10:35:24.662+0000][1][safepoint    ] Entering safepoint region: Cleanup
[2019-06-24T10:35:24.663+0000][1][safepoint    ] Leaving safepoint region
[2019-06-24T10:35:24.663+0000][1][safepoint    ] Total time for which application threads were stopped: 0.0003791 seconds, Stopping threads took: 0.0000730 seconds
[2019-06-24T10:35:25.663+0000][1][safepoint    ] Application time: 1.0001052 seconds
[2019-06-24T10:35:25.663+0000][1][safepoint    ] Entering safepoint region: Cleanup
[2019-06-24T10:35:25.663+0000][1][safepoint    ] Leaving safepoint region
[2019-06-24T10:35:25.663+0000][1][safepoint    ] Total time for which application threads were stopped: 0.0000921 seconds, Stopping threads took: 0.0000242 seconds
[2019-06-24T10:35:26.663+0000][1][safepoint    ] Application time: 1.0001172 seconds
[2019-06-24T10:35:26.663+0000][1][safepoint    ] Entering safepoint region: Cleanup
[2019-06-24T10:35:26.663+0000][1][safepoint    ] Leaving safepoint region
[2019-06-24T10:35:26.663+0000][1][safepoint    ] Total time for which application threads were stopped: 0.0000895 seconds, Stopping threads took: 0.0000211 seconds
[2019-06-24T10:35:27.663+0000][1][safepoint    ] Application time: 1.0001798 seconds
[2019-06-24T10:35:27.663+0000][1][safepoint    ] Entering safepoint region: Cleanup
[2019-06-24T10:35:27.664+0000][1][safepoint    ] Leaving safepoint region
[2019-06-24T10:35:27.664+0000][1][safepoint    ] Total time for which application threads were stopped: 0.0002391 seconds, Stopping threads took: 0.0000602 seconds
[2019-06-24T10:35:28.664+0000][1][safepoint    ] Application time: 1.0002339 seconds
[2019-06-24T10:35:28.664+0000][1][safepoint    ] Entering safepoint region: Cleanup
[2019-06-24T10:35:28.664+0000][1][safepoint    ] Leaving safepoint region
[2019-06-24T10:35:28.664+0000][1][safepoint    ] Total time for which application threads were stopped: 0.0002445 seconds, Stopping threads took: 0.0000629 seconds
[2019-06-24T10:35:29.664+0000][1][safepoint    ] Application time: 1.0001620 seconds
[2019-06-24T10:35:29.665+0000][1][safepoint    ] Entering safepoint region: Cleanup
[2019-06-24T10:35:29.665+0000][1][safepoint    ] Leaving safepoint region
[2019-06-24T10:35:29.665+0000][1][safepoint    ] Total time for which application threads were stopped: 0.0001518 seconds, Stopping threads took: 0.0000448 seconds
[2019-06-24T10:35:30.665+0000][1][safepoint    ] Application time: 1.0001256 seconds
[2019-06-24T10:35:30.665+0000][1][safepoint    ] Entering safepoint region: Cleanup
[2019-06-24T10:35:30.665+0000][1][safepoint    ] Leaving safepoint region
[2019-06-24T10:35:30.665+0000][1][safepoint    ] Total time for which application threads were stopped: 0.0000953 seconds, Stopping threads took: 0.0000216 seconds
[2019-06-24T10:35:31.665+0000][1][safepoint    ] Application time: 1.0002721 seconds
[2019-06-24T10:35:31.665+0000][1][safepoint    ] Entering safepoint region: Cleanup
[2019-06-24T10:35:31.666+0000][1][safepoint    ] Leaving safepoint region
[2019-06-24T10:35:31.666+0000][1][safepoint    ] Total time for which application threads were stopped: 0.0003411 seconds, Stopping threads took: 0.0000912 seconds
[2019-06-24T10:35:32.666+0000][1][safepoint    ] Application time: 1.0001651 seconds
[2019-06-24T10:35:32.666+0000][1][safepoint    ] Entering safepoint region: Cleanup
[2019-06-24T10:35:32.666+0000][1][safepoint    ] Leaving safepoint region
[2019-06-24T10:35:32.666+0000][1][safepoint    ] Total time for which application threads were stopped: 0.0003302 seconds, Stopping threads took: 0.0000917 seconds
[2019-06-24T10:35:33.667+0000][1][safepoint    ] Application time: 1.0001652 seconds
[2019-06-24T10:35:33.667+0000][1][safepoint    ] Entering safepoint region: Cleanup
[2019-06-24T10:35:33.667+0000][1][safepoint    ] Leaving safepoint region
[2019-06-24T10:35:33.667+0000][1][safepoint    ] Total time for which application threads were stopped: 0.0002460 seconds, Stopping threads took: 0.0000618 seconds
[2019-06-24T10:35:34.667+0000][1][safepoint    ] Application time: 1.0002012 seconds
[2019-06-24T10:35:34.667+0000][1][safepoint    ] Entering safepoint region: Cleanup
[2019-06-24T10:35:34.668+0000][1][safepoint    ] Leaving safepoint region
[2019-06-24T10:35:34.668+0000][1][safepoint    ] Total time for which application threads were stopped: 0.0002446 seconds, Stopping threads took: 0.0000623 seconds
[2019-06-24T10:35:35.668+0000][1][safepoint    ] Application time: 1.0002336 seconds
[2019-06-24T10:35:35.668+0000][1][safepoint    ] Entering safepoint region: Cleanup
[2019-06-24T10:35:35.668+0000][1][safepoint    ] Leaving safepoint region
[2019-06-24T10:35:35.668+0000][1][safepoint    ] Total time for which application threads were stopped: 0.0003160 seconds, Stopping threads took: 0.0000632 seconds
[2019-06-24T10:35:36.669+0000][1][safepoint    ] Application time: 1.0002431 seconds
[2019-06-24T10:35:36.669+0000][1][safepoint    ] Entering safepoint region: Cleanup
[2019-06-24T10:35:36.669+0000][1][safepoint    ] Leaving safepoint region
[2019-06-24T10:35:36.669+0000][1][safepoint    ] Total time for which application threads were stopped: 0.0003669 seconds, Stopping threads took: 0.0000832 seconds
[2019-06-24T10:35:37.669+0000][1][safepoint    ] Application time: 1.0002666 seconds
[2019-06-24T10:35:37.670+0000][1][safepoint    ] Entering safepoint region: Cleanup
[2019-06-24T10:35:37.670+0000][1][safepoint    ] Leaving safepoint region
[2019-06-24T10:35:37.670+0000][1][safepoint    ] Total time for which application threads were stopped: 0.0002409 seconds, Stopping threads took: 0.0000616 seconds
[2019-06-24T10:35:38.670+0000][1][safepoint    ] Application time: 1.0001446 seconds
[2019-06-24T10:35:38.670+0000][1][safepoint    ] Entering safepoint region: Cleanup
[2019-06-24T10:35:38.670+0000][1][safepoint    ] Leaving safepoint region
[2019-06-24T10:35:38.670+0000][1][safepoint    ] Total time for which application threads were stopped: 0.0000883 seconds, Stopping threads took: 0.0000215 seconds
[2019-06-24T10:35:39.670+0000][1][safepoint    ] Application time: 1.0002492 seconds
[2019-06-24T10:35:39.671+0000][1][safepoint    ] Entering safepoint region: Cleanup
[2019-06-24T10:35:39.671+0000][1][safepoint    ] Leaving safepoint region
[2019-06-24T10:35:39.671+0000][1][safepoint    ] Total time for which application threads were stopped: 0.0003412 seconds, Stopping threads took: 0.0001603 seconds
[2019-06-24T10:35:40.671+0000][1][safepoint    ] Application time: 1.0001685 seconds
[2019-06-24T10:35:40.671+0000][1][safepoint    ] Entering safepoint region: Cleanup
[2019-06-24T10:35:40.671+0000][1][safepoint    ] Leaving safepoint region
[2019-06-24T10:35:40.671+0000][1][safepoint    ] Total time for which application threads were stopped: 0.0002391 seconds, Stopping threads took: 0.0000618 seconds
[2019-06-24T10:35:41.672+0000][1][safepoint    ] Application time: 1.0001958 seconds
[2019-06-24T10:35:41.672+0000][1][safepoint    ] Entering safepoint region: Cleanup
[2019-06-24T10:35:41.672+0000][1][safepoint    ] Leaving safepoint region
[2019-06-24T10:35:41.672+0000][1][safepoint    ] Total time for which application threads were stopped: 0.0002473 seconds, Stopping threads took: 0.0000638 seconds
[2019-06-24T10:35:42.672+0000][1][safepoint    ] Application time: 1.0002774 seconds
[2019-06-24T10:35:42.672+0000][1][safepoint    ] Entering safepoint region: Cleanup
[2019-06-24T10:35:42.673+0000][1][safepoint    ] Leaving safepoint region
[2019-06-24T10:35:42.673+0000][1][safepoint    ] Total time for which application threads were stopped: 0.0002383 seconds, Stopping threads took: 0.0000619 seconds
[2019-06-24T10:35:43.673+0000][1][safepoint    ] Application time: 1.0002621 seconds
[2019-06-24T10:35:43.673+0000][1][safepoint    ] Entering safepoint region: Cleanup
[2019-06-24T10:35:43.673+0000][1][safepoint    ] Leaving safepoint region
[2019-06-24T10:35:43.673+0000][1][safepoint    ] Total time for which application threads were stopped: 0.0002423 seconds, Stopping threads took: 0.0000628 seconds
[2019-06-24T10:35:44.673+0000][1][safepoint    ] Application time: 1.0001395 seconds
[2019-06-24T10:35:44.673+0000][1][safepoint    ] Entering safepoint region: Cleanup
[2019-06-24T10:35:44.674+0000][1][safepoint    ] Leaving safepoint region
[2019-06-24T10:35:44.674+0000][1][safepoint    ] Total time for which application threads were stopped: 0.0000990 seconds, Stopping threads took: 0.0000232 seconds
[2019-06-24T10:35:45.674+0000][1][safepoint    ] Application time: 1.0002455 seconds
[2019-06-24T10:35:45.674+0000][1][safepoint    ] Entering safepoint region: Cleanup
[2019-06-24T10:35:45.674+0000][1][safepoint    ] Leaving safepoint region
[2019-06-24T10:35:45.674+0000][1][safepoint    ] Total time for which application threads were stopped: 0.0002440 seconds, Stopping threads took: 0.0000631 seconds
[2019-06-24T10:35:46.674+0000][1][safepoint    ] Application time: 1.0001938 seconds
[2019-06-24T10:35:46.675+0000][1][safepoint    ] Entering safepoint region: Cleanup
[2019-06-24T10:35:46.675+0000][1][safepoint    ] Leaving safepoint region
[2019-06-24T10:35:46.675+0000][1][safepoint    ] Total time for which application threads were stopped: 0.0002450 seconds, Stopping threads took: 0.0000650 seconds
[2019-06-24T10:35:47.675+0000][1][safepoint    ] Application time: 1.0002176 seconds
[2019-06-24T10:35:47.675+0000][1][safepoint    ] Entering safepoint region: Cleanup
[2019-06-24T10:35:47.675+0000][1][safepoint    ] Leaving safepoint region
[2019-06-24T10:35:47.675+0000][1][safepoint    ] Total time for which application threads were stopped: 0.0002423 seconds, Stopping threads took: 0.0000620 seconds
[2019-06-24T10:35:48.676+0000][1][safepoint    ] Application time: 1.0001841 seconds
[2019-06-24T10:35:48.676+0000][1][safepoint    ] Entering safepoint region: Cleanup
[2019-06-24T10:35:48.676+0000][1][safepoint    ] Leaving safepoint region
[2019-06-24T10:35:48.676+0000][1][safepoint    ] Total time for which application threads were stopped: 0.0003997 seconds, Stopping threads took: 0.0001028 seconds
[2019-06-24T10:35:49.676+0000][1][safepoint    ] Application time: 1.0002483 seconds
[2019-06-24T10:35:49.677+0000][1][safepoint    ] Entering safepoint region: Cleanup
[2019-06-24T10:35:49.677+0000][1][safepoint    ] Leaving safepoint region
[2019-06-24T10:35:49.677+0000][1][safepoint    ] Total time for which application threads were stopped: 0.0003054 seconds, Stopping threads took: 0.0000967 seconds
[2019-06-24T10:35:50.677+0000][1][safepoint    ] Application time: 1.0001345 seconds
[2019-06-24T10:35:50.677+0000][1][safepoint    ] Entering safepoint region: Cleanup
[2019-06-24T10:35:50.677+0000][1][safepoint    ] Leaving safepoint region
[2019-06-24T10:35:50.677+0000][1][safepoint    ] Total time for which application threads were stopped: 0.0002766 seconds, Stopping threads took: 0.0000770 seconds
[2019-06-24T10:35:51.678+0000][1][safepoint    ] Application time: 1.0002606 seconds
[2019-06-24T10:35:51.678+0000][1][safepoint    ] Entering safepoint region: Cleanup
[2019-06-24T10:35:51.678+0000][1][safepoint    ] Leaving safepoint region
[2019-06-24T10:35:51.678+0000][1][safepoint    ] Total time for which application threads were stopped: 0.0002459 seconds, Stopping threads took: 0.0000635 seconds
[2019-06-24T10:35:52.679+0000][1][safepoint    ] Application time: 1.0002735 seconds
[2019-06-24T10:35:52.679+0000][1][safepoint    ] Entering safepoint region: Cleanup
[2019-06-24T10:35:52.679+0000][1][safepoint    ] Leaving safepoint region
[2019-06-24T10:35:52.679+0000][1][safepoint    ] Total time for which application threads were stopped: 0.0002423 seconds, Stopping threads took: 0.0000611 seconds
[2019-06-24T10:35:53.679+0000][1][safepoint    ] Application time: 1.0002483 seconds
[2019-06-24T10:35:53.679+0000][1][safepoint    ] Entering safepoint region: Cleanup
[2019-06-24T10:35:53.679+0000][1][safepoint    ] Leaving safepoint region
[2019-06-24T10:35:53.680+0000][1][safepoint    ] Total time for which application threads were stopped: 0.0002424 seconds, Stopping threads took: 0.0000635 seconds
[2019-06-24T10:35:55.617+0000][1][safepoint    ] Application time: 1.9369757 seconds
[2019-06-24T10:35:55.617+0000][1][safepoint    ] Entering safepoint region: Cleanup
[2019-06-24T10:35:55.617+0000][1][safepoint    ] Leaving safepoint region
[2019-06-24T10:35:55.617+0000][1][safepoint    ] Total time for which application threads were stopped: 0.0002630 seconds, Stopping threads took: 0.0000560 seconds
[2019-06-24T10:35:56.617+0000][1][safepoint    ] Application time: 1.0002646 seconds
[2019-06-24T10:35:56.617+0000][1][safepoint    ] Entering safepoint region: Cleanup
[2019-06-24T10:35:56.617+0000][1][safepoint    ] Leaving safepoint region
[2019-06-24T10:35:56.618+0000][1][safepoint    ] Total time for which application threads were stopped: 0.0002461 seconds, Stopping threads took: 0.0000618 seconds
[2019-06-24T10:35:57.618+0000][1][safepoint    ] Application time: 1.0001917 seconds
[2019-06-24T10:35:57.618+0000][1][safepoint    ] Entering safepoint region: Cleanup
[2019-06-24T10:35:57.618+0000][1][safepoint    ] Leaving safepoint region
[2019-06-24T10:35:57.618+0000][1][safepoint    ] Total time for which application threads were stopped: 0.0002767 seconds, Stopping threads took: 0.0000703 seconds
[2019-06-24T10:35:58.618+0000][1][safepoint    ] Application time: 1.0001821 seconds
[2019-06-24T10:35:58.619+0000][1][safepoint    ] Entering safepoint region: Cleanup
[2019-06-24T10:35:58.619+0000][1][safepoint    ] Leaving safepoint region
[2019-06-24T10:35:58.619+0000][1][safepoint    ] Total time for which application threads were stopped: 0.0004561 seconds, Stopping threads took: 0.0001363 seconds
[2019-06-24T10:35:59.619+0000][1][safepoint    ] Application time: 1.0002015 seconds
[2019-06-24T10:35:59.620+0000][1][safepoint    ] Entering safepoint region: Cleanup
[2019-06-24T10:35:59.620+0000][1][safepoint    ] Leaving safepoint region
[2019-06-24T10:35:59.620+0000][1][safepoint    ] Total time for which application threads were stopped: 0.0004004 seconds, Stopping threads took: 0.0000828 seconds
[2019-06-24T10:36:00.620+0000][1][safepoint    ] Application time: 1.0001803 seconds
[2019-06-24T10:36:00.620+0000][1][safepoint    ] Entering safepoint region: Cleanup
[2019-06-24T10:36:00.620+0000][1][safepoint    ] Leaving safepoint region
[2019-06-24T10:36:00.621+0000][1][safepoint    ] Total time for which application threads were stopped: 0.0002901 seconds, Stopping threads took: 0.0000872 seconds
[2019-06-24T10:36:01.621+0000][1][safepoint    ] Application time: 1.0002420 seconds
[2019-06-24T10:36:01.621+0000][1][safepoint    ] Entering safepoint region: Cleanup
[2019-06-24T10:36:01.621+0000][1][safepoint    ] Leaving safepoint region
[2019-06-24T10:36:01.621+0000][1][safepoint    ] Total time for which application threads were stopped: 0.0001646 seconds, Stopping threads took: 0.0000388 seconds
[2019-06-24T10:36:02.621+0000][1][safepoint    ] Application time: 1.0001016 seconds
[2019-06-24T10:36:02.621+0000][1][safepoint    ] Entering safepoint region: Cleanup
[2019-06-24T10:36:02.621+0000][1][safepoint    ] Leaving safepoint region
[2019-06-24T10:36:02.621+0000][1][safepoint    ] Total time for which application threads were stopped: 0.0001597 seconds, Stopping threads took: 0.0000371 seconds
[2019-06-24T10:36:03.622+0000][1][safepoint    ] Application time: 1.0002543 seconds
[2019-06-24T10:36:03.622+0000][1][safepoint    ] Entering safepoint region: Cleanup
[2019-06-24T10:36:03.622+0000][1][safepoint    ] Leaving safepoint region
[2019-06-24T10:36:03.622+0000][1][safepoint    ] Total time for which application threads were stopped: 0.0002949 seconds, Stopping threads took: 0.0000618 seconds
[2019-06-24T10:36:04.622+0000][1][safepoint    ] Application time: 1.0002617 seconds
[2019-06-24T10:36:04.623+0000][1][safepoint    ] Entering safepoint region: Cleanup
[2019-06-24T10:36:04.623+0000][1][safepoint    ] Leaving safepoint region
[2019-06-24T10:36:04.623+0000][1][safepoint    ] Total time for which application threads were stopped: 0.0002813 seconds, Stopping threads took: 0.0000866 seconds
[2019-06-24T10:36:05.623+0000][1][safepoint    ] Application time: 1.0002676 seconds
[2019-06-24T10:36:05.623+0000][1][safepoint    ] Entering safepoint region: Cleanup
[2019-06-24T10:36:05.623+0000][1][safepoint    ] Leaving safepoint region
[2019-06-24T10:36:05.623+0000][1][safepoint    ] Total time for which application threads were stopped: 0.0002480 seconds, Stopping threads took: 0.0000631 seconds
[2019-06-24T10:36:06.624+0000][1][safepoint    ] Application time: 1.0002518 seconds
[2019-06-24T10:36:06.624+0000][1][safepoint    ] Entering safepoint region: Cleanup
[2019-06-24T10:36:06.624+0000][1][safepoint    ] Leaving safepoint region
[2019-06-24T10:36:06.624+0000][1][safepoint    ] Total time for which application threads were stopped: 0.0002800 seconds, Stopping threads took: 0.0000720 seconds
[2019-06-24T10:36:07.625+0000][1][safepoint    ] Application time: 1.0003815 seconds
[2019-06-24T10:36:07.625+0000][1][safepoint    ] Entering safepoint region: Cleanup
[2019-06-24T10:36:07.625+0000][1][safepoint    ] Leaving safepoint region
[2019-06-24T10:36:07.626+0000][1][safepoint    ] Total time for which application threads were stopped: 0.0004760 seconds, Stopping threads took: 0.0002587 seconds
[2019-06-24T10:36:08.626+0000][1][safepoint    ] Application time: 1.0002791 seconds
[2019-06-24T10:36:08.626+0000][1][safepoint    ] Entering safepoint region: Cleanup
[2019-06-24T10:36:08.626+0000][1][safepoint    ] Leaving safepoint region
[2019-06-24T10:36:08.626+0000][1][safepoint    ] Total time for which application threads were stopped: 0.0003005 seconds, Stopping threads took: 0.0000632 seconds
[2019-06-24T10:36:09.627+0000][1][safepoint    ] Application time: 1.0003167 seconds
[2019-06-24T10:36:09.627+0000][1][safepoint    ] Entering safepoint region: Cleanup
[2019-06-24T10:36:09.627+0000][1][safepoint    ] Leaving safepoint region
[2019-06-24T10:36:09.627+0000][1][safepoint    ] Total time for which application threads were stopped: 0.0002623 seconds, Stopping threads took: 0.0000635 seconds
[2019-06-24T10:36:10.627+0000][1][safepoint    ] Application time: 1.0002389 seconds
[2019-06-24T10:36:10.627+0000][1][safepoint    ] Entering safepoint region: Cleanup
[2019-06-24T10:36:10.628+0000][1][safepoint    ] Leaving safepoint region
[2019-06-24T10:36:10.628+0000][1][safepoint    ] Total time for which application threads were stopped: 0.0002486 seconds, Stopping threads took: 0.0000640 seconds
[2019-06-24T10:36:11.628+0000][1][safepoint    ] Application time: 1.0002249 seconds
[2019-06-24T10:36:11.628+0000][1][safepoint    ] Entering safepoint region: Cleanup
[2019-06-24T10:36:11.628+0000][1][safepoint    ] Leaving safepoint region
[2019-06-24T10:36:11.628+0000][1][safepoint    ] Total time for which application threads were stopped: 0.0001099 seconds, Stopping threads took: 0.0000286 seconds
[2019-06-24T10:36:12.628+0000][1][safepoint    ] Application time: 1.0002465 seconds
[2019-06-24T10:36:12.628+0000][1][safepoint    ] Entering safepoint region: Cleanup
[2019-06-24T10:36:12.629+0000][1][safepoint    ] Leaving safepoint region
[2019-06-24T10:36:12.629+0000][1][safepoint    ] Total time for which application threads were stopped: 0.0002450 seconds, Stopping threads took: 0.0000623 seconds
[2019-06-24T10:36:13.629+0000][1][safepoint    ] Application time: 1.0001126 seconds
[2019-06-24T10:36:13.629+0000][1][safepoint    ] Entering safepoint region: Cleanup
[2019-06-24T10:36:13.629+0000][1][safepoint    ] Leaving safepoint region
[2019-06-24T10:36:13.629+0000][1][safepoint    ] Total time for which application threads were stopped: 0.0001613 seconds, Stopping threads took: 0.0000417 seconds
[2019-06-24T10:36:14.629+0000][1][safepoint    ] Application time: 1.0001835 seconds
[2019-06-24T10:36:14.629+0000][1][safepoint    ] Entering safepoint region: Cleanup
[2019-06-24T10:36:14.630+0000][1][safepoint    ] Leaving safepoint region
[2019-06-24T10:36:14.630+0000][1][safepoint    ] Total time for which application threads were stopped: 0.0002567 seconds, Stopping threads took: 0.0000653 seconds
[2019-06-24T10:36:15.611+0000][1][safepoint    ] Application time: 0.9817214 seconds
[2019-06-24T10:36:15.612+0000][1][safepoint    ] Entering safepoint region: GenCollectForAllocation
[2019-06-24T10:36:15.612+0000][1][gc,start     ] GC(33) Pause Young (Allocation Failure)
[2019-06-24T10:36:15.612+0000][1][gc,task      ] GC(33) Using 5 workers of 8 for evacuation
[2019-06-24T10:36:15.615+0000][1][gc,age       ] GC(33) Desired survivor size 4456448 bytes, new threshold 6 (max threshold 6)
[2019-06-24T10:36:15.615+0000][1][gc,age       ] GC(33) Age table with threshold 6 (max threshold 6)
[2019-06-24T10:36:15.615+0000][1][gc,age       ] GC(33) - age   1:       3048 bytes,       3048 total
[2019-06-24T10:36:15.615+0000][1][gc,age       ] GC(33) - age   2:       1280 bytes,       4328 total
[2019-06-24T10:36:15.615+0000][1][gc,age       ] GC(33) - age   3:        408 bytes,       4736 total
[2019-06-24T10:36:15.615+0000][1][gc,age       ] GC(33) - age   4:       1760 bytes,       6496 total
[2019-06-24T10:36:15.615+0000][1][gc,age       ] GC(33) - age   5:       5720 bytes,      12216 total
[2019-06-24T10:36:15.615+0000][1][gc,age       ] GC(33) - age   6:        400 bytes,      12616 total
[2019-06-24T10:36:15.615+0000][1][gc,heap      ] GC(33) ParNew: 69974K->20K(78656K)
[2019-06-24T10:36:15.615+0000][1][gc,heap      ] GC(33) CMS: 69529K->69531K(174784K)
[2019-06-24T10:36:15.615+0000][1][gc,metaspace ] GC(33) Metaspace: 66990K->66990K(1110016K)
[2019-06-24T10:36:15.615+0000][1][gc           ] GC(33) Pause Young (Allocation Failure) 136M->67M(247M) 3.252ms
[2019-06-24T10:36:15.615+0000][1][gc,cpu       ] GC(33) User=0.01s Sys=0.00s Real=0.01s
[2019-06-24T10:36:15.615+0000][1][safepoint    ] Leaving safepoint region
[2019-06-24T10:36:15.615+0000][1][safepoint    ] Total time for which application threads were stopped: 0.0037746 seconds, Stopping threads took: 0.0001116 seconds
[2019-06-24T10:36:16.615+0000][1][safepoint    ] Application time: 1.0001872 seconds
[2019-06-24T10:36:16.616+0000][1][safepoint    ] Entering safepoint region: Cleanup
[2019-06-24T10:36:16.616+0000][1][safepoint    ] Leaving safepoint region
[2019-06-24T10:36:16.616+0000][1][safepoint    ] Total time for which application threads were stopped: 0.0001822 seconds, Stopping threads took: 0.0000523 seconds
[2019-06-24T10:36:17.616+0000][1][safepoint    ] Application time: 1.0002649 seconds
[2019-06-24T10:36:17.616+0000][1][safepoint    ] Entering safepoint region: Cleanup
[2019-06-24T10:36:17.616+0000][1][safepoint    ] Leaving safepoint region
[2019-06-24T10:36:17.617+0000][1][safepoint    ] Total time for which application threads were stopped: 0.0004137 seconds, Stopping threads took: 0.0001771 seconds
[2019-06-24T10:36:18.617+0000][1][safepoint    ] Application time: 1.0001151 seconds
[2019-06-24T10:36:18.617+0000][1][safepoint    ] Entering safepoint region: Cleanup
[2019-06-24T10:36:18.617+0000][1][safepoint    ] Leaving safepoint region
[2019-06-24T10:36:18.617+0000][1][safepoint    ] Total time for which application threads were stopped: 0.0001356 seconds, Stopping threads took: 0.0000406 seconds
[2019-06-24T10:36:19.617+0000][1][safepoint    ] Application time: 1.0002744 seconds
[2019-06-24T10:36:19.617+0000][1][safepoint    ] Entering safepoint region: Cleanup
[2019-06-24T10:36:19.618+0000][1][safepoint    ] Leaving safepoint region
[2019-06-24T10:36:19.618+0000][1][safepoint    ] Total time for which application threads were stopped: 0.0003953 seconds, Stopping threads took: 0.0001332 seconds
[2019-06-24T10:36:20.618+0000][1][safepoint    ] Application time: 1.0002114 seconds
[2019-06-24T10:36:20.618+0000][1][safepoint    ] Entering safepoint region: Cleanup
[2019-06-24T10:36:20.618+0000][1][safepoint    ] Leaving safepoint region
[2019-06-24T10:36:20.618+0000][1][safepoint    ] Total time for which application threads were stopped: 0.0002803 seconds, Stopping threads took: 0.0000710 seconds
[2019-06-24T10:36:21.619+0000][1][safepoint    ] Application time: 1.0000910 seconds
[2019-06-24T10:36:21.619+0000][1][safepoint    ] Entering safepoint region: Cleanup
[2019-06-24T10:36:21.619+0000][1][safepoint    ] Leaving safepoint region
[2019-06-24T10:36:21.619+0000][1][safepoint    ] Total time for which application threads were stopped: 0.0001363 seconds, Stopping threads took: 0.0000459 seconds
[2019-06-24T10:36:22.619+0000][1][safepoint    ] Application time: 1.0002476 seconds
[2019-06-24T10:36:22.619+0000][1][safepoint    ] Entering safepoint region: Cleanup
[2019-06-24T10:36:22.619+0000][1][safepoint    ] Leaving safepoint region
[2019-06-24T10:36:22.619+0000][1][safepoint    ] Total time for which application threads were stopped: 0.0003650 seconds, Stopping threads took: 0.0001238 seconds
[2019-06-24T10:36:23.620+0000][1][safepoint    ] Application time: 1.0002551 seconds
[2019-06-24T10:36:23.620+0000][1][safepoint    ] Entering safepoint region: Cleanup
[2019-06-24T10:36:23.620+0000][1][safepoint    ] Leaving safepoint region
[2019-06-24T10:36:23.620+0000][1][safepoint    ] Total time for which application threads were stopped: 0.0003051 seconds, Stopping threads took: 0.0001014 seconds
[2019-06-24T10:36:24.620+0000][1][safepoint    ] Application time: 1.0001440 seconds
[2019-06-24T10:36:24.620+0000][1][safepoint    ] Entering safepoint region: Cleanup
[2019-06-24T10:36:24.620+0000][1][safepoint    ] Leaving safepoint region
[2019-06-24T10:36:24.620+0000][1][safepoint    ] Total time for which application threads were stopped: 0.0001224 seconds, Stopping threads took: 0.0000357 seconds
[2019-06-24T10:36:25.656+0000][1][safepoint    ] Application time: 1.0353698 seconds
[2019-06-24T10:36:25.656+0000][1][safepoint    ] Entering safepoint region: Cleanup
[2019-06-24T10:36:25.656+0000][1][safepoint    ] Leaving safepoint region
[2019-06-24T10:36:25.656+0000][1][safepoint    ] Total time for which application threads were stopped: 0.0001985 seconds, Stopping threads took: 0.0000481 seconds
[2019-06-24T10:36:26.656+0000][1][safepoint    ] Application time: 1.0001928 seconds
[2019-06-24T10:36:26.657+0000][1][safepoint    ] Entering safepoint region: Cleanup
[2019-06-24T10:36:26.657+0000][1][safepoint    ] Leaving safepoint region
[2019-06-24T10:36:26.657+0000][1][safepoint    ] Total time for which application threads were stopped: 0.0002432 seconds, Stopping threads took: 0.0000644 seconds
[2019-06-24T10:36:27.657+0000][1][safepoint    ] Application time: 1.0002669 seconds
[2019-06-24T10:36:27.657+0000][1][safepoint    ] Entering safepoint region: Cleanup
[2019-06-24T10:36:27.657+0000][1][safepoint    ] Leaving safepoint region
[2019-06-24T10:36:27.657+0000][1][safepoint    ] Total time for which application threads were stopped: 0.0002870 seconds, Stopping threads took: 0.0000992 seconds
[2019-06-24T10:36:28.658+0000][1][safepoint    ] Application time: 1.0001099 seconds
[2019-06-24T10:36:28.658+0000][1][safepoint    ] Entering safepoint region: Cleanup
[2019-06-24T10:36:28.658+0000][1][safepoint    ] Leaving safepoint region
[2019-06-24T10:36:28.658+0000][1][safepoint    ] Total time for which application threads were stopped: 0.0001024 seconds, Stopping threads took: 0.0000267 seconds
[2019-06-24T10:36:29.658+0000][1][safepoint    ] Application time: 1.0002460 seconds
[2019-06-24T10:36:29.658+0000][1][safepoint    ] Entering safepoint region: Cleanup
[2019-06-24T10:36:29.658+0000][1][safepoint    ] Leaving safepoint region
[2019-06-24T10:36:29.658+0000][1][safepoint    ] Total time for which application threads were stopped: 0.0002453 seconds, Stopping threads took: 0.0000625 seconds
[2019-06-24T10:36:30.659+0000][1][safepoint    ] Application time: 1.0002671 seconds
[2019-06-24T10:36:30.659+0000][1][safepoint    ] Entering safepoint region: Cleanup
[2019-06-24T10:36:30.659+0000][1][safepoint    ] Leaving safepoint region
[2019-06-24T10:36:30.659+0000][1][safepoint    ] Total time for which application threads were stopped: 0.0002719 seconds, Stopping threads took: 0.0000954 seconds
[2019-06-24T10:36:31.659+0000][1][safepoint    ] Application time: 1.0002648 seconds
[2019-06-24T10:36:31.659+0000][1][safepoint    ] Entering safepoint region: Cleanup
[2019-06-24T10:36:31.660+0000][1][safepoint    ] Leaving safepoint region
[2019-06-24T10:36:31.660+0000][1][safepoint    ] Total time for which application threads were stopped: 0.0002485 seconds, Stopping threads took: 0.0000625 seconds
[2019-06-24T10:36:32.660+0000][1][safepoint    ] Application time: 1.0001718 seconds
[2019-06-24T10:36:32.660+0000][1][safepoint    ] Entering safepoint region: Cleanup
[2019-06-24T10:36:32.660+0000][1][safepoint    ] Leaving safepoint region
[2019-06-24T10:36:32.660+0000][1][safepoint    ] Total time for which application threads were stopped: 0.0002346 seconds, Stopping threads took: 0.0000690 seconds
[2019-06-24T10:36:33.661+0000][1][safepoint    ] Application time: 1.0002657 seconds
[2019-06-24T10:36:33.661+0000][1][safepoint    ] Entering safepoint region: Cleanup
[2019-06-24T10:36:33.661+0000][1][safepoint    ] Leaving safepoint region
[2019-06-24T10:36:33.661+0000][1][safepoint    ] Total time for which application threads were stopped: 0.0002494 seconds, Stopping threads took: 0.0000645 seconds
[2019-06-24T10:36:34.661+0000][1][safepoint    ] Application time: 1.0001419 seconds
[2019-06-24T10:36:34.661+0000][1][safepoint    ] Entering safepoint region: Cleanup
[2019-06-24T10:36:34.661+0000][1][safepoint    ] Leaving safepoint region
[2019-06-24T10:36:34.661+0000][1][safepoint    ] Total time for which application threads were stopped: 0.0000845 seconds, Stopping threads took: 0.0000198 seconds
[2019-06-24T10:36:35.661+0000][1][safepoint    ] Application time: 1.0002456 seconds
[2019-06-24T10:36:35.662+0000][1][safepoint    ] Entering safepoint region: Cleanup
[2019-06-24T10:36:35.662+0000][1][safepoint    ] Leaving safepoint region
[2019-06-24T10:36:35.662+0000][1][safepoint    ] Total time for which application threads were stopped: 0.0001752 seconds, Stopping threads took: 0.0000551 seconds
[2019-06-24T10:36:36.662+0000][1][safepoint    ] Application time: 1.0002273 seconds
[2019-06-24T10:36:36.662+0000][1][safepoint    ] Entering safepoint region: Cleanup
[2019-06-24T10:36:36.662+0000][1][safepoint    ] Leaving safepoint region
[2019-06-24T10:36:36.662+0000][1][safepoint    ] Total time for which application threads were stopped: 0.0003062 seconds, Stopping threads took: 0.0001063 seconds
[2019-06-24T10:36:37.663+0000][1][safepoint    ] Application time: 1.0003083 seconds
[2019-06-24T10:36:37.663+0000][1][safepoint    ] Entering safepoint region: Cleanup
[2019-06-24T10:36:37.663+0000][1][safepoint    ] Leaving safepoint region
[2019-06-24T10:36:37.663+0000][1][safepoint    ] Total time for which application threads were stopped: 0.0003655 seconds, Stopping threads took: 0.0001081 seconds
[2019-06-24T10:36:38.663+0000][1][safepoint    ] Application time: 1.0001479 seconds
[2019-06-24T10:36:38.664+0000][1][safepoint    ] Entering safepoint region: Cleanup
[2019-06-24T10:36:38.664+0000][1][safepoint    ] Leaving safepoint region
[2019-06-24T10:36:38.664+0000][1][safepoint    ] Total time for which application threads were stopped: 0.0002919 seconds, Stopping threads took: 0.0000997 seconds
[2019-06-24T10:36:39.664+0000][1][safepoint    ] Application time: 1.0002680 seconds
[2019-06-24T10:36:39.664+0000][1][safepoint    ] Entering safepoint region: Cleanup
[2019-06-24T10:36:39.664+0000][1][safepoint    ] Leaving safepoint region
[2019-06-24T10:36:39.664+0000][1][safepoint    ] Total time for which application threads were stopped: 0.0003182 seconds, Stopping threads took: 0.0001042 seconds
[2019-06-24T10:36:40.665+0000][1][safepoint    ] Application time: 1.0001861 seconds
[2019-06-24T10:36:40.665+0000][1][safepoint    ] Entering safepoint region: Cleanup
[2019-06-24T10:36:40.665+0000][1][safepoint    ] Leaving safepoint region
[2019-06-24T10:36:40.666+0000][1][safepoint    ] Total time for which application threads were stopped: 0.0007236 seconds, Stopping threads took: 0.0000962 seconds
[2019-06-24T10:36:41.666+0000][1][safepoint    ] Application time: 1.0003021 seconds
[2019-06-24T10:36:41.666+0000][1][safepoint    ] Entering safepoint region: Cleanup
[2019-06-24T10:36:41.666+0000][1][safepoint    ] Leaving safepoint region
[2019-06-24T10:36:41.666+0000][1][safepoint    ] Total time for which application threads were stopped: 0.0003563 seconds, Stopping threads took: 0.0001179 seconds
[2019-06-24T10:36:42.667+0000][1][safepoint    ] Application time: 1.0002566 seconds
[2019-06-24T10:36:42.667+0000][1][safepoint    ] Entering safepoint region: Cleanup
[2019-06-24T10:36:42.667+0000][1][safepoint    ] Leaving safepoint region
[2019-06-24T10:36:42.667+0000][1][safepoint    ] Total time for which application threads were stopped: 0.0003032 seconds, Stopping threads took: 0.0000934 seconds
[2019-06-24T10:36:43.667+0000][1][safepoint    ] Application time: 1.0001459 seconds
[2019-06-24T10:36:43.668+0000][1][safepoint    ] Entering safepoint region: Cleanup
[2019-06-24T10:36:43.668+0000][1][safepoint    ] Leaving safepoint region
[2019-06-24T10:36:43.668+0000][1][safepoint    ] Total time for which application threads were stopped: 0.0003164 seconds, Stopping threads took: 0.0000817 seconds
[2019-06-24T10:36:44.668+0000][1][safepoint    ] Application time: 1.0002605 seconds
[2019-06-24T10:36:44.668+0000][1][safepoint    ] Entering safepoint region: Cleanup
[2019-06-24T10:36:44.668+0000][1][safepoint    ] Leaving safepoint region
[2019-06-24T10:36:44.669+0000][1][safepoint    ] Total time for which application threads were stopped: 0.0002276 seconds, Stopping threads took: 0.0000555 seconds
[2019-06-24T10:36:45.669+0000][1][safepoint    ] Application time: 1.0002539 seconds
[2019-06-24T10:36:45.669+0000][1][safepoint    ] Entering safepoint region: Cleanup
[2019-06-24T10:36:45.669+0000][1][safepoint    ] Leaving safepoint region
[2019-06-24T10:36:45.669+0000][1][safepoint    ] Total time for which application threads were stopped: 0.0001963 seconds, Stopping threads took: 0.0000364 seconds
[2019-06-24T10:36:46.669+0000][1][safepoint    ] Application time: 1.0002882 seconds
[2019-06-24T10:36:46.669+0000][1][safepoint    ] Entering safepoint region: Cleanup
[2019-06-24T10:36:46.670+0000][1][safepoint    ] Leaving safepoint region
[2019-06-24T10:36:46.670+0000][1][safepoint    ] Total time for which application threads were stopped: 0.0008186 seconds, Stopping threads took: 0.0000238 seconds
[2019-06-24T10:36:47.670+0000][1][safepoint    ] Application time: 1.0001411 seconds
[2019-06-24T10:36:47.671+0000][1][safepoint    ] Entering safepoint region: Cleanup
[2019-06-24T10:36:47.671+0000][1][safepoint    ] Leaving safepoint region
[2019-06-24T10:36:47.671+0000][1][safepoint    ] Total time for which application threads were stopped: 0.0003728 seconds, Stopping threads took: 0.0000911 seconds
[2019-06-24T10:36:48.671+0000][1][safepoint    ] Application time: 1.0002690 seconds
[2019-06-24T10:36:48.671+0000][1][safepoint    ] Entering safepoint region: Cleanup
[2019-06-24T10:36:48.672+0000][1][safepoint    ] Leaving safepoint region
[2019-06-24T10:36:48.672+0000][1][safepoint    ] Total time for which application threads were stopped: 0.0003288 seconds, Stopping threads took: 0.0000615 seconds
[2019-06-24T10:36:49.672+0000][1][safepoint    ] Application time: 1.0002616 seconds
[2019-06-24T10:36:49.672+0000][1][safepoint    ] Entering safepoint region: Cleanup
[2019-06-24T10:36:49.672+0000][1][safepoint    ] Leaving safepoint region
[2019-06-24T10:36:49.672+0000][1][safepoint    ] Total time for which application threads were stopped: 0.0002205 seconds, Stopping threads took: 0.0000550 seconds
[2019-06-24T10:36:50.673+0000][1][safepoint    ] Application time: 1.0002626 seconds
[2019-06-24T10:36:50.673+0000][1][safepoint    ] Entering safepoint region: Cleanup
[2019-06-24T10:36:50.673+0000][1][safepoint    ] Leaving safepoint region
[2019-06-24T10:36:50.673+0000][1][safepoint    ] Total time for which application threads were stopped: 0.0002868 seconds, Stopping threads took: 0.0000963 seconds
[2019-06-24T10:36:51.673+0000][1][safepoint    ] Application time: 1.0001305 seconds
[2019-06-24T10:36:51.673+0000][1][safepoint    ] Entering safepoint region: Cleanup
[2019-06-24T10:36:51.674+0000][1][safepoint    ] Leaving safepoint region
[2019-06-24T10:36:51.674+0000][1][safepoint    ] Total time for which application threads were stopped: 0.0002507 seconds, Stopping threads took: 0.0000704 seconds
[2019-06-24T10:36:52.674+0000][1][safepoint    ] Application time: 1.0002686 seconds
[2019-06-24T10:36:52.674+0000][1][safepoint    ] Entering safepoint region: Cleanup
[2019-06-24T10:36:52.674+0000][1][safepoint    ] Leaving safepoint region
[2019-06-24T10:36:52.674+0000][1][safepoint    ] Total time for which application threads were stopped: 0.0002529 seconds, Stopping threads took: 0.0000632 seconds
[2019-06-24T10:36:53.675+0000][1][safepoint    ] Application time: 1.0002725 seconds
[2019-06-24T10:36:53.675+0000][1][safepoint    ] Entering safepoint region: Cleanup
[2019-06-24T10:36:53.675+0000][1][safepoint    ] Leaving safepoint region
[2019-06-24T10:36:53.675+0000][1][safepoint    ] Total time for which application threads were stopped: 0.0002530 seconds, Stopping threads took: 0.0000649 seconds
[2019-06-24T10:36:54.675+0000][1][safepoint    ] Application time: 1.0002647 seconds
[2019-06-24T10:36:54.675+0000][1][safepoint    ] Entering safepoint region: Cleanup
[2019-06-24T10:36:54.676+0000][1][safepoint    ] Leaving safepoint region
[2019-06-24T10:36:54.676+0000][1][safepoint    ] Total time for which application threads were stopped: 0.0002909 seconds, Stopping threads took: 0.0000752 seconds
[2019-06-24T10:36:55.676+0000][1][safepoint    ] Application time: 1.0001970 seconds
[2019-06-24T10:36:55.676+0000][1][safepoint    ] Entering safepoint region: Cleanup
[2019-06-24T10:36:55.676+0000][1][safepoint    ] Leaving safepoint region
[2019-06-24T10:36:55.676+0000][1][safepoint    ] Total time for which application threads were stopped: 0.0002564 seconds, Stopping threads took: 0.0000680 seconds
[2019-06-24T10:36:56.677+0000][1][safepoint    ] Application time: 1.0002231 seconds
[2019-06-24T10:36:56.677+0000][1][safepoint    ] Entering safepoint region: Cleanup
[2019-06-24T10:36:56.678+0000][1][safepoint    ] Leaving safepoint region
[2019-06-24T10:36:56.678+0000][1][safepoint    ] Total time for which application threads were stopped: 0.0012171 seconds, Stopping threads took: 0.0009288 seconds
[2019-06-24T10:36:57.678+0000][1][safepoint    ] Application time: 1.0001989 seconds
[2019-06-24T10:36:57.678+0000][1][safepoint    ] Entering safepoint region: Cleanup
[2019-06-24T10:36:57.678+0000][1][safepoint    ] Leaving safepoint region
[2019-06-24T10:36:57.679+0000][1][safepoint    ] Total time for which application threads were stopped: 0.0003417 seconds, Stopping threads took: 0.0000619 seconds
[2019-06-24T10:36:58.679+0000][1][safepoint    ] Application time: 1.0001006 seconds
[2019-06-24T10:36:58.679+0000][1][safepoint    ] Entering safepoint region: Cleanup
[2019-06-24T10:36:58.679+0000][1][safepoint    ] Leaving safepoint region
[2019-06-24T10:36:58.679+0000][1][safepoint    ] Total time for which application threads were stopped: 0.0001110 seconds, Stopping threads took: 0.0000254 seconds
[2019-06-24T10:36:59.679+0000][1][safepoint    ] Application time: 1.0002744 seconds
[2019-06-24T10:36:59.679+0000][1][safepoint    ] Entering safepoint region: Cleanup
[2019-06-24T10:36:59.680+0000][1][safepoint    ] Leaving safepoint region
[2019-06-24T10:36:59.680+0000][1][safepoint    ] Total time for which application threads were stopped: 0.0003090 seconds, Stopping threads took: 0.0000788 seconds
[2019-06-24T10:37:00.680+0000][1][safepoint    ] Application time: 1.0002483 seconds
[2019-06-24T10:37:00.680+0000][1][safepoint    ] Entering safepoint region: Cleanup
[2019-06-24T10:37:00.680+0000][1][safepoint    ] Leaving safepoint region
[2019-06-24T10:37:00.680+0000][1][safepoint    ] Total time for which application threads were stopped: 0.0002465 seconds, Stopping threads took: 0.0000637 seconds
[2019-06-24T10:37:01.681+0000][1][safepoint    ] Application time: 1.0002679 seconds
[2019-06-24T10:37:01.681+0000][1][safepoint    ] Entering safepoint region: Cleanup
[2019-06-24T10:37:01.682+0000][1][safepoint    ] Leaving safepoint region
[2019-06-24T10:37:01.682+0000][1][safepoint    ] Total time for which application threads were stopped: 0.0013145 seconds, Stopping threads took: 0.0010813 seconds
[2019-06-24T10:37:02.682+0000][1][safepoint    ] Application time: 1.0002563 seconds
[2019-06-24T10:37:02.682+0000][1][safepoint    ] Entering safepoint region: Cleanup
[2019-06-24T10:37:02.683+0000][1][safepoint    ] Leaving safepoint region
[2019-06-24T10:37:02.683+0000][1][safepoint    ] Total time for which application threads were stopped: 0.0003281 seconds, Stopping threads took: 0.0000625 seconds
[2019-06-24T10:37:03.683+0000][1][safepoint    ] Application time: 1.0001532 seconds
[2019-06-24T10:37:03.683+0000][1][safepoint    ] Entering safepoint region: Cleanup
[2019-06-24T10:37:03.683+0000][1][safepoint    ] Leaving safepoint region
[2019-06-24T10:37:03.683+0000][1][safepoint    ] Total time for which application threads were stopped: 0.0002623 seconds, Stopping threads took: 0.0000849 seconds
[2019-06-24T10:37:04.684+0000][1][safepoint    ] Application time: 1.0002388 seconds
[2019-06-24T10:37:04.684+0000][1][safepoint    ] Entering safepoint region: Cleanup
[2019-06-24T10:37:04.684+0000][1][safepoint    ] Leaving safepoint region
[2019-06-24T10:37:04.684+0000][1][safepoint    ] Total time for which application threads were stopped: 0.0002474 seconds, Stopping threads took: 0.0000645 seconds
[2019-06-24T10:37:05.684+0000][1][safepoint    ] Application time: 1.0002636 seconds
[2019-06-24T10:37:05.684+0000][1][safepoint    ] Entering safepoint region: Cleanup
[2019-06-24T10:37:05.684+0000][1][safepoint    ] Leaving safepoint region
[2019-06-24T10:37:05.684+0000][1][safepoint    ] Total time for which application threads were stopped: 0.0001696 seconds, Stopping threads took: 0.0000544 seconds
[2019-06-24T10:37:06.685+0000][1][safepoint    ] Application time: 1.0002565 seconds
[2019-06-24T10:37:06.685+0000][1][safepoint    ] Entering safepoint region: Cleanup
[2019-06-24T10:37:06.685+0000][1][safepoint    ] Leaving safepoint region
[2019-06-24T10:37:06.685+0000][1][safepoint    ] Total time for which application threads were stopped: 0.0003216 seconds, Stopping threads took: 0.0001072 seconds
[2019-06-24T10:37:07.685+0000][1][safepoint    ] Application time: 1.0002666 seconds
[2019-06-24T10:37:07.686+0000][1][safepoint    ] Entering safepoint region: Cleanup
[2019-06-24T10:37:07.686+0000][1][safepoint    ] Leaving safepoint region
[2019-06-24T10:37:07.686+0000][1][safepoint    ] Total time for which application threads were stopped: 0.0003169 seconds, Stopping threads took: 0.0000786 seconds
[2019-06-24T10:37:08.686+0000][1][safepoint    ] Application time: 1.0002671 seconds
[2019-06-24T10:37:08.686+0000][1][safepoint    ] Entering safepoint region: Cleanup
[2019-06-24T10:37:08.687+0000][1][safepoint    ] Leaving safepoint region
[2019-06-24T10:37:08.687+0000][1][safepoint    ] Total time for which application threads were stopped: 0.0003181 seconds, Stopping threads took: 0.0000615 seconds
[2019-06-24T10:37:09.687+0000][1][safepoint    ] Application time: 1.0002194 seconds
[2019-06-24T10:37:09.687+0000][1][safepoint    ] Entering safepoint region: Cleanup
[2019-06-24T10:37:09.687+0000][1][safepoint    ] Leaving safepoint region
[2019-06-24T10:37:09.687+0000][1][safepoint    ] Total time for which application threads were stopped: 0.0002850 seconds, Stopping threads took: 0.0000693 seconds
[2019-06-24T10:37:10.687+0000][1][safepoint    ] Application time: 1.0001007 seconds
[2019-06-24T10:37:10.688+0000][1][safepoint    ] Entering safepoint region: Cleanup
[2019-06-24T10:37:10.688+0000][1][safepoint    ] Leaving safepoint region
[2019-06-24T10:37:10.688+0000][1][safepoint    ] Total time for which application threads were stopped: 0.0001013 seconds, Stopping threads took: 0.0000230 seconds
[2019-06-24T10:37:11.688+0000][1][safepoint    ] Application time: 1.0002499 seconds
[2019-06-24T10:37:11.688+0000][1][safepoint    ] Entering safepoint region: Cleanup
[2019-06-24T10:37:11.688+0000][1][safepoint    ] Leaving safepoint region
[2019-06-24T10:37:11.688+0000][1][safepoint    ] Total time for which application threads were stopped: 0.0002479 seconds, Stopping threads took: 0.0000717 seconds
[2019-06-24T10:37:12.688+0000][1][safepoint    ] Application time: 1.0001738 seconds
[2019-06-24T10:37:12.689+0000][1][safepoint    ] Entering safepoint region: Cleanup
[2019-06-24T10:37:12.689+0000][1][safepoint    ] Leaving safepoint region
[2019-06-24T10:37:12.689+0000][1][safepoint    ] Total time for which application threads were stopped: 0.0002774 seconds, Stopping threads took: 0.0000639 seconds
[2019-06-24T10:37:13.689+0000][1][safepoint    ] Application time: 1.0002651 seconds
[2019-06-24T10:37:13.689+0000][1][safepoint    ] Entering safepoint region: Cleanup
[2019-06-24T10:37:13.689+0000][1][safepoint    ] Leaving safepoint region
[2019-06-24T10:37:13.689+0000][1][safepoint    ] Total time for which application threads were stopped: 0.0002416 seconds, Stopping threads took: 0.0000609 seconds
[2019-06-24T10:37:14.690+0000][1][safepoint    ] Application time: 1.0002792 seconds
[2019-06-24T10:37:14.690+0000][1][safepoint    ] Entering safepoint region: Cleanup
[2019-06-24T10:37:14.690+0000][1][safepoint    ] Leaving safepoint region
[2019-06-24T10:37:14.690+0000][1][safepoint    ] Total time for which application threads were stopped: 0.0002448 seconds, Stopping threads took: 0.0000615 seconds
[2019-06-24T10:37:15.690+0000][1][safepoint    ] Application time: 1.0002626 seconds
[2019-06-24T10:37:15.691+0000][1][safepoint    ] Entering safepoint region: Cleanup
[2019-06-24T10:37:15.691+0000][1][safepoint    ] Leaving safepoint region
[2019-06-24T10:37:15.691+0000][1][safepoint    ] Total time for which application threads were stopped: 0.0002393 seconds, Stopping threads took: 0.0000659 seconds
[2019-06-24T10:37:16.691+0000][1][safepoint    ] Application time: 1.0001109 seconds
[2019-06-24T10:37:16.691+0000][1][safepoint    ] Entering safepoint region: Cleanup
[2019-06-24T10:37:16.691+0000][1][safepoint    ] Leaving safepoint region
[2019-06-24T10:37:16.691+0000][1][safepoint    ] Total time for which application threads were stopped: 0.0001963 seconds, Stopping threads took: 0.0000687 seconds
[2019-06-24T10:37:17.692+0000][1][safepoint    ] Application time: 1.0002342 seconds
[2019-06-24T10:37:17.692+0000][1][safepoint    ] Entering safepoint region: Cleanup
[2019-06-24T10:37:17.693+0000][1][safepoint    ] Leaving safepoint region
[2019-06-24T10:37:17.693+0000][1][safepoint    ] Total time for which application threads were stopped: 0.0012483 seconds, Stopping threads took: 0.0009929 seconds
[2019-06-24T10:37:18.693+0000][1][safepoint    ] Application time: 1.0002621 seconds
[2019-06-24T10:37:18.693+0000][1][safepoint    ] Entering safepoint region: Cleanup
[2019-06-24T10:37:18.694+0000][1][safepoint    ] Leaving safepoint region
[2019-06-24T10:37:18.694+0000][1][safepoint    ] Total time for which application threads were stopped: 0.0003180 seconds, Stopping threads took: 0.0000623 seconds
[2019-06-24T10:37:19.694+0000][1][safepoint    ] Application time: 1.0002695 seconds
[2019-06-24T10:37:19.694+0000][1][safepoint    ] Entering safepoint region: Cleanup
[2019-06-24T10:37:19.694+0000][1][safepoint    ] Leaving safepoint region
[2019-06-24T10:37:19.694+0000][1][safepoint    ] Total time for which application threads were stopped: 0.0003212 seconds, Stopping threads took: 0.0000632 seconds
[2019-06-24T10:37:20.695+0000][1][safepoint    ] Application time: 1.0002464 seconds
[2019-06-24T10:37:20.695+0000][1][safepoint    ] Entering safepoint region: Cleanup
[2019-06-24T10:37:20.695+0000][1][safepoint    ] Leaving safepoint region
[2019-06-24T10:37:20.695+0000][1][safepoint    ] Total time for which application threads were stopped: 0.0003166 seconds, Stopping threads took: 0.0000623 seconds
[2019-06-24T10:37:21.695+0000][1][safepoint    ] Application time: 1.0002470 seconds
[2019-06-24T10:37:21.696+0000][1][safepoint    ] Entering safepoint region: Cleanup
[2019-06-24T10:37:21.696+0000][1][safepoint    ] Leaving safepoint region
[2019-06-24T10:37:21.696+0000][1][safepoint    ] Total time for which application threads were stopped: 0.0002803 seconds, Stopping threads took: 0.0000632 seconds
[2019-06-24T10:37:22.827+0000][1][safepoint    ] Application time: 1.1315363 seconds
[2019-06-24T10:37:22.827+0000][1][safepoint    ] Entering safepoint region: Cleanup
[2019-06-24T10:37:22.828+0000][1][safepoint    ] Leaving safepoint region
[2019-06-24T10:37:22.828+0000][1][safepoint    ] Total time for which application threads were stopped: 0.0002600 seconds, Stopping threads took: 0.0000735 seconds
[2019-06-24T10:37:23.828+0000][1][safepoint    ] Application time: 1.0002240 seconds
[2019-06-24T10:37:23.828+0000][1][safepoint    ] Entering safepoint region: Cleanup
[2019-06-24T10:37:23.828+0000][1][safepoint    ] Leaving safepoint region
[2019-06-24T10:37:23.828+0000][1][safepoint    ] Total time for which application threads were stopped: 0.0002611 seconds, Stopping threads took: 0.0000768 seconds
[2019-06-24T10:37:24.829+0000][1][safepoint    ] Application time: 1.0002228 seconds
[2019-06-24T10:37:24.829+0000][1][safepoint    ] Entering safepoint region: Cleanup
[2019-06-24T10:37:24.829+0000][1][safepoint    ] Leaving safepoint region
[2019-06-24T10:37:24.829+0000][1][safepoint    ] Total time for which application threads were stopped: 0.0002114 seconds, Stopping threads took: 0.0000544 seconds
[2019-06-24T10:37:25.829+0000][1][safepoint    ] Application time: 1.0001931 seconds
[2019-06-24T10:37:25.829+0000][1][safepoint    ] Entering safepoint region: Cleanup
[2019-06-24T10:37:25.829+0000][1][safepoint    ] Leaving safepoint region
[2019-06-24T10:37:25.829+0000][1][safepoint    ] Total time for which application threads were stopped: 0.0002383 seconds, Stopping threads took: 0.0000618 seconds
[2019-06-24T10:37:26.830+0000][1][safepoint    ] Application time: 1.0002719 seconds
[2019-06-24T10:37:26.830+0000][1][safepoint    ] Entering safepoint region: Cleanup
[2019-06-24T10:37:26.830+0000][1][safepoint    ] Leaving safepoint region
[2019-06-24T10:37:26.830+0000][1][safepoint    ] Total time for which application threads were stopped: 0.0002444 seconds, Stopping threads took: 0.0000634 seconds
[2019-06-24T10:37:27.830+0000][1][safepoint    ] Application time: 1.0002570 seconds
[2019-06-24T10:37:27.831+0000][1][safepoint    ] Entering safepoint region: Cleanup
[2019-06-24T10:37:27.832+0000][1][safepoint    ] Leaving safepoint region
[2019-06-24T10:37:27.832+0000][1][safepoint    ] Total time for which application threads were stopped: 0.0011639 seconds, Stopping threads took: 0.0009352 seconds
[2019-06-24T10:37:28.832+0000][1][safepoint    ] Application time: 1.0002272 seconds
[2019-06-24T10:37:28.832+0000][1][safepoint    ] Entering safepoint region: Cleanup
[2019-06-24T10:37:28.832+0000][1][safepoint    ] Leaving safepoint region
[2019-06-24T10:37:28.832+0000][1][safepoint    ] Total time for which application threads were stopped: 0.0002414 seconds, Stopping threads took: 0.0000622 seconds
[2019-06-24T10:37:29.833+0000][1][safepoint    ] Application time: 1.0001568 seconds
[2019-06-24T10:37:29.833+0000][1][safepoint    ] Entering safepoint region: Cleanup
[2019-06-24T10:37:29.833+0000][1][safepoint    ] Leaving safepoint region
[2019-06-24T10:37:29.833+0000][1][safepoint    ] Total time for which application threads were stopped: 0.0003405 seconds, Stopping threads took: 0.0000809 seconds
[2019-06-24T10:37:30.833+0000][1][safepoint    ] Application time: 1.0002008 seconds
[2019-06-24T10:37:30.833+0000][1][safepoint    ] Entering safepoint region: Cleanup
[2019-06-24T10:37:30.834+0000][1][safepoint    ] Leaving safepoint region
[2019-06-24T10:37:30.834+0000][1][safepoint    ] Total time for which application threads were stopped: 0.0003338 seconds, Stopping threads took: 0.0000805 seconds
[2019-06-24T10:37:31.834+0000][1][safepoint    ] Application time: 1.0001440 seconds
[2019-06-24T10:37:31.834+0000][1][safepoint    ] Entering safepoint region: Cleanup
[2019-06-24T10:37:31.834+0000][1][safepoint    ] Leaving safepoint region
[2019-06-24T10:37:31.834+0000][1][safepoint    ] Total time for which application threads were stopped: 0.0000861 seconds, Stopping threads took: 0.0000222 seconds
[2019-06-24T10:37:32.834+0000][1][safepoint    ] Application time: 1.0002231 seconds
[2019-06-24T10:37:32.834+0000][1][safepoint    ] Entering safepoint region: Cleanup
[2019-06-24T10:37:32.836+0000][1][safepoint    ] Leaving safepoint region
[2019-06-24T10:37:32.836+0000][1][safepoint    ] Total time for which application threads were stopped: 0.0013000 seconds, Stopping threads took: 0.0010521 seconds
[2019-06-24T10:37:33.836+0000][1][safepoint    ] Application time: 1.0001089 seconds
[2019-06-24T10:37:33.836+0000][1][safepoint    ] Entering safepoint region: Cleanup
[2019-06-24T10:37:33.836+0000][1][safepoint    ] Leaving safepoint region
[2019-06-24T10:37:33.836+0000][1][safepoint    ] Total time for which application threads were stopped: 0.0001091 seconds, Stopping threads took: 0.0000282 seconds
[2019-06-24T10:37:34.836+0000][1][safepoint    ] Application time: 1.0002508 seconds
[2019-06-24T10:37:34.836+0000][1][safepoint    ] Entering safepoint region: Cleanup
[2019-06-24T10:37:34.837+0000][1][safepoint    ] Leaving safepoint region
[2019-06-24T10:37:34.837+0000][1][safepoint    ] Total time for which application threads were stopped: 0.0002517 seconds, Stopping threads took: 0.0000650 seconds
[2019-06-24T10:37:35.837+0000][1][safepoint    ] Application time: 1.0002591 seconds
[2019-06-24T10:37:35.837+0000][1][safepoint    ] Entering safepoint region: Cleanup
[2019-06-24T10:37:35.837+0000][1][safepoint    ] Leaving safepoint region
[2019-06-24T10:37:35.837+0000][1][safepoint    ] Total time for which application threads were stopped: 0.0002524 seconds, Stopping threads took: 0.0000664 seconds
[2019-06-24T10:37:36.838+0000][1][safepoint    ] Application time: 1.0001893 seconds
[2019-06-24T10:37:36.838+0000][1][safepoint    ] Entering safepoint region: Cleanup
[2019-06-24T10:37:36.838+0000][1][safepoint    ] Leaving safepoint region
[2019-06-24T10:37:36.838+0000][1][safepoint    ] Total time for which application threads were stopped: 0.0002451 seconds, Stopping threads took: 0.0000634 seconds
[2019-06-24T10:37:37.838+0000][1][safepoint    ] Application time: 1.0001471 seconds
[2019-06-24T10:37:37.838+0000][1][safepoint    ] Entering safepoint region: Cleanup
[2019-06-24T10:37:37.839+0000][1][safepoint    ] Leaving safepoint region
[2019-06-24T10:37:37.839+0000][1][safepoint    ] Total time for which application threads were stopped: 0.0008299 seconds, Stopping threads took: 0.0007357 seconds
[2019-06-24T10:37:38.839+0000][1][safepoint    ] Application time: 1.0002587 seconds
[2019-06-24T10:37:38.839+0000][1][safepoint    ] Entering safepoint region: Cleanup
[2019-06-24T10:37:38.840+0000][1][safepoint    ] Leaving safepoint region
[2019-06-24T10:37:38.840+0000][1][safepoint    ] Total time for which application threads were stopped: 0.0002468 seconds, Stopping threads took: 0.0000621 seconds
[2019-06-24T10:37:39.840+0000][1][safepoint    ] Application time: 1.0002724 seconds
[2019-06-24T10:37:39.840+0000][1][safepoint    ] Entering safepoint region: Cleanup
[2019-06-24T10:37:39.840+0000][1][safepoint    ] Leaving safepoint region
[2019-06-24T10:37:39.840+0000][1][safepoint    ] Total time for which application threads were stopped: 0.0002471 seconds, Stopping threads took: 0.0000621 seconds
[2019-06-24T10:37:40.841+0000][1][safepoint    ] Application time: 1.0002628 seconds
[2019-06-24T10:37:40.841+0000][1][safepoint    ] Entering safepoint region: Cleanup
[2019-06-24T10:37:40.841+0000][1][safepoint    ] Leaving safepoint region
[2019-06-24T10:37:40.841+0000][1][safepoint    ] Total time for which application threads were stopped: 0.0002470 seconds, Stopping threads took: 0.0000633 seconds
[2019-06-24T10:37:41.841+0000][1][safepoint    ] Application time: 1.0001994 seconds
[2019-06-24T10:37:41.841+0000][1][safepoint    ] Entering safepoint region: Cleanup
[2019-06-24T10:37:41.841+0000][1][safepoint    ] Leaving safepoint region
[2019-06-24T10:37:41.841+0000][1][safepoint    ] Total time for which application threads were stopped: 0.0002469 seconds, Stopping threads took: 0.0000616 seconds
[2019-06-24T10:37:42.842+0000][1][safepoint    ] Application time: 1.0003010 seconds
[2019-06-24T10:37:42.842+0000][1][safepoint    ] Entering safepoint region: Cleanup
[2019-06-24T10:37:42.843+0000][1][safepoint    ] Leaving safepoint region
[2019-06-24T10:37:42.843+0000][1][safepoint    ] Total time for which application threads were stopped: 0.0009064 seconds, Stopping threads took: 0.0007686 seconds
[2019-06-24T10:37:43.843+0000][1][safepoint    ] Application time: 1.0001229 seconds
[2019-06-24T10:37:43.843+0000][1][safepoint    ] Entering safepoint region: Cleanup
[2019-06-24T10:37:43.843+0000][1][safepoint    ] Leaving safepoint region
[2019-06-24T10:37:43.843+0000][1][safepoint    ] Total time for which application threads were stopped: 0.0000933 seconds, Stopping threads took: 0.0000216 seconds
[2019-06-24T10:37:44.843+0000][1][safepoint    ] Application time: 1.0001556 seconds
[2019-06-24T10:37:44.843+0000][1][safepoint    ] Entering safepoint region: Cleanup
[2019-06-24T10:37:44.844+0000][1][safepoint    ] Leaving safepoint region
[2019-06-24T10:37:44.844+0000][1][safepoint    ] Total time for which application threads were stopped: 0.0002898 seconds, Stopping threads took: 0.0000634 seconds
[2019-06-24T10:37:45.844+0000][1][safepoint    ] Application time: 1.0002039 seconds
[2019-06-24T10:37:45.844+0000][1][safepoint    ] Entering safepoint region: Cleanup
[2019-06-24T10:37:45.844+0000][1][safepoint    ] Leaving safepoint region
[2019-06-24T10:37:45.844+0000][1][safepoint    ] Total time for which application threads were stopped: 0.0002930 seconds, Stopping threads took: 0.0000651 seconds
[2019-06-24T10:37:46.849+0000][1][safepoint    ] Application time: 1.0045500 seconds
[2019-06-24T10:37:46.849+0000][1][safepoint    ] Entering safepoint region: Cleanup
[2019-06-24T10:37:46.849+0000][1][safepoint    ] Leaving safepoint region
[2019-06-24T10:37:46.849+0000][1][safepoint    ] Total time for which application threads were stopped: 0.0001398 seconds, Stopping threads took: 0.0000344 seconds
[2019-06-24T10:37:47.849+0000][1][safepoint    ] Application time: 1.0002591 seconds
[2019-06-24T10:37:47.850+0000][1][safepoint    ] Entering safepoint region: Cleanup
[2019-06-24T10:37:47.851+0000][1][safepoint    ] Leaving safepoint region
[2019-06-24T10:37:47.851+0000][1][safepoint    ] Total time for which application threads were stopped: 0.0013188 seconds, Stopping threads took: 0.0009431 seconds
[2019-06-24T10:37:48.851+0000][1][safepoint    ] Application time: 1.0001313 seconds
[2019-06-24T10:37:48.851+0000][1][safepoint    ] Entering safepoint region: Cleanup
[2019-06-24T10:37:48.851+0000][1][safepoint    ] Leaving safepoint region
[2019-06-24T10:37:48.851+0000][1][safepoint    ] Total time for which application threads were stopped: 0.0002493 seconds, Stopping threads took: 0.0000541 seconds
[2019-06-24T10:37:49.852+0000][1][safepoint    ] Application time: 1.0002742 seconds
[2019-06-24T10:37:49.852+0000][1][safepoint    ] Entering safepoint region: Cleanup
[2019-06-24T10:37:49.852+0000][1][safepoint    ] Leaving safepoint region
[2019-06-24T10:37:49.852+0000][1][safepoint    ] Total time for which application threads were stopped: 0.0003169 seconds, Stopping threads took: 0.0000622 seconds
[2019-06-24T10:37:50.852+0000][1][safepoint    ] Application time: 1.0002569 seconds
[2019-06-24T10:37:50.853+0000][1][safepoint    ] Entering safepoint region: Cleanup
[2019-06-24T10:37:50.853+0000][1][safepoint    ] Leaving safepoint region
[2019-06-24T10:37:50.853+0000][1][safepoint    ] Total time for which application threads were stopped: 0.0003347 seconds, Stopping threads took: 0.0000621 seconds
[2019-06-24T10:37:51.853+0000][1][safepoint    ] Application time: 1.0002609 seconds
[2019-06-24T10:37:51.853+0000][1][safepoint    ] Entering safepoint region: Cleanup
[2019-06-24T10:37:51.854+0000][1][safepoint    ] Leaving safepoint region
[2019-06-24T10:37:51.854+0000][1][safepoint    ] Total time for which application threads were stopped: 0.0003178 seconds, Stopping threads took: 0.0000621 seconds
[2019-06-24T10:37:52.854+0000][1][safepoint    ] Application time: 1.0002727 seconds
[2019-06-24T10:37:52.854+0000][1][safepoint    ] Entering safepoint region: Cleanup
[2019-06-24T10:37:52.855+0000][1][safepoint    ] Leaving safepoint region
[2019-06-24T10:37:52.855+0000][1][safepoint    ] Total time for which application threads were stopped: 0.0012670 seconds, Stopping threads took: 0.0009157 seconds
[2019-06-24T10:37:53.856+0000][1][safepoint    ] Application time: 1.0002610 seconds
[2019-06-24T10:37:53.856+0000][1][safepoint    ] Entering safepoint region: Cleanup
[2019-06-24T10:37:53.856+0000][1][safepoint    ] Leaving safepoint region
[2019-06-24T10:37:53.856+0000][1][safepoint    ] Total time for which application threads were stopped: 0.0002890 seconds, Stopping threads took: 0.0000675 seconds
[2019-06-24T10:37:54.856+0000][1][safepoint    ] Application time: 1.0002505 seconds
[2019-06-24T10:37:54.856+0000][1][safepoint    ] Entering safepoint region: Cleanup
[2019-06-24T10:37:54.857+0000][1][safepoint    ] Leaving safepoint region
[2019-06-24T10:37:54.857+0000][1][safepoint    ] Total time for which application threads were stopped: 0.0003257 seconds, Stopping threads took: 0.0001043 seconds
[2019-06-24T10:37:55.857+0000][1][safepoint    ] Application time: 1.0002706 seconds
[2019-06-24T10:37:55.857+0000][1][safepoint    ] Entering safepoint region: Cleanup
[2019-06-24T10:37:55.858+0000][1][safepoint    ] Leaving safepoint region
[2019-06-24T10:37:55.858+0000][1][safepoint    ] Total time for which application threads were stopped: 0.0004843 seconds, Stopping threads took: 0.0000645 seconds
[2019-06-24T10:37:56.858+0000][1][safepoint    ] Application time: 1.0001484 seconds
[2019-06-24T10:37:56.858+0000][1][safepoint    ] Entering safepoint region: Cleanup
[2019-06-24T10:37:56.858+0000][1][safepoint    ] Leaving safepoint region
[2019-06-24T10:37:56.858+0000][1][safepoint    ] Total time for which application threads were stopped: 0.0000914 seconds, Stopping threads took: 0.0000233 seconds
[2019-06-24T10:37:57.858+0000][1][safepoint    ] Application time: 1.0001374 seconds
[2019-06-24T10:37:57.858+0000][1][safepoint    ] Entering safepoint region: Cleanup
[2019-06-24T10:37:57.858+0000][1][safepoint    ] Leaving safepoint region
[2019-06-24T10:37:57.858+0000][1][safepoint    ] Total time for which application threads were stopped: 0.0001397 seconds, Stopping threads took: 0.0000447 seconds
[2019-06-24T10:37:58.859+0000][1][safepoint    ] Application time: 1.0002303 seconds
[2019-06-24T10:37:58.859+0000][1][safepoint    ] Entering safepoint region: Cleanup
[2019-06-24T10:37:58.859+0000][1][safepoint    ] Leaving safepoint region
[2019-06-24T10:37:58.859+0000][1][safepoint    ] Total time for which application threads were stopped: 0.0002749 seconds, Stopping threads took: 0.0000759 seconds
[2019-06-24T10:37:59.859+0000][1][safepoint    ] Application time: 1.0002523 seconds
[2019-06-24T10:37:59.859+0000][1][safepoint    ] Entering safepoint region: Cleanup
[2019-06-24T10:37:59.860+0000][1][safepoint    ] Leaving safepoint region
[2019-06-24T10:37:59.860+0000][1][safepoint    ] Total time for which application threads were stopped: 0.0002937 seconds, Stopping threads took: 0.0000816 seconds
[2019-06-24T10:38:00.860+0000][1][safepoint    ] Application time: 1.0001677 seconds
[2019-06-24T10:38:00.860+0000][1][safepoint    ] Entering safepoint region: Cleanup
[2019-06-24T10:38:00.860+0000][1][safepoint    ] Leaving safepoint region
[2019-06-24T10:38:00.860+0000][1][safepoint    ] Total time for which application threads were stopped: 0.0002060 seconds, Stopping threads took: 0.0000679 seconds
[2019-06-24T10:38:01.860+0000][1][safepoint    ] Application time: 1.0002361 seconds
[2019-06-24T10:38:01.861+0000][1][safepoint    ] Entering safepoint region: Cleanup
[2019-06-24T10:38:01.861+0000][1][safepoint    ] Leaving safepoint region
[2019-06-24T10:38:01.861+0000][1][safepoint    ] Total time for which application threads were stopped: 0.0002439 seconds, Stopping threads took: 0.0000642 seconds
[2019-06-24T10:38:03.349+0000][1][safepoint    ] Application time: 1.4877767 seconds
[2019-06-24T10:38:03.349+0000][1][safepoint    ] Entering safepoint region: Cleanup
[2019-06-24T10:38:03.349+0000][1][safepoint    ] Leaving safepoint region
[2019-06-24T10:38:03.349+0000][1][safepoint    ] Total time for which application threads were stopped: 0.0003582 seconds, Stopping threads took: 0.0001198 seconds
[2019-06-24T10:38:04.349+0000][1][safepoint    ] Application time: 1.0001575 seconds
[2019-06-24T10:38:04.349+0000][1][safepoint    ] Entering safepoint region: Cleanup
[2019-06-24T10:38:04.350+0000][1][safepoint    ] Leaving safepoint region
[2019-06-24T10:38:04.350+0000][1][safepoint    ] Total time for which application threads were stopped: 0.0002409 seconds, Stopping threads took: 0.0000656 seconds
[2019-06-24T10:38:05.350+0000][1][safepoint    ] Application time: 1.0002544 seconds
[2019-06-24T10:38:05.350+0000][1][safepoint    ] Entering safepoint region: Cleanup
[2019-06-24T10:38:05.350+0000][1][safepoint    ] Leaving safepoint region
[2019-06-24T10:38:05.350+0000][1][safepoint    ] Total time for which application threads were stopped: 0.0002464 seconds, Stopping threads took: 0.0000673 seconds
[2019-06-24T10:38:06.351+0000][1][safepoint    ] Application time: 1.0002648 seconds
[2019-06-24T10:38:06.351+0000][1][safepoint    ] Entering safepoint region: Cleanup
[2019-06-24T10:38:06.351+0000][1][safepoint    ] Leaving safepoint region
[2019-06-24T10:38:06.351+0000][1][safepoint    ] Total time for which application threads were stopped: 0.0002112 seconds, Stopping threads took: 0.0000583 seconds
[2019-06-24T10:38:07.351+0000][1][safepoint    ] Application time: 1.0001575 seconds
[2019-06-24T10:38:07.351+0000][1][safepoint    ] Entering safepoint region: Cleanup
[2019-06-24T10:38:07.351+0000][1][safepoint    ] Leaving safepoint region
[2019-06-24T10:38:07.351+0000][1][safepoint    ] Total time for which application threads were stopped: 0.0001279 seconds, Stopping threads took: 0.0000345 seconds
[2019-06-24T10:38:08.351+0000][1][safepoint    ] Application time: 1.0002581 seconds
[2019-06-24T10:38:08.352+0000][1][safepoint    ] Entering safepoint region: Cleanup
[2019-06-24T10:38:08.352+0000][1][safepoint    ] Leaving safepoint region
[2019-06-24T10:38:08.352+0000][1][safepoint    ] Total time for which application threads were stopped: 0.0002515 seconds, Stopping threads took: 0.0000650 seconds
[2019-06-24T10:38:09.352+0000][1][safepoint    ] Application time: 1.0002734 seconds
[2019-06-24T10:38:09.352+0000][1][safepoint    ] Entering safepoint region: Cleanup
[2019-06-24T10:38:09.353+0000][1][safepoint    ] Leaving safepoint region
[2019-06-24T10:38:09.353+0000][1][safepoint    ] Total time for which application threads were stopped: 0.0002501 seconds, Stopping threads took: 0.0000668 seconds
[2019-06-24T10:38:10.353+0000][1][safepoint    ] Application time: 1.0002794 seconds
[2019-06-24T10:38:10.353+0000][1][safepoint    ] Entering safepoint region: Cleanup
[2019-06-24T10:38:10.353+0000][1][safepoint    ] Leaving safepoint region
[2019-06-24T10:38:10.353+0000][1][safepoint    ] Total time for which application threads were stopped: 0.0003029 seconds, Stopping threads took: 0.0000645 seconds
[2019-06-24T10:38:11.354+0000][1][safepoint    ] Application time: 1.0002731 seconds
[2019-06-24T10:38:11.354+0000][1][safepoint    ] Entering safepoint region: Cleanup
[2019-06-24T10:38:11.354+0000][1][safepoint    ] Leaving safepoint region
[2019-06-24T10:38:11.354+0000][1][safepoint    ] Total time for which application threads were stopped: 0.0002486 seconds, Stopping threads took: 0.0000649 seconds
[2019-06-24T10:38:12.354+0000][1][safepoint    ] Application time: 1.0002684 seconds
[2019-06-24T10:38:12.354+0000][1][safepoint    ] Entering safepoint region: Cleanup
[2019-06-24T10:38:12.355+0000][1][safepoint    ] Leaving safepoint region
[2019-06-24T10:38:12.355+0000][1][safepoint    ] Total time for which application threads were stopped: 0.0003241 seconds, Stopping threads took: 0.0000628 seconds
[2019-06-24T10:38:13.355+0000][1][safepoint    ] Application time: 1.0001816 seconds
[2019-06-24T10:38:13.355+0000][1][safepoint    ] Entering safepoint region: Cleanup
[2019-06-24T10:38:13.355+0000][1][safepoint    ] Leaving safepoint region
[2019-06-24T10:38:13.355+0000][1][safepoint    ] Total time for which application threads were stopped: 0.0002360 seconds, Stopping threads took: 0.0000651 seconds
[2019-06-24T10:38:14.356+0000][1][safepoint    ] Application time: 1.0002458 seconds
[2019-06-24T10:38:14.356+0000][1][safepoint    ] Entering safepoint region: Cleanup
[2019-06-24T10:38:14.356+0000][1][safepoint    ] Leaving safepoint region
[2019-06-24T10:38:14.356+0000][1][safepoint    ] Total time for which application threads were stopped: 0.0001110 seconds, Stopping threads took: 0.0000283 seconds
[2019-06-24T10:38:15.356+0000][1][safepoint    ] Application time: 1.0001039 seconds
[2019-06-24T10:38:15.356+0000][1][safepoint    ] Entering safepoint region: Cleanup
[2019-06-24T10:38:15.356+0000][1][safepoint    ] Leaving safepoint region
[2019-06-24T10:38:15.356+0000][1][safepoint    ] Total time for which application threads were stopped: 0.0001741 seconds, Stopping threads took: 0.0000443 seconds
[2019-06-24T10:38:16.356+0000][1][safepoint    ] Application time: 1.0002625 seconds
[2019-06-24T10:38:16.357+0000][1][safepoint    ] Entering safepoint region: Cleanup
[2019-06-24T10:38:16.357+0000][1][safepoint    ] Leaving safepoint region
[2019-06-24T10:38:16.357+0000][1][safepoint    ] Total time for which application threads were stopped: 0.0003076 seconds, Stopping threads took: 0.0000805 seconds
[2019-06-24T10:38:17.357+0000][1][safepoint    ] Application time: 1.0002200 seconds
[2019-06-24T10:38:17.357+0000][1][safepoint    ] Entering safepoint region: Cleanup
[2019-06-24T10:38:17.357+0000][1][safepoint    ] Leaving safepoint region
[2019-06-24T10:38:17.357+0000][1][safepoint    ] Total time for which application threads were stopped: 0.0002404 seconds, Stopping threads took: 0.0000617 seconds
[2019-06-24T10:38:18.358+0000][1][safepoint    ] Application time: 1.0002609 seconds
[2019-06-24T10:38:18.358+0000][1][safepoint    ] Entering safepoint region: Cleanup
[2019-06-24T10:38:18.358+0000][1][safepoint    ] Leaving safepoint region
[2019-06-24T10:38:18.358+0000][1][safepoint    ] Total time for which application threads were stopped: 0.0002426 seconds, Stopping threads took: 0.0000645 seconds
[2019-06-24T10:38:19.358+0000][1][safepoint    ] Application time: 1.0002724 seconds
[2019-06-24T10:38:19.359+0000][1][safepoint    ] Entering safepoint region: Cleanup
[2019-06-24T10:38:19.359+0000][1][safepoint    ] Leaving safepoint region
[2019-06-24T10:38:19.359+0000][1][safepoint    ] Total time for which application threads were stopped: 0.0002588 seconds, Stopping threads took: 0.0000733 seconds
[2019-06-24T10:38:20.359+0000][1][safepoint    ] Application time: 1.0002661 seconds
[2019-06-24T10:38:20.359+0000][1][safepoint    ] Entering safepoint region: Cleanup
[2019-06-24T10:38:20.359+0000][1][safepoint    ] Leaving safepoint region
[2019-06-24T10:38:20.360+0000][1][safepoint    ] Total time for which application threads were stopped: 0.0003234 seconds, Stopping threads took: 0.0001082 seconds
[2019-06-24T10:38:20.755+0000][1][safepoint    ] Application time: 0.3952702 seconds
[2019-06-24T10:38:20.755+0000][1][safepoint    ] Entering safepoint region: GenCollectForAllocation
[2019-06-24T10:38:20.755+0000][1][gc,start     ] GC(34) Pause Young (Allocation Failure)
[2019-06-24T10:38:20.755+0000][1][gc,task      ] GC(34) Using 5 workers of 8 for evacuation
[2019-06-24T10:38:20.757+0000][1][gc,age       ] GC(34) Desired survivor size 4456448 bytes, new threshold 6 (max threshold 6)
[2019-06-24T10:38:20.757+0000][1][gc,age       ] GC(34) Age table with threshold 6 (max threshold 6)
[2019-06-24T10:38:20.757+0000][1][gc,age       ] GC(34) - age   1:       3776 bytes,       3776 total
[2019-06-24T10:38:20.757+0000][1][gc,age       ] GC(34) - age   2:        280 bytes,       4056 total
[2019-06-24T10:38:20.757+0000][1][gc,age       ] GC(34) - age   3:       1280 bytes,       5336 total
[2019-06-24T10:38:20.757+0000][1][gc,age       ] GC(34) - age   4:        408 bytes,       5744 total
[2019-06-24T10:38:20.757+0000][1][gc,age       ] GC(34) - age   5:       1760 bytes,       7504 total
[2019-06-24T10:38:20.757+0000][1][gc,age       ] GC(34) - age   6:       5720 bytes,      13224 total
[2019-06-24T10:38:20.757+0000][1][gc,heap      ] GC(34) ParNew: 69972K->20K(78656K)
[2019-06-24T10:38:20.757+0000][1][gc,heap      ] GC(34) CMS: 69531K->69532K(174784K)
[2019-06-24T10:38:20.757+0000][1][gc,metaspace ] GC(34) Metaspace: 66990K->66990K(1110016K)
[2019-06-24T10:38:20.757+0000][1][gc           ] GC(34) Pause Young (Allocation Failure) 136M->67M(247M) 1.837ms
[2019-06-24T10:38:20.757+0000][1][gc,cpu       ] GC(34) User=0.01s Sys=0.00s Real=0.00s
[2019-06-24T10:38:20.757+0000][1][safepoint    ] Leaving safepoint region
[2019-06-24T10:38:20.757+0000][1][safepoint    ] Total time for which application threads were stopped: 0.0021406 seconds, Stopping threads took: 0.0000492 seconds
[2019-06-24T10:38:21.757+0000][1][safepoint    ] Application time: 1.0002241 seconds
[2019-06-24T10:38:21.757+0000][1][safepoint    ] Entering safepoint region: Cleanup
[2019-06-24T10:38:21.758+0000][1][safepoint    ] Leaving safepoint region
[2019-06-24T10:38:21.758+0000][1][safepoint    ] Total time for which application threads were stopped: 0.0002772 seconds, Stopping threads took: 0.0000833 seconds
[2019-06-24T10:38:22.758+0000][1][safepoint    ] Application time: 1.0001537 seconds
[2019-06-24T10:38:22.758+0000][1][safepoint    ] Entering safepoint region: Cleanup
[2019-06-24T10:38:22.758+0000][1][safepoint    ] Leaving safepoint region
[2019-06-24T10:38:22.758+0000][1][safepoint    ] Total time for which application threads were stopped: 0.0001202 seconds, Stopping threads took: 0.0000310 seconds
[2019-06-24T10:38:24.084+0000][1][safepoint    ] Application time: 1.3255029 seconds
[2019-06-24T10:38:24.084+0000][1][safepoint    ] Entering safepoint region: Cleanup
[2019-06-24T10:38:24.084+0000][1][safepoint    ] Leaving safepoint region
[2019-06-24T10:38:24.084+0000][1][safepoint    ] Total time for which application threads were stopped: 0.0002334 seconds, Stopping threads took: 0.0000609 seconds
[2019-06-24T10:38:25.084+0000][1][safepoint    ] Application time: 1.0002725 seconds
[2019-06-24T10:38:25.084+0000][1][safepoint    ] Entering safepoint region: Cleanup
[2019-06-24T10:38:25.085+0000][1][safepoint    ] Leaving safepoint region
[2019-06-24T10:38:25.085+0000][1][safepoint    ] Total time for which application threads were stopped: 0.0002728 seconds, Stopping threads took: 0.0000617 seconds
[2019-06-24T10:38:26.085+0000][1][safepoint    ] Application time: 1.0001921 seconds
[2019-06-24T10:38:26.085+0000][1][safepoint    ] Entering safepoint region: Cleanup
[2019-06-24T10:38:26.085+0000][1][safepoint    ] Leaving safepoint region
[2019-06-24T10:38:26.085+0000][1][safepoint    ] Total time for which application threads were stopped: 0.0002348 seconds, Stopping threads took: 0.0000626 seconds
[2019-06-24T10:38:27.086+0000][1][safepoint    ] Application time: 1.0003033 seconds
[2019-06-24T10:38:27.086+0000][1][safepoint    ] Entering safepoint region: Cleanup
[2019-06-24T10:38:27.086+0000][1][safepoint    ] Leaving safepoint region
[2019-06-24T10:38:27.086+0000][1][safepoint    ] Total time for which application threads were stopped: 0.0002272 seconds, Stopping threads took: 0.0000630 seconds
[2019-06-24T10:38:28.086+0000][1][safepoint    ] Application time: 1.0002730 seconds
[2019-06-24T10:38:28.087+0000][1][safepoint    ] Entering safepoint region: Cleanup
[2019-06-24T10:38:28.087+0000][1][safepoint    ] Leaving safepoint region
[2019-06-24T10:38:28.087+0000][1][safepoint    ] Total time for which application threads were stopped: 0.0002947 seconds, Stopping threads took: 0.0000877 seconds
[2019-06-24T10:38:29.087+0000][1][safepoint    ] Application time: 1.0001484 seconds
[2019-06-24T10:38:29.087+0000][1][safepoint    ] Entering safepoint region: Cleanup
[2019-06-24T10:38:29.087+0000][1][safepoint    ] Leaving safepoint region
[2019-06-24T10:38:29.087+0000][1][safepoint    ] Total time for which application threads were stopped: 0.0002333 seconds, Stopping threads took: 0.0000620 seconds
[2019-06-24T10:38:30.088+0000][1][safepoint    ] Application time: 1.0001364 seconds
[2019-06-24T10:38:30.088+0000][1][safepoint    ] Entering safepoint region: Cleanup
[2019-06-24T10:38:30.088+0000][1][safepoint    ] Leaving safepoint region
[2019-06-24T10:38:30.088+0000][1][safepoint    ] Total time for which application threads were stopped: 0.0002266 seconds, Stopping threads took: 0.0000616 seconds
[2019-06-24T10:38:31.088+0000][1][safepoint    ] Application time: 1.0001855 seconds
[2019-06-24T10:38:31.088+0000][1][safepoint    ] Entering safepoint region: Cleanup
[2019-06-24T10:38:31.088+0000][1][safepoint    ] Leaving safepoint region
[2019-06-24T10:38:31.088+0000][1][safepoint    ] Total time for which application threads were stopped: 0.0002298 seconds, Stopping threads took: 0.0000605 seconds
[2019-06-24T10:38:32.089+0000][1][safepoint    ] Application time: 1.0002637 seconds
[2019-06-24T10:38:32.089+0000][1][safepoint    ] Entering safepoint region: Cleanup
[2019-06-24T10:38:32.089+0000][1][safepoint    ] Leaving safepoint region
[2019-06-24T10:38:32.089+0000][1][safepoint    ] Total time for which application threads were stopped: 0.0003031 seconds, Stopping threads took: 0.0000614 seconds
[2019-06-24T10:38:33.089+0000][1][safepoint    ] Application time: 1.0002673 seconds
[2019-06-24T10:38:33.090+0000][1][safepoint    ] Entering safepoint region: Cleanup
[2019-06-24T10:38:33.090+0000][1][safepoint    ] Leaving safepoint region
[2019-06-24T10:38:33.090+0000][1][safepoint    ] Total time for which application threads were stopped: 0.0003094 seconds, Stopping threads took: 0.0001198 seconds
[2019-06-24T10:38:34.090+0000][1][safepoint    ] Application time: 1.0002830 seconds
[2019-06-24T10:38:34.090+0000][1][safepoint    ] Entering safepoint region: Cleanup
[2019-06-24T10:38:34.091+0000][1][safepoint    ] Leaving safepoint region
[2019-06-24T10:38:34.091+0000][1][safepoint    ] Total time for which application threads were stopped: 0.0003311 seconds, Stopping threads took: 0.0000639 seconds
[2019-06-24T10:38:35.091+0000][1][safepoint    ] Application time: 1.0002975 seconds
[2019-06-24T10:38:35.091+0000][1][safepoint    ] Entering safepoint region: Cleanup
[2019-06-24T10:38:35.091+0000][1][safepoint    ] Leaving safepoint region
[2019-06-24T10:38:35.091+0000][1][safepoint    ] Total time for which application threads were stopped: 0.0002637 seconds, Stopping threads took: 0.0000631 seconds
[2019-06-24T10:38:36.092+0000][1][safepoint    ] Application time: 1.0002753 seconds
[2019-06-24T10:38:36.092+0000][1][safepoint    ] Entering safepoint region: Cleanup
[2019-06-24T10:38:36.092+0000][1][safepoint    ] Leaving safepoint region
[2019-06-24T10:38:36.092+0000][1][safepoint    ] Total time for which application threads were stopped: 0.0003025 seconds, Stopping threads took: 0.0000603 seconds
[2019-06-24T10:38:37.092+0000][1][safepoint    ] Application time: 1.0002792 seconds
[2019-06-24T10:38:37.093+0000][1][safepoint    ] Entering safepoint region: Cleanup
[2019-06-24T10:38:37.093+0000][1][safepoint    ] Leaving safepoint region
[2019-06-24T10:38:37.093+0000][1][safepoint    ] Total time for which application threads were stopped: 0.0002391 seconds, Stopping threads took: 0.0000621 seconds
[2019-06-24T10:38:38.093+0000][1][safepoint    ] Application time: 1.0002666 seconds
[2019-06-24T10:38:38.093+0000][1][safepoint    ] Entering safepoint region: Cleanup
[2019-06-24T10:38:38.093+0000][1][safepoint    ] Leaving safepoint region
[2019-06-24T10:38:38.093+0000][1][safepoint    ] Total time for which application threads were stopped: 0.0002274 seconds, Stopping threads took: 0.0000612 seconds
[2019-06-24T10:38:39.094+0000][1][safepoint    ] Application time: 1.0002836 seconds
[2019-06-24T10:38:39.094+0000][1][safepoint    ] Entering safepoint region: Cleanup
[2019-06-24T10:38:39.094+0000][1][safepoint    ] Leaving safepoint region
[2019-06-24T10:38:39.094+0000][1][safepoint    ] Total time for which application threads were stopped: 0.0002458 seconds, Stopping threads took: 0.0000667 seconds
[2019-06-24T10:38:40.094+0000][1][safepoint    ] Application time: 1.0002602 seconds
[2019-06-24T10:38:40.095+0000][1][safepoint    ] Entering safepoint region: Cleanup
[2019-06-24T10:38:40.095+0000][1][safepoint    ] Leaving safepoint region
[2019-06-24T10:38:40.095+0000][1][safepoint    ] Total time for which application threads were stopped: 0.0003155 seconds, Stopping threads took: 0.0001448 seconds
[2019-06-24T10:38:41.095+0000][1][safepoint    ] Application time: 1.0001446 seconds
[2019-06-24T10:38:41.095+0000][1][safepoint    ] Entering safepoint region: Cleanup
[2019-06-24T10:38:41.095+0000][1][safepoint    ] Leaving safepoint region
[2019-06-24T10:38:41.095+0000][1][safepoint    ] Total time for which application threads were stopped: 0.0001727 seconds, Stopping threads took: 0.0000461 seconds
[2019-06-24T10:38:42.787+0000][1][safepoint    ] Application time: 1.6916359 seconds
[2019-06-24T10:38:42.787+0000][1][safepoint    ] Entering safepoint region: Cleanup
[2019-06-24T10:38:42.787+0000][1][safepoint    ] Leaving safepoint region
[2019-06-24T10:38:42.787+0000][1][safepoint    ] Total time for which application threads were stopped: 0.0002465 seconds, Stopping threads took: 0.0000614 seconds
[2019-06-24T10:38:43.787+0000][1][safepoint    ] Application time: 1.0002326 seconds
[2019-06-24T10:38:43.788+0000][1][safepoint    ] Entering safepoint region: Cleanup
[2019-06-24T10:38:43.788+0000][1][safepoint    ] Leaving safepoint region
[2019-06-24T10:38:43.788+0000][1][safepoint    ] Total time for which application threads were stopped: 0.0002265 seconds, Stopping threads took: 0.0000588 seconds
[2019-06-24T10:38:44.788+0000][1][safepoint    ] Application time: 1.0001776 seconds
[2019-06-24T10:38:44.788+0000][1][safepoint    ] Entering safepoint region: Cleanup
[2019-06-24T10:38:44.788+0000][1][safepoint    ] Leaving safepoint region
[2019-06-24T10:38:44.788+0000][1][safepoint    ] Total time for which application threads were stopped: 0.0002011 seconds, Stopping threads took: 0.0000527 seconds
[2019-06-24T10:38:45.789+0000][1][safepoint    ] Application time: 1.0001884 seconds
[2019-06-24T10:38:45.789+0000][1][safepoint    ] Entering safepoint region: Cleanup
[2019-06-24T10:38:45.789+0000][1][safepoint    ] Leaving safepoint region
[2019-06-24T10:38:45.789+0000][1][safepoint    ] Total time for which application threads were stopped: 0.0003698 seconds, Stopping threads took: 0.0001559 seconds
[2019-06-24T10:38:46.789+0000][1][safepoint    ] Application time: 1.0002744 seconds
[2019-06-24T10:38:46.789+0000][1][safepoint    ] Entering safepoint region: Cleanup
[2019-06-24T10:38:46.790+0000][1][safepoint    ] Leaving safepoint region
[2019-06-24T10:38:46.790+0000][1][safepoint    ] Total time for which application threads were stopped: 0.0002374 seconds, Stopping threads took: 0.0000624 seconds
[2019-06-24T10:38:47.790+0000][1][safepoint    ] Application time: 1.0002657 seconds
[2019-06-24T10:38:47.790+0000][1][safepoint    ] Entering safepoint region: Cleanup
[2019-06-24T10:38:47.790+0000][1][safepoint    ] Leaving safepoint region
[2019-06-24T10:38:47.790+0000][1][safepoint    ] Total time for which application threads were stopped: 0.0002413 seconds, Stopping threads took: 0.0000632 seconds
[2019-06-24T10:38:48.791+0000][1][safepoint    ] Application time: 1.0002739 seconds
[2019-06-24T10:38:48.791+0000][1][safepoint    ] Entering safepoint region: Cleanup
[2019-06-24T10:38:48.791+0000][1][safepoint    ] Leaving safepoint region
[2019-06-24T10:38:48.791+0000][1][safepoint    ] Total time for which application threads were stopped: 0.0002369 seconds, Stopping threads took: 0.0000611 seconds
[2019-06-24T10:38:49.791+0000][1][safepoint    ] Application time: 1.0002580 seconds
[2019-06-24T10:38:49.791+0000][1][safepoint    ] Entering safepoint region: Cleanup
[2019-06-24T10:38:49.791+0000][1][safepoint    ] Leaving safepoint region
[2019-06-24T10:38:49.792+0000][1][safepoint    ] Total time for which application threads were stopped: 0.0002075 seconds, Stopping threads took: 0.0000533 seconds
[2019-06-24T10:38:50.792+0000][1][safepoint    ] Application time: 1.0001848 seconds
[2019-06-24T10:38:50.792+0000][1][safepoint    ] Entering safepoint region: Cleanup
[2019-06-24T10:38:50.792+0000][1][safepoint    ] Leaving safepoint region
[2019-06-24T10:38:50.792+0000][1][safepoint    ] Total time for which application threads were stopped: 0.0003470 seconds, Stopping threads took: 0.0001673 seconds
[2019-06-24T10:38:51.792+0000][1][safepoint    ] Application time: 1.0002431 seconds
[2019-06-24T10:38:51.793+0000][1][safepoint    ] Entering safepoint region: Cleanup
[2019-06-24T10:38:51.793+0000][1][safepoint    ] Leaving safepoint region
[2019-06-24T10:38:51.793+0000][1][safepoint    ] Total time for which application threads were stopped: 0.0002348 seconds, Stopping threads took: 0.0000625 seconds
[2019-06-24T10:38:52.793+0000][1][safepoint    ] Application time: 1.0002677 seconds
[2019-06-24T10:38:52.793+0000][1][safepoint    ] Entering safepoint region: Cleanup
[2019-06-24T10:38:52.793+0000][1][safepoint    ] Leaving safepoint region
[2019-06-24T10:38:52.793+0000][1][safepoint    ] Total time for which application threads were stopped: 0.0002345 seconds, Stopping threads took: 0.0000631 seconds
[2019-06-24T10:38:53.794+0000][1][safepoint    ] Application time: 1.0002717 seconds
[2019-06-24T10:38:53.794+0000][1][safepoint    ] Entering safepoint region: Cleanup
[2019-06-24T10:38:53.794+0000][1][safepoint    ] Leaving safepoint region
[2019-06-24T10:38:53.794+0000][1][safepoint    ] Total time for which application threads were stopped: 0.0002345 seconds, Stopping threads took: 0.0000626 seconds
[2019-06-24T10:38:54.794+0000][1][safepoint    ] Application time: 1.0001375 seconds
[2019-06-24T10:38:54.794+0000][1][safepoint    ] Entering safepoint region: Cleanup
[2019-06-24T10:38:54.794+0000][1][safepoint    ] Leaving safepoint region
[2019-06-24T10:38:54.794+0000][1][safepoint    ] Total time for which application threads were stopped: 0.0001003 seconds, Stopping threads took: 0.0000262 seconds
[2019-06-24T10:38:55.795+0000][1][safepoint    ] Application time: 1.0001381 seconds
[2019-06-24T10:38:55.795+0000][1][safepoint    ] Entering safepoint region: Cleanup
[2019-06-24T10:38:55.795+0000][1][safepoint    ] Leaving safepoint region
[2019-06-24T10:38:55.795+0000][1][safepoint    ] Total time for which application threads were stopped: 0.0000943 seconds, Stopping threads took: 0.0000279 seconds
[2019-06-24T10:38:56.795+0000][1][safepoint    ] Application time: 1.0002005 seconds
[2019-06-24T10:38:56.795+0000][1][safepoint    ] Entering safepoint region: Cleanup
[2019-06-24T10:38:56.795+0000][1][safepoint    ] Leaving safepoint region
[2019-06-24T10:38:56.795+0000][1][safepoint    ] Total time for which application threads were stopped: 0.0002313 seconds, Stopping threads took: 0.0000611 seconds
[2019-06-24T10:38:57.796+0000][1][safepoint    ] Application time: 1.0002602 seconds
[2019-06-24T10:38:57.796+0000][1][safepoint    ] Entering safepoint region: Cleanup
[2019-06-24T10:38:57.796+0000][1][safepoint    ] Leaving safepoint region
[2019-06-24T10:38:57.796+0000][1][safepoint    ] Total time for which application threads were stopped: 0.0002390 seconds, Stopping threads took: 0.0000632 seconds
[2019-06-24T10:38:58.796+0000][1][safepoint    ] Application time: 1.0002667 seconds
[2019-06-24T10:38:58.796+0000][1][safepoint    ] Entering safepoint region: Cleanup
[2019-06-24T10:38:58.796+0000][1][safepoint    ] Leaving safepoint region
[2019-06-24T10:38:58.797+0000][1][safepoint    ] Total time for which application threads were stopped: 0.0002369 seconds, Stopping threads took: 0.0000624 seconds
[2019-06-24T10:38:59.797+0000][1][safepoint    ] Application time: 1.0002151 seconds
[2019-06-24T10:38:59.797+0000][1][safepoint    ] Entering safepoint region: Cleanup
[2019-06-24T10:38:59.797+0000][1][safepoint    ] Leaving safepoint region
[2019-06-24T10:38:59.797+0000][1][safepoint    ] Total time for which application threads were stopped: 0.0002343 seconds, Stopping threads took: 0.0000625 seconds
[2019-06-24T10:39:00.797+0000][1][safepoint    ] Application time: 1.0002761 seconds
[2019-06-24T10:39:00.798+0000][1][safepoint    ] Entering safepoint region: Cleanup
[2019-06-24T10:39:00.798+0000][1][safepoint    ] Leaving safepoint region
[2019-06-24T10:39:00.798+0000][1][safepoint    ] Total time for which application threads were stopped: 0.0002335 seconds, Stopping threads took: 0.0000619 seconds
[2019-06-24T10:39:01.798+0000][1][safepoint    ] Application time: 1.0002665 seconds
[2019-06-24T10:39:01.798+0000][1][safepoint    ] Entering safepoint region: Cleanup
[2019-06-24T10:39:01.798+0000][1][safepoint    ] Leaving safepoint region
[2019-06-24T10:39:01.798+0000][1][safepoint    ] Total time for which application threads were stopped: 0.0002352 seconds, Stopping threads took: 0.0000620 seconds
[2019-06-24T10:39:02.799+0000][1][safepoint    ] Application time: 1.0002565 seconds
[2019-06-24T10:39:02.799+0000][1][safepoint    ] Entering safepoint region: Cleanup
[2019-06-24T10:39:02.799+0000][1][safepoint    ] Leaving safepoint region
[2019-06-24T10:39:02.799+0000][1][safepoint    ] Total time for which application threads were stopped: 0.0002748 seconds, Stopping threads took: 0.0000928 seconds
[2019-06-24T10:39:03.799+0000][1][safepoint    ] Application time: 1.0002633 seconds
[2019-06-24T10:39:03.800+0000][1][safepoint    ] Entering safepoint region: Cleanup
[2019-06-24T10:39:03.800+0000][1][safepoint    ] Leaving safepoint region
[2019-06-24T10:39:03.800+0000][1][safepoint    ] Total time for which application threads were stopped: 0.0002893 seconds, Stopping threads took: 0.0000957 seconds
[2019-06-24T10:39:04.800+0000][1][safepoint    ] Application time: 1.0002832 seconds
[2019-06-24T10:39:04.800+0000][1][safepoint    ] Entering safepoint region: Cleanup
[2019-06-24T10:39:04.800+0000][1][safepoint    ] Leaving safepoint region
[2019-06-24T10:39:04.800+0000][1][safepoint    ] Total time for which application threads were stopped: 0.0002732 seconds, Stopping threads took: 0.0000738 seconds
[2019-06-24T10:39:05.801+0000][1][safepoint    ] Application time: 1.0002841 seconds
[2019-06-24T10:39:05.801+0000][1][safepoint    ] Entering safepoint region: Cleanup
[2019-06-24T10:39:05.801+0000][1][safepoint    ] Leaving safepoint region
[2019-06-24T10:39:05.801+0000][1][safepoint    ] Total time for which application threads were stopped: 0.0003424 seconds, Stopping threads took: 0.0001114 seconds
[2019-06-24T10:39:06.802+0000][1][safepoint    ] Application time: 1.0002861 seconds
[2019-06-24T10:39:06.802+0000][1][safepoint    ] Entering safepoint region: Cleanup
[2019-06-24T10:39:06.802+0000][1][safepoint    ] Leaving safepoint region
[2019-06-24T10:39:06.802+0000][1][safepoint    ] Total time for which application threads were stopped: 0.0002746 seconds, Stopping threads took: 0.0000724 seconds
[2019-06-24T10:39:07.802+0000][1][safepoint    ] Application time: 1.0002798 seconds
[2019-06-24T10:39:07.803+0000][1][safepoint    ] Entering safepoint region: Cleanup
[2019-06-24T10:39:07.803+0000][1][safepoint    ] Leaving safepoint region
[2019-06-24T10:39:07.803+0000][1][safepoint    ] Total time for which application threads were stopped: 0.0005999 seconds, Stopping threads took: 0.0002820 seconds
[2019-06-24T10:39:08.804+0000][1][safepoint    ] Application time: 1.0001553 seconds
[2019-06-24T10:39:08.804+0000][1][safepoint    ] Entering safepoint region: Cleanup
[2019-06-24T10:39:08.804+0000][1][safepoint    ] Leaving safepoint region
[2019-06-24T10:39:08.804+0000][1][safepoint    ] Total time for which application threads were stopped: 0.0002556 seconds, Stopping threads took: 0.0000870 seconds
[2019-06-24T10:39:09.804+0000][1][safepoint    ] Application time: 1.0001381 seconds
[2019-06-24T10:39:09.804+0000][1][safepoint    ] Entering safepoint region: Cleanup
[2019-06-24T10:39:09.805+0000][1][safepoint    ] Leaving safepoint region
[2019-06-24T10:39:09.805+0000][1][safepoint    ] Total time for which application threads were stopped: 0.0002446 seconds, Stopping threads took: 0.0000682 seconds
[2019-06-24T10:39:10.805+0000][1][safepoint    ] Application time: 1.0002594 seconds
[2019-06-24T10:39:10.805+0000][1][safepoint    ] Entering safepoint region: Cleanup
[2019-06-24T10:39:10.805+0000][1][safepoint    ] Leaving safepoint region
[2019-06-24T10:39:10.805+0000][1][safepoint    ] Total time for which application threads were stopped: 0.0002792 seconds, Stopping threads took: 0.0000777 seconds
[2019-06-24T10:39:11.806+0000][1][safepoint    ] Application time: 1.0002199 seconds
[2019-06-24T10:39:11.806+0000][1][safepoint    ] Entering safepoint region: Cleanup
[2019-06-24T10:39:11.806+0000][1][safepoint    ] Leaving safepoint region
[2019-06-24T10:39:11.806+0000][1][safepoint    ] Total time for which application threads were stopped: 0.0002757 seconds, Stopping threads took: 0.0000767 seconds
[2019-06-24T10:39:12.806+0000][1][safepoint    ] Application time: 1.0002013 seconds
[2019-06-24T10:39:12.806+0000][1][safepoint    ] Entering safepoint region: Cleanup
[2019-06-24T10:39:12.806+0000][1][safepoint    ] Leaving safepoint region
[2019-06-24T10:39:12.807+0000][1][safepoint    ] Total time for which application threads were stopped: 0.0003543 seconds, Stopping threads took: 0.0000664 seconds
[2019-06-24T10:39:13.807+0000][1][safepoint    ] Application time: 1.0001551 seconds
[2019-06-24T10:39:13.807+0000][1][safepoint    ] Entering safepoint region: Cleanup
[2019-06-24T10:39:13.807+0000][1][safepoint    ] Leaving safepoint region
[2019-06-24T10:39:13.807+0000][1][safepoint    ] Total time for which application threads were stopped: 0.0002753 seconds, Stopping threads took: 0.0000720 seconds
[2019-06-24T10:39:14.807+0000][1][safepoint    ] Application time: 1.0001978 seconds
[2019-06-24T10:39:14.807+0000][1][safepoint    ] Entering safepoint region: Cleanup
[2019-06-24T10:39:14.808+0000][1][safepoint    ] Leaving safepoint region
[2019-06-24T10:39:14.808+0000][1][safepoint    ] Total time for which application threads were stopped: 0.0001481 seconds, Stopping threads took: 0.0000333 seconds
[2019-06-24T10:39:15.808+0000][1][safepoint    ] Application time: 1.0002583 seconds
[2019-06-24T10:39:15.808+0000][1][safepoint    ] Entering safepoint region: Cleanup
[2019-06-24T10:39:15.808+0000][1][safepoint    ] Leaving safepoint region
[2019-06-24T10:39:15.808+0000][1][safepoint    ] Total time for which application threads were stopped: 0.0002394 seconds, Stopping threads took: 0.0000634 seconds
[2019-06-24T10:39:16.809+0000][1][safepoint    ] Application time: 1.0002719 seconds
[2019-06-24T10:39:16.809+0000][1][safepoint    ] Entering safepoint region: Cleanup
[2019-06-24T10:39:16.809+0000][1][safepoint    ] Leaving safepoint region
[2019-06-24T10:39:16.809+0000][1][safepoint    ] Total time for which application threads were stopped: 0.0002354 seconds, Stopping threads took: 0.0000604 seconds
[2019-06-24T10:39:17.809+0000][1][safepoint    ] Application time: 1.0002679 seconds
[2019-06-24T10:39:17.809+0000][1][safepoint    ] Entering safepoint region: Cleanup
[2019-06-24T10:39:17.810+0000][1][safepoint    ] Leaving safepoint region
[2019-06-24T10:39:17.810+0000][1][safepoint    ] Total time for which application threads were stopped: 0.0002954 seconds, Stopping threads took: 0.0000608 seconds
[2019-06-24T10:39:18.951+0000][1][safepoint    ] Application time: 1.1413556 seconds
[2019-06-24T10:39:18.951+0000][1][safepoint    ] Entering safepoint region: Cleanup
[2019-06-24T10:39:18.951+0000][1][safepoint    ] Leaving safepoint region
[2019-06-24T10:39:18.952+0000][1][safepoint    ] Total time for which application threads were stopped: 0.0003821 seconds, Stopping threads took: 0.0000715 seconds
[2019-06-24T10:39:19.952+0000][1][safepoint    ] Application time: 1.0001197 seconds
[2019-06-24T10:39:19.952+0000][1][safepoint    ] Entering safepoint region: Cleanup
[2019-06-24T10:39:19.952+0000][1][safepoint    ] Leaving safepoint region
[2019-06-24T10:39:19.952+0000][1][safepoint    ] Total time for which application threads were stopped: 0.0001534 seconds, Stopping threads took: 0.0000575 seconds
[2019-06-24T10:39:20.952+0000][1][safepoint    ] Application time: 1.0002342 seconds
[2019-06-24T10:39:20.952+0000][1][safepoint    ] Entering safepoint region: Cleanup
[2019-06-24T10:39:20.952+0000][1][safepoint    ] Leaving safepoint region
[2019-06-24T10:39:20.953+0000][1][safepoint    ] Total time for which application threads were stopped: 0.0002744 seconds, Stopping threads took: 0.0000619 seconds
[2019-06-24T10:39:21.953+0000][1][safepoint    ] Application time: 1.0002639 seconds
[2019-06-24T10:39:21.953+0000][1][safepoint    ] Entering safepoint region: Cleanup
[2019-06-24T10:39:21.953+0000][1][safepoint    ] Leaving safepoint region
[2019-06-24T10:39:21.953+0000][1][safepoint    ] Total time for which application threads were stopped: 0.0002819 seconds, Stopping threads took: 0.0000790 seconds
[2019-06-24T10:39:22.954+0000][1][safepoint    ] Application time: 1.0002584 seconds
[2019-06-24T10:39:22.954+0000][1][safepoint    ] Entering safepoint region: Cleanup
[2019-06-24T10:39:22.954+0000][1][safepoint    ] Leaving safepoint region
[2019-06-24T10:39:22.954+0000][1][safepoint    ] Total time for which application threads were stopped: 0.0002317 seconds, Stopping threads took: 0.0000614 seconds
[2019-06-24T10:39:23.954+0000][1][safepoint    ] Application time: 1.0002106 seconds
[2019-06-24T10:39:23.954+0000][1][safepoint    ] Entering safepoint region: Cleanup
[2019-06-24T10:39:23.954+0000][1][safepoint    ] Leaving safepoint region
[2019-06-24T10:39:23.955+0000][1][safepoint    ] Total time for which application threads were stopped: 0.0002968 seconds, Stopping threads took: 0.0000637 seconds
[2019-06-24T10:39:24.955+0000][1][safepoint    ] Application time: 1.0002772 seconds
[2019-06-24T10:39:24.955+0000][1][safepoint    ] Entering safepoint region: Cleanup
[2019-06-24T10:39:24.955+0000][1][safepoint    ] Leaving safepoint region
[2019-06-24T10:39:24.955+0000][1][safepoint    ] Total time for which application threads were stopped: 0.0002773 seconds, Stopping threads took: 0.0000774 seconds
[2019-06-24T10:39:25.956+0000][1][safepoint    ] Application time: 1.0002447 seconds
[2019-06-24T10:39:25.956+0000][1][safepoint    ] Entering safepoint region: Cleanup
[2019-06-24T10:39:25.956+0000][1][safepoint    ] Leaving safepoint region
[2019-06-24T10:39:25.956+0000][1][safepoint    ] Total time for which application threads were stopped: 0.0002393 seconds, Stopping threads took: 0.0000649 seconds
[2019-06-24T10:39:26.956+0000][1][safepoint    ] Application time: 1.0002574 seconds
[2019-06-24T10:39:26.956+0000][1][safepoint    ] Entering safepoint region: Cleanup
[2019-06-24T10:39:26.957+0000][1][safepoint    ] Leaving safepoint region
[2019-06-24T10:39:26.957+0000][1][safepoint    ] Total time for which application threads were stopped: 0.0002403 seconds, Stopping threads took: 0.0000637 seconds
[2019-06-24T10:39:27.957+0000][1][safepoint    ] Application time: 1.0000950 seconds
[2019-06-24T10:39:27.957+0000][1][safepoint    ] Entering safepoint region: Cleanup
[2019-06-24T10:39:27.957+0000][1][safepoint    ] Leaving safepoint region
[2019-06-24T10:39:27.957+0000][1][safepoint    ] Total time for which application threads were stopped: 0.0000982 seconds, Stopping threads took: 0.0000251 seconds
[2019-06-24T10:39:28.957+0000][1][safepoint    ] Application time: 1.0002372 seconds
[2019-06-24T10:39:28.957+0000][1][safepoint    ] Entering safepoint region: Cleanup
[2019-06-24T10:39:28.957+0000][1][safepoint    ] Leaving safepoint region
[2019-06-24T10:39:28.957+0000][1][safepoint    ] Total time for which application threads were stopped: 0.0002709 seconds, Stopping threads took: 0.0000610 seconds
[2019-06-24T10:39:29.958+0000][1][safepoint    ] Application time: 1.0002548 seconds
[2019-06-24T10:39:29.958+0000][1][safepoint    ] Entering safepoint region: Cleanup
[2019-06-24T10:39:29.958+0000][1][safepoint    ] Leaving safepoint region
[2019-06-24T10:39:29.958+0000][1][safepoint    ] Total time for which application threads were stopped: 0.0002767 seconds, Stopping threads took: 0.0000924 seconds
[2019-06-24T10:39:30.958+0000][1][safepoint    ] Application time: 1.0002569 seconds
[2019-06-24T10:39:30.959+0000][1][safepoint    ] Entering safepoint region: Cleanup
[2019-06-24T10:39:30.959+0000][1][safepoint    ] Leaving safepoint region
[2019-06-24T10:39:30.959+0000][1][safepoint    ] Total time for which application threads were stopped: 0.0003328 seconds, Stopping threads took: 0.0000640 seconds
[2019-06-24T10:39:31.959+0000][1][safepoint    ] Application time: 1.0002737 seconds
[2019-06-24T10:39:31.959+0000][1][safepoint    ] Entering safepoint region: Cleanup
[2019-06-24T10:39:31.960+0000][1][safepoint    ] Leaving safepoint region
[2019-06-24T10:39:31.960+0000][1][safepoint    ] Total time for which application threads were stopped: 0.0002400 seconds, Stopping threads took: 0.0000626 seconds
[2019-06-24T10:39:32.960+0000][1][safepoint    ] Application time: 1.0002532 seconds
[2019-06-24T10:39:32.960+0000][1][safepoint    ] Entering safepoint region: Cleanup
[2019-06-24T10:39:32.960+0000][1][safepoint    ] Leaving safepoint region
[2019-06-24T10:39:32.960+0000][1][safepoint    ] Total time for which application threads were stopped: 0.0002552 seconds, Stopping threads took: 0.0000843 seconds
[2019-06-24T10:39:33.961+0000][1][safepoint    ] Application time: 1.0002612 seconds
[2019-06-24T10:39:33.961+0000][1][safepoint    ] Entering safepoint region: Cleanup
[2019-06-24T10:39:33.961+0000][1][safepoint    ] Leaving safepoint region
[2019-06-24T10:39:33.961+0000][1][safepoint    ] Total time for which application threads were stopped: 0.0003376 seconds, Stopping threads took: 0.0000781 seconds
[2019-06-24T10:39:34.961+0000][1][safepoint    ] Application time: 1.0001875 seconds
[2019-06-24T10:39:34.961+0000][1][safepoint    ] Entering safepoint region: Cleanup
[2019-06-24T10:39:34.962+0000][1][safepoint    ] Leaving safepoint region
[2019-06-24T10:39:34.962+0000][1][safepoint    ] Total time for which application threads were stopped: 0.0002606 seconds, Stopping threads took: 0.0000893 seconds
[2019-06-24T10:39:35.962+0000][1][safepoint    ] Application time: 1.0001504 seconds
[2019-06-24T10:39:35.962+0000][1][safepoint    ] Entering safepoint region: Cleanup
[2019-06-24T10:39:35.962+0000][1][safepoint    ] Leaving safepoint region
[2019-06-24T10:39:35.962+0000][1][safepoint    ] Total time for which application threads were stopped: 0.0001080 seconds, Stopping threads took: 0.0000244 seconds
[2019-06-24T10:39:36.962+0000][1][safepoint    ] Application time: 1.0002580 seconds
[2019-06-24T10:39:36.962+0000][1][safepoint    ] Entering safepoint region: Cleanup
[2019-06-24T10:39:36.963+0000][1][safepoint    ] Leaving safepoint region
[2019-06-24T10:39:36.963+0000][1][safepoint    ] Total time for which application threads were stopped: 0.0003204 seconds, Stopping threads took: 0.0000618 seconds
[2019-06-24T10:39:37.963+0000][1][safepoint    ] Application time: 1.0001227 seconds
[2019-06-24T10:39:37.963+0000][1][safepoint    ] Entering safepoint region: Cleanup
[2019-06-24T10:39:37.963+0000][1][safepoint    ] Leaving safepoint region
[2019-06-24T10:39:37.963+0000][1][safepoint    ] Total time for which application threads were stopped: 0.0001677 seconds, Stopping threads took: 0.0000449 seconds
[2019-06-24T10:39:38.963+0000][1][safepoint    ] Application time: 1.0002380 seconds
[2019-06-24T10:39:38.963+0000][1][safepoint    ] Entering safepoint region: Cleanup
[2019-06-24T10:39:38.964+0000][1][safepoint    ] Leaving safepoint region
[2019-06-24T10:39:38.964+0000][1][safepoint    ] Total time for which application threads were stopped: 0.0002975 seconds, Stopping threads took: 0.0000632 seconds
[2019-06-24T10:39:39.964+0000][1][safepoint    ] Application time: 1.0002632 seconds
[2019-06-24T10:39:39.964+0000][1][safepoint    ] Entering safepoint region: Cleanup
[2019-06-24T10:39:39.964+0000][1][safepoint    ] Leaving safepoint region
[2019-06-24T10:39:39.964+0000][1][safepoint    ] Total time for which application threads were stopped: 0.0002377 seconds, Stopping threads took: 0.0000629 seconds
[2019-06-24T10:39:40.965+0000][1][safepoint    ] Application time: 1.0002396 seconds
[2019-06-24T10:39:40.965+0000][1][safepoint    ] Entering safepoint region: Cleanup
[2019-06-24T10:39:40.965+0000][1][safepoint    ] Leaving safepoint region
[2019-06-24T10:39:40.965+0000][1][safepoint    ] Total time for which application threads were stopped: 0.0002375 seconds, Stopping threads took: 0.0000629 seconds
[2019-06-24T10:39:41.965+0000][1][safepoint    ] Application time: 1.0002501 seconds
[2019-06-24T10:39:41.965+0000][1][safepoint    ] Entering safepoint region: Cleanup
[2019-06-24T10:39:41.966+0000][1][safepoint    ] Leaving safepoint region
[2019-06-24T10:39:41.966+0000][1][safepoint    ] Total time for which application threads were stopped: 0.0002404 seconds, Stopping threads took: 0.0000634 seconds
[2019-06-24T10:39:42.966+0000][1][safepoint    ] Application time: 1.0002102 seconds
[2019-06-24T10:39:42.966+0000][1][safepoint    ] Entering safepoint region: Cleanup
[2019-06-24T10:39:42.966+0000][1][safepoint    ] Leaving safepoint region
[2019-06-24T10:39:42.966+0000][1][safepoint    ] Total time for which application threads were stopped: 0.0003061 seconds, Stopping threads took: 0.0000613 seconds
[2019-06-24T10:39:43.967+0000][1][safepoint    ] Application time: 1.0003819 seconds
[2019-06-24T10:39:43.967+0000][1][safepoint    ] Entering safepoint region: Cleanup
[2019-06-24T10:39:43.967+0000][1][safepoint    ] Leaving safepoint region
[2019-06-24T10:39:43.967+0000][1][safepoint    ] Total time for which application threads were stopped: 0.0001034 seconds, Stopping threads took: 0.0000296 seconds
[2019-06-24T10:39:44.967+0000][1][safepoint    ] Application time: 1.0002047 seconds
[2019-06-24T10:39:44.967+0000][1][safepoint    ] Entering safepoint region: Cleanup
[2019-06-24T10:39:44.967+0000][1][safepoint    ] Leaving safepoint region
[2019-06-24T10:39:44.968+0000][1][safepoint    ] Total time for which application threads were stopped: 0.0002642 seconds, Stopping threads took: 0.0000893 seconds
[2019-06-24T10:39:45.968+0000][1][safepoint    ] Application time: 1.0002731 seconds
[2019-06-24T10:39:45.968+0000][1][safepoint    ] Entering safepoint region: Cleanup
[2019-06-24T10:39:45.968+0000][1][safepoint    ] Leaving safepoint region
[2019-06-24T10:39:45.968+0000][1][safepoint    ] Total time for which application threads were stopped: 0.0002382 seconds, Stopping threads took: 0.0000626 seconds
[2019-06-24T10:39:46.968+0000][1][safepoint    ] Application time: 1.0001385 seconds
[2019-06-24T10:39:46.969+0000][1][safepoint    ] Entering safepoint region: Cleanup
[2019-06-24T10:39:46.969+0000][1][safepoint    ] Leaving safepoint region
[2019-06-24T10:39:46.969+0000][1][safepoint    ] Total time for which application threads were stopped: 0.0002328 seconds, Stopping threads took: 0.0000645 seconds
[2019-06-24T10:39:47.969+0000][1][safepoint    ] Application time: 1.0002596 seconds
[2019-06-24T10:39:47.969+0000][1][safepoint    ] Entering safepoint region: Cleanup
[2019-06-24T10:39:47.969+0000][1][safepoint    ] Leaving safepoint region
[2019-06-24T10:39:47.969+0000][1][safepoint    ] Total time for which application threads were stopped: 0.0002392 seconds, Stopping threads took: 0.0000638 seconds
[2019-06-24T10:39:48.970+0000][1][safepoint    ] Application time: 1.0002639 seconds
[2019-06-24T10:39:48.970+0000][1][safepoint    ] Entering safepoint region: Cleanup
[2019-06-24T10:39:48.970+0000][1][safepoint    ] Leaving safepoint region
[2019-06-24T10:39:48.970+0000][1][safepoint    ] Total time for which application threads were stopped: 0.0002413 seconds, Stopping threads took: 0.0000637 seconds
[2019-06-24T10:39:49.970+0000][1][safepoint    ] Application time: 1.0002195 seconds
[2019-06-24T10:39:49.970+0000][1][safepoint    ] Entering safepoint region: Cleanup
[2019-06-24T10:39:49.971+0000][1][safepoint    ] Leaving safepoint region
[2019-06-24T10:39:49.971+0000][1][safepoint    ] Total time for which application threads were stopped: 0.0002222 seconds, Stopping threads took: 0.0000412 seconds
[2019-06-24T10:39:50.971+0000][1][safepoint    ] Application time: 1.0001402 seconds
[2019-06-24T10:39:50.971+0000][1][safepoint    ] Entering safepoint region: Cleanup
[2019-06-24T10:39:50.971+0000][1][safepoint    ] Leaving safepoint region
[2019-06-24T10:39:50.971+0000][1][safepoint    ] Total time for which application threads were stopped: 0.0002396 seconds, Stopping threads took: 0.0000636 seconds
[2019-06-24T10:39:51.971+0000][1][safepoint    ] Application time: 1.0002651 seconds
[2019-06-24T10:39:51.972+0000][1][safepoint    ] Entering safepoint region: Cleanup
[2019-06-24T10:39:51.972+0000][1][safepoint    ] Leaving safepoint region
[2019-06-24T10:39:51.972+0000][1][safepoint    ] Total time for which application threads were stopped: 0.0002397 seconds, Stopping threads took: 0.0000622 seconds
[2019-06-24T10:39:52.972+0000][1][safepoint    ] Application time: 1.0002725 seconds
[2019-06-24T10:39:52.972+0000][1][safepoint    ] Entering safepoint region: Cleanup
[2019-06-24T10:39:52.972+0000][1][safepoint    ] Leaving safepoint region
[2019-06-24T10:39:52.972+0000][1][safepoint    ] Total time for which application threads were stopped: 0.0002448 seconds, Stopping threads took: 0.0000649 seconds
[2019-06-24T10:39:53.973+0000][1][safepoint    ] Application time: 1.0002769 seconds
[2019-06-24T10:39:53.973+0000][1][safepoint    ] Entering safepoint region: Cleanup
[2019-06-24T10:39:53.973+0000][1][safepoint    ] Leaving safepoint region
[2019-06-24T10:39:53.973+0000][1][safepoint    ] Total time for which application threads were stopped: 0.0002427 seconds, Stopping threads took: 0.0000625 seconds
[2019-06-24T10:39:54.973+0000][1][safepoint    ] Application time: 1.0002636 seconds
[2019-06-24T10:39:54.973+0000][1][safepoint    ] Entering safepoint region: Cleanup
[2019-06-24T10:39:54.974+0000][1][safepoint    ] Leaving safepoint region
[2019-06-24T10:39:54.974+0000][1][safepoint    ] Total time for which application threads were stopped: 0.0003587 seconds, Stopping threads took: 0.0000618 seconds
[2019-06-24T10:39:55.974+0000][1][safepoint    ] Application time: 1.0002736 seconds
[2019-06-24T10:39:55.974+0000][1][safepoint    ] Entering safepoint region: Cleanup
[2019-06-24T10:39:55.974+0000][1][safepoint    ] Leaving safepoint region
[2019-06-24T10:39:55.975+0000][1][safepoint    ] Total time for which application threads were stopped: 0.0003098 seconds, Stopping threads took: 0.0000627 seconds
[2019-06-24T10:39:56.975+0000][1][safepoint    ] Application time: 1.0002781 seconds
[2019-06-24T10:39:56.975+0000][1][safepoint    ] Entering safepoint region: Cleanup
[2019-06-24T10:39:56.975+0000][1][safepoint    ] Leaving safepoint region
[2019-06-24T10:39:56.975+0000][1][safepoint    ] Total time for which application threads were stopped: 0.0002461 seconds, Stopping threads took: 0.0000638 seconds
[2019-06-24T10:39:57.975+0000][1][safepoint    ] Application time: 1.0001813 seconds
[2019-06-24T10:39:57.976+0000][1][safepoint    ] Entering safepoint region: Cleanup
[2019-06-24T10:39:57.976+0000][1][safepoint    ] Leaving safepoint region
[2019-06-24T10:39:57.976+0000][1][safepoint    ] Total time for which application threads were stopped: 0.0002061 seconds, Stopping threads took: 0.0000543 seconds
[2019-06-24T10:39:58.976+0000][1][safepoint    ] Application time: 1.0001705 seconds
[2019-06-24T10:39:58.976+0000][1][safepoint    ] Entering safepoint region: Cleanup
[2019-06-24T10:39:58.976+0000][1][safepoint    ] Leaving safepoint region
[2019-06-24T10:39:58.976+0000][1][safepoint    ] Total time for which application threads were stopped: 0.0002069 seconds, Stopping threads took: 0.0000557 seconds
[2019-06-24T10:39:59.976+0000][1][safepoint    ] Application time: 1.0001693 seconds
[2019-06-24T10:39:59.977+0000][1][safepoint    ] Entering safepoint region: Cleanup
[2019-06-24T10:39:59.977+0000][1][safepoint    ] Leaving safepoint region
[2019-06-24T10:39:59.977+0000][1][safepoint    ] Total time for which application threads were stopped: 0.0002060 seconds, Stopping threads took: 0.0000542 seconds
[2019-06-24T10:40:00.977+0000][1][safepoint    ] Application time: 1.0001781 seconds
[2019-06-24T10:40:00.977+0000][1][safepoint    ] Entering safepoint region: Cleanup
[2019-06-24T10:40:00.977+0000][1][safepoint    ] Leaving safepoint region
[2019-06-24T10:40:00.977+0000][1][safepoint    ] Total time for which application threads were stopped: 0.0002784 seconds, Stopping threads took: 0.0001089 seconds
[2019-06-24T10:40:01.978+0000][1][safepoint    ] Application time: 1.0001916 seconds
[2019-06-24T10:40:01.978+0000][1][safepoint    ] Entering safepoint region: Cleanup
[2019-06-24T10:40:01.978+0000][1][safepoint    ] Leaving safepoint region
[2019-06-24T10:40:01.978+0000][1][safepoint    ] Total time for which application threads were stopped: 0.0002394 seconds, Stopping threads took: 0.0000631 seconds
[2019-06-24T10:40:02.978+0000][1][safepoint    ] Application time: 1.0002558 seconds
[2019-06-24T10:40:02.978+0000][1][safepoint    ] Entering safepoint region: Cleanup
[2019-06-24T10:40:02.979+0000][1][safepoint    ] Leaving safepoint region
[2019-06-24T10:40:02.979+0000][1][safepoint    ] Total time for which application threads were stopped: 0.0003212 seconds, Stopping threads took: 0.0000614 seconds
[2019-06-24T10:40:03.979+0000][1][safepoint    ] Application time: 1.0002036 seconds
[2019-06-24T10:40:03.979+0000][1][safepoint    ] Entering safepoint region: Cleanup
[2019-06-24T10:40:03.979+0000][1][safepoint    ] Leaving safepoint region
[2019-06-24T10:40:03.979+0000][1][safepoint    ] Total time for which application threads were stopped: 0.0002351 seconds, Stopping threads took: 0.0000632 seconds
[2019-06-24T10:40:04.979+0000][1][safepoint    ] Application time: 1.0001905 seconds
[2019-06-24T10:40:04.980+0000][1][safepoint    ] Entering safepoint region: Cleanup
[2019-06-24T10:40:04.980+0000][1][safepoint    ] Leaving safepoint region
[2019-06-24T10:40:04.980+0000][1][safepoint    ] Total time for which application threads were stopped: 0.0002352 seconds, Stopping threads took: 0.0000633 seconds
[2019-06-24T10:40:05.980+0000][1][safepoint    ] Application time: 1.0002440 seconds
[2019-06-24T10:40:05.980+0000][1][safepoint    ] Entering safepoint region: Cleanup
[2019-06-24T10:40:05.980+0000][1][safepoint    ] Leaving safepoint region
[2019-06-24T10:40:05.980+0000][1][safepoint    ] Total time for which application threads were stopped: 0.0002635 seconds, Stopping threads took: 0.0000939 seconds
[2019-06-24T10:40:06.981+0000][1][safepoint    ] Application time: 1.0002663 seconds
[2019-06-24T10:40:06.981+0000][1][safepoint    ] Entering safepoint region: Cleanup
[2019-06-24T10:40:06.981+0000][1][safepoint    ] Leaving safepoint region
[2019-06-24T10:40:06.981+0000][1][safepoint    ] Total time for which application threads were stopped: 0.0002428 seconds, Stopping threads took: 0.0000654 seconds
[2019-06-24T10:40:07.981+0000][1][safepoint    ] Application time: 1.0001576 seconds
[2019-06-24T10:40:07.981+0000][1][safepoint    ] Entering safepoint region: Cleanup
[2019-06-24T10:40:07.982+0000][1][safepoint    ] Leaving safepoint region
[2019-06-24T10:40:07.982+0000][1][safepoint    ] Total time for which application threads were stopped: 0.0002330 seconds, Stopping threads took: 0.0000668 seconds
[2019-06-24T10:40:08.982+0000][1][safepoint    ] Application time: 1.0002744 seconds
[2019-06-24T10:40:08.982+0000][1][safepoint    ] Entering safepoint region: Cleanup
[2019-06-24T10:40:08.982+0000][1][safepoint    ] Leaving safepoint region
[2019-06-24T10:40:08.982+0000][1][safepoint    ] Total time for which application threads were stopped: 0.0002417 seconds, Stopping threads took: 0.0000641 seconds
[2019-06-24T10:40:09.983+0000][1][safepoint    ] Application time: 1.0002389 seconds
[2019-06-24T10:40:09.983+0000][1][safepoint    ] Entering safepoint region: Cleanup
[2019-06-24T10:40:09.983+0000][1][safepoint    ] Leaving safepoint region
[2019-06-24T10:40:09.983+0000][1][safepoint    ] Total time for which application threads were stopped: 0.0002283 seconds, Stopping threads took: 0.0000639 seconds
[2019-06-24T10:40:10.983+0000][1][safepoint    ] Application time: 1.0001856 seconds
[2019-06-24T10:40:10.983+0000][1][safepoint    ] Entering safepoint region: Cleanup
[2019-06-24T10:40:10.983+0000][1][safepoint    ] Leaving safepoint region
[2019-06-24T10:40:10.983+0000][1][safepoint    ] Total time for which application threads were stopped: 0.0002339 seconds, Stopping threads took: 0.0000613 seconds
[2019-06-24T10:40:11.984+0000][1][safepoint    ] Application time: 1.0002012 seconds
[2019-06-24T10:40:11.984+0000][1][safepoint    ] Entering safepoint region: Cleanup
[2019-06-24T10:40:11.984+0000][1][safepoint    ] Leaving safepoint region
[2019-06-24T10:40:11.984+0000][1][safepoint    ] Total time for which application threads were stopped: 0.0002377 seconds, Stopping threads took: 0.0000631 seconds
[2019-06-24T10:40:12.984+0000][1][safepoint    ] Application time: 1.0002654 seconds
[2019-06-24T10:40:12.984+0000][1][safepoint    ] Entering safepoint region: Cleanup
[2019-06-24T10:40:12.985+0000][1][safepoint    ] Leaving safepoint region
[2019-06-24T10:40:12.985+0000][1][safepoint    ] Total time for which application threads were stopped: 0.0002401 seconds, Stopping threads took: 0.0000639 seconds
[2019-06-24T10:40:13.985+0000][1][safepoint    ] Application time: 1.0001916 seconds
[2019-06-24T10:40:13.985+0000][1][safepoint    ] Entering safepoint region: Cleanup
[2019-06-24T10:40:13.985+0000][1][safepoint    ] Leaving safepoint region
[2019-06-24T10:40:13.985+0000][1][safepoint    ] Total time for which application threads were stopped: 0.0002343 seconds, Stopping threads took: 0.0000628 seconds
[2019-06-24T10:40:14.985+0000][1][safepoint    ] Application time: 1.0001882 seconds
[2019-06-24T10:40:14.986+0000][1][safepoint    ] Entering safepoint region: Cleanup
[2019-06-24T10:40:14.986+0000][1][safepoint    ] Leaving safepoint region
[2019-06-24T10:40:14.986+0000][1][safepoint    ] Total time for which application threads were stopped: 0.0002314 seconds, Stopping threads took: 0.0000618 seconds
[2019-06-24T10:40:15.986+0000][1][safepoint    ] Application time: 1.0001799 seconds
[2019-06-24T10:40:15.986+0000][1][safepoint    ] Entering safepoint region: Cleanup
[2019-06-24T10:40:15.986+0000][1][safepoint    ] Leaving safepoint region
[2019-06-24T10:40:15.986+0000][1][safepoint    ] Total time for which application threads were stopped: 0.0002269 seconds, Stopping threads took: 0.0000626 seconds
[2019-06-24T10:40:17.030+0000][1][safepoint    ] Application time: 1.0439008 seconds
[2019-06-24T10:40:17.030+0000][1][safepoint    ] Entering safepoint region: Cleanup
[2019-06-24T10:40:17.031+0000][1][safepoint    ] Leaving safepoint region
[2019-06-24T10:40:17.031+0000][1][safepoint    ] Total time for which application threads were stopped: 0.0003463 seconds, Stopping threads took: 0.0000620 seconds
[2019-06-24T10:40:18.031+0000][1][safepoint    ] Application time: 1.0002493 seconds
[2019-06-24T10:40:18.031+0000][1][safepoint    ] Entering safepoint region: Cleanup
[2019-06-24T10:40:18.031+0000][1][safepoint    ] Leaving safepoint region
[2019-06-24T10:40:18.031+0000][1][safepoint    ] Total time for which application threads were stopped: 0.0002294 seconds, Stopping threads took: 0.0000612 seconds
[2019-06-24T10:40:19.032+0000][1][safepoint    ] Application time: 1.0002686 seconds
[2019-06-24T10:40:19.032+0000][1][safepoint    ] Entering safepoint region: Cleanup
[2019-06-24T10:40:19.032+0000][1][safepoint    ] Leaving safepoint region
[2019-06-24T10:40:19.032+0000][1][safepoint    ] Total time for which application threads were stopped: 0.0002957 seconds, Stopping threads took: 0.0000607 seconds
[2019-06-24T10:40:20.032+0000][1][safepoint    ] Application time: 1.0001383 seconds
[2019-06-24T10:40:20.032+0000][1][safepoint    ] Entering safepoint region: Cleanup
[2019-06-24T10:40:20.032+0000][1][safepoint    ] Leaving safepoint region
[2019-06-24T10:40:20.032+0000][1][safepoint    ] Total time for which application threads were stopped: 0.0000873 seconds, Stopping threads took: 0.0000234 seconds
[2019-06-24T10:40:21.033+0000][1][safepoint    ] Application time: 1.0002558 seconds
[2019-06-24T10:40:21.033+0000][1][safepoint    ] Entering safepoint region: Cleanup
[2019-06-24T10:40:21.033+0000][1][safepoint    ] Leaving safepoint region
[2019-06-24T10:40:21.033+0000][1][safepoint    ] Total time for which application threads were stopped: 0.0000900 seconds, Stopping threads took: 0.0000234 seconds
[2019-06-24T10:40:22.033+0000][1][safepoint    ] Application time: 1.0002401 seconds
[2019-06-24T10:40:22.033+0000][1][safepoint    ] Entering safepoint region: Cleanup
[2019-06-24T10:40:22.033+0000][1][safepoint    ] Leaving safepoint region
[2019-06-24T10:40:22.033+0000][1][safepoint    ] Total time for which application threads were stopped: 0.0002287 seconds, Stopping threads took: 0.0000616 seconds
[2019-06-24T10:40:23.034+0000][1][safepoint    ] Application time: 1.0002612 seconds
[2019-06-24T10:40:23.034+0000][1][safepoint    ] Entering safepoint region: Cleanup
[2019-06-24T10:40:23.034+0000][1][safepoint    ] Leaving safepoint region
[2019-06-24T10:40:23.034+0000][1][safepoint    ] Total time for which application threads were stopped: 0.0002330 seconds, Stopping threads took: 0.0000621 seconds
[2019-06-24T10:40:24.034+0000][1][safepoint    ] Application time: 1.0001513 seconds
[2019-06-24T10:40:24.034+0000][1][safepoint    ] Entering safepoint region: Cleanup
[2019-06-24T10:40:24.035+0000][1][safepoint    ] Leaving safepoint region
[2019-06-24T10:40:24.035+0000][1][safepoint    ] Total time for which application threads were stopped: 0.0003959 seconds, Stopping threads took: 0.0000853 seconds
[2019-06-24T10:40:25.035+0000][1][safepoint    ] Application time: 1.0001727 seconds
[2019-06-24T10:40:25.035+0000][1][safepoint    ] Entering safepoint region: Cleanup
[2019-06-24T10:40:25.035+0000][1][safepoint    ] Leaving safepoint region
[2019-06-24T10:40:25.035+0000][1][safepoint    ] Total time for which application threads were stopped: 0.0002688 seconds, Stopping threads took: 0.0000627 seconds
[2019-06-24T10:40:26.029+0000][1][safepoint    ] Application time: 0.9935524 seconds
[2019-06-24T10:40:26.029+0000][1][safepoint    ] Entering safepoint region: GenCollectForAllocation
[2019-06-24T10:40:26.029+0000][1][gc,start     ] GC(35) Pause Young (Allocation Failure)
[2019-06-24T10:40:26.029+0000][1][gc,task      ] GC(35) Using 5 workers of 8 for evacuation
[2019-06-24T10:40:26.032+0000][1][gc,age       ] GC(35) Desired survivor size 4456448 bytes, new threshold 6 (max threshold 6)
[2019-06-24T10:40:26.032+0000][1][gc,age       ] GC(35) Age table with threshold 6 (max threshold 6)
[2019-06-24T10:40:26.032+0000][1][gc,age       ] GC(35) - age   1:       4768 bytes,       4768 total
[2019-06-24T10:40:26.032+0000][1][gc,age       ] GC(35) - age   2:        120 bytes,       4888 total
[2019-06-24T10:40:26.032+0000][1][gc,age       ] GC(35) - age   3:        280 bytes,       5168 total
[2019-06-24T10:40:26.032+0000][1][gc,age       ] GC(35) - age   4:       1280 bytes,       6448 total
[2019-06-24T10:40:26.032+0000][1][gc,age       ] GC(35) - age   5:        408 bytes,       6856 total
[2019-06-24T10:40:26.032+0000][1][gc,age       ] GC(35) - age   6:       1760 bytes,       8616 total
[2019-06-24T10:40:26.032+0000][1][gc,heap      ] GC(35) ParNew: 69972K->15K(78656K)
[2019-06-24T10:40:26.032+0000][1][gc,heap      ] GC(35) CMS: 69532K->69537K(174784K)
[2019-06-24T10:40:26.032+0000][1][gc,metaspace ] GC(35) Metaspace: 66990K->66990K(1110016K)
[2019-06-24T10:40:26.032+0000][1][gc           ] GC(35) Pause Young (Allocation Failure) 136M->67M(247M) 2.926ms
[2019-06-24T10:40:26.032+0000][1][gc,cpu       ] GC(35) User=0.01s Sys=0.00s Real=0.00s
[2019-06-24T10:40:26.032+0000][1][safepoint    ] Leaving safepoint region
[2019-06-24T10:40:26.032+0000][1][safepoint    ] Total time for which application threads were stopped: 0.0034593 seconds, Stopping threads took: 0.0000884 seconds
[2019-06-24T10:40:27.033+0000][1][safepoint    ] Application time: 1.0002415 seconds
[2019-06-24T10:40:27.033+0000][1][safepoint    ] Entering safepoint region: Cleanup
[2019-06-24T10:40:27.033+0000][1][safepoint    ] Leaving safepoint region
[2019-06-24T10:40:27.033+0000][1][safepoint    ] Total time for which application threads were stopped: 0.0003288 seconds, Stopping threads took: 0.0001346 seconds
[2019-06-24T10:40:28.033+0000][1][safepoint    ] Application time: 1.0002745 seconds
[2019-06-24T10:40:28.034+0000][1][safepoint    ] Entering safepoint region: Cleanup
[2019-06-24T10:40:28.034+0000][1][safepoint    ] Leaving safepoint region
[2019-06-24T10:40:28.034+0000][1][safepoint    ] Total time for which application threads were stopped: 0.0002804 seconds, Stopping threads took: 0.0000795 seconds
[2019-06-24T10:40:29.034+0000][1][safepoint    ] Application time: 1.0001324 seconds
[2019-06-24T10:40:29.034+0000][1][safepoint    ] Entering safepoint region: Cleanup
[2019-06-24T10:40:29.034+0000][1][safepoint    ] Leaving safepoint region
[2019-06-24T10:40:29.034+0000][1][safepoint    ] Total time for which application threads were stopped: 0.0002374 seconds, Stopping threads took: 0.0000633 seconds
[2019-06-24T10:40:30.035+0000][1][safepoint    ] Application time: 1.0003008 seconds
[2019-06-24T10:40:30.035+0000][1][safepoint    ] Entering safepoint region: Cleanup
[2019-06-24T10:40:30.035+0000][1][safepoint    ] Leaving safepoint region
[2019-06-24T10:40:30.035+0000][1][safepoint    ] Total time for which application threads were stopped: 0.0000936 seconds, Stopping threads took: 0.0000233 seconds
[2019-06-24T10:40:31.035+0000][1][safepoint    ] Application time: 1.0001837 seconds
[2019-06-24T10:40:31.035+0000][1][safepoint    ] Entering safepoint region: Cleanup
[2019-06-24T10:40:31.036+0000][1][safepoint    ] Leaving safepoint region
[2019-06-24T10:40:31.036+0000][1][safepoint    ] Total time for which application threads were stopped: 0.0005420 seconds, Stopping threads took: 0.0001473 seconds
[2019-06-24T10:40:32.036+0000][1][safepoint    ] Application time: 1.0002020 seconds
[2019-06-24T10:40:32.036+0000][1][safepoint    ] Entering safepoint region: Cleanup
[2019-06-24T10:40:32.036+0000][1][safepoint    ] Leaving safepoint region
[2019-06-24T10:40:32.036+0000][1][safepoint    ] Total time for which application threads were stopped: 0.0002361 seconds, Stopping threads took: 0.0000629 seconds
[2019-06-24T10:40:33.037+0000][1][safepoint    ] Application time: 1.0001150 seconds
[2019-06-24T10:40:33.037+0000][1][safepoint    ] Entering safepoint region: Cleanup
[2019-06-24T10:40:33.037+0000][1][safepoint    ] Leaving safepoint region
[2019-06-24T10:40:33.037+0000][1][safepoint    ] Total time for which application threads were stopped: 0.0000978 seconds, Stopping threads took: 0.0000270 seconds
[2019-06-24T10:40:34.037+0000][1][safepoint    ] Application time: 1.0002028 seconds
[2019-06-24T10:40:34.037+0000][1][safepoint    ] Entering safepoint region: Cleanup
[2019-06-24T10:40:34.037+0000][1][safepoint    ] Leaving safepoint region
[2019-06-24T10:40:34.037+0000][1][safepoint    ] Total time for which application threads were stopped: 0.0001567 seconds, Stopping threads took: 0.0000408 seconds
[2019-06-24T10:40:35.037+0000][1][safepoint    ] Application time: 1.0002220 seconds
[2019-06-24T10:40:35.038+0000][1][safepoint    ] Entering safepoint region: Cleanup
[2019-06-24T10:40:35.038+0000][1][safepoint    ] Leaving safepoint region
[2019-06-24T10:40:35.038+0000][1][safepoint    ] Total time for which application threads were stopped: 0.0003510 seconds, Stopping threads took: 0.0001004 seconds
[2019-06-24T10:40:36.038+0000][1][safepoint    ] Application time: 1.0001744 seconds
[2019-06-24T10:40:36.038+0000][1][safepoint    ] Entering safepoint region: Cleanup
[2019-06-24T10:40:36.038+0000][1][safepoint    ] Leaving safepoint region
[2019-06-24T10:40:36.039+0000][1][safepoint    ] Total time for which application threads were stopped: 0.0003394 seconds, Stopping threads took: 0.0001089 seconds
[2019-06-24T10:40:37.039+0000][1][safepoint    ] Application time: 1.0002094 seconds
[2019-06-24T10:40:37.039+0000][1][safepoint    ] Entering safepoint region: Cleanup
[2019-06-24T10:40:37.039+0000][1][safepoint    ] Leaving safepoint region
[2019-06-24T10:40:37.039+0000][1][safepoint    ] Total time for which application threads were stopped: 0.0002358 seconds, Stopping threads took: 0.0000618 seconds
[2019-06-24T10:40:38.039+0000][1][safepoint    ] Application time: 1.0002639 seconds
[2019-06-24T10:40:38.040+0000][1][safepoint    ] Entering safepoint region: Cleanup
[2019-06-24T10:40:38.040+0000][1][safepoint    ] Leaving safepoint region
[2019-06-24T10:40:38.040+0000][1][safepoint    ] Total time for which application threads were stopped: 0.0002392 seconds, Stopping threads took: 0.0000629 seconds
[2019-06-24T10:40:39.040+0000][1][safepoint    ] Application time: 1.0002777 seconds
[2019-06-24T10:40:39.040+0000][1][safepoint    ] Entering safepoint region: Cleanup
[2019-06-24T10:40:39.040+0000][1][safepoint    ] Leaving safepoint region
[2019-06-24T10:40:39.040+0000][1][safepoint    ] Total time for which application threads were stopped: 0.0002903 seconds, Stopping threads took: 0.0000613 seconds
[2019-06-24T10:40:40.041+0000][1][safepoint    ] Application time: 1.0002644 seconds
[2019-06-24T10:40:40.041+0000][1][safepoint    ] Entering safepoint region: Cleanup
[2019-06-24T10:40:40.041+0000][1][safepoint    ] Leaving safepoint region
[2019-06-24T10:40:40.041+0000][1][safepoint    ] Total time for which application threads were stopped: 0.0002397 seconds, Stopping threads took: 0.0000637 seconds
[2019-06-24T10:40:41.041+0000][1][safepoint    ] Application time: 1.0002685 seconds
[2019-06-24T10:40:41.042+0000][1][safepoint    ] Entering safepoint region: Cleanup
[2019-06-24T10:40:41.042+0000][1][safepoint    ] Leaving safepoint region
[2019-06-24T10:40:41.042+0000][1][safepoint    ] Total time for which application threads were stopped: 0.0002438 seconds, Stopping threads took: 0.0000647 seconds
[2019-06-24T10:40:42.042+0000][1][safepoint    ] Application time: 1.0002657 seconds
[2019-06-24T10:40:42.042+0000][1][safepoint    ] Entering safepoint region: Cleanup
[2019-06-24T10:40:42.042+0000][1][safepoint    ] Leaving safepoint region
[2019-06-24T10:40:42.043+0000][1][safepoint    ] Total time for which application threads were stopped: 0.0003450 seconds, Stopping threads took: 0.0000653 seconds
[2019-06-24T10:40:43.043+0000][1][safepoint    ] Application time: 1.0001491 seconds
[2019-06-24T10:40:43.043+0000][1][safepoint    ] Entering safepoint region: Cleanup
[2019-06-24T10:40:43.043+0000][1][safepoint    ] Leaving safepoint region
[2019-06-24T10:40:43.043+0000][1][safepoint    ] Total time for which application threads were stopped: 0.0002433 seconds, Stopping threads took: 0.0000661 seconds
[2019-06-24T10:40:44.043+0000][1][safepoint    ] Application time: 1.0001420 seconds
[2019-06-24T10:40:44.043+0000][1][safepoint    ] Entering safepoint region: Cleanup
[2019-06-24T10:40:44.044+0000][1][safepoint    ] Leaving safepoint region
[2019-06-24T10:40:44.044+0000][1][safepoint    ] Total time for which application threads were stopped: 0.0002071 seconds, Stopping threads took: 0.0000573 seconds
[2019-06-24T10:40:45.044+0000][1][safepoint    ] Application time: 1.0002567 seconds
[2019-06-24T10:40:45.044+0000][1][safepoint    ] Entering safepoint region: Cleanup
[2019-06-24T10:40:45.044+0000][1][safepoint    ] Leaving safepoint region
[2019-06-24T10:40:45.044+0000][1][safepoint    ] Total time for which application threads were stopped: 0.0002398 seconds, Stopping threads took: 0.0000628 seconds
[2019-06-24T10:40:46.045+0000][1][safepoint    ] Application time: 1.0002664 seconds
[2019-06-24T10:40:46.045+0000][1][safepoint    ] Entering safepoint region: Cleanup
[2019-06-24T10:40:46.045+0000][1][safepoint    ] Leaving safepoint region
[2019-06-24T10:40:46.045+0000][1][safepoint    ] Total time for which application threads were stopped: 0.0002421 seconds, Stopping threads took: 0.0000633 seconds
[2019-06-24T10:40:47.045+0000][1][safepoint    ] Application time: 1.0002717 seconds
[2019-06-24T10:40:47.045+0000][1][safepoint    ] Entering safepoint region: Cleanup
[2019-06-24T10:40:47.046+0000][1][safepoint    ] Leaving safepoint region
[2019-06-24T10:40:47.046+0000][1][safepoint    ] Total time for which application threads were stopped: 0.0002413 seconds, Stopping threads took: 0.0000633 seconds
[2019-06-24T10:40:48.046+0000][1][safepoint    ] Application time: 1.0002459 seconds
[2019-06-24T10:40:48.046+0000][1][safepoint    ] Entering safepoint region: Cleanup
[2019-06-24T10:40:48.046+0000][1][safepoint    ] Leaving safepoint region
[2019-06-24T10:40:48.046+0000][1][safepoint    ] Total time for which application threads were stopped: 0.0002113 seconds, Stopping threads took: 0.0000556 seconds
[2019-06-24T10:40:49.046+0000][1][safepoint    ] Application time: 1.0001925 seconds
[2019-06-24T10:40:49.047+0000][1][safepoint    ] Entering safepoint region: Cleanup
[2019-06-24T10:40:49.047+0000][1][safepoint    ] Leaving safepoint region
[2019-06-24T10:40:49.047+0000][1][safepoint    ] Total time for which application threads were stopped: 0.0002499 seconds, Stopping threads took: 0.0000708 seconds
[2019-06-24T10:40:50.047+0000][1][safepoint    ] Application time: 1.0002061 seconds
[2019-06-24T10:40:50.047+0000][1][safepoint    ] Entering safepoint region: Cleanup
[2019-06-24T10:40:50.047+0000][1][safepoint    ] Leaving safepoint region
[2019-06-24T10:40:50.047+0000][1][safepoint    ] Total time for which application threads were stopped: 0.0002411 seconds, Stopping threads took: 0.0000631 seconds
[2019-06-24T10:40:51.048+0000][1][safepoint    ] Application time: 1.0002674 seconds
[2019-06-24T10:40:51.048+0000][1][safepoint    ] Entering safepoint region: Cleanup
[2019-06-24T10:40:51.048+0000][1][safepoint    ] Leaving safepoint region
[2019-06-24T10:40:51.048+0000][1][safepoint    ] Total time for which application threads were stopped: 0.0002422 seconds, Stopping threads took: 0.0000643 seconds
[2019-06-24T10:40:52.048+0000][1][safepoint    ] Application time: 1.0002671 seconds
[2019-06-24T10:40:52.049+0000][1][safepoint    ] Entering safepoint region: Cleanup
[2019-06-24T10:40:52.049+0000][1][safepoint    ] Leaving safepoint region
[2019-06-24T10:40:52.049+0000][1][safepoint    ] Total time for which application threads were stopped: 0.0002594 seconds, Stopping threads took: 0.0000897 seconds
[2019-06-24T10:40:53.049+0000][1][safepoint    ] Application time: 1.0002454 seconds
[2019-06-24T10:40:53.049+0000][1][safepoint    ] Entering safepoint region: Cleanup
[2019-06-24T10:40:53.049+0000][1][safepoint    ] Leaving safepoint region
[2019-06-24T10:40:53.049+0000][1][safepoint    ] Total time for which application threads were stopped: 0.0002369 seconds, Stopping threads took: 0.0000651 seconds
[2019-06-24T10:40:54.050+0000][1][safepoint    ] Application time: 1.0001372 seconds
[2019-06-24T10:40:54.050+0000][1][safepoint    ] Entering safepoint region: Cleanup
[2019-06-24T10:40:54.050+0000][1][safepoint    ] Leaving safepoint region
[2019-06-24T10:40:54.050+0000][1][safepoint    ] Total time for which application threads were stopped: 0.0000903 seconds, Stopping threads took: 0.0000241 seconds
[2019-06-24T10:40:55.050+0000][1][safepoint    ] Application time: 1.0002123 seconds
[2019-06-24T10:40:55.050+0000][1][safepoint    ] Entering safepoint region: Cleanup
[2019-06-24T10:40:55.050+0000][1][safepoint    ] Leaving safepoint region
[2019-06-24T10:40:55.050+0000][1][safepoint    ] Total time for which application threads were stopped: 0.0001020 seconds, Stopping threads took: 0.0000276 seconds
[2019-06-24T10:40:56.050+0000][1][safepoint    ] Application time: 1.0001760 seconds
[2019-06-24T10:40:56.050+0000][1][safepoint    ] Entering safepoint region: Cleanup
[2019-06-24T10:40:56.051+0000][1][safepoint    ] Leaving safepoint region
[2019-06-24T10:40:56.051+0000][1][safepoint    ] Total time for which application threads were stopped: 0.0003268 seconds, Stopping threads took: 0.0000630 seconds
[2019-06-24T10:40:57.051+0000][1][safepoint    ] Application time: 1.0001441 seconds
[2019-06-24T10:40:57.051+0000][1][safepoint    ] Entering safepoint region: Cleanup
[2019-06-24T10:40:57.051+0000][1][safepoint    ] Leaving safepoint region
[2019-06-24T10:40:57.051+0000][1][safepoint    ] Total time for which application threads were stopped: 0.0003160 seconds, Stopping threads took: 0.0000637 seconds
[2019-06-24T10:40:58.052+0000][1][safepoint    ] Application time: 1.0002274 seconds
[2019-06-24T10:40:58.052+0000][1][safepoint    ] Entering safepoint region: Cleanup
[2019-06-24T10:40:58.052+0000][1][safepoint    ] Leaving safepoint region
[2019-06-24T10:40:58.052+0000][1][safepoint    ] Total time for which application threads were stopped: 0.0002416 seconds, Stopping threads took: 0.0000621 seconds
[2019-06-24T10:40:59.052+0000][1][safepoint    ] Application time: 1.0002437 seconds
[2019-06-24T10:40:59.052+0000][1][safepoint    ] Entering safepoint region: Cleanup
[2019-06-24T10:40:59.052+0000][1][safepoint    ] Leaving safepoint region
[2019-06-24T10:40:59.052+0000][1][safepoint    ] Total time for which application threads were stopped: 0.0002337 seconds, Stopping threads took: 0.0000624 seconds
[2019-06-24T10:41:00.053+0000][1][safepoint    ] Application time: 1.0002440 seconds
[2019-06-24T10:41:00.053+0000][1][safepoint    ] Entering safepoint region: Cleanup
[2019-06-24T10:41:00.053+0000][1][safepoint    ] Leaving safepoint region
[2019-06-24T10:41:00.053+0000][1][safepoint    ] Total time for which application threads were stopped: 0.0002378 seconds, Stopping threads took: 0.0000640 seconds
[2019-06-24T10:41:01.053+0000][1][safepoint    ] Application time: 1.0002614 seconds
[2019-06-24T10:41:01.054+0000][1][safepoint    ] Entering safepoint region: Cleanup
[2019-06-24T10:41:01.054+0000][1][safepoint    ] Leaving safepoint region
[2019-06-24T10:41:01.054+0000][1][safepoint    ] Total time for which application threads were stopped: 0.0002349 seconds, Stopping threads took: 0.0000619 seconds
[2019-06-24T10:41:02.054+0000][1][safepoint    ] Application time: 1.0002735 seconds
[2019-06-24T10:41:02.054+0000][1][safepoint    ] Entering safepoint region: Cleanup
[2019-06-24T10:41:02.054+0000][1][safepoint    ] Leaving safepoint region
[2019-06-24T10:41:02.054+0000][1][safepoint    ] Total time for which application threads were stopped: 0.0002403 seconds, Stopping threads took: 0.0000635 seconds
[2019-06-24T10:41:03.055+0000][1][safepoint    ] Application time: 1.0002767 seconds
[2019-06-24T10:41:03.055+0000][1][safepoint    ] Entering safepoint region: Cleanup
[2019-06-24T10:41:03.055+0000][1][safepoint    ] Leaving safepoint region
[2019-06-24T10:41:03.055+0000][1][safepoint    ] Total time for which application threads were stopped: 0.0002518 seconds, Stopping threads took: 0.0000673 seconds
[2019-06-24T10:41:04.055+0000][1][safepoint    ] Application time: 1.0001959 seconds
[2019-06-24T10:41:04.056+0000][1][safepoint    ] Entering safepoint region: Cleanup
[2019-06-24T10:41:04.056+0000][1][safepoint    ] Leaving safepoint region
[2019-06-24T10:41:04.056+0000][1][safepoint    ] Total time for which application threads were stopped: 0.0002420 seconds, Stopping threads took: 0.0000642 seconds
[2019-06-24T10:41:05.056+0000][1][safepoint    ] Application time: 1.0001999 seconds
[2019-06-24T10:41:05.056+0000][1][safepoint    ] Entering safepoint region: Cleanup
[2019-06-24T10:41:05.056+0000][1][safepoint    ] Leaving safepoint region
[2019-06-24T10:41:05.056+0000][1][safepoint    ] Total time for which application threads were stopped: 0.0002411 seconds, Stopping threads took: 0.0000654 seconds
[2019-06-24T10:41:06.057+0000][1][safepoint    ] Application time: 1.0002701 seconds
[2019-06-24T10:41:06.057+0000][1][safepoint    ] Entering safepoint region: Cleanup
[2019-06-24T10:41:06.057+0000][1][safepoint    ] Leaving safepoint region
[2019-06-24T10:41:06.057+0000][1][safepoint    ] Total time for which application threads were stopped: 0.0003050 seconds, Stopping threads took: 0.0000621 seconds
[2019-06-24T10:41:07.057+0000][1][safepoint    ] Application time: 1.0002601 seconds
[2019-06-24T10:41:07.057+0000][1][safepoint    ] Entering safepoint region: Cleanup
[2019-06-24T10:41:07.058+0000][1][safepoint    ] Leaving safepoint region
[2019-06-24T10:41:07.058+0000][1][safepoint    ] Total time for which application threads were stopped: 0.0002534 seconds, Stopping threads took: 0.0000645 seconds
[2019-06-24T10:41:08.058+0000][1][safepoint    ] Application time: 1.0002655 seconds
[2019-06-24T10:41:08.058+0000][1][safepoint    ] Entering safepoint region: Cleanup
[2019-06-24T10:41:08.058+0000][1][safepoint    ] Leaving safepoint region
[2019-06-24T10:41:08.058+0000][1][safepoint    ] Total time for which application threads were stopped: 0.0002323 seconds, Stopping threads took: 0.0000627 seconds
[2019-06-24T10:41:09.059+0000][1][safepoint    ] Application time: 1.0003119 seconds
[2019-06-24T10:41:09.059+0000][1][safepoint    ] Entering safepoint region: Cleanup
[2019-06-24T10:41:09.059+0000][1][safepoint    ] Leaving safepoint region
[2019-06-24T10:41:09.059+0000][1][safepoint    ] Total time for which application threads were stopped: 0.0002338 seconds, Stopping threads took: 0.0000642 seconds
[2019-06-24T10:41:10.059+0000][1][safepoint    ] Application time: 1.0002788 seconds
[2019-06-24T10:41:10.059+0000][1][safepoint    ] Entering safepoint region: Cleanup
[2019-06-24T10:41:10.059+0000][1][safepoint    ] Leaving safepoint region
[2019-06-24T10:41:10.059+0000][1][safepoint    ] Total time for which application threads were stopped: 0.0000931 seconds, Stopping threads took: 0.0000249 seconds
[2019-06-24T10:41:11.060+0000][1][safepoint    ] Application time: 1.0001749 seconds
[2019-06-24T10:41:11.060+0000][1][safepoint    ] Entering safepoint region: Cleanup
[2019-06-24T10:41:11.060+0000][1][safepoint    ] Leaving safepoint region
[2019-06-24T10:41:11.060+0000][1][safepoint    ] Total time for which application threads were stopped: 0.0002325 seconds, Stopping threads took: 0.0000631 seconds
[2019-06-24T10:41:12.060+0000][1][safepoint    ] Application time: 1.0001897 seconds
[2019-06-24T10:41:12.060+0000][1][safepoint    ] Entering safepoint region: Cleanup
[2019-06-24T10:41:12.060+0000][1][safepoint    ] Leaving safepoint region
[2019-06-24T10:41:12.061+0000][1][safepoint    ] Total time for which application threads were stopped: 0.0002337 seconds, Stopping threads took: 0.0000628 seconds
[2019-06-24T10:41:13.061+0000][1][safepoint    ] Application time: 1.0001856 seconds
[2019-06-24T10:41:13.061+0000][1][safepoint    ] Entering safepoint region: Cleanup
[2019-06-24T10:41:13.061+0000][1][safepoint    ] Leaving safepoint region
[2019-06-24T10:41:13.061+0000][1][safepoint    ] Total time for which application threads were stopped: 0.0002325 seconds, Stopping threads took: 0.0000621 seconds
[2019-06-24T10:41:14.061+0000][1][safepoint    ] Application time: 1.0002659 seconds
[2019-06-24T10:41:14.062+0000][1][safepoint    ] Entering safepoint region: Cleanup
[2019-06-24T10:41:14.062+0000][1][safepoint    ] Leaving safepoint region
[2019-06-24T10:41:14.062+0000][1][safepoint    ] Total time for which application threads were stopped: 0.0002431 seconds, Stopping threads took: 0.0000642 seconds
[2019-06-24T10:41:15.062+0000][1][safepoint    ] Application time: 1.0002693 seconds
[2019-06-24T10:41:15.062+0000][1][safepoint    ] Entering safepoint region: Cleanup
[2019-06-24T10:41:15.062+0000][1][safepoint    ] Leaving safepoint region
[2019-06-24T10:41:15.062+0000][1][safepoint    ] Total time for which application threads were stopped: 0.0002439 seconds, Stopping threads took: 0.0000635 seconds
[2019-06-24T10:41:16.063+0000][1][safepoint    ] Application time: 1.0002361 seconds
[2019-06-24T10:41:16.063+0000][1][safepoint    ] Entering safepoint region: Cleanup
[2019-06-24T10:41:16.063+0000][1][safepoint    ] Leaving safepoint region
[2019-06-24T10:41:16.063+0000][1][safepoint    ] Total time for which application threads were stopped: 0.0002270 seconds, Stopping threads took: 0.0000611 seconds
[2019-06-24T10:41:17.063+0000][1][safepoint    ] Application time: 1.0002677 seconds
[2019-06-24T10:41:17.063+0000][1][safepoint    ] Entering safepoint region: Cleanup
[2019-06-24T10:41:17.064+0000][1][safepoint    ] Leaving safepoint region
[2019-06-24T10:41:17.064+0000][1][safepoint    ] Total time for which application threads were stopped: 0.0002647 seconds, Stopping threads took: 0.0000924 seconds
[2019-06-24T10:41:18.966+0000][1][safepoint    ] Application time: 1.9024145 seconds
[2019-06-24T10:41:18.966+0000][1][safepoint    ] Entering safepoint region: Cleanup
[2019-06-24T10:41:18.966+0000][1][safepoint    ] Leaving safepoint region
[2019-06-24T10:41:18.967+0000][1][safepoint    ] Total time for which application threads were stopped: 0.0003244 seconds, Stopping threads took: 0.0000643 seconds
[2019-06-24T10:41:19.967+0000][1][safepoint    ] Application time: 1.0003025 seconds
[2019-06-24T10:41:19.967+0000][1][safepoint    ] Entering safepoint region: Cleanup
[2019-06-24T10:41:19.967+0000][1][safepoint    ] Leaving safepoint region
[2019-06-24T10:41:19.967+0000][1][safepoint    ] Total time for which application threads were stopped: 0.0002951 seconds, Stopping threads took: 0.0000946 seconds
[2019-06-24T10:41:20.968+0000][1][safepoint    ] Application time: 1.0002728 seconds
[2019-06-24T10:41:20.968+0000][1][safepoint    ] Entering safepoint region: Cleanup
[2019-06-24T10:41:20.968+0000][1][safepoint    ] Leaving safepoint region
[2019-06-24T10:41:20.968+0000][1][safepoint    ] Total time for which application threads were stopped: 0.0003113 seconds, Stopping threads took: 0.0000661 seconds
[2019-06-24T10:41:21.968+0000][1][safepoint    ] Application time: 1.0002650 seconds
[2019-06-24T10:41:21.969+0000][1][safepoint    ] Entering safepoint region: Cleanup
[2019-06-24T10:41:21.969+0000][1][safepoint    ] Leaving safepoint region
[2019-06-24T10:41:21.969+0000][1][safepoint    ] Total time for which application threads were stopped: 0.0002597 seconds, Stopping threads took: 0.0000641 seconds
[2019-06-24T10:41:22.969+0000][1][safepoint    ] Application time: 1.0002897 seconds
[2019-06-24T10:41:22.969+0000][1][safepoint    ] Entering safepoint region: Cleanup
[2019-06-24T10:41:22.969+0000][1][safepoint    ] Leaving safepoint region
[2019-06-24T10:41:22.969+0000][1][safepoint    ] Total time for which application threads were stopped: 0.0002370 seconds, Stopping threads took: 0.0000638 seconds
[2019-06-24T10:41:23.970+0000][1][safepoint    ] Application time: 1.0001470 seconds
[2019-06-24T10:41:23.970+0000][1][safepoint    ] Entering safepoint region: Cleanup
[2019-06-24T10:41:23.970+0000][1][safepoint    ] Leaving safepoint region
[2019-06-24T10:41:23.970+0000][1][safepoint    ] Total time for which application threads were stopped: 0.0002775 seconds, Stopping threads took: 0.0000593 seconds
[2019-06-24T10:41:24.970+0000][1][safepoint    ] Application time: 1.0002520 seconds
[2019-06-24T10:41:24.971+0000][1][safepoint    ] Entering safepoint region: Cleanup
[2019-06-24T10:41:24.971+0000][1][safepoint    ] Leaving safepoint region
[2019-06-24T10:41:24.971+0000][1][safepoint    ] Total time for which application threads were stopped: 0.0003586 seconds, Stopping threads took: 0.0001638 seconds
[2019-06-24T10:41:25.971+0000][1][safepoint    ] Application time: 1.0001921 seconds
[2019-06-24T10:41:25.971+0000][1][safepoint    ] Entering safepoint region: Cleanup
[2019-06-24T10:41:25.971+0000][1][safepoint    ] Leaving safepoint region
[2019-06-24T10:41:25.971+0000][1][safepoint    ] Total time for which application threads were stopped: 0.0003235 seconds, Stopping threads took: 0.0001538 seconds
[2019-06-24T10:41:26.972+0000][1][safepoint    ] Application time: 1.0002101 seconds
[2019-06-24T10:41:26.972+0000][1][safepoint    ] Entering safepoint region: Cleanup
[2019-06-24T10:41:26.972+0000][1][safepoint    ] Leaving safepoint region
[2019-06-24T10:41:26.972+0000][1][safepoint    ] Total time for which application threads were stopped: 0.0002353 seconds, Stopping threads took: 0.0000630 seconds
[2019-06-24T10:41:27.972+0000][1][safepoint    ] Application time: 1.0001793 seconds
[2019-06-24T10:41:27.972+0000][1][safepoint    ] Entering safepoint region: Cleanup
[2019-06-24T10:41:27.973+0000][1][safepoint    ] Leaving safepoint region
[2019-06-24T10:41:27.973+0000][1][safepoint    ] Total time for which application threads were stopped: 0.0002374 seconds, Stopping threads took: 0.0000553 seconds
[2019-06-24T10:41:28.973+0000][1][safepoint    ] Application time: 1.0001953 seconds
[2019-06-24T10:41:28.973+0000][1][safepoint    ] Entering safepoint region: Cleanup
[2019-06-24T10:41:28.973+0000][1][safepoint    ] Leaving safepoint region
[2019-06-24T10:41:28.973+0000][1][safepoint    ] Total time for which application threads were stopped: 0.0002399 seconds, Stopping threads took: 0.0000614 seconds
[2019-06-24T10:41:29.973+0000][1][safepoint    ] Application time: 1.0002594 seconds
[2019-06-24T10:41:29.974+0000][1][safepoint    ] Entering safepoint region: Cleanup
[2019-06-24T10:41:29.974+0000][1][safepoint    ] Leaving safepoint region
[2019-06-24T10:41:29.974+0000][1][safepoint    ] Total time for which application threads were stopped: 0.0002371 seconds, Stopping threads took: 0.0000620 seconds
[2019-06-24T10:41:30.974+0000][1][safepoint    ] Application time: 1.0001997 seconds
[2019-06-24T10:41:30.974+0000][1][safepoint    ] Entering safepoint region: Cleanup
[2019-06-24T10:41:30.974+0000][1][safepoint    ] Leaving safepoint region
[2019-06-24T10:41:30.974+0000][1][safepoint    ] Total time for which application threads were stopped: 0.0003323 seconds, Stopping threads took: 0.0001495 seconds
[2019-06-24T10:41:31.975+0000][1][safepoint    ] Application time: 1.0002460 seconds
[2019-06-24T10:41:31.975+0000][1][safepoint    ] Entering safepoint region: Cleanup
[2019-06-24T10:41:31.975+0000][1][safepoint    ] Leaving safepoint region
[2019-06-24T10:41:31.975+0000][1][safepoint    ] Total time for which application threads were stopped: 0.0002555 seconds, Stopping threads took: 0.0000695 seconds
[2019-06-24T10:41:32.975+0000][1][safepoint    ] Application time: 1.0001515 seconds
[2019-06-24T10:41:32.976+0000][1][safepoint    ] Entering safepoint region: Cleanup
[2019-06-24T10:41:32.976+0000][1][safepoint    ] Leaving safepoint region
[2019-06-24T10:41:32.976+0000][1][safepoint    ] Total time for which application threads were stopped: 0.0003526 seconds, Stopping threads took: 0.0000913 seconds
[2019-06-24T10:41:33.976+0000][1][safepoint    ] Application time: 1.0002773 seconds
[2019-06-24T10:41:33.976+0000][1][safepoint    ] Entering safepoint region: Cleanup
[2019-06-24T10:41:33.977+0000][1][safepoint    ] Leaving safepoint region
[2019-06-24T10:41:33.977+0000][1][safepoint    ] Total time for which application threads were stopped: 0.0003773 seconds, Stopping threads took: 0.0000619 seconds
[2019-06-24T10:41:35.120+0000][1][safepoint    ] Application time: 1.1435922 seconds
[2019-06-24T10:41:35.120+0000][1][safepoint    ] Entering safepoint region: Cleanup
[2019-06-24T10:41:35.121+0000][1][safepoint    ] Leaving safepoint region
[2019-06-24T10:41:35.121+0000][1][safepoint    ] Total time for which application threads were stopped: 0.0002303 seconds, Stopping threads took: 0.0000624 seconds
[2019-06-24T10:41:36.121+0000][1][safepoint    ] Application time: 1.0002268 seconds
[2019-06-24T10:41:36.121+0000][1][safepoint    ] Entering safepoint region: Cleanup
[2019-06-24T10:41:36.121+0000][1][safepoint    ] Leaving safepoint region
[2019-06-24T10:41:36.121+0000][1][safepoint    ] Total time for which application threads were stopped: 0.0002164 seconds, Stopping threads took: 0.0000572 seconds
[2019-06-24T10:41:37.121+0000][1][safepoint    ] Application time: 1.0001276 seconds
[2019-06-24T10:41:37.122+0000][1][safepoint    ] Entering safepoint region: Cleanup
[2019-06-24T10:41:37.122+0000][1][safepoint    ] Leaving safepoint region
[2019-06-24T10:41:37.122+0000][1][safepoint    ] Total time for which application threads were stopped: 0.0002180 seconds, Stopping threads took: 0.0000593 seconds
[2019-06-24T10:41:38.122+0000][1][safepoint    ] Application time: 1.0001869 seconds
[2019-06-24T10:41:38.122+0000][1][safepoint    ] Entering safepoint region: Cleanup
[2019-06-24T10:41:38.122+0000][1][safepoint    ] Leaving safepoint region
[2019-06-24T10:41:38.123+0000][1][safepoint    ] Total time for which application threads were stopped: 0.0004966 seconds, Stopping threads took: 0.0001914 seconds
[2019-06-24T10:41:39.123+0000][1][safepoint    ] Application time: 1.0001498 seconds
[2019-06-24T10:41:39.123+0000][1][safepoint    ] Entering safepoint region: Cleanup
[2019-06-24T10:41:39.123+0000][1][safepoint    ] Leaving safepoint region
[2019-06-24T10:41:39.123+0000][1][safepoint    ] Total time for which application threads were stopped: 0.0002288 seconds, Stopping threads took: 0.0000617 seconds
[2019-06-24T10:41:40.123+0000][1][safepoint    ] Application time: 1.0002205 seconds
[2019-06-24T10:41:40.123+0000][1][safepoint    ] Entering safepoint region: Cleanup
[2019-06-24T10:41:40.124+0000][1][safepoint    ] Leaving safepoint region
[2019-06-24T10:41:40.124+0000][1][safepoint    ] Total time for which application threads were stopped: 0.0002368 seconds, Stopping threads took: 0.0000602 seconds
[2019-06-24T10:41:41.124+0000][1][safepoint    ] Application time: 1.0001219 seconds
[2019-06-24T10:41:41.124+0000][1][safepoint    ] Entering safepoint region: Cleanup
[2019-06-24T10:41:41.124+0000][1][safepoint    ] Leaving safepoint region
[2019-06-24T10:41:41.124+0000][1][safepoint    ] Total time for which application threads were stopped: 0.0002372 seconds, Stopping threads took: 0.0000613 seconds
[2019-06-24T10:41:42.124+0000][1][safepoint    ] Application time: 1.0002084 seconds
[2019-06-24T10:41:42.125+0000][1][safepoint    ] Entering safepoint region: Cleanup
[2019-06-24T10:41:42.125+0000][1][safepoint    ] Leaving safepoint region
[2019-06-24T10:41:42.125+0000][1][safepoint    ] Total time for which application threads were stopped: 0.0002505 seconds, Stopping threads took: 0.0000699 seconds
[2019-06-24T10:41:43.125+0000][1][safepoint    ] Application time: 1.0002910 seconds
[2019-06-24T10:41:43.125+0000][1][safepoint    ] Entering safepoint region: Cleanup
[2019-06-24T10:41:43.125+0000][1][safepoint    ] Leaving safepoint region
[2019-06-24T10:41:43.125+0000][1][safepoint    ] Total time for which application threads were stopped: 0.0002714 seconds, Stopping threads took: 0.0000617 seconds
[2019-06-24T10:41:44.126+0000][1][safepoint    ] Application time: 1.0002093 seconds
[2019-06-24T10:41:44.126+0000][1][safepoint    ] Entering safepoint region: Cleanup
[2019-06-24T10:41:44.126+0000][1][safepoint    ] Leaving safepoint region
[2019-06-24T10:41:44.126+0000][1][safepoint    ] Total time for which application threads were stopped: 0.0002073 seconds, Stopping threads took: 0.0000540 seconds
[2019-06-24T10:41:45.126+0000][1][safepoint    ] Application time: 1.0002658 seconds
[2019-06-24T10:41:45.127+0000][1][safepoint    ] Entering safepoint region: Cleanup
[2019-06-24T10:41:45.127+0000][1][safepoint    ] Leaving safepoint region
[2019-06-24T10:41:45.127+0000][1][safepoint    ] Total time for which application threads were stopped: 0.0003165 seconds, Stopping threads took: 0.0001343 seconds
[2019-06-24T10:41:46.127+0000][1][safepoint    ] Application time: 1.0002180 seconds
[2019-06-24T10:41:46.127+0000][1][safepoint    ] Entering safepoint region: Cleanup
[2019-06-24T10:41:46.127+0000][1][safepoint    ] Leaving safepoint region
[2019-06-24T10:41:46.127+0000][1][safepoint    ] Total time for which application threads were stopped: 0.0002366 seconds, Stopping threads took: 0.0000623 seconds
[2019-06-24T10:41:47.128+0000][1][safepoint    ] Application time: 1.0001868 seconds
[2019-06-24T10:41:47.128+0000][1][safepoint    ] Entering safepoint region: Cleanup
[2019-06-24T10:41:47.128+0000][1][safepoint    ] Leaving safepoint region
[2019-06-24T10:41:47.128+0000][1][safepoint    ] Total time for which application threads were stopped: 0.0002606 seconds, Stopping threads took: 0.0000638 seconds
[2019-06-24T10:41:48.128+0000][1][safepoint    ] Application time: 1.0001467 seconds
[2019-06-24T10:41:48.128+0000][1][safepoint    ] Entering safepoint region: Cleanup
[2019-06-24T10:41:48.128+0000][1][safepoint    ] Leaving safepoint region
[2019-06-24T10:41:48.128+0000][1][safepoint    ] Total time for which application threads were stopped: 0.0001496 seconds, Stopping threads took: 0.0000524 seconds
[2019-06-24T10:41:49.129+0000][1][safepoint    ] Application time: 1.0002394 seconds
[2019-06-24T10:41:49.129+0000][1][safepoint    ] Entering safepoint region: Cleanup
[2019-06-24T10:41:49.129+0000][1][safepoint    ] Leaving safepoint region
[2019-06-24T10:41:49.129+0000][1][safepoint    ] Total time for which application threads were stopped: 0.0002722 seconds, Stopping threads took: 0.0000641 seconds
[2019-06-24T10:41:50.129+0000][1][safepoint    ] Application time: 1.0002707 seconds
[2019-06-24T10:41:50.129+0000][1][safepoint    ] Entering safepoint region: Cleanup
[2019-06-24T10:41:50.130+0000][1][safepoint    ] Leaving safepoint region
[2019-06-24T10:41:50.130+0000][1][safepoint    ] Total time for which application threads were stopped: 0.0002427 seconds, Stopping threads took: 0.0000637 seconds
[2019-06-24T10:41:51.130+0000][1][safepoint    ] Application time: 1.0001864 seconds
[2019-06-24T10:41:51.130+0000][1][safepoint    ] Entering safepoint region: Cleanup
[2019-06-24T10:41:51.130+0000][1][safepoint    ] Leaving safepoint region
[2019-06-24T10:41:51.130+0000][1][safepoint    ] Total time for which application threads were stopped: 0.0002005 seconds, Stopping threads took: 0.0000551 seconds
[2019-06-24T10:41:52.130+0000][1][safepoint    ] Application time: 1.0001537 seconds
[2019-06-24T10:41:52.131+0000][1][safepoint    ] Entering safepoint region: Cleanup
[2019-06-24T10:41:52.132+0000][1][safepoint    ] Leaving safepoint region
[2019-06-24T10:41:52.132+0000][1][safepoint    ] Total time for which application threads were stopped: 0.0014647 seconds, Stopping threads took: 0.0011106 seconds
[2019-06-24T10:41:53.132+0000][1][safepoint    ] Application time: 1.0001800 seconds
[2019-06-24T10:41:53.133+0000][1][safepoint    ] Entering safepoint region: Cleanup
[2019-06-24T10:41:53.133+0000][1][safepoint    ] Leaving safepoint region
[2019-06-24T10:41:53.133+0000][1][safepoint    ] Total time for which application threads were stopped: 0.0003261 seconds, Stopping threads took: 0.0001210 seconds
[2019-06-24T10:41:54.133+0000][1][safepoint    ] Application time: 1.0002014 seconds
[2019-06-24T10:41:54.133+0000][1][safepoint    ] Entering safepoint region: Cleanup
[2019-06-24T10:41:54.133+0000][1][safepoint    ] Leaving safepoint region
[2019-06-24T10:41:54.133+0000][1][safepoint    ] Total time for which application threads were stopped: 0.0002295 seconds, Stopping threads took: 0.0000613 seconds
[2019-06-24T10:41:55.134+0000][1][safepoint    ] Application time: 1.0001649 seconds
[2019-06-24T10:41:55.134+0000][1][safepoint    ] Entering safepoint region: Cleanup
[2019-06-24T10:41:55.134+0000][1][safepoint    ] Leaving safepoint region
[2019-06-24T10:41:55.134+0000][1][safepoint    ] Total time for which application threads were stopped: 0.0002365 seconds, Stopping threads took: 0.0000667 seconds
[2019-06-24T10:41:56.134+0000][1][safepoint    ] Application time: 1.0001694 seconds
[2019-06-24T10:41:56.134+0000][1][safepoint    ] Entering safepoint region: Cleanup
[2019-06-24T10:41:56.135+0000][1][safepoint    ] Leaving safepoint region
[2019-06-24T10:41:56.135+0000][1][safepoint    ] Total time for which application threads were stopped: 0.0003134 seconds, Stopping threads took: 0.0000761 seconds
[2019-06-24T10:41:57.147+0000][1][safepoint    ] Application time: 1.0122972 seconds
[2019-06-24T10:41:57.147+0000][1][safepoint    ] Entering safepoint region: Cleanup
[2019-06-24T10:41:57.148+0000][1][safepoint    ] Leaving safepoint region
[2019-06-24T10:41:57.148+0000][1][safepoint    ] Total time for which application threads were stopped: 0.0012761 seconds, Stopping threads took: 0.0009779 seconds
[2019-06-24T10:41:58.149+0000][1][safepoint    ] Application time: 1.0001638 seconds
[2019-06-24T10:41:58.149+0000][1][safepoint    ] Entering safepoint region: Cleanup
[2019-06-24T10:41:58.149+0000][1][safepoint    ] Leaving safepoint region
[2019-06-24T10:41:58.149+0000][1][safepoint    ] Total time for which application threads were stopped: 0.0003187 seconds, Stopping threads took: 0.0000972 seconds
[2019-06-24T10:41:59.149+0000][1][safepoint    ] Application time: 1.0001681 seconds
[2019-06-24T10:41:59.149+0000][1][safepoint    ] Entering safepoint region: Cleanup
[2019-06-24T10:41:59.150+0000][1][safepoint    ] Leaving safepoint region
[2019-06-24T10:41:59.150+0000][1][safepoint    ] Total time for which application threads were stopped: 0.0003158 seconds, Stopping threads took: 0.0000850 seconds
[2019-06-24T10:42:00.150+0000][1][safepoint    ] Application time: 1.0001905 seconds
[2019-06-24T10:42:00.150+0000][1][safepoint    ] Entering safepoint region: Cleanup
[2019-06-24T10:42:00.150+0000][1][safepoint    ] Leaving safepoint region
[2019-06-24T10:42:00.150+0000][1][safepoint    ] Total time for which application threads were stopped: 0.0003099 seconds, Stopping threads took: 0.0000801 seconds
[2019-06-24T10:42:01.150+0000][1][safepoint    ] Application time: 1.0001315 seconds
[2019-06-24T10:42:01.151+0000][1][safepoint    ] Entering safepoint region: Cleanup
[2019-06-24T10:42:01.151+0000][1][safepoint    ] Leaving safepoint region
[2019-06-24T10:42:01.151+0000][1][safepoint    ] Total time for which application threads were stopped: 0.0002784 seconds, Stopping threads took: 0.0000814 seconds
[2019-06-24T10:42:02.151+0000][1][safepoint    ] Application time: 1.0002239 seconds
[2019-06-24T10:42:02.151+0000][1][safepoint    ] Entering safepoint region: Cleanup
[2019-06-24T10:42:02.151+0000][1][safepoint    ] Leaving safepoint region
[2019-06-24T10:42:02.152+0000][1][safepoint    ] Total time for which application threads were stopped: 0.0012500 seconds, Stopping threads took: 0.0000715 seconds
[2019-06-24T10:42:03.153+0000][1][safepoint    ] Application time: 1.0002307 seconds
[2019-06-24T10:42:03.153+0000][1][safepoint    ] Entering safepoint region: Cleanup
[2019-06-24T10:42:03.153+0000][1][safepoint    ] Leaving safepoint region
[2019-06-24T10:42:03.153+0000][1][safepoint    ] Total time for which application threads were stopped: 0.0002492 seconds, Stopping threads took: 0.0000884 seconds
[2019-06-24T10:42:04.153+0000][1][safepoint    ] Application time: 1.0001858 seconds
[2019-06-24T10:42:04.154+0000][1][safepoint    ] Entering safepoint region: Cleanup
[2019-06-24T10:42:04.154+0000][1][safepoint    ] Leaving safepoint region
[2019-06-24T10:42:04.154+0000][1][safepoint    ] Total time for which application threads were stopped: 0.0003227 seconds, Stopping threads took: 0.0001076 seconds
[2019-06-24T10:42:05.154+0000][1][safepoint    ] Application time: 1.0002536 seconds
[2019-06-24T10:42:05.154+0000][1][safepoint    ] Entering safepoint region: Cleanup
[2019-06-24T10:42:05.155+0000][1][safepoint    ] Leaving safepoint region
[2019-06-24T10:42:05.155+0000][1][safepoint    ] Total time for which application threads were stopped: 0.0003407 seconds, Stopping threads took: 0.0000633 seconds
[2019-06-24T10:42:06.155+0000][1][safepoint    ] Application time: 1.0001454 seconds
[2019-06-24T10:42:06.155+0000][1][safepoint    ] Entering safepoint region: Cleanup
[2019-06-24T10:42:06.155+0000][1][safepoint    ] Leaving safepoint region
[2019-06-24T10:42:06.155+0000][1][safepoint    ] Total time for which application threads were stopped: 0.0002196 seconds, Stopping threads took: 0.0000579 seconds
[2019-06-24T10:42:07.155+0000][1][safepoint    ] Application time: 1.0002078 seconds
[2019-06-24T10:42:07.156+0000][1][safepoint    ] Entering safepoint region: Cleanup
[2019-06-24T10:42:07.157+0000][1][safepoint    ] Leaving safepoint region
[2019-06-24T10:42:07.157+0000][1][safepoint    ] Total time for which application threads were stopped: 0.0011297 seconds, Stopping threads took: 0.0009010 seconds
[2019-06-24T10:42:08.157+0000][1][safepoint    ] Application time: 1.0002695 seconds
[2019-06-24T10:42:08.157+0000][1][safepoint    ] Entering safepoint region: Cleanup
[2019-06-24T10:42:08.157+0000][1][safepoint    ] Leaving safepoint region
[2019-06-24T10:42:08.157+0000][1][safepoint    ] Total time for which application threads were stopped: 0.0002360 seconds, Stopping threads took: 0.0000640 seconds
[2019-06-24T10:42:09.158+0000][1][safepoint    ] Application time: 1.0001975 seconds
[2019-06-24T10:42:09.158+0000][1][safepoint    ] Entering safepoint region: Cleanup
[2019-06-24T10:42:09.158+0000][1][safepoint    ] Leaving safepoint region
[2019-06-24T10:42:09.158+0000][1][safepoint    ] Total time for which application threads were stopped: 0.0002294 seconds, Stopping threads took: 0.0000615 seconds
[2019-06-24T10:42:10.158+0000][1][safepoint    ] Application time: 1.0002574 seconds
[2019-06-24T10:42:10.158+0000][1][safepoint    ] Entering safepoint region: Cleanup
[2019-06-24T10:42:10.159+0000][1][safepoint    ] Leaving safepoint region
[2019-06-24T10:42:10.159+0000][1][safepoint    ] Total time for which application threads were stopped: 0.0003169 seconds, Stopping threads took: 0.0000609 seconds
[2019-06-24T10:42:11.159+0000][1][safepoint    ] Application time: 1.0001271 seconds
[2019-06-24T10:42:11.159+0000][1][safepoint    ] Entering safepoint region: Cleanup
[2019-06-24T10:42:11.159+0000][1][safepoint    ] Leaving safepoint region
[2019-06-24T10:42:11.159+0000][1][safepoint    ] Total time for which application threads were stopped: 0.0003017 seconds, Stopping threads took: 0.0001047 seconds
[2019-06-24T10:42:12.159+0000][1][safepoint    ] Application time: 1.0002218 seconds
[2019-06-24T10:42:12.160+0000][1][safepoint    ] Entering safepoint region: Cleanup
[2019-06-24T10:42:12.160+0000][1][safepoint    ] Leaving safepoint region
[2019-06-24T10:42:12.160+0000][1][safepoint    ] Total time for which application threads were stopped: 0.0001955 seconds, Stopping threads took: 0.0000559 seconds
[2019-06-24T10:42:13.160+0000][1][safepoint    ] Application time: 1.0001417 seconds
[2019-06-24T10:42:13.160+0000][1][safepoint    ] Entering safepoint region: Cleanup
[2019-06-24T10:42:13.160+0000][1][safepoint    ] Leaving safepoint region
[2019-06-24T10:42:13.160+0000][1][safepoint    ] Total time for which application threads were stopped: 0.0001574 seconds, Stopping threads took: 0.0000338 seconds
[2019-06-24T10:42:14.160+0000][1][safepoint    ] Application time: 1.0001725 seconds
[2019-06-24T10:42:14.160+0000][1][safepoint    ] Entering safepoint region: Cleanup
[2019-06-24T10:42:14.161+0000][1][safepoint    ] Leaving safepoint region
[2019-06-24T10:42:14.161+0000][1][safepoint    ] Total time for which application threads were stopped: 0.0002268 seconds, Stopping threads took: 0.0000602 seconds
[2019-06-24T10:42:15.161+0000][1][safepoint    ] Application time: 1.0001841 seconds
[2019-06-24T10:42:15.161+0000][1][safepoint    ] Entering safepoint region: Cleanup
[2019-06-24T10:42:15.161+0000][1][safepoint    ] Leaving safepoint region
[2019-06-24T10:42:15.161+0000][1][safepoint    ] Total time for which application threads were stopped: 0.0003900 seconds, Stopping threads took: 0.0002160 seconds
[2019-06-24T10:42:16.162+0000][1][safepoint    ] Application time: 1.0002270 seconds
[2019-06-24T10:42:16.162+0000][1][safepoint    ] Entering safepoint region: Cleanup
[2019-06-24T10:42:16.162+0000][1][safepoint    ] Leaving safepoint region
[2019-06-24T10:42:16.162+0000][1][safepoint    ] Total time for which application threads were stopped: 0.0002258 seconds, Stopping threads took: 0.0000608 seconds
[2019-06-24T10:42:17.162+0000][1][safepoint    ] Application time: 1.0001866 seconds
[2019-06-24T10:42:17.162+0000][1][safepoint    ] Entering safepoint region: Cleanup
[2019-06-24T10:42:17.163+0000][1][safepoint    ] Leaving safepoint region
[2019-06-24T10:42:17.163+0000][1][safepoint    ] Total time for which application threads were stopped: 0.0011144 seconds, Stopping threads took: 0.0009003 seconds
[2019-06-24T10:42:18.164+0000][1][safepoint    ] Application time: 1.0001915 seconds
[2019-06-24T10:42:18.164+0000][1][safepoint    ] Entering safepoint region: Cleanup
[2019-06-24T10:42:18.164+0000][1][safepoint    ] Leaving safepoint region
[2019-06-24T10:42:18.164+0000][1][safepoint    ] Total time for which application threads were stopped: 0.0002297 seconds, Stopping threads took: 0.0000605 seconds
[2019-06-24T10:42:19.164+0000][1][safepoint    ] Application time: 1.0002731 seconds
[2019-06-24T10:42:19.164+0000][1][safepoint    ] Entering safepoint region: Cleanup
[2019-06-24T10:42:19.164+0000][1][safepoint    ] Leaving safepoint region
[2019-06-24T10:42:19.164+0000][1][safepoint    ] Total time for which application threads were stopped: 0.0001595 seconds, Stopping threads took: 0.0000535 seconds
[2019-06-24T10:42:20.165+0000][1][safepoint    ] Application time: 1.0002813 seconds
[2019-06-24T10:42:20.165+0000][1][safepoint    ] Entering safepoint region: Cleanup
[2019-06-24T10:42:20.165+0000][1][safepoint    ] Leaving safepoint region
[2019-06-24T10:42:20.165+0000][1][safepoint    ] Total time for which application threads were stopped: 0.0004237 seconds, Stopping threads took: 0.0001273 seconds
[2019-06-24T10:42:21.166+0000][1][safepoint    ] Application time: 1.0001482 seconds
[2019-06-24T10:42:21.166+0000][1][safepoint    ] Entering safepoint region: Cleanup
[2019-06-24T10:42:21.166+0000][1][safepoint    ] Leaving safepoint region
[2019-06-24T10:42:21.166+0000][1][safepoint    ] Total time for which application threads were stopped: 0.0003262 seconds, Stopping threads took: 0.0000814 seconds
[2019-06-24T10:42:22.166+0000][1][safepoint    ] Application time: 1.0002350 seconds
[2019-06-24T10:42:22.167+0000][1][safepoint    ] Entering safepoint region: Cleanup
[2019-06-24T10:42:22.168+0000][1][safepoint    ] Leaving safepoint region
[2019-06-24T10:42:22.168+0000][1][safepoint    ] Total time for which application threads were stopped: 0.0013690 seconds, Stopping threads took: 0.0011134 seconds
[2019-06-24T10:42:23.168+0000][1][safepoint    ] Application time: 1.0002840 seconds
[2019-06-24T10:42:23.168+0000][1][safepoint    ] Entering safepoint region: Cleanup
[2019-06-24T10:42:23.168+0000][1][safepoint    ] Leaving safepoint region
[2019-06-24T10:42:23.169+0000][1][safepoint    ] Total time for which application threads were stopped: 0.0002773 seconds, Stopping threads took: 0.0000795 seconds
[2019-06-24T10:42:24.169+0000][1][safepoint    ] Application time: 1.0002316 seconds
[2019-06-24T10:42:24.169+0000][1][safepoint    ] Entering safepoint region: Cleanup
[2019-06-24T10:42:24.169+0000][1][safepoint    ] Leaving safepoint region
[2019-06-24T10:42:24.169+0000][1][safepoint    ] Total time for which application threads were stopped: 0.0002708 seconds, Stopping threads took: 0.0000788 seconds
[2019-06-24T10:42:25.169+0000][1][safepoint    ] Application time: 1.0002472 seconds
[2019-06-24T10:42:25.170+0000][1][safepoint    ] Entering safepoint region: Cleanup
[2019-06-24T10:42:25.170+0000][1][safepoint    ] Leaving safepoint region
[2019-06-24T10:42:25.170+0000][1][safepoint    ] Total time for which application threads were stopped: 0.0002709 seconds, Stopping threads took: 0.0000988 seconds
[2019-06-24T10:42:26.170+0000][1][safepoint    ] Application time: 1.0002223 seconds
[2019-06-24T10:42:26.170+0000][1][safepoint    ] Entering safepoint region: Cleanup
[2019-06-24T10:42:26.170+0000][1][safepoint    ] Leaving safepoint region
[2019-06-24T10:42:26.170+0000][1][safepoint    ] Total time for which application threads were stopped: 0.0002275 seconds, Stopping threads took: 0.0000598 seconds
[2019-06-24T10:42:27.171+0000][1][safepoint    ] Application time: 1.0002017 seconds
[2019-06-24T10:42:27.171+0000][1][safepoint    ] Entering safepoint region: Cleanup
[2019-06-24T10:42:27.172+0000][1][safepoint    ] Leaving safepoint region
[2019-06-24T10:42:27.172+0000][1][safepoint    ] Total time for which application threads were stopped: 0.0011577 seconds, Stopping threads took: 0.0009251 seconds
[2019-06-24T10:42:28.172+0000][1][safepoint    ] Application time: 1.0002280 seconds
[2019-06-24T10:42:28.172+0000][1][safepoint    ] Entering safepoint region: Cleanup
[2019-06-24T10:42:28.173+0000][1][safepoint    ] Leaving safepoint region
[2019-06-24T10:42:28.173+0000][1][safepoint    ] Total time for which application threads were stopped: 0.0002728 seconds, Stopping threads took: 0.0000771 seconds
[2019-06-24T10:42:29.173+0000][1][safepoint    ] Application time: 1.0001394 seconds
[2019-06-24T10:42:29.173+0000][1][safepoint    ] Entering safepoint region: Cleanup
[2019-06-24T10:42:29.173+0000][1][safepoint    ] Leaving safepoint region
[2019-06-24T10:42:29.173+0000][1][safepoint    ] Total time for which application threads were stopped: 0.0001727 seconds, Stopping threads took: 0.0000726 seconds
[2019-06-24T10:42:30.173+0000][1][safepoint    ] Application time: 1.0002578 seconds
[2019-06-24T10:42:30.173+0000][1][safepoint    ] Entering safepoint region: Cleanup
[2019-06-24T10:42:30.174+0000][1][safepoint    ] Leaving safepoint region
[2019-06-24T10:42:30.174+0000][1][safepoint    ] Total time for which application threads were stopped: 0.0002275 seconds, Stopping threads took: 0.0000637 seconds
[2019-06-24T10:42:31.174+0000][1][safepoint    ] Application time: 1.0001801 seconds
[2019-06-24T10:42:31.174+0000][1][safepoint    ] Entering safepoint region: Cleanup
[2019-06-24T10:42:31.174+0000][1][safepoint    ] Leaving safepoint region
[2019-06-24T10:42:31.174+0000][1][safepoint    ] Total time for which application threads were stopped: 0.0002262 seconds, Stopping threads took: 0.0000618 seconds
[2019-06-24T10:42:32.174+0000][1][safepoint    ] Application time: 1.0001692 seconds
[2019-06-24T10:42:32.174+0000][1][safepoint    ] Entering safepoint region: Cleanup
[2019-06-24T10:42:32.175+0000][1][safepoint    ] Leaving safepoint region
[2019-06-24T10:42:32.175+0000][1][safepoint    ] Total time for which application threads were stopped: 0.0002839 seconds, Stopping threads took: 0.0001140 seconds
[2019-06-24T10:42:33.175+0000][1][safepoint    ] Application time: 1.0002138 seconds
[2019-06-24T10:42:33.175+0000][1][safepoint    ] Entering safepoint region: Cleanup
[2019-06-24T10:42:33.175+0000][1][safepoint    ] Leaving safepoint region
[2019-06-24T10:42:33.175+0000][1][safepoint    ] Total time for which application threads were stopped: 0.0002274 seconds, Stopping threads took: 0.0000707 seconds
[2019-06-24T10:42:34.175+0000][1][safepoint    ] Application time: 1.0001559 seconds
[2019-06-24T10:42:34.176+0000][1][safepoint    ] Entering safepoint region: Cleanup
[2019-06-24T10:42:34.176+0000][1][safepoint    ] Leaving safepoint region
[2019-06-24T10:42:34.176+0000][1][safepoint    ] Total time for which application threads were stopped: 0.0003091 seconds, Stopping threads took: 0.0001145 seconds
[2019-06-24T10:42:34.189+0000][1][safepoint    ] Application time: 0.0131725 seconds
[2019-06-24T10:42:34.189+0000][1][safepoint    ] Entering safepoint region: GenCollectForAllocation
[2019-06-24T10:42:34.190+0000][1][gc,start     ] GC(36) Pause Young (Allocation Failure)
[2019-06-24T10:42:34.190+0000][1][gc,task      ] GC(36) Using 5 workers of 8 for evacuation
[2019-06-24T10:42:34.192+0000][1][gc,age       ] GC(36) Desired survivor size 4456448 bytes, new threshold 6 (max threshold 6)
[2019-06-24T10:42:34.192+0000][1][gc,age       ] GC(36) Age table with threshold 6 (max threshold 6)
[2019-06-24T10:42:34.192+0000][1][gc,age       ] GC(36) - age   1:       4688 bytes,       4688 total
[2019-06-24T10:42:34.192+0000][1][gc,age       ] GC(36) - age   2:       1896 bytes,       6584 total
[2019-06-24T10:42:34.192+0000][1][gc,age       ] GC(36) - age   3:        120 bytes,       6704 total
[2019-06-24T10:42:34.192+0000][1][gc,age       ] GC(36) - age   4:        280 bytes,       6984 total
[2019-06-24T10:42:34.192+0000][1][gc,age       ] GC(36) - age   5:       1280 bytes,       8264 total
[2019-06-24T10:42:34.192+0000][1][gc,age       ] GC(36) - age   6:        408 bytes,       8672 total
[2019-06-24T10:42:34.192+0000][1][gc,heap      ] GC(36) ParNew: 69949K->14K(78656K)
[2019-06-24T10:42:34.192+0000][1][gc,heap      ] GC(36) CMS: 69537K->69539K(174784K)
[2019-06-24T10:42:34.192+0000][1][gc,metaspace ] GC(36) Metaspace: 66990K->66990K(1110016K)
[2019-06-24T10:42:34.192+0000][1][gc           ] GC(36) Pause Young (Allocation Failure) 136M->67M(247M) 2.699ms
[2019-06-24T10:42:34.192+0000][1][gc,cpu       ] GC(36) User=0.01s Sys=0.00s Real=0.00s
[2019-06-24T10:42:34.192+0000][1][safepoint    ] Leaving safepoint region
[2019-06-24T10:42:34.192+0000][1][safepoint    ] Total time for which application threads were stopped: 0.0031797 seconds, Stopping threads took: 0.0000963 seconds
[2019-06-24T10:42:35.193+0000][1][safepoint    ] Application time: 1.0003120 seconds
[2019-06-24T10:42:35.193+0000][1][safepoint    ] Entering safepoint region: Cleanup
[2019-06-24T10:42:35.193+0000][1][safepoint    ] Leaving safepoint region
[2019-06-24T10:42:35.193+0000][1][safepoint    ] Total time for which application threads were stopped: 0.0002221 seconds, Stopping threads took: 0.0000643 seconds
[2019-06-24T10:42:36.193+0000][1][safepoint    ] Application time: 1.0002814 seconds
[2019-06-24T10:42:36.193+0000][1][safepoint    ] Entering safepoint region: Cleanup
[2019-06-24T10:42:36.194+0000][1][safepoint    ] Leaving safepoint region
[2019-06-24T10:42:36.194+0000][1][safepoint    ] Total time for which application threads were stopped: 0.0002280 seconds, Stopping threads took: 0.0000617 seconds
[2019-06-24T10:42:37.194+0000][1][safepoint    ] Application time: 1.0002680 seconds
[2019-06-24T10:42:37.194+0000][1][safepoint    ] Entering safepoint region: Cleanup
[2019-06-24T10:42:37.194+0000][1][safepoint    ] Leaving safepoint region
[2019-06-24T10:42:37.194+0000][1][safepoint    ] Total time for which application threads were stopped: 0.0002222 seconds, Stopping threads took: 0.0000618 seconds
[2019-06-24T10:42:38.195+0000][1][safepoint    ] Application time: 1.0003252 seconds
[2019-06-24T10:42:38.195+0000][1][safepoint    ] Entering safepoint region: Cleanup
[2019-06-24T10:42:38.195+0000][1][safepoint    ] Leaving safepoint region
[2019-06-24T10:42:38.195+0000][1][safepoint    ] Total time for which application threads were stopped: 0.0002313 seconds, Stopping threads took: 0.0000638 seconds
[2019-06-24T10:42:39.195+0000][1][safepoint    ] Application time: 1.0002519 seconds
[2019-06-24T10:42:39.195+0000][1][safepoint    ] Entering safepoint region: Cleanup
[2019-06-24T10:42:39.196+0000][1][safepoint    ] Leaving safepoint region
[2019-06-24T10:42:39.196+0000][1][safepoint    ] Total time for which application threads were stopped: 0.0002207 seconds, Stopping threads took: 0.0000615 seconds
[2019-06-24T10:42:40.196+0000][1][safepoint    ] Application time: 1.0002720 seconds
[2019-06-24T10:42:40.196+0000][1][safepoint    ] Entering safepoint region: Cleanup
[2019-06-24T10:42:40.196+0000][1][safepoint    ] Leaving safepoint region
[2019-06-24T10:42:40.196+0000][1][safepoint    ] Total time for which application threads were stopped: 0.0002235 seconds, Stopping threads took: 0.0000618 seconds
[2019-06-24T10:42:41.197+0000][1][safepoint    ] Application time: 1.0002726 seconds
[2019-06-24T10:42:41.197+0000][1][safepoint    ] Entering safepoint region: Cleanup
[2019-06-24T10:42:41.197+0000][1][safepoint    ] Leaving safepoint region
[2019-06-24T10:42:41.197+0000][1][safepoint    ] Total time for which application threads were stopped: 0.0002236 seconds, Stopping threads took: 0.0000628 seconds
[2019-06-24T10:42:42.197+0000][1][safepoint    ] Application time: 1.0002548 seconds
[2019-06-24T10:42:42.197+0000][1][safepoint    ] Entering safepoint region: Cleanup
[2019-06-24T10:42:42.197+0000][1][safepoint    ] Leaving safepoint region
[2019-06-24T10:42:42.198+0000][1][safepoint    ] Total time for which application threads were stopped: 0.0002299 seconds, Stopping threads took: 0.0000627 seconds
[2019-06-24T10:42:43.198+0000][1][safepoint    ] Application time: 1.0002130 seconds
[2019-06-24T10:42:43.198+0000][1][safepoint    ] Entering safepoint region: Cleanup
[2019-06-24T10:42:43.198+0000][1][safepoint    ] Leaving safepoint region
[2019-06-24T10:42:43.198+0000][1][safepoint    ] Total time for which application threads were stopped: 0.0002276 seconds, Stopping threads took: 0.0000621 seconds
[2019-06-24T10:42:44.198+0000][1][safepoint    ] Application time: 1.0001922 seconds
[2019-06-24T10:42:44.199+0000][1][safepoint    ] Entering safepoint region: Cleanup
[2019-06-24T10:42:44.199+0000][1][safepoint    ] Leaving safepoint region
[2019-06-24T10:42:44.199+0000][1][safepoint    ] Total time for which application threads were stopped: 0.0003091 seconds, Stopping threads took: 0.0001412 seconds
[2019-06-24T10:42:45.199+0000][1][safepoint    ] Application time: 1.0001446 seconds
[2019-06-24T10:42:45.199+0000][1][safepoint    ] Entering safepoint region: Cleanup
[2019-06-24T10:42:45.199+0000][1][safepoint    ] Leaving safepoint region
[2019-06-24T10:42:45.199+0000][1][safepoint    ] Total time for which application threads were stopped: 0.0002550 seconds, Stopping threads took: 0.0000689 seconds
[2019-06-24T10:42:46.200+0000][1][safepoint    ] Application time: 1.0002702 seconds
[2019-06-24T10:42:46.200+0000][1][safepoint    ] Entering safepoint region: Cleanup
[2019-06-24T10:42:46.200+0000][1][safepoint    ] Leaving safepoint region
[2019-06-24T10:42:46.200+0000][1][safepoint    ] Total time for which application threads were stopped: 0.0002291 seconds, Stopping threads took: 0.0000624 seconds
[2019-06-24T10:42:47.200+0000][1][safepoint    ] Application time: 1.0002553 seconds
[2019-06-24T10:42:47.200+0000][1][safepoint    ] Entering safepoint region: Cleanup
[2019-06-24T10:42:47.201+0000][1][safepoint    ] Leaving safepoint region
[2019-06-24T10:42:47.201+0000][1][safepoint    ] Total time for which application threads were stopped: 0.0002300 seconds, Stopping threads took: 0.0000634 seconds
[2019-06-24T10:42:48.201+0000][1][safepoint    ] Application time: 1.0002765 seconds
[2019-06-24T10:42:48.201+0000][1][safepoint    ] Entering safepoint region: Cleanup
[2019-06-24T10:42:48.201+0000][1][safepoint    ] Leaving safepoint region
[2019-06-24T10:42:48.201+0000][1][safepoint    ] Total time for which application threads were stopped: 0.0002317 seconds, Stopping threads took: 0.0000629 seconds
[2019-06-24T10:42:49.202+0000][1][safepoint    ] Application time: 1.0002637 seconds
[2019-06-24T10:42:49.202+0000][1][safepoint    ] Entering safepoint region: Cleanup
[2019-06-24T10:42:49.202+0000][1][safepoint    ] Leaving safepoint region
[2019-06-24T10:42:49.202+0000][1][safepoint    ] Total time for which application threads were stopped: 0.0002434 seconds, Stopping threads took: 0.0000646 seconds
[2019-06-24T10:42:50.202+0000][1][safepoint    ] Application time: 1.0002638 seconds
[2019-06-24T10:42:50.202+0000][1][safepoint    ] Entering safepoint region: Cleanup
[2019-06-24T10:42:50.203+0000][1][safepoint    ] Leaving safepoint region
[2019-06-24T10:42:50.203+0000][1][safepoint    ] Total time for which application threads were stopped: 0.0003121 seconds, Stopping threads took: 0.0000634 seconds
[2019-06-24T10:42:51.203+0000][1][safepoint    ] Application time: 1.0001351 seconds
[2019-06-24T10:42:51.203+0000][1][safepoint    ] Entering safepoint region: Cleanup
[2019-06-24T10:42:51.203+0000][1][safepoint    ] Leaving safepoint region
[2019-06-24T10:42:51.203+0000][1][safepoint    ] Total time for which application threads were stopped: 0.0002339 seconds, Stopping threads took: 0.0000673 seconds
[2019-06-24T10:42:52.203+0000][1][safepoint    ] Application time: 1.0001377 seconds
[2019-06-24T10:42:52.203+0000][1][safepoint    ] Entering safepoint region: Cleanup
[2019-06-24T10:42:52.204+0000][1][safepoint    ] Leaving safepoint region
[2019-06-24T10:42:52.204+0000][1][safepoint    ] Total time for which application threads were stopped: 0.0002318 seconds, Stopping threads took: 0.0000630 seconds
[2019-06-24T10:42:53.204+0000][1][safepoint    ] Application time: 1.0002761 seconds
[2019-06-24T10:42:53.204+0000][1][safepoint    ] Entering safepoint region: Cleanup
[2019-06-24T10:42:53.204+0000][1][safepoint    ] Leaving safepoint region
[2019-06-24T10:42:53.204+0000][1][safepoint    ] Total time for which application threads were stopped: 0.0002660 seconds, Stopping threads took: 0.0001028 seconds
[2019-06-24T10:42:54.205+0000][1][safepoint    ] Application time: 1.0002579 seconds
[2019-06-24T10:42:54.205+0000][1][safepoint    ] Entering safepoint region: Cleanup
[2019-06-24T10:42:54.205+0000][1][safepoint    ] Leaving safepoint region
[2019-06-24T10:42:54.205+0000][1][safepoint    ] Total time for which application threads were stopped: 0.0002307 seconds, Stopping threads took: 0.0000870 seconds
[2019-06-24T10:42:55.205+0000][1][safepoint    ] Application time: 1.0002804 seconds
[2019-06-24T10:42:55.205+0000][1][safepoint    ] Entering safepoint region: Cleanup
[2019-06-24T10:42:55.206+0000][1][safepoint    ] Leaving safepoint region
[2019-06-24T10:42:55.206+0000][1][safepoint    ] Total time for which application threads were stopped: 0.0002320 seconds, Stopping threads took: 0.0000879 seconds
[2019-06-24T10:42:56.206+0000][1][safepoint    ] Application time: 1.0002709 seconds
[2019-06-24T10:42:56.206+0000][1][safepoint    ] Entering safepoint region: Cleanup
[2019-06-24T10:42:56.206+0000][1][safepoint    ] Leaving safepoint region
[2019-06-24T10:42:56.206+0000][1][safepoint    ] Total time for which application threads were stopped: 0.0002626 seconds, Stopping threads took: 0.0000992 seconds
[2019-06-24T10:42:57.207+0000][1][safepoint    ] Application time: 1.0003456 seconds
[2019-06-24T10:42:57.207+0000][1][safepoint    ] Entering safepoint region: Cleanup
[2019-06-24T10:42:57.207+0000][1][safepoint    ] Leaving safepoint region
[2019-06-24T10:42:57.207+0000][1][safepoint    ] Total time for which application threads were stopped: 0.0002239 seconds, Stopping threads took: 0.0000645 seconds
[2019-06-24T10:42:58.207+0000][1][safepoint    ] Application time: 1.0002421 seconds
[2019-06-24T10:42:58.207+0000][1][safepoint    ] Entering safepoint region: Cleanup
[2019-06-24T10:42:58.208+0000][1][safepoint    ] Leaving safepoint region
[2019-06-24T10:42:58.208+0000][1][safepoint    ] Total time for which application threads were stopped: 0.0002329 seconds, Stopping threads took: 0.0000639 seconds
[2019-06-24T10:42:59.265+0000][1][safepoint    ] Application time: 1.0572876 seconds
[2019-06-24T10:42:59.265+0000][1][safepoint    ] Entering safepoint region: Cleanup
[2019-06-24T10:42:59.265+0000][1][safepoint    ] Leaving safepoint region
[2019-06-24T10:42:59.265+0000][1][safepoint    ] Total time for which application threads were stopped: 0.0002388 seconds, Stopping threads took: 0.0000624 seconds
[2019-06-24T10:43:00.266+0000][1][safepoint    ] Application time: 1.0002656 seconds
[2019-06-24T10:43:00.266+0000][1][safepoint    ] Entering safepoint region: Cleanup
[2019-06-24T10:43:00.266+0000][1][safepoint    ] Leaving safepoint region
[2019-06-24T10:43:00.266+0000][1][safepoint    ] Total time for which application threads were stopped: 0.0002262 seconds, Stopping threads took: 0.0000613 seconds
[2019-06-24T10:43:01.266+0000][1][safepoint    ] Application time: 1.0002658 seconds
[2019-06-24T10:43:01.266+0000][1][safepoint    ] Entering safepoint region: Cleanup
[2019-06-24T10:43:01.267+0000][1][safepoint    ] Leaving safepoint region
[2019-06-24T10:43:01.267+0000][1][safepoint    ] Total time for which application threads were stopped: 0.0003024 seconds, Stopping threads took: 0.0000626 seconds
[2019-06-24T10:43:02.267+0000][1][safepoint    ] Application time: 1.0001559 seconds
[2019-06-24T10:43:02.267+0000][1][safepoint    ] Entering safepoint region: Cleanup
[2019-06-24T10:43:02.267+0000][1][safepoint    ] Leaving safepoint region
[2019-06-24T10:43:02.267+0000][1][safepoint    ] Total time for which application threads were stopped: 0.0002350 seconds, Stopping threads took: 0.0000631 seconds
[2019-06-24T10:43:03.267+0000][1][safepoint    ] Application time: 1.0001775 seconds
[2019-06-24T10:43:03.267+0000][1][safepoint    ] Entering safepoint region: Cleanup
[2019-06-24T10:43:03.268+0000][1][safepoint    ] Leaving safepoint region
[2019-06-24T10:43:03.268+0000][1][safepoint    ] Total time for which application threads were stopped: 0.0002215 seconds, Stopping threads took: 0.0000637 seconds
[2019-06-24T10:43:04.268+0000][1][safepoint    ] Application time: 1.0002603 seconds
[2019-06-24T10:43:04.268+0000][1][safepoint    ] Entering safepoint region: Cleanup
[2019-06-24T10:43:04.268+0000][1][safepoint    ] Leaving safepoint region
[2019-06-24T10:43:04.268+0000][1][safepoint    ] Total time for which application threads were stopped: 0.0002291 seconds, Stopping threads took: 0.0000621 seconds
[2019-06-24T10:43:05.269+0000][1][safepoint    ] Application time: 1.0002629 seconds
[2019-06-24T10:43:05.269+0000][1][safepoint    ] Entering safepoint region: Cleanup
[2019-06-24T10:43:05.269+0000][1][safepoint    ] Leaving safepoint region
[2019-06-24T10:43:05.269+0000][1][safepoint    ] Total time for which application threads were stopped: 0.0002319 seconds, Stopping threads took: 0.0000640 seconds
[2019-06-24T10:43:06.269+0000][1][safepoint    ] Application time: 1.0002673 seconds
[2019-06-24T10:43:06.269+0000][1][safepoint    ] Entering safepoint region: Cleanup
[2019-06-24T10:43:06.270+0000][1][safepoint    ] Leaving safepoint region
[2019-06-24T10:43:06.270+0000][1][safepoint    ] Total time for which application threads were stopped: 0.0002311 seconds, Stopping threads took: 0.0000636 seconds
[2019-06-24T10:43:07.270+0000][1][safepoint    ] Application time: 1.0002589 seconds
[2019-06-24T10:43:07.270+0000][1][safepoint    ] Entering safepoint region: Cleanup
[2019-06-24T10:43:07.270+0000][1][safepoint    ] Leaving safepoint region
[2019-06-24T10:43:07.270+0000][1][safepoint    ] Total time for which application threads were stopped: 0.0002283 seconds, Stopping threads took: 0.0000618 seconds
[2019-06-24T10:43:30.275+0000][1][safepoint    ] Application time: 23.0051315 seconds
[2019-06-24T10:43:30.276+0000][1][safepoint    ] Entering safepoint region: Cleanup
[2019-06-24T10:43:30.277+0000][1][safepoint    ] Leaving safepoint region
[2019-06-24T10:43:30.277+0000][1][safepoint    ] Total time for which application threads were stopped: 0.0002446 seconds, Stopping threads took: 0.0000708 seconds
[2019-06-24T10:44:06.284+0000][1][safepoint    ] Application time: 36.0070363 seconds
[2019-06-24T10:44:06.285+0000][1][safepoint    ] Entering safepoint region: Cleanup
[2019-06-24T10:44:06.285+0000][1][safepoint    ] Leaving safepoint region
[2019-06-24T10:44:06.285+0000][1][safepoint    ] Total time for which application threads were stopped: 0.0002738 seconds, Stopping threads took: 0.0001004 seconds
[2019-06-24T10:44:36.344+0000][1][safepoint    ] Application time: 30.0591877 seconds
[2019-06-24T10:44:36.344+0000][1][safepoint    ] Entering safepoint region: GenCollectForAllocation
[2019-06-24T10:44:36.345+0000][1][gc,start     ] GC(37) Pause Young (Allocation Failure)
[2019-06-24T10:44:36.345+0000][1][gc,task      ] GC(37) Using 5 workers of 8 for evacuation
[2019-06-24T10:44:36.347+0000][1][gc,age       ] GC(37) Desired survivor size 4456448 bytes, new threshold 6 (max threshold 6)
[2019-06-24T10:44:36.347+0000][1][gc,age       ] GC(37) Age table with threshold 6 (max threshold 6)
[2019-06-24T10:44:36.347+0000][1][gc,age       ] GC(37) - age   1:       3184 bytes,       3184 total
[2019-06-24T10:44:36.347+0000][1][gc,age       ] GC(37) - age   2:       1816 bytes,       5000 total
[2019-06-24T10:44:36.347+0000][1][gc,age       ] GC(37) - age   3:       1896 bytes,       6896 total
[2019-06-24T10:44:36.347+0000][1][gc,age       ] GC(37) - age   4:        120 bytes,       7016 total
[2019-06-24T10:44:36.347+0000][1][gc,age       ] GC(37) - age   5:        280 bytes,       7296 total
[2019-06-24T10:44:36.347+0000][1][gc,age       ] GC(37) - age   6:       1280 bytes,       8576 total
[2019-06-24T10:44:36.347+0000][1][gc,heap      ] GC(37) ParNew: 69911K->14K(78656K)
[2019-06-24T10:44:36.347+0000][1][gc,heap      ] GC(37) CMS: 69539K->69540K(174784K)
[2019-06-24T10:44:36.347+0000][1][gc,metaspace ] GC(37) Metaspace: 66990K->66990K(1110016K)
[2019-06-24T10:44:36.348+0000][1][gc           ] GC(37) Pause Young (Allocation Failure) 136M->67M(247M) 2.817ms
[2019-06-24T10:44:36.348+0000][1][gc,cpu       ] GC(37) User=0.01s Sys=0.00s Real=0.00s
[2019-06-24T10:44:36.348+0000][1][safepoint    ] Leaving safepoint region
[2019-06-24T10:44:36.348+0000][1][safepoint    ] Total time for which application threads were stopped: 0.0032962 seconds, Stopping threads took: 0.0000919 seconds
[2019-06-24T10:44:52.735+0000][1][safepoint    ] Application time: 16.3868174 seconds
[2019-06-24T10:44:52.743+0000][1][safepoint    ] Entering safepoint region: RevokeBias
[2019-06-24T10:44:52.743+0000][1][safepoint    ] Leaving safepoint region
[2019-06-24T10:44:52.743+0000][1][safepoint    ] Total time for which application threads were stopped: 0.0001548 seconds, Stopping threads took: 0.0000453 seconds
[2019-06-24T10:44:52.744+0000][1][safepoint    ] Application time: 0.0012135 seconds
[2019-06-24T10:44:52.744+0000][1][safepoint    ] Entering safepoint region: RevokeBias
[2019-06-24T10:44:52.744+0000][1][safepoint    ] Leaving safepoint region
[2019-06-24T10:44:52.744+0000][1][safepoint    ] Total time for which application threads were stopped: 0.0001316 seconds, Stopping threads took: 0.0000312 seconds
[2019-06-24T10:44:52.750+0000][1][safepoint    ] Application time: 0.0060172 seconds
[2019-06-24T10:44:52.751+0000][1][safepoint    ] Entering safepoint region: RevokeBias
[2019-06-24T10:44:52.751+0000][1][safepoint    ] Leaving safepoint region
[2019-06-24T10:44:52.751+0000][1][safepoint    ] Total time for which application threads were stopped: 0.0006067 seconds, Stopping threads took: 0.0004857 seconds
[2019-06-24T10:44:52.751+0000][1][safepoint    ] Application time: 0.0002100 seconds
[2019-06-24T10:44:52.764+0000][1][safepoint    ] Entering safepoint region: RevokeBias
[2019-06-24T10:44:52.764+0000][1][safepoint    ] Leaving safepoint region
[2019-06-24T10:44:52.764+0000][1][safepoint    ] Total time for which application threads were stopped: 0.0128512 seconds, Stopping threads took: 0.0127533 seconds
[2019-06-24T10:44:52.764+0000][1][safepoint    ] Application time: 0.0002357 seconds
[2019-06-24T10:44:52.764+0000][1][safepoint    ] Entering safepoint region: RevokeBias
[2019-06-24T10:44:52.764+0000][1][safepoint    ] Leaving safepoint region
[2019-06-24T10:44:52.764+0000][1][safepoint    ] Total time for which application threads were stopped: 0.0001343 seconds, Stopping threads took: 0.0000508 seconds
[2019-06-24T10:44:52.765+0000][1][safepoint    ] Application time: 0.0007656 seconds
[2019-06-24T10:44:52.765+0000][1][safepoint    ] Entering safepoint region: RevokeBias
[2019-06-24T10:44:52.765+0000][1][safepoint    ] Leaving safepoint region
[2019-06-24T10:44:52.765+0000][1][safepoint    ] Total time for which application threads were stopped: 0.0001288 seconds, Stopping threads took: 0.0000469 seconds
[2019-06-24T10:44:52.766+0000][1][safepoint    ] Application time: 0.0003098 seconds
[2019-06-24T10:44:52.767+0000][1][safepoint    ] Entering safepoint region: RevokeBias
[2019-06-24T10:44:52.767+0000][1][safepoint    ] Leaving safepoint region
[2019-06-24T10:44:52.767+0000][1][safepoint    ] Total time for which application threads were stopped: 0.0013310 seconds, Stopping threads took: 0.0012080 seconds
[2019-06-24T10:44:52.767+0000][1][safepoint    ] Application time: 0.0002995 seconds
[2019-06-24T10:44:52.767+0000][1][safepoint    ] Entering safepoint region: RevokeBias
[2019-06-24T10:44:52.767+0000][1][safepoint    ] Leaving safepoint region
[2019-06-24T10:44:52.767+0000][1][safepoint    ] Total time for which application threads were stopped: 0.0001658 seconds, Stopping threads took: 0.0000222 seconds
[2019-06-24T10:44:52.781+0000][1][safepoint    ] Application time: 0.0131889 seconds
[2019-06-24T10:44:52.785+0000][1][safepoint    ] Entering safepoint region: RevokeBias
[2019-06-24T10:44:52.786+0000][1][safepoint    ] Leaving safepoint region
[2019-06-24T10:44:52.786+0000][1][safepoint    ] Total time for which application threads were stopped: 0.0049871 seconds, Stopping threads took: 0.0041157 seconds
[2019-06-24T10:44:52.787+0000][1][safepoint    ] Application time: 0.0012418 seconds
[2019-06-24T10:44:52.803+0000][1][safepoint    ] Entering safepoint region: RevokeBias
[2019-06-24T10:44:52.803+0000][1][safepoint    ] Leaving safepoint region
[2019-06-24T10:44:52.803+0000][1][safepoint    ] Total time for which application threads were stopped: 0.0163759 seconds, Stopping threads took: 0.0161617 seconds
[2019-06-24T10:44:52.811+0000][1][safepoint    ] Application time: 0.0076973 seconds
[2019-06-24T10:44:52.811+0000][1][safepoint    ] Entering safepoint region: RevokeBias
[2019-06-24T10:44:52.811+0000][1][safepoint    ] Leaving safepoint region
[2019-06-24T10:44:52.811+0000][1][safepoint    ] Total time for which application threads were stopped: 0.0004982 seconds, Stopping threads took: 0.0001736 seconds
[2019-06-24T10:44:52.813+0000][1][safepoint    ] Application time: 0.0014335 seconds
[2019-06-24T10:44:52.813+0000][1][safepoint    ] Entering safepoint region: RevokeBias
[2019-06-24T10:44:52.813+0000][1][safepoint    ] Leaving safepoint region
[2019-06-24T10:44:52.813+0000][1][safepoint    ] Total time for which application threads were stopped: 0.0001522 seconds, Stopping threads took: 0.0000324 seconds
[2019-06-24T10:44:52.824+0000][1][safepoint    ] Application time: 0.0107747 seconds
[2019-06-24T10:44:52.824+0000][1][safepoint    ] Entering safepoint region: RevokeBias
[2019-06-24T10:44:52.824+0000][1][safepoint    ] Leaving safepoint region
[2019-06-24T10:44:52.824+0000][1][safepoint    ] Total time for which application threads were stopped: 0.0001991 seconds, Stopping threads took: 0.0000452 seconds
[2019-06-24T10:44:52.825+0000][1][safepoint    ] Application time: 0.0012524 seconds
[2019-06-24T10:44:52.826+0000][1][safepoint    ] Entering safepoint region: RevokeBias
[2019-06-24T10:44:52.826+0000][1][safepoint    ] Leaving safepoint region
[2019-06-24T10:44:52.826+0000][1][safepoint    ] Total time for which application threads were stopped: 0.0001816 seconds, Stopping threads took: 0.0000874 seconds
[2019-06-24T10:44:52.833+0000][1][safepoint    ] Application time: 0.0072998 seconds
[2019-06-24T10:44:52.833+0000][1][safepoint    ] Entering safepoint region: RevokeBias
[2019-06-24T10:44:52.833+0000][1][safepoint    ] Leaving safepoint region
[2019-06-24T10:44:52.833+0000][1][safepoint    ] Total time for which application threads were stopped: 0.0001480 seconds, Stopping threads took: 0.0000284 seconds
[2019-06-24T10:44:52.834+0000][1][safepoint    ] Application time: 0.0005395 seconds
[2019-06-24T10:44:52.834+0000][1][safepoint    ] Entering safepoint region: RevokeBias
[2019-06-24T10:44:52.834+0000][1][safepoint    ] Leaving safepoint region
[2019-06-24T10:44:52.834+0000][1][safepoint    ] Total time for which application threads were stopped: 0.0002340 seconds, Stopping threads took: 0.0000771 seconds
[2019-06-24T10:44:52.839+0000][1][safepoint    ] Application time: 0.0049696 seconds
[2019-06-24T10:44:52.839+0000][1][safepoint    ] Entering safepoint region: RevokeBias
[2019-06-24T10:44:52.841+0000][1][safepoint    ] Leaving safepoint region
[2019-06-24T10:44:52.841+0000][1][safepoint    ] Total time for which application threads were stopped: 0.0017237 seconds, Stopping threads took: 0.0005533 seconds
[2019-06-24T10:44:52.842+0000][1][safepoint    ] Application time: 0.0009330 seconds
[2019-06-24T10:44:52.842+0000][1][safepoint    ] Entering safepoint region: RevokeBias
[2019-06-24T10:44:52.842+0000][1][safepoint    ] Leaving safepoint region
[2019-06-24T10:44:52.842+0000][1][safepoint    ] Total time for which application threads were stopped: 0.0001847 seconds, Stopping threads took: 0.0000266 seconds
[2019-06-24T10:44:52.843+0000][1][safepoint    ] Application time: 0.0011665 seconds
[2019-06-24T10:44:52.843+0000][1][safepoint    ] Entering safepoint region: RevokeBias
[2019-06-24T10:44:52.843+0000][1][safepoint    ] Leaving safepoint region
[2019-06-24T10:44:52.843+0000][1][safepoint    ] Total time for which application threads were stopped: 0.0001437 seconds, Stopping threads took: 0.0000256 seconds
[2019-06-24T10:44:52.847+0000][1][safepoint    ] Application time: 0.0032936 seconds
[2019-06-24T10:44:52.847+0000][1][safepoint    ] Entering safepoint region: RevokeBias
[2019-06-24T10:44:52.847+0000][1][safepoint    ] Leaving safepoint region
[2019-06-24T10:44:52.847+0000][1][safepoint    ] Total time for which application threads were stopped: 0.0002039 seconds, Stopping threads took: 0.0000825 seconds
[2019-06-24T10:44:52.849+0000][1][safepoint    ] Application time: 0.0020762 seconds
[2019-06-24T10:44:52.849+0000][1][safepoint    ] Entering safepoint region: RevokeBias
[2019-06-24T10:44:52.849+0000][1][safepoint    ] Leaving safepoint region
[2019-06-24T10:44:52.849+0000][1][safepoint    ] Total time for which application threads were stopped: 0.0001610 seconds, Stopping threads took: 0.0000315 seconds
[2019-06-24T10:44:52.849+0000][1][safepoint    ] Application time: 0.0003984 seconds
[2019-06-24T10:44:52.850+0000][1][safepoint    ] Entering safepoint region: RevokeBias
[2019-06-24T10:44:52.850+0000][1][safepoint    ] Leaving safepoint region
[2019-06-24T10:44:52.850+0000][1][safepoint    ] Total time for which application threads were stopped: 0.0001811 seconds, Stopping threads took: 0.0000655 seconds
[2019-06-24T10:44:52.850+0000][1][safepoint    ] Application time: 0.0001318 seconds
[2019-06-24T10:44:52.850+0000][1][safepoint    ] Entering safepoint region: RevokeBias
[2019-06-24T10:44:52.851+0000][1][safepoint    ] Leaving safepoint region
[2019-06-24T10:44:52.851+0000][1][safepoint    ] Total time for which application threads were stopped: 0.0007162 seconds, Stopping threads took: 0.0005331 seconds
[2019-06-24T10:44:52.851+0000][1][safepoint    ] Application time: 0.0005607 seconds
[2019-06-24T10:44:52.851+0000][1][safepoint    ] Entering safepoint region: BulkRevokeBias
[2019-06-24T10:44:52.852+0000][1][safepoint    ] Leaving safepoint region
[2019-06-24T10:44:52.852+0000][1][safepoint    ] Total time for which application threads were stopped: 0.0004439 seconds, Stopping threads took: 0.0000229 seconds
[2019-06-24T10:44:52.852+0000][1][safepoint    ] Application time: 0.0001039 seconds
[2019-06-24T10:44:52.852+0000][1][safepoint    ] Entering safepoint region: RevokeBias
[2019-06-24T10:44:52.852+0000][1][safepoint    ] Leaving safepoint region
[2019-06-24T10:44:52.852+0000][1][safepoint    ] Total time for which application threads were stopped: 0.0001364 seconds, Stopping threads took: 0.0000536 seconds
[2019-06-24T10:44:52.852+0000][1][safepoint    ] Application time: 0.0000726 seconds
[2019-06-24T10:44:52.852+0000][1][safepoint    ] Entering safepoint region: RevokeBias
[2019-06-24T10:44:52.852+0000][1][safepoint    ] Leaving safepoint region
[2019-06-24T10:44:52.852+0000][1][safepoint    ] Total time for which application threads were stopped: 0.0000857 seconds, Stopping threads took: 0.0000161 seconds
[2019-06-24T10:44:52.852+0000][1][safepoint    ] Application time: 0.0000660 seconds
[2019-06-24T10:44:52.852+0000][1][safepoint    ] Entering safepoint region: RevokeBias
[2019-06-24T10:44:52.852+0000][1][safepoint    ] Leaving safepoint region
[2019-06-24T10:44:52.852+0000][1][safepoint    ] Total time for which application threads were stopped: 0.0000987 seconds, Stopping threads took: 0.0000289 seconds
[2019-06-24T10:44:52.852+0000][1][safepoint    ] Application time: 0.0000658 seconds
[2019-06-24T10:44:52.852+0000][1][safepoint    ] Entering safepoint region: RevokeBias
[2019-06-24T10:44:52.852+0000][1][safepoint    ] Leaving safepoint region
[2019-06-24T10:44:52.852+0000][1][safepoint    ] Total time for which application threads were stopped: 0.0000831 seconds, Stopping threads took: 0.0000153 seconds
[2019-06-24T10:44:52.852+0000][1][safepoint    ] Application time: 0.0000657 seconds
[2019-06-24T10:44:52.852+0000][1][safepoint    ] Entering safepoint region: RevokeBias
[2019-06-24T10:44:52.853+0000][1][safepoint    ] Leaving safepoint region
[2019-06-24T10:44:52.853+0000][1][safepoint    ] Total time for which application threads were stopped: 0.0000817 seconds, Stopping threads took: 0.0000153 seconds
[2019-06-24T10:44:52.853+0000][1][safepoint    ] Application time: 0.0000656 seconds
[2019-06-24T10:44:52.853+0000][1][safepoint    ] Entering safepoint region: RevokeBias
[2019-06-24T10:44:52.853+0000][1][safepoint    ] Leaving safepoint region
[2019-06-24T10:44:52.853+0000][1][safepoint    ] Total time for which application threads were stopped: 0.0000828 seconds, Stopping threads took: 0.0000148 seconds
[2019-06-24T10:44:52.853+0000][1][safepoint    ] Application time: 0.0007176 seconds
[2019-06-24T10:44:52.854+0000][1][safepoint    ] Entering safepoint region: RevokeBias
[2019-06-24T10:44:52.854+0000][1][safepoint    ] Leaving safepoint region
[2019-06-24T10:44:52.854+0000][1][safepoint    ] Total time for which application threads were stopped: 0.0001058 seconds, Stopping threads took: 0.0000195 seconds
[2019-06-24T10:44:52.860+0000][1][safepoint    ] Application time: 0.0062840 seconds
[2019-06-24T10:44:52.860+0000][1][safepoint    ] Entering safepoint region: RevokeBias
[2019-06-24T10:44:52.861+0000][1][safepoint    ] Leaving safepoint region
[2019-06-24T10:44:52.861+0000][1][safepoint    ] Total time for which application threads were stopped: 0.0008327 seconds, Stopping threads took: 0.0005157 seconds
[2019-06-24T10:44:52.866+0000][1][safepoint    ] Application time: 0.0047741 seconds
[2019-06-24T10:44:52.866+0000][1][safepoint    ] Entering safepoint region: RevokeBias
[2019-06-24T10:44:52.866+0000][1][safepoint    ] Leaving safepoint region
[2019-06-24T10:44:52.866+0000][1][safepoint    ] Total time for which application threads were stopped: 0.0003499 seconds, Stopping threads took: 0.0000261 seconds
[2019-06-24T10:44:52.878+0000][1][safepoint    ] Application time: 0.0120568 seconds
[2019-06-24T10:44:52.881+0000][1][safepoint    ] Entering safepoint region: RevokeBias
[2019-06-24T10:44:52.881+0000][1][safepoint    ] Leaving safepoint region
[2019-06-24T10:44:52.881+0000][1][safepoint    ] Total time for which application threads were stopped: 0.0025150 seconds, Stopping threads took: 0.0022202 seconds
[2019-06-24T10:44:52.890+0000][1][safepoint    ] Application time: 0.0087118 seconds
[2019-06-24T10:44:52.894+0000][1][safepoint    ] Entering safepoint region: RevokeBias
[2019-06-24T10:44:52.894+0000][1][safepoint    ] Leaving safepoint region
[2019-06-24T10:44:52.894+0000][1][safepoint    ] Total time for which application threads were stopped: 0.0043789 seconds, Stopping threads took: 0.0041863 seconds
[2019-06-24T10:44:52.900+0000][1][safepoint    ] Application time: 0.0053242 seconds
[2019-06-24T10:44:52.900+0000][1][safepoint    ] Entering safepoint region: RevokeBias
[2019-06-24T10:44:52.900+0000][1][safepoint    ] Leaving safepoint region
[2019-06-24T10:44:52.900+0000][1][safepoint    ] Total time for which application threads were stopped: 0.0002129 seconds, Stopping threads took: 0.0000305 seconds
[2019-06-24T10:44:52.901+0000][1][safepoint    ] Application time: 0.0014948 seconds
[2019-06-24T10:44:52.902+0000][1][safepoint    ] Entering safepoint region: RevokeBias
[2019-06-24T10:44:52.902+0000][1][safepoint    ] Leaving safepoint region
[2019-06-24T10:44:52.902+0000][1][safepoint    ] Total time for which application threads were stopped: 0.0003575 seconds, Stopping threads took: 0.0001753 seconds
[2019-06-24T10:44:52.912+0000][1][safepoint    ] Application time: 0.0096103 seconds
[2019-06-24T10:44:52.912+0000][1][safepoint    ] Entering safepoint region: RevokeBias
[2019-06-24T10:44:52.913+0000][1][safepoint    ] Leaving safepoint region
[2019-06-24T10:44:52.913+0000][1][safepoint    ] Total time for which application threads were stopped: 0.0012323 seconds, Stopping threads took: 0.0005798 seconds
[2019-06-24T10:44:52.922+0000][1][safepoint    ] Application time: 0.0092035 seconds
[2019-06-24T10:44:52.923+0000][1][safepoint    ] Entering safepoint region: BulkRevokeBias
[2019-06-24T10:44:52.924+0000][1][safepoint    ] Leaving safepoint region
[2019-06-24T10:44:52.924+0000][1][safepoint    ] Total time for which application threads were stopped: 0.0021118 seconds, Stopping threads took: 0.0012458 seconds
[2019-06-24T10:44:52.925+0000][1][safepoint    ] Application time: 0.0010914 seconds
[2019-06-24T10:44:52.925+0000][1][safepoint    ] Entering safepoint region: RevokeBias
[2019-06-24T10:44:52.925+0000][1][safepoint    ] Leaving safepoint region
[2019-06-24T10:44:52.925+0000][1][safepoint    ] Total time for which application threads were stopped: 0.0001642 seconds, Stopping threads took: 0.0000489 seconds
[2019-06-24T10:44:52.959+0000][1][safepoint    ] Application time: 0.0339878 seconds
[2019-06-24T10:44:52.960+0000][1][safepoint    ] Entering safepoint region: RevokeBias
[2019-06-24T10:44:52.960+0000][1][safepoint    ] Leaving safepoint region
[2019-06-24T10:44:52.960+0000][1][safepoint    ] Total time for which application threads were stopped: 0.0001987 seconds, Stopping threads took: 0.0000644 seconds
[2019-06-24T10:44:52.969+0000][1][safepoint    ] Application time: 0.0094468 seconds
[2019-06-24T10:44:52.969+0000][1][safepoint    ] Entering safepoint region: RevokeBias
[2019-06-24T10:44:52.969+0000][1][safepoint    ] Leaving safepoint region
[2019-06-24T10:44:52.969+0000][1][safepoint    ] Total time for which application threads were stopped: 0.0000947 seconds, Stopping threads took: 0.0000206 seconds
[2019-06-24T10:44:52.970+0000][1][safepoint    ] Application time: 0.0005540 seconds
[2019-06-24T10:44:52.970+0000][1][safepoint    ] Entering safepoint region: RevokeBias
[2019-06-24T10:44:52.970+0000][1][safepoint    ] Leaving safepoint region
[2019-06-24T10:44:52.970+0000][1][safepoint    ] Total time for which application threads were stopped: 0.0000748 seconds, Stopping threads took: 0.0000159 seconds
[2019-06-24T10:44:52.971+0000][1][safepoint    ] Application time: 0.0011128 seconds
[2019-06-24T10:44:52.971+0000][1][safepoint    ] Entering safepoint region: RevokeBias
[2019-06-24T10:44:52.971+0000][1][safepoint    ] Leaving safepoint region
[2019-06-24T10:44:52.971+0000][1][safepoint    ] Total time for which application threads were stopped: 0.0000724 seconds, Stopping threads took: 0.0000154 seconds
[2019-06-24T10:44:52.972+0000][1][safepoint    ] Application time: 0.0003876 seconds
[2019-06-24T10:44:52.972+0000][1][safepoint    ] Entering safepoint region: RevokeBias
[2019-06-24T10:44:52.972+0000][1][safepoint    ] Leaving safepoint region
[2019-06-24T10:44:52.972+0000][1][safepoint    ] Total time for which application threads were stopped: 0.0001000 seconds, Stopping threads took: 0.0000561 seconds
[2019-06-24T10:44:52.974+0000][1][safepoint    ] Application time: 0.0026921 seconds
[2019-06-24T10:44:52.974+0000][1][safepoint    ] Entering safepoint region: RevokeBias
[2019-06-24T10:44:52.975+0000][1][safepoint    ] Leaving safepoint region
[2019-06-24T10:44:52.975+0000][1][safepoint    ] Total time for which application threads were stopped: 0.0000804 seconds, Stopping threads took: 0.0000449 seconds
[2019-06-24T10:44:52.975+0000][1][safepoint    ] Application time: 0.0001427 seconds
[2019-06-24T10:44:52.975+0000][1][safepoint    ] Entering safepoint region: RevokeBias
[2019-06-24T10:44:52.975+0000][1][safepoint    ] Leaving safepoint region
[2019-06-24T10:44:52.975+0000][1][safepoint    ] Total time for which application threads were stopped: 0.0000506 seconds, Stopping threads took: 0.0000205 seconds
[2019-06-24T10:44:52.976+0000][1][safepoint    ] Application time: 0.0016358 seconds
[2019-06-24T10:44:52.976+0000][1][safepoint    ] Entering safepoint region: RevokeBias
[2019-06-24T10:44:52.977+0000][1][safepoint    ] Leaving safepoint region
[2019-06-24T10:44:52.977+0000][1][safepoint    ] Total time for which application threads were stopped: 0.0000961 seconds, Stopping threads took: 0.0000438 seconds
[2019-06-24T10:44:52.983+0000][1][gc,heap,exit ] Heap
[2019-06-24T10:44:52.983+0000][1][gc,heap,exit ]  par new generation   total 78656K, used 24067K [0x00000000f0000000, 0x00000000f5550000, 0x00000000f5550000)
[2019-06-24T10:44:52.983+0000][1][gc,heap,exit ]   eden space 69952K,  34% used [0x00000000f0000000, 0x00000000f177d3b8, 0x00000000f4450000)
[2019-06-24T10:44:52.983+0000][1][gc,heap,exit ]   from space 8704K,   0% used [0x00000000f4450000, 0x00000000f4453870, 0x00000000f4cd0000)
[2019-06-24T10:44:52.983+0000][1][gc,heap,exit ]   to   space 8704K,   0% used [0x00000000f4cd0000, 0x00000000f4cd0000, 0x00000000f5550000)
[2019-06-24T10:44:52.983+0000][1][gc,heap,exit ]  concurrent mark-sweep generation total 174784K, used 69540K [0x00000000f5550000, 0x0000000100000000, 0x0000000100000000)
[2019-06-24T10:44:52.983+0000][1][gc,heap,exit ]  Metaspace       used 67271K, capacity 72057K, committed 72316K, reserved 1110016K
[2019-06-24T10:44:52.983+0000][1][gc,heap,exit ]   class space    used 9061K, capacity 11093K, committed 11152K, reserved 1048576K
[2019-06-24T10:44:52.983+0000][1][safepoint    ] Application time: 0.0064109 seconds
[2019-06-24T10:44:52.983+0000][1][safepoint    ] Entering safepoint region: Exit
