[2019-06-24T14:07:44.618+0000][1][gc] Using Concurrent Mark Sweep
[2019-06-24T14:07:44.618+0000][1][gc,heap,coops] Heap address: 0x00000000f0000000, size: 256 MB, Compressed Oops mode: 32-bit
[2019-06-24T14:07:44.705+0000][1][safepoint    ] Entering safepoint region: EnableBiasedLocking
[2019-06-24T14:07:44.705+0000][1][safepoint    ] Leaving safepoint region
[2019-06-24T14:07:44.705+0000][1][safepoint    ] Total time for which application threads were stopped: 0.0001759 seconds, Stopping threads took: 0.0000832 seconds
[2019-06-24T14:07:44.714+0000][1][safepoint    ] Application time: 0.0075577 seconds
[2019-06-24T14:07:44.720+0000][1][safepoint    ] Entering safepoint region: RevokeBias
[2019-06-24T14:07:44.720+0000][1][safepoint    ] Leaving safepoint region
[2019-06-24T14:07:44.720+0000][1][safepoint    ] Total time for which application threads were stopped: 0.0058493 seconds, Stopping threads took: 0.0057545 seconds
[2019-06-24T14:07:44.731+0000][1][safepoint    ] Application time: 0.0112044 seconds
[2019-06-24T14:07:44.731+0000][1][safepoint    ] Entering safepoint region: Deoptimize
[2019-06-24T14:07:44.731+0000][1][safepoint    ] Leaving safepoint region
[2019-06-24T14:07:44.731+0000][1][safepoint    ] Total time for which application threads were stopped: 0.0000857 seconds, Stopping threads took: 0.0000223 seconds
[2019-06-24T14:07:44.913+0000][1][safepoint    ] Application time: 0.1811528 seconds
[2019-06-24T14:07:44.913+0000][1][safepoint    ] Entering safepoint region: RevokeBias
[2019-06-24T14:07:44.913+0000][1][safepoint    ] Leaving safepoint region
[2019-06-24T14:07:44.913+0000][1][safepoint    ] Total time for which application threads were stopped: 0.0001048 seconds, Stopping threads took: 0.0000203 seconds
[2019-06-24T14:07:44.969+0000][1][safepoint    ] Application time: 0.0561827 seconds
[2019-06-24T14:07:44.969+0000][1][safepoint    ] Entering safepoint region: Deoptimize
[2019-06-24T14:07:44.969+0000][1][safepoint    ] Leaving safepoint region
[2019-06-24T14:07:44.969+0000][1][safepoint    ] Total time for which application threads were stopped: 0.0001000 seconds, Stopping threads took: 0.0000154 seconds
[2019-06-24T14:07:45.619+0000][1][safepoint    ] Application time: 0.6503060 seconds
[2019-06-24T14:07:45.619+0000][1][safepoint    ] Entering safepoint region: Deoptimize
[2019-06-24T14:07:45.620+0000][1][safepoint    ] Leaving safepoint region
[2019-06-24T14:07:45.620+0000][1][safepoint    ] Total time for which application threads were stopped: 0.0001540 seconds, Stopping threads took: 0.0000207 seconds
[2019-06-24T14:07:45.662+0000][1][safepoint    ] Application time: 0.0426164 seconds
[2019-06-24T14:07:45.662+0000][1][safepoint    ] Entering safepoint region: Deoptimize
[2019-06-24T14:07:45.662+0000][1][safepoint    ] Leaving safepoint region
[2019-06-24T14:07:45.662+0000][1][safepoint    ] Total time for which application threads were stopped: 0.0001686 seconds, Stopping threads took: 0.0000120 seconds
[2019-06-24T14:07:45.695+0000][1][safepoint    ] Application time: 0.0320645 seconds
[2019-06-24T14:07:45.695+0000][1][safepoint    ] Entering safepoint region: Deoptimize
[2019-06-24T14:07:45.695+0000][1][safepoint    ] Leaving safepoint region
[2019-06-24T14:07:45.695+0000][1][safepoint    ] Total time for which application threads were stopped: 0.0001548 seconds, Stopping threads took: 0.0000145 seconds
[2019-06-24T14:07:46.697+0000][1][safepoint    ] Application time: 1.0023972 seconds
[2019-06-24T14:07:46.697+0000][1][safepoint    ] Entering safepoint region: Cleanup
[2019-06-24T14:07:46.697+0000][1][safepoint    ] Leaving safepoint region
[2019-06-24T14:07:46.697+0000][1][safepoint    ] Total time for which application threads were stopped: 0.0001346 seconds, Stopping threads took: 0.0000200 seconds
[2019-06-24T14:07:46.703+0000][1][safepoint    ] Application time: 0.0058045 seconds
[2019-06-24T14:07:46.703+0000][1][safepoint    ] Entering safepoint region: Deoptimize
[2019-06-24T14:07:46.703+0000][1][safepoint    ] Leaving safepoint region
[2019-06-24T14:07:46.703+0000][1][safepoint    ] Total time for which application threads were stopped: 0.0002375 seconds, Stopping threads took: 0.0000556 seconds
[2019-06-24T14:07:47.077+0000][1][safepoint    ] Application time: 0.3732093 seconds
[2019-06-24T14:07:47.077+0000][1][safepoint    ] Entering safepoint region: RevokeBias
[2019-06-24T14:07:47.077+0000][1][safepoint    ] Leaving safepoint region
[2019-06-24T14:07:47.077+0000][1][safepoint    ] Total time for which application threads were stopped: 0.0002213 seconds, Stopping threads took: 0.0000633 seconds
[2019-06-24T14:07:47.253+0000][1][safepoint    ] Application time: 0.1755652 seconds
[2019-06-24T14:07:47.253+0000][1][safepoint    ] Entering safepoint region: Deoptimize
[2019-06-24T14:07:47.253+0000][1][safepoint    ] Leaving safepoint region
[2019-06-24T14:07:47.253+0000][1][safepoint    ] Total time for which application threads were stopped: 0.0002613 seconds, Stopping threads took: 0.0000100 seconds
[2019-06-24T14:07:47.481+0000][1][safepoint    ] Application time: 0.2283376 seconds
[2019-06-24T14:07:47.481+0000][1][safepoint    ] Entering safepoint region: Deoptimize
[2019-06-24T14:07:47.482+0000][1][safepoint    ] Leaving safepoint region
[2019-06-24T14:07:47.482+0000][1][safepoint    ] Total time for which application threads were stopped: 0.0003439 seconds, Stopping threads took: 0.0000422 seconds
[2019-06-24T14:07:47.497+0000][1][safepoint    ] Application time: 0.0158275 seconds
[2019-06-24T14:07:47.498+0000][1][safepoint    ] Entering safepoint region: Deoptimize
[2019-06-24T14:07:47.498+0000][1][safepoint    ] Leaving safepoint region
[2019-06-24T14:07:47.498+0000][1][safepoint    ] Total time for which application threads were stopped: 0.0002626 seconds, Stopping threads took: 0.0000431 seconds
[2019-06-24T14:07:47.534+0000][1][safepoint    ] Application time: 0.0358602 seconds
[2019-06-24T14:07:47.534+0000][1][safepoint    ] Entering safepoint region: Deoptimize
[2019-06-24T14:07:47.534+0000][1][safepoint    ] Leaving safepoint region
[2019-06-24T14:07:47.534+0000][1][safepoint    ] Total time for which application threads were stopped: 0.0003338 seconds, Stopping threads took: 0.0000461 seconds
[2019-06-24T14:07:47.570+0000][1][safepoint    ] Application time: 0.0357266 seconds
[2019-06-24T14:07:47.570+0000][1][safepoint    ] Entering safepoint region: Deoptimize
[2019-06-24T14:07:47.570+0000][1][safepoint    ] Leaving safepoint region
[2019-06-24T14:07:47.570+0000][1][safepoint    ] Total time for which application threads were stopped: 0.0002790 seconds, Stopping threads took: 0.0000207 seconds
[2019-06-24T14:07:47.594+0000][1][safepoint    ] Application time: 0.0242746 seconds
[2019-06-24T14:07:47.594+0000][1][safepoint    ] Entering safepoint region: RevokeBias
[2019-06-24T14:07:47.595+0000][1][safepoint    ] Leaving safepoint region
[2019-06-24T14:07:47.595+0000][1][safepoint    ] Total time for which application threads were stopped: 0.0001203 seconds, Stopping threads took: 0.0000468 seconds
[2019-06-24T14:07:47.595+0000][1][safepoint    ] Application time: 0.0003811 seconds
[2019-06-24T14:07:47.595+0000][1][safepoint    ] Entering safepoint region: RevokeBias
[2019-06-24T14:07:47.595+0000][1][safepoint    ] Leaving safepoint region
[2019-06-24T14:07:47.595+0000][1][safepoint    ] Total time for which application threads were stopped: 0.0001161 seconds, Stopping threads took: 0.0000450 seconds
[2019-06-24T14:07:47.595+0000][1][safepoint    ] Application time: 0.0001382 seconds
[2019-06-24T14:07:47.595+0000][1][safepoint    ] Entering safepoint region: RevokeBias
[2019-06-24T14:07:47.595+0000][1][safepoint    ] Leaving safepoint region
[2019-06-24T14:07:47.595+0000][1][safepoint    ] Total time for which application threads were stopped: 0.0001000 seconds, Stopping threads took: 0.0000400 seconds
[2019-06-24T14:07:47.595+0000][1][safepoint    ] Application time: 0.0001173 seconds
[2019-06-24T14:07:47.596+0000][1][safepoint    ] Entering safepoint region: RevokeBias
[2019-06-24T14:07:47.596+0000][1][safepoint    ] Leaving safepoint region
[2019-06-24T14:07:47.596+0000][1][safepoint    ] Total time for which application threads were stopped: 0.0000921 seconds, Stopping threads took: 0.0000356 seconds
[2019-06-24T14:07:47.596+0000][1][safepoint    ] Application time: 0.0002554 seconds
[2019-06-24T14:07:47.596+0000][1][safepoint    ] Entering safepoint region: RevokeBias
[2019-06-24T14:07:47.596+0000][1][safepoint    ] Leaving safepoint region
[2019-06-24T14:07:47.596+0000][1][safepoint    ] Total time for which application threads were stopped: 0.0000954 seconds, Stopping threads took: 0.0000415 seconds
[2019-06-24T14:07:47.603+0000][1][safepoint    ] Application time: 0.0073276 seconds
[2019-06-24T14:07:47.603+0000][1][safepoint    ] Entering safepoint region: RevokeBias
[2019-06-24T14:07:47.603+0000][1][safepoint    ] Leaving safepoint region
[2019-06-24T14:07:47.603+0000][1][safepoint    ] Total time for which application threads were stopped: 0.0000736 seconds, Stopping threads took: 0.0000198 seconds
[2019-06-24T14:07:47.787+0000][1][safepoint    ] Application time: 0.1835417 seconds
[2019-06-24T14:07:47.797+0000][1][safepoint    ] Entering safepoint region: GenCollectForAllocation
[2019-06-24T14:07:47.797+0000][1][gc,start     ] GC(0) Pause Young (Allocation Failure)
[2019-06-24T14:07:47.817+0000][1][gc,task      ] GC(0) Using 5 workers of 8 for evacuation
[2019-06-24T14:07:47.845+0000][1][gc,age       ] GC(0) Desired survivor size 4456448 bytes, new threshold 1 (max threshold 6)
[2019-06-24T14:07:47.845+0000][1][gc,age       ] GC(0) Age table with threshold 1 (max threshold 6)
[2019-06-24T14:07:47.845+0000][1][gc,age       ] GC(0) - age   1:    7795968 bytes,    7795968 total
[2019-06-24T14:07:47.845+0000][1][gc,heap      ] GC(0) ParNew: 69952K->7715K(78656K)
[2019-06-24T14:07:47.845+0000][1][gc,heap      ] GC(0) CMS: 0K->0K(174784K)
[2019-06-24T14:07:47.846+0000][1][gc,metaspace ] GC(0) Metaspace: 11902K->11902K(1060864K)
[2019-06-24T14:07:47.846+0000][1][gc           ] GC(0) Pause Young (Allocation Failure) 68M->7M(247M) 48.217ms
[2019-06-24T14:07:47.846+0000][1][gc,cpu       ] GC(0) User=0.03s Sys=0.00s Real=0.05s
[2019-06-24T14:07:47.846+0000][1][safepoint    ] Leaving safepoint region
[2019-06-24T14:07:47.846+0000][1][safepoint    ] Total time for which application threads were stopped: 0.0585456 seconds, Stopping threads took: 0.0101615 seconds
[2019-06-24T14:07:47.869+0000][1][safepoint    ] Application time: 0.0235430 seconds
[2019-06-24T14:07:47.869+0000][1][safepoint    ] Entering safepoint region: RevokeBias
[2019-06-24T14:07:47.869+0000][1][safepoint    ] Leaving safepoint region
[2019-06-24T14:07:47.869+0000][1][safepoint    ] Total time for which application threads were stopped: 0.0002352 seconds, Stopping threads took: 0.0001204 seconds
[2019-06-24T14:07:47.877+0000][1][safepoint    ] Application time: 0.0077321 seconds
[2019-06-24T14:07:47.877+0000][1][safepoint    ] Entering safepoint region: RevokeBias
[2019-06-24T14:07:47.877+0000][1][safepoint    ] Leaving safepoint region
[2019-06-24T14:07:47.877+0000][1][safepoint    ] Total time for which application threads were stopped: 0.0000918 seconds, Stopping threads took: 0.0000177 seconds
[2019-06-24T14:07:47.877+0000][1][safepoint    ] Application time: 0.0000693 seconds
[2019-06-24T14:07:47.877+0000][1][safepoint    ] Entering safepoint region: RevokeBias
[2019-06-24T14:07:47.877+0000][1][safepoint    ] Leaving safepoint region
[2019-06-24T14:07:47.877+0000][1][safepoint    ] Total time for which application threads were stopped: 0.0000654 seconds, Stopping threads took: 0.0000115 seconds
[2019-06-24T14:07:47.878+0000][1][safepoint    ] Application time: 0.0000382 seconds
[2019-06-24T14:07:47.878+0000][1][safepoint    ] Entering safepoint region: RevokeBias
[2019-06-24T14:07:47.878+0000][1][safepoint    ] Leaving safepoint region
[2019-06-24T14:07:47.878+0000][1][safepoint    ] Total time for which application threads were stopped: 0.0000589 seconds, Stopping threads took: 0.0000106 seconds
[2019-06-24T14:07:47.878+0000][1][safepoint    ] Application time: 0.0000429 seconds
[2019-06-24T14:07:47.878+0000][1][safepoint    ] Entering safepoint region: RevokeBias
[2019-06-24T14:07:47.878+0000][1][safepoint    ] Leaving safepoint region
[2019-06-24T14:07:47.878+0000][1][safepoint    ] Total time for which application threads were stopped: 0.0000737 seconds, Stopping threads took: 0.0000247 seconds
[2019-06-24T14:07:47.878+0000][1][safepoint    ] Application time: 0.0000518 seconds
[2019-06-24T14:07:47.878+0000][1][safepoint    ] Entering safepoint region: RevokeBias
[2019-06-24T14:07:47.878+0000][1][safepoint    ] Leaving safepoint region
[2019-06-24T14:07:47.878+0000][1][safepoint    ] Total time for which application threads were stopped: 0.0000527 seconds, Stopping threads took: 0.0000105 seconds
[2019-06-24T14:07:47.878+0000][1][safepoint    ] Application time: 0.0001304 seconds
[2019-06-24T14:07:47.878+0000][1][safepoint    ] Entering safepoint region: RevokeBias
[2019-06-24T14:07:47.878+0000][1][safepoint    ] Leaving safepoint region
[2019-06-24T14:07:47.878+0000][1][safepoint    ] Total time for which application threads were stopped: 0.0000544 seconds, Stopping threads took: 0.0000102 seconds
[2019-06-24T14:07:47.878+0000][1][safepoint    ] Application time: 0.0000366 seconds
[2019-06-24T14:07:47.878+0000][1][safepoint    ] Entering safepoint region: RevokeBias
[2019-06-24T14:07:47.878+0000][1][safepoint    ] Leaving safepoint region
[2019-06-24T14:07:47.878+0000][1][safepoint    ] Total time for which application threads were stopped: 0.0000517 seconds, Stopping threads took: 0.0000099 seconds
[2019-06-24T14:07:47.878+0000][1][safepoint    ] Application time: 0.0000420 seconds
[2019-06-24T14:07:47.878+0000][1][safepoint    ] Entering safepoint region: RevokeBias
[2019-06-24T14:07:47.878+0000][1][safepoint    ] Leaving safepoint region
[2019-06-24T14:07:47.878+0000][1][safepoint    ] Total time for which application threads were stopped: 0.0000521 seconds, Stopping threads took: 0.0000097 seconds
[2019-06-24T14:07:47.878+0000][1][safepoint    ] Application time: 0.0000370 seconds
[2019-06-24T14:07:47.878+0000][1][safepoint    ] Entering safepoint region: RevokeBias
[2019-06-24T14:07:47.878+0000][1][safepoint    ] Leaving safepoint region
[2019-06-24T14:07:47.878+0000][1][safepoint    ] Total time for which application threads were stopped: 0.0000510 seconds, Stopping threads took: 0.0000098 seconds
[2019-06-24T14:07:47.879+0000][1][safepoint    ] Application time: 0.0004142 seconds
[2019-06-24T14:07:47.879+0000][1][safepoint    ] Entering safepoint region: RevokeBias
[2019-06-24T14:07:47.879+0000][1][safepoint    ] Leaving safepoint region
[2019-06-24T14:07:47.879+0000][1][safepoint    ] Total time for which application threads were stopped: 0.0000561 seconds, Stopping threads took: 0.0000104 seconds
[2019-06-24T14:07:47.879+0000][1][safepoint    ] Application time: 0.0000368 seconds
[2019-06-24T14:07:47.879+0000][1][safepoint    ] Entering safepoint region: RevokeBias
[2019-06-24T14:07:47.879+0000][1][safepoint    ] Leaving safepoint region
[2019-06-24T14:07:47.879+0000][1][safepoint    ] Total time for which application threads were stopped: 0.0000509 seconds, Stopping threads took: 0.0000094 seconds
[2019-06-24T14:07:47.879+0000][1][safepoint    ] Application time: 0.0000453 seconds
[2019-06-24T14:07:47.879+0000][1][safepoint    ] Entering safepoint region: RevokeBias
[2019-06-24T14:07:47.879+0000][1][safepoint    ] Leaving safepoint region
[2019-06-24T14:07:47.879+0000][1][safepoint    ] Total time for which application threads were stopped: 0.0000527 seconds, Stopping threads took: 0.0000096 seconds
[2019-06-24T14:07:47.879+0000][1][safepoint    ] Application time: 0.0000363 seconds
[2019-06-24T14:07:47.879+0000][1][safepoint    ] Entering safepoint region: RevokeBias
[2019-06-24T14:07:47.879+0000][1][safepoint    ] Leaving safepoint region
[2019-06-24T14:07:47.879+0000][1][safepoint    ] Total time for which application threads were stopped: 0.0000506 seconds, Stopping threads took: 0.0000100 seconds
[2019-06-24T14:07:47.879+0000][1][safepoint    ] Application time: 0.0000412 seconds
[2019-06-24T14:07:47.879+0000][1][safepoint    ] Entering safepoint region: RevokeBias
[2019-06-24T14:07:47.879+0000][1][safepoint    ] Leaving safepoint region
[2019-06-24T14:07:47.879+0000][1][safepoint    ] Total time for which application threads were stopped: 0.0000624 seconds, Stopping threads took: 0.0000191 seconds
[2019-06-24T14:07:47.879+0000][1][safepoint    ] Application time: 0.0000365 seconds
[2019-06-24T14:07:47.879+0000][1][safepoint    ] Entering safepoint region: RevokeBias
[2019-06-24T14:07:47.879+0000][1][safepoint    ] Leaving safepoint region
[2019-06-24T14:07:47.879+0000][1][safepoint    ] Total time for which application threads were stopped: 0.0000512 seconds, Stopping threads took: 0.0000095 seconds
[2019-06-24T14:07:47.880+0000][1][safepoint    ] Application time: 0.0000506 seconds
[2019-06-24T14:07:47.880+0000][1][safepoint    ] Entering safepoint region: RevokeBias
[2019-06-24T14:07:47.880+0000][1][safepoint    ] Leaving safepoint region
[2019-06-24T14:07:47.880+0000][1][safepoint    ] Total time for which application threads were stopped: 0.0000530 seconds, Stopping threads took: 0.0000101 seconds
[2019-06-24T14:07:47.880+0000][1][safepoint    ] Application time: 0.0000362 seconds
[2019-06-24T14:07:47.880+0000][1][safepoint    ] Entering safepoint region: RevokeBias
[2019-06-24T14:07:47.880+0000][1][safepoint    ] Leaving safepoint region
[2019-06-24T14:07:47.880+0000][1][safepoint    ] Total time for which application threads were stopped: 0.0000504 seconds, Stopping threads took: 0.0000100 seconds
[2019-06-24T14:07:47.880+0000][1][safepoint    ] Application time: 0.0000408 seconds
[2019-06-24T14:07:47.880+0000][1][safepoint    ] Entering safepoint region: RevokeBias
[2019-06-24T14:07:47.880+0000][1][safepoint    ] Leaving safepoint region
[2019-06-24T14:07:47.880+0000][1][safepoint    ] Total time for which application threads were stopped: 0.0000525 seconds, Stopping threads took: 0.0000102 seconds
[2019-06-24T14:07:47.880+0000][1][safepoint    ] Application time: 0.0000365 seconds
[2019-06-24T14:07:47.880+0000][1][safepoint    ] Entering safepoint region: RevokeBias
[2019-06-24T14:07:47.880+0000][1][safepoint    ] Leaving safepoint region
[2019-06-24T14:07:47.880+0000][1][safepoint    ] Total time for which application threads were stopped: 0.0000504 seconds, Stopping threads took: 0.0000093 seconds
[2019-06-24T14:07:47.880+0000][1][safepoint    ] Application time: 0.0000410 seconds
[2019-06-24T14:07:47.880+0000][1][safepoint    ] Entering safepoint region: RevokeBias
[2019-06-24T14:07:47.880+0000][1][safepoint    ] Leaving safepoint region
[2019-06-24T14:07:47.880+0000][1][safepoint    ] Total time for which application threads were stopped: 0.0000510 seconds, Stopping threads took: 0.0000098 seconds
[2019-06-24T14:07:47.880+0000][1][safepoint    ] Application time: 0.0000354 seconds
[2019-06-24T14:07:47.880+0000][1][safepoint    ] Entering safepoint region: RevokeBias
[2019-06-24T14:07:47.880+0000][1][safepoint    ] Leaving safepoint region
[2019-06-24T14:07:47.880+0000][1][safepoint    ] Total time for which application threads were stopped: 0.0000505 seconds, Stopping threads took: 0.0000093 seconds
[2019-06-24T14:07:47.880+0000][1][safepoint    ] Application time: 0.0000656 seconds
[2019-06-24T14:07:47.880+0000][1][safepoint    ] Entering safepoint region: RevokeBias
[2019-06-24T14:07:47.880+0000][1][safepoint    ] Leaving safepoint region
[2019-06-24T14:07:47.880+0000][1][safepoint    ] Total time for which application threads were stopped: 0.0000506 seconds, Stopping threads took: 0.0000094 seconds
[2019-06-24T14:07:47.880+0000][1][safepoint    ] Application time: 0.0000354 seconds
[2019-06-24T14:07:47.880+0000][1][safepoint    ] Entering safepoint region: RevokeBias
[2019-06-24T14:07:47.880+0000][1][safepoint    ] Leaving safepoint region
[2019-06-24T14:07:47.880+0000][1][safepoint    ] Total time for which application threads were stopped: 0.0000503 seconds, Stopping threads took: 0.0000095 seconds
[2019-06-24T14:07:47.880+0000][1][safepoint    ] Application time: 0.0000855 seconds
[2019-06-24T14:07:47.880+0000][1][safepoint    ] Entering safepoint region: RevokeBias
[2019-06-24T14:07:47.881+0000][1][safepoint    ] Leaving safepoint region
[2019-06-24T14:07:47.881+0000][1][safepoint    ] Total time for which application threads were stopped: 0.0000587 seconds, Stopping threads took: 0.0000163 seconds
[2019-06-24T14:07:47.881+0000][1][safepoint    ] Application time: 0.0000362 seconds
[2019-06-24T14:07:47.881+0000][1][safepoint    ] Entering safepoint region: RevokeBias
[2019-06-24T14:07:47.881+0000][1][safepoint    ] Leaving safepoint region
[2019-06-24T14:07:47.881+0000][1][safepoint    ] Total time for which application threads were stopped: 0.0000515 seconds, Stopping threads took: 0.0000093 seconds
[2019-06-24T14:07:48.761+0000][1][safepoint    ] Application time: 0.8801314 seconds
[2019-06-24T14:07:48.761+0000][1][safepoint    ] Entering safepoint region: Deoptimize
[2019-06-24T14:07:48.761+0000][1][safepoint    ] Leaving safepoint region
[2019-06-24T14:07:48.761+0000][1][safepoint    ] Total time for which application threads were stopped: 0.0005056 seconds, Stopping threads took: 0.0000549 seconds
[2019-06-24T14:07:49.115+0000][1][safepoint    ] Application time: 0.3531838 seconds
[2019-06-24T14:07:49.115+0000][1][safepoint    ] Entering safepoint region: RevokeBias
[2019-06-24T14:07:49.115+0000][1][safepoint    ] Leaving safepoint region
[2019-06-24T14:07:49.115+0000][1][safepoint    ] Total time for which application threads were stopped: 0.0002195 seconds, Stopping threads took: 0.0000820 seconds
[2019-06-24T14:07:49.445+0000][1][safepoint    ] Application time: 0.3302873 seconds
[2019-06-24T14:07:49.449+0000][1][safepoint    ] Entering safepoint region: RevokeBias
[2019-06-24T14:07:49.449+0000][1][safepoint    ] Leaving safepoint region
[2019-06-24T14:07:49.449+0000][1][safepoint    ] Total time for which application threads were stopped: 0.0002189 seconds, Stopping threads took: 0.0000650 seconds
[2019-06-24T14:07:49.456+0000][1][safepoint    ] Application time: 0.0068235 seconds
[2019-06-24T14:07:49.456+0000][1][safepoint    ] Entering safepoint region: RevokeBias
[2019-06-24T14:07:49.456+0000][1][safepoint    ] Leaving safepoint region
[2019-06-24T14:07:49.456+0000][1][safepoint    ] Total time for which application threads were stopped: 0.0000982 seconds, Stopping threads took: 0.0000179 seconds
[2019-06-24T14:07:49.545+0000][1][safepoint    ] Application time: 0.0891040 seconds
[2019-06-24T14:07:49.549+0000][1][safepoint    ] Entering safepoint region: GenCollectForAllocation
[2019-06-24T14:07:49.549+0000][1][gc,start     ] GC(1) Pause Young (Allocation Failure)
[2019-06-24T14:07:49.549+0000][1][gc,task      ] GC(1) Using 5 workers of 8 for evacuation
[2019-06-24T14:07:49.605+0000][1][gc,age       ] GC(1) Desired survivor size 4456448 bytes, new threshold 6 (max threshold 6)
[2019-06-24T14:07:49.605+0000][1][gc,age       ] GC(1) Age table with threshold 6 (max threshold 6)
[2019-06-24T14:07:49.605+0000][1][gc,age       ] GC(1) - age   1:    2015672 bytes,    2015672 total
[2019-06-24T14:07:49.605+0000][1][gc,heap      ] GC(1) ParNew: 77667K->6061K(78656K)
[2019-06-24T14:07:49.605+0000][1][gc,heap      ] GC(1) CMS: 0K->6611K(174784K)
[2019-06-24T14:07:49.605+0000][1][gc,metaspace ] GC(1) Metaspace: 14552K->14552K(1062912K)
[2019-06-24T14:07:49.605+0000][1][gc           ] GC(1) Pause Young (Allocation Failure) 75M->12M(247M) 56.749ms
[2019-06-24T14:07:49.605+0000][1][gc,cpu       ] GC(1) User=0.10s Sys=0.00s Real=0.06s
[2019-06-24T14:07:49.605+0000][1][safepoint    ] Leaving safepoint region
[2019-06-24T14:07:49.605+0000][1][safepoint    ] Total time for which application threads were stopped: 0.0569582 seconds, Stopping threads took: 0.0000522 seconds
[2019-06-24T14:07:49.609+0000][1][safepoint    ] Application time: 0.0037165 seconds
[2019-06-24T14:07:49.609+0000][1][safepoint    ] Entering safepoint region: BulkRevokeBias
[2019-06-24T14:07:49.609+0000][1][safepoint    ] Leaving safepoint region
[2019-06-24T14:07:49.609+0000][1][safepoint    ] Total time for which application threads were stopped: 0.0002168 seconds, Stopping threads took: 0.0000882 seconds
[2019-06-24T14:07:49.610+0000][1][safepoint    ] Application time: 0.0001555 seconds
[2019-06-24T14:07:49.610+0000][1][safepoint    ] Entering safepoint region: RevokeBias
[2019-06-24T14:07:49.610+0000][1][safepoint    ] Leaving safepoint region
[2019-06-24T14:07:49.610+0000][1][safepoint    ] Total time for which application threads were stopped: 0.0000601 seconds, Stopping threads took: 0.0000121 seconds
[2019-06-24T14:07:49.610+0000][1][safepoint    ] Application time: 0.0000512 seconds
[2019-06-24T14:07:49.610+0000][1][safepoint    ] Entering safepoint region: RevokeBias
[2019-06-24T14:07:49.610+0000][1][safepoint    ] Leaving safepoint region
[2019-06-24T14:07:49.610+0000][1][safepoint    ] Total time for which application threads were stopped: 0.0000530 seconds, Stopping threads took: 0.0000114 seconds
[2019-06-24T14:07:49.610+0000][1][safepoint    ] Application time: 0.0000382 seconds
[2019-06-24T14:07:49.610+0000][1][safepoint    ] Entering safepoint region: RevokeBias
[2019-06-24T14:07:49.610+0000][1][safepoint    ] Leaving safepoint region
[2019-06-24T14:07:49.610+0000][1][safepoint    ] Total time for which application threads were stopped: 0.0000518 seconds, Stopping threads took: 0.0000110 seconds
[2019-06-24T14:07:49.610+0000][1][safepoint    ] Application time: 0.0000470 seconds
[2019-06-24T14:07:49.610+0000][1][safepoint    ] Entering safepoint region: RevokeBias
[2019-06-24T14:07:49.610+0000][1][safepoint    ] Leaving safepoint region
[2019-06-24T14:07:49.610+0000][1][safepoint    ] Total time for which application threads were stopped: 0.0000519 seconds, Stopping threads took: 0.0000113 seconds
[2019-06-24T14:07:49.610+0000][1][safepoint    ] Application time: 0.0000385 seconds
[2019-06-24T14:07:49.610+0000][1][safepoint    ] Entering safepoint region: RevokeBias
[2019-06-24T14:07:49.610+0000][1][safepoint    ] Leaving safepoint region
[2019-06-24T14:07:49.610+0000][1][safepoint    ] Total time for which application threads were stopped: 0.0000503 seconds, Stopping threads took: 0.0000111 seconds
[2019-06-24T14:07:49.610+0000][1][safepoint    ] Application time: 0.0000448 seconds
[2019-06-24T14:07:49.610+0000][1][safepoint    ] Entering safepoint region: RevokeBias
[2019-06-24T14:07:49.610+0000][1][safepoint    ] Leaving safepoint region
[2019-06-24T14:07:49.610+0000][1][safepoint    ] Total time for which application threads were stopped: 0.0000527 seconds, Stopping threads took: 0.0000117 seconds
[2019-06-24T14:07:49.610+0000][1][safepoint    ] Application time: 0.0000390 seconds
[2019-06-24T14:07:49.610+0000][1][safepoint    ] Entering safepoint region: RevokeBias
[2019-06-24T14:07:49.610+0000][1][safepoint    ] Leaving safepoint region
[2019-06-24T14:07:49.610+0000][1][safepoint    ] Total time for which application threads were stopped: 0.0000521 seconds, Stopping threads took: 0.0000112 seconds
[2019-06-24T14:07:49.610+0000][1][safepoint    ] Application time: 0.0000449 seconds
[2019-06-24T14:07:49.610+0000][1][safepoint    ] Entering safepoint region: RevokeBias
[2019-06-24T14:07:49.611+0000][1][safepoint    ] Leaving safepoint region
[2019-06-24T14:07:49.611+0000][1][safepoint    ] Total time for which application threads were stopped: 0.0000537 seconds, Stopping threads took: 0.0000100 seconds
[2019-06-24T14:07:49.611+0000][1][safepoint    ] Application time: 0.0000388 seconds
[2019-06-24T14:07:49.611+0000][1][safepoint    ] Entering safepoint region: RevokeBias
[2019-06-24T14:07:49.611+0000][1][safepoint    ] Leaving safepoint region
[2019-06-24T14:07:49.611+0000][1][safepoint    ] Total time for which application threads were stopped: 0.0000516 seconds, Stopping threads took: 0.0000112 seconds
[2019-06-24T14:07:49.611+0000][1][safepoint    ] Application time: 0.0000496 seconds
[2019-06-24T14:07:49.611+0000][1][safepoint    ] Entering safepoint region: BulkRevokeBias
[2019-06-24T14:07:49.611+0000][1][safepoint    ] Leaving safepoint region
[2019-06-24T14:07:49.611+0000][1][safepoint    ] Total time for which application threads were stopped: 0.0000870 seconds, Stopping threads took: 0.0000115 seconds
[2019-06-24T14:07:49.611+0000][1][safepoint    ] Application time: 0.0000390 seconds
[2019-06-24T14:07:49.611+0000][1][safepoint    ] Entering safepoint region: RevokeBias
[2019-06-24T14:07:49.611+0000][1][safepoint    ] Leaving safepoint region
[2019-06-24T14:07:49.611+0000][1][safepoint    ] Total time for which application threads were stopped: 0.0000548 seconds, Stopping threads took: 0.0000114 seconds
[2019-06-24T14:07:49.611+0000][1][safepoint    ] Application time: 0.0000459 seconds
[2019-06-24T14:07:49.611+0000][1][safepoint    ] Entering safepoint region: BulkRevokeBias
[2019-06-24T14:07:49.611+0000][1][safepoint    ] Leaving safepoint region
[2019-06-24T14:07:49.611+0000][1][safepoint    ] Total time for which application threads were stopped: 0.0000740 seconds, Stopping threads took: 0.0000114 seconds
[2019-06-24T14:07:49.841+0000][1][safepoint    ] Application time: 0.2294903 seconds
[2019-06-24T14:07:49.841+0000][1][safepoint    ] Entering safepoint region: GenCollectForAllocation
[2019-06-24T14:07:49.841+0000][1][gc,start     ] GC(2) Pause Young (Allocation Failure)
[2019-06-24T14:07:49.841+0000][1][gc,task      ] GC(2) Using 5 workers of 8 for evacuation
[2019-06-24T14:07:49.850+0000][1][gc,age       ] GC(2) Desired survivor size 4456448 bytes, new threshold 6 (max threshold 6)
[2019-06-24T14:07:49.850+0000][1][gc,age       ] GC(2) Age table with threshold 6 (max threshold 6)
[2019-06-24T14:07:49.850+0000][1][gc,age       ] GC(2) - age   1:    2689360 bytes,    2689360 total
[2019-06-24T14:07:49.850+0000][1][gc,age       ] GC(2) - age   2:    1208168 bytes,    3897528 total
[2019-06-24T14:07:49.850+0000][1][gc,heap      ] GC(2) ParNew: 76013K->4562K(78656K)
[2019-06-24T14:07:49.850+0000][1][gc,heap      ] GC(2) CMS: 6611K->6611K(174784K)
[2019-06-24T14:07:49.850+0000][1][gc,metaspace ] GC(2) Metaspace: 14642K->14642K(1062912K)
[2019-06-24T14:07:49.850+0000][1][gc           ] GC(2) Pause Young (Allocation Failure) 80M->10M(247M) 9.530ms
[2019-06-24T14:07:49.850+0000][1][gc,cpu       ] GC(2) User=0.03s Sys=0.00s Real=0.01s
[2019-06-24T14:07:49.850+0000][1][safepoint    ] Leaving safepoint region
[2019-06-24T14:07:49.850+0000][1][safepoint    ] Total time for which application threads were stopped: 0.0098235 seconds, Stopping threads took: 0.0000662 seconds
[2019-06-24T14:07:49.857+0000][1][safepoint    ] Application time: 0.0068454 seconds
[2019-06-24T14:07:49.857+0000][1][safepoint    ] Entering safepoint region: RevokeBias
[2019-06-24T14:07:49.857+0000][1][safepoint    ] Leaving safepoint region
[2019-06-24T14:07:49.857+0000][1][safepoint    ] Total time for which application threads were stopped: 0.0001119 seconds, Stopping threads took: 0.0000486 seconds
[2019-06-24T14:07:49.858+0000][1][safepoint    ] Application time: 0.0000503 seconds
[2019-06-24T14:07:49.869+0000][1][safepoint    ] Entering safepoint region: RevokeBias
[2019-06-24T14:07:49.869+0000][1][safepoint    ] Leaving safepoint region
[2019-06-24T14:07:49.869+0000][1][safepoint    ] Total time for which application threads were stopped: 0.0117361 seconds, Stopping threads took: 0.0116580 seconds
[2019-06-24T14:07:49.869+0000][1][safepoint    ] Application time: 0.0000955 seconds
[2019-06-24T14:07:49.873+0000][1][safepoint    ] Entering safepoint region: RevokeBias
[2019-06-24T14:07:49.873+0000][1][safepoint    ] Leaving safepoint region
[2019-06-24T14:07:49.873+0000][1][safepoint    ] Total time for which application threads were stopped: 0.0038604 seconds, Stopping threads took: 0.0037730 seconds
[2019-06-24T14:07:49.873+0000][1][safepoint    ] Application time: 0.0000840 seconds
[2019-06-24T14:07:49.873+0000][1][safepoint    ] Entering safepoint region: RevokeBias
[2019-06-24T14:07:49.873+0000][1][safepoint    ] Leaving safepoint region
[2019-06-24T14:07:49.873+0000][1][safepoint    ] Total time for which application threads were stopped: 0.0000839 seconds, Stopping threads took: 0.0000344 seconds
[2019-06-24T14:07:49.874+0000][1][safepoint    ] Application time: 0.0000712 seconds
[2019-06-24T14:07:49.874+0000][1][safepoint    ] Entering safepoint region: RevokeBias
[2019-06-24T14:07:49.874+0000][1][safepoint    ] Leaving safepoint region
[2019-06-24T14:07:49.874+0000][1][safepoint    ] Total time for which application threads were stopped: 0.0000725 seconds, Stopping threads took: 0.0000302 seconds
[2019-06-24T14:07:49.874+0000][1][safepoint    ] Application time: 0.0000466 seconds
[2019-06-24T14:07:49.874+0000][1][safepoint    ] Entering safepoint region: RevokeBias
[2019-06-24T14:07:49.874+0000][1][safepoint    ] Leaving safepoint region
[2019-06-24T14:07:49.874+0000][1][safepoint    ] Total time for which application threads were stopped: 0.0000498 seconds, Stopping threads took: 0.0000111 seconds
[2019-06-24T14:07:49.981+0000][1][safepoint    ] Application time: 0.1076563 seconds
[2019-06-24T14:07:49.990+0000][1][safepoint    ] Entering safepoint region: RevokeBias
[2019-06-24T14:07:49.990+0000][1][safepoint    ] Leaving safepoint region
[2019-06-24T14:07:49.990+0000][1][safepoint    ] Total time for which application threads were stopped: 0.0089225 seconds, Stopping threads took: 0.0088148 seconds
[2019-06-24T14:07:50.233+0000][1][safepoint    ] Application time: 0.2425741 seconds
[2019-06-24T14:07:50.237+0000][1][safepoint    ] Entering safepoint region: Deoptimize
[2019-06-24T14:07:50.238+0000][1][safepoint    ] Leaving safepoint region
[2019-06-24T14:07:50.238+0000][1][safepoint    ] Total time for which application threads were stopped: 0.0004712 seconds, Stopping threads took: 0.0000758 seconds
[2019-06-24T14:07:50.238+0000][1][safepoint    ] Application time: 0.0006647 seconds
[2019-06-24T14:07:50.238+0000][1][safepoint    ] Entering safepoint region: Deoptimize
[2019-06-24T14:07:50.239+0000][1][safepoint    ] Leaving safepoint region
[2019-06-24T14:07:50.239+0000][1][safepoint    ] Total time for which application threads were stopped: 0.0003802 seconds, Stopping threads took: 0.0000403 seconds
[2019-06-24T14:07:50.810+0000][1][safepoint    ] Application time: 0.5709354 seconds
[2019-06-24T14:07:50.810+0000][1][safepoint    ] Entering safepoint region: RevokeBias
[2019-06-24T14:07:50.810+0000][1][safepoint    ] Leaving safepoint region
[2019-06-24T14:07:50.810+0000][1][safepoint    ] Total time for which application threads were stopped: 0.0001690 seconds, Stopping threads took: 0.0000524 seconds
[2019-06-24T14:07:50.829+0000][1][safepoint    ] Application time: 0.0194684 seconds
[2019-06-24T14:07:50.829+0000][1][safepoint    ] Entering safepoint region: GenCollectForAllocation
[2019-06-24T14:07:50.830+0000][1][gc,start     ] GC(3) Pause Young (Allocation Failure)
[2019-06-24T14:07:50.830+0000][1][gc,task      ] GC(3) Using 5 workers of 8 for evacuation
[2019-06-24T14:07:50.849+0000][1][gc,age       ] GC(3) Desired survivor size 4456448 bytes, new threshold 3 (max threshold 6)
[2019-06-24T14:07:50.849+0000][1][gc,age       ] GC(3) Age table with threshold 3 (max threshold 6)
[2019-06-24T14:07:50.849+0000][1][gc,age       ] GC(3) - age   1:    3283392 bytes,    3283392 total
[2019-06-24T14:07:50.849+0000][1][gc,age       ] GC(3) - age   2:     293944 bytes,    3577336 total
[2019-06-24T14:07:50.849+0000][1][gc,age       ] GC(3) - age   3:    1204736 bytes,    4782072 total
[2019-06-24T14:07:50.850+0000][1][gc,heap      ] GC(3) ParNew: 74514K->5388K(78656K)
[2019-06-24T14:07:50.850+0000][1][gc,heap      ] GC(3) CMS: 6611K->6611K(174784K)
[2019-06-24T14:07:50.850+0000][1][gc,metaspace ] GC(3) Metaspace: 18077K->18077K(1064960K)
[2019-06-24T14:07:50.850+0000][1][gc           ] GC(3) Pause Young (Allocation Failure) 79M->11M(247M) 20.051ms
[2019-06-24T14:07:50.850+0000][1][gc,cpu       ] GC(3) User=0.03s Sys=0.00s Real=0.02s
[2019-06-24T14:07:50.850+0000][1][safepoint    ] Leaving safepoint region
[2019-06-24T14:07:50.850+0000][1][safepoint    ] Total time for which application threads were stopped: 0.0202529 seconds, Stopping threads took: 0.0000477 seconds
[2019-06-24T14:07:50.853+0000][1][safepoint    ] Application time: 0.0031461 seconds
[2019-06-24T14:07:50.853+0000][1][safepoint    ] Entering safepoint region: BulkRevokeBias
[2019-06-24T14:07:50.853+0000][1][safepoint    ] Leaving safepoint region
[2019-06-24T14:07:50.853+0000][1][safepoint    ] Total time for which application threads were stopped: 0.0002315 seconds, Stopping threads took: 0.0000580 seconds
[2019-06-24T14:07:50.854+0000][1][safepoint    ] Application time: 0.0010364 seconds
[2019-06-24T14:07:50.854+0000][1][safepoint    ] Entering safepoint region: RevokeBias
[2019-06-24T14:07:50.854+0000][1][safepoint    ] Leaving safepoint region
[2019-06-24T14:07:50.854+0000][1][safepoint    ] Total time for which application threads were stopped: 0.0001269 seconds, Stopping threads took: 0.0000182 seconds
[2019-06-24T14:07:50.854+0000][1][safepoint    ] Application time: 0.0000958 seconds
[2019-06-24T14:07:50.854+0000][1][safepoint    ] Entering safepoint region: RevokeBias
[2019-06-24T14:07:50.855+0000][1][safepoint    ] Leaving safepoint region
[2019-06-24T14:07:50.855+0000][1][safepoint    ] Total time for which application threads were stopped: 0.0000911 seconds, Stopping threads took: 0.0000131 seconds
[2019-06-24T14:07:50.855+0000][1][safepoint    ] Application time: 0.0000681 seconds
[2019-06-24T14:07:50.855+0000][1][safepoint    ] Entering safepoint region: RevokeBias
[2019-06-24T14:07:50.855+0000][1][safepoint    ] Leaving safepoint region
[2019-06-24T14:07:50.855+0000][1][safepoint    ] Total time for which application threads were stopped: 0.0000762 seconds, Stopping threads took: 0.0000121 seconds
[2019-06-24T14:07:50.855+0000][1][safepoint    ] Application time: 0.0000742 seconds
[2019-06-24T14:07:50.855+0000][1][safepoint    ] Entering safepoint region: RevokeBias
[2019-06-24T14:07:50.855+0000][1][safepoint    ] Leaving safepoint region
[2019-06-24T14:07:50.855+0000][1][safepoint    ] Total time for which application threads were stopped: 0.0000614 seconds, Stopping threads took: 0.0000120 seconds
[2019-06-24T14:07:50.855+0000][1][safepoint    ] Application time: 0.0000621 seconds
[2019-06-24T14:07:50.855+0000][1][safepoint    ] Entering safepoint region: RevokeBias
[2019-06-24T14:07:50.855+0000][1][safepoint    ] Leaving safepoint region
[2019-06-24T14:07:50.855+0000][1][safepoint    ] Total time for which application threads were stopped: 0.0000579 seconds, Stopping threads took: 0.0000115 seconds
[2019-06-24T14:07:50.855+0000][1][safepoint    ] Application time: 0.0000705 seconds
[2019-06-24T14:07:50.855+0000][1][safepoint    ] Entering safepoint region: RevokeBias
[2019-06-24T14:07:50.855+0000][1][safepoint    ] Leaving safepoint region
[2019-06-24T14:07:50.855+0000][1][safepoint    ] Total time for which application threads were stopped: 0.0000568 seconds, Stopping threads took: 0.0000111 seconds
[2019-06-24T14:07:50.855+0000][1][safepoint    ] Application time: 0.0000608 seconds
[2019-06-24T14:07:50.855+0000][1][safepoint    ] Entering safepoint region: RevokeBias
[2019-06-24T14:07:50.855+0000][1][safepoint    ] Leaving safepoint region
[2019-06-24T14:07:50.855+0000][1][safepoint    ] Total time for which application threads were stopped: 0.0000554 seconds, Stopping threads took: 0.0000114 seconds
[2019-06-24T14:07:50.855+0000][1][safepoint    ] Application time: 0.0000717 seconds
[2019-06-24T14:07:50.855+0000][1][safepoint    ] Entering safepoint region: RevokeBias
[2019-06-24T14:07:50.855+0000][1][safepoint    ] Leaving safepoint region
[2019-06-24T14:07:50.855+0000][1][safepoint    ] Total time for which application threads were stopped: 0.0000588 seconds, Stopping threads took: 0.0000120 seconds
[2019-06-24T14:07:50.856+0000][1][safepoint    ] Application time: 0.0000609 seconds
[2019-06-24T14:07:50.856+0000][1][safepoint    ] Entering safepoint region: RevokeBias
[2019-06-24T14:07:50.856+0000][1][safepoint    ] Leaving safepoint region
[2019-06-24T14:07:50.856+0000][1][safepoint    ] Total time for which application threads were stopped: 0.0000581 seconds, Stopping threads took: 0.0000117 seconds
[2019-06-24T14:07:50.856+0000][1][safepoint    ] Application time: 0.0000682 seconds
[2019-06-24T14:07:50.856+0000][1][safepoint    ] Entering safepoint region: RevokeBias
[2019-06-24T14:07:50.856+0000][1][safepoint    ] Leaving safepoint region
[2019-06-24T14:07:50.856+0000][1][safepoint    ] Total time for which application threads were stopped: 0.0000744 seconds, Stopping threads took: 0.0000251 seconds
[2019-06-24T14:07:50.856+0000][1][safepoint    ] Application time: 0.0000611 seconds
[2019-06-24T14:07:50.856+0000][1][safepoint    ] Entering safepoint region: RevokeBias
[2019-06-24T14:07:50.856+0000][1][safepoint    ] Leaving safepoint region
[2019-06-24T14:07:50.856+0000][1][safepoint    ] Total time for which application threads were stopped: 0.0000574 seconds, Stopping threads took: 0.0000115 seconds
[2019-06-24T14:07:50.856+0000][1][safepoint    ] Application time: 0.0003071 seconds
[2019-06-24T14:07:50.861+0000][1][safepoint    ] Entering safepoint region: RevokeBias
[2019-06-24T14:07:50.861+0000][1][safepoint    ] Leaving safepoint region
[2019-06-24T14:07:50.861+0000][1][safepoint    ] Total time for which application threads were stopped: 0.0050438 seconds, Stopping threads took: 0.0049499 seconds
[2019-06-24T14:07:50.861+0000][1][safepoint    ] Application time: 0.0000799 seconds
[2019-06-24T14:07:50.861+0000][1][safepoint    ] Entering safepoint region: RevokeBias
[2019-06-24T14:07:50.861+0000][1][safepoint    ] Leaving safepoint region
[2019-06-24T14:07:50.861+0000][1][safepoint    ] Total time for which application threads were stopped: 0.0000706 seconds, Stopping threads took: 0.0000142 seconds
[2019-06-24T14:07:50.862+0000][1][safepoint    ] Application time: 0.0000855 seconds
[2019-06-24T14:07:50.862+0000][1][safepoint    ] Entering safepoint region: RevokeBias
[2019-06-24T14:07:50.862+0000][1][safepoint    ] Leaving safepoint region
[2019-06-24T14:07:50.862+0000][1][safepoint    ] Total time for which application threads were stopped: 0.0000655 seconds, Stopping threads took: 0.0000125 seconds
[2019-06-24T14:07:50.862+0000][1][safepoint    ] Application time: 0.0000628 seconds
[2019-06-24T14:07:50.862+0000][1][safepoint    ] Entering safepoint region: RevokeBias
[2019-06-24T14:07:50.862+0000][1][safepoint    ] Leaving safepoint region
[2019-06-24T14:07:50.862+0000][1][safepoint    ] Total time for which application threads were stopped: 0.0000632 seconds, Stopping threads took: 0.0000128 seconds
[2019-06-24T14:07:50.862+0000][1][safepoint    ] Application time: 0.0001652 seconds
[2019-06-24T14:07:50.862+0000][1][safepoint    ] Entering safepoint region: RevokeBias
[2019-06-24T14:07:50.862+0000][1][safepoint    ] Leaving safepoint region
[2019-06-24T14:07:50.862+0000][1][safepoint    ] Total time for which application threads were stopped: 0.0000683 seconds, Stopping threads took: 0.0000132 seconds
[2019-06-24T14:07:50.862+0000][1][safepoint    ] Application time: 0.0000712 seconds
[2019-06-24T14:07:50.862+0000][1][safepoint    ] Entering safepoint region: RevokeBias
[2019-06-24T14:07:50.862+0000][1][safepoint    ] Leaving safepoint region
[2019-06-24T14:07:50.862+0000][1][safepoint    ] Total time for which application threads were stopped: 0.0000630 seconds, Stopping threads took: 0.0000123 seconds
[2019-06-24T14:07:50.862+0000][1][safepoint    ] Application time: 0.0000627 seconds
[2019-06-24T14:07:50.862+0000][1][safepoint    ] Entering safepoint region: RevokeBias
[2019-06-24T14:07:50.862+0000][1][safepoint    ] Leaving safepoint region
[2019-06-24T14:07:50.862+0000][1][safepoint    ] Total time for which application threads were stopped: 0.0000630 seconds, Stopping threads took: 0.0000123 seconds
[2019-06-24T14:07:50.862+0000][1][safepoint    ] Application time: 0.0000727 seconds
[2019-06-24T14:07:50.862+0000][1][safepoint    ] Entering safepoint region: RevokeBias
[2019-06-24T14:07:50.863+0000][1][safepoint    ] Leaving safepoint region
[2019-06-24T14:07:50.863+0000][1][safepoint    ] Total time for which application threads were stopped: 0.0000641 seconds, Stopping threads took: 0.0000134 seconds
[2019-06-24T14:07:50.863+0000][1][safepoint    ] Application time: 0.0000639 seconds
[2019-06-24T14:07:50.863+0000][1][safepoint    ] Entering safepoint region: RevokeBias
[2019-06-24T14:07:50.863+0000][1][safepoint    ] Leaving safepoint region
[2019-06-24T14:07:50.863+0000][1][safepoint    ] Total time for which application threads were stopped: 0.0000778 seconds, Stopping threads took: 0.0000269 seconds
[2019-06-24T14:07:51.319+0000][1][safepoint    ] Application time: 0.4558472 seconds
[2019-06-24T14:07:51.319+0000][1][safepoint    ] Entering safepoint region: GenCollectForAllocation
[2019-06-24T14:07:51.319+0000][1][gc,start     ] GC(4) Pause Young (Allocation Failure)
[2019-06-24T14:07:51.319+0000][1][gc,task      ] GC(4) Using 5 workers of 8 for evacuation
[2019-06-24T14:07:51.338+0000][1][gc,age       ] GC(4) Desired survivor size 4456448 bytes, new threshold 2 (max threshold 6)
[2019-06-24T14:07:51.338+0000][1][gc,age       ] GC(4) Age table with threshold 2 (max threshold 6)
[2019-06-24T14:07:51.338+0000][1][gc,age       ] GC(4) - age   1:    1651896 bytes,    1651896 total
[2019-06-24T14:07:51.338+0000][1][gc,age       ] GC(4) - age   2:    3224056 bytes,    4875952 total
[2019-06-24T14:07:51.338+0000][1][gc,age       ] GC(4) - age   3:     293416 bytes,    5169368 total
[2019-06-24T14:07:51.338+0000][1][gc,heap      ] GC(4) ParNew: 75340K->7752K(78656K)
[2019-06-24T14:07:51.338+0000][1][gc,heap      ] GC(4) CMS: 6611K->7822K(174784K)
[2019-06-24T14:07:51.338+0000][1][gc,metaspace ] GC(4) Metaspace: 18358K->18358K(1067008K)
[2019-06-24T14:07:51.338+0000][1][gc           ] GC(4) Pause Young (Allocation Failure) 80M->15M(247M) 19.660ms
[2019-06-24T14:07:51.339+0000][1][gc,cpu       ] GC(4) User=0.05s Sys=0.00s Real=0.02s
[2019-06-24T14:07:51.339+0000][1][safepoint    ] Leaving safepoint region
[2019-06-24T14:07:51.339+0000][1][safepoint    ] Total time for which application threads were stopped: 0.0198990 seconds, Stopping threads took: 0.0000568 seconds
[2019-06-24T14:07:51.339+0000][1][safepoint    ] Application time: 0.0001981 seconds
[2019-06-24T14:07:51.339+0000][1][safepoint    ] Entering safepoint region: RevokeBias
[2019-06-24T14:07:51.339+0000][1][safepoint    ] Leaving safepoint region
[2019-06-24T14:07:51.339+0000][1][safepoint    ] Total time for which application threads were stopped: 0.0001108 seconds, Stopping threads took: 0.0000443 seconds
[2019-06-24T14:07:51.339+0000][1][safepoint    ] Application time: 0.0000436 seconds
[2019-06-24T14:07:51.339+0000][1][safepoint    ] Entering safepoint region: RevokeBias
[2019-06-24T14:07:51.339+0000][1][safepoint    ] Leaving safepoint region
[2019-06-24T14:07:51.339+0000][1][safepoint    ] Total time for which application threads were stopped: 0.0000563 seconds, Stopping threads took: 0.0000123 seconds
[2019-06-24T14:07:51.339+0000][1][safepoint    ] Application time: 0.0000484 seconds
[2019-06-24T14:07:51.339+0000][1][safepoint    ] Entering safepoint region: RevokeBias
[2019-06-24T14:07:51.339+0000][1][safepoint    ] Leaving safepoint region
[2019-06-24T14:07:51.339+0000][1][safepoint    ] Total time for which application threads were stopped: 0.0000522 seconds, Stopping threads took: 0.0000122 seconds
[2019-06-24T14:07:51.339+0000][1][safepoint    ] Application time: 0.0000401 seconds
[2019-06-24T14:07:51.339+0000][1][safepoint    ] Entering safepoint region: RevokeBias
[2019-06-24T14:07:51.339+0000][1][safepoint    ] Leaving safepoint region
[2019-06-24T14:07:51.339+0000][1][safepoint    ] Total time for which application threads were stopped: 0.0000636 seconds, Stopping threads took: 0.0000115 seconds
[2019-06-24T14:07:51.424+0000][1][safepoint    ] Application time: 0.0849662 seconds
[2019-06-24T14:07:51.424+0000][1][safepoint    ] Entering safepoint region: Deoptimize
[2019-06-24T14:07:51.425+0000][1][safepoint    ] Leaving safepoint region
[2019-06-24T14:07:51.425+0000][1][safepoint    ] Total time for which application threads were stopped: 0.0004833 seconds, Stopping threads took: 0.0000486 seconds
[2019-06-24T14:07:51.559+0000][1][safepoint    ] Application time: 0.1346057 seconds
[2019-06-24T14:07:51.559+0000][1][safepoint    ] Entering safepoint region: Deoptimize
[2019-06-24T14:07:51.560+0000][1][safepoint    ] Leaving safepoint region
[2019-06-24T14:07:51.560+0000][1][safepoint    ] Total time for which application threads were stopped: 0.0003932 seconds, Stopping threads took: 0.0000225 seconds
[2019-06-24T14:07:51.868+0000][1][safepoint    ] Application time: 0.3081659 seconds
[2019-06-24T14:07:51.868+0000][1][safepoint    ] Entering safepoint region: GenCollectForAllocation
[2019-06-24T14:07:51.868+0000][1][gc,start     ] GC(5) Pause Young (Allocation Failure)
[2019-06-24T14:07:51.868+0000][1][gc,task      ] GC(5) Using 5 workers of 8 for evacuation
[2019-06-24T14:07:51.897+0000][1][gc,age       ] GC(5) Desired survivor size 4456448 bytes, new threshold 6 (max threshold 6)
[2019-06-24T14:07:51.897+0000][1][gc,age       ] GC(5) Age table with threshold 6 (max threshold 6)
[2019-06-24T14:07:51.897+0000][1][gc,age       ] GC(5) - age   1:    2428240 bytes,    2428240 total
[2019-06-24T14:07:51.897+0000][1][gc,age       ] GC(5) - age   2:     548016 bytes,    2976256 total
[2019-06-24T14:07:51.897+0000][1][gc,heap      ] GC(5) ParNew: 77704K->5699K(78656K)
[2019-06-24T14:07:51.897+0000][1][gc,heap      ] GC(5) CMS: 7822K->11282K(174784K)
[2019-06-24T14:07:51.898+0000][1][gc,metaspace ] GC(5) Metaspace: 18743K->18743K(1067008K)
[2019-06-24T14:07:51.898+0000][1][gc           ] GC(5) Pause Young (Allocation Failure) 83M->16M(247M) 29.288ms
[2019-06-24T14:07:51.898+0000][1][gc,cpu       ] GC(5) User=0.05s Sys=0.00s Real=0.03s
[2019-06-24T14:07:51.898+0000][1][safepoint    ] Leaving safepoint region
[2019-06-24T14:07:51.898+0000][1][safepoint    ] Total time for which application threads were stopped: 0.0295198 seconds, Stopping threads took: 0.0000522 seconds
[2019-06-24T14:07:51.901+0000][1][safepoint    ] Application time: 0.0035964 seconds
[2019-06-24T14:07:51.915+0000][1][safepoint    ] Entering safepoint region: RevokeBias
[2019-06-24T14:07:51.915+0000][1][safepoint    ] Leaving safepoint region
[2019-06-24T14:07:51.915+0000][1][safepoint    ] Total time for which application threads were stopped: 0.0136755 seconds, Stopping threads took: 0.0135880 seconds
[2019-06-24T14:07:51.917+0000][1][safepoint    ] Application time: 0.0022587 seconds
[2019-06-24T14:07:51.930+0000][1][safepoint    ] Entering safepoint region: RevokeBias
[2019-06-24T14:07:51.930+0000][1][safepoint    ] Leaving safepoint region
[2019-06-24T14:07:51.930+0000][1][safepoint    ] Total time for which application threads were stopped: 0.0128307 seconds, Stopping threads took: 0.0127437 seconds
[2019-06-24T14:07:51.933+0000][1][safepoint    ] Application time: 0.0030990 seconds
[2019-06-24T14:07:51.942+0000][1][safepoint    ] Entering safepoint region: RevokeBias
[2019-06-24T14:07:51.942+0000][1][safepoint    ] Leaving safepoint region
[2019-06-24T14:07:51.942+0000][1][safepoint    ] Total time for which application threads were stopped: 0.0089166 seconds, Stopping threads took: 0.0087903 seconds
[2019-06-24T14:07:51.945+0000][1][safepoint    ] Application time: 0.0030003 seconds
[2019-06-24T14:07:51.957+0000][1][safepoint    ] Entering safepoint region: RevokeBias
[2019-06-24T14:07:51.957+0000][1][safepoint    ] Leaving safepoint region
[2019-06-24T14:07:51.957+0000][1][safepoint    ] Total time for which application threads were stopped: 0.0121721 seconds, Stopping threads took: 0.0120285 seconds
[2019-06-24T14:07:51.965+0000][1][safepoint    ] Application time: 0.0077474 seconds
[2019-06-24T14:07:51.966+0000][1][safepoint    ] Entering safepoint region: RevokeBias
[2019-06-24T14:07:51.967+0000][1][safepoint    ] Leaving safepoint region
[2019-06-24T14:07:51.967+0000][1][safepoint    ] Total time for which application threads were stopped: 0.0013732 seconds, Stopping threads took: 0.0012937 seconds
[2019-06-24T14:07:51.969+0000][1][safepoint    ] Application time: 0.0025902 seconds
[2019-06-24T14:07:51.969+0000][1][safepoint    ] Entering safepoint region: RevokeBias
[2019-06-24T14:07:51.969+0000][1][safepoint    ] Leaving safepoint region
[2019-06-24T14:07:51.969+0000][1][safepoint    ] Total time for which application threads were stopped: 0.0001001 seconds, Stopping threads took: 0.0000308 seconds
[2019-06-24T14:07:52.237+0000][1][safepoint    ] Application time: 0.2678205 seconds
[2019-06-24T14:07:52.237+0000][1][safepoint    ] Entering safepoint region: RevokeBias
[2019-06-24T14:07:52.237+0000][1][safepoint    ] Leaving safepoint region
[2019-06-24T14:07:52.237+0000][1][safepoint    ] Total time for which application threads were stopped: 0.0001319 seconds, Stopping threads took: 0.0000235 seconds
[2019-06-24T14:07:52.241+0000][1][safepoint    ] Application time: 0.0040551 seconds
[2019-06-24T14:07:52.242+0000][1][safepoint    ] Entering safepoint region: BulkRevokeBias
[2019-06-24T14:07:52.242+0000][1][safepoint    ] Leaving safepoint region
[2019-06-24T14:07:52.242+0000][1][safepoint    ] Total time for which application threads were stopped: 0.0002339 seconds, Stopping threads took: 0.0000536 seconds
[2019-06-24T14:07:52.313+0000][1][safepoint    ] Application time: 0.0713801 seconds
[2019-06-24T14:07:52.325+0000][1][safepoint    ] Entering safepoint region: GenCollectForAllocation
[2019-06-24T14:07:52.325+0000][1][gc,start     ] GC(6) Pause Young (Allocation Failure)
[2019-06-24T14:07:52.325+0000][1][gc,task      ] GC(6) Using 5 workers of 8 for evacuation
[2019-06-24T14:07:52.333+0000][1][gc,age       ] GC(6) Desired survivor size 4456448 bytes, new threshold 6 (max threshold 6)
[2019-06-24T14:07:52.333+0000][1][gc,age       ] GC(6) Age table with threshold 6 (max threshold 6)
[2019-06-24T14:07:52.333+0000][1][gc,age       ] GC(6) - age   1:    1412448 bytes,    1412448 total
[2019-06-24T14:07:52.333+0000][1][gc,age       ] GC(6) - age   2:    2195312 bytes,    3607760 total
[2019-06-24T14:07:52.333+0000][1][gc,age       ] GC(6) - age   3:     548016 bytes,    4155776 total
[2019-06-24T14:07:52.333+0000][1][gc,heap      ] GC(6) ParNew: 75651K->4381K(78656K)
[2019-06-24T14:07:52.333+0000][1][gc,heap      ] GC(6) CMS: 11282K->11282K(174784K)
[2019-06-24T14:07:52.333+0000][1][gc,metaspace ] GC(6) Metaspace: 19060K->19060K(1067008K)
[2019-06-24T14:07:52.333+0000][1][gc           ] GC(6) Pause Young (Allocation Failure) 84M->15M(247M) 8.090ms
[2019-06-24T14:07:52.333+0000][1][gc,cpu       ] GC(6) User=0.02s Sys=0.00s Real=0.01s
[2019-06-24T14:07:52.333+0000][1][safepoint    ] Leaving safepoint region
[2019-06-24T14:07:52.333+0000][1][safepoint    ] Total time for which application threads were stopped: 0.0203255 seconds, Stopping threads took: 0.0120572 seconds
[2019-06-24T14:07:52.337+0000][1][safepoint    ] Application time: 0.0038278 seconds
[2019-06-24T14:07:52.341+0000][1][safepoint    ] Entering safepoint region: BulkRevokeBias
[2019-06-24T14:07:52.341+0000][1][safepoint    ] Leaving safepoint region
[2019-06-24T14:07:52.341+0000][1][safepoint    ] Total time for which application threads were stopped: 0.0039648 seconds, Stopping threads took: 0.0038216 seconds
[2019-06-24T14:07:52.863+0000][1][safepoint    ] Application time: 0.5216168 seconds
[2019-06-24T14:07:52.863+0000][1][safepoint    ] Entering safepoint region: GenCollectForAllocation
[2019-06-24T14:07:52.863+0000][1][gc,start     ] GC(7) Pause Young (Allocation Failure)
[2019-06-24T14:07:52.863+0000][1][gc,task      ] GC(7) Using 5 workers of 8 for evacuation
[2019-06-24T14:07:52.881+0000][1][gc,age       ] GC(7) Desired survivor size 4456448 bytes, new threshold 6 (max threshold 6)
[2019-06-24T14:07:52.881+0000][1][gc,age       ] GC(7) Age table with threshold 6 (max threshold 6)
[2019-06-24T14:07:52.881+0000][1][gc,age       ] GC(7) - age   1:     565392 bytes,     565392 total
[2019-06-24T14:07:52.881+0000][1][gc,age       ] GC(7) - age   2:    1130216 bytes,    1695608 total
[2019-06-24T14:07:52.881+0000][1][gc,age       ] GC(7) - age   3:    2193304 bytes,    3888912 total
[2019-06-24T14:07:52.881+0000][1][gc,age       ] GC(7) - age   4:     548016 bytes,    4436928 total
[2019-06-24T14:07:52.882+0000][1][gc,heap      ] GC(7) ParNew: 74333K->5278K(78656K)
[2019-06-24T14:07:52.882+0000][1][gc,heap      ] GC(7) CMS: 11282K->11282K(174784K)
[2019-06-24T14:07:52.882+0000][1][gc,metaspace ] GC(7) Metaspace: 19735K->19735K(1067008K)
[2019-06-24T14:07:52.882+0000][1][gc           ] GC(7) Pause Young (Allocation Failure) 83M->16M(247M) 18.443ms
[2019-06-24T14:07:52.882+0000][1][gc,cpu       ] GC(7) User=0.02s Sys=0.01s Real=0.02s
[2019-06-24T14:07:52.882+0000][1][safepoint    ] Leaving safepoint region
[2019-06-24T14:07:52.882+0000][1][safepoint    ] Total time for which application threads were stopped: 0.0186405 seconds, Stopping threads took: 0.0000201 seconds
[2019-06-24T14:07:52.983+0000][1][safepoint    ] Application time: 0.1014572 seconds
[2019-06-24T14:07:52.983+0000][1][safepoint    ] Entering safepoint region: CollectForMetadataAllocation
[2019-06-24T14:07:52.983+0000][1][safepoint    ] Leaving safepoint region
[2019-06-24T14:07:52.983+0000][1][safepoint    ] Total time for which application threads were stopped: 0.0002692 seconds, Stopping threads took: 0.0000550 seconds
[2019-06-24T14:07:53.305+0000][1][safepoint    ] Application time: 0.3216545 seconds
[2019-06-24T14:07:53.317+0000][1][safepoint    ] Entering safepoint region: GenCollectForAllocation
[2019-06-24T14:07:53.317+0000][1][gc,start     ] GC(8) Pause Young (Allocation Failure)
[2019-06-24T14:07:53.317+0000][1][gc,task      ] GC(8) Using 5 workers of 8 for evacuation
[2019-06-24T14:07:53.337+0000][1][gc,age       ] GC(8) Desired survivor size 4456448 bytes, new threshold 4 (max threshold 6)
[2019-06-24T14:07:53.337+0000][1][gc,age       ] GC(8) Age table with threshold 4 (max threshold 6)
[2019-06-24T14:07:53.337+0000][1][gc,age       ] GC(8) - age   1:     842168 bytes,     842168 total
[2019-06-24T14:07:53.337+0000][1][gc,age       ] GC(8) - age   2:     537944 bytes,    1380112 total
[2019-06-24T14:07:53.337+0000][1][gc,age       ] GC(8) - age   3:    1130120 bytes,    2510232 total
[2019-06-24T14:07:53.337+0000][1][gc,age       ] GC(8) - age   4:    2193016 bytes,    4703248 total
[2019-06-24T14:07:53.337+0000][1][gc,age       ] GC(8) - age   5:     548016 bytes,    5251264 total
[2019-06-24T14:07:53.337+0000][1][gc,heap      ] GC(8) ParNew: 75230K->5599K(78656K)
[2019-06-24T14:07:53.337+0000][1][gc,heap      ] GC(8) CMS: 11282K->11282K(174784K)
[2019-06-24T14:07:53.337+0000][1][gc,metaspace ] GC(8) Metaspace: 20130K->20130K(1069056K)
[2019-06-24T14:07:53.338+0000][1][gc           ] GC(8) Pause Young (Allocation Failure) 84M->16M(247M) 20.084ms
[2019-06-24T14:07:53.338+0000][1][gc,cpu       ] GC(8) User=0.02s Sys=0.00s Real=0.02s
[2019-06-24T14:07:53.338+0000][1][safepoint    ] Leaving safepoint region
[2019-06-24T14:07:53.338+0000][1][safepoint    ] Total time for which application threads were stopped: 0.0323516 seconds, Stopping threads took: 0.0121018 seconds
[2019-06-24T14:07:53.343+0000][1][safepoint    ] Application time: 0.0051943 seconds
[2019-06-24T14:07:53.343+0000][1][safepoint    ] Entering safepoint region: CMS_Initial_Mark
[2019-06-24T14:07:53.343+0000][1][gc,start     ] GC(9) Pause Initial Mark
[2019-06-24T14:07:53.347+0000][1][gc           ] GC(9) Pause Initial Mark 17M->17M(247M) 4.118ms
[2019-06-24T14:07:53.347+0000][1][gc,cpu       ] GC(9) User=0.02s Sys=0.00s Real=0.00s
[2019-06-24T14:07:53.347+0000][1][safepoint    ] Leaving safepoint region
[2019-06-24T14:07:53.347+0000][1][safepoint    ] Total time for which application threads were stopped: 0.0043243 seconds, Stopping threads took: 0.0000607 seconds
[2019-06-24T14:07:53.347+0000][1][gc           ] GC(9) Concurrent Mark
[2019-06-24T14:07:53.353+0000][1][gc,task      ] GC(9) Using 2 workers of 2 for marking
[2019-06-24T14:07:53.381+0000][1][gc           ] GC(9) Concurrent Mark 33.996ms
[2019-06-24T14:07:53.381+0000][1][gc,cpu       ] GC(9) User=0.07s Sys=0.00s Real=0.04s
[2019-06-24T14:07:53.381+0000][1][gc           ] GC(9) Concurrent Preclean
[2019-06-24T14:07:53.382+0000][1][gc           ] GC(9) Concurrent Preclean 0.965ms
[2019-06-24T14:07:53.382+0000][1][gc,cpu       ] GC(9) User=0.00s Sys=0.01s Real=0.00s
[2019-06-24T14:07:53.382+0000][1][gc           ] GC(9) Concurrent Abortable Preclean
[2019-06-24T14:07:53.639+0000][1][safepoint    ] Application time: 0.2916441 seconds
[2019-06-24T14:07:53.639+0000][1][safepoint    ] Entering safepoint region: GenCollectForAllocation
[2019-06-24T14:07:53.639+0000][1][gc,start     ] GC(10) Pause Young (Allocation Failure)
[2019-06-24T14:07:53.639+0000][1][gc,task      ] GC(10) Using 5 workers of 8 for evacuation
[2019-06-24T14:07:53.661+0000][1][gc,age       ] GC(10) Desired survivor size 4456448 bytes, new threshold 6 (max threshold 6)
[2019-06-24T14:07:53.661+0000][1][gc,age       ] GC(10) Age table with threshold 6 (max threshold 6)
[2019-06-24T14:07:53.661+0000][1][gc,age       ] GC(10) - age   1:     130360 bytes,     130360 total
[2019-06-24T14:07:53.661+0000][1][gc,age       ] GC(10) - age   2:     462376 bytes,     592736 total
[2019-06-24T14:07:53.661+0000][1][gc,age       ] GC(10) - age   3:     537824 bytes,    1130560 total
[2019-06-24T14:07:53.661+0000][1][gc,age       ] GC(10) - age   4:    1130120 bytes,    2260680 total
[2019-06-24T14:07:53.661+0000][1][gc,heap      ] GC(10) ParNew: 75551K->4333K(78656K)
[2019-06-24T14:07:53.661+0000][1][gc,heap      ] GC(10) CMS: 11282K->14006K(174784K)
[2019-06-24T14:07:53.661+0000][1][gc,metaspace ] GC(10) Metaspace: 20239K->20239K(1069056K)
[2019-06-24T14:07:53.662+0000][1][gc           ] GC(10) Pause Young (Allocation Failure) 84M->17M(247M) 22.513ms
[2019-06-24T14:07:53.662+0000][1][gc,cpu       ] GC(10) User=0.04s Sys=0.00s Real=0.03s
[2019-06-24T14:07:53.662+0000][1][safepoint    ] Leaving safepoint region
[2019-06-24T14:07:53.662+0000][1][safepoint    ] Total time for which application threads were stopped: 0.0227278 seconds, Stopping threads took: 0.0000326 seconds
[2019-06-24T14:07:53.667+0000][1][gc           ] GC(9) Concurrent Abortable Preclean 285.082ms
[2019-06-24T14:07:53.667+0000][1][gc,cpu       ] GC(9) User=0.57s Sys=0.01s Real=0.28s
[2019-06-24T14:07:53.696+0000][1][safepoint    ] Application time: 0.0347435 seconds
[2019-06-24T14:07:53.701+0000][1][safepoint    ] Entering safepoint region: CMS_Final_Remark
[2019-06-24T14:07:53.701+0000][1][gc,start     ] GC(9) Pause Remark
[2019-06-24T14:07:53.718+0000][1][gc           ] GC(9) Pause Remark 22M->22M(247M) 16.962ms
[2019-06-24T14:07:53.718+0000][1][gc,cpu       ] GC(9) User=0.03s Sys=0.00s Real=0.01s
[2019-06-24T14:07:53.718+0000][1][safepoint    ] Leaving safepoint region
[2019-06-24T14:07:53.718+0000][1][safepoint    ] Total time for which application threads were stopped: 0.0219235 seconds, Stopping threads took: 0.0048008 seconds
[2019-06-24T14:07:53.724+0000][1][gc           ] GC(9) Concurrent Sweep
[2019-06-24T14:07:53.741+0000][1][gc           ] GC(9) Concurrent Sweep 16.030ms
[2019-06-24T14:07:53.741+0000][1][gc,cpu       ] GC(9) User=0.03s Sys=0.00s Real=0.01s
[2019-06-24T14:07:53.741+0000][1][gc           ] GC(9) Concurrent Reset
[2019-06-24T14:07:53.741+0000][1][gc           ] GC(9) Concurrent Reset 0.441ms
[2019-06-24T14:07:53.741+0000][1][gc,cpu       ] GC(9) User=0.00s Sys=0.00s Real=0.00s
[2019-06-24T14:07:53.741+0000][1][gc,heap      ] GC(9) Old: 11282K->13980K(174784K)
[2019-06-24T14:07:53.955+0000][1][safepoint    ] Application time: 0.2369510 seconds
[2019-06-24T14:07:53.955+0000][1][safepoint    ] Entering safepoint region: GenCollectForAllocation
[2019-06-24T14:07:53.956+0000][1][gc,start     ] GC(11) Pause Young (Allocation Failure)
[2019-06-24T14:07:53.956+0000][1][gc,task      ] GC(11) Using 5 workers of 8 for evacuation
[2019-06-24T14:07:53.969+0000][1][gc,age       ] GC(11) Desired survivor size 4456448 bytes, new threshold 6 (max threshold 6)
[2019-06-24T14:07:53.969+0000][1][gc,age       ] GC(11) Age table with threshold 6 (max threshold 6)
[2019-06-24T14:07:53.969+0000][1][gc,age       ] GC(11) - age   1:    1904600 bytes,    1904600 total
[2019-06-24T14:07:53.969+0000][1][gc,age       ] GC(11) - age   2:      99360 bytes,    2003960 total
[2019-06-24T14:07:53.969+0000][1][gc,age       ] GC(11) - age   3:     462376 bytes,    2466336 total
[2019-06-24T14:07:53.969+0000][1][gc,age       ] GC(11) - age   4:     537672 bytes,    3004008 total
[2019-06-24T14:07:53.969+0000][1][gc,age       ] GC(11) - age   5:    1129832 bytes,    4133840 total
[2019-06-24T14:07:53.969+0000][1][gc,heap      ] GC(11) ParNew: 74285K->4779K(78656K)
[2019-06-24T14:07:53.969+0000][1][gc,heap      ] GC(11) CMS: 13980K->13980K(174784K)
[2019-06-24T14:07:53.969+0000][1][gc,metaspace ] GC(11) Metaspace: 20319K->20319K(1069056K)
[2019-06-24T14:07:53.970+0000][1][gc           ] GC(11) Pause Young (Allocation Failure) 86M->18M(247M) 13.422ms
[2019-06-24T14:07:53.970+0000][1][gc,cpu       ] GC(11) User=0.02s Sys=0.00s Real=0.01s
[2019-06-24T14:07:53.970+0000][1][safepoint    ] Leaving safepoint region
[2019-06-24T14:07:53.970+0000][1][safepoint    ] Total time for which application threads were stopped: 0.0142126 seconds, Stopping threads took: 0.0000526 seconds
[2019-06-24T14:07:54.083+0000][1][safepoint    ] Application time: 0.1131584 seconds
[2019-06-24T14:07:54.083+0000][1][safepoint    ] Entering safepoint region: Deoptimize
[2019-06-24T14:07:54.083+0000][1][safepoint    ] Leaving safepoint region
[2019-06-24T14:07:54.083+0000][1][safepoint    ] Total time for which application threads were stopped: 0.0005046 seconds, Stopping threads took: 0.0000521 seconds
[2019-06-24T14:07:54.820+0000][1][safepoint    ] Application time: 0.7371827 seconds
[2019-06-24T14:07:54.821+0000][1][safepoint    ] Entering safepoint region: Deoptimize
[2019-06-24T14:07:54.821+0000][1][safepoint    ] Leaving safepoint region
[2019-06-24T14:07:54.821+0000][1][safepoint    ] Total time for which application threads were stopped: 0.0005862 seconds, Stopping threads took: 0.0000307 seconds
[2019-06-24T14:07:54.844+0000][1][safepoint    ] Application time: 0.0233179 seconds
[2019-06-24T14:07:54.845+0000][1][safepoint    ] Entering safepoint region: RevokeBias
[2019-06-24T14:07:54.845+0000][1][safepoint    ] Leaving safepoint region
[2019-06-24T14:07:54.845+0000][1][safepoint    ] Total time for which application threads were stopped: 0.0001773 seconds, Stopping threads took: 0.0000956 seconds
[2019-06-24T14:07:54.845+0000][1][safepoint    ] Application time: 0.0004969 seconds
[2019-06-24T14:07:54.845+0000][1][safepoint    ] Entering safepoint region: Deoptimize
[2019-06-24T14:07:54.846+0000][1][safepoint    ] Leaving safepoint region
[2019-06-24T14:07:54.846+0000][1][safepoint    ] Total time for which application threads were stopped: 0.0004411 seconds, Stopping threads took: 0.0000462 seconds
[2019-06-24T14:07:54.855+0000][1][safepoint    ] Application time: 0.0094599 seconds
[2019-06-24T14:07:54.855+0000][1][safepoint    ] Entering safepoint region: Deoptimize
[2019-06-24T14:07:54.856+0000][1][safepoint    ] Leaving safepoint region
[2019-06-24T14:07:54.856+0000][1][safepoint    ] Total time for which application threads were stopped: 0.0005457 seconds, Stopping threads took: 0.0000599 seconds
[2019-06-24T14:07:55.192+0000][1][safepoint    ] Application time: 0.3361777 seconds
[2019-06-24T14:07:55.192+0000][1][safepoint    ] Entering safepoint region: GenCollectForAllocation
[2019-06-24T14:07:55.192+0000][1][gc,start     ] GC(12) Pause Young (Allocation Failure)
[2019-06-24T14:07:55.192+0000][1][gc,task      ] GC(12) Using 5 workers of 8 for evacuation
[2019-06-24T14:07:55.212+0000][1][gc,age       ] GC(12) Desired survivor size 4456448 bytes, new threshold 4 (max threshold 6)
[2019-06-24T14:07:55.212+0000][1][gc,age       ] GC(12) Age table with threshold 4 (max threshold 6)
[2019-06-24T14:07:55.212+0000][1][gc,age       ] GC(12) - age   1:    3741680 bytes,    3741680 total
[2019-06-24T14:07:55.212+0000][1][gc,age       ] GC(12) - age   2:     344720 bytes,    4086400 total
[2019-06-24T14:07:55.212+0000][1][gc,age       ] GC(12) - age   3:      99096 bytes,    4185496 total
[2019-06-24T14:07:55.213+0000][1][gc,age       ] GC(12) - age   4:     462120 bytes,    4647616 total
[2019-06-24T14:07:55.213+0000][1][gc,age       ] GC(12) - age   5:     532568 bytes,    5180184 total
[2019-06-24T14:07:55.213+0000][1][gc,age       ] GC(12) - age   6:    1129672 bytes,    6309856 total
[2019-06-24T14:07:55.213+0000][1][gc,heap      ] GC(12) ParNew: 74731K->7699K(78656K)
[2019-06-24T14:07:55.213+0000][1][gc,heap      ] GC(12) CMS: 13980K->13980K(174784K)
[2019-06-24T14:07:55.213+0000][1][gc,metaspace ] GC(12) Metaspace: 26161K->26161K(1073152K)
[2019-06-24T14:07:55.213+0000][1][gc           ] GC(12) Pause Young (Allocation Failure) 86M->21M(247M) 20.530ms
[2019-06-24T14:07:55.213+0000][1][gc,cpu       ] GC(12) User=0.04s Sys=0.00s Real=0.02s
[2019-06-24T14:07:55.213+0000][1][safepoint    ] Leaving safepoint region
[2019-06-24T14:07:55.213+0000][1][safepoint    ] Total time for which application threads were stopped: 0.0207371 seconds, Stopping threads took: 0.0000509 seconds
[2019-06-24T14:07:55.224+0000][1][safepoint    ] Application time: 0.0112093 seconds
[2019-06-24T14:07:55.224+0000][1][safepoint    ] Entering safepoint region: RevokeBias
[2019-06-24T14:07:55.224+0000][1][safepoint    ] Leaving safepoint region
[2019-06-24T14:07:55.224+0000][1][safepoint    ] Total time for which application threads were stopped: 0.0001310 seconds, Stopping threads took: 0.0000206 seconds
[2019-06-24T14:07:56.224+0000][1][safepoint    ] Application time: 1.0000994 seconds
[2019-06-24T14:07:56.224+0000][1][safepoint    ] Entering safepoint region: Cleanup
[2019-06-24T14:07:56.225+0000][1][safepoint    ] Leaving safepoint region
[2019-06-24T14:07:56.225+0000][1][safepoint    ] Total time for which application threads were stopped: 0.0004618 seconds, Stopping threads took: 0.0000736 seconds
[2019-06-24T14:07:56.397+0000][1][safepoint    ] Application time: 0.1725857 seconds
[2019-06-24T14:07:56.397+0000][1][safepoint    ] Entering safepoint region: RevokeBias
[2019-06-24T14:07:56.398+0000][1][safepoint    ] Leaving safepoint region
[2019-06-24T14:07:56.398+0000][1][safepoint    ] Total time for which application threads were stopped: 0.0001328 seconds, Stopping threads took: 0.0000492 seconds
[2019-06-24T14:07:57.156+0000][1][safepoint    ] Application time: 0.7581141 seconds
[2019-06-24T14:07:57.156+0000][1][safepoint    ] Entering safepoint region: GenCollectForAllocation
[2019-06-24T14:07:57.156+0000][1][gc,start     ] GC(13) Pause Young (Allocation Failure)
[2019-06-24T14:07:57.156+0000][1][gc,task      ] GC(13) Using 5 workers of 8 for evacuation
[2019-06-24T14:07:57.232+0000][1][gc,age       ] GC(13) Desired survivor size 4456448 bytes, new threshold 1 (max threshold 6)
[2019-06-24T14:07:57.232+0000][1][gc,age       ] GC(13) Age table with threshold 1 (max threshold 6)
[2019-06-24T14:07:57.232+0000][1][gc,age       ] GC(13) - age   1:    5431304 bytes,    5431304 total
[2019-06-24T14:07:57.232+0000][1][gc,age       ] GC(13) - age   2:    3037720 bytes,    8469024 total
[2019-06-24T14:07:57.232+0000][1][gc,age       ] GC(13) - age   3:     344520 bytes,    8813544 total
[2019-06-24T14:07:57.232+0000][1][gc,age       ] GC(13) - age   4:      99096 bytes,    8912640 total
[2019-06-24T14:07:57.232+0000][1][gc,heap      ] GC(13) ParNew: 77651K->8704K(78656K)
[2019-06-24T14:07:57.233+0000][1][gc,heap      ] GC(13) CMS: 13980K->26164K(174784K)
[2019-06-24T14:07:57.233+0000][1][gc,metaspace ] GC(13) Metaspace: 26818K->26818K(1073152K)
[2019-06-24T14:07:57.233+0000][1][gc           ] GC(13) Pause Young (Allocation Failure) 89M->34M(247M) 76.659ms
[2019-06-24T14:07:57.233+0000][1][gc,cpu       ] GC(13) User=0.24s Sys=0.00s Real=0.07s
[2019-06-24T14:07:57.233+0000][1][safepoint    ] Leaving safepoint region
[2019-06-24T14:07:57.233+0000][1][safepoint    ] Total time for which application threads were stopped: 0.0768720 seconds, Stopping threads took: 0.0000520 seconds
[2019-06-24T14:07:57.794+0000][1][safepoint    ] Application time: 0.5612949 seconds
[2019-06-24T14:07:57.794+0000][1][safepoint    ] Entering safepoint region: Deoptimize
[2019-06-24T14:07:57.795+0000][1][safepoint    ] Leaving safepoint region
[2019-06-24T14:07:57.795+0000][1][safepoint    ] Total time for which application threads were stopped: 0.0005356 seconds, Stopping threads took: 0.0000559 seconds
[2019-06-24T14:07:58.513+0000][1][safepoint    ] Application time: 0.7185784 seconds
[2019-06-24T14:07:58.517+0000][1][safepoint    ] Entering safepoint region: GenCollectForAllocation
[2019-06-24T14:07:58.517+0000][1][gc,start     ] GC(14) Pause Young (Allocation Failure)
[2019-06-24T14:07:58.517+0000][1][gc,task      ] GC(14) Using 5 workers of 8 for evacuation
[2019-06-24T14:07:58.618+0000][1][gc,age       ] GC(14) Desired survivor size 4456448 bytes, new threshold 1 (max threshold 6)
[2019-06-24T14:07:58.618+0000][1][gc,age       ] GC(14) Age table with threshold 1 (max threshold 6)
[2019-06-24T14:07:58.618+0000][1][gc,age       ] GC(14) - age   1:    8912648 bytes,    8912648 total
[2019-06-24T14:07:58.618+0000][1][gc,heap      ] GC(14) ParNew: 78656K->8704K(78656K)
[2019-06-24T14:07:58.618+0000][1][gc,heap      ] GC(14) CMS: 26164K->39358K(174784K)
[2019-06-24T14:07:58.618+0000][1][gc,metaspace ] GC(14) Metaspace: 26951K->26951K(1075200K)
[2019-06-24T14:07:58.618+0000][1][gc           ] GC(14) Pause Young (Allocation Failure) 102M->46M(247M) 100.455ms
[2019-06-24T14:07:58.618+0000][1][gc,cpu       ] GC(14) User=0.18s Sys=0.00s Real=0.10s
[2019-06-24T14:07:58.618+0000][1][safepoint    ] Leaving safepoint region
[2019-06-24T14:07:58.618+0000][1][safepoint    ] Total time for which application threads were stopped: 0.1046359 seconds, Stopping threads took: 0.0039879 seconds
[2019-06-24T14:07:59.618+0000][1][safepoint    ] Application time: 1.0001035 seconds
[2019-06-24T14:07:59.618+0000][1][safepoint    ] Entering safepoint region: Cleanup
[2019-06-24T14:07:59.618+0000][1][safepoint    ] Leaving safepoint region
[2019-06-24T14:07:59.618+0000][1][safepoint    ] Total time for which application threads were stopped: 0.0001459 seconds, Stopping threads took: 0.0000246 seconds
[2019-06-24T14:08:00.269+0000][1][safepoint    ] Application time: 0.6504195 seconds
[2019-06-24T14:08:00.269+0000][1][safepoint    ] Entering safepoint region: GenCollectForAllocation
[2019-06-24T14:08:00.269+0000][1][gc,start     ] GC(15) Pause Young (Allocation Failure)
[2019-06-24T14:08:00.269+0000][1][gc,task      ] GC(15) Using 5 workers of 8 for evacuation
[2019-06-24T14:08:00.342+0000][1][gc,age       ] GC(15) Desired survivor size 4456448 bytes, new threshold 1 (max threshold 6)
[2019-06-24T14:08:00.342+0000][1][gc,age       ] GC(15) Age table with threshold 1 (max threshold 6)
[2019-06-24T14:08:00.342+0000][1][gc,age       ] GC(15) - age   1:    6402232 bytes,    6402232 total
[2019-06-24T14:08:00.342+0000][1][gc,heap      ] GC(15) ParNew: 78656K->8704K(78656K)
[2019-06-24T14:08:00.342+0000][1][gc,heap      ] GC(15) CMS: 39358K->49506K(174784K)
[2019-06-24T14:08:00.342+0000][1][gc,metaspace ] GC(15) Metaspace: 31945K->31945K(1079296K)
[2019-06-24T14:08:00.342+0000][1][gc           ] GC(15) Pause Young (Allocation Failure) 115M->56M(247M) 73.442ms
[2019-06-24T14:08:00.342+0000][1][gc,cpu       ] GC(15) User=0.15s Sys=0.00s Real=0.08s
[2019-06-24T14:08:00.342+0000][1][safepoint    ] Leaving safepoint region
[2019-06-24T14:08:00.342+0000][1][safepoint    ] Total time for which application threads were stopped: 0.0736776 seconds, Stopping threads took: 0.0000587 seconds
[2019-06-24T14:08:00.809+0000][1][safepoint    ] Application time: 0.4669112 seconds
[2019-06-24T14:08:00.825+0000][1][safepoint    ] Entering safepoint region: GenCollectForAllocation
[2019-06-24T14:08:00.825+0000][1][gc,start     ] GC(16) Pause Young (Allocation Failure)
[2019-06-24T14:08:00.825+0000][1][gc,task      ] GC(16) Using 5 workers of 8 for evacuation
[2019-06-24T14:08:00.871+0000][1][gc,age       ] GC(16) Desired survivor size 4456448 bytes, new threshold 6 (max threshold 6)
[2019-06-24T14:08:00.871+0000][1][gc,age       ] GC(16) Age table with threshold 6 (max threshold 6)
[2019-06-24T14:08:00.871+0000][1][gc,age       ] GC(16) - age   1:     357560 bytes,     357560 total
[2019-06-24T14:08:00.871+0000][1][gc,heap      ] GC(16) ParNew: 78656K->5447K(78656K)
[2019-06-24T14:08:00.871+0000][1][gc,heap      ] GC(16) CMS: 49506K->55800K(174784K)
[2019-06-24T14:08:00.871+0000][1][gc,metaspace ] GC(16) Metaspace: 32754K->32754K(1079296K)
[2019-06-24T14:08:00.871+0000][1][gc           ] GC(16) Pause Young (Allocation Failure) 125M->59M(247M) 45.642ms
[2019-06-24T14:08:00.871+0000][1][gc,cpu       ] GC(16) User=0.07s Sys=0.00s Real=0.04s
[2019-06-24T14:08:00.871+0000][1][safepoint    ] Leaving safepoint region
[2019-06-24T14:08:00.871+0000][1][safepoint    ] Total time for which application threads were stopped: 0.0617000 seconds, Stopping threads took: 0.0158623 seconds
[2019-06-24T14:08:01.371+0000][1][safepoint    ] Application time: 0.5000910 seconds
[2019-06-24T14:08:01.371+0000][1][safepoint    ] Entering safepoint region: CollectForMetadataAllocation
[2019-06-24T14:08:01.371+0000][1][safepoint    ] Leaving safepoint region
[2019-06-24T14:08:01.371+0000][1][safepoint    ] Total time for which application threads were stopped: 0.0002418 seconds, Stopping threads took: 0.0000510 seconds
[2019-06-24T14:08:01.540+0000][1][safepoint    ] Application time: 0.1684189 seconds
[2019-06-24T14:08:01.545+0000][1][safepoint    ] Entering safepoint region: CollectForMetadataAllocation
[2019-06-24T14:08:01.545+0000][1][safepoint    ] Leaving safepoint region
[2019-06-24T14:08:01.545+0000][1][safepoint    ] Total time for which application threads were stopped: 0.0054192 seconds, Stopping threads took: 0.0052620 seconds
[2019-06-24T14:08:01.666+0000][1][safepoint    ] Application time: 0.1208515 seconds
[2019-06-24T14:08:01.666+0000][1][safepoint    ] Entering safepoint region: CollectForMetadataAllocation
[2019-06-24T14:08:01.666+0000][1][safepoint    ] Leaving safepoint region
[2019-06-24T14:08:01.666+0000][1][safepoint    ] Total time for which application threads were stopped: 0.0001887 seconds, Stopping threads took: 0.0000494 seconds
[2019-06-24T14:08:01.723+0000][1][safepoint    ] Application time: 0.0563457 seconds
[2019-06-24T14:08:01.726+0000][1][safepoint    ] Entering safepoint region: CollectForMetadataAllocation
[2019-06-24T14:08:01.726+0000][1][safepoint    ] Leaving safepoint region
[2019-06-24T14:08:01.726+0000][1][safepoint    ] Total time for which application threads were stopped: 0.0003277 seconds, Stopping threads took: 0.0001012 seconds
[2019-06-24T14:08:01.773+0000][1][safepoint    ] Application time: 0.0469587 seconds
[2019-06-24T14:08:01.773+0000][1][safepoint    ] Entering safepoint region: CollectForMetadataAllocation
[2019-06-24T14:08:01.774+0000][1][safepoint    ] Leaving safepoint region
[2019-06-24T14:08:01.774+0000][1][safepoint    ] Total time for which application threads were stopped: 0.0003013 seconds, Stopping threads took: 0.0000707 seconds
[2019-06-24T14:08:01.851+0000][1][safepoint    ] Application time: 0.0774620 seconds
[2019-06-24T14:08:01.851+0000][1][safepoint    ] Entering safepoint region: CollectForMetadataAllocation
[2019-06-24T14:08:01.851+0000][1][safepoint    ] Leaving safepoint region
[2019-06-24T14:08:01.851+0000][1][safepoint    ] Total time for which application threads were stopped: 0.0002077 seconds, Stopping threads took: 0.0000518 seconds
[2019-06-24T14:08:01.907+0000][1][safepoint    ] Application time: 0.0552820 seconds
[2019-06-24T14:08:01.907+0000][1][safepoint    ] Entering safepoint region: CollectForMetadataAllocation
[2019-06-24T14:08:01.907+0000][1][safepoint    ] Leaving safepoint region
[2019-06-24T14:08:01.907+0000][1][safepoint    ] Total time for which application threads were stopped: 0.0002976 seconds, Stopping threads took: 0.0000978 seconds
[2019-06-24T14:08:01.973+0000][1][safepoint    ] Application time: 0.0662850 seconds
[2019-06-24T14:08:01.975+0000][1][safepoint    ] Entering safepoint region: CollectForMetadataAllocation
[2019-06-24T14:08:01.976+0000][1][safepoint    ] Leaving safepoint region
[2019-06-24T14:08:01.976+0000][1][safepoint    ] Total time for which application threads were stopped: 0.0022680 seconds, Stopping threads took: 0.0020449 seconds
[2019-06-24T14:08:02.029+0000][1][safepoint    ] Application time: 0.0530203 seconds
[2019-06-24T14:08:02.029+0000][1][safepoint    ] Entering safepoint region: CollectForMetadataAllocation
[2019-06-24T14:08:02.029+0000][1][safepoint    ] Leaving safepoint region
[2019-06-24T14:08:02.029+0000][1][safepoint    ] Total time for which application threads were stopped: 0.0002481 seconds, Stopping threads took: 0.0000481 seconds
[2019-06-24T14:08:02.058+0000][1][safepoint    ] Application time: 0.0290760 seconds
[2019-06-24T14:08:02.058+0000][1][safepoint    ] Entering safepoint region: CollectForMetadataAllocation
[2019-06-24T14:08:02.058+0000][1][safepoint    ] Leaving safepoint region
[2019-06-24T14:08:02.058+0000][1][safepoint    ] Total time for which application threads were stopped: 0.0002481 seconds, Stopping threads took: 0.0000665 seconds
[2019-06-24T14:08:02.119+0000][1][safepoint    ] Application time: 0.0609344 seconds
[2019-06-24T14:08:02.119+0000][1][safepoint    ] Entering safepoint region: CollectForMetadataAllocation
[2019-06-24T14:08:02.120+0000][1][safepoint    ] Leaving safepoint region
[2019-06-24T14:08:02.120+0000][1][safepoint    ] Total time for which application threads were stopped: 0.0002611 seconds, Stopping threads took: 0.0000637 seconds
[2019-06-24T14:08:02.184+0000][1][safepoint    ] Application time: 0.0642181 seconds
[2019-06-24T14:08:02.184+0000][1][safepoint    ] Entering safepoint region: RevokeBias
[2019-06-24T14:08:02.184+0000][1][safepoint    ] Leaving safepoint region
[2019-06-24T14:08:02.184+0000][1][safepoint    ] Total time for which application threads were stopped: 0.0002430 seconds, Stopping threads took: 0.0000861 seconds
[2019-06-24T14:08:02.298+0000][1][safepoint    ] Application time: 0.1140905 seconds
[2019-06-24T14:08:02.298+0000][1][safepoint    ] Entering safepoint region: RevokeBias
[2019-06-24T14:08:02.298+0000][1][safepoint    ] Leaving safepoint region
[2019-06-24T14:08:02.298+0000][1][safepoint    ] Total time for which application threads were stopped: 0.0002224 seconds, Stopping threads took: 0.0000631 seconds
[2019-06-24T14:08:02.310+0000][1][safepoint    ] Application time: 0.0110296 seconds
[2019-06-24T14:08:02.310+0000][1][safepoint    ] Entering safepoint region: CollectForMetadataAllocation
[2019-06-24T14:08:02.310+0000][1][safepoint    ] Leaving safepoint region
[2019-06-24T14:08:02.310+0000][1][safepoint    ] Total time for which application threads were stopped: 0.0002623 seconds, Stopping threads took: 0.0000606 seconds
[2019-06-24T14:08:02.362+0000][1][safepoint    ] Application time: 0.0519930 seconds
[2019-06-24T14:08:02.362+0000][1][safepoint    ] Entering safepoint region: CollectForMetadataAllocation
[2019-06-24T14:08:02.362+0000][1][safepoint    ] Leaving safepoint region
[2019-06-24T14:08:02.362+0000][1][safepoint    ] Total time for which application threads were stopped: 0.0002583 seconds, Stopping threads took: 0.0000541 seconds
[2019-06-24T14:08:02.390+0000][1][safepoint    ] Application time: 0.0277700 seconds
[2019-06-24T14:08:02.390+0000][1][safepoint    ] Entering safepoint region: CollectForMetadataAllocation
[2019-06-24T14:08:02.390+0000][1][safepoint    ] Leaving safepoint region
[2019-06-24T14:08:02.390+0000][1][safepoint    ] Total time for which application threads were stopped: 0.0002533 seconds, Stopping threads took: 0.0000514 seconds
[2019-06-24T14:08:02.447+0000][1][safepoint    ] Application time: 0.0566243 seconds
[2019-06-24T14:08:02.447+0000][1][safepoint    ] Entering safepoint region: CollectForMetadataAllocation
[2019-06-24T14:08:02.447+0000][1][safepoint    ] Leaving safepoint region
[2019-06-24T14:08:02.447+0000][1][safepoint    ] Total time for which application threads were stopped: 0.0002511 seconds, Stopping threads took: 0.0000494 seconds
[2019-06-24T14:08:02.472+0000][1][safepoint    ] Application time: 0.0252249 seconds
[2019-06-24T14:08:02.473+0000][1][safepoint    ] Entering safepoint region: CollectForMetadataAllocation
[2019-06-24T14:08:02.473+0000][1][safepoint    ] Leaving safepoint region
[2019-06-24T14:08:02.473+0000][1][safepoint    ] Total time for which application threads were stopped: 0.0002872 seconds, Stopping threads took: 0.0000554 seconds
[2019-06-24T14:08:02.502+0000][1][safepoint    ] Application time: 0.0290020 seconds
[2019-06-24T14:08:02.502+0000][1][safepoint    ] Entering safepoint region: CollectForMetadataAllocation
[2019-06-24T14:08:02.502+0000][1][safepoint    ] Leaving safepoint region
[2019-06-24T14:08:02.502+0000][1][safepoint    ] Total time for which application threads were stopped: 0.0002555 seconds, Stopping threads took: 0.0000639 seconds
[2019-06-24T14:08:02.565+0000][1][safepoint    ] Application time: 0.0625487 seconds
[2019-06-24T14:08:02.565+0000][1][safepoint    ] Entering safepoint region: CollectForMetadataAllocation
[2019-06-24T14:08:02.565+0000][1][safepoint    ] Leaving safepoint region
[2019-06-24T14:08:02.565+0000][1][safepoint    ] Total time for which application threads were stopped: 0.0002411 seconds, Stopping threads took: 0.0000526 seconds
[2019-06-24T14:08:02.623+0000][1][safepoint    ] Application time: 0.0582775 seconds
[2019-06-24T14:08:02.623+0000][1][safepoint    ] Entering safepoint region: CollectForMetadataAllocation
[2019-06-24T14:08:02.623+0000][1][safepoint    ] Leaving safepoint region
[2019-06-24T14:08:02.624+0000][1][safepoint    ] Total time for which application threads were stopped: 0.0002268 seconds, Stopping threads took: 0.0000468 seconds
