[2019-06-24T10:02:57.140+0000][1][gc] Using Concurrent Mark Sweep
[2019-06-24T10:02:57.140+0000][1][gc,heap,coops] Heap address: 0x00000000f0000000, size: 256 MB, Compressed Oops mode: 32-bit
[2019-06-24T10:02:57.175+0000][1][safepoint    ] Entering safepoint region: EnableBiasedLocking
[2019-06-24T10:02:57.175+0000][1][safepoint    ] Leaving safepoint region
[2019-06-24T10:02:57.175+0000][1][safepoint    ] Total time for which application threads were stopped: 0.0000973 seconds, Stopping threads took: 0.0000398 seconds
[2019-06-24T10:02:57.177+0000][1][safepoint    ] Application time: 0.0019082 seconds
[2019-06-24T10:02:57.177+0000][1][safepoint    ] Entering safepoint region: RevokeBias
[2019-06-24T10:02:57.178+0000][1][safepoint    ] Leaving safepoint region
[2019-06-24T10:02:57.178+0000][1][safepoint    ] Total time for which application threads were stopped: 0.0001512 seconds, Stopping threads took: 0.0001037 seconds
[2019-06-24T10:02:57.184+0000][1][safepoint    ] Application time: 0.0065102 seconds
[2019-06-24T10:02:57.184+0000][1][safepoint    ] Entering safepoint region: Deoptimize
[2019-06-24T10:02:57.184+0000][1][safepoint    ] Leaving safepoint region
[2019-06-24T10:02:57.184+0000][1][safepoint    ] Total time for which application threads were stopped: 0.0000551 seconds, Stopping threads took: 0.0000120 seconds
[2019-06-24T10:02:57.275+0000][1][safepoint    ] Application time: 0.0904688 seconds
[2019-06-24T10:02:57.275+0000][1][safepoint    ] Entering safepoint region: RevokeBias
[2019-06-24T10:02:57.275+0000][1][safepoint    ] Leaving safepoint region
[2019-06-24T10:02:57.275+0000][1][safepoint    ] Total time for which application threads were stopped: 0.0001132 seconds, Stopping threads took: 0.0000486 seconds
[2019-06-24T10:02:57.276+0000][1][safepoint    ] Application time: 0.0013699 seconds
[2019-06-24T10:02:57.276+0000][1][safepoint    ] Entering safepoint region: Deoptimize
[2019-06-24T10:02:57.276+0000][1][safepoint    ] Leaving safepoint region
[2019-06-24T10:02:57.276+0000][1][safepoint    ] Total time for which application threads were stopped: 0.0000459 seconds, Stopping threads took: 0.0000073 seconds
[2019-06-24T10:02:57.298+0000][1][safepoint    ] Application time: 0.0221323 seconds
[2019-06-24T10:02:57.298+0000][1][safepoint    ] Entering safepoint region: Deoptimize
[2019-06-24T10:02:57.298+0000][1][safepoint    ] Leaving safepoint region
[2019-06-24T10:02:57.298+0000][1][safepoint    ] Total time for which application threads were stopped: 0.0000968 seconds, Stopping threads took: 0.0000125 seconds
[2019-06-24T10:02:57.550+0000][1][safepoint    ] Application time: 0.2517657 seconds
[2019-06-24T10:02:57.550+0000][1][safepoint    ] Entering safepoint region: Deoptimize
[2019-06-24T10:02:57.550+0000][1][safepoint    ] Leaving safepoint region
[2019-06-24T10:02:57.550+0000][1][safepoint    ] Total time for which application threads were stopped: 0.0001842 seconds, Stopping threads took: 0.0000128 seconds
[2019-06-24T10:02:57.591+0000][1][safepoint    ] Application time: 0.0409779 seconds
[2019-06-24T10:02:57.592+0000][1][safepoint    ] Entering safepoint region: Deoptimize
[2019-06-24T10:02:57.592+0000][1][safepoint    ] Leaving safepoint region
[2019-06-24T10:02:57.592+0000][1][safepoint    ] Total time for which application threads were stopped: 0.0001430 seconds, Stopping threads took: 0.0000155 seconds
[2019-06-24T10:02:57.601+0000][1][safepoint    ] Application time: 0.0093819 seconds
[2019-06-24T10:02:57.601+0000][1][safepoint    ] Entering safepoint region: Deoptimize
[2019-06-24T10:02:57.601+0000][1][safepoint    ] Leaving safepoint region
[2019-06-24T10:02:57.601+0000][1][safepoint    ] Total time for which application threads were stopped: 0.0001152 seconds, Stopping threads took: 0.0000127 seconds
[2019-06-24T10:02:57.971+0000][1][safepoint    ] Application time: 0.3692987 seconds
[2019-06-24T10:02:57.971+0000][1][safepoint    ] Entering safepoint region: Deoptimize
[2019-06-24T10:02:57.971+0000][1][safepoint    ] Leaving safepoint region
[2019-06-24T10:02:57.971+0000][1][safepoint    ] Total time for which application threads were stopped: 0.0003542 seconds, Stopping threads took: 0.0000128 seconds
[2019-06-24T10:02:58.187+0000][1][safepoint    ] Application time: 0.2158512 seconds
[2019-06-24T10:02:58.187+0000][1][safepoint    ] Entering safepoint region: RevokeBias
[2019-06-24T10:02:58.187+0000][1][safepoint    ] Leaving safepoint region
[2019-06-24T10:02:58.187+0000][1][safepoint    ] Total time for which application threads were stopped: 0.0002157 seconds, Stopping threads took: 0.0000968 seconds
[2019-06-24T10:02:58.265+0000][1][safepoint    ] Application time: 0.0783669 seconds
[2019-06-24T10:02:58.265+0000][1][safepoint    ] Entering safepoint region: Deoptimize
[2019-06-24T10:02:58.266+0000][1][safepoint    ] Leaving safepoint region
[2019-06-24T10:02:58.266+0000][1][safepoint    ] Total time for which application threads were stopped: 0.0001966 seconds, Stopping threads took: 0.0000091 seconds
[2019-06-24T10:02:58.358+0000][1][safepoint    ] Application time: 0.0922567 seconds
[2019-06-24T10:02:58.358+0000][1][safepoint    ] Entering safepoint region: Deoptimize
[2019-06-24T10:02:58.358+0000][1][safepoint    ] Leaving safepoint region
[2019-06-24T10:02:58.358+0000][1][safepoint    ] Total time for which application threads were stopped: 0.0001907 seconds, Stopping threads took: 0.0000192 seconds
[2019-06-24T10:02:58.358+0000][1][safepoint    ] Application time: 0.0001383 seconds
[2019-06-24T10:02:58.358+0000][1][safepoint    ] Entering safepoint region: Deoptimize
[2019-06-24T10:02:58.358+0000][1][safepoint    ] Leaving safepoint region
[2019-06-24T10:02:58.358+0000][1][safepoint    ] Total time for which application threads were stopped: 0.0001228 seconds, Stopping threads took: 0.0000072 seconds
[2019-06-24T10:02:58.385+0000][1][safepoint    ] Application time: 0.0264273 seconds
[2019-06-24T10:02:58.385+0000][1][safepoint    ] Entering safepoint region: Deoptimize
[2019-06-24T10:02:58.385+0000][1][safepoint    ] Leaving safepoint region
[2019-06-24T10:02:58.385+0000][1][safepoint    ] Total time for which application threads were stopped: 0.0001853 seconds, Stopping threads took: 0.0000094 seconds
[2019-06-24T10:02:58.391+0000][1][safepoint    ] Application time: 0.0054723 seconds
[2019-06-24T10:02:58.391+0000][1][safepoint    ] Entering safepoint region: RevokeBias
[2019-06-24T10:02:58.391+0000][1][safepoint    ] Leaving safepoint region
[2019-06-24T10:02:58.391+0000][1][safepoint    ] Total time for which application threads were stopped: 0.0000678 seconds, Stopping threads took: 0.0000209 seconds
[2019-06-24T10:02:58.391+0000][1][safepoint    ] Application time: 0.0002139 seconds
[2019-06-24T10:02:58.391+0000][1][safepoint    ] Entering safepoint region: RevokeBias
[2019-06-24T10:02:58.391+0000][1][safepoint    ] Leaving safepoint region
[2019-06-24T10:02:58.391+0000][1][safepoint    ] Total time for which application threads were stopped: 0.0000491 seconds, Stopping threads took: 0.0000174 seconds
[2019-06-24T10:02:58.391+0000][1][safepoint    ] Application time: 0.0002031 seconds
[2019-06-24T10:02:58.391+0000][1][safepoint    ] Entering safepoint region: RevokeBias
[2019-06-24T10:02:58.391+0000][1][safepoint    ] Leaving safepoint region
[2019-06-24T10:02:58.391+0000][1][safepoint    ] Total time for which application threads were stopped: 0.0000423 seconds, Stopping threads took: 0.0000170 seconds
[2019-06-24T10:02:58.391+0000][1][safepoint    ] Application time: 0.0001688 seconds
[2019-06-24T10:02:58.391+0000][1][safepoint    ] Entering safepoint region: RevokeBias
[2019-06-24T10:02:58.391+0000][1][safepoint    ] Leaving safepoint region
[2019-06-24T10:02:58.391+0000][1][safepoint    ] Total time for which application threads were stopped: 0.0000404 seconds, Stopping threads took: 0.0000175 seconds
[2019-06-24T10:02:58.392+0000][1][safepoint    ] Application time: 0.0001482 seconds
[2019-06-24T10:02:58.392+0000][1][safepoint    ] Entering safepoint region: RevokeBias
[2019-06-24T10:02:58.392+0000][1][safepoint    ] Leaving safepoint region
[2019-06-24T10:02:58.392+0000][1][safepoint    ] Total time for which application threads were stopped: 0.0000747 seconds, Stopping threads took: 0.0000390 seconds
[2019-06-24T10:02:58.392+0000][1][safepoint    ] Application time: 0.0002182 seconds
[2019-06-24T10:02:58.392+0000][1][safepoint    ] Entering safepoint region: RevokeBias
[2019-06-24T10:02:58.392+0000][1][safepoint    ] Leaving safepoint region
[2019-06-24T10:02:58.392+0000][1][safepoint    ] Total time for which application threads were stopped: 0.0000677 seconds, Stopping threads took: 0.0000323 seconds
[2019-06-24T10:02:58.393+0000][1][safepoint    ] Application time: 0.0011657 seconds
[2019-06-24T10:02:58.393+0000][1][safepoint    ] Entering safepoint region: RevokeBias
[2019-06-24T10:02:58.393+0000][1][safepoint    ] Leaving safepoint region
[2019-06-24T10:02:58.393+0000][1][safepoint    ] Total time for which application threads were stopped: 0.0000314 seconds, Stopping threads took: 0.0000084 seconds
[2019-06-24T10:02:58.399+0000][1][safepoint    ] Application time: 0.0061571 seconds
[2019-06-24T10:02:58.399+0000][1][safepoint    ] Entering safepoint region: Deoptimize
[2019-06-24T10:02:58.400+0000][1][safepoint    ] Leaving safepoint region
[2019-06-24T10:02:58.400+0000][1][safepoint    ] Total time for which application threads were stopped: 0.0001785 seconds, Stopping threads took: 0.0000128 seconds
[2019-06-24T10:02:58.485+0000][1][safepoint    ] Application time: 0.0850840 seconds
[2019-06-24T10:02:58.485+0000][1][safepoint    ] Entering safepoint region: GenCollectForAllocation
[2019-06-24T10:02:58.485+0000][1][gc,start     ] GC(0) Pause Young (Allocation Failure)
[2019-06-24T10:02:58.485+0000][1][gc,task      ] GC(0) Using 5 workers of 8 for evacuation
[2019-06-24T10:02:58.491+0000][1][gc,age       ] GC(0) Desired survivor size 4456448 bytes, new threshold 1 (max threshold 6)
[2019-06-24T10:02:58.491+0000][1][gc,age       ] GC(0) Age table with threshold 1 (max threshold 6)
[2019-06-24T10:02:58.491+0000][1][gc,age       ] GC(0) - age   1:    7828448 bytes,    7828448 total
[2019-06-24T10:02:58.491+0000][1][gc,heap      ] GC(0) ParNew: 69952K->7747K(78656K)
[2019-06-24T10:02:58.491+0000][1][gc,heap      ] GC(0) CMS: 0K->0K(174784K)
[2019-06-24T10:02:58.491+0000][1][gc,metaspace ] GC(0) Metaspace: 12136K->12136K(1060864K)
[2019-06-24T10:02:58.491+0000][1][gc           ] GC(0) Pause Young (Allocation Failure) 68M->7M(247M) 5.865ms
[2019-06-24T10:02:58.491+0000][1][gc,cpu       ] GC(0) User=0.04s Sys=0.00s Real=0.00s
[2019-06-24T10:02:58.491+0000][1][safepoint    ] Leaving safepoint region
[2019-06-24T10:02:58.491+0000][1][safepoint    ] Total time for which application threads were stopped: 0.0059944 seconds, Stopping threads took: 0.0000168 seconds
[2019-06-24T10:02:58.491+0000][1][safepoint    ] Application time: 0.0005148 seconds
[2019-06-24T10:02:58.491+0000][1][safepoint    ] Entering safepoint region: RevokeBias
[2019-06-24T10:02:58.491+0000][1][safepoint    ] Leaving safepoint region
[2019-06-24T10:02:58.491+0000][1][safepoint    ] Total time for which application threads were stopped: 0.0001809 seconds, Stopping threads took: 0.0001291 seconds
[2019-06-24T10:02:58.492+0000][1][safepoint    ] Application time: 0.0000729 seconds
[2019-06-24T10:02:58.492+0000][1][safepoint    ] Entering safepoint region: RevokeBias
[2019-06-24T10:02:58.492+0000][1][safepoint    ] Leaving safepoint region
[2019-06-24T10:02:58.492+0000][1][safepoint    ] Total time for which application threads were stopped: 0.0000681 seconds, Stopping threads took: 0.0000280 seconds
[2019-06-24T10:02:58.492+0000][1][safepoint    ] Application time: 0.0000945 seconds
[2019-06-24T10:02:58.492+0000][1][safepoint    ] Entering safepoint region: RevokeBias
[2019-06-24T10:02:58.492+0000][1][safepoint    ] Leaving safepoint region
[2019-06-24T10:02:58.492+0000][1][safepoint    ] Total time for which application threads were stopped: 0.0001799 seconds, Stopping threads took: 0.0001473 seconds
[2019-06-24T10:02:58.492+0000][1][safepoint    ] Application time: 0.0000389 seconds
[2019-06-24T10:02:58.492+0000][1][safepoint    ] Entering safepoint region: RevokeBias
[2019-06-24T10:02:58.492+0000][1][safepoint    ] Leaving safepoint region
[2019-06-24T10:02:58.492+0000][1][safepoint    ] Total time for which application threads were stopped: 0.0000426 seconds, Stopping threads took: 0.0000161 seconds
[2019-06-24T10:02:58.492+0000][1][safepoint    ] Application time: 0.0000423 seconds
[2019-06-24T10:02:58.492+0000][1][safepoint    ] Entering safepoint region: RevokeBias
[2019-06-24T10:02:58.492+0000][1][safepoint    ] Leaving safepoint region
[2019-06-24T10:02:58.492+0000][1][safepoint    ] Total time for which application threads were stopped: 0.0000337 seconds, Stopping threads took: 0.0000064 seconds
[2019-06-24T10:02:58.492+0000][1][safepoint    ] Application time: 0.0000346 seconds
[2019-06-24T10:02:58.492+0000][1][safepoint    ] Entering safepoint region: RevokeBias
[2019-06-24T10:02:58.492+0000][1][safepoint    ] Leaving safepoint region
[2019-06-24T10:02:58.492+0000][1][safepoint    ] Total time for which application threads were stopped: 0.0000312 seconds, Stopping threads took: 0.0000062 seconds
[2019-06-24T10:02:58.492+0000][1][safepoint    ] Application time: 0.0000533 seconds
[2019-06-24T10:02:58.492+0000][1][safepoint    ] Entering safepoint region: RevokeBias
[2019-06-24T10:02:58.492+0000][1][safepoint    ] Leaving safepoint region
[2019-06-24T10:02:58.492+0000][1][safepoint    ] Total time for which application threads were stopped: 0.0000304 seconds, Stopping threads took: 0.0000070 seconds
[2019-06-24T10:02:58.492+0000][1][safepoint    ] Application time: 0.0000346 seconds
[2019-06-24T10:02:58.492+0000][1][safepoint    ] Entering safepoint region: RevokeBias
[2019-06-24T10:02:58.492+0000][1][safepoint    ] Leaving safepoint region
[2019-06-24T10:02:58.492+0000][1][safepoint    ] Total time for which application threads were stopped: 0.0000273 seconds, Stopping threads took: 0.0000063 seconds
[2019-06-24T10:02:58.492+0000][1][safepoint    ] Application time: 0.0000395 seconds
[2019-06-24T10:02:58.492+0000][1][safepoint    ] Entering safepoint region: RevokeBias
[2019-06-24T10:02:58.492+0000][1][safepoint    ] Leaving safepoint region
[2019-06-24T10:02:58.492+0000][1][safepoint    ] Total time for which application threads were stopped: 0.0000278 seconds, Stopping threads took: 0.0000064 seconds
[2019-06-24T10:02:58.492+0000][1][safepoint    ] Application time: 0.0000332 seconds
[2019-06-24T10:02:58.492+0000][1][safepoint    ] Entering safepoint region: RevokeBias
[2019-06-24T10:02:58.492+0000][1][safepoint    ] Leaving safepoint region
[2019-06-24T10:02:58.492+0000][1][safepoint    ] Total time for which application threads were stopped: 0.0000273 seconds, Stopping threads took: 0.0000062 seconds
[2019-06-24T10:02:58.493+0000][1][safepoint    ] Application time: 0.0000629 seconds
[2019-06-24T10:02:58.493+0000][1][safepoint    ] Entering safepoint region: RevokeBias
[2019-06-24T10:02:58.493+0000][1][safepoint    ] Leaving safepoint region
[2019-06-24T10:02:58.493+0000][1][safepoint    ] Total time for which application threads were stopped: 0.0000785 seconds, Stopping threads took: 0.0000377 seconds
[2019-06-24T10:02:58.493+0000][1][safepoint    ] Application time: 0.0000472 seconds
[2019-06-24T10:02:58.493+0000][1][safepoint    ] Entering safepoint region: RevokeBias
[2019-06-24T10:02:58.493+0000][1][safepoint    ] Leaving safepoint region
[2019-06-24T10:02:58.493+0000][1][safepoint    ] Total time for which application threads were stopped: 0.0000592 seconds, Stopping threads took: 0.0000339 seconds
[2019-06-24T10:02:58.493+0000][1][safepoint    ] Application time: 0.0000489 seconds
[2019-06-24T10:02:58.493+0000][1][safepoint    ] Entering safepoint region: RevokeBias
[2019-06-24T10:02:58.493+0000][1][safepoint    ] Leaving safepoint region
[2019-06-24T10:02:58.493+0000][1][safepoint    ] Total time for which application threads were stopped: 0.0001328 seconds, Stopping threads took: 0.0000836 seconds
[2019-06-24T10:02:58.493+0000][1][safepoint    ] Application time: 0.0000425 seconds
[2019-06-24T10:02:58.493+0000][1][safepoint    ] Entering safepoint region: RevokeBias
[2019-06-24T10:02:58.493+0000][1][safepoint    ] Leaving safepoint region
[2019-06-24T10:02:58.493+0000][1][safepoint    ] Total time for which application threads were stopped: 0.0000579 seconds, Stopping threads took: 0.0000177 seconds
[2019-06-24T10:02:58.493+0000][1][safepoint    ] Application time: 0.0000485 seconds
[2019-06-24T10:02:58.493+0000][1][safepoint    ] Entering safepoint region: RevokeBias
[2019-06-24T10:02:58.493+0000][1][safepoint    ] Leaving safepoint region
[2019-06-24T10:02:58.493+0000][1][safepoint    ] Total time for which application threads were stopped: 0.0000756 seconds, Stopping threads took: 0.0000373 seconds
[2019-06-24T10:02:58.493+0000][1][safepoint    ] Application time: 0.0000440 seconds
[2019-06-24T10:02:58.493+0000][1][safepoint    ] Entering safepoint region: RevokeBias
[2019-06-24T10:02:58.493+0000][1][safepoint    ] Leaving safepoint region
[2019-06-24T10:02:58.493+0000][1][safepoint    ] Total time for which application threads were stopped: 0.0000451 seconds, Stopping threads took: 0.0000130 seconds
[2019-06-24T10:02:58.493+0000][1][safepoint    ] Application time: 0.0000758 seconds
[2019-06-24T10:02:58.493+0000][1][safepoint    ] Entering safepoint region: RevokeBias
[2019-06-24T10:02:58.494+0000][1][safepoint    ] Leaving safepoint region
[2019-06-24T10:02:58.494+0000][1][safepoint    ] Total time for which application threads were stopped: 0.0000698 seconds, Stopping threads took: 0.0000290 seconds
[2019-06-24T10:02:58.494+0000][1][safepoint    ] Application time: 0.0000400 seconds
[2019-06-24T10:02:58.494+0000][1][safepoint    ] Entering safepoint region: RevokeBias
[2019-06-24T10:02:58.494+0000][1][safepoint    ] Leaving safepoint region
[2019-06-24T10:02:58.494+0000][1][safepoint    ] Total time for which application threads were stopped: 0.0000467 seconds, Stopping threads took: 0.0000096 seconds
[2019-06-24T10:02:58.494+0000][1][safepoint    ] Application time: 0.0000502 seconds
[2019-06-24T10:02:58.494+0000][1][safepoint    ] Entering safepoint region: RevokeBias
[2019-06-24T10:02:58.494+0000][1][safepoint    ] Leaving safepoint region
[2019-06-24T10:02:58.494+0000][1][safepoint    ] Total time for which application threads were stopped: 0.0000812 seconds, Stopping threads took: 0.0000335 seconds
[2019-06-24T10:02:58.494+0000][1][safepoint    ] Application time: 0.0000405 seconds
[2019-06-24T10:02:58.494+0000][1][safepoint    ] Entering safepoint region: RevokeBias
[2019-06-24T10:02:58.494+0000][1][safepoint    ] Leaving safepoint region
[2019-06-24T10:02:58.494+0000][1][safepoint    ] Total time for which application threads were stopped: 0.0000548 seconds, Stopping threads took: 0.0000097 seconds
[2019-06-24T10:02:58.494+0000][1][safepoint    ] Application time: 0.0000423 seconds
[2019-06-24T10:02:58.494+0000][1][safepoint    ] Entering safepoint region: RevokeBias
[2019-06-24T10:02:58.494+0000][1][safepoint    ] Leaving safepoint region
[2019-06-24T10:02:58.494+0000][1][safepoint    ] Total time for which application threads were stopped: 0.0000533 seconds, Stopping threads took: 0.0000092 seconds
[2019-06-24T10:02:58.494+0000][1][safepoint    ] Application time: 0.0000393 seconds
[2019-06-24T10:02:58.494+0000][1][safepoint    ] Entering safepoint region: RevokeBias
[2019-06-24T10:02:58.494+0000][1][safepoint    ] Leaving safepoint region
[2019-06-24T10:02:58.494+0000][1][safepoint    ] Total time for which application threads were stopped: 0.0000538 seconds, Stopping threads took: 0.0000095 seconds
[2019-06-24T10:02:58.494+0000][1][safepoint    ] Application time: 0.0000475 seconds
[2019-06-24T10:02:58.494+0000][1][safepoint    ] Entering safepoint region: RevokeBias
[2019-06-24T10:02:58.494+0000][1][safepoint    ] Leaving safepoint region
[2019-06-24T10:02:58.494+0000][1][safepoint    ] Total time for which application threads were stopped: 0.0000881 seconds, Stopping threads took: 0.0000469 seconds
[2019-06-24T10:02:58.494+0000][1][safepoint    ] Application time: 0.0000401 seconds
[2019-06-24T10:02:58.494+0000][1][safepoint    ] Entering safepoint region: RevokeBias
[2019-06-24T10:02:58.494+0000][1][safepoint    ] Leaving safepoint region
[2019-06-24T10:02:58.494+0000][1][safepoint    ] Total time for which application threads were stopped: 0.0000703 seconds, Stopping threads took: 0.0000367 seconds
[2019-06-24T10:02:58.495+0000][1][safepoint    ] Application time: 0.0002242 seconds
[2019-06-24T10:02:58.495+0000][1][safepoint    ] Entering safepoint region: RevokeBias
[2019-06-24T10:02:58.495+0000][1][safepoint    ] Leaving safepoint region
[2019-06-24T10:02:58.495+0000][1][safepoint    ] Total time for which application threads were stopped: 0.0000659 seconds, Stopping threads took: 0.0000316 seconds
[2019-06-24T10:02:58.495+0000][1][safepoint    ] Application time: 0.0000421 seconds
[2019-06-24T10:02:58.495+0000][1][safepoint    ] Entering safepoint region: RevokeBias
[2019-06-24T10:02:58.495+0000][1][safepoint    ] Leaving safepoint region
[2019-06-24T10:02:58.495+0000][1][safepoint    ] Total time for which application threads were stopped: 0.0000397 seconds, Stopping threads took: 0.0000097 seconds
[2019-06-24T10:02:58.833+0000][1][safepoint    ] Application time: 0.3379164 seconds
[2019-06-24T10:02:58.833+0000][1][safepoint    ] Entering safepoint region: RevokeBias
[2019-06-24T10:02:58.833+0000][1][safepoint    ] Leaving safepoint region
[2019-06-24T10:02:58.833+0000][1][safepoint    ] Total time for which application threads were stopped: 0.0001428 seconds, Stopping threads took: 0.0000140 seconds
[2019-06-24T10:02:58.923+0000][1][safepoint    ] Application time: 0.0895955 seconds
[2019-06-24T10:02:58.923+0000][1][safepoint    ] Entering safepoint region: RevokeBias
[2019-06-24T10:02:58.923+0000][1][safepoint    ] Leaving safepoint region
[2019-06-24T10:02:58.923+0000][1][safepoint    ] Total time for which application threads were stopped: 0.0001631 seconds, Stopping threads took: 0.0001013 seconds
[2019-06-24T10:02:58.927+0000][1][safepoint    ] Application time: 0.0046524 seconds
[2019-06-24T10:02:58.927+0000][1][safepoint    ] Entering safepoint region: RevokeBias
[2019-06-24T10:02:58.928+0000][1][safepoint    ] Leaving safepoint region
[2019-06-24T10:02:58.928+0000][1][safepoint    ] Total time for which application threads were stopped: 0.0001353 seconds, Stopping threads took: 0.0000701 seconds
[2019-06-24T10:02:58.931+0000][1][safepoint    ] Application time: 0.0031961 seconds
[2019-06-24T10:02:58.931+0000][1][safepoint    ] Entering safepoint region: RevokeBias
[2019-06-24T10:02:58.931+0000][1][safepoint    ] Leaving safepoint region
[2019-06-24T10:02:58.931+0000][1][safepoint    ] Total time for which application threads were stopped: 0.0000780 seconds, Stopping threads took: 0.0000153 seconds
[2019-06-24T10:02:58.949+0000][1][safepoint    ] Application time: 0.0182336 seconds
[2019-06-24T10:02:58.949+0000][1][safepoint    ] Entering safepoint region: GenCollectForAllocation
[2019-06-24T10:02:58.949+0000][1][gc,start     ] GC(1) Pause Young (Allocation Failure)
[2019-06-24T10:02:58.949+0000][1][gc,task      ] GC(1) Using 5 workers of 8 for evacuation
[2019-06-24T10:02:58.960+0000][1][gc,age       ] GC(1) Desired survivor size 4456448 bytes, new threshold 6 (max threshold 6)
[2019-06-24T10:02:58.960+0000][1][gc,age       ] GC(1) Age table with threshold 6 (max threshold 6)
[2019-06-24T10:02:58.960+0000][1][gc,age       ] GC(1) - age   1:    1994392 bytes,    1994392 total
[2019-06-24T10:02:58.960+0000][1][gc,heap      ] GC(1) ParNew: 77699K->5087K(78656K)
[2019-06-24T10:02:58.960+0000][1][gc,heap      ] GC(1) CMS: 0K->6666K(174784K)
[2019-06-24T10:02:58.960+0000][1][gc,metaspace ] GC(1) Metaspace: 14799K->14799K(1062912K)
[2019-06-24T10:02:58.960+0000][1][gc           ] GC(1) Pause Young (Allocation Failure) 75M->11M(247M) 10.968ms
[2019-06-24T10:02:58.960+0000][1][gc,cpu       ] GC(1) User=0.05s Sys=0.00s Real=0.01s
[2019-06-24T10:02:58.960+0000][1][safepoint    ] Leaving safepoint region
[2019-06-24T10:02:58.960+0000][1][safepoint    ] Total time for which application threads were stopped: 0.0111486 seconds, Stopping threads took: 0.0000916 seconds
[2019-06-24T10:02:58.961+0000][1][safepoint    ] Application time: 0.0002002 seconds
[2019-06-24T10:02:58.961+0000][1][safepoint    ] Entering safepoint region: BulkRevokeBias
[2019-06-24T10:02:58.961+0000][1][safepoint    ] Leaving safepoint region
[2019-06-24T10:02:58.961+0000][1][safepoint    ] Total time for which application threads were stopped: 0.0000753 seconds, Stopping threads took: 0.0000176 seconds
[2019-06-24T10:02:58.961+0000][1][safepoint    ] Application time: 0.0000503 seconds
[2019-06-24T10:02:58.961+0000][1][safepoint    ] Entering safepoint region: RevokeBias
[2019-06-24T10:02:58.961+0000][1][safepoint    ] Leaving safepoint region
[2019-06-24T10:02:58.961+0000][1][safepoint    ] Total time for which application threads were stopped: 0.0000248 seconds, Stopping threads took: 0.0000059 seconds
[2019-06-24T10:02:58.961+0000][1][safepoint    ] Application time: 0.0000785 seconds
[2019-06-24T10:02:58.961+0000][1][safepoint    ] Entering safepoint region: RevokeBias
[2019-06-24T10:02:58.961+0000][1][safepoint    ] Leaving safepoint region
[2019-06-24T10:02:58.961+0000][1][safepoint    ] Total time for which application threads were stopped: 0.0000709 seconds, Stopping threads took: 0.0000302 seconds
[2019-06-24T10:02:58.961+0000][1][safepoint    ] Application time: 0.0000908 seconds
[2019-06-24T10:02:58.961+0000][1][safepoint    ] Entering safepoint region: RevokeBias
[2019-06-24T10:02:58.961+0000][1][safepoint    ] Leaving safepoint region
[2019-06-24T10:02:58.961+0000][1][safepoint    ] Total time for which application threads were stopped: 0.0000567 seconds, Stopping threads took: 0.0000238 seconds
[2019-06-24T10:02:58.961+0000][1][safepoint    ] Application time: 0.0000870 seconds
[2019-06-24T10:02:58.961+0000][1][safepoint    ] Entering safepoint region: RevokeBias
[2019-06-24T10:02:58.961+0000][1][safepoint    ] Leaving safepoint region
[2019-06-24T10:02:58.961+0000][1][safepoint    ] Total time for which application threads were stopped: 0.0000470 seconds, Stopping threads took: 0.0000161 seconds
[2019-06-24T10:02:58.961+0000][1][safepoint    ] Application time: 0.0000337 seconds
[2019-06-24T10:02:58.961+0000][1][safepoint    ] Entering safepoint region: RevokeBias
[2019-06-24T10:02:58.961+0000][1][safepoint    ] Leaving safepoint region
[2019-06-24T10:02:58.961+0000][1][safepoint    ] Total time for which application threads were stopped: 0.0000256 seconds, Stopping threads took: 0.0000053 seconds
[2019-06-24T10:02:58.961+0000][1][safepoint    ] Application time: 0.0000552 seconds
[2019-06-24T10:02:58.961+0000][1][safepoint    ] Entering safepoint region: RevokeBias
[2019-06-24T10:02:58.961+0000][1][safepoint    ] Leaving safepoint region
[2019-06-24T10:02:58.961+0000][1][safepoint    ] Total time for which application threads were stopped: 0.0000252 seconds, Stopping threads took: 0.0000055 seconds
[2019-06-24T10:02:58.961+0000][1][safepoint    ] Application time: 0.0000320 seconds
[2019-06-24T10:02:58.961+0000][1][safepoint    ] Entering safepoint region: RevokeBias
[2019-06-24T10:02:58.961+0000][1][safepoint    ] Leaving safepoint region
[2019-06-24T10:02:58.961+0000][1][safepoint    ] Total time for which application threads were stopped: 0.0000532 seconds, Stopping threads took: 0.0000260 seconds
[2019-06-24T10:02:58.961+0000][1][safepoint    ] Application time: 0.0000375 seconds
[2019-06-24T10:02:58.962+0000][1][safepoint    ] Entering safepoint region: RevokeBias
[2019-06-24T10:02:58.962+0000][1][safepoint    ] Leaving safepoint region
[2019-06-24T10:02:58.962+0000][1][safepoint    ] Total time for which application threads were stopped: 0.0000639 seconds, Stopping threads took: 0.0000299 seconds
[2019-06-24T10:02:58.962+0000][1][safepoint    ] Application time: 0.0000309 seconds
[2019-06-24T10:02:58.962+0000][1][safepoint    ] Entering safepoint region: RevokeBias
[2019-06-24T10:02:58.962+0000][1][safepoint    ] Leaving safepoint region
[2019-06-24T10:02:58.962+0000][1][safepoint    ] Total time for which application threads were stopped: 0.0000546 seconds, Stopping threads took: 0.0000254 seconds
[2019-06-24T10:02:58.962+0000][1][safepoint    ] Application time: 0.0000346 seconds
[2019-06-24T10:02:58.962+0000][1][safepoint    ] Entering safepoint region: BulkRevokeBias
[2019-06-24T10:02:58.962+0000][1][safepoint    ] Leaving safepoint region
[2019-06-24T10:02:58.962+0000][1][safepoint    ] Total time for which application threads were stopped: 0.0000819 seconds, Stopping threads took: 0.0000394 seconds
[2019-06-24T10:02:58.962+0000][1][safepoint    ] Application time: 0.0000292 seconds
[2019-06-24T10:02:58.962+0000][1][safepoint    ] Entering safepoint region: RevokeBias
[2019-06-24T10:02:58.962+0000][1][safepoint    ] Leaving safepoint region
[2019-06-24T10:02:58.962+0000][1][safepoint    ] Total time for which application threads were stopped: 0.0000684 seconds, Stopping threads took: 0.0000384 seconds
[2019-06-24T10:02:58.962+0000][1][safepoint    ] Application time: 0.0000314 seconds
[2019-06-24T10:02:58.962+0000][1][safepoint    ] Entering safepoint region: BulkRevokeBias
[2019-06-24T10:02:58.962+0000][1][safepoint    ] Leaving safepoint region
[2019-06-24T10:02:58.962+0000][1][safepoint    ] Total time for which application threads were stopped: 0.0000690 seconds, Stopping threads took: 0.0000367 seconds
[2019-06-24T10:02:59.065+0000][1][safepoint    ] Application time: 0.1034224 seconds
[2019-06-24T10:02:59.065+0000][1][safepoint    ] Entering safepoint region: GenCollectForAllocation
[2019-06-24T10:02:59.066+0000][1][gc,start     ] GC(2) Pause Young (Allocation Failure)
[2019-06-24T10:02:59.066+0000][1][gc,task      ] GC(2) Using 5 workers of 8 for evacuation
[2019-06-24T10:02:59.069+0000][1][gc,age       ] GC(2) Desired survivor size 4456448 bytes, new threshold 6 (max threshold 6)
[2019-06-24T10:02:59.069+0000][1][gc,age       ] GC(2) Age table with threshold 6 (max threshold 6)
[2019-06-24T10:02:59.069+0000][1][gc,age       ] GC(2) - age   1:    2700512 bytes,    2700512 total
[2019-06-24T10:02:59.069+0000][1][gc,age       ] GC(2) - age   2:    1195944 bytes,    3896456 total
[2019-06-24T10:02:59.069+0000][1][gc,heap      ] GC(2) ParNew: 75039K->5052K(78656K)
[2019-06-24T10:02:59.069+0000][1][gc,heap      ] GC(2) CMS: 6666K->6666K(174784K)
[2019-06-24T10:02:59.069+0000][1][gc,metaspace ] GC(2) Metaspace: 14912K->14912K(1062912K)
[2019-06-24T10:02:59.069+0000][1][gc           ] GC(2) Pause Young (Allocation Failure) 79M->11M(247M) 3.417ms
[2019-06-24T10:02:59.069+0000][1][gc,cpu       ] GC(2) User=0.02s Sys=0.00s Real=0.00s
[2019-06-24T10:02:59.069+0000][1][safepoint    ] Leaving safepoint region
[2019-06-24T10:02:59.069+0000][1][safepoint    ] Total time for which application threads were stopped: 0.0035629 seconds, Stopping threads took: 0.0000114 seconds
[2019-06-24T10:02:59.069+0000][1][safepoint    ] Application time: 0.0001656 seconds
[2019-06-24T10:02:59.069+0000][1][safepoint    ] Entering safepoint region: RevokeBias
[2019-06-24T10:02:59.069+0000][1][safepoint    ] Leaving safepoint region
[2019-06-24T10:02:59.069+0000][1][safepoint    ] Total time for which application threads were stopped: 0.0001348 seconds, Stopping threads took: 0.0000553 seconds
[2019-06-24T10:02:59.069+0000][1][safepoint    ] Application time: 0.0000781 seconds
[2019-06-24T10:02:59.069+0000][1][safepoint    ] Entering safepoint region: RevokeBias
[2019-06-24T10:02:59.070+0000][1][safepoint    ] Leaving safepoint region
[2019-06-24T10:02:59.070+0000][1][safepoint    ] Total time for which application threads were stopped: 0.0000908 seconds, Stopping threads took: 0.0000130 seconds
[2019-06-24T10:02:59.070+0000][1][safepoint    ] Application time: 0.0000535 seconds
[2019-06-24T10:02:59.070+0000][1][safepoint    ] Entering safepoint region: RevokeBias
[2019-06-24T10:02:59.070+0000][1][safepoint    ] Leaving safepoint region
[2019-06-24T10:02:59.070+0000][1][safepoint    ] Total time for which application threads were stopped: 0.0000736 seconds, Stopping threads took: 0.0000101 seconds
[2019-06-24T10:02:59.070+0000][1][safepoint    ] Application time: 0.0000383 seconds
[2019-06-24T10:02:59.070+0000][1][safepoint    ] Entering safepoint region: RevokeBias
[2019-06-24T10:02:59.070+0000][1][safepoint    ] Leaving safepoint region
[2019-06-24T10:02:59.070+0000][1][safepoint    ] Total time for which application threads were stopped: 0.0000837 seconds, Stopping threads took: 0.0000214 seconds
[2019-06-24T10:02:59.070+0000][1][safepoint    ] Application time: 0.0000415 seconds
[2019-06-24T10:02:59.070+0000][1][safepoint    ] Entering safepoint region: RevokeBias
[2019-06-24T10:02:59.070+0000][1][safepoint    ] Leaving safepoint region
[2019-06-24T10:02:59.070+0000][1][safepoint    ] Total time for which application threads were stopped: 0.0000714 seconds, Stopping threads took: 0.0000099 seconds
[2019-06-24T10:02:59.070+0000][1][safepoint    ] Application time: 0.0000409 seconds
[2019-06-24T10:02:59.070+0000][1][safepoint    ] Entering safepoint region: RevokeBias
[2019-06-24T10:02:59.070+0000][1][safepoint    ] Leaving safepoint region
[2019-06-24T10:02:59.070+0000][1][safepoint    ] Total time for which application threads were stopped: 0.0001314 seconds, Stopping threads took: 0.0000791 seconds
[2019-06-24T10:02:59.181+0000][1][safepoint    ] Application time: 0.1105958 seconds
[2019-06-24T10:02:59.181+0000][1][safepoint    ] Entering safepoint region: Deoptimize
[2019-06-24T10:02:59.181+0000][1][safepoint    ] Leaving safepoint region
[2019-06-24T10:02:59.181+0000][1][safepoint    ] Total time for which application threads were stopped: 0.0002864 seconds, Stopping threads took: 0.0000116 seconds
[2019-06-24T10:02:59.182+0000][1][safepoint    ] Application time: 0.0004173 seconds
[2019-06-24T10:02:59.182+0000][1][safepoint    ] Entering safepoint region: Deoptimize
[2019-06-24T10:02:59.182+0000][1][safepoint    ] Leaving safepoint region
[2019-06-24T10:02:59.182+0000][1][safepoint    ] Total time for which application threads were stopped: 0.0001932 seconds, Stopping threads took: 0.0000086 seconds
[2019-06-24T10:02:59.372+0000][1][safepoint    ] Application time: 0.1907136 seconds
[2019-06-24T10:02:59.373+0000][1][safepoint    ] Entering safepoint region: GenCollectForAllocation
[2019-06-24T10:02:59.373+0000][1][gc,start     ] GC(3) Pause Young (Allocation Failure)
[2019-06-24T10:02:59.373+0000][1][gc,task      ] GC(3) Using 5 workers of 8 for evacuation
[2019-06-24T10:02:59.376+0000][1][gc,age       ] GC(3) Desired survivor size 4456448 bytes, new threshold 3 (max threshold 6)
[2019-06-24T10:02:59.376+0000][1][gc,age       ] GC(3) Age table with threshold 3 (max threshold 6)
[2019-06-24T10:02:59.376+0000][1][gc,age       ] GC(3) - age   1:    3230896 bytes,    3230896 total
[2019-06-24T10:02:59.376+0000][1][gc,age       ] GC(3) - age   2:     318568 bytes,    3549464 total
[2019-06-24T10:02:59.376+0000][1][gc,age       ] GC(3) - age   3:    1192960 bytes,    4742424 total
[2019-06-24T10:02:59.376+0000][1][gc,heap      ] GC(3) ParNew: 75004K->6049K(78656K)
[2019-06-24T10:02:59.376+0000][1][gc,heap      ] GC(3) CMS: 6666K->6666K(174784K)
[2019-06-24T10:02:59.376+0000][1][gc,metaspace ] GC(3) Metaspace: 18238K->18238K(1067008K)
[2019-06-24T10:02:59.376+0000][1][gc           ] GC(3) Pause Young (Allocation Failure) 79M->12M(247M) 3.407ms
[2019-06-24T10:02:59.376+0000][1][gc,cpu       ] GC(3) User=0.02s Sys=0.00s Real=0.01s
[2019-06-24T10:02:59.376+0000][1][safepoint    ] Leaving safepoint region
[2019-06-24T10:02:59.376+0000][1][safepoint    ] Total time for which application threads were stopped: 0.0035744 seconds, Stopping threads took: 0.0000134 seconds
[2019-06-24T10:02:59.376+0000][1][safepoint    ] Application time: 0.0001957 seconds
[2019-06-24T10:02:59.376+0000][1][safepoint    ] Entering safepoint region: RevokeBias
[2019-06-24T10:02:59.376+0000][1][safepoint    ] Leaving safepoint region
[2019-06-24T10:02:59.376+0000][1][safepoint    ] Total time for which application threads were stopped: 0.0001023 seconds, Stopping threads took: 0.0000309 seconds
[2019-06-24T10:02:59.376+0000][1][safepoint    ] Application time: 0.0000496 seconds
[2019-06-24T10:02:59.376+0000][1][safepoint    ] Entering safepoint region: RevokeBias
[2019-06-24T10:02:59.377+0000][1][safepoint    ] Leaving safepoint region
[2019-06-24T10:02:59.377+0000][1][safepoint    ] Total time for which application threads were stopped: 0.0000805 seconds, Stopping threads took: 0.0000342 seconds
[2019-06-24T10:02:59.377+0000][1][safepoint    ] Application time: 0.0000516 seconds
[2019-06-24T10:02:59.377+0000][1][safepoint    ] Entering safepoint region: RevokeBias
[2019-06-24T10:02:59.377+0000][1][safepoint    ] Leaving safepoint region
[2019-06-24T10:02:59.377+0000][1][safepoint    ] Total time for which application threads were stopped: 0.0000679 seconds, Stopping threads took: 0.0000256 seconds
[2019-06-24T10:02:59.377+0000][1][safepoint    ] Application time: 0.0000812 seconds
[2019-06-24T10:02:59.377+0000][1][safepoint    ] Entering safepoint region: RevokeBias
[2019-06-24T10:02:59.377+0000][1][safepoint    ] Leaving safepoint region
[2019-06-24T10:02:59.377+0000][1][safepoint    ] Total time for which application threads were stopped: 0.0002991 seconds, Stopping threads took: 0.0002434 seconds
[2019-06-24T10:02:59.377+0000][1][safepoint    ] Application time: 0.0001279 seconds
[2019-06-24T10:02:59.377+0000][1][safepoint    ] Entering safepoint region: RevokeBias
[2019-06-24T10:02:59.377+0000][1][safepoint    ] Leaving safepoint region
[2019-06-24T10:02:59.377+0000][1][safepoint    ] Total time for which application threads were stopped: 0.0001825 seconds, Stopping threads took: 0.0001171 seconds
[2019-06-24T10:02:59.377+0000][1][safepoint    ] Application time: 0.0000536 seconds
[2019-06-24T10:02:59.378+0000][1][safepoint    ] Entering safepoint region: BulkRevokeBias
[2019-06-24T10:02:59.378+0000][1][safepoint    ] Leaving safepoint region
[2019-06-24T10:02:59.378+0000][1][safepoint    ] Total time for which application threads were stopped: 0.0000757 seconds, Stopping threads took: 0.0000073 seconds
[2019-06-24T10:02:59.378+0000][1][safepoint    ] Application time: 0.0001344 seconds
[2019-06-24T10:02:59.378+0000][1][safepoint    ] Entering safepoint region: RevokeBias
[2019-06-24T10:02:59.378+0000][1][safepoint    ] Leaving safepoint region
[2019-06-24T10:02:59.378+0000][1][safepoint    ] Total time for which application threads were stopped: 0.0000779 seconds, Stopping threads took: 0.0000071 seconds
[2019-06-24T10:02:59.378+0000][1][safepoint    ] Application time: 0.0001928 seconds
[2019-06-24T10:02:59.378+0000][1][safepoint    ] Entering safepoint region: RevokeBias
[2019-06-24T10:02:59.378+0000][1][safepoint    ] Leaving safepoint region
[2019-06-24T10:02:59.378+0000][1][safepoint    ] Total time for which application threads were stopped: 0.0002743 seconds, Stopping threads took: 0.0002387 seconds
[2019-06-24T10:02:59.378+0000][1][safepoint    ] Application time: 0.0000838 seconds
[2019-06-24T10:02:59.378+0000][1][safepoint    ] Entering safepoint region: RevokeBias
[2019-06-24T10:02:59.378+0000][1][safepoint    ] Leaving safepoint region
[2019-06-24T10:02:59.379+0000][1][safepoint    ] Total time for which application threads were stopped: 0.0000983 seconds, Stopping threads took: 0.0000256 seconds
[2019-06-24T10:02:59.379+0000][1][safepoint    ] Application time: 0.0001280 seconds
[2019-06-24T10:02:59.379+0000][1][safepoint    ] Entering safepoint region: RevokeBias
[2019-06-24T10:02:59.379+0000][1][safepoint    ] Leaving safepoint region
[2019-06-24T10:02:59.379+0000][1][safepoint    ] Total time for which application threads were stopped: 0.0000880 seconds, Stopping threads took: 0.0000259 seconds
[2019-06-24T10:02:59.379+0000][1][safepoint    ] Application time: 0.0000478 seconds
[2019-06-24T10:02:59.379+0000][1][safepoint    ] Entering safepoint region: RevokeBias
[2019-06-24T10:02:59.379+0000][1][safepoint    ] Leaving safepoint region
[2019-06-24T10:02:59.379+0000][1][safepoint    ] Total time for which application threads were stopped: 0.0000662 seconds, Stopping threads took: 0.0000120 seconds
[2019-06-24T10:02:59.379+0000][1][safepoint    ] Application time: 0.0000507 seconds
[2019-06-24T10:02:59.379+0000][1][safepoint    ] Entering safepoint region: RevokeBias
[2019-06-24T10:02:59.379+0000][1][safepoint    ] Leaving safepoint region
[2019-06-24T10:02:59.379+0000][1][safepoint    ] Total time for which application threads were stopped: 0.0000780 seconds, Stopping threads took: 0.0000244 seconds
[2019-06-24T10:02:59.379+0000][1][safepoint    ] Application time: 0.0000946 seconds
[2019-06-24T10:02:59.379+0000][1][safepoint    ] Entering safepoint region: RevokeBias
[2019-06-24T10:02:59.379+0000][1][safepoint    ] Leaving safepoint region
[2019-06-24T10:02:59.379+0000][1][safepoint    ] Total time for which application threads were stopped: 0.0001322 seconds, Stopping threads took: 0.0000594 seconds
[2019-06-24T10:02:59.380+0000][1][safepoint    ] Application time: 0.0003123 seconds
[2019-06-24T10:02:59.380+0000][1][safepoint    ] Entering safepoint region: RevokeBias
[2019-06-24T10:02:59.380+0000][1][safepoint    ] Leaving safepoint region
[2019-06-24T10:02:59.380+0000][1][safepoint    ] Total time for which application threads were stopped: 0.0001036 seconds, Stopping threads took: 0.0000309 seconds
[2019-06-24T10:02:59.380+0000][1][safepoint    ] Application time: 0.0000679 seconds
[2019-06-24T10:02:59.380+0000][1][safepoint    ] Entering safepoint region: RevokeBias
[2019-06-24T10:02:59.380+0000][1][safepoint    ] Leaving safepoint region
[2019-06-24T10:02:59.380+0000][1][safepoint    ] Total time for which application threads were stopped: 0.0003304 seconds, Stopping threads took: 0.0002690 seconds
[2019-06-24T10:02:59.380+0000][1][safepoint    ] Application time: 0.0001102 seconds
[2019-06-24T10:02:59.380+0000][1][safepoint    ] Entering safepoint region: RevokeBias
[2019-06-24T10:02:59.380+0000][1][safepoint    ] Leaving safepoint region
[2019-06-24T10:02:59.380+0000][1][safepoint    ] Total time for which application threads were stopped: 0.0000715 seconds, Stopping threads took: 0.0000145 seconds
[2019-06-24T10:02:59.380+0000][1][safepoint    ] Application time: 0.0000560 seconds
[2019-06-24T10:02:59.380+0000][1][safepoint    ] Entering safepoint region: RevokeBias
[2019-06-24T10:02:59.380+0000][1][safepoint    ] Leaving safepoint region
[2019-06-24T10:02:59.381+0000][1][safepoint    ] Total time for which application threads were stopped: 0.0000625 seconds, Stopping threads took: 0.0000106 seconds
[2019-06-24T10:02:59.381+0000][1][safepoint    ] Application time: 0.0000956 seconds
[2019-06-24T10:02:59.381+0000][1][safepoint    ] Entering safepoint region: RevokeBias
[2019-06-24T10:02:59.381+0000][1][safepoint    ] Leaving safepoint region
[2019-06-24T10:02:59.381+0000][1][safepoint    ] Total time for which application threads were stopped: 0.0000866 seconds, Stopping threads took: 0.0000435 seconds
[2019-06-24T10:02:59.381+0000][1][safepoint    ] Application time: 0.0000610 seconds
[2019-06-24T10:02:59.381+0000][1][safepoint    ] Entering safepoint region: RevokeBias
[2019-06-24T10:02:59.381+0000][1][safepoint    ] Leaving safepoint region
[2019-06-24T10:02:59.381+0000][1][safepoint    ] Total time for which application threads were stopped: 0.0001535 seconds, Stopping threads took: 0.0000651 seconds
[2019-06-24T10:02:59.381+0000][1][safepoint    ] Application time: 0.0000544 seconds
[2019-06-24T10:02:59.381+0000][1][safepoint    ] Entering safepoint region: RevokeBias
[2019-06-24T10:02:59.381+0000][1][safepoint    ] Leaving safepoint region
[2019-06-24T10:02:59.381+0000][1][safepoint    ] Total time for which application threads were stopped: 0.0000771 seconds, Stopping threads took: 0.0000128 seconds
[2019-06-24T10:02:59.381+0000][1][safepoint    ] Application time: 0.0000539 seconds
[2019-06-24T10:02:59.381+0000][1][safepoint    ] Entering safepoint region: RevokeBias
[2019-06-24T10:02:59.381+0000][1][safepoint    ] Leaving safepoint region
[2019-06-24T10:02:59.381+0000][1][safepoint    ] Total time for which application threads were stopped: 0.0000697 seconds, Stopping threads took: 0.0000115 seconds
[2019-06-24T10:02:59.381+0000][1][safepoint    ] Application time: 0.0000451 seconds
[2019-06-24T10:02:59.381+0000][1][safepoint    ] Entering safepoint region: RevokeBias
[2019-06-24T10:02:59.381+0000][1][safepoint    ] Leaving safepoint region
[2019-06-24T10:02:59.381+0000][1][safepoint    ] Total time for which application threads were stopped: 0.0000805 seconds, Stopping threads took: 0.0000234 seconds
[2019-06-24T10:02:59.475+0000][1][safepoint    ] Application time: 0.0935441 seconds
[2019-06-24T10:02:59.475+0000][1][safepoint    ] Entering safepoint region: GenCollectForAllocation
[2019-06-24T10:02:59.475+0000][1][gc,start     ] GC(4) Pause Young (Allocation Failure)
[2019-06-24T10:02:59.475+0000][1][gc,task      ] GC(4) Using 5 workers of 8 for evacuation
[2019-06-24T10:02:59.480+0000][1][gc,age       ] GC(4) Desired survivor size 4456448 bytes, new threshold 2 (max threshold 6)
[2019-06-24T10:02:59.480+0000][1][gc,age       ] GC(4) Age table with threshold 2 (max threshold 6)
[2019-06-24T10:02:59.480+0000][1][gc,age       ] GC(4) - age   1:    1570248 bytes,    1570248 total
[2019-06-24T10:02:59.480+0000][1][gc,age       ] GC(4) - age   2:    3195344 bytes,    4765592 total
[2019-06-24T10:02:59.480+0000][1][gc,age       ] GC(4) - age   3:     318040 bytes,    5083632 total
[2019-06-24T10:02:59.480+0000][1][gc,heap      ] GC(4) ParNew: 76001K->6694K(78656K)
[2019-06-24T10:02:59.480+0000][1][gc,heap      ] GC(4) CMS: 6666K->7850K(174784K)
[2019-06-24T10:02:59.480+0000][1][gc,metaspace ] GC(4) Metaspace: 18580K->18580K(1067008K)
[2019-06-24T10:02:59.480+0000][1][gc           ] GC(4) Pause Young (Allocation Failure) 80M->14M(247M) 4.976ms
[2019-06-24T10:02:59.480+0000][1][gc,cpu       ] GC(4) User=0.04s Sys=0.00s Real=0.00s
[2019-06-24T10:02:59.480+0000][1][safepoint    ] Leaving safepoint region
[2019-06-24T10:02:59.480+0000][1][safepoint    ] Total time for which application threads were stopped: 0.0051318 seconds, Stopping threads took: 0.0000129 seconds
[2019-06-24T10:02:59.480+0000][1][safepoint    ] Application time: 0.0001592 seconds
[2019-06-24T10:02:59.480+0000][1][safepoint    ] Entering safepoint region: RevokeBias
[2019-06-24T10:02:59.480+0000][1][safepoint    ] Leaving safepoint region
[2019-06-24T10:02:59.480+0000][1][safepoint    ] Total time for which application threads were stopped: 0.0000907 seconds, Stopping threads took: 0.0000427 seconds
[2019-06-24T10:02:59.480+0000][1][safepoint    ] Application time: 0.0000456 seconds
[2019-06-24T10:02:59.480+0000][1][safepoint    ] Entering safepoint region: RevokeBias
[2019-06-24T10:02:59.481+0000][1][safepoint    ] Leaving safepoint region
[2019-06-24T10:02:59.481+0000][1][safepoint    ] Total time for which application threads were stopped: 0.0000642 seconds, Stopping threads took: 0.0000316 seconds
[2019-06-24T10:02:59.481+0000][1][safepoint    ] Application time: 0.0000465 seconds
[2019-06-24T10:02:59.481+0000][1][safepoint    ] Entering safepoint region: RevokeBias
[2019-06-24T10:02:59.481+0000][1][safepoint    ] Leaving safepoint region
[2019-06-24T10:02:59.481+0000][1][safepoint    ] Total time for which application threads were stopped: 0.0000604 seconds, Stopping threads took: 0.0000294 seconds
[2019-06-24T10:02:59.481+0000][1][safepoint    ] Application time: 0.0000420 seconds
[2019-06-24T10:02:59.481+0000][1][safepoint    ] Entering safepoint region: RevokeBias
[2019-06-24T10:02:59.481+0000][1][safepoint    ] Leaving safepoint region
[2019-06-24T10:02:59.481+0000][1][safepoint    ] Total time for which application threads were stopped: 0.0000741 seconds, Stopping threads took: 0.0000298 seconds
[2019-06-24T10:02:59.500+0000][1][safepoint    ] Application time: 0.0190787 seconds
[2019-06-24T10:02:59.500+0000][1][safepoint    ] Entering safepoint region: Deoptimize
[2019-06-24T10:02:59.500+0000][1][safepoint    ] Leaving safepoint region
[2019-06-24T10:02:59.500+0000][1][safepoint    ] Total time for which application threads were stopped: 0.0004131 seconds, Stopping threads took: 0.0000229 seconds
[2019-06-24T10:02:59.538+0000][1][safepoint    ] Application time: 0.0372819 seconds
[2019-06-24T10:02:59.538+0000][1][safepoint    ] Entering safepoint region: Deoptimize
[2019-06-24T10:02:59.538+0000][1][safepoint    ] Leaving safepoint region
[2019-06-24T10:02:59.538+0000][1][safepoint    ] Total time for which application threads were stopped: 0.0003678 seconds, Stopping threads took: 0.0000155 seconds
[2019-06-24T10:02:59.620+0000][1][safepoint    ] Application time: 0.0820865 seconds
[2019-06-24T10:02:59.620+0000][1][safepoint    ] Entering safepoint region: GenCollectForAllocation
[2019-06-24T10:02:59.620+0000][1][gc,start     ] GC(5) Pause Young (Allocation Failure)
[2019-06-24T10:02:59.620+0000][1][gc,task      ] GC(5) Using 5 workers of 8 for evacuation
[2019-06-24T10:02:59.624+0000][1][gc,age       ] GC(5) Desired survivor size 4456448 bytes, new threshold 6 (max threshold 6)
[2019-06-24T10:02:59.624+0000][1][gc,age       ] GC(5) Age table with threshold 6 (max threshold 6)
[2019-06-24T10:02:59.624+0000][1][gc,age       ] GC(5) - age   1:    2224544 bytes,    2224544 total
[2019-06-24T10:02:59.624+0000][1][gc,age       ] GC(5) - age   2:     551936 bytes,    2776480 total
[2019-06-24T10:02:59.624+0000][1][gc,heap      ] GC(5) ParNew: 76646K->5662K(78656K)
[2019-06-24T10:02:59.624+0000][1][gc,heap      ] GC(5) CMS: 7850K->11307K(174784K)
[2019-06-24T10:02:59.624+0000][1][gc,metaspace ] GC(5) Metaspace: 18925K->18925K(1067008K)
[2019-06-24T10:02:59.624+0000][1][gc           ] GC(5) Pause Young (Allocation Failure) 82M->16M(247M) 4.060ms
[2019-06-24T10:02:59.624+0000][1][gc,cpu       ] GC(5) User=0.03s Sys=0.00s Real=0.01s
[2019-06-24T10:02:59.624+0000][1][safepoint    ] Leaving safepoint region
[2019-06-24T10:02:59.624+0000][1][safepoint    ] Total time for which application threads were stopped: 0.0041963 seconds, Stopping threads took: 0.0000320 seconds
[2019-06-24T10:02:59.625+0000][1][safepoint    ] Application time: 0.0001357 seconds
[2019-06-24T10:02:59.625+0000][1][safepoint    ] Entering safepoint region: RevokeBias
[2019-06-24T10:02:59.625+0000][1][safepoint    ] Leaving safepoint region
[2019-06-24T10:02:59.625+0000][1][safepoint    ] Total time for which application threads were stopped: 0.0001018 seconds, Stopping threads took: 0.0000575 seconds
[2019-06-24T10:02:59.625+0000][1][safepoint    ] Application time: 0.0000859 seconds
[2019-06-24T10:02:59.625+0000][1][safepoint    ] Entering safepoint region: RevokeBias
[2019-06-24T10:02:59.625+0000][1][safepoint    ] Leaving safepoint region
[2019-06-24T10:02:59.625+0000][1][safepoint    ] Total time for which application threads were stopped: 0.0000589 seconds, Stopping threads took: 0.0000264 seconds
[2019-06-24T10:02:59.625+0000][1][safepoint    ] Application time: 0.0000813 seconds
[2019-06-24T10:02:59.625+0000][1][safepoint    ] Entering safepoint region: RevokeBias
[2019-06-24T10:02:59.625+0000][1][safepoint    ] Leaving safepoint region
[2019-06-24T10:02:59.625+0000][1][safepoint    ] Total time for which application threads were stopped: 0.0000730 seconds, Stopping threads took: 0.0000395 seconds
[2019-06-24T10:02:59.625+0000][1][safepoint    ] Application time: 0.0000409 seconds
[2019-06-24T10:02:59.625+0000][1][safepoint    ] Entering safepoint region: RevokeBias
[2019-06-24T10:02:59.625+0000][1][safepoint    ] Leaving safepoint region
[2019-06-24T10:02:59.625+0000][1][safepoint    ] Total time for which application threads were stopped: 0.0000773 seconds, Stopping threads took: 0.0000425 seconds
[2019-06-24T10:02:59.625+0000][1][safepoint    ] Application time: 0.0000451 seconds
[2019-06-24T10:02:59.625+0000][1][safepoint    ] Entering safepoint region: RevokeBias
[2019-06-24T10:02:59.625+0000][1][safepoint    ] Leaving safepoint region
[2019-06-24T10:02:59.625+0000][1][safepoint    ] Total time for which application threads were stopped: 0.0000836 seconds, Stopping threads took: 0.0000267 seconds
[2019-06-24T10:02:59.625+0000][1][safepoint    ] Application time: 0.0000540 seconds
[2019-06-24T10:02:59.625+0000][1][safepoint    ] Entering safepoint region: RevokeBias
[2019-06-24T10:02:59.625+0000][1][safepoint    ] Leaving safepoint region
[2019-06-24T10:02:59.625+0000][1][safepoint    ] Total time for which application threads were stopped: 0.0000679 seconds, Stopping threads took: 0.0000247 seconds
[2019-06-24T10:02:59.743+0000][1][safepoint    ] Application time: 0.1172549 seconds
[2019-06-24T10:02:59.743+0000][1][safepoint    ] Entering safepoint region: GenCollectForAllocation
[2019-06-24T10:02:59.743+0000][1][gc,start     ] GC(6) Pause Young (Allocation Failure)
[2019-06-24T10:02:59.743+0000][1][gc,task      ] GC(6) Using 5 workers of 8 for evacuation
[2019-06-24T10:02:59.745+0000][1][gc,age       ] GC(6) Desired survivor size 4456448 bytes, new threshold 6 (max threshold 6)
[2019-06-24T10:02:59.745+0000][1][gc,age       ] GC(6) Age table with threshold 6 (max threshold 6)
[2019-06-24T10:02:59.745+0000][1][gc,age       ] GC(6) - age   1:    1363384 bytes,    1363384 total
[2019-06-24T10:02:59.745+0000][1][gc,age       ] GC(6) - age   2:    2195384 bytes,    3558768 total
[2019-06-24T10:02:59.745+0000][1][gc,age       ] GC(6) - age   3:     551936 bytes,    4110704 total
[2019-06-24T10:02:59.745+0000][1][gc,heap      ] GC(6) ParNew: 75614K->5137K(78656K)
[2019-06-24T10:02:59.745+0000][1][gc,heap      ] GC(6) CMS: 11307K->11307K(174784K)
[2019-06-24T10:02:59.745+0000][1][gc,metaspace ] GC(6) Metaspace: 19229K->19229K(1067008K)
[2019-06-24T10:02:59.745+0000][1][gc           ] GC(6) Pause Young (Allocation Failure) 84M->16M(247M) 2.269ms
[2019-06-24T10:02:59.745+0000][1][gc,cpu       ] GC(6) User=0.01s Sys=0.00s Real=0.00s
[2019-06-24T10:02:59.745+0000][1][safepoint    ] Leaving safepoint region
[2019-06-24T10:02:59.745+0000][1][safepoint    ] Total time for which application threads were stopped: 0.0024274 seconds, Stopping threads took: 0.0000340 seconds
[2019-06-24T10:02:59.745+0000][1][safepoint    ] Application time: 0.0001538 seconds
[2019-06-24T10:02:59.745+0000][1][safepoint    ] Entering safepoint region: RevokeBias
[2019-06-24T10:02:59.745+0000][1][safepoint    ] Leaving safepoint region
[2019-06-24T10:02:59.745+0000][1][safepoint    ] Total time for which application threads were stopped: 0.0000856 seconds, Stopping threads took: 0.0000441 seconds
[2019-06-24T10:02:59.746+0000][1][safepoint    ] Application time: 0.0000925 seconds
[2019-06-24T10:02:59.746+0000][1][safepoint    ] Entering safepoint region: BulkRevokeBias
[2019-06-24T10:02:59.746+0000][1][safepoint    ] Leaving safepoint region
[2019-06-24T10:02:59.746+0000][1][safepoint    ] Total time for which application threads were stopped: 0.0001559 seconds, Stopping threads took: 0.0000916 seconds
[2019-06-24T10:02:59.746+0000][1][safepoint    ] Application time: 0.0000918 seconds
[2019-06-24T10:02:59.746+0000][1][safepoint    ] Entering safepoint region: BulkRevokeBias
[2019-06-24T10:02:59.746+0000][1][safepoint    ] Leaving safepoint region
[2019-06-24T10:02:59.746+0000][1][safepoint    ] Total time for which application threads were stopped: 0.0000886 seconds, Stopping threads took: 0.0000291 seconds
[2019-06-24T10:02:59.860+0000][1][safepoint    ] Application time: 0.1136689 seconds
[2019-06-24T10:02:59.860+0000][1][safepoint    ] Entering safepoint region: GenCollectForAllocation
[2019-06-24T10:02:59.860+0000][1][gc,start     ] GC(7) Pause Young (Allocation Failure)
[2019-06-24T10:02:59.860+0000][1][gc,task      ] GC(7) Using 5 workers of 8 for evacuation
[2019-06-24T10:02:59.862+0000][1][gc,age       ] GC(7) Desired survivor size 4456448 bytes, new threshold 6 (max threshold 6)
[2019-06-24T10:02:59.862+0000][1][gc,age       ] GC(7) Age table with threshold 6 (max threshold 6)
[2019-06-24T10:02:59.862+0000][1][gc,age       ] GC(7) - age   1:     555944 bytes,     555944 total
[2019-06-24T10:02:59.862+0000][1][gc,age       ] GC(7) - age   2:    1130256 bytes,    1686200 total
[2019-06-24T10:02:59.862+0000][1][gc,age       ] GC(7) - age   3:    2193376 bytes,    3879576 total
[2019-06-24T10:02:59.862+0000][1][gc,age       ] GC(7) - age   4:     551936 bytes,    4431512 total
[2019-06-24T10:02:59.862+0000][1][gc,heap      ] GC(7) ParNew: 75089K->5336K(78656K)
[2019-06-24T10:02:59.862+0000][1][gc,heap      ] GC(7) CMS: 11307K->11307K(174784K)
[2019-06-24T10:02:59.862+0000][1][gc,metaspace ] GC(7) Metaspace: 19875K->19875K(1067008K)
[2019-06-24T10:02:59.862+0000][1][gc           ] GC(7) Pause Young (Allocation Failure) 84M->16M(247M) 2.531ms
[2019-06-24T10:02:59.862+0000][1][gc,cpu       ] GC(7) User=0.01s Sys=0.00s Real=0.00s
[2019-06-24T10:02:59.862+0000][1][safepoint    ] Leaving safepoint region
[2019-06-24T10:02:59.862+0000][1][safepoint    ] Total time for which application threads were stopped: 0.0026544 seconds, Stopping threads took: 0.0000118 seconds
[2019-06-24T10:02:59.884+0000][1][safepoint    ] Application time: 0.0214459 seconds
[2019-06-24T10:02:59.884+0000][1][safepoint    ] Entering safepoint region: CollectForMetadataAllocation
[2019-06-24T10:02:59.884+0000][1][safepoint    ] Leaving safepoint region
[2019-06-24T10:02:59.884+0000][1][safepoint    ] Total time for which application threads were stopped: 0.0001650 seconds, Stopping threads took: 0.0000243 seconds
[2019-06-24T10:02:59.897+0000][1][safepoint    ] Application time: 0.0132262 seconds
[2019-06-24T10:02:59.897+0000][1][safepoint    ] Entering safepoint region: CollectForMetadataAllocation
[2019-06-24T10:02:59.897+0000][1][safepoint    ] Leaving safepoint region
[2019-06-24T10:02:59.897+0000][1][safepoint    ] Total time for which application threads were stopped: 0.0002757 seconds, Stopping threads took: 0.0001266 seconds
[2019-06-24T10:02:59.977+0000][1][safepoint    ] Application time: 0.0798027 seconds
[2019-06-24T10:02:59.977+0000][1][safepoint    ] Entering safepoint region: GenCollectForAllocation
[2019-06-24T10:02:59.977+0000][1][gc,start     ] GC(8) Pause Young (Allocation Failure)
[2019-06-24T10:02:59.977+0000][1][gc,task      ] GC(8) Using 5 workers of 8 for evacuation
[2019-06-24T10:02:59.980+0000][1][gc,age       ] GC(8) Desired survivor size 4456448 bytes, new threshold 5 (max threshold 6)
[2019-06-24T10:02:59.980+0000][1][gc,age       ] GC(8) Age table with threshold 5 (max threshold 6)
[2019-06-24T10:02:59.980+0000][1][gc,age       ] GC(8) - age   1:     467048 bytes,     467048 total
[2019-06-24T10:02:59.980+0000][1][gc,age       ] GC(8) - age   2:     535480 bytes,    1002528 total
[2019-06-24T10:02:59.980+0000][1][gc,age       ] GC(8) - age   3:    1130160 bytes,    2132688 total
[2019-06-24T10:02:59.980+0000][1][gc,age       ] GC(8) - age   4:    2193152 bytes,    4325840 total
[2019-06-24T10:02:59.980+0000][1][gc,age       ] GC(8) - age   5:     551936 bytes,    4877776 total
[2019-06-24T10:02:59.980+0000][1][gc,heap      ] GC(8) ParNew: 75288K->6451K(78656K)
[2019-06-24T10:02:59.980+0000][1][gc,heap      ] GC(8) CMS: 11307K->11307K(174784K)
[2019-06-24T10:02:59.980+0000][1][gc,metaspace ] GC(8) Metaspace: 20278K->20278K(1069056K)
[2019-06-24T10:02:59.980+0000][1][gc           ] GC(8) Pause Young (Allocation Failure) 84M->17M(247M) 2.620ms
[2019-06-24T10:02:59.980+0000][1][gc,cpu       ] GC(8) User=0.02s Sys=0.00s Real=0.00s
[2019-06-24T10:02:59.980+0000][1][safepoint    ] Leaving safepoint region
[2019-06-24T10:02:59.980+0000][1][safepoint    ] Total time for which application threads were stopped: 0.0027610 seconds, Stopping threads took: 0.0000448 seconds
[2019-06-24T10:02:59.980+0000][1][safepoint    ] Application time: 0.0001448 seconds
[2019-06-24T10:02:59.980+0000][1][safepoint    ] Entering safepoint region: CMS_Initial_Mark
[2019-06-24T10:02:59.980+0000][1][gc,start     ] GC(9) Pause Initial Mark
[2019-06-24T10:02:59.981+0000][1][gc           ] GC(9) Pause Initial Mark 18M->18M(247M) 0.766ms
[2019-06-24T10:02:59.981+0000][1][gc,cpu       ] GC(9) User=0.00s Sys=0.00s Real=0.00s
[2019-06-24T10:02:59.981+0000][1][safepoint    ] Leaving safepoint region
[2019-06-24T10:02:59.981+0000][1][safepoint    ] Total time for which application threads were stopped: 0.0010425 seconds, Stopping threads took: 0.0002047 seconds
[2019-06-24T10:02:59.981+0000][1][gc           ] GC(9) Concurrent Mark
[2019-06-24T10:02:59.982+0000][1][gc,task      ] GC(9) Using 2 workers of 2 for marking
[2019-06-24T10:02:59.992+0000][1][gc           ] GC(9) Concurrent Mark 10.929ms
[2019-06-24T10:02:59.992+0000][1][gc,cpu       ] GC(9) User=0.07s Sys=0.00s Real=0.01s
[2019-06-24T10:02:59.992+0000][1][gc           ] GC(9) Concurrent Preclean
[2019-06-24T10:02:59.993+0000][1][gc           ] GC(9) Concurrent Preclean 1.025ms
[2019-06-24T10:02:59.993+0000][1][gc,cpu       ] GC(9) User=0.00s Sys=0.00s Real=0.00s
[2019-06-24T10:02:59.993+0000][1][gc           ] GC(9) Concurrent Abortable Preclean
[2019-06-24T10:03:00.063+0000][1][safepoint    ] Application time: 0.0819611 seconds
[2019-06-24T10:03:00.063+0000][1][safepoint    ] Entering safepoint region: GenCollectForAllocation
[2019-06-24T10:03:00.063+0000][1][gc,start     ] GC(10) Pause Young (Allocation Failure)
[2019-06-24T10:03:00.063+0000][1][gc,task      ] GC(10) Using 5 workers of 8 for evacuation
[2019-06-24T10:03:00.067+0000][1][gc,age       ] GC(10) Desired survivor size 4456448 bytes, new threshold 5 (max threshold 6)
[2019-06-24T10:03:00.067+0000][1][gc,age       ] GC(10) Age table with threshold 5 (max threshold 6)
[2019-06-24T10:03:00.067+0000][1][gc,age       ] GC(10) - age   1:     923432 bytes,     923432 total
[2019-06-24T10:03:00.067+0000][1][gc,age       ] GC(10) - age   2:     454824 bytes,    1378256 total
[2019-06-24T10:03:00.067+0000][1][gc,age       ] GC(10) - age   3:     535360 bytes,    1913616 total
[2019-06-24T10:03:00.067+0000][1][gc,age       ] GC(10) - age   4:    1130160 bytes,    3043776 total
[2019-06-24T10:03:00.067+0000][1][gc,age       ] GC(10) - age   5:    2192896 bytes,    5236672 total
[2019-06-24T10:03:00.067+0000][1][gc,heap      ] GC(10) ParNew: 76403K->6151K(78656K)
[2019-06-24T10:03:00.067+0000][1][gc,heap      ] GC(10) CMS: 11307K->11856K(174784K)
[2019-06-24T10:03:00.067+0000][1][gc,metaspace ] GC(10) Metaspace: 20396K->20396K(1069056K)
[2019-06-24T10:03:00.067+0000][1][gc           ] GC(10) Pause Young (Allocation Failure) 85M->17M(247M) 3.545ms
[2019-06-24T10:03:00.067+0000][1][gc,cpu       ] GC(10) User=0.02s Sys=0.00s Real=0.00s
[2019-06-24T10:03:00.067+0000][1][safepoint    ] Leaving safepoint region
[2019-06-24T10:03:00.067+0000][1][safepoint    ] Total time for which application threads were stopped: 0.0036839 seconds, Stopping threads took: 0.0000165 seconds
[2019-06-24T10:03:00.176+0000][1][safepoint    ] Application time: 0.1086289 seconds
[2019-06-24T10:03:00.176+0000][1][safepoint    ] Entering safepoint region: GenCollectForAllocation
[2019-06-24T10:03:00.176+0000][1][gc,start     ] GC(11) Pause Young (Allocation Failure)
[2019-06-24T10:03:00.176+0000][1][gc,task      ] GC(11) Using 5 workers of 8 for evacuation
[2019-06-24T10:03:00.181+0000][1][gc,age       ] GC(11) Desired survivor size 4456448 bytes, new threshold 6 (max threshold 6)
[2019-06-24T10:03:00.181+0000][1][gc,age       ] GC(11) Age table with threshold 6 (max threshold 6)
[2019-06-24T10:03:00.181+0000][1][gc,age       ] GC(11) - age   1:    1819840 bytes,    1819840 total
[2019-06-24T10:03:00.181+0000][1][gc,age       ] GC(11) - age   2:     109256 bytes,    1929096 total
[2019-06-24T10:03:00.181+0000][1][gc,age       ] GC(11) - age   3:     454848 bytes,    2383944 total
[2019-06-24T10:03:00.181+0000][1][gc,age       ] GC(11) - age   4:     535208 bytes,    2919152 total
[2019-06-24T10:03:00.181+0000][1][gc,age       ] GC(11) - age   5:    1129896 bytes,    4049048 total
[2019-06-24T10:03:00.181+0000][1][gc,heap      ] GC(11) ParNew: 76103K->6352K(78656K)
[2019-06-24T10:03:00.181+0000][1][gc,heap      ] GC(11) CMS: 11856K->14022K(174784K)
[2019-06-24T10:03:00.181+0000][1][gc,metaspace ] GC(11) Metaspace: 20478K->20478K(1069056K)
[2019-06-24T10:03:00.181+0000][1][gc           ] GC(11) Pause Young (Allocation Failure) 85M->19M(247M) 5.057ms
[2019-06-24T10:03:00.181+0000][1][gc,cpu       ] GC(11) User=0.04s Sys=0.00s Real=0.00s
[2019-06-24T10:03:00.181+0000][1][safepoint    ] Leaving safepoint region
[2019-06-24T10:03:00.181+0000][1][safepoint    ] Total time for which application threads were stopped: 0.0051807 seconds, Stopping threads took: 0.0000120 seconds
[2019-06-24T10:03:00.238+0000][1][safepoint    ] Application time: 0.0575797 seconds
[2019-06-24T10:03:00.238+0000][1][safepoint    ] Entering safepoint region: CollectForMetadataAllocation
[2019-06-24T10:03:00.239+0000][1][safepoint    ] Leaving safepoint region
[2019-06-24T10:03:00.239+0000][1][safepoint    ] Total time for which application threads were stopped: 0.0001562 seconds, Stopping threads took: 0.0000195 seconds
[2019-06-24T10:03:00.246+0000][1][safepoint    ] Application time: 0.0069026 seconds
[2019-06-24T10:03:00.246+0000][1][safepoint    ] Entering safepoint region: Deoptimize
[2019-06-24T10:03:00.246+0000][1][safepoint    ] Leaving safepoint region
[2019-06-24T10:03:00.246+0000][1][safepoint    ] Total time for which application threads were stopped: 0.0002524 seconds, Stopping threads took: 0.0000095 seconds
[2019-06-24T10:03:00.246+0000][1][gc           ] GC(9) Concurrent Abortable Preclean 252.737ms
[2019-06-24T10:03:00.246+0000][1][gc,cpu       ] GC(9) User=1.17s Sys=0.02s Real=0.26s
[2019-06-24T10:03:00.246+0000][1][safepoint    ] Application time: 0.0004358 seconds
[2019-06-24T10:03:00.246+0000][1][safepoint    ] Entering safepoint region: CMS_Final_Remark
[2019-06-24T10:03:00.246+0000][1][gc,start     ] GC(9) Pause Remark
[2019-06-24T10:03:00.254+0000][1][gc           ] GC(9) Pause Remark 58M->58M(247M) 8.120ms
[2019-06-24T10:03:00.255+0000][1][gc,cpu       ] GC(9) User=0.03s Sys=0.01s Real=0.01s
[2019-06-24T10:03:00.255+0000][1][safepoint    ] Leaving safepoint region
[2019-06-24T10:03:00.255+0000][1][safepoint    ] Total time for which application threads were stopped: 0.0083035 seconds, Stopping threads took: 0.0000770 seconds
[2019-06-24T10:03:00.255+0000][1][gc           ] GC(9) Concurrent Sweep
[2019-06-24T10:03:00.259+0000][1][gc           ] GC(9) Concurrent Sweep 3.938ms
[2019-06-24T10:03:00.259+0000][1][gc,cpu       ] GC(9) User=0.02s Sys=0.00s Real=0.00s
[2019-06-24T10:03:00.259+0000][1][gc           ] GC(9) Concurrent Reset
[2019-06-24T10:03:00.259+0000][1][gc           ] GC(9) Concurrent Reset 0.348ms
[2019-06-24T10:03:00.259+0000][1][gc,cpu       ] GC(9) User=0.00s Sys=0.00s Real=0.00s
[2019-06-24T10:03:00.259+0000][1][gc,heap      ] GC(9) Old: 11307K->13996K(174784K)
[2019-06-24T10:03:00.259+0000][1][safepoint    ] Application time: 0.0044404 seconds
[2019-06-24T10:03:00.259+0000][1][safepoint    ] Entering safepoint region: Deoptimize
[2019-06-24T10:03:00.260+0000][1][safepoint    ] Leaving safepoint region
[2019-06-24T10:03:00.260+0000][1][safepoint    ] Total time for which application threads were stopped: 0.0005239 seconds, Stopping threads took: 0.0000099 seconds
[2019-06-24T10:03:00.550+0000][1][safepoint    ] Application time: 0.2908518 seconds
[2019-06-24T10:03:00.550+0000][1][safepoint    ] Entering safepoint region: Deoptimize
[2019-06-24T10:03:00.551+0000][1][safepoint    ] Leaving safepoint region
[2019-06-24T10:03:00.551+0000][1][safepoint    ] Total time for which application threads were stopped: 0.0007704 seconds, Stopping threads took: 0.0000123 seconds
[2019-06-24T10:03:00.561+0000][1][safepoint    ] Application time: 0.0094887 seconds
[2019-06-24T10:03:00.561+0000][1][safepoint    ] Entering safepoint region: RevokeBias
[2019-06-24T10:03:00.561+0000][1][safepoint    ] Leaving safepoint region
[2019-06-24T10:03:00.561+0000][1][safepoint    ] Total time for which application threads were stopped: 0.0000744 seconds, Stopping threads took: 0.0000141 seconds
[2019-06-24T10:03:00.561+0000][1][safepoint    ] Application time: 0.0003514 seconds
[2019-06-24T10:03:00.561+0000][1][safepoint    ] Entering safepoint region: Deoptimize
[2019-06-24T10:03:00.561+0000][1][safepoint    ] Leaving safepoint region
[2019-06-24T10:03:00.561+0000][1][safepoint    ] Total time for which application threads were stopped: 0.0003121 seconds, Stopping threads took: 0.0000113 seconds
[2019-06-24T10:03:00.565+0000][1][safepoint    ] Application time: 0.0039087 seconds
[2019-06-24T10:03:00.565+0000][1][safepoint    ] Entering safepoint region: Deoptimize
[2019-06-24T10:03:00.566+0000][1][safepoint    ] Leaving safepoint region
[2019-06-24T10:03:00.566+0000][1][safepoint    ] Total time for which application threads were stopped: 0.0002950 seconds, Stopping threads took: 0.0000117 seconds
[2019-06-24T10:03:00.660+0000][1][safepoint    ] Application time: 0.0943304 seconds
[2019-06-24T10:03:00.660+0000][1][safepoint    ] Entering safepoint region: GenCollectForAllocation
[2019-06-24T10:03:00.660+0000][1][gc,start     ] GC(12) Pause Young (Allocation Failure)
[2019-06-24T10:03:00.660+0000][1][gc,task      ] GC(12) Using 5 workers of 8 for evacuation
[2019-06-24T10:03:00.666+0000][1][gc,age       ] GC(12) Desired survivor size 4456448 bytes, new threshold 5 (max threshold 6)
[2019-06-24T10:03:00.666+0000][1][gc,age       ] GC(12) Age table with threshold 5 (max threshold 6)
[2019-06-24T10:03:00.666+0000][1][gc,age       ] GC(12) - age   1:    3040240 bytes,    3040240 total
[2019-06-24T10:03:00.666+0000][1][gc,age       ] GC(12) - age   2:     345152 bytes,    3385392 total
[2019-06-24T10:03:00.666+0000][1][gc,age       ] GC(12) - age   3:     108992 bytes,    3494384 total
[2019-06-24T10:03:00.666+0000][1][gc,age       ] GC(12) - age   4:     454592 bytes,    3948976 total
[2019-06-24T10:03:00.666+0000][1][gc,age       ] GC(12) - age   5:     530104 bytes,    4479080 total
[2019-06-24T10:03:00.666+0000][1][gc,age       ] GC(12) - age   6:    1129712 bytes,    5608792 total
[2019-06-24T10:03:00.666+0000][1][gc,heap      ] GC(12) ParNew: 76304K->7379K(78656K)
[2019-06-24T10:03:00.666+0000][1][gc,heap      ] GC(12) CMS: 13996K->13996K(174784K)
[2019-06-24T10:03:00.666+0000][1][gc,metaspace ] GC(12) Metaspace: 26258K->26258K(1073152K)
[2019-06-24T10:03:00.666+0000][1][gc           ] GC(12) Pause Young (Allocation Failure) 88M->20M(247M) 5.575ms
[2019-06-24T10:03:00.666+0000][1][gc,cpu       ] GC(12) User=0.04s Sys=0.00s Real=0.01s
[2019-06-24T10:03:00.666+0000][1][safepoint    ] Leaving safepoint region
[2019-06-24T10:03:00.666+0000][1][safepoint    ] Total time for which application threads were stopped: 0.0057148 seconds, Stopping threads took: 0.0000213 seconds
[2019-06-24T10:03:01.068+0000][1][safepoint    ] Application time: 0.4021891 seconds
[2019-06-24T10:03:01.068+0000][1][safepoint    ] Entering safepoint region: Deoptimize
[2019-06-24T10:03:01.069+0000][1][safepoint    ] Leaving safepoint region
[2019-06-24T10:03:01.069+0000][1][safepoint    ] Total time for which application threads were stopped: 0.0006074 seconds, Stopping threads took: 0.0000189 seconds
[2019-06-24T10:03:01.168+0000][1][safepoint    ] Application time: 0.0992556 seconds
[2019-06-24T10:03:01.168+0000][1][safepoint    ] Entering safepoint region: RevokeBias
[2019-06-24T10:03:01.168+0000][1][safepoint    ] Leaving safepoint region
[2019-06-24T10:03:01.168+0000][1][safepoint    ] Total time for which application threads were stopped: 0.0000668 seconds, Stopping threads took: 0.0000111 seconds
[2019-06-24T10:03:01.284+0000][1][safepoint    ] Application time: 0.1163741 seconds
[2019-06-24T10:03:01.284+0000][1][safepoint    ] Entering safepoint region: GenCollectForAllocation
[2019-06-24T10:03:01.285+0000][1][gc,start     ] GC(13) Pause Young (Allocation Failure)
[2019-06-24T10:03:01.285+0000][1][gc,task      ] GC(13) Using 5 workers of 8 for evacuation
[2019-06-24T10:03:01.311+0000][1][gc,age       ] GC(13) Desired survivor size 4456448 bytes, new threshold 1 (max threshold 6)
[2019-06-24T10:03:01.311+0000][1][gc,age       ] GC(13) Age table with threshold 1 (max threshold 6)
[2019-06-24T10:03:01.311+0000][1][gc,age       ] GC(13) - age   1:    5130016 bytes,    5130016 total
[2019-06-24T10:03:01.311+0000][1][gc,age       ] GC(13) - age   2:    2874376 bytes,    8004392 total
[2019-06-24T10:03:01.311+0000][1][gc,age       ] GC(13) - age   3:     344952 bytes,    8349344 total
[2019-06-24T10:03:01.311+0000][1][gc,age       ] GC(13) - age   4:     108992 bytes,    8458336 total
[2019-06-24T10:03:01.311+0000][1][gc,age       ] GC(13) - age   5:     454568 bytes,    8912904 total
[2019-06-24T10:03:01.311+0000][1][gc,heap      ] GC(13) ParNew: 77331K->8704K(78656K)
[2019-06-24T10:03:01.311+0000][1][gc,heap      ] GC(13) CMS: 13996K->25463K(174784K)
[2019-06-24T10:03:01.311+0000][1][gc,metaspace ] GC(13) Metaspace: 27054K->27054K(1075200K)
[2019-06-24T10:03:01.312+0000][1][gc           ] GC(13) Pause Young (Allocation Failure) 89M->33M(247M) 26.923ms
[2019-06-24T10:03:01.312+0000][1][gc,cpu       ] GC(13) User=0.19s Sys=0.00s Real=0.02s
[2019-06-24T10:03:01.312+0000][1][safepoint    ] Leaving safepoint region
[2019-06-24T10:03:01.312+0000][1][safepoint    ] Total time for which application threads were stopped: 0.0270689 seconds, Stopping threads took: 0.0000170 seconds
[2019-06-24T10:03:01.703+0000][1][safepoint    ] Application time: 0.3917372 seconds
[2019-06-24T10:03:01.703+0000][1][safepoint    ] Entering safepoint region: GenCollectForAllocation
[2019-06-24T10:03:01.703+0000][1][gc,start     ] GC(14) Pause Young (Allocation Failure)
[2019-06-24T10:03:01.704+0000][1][gc,task      ] GC(14) Using 5 workers of 8 for evacuation
[2019-06-24T10:03:01.729+0000][1][gc,age       ] GC(14) Desired survivor size 4456448 bytes, new threshold 1 (max threshold 6)
[2019-06-24T10:03:01.729+0000][1][gc,age       ] GC(14) Age table with threshold 1 (max threshold 6)
[2019-06-24T10:03:01.729+0000][1][gc,age       ] GC(14) - age   1:    8912384 bytes,    8912384 total
[2019-06-24T10:03:01.729+0000][1][gc,heap      ] GC(14) ParNew: 78656K->8704K(78656K)
[2019-06-24T10:03:01.729+0000][1][gc,heap      ] GC(14) CMS: 25463K->38739K(174784K)
[2019-06-24T10:03:01.729+0000][1][gc,metaspace ] GC(14) Metaspace: 27092K->27092K(1075200K)
[2019-06-24T10:03:01.729+0000][1][gc           ] GC(14) Pause Young (Allocation Failure) 101M->46M(247M) 25.422ms
[2019-06-24T10:03:01.729+0000][1][gc,cpu       ] GC(14) User=0.17s Sys=0.00s Real=0.02s
[2019-06-24T10:03:01.729+0000][1][safepoint    ] Leaving safepoint region
[2019-06-24T10:03:01.729+0000][1][safepoint    ] Total time for which application threads were stopped: 0.0256206 seconds, Stopping threads took: 0.0000775 seconds
[2019-06-24T10:03:02.236+0000][1][safepoint    ] Application time: 0.5067896 seconds
[2019-06-24T10:03:02.236+0000][1][safepoint    ] Entering safepoint region: GenCollectForAllocation
[2019-06-24T10:03:02.236+0000][1][gc,start     ] GC(15) Pause Young (Allocation Failure)
[2019-06-24T10:03:02.236+0000][1][gc,task      ] GC(15) Using 5 workers of 8 for evacuation
[2019-06-24T10:03:02.257+0000][1][gc,age       ] GC(15) Desired survivor size 4456448 bytes, new threshold 1 (max threshold 6)
[2019-06-24T10:03:02.257+0000][1][gc,age       ] GC(15) Age table with threshold 1 (max threshold 6)
[2019-06-24T10:03:02.257+0000][1][gc,age       ] GC(15) - age   1:    6750088 bytes,    6750088 total
[2019-06-24T10:03:02.257+0000][1][gc,heap      ] GC(15) ParNew: 78656K->8704K(78656K)
[2019-06-24T10:03:02.257+0000][1][gc,heap      ] GC(15) CMS: 38739K->48920K(174784K)
[2019-06-24T10:03:02.257+0000][1][gc,metaspace ] GC(15) Metaspace: 31439K->31439K(1079296K)
[2019-06-24T10:03:02.257+0000][1][gc           ] GC(15) Pause Young (Allocation Failure) 114M->56M(247M) 20.682ms
[2019-06-24T10:03:02.257+0000][1][gc,cpu       ] GC(15) User=0.13s Sys=0.00s Real=0.02s
[2019-06-24T10:03:02.257+0000][1][safepoint    ] Leaving safepoint region
[2019-06-24T10:03:02.257+0000][1][safepoint    ] Total time for which application threads were stopped: 0.0208830 seconds, Stopping threads took: 0.0000164 seconds
[2019-06-24T10:03:02.387+0000][1][safepoint    ] Application time: 0.1298110 seconds
[2019-06-24T10:03:02.387+0000][1][safepoint    ] Entering safepoint region: GenCollectForAllocation
[2019-06-24T10:03:02.387+0000][1][gc,start     ] GC(16) Pause Young (Allocation Failure)
[2019-06-24T10:03:02.387+0000][1][gc,task      ] GC(16) Using 5 workers of 8 for evacuation
[2019-06-24T10:03:02.394+0000][1][gc,age       ] GC(16) Desired survivor size 4456448 bytes, new threshold 6 (max threshold 6)
[2019-06-24T10:03:02.394+0000][1][gc,age       ] GC(16) Age table with threshold 6 (max threshold 6)
[2019-06-24T10:03:02.394+0000][1][gc,age       ] GC(16) - age   1:     428352 bytes,     428352 total
[2019-06-24T10:03:02.394+0000][1][gc,heap      ] GC(16) ParNew: 78656K->7063K(78656K)
[2019-06-24T10:03:02.394+0000][1][gc,heap      ] GC(16) CMS: 48920K->55471K(174784K)
[2019-06-24T10:03:02.394+0000][1][gc,metaspace ] GC(16) Metaspace: 32800K->32800K(1079296K)
[2019-06-24T10:03:02.394+0000][1][gc           ] GC(16) Pause Young (Allocation Failure) 124M->61M(247M) 7.282ms
[2019-06-24T10:03:02.394+0000][1][gc,cpu       ] GC(16) User=0.04s Sys=0.00s Real=0.00s
[2019-06-24T10:03:02.394+0000][1][safepoint    ] Leaving safepoint region
[2019-06-24T10:03:02.394+0000][1][safepoint    ] Total time for which application threads were stopped: 0.0074094 seconds, Stopping threads took: 0.0000224 seconds
[2019-06-24T10:03:02.607+0000][1][safepoint    ] Application time: 0.2134045 seconds
[2019-06-24T10:03:02.607+0000][1][safepoint    ] Entering safepoint region: CollectForMetadataAllocation
[2019-06-24T10:03:02.608+0000][1][safepoint    ] Leaving safepoint region
[2019-06-24T10:03:02.608+0000][1][safepoint    ] Total time for which application threads were stopped: 0.0002385 seconds, Stopping threads took: 0.0000243 seconds
[2019-06-24T10:03:02.623+0000][1][safepoint    ] Application time: 0.0148639 seconds
[2019-06-24T10:03:02.623+0000][1][safepoint    ] Entering safepoint region: CollectForMetadataAllocation
[2019-06-24T10:03:02.623+0000][1][safepoint    ] Leaving safepoint region
[2019-06-24T10:03:02.623+0000][1][safepoint    ] Total time for which application threads were stopped: 0.0001517 seconds, Stopping threads took: 0.0000118 seconds
[2019-06-24T10:03:02.639+0000][1][safepoint    ] Application time: 0.0162790 seconds
[2019-06-24T10:03:02.639+0000][1][safepoint    ] Entering safepoint region: CollectForMetadataAllocation
[2019-06-24T10:03:02.639+0000][1][safepoint    ] Leaving safepoint region
[2019-06-24T10:03:02.639+0000][1][safepoint    ] Total time for which application threads were stopped: 0.0001801 seconds, Stopping threads took: 0.0000147 seconds
[2019-06-24T10:03:02.657+0000][1][safepoint    ] Application time: 0.0174928 seconds
[2019-06-24T10:03:02.657+0000][1][safepoint    ] Entering safepoint region: CollectForMetadataAllocation
[2019-06-24T10:03:02.657+0000][1][safepoint    ] Leaving safepoint region
[2019-06-24T10:03:02.657+0000][1][safepoint    ] Total time for which application threads were stopped: 0.0001485 seconds, Stopping threads took: 0.0000113 seconds
[2019-06-24T10:03:02.679+0000][1][safepoint    ] Application time: 0.0216667 seconds
[2019-06-24T10:03:02.679+0000][1][safepoint    ] Entering safepoint region: CollectForMetadataAllocation
[2019-06-24T10:03:02.679+0000][1][safepoint    ] Leaving safepoint region
[2019-06-24T10:03:02.679+0000][1][safepoint    ] Total time for which application threads were stopped: 0.0001175 seconds, Stopping threads took: 0.0000111 seconds
[2019-06-24T10:03:02.697+0000][1][safepoint    ] Application time: 0.0186938 seconds
[2019-06-24T10:03:02.697+0000][1][safepoint    ] Entering safepoint region: CollectForMetadataAllocation
[2019-06-24T10:03:02.698+0000][1][safepoint    ] Leaving safepoint region
[2019-06-24T10:03:02.698+0000][1][safepoint    ] Total time for which application threads were stopped: 0.0001645 seconds, Stopping threads took: 0.0000220 seconds
[2019-06-24T10:03:02.716+0000][1][safepoint    ] Application time: 0.0184505 seconds
[2019-06-24T10:03:02.716+0000][1][safepoint    ] Entering safepoint region: CollectForMetadataAllocation
[2019-06-24T10:03:02.716+0000][1][safepoint    ] Leaving safepoint region
[2019-06-24T10:03:02.716+0000][1][safepoint    ] Total time for which application threads were stopped: 0.0001724 seconds, Stopping threads took: 0.0000123 seconds
[2019-06-24T10:03:02.731+0000][1][safepoint    ] Application time: 0.0149932 seconds
[2019-06-24T10:03:02.731+0000][1][safepoint    ] Entering safepoint region: CollectForMetadataAllocation
[2019-06-24T10:03:02.731+0000][1][safepoint    ] Leaving safepoint region
[2019-06-24T10:03:02.731+0000][1][safepoint    ] Total time for which application threads were stopped: 0.0001530 seconds, Stopping threads took: 0.0000118 seconds
[2019-06-24T10:03:02.743+0000][1][safepoint    ] Application time: 0.0119212 seconds
[2019-06-24T10:03:02.744+0000][1][safepoint    ] Entering safepoint region: RevokeBias
[2019-06-24T10:03:02.744+0000][1][safepoint    ] Leaving safepoint region
[2019-06-24T10:03:02.744+0000][1][safepoint    ] Total time for which application threads were stopped: 0.0001978 seconds, Stopping threads took: 0.0001111 seconds
[2019-06-24T10:03:02.771+0000][1][safepoint    ] Application time: 0.0272633 seconds
[2019-06-24T10:03:02.771+0000][1][safepoint    ] Entering safepoint region: CollectForMetadataAllocation
[2019-06-24T10:03:02.771+0000][1][safepoint    ] Leaving safepoint region
[2019-06-24T10:03:02.771+0000][1][safepoint    ] Total time for which application threads were stopped: 0.0001927 seconds, Stopping threads took: 0.0000446 seconds
[2019-06-24T10:03:02.774+0000][1][safepoint    ] Application time: 0.0024448 seconds
[2019-06-24T10:03:02.774+0000][1][safepoint    ] Entering safepoint region: RevokeBias
[2019-06-24T10:03:02.774+0000][1][safepoint    ] Leaving safepoint region
[2019-06-24T10:03:02.774+0000][1][safepoint    ] Total time for which application threads were stopped: 0.0000806 seconds, Stopping threads took: 0.0000100 seconds
[2019-06-24T10:03:02.784+0000][1][safepoint    ] Application time: 0.0107167 seconds
[2019-06-24T10:03:02.784+0000][1][safepoint    ] Entering safepoint region: CollectForMetadataAllocation
[2019-06-24T10:03:02.785+0000][1][safepoint    ] Leaving safepoint region
[2019-06-24T10:03:02.785+0000][1][safepoint    ] Total time for which application threads were stopped: 0.0001556 seconds, Stopping threads took: 0.0000105 seconds
[2019-06-24T10:03:02.803+0000][1][safepoint    ] Application time: 0.0180182 seconds
[2019-06-24T10:03:02.803+0000][1][safepoint    ] Entering safepoint region: CollectForMetadataAllocation
[2019-06-24T10:03:02.803+0000][1][safepoint    ] Leaving safepoint region
[2019-06-24T10:03:02.803+0000][1][safepoint    ] Total time for which application threads were stopped: 0.0001536 seconds, Stopping threads took: 0.0000108 seconds
[2019-06-24T10:03:02.816+0000][1][safepoint    ] Application time: 0.0130884 seconds
[2019-06-24T10:03:02.816+0000][1][safepoint    ] Entering safepoint region: CollectForMetadataAllocation
[2019-06-24T10:03:02.816+0000][1][safepoint    ] Leaving safepoint region
[2019-06-24T10:03:02.816+0000][1][safepoint    ] Total time for which application threads were stopped: 0.0001460 seconds, Stopping threads took: 0.0000102 seconds
[2019-06-24T10:03:02.837+0000][1][safepoint    ] Application time: 0.0203742 seconds
[2019-06-24T10:03:02.837+0000][1][safepoint    ] Entering safepoint region: CollectForMetadataAllocation
[2019-06-24T10:03:02.837+0000][1][safepoint    ] Leaving safepoint region
[2019-06-24T10:03:02.837+0000][1][safepoint    ] Total time for which application threads were stopped: 0.0001514 seconds, Stopping threads took: 0.0000110 seconds
[2019-06-24T10:03:02.854+0000][1][safepoint    ] Application time: 0.0174984 seconds
[2019-06-24T10:03:02.854+0000][1][safepoint    ] Entering safepoint region: CollectForMetadataAllocation
[2019-06-24T10:03:02.854+0000][1][safepoint    ] Leaving safepoint region
[2019-06-24T10:03:02.854+0000][1][safepoint    ] Total time for which application threads were stopped: 0.0001434 seconds, Stopping threads took: 0.0000107 seconds
[2019-06-24T10:03:02.873+0000][1][safepoint    ] Application time: 0.0181518 seconds
[2019-06-24T10:03:02.873+0000][1][safepoint    ] Entering safepoint region: CollectForMetadataAllocation
[2019-06-24T10:03:02.873+0000][1][safepoint    ] Leaving safepoint region
[2019-06-24T10:03:02.873+0000][1][safepoint    ] Total time for which application threads were stopped: 0.0001485 seconds, Stopping threads took: 0.0000109 seconds
[2019-06-24T10:03:02.886+0000][1][safepoint    ] Application time: 0.0136846 seconds
[2019-06-24T10:03:02.886+0000][1][safepoint    ] Entering safepoint region: CollectForMetadataAllocation
[2019-06-24T10:03:02.887+0000][1][safepoint    ] Leaving safepoint region
[2019-06-24T10:03:02.887+0000][1][safepoint    ] Total time for which application threads were stopped: 0.0001931 seconds, Stopping threads took: 0.0000630 seconds
[2019-06-24T10:03:02.903+0000][1][safepoint    ] Application time: 0.0163650 seconds
[2019-06-24T10:03:02.903+0000][1][safepoint    ] Entering safepoint region: CollectForMetadataAllocation
[2019-06-24T10:03:02.903+0000][1][safepoint    ] Leaving safepoint region
[2019-06-24T10:03:02.903+0000][1][safepoint    ] Total time for which application threads were stopped: 0.0001375 seconds, Stopping threads took: 0.0000107 seconds
[2019-06-24T10:03:02.916+0000][1][safepoint    ] Application time: 0.0126069 seconds
[2019-06-24T10:03:02.916+0000][1][safepoint    ] Entering safepoint region: CollectForMetadataAllocation
[2019-06-24T10:03:02.916+0000][1][safepoint    ] Leaving safepoint region
[2019-06-24T10:03:02.916+0000][1][safepoint    ] Total time for which application threads were stopped: 0.0001047 seconds, Stopping threads took: 0.0000103 seconds
[2019-06-24T10:03:02.938+0000][1][safepoint    ] Application time: 0.0220506 seconds
[2019-06-24T10:03:02.938+0000][1][safepoint    ] Entering safepoint region: CollectForMetadataAllocation
[2019-06-24T10:03:02.938+0000][1][safepoint    ] Leaving safepoint region
[2019-06-24T10:03:02.938+0000][1][safepoint    ] Total time for which application threads were stopped: 0.0001370 seconds, Stopping threads took: 0.0000114 seconds
[2019-06-24T10:03:02.950+0000][1][safepoint    ] Application time: 0.0119915 seconds
[2019-06-24T10:03:02.950+0000][1][safepoint    ] Entering safepoint region: CollectForMetadataAllocation
[2019-06-24T10:03:02.950+0000][1][safepoint    ] Leaving safepoint region
[2019-06-24T10:03:02.950+0000][1][safepoint    ] Total time for which application threads were stopped: 0.0001019 seconds, Stopping threads took: 0.0000106 seconds
[2019-06-24T10:03:02.976+0000][1][safepoint    ] Application time: 0.0254652 seconds
[2019-06-24T10:03:02.976+0000][1][safepoint    ] Entering safepoint region: CollectForMetadataAllocation
[2019-06-24T10:03:02.976+0000][1][safepoint    ] Leaving safepoint region
[2019-06-24T10:03:02.976+0000][1][safepoint    ] Total time for which application threads were stopped: 0.0001573 seconds, Stopping threads took: 0.0000258 seconds
[2019-06-24T10:03:02.996+0000][1][safepoint    ] Application time: 0.0203950 seconds
[2019-06-24T10:03:02.996+0000][1][safepoint    ] Entering safepoint region: CollectForMetadataAllocation
[2019-06-24T10:03:02.997+0000][1][safepoint    ] Leaving safepoint region
[2019-06-24T10:03:02.997+0000][1][safepoint    ] Total time for which application threads were stopped: 0.0001523 seconds, Stopping threads took: 0.0000105 seconds
[2019-06-24T10:03:03.013+0000][1][safepoint    ] Application time: 0.0161817 seconds
[2019-06-24T10:03:03.013+0000][1][safepoint    ] Entering safepoint region: CollectForMetadataAllocation
[2019-06-24T10:03:03.013+0000][1][safepoint    ] Leaving safepoint region
[2019-06-24T10:03:03.013+0000][1][safepoint    ] Total time for which application threads were stopped: 0.0001094 seconds, Stopping threads took: 0.0000107 seconds
[2019-06-24T10:03:03.031+0000][1][safepoint    ] Application time: 0.0183360 seconds
[2019-06-24T10:03:03.031+0000][1][safepoint    ] Entering safepoint region: CollectForMetadataAllocation
[2019-06-24T10:03:03.031+0000][1][safepoint    ] Leaving safepoint region
[2019-06-24T10:03:03.031+0000][1][safepoint    ] Total time for which application threads were stopped: 0.0001647 seconds, Stopping threads took: 0.0000135 seconds
[2019-06-24T10:03:03.052+0000][1][safepoint    ] Application time: 0.0203717 seconds
[2019-06-24T10:03:03.052+0000][1][safepoint    ] Entering safepoint region: CollectForMetadataAllocation
[2019-06-24T10:03:03.052+0000][1][safepoint    ] Leaving safepoint region
[2019-06-24T10:03:03.052+0000][1][safepoint    ] Total time for which application threads were stopped: 0.0001511 seconds, Stopping threads took: 0.0000121 seconds
[2019-06-24T10:03:03.059+0000][1][safepoint    ] Application time: 0.0074464 seconds
[2019-06-24T10:03:03.060+0000][1][safepoint    ] Entering safepoint region: RevokeBias
[2019-06-24T10:03:03.060+0000][1][safepoint    ] Leaving safepoint region
[2019-06-24T10:03:03.060+0000][1][safepoint    ] Total time for which application threads were stopped: 0.0000927 seconds, Stopping threads took: 0.0000480 seconds
[2019-06-24T10:03:03.068+0000][1][safepoint    ] Application time: 0.0082925 seconds
[2019-06-24T10:03:03.068+0000][1][safepoint    ] Entering safepoint region: CollectForMetadataAllocation
[2019-06-24T10:03:03.068+0000][1][safepoint    ] Leaving safepoint region
[2019-06-24T10:03:03.068+0000][1][safepoint    ] Total time for which application threads were stopped: 0.0001809 seconds, Stopping threads took: 0.0000122 seconds
[2019-06-24T10:03:03.494+0000][1][safepoint    ] Application time: 0.4258329 seconds
[2019-06-24T10:03:03.494+0000][1][safepoint    ] Entering safepoint region: CollectForMetadataAllocation
[2019-06-24T10:03:03.494+0000][1][safepoint    ] Leaving safepoint region
[2019-06-24T10:03:03.494+0000][1][safepoint    ] Total time for which application threads were stopped: 0.0001627 seconds, Stopping threads took: 0.0000118 seconds
[2019-06-24T10:03:03.499+0000][1][safepoint    ] Application time: 0.0044770 seconds
[2019-06-24T10:03:03.499+0000][1][safepoint    ] Entering safepoint region: GenCollectForAllocation
[2019-06-24T10:03:03.499+0000][1][gc,start     ] GC(17) Pause Young (Allocation Failure)
[2019-06-24T10:03:03.499+0000][1][gc,task      ] GC(17) Using 5 workers of 8 for evacuation
[2019-06-24T10:03:03.503+0000][1][gc,age       ] GC(17) Desired survivor size 4456448 bytes, new threshold 6 (max threshold 6)
[2019-06-24T10:03:03.503+0000][1][gc,age       ] GC(17) Age table with threshold 6 (max threshold 6)
[2019-06-24T10:03:03.503+0000][1][gc,age       ] GC(17) - age   1:    3625184 bytes,    3625184 total
[2019-06-24T10:03:03.503+0000][1][gc,age       ] GC(17) - age   2:     387000 bytes,    4012184 total
[2019-06-24T10:03:03.503+0000][1][gc,heap      ] GC(17) ParNew: 77015K->5164K(78656K)
[2019-06-24T10:03:03.503+0000][1][gc,heap      ] GC(17) CMS: 55471K->55471K(174784K)
[2019-06-24T10:03:03.503+0000][1][gc,metaspace ] GC(17) Metaspace: 41980K->41980K(1087488K)
[2019-06-24T10:03:03.503+0000][1][gc           ] GC(17) Pause Young (Allocation Failure) 129M->59M(247M) 3.963ms
[2019-06-24T10:03:03.503+0000][1][gc,cpu       ] GC(17) User=0.02s Sys=0.00s Real=0.01s
[2019-06-24T10:03:03.503+0000][1][safepoint    ] Leaving safepoint region
[2019-06-24T10:03:03.503+0000][1][safepoint    ] Total time for which application threads were stopped: 0.0040680 seconds, Stopping threads took: 0.0000132 seconds
[2019-06-24T10:03:03.503+0000][1][safepoint    ] Application time: 0.0001260 seconds
[2019-06-24T10:03:03.503+0000][1][safepoint    ] Entering safepoint region: CMS_Initial_Mark
[2019-06-24T10:03:03.503+0000][1][gc,start     ] GC(18) Pause Initial Mark
[2019-06-24T10:03:03.504+0000][1][gc           ] GC(18) Pause Initial Mark 60M->60M(247M) 1.227ms
[2019-06-24T10:03:03.504+0000][1][gc,cpu       ] GC(18) User=0.00s Sys=0.00s Real=0.00s
[2019-06-24T10:03:03.504+0000][1][safepoint    ] Leaving safepoint region
[2019-06-24T10:03:03.504+0000][1][safepoint    ] Total time for which application threads were stopped: 0.0014130 seconds, Stopping threads took: 0.0001139 seconds
[2019-06-24T10:03:03.504+0000][1][gc           ] GC(18) Concurrent Mark
[2019-06-24T10:03:03.504+0000][1][gc,task      ] GC(18) Using 2 workers of 2 for marking
[2019-06-24T10:03:03.544+0000][1][gc           ] GC(18) Concurrent Mark 39.593ms
[2019-06-24T10:03:03.544+0000][1][gc,cpu       ] GC(18) User=0.20s Sys=0.00s Real=0.04s
[2019-06-24T10:03:03.544+0000][1][gc           ] GC(18) Concurrent Preclean
[2019-06-24T10:03:03.545+0000][1][gc           ] GC(18) Concurrent Preclean 1.419ms
[2019-06-24T10:03:03.545+0000][1][gc,cpu       ] GC(18) User=0.01s Sys=0.00s Real=0.00s
[2019-06-24T10:03:03.545+0000][1][safepoint    ] Application time: 0.0411882 seconds
[2019-06-24T10:03:03.546+0000][1][safepoint    ] Entering safepoint region: CMS_Final_Remark
[2019-06-24T10:03:03.546+0000][1][gc,start     ] GC(18) Pause Remark
[2019-06-24T10:03:03.555+0000][1][gc           ] GC(18) Pause Remark 60M->60M(247M) 9.373ms
[2019-06-24T10:03:03.555+0000][1][gc,cpu       ] GC(18) User=0.03s Sys=0.00s Real=0.01s
[2019-06-24T10:03:03.555+0000][1][safepoint    ] Leaving safepoint region
[2019-06-24T10:03:03.555+0000][1][safepoint    ] Total time for which application threads were stopped: 0.0095097 seconds, Stopping threads took: 0.0000324 seconds
[2019-06-24T10:03:03.555+0000][1][gc           ] GC(18) Concurrent Sweep
[2019-06-24T10:03:03.588+0000][1][gc           ] GC(18) Concurrent Sweep 32.776ms
[2019-06-24T10:03:03.588+0000][1][gc,cpu       ] GC(18) User=0.12s Sys=0.00s Real=0.03s
[2019-06-24T10:03:03.588+0000][1][gc           ] GC(18) Concurrent Reset
[2019-06-24T10:03:03.588+0000][1][gc           ] GC(18) Concurrent Reset 0.501ms
[2019-06-24T10:03:03.588+0000][1][gc,cpu       ] GC(18) User=0.00s Sys=0.00s Real=0.00s
[2019-06-24T10:03:03.588+0000][1][gc,heap      ] GC(18) Old: 55471K->55239K(174784K)
[2019-06-24T10:03:04.080+0000][1][safepoint    ] Application time: 0.5247097 seconds
[2019-06-24T10:03:04.080+0000][1][safepoint    ] Entering safepoint region: RevokeBias
[2019-06-24T10:03:04.080+0000][1][safepoint    ] Leaving safepoint region
[2019-06-24T10:03:04.080+0000][1][safepoint    ] Total time for which application threads were stopped: 0.0006363 seconds, Stopping threads took: 0.0000184 seconds
[2019-06-24T10:03:04.082+0000][1][safepoint    ] Application time: 0.0019774 seconds
[2019-06-24T10:03:04.082+0000][1][safepoint    ] Entering safepoint region: RevokeBias
[2019-06-24T10:03:04.083+0000][1][safepoint    ] Leaving safepoint region
[2019-06-24T10:03:04.083+0000][1][safepoint    ] Total time for which application threads were stopped: 0.0001254 seconds, Stopping threads took: 0.0000140 seconds
[2019-06-24T10:03:04.126+0000][1][safepoint    ] Application time: 0.0430509 seconds
[2019-06-24T10:03:04.126+0000][1][safepoint    ] Entering safepoint region: RevokeBias
[2019-06-24T10:03:04.126+0000][1][safepoint    ] Leaving safepoint region
[2019-06-24T10:03:04.126+0000][1][safepoint    ] Total time for which application threads were stopped: 0.0001146 seconds, Stopping threads took: 0.0000386 seconds
[2019-06-24T10:03:04.167+0000][1][safepoint    ] Application time: 0.0409319 seconds
[2019-06-24T10:03:04.167+0000][1][safepoint    ] Entering safepoint region: RevokeBias
[2019-06-24T10:03:04.167+0000][1][safepoint    ] Leaving safepoint region
[2019-06-24T10:03:04.167+0000][1][safepoint    ] Total time for which application threads were stopped: 0.0000804 seconds, Stopping threads took: 0.0000152 seconds
[2019-06-24T10:03:04.172+0000][1][safepoint    ] Application time: 0.0055948 seconds
[2019-06-24T10:03:04.172+0000][1][safepoint    ] Entering safepoint region: RevokeBias
[2019-06-24T10:03:04.173+0000][1][safepoint    ] Leaving safepoint region
[2019-06-24T10:03:04.173+0000][1][safepoint    ] Total time for which application threads were stopped: 0.0000774 seconds, Stopping threads took: 0.0000272 seconds
[2019-06-24T10:03:04.310+0000][1][safepoint    ] Application time: 0.1375166 seconds
[2019-06-24T10:03:04.310+0000][1][safepoint    ] Entering safepoint region: RevokeBias
[2019-06-24T10:03:04.311+0000][1][safepoint    ] Leaving safepoint region
[2019-06-24T10:03:04.311+0000][1][safepoint    ] Total time for which application threads were stopped: 0.0004421 seconds, Stopping threads took: 0.0000284 seconds
[2019-06-24T10:03:04.311+0000][1][safepoint    ] Application time: 0.0000623 seconds
[2019-06-24T10:03:04.311+0000][1][safepoint    ] Entering safepoint region: RevokeBias
[2019-06-24T10:03:04.311+0000][1][safepoint    ] Leaving safepoint region
[2019-06-24T10:03:04.311+0000][1][safepoint    ] Total time for which application threads were stopped: 0.0001044 seconds, Stopping threads took: 0.0000389 seconds
[2019-06-24T10:03:04.311+0000][1][safepoint    ] Application time: 0.0001898 seconds
[2019-06-24T10:03:04.311+0000][1][safepoint    ] Entering safepoint region: RevokeBias
[2019-06-24T10:03:04.311+0000][1][safepoint    ] Leaving safepoint region
[2019-06-24T10:03:04.311+0000][1][safepoint    ] Total time for which application threads were stopped: 0.0003029 seconds, Stopping threads took: 0.0002116 seconds
[2019-06-24T10:03:04.311+0000][1][safepoint    ] Application time: 0.0000548 seconds
[2019-06-24T10:03:04.311+0000][1][safepoint    ] Entering safepoint region: RevokeBias
[2019-06-24T10:03:04.311+0000][1][safepoint    ] Leaving safepoint region
[2019-06-24T10:03:04.311+0000][1][safepoint    ] Total time for which application threads were stopped: 0.0000936 seconds, Stopping threads took: 0.0000332 seconds
[2019-06-24T10:03:04.342+0000][1][safepoint    ] Application time: 0.0306842 seconds
[2019-06-24T10:03:04.342+0000][1][safepoint    ] Entering safepoint region: GenCollectForAllocation
[2019-06-24T10:03:04.342+0000][1][gc,start     ] GC(19) Pause Young (Allocation Failure)
[2019-06-24T10:03:04.342+0000][1][gc,task      ] GC(19) Using 5 workers of 8 for evacuation
[2019-06-24T10:03:04.348+0000][1][gc,age       ] GC(19) Desired survivor size 4456448 bytes, new threshold 2 (max threshold 6)
[2019-06-24T10:03:04.349+0000][1][gc,age       ] GC(19) Age table with threshold 2 (max threshold 6)
[2019-06-24T10:03:04.349+0000][1][gc,age       ] GC(19) - age   1:    3132008 bytes,    3132008 total
[2019-06-24T10:03:04.349+0000][1][gc,age       ] GC(19) - age   2:    3525464 bytes,    6657472 total
[2019-06-24T10:03:04.349+0000][1][gc,age       ] GC(19) - age   3:     385160 bytes,    7042632 total
[2019-06-24T10:03:04.349+0000][1][gc,heap      ] GC(19) ParNew: 75116K->8704K(78656K)
[2019-06-24T10:03:04.349+0000][1][gc,heap      ] GC(19) CMS: 55239K->55239K(174784K)
[2019-06-24T10:03:04.349+0000][1][gc,metaspace ] GC(19) Metaspace: 46690K->46690K(1091584K)
[2019-06-24T10:03:04.349+0000][1][gc           ] GC(19) Pause Young (Allocation Failure) 127M->62M(247M) 6.422ms
[2019-06-24T10:03:04.349+0000][1][gc,cpu       ] GC(19) User=0.05s Sys=0.00s Real=0.01s
[2019-06-24T10:03:04.349+0000][1][safepoint    ] Leaving safepoint region
[2019-06-24T10:03:04.349+0000][1][safepoint    ] Total time for which application threads were stopped: 0.0065585 seconds, Stopping threads took: 0.0000163 seconds
[2019-06-24T10:03:04.376+0000][1][safepoint    ] Application time: 0.0268675 seconds
[2019-06-24T10:03:04.376+0000][1][safepoint    ] Entering safepoint region: RevokeBias
[2019-06-24T10:03:04.376+0000][1][safepoint    ] Leaving safepoint region
[2019-06-24T10:03:04.376+0000][1][safepoint    ] Total time for which application threads were stopped: 0.0000995 seconds, Stopping threads took: 0.0000167 seconds
[2019-06-24T10:03:04.376+0000][1][safepoint    ] Application time: 0.0000741 seconds
[2019-06-24T10:03:04.376+0000][1][safepoint    ] Entering safepoint region: RevokeBias
[2019-06-24T10:03:04.376+0000][1][safepoint    ] Leaving safepoint region
[2019-06-24T10:03:04.376+0000][1][safepoint    ] Total time for which application threads were stopped: 0.0003604 seconds, Stopping threads took: 0.0003026 seconds
[2019-06-24T10:03:04.376+0000][1][safepoint    ] Application time: 0.0000908 seconds
[2019-06-24T10:03:04.376+0000][1][safepoint    ] Entering safepoint region: RevokeBias
[2019-06-24T10:03:04.376+0000][1][safepoint    ] Leaving safepoint region
[2019-06-24T10:03:04.376+0000][1][safepoint    ] Total time for which application threads were stopped: 0.0000745 seconds, Stopping threads took: 0.0000359 seconds
[2019-06-24T10:03:04.377+0000][1][safepoint    ] Application time: 0.0002637 seconds
[2019-06-24T10:03:04.377+0000][1][safepoint    ] Entering safepoint region: RevokeBias
[2019-06-24T10:03:04.377+0000][1][safepoint    ] Leaving safepoint region
[2019-06-24T10:03:04.377+0000][1][safepoint    ] Total time for which application threads were stopped: 0.0001107 seconds, Stopping threads took: 0.0000421 seconds
[2019-06-24T10:03:04.377+0000][1][safepoint    ] Application time: 0.0002080 seconds
[2019-06-24T10:03:04.377+0000][1][safepoint    ] Entering safepoint region: RevokeBias
[2019-06-24T10:03:04.377+0000][1][safepoint    ] Leaving safepoint region
[2019-06-24T10:03:04.377+0000][1][safepoint    ] Total time for which application threads were stopped: 0.0000787 seconds, Stopping threads took: 0.0000106 seconds
[2019-06-24T10:03:04.377+0000][1][safepoint    ] Application time: 0.0003170 seconds
[2019-06-24T10:03:04.377+0000][1][safepoint    ] Entering safepoint region: RevokeBias
[2019-06-24T10:03:04.378+0000][1][safepoint    ] Leaving safepoint region
[2019-06-24T10:03:04.378+0000][1][safepoint    ] Total time for which application threads were stopped: 0.0001344 seconds, Stopping threads took: 0.0000687 seconds
[2019-06-24T10:03:04.378+0000][1][safepoint    ] Application time: 0.0000467 seconds
[2019-06-24T10:03:04.378+0000][1][safepoint    ] Entering safepoint region: RevokeBias
[2019-06-24T10:03:04.378+0000][1][safepoint    ] Leaving safepoint region
[2019-06-24T10:03:04.378+0000][1][safepoint    ] Total time for which application threads were stopped: 0.0000864 seconds, Stopping threads took: 0.0000215 seconds
[2019-06-24T10:03:04.378+0000][1][safepoint    ] Application time: 0.0001580 seconds
[2019-06-24T10:03:04.378+0000][1][safepoint    ] Entering safepoint region: RevokeBias
[2019-06-24T10:03:04.378+0000][1][safepoint    ] Leaving safepoint region
[2019-06-24T10:03:04.378+0000][1][safepoint    ] Total time for which application threads were stopped: 0.0001464 seconds, Stopping threads took: 0.0001005 seconds
[2019-06-24T10:03:04.378+0000][1][safepoint    ] Application time: 0.0000461 seconds
[2019-06-24T10:03:04.378+0000][1][safepoint    ] Entering safepoint region: RevokeBias
[2019-06-24T10:03:04.378+0000][1][safepoint    ] Leaving safepoint region
[2019-06-24T10:03:04.378+0000][1][safepoint    ] Total time for which application threads were stopped: 0.0000971 seconds, Stopping threads took: 0.0000375 seconds
[2019-06-24T10:03:04.378+0000][1][safepoint    ] Application time: 0.0000450 seconds
[2019-06-24T10:03:04.378+0000][1][safepoint    ] Entering safepoint region: RevokeBias
[2019-06-24T10:03:04.378+0000][1][safepoint    ] Leaving safepoint region
[2019-06-24T10:03:04.378+0000][1][safepoint    ] Total time for which application threads were stopped: 0.0000745 seconds, Stopping threads took: 0.0000283 seconds
[2019-06-24T10:03:04.378+0000][1][safepoint    ] Application time: 0.0000470 seconds
[2019-06-24T10:03:04.378+0000][1][safepoint    ] Entering safepoint region: RevokeBias
[2019-06-24T10:03:04.378+0000][1][safepoint    ] Leaving safepoint region
[2019-06-24T10:03:04.378+0000][1][safepoint    ] Total time for which application threads were stopped: 0.0000846 seconds, Stopping threads took: 0.0000255 seconds
[2019-06-24T10:03:04.379+0000][1][safepoint    ] Application time: 0.0000469 seconds
[2019-06-24T10:03:04.379+0000][1][safepoint    ] Entering safepoint region: RevokeBias
[2019-06-24T10:03:04.379+0000][1][safepoint    ] Leaving safepoint region
[2019-06-24T10:03:04.379+0000][1][safepoint    ] Total time for which application threads were stopped: 0.0000864 seconds, Stopping threads took: 0.0000280 seconds
[2019-06-24T10:03:04.379+0000][1][safepoint    ] Application time: 0.0000438 seconds
[2019-06-24T10:03:04.379+0000][1][safepoint    ] Entering safepoint region: RevokeBias
[2019-06-24T10:03:04.379+0000][1][safepoint    ] Leaving safepoint region
[2019-06-24T10:03:04.379+0000][1][safepoint    ] Total time for which application threads were stopped: 0.0000553 seconds, Stopping threads took: 0.0000098 seconds
[2019-06-24T10:03:04.379+0000][1][safepoint    ] Application time: 0.0000411 seconds
[2019-06-24T10:03:04.379+0000][1][safepoint    ] Entering safepoint region: RevokeBias
[2019-06-24T10:03:04.379+0000][1][safepoint    ] Leaving safepoint region
[2019-06-24T10:03:04.379+0000][1][safepoint    ] Total time for which application threads were stopped: 0.0000617 seconds, Stopping threads took: 0.0000096 seconds
[2019-06-24T10:03:04.379+0000][1][safepoint    ] Application time: 0.0000426 seconds
[2019-06-24T10:03:04.379+0000][1][safepoint    ] Entering safepoint region: RevokeBias
[2019-06-24T10:03:04.379+0000][1][safepoint    ] Leaving safepoint region
[2019-06-24T10:03:04.379+0000][1][safepoint    ] Total time for which application threads were stopped: 0.0000801 seconds, Stopping threads took: 0.0000199 seconds
[2019-06-24T10:03:04.379+0000][1][safepoint    ] Application time: 0.0000698 seconds
[2019-06-24T10:03:04.379+0000][1][safepoint    ] Entering safepoint region: RevokeBias
[2019-06-24T10:03:04.379+0000][1][safepoint    ] Leaving safepoint region
[2019-06-24T10:03:04.379+0000][1][safepoint    ] Total time for which application threads were stopped: 0.0000539 seconds, Stopping threads took: 0.0000096 seconds
[2019-06-24T10:03:04.379+0000][1][safepoint    ] Application time: 0.0000690 seconds
[2019-06-24T10:03:04.379+0000][1][safepoint    ] Entering safepoint region: RevokeBias
[2019-06-24T10:03:04.379+0000][1][safepoint    ] Leaving safepoint region
[2019-06-24T10:03:04.379+0000][1][safepoint    ] Total time for which application threads were stopped: 0.0000642 seconds, Stopping threads took: 0.0000097 seconds
[2019-06-24T10:03:04.379+0000][1][safepoint    ] Application time: 0.0000412 seconds
[2019-06-24T10:03:04.379+0000][1][safepoint    ] Entering safepoint region: RevokeBias
[2019-06-24T10:03:04.379+0000][1][safepoint    ] Leaving safepoint region
[2019-06-24T10:03:04.379+0000][1][safepoint    ] Total time for which application threads were stopped: 0.0000549 seconds, Stopping threads took: 0.0000096 seconds
[2019-06-24T10:03:04.379+0000][1][safepoint    ] Application time: 0.0000585 seconds
[2019-06-24T10:03:04.380+0000][1][safepoint    ] Entering safepoint region: RevokeBias
[2019-06-24T10:03:04.380+0000][1][safepoint    ] Leaving safepoint region
[2019-06-24T10:03:04.380+0000][1][safepoint    ] Total time for which application threads were stopped: 0.0000552 seconds, Stopping threads took: 0.0000096 seconds
[2019-06-24T10:03:04.380+0000][1][safepoint    ] Application time: 0.0000393 seconds
[2019-06-24T10:03:04.380+0000][1][safepoint    ] Entering safepoint region: RevokeBias
[2019-06-24T10:03:04.380+0000][1][safepoint    ] Leaving safepoint region
[2019-06-24T10:03:04.380+0000][1][safepoint    ] Total time for which application threads were stopped: 0.0000785 seconds, Stopping threads took: 0.0000261 seconds
[2019-06-24T10:03:04.380+0000][1][safepoint    ] Application time: 0.0000417 seconds
[2019-06-24T10:03:04.380+0000][1][safepoint    ] Entering safepoint region: RevokeBias
[2019-06-24T10:03:04.380+0000][1][safepoint    ] Leaving safepoint region
[2019-06-24T10:03:04.380+0000][1][safepoint    ] Total time for which application threads were stopped: 0.0000656 seconds, Stopping threads took: 0.0000201 seconds
[2019-06-24T10:03:04.380+0000][1][safepoint    ] Application time: 0.0000420 seconds
[2019-06-24T10:03:04.380+0000][1][safepoint    ] Entering safepoint region: RevokeBias
[2019-06-24T10:03:04.380+0000][1][safepoint    ] Leaving safepoint region
[2019-06-24T10:03:04.380+0000][1][safepoint    ] Total time for which application threads were stopped: 0.0000810 seconds, Stopping threads took: 0.0000264 seconds
[2019-06-24T10:03:04.380+0000][1][safepoint    ] Application time: 0.0000400 seconds
[2019-06-24T10:03:04.380+0000][1][safepoint    ] Entering safepoint region: RevokeBias
[2019-06-24T10:03:04.380+0000][1][safepoint    ] Leaving safepoint region
[2019-06-24T10:03:04.380+0000][1][safepoint    ] Total time for which application threads were stopped: 0.0000599 seconds, Stopping threads took: 0.0000097 seconds
[2019-06-24T10:03:04.380+0000][1][safepoint    ] Application time: 0.0000387 seconds
[2019-06-24T10:03:04.380+0000][1][safepoint    ] Entering safepoint region: RevokeBias
[2019-06-24T10:03:04.380+0000][1][safepoint    ] Leaving safepoint region
[2019-06-24T10:03:04.380+0000][1][safepoint    ] Total time for which application threads were stopped: 0.0000699 seconds, Stopping threads took: 0.0000255 seconds
[2019-06-24T10:03:04.380+0000][1][safepoint    ] Application time: 0.0000408 seconds
[2019-06-24T10:03:04.380+0000][1][safepoint    ] Entering safepoint region: RevokeBias
[2019-06-24T10:03:04.380+0000][1][safepoint    ] Leaving safepoint region
[2019-06-24T10:03:04.380+0000][1][safepoint    ] Total time for which application threads were stopped: 0.0000635 seconds, Stopping threads took: 0.0000120 seconds
[2019-06-24T10:03:04.380+0000][1][safepoint    ] Application time: 0.0000404 seconds
[2019-06-24T10:03:04.380+0000][1][safepoint    ] Entering safepoint region: RevokeBias
[2019-06-24T10:03:04.380+0000][1][safepoint    ] Leaving safepoint region
[2019-06-24T10:03:04.380+0000][1][safepoint    ] Total time for which application threads were stopped: 0.0000760 seconds, Stopping threads took: 0.0000314 seconds
[2019-06-24T10:03:04.381+0000][1][safepoint    ] Application time: 0.0000408 seconds
[2019-06-24T10:03:04.381+0000][1][safepoint    ] Entering safepoint region: BulkRevokeBias
[2019-06-24T10:03:04.381+0000][1][safepoint    ] Leaving safepoint region
[2019-06-24T10:03:04.381+0000][1][safepoint    ] Total time for which application threads were stopped: 0.0001157 seconds, Stopping threads took: 0.0000122 seconds
[2019-06-24T10:03:04.381+0000][1][safepoint    ] Application time: 0.0001645 seconds
[2019-06-24T10:03:04.381+0000][1][safepoint    ] Entering safepoint region: RevokeBias
[2019-06-24T10:03:04.381+0000][1][safepoint    ] Leaving safepoint region
[2019-06-24T10:03:04.381+0000][1][safepoint    ] Total time for which application threads were stopped: 0.0000624 seconds, Stopping threads took: 0.0000099 seconds
[2019-06-24T10:03:04.381+0000][1][safepoint    ] Application time: 0.0000649 seconds
[2019-06-24T10:03:04.381+0000][1][safepoint    ] Entering safepoint region: RevokeBias
[2019-06-24T10:03:04.381+0000][1][safepoint    ] Leaving safepoint region
[2019-06-24T10:03:04.381+0000][1][safepoint    ] Total time for which application threads were stopped: 0.0000587 seconds, Stopping threads took: 0.0000095 seconds
[2019-06-24T10:03:04.381+0000][1][safepoint    ] Application time: 0.0000972 seconds
[2019-06-24T10:03:04.381+0000][1][safepoint    ] Entering safepoint region: RevokeBias
[2019-06-24T10:03:04.381+0000][1][safepoint    ] Leaving safepoint region
[2019-06-24T10:03:04.381+0000][1][safepoint    ] Total time for which application threads were stopped: 0.0000576 seconds, Stopping threads took: 0.0000097 seconds
[2019-06-24T10:03:04.381+0000][1][safepoint    ] Application time: 0.0000635 seconds
[2019-06-24T10:03:04.381+0000][1][safepoint    ] Entering safepoint region: RevokeBias
[2019-06-24T10:03:04.381+0000][1][safepoint    ] Leaving safepoint region
[2019-06-24T10:03:04.381+0000][1][safepoint    ] Total time for which application threads were stopped: 0.0000851 seconds, Stopping threads took: 0.0000331 seconds
[2019-06-24T10:03:04.381+0000][1][safepoint    ] Application time: 0.0000655 seconds
[2019-06-24T10:03:04.381+0000][1][safepoint    ] Entering safepoint region: RevokeBias
[2019-06-24T10:03:04.382+0000][1][safepoint    ] Leaving safepoint region
[2019-06-24T10:03:04.382+0000][1][safepoint    ] Total time for which application threads were stopped: 0.0000852 seconds, Stopping threads took: 0.0000097 seconds
[2019-06-24T10:03:04.382+0000][1][safepoint    ] Application time: 0.0000563 seconds
[2019-06-24T10:03:04.382+0000][1][safepoint    ] Entering safepoint region: RevokeBias
[2019-06-24T10:03:04.382+0000][1][safepoint    ] Leaving safepoint region
[2019-06-24T10:03:04.382+0000][1][safepoint    ] Total time for which application threads were stopped: 0.0001030 seconds, Stopping threads took: 0.0000138 seconds
[2019-06-24T10:03:04.382+0000][1][safepoint    ] Application time: 0.0000489 seconds
[2019-06-24T10:03:04.382+0000][1][safepoint    ] Entering safepoint region: RevokeBias
[2019-06-24T10:03:04.382+0000][1][safepoint    ] Leaving safepoint region
[2019-06-24T10:03:04.382+0000][1][safepoint    ] Total time for which application threads were stopped: 0.0000715 seconds, Stopping threads took: 0.0000115 seconds
[2019-06-24T10:03:04.382+0000][1][safepoint    ] Application time: 0.0000489 seconds
[2019-06-24T10:03:04.382+0000][1][safepoint    ] Entering safepoint region: RevokeBias
[2019-06-24T10:03:04.382+0000][1][safepoint    ] Leaving safepoint region
[2019-06-24T10:03:04.382+0000][1][safepoint    ] Total time for which application threads were stopped: 0.0000707 seconds, Stopping threads took: 0.0000114 seconds
[2019-06-24T10:03:04.382+0000][1][safepoint    ] Application time: 0.0000468 seconds
[2019-06-24T10:03:04.382+0000][1][safepoint    ] Entering safepoint region: RevokeBias
[2019-06-24T10:03:04.382+0000][1][safepoint    ] Leaving safepoint region
[2019-06-24T10:03:04.382+0000][1][safepoint    ] Total time for which application threads were stopped: 0.0000901 seconds, Stopping threads took: 0.0000108 seconds
[2019-06-24T10:03:04.382+0000][1][safepoint    ] Application time: 0.0000477 seconds
[2019-06-24T10:03:04.382+0000][1][safepoint    ] Entering safepoint region: RevokeBias
[2019-06-24T10:03:04.382+0000][1][safepoint    ] Leaving safepoint region
[2019-06-24T10:03:04.382+0000][1][safepoint    ] Total time for which application threads were stopped: 0.0001171 seconds, Stopping threads took: 0.0000394 seconds
[2019-06-24T10:03:04.382+0000][1][safepoint    ] Application time: 0.0000478 seconds
[2019-06-24T10:03:04.383+0000][1][safepoint    ] Entering safepoint region: RevokeBias
[2019-06-24T10:03:04.383+0000][1][safepoint    ] Leaving safepoint region
[2019-06-24T10:03:04.383+0000][1][safepoint    ] Total time for which application threads were stopped: 0.0001663 seconds, Stopping threads took: 0.0001195 seconds
[2019-06-24T10:03:04.383+0000][1][safepoint    ] Application time: 0.0000448 seconds
[2019-06-24T10:03:04.383+0000][1][safepoint    ] Entering safepoint region: RevokeBias
[2019-06-24T10:03:04.383+0000][1][safepoint    ] Leaving safepoint region
[2019-06-24T10:03:04.383+0000][1][safepoint    ] Total time for which application threads were stopped: 0.0002197 seconds, Stopping threads took: 0.0001761 seconds
[2019-06-24T10:03:04.383+0000][1][safepoint    ] Application time: 0.0000414 seconds
[2019-06-24T10:03:04.383+0000][1][safepoint    ] Entering safepoint region: RevokeBias
[2019-06-24T10:03:04.383+0000][1][safepoint    ] Leaving safepoint region
[2019-06-24T10:03:04.383+0000][1][safepoint    ] Total time for which application threads were stopped: 0.0000499 seconds, Stopping threads took: 0.0000099 seconds
[2019-06-24T10:03:04.383+0000][1][safepoint    ] Application time: 0.0000372 seconds
[2019-06-24T10:03:04.383+0000][1][safepoint    ] Entering safepoint region: RevokeBias
[2019-06-24T10:03:04.383+0000][1][safepoint    ] Leaving safepoint region
[2019-06-24T10:03:04.383+0000][1][safepoint    ] Total time for which application threads were stopped: 0.0000631 seconds, Stopping threads took: 0.0000130 seconds
[2019-06-24T10:03:04.383+0000][1][safepoint    ] Application time: 0.0000402 seconds
[2019-06-24T10:03:04.383+0000][1][safepoint    ] Entering safepoint region: RevokeBias
[2019-06-24T10:03:04.383+0000][1][safepoint    ] Leaving safepoint region
[2019-06-24T10:03:04.383+0000][1][safepoint    ] Total time for which application threads were stopped: 0.0000720 seconds, Stopping threads took: 0.0000268 seconds
[2019-06-24T10:03:04.383+0000][1][safepoint    ] Application time: 0.0000407 seconds
[2019-06-24T10:03:04.383+0000][1][safepoint    ] Entering safepoint region: RevokeBias
[2019-06-24T10:03:04.383+0000][1][safepoint    ] Leaving safepoint region
[2019-06-24T10:03:04.383+0000][1][safepoint    ] Total time for which application threads were stopped: 0.0000773 seconds, Stopping threads took: 0.0000346 seconds
[2019-06-24T10:03:04.383+0000][1][safepoint    ] Application time: 0.0000518 seconds
[2019-06-24T10:03:04.383+0000][1][safepoint    ] Entering safepoint region: RevokeBias
[2019-06-24T10:03:04.384+0000][1][safepoint    ] Leaving safepoint region
[2019-06-24T10:03:04.384+0000][1][safepoint    ] Total time for which application threads were stopped: 0.0000735 seconds, Stopping threads took: 0.0000147 seconds
[2019-06-24T10:03:04.384+0000][1][safepoint    ] Application time: 0.0000451 seconds
[2019-06-24T10:03:04.384+0000][1][safepoint    ] Entering safepoint region: RevokeBias
[2019-06-24T10:03:04.384+0000][1][safepoint    ] Leaving safepoint region
[2019-06-24T10:03:04.384+0000][1][safepoint    ] Total time for which application threads were stopped: 0.0000921 seconds, Stopping threads took: 0.0000292 seconds
[2019-06-24T10:03:04.384+0000][1][safepoint    ] Application time: 0.0000405 seconds
[2019-06-24T10:03:04.384+0000][1][safepoint    ] Entering safepoint region: RevokeBias
[2019-06-24T10:03:04.384+0000][1][safepoint    ] Leaving safepoint region
[2019-06-24T10:03:04.384+0000][1][safepoint    ] Total time for which application threads were stopped: 0.0000602 seconds, Stopping threads took: 0.0000126 seconds
[2019-06-24T10:03:04.384+0000][1][safepoint    ] Application time: 0.0000430 seconds
[2019-06-24T10:03:04.384+0000][1][safepoint    ] Entering safepoint region: RevokeBias
[2019-06-24T10:03:04.384+0000][1][safepoint    ] Leaving safepoint region
[2019-06-24T10:03:04.384+0000][1][safepoint    ] Total time for which application threads were stopped: 0.0000791 seconds, Stopping threads took: 0.0000271 seconds
[2019-06-24T10:03:04.384+0000][1][safepoint    ] Application time: 0.0000412 seconds
[2019-06-24T10:03:04.384+0000][1][safepoint    ] Entering safepoint region: RevokeBias
[2019-06-24T10:03:04.384+0000][1][safepoint    ] Leaving safepoint region
[2019-06-24T10:03:04.384+0000][1][safepoint    ] Total time for which application threads were stopped: 0.0000882 seconds, Stopping threads took: 0.0000395 seconds
[2019-06-24T10:03:04.384+0000][1][safepoint    ] Application time: 0.0000402 seconds
[2019-06-24T10:03:04.384+0000][1][safepoint    ] Entering safepoint region: RevokeBias
[2019-06-24T10:03:04.384+0000][1][safepoint    ] Leaving safepoint region
[2019-06-24T10:03:04.384+0000][1][safepoint    ] Total time for which application threads were stopped: 0.0000841 seconds, Stopping threads took: 0.0000290 seconds
[2019-06-24T10:03:04.384+0000][1][safepoint    ] Application time: 0.0000425 seconds
[2019-06-24T10:03:04.384+0000][1][safepoint    ] Entering safepoint region: RevokeBias
[2019-06-24T10:03:04.384+0000][1][safepoint    ] Leaving safepoint region
[2019-06-24T10:03:04.384+0000][1][safepoint    ] Total time for which application threads were stopped: 0.0000672 seconds, Stopping threads took: 0.0000122 seconds
[2019-06-24T10:03:04.384+0000][1][safepoint    ] Application time: 0.0000449 seconds
[2019-06-24T10:03:04.384+0000][1][safepoint    ] Entering safepoint region: BulkRevokeBias
[2019-06-24T10:03:04.385+0000][1][safepoint    ] Leaving safepoint region
[2019-06-24T10:03:04.385+0000][1][safepoint    ] Total time for which application threads were stopped: 0.0001915 seconds, Stopping threads took: 0.0000331 seconds
[2019-06-24T10:03:04.385+0000][1][safepoint    ] Application time: 0.0003621 seconds
[2019-06-24T10:03:04.385+0000][1][safepoint    ] Entering safepoint region: RevokeBias
[2019-06-24T10:03:04.385+0000][1][safepoint    ] Leaving safepoint region
[2019-06-24T10:03:04.385+0000][1][safepoint    ] Total time for which application threads were stopped: 0.0000956 seconds, Stopping threads took: 0.0000120 seconds
[2019-06-24T10:03:04.385+0000][1][safepoint    ] Application time: 0.0000885 seconds
[2019-06-24T10:03:04.385+0000][1][safepoint    ] Entering safepoint region: RevokeBias
[2019-06-24T10:03:04.385+0000][1][safepoint    ] Leaving safepoint region
[2019-06-24T10:03:04.385+0000][1][safepoint    ] Total time for which application threads were stopped: 0.0001682 seconds, Stopping threads took: 0.0001019 seconds
[2019-06-24T10:03:04.385+0000][1][safepoint    ] Application time: 0.0000481 seconds
[2019-06-24T10:03:04.385+0000][1][safepoint    ] Entering safepoint region: RevokeBias
[2019-06-24T10:03:04.386+0000][1][safepoint    ] Leaving safepoint region
[2019-06-24T10:03:04.386+0000][1][safepoint    ] Total time for which application threads were stopped: 0.0001130 seconds, Stopping threads took: 0.0000581 seconds
[2019-06-24T10:03:04.386+0000][1][safepoint    ] Application time: 0.0002739 seconds
[2019-06-24T10:03:04.386+0000][1][safepoint    ] Entering safepoint region: RevokeBias
[2019-06-24T10:03:04.386+0000][1][safepoint    ] Leaving safepoint region
[2019-06-24T10:03:04.386+0000][1][safepoint    ] Total time for which application threads were stopped: 0.0000821 seconds, Stopping threads took: 0.0000122 seconds
[2019-06-24T10:03:04.386+0000][1][safepoint    ] Application time: 0.0001813 seconds
[2019-06-24T10:03:04.386+0000][1][safepoint    ] Entering safepoint region: RevokeBias
[2019-06-24T10:03:04.386+0000][1][safepoint    ] Leaving safepoint region
[2019-06-24T10:03:04.386+0000][1][safepoint    ] Total time for which application threads were stopped: 0.0001015 seconds, Stopping threads took: 0.0000399 seconds
[2019-06-24T10:03:04.386+0000][1][safepoint    ] Application time: 0.0000417 seconds
[2019-06-24T10:03:04.386+0000][1][safepoint    ] Entering safepoint region: RevokeBias
[2019-06-24T10:03:04.386+0000][1][safepoint    ] Leaving safepoint region
[2019-06-24T10:03:04.386+0000][1][safepoint    ] Total time for which application threads were stopped: 0.0000722 seconds, Stopping threads took: 0.0000264 seconds
[2019-06-24T10:03:04.386+0000][1][safepoint    ] Application time: 0.0000380 seconds
[2019-06-24T10:03:04.386+0000][1][safepoint    ] Entering safepoint region: RevokeBias
[2019-06-24T10:03:04.387+0000][1][safepoint    ] Leaving safepoint region
[2019-06-24T10:03:04.387+0000][1][safepoint    ] Total time for which application threads were stopped: 0.0001228 seconds, Stopping threads took: 0.0000666 seconds
[2019-06-24T10:03:04.387+0000][1][safepoint    ] Application time: 0.0001016 seconds
[2019-06-24T10:03:04.387+0000][1][safepoint    ] Entering safepoint region: RevokeBias
[2019-06-24T10:03:04.387+0000][1][safepoint    ] Leaving safepoint region
[2019-06-24T10:03:04.387+0000][1][safepoint    ] Total time for which application threads were stopped: 0.0000599 seconds, Stopping threads took: 0.0000094 seconds
[2019-06-24T10:03:04.387+0000][1][safepoint    ] Application time: 0.0001713 seconds
[2019-06-24T10:03:04.387+0000][1][safepoint    ] Entering safepoint region: RevokeBias
[2019-06-24T10:03:04.387+0000][1][safepoint    ] Leaving safepoint region
[2019-06-24T10:03:04.387+0000][1][safepoint    ] Total time for which application threads were stopped: 0.0001163 seconds, Stopping threads took: 0.0000567 seconds
[2019-06-24T10:03:04.387+0000][1][safepoint    ] Application time: 0.0000636 seconds
[2019-06-24T10:03:04.387+0000][1][safepoint    ] Entering safepoint region: RevokeBias
[2019-06-24T10:03:04.387+0000][1][safepoint    ] Leaving safepoint region
[2019-06-24T10:03:04.387+0000][1][safepoint    ] Total time for which application threads were stopped: 0.0001167 seconds, Stopping threads took: 0.0000399 seconds
[2019-06-24T10:03:04.387+0000][1][safepoint    ] Application time: 0.0000493 seconds
[2019-06-24T10:03:04.387+0000][1][safepoint    ] Entering safepoint region: RevokeBias
[2019-06-24T10:03:04.387+0000][1][safepoint    ] Leaving safepoint region
[2019-06-24T10:03:04.387+0000][1][safepoint    ] Total time for which application threads were stopped: 0.0000879 seconds, Stopping threads took: 0.0000308 seconds
[2019-06-24T10:03:04.387+0000][1][safepoint    ] Application time: 0.0000447 seconds
[2019-06-24T10:03:04.387+0000][1][safepoint    ] Entering safepoint region: RevokeBias
[2019-06-24T10:03:04.388+0000][1][safepoint    ] Leaving safepoint region
[2019-06-24T10:03:04.388+0000][1][safepoint    ] Total time for which application threads were stopped: 0.0000782 seconds, Stopping threads took: 0.0000277 seconds
[2019-06-24T10:03:04.388+0000][1][safepoint    ] Application time: 0.0004162 seconds
[2019-06-24T10:03:04.388+0000][1][safepoint    ] Entering safepoint region: RevokeBias
[2019-06-24T10:03:04.388+0000][1][safepoint    ] Leaving safepoint region
[2019-06-24T10:03:04.388+0000][1][safepoint    ] Total time for which application threads were stopped: 0.0001673 seconds, Stopping threads took: 0.0001256 seconds
[2019-06-24T10:03:04.388+0000][1][safepoint    ] Application time: 0.0001410 seconds
[2019-06-24T10:03:04.388+0000][1][safepoint    ] Entering safepoint region: RevokeBias
[2019-06-24T10:03:04.388+0000][1][safepoint    ] Leaving safepoint region
[2019-06-24T10:03:04.388+0000][1][safepoint    ] Total time for which application threads were stopped: 0.0001127 seconds, Stopping threads took: 0.0000404 seconds
[2019-06-24T10:03:04.389+0000][1][safepoint    ] Application time: 0.0003647 seconds
[2019-06-24T10:03:04.389+0000][1][safepoint    ] Entering safepoint region: RevokeBias
[2019-06-24T10:03:04.389+0000][1][safepoint    ] Leaving safepoint region
[2019-06-24T10:03:04.389+0000][1][safepoint    ] Total time for which application threads were stopped: 0.0000826 seconds, Stopping threads took: 0.0000126 seconds
[2019-06-24T10:03:04.389+0000][1][safepoint    ] Application time: 0.0002810 seconds
[2019-06-24T10:03:04.390+0000][1][safepoint    ] Entering safepoint region: RevokeBias
[2019-06-24T10:03:04.390+0000][1][safepoint    ] Leaving safepoint region
[2019-06-24T10:03:04.390+0000][1][safepoint    ] Total time for which application threads were stopped: 0.0004514 seconds, Stopping threads took: 0.0003836 seconds
[2019-06-24T10:03:04.390+0000][1][safepoint    ] Application time: 0.0001757 seconds
[2019-06-24T10:03:04.390+0000][1][safepoint    ] Entering safepoint region: RevokeBias
[2019-06-24T10:03:04.390+0000][1][safepoint    ] Leaving safepoint region
[2019-06-24T10:03:04.390+0000][1][safepoint    ] Total time for which application threads were stopped: 0.0002029 seconds, Stopping threads took: 0.0001558 seconds
[2019-06-24T10:03:04.391+0000][1][safepoint    ] Application time: 0.0006512 seconds
[2019-06-24T10:03:04.391+0000][1][safepoint    ] Entering safepoint region: RevokeBias
[2019-06-24T10:03:04.391+0000][1][safepoint    ] Leaving safepoint region
[2019-06-24T10:03:04.391+0000][1][safepoint    ] Total time for which application threads were stopped: 0.0000818 seconds, Stopping threads took: 0.0000130 seconds
[2019-06-24T10:03:04.391+0000][1][safepoint    ] Application time: 0.0001273 seconds
[2019-06-24T10:03:04.391+0000][1][safepoint    ] Entering safepoint region: BulkRevokeBias
[2019-06-24T10:03:04.392+0000][1][safepoint    ] Leaving safepoint region
[2019-06-24T10:03:04.392+0000][1][safepoint    ] Total time for which application threads were stopped: 0.0006255 seconds, Stopping threads took: 0.0005149 seconds
[2019-06-24T10:03:04.392+0000][1][safepoint    ] Application time: 0.0000587 seconds
[2019-06-24T10:03:04.392+0000][1][safepoint    ] Entering safepoint region: RevokeBias
[2019-06-24T10:03:04.392+0000][1][safepoint    ] Leaving safepoint region
[2019-06-24T10:03:04.392+0000][1][safepoint    ] Total time for which application threads were stopped: 0.0002310 seconds, Stopping threads took: 0.0001866 seconds
[2019-06-24T10:03:04.392+0000][1][safepoint    ] Application time: 0.0002775 seconds
[2019-06-24T10:03:04.392+0000][1][safepoint    ] Entering safepoint region: RevokeBias
[2019-06-24T10:03:04.392+0000][1][safepoint    ] Leaving safepoint region
[2019-06-24T10:03:04.392+0000][1][safepoint    ] Total time for which application threads were stopped: 0.0001127 seconds, Stopping threads took: 0.0000405 seconds
[2019-06-24T10:03:04.394+0000][1][safepoint    ] Application time: 0.0017075 seconds
[2019-06-24T10:03:04.394+0000][1][safepoint    ] Entering safepoint region: RevokeBias
[2019-06-24T10:03:04.394+0000][1][safepoint    ] Leaving safepoint region
[2019-06-24T10:03:04.394+0000][1][safepoint    ] Total time for which application threads were stopped: 0.0002683 seconds, Stopping threads took: 0.0001887 seconds
[2019-06-24T10:03:04.394+0000][1][safepoint    ] Application time: 0.0000539 seconds
[2019-06-24T10:03:04.395+0000][1][safepoint    ] Entering safepoint region: RevokeBias
[2019-06-24T10:03:04.395+0000][1][safepoint    ] Leaving safepoint region
[2019-06-24T10:03:04.395+0000][1][safepoint    ] Total time for which application threads were stopped: 0.0002164 seconds, Stopping threads took: 0.0001562 seconds
[2019-06-24T10:03:04.395+0000][1][safepoint    ] Application time: 0.0005190 seconds
[2019-06-24T10:03:04.395+0000][1][safepoint    ] Entering safepoint region: RevokeBias
[2019-06-24T10:03:04.395+0000][1][safepoint    ] Leaving safepoint region
[2019-06-24T10:03:04.395+0000][1][safepoint    ] Total time for which application threads were stopped: 0.0000969 seconds, Stopping threads took: 0.0000313 seconds
[2019-06-24T10:03:04.395+0000][1][safepoint    ] Application time: 0.0000487 seconds
[2019-06-24T10:03:04.395+0000][1][safepoint    ] Entering safepoint region: RevokeBias
[2019-06-24T10:03:04.395+0000][1][safepoint    ] Leaving safepoint region
[2019-06-24T10:03:04.395+0000][1][safepoint    ] Total time for which application threads were stopped: 0.0000739 seconds, Stopping threads took: 0.0000252 seconds
[2019-06-24T10:03:04.397+0000][1][safepoint    ] Application time: 0.0020569 seconds
[2019-06-24T10:03:04.398+0000][1][safepoint    ] Entering safepoint region: RevokeBias
[2019-06-24T10:03:04.398+0000][1][safepoint    ] Leaving safepoint region
[2019-06-24T10:03:04.398+0000][1][safepoint    ] Total time for which application threads were stopped: 0.0001211 seconds, Stopping threads took: 0.0000309 seconds
[2019-06-24T10:03:04.398+0000][1][safepoint    ] Application time: 0.0000495 seconds
[2019-06-24T10:03:04.398+0000][1][safepoint    ] Entering safepoint region: RevokeBias
[2019-06-24T10:03:04.398+0000][1][safepoint    ] Leaving safepoint region
[2019-06-24T10:03:04.398+0000][1][safepoint    ] Total time for which application threads were stopped: 0.0000867 seconds, Stopping threads took: 0.0000261 seconds
[2019-06-24T10:03:04.398+0000][1][safepoint    ] Application time: 0.0002585 seconds
[2019-06-24T10:03:04.398+0000][1][safepoint    ] Entering safepoint region: RevokeBias
[2019-06-24T10:03:04.398+0000][1][safepoint    ] Leaving safepoint region
[2019-06-24T10:03:04.398+0000][1][safepoint    ] Total time for which application threads were stopped: 0.0001393 seconds, Stopping threads took: 0.0000551 seconds
[2019-06-24T10:03:04.658+0000][1][safepoint    ] Application time: 0.2596231 seconds
[2019-06-24T10:03:04.658+0000][1][safepoint    ] Entering safepoint region: RevokeBias
[2019-06-24T10:03:04.658+0000][1][safepoint    ] Leaving safepoint region
[2019-06-24T10:03:04.658+0000][1][safepoint    ] Total time for which application threads were stopped: 0.0001107 seconds, Stopping threads took: 0.0000184 seconds
[2019-06-24T10:03:04.860+0000][1][safepoint    ] Application time: 0.2019170 seconds
[2019-06-24T10:03:04.860+0000][1][safepoint    ] Entering safepoint region: GenCollectForAllocation
[2019-06-24T10:03:04.860+0000][1][gc,start     ] GC(20) Pause Young (Allocation Failure)
[2019-06-24T10:03:04.860+0000][1][gc,task      ] GC(20) Using 5 workers of 8 for evacuation
[2019-06-24T10:03:04.869+0000][1][gc,age       ] GC(20) Desired survivor size 4456448 bytes, new threshold 6 (max threshold 6)
[2019-06-24T10:03:04.869+0000][1][gc,age       ] GC(20) Age table with threshold 6 (max threshold 6)
[2019-06-24T10:03:04.869+0000][1][gc,age       ] GC(20) - age   1:    1328848 bytes,    1328848 total
[2019-06-24T10:03:04.869+0000][1][gc,age       ] GC(20) - age   2:    3076640 bytes,    4405488 total
[2019-06-24T10:03:04.869+0000][1][gc,heap      ] GC(20) ParNew: 78656K->6008K(78656K)
[2019-06-24T10:03:04.869+0000][1][gc,heap      ] GC(20) CMS: 55239K->59158K(174784K)
[2019-06-24T10:03:04.869+0000][1][gc,metaspace ] GC(20) Metaspace: 52821K->52821K(1097728K)
[2019-06-24T10:03:04.869+0000][1][gc           ] GC(20) Pause Young (Allocation Failure) 130M->63M(247M) 8.976ms
[2019-06-24T10:03:04.869+0000][1][gc,cpu       ] GC(20) User=0.05s Sys=0.00s Real=0.01s
[2019-06-24T10:03:04.869+0000][1][safepoint    ] Leaving safepoint region
[2019-06-24T10:03:04.869+0000][1][safepoint    ] Total time for which application threads were stopped: 0.0091245 seconds, Stopping threads took: 0.0000226 seconds
[2019-06-24T10:03:04.870+0000][1][safepoint    ] Application time: 0.0004629 seconds
[2019-06-24T10:03:04.870+0000][1][safepoint    ] Entering safepoint region: RevokeBias
[2019-06-24T10:03:04.870+0000][1][safepoint    ] Leaving safepoint region
[2019-06-24T10:03:04.870+0000][1][safepoint    ] Total time for which application threads were stopped: 0.0000427 seconds, Stopping threads took: 0.0000107 seconds
[2019-06-24T10:03:05.167+0000][1][safepoint    ] Application time: 0.2974661 seconds
[2019-06-24T10:03:05.167+0000][1][safepoint    ] Entering safepoint region: Deoptimize
[2019-06-24T10:03:05.168+0000][1][safepoint    ] Leaving safepoint region
[2019-06-24T10:03:05.168+0000][1][safepoint    ] Total time for which application threads were stopped: 0.0008613 seconds, Stopping threads took: 0.0000153 seconds
[2019-06-24T10:03:05.200+0000][1][safepoint    ] Application time: 0.0316407 seconds
[2019-06-24T10:03:05.200+0000][1][safepoint    ] Entering safepoint region: RevokeBias
[2019-06-24T10:03:05.200+0000][1][safepoint    ] Leaving safepoint region
[2019-06-24T10:03:05.200+0000][1][safepoint    ] Total time for which application threads were stopped: 0.0000728 seconds, Stopping threads took: 0.0000113 seconds
[2019-06-24T10:03:05.200+0000][1][safepoint    ] Application time: 0.0001671 seconds
[2019-06-24T10:03:05.200+0000][1][safepoint    ] Entering safepoint region: RevokeBias
[2019-06-24T10:03:05.200+0000][1][safepoint    ] Leaving safepoint region
[2019-06-24T10:03:05.200+0000][1][safepoint    ] Total time for which application threads were stopped: 0.0000741 seconds, Stopping threads took: 0.0000353 seconds
[2019-06-24T10:03:05.200+0000][1][safepoint    ] Application time: 0.0001845 seconds
[2019-06-24T10:03:05.200+0000][1][safepoint    ] Entering safepoint region: RevokeBias
[2019-06-24T10:03:05.200+0000][1][safepoint    ] Leaving safepoint region
[2019-06-24T10:03:05.200+0000][1][safepoint    ] Total time for which application threads were stopped: 0.0000445 seconds, Stopping threads took: 0.0000094 seconds
[2019-06-24T10:03:05.203+0000][1][safepoint    ] Application time: 0.0027981 seconds
[2019-06-24T10:03:05.203+0000][1][safepoint    ] Entering safepoint region: RevokeBias
[2019-06-24T10:03:05.203+0000][1][safepoint    ] Leaving safepoint region
[2019-06-24T10:03:05.203+0000][1][safepoint    ] Total time for which application threads were stopped: 0.0000734 seconds, Stopping threads took: 0.0000210 seconds
[2019-06-24T10:03:05.304+0000][1][safepoint    ] Application time: 0.1011351 seconds
[2019-06-24T10:03:05.304+0000][1][safepoint    ] Entering safepoint region: RevokeBias
[2019-06-24T10:03:05.305+0000][1][safepoint    ] Leaving safepoint region
[2019-06-24T10:03:05.305+0000][1][safepoint    ] Total time for which application threads were stopped: 0.0008743 seconds, Stopping threads took: 0.0000302 seconds
[2019-06-24T10:03:05.306+0000][1][safepoint    ] Application time: 0.0006655 seconds
[2019-06-24T10:03:05.306+0000][1][safepoint    ] Entering safepoint region: RevokeBias
[2019-06-24T10:03:05.306+0000][1][safepoint    ] Leaving safepoint region
[2019-06-24T10:03:05.306+0000][1][safepoint    ] Total time for which application threads were stopped: 0.0001880 seconds, Stopping threads took: 0.0001308 seconds
[2019-06-24T10:03:05.323+0000][1][safepoint    ] Application time: 0.0167718 seconds
[2019-06-24T10:03:05.323+0000][1][safepoint    ] Entering safepoint region: RevokeBias
[2019-06-24T10:03:05.323+0000][1][safepoint    ] Leaving safepoint region
[2019-06-24T10:03:05.323+0000][1][safepoint    ] Total time for which application threads were stopped: 0.0000558 seconds, Stopping threads took: 0.0000120 seconds
[2019-06-24T10:03:05.351+0000][1][safepoint    ] Application time: 0.0280248 seconds
[2019-06-24T10:03:05.351+0000][1][safepoint    ] Entering safepoint region: RevokeBias
[2019-06-24T10:03:05.351+0000][1][safepoint    ] Leaving safepoint region
[2019-06-24T10:03:05.351+0000][1][safepoint    ] Total time for which application threads were stopped: 0.0000818 seconds, Stopping threads took: 0.0000120 seconds
[2019-06-24T10:03:05.374+0000][1][safepoint    ] Application time: 0.0229319 seconds
[2019-06-24T10:03:05.374+0000][1][safepoint    ] Entering safepoint region: Deoptimize
[2019-06-24T10:03:05.374+0000][1][safepoint    ] Leaving safepoint region
[2019-06-24T10:03:05.374+0000][1][safepoint    ] Total time for which application threads were stopped: 0.0003790 seconds, Stopping threads took: 0.0000146 seconds
[2019-06-24T10:03:05.431+0000][1][safepoint    ] Application time: 0.0566573 seconds
[2019-06-24T10:03:05.431+0000][1][safepoint    ] Entering safepoint region: RevokeBias
[2019-06-24T10:03:05.431+0000][1][safepoint    ] Leaving safepoint region
[2019-06-24T10:03:05.431+0000][1][safepoint    ] Total time for which application threads were stopped: 0.0000895 seconds, Stopping threads took: 0.0000419 seconds
[2019-06-24T10:03:05.701+0000][1][safepoint    ] Application time: 0.2696146 seconds
[2019-06-24T10:03:05.701+0000][1][safepoint    ] Entering safepoint region: RevokeBias
[2019-06-24T10:03:05.701+0000][1][safepoint    ] Leaving safepoint region
[2019-06-24T10:03:05.701+0000][1][safepoint    ] Total time for which application threads were stopped: 0.0000937 seconds, Stopping threads took: 0.0000157 seconds
[2019-06-24T10:03:05.701+0000][1][safepoint    ] Application time: 0.0001328 seconds
[2019-06-24T10:03:05.701+0000][1][safepoint    ] Entering safepoint region: RevokeBias
[2019-06-24T10:03:05.701+0000][1][safepoint    ] Leaving safepoint region
[2019-06-24T10:03:05.701+0000][1][safepoint    ] Total time for which application threads were stopped: 0.0000402 seconds, Stopping threads took: 0.0000099 seconds
[2019-06-24T10:03:05.701+0000][1][safepoint    ] Application time: 0.0000732 seconds
[2019-06-24T10:03:05.701+0000][1][safepoint    ] Entering safepoint region: RevokeBias
[2019-06-24T10:03:05.701+0000][1][safepoint    ] Leaving safepoint region
[2019-06-24T10:03:05.701+0000][1][safepoint    ] Total time for which application threads were stopped: 0.0000348 seconds, Stopping threads took: 0.0000093 seconds
[2019-06-24T10:03:05.701+0000][1][safepoint    ] Application time: 0.0000488 seconds
[2019-06-24T10:03:05.701+0000][1][safepoint    ] Entering safepoint region: RevokeBias
[2019-06-24T10:03:05.701+0000][1][safepoint    ] Leaving safepoint region
[2019-06-24T10:03:05.701+0000][1][safepoint    ] Total time for which application threads were stopped: 0.0000341 seconds, Stopping threads took: 0.0000090 seconds
[2019-06-24T10:03:05.701+0000][1][safepoint    ] Application time: 0.0000434 seconds
[2019-06-24T10:03:05.701+0000][1][safepoint    ] Entering safepoint region: RevokeBias
[2019-06-24T10:03:05.701+0000][1][safepoint    ] Leaving safepoint region
[2019-06-24T10:03:05.701+0000][1][safepoint    ] Total time for which application threads were stopped: 0.0000325 seconds, Stopping threads took: 0.0000087 seconds
[2019-06-24T10:03:05.702+0000][1][safepoint    ] Application time: 0.0001016 seconds
[2019-06-24T10:03:05.702+0000][1][safepoint    ] Entering safepoint region: RevokeBias
[2019-06-24T10:03:05.702+0000][1][safepoint    ] Leaving safepoint region
[2019-06-24T10:03:05.702+0000][1][safepoint    ] Total time for which application threads were stopped: 0.0000326 seconds, Stopping threads took: 0.0000089 seconds
[2019-06-24T10:03:05.702+0000][1][safepoint    ] Application time: 0.0000618 seconds
[2019-06-24T10:03:05.702+0000][1][safepoint    ] Entering safepoint region: RevokeBias
[2019-06-24T10:03:05.702+0000][1][safepoint    ] Leaving safepoint region
[2019-06-24T10:03:05.702+0000][1][safepoint    ] Total time for which application threads were stopped: 0.0000295 seconds, Stopping threads took: 0.0000081 seconds
[2019-06-24T10:03:05.702+0000][1][safepoint    ] Application time: 0.0000410 seconds
[2019-06-24T10:03:05.702+0000][1][safepoint    ] Entering safepoint region: RevokeBias
[2019-06-24T10:03:05.702+0000][1][safepoint    ] Leaving safepoint region
[2019-06-24T10:03:05.702+0000][1][safepoint    ] Total time for which application threads were stopped: 0.0000293 seconds, Stopping threads took: 0.0000079 seconds
[2019-06-24T10:03:05.702+0000][1][safepoint    ] Application time: 0.0000958 seconds
[2019-06-24T10:03:05.702+0000][1][safepoint    ] Entering safepoint region: RevokeBias
[2019-06-24T10:03:05.702+0000][1][safepoint    ] Leaving safepoint region
[2019-06-24T10:03:05.702+0000][1][safepoint    ] Total time for which application threads were stopped: 0.0000297 seconds, Stopping threads took: 0.0000080 seconds
[2019-06-24T10:03:05.702+0000][1][safepoint    ] Application time: 0.0000394 seconds
[2019-06-24T10:03:05.702+0000][1][safepoint    ] Entering safepoint region: RevokeBias
[2019-06-24T10:03:05.702+0000][1][safepoint    ] Leaving safepoint region
[2019-06-24T10:03:05.702+0000][1][safepoint    ] Total time for which application threads were stopped: 0.0000298 seconds, Stopping threads took: 0.0000080 seconds
[2019-06-24T10:03:05.702+0000][1][safepoint    ] Application time: 0.0000935 seconds
[2019-06-24T10:03:05.702+0000][1][safepoint    ] Entering safepoint region: RevokeBias
[2019-06-24T10:03:05.702+0000][1][safepoint    ] Leaving safepoint region
[2019-06-24T10:03:05.702+0000][1][safepoint    ] Total time for which application threads were stopped: 0.0000296 seconds, Stopping threads took: 0.0000079 seconds
[2019-06-24T10:03:05.713+0000][1][safepoint    ] Application time: 0.0103817 seconds
[2019-06-24T10:03:05.713+0000][1][safepoint    ] Entering safepoint region: GenCollectForAllocation
[2019-06-24T10:03:05.713+0000][1][gc,start     ] GC(21) Pause Young (Allocation Failure)
[2019-06-24T10:03:05.713+0000][1][gc,task      ] GC(21) Using 5 workers of 8 for evacuation
[2019-06-24T10:03:05.723+0000][1][gc,age       ] GC(21) Desired survivor size 4456448 bytes, new threshold 2 (max threshold 6)
[2019-06-24T10:03:05.723+0000][1][gc,age       ] GC(21) Age table with threshold 2 (max threshold 6)
[2019-06-24T10:03:05.723+0000][1][gc,age       ] GC(21) - age   1:    3600536 bytes,    3600536 total
[2019-06-24T10:03:05.723+0000][1][gc,age       ] GC(21) - age   2:    1271856 bytes,    4872392 total
[2019-06-24T10:03:05.723+0000][1][gc,age       ] GC(21) - age   3:    3062288 bytes,    7934680 total
[2019-06-24T10:03:05.723+0000][1][gc,heap      ] GC(21) ParNew: 75960K->8704K(78656K)
[2019-06-24T10:03:05.723+0000][1][gc,heap      ] GC(21) CMS: 59158K->59292K(174784K)
[2019-06-24T10:03:05.723+0000][1][gc,metaspace ] GC(21) Metaspace: 60679K->60679K(1103872K)
[2019-06-24T10:03:05.723+0000][1][gc           ] GC(21) Pause Young (Allocation Failure) 131M->66M(247M) 10.259ms
[2019-06-24T10:03:05.723+0000][1][gc,cpu       ] GC(21) User=0.08s Sys=0.01s Real=0.02s
[2019-06-24T10:03:05.723+0000][1][safepoint    ] Leaving safepoint region
[2019-06-24T10:03:05.723+0000][1][safepoint    ] Total time for which application threads were stopped: 0.0103839 seconds, Stopping threads took: 0.0000171 seconds
[2019-06-24T10:03:05.776+0000][1][safepoint    ] Application time: 0.0525862 seconds
[2019-06-24T10:03:05.776+0000][1][safepoint    ] Entering safepoint region: BulkRevokeBias
[2019-06-24T10:03:05.776+0000][1][safepoint    ] Leaving safepoint region
[2019-06-24T10:03:05.776+0000][1][safepoint    ] Total time for which application threads were stopped: 0.0001215 seconds, Stopping threads took: 0.0000140 seconds
[2019-06-24T10:03:05.873+0000][1][safepoint    ] Application time: 0.0972054 seconds
[2019-06-24T10:03:05.873+0000][1][safepoint    ] Entering safepoint region: Deoptimize
[2019-06-24T10:03:05.873+0000][1][safepoint    ] Leaving safepoint region
[2019-06-24T10:03:05.873+0000][1][safepoint    ] Total time for which application threads were stopped: 0.0004408 seconds, Stopping threads took: 0.0000141 seconds
[2019-06-24T10:03:05.880+0000][1][safepoint    ] Application time: 0.0069803 seconds
[2019-06-24T10:03:05.881+0000][1][safepoint    ] Entering safepoint region: RevokeBias
[2019-06-24T10:03:05.881+0000][1][safepoint    ] Leaving safepoint region
[2019-06-24T10:03:05.881+0000][1][safepoint    ] Total time for which application threads were stopped: 0.0001549 seconds, Stopping threads took: 0.0000692 seconds
[2019-06-24T10:03:05.881+0000][1][safepoint    ] Application time: 0.0003563 seconds
[2019-06-24T10:03:05.881+0000][1][safepoint    ] Entering safepoint region: RevokeBias
[2019-06-24T10:03:05.881+0000][1][safepoint    ] Leaving safepoint region
[2019-06-24T10:03:05.881+0000][1][safepoint    ] Total time for which application threads were stopped: 0.0001329 seconds, Stopping threads took: 0.0000702 seconds
[2019-06-24T10:03:05.881+0000][1][safepoint    ] Application time: 0.0000868 seconds
[2019-06-24T10:03:05.881+0000][1][safepoint    ] Entering safepoint region: RevokeBias
[2019-06-24T10:03:05.881+0000][1][safepoint    ] Leaving safepoint region
[2019-06-24T10:03:05.881+0000][1][safepoint    ] Total time for which application threads were stopped: 0.0000955 seconds, Stopping threads took: 0.0000518 seconds
[2019-06-24T10:03:05.882+0000][1][safepoint    ] Application time: 0.0002108 seconds
[2019-06-24T10:03:05.882+0000][1][safepoint    ] Entering safepoint region: RevokeBias
[2019-06-24T10:03:05.882+0000][1][safepoint    ] Leaving safepoint region
[2019-06-24T10:03:05.882+0000][1][safepoint    ] Total time for which application threads were stopped: 0.0000569 seconds, Stopping threads took: 0.0000123 seconds
[2019-06-24T10:03:05.883+0000][1][safepoint    ] Application time: 0.0008994 seconds
[2019-06-24T10:03:05.883+0000][1][safepoint    ] Entering safepoint region: RevokeBias
[2019-06-24T10:03:05.883+0000][1][safepoint    ] Leaving safepoint region
[2019-06-24T10:03:05.883+0000][1][safepoint    ] Total time for which application threads were stopped: 0.0000634 seconds, Stopping threads took: 0.0000133 seconds
[2019-06-24T10:03:05.883+0000][1][safepoint    ] Application time: 0.0003803 seconds
[2019-06-24T10:03:05.883+0000][1][safepoint    ] Entering safepoint region: RevokeBias
[2019-06-24T10:03:05.883+0000][1][safepoint    ] Leaving safepoint region
[2019-06-24T10:03:05.883+0000][1][safepoint    ] Total time for which application threads were stopped: 0.0000685 seconds, Stopping threads took: 0.0000126 seconds
[2019-06-24T10:03:05.883+0000][1][safepoint    ] Application time: 0.0000899 seconds
[2019-06-24T10:03:05.883+0000][1][safepoint    ] Entering safepoint region: RevokeBias
[2019-06-24T10:03:05.883+0000][1][safepoint    ] Leaving safepoint region
[2019-06-24T10:03:05.883+0000][1][safepoint    ] Total time for which application threads were stopped: 0.0000617 seconds, Stopping threads took: 0.0000119 seconds
[2019-06-24T10:03:05.883+0000][1][safepoint    ] Application time: 0.0001303 seconds
[2019-06-24T10:03:05.883+0000][1][safepoint    ] Entering safepoint region: BulkRevokeBias
[2019-06-24T10:03:05.884+0000][1][safepoint    ] Leaving safepoint region
[2019-06-24T10:03:05.884+0000][1][safepoint    ] Total time for which application threads were stopped: 0.0001466 seconds, Stopping threads took: 0.0000122 seconds
[2019-06-24T10:03:05.884+0000][1][safepoint    ] Application time: 0.0001806 seconds
[2019-06-24T10:03:05.884+0000][1][safepoint    ] Entering safepoint region: RevokeBias
[2019-06-24T10:03:05.884+0000][1][safepoint    ] Leaving safepoint region
[2019-06-24T10:03:05.884+0000][1][safepoint    ] Total time for which application threads were stopped: 0.0000715 seconds, Stopping threads took: 0.0000138 seconds
[2019-06-24T10:03:05.884+0000][1][safepoint    ] Application time: 0.0001834 seconds
[2019-06-24T10:03:05.884+0000][1][safepoint    ] Entering safepoint region: RevokeBias
[2019-06-24T10:03:05.884+0000][1][safepoint    ] Leaving safepoint region
[2019-06-24T10:03:05.884+0000][1][safepoint    ] Total time for which application threads were stopped: 0.0000562 seconds, Stopping threads took: 0.0000123 seconds
[2019-06-24T10:03:05.884+0000][1][safepoint    ] Application time: 0.0001612 seconds
[2019-06-24T10:03:05.884+0000][1][safepoint    ] Entering safepoint region: RevokeBias
[2019-06-24T10:03:05.884+0000][1][safepoint    ] Leaving safepoint region
[2019-06-24T10:03:05.884+0000][1][safepoint    ] Total time for which application threads were stopped: 0.0000592 seconds, Stopping threads took: 0.0000113 seconds
[2019-06-24T10:03:05.884+0000][1][safepoint    ] Application time: 0.0000425 seconds
[2019-06-24T10:03:05.884+0000][1][safepoint    ] Entering safepoint region: RevokeBias
[2019-06-24T10:03:05.885+0000][1][safepoint    ] Leaving safepoint region
[2019-06-24T10:03:05.885+0000][1][safepoint    ] Total time for which application threads were stopped: 0.0000569 seconds, Stopping threads took: 0.0000112 seconds
[2019-06-24T10:03:05.885+0000][1][safepoint    ] Application time: 0.0005340 seconds
[2019-06-24T10:03:05.885+0000][1][safepoint    ] Entering safepoint region: RevokeBias
[2019-06-24T10:03:05.885+0000][1][safepoint    ] Leaving safepoint region
[2019-06-24T10:03:05.885+0000][1][safepoint    ] Total time for which application threads were stopped: 0.0000584 seconds, Stopping threads took: 0.0000128 seconds
[2019-06-24T10:03:05.886+0000][1][safepoint    ] Application time: 0.0009485 seconds
[2019-06-24T10:03:05.886+0000][1][safepoint    ] Entering safepoint region: RevokeBias
[2019-06-24T10:03:05.886+0000][1][safepoint    ] Leaving safepoint region
[2019-06-24T10:03:05.886+0000][1][safepoint    ] Total time for which application threads were stopped: 0.0000597 seconds, Stopping threads took: 0.0000120 seconds
[2019-06-24T10:03:05.886+0000][1][safepoint    ] Application time: 0.0000906 seconds
[2019-06-24T10:03:05.886+0000][1][safepoint    ] Entering safepoint region: RevokeBias
[2019-06-24T10:03:05.886+0000][1][safepoint    ] Leaving safepoint region
[2019-06-24T10:03:05.886+0000][1][safepoint    ] Total time for which application threads were stopped: 0.0000422 seconds, Stopping threads took: 0.0000086 seconds
[2019-06-24T10:03:05.889+0000][1][safepoint    ] Application time: 0.0023556 seconds
[2019-06-24T10:03:05.889+0000][1][safepoint    ] Entering safepoint region: Deoptimize
[2019-06-24T10:03:05.889+0000][1][safepoint    ] Leaving safepoint region
[2019-06-24T10:03:05.889+0000][1][safepoint    ] Total time for which application threads were stopped: 0.0005423 seconds, Stopping threads took: 0.0000182 seconds
[2019-06-24T10:03:05.913+0000][1][safepoint    ] Application time: 0.0241620 seconds
[2019-06-24T10:03:05.914+0000][1][safepoint    ] Entering safepoint region: RevokeBias
[2019-06-24T10:03:05.914+0000][1][safepoint    ] Leaving safepoint region
[2019-06-24T10:03:05.914+0000][1][safepoint    ] Total time for which application threads were stopped: 0.0001771 seconds, Stopping threads took: 0.0001109 seconds
[2019-06-24T10:03:05.914+0000][1][safepoint    ] Application time: 0.0000637 seconds
[2019-06-24T10:03:05.914+0000][1][safepoint    ] Entering safepoint region: RevokeBias
[2019-06-24T10:03:05.914+0000][1][safepoint    ] Leaving safepoint region
[2019-06-24T10:03:05.914+0000][1][safepoint    ] Total time for which application threads were stopped: 0.0000673 seconds, Stopping threads took: 0.0000125 seconds
[2019-06-24T10:03:05.916+0000][1][safepoint    ] Application time: 0.0016586 seconds
[2019-06-24T10:03:05.916+0000][1][safepoint    ] Entering safepoint region: RevokeBias
[2019-06-24T10:03:05.916+0000][1][safepoint    ] Leaving safepoint region
[2019-06-24T10:03:05.916+0000][1][safepoint    ] Total time for which application threads were stopped: 0.0001393 seconds, Stopping threads took: 0.0000829 seconds
[2019-06-24T10:03:05.916+0000][1][safepoint    ] Application time: 0.0002496 seconds
[2019-06-24T10:03:05.916+0000][1][safepoint    ] Entering safepoint region: RevokeBias
[2019-06-24T10:03:05.916+0000][1][safepoint    ] Leaving safepoint region
[2019-06-24T10:03:05.916+0000][1][safepoint    ] Total time for which application threads were stopped: 0.0001630 seconds, Stopping threads took: 0.0000829 seconds
[2019-06-24T10:03:05.916+0000][1][safepoint    ] Application time: 0.0002235 seconds
[2019-06-24T10:03:05.916+0000][1][safepoint    ] Entering safepoint region: RevokeBias
[2019-06-24T10:03:05.916+0000][1][safepoint    ] Leaving safepoint region
[2019-06-24T10:03:05.916+0000][1][safepoint    ] Total time for which application threads were stopped: 0.0001193 seconds, Stopping threads took: 0.0000477 seconds
[2019-06-24T10:03:05.917+0000][1][safepoint    ] Application time: 0.0000593 seconds
[2019-06-24T10:03:05.917+0000][1][safepoint    ] Entering safepoint region: RevokeBias
[2019-06-24T10:03:05.917+0000][1][safepoint    ] Leaving safepoint region
[2019-06-24T10:03:05.917+0000][1][safepoint    ] Total time for which application threads were stopped: 0.0001539 seconds, Stopping threads took: 0.0000859 seconds
[2019-06-24T10:03:05.917+0000][1][safepoint    ] Application time: 0.0000968 seconds
[2019-06-24T10:03:05.917+0000][1][safepoint    ] Entering safepoint region: RevokeBias
[2019-06-24T10:03:05.917+0000][1][safepoint    ] Leaving safepoint region
[2019-06-24T10:03:05.917+0000][1][safepoint    ] Total time for which application threads were stopped: 0.0001834 seconds, Stopping threads took: 0.0001330 seconds
[2019-06-24T10:03:05.918+0000][1][safepoint    ] Application time: 0.0006587 seconds
[2019-06-24T10:03:05.918+0000][1][safepoint    ] Entering safepoint region: RevokeBias
[2019-06-24T10:03:05.918+0000][1][safepoint    ] Leaving safepoint region
[2019-06-24T10:03:05.918+0000][1][safepoint    ] Total time for which application threads were stopped: 0.0001199 seconds, Stopping threads took: 0.0000535 seconds
[2019-06-24T10:03:05.918+0000][1][safepoint    ] Application time: 0.0003708 seconds
[2019-06-24T10:03:05.918+0000][1][safepoint    ] Entering safepoint region: RevokeBias
[2019-06-24T10:03:05.918+0000][1][safepoint    ] Leaving safepoint region
[2019-06-24T10:03:05.918+0000][1][safepoint    ] Total time for which application threads were stopped: 0.0001159 seconds, Stopping threads took: 0.0000515 seconds
[2019-06-24T10:03:05.919+0000][1][safepoint    ] Application time: 0.0001427 seconds
[2019-06-24T10:03:05.919+0000][1][safepoint    ] Entering safepoint region: RevokeBias
[2019-06-24T10:03:05.919+0000][1][safepoint    ] Leaving safepoint region
[2019-06-24T10:03:05.919+0000][1][safepoint    ] Total time for which application threads were stopped: 0.0001033 seconds, Stopping threads took: 0.0000571 seconds
[2019-06-24T10:03:05.923+0000][1][safepoint    ] Application time: 0.0039458 seconds
[2019-06-24T10:03:05.923+0000][1][safepoint    ] Entering safepoint region: RevokeBias
[2019-06-24T10:03:05.923+0000][1][safepoint    ] Leaving safepoint region
[2019-06-24T10:03:05.923+0000][1][safepoint    ] Total time for which application threads were stopped: 0.0001454 seconds, Stopping threads took: 0.0000813 seconds
[2019-06-24T10:03:05.925+0000][1][safepoint    ] Application time: 0.0020595 seconds
[2019-06-24T10:03:05.925+0000][1][safepoint    ] Entering safepoint region: RevokeBias
[2019-06-24T10:03:05.925+0000][1][safepoint    ] Leaving safepoint region
[2019-06-24T10:03:05.925+0000][1][safepoint    ] Total time for which application threads were stopped: 0.0001903 seconds, Stopping threads took: 0.0001335 seconds
[2019-06-24T10:03:05.925+0000][1][safepoint    ] Application time: 0.0000879 seconds
[2019-06-24T10:03:05.925+0000][1][safepoint    ] Entering safepoint region: RevokeBias
[2019-06-24T10:03:05.925+0000][1][safepoint    ] Leaving safepoint region
[2019-06-24T10:03:05.925+0000][1][safepoint    ] Total time for which application threads were stopped: 0.0001371 seconds, Stopping threads took: 0.0000821 seconds
[2019-06-24T10:03:05.925+0000][1][safepoint    ] Application time: 0.0001176 seconds
[2019-06-24T10:03:05.926+0000][1][safepoint    ] Entering safepoint region: RevokeBias
[2019-06-24T10:03:05.926+0000][1][safepoint    ] Leaving safepoint region
[2019-06-24T10:03:05.926+0000][1][safepoint    ] Total time for which application threads were stopped: 0.0001495 seconds, Stopping threads took: 0.0000696 seconds
[2019-06-24T10:03:05.926+0000][1][safepoint    ] Application time: 0.0006989 seconds
[2019-06-24T10:03:05.926+0000][1][safepoint    ] Entering safepoint region: RevokeBias
[2019-06-24T10:03:05.927+0000][1][safepoint    ] Leaving safepoint region
[2019-06-24T10:03:05.927+0000][1][safepoint    ] Total time for which application threads were stopped: 0.0001698 seconds, Stopping threads took: 0.0000822 seconds
[2019-06-24T10:03:05.927+0000][1][safepoint    ] Application time: 0.0001852 seconds
[2019-06-24T10:03:05.927+0000][1][safepoint    ] Entering safepoint region: RevokeBias
[2019-06-24T10:03:05.927+0000][1][safepoint    ] Leaving safepoint region
[2019-06-24T10:03:05.927+0000][1][safepoint    ] Total time for which application threads were stopped: 0.0001093 seconds, Stopping threads took: 0.0000559 seconds
[2019-06-24T10:03:05.928+0000][1][safepoint    ] Application time: 0.0008429 seconds
[2019-06-24T10:03:05.928+0000][1][safepoint    ] Entering safepoint region: RevokeBias
[2019-06-24T10:03:05.928+0000][1][safepoint    ] Leaving safepoint region
[2019-06-24T10:03:05.928+0000][1][safepoint    ] Total time for which application threads were stopped: 0.0001568 seconds, Stopping threads took: 0.0000943 seconds
[2019-06-24T10:03:05.928+0000][1][safepoint    ] Application time: 0.0001549 seconds
[2019-06-24T10:03:05.928+0000][1][safepoint    ] Entering safepoint region: RevokeBias
[2019-06-24T10:03:05.928+0000][1][safepoint    ] Leaving safepoint region
[2019-06-24T10:03:05.928+0000][1][safepoint    ] Total time for which application threads were stopped: 0.0001690 seconds, Stopping threads took: 0.0000670 seconds
[2019-06-24T10:03:05.928+0000][1][safepoint    ] Application time: 0.0000858 seconds
[2019-06-24T10:03:05.928+0000][1][safepoint    ] Entering safepoint region: RevokeBias
[2019-06-24T10:03:05.928+0000][1][safepoint    ] Leaving safepoint region
[2019-06-24T10:03:05.928+0000][1][safepoint    ] Total time for which application threads were stopped: 0.0000830 seconds, Stopping threads took: 0.0000255 seconds
[2019-06-24T10:03:05.929+0000][1][safepoint    ] Application time: 0.0001161 seconds
[2019-06-24T10:03:05.929+0000][1][safepoint    ] Entering safepoint region: RevokeBias
[2019-06-24T10:03:05.929+0000][1][safepoint    ] Leaving safepoint region
[2019-06-24T10:03:05.929+0000][1][safepoint    ] Total time for which application threads were stopped: 0.0000660 seconds, Stopping threads took: 0.0000134 seconds
[2019-06-24T10:03:05.929+0000][1][safepoint    ] Application time: 0.0000572 seconds
[2019-06-24T10:03:05.929+0000][1][safepoint    ] Entering safepoint region: RevokeBias
[2019-06-24T10:03:05.929+0000][1][safepoint    ] Leaving safepoint region
[2019-06-24T10:03:05.929+0000][1][safepoint    ] Total time for which application threads were stopped: 0.0000647 seconds, Stopping threads took: 0.0000125 seconds
[2019-06-24T10:03:05.929+0000][1][safepoint    ] Application time: 0.0005452 seconds
[2019-06-24T10:03:05.929+0000][1][safepoint    ] Entering safepoint region: RevokeBias
[2019-06-24T10:03:05.929+0000][1][safepoint    ] Leaving safepoint region
[2019-06-24T10:03:05.929+0000][1][safepoint    ] Total time for which application threads were stopped: 0.0000694 seconds, Stopping threads took: 0.0000135 seconds
[2019-06-24T10:03:05.929+0000][1][safepoint    ] Application time: 0.0000392 seconds
[2019-06-24T10:03:05.929+0000][1][safepoint    ] Entering safepoint region: RevokeBias
[2019-06-24T10:03:05.930+0000][1][safepoint    ] Leaving safepoint region
[2019-06-24T10:03:05.930+0000][1][safepoint    ] Total time for which application threads were stopped: 0.0000603 seconds, Stopping threads took: 0.0000115 seconds
[2019-06-24T10:03:05.933+0000][1][safepoint    ] Application time: 0.0030141 seconds
[2019-06-24T10:03:05.933+0000][1][safepoint    ] Entering safepoint region: RevokeBias
[2019-06-24T10:03:05.933+0000][1][safepoint    ] Leaving safepoint region
[2019-06-24T10:03:05.933+0000][1][safepoint    ] Total time for which application threads were stopped: 0.0000793 seconds, Stopping threads took: 0.0000170 seconds
[2019-06-24T10:03:05.934+0000][1][safepoint    ] Application time: 0.0010351 seconds
[2019-06-24T10:03:05.934+0000][1][safepoint    ] Entering safepoint region: RevokeBias
[2019-06-24T10:03:05.934+0000][1][safepoint    ] Leaving safepoint region
[2019-06-24T10:03:05.934+0000][1][safepoint    ] Total time for which application threads were stopped: 0.0002090 seconds, Stopping threads took: 0.0000760 seconds
[2019-06-24T10:03:05.934+0000][1][safepoint    ] Application time: 0.0003607 seconds
[2019-06-24T10:03:05.934+0000][1][safepoint    ] Entering safepoint region: RevokeBias
[2019-06-24T10:03:05.935+0000][1][safepoint    ] Leaving safepoint region
[2019-06-24T10:03:05.935+0000][1][safepoint    ] Total time for which application threads were stopped: 0.0004877 seconds, Stopping threads took: 0.0000707 seconds
[2019-06-24T10:03:05.939+0000][1][safepoint    ] Application time: 0.0039394 seconds
[2019-06-24T10:03:05.944+0000][1][safepoint    ] Entering safepoint region: RevokeBias
[2019-06-24T10:03:05.944+0000][1][safepoint    ] Leaving safepoint region
[2019-06-24T10:03:05.944+0000][1][safepoint    ] Total time for which application threads were stopped: 0.0054232 seconds, Stopping threads took: 0.0053061 seconds
[2019-06-24T10:03:05.945+0000][1][safepoint    ] Application time: 0.0005669 seconds
[2019-06-24T10:03:05.945+0000][1][safepoint    ] Entering safepoint region: RevokeBias
[2019-06-24T10:03:05.945+0000][1][safepoint    ] Leaving safepoint region
[2019-06-24T10:03:05.945+0000][1][safepoint    ] Total time for which application threads were stopped: 0.0001581 seconds, Stopping threads took: 0.0000795 seconds
[2019-06-24T10:03:05.945+0000][1][safepoint    ] Application time: 0.0001744 seconds
[2019-06-24T10:03:05.945+0000][1][safepoint    ] Entering safepoint region: RevokeBias
[2019-06-24T10:03:05.945+0000][1][safepoint    ] Leaving safepoint region
[2019-06-24T10:03:05.945+0000][1][safepoint    ] Total time for which application threads were stopped: 0.0000963 seconds, Stopping threads took: 0.0000434 seconds
[2019-06-24T10:03:05.945+0000][1][safepoint    ] Application time: 0.0000601 seconds
[2019-06-24T10:03:05.945+0000][1][safepoint    ] Entering safepoint region: RevokeBias
[2019-06-24T10:03:05.946+0000][1][safepoint    ] Leaving safepoint region
[2019-06-24T10:03:05.946+0000][1][safepoint    ] Total time for which application threads were stopped: 0.0001143 seconds, Stopping threads took: 0.0000173 seconds
[2019-06-24T10:03:05.947+0000][1][safepoint    ] Application time: 0.0015323 seconds
[2019-06-24T10:03:05.947+0000][1][safepoint    ] Entering safepoint region: RevokeBias
[2019-06-24T10:03:05.947+0000][1][safepoint    ] Leaving safepoint region
[2019-06-24T10:03:05.947+0000][1][safepoint    ] Total time for which application threads were stopped: 0.0003590 seconds, Stopping threads took: 0.0002977 seconds
[2019-06-24T10:03:05.948+0000][1][safepoint    ] Application time: 0.0001028 seconds
[2019-06-24T10:03:05.948+0000][1][safepoint    ] Entering safepoint region: RevokeBias
[2019-06-24T10:03:05.948+0000][1][safepoint    ] Leaving safepoint region
[2019-06-24T10:03:05.948+0000][1][safepoint    ] Total time for which application threads were stopped: 0.0001059 seconds, Stopping threads took: 0.0000355 seconds
[2019-06-24T10:03:05.951+0000][1][safepoint    ] Application time: 0.0031788 seconds
[2019-06-24T10:03:05.951+0000][1][safepoint    ] Entering safepoint region: RevokeBias
[2019-06-24T10:03:05.951+0000][1][safepoint    ] Leaving safepoint region
[2019-06-24T10:03:05.951+0000][1][safepoint    ] Total time for which application threads were stopped: 0.0001795 seconds, Stopping threads took: 0.0000771 seconds
[2019-06-24T10:03:05.951+0000][1][safepoint    ] Application time: 0.0001291 seconds
[2019-06-24T10:03:05.951+0000][1][safepoint    ] Entering safepoint region: RevokeBias
[2019-06-24T10:03:05.951+0000][1][safepoint    ] Leaving safepoint region
[2019-06-24T10:03:05.951+0000][1][safepoint    ] Total time for which application threads were stopped: 0.0001120 seconds, Stopping threads took: 0.0000274 seconds
[2019-06-24T10:03:05.956+0000][1][safepoint    ] Application time: 0.0041501 seconds
[2019-06-24T10:03:05.956+0000][1][safepoint    ] Entering safepoint region: RevokeBias
[2019-06-24T10:03:05.956+0000][1][safepoint    ] Leaving safepoint region
[2019-06-24T10:03:05.956+0000][1][safepoint    ] Total time for which application threads were stopped: 0.0001617 seconds, Stopping threads took: 0.0000206 seconds
[2019-06-24T10:03:05.956+0000][1][safepoint    ] Application time: 0.0001451 seconds
[2019-06-24T10:03:05.956+0000][1][safepoint    ] Entering safepoint region: RevokeBias
[2019-06-24T10:03:05.956+0000][1][safepoint    ] Leaving safepoint region
[2019-06-24T10:03:05.956+0000][1][safepoint    ] Total time for which application threads were stopped: 0.0001204 seconds, Stopping threads took: 0.0000381 seconds
[2019-06-24T10:03:05.956+0000][1][safepoint    ] Application time: 0.0001558 seconds
[2019-06-24T10:03:05.956+0000][1][safepoint    ] Entering safepoint region: RevokeBias
[2019-06-24T10:03:05.956+0000][1][safepoint    ] Leaving safepoint region
[2019-06-24T10:03:05.956+0000][1][safepoint    ] Total time for which application threads were stopped: 0.0000745 seconds, Stopping threads took: 0.0000143 seconds
[2019-06-24T10:03:05.956+0000][1][safepoint    ] Application time: 0.0000814 seconds
[2019-06-24T10:03:05.956+0000][1][safepoint    ] Entering safepoint region: RevokeBias
[2019-06-24T10:03:05.956+0000][1][safepoint    ] Leaving safepoint region
[2019-06-24T10:03:05.956+0000][1][safepoint    ] Total time for which application threads were stopped: 0.0000697 seconds, Stopping threads took: 0.0000132 seconds
[2019-06-24T10:03:05.960+0000][1][safepoint    ] Application time: 0.0034517 seconds
[2019-06-24T10:03:05.960+0000][1][safepoint    ] Entering safepoint region: RevokeBias
[2019-06-24T10:03:05.960+0000][1][safepoint    ] Leaving safepoint region
[2019-06-24T10:03:05.960+0000][1][safepoint    ] Total time for which application threads were stopped: 0.0000925 seconds, Stopping threads took: 0.0000206 seconds
[2019-06-24T10:03:05.960+0000][1][safepoint    ] Application time: 0.0001438 seconds
[2019-06-24T10:03:05.960+0000][1][safepoint    ] Entering safepoint region: RevokeBias
[2019-06-24T10:03:05.960+0000][1][safepoint    ] Leaving safepoint region
[2019-06-24T10:03:05.960+0000][1][safepoint    ] Total time for which application threads were stopped: 0.0001745 seconds, Stopping threads took: 0.0001180 seconds
[2019-06-24T10:03:05.961+0000][1][safepoint    ] Application time: 0.0001154 seconds
[2019-06-24T10:03:05.961+0000][1][safepoint    ] Entering safepoint region: RevokeBias
[2019-06-24T10:03:05.961+0000][1][safepoint    ] Leaving safepoint region
[2019-06-24T10:03:05.961+0000][1][safepoint    ] Total time for which application threads were stopped: 0.0000778 seconds, Stopping threads took: 0.0000254 seconds
[2019-06-24T10:03:05.961+0000][1][safepoint    ] Application time: 0.0000982 seconds
[2019-06-24T10:03:05.961+0000][1][safepoint    ] Entering safepoint region: RevokeBias
[2019-06-24T10:03:05.961+0000][1][safepoint    ] Leaving safepoint region
[2019-06-24T10:03:05.961+0000][1][safepoint    ] Total time for which application threads were stopped: 0.0001261 seconds, Stopping threads took: 0.0000652 seconds
[2019-06-24T10:03:05.964+0000][1][safepoint    ] Application time: 0.0029574 seconds
[2019-06-24T10:03:05.964+0000][1][safepoint    ] Entering safepoint region: RevokeBias
[2019-06-24T10:03:05.964+0000][1][safepoint    ] Leaving safepoint region
[2019-06-24T10:03:05.964+0000][1][safepoint    ] Total time for which application threads were stopped: 0.0001299 seconds, Stopping threads took: 0.0000236 seconds
[2019-06-24T10:03:05.966+0000][1][safepoint    ] Application time: 0.0016174 seconds
[2019-06-24T10:03:05.966+0000][1][safepoint    ] Entering safepoint region: RevokeBias
[2019-06-24T10:03:05.966+0000][1][safepoint    ] Leaving safepoint region
[2019-06-24T10:03:05.966+0000][1][safepoint    ] Total time for which application threads were stopped: 0.0001856 seconds, Stopping threads took: 0.0001134 seconds
[2019-06-24T10:03:05.967+0000][1][safepoint    ] Application time: 0.0009438 seconds
[2019-06-24T10:03:05.967+0000][1][safepoint    ] Entering safepoint region: RevokeBias
[2019-06-24T10:03:05.967+0000][1][safepoint    ] Leaving safepoint region
[2019-06-24T10:03:05.967+0000][1][safepoint    ] Total time for which application threads were stopped: 0.0001033 seconds, Stopping threads took: 0.0000473 seconds
[2019-06-24T10:03:05.967+0000][1][safepoint    ] Application time: 0.0000957 seconds
[2019-06-24T10:03:05.967+0000][1][safepoint    ] Entering safepoint region: RevokeBias
[2019-06-24T10:03:05.967+0000][1][safepoint    ] Leaving safepoint region
[2019-06-24T10:03:05.967+0000][1][safepoint    ] Total time for which application threads were stopped: 0.0000961 seconds, Stopping threads took: 0.0000449 seconds
[2019-06-24T10:03:05.967+0000][1][safepoint    ] Application time: 0.0001496 seconds
[2019-06-24T10:03:05.967+0000][1][safepoint    ] Entering safepoint region: RevokeBias
[2019-06-24T10:03:05.968+0000][1][safepoint    ] Leaving safepoint region
[2019-06-24T10:03:05.968+0000][1][safepoint    ] Total time for which application threads were stopped: 0.0001627 seconds, Stopping threads took: 0.0000989 seconds
[2019-06-24T10:03:05.968+0000][1][safepoint    ] Application time: 0.0000760 seconds
[2019-06-24T10:03:05.968+0000][1][safepoint    ] Entering safepoint region: RevokeBias
[2019-06-24T10:03:05.968+0000][1][safepoint    ] Leaving safepoint region
[2019-06-24T10:03:05.968+0000][1][safepoint    ] Total time for which application threads were stopped: 0.0001524 seconds, Stopping threads took: 0.0000974 seconds
[2019-06-24T10:03:05.968+0000][1][safepoint    ] Application time: 0.0004202 seconds
[2019-06-24T10:03:05.968+0000][1][safepoint    ] Entering safepoint region: RevokeBias
[2019-06-24T10:03:05.968+0000][1][safepoint    ] Leaving safepoint region
[2019-06-24T10:03:05.968+0000][1][safepoint    ] Total time for which application threads were stopped: 0.0001521 seconds, Stopping threads took: 0.0000629 seconds
[2019-06-24T10:03:05.969+0000][1][safepoint    ] Application time: 0.0005095 seconds
[2019-06-24T10:03:05.969+0000][1][safepoint    ] Entering safepoint region: RevokeBias
[2019-06-24T10:03:05.969+0000][1][safepoint    ] Leaving safepoint region
[2019-06-24T10:03:05.969+0000][1][safepoint    ] Total time for which application threads were stopped: 0.0001680 seconds, Stopping threads took: 0.0000889 seconds
[2019-06-24T10:03:05.969+0000][1][safepoint    ] Application time: 0.0002697 seconds
[2019-06-24T10:03:05.969+0000][1][safepoint    ] Entering safepoint region: RevokeBias
[2019-06-24T10:03:05.969+0000][1][safepoint    ] Leaving safepoint region
[2019-06-24T10:03:05.969+0000][1][safepoint    ] Total time for which application threads were stopped: 0.0000835 seconds, Stopping threads took: 0.0000125 seconds
[2019-06-24T10:03:05.970+0000][1][safepoint    ] Application time: 0.0000762 seconds
[2019-06-24T10:03:05.970+0000][1][safepoint    ] Entering safepoint region: RevokeBias
[2019-06-24T10:03:05.970+0000][1][safepoint    ] Leaving safepoint region
[2019-06-24T10:03:05.970+0000][1][safepoint    ] Total time for which application threads were stopped: 0.0001504 seconds, Stopping threads took: 0.0000892 seconds
[2019-06-24T10:03:05.975+0000][1][safepoint    ] Application time: 0.0050520 seconds
[2019-06-24T10:03:05.975+0000][1][safepoint    ] Entering safepoint region: RevokeBias
[2019-06-24T10:03:05.975+0000][1][safepoint    ] Leaving safepoint region
[2019-06-24T10:03:05.975+0000][1][safepoint    ] Total time for which application threads were stopped: 0.0001035 seconds, Stopping threads took: 0.0000213 seconds
[2019-06-24T10:03:05.975+0000][1][safepoint    ] Application time: 0.0000936 seconds
[2019-06-24T10:03:05.975+0000][1][safepoint    ] Entering safepoint region: RevokeBias
[2019-06-24T10:03:05.975+0000][1][safepoint    ] Leaving safepoint region
[2019-06-24T10:03:05.975+0000][1][safepoint    ] Total time for which application threads were stopped: 0.0000642 seconds, Stopping threads took: 0.0000117 seconds
[2019-06-24T10:03:05.990+0000][1][safepoint    ] Application time: 0.0146179 seconds
[2019-06-24T10:03:05.990+0000][1][safepoint    ] Entering safepoint region: RevokeBias
[2019-06-24T10:03:05.990+0000][1][safepoint    ] Leaving safepoint region
[2019-06-24T10:03:05.990+0000][1][safepoint    ] Total time for which application threads were stopped: 0.0000844 seconds, Stopping threads took: 0.0000339 seconds
[2019-06-24T10:03:06.001+0000][1][safepoint    ] Application time: 0.0116211 seconds
[2019-06-24T10:03:06.002+0000][1][safepoint    ] Entering safepoint region: RevokeBias
[2019-06-24T10:03:06.002+0000][1][safepoint    ] Leaving safepoint region
[2019-06-24T10:03:06.002+0000][1][safepoint    ] Total time for which application threads were stopped: 0.0002420 seconds, Stopping threads took: 0.0001122 seconds
[2019-06-24T10:03:06.004+0000][1][safepoint    ] Application time: 0.0018862 seconds
[2019-06-24T10:03:06.004+0000][1][safepoint    ] Entering safepoint region: RevokeBias
[2019-06-24T10:03:06.004+0000][1][safepoint    ] Leaving safepoint region
[2019-06-24T10:03:06.004+0000][1][safepoint    ] Total time for which application threads were stopped: 0.0000797 seconds, Stopping threads took: 0.0000210 seconds
[2019-06-24T10:03:06.004+0000][1][safepoint    ] Application time: 0.0002576 seconds
[2019-06-24T10:03:06.004+0000][1][safepoint    ] Entering safepoint region: RevokeBias
[2019-06-24T10:03:06.004+0000][1][safepoint    ] Leaving safepoint region
[2019-06-24T10:03:06.004+0000][1][safepoint    ] Total time for which application threads were stopped: 0.0000667 seconds, Stopping threads took: 0.0000142 seconds
[2019-06-24T10:03:06.004+0000][1][safepoint    ] Application time: 0.0000590 seconds
[2019-06-24T10:03:06.004+0000][1][safepoint    ] Entering safepoint region: RevokeBias
[2019-06-24T10:03:06.004+0000][1][safepoint    ] Leaving safepoint region
[2019-06-24T10:03:06.004+0000][1][safepoint    ] Total time for which application threads were stopped: 0.0000597 seconds, Stopping threads took: 0.0000123 seconds
[2019-06-24T10:03:06.004+0000][1][safepoint    ] Application time: 0.0000450 seconds
[2019-06-24T10:03:06.004+0000][1][safepoint    ] Entering safepoint region: RevokeBias
[2019-06-24T10:03:06.004+0000][1][safepoint    ] Leaving safepoint region
[2019-06-24T10:03:06.004+0000][1][safepoint    ] Total time for which application threads were stopped: 0.0000603 seconds, Stopping threads took: 0.0000125 seconds
[2019-06-24T10:03:06.005+0000][1][safepoint    ] Application time: 0.0003073 seconds
[2019-06-24T10:03:06.005+0000][1][safepoint    ] Entering safepoint region: RevokeBias
[2019-06-24T10:03:06.005+0000][1][safepoint    ] Leaving safepoint region
[2019-06-24T10:03:06.005+0000][1][safepoint    ] Total time for which application threads were stopped: 0.0000640 seconds, Stopping threads took: 0.0000133 seconds
[2019-06-24T10:03:06.029+0000][1][safepoint    ] Application time: 0.0244404 seconds
[2019-06-24T10:03:06.029+0000][1][safepoint    ] Entering safepoint region: RevokeBias
[2019-06-24T10:03:06.030+0000][1][safepoint    ] Leaving safepoint region
[2019-06-24T10:03:06.030+0000][1][safepoint    ] Total time for which application threads were stopped: 0.0002849 seconds, Stopping threads took: 0.0000693 seconds
[2019-06-24T10:03:06.030+0000][1][safepoint    ] Application time: 0.0006473 seconds
[2019-06-24T10:03:06.030+0000][1][safepoint    ] Entering safepoint region: RevokeBias
[2019-06-24T10:03:06.030+0000][1][safepoint    ] Leaving safepoint region
[2019-06-24T10:03:06.030+0000][1][safepoint    ] Total time for which application threads were stopped: 0.0001424 seconds, Stopping threads took: 0.0000507 seconds
[2019-06-24T10:03:06.031+0000][1][safepoint    ] Application time: 0.0004059 seconds
[2019-06-24T10:03:06.031+0000][1][safepoint    ] Entering safepoint region: RevokeBias
[2019-06-24T10:03:06.031+0000][1][safepoint    ] Leaving safepoint region
[2019-06-24T10:03:06.031+0000][1][safepoint    ] Total time for which application threads were stopped: 0.0001011 seconds, Stopping threads took: 0.0000479 seconds
[2019-06-24T10:03:06.031+0000][1][safepoint    ] Application time: 0.0000504 seconds
[2019-06-24T10:03:06.031+0000][1][safepoint    ] Entering safepoint region: RevokeBias
[2019-06-24T10:03:06.031+0000][1][safepoint    ] Leaving safepoint region
[2019-06-24T10:03:06.031+0000][1][safepoint    ] Total time for which application threads were stopped: 0.0000667 seconds, Stopping threads took: 0.0000270 seconds
[2019-06-24T10:03:06.036+0000][1][safepoint    ] Application time: 0.0048133 seconds
[2019-06-24T10:03:06.036+0000][1][safepoint    ] Entering safepoint region: RevokeBias
[2019-06-24T10:03:06.036+0000][1][safepoint    ] Leaving safepoint region
[2019-06-24T10:03:06.036+0000][1][safepoint    ] Total time for which application threads were stopped: 0.0001460 seconds, Stopping threads took: 0.0000269 seconds
[2019-06-24T10:03:06.040+0000][1][safepoint    ] Application time: 0.0034650 seconds
[2019-06-24T10:03:06.040+0000][1][safepoint    ] Entering safepoint region: RevokeBias
[2019-06-24T10:03:06.040+0000][1][safepoint    ] Leaving safepoint region
[2019-06-24T10:03:06.040+0000][1][safepoint    ] Total time for which application threads were stopped: 0.0002496 seconds, Stopping threads took: 0.0001509 seconds
[2019-06-24T10:03:06.040+0000][1][safepoint    ] Application time: 0.0003190 seconds
[2019-06-24T10:03:06.040+0000][1][safepoint    ] Entering safepoint region: RevokeBias
[2019-06-24T10:03:06.040+0000][1][safepoint    ] Leaving safepoint region
[2019-06-24T10:03:06.040+0000][1][safepoint    ] Total time for which application threads were stopped: 0.0001764 seconds, Stopping threads took: 0.0000906 seconds
[2019-06-24T10:03:06.043+0000][1][safepoint    ] Application time: 0.0024237 seconds
[2019-06-24T10:03:06.043+0000][1][safepoint    ] Entering safepoint region: RevokeBias
[2019-06-24T10:03:06.043+0000][1][safepoint    ] Leaving safepoint region
[2019-06-24T10:03:06.043+0000][1][safepoint    ] Total time for which application threads were stopped: 0.0001492 seconds, Stopping threads took: 0.0000921 seconds
[2019-06-24T10:03:06.043+0000][1][safepoint    ] Application time: 0.0001460 seconds
[2019-06-24T10:03:06.043+0000][1][safepoint    ] Entering safepoint region: RevokeBias
[2019-06-24T10:03:06.043+0000][1][safepoint    ] Leaving safepoint region
[2019-06-24T10:03:06.043+0000][1][safepoint    ] Total time for which application threads were stopped: 0.0001345 seconds, Stopping threads took: 0.0000474 seconds
[2019-06-24T10:03:06.044+0000][1][safepoint    ] Application time: 0.0001556 seconds
[2019-06-24T10:03:06.044+0000][1][safepoint    ] Entering safepoint region: RevokeBias
[2019-06-24T10:03:06.044+0000][1][safepoint    ] Leaving safepoint region
[2019-06-24T10:03:06.044+0000][1][safepoint    ] Total time for which application threads were stopped: 0.0001637 seconds, Stopping threads took: 0.0000637 seconds
[2019-06-24T10:03:06.044+0000][1][safepoint    ] Application time: 0.0000830 seconds
[2019-06-24T10:03:06.044+0000][1][safepoint    ] Entering safepoint region: RevokeBias
[2019-06-24T10:03:06.044+0000][1][safepoint    ] Leaving safepoint region
[2019-06-24T10:03:06.044+0000][1][safepoint    ] Total time for which application threads were stopped: 0.0001594 seconds, Stopping threads took: 0.0001192 seconds
[2019-06-24T10:03:06.044+0000][1][safepoint    ] Application time: 0.0001169 seconds
[2019-06-24T10:03:06.044+0000][1][safepoint    ] Entering safepoint region: RevokeBias
[2019-06-24T10:03:06.044+0000][1][safepoint    ] Leaving safepoint region
[2019-06-24T10:03:06.044+0000][1][safepoint    ] Total time for which application threads were stopped: 0.0001001 seconds, Stopping threads took: 0.0000470 seconds
[2019-06-24T10:03:06.045+0000][1][safepoint    ] Application time: 0.0010182 seconds
[2019-06-24T10:03:06.045+0000][1][safepoint    ] Entering safepoint region: RevokeBias
[2019-06-24T10:03:06.045+0000][1][safepoint    ] Leaving safepoint region
[2019-06-24T10:03:06.045+0000][1][safepoint    ] Total time for which application threads were stopped: 0.0001536 seconds, Stopping threads took: 0.0001049 seconds
[2019-06-24T10:03:06.047+0000][1][safepoint    ] Application time: 0.0013923 seconds
[2019-06-24T10:03:06.047+0000][1][safepoint    ] Entering safepoint region: RevokeBias
[2019-06-24T10:03:06.047+0000][1][safepoint    ] Leaving safepoint region
[2019-06-24T10:03:06.047+0000][1][safepoint    ] Total time for which application threads were stopped: 0.0002508 seconds, Stopping threads took: 0.0001139 seconds
[2019-06-24T10:03:06.048+0000][1][safepoint    ] Application time: 0.0004251 seconds
[2019-06-24T10:03:06.048+0000][1][safepoint    ] Entering safepoint region: RevokeBias
[2019-06-24T10:03:06.048+0000][1][safepoint    ] Leaving safepoint region
[2019-06-24T10:03:06.048+0000][1][safepoint    ] Total time for which application threads were stopped: 0.0001543 seconds, Stopping threads took: 0.0001043 seconds
[2019-06-24T10:03:06.048+0000][1][safepoint    ] Application time: 0.0003373 seconds
[2019-06-24T10:03:06.048+0000][1][safepoint    ] Entering safepoint region: RevokeBias
[2019-06-24T10:03:06.048+0000][1][safepoint    ] Leaving safepoint region
[2019-06-24T10:03:06.048+0000][1][safepoint    ] Total time for which application threads were stopped: 0.0002081 seconds, Stopping threads took: 0.0000960 seconds
[2019-06-24T10:03:06.048+0000][1][safepoint    ] Application time: 0.0001100 seconds
[2019-06-24T10:03:06.048+0000][1][safepoint    ] Entering safepoint region: RevokeBias
[2019-06-24T10:03:06.049+0000][1][safepoint    ] Leaving safepoint region
[2019-06-24T10:03:06.049+0000][1][safepoint    ] Total time for which application threads were stopped: 0.0001147 seconds, Stopping threads took: 0.0000544 seconds
[2019-06-24T10:03:06.049+0000][1][safepoint    ] Application time: 0.0001001 seconds
[2019-06-24T10:03:06.049+0000][1][safepoint    ] Entering safepoint region: RevokeBias
[2019-06-24T10:03:06.049+0000][1][safepoint    ] Leaving safepoint region
[2019-06-24T10:03:06.049+0000][1][safepoint    ] Total time for which application threads were stopped: 0.0001292 seconds, Stopping threads took: 0.0000672 seconds
[2019-06-24T10:03:06.049+0000][1][safepoint    ] Application time: 0.0003642 seconds
[2019-06-24T10:03:06.050+0000][1][safepoint    ] Entering safepoint region: RevokeBias
[2019-06-24T10:03:06.050+0000][1][safepoint    ] Leaving safepoint region
[2019-06-24T10:03:06.050+0000][1][safepoint    ] Total time for which application threads were stopped: 0.0006596 seconds, Stopping threads took: 0.0005516 seconds
[2019-06-24T10:03:06.050+0000][1][safepoint    ] Application time: 0.0001920 seconds
[2019-06-24T10:03:06.050+0000][1][safepoint    ] Entering safepoint region: RevokeBias
[2019-06-24T10:03:06.050+0000][1][safepoint    ] Leaving safepoint region
[2019-06-24T10:03:06.050+0000][1][safepoint    ] Total time for which application threads were stopped: 0.0001862 seconds, Stopping threads took: 0.0001127 seconds
[2019-06-24T10:03:06.053+0000][1][safepoint    ] Application time: 0.0027458 seconds
[2019-06-24T10:03:06.053+0000][1][safepoint    ] Entering safepoint region: RevokeBias
[2019-06-24T10:03:06.053+0000][1][safepoint    ] Leaving safepoint region
[2019-06-24T10:03:06.053+0000][1][safepoint    ] Total time for which application threads were stopped: 0.0001976 seconds, Stopping threads took: 0.0000855 seconds
[2019-06-24T10:03:06.054+0000][1][safepoint    ] Application time: 0.0003758 seconds
[2019-06-24T10:03:06.054+0000][1][safepoint    ] Entering safepoint region: RevokeBias
[2019-06-24T10:03:06.054+0000][1][safepoint    ] Leaving safepoint region
[2019-06-24T10:03:06.054+0000][1][safepoint    ] Total time for which application threads were stopped: 0.0001898 seconds, Stopping threads took: 0.0001078 seconds
[2019-06-24T10:03:06.054+0000][1][safepoint    ] Application time: 0.0001568 seconds
[2019-06-24T10:03:06.057+0000][1][safepoint    ] Entering safepoint region: RevokeBias
[2019-06-24T10:03:06.057+0000][1][safepoint    ] Leaving safepoint region
[2019-06-24T10:03:06.057+0000][1][safepoint    ] Total time for which application threads were stopped: 0.0028815 seconds, Stopping threads took: 0.0028112 seconds
[2019-06-24T10:03:06.057+0000][1][safepoint    ] Application time: 0.0001135 seconds
[2019-06-24T10:03:06.057+0000][1][safepoint    ] Entering safepoint region: RevokeBias
[2019-06-24T10:03:06.057+0000][1][safepoint    ] Leaving safepoint region
[2019-06-24T10:03:06.057+0000][1][safepoint    ] Total time for which application threads were stopped: 0.0001717 seconds, Stopping threads took: 0.0001223 seconds
[2019-06-24T10:03:06.057+0000][1][safepoint    ] Application time: 0.0000770 seconds
[2019-06-24T10:03:06.057+0000][1][safepoint    ] Entering safepoint region: RevokeBias
[2019-06-24T10:03:06.057+0000][1][safepoint    ] Leaving safepoint region
[2019-06-24T10:03:06.057+0000][1][safepoint    ] Total time for which application threads were stopped: 0.0001060 seconds, Stopping threads took: 0.0000405 seconds
[2019-06-24T10:03:06.058+0000][1][safepoint    ] Application time: 0.0003488 seconds
[2019-06-24T10:03:06.058+0000][1][safepoint    ] Entering safepoint region: RevokeBias
[2019-06-24T10:03:06.058+0000][1][safepoint    ] Leaving safepoint region
[2019-06-24T10:03:06.058+0000][1][safepoint    ] Total time for which application threads were stopped: 0.0000827 seconds, Stopping threads took: 0.0000126 seconds
[2019-06-24T10:03:06.058+0000][1][safepoint    ] Application time: 0.0004943 seconds
[2019-06-24T10:03:06.059+0000][1][safepoint    ] Entering safepoint region: RevokeBias
[2019-06-24T10:03:06.059+0000][1][safepoint    ] Leaving safepoint region
[2019-06-24T10:03:06.059+0000][1][safepoint    ] Total time for which application threads were stopped: 0.0006834 seconds, Stopping threads took: 0.0005827 seconds
[2019-06-24T10:03:06.059+0000][1][safepoint    ] Application time: 0.0000936 seconds
[2019-06-24T10:03:06.059+0000][1][safepoint    ] Entering safepoint region: RevokeBias
[2019-06-24T10:03:06.059+0000][1][safepoint    ] Leaving safepoint region
[2019-06-24T10:03:06.059+0000][1][safepoint    ] Total time for which application threads were stopped: 0.0001067 seconds, Stopping threads took: 0.0000486 seconds
[2019-06-24T10:03:06.059+0000][1][safepoint    ] Application time: 0.0000639 seconds
[2019-06-24T10:03:06.059+0000][1][safepoint    ] Entering safepoint region: RevokeBias
[2019-06-24T10:03:06.060+0000][1][safepoint    ] Leaving safepoint region
[2019-06-24T10:03:06.060+0000][1][safepoint    ] Total time for which application threads were stopped: 0.0001254 seconds, Stopping threads took: 0.0000443 seconds
[2019-06-24T10:03:06.060+0000][1][safepoint    ] Application time: 0.0000865 seconds
[2019-06-24T10:03:06.060+0000][1][safepoint    ] Entering safepoint region: RevokeBias
[2019-06-24T10:03:06.060+0000][1][safepoint    ] Leaving safepoint region
[2019-06-24T10:03:06.060+0000][1][safepoint    ] Total time for which application threads were stopped: 0.0001800 seconds, Stopping threads took: 0.0000976 seconds
[2019-06-24T10:03:06.060+0000][1][safepoint    ] Application time: 0.0002988 seconds
[2019-06-24T10:03:06.060+0000][1][safepoint    ] Entering safepoint region: RevokeBias
[2019-06-24T10:03:06.060+0000][1][safepoint    ] Leaving safepoint region
[2019-06-24T10:03:06.060+0000][1][safepoint    ] Total time for which application threads were stopped: 0.0001644 seconds, Stopping threads took: 0.0000855 seconds
[2019-06-24T10:03:06.061+0000][1][safepoint    ] Application time: 0.0003847 seconds
[2019-06-24T10:03:06.061+0000][1][safepoint    ] Entering safepoint region: RevokeBias
[2019-06-24T10:03:06.061+0000][1][safepoint    ] Leaving safepoint region
[2019-06-24T10:03:06.061+0000][1][safepoint    ] Total time for which application threads were stopped: 0.0001588 seconds, Stopping threads took: 0.0000517 seconds
[2019-06-24T10:03:06.062+0000][1][safepoint    ] Application time: 0.0006853 seconds
[2019-06-24T10:03:06.062+0000][1][safepoint    ] Entering safepoint region: RevokeBias
[2019-06-24T10:03:06.062+0000][1][safepoint    ] Leaving safepoint region
[2019-06-24T10:03:06.062+0000][1][safepoint    ] Total time for which application threads were stopped: 0.0003769 seconds, Stopping threads took: 0.0002945 seconds
[2019-06-24T10:03:06.062+0000][1][safepoint    ] Application time: 0.0001620 seconds
[2019-06-24T10:03:06.062+0000][1][safepoint    ] Entering safepoint region: RevokeBias
[2019-06-24T10:03:06.062+0000][1][safepoint    ] Leaving safepoint region
[2019-06-24T10:03:06.062+0000][1][safepoint    ] Total time for which application threads were stopped: 0.0001357 seconds, Stopping threads took: 0.0000719 seconds
[2019-06-24T10:03:06.063+0000][1][safepoint    ] Application time: 0.0004560 seconds
[2019-06-24T10:03:06.063+0000][1][safepoint    ] Entering safepoint region: RevokeBias
[2019-06-24T10:03:06.063+0000][1][safepoint    ] Leaving safepoint region
[2019-06-24T10:03:06.063+0000][1][safepoint    ] Total time for which application threads were stopped: 0.0000823 seconds, Stopping threads took: 0.0000220 seconds
[2019-06-24T10:03:06.063+0000][1][safepoint    ] Application time: 0.0003528 seconds
[2019-06-24T10:03:06.063+0000][1][safepoint    ] Entering safepoint region: RevokeBias
[2019-06-24T10:03:06.063+0000][1][safepoint    ] Leaving safepoint region
[2019-06-24T10:03:06.063+0000][1][safepoint    ] Total time for which application threads were stopped: 0.0001468 seconds, Stopping threads took: 0.0000705 seconds
[2019-06-24T10:03:06.064+0000][1][safepoint    ] Application time: 0.0004397 seconds
[2019-06-24T10:03:06.067+0000][1][safepoint    ] Entering safepoint region: RevokeBias
[2019-06-24T10:03:06.067+0000][1][safepoint    ] Leaving safepoint region
[2019-06-24T10:03:06.067+0000][1][safepoint    ] Total time for which application threads were stopped: 0.0027287 seconds, Stopping threads took: 0.0026266 seconds
[2019-06-24T10:03:06.067+0000][1][safepoint    ] Application time: 0.0006871 seconds
[2019-06-24T10:03:06.067+0000][1][safepoint    ] Entering safepoint region: BulkRevokeBias
[2019-06-24T10:03:06.068+0000][1][safepoint    ] Leaving safepoint region
[2019-06-24T10:03:06.068+0000][1][safepoint    ] Total time for which application threads were stopped: 0.0003345 seconds, Stopping threads took: 0.0000153 seconds
[2019-06-24T10:03:06.068+0000][1][safepoint    ] Application time: 0.0005556 seconds
[2019-06-24T10:03:06.068+0000][1][safepoint    ] Entering safepoint region: RevokeBias
[2019-06-24T10:03:06.068+0000][1][safepoint    ] Leaving safepoint region
[2019-06-24T10:03:06.068+0000][1][safepoint    ] Total time for which application threads were stopped: 0.0000766 seconds, Stopping threads took: 0.0000157 seconds
[2019-06-24T10:03:06.070+0000][1][safepoint    ] Application time: 0.0014360 seconds
[2019-06-24T10:03:06.070+0000][1][safepoint    ] Entering safepoint region: RevokeBias
[2019-06-24T10:03:06.070+0000][1][safepoint    ] Leaving safepoint region
[2019-06-24T10:03:06.070+0000][1][safepoint    ] Total time for which application threads were stopped: 0.0001586 seconds, Stopping threads took: 0.0000306 seconds
[2019-06-24T10:03:06.071+0000][1][safepoint    ] Application time: 0.0005776 seconds
[2019-06-24T10:03:06.071+0000][1][safepoint    ] Entering safepoint region: RevokeBias
[2019-06-24T10:03:06.071+0000][1][safepoint    ] Leaving safepoint region
[2019-06-24T10:03:06.071+0000][1][safepoint    ] Total time for which application threads were stopped: 0.0001098 seconds, Stopping threads took: 0.0000239 seconds
[2019-06-24T10:03:06.074+0000][1][safepoint    ] Application time: 0.0034904 seconds
[2019-06-24T10:03:06.074+0000][1][safepoint    ] Entering safepoint region: RevokeBias
[2019-06-24T10:03:06.074+0000][1][safepoint    ] Leaving safepoint region
[2019-06-24T10:03:06.074+0000][1][safepoint    ] Total time for which application threads were stopped: 0.0001300 seconds, Stopping threads took: 0.0000392 seconds
[2019-06-24T10:03:06.075+0000][1][safepoint    ] Application time: 0.0006396 seconds
[2019-06-24T10:03:06.075+0000][1][safepoint    ] Entering safepoint region: RevokeBias
[2019-06-24T10:03:06.075+0000][1][safepoint    ] Leaving safepoint region
[2019-06-24T10:03:06.075+0000][1][safepoint    ] Total time for which application threads were stopped: 0.0000769 seconds, Stopping threads took: 0.0000205 seconds
[2019-06-24T10:03:06.079+0000][1][safepoint    ] Application time: 0.0041688 seconds
[2019-06-24T10:03:06.079+0000][1][safepoint    ] Entering safepoint region: RevokeBias
[2019-06-24T10:03:06.080+0000][1][safepoint    ] Leaving safepoint region
[2019-06-24T10:03:06.080+0000][1][safepoint    ] Total time for which application threads were stopped: 0.0000917 seconds, Stopping threads took: 0.0000246 seconds
[2019-06-24T10:03:06.083+0000][1][safepoint    ] Application time: 0.0037060 seconds
[2019-06-24T10:03:06.083+0000][1][safepoint    ] Entering safepoint region: RevokeBias
[2019-06-24T10:03:06.083+0000][1][safepoint    ] Leaving safepoint region
[2019-06-24T10:03:06.084+0000][1][safepoint    ] Total time for which application threads were stopped: 0.0005862 seconds, Stopping threads took: 0.0000479 seconds
[2019-06-24T10:03:06.085+0000][1][safepoint    ] Application time: 0.0009072 seconds
[2019-06-24T10:03:06.085+0000][1][safepoint    ] Entering safepoint region: RevokeBias
[2019-06-24T10:03:06.085+0000][1][safepoint    ] Leaving safepoint region
[2019-06-24T10:03:06.085+0000][1][safepoint    ] Total time for which application threads were stopped: 0.0001520 seconds, Stopping threads took: 0.0000766 seconds
[2019-06-24T10:03:06.085+0000][1][safepoint    ] Application time: 0.0004359 seconds
[2019-06-24T10:03:06.086+0000][1][safepoint    ] Entering safepoint region: BulkRevokeBias
[2019-06-24T10:03:06.086+0000][1][safepoint    ] Leaving safepoint region
[2019-06-24T10:03:06.086+0000][1][safepoint    ] Total time for which application threads were stopped: 0.0003869 seconds, Stopping threads took: 0.0000646 seconds
[2019-06-24T10:03:06.090+0000][1][safepoint    ] Application time: 0.0043682 seconds
[2019-06-24T10:03:06.090+0000][1][safepoint    ] Entering safepoint region: RevokeBias
[2019-06-24T10:03:06.090+0000][1][safepoint    ] Leaving safepoint region
[2019-06-24T10:03:06.090+0000][1][safepoint    ] Total time for which application threads were stopped: 0.0001446 seconds, Stopping threads took: 0.0000531 seconds
[2019-06-24T10:03:06.091+0000][1][safepoint    ] Application time: 0.0009102 seconds
[2019-06-24T10:03:06.092+0000][1][safepoint    ] Entering safepoint region: RevokeBias
[2019-06-24T10:03:06.092+0000][1][safepoint    ] Leaving safepoint region
[2019-06-24T10:03:06.092+0000][1][safepoint    ] Total time for which application threads were stopped: 0.0001668 seconds, Stopping threads took: 0.0000776 seconds
[2019-06-24T10:03:06.092+0000][1][safepoint    ] Application time: 0.0007901 seconds
[2019-06-24T10:03:06.092+0000][1][safepoint    ] Entering safepoint region: RevokeBias
[2019-06-24T10:03:06.093+0000][1][safepoint    ] Leaving safepoint region
[2019-06-24T10:03:06.093+0000][1][safepoint    ] Total time for which application threads were stopped: 0.0001020 seconds, Stopping threads took: 0.0000228 seconds
[2019-06-24T10:03:06.096+0000][1][safepoint    ] Application time: 0.0029682 seconds
[2019-06-24T10:03:06.096+0000][1][safepoint    ] Entering safepoint region: RevokeBias
[2019-06-24T10:03:06.096+0000][1][safepoint    ] Leaving safepoint region
[2019-06-24T10:03:06.096+0000][1][safepoint    ] Total time for which application threads were stopped: 0.0001752 seconds, Stopping threads took: 0.0000750 seconds
[2019-06-24T10:03:06.132+0000][1][safepoint    ] Application time: 0.0362808 seconds
[2019-06-24T10:03:06.132+0000][1][safepoint    ] Entering safepoint region: RevokeBias
[2019-06-24T10:03:06.132+0000][1][safepoint    ] Leaving safepoint region
[2019-06-24T10:03:06.132+0000][1][safepoint    ] Total time for which application threads were stopped: 0.0000977 seconds, Stopping threads took: 0.0000262 seconds
[2019-06-24T10:03:06.144+0000][1][safepoint    ] Application time: 0.0115295 seconds
[2019-06-24T10:03:06.144+0000][1][safepoint    ] Entering safepoint region: RevokeBias
[2019-06-24T10:03:06.144+0000][1][safepoint    ] Leaving safepoint region
[2019-06-24T10:03:06.144+0000][1][safepoint    ] Total time for which application threads were stopped: 0.0000856 seconds, Stopping threads took: 0.0000173 seconds
[2019-06-24T10:03:06.144+0000][1][safepoint    ] Application time: 0.0000915 seconds
[2019-06-24T10:03:06.144+0000][1][safepoint    ] Entering safepoint region: RevokeBias
[2019-06-24T10:03:06.144+0000][1][safepoint    ] Leaving safepoint region
[2019-06-24T10:03:06.144+0000][1][safepoint    ] Total time for which application threads were stopped: 0.0000535 seconds, Stopping threads took: 0.0000114 seconds
[2019-06-24T10:03:06.151+0000][1][safepoint    ] Application time: 0.0069995 seconds
[2019-06-24T10:03:06.151+0000][1][safepoint    ] Entering safepoint region: RevokeBias
[2019-06-24T10:03:06.151+0000][1][safepoint    ] Leaving safepoint region
[2019-06-24T10:03:06.151+0000][1][safepoint    ] Total time for which application threads were stopped: 0.0000761 seconds, Stopping threads took: 0.0000160 seconds
[2019-06-24T10:03:06.151+0000][1][safepoint    ] Application time: 0.0000400 seconds
[2019-06-24T10:03:06.151+0000][1][safepoint    ] Entering safepoint region: RevokeBias
[2019-06-24T10:03:06.151+0000][1][safepoint    ] Leaving safepoint region
[2019-06-24T10:03:06.151+0000][1][safepoint    ] Total time for which application threads were stopped: 0.0000439 seconds, Stopping threads took: 0.0000100 seconds
[2019-06-24T10:03:06.151+0000][1][safepoint    ] Application time: 0.0001835 seconds
[2019-06-24T10:03:06.151+0000][1][safepoint    ] Entering safepoint region: RevokeBias
[2019-06-24T10:03:06.151+0000][1][safepoint    ] Leaving safepoint region
[2019-06-24T10:03:06.151+0000][1][safepoint    ] Total time for which application threads were stopped: 0.0000467 seconds, Stopping threads took: 0.0000099 seconds
[2019-06-24T10:03:06.152+0000][1][safepoint    ] Application time: 0.0000367 seconds
[2019-06-24T10:03:06.152+0000][1][safepoint    ] Entering safepoint region: RevokeBias
[2019-06-24T10:03:06.152+0000][1][safepoint    ] Leaving safepoint region
[2019-06-24T10:03:06.152+0000][1][safepoint    ] Total time for which application threads were stopped: 0.0000434 seconds, Stopping threads took: 0.0000095 seconds
[2019-06-24T10:03:06.152+0000][1][safepoint    ] Application time: 0.0000342 seconds
[2019-06-24T10:03:06.152+0000][1][safepoint    ] Entering safepoint region: RevokeBias
[2019-06-24T10:03:06.152+0000][1][safepoint    ] Leaving safepoint region
[2019-06-24T10:03:06.152+0000][1][safepoint    ] Total time for which application threads were stopped: 0.0000427 seconds, Stopping threads took: 0.0000093 seconds
[2019-06-24T10:03:06.152+0000][1][safepoint    ] Application time: 0.0000352 seconds
[2019-06-24T10:03:06.152+0000][1][safepoint    ] Entering safepoint region: RevokeBias
[2019-06-24T10:03:06.152+0000][1][safepoint    ] Leaving safepoint region
[2019-06-24T10:03:06.152+0000][1][safepoint    ] Total time for which application threads were stopped: 0.0000422 seconds, Stopping threads took: 0.0000093 seconds
[2019-06-24T10:03:06.152+0000][1][safepoint    ] Application time: 0.0000342 seconds
[2019-06-24T10:03:06.152+0000][1][safepoint    ] Entering safepoint region: RevokeBias
[2019-06-24T10:03:06.152+0000][1][safepoint    ] Leaving safepoint region
[2019-06-24T10:03:06.152+0000][1][safepoint    ] Total time for which application threads were stopped: 0.0000422 seconds, Stopping threads took: 0.0000092 seconds
[2019-06-24T10:03:06.152+0000][1][safepoint    ] Application time: 0.0000321 seconds
[2019-06-24T10:03:06.152+0000][1][safepoint    ] Entering safepoint region: RevokeBias
[2019-06-24T10:03:06.152+0000][1][safepoint    ] Leaving safepoint region
[2019-06-24T10:03:06.152+0000][1][safepoint    ] Total time for which application threads were stopped: 0.0000432 seconds, Stopping threads took: 0.0000093 seconds
[2019-06-24T10:03:06.183+0000][1][safepoint    ] Application time: 0.0314243 seconds
[2019-06-24T10:03:06.183+0000][1][safepoint    ] Entering safepoint region: RevokeBias
[2019-06-24T10:03:06.184+0000][1][safepoint    ] Leaving safepoint region
[2019-06-24T10:03:06.184+0000][1][safepoint    ] Total time for which application threads were stopped: 0.0001641 seconds, Stopping threads took: 0.0000417 seconds
[2019-06-24T10:03:06.191+0000][1][safepoint    ] Application time: 0.0071904 seconds
[2019-06-24T10:03:06.191+0000][1][safepoint    ] Entering safepoint region: RevokeBias
[2019-06-24T10:03:06.191+0000][1][safepoint    ] Leaving safepoint region
[2019-06-24T10:03:06.191+0000][1][safepoint    ] Total time for which application threads were stopped: 0.0001327 seconds, Stopping threads took: 0.0000577 seconds
[2019-06-24T10:03:06.192+0000][1][safepoint    ] Application time: 0.0006344 seconds
[2019-06-24T10:03:06.192+0000][1][safepoint    ] Entering safepoint region: BulkRevokeBias
[2019-06-24T10:03:06.192+0000][1][safepoint    ] Leaving safepoint region
[2019-06-24T10:03:06.192+0000][1][safepoint    ] Total time for which application threads were stopped: 0.0006111 seconds, Stopping threads took: 0.0002026 seconds
[2019-06-24T10:03:06.193+0000][1][safepoint    ] Application time: 0.0008980 seconds
[2019-06-24T10:03:06.193+0000][1][safepoint    ] Entering safepoint region: RevokeBias
[2019-06-24T10:03:06.193+0000][1][safepoint    ] Leaving safepoint region
[2019-06-24T10:03:06.193+0000][1][safepoint    ] Total time for which application threads were stopped: 0.0002495 seconds, Stopping threads took: 0.0001708 seconds
[2019-06-24T10:03:06.196+0000][1][safepoint    ] Application time: 0.0028248 seconds
[2019-06-24T10:03:06.197+0000][1][safepoint    ] Entering safepoint region: RevokeBias
[2019-06-24T10:03:06.197+0000][1][safepoint    ] Leaving safepoint region
[2019-06-24T10:03:06.197+0000][1][safepoint    ] Total time for which application threads were stopped: 0.0007865 seconds, Stopping threads took: 0.0006866 seconds
[2019-06-24T10:03:06.198+0000][1][safepoint    ] Application time: 0.0004543 seconds
[2019-06-24T10:03:06.198+0000][1][safepoint    ] Entering safepoint region: RevokeBias
[2019-06-24T10:03:06.198+0000][1][safepoint    ] Leaving safepoint region
[2019-06-24T10:03:06.198+0000][1][safepoint    ] Total time for which application threads were stopped: 0.0006086 seconds, Stopping threads took: 0.0005109 seconds
[2019-06-24T10:03:06.200+0000][1][safepoint    ] Application time: 0.0013404 seconds
[2019-06-24T10:03:06.200+0000][1][safepoint    ] Entering safepoint region: RevokeBias
[2019-06-24T10:03:06.200+0000][1][safepoint    ] Leaving safepoint region
[2019-06-24T10:03:06.200+0000][1][safepoint    ] Total time for which application threads were stopped: 0.0003257 seconds, Stopping threads took: 0.0001291 seconds
[2019-06-24T10:03:06.201+0000][1][safepoint    ] Application time: 0.0006397 seconds
[2019-06-24T10:03:06.201+0000][1][safepoint    ] Entering safepoint region: RevokeBias
[2019-06-24T10:03:06.201+0000][1][safepoint    ] Leaving safepoint region
[2019-06-24T10:03:06.201+0000][1][safepoint    ] Total time for which application threads were stopped: 0.0001803 seconds, Stopping threads took: 0.0000809 seconds
[2019-06-24T10:03:06.201+0000][1][safepoint    ] Application time: 0.0001630 seconds
[2019-06-24T10:03:06.201+0000][1][safepoint    ] Entering safepoint region: RevokeBias
[2019-06-24T10:03:06.201+0000][1][safepoint    ] Leaving safepoint region
[2019-06-24T10:03:06.201+0000][1][safepoint    ] Total time for which application threads were stopped: 0.0001940 seconds, Stopping threads took: 0.0001162 seconds
[2019-06-24T10:03:06.202+0000][1][safepoint    ] Application time: 0.0003527 seconds
[2019-06-24T10:03:06.202+0000][1][safepoint    ] Entering safepoint region: BulkRevokeBias
[2019-06-24T10:03:06.202+0000][1][safepoint    ] Leaving safepoint region
[2019-06-24T10:03:06.202+0000][1][safepoint    ] Total time for which application threads were stopped: 0.0003463 seconds, Stopping threads took: 0.0000905 seconds
[2019-06-24T10:03:06.202+0000][1][safepoint    ] Application time: 0.0004278 seconds
[2019-06-24T10:03:06.202+0000][1][safepoint    ] Entering safepoint region: RevokeBias
[2019-06-24T10:03:06.203+0000][1][safepoint    ] Leaving safepoint region
[2019-06-24T10:03:06.203+0000][1][safepoint    ] Total time for which application threads were stopped: 0.0001341 seconds, Stopping threads took: 0.0000448 seconds
[2019-06-24T10:03:06.204+0000][1][safepoint    ] Application time: 0.0018225 seconds
[2019-06-24T10:03:06.204+0000][1][safepoint    ] Entering safepoint region: RevokeBias
[2019-06-24T10:03:06.205+0000][1][safepoint    ] Leaving safepoint region
[2019-06-24T10:03:06.205+0000][1][safepoint    ] Total time for which application threads were stopped: 0.0002099 seconds, Stopping threads took: 0.0001073 seconds
[2019-06-24T10:03:06.205+0000][1][safepoint    ] Application time: 0.0007732 seconds
[2019-06-24T10:03:06.205+0000][1][safepoint    ] Entering safepoint region: RevokeBias
[2019-06-24T10:03:06.206+0000][1][safepoint    ] Leaving safepoint region
[2019-06-24T10:03:06.206+0000][1][safepoint    ] Total time for which application threads were stopped: 0.0001420 seconds, Stopping threads took: 0.0000632 seconds
[2019-06-24T10:03:06.206+0000][1][safepoint    ] Application time: 0.0005588 seconds
[2019-06-24T10:03:06.206+0000][1][safepoint    ] Entering safepoint region: RevokeBias
[2019-06-24T10:03:06.206+0000][1][safepoint    ] Leaving safepoint region
[2019-06-24T10:03:06.206+0000][1][safepoint    ] Total time for which application threads were stopped: 0.0001591 seconds, Stopping threads took: 0.0000739 seconds
[2019-06-24T10:03:06.207+0000][1][safepoint    ] Application time: 0.0005410 seconds
[2019-06-24T10:03:06.207+0000][1][safepoint    ] Entering safepoint region: RevokeBias
[2019-06-24T10:03:06.207+0000][1][safepoint    ] Leaving safepoint region
[2019-06-24T10:03:06.207+0000][1][safepoint    ] Total time for which application threads were stopped: 0.0002152 seconds, Stopping threads took: 0.0001170 seconds
[2019-06-24T10:03:06.207+0000][1][safepoint    ] Application time: 0.0002691 seconds
[2019-06-24T10:03:06.207+0000][1][safepoint    ] Entering safepoint region: RevokeBias
[2019-06-24T10:03:06.208+0000][1][safepoint    ] Leaving safepoint region
[2019-06-24T10:03:06.208+0000][1][safepoint    ] Total time for which application threads were stopped: 0.0001723 seconds, Stopping threads took: 0.0001009 seconds
[2019-06-24T10:03:06.208+0000][1][safepoint    ] Application time: 0.0008951 seconds
[2019-06-24T10:03:06.209+0000][1][safepoint    ] Entering safepoint region: RevokeBias
[2019-06-24T10:03:06.209+0000][1][safepoint    ] Leaving safepoint region
[2019-06-24T10:03:06.209+0000][1][safepoint    ] Total time for which application threads were stopped: 0.0001299 seconds, Stopping threads took: 0.0000479 seconds
[2019-06-24T10:03:06.246+0000][1][safepoint    ] Application time: 0.0376576 seconds
[2019-06-24T10:03:06.246+0000][1][safepoint    ] Entering safepoint region: RevokeBias
[2019-06-24T10:03:06.246+0000][1][safepoint    ] Leaving safepoint region
[2019-06-24T10:03:06.247+0000][1][safepoint    ] Total time for which application threads were stopped: 0.0001080 seconds, Stopping threads took: 0.0000236 seconds
[2019-06-24T10:03:06.247+0000][1][safepoint    ] Application time: 0.0005113 seconds
[2019-06-24T10:03:06.247+0000][1][safepoint    ] Entering safepoint region: BulkRevokeBias
[2019-06-24T10:03:06.247+0000][1][safepoint    ] Leaving safepoint region
[2019-06-24T10:03:06.247+0000][1][safepoint    ] Total time for which application threads were stopped: 0.0004046 seconds, Stopping threads took: 0.0000512 seconds
[2019-06-24T10:03:06.248+0000][1][safepoint    ] Application time: 0.0006441 seconds
[2019-06-24T10:03:06.248+0000][1][safepoint    ] Entering safepoint region: RevokeBias
[2019-06-24T10:03:06.248+0000][1][safepoint    ] Leaving safepoint region
[2019-06-24T10:03:06.248+0000][1][safepoint    ] Total time for which application threads were stopped: 0.0002307 seconds, Stopping threads took: 0.0001003 seconds
[2019-06-24T10:03:06.249+0000][1][safepoint    ] Application time: 0.0008910 seconds
[2019-06-24T10:03:06.283+0000][1][safepoint    ] Entering safepoint region: BulkRevokeBias
[2019-06-24T10:03:06.283+0000][1][safepoint    ] Leaving safepoint region
[2019-06-24T10:03:06.283+0000][1][safepoint    ] Total time for which application threads were stopped: 0.0337930 seconds, Stopping threads took: 0.0334222 seconds
[2019-06-24T10:03:06.285+0000][1][safepoint    ] Application time: 0.0016530 seconds
[2019-06-24T10:03:06.285+0000][1][safepoint    ] Entering safepoint region: RevokeBias
[2019-06-24T10:03:06.285+0000][1][safepoint    ] Leaving safepoint region
[2019-06-24T10:03:06.285+0000][1][safepoint    ] Total time for which application threads were stopped: 0.0002033 seconds, Stopping threads took: 0.0000957 seconds
[2019-06-24T10:03:06.285+0000][1][safepoint    ] Application time: 0.0004374 seconds
[2019-06-24T10:03:06.286+0000][1][safepoint    ] Entering safepoint region: RevokeBias
[2019-06-24T10:03:06.286+0000][1][safepoint    ] Leaving safepoint region
[2019-06-24T10:03:06.286+0000][1][safepoint    ] Total time for which application threads were stopped: 0.0001698 seconds, Stopping threads took: 0.0000804 seconds
[2019-06-24T10:03:06.287+0000][1][safepoint    ] Application time: 0.0011973 seconds
[2019-06-24T10:03:06.287+0000][1][safepoint    ] Entering safepoint region: RevokeBias
[2019-06-24T10:03:06.287+0000][1][safepoint    ] Leaving safepoint region
[2019-06-24T10:03:06.287+0000][1][safepoint    ] Total time for which application threads were stopped: 0.0002394 seconds, Stopping threads took: 0.0001370 seconds
[2019-06-24T10:03:06.288+0000][1][safepoint    ] Application time: 0.0009891 seconds
[2019-06-24T10:03:06.288+0000][1][safepoint    ] Entering safepoint region: RevokeBias
[2019-06-24T10:03:06.288+0000][1][safepoint    ] Leaving safepoint region
[2019-06-24T10:03:06.288+0000][1][safepoint    ] Total time for which application threads were stopped: 0.0001432 seconds, Stopping threads took: 0.0000694 seconds
[2019-06-24T10:03:06.289+0000][1][safepoint    ] Application time: 0.0008049 seconds
[2019-06-24T10:03:06.289+0000][1][safepoint    ] Entering safepoint region: RevokeBias
[2019-06-24T10:03:06.289+0000][1][safepoint    ] Leaving safepoint region
[2019-06-24T10:03:06.289+0000][1][safepoint    ] Total time for which application threads were stopped: 0.0001557 seconds, Stopping threads took: 0.0000622 seconds
[2019-06-24T10:03:06.293+0000][1][safepoint    ] Application time: 0.0032205 seconds
[2019-06-24T10:03:06.293+0000][1][safepoint    ] Entering safepoint region: RevokeBias
[2019-06-24T10:03:06.293+0000][1][safepoint    ] Leaving safepoint region
[2019-06-24T10:03:06.293+0000][1][safepoint    ] Total time for which application threads were stopped: 0.0000992 seconds, Stopping threads took: 0.0000241 seconds
[2019-06-24T10:03:06.301+0000][1][safepoint    ] Application time: 0.0080033 seconds
[2019-06-24T10:03:06.301+0000][1][safepoint    ] Entering safepoint region: RevokeBias
[2019-06-24T10:03:06.301+0000][1][safepoint    ] Leaving safepoint region
[2019-06-24T10:03:06.301+0000][1][safepoint    ] Total time for which application threads were stopped: 0.0000893 seconds, Stopping threads took: 0.0000211 seconds
[2019-06-24T10:03:06.301+0000][1][safepoint    ] Application time: 0.0001986 seconds
[2019-06-24T10:03:06.301+0000][1][safepoint    ] Entering safepoint region: RevokeBias
[2019-06-24T10:03:06.301+0000][1][safepoint    ] Leaving safepoint region
[2019-06-24T10:03:06.301+0000][1][safepoint    ] Total time for which application threads were stopped: 0.0000765 seconds, Stopping threads took: 0.0000122 seconds
[2019-06-24T10:03:06.301+0000][1][safepoint    ] Application time: 0.0000447 seconds
[2019-06-24T10:03:06.301+0000][1][safepoint    ] Entering safepoint region: RevokeBias
[2019-06-24T10:03:06.301+0000][1][safepoint    ] Leaving safepoint region
[2019-06-24T10:03:06.301+0000][1][safepoint    ] Total time for which application threads were stopped: 0.0000539 seconds, Stopping threads took: 0.0000111 seconds
[2019-06-24T10:03:06.301+0000][1][safepoint    ] Application time: 0.0001594 seconds
[2019-06-24T10:03:06.301+0000][1][safepoint    ] Entering safepoint region: RevokeBias
[2019-06-24T10:03:06.302+0000][1][safepoint    ] Leaving safepoint region
[2019-06-24T10:03:06.302+0000][1][safepoint    ] Total time for which application threads were stopped: 0.0000562 seconds, Stopping threads took: 0.0000108 seconds
[2019-06-24T10:03:06.303+0000][1][safepoint    ] Application time: 0.0014871 seconds
[2019-06-24T10:03:06.303+0000][1][safepoint    ] Entering safepoint region: RevokeBias
[2019-06-24T10:03:06.303+0000][1][safepoint    ] Leaving safepoint region
[2019-06-24T10:03:06.303+0000][1][safepoint    ] Total time for which application threads were stopped: 0.0000787 seconds, Stopping threads took: 0.0000184 seconds
[2019-06-24T10:03:06.303+0000][1][safepoint    ] Application time: 0.0002811 seconds
[2019-06-24T10:03:06.303+0000][1][safepoint    ] Entering safepoint region: RevokeBias
[2019-06-24T10:03:06.303+0000][1][safepoint    ] Leaving safepoint region
[2019-06-24T10:03:06.303+0000][1][safepoint    ] Total time for which application threads were stopped: 0.0000625 seconds, Stopping threads took: 0.0000128 seconds
[2019-06-24T10:03:06.308+0000][1][safepoint    ] Application time: 0.0048481 seconds
[2019-06-24T10:03:06.308+0000][1][safepoint    ] Entering safepoint region: RevokeBias
[2019-06-24T10:03:06.308+0000][1][safepoint    ] Leaving safepoint region
[2019-06-24T10:03:06.308+0000][1][safepoint    ] Total time for which application threads were stopped: 0.0000921 seconds, Stopping threads took: 0.0000199 seconds
[2019-06-24T10:03:06.309+0000][1][safepoint    ] Application time: 0.0000513 seconds
[2019-06-24T10:03:06.309+0000][1][safepoint    ] Entering safepoint region: RevokeBias
[2019-06-24T10:03:06.309+0000][1][safepoint    ] Leaving safepoint region
[2019-06-24T10:03:06.309+0000][1][safepoint    ] Total time for which application threads were stopped: 0.0000607 seconds, Stopping threads took: 0.0000116 seconds
[2019-06-24T10:03:06.373+0000][1][safepoint    ] Application time: 0.0639761 seconds
[2019-06-24T10:03:06.373+0000][1][safepoint    ] Entering safepoint region: Deoptimize
[2019-06-24T10:03:06.373+0000][1][safepoint    ] Leaving safepoint region
[2019-06-24T10:03:06.373+0000][1][safepoint    ] Total time for which application threads were stopped: 0.0005352 seconds, Stopping threads took: 0.0000203 seconds
[2019-06-24T10:03:06.436+0000][1][safepoint    ] Application time: 0.0627783 seconds
[2019-06-24T10:03:06.436+0000][1][safepoint    ] Entering safepoint region: RevokeBias
[2019-06-24T10:03:06.436+0000][1][safepoint    ] Leaving safepoint region
[2019-06-24T10:03:06.436+0000][1][safepoint    ] Total time for which application threads were stopped: 0.0001406 seconds, Stopping threads took: 0.0000221 seconds
[2019-06-24T10:03:06.436+0000][1][safepoint    ] Application time: 0.0000919 seconds
[2019-06-24T10:03:06.436+0000][1][safepoint    ] Entering safepoint region: RevokeBias
[2019-06-24T10:03:06.436+0000][1][safepoint    ] Leaving safepoint region
[2019-06-24T10:03:06.436+0000][1][safepoint    ] Total time for which application threads were stopped: 0.0000710 seconds, Stopping threads took: 0.0000129 seconds
[2019-06-24T10:03:06.448+0000][1][safepoint    ] Application time: 0.0115757 seconds
[2019-06-24T10:03:06.448+0000][1][safepoint    ] Entering safepoint region: RevokeBias
[2019-06-24T10:03:06.448+0000][1][safepoint    ] Leaving safepoint region
[2019-06-24T10:03:06.448+0000][1][safepoint    ] Total time for which application threads were stopped: 0.0001154 seconds, Stopping threads took: 0.0000242 seconds
[2019-06-24T10:03:06.448+0000][1][safepoint    ] Application time: 0.0003708 seconds
[2019-06-24T10:03:06.448+0000][1][safepoint    ] Entering safepoint region: BulkRevokeBias
[2019-06-24T10:03:06.449+0000][1][safepoint    ] Leaving safepoint region
[2019-06-24T10:03:06.449+0000][1][safepoint    ] Total time for which application threads were stopped: 0.0003472 seconds, Stopping threads took: 0.0000154 seconds
[2019-06-24T10:03:06.449+0000][1][safepoint    ] Application time: 0.0000985 seconds
[2019-06-24T10:03:06.449+0000][1][safepoint    ] Entering safepoint region: BulkRevokeBias
[2019-06-24T10:03:06.449+0000][1][safepoint    ] Leaving safepoint region
[2019-06-24T10:03:06.449+0000][1][safepoint    ] Total time for which application threads were stopped: 0.0003939 seconds, Stopping threads took: 0.0001010 seconds
[2019-06-24T10:03:06.450+0000][1][safepoint    ] Application time: 0.0003050 seconds
[2019-06-24T10:03:06.450+0000][1][safepoint    ] Entering safepoint region: RevokeBias
[2019-06-24T10:03:06.450+0000][1][safepoint    ] Leaving safepoint region
[2019-06-24T10:03:06.450+0000][1][safepoint    ] Total time for which application threads were stopped: 0.0000689 seconds, Stopping threads took: 0.0000142 seconds
[2019-06-24T10:03:06.452+0000][1][safepoint    ] Application time: 0.0024763 seconds
[2019-06-24T10:03:06.452+0000][1][safepoint    ] Entering safepoint region: RevokeBias
[2019-06-24T10:03:06.452+0000][1][safepoint    ] Leaving safepoint region
[2019-06-24T10:03:06.452+0000][1][safepoint    ] Total time for which application threads were stopped: 0.0001031 seconds, Stopping threads took: 0.0000255 seconds
[2019-06-24T10:03:06.452+0000][1][safepoint    ] Application time: 0.0000549 seconds
[2019-06-24T10:03:06.452+0000][1][safepoint    ] Entering safepoint region: RevokeBias
[2019-06-24T10:03:06.453+0000][1][safepoint    ] Leaving safepoint region
[2019-06-24T10:03:06.453+0000][1][safepoint    ] Total time for which application threads were stopped: 0.0000715 seconds, Stopping threads took: 0.0000154 seconds
[2019-06-24T10:03:06.500+0000][1][safepoint    ] Application time: 0.0472830 seconds
[2019-06-24T10:03:06.500+0000][1][safepoint    ] Entering safepoint region: RevokeBias
[2019-06-24T10:03:06.500+0000][1][safepoint    ] Leaving safepoint region
[2019-06-24T10:03:06.500+0000][1][safepoint    ] Total time for which application threads were stopped: 0.0002045 seconds, Stopping threads took: 0.0000743 seconds
[2019-06-24T10:03:06.500+0000][1][safepoint    ] Application time: 0.0001421 seconds
[2019-06-24T10:03:06.500+0000][1][safepoint    ] Entering safepoint region: RevokeBias
[2019-06-24T10:03:06.500+0000][1][safepoint    ] Leaving safepoint region
[2019-06-24T10:03:06.500+0000][1][safepoint    ] Total time for which application threads were stopped: 0.0000868 seconds, Stopping threads took: 0.0000165 seconds
[2019-06-24T10:03:06.501+0000][1][safepoint    ] Application time: 0.0007652 seconds
[2019-06-24T10:03:06.501+0000][1][safepoint    ] Entering safepoint region: RevokeBias
[2019-06-24T10:03:06.501+0000][1][safepoint    ] Leaving safepoint region
[2019-06-24T10:03:06.501+0000][1][safepoint    ] Total time for which application threads were stopped: 0.0001220 seconds, Stopping threads took: 0.0000300 seconds
[2019-06-24T10:03:06.674+0000][1][safepoint    ] Application time: 0.1724691 seconds
[2019-06-24T10:03:06.674+0000][1][safepoint    ] Entering safepoint region: RevokeBias
[2019-06-24T10:03:06.674+0000][1][safepoint    ] Leaving safepoint region
[2019-06-24T10:03:06.674+0000][1][safepoint    ] Total time for which application threads were stopped: 0.0001166 seconds, Stopping threads took: 0.0000243 seconds
[2019-06-24T10:03:06.674+0000][1][safepoint    ] Application time: 0.0001990 seconds
[2019-06-24T10:03:06.674+0000][1][safepoint    ] Entering safepoint region: RevokeBias
[2019-06-24T10:03:06.674+0000][1][safepoint    ] Leaving safepoint region
[2019-06-24T10:03:06.674+0000][1][safepoint    ] Total time for which application threads were stopped: 0.0000784 seconds, Stopping threads took: 0.0000306 seconds
[2019-06-24T10:03:06.696+0000][1][safepoint    ] Application time: 0.0215415 seconds
[2019-06-24T10:03:06.696+0000][1][safepoint    ] Entering safepoint region: RevokeBias
[2019-06-24T10:03:06.696+0000][1][safepoint    ] Leaving safepoint region
[2019-06-24T10:03:06.696+0000][1][safepoint    ] Total time for which application threads were stopped: 0.0000774 seconds, Stopping threads took: 0.0000180 seconds
[2019-06-24T10:03:06.696+0000][1][safepoint    ] Application time: 0.0004488 seconds
[2019-06-24T10:03:06.696+0000][1][safepoint    ] Entering safepoint region: RevokeBias
[2019-06-24T10:03:06.696+0000][1][safepoint    ] Leaving safepoint region
[2019-06-24T10:03:06.696+0000][1][safepoint    ] Total time for which application threads were stopped: 0.0000650 seconds, Stopping threads took: 0.0000126 seconds
[2019-06-24T10:03:06.701+0000][1][safepoint    ] Application time: 0.0041094 seconds
[2019-06-24T10:03:06.701+0000][1][safepoint    ] Entering safepoint region: RevokeBias
[2019-06-24T10:03:06.701+0000][1][safepoint    ] Leaving safepoint region
[2019-06-24T10:03:06.701+0000][1][safepoint    ] Total time for which application threads were stopped: 0.0000866 seconds, Stopping threads took: 0.0000177 seconds
[2019-06-24T10:03:06.701+0000][1][safepoint    ] Application time: 0.0000438 seconds
[2019-06-24T10:03:06.701+0000][1][safepoint    ] Entering safepoint region: RevokeBias
[2019-06-24T10:03:06.701+0000][1][safepoint    ] Leaving safepoint region
[2019-06-24T10:03:06.701+0000][1][safepoint    ] Total time for which application threads were stopped: 0.0000558 seconds, Stopping threads took: 0.0000103 seconds
[2019-06-24T10:03:06.701+0000][1][safepoint    ] Application time: 0.0000356 seconds
[2019-06-24T10:03:06.701+0000][1][safepoint    ] Entering safepoint region: RevokeBias
[2019-06-24T10:03:06.701+0000][1][safepoint    ] Leaving safepoint region
[2019-06-24T10:03:06.701+0000][1][safepoint    ] Total time for which application threads were stopped: 0.0000539 seconds, Stopping threads took: 0.0000136 seconds
[2019-06-24T10:03:06.702+0000][1][safepoint    ] Application time: 0.0006381 seconds
[2019-06-24T10:03:06.702+0000][1][safepoint    ] Entering safepoint region: RevokeBias
[2019-06-24T10:03:06.702+0000][1][safepoint    ] Leaving safepoint region
[2019-06-24T10:03:06.702+0000][1][safepoint    ] Total time for which application threads were stopped: 0.0000761 seconds, Stopping threads took: 0.0000254 seconds
[2019-06-24T10:03:06.702+0000][1][safepoint    ] Application time: 0.0000948 seconds
[2019-06-24T10:03:06.702+0000][1][safepoint    ] Entering safepoint region: RevokeBias
[2019-06-24T10:03:06.702+0000][1][safepoint    ] Leaving safepoint region
[2019-06-24T10:03:06.702+0000][1][safepoint    ] Total time for which application threads were stopped: 0.0000513 seconds, Stopping threads took: 0.0000109 seconds
[2019-06-24T10:03:06.719+0000][1][safepoint    ] Application time: 0.0172423 seconds
[2019-06-24T10:03:06.719+0000][1][safepoint    ] Entering safepoint region: RevokeBias
[2019-06-24T10:03:06.719+0000][1][safepoint    ] Leaving safepoint region
[2019-06-24T10:03:06.719+0000][1][safepoint    ] Total time for which application threads were stopped: 0.0001854 seconds, Stopping threads took: 0.0000847 seconds
[2019-06-24T10:03:06.720+0000][1][safepoint    ] Application time: 0.0010775 seconds
[2019-06-24T10:03:06.720+0000][1][safepoint    ] Entering safepoint region: RevokeBias
[2019-06-24T10:03:06.720+0000][1][safepoint    ] Leaving safepoint region
[2019-06-24T10:03:06.720+0000][1][safepoint    ] Total time for which application threads were stopped: 0.0001207 seconds, Stopping threads took: 0.0000509 seconds
[2019-06-24T10:03:06.728+0000][1][safepoint    ] Application time: 0.0075923 seconds
[2019-06-24T10:03:06.728+0000][1][safepoint    ] Entering safepoint region: RevokeBias
[2019-06-24T10:03:06.728+0000][1][safepoint    ] Leaving safepoint region
[2019-06-24T10:03:06.728+0000][1][safepoint    ] Total time for which application threads were stopped: 0.0001970 seconds, Stopping threads took: 0.0001298 seconds
[2019-06-24T10:03:06.764+0000][1][safepoint    ] Application time: 0.0357688 seconds
[2019-06-24T10:03:06.764+0000][1][safepoint    ] Entering safepoint region: RevokeBias
[2019-06-24T10:03:06.764+0000][1][safepoint    ] Leaving safepoint region
[2019-06-24T10:03:06.764+0000][1][safepoint    ] Total time for which application threads were stopped: 0.0000891 seconds, Stopping threads took: 0.0000353 seconds
[2019-06-24T10:03:06.764+0000][1][safepoint    ] Application time: 0.0001258 seconds
[2019-06-24T10:03:06.764+0000][1][safepoint    ] Entering safepoint region: RevokeBias
[2019-06-24T10:03:06.764+0000][1][safepoint    ] Leaving safepoint region
[2019-06-24T10:03:06.764+0000][1][safepoint    ] Total time for which application threads were stopped: 0.0000501 seconds, Stopping threads took: 0.0000133 seconds
[2019-06-24T10:03:06.765+0000][1][safepoint    ] Application time: 0.0000921 seconds
[2019-06-24T10:03:06.765+0000][1][safepoint    ] Entering safepoint region: RevokeBias
[2019-06-24T10:03:06.765+0000][1][safepoint    ] Leaving safepoint region
[2019-06-24T10:03:06.765+0000][1][safepoint    ] Total time for which application threads were stopped: 0.0001550 seconds, Stopping threads took: 0.0001171 seconds
[2019-06-24T10:03:06.765+0000][1][safepoint    ] Application time: 0.0001190 seconds
[2019-06-24T10:03:06.765+0000][1][safepoint    ] Entering safepoint region: RevokeBias
[2019-06-24T10:03:06.765+0000][1][safepoint    ] Leaving safepoint region
[2019-06-24T10:03:06.765+0000][1][safepoint    ] Total time for which application threads were stopped: 0.0000454 seconds, Stopping threads took: 0.0000129 seconds
[2019-06-24T10:03:06.765+0000][1][safepoint    ] Application time: 0.0001227 seconds
[2019-06-24T10:03:06.765+0000][1][safepoint    ] Entering safepoint region: RevokeBias
[2019-06-24T10:03:06.765+0000][1][safepoint    ] Leaving safepoint region
[2019-06-24T10:03:06.765+0000][1][safepoint    ] Total time for which application threads were stopped: 0.0000447 seconds, Stopping threads took: 0.0000127 seconds
[2019-06-24T10:03:06.765+0000][1][safepoint    ] Application time: 0.0001255 seconds
[2019-06-24T10:03:06.765+0000][1][safepoint    ] Entering safepoint region: RevokeBias
[2019-06-24T10:03:06.765+0000][1][safepoint    ] Leaving safepoint region
[2019-06-24T10:03:06.765+0000][1][safepoint    ] Total time for which application threads were stopped: 0.0000449 seconds, Stopping threads took: 0.0000128 seconds
[2019-06-24T10:03:06.765+0000][1][safepoint    ] Application time: 0.0000876 seconds
[2019-06-24T10:03:06.765+0000][1][safepoint    ] Entering safepoint region: RevokeBias
[2019-06-24T10:03:06.765+0000][1][safepoint    ] Leaving safepoint region
[2019-06-24T10:03:06.765+0000][1][safepoint    ] Total time for which application threads were stopped: 0.0000366 seconds, Stopping threads took: 0.0000098 seconds
[2019-06-24T10:03:06.765+0000][1][safepoint    ] Application time: 0.0000871 seconds
[2019-06-24T10:03:06.766+0000][1][safepoint    ] Entering safepoint region: RevokeBias
[2019-06-24T10:03:06.766+0000][1][safepoint    ] Leaving safepoint region
[2019-06-24T10:03:06.766+0000][1][safepoint    ] Total time for which application threads were stopped: 0.0000358 seconds, Stopping threads took: 0.0000094 seconds
[2019-06-24T10:03:07.307+0000][1][safepoint    ] Application time: 0.5418358 seconds
[2019-06-24T10:03:07.307+0000][1][safepoint    ] Entering safepoint region: RevokeBias
[2019-06-24T10:03:07.308+0000][1][safepoint    ] Leaving safepoint region
[2019-06-24T10:03:07.308+0000][1][safepoint    ] Total time for which application threads were stopped: 0.0002193 seconds, Stopping threads took: 0.0000646 seconds
[2019-06-24T10:03:08.308+0000][1][safepoint    ] Application time: 1.0002112 seconds
[2019-06-24T10:03:08.308+0000][1][safepoint    ] Entering safepoint region: Cleanup
[2019-06-24T10:03:08.308+0000][1][safepoint    ] Leaving safepoint region
[2019-06-24T10:03:08.308+0000][1][safepoint    ] Total time for which application threads were stopped: 0.0002192 seconds, Stopping threads took: 0.0000685 seconds
[2019-06-24T10:03:09.308+0000][1][safepoint    ] Application time: 1.0001933 seconds
[2019-06-24T10:03:09.309+0000][1][safepoint    ] Entering safepoint region: Cleanup
[2019-06-24T10:03:09.309+0000][1][safepoint    ] Leaving safepoint region
[2019-06-24T10:03:09.309+0000][1][safepoint    ] Total time for which application threads were stopped: 0.0002138 seconds, Stopping threads took: 0.0000620 seconds
[2019-06-24T10:03:10.309+0000][1][safepoint    ] Application time: 1.0002836 seconds
[2019-06-24T10:03:10.309+0000][1][safepoint    ] Entering safepoint region: Cleanup
[2019-06-24T10:03:10.310+0000][1][safepoint    ] Leaving safepoint region
[2019-06-24T10:03:10.310+0000][1][safepoint    ] Total time for which application threads were stopped: 0.0003097 seconds, Stopping threads took: 0.0000721 seconds
[2019-06-24T10:03:11.310+0000][1][safepoint    ] Application time: 1.0001960 seconds
[2019-06-24T10:03:11.310+0000][1][safepoint    ] Entering safepoint region: Cleanup
[2019-06-24T10:03:11.310+0000][1][safepoint    ] Leaving safepoint region
[2019-06-24T10:03:11.310+0000][1][safepoint    ] Total time for which application threads were stopped: 0.0002511 seconds, Stopping threads took: 0.0000699 seconds
[2019-06-24T10:03:12.310+0000][1][safepoint    ] Application time: 1.0001006 seconds
[2019-06-24T10:03:12.310+0000][1][safepoint    ] Entering safepoint region: Cleanup
[2019-06-24T10:03:12.311+0000][1][safepoint    ] Leaving safepoint region
[2019-06-24T10:03:12.311+0000][1][safepoint    ] Total time for which application threads were stopped: 0.0002186 seconds, Stopping threads took: 0.0000350 seconds
[2019-06-24T10:03:13.311+0000][1][safepoint    ] Application time: 1.0000854 seconds
[2019-06-24T10:03:13.311+0000][1][safepoint    ] Entering safepoint region: Cleanup
[2019-06-24T10:03:13.311+0000][1][safepoint    ] Leaving safepoint region
[2019-06-24T10:03:13.311+0000][1][safepoint    ] Total time for which application threads were stopped: 0.0000907 seconds, Stopping threads took: 0.0000272 seconds
[2019-06-24T10:03:14.311+0000][1][safepoint    ] Application time: 1.0002045 seconds
[2019-06-24T10:03:14.311+0000][1][safepoint    ] Entering safepoint region: Cleanup
[2019-06-24T10:03:14.311+0000][1][safepoint    ] Leaving safepoint region
[2019-06-24T10:03:14.311+0000][1][safepoint    ] Total time for which application threads were stopped: 0.0001962 seconds, Stopping threads took: 0.0000541 seconds
[2019-06-24T10:03:14.789+0000][1][safepoint    ] Application time: 0.4773711 seconds
[2019-06-24T10:03:14.789+0000][1][safepoint    ] Entering safepoint region: GenCollectForAllocation
[2019-06-24T10:03:14.789+0000][1][gc,start     ] GC(22) Pause Young (Allocation Failure)
[2019-06-24T10:03:14.789+0000][1][gc,task      ] GC(22) Using 5 workers of 8 for evacuation
[2019-06-24T10:03:14.802+0000][1][gc,age       ] GC(22) Desired survivor size 4456448 bytes, new threshold 2 (max threshold 6)
[2019-06-24T10:03:14.802+0000][1][gc,age       ] GC(22) Age table with threshold 2 (max threshold 6)
[2019-06-24T10:03:14.802+0000][1][gc,age       ] GC(22) - age   1:    2535256 bytes,    2535256 total
[2019-06-24T10:03:14.802+0000][1][gc,age       ] GC(22) - age   2:    3461048 bytes,    5996304 total
[2019-06-24T10:03:14.802+0000][1][gc,heap      ] GC(22) ParNew: 78656K->8704K(78656K)
[2019-06-24T10:03:14.802+0000][1][gc,heap      ] GC(22) CMS: 59292K->63558K(174784K)
[2019-06-24T10:03:14.802+0000][1][gc,metaspace ] GC(22) Metaspace: 66951K->66951K(1110016K)
[2019-06-24T10:03:14.802+0000][1][gc           ] GC(22) Pause Young (Allocation Failure) 134M->70M(247M) 13.327ms
[2019-06-24T10:03:14.802+0000][1][gc,cpu       ] GC(22) User=0.07s Sys=0.00s Real=0.01s
[2019-06-24T10:03:14.802+0000][1][safepoint    ] Leaving safepoint region
[2019-06-24T10:03:14.802+0000][1][safepoint    ] Total time for which application threads were stopped: 0.0135510 seconds, Stopping threads took: 0.0000277 seconds
[2019-06-24T10:03:15.803+0000][1][safepoint    ] Application time: 1.0002274 seconds
[2019-06-24T10:03:15.803+0000][1][safepoint    ] Entering safepoint region: Cleanup
[2019-06-24T10:03:15.803+0000][1][safepoint    ] Leaving safepoint region
[2019-06-24T10:03:15.803+0000][1][safepoint    ] Total time for which application threads were stopped: 0.0003434 seconds, Stopping threads took: 0.0000609 seconds
[2019-06-24T10:03:16.803+0000][1][safepoint    ] Application time: 1.0001206 seconds
[2019-06-24T10:03:16.803+0000][1][safepoint    ] Entering safepoint region: Cleanup
[2019-06-24T10:03:16.804+0000][1][safepoint    ] Leaving safepoint region
[2019-06-24T10:03:16.804+0000][1][safepoint    ] Total time for which application threads were stopped: 0.0002850 seconds, Stopping threads took: 0.0000836 seconds
[2019-06-24T10:03:17.804+0000][1][safepoint    ] Application time: 1.0002083 seconds
[2019-06-24T10:03:17.804+0000][1][safepoint    ] Entering safepoint region: Cleanup
[2019-06-24T10:03:17.804+0000][1][safepoint    ] Leaving safepoint region
[2019-06-24T10:03:17.804+0000][1][safepoint    ] Total time for which application threads were stopped: 0.0002751 seconds, Stopping threads took: 0.0001028 seconds
[2019-06-24T10:03:18.804+0000][1][safepoint    ] Application time: 1.0001558 seconds
[2019-06-24T10:03:18.804+0000][1][safepoint    ] Entering safepoint region: Cleanup
[2019-06-24T10:03:18.805+0000][1][safepoint    ] Leaving safepoint region
[2019-06-24T10:03:18.805+0000][1][safepoint    ] Total time for which application threads were stopped: 0.0001402 seconds, Stopping threads took: 0.0000359 seconds
[2019-06-24T10:03:19.805+0000][1][safepoint    ] Application time: 1.0002276 seconds
[2019-06-24T10:03:19.805+0000][1][safepoint    ] Entering safepoint region: Cleanup
[2019-06-24T10:03:19.805+0000][1][safepoint    ] Leaving safepoint region
[2019-06-24T10:03:19.805+0000][1][safepoint    ] Total time for which application threads were stopped: 0.0001353 seconds, Stopping threads took: 0.0000369 seconds
[2019-06-24T10:03:20.805+0000][1][safepoint    ] Application time: 1.0002246 seconds
[2019-06-24T10:03:20.805+0000][1][safepoint    ] Entering safepoint region: Cleanup
[2019-06-24T10:03:20.805+0000][1][safepoint    ] Leaving safepoint region
[2019-06-24T10:03:20.806+0000][1][safepoint    ] Total time for which application threads were stopped: 0.0001569 seconds, Stopping threads took: 0.0000396 seconds
[2019-06-24T10:03:21.806+0000][1][safepoint    ] Application time: 1.0001537 seconds
[2019-06-24T10:03:21.806+0000][1][safepoint    ] Entering safepoint region: Cleanup
[2019-06-24T10:03:21.806+0000][1][safepoint    ] Leaving safepoint region
[2019-06-24T10:03:21.806+0000][1][safepoint    ] Total time for which application threads were stopped: 0.0001769 seconds, Stopping threads took: 0.0000421 seconds
[2019-06-24T10:03:22.806+0000][1][safepoint    ] Application time: 1.0001825 seconds
[2019-06-24T10:03:22.806+0000][1][safepoint    ] Entering safepoint region: Cleanup
[2019-06-24T10:03:22.806+0000][1][safepoint    ] Leaving safepoint region
[2019-06-24T10:03:22.806+0000][1][safepoint    ] Total time for which application threads were stopped: 0.0001242 seconds, Stopping threads took: 0.0000336 seconds
[2019-06-24T10:03:23.807+0000][1][safepoint    ] Application time: 1.0002529 seconds
[2019-06-24T10:03:23.807+0000][1][safepoint    ] Entering safepoint region: Cleanup
[2019-06-24T10:03:23.807+0000][1][safepoint    ] Leaving safepoint region
[2019-06-24T10:03:23.807+0000][1][safepoint    ] Total time for which application threads were stopped: 0.0001001 seconds, Stopping threads took: 0.0000246 seconds
[2019-06-24T10:03:24.807+0000][1][safepoint    ] Application time: 1.0001778 seconds
[2019-06-24T10:03:24.807+0000][1][safepoint    ] Entering safepoint region: Cleanup
[2019-06-24T10:03:24.807+0000][1][safepoint    ] Leaving safepoint region
[2019-06-24T10:03:24.807+0000][1][safepoint    ] Total time for which application threads were stopped: 0.0002732 seconds, Stopping threads took: 0.0000635 seconds
[2019-06-24T10:03:25.807+0000][1][safepoint    ] Application time: 1.0001188 seconds
[2019-06-24T10:03:25.808+0000][1][safepoint    ] Entering safepoint region: Cleanup
[2019-06-24T10:03:25.808+0000][1][safepoint    ] Leaving safepoint region
[2019-06-24T10:03:25.808+0000][1][safepoint    ] Total time for which application threads were stopped: 0.0001205 seconds, Stopping threads took: 0.0000322 seconds
[2019-06-24T10:03:26.808+0000][1][safepoint    ] Application time: 1.0002575 seconds
[2019-06-24T10:03:26.808+0000][1][safepoint    ] Entering safepoint region: Cleanup
[2019-06-24T10:03:26.808+0000][1][safepoint    ] Leaving safepoint region
[2019-06-24T10:03:26.808+0000][1][safepoint    ] Total time for which application threads were stopped: 0.0002464 seconds, Stopping threads took: 0.0000655 seconds
[2019-06-24T10:03:27.809+0000][1][safepoint    ] Application time: 1.0002648 seconds
[2019-06-24T10:03:27.809+0000][1][safepoint    ] Entering safepoint region: Cleanup
[2019-06-24T10:03:27.809+0000][1][safepoint    ] Leaving safepoint region
[2019-06-24T10:03:27.809+0000][1][safepoint    ] Total time for which application threads were stopped: 0.0002448 seconds, Stopping threads took: 0.0000645 seconds
[2019-06-24T10:03:28.809+0000][1][safepoint    ] Application time: 1.0001363 seconds
[2019-06-24T10:03:28.809+0000][1][safepoint    ] Entering safepoint region: Cleanup
[2019-06-24T10:03:28.809+0000][1][safepoint    ] Leaving safepoint region
[2019-06-24T10:03:28.809+0000][1][safepoint    ] Total time for which application threads were stopped: 0.0000912 seconds, Stopping threads took: 0.0000200 seconds
[2019-06-24T10:03:29.809+0000][1][safepoint    ] Application time: 1.0002750 seconds
[2019-06-24T10:03:29.810+0000][1][safepoint    ] Entering safepoint region: Cleanup
[2019-06-24T10:03:29.811+0000][1][safepoint    ] Leaving safepoint region
[2019-06-24T10:03:29.811+0000][1][safepoint    ] Total time for which application threads were stopped: 0.0012107 seconds, Stopping threads took: 0.0009524 seconds
[2019-06-24T10:03:30.811+0000][1][safepoint    ] Application time: 1.0002208 seconds
[2019-06-24T10:03:30.811+0000][1][safepoint    ] Entering safepoint region: Cleanup
[2019-06-24T10:03:30.811+0000][1][safepoint    ] Leaving safepoint region
[2019-06-24T10:03:30.811+0000][1][safepoint    ] Total time for which application threads were stopped: 0.0001536 seconds, Stopping threads took: 0.0000380 seconds
[2019-06-24T10:03:31.811+0000][1][safepoint    ] Application time: 1.0001233 seconds
[2019-06-24T10:03:31.811+0000][1][safepoint    ] Entering safepoint region: Cleanup
[2019-06-24T10:03:31.812+0000][1][safepoint    ] Leaving safepoint region
[2019-06-24T10:03:31.812+0000][1][safepoint    ] Total time for which application threads were stopped: 0.0000961 seconds, Stopping threads took: 0.0000230 seconds
[2019-06-24T10:03:32.812+0000][1][safepoint    ] Application time: 1.0002365 seconds
[2019-06-24T10:03:32.812+0000][1][safepoint    ] Entering safepoint region: Cleanup
[2019-06-24T10:03:32.812+0000][1][safepoint    ] Leaving safepoint region
[2019-06-24T10:03:32.812+0000][1][safepoint    ] Total time for which application threads were stopped: 0.0002966 seconds, Stopping threads took: 0.0000962 seconds
[2019-06-24T10:03:33.812+0000][1][safepoint    ] Application time: 1.0001624 seconds
[2019-06-24T10:03:33.813+0000][1][safepoint    ] Entering safepoint region: Cleanup
[2019-06-24T10:03:33.813+0000][1][safepoint    ] Leaving safepoint region
[2019-06-24T10:03:33.813+0000][1][safepoint    ] Total time for which application threads were stopped: 0.0001740 seconds, Stopping threads took: 0.0000439 seconds
[2019-06-24T10:03:34.813+0000][1][safepoint    ] Application time: 1.0001619 seconds
[2019-06-24T10:03:34.813+0000][1][safepoint    ] Entering safepoint region: Cleanup
[2019-06-24T10:03:34.813+0000][1][safepoint    ] Leaving safepoint region
[2019-06-24T10:03:34.813+0000][1][safepoint    ] Total time for which application threads were stopped: 0.0002441 seconds, Stopping threads took: 0.0000619 seconds
[2019-06-24T10:03:35.813+0000][1][safepoint    ] Application time: 1.0002388 seconds
[2019-06-24T10:03:35.814+0000][1][safepoint    ] Entering safepoint region: Cleanup
[2019-06-24T10:03:35.814+0000][1][safepoint    ] Leaving safepoint region
[2019-06-24T10:03:35.814+0000][1][safepoint    ] Total time for which application threads were stopped: 0.0002365 seconds, Stopping threads took: 0.0000581 seconds
[2019-06-24T10:03:36.814+0000][1][safepoint    ] Application time: 1.0001826 seconds
[2019-06-24T10:03:36.814+0000][1][safepoint    ] Entering safepoint region: Cleanup
[2019-06-24T10:03:36.814+0000][1][safepoint    ] Leaving safepoint region
[2019-06-24T10:03:36.814+0000][1][safepoint    ] Total time for which application threads were stopped: 0.0002422 seconds, Stopping threads took: 0.0000631 seconds
[2019-06-24T10:03:37.815+0000][1][safepoint    ] Application time: 1.0002672 seconds
[2019-06-24T10:03:37.815+0000][1][safepoint    ] Entering safepoint region: Cleanup
[2019-06-24T10:03:37.815+0000][1][safepoint    ] Leaving safepoint region
[2019-06-24T10:03:37.815+0000][1][safepoint    ] Total time for which application threads were stopped: 0.0002173 seconds, Stopping threads took: 0.0000530 seconds
[2019-06-24T10:03:38.815+0000][1][safepoint    ] Application time: 1.0001640 seconds
[2019-06-24T10:03:38.815+0000][1][safepoint    ] Entering safepoint region: Cleanup
[2019-06-24T10:03:38.815+0000][1][safepoint    ] Leaving safepoint region
[2019-06-24T10:03:38.815+0000][1][safepoint    ] Total time for which application threads were stopped: 0.0002041 seconds, Stopping threads took: 0.0000512 seconds
[2019-06-24T10:03:39.816+0000][1][safepoint    ] Application time: 1.0002115 seconds
[2019-06-24T10:03:39.816+0000][1][safepoint    ] Entering safepoint region: Cleanup
[2019-06-24T10:03:39.816+0000][1][safepoint    ] Leaving safepoint region
[2019-06-24T10:03:39.816+0000][1][safepoint    ] Total time for which application threads were stopped: 0.0003729 seconds, Stopping threads took: 0.0001740 seconds
[2019-06-24T10:03:40.816+0000][1][safepoint    ] Application time: 1.0001743 seconds
[2019-06-24T10:03:40.816+0000][1][safepoint    ] Entering safepoint region: Cleanup
[2019-06-24T10:03:40.817+0000][1][safepoint    ] Leaving safepoint region
[2019-06-24T10:03:40.817+0000][1][safepoint    ] Total time for which application threads were stopped: 0.0001476 seconds, Stopping threads took: 0.0000366 seconds
[2019-06-24T10:03:41.817+0000][1][safepoint    ] Application time: 1.0001921 seconds
[2019-06-24T10:03:41.817+0000][1][safepoint    ] Entering safepoint region: Cleanup
[2019-06-24T10:03:41.817+0000][1][safepoint    ] Leaving safepoint region
[2019-06-24T10:03:41.817+0000][1][safepoint    ] Total time for which application threads were stopped: 0.0004896 seconds, Stopping threads took: 0.0002552 seconds
[2019-06-24T10:03:42.818+0000][1][safepoint    ] Application time: 1.0002075 seconds
[2019-06-24T10:03:42.818+0000][1][safepoint    ] Entering safepoint region: Cleanup
[2019-06-24T10:03:42.818+0000][1][safepoint    ] Leaving safepoint region
[2019-06-24T10:03:42.818+0000][1][safepoint    ] Total time for which application threads were stopped: 0.0002230 seconds, Stopping threads took: 0.0000556 seconds
[2019-06-24T10:03:43.818+0000][1][safepoint    ] Application time: 1.0002487 seconds
[2019-06-24T10:03:43.818+0000][1][safepoint    ] Entering safepoint region: Cleanup
[2019-06-24T10:03:43.819+0000][1][safepoint    ] Leaving safepoint region
[2019-06-24T10:03:43.819+0000][1][safepoint    ] Total time for which application threads were stopped: 0.0003432 seconds, Stopping threads took: 0.0000567 seconds
[2019-06-24T10:03:44.819+0000][1][safepoint    ] Application time: 1.0001283 seconds
[2019-06-24T10:03:44.819+0000][1][safepoint    ] Entering safepoint region: Cleanup
[2019-06-24T10:03:44.819+0000][1][safepoint    ] Leaving safepoint region
[2019-06-24T10:03:44.819+0000][1][safepoint    ] Total time for which application threads were stopped: 0.0001219 seconds, Stopping threads took: 0.0000257 seconds
[2019-06-24T10:03:45.819+0000][1][safepoint    ] Application time: 1.0002876 seconds
[2019-06-24T10:03:45.819+0000][1][safepoint    ] Entering safepoint region: Cleanup
[2019-06-24T10:03:45.819+0000][1][safepoint    ] Leaving safepoint region
[2019-06-24T10:03:45.820+0000][1][safepoint    ] Total time for which application threads were stopped: 0.0008667 seconds, Stopping threads took: 0.0000292 seconds
[2019-06-24T10:03:46.821+0000][1][safepoint    ] Application time: 1.0002557 seconds
[2019-06-24T10:03:46.821+0000][1][safepoint    ] Entering safepoint region: Cleanup
[2019-06-24T10:03:46.821+0000][1][safepoint    ] Leaving safepoint region
[2019-06-24T10:03:46.821+0000][1][safepoint    ] Total time for which application threads were stopped: 0.0003242 seconds, Stopping threads took: 0.0000634 seconds
[2019-06-24T10:03:47.821+0000][1][safepoint    ] Application time: 1.0001884 seconds
[2019-06-24T10:03:47.821+0000][1][safepoint    ] Entering safepoint region: Cleanup
[2019-06-24T10:03:47.821+0000][1][safepoint    ] Leaving safepoint region
[2019-06-24T10:03:47.822+0000][1][safepoint    ] Total time for which application threads were stopped: 0.0002556 seconds, Stopping threads took: 0.0000529 seconds
[2019-06-24T10:03:48.822+0000][1][safepoint    ] Application time: 1.0002482 seconds
[2019-06-24T10:03:48.822+0000][1][safepoint    ] Entering safepoint region: Cleanup
[2019-06-24T10:03:48.822+0000][1][safepoint    ] Leaving safepoint region
[2019-06-24T10:03:48.822+0000][1][safepoint    ] Total time for which application threads were stopped: 0.0003055 seconds, Stopping threads took: 0.0000547 seconds
[2019-06-24T10:03:49.823+0000][1][safepoint    ] Application time: 1.0003293 seconds
[2019-06-24T10:03:49.823+0000][1][safepoint    ] Entering safepoint region: Cleanup
[2019-06-24T10:03:49.823+0000][1][safepoint    ] Leaving safepoint region
[2019-06-24T10:03:49.823+0000][1][safepoint    ] Total time for which application threads were stopped: 0.0003533 seconds, Stopping threads took: 0.0000682 seconds
[2019-06-24T10:03:50.823+0000][1][safepoint    ] Application time: 1.0002642 seconds
[2019-06-24T10:03:50.823+0000][1][safepoint    ] Entering safepoint region: Cleanup
[2019-06-24T10:03:50.824+0000][1][safepoint    ] Leaving safepoint region
[2019-06-24T10:03:50.824+0000][1][safepoint    ] Total time for which application threads were stopped: 0.0008161 seconds, Stopping threads took: 0.0000318 seconds
[2019-06-24T10:03:51.824+0000][1][safepoint    ] Application time: 1.0001478 seconds
[2019-06-24T10:03:51.825+0000][1][safepoint    ] Entering safepoint region: Cleanup
[2019-06-24T10:03:51.825+0000][1][safepoint    ] Leaving safepoint region
[2019-06-24T10:03:51.825+0000][1][safepoint    ] Total time for which application threads were stopped: 0.0002895 seconds, Stopping threads took: 0.0000886 seconds
[2019-06-24T10:03:52.825+0000][1][safepoint    ] Application time: 1.0002580 seconds
[2019-06-24T10:03:52.825+0000][1][safepoint    ] Entering safepoint region: Cleanup
[2019-06-24T10:03:52.826+0000][1][safepoint    ] Leaving safepoint region
[2019-06-24T10:03:52.826+0000][1][safepoint    ] Total time for which application threads were stopped: 0.0002781 seconds, Stopping threads took: 0.0000669 seconds
[2019-06-24T10:03:53.826+0000][1][safepoint    ] Application time: 1.0002095 seconds
[2019-06-24T10:03:53.826+0000][1][safepoint    ] Entering safepoint region: Cleanup
[2019-06-24T10:03:53.826+0000][1][safepoint    ] Leaving safepoint region
[2019-06-24T10:03:53.826+0000][1][safepoint    ] Total time for which application threads were stopped: 0.0001889 seconds, Stopping threads took: 0.0000475 seconds
[2019-06-24T10:03:54.826+0000][1][safepoint    ] Application time: 1.0002571 seconds
[2019-06-24T10:03:54.827+0000][1][safepoint    ] Entering safepoint region: Cleanup
[2019-06-24T10:03:54.827+0000][1][safepoint    ] Leaving safepoint region
[2019-06-24T10:03:54.827+0000][1][safepoint    ] Total time for which application threads were stopped: 0.0002790 seconds, Stopping threads took: 0.0000765 seconds
[2019-06-24T10:03:55.827+0000][1][safepoint    ] Application time: 1.0002587 seconds
[2019-06-24T10:03:55.827+0000][1][safepoint    ] Entering safepoint region: Cleanup
[2019-06-24T10:03:55.827+0000][1][safepoint    ] Leaving safepoint region
[2019-06-24T10:03:55.828+0000][1][safepoint    ] Total time for which application threads were stopped: 0.0009670 seconds, Stopping threads took: 0.0000320 seconds
[2019-06-24T10:03:56.828+0000][1][safepoint    ] Application time: 1.0002560 seconds
[2019-06-24T10:03:56.829+0000][1][safepoint    ] Entering safepoint region: Cleanup
[2019-06-24T10:03:56.829+0000][1][safepoint    ] Leaving safepoint region
[2019-06-24T10:03:56.829+0000][1][safepoint    ] Total time for which application threads were stopped: 0.0002562 seconds, Stopping threads took: 0.0000672 seconds
[2019-06-24T10:03:57.829+0000][1][safepoint    ] Application time: 1.0001328 seconds
[2019-06-24T10:03:57.829+0000][1][safepoint    ] Entering safepoint region: Cleanup
[2019-06-24T10:03:57.829+0000][1][safepoint    ] Leaving safepoint region
[2019-06-24T10:03:57.829+0000][1][safepoint    ] Total time for which application threads were stopped: 0.0000824 seconds, Stopping threads took: 0.0000210 seconds
[2019-06-24T10:03:58.829+0000][1][safepoint    ] Application time: 1.0002307 seconds
[2019-06-24T10:03:58.829+0000][1][safepoint    ] Entering safepoint region: Cleanup
[2019-06-24T10:03:58.830+0000][1][safepoint    ] Leaving safepoint region
[2019-06-24T10:03:58.830+0000][1][safepoint    ] Total time for which application threads were stopped: 0.0002083 seconds, Stopping threads took: 0.0000392 seconds
[2019-06-24T10:03:59.830+0000][1][safepoint    ] Application time: 1.0002519 seconds
[2019-06-24T10:03:59.830+0000][1][safepoint    ] Entering safepoint region: Cleanup
[2019-06-24T10:03:59.830+0000][1][safepoint    ] Leaving safepoint region
[2019-06-24T10:03:59.830+0000][1][safepoint    ] Total time for which application threads were stopped: 0.0003170 seconds, Stopping threads took: 0.0001125 seconds
[2019-06-24T10:04:00.831+0000][1][safepoint    ] Application time: 1.0001606 seconds
[2019-06-24T10:04:00.831+0000][1][safepoint    ] Entering safepoint region: Cleanup
[2019-06-24T10:04:00.831+0000][1][safepoint    ] Leaving safepoint region
[2019-06-24T10:04:00.831+0000][1][safepoint    ] Total time for which application threads were stopped: 0.0009038 seconds, Stopping threads took: 0.0007796 seconds
[2019-06-24T10:04:01.832+0000][1][safepoint    ] Application time: 1.0001767 seconds
[2019-06-24T10:04:01.832+0000][1][safepoint    ] Entering safepoint region: Cleanup
[2019-06-24T10:04:01.832+0000][1][safepoint    ] Leaving safepoint region
[2019-06-24T10:04:01.832+0000][1][safepoint    ] Total time for which application threads were stopped: 0.0002641 seconds, Stopping threads took: 0.0000626 seconds
[2019-06-24T10:04:02.832+0000][1][safepoint    ] Application time: 1.0002784 seconds
[2019-06-24T10:04:02.832+0000][1][safepoint    ] Entering safepoint region: Cleanup
[2019-06-24T10:04:02.833+0000][1][safepoint    ] Leaving safepoint region
[2019-06-24T10:04:02.833+0000][1][safepoint    ] Total time for which application threads were stopped: 0.0003318 seconds, Stopping threads took: 0.0000647 seconds
[2019-06-24T10:04:03.833+0000][1][safepoint    ] Application time: 1.0001590 seconds
[2019-06-24T10:04:03.833+0000][1][safepoint    ] Entering safepoint region: Cleanup
[2019-06-24T10:04:03.833+0000][1][safepoint    ] Leaving safepoint region
[2019-06-24T10:04:03.833+0000][1][safepoint    ] Total time for which application threads were stopped: 0.0001497 seconds, Stopping threads took: 0.0000294 seconds
[2019-06-24T10:04:04.833+0000][1][safepoint    ] Application time: 1.0001414 seconds
[2019-06-24T10:04:04.833+0000][1][safepoint    ] Entering safepoint region: Cleanup
[2019-06-24T10:04:04.834+0000][1][safepoint    ] Leaving safepoint region
[2019-06-24T10:04:04.834+0000][1][safepoint    ] Total time for which application threads were stopped: 0.0001416 seconds, Stopping threads took: 0.0000279 seconds
[2019-06-24T10:04:05.834+0000][1][safepoint    ] Application time: 1.0003115 seconds
[2019-06-24T10:04:05.834+0000][1][safepoint    ] Entering safepoint region: Cleanup
[2019-06-24T10:04:05.834+0000][1][safepoint    ] Leaving safepoint region
[2019-06-24T10:04:05.834+0000][1][safepoint    ] Total time for which application threads were stopped: 0.0001346 seconds, Stopping threads took: 0.0000272 seconds
[2019-06-24T10:04:07.834+0000][1][safepoint    ] Application time: 2.0003632 seconds
[2019-06-24T10:04:07.835+0000][1][safepoint    ] Entering safepoint region: Cleanup
[2019-06-24T10:04:07.835+0000][1][safepoint    ] Leaving safepoint region
[2019-06-24T10:04:07.835+0000][1][safepoint    ] Total time for which application threads were stopped: 0.0002771 seconds, Stopping threads took: 0.0000695 seconds
[2019-06-24T10:04:09.835+0000][1][safepoint    ] Application time: 2.0004695 seconds
[2019-06-24T10:04:09.835+0000][1][safepoint    ] Entering safepoint region: Cleanup
[2019-06-24T10:04:09.836+0000][1][safepoint    ] Leaving safepoint region
[2019-06-24T10:04:09.836+0000][1][safepoint    ] Total time for which application threads were stopped: 0.0001617 seconds, Stopping threads took: 0.0000388 seconds
[2019-06-24T10:04:11.836+0000][1][safepoint    ] Application time: 2.0004502 seconds
[2019-06-24T10:04:11.836+0000][1][safepoint    ] Entering safepoint region: Cleanup
[2019-06-24T10:04:11.836+0000][1][safepoint    ] Leaving safepoint region
[2019-06-24T10:04:11.836+0000][1][safepoint    ] Total time for which application threads were stopped: 0.0001414 seconds, Stopping threads took: 0.0000277 seconds
[2019-06-24T10:04:12.847+0000][1][safepoint    ] Application time: 1.0111397 seconds
[2019-06-24T10:04:12.847+0000][1][safepoint    ] Entering safepoint region: Cleanup
[2019-06-24T10:04:12.848+0000][1][safepoint    ] Leaving safepoint region
[2019-06-24T10:04:12.848+0000][1][safepoint    ] Total time for which application threads were stopped: 0.0001048 seconds, Stopping threads took: 0.0000282 seconds
[2019-06-24T10:04:15.848+0000][1][safepoint    ] Application time: 3.0004656 seconds
[2019-06-24T10:04:15.848+0000][1][safepoint    ] Entering safepoint region: Cleanup
[2019-06-24T10:04:15.848+0000][1][safepoint    ] Leaving safepoint region
[2019-06-24T10:04:15.848+0000][1][safepoint    ] Total time for which application threads were stopped: 0.0002840 seconds, Stopping threads took: 0.0001248 seconds
[2019-06-24T10:04:20.849+0000][1][safepoint    ] Application time: 5.0009461 seconds
[2019-06-24T10:04:20.849+0000][1][safepoint    ] Entering safepoint region: Cleanup
[2019-06-24T10:04:20.850+0000][1][safepoint    ] Leaving safepoint region
[2019-06-24T10:04:20.850+0000][1][safepoint    ] Total time for which application threads were stopped: 0.0001299 seconds, Stopping threads took: 0.0000254 seconds
[2019-06-24T10:04:21.850+0000][1][safepoint    ] Application time: 1.0001274 seconds
[2019-06-24T10:04:21.850+0000][1][safepoint    ] Entering safepoint region: Cleanup
[2019-06-24T10:04:21.850+0000][1][safepoint    ] Leaving safepoint region
[2019-06-24T10:04:21.850+0000][1][safepoint    ] Total time for which application threads were stopped: 0.0001111 seconds, Stopping threads took: 0.0000230 seconds
[2019-06-24T10:04:22.850+0000][1][safepoint    ] Application time: 1.0001645 seconds
[2019-06-24T10:04:22.850+0000][1][safepoint    ] Entering safepoint region: Cleanup
[2019-06-24T10:04:22.850+0000][1][safepoint    ] Leaving safepoint region
[2019-06-24T10:04:22.850+0000][1][safepoint    ] Total time for which application threads were stopped: 0.0002370 seconds, Stopping threads took: 0.0000561 seconds
[2019-06-24T10:04:23.851+0000][1][safepoint    ] Application time: 1.0001486 seconds
[2019-06-24T10:04:23.851+0000][1][safepoint    ] Entering safepoint region: Cleanup
[2019-06-24T10:04:23.851+0000][1][safepoint    ] Leaving safepoint region
[2019-06-24T10:04:23.851+0000][1][safepoint    ] Total time for which application threads were stopped: 0.0001139 seconds, Stopping threads took: 0.0000278 seconds
[2019-06-24T10:04:25.851+0000][1][safepoint    ] Application time: 2.0002303 seconds
[2019-06-24T10:04:25.851+0000][1][safepoint    ] Entering safepoint region: Cleanup
[2019-06-24T10:04:25.851+0000][1][safepoint    ] Leaving safepoint region
[2019-06-24T10:04:25.851+0000][1][safepoint    ] Total time for which application threads were stopped: 0.0001169 seconds, Stopping threads took: 0.0000272 seconds
[2019-06-24T10:04:27.852+0000][1][safepoint    ] Application time: 2.0004590 seconds
[2019-06-24T10:04:27.852+0000][1][safepoint    ] Entering safepoint region: Cleanup
[2019-06-24T10:04:27.852+0000][1][safepoint    ] Leaving safepoint region
[2019-06-24T10:04:27.852+0000][1][safepoint    ] Total time for which application threads were stopped: 0.0001165 seconds, Stopping threads took: 0.0000271 seconds
[2019-06-24T10:04:28.852+0000][1][safepoint    ] Application time: 1.0002485 seconds
[2019-06-24T10:04:28.852+0000][1][safepoint    ] Entering safepoint region: Cleanup
[2019-06-24T10:04:28.852+0000][1][safepoint    ] Leaving safepoint region
[2019-06-24T10:04:28.852+0000][1][safepoint    ] Total time for which application threads were stopped: 0.0001360 seconds, Stopping threads took: 0.0000431 seconds
[2019-06-24T10:04:31.853+0000][1][safepoint    ] Application time: 3.0004969 seconds
[2019-06-24T10:04:31.853+0000][1][safepoint    ] Entering safepoint region: Cleanup
[2019-06-24T10:04:31.853+0000][1][safepoint    ] Leaving safepoint region
[2019-06-24T10:04:31.853+0000][1][safepoint    ] Total time for which application threads were stopped: 0.0002718 seconds, Stopping threads took: 0.0000626 seconds
[2019-06-24T10:04:38.854+0000][1][safepoint    ] Application time: 7.0010344 seconds
[2019-06-24T10:04:38.854+0000][1][safepoint    ] Entering safepoint region: Cleanup
[2019-06-24T10:04:38.855+0000][1][safepoint    ] Leaving safepoint region
[2019-06-24T10:04:38.855+0000][1][safepoint    ] Total time for which application threads were stopped: 0.0004311 seconds, Stopping threads took: 0.0001649 seconds
[2019-06-24T10:04:40.855+0000][1][safepoint    ] Application time: 2.0003932 seconds
[2019-06-24T10:04:40.855+0000][1][safepoint    ] Entering safepoint region: Cleanup
[2019-06-24T10:04:40.856+0000][1][safepoint    ] Leaving safepoint region
[2019-06-24T10:04:40.856+0000][1][safepoint    ] Total time for which application threads were stopped: 0.0003427 seconds, Stopping threads took: 0.0001352 seconds
[2019-06-24T10:04:41.856+0000][1][safepoint    ] Application time: 1.0001520 seconds
[2019-06-24T10:04:41.856+0000][1][safepoint    ] Entering safepoint region: Cleanup
[2019-06-24T10:04:41.856+0000][1][safepoint    ] Leaving safepoint region
[2019-06-24T10:04:41.856+0000][1][safepoint    ] Total time for which application threads were stopped: 0.0000892 seconds, Stopping threads took: 0.0000192 seconds
[2019-06-24T10:04:42.856+0000][1][safepoint    ] Application time: 1.0002319 seconds
[2019-06-24T10:04:42.856+0000][1][safepoint    ] Entering safepoint region: Cleanup
[2019-06-24T10:04:42.857+0000][1][safepoint    ] Leaving safepoint region
[2019-06-24T10:04:42.857+0000][1][safepoint    ] Total time for which application threads were stopped: 0.0002281 seconds, Stopping threads took: 0.0000558 seconds
[2019-06-24T10:04:43.857+0000][1][safepoint    ] Application time: 1.0001399 seconds
[2019-06-24T10:04:43.857+0000][1][safepoint    ] Entering safepoint region: Cleanup
[2019-06-24T10:04:43.857+0000][1][safepoint    ] Leaving safepoint region
[2019-06-24T10:04:43.857+0000][1][safepoint    ] Total time for which application threads were stopped: 0.0001021 seconds, Stopping threads took: 0.0000223 seconds
[2019-06-24T10:04:44.857+0000][1][safepoint    ] Application time: 1.0001853 seconds
[2019-06-24T10:04:44.857+0000][1][safepoint    ] Entering safepoint region: Cleanup
[2019-06-24T10:04:44.857+0000][1][safepoint    ] Leaving safepoint region
[2019-06-24T10:04:44.857+0000][1][safepoint    ] Total time for which application threads were stopped: 0.0002464 seconds, Stopping threads took: 0.0000628 seconds
[2019-06-24T10:04:45.858+0000][1][safepoint    ] Application time: 1.0001414 seconds
[2019-06-24T10:04:45.858+0000][1][safepoint    ] Entering safepoint region: Cleanup
[2019-06-24T10:04:45.858+0000][1][safepoint    ] Leaving safepoint region
[2019-06-24T10:04:45.858+0000][1][safepoint    ] Total time for which application threads were stopped: 0.0002596 seconds, Stopping threads took: 0.0000676 seconds
[2019-06-24T10:04:46.858+0000][1][safepoint    ] Application time: 1.0002571 seconds
[2019-06-24T10:04:46.858+0000][1][safepoint    ] Entering safepoint region: Cleanup
[2019-06-24T10:04:46.859+0000][1][safepoint    ] Leaving safepoint region
[2019-06-24T10:04:46.859+0000][1][safepoint    ] Total time for which application threads were stopped: 0.0003541 seconds, Stopping threads took: 0.0000637 seconds
[2019-06-24T10:04:47.859+0000][1][safepoint    ] Application time: 1.0002554 seconds
[2019-06-24T10:04:47.859+0000][1][safepoint    ] Entering safepoint region: Cleanup
[2019-06-24T10:04:47.859+0000][1][safepoint    ] Leaving safepoint region
[2019-06-24T10:04:47.859+0000][1][safepoint    ] Total time for which application threads were stopped: 0.0002894 seconds, Stopping threads took: 0.0000628 seconds
[2019-06-24T10:04:48.860+0000][1][safepoint    ] Application time: 1.0001005 seconds
[2019-06-24T10:04:48.860+0000][1][safepoint    ] Entering safepoint region: Cleanup
[2019-06-24T10:04:48.860+0000][1][safepoint    ] Leaving safepoint region
[2019-06-24T10:04:48.860+0000][1][safepoint    ] Total time for which application threads were stopped: 0.0000963 seconds, Stopping threads took: 0.0000223 seconds
[2019-06-24T10:04:49.860+0000][1][safepoint    ] Application time: 1.0002422 seconds
[2019-06-24T10:04:49.860+0000][1][safepoint    ] Entering safepoint region: Cleanup
[2019-06-24T10:04:49.860+0000][1][safepoint    ] Leaving safepoint region
[2019-06-24T10:04:49.860+0000][1][safepoint    ] Total time for which application threads were stopped: 0.0003027 seconds, Stopping threads took: 0.0000651 seconds
[2019-06-24T10:04:50.861+0000][1][safepoint    ] Application time: 1.0002764 seconds
[2019-06-24T10:04:50.861+0000][1][safepoint    ] Entering safepoint region: Cleanup
[2019-06-24T10:04:50.861+0000][1][safepoint    ] Leaving safepoint region
[2019-06-24T10:04:50.861+0000][1][safepoint    ] Total time for which application threads were stopped: 0.0002566 seconds, Stopping threads took: 0.0000639 seconds
[2019-06-24T10:04:51.861+0000][1][safepoint    ] Application time: 1.0001343 seconds
[2019-06-24T10:04:51.861+0000][1][safepoint    ] Entering safepoint region: Cleanup
[2019-06-24T10:04:51.861+0000][1][safepoint    ] Leaving safepoint region
[2019-06-24T10:04:51.861+0000][1][safepoint    ] Total time for which application threads were stopped: 0.0000846 seconds, Stopping threads took: 0.0000206 seconds
[2019-06-24T10:04:52.862+0000][1][safepoint    ] Application time: 1.0002429 seconds
[2019-06-24T10:04:52.862+0000][1][safepoint    ] Entering safepoint region: Cleanup
[2019-06-24T10:04:52.862+0000][1][safepoint    ] Leaving safepoint region
[2019-06-24T10:04:52.862+0000][1][safepoint    ] Total time for which application threads were stopped: 0.0002542 seconds, Stopping threads took: 0.0000650 seconds
[2019-06-24T10:04:53.862+0000][1][safepoint    ] Application time: 1.0001732 seconds
[2019-06-24T10:04:53.862+0000][1][safepoint    ] Entering safepoint region: Cleanup
[2019-06-24T10:04:53.862+0000][1][safepoint    ] Leaving safepoint region
[2019-06-24T10:04:53.863+0000][1][safepoint    ] Total time for which application threads were stopped: 0.0002883 seconds, Stopping threads took: 0.0000559 seconds
[2019-06-24T10:04:54.863+0000][1][safepoint    ] Application time: 1.0001549 seconds
[2019-06-24T10:04:54.863+0000][1][safepoint    ] Entering safepoint region: Cleanup
[2019-06-24T10:04:54.863+0000][1][safepoint    ] Leaving safepoint region
[2019-06-24T10:04:54.863+0000][1][safepoint    ] Total time for which application threads were stopped: 0.0003234 seconds, Stopping threads took: 0.0000651 seconds
[2019-06-24T10:04:55.863+0000][1][safepoint    ] Application time: 1.0001806 seconds
[2019-06-24T10:04:55.864+0000][1][safepoint    ] Entering safepoint region: Cleanup
[2019-06-24T10:04:55.864+0000][1][safepoint    ] Leaving safepoint region
[2019-06-24T10:04:55.864+0000][1][safepoint    ] Total time for which application threads were stopped: 0.0002457 seconds, Stopping threads took: 0.0000589 seconds
[2019-06-24T10:04:56.864+0000][1][safepoint    ] Application time: 1.0001825 seconds
[2019-06-24T10:04:56.864+0000][1][safepoint    ] Entering safepoint region: Cleanup
[2019-06-24T10:04:56.864+0000][1][safepoint    ] Leaving safepoint region
[2019-06-24T10:04:56.864+0000][1][safepoint    ] Total time for which application threads were stopped: 0.0003077 seconds, Stopping threads took: 0.0000692 seconds
[2019-06-24T10:04:57.865+0000][1][safepoint    ] Application time: 1.0001858 seconds
[2019-06-24T10:04:57.865+0000][1][safepoint    ] Entering safepoint region: Cleanup
[2019-06-24T10:04:57.865+0000][1][safepoint    ] Leaving safepoint region
[2019-06-24T10:04:57.865+0000][1][safepoint    ] Total time for which application threads were stopped: 0.0002669 seconds, Stopping threads took: 0.0000666 seconds
[2019-06-24T10:04:58.865+0000][1][safepoint    ] Application time: 1.0001862 seconds
[2019-06-24T10:04:58.865+0000][1][safepoint    ] Entering safepoint region: Cleanup
[2019-06-24T10:04:58.865+0000][1][safepoint    ] Leaving safepoint region
[2019-06-24T10:04:58.866+0000][1][safepoint    ] Total time for which application threads were stopped: 0.0002616 seconds, Stopping threads took: 0.0000609 seconds
[2019-06-24T10:04:59.866+0000][1][safepoint    ] Application time: 1.0001983 seconds
[2019-06-24T10:04:59.866+0000][1][safepoint    ] Entering safepoint region: Cleanup
[2019-06-24T10:04:59.866+0000][1][safepoint    ] Leaving safepoint region
[2019-06-24T10:04:59.866+0000][1][safepoint    ] Total time for which application threads were stopped: 0.0003425 seconds, Stopping threads took: 0.0001209 seconds
[2019-06-24T10:05:00.867+0000][1][safepoint    ] Application time: 1.0002686 seconds
[2019-06-24T10:05:00.867+0000][1][safepoint    ] Entering safepoint region: Cleanup
[2019-06-24T10:05:00.867+0000][1][safepoint    ] Leaving safepoint region
[2019-06-24T10:05:00.867+0000][1][safepoint    ] Total time for which application threads were stopped: 0.0003459 seconds, Stopping threads took: 0.0000630 seconds
[2019-06-24T10:05:01.867+0000][1][safepoint    ] Application time: 1.0002821 seconds
[2019-06-24T10:05:01.867+0000][1][safepoint    ] Entering safepoint region: Cleanup
[2019-06-24T10:05:01.869+0000][1][safepoint    ] Leaving safepoint region
[2019-06-24T10:05:01.869+0000][1][safepoint    ] Total time for which application threads were stopped: 0.0013668 seconds, Stopping threads took: 0.0011140 seconds
[2019-06-24T10:05:02.869+0000][1][safepoint    ] Application time: 1.0002680 seconds
[2019-06-24T10:05:02.869+0000][1][safepoint    ] Entering safepoint region: Cleanup
[2019-06-24T10:05:02.869+0000][1][safepoint    ] Leaving safepoint region
[2019-06-24T10:05:02.869+0000][1][safepoint    ] Total time for which application threads were stopped: 0.0002425 seconds, Stopping threads took: 0.0000634 seconds
[2019-06-24T10:05:03.870+0000][1][safepoint    ] Application time: 1.0001887 seconds
[2019-06-24T10:05:03.870+0000][1][safepoint    ] Entering safepoint region: Cleanup
[2019-06-24T10:05:03.870+0000][1][safepoint    ] Leaving safepoint region
[2019-06-24T10:05:03.870+0000][1][safepoint    ] Total time for which application threads were stopped: 0.0002595 seconds, Stopping threads took: 0.0000641 seconds
[2019-06-24T10:05:04.870+0000][1][safepoint    ] Application time: 1.0002573 seconds
[2019-06-24T10:05:04.870+0000][1][safepoint    ] Entering safepoint region: Cleanup
[2019-06-24T10:05:04.871+0000][1][safepoint    ] Leaving safepoint region
[2019-06-24T10:05:04.871+0000][1][safepoint    ] Total time for which application threads were stopped: 0.0004141 seconds, Stopping threads took: 0.0001384 seconds
[2019-06-24T10:05:05.871+0000][1][safepoint    ] Application time: 1.0001402 seconds
[2019-06-24T10:05:05.871+0000][1][safepoint    ] Entering safepoint region: Cleanup
[2019-06-24T10:05:05.871+0000][1][safepoint    ] Leaving safepoint region
[2019-06-24T10:05:05.871+0000][1][safepoint    ] Total time for which application threads were stopped: 0.0000827 seconds, Stopping threads took: 0.0000183 seconds
[2019-06-24T10:05:06.871+0000][1][safepoint    ] Application time: 1.0001078 seconds
[2019-06-24T10:05:06.871+0000][1][safepoint    ] Entering safepoint region: Cleanup
[2019-06-24T10:05:06.872+0000][1][safepoint    ] Leaving safepoint region
[2019-06-24T10:05:06.872+0000][1][safepoint    ] Total time for which application threads were stopped: 0.0002541 seconds, Stopping threads took: 0.0000514 seconds
[2019-06-24T10:05:07.872+0000][1][safepoint    ] Application time: 1.0002546 seconds
[2019-06-24T10:05:07.872+0000][1][safepoint    ] Entering safepoint region: Cleanup
[2019-06-24T10:05:07.872+0000][1][safepoint    ] Leaving safepoint region
[2019-06-24T10:05:07.872+0000][1][safepoint    ] Total time for which application threads were stopped: 0.0002580 seconds, Stopping threads took: 0.0000557 seconds
[2019-06-24T10:05:08.872+0000][1][safepoint    ] Application time: 1.0001317 seconds
[2019-06-24T10:05:08.873+0000][1][safepoint    ] Entering safepoint region: Cleanup
[2019-06-24T10:05:08.873+0000][1][safepoint    ] Leaving safepoint region
[2019-06-24T10:05:08.873+0000][1][safepoint    ] Total time for which application threads were stopped: 0.0002495 seconds, Stopping threads took: 0.0000535 seconds
[2019-06-24T10:05:09.873+0000][1][safepoint    ] Application time: 1.0001199 seconds
[2019-06-24T10:05:09.873+0000][1][safepoint    ] Entering safepoint region: Cleanup
[2019-06-24T10:05:09.873+0000][1][safepoint    ] Leaving safepoint region
[2019-06-24T10:05:09.873+0000][1][safepoint    ] Total time for which application threads were stopped: 0.0002871 seconds, Stopping threads took: 0.0000520 seconds
[2019-06-24T10:05:10.873+0000][1][safepoint    ] Application time: 1.0000896 seconds
[2019-06-24T10:05:10.873+0000][1][safepoint    ] Entering safepoint region: Cleanup
[2019-06-24T10:05:10.874+0000][1][safepoint    ] Leaving safepoint region
[2019-06-24T10:05:10.874+0000][1][safepoint    ] Total time for which application threads were stopped: 0.0000828 seconds, Stopping threads took: 0.0000203 seconds
[2019-06-24T10:05:10.890+0000][1][safepoint    ] Application time: 0.0161057 seconds
[2019-06-24T10:05:10.890+0000][1][safepoint    ] Entering safepoint region: GenCollectForAllocation
[2019-06-24T10:05:10.890+0000][1][gc,start     ] GC(23) Pause Young (Allocation Failure)
[2019-06-24T10:05:10.890+0000][1][gc,task      ] GC(23) Using 5 workers of 8 for evacuation
[2019-06-24T10:05:10.896+0000][1][gc,age       ] GC(23) Desired survivor size 4456448 bytes, new threshold 6 (max threshold 6)
[2019-06-24T10:05:10.896+0000][1][gc,age       ] GC(23) Age table with threshold 6 (max threshold 6)
[2019-06-24T10:05:10.896+0000][1][gc,age       ] GC(23) - age   1:      19096 bytes,      19096 total
[2019-06-24T10:05:10.896+0000][1][gc,age       ] GC(23) - age   2:    2491656 bytes,    2510752 total
[2019-06-24T10:05:10.896+0000][1][gc,heap      ] GC(23) ParNew: 78656K->6140K(78656K)
[2019-06-24T10:05:10.896+0000][1][gc,heap      ] GC(23) CMS: 63558K->67070K(174784K)
[2019-06-24T10:05:10.896+0000][1][gc,metaspace ] GC(23) Metaspace: 67356K->67356K(1110016K)
[2019-06-24T10:05:10.896+0000][1][gc           ] GC(23) Pause Young (Allocation Failure) 138M->71M(247M) 6.624ms
[2019-06-24T10:05:10.896+0000][1][gc,cpu       ] GC(23) User=0.03s Sys=0.00s Real=0.01s
[2019-06-24T10:05:10.896+0000][1][safepoint    ] Leaving safepoint region
[2019-06-24T10:05:10.896+0000][1][safepoint    ] Total time for which application threads were stopped: 0.0067818 seconds, Stopping threads took: 0.0000179 seconds
[2019-06-24T10:05:11.897+0000][1][safepoint    ] Application time: 1.0001034 seconds
[2019-06-24T10:05:11.897+0000][1][safepoint    ] Entering safepoint region: Cleanup
[2019-06-24T10:05:11.897+0000][1][safepoint    ] Leaving safepoint region
[2019-06-24T10:05:11.897+0000][1][safepoint    ] Total time for which application threads were stopped: 0.0002087 seconds, Stopping threads took: 0.0000525 seconds
[2019-06-24T10:05:12.897+0000][1][safepoint    ] Application time: 1.0001348 seconds
[2019-06-24T10:05:12.897+0000][1][safepoint    ] Entering safepoint region: Cleanup
[2019-06-24T10:05:12.897+0000][1][safepoint    ] Leaving safepoint region
[2019-06-24T10:05:12.897+0000][1][safepoint    ] Total time for which application threads were stopped: 0.0002941 seconds, Stopping threads took: 0.0000637 seconds
[2019-06-24T10:05:13.898+0000][1][safepoint    ] Application time: 1.0001340 seconds
[2019-06-24T10:05:13.898+0000][1][safepoint    ] Entering safepoint region: Cleanup
[2019-06-24T10:05:13.898+0000][1][safepoint    ] Leaving safepoint region
[2019-06-24T10:05:13.898+0000][1][safepoint    ] Total time for which application threads were stopped: 0.0002458 seconds, Stopping threads took: 0.0000622 seconds
[2019-06-24T10:05:14.898+0000][1][safepoint    ] Application time: 1.0002724 seconds
[2019-06-24T10:05:14.898+0000][1][safepoint    ] Entering safepoint region: Cleanup
[2019-06-24T10:05:14.899+0000][1][safepoint    ] Leaving safepoint region
[2019-06-24T10:05:14.899+0000][1][safepoint    ] Total time for which application threads were stopped: 0.0004372 seconds, Stopping threads took: 0.0001232 seconds
[2019-06-24T10:05:15.899+0000][1][safepoint    ] Application time: 1.0001617 seconds
[2019-06-24T10:05:15.899+0000][1][safepoint    ] Entering safepoint region: Cleanup
[2019-06-24T10:05:15.900+0000][1][safepoint    ] Leaving safepoint region
[2019-06-24T10:05:15.900+0000][1][safepoint    ] Total time for which application threads were stopped: 0.0004636 seconds, Stopping threads took: 0.0002205 seconds
[2019-06-24T10:05:16.900+0000][1][safepoint    ] Application time: 1.0002416 seconds
[2019-06-24T10:05:16.900+0000][1][safepoint    ] Entering safepoint region: Cleanup
[2019-06-24T10:05:16.900+0000][1][safepoint    ] Leaving safepoint region
[2019-06-24T10:05:16.900+0000][1][safepoint    ] Total time for which application threads were stopped: 0.0002490 seconds, Stopping threads took: 0.0000635 seconds
[2019-06-24T10:05:17.900+0000][1][safepoint    ] Application time: 1.0001406 seconds
[2019-06-24T10:05:17.901+0000][1][safepoint    ] Entering safepoint region: Cleanup
[2019-06-24T10:05:17.901+0000][1][safepoint    ] Leaving safepoint region
[2019-06-24T10:05:17.901+0000][1][safepoint    ] Total time for which application threads were stopped: 0.0002563 seconds, Stopping threads took: 0.0000608 seconds
[2019-06-24T10:05:18.901+0000][1][safepoint    ] Application time: 1.0001760 seconds
[2019-06-24T10:05:18.901+0000][1][safepoint    ] Entering safepoint region: Cleanup
[2019-06-24T10:05:18.901+0000][1][safepoint    ] Leaving safepoint region
[2019-06-24T10:05:18.901+0000][1][safepoint    ] Total time for which application threads were stopped: 0.0002870 seconds, Stopping threads took: 0.0000652 seconds
[2019-06-24T10:05:19.902+0000][1][safepoint    ] Application time: 1.0002789 seconds
[2019-06-24T10:05:19.902+0000][1][safepoint    ] Entering safepoint region: Cleanup
[2019-06-24T10:05:19.902+0000][1][safepoint    ] Leaving safepoint region
[2019-06-24T10:05:19.902+0000][1][safepoint    ] Total time for which application threads were stopped: 0.0002586 seconds, Stopping threads took: 0.0000637 seconds
[2019-06-24T10:05:20.902+0000][1][safepoint    ] Application time: 1.0002642 seconds
[2019-06-24T10:05:20.903+0000][1][safepoint    ] Entering safepoint region: Cleanup
[2019-06-24T10:05:20.903+0000][1][safepoint    ] Leaving safepoint region
[2019-06-24T10:05:20.903+0000][1][safepoint    ] Total time for which application threads were stopped: 0.0003041 seconds, Stopping threads took: 0.0000947 seconds
[2019-06-24T10:05:21.903+0000][1][safepoint    ] Application time: 1.0001669 seconds
[2019-06-24T10:05:21.903+0000][1][safepoint    ] Entering safepoint region: Cleanup
[2019-06-24T10:05:21.903+0000][1][safepoint    ] Leaving safepoint region
[2019-06-24T10:05:21.903+0000][1][safepoint    ] Total time for which application threads were stopped: 0.0002344 seconds, Stopping threads took: 0.0000561 seconds
[2019-06-24T10:05:22.903+0000][1][safepoint    ] Application time: 1.0001374 seconds
[2019-06-24T10:05:22.904+0000][1][safepoint    ] Entering safepoint region: Cleanup
[2019-06-24T10:05:22.904+0000][1][safepoint    ] Leaving safepoint region
[2019-06-24T10:05:22.904+0000][1][safepoint    ] Total time for which application threads were stopped: 0.0001142 seconds, Stopping threads took: 0.0000258 seconds
[2019-06-24T10:05:23.904+0000][1][safepoint    ] Application time: 1.0002736 seconds
[2019-06-24T10:05:23.904+0000][1][safepoint    ] Entering safepoint region: Cleanup
[2019-06-24T10:05:23.904+0000][1][safepoint    ] Leaving safepoint region
[2019-06-24T10:05:23.904+0000][1][safepoint    ] Total time for which application threads were stopped: 0.0001202 seconds, Stopping threads took: 0.0000292 seconds
[2019-06-24T10:05:24.904+0000][1][safepoint    ] Application time: 1.0002428 seconds
[2019-06-24T10:05:24.904+0000][1][safepoint    ] Entering safepoint region: Cleanup
[2019-06-24T10:05:24.905+0000][1][safepoint    ] Leaving safepoint region
[2019-06-24T10:05:24.905+0000][1][safepoint    ] Total time for which application threads were stopped: 0.0002829 seconds, Stopping threads took: 0.0001029 seconds
[2019-06-24T10:05:25.905+0000][1][safepoint    ] Application time: 1.0002672 seconds
[2019-06-24T10:05:25.905+0000][1][safepoint    ] Entering safepoint region: Cleanup
[2019-06-24T10:05:25.905+0000][1][safepoint    ] Leaving safepoint region
[2019-06-24T10:05:25.905+0000][1][safepoint    ] Total time for which application threads were stopped: 0.0002607 seconds, Stopping threads took: 0.0000637 seconds
[2019-06-24T10:05:26.906+0000][1][safepoint    ] Application time: 1.0002536 seconds
[2019-06-24T10:05:26.906+0000][1][safepoint    ] Entering safepoint region: Cleanup
[2019-06-24T10:05:26.906+0000][1][safepoint    ] Leaving safepoint region
[2019-06-24T10:05:26.906+0000][1][safepoint    ] Total time for which application threads were stopped: 0.0002357 seconds, Stopping threads took: 0.0000604 seconds
[2019-06-24T10:05:27.906+0000][1][safepoint    ] Application time: 1.0001767 seconds
[2019-06-24T10:05:27.906+0000][1][safepoint    ] Entering safepoint region: Cleanup
[2019-06-24T10:05:27.907+0000][1][safepoint    ] Leaving safepoint region
[2019-06-24T10:05:27.907+0000][1][safepoint    ] Total time for which application threads were stopped: 0.0003083 seconds, Stopping threads took: 0.0000581 seconds
[2019-06-24T10:05:28.907+0000][1][safepoint    ] Application time: 1.0000986 seconds
[2019-06-24T10:05:28.907+0000][1][safepoint    ] Entering safepoint region: Cleanup
[2019-06-24T10:05:28.907+0000][1][safepoint    ] Leaving safepoint region
[2019-06-24T10:05:28.907+0000][1][safepoint    ] Total time for which application threads were stopped: 0.0001237 seconds, Stopping threads took: 0.0000281 seconds
[2019-06-24T10:05:29.907+0000][1][safepoint    ] Application time: 1.0001907 seconds
[2019-06-24T10:05:29.907+0000][1][safepoint    ] Entering safepoint region: Cleanup
[2019-06-24T10:05:29.907+0000][1][safepoint    ] Leaving safepoint region
[2019-06-24T10:05:29.908+0000][1][safepoint    ] Total time for which application threads were stopped: 0.0002635 seconds, Stopping threads took: 0.0000649 seconds
[2019-06-24T10:05:30.908+0000][1][safepoint    ] Application time: 1.0001388 seconds
[2019-06-24T10:05:30.908+0000][1][safepoint    ] Entering safepoint region: Cleanup
[2019-06-24T10:05:30.908+0000][1][safepoint    ] Leaving safepoint region
[2019-06-24T10:05:30.908+0000][1][safepoint    ] Total time for which application threads were stopped: 0.0000904 seconds, Stopping threads took: 0.0000193 seconds
[2019-06-24T10:05:31.908+0000][1][safepoint    ] Application time: 1.0002142 seconds
[2019-06-24T10:05:31.908+0000][1][safepoint    ] Entering safepoint region: Cleanup
[2019-06-24T10:05:31.908+0000][1][safepoint    ] Leaving safepoint region
[2019-06-24T10:05:31.908+0000][1][safepoint    ] Total time for which application threads were stopped: 0.0002712 seconds, Stopping threads took: 0.0000652 seconds
[2019-06-24T10:05:32.909+0000][1][safepoint    ] Application time: 1.0001418 seconds
[2019-06-24T10:05:32.909+0000][1][safepoint    ] Entering safepoint region: Cleanup
[2019-06-24T10:05:32.909+0000][1][safepoint    ] Leaving safepoint region
[2019-06-24T10:05:32.909+0000][1][safepoint    ] Total time for which application threads were stopped: 0.0002230 seconds, Stopping threads took: 0.0000557 seconds
[2019-06-24T10:05:33.909+0000][1][safepoint    ] Application time: 1.0003143 seconds
[2019-06-24T10:05:33.909+0000][1][safepoint    ] Entering safepoint region: Cleanup
[2019-06-24T10:05:33.909+0000][1][safepoint    ] Leaving safepoint region
[2019-06-24T10:05:33.909+0000][1][safepoint    ] Total time for which application threads were stopped: 0.0001102 seconds, Stopping threads took: 0.0000262 seconds
[2019-06-24T10:05:34.910+0000][1][safepoint    ] Application time: 1.0000851 seconds
[2019-06-24T10:05:34.910+0000][1][safepoint    ] Entering safepoint region: Cleanup
[2019-06-24T10:05:34.910+0000][1][safepoint    ] Leaving safepoint region
[2019-06-24T10:05:34.910+0000][1][safepoint    ] Total time for which application threads were stopped: 0.0001708 seconds, Stopping threads took: 0.0000357 seconds
[2019-06-24T10:05:35.911+0000][1][safepoint    ] Application time: 1.0015833 seconds
[2019-06-24T10:05:35.912+0000][1][safepoint    ] Entering safepoint region: Cleanup
[2019-06-24T10:05:35.912+0000][1][safepoint    ] Leaving safepoint region
[2019-06-24T10:05:35.912+0000][1][safepoint    ] Total time for which application threads were stopped: 0.0003868 seconds, Stopping threads took: 0.0001215 seconds
[2019-06-24T10:05:36.912+0000][1][safepoint    ] Application time: 1.0001816 seconds
[2019-06-24T10:05:36.912+0000][1][safepoint    ] Entering safepoint region: Cleanup
[2019-06-24T10:05:36.912+0000][1][safepoint    ] Leaving safepoint region
[2019-06-24T10:05:36.912+0000][1][safepoint    ] Total time for which application threads were stopped: 0.0002343 seconds, Stopping threads took: 0.0000883 seconds
[2019-06-24T10:05:37.913+0000][1][safepoint    ] Application time: 1.0002525 seconds
[2019-06-24T10:05:37.913+0000][1][safepoint    ] Entering safepoint region: Cleanup
[2019-06-24T10:05:37.913+0000][1][safepoint    ] Leaving safepoint region
[2019-06-24T10:05:37.913+0000][1][safepoint    ] Total time for which application threads were stopped: 0.0003397 seconds, Stopping threads took: 0.0001324 seconds
[2019-06-24T10:05:38.913+0000][1][safepoint    ] Application time: 1.0001854 seconds
[2019-06-24T10:05:38.914+0000][1][safepoint    ] Entering safepoint region: Cleanup
[2019-06-24T10:05:38.914+0000][1][safepoint    ] Leaving safepoint region
[2019-06-24T10:05:38.914+0000][1][safepoint    ] Total time for which application threads were stopped: 0.0002448 seconds, Stopping threads took: 0.0000744 seconds
[2019-06-24T10:05:39.914+0000][1][safepoint    ] Application time: 1.0001023 seconds
[2019-06-24T10:05:39.914+0000][1][safepoint    ] Entering safepoint region: Cleanup
[2019-06-24T10:05:39.914+0000][1][safepoint    ] Leaving safepoint region
[2019-06-24T10:05:39.914+0000][1][safepoint    ] Total time for which application threads were stopped: 0.0001240 seconds, Stopping threads took: 0.0000301 seconds
[2019-06-24T10:05:40.914+0000][1][safepoint    ] Application time: 1.0002400 seconds
[2019-06-24T10:05:40.914+0000][1][safepoint    ] Entering safepoint region: Cleanup
[2019-06-24T10:05:40.915+0000][1][safepoint    ] Leaving safepoint region
[2019-06-24T10:05:40.915+0000][1][safepoint    ] Total time for which application threads were stopped: 0.0003837 seconds, Stopping threads took: 0.0001653 seconds
[2019-06-24T10:05:41.915+0000][1][safepoint    ] Application time: 1.0001480 seconds
[2019-06-24T10:05:41.915+0000][1][safepoint    ] Entering safepoint region: Cleanup
[2019-06-24T10:05:41.915+0000][1][safepoint    ] Leaving safepoint region
[2019-06-24T10:05:41.915+0000][1][safepoint    ] Total time for which application threads were stopped: 0.0003223 seconds, Stopping threads took: 0.0000690 seconds
[2019-06-24T10:05:42.916+0000][1][safepoint    ] Application time: 1.0002584 seconds
[2019-06-24T10:05:42.916+0000][1][safepoint    ] Entering safepoint region: Cleanup
[2019-06-24T10:05:42.916+0000][1][safepoint    ] Leaving safepoint region
[2019-06-24T10:05:42.916+0000][1][safepoint    ] Total time for which application threads were stopped: 0.0002561 seconds, Stopping threads took: 0.0000883 seconds
[2019-06-24T10:05:43.916+0000][1][safepoint    ] Application time: 1.0001897 seconds
[2019-06-24T10:05:43.916+0000][1][safepoint    ] Entering safepoint region: Cleanup
[2019-06-24T10:05:43.917+0000][1][safepoint    ] Leaving safepoint region
[2019-06-24T10:05:43.917+0000][1][safepoint    ] Total time for which application threads were stopped: 0.0003456 seconds, Stopping threads took: 0.0000642 seconds
[2019-06-24T10:05:44.917+0000][1][safepoint    ] Application time: 1.0001479 seconds
[2019-06-24T10:05:44.917+0000][1][safepoint    ] Entering safepoint region: Cleanup
[2019-06-24T10:05:44.917+0000][1][safepoint    ] Leaving safepoint region
[2019-06-24T10:05:44.917+0000][1][safepoint    ] Total time for which application threads were stopped: 0.0001063 seconds, Stopping threads took: 0.0000198 seconds
[2019-06-24T10:05:45.917+0000][1][safepoint    ] Application time: 1.0001159 seconds
[2019-06-24T10:05:45.917+0000][1][safepoint    ] Entering safepoint region: Cleanup
[2019-06-24T10:05:45.918+0000][1][safepoint    ] Leaving safepoint region
[2019-06-24T10:05:45.918+0000][1][safepoint    ] Total time for which application threads were stopped: 0.0003554 seconds, Stopping threads took: 0.0000646 seconds
[2019-06-24T10:05:46.918+0000][1][safepoint    ] Application time: 1.0002626 seconds
[2019-06-24T10:05:46.918+0000][1][safepoint    ] Entering safepoint region: Cleanup
[2019-06-24T10:05:46.918+0000][1][safepoint    ] Leaving safepoint region
[2019-06-24T10:05:46.918+0000][1][safepoint    ] Total time for which application threads were stopped: 0.0003553 seconds, Stopping threads took: 0.0000908 seconds
[2019-06-24T10:05:47.919+0000][1][safepoint    ] Application time: 1.0001535 seconds
[2019-06-24T10:05:47.919+0000][1][safepoint    ] Entering safepoint region: Cleanup
[2019-06-24T10:05:47.919+0000][1][safepoint    ] Leaving safepoint region
[2019-06-24T10:05:47.919+0000][1][safepoint    ] Total time for which application threads were stopped: 0.0002895 seconds, Stopping threads took: 0.0000800 seconds
[2019-06-24T10:05:48.919+0000][1][safepoint    ] Application time: 1.0001891 seconds
[2019-06-24T10:05:48.919+0000][1][safepoint    ] Entering safepoint region: Cleanup
[2019-06-24T10:05:48.920+0000][1][safepoint    ] Leaving safepoint region
[2019-06-24T10:05:48.920+0000][1][safepoint    ] Total time for which application threads were stopped: 0.0003128 seconds, Stopping threads took: 0.0000837 seconds
[2019-06-24T10:05:49.920+0000][1][safepoint    ] Application time: 1.0002755 seconds
[2019-06-24T10:05:49.920+0000][1][safepoint    ] Entering safepoint region: Cleanup
[2019-06-24T10:05:49.921+0000][1][safepoint    ] Leaving safepoint region
[2019-06-24T10:05:49.921+0000][1][safepoint    ] Total time for which application threads were stopped: 0.0003883 seconds, Stopping threads took: 0.0000940 seconds
[2019-06-24T10:05:50.921+0000][1][safepoint    ] Application time: 1.0001366 seconds
[2019-06-24T10:05:50.921+0000][1][safepoint    ] Entering safepoint region: Cleanup
[2019-06-24T10:05:50.921+0000][1][safepoint    ] Leaving safepoint region
[2019-06-24T10:05:50.921+0000][1][safepoint    ] Total time for which application threads were stopped: 0.0000875 seconds, Stopping threads took: 0.0000240 seconds
[2019-06-24T10:05:51.921+0000][1][safepoint    ] Application time: 1.0002310 seconds
[2019-06-24T10:05:51.921+0000][1][safepoint    ] Entering safepoint region: Cleanup
[2019-06-24T10:05:51.921+0000][1][safepoint    ] Leaving safepoint region
[2019-06-24T10:05:51.922+0000][1][safepoint    ] Total time for which application threads were stopped: 0.0002947 seconds, Stopping threads took: 0.0000962 seconds
[2019-06-24T10:05:52.922+0000][1][safepoint    ] Application time: 1.0002619 seconds
[2019-06-24T10:05:52.922+0000][1][safepoint    ] Entering safepoint region: Cleanup
[2019-06-24T10:05:52.922+0000][1][safepoint    ] Leaving safepoint region
[2019-06-24T10:05:52.922+0000][1][safepoint    ] Total time for which application threads were stopped: 0.0003271 seconds, Stopping threads took: 0.0001066 seconds
[2019-06-24T10:05:53.922+0000][1][safepoint    ] Application time: 1.0001399 seconds
[2019-06-24T10:05:53.923+0000][1][safepoint    ] Entering safepoint region: Cleanup
[2019-06-24T10:05:53.923+0000][1][safepoint    ] Leaving safepoint region
[2019-06-24T10:05:53.923+0000][1][safepoint    ] Total time for which application threads were stopped: 0.0000856 seconds, Stopping threads took: 0.0000215 seconds
[2019-06-24T10:05:54.923+0000][1][safepoint    ] Application time: 1.0001249 seconds
[2019-06-24T10:05:54.923+0000][1][safepoint    ] Entering safepoint region: Cleanup
[2019-06-24T10:05:54.923+0000][1][safepoint    ] Leaving safepoint region
[2019-06-24T10:05:54.923+0000][1][safepoint    ] Total time for which application threads were stopped: 0.0002853 seconds, Stopping threads took: 0.0000958 seconds
[2019-06-24T10:05:55.923+0000][1][safepoint    ] Application time: 1.0001442 seconds
[2019-06-24T10:05:55.923+0000][1][safepoint    ] Entering safepoint region: Cleanup
[2019-06-24T10:05:55.924+0000][1][safepoint    ] Leaving safepoint region
[2019-06-24T10:05:55.924+0000][1][safepoint    ] Total time for which application threads were stopped: 0.0002766 seconds, Stopping threads took: 0.0000637 seconds
[2019-06-24T10:05:56.924+0000][1][safepoint    ] Application time: 1.0001779 seconds
[2019-06-24T10:05:56.924+0000][1][safepoint    ] Entering safepoint region: Cleanup
[2019-06-24T10:05:56.924+0000][1][safepoint    ] Leaving safepoint region
[2019-06-24T10:05:56.924+0000][1][safepoint    ] Total time for which application threads were stopped: 0.0002413 seconds, Stopping threads took: 0.0000764 seconds
[2019-06-24T10:05:57.925+0000][1][safepoint    ] Application time: 1.0002665 seconds
[2019-06-24T10:05:57.925+0000][1][safepoint    ] Entering safepoint region: Cleanup
[2019-06-24T10:05:57.925+0000][1][safepoint    ] Leaving safepoint region
[2019-06-24T10:05:57.925+0000][1][safepoint    ] Total time for which application threads were stopped: 0.0002523 seconds, Stopping threads took: 0.0000630 seconds
[2019-06-24T10:05:58.925+0000][1][safepoint    ] Application time: 1.0002454 seconds
[2019-06-24T10:05:58.925+0000][1][safepoint    ] Entering safepoint region: Cleanup
[2019-06-24T10:05:58.925+0000][1][safepoint    ] Leaving safepoint region
[2019-06-24T10:05:58.925+0000][1][safepoint    ] Total time for which application threads were stopped: 0.0002416 seconds, Stopping threads took: 0.0000554 seconds
[2019-06-24T10:05:59.926+0000][1][safepoint    ] Application time: 1.0001787 seconds
[2019-06-24T10:05:59.926+0000][1][safepoint    ] Entering safepoint region: Cleanup
[2019-06-24T10:05:59.926+0000][1][safepoint    ] Leaving safepoint region
[2019-06-24T10:05:59.926+0000][1][safepoint    ] Total time for which application threads were stopped: 0.0000871 seconds, Stopping threads took: 0.0000192 seconds
[2019-06-24T10:06:00.926+0000][1][safepoint    ] Application time: 1.0002497 seconds
[2019-06-24T10:06:00.926+0000][1][safepoint    ] Entering safepoint region: Cleanup
[2019-06-24T10:06:00.926+0000][1][safepoint    ] Leaving safepoint region
[2019-06-24T10:06:00.927+0000][1][safepoint    ] Total time for which application threads were stopped: 0.0003853 seconds, Stopping threads took: 0.0000632 seconds
[2019-06-24T10:06:01.927+0000][1][safepoint    ] Application time: 1.0001340 seconds
[2019-06-24T10:06:01.927+0000][1][safepoint    ] Entering safepoint region: Cleanup
[2019-06-24T10:06:01.927+0000][1][safepoint    ] Leaving safepoint region
[2019-06-24T10:06:01.927+0000][1][safepoint    ] Total time for which application threads were stopped: 0.0002578 seconds, Stopping threads took: 0.0000538 seconds
[2019-06-24T10:06:02.927+0000][1][safepoint    ] Application time: 1.0002383 seconds
[2019-06-24T10:06:02.928+0000][1][safepoint    ] Entering safepoint region: Cleanup
[2019-06-24T10:06:02.928+0000][1][safepoint    ] Leaving safepoint region
[2019-06-24T10:06:02.928+0000][1][safepoint    ] Total time for which application threads were stopped: 0.0003595 seconds, Stopping threads took: 0.0000652 seconds
[2019-06-24T10:06:03.928+0000][1][safepoint    ] Application time: 1.0001822 seconds
[2019-06-24T10:06:03.928+0000][1][safepoint    ] Entering safepoint region: Cleanup
[2019-06-24T10:06:03.928+0000][1][safepoint    ] Leaving safepoint region
[2019-06-24T10:06:03.928+0000][1][safepoint    ] Total time for which application threads were stopped: 0.0002595 seconds, Stopping threads took: 0.0000539 seconds
[2019-06-24T10:06:04.929+0000][1][safepoint    ] Application time: 1.0001808 seconds
[2019-06-24T10:06:04.929+0000][1][safepoint    ] Entering safepoint region: Cleanup
[2019-06-24T10:06:04.929+0000][1][safepoint    ] Leaving safepoint region
[2019-06-24T10:06:04.929+0000][1][safepoint    ] Total time for which application threads were stopped: 0.0002560 seconds, Stopping threads took: 0.0000549 seconds
[2019-06-24T10:06:05.929+0000][1][safepoint    ] Application time: 1.0001431 seconds
[2019-06-24T10:06:05.929+0000][1][safepoint    ] Entering safepoint region: Cleanup
[2019-06-24T10:06:05.929+0000][1][safepoint    ] Leaving safepoint region
[2019-06-24T10:06:05.929+0000][1][safepoint    ] Total time for which application threads were stopped: 0.0000907 seconds, Stopping threads took: 0.0000203 seconds
[2019-06-24T10:06:06.930+0000][1][safepoint    ] Application time: 1.0002411 seconds
[2019-06-24T10:06:06.930+0000][1][safepoint    ] Entering safepoint region: Cleanup
[2019-06-24T10:06:06.930+0000][1][safepoint    ] Leaving safepoint region
[2019-06-24T10:06:06.930+0000][1][safepoint    ] Total time for which application threads were stopped: 0.0003730 seconds, Stopping threads took: 0.0001019 seconds
[2019-06-24T10:06:07.930+0000][1][safepoint    ] Application time: 1.0002713 seconds
[2019-06-24T10:06:07.931+0000][1][safepoint    ] Entering safepoint region: Cleanup
[2019-06-24T10:06:07.931+0000][1][safepoint    ] Leaving safepoint region
[2019-06-24T10:06:07.931+0000][1][safepoint    ] Total time for which application threads were stopped: 0.0004511 seconds, Stopping threads took: 0.0001918 seconds
[2019-06-24T10:06:08.931+0000][1][safepoint    ] Application time: 1.0002687 seconds
[2019-06-24T10:06:08.931+0000][1][safepoint    ] Entering safepoint region: Cleanup
[2019-06-24T10:06:08.932+0000][1][safepoint    ] Leaving safepoint region
[2019-06-24T10:06:08.932+0000][1][safepoint    ] Total time for which application threads were stopped: 0.0002976 seconds, Stopping threads took: 0.0000646 seconds
[2019-06-24T10:06:09.932+0000][1][safepoint    ] Application time: 1.0001030 seconds
[2019-06-24T10:06:09.932+0000][1][safepoint    ] Entering safepoint region: Cleanup
[2019-06-24T10:06:09.932+0000][1][safepoint    ] Leaving safepoint region
[2019-06-24T10:06:09.932+0000][1][safepoint    ] Total time for which application threads were stopped: 0.0001779 seconds, Stopping threads took: 0.0000319 seconds
[2019-06-24T10:06:10.932+0000][1][safepoint    ] Application time: 1.0001988 seconds
[2019-06-24T10:06:10.932+0000][1][safepoint    ] Entering safepoint region: Cleanup
[2019-06-24T10:06:10.933+0000][1][safepoint    ] Leaving safepoint region
[2019-06-24T10:06:10.933+0000][1][safepoint    ] Total time for which application threads were stopped: 0.0002838 seconds, Stopping threads took: 0.0000923 seconds
[2019-06-24T10:06:11.933+0000][1][safepoint    ] Application time: 1.0001801 seconds
[2019-06-24T10:06:11.933+0000][1][safepoint    ] Entering safepoint region: Cleanup
[2019-06-24T10:06:11.933+0000][1][safepoint    ] Leaving safepoint region
[2019-06-24T10:06:11.933+0000][1][safepoint    ] Total time for which application threads were stopped: 0.0002609 seconds, Stopping threads took: 0.0000714 seconds
[2019-06-24T10:06:12.933+0000][1][safepoint    ] Application time: 1.0002575 seconds
[2019-06-24T10:06:12.934+0000][1][safepoint    ] Entering safepoint region: Cleanup
[2019-06-24T10:06:12.934+0000][1][safepoint    ] Leaving safepoint region
[2019-06-24T10:06:12.934+0000][1][safepoint    ] Total time for which application threads were stopped: 0.0003482 seconds, Stopping threads took: 0.0001111 seconds
[2019-06-24T10:06:13.934+0000][1][safepoint    ] Application time: 1.0002688 seconds
[2019-06-24T10:06:13.934+0000][1][safepoint    ] Entering safepoint region: Cleanup
[2019-06-24T10:06:13.935+0000][1][safepoint    ] Leaving safepoint region
[2019-06-24T10:06:13.935+0000][1][safepoint    ] Total time for which application threads were stopped: 0.0003440 seconds, Stopping threads took: 0.0000643 seconds
[2019-06-24T10:06:14.935+0000][1][safepoint    ] Application time: 1.0001224 seconds
[2019-06-24T10:06:14.935+0000][1][safepoint    ] Entering safepoint region: Cleanup
[2019-06-24T10:06:14.935+0000][1][safepoint    ] Leaving safepoint region
[2019-06-24T10:06:14.935+0000][1][safepoint    ] Total time for which application threads were stopped: 0.0001298 seconds, Stopping threads took: 0.0000318 seconds
[2019-06-24T10:06:15.974+0000][1][safepoint    ] Application time: 1.0393723 seconds
[2019-06-24T10:06:15.975+0000][1][safepoint    ] Entering safepoint region: Cleanup
[2019-06-24T10:06:15.975+0000][1][safepoint    ] Leaving safepoint region
[2019-06-24T10:06:15.975+0000][1][safepoint    ] Total time for which application threads were stopped: 0.0002161 seconds, Stopping threads took: 0.0000603 seconds
[2019-06-24T10:06:16.975+0000][1][safepoint    ] Application time: 1.0001231 seconds
[2019-06-24T10:06:16.975+0000][1][safepoint    ] Entering safepoint region: Cleanup
[2019-06-24T10:06:16.975+0000][1][safepoint    ] Leaving safepoint region
[2019-06-24T10:06:16.975+0000][1][safepoint    ] Total time for which application threads were stopped: 0.0002007 seconds, Stopping threads took: 0.0000664 seconds
[2019-06-24T10:06:17.975+0000][1][safepoint    ] Application time: 1.0002589 seconds
[2019-06-24T10:06:17.976+0000][1][safepoint    ] Entering safepoint region: Cleanup
[2019-06-24T10:06:17.976+0000][1][safepoint    ] Leaving safepoint region
[2019-06-24T10:06:17.976+0000][1][safepoint    ] Total time for which application threads were stopped: 0.0002262 seconds, Stopping threads took: 0.0000567 seconds
[2019-06-24T10:06:18.976+0000][1][safepoint    ] Application time: 1.0002601 seconds
[2019-06-24T10:06:18.976+0000][1][safepoint    ] Entering safepoint region: Cleanup
[2019-06-24T10:06:18.976+0000][1][safepoint    ] Leaving safepoint region
[2019-06-24T10:06:18.976+0000][1][safepoint    ] Total time for which application threads were stopped: 0.0001831 seconds, Stopping threads took: 0.0000365 seconds
[2019-06-24T10:06:19.976+0000][1][safepoint    ] Application time: 1.0001279 seconds
[2019-06-24T10:06:19.976+0000][1][safepoint    ] Entering safepoint region: Cleanup
[2019-06-24T10:06:19.977+0000][1][safepoint    ] Leaving safepoint region
[2019-06-24T10:06:19.977+0000][1][safepoint    ] Total time for which application threads were stopped: 0.0000793 seconds, Stopping threads took: 0.0000211 seconds
[2019-06-24T10:06:20.977+0000][1][safepoint    ] Application time: 1.0001447 seconds
[2019-06-24T10:06:20.977+0000][1][safepoint    ] Entering safepoint region: Cleanup
[2019-06-24T10:06:20.977+0000][1][safepoint    ] Leaving safepoint region
[2019-06-24T10:06:20.977+0000][1][safepoint    ] Total time for which application threads were stopped: 0.0001205 seconds, Stopping threads took: 0.0000285 seconds
[2019-06-24T10:06:21.977+0000][1][safepoint    ] Application time: 1.0002323 seconds
[2019-06-24T10:06:21.977+0000][1][safepoint    ] Entering safepoint region: Cleanup
[2019-06-24T10:06:21.977+0000][1][safepoint    ] Leaving safepoint region
[2019-06-24T10:06:21.977+0000][1][safepoint    ] Total time for which application threads were stopped: 0.0002438 seconds, Stopping threads took: 0.0000609 seconds
[2019-06-24T10:06:22.978+0000][1][safepoint    ] Application time: 1.0001508 seconds
[2019-06-24T10:06:22.978+0000][1][safepoint    ] Entering safepoint region: Cleanup
[2019-06-24T10:06:22.978+0000][1][safepoint    ] Leaving safepoint region
[2019-06-24T10:06:22.978+0000][1][safepoint    ] Total time for which application threads were stopped: 0.0002680 seconds, Stopping threads took: 0.0000897 seconds
[2019-06-24T10:06:23.978+0000][1][safepoint    ] Application time: 1.0002670 seconds
[2019-06-24T10:06:23.979+0000][1][safepoint    ] Entering safepoint region: Cleanup
[2019-06-24T10:06:23.979+0000][1][safepoint    ] Leaving safepoint region
[2019-06-24T10:06:23.979+0000][1][safepoint    ] Total time for which application threads were stopped: 0.0004396 seconds, Stopping threads took: 0.0001466 seconds
[2019-06-24T10:06:24.979+0000][1][safepoint    ] Application time: 1.0001330 seconds
[2019-06-24T10:06:24.979+0000][1][safepoint    ] Entering safepoint region: Cleanup
[2019-06-24T10:06:24.979+0000][1][safepoint    ] Leaving safepoint region
[2019-06-24T10:06:24.979+0000][1][safepoint    ] Total time for which application threads were stopped: 0.0000936 seconds, Stopping threads took: 0.0000243 seconds
[2019-06-24T10:06:25.979+0000][1][safepoint    ] Application time: 1.0002809 seconds
[2019-06-24T10:06:25.980+0000][1][safepoint    ] Entering safepoint region: Cleanup
[2019-06-24T10:06:25.980+0000][1][safepoint    ] Leaving safepoint region
[2019-06-24T10:06:25.980+0000][1][safepoint    ] Total time for which application threads were stopped: 0.0001192 seconds, Stopping threads took: 0.0000278 seconds
[2019-06-24T10:06:26.980+0000][1][safepoint    ] Application time: 1.0001815 seconds
[2019-06-24T10:06:26.980+0000][1][safepoint    ] Entering safepoint region: Cleanup
[2019-06-24T10:06:26.980+0000][1][safepoint    ] Leaving safepoint region
[2019-06-24T10:06:26.980+0000][1][safepoint    ] Total time for which application threads were stopped: 0.0003811 seconds, Stopping threads took: 0.0000961 seconds
[2019-06-24T10:06:27.981+0000][1][safepoint    ] Application time: 1.0002752 seconds
[2019-06-24T10:06:27.981+0000][1][safepoint    ] Entering safepoint region: Cleanup
[2019-06-24T10:06:27.981+0000][1][safepoint    ] Leaving safepoint region
[2019-06-24T10:06:27.981+0000][1][safepoint    ] Total time for which application threads were stopped: 0.0002472 seconds, Stopping threads took: 0.0000632 seconds
[2019-06-24T10:06:28.981+0000][1][safepoint    ] Application time: 1.0003018 seconds
[2019-06-24T10:06:28.981+0000][1][safepoint    ] Entering safepoint region: Cleanup
[2019-06-24T10:06:28.982+0000][1][safepoint    ] Leaving safepoint region
[2019-06-24T10:06:28.982+0000][1][safepoint    ] Total time for which application threads were stopped: 0.0001839 seconds, Stopping threads took: 0.0000758 seconds
[2019-06-24T10:06:29.982+0000][1][safepoint    ] Application time: 1.0002179 seconds
[2019-06-24T10:06:29.982+0000][1][safepoint    ] Entering safepoint region: Cleanup
[2019-06-24T10:06:29.982+0000][1][safepoint    ] Leaving safepoint region
[2019-06-24T10:06:29.982+0000][1][safepoint    ] Total time for which application threads were stopped: 0.0002932 seconds, Stopping threads took: 0.0000954 seconds
[2019-06-24T10:06:30.983+0000][1][safepoint    ] Application time: 1.0002470 seconds
[2019-06-24T10:06:30.983+0000][1][safepoint    ] Entering safepoint region: Cleanup
[2019-06-24T10:06:30.983+0000][1][safepoint    ] Leaving safepoint region
[2019-06-24T10:06:30.983+0000][1][safepoint    ] Total time for which application threads were stopped: 0.0002948 seconds, Stopping threads took: 0.0000970 seconds
[2019-06-24T10:06:31.983+0000][1][safepoint    ] Application time: 1.0001999 seconds
[2019-06-24T10:06:31.983+0000][1][safepoint    ] Entering safepoint region: Cleanup
[2019-06-24T10:06:31.984+0000][1][safepoint    ] Leaving safepoint region
[2019-06-24T10:06:31.984+0000][1][safepoint    ] Total time for which application threads were stopped: 0.0002856 seconds, Stopping threads took: 0.0000646 seconds
[2019-06-24T10:06:32.984+0000][1][safepoint    ] Application time: 1.0001784 seconds
[2019-06-24T10:06:32.984+0000][1][safepoint    ] Entering safepoint region: Cleanup
[2019-06-24T10:06:32.984+0000][1][safepoint    ] Leaving safepoint region
[2019-06-24T10:06:32.984+0000][1][safepoint    ] Total time for which application threads were stopped: 0.0002695 seconds, Stopping threads took: 0.0000646 seconds
[2019-06-24T10:06:33.984+0000][1][safepoint    ] Application time: 1.0001281 seconds
[2019-06-24T10:06:33.984+0000][1][safepoint    ] Entering safepoint region: Cleanup
[2019-06-24T10:06:33.985+0000][1][safepoint    ] Leaving safepoint region
[2019-06-24T10:06:33.985+0000][1][safepoint    ] Total time for which application threads were stopped: 0.0002402 seconds, Stopping threads took: 0.0000787 seconds
[2019-06-24T10:06:34.985+0000][1][safepoint    ] Application time: 1.0001806 seconds
[2019-06-24T10:06:34.985+0000][1][safepoint    ] Entering safepoint region: Cleanup
[2019-06-24T10:06:34.985+0000][1][safepoint    ] Leaving safepoint region
[2019-06-24T10:06:34.985+0000][1][safepoint    ] Total time for which application threads were stopped: 0.0003221 seconds, Stopping threads took: 0.0001353 seconds
[2019-06-24T10:06:35.986+0000][1][safepoint    ] Application time: 1.0001885 seconds
[2019-06-24T10:06:35.986+0000][1][safepoint    ] Entering safepoint region: Cleanup
[2019-06-24T10:06:35.986+0000][1][safepoint    ] Leaving safepoint region
[2019-06-24T10:06:35.986+0000][1][safepoint    ] Total time for which application threads were stopped: 0.0002720 seconds, Stopping threads took: 0.0001066 seconds
[2019-06-24T10:06:36.986+0000][1][safepoint    ] Application time: 1.0002736 seconds
[2019-06-24T10:06:36.986+0000][1][safepoint    ] Entering safepoint region: Cleanup
[2019-06-24T10:06:36.987+0000][1][safepoint    ] Leaving safepoint region
[2019-06-24T10:06:36.987+0000][1][safepoint    ] Total time for which application threads were stopped: 0.0003826 seconds, Stopping threads took: 0.0000671 seconds
[2019-06-24T10:06:37.987+0000][1][safepoint    ] Application time: 1.0001204 seconds
[2019-06-24T10:06:37.987+0000][1][safepoint    ] Entering safepoint region: Cleanup
[2019-06-24T10:06:37.987+0000][1][safepoint    ] Leaving safepoint region
[2019-06-24T10:06:37.987+0000][1][safepoint    ] Total time for which application threads were stopped: 0.0001857 seconds, Stopping threads took: 0.0000634 seconds
[2019-06-24T10:06:38.987+0000][1][safepoint    ] Application time: 1.0001253 seconds
[2019-06-24T10:06:38.987+0000][1][safepoint    ] Entering safepoint region: Cleanup
[2019-06-24T10:06:38.987+0000][1][safepoint    ] Leaving safepoint region
[2019-06-24T10:06:38.987+0000][1][safepoint    ] Total time for which application threads were stopped: 0.0000947 seconds, Stopping threads took: 0.0000250 seconds
[2019-06-24T10:06:39.987+0000][1][safepoint    ] Application time: 1.0001120 seconds
[2019-06-24T10:06:39.988+0000][1][safepoint    ] Entering safepoint region: Cleanup
[2019-06-24T10:06:39.988+0000][1][safepoint    ] Leaving safepoint region
[2019-06-24T10:06:39.988+0000][1][safepoint    ] Total time for which application threads were stopped: 0.0000853 seconds, Stopping threads took: 0.0000220 seconds
[2019-06-24T10:06:40.988+0000][1][safepoint    ] Application time: 1.0000863 seconds
[2019-06-24T10:06:40.988+0000][1][safepoint    ] Entering safepoint region: Cleanup
[2019-06-24T10:06:40.988+0000][1][safepoint    ] Leaving safepoint region
[2019-06-24T10:06:40.988+0000][1][safepoint    ] Total time for which application threads were stopped: 0.0002592 seconds, Stopping threads took: 0.0001317 seconds
[2019-06-24T10:06:41.988+0000][1][safepoint    ] Application time: 1.0001263 seconds
[2019-06-24T10:06:41.988+0000][1][safepoint    ] Entering safepoint region: Cleanup
[2019-06-24T10:06:41.988+0000][1][safepoint    ] Leaving safepoint region
[2019-06-24T10:06:41.988+0000][1][safepoint    ] Total time for which application threads were stopped: 0.0000818 seconds, Stopping threads took: 0.0000208 seconds
[2019-06-24T10:06:42.988+0000][1][safepoint    ] Application time: 1.0000879 seconds
[2019-06-24T10:06:42.988+0000][1][safepoint    ] Entering safepoint region: Cleanup
[2019-06-24T10:06:42.989+0000][1][safepoint    ] Leaving safepoint region
[2019-06-24T10:06:42.989+0000][1][safepoint    ] Total time for which application threads were stopped: 0.0001214 seconds, Stopping threads took: 0.0000312 seconds
[2019-06-24T10:06:43.989+0000][1][safepoint    ] Application time: 1.0001170 seconds
[2019-06-24T10:06:43.989+0000][1][safepoint    ] Entering safepoint region: Cleanup
[2019-06-24T10:06:43.989+0000][1][safepoint    ] Leaving safepoint region
[2019-06-24T10:06:43.989+0000][1][safepoint    ] Total time for which application threads were stopped: 0.0000972 seconds, Stopping threads took: 0.0000301 seconds
[2019-06-24T10:06:44.989+0000][1][safepoint    ] Application time: 1.0000825 seconds
[2019-06-24T10:06:44.989+0000][1][safepoint    ] Entering safepoint region: Cleanup
[2019-06-24T10:06:44.989+0000][1][safepoint    ] Leaving safepoint region
[2019-06-24T10:06:44.989+0000][1][safepoint    ] Total time for which application threads were stopped: 0.0001177 seconds, Stopping threads took: 0.0000288 seconds
[2019-06-24T10:06:45.989+0000][1][safepoint    ] Application time: 1.0000879 seconds
[2019-06-24T10:06:45.989+0000][1][safepoint    ] Entering safepoint region: Cleanup
[2019-06-24T10:06:45.989+0000][1][safepoint    ] Leaving safepoint region
[2019-06-24T10:06:45.989+0000][1][safepoint    ] Total time for which application threads were stopped: 0.0001209 seconds, Stopping threads took: 0.0000312 seconds
[2019-06-24T10:06:46.989+0000][1][safepoint    ] Application time: 1.0000862 seconds
[2019-06-24T10:06:46.989+0000][1][safepoint    ] Entering safepoint region: Cleanup
[2019-06-24T10:06:46.990+0000][1][safepoint    ] Leaving safepoint region
[2019-06-24T10:06:46.990+0000][1][safepoint    ] Total time for which application threads were stopped: 0.0000987 seconds, Stopping threads took: 0.0000249 seconds
[2019-06-24T10:06:47.374+0000][1][safepoint    ] Application time: 0.3845913 seconds
[2019-06-24T10:06:47.374+0000][1][safepoint    ] Entering safepoint region: RevokeBias
[2019-06-24T10:06:47.374+0000][1][safepoint    ] Leaving safepoint region
[2019-06-24T10:06:47.374+0000][1][safepoint    ] Total time for which application threads were stopped: 0.0001230 seconds, Stopping threads took: 0.0000210 seconds
[2019-06-24T10:06:47.531+0000][1][safepoint    ] Application time: 0.1565944 seconds
[2019-06-24T10:06:47.531+0000][1][safepoint    ] Entering safepoint region: RevokeBias
[2019-06-24T10:06:47.531+0000][1][safepoint    ] Leaving safepoint region
[2019-06-24T10:06:47.531+0000][1][safepoint    ] Total time for which application threads were stopped: 0.0003983 seconds, Stopping threads took: 0.0001613 seconds
[2019-06-24T10:06:47.532+0000][1][safepoint    ] Application time: 0.0002846 seconds
[2019-06-24T10:06:47.532+0000][1][safepoint    ] Entering safepoint region: RevokeBias
[2019-06-24T10:06:47.532+0000][1][safepoint    ] Leaving safepoint region
[2019-06-24T10:06:47.532+0000][1][safepoint    ] Total time for which application threads were stopped: 0.0000944 seconds, Stopping threads took: 0.0000127 seconds
[2019-06-24T10:06:47.532+0000][1][safepoint    ] Application time: 0.0000802 seconds
[2019-06-24T10:06:47.532+0000][1][safepoint    ] Entering safepoint region: RevokeBias
[2019-06-24T10:06:47.532+0000][1][safepoint    ] Leaving safepoint region
[2019-06-24T10:06:47.532+0000][1][safepoint    ] Total time for which application threads were stopped: 0.0001678 seconds, Stopping threads took: 0.0001015 seconds
[2019-06-24T10:06:47.532+0000][1][safepoint    ] Application time: 0.0003659 seconds
[2019-06-24T10:06:47.532+0000][1][safepoint    ] Entering safepoint region: RevokeBias
[2019-06-24T10:06:47.533+0000][1][safepoint    ] Leaving safepoint region
[2019-06-24T10:06:47.533+0000][1][safepoint    ] Total time for which application threads were stopped: 0.0002143 seconds, Stopping threads took: 0.0000592 seconds
[2019-06-24T10:06:47.533+0000][1][safepoint    ] Application time: 0.0002232 seconds
[2019-06-24T10:06:47.533+0000][1][safepoint    ] Entering safepoint region: RevokeBias
[2019-06-24T10:06:47.533+0000][1][safepoint    ] Leaving safepoint region
[2019-06-24T10:06:47.533+0000][1][safepoint    ] Total time for which application threads were stopped: 0.0001334 seconds, Stopping threads took: 0.0000661 seconds
[2019-06-24T10:06:47.533+0000][1][safepoint    ] Application time: 0.0001712 seconds
[2019-06-24T10:06:47.533+0000][1][safepoint    ] Entering safepoint region: RevokeBias
[2019-06-24T10:06:47.533+0000][1][safepoint    ] Leaving safepoint region
[2019-06-24T10:06:47.533+0000][1][safepoint    ] Total time for which application threads were stopped: 0.0001154 seconds, Stopping threads took: 0.0000499 seconds
[2019-06-24T10:06:47.534+0000][1][safepoint    ] Application time: 0.0003364 seconds
[2019-06-24T10:06:47.534+0000][1][safepoint    ] Entering safepoint region: RevokeBias
[2019-06-24T10:06:47.534+0000][1][safepoint    ] Leaving safepoint region
[2019-06-24T10:06:47.534+0000][1][safepoint    ] Total time for which application threads were stopped: 0.0002109 seconds, Stopping threads took: 0.0001157 seconds
[2019-06-24T10:06:47.534+0000][1][safepoint    ] Application time: 0.0000465 seconds
[2019-06-24T10:06:47.534+0000][1][safepoint    ] Entering safepoint region: RevokeBias
[2019-06-24T10:06:47.534+0000][1][safepoint    ] Leaving safepoint region
[2019-06-24T10:06:47.534+0000][1][safepoint    ] Total time for which application threads were stopped: 0.0000887 seconds, Stopping threads took: 0.0000294 seconds
[2019-06-24T10:06:47.534+0000][1][safepoint    ] Application time: 0.0002652 seconds
[2019-06-24T10:06:47.534+0000][1][safepoint    ] Entering safepoint region: RevokeBias
[2019-06-24T10:06:47.535+0000][1][safepoint    ] Leaving safepoint region
[2019-06-24T10:06:47.535+0000][1][safepoint    ] Total time for which application threads were stopped: 0.0001819 seconds, Stopping threads took: 0.0000526 seconds
[2019-06-24T10:06:47.535+0000][1][safepoint    ] Application time: 0.0005762 seconds
[2019-06-24T10:06:47.535+0000][1][safepoint    ] Entering safepoint region: RevokeBias
[2019-06-24T10:06:47.535+0000][1][safepoint    ] Leaving safepoint region
[2019-06-24T10:06:47.535+0000][1][safepoint    ] Total time for which application threads were stopped: 0.0001127 seconds, Stopping threads took: 0.0000197 seconds
[2019-06-24T10:06:48.537+0000][1][safepoint    ] Application time: 1.0017079 seconds
[2019-06-24T10:06:48.537+0000][1][safepoint    ] Entering safepoint region: Cleanup
[2019-06-24T10:06:48.537+0000][1][safepoint    ] Leaving safepoint region
[2019-06-24T10:06:48.537+0000][1][safepoint    ] Total time for which application threads were stopped: 0.0001079 seconds, Stopping threads took: 0.0000215 seconds
[2019-06-24T10:06:49.537+0000][1][safepoint    ] Application time: 1.0002880 seconds
[2019-06-24T10:06:49.538+0000][1][safepoint    ] Entering safepoint region: Cleanup
[2019-06-24T10:06:49.538+0000][1][safepoint    ] Leaving safepoint region
[2019-06-24T10:06:49.538+0000][1][safepoint    ] Total time for which application threads were stopped: 0.0001248 seconds, Stopping threads took: 0.0000315 seconds
[2019-06-24T10:06:50.538+0000][1][safepoint    ] Application time: 1.0000840 seconds
[2019-06-24T10:06:50.538+0000][1][safepoint    ] Entering safepoint region: Cleanup
[2019-06-24T10:06:50.538+0000][1][safepoint    ] Leaving safepoint region
[2019-06-24T10:06:50.538+0000][1][safepoint    ] Total time for which application threads were stopped: 0.0001083 seconds, Stopping threads took: 0.0000253 seconds
[2019-06-24T10:06:51.538+0000][1][safepoint    ] Application time: 1.0001655 seconds
[2019-06-24T10:06:51.538+0000][1][safepoint    ] Entering safepoint region: Cleanup
[2019-06-24T10:06:51.538+0000][1][safepoint    ] Leaving safepoint region
[2019-06-24T10:06:51.538+0000][1][safepoint    ] Total time for which application threads were stopped: 0.0002287 seconds, Stopping threads took: 0.0000470 seconds
[2019-06-24T10:06:52.539+0000][1][safepoint    ] Application time: 1.0002149 seconds
[2019-06-24T10:06:52.539+0000][1][safepoint    ] Entering safepoint region: Cleanup
[2019-06-24T10:06:52.539+0000][1][safepoint    ] Leaving safepoint region
[2019-06-24T10:06:52.539+0000][1][safepoint    ] Total time for which application threads were stopped: 0.0002247 seconds, Stopping threads took: 0.0000561 seconds
[2019-06-24T10:06:53.539+0000][1][safepoint    ] Application time: 1.0002127 seconds
[2019-06-24T10:06:53.539+0000][1][safepoint    ] Entering safepoint region: Cleanup
[2019-06-24T10:06:53.540+0000][1][safepoint    ] Leaving safepoint region
[2019-06-24T10:06:53.540+0000][1][safepoint    ] Total time for which application threads were stopped: 0.0004384 seconds, Stopping threads took: 0.0001138 seconds
[2019-06-24T10:06:54.540+0000][1][safepoint    ] Application time: 1.0002112 seconds
[2019-06-24T10:06:54.540+0000][1][safepoint    ] Entering safepoint region: Cleanup
[2019-06-24T10:06:54.540+0000][1][safepoint    ] Leaving safepoint region
[2019-06-24T10:06:54.540+0000][1][safepoint    ] Total time for which application threads were stopped: 0.0003038 seconds, Stopping threads took: 0.0000868 seconds
[2019-06-24T10:06:55.541+0000][1][safepoint    ] Application time: 1.0002081 seconds
[2019-06-24T10:06:55.541+0000][1][safepoint    ] Entering safepoint region: Cleanup
[2019-06-24T10:06:55.541+0000][1][safepoint    ] Leaving safepoint region
[2019-06-24T10:06:55.541+0000][1][safepoint    ] Total time for which application threads were stopped: 0.0003091 seconds, Stopping threads took: 0.0000739 seconds
[2019-06-24T10:06:56.541+0000][1][safepoint    ] Application time: 1.0002816 seconds
[2019-06-24T10:06:56.542+0000][1][safepoint    ] Entering safepoint region: Cleanup
[2019-06-24T10:06:56.542+0000][1][safepoint    ] Leaving safepoint region
[2019-06-24T10:06:56.542+0000][1][safepoint    ] Total time for which application threads were stopped: 0.0003375 seconds, Stopping threads took: 0.0000891 seconds
[2019-06-24T10:06:57.542+0000][1][safepoint    ] Application time: 1.0002949 seconds
[2019-06-24T10:06:57.543+0000][1][safepoint    ] Entering safepoint region: Cleanup
[2019-06-24T10:06:57.543+0000][1][safepoint    ] Leaving safepoint region
[2019-06-24T10:06:57.543+0000][1][safepoint    ] Total time for which application threads were stopped: 0.0004481 seconds, Stopping threads took: 0.0002003 seconds
[2019-06-24T10:06:58.543+0000][1][safepoint    ] Application time: 1.0002578 seconds
[2019-06-24T10:06:58.543+0000][1][safepoint    ] Entering safepoint region: Cleanup
[2019-06-24T10:06:58.543+0000][1][safepoint    ] Leaving safepoint region
[2019-06-24T10:06:58.543+0000][1][safepoint    ] Total time for which application threads were stopped: 0.0000983 seconds, Stopping threads took: 0.0000246 seconds
[2019-06-24T10:06:59.543+0000][1][safepoint    ] Application time: 1.0001681 seconds
[2019-06-24T10:06:59.544+0000][1][safepoint    ] Entering safepoint region: Cleanup
[2019-06-24T10:06:59.544+0000][1][safepoint    ] Leaving safepoint region
[2019-06-24T10:06:59.544+0000][1][safepoint    ] Total time for which application threads were stopped: 0.0002689 seconds, Stopping threads took: 0.0000608 seconds
[2019-06-24T10:07:00.544+0000][1][safepoint    ] Application time: 1.0001331 seconds
[2019-06-24T10:07:00.544+0000][1][safepoint    ] Entering safepoint region: Cleanup
[2019-06-24T10:07:00.544+0000][1][safepoint    ] Leaving safepoint region
[2019-06-24T10:07:00.544+0000][1][safepoint    ] Total time for which application threads were stopped: 0.0001087 seconds, Stopping threads took: 0.0000252 seconds
[2019-06-24T10:07:01.544+0000][1][safepoint    ] Application time: 1.0002416 seconds
[2019-06-24T10:07:01.545+0000][1][safepoint    ] Entering safepoint region: Cleanup
[2019-06-24T10:07:01.545+0000][1][safepoint    ] Leaving safepoint region
[2019-06-24T10:07:01.545+0000][1][safepoint    ] Total time for which application threads were stopped: 0.0003405 seconds, Stopping threads took: 0.0000862 seconds
[2019-06-24T10:07:02.545+0000][1][safepoint    ] Application time: 1.0002701 seconds
[2019-06-24T10:07:02.545+0000][1][safepoint    ] Entering safepoint region: Cleanup
[2019-06-24T10:07:02.546+0000][1][safepoint    ] Leaving safepoint region
[2019-06-24T10:07:02.546+0000][1][safepoint    ] Total time for which application threads were stopped: 0.0002671 seconds, Stopping threads took: 0.0000660 seconds
[2019-06-24T10:07:03.546+0000][1][safepoint    ] Application time: 1.0002000 seconds
[2019-06-24T10:07:03.546+0000][1][safepoint    ] Entering safepoint region: Cleanup
[2019-06-24T10:07:03.546+0000][1][safepoint    ] Leaving safepoint region
[2019-06-24T10:07:03.546+0000][1][safepoint    ] Total time for which application threads were stopped: 0.0003222 seconds, Stopping threads took: 0.0001046 seconds
[2019-06-24T10:07:04.547+0000][1][safepoint    ] Application time: 1.0003268 seconds
[2019-06-24T10:07:04.547+0000][1][safepoint    ] Entering safepoint region: Cleanup
[2019-06-24T10:07:04.547+0000][1][safepoint    ] Leaving safepoint region
[2019-06-24T10:07:04.547+0000][1][safepoint    ] Total time for which application threads were stopped: 0.0002682 seconds, Stopping threads took: 0.0000656 seconds
[2019-06-24T10:07:05.547+0000][1][safepoint    ] Application time: 1.0002448 seconds
[2019-06-24T10:07:05.547+0000][1][safepoint    ] Entering safepoint region: Cleanup
[2019-06-24T10:07:05.548+0000][1][safepoint    ] Leaving safepoint region
[2019-06-24T10:07:05.548+0000][1][safepoint    ] Total time for which application threads were stopped: 0.0002712 seconds, Stopping threads took: 0.0000665 seconds
[2019-06-24T10:07:06.014+0000][1][safepoint    ] Application time: 0.4665977 seconds
[2019-06-24T10:07:06.014+0000][1][safepoint    ] Entering safepoint region: GenCollectForAllocation
[2019-06-24T10:07:06.014+0000][1][gc,start     ] GC(24) Pause Young (Allocation Failure)
[2019-06-24T10:07:06.015+0000][1][gc,task      ] GC(24) Using 5 workers of 8 for evacuation
[2019-06-24T10:07:06.019+0000][1][gc,age       ] GC(24) Desired survivor size 4456448 bytes, new threshold 6 (max threshold 6)
[2019-06-24T10:07:06.019+0000][1][gc,age       ] GC(24) Age table with threshold 6 (max threshold 6)
[2019-06-24T10:07:06.019+0000][1][gc,age       ] GC(24) - age   1:     110920 bytes,     110920 total
[2019-06-24T10:07:06.019+0000][1][gc,age       ] GC(24) - age   2:      13216 bytes,     124136 total
[2019-06-24T10:07:06.019+0000][1][gc,age       ] GC(24) - age   3:    2486224 bytes,    2610360 total
[2019-06-24T10:07:06.019+0000][1][gc,heap      ] GC(24) ParNew: 76092K->3866K(78656K)
[2019-06-24T10:07:06.019+0000][1][gc,heap      ] GC(24) CMS: 67070K->67070K(174784K)
[2019-06-24T10:07:06.019+0000][1][gc,metaspace ] GC(24) Metaspace: 67728K->67728K(1112064K)
[2019-06-24T10:07:06.019+0000][1][gc           ] GC(24) Pause Young (Allocation Failure) 139M->69M(247M) 4.268ms
[2019-06-24T10:07:06.019+0000][1][gc,cpu       ] GC(24) User=0.02s Sys=0.00s Real=0.01s
[2019-06-24T10:07:06.019+0000][1][safepoint    ] Leaving safepoint region
[2019-06-24T10:07:06.019+0000][1][safepoint    ] Total time for which application threads were stopped: 0.0045104 seconds, Stopping threads took: 0.0000265 seconds
[2019-06-24T10:07:07.019+0000][1][safepoint    ] Application time: 1.0002659 seconds
[2019-06-24T10:07:07.019+0000][1][safepoint    ] Entering safepoint region: Cleanup
[2019-06-24T10:07:07.019+0000][1][safepoint    ] Leaving safepoint region
[2019-06-24T10:07:07.020+0000][1][safepoint    ] Total time for which application threads were stopped: 0.0002623 seconds, Stopping threads took: 0.0000638 seconds
[2019-06-24T10:07:08.020+0000][1][safepoint    ] Application time: 1.0002698 seconds
[2019-06-24T10:07:08.020+0000][1][safepoint    ] Entering safepoint region: Cleanup
[2019-06-24T10:07:08.020+0000][1][safepoint    ] Leaving safepoint region
[2019-06-24T10:07:08.020+0000][1][safepoint    ] Total time for which application threads were stopped: 0.0002628 seconds, Stopping threads took: 0.0000642 seconds
[2019-06-24T10:07:09.020+0000][1][safepoint    ] Application time: 1.0002540 seconds
[2019-06-24T10:07:09.021+0000][1][safepoint    ] Entering safepoint region: Cleanup
[2019-06-24T10:07:09.021+0000][1][safepoint    ] Leaving safepoint region
[2019-06-24T10:07:09.021+0000][1][safepoint    ] Total time for which application threads were stopped: 0.0002014 seconds, Stopping threads took: 0.0000602 seconds
[2019-06-24T10:07:10.021+0000][1][safepoint    ] Application time: 1.0002622 seconds
[2019-06-24T10:07:10.021+0000][1][safepoint    ] Entering safepoint region: Cleanup
[2019-06-24T10:07:10.021+0000][1][safepoint    ] Leaving safepoint region
[2019-06-24T10:07:10.021+0000][1][safepoint    ] Total time for which application threads were stopped: 0.0002660 seconds, Stopping threads took: 0.0000654 seconds
[2019-06-24T10:07:11.022+0000][1][safepoint    ] Application time: 1.0002116 seconds
[2019-06-24T10:07:11.022+0000][1][safepoint    ] Entering safepoint region: Cleanup
[2019-06-24T10:07:11.022+0000][1][safepoint    ] Leaving safepoint region
[2019-06-24T10:07:11.022+0000][1][safepoint    ] Total time for which application threads were stopped: 0.0003357 seconds, Stopping threads took: 0.0001329 seconds
[2019-06-24T10:07:12.022+0000][1][safepoint    ] Application time: 1.0002911 seconds
[2019-06-24T10:07:12.023+0000][1][safepoint    ] Entering safepoint region: Cleanup
[2019-06-24T10:07:12.023+0000][1][safepoint    ] Leaving safepoint region
[2019-06-24T10:07:12.023+0000][1][safepoint    ] Total time for which application threads were stopped: 0.0003205 seconds, Stopping threads took: 0.0000706 seconds
[2019-06-24T10:07:13.023+0000][1][safepoint    ] Application time: 1.0002262 seconds
[2019-06-24T10:07:13.023+0000][1][safepoint    ] Entering safepoint region: Cleanup
[2019-06-24T10:07:13.023+0000][1][safepoint    ] Leaving safepoint region
[2019-06-24T10:07:13.024+0000][1][safepoint    ] Total time for which application threads were stopped: 0.0002539 seconds, Stopping threads took: 0.0000629 seconds
[2019-06-24T10:07:14.024+0000][1][safepoint    ] Application time: 1.0001950 seconds
[2019-06-24T10:07:14.024+0000][1][safepoint    ] Entering safepoint region: Cleanup
[2019-06-24T10:07:14.024+0000][1][safepoint    ] Leaving safepoint region
[2019-06-24T10:07:14.024+0000][1][safepoint    ] Total time for which application threads were stopped: 0.0002603 seconds, Stopping threads took: 0.0000652 seconds
[2019-06-24T10:07:15.024+0000][1][safepoint    ] Application time: 1.0002806 seconds
[2019-06-24T10:07:15.025+0000][1][safepoint    ] Entering safepoint region: Cleanup
[2019-06-24T10:07:15.025+0000][1][safepoint    ] Leaving safepoint region
[2019-06-24T10:07:15.025+0000][1][safepoint    ] Total time for which application threads were stopped: 0.0002758 seconds, Stopping threads took: 0.0000644 seconds
[2019-06-24T10:07:16.025+0000][1][safepoint    ] Application time: 1.0002763 seconds
[2019-06-24T10:07:16.025+0000][1][safepoint    ] Entering safepoint region: Cleanup
[2019-06-24T10:07:16.026+0000][1][safepoint    ] Leaving safepoint region
[2019-06-24T10:07:16.026+0000][1][safepoint    ] Total time for which application threads were stopped: 0.0002771 seconds, Stopping threads took: 0.0000645 seconds
[2019-06-24T10:07:17.026+0000][1][safepoint    ] Application time: 1.0001773 seconds
[2019-06-24T10:07:17.026+0000][1][safepoint    ] Entering safepoint region: Cleanup
[2019-06-24T10:07:17.026+0000][1][safepoint    ] Leaving safepoint region
[2019-06-24T10:07:17.026+0000][1][safepoint    ] Total time for which application threads were stopped: 0.0002038 seconds, Stopping threads took: 0.0000506 seconds
[2019-06-24T10:07:18.026+0000][1][safepoint    ] Application time: 1.0001863 seconds
[2019-06-24T10:07:18.026+0000][1][safepoint    ] Entering safepoint region: Cleanup
[2019-06-24T10:07:18.027+0000][1][safepoint    ] Leaving safepoint region
[2019-06-24T10:07:18.027+0000][1][safepoint    ] Total time for which application threads were stopped: 0.0003567 seconds, Stopping threads took: 0.0000592 seconds
[2019-06-24T10:07:19.027+0000][1][safepoint    ] Application time: 1.0001093 seconds
[2019-06-24T10:07:19.027+0000][1][safepoint    ] Entering safepoint region: Cleanup
[2019-06-24T10:07:19.027+0000][1][safepoint    ] Leaving safepoint region
[2019-06-24T10:07:19.027+0000][1][safepoint    ] Total time for which application threads were stopped: 0.0001666 seconds, Stopping threads took: 0.0000341 seconds
[2019-06-24T10:07:20.027+0000][1][safepoint    ] Application time: 1.0002675 seconds
[2019-06-24T10:07:20.028+0000][1][safepoint    ] Entering safepoint region: Cleanup
[2019-06-24T10:07:20.028+0000][1][safepoint    ] Leaving safepoint region
[2019-06-24T10:07:20.028+0000][1][safepoint    ] Total time for which application threads were stopped: 0.0003342 seconds, Stopping threads took: 0.0000636 seconds
[2019-06-24T10:07:21.028+0000][1][safepoint    ] Application time: 1.0002726 seconds
[2019-06-24T10:07:21.028+0000][1][safepoint    ] Entering safepoint region: Cleanup
[2019-06-24T10:07:21.028+0000][1][safepoint    ] Leaving safepoint region
[2019-06-24T10:07:21.029+0000][1][safepoint    ] Total time for which application threads were stopped: 0.0002590 seconds, Stopping threads took: 0.0000641 seconds
[2019-06-24T10:07:22.029+0000][1][safepoint    ] Application time: 1.0002386 seconds
[2019-06-24T10:07:22.029+0000][1][safepoint    ] Entering safepoint region: Cleanup
[2019-06-24T10:07:22.029+0000][1][safepoint    ] Leaving safepoint region
[2019-06-24T10:07:22.029+0000][1][safepoint    ] Total time for which application threads were stopped: 0.0002603 seconds, Stopping threads took: 0.0000661 seconds
[2019-06-24T10:07:23.029+0000][1][safepoint    ] Application time: 1.0002696 seconds
[2019-06-24T10:07:23.030+0000][1][safepoint    ] Entering safepoint region: Cleanup
[2019-06-24T10:07:23.030+0000][1][safepoint    ] Leaving safepoint region
[2019-06-24T10:07:23.030+0000][1][safepoint    ] Total time for which application threads were stopped: 0.0002804 seconds, Stopping threads took: 0.0000658 seconds
[2019-06-24T10:07:24.030+0000][1][safepoint    ] Application time: 1.0002530 seconds
[2019-06-24T10:07:24.030+0000][1][safepoint    ] Entering safepoint region: Cleanup
[2019-06-24T10:07:24.030+0000][1][safepoint    ] Leaving safepoint region
[2019-06-24T10:07:24.030+0000][1][safepoint    ] Total time for which application threads were stopped: 0.0001717 seconds, Stopping threads took: 0.0000566 seconds
[2019-06-24T10:07:25.031+0000][1][safepoint    ] Application time: 1.0001168 seconds
[2019-06-24T10:07:25.031+0000][1][safepoint    ] Entering safepoint region: Cleanup
[2019-06-24T10:07:25.031+0000][1][safepoint    ] Leaving safepoint region
[2019-06-24T10:07:25.031+0000][1][safepoint    ] Total time for which application threads were stopped: 0.0001032 seconds, Stopping threads took: 0.0000239 seconds
[2019-06-24T10:07:26.031+0000][1][safepoint    ] Application time: 1.0001220 seconds
[2019-06-24T10:07:26.031+0000][1][safepoint    ] Entering safepoint region: Cleanup
[2019-06-24T10:07:26.031+0000][1][safepoint    ] Leaving safepoint region
[2019-06-24T10:07:26.031+0000][1][safepoint    ] Total time for which application threads were stopped: 0.0001200 seconds, Stopping threads took: 0.0000297 seconds
[2019-06-24T10:07:27.031+0000][1][safepoint    ] Application time: 1.0001223 seconds
[2019-06-24T10:07:27.031+0000][1][safepoint    ] Entering safepoint region: Cleanup
[2019-06-24T10:07:27.031+0000][1][safepoint    ] Leaving safepoint region
[2019-06-24T10:07:27.031+0000][1][safepoint    ] Total time for which application threads were stopped: 0.0001200 seconds, Stopping threads took: 0.0000346 seconds
[2019-06-24T10:07:28.032+0000][1][safepoint    ] Application time: 1.0002398 seconds
[2019-06-24T10:07:28.032+0000][1][safepoint    ] Entering safepoint region: Cleanup
[2019-06-24T10:07:28.032+0000][1][safepoint    ] Leaving safepoint region
[2019-06-24T10:07:28.032+0000][1][safepoint    ] Total time for which application threads were stopped: 0.0003003 seconds, Stopping threads took: 0.0000941 seconds
[2019-06-24T10:07:29.032+0000][1][safepoint    ] Application time: 1.0002919 seconds
[2019-06-24T10:07:29.032+0000][1][safepoint    ] Entering safepoint region: Cleanup
[2019-06-24T10:07:29.032+0000][1][safepoint    ] Leaving safepoint region
[2019-06-24T10:07:29.032+0000][1][safepoint    ] Total time for which application threads were stopped: 0.0001595 seconds, Stopping threads took: 0.0000359 seconds
[2019-06-24T10:07:30.033+0000][1][safepoint    ] Application time: 1.0002522 seconds
[2019-06-24T10:07:30.033+0000][1][safepoint    ] Entering safepoint region: Cleanup
[2019-06-24T10:07:30.033+0000][1][safepoint    ] Leaving safepoint region
[2019-06-24T10:07:30.033+0000][1][safepoint    ] Total time for which application threads were stopped: 0.0003257 seconds, Stopping threads took: 0.0001069 seconds
[2019-06-24T10:07:31.033+0000][1][safepoint    ] Application time: 1.0001867 seconds
[2019-06-24T10:07:31.034+0000][1][safepoint    ] Entering safepoint region: Cleanup
[2019-06-24T10:07:31.034+0000][1][safepoint    ] Leaving safepoint region
[2019-06-24T10:07:31.034+0000][1][safepoint    ] Total time for which application threads were stopped: 0.0003229 seconds, Stopping threads took: 0.0001091 seconds
[2019-06-24T10:07:32.034+0000][1][safepoint    ] Application time: 1.0002636 seconds
[2019-06-24T10:07:32.034+0000][1][safepoint    ] Entering safepoint region: Cleanup
[2019-06-24T10:07:32.035+0000][1][safepoint    ] Leaving safepoint region
[2019-06-24T10:07:32.035+0000][1][safepoint    ] Total time for which application threads were stopped: 0.0004764 seconds, Stopping threads took: 0.0001044 seconds
[2019-06-24T10:07:33.035+0000][1][safepoint    ] Application time: 1.0002737 seconds
[2019-06-24T10:07:33.035+0000][1][safepoint    ] Entering safepoint region: Cleanup
[2019-06-24T10:07:33.035+0000][1][safepoint    ] Leaving safepoint region
[2019-06-24T10:07:33.036+0000][1][safepoint    ] Total time for which application threads were stopped: 0.0003258 seconds, Stopping threads took: 0.0001058 seconds
[2019-06-24T10:07:34.036+0000][1][safepoint    ] Application time: 1.0002975 seconds
[2019-06-24T10:07:34.036+0000][1][safepoint    ] Entering safepoint region: Cleanup
[2019-06-24T10:07:34.036+0000][1][safepoint    ] Leaving safepoint region
[2019-06-24T10:07:34.036+0000][1][safepoint    ] Total time for which application threads were stopped: 0.0001630 seconds, Stopping threads took: 0.0000436 seconds
[2019-06-24T10:07:35.036+0000][1][safepoint    ] Application time: 1.0002434 seconds
[2019-06-24T10:07:35.036+0000][1][safepoint    ] Entering safepoint region: Cleanup
[2019-06-24T10:07:35.037+0000][1][safepoint    ] Leaving safepoint region
[2019-06-24T10:07:35.037+0000][1][safepoint    ] Total time for which application threads were stopped: 0.0001901 seconds, Stopping threads took: 0.0000494 seconds
[2019-06-24T10:07:36.037+0000][1][safepoint    ] Application time: 1.0002319 seconds
[2019-06-24T10:07:36.037+0000][1][safepoint    ] Entering safepoint region: Cleanup
[2019-06-24T10:07:36.037+0000][1][safepoint    ] Leaving safepoint region
[2019-06-24T10:07:36.037+0000][1][safepoint    ] Total time for which application threads were stopped: 0.0003385 seconds, Stopping threads took: 0.0001040 seconds
[2019-06-24T10:07:37.038+0000][1][safepoint    ] Application time: 1.0002688 seconds
[2019-06-24T10:07:37.038+0000][1][safepoint    ] Entering safepoint region: Cleanup
[2019-06-24T10:07:37.038+0000][1][safepoint    ] Leaving safepoint region
[2019-06-24T10:07:37.038+0000][1][safepoint    ] Total time for which application threads were stopped: 0.0002971 seconds, Stopping threads took: 0.0000785 seconds
[2019-06-24T10:07:38.038+0000][1][safepoint    ] Application time: 1.0002311 seconds
[2019-06-24T10:07:38.038+0000][1][safepoint    ] Entering safepoint region: Cleanup
[2019-06-24T10:07:38.039+0000][1][safepoint    ] Leaving safepoint region
[2019-06-24T10:07:38.039+0000][1][safepoint    ] Total time for which application threads were stopped: 0.0003428 seconds, Stopping threads took: 0.0001383 seconds
[2019-06-24T10:07:39.039+0000][1][safepoint    ] Application time: 1.0002723 seconds
[2019-06-24T10:07:39.039+0000][1][safepoint    ] Entering safepoint region: Cleanup
[2019-06-24T10:07:39.039+0000][1][safepoint    ] Leaving safepoint region
[2019-06-24T10:07:39.039+0000][1][safepoint    ] Total time for which application threads were stopped: 0.0001320 seconds, Stopping threads took: 0.0000340 seconds
[2019-06-24T10:07:40.039+0000][1][safepoint    ] Application time: 1.0001662 seconds
[2019-06-24T10:07:40.040+0000][1][safepoint    ] Entering safepoint region: Cleanup
[2019-06-24T10:07:40.040+0000][1][safepoint    ] Leaving safepoint region
[2019-06-24T10:07:40.040+0000][1][safepoint    ] Total time for which application threads were stopped: 0.0002201 seconds, Stopping threads took: 0.0000537 seconds
[2019-06-24T10:07:41.040+0000][1][safepoint    ] Application time: 1.0001955 seconds
[2019-06-24T10:07:41.040+0000][1][safepoint    ] Entering safepoint region: Cleanup
[2019-06-24T10:07:41.040+0000][1][safepoint    ] Leaving safepoint region
[2019-06-24T10:07:41.040+0000][1][safepoint    ] Total time for which application threads were stopped: 0.0002415 seconds, Stopping threads took: 0.0000615 seconds
[2019-06-24T10:07:42.041+0000][1][safepoint    ] Application time: 1.0001794 seconds
[2019-06-24T10:07:42.041+0000][1][safepoint    ] Entering safepoint region: Cleanup
[2019-06-24T10:07:42.041+0000][1][safepoint    ] Leaving safepoint region
[2019-06-24T10:07:42.041+0000][1][safepoint    ] Total time for which application threads were stopped: 0.0002097 seconds, Stopping threads took: 0.0000544 seconds
[2019-06-24T10:07:43.041+0000][1][safepoint    ] Application time: 1.0002563 seconds
[2019-06-24T10:07:43.041+0000][1][safepoint    ] Entering safepoint region: Cleanup
[2019-06-24T10:07:43.041+0000][1][safepoint    ] Leaving safepoint region
[2019-06-24T10:07:43.042+0000][1][safepoint    ] Total time for which application threads were stopped: 0.0003129 seconds, Stopping threads took: 0.0001058 seconds
[2019-06-24T10:07:44.042+0000][1][safepoint    ] Application time: 1.0001377 seconds
[2019-06-24T10:07:44.042+0000][1][safepoint    ] Entering safepoint region: Cleanup
[2019-06-24T10:07:44.042+0000][1][safepoint    ] Leaving safepoint region
[2019-06-24T10:07:44.042+0000][1][safepoint    ] Total time for which application threads were stopped: 0.0000965 seconds, Stopping threads took: 0.0000243 seconds
[2019-06-24T10:07:45.042+0000][1][safepoint    ] Application time: 1.0002089 seconds
[2019-06-24T10:07:45.042+0000][1][safepoint    ] Entering safepoint region: Cleanup
[2019-06-24T10:07:45.042+0000][1][safepoint    ] Leaving safepoint region
[2019-06-24T10:07:45.043+0000][1][safepoint    ] Total time for which application threads were stopped: 0.0003599 seconds, Stopping threads took: 0.0000900 seconds
[2019-06-24T10:07:46.043+0000][1][safepoint    ] Application time: 1.0001555 seconds
[2019-06-24T10:07:46.043+0000][1][safepoint    ] Entering safepoint region: Cleanup
[2019-06-24T10:07:46.043+0000][1][safepoint    ] Leaving safepoint region
[2019-06-24T10:07:46.043+0000][1][safepoint    ] Total time for which application threads were stopped: 0.0002483 seconds, Stopping threads took: 0.0000648 seconds
[2019-06-24T10:07:47.043+0000][1][safepoint    ] Application time: 1.0002433 seconds
[2019-06-24T10:07:47.044+0000][1][safepoint    ] Entering safepoint region: Cleanup
[2019-06-24T10:07:47.044+0000][1][safepoint    ] Leaving safepoint region
[2019-06-24T10:07:47.044+0000][1][safepoint    ] Total time for which application threads were stopped: 0.0002538 seconds, Stopping threads took: 0.0000650 seconds
[2019-06-24T10:07:48.044+0000][1][safepoint    ] Application time: 1.0002654 seconds
[2019-06-24T10:07:48.044+0000][1][safepoint    ] Entering safepoint region: Cleanup
[2019-06-24T10:07:48.044+0000][1][safepoint    ] Leaving safepoint region
[2019-06-24T10:07:48.045+0000][1][safepoint    ] Total time for which application threads were stopped: 0.0003208 seconds, Stopping threads took: 0.0000658 seconds
[2019-06-24T10:07:49.045+0000][1][safepoint    ] Application time: 1.0003142 seconds
[2019-06-24T10:07:49.045+0000][1][safepoint    ] Entering safepoint region: Cleanup
[2019-06-24T10:07:49.045+0000][1][safepoint    ] Leaving safepoint region
[2019-06-24T10:07:49.045+0000][1][safepoint    ] Total time for which application threads were stopped: 0.0001079 seconds, Stopping threads took: 0.0000277 seconds
[2019-06-24T10:07:50.045+0000][1][safepoint    ] Application time: 1.0002525 seconds
[2019-06-24T10:07:50.045+0000][1][safepoint    ] Entering safepoint region: Cleanup
[2019-06-24T10:07:50.046+0000][1][safepoint    ] Leaving safepoint region
[2019-06-24T10:07:50.046+0000][1][safepoint    ] Total time for which application threads were stopped: 0.0002574 seconds, Stopping threads took: 0.0000646 seconds
[2019-06-24T10:07:51.046+0000][1][safepoint    ] Application time: 1.0002600 seconds
[2019-06-24T10:07:51.046+0000][1][safepoint    ] Entering safepoint region: Cleanup
[2019-06-24T10:07:51.046+0000][1][safepoint    ] Leaving safepoint region
[2019-06-24T10:07:51.046+0000][1][safepoint    ] Total time for which application threads were stopped: 0.0002402 seconds, Stopping threads took: 0.0000642 seconds
[2019-06-24T10:07:52.047+0000][1][safepoint    ] Application time: 1.0002366 seconds
[2019-06-24T10:07:52.047+0000][1][safepoint    ] Entering safepoint region: Cleanup
[2019-06-24T10:07:52.047+0000][1][safepoint    ] Leaving safepoint region
[2019-06-24T10:07:52.047+0000][1][safepoint    ] Total time for which application threads were stopped: 0.0002584 seconds, Stopping threads took: 0.0000645 seconds
[2019-06-24T10:07:53.047+0000][1][safepoint    ] Application time: 1.0002471 seconds
[2019-06-24T10:07:53.047+0000][1][safepoint    ] Entering safepoint region: Cleanup
[2019-06-24T10:07:53.048+0000][1][safepoint    ] Leaving safepoint region
[2019-06-24T10:07:53.048+0000][1][safepoint    ] Total time for which application threads were stopped: 0.0002063 seconds, Stopping threads took: 0.0000561 seconds
[2019-06-24T10:07:54.048+0000][1][safepoint    ] Application time: 1.0001470 seconds
[2019-06-24T10:07:54.048+0000][1][safepoint    ] Entering safepoint region: Cleanup
[2019-06-24T10:07:54.048+0000][1][safepoint    ] Leaving safepoint region
[2019-06-24T10:07:54.048+0000][1][safepoint    ] Total time for which application threads were stopped: 0.0002809 seconds, Stopping threads took: 0.0000729 seconds
[2019-06-24T10:07:55.048+0000][1][safepoint    ] Application time: 1.0002660 seconds
[2019-06-24T10:07:55.049+0000][1][safepoint    ] Entering safepoint region: Cleanup
[2019-06-24T10:07:55.049+0000][1][safepoint    ] Leaving safepoint region
[2019-06-24T10:07:55.049+0000][1][safepoint    ] Total time for which application threads were stopped: 0.0002301 seconds, Stopping threads took: 0.0000629 seconds
[2019-06-24T10:07:56.049+0000][1][safepoint    ] Application time: 1.0002659 seconds
[2019-06-24T10:07:56.049+0000][1][safepoint    ] Entering safepoint region: Cleanup
[2019-06-24T10:07:56.049+0000][1][safepoint    ] Leaving safepoint region
[2019-06-24T10:07:56.049+0000][1][safepoint    ] Total time for which application threads were stopped: 0.0002402 seconds, Stopping threads took: 0.0000564 seconds
[2019-06-24T10:07:57.050+0000][1][safepoint    ] Application time: 1.0002520 seconds
[2019-06-24T10:07:57.050+0000][1][safepoint    ] Entering safepoint region: Cleanup
[2019-06-24T10:07:57.050+0000][1][safepoint    ] Leaving safepoint region
[2019-06-24T10:07:57.050+0000][1][safepoint    ] Total time for which application threads were stopped: 0.0002412 seconds, Stopping threads took: 0.0000574 seconds
[2019-06-24T10:07:58.050+0000][1][safepoint    ] Application time: 1.0002604 seconds
[2019-06-24T10:07:58.051+0000][1][safepoint    ] Entering safepoint region: Cleanup
[2019-06-24T10:07:58.051+0000][1][safepoint    ] Leaving safepoint region
[2019-06-24T10:07:58.051+0000][1][safepoint    ] Total time for which application threads were stopped: 0.0004224 seconds, Stopping threads took: 0.0001861 seconds
[2019-06-24T10:07:59.051+0000][1][safepoint    ] Application time: 1.0001890 seconds
[2019-06-24T10:07:59.051+0000][1][safepoint    ] Entering safepoint region: Cleanup
[2019-06-24T10:07:59.051+0000][1][safepoint    ] Leaving safepoint region
[2019-06-24T10:07:59.051+0000][1][safepoint    ] Total time for which application threads were stopped: 0.0002255 seconds, Stopping threads took: 0.0000609 seconds
[2019-06-24T10:08:00.052+0000][1][safepoint    ] Application time: 1.0002606 seconds
[2019-06-24T10:08:00.052+0000][1][safepoint    ] Entering safepoint region: Cleanup
[2019-06-24T10:08:00.052+0000][1][safepoint    ] Leaving safepoint region
[2019-06-24T10:08:00.052+0000][1][safepoint    ] Total time for which application threads were stopped: 0.0002606 seconds, Stopping threads took: 0.0000557 seconds
[2019-06-24T10:08:01.052+0000][1][safepoint    ] Application time: 1.0002707 seconds
[2019-06-24T10:08:01.053+0000][1][safepoint    ] Entering safepoint region: Cleanup
[2019-06-24T10:08:01.053+0000][1][safepoint    ] Leaving safepoint region
[2019-06-24T10:08:01.053+0000][1][safepoint    ] Total time for which application threads were stopped: 0.0002842 seconds, Stopping threads took: 0.0000620 seconds
[2019-06-24T10:08:02.053+0000][1][safepoint    ] Application time: 1.0002596 seconds
[2019-06-24T10:08:02.053+0000][1][safepoint    ] Entering safepoint region: Cleanup
[2019-06-24T10:08:02.053+0000][1][safepoint    ] Leaving safepoint region
[2019-06-24T10:08:02.053+0000][1][safepoint    ] Total time for which application threads were stopped: 0.0002346 seconds, Stopping threads took: 0.0000555 seconds
[2019-06-24T10:08:03.054+0000][1][safepoint    ] Application time: 1.0002658 seconds
[2019-06-24T10:08:03.054+0000][1][safepoint    ] Entering safepoint region: Cleanup
[2019-06-24T10:08:03.054+0000][1][safepoint    ] Leaving safepoint region
[2019-06-24T10:08:03.054+0000][1][safepoint    ] Total time for which application threads were stopped: 0.0003239 seconds, Stopping threads took: 0.0000641 seconds
[2019-06-24T10:08:04.054+0000][1][safepoint    ] Application time: 1.0002008 seconds
[2019-06-24T10:08:04.055+0000][1][safepoint    ] Entering safepoint region: Cleanup
[2019-06-24T10:08:04.055+0000][1][safepoint    ] Leaving safepoint region
[2019-06-24T10:08:04.055+0000][1][safepoint    ] Total time for which application threads were stopped: 0.0003668 seconds, Stopping threads took: 0.0000894 seconds
[2019-06-24T10:08:05.055+0000][1][safepoint    ] Application time: 1.0002300 seconds
[2019-06-24T10:08:05.055+0000][1][safepoint    ] Entering safepoint region: Cleanup
[2019-06-24T10:08:05.056+0000][1][safepoint    ] Leaving safepoint region
[2019-06-24T10:08:05.056+0000][1][safepoint    ] Total time for which application threads were stopped: 0.0003154 seconds, Stopping threads took: 0.0000865 seconds
[2019-06-24T10:08:06.056+0000][1][safepoint    ] Application time: 1.0002536 seconds
[2019-06-24T10:08:06.056+0000][1][safepoint    ] Entering safepoint region: Cleanup
[2019-06-24T10:08:06.056+0000][1][safepoint    ] Leaving safepoint region
[2019-06-24T10:08:06.056+0000][1][safepoint    ] Total time for which application threads were stopped: 0.0002720 seconds, Stopping threads took: 0.0000635 seconds
[2019-06-24T10:08:07.057+0000][1][safepoint    ] Application time: 1.0002541 seconds
[2019-06-24T10:08:07.057+0000][1][safepoint    ] Entering safepoint region: Cleanup
[2019-06-24T10:08:07.057+0000][1][safepoint    ] Leaving safepoint region
[2019-06-24T10:08:07.057+0000][1][safepoint    ] Total time for which application threads were stopped: 0.0003003 seconds, Stopping threads took: 0.0000556 seconds
[2019-06-24T10:08:08.057+0000][1][safepoint    ] Application time: 1.0002647 seconds
[2019-06-24T10:08:08.058+0000][1][safepoint    ] Entering safepoint region: Cleanup
[2019-06-24T10:08:08.058+0000][1][safepoint    ] Leaving safepoint region
[2019-06-24T10:08:08.058+0000][1][safepoint    ] Total time for which application threads were stopped: 0.0003324 seconds, Stopping threads took: 0.0000641 seconds
[2019-06-24T10:08:09.058+0000][1][safepoint    ] Application time: 1.0002676 seconds
[2019-06-24T10:08:09.058+0000][1][safepoint    ] Entering safepoint region: Cleanup
[2019-06-24T10:08:09.059+0000][1][safepoint    ] Leaving safepoint region
[2019-06-24T10:08:09.059+0000][1][safepoint    ] Total time for which application threads were stopped: 0.0003923 seconds, Stopping threads took: 0.0000928 seconds
[2019-06-24T10:08:10.059+0000][1][safepoint    ] Application time: 1.0001427 seconds
[2019-06-24T10:08:10.059+0000][1][safepoint    ] Entering safepoint region: Cleanup
[2019-06-24T10:08:10.059+0000][1][safepoint    ] Leaving safepoint region
[2019-06-24T10:08:10.059+0000][1][safepoint    ] Total time for which application threads were stopped: 0.0003064 seconds, Stopping threads took: 0.0001048 seconds
[2019-06-24T10:08:11.060+0000][1][safepoint    ] Application time: 1.0002382 seconds
[2019-06-24T10:08:11.060+0000][1][safepoint    ] Entering safepoint region: Cleanup
[2019-06-24T10:08:11.060+0000][1][safepoint    ] Leaving safepoint region
[2019-06-24T10:08:11.060+0000][1][safepoint    ] Total time for which application threads were stopped: 0.0003194 seconds, Stopping threads took: 0.0001074 seconds
[2019-06-24T10:08:12.060+0000][1][safepoint    ] Application time: 1.0001957 seconds
[2019-06-24T10:08:12.060+0000][1][safepoint    ] Entering safepoint region: Cleanup
[2019-06-24T10:08:12.061+0000][1][safepoint    ] Leaving safepoint region
[2019-06-24T10:08:12.061+0000][1][safepoint    ] Total time for which application threads were stopped: 0.0002724 seconds, Stopping threads took: 0.0000936 seconds
[2019-06-24T10:08:13.061+0000][1][safepoint    ] Application time: 1.0002433 seconds
[2019-06-24T10:08:13.061+0000][1][safepoint    ] Entering safepoint region: Cleanup
[2019-06-24T10:08:13.061+0000][1][safepoint    ] Leaving safepoint region
[2019-06-24T10:08:13.061+0000][1][safepoint    ] Total time for which application threads were stopped: 0.0002129 seconds, Stopping threads took: 0.0000574 seconds
[2019-06-24T10:08:14.061+0000][1][safepoint    ] Application time: 1.0002559 seconds
[2019-06-24T10:08:14.062+0000][1][safepoint    ] Entering safepoint region: Cleanup
[2019-06-24T10:08:14.062+0000][1][safepoint    ] Leaving safepoint region
[2019-06-24T10:08:14.062+0000][1][safepoint    ] Total time for which application threads were stopped: 0.0002383 seconds, Stopping threads took: 0.0000640 seconds
[2019-06-24T10:08:15.062+0000][1][safepoint    ] Application time: 1.0002589 seconds
[2019-06-24T10:08:15.062+0000][1][safepoint    ] Entering safepoint region: Cleanup
[2019-06-24T10:08:15.062+0000][1][safepoint    ] Leaving safepoint region
[2019-06-24T10:08:15.062+0000][1][safepoint    ] Total time for which application threads were stopped: 0.0002366 seconds, Stopping threads took: 0.0000628 seconds
[2019-06-24T10:08:16.063+0000][1][safepoint    ] Application time: 1.0002562 seconds
[2019-06-24T10:08:16.063+0000][1][safepoint    ] Entering safepoint region: Cleanup
[2019-06-24T10:08:16.063+0000][1][safepoint    ] Leaving safepoint region
[2019-06-24T10:08:16.063+0000][1][safepoint    ] Total time for which application threads were stopped: 0.0001151 seconds, Stopping threads took: 0.0000295 seconds
[2019-06-24T10:08:17.063+0000][1][safepoint    ] Application time: 1.0002123 seconds
[2019-06-24T10:08:17.063+0000][1][safepoint    ] Entering safepoint region: Cleanup
[2019-06-24T10:08:17.063+0000][1][safepoint    ] Leaving safepoint region
[2019-06-24T10:08:17.064+0000][1][safepoint    ] Total time for which application threads were stopped: 0.0003045 seconds, Stopping threads took: 0.0000620 seconds
[2019-06-24T10:08:18.064+0000][1][safepoint    ] Application time: 1.0001834 seconds
[2019-06-24T10:08:18.064+0000][1][safepoint    ] Entering safepoint region: Cleanup
[2019-06-24T10:08:18.064+0000][1][safepoint    ] Leaving safepoint region
[2019-06-24T10:08:18.064+0000][1][safepoint    ] Total time for which application threads were stopped: 0.0002598 seconds, Stopping threads took: 0.0000547 seconds
[2019-06-24T10:08:19.064+0000][1][safepoint    ] Application time: 1.0001793 seconds
[2019-06-24T10:08:19.064+0000][1][safepoint    ] Entering safepoint region: Cleanup
[2019-06-24T10:08:19.065+0000][1][safepoint    ] Leaving safepoint region
[2019-06-24T10:08:19.065+0000][1][safepoint    ] Total time for which application threads were stopped: 0.0003066 seconds, Stopping threads took: 0.0000622 seconds
[2019-06-24T10:08:20.065+0000][1][safepoint    ] Application time: 1.0002782 seconds
[2019-06-24T10:08:20.065+0000][1][safepoint    ] Entering safepoint region: Cleanup
[2019-06-24T10:08:20.065+0000][1][safepoint    ] Leaving safepoint region
[2019-06-24T10:08:20.065+0000][1][safepoint    ] Total time for which application threads were stopped: 0.0002351 seconds, Stopping threads took: 0.0000625 seconds
[2019-06-24T10:08:21.066+0000][1][safepoint    ] Application time: 1.0002405 seconds
[2019-06-24T10:08:21.066+0000][1][safepoint    ] Entering safepoint region: Cleanup
[2019-06-24T10:08:21.066+0000][1][safepoint    ] Leaving safepoint region
[2019-06-24T10:08:21.066+0000][1][safepoint    ] Total time for which application threads were stopped: 0.0002554 seconds, Stopping threads took: 0.0000858 seconds
[2019-06-24T10:08:22.870+0000][1][safepoint    ] Application time: 1.8034709 seconds
[2019-06-24T10:08:22.870+0000][1][safepoint    ] Entering safepoint region: Cleanup
[2019-06-24T10:08:22.870+0000][1][safepoint    ] Leaving safepoint region
[2019-06-24T10:08:22.870+0000][1][safepoint    ] Total time for which application threads were stopped: 0.0002077 seconds, Stopping threads took: 0.0000508 seconds
[2019-06-24T10:08:23.870+0000][1][safepoint    ] Application time: 1.0001299 seconds
[2019-06-24T10:08:23.870+0000][1][safepoint    ] Entering safepoint region: Cleanup
[2019-06-24T10:08:23.870+0000][1][safepoint    ] Leaving safepoint region
[2019-06-24T10:08:23.870+0000][1][safepoint    ] Total time for which application threads were stopped: 0.0000770 seconds, Stopping threads took: 0.0000189 seconds
[2019-06-24T10:08:24.870+0000][1][safepoint    ] Application time: 1.0001544 seconds
[2019-06-24T10:08:24.871+0000][1][safepoint    ] Entering safepoint region: Cleanup
[2019-06-24T10:08:24.871+0000][1][safepoint    ] Leaving safepoint region
[2019-06-24T10:08:24.871+0000][1][safepoint    ] Total time for which application threads were stopped: 0.0005358 seconds, Stopping threads took: 0.0003287 seconds
[2019-06-24T10:08:25.871+0000][1][safepoint    ] Application time: 1.0002118 seconds
[2019-06-24T10:08:25.871+0000][1][safepoint    ] Entering safepoint region: Cleanup
[2019-06-24T10:08:25.872+0000][1][safepoint    ] Leaving safepoint region
[2019-06-24T10:08:25.872+0000][1][safepoint    ] Total time for which application threads were stopped: 0.0002396 seconds, Stopping threads took: 0.0000637 seconds
[2019-06-24T10:08:26.872+0000][1][safepoint    ] Application time: 1.0001857 seconds
[2019-06-24T10:08:26.872+0000][1][safepoint    ] Entering safepoint region: Cleanup
[2019-06-24T10:08:26.872+0000][1][safepoint    ] Leaving safepoint region
[2019-06-24T10:08:26.872+0000][1][safepoint    ] Total time for which application threads were stopped: 0.0002378 seconds, Stopping threads took: 0.0000649 seconds
[2019-06-24T10:08:27.872+0000][1][safepoint    ] Application time: 1.0000964 seconds
[2019-06-24T10:08:27.872+0000][1][safepoint    ] Entering safepoint region: Cleanup
[2019-06-24T10:08:27.872+0000][1][safepoint    ] Leaving safepoint region
[2019-06-24T10:08:27.872+0000][1][safepoint    ] Total time for which application threads were stopped: 0.0000995 seconds, Stopping threads took: 0.0000247 seconds
[2019-06-24T10:08:28.873+0000][1][safepoint    ] Application time: 1.0002356 seconds
[2019-06-24T10:08:28.873+0000][1][safepoint    ] Entering safepoint region: Cleanup
[2019-06-24T10:08:28.873+0000][1][safepoint    ] Leaving safepoint region
[2019-06-24T10:08:28.873+0000][1][safepoint    ] Total time for which application threads were stopped: 0.0002142 seconds, Stopping threads took: 0.0000557 seconds
[2019-06-24T10:08:29.873+0000][1][safepoint    ] Application time: 1.0002607 seconds
[2019-06-24T10:08:29.873+0000][1][safepoint    ] Entering safepoint region: Cleanup
[2019-06-24T10:08:29.874+0000][1][safepoint    ] Leaving safepoint region
[2019-06-24T10:08:29.874+0000][1][safepoint    ] Total time for which application threads were stopped: 0.0002426 seconds, Stopping threads took: 0.0000639 seconds
[2019-06-24T10:08:30.874+0000][1][safepoint    ] Application time: 1.0002655 seconds
[2019-06-24T10:08:30.874+0000][1][safepoint    ] Entering safepoint region: Cleanup
[2019-06-24T10:08:30.874+0000][1][safepoint    ] Leaving safepoint region
[2019-06-24T10:08:30.874+0000][1][safepoint    ] Total time for which application threads were stopped: 0.0002334 seconds, Stopping threads took: 0.0000631 seconds
[2019-06-24T10:08:31.875+0000][1][safepoint    ] Application time: 1.0003159 seconds
[2019-06-24T10:08:31.875+0000][1][safepoint    ] Entering safepoint region: Cleanup
[2019-06-24T10:08:31.875+0000][1][safepoint    ] Leaving safepoint region
[2019-06-24T10:08:31.875+0000][1][safepoint    ] Total time for which application threads were stopped: 0.0002355 seconds, Stopping threads took: 0.0000647 seconds
[2019-06-24T10:08:32.875+0000][1][safepoint    ] Application time: 1.0001939 seconds
[2019-06-24T10:08:32.875+0000][1][safepoint    ] Entering safepoint region: Cleanup
[2019-06-24T10:08:32.875+0000][1][safepoint    ] Leaving safepoint region
[2019-06-24T10:08:32.875+0000][1][safepoint    ] Total time for which application threads were stopped: 0.0002230 seconds, Stopping threads took: 0.0000621 seconds
[2019-06-24T10:08:33.876+0000][1][safepoint    ] Application time: 1.0002624 seconds
[2019-06-24T10:08:33.876+0000][1][safepoint    ] Entering safepoint region: Cleanup
[2019-06-24T10:08:33.876+0000][1][safepoint    ] Leaving safepoint region
[2019-06-24T10:08:33.876+0000][1][safepoint    ] Total time for which application threads were stopped: 0.0002299 seconds, Stopping threads took: 0.0000621 seconds
[2019-06-24T10:08:34.876+0000][1][safepoint    ] Application time: 1.0002633 seconds
[2019-06-24T10:08:34.877+0000][1][safepoint    ] Entering safepoint region: Cleanup
[2019-06-24T10:08:34.877+0000][1][safepoint    ] Leaving safepoint region
[2019-06-24T10:08:34.877+0000][1][safepoint    ] Total time for which application threads were stopped: 0.0002696 seconds, Stopping threads took: 0.0000979 seconds
[2019-06-24T10:08:35.877+0000][1][safepoint    ] Application time: 1.0002760 seconds
[2019-06-24T10:08:35.877+0000][1][safepoint    ] Entering safepoint region: Cleanup
[2019-06-24T10:08:35.877+0000][1][safepoint    ] Leaving safepoint region
[2019-06-24T10:08:35.877+0000][1][safepoint    ] Total time for which application threads were stopped: 0.0002573 seconds, Stopping threads took: 0.0000936 seconds
[2019-06-24T10:08:36.878+0000][1][safepoint    ] Application time: 1.0002670 seconds
[2019-06-24T10:08:36.878+0000][1][safepoint    ] Entering safepoint region: Cleanup
[2019-06-24T10:08:36.878+0000][1][safepoint    ] Leaving safepoint region
[2019-06-24T10:08:36.878+0000][1][safepoint    ] Total time for which application threads were stopped: 0.0002257 seconds, Stopping threads took: 0.0000636 seconds
[2019-06-24T10:08:37.878+0000][1][safepoint    ] Application time: 1.0000933 seconds
[2019-06-24T10:08:37.878+0000][1][safepoint    ] Entering safepoint region: Cleanup
[2019-06-24T10:08:37.878+0000][1][safepoint    ] Leaving safepoint region
[2019-06-24T10:08:37.878+0000][1][safepoint    ] Total time for which application threads were stopped: 0.0000963 seconds, Stopping threads took: 0.0000261 seconds
[2019-06-24T10:08:38.879+0000][1][safepoint    ] Application time: 1.0002724 seconds
[2019-06-24T10:08:38.879+0000][1][safepoint    ] Entering safepoint region: Cleanup
[2019-06-24T10:08:38.879+0000][1][safepoint    ] Leaving safepoint region
[2019-06-24T10:08:38.879+0000][1][safepoint    ] Total time for which application threads were stopped: 0.0002234 seconds, Stopping threads took: 0.0000627 seconds
[2019-06-24T10:08:39.879+0000][1][safepoint    ] Application time: 1.0002293 seconds
[2019-06-24T10:08:39.879+0000][1][safepoint    ] Entering safepoint region: Cleanup
[2019-06-24T10:08:39.880+0000][1][safepoint    ] Leaving safepoint region
[2019-06-24T10:08:39.880+0000][1][safepoint    ] Total time for which application threads were stopped: 0.0002738 seconds, Stopping threads took: 0.0000927 seconds
[2019-06-24T10:08:40.880+0000][1][safepoint    ] Application time: 1.0002717 seconds
[2019-06-24T10:08:40.880+0000][1][safepoint    ] Entering safepoint region: Cleanup
[2019-06-24T10:08:40.880+0000][1][safepoint    ] Leaving safepoint region
[2019-06-24T10:08:40.880+0000][1][safepoint    ] Total time for which application threads were stopped: 0.0003001 seconds, Stopping threads took: 0.0000850 seconds
[2019-06-24T10:08:41.881+0000][1][safepoint    ] Application time: 1.0002663 seconds
[2019-06-24T10:08:41.881+0000][1][safepoint    ] Entering safepoint region: Cleanup
[2019-06-24T10:08:41.881+0000][1][safepoint    ] Leaving safepoint region
[2019-06-24T10:08:41.881+0000][1][safepoint    ] Total time for which application threads were stopped: 0.0002352 seconds, Stopping threads took: 0.0000751 seconds
[2019-06-24T10:08:42.881+0000][1][safepoint    ] Application time: 1.0001962 seconds
[2019-06-24T10:08:42.881+0000][1][safepoint    ] Entering safepoint region: Cleanup
[2019-06-24T10:08:42.882+0000][1][safepoint    ] Leaving safepoint region
[2019-06-24T10:08:42.882+0000][1][safepoint    ] Total time for which application threads were stopped: 0.0002363 seconds, Stopping threads took: 0.0000660 seconds
[2019-06-24T10:08:43.882+0000][1][safepoint    ] Application time: 1.0001506 seconds
[2019-06-24T10:08:43.882+0000][1][safepoint    ] Entering safepoint region: Cleanup
[2019-06-24T10:08:43.882+0000][1][safepoint    ] Leaving safepoint region
[2019-06-24T10:08:43.882+0000][1][safepoint    ] Total time for which application threads were stopped: 0.0002067 seconds, Stopping threads took: 0.0000558 seconds
[2019-06-24T10:08:44.882+0000][1][safepoint    ] Application time: 1.0002727 seconds
[2019-06-24T10:08:44.883+0000][1][safepoint    ] Entering safepoint region: Cleanup
[2019-06-24T10:08:44.883+0000][1][safepoint    ] Leaving safepoint region
[2019-06-24T10:08:44.883+0000][1][safepoint    ] Total time for which application threads were stopped: 0.0003381 seconds, Stopping threads took: 0.0001685 seconds
[2019-06-24T10:08:45.883+0000][1][safepoint    ] Application time: 1.0002192 seconds
[2019-06-24T10:08:45.883+0000][1][safepoint    ] Entering safepoint region: Cleanup
[2019-06-24T10:08:45.883+0000][1][safepoint    ] Leaving safepoint region
[2019-06-24T10:08:45.883+0000][1][safepoint    ] Total time for which application threads were stopped: 0.0002298 seconds, Stopping threads took: 0.0000630 seconds
[2019-06-24T10:08:46.884+0000][1][safepoint    ] Application time: 1.0002669 seconds
[2019-06-24T10:08:46.884+0000][1][safepoint    ] Entering safepoint region: Cleanup
[2019-06-24T10:08:46.884+0000][1][safepoint    ] Leaving safepoint region
[2019-06-24T10:08:46.884+0000][1][safepoint    ] Total time for which application threads were stopped: 0.0002299 seconds, Stopping threads took: 0.0000640 seconds
[2019-06-24T10:08:47.884+0000][1][safepoint    ] Application time: 1.0002790 seconds
[2019-06-24T10:08:47.884+0000][1][safepoint    ] Entering safepoint region: Cleanup
[2019-06-24T10:08:47.885+0000][1][safepoint    ] Leaving safepoint region
[2019-06-24T10:08:47.885+0000][1][safepoint    ] Total time for which application threads were stopped: 0.0002340 seconds, Stopping threads took: 0.0000642 seconds
[2019-06-24T10:08:48.885+0000][1][safepoint    ] Application time: 1.0002658 seconds
[2019-06-24T10:08:48.885+0000][1][safepoint    ] Entering safepoint region: Cleanup
[2019-06-24T10:08:48.885+0000][1][safepoint    ] Leaving safepoint region
[2019-06-24T10:08:48.885+0000][1][safepoint    ] Total time for which application threads were stopped: 0.0002076 seconds, Stopping threads took: 0.0000571 seconds
[2019-06-24T10:08:49.885+0000][1][safepoint    ] Application time: 1.0001969 seconds
[2019-06-24T10:08:49.886+0000][1][safepoint    ] Entering safepoint region: Cleanup
[2019-06-24T10:08:49.886+0000][1][safepoint    ] Leaving safepoint region
[2019-06-24T10:08:49.886+0000][1][safepoint    ] Total time for which application threads were stopped: 0.0002347 seconds, Stopping threads took: 0.0000645 seconds
[2019-06-24T10:08:50.886+0000][1][safepoint    ] Application time: 1.0002630 seconds
[2019-06-24T10:08:50.886+0000][1][safepoint    ] Entering safepoint region: Cleanup
[2019-06-24T10:08:50.886+0000][1][safepoint    ] Leaving safepoint region
[2019-06-24T10:08:50.886+0000][1][safepoint    ] Total time for which application threads were stopped: 0.0002250 seconds, Stopping threads took: 0.0000619 seconds
[2019-06-24T10:08:51.887+0000][1][safepoint    ] Application time: 1.0001368 seconds
[2019-06-24T10:08:51.887+0000][1][safepoint    ] Entering safepoint region: Cleanup
[2019-06-24T10:08:51.887+0000][1][safepoint    ] Leaving safepoint region
[2019-06-24T10:08:51.887+0000][1][safepoint    ] Total time for which application threads were stopped: 0.0002360 seconds, Stopping threads took: 0.0000657 seconds
[2019-06-24T10:08:52.887+0000][1][safepoint    ] Application time: 1.0002075 seconds
[2019-06-24T10:08:52.887+0000][1][safepoint    ] Entering safepoint region: Cleanup
[2019-06-24T10:08:52.888+0000][1][safepoint    ] Leaving safepoint region
[2019-06-24T10:08:52.888+0000][1][safepoint    ] Total time for which application threads were stopped: 0.0002355 seconds, Stopping threads took: 0.0000645 seconds
[2019-06-24T10:08:53.888+0000][1][safepoint    ] Application time: 1.0002747 seconds
[2019-06-24T10:08:53.888+0000][1][safepoint    ] Entering safepoint region: Cleanup
[2019-06-24T10:08:53.888+0000][1][safepoint    ] Leaving safepoint region
[2019-06-24T10:08:53.888+0000][1][safepoint    ] Total time for which application threads were stopped: 0.0002391 seconds, Stopping threads took: 0.0000651 seconds
[2019-06-24T10:08:54.889+0000][1][safepoint    ] Application time: 1.0001767 seconds
[2019-06-24T10:08:54.889+0000][1][safepoint    ] Entering safepoint region: Cleanup
[2019-06-24T10:08:54.889+0000][1][safepoint    ] Leaving safepoint region
[2019-06-24T10:08:54.889+0000][1][safepoint    ] Total time for which application threads were stopped: 0.0002696 seconds, Stopping threads took: 0.0000944 seconds
[2019-06-24T10:08:55.889+0000][1][safepoint    ] Application time: 1.0002602 seconds
[2019-06-24T10:08:55.889+0000][1][safepoint    ] Entering safepoint region: Cleanup
[2019-06-24T10:08:55.889+0000][1][safepoint    ] Leaving safepoint region
[2019-06-24T10:08:55.890+0000][1][safepoint    ] Total time for which application threads were stopped: 0.0002340 seconds, Stopping threads took: 0.0000636 seconds
[2019-06-24T10:08:56.890+0000][1][safepoint    ] Application time: 1.0002592 seconds
[2019-06-24T10:08:56.890+0000][1][safepoint    ] Entering safepoint region: Cleanup
[2019-06-24T10:08:56.890+0000][1][safepoint    ] Leaving safepoint region
[2019-06-24T10:08:56.890+0000][1][safepoint    ] Total time for which application threads were stopped: 0.0002365 seconds, Stopping threads took: 0.0000650 seconds
[2019-06-24T10:08:57.890+0000][1][safepoint    ] Application time: 1.0002549 seconds
[2019-06-24T10:08:57.891+0000][1][safepoint    ] Entering safepoint region: Cleanup
[2019-06-24T10:08:57.891+0000][1][safepoint    ] Leaving safepoint region
[2019-06-24T10:08:57.891+0000][1][safepoint    ] Total time for which application threads were stopped: 0.0002899 seconds, Stopping threads took: 0.0000662 seconds
[2019-06-24T10:08:58.891+0000][1][safepoint    ] Application time: 1.0002516 seconds
[2019-06-24T10:08:58.891+0000][1][safepoint    ] Entering safepoint region: Cleanup
[2019-06-24T10:08:58.892+0000][1][safepoint    ] Leaving safepoint region
[2019-06-24T10:08:58.892+0000][1][safepoint    ] Total time for which application threads were stopped: 0.0003490 seconds, Stopping threads took: 0.0001150 seconds
[2019-06-24T10:08:59.892+0000][1][safepoint    ] Application time: 1.0002053 seconds
[2019-06-24T10:08:59.892+0000][1][safepoint    ] Entering safepoint region: Cleanup
[2019-06-24T10:08:59.892+0000][1][safepoint    ] Leaving safepoint region
[2019-06-24T10:08:59.892+0000][1][safepoint    ] Total time for which application threads were stopped: 0.0002339 seconds, Stopping threads took: 0.0000648 seconds
[2019-06-24T10:09:00.893+0000][1][safepoint    ] Application time: 1.0002661 seconds
[2019-06-24T10:09:00.893+0000][1][safepoint    ] Entering safepoint region: Cleanup
[2019-06-24T10:09:00.893+0000][1][safepoint    ] Leaving safepoint region
[2019-06-24T10:09:00.893+0000][1][safepoint    ] Total time for which application threads were stopped: 0.0002520 seconds, Stopping threads took: 0.0000658 seconds
[2019-06-24T10:09:01.893+0000][1][safepoint    ] Application time: 1.0002583 seconds
[2019-06-24T10:09:01.893+0000][1][safepoint    ] Entering safepoint region: Cleanup
[2019-06-24T10:09:01.894+0000][1][safepoint    ] Leaving safepoint region
[2019-06-24T10:09:01.894+0000][1][safepoint    ] Total time for which application threads were stopped: 0.0002500 seconds, Stopping threads took: 0.0000648 seconds
[2019-06-24T10:09:02.894+0000][1][safepoint    ] Application time: 1.0001830 seconds
[2019-06-24T10:09:02.894+0000][1][safepoint    ] Entering safepoint region: Cleanup
[2019-06-24T10:09:02.894+0000][1][safepoint    ] Leaving safepoint region
[2019-06-24T10:09:02.894+0000][1][safepoint    ] Total time for which application threads were stopped: 0.0002140 seconds, Stopping threads took: 0.0000565 seconds
[2019-06-24T10:09:03.894+0000][1][safepoint    ] Application time: 1.0001764 seconds
[2019-06-24T10:09:03.894+0000][1][safepoint    ] Entering safepoint region: Cleanup
[2019-06-24T10:09:03.895+0000][1][safepoint    ] Leaving safepoint region
[2019-06-24T10:09:03.895+0000][1][safepoint    ] Total time for which application threads were stopped: 0.0003121 seconds, Stopping threads took: 0.0000634 seconds
[2019-06-24T10:09:04.895+0000][1][safepoint    ] Application time: 1.0002891 seconds
[2019-06-24T10:09:04.895+0000][1][safepoint    ] Entering safepoint region: Cleanup
[2019-06-24T10:09:04.895+0000][1][safepoint    ] Leaving safepoint region
[2019-06-24T10:09:04.895+0000][1][safepoint    ] Total time for which application threads were stopped: 0.0002846 seconds, Stopping threads took: 0.0000662 seconds
[2019-06-24T10:09:06.171+0000][1][safepoint    ] Application time: 1.2754985 seconds
[2019-06-24T10:09:06.171+0000][1][safepoint    ] Entering safepoint region: Cleanup
[2019-06-24T10:09:06.171+0000][1][safepoint    ] Leaving safepoint region
[2019-06-24T10:09:06.171+0000][1][safepoint    ] Total time for which application threads were stopped: 0.0002522 seconds, Stopping threads took: 0.0000651 seconds
[2019-06-24T10:09:07.172+0000][1][safepoint    ] Application time: 1.0002670 seconds
[2019-06-24T10:09:07.172+0000][1][safepoint    ] Entering safepoint region: Cleanup
[2019-06-24T10:09:07.172+0000][1][safepoint    ] Leaving safepoint region
[2019-06-24T10:09:07.172+0000][1][safepoint    ] Total time for which application threads were stopped: 0.0002292 seconds, Stopping threads took: 0.0000854 seconds
[2019-06-24T10:09:07.950+0000][1][safepoint    ] Application time: 0.7777362 seconds
[2019-06-24T10:09:07.950+0000][1][safepoint    ] Entering safepoint region: GenCollectForAllocation
[2019-06-24T10:09:07.950+0000][1][gc,start     ] GC(25) Pause Young (Allocation Failure)
[2019-06-24T10:09:07.950+0000][1][gc,task      ] GC(25) Using 5 workers of 8 for evacuation
[2019-06-24T10:09:07.956+0000][1][gc,age       ] GC(25) Desired survivor size 4456448 bytes, new threshold 6 (max threshold 6)
[2019-06-24T10:09:07.956+0000][1][gc,age       ] GC(25) Age table with threshold 6 (max threshold 6)
[2019-06-24T10:09:07.956+0000][1][gc,age       ] GC(25) - age   1:      10112 bytes,      10112 total
[2019-06-24T10:09:07.956+0000][1][gc,age       ] GC(25) - age   2:     106600 bytes,     116712 total
[2019-06-24T10:09:07.956+0000][1][gc,age       ] GC(25) - age   3:      12992 bytes,     129704 total
[2019-06-24T10:09:07.956+0000][1][gc,age       ] GC(25) - age   4:    2411024 bytes,    2540728 total
[2019-06-24T10:09:07.956+0000][1][gc,heap      ] GC(25) ParNew: 73818K->3428K(78656K)
[2019-06-24T10:09:07.956+0000][1][gc,heap      ] GC(25) CMS: 67070K->67070K(174784K)
[2019-06-24T10:09:07.956+0000][1][gc,metaspace ] GC(25) Metaspace: 67815K->67815K(1112064K)
[2019-06-24T10:09:07.956+0000][1][gc           ] GC(25) Pause Young (Allocation Failure) 137M->68M(247M) 6.274ms
[2019-06-24T10:09:07.956+0000][1][gc,cpu       ] GC(25) User=0.02s Sys=0.01s Real=0.01s
[2019-06-24T10:09:07.956+0000][1][safepoint    ] Leaving safepoint region
[2019-06-24T10:09:07.956+0000][1][safepoint    ] Total time for which application threads were stopped: 0.0066457 seconds, Stopping threads took: 0.0000636 seconds
[2019-06-24T10:09:08.957+0000][1][safepoint    ] Application time: 1.0002605 seconds
[2019-06-24T10:09:08.957+0000][1][safepoint    ] Entering safepoint region: Cleanup
[2019-06-24T10:09:08.957+0000][1][safepoint    ] Leaving safepoint region
[2019-06-24T10:09:08.957+0000][1][safepoint    ] Total time for which application threads were stopped: 0.0002758 seconds, Stopping threads took: 0.0000652 seconds
[2019-06-24T10:09:09.957+0000][1][safepoint    ] Application time: 1.0001911 seconds
[2019-06-24T10:09:09.958+0000][1][safepoint    ] Entering safepoint region: Cleanup
[2019-06-24T10:09:09.958+0000][1][safepoint    ] Leaving safepoint region
[2019-06-24T10:09:09.958+0000][1][safepoint    ] Total time for which application threads were stopped: 0.0002110 seconds, Stopping threads took: 0.0000559 seconds
[2019-06-24T10:09:10.958+0000][1][safepoint    ] Application time: 1.0001472 seconds
[2019-06-24T10:09:10.958+0000][1][safepoint    ] Entering safepoint region: Cleanup
[2019-06-24T10:09:10.958+0000][1][safepoint    ] Leaving safepoint region
[2019-06-24T10:09:10.958+0000][1][safepoint    ] Total time for which application threads were stopped: 0.0002578 seconds, Stopping threads took: 0.0000646 seconds
[2019-06-24T10:09:11.959+0000][1][safepoint    ] Application time: 1.0002582 seconds
[2019-06-24T10:09:11.959+0000][1][safepoint    ] Entering safepoint region: Cleanup
[2019-06-24T10:09:11.959+0000][1][safepoint    ] Leaving safepoint region
[2019-06-24T10:09:11.959+0000][1][safepoint    ] Total time for which application threads were stopped: 0.0003162 seconds, Stopping threads took: 0.0001187 seconds
[2019-06-24T10:09:12.959+0000][1][safepoint    ] Application time: 1.0001932 seconds
[2019-06-24T10:09:12.959+0000][1][safepoint    ] Entering safepoint region: Cleanup
[2019-06-24T10:09:12.959+0000][1][safepoint    ] Leaving safepoint region
[2019-06-24T10:09:12.960+0000][1][safepoint    ] Total time for which application threads were stopped: 0.0002179 seconds, Stopping threads took: 0.0000566 seconds
[2019-06-24T10:09:13.960+0000][1][safepoint    ] Application time: 1.0001712 seconds
[2019-06-24T10:09:13.960+0000][1][safepoint    ] Entering safepoint region: Cleanup
[2019-06-24T10:09:13.960+0000][1][safepoint    ] Leaving safepoint region
[2019-06-24T10:09:13.960+0000][1][safepoint    ] Total time for which application threads were stopped: 0.0002240 seconds, Stopping threads took: 0.0000554 seconds
[2019-06-24T10:09:14.960+0000][1][safepoint    ] Application time: 1.0001713 seconds
[2019-06-24T10:09:14.960+0000][1][safepoint    ] Entering safepoint region: Cleanup
[2019-06-24T10:09:14.961+0000][1][safepoint    ] Leaving safepoint region
[2019-06-24T10:09:14.961+0000][1][safepoint    ] Total time for which application threads were stopped: 0.0002382 seconds, Stopping threads took: 0.0000644 seconds
[2019-06-24T10:09:15.961+0000][1][safepoint    ] Application time: 1.0001856 seconds
[2019-06-24T10:09:15.961+0000][1][safepoint    ] Entering safepoint region: Cleanup
[2019-06-24T10:09:15.961+0000][1][safepoint    ] Leaving safepoint region
[2019-06-24T10:09:15.961+0000][1][safepoint    ] Total time for which application threads were stopped: 0.0002287 seconds, Stopping threads took: 0.0000630 seconds
[2019-06-24T10:09:16.961+0000][1][safepoint    ] Application time: 1.0001755 seconds
[2019-06-24T10:09:16.962+0000][1][safepoint    ] Entering safepoint region: Cleanup
[2019-06-24T10:09:16.962+0000][1][safepoint    ] Leaving safepoint region
[2019-06-24T10:09:16.962+0000][1][safepoint    ] Total time for which application threads were stopped: 0.0003368 seconds, Stopping threads took: 0.0000961 seconds
[2019-06-24T10:09:17.962+0000][1][safepoint    ] Application time: 1.0001920 seconds
[2019-06-24T10:09:17.962+0000][1][safepoint    ] Entering safepoint region: Cleanup
[2019-06-24T10:09:17.962+0000][1][safepoint    ] Leaving safepoint region
[2019-06-24T10:09:17.962+0000][1][safepoint    ] Total time for which application threads were stopped: 0.0002461 seconds, Stopping threads took: 0.0000631 seconds
[2019-06-24T10:09:18.963+0000][1][safepoint    ] Application time: 1.0002125 seconds
[2019-06-24T10:09:18.963+0000][1][safepoint    ] Entering safepoint region: Cleanup
[2019-06-24T10:09:18.963+0000][1][safepoint    ] Leaving safepoint region
[2019-06-24T10:09:18.963+0000][1][safepoint    ] Total time for which application threads were stopped: 0.0002906 seconds, Stopping threads took: 0.0000626 seconds
[2019-06-24T10:09:19.963+0000][1][safepoint    ] Application time: 1.0001269 seconds
[2019-06-24T10:09:19.963+0000][1][safepoint    ] Entering safepoint region: Cleanup
[2019-06-24T10:09:19.964+0000][1][safepoint    ] Leaving safepoint region
[2019-06-24T10:09:19.964+0000][1][safepoint    ] Total time for which application threads were stopped: 0.0002285 seconds, Stopping threads took: 0.0000612 seconds
[2019-06-24T10:09:20.964+0000][1][safepoint    ] Application time: 1.0001848 seconds
[2019-06-24T10:09:20.964+0000][1][safepoint    ] Entering safepoint region: Cleanup
[2019-06-24T10:09:20.964+0000][1][safepoint    ] Leaving safepoint region
[2019-06-24T10:09:20.964+0000][1][safepoint    ] Total time for which application threads were stopped: 0.0002489 seconds, Stopping threads took: 0.0000653 seconds
[2019-06-24T10:09:21.964+0000][1][safepoint    ] Application time: 1.0001811 seconds
[2019-06-24T10:09:21.964+0000][1][safepoint    ] Entering safepoint region: Cleanup
[2019-06-24T10:09:21.965+0000][1][safepoint    ] Leaving safepoint region
[2019-06-24T10:09:21.965+0000][1][safepoint    ] Total time for which application threads were stopped: 0.0003328 seconds, Stopping threads took: 0.0000941 seconds
[2019-06-24T10:09:22.965+0000][1][safepoint    ] Application time: 1.0001596 seconds
[2019-06-24T10:09:22.965+0000][1][safepoint    ] Entering safepoint region: Cleanup
[2019-06-24T10:09:22.965+0000][1][safepoint    ] Leaving safepoint region
[2019-06-24T10:09:22.965+0000][1][safepoint    ] Total time for which application threads were stopped: 0.0002379 seconds, Stopping threads took: 0.0000628 seconds
[2019-06-24T10:09:23.965+0000][1][safepoint    ] Application time: 1.0001744 seconds
[2019-06-24T10:09:23.966+0000][1][safepoint    ] Entering safepoint region: Cleanup
[2019-06-24T10:09:23.966+0000][1][safepoint    ] Leaving safepoint region
[2019-06-24T10:09:23.966+0000][1][safepoint    ] Total time for which application threads were stopped: 0.0002451 seconds, Stopping threads took: 0.0000631 seconds
[2019-06-24T10:09:24.966+0000][1][safepoint    ] Application time: 1.0002636 seconds
[2019-06-24T10:09:24.966+0000][1][safepoint    ] Entering safepoint region: Cleanup
[2019-06-24T10:09:24.967+0000][1][safepoint    ] Leaving safepoint region
[2019-06-24T10:09:24.967+0000][1][safepoint    ] Total time for which application threads were stopped: 0.0003542 seconds, Stopping threads took: 0.0000649 seconds
[2019-06-24T10:09:25.967+0000][1][safepoint    ] Application time: 1.0001335 seconds
[2019-06-24T10:09:25.967+0000][1][safepoint    ] Entering safepoint region: Cleanup
[2019-06-24T10:09:25.967+0000][1][safepoint    ] Leaving safepoint region
[2019-06-24T10:09:25.967+0000][1][safepoint    ] Total time for which application threads were stopped: 0.0002460 seconds, Stopping threads took: 0.0000657 seconds
[2019-06-24T10:09:26.967+0000][1][safepoint    ] Application time: 1.0002268 seconds
[2019-06-24T10:09:26.968+0000][1][safepoint    ] Entering safepoint region: Cleanup
[2019-06-24T10:09:26.968+0000][1][safepoint    ] Leaving safepoint region
[2019-06-24T10:09:26.968+0000][1][safepoint    ] Total time for which application threads were stopped: 0.0002718 seconds, Stopping threads took: 0.0000802 seconds
[2019-06-24T10:09:27.968+0000][1][safepoint    ] Application time: 1.0002549 seconds
[2019-06-24T10:09:27.968+0000][1][safepoint    ] Entering safepoint region: Cleanup
[2019-06-24T10:09:27.968+0000][1][safepoint    ] Leaving safepoint region
[2019-06-24T10:09:27.968+0000][1][safepoint    ] Total time for which application threads were stopped: 0.0002609 seconds, Stopping threads took: 0.0000994 seconds
[2019-06-24T10:09:28.969+0000][1][safepoint    ] Application time: 1.0001266 seconds
[2019-06-24T10:09:28.969+0000][1][safepoint    ] Entering safepoint region: Cleanup
[2019-06-24T10:09:28.969+0000][1][safepoint    ] Leaving safepoint region
[2019-06-24T10:09:28.969+0000][1][safepoint    ] Total time for which application threads were stopped: 0.0002869 seconds, Stopping threads took: 0.0000781 seconds
[2019-06-24T10:09:29.969+0000][1][safepoint    ] Application time: 1.0002572 seconds
[2019-06-24T10:09:29.969+0000][1][safepoint    ] Entering safepoint region: Cleanup
[2019-06-24T10:09:29.970+0000][1][safepoint    ] Leaving safepoint region
[2019-06-24T10:09:29.970+0000][1][safepoint    ] Total time for which application threads were stopped: 0.0002418 seconds, Stopping threads took: 0.0000644 seconds
[2019-06-24T10:09:30.970+0000][1][safepoint    ] Application time: 1.0002561 seconds
[2019-06-24T10:09:30.970+0000][1][safepoint    ] Entering safepoint region: Cleanup
[2019-06-24T10:09:30.970+0000][1][safepoint    ] Leaving safepoint region
[2019-06-24T10:09:30.970+0000][1][safepoint    ] Total time for which application threads were stopped: 0.0003125 seconds, Stopping threads took: 0.0001051 seconds
[2019-06-24T10:09:31.971+0000][1][safepoint    ] Application time: 1.0002493 seconds
[2019-06-24T10:09:31.971+0000][1][safepoint    ] Entering safepoint region: Cleanup
[2019-06-24T10:09:31.971+0000][1][safepoint    ] Leaving safepoint region
[2019-06-24T10:09:31.971+0000][1][safepoint    ] Total time for which application threads were stopped: 0.0002956 seconds, Stopping threads took: 0.0000962 seconds
[2019-06-24T10:09:33.001+0000][1][safepoint    ] Application time: 1.0302899 seconds
[2019-06-24T10:09:33.001+0000][1][safepoint    ] Entering safepoint region: Cleanup
[2019-06-24T10:09:33.002+0000][1][safepoint    ] Leaving safepoint region
[2019-06-24T10:09:33.002+0000][1][safepoint    ] Total time for which application threads were stopped: 0.0001164 seconds, Stopping threads took: 0.0000230 seconds
[2019-06-24T10:09:34.002+0000][1][safepoint    ] Application time: 1.0001608 seconds
[2019-06-24T10:09:34.002+0000][1][safepoint    ] Entering safepoint region: Cleanup
[2019-06-24T10:09:34.002+0000][1][safepoint    ] Leaving safepoint region
[2019-06-24T10:09:34.002+0000][1][safepoint    ] Total time for which application threads were stopped: 0.0003770 seconds, Stopping threads took: 0.0000902 seconds
[2019-06-24T10:09:35.003+0000][1][safepoint    ] Application time: 1.0003490 seconds
[2019-06-24T10:09:35.003+0000][1][safepoint    ] Entering safepoint region: Cleanup
[2019-06-24T10:09:35.003+0000][1][safepoint    ] Leaving safepoint region
[2019-06-24T10:09:35.003+0000][1][safepoint    ] Total time for which application threads were stopped: 0.0004155 seconds, Stopping threads took: 0.0001409 seconds
[2019-06-24T10:09:36.004+0000][1][safepoint    ] Application time: 1.0002674 seconds
[2019-06-24T10:09:36.004+0000][1][safepoint    ] Entering safepoint region: Cleanup
[2019-06-24T10:09:36.004+0000][1][safepoint    ] Leaving safepoint region
[2019-06-24T10:09:36.004+0000][1][safepoint    ] Total time for which application threads were stopped: 0.0002636 seconds, Stopping threads took: 0.0000632 seconds
[2019-06-24T10:09:37.004+0000][1][safepoint    ] Application time: 1.0002642 seconds
[2019-06-24T10:09:37.004+0000][1][safepoint    ] Entering safepoint region: Cleanup
[2019-06-24T10:09:37.005+0000][1][safepoint    ] Leaving safepoint region
[2019-06-24T10:09:37.005+0000][1][safepoint    ] Total time for which application threads were stopped: 0.0002624 seconds, Stopping threads took: 0.0000625 seconds
[2019-06-24T10:09:38.005+0000][1][safepoint    ] Application time: 1.0001874 seconds
[2019-06-24T10:09:38.005+0000][1][safepoint    ] Entering safepoint region: Cleanup
[2019-06-24T10:09:38.005+0000][1][safepoint    ] Leaving safepoint region
[2019-06-24T10:09:38.005+0000][1][safepoint    ] Total time for which application threads were stopped: 0.0002361 seconds, Stopping threads took: 0.0000551 seconds
[2019-06-24T10:09:39.005+0000][1][safepoint    ] Application time: 1.0001809 seconds
[2019-06-24T10:09:39.005+0000][1][safepoint    ] Entering safepoint region: Cleanup
[2019-06-24T10:09:39.006+0000][1][safepoint    ] Leaving safepoint region
[2019-06-24T10:09:39.006+0000][1][safepoint    ] Total time for which application threads were stopped: 0.0002276 seconds, Stopping threads took: 0.0000595 seconds
[2019-06-24T10:09:40.006+0000][1][safepoint    ] Application time: 1.0002573 seconds
[2019-06-24T10:09:40.006+0000][1][safepoint    ] Entering safepoint region: Cleanup
[2019-06-24T10:09:40.006+0000][1][safepoint    ] Leaving safepoint region
[2019-06-24T10:09:40.006+0000][1][safepoint    ] Total time for which application threads were stopped: 0.0003067 seconds, Stopping threads took: 0.0000680 seconds
[2019-06-24T10:09:41.007+0000][1][safepoint    ] Application time: 1.0001632 seconds
[2019-06-24T10:09:41.007+0000][1][safepoint    ] Entering safepoint region: Cleanup
[2019-06-24T10:09:41.007+0000][1][safepoint    ] Leaving safepoint region
[2019-06-24T10:09:41.007+0000][1][safepoint    ] Total time for which application threads were stopped: 0.0002760 seconds, Stopping threads took: 0.0000659 seconds
[2019-06-24T10:09:42.007+0000][1][safepoint    ] Application time: 1.0001915 seconds
[2019-06-24T10:09:42.007+0000][1][safepoint    ] Entering safepoint region: Cleanup
[2019-06-24T10:09:42.008+0000][1][safepoint    ] Leaving safepoint region
[2019-06-24T10:09:42.008+0000][1][safepoint    ] Total time for which application threads were stopped: 0.0003167 seconds, Stopping threads took: 0.0000618 seconds
[2019-06-24T10:09:43.008+0000][1][safepoint    ] Application time: 1.0001967 seconds
[2019-06-24T10:09:43.008+0000][1][safepoint    ] Entering safepoint region: Cleanup
[2019-06-24T10:09:43.008+0000][1][safepoint    ] Leaving safepoint region
[2019-06-24T10:09:43.008+0000][1][safepoint    ] Total time for which application threads were stopped: 0.0003252 seconds, Stopping threads took: 0.0001004 seconds
[2019-06-24T10:09:44.009+0000][1][safepoint    ] Application time: 1.0002603 seconds
[2019-06-24T10:09:44.009+0000][1][safepoint    ] Entering safepoint region: Cleanup
[2019-06-24T10:09:44.009+0000][1][safepoint    ] Leaving safepoint region
[2019-06-24T10:09:44.009+0000][1][safepoint    ] Total time for which application threads were stopped: 0.0002467 seconds, Stopping threads took: 0.0000650 seconds
[2019-06-24T10:09:45.009+0000][1][safepoint    ] Application time: 1.0001801 seconds
[2019-06-24T10:09:45.009+0000][1][safepoint    ] Entering safepoint region: Cleanup
[2019-06-24T10:09:45.009+0000][1][safepoint    ] Leaving safepoint region
[2019-06-24T10:09:45.010+0000][1][safepoint    ] Total time for which application threads were stopped: 0.0002698 seconds, Stopping threads took: 0.0000630 seconds
[2019-06-24T10:09:46.010+0000][1][safepoint    ] Application time: 1.0001870 seconds
[2019-06-24T10:09:46.010+0000][1][safepoint    ] Entering safepoint region: Cleanup
[2019-06-24T10:09:46.010+0000][1][safepoint    ] Leaving safepoint region
[2019-06-24T10:09:46.010+0000][1][safepoint    ] Total time for which application threads were stopped: 0.0003002 seconds, Stopping threads took: 0.0000649 seconds
[2019-06-24T10:09:47.010+0000][1][safepoint    ] Application time: 1.0001899 seconds
[2019-06-24T10:09:47.011+0000][1][safepoint    ] Entering safepoint region: Cleanup
[2019-06-24T10:09:47.011+0000][1][safepoint    ] Leaving safepoint region
[2019-06-24T10:09:47.011+0000][1][safepoint    ] Total time for which application threads were stopped: 0.0003349 seconds, Stopping threads took: 0.0000682 seconds
[2019-06-24T10:09:48.011+0000][1][safepoint    ] Application time: 1.0001788 seconds
[2019-06-24T10:09:48.011+0000][1][safepoint    ] Entering safepoint region: Cleanup
[2019-06-24T10:09:48.011+0000][1][safepoint    ] Leaving safepoint region
[2019-06-24T10:09:48.011+0000][1][safepoint    ] Total time for which application threads were stopped: 0.0002427 seconds, Stopping threads took: 0.0000633 seconds
[2019-06-24T10:09:49.012+0000][1][safepoint    ] Application time: 1.0002350 seconds
[2019-06-24T10:09:49.012+0000][1][safepoint    ] Entering safepoint region: Cleanup
[2019-06-24T10:09:49.012+0000][1][safepoint    ] Leaving safepoint region
[2019-06-24T10:09:49.012+0000][1][safepoint    ] Total time for which application threads were stopped: 0.0002363 seconds, Stopping threads took: 0.0000654 seconds
[2019-06-24T10:09:50.012+0000][1][safepoint    ] Application time: 1.0002910 seconds
[2019-06-24T10:09:50.013+0000][1][safepoint    ] Entering safepoint region: Cleanup
[2019-06-24T10:09:50.013+0000][1][safepoint    ] Leaving safepoint region
[2019-06-24T10:09:50.013+0000][1][safepoint    ] Total time for which application threads were stopped: 0.0002816 seconds, Stopping threads took: 0.0000753 seconds
[2019-06-24T10:09:51.013+0000][1][safepoint    ] Application time: 1.0002628 seconds
[2019-06-24T10:09:51.013+0000][1][safepoint    ] Entering safepoint region: Cleanup
[2019-06-24T10:09:51.013+0000][1][safepoint    ] Leaving safepoint region
[2019-06-24T10:09:51.013+0000][1][safepoint    ] Total time for which application threads were stopped: 0.0002423 seconds, Stopping threads took: 0.0000640 seconds
[2019-06-24T10:09:52.014+0000][1][safepoint    ] Application time: 1.0001918 seconds
[2019-06-24T10:09:52.014+0000][1][safepoint    ] Entering safepoint region: Cleanup
[2019-06-24T10:09:52.014+0000][1][safepoint    ] Leaving safepoint region
[2019-06-24T10:09:52.014+0000][1][safepoint    ] Total time for which application threads were stopped: 0.0002086 seconds, Stopping threads took: 0.0000562 seconds
[2019-06-24T10:09:53.014+0000][1][safepoint    ] Application time: 1.0001343 seconds
[2019-06-24T10:09:53.014+0000][1][safepoint    ] Entering safepoint region: Cleanup
[2019-06-24T10:09:53.015+0000][1][safepoint    ] Leaving safepoint region
[2019-06-24T10:09:53.015+0000][1][safepoint    ] Total time for which application threads were stopped: 0.0003146 seconds, Stopping threads took: 0.0000627 seconds
[2019-06-24T10:09:54.015+0000][1][safepoint    ] Application time: 1.0001508 seconds
[2019-06-24T10:09:54.015+0000][1][safepoint    ] Entering safepoint region: Cleanup
[2019-06-24T10:09:54.015+0000][1][safepoint    ] Leaving safepoint region
[2019-06-24T10:09:54.015+0000][1][safepoint    ] Total time for which application threads were stopped: 0.0002386 seconds, Stopping threads took: 0.0000638 seconds
[2019-06-24T10:09:55.015+0000][1][safepoint    ] Application time: 1.0002551 seconds
[2019-06-24T10:09:55.016+0000][1][safepoint    ] Entering safepoint region: Cleanup
[2019-06-24T10:09:55.016+0000][1][safepoint    ] Leaving safepoint region
[2019-06-24T10:09:55.016+0000][1][safepoint    ] Total time for which application threads were stopped: 0.0002399 seconds, Stopping threads took: 0.0000639 seconds
[2019-06-24T10:09:56.016+0000][1][safepoint    ] Application time: 1.0002451 seconds
[2019-06-24T10:09:56.016+0000][1][safepoint    ] Entering safepoint region: Cleanup
[2019-06-24T10:09:56.016+0000][1][safepoint    ] Leaving safepoint region
[2019-06-24T10:09:56.016+0000][1][safepoint    ] Total time for which application threads were stopped: 0.0003256 seconds, Stopping threads took: 0.0001621 seconds
[2019-06-24T10:09:57.017+0000][1][safepoint    ] Application time: 1.0002090 seconds
[2019-06-24T10:09:57.017+0000][1][safepoint    ] Entering safepoint region: Cleanup
[2019-06-24T10:09:57.017+0000][1][safepoint    ] Leaving safepoint region
[2019-06-24T10:09:57.017+0000][1][safepoint    ] Total time for which application threads were stopped: 0.0002509 seconds, Stopping threads took: 0.0000622 seconds
[2019-06-24T10:09:58.017+0000][1][safepoint    ] Application time: 1.0001977 seconds
[2019-06-24T10:09:58.017+0000][1][safepoint    ] Entering safepoint region: Cleanup
[2019-06-24T10:09:58.018+0000][1][safepoint    ] Leaving safepoint region
[2019-06-24T10:09:58.018+0000][1][safepoint    ] Total time for which application threads were stopped: 0.0002691 seconds, Stopping threads took: 0.0000927 seconds
[2019-06-24T10:09:59.018+0000][1][safepoint    ] Application time: 1.0002712 seconds
[2019-06-24T10:09:59.018+0000][1][safepoint    ] Entering safepoint region: Cleanup
[2019-06-24T10:09:59.018+0000][1][safepoint    ] Leaving safepoint region
[2019-06-24T10:09:59.018+0000][1][safepoint    ] Total time for which application threads were stopped: 0.0002734 seconds, Stopping threads took: 0.0000783 seconds
[2019-06-24T10:10:00.019+0000][1][safepoint    ] Application time: 1.0003032 seconds
[2019-06-24T10:10:00.019+0000][1][safepoint    ] Entering safepoint region: Cleanup
[2019-06-24T10:10:00.019+0000][1][safepoint    ] Leaving safepoint region
[2019-06-24T10:10:00.019+0000][1][safepoint    ] Total time for which application threads were stopped: 0.0002453 seconds, Stopping threads took: 0.0000685 seconds
[2019-06-24T10:10:01.019+0000][1][safepoint    ] Application time: 1.0002671 seconds
[2019-06-24T10:10:01.020+0000][1][safepoint    ] Entering safepoint region: Cleanup
[2019-06-24T10:10:01.020+0000][1][safepoint    ] Leaving safepoint region
[2019-06-24T10:10:01.020+0000][1][safepoint    ] Total time for which application threads were stopped: 0.0002515 seconds, Stopping threads took: 0.0000672 seconds
[2019-06-24T10:10:02.020+0000][1][safepoint    ] Application time: 1.0002293 seconds
[2019-06-24T10:10:02.020+0000][1][safepoint    ] Entering safepoint region: Cleanup
[2019-06-24T10:10:02.020+0000][1][safepoint    ] Leaving safepoint region
[2019-06-24T10:10:02.020+0000][1][safepoint    ] Total time for which application threads were stopped: 0.0002393 seconds, Stopping threads took: 0.0000655 seconds
[2019-06-24T10:10:03.021+0000][1][safepoint    ] Application time: 1.0002813 seconds
[2019-06-24T10:10:03.021+0000][1][safepoint    ] Entering safepoint region: Cleanup
[2019-06-24T10:10:03.021+0000][1][safepoint    ] Leaving safepoint region
[2019-06-24T10:10:03.021+0000][1][safepoint    ] Total time for which application threads were stopped: 0.0002701 seconds, Stopping threads took: 0.0001016 seconds
[2019-06-24T10:10:04.021+0000][1][safepoint    ] Application time: 1.0002773 seconds
[2019-06-24T10:10:04.022+0000][1][safepoint    ] Entering safepoint region: Cleanup
[2019-06-24T10:10:04.022+0000][1][safepoint    ] Leaving safepoint region
[2019-06-24T10:10:04.022+0000][1][safepoint    ] Total time for which application threads were stopped: 0.0002520 seconds, Stopping threads took: 0.0000654 seconds
[2019-06-24T10:10:05.022+0000][1][safepoint    ] Application time: 1.0002501 seconds
[2019-06-24T10:10:05.022+0000][1][safepoint    ] Entering safepoint region: Cleanup
[2019-06-24T10:10:05.022+0000][1][safepoint    ] Leaving safepoint region
[2019-06-24T10:10:05.022+0000][1][safepoint    ] Total time for which application threads were stopped: 0.0002391 seconds, Stopping threads took: 0.0000636 seconds
[2019-06-24T10:10:06.023+0000][1][safepoint    ] Application time: 1.0002388 seconds
[2019-06-24T10:10:06.023+0000][1][safepoint    ] Entering safepoint region: Cleanup
[2019-06-24T10:10:06.023+0000][1][safepoint    ] Leaving safepoint region
[2019-06-24T10:10:06.023+0000][1][safepoint    ] Total time for which application threads were stopped: 0.0002629 seconds, Stopping threads took: 0.0000912 seconds
[2019-06-24T10:10:07.023+0000][1][safepoint    ] Application time: 1.0002600 seconds
[2019-06-24T10:10:07.023+0000][1][safepoint    ] Entering safepoint region: Cleanup
[2019-06-24T10:10:07.024+0000][1][safepoint    ] Leaving safepoint region
[2019-06-24T10:10:07.024+0000][1][safepoint    ] Total time for which application threads were stopped: 0.0002389 seconds, Stopping threads took: 0.0000651 seconds
[2019-06-24T10:10:08.024+0000][1][safepoint    ] Application time: 1.0002668 seconds
[2019-06-24T10:10:08.024+0000][1][safepoint    ] Entering safepoint region: Cleanup
[2019-06-24T10:10:08.024+0000][1][safepoint    ] Leaving safepoint region
[2019-06-24T10:10:08.024+0000][1][safepoint    ] Total time for which application threads were stopped: 0.0002612 seconds, Stopping threads took: 0.0000927 seconds
[2019-06-24T10:10:09.025+0000][1][safepoint    ] Application time: 1.0002850 seconds
[2019-06-24T10:10:09.025+0000][1][safepoint    ] Entering safepoint region: Cleanup
[2019-06-24T10:10:09.025+0000][1][safepoint    ] Leaving safepoint region
[2019-06-24T10:10:09.025+0000][1][safepoint    ] Total time for which application threads were stopped: 0.0002822 seconds, Stopping threads took: 0.0000848 seconds
[2019-06-24T10:10:10.025+0000][1][safepoint    ] Application time: 1.0001627 seconds
[2019-06-24T10:10:10.025+0000][1][safepoint    ] Entering safepoint region: Cleanup
[2019-06-24T10:10:10.026+0000][1][safepoint    ] Leaving safepoint region
[2019-06-24T10:10:10.026+0000][1][safepoint    ] Total time for which application threads were stopped: 0.0002743 seconds, Stopping threads took: 0.0000835 seconds
[2019-06-24T10:10:11.026+0000][1][safepoint    ] Application time: 1.0002578 seconds
[2019-06-24T10:10:11.026+0000][1][safepoint    ] Entering safepoint region: Cleanup
[2019-06-24T10:10:11.026+0000][1][safepoint    ] Leaving safepoint region
[2019-06-24T10:10:11.026+0000][1][safepoint    ] Total time for which application threads were stopped: 0.0002826 seconds, Stopping threads took: 0.0000800 seconds
[2019-06-24T10:10:12.027+0000][1][safepoint    ] Application time: 1.0002718 seconds
[2019-06-24T10:10:12.027+0000][1][safepoint    ] Entering safepoint region: Cleanup
[2019-06-24T10:10:12.027+0000][1][safepoint    ] Leaving safepoint region
[2019-06-24T10:10:12.027+0000][1][safepoint    ] Total time for which application threads were stopped: 0.0003066 seconds, Stopping threads took: 0.0001042 seconds
[2019-06-24T10:10:13.027+0000][1][safepoint    ] Application time: 1.0001710 seconds
[2019-06-24T10:10:13.028+0000][1][safepoint    ] Entering safepoint region: Cleanup
[2019-06-24T10:10:13.028+0000][1][safepoint    ] Leaving safepoint region
[2019-06-24T10:10:13.028+0000][1][safepoint    ] Total time for which application threads were stopped: 0.0003006 seconds, Stopping threads took: 0.0001147 seconds
[2019-06-24T10:10:14.028+0000][1][safepoint    ] Application time: 1.0002867 seconds
[2019-06-24T10:10:14.028+0000][1][safepoint    ] Entering safepoint region: Cleanup
[2019-06-24T10:10:14.028+0000][1][safepoint    ] Leaving safepoint region
[2019-06-24T10:10:14.028+0000][1][safepoint    ] Total time for which application threads were stopped: 0.0002532 seconds, Stopping threads took: 0.0000646 seconds
[2019-06-24T10:10:15.029+0000][1][safepoint    ] Application time: 1.0002461 seconds
[2019-06-24T10:10:15.029+0000][1][safepoint    ] Entering safepoint region: Cleanup
[2019-06-24T10:10:15.029+0000][1][safepoint    ] Leaving safepoint region
[2019-06-24T10:10:15.029+0000][1][safepoint    ] Total time for which application threads were stopped: 0.0002192 seconds, Stopping threads took: 0.0000557 seconds
[2019-06-24T10:10:16.029+0000][1][safepoint    ] Application time: 1.0002442 seconds
[2019-06-24T10:10:16.029+0000][1][safepoint    ] Entering safepoint region: Cleanup
[2019-06-24T10:10:16.030+0000][1][safepoint    ] Leaving safepoint region
[2019-06-24T10:10:16.030+0000][1][safepoint    ] Total time for which application threads were stopped: 0.0002175 seconds, Stopping threads took: 0.0000563 seconds
[2019-06-24T10:10:17.030+0000][1][safepoint    ] Application time: 1.0002723 seconds
[2019-06-24T10:10:17.030+0000][1][safepoint    ] Entering safepoint region: Cleanup
[2019-06-24T10:10:17.030+0000][1][safepoint    ] Leaving safepoint region
[2019-06-24T10:10:17.030+0000][1][safepoint    ] Total time for which application threads were stopped: 0.0002900 seconds, Stopping threads took: 0.0000633 seconds
[2019-06-24T10:10:18.031+0000][1][safepoint    ] Application time: 1.0002736 seconds
[2019-06-24T10:10:18.031+0000][1][safepoint    ] Entering safepoint region: Cleanup
[2019-06-24T10:10:18.031+0000][1][safepoint    ] Leaving safepoint region
[2019-06-24T10:10:18.031+0000][1][safepoint    ] Total time for which application threads were stopped: 0.0002636 seconds, Stopping threads took: 0.0000798 seconds
[2019-06-24T10:10:19.031+0000][1][safepoint    ] Application time: 1.0002672 seconds
[2019-06-24T10:10:19.031+0000][1][safepoint    ] Entering safepoint region: Cleanup
[2019-06-24T10:10:19.032+0000][1][safepoint    ] Leaving safepoint region
[2019-06-24T10:10:19.032+0000][1][safepoint    ] Total time for which application threads were stopped: 0.0003023 seconds, Stopping threads took: 0.0000636 seconds
[2019-06-24T10:10:20.032+0000][1][safepoint    ] Application time: 1.0002747 seconds
[2019-06-24T10:10:20.032+0000][1][safepoint    ] Entering safepoint region: Cleanup
[2019-06-24T10:10:20.032+0000][1][safepoint    ] Leaving safepoint region
[2019-06-24T10:10:20.032+0000][1][safepoint    ] Total time for which application threads were stopped: 0.0002484 seconds, Stopping threads took: 0.0000548 seconds
[2019-06-24T10:10:21.033+0000][1][safepoint    ] Application time: 1.0002896 seconds
[2019-06-24T10:10:21.033+0000][1][safepoint    ] Entering safepoint region: Cleanup
[2019-06-24T10:10:21.033+0000][1][safepoint    ] Leaving safepoint region
[2019-06-24T10:10:21.033+0000][1][safepoint    ] Total time for which application threads were stopped: 0.0002766 seconds, Stopping threads took: 0.0000707 seconds
[2019-06-24T10:10:22.033+0000][1][safepoint    ] Application time: 1.0002210 seconds
[2019-06-24T10:10:22.034+0000][1][safepoint    ] Entering safepoint region: Cleanup
[2019-06-24T10:10:22.034+0000][1][safepoint    ] Leaving safepoint region
[2019-06-24T10:10:22.034+0000][1][safepoint    ] Total time for which application threads were stopped: 0.0002472 seconds, Stopping threads took: 0.0000666 seconds
[2019-06-24T10:10:23.034+0000][1][safepoint    ] Application time: 1.0002901 seconds
[2019-06-24T10:10:23.034+0000][1][safepoint    ] Entering safepoint region: Cleanup
[2019-06-24T10:10:23.034+0000][1][safepoint    ] Leaving safepoint region
[2019-06-24T10:10:23.035+0000][1][safepoint    ] Total time for which application threads were stopped: 0.0003175 seconds, Stopping threads took: 0.0000644 seconds
[2019-06-24T10:10:24.035+0000][1][safepoint    ] Application time: 1.0002130 seconds
[2019-06-24T10:10:24.035+0000][1][safepoint    ] Entering safepoint region: Cleanup
[2019-06-24T10:10:24.035+0000][1][safepoint    ] Leaving safepoint region
[2019-06-24T10:10:24.035+0000][1][safepoint    ] Total time for which application threads were stopped: 0.0002707 seconds, Stopping threads took: 0.0000907 seconds
[2019-06-24T10:10:25.035+0000][1][safepoint    ] Application time: 1.0002448 seconds
[2019-06-24T10:10:25.036+0000][1][safepoint    ] Entering safepoint region: Cleanup
[2019-06-24T10:10:25.036+0000][1][safepoint    ] Leaving safepoint region
[2019-06-24T10:10:25.036+0000][1][safepoint    ] Total time for which application threads were stopped: 0.0001761 seconds, Stopping threads took: 0.0000476 seconds
[2019-06-24T10:10:26.036+0000][1][safepoint    ] Application time: 1.0002023 seconds
[2019-06-24T10:10:26.036+0000][1][safepoint    ] Entering safepoint region: Cleanup
[2019-06-24T10:10:26.036+0000][1][safepoint    ] Leaving safepoint region
[2019-06-24T10:10:26.036+0000][1][safepoint    ] Total time for which application threads were stopped: 0.0002353 seconds, Stopping threads took: 0.0000630 seconds
[2019-06-24T10:10:27.037+0000][1][safepoint    ] Application time: 1.0002887 seconds
[2019-06-24T10:10:27.037+0000][1][safepoint    ] Entering safepoint region: Cleanup
[2019-06-24T10:10:27.037+0000][1][safepoint    ] Leaving safepoint region
[2019-06-24T10:10:27.037+0000][1][safepoint    ] Total time for which application threads were stopped: 0.0002363 seconds, Stopping threads took: 0.0000638 seconds
[2019-06-24T10:10:28.037+0000][1][safepoint    ] Application time: 1.0002563 seconds
[2019-06-24T10:10:28.037+0000][1][safepoint    ] Entering safepoint region: Cleanup
[2019-06-24T10:10:28.038+0000][1][safepoint    ] Leaving safepoint region
[2019-06-24T10:10:28.038+0000][1][safepoint    ] Total time for which application threads were stopped: 0.0002389 seconds, Stopping threads took: 0.0000643 seconds
[2019-06-24T10:10:29.038+0000][1][safepoint    ] Application time: 1.0002635 seconds
[2019-06-24T10:10:29.038+0000][1][safepoint    ] Entering safepoint region: Cleanup
[2019-06-24T10:10:29.038+0000][1][safepoint    ] Leaving safepoint region
[2019-06-24T10:10:29.038+0000][1][safepoint    ] Total time for which application threads were stopped: 0.0002392 seconds, Stopping threads took: 0.0000644 seconds
[2019-06-24T10:10:30.039+0000][1][safepoint    ] Application time: 1.0003131 seconds
[2019-06-24T10:10:30.039+0000][1][safepoint    ] Entering safepoint region: Cleanup
[2019-06-24T10:10:30.039+0000][1][safepoint    ] Leaving safepoint region
[2019-06-24T10:10:30.039+0000][1][safepoint    ] Total time for which application threads were stopped: 0.0002316 seconds, Stopping threads took: 0.0000656 seconds
[2019-06-24T10:10:31.039+0000][1][safepoint    ] Application time: 1.0002836 seconds
[2019-06-24T10:10:31.039+0000][1][safepoint    ] Entering safepoint region: Cleanup
[2019-06-24T10:10:31.039+0000][1][safepoint    ] Leaving safepoint region
[2019-06-24T10:10:31.039+0000][1][safepoint    ] Total time for which application threads were stopped: 0.0001121 seconds, Stopping threads took: 0.0000294 seconds
[2019-06-24T10:10:32.040+0000][1][safepoint    ] Application time: 1.0001750 seconds
[2019-06-24T10:10:32.040+0000][1][safepoint    ] Entering safepoint region: Cleanup
[2019-06-24T10:10:32.040+0000][1][safepoint    ] Leaving safepoint region
[2019-06-24T10:10:32.040+0000][1][safepoint    ] Total time for which application threads were stopped: 0.0002044 seconds, Stopping threads took: 0.0000588 seconds
[2019-06-24T10:10:33.040+0000][1][safepoint    ] Application time: 1.0002483 seconds
[2019-06-24T10:10:33.040+0000][1][safepoint    ] Entering safepoint region: Cleanup
[2019-06-24T10:10:33.041+0000][1][safepoint    ] Leaving safepoint region
[2019-06-24T10:10:33.041+0000][1][safepoint    ] Total time for which application threads were stopped: 0.0002256 seconds, Stopping threads took: 0.0000619 seconds
[2019-06-24T10:10:34.041+0000][1][safepoint    ] Application time: 1.0002749 seconds
[2019-06-24T10:10:34.041+0000][1][safepoint    ] Entering safepoint region: Cleanup
[2019-06-24T10:10:34.041+0000][1][safepoint    ] Leaving safepoint region
[2019-06-24T10:10:34.041+0000][1][safepoint    ] Total time for which application threads were stopped: 0.0002300 seconds, Stopping threads took: 0.0000634 seconds
[2019-06-24T10:10:35.042+0000][1][safepoint    ] Application time: 1.0002840 seconds
[2019-06-24T10:10:35.042+0000][1][safepoint    ] Entering safepoint region: Cleanup
[2019-06-24T10:10:35.042+0000][1][safepoint    ] Leaving safepoint region
[2019-06-24T10:10:35.042+0000][1][safepoint    ] Total time for which application threads were stopped: 0.0002622 seconds, Stopping threads took: 0.0001018 seconds
[2019-06-24T10:10:36.042+0000][1][safepoint    ] Application time: 1.0002655 seconds
[2019-06-24T10:10:36.042+0000][1][safepoint    ] Entering safepoint region: Cleanup
[2019-06-24T10:10:36.043+0000][1][safepoint    ] Leaving safepoint region
[2019-06-24T10:10:36.043+0000][1][safepoint    ] Total time for which application threads were stopped: 0.0003937 seconds, Stopping threads took: 0.0000893 seconds
[2019-06-24T10:10:37.145+0000][1][safepoint    ] Application time: 1.1025662 seconds
[2019-06-24T10:10:37.145+0000][1][safepoint    ] Entering safepoint region: Cleanup
[2019-06-24T10:10:37.146+0000][1][safepoint    ] Leaving safepoint region
[2019-06-24T10:10:37.146+0000][1][safepoint    ] Total time for which application threads were stopped: 0.0002328 seconds, Stopping threads took: 0.0000635 seconds
[2019-06-24T10:10:38.146+0000][1][safepoint    ] Application time: 1.0001569 seconds
[2019-06-24T10:10:38.146+0000][1][safepoint    ] Entering safepoint region: Cleanup
[2019-06-24T10:10:38.146+0000][1][safepoint    ] Leaving safepoint region
[2019-06-24T10:10:38.146+0000][1][safepoint    ] Total time for which application threads were stopped: 0.0002354 seconds, Stopping threads took: 0.0000616 seconds
[2019-06-24T10:10:39.147+0000][1][safepoint    ] Application time: 1.0002576 seconds
[2019-06-24T10:10:39.147+0000][1][safepoint    ] Entering safepoint region: Cleanup
[2019-06-24T10:10:39.147+0000][1][safepoint    ] Leaving safepoint region
[2019-06-24T10:10:39.147+0000][1][safepoint    ] Total time for which application threads were stopped: 0.0002659 seconds, Stopping threads took: 0.0000970 seconds
[2019-06-24T10:10:40.147+0000][1][safepoint    ] Application time: 1.0002675 seconds
[2019-06-24T10:10:40.147+0000][1][safepoint    ] Entering safepoint region: Cleanup
[2019-06-24T10:10:40.148+0000][1][safepoint    ] Leaving safepoint region
[2019-06-24T10:10:40.148+0000][1][safepoint    ] Total time for which application threads were stopped: 0.0002336 seconds, Stopping threads took: 0.0000641 seconds
[2019-06-24T10:10:41.148+0000][1][safepoint    ] Application time: 1.0002545 seconds
[2019-06-24T10:10:41.148+0000][1][safepoint    ] Entering safepoint region: Cleanup
[2019-06-24T10:10:41.148+0000][1][safepoint    ] Leaving safepoint region
[2019-06-24T10:10:41.148+0000][1][safepoint    ] Total time for which application threads were stopped: 0.0002141 seconds, Stopping threads took: 0.0000573 seconds
[2019-06-24T10:10:42.148+0000][1][safepoint    ] Application time: 1.0002697 seconds
[2019-06-24T10:10:42.149+0000][1][safepoint    ] Entering safepoint region: Cleanup
[2019-06-24T10:10:42.149+0000][1][safepoint    ] Leaving safepoint region
[2019-06-24T10:10:42.149+0000][1][safepoint    ] Total time for which application threads were stopped: 0.0002508 seconds, Stopping threads took: 0.0000642 seconds
[2019-06-24T10:10:43.149+0000][1][safepoint    ] Application time: 1.0001072 seconds
[2019-06-24T10:10:43.149+0000][1][safepoint    ] Entering safepoint region: Cleanup
[2019-06-24T10:10:43.149+0000][1][safepoint    ] Leaving safepoint region
[2019-06-24T10:10:43.149+0000][1][safepoint    ] Total time for which application threads were stopped: 0.0000906 seconds, Stopping threads took: 0.0000246 seconds
[2019-06-24T10:10:44.149+0000][1][safepoint    ] Application time: 1.0001887 seconds
[2019-06-24T10:10:44.149+0000][1][safepoint    ] Entering safepoint region: Cleanup
[2019-06-24T10:10:44.150+0000][1][safepoint    ] Leaving safepoint region
[2019-06-24T10:10:44.150+0000][1][safepoint    ] Total time for which application threads were stopped: 0.0002416 seconds, Stopping threads took: 0.0000645 seconds
[2019-06-24T10:10:45.150+0000][1][safepoint    ] Application time: 1.0002660 seconds
[2019-06-24T10:10:45.150+0000][1][safepoint    ] Entering safepoint region: Cleanup
[2019-06-24T10:10:45.150+0000][1][safepoint    ] Leaving safepoint region
[2019-06-24T10:10:45.150+0000][1][safepoint    ] Total time for which application threads were stopped: 0.0002415 seconds, Stopping threads took: 0.0000634 seconds
[2019-06-24T10:10:46.151+0000][1][safepoint    ] Application time: 1.0003147 seconds
[2019-06-24T10:10:46.151+0000][1][safepoint    ] Entering safepoint region: Cleanup
[2019-06-24T10:10:46.151+0000][1][safepoint    ] Leaving safepoint region
[2019-06-24T10:10:46.151+0000][1][safepoint    ] Total time for which application threads were stopped: 0.0003126 seconds, Stopping threads took: 0.0000638 seconds
[2019-06-24T10:10:47.151+0000][1][safepoint    ] Application time: 1.0002610 seconds
[2019-06-24T10:10:47.152+0000][1][safepoint    ] Entering safepoint region: Cleanup
[2019-06-24T10:10:47.152+0000][1][safepoint    ] Leaving safepoint region
[2019-06-24T10:10:47.152+0000][1][safepoint    ] Total time for which application threads were stopped: 0.0002391 seconds, Stopping threads took: 0.0000625 seconds
[2019-06-24T10:10:48.152+0000][1][safepoint    ] Application time: 1.0002702 seconds
[2019-06-24T10:10:48.152+0000][1][safepoint    ] Entering safepoint region: Cleanup
[2019-06-24T10:10:48.152+0000][1][safepoint    ] Leaving safepoint region
[2019-06-24T10:10:48.152+0000][1][safepoint    ] Total time for which application threads were stopped: 0.0002378 seconds, Stopping threads took: 0.0000635 seconds
[2019-06-24T10:10:49.153+0000][1][safepoint    ] Application time: 1.0002688 seconds
[2019-06-24T10:10:49.153+0000][1][safepoint    ] Entering safepoint region: Cleanup
[2019-06-24T10:10:49.153+0000][1][safepoint    ] Leaving safepoint region
[2019-06-24T10:10:49.153+0000][1][safepoint    ] Total time for which application threads were stopped: 0.0002287 seconds, Stopping threads took: 0.0000613 seconds
[2019-06-24T10:10:50.153+0000][1][safepoint    ] Application time: 1.0001399 seconds
[2019-06-24T10:10:50.153+0000][1][safepoint    ] Entering safepoint region: Cleanup
[2019-06-24T10:10:50.154+0000][1][safepoint    ] Leaving safepoint region
[2019-06-24T10:10:50.154+0000][1][safepoint    ] Total time for which application threads were stopped: 0.0002710 seconds, Stopping threads took: 0.0000645 seconds
[2019-06-24T10:10:51.154+0000][1][safepoint    ] Application time: 1.0002693 seconds
[2019-06-24T10:10:51.154+0000][1][safepoint    ] Entering safepoint region: Cleanup
[2019-06-24T10:10:51.154+0000][1][safepoint    ] Leaving safepoint region
[2019-06-24T10:10:51.154+0000][1][safepoint    ] Total time for which application threads were stopped: 0.0002293 seconds, Stopping threads took: 0.0000632 seconds
[2019-06-24T10:10:52.155+0000][1][safepoint    ] Application time: 1.0003245 seconds
[2019-06-24T10:10:52.155+0000][1][safepoint    ] Entering safepoint region: Cleanup
[2019-06-24T10:10:52.155+0000][1][safepoint    ] Leaving safepoint region
[2019-06-24T10:10:52.155+0000][1][safepoint    ] Total time for which application threads were stopped: 0.0002390 seconds, Stopping threads took: 0.0000652 seconds
[2019-06-24T10:10:53.155+0000][1][safepoint    ] Application time: 1.0002682 seconds
[2019-06-24T10:10:53.155+0000][1][safepoint    ] Entering safepoint region: Cleanup
[2019-06-24T10:10:53.156+0000][1][safepoint    ] Leaving safepoint region
[2019-06-24T10:10:53.156+0000][1][safepoint    ] Total time for which application threads were stopped: 0.0002306 seconds, Stopping threads took: 0.0000632 seconds
[2019-06-24T10:10:54.156+0000][1][safepoint    ] Application time: 1.0002706 seconds
[2019-06-24T10:10:54.156+0000][1][safepoint    ] Entering safepoint region: Cleanup
[2019-06-24T10:10:54.156+0000][1][safepoint    ] Leaving safepoint region
[2019-06-24T10:10:54.156+0000][1][safepoint    ] Total time for which application threads were stopped: 0.0002411 seconds, Stopping threads took: 0.0000642 seconds
[2019-06-24T10:10:55.157+0000][1][safepoint    ] Application time: 1.0002354 seconds
[2019-06-24T10:10:55.157+0000][1][safepoint    ] Entering safepoint region: Cleanup
[2019-06-24T10:10:55.157+0000][1][safepoint    ] Leaving safepoint region
[2019-06-24T10:10:55.157+0000][1][safepoint    ] Total time for which application threads were stopped: 0.0002249 seconds, Stopping threads took: 0.0000607 seconds
[2019-06-24T10:10:56.157+0000][1][safepoint    ] Application time: 1.0002053 seconds
[2019-06-24T10:10:56.157+0000][1][safepoint    ] Entering safepoint region: Cleanup
[2019-06-24T10:10:56.157+0000][1][safepoint    ] Leaving safepoint region
[2019-06-24T10:10:56.158+0000][1][safepoint    ] Total time for which application threads were stopped: 0.0002345 seconds, Stopping threads took: 0.0000632 seconds
[2019-06-24T10:10:57.158+0000][1][safepoint    ] Application time: 1.0002453 seconds
[2019-06-24T10:10:57.158+0000][1][safepoint    ] Entering safepoint region: Cleanup
[2019-06-24T10:10:57.158+0000][1][safepoint    ] Leaving safepoint region
[2019-06-24T10:10:57.158+0000][1][safepoint    ] Total time for which application threads were stopped: 0.0002274 seconds, Stopping threads took: 0.0000610 seconds
[2019-06-24T10:10:58.158+0000][1][safepoint    ] Application time: 1.0002442 seconds
[2019-06-24T10:10:58.159+0000][1][safepoint    ] Entering safepoint region: Cleanup
[2019-06-24T10:10:58.159+0000][1][safepoint    ] Leaving safepoint region
[2019-06-24T10:10:58.159+0000][1][safepoint    ] Total time for which application threads were stopped: 0.0002387 seconds, Stopping threads took: 0.0000647 seconds
[2019-06-24T10:10:59.159+0000][1][safepoint    ] Application time: 1.0002635 seconds
[2019-06-24T10:10:59.159+0000][1][safepoint    ] Entering safepoint region: Cleanup
[2019-06-24T10:10:59.159+0000][1][safepoint    ] Leaving safepoint region
[2019-06-24T10:10:59.159+0000][1][safepoint    ] Total time for which application threads were stopped: 0.0002198 seconds, Stopping threads took: 0.0000605 seconds
[2019-06-24T10:11:00.160+0000][1][safepoint    ] Application time: 1.0002612 seconds
[2019-06-24T10:11:00.160+0000][1][safepoint    ] Entering safepoint region: Cleanup
[2019-06-24T10:11:00.160+0000][1][safepoint    ] Leaving safepoint region
[2019-06-24T10:11:00.160+0000][1][safepoint    ] Total time for which application threads were stopped: 0.0002320 seconds, Stopping threads took: 0.0000621 seconds
[2019-06-24T10:11:01.160+0000][1][safepoint    ] Application time: 1.0002394 seconds
[2019-06-24T10:11:01.160+0000][1][safepoint    ] Entering safepoint region: Cleanup
[2019-06-24T10:11:01.161+0000][1][safepoint    ] Leaving safepoint region
[2019-06-24T10:11:01.161+0000][1][safepoint    ] Total time for which application threads were stopped: 0.0002349 seconds, Stopping threads took: 0.0000618 seconds
[2019-06-24T10:11:02.161+0000][1][safepoint    ] Application time: 1.0002883 seconds
[2019-06-24T10:11:02.161+0000][1][safepoint    ] Entering safepoint region: Cleanup
[2019-06-24T10:11:02.161+0000][1][safepoint    ] Leaving safepoint region
[2019-06-24T10:11:02.161+0000][1][safepoint    ] Total time for which application threads were stopped: 0.0002088 seconds, Stopping threads took: 0.0000556 seconds
[2019-06-24T10:11:03.162+0000][1][safepoint    ] Application time: 1.0003087 seconds
[2019-06-24T10:11:03.162+0000][1][safepoint    ] Entering safepoint region: Cleanup
[2019-06-24T10:11:03.162+0000][1][safepoint    ] Leaving safepoint region
[2019-06-24T10:11:03.162+0000][1][safepoint    ] Total time for which application threads were stopped: 0.0000988 seconds, Stopping threads took: 0.0000256 seconds
[2019-06-24T10:11:04.162+0000][1][safepoint    ] Application time: 1.0002351 seconds
[2019-06-24T10:11:04.162+0000][1][safepoint    ] Entering safepoint region: Cleanup
[2019-06-24T10:11:04.162+0000][1][safepoint    ] Leaving safepoint region
[2019-06-24T10:11:04.162+0000][1][safepoint    ] Total time for which application threads were stopped: 0.0002325 seconds, Stopping threads took: 0.0000620 seconds
[2019-06-24T10:11:05.163+0000][1][safepoint    ] Application time: 1.0001935 seconds
[2019-06-24T10:11:05.163+0000][1][safepoint    ] Entering safepoint region: Cleanup
[2019-06-24T10:11:05.163+0000][1][safepoint    ] Leaving safepoint region
[2019-06-24T10:11:05.163+0000][1][safepoint    ] Total time for which application threads were stopped: 0.0003053 seconds, Stopping threads took: 0.0000628 seconds
[2019-06-24T10:11:06.163+0000][1][safepoint    ] Application time: 1.0002374 seconds
[2019-06-24T10:11:06.163+0000][1][safepoint    ] Entering safepoint region: Cleanup
[2019-06-24T10:11:06.164+0000][1][safepoint    ] Leaving safepoint region
[2019-06-24T10:11:06.164+0000][1][safepoint    ] Total time for which application threads were stopped: 0.0002835 seconds, Stopping threads took: 0.0000585 seconds
[2019-06-24T10:11:07.164+0000][1][safepoint    ] Application time: 1.0001696 seconds
[2019-06-24T10:11:07.164+0000][1][safepoint    ] Entering safepoint region: Cleanup
[2019-06-24T10:11:07.164+0000][1][safepoint    ] Leaving safepoint region
[2019-06-24T10:11:07.165+0000][1][safepoint    ] Total time for which application threads were stopped: 0.0005129 seconds, Stopping threads took: 0.0002758 seconds
[2019-06-24T10:11:08.197+0000][1][safepoint    ] Application time: 1.0323530 seconds
[2019-06-24T10:11:08.197+0000][1][safepoint    ] Entering safepoint region: Cleanup
[2019-06-24T10:11:08.197+0000][1][safepoint    ] Leaving safepoint region
[2019-06-24T10:11:08.197+0000][1][safepoint    ] Total time for which application threads were stopped: 0.0002466 seconds, Stopping threads took: 0.0000630 seconds
[2019-06-24T10:11:09.198+0000][1][safepoint    ] Application time: 1.0002780 seconds
[2019-06-24T10:11:09.198+0000][1][safepoint    ] Entering safepoint region: Cleanup
[2019-06-24T10:11:09.198+0000][1][safepoint    ] Leaving safepoint region
[2019-06-24T10:11:09.198+0000][1][safepoint    ] Total time for which application threads were stopped: 0.0002358 seconds, Stopping threads took: 0.0000620 seconds
[2019-06-24T10:11:10.198+0000][1][safepoint    ] Application time: 1.0002668 seconds
[2019-06-24T10:11:10.198+0000][1][safepoint    ] Entering safepoint region: Cleanup
[2019-06-24T10:11:10.199+0000][1][safepoint    ] Leaving safepoint region
[2019-06-24T10:11:10.199+0000][1][safepoint    ] Total time for which application threads were stopped: 0.0003647 seconds, Stopping threads took: 0.0001736 seconds
[2019-06-24T10:11:11.199+0000][1][safepoint    ] Application time: 1.0002621 seconds
[2019-06-24T10:11:11.199+0000][1][safepoint    ] Entering safepoint region: Cleanup
[2019-06-24T10:11:11.199+0000][1][safepoint    ] Leaving safepoint region
[2019-06-24T10:11:11.199+0000][1][safepoint    ] Total time for which application threads were stopped: 0.0002421 seconds, Stopping threads took: 0.0000655 seconds
[2019-06-24T10:11:11.306+0000][1][safepoint    ] Application time: 0.1061720 seconds
[2019-06-24T10:11:11.306+0000][1][safepoint    ] Entering safepoint region: GenCollectForAllocation
[2019-06-24T10:11:11.306+0000][1][gc,start     ] GC(26) Pause Young (Allocation Failure)
[2019-06-24T10:11:11.306+0000][1][gc,task      ] GC(26) Using 5 workers of 8 for evacuation
[2019-06-24T10:11:11.310+0000][1][gc,age       ] GC(26) Desired survivor size 4456448 bytes, new threshold 6 (max threshold 6)
[2019-06-24T10:11:11.310+0000][1][gc,age       ] GC(26) Age table with threshold 6 (max threshold 6)
[2019-06-24T10:11:11.310+0000][1][gc,age       ] GC(26) - age   1:       7192 bytes,       7192 total
[2019-06-24T10:11:11.310+0000][1][gc,age       ] GC(26) - age   2:       5736 bytes,      12928 total
[2019-06-24T10:11:11.310+0000][1][gc,age       ] GC(26) - age   3:     104968 bytes,     117896 total
[2019-06-24T10:11:11.310+0000][1][gc,age       ] GC(26) - age   4:      12992 bytes,     130888 total
[2019-06-24T10:11:11.310+0000][1][gc,age       ] GC(26) - age   5:    2383944 bytes,    2514832 total
[2019-06-24T10:11:11.310+0000][1][gc,heap      ] GC(26) ParNew: 73380K->3956K(78656K)
[2019-06-24T10:11:11.310+0000][1][gc,heap      ] GC(26) CMS: 67070K->67070K(174784K)
[2019-06-24T10:11:11.310+0000][1][gc,metaspace ] GC(26) Metaspace: 67910K->67910K(1112064K)
[2019-06-24T10:11:11.310+0000][1][gc           ] GC(26) Pause Young (Allocation Failure) 137M->69M(247M) 3.960ms
[2019-06-24T10:11:11.310+0000][1][gc,cpu       ] GC(26) User=0.02s Sys=0.00s Real=0.00s
[2019-06-24T10:11:11.310+0000][1][safepoint    ] Leaving safepoint region
[2019-06-24T10:11:11.310+0000][1][safepoint    ] Total time for which application threads were stopped: 0.0041558 seconds, Stopping threads took: 0.0000232 seconds
[2019-06-24T10:11:12.310+0000][1][safepoint    ] Application time: 1.0002583 seconds
[2019-06-24T10:11:12.310+0000][1][safepoint    ] Entering safepoint region: Cleanup
[2019-06-24T10:11:12.310+0000][1][safepoint    ] Leaving safepoint region
[2019-06-24T10:11:12.310+0000][1][safepoint    ] Total time for which application threads were stopped: 0.0002396 seconds, Stopping threads took: 0.0000622 seconds
[2019-06-24T10:11:13.311+0000][1][safepoint    ] Application time: 1.0003066 seconds
[2019-06-24T10:11:13.311+0000][1][safepoint    ] Entering safepoint region: Cleanup
[2019-06-24T10:11:13.311+0000][1][safepoint    ] Leaving safepoint region
[2019-06-24T10:11:13.311+0000][1][safepoint    ] Total time for which application threads were stopped: 0.0002113 seconds, Stopping threads took: 0.0000561 seconds
[2019-06-24T10:11:14.311+0000][1][safepoint    ] Application time: 1.0002678 seconds
[2019-06-24T10:11:14.312+0000][1][safepoint    ] Entering safepoint region: Cleanup
[2019-06-24T10:11:14.312+0000][1][safepoint    ] Leaving safepoint region
[2019-06-24T10:11:14.312+0000][1][safepoint    ] Total time for which application threads were stopped: 0.0002748 seconds, Stopping threads took: 0.0000643 seconds
[2019-06-24T10:11:15.312+0000][1][safepoint    ] Application time: 1.0002721 seconds
[2019-06-24T10:11:15.312+0000][1][safepoint    ] Entering safepoint region: Cleanup
[2019-06-24T10:11:15.312+0000][1][safepoint    ] Leaving safepoint region
[2019-06-24T10:11:15.312+0000][1][safepoint    ] Total time for which application threads were stopped: 0.0002652 seconds, Stopping threads took: 0.0000614 seconds
[2019-06-24T10:11:16.313+0000][1][safepoint    ] Application time: 1.0002157 seconds
[2019-06-24T10:11:16.313+0000][1][safepoint    ] Entering safepoint region: Cleanup
[2019-06-24T10:11:16.313+0000][1][safepoint    ] Leaving safepoint region
[2019-06-24T10:11:16.313+0000][1][safepoint    ] Total time for which application threads were stopped: 0.0004152 seconds, Stopping threads took: 0.0001246 seconds
[2019-06-24T10:11:17.314+0000][1][safepoint    ] Application time: 1.0003023 seconds
[2019-06-24T10:11:17.314+0000][1][safepoint    ] Entering safepoint region: Cleanup
[2019-06-24T10:11:17.314+0000][1][safepoint    ] Leaving safepoint region
[2019-06-24T10:11:17.314+0000][1][safepoint    ] Total time for which application threads were stopped: 0.0002692 seconds, Stopping threads took: 0.0000634 seconds
[2019-06-24T10:11:18.314+0000][1][safepoint    ] Application time: 1.0002790 seconds
[2019-06-24T10:11:18.314+0000][1][safepoint    ] Entering safepoint region: Cleanup
[2019-06-24T10:11:18.315+0000][1][safepoint    ] Leaving safepoint region
[2019-06-24T10:11:18.315+0000][1][safepoint    ] Total time for which application threads were stopped: 0.0003841 seconds, Stopping threads took: 0.0000622 seconds
[2019-06-24T10:11:19.315+0000][1][safepoint    ] Application time: 1.0002581 seconds
[2019-06-24T10:11:19.315+0000][1][safepoint    ] Entering safepoint region: Cleanup
[2019-06-24T10:11:19.315+0000][1][safepoint    ] Leaving safepoint region
[2019-06-24T10:11:19.315+0000][1][safepoint    ] Total time for which application threads were stopped: 0.0002109 seconds, Stopping threads took: 0.0000559 seconds
[2019-06-24T10:11:20.316+0000][1][safepoint    ] Application time: 1.0002739 seconds
[2019-06-24T10:11:20.316+0000][1][safepoint    ] Entering safepoint region: Cleanup
[2019-06-24T10:11:20.316+0000][1][safepoint    ] Leaving safepoint region
[2019-06-24T10:11:20.316+0000][1][safepoint    ] Total time for which application threads were stopped: 0.0002607 seconds, Stopping threads took: 0.0000924 seconds
[2019-06-24T10:11:21.316+0000][1][safepoint    ] Application time: 1.0002876 seconds
[2019-06-24T10:11:21.317+0000][1][safepoint    ] Entering safepoint region: Cleanup
[2019-06-24T10:11:21.317+0000][1][safepoint    ] Leaving safepoint region
[2019-06-24T10:11:21.317+0000][1][safepoint    ] Total time for which application threads were stopped: 0.0002750 seconds, Stopping threads took: 0.0000647 seconds
[2019-06-24T10:11:22.317+0000][1][safepoint    ] Application time: 1.0002096 seconds
[2019-06-24T10:11:22.317+0000][1][safepoint    ] Entering safepoint region: Cleanup
[2019-06-24T10:11:22.317+0000][1][safepoint    ] Leaving safepoint region
[2019-06-24T10:11:22.317+0000][1][safepoint    ] Total time for which application threads were stopped: 0.0002508 seconds, Stopping threads took: 0.0000647 seconds
[2019-06-24T10:11:23.318+0000][1][safepoint    ] Application time: 1.0001397 seconds
[2019-06-24T10:11:23.318+0000][1][safepoint    ] Entering safepoint region: Cleanup
[2019-06-24T10:11:23.318+0000][1][safepoint    ] Leaving safepoint region
[2019-06-24T10:11:23.318+0000][1][safepoint    ] Total time for which application threads were stopped: 0.0002356 seconds, Stopping threads took: 0.0000644 seconds
[2019-06-24T10:11:24.318+0000][1][safepoint    ] Application time: 1.0002551 seconds
[2019-06-24T10:11:24.318+0000][1][safepoint    ] Entering safepoint region: Cleanup
[2019-06-24T10:11:24.319+0000][1][safepoint    ] Leaving safepoint region
[2019-06-24T10:11:24.319+0000][1][safepoint    ] Total time for which application threads were stopped: 0.0002883 seconds, Stopping threads took: 0.0000578 seconds
[2019-06-24T10:11:25.319+0000][1][safepoint    ] Application time: 1.0002664 seconds
[2019-06-24T10:11:25.319+0000][1][safepoint    ] Entering safepoint region: Cleanup
[2019-06-24T10:11:25.319+0000][1][safepoint    ] Leaving safepoint region
[2019-06-24T10:11:25.319+0000][1][safepoint    ] Total time for which application threads were stopped: 0.0002681 seconds, Stopping threads took: 0.0000949 seconds
[2019-06-24T10:11:26.320+0000][1][safepoint    ] Application time: 1.0002715 seconds
[2019-06-24T10:11:26.320+0000][1][safepoint    ] Entering safepoint region: Cleanup
[2019-06-24T10:11:26.320+0000][1][safepoint    ] Leaving safepoint region
[2019-06-24T10:11:26.320+0000][1][safepoint    ] Total time for which application threads were stopped: 0.0002428 seconds, Stopping threads took: 0.0000658 seconds
[2019-06-24T10:11:27.320+0000][1][safepoint    ] Application time: 1.0002661 seconds
[2019-06-24T10:11:27.320+0000][1][safepoint    ] Entering safepoint region: Cleanup
[2019-06-24T10:11:27.321+0000][1][safepoint    ] Leaving safepoint region
[2019-06-24T10:11:27.321+0000][1][safepoint    ] Total time for which application threads were stopped: 0.0002395 seconds, Stopping threads took: 0.0000801 seconds
[2019-06-24T10:11:28.321+0000][1][safepoint    ] Application time: 1.0002692 seconds
[2019-06-24T10:11:28.321+0000][1][safepoint    ] Entering safepoint region: Cleanup
[2019-06-24T10:11:28.321+0000][1][safepoint    ] Leaving safepoint region
[2019-06-24T10:11:28.321+0000][1][safepoint    ] Total time for which application threads were stopped: 0.0002365 seconds, Stopping threads took: 0.0000782 seconds
[2019-06-24T10:11:29.322+0000][1][safepoint    ] Application time: 1.0002637 seconds
[2019-06-24T10:11:29.322+0000][1][safepoint    ] Entering safepoint region: Cleanup
[2019-06-24T10:11:29.322+0000][1][safepoint    ] Leaving safepoint region
[2019-06-24T10:11:29.322+0000][1][safepoint    ] Total time for which application threads were stopped: 0.0002762 seconds, Stopping threads took: 0.0000625 seconds
[2019-06-24T10:11:30.322+0000][1][safepoint    ] Application time: 1.0002740 seconds
[2019-06-24T10:11:30.322+0000][1][safepoint    ] Entering safepoint region: Cleanup
[2019-06-24T10:11:30.323+0000][1][safepoint    ] Leaving safepoint region
[2019-06-24T10:11:30.323+0000][1][safepoint    ] Total time for which application threads were stopped: 0.0003694 seconds, Stopping threads took: 0.0000647 seconds
[2019-06-24T10:11:31.323+0000][1][safepoint    ] Application time: 1.0002653 seconds
[2019-06-24T10:11:31.323+0000][1][safepoint    ] Entering safepoint region: Cleanup
[2019-06-24T10:11:31.323+0000][1][safepoint    ] Leaving safepoint region
[2019-06-24T10:11:31.323+0000][1][safepoint    ] Total time for which application threads were stopped: 0.0002465 seconds, Stopping threads took: 0.0000639 seconds
[2019-06-24T10:11:32.324+0000][1][safepoint    ] Application time: 1.0001283 seconds
[2019-06-24T10:11:32.324+0000][1][safepoint    ] Entering safepoint region: Cleanup
[2019-06-24T10:11:32.324+0000][1][safepoint    ] Leaving safepoint region
[2019-06-24T10:11:32.324+0000][1][safepoint    ] Total time for which application threads were stopped: 0.0002116 seconds, Stopping threads took: 0.0000553 seconds
[2019-06-24T10:11:33.324+0000][1][safepoint    ] Application time: 1.0002533 seconds
[2019-06-24T10:11:33.324+0000][1][safepoint    ] Entering safepoint region: Cleanup
[2019-06-24T10:11:33.324+0000][1][safepoint    ] Leaving safepoint region
[2019-06-24T10:11:33.325+0000][1][safepoint    ] Total time for which application threads were stopped: 0.0002314 seconds, Stopping threads took: 0.0000623 seconds
[2019-06-24T10:11:34.325+0000][1][safepoint    ] Application time: 1.0002275 seconds
[2019-06-24T10:11:34.325+0000][1][safepoint    ] Entering safepoint region: Cleanup
[2019-06-24T10:11:34.325+0000][1][safepoint    ] Leaving safepoint region
[2019-06-24T10:11:34.325+0000][1][safepoint    ] Total time for which application threads were stopped: 0.0002408 seconds, Stopping threads took: 0.0000617 seconds
[2019-06-24T10:11:35.325+0000][1][safepoint    ] Application time: 1.0002379 seconds
[2019-06-24T10:11:35.325+0000][1][safepoint    ] Entering safepoint region: Cleanup
[2019-06-24T10:11:35.326+0000][1][safepoint    ] Leaving safepoint region
[2019-06-24T10:11:35.326+0000][1][safepoint    ] Total time for which application threads were stopped: 0.0001693 seconds, Stopping threads took: 0.0000466 seconds
[2019-06-24T10:11:36.326+0000][1][safepoint    ] Application time: 1.0002596 seconds
[2019-06-24T10:11:36.326+0000][1][safepoint    ] Entering safepoint region: Cleanup
[2019-06-24T10:11:36.326+0000][1][safepoint    ] Leaving safepoint region
[2019-06-24T10:11:36.326+0000][1][safepoint    ] Total time for which application threads were stopped: 0.0003584 seconds, Stopping threads took: 0.0000650 seconds
[2019-06-24T10:11:37.327+0000][1][safepoint    ] Application time: 1.0002626 seconds
[2019-06-24T10:11:37.327+0000][1][safepoint    ] Entering safepoint region: Cleanup
[2019-06-24T10:11:37.327+0000][1][safepoint    ] Leaving safepoint region
[2019-06-24T10:11:37.327+0000][1][safepoint    ] Total time for which application threads were stopped: 0.0002414 seconds, Stopping threads took: 0.0000620 seconds
[2019-06-24T10:11:38.327+0000][1][safepoint    ] Application time: 1.0002039 seconds
[2019-06-24T10:11:38.327+0000][1][safepoint    ] Entering safepoint region: Cleanup
[2019-06-24T10:11:38.328+0000][1][safepoint    ] Leaving safepoint region
[2019-06-24T10:11:38.328+0000][1][safepoint    ] Total time for which application threads were stopped: 0.0002399 seconds, Stopping threads took: 0.0000649 seconds
[2019-06-24T10:11:39.328+0000][1][safepoint    ] Application time: 1.0001496 seconds
[2019-06-24T10:11:39.328+0000][1][safepoint    ] Entering safepoint region: Cleanup
[2019-06-24T10:11:39.328+0000][1][safepoint    ] Leaving safepoint region
[2019-06-24T10:11:39.328+0000][1][safepoint    ] Total time for which application threads were stopped: 0.0001254 seconds, Stopping threads took: 0.0000243 seconds
[2019-06-24T10:11:40.328+0000][1][safepoint    ] Application time: 1.0002499 seconds
[2019-06-24T10:11:40.328+0000][1][safepoint    ] Entering safepoint region: Cleanup
[2019-06-24T10:11:40.329+0000][1][safepoint    ] Leaving safepoint region
[2019-06-24T10:11:40.329+0000][1][safepoint    ] Total time for which application threads were stopped: 0.0002357 seconds, Stopping threads took: 0.0000624 seconds
[2019-06-24T10:11:41.329+0000][1][safepoint    ] Application time: 1.0002339 seconds
[2019-06-24T10:11:41.329+0000][1][safepoint    ] Entering safepoint region: Cleanup
[2019-06-24T10:11:41.329+0000][1][safepoint    ] Leaving safepoint region
[2019-06-24T10:11:41.329+0000][1][safepoint    ] Total time for which application threads were stopped: 0.0002042 seconds, Stopping threads took: 0.0000539 seconds
[2019-06-24T10:11:42.329+0000][1][safepoint    ] Application time: 1.0002633 seconds
[2019-06-24T10:11:42.330+0000][1][safepoint    ] Entering safepoint region: Cleanup
[2019-06-24T10:11:42.330+0000][1][safepoint    ] Leaving safepoint region
[2019-06-24T10:11:42.330+0000][1][safepoint    ] Total time for which application threads were stopped: 0.0002268 seconds, Stopping threads took: 0.0000615 seconds
[2019-06-24T10:11:43.330+0000][1][safepoint    ] Application time: 1.0003213 seconds
[2019-06-24T10:11:43.330+0000][1][safepoint    ] Entering safepoint region: Cleanup
[2019-06-24T10:11:43.330+0000][1][safepoint    ] Leaving safepoint region
[2019-06-24T10:11:43.330+0000][1][safepoint    ] Total time for which application threads were stopped: 0.0000926 seconds, Stopping threads took: 0.0000249 seconds
[2019-06-24T10:11:44.331+0000][1][safepoint    ] Application time: 1.0002770 seconds
[2019-06-24T10:11:44.331+0000][1][safepoint    ] Entering safepoint region: Cleanup
[2019-06-24T10:11:44.331+0000][1][safepoint    ] Leaving safepoint region
[2019-06-24T10:11:44.331+0000][1][safepoint    ] Total time for which application threads were stopped: 0.0002405 seconds, Stopping threads took: 0.0000562 seconds
[2019-06-24T10:11:45.331+0000][1][safepoint    ] Application time: 1.0002747 seconds
[2019-06-24T10:11:45.331+0000][1][safepoint    ] Entering safepoint region: Cleanup
[2019-06-24T10:11:45.332+0000][1][safepoint    ] Leaving safepoint region
[2019-06-24T10:11:45.332+0000][1][safepoint    ] Total time for which application threads were stopped: 0.0002666 seconds, Stopping threads took: 0.0000969 seconds
[2019-06-24T10:11:46.332+0000][1][safepoint    ] Application time: 1.0002372 seconds
[2019-06-24T10:11:46.332+0000][1][safepoint    ] Entering safepoint region: Cleanup
[2019-06-24T10:11:46.332+0000][1][safepoint    ] Leaving safepoint region
[2019-06-24T10:11:46.332+0000][1][safepoint    ] Total time for which application threads were stopped: 0.0002286 seconds, Stopping threads took: 0.0000632 seconds
[2019-06-24T10:11:47.333+0000][1][safepoint    ] Application time: 1.0002558 seconds
[2019-06-24T10:11:47.333+0000][1][safepoint    ] Entering safepoint region: Cleanup
[2019-06-24T10:11:47.333+0000][1][safepoint    ] Leaving safepoint region
[2019-06-24T10:11:47.333+0000][1][safepoint    ] Total time for which application threads were stopped: 0.0002309 seconds, Stopping threads took: 0.0000626 seconds
[2019-06-24T10:11:48.333+0000][1][safepoint    ] Application time: 1.0002639 seconds
[2019-06-24T10:11:48.333+0000][1][safepoint    ] Entering safepoint region: Cleanup
[2019-06-24T10:11:48.333+0000][1][safepoint    ] Leaving safepoint region
[2019-06-24T10:11:48.333+0000][1][safepoint    ] Total time for which application threads were stopped: 0.0002300 seconds, Stopping threads took: 0.0000638 seconds
[2019-06-24T10:11:49.334+0000][1][safepoint    ] Application time: 1.0002617 seconds
[2019-06-24T10:11:49.334+0000][1][safepoint    ] Entering safepoint region: Cleanup
[2019-06-24T10:11:49.334+0000][1][safepoint    ] Leaving safepoint region
[2019-06-24T10:11:49.334+0000][1][safepoint    ] Total time for which application threads were stopped: 0.0002347 seconds, Stopping threads took: 0.0000620 seconds
[2019-06-24T10:11:50.334+0000][1][safepoint    ] Application time: 1.0002538 seconds
[2019-06-24T10:11:50.335+0000][1][safepoint    ] Entering safepoint region: Cleanup
[2019-06-24T10:11:50.335+0000][1][safepoint    ] Leaving safepoint region
[2019-06-24T10:11:50.335+0000][1][safepoint    ] Total time for which application threads were stopped: 0.0002677 seconds, Stopping threads took: 0.0001108 seconds
[2019-06-24T10:11:51.335+0000][1][safepoint    ] Application time: 1.0002530 seconds
[2019-06-24T10:11:51.335+0000][1][safepoint    ] Entering safepoint region: Cleanup
[2019-06-24T10:11:51.335+0000][1][safepoint    ] Leaving safepoint region
[2019-06-24T10:11:51.335+0000][1][safepoint    ] Total time for which application threads were stopped: 0.0002020 seconds, Stopping threads took: 0.0000553 seconds
[2019-06-24T10:11:52.336+0000][1][safepoint    ] Application time: 1.0002768 seconds
[2019-06-24T10:11:52.336+0000][1][safepoint    ] Entering safepoint region: Cleanup
[2019-06-24T10:11:52.336+0000][1][safepoint    ] Leaving safepoint region
[2019-06-24T10:11:52.336+0000][1][safepoint    ] Total time for which application threads were stopped: 0.0002547 seconds, Stopping threads took: 0.0000560 seconds
[2019-06-24T10:11:53.336+0000][1][safepoint    ] Application time: 1.0002774 seconds
[2019-06-24T10:11:53.337+0000][1][safepoint    ] Entering safepoint region: Cleanup
[2019-06-24T10:11:53.337+0000][1][safepoint    ] Leaving safepoint region
[2019-06-24T10:11:53.337+0000][1][safepoint    ] Total time for which application threads were stopped: 0.0002384 seconds, Stopping threads took: 0.0000633 seconds
[2019-06-24T10:11:54.337+0000][1][safepoint    ] Application time: 1.0002709 seconds
[2019-06-24T10:11:54.337+0000][1][safepoint    ] Entering safepoint region: Cleanup
[2019-06-24T10:11:54.337+0000][1][safepoint    ] Leaving safepoint region
[2019-06-24T10:11:54.337+0000][1][safepoint    ] Total time for which application threads were stopped: 0.0001725 seconds, Stopping threads took: 0.0000475 seconds
[2019-06-24T10:11:55.338+0000][1][safepoint    ] Application time: 1.0001234 seconds
[2019-06-24T10:11:55.338+0000][1][safepoint    ] Entering safepoint region: Cleanup
[2019-06-24T10:11:55.338+0000][1][safepoint    ] Leaving safepoint region
[2019-06-24T10:11:55.338+0000][1][safepoint    ] Total time for which application threads were stopped: 0.0002020 seconds, Stopping threads took: 0.0000558 seconds
[2019-06-24T10:11:56.338+0000][1][safepoint    ] Application time: 1.0001456 seconds
[2019-06-24T10:11:56.338+0000][1][safepoint    ] Entering safepoint region: Cleanup
[2019-06-24T10:11:56.338+0000][1][safepoint    ] Leaving safepoint region
[2019-06-24T10:11:56.338+0000][1][safepoint    ] Total time for which application threads were stopped: 0.0002300 seconds, Stopping threads took: 0.0000644 seconds
[2019-06-24T10:11:57.339+0000][1][safepoint    ] Application time: 1.0002625 seconds
[2019-06-24T10:11:57.339+0000][1][safepoint    ] Entering safepoint region: Cleanup
[2019-06-24T10:11:57.339+0000][1][safepoint    ] Leaving safepoint region
[2019-06-24T10:11:57.339+0000][1][safepoint    ] Total time for which application threads were stopped: 0.0002372 seconds, Stopping threads took: 0.0000631 seconds
[2019-06-24T10:11:58.339+0000][1][safepoint    ] Application time: 1.0002663 seconds
[2019-06-24T10:11:58.339+0000][1][safepoint    ] Entering safepoint region: Cleanup
[2019-06-24T10:11:58.340+0000][1][safepoint    ] Leaving safepoint region
[2019-06-24T10:11:58.340+0000][1][safepoint    ] Total time for which application threads were stopped: 0.0002291 seconds, Stopping threads took: 0.0000626 seconds
[2019-06-24T10:11:59.340+0000][1][safepoint    ] Application time: 1.0001103 seconds
[2019-06-24T10:11:59.340+0000][1][safepoint    ] Entering safepoint region: Cleanup
[2019-06-24T10:11:59.340+0000][1][safepoint    ] Leaving safepoint region
[2019-06-24T10:11:59.340+0000][1][safepoint    ] Total time for which application threads were stopped: 0.0001414 seconds, Stopping threads took: 0.0000328 seconds
[2019-06-24T10:12:00.340+0000][1][safepoint    ] Application time: 1.0002515 seconds
[2019-06-24T10:12:00.340+0000][1][safepoint    ] Entering safepoint region: Cleanup
[2019-06-24T10:12:00.341+0000][1][safepoint    ] Leaving safepoint region
[2019-06-24T10:12:00.341+0000][1][safepoint    ] Total time for which application threads were stopped: 0.0002235 seconds, Stopping threads took: 0.0000622 seconds
[2019-06-24T10:12:01.341+0000][1][safepoint    ] Application time: 1.0002573 seconds
[2019-06-24T10:12:01.341+0000][1][safepoint    ] Entering safepoint region: Cleanup
[2019-06-24T10:12:01.341+0000][1][safepoint    ] Leaving safepoint region
[2019-06-24T10:12:01.341+0000][1][safepoint    ] Total time for which application threads were stopped: 0.0002374 seconds, Stopping threads took: 0.0000616 seconds
[2019-06-24T10:12:02.342+0000][1][safepoint    ] Application time: 1.0002731 seconds
[2019-06-24T10:12:02.342+0000][1][safepoint    ] Entering safepoint region: Cleanup
[2019-06-24T10:12:02.342+0000][1][safepoint    ] Leaving safepoint region
[2019-06-24T10:12:02.342+0000][1][safepoint    ] Total time for which application threads were stopped: 0.0002275 seconds, Stopping threads took: 0.0000631 seconds
[2019-06-24T10:12:03.342+0000][1][safepoint    ] Application time: 1.0002711 seconds
[2019-06-24T10:12:03.342+0000][1][safepoint    ] Entering safepoint region: Cleanup
[2019-06-24T10:12:03.342+0000][1][safepoint    ] Leaving safepoint region
[2019-06-24T10:12:03.343+0000][1][safepoint    ] Total time for which application threads were stopped: 0.0003013 seconds, Stopping threads took: 0.0000635 seconds
[2019-06-24T10:12:04.343+0000][1][safepoint    ] Application time: 1.0001314 seconds
[2019-06-24T10:12:04.343+0000][1][safepoint    ] Entering safepoint region: Cleanup
[2019-06-24T10:12:04.343+0000][1][safepoint    ] Leaving safepoint region
[2019-06-24T10:12:04.343+0000][1][safepoint    ] Total time for which application threads were stopped: 0.0002329 seconds, Stopping threads took: 0.0000547 seconds
[2019-06-24T10:12:05.343+0000][1][safepoint    ] Application time: 1.0002339 seconds
[2019-06-24T10:12:05.343+0000][1][safepoint    ] Entering safepoint region: Cleanup
[2019-06-24T10:12:05.344+0000][1][safepoint    ] Leaving safepoint region
[2019-06-24T10:12:05.344+0000][1][safepoint    ] Total time for which application threads were stopped: 0.0002080 seconds, Stopping threads took: 0.0000564 seconds
[2019-06-24T10:12:06.344+0000][1][safepoint    ] Application time: 1.0002715 seconds
[2019-06-24T10:12:06.344+0000][1][safepoint    ] Entering safepoint region: Cleanup
[2019-06-24T10:12:06.344+0000][1][safepoint    ] Leaving safepoint region
[2019-06-24T10:12:06.344+0000][1][safepoint    ] Total time for which application threads were stopped: 0.0002336 seconds, Stopping threads took: 0.0000625 seconds
[2019-06-24T10:12:07.345+0000][1][safepoint    ] Application time: 1.0002523 seconds
[2019-06-24T10:12:07.345+0000][1][safepoint    ] Entering safepoint region: Cleanup
[2019-06-24T10:12:07.345+0000][1][safepoint    ] Leaving safepoint region
[2019-06-24T10:12:07.345+0000][1][safepoint    ] Total time for which application threads were stopped: 0.0002065 seconds, Stopping threads took: 0.0000554 seconds
[2019-06-24T10:12:08.345+0000][1][safepoint    ] Application time: 1.0002383 seconds
[2019-06-24T10:12:08.345+0000][1][safepoint    ] Entering safepoint region: Cleanup
[2019-06-24T10:12:08.345+0000][1][safepoint    ] Leaving safepoint region
[2019-06-24T10:12:08.345+0000][1][safepoint    ] Total time for which application threads were stopped: 0.0002261 seconds, Stopping threads took: 0.0000747 seconds
[2019-06-24T10:12:09.346+0000][1][safepoint    ] Application time: 1.0002627 seconds
[2019-06-24T10:12:09.346+0000][1][safepoint    ] Entering safepoint region: Cleanup
[2019-06-24T10:12:09.346+0000][1][safepoint    ] Leaving safepoint region
[2019-06-24T10:12:09.346+0000][1][safepoint    ] Total time for which application threads were stopped: 0.0001273 seconds, Stopping threads took: 0.0000337 seconds
[2019-06-24T10:12:10.346+0000][1][safepoint    ] Application time: 1.0001419 seconds
[2019-06-24T10:12:10.346+0000][1][safepoint    ] Entering safepoint region: Cleanup
[2019-06-24T10:12:10.346+0000][1][safepoint    ] Leaving safepoint region
[2019-06-24T10:12:10.347+0000][1][safepoint    ] Total time for which application threads were stopped: 0.0002247 seconds, Stopping threads took: 0.0000668 seconds
[2019-06-24T10:12:11.347+0000][1][safepoint    ] Application time: 1.0001256 seconds
[2019-06-24T10:12:11.347+0000][1][safepoint    ] Entering safepoint region: Cleanup
[2019-06-24T10:12:11.347+0000][1][safepoint    ] Leaving safepoint region
[2019-06-24T10:12:11.347+0000][1][safepoint    ] Total time for which application threads were stopped: 0.0002001 seconds, Stopping threads took: 0.0000531 seconds
[2019-06-24T10:12:12.347+0000][1][safepoint    ] Application time: 1.0002294 seconds
[2019-06-24T10:12:12.347+0000][1][safepoint    ] Entering safepoint region: Cleanup
[2019-06-24T10:12:12.348+0000][1][safepoint    ] Leaving safepoint region
[2019-06-24T10:12:12.348+0000][1][safepoint    ] Total time for which application threads were stopped: 0.0002335 seconds, Stopping threads took: 0.0000620 seconds
[2019-06-24T10:12:13.348+0000][1][safepoint    ] Application time: 1.0002438 seconds
[2019-06-24T10:12:13.348+0000][1][safepoint    ] Entering safepoint region: Cleanup
[2019-06-24T10:12:13.348+0000][1][safepoint    ] Leaving safepoint region
[2019-06-24T10:12:13.348+0000][1][safepoint    ] Total time for which application threads were stopped: 0.0002356 seconds, Stopping threads took: 0.0000632 seconds
[2019-06-24T10:12:14.348+0000][1][safepoint    ] Application time: 1.0002633 seconds
[2019-06-24T10:12:14.349+0000][1][safepoint    ] Entering safepoint region: Cleanup
[2019-06-24T10:12:14.349+0000][1][safepoint    ] Leaving safepoint region
[2019-06-24T10:12:14.349+0000][1][safepoint    ] Total time for which application threads were stopped: 0.0001201 seconds, Stopping threads took: 0.0000311 seconds
[2019-06-24T10:12:15.349+0000][1][safepoint    ] Application time: 1.0002388 seconds
[2019-06-24T10:12:15.349+0000][1][safepoint    ] Entering safepoint region: Cleanup
[2019-06-24T10:12:15.349+0000][1][safepoint    ] Leaving safepoint region
[2019-06-24T10:12:15.349+0000][1][safepoint    ] Total time for which application threads were stopped: 0.0002336 seconds, Stopping threads took: 0.0000614 seconds
[2019-06-24T10:12:16.349+0000][1][safepoint    ] Application time: 1.0001415 seconds
[2019-06-24T10:12:16.350+0000][1][safepoint    ] Entering safepoint region: Cleanup
[2019-06-24T10:12:16.350+0000][1][safepoint    ] Leaving safepoint region
[2019-06-24T10:12:16.350+0000][1][safepoint    ] Total time for which application threads were stopped: 0.0002034 seconds, Stopping threads took: 0.0000537 seconds
[2019-06-24T10:12:17.350+0000][1][safepoint    ] Application time: 1.0002652 seconds
[2019-06-24T10:12:17.350+0000][1][safepoint    ] Entering safepoint region: Cleanup
[2019-06-24T10:12:17.350+0000][1][safepoint    ] Leaving safepoint region
[2019-06-24T10:12:17.350+0000][1][safepoint    ] Total time for which application threads were stopped: 0.0002316 seconds, Stopping threads took: 0.0000621 seconds
[2019-06-24T10:12:18.351+0000][1][safepoint    ] Application time: 1.0002480 seconds
[2019-06-24T10:12:18.351+0000][1][safepoint    ] Entering safepoint region: Cleanup
[2019-06-24T10:12:18.351+0000][1][safepoint    ] Leaving safepoint region
[2019-06-24T10:12:18.351+0000][1][safepoint    ] Total time for which application threads were stopped: 0.0002654 seconds, Stopping threads took: 0.0000632 seconds
[2019-06-24T10:12:19.351+0000][1][safepoint    ] Application time: 1.0002739 seconds
[2019-06-24T10:12:19.351+0000][1][safepoint    ] Entering safepoint region: Cleanup
[2019-06-24T10:12:19.352+0000][1][safepoint    ] Leaving safepoint region
[2019-06-24T10:12:19.352+0000][1][safepoint    ] Total time for which application threads were stopped: 0.0002358 seconds, Stopping threads took: 0.0000651 seconds
[2019-06-24T10:12:20.352+0000][1][safepoint    ] Application time: 1.0002238 seconds
[2019-06-24T10:12:20.352+0000][1][safepoint    ] Entering safepoint region: Cleanup
[2019-06-24T10:12:20.352+0000][1][safepoint    ] Leaving safepoint region
[2019-06-24T10:12:20.352+0000][1][safepoint    ] Total time for which application threads were stopped: 0.0002328 seconds, Stopping threads took: 0.0000618 seconds
[2019-06-24T10:12:21.353+0000][1][safepoint    ] Application time: 1.0002668 seconds
[2019-06-24T10:12:21.353+0000][1][safepoint    ] Entering safepoint region: Cleanup
[2019-06-24T10:12:21.353+0000][1][safepoint    ] Leaving safepoint region
[2019-06-24T10:12:21.353+0000][1][safepoint    ] Total time for which application threads were stopped: 0.0002605 seconds, Stopping threads took: 0.0000920 seconds
[2019-06-24T10:12:22.353+0000][1][safepoint    ] Application time: 1.0002560 seconds
[2019-06-24T10:12:22.353+0000][1][safepoint    ] Entering safepoint region: Cleanup
[2019-06-24T10:12:22.354+0000][1][safepoint    ] Leaving safepoint region
[2019-06-24T10:12:22.354+0000][1][safepoint    ] Total time for which application threads were stopped: 0.0002331 seconds, Stopping threads took: 0.0000635 seconds
[2019-06-24T10:12:23.354+0000][1][safepoint    ] Application time: 1.0002740 seconds
[2019-06-24T10:12:23.354+0000][1][safepoint    ] Entering safepoint region: Cleanup
[2019-06-24T10:12:23.354+0000][1][safepoint    ] Leaving safepoint region
[2019-06-24T10:12:23.354+0000][1][safepoint    ] Total time for which application threads were stopped: 0.0002337 seconds, Stopping threads took: 0.0000621 seconds
[2019-06-24T10:12:24.355+0000][1][safepoint    ] Application time: 1.0003419 seconds
[2019-06-24T10:12:24.355+0000][1][safepoint    ] Entering safepoint region: Cleanup
[2019-06-24T10:12:24.355+0000][1][safepoint    ] Leaving safepoint region
[2019-06-24T10:12:24.355+0000][1][safepoint    ] Total time for which application threads were stopped: 0.0001035 seconds, Stopping threads took: 0.0000283 seconds
[2019-06-24T10:12:25.355+0000][1][safepoint    ] Application time: 1.0001960 seconds
[2019-06-24T10:12:25.355+0000][1][safepoint    ] Entering safepoint region: Cleanup
[2019-06-24T10:12:25.355+0000][1][safepoint    ] Leaving safepoint region
[2019-06-24T10:12:25.355+0000][1][safepoint    ] Total time for which application threads were stopped: 0.0002091 seconds, Stopping threads took: 0.0000552 seconds
[2019-06-24T10:12:26.355+0000][1][safepoint    ] Application time: 1.0001398 seconds
[2019-06-24T10:12:26.356+0000][1][safepoint    ] Entering safepoint region: Cleanup
[2019-06-24T10:12:26.356+0000][1][safepoint    ] Leaving safepoint region
[2019-06-24T10:12:26.356+0000][1][safepoint    ] Total time for which application threads were stopped: 0.0002424 seconds, Stopping threads took: 0.0000632 seconds
[2019-06-24T10:12:27.356+0000][1][safepoint    ] Application time: 1.0002606 seconds
[2019-06-24T10:12:27.356+0000][1][safepoint    ] Entering safepoint region: Cleanup
[2019-06-24T10:12:27.356+0000][1][safepoint    ] Leaving safepoint region
[2019-06-24T10:12:27.356+0000][1][safepoint    ] Total time for which application threads were stopped: 0.0002330 seconds, Stopping threads took: 0.0000647 seconds
[2019-06-24T10:12:28.357+0000][1][safepoint    ] Application time: 1.0002908 seconds
[2019-06-24T10:12:28.357+0000][1][safepoint    ] Entering safepoint region: Cleanup
[2019-06-24T10:12:28.357+0000][1][safepoint    ] Leaving safepoint region
[2019-06-24T10:12:28.357+0000][1][safepoint    ] Total time for which application threads were stopped: 0.0001773 seconds, Stopping threads took: 0.0000460 seconds
[2019-06-24T10:12:29.357+0000][1][safepoint    ] Application time: 1.0001815 seconds
[2019-06-24T10:12:29.357+0000][1][safepoint    ] Entering safepoint region: Cleanup
[2019-06-24T10:12:29.358+0000][1][safepoint    ] Leaving safepoint region
[2019-06-24T10:12:29.358+0000][1][safepoint    ] Total time for which application threads were stopped: 0.0002024 seconds, Stopping threads took: 0.0000560 seconds
[2019-06-24T10:12:30.358+0000][1][safepoint    ] Application time: 1.0002304 seconds
[2019-06-24T10:12:30.358+0000][1][safepoint    ] Entering safepoint region: Cleanup
[2019-06-24T10:12:30.358+0000][1][safepoint    ] Leaving safepoint region
[2019-06-24T10:12:30.358+0000][1][safepoint    ] Total time for which application threads were stopped: 0.0002237 seconds, Stopping threads took: 0.0000589 seconds
[2019-06-24T10:12:31.358+0000][1][safepoint    ] Application time: 1.0002536 seconds
[2019-06-24T10:12:31.359+0000][1][safepoint    ] Entering safepoint region: Cleanup
[2019-06-24T10:12:31.359+0000][1][safepoint    ] Leaving safepoint region
[2019-06-24T10:12:31.359+0000][1][safepoint    ] Total time for which application threads were stopped: 0.0002585 seconds, Stopping threads took: 0.0000916 seconds
[2019-06-24T10:12:32.359+0000][1][safepoint    ] Application time: 1.0002548 seconds
[2019-06-24T10:12:32.359+0000][1][safepoint    ] Entering safepoint region: Cleanup
[2019-06-24T10:12:32.359+0000][1][safepoint    ] Leaving safepoint region
[2019-06-24T10:12:32.360+0000][1][safepoint    ] Total time for which application threads were stopped: 0.0002376 seconds, Stopping threads took: 0.0000637 seconds
[2019-06-24T10:12:33.360+0000][1][safepoint    ] Application time: 1.0002394 seconds
[2019-06-24T10:12:33.360+0000][1][safepoint    ] Entering safepoint region: Cleanup
[2019-06-24T10:12:33.360+0000][1][safepoint    ] Leaving safepoint region
[2019-06-24T10:12:33.360+0000][1][safepoint    ] Total time for which application threads were stopped: 0.0002343 seconds, Stopping threads took: 0.0000622 seconds
[2019-06-24T10:12:34.360+0000][1][safepoint    ] Application time: 1.0001466 seconds
[2019-06-24T10:12:34.360+0000][1][safepoint    ] Entering safepoint region: Cleanup
[2019-06-24T10:12:34.360+0000][1][safepoint    ] Leaving safepoint region
[2019-06-24T10:12:34.360+0000][1][safepoint    ] Total time for which application threads were stopped: 0.0000981 seconds, Stopping threads took: 0.0000259 seconds
[2019-06-24T10:12:35.361+0000][1][safepoint    ] Application time: 1.0001853 seconds
[2019-06-24T10:12:35.361+0000][1][safepoint    ] Entering safepoint region: Cleanup
[2019-06-24T10:12:35.361+0000][1][safepoint    ] Leaving safepoint region
[2019-06-24T10:12:35.361+0000][1][safepoint    ] Total time for which application threads were stopped: 0.0002581 seconds, Stopping threads took: 0.0000655 seconds
[2019-06-24T10:12:36.361+0000][1][safepoint    ] Application time: 1.0001507 seconds
[2019-06-24T10:12:36.361+0000][1][safepoint    ] Entering safepoint region: Cleanup
[2019-06-24T10:12:36.361+0000][1][safepoint    ] Leaving safepoint region
[2019-06-24T10:12:36.361+0000][1][safepoint    ] Total time for which application threads were stopped: 0.0001149 seconds, Stopping threads took: 0.0000330 seconds
[2019-06-24T10:12:37.362+0000][1][safepoint    ] Application time: 1.0000882 seconds
[2019-06-24T10:12:37.362+0000][1][safepoint    ] Entering safepoint region: Cleanup
[2019-06-24T10:12:37.362+0000][1][safepoint    ] Leaving safepoint region
[2019-06-24T10:12:37.362+0000][1][safepoint    ] Total time for which application threads were stopped: 0.0001242 seconds, Stopping threads took: 0.0000442 seconds
[2019-06-24T10:12:38.362+0000][1][safepoint    ] Application time: 1.0001136 seconds
[2019-06-24T10:12:38.362+0000][1][safepoint    ] Entering safepoint region: Cleanup
[2019-06-24T10:12:38.362+0000][1][safepoint    ] Leaving safepoint region
[2019-06-24T10:12:38.362+0000][1][safepoint    ] Total time for which application threads were stopped: 0.0000813 seconds, Stopping threads took: 0.0000225 seconds
[2019-06-24T10:12:39.362+0000][1][safepoint    ] Application time: 1.0001854 seconds
[2019-06-24T10:12:39.362+0000][1][safepoint    ] Entering safepoint region: Cleanup
[2019-06-24T10:12:39.363+0000][1][safepoint    ] Leaving safepoint region
[2019-06-24T10:12:39.363+0000][1][safepoint    ] Total time for which application threads were stopped: 0.0005706 seconds, Stopping threads took: 0.0002687 seconds
[2019-06-24T10:12:40.363+0000][1][safepoint    ] Application time: 1.0001116 seconds
[2019-06-24T10:12:40.363+0000][1][safepoint    ] Entering safepoint region: Cleanup
[2019-06-24T10:12:40.363+0000][1][safepoint    ] Leaving safepoint region
[2019-06-24T10:12:40.363+0000][1][safepoint    ] Total time for which application threads were stopped: 0.0003562 seconds, Stopping threads took: 0.0000834 seconds
[2019-06-24T10:12:41.364+0000][1][safepoint    ] Application time: 1.0001843 seconds
[2019-06-24T10:12:41.364+0000][1][safepoint    ] Entering safepoint region: Cleanup
[2019-06-24T10:12:41.364+0000][1][safepoint    ] Leaving safepoint region
[2019-06-24T10:12:41.364+0000][1][safepoint    ] Total time for which application threads were stopped: 0.0002755 seconds, Stopping threads took: 0.0000752 seconds
[2019-06-24T10:12:42.364+0000][1][safepoint    ] Application time: 1.0001027 seconds
[2019-06-24T10:12:42.364+0000][1][safepoint    ] Entering safepoint region: Cleanup
[2019-06-24T10:12:42.364+0000][1][safepoint    ] Leaving safepoint region
[2019-06-24T10:12:42.364+0000][1][safepoint    ] Total time for which application threads were stopped: 0.0001054 seconds, Stopping threads took: 0.0000360 seconds
[2019-06-24T10:12:43.365+0000][1][safepoint    ] Application time: 1.0001253 seconds
[2019-06-24T10:12:43.365+0000][1][safepoint    ] Entering safepoint region: Cleanup
[2019-06-24T10:12:43.365+0000][1][safepoint    ] Leaving safepoint region
[2019-06-24T10:12:43.365+0000][1][safepoint    ] Total time for which application threads were stopped: 0.0003208 seconds, Stopping threads took: 0.0000855 seconds
[2019-06-24T10:12:44.365+0000][1][safepoint    ] Application time: 1.0001244 seconds
[2019-06-24T10:12:44.365+0000][1][safepoint    ] Entering safepoint region: Cleanup
[2019-06-24T10:12:44.365+0000][1][safepoint    ] Leaving safepoint region
[2019-06-24T10:12:44.365+0000][1][safepoint    ] Total time for which application threads were stopped: 0.0001346 seconds, Stopping threads took: 0.0000315 seconds
[2019-06-24T10:12:45.366+0000][1][safepoint    ] Application time: 1.0002018 seconds
[2019-06-24T10:12:45.366+0000][1][safepoint    ] Entering safepoint region: Cleanup
[2019-06-24T10:12:45.366+0000][1][safepoint    ] Leaving safepoint region
[2019-06-24T10:12:45.366+0000][1][safepoint    ] Total time for which application threads were stopped: 0.0002222 seconds, Stopping threads took: 0.0000596 seconds
[2019-06-24T10:12:46.366+0000][1][safepoint    ] Application time: 1.0001898 seconds
[2019-06-24T10:12:46.366+0000][1][safepoint    ] Entering safepoint region: Cleanup
[2019-06-24T10:12:46.367+0000][1][safepoint    ] Leaving safepoint region
[2019-06-24T10:12:46.367+0000][1][safepoint    ] Total time for which application threads were stopped: 0.0004990 seconds, Stopping threads took: 0.0000991 seconds
[2019-06-24T10:12:47.367+0000][1][safepoint    ] Application time: 1.0001046 seconds
[2019-06-24T10:12:47.367+0000][1][safepoint    ] Entering safepoint region: Cleanup
[2019-06-24T10:12:47.367+0000][1][safepoint    ] Leaving safepoint region
[2019-06-24T10:12:47.367+0000][1][safepoint    ] Total time for which application threads were stopped: 0.0001357 seconds, Stopping threads took: 0.0000343 seconds
[2019-06-24T10:12:48.367+0000][1][safepoint    ] Application time: 1.0001581 seconds
[2019-06-24T10:12:48.367+0000][1][safepoint    ] Entering safepoint region: Cleanup
[2019-06-24T10:12:48.367+0000][1][safepoint    ] Leaving safepoint region
[2019-06-24T10:12:48.367+0000][1][safepoint    ] Total time for which application threads were stopped: 0.0000913 seconds, Stopping threads took: 0.0000285 seconds
[2019-06-24T10:12:49.368+0000][1][safepoint    ] Application time: 1.0001023 seconds
[2019-06-24T10:12:49.368+0000][1][safepoint    ] Entering safepoint region: Cleanup
[2019-06-24T10:12:49.368+0000][1][safepoint    ] Leaving safepoint region
[2019-06-24T10:12:49.368+0000][1][safepoint    ] Total time for which application threads were stopped: 0.0003013 seconds, Stopping threads took: 0.0000941 seconds
[2019-06-24T10:12:49.586+0000][1][safepoint    ] Application time: 0.2181151 seconds
[2019-06-24T10:12:49.593+0000][1][safepoint    ] Entering safepoint region: RevokeBias
[2019-06-24T10:12:49.593+0000][1][safepoint    ] Leaving safepoint region
[2019-06-24T10:12:49.593+0000][1][safepoint    ] Total time for which application threads were stopped: 0.0070711 seconds, Stopping threads took: 0.0067867 seconds
[2019-06-24T10:12:49.608+0000][1][safepoint    ] Application time: 0.0150336 seconds
[2019-06-24T10:12:49.608+0000][1][safepoint    ] Entering safepoint region: RevokeBias
[2019-06-24T10:12:49.609+0000][1][safepoint    ] Leaving safepoint region
[2019-06-24T10:12:49.609+0000][1][safepoint    ] Total time for which application threads were stopped: 0.0006080 seconds, Stopping threads took: 0.0000241 seconds
[2019-06-24T10:12:50.609+0000][1][safepoint    ] Application time: 1.0001271 seconds
[2019-06-24T10:12:50.609+0000][1][safepoint    ] Entering safepoint region: Cleanup
[2019-06-24T10:12:50.609+0000][1][safepoint    ] Leaving safepoint region
[2019-06-24T10:12:50.609+0000][1][safepoint    ] Total time for which application threads were stopped: 0.0001064 seconds, Stopping threads took: 0.0000243 seconds
[2019-06-24T10:12:51.609+0000][1][safepoint    ] Application time: 1.0001600 seconds
[2019-06-24T10:12:51.610+0000][1][safepoint    ] Entering safepoint region: Cleanup
[2019-06-24T10:12:51.610+0000][1][safepoint    ] Leaving safepoint region
[2019-06-24T10:12:51.610+0000][1][safepoint    ] Total time for which application threads were stopped: 0.0001654 seconds, Stopping threads took: 0.0000444 seconds
[2019-06-24T10:12:52.610+0000][1][safepoint    ] Application time: 1.0001083 seconds
[2019-06-24T10:12:52.610+0000][1][safepoint    ] Entering safepoint region: Cleanup
[2019-06-24T10:12:52.610+0000][1][safepoint    ] Leaving safepoint region
[2019-06-24T10:12:52.610+0000][1][safepoint    ] Total time for which application threads were stopped: 0.0001681 seconds, Stopping threads took: 0.0000431 seconds
[2019-06-24T10:12:53.610+0000][1][safepoint    ] Application time: 1.0001786 seconds
[2019-06-24T10:12:53.610+0000][1][safepoint    ] Entering safepoint region: Cleanup
[2019-06-24T10:12:53.611+0000][1][safepoint    ] Leaving safepoint region
[2019-06-24T10:12:53.611+0000][1][safepoint    ] Total time for which application threads were stopped: 0.0003254 seconds, Stopping threads took: 0.0000623 seconds
[2019-06-24T10:12:54.611+0000][1][safepoint    ] Application time: 1.0001401 seconds
[2019-06-24T10:12:54.611+0000][1][safepoint    ] Entering safepoint region: Cleanup
[2019-06-24T10:12:54.611+0000][1][safepoint    ] Leaving safepoint region
[2019-06-24T10:12:54.611+0000][1][safepoint    ] Total time for which application threads were stopped: 0.0002789 seconds, Stopping threads took: 0.0000803 seconds
[2019-06-24T10:12:55.611+0000][1][safepoint    ] Application time: 1.0001847 seconds
[2019-06-24T10:12:55.612+0000][1][safepoint    ] Entering safepoint region: Cleanup
[2019-06-24T10:12:55.612+0000][1][safepoint    ] Leaving safepoint region
[2019-06-24T10:12:55.612+0000][1][safepoint    ] Total time for which application threads were stopped: 0.0002251 seconds, Stopping threads took: 0.0000700 seconds
[2019-06-24T10:12:56.612+0000][1][safepoint    ] Application time: 1.0001081 seconds
[2019-06-24T10:12:56.612+0000][1][safepoint    ] Entering safepoint region: Cleanup
[2019-06-24T10:12:56.612+0000][1][safepoint    ] Leaving safepoint region
[2019-06-24T10:12:56.612+0000][1][safepoint    ] Total time for which application threads were stopped: 0.0001342 seconds, Stopping threads took: 0.0000398 seconds
[2019-06-24T10:12:57.612+0000][1][safepoint    ] Application time: 1.0001796 seconds
[2019-06-24T10:12:57.612+0000][1][safepoint    ] Entering safepoint region: Cleanup
[2019-06-24T10:12:57.613+0000][1][safepoint    ] Leaving safepoint region
[2019-06-24T10:12:57.613+0000][1][safepoint    ] Total time for which application threads were stopped: 0.0003051 seconds, Stopping threads took: 0.0001431 seconds
[2019-06-24T10:12:58.348+0000][1][safepoint    ] Application time: 0.7350617 seconds
[2019-06-24T10:12:58.348+0000][1][safepoint    ] Entering safepoint region: GenCollectForAllocation
[2019-06-24T10:12:58.348+0000][1][gc,start     ] GC(27) Pause Young (Allocation Failure)
[2019-06-24T10:12:58.348+0000][1][gc,task      ] GC(27) Using 5 workers of 8 for evacuation
[2019-06-24T10:12:58.357+0000][1][gc,age       ] GC(27) Desired survivor size 4456448 bytes, new threshold 6 (max threshold 6)
[2019-06-24T10:12:58.357+0000][1][gc,age       ] GC(27) Age table with threshold 6 (max threshold 6)
[2019-06-24T10:12:58.357+0000][1][gc,age       ] GC(27) - age   1:      95696 bytes,      95696 total
[2019-06-24T10:12:58.357+0000][1][gc,age       ] GC(27) - age   2:       2792 bytes,      98488 total
[2019-06-24T10:12:58.357+0000][1][gc,age       ] GC(27) - age   3:       5704 bytes,     104192 total
[2019-06-24T10:12:58.357+0000][1][gc,age       ] GC(27) - age   4:      96984 bytes,     201176 total
[2019-06-24T10:12:58.357+0000][1][gc,age       ] GC(27) - age   5:      12992 bytes,     214168 total
[2019-06-24T10:12:58.357+0000][1][gc,age       ] GC(27) - age   6:    2383656 bytes,    2597824 total
[2019-06-24T10:12:58.357+0000][1][gc,heap      ] GC(27) ParNew: 73907K->3936K(78656K)
[2019-06-24T10:12:58.357+0000][1][gc,heap      ] GC(27) CMS: 67070K->67070K(174784K)
[2019-06-24T10:12:58.357+0000][1][gc,metaspace ] GC(27) Metaspace: 67985K->67985K(1112064K)
[2019-06-24T10:12:58.357+0000][1][gc           ] GC(27) Pause Young (Allocation Failure) 137M->69M(247M) 8.735ms
[2019-06-24T10:12:58.357+0000][1][gc,cpu       ] GC(27) User=0.04s Sys=0.00s Real=0.01s
[2019-06-24T10:12:58.357+0000][1][safepoint    ] Leaving safepoint region
[2019-06-24T10:12:58.357+0000][1][safepoint    ] Total time for which application threads were stopped: 0.0092359 seconds, Stopping threads took: 0.0000678 seconds
[2019-06-24T10:12:59.357+0000][1][safepoint    ] Application time: 1.0002825 seconds
[2019-06-24T10:12:59.358+0000][1][safepoint    ] Entering safepoint region: Cleanup
[2019-06-24T10:12:59.358+0000][1][safepoint    ] Leaving safepoint region
[2019-06-24T10:12:59.358+0000][1][safepoint    ] Total time for which application threads were stopped: 0.0002368 seconds, Stopping threads took: 0.0000626 seconds
[2019-06-24T10:13:00.358+0000][1][safepoint    ] Application time: 1.0002796 seconds
[2019-06-24T10:13:00.358+0000][1][safepoint    ] Entering safepoint region: Cleanup
[2019-06-24T10:13:00.358+0000][1][safepoint    ] Leaving safepoint region
[2019-06-24T10:13:00.358+0000][1][safepoint    ] Total time for which application threads were stopped: 0.0002369 seconds, Stopping threads took: 0.0000610 seconds
[2019-06-24T10:13:01.359+0000][1][safepoint    ] Application time: 1.0001692 seconds
[2019-06-24T10:13:01.359+0000][1][safepoint    ] Entering safepoint region: Cleanup
[2019-06-24T10:13:01.359+0000][1][safepoint    ] Leaving safepoint region
[2019-06-24T10:13:01.359+0000][1][safepoint    ] Total time for which application threads were stopped: 0.0002384 seconds, Stopping threads took: 0.0000630 seconds
[2019-06-24T10:13:02.359+0000][1][safepoint    ] Application time: 1.0001864 seconds
[2019-06-24T10:13:02.359+0000][1][safepoint    ] Entering safepoint region: Cleanup
[2019-06-24T10:13:02.360+0000][1][safepoint    ] Leaving safepoint region
[2019-06-24T10:13:02.360+0000][1][safepoint    ] Total time for which application threads were stopped: 0.0002989 seconds, Stopping threads took: 0.0001029 seconds
[2019-06-24T10:13:03.360+0000][1][safepoint    ] Application time: 1.0002157 seconds
[2019-06-24T10:13:03.360+0000][1][safepoint    ] Entering safepoint region: Cleanup
[2019-06-24T10:13:03.360+0000][1][safepoint    ] Leaving safepoint region
[2019-06-24T10:13:03.360+0000][1][safepoint    ] Total time for which application threads were stopped: 0.0002972 seconds, Stopping threads took: 0.0001036 seconds
[2019-06-24T10:13:04.361+0000][1][safepoint    ] Application time: 1.0002213 seconds
[2019-06-24T10:13:04.361+0000][1][safepoint    ] Entering safepoint region: Cleanup
[2019-06-24T10:13:04.361+0000][1][safepoint    ] Leaving safepoint region
[2019-06-24T10:13:04.361+0000][1][safepoint    ] Total time for which application threads were stopped: 0.0002928 seconds, Stopping threads took: 0.0001026 seconds
[2019-06-24T10:13:05.361+0000][1][safepoint    ] Application time: 1.0003211 seconds
[2019-06-24T10:13:05.361+0000][1][safepoint    ] Entering safepoint region: Cleanup
[2019-06-24T10:13:05.362+0000][1][safepoint    ] Leaving safepoint region
[2019-06-24T10:13:05.362+0000][1][safepoint    ] Total time for which application threads were stopped: 0.0001192 seconds, Stopping threads took: 0.0000391 seconds
[2019-06-24T10:13:06.362+0000][1][safepoint    ] Application time: 1.0000869 seconds
[2019-06-24T10:13:06.362+0000][1][safepoint    ] Entering safepoint region: Cleanup
[2019-06-24T10:13:06.362+0000][1][safepoint    ] Leaving safepoint region
[2019-06-24T10:13:06.362+0000][1][safepoint    ] Total time for which application threads were stopped: 0.0001163 seconds, Stopping threads took: 0.0000290 seconds
[2019-06-24T10:13:07.362+0000][1][safepoint    ] Application time: 1.0002576 seconds
[2019-06-24T10:13:07.362+0000][1][safepoint    ] Entering safepoint region: Cleanup
[2019-06-24T10:13:07.362+0000][1][safepoint    ] Leaving safepoint region
[2019-06-24T10:13:07.363+0000][1][safepoint    ] Total time for which application threads were stopped: 0.0003049 seconds, Stopping threads took: 0.0000618 seconds
[2019-06-24T10:13:08.363+0000][1][safepoint    ] Application time: 1.0001356 seconds
[2019-06-24T10:13:08.363+0000][1][safepoint    ] Entering safepoint region: Cleanup
[2019-06-24T10:13:08.363+0000][1][safepoint    ] Leaving safepoint region
[2019-06-24T10:13:08.363+0000][1][safepoint    ] Total time for which application threads were stopped: 0.0002180 seconds, Stopping threads took: 0.0000584 seconds
[2019-06-24T10:13:09.363+0000][1][safepoint    ] Application time: 1.0001802 seconds
[2019-06-24T10:13:09.363+0000][1][safepoint    ] Entering safepoint region: Cleanup
[2019-06-24T10:13:09.364+0000][1][safepoint    ] Leaving safepoint region
[2019-06-24T10:13:09.364+0000][1][safepoint    ] Total time for which application threads were stopped: 0.0002284 seconds, Stopping threads took: 0.0000608 seconds
[2019-06-24T10:13:10.364+0000][1][safepoint    ] Application time: 1.0002505 seconds
[2019-06-24T10:13:10.364+0000][1][safepoint    ] Entering safepoint region: Cleanup
[2019-06-24T10:13:10.364+0000][1][safepoint    ] Leaving safepoint region
[2019-06-24T10:13:10.364+0000][1][safepoint    ] Total time for which application threads were stopped: 0.0002661 seconds, Stopping threads took: 0.0000699 seconds
[2019-06-24T10:13:11.364+0000][1][safepoint    ] Application time: 1.0001468 seconds
[2019-06-24T10:13:11.365+0000][1][safepoint    ] Entering safepoint region: Cleanup
[2019-06-24T10:13:11.365+0000][1][safepoint    ] Leaving safepoint region
[2019-06-24T10:13:11.365+0000][1][safepoint    ] Total time for which application threads were stopped: 0.0002322 seconds, Stopping threads took: 0.0000649 seconds
[2019-06-24T10:13:12.365+0000][1][safepoint    ] Application time: 1.0001382 seconds
[2019-06-24T10:13:12.365+0000][1][safepoint    ] Entering safepoint region: Cleanup
[2019-06-24T10:13:12.365+0000][1][safepoint    ] Leaving safepoint region
[2019-06-24T10:13:12.365+0000][1][safepoint    ] Total time for which application threads were stopped: 0.0001040 seconds, Stopping threads took: 0.0000357 seconds
[2019-06-24T10:13:13.365+0000][1][safepoint    ] Application time: 1.0001684 seconds
[2019-06-24T10:13:13.365+0000][1][safepoint    ] Entering safepoint region: Cleanup
[2019-06-24T10:13:13.365+0000][1][safepoint    ] Leaving safepoint region
[2019-06-24T10:13:13.365+0000][1][safepoint    ] Total time for which application threads were stopped: 0.0001218 seconds, Stopping threads took: 0.0000327 seconds
[2019-06-24T10:13:14.366+0000][1][safepoint    ] Application time: 1.0002235 seconds
[2019-06-24T10:13:14.366+0000][1][safepoint    ] Entering safepoint region: Cleanup
[2019-06-24T10:13:14.366+0000][1][safepoint    ] Leaving safepoint region
[2019-06-24T10:13:14.366+0000][1][safepoint    ] Total time for which application threads were stopped: 0.0002397 seconds, Stopping threads took: 0.0000610 seconds
[2019-06-24T10:13:15.366+0000][1][safepoint    ] Application time: 1.0002964 seconds
[2019-06-24T10:13:15.366+0000][1][safepoint    ] Entering safepoint region: Cleanup
[2019-06-24T10:13:15.367+0000][1][safepoint    ] Leaving safepoint region
[2019-06-24T10:13:15.367+0000][1][safepoint    ] Total time for which application threads were stopped: 0.0001355 seconds, Stopping threads took: 0.0000227 seconds
[2019-06-24T10:13:16.367+0000][1][safepoint    ] Application time: 1.0001166 seconds
[2019-06-24T10:13:16.367+0000][1][safepoint    ] Entering safepoint region: Cleanup
[2019-06-24T10:13:16.367+0000][1][safepoint    ] Leaving safepoint region
[2019-06-24T10:13:16.367+0000][1][safepoint    ] Total time for which application threads were stopped: 0.0003199 seconds, Stopping threads took: 0.0000853 seconds
[2019-06-24T10:13:17.367+0000][1][safepoint    ] Application time: 1.0001681 seconds
[2019-06-24T10:13:17.367+0000][1][safepoint    ] Entering safepoint region: Cleanup
[2019-06-24T10:13:17.368+0000][1][safepoint    ] Leaving safepoint region
[2019-06-24T10:13:17.368+0000][1][safepoint    ] Total time for which application threads were stopped: 0.0001462 seconds, Stopping threads took: 0.0000377 seconds
[2019-06-24T10:13:18.368+0000][1][safepoint    ] Application time: 1.0002214 seconds
[2019-06-24T10:13:18.368+0000][1][safepoint    ] Entering safepoint region: Cleanup
[2019-06-24T10:13:18.368+0000][1][safepoint    ] Leaving safepoint region
[2019-06-24T10:13:18.368+0000][1][safepoint    ] Total time for which application threads were stopped: 0.0000906 seconds, Stopping threads took: 0.0000236 seconds
[2019-06-24T10:13:19.368+0000][1][safepoint    ] Application time: 1.0001717 seconds
[2019-06-24T10:13:19.368+0000][1][safepoint    ] Entering safepoint region: Cleanup
[2019-06-24T10:13:19.368+0000][1][safepoint    ] Leaving safepoint region
[2019-06-24T10:13:19.368+0000][1][safepoint    ] Total time for which application threads were stopped: 0.0002290 seconds, Stopping threads took: 0.0000594 seconds
[2019-06-24T10:13:20.369+0000][1][safepoint    ] Application time: 1.0002302 seconds
[2019-06-24T10:13:20.369+0000][1][safepoint    ] Entering safepoint region: Cleanup
[2019-06-24T10:13:20.369+0000][1][safepoint    ] Leaving safepoint region
[2019-06-24T10:13:20.369+0000][1][safepoint    ] Total time for which application threads were stopped: 0.0002369 seconds, Stopping threads took: 0.0000588 seconds
[2019-06-24T10:13:21.369+0000][1][safepoint    ] Application time: 1.0002127 seconds
[2019-06-24T10:13:21.369+0000][1][safepoint    ] Entering safepoint region: Cleanup
[2019-06-24T10:13:21.370+0000][1][safepoint    ] Leaving safepoint region
[2019-06-24T10:13:21.370+0000][1][safepoint    ] Total time for which application threads were stopped: 0.0002886 seconds, Stopping threads took: 0.0000804 seconds
[2019-06-24T10:13:22.370+0000][1][safepoint    ] Application time: 1.0001930 seconds
[2019-06-24T10:13:22.370+0000][1][safepoint    ] Entering safepoint region: Cleanup
[2019-06-24T10:13:22.370+0000][1][safepoint    ] Leaving safepoint region
[2019-06-24T10:13:22.370+0000][1][safepoint    ] Total time for which application threads were stopped: 0.0001641 seconds, Stopping threads took: 0.0000420 seconds
[2019-06-24T10:13:23.370+0000][1][safepoint    ] Application time: 1.0002554 seconds
[2019-06-24T10:13:23.371+0000][1][safepoint    ] Entering safepoint region: Cleanup
[2019-06-24T10:13:23.371+0000][1][safepoint    ] Leaving safepoint region
[2019-06-24T10:13:23.371+0000][1][safepoint    ] Total time for which application threads were stopped: 0.0002597 seconds, Stopping threads took: 0.0000943 seconds
[2019-06-24T10:13:24.371+0000][1][safepoint    ] Application time: 1.0002664 seconds
[2019-06-24T10:13:24.371+0000][1][safepoint    ] Entering safepoint region: Cleanup
[2019-06-24T10:13:24.372+0000][1][safepoint    ] Leaving safepoint region
[2019-06-24T10:13:24.372+0000][1][safepoint    ] Total time for which application threads were stopped: 0.0002339 seconds, Stopping threads took: 0.0000608 seconds
[2019-06-24T10:13:25.372+0000][1][safepoint    ] Application time: 1.0002889 seconds
[2019-06-24T10:13:25.372+0000][1][safepoint    ] Entering safepoint region: Cleanup
[2019-06-24T10:13:25.372+0000][1][safepoint    ] Leaving safepoint region
[2019-06-24T10:13:25.372+0000][1][safepoint    ] Total time for which application threads were stopped: 0.0000970 seconds, Stopping threads took: 0.0000254 seconds
[2019-06-24T10:13:26.372+0000][1][safepoint    ] Application time: 1.0002505 seconds
[2019-06-24T10:13:26.372+0000][1][safepoint    ] Entering safepoint region: Cleanup
[2019-06-24T10:13:26.373+0000][1][safepoint    ] Leaving safepoint region
[2019-06-24T10:13:26.373+0000][1][safepoint    ] Total time for which application threads were stopped: 0.0002348 seconds, Stopping threads took: 0.0000616 seconds
[2019-06-24T10:13:27.373+0000][1][safepoint    ] Application time: 1.0002594 seconds
[2019-06-24T10:13:27.373+0000][1][safepoint    ] Entering safepoint region: Cleanup
[2019-06-24T10:13:27.373+0000][1][safepoint    ] Leaving safepoint region
[2019-06-24T10:13:27.373+0000][1][safepoint    ] Total time for which application threads were stopped: 0.0002327 seconds, Stopping threads took: 0.0000611 seconds
[2019-06-24T10:13:28.374+0000][1][safepoint    ] Application time: 1.0002634 seconds
[2019-06-24T10:13:28.374+0000][1][safepoint    ] Entering safepoint region: Cleanup
[2019-06-24T10:13:28.374+0000][1][safepoint    ] Leaving safepoint region
[2019-06-24T10:13:28.374+0000][1][safepoint    ] Total time for which application threads were stopped: 0.0002337 seconds, Stopping threads took: 0.0000628 seconds
[2019-06-24T10:13:29.374+0000][1][safepoint    ] Application time: 1.0002561 seconds
[2019-06-24T10:13:29.374+0000][1][safepoint    ] Entering safepoint region: Cleanup
[2019-06-24T10:13:29.375+0000][1][safepoint    ] Leaving safepoint region
[2019-06-24T10:13:29.375+0000][1][safepoint    ] Total time for which application threads were stopped: 0.0003596 seconds, Stopping threads took: 0.0000619 seconds
[2019-06-24T10:13:30.375+0000][1][safepoint    ] Application time: 1.0002387 seconds
[2019-06-24T10:13:30.375+0000][1][safepoint    ] Entering safepoint region: Cleanup
[2019-06-24T10:13:30.375+0000][1][safepoint    ] Leaving safepoint region
[2019-06-24T10:13:30.375+0000][1][safepoint    ] Total time for which application threads were stopped: 0.0002348 seconds, Stopping threads took: 0.0000616 seconds
[2019-06-24T10:13:31.376+0000][1][safepoint    ] Application time: 1.0002027 seconds
[2019-06-24T10:13:31.376+0000][1][safepoint    ] Entering safepoint region: Cleanup
[2019-06-24T10:13:31.376+0000][1][safepoint    ] Leaving safepoint region
[2019-06-24T10:13:31.376+0000][1][safepoint    ] Total time for which application threads were stopped: 0.0002427 seconds, Stopping threads took: 0.0000634 seconds
[2019-06-24T10:13:32.376+0000][1][safepoint    ] Application time: 1.0001532 seconds
[2019-06-24T10:13:32.376+0000][1][safepoint    ] Entering safepoint region: Cleanup
[2019-06-24T10:13:32.376+0000][1][safepoint    ] Leaving safepoint region
[2019-06-24T10:13:32.376+0000][1][safepoint    ] Total time for which application threads were stopped: 0.0002462 seconds, Stopping threads took: 0.0000657 seconds
[2019-06-24T10:13:33.377+0000][1][safepoint    ] Application time: 1.0002644 seconds
[2019-06-24T10:13:33.377+0000][1][safepoint    ] Entering safepoint region: Cleanup
[2019-06-24T10:13:33.377+0000][1][safepoint    ] Leaving safepoint region
[2019-06-24T10:13:33.377+0000][1][safepoint    ] Total time for which application threads were stopped: 0.0003458 seconds, Stopping threads took: 0.0000934 seconds
[2019-06-24T10:13:34.377+0000][1][safepoint    ] Application time: 1.0001911 seconds
[2019-06-24T10:13:34.378+0000][1][safepoint    ] Entering safepoint region: Cleanup
[2019-06-24T10:13:34.378+0000][1][safepoint    ] Leaving safepoint region
[2019-06-24T10:13:34.378+0000][1][safepoint    ] Total time for which application threads were stopped: 0.0002047 seconds, Stopping threads took: 0.0000556 seconds
[2019-06-24T10:13:35.378+0000][1][safepoint    ] Application time: 1.0001752 seconds
[2019-06-24T10:13:35.378+0000][1][safepoint    ] Entering safepoint region: Cleanup
[2019-06-24T10:13:35.378+0000][1][safepoint    ] Leaving safepoint region
[2019-06-24T10:13:35.378+0000][1][safepoint    ] Total time for which application threads were stopped: 0.0001916 seconds, Stopping threads took: 0.0000539 seconds
[2019-06-24T10:13:36.379+0000][1][safepoint    ] Application time: 1.0003126 seconds
[2019-06-24T10:13:36.379+0000][1][safepoint    ] Entering safepoint region: Cleanup
[2019-06-24T10:13:36.379+0000][1][safepoint    ] Leaving safepoint region
[2019-06-24T10:13:36.379+0000][1][safepoint    ] Total time for which application threads were stopped: 0.0002226 seconds, Stopping threads took: 0.0000609 seconds
[2019-06-24T10:13:37.379+0000][1][safepoint    ] Application time: 1.0001794 seconds
[2019-06-24T10:13:37.379+0000][1][safepoint    ] Entering safepoint region: Cleanup
[2019-06-24T10:13:37.379+0000][1][safepoint    ] Leaving safepoint region
[2019-06-24T10:13:37.379+0000][1][safepoint    ] Total time for which application threads were stopped: 0.0002103 seconds, Stopping threads took: 0.0000536 seconds
[2019-06-24T10:13:38.380+0000][1][safepoint    ] Application time: 1.0002642 seconds
[2019-06-24T10:13:38.380+0000][1][safepoint    ] Entering safepoint region: Cleanup
[2019-06-24T10:13:38.380+0000][1][safepoint    ] Leaving safepoint region
[2019-06-24T10:13:38.380+0000][1][safepoint    ] Total time for which application threads were stopped: 0.0002249 seconds, Stopping threads took: 0.0000624 seconds
[2019-06-24T10:13:39.380+0000][1][safepoint    ] Application time: 1.0002567 seconds
[2019-06-24T10:13:39.380+0000][1][safepoint    ] Entering safepoint region: Cleanup
[2019-06-24T10:13:39.381+0000][1][safepoint    ] Leaving safepoint region
[2019-06-24T10:13:39.381+0000][1][safepoint    ] Total time for which application threads were stopped: 0.0002358 seconds, Stopping threads took: 0.0000662 seconds
[2019-06-24T10:13:40.381+0000][1][safepoint    ] Application time: 1.0001418 seconds
[2019-06-24T10:13:40.381+0000][1][safepoint    ] Entering safepoint region: Cleanup
[2019-06-24T10:13:40.381+0000][1][safepoint    ] Leaving safepoint region
[2019-06-24T10:13:40.381+0000][1][safepoint    ] Total time for which application threads were stopped: 0.0000945 seconds, Stopping threads took: 0.0000260 seconds
[2019-06-24T10:13:41.381+0000][1][safepoint    ] Application time: 1.0002088 seconds
[2019-06-24T10:13:41.381+0000][1][safepoint    ] Entering safepoint region: Cleanup
[2019-06-24T10:13:41.382+0000][1][safepoint    ] Leaving safepoint region
[2019-06-24T10:13:41.382+0000][1][safepoint    ] Total time for which application threads were stopped: 0.0002270 seconds, Stopping threads took: 0.0000619 seconds
[2019-06-24T10:13:42.382+0000][1][safepoint    ] Application time: 1.0002408 seconds
[2019-06-24T10:13:42.382+0000][1][safepoint    ] Entering safepoint region: Cleanup
[2019-06-24T10:13:42.382+0000][1][safepoint    ] Leaving safepoint region
[2019-06-24T10:13:42.382+0000][1][safepoint    ] Total time for which application threads were stopped: 0.0002533 seconds, Stopping threads took: 0.0000610 seconds
[2019-06-24T10:13:43.383+0000][1][safepoint    ] Application time: 1.0003046 seconds
[2019-06-24T10:13:43.383+0000][1][safepoint    ] Entering safepoint region: Cleanup
[2019-06-24T10:13:43.383+0000][1][safepoint    ] Leaving safepoint region
[2019-06-24T10:13:43.383+0000][1][safepoint    ] Total time for which application threads were stopped: 0.0001069 seconds, Stopping threads took: 0.0000374 seconds
[2019-06-24T10:13:44.383+0000][1][safepoint    ] Application time: 1.0001236 seconds
[2019-06-24T10:13:44.383+0000][1][safepoint    ] Entering safepoint region: Cleanup
[2019-06-24T10:13:44.383+0000][1][safepoint    ] Leaving safepoint region
[2019-06-24T10:13:44.383+0000][1][safepoint    ] Total time for which application threads were stopped: 0.0002400 seconds, Stopping threads took: 0.0000764 seconds
[2019-06-24T10:13:45.383+0000][1][safepoint    ] Application time: 1.0001754 seconds
[2019-06-24T10:13:45.383+0000][1][safepoint    ] Entering safepoint region: Cleanup
[2019-06-24T10:13:45.384+0000][1][safepoint    ] Leaving safepoint region
[2019-06-24T10:13:45.384+0000][1][safepoint    ] Total time for which application threads were stopped: 0.0002187 seconds, Stopping threads took: 0.0000824 seconds
[2019-06-24T10:13:46.384+0000][1][safepoint    ] Application time: 1.0002206 seconds
[2019-06-24T10:13:46.384+0000][1][safepoint    ] Entering safepoint region: Cleanup
[2019-06-24T10:13:46.384+0000][1][safepoint    ] Leaving safepoint region
[2019-06-24T10:13:46.384+0000][1][safepoint    ] Total time for which application threads were stopped: 0.0002272 seconds, Stopping threads took: 0.0000721 seconds
[2019-06-24T10:13:47.384+0000][1][safepoint    ] Application time: 1.0001636 seconds
[2019-06-24T10:13:47.385+0000][1][safepoint    ] Entering safepoint region: Cleanup
[2019-06-24T10:13:47.385+0000][1][safepoint    ] Leaving safepoint region
[2019-06-24T10:13:47.385+0000][1][safepoint    ] Total time for which application threads were stopped: 0.0002691 seconds, Stopping threads took: 0.0000953 seconds
[2019-06-24T10:13:48.385+0000][1][safepoint    ] Application time: 1.0001931 seconds
[2019-06-24T10:13:48.385+0000][1][safepoint    ] Entering safepoint region: Cleanup
[2019-06-24T10:13:48.385+0000][1][safepoint    ] Leaving safepoint region
[2019-06-24T10:13:48.385+0000][1][safepoint    ] Total time for which application threads were stopped: 0.0002263 seconds, Stopping threads took: 0.0000713 seconds
[2019-06-24T10:13:49.386+0000][1][safepoint    ] Application time: 1.0001458 seconds
[2019-06-24T10:13:49.386+0000][1][safepoint    ] Entering safepoint region: Cleanup
[2019-06-24T10:13:49.386+0000][1][safepoint    ] Leaving safepoint region
[2019-06-24T10:13:49.386+0000][1][safepoint    ] Total time for which application threads were stopped: 0.0002956 seconds, Stopping threads took: 0.0000889 seconds
[2019-06-24T10:13:50.386+0000][1][safepoint    ] Application time: 1.0002303 seconds
[2019-06-24T10:13:50.386+0000][1][safepoint    ] Entering safepoint region: Cleanup
[2019-06-24T10:13:50.387+0000][1][safepoint    ] Leaving safepoint region
[2019-06-24T10:13:50.387+0000][1][safepoint    ] Total time for which application threads were stopped: 0.0004439 seconds, Stopping threads took: 0.0000776 seconds
[2019-06-24T10:13:51.387+0000][1][safepoint    ] Application time: 1.0002707 seconds
[2019-06-24T10:13:51.387+0000][1][safepoint    ] Entering safepoint region: Cleanup
[2019-06-24T10:13:51.387+0000][1][safepoint    ] Leaving safepoint region
[2019-06-24T10:13:51.387+0000][1][safepoint    ] Total time for which application threads were stopped: 0.0002269 seconds, Stopping threads took: 0.0000632 seconds
[2019-06-24T10:13:52.388+0000][1][safepoint    ] Application time: 1.0002330 seconds
[2019-06-24T10:13:52.388+0000][1][safepoint    ] Entering safepoint region: Cleanup
[2019-06-24T10:13:52.388+0000][1][safepoint    ] Leaving safepoint region
[2019-06-24T10:13:52.388+0000][1][safepoint    ] Total time for which application threads were stopped: 0.0002264 seconds, Stopping threads took: 0.0000614 seconds
[2019-06-24T10:13:53.388+0000][1][safepoint    ] Application time: 1.0002598 seconds
[2019-06-24T10:13:53.389+0000][1][safepoint    ] Entering safepoint region: Cleanup
[2019-06-24T10:13:53.389+0000][1][safepoint    ] Leaving safepoint region
[2019-06-24T10:13:53.389+0000][1][safepoint    ] Total time for which application threads were stopped: 0.0002529 seconds, Stopping threads took: 0.0000938 seconds
[2019-06-24T10:13:54.389+0000][1][safepoint    ] Application time: 1.0002603 seconds
[2019-06-24T10:13:54.389+0000][1][safepoint    ] Entering safepoint region: Cleanup
[2019-06-24T10:13:54.389+0000][1][safepoint    ] Leaving safepoint region
[2019-06-24T10:13:54.389+0000][1][safepoint    ] Total time for which application threads were stopped: 0.0002311 seconds, Stopping threads took: 0.0000648 seconds
[2019-06-24T10:13:55.390+0000][1][safepoint    ] Application time: 1.0002679 seconds
[2019-06-24T10:13:55.390+0000][1][safepoint    ] Entering safepoint region: Cleanup
[2019-06-24T10:13:55.390+0000][1][safepoint    ] Leaving safepoint region
[2019-06-24T10:13:55.390+0000][1][safepoint    ] Total time for which application threads were stopped: 0.0002276 seconds, Stopping threads took: 0.0000615 seconds
[2019-06-24T10:13:56.390+0000][1][safepoint    ] Application time: 1.0002490 seconds
[2019-06-24T10:13:56.390+0000][1][safepoint    ] Entering safepoint region: Cleanup
[2019-06-24T10:13:56.391+0000][1][safepoint    ] Leaving safepoint region
[2019-06-24T10:13:56.391+0000][1][safepoint    ] Total time for which application threads were stopped: 0.0003269 seconds, Stopping threads took: 0.0000534 seconds
[2019-06-24T10:13:57.391+0000][1][safepoint    ] Application time: 1.0002167 seconds
[2019-06-24T10:13:57.391+0000][1][safepoint    ] Entering safepoint region: Cleanup
[2019-06-24T10:13:57.391+0000][1][safepoint    ] Leaving safepoint region
[2019-06-24T10:13:57.391+0000][1][safepoint    ] Total time for which application threads were stopped: 0.0002271 seconds, Stopping threads took: 0.0000622 seconds
[2019-06-24T10:13:58.391+0000][1][safepoint    ] Application time: 1.0001918 seconds
[2019-06-24T10:13:58.392+0000][1][safepoint    ] Entering safepoint region: Cleanup
[2019-06-24T10:13:58.392+0000][1][safepoint    ] Leaving safepoint region
[2019-06-24T10:13:58.392+0000][1][safepoint    ] Total time for which application threads were stopped: 0.0002153 seconds, Stopping threads took: 0.0000605 seconds
[2019-06-24T10:13:59.882+0000][1][safepoint    ] Application time: 1.4898441 seconds
[2019-06-24T10:13:59.882+0000][1][safepoint    ] Entering safepoint region: Cleanup
[2019-06-24T10:13:59.882+0000][1][safepoint    ] Leaving safepoint region
[2019-06-24T10:13:59.882+0000][1][safepoint    ] Total time for which application threads were stopped: 0.0003997 seconds, Stopping threads took: 0.0000627 seconds
[2019-06-24T10:14:00.882+0000][1][safepoint    ] Application time: 1.0001634 seconds
[2019-06-24T10:14:00.882+0000][1][safepoint    ] Entering safepoint region: Cleanup
[2019-06-24T10:14:00.883+0000][1][safepoint    ] Leaving safepoint region
[2019-06-24T10:14:00.883+0000][1][safepoint    ] Total time for which application threads were stopped: 0.0001692 seconds, Stopping threads took: 0.0000428 seconds
[2019-06-24T10:14:01.883+0000][1][safepoint    ] Application time: 1.0000793 seconds
[2019-06-24T10:14:01.883+0000][1][safepoint    ] Entering safepoint region: Cleanup
[2019-06-24T10:14:01.883+0000][1][safepoint    ] Leaving safepoint region
[2019-06-24T10:14:01.883+0000][1][safepoint    ] Total time for which application threads were stopped: 0.0000756 seconds, Stopping threads took: 0.0000205 seconds
[2019-06-24T10:14:02.883+0000][1][safepoint    ] Application time: 1.0001809 seconds
[2019-06-24T10:14:02.883+0000][1][safepoint    ] Entering safepoint region: Cleanup
[2019-06-24T10:14:02.883+0000][1][safepoint    ] Leaving safepoint region
[2019-06-24T10:14:02.883+0000][1][safepoint    ] Total time for which application threads were stopped: 0.0002325 seconds, Stopping threads took: 0.0000629 seconds
[2019-06-24T10:14:03.884+0000][1][safepoint    ] Application time: 1.0001891 seconds
[2019-06-24T10:14:03.884+0000][1][safepoint    ] Entering safepoint region: Cleanup
[2019-06-24T10:14:03.884+0000][1][safepoint    ] Leaving safepoint region
[2019-06-24T10:14:03.884+0000][1][safepoint    ] Total time for which application threads were stopped: 0.0002577 seconds, Stopping threads took: 0.0000935 seconds
[2019-06-24T10:14:04.884+0000][1][safepoint    ] Application time: 1.0002689 seconds
[2019-06-24T10:14:04.884+0000][1][safepoint    ] Entering safepoint region: Cleanup
[2019-06-24T10:14:04.885+0000][1][safepoint    ] Leaving safepoint region
[2019-06-24T10:14:04.885+0000][1][safepoint    ] Total time for which application threads were stopped: 0.0003022 seconds, Stopping threads took: 0.0001047 seconds
[2019-06-24T10:14:05.885+0000][1][safepoint    ] Application time: 1.0002485 seconds
[2019-06-24T10:14:05.885+0000][1][safepoint    ] Entering safepoint region: Cleanup
[2019-06-24T10:14:05.885+0000][1][safepoint    ] Leaving safepoint region
[2019-06-24T10:14:05.885+0000][1][safepoint    ] Total time for which application threads were stopped: 0.0002372 seconds, Stopping threads took: 0.0000623 seconds
[2019-06-24T10:14:06.886+0000][1][safepoint    ] Application time: 1.0002813 seconds
[2019-06-24T10:14:06.886+0000][1][safepoint    ] Entering safepoint region: Cleanup
[2019-06-24T10:14:06.886+0000][1][safepoint    ] Leaving safepoint region
[2019-06-24T10:14:06.886+0000][1][safepoint    ] Total time for which application threads were stopped: 0.0002320 seconds, Stopping threads took: 0.0000615 seconds
[2019-06-24T10:14:07.886+0000][1][safepoint    ] Application time: 1.0002702 seconds
[2019-06-24T10:14:07.886+0000][1][safepoint    ] Entering safepoint region: Cleanup
[2019-06-24T10:14:07.887+0000][1][safepoint    ] Leaving safepoint region
[2019-06-24T10:14:07.887+0000][1][safepoint    ] Total time for which application threads were stopped: 0.0003811 seconds, Stopping threads took: 0.0000618 seconds
[2019-06-24T10:14:08.887+0000][1][safepoint    ] Application time: 1.0002576 seconds
[2019-06-24T10:14:08.887+0000][1][safepoint    ] Entering safepoint region: Cleanup
[2019-06-24T10:14:08.887+0000][1][safepoint    ] Leaving safepoint region
[2019-06-24T10:14:08.887+0000][1][safepoint    ] Total time for which application threads were stopped: 0.0002515 seconds, Stopping threads took: 0.0000853 seconds
[2019-06-24T10:14:09.888+0000][1][safepoint    ] Application time: 1.0002600 seconds
[2019-06-24T10:14:09.888+0000][1][safepoint    ] Entering safepoint region: Cleanup
[2019-06-24T10:14:09.888+0000][1][safepoint    ] Leaving safepoint region
[2019-06-24T10:14:09.888+0000][1][safepoint    ] Total time for which application threads were stopped: 0.0002314 seconds, Stopping threads took: 0.0000618 seconds
[2019-06-24T10:14:10.888+0000][1][safepoint    ] Application time: 1.0002656 seconds
[2019-06-24T10:14:10.888+0000][1][safepoint    ] Entering safepoint region: Cleanup
[2019-06-24T10:14:10.889+0000][1][safepoint    ] Leaving safepoint region
[2019-06-24T10:14:10.889+0000][1][safepoint    ] Total time for which application threads were stopped: 0.0001160 seconds, Stopping threads took: 0.0000300 seconds
[2019-06-24T10:14:11.889+0000][1][safepoint    ] Application time: 1.0001326 seconds
[2019-06-24T10:14:11.889+0000][1][safepoint    ] Entering safepoint region: Cleanup
[2019-06-24T10:14:11.889+0000][1][safepoint    ] Leaving safepoint region
[2019-06-24T10:14:11.889+0000][1][safepoint    ] Total time for which application threads were stopped: 0.0002600 seconds, Stopping threads took: 0.0000652 seconds
[2019-06-24T10:14:12.889+0000][1][safepoint    ] Application time: 1.0002500 seconds
[2019-06-24T10:14:12.889+0000][1][safepoint    ] Entering safepoint region: Cleanup
[2019-06-24T10:14:12.890+0000][1][safepoint    ] Leaving safepoint region
[2019-06-24T10:14:12.890+0000][1][safepoint    ] Total time for which application threads were stopped: 0.0002342 seconds, Stopping threads took: 0.0000639 seconds
[2019-06-24T10:14:13.890+0000][1][safepoint    ] Application time: 1.0001964 seconds
[2019-06-24T10:14:13.890+0000][1][safepoint    ] Entering safepoint region: Cleanup
[2019-06-24T10:14:13.890+0000][1][safepoint    ] Leaving safepoint region
[2019-06-24T10:14:13.890+0000][1][safepoint    ] Total time for which application threads were stopped: 0.0002385 seconds, Stopping threads took: 0.0000648 seconds
[2019-06-24T10:14:14.891+0000][1][safepoint    ] Application time: 1.0002703 seconds
[2019-06-24T10:14:14.891+0000][1][safepoint    ] Entering safepoint region: Cleanup
[2019-06-24T10:14:14.891+0000][1][safepoint    ] Leaving safepoint region
[2019-06-24T10:14:14.891+0000][1][safepoint    ] Total time for which application threads were stopped: 0.0002338 seconds, Stopping threads took: 0.0000630 seconds
[2019-06-24T10:14:15.891+0000][1][safepoint    ] Application time: 1.0002735 seconds
[2019-06-24T10:14:15.891+0000][1][safepoint    ] Entering safepoint region: Cleanup
[2019-06-24T10:14:15.892+0000][1][safepoint    ] Leaving safepoint region
[2019-06-24T10:14:15.892+0000][1][safepoint    ] Total time for which application threads were stopped: 0.0003093 seconds, Stopping threads took: 0.0000956 seconds
[2019-06-24T10:14:16.892+0000][1][safepoint    ] Application time: 1.0002698 seconds
[2019-06-24T10:14:16.892+0000][1][safepoint    ] Entering safepoint region: Cleanup
[2019-06-24T10:14:16.892+0000][1][safepoint    ] Leaving safepoint region
[2019-06-24T10:14:16.892+0000][1][safepoint    ] Total time for which application threads were stopped: 0.0002666 seconds, Stopping threads took: 0.0000616 seconds
[2019-06-24T10:14:17.893+0000][1][safepoint    ] Application time: 1.0002688 seconds
[2019-06-24T10:14:17.893+0000][1][safepoint    ] Entering safepoint region: Cleanup
[2019-06-24T10:14:17.893+0000][1][safepoint    ] Leaving safepoint region
[2019-06-24T10:14:17.893+0000][1][safepoint    ] Total time for which application threads were stopped: 0.0002373 seconds, Stopping threads took: 0.0000623 seconds
[2019-06-24T10:14:18.893+0000][1][safepoint    ] Application time: 1.0002608 seconds
[2019-06-24T10:14:18.893+0000][1][safepoint    ] Entering safepoint region: Cleanup
[2019-06-24T10:14:18.894+0000][1][safepoint    ] Leaving safepoint region
[2019-06-24T10:14:18.894+0000][1][safepoint    ] Total time for which application threads were stopped: 0.0002327 seconds, Stopping threads took: 0.0000611 seconds
[2019-06-24T10:14:19.894+0000][1][safepoint    ] Application time: 1.0000940 seconds
[2019-06-24T10:14:19.894+0000][1][safepoint    ] Entering safepoint region: Cleanup
[2019-06-24T10:14:19.894+0000][1][safepoint    ] Leaving safepoint region
[2019-06-24T10:14:19.894+0000][1][safepoint    ] Total time for which application threads were stopped: 0.0001113 seconds, Stopping threads took: 0.0000378 seconds
[2019-06-24T10:14:20.894+0000][1][safepoint    ] Application time: 1.0002434 seconds
[2019-06-24T10:14:20.894+0000][1][safepoint    ] Entering safepoint region: Cleanup
[2019-06-24T10:14:20.895+0000][1][safepoint    ] Leaving safepoint region
[2019-06-24T10:14:20.895+0000][1][safepoint    ] Total time for which application threads were stopped: 0.0003386 seconds, Stopping threads took: 0.0000637 seconds
[2019-06-24T10:14:21.895+0000][1][safepoint    ] Application time: 1.0002154 seconds
[2019-06-24T10:14:21.895+0000][1][safepoint    ] Entering safepoint region: Cleanup
[2019-06-24T10:14:21.895+0000][1][safepoint    ] Leaving safepoint region
[2019-06-24T10:14:21.895+0000][1][safepoint    ] Total time for which application threads were stopped: 0.0002762 seconds, Stopping threads took: 0.0000632 seconds
[2019-06-24T10:14:22.896+0000][1][safepoint    ] Application time: 1.0002754 seconds
[2019-06-24T10:14:22.896+0000][1][safepoint    ] Entering safepoint region: Cleanup
[2019-06-24T10:14:22.896+0000][1][safepoint    ] Leaving safepoint region
[2019-06-24T10:14:22.896+0000][1][safepoint    ] Total time for which application threads were stopped: 0.0002325 seconds, Stopping threads took: 0.0000641 seconds
[2019-06-24T10:14:23.896+0000][1][safepoint    ] Application time: 1.0001229 seconds
[2019-06-24T10:14:23.896+0000][1][safepoint    ] Entering safepoint region: Cleanup
[2019-06-24T10:14:23.896+0000][1][safepoint    ] Leaving safepoint region
[2019-06-24T10:14:23.896+0000][1][safepoint    ] Total time for which application threads were stopped: 0.0002235 seconds, Stopping threads took: 0.0000575 seconds
[2019-06-24T10:14:24.897+0000][1][safepoint    ] Application time: 1.0002528 seconds
[2019-06-24T10:14:24.897+0000][1][safepoint    ] Entering safepoint region: Cleanup
[2019-06-24T10:14:24.897+0000][1][safepoint    ] Leaving safepoint region
[2019-06-24T10:14:24.897+0000][1][safepoint    ] Total time for which application threads were stopped: 0.0003466 seconds, Stopping threads took: 0.0001525 seconds
[2019-06-24T10:14:25.897+0000][1][safepoint    ] Application time: 1.0002585 seconds
[2019-06-24T10:14:25.898+0000][1][safepoint    ] Entering safepoint region: Cleanup
[2019-06-24T10:14:25.898+0000][1][safepoint    ] Leaving safepoint region
[2019-06-24T10:14:25.898+0000][1][safepoint    ] Total time for which application threads were stopped: 0.0002311 seconds, Stopping threads took: 0.0000619 seconds
[2019-06-24T10:14:26.898+0000][1][safepoint    ] Application time: 1.0002566 seconds
[2019-06-24T10:14:26.898+0000][1][safepoint    ] Entering safepoint region: Cleanup
[2019-06-24T10:14:26.898+0000][1][safepoint    ] Leaving safepoint region
[2019-06-24T10:14:26.898+0000][1][safepoint    ] Total time for which application threads were stopped: 0.0002756 seconds, Stopping threads took: 0.0000745 seconds
[2019-06-24T10:14:27.899+0000][1][safepoint    ] Application time: 1.0001396 seconds
[2019-06-24T10:14:27.899+0000][1][safepoint    ] Entering safepoint region: Cleanup
[2019-06-24T10:14:27.899+0000][1][safepoint    ] Leaving safepoint region
[2019-06-24T10:14:27.899+0000][1][safepoint    ] Total time for which application threads were stopped: 0.0002667 seconds, Stopping threads took: 0.0000771 seconds
[2019-06-24T10:14:28.899+0000][1][safepoint    ] Application time: 1.0002462 seconds
[2019-06-24T10:14:28.899+0000][1][safepoint    ] Entering safepoint region: Cleanup
[2019-06-24T10:14:28.900+0000][1][safepoint    ] Leaving safepoint region
[2019-06-24T10:14:28.900+0000][1][safepoint    ] Total time for which application threads were stopped: 0.0002780 seconds, Stopping threads took: 0.0000608 seconds
[2019-06-24T10:14:29.900+0000][1][safepoint    ] Application time: 1.0002192 seconds
[2019-06-24T10:14:29.900+0000][1][safepoint    ] Entering safepoint region: Cleanup
[2019-06-24T10:14:29.900+0000][1][safepoint    ] Leaving safepoint region
[2019-06-24T10:14:29.900+0000][1][safepoint    ] Total time for which application threads were stopped: 0.0002297 seconds, Stopping threads took: 0.0000611 seconds
[2019-06-24T10:14:30.900+0000][1][safepoint    ] Application time: 1.0001052 seconds
[2019-06-24T10:14:30.901+0000][1][safepoint    ] Entering safepoint region: Cleanup
[2019-06-24T10:14:30.901+0000][1][safepoint    ] Leaving safepoint region
[2019-06-24T10:14:30.901+0000][1][safepoint    ] Total time for which application threads were stopped: 0.0001181 seconds, Stopping threads took: 0.0000308 seconds
[2019-06-24T10:14:31.901+0000][1][safepoint    ] Application time: 1.0001787 seconds
[2019-06-24T10:14:31.901+0000][1][safepoint    ] Entering safepoint region: Cleanup
[2019-06-24T10:14:31.901+0000][1][safepoint    ] Leaving safepoint region
[2019-06-24T10:14:31.901+0000][1][safepoint    ] Total time for which application threads were stopped: 0.0002359 seconds, Stopping threads took: 0.0000661 seconds
[2019-06-24T10:14:32.901+0000][1][safepoint    ] Application time: 1.0002724 seconds
[2019-06-24T10:14:32.902+0000][1][safepoint    ] Entering safepoint region: Cleanup
[2019-06-24T10:14:32.902+0000][1][safepoint    ] Leaving safepoint region
[2019-06-24T10:14:32.902+0000][1][safepoint    ] Total time for which application threads were stopped: 0.0002294 seconds, Stopping threads took: 0.0000602 seconds
[2019-06-24T10:14:33.902+0000][1][safepoint    ] Application time: 1.0002690 seconds
[2019-06-24T10:14:33.902+0000][1][safepoint    ] Entering safepoint region: Cleanup
[2019-06-24T10:14:33.902+0000][1][safepoint    ] Leaving safepoint region
[2019-06-24T10:14:33.902+0000][1][safepoint    ] Total time for which application threads were stopped: 0.0002298 seconds, Stopping threads took: 0.0000618 seconds
[2019-06-24T10:14:34.903+0000][1][safepoint    ] Application time: 1.0002551 seconds
[2019-06-24T10:14:34.903+0000][1][safepoint    ] Entering safepoint region: Cleanup
[2019-06-24T10:14:34.903+0000][1][safepoint    ] Leaving safepoint region
[2019-06-24T10:14:34.903+0000][1][safepoint    ] Total time for which application threads were stopped: 0.0004012 seconds, Stopping threads took: 0.0001384 seconds
[2019-06-24T10:14:35.903+0000][1][safepoint    ] Application time: 1.0001025 seconds
[2019-06-24T10:14:35.903+0000][1][safepoint    ] Entering safepoint region: Cleanup
[2019-06-24T10:14:35.904+0000][1][safepoint    ] Leaving safepoint region
[2019-06-24T10:14:35.904+0000][1][safepoint    ] Total time for which application threads were stopped: 0.0001033 seconds, Stopping threads took: 0.0000267 seconds
[2019-06-24T10:14:36.904+0000][1][safepoint    ] Application time: 1.0002274 seconds
[2019-06-24T10:14:36.904+0000][1][safepoint    ] Entering safepoint region: Cleanup
[2019-06-24T10:14:36.904+0000][1][safepoint    ] Leaving safepoint region
[2019-06-24T10:14:36.904+0000][1][safepoint    ] Total time for which application threads were stopped: 0.0002351 seconds, Stopping threads took: 0.0000630 seconds
[2019-06-24T10:14:37.904+0000][1][safepoint    ] Application time: 1.0002700 seconds
[2019-06-24T10:14:37.905+0000][1][safepoint    ] Entering safepoint region: Cleanup
[2019-06-24T10:14:37.905+0000][1][safepoint    ] Leaving safepoint region
[2019-06-24T10:14:37.905+0000][1][safepoint    ] Total time for which application threads were stopped: 0.0002750 seconds, Stopping threads took: 0.0000751 seconds
[2019-06-24T10:14:38.905+0000][1][safepoint    ] Application time: 1.0002097 seconds
[2019-06-24T10:14:38.905+0000][1][safepoint    ] Entering safepoint region: Cleanup
[2019-06-24T10:14:38.905+0000][1][safepoint    ] Leaving safepoint region
[2019-06-24T10:14:38.905+0000][1][safepoint    ] Total time for which application threads were stopped: 0.0002240 seconds, Stopping threads took: 0.0000643 seconds
[2019-06-24T10:14:39.906+0000][1][safepoint    ] Application time: 1.0002635 seconds
[2019-06-24T10:14:39.906+0000][1][safepoint    ] Entering safepoint region: Cleanup
[2019-06-24T10:14:39.906+0000][1][safepoint    ] Leaving safepoint region
[2019-06-24T10:14:39.906+0000][1][safepoint    ] Total time for which application threads were stopped: 0.0002602 seconds, Stopping threads took: 0.0000926 seconds
[2019-06-24T10:14:40.906+0000][1][safepoint    ] Application time: 1.0001445 seconds
[2019-06-24T10:14:40.906+0000][1][safepoint    ] Entering safepoint region: Cleanup
[2019-06-24T10:14:40.906+0000][1][safepoint    ] Leaving safepoint region
[2019-06-24T10:14:40.906+0000][1][safepoint    ] Total time for which application threads were stopped: 0.0000751 seconds, Stopping threads took: 0.0000208 seconds
[2019-06-24T10:14:41.907+0000][1][safepoint    ] Application time: 1.0002415 seconds
[2019-06-24T10:14:41.907+0000][1][safepoint    ] Entering safepoint region: Cleanup
[2019-06-24T10:14:41.907+0000][1][safepoint    ] Leaving safepoint region
[2019-06-24T10:14:41.907+0000][1][safepoint    ] Total time for which application threads were stopped: 0.0003104 seconds, Stopping threads took: 0.0001067 seconds
[2019-06-24T10:14:42.907+0000][1][safepoint    ] Application time: 1.0002708 seconds
[2019-06-24T10:14:42.907+0000][1][safepoint    ] Entering safepoint region: Cleanup
[2019-06-24T10:14:42.908+0000][1][safepoint    ] Leaving safepoint region
[2019-06-24T10:14:42.908+0000][1][safepoint    ] Total time for which application threads were stopped: 0.0003100 seconds, Stopping threads took: 0.0001053 seconds
[2019-06-24T10:14:43.908+0000][1][safepoint    ] Application time: 1.0002594 seconds
[2019-06-24T10:14:43.908+0000][1][safepoint    ] Entering safepoint region: Cleanup
[2019-06-24T10:14:43.908+0000][1][safepoint    ] Leaving safepoint region
[2019-06-24T10:14:43.908+0000][1][safepoint    ] Total time for which application threads were stopped: 0.0002357 seconds, Stopping threads took: 0.0000626 seconds
[2019-06-24T10:14:44.909+0000][1][safepoint    ] Application time: 1.0002414 seconds
[2019-06-24T10:14:44.909+0000][1][safepoint    ] Entering safepoint region: Cleanup
[2019-06-24T10:14:44.909+0000][1][safepoint    ] Leaving safepoint region
[2019-06-24T10:14:44.909+0000][1][safepoint    ] Total time for which application threads were stopped: 0.0001346 seconds, Stopping threads took: 0.0000532 seconds
[2019-06-24T10:14:45.909+0000][1][safepoint    ] Application time: 1.0001707 seconds
[2019-06-24T10:14:45.909+0000][1][safepoint    ] Entering safepoint region: Cleanup
[2019-06-24T10:14:45.909+0000][1][safepoint    ] Leaving safepoint region
[2019-06-24T10:14:45.909+0000][1][safepoint    ] Total time for which application threads were stopped: 0.0002332 seconds, Stopping threads took: 0.0000547 seconds
[2019-06-24T10:14:46.910+0000][1][safepoint    ] Application time: 1.0001022 seconds
[2019-06-24T10:14:46.910+0000][1][safepoint    ] Entering safepoint region: Cleanup
[2019-06-24T10:14:46.910+0000][1][safepoint    ] Leaving safepoint region
[2019-06-24T10:14:46.910+0000][1][safepoint    ] Total time for which application threads were stopped: 0.0001012 seconds, Stopping threads took: 0.0000256 seconds
[2019-06-24T10:14:47.910+0000][1][safepoint    ] Application time: 1.0001675 seconds
[2019-06-24T10:14:47.910+0000][1][safepoint    ] Entering safepoint region: Cleanup
[2019-06-24T10:14:47.910+0000][1][safepoint    ] Leaving safepoint region
[2019-06-24T10:14:47.910+0000][1][safepoint    ] Total time for which application threads were stopped: 0.0002496 seconds, Stopping threads took: 0.0000779 seconds
[2019-06-24T10:14:48.911+0000][1][safepoint    ] Application time: 1.0003330 seconds
[2019-06-24T10:14:48.911+0000][1][safepoint    ] Entering safepoint region: Cleanup
[2019-06-24T10:14:48.911+0000][1][safepoint    ] Leaving safepoint region
[2019-06-24T10:14:48.911+0000][1][safepoint    ] Total time for which application threads were stopped: 0.0002322 seconds, Stopping threads took: 0.0000620 seconds
[2019-06-24T10:14:49.911+0000][1][safepoint    ] Application time: 1.0002504 seconds
[2019-06-24T10:14:49.911+0000][1][safepoint    ] Entering safepoint region: Cleanup
[2019-06-24T10:14:49.911+0000][1][safepoint    ] Leaving safepoint region
[2019-06-24T10:14:49.912+0000][1][safepoint    ] Total time for which application threads were stopped: 0.0002308 seconds, Stopping threads took: 0.0000622 seconds
[2019-06-24T10:14:50.912+0000][1][safepoint    ] Application time: 1.0001602 seconds
[2019-06-24T10:14:50.912+0000][1][safepoint    ] Entering safepoint region: Cleanup
[2019-06-24T10:14:50.912+0000][1][safepoint    ] Leaving safepoint region
[2019-06-24T10:14:50.912+0000][1][safepoint    ] Total time for which application threads were stopped: 0.0001946 seconds, Stopping threads took: 0.0000532 seconds
[2019-06-24T10:14:51.912+0000][1][safepoint    ] Application time: 1.0002317 seconds
[2019-06-24T10:14:51.912+0000][1][safepoint    ] Entering safepoint region: Cleanup
[2019-06-24T10:14:51.913+0000][1][safepoint    ] Leaving safepoint region
[2019-06-24T10:14:51.913+0000][1][safepoint    ] Total time for which application threads were stopped: 0.0002440 seconds, Stopping threads took: 0.0000657 seconds
[2019-06-24T10:14:52.913+0000][1][safepoint    ] Application time: 1.0000998 seconds
[2019-06-24T10:14:52.913+0000][1][safepoint    ] Entering safepoint region: Cleanup
[2019-06-24T10:14:52.913+0000][1][safepoint    ] Leaving safepoint region
[2019-06-24T10:14:52.913+0000][1][safepoint    ] Total time for which application threads were stopped: 0.0000976 seconds, Stopping threads took: 0.0000244 seconds
[2019-06-24T10:14:53.913+0000][1][safepoint    ] Application time: 1.0002436 seconds
[2019-06-24T10:14:53.913+0000][1][safepoint    ] Entering safepoint region: Cleanup
[2019-06-24T10:14:53.913+0000][1][safepoint    ] Leaving safepoint region
[2019-06-24T10:14:53.913+0000][1][safepoint    ] Total time for which application threads were stopped: 0.0002346 seconds, Stopping threads took: 0.0000610 seconds
[2019-06-24T10:14:54.914+0000][1][safepoint    ] Application time: 1.0002765 seconds
[2019-06-24T10:14:54.914+0000][1][safepoint    ] Entering safepoint region: Cleanup
[2019-06-24T10:14:54.914+0000][1][safepoint    ] Leaving safepoint region
[2019-06-24T10:14:54.914+0000][1][safepoint    ] Total time for which application threads were stopped: 0.0003002 seconds, Stopping threads took: 0.0000949 seconds
[2019-06-24T10:14:55.915+0000][1][safepoint    ] Application time: 1.0003107 seconds
[2019-06-24T10:14:55.915+0000][1][safepoint    ] Entering safepoint region: Cleanup
[2019-06-24T10:14:55.915+0000][1][safepoint    ] Leaving safepoint region
[2019-06-24T10:14:55.915+0000][1][safepoint    ] Total time for which application threads were stopped: 0.0001213 seconds, Stopping threads took: 0.0000396 seconds
[2019-06-24T10:14:56.915+0000][1][safepoint    ] Application time: 1.0001133 seconds
[2019-06-24T10:14:56.915+0000][1][safepoint    ] Entering safepoint region: Cleanup
[2019-06-24T10:14:56.915+0000][1][safepoint    ] Leaving safepoint region
[2019-06-24T10:14:56.915+0000][1][safepoint    ] Total time for which application threads were stopped: 0.0002179 seconds, Stopping threads took: 0.0000584 seconds
[2019-06-24T10:14:57.915+0000][1][safepoint    ] Application time: 1.0002507 seconds
[2019-06-24T10:14:57.916+0000][1][safepoint    ] Entering safepoint region: Cleanup
[2019-06-24T10:14:57.916+0000][1][safepoint    ] Leaving safepoint region
[2019-06-24T10:14:57.916+0000][1][safepoint    ] Total time for which application threads were stopped: 0.0002071 seconds, Stopping threads took: 0.0000556 seconds
[2019-06-24T10:14:59.892+0000][1][safepoint    ] Application time: 1.9764486 seconds
[2019-06-24T10:14:59.892+0000][1][safepoint    ] Entering safepoint region: Cleanup
[2019-06-24T10:14:59.892+0000][1][safepoint    ] Leaving safepoint region
[2019-06-24T10:14:59.892+0000][1][safepoint    ] Total time for which application threads were stopped: 0.0001260 seconds, Stopping threads took: 0.0000332 seconds
[2019-06-24T10:15:00.893+0000][1][safepoint    ] Application time: 1.0002448 seconds
[2019-06-24T10:15:00.893+0000][1][safepoint    ] Entering safepoint region: Cleanup
[2019-06-24T10:15:00.893+0000][1][safepoint    ] Leaving safepoint region
[2019-06-24T10:15:00.893+0000][1][safepoint    ] Total time for which application threads were stopped: 0.0003109 seconds, Stopping threads took: 0.0000616 seconds
[2019-06-24T10:15:01.531+0000][1][safepoint    ] Application time: 0.6379805 seconds
[2019-06-24T10:15:01.531+0000][1][safepoint    ] Entering safepoint region: GenCollectForAllocation
[2019-06-24T10:15:01.532+0000][1][gc,start     ] GC(28) Pause Young (Allocation Failure)
[2019-06-24T10:15:01.532+0000][1][gc,task      ] GC(28) Using 5 workers of 8 for evacuation
[2019-06-24T10:15:01.538+0000][1][gc,age       ] GC(28) Desired survivor size 4456448 bytes, new threshold 6 (max threshold 6)
[2019-06-24T10:15:01.539+0000][1][gc,age       ] GC(28) Age table with threshold 6 (max threshold 6)
[2019-06-24T10:15:01.539+0000][1][gc,age       ] GC(28) - age   1:       6248 bytes,       6248 total
[2019-06-24T10:15:01.539+0000][1][gc,age       ] GC(28) - age   2:      90720 bytes,      96968 total
[2019-06-24T10:15:01.539+0000][1][gc,age       ] GC(28) - age   3:       2792 bytes,      99760 total
[2019-06-24T10:15:01.539+0000][1][gc,age       ] GC(28) - age   4:       5704 bytes,     105464 total
[2019-06-24T10:15:01.539+0000][1][gc,age       ] GC(28) - age   5:      96984 bytes,     202448 total
[2019-06-24T10:15:01.539+0000][1][gc,age       ] GC(28) - age   6:      12992 bytes,     215440 total
[2019-06-24T10:15:01.539+0000][1][gc,heap      ] GC(28) ParNew: 73888K->2517K(78656K)
[2019-06-24T10:15:01.539+0000][1][gc,heap      ] GC(28) CMS: 67070K->69448K(174784K)
[2019-06-24T10:15:01.539+0000][1][gc,metaspace ] GC(28) Metaspace: 68003K->68003K(1112064K)
[2019-06-24T10:15:01.539+0000][1][gc           ] GC(28) Pause Young (Allocation Failure) 137M->70M(247M) 7.089ms
[2019-06-24T10:15:01.539+0000][1][gc,cpu       ] GC(28) User=0.03s Sys=0.00s Real=0.01s
[2019-06-24T10:15:01.539+0000][1][safepoint    ] Leaving safepoint region
[2019-06-24T10:15:01.539+0000][1][safepoint    ] Total time for which application threads were stopped: 0.0074659 seconds, Stopping threads took: 0.0000607 seconds
[2019-06-24T10:15:02.539+0000][1][safepoint    ] Application time: 1.0001180 seconds
[2019-06-24T10:15:02.539+0000][1][safepoint    ] Entering safepoint region: Cleanup
[2019-06-24T10:15:02.539+0000][1][safepoint    ] Leaving safepoint region
[2019-06-24T10:15:02.539+0000][1][safepoint    ] Total time for which application threads were stopped: 0.0001704 seconds, Stopping threads took: 0.0000441 seconds
[2019-06-24T10:15:03.539+0000][1][safepoint    ] Application time: 1.0002216 seconds
[2019-06-24T10:15:03.539+0000][1][safepoint    ] Entering safepoint region: Cleanup
[2019-06-24T10:15:03.540+0000][1][safepoint    ] Leaving safepoint region
[2019-06-24T10:15:03.540+0000][1][safepoint    ] Total time for which application threads were stopped: 0.0001735 seconds, Stopping threads took: 0.0000454 seconds
[2019-06-24T10:15:04.540+0000][1][safepoint    ] Application time: 1.0002054 seconds
[2019-06-24T10:15:04.540+0000][1][safepoint    ] Entering safepoint region: Cleanup
[2019-06-24T10:15:04.540+0000][1][safepoint    ] Leaving safepoint region
[2019-06-24T10:15:04.540+0000][1][safepoint    ] Total time for which application threads were stopped: 0.0001837 seconds, Stopping threads took: 0.0000494 seconds
[2019-06-24T10:15:05.540+0000][1][safepoint    ] Application time: 1.0002538 seconds
[2019-06-24T10:15:05.541+0000][1][safepoint    ] Entering safepoint region: Cleanup
[2019-06-24T10:15:05.541+0000][1][safepoint    ] Leaving safepoint region
[2019-06-24T10:15:05.541+0000][1][safepoint    ] Total time for which application threads were stopped: 0.0002283 seconds, Stopping threads took: 0.0000621 seconds
[2019-06-24T10:15:06.541+0000][1][safepoint    ] Application time: 1.0002534 seconds
[2019-06-24T10:15:06.541+0000][1][safepoint    ] Entering safepoint region: Cleanup
[2019-06-24T10:15:06.541+0000][1][safepoint    ] Leaving safepoint region
[2019-06-24T10:15:06.541+0000][1][safepoint    ] Total time for which application threads were stopped: 0.0002072 seconds, Stopping threads took: 0.0000546 seconds
[2019-06-24T10:15:07.542+0000][1][safepoint    ] Application time: 1.0002611 seconds
[2019-06-24T10:15:07.542+0000][1][safepoint    ] Entering safepoint region: Cleanup
[2019-06-24T10:15:07.542+0000][1][safepoint    ] Leaving safepoint region
[2019-06-24T10:15:07.542+0000][1][safepoint    ] Total time for which application threads were stopped: 0.0002305 seconds, Stopping threads took: 0.0000612 seconds
[2019-06-24T10:15:08.542+0000][1][safepoint    ] Application time: 1.0002600 seconds
[2019-06-24T10:15:08.542+0000][1][safepoint    ] Entering safepoint region: Cleanup
[2019-06-24T10:15:08.543+0000][1][safepoint    ] Leaving safepoint region
[2019-06-24T10:15:08.543+0000][1][safepoint    ] Total time for which application threads were stopped: 0.0003312 seconds, Stopping threads took: 0.0000623 seconds
[2019-06-24T10:15:09.543+0000][1][safepoint    ] Application time: 1.0001389 seconds
[2019-06-24T10:15:09.543+0000][1][safepoint    ] Entering safepoint region: Cleanup
[2019-06-24T10:15:09.543+0000][1][safepoint    ] Leaving safepoint region
[2019-06-24T10:15:09.543+0000][1][safepoint    ] Total time for which application threads were stopped: 0.0002119 seconds, Stopping threads took: 0.0000558 seconds
[2019-06-24T10:15:10.543+0000][1][safepoint    ] Application time: 1.0002471 seconds
[2019-06-24T10:15:10.544+0000][1][safepoint    ] Entering safepoint region: Cleanup
[2019-06-24T10:15:10.544+0000][1][safepoint    ] Leaving safepoint region
[2019-06-24T10:15:10.544+0000][1][safepoint    ] Total time for which application threads were stopped: 0.0001591 seconds, Stopping threads took: 0.0000539 seconds
[2019-06-24T10:15:11.544+0000][1][safepoint    ] Application time: 1.0002541 seconds
[2019-06-24T10:15:11.544+0000][1][safepoint    ] Entering safepoint region: Cleanup
[2019-06-24T10:15:11.544+0000][1][safepoint    ] Leaving safepoint region
[2019-06-24T10:15:11.544+0000][1][safepoint    ] Total time for which application threads were stopped: 0.0002344 seconds, Stopping threads took: 0.0000649 seconds
[2019-06-24T10:15:12.545+0000][1][safepoint    ] Application time: 1.0002540 seconds
[2019-06-24T10:15:12.545+0000][1][safepoint    ] Entering safepoint region: Cleanup
[2019-06-24T10:15:12.545+0000][1][safepoint    ] Leaving safepoint region
[2019-06-24T10:15:12.545+0000][1][safepoint    ] Total time for which application threads were stopped: 0.0003984 seconds, Stopping threads took: 0.0002013 seconds
[2019-06-24T10:15:13.546+0000][1][safepoint    ] Application time: 1.0002492 seconds
[2019-06-24T10:15:13.546+0000][1][safepoint    ] Entering safepoint region: Cleanup
[2019-06-24T10:15:13.546+0000][1][safepoint    ] Leaving safepoint region
[2019-06-24T10:15:13.546+0000][1][safepoint    ] Total time for which application threads were stopped: 0.0002370 seconds, Stopping threads took: 0.0000536 seconds
[2019-06-24T10:15:14.546+0000][1][safepoint    ] Application time: 1.0002515 seconds
[2019-06-24T10:15:14.546+0000][1][safepoint    ] Entering safepoint region: Cleanup
[2019-06-24T10:15:14.546+0000][1][safepoint    ] Leaving safepoint region
[2019-06-24T10:15:14.546+0000][1][safepoint    ] Total time for which application threads were stopped: 0.0001624 seconds, Stopping threads took: 0.0000380 seconds
[2019-06-24T10:15:15.547+0000][1][safepoint    ] Application time: 1.0001586 seconds
[2019-06-24T10:15:15.547+0000][1][safepoint    ] Entering safepoint region: Cleanup
[2019-06-24T10:15:15.547+0000][1][safepoint    ] Leaving safepoint region
[2019-06-24T10:15:15.547+0000][1][safepoint    ] Total time for which application threads were stopped: 0.0003000 seconds, Stopping threads took: 0.0000615 seconds
[2019-06-24T10:15:17.538+0000][1][safepoint    ] Application time: 1.9908058 seconds
[2019-06-24T10:15:17.538+0000][1][safepoint    ] Entering safepoint region: Cleanup
[2019-06-24T10:15:17.538+0000][1][safepoint    ] Leaving safepoint region
[2019-06-24T10:15:17.538+0000][1][safepoint    ] Total time for which application threads were stopped: 0.0001958 seconds, Stopping threads took: 0.0000505 seconds
[2019-06-24T10:15:18.538+0000][1][safepoint    ] Application time: 1.0002619 seconds
[2019-06-24T10:15:18.539+0000][1][safepoint    ] Entering safepoint region: Cleanup
[2019-06-24T10:15:18.539+0000][1][safepoint    ] Leaving safepoint region
[2019-06-24T10:15:18.539+0000][1][safepoint    ] Total time for which application threads were stopped: 0.0002527 seconds, Stopping threads took: 0.0000831 seconds
[2019-06-24T10:15:19.539+0000][1][safepoint    ] Application time: 1.0001504 seconds
[2019-06-24T10:15:19.539+0000][1][safepoint    ] Entering safepoint region: Cleanup
[2019-06-24T10:15:19.539+0000][1][safepoint    ] Leaving safepoint region
[2019-06-24T10:15:19.539+0000][1][safepoint    ] Total time for which application threads were stopped: 0.0000913 seconds, Stopping threads took: 0.0000240 seconds
[2019-06-24T10:15:20.539+0000][1][safepoint    ] Application time: 1.0002104 seconds
[2019-06-24T10:15:20.539+0000][1][safepoint    ] Entering safepoint region: Cleanup
[2019-06-24T10:15:20.540+0000][1][safepoint    ] Leaving safepoint region
[2019-06-24T10:15:20.540+0000][1][safepoint    ] Total time for which application threads were stopped: 0.0002506 seconds, Stopping threads took: 0.0000873 seconds
[2019-06-24T10:15:21.540+0000][1][safepoint    ] Application time: 1.0001998 seconds
[2019-06-24T10:15:21.540+0000][1][safepoint    ] Entering safepoint region: Cleanup
[2019-06-24T10:15:21.540+0000][1][safepoint    ] Leaving safepoint region
[2019-06-24T10:15:21.540+0000][1][safepoint    ] Total time for which application threads were stopped: 0.0002392 seconds, Stopping threads took: 0.0000636 seconds
[2019-06-24T10:15:22.541+0000][1][safepoint    ] Application time: 1.0002080 seconds
[2019-06-24T10:15:22.541+0000][1][safepoint    ] Entering safepoint region: Cleanup
[2019-06-24T10:15:22.541+0000][1][safepoint    ] Leaving safepoint region
[2019-06-24T10:15:22.541+0000][1][safepoint    ] Total time for which application threads were stopped: 0.0003850 seconds, Stopping threads took: 0.0001599 seconds
[2019-06-24T10:15:23.541+0000][1][safepoint    ] Application time: 1.0002849 seconds
[2019-06-24T10:15:23.542+0000][1][safepoint    ] Entering safepoint region: Cleanup
[2019-06-24T10:15:23.542+0000][1][safepoint    ] Leaving safepoint region
[2019-06-24T10:15:23.542+0000][1][safepoint    ] Total time for which application threads were stopped: 0.0002446 seconds, Stopping threads took: 0.0000640 seconds
[2019-06-24T10:15:24.542+0000][1][safepoint    ] Application time: 1.0003063 seconds
[2019-06-24T10:15:24.542+0000][1][safepoint    ] Entering safepoint region: Cleanup
[2019-06-24T10:15:24.542+0000][1][safepoint    ] Leaving safepoint region
[2019-06-24T10:15:24.542+0000][1][safepoint    ] Total time for which application threads were stopped: 0.0001099 seconds, Stopping threads took: 0.0000273 seconds
[2019-06-24T10:15:25.542+0000][1][safepoint    ] Application time: 1.0001186 seconds
[2019-06-24T10:15:25.543+0000][1][safepoint    ] Entering safepoint region: Cleanup
[2019-06-24T10:15:25.543+0000][1][safepoint    ] Leaving safepoint region
[2019-06-24T10:15:25.543+0000][1][safepoint    ] Total time for which application threads were stopped: 0.0002357 seconds, Stopping threads took: 0.0000705 seconds
[2019-06-24T10:15:26.543+0000][1][safepoint    ] Application time: 1.0001975 seconds
[2019-06-24T10:15:26.543+0000][1][safepoint    ] Entering safepoint region: Cleanup
[2019-06-24T10:15:26.543+0000][1][safepoint    ] Leaving safepoint region
[2019-06-24T10:15:26.543+0000][1][safepoint    ] Total time for which application threads were stopped: 0.0002074 seconds, Stopping threads took: 0.0000552 seconds
[2019-06-24T10:15:27.544+0000][1][safepoint    ] Application time: 1.0002359 seconds
[2019-06-24T10:15:27.544+0000][1][safepoint    ] Entering safepoint region: Cleanup
[2019-06-24T10:15:27.544+0000][1][safepoint    ] Leaving safepoint region
[2019-06-24T10:15:27.544+0000][1][safepoint    ] Total time for which application threads were stopped: 0.0002316 seconds, Stopping threads took: 0.0000617 seconds
[2019-06-24T10:15:28.544+0000][1][safepoint    ] Application time: 1.0001796 seconds
[2019-06-24T10:15:28.544+0000][1][safepoint    ] Entering safepoint region: Cleanup
[2019-06-24T10:15:28.544+0000][1][safepoint    ] Leaving safepoint region
[2019-06-24T10:15:28.544+0000][1][safepoint    ] Total time for which application threads were stopped: 0.0002307 seconds, Stopping threads took: 0.0000620 seconds
[2019-06-24T10:15:29.545+0000][1][safepoint    ] Application time: 1.0002737 seconds
[2019-06-24T10:15:29.545+0000][1][safepoint    ] Entering safepoint region: Cleanup
[2019-06-24T10:15:29.545+0000][1][safepoint    ] Leaving safepoint region
[2019-06-24T10:15:29.545+0000][1][safepoint    ] Total time for which application threads were stopped: 0.0001269 seconds, Stopping threads took: 0.0000335 seconds
[2019-06-24T10:15:30.545+0000][1][safepoint    ] Application time: 1.0001896 seconds
[2019-06-24T10:15:30.545+0000][1][safepoint    ] Entering safepoint region: Cleanup
[2019-06-24T10:15:30.545+0000][1][safepoint    ] Leaving safepoint region
[2019-06-24T10:15:30.545+0000][1][safepoint    ] Total time for which application threads were stopped: 0.0002031 seconds, Stopping threads took: 0.0000544 seconds
[2019-06-24T10:15:31.546+0000][1][safepoint    ] Application time: 1.0001523 seconds
[2019-06-24T10:15:31.546+0000][1][safepoint    ] Entering safepoint region: Cleanup
[2019-06-24T10:15:31.546+0000][1][safepoint    ] Leaving safepoint region
[2019-06-24T10:15:31.546+0000][1][safepoint    ] Total time for which application threads were stopped: 0.0002220 seconds, Stopping threads took: 0.0000610 seconds
[2019-06-24T10:15:32.546+0000][1][safepoint    ] Application time: 1.0001567 seconds
[2019-06-24T10:15:32.546+0000][1][safepoint    ] Entering safepoint region: Cleanup
[2019-06-24T10:15:32.547+0000][1][safepoint    ] Leaving safepoint region
[2019-06-24T10:15:32.547+0000][1][safepoint    ] Total time for which application threads were stopped: 0.0003847 seconds, Stopping threads took: 0.0000811 seconds
[2019-06-24T10:15:33.547+0000][1][safepoint    ] Application time: 1.0001717 seconds
[2019-06-24T10:15:33.547+0000][1][safepoint    ] Entering safepoint region: Cleanup
[2019-06-24T10:15:33.547+0000][1][safepoint    ] Leaving safepoint region
[2019-06-24T10:15:33.547+0000][1][safepoint    ] Total time for which application threads were stopped: 0.0002511 seconds, Stopping threads took: 0.0000644 seconds
[2019-06-24T10:15:34.548+0000][1][safepoint    ] Application time: 1.0002497 seconds
[2019-06-24T10:15:34.548+0000][1][safepoint    ] Entering safepoint region: Cleanup
[2019-06-24T10:15:34.548+0000][1][safepoint    ] Leaving safepoint region
[2019-06-24T10:15:34.548+0000][1][safepoint    ] Total time for which application threads were stopped: 0.0001148 seconds, Stopping threads took: 0.0000293 seconds
[2019-06-24T10:15:35.548+0000][1][safepoint    ] Application time: 1.0002172 seconds
[2019-06-24T10:15:35.548+0000][1][safepoint    ] Entering safepoint region: Cleanup
[2019-06-24T10:15:35.548+0000][1][safepoint    ] Leaving safepoint region
[2019-06-24T10:15:35.548+0000][1][safepoint    ] Total time for which application threads were stopped: 0.0002324 seconds, Stopping threads took: 0.0000620 seconds
[2019-06-24T10:15:36.549+0000][1][safepoint    ] Application time: 1.0002310 seconds
[2019-06-24T10:15:36.550+0000][1][safepoint    ] Entering safepoint region: Cleanup
[2019-06-24T10:15:36.550+0000][1][safepoint    ] Leaving safepoint region
[2019-06-24T10:15:36.550+0000][1][safepoint    ] Total time for which application threads were stopped: 0.0002579 seconds, Stopping threads took: 0.0000948 seconds
[2019-06-24T10:15:37.550+0000][1][safepoint    ] Application time: 1.0001981 seconds
[2019-06-24T10:15:37.550+0000][1][safepoint    ] Entering safepoint region: Cleanup
[2019-06-24T10:15:37.550+0000][1][safepoint    ] Leaving safepoint region
[2019-06-24T10:15:37.550+0000][1][safepoint    ] Total time for which application threads were stopped: 0.0002337 seconds, Stopping threads took: 0.0000641 seconds
[2019-06-24T10:15:38.551+0000][1][safepoint    ] Application time: 1.0002611 seconds
[2019-06-24T10:15:38.551+0000][1][safepoint    ] Entering safepoint region: Cleanup
[2019-06-24T10:15:38.551+0000][1][safepoint    ] Leaving safepoint region
[2019-06-24T10:15:38.551+0000][1][safepoint    ] Total time for which application threads were stopped: 0.0002183 seconds, Stopping threads took: 0.0000569 seconds
[2019-06-24T10:15:39.551+0000][1][safepoint    ] Application time: 1.0001911 seconds
[2019-06-24T10:15:39.551+0000][1][safepoint    ] Entering safepoint region: Cleanup
[2019-06-24T10:15:39.551+0000][1][safepoint    ] Leaving safepoint region
[2019-06-24T10:15:39.551+0000][1][safepoint    ] Total time for which application threads were stopped: 0.0002451 seconds, Stopping threads took: 0.0000577 seconds
[2019-06-24T10:15:40.552+0000][1][safepoint    ] Application time: 1.0002654 seconds
[2019-06-24T10:15:40.552+0000][1][safepoint    ] Entering safepoint region: Cleanup
[2019-06-24T10:15:40.552+0000][1][safepoint    ] Leaving safepoint region
[2019-06-24T10:15:40.552+0000][1][safepoint    ] Total time for which application threads were stopped: 0.0002313 seconds, Stopping threads took: 0.0000622 seconds
[2019-06-24T10:15:41.552+0000][1][safepoint    ] Application time: 1.0002591 seconds
[2019-06-24T10:15:41.553+0000][1][safepoint    ] Entering safepoint region: Cleanup
[2019-06-24T10:15:41.553+0000][1][safepoint    ] Leaving safepoint region
[2019-06-24T10:15:41.553+0000][1][safepoint    ] Total time for which application threads were stopped: 0.0002395 seconds, Stopping threads took: 0.0000628 seconds
[2019-06-24T10:15:42.553+0000][1][safepoint    ] Application time: 1.0002423 seconds
[2019-06-24T10:15:42.553+0000][1][safepoint    ] Entering safepoint region: Cleanup
[2019-06-24T10:15:42.553+0000][1][safepoint    ] Leaving safepoint region
[2019-06-24T10:15:42.553+0000][1][safepoint    ] Total time for which application threads were stopped: 0.0002450 seconds, Stopping threads took: 0.0000697 seconds
[2019-06-24T10:15:43.554+0000][1][safepoint    ] Application time: 1.0002476 seconds
[2019-06-24T10:15:43.554+0000][1][safepoint    ] Entering safepoint region: Cleanup
[2019-06-24T10:15:43.554+0000][1][safepoint    ] Leaving safepoint region
[2019-06-24T10:15:43.554+0000][1][safepoint    ] Total time for which application threads were stopped: 0.0002445 seconds, Stopping threads took: 0.0000700 seconds
[2019-06-24T10:15:44.554+0000][1][safepoint    ] Application time: 1.0001955 seconds
[2019-06-24T10:15:44.554+0000][1][safepoint    ] Entering safepoint region: Cleanup
[2019-06-24T10:15:44.555+0000][1][safepoint    ] Leaving safepoint region
[2019-06-24T10:15:44.555+0000][1][safepoint    ] Total time for which application threads were stopped: 0.0002976 seconds, Stopping threads took: 0.0001193 seconds
[2019-06-24T10:15:45.555+0000][1][safepoint    ] Application time: 1.0001361 seconds
[2019-06-24T10:15:45.555+0000][1][safepoint    ] Entering safepoint region: Cleanup
[2019-06-24T10:15:45.555+0000][1][safepoint    ] Leaving safepoint region
[2019-06-24T10:15:45.555+0000][1][safepoint    ] Total time for which application threads were stopped: 0.0002745 seconds, Stopping threads took: 0.0000789 seconds
[2019-06-24T10:15:46.556+0000][1][safepoint    ] Application time: 1.0002331 seconds
[2019-06-24T10:15:46.556+0000][1][safepoint    ] Entering safepoint region: Cleanup
[2019-06-24T10:15:46.556+0000][1][safepoint    ] Leaving safepoint region
[2019-06-24T10:15:46.556+0000][1][safepoint    ] Total time for which application threads were stopped: 0.0003078 seconds, Stopping threads took: 0.0001051 seconds
[2019-06-24T10:15:47.622+0000][1][safepoint    ] Application time: 1.0655308 seconds
[2019-06-24T10:15:47.622+0000][1][safepoint    ] Entering safepoint region: Cleanup
[2019-06-24T10:15:47.622+0000][1][safepoint    ] Leaving safepoint region
[2019-06-24T10:15:47.622+0000][1][safepoint    ] Total time for which application threads were stopped: 0.0002761 seconds, Stopping threads took: 0.0000948 seconds
[2019-06-24T10:15:48.622+0000][1][safepoint    ] Application time: 1.0001406 seconds
[2019-06-24T10:15:48.622+0000][1][safepoint    ] Entering safepoint region: Cleanup
[2019-06-24T10:15:48.622+0000][1][safepoint    ] Leaving safepoint region
[2019-06-24T10:15:48.622+0000][1][safepoint    ] Total time for which application threads were stopped: 0.0001053 seconds, Stopping threads took: 0.0000365 seconds
[2019-06-24T10:15:49.623+0000][1][safepoint    ] Application time: 1.0002258 seconds
[2019-06-24T10:15:49.623+0000][1][safepoint    ] Entering safepoint region: Cleanup
[2019-06-24T10:15:49.623+0000][1][safepoint    ] Leaving safepoint region
[2019-06-24T10:15:49.623+0000][1][safepoint    ] Total time for which application threads were stopped: 0.0002734 seconds, Stopping threads took: 0.0000936 seconds
[2019-06-24T10:15:50.623+0000][1][safepoint    ] Application time: 1.0002426 seconds
[2019-06-24T10:15:50.623+0000][1][safepoint    ] Entering safepoint region: Cleanup
[2019-06-24T10:15:50.623+0000][1][safepoint    ] Leaving safepoint region
[2019-06-24T10:15:50.624+0000][1][safepoint    ] Total time for which application threads were stopped: 0.0002776 seconds, Stopping threads took: 0.0000924 seconds
[2019-06-24T10:15:51.624+0000][1][safepoint    ] Application time: 1.0002008 seconds
[2019-06-24T10:15:51.624+0000][1][safepoint    ] Entering safepoint region: Cleanup
[2019-06-24T10:15:51.624+0000][1][safepoint    ] Leaving safepoint region
[2019-06-24T10:15:51.624+0000][1][safepoint    ] Total time for which application threads were stopped: 0.0002408 seconds, Stopping threads took: 0.0000646 seconds
[2019-06-24T10:15:52.624+0000][1][safepoint    ] Application time: 1.0002615 seconds
[2019-06-24T10:15:52.625+0000][1][safepoint    ] Entering safepoint region: Cleanup
[2019-06-24T10:15:52.625+0000][1][safepoint    ] Leaving safepoint region
[2019-06-24T10:15:52.625+0000][1][safepoint    ] Total time for which application threads were stopped: 0.0002314 seconds, Stopping threads took: 0.0000610 seconds
[2019-06-24T10:15:53.625+0000][1][safepoint    ] Application time: 1.0002609 seconds
[2019-06-24T10:15:53.625+0000][1][safepoint    ] Entering safepoint region: Cleanup
[2019-06-24T10:15:53.625+0000][1][safepoint    ] Leaving safepoint region
[2019-06-24T10:15:53.625+0000][1][safepoint    ] Total time for which application threads were stopped: 0.0002244 seconds, Stopping threads took: 0.0000627 seconds
[2019-06-24T10:15:54.626+0000][1][safepoint    ] Application time: 1.0002668 seconds
[2019-06-24T10:15:54.626+0000][1][safepoint    ] Entering safepoint region: Cleanup
[2019-06-24T10:15:54.626+0000][1][safepoint    ] Leaving safepoint region
[2019-06-24T10:15:54.626+0000][1][safepoint    ] Total time for which application threads were stopped: 0.0002297 seconds, Stopping threads took: 0.0000628 seconds
[2019-06-24T10:15:55.626+0000][1][safepoint    ] Application time: 1.0002642 seconds
[2019-06-24T10:15:55.627+0000][1][safepoint    ] Entering safepoint region: Cleanup
[2019-06-24T10:15:55.627+0000][1][safepoint    ] Leaving safepoint region
[2019-06-24T10:15:55.627+0000][1][safepoint    ] Total time for which application threads were stopped: 0.0002622 seconds, Stopping threads took: 0.0000944 seconds
[2019-06-24T10:15:56.627+0000][1][safepoint    ] Application time: 1.0002241 seconds
[2019-06-24T10:15:56.627+0000][1][safepoint    ] Entering safepoint region: Cleanup
[2019-06-24T10:15:56.627+0000][1][safepoint    ] Leaving safepoint region
[2019-06-24T10:15:56.627+0000][1][safepoint    ] Total time for which application threads were stopped: 0.0002477 seconds, Stopping threads took: 0.0000636 seconds
[2019-06-24T10:15:57.628+0000][1][safepoint    ] Application time: 1.0001070 seconds
[2019-06-24T10:15:57.628+0000][1][safepoint    ] Entering safepoint region: Cleanup
[2019-06-24T10:15:57.628+0000][1][safepoint    ] Leaving safepoint region
[2019-06-24T10:15:57.628+0000][1][safepoint    ] Total time for which application threads were stopped: 0.0001166 seconds, Stopping threads took: 0.0000305 seconds
[2019-06-24T10:15:58.628+0000][1][safepoint    ] Application time: 1.0002445 seconds
[2019-06-24T10:15:58.628+0000][1][safepoint    ] Entering safepoint region: Cleanup
[2019-06-24T10:15:58.628+0000][1][safepoint    ] Leaving safepoint region
[2019-06-24T10:15:58.628+0000][1][safepoint    ] Total time for which application threads were stopped: 0.0002288 seconds, Stopping threads took: 0.0000631 seconds
[2019-06-24T10:15:59.629+0000][1][safepoint    ] Application time: 1.0002617 seconds
[2019-06-24T10:15:59.629+0000][1][safepoint    ] Entering safepoint region: Cleanup
[2019-06-24T10:15:59.629+0000][1][safepoint    ] Leaving safepoint region
[2019-06-24T10:15:59.629+0000][1][safepoint    ] Total time for which application threads were stopped: 0.0002206 seconds, Stopping threads took: 0.0000619 seconds
[2019-06-24T10:16:00.629+0000][1][safepoint    ] Application time: 1.0002396 seconds
[2019-06-24T10:16:00.629+0000][1][safepoint    ] Entering safepoint region: Cleanup
[2019-06-24T10:16:00.630+0000][1][safepoint    ] Leaving safepoint region
[2019-06-24T10:16:00.630+0000][1][safepoint    ] Total time for which application threads were stopped: 0.0002375 seconds, Stopping threads took: 0.0000618 seconds
[2019-06-24T10:16:01.630+0000][1][safepoint    ] Application time: 1.0003299 seconds
[2019-06-24T10:16:01.630+0000][1][safepoint    ] Entering safepoint region: Cleanup
[2019-06-24T10:16:01.630+0000][1][safepoint    ] Leaving safepoint region
[2019-06-24T10:16:01.630+0000][1][safepoint    ] Total time for which application threads were stopped: 0.0002286 seconds, Stopping threads took: 0.0000620 seconds
[2019-06-24T10:16:02.631+0000][1][safepoint    ] Application time: 1.0001742 seconds
[2019-06-24T10:16:02.631+0000][1][safepoint    ] Entering safepoint region: Cleanup
[2019-06-24T10:16:02.631+0000][1][safepoint    ] Leaving safepoint region
[2019-06-24T10:16:02.631+0000][1][safepoint    ] Total time for which application threads were stopped: 0.0000840 seconds, Stopping threads took: 0.0000234 seconds
[2019-06-24T10:16:03.631+0000][1][safepoint    ] Application time: 1.0001074 seconds
[2019-06-24T10:16:03.631+0000][1][safepoint    ] Entering safepoint region: Cleanup
[2019-06-24T10:16:03.631+0000][1][safepoint    ] Leaving safepoint region
[2019-06-24T10:16:03.631+0000][1][safepoint    ] Total time for which application threads were stopped: 0.0001972 seconds, Stopping threads took: 0.0000544 seconds
[2019-06-24T10:16:04.631+0000][1][safepoint    ] Application time: 1.0001731 seconds
[2019-06-24T10:16:04.631+0000][1][safepoint    ] Entering safepoint region: Cleanup
[2019-06-24T10:16:04.632+0000][1][safepoint    ] Leaving safepoint region
[2019-06-24T10:16:04.632+0000][1][safepoint    ] Total time for which application threads were stopped: 0.0002055 seconds, Stopping threads took: 0.0000551 seconds
[2019-06-24T10:16:05.632+0000][1][safepoint    ] Application time: 1.0002596 seconds
[2019-06-24T10:16:05.632+0000][1][safepoint    ] Entering safepoint region: Cleanup
[2019-06-24T10:16:05.632+0000][1][safepoint    ] Leaving safepoint region
[2019-06-24T10:16:05.632+0000][1][safepoint    ] Total time for which application threads were stopped: 0.0002315 seconds, Stopping threads took: 0.0000635 seconds
[2019-06-24T10:16:06.632+0000][1][safepoint    ] Application time: 1.0002625 seconds
[2019-06-24T10:16:06.633+0000][1][safepoint    ] Entering safepoint region: Cleanup
[2019-06-24T10:16:06.633+0000][1][safepoint    ] Leaving safepoint region
[2019-06-24T10:16:06.633+0000][1][safepoint    ] Total time for which application threads were stopped: 0.0002589 seconds, Stopping threads took: 0.0000975 seconds
[2019-06-24T10:16:07.633+0000][1][safepoint    ] Application time: 1.0002402 seconds
[2019-06-24T10:16:07.633+0000][1][safepoint    ] Entering safepoint region: Cleanup
[2019-06-24T10:16:07.633+0000][1][safepoint    ] Leaving safepoint region
[2019-06-24T10:16:07.633+0000][1][safepoint    ] Total time for which application threads were stopped: 0.0002287 seconds, Stopping threads took: 0.0000627 seconds
[2019-06-24T10:16:08.634+0000][1][safepoint    ] Application time: 1.0001408 seconds
[2019-06-24T10:16:08.634+0000][1][safepoint    ] Entering safepoint region: Cleanup
[2019-06-24T10:16:08.634+0000][1][safepoint    ] Leaving safepoint region
[2019-06-24T10:16:08.634+0000][1][safepoint    ] Total time for which application threads were stopped: 0.0000809 seconds, Stopping threads took: 0.0000212 seconds
[2019-06-24T10:16:09.634+0000][1][safepoint    ] Application time: 1.0002489 seconds
[2019-06-24T10:16:09.634+0000][1][safepoint    ] Entering safepoint region: Cleanup
[2019-06-24T10:16:09.634+0000][1][safepoint    ] Leaving safepoint region
[2019-06-24T10:16:09.634+0000][1][safepoint    ] Total time for which application threads were stopped: 0.0002303 seconds, Stopping threads took: 0.0000646 seconds
[2019-06-24T10:16:10.657+0000][1][safepoint    ] Application time: 1.0221996 seconds
[2019-06-24T10:16:10.657+0000][1][safepoint    ] Entering safepoint region: Cleanup
[2019-06-24T10:16:10.657+0000][1][safepoint    ] Leaving safepoint region
[2019-06-24T10:16:10.657+0000][1][safepoint    ] Total time for which application threads were stopped: 0.0002485 seconds, Stopping threads took: 0.0000777 seconds
[2019-06-24T10:16:11.657+0000][1][safepoint    ] Application time: 1.0001618 seconds
[2019-06-24T10:16:11.657+0000][1][safepoint    ] Entering safepoint region: Cleanup
[2019-06-24T10:16:11.657+0000][1][safepoint    ] Leaving safepoint region
[2019-06-24T10:16:11.657+0000][1][safepoint    ] Total time for which application threads were stopped: 0.0000868 seconds, Stopping threads took: 0.0000227 seconds
[2019-06-24T10:16:12.658+0000][1][safepoint    ] Application time: 1.0002474 seconds
[2019-06-24T10:16:12.658+0000][1][safepoint    ] Entering safepoint region: Cleanup
[2019-06-24T10:16:12.658+0000][1][safepoint    ] Leaving safepoint region
[2019-06-24T10:16:12.658+0000][1][safepoint    ] Total time for which application threads were stopped: 0.0002218 seconds, Stopping threads took: 0.0000623 seconds
[2019-06-24T10:16:13.658+0000][1][safepoint    ] Application time: 1.0002554 seconds
[2019-06-24T10:16:13.658+0000][1][safepoint    ] Entering safepoint region: Cleanup
[2019-06-24T10:16:13.659+0000][1][safepoint    ] Leaving safepoint region
[2019-06-24T10:16:13.659+0000][1][safepoint    ] Total time for which application threads were stopped: 0.0003277 seconds, Stopping threads took: 0.0000974 seconds
[2019-06-24T10:16:14.659+0000][1][safepoint    ] Application time: 1.0000937 seconds
[2019-06-24T10:16:14.659+0000][1][safepoint    ] Entering safepoint region: Cleanup
[2019-06-24T10:16:14.659+0000][1][safepoint    ] Leaving safepoint region
[2019-06-24T10:16:14.659+0000][1][safepoint    ] Total time for which application threads were stopped: 0.0000835 seconds, Stopping threads took: 0.0000296 seconds
[2019-06-24T10:16:15.659+0000][1][safepoint    ] Application time: 1.0001583 seconds
[2019-06-24T10:16:15.659+0000][1][safepoint    ] Entering safepoint region: Cleanup
[2019-06-24T10:16:15.659+0000][1][safepoint    ] Leaving safepoint region
[2019-06-24T10:16:15.659+0000][1][safepoint    ] Total time for which application threads were stopped: 0.0002089 seconds, Stopping threads took: 0.0000583 seconds
[2019-06-24T10:16:16.660+0000][1][safepoint    ] Application time: 1.0001874 seconds
[2019-06-24T10:16:16.660+0000][1][safepoint    ] Entering safepoint region: Cleanup
[2019-06-24T10:16:16.660+0000][1][safepoint    ] Leaving safepoint region
[2019-06-24T10:16:16.660+0000][1][safepoint    ] Total time for which application threads were stopped: 0.0003206 seconds, Stopping threads took: 0.0001494 seconds
[2019-06-24T10:16:17.660+0000][1][safepoint    ] Application time: 1.0002634 seconds
[2019-06-24T10:16:17.660+0000][1][safepoint    ] Entering safepoint region: Cleanup
[2019-06-24T10:16:17.661+0000][1][safepoint    ] Leaving safepoint region
[2019-06-24T10:16:17.661+0000][1][safepoint    ] Total time for which application threads were stopped: 0.0002015 seconds, Stopping threads took: 0.0000545 seconds
[2019-06-24T10:16:18.661+0000][1][safepoint    ] Application time: 1.0002582 seconds
[2019-06-24T10:16:18.661+0000][1][safepoint    ] Entering safepoint region: Cleanup
[2019-06-24T10:16:18.661+0000][1][safepoint    ] Leaving safepoint region
[2019-06-24T10:16:18.661+0000][1][safepoint    ] Total time for which application threads were stopped: 0.0002306 seconds, Stopping threads took: 0.0000620 seconds
[2019-06-24T10:16:19.661+0000][1][safepoint    ] Application time: 1.0002644 seconds
[2019-06-24T10:16:19.662+0000][1][safepoint    ] Entering safepoint region: Cleanup
[2019-06-24T10:16:19.662+0000][1][safepoint    ] Leaving safepoint region
[2019-06-24T10:16:19.662+0000][1][safepoint    ] Total time for which application threads were stopped: 0.0002178 seconds, Stopping threads took: 0.0000625 seconds
[2019-06-24T10:16:20.662+0000][1][safepoint    ] Application time: 1.0002079 seconds
[2019-06-24T10:16:20.662+0000][1][safepoint    ] Entering safepoint region: Cleanup
[2019-06-24T10:16:20.662+0000][1][safepoint    ] Leaving safepoint region
[2019-06-24T10:16:20.662+0000][1][safepoint    ] Total time for which application threads were stopped: 0.0002143 seconds, Stopping threads took: 0.0000626 seconds
[2019-06-24T10:16:21.663+0000][1][safepoint    ] Application time: 1.0001386 seconds
[2019-06-24T10:16:21.663+0000][1][safepoint    ] Entering safepoint region: Cleanup
[2019-06-24T10:16:21.663+0000][1][safepoint    ] Leaving safepoint region
[2019-06-24T10:16:21.663+0000][1][safepoint    ] Total time for which application threads were stopped: 0.0000761 seconds, Stopping threads took: 0.0000198 seconds
[2019-06-24T10:16:22.663+0000][1][safepoint    ] Application time: 1.0002402 seconds
[2019-06-24T10:16:22.663+0000][1][safepoint    ] Entering safepoint region: Cleanup
[2019-06-24T10:16:22.663+0000][1][safepoint    ] Leaving safepoint region
[2019-06-24T10:16:22.663+0000][1][safepoint    ] Total time for which application threads were stopped: 0.0001923 seconds, Stopping threads took: 0.0000550 seconds
[2019-06-24T10:16:23.663+0000][1][safepoint    ] Application time: 1.0002589 seconds
[2019-06-24T10:16:23.664+0000][1][safepoint    ] Entering safepoint region: Cleanup
[2019-06-24T10:16:23.664+0000][1][safepoint    ] Leaving safepoint region
[2019-06-24T10:16:23.664+0000][1][safepoint    ] Total time for which application threads were stopped: 0.0002491 seconds, Stopping threads took: 0.0000950 seconds
[2019-06-24T10:16:24.664+0000][1][safepoint    ] Application time: 1.0001377 seconds
[2019-06-24T10:16:24.664+0000][1][safepoint    ] Entering safepoint region: Cleanup
[2019-06-24T10:16:24.664+0000][1][safepoint    ] Leaving safepoint region
[2019-06-24T10:16:24.664+0000][1][safepoint    ] Total time for which application threads were stopped: 0.0000746 seconds, Stopping threads took: 0.0000212 seconds
[2019-06-24T10:16:25.664+0000][1][safepoint    ] Application time: 1.0002385 seconds
[2019-06-24T10:16:25.664+0000][1][safepoint    ] Entering safepoint region: Cleanup
[2019-06-24T10:16:25.665+0000][1][safepoint    ] Leaving safepoint region
[2019-06-24T10:16:25.665+0000][1][safepoint    ] Total time for which application threads were stopped: 0.0002124 seconds, Stopping threads took: 0.0000612 seconds
[2019-06-24T10:16:26.665+0000][1][safepoint    ] Application time: 1.0001994 seconds
[2019-06-24T10:16:26.665+0000][1][safepoint    ] Entering safepoint region: Cleanup
[2019-06-24T10:16:26.665+0000][1][safepoint    ] Leaving safepoint region
[2019-06-24T10:16:26.665+0000][1][safepoint    ] Total time for which application threads were stopped: 0.0003889 seconds, Stopping threads took: 0.0002424 seconds
[2019-06-24T10:16:27.666+0000][1][safepoint    ] Application time: 1.0002833 seconds
[2019-06-24T10:16:27.666+0000][1][safepoint    ] Entering safepoint region: Cleanup
[2019-06-24T10:16:27.666+0000][1][safepoint    ] Leaving safepoint region
[2019-06-24T10:16:27.666+0000][1][safepoint    ] Total time for which application threads were stopped: 0.0002202 seconds, Stopping threads took: 0.0000618 seconds
[2019-06-24T10:16:28.666+0000][1][safepoint    ] Application time: 1.0002627 seconds
[2019-06-24T10:16:28.666+0000][1][safepoint    ] Entering safepoint region: Cleanup
[2019-06-24T10:16:28.667+0000][1][safepoint    ] Leaving safepoint region
[2019-06-24T10:16:28.667+0000][1][safepoint    ] Total time for which application threads were stopped: 0.0002961 seconds, Stopping threads took: 0.0001371 seconds
[2019-06-24T10:16:29.667+0000][1][safepoint    ] Application time: 1.0001456 seconds
[2019-06-24T10:16:29.667+0000][1][safepoint    ] Entering safepoint region: Cleanup
[2019-06-24T10:16:29.667+0000][1][safepoint    ] Leaving safepoint region
[2019-06-24T10:16:29.667+0000][1][safepoint    ] Total time for which application threads were stopped: 0.0001973 seconds, Stopping threads took: 0.0000536 seconds
[2019-06-24T10:16:30.667+0000][1][safepoint    ] Application time: 1.0002642 seconds
[2019-06-24T10:16:30.668+0000][1][safepoint    ] Entering safepoint region: Cleanup
[2019-06-24T10:16:30.668+0000][1][safepoint    ] Leaving safepoint region
[2019-06-24T10:16:30.668+0000][1][safepoint    ] Total time for which application threads were stopped: 0.0001156 seconds, Stopping threads took: 0.0000390 seconds
[2019-06-24T10:16:31.668+0000][1][safepoint    ] Application time: 1.0002416 seconds
[2019-06-24T10:16:31.668+0000][1][safepoint    ] Entering safepoint region: Cleanup
[2019-06-24T10:16:31.668+0000][1][safepoint    ] Leaving safepoint region
[2019-06-24T10:16:31.668+0000][1][safepoint    ] Total time for which application threads were stopped: 0.0002243 seconds, Stopping threads took: 0.0000606 seconds
[2019-06-24T10:16:32.668+0000][1][safepoint    ] Application time: 1.0001389 seconds
[2019-06-24T10:16:32.668+0000][1][safepoint    ] Entering safepoint region: Cleanup
[2019-06-24T10:16:32.669+0000][1][safepoint    ] Leaving safepoint region
[2019-06-24T10:16:32.669+0000][1][safepoint    ] Total time for which application threads were stopped: 0.0000698 seconds, Stopping threads took: 0.0000193 seconds
[2019-06-24T10:16:33.669+0000][1][safepoint    ] Application time: 1.0002479 seconds
[2019-06-24T10:16:33.669+0000][1][safepoint    ] Entering safepoint region: Cleanup
[2019-06-24T10:16:33.669+0000][1][safepoint    ] Leaving safepoint region
[2019-06-24T10:16:33.669+0000][1][safepoint    ] Total time for which application threads were stopped: 0.0002513 seconds, Stopping threads took: 0.0000943 seconds
[2019-06-24T10:16:34.669+0000][1][safepoint    ] Application time: 1.0002558 seconds
[2019-06-24T10:16:34.670+0000][1][safepoint    ] Entering safepoint region: Cleanup
[2019-06-24T10:16:34.670+0000][1][safepoint    ] Leaving safepoint region
[2019-06-24T10:16:34.670+0000][1][safepoint    ] Total time for which application threads were stopped: 0.0001879 seconds, Stopping threads took: 0.0000524 seconds
[2019-06-24T10:16:35.670+0000][1][safepoint    ] Application time: 1.0002557 seconds
[2019-06-24T10:16:35.670+0000][1][safepoint    ] Entering safepoint region: Cleanup
[2019-06-24T10:16:35.670+0000][1][safepoint    ] Leaving safepoint region
[2019-06-24T10:16:35.670+0000][1][safepoint    ] Total time for which application threads were stopped: 0.0002160 seconds, Stopping threads took: 0.0000613 seconds
[2019-06-24T10:16:36.671+0000][1][safepoint    ] Application time: 1.0003155 seconds
[2019-06-24T10:16:36.671+0000][1][safepoint    ] Entering safepoint region: Cleanup
[2019-06-24T10:16:36.671+0000][1][safepoint    ] Leaving safepoint region
[2019-06-24T10:16:36.671+0000][1][safepoint    ] Total time for which application threads were stopped: 0.0002144 seconds, Stopping threads took: 0.0000617 seconds
[2019-06-24T10:16:37.671+0000][1][safepoint    ] Application time: 1.0002425 seconds
[2019-06-24T10:16:37.671+0000][1][safepoint    ] Entering safepoint region: Cleanup
[2019-06-24T10:16:37.672+0000][1][safepoint    ] Leaving safepoint region
[2019-06-24T10:16:37.672+0000][1][safepoint    ] Total time for which application threads were stopped: 0.0002395 seconds, Stopping threads took: 0.0000929 seconds
[2019-06-24T10:16:38.672+0000][1][safepoint    ] Application time: 1.0002486 seconds
[2019-06-24T10:16:38.672+0000][1][safepoint    ] Entering safepoint region: Cleanup
[2019-06-24T10:16:38.672+0000][1][safepoint    ] Leaving safepoint region
[2019-06-24T10:16:38.672+0000][1][safepoint    ] Total time for which application threads were stopped: 0.0002151 seconds, Stopping threads took: 0.0000617 seconds
[2019-06-24T10:16:39.672+0000][1][safepoint    ] Application time: 1.0002580 seconds
[2019-06-24T10:16:39.673+0000][1][safepoint    ] Entering safepoint region: Cleanup
[2019-06-24T10:16:39.673+0000][1][safepoint    ] Leaving safepoint region
[2019-06-24T10:16:39.673+0000][1][safepoint    ] Total time for which application threads were stopped: 0.0002162 seconds, Stopping threads took: 0.0000620 seconds
[2019-06-24T10:16:40.673+0000][1][safepoint    ] Application time: 1.0002109 seconds
[2019-06-24T10:16:40.673+0000][1][safepoint    ] Entering safepoint region: Cleanup
[2019-06-24T10:16:40.673+0000][1][safepoint    ] Leaving safepoint region
[2019-06-24T10:16:40.673+0000][1][safepoint    ] Total time for which application threads were stopped: 0.0001830 seconds, Stopping threads took: 0.0000536 seconds
[2019-06-24T10:16:41.673+0000][1][safepoint    ] Application time: 1.0001112 seconds
[2019-06-24T10:16:41.674+0000][1][safepoint    ] Entering safepoint region: Cleanup
[2019-06-24T10:16:41.674+0000][1][safepoint    ] Leaving safepoint region
[2019-06-24T10:16:41.674+0000][1][safepoint    ] Total time for which application threads were stopped: 0.0001806 seconds, Stopping threads took: 0.0000652 seconds
[2019-06-24T10:16:42.674+0000][1][safepoint    ] Application time: 1.0002337 seconds
[2019-06-24T10:16:42.674+0000][1][safepoint    ] Entering safepoint region: Cleanup
[2019-06-24T10:16:42.674+0000][1][safepoint    ] Leaving safepoint region
[2019-06-24T10:16:42.674+0000][1][safepoint    ] Total time for which application threads were stopped: 0.0001949 seconds, Stopping threads took: 0.0000554 seconds
[2019-06-24T10:16:43.675+0000][1][safepoint    ] Application time: 1.0002602 seconds
[2019-06-24T10:16:43.675+0000][1][safepoint    ] Entering safepoint region: Cleanup
[2019-06-24T10:16:43.675+0000][1][safepoint    ] Leaving safepoint region
[2019-06-24T10:16:43.675+0000][1][safepoint    ] Total time for which application threads were stopped: 0.0002556 seconds, Stopping threads took: 0.0000633 seconds
[2019-06-24T10:16:44.675+0000][1][safepoint    ] Application time: 1.0002151 seconds
[2019-06-24T10:16:44.675+0000][1][safepoint    ] Entering safepoint region: Cleanup
[2019-06-24T10:16:44.675+0000][1][safepoint    ] Leaving safepoint region
[2019-06-24T10:16:44.675+0000][1][safepoint    ] Total time for which application threads were stopped: 0.0001906 seconds, Stopping threads took: 0.0000551 seconds
[2019-06-24T10:16:45.676+0000][1][safepoint    ] Application time: 1.0002589 seconds
[2019-06-24T10:16:45.676+0000][1][safepoint    ] Entering safepoint region: Cleanup
[2019-06-24T10:16:45.676+0000][1][safepoint    ] Leaving safepoint region
[2019-06-24T10:16:45.676+0000][1][safepoint    ] Total time for which application threads were stopped: 0.0002134 seconds, Stopping threads took: 0.0000612 seconds
[2019-06-24T10:16:46.676+0000][1][safepoint    ] Application time: 1.0002577 seconds
[2019-06-24T10:16:46.676+0000][1][safepoint    ] Entering safepoint region: Cleanup
[2019-06-24T10:16:46.677+0000][1][safepoint    ] Leaving safepoint region
[2019-06-24T10:16:46.677+0000][1][safepoint    ] Total time for which application threads were stopped: 0.0002142 seconds, Stopping threads took: 0.0000608 seconds
[2019-06-24T10:16:47.677+0000][1][safepoint    ] Application time: 1.0002570 seconds
[2019-06-24T10:16:47.677+0000][1][safepoint    ] Entering safepoint region: Cleanup
[2019-06-24T10:16:47.677+0000][1][safepoint    ] Leaving safepoint region
[2019-06-24T10:16:47.677+0000][1][safepoint    ] Total time for which application threads were stopped: 0.0002171 seconds, Stopping threads took: 0.0000613 seconds
[2019-06-24T10:16:48.677+0000][1][safepoint    ] Application time: 1.0001763 seconds
[2019-06-24T10:16:48.678+0000][1][safepoint    ] Entering safepoint region: Cleanup
[2019-06-24T10:16:48.678+0000][1][safepoint    ] Leaving safepoint region
[2019-06-24T10:16:48.678+0000][1][safepoint    ] Total time for which application threads were stopped: 0.0001883 seconds, Stopping threads took: 0.0000537 seconds
[2019-06-24T10:16:49.678+0000][1][safepoint    ] Application time: 1.0001944 seconds
[2019-06-24T10:16:49.678+0000][1][safepoint    ] Entering safepoint region: Cleanup
[2019-06-24T10:16:49.678+0000][1][safepoint    ] Leaving safepoint region
[2019-06-24T10:16:49.678+0000][1][safepoint    ] Total time for which application threads were stopped: 0.0003086 seconds, Stopping threads took: 0.0001484 seconds
[2019-06-24T10:16:50.679+0000][1][safepoint    ] Application time: 1.0002993 seconds
[2019-06-24T10:16:50.679+0000][1][safepoint    ] Entering safepoint region: Cleanup
[2019-06-24T10:16:50.679+0000][1][safepoint    ] Leaving safepoint region
[2019-06-24T10:16:50.679+0000][1][safepoint    ] Total time for which application threads were stopped: 0.0002269 seconds, Stopping threads took: 0.0000633 seconds
[2019-06-24T10:16:51.679+0000][1][safepoint    ] Application time: 1.0002626 seconds
[2019-06-24T10:16:51.680+0000][1][safepoint    ] Entering safepoint region: Cleanup
[2019-06-24T10:16:51.680+0000][1][safepoint    ] Leaving safepoint region
[2019-06-24T10:16:51.680+0000][1][safepoint    ] Total time for which application threads were stopped: 0.0002180 seconds, Stopping threads took: 0.0000627 seconds
[2019-06-24T10:16:52.680+0000][1][safepoint    ] Application time: 1.0002581 seconds
[2019-06-24T10:16:52.680+0000][1][safepoint    ] Entering safepoint region: Cleanup
[2019-06-24T10:16:52.680+0000][1][safepoint    ] Leaving safepoint region
[2019-06-24T10:16:52.680+0000][1][safepoint    ] Total time for which application threads were stopped: 0.0002160 seconds, Stopping threads took: 0.0000611 seconds
[2019-06-24T10:16:53.681+0000][1][safepoint    ] Application time: 1.0002451 seconds
[2019-06-24T10:16:53.681+0000][1][safepoint    ] Entering safepoint region: Cleanup
[2019-06-24T10:16:53.681+0000][1][safepoint    ] Leaving safepoint region
[2019-06-24T10:16:53.681+0000][1][safepoint    ] Total time for which application threads were stopped: 0.0002194 seconds, Stopping threads took: 0.0000541 seconds
[2019-06-24T10:16:54.681+0000][1][safepoint    ] Application time: 1.0002234 seconds
[2019-06-24T10:16:54.681+0000][1][safepoint    ] Entering safepoint region: Cleanup
[2019-06-24T10:16:54.681+0000][1][safepoint    ] Leaving safepoint region
[2019-06-24T10:16:54.681+0000][1][safepoint    ] Total time for which application threads were stopped: 0.0001858 seconds, Stopping threads took: 0.0000531 seconds
[2019-06-24T10:16:55.682+0000][1][safepoint    ] Application time: 1.0002659 seconds
[2019-06-24T10:16:55.682+0000][1][safepoint    ] Entering safepoint region: Cleanup
[2019-06-24T10:16:55.682+0000][1][safepoint    ] Leaving safepoint region
[2019-06-24T10:16:55.682+0000][1][safepoint    ] Total time for which application threads were stopped: 0.0002143 seconds, Stopping threads took: 0.0000608 seconds
[2019-06-24T10:16:56.682+0000][1][safepoint    ] Application time: 1.0002723 seconds
[2019-06-24T10:16:56.683+0000][1][safepoint    ] Entering safepoint region: Cleanup
[2019-06-24T10:16:56.683+0000][1][safepoint    ] Leaving safepoint region
[2019-06-24T10:16:56.683+0000][1][safepoint    ] Total time for which application threads were stopped: 0.0002560 seconds, Stopping threads took: 0.0000969 seconds
[2019-06-24T10:16:57.683+0000][1][safepoint    ] Application time: 1.0002387 seconds
[2019-06-24T10:16:57.683+0000][1][safepoint    ] Entering safepoint region: Cleanup
[2019-06-24T10:16:57.683+0000][1][safepoint    ] Leaving safepoint region
[2019-06-24T10:16:57.683+0000][1][safepoint    ] Total time for which application threads were stopped: 0.0001904 seconds, Stopping threads took: 0.0000543 seconds
[2019-06-24T10:16:58.684+0000][1][safepoint    ] Application time: 1.0002418 seconds
[2019-06-24T10:16:58.684+0000][1][safepoint    ] Entering safepoint region: Cleanup
[2019-06-24T10:16:58.684+0000][1][safepoint    ] Leaving safepoint region
[2019-06-24T10:16:58.684+0000][1][safepoint    ] Total time for which application threads were stopped: 0.0002444 seconds, Stopping threads took: 0.0000594 seconds
[2019-06-24T10:16:59.684+0000][1][safepoint    ] Application time: 1.0002445 seconds
[2019-06-24T10:16:59.684+0000][1][safepoint    ] Entering safepoint region: Cleanup
[2019-06-24T10:16:59.685+0000][1][safepoint    ] Leaving safepoint region
[2019-06-24T10:16:59.685+0000][1][safepoint    ] Total time for which application threads were stopped: 0.0001833 seconds, Stopping threads took: 0.0000535 seconds
[2019-06-24T10:17:00.685+0000][1][safepoint    ] Application time: 1.0002539 seconds
[2019-06-24T10:17:00.685+0000][1][safepoint    ] Entering safepoint region: Cleanup
[2019-06-24T10:17:00.685+0000][1][safepoint    ] Leaving safepoint region
[2019-06-24T10:17:00.685+0000][1][safepoint    ] Total time for which application threads were stopped: 0.0002162 seconds, Stopping threads took: 0.0000616 seconds
[2019-06-24T10:17:01.686+0000][1][safepoint    ] Application time: 1.0002590 seconds
[2019-06-24T10:17:01.686+0000][1][safepoint    ] Entering safepoint region: Cleanup
[2019-06-24T10:17:01.686+0000][1][safepoint    ] Leaving safepoint region
[2019-06-24T10:17:01.686+0000][1][safepoint    ] Total time for which application threads were stopped: 0.0002103 seconds, Stopping threads took: 0.0000621 seconds
[2019-06-24T10:17:01.706+0000][1][safepoint    ] Application time: 0.0204629 seconds
[2019-06-24T10:17:01.706+0000][1][safepoint    ] Entering safepoint region: GenCollectForAllocation
[2019-06-24T10:17:01.707+0000][1][gc,start     ] GC(29) Pause Young (Allocation Failure)
[2019-06-24T10:17:01.707+0000][1][gc,task      ] GC(29) Using 5 workers of 8 for evacuation
[2019-06-24T10:17:01.708+0000][1][gc,age       ] GC(29) Desired survivor size 4456448 bytes, new threshold 6 (max threshold 6)
[2019-06-24T10:17:01.708+0000][1][gc,age       ] GC(29) Age table with threshold 6 (max threshold 6)
[2019-06-24T10:17:01.708+0000][1][gc,age       ] GC(29) - age   1:       7696 bytes,       7696 total
[2019-06-24T10:17:01.708+0000][1][gc,age       ] GC(29) - age   2:       2688 bytes,      10384 total
[2019-06-24T10:17:01.708+0000][1][gc,age       ] GC(29) - age   3:      81648 bytes,      92032 total
[2019-06-24T10:17:01.708+0000][1][gc,age       ] GC(29) - age   4:       2792 bytes,      94824 total
[2019-06-24T10:17:01.708+0000][1][gc,age       ] GC(29) - age   5:       5704 bytes,     100528 total
[2019-06-24T10:17:01.708+0000][1][gc,age       ] GC(29) - age   6:      96984 bytes,     197512 total
[2019-06-24T10:17:01.708+0000][1][gc,heap      ] GC(29) ParNew: 72469K->668K(78656K)
[2019-06-24T10:17:01.708+0000][1][gc,heap      ] GC(29) CMS: 69448K->69461K(174784K)
[2019-06-24T10:17:01.708+0000][1][gc,metaspace ] GC(29) Metaspace: 68013K->68013K(1112064K)
[2019-06-24T10:17:01.708+0000][1][gc           ] GC(29) Pause Young (Allocation Failure) 138M->68M(247M) 1.671ms
[2019-06-24T10:17:01.708+0000][1][gc,cpu       ] GC(29) User=0.00s Sys=0.00s Real=0.00s
[2019-06-24T10:17:01.708+0000][1][safepoint    ] Leaving safepoint region
[2019-06-24T10:17:01.708+0000][1][safepoint    ] Total time for which application threads were stopped: 0.0019084 seconds, Stopping threads took: 0.0000546 seconds
[2019-06-24T10:17:02.709+0000][1][safepoint    ] Application time: 1.0002527 seconds
[2019-06-24T10:17:02.709+0000][1][safepoint    ] Entering safepoint region: Cleanup
[2019-06-24T10:17:02.709+0000][1][safepoint    ] Leaving safepoint region
[2019-06-24T10:17:02.709+0000][1][safepoint    ] Total time for which application threads were stopped: 0.0002200 seconds, Stopping threads took: 0.0000728 seconds
[2019-06-24T10:17:03.709+0000][1][safepoint    ] Application time: 1.0002688 seconds
[2019-06-24T10:17:03.709+0000][1][safepoint    ] Entering safepoint region: Cleanup
[2019-06-24T10:17:03.709+0000][1][safepoint    ] Leaving safepoint region
[2019-06-24T10:17:03.709+0000][1][safepoint    ] Total time for which application threads were stopped: 0.0001600 seconds, Stopping threads took: 0.0000453 seconds
[2019-06-24T10:17:04.710+0000][1][safepoint    ] Application time: 1.0002357 seconds
[2019-06-24T10:17:04.710+0000][1][safepoint    ] Entering safepoint region: Cleanup
[2019-06-24T10:17:04.710+0000][1][safepoint    ] Leaving safepoint region
[2019-06-24T10:17:04.710+0000][1][safepoint    ] Total time for which application threads were stopped: 0.0002052 seconds, Stopping threads took: 0.0000531 seconds
[2019-06-24T10:17:05.710+0000][1][safepoint    ] Application time: 1.0003148 seconds
[2019-06-24T10:17:05.710+0000][1][safepoint    ] Entering safepoint region: Cleanup
[2019-06-24T10:17:05.710+0000][1][safepoint    ] Leaving safepoint region
[2019-06-24T10:17:05.711+0000][1][safepoint    ] Total time for which application threads were stopped: 0.0001472 seconds, Stopping threads took: 0.0000256 seconds
[2019-06-24T10:17:06.711+0000][1][safepoint    ] Application time: 1.0001219 seconds
[2019-06-24T10:17:06.711+0000][1][safepoint    ] Entering safepoint region: Cleanup
[2019-06-24T10:17:06.711+0000][1][safepoint    ] Leaving safepoint region
[2019-06-24T10:17:06.711+0000][1][safepoint    ] Total time for which application threads were stopped: 0.0002979 seconds, Stopping threads took: 0.0001503 seconds
[2019-06-24T10:17:07.711+0000][1][safepoint    ] Application time: 1.0002666 seconds
[2019-06-24T10:17:07.711+0000][1][safepoint    ] Entering safepoint region: Cleanup
[2019-06-24T10:17:07.712+0000][1][safepoint    ] Leaving safepoint region
[2019-06-24T10:17:07.712+0000][1][safepoint    ] Total time for which application threads were stopped: 0.0002291 seconds, Stopping threads took: 0.0000619 seconds
[2019-06-24T10:17:08.712+0000][1][safepoint    ] Application time: 1.0002488 seconds
[2019-06-24T10:17:08.712+0000][1][safepoint    ] Entering safepoint region: Cleanup
[2019-06-24T10:17:08.712+0000][1][safepoint    ] Leaving safepoint region
[2019-06-24T10:17:08.712+0000][1][safepoint    ] Total time for which application threads were stopped: 0.0002509 seconds, Stopping threads took: 0.0000917 seconds
[2019-06-24T10:17:09.713+0000][1][safepoint    ] Application time: 1.0002573 seconds
[2019-06-24T10:17:09.713+0000][1][safepoint    ] Entering safepoint region: Cleanup
[2019-06-24T10:17:09.713+0000][1][safepoint    ] Leaving safepoint region
[2019-06-24T10:17:09.713+0000][1][safepoint    ] Total time for which application threads were stopped: 0.0002240 seconds, Stopping threads took: 0.0000619 seconds
[2019-06-24T10:17:10.713+0000][1][safepoint    ] Application time: 1.0002614 seconds
[2019-06-24T10:17:10.713+0000][1][safepoint    ] Entering safepoint region: Cleanup
[2019-06-24T10:17:10.714+0000][1][safepoint    ] Leaving safepoint region
[2019-06-24T10:17:10.714+0000][1][safepoint    ] Total time for which application threads were stopped: 0.0002276 seconds, Stopping threads took: 0.0000623 seconds
[2019-06-24T10:17:11.714+0000][1][safepoint    ] Application time: 1.0002574 seconds
[2019-06-24T10:17:11.714+0000][1][safepoint    ] Entering safepoint region: Cleanup
[2019-06-24T10:17:11.714+0000][1][safepoint    ] Leaving safepoint region
[2019-06-24T10:17:11.714+0000][1][safepoint    ] Total time for which application threads were stopped: 0.0002243 seconds, Stopping threads took: 0.0000606 seconds
[2019-06-24T10:17:12.715+0000][1][safepoint    ] Application time: 1.0003300 seconds
[2019-06-24T10:17:12.715+0000][1][safepoint    ] Entering safepoint region: Cleanup
[2019-06-24T10:17:12.715+0000][1][safepoint    ] Leaving safepoint region
[2019-06-24T10:17:12.715+0000][1][safepoint    ] Total time for which application threads were stopped: 0.0000796 seconds, Stopping threads took: 0.0000203 seconds
[2019-06-24T10:17:13.715+0000][1][safepoint    ] Application time: 1.0001114 seconds
[2019-06-24T10:17:13.715+0000][1][safepoint    ] Entering safepoint region: Cleanup
[2019-06-24T10:17:13.715+0000][1][safepoint    ] Leaving safepoint region
[2019-06-24T10:17:13.715+0000][1][safepoint    ] Total time for which application threads were stopped: 0.0002163 seconds, Stopping threads took: 0.0000774 seconds
[2019-06-24T10:17:14.715+0000][1][safepoint    ] Application time: 1.0002443 seconds
[2019-06-24T10:17:14.716+0000][1][safepoint    ] Entering safepoint region: Cleanup
[2019-06-24T10:17:14.716+0000][1][safepoint    ] Leaving safepoint region
[2019-06-24T10:17:14.716+0000][1][safepoint    ] Total time for which application threads were stopped: 0.0002281 seconds, Stopping threads took: 0.0000645 seconds
[2019-06-24T10:17:15.716+0000][1][safepoint    ] Application time: 1.0001427 seconds
[2019-06-24T10:17:15.716+0000][1][safepoint    ] Entering safepoint region: Cleanup
[2019-06-24T10:17:15.716+0000][1][safepoint    ] Leaving safepoint region
[2019-06-24T10:17:15.716+0000][1][safepoint    ] Total time for which application threads were stopped: 0.0000893 seconds, Stopping threads took: 0.0000233 seconds
[2019-06-24T10:17:16.716+0000][1][safepoint    ] Application time: 1.0002480 seconds
[2019-06-24T10:17:16.716+0000][1][safepoint    ] Entering safepoint region: Cleanup
[2019-06-24T10:17:16.717+0000][1][safepoint    ] Leaving safepoint region
[2019-06-24T10:17:16.717+0000][1][safepoint    ] Total time for which application threads were stopped: 0.0002477 seconds, Stopping threads took: 0.0000641 seconds
[2019-06-24T10:17:17.717+0000][1][safepoint    ] Application time: 1.0002179 seconds
[2019-06-24T10:17:17.717+0000][1][safepoint    ] Entering safepoint region: Cleanup
[2019-06-24T10:17:17.717+0000][1][safepoint    ] Leaving safepoint region
[2019-06-24T10:17:17.717+0000][1][safepoint    ] Total time for which application threads were stopped: 0.0002225 seconds, Stopping threads took: 0.0000633 seconds
[2019-06-24T10:17:18.717+0000][1][safepoint    ] Application time: 1.0001770 seconds
[2019-06-24T10:17:18.718+0000][1][safepoint    ] Entering safepoint region: Cleanup
[2019-06-24T10:17:18.718+0000][1][safepoint    ] Leaving safepoint region
[2019-06-24T10:17:18.718+0000][1][safepoint    ] Total time for which application threads were stopped: 0.0001957 seconds, Stopping threads took: 0.0000537 seconds
[2019-06-24T10:17:19.718+0000][1][safepoint    ] Application time: 1.0001899 seconds
[2019-06-24T10:17:19.718+0000][1][safepoint    ] Entering safepoint region: Cleanup
[2019-06-24T10:17:19.718+0000][1][safepoint    ] Leaving safepoint region
[2019-06-24T10:17:19.718+0000][1][safepoint    ] Total time for which application threads were stopped: 0.0002996 seconds, Stopping threads took: 0.0001585 seconds
[2019-06-24T10:17:20.719+0000][1][safepoint    ] Application time: 1.0001972 seconds
[2019-06-24T10:17:20.719+0000][1][safepoint    ] Entering safepoint region: Cleanup
[2019-06-24T10:17:20.719+0000][1][safepoint    ] Leaving safepoint region
[2019-06-24T10:17:20.719+0000][1][safepoint    ] Total time for which application threads were stopped: 0.0002370 seconds, Stopping threads took: 0.0000895 seconds
[2019-06-24T10:17:21.719+0000][1][safepoint    ] Application time: 1.0002388 seconds
[2019-06-24T10:17:21.719+0000][1][safepoint    ] Entering safepoint region: Cleanup
[2019-06-24T10:17:21.720+0000][1][safepoint    ] Leaving safepoint region
[2019-06-24T10:17:21.720+0000][1][safepoint    ] Total time for which application threads were stopped: 0.0002497 seconds, Stopping threads took: 0.0000945 seconds
[2019-06-24T10:17:22.720+0000][1][safepoint    ] Application time: 1.0002630 seconds
[2019-06-24T10:17:22.720+0000][1][safepoint    ] Entering safepoint region: Cleanup
[2019-06-24T10:17:22.720+0000][1][safepoint    ] Leaving safepoint region
[2019-06-24T10:17:22.720+0000][1][safepoint    ] Total time for which application threads were stopped: 0.0002327 seconds, Stopping threads took: 0.0000747 seconds
[2019-06-24T10:17:23.720+0000][1][safepoint    ] Application time: 1.0002448 seconds
[2019-06-24T10:17:23.721+0000][1][safepoint    ] Entering safepoint region: Cleanup
[2019-06-24T10:17:23.721+0000][1][safepoint    ] Leaving safepoint region
[2019-06-24T10:17:23.721+0000][1][safepoint    ] Total time for which application threads were stopped: 0.0002255 seconds, Stopping threads took: 0.0000853 seconds
[2019-06-24T10:17:24.721+0000][1][safepoint    ] Application time: 1.0002459 seconds
[2019-06-24T10:17:24.721+0000][1][safepoint    ] Entering safepoint region: Cleanup
[2019-06-24T10:17:24.721+0000][1][safepoint    ] Leaving safepoint region
[2019-06-24T10:17:24.721+0000][1][safepoint    ] Total time for which application threads were stopped: 0.0002273 seconds, Stopping threads took: 0.0000866 seconds
[2019-06-24T10:17:25.722+0000][1][safepoint    ] Application time: 1.0002544 seconds
[2019-06-24T10:17:25.722+0000][1][safepoint    ] Entering safepoint region: Cleanup
[2019-06-24T10:17:25.722+0000][1][safepoint    ] Leaving safepoint region
[2019-06-24T10:17:25.722+0000][1][safepoint    ] Total time for which application threads were stopped: 0.0002577 seconds, Stopping threads took: 0.0000993 seconds
[2019-06-24T10:17:26.722+0000][1][safepoint    ] Application time: 1.0002147 seconds
[2019-06-24T10:17:26.723+0000][1][safepoint    ] Entering safepoint region: Cleanup
[2019-06-24T10:17:26.723+0000][1][safepoint    ] Leaving safepoint region
[2019-06-24T10:17:26.723+0000][1][safepoint    ] Total time for which application threads were stopped: 0.0003386 seconds, Stopping threads took: 0.0001775 seconds
[2019-06-24T10:17:27.723+0000][1][safepoint    ] Application time: 1.0002149 seconds
[2019-06-24T10:17:27.723+0000][1][safepoint    ] Entering safepoint region: Cleanup
[2019-06-24T10:17:27.723+0000][1][safepoint    ] Leaving safepoint region
[2019-06-24T10:17:27.723+0000][1][safepoint    ] Total time for which application threads were stopped: 0.0002506 seconds, Stopping threads took: 0.0000935 seconds
[2019-06-24T10:17:28.724+0000][1][safepoint    ] Application time: 1.0002524 seconds
[2019-06-24T10:17:28.724+0000][1][safepoint    ] Entering safepoint region: Cleanup
[2019-06-24T10:17:28.724+0000][1][safepoint    ] Leaving safepoint region
[2019-06-24T10:17:28.724+0000][1][safepoint    ] Total time for which application threads were stopped: 0.0002530 seconds, Stopping threads took: 0.0000963 seconds
[2019-06-24T10:17:29.724+0000][1][safepoint    ] Application time: 1.0002558 seconds
[2019-06-24T10:17:29.724+0000][1][safepoint    ] Entering safepoint region: Cleanup
[2019-06-24T10:17:29.725+0000][1][safepoint    ] Leaving safepoint region
[2019-06-24T10:17:29.725+0000][1][safepoint    ] Total time for which application threads were stopped: 0.0002151 seconds, Stopping threads took: 0.0000567 seconds
[2019-06-24T10:17:30.725+0000][1][safepoint    ] Application time: 1.0002735 seconds
[2019-06-24T10:17:30.725+0000][1][safepoint    ] Entering safepoint region: Cleanup
[2019-06-24T10:17:30.725+0000][1][safepoint    ] Leaving safepoint region
[2019-06-24T10:17:30.725+0000][1][safepoint    ] Total time for which application threads were stopped: 0.0002284 seconds, Stopping threads took: 0.0000619 seconds
[2019-06-24T10:17:31.726+0000][1][safepoint    ] Application time: 1.0002379 seconds
[2019-06-24T10:17:31.726+0000][1][safepoint    ] Entering safepoint region: Cleanup
[2019-06-24T10:17:31.726+0000][1][safepoint    ] Leaving safepoint region
[2019-06-24T10:17:31.726+0000][1][safepoint    ] Total time for which application threads were stopped: 0.0002234 seconds, Stopping threads took: 0.0000606 seconds
[2019-06-24T10:17:32.726+0000][1][safepoint    ] Application time: 1.0002657 seconds
[2019-06-24T10:17:32.726+0000][1][safepoint    ] Entering safepoint region: Cleanup
[2019-06-24T10:17:32.727+0000][1][safepoint    ] Leaving safepoint region
[2019-06-24T10:17:32.727+0000][1][safepoint    ] Total time for which application threads were stopped: 0.0002998 seconds, Stopping threads took: 0.0000616 seconds
[2019-06-24T10:17:33.727+0000][1][safepoint    ] Application time: 1.0001502 seconds
[2019-06-24T10:17:33.727+0000][1][safepoint    ] Entering safepoint region: Cleanup
[2019-06-24T10:17:33.727+0000][1][safepoint    ] Leaving safepoint region
[2019-06-24T10:17:33.727+0000][1][safepoint    ] Total time for which application threads were stopped: 0.0000913 seconds, Stopping threads took: 0.0000309 seconds
[2019-06-24T10:17:34.727+0000][1][safepoint    ] Application time: 1.0001225 seconds
[2019-06-24T10:17:34.727+0000][1][safepoint    ] Entering safepoint region: Cleanup
[2019-06-24T10:17:34.727+0000][1][safepoint    ] Leaving safepoint region
[2019-06-24T10:17:34.727+0000][1][safepoint    ] Total time for which application threads were stopped: 0.0002120 seconds, Stopping threads took: 0.0000540 seconds
[2019-06-24T10:17:35.728+0000][1][safepoint    ] Application time: 1.0002197 seconds
[2019-06-24T10:17:35.728+0000][1][safepoint    ] Entering safepoint region: Cleanup
[2019-06-24T10:17:35.728+0000][1][safepoint    ] Leaving safepoint region
[2019-06-24T10:17:35.728+0000][1][safepoint    ] Total time for which application threads were stopped: 0.0002356 seconds, Stopping threads took: 0.0000596 seconds
[2019-06-24T10:17:36.728+0000][1][safepoint    ] Application time: 1.0001354 seconds
[2019-06-24T10:17:36.728+0000][1][safepoint    ] Entering safepoint region: Cleanup
[2019-06-24T10:17:36.728+0000][1][safepoint    ] Leaving safepoint region
[2019-06-24T10:17:36.728+0000][1][safepoint    ] Total time for which application threads were stopped: 0.0000964 seconds, Stopping threads took: 0.0000261 seconds
[2019-06-24T10:17:37.729+0000][1][safepoint    ] Application time: 1.0002422 seconds
[2019-06-24T10:17:37.729+0000][1][safepoint    ] Entering safepoint region: Cleanup
[2019-06-24T10:17:37.729+0000][1][safepoint    ] Leaving safepoint region
[2019-06-24T10:17:37.729+0000][1][safepoint    ] Total time for which application threads were stopped: 0.0002364 seconds, Stopping threads took: 0.0000615 seconds
[2019-06-24T10:17:38.729+0000][1][safepoint    ] Application time: 1.0002735 seconds
[2019-06-24T10:17:38.729+0000][1][safepoint    ] Entering safepoint region: Cleanup
[2019-06-24T10:17:38.730+0000][1][safepoint    ] Leaving safepoint region
[2019-06-24T10:17:38.730+0000][1][safepoint    ] Total time for which application threads were stopped: 0.0002180 seconds, Stopping threads took: 0.0000608 seconds
[2019-06-24T10:17:39.730+0000][1][safepoint    ] Application time: 1.0002139 seconds
[2019-06-24T10:17:39.730+0000][1][safepoint    ] Entering safepoint region: Cleanup
[2019-06-24T10:17:39.730+0000][1][safepoint    ] Leaving safepoint region
[2019-06-24T10:17:39.730+0000][1][safepoint    ] Total time for which application threads were stopped: 0.0001974 seconds, Stopping threads took: 0.0000562 seconds
[2019-06-24T10:17:40.730+0000][1][safepoint    ] Application time: 1.0001807 seconds
[2019-06-24T10:17:40.731+0000][1][safepoint    ] Entering safepoint region: Cleanup
[2019-06-24T10:17:40.731+0000][1][safepoint    ] Leaving safepoint region
[2019-06-24T10:17:40.731+0000][1][safepoint    ] Total time for which application threads were stopped: 0.0005032 seconds, Stopping threads took: 0.0002469 seconds
[2019-06-24T10:17:41.731+0000][1][safepoint    ] Application time: 1.0002585 seconds
[2019-06-24T10:17:41.731+0000][1][safepoint    ] Entering safepoint region: Cleanup
[2019-06-24T10:17:41.732+0000][1][safepoint    ] Leaving safepoint region
[2019-06-24T10:17:41.732+0000][1][safepoint    ] Total time for which application threads were stopped: 0.0002075 seconds, Stopping threads took: 0.0000550 seconds
[2019-06-24T10:17:42.732+0000][1][safepoint    ] Application time: 1.0002628 seconds
[2019-06-24T10:17:42.732+0000][1][safepoint    ] Entering safepoint region: Cleanup
[2019-06-24T10:17:42.732+0000][1][safepoint    ] Leaving safepoint region
[2019-06-24T10:17:42.732+0000][1][safepoint    ] Total time for which application threads were stopped: 0.0002359 seconds, Stopping threads took: 0.0000624 seconds
[2019-06-24T10:17:43.732+0000][1][safepoint    ] Application time: 1.0002555 seconds
[2019-06-24T10:17:43.733+0000][1][safepoint    ] Entering safepoint region: Cleanup
[2019-06-24T10:17:43.733+0000][1][safepoint    ] Leaving safepoint region
[2019-06-24T10:17:43.733+0000][1][safepoint    ] Total time for which application threads were stopped: 0.0002379 seconds, Stopping threads took: 0.0000863 seconds
[2019-06-24T10:17:44.733+0000][1][safepoint    ] Application time: 1.0002437 seconds
[2019-06-24T10:17:44.733+0000][1][safepoint    ] Entering safepoint region: Cleanup
[2019-06-24T10:17:44.733+0000][1][safepoint    ] Leaving safepoint region
[2019-06-24T10:17:44.733+0000][1][safepoint    ] Total time for which application threads were stopped: 0.0002101 seconds, Stopping threads took: 0.0000563 seconds
[2019-06-24T10:17:45.734+0000][1][safepoint    ] Application time: 1.0002485 seconds
[2019-06-24T10:17:45.734+0000][1][safepoint    ] Entering safepoint region: Cleanup
[2019-06-24T10:17:45.734+0000][1][safepoint    ] Leaving safepoint region
[2019-06-24T10:17:45.734+0000][1][safepoint    ] Total time for which application threads were stopped: 0.0002256 seconds, Stopping threads took: 0.0000562 seconds
[2019-06-24T10:17:46.734+0000][1][safepoint    ] Application time: 1.0002619 seconds
[2019-06-24T10:17:46.734+0000][1][safepoint    ] Entering safepoint region: Cleanup
[2019-06-24T10:17:46.735+0000][1][safepoint    ] Leaving safepoint region
[2019-06-24T10:17:46.735+0000][1][safepoint    ] Total time for which application threads were stopped: 0.0003240 seconds, Stopping threads took: 0.0000628 seconds
[2019-06-24T10:17:47.735+0000][1][safepoint    ] Application time: 1.0001910 seconds
[2019-06-24T10:17:47.735+0000][1][safepoint    ] Entering safepoint region: Cleanup
[2019-06-24T10:17:47.735+0000][1][safepoint    ] Leaving safepoint region
[2019-06-24T10:17:47.735+0000][1][safepoint    ] Total time for which application threads were stopped: 0.0002680 seconds, Stopping threads took: 0.0000630 seconds
[2019-06-24T10:17:48.736+0000][1][safepoint    ] Application time: 1.0002871 seconds
[2019-06-24T10:17:48.736+0000][1][safepoint    ] Entering safepoint region: Cleanup
[2019-06-24T10:17:48.736+0000][1][safepoint    ] Leaving safepoint region
[2019-06-24T10:17:48.736+0000][1][safepoint    ] Total time for which application threads were stopped: 0.0002403 seconds, Stopping threads took: 0.0000665 seconds
[2019-06-24T10:17:49.736+0000][1][safepoint    ] Application time: 1.0002450 seconds
[2019-06-24T10:17:49.736+0000][1][safepoint    ] Entering safepoint region: Cleanup
[2019-06-24T10:17:49.737+0000][1][safepoint    ] Leaving safepoint region
[2019-06-24T10:17:49.737+0000][1][safepoint    ] Total time for which application threads were stopped: 0.0002455 seconds, Stopping threads took: 0.0000888 seconds
[2019-06-24T10:17:50.737+0000][1][safepoint    ] Application time: 1.0001348 seconds
[2019-06-24T10:17:50.737+0000][1][safepoint    ] Entering safepoint region: Cleanup
[2019-06-24T10:17:50.737+0000][1][safepoint    ] Leaving safepoint region
[2019-06-24T10:17:50.737+0000][1][safepoint    ] Total time for which application threads were stopped: 0.0002012 seconds, Stopping threads took: 0.0000548 seconds
[2019-06-24T10:17:51.737+0000][1][safepoint    ] Application time: 1.0002502 seconds
[2019-06-24T10:17:51.737+0000][1][safepoint    ] Entering safepoint region: Cleanup
[2019-06-24T10:17:51.738+0000][1][safepoint    ] Leaving safepoint region
[2019-06-24T10:17:51.738+0000][1][safepoint    ] Total time for which application threads were stopped: 0.0002082 seconds, Stopping threads took: 0.0000546 seconds
[2019-06-24T10:17:52.738+0000][1][safepoint    ] Application time: 1.0002686 seconds
[2019-06-24T10:17:52.738+0000][1][safepoint    ] Entering safepoint region: Cleanup
[2019-06-24T10:17:52.738+0000][1][safepoint    ] Leaving safepoint region
[2019-06-24T10:17:52.738+0000][1][safepoint    ] Total time for which application threads were stopped: 0.0002371 seconds, Stopping threads took: 0.0000634 seconds
[2019-06-24T10:17:53.739+0000][1][safepoint    ] Application time: 1.0002959 seconds
[2019-06-24T10:17:53.739+0000][1][safepoint    ] Entering safepoint region: Cleanup
[2019-06-24T10:17:53.739+0000][1][safepoint    ] Leaving safepoint region
[2019-06-24T10:17:53.739+0000][1][safepoint    ] Total time for which application threads were stopped: 0.0002224 seconds, Stopping threads took: 0.0000651 seconds
[2019-06-24T10:17:54.739+0000][1][safepoint    ] Application time: 1.0002336 seconds
[2019-06-24T10:17:54.739+0000][1][safepoint    ] Entering safepoint region: Cleanup
[2019-06-24T10:17:54.739+0000][1][safepoint    ] Leaving safepoint region
[2019-06-24T10:17:54.740+0000][1][safepoint    ] Total time for which application threads were stopped: 0.0002328 seconds, Stopping threads took: 0.0000549 seconds
[2019-06-24T10:17:55.740+0000][1][safepoint    ] Application time: 1.0002685 seconds
[2019-06-24T10:17:55.740+0000][1][safepoint    ] Entering safepoint region: Cleanup
[2019-06-24T10:17:55.740+0000][1][safepoint    ] Leaving safepoint region
[2019-06-24T10:17:55.740+0000][1][safepoint    ] Total time for which application threads were stopped: 0.0002765 seconds, Stopping threads took: 0.0000624 seconds
[2019-06-24T10:17:56.741+0000][1][safepoint    ] Application time: 1.0002608 seconds
[2019-06-24T10:17:56.741+0000][1][safepoint    ] Entering safepoint region: Cleanup
[2019-06-24T10:17:56.741+0000][1][safepoint    ] Leaving safepoint region
[2019-06-24T10:17:56.741+0000][1][safepoint    ] Total time for which application threads were stopped: 0.0002475 seconds, Stopping threads took: 0.0000555 seconds
[2019-06-24T10:17:57.741+0000][1][safepoint    ] Application time: 1.0002730 seconds
[2019-06-24T10:17:57.741+0000][1][safepoint    ] Entering safepoint region: Cleanup
[2019-06-24T10:17:57.742+0000][1][safepoint    ] Leaving safepoint region
[2019-06-24T10:17:57.742+0000][1][safepoint    ] Total time for which application threads were stopped: 0.0002994 seconds, Stopping threads took: 0.0000623 seconds
[2019-06-24T10:17:58.742+0000][1][safepoint    ] Application time: 1.0002536 seconds
[2019-06-24T10:17:58.742+0000][1][safepoint    ] Entering safepoint region: Cleanup
[2019-06-24T10:17:58.742+0000][1][safepoint    ] Leaving safepoint region
[2019-06-24T10:17:58.742+0000][1][safepoint    ] Total time for which application threads were stopped: 0.0002696 seconds, Stopping threads took: 0.0000653 seconds
[2019-06-24T10:17:59.743+0000][1][safepoint    ] Application time: 1.0002578 seconds
[2019-06-24T10:17:59.743+0000][1][safepoint    ] Entering safepoint region: Cleanup
[2019-06-24T10:17:59.743+0000][1][safepoint    ] Leaving safepoint region
[2019-06-24T10:17:59.743+0000][1][safepoint    ] Total time for which application threads were stopped: 0.0002583 seconds, Stopping threads took: 0.0000832 seconds
[2019-06-24T10:18:00.743+0000][1][safepoint    ] Application time: 1.0002630 seconds
[2019-06-24T10:18:00.743+0000][1][safepoint    ] Entering safepoint region: Cleanup
[2019-06-24T10:18:00.744+0000][1][safepoint    ] Leaving safepoint region
[2019-06-24T10:18:00.744+0000][1][safepoint    ] Total time for which application threads were stopped: 0.0002349 seconds, Stopping threads took: 0.0000619 seconds
[2019-06-24T10:18:01.744+0000][1][safepoint    ] Application time: 1.0001921 seconds
[2019-06-24T10:18:01.744+0000][1][safepoint    ] Entering safepoint region: Cleanup
[2019-06-24T10:18:01.744+0000][1][safepoint    ] Leaving safepoint region
[2019-06-24T10:18:01.744+0000][1][safepoint    ] Total time for which application threads were stopped: 0.0002306 seconds, Stopping threads took: 0.0000542 seconds
[2019-06-24T10:18:02.744+0000][1][safepoint    ] Application time: 1.0001802 seconds
[2019-06-24T10:18:02.744+0000][1][safepoint    ] Entering safepoint region: Cleanup
[2019-06-24T10:18:02.745+0000][1][safepoint    ] Leaving safepoint region
[2019-06-24T10:18:02.745+0000][1][safepoint    ] Total time for which application threads were stopped: 0.0002908 seconds, Stopping threads took: 0.0000625 seconds
[2019-06-24T10:18:03.745+0000][1][safepoint    ] Application time: 1.0003062 seconds
[2019-06-24T10:18:03.745+0000][1][safepoint    ] Entering safepoint region: Cleanup
[2019-06-24T10:18:03.746+0000][1][safepoint    ] Leaving safepoint region
[2019-06-24T10:18:03.747+0000][1][safepoint    ] Total time for which application threads were stopped: 0.0013930 seconds, Stopping threads took: 0.0009978 seconds
[2019-06-24T10:18:04.747+0000][1][safepoint    ] Application time: 1.0001978 seconds
[2019-06-24T10:18:04.747+0000][1][safepoint    ] Entering safepoint region: Cleanup
[2019-06-24T10:18:04.747+0000][1][safepoint    ] Leaving safepoint region
[2019-06-24T10:18:04.747+0000][1][safepoint    ] Total time for which application threads were stopped: 0.0003198 seconds, Stopping threads took: 0.0001016 seconds
[2019-06-24T10:18:05.748+0000][1][safepoint    ] Application time: 1.0002723 seconds
[2019-06-24T10:18:05.748+0000][1][safepoint    ] Entering safepoint region: Cleanup
[2019-06-24T10:18:05.748+0000][1][safepoint    ] Leaving safepoint region
[2019-06-24T10:18:05.748+0000][1][safepoint    ] Total time for which application threads were stopped: 0.0002403 seconds, Stopping threads took: 0.0000620 seconds
[2019-06-24T10:18:06.748+0000][1][safepoint    ] Application time: 1.0002558 seconds
[2019-06-24T10:18:06.748+0000][1][safepoint    ] Entering safepoint region: Cleanup
[2019-06-24T10:18:06.749+0000][1][safepoint    ] Leaving safepoint region
[2019-06-24T10:18:06.749+0000][1][safepoint    ] Total time for which application threads were stopped: 0.0003060 seconds, Stopping threads took: 0.0001043 seconds
[2019-06-24T10:18:07.749+0000][1][safepoint    ] Application time: 1.0002574 seconds
[2019-06-24T10:18:07.749+0000][1][safepoint    ] Entering safepoint region: Cleanup
[2019-06-24T10:18:07.749+0000][1][safepoint    ] Leaving safepoint region
[2019-06-24T10:18:07.749+0000][1][safepoint    ] Total time for which application threads were stopped: 0.0002785 seconds, Stopping threads took: 0.0000774 seconds
[2019-06-24T10:18:08.750+0000][1][safepoint    ] Application time: 1.0002554 seconds
[2019-06-24T10:18:08.750+0000][1][safepoint    ] Entering safepoint region: Cleanup
[2019-06-24T10:18:08.751+0000][1][safepoint    ] Leaving safepoint region
[2019-06-24T10:18:08.751+0000][1][safepoint    ] Total time for which application threads were stopped: 0.0011469 seconds, Stopping threads took: 0.0009089 seconds
[2019-06-24T10:18:09.751+0000][1][safepoint    ] Application time: 1.0002214 seconds
[2019-06-24T10:18:09.751+0000][1][safepoint    ] Entering safepoint region: Cleanup
[2019-06-24T10:18:09.751+0000][1][safepoint    ] Leaving safepoint region
[2019-06-24T10:18:09.751+0000][1][safepoint    ] Total time for which application threads were stopped: 0.0003011 seconds, Stopping threads took: 0.0001309 seconds
[2019-06-24T10:18:10.752+0000][1][safepoint    ] Application time: 1.0002485 seconds
[2019-06-24T10:18:10.752+0000][1][safepoint    ] Entering safepoint region: Cleanup
[2019-06-24T10:18:10.752+0000][1][safepoint    ] Leaving safepoint region
[2019-06-24T10:18:10.752+0000][1][safepoint    ] Total time for which application threads were stopped: 0.0002883 seconds, Stopping threads took: 0.0000683 seconds
[2019-06-24T10:18:11.752+0000][1][safepoint    ] Application time: 1.0002457 seconds
[2019-06-24T10:18:11.753+0000][1][safepoint    ] Entering safepoint region: Cleanup
[2019-06-24T10:18:11.753+0000][1][safepoint    ] Leaving safepoint region
[2019-06-24T10:18:11.753+0000][1][safepoint    ] Total time for which application threads were stopped: 0.0002058 seconds, Stopping threads took: 0.0000656 seconds
[2019-06-24T10:18:12.753+0000][1][safepoint    ] Application time: 1.0002492 seconds
[2019-06-24T10:18:12.753+0000][1][safepoint    ] Entering safepoint region: Cleanup
[2019-06-24T10:18:12.753+0000][1][safepoint    ] Leaving safepoint region
[2019-06-24T10:18:12.753+0000][1][safepoint    ] Total time for which application threads were stopped: 0.0002486 seconds, Stopping threads took: 0.0000686 seconds
[2019-06-24T10:18:13.754+0000][1][safepoint    ] Application time: 1.0002630 seconds
[2019-06-24T10:18:13.754+0000][1][safepoint    ] Entering safepoint region: Cleanup
[2019-06-24T10:18:13.755+0000][1][safepoint    ] Leaving safepoint region
[2019-06-24T10:18:13.755+0000][1][safepoint    ] Total time for which application threads were stopped: 0.0012082 seconds, Stopping threads took: 0.0009402 seconds
[2019-06-24T10:18:14.755+0000][1][safepoint    ] Application time: 1.0002564 seconds
[2019-06-24T10:18:14.755+0000][1][safepoint    ] Entering safepoint region: Cleanup
[2019-06-24T10:18:14.756+0000][1][safepoint    ] Leaving safepoint region
[2019-06-24T10:18:14.756+0000][1][safepoint    ] Total time for which application threads were stopped: 0.0002328 seconds, Stopping threads took: 0.0000812 seconds
[2019-06-24T10:18:15.756+0000][1][safepoint    ] Application time: 1.0002639 seconds
[2019-06-24T10:18:15.756+0000][1][safepoint    ] Entering safepoint region: Cleanup
[2019-06-24T10:18:15.756+0000][1][safepoint    ] Leaving safepoint region
[2019-06-24T10:18:15.756+0000][1][safepoint    ] Total time for which application threads were stopped: 0.0002048 seconds, Stopping threads took: 0.0000562 seconds
[2019-06-24T10:18:16.756+0000][1][safepoint    ] Application time: 1.0001840 seconds
[2019-06-24T10:18:16.757+0000][1][safepoint    ] Entering safepoint region: Cleanup
[2019-06-24T10:18:16.757+0000][1][safepoint    ] Leaving safepoint region
[2019-06-24T10:18:16.757+0000][1][safepoint    ] Total time for which application threads were stopped: 0.0002469 seconds, Stopping threads took: 0.0000654 seconds
[2019-06-24T10:18:17.757+0000][1][safepoint    ] Application time: 1.0002193 seconds
[2019-06-24T10:18:17.757+0000][1][safepoint    ] Entering safepoint region: Cleanup
[2019-06-24T10:18:17.757+0000][1][safepoint    ] Leaving safepoint region
[2019-06-24T10:18:17.757+0000][1][safepoint    ] Total time for which application threads were stopped: 0.0002356 seconds, Stopping threads took: 0.0000662 seconds
[2019-06-24T10:18:18.758+0000][1][safepoint    ] Application time: 1.0002350 seconds
[2019-06-24T10:18:18.758+0000][1][safepoint    ] Entering safepoint region: Cleanup
[2019-06-24T10:18:18.759+0000][1][safepoint    ] Leaving safepoint region
[2019-06-24T10:18:18.759+0000][1][safepoint    ] Total time for which application threads were stopped: 0.0012183 seconds, Stopping threads took: 0.0009475 seconds
[2019-06-24T10:18:19.759+0000][1][safepoint    ] Application time: 1.0002737 seconds
[2019-06-24T10:18:19.759+0000][1][safepoint    ] Entering safepoint region: Cleanup
[2019-06-24T10:18:19.760+0000][1][safepoint    ] Leaving safepoint region
[2019-06-24T10:18:19.760+0000][1][safepoint    ] Total time for which application threads were stopped: 0.0002610 seconds, Stopping threads took: 0.0000900 seconds
[2019-06-24T10:18:20.760+0000][1][safepoint    ] Application time: 1.0002775 seconds
[2019-06-24T10:18:20.760+0000][1][safepoint    ] Entering safepoint region: Cleanup
[2019-06-24T10:18:20.760+0000][1][safepoint    ] Leaving safepoint region
[2019-06-24T10:18:20.760+0000][1][safepoint    ] Total time for which application threads were stopped: 0.0002300 seconds, Stopping threads took: 0.0000629 seconds
[2019-06-24T10:18:21.761+0000][1][safepoint    ] Application time: 1.0002708 seconds
[2019-06-24T10:18:21.761+0000][1][safepoint    ] Entering safepoint region: Cleanup
[2019-06-24T10:18:21.761+0000][1][safepoint    ] Leaving safepoint region
[2019-06-24T10:18:21.761+0000][1][safepoint    ] Total time for which application threads were stopped: 0.0002309 seconds, Stopping threads took: 0.0000634 seconds
[2019-06-24T10:18:22.761+0000][1][safepoint    ] Application time: 1.0002490 seconds
[2019-06-24T10:18:22.761+0000][1][safepoint    ] Entering safepoint region: Cleanup
[2019-06-24T10:18:22.761+0000][1][safepoint    ] Leaving safepoint region
[2019-06-24T10:18:22.762+0000][1][safepoint    ] Total time for which application threads were stopped: 0.0002055 seconds, Stopping threads took: 0.0000566 seconds
[2019-06-24T10:18:23.762+0000][1][safepoint    ] Application time: 1.0001639 seconds
[2019-06-24T10:18:23.762+0000][1][safepoint    ] Entering safepoint region: Cleanup
[2019-06-24T10:18:23.762+0000][1][safepoint    ] Leaving safepoint region
[2019-06-24T10:18:23.763+0000][1][safepoint    ] Total time for which application threads were stopped: 0.0007098 seconds, Stopping threads took: 0.0003948 seconds
[2019-06-24T10:18:24.763+0000][1][safepoint    ] Application time: 1.0001587 seconds
[2019-06-24T10:18:24.763+0000][1][safepoint    ] Entering safepoint region: Cleanup
[2019-06-24T10:18:24.763+0000][1][safepoint    ] Leaving safepoint region
[2019-06-24T10:18:24.763+0000][1][safepoint    ] Total time for which application threads were stopped: 0.0002019 seconds, Stopping threads took: 0.0000556 seconds
[2019-06-24T10:18:25.763+0000][1][safepoint    ] Application time: 1.0002461 seconds
[2019-06-24T10:18:25.763+0000][1][safepoint    ] Entering safepoint region: Cleanup
[2019-06-24T10:18:25.764+0000][1][safepoint    ] Leaving safepoint region
[2019-06-24T10:18:25.764+0000][1][safepoint    ] Total time for which application threads were stopped: 0.0002293 seconds, Stopping threads took: 0.0000616 seconds
[2019-06-24T10:18:26.764+0000][1][safepoint    ] Application time: 1.0001806 seconds
[2019-06-24T10:18:26.764+0000][1][safepoint    ] Entering safepoint region: Cleanup
[2019-06-24T10:18:26.764+0000][1][safepoint    ] Leaving safepoint region
[2019-06-24T10:18:26.764+0000][1][safepoint    ] Total time for which application threads were stopped: 0.0002367 seconds, Stopping threads took: 0.0000644 seconds
[2019-06-24T10:18:27.764+0000][1][safepoint    ] Application time: 1.0001875 seconds
[2019-06-24T10:18:27.765+0000][1][safepoint    ] Entering safepoint region: Cleanup
[2019-06-24T10:18:27.765+0000][1][safepoint    ] Leaving safepoint region
[2019-06-24T10:18:27.765+0000][1][safepoint    ] Total time for which application threads were stopped: 0.0002341 seconds, Stopping threads took: 0.0000659 seconds
[2019-06-24T10:18:28.765+0000][1][safepoint    ] Application time: 1.0002061 seconds
[2019-06-24T10:18:28.765+0000][1][safepoint    ] Entering safepoint region: Cleanup
[2019-06-24T10:18:28.766+0000][1][safepoint    ] Leaving safepoint region
[2019-06-24T10:18:28.766+0000][1][safepoint    ] Total time for which application threads were stopped: 0.0011529 seconds, Stopping threads took: 0.0009169 seconds
[2019-06-24T10:18:29.767+0000][1][safepoint    ] Application time: 1.0002883 seconds
[2019-06-24T10:18:29.767+0000][1][safepoint    ] Entering safepoint region: Cleanup
[2019-06-24T10:18:29.767+0000][1][safepoint    ] Leaving safepoint region
[2019-06-24T10:18:29.767+0000][1][safepoint    ] Total time for which application threads were stopped: 0.0002660 seconds, Stopping threads took: 0.0000607 seconds
[2019-06-24T10:18:30.767+0000][1][safepoint    ] Application time: 1.0002504 seconds
[2019-06-24T10:18:30.767+0000][1][safepoint    ] Entering safepoint region: Cleanup
[2019-06-24T10:18:30.768+0000][1][safepoint    ] Leaving safepoint region
[2019-06-24T10:18:30.768+0000][1][safepoint    ] Total time for which application threads were stopped: 0.0003241 seconds, Stopping threads took: 0.0000629 seconds
[2019-06-24T10:18:31.768+0000][1][safepoint    ] Application time: 1.0003057 seconds
[2019-06-24T10:18:31.768+0000][1][safepoint    ] Entering safepoint region: Cleanup
[2019-06-24T10:18:31.768+0000][1][safepoint    ] Leaving safepoint region
[2019-06-24T10:18:31.768+0000][1][safepoint    ] Total time for which application threads were stopped: 0.0002307 seconds, Stopping threads took: 0.0000620 seconds
[2019-06-24T10:18:32.769+0000][1][safepoint    ] Application time: 1.0002617 seconds
[2019-06-24T10:18:32.769+0000][1][safepoint    ] Entering safepoint region: Cleanup
[2019-06-24T10:18:32.769+0000][1][safepoint    ] Leaving safepoint region
[2019-06-24T10:18:32.769+0000][1][safepoint    ] Total time for which application threads were stopped: 0.0002283 seconds, Stopping threads took: 0.0000605 seconds
[2019-06-24T10:18:33.769+0000][1][safepoint    ] Application time: 1.0002680 seconds
[2019-06-24T10:18:33.769+0000][1][safepoint    ] Entering safepoint region: Cleanup
[2019-06-24T10:18:33.771+0000][1][safepoint    ] Leaving safepoint region
[2019-06-24T10:18:33.771+0000][1][safepoint    ] Total time for which application threads were stopped: 0.0013225 seconds, Stopping threads took: 0.0010066 seconds
[2019-06-24T10:18:34.771+0000][1][safepoint    ] Application time: 1.0001741 seconds
[2019-06-24T10:18:34.771+0000][1][safepoint    ] Entering safepoint region: Cleanup
[2019-06-24T10:18:34.771+0000][1][safepoint    ] Leaving safepoint region
[2019-06-24T10:18:34.771+0000][1][safepoint    ] Total time for which application threads were stopped: 0.0002285 seconds, Stopping threads took: 0.0000644 seconds
[2019-06-24T10:18:35.772+0000][1][safepoint    ] Application time: 1.0002652 seconds
[2019-06-24T10:18:35.772+0000][1][safepoint    ] Entering safepoint region: Cleanup
[2019-06-24T10:18:35.772+0000][1][safepoint    ] Leaving safepoint region
[2019-06-24T10:18:35.772+0000][1][safepoint    ] Total time for which application threads were stopped: 0.0002306 seconds, Stopping threads took: 0.0000631 seconds
[2019-06-24T10:18:36.820+0000][1][safepoint    ] Application time: 1.0481241 seconds
[2019-06-24T10:18:36.820+0000][1][safepoint    ] Entering safepoint region: Cleanup
[2019-06-24T10:18:36.820+0000][1][safepoint    ] Leaving safepoint region
[2019-06-24T10:18:36.820+0000][1][safepoint    ] Total time for which application threads were stopped: 0.0001215 seconds, Stopping threads took: 0.0000297 seconds
[2019-06-24T10:18:37.820+0000][1][safepoint    ] Application time: 1.0001756 seconds
[2019-06-24T10:18:37.821+0000][1][safepoint    ] Entering safepoint region: Cleanup
[2019-06-24T10:18:37.821+0000][1][safepoint    ] Leaving safepoint region
[2019-06-24T10:18:37.821+0000][1][safepoint    ] Total time for which application threads were stopped: 0.0002287 seconds, Stopping threads took: 0.0000719 seconds
[2019-06-24T10:18:38.821+0000][1][safepoint    ] Application time: 1.0002202 seconds
[2019-06-24T10:18:38.821+0000][1][safepoint    ] Entering safepoint region: Cleanup
[2019-06-24T10:18:38.821+0000][1][safepoint    ] Leaving safepoint region
[2019-06-24T10:18:38.821+0000][1][safepoint    ] Total time for which application threads were stopped: 0.0002286 seconds, Stopping threads took: 0.0000629 seconds
[2019-06-24T10:18:39.822+0000][1][safepoint    ] Application time: 1.0002229 seconds
[2019-06-24T10:18:39.822+0000][1][safepoint    ] Entering safepoint region: Cleanup
[2019-06-24T10:18:39.822+0000][1][safepoint    ] Leaving safepoint region
[2019-06-24T10:18:39.822+0000][1][safepoint    ] Total time for which application threads were stopped: 0.0002482 seconds, Stopping threads took: 0.0000582 seconds
[2019-06-24T10:18:40.822+0000][1][safepoint    ] Application time: 1.0001347 seconds
[2019-06-24T10:18:40.822+0000][1][safepoint    ] Entering safepoint region: Cleanup
[2019-06-24T10:18:40.822+0000][1][safepoint    ] Leaving safepoint region
[2019-06-24T10:18:40.822+0000][1][safepoint    ] Total time for which application threads were stopped: 0.0001108 seconds, Stopping threads took: 0.0000295 seconds
[2019-06-24T10:18:41.823+0000][1][safepoint    ] Application time: 1.0002469 seconds
[2019-06-24T10:18:41.823+0000][1][safepoint    ] Entering safepoint region: Cleanup
[2019-06-24T10:18:41.823+0000][1][safepoint    ] Leaving safepoint region
[2019-06-24T10:18:41.823+0000][1][safepoint    ] Total time for which application threads were stopped: 0.0003082 seconds, Stopping threads took: 0.0000966 seconds
[2019-06-24T10:18:42.823+0000][1][safepoint    ] Application time: 1.0002136 seconds
[2019-06-24T10:18:42.823+0000][1][safepoint    ] Entering safepoint region: Cleanup
[2019-06-24T10:18:42.823+0000][1][safepoint    ] Leaving safepoint region
[2019-06-24T10:18:42.823+0000][1][safepoint    ] Total time for which application threads were stopped: 0.0001173 seconds, Stopping threads took: 0.0000315 seconds
[2019-06-24T10:18:43.824+0000][1][safepoint    ] Application time: 1.0002115 seconds
[2019-06-24T10:18:43.824+0000][1][safepoint    ] Entering safepoint region: Cleanup
[2019-06-24T10:18:43.824+0000][1][safepoint    ] Leaving safepoint region
[2019-06-24T10:18:43.824+0000][1][safepoint    ] Total time for which application threads were stopped: 0.0002200 seconds, Stopping threads took: 0.0000605 seconds
[2019-06-24T10:18:44.824+0000][1][safepoint    ] Application time: 1.0002505 seconds
[2019-06-24T10:18:44.824+0000][1][safepoint    ] Entering safepoint region: Cleanup
[2019-06-24T10:18:44.825+0000][1][safepoint    ] Leaving safepoint region
[2019-06-24T10:18:44.825+0000][1][safepoint    ] Total time for which application threads were stopped: 0.0002197 seconds, Stopping threads took: 0.0000621 seconds
[2019-06-24T10:18:45.825+0000][1][safepoint    ] Application time: 1.0000979 seconds
[2019-06-24T10:18:45.825+0000][1][safepoint    ] Entering safepoint region: Cleanup
[2019-06-24T10:18:45.825+0000][1][safepoint    ] Leaving safepoint region
[2019-06-24T10:18:45.825+0000][1][safepoint    ] Total time for which application threads were stopped: 0.0001204 seconds, Stopping threads took: 0.0000382 seconds
[2019-06-24T10:18:46.825+0000][1][safepoint    ] Application time: 1.0001455 seconds
[2019-06-24T10:18:46.825+0000][1][safepoint    ] Entering safepoint region: Cleanup
[2019-06-24T10:18:46.825+0000][1][safepoint    ] Leaving safepoint region
[2019-06-24T10:18:46.826+0000][1][safepoint    ] Total time for which application threads were stopped: 0.0003711 seconds, Stopping threads took: 0.0002208 seconds
[2019-06-24T10:18:47.826+0000][1][safepoint    ] Application time: 1.0001919 seconds
[2019-06-24T10:18:47.826+0000][1][safepoint    ] Entering safepoint region: Cleanup
[2019-06-24T10:18:47.826+0000][1][safepoint    ] Leaving safepoint region
[2019-06-24T10:18:47.826+0000][1][safepoint    ] Total time for which application threads were stopped: 0.0002210 seconds, Stopping threads took: 0.0000592 seconds
[2019-06-24T10:18:48.826+0000][1][safepoint    ] Application time: 1.0001718 seconds
[2019-06-24T10:18:48.826+0000][1][safepoint    ] Entering safepoint region: Cleanup
[2019-06-24T10:18:48.827+0000][1][safepoint    ] Leaving safepoint region
[2019-06-24T10:18:48.827+0000][1][safepoint    ] Total time for which application threads were stopped: 0.0002884 seconds, Stopping threads took: 0.0000940 seconds
[2019-06-24T10:18:49.827+0000][1][safepoint    ] Application time: 1.0001343 seconds
[2019-06-24T10:18:49.827+0000][1][safepoint    ] Entering safepoint region: Cleanup
[2019-06-24T10:18:49.827+0000][1][safepoint    ] Leaving safepoint region
[2019-06-24T10:18:49.827+0000][1][safepoint    ] Total time for which application threads were stopped: 0.0002537 seconds, Stopping threads took: 0.0000955 seconds
[2019-06-24T10:18:50.827+0000][1][safepoint    ] Application time: 1.0001917 seconds
[2019-06-24T10:18:50.828+0000][1][safepoint    ] Entering safepoint region: Cleanup
[2019-06-24T10:18:50.828+0000][1][safepoint    ] Leaving safepoint region
[2019-06-24T10:18:50.828+0000][1][safepoint    ] Total time for which application threads were stopped: 0.0002625 seconds, Stopping threads took: 0.0000926 seconds
[2019-06-24T10:18:51.825+0000][1][safepoint    ] Application time: 0.9968925 seconds
[2019-06-24T10:18:51.825+0000][1][safepoint    ] Entering safepoint region: RevokeBias
[2019-06-24T10:18:51.825+0000][1][safepoint    ] Leaving safepoint region
[2019-06-24T10:18:51.825+0000][1][safepoint    ] Total time for which application threads were stopped: 0.0002197 seconds, Stopping threads took: 0.0000369 seconds
[2019-06-24T10:18:52.825+0000][1][safepoint    ] Application time: 1.0001295 seconds
[2019-06-24T10:18:52.825+0000][1][safepoint    ] Entering safepoint region: Cleanup
[2019-06-24T10:18:52.825+0000][1][safepoint    ] Leaving safepoint region
[2019-06-24T10:18:52.825+0000][1][safepoint    ] Total time for which application threads were stopped: 0.0000935 seconds, Stopping threads took: 0.0000241 seconds
[2019-06-24T10:18:53.825+0000][1][safepoint    ] Application time: 1.0001686 seconds
[2019-06-24T10:18:53.826+0000][1][safepoint    ] Entering safepoint region: Cleanup
[2019-06-24T10:18:53.826+0000][1][safepoint    ] Leaving safepoint region
[2019-06-24T10:18:53.826+0000][1][safepoint    ] Total time for which application threads were stopped: 0.0002593 seconds, Stopping threads took: 0.0000997 seconds
[2019-06-24T10:18:54.826+0000][1][safepoint    ] Application time: 1.0001790 seconds
[2019-06-24T10:18:54.826+0000][1][safepoint    ] Entering safepoint region: Cleanup
[2019-06-24T10:18:54.826+0000][1][safepoint    ] Leaving safepoint region
[2019-06-24T10:18:54.826+0000][1][safepoint    ] Total time for which application threads were stopped: 0.0002177 seconds, Stopping threads took: 0.0000538 seconds
[2019-06-24T10:18:55.827+0000][1][safepoint    ] Application time: 1.0001451 seconds
[2019-06-24T10:18:55.827+0000][1][safepoint    ] Entering safepoint region: Cleanup
[2019-06-24T10:18:55.827+0000][1][safepoint    ] Leaving safepoint region
[2019-06-24T10:18:55.827+0000][1][safepoint    ] Total time for which application threads were stopped: 0.0001952 seconds, Stopping threads took: 0.0000825 seconds
[2019-06-24T10:18:56.827+0000][1][safepoint    ] Application time: 1.0002049 seconds
[2019-06-24T10:18:56.827+0000][1][safepoint    ] Entering safepoint region: Cleanup
[2019-06-24T10:18:56.827+0000][1][safepoint    ] Leaving safepoint region
[2019-06-24T10:18:56.827+0000][1][safepoint    ] Total time for which application threads were stopped: 0.0002473 seconds, Stopping threads took: 0.0000652 seconds
[2019-06-24T10:18:57.828+0000][1][safepoint    ] Application time: 1.0001713 seconds
[2019-06-24T10:18:57.828+0000][1][safepoint    ] Entering safepoint region: Cleanup
[2019-06-24T10:18:57.828+0000][1][safepoint    ] Leaving safepoint region
[2019-06-24T10:18:57.828+0000][1][safepoint    ] Total time for which application threads were stopped: 0.0001751 seconds, Stopping threads took: 0.0000513 seconds
[2019-06-24T10:18:58.828+0000][1][safepoint    ] Application time: 1.0001461 seconds
[2019-06-24T10:18:58.828+0000][1][safepoint    ] Entering safepoint region: Cleanup
[2019-06-24T10:18:58.828+0000][1][safepoint    ] Leaving safepoint region
[2019-06-24T10:18:58.828+0000][1][safepoint    ] Total time for which application threads were stopped: 0.0002603 seconds, Stopping threads took: 0.0000591 seconds
[2019-06-24T10:18:59.829+0000][1][safepoint    ] Application time: 1.0001294 seconds
[2019-06-24T10:18:59.829+0000][1][safepoint    ] Entering safepoint region: Cleanup
[2019-06-24T10:18:59.829+0000][1][safepoint    ] Leaving safepoint region
[2019-06-24T10:18:59.829+0000][1][safepoint    ] Total time for which application threads were stopped: 0.0001785 seconds, Stopping threads took: 0.0000516 seconds
[2019-06-24T10:19:00.829+0000][1][safepoint    ] Application time: 1.0001043 seconds
[2019-06-24T10:19:00.829+0000][1][safepoint    ] Entering safepoint region: Cleanup
[2019-06-24T10:19:00.829+0000][1][safepoint    ] Leaving safepoint region
[2019-06-24T10:19:00.829+0000][1][safepoint    ] Total time for which application threads were stopped: 0.0001481 seconds, Stopping threads took: 0.0000394 seconds
[2019-06-24T10:19:01.830+0000][1][safepoint    ] Application time: 1.0002691 seconds
[2019-06-24T10:19:01.830+0000][1][safepoint    ] Entering safepoint region: Cleanup
[2019-06-24T10:19:01.830+0000][1][safepoint    ] Leaving safepoint region
[2019-06-24T10:19:01.830+0000][1][safepoint    ] Total time for which application threads were stopped: 0.0002632 seconds, Stopping threads took: 0.0000724 seconds
[2019-06-24T10:19:02.830+0000][1][safepoint    ] Application time: 1.0001457 seconds
[2019-06-24T10:19:02.830+0000][1][safepoint    ] Entering safepoint region: Cleanup
[2019-06-24T10:19:02.830+0000][1][safepoint    ] Leaving safepoint region
[2019-06-24T10:19:02.830+0000][1][safepoint    ] Total time for which application threads were stopped: 0.0002635 seconds, Stopping threads took: 0.0000690 seconds
[2019-06-24T10:19:03.831+0000][1][safepoint    ] Application time: 1.0001619 seconds
[2019-06-24T10:19:03.831+0000][1][safepoint    ] Entering safepoint region: Cleanup
[2019-06-24T10:19:03.831+0000][1][safepoint    ] Leaving safepoint region
[2019-06-24T10:19:03.831+0000][1][safepoint    ] Total time for which application threads were stopped: 0.0002688 seconds, Stopping threads took: 0.0000716 seconds
[2019-06-24T10:19:04.831+0000][1][safepoint    ] Application time: 1.0001673 seconds
[2019-06-24T10:19:04.831+0000][1][safepoint    ] Entering safepoint region: Cleanup
[2019-06-24T10:19:04.832+0000][1][safepoint    ] Leaving safepoint region
[2019-06-24T10:19:04.832+0000][1][safepoint    ] Total time for which application threads were stopped: 0.0002161 seconds, Stopping threads took: 0.0000588 seconds
[2019-06-24T10:19:05.832+0000][1][safepoint    ] Application time: 1.0001375 seconds
[2019-06-24T10:19:05.832+0000][1][safepoint    ] Entering safepoint region: Cleanup
[2019-06-24T10:19:05.832+0000][1][safepoint    ] Leaving safepoint region
[2019-06-24T10:19:05.832+0000][1][safepoint    ] Total time for which application threads were stopped: 0.0000951 seconds, Stopping threads took: 0.0000311 seconds
[2019-06-24T10:19:06.832+0000][1][safepoint    ] Application time: 1.0002636 seconds
[2019-06-24T10:19:06.832+0000][1][safepoint    ] Entering safepoint region: Cleanup
[2019-06-24T10:19:06.832+0000][1][safepoint    ] Leaving safepoint region
[2019-06-24T10:19:06.832+0000][1][safepoint    ] Total time for which application threads were stopped: 0.0000909 seconds, Stopping threads took: 0.0000267 seconds
[2019-06-24T10:19:06.843+0000][1][safepoint    ] Application time: 0.0108621 seconds
[2019-06-24T10:19:06.843+0000][1][safepoint    ] Entering safepoint region: GenCollectForAllocation
[2019-06-24T10:19:06.843+0000][1][gc,start     ] GC(30) Pause Young (Allocation Failure)
[2019-06-24T10:19:06.843+0000][1][gc,task      ] GC(30) Using 5 workers of 8 for evacuation
[2019-06-24T10:19:06.845+0000][1][gc,age       ] GC(30) Desired survivor size 4456448 bytes, new threshold 6 (max threshold 6)
[2019-06-24T10:19:06.845+0000][1][gc,age       ] GC(30) Age table with threshold 6 (max threshold 6)
[2019-06-24T10:19:06.845+0000][1][gc,age       ] GC(30) - age   1:       7472 bytes,       7472 total
[2019-06-24T10:19:06.845+0000][1][gc,age       ] GC(30) - age   2:       3448 bytes,      10920 total
[2019-06-24T10:19:06.845+0000][1][gc,age       ] GC(30) - age   3:       2688 bytes,      13608 total
[2019-06-24T10:19:06.845+0000][1][gc,age       ] GC(30) - age   4:      81616 bytes,      95224 total
[2019-06-24T10:19:06.845+0000][1][gc,age       ] GC(30) - age   5:       2792 bytes,      98016 total
[2019-06-24T10:19:06.845+0000][1][gc,age       ] GC(30) - age   6:       5704 bytes,     103720 total
[2019-06-24T10:19:06.845+0000][1][gc,heap      ] GC(30) ParNew: 70620K->231K(78656K)
[2019-06-24T10:19:06.845+0000][1][gc,heap      ] GC(30) CMS: 69461K->69560K(174784K)
[2019-06-24T10:19:06.845+0000][1][gc,metaspace ] GC(30) Metaspace: 68029K->68029K(1112064K)
[2019-06-24T10:19:06.845+0000][1][gc           ] GC(30) Pause Young (Allocation Failure) 136M->68M(247M) 1.383ms
[2019-06-24T10:19:06.845+0000][1][gc,cpu       ] GC(30) User=0.01s Sys=0.00s Real=0.00s
[2019-06-24T10:19:06.845+0000][1][safepoint    ] Leaving safepoint region
[2019-06-24T10:19:06.845+0000][1][safepoint    ] Total time for which application threads were stopped: 0.0015457 seconds, Stopping threads took: 0.0000217 seconds
[2019-06-24T10:19:07.845+0000][1][safepoint    ] Application time: 1.0002735 seconds
[2019-06-24T10:19:07.845+0000][1][safepoint    ] Entering safepoint region: Cleanup
[2019-06-24T10:19:07.845+0000][1][safepoint    ] Leaving safepoint region
[2019-06-24T10:19:07.845+0000][1][safepoint    ] Total time for which application threads were stopped: 0.0002642 seconds, Stopping threads took: 0.0000713 seconds
[2019-06-24T10:19:08.846+0000][1][safepoint    ] Application time: 1.0002429 seconds
[2019-06-24T10:19:08.846+0000][1][safepoint    ] Entering safepoint region: Cleanup
[2019-06-24T10:19:08.846+0000][1][safepoint    ] Leaving safepoint region
[2019-06-24T10:19:08.846+0000][1][safepoint    ] Total time for which application threads were stopped: 0.0001783 seconds, Stopping threads took: 0.0000494 seconds
[2019-06-24T10:19:09.846+0000][1][safepoint    ] Application time: 1.0002559 seconds
[2019-06-24T10:19:09.846+0000][1][safepoint    ] Entering safepoint region: Cleanup
[2019-06-24T10:19:09.847+0000][1][safepoint    ] Leaving safepoint region
[2019-06-24T10:19:09.847+0000][1][safepoint    ] Total time for which application threads were stopped: 0.0003293 seconds, Stopping threads took: 0.0000649 seconds
[2019-06-24T10:19:10.847+0000][1][safepoint    ] Application time: 1.0001377 seconds
[2019-06-24T10:19:10.847+0000][1][safepoint    ] Entering safepoint region: Cleanup
[2019-06-24T10:19:10.847+0000][1][safepoint    ] Leaving safepoint region
[2019-06-24T10:19:10.847+0000][1][safepoint    ] Total time for which application threads were stopped: 0.0002275 seconds, Stopping threads took: 0.0000635 seconds
[2019-06-24T10:19:11.847+0000][1][safepoint    ] Application time: 1.0001903 seconds
[2019-06-24T10:19:11.848+0000][1][safepoint    ] Entering safepoint region: Cleanup
[2019-06-24T10:19:11.848+0000][1][safepoint    ] Leaving safepoint region
[2019-06-24T10:19:11.848+0000][1][safepoint    ] Total time for which application threads were stopped: 0.0002322 seconds, Stopping threads took: 0.0000608 seconds
[2019-06-24T10:19:12.848+0000][1][safepoint    ] Application time: 1.0002205 seconds
[2019-06-24T10:19:12.848+0000][1][safepoint    ] Entering safepoint region: Cleanup
[2019-06-24T10:19:12.848+0000][1][safepoint    ] Leaving safepoint region
[2019-06-24T10:19:12.848+0000][1][safepoint    ] Total time for which application threads were stopped: 0.0002543 seconds, Stopping threads took: 0.0000734 seconds
[2019-06-24T10:19:13.849+0000][1][safepoint    ] Application time: 1.0002580 seconds
[2019-06-24T10:19:13.849+0000][1][safepoint    ] Entering safepoint region: Cleanup
[2019-06-24T10:19:13.849+0000][1][safepoint    ] Leaving safepoint region
[2019-06-24T10:19:13.849+0000][1][safepoint    ] Total time for which application threads were stopped: 0.0002278 seconds, Stopping threads took: 0.0000617 seconds
[2019-06-24T10:19:14.849+0000][1][safepoint    ] Application time: 1.0001972 seconds
[2019-06-24T10:19:14.849+0000][1][safepoint    ] Entering safepoint region: Cleanup
[2019-06-24T10:19:14.850+0000][1][safepoint    ] Leaving safepoint region
[2019-06-24T10:19:14.850+0000][1][safepoint    ] Total time for which application threads were stopped: 0.0002222 seconds, Stopping threads took: 0.0000604 seconds
[2019-06-24T10:19:15.850+0000][1][safepoint    ] Application time: 1.0001889 seconds
[2019-06-24T10:19:15.850+0000][1][safepoint    ] Entering safepoint region: Cleanup
[2019-06-24T10:19:15.850+0000][1][safepoint    ] Leaving safepoint region
[2019-06-24T10:19:15.850+0000][1][safepoint    ] Total time for which application threads were stopped: 0.0002734 seconds, Stopping threads took: 0.0000745 seconds
[2019-06-24T10:19:16.851+0000][1][safepoint    ] Application time: 1.0002946 seconds
[2019-06-24T10:19:16.851+0000][1][safepoint    ] Entering safepoint region: Cleanup
[2019-06-24T10:19:16.851+0000][1][safepoint    ] Leaving safepoint region
[2019-06-24T10:19:16.851+0000][1][safepoint    ] Total time for which application threads were stopped: 0.0003517 seconds, Stopping threads took: 0.0000979 seconds
[2019-06-24T10:19:17.851+0000][1][safepoint    ] Application time: 1.0002566 seconds
[2019-06-24T10:19:17.851+0000][1][safepoint    ] Entering safepoint region: Cleanup
[2019-06-24T10:19:17.852+0000][1][safepoint    ] Leaving safepoint region
[2019-06-24T10:19:17.852+0000][1][safepoint    ] Total time for which application threads were stopped: 0.0002435 seconds, Stopping threads took: 0.0000620 seconds
[2019-06-24T10:19:18.852+0000][1][safepoint    ] Application time: 1.0001588 seconds
[2019-06-24T10:19:18.852+0000][1][safepoint    ] Entering safepoint region: Cleanup
[2019-06-24T10:19:18.852+0000][1][safepoint    ] Leaving safepoint region
[2019-06-24T10:19:18.852+0000][1][safepoint    ] Total time for which application threads were stopped: 0.0002433 seconds, Stopping threads took: 0.0000845 seconds
[2019-06-24T10:19:19.852+0000][1][safepoint    ] Application time: 1.0002138 seconds
[2019-06-24T10:19:19.853+0000][1][safepoint    ] Entering safepoint region: Cleanup
[2019-06-24T10:19:19.853+0000][1][safepoint    ] Leaving safepoint region
[2019-06-24T10:19:19.853+0000][1][safepoint    ] Total time for which application threads were stopped: 0.0003098 seconds, Stopping threads took: 0.0000768 seconds
[2019-06-24T10:19:20.853+0000][1][safepoint    ] Application time: 1.0001752 seconds
[2019-06-24T10:19:20.853+0000][1][safepoint    ] Entering safepoint region: Cleanup
[2019-06-24T10:19:20.853+0000][1][safepoint    ] Leaving safepoint region
[2019-06-24T10:19:20.853+0000][1][safepoint    ] Total time for which application threads were stopped: 0.0002151 seconds, Stopping threads took: 0.0000495 seconds
[2019-06-24T10:19:21.854+0000][1][safepoint    ] Application time: 1.0001986 seconds
[2019-06-24T10:19:21.854+0000][1][safepoint    ] Entering safepoint region: Cleanup
[2019-06-24T10:19:21.854+0000][1][safepoint    ] Leaving safepoint region
[2019-06-24T10:19:21.854+0000][1][safepoint    ] Total time for which application threads were stopped: 0.0003306 seconds, Stopping threads took: 0.0000836 seconds
[2019-06-24T10:19:22.854+0000][1][safepoint    ] Application time: 1.0001772 seconds
[2019-06-24T10:19:22.855+0000][1][safepoint    ] Entering safepoint region: Cleanup
[2019-06-24T10:19:22.855+0000][1][safepoint    ] Leaving safepoint region
[2019-06-24T10:19:22.855+0000][1][safepoint    ] Total time for which application threads were stopped: 0.0005250 seconds, Stopping threads took: 0.0001345 seconds
[2019-06-24T10:19:23.856+0000][1][safepoint    ] Application time: 1.0002637 seconds
[2019-06-24T10:19:23.856+0000][1][safepoint    ] Entering safepoint region: Cleanup
[2019-06-24T10:19:23.856+0000][1][safepoint    ] Leaving safepoint region
[2019-06-24T10:19:23.856+0000][1][safepoint    ] Total time for which application threads were stopped: 0.0003505 seconds, Stopping threads took: 0.0001270 seconds
[2019-06-24T10:19:24.856+0000][1][safepoint    ] Application time: 1.0002643 seconds
[2019-06-24T10:19:24.856+0000][1][safepoint    ] Entering safepoint region: Cleanup
[2019-06-24T10:19:24.857+0000][1][safepoint    ] Leaving safepoint region
[2019-06-24T10:19:24.857+0000][1][safepoint    ] Total time for which application threads were stopped: 0.0002318 seconds, Stopping threads took: 0.0000613 seconds
[2019-06-24T10:19:25.857+0000][1][safepoint    ] Application time: 1.0002992 seconds
[2019-06-24T10:19:25.857+0000][1][safepoint    ] Entering safepoint region: Cleanup
[2019-06-24T10:19:25.857+0000][1][safepoint    ] Leaving safepoint region
[2019-06-24T10:19:25.857+0000][1][safepoint    ] Total time for which application threads were stopped: 0.0002614 seconds, Stopping threads took: 0.0000729 seconds
[2019-06-24T10:19:26.858+0000][1][safepoint    ] Application time: 1.0002458 seconds
[2019-06-24T10:19:26.858+0000][1][safepoint    ] Entering safepoint region: Cleanup
[2019-06-24T10:19:26.859+0000][1][safepoint    ] Leaving safepoint region
[2019-06-24T10:19:26.859+0000][1][safepoint    ] Total time for which application threads were stopped: 0.0011103 seconds, Stopping threads took: 0.0009313 seconds
[2019-06-24T10:19:27.859+0000][1][safepoint    ] Application time: 1.0001760 seconds
[2019-06-24T10:19:27.859+0000][1][safepoint    ] Entering safepoint region: Cleanup
[2019-06-24T10:19:27.859+0000][1][safepoint    ] Leaving safepoint region
[2019-06-24T10:19:27.859+0000][1][safepoint    ] Total time for which application threads were stopped: 0.0002786 seconds, Stopping threads took: 0.0000622 seconds
[2019-06-24T10:19:28.860+0000][1][safepoint    ] Application time: 1.0002696 seconds
[2019-06-24T10:19:28.860+0000][1][safepoint    ] Entering safepoint region: Cleanup
[2019-06-24T10:19:28.860+0000][1][safepoint    ] Leaving safepoint region
[2019-06-24T10:19:28.860+0000][1][safepoint    ] Total time for which application threads were stopped: 0.0002353 seconds, Stopping threads took: 0.0000618 seconds
[2019-06-24T10:19:29.860+0000][1][safepoint    ] Application time: 1.0002670 seconds
[2019-06-24T10:19:29.861+0000][1][safepoint    ] Entering safepoint region: Cleanup
[2019-06-24T10:19:29.861+0000][1][safepoint    ] Leaving safepoint region
[2019-06-24T10:19:29.861+0000][1][safepoint    ] Total time for which application threads were stopped: 0.0002463 seconds, Stopping threads took: 0.0000611 seconds
[2019-06-24T10:19:30.861+0000][1][safepoint    ] Application time: 1.0002683 seconds
[2019-06-24T10:19:30.861+0000][1][safepoint    ] Entering safepoint region: Cleanup
[2019-06-24T10:19:30.861+0000][1][safepoint    ] Leaving safepoint region
[2019-06-24T10:19:30.861+0000][1][safepoint    ] Total time for which application threads were stopped: 0.0002328 seconds, Stopping threads took: 0.0000613 seconds
[2019-06-24T10:19:31.862+0000][1][safepoint    ] Application time: 1.0001436 seconds
[2019-06-24T10:19:31.862+0000][1][safepoint    ] Entering safepoint region: Cleanup
[2019-06-24T10:19:31.863+0000][1][safepoint    ] Leaving safepoint region
[2019-06-24T10:19:31.863+0000][1][safepoint    ] Total time for which application threads were stopped: 0.0013130 seconds, Stopping threads took: 0.0009910 seconds
[2019-06-24T10:19:32.863+0000][1][safepoint    ] Application time: 1.0002287 seconds
[2019-06-24T10:19:32.863+0000][1][safepoint    ] Entering safepoint region: Cleanup
[2019-06-24T10:19:32.864+0000][1][safepoint    ] Leaving safepoint region
[2019-06-24T10:19:32.864+0000][1][safepoint    ] Total time for which application threads were stopped: 0.0002342 seconds, Stopping threads took: 0.0000620 seconds
[2019-06-24T10:19:33.864+0000][1][safepoint    ] Application time: 1.0002686 seconds
[2019-06-24T10:19:33.864+0000][1][safepoint    ] Entering safepoint region: Cleanup
[2019-06-24T10:19:33.864+0000][1][safepoint    ] Leaving safepoint region
[2019-06-24T10:19:33.864+0000][1][safepoint    ] Total time for which application threads were stopped: 0.0002339 seconds, Stopping threads took: 0.0000621 seconds
[2019-06-24T10:19:34.865+0000][1][safepoint    ] Application time: 1.0002662 seconds
[2019-06-24T10:19:34.865+0000][1][safepoint    ] Entering safepoint region: Cleanup
[2019-06-24T10:19:34.865+0000][1][safepoint    ] Leaving safepoint region
[2019-06-24T10:19:34.865+0000][1][safepoint    ] Total time for which application threads were stopped: 0.0002300 seconds, Stopping threads took: 0.0000602 seconds
[2019-06-24T10:19:36.824+0000][1][safepoint    ] Application time: 1.9595608 seconds
[2019-06-24T10:19:36.825+0000][1][safepoint    ] Entering safepoint region: Cleanup
[2019-06-24T10:19:36.825+0000][1][safepoint    ] Leaving safepoint region
[2019-06-24T10:19:36.825+0000][1][safepoint    ] Total time for which application threads were stopped: 0.0003669 seconds, Stopping threads took: 0.0001543 seconds
[2019-06-24T10:19:37.825+0000][1][safepoint    ] Application time: 1.0002776 seconds
[2019-06-24T10:19:37.825+0000][1][safepoint    ] Entering safepoint region: Cleanup
[2019-06-24T10:19:37.826+0000][1][safepoint    ] Leaving safepoint region
[2019-06-24T10:19:37.826+0000][1][safepoint    ] Total time for which application threads were stopped: 0.0002631 seconds, Stopping threads took: 0.0000664 seconds
[2019-06-24T10:19:38.826+0000][1][safepoint    ] Application time: 1.0002885 seconds
[2019-06-24T10:19:38.826+0000][1][safepoint    ] Entering safepoint region: Cleanup
[2019-06-24T10:19:38.826+0000][1][safepoint    ] Leaving safepoint region
[2019-06-24T10:19:38.826+0000][1][safepoint    ] Total time for which application threads were stopped: 0.0003066 seconds, Stopping threads took: 0.0000622 seconds
[2019-06-24T10:19:39.827+0000][1][safepoint    ] Application time: 1.0003143 seconds
[2019-06-24T10:19:39.827+0000][1][safepoint    ] Entering safepoint region: Cleanup
[2019-06-24T10:19:39.827+0000][1][safepoint    ] Leaving safepoint region
[2019-06-24T10:19:39.827+0000][1][safepoint    ] Total time for which application threads were stopped: 0.0003046 seconds, Stopping threads took: 0.0000820 seconds
[2019-06-24T10:19:40.827+0000][1][safepoint    ] Application time: 1.0001571 seconds
[2019-06-24T10:19:40.827+0000][1][safepoint    ] Entering safepoint region: Cleanup
[2019-06-24T10:19:40.828+0000][1][safepoint    ] Leaving safepoint region
[2019-06-24T10:19:40.828+0000][1][safepoint    ] Total time for which application threads were stopped: 0.0002894 seconds, Stopping threads took: 0.0000611 seconds
[2019-06-24T10:19:41.828+0000][1][safepoint    ] Application time: 1.0002715 seconds
[2019-06-24T10:19:41.828+0000][1][safepoint    ] Entering safepoint region: Cleanup
[2019-06-24T10:19:41.828+0000][1][safepoint    ] Leaving safepoint region
[2019-06-24T10:19:41.828+0000][1][safepoint    ] Total time for which application threads were stopped: 0.0002927 seconds, Stopping threads took: 0.0000619 seconds
[2019-06-24T10:19:42.829+0000][1][safepoint    ] Application time: 1.0002714 seconds
[2019-06-24T10:19:42.829+0000][1][safepoint    ] Entering safepoint region: Cleanup
[2019-06-24T10:19:42.829+0000][1][safepoint    ] Leaving safepoint region
[2019-06-24T10:19:42.829+0000][1][safepoint    ] Total time for which application threads were stopped: 0.0003141 seconds, Stopping threads took: 0.0000622 seconds
[2019-06-24T10:19:43.829+0000][1][safepoint    ] Application time: 1.0001910 seconds
[2019-06-24T10:19:43.830+0000][1][safepoint    ] Entering safepoint region: Cleanup
[2019-06-24T10:19:43.830+0000][1][safepoint    ] Leaving safepoint region
[2019-06-24T10:19:43.830+0000][1][safepoint    ] Total time for which application threads were stopped: 0.0002635 seconds, Stopping threads took: 0.0000768 seconds
[2019-06-24T10:19:44.830+0000][1][safepoint    ] Application time: 1.0002419 seconds
[2019-06-24T10:19:44.830+0000][1][safepoint    ] Entering safepoint region: Cleanup
[2019-06-24T10:19:44.830+0000][1][safepoint    ] Leaving safepoint region
[2019-06-24T10:19:44.830+0000][1][safepoint    ] Total time for which application threads were stopped: 0.0002286 seconds, Stopping threads took: 0.0000614 seconds
[2019-06-24T10:19:45.831+0000][1][safepoint    ] Application time: 1.0003235 seconds
[2019-06-24T10:19:45.831+0000][1][safepoint    ] Entering safepoint region: Cleanup
[2019-06-24T10:19:45.831+0000][1][safepoint    ] Leaving safepoint region
[2019-06-24T10:19:45.831+0000][1][safepoint    ] Total time for which application threads were stopped: 0.0002334 seconds, Stopping threads took: 0.0000622 seconds
[2019-06-24T10:19:46.831+0000][1][safepoint    ] Application time: 1.0002381 seconds
[2019-06-24T10:19:46.831+0000][1][safepoint    ] Entering safepoint region: Cleanup
[2019-06-24T10:19:46.832+0000][1][safepoint    ] Leaving safepoint region
[2019-06-24T10:19:46.832+0000][1][safepoint    ] Total time for which application threads were stopped: 0.0002033 seconds, Stopping threads took: 0.0000708 seconds
[2019-06-24T10:19:47.832+0000][1][safepoint    ] Application time: 1.0002496 seconds
[2019-06-24T10:19:47.832+0000][1][safepoint    ] Entering safepoint region: Cleanup
[2019-06-24T10:19:47.832+0000][1][safepoint    ] Leaving safepoint region
[2019-06-24T10:19:47.832+0000][1][safepoint    ] Total time for which application threads were stopped: 0.0002333 seconds, Stopping threads took: 0.0000614 seconds
[2019-06-24T10:19:48.833+0000][1][safepoint    ] Application time: 1.0002808 seconds
[2019-06-24T10:19:48.833+0000][1][safepoint    ] Entering safepoint region: Cleanup
[2019-06-24T10:19:48.833+0000][1][safepoint    ] Leaving safepoint region
[2019-06-24T10:19:48.833+0000][1][safepoint    ] Total time for which application threads were stopped: 0.0002358 seconds, Stopping threads took: 0.0000623 seconds
[2019-06-24T10:19:49.833+0000][1][safepoint    ] Application time: 1.0003128 seconds
[2019-06-24T10:19:49.833+0000][1][safepoint    ] Entering safepoint region: Cleanup
[2019-06-24T10:19:49.833+0000][1][safepoint    ] Leaving safepoint region
[2019-06-24T10:19:49.834+0000][1][safepoint    ] Total time for which application threads were stopped: 0.0001832 seconds, Stopping threads took: 0.0000328 seconds
[2019-06-24T10:19:50.834+0000][1][safepoint    ] Application time: 1.0002411 seconds
[2019-06-24T10:19:50.834+0000][1][safepoint    ] Entering safepoint region: Cleanup
[2019-06-24T10:19:50.834+0000][1][safepoint    ] Leaving safepoint region
[2019-06-24T10:19:50.834+0000][1][safepoint    ] Total time for which application threads were stopped: 0.0001214 seconds, Stopping threads took: 0.0000312 seconds
[2019-06-24T10:19:51.834+0000][1][safepoint    ] Application time: 1.0001843 seconds
[2019-06-24T10:19:51.834+0000][1][safepoint    ] Entering safepoint region: Cleanup
[2019-06-24T10:19:51.834+0000][1][safepoint    ] Leaving safepoint region
[2019-06-24T10:19:51.835+0000][1][safepoint    ] Total time for which application threads were stopped: 0.0002647 seconds, Stopping threads took: 0.0000557 seconds
[2019-06-24T10:19:52.835+0000][1][safepoint    ] Application time: 1.0001552 seconds
[2019-06-24T10:19:52.835+0000][1][safepoint    ] Entering safepoint region: Cleanup
[2019-06-24T10:19:52.835+0000][1][safepoint    ] Leaving safepoint region
[2019-06-24T10:19:52.835+0000][1][safepoint    ] Total time for which application threads were stopped: 0.0002342 seconds, Stopping threads took: 0.0000634 seconds
[2019-06-24T10:19:53.835+0000][1][safepoint    ] Application time: 1.0002685 seconds
[2019-06-24T10:19:53.836+0000][1][safepoint    ] Entering safepoint region: Cleanup
[2019-06-24T10:19:53.836+0000][1][safepoint    ] Leaving safepoint region
[2019-06-24T10:19:53.836+0000][1][safepoint    ] Total time for which application threads were stopped: 0.0002365 seconds, Stopping threads took: 0.0000620 seconds
[2019-06-24T10:19:54.836+0000][1][safepoint    ] Application time: 1.0002675 seconds
[2019-06-24T10:19:54.836+0000][1][safepoint    ] Entering safepoint region: Cleanup
[2019-06-24T10:19:54.836+0000][1][safepoint    ] Leaving safepoint region
[2019-06-24T10:19:54.836+0000][1][safepoint    ] Total time for which application threads were stopped: 0.0002307 seconds, Stopping threads took: 0.0000615 seconds
[2019-06-24T10:19:55.837+0000][1][safepoint    ] Application time: 1.0002720 seconds
[2019-06-24T10:19:55.837+0000][1][safepoint    ] Entering safepoint region: Cleanup
[2019-06-24T10:19:55.837+0000][1][safepoint    ] Leaving safepoint region
[2019-06-24T10:19:55.837+0000][1][safepoint    ] Total time for which application threads were stopped: 0.0003065 seconds, Stopping threads took: 0.0001041 seconds
[2019-06-24T10:19:56.837+0000][1][safepoint    ] Application time: 1.0002783 seconds
[2019-06-24T10:19:56.837+0000][1][safepoint    ] Entering safepoint region: Cleanup
[2019-06-24T10:19:56.838+0000][1][safepoint    ] Leaving safepoint region
[2019-06-24T10:19:56.838+0000][1][safepoint    ] Total time for which application threads were stopped: 0.0001225 seconds, Stopping threads took: 0.0000424 seconds
[2019-06-24T10:19:57.838+0000][1][safepoint    ] Application time: 1.0001676 seconds
[2019-06-24T10:19:57.838+0000][1][safepoint    ] Entering safepoint region: Cleanup
[2019-06-24T10:19:57.838+0000][1][safepoint    ] Leaving safepoint region
[2019-06-24T10:19:57.838+0000][1][safepoint    ] Total time for which application threads were stopped: 0.0002286 seconds, Stopping threads took: 0.0000615 seconds
[2019-06-24T10:19:58.838+0000][1][safepoint    ] Application time: 1.0002568 seconds
[2019-06-24T10:19:58.839+0000][1][safepoint    ] Entering safepoint region: Cleanup
[2019-06-24T10:19:58.839+0000][1][safepoint    ] Leaving safepoint region
[2019-06-24T10:19:58.839+0000][1][safepoint    ] Total time for which application threads were stopped: 0.0002493 seconds, Stopping threads took: 0.0000739 seconds
[2019-06-24T10:19:59.839+0000][1][safepoint    ] Application time: 1.0002657 seconds
[2019-06-24T10:19:59.839+0000][1][safepoint    ] Entering safepoint region: Cleanup
[2019-06-24T10:19:59.839+0000][1][safepoint    ] Leaving safepoint region
[2019-06-24T10:19:59.839+0000][1][safepoint    ] Total time for which application threads were stopped: 0.0001112 seconds, Stopping threads took: 0.0000298 seconds
[2019-06-24T10:20:00.839+0000][1][safepoint    ] Application time: 1.0001881 seconds
[2019-06-24T10:20:00.840+0000][1][safepoint    ] Entering safepoint region: Cleanup
[2019-06-24T10:20:00.840+0000][1][safepoint    ] Leaving safepoint region
[2019-06-24T10:20:00.840+0000][1][safepoint    ] Total time for which application threads were stopped: 0.0002371 seconds, Stopping threads took: 0.0000643 seconds
[2019-06-24T10:20:01.840+0000][1][safepoint    ] Application time: 1.0002723 seconds
[2019-06-24T10:20:01.840+0000][1][safepoint    ] Entering safepoint region: Cleanup
[2019-06-24T10:20:01.840+0000][1][safepoint    ] Leaving safepoint region
[2019-06-24T10:20:01.840+0000][1][safepoint    ] Total time for which application threads were stopped: 0.0002364 seconds, Stopping threads took: 0.0000626 seconds
[2019-06-24T10:20:02.841+0000][1][safepoint    ] Application time: 1.0002640 seconds
[2019-06-24T10:20:02.841+0000][1][safepoint    ] Entering safepoint region: Cleanup
[2019-06-24T10:20:02.841+0000][1][safepoint    ] Leaving safepoint region
[2019-06-24T10:20:02.841+0000][1][safepoint    ] Total time for which application threads were stopped: 0.0002339 seconds, Stopping threads took: 0.0000621 seconds
[2019-06-24T10:20:03.841+0000][1][safepoint    ] Application time: 1.0001686 seconds
[2019-06-24T10:20:03.841+0000][1][safepoint    ] Entering safepoint region: Cleanup
[2019-06-24T10:20:03.842+0000][1][safepoint    ] Leaving safepoint region
[2019-06-24T10:20:03.842+0000][1][safepoint    ] Total time for which application threads were stopped: 0.0002284 seconds, Stopping threads took: 0.0000623 seconds
[2019-06-24T10:20:04.842+0000][1][safepoint    ] Application time: 1.0002676 seconds
[2019-06-24T10:20:04.842+0000][1][safepoint    ] Entering safepoint region: Cleanup
[2019-06-24T10:20:04.842+0000][1][safepoint    ] Leaving safepoint region
[2019-06-24T10:20:04.842+0000][1][safepoint    ] Total time for which application threads were stopped: 0.0001149 seconds, Stopping threads took: 0.0000301 seconds
[2019-06-24T10:20:05.842+0000][1][safepoint    ] Application time: 1.0002626 seconds
[2019-06-24T10:20:05.843+0000][1][safepoint    ] Entering safepoint region: Cleanup
[2019-06-24T10:20:05.843+0000][1][safepoint    ] Leaving safepoint region
[2019-06-24T10:20:05.843+0000][1][safepoint    ] Total time for which application threads were stopped: 0.0003921 seconds, Stopping threads took: 0.0001698 seconds
[2019-06-24T10:20:06.843+0000][1][safepoint    ] Application time: 1.0002285 seconds
[2019-06-24T10:20:06.843+0000][1][safepoint    ] Entering safepoint region: Cleanup
[2019-06-24T10:20:06.843+0000][1][safepoint    ] Leaving safepoint region
[2019-06-24T10:20:06.843+0000][1][safepoint    ] Total time for which application threads were stopped: 0.0002724 seconds, Stopping threads took: 0.0000631 seconds
[2019-06-24T10:20:07.844+0000][1][safepoint    ] Application time: 1.0002494 seconds
[2019-06-24T10:20:07.844+0000][1][safepoint    ] Entering safepoint region: Cleanup
[2019-06-24T10:20:07.844+0000][1][safepoint    ] Leaving safepoint region
[2019-06-24T10:20:07.844+0000][1][safepoint    ] Total time for which application threads were stopped: 0.0003475 seconds, Stopping threads took: 0.0001495 seconds
[2019-06-24T10:20:08.845+0000][1][safepoint    ] Application time: 1.0002735 seconds
[2019-06-24T10:20:08.845+0000][1][safepoint    ] Entering safepoint region: Cleanup
[2019-06-24T10:20:08.845+0000][1][safepoint    ] Leaving safepoint region
[2019-06-24T10:20:08.845+0000][1][safepoint    ] Total time for which application threads were stopped: 0.0002295 seconds, Stopping threads took: 0.0000640 seconds
[2019-06-24T10:20:09.845+0000][1][safepoint    ] Application time: 1.0002863 seconds
[2019-06-24T10:20:09.845+0000][1][safepoint    ] Entering safepoint region: Cleanup
[2019-06-24T10:20:09.845+0000][1][safepoint    ] Leaving safepoint region
[2019-06-24T10:20:09.845+0000][1][safepoint    ] Total time for which application threads were stopped: 0.0001159 seconds, Stopping threads took: 0.0000298 seconds
[2019-06-24T10:20:10.846+0000][1][safepoint    ] Application time: 1.0002572 seconds
[2019-06-24T10:20:10.846+0000][1][safepoint    ] Entering safepoint region: Cleanup
[2019-06-24T10:20:10.846+0000][1][safepoint    ] Leaving safepoint region
[2019-06-24T10:20:10.846+0000][1][safepoint    ] Total time for which application threads were stopped: 0.0002345 seconds, Stopping threads took: 0.0000630 seconds
[2019-06-24T10:20:11.846+0000][1][safepoint    ] Application time: 1.0001908 seconds
[2019-06-24T10:20:11.846+0000][1][safepoint    ] Entering safepoint region: Cleanup
[2019-06-24T10:20:11.847+0000][1][safepoint    ] Leaving safepoint region
[2019-06-24T10:20:11.847+0000][1][safepoint    ] Total time for which application threads were stopped: 0.0003029 seconds, Stopping threads took: 0.0000632 seconds
[2019-06-24T10:20:12.914+0000][1][safepoint    ] Application time: 1.0672709 seconds
[2019-06-24T10:20:12.914+0000][1][safepoint    ] Entering safepoint region: Cleanup
[2019-06-24T10:20:12.914+0000][1][safepoint    ] Leaving safepoint region
[2019-06-24T10:20:12.914+0000][1][safepoint    ] Total time for which application threads were stopped: 0.0002925 seconds, Stopping threads took: 0.0000770 seconds
[2019-06-24T10:20:13.915+0000][1][safepoint    ] Application time: 1.0002760 seconds
[2019-06-24T10:20:13.915+0000][1][safepoint    ] Entering safepoint region: Cleanup
[2019-06-24T10:20:13.915+0000][1][safepoint    ] Leaving safepoint region
[2019-06-24T10:20:13.915+0000][1][safepoint    ] Total time for which application threads were stopped: 0.0002570 seconds, Stopping threads took: 0.0000645 seconds
[2019-06-24T10:20:14.915+0000][1][safepoint    ] Application time: 1.0002714 seconds
[2019-06-24T10:20:14.916+0000][1][safepoint    ] Entering safepoint region: Cleanup
[2019-06-24T10:20:14.916+0000][1][safepoint    ] Leaving safepoint region
[2019-06-24T10:20:14.916+0000][1][safepoint    ] Total time for which application threads were stopped: 0.0002384 seconds, Stopping threads took: 0.0000632 seconds
[2019-06-24T10:20:15.916+0000][1][safepoint    ] Application time: 1.0001363 seconds
[2019-06-24T10:20:15.916+0000][1][safepoint    ] Entering safepoint region: Cleanup
[2019-06-24T10:20:15.916+0000][1][safepoint    ] Leaving safepoint region
[2019-06-24T10:20:15.916+0000][1][safepoint    ] Total time for which application threads were stopped: 0.0002473 seconds, Stopping threads took: 0.0000581 seconds
[2019-06-24T10:20:16.916+0000][1][safepoint    ] Application time: 1.0001721 seconds
[2019-06-24T10:20:16.917+0000][1][safepoint    ] Entering safepoint region: Cleanup
[2019-06-24T10:20:16.917+0000][1][safepoint    ] Leaving safepoint region
[2019-06-24T10:20:16.917+0000][1][safepoint    ] Total time for which application threads were stopped: 0.0002544 seconds, Stopping threads took: 0.0000540 seconds
[2019-06-24T10:20:17.917+0000][1][safepoint    ] Application time: 1.0002415 seconds
[2019-06-24T10:20:17.917+0000][1][safepoint    ] Entering safepoint region: Cleanup
[2019-06-24T10:20:17.917+0000][1][safepoint    ] Leaving safepoint region
[2019-06-24T10:20:17.917+0000][1][safepoint    ] Total time for which application threads were stopped: 0.0002384 seconds, Stopping threads took: 0.0000631 seconds
[2019-06-24T10:20:18.918+0000][1][safepoint    ] Application time: 1.0001597 seconds
[2019-06-24T10:20:18.918+0000][1][safepoint    ] Entering safepoint region: Cleanup
[2019-06-24T10:20:18.918+0000][1][safepoint    ] Leaving safepoint region
[2019-06-24T10:20:18.918+0000][1][safepoint    ] Total time for which application threads were stopped: 0.0001511 seconds, Stopping threads took: 0.0000419 seconds
[2019-06-24T10:20:19.918+0000][1][safepoint    ] Application time: 1.0002444 seconds
[2019-06-24T10:20:19.918+0000][1][safepoint    ] Entering safepoint region: Cleanup
[2019-06-24T10:20:19.918+0000][1][safepoint    ] Leaving safepoint region
[2019-06-24T10:20:19.919+0000][1][safepoint    ] Total time for which application threads were stopped: 0.0003521 seconds, Stopping threads took: 0.0000786 seconds
[2019-06-24T10:20:20.919+0000][1][safepoint    ] Application time: 1.0001543 seconds
[2019-06-24T10:20:20.919+0000][1][safepoint    ] Entering safepoint region: Cleanup
[2019-06-24T10:20:20.919+0000][1][safepoint    ] Leaving safepoint region
[2019-06-24T10:20:20.919+0000][1][safepoint    ] Total time for which application threads were stopped: 0.0003575 seconds, Stopping threads took: 0.0000965 seconds
[2019-06-24T10:20:21.920+0000][1][safepoint    ] Application time: 1.0002677 seconds
[2019-06-24T10:20:21.920+0000][1][safepoint    ] Entering safepoint region: Cleanup
[2019-06-24T10:20:21.920+0000][1][safepoint    ] Leaving safepoint region
[2019-06-24T10:20:21.920+0000][1][safepoint    ] Total time for which application threads were stopped: 0.0001132 seconds, Stopping threads took: 0.0000309 seconds
[2019-06-24T10:20:22.920+0000][1][safepoint    ] Application time: 1.0001232 seconds
[2019-06-24T10:20:22.920+0000][1][safepoint    ] Entering safepoint region: Cleanup
[2019-06-24T10:20:22.920+0000][1][safepoint    ] Leaving safepoint region
[2019-06-24T10:20:22.920+0000][1][safepoint    ] Total time for which application threads were stopped: 0.0002692 seconds, Stopping threads took: 0.0000803 seconds
[2019-06-24T10:20:23.921+0000][1][safepoint    ] Application time: 1.0002596 seconds
[2019-06-24T10:20:23.921+0000][1][safepoint    ] Entering safepoint region: Cleanup
[2019-06-24T10:20:23.921+0000][1][safepoint    ] Leaving safepoint region
[2019-06-24T10:20:23.921+0000][1][safepoint    ] Total time for which application threads were stopped: 0.0003304 seconds, Stopping threads took: 0.0000805 seconds
[2019-06-24T10:20:24.921+0000][1][safepoint    ] Application time: 1.0002619 seconds
[2019-06-24T10:20:24.921+0000][1][safepoint    ] Entering safepoint region: Cleanup
[2019-06-24T10:20:24.921+0000][1][safepoint    ] Leaving safepoint region
[2019-06-24T10:20:24.921+0000][1][safepoint    ] Total time for which application threads were stopped: 0.0001061 seconds, Stopping threads took: 0.0000280 seconds
[2019-06-24T10:20:25.922+0000][1][safepoint    ] Application time: 1.0002545 seconds
[2019-06-24T10:20:25.922+0000][1][safepoint    ] Entering safepoint region: Cleanup
[2019-06-24T10:20:25.922+0000][1][safepoint    ] Leaving safepoint region
[2019-06-24T10:20:25.922+0000][1][safepoint    ] Total time for which application threads were stopped: 0.0002823 seconds, Stopping threads took: 0.0000792 seconds
[2019-06-24T10:20:26.922+0000][1][safepoint    ] Application time: 1.0002648 seconds
[2019-06-24T10:20:26.923+0000][1][safepoint    ] Entering safepoint region: Cleanup
[2019-06-24T10:20:26.923+0000][1][safepoint    ] Leaving safepoint region
[2019-06-24T10:20:26.923+0000][1][safepoint    ] Total time for which application threads were stopped: 0.0002819 seconds, Stopping threads took: 0.0000735 seconds
[2019-06-24T10:20:27.923+0000][1][safepoint    ] Application time: 1.0002642 seconds
[2019-06-24T10:20:27.923+0000][1][safepoint    ] Entering safepoint region: Cleanup
[2019-06-24T10:20:27.923+0000][1][safepoint    ] Leaving safepoint region
[2019-06-24T10:20:27.923+0000][1][safepoint    ] Total time for which application threads were stopped: 0.0001366 seconds, Stopping threads took: 0.0000355 seconds
[2019-06-24T10:20:28.924+0000][1][safepoint    ] Application time: 1.0002093 seconds
[2019-06-24T10:20:28.924+0000][1][safepoint    ] Entering safepoint region: Cleanup
[2019-06-24T10:20:28.924+0000][1][safepoint    ] Leaving safepoint region
[2019-06-24T10:20:28.924+0000][1][safepoint    ] Total time for which application threads were stopped: 0.0001459 seconds, Stopping threads took: 0.0000407 seconds
[2019-06-24T10:20:29.924+0000][1][safepoint    ] Application time: 1.0001644 seconds
[2019-06-24T10:20:29.924+0000][1][safepoint    ] Entering safepoint region: Cleanup
[2019-06-24T10:20:29.924+0000][1][safepoint    ] Leaving safepoint region
[2019-06-24T10:20:29.925+0000][1][safepoint    ] Total time for which application threads were stopped: 0.0002580 seconds, Stopping threads took: 0.0000580 seconds
[2019-06-24T10:20:30.925+0000][1][safepoint    ] Application time: 1.0002286 seconds
[2019-06-24T10:20:30.925+0000][1][safepoint    ] Entering safepoint region: Cleanup
[2019-06-24T10:20:30.925+0000][1][safepoint    ] Leaving safepoint region
[2019-06-24T10:20:30.925+0000][1][safepoint    ] Total time for which application threads were stopped: 0.0002756 seconds, Stopping threads took: 0.0000632 seconds
[2019-06-24T10:20:31.925+0000][1][safepoint    ] Application time: 1.0001912 seconds
[2019-06-24T10:20:31.926+0000][1][safepoint    ] Entering safepoint region: Cleanup
[2019-06-24T10:20:31.926+0000][1][safepoint    ] Leaving safepoint region
[2019-06-24T10:20:31.926+0000][1][safepoint    ] Total time for which application threads were stopped: 0.0002833 seconds, Stopping threads took: 0.0000653 seconds
[2019-06-24T10:20:32.926+0000][1][safepoint    ] Application time: 1.0002659 seconds
[2019-06-24T10:20:32.926+0000][1][safepoint    ] Entering safepoint region: Cleanup
[2019-06-24T10:20:32.926+0000][1][safepoint    ] Leaving safepoint region
[2019-06-24T10:20:32.926+0000][1][safepoint    ] Total time for which application threads were stopped: 0.0002373 seconds, Stopping threads took: 0.0000629 seconds
[2019-06-24T10:20:33.927+0000][1][safepoint    ] Application time: 1.0002432 seconds
[2019-06-24T10:20:33.927+0000][1][safepoint    ] Entering safepoint region: Cleanup
[2019-06-24T10:20:33.927+0000][1][safepoint    ] Leaving safepoint region
[2019-06-24T10:20:33.927+0000][1][safepoint    ] Total time for which application threads were stopped: 0.0002386 seconds, Stopping threads took: 0.0000636 seconds
[2019-06-24T10:20:34.927+0000][1][safepoint    ] Application time: 1.0001327 seconds
[2019-06-24T10:20:34.927+0000][1][safepoint    ] Entering safepoint region: Cleanup
[2019-06-24T10:20:34.928+0000][1][safepoint    ] Leaving safepoint region
[2019-06-24T10:20:34.928+0000][1][safepoint    ] Total time for which application threads were stopped: 0.0003057 seconds, Stopping threads took: 0.0001058 seconds
[2019-06-24T10:20:35.928+0000][1][safepoint    ] Application time: 1.0002364 seconds
[2019-06-24T10:20:35.928+0000][1][safepoint    ] Entering safepoint region: Cleanup
[2019-06-24T10:20:35.928+0000][1][safepoint    ] Leaving safepoint region
[2019-06-24T10:20:35.928+0000][1][safepoint    ] Total time for which application threads were stopped: 0.0002404 seconds, Stopping threads took: 0.0000635 seconds
[2019-06-24T10:20:36.929+0000][1][safepoint    ] Application time: 1.0001995 seconds
[2019-06-24T10:20:36.929+0000][1][safepoint    ] Entering safepoint region: Cleanup
[2019-06-24T10:20:36.929+0000][1][safepoint    ] Leaving safepoint region
[2019-06-24T10:20:36.929+0000][1][safepoint    ] Total time for which application threads were stopped: 0.0003043 seconds, Stopping threads took: 0.0000647 seconds
[2019-06-24T10:20:37.929+0000][1][safepoint    ] Application time: 1.0003008 seconds
[2019-06-24T10:20:37.930+0000][1][safepoint    ] Entering safepoint region: Cleanup
[2019-06-24T10:20:37.930+0000][1][safepoint    ] Leaving safepoint region
[2019-06-24T10:20:37.930+0000][1][safepoint    ] Total time for which application threads were stopped: 0.0003104 seconds, Stopping threads took: 0.0001129 seconds
[2019-06-24T10:20:38.930+0000][1][safepoint    ] Application time: 1.0002712 seconds
[2019-06-24T10:20:38.930+0000][1][safepoint    ] Entering safepoint region: Cleanup
[2019-06-24T10:20:38.930+0000][1][safepoint    ] Leaving safepoint region
[2019-06-24T10:20:38.930+0000][1][safepoint    ] Total time for which application threads were stopped: 0.0002375 seconds, Stopping threads took: 0.0000626 seconds
[2019-06-24T10:20:39.953+0000][1][safepoint    ] Application time: 1.0223056 seconds
[2019-06-24T10:20:39.953+0000][1][safepoint    ] Entering safepoint region: Cleanup
[2019-06-24T10:20:39.953+0000][1][safepoint    ] Leaving safepoint region
[2019-06-24T10:20:39.953+0000][1][safepoint    ] Total time for which application threads were stopped: 0.0002349 seconds, Stopping threads took: 0.0000560 seconds
[2019-06-24T10:20:40.953+0000][1][safepoint    ] Application time: 1.0001537 seconds
[2019-06-24T10:20:40.953+0000][1][safepoint    ] Entering safepoint region: Cleanup
[2019-06-24T10:20:40.953+0000][1][safepoint    ] Leaving safepoint region
[2019-06-24T10:20:40.953+0000][1][safepoint    ] Total time for which application threads were stopped: 0.0001217 seconds, Stopping threads took: 0.0000325 seconds
[2019-06-24T10:20:41.954+0000][1][safepoint    ] Application time: 1.0000888 seconds
[2019-06-24T10:20:41.954+0000][1][safepoint    ] Entering safepoint region: Cleanup
[2019-06-24T10:20:41.954+0000][1][safepoint    ] Leaving safepoint region
[2019-06-24T10:20:41.954+0000][1][safepoint    ] Total time for which application threads were stopped: 0.0001246 seconds, Stopping threads took: 0.0000305 seconds
[2019-06-24T10:20:42.954+0000][1][safepoint    ] Application time: 1.0002005 seconds
[2019-06-24T10:20:42.954+0000][1][safepoint    ] Entering safepoint region: Cleanup
[2019-06-24T10:20:42.954+0000][1][safepoint    ] Leaving safepoint region
[2019-06-24T10:20:42.954+0000][1][safepoint    ] Total time for which application threads were stopped: 0.0003363 seconds, Stopping threads took: 0.0001018 seconds
[2019-06-24T10:20:43.955+0000][1][safepoint    ] Application time: 1.0002188 seconds
[2019-06-24T10:20:43.955+0000][1][safepoint    ] Entering safepoint region: Cleanup
[2019-06-24T10:20:43.955+0000][1][safepoint    ] Leaving safepoint region
[2019-06-24T10:20:43.955+0000][1][safepoint    ] Total time for which application threads were stopped: 0.0003144 seconds, Stopping threads took: 0.0000944 seconds
[2019-06-24T10:20:44.955+0000][1][safepoint    ] Application time: 1.0001344 seconds
[2019-06-24T10:20:44.955+0000][1][safepoint    ] Entering safepoint region: Cleanup
[2019-06-24T10:20:44.955+0000][1][safepoint    ] Leaving safepoint region
[2019-06-24T10:20:44.955+0000][1][safepoint    ] Total time for which application threads were stopped: 0.0000792 seconds, Stopping threads took: 0.0000197 seconds
[2019-06-24T10:20:45.956+0000][1][safepoint    ] Application time: 1.0002054 seconds
[2019-06-24T10:20:45.956+0000][1][safepoint    ] Entering safepoint region: Cleanup
[2019-06-24T10:20:45.956+0000][1][safepoint    ] Leaving safepoint region
[2019-06-24T10:20:45.956+0000][1][safepoint    ] Total time for which application threads were stopped: 0.0002308 seconds, Stopping threads took: 0.0000610 seconds
[2019-06-24T10:20:46.956+0000][1][safepoint    ] Application time: 1.0001923 seconds
[2019-06-24T10:20:46.956+0000][1][safepoint    ] Entering safepoint region: Cleanup
[2019-06-24T10:20:46.957+0000][1][safepoint    ] Leaving safepoint region
[2019-06-24T10:20:46.957+0000][1][safepoint    ] Total time for which application threads were stopped: 0.0003807 seconds, Stopping threads took: 0.0001638 seconds
[2019-06-24T10:20:47.957+0000][1][safepoint    ] Application time: 1.0002148 seconds
[2019-06-24T10:20:47.957+0000][1][safepoint    ] Entering safepoint region: Cleanup
[2019-06-24T10:20:47.957+0000][1][safepoint    ] Leaving safepoint region
[2019-06-24T10:20:47.957+0000][1][safepoint    ] Total time for which application threads were stopped: 0.0002721 seconds, Stopping threads took: 0.0000637 seconds
[2019-06-24T10:20:48.958+0000][1][safepoint    ] Application time: 1.0002732 seconds
[2019-06-24T10:20:48.958+0000][1][safepoint    ] Entering safepoint region: Cleanup
[2019-06-24T10:20:48.958+0000][1][safepoint    ] Leaving safepoint region
[2019-06-24T10:20:48.958+0000][1][safepoint    ] Total time for which application threads were stopped: 0.0002279 seconds, Stopping threads took: 0.0000612 seconds
[2019-06-24T10:20:49.958+0000][1][safepoint    ] Application time: 1.0001592 seconds
[2019-06-24T10:20:49.958+0000][1][safepoint    ] Entering safepoint region: Cleanup
[2019-06-24T10:20:49.959+0000][1][safepoint    ] Leaving safepoint region
[2019-06-24T10:20:49.959+0000][1][safepoint    ] Total time for which application threads were stopped: 0.0003443 seconds, Stopping threads took: 0.0000661 seconds
[2019-06-24T10:20:50.959+0000][1][safepoint    ] Application time: 1.0001743 seconds
[2019-06-24T10:20:50.959+0000][1][safepoint    ] Entering safepoint region: Cleanup
[2019-06-24T10:20:50.959+0000][1][safepoint    ] Leaving safepoint region
[2019-06-24T10:20:50.959+0000][1][safepoint    ] Total time for which application threads were stopped: 0.0002359 seconds, Stopping threads took: 0.0000648 seconds
[2019-06-24T10:20:51.959+0000][1][safepoint    ] Application time: 1.0001424 seconds
[2019-06-24T10:20:51.959+0000][1][safepoint    ] Entering safepoint region: Cleanup
[2019-06-24T10:20:51.960+0000][1][safepoint    ] Leaving safepoint region
[2019-06-24T10:20:51.960+0000][1][safepoint    ] Total time for which application threads were stopped: 0.0001295 seconds, Stopping threads took: 0.0000513 seconds
[2019-06-24T10:20:52.960+0000][1][safepoint    ] Application time: 1.0001933 seconds
[2019-06-24T10:20:52.960+0000][1][safepoint    ] Entering safepoint region: Cleanup
[2019-06-24T10:20:52.960+0000][1][safepoint    ] Leaving safepoint region
[2019-06-24T10:20:52.960+0000][1][safepoint    ] Total time for which application threads were stopped: 0.0002291 seconds, Stopping threads took: 0.0000719 seconds
[2019-06-24T10:20:53.960+0000][1][safepoint    ] Application time: 1.0002880 seconds
[2019-06-24T10:20:53.961+0000][1][safepoint    ] Entering safepoint region: Cleanup
[2019-06-24T10:20:53.961+0000][1][safepoint    ] Leaving safepoint region
[2019-06-24T10:20:53.961+0000][1][safepoint    ] Total time for which application threads were stopped: 0.0003053 seconds, Stopping threads took: 0.0001052 seconds
[2019-06-24T10:20:54.961+0000][1][safepoint    ] Application time: 1.0002733 seconds
[2019-06-24T10:20:54.961+0000][1][safepoint    ] Entering safepoint region: Cleanup
[2019-06-24T10:20:54.961+0000][1][safepoint    ] Leaving safepoint region
[2019-06-24T10:20:54.962+0000][1][safepoint    ] Total time for which application threads were stopped: 0.0002588 seconds, Stopping threads took: 0.0001005 seconds
[2019-06-24T10:20:55.962+0000][1][safepoint    ] Application time: 1.0002738 seconds
[2019-06-24T10:20:55.962+0000][1][safepoint    ] Entering safepoint region: Cleanup
[2019-06-24T10:20:55.962+0000][1][safepoint    ] Leaving safepoint region
[2019-06-24T10:20:55.962+0000][1][safepoint    ] Total time for which application threads were stopped: 0.0002308 seconds, Stopping threads took: 0.0000637 seconds
[2019-06-24T10:20:56.962+0000][1][safepoint    ] Application time: 1.0001760 seconds
[2019-06-24T10:20:56.963+0000][1][safepoint    ] Entering safepoint region: Cleanup
[2019-06-24T10:20:56.963+0000][1][safepoint    ] Leaving safepoint region
[2019-06-24T10:20:56.963+0000][1][safepoint    ] Total time for which application threads were stopped: 0.0004562 seconds, Stopping threads took: 0.0002791 seconds
[2019-06-24T10:20:57.963+0000][1][safepoint    ] Application time: 1.0002917 seconds
[2019-06-24T10:20:57.963+0000][1][safepoint    ] Entering safepoint region: Cleanup
[2019-06-24T10:20:57.964+0000][1][safepoint    ] Leaving safepoint region
[2019-06-24T10:20:57.964+0000][1][safepoint    ] Total time for which application threads were stopped: 0.0002574 seconds, Stopping threads took: 0.0000997 seconds
[2019-06-24T10:20:58.964+0000][1][safepoint    ] Application time: 1.0001417 seconds
[2019-06-24T10:20:58.964+0000][1][safepoint    ] Entering safepoint region: Cleanup
[2019-06-24T10:20:58.964+0000][1][safepoint    ] Leaving safepoint region
[2019-06-24T10:20:58.964+0000][1][safepoint    ] Total time for which application threads were stopped: 0.0002284 seconds, Stopping threads took: 0.0000640 seconds
[2019-06-24T10:20:59.964+0000][1][safepoint    ] Application time: 1.0001394 seconds
[2019-06-24T10:20:59.964+0000][1][safepoint    ] Entering safepoint region: Cleanup
[2019-06-24T10:20:59.965+0000][1][safepoint    ] Leaving safepoint region
[2019-06-24T10:20:59.965+0000][1][safepoint    ] Total time for which application threads were stopped: 0.0000880 seconds, Stopping threads took: 0.0000228 seconds
[2019-06-24T10:21:00.965+0000][1][safepoint    ] Application time: 1.0002672 seconds
[2019-06-24T10:21:00.965+0000][1][safepoint    ] Entering safepoint region: Cleanup
[2019-06-24T10:21:00.965+0000][1][safepoint    ] Leaving safepoint region
[2019-06-24T10:21:00.965+0000][1][safepoint    ] Total time for which application threads were stopped: 0.0002269 seconds, Stopping threads took: 0.0000613 seconds
[2019-06-24T10:21:01.965+0000][1][safepoint    ] Application time: 1.0002490 seconds
[2019-06-24T10:21:01.966+0000][1][safepoint    ] Entering safepoint region: Cleanup
[2019-06-24T10:21:01.966+0000][1][safepoint    ] Leaving safepoint region
[2019-06-24T10:21:01.966+0000][1][safepoint    ] Total time for which application threads were stopped: 0.0002206 seconds, Stopping threads took: 0.0000622 seconds
[2019-06-24T10:21:02.966+0000][1][safepoint    ] Application time: 1.0002660 seconds
[2019-06-24T10:21:02.966+0000][1][safepoint    ] Entering safepoint region: Cleanup
[2019-06-24T10:21:02.966+0000][1][safepoint    ] Leaving safepoint region
[2019-06-24T10:21:02.966+0000][1][safepoint    ] Total time for which application threads were stopped: 0.0002251 seconds, Stopping threads took: 0.0000620 seconds
[2019-06-24T10:21:03.967+0000][1][safepoint    ] Application time: 1.0002233 seconds
[2019-06-24T10:21:03.967+0000][1][safepoint    ] Entering safepoint region: Cleanup
[2019-06-24T10:21:03.967+0000][1][safepoint    ] Leaving safepoint region
[2019-06-24T10:21:03.967+0000][1][safepoint    ] Total time for which application threads were stopped: 0.0003422 seconds, Stopping threads took: 0.0001312 seconds
[2019-06-24T10:21:04.967+0000][1][safepoint    ] Application time: 1.0002741 seconds
[2019-06-24T10:21:04.968+0000][1][safepoint    ] Entering safepoint region: Cleanup
[2019-06-24T10:21:04.968+0000][1][safepoint    ] Leaving safepoint region
[2019-06-24T10:21:04.968+0000][1][safepoint    ] Total time for which application threads were stopped: 0.0002277 seconds, Stopping threads took: 0.0000623 seconds
[2019-06-24T10:21:05.968+0000][1][safepoint    ] Application time: 1.0001871 seconds
[2019-06-24T10:21:05.968+0000][1][safepoint    ] Entering safepoint region: Cleanup
[2019-06-24T10:21:05.968+0000][1][safepoint    ] Leaving safepoint region
[2019-06-24T10:21:05.968+0000][1][safepoint    ] Total time for which application threads were stopped: 0.0001495 seconds, Stopping threads took: 0.0000558 seconds
[2019-06-24T10:21:06.968+0000][1][safepoint    ] Application time: 1.0002565 seconds
[2019-06-24T10:21:06.969+0000][1][safepoint    ] Entering safepoint region: Cleanup
[2019-06-24T10:21:06.969+0000][1][safepoint    ] Leaving safepoint region
[2019-06-24T10:21:06.969+0000][1][safepoint    ] Total time for which application threads were stopped: 0.0002296 seconds, Stopping threads took: 0.0000637 seconds
[2019-06-24T10:21:07.969+0000][1][safepoint    ] Application time: 1.0002660 seconds
[2019-06-24T10:21:07.969+0000][1][safepoint    ] Entering safepoint region: Cleanup
[2019-06-24T10:21:07.969+0000][1][safepoint    ] Leaving safepoint region
[2019-06-24T10:21:07.969+0000][1][safepoint    ] Total time for which application threads were stopped: 0.0002378 seconds, Stopping threads took: 0.0000610 seconds
[2019-06-24T10:21:08.970+0000][1][safepoint    ] Application time: 1.0001850 seconds
[2019-06-24T10:21:08.970+0000][1][safepoint    ] Entering safepoint region: Cleanup
[2019-06-24T10:21:08.970+0000][1][safepoint    ] Leaving safepoint region
[2019-06-24T10:21:08.970+0000][1][safepoint    ] Total time for which application threads were stopped: 0.0002314 seconds, Stopping threads took: 0.0000631 seconds
[2019-06-24T10:21:09.970+0000][1][safepoint    ] Application time: 1.0002577 seconds
[2019-06-24T10:21:09.970+0000][1][safepoint    ] Entering safepoint region: Cleanup
[2019-06-24T10:21:09.971+0000][1][safepoint    ] Leaving safepoint region
[2019-06-24T10:21:09.971+0000][1][safepoint    ] Total time for which application threads were stopped: 0.0003073 seconds, Stopping threads took: 0.0001043 seconds
[2019-06-24T10:21:10.030+0000][1][safepoint    ] Application time: 0.0596862 seconds
[2019-06-24T10:21:10.031+0000][1][safepoint    ] Entering safepoint region: GenCollectForAllocation
[2019-06-24T10:21:10.031+0000][1][gc,start     ] GC(31) Pause Young (Allocation Failure)
[2019-06-24T10:21:10.031+0000][1][gc,task      ] GC(31) Using 5 workers of 8 for evacuation
[2019-06-24T10:21:10.035+0000][1][gc,age       ] GC(31) Desired survivor size 4456448 bytes, new threshold 6 (max threshold 6)
[2019-06-24T10:21:10.035+0000][1][gc,age       ] GC(31) Age table with threshold 6 (max threshold 6)
[2019-06-24T10:21:10.035+0000][1][gc,age       ] GC(31) - age   1:       4064 bytes,       4064 total
[2019-06-24T10:21:10.035+0000][1][gc,age       ] GC(31) - age   2:       3136 bytes,       7200 total
[2019-06-24T10:21:10.035+0000][1][gc,age       ] GC(31) - age   3:       3448 bytes,      10648 total
[2019-06-24T10:21:10.035+0000][1][gc,age       ] GC(31) - age   4:       2688 bytes,      13336 total
[2019-06-24T10:21:10.035+0000][1][gc,age       ] GC(31) - age   5:      81728 bytes,      95064 total
[2019-06-24T10:21:10.035+0000][1][gc,age       ] GC(31) - age   6:       2792 bytes,      97856 total
[2019-06-24T10:21:10.035+0000][1][gc,heap      ] GC(31) ParNew: 70183K->136K(78656K)
[2019-06-24T10:21:10.035+0000][1][gc,heap      ] GC(31) CMS: 69560K->69566K(174784K)
[2019-06-24T10:21:10.035+0000][1][gc,metaspace ] GC(31) Metaspace: 68037K->68037K(1112064K)
[2019-06-24T10:21:10.035+0000][1][gc           ] GC(31) Pause Young (Allocation Failure) 136M->68M(247M) 3.973ms
[2019-06-24T10:21:10.035+0000][1][gc,cpu       ] GC(31) User=0.01s Sys=0.00s Real=0.01s
[2019-06-24T10:21:10.035+0000][1][safepoint    ] Leaving safepoint region
[2019-06-24T10:21:10.035+0000][1][safepoint    ] Total time for which application threads were stopped: 0.0045329 seconds, Stopping threads took: 0.0000740 seconds
[2019-06-24T10:21:11.035+0000][1][safepoint    ] Application time: 1.0002124 seconds
[2019-06-24T10:21:11.036+0000][1][safepoint    ] Entering safepoint region: Cleanup
[2019-06-24T10:21:11.036+0000][1][safepoint    ] Leaving safepoint region
[2019-06-24T10:21:11.036+0000][1][safepoint    ] Total time for which application threads were stopped: 0.0002240 seconds, Stopping threads took: 0.0000605 seconds
[2019-06-24T10:21:12.036+0000][1][safepoint    ] Application time: 1.0002525 seconds
[2019-06-24T10:21:12.036+0000][1][safepoint    ] Entering safepoint region: Cleanup
[2019-06-24T10:21:12.036+0000][1][safepoint    ] Leaving safepoint region
[2019-06-24T10:21:12.036+0000][1][safepoint    ] Total time for which application threads were stopped: 0.0002328 seconds, Stopping threads took: 0.0000623 seconds
[2019-06-24T10:21:13.037+0000][1][safepoint    ] Application time: 1.0002555 seconds
[2019-06-24T10:21:13.037+0000][1][safepoint    ] Entering safepoint region: Cleanup
[2019-06-24T10:21:13.037+0000][1][safepoint    ] Leaving safepoint region
[2019-06-24T10:21:13.037+0000][1][safepoint    ] Total time for which application threads were stopped: 0.0002403 seconds, Stopping threads took: 0.0000657 seconds
[2019-06-24T10:21:14.037+0000][1][safepoint    ] Application time: 1.0002610 seconds
[2019-06-24T10:21:14.037+0000][1][safepoint    ] Entering safepoint region: Cleanup
[2019-06-24T10:21:14.038+0000][1][safepoint    ] Leaving safepoint region
[2019-06-24T10:21:14.038+0000][1][safepoint    ] Total time for which application threads were stopped: 0.0002355 seconds, Stopping threads took: 0.0000618 seconds
[2019-06-24T10:21:15.038+0000][1][safepoint    ] Application time: 1.0001916 seconds
[2019-06-24T10:21:15.038+0000][1][safepoint    ] Entering safepoint region: Cleanup
[2019-06-24T10:21:15.038+0000][1][safepoint    ] Leaving safepoint region
[2019-06-24T10:21:15.038+0000][1][safepoint    ] Total time for which application threads were stopped: 0.0003056 seconds, Stopping threads took: 0.0001045 seconds
[2019-06-24T10:21:16.039+0000][1][safepoint    ] Application time: 1.0002286 seconds
[2019-06-24T10:21:16.039+0000][1][safepoint    ] Entering safepoint region: Cleanup
[2019-06-24T10:21:16.039+0000][1][safepoint    ] Leaving safepoint region
[2019-06-24T10:21:16.039+0000][1][safepoint    ] Total time for which application threads were stopped: 0.0002663 seconds, Stopping threads took: 0.0000704 seconds
[2019-06-24T10:21:17.039+0000][1][safepoint    ] Application time: 1.0002325 seconds
[2019-06-24T10:21:17.039+0000][1][safepoint    ] Entering safepoint region: Cleanup
[2019-06-24T10:21:17.040+0000][1][safepoint    ] Leaving safepoint region
[2019-06-24T10:21:17.040+0000][1][safepoint    ] Total time for which application threads were stopped: 0.0002094 seconds, Stopping threads took: 0.0000562 seconds
[2019-06-24T10:21:18.040+0000][1][safepoint    ] Application time: 1.0001461 seconds
[2019-06-24T10:21:18.040+0000][1][safepoint    ] Entering safepoint region: Cleanup
[2019-06-24T10:21:18.040+0000][1][safepoint    ] Leaving safepoint region
[2019-06-24T10:21:18.040+0000][1][safepoint    ] Total time for which application threads were stopped: 0.0002128 seconds, Stopping threads took: 0.0000601 seconds
[2019-06-24T10:21:19.040+0000][1][safepoint    ] Application time: 1.0001425 seconds
[2019-06-24T10:21:19.040+0000][1][safepoint    ] Entering safepoint region: Cleanup
[2019-06-24T10:21:19.041+0000][1][safepoint    ] Leaving safepoint region
[2019-06-24T10:21:19.041+0000][1][safepoint    ] Total time for which application threads were stopped: 0.0003027 seconds, Stopping threads took: 0.0000863 seconds
[2019-06-24T10:21:20.041+0000][1][safepoint    ] Application time: 1.0002696 seconds
[2019-06-24T10:21:20.041+0000][1][safepoint    ] Entering safepoint region: Cleanup
[2019-06-24T10:21:20.041+0000][1][safepoint    ] Leaving safepoint region
[2019-06-24T10:21:20.041+0000][1][safepoint    ] Total time for which application threads were stopped: 0.0000878 seconds, Stopping threads took: 0.0000234 seconds
[2019-06-24T10:21:21.041+0000][1][safepoint    ] Application time: 1.0002723 seconds
[2019-06-24T10:21:21.041+0000][1][safepoint    ] Entering safepoint region: Cleanup
[2019-06-24T10:21:21.041+0000][1][safepoint    ] Leaving safepoint region
[2019-06-24T10:21:21.041+0000][1][safepoint    ] Total time for which application threads were stopped: 0.0000963 seconds, Stopping threads took: 0.0000251 seconds
[2019-06-24T10:21:22.042+0000][1][safepoint    ] Application time: 1.0002327 seconds
[2019-06-24T10:21:22.042+0000][1][safepoint    ] Entering safepoint region: Cleanup
[2019-06-24T10:21:22.042+0000][1][safepoint    ] Leaving safepoint region
[2019-06-24T10:21:22.042+0000][1][safepoint    ] Total time for which application threads were stopped: 0.0002281 seconds, Stopping threads took: 0.0000609 seconds
[2019-06-24T10:21:23.042+0000][1][safepoint    ] Application time: 1.0002049 seconds
[2019-06-24T10:21:23.043+0000][1][safepoint    ] Entering safepoint region: Cleanup
[2019-06-24T10:21:23.043+0000][1][safepoint    ] Leaving safepoint region
[2019-06-24T10:21:23.043+0000][1][safepoint    ] Total time for which application threads were stopped: 0.0004038 seconds, Stopping threads took: 0.0001711 seconds
[2019-06-24T10:21:24.043+0000][1][safepoint    ] Application time: 1.0002961 seconds
[2019-06-24T10:21:24.043+0000][1][safepoint    ] Entering safepoint region: Cleanup
[2019-06-24T10:21:24.044+0000][1][safepoint    ] Leaving safepoint region
[2019-06-24T10:21:24.044+0000][1][safepoint    ] Total time for which application threads were stopped: 0.0002635 seconds, Stopping threads took: 0.0000927 seconds
[2019-06-24T10:21:25.058+0000][1][safepoint    ] Application time: 1.0148049 seconds
[2019-06-24T10:21:25.059+0000][1][safepoint    ] Entering safepoint region: Cleanup
[2019-06-24T10:21:25.059+0000][1][safepoint    ] Leaving safepoint region
[2019-06-24T10:21:25.059+0000][1][safepoint    ] Total time for which application threads were stopped: 0.0002588 seconds, Stopping threads took: 0.0000679 seconds
[2019-06-24T10:21:26.059+0000][1][safepoint    ] Application time: 1.0002678 seconds
[2019-06-24T10:21:26.059+0000][1][safepoint    ] Entering safepoint region: Cleanup
[2019-06-24T10:21:26.059+0000][1][safepoint    ] Leaving safepoint region
[2019-06-24T10:21:26.059+0000][1][safepoint    ] Total time for which application threads were stopped: 0.0002321 seconds, Stopping threads took: 0.0000617 seconds
[2019-06-24T10:21:27.060+0000][1][safepoint    ] Application time: 1.0001925 seconds
[2019-06-24T10:21:27.060+0000][1][safepoint    ] Entering safepoint region: Cleanup
[2019-06-24T10:21:27.060+0000][1][safepoint    ] Leaving safepoint region
[2019-06-24T10:21:27.060+0000][1][safepoint    ] Total time for which application threads were stopped: 0.0002504 seconds, Stopping threads took: 0.0000664 seconds
[2019-06-24T10:21:28.060+0000][1][safepoint    ] Application time: 1.0001730 seconds
[2019-06-24T10:21:28.060+0000][1][safepoint    ] Entering safepoint region: Cleanup
[2019-06-24T10:21:28.061+0000][1][safepoint    ] Leaving safepoint region
[2019-06-24T10:21:28.061+0000][1][safepoint    ] Total time for which application threads were stopped: 0.0002322 seconds, Stopping threads took: 0.0000614 seconds
[2019-06-24T10:21:29.061+0000][1][safepoint    ] Application time: 1.0001875 seconds
[2019-06-24T10:21:29.061+0000][1][safepoint    ] Entering safepoint region: Cleanup
[2019-06-24T10:21:29.061+0000][1][safepoint    ] Leaving safepoint region
[2019-06-24T10:21:29.061+0000][1][safepoint    ] Total time for which application threads were stopped: 0.0004952 seconds, Stopping threads took: 0.0002718 seconds
[2019-06-24T10:21:30.062+0000][1][safepoint    ] Application time: 1.0001302 seconds
[2019-06-24T10:21:30.062+0000][1][safepoint    ] Entering safepoint region: Cleanup
[2019-06-24T10:21:30.062+0000][1][safepoint    ] Leaving safepoint region
[2019-06-24T10:21:30.062+0000][1][safepoint    ] Total time for which application threads were stopped: 0.0001412 seconds, Stopping threads took: 0.0000307 seconds
[2019-06-24T10:21:31.062+0000][1][safepoint    ] Application time: 1.0002145 seconds
[2019-06-24T10:21:31.062+0000][1][safepoint    ] Entering safepoint region: Cleanup
[2019-06-24T10:21:31.062+0000][1][safepoint    ] Leaving safepoint region
[2019-06-24T10:21:31.062+0000][1][safepoint    ] Total time for which application threads were stopped: 0.0002530 seconds, Stopping threads took: 0.0000649 seconds
[2019-06-24T10:21:32.063+0000][1][safepoint    ] Application time: 1.0002950 seconds
[2019-06-24T10:21:32.063+0000][1][safepoint    ] Entering safepoint region: Cleanup
[2019-06-24T10:21:32.063+0000][1][safepoint    ] Leaving safepoint region
[2019-06-24T10:21:32.063+0000][1][safepoint    ] Total time for which application threads were stopped: 0.0002776 seconds, Stopping threads took: 0.0000784 seconds
[2019-06-24T10:21:33.063+0000][1][safepoint    ] Application time: 1.0002728 seconds
[2019-06-24T10:21:33.064+0000][1][safepoint    ] Entering safepoint region: Cleanup
[2019-06-24T10:21:33.064+0000][1][safepoint    ] Leaving safepoint region
[2019-06-24T10:21:33.064+0000][1][safepoint    ] Total time for which application threads were stopped: 0.0002799 seconds, Stopping threads took: 0.0001012 seconds
[2019-06-24T10:21:34.064+0000][1][safepoint    ] Application time: 1.0002805 seconds
[2019-06-24T10:21:34.064+0000][1][safepoint    ] Entering safepoint region: Cleanup
[2019-06-24T10:21:34.065+0000][1][safepoint    ] Leaving safepoint region
[2019-06-24T10:21:34.065+0000][1][safepoint    ] Total time for which application threads were stopped: 0.0002824 seconds, Stopping threads took: 0.0000730 seconds
[2019-06-24T10:21:35.065+0000][1][safepoint    ] Application time: 1.0001538 seconds
[2019-06-24T10:21:35.065+0000][1][safepoint    ] Entering safepoint region: Cleanup
[2019-06-24T10:21:35.065+0000][1][safepoint    ] Leaving safepoint region
[2019-06-24T10:21:35.065+0000][1][safepoint    ] Total time for which application threads were stopped: 0.0000825 seconds, Stopping threads took: 0.0000201 seconds
[2019-06-24T10:21:36.065+0000][1][safepoint    ] Application time: 1.0001582 seconds
[2019-06-24T10:21:36.065+0000][1][safepoint    ] Entering safepoint region: Cleanup
[2019-06-24T10:21:36.065+0000][1][safepoint    ] Leaving safepoint region
[2019-06-24T10:21:36.065+0000][1][safepoint    ] Total time for which application threads were stopped: 0.0002290 seconds, Stopping threads took: 0.0000615 seconds
[2019-06-24T10:21:37.066+0000][1][safepoint    ] Application time: 1.0001387 seconds
[2019-06-24T10:21:37.066+0000][1][safepoint    ] Entering safepoint region: Cleanup
[2019-06-24T10:21:37.066+0000][1][safepoint    ] Leaving safepoint region
[2019-06-24T10:21:37.066+0000][1][safepoint    ] Total time for which application threads were stopped: 0.0001225 seconds, Stopping threads took: 0.0000256 seconds
[2019-06-24T10:21:38.066+0000][1][safepoint    ] Application time: 1.0002240 seconds
[2019-06-24T10:21:38.066+0000][1][safepoint    ] Entering safepoint region: Cleanup
[2019-06-24T10:21:38.066+0000][1][safepoint    ] Leaving safepoint region
[2019-06-24T10:21:38.066+0000][1][safepoint    ] Total time for which application threads were stopped: 0.0003170 seconds, Stopping threads took: 0.0001057 seconds
[2019-06-24T10:21:39.067+0000][1][safepoint    ] Application time: 1.0002394 seconds
[2019-06-24T10:21:39.067+0000][1][safepoint    ] Entering safepoint region: Cleanup
[2019-06-24T10:21:39.067+0000][1][safepoint    ] Leaving safepoint region
[2019-06-24T10:21:39.067+0000][1][safepoint    ] Total time for which application threads were stopped: 0.0004827 seconds, Stopping threads took: 0.0002197 seconds
[2019-06-24T10:21:40.068+0000][1][safepoint    ] Application time: 1.0002697 seconds
[2019-06-24T10:21:40.068+0000][1][safepoint    ] Entering safepoint region: Cleanup
[2019-06-24T10:21:40.068+0000][1][safepoint    ] Leaving safepoint region
[2019-06-24T10:21:40.068+0000][1][safepoint    ] Total time for which application threads were stopped: 0.0003183 seconds, Stopping threads took: 0.0001378 seconds
[2019-06-24T10:21:41.068+0000][1][safepoint    ] Application time: 1.0002893 seconds
[2019-06-24T10:21:41.069+0000][1][safepoint    ] Entering safepoint region: Cleanup
[2019-06-24T10:21:41.069+0000][1][safepoint    ] Leaving safepoint region
[2019-06-24T10:21:41.069+0000][1][safepoint    ] Total time for which application threads were stopped: 0.0002371 seconds, Stopping threads took: 0.0000614 seconds
[2019-06-24T10:21:42.069+0000][1][safepoint    ] Application time: 1.0002616 seconds
[2019-06-24T10:21:42.069+0000][1][safepoint    ] Entering safepoint region: Cleanup
[2019-06-24T10:21:42.069+0000][1][safepoint    ] Leaving safepoint region
[2019-06-24T10:21:42.069+0000][1][safepoint    ] Total time for which application threads were stopped: 0.0002391 seconds, Stopping threads took: 0.0000633 seconds
[2019-06-24T10:21:43.070+0000][1][safepoint    ] Application time: 1.0002344 seconds
[2019-06-24T10:21:43.070+0000][1][safepoint    ] Entering safepoint region: Cleanup
[2019-06-24T10:21:43.070+0000][1][safepoint    ] Leaving safepoint region
[2019-06-24T10:21:43.070+0000][1][safepoint    ] Total time for which application threads were stopped: 0.0002789 seconds, Stopping threads took: 0.0000985 seconds
[2019-06-24T10:21:44.070+0000][1][safepoint    ] Application time: 1.0001957 seconds
[2019-06-24T10:21:44.070+0000][1][safepoint    ] Entering safepoint region: Cleanup
[2019-06-24T10:21:44.070+0000][1][safepoint    ] Leaving safepoint region
[2019-06-24T10:21:44.071+0000][1][safepoint    ] Total time for which application threads were stopped: 0.0002109 seconds, Stopping threads took: 0.0000373 seconds
[2019-06-24T10:21:45.071+0000][1][safepoint    ] Application time: 1.0001936 seconds
[2019-06-24T10:21:45.071+0000][1][safepoint    ] Entering safepoint region: Cleanup
[2019-06-24T10:21:45.071+0000][1][safepoint    ] Leaving safepoint region
[2019-06-24T10:21:45.071+0000][1][safepoint    ] Total time for which application threads were stopped: 0.0002381 seconds, Stopping threads took: 0.0000628 seconds
[2019-06-24T10:21:46.071+0000][1][safepoint    ] Application time: 1.0002762 seconds
[2019-06-24T10:21:46.071+0000][1][safepoint    ] Entering safepoint region: Cleanup
[2019-06-24T10:21:46.072+0000][1][safepoint    ] Leaving safepoint region
[2019-06-24T10:21:46.072+0000][1][safepoint    ] Total time for which application threads were stopped: 0.0001030 seconds, Stopping threads took: 0.0000268 seconds
[2019-06-24T10:21:47.072+0000][1][safepoint    ] Application time: 1.0002314 seconds
[2019-06-24T10:21:47.072+0000][1][safepoint    ] Entering safepoint region: Cleanup
[2019-06-24T10:21:47.072+0000][1][safepoint    ] Leaving safepoint region
[2019-06-24T10:21:47.072+0000][1][safepoint    ] Total time for which application threads were stopped: 0.0002513 seconds, Stopping threads took: 0.0000626 seconds
[2019-06-24T10:21:48.072+0000][1][safepoint    ] Application time: 1.0002675 seconds
[2019-06-24T10:21:48.073+0000][1][safepoint    ] Entering safepoint region: Cleanup
[2019-06-24T10:21:48.073+0000][1][safepoint    ] Leaving safepoint region
[2019-06-24T10:21:48.073+0000][1][safepoint    ] Total time for which application threads were stopped: 0.0002375 seconds, Stopping threads took: 0.0000622 seconds
[2019-06-24T10:21:49.073+0000][1][safepoint    ] Application time: 1.0002715 seconds
[2019-06-24T10:21:49.073+0000][1][safepoint    ] Entering safepoint region: Cleanup
[2019-06-24T10:21:49.073+0000][1][safepoint    ] Leaving safepoint region
[2019-06-24T10:21:49.073+0000][1][safepoint    ] Total time for which application threads were stopped: 0.0002391 seconds, Stopping threads took: 0.0000635 seconds
[2019-06-24T10:21:50.074+0000][1][safepoint    ] Application time: 1.0001352 seconds
[2019-06-24T10:21:50.074+0000][1][safepoint    ] Entering safepoint region: Cleanup
[2019-06-24T10:21:50.074+0000][1][safepoint    ] Leaving safepoint region
[2019-06-24T10:21:50.074+0000][1][safepoint    ] Total time for which application threads were stopped: 0.0001658 seconds, Stopping threads took: 0.0000393 seconds
[2019-06-24T10:21:51.074+0000][1][safepoint    ] Application time: 1.0002395 seconds
[2019-06-24T10:21:51.074+0000][1][safepoint    ] Entering safepoint region: Cleanup
[2019-06-24T10:21:51.074+0000][1][safepoint    ] Leaving safepoint region
[2019-06-24T10:21:51.075+0000][1][safepoint    ] Total time for which application threads were stopped: 0.0003192 seconds, Stopping threads took: 0.0000638 seconds
[2019-06-24T10:21:52.075+0000][1][safepoint    ] Application time: 1.0001649 seconds
[2019-06-24T10:21:52.075+0000][1][safepoint    ] Entering safepoint region: Cleanup
[2019-06-24T10:21:52.075+0000][1][safepoint    ] Leaving safepoint region
[2019-06-24T10:21:52.075+0000][1][safepoint    ] Total time for which application threads were stopped: 0.0002389 seconds, Stopping threads took: 0.0000646 seconds
[2019-06-24T10:21:53.075+0000][1][safepoint    ] Application time: 1.0002656 seconds
[2019-06-24T10:21:53.076+0000][1][safepoint    ] Entering safepoint region: Cleanup
[2019-06-24T10:21:53.076+0000][1][safepoint    ] Leaving safepoint region
[2019-06-24T10:21:53.076+0000][1][safepoint    ] Total time for which application threads were stopped: 0.0002904 seconds, Stopping threads took: 0.0000556 seconds
[2019-06-24T10:21:54.076+0000][1][safepoint    ] Application time: 1.0001365 seconds
[2019-06-24T10:21:54.076+0000][1][safepoint    ] Entering safepoint region: Cleanup
[2019-06-24T10:21:54.076+0000][1][safepoint    ] Leaving safepoint region
[2019-06-24T10:21:54.076+0000][1][safepoint    ] Total time for which application threads were stopped: 0.0001964 seconds, Stopping threads took: 0.0000502 seconds
[2019-06-24T10:21:55.076+0000][1][safepoint    ] Application time: 1.0002037 seconds
[2019-06-24T10:21:55.077+0000][1][safepoint    ] Entering safepoint region: Cleanup
[2019-06-24T10:21:55.077+0000][1][safepoint    ] Leaving safepoint region
[2019-06-24T10:21:55.077+0000][1][safepoint    ] Total time for which application threads were stopped: 0.0004109 seconds, Stopping threads took: 0.0001334 seconds
[2019-06-24T10:21:56.077+0000][1][safepoint    ] Application time: 1.0002634 seconds
[2019-06-24T10:21:56.077+0000][1][safepoint    ] Entering safepoint region: Cleanup
[2019-06-24T10:21:56.078+0000][1][safepoint    ] Leaving safepoint region
[2019-06-24T10:21:56.078+0000][1][safepoint    ] Total time for which application threads were stopped: 0.0002912 seconds, Stopping threads took: 0.0000785 seconds
[2019-06-24T10:21:57.078+0000][1][safepoint    ] Application time: 1.0001990 seconds
[2019-06-24T10:21:57.078+0000][1][safepoint    ] Entering safepoint region: Cleanup
[2019-06-24T10:21:57.078+0000][1][safepoint    ] Leaving safepoint region
[2019-06-24T10:21:57.078+0000][1][safepoint    ] Total time for which application threads were stopped: 0.0002289 seconds, Stopping threads took: 0.0000621 seconds
[2019-06-24T10:21:58.079+0000][1][safepoint    ] Application time: 1.0002829 seconds
[2019-06-24T10:21:58.079+0000][1][safepoint    ] Entering safepoint region: Cleanup
[2019-06-24T10:21:58.079+0000][1][safepoint    ] Leaving safepoint region
[2019-06-24T10:21:58.079+0000][1][safepoint    ] Total time for which application threads were stopped: 0.0002356 seconds, Stopping threads took: 0.0000650 seconds
[2019-06-24T10:21:59.079+0000][1][safepoint    ] Application time: 1.0001518 seconds
[2019-06-24T10:21:59.079+0000][1][safepoint    ] Entering safepoint region: Cleanup
[2019-06-24T10:21:59.080+0000][1][safepoint    ] Leaving safepoint region
[2019-06-24T10:21:59.080+0000][1][safepoint    ] Total time for which application threads were stopped: 0.0003403 seconds, Stopping threads took: 0.0000867 seconds
[2019-06-24T10:22:00.080+0000][1][safepoint    ] Application time: 1.0002331 seconds
[2019-06-24T10:22:00.080+0000][1][safepoint    ] Entering safepoint region: Cleanup
[2019-06-24T10:22:00.080+0000][1][safepoint    ] Leaving safepoint region
[2019-06-24T10:22:00.080+0000][1][safepoint    ] Total time for which application threads were stopped: 0.0002297 seconds, Stopping threads took: 0.0000636 seconds
[2019-06-24T10:22:01.080+0000][1][safepoint    ] Application time: 1.0001902 seconds
[2019-06-24T10:22:01.081+0000][1][safepoint    ] Entering safepoint region: Cleanup
[2019-06-24T10:22:01.081+0000][1][safepoint    ] Leaving safepoint region
[2019-06-24T10:22:01.081+0000][1][safepoint    ] Total time for which application threads were stopped: 0.0002304 seconds, Stopping threads took: 0.0000607 seconds
[2019-06-24T10:22:02.081+0000][1][safepoint    ] Application time: 1.0002357 seconds
[2019-06-24T10:22:02.081+0000][1][safepoint    ] Entering safepoint region: Cleanup
[2019-06-24T10:22:02.081+0000][1][safepoint    ] Leaving safepoint region
[2019-06-24T10:22:02.081+0000][1][safepoint    ] Total time for which application threads were stopped: 0.0000955 seconds, Stopping threads took: 0.0000266 seconds
[2019-06-24T10:22:03.081+0000][1][safepoint    ] Application time: 1.0002583 seconds
[2019-06-24T10:22:03.082+0000][1][safepoint    ] Entering safepoint region: Cleanup
[2019-06-24T10:22:03.082+0000][1][safepoint    ] Leaving safepoint region
[2019-06-24T10:22:03.082+0000][1][safepoint    ] Total time for which application threads were stopped: 0.0003195 seconds, Stopping threads took: 0.0000738 seconds
[2019-06-24T10:22:04.082+0000][1][safepoint    ] Application time: 1.0002692 seconds
[2019-06-24T10:22:04.082+0000][1][safepoint    ] Entering safepoint region: Cleanup
[2019-06-24T10:22:04.083+0000][1][safepoint    ] Leaving safepoint region
[2019-06-24T10:22:04.083+0000][1][safepoint    ] Total time for which application threads were stopped: 0.0003723 seconds, Stopping threads took: 0.0000634 seconds
[2019-06-24T10:22:05.083+0000][1][safepoint    ] Application time: 1.0001446 seconds
[2019-06-24T10:22:05.083+0000][1][safepoint    ] Entering safepoint region: Cleanup
[2019-06-24T10:22:05.083+0000][1][safepoint    ] Leaving safepoint region
[2019-06-24T10:22:05.083+0000][1][safepoint    ] Total time for which application threads were stopped: 0.0002275 seconds, Stopping threads took: 0.0000633 seconds
[2019-06-24T10:22:06.083+0000][1][safepoint    ] Application time: 1.0002317 seconds
[2019-06-24T10:22:06.084+0000][1][safepoint    ] Entering safepoint region: Cleanup
[2019-06-24T10:22:06.084+0000][1][safepoint    ] Leaving safepoint region
[2019-06-24T10:22:06.084+0000][1][safepoint    ] Total time for which application threads were stopped: 0.0002213 seconds, Stopping threads took: 0.0000596 seconds
[2019-06-24T10:22:07.084+0000][1][safepoint    ] Application time: 1.0001351 seconds
[2019-06-24T10:22:07.084+0000][1][safepoint    ] Entering safepoint region: Cleanup
[2019-06-24T10:22:07.084+0000][1][safepoint    ] Leaving safepoint region
[2019-06-24T10:22:07.084+0000][1][safepoint    ] Total time for which application threads were stopped: 0.0000873 seconds, Stopping threads took: 0.0000231 seconds
[2019-06-24T10:22:08.084+0000][1][safepoint    ] Application time: 1.0002480 seconds
[2019-06-24T10:22:08.084+0000][1][safepoint    ] Entering safepoint region: Cleanup
[2019-06-24T10:22:08.085+0000][1][safepoint    ] Leaving safepoint region
[2019-06-24T10:22:08.085+0000][1][safepoint    ] Total time for which application threads were stopped: 0.0002650 seconds, Stopping threads took: 0.0000614 seconds
[2019-06-24T10:22:09.085+0000][1][safepoint    ] Application time: 1.0001639 seconds
[2019-06-24T10:22:09.085+0000][1][safepoint    ] Entering safepoint region: Cleanup
[2019-06-24T10:22:09.085+0000][1][safepoint    ] Leaving safepoint region
[2019-06-24T10:22:09.085+0000][1][safepoint    ] Total time for which application threads were stopped: 0.0001494 seconds, Stopping threads took: 0.0000464 seconds
[2019-06-24T10:22:10.085+0000][1][safepoint    ] Application time: 1.0002697 seconds
[2019-06-24T10:22:10.086+0000][1][safepoint    ] Entering safepoint region: Cleanup
[2019-06-24T10:22:10.086+0000][1][safepoint    ] Leaving safepoint region
[2019-06-24T10:22:10.086+0000][1][safepoint    ] Total time for which application threads were stopped: 0.0002649 seconds, Stopping threads took: 0.0000735 seconds
[2019-06-24T10:22:11.086+0000][1][safepoint    ] Application time: 1.0002420 seconds
[2019-06-24T10:22:11.086+0000][1][safepoint    ] Entering safepoint region: Cleanup
[2019-06-24T10:22:11.086+0000][1][safepoint    ] Leaving safepoint region
[2019-06-24T10:22:11.086+0000][1][safepoint    ] Total time for which application threads were stopped: 0.0002410 seconds, Stopping threads took: 0.0000609 seconds
[2019-06-24T10:22:12.087+0000][1][safepoint    ] Application time: 1.0001533 seconds
[2019-06-24T10:22:12.087+0000][1][safepoint    ] Entering safepoint region: Cleanup
[2019-06-24T10:22:12.087+0000][1][safepoint    ] Leaving safepoint region
[2019-06-24T10:22:12.087+0000][1][safepoint    ] Total time for which application threads were stopped: 0.0002517 seconds, Stopping threads took: 0.0000697 seconds
[2019-06-24T10:22:13.087+0000][1][safepoint    ] Application time: 1.0001975 seconds
[2019-06-24T10:22:13.087+0000][1][safepoint    ] Entering safepoint region: Cleanup
[2019-06-24T10:22:13.088+0000][1][safepoint    ] Leaving safepoint region
[2019-06-24T10:22:13.088+0000][1][safepoint    ] Total time for which application threads were stopped: 0.0003098 seconds, Stopping threads took: 0.0001061 seconds
[2019-06-24T10:22:14.088+0000][1][safepoint    ] Application time: 1.0002821 seconds
[2019-06-24T10:22:14.088+0000][1][safepoint    ] Entering safepoint region: Cleanup
[2019-06-24T10:22:14.088+0000][1][safepoint    ] Leaving safepoint region
[2019-06-24T10:22:14.088+0000][1][safepoint    ] Total time for which application threads were stopped: 0.0003018 seconds, Stopping threads took: 0.0001148 seconds
[2019-06-24T10:22:15.089+0000][1][safepoint    ] Application time: 1.0002827 seconds
[2019-06-24T10:22:15.089+0000][1][safepoint    ] Entering safepoint region: Cleanup
[2019-06-24T10:22:15.089+0000][1][safepoint    ] Leaving safepoint region
[2019-06-24T10:22:15.089+0000][1][safepoint    ] Total time for which application threads were stopped: 0.0002680 seconds, Stopping threads took: 0.0000863 seconds
[2019-06-24T10:22:16.089+0000][1][safepoint    ] Application time: 1.0001683 seconds
[2019-06-24T10:22:16.090+0000][1][safepoint    ] Entering safepoint region: Cleanup
[2019-06-24T10:22:16.090+0000][1][safepoint    ] Leaving safepoint region
[2019-06-24T10:22:16.090+0000][1][safepoint    ] Total time for which application threads were stopped: 0.0002278 seconds, Stopping threads took: 0.0000654 seconds
[2019-06-24T10:22:17.090+0000][1][safepoint    ] Application time: 1.0002880 seconds
[2019-06-24T10:22:17.090+0000][1][safepoint    ] Entering safepoint region: Cleanup
[2019-06-24T10:22:17.090+0000][1][safepoint    ] Leaving safepoint region
[2019-06-24T10:22:17.091+0000][1][safepoint    ] Total time for which application threads were stopped: 0.0004094 seconds, Stopping threads took: 0.0001116 seconds
[2019-06-24T10:22:18.091+0000][1][safepoint    ] Application time: 1.0001542 seconds
[2019-06-24T10:22:18.091+0000][1][safepoint    ] Entering safepoint region: Cleanup
[2019-06-24T10:22:18.091+0000][1][safepoint    ] Leaving safepoint region
[2019-06-24T10:22:18.091+0000][1][safepoint    ] Total time for which application threads were stopped: 0.0002567 seconds, Stopping threads took: 0.0000702 seconds
[2019-06-24T10:22:19.091+0000][1][safepoint    ] Application time: 1.0002361 seconds
[2019-06-24T10:22:19.092+0000][1][safepoint    ] Entering safepoint region: Cleanup
[2019-06-24T10:22:19.092+0000][1][safepoint    ] Leaving safepoint region
[2019-06-24T10:22:19.092+0000][1][safepoint    ] Total time for which application threads were stopped: 0.0002203 seconds, Stopping threads took: 0.0000599 seconds
[2019-06-24T10:22:20.139+0000][1][safepoint    ] Application time: 1.0474896 seconds
[2019-06-24T10:22:20.139+0000][1][safepoint    ] Entering safepoint region: Cleanup
[2019-06-24T10:22:20.139+0000][1][safepoint    ] Leaving safepoint region
[2019-06-24T10:22:20.139+0000][1][safepoint    ] Total time for which application threads were stopped: 0.0001053 seconds, Stopping threads took: 0.0000283 seconds
[2019-06-24T10:22:21.140+0000][1][safepoint    ] Application time: 1.0003082 seconds
[2019-06-24T10:22:21.140+0000][1][safepoint    ] Entering safepoint region: Cleanup
[2019-06-24T10:22:21.140+0000][1][safepoint    ] Leaving safepoint region
[2019-06-24T10:22:21.140+0000][1][safepoint    ] Total time for which application threads were stopped: 0.0000951 seconds, Stopping threads took: 0.0000257 seconds
[2019-06-24T10:22:22.140+0000][1][safepoint    ] Application time: 1.0002364 seconds
[2019-06-24T10:22:22.140+0000][1][safepoint    ] Entering safepoint region: Cleanup
[2019-06-24T10:22:22.140+0000][1][safepoint    ] Leaving safepoint region
[2019-06-24T10:22:22.140+0000][1][safepoint    ] Total time for which application threads were stopped: 0.0002307 seconds, Stopping threads took: 0.0000617 seconds
[2019-06-24T10:22:23.141+0000][1][safepoint    ] Application time: 1.0002643 seconds
[2019-06-24T10:22:23.141+0000][1][safepoint    ] Entering safepoint region: Cleanup
[2019-06-24T10:22:23.141+0000][1][safepoint    ] Leaving safepoint region
[2019-06-24T10:22:23.141+0000][1][safepoint    ] Total time for which application threads were stopped: 0.0002341 seconds, Stopping threads took: 0.0000644 seconds
[2019-06-24T10:22:24.141+0000][1][safepoint    ] Application time: 1.0002668 seconds
[2019-06-24T10:22:24.142+0000][1][safepoint    ] Entering safepoint region: Cleanup
[2019-06-24T10:22:24.142+0000][1][safepoint    ] Leaving safepoint region
[2019-06-24T10:22:24.142+0000][1][safepoint    ] Total time for which application threads were stopped: 0.0002312 seconds, Stopping threads took: 0.0000618 seconds
[2019-06-24T10:22:25.142+0000][1][safepoint    ] Application time: 1.0002648 seconds
[2019-06-24T10:22:25.142+0000][1][safepoint    ] Entering safepoint region: Cleanup
[2019-06-24T10:22:25.142+0000][1][safepoint    ] Leaving safepoint region
[2019-06-24T10:22:25.142+0000][1][safepoint    ] Total time for which application threads were stopped: 0.0002375 seconds, Stopping threads took: 0.0000756 seconds
[2019-06-24T10:22:26.143+0000][1][safepoint    ] Application time: 1.0002773 seconds
[2019-06-24T10:22:26.143+0000][1][safepoint    ] Entering safepoint region: Cleanup
[2019-06-24T10:22:26.143+0000][1][safepoint    ] Leaving safepoint region
[2019-06-24T10:22:26.143+0000][1][safepoint    ] Total time for which application threads were stopped: 0.0002926 seconds, Stopping threads took: 0.0001100 seconds
[2019-06-24T10:22:27.143+0000][1][safepoint    ] Application time: 1.0001633 seconds
[2019-06-24T10:22:27.144+0000][1][safepoint    ] Entering safepoint region: Cleanup
[2019-06-24T10:22:27.144+0000][1][safepoint    ] Leaving safepoint region
[2019-06-24T10:22:27.144+0000][1][safepoint    ] Total time for which application threads were stopped: 0.0003837 seconds, Stopping threads took: 0.0001126 seconds
[2019-06-24T10:22:28.144+0000][1][safepoint    ] Application time: 1.0002048 seconds
[2019-06-24T10:22:28.144+0000][1][safepoint    ] Entering safepoint region: Cleanup
[2019-06-24T10:22:28.144+0000][1][safepoint    ] Leaving safepoint region
[2019-06-24T10:22:28.145+0000][1][safepoint    ] Total time for which application threads were stopped: 0.0002406 seconds, Stopping threads took: 0.0000783 seconds
[2019-06-24T10:22:29.145+0000][1][safepoint    ] Application time: 1.0001370 seconds
[2019-06-24T10:22:29.145+0000][1][safepoint    ] Entering safepoint region: Cleanup
[2019-06-24T10:22:29.145+0000][1][safepoint    ] Leaving safepoint region
[2019-06-24T10:22:29.145+0000][1][safepoint    ] Total time for which application threads were stopped: 0.0001822 seconds, Stopping threads took: 0.0000492 seconds
[2019-06-24T10:22:30.145+0000][1][safepoint    ] Application time: 1.0001015 seconds
[2019-06-24T10:22:30.145+0000][1][safepoint    ] Entering safepoint region: Cleanup
[2019-06-24T10:22:30.145+0000][1][safepoint    ] Leaving safepoint region
[2019-06-24T10:22:30.145+0000][1][safepoint    ] Total time for which application threads were stopped: 0.0001374 seconds, Stopping threads took: 0.0000377 seconds
[2019-06-24T10:22:31.145+0000][1][safepoint    ] Application time: 1.0001331 seconds
[2019-06-24T10:22:31.146+0000][1][safepoint    ] Entering safepoint region: Cleanup
[2019-06-24T10:22:31.146+0000][1][safepoint    ] Leaving safepoint region
[2019-06-24T10:22:31.146+0000][1][safepoint    ] Total time for which application threads were stopped: 0.0002978 seconds, Stopping threads took: 0.0000803 seconds
[2019-06-24T10:22:32.146+0000][1][safepoint    ] Application time: 1.0002401 seconds
[2019-06-24T10:22:32.146+0000][1][safepoint    ] Entering safepoint region: Cleanup
[2019-06-24T10:22:32.147+0000][1][safepoint    ] Leaving safepoint region
[2019-06-24T10:22:32.147+0000][1][safepoint    ] Total time for which application threads were stopped: 0.0005949 seconds, Stopping threads took: 0.0000734 seconds
[2019-06-24T10:22:33.147+0000][1][safepoint    ] Application time: 1.0002659 seconds
[2019-06-24T10:22:33.147+0000][1][safepoint    ] Entering safepoint region: Cleanup
[2019-06-24T10:22:33.148+0000][1][safepoint    ] Leaving safepoint region
[2019-06-24T10:22:33.148+0000][1][safepoint    ] Total time for which application threads were stopped: 0.0002917 seconds, Stopping threads took: 0.0000812 seconds
[2019-06-24T10:22:34.148+0000][1][safepoint    ] Application time: 1.0002467 seconds
[2019-06-24T10:22:34.148+0000][1][safepoint    ] Entering safepoint region: Cleanup
[2019-06-24T10:22:34.148+0000][1][safepoint    ] Leaving safepoint region
[2019-06-24T10:22:34.148+0000][1][safepoint    ] Total time for which application threads were stopped: 0.0002172 seconds, Stopping threads took: 0.0000605 seconds
[2019-06-24T10:22:35.149+0000][1][safepoint    ] Application time: 1.0002672 seconds
[2019-06-24T10:22:35.149+0000][1][safepoint    ] Entering safepoint region: Cleanup
[2019-06-24T10:22:35.149+0000][1][safepoint    ] Leaving safepoint region
[2019-06-24T10:22:35.149+0000][1][safepoint    ] Total time for which application threads were stopped: 0.0002294 seconds, Stopping threads took: 0.0000620 seconds
[2019-06-24T10:22:36.149+0000][1][safepoint    ] Application time: 1.0001635 seconds
[2019-06-24T10:22:36.149+0000][1][safepoint    ] Entering safepoint region: Cleanup
[2019-06-24T10:22:36.149+0000][1][safepoint    ] Leaving safepoint region
[2019-06-24T10:22:36.149+0000][1][safepoint    ] Total time for which application threads were stopped: 0.0002778 seconds, Stopping threads took: 0.0000795 seconds
[2019-06-24T10:22:37.150+0000][1][safepoint    ] Application time: 1.0002207 seconds
[2019-06-24T10:22:37.150+0000][1][safepoint    ] Entering safepoint region: Cleanup
[2019-06-24T10:22:37.150+0000][1][safepoint    ] Leaving safepoint region
[2019-06-24T10:22:37.150+0000][1][safepoint    ] Total time for which application threads were stopped: 0.0002296 seconds, Stopping threads took: 0.0000569 seconds
[2019-06-24T10:22:38.150+0000][1][safepoint    ] Application time: 1.0002093 seconds
[2019-06-24T10:22:38.150+0000][1][safepoint    ] Entering safepoint region: Cleanup
[2019-06-24T10:22:38.151+0000][1][safepoint    ] Leaving safepoint region
[2019-06-24T10:22:38.151+0000][1][safepoint    ] Total time for which application threads were stopped: 0.0003236 seconds, Stopping threads took: 0.0000563 seconds
[2019-06-24T10:22:39.151+0000][1][safepoint    ] Application time: 1.0001311 seconds
[2019-06-24T10:22:39.151+0000][1][safepoint    ] Entering safepoint region: Cleanup
[2019-06-24T10:22:39.151+0000][1][safepoint    ] Leaving safepoint region
[2019-06-24T10:22:39.151+0000][1][safepoint    ] Total time for which application threads were stopped: 0.0002264 seconds, Stopping threads took: 0.0000577 seconds
[2019-06-24T10:22:40.151+0000][1][safepoint    ] Application time: 1.0001669 seconds
[2019-06-24T10:22:40.152+0000][1][safepoint    ] Entering safepoint region: Cleanup
[2019-06-24T10:22:40.152+0000][1][safepoint    ] Leaving safepoint region
[2019-06-24T10:22:40.152+0000][1][safepoint    ] Total time for which application threads were stopped: 0.0006455 seconds, Stopping threads took: 0.0003034 seconds
[2019-06-24T10:22:41.153+0000][1][safepoint    ] Application time: 1.0002985 seconds
[2019-06-24T10:22:41.153+0000][1][safepoint    ] Entering safepoint region: Cleanup
[2019-06-24T10:22:41.153+0000][1][safepoint    ] Leaving safepoint region
[2019-06-24T10:22:41.153+0000][1][safepoint    ] Total time for which application threads were stopped: 0.0003213 seconds, Stopping threads took: 0.0000954 seconds
[2019-06-24T10:22:42.153+0000][1][safepoint    ] Application time: 1.0003214 seconds
[2019-06-24T10:22:42.154+0000][1][safepoint    ] Entering safepoint region: Cleanup
[2019-06-24T10:22:42.154+0000][1][safepoint    ] Leaving safepoint region
[2019-06-24T10:22:42.154+0000][1][safepoint    ] Total time for which application threads were stopped: 0.0002446 seconds, Stopping threads took: 0.0000657 seconds
[2019-06-24T10:22:43.154+0000][1][safepoint    ] Application time: 1.0002719 seconds
[2019-06-24T10:22:43.154+0000][1][safepoint    ] Entering safepoint region: Cleanup
[2019-06-24T10:22:43.154+0000][1][safepoint    ] Leaving safepoint region
[2019-06-24T10:22:43.154+0000][1][safepoint    ] Total time for which application threads were stopped: 0.0002453 seconds, Stopping threads took: 0.0000647 seconds
[2019-06-24T10:22:44.155+0000][1][safepoint    ] Application time: 1.0001500 seconds
[2019-06-24T10:22:44.155+0000][1][safepoint    ] Entering safepoint region: Cleanup
[2019-06-24T10:22:44.155+0000][1][safepoint    ] Leaving safepoint region
[2019-06-24T10:22:44.155+0000][1][safepoint    ] Total time for which application threads were stopped: 0.0002393 seconds, Stopping threads took: 0.0000621 seconds
[2019-06-24T10:22:45.155+0000][1][safepoint    ] Application time: 1.0001426 seconds
[2019-06-24T10:22:45.155+0000][1][safepoint    ] Entering safepoint region: Cleanup
[2019-06-24T10:22:45.155+0000][1][safepoint    ] Leaving safepoint region
[2019-06-24T10:22:45.155+0000][1][safepoint    ] Total time for which application threads were stopped: 0.0001171 seconds, Stopping threads took: 0.0000310 seconds
[2019-06-24T10:22:46.156+0000][1][safepoint    ] Application time: 1.0002259 seconds
[2019-06-24T10:22:46.156+0000][1][safepoint    ] Entering safepoint region: Cleanup
[2019-06-24T10:22:46.156+0000][1][safepoint    ] Leaving safepoint region
[2019-06-24T10:22:46.156+0000][1][safepoint    ] Total time for which application threads were stopped: 0.0003069 seconds, Stopping threads took: 0.0001055 seconds
[2019-06-24T10:22:47.156+0000][1][safepoint    ] Application time: 1.0001329 seconds
[2019-06-24T10:22:47.156+0000][1][safepoint    ] Entering safepoint region: Cleanup
[2019-06-24T10:22:47.157+0000][1][safepoint    ] Leaving safepoint region
[2019-06-24T10:22:47.157+0000][1][safepoint    ] Total time for which application threads were stopped: 0.0002386 seconds, Stopping threads took: 0.0000640 seconds
[2019-06-24T10:22:48.157+0000][1][safepoint    ] Application time: 1.0002766 seconds
[2019-06-24T10:22:48.157+0000][1][safepoint    ] Entering safepoint region: Cleanup
[2019-06-24T10:22:48.157+0000][1][safepoint    ] Leaving safepoint region
[2019-06-24T10:22:48.157+0000][1][safepoint    ] Total time for which application threads were stopped: 0.0003410 seconds, Stopping threads took: 0.0000634 seconds
[2019-06-24T10:22:49.158+0000][1][safepoint    ] Application time: 1.0002486 seconds
[2019-06-24T10:22:49.158+0000][1][safepoint    ] Entering safepoint region: Cleanup
[2019-06-24T10:22:49.158+0000][1][safepoint    ] Leaving safepoint region
[2019-06-24T10:22:49.158+0000][1][safepoint    ] Total time for which application threads were stopped: 0.0002619 seconds, Stopping threads took: 0.0000977 seconds
[2019-06-24T10:22:50.158+0000][1][safepoint    ] Application time: 1.0002447 seconds
[2019-06-24T10:22:50.158+0000][1][safepoint    ] Entering safepoint region: Cleanup
[2019-06-24T10:22:50.159+0000][1][safepoint    ] Leaving safepoint region
[2019-06-24T10:22:50.159+0000][1][safepoint    ] Total time for which application threads were stopped: 0.0003068 seconds, Stopping threads took: 0.0001246 seconds
[2019-06-24T10:22:51.159+0000][1][safepoint    ] Application time: 1.0001661 seconds
[2019-06-24T10:22:51.159+0000][1][safepoint    ] Entering safepoint region: Cleanup
[2019-06-24T10:22:51.159+0000][1][safepoint    ] Leaving safepoint region
[2019-06-24T10:22:51.159+0000][1][safepoint    ] Total time for which application threads were stopped: 0.0002537 seconds, Stopping threads took: 0.0000947 seconds
[2019-06-24T10:22:52.172+0000][1][safepoint    ] Application time: 1.0127454 seconds
[2019-06-24T10:22:52.172+0000][1][safepoint    ] Entering safepoint region: Cleanup
[2019-06-24T10:22:52.172+0000][1][safepoint    ] Leaving safepoint region
[2019-06-24T10:22:52.172+0000][1][safepoint    ] Total time for which application threads were stopped: 0.0002350 seconds, Stopping threads took: 0.0000584 seconds
[2019-06-24T10:22:53.173+0000][1][safepoint    ] Application time: 1.0001841 seconds
[2019-06-24T10:22:53.173+0000][1][safepoint    ] Entering safepoint region: Cleanup
[2019-06-24T10:22:53.173+0000][1][safepoint    ] Leaving safepoint region
[2019-06-24T10:22:53.173+0000][1][safepoint    ] Total time for which application threads were stopped: 0.0002951 seconds, Stopping threads took: 0.0000850 seconds
[2019-06-24T10:22:54.173+0000][1][safepoint    ] Application time: 1.0002524 seconds
[2019-06-24T10:22:54.173+0000][1][safepoint    ] Entering safepoint region: Cleanup
[2019-06-24T10:22:54.174+0000][1][safepoint    ] Leaving safepoint region
[2019-06-24T10:22:54.174+0000][1][safepoint    ] Total time for which application threads were stopped: 0.0002238 seconds, Stopping threads took: 0.0000580 seconds
[2019-06-24T10:22:55.174+0000][1][safepoint    ] Application time: 1.0001331 seconds
[2019-06-24T10:22:55.174+0000][1][safepoint    ] Entering safepoint region: Cleanup
[2019-06-24T10:22:55.174+0000][1][safepoint    ] Leaving safepoint region
[2019-06-24T10:22:55.174+0000][1][safepoint    ] Total time for which application threads were stopped: 0.0003024 seconds, Stopping threads took: 0.0000590 seconds
[2019-06-24T10:22:56.174+0000][1][safepoint    ] Application time: 1.0001558 seconds
[2019-06-24T10:22:56.175+0000][1][safepoint    ] Entering safepoint region: Cleanup
[2019-06-24T10:22:56.175+0000][1][safepoint    ] Leaving safepoint region
[2019-06-24T10:22:56.175+0000][1][safepoint    ] Total time for which application threads were stopped: 0.0004347 seconds, Stopping threads took: 0.0001230 seconds
[2019-06-24T10:22:57.175+0000][1][safepoint    ] Application time: 1.0002830 seconds
[2019-06-24T10:22:57.176+0000][1][safepoint    ] Entering safepoint region: Cleanup
[2019-06-24T10:22:57.176+0000][1][safepoint    ] Leaving safepoint region
[2019-06-24T10:22:57.176+0000][1][safepoint    ] Total time for which application threads were stopped: 0.0002642 seconds, Stopping threads took: 0.0000609 seconds
[2019-06-24T10:22:58.176+0000][1][safepoint    ] Application time: 1.0001603 seconds
[2019-06-24T10:22:58.176+0000][1][safepoint    ] Entering safepoint region: Cleanup
[2019-06-24T10:22:58.176+0000][1][safepoint    ] Leaving safepoint region
[2019-06-24T10:22:58.176+0000][1][safepoint    ] Total time for which application threads were stopped: 0.0002179 seconds, Stopping threads took: 0.0000621 seconds
[2019-06-24T10:22:59.177+0000][1][safepoint    ] Application time: 1.0001989 seconds
[2019-06-24T10:22:59.177+0000][1][safepoint    ] Entering safepoint region: Cleanup
[2019-06-24T10:22:59.177+0000][1][safepoint    ] Leaving safepoint region
[2019-06-24T10:22:59.177+0000][1][safepoint    ] Total time for which application threads were stopped: 0.0003576 seconds, Stopping threads took: 0.0001367 seconds
[2019-06-24T10:23:00.177+0000][1][safepoint    ] Application time: 1.0001574 seconds
[2019-06-24T10:23:00.177+0000][1][safepoint    ] Entering safepoint region: Cleanup
[2019-06-24T10:23:00.178+0000][1][safepoint    ] Leaving safepoint region
[2019-06-24T10:23:00.178+0000][1][safepoint    ] Total time for which application threads were stopped: 0.0002634 seconds, Stopping threads took: 0.0000728 seconds
[2019-06-24T10:23:01.178+0000][1][safepoint    ] Application time: 1.0002825 seconds
[2019-06-24T10:23:01.178+0000][1][safepoint    ] Entering safepoint region: Cleanup
[2019-06-24T10:23:01.178+0000][1][safepoint    ] Leaving safepoint region
[2019-06-24T10:23:01.178+0000][1][safepoint    ] Total time for which application threads were stopped: 0.0002255 seconds, Stopping threads took: 0.0000615 seconds
[2019-06-24T10:23:02.179+0000][1][safepoint    ] Application time: 1.0001377 seconds
[2019-06-24T10:23:02.179+0000][1][safepoint    ] Entering safepoint region: Cleanup
[2019-06-24T10:23:02.179+0000][1][safepoint    ] Leaving safepoint region
[2019-06-24T10:23:02.179+0000][1][safepoint    ] Total time for which application threads were stopped: 0.0002352 seconds, Stopping threads took: 0.0000660 seconds
[2019-06-24T10:23:03.179+0000][1][safepoint    ] Application time: 1.0002512 seconds
[2019-06-24T10:23:03.179+0000][1][safepoint    ] Entering safepoint region: Cleanup
[2019-06-24T10:23:03.180+0000][1][safepoint    ] Leaving safepoint region
[2019-06-24T10:23:03.180+0000][1][safepoint    ] Total time for which application threads were stopped: 0.0002631 seconds, Stopping threads took: 0.0000714 seconds
[2019-06-24T10:23:04.180+0000][1][safepoint    ] Application time: 1.0001810 seconds
[2019-06-24T10:23:04.180+0000][1][safepoint    ] Entering safepoint region: Cleanup
[2019-06-24T10:23:04.180+0000][1][safepoint    ] Leaving safepoint region
[2019-06-24T10:23:04.180+0000][1][safepoint    ] Total time for which application threads were stopped: 0.0001929 seconds, Stopping threads took: 0.0000506 seconds
[2019-06-24T10:23:05.180+0000][1][safepoint    ] Application time: 1.0001454 seconds
[2019-06-24T10:23:05.180+0000][1][safepoint    ] Entering safepoint region: Cleanup
[2019-06-24T10:23:05.180+0000][1][safepoint    ] Leaving safepoint region
[2019-06-24T10:23:05.180+0000][1][safepoint    ] Total time for which application threads were stopped: 0.0001660 seconds, Stopping threads took: 0.0000449 seconds
[2019-06-24T10:23:06.181+0000][1][safepoint    ] Application time: 1.0001877 seconds
[2019-06-24T10:23:06.181+0000][1][safepoint    ] Entering safepoint region: Cleanup
[2019-06-24T10:23:06.181+0000][1][safepoint    ] Leaving safepoint region
[2019-06-24T10:23:06.181+0000][1][safepoint    ] Total time for which application threads were stopped: 0.0001187 seconds, Stopping threads took: 0.0000316 seconds
[2019-06-24T10:23:07.181+0000][1][safepoint    ] Application time: 1.0001962 seconds
[2019-06-24T10:23:07.181+0000][1][safepoint    ] Entering safepoint region: Cleanup
[2019-06-24T10:23:07.181+0000][1][safepoint    ] Leaving safepoint region
[2019-06-24T10:23:07.181+0000][1][safepoint    ] Total time for which application threads were stopped: 0.0002504 seconds, Stopping threads took: 0.0000679 seconds
[2019-06-24T10:23:08.182+0000][1][safepoint    ] Application time: 1.0002711 seconds
[2019-06-24T10:23:08.182+0000][1][safepoint    ] Entering safepoint region: Cleanup
[2019-06-24T10:23:08.182+0000][1][safepoint    ] Leaving safepoint region
[2019-06-24T10:23:08.182+0000][1][safepoint    ] Total time for which application threads were stopped: 0.0002584 seconds, Stopping threads took: 0.0000720 seconds
[2019-06-24T10:23:09.183+0000][1][safepoint    ] Application time: 1.0003406 seconds
[2019-06-24T10:23:09.183+0000][1][safepoint    ] Entering safepoint region: Cleanup
[2019-06-24T10:23:09.183+0000][1][safepoint    ] Leaving safepoint region
[2019-06-24T10:23:09.183+0000][1][safepoint    ] Total time for which application threads were stopped: 0.0002294 seconds, Stopping threads took: 0.0000731 seconds
[2019-06-24T10:23:10.183+0000][1][safepoint    ] Application time: 1.0001577 seconds
[2019-06-24T10:23:10.183+0000][1][safepoint    ] Entering safepoint region: Cleanup
[2019-06-24T10:23:10.183+0000][1][safepoint    ] Leaving safepoint region
[2019-06-24T10:23:10.183+0000][1][safepoint    ] Total time for which application threads were stopped: 0.0001633 seconds, Stopping threads took: 0.0000503 seconds
[2019-06-24T10:23:11.184+0000][1][safepoint    ] Application time: 1.0002062 seconds
[2019-06-24T10:23:11.184+0000][1][safepoint    ] Entering safepoint region: Cleanup
[2019-06-24T10:23:11.184+0000][1][safepoint    ] Leaving safepoint region
[2019-06-24T10:23:11.184+0000][1][safepoint    ] Total time for which application threads were stopped: 0.0002224 seconds, Stopping threads took: 0.0000605 seconds
[2019-06-24T10:23:12.117+0000][1][safepoint    ] Application time: 0.9331849 seconds
[2019-06-24T10:23:12.117+0000][1][safepoint    ] Entering safepoint region: GenCollectForAllocation
[2019-06-24T10:23:12.117+0000][1][gc,start     ] GC(32) Pause Young (Allocation Failure)
[2019-06-24T10:23:12.117+0000][1][gc,task      ] GC(32) Using 5 workers of 8 for evacuation
[2019-06-24T10:23:12.119+0000][1][gc,age       ] GC(32) Desired survivor size 4456448 bytes, new threshold 6 (max threshold 6)
[2019-06-24T10:23:12.119+0000][1][gc,age       ] GC(32) Age table with threshold 6 (max threshold 6)
[2019-06-24T10:23:12.119+0000][1][gc,age       ] GC(32) - age   1:       5080 bytes,       5080 total
[2019-06-24T10:23:12.119+0000][1][gc,age       ] GC(32) - age   2:        744 bytes,       5824 total
[2019-06-24T10:23:12.119+0000][1][gc,age       ] GC(32) - age   3:       3136 bytes,       8960 total
[2019-06-24T10:23:12.119+0000][1][gc,age       ] GC(32) - age   4:       3416 bytes,      12376 total
[2019-06-24T10:23:12.119+0000][1][gc,age       ] GC(32) - age   5:       2688 bytes,      15064 total
[2019-06-24T10:23:12.119+0000][1][gc,age       ] GC(32) - age   6:      81584 bytes,      96648 total
[2019-06-24T10:23:12.119+0000][1][gc,heap      ] GC(32) ParNew: 70088K->157K(78656K)
[2019-06-24T10:23:12.119+0000][1][gc,heap      ] GC(32) CMS: 69566K->69569K(174784K)
[2019-06-24T10:23:12.119+0000][1][gc,metaspace ] GC(32) Metaspace: 68042K->68042K(1112064K)
[2019-06-24T10:23:12.119+0000][1][gc           ] GC(32) Pause Young (Allocation Failure) 136M->68M(247M) 1.596ms
[2019-06-24T10:23:12.119+0000][1][gc,cpu       ] GC(32) User=0.01s Sys=0.00s Real=0.00s
[2019-06-24T10:23:12.119+0000][1][safepoint    ] Leaving safepoint region
[2019-06-24T10:23:12.119+0000][1][safepoint    ] Total time for which application threads were stopped: 0.0017963 seconds, Stopping threads took: 0.0000373 seconds
[2019-06-24T10:23:13.119+0000][1][safepoint    ] Application time: 1.0002550 seconds
[2019-06-24T10:23:13.119+0000][1][safepoint    ] Entering safepoint region: Cleanup
[2019-06-24T10:23:13.119+0000][1][safepoint    ] Leaving safepoint region
[2019-06-24T10:23:13.120+0000][1][safepoint    ] Total time for which application threads were stopped: 0.0002347 seconds, Stopping threads took: 0.0000619 seconds
[2019-06-24T10:23:14.120+0000][1][safepoint    ] Application time: 1.0002628 seconds
[2019-06-24T10:23:14.120+0000][1][safepoint    ] Entering safepoint region: Cleanup
[2019-06-24T10:23:14.120+0000][1][safepoint    ] Leaving safepoint region
[2019-06-24T10:23:14.120+0000][1][safepoint    ] Total time for which application threads were stopped: 0.0002260 seconds, Stopping threads took: 0.0000609 seconds
[2019-06-24T10:23:15.120+0000][1][safepoint    ] Application time: 1.0002544 seconds
[2019-06-24T10:23:15.121+0000][1][safepoint    ] Entering safepoint region: Cleanup
[2019-06-24T10:23:15.121+0000][1][safepoint    ] Leaving safepoint region
[2019-06-24T10:23:15.121+0000][1][safepoint    ] Total time for which application threads were stopped: 0.0001192 seconds, Stopping threads took: 0.0000310 seconds
[2019-06-24T10:23:16.121+0000][1][safepoint    ] Application time: 1.0002586 seconds
[2019-06-24T10:23:16.121+0000][1][safepoint    ] Entering safepoint region: Cleanup
[2019-06-24T10:23:16.121+0000][1][safepoint    ] Leaving safepoint region
[2019-06-24T10:23:16.121+0000][1][safepoint    ] Total time for which application threads were stopped: 0.0001280 seconds, Stopping threads took: 0.0000428 seconds
[2019-06-24T10:23:17.121+0000][1][safepoint    ] Application time: 1.0001367 seconds
[2019-06-24T10:23:17.121+0000][1][safepoint    ] Entering safepoint region: Cleanup
[2019-06-24T10:23:17.121+0000][1][safepoint    ] Leaving safepoint region
[2019-06-24T10:23:17.121+0000][1][safepoint    ] Total time for which application threads were stopped: 0.0001457 seconds, Stopping threads took: 0.0000528 seconds
[2019-06-24T10:23:18.122+0000][1][safepoint    ] Application time: 1.0002474 seconds
[2019-06-24T10:23:18.122+0000][1][safepoint    ] Entering safepoint region: Cleanup
[2019-06-24T10:23:18.122+0000][1][safepoint    ] Leaving safepoint region
[2019-06-24T10:23:18.122+0000][1][safepoint    ] Total time for which application threads were stopped: 0.0003030 seconds, Stopping threads took: 0.0001046 seconds
[2019-06-24T10:23:19.122+0000][1][safepoint    ] Application time: 1.0001945 seconds
[2019-06-24T10:23:19.123+0000][1][safepoint    ] Entering safepoint region: Cleanup
[2019-06-24T10:23:19.123+0000][1][safepoint    ] Leaving safepoint region
[2019-06-24T10:23:19.123+0000][1][safepoint    ] Total time for which application threads were stopped: 0.0003227 seconds, Stopping threads took: 0.0001349 seconds
[2019-06-24T10:23:20.123+0000][1][safepoint    ] Application time: 1.0002028 seconds
[2019-06-24T10:23:20.123+0000][1][safepoint    ] Entering safepoint region: Cleanup
[2019-06-24T10:23:20.123+0000][1][safepoint    ] Leaving safepoint region
[2019-06-24T10:23:20.123+0000][1][safepoint    ] Total time for which application threads were stopped: 0.0003237 seconds, Stopping threads took: 0.0001396 seconds
[2019-06-24T10:23:21.124+0000][1][safepoint    ] Application time: 1.0002381 seconds
[2019-06-24T10:23:21.124+0000][1][safepoint    ] Entering safepoint region: Cleanup
[2019-06-24T10:23:21.124+0000][1][safepoint    ] Leaving safepoint region
[2019-06-24T10:23:21.124+0000][1][safepoint    ] Total time for which application threads were stopped: 0.0003058 seconds, Stopping threads took: 0.0001059 seconds
[2019-06-24T10:23:22.124+0000][1][safepoint    ] Application time: 1.0002014 seconds
[2019-06-24T10:23:22.125+0000][1][safepoint    ] Entering safepoint region: Cleanup
[2019-06-24T10:23:22.125+0000][1][safepoint    ] Leaving safepoint region
[2019-06-24T10:23:22.125+0000][1][safepoint    ] Total time for which application threads were stopped: 0.0004683 seconds, Stopping threads took: 0.0002751 seconds
[2019-06-24T10:23:23.125+0000][1][safepoint    ] Application time: 1.0001694 seconds
[2019-06-24T10:23:23.125+0000][1][safepoint    ] Entering safepoint region: Cleanup
[2019-06-24T10:23:23.125+0000][1][safepoint    ] Leaving safepoint region
[2019-06-24T10:23:23.125+0000][1][safepoint    ] Total time for which application threads were stopped: 0.0001176 seconds, Stopping threads took: 0.0000338 seconds
[2019-06-24T10:23:24.126+0000][1][safepoint    ] Application time: 1.0002837 seconds
[2019-06-24T10:23:24.126+0000][1][safepoint    ] Entering safepoint region: Cleanup
[2019-06-24T10:23:24.126+0000][1][safepoint    ] Leaving safepoint region
[2019-06-24T10:23:24.126+0000][1][safepoint    ] Total time for which application threads were stopped: 0.0003815 seconds, Stopping threads took: 0.0000788 seconds
[2019-06-24T10:23:25.126+0000][1][safepoint    ] Application time: 1.0002369 seconds
[2019-06-24T10:23:25.127+0000][1][safepoint    ] Entering safepoint region: Cleanup
[2019-06-24T10:23:25.127+0000][1][safepoint    ] Leaving safepoint region
[2019-06-24T10:23:25.127+0000][1][safepoint    ] Total time for which application threads were stopped: 0.0002808 seconds, Stopping threads took: 0.0000725 seconds
[2019-06-24T10:23:26.127+0000][1][safepoint    ] Application time: 1.0002689 seconds
[2019-06-24T10:23:26.127+0000][1][safepoint    ] Entering safepoint region: Cleanup
[2019-06-24T10:23:26.128+0000][1][safepoint    ] Leaving safepoint region
[2019-06-24T10:23:26.128+0000][1][safepoint    ] Total time for which application threads were stopped: 0.0003009 seconds, Stopping threads took: 0.0001028 seconds
[2019-06-24T10:23:27.128+0000][1][safepoint    ] Application time: 1.0002681 seconds
[2019-06-24T10:23:27.128+0000][1][safepoint    ] Entering safepoint region: Cleanup
[2019-06-24T10:23:27.128+0000][1][safepoint    ] Leaving safepoint region
[2019-06-24T10:23:27.128+0000][1][safepoint    ] Total time for which application threads were stopped: 0.0003441 seconds, Stopping threads took: 0.0001208 seconds
[2019-06-24T10:23:28.129+0000][1][safepoint    ] Application time: 1.0002706 seconds
[2019-06-24T10:23:28.129+0000][1][safepoint    ] Entering safepoint region: Cleanup
[2019-06-24T10:23:28.129+0000][1][safepoint    ] Leaving safepoint region
[2019-06-24T10:23:28.129+0000][1][safepoint    ] Total time for which application threads were stopped: 0.0002608 seconds, Stopping threads took: 0.0000629 seconds
[2019-06-24T10:23:29.129+0000][1][safepoint    ] Application time: 1.0002989 seconds
[2019-06-24T10:23:29.129+0000][1][safepoint    ] Entering safepoint region: Cleanup
[2019-06-24T10:23:29.130+0000][1][safepoint    ] Leaving safepoint region
[2019-06-24T10:23:29.130+0000][1][safepoint    ] Total time for which application threads were stopped: 0.0000906 seconds, Stopping threads took: 0.0000235 seconds
[2019-06-24T10:23:30.130+0000][1][safepoint    ] Application time: 1.0001910 seconds
[2019-06-24T10:23:30.130+0000][1][safepoint    ] Entering safepoint region: Cleanup
[2019-06-24T10:23:30.130+0000][1][safepoint    ] Leaving safepoint region
[2019-06-24T10:23:30.130+0000][1][safepoint    ] Total time for which application threads were stopped: 0.0002635 seconds, Stopping threads took: 0.0000921 seconds
[2019-06-24T10:23:31.130+0000][1][safepoint    ] Application time: 1.0002411 seconds
[2019-06-24T10:23:31.130+0000][1][safepoint    ] Entering safepoint region: Cleanup
[2019-06-24T10:23:31.131+0000][1][safepoint    ] Leaving safepoint region
[2019-06-24T10:23:31.131+0000][1][safepoint    ] Total time for which application threads were stopped: 0.0001189 seconds, Stopping threads took: 0.0000235 seconds
[2019-06-24T10:23:32.131+0000][1][safepoint    ] Application time: 1.0002005 seconds
[2019-06-24T10:23:32.131+0000][1][safepoint    ] Entering safepoint region: Cleanup
[2019-06-24T10:23:32.131+0000][1][safepoint    ] Leaving safepoint region
[2019-06-24T10:23:32.131+0000][1][safepoint    ] Total time for which application threads were stopped: 0.0002648 seconds, Stopping threads took: 0.0000727 seconds
[2019-06-24T10:23:33.131+0000][1][safepoint    ] Application time: 1.0002720 seconds
[2019-06-24T10:23:33.132+0000][1][safepoint    ] Entering safepoint region: Cleanup
[2019-06-24T10:23:33.132+0000][1][safepoint    ] Leaving safepoint region
[2019-06-24T10:23:33.132+0000][1][safepoint    ] Total time for which application threads were stopped: 0.0002270 seconds, Stopping threads took: 0.0000622 seconds
[2019-06-24T10:23:34.132+0000][1][safepoint    ] Application time: 1.0001169 seconds
[2019-06-24T10:23:34.132+0000][1][safepoint    ] Entering safepoint region: Cleanup
[2019-06-24T10:23:34.132+0000][1][safepoint    ] Leaving safepoint region
[2019-06-24T10:23:34.132+0000][1][safepoint    ] Total time for which application threads were stopped: 0.0002370 seconds, Stopping threads took: 0.0000274 seconds
[2019-06-24T10:23:35.132+0000][1][safepoint    ] Application time: 1.0001350 seconds
[2019-06-24T10:23:35.133+0000][1][safepoint    ] Entering safepoint region: Cleanup
[2019-06-24T10:23:35.133+0000][1][safepoint    ] Leaving safepoint region
[2019-06-24T10:23:35.133+0000][1][safepoint    ] Total time for which application threads were stopped: 0.0002615 seconds, Stopping threads took: 0.0000796 seconds
[2019-06-24T10:23:36.133+0000][1][safepoint    ] Application time: 1.0002678 seconds
[2019-06-24T10:23:36.133+0000][1][safepoint    ] Entering safepoint region: Cleanup
[2019-06-24T10:23:36.133+0000][1][safepoint    ] Leaving safepoint region
[2019-06-24T10:23:36.133+0000][1][safepoint    ] Total time for which application threads were stopped: 0.0003050 seconds, Stopping threads took: 0.0001041 seconds
[2019-06-24T10:23:37.134+0000][1][safepoint    ] Application time: 1.0001593 seconds
[2019-06-24T10:23:37.134+0000][1][safepoint    ] Entering safepoint region: Cleanup
[2019-06-24T10:23:37.134+0000][1][safepoint    ] Leaving safepoint region
[2019-06-24T10:23:37.134+0000][1][safepoint    ] Total time for which application threads were stopped: 0.0003145 seconds, Stopping threads took: 0.0000958 seconds
[2019-06-24T10:23:38.134+0000][1][safepoint    ] Application time: 1.0002805 seconds
[2019-06-24T10:23:38.135+0000][1][safepoint    ] Entering safepoint region: Cleanup
[2019-06-24T10:23:38.135+0000][1][safepoint    ] Leaving safepoint region
[2019-06-24T10:23:38.135+0000][1][safepoint    ] Total time for which application threads were stopped: 0.0004052 seconds, Stopping threads took: 0.0000741 seconds
[2019-06-24T10:23:39.135+0000][1][safepoint    ] Application time: 1.0002894 seconds
[2019-06-24T10:23:39.136+0000][1][safepoint    ] Entering safepoint region: Cleanup
[2019-06-24T10:23:39.136+0000][1][safepoint    ] Leaving safepoint region
[2019-06-24T10:23:39.136+0000][1][safepoint    ] Total time for which application threads were stopped: 0.0002641 seconds, Stopping threads took: 0.0000712 seconds
[2019-06-24T10:23:40.136+0000][1][safepoint    ] Application time: 1.0001846 seconds
[2019-06-24T10:23:40.136+0000][1][safepoint    ] Entering safepoint region: Cleanup
[2019-06-24T10:23:40.136+0000][1][safepoint    ] Leaving safepoint region
[2019-06-24T10:23:40.136+0000][1][safepoint    ] Total time for which application threads were stopped: 0.0001844 seconds, Stopping threads took: 0.0000477 seconds
[2019-06-24T10:23:41.137+0000][1][safepoint    ] Application time: 1.0002777 seconds
[2019-06-24T10:23:41.137+0000][1][safepoint    ] Entering safepoint region: Cleanup
[2019-06-24T10:23:41.137+0000][1][safepoint    ] Leaving safepoint region
[2019-06-24T10:23:41.137+0000][1][safepoint    ] Total time for which application threads were stopped: 0.0002763 seconds, Stopping threads took: 0.0000741 seconds
[2019-06-24T10:23:42.137+0000][1][safepoint    ] Application time: 1.0002747 seconds
[2019-06-24T10:23:42.137+0000][1][safepoint    ] Entering safepoint region: Cleanup
[2019-06-24T10:23:42.138+0000][1][safepoint    ] Leaving safepoint region
[2019-06-24T10:23:42.138+0000][1][safepoint    ] Total time for which application threads were stopped: 0.0002679 seconds, Stopping threads took: 0.0000959 seconds
[2019-06-24T10:23:43.138+0000][1][safepoint    ] Application time: 1.0001450 seconds
[2019-06-24T10:23:43.138+0000][1][safepoint    ] Entering safepoint region: Cleanup
[2019-06-24T10:23:43.138+0000][1][safepoint    ] Leaving safepoint region
[2019-06-24T10:23:43.138+0000][1][safepoint    ] Total time for which application threads were stopped: 0.0003128 seconds, Stopping threads took: 0.0001102 seconds
[2019-06-24T10:23:44.138+0000][1][safepoint    ] Application time: 1.0001660 seconds
[2019-06-24T10:23:44.139+0000][1][safepoint    ] Entering safepoint region: Cleanup
[2019-06-24T10:23:44.139+0000][1][safepoint    ] Leaving safepoint region
[2019-06-24T10:23:44.139+0000][1][safepoint    ] Total time for which application threads were stopped: 0.0000948 seconds, Stopping threads took: 0.0000267 seconds
[2019-06-24T10:23:45.139+0000][1][safepoint    ] Application time: 1.0001297 seconds
[2019-06-24T10:23:45.139+0000][1][safepoint    ] Entering safepoint region: Cleanup
[2019-06-24T10:23:45.139+0000][1][safepoint    ] Leaving safepoint region
[2019-06-24T10:23:45.139+0000][1][safepoint    ] Total time for which application threads were stopped: 0.0002425 seconds, Stopping threads took: 0.0000658 seconds
[2019-06-24T10:23:46.139+0000][1][safepoint    ] Application time: 1.0002467 seconds
[2019-06-24T10:23:46.140+0000][1][safepoint    ] Entering safepoint region: Cleanup
[2019-06-24T10:23:46.140+0000][1][safepoint    ] Leaving safepoint region
[2019-06-24T10:23:46.140+0000][1][safepoint    ] Total time for which application threads were stopped: 0.0002424 seconds, Stopping threads took: 0.0000658 seconds
[2019-06-24T10:23:47.140+0000][1][safepoint    ] Application time: 1.0002732 seconds
[2019-06-24T10:23:47.140+0000][1][safepoint    ] Entering safepoint region: Cleanup
[2019-06-24T10:23:47.140+0000][1][safepoint    ] Leaving safepoint region
[2019-06-24T10:23:47.140+0000][1][safepoint    ] Total time for which application threads were stopped: 0.0002402 seconds, Stopping threads took: 0.0000647 seconds
[2019-06-24T10:23:48.141+0000][1][safepoint    ] Application time: 1.0002600 seconds
[2019-06-24T10:23:48.141+0000][1][safepoint    ] Entering safepoint region: Cleanup
[2019-06-24T10:23:48.141+0000][1][safepoint    ] Leaving safepoint region
[2019-06-24T10:23:48.141+0000][1][safepoint    ] Total time for which application threads were stopped: 0.0002417 seconds, Stopping threads took: 0.0000647 seconds
[2019-06-24T10:23:49.141+0000][1][safepoint    ] Application time: 1.0002576 seconds
[2019-06-24T10:23:49.141+0000][1][safepoint    ] Entering safepoint region: Cleanup
[2019-06-24T10:23:49.142+0000][1][safepoint    ] Leaving safepoint region
[2019-06-24T10:23:49.142+0000][1][safepoint    ] Total time for which application threads were stopped: 0.0002602 seconds, Stopping threads took: 0.0000573 seconds
[2019-06-24T10:23:50.142+0000][1][safepoint    ] Application time: 1.0002683 seconds
[2019-06-24T10:23:50.142+0000][1][safepoint    ] Entering safepoint region: Cleanup
[2019-06-24T10:23:50.142+0000][1][safepoint    ] Leaving safepoint region
[2019-06-24T10:23:50.142+0000][1][safepoint    ] Total time for which application threads were stopped: 0.0002785 seconds, Stopping threads took: 0.0000648 seconds
[2019-06-24T10:23:51.143+0000][1][safepoint    ] Application time: 1.0003402 seconds
[2019-06-24T10:23:51.143+0000][1][safepoint    ] Entering safepoint region: Cleanup
[2019-06-24T10:23:51.143+0000][1][safepoint    ] Leaving safepoint region
[2019-06-24T10:23:51.143+0000][1][safepoint    ] Total time for which application threads were stopped: 0.0002116 seconds, Stopping threads took: 0.0000579 seconds
[2019-06-24T10:23:52.143+0000][1][safepoint    ] Application time: 1.0002728 seconds
[2019-06-24T10:23:52.144+0000][1][safepoint    ] Entering safepoint region: Cleanup
[2019-06-24T10:23:52.144+0000][1][safepoint    ] Leaving safepoint region
[2019-06-24T10:23:52.144+0000][1][safepoint    ] Total time for which application threads were stopped: 0.0002302 seconds, Stopping threads took: 0.0000631 seconds
[2019-06-24T10:23:53.144+0000][1][safepoint    ] Application time: 1.0002725 seconds
[2019-06-24T10:23:53.144+0000][1][safepoint    ] Entering safepoint region: Cleanup
[2019-06-24T10:23:53.144+0000][1][safepoint    ] Leaving safepoint region
[2019-06-24T10:23:53.145+0000][1][safepoint    ] Total time for which application threads were stopped: 0.0003504 seconds, Stopping threads took: 0.0001032 seconds
[2019-06-24T10:23:54.145+0000][1][safepoint    ] Application time: 1.0002910 seconds
[2019-06-24T10:23:54.145+0000][1][safepoint    ] Entering safepoint region: Cleanup
[2019-06-24T10:23:54.145+0000][1][safepoint    ] Leaving safepoint region
[2019-06-24T10:23:54.145+0000][1][safepoint    ] Total time for which application threads were stopped: 0.0002371 seconds, Stopping threads took: 0.0000645 seconds
[2019-06-24T10:23:55.146+0000][1][safepoint    ] Application time: 1.0002732 seconds
[2019-06-24T10:23:55.146+0000][1][safepoint    ] Entering safepoint region: Cleanup
[2019-06-24T10:23:55.146+0000][1][safepoint    ] Leaving safepoint region
[2019-06-24T10:23:55.146+0000][1][safepoint    ] Total time for which application threads were stopped: 0.0002300 seconds, Stopping threads took: 0.0000631 seconds
[2019-06-24T10:23:56.146+0000][1][safepoint    ] Application time: 1.0002835 seconds
[2019-06-24T10:23:56.146+0000][1][safepoint    ] Entering safepoint region: Cleanup
[2019-06-24T10:23:56.147+0000][1][safepoint    ] Leaving safepoint region
[2019-06-24T10:23:56.147+0000][1][safepoint    ] Total time for which application threads were stopped: 0.0003067 seconds, Stopping threads took: 0.0000639 seconds
[2019-06-24T10:23:57.147+0000][1][safepoint    ] Application time: 1.0002835 seconds
[2019-06-24T10:23:57.147+0000][1][safepoint    ] Entering safepoint region: Cleanup
[2019-06-24T10:23:57.147+0000][1][safepoint    ] Leaving safepoint region
[2019-06-24T10:23:57.147+0000][1][safepoint    ] Total time for which application threads were stopped: 0.0002329 seconds, Stopping threads took: 0.0000637 seconds
[2019-06-24T10:23:58.148+0000][1][safepoint    ] Application time: 1.0002110 seconds
[2019-06-24T10:23:58.148+0000][1][safepoint    ] Entering safepoint region: Cleanup
[2019-06-24T10:23:58.148+0000][1][safepoint    ] Leaving safepoint region
[2019-06-24T10:23:58.148+0000][1][safepoint    ] Total time for which application threads were stopped: 0.0002286 seconds, Stopping threads took: 0.0000639 seconds
[2019-06-24T10:23:59.981+0000][1][safepoint    ] Application time: 1.8329082 seconds
[2019-06-24T10:23:59.981+0000][1][safepoint    ] Entering safepoint region: Cleanup
[2019-06-24T10:23:59.981+0000][1][safepoint    ] Leaving safepoint region
[2019-06-24T10:23:59.981+0000][1][safepoint    ] Total time for which application threads were stopped: 0.0002298 seconds, Stopping threads took: 0.0000617 seconds
[2019-06-24T10:24:00.981+0000][1][safepoint    ] Application time: 1.0002566 seconds
[2019-06-24T10:24:00.982+0000][1][safepoint    ] Entering safepoint region: Cleanup
[2019-06-24T10:24:00.982+0000][1][safepoint    ] Leaving safepoint region
[2019-06-24T10:24:00.982+0000][1][safepoint    ] Total time for which application threads were stopped: 0.0002750 seconds, Stopping threads took: 0.0000630 seconds
[2019-06-24T10:24:01.982+0000][1][safepoint    ] Application time: 1.0002392 seconds
[2019-06-24T10:24:01.982+0000][1][safepoint    ] Entering safepoint region: Cleanup
[2019-06-24T10:24:01.982+0000][1][safepoint    ] Leaving safepoint region
[2019-06-24T10:24:01.982+0000][1][safepoint    ] Total time for which application threads were stopped: 0.0002379 seconds, Stopping threads took: 0.0000623 seconds
[2019-06-24T10:24:02.983+0000][1][safepoint    ] Application time: 1.0002489 seconds
[2019-06-24T10:24:02.983+0000][1][safepoint    ] Entering safepoint region: Cleanup
[2019-06-24T10:24:02.983+0000][1][safepoint    ] Leaving safepoint region
[2019-06-24T10:24:02.983+0000][1][safepoint    ] Total time for which application threads were stopped: 0.0002275 seconds, Stopping threads took: 0.0000609 seconds
[2019-06-24T10:24:03.983+0000][1][safepoint    ] Application time: 1.0002349 seconds
[2019-06-24T10:24:03.983+0000][1][safepoint    ] Entering safepoint region: Cleanup
[2019-06-24T10:24:03.984+0000][1][safepoint    ] Leaving safepoint region
[2019-06-24T10:24:03.984+0000][1][safepoint    ] Total time for which application threads were stopped: 0.0002303 seconds, Stopping threads took: 0.0000615 seconds
[2019-06-24T10:24:04.984+0000][1][safepoint    ] Application time: 1.0002418 seconds
[2019-06-24T10:24:04.984+0000][1][safepoint    ] Entering safepoint region: Cleanup
[2019-06-24T10:24:04.984+0000][1][safepoint    ] Leaving safepoint region
[2019-06-24T10:24:04.984+0000][1][safepoint    ] Total time for which application threads were stopped: 0.0003160 seconds, Stopping threads took: 0.0000626 seconds
[2019-06-24T10:24:05.985+0000][1][safepoint    ] Application time: 1.0003062 seconds
[2019-06-24T10:24:05.985+0000][1][safepoint    ] Entering safepoint region: Cleanup
[2019-06-24T10:24:05.985+0000][1][safepoint    ] Leaving safepoint region
[2019-06-24T10:24:05.985+0000][1][safepoint    ] Total time for which application threads were stopped: 0.0003753 seconds, Stopping threads took: 0.0000739 seconds
[2019-06-24T10:24:06.986+0000][1][safepoint    ] Application time: 1.0002763 seconds
[2019-06-24T10:24:06.986+0000][1][safepoint    ] Entering safepoint region: Cleanup
[2019-06-24T10:24:06.986+0000][1][safepoint    ] Leaving safepoint region
[2019-06-24T10:24:06.986+0000][1][safepoint    ] Total time for which application threads were stopped: 0.0002809 seconds, Stopping threads took: 0.0000633 seconds
[2019-06-24T10:24:07.986+0000][1][safepoint    ] Application time: 1.0001401 seconds
[2019-06-24T10:24:07.986+0000][1][safepoint    ] Entering safepoint region: Cleanup
[2019-06-24T10:24:07.986+0000][1][safepoint    ] Leaving safepoint region
[2019-06-24T10:24:07.986+0000][1][safepoint    ] Total time for which application threads were stopped: 0.0002566 seconds, Stopping threads took: 0.0000613 seconds
[2019-06-24T10:24:08.987+0000][1][safepoint    ] Application time: 1.0001747 seconds
[2019-06-24T10:24:08.987+0000][1][safepoint    ] Entering safepoint region: Cleanup
[2019-06-24T10:24:08.987+0000][1][safepoint    ] Leaving safepoint region
[2019-06-24T10:24:08.987+0000][1][safepoint    ] Total time for which application threads were stopped: 0.0001385 seconds, Stopping threads took: 0.0000352 seconds
[2019-06-24T10:24:09.987+0000][1][safepoint    ] Application time: 1.0002192 seconds
[2019-06-24T10:24:09.987+0000][1][safepoint    ] Entering safepoint region: Cleanup
[2019-06-24T10:24:09.987+0000][1][safepoint    ] Leaving safepoint region
[2019-06-24T10:24:09.988+0000][1][safepoint    ] Total time for which application threads were stopped: 0.0002532 seconds, Stopping threads took: 0.0000601 seconds
[2019-06-24T10:24:10.988+0000][1][safepoint    ] Application time: 1.0002725 seconds
[2019-06-24T10:24:10.988+0000][1][safepoint    ] Entering safepoint region: Cleanup
[2019-06-24T10:24:10.988+0000][1][safepoint    ] Leaving safepoint region
[2019-06-24T10:24:10.988+0000][1][safepoint    ] Total time for which application threads were stopped: 0.0002731 seconds, Stopping threads took: 0.0000642 seconds
[2019-06-24T10:24:11.989+0000][1][safepoint    ] Application time: 1.0002854 seconds
[2019-06-24T10:24:11.989+0000][1][safepoint    ] Entering safepoint region: Cleanup
[2019-06-24T10:24:11.989+0000][1][safepoint    ] Leaving safepoint region
[2019-06-24T10:24:11.989+0000][1][safepoint    ] Total time for which application threads were stopped: 0.0003081 seconds, Stopping threads took: 0.0000725 seconds
[2019-06-24T10:24:12.989+0000][1][safepoint    ] Application time: 1.0002160 seconds
[2019-06-24T10:24:12.989+0000][1][safepoint    ] Entering safepoint region: Cleanup
[2019-06-24T10:24:12.990+0000][1][safepoint    ] Leaving safepoint region
[2019-06-24T10:24:12.990+0000][1][safepoint    ] Total time for which application threads were stopped: 0.0002624 seconds, Stopping threads took: 0.0000930 seconds
[2019-06-24T10:24:13.990+0000][1][safepoint    ] Application time: 1.0001997 seconds
[2019-06-24T10:24:13.990+0000][1][safepoint    ] Entering safepoint region: Cleanup
[2019-06-24T10:24:13.990+0000][1][safepoint    ] Leaving safepoint region
[2019-06-24T10:24:13.990+0000][1][safepoint    ] Total time for which application threads were stopped: 0.0003028 seconds, Stopping threads took: 0.0000760 seconds
[2019-06-24T10:24:15.287+0000][1][safepoint    ] Application time: 1.2970796 seconds
[2019-06-24T10:24:15.288+0000][1][safepoint    ] Entering safepoint region: Cleanup
[2019-06-24T10:24:15.288+0000][1][safepoint    ] Leaving safepoint region
[2019-06-24T10:24:15.288+0000][1][safepoint    ] Total time for which application threads were stopped: 0.0002980 seconds, Stopping threads took: 0.0000780 seconds
[2019-06-24T10:24:16.288+0000][1][safepoint    ] Application time: 1.0002646 seconds
[2019-06-24T10:24:16.288+0000][1][safepoint    ] Entering safepoint region: Cleanup
[2019-06-24T10:24:16.288+0000][1][safepoint    ] Leaving safepoint region
[2019-06-24T10:24:16.288+0000][1][safepoint    ] Total time for which application threads were stopped: 0.0001383 seconds, Stopping threads took: 0.0000392 seconds
[2019-06-24T10:24:17.289+0000][1][safepoint    ] Application time: 1.0001638 seconds
[2019-06-24T10:24:17.289+0000][1][safepoint    ] Entering safepoint region: Cleanup
[2019-06-24T10:24:17.289+0000][1][safepoint    ] Leaving safepoint region
[2019-06-24T10:24:17.289+0000][1][safepoint    ] Total time for which application threads were stopped: 0.0002452 seconds, Stopping threads took: 0.0000698 seconds
[2019-06-24T10:24:18.289+0000][1][safepoint    ] Application time: 1.0001880 seconds
[2019-06-24T10:24:18.289+0000][1][safepoint    ] Entering safepoint region: Cleanup
[2019-06-24T10:24:18.290+0000][1][safepoint    ] Leaving safepoint region
[2019-06-24T10:24:18.290+0000][1][safepoint    ] Total time for which application threads were stopped: 0.0003323 seconds, Stopping threads took: 0.0001481 seconds
[2019-06-24T10:24:19.290+0000][1][safepoint    ] Application time: 1.0002073 seconds
[2019-06-24T10:24:19.290+0000][1][safepoint    ] Entering safepoint region: Cleanup
[2019-06-24T10:24:19.290+0000][1][safepoint    ] Leaving safepoint region
[2019-06-24T10:24:19.290+0000][1][safepoint    ] Total time for which application threads were stopped: 0.0002326 seconds, Stopping threads took: 0.0000637 seconds
[2019-06-24T10:24:20.291+0000][1][safepoint    ] Application time: 1.0002908 seconds
[2019-06-24T10:24:20.291+0000][1][safepoint    ] Entering safepoint region: Cleanup
[2019-06-24T10:24:20.291+0000][1][safepoint    ] Leaving safepoint region
[2019-06-24T10:24:20.291+0000][1][safepoint    ] Total time for which application threads were stopped: 0.0000907 seconds, Stopping threads took: 0.0000239 seconds
[2019-06-24T10:24:21.291+0000][1][safepoint    ] Application time: 1.0001267 seconds
[2019-06-24T10:24:21.291+0000][1][safepoint    ] Entering safepoint region: Cleanup
[2019-06-24T10:24:21.291+0000][1][safepoint    ] Leaving safepoint region
[2019-06-24T10:24:21.291+0000][1][safepoint    ] Total time for which application threads were stopped: 0.0002471 seconds, Stopping threads took: 0.0000650 seconds
[2019-06-24T10:24:22.292+0000][1][safepoint    ] Application time: 1.0002368 seconds
[2019-06-24T10:24:22.292+0000][1][safepoint    ] Entering safepoint region: Cleanup
[2019-06-24T10:24:22.292+0000][1][safepoint    ] Leaving safepoint region
[2019-06-24T10:24:22.292+0000][1][safepoint    ] Total time for which application threads were stopped: 0.0002940 seconds, Stopping threads took: 0.0000618 seconds
[2019-06-24T10:24:23.292+0000][1][safepoint    ] Application time: 1.0002711 seconds
[2019-06-24T10:24:23.292+0000][1][safepoint    ] Entering safepoint region: Cleanup
[2019-06-24T10:24:23.293+0000][1][safepoint    ] Leaving safepoint region
[2019-06-24T10:24:23.293+0000][1][safepoint    ] Total time for which application threads were stopped: 0.0003110 seconds, Stopping threads took: 0.0001062 seconds
[2019-06-24T10:24:24.293+0000][1][safepoint    ] Application time: 1.0002618 seconds
[2019-06-24T10:24:24.293+0000][1][safepoint    ] Entering safepoint region: Cleanup
[2019-06-24T10:24:24.293+0000][1][safepoint    ] Leaving safepoint region
[2019-06-24T10:24:24.293+0000][1][safepoint    ] Total time for which application threads were stopped: 0.0003088 seconds, Stopping threads took: 0.0001066 seconds
[2019-06-24T10:24:25.294+0000][1][safepoint    ] Application time: 1.0002948 seconds
[2019-06-24T10:24:25.294+0000][1][safepoint    ] Entering safepoint region: Cleanup
[2019-06-24T10:24:25.294+0000][1][safepoint    ] Leaving safepoint region
[2019-06-24T10:24:25.294+0000][1][safepoint    ] Total time for which application threads were stopped: 0.0001343 seconds, Stopping threads took: 0.0000591 seconds
[2019-06-24T10:24:26.294+0000][1][safepoint    ] Application time: 1.0002439 seconds
[2019-06-24T10:24:26.294+0000][1][safepoint    ] Entering safepoint region: Cleanup
[2019-06-24T10:24:26.295+0000][1][safepoint    ] Leaving safepoint region
[2019-06-24T10:24:26.295+0000][1][safepoint    ] Total time for which application threads were stopped: 0.0003717 seconds, Stopping threads took: 0.0000625 seconds
[2019-06-24T10:24:27.295+0000][1][safepoint    ] Application time: 1.0002141 seconds
[2019-06-24T10:24:27.295+0000][1][safepoint    ] Entering safepoint region: Cleanup
[2019-06-24T10:24:27.295+0000][1][safepoint    ] Leaving safepoint region
[2019-06-24T10:24:27.295+0000][1][safepoint    ] Total time for which application threads were stopped: 0.0002376 seconds, Stopping threads took: 0.0000618 seconds
[2019-06-24T10:24:28.295+0000][1][safepoint    ] Application time: 1.0001571 seconds
[2019-06-24T10:24:28.296+0000][1][safepoint    ] Entering safepoint region: Cleanup
[2019-06-24T10:24:28.296+0000][1][safepoint    ] Leaving safepoint region
[2019-06-24T10:24:28.296+0000][1][safepoint    ] Total time for which application threads were stopped: 0.0003497 seconds, Stopping threads took: 0.0001247 seconds
[2019-06-24T10:24:29.296+0000][1][safepoint    ] Application time: 1.0002709 seconds
[2019-06-24T10:24:29.296+0000][1][safepoint    ] Entering safepoint region: Cleanup
[2019-06-24T10:24:29.296+0000][1][safepoint    ] Leaving safepoint region
[2019-06-24T10:24:29.296+0000][1][safepoint    ] Total time for which application threads were stopped: 0.0001689 seconds, Stopping threads took: 0.0000467 seconds
[2019-06-24T10:24:30.297+0000][1][safepoint    ] Application time: 1.0002794 seconds
[2019-06-24T10:24:30.297+0000][1][safepoint    ] Entering safepoint region: Cleanup
[2019-06-24T10:24:30.297+0000][1][safepoint    ] Leaving safepoint region
[2019-06-24T10:24:30.297+0000][1][safepoint    ] Total time for which application threads were stopped: 0.0002807 seconds, Stopping threads took: 0.0000806 seconds
[2019-06-24T10:24:31.297+0000][1][safepoint    ] Application time: 1.0002719 seconds
[2019-06-24T10:24:31.298+0000][1][safepoint    ] Entering safepoint region: Cleanup
[2019-06-24T10:24:31.298+0000][1][safepoint    ] Leaving safepoint region
[2019-06-24T10:24:31.298+0000][1][safepoint    ] Total time for which application threads were stopped: 0.0002729 seconds, Stopping threads took: 0.0000723 seconds
[2019-06-24T10:24:32.298+0000][1][safepoint    ] Application time: 1.0002544 seconds
[2019-06-24T10:24:32.298+0000][1][safepoint    ] Entering safepoint region: Cleanup
[2019-06-24T10:24:32.299+0000][1][safepoint    ] Leaving safepoint region
[2019-06-24T10:24:32.299+0000][1][safepoint    ] Total time for which application threads were stopped: 0.0003408 seconds, Stopping threads took: 0.0000633 seconds
[2019-06-24T10:24:33.299+0000][1][safepoint    ] Application time: 1.0001443 seconds
[2019-06-24T10:24:33.299+0000][1][safepoint    ] Entering safepoint region: Cleanup
[2019-06-24T10:24:33.299+0000][1][safepoint    ] Leaving safepoint region
[2019-06-24T10:24:33.299+0000][1][safepoint    ] Total time for which application threads were stopped: 0.0001045 seconds, Stopping threads took: 0.0000289 seconds
[2019-06-24T10:24:34.299+0000][1][safepoint    ] Application time: 1.0002287 seconds
[2019-06-24T10:24:34.299+0000][1][safepoint    ] Entering safepoint region: Cleanup
[2019-06-24T10:24:34.300+0000][1][safepoint    ] Leaving safepoint region
[2019-06-24T10:24:34.300+0000][1][safepoint    ] Total time for which application threads were stopped: 0.0002320 seconds, Stopping threads took: 0.0000620 seconds
[2019-06-24T10:24:35.300+0000][1][safepoint    ] Application time: 1.0002740 seconds
[2019-06-24T10:24:35.300+0000][1][safepoint    ] Entering safepoint region: Cleanup
[2019-06-24T10:24:35.300+0000][1][safepoint    ] Leaving safepoint region
[2019-06-24T10:24:35.300+0000][1][safepoint    ] Total time for which application threads were stopped: 0.0003498 seconds, Stopping threads took: 0.0000889 seconds
[2019-06-24T10:24:36.301+0000][1][safepoint    ] Application time: 1.0001752 seconds
[2019-06-24T10:24:36.301+0000][1][safepoint    ] Entering safepoint region: Cleanup
[2019-06-24T10:24:36.301+0000][1][safepoint    ] Leaving safepoint region
[2019-06-24T10:24:36.301+0000][1][safepoint    ] Total time for which application threads were stopped: 0.0002244 seconds, Stopping threads took: 0.0000599 seconds
[2019-06-24T10:24:37.301+0000][1][safepoint    ] Application time: 1.0002854 seconds
[2019-06-24T10:24:37.301+0000][1][safepoint    ] Entering safepoint region: Cleanup
[2019-06-24T10:24:37.302+0000][1][safepoint    ] Leaving safepoint region
[2019-06-24T10:24:37.302+0000][1][safepoint    ] Total time for which application threads were stopped: 0.0003070 seconds, Stopping threads took: 0.0000989 seconds
[2019-06-24T10:24:38.302+0000][1][safepoint    ] Application time: 1.0002418 seconds
[2019-06-24T10:24:38.302+0000][1][safepoint    ] Entering safepoint region: Cleanup
[2019-06-24T10:24:38.302+0000][1][safepoint    ] Leaving safepoint region
[2019-06-24T10:24:38.302+0000][1][safepoint    ] Total time for which application threads were stopped: 0.0001146 seconds, Stopping threads took: 0.0000282 seconds
[2019-06-24T10:24:39.302+0000][1][safepoint    ] Application time: 1.0000965 seconds
[2019-06-24T10:24:39.302+0000][1][safepoint    ] Entering safepoint region: Cleanup
[2019-06-24T10:24:39.302+0000][1][safepoint    ] Leaving safepoint region
[2019-06-24T10:24:39.302+0000][1][safepoint    ] Total time for which application threads were stopped: 0.0001836 seconds, Stopping threads took: 0.0000461 seconds
[2019-06-24T10:24:40.303+0000][1][safepoint    ] Application time: 1.0001242 seconds
[2019-06-24T10:24:40.303+0000][1][safepoint    ] Entering safepoint region: Cleanup
[2019-06-24T10:24:40.303+0000][1][safepoint    ] Leaving safepoint region
[2019-06-24T10:24:40.303+0000][1][safepoint    ] Total time for which application threads were stopped: 0.0002966 seconds, Stopping threads took: 0.0001039 seconds
[2019-06-24T10:24:41.303+0000][1][safepoint    ] Application time: 1.0002888 seconds
[2019-06-24T10:24:41.304+0000][1][safepoint    ] Entering safepoint region: Cleanup
[2019-06-24T10:24:41.304+0000][1][safepoint    ] Leaving safepoint region
[2019-06-24T10:24:41.304+0000][1][safepoint    ] Total time for which application threads were stopped: 0.0002671 seconds, Stopping threads took: 0.0000703 seconds
[2019-06-24T10:24:42.304+0000][1][safepoint    ] Application time: 1.0001638 seconds
[2019-06-24T10:24:42.304+0000][1][safepoint    ] Entering safepoint region: Cleanup
[2019-06-24T10:24:42.304+0000][1][safepoint    ] Leaving safepoint region
[2019-06-24T10:24:42.304+0000][1][safepoint    ] Total time for which application threads were stopped: 0.0002309 seconds, Stopping threads took: 0.0000696 seconds
[2019-06-24T10:24:43.305+0000][1][safepoint    ] Application time: 1.0002783 seconds
[2019-06-24T10:24:43.305+0000][1][safepoint    ] Entering safepoint region: Cleanup
[2019-06-24T10:24:43.305+0000][1][safepoint    ] Leaving safepoint region
[2019-06-24T10:24:43.305+0000][1][safepoint    ] Total time for which application threads were stopped: 0.0002371 seconds, Stopping threads took: 0.0000627 seconds
[2019-06-24T10:24:44.305+0000][1][safepoint    ] Application time: 1.0002368 seconds
[2019-06-24T10:24:44.305+0000][1][safepoint    ] Entering safepoint region: Cleanup
[2019-06-24T10:24:44.305+0000][1][safepoint    ] Leaving safepoint region
[2019-06-24T10:24:44.305+0000][1][safepoint    ] Total time for which application threads were stopped: 0.0001117 seconds, Stopping threads took: 0.0000391 seconds
[2019-06-24T10:24:45.306+0000][1][safepoint    ] Application time: 1.0002112 seconds
[2019-06-24T10:24:45.306+0000][1][safepoint    ] Entering safepoint region: Cleanup
[2019-06-24T10:24:45.306+0000][1][safepoint    ] Leaving safepoint region
[2019-06-24T10:24:45.306+0000][1][safepoint    ] Total time for which application threads were stopped: 0.0001042 seconds, Stopping threads took: 0.0000287 seconds
[2019-06-24T10:24:46.306+0000][1][safepoint    ] Application time: 1.0001947 seconds
[2019-06-24T10:24:46.306+0000][1][safepoint    ] Entering safepoint region: Cleanup
[2019-06-24T10:24:46.306+0000][1][safepoint    ] Leaving safepoint region
[2019-06-24T10:24:46.307+0000][1][safepoint    ] Total time for which application threads were stopped: 0.0002857 seconds, Stopping threads took: 0.0000732 seconds
[2019-06-24T10:24:47.307+0000][1][safepoint    ] Application time: 1.0001609 seconds
[2019-06-24T10:24:47.307+0000][1][safepoint    ] Entering safepoint region: Cleanup
[2019-06-24T10:24:47.307+0000][1][safepoint    ] Leaving safepoint region
[2019-06-24T10:24:47.307+0000][1][safepoint    ] Total time for which application threads were stopped: 0.0003221 seconds, Stopping threads took: 0.0000863 seconds
[2019-06-24T10:24:48.307+0000][1][safepoint    ] Application time: 1.0002030 seconds
[2019-06-24T10:24:48.308+0000][1][safepoint    ] Entering safepoint region: Cleanup
[2019-06-24T10:24:48.308+0000][1][safepoint    ] Leaving safepoint region
[2019-06-24T10:24:48.308+0000][1][safepoint    ] Total time for which application threads were stopped: 0.0002771 seconds, Stopping threads took: 0.0000714 seconds
[2019-06-24T10:24:49.308+0000][1][safepoint    ] Application time: 1.0002695 seconds
[2019-06-24T10:24:49.308+0000][1][safepoint    ] Entering safepoint region: Cleanup
[2019-06-24T10:24:49.308+0000][1][safepoint    ] Leaving safepoint region
[2019-06-24T10:24:49.309+0000][1][safepoint    ] Total time for which application threads were stopped: 0.0002363 seconds, Stopping threads took: 0.0000635 seconds
[2019-06-24T10:24:50.309+0000][1][safepoint    ] Application time: 1.0001988 seconds
[2019-06-24T10:24:50.309+0000][1][safepoint    ] Entering safepoint region: Cleanup
[2019-06-24T10:24:50.309+0000][1][safepoint    ] Leaving safepoint region
[2019-06-24T10:24:50.309+0000][1][safepoint    ] Total time for which application threads were stopped: 0.0002380 seconds, Stopping threads took: 0.0000636 seconds
[2019-06-24T10:24:51.309+0000][1][safepoint    ] Application time: 1.0002272 seconds
[2019-06-24T10:24:51.309+0000][1][safepoint    ] Entering safepoint region: Cleanup
[2019-06-24T10:24:51.310+0000][1][safepoint    ] Leaving safepoint region
[2019-06-24T10:24:51.310+0000][1][safepoint    ] Total time for which application threads were stopped: 0.0001719 seconds, Stopping threads took: 0.0000465 seconds
[2019-06-24T10:24:52.310+0000][1][safepoint    ] Application time: 1.0001402 seconds
[2019-06-24T10:24:52.310+0000][1][safepoint    ] Entering safepoint region: Cleanup
[2019-06-24T10:24:52.310+0000][1][safepoint    ] Leaving safepoint region
[2019-06-24T10:24:52.310+0000][1][safepoint    ] Total time for which application threads were stopped: 0.0002318 seconds, Stopping threads took: 0.0000634 seconds
[2019-06-24T10:24:53.310+0000][1][safepoint    ] Application time: 1.0002010 seconds
[2019-06-24T10:24:53.311+0000][1][safepoint    ] Entering safepoint region: Cleanup
[2019-06-24T10:24:53.311+0000][1][safepoint    ] Leaving safepoint region
[2019-06-24T10:24:53.311+0000][1][safepoint    ] Total time for which application threads were stopped: 0.0002601 seconds, Stopping threads took: 0.0000824 seconds
[2019-06-24T10:24:54.311+0000][1][safepoint    ] Application time: 1.0001638 seconds
[2019-06-24T10:24:54.311+0000][1][safepoint    ] Entering safepoint region: Cleanup
[2019-06-24T10:24:54.311+0000][1][safepoint    ] Leaving safepoint region
[2019-06-24T10:24:54.311+0000][1][safepoint    ] Total time for which application threads were stopped: 0.0001474 seconds, Stopping threads took: 0.0000465 seconds
[2019-06-24T10:24:55.312+0000][1][safepoint    ] Application time: 1.0002864 seconds
[2019-06-24T10:24:55.312+0000][1][safepoint    ] Entering safepoint region: Cleanup
[2019-06-24T10:24:55.312+0000][1][safepoint    ] Leaving safepoint region
[2019-06-24T10:24:55.312+0000][1][safepoint    ] Total time for which application threads were stopped: 0.0002901 seconds, Stopping threads took: 0.0000950 seconds
[2019-06-24T10:24:56.312+0000][1][safepoint    ] Application time: 1.0002925 seconds
[2019-06-24T10:24:56.312+0000][1][safepoint    ] Entering safepoint region: Cleanup
[2019-06-24T10:24:56.313+0000][1][safepoint    ] Leaving safepoint region
[2019-06-24T10:24:56.313+0000][1][safepoint    ] Total time for which application threads were stopped: 0.0002609 seconds, Stopping threads took: 0.0000715 seconds
[2019-06-24T10:24:57.313+0000][1][safepoint    ] Application time: 1.0002748 seconds
[2019-06-24T10:24:57.313+0000][1][safepoint    ] Entering safepoint region: Cleanup
[2019-06-24T10:24:57.313+0000][1][safepoint    ] Leaving safepoint region
[2019-06-24T10:24:57.313+0000][1][safepoint    ] Total time for which application threads were stopped: 0.0002259 seconds, Stopping threads took: 0.0000622 seconds
[2019-06-24T10:24:58.314+0000][1][safepoint    ] Application time: 1.0002659 seconds
[2019-06-24T10:24:58.314+0000][1][safepoint    ] Entering safepoint region: Cleanup
[2019-06-24T10:24:58.314+0000][1][safepoint    ] Leaving safepoint region
[2019-06-24T10:24:58.314+0000][1][safepoint    ] Total time for which application threads were stopped: 0.0002284 seconds, Stopping threads took: 0.0000622 seconds
[2019-06-24T10:24:59.314+0000][1][safepoint    ] Application time: 1.0002671 seconds
[2019-06-24T10:24:59.314+0000][1][safepoint    ] Entering safepoint region: Cleanup
[2019-06-24T10:24:59.315+0000][1][safepoint    ] Leaving safepoint region
[2019-06-24T10:24:59.315+0000][1][safepoint    ] Total time for which application threads were stopped: 0.0003252 seconds, Stopping threads took: 0.0000636 seconds
[2019-06-24T10:25:00.315+0000][1][safepoint    ] Application time: 1.0001435 seconds
[2019-06-24T10:25:00.315+0000][1][safepoint    ] Entering safepoint region: Cleanup
[2019-06-24T10:25:00.315+0000][1][safepoint    ] Leaving safepoint region
[2019-06-24T10:25:00.315+0000][1][safepoint    ] Total time for which application threads were stopped: 0.0002217 seconds, Stopping threads took: 0.0000614 seconds
[2019-06-24T10:25:01.315+0000][1][safepoint    ] Application time: 1.0002381 seconds
[2019-06-24T10:25:01.316+0000][1][safepoint    ] Entering safepoint region: Cleanup
[2019-06-24T10:25:01.316+0000][1][safepoint    ] Leaving safepoint region
[2019-06-24T10:25:01.316+0000][1][safepoint    ] Total time for which application threads were stopped: 0.0002014 seconds, Stopping threads took: 0.0000553 seconds
[2019-06-24T10:25:02.316+0000][1][safepoint    ] Application time: 1.0002599 seconds
[2019-06-24T10:25:02.316+0000][1][safepoint    ] Entering safepoint region: Cleanup
[2019-06-24T10:25:02.316+0000][1][safepoint    ] Leaving safepoint region
[2019-06-24T10:25:02.316+0000][1][safepoint    ] Total time for which application threads were stopped: 0.0002276 seconds, Stopping threads took: 0.0000614 seconds
[2019-06-24T10:25:03.317+0000][1][safepoint    ] Application time: 1.0001940 seconds
[2019-06-24T10:25:03.317+0000][1][safepoint    ] Entering safepoint region: Cleanup
[2019-06-24T10:25:03.317+0000][1][safepoint    ] Leaving safepoint region
[2019-06-24T10:25:03.317+0000][1][safepoint    ] Total time for which application threads were stopped: 0.0002253 seconds, Stopping threads took: 0.0000619 seconds
[2019-06-24T10:25:04.317+0000][1][safepoint    ] Application time: 1.0002741 seconds
[2019-06-24T10:25:04.317+0000][1][safepoint    ] Entering safepoint region: Cleanup
[2019-06-24T10:25:04.318+0000][1][safepoint    ] Leaving safepoint region
[2019-06-24T10:25:04.318+0000][1][safepoint    ] Total time for which application threads were stopped: 0.0002184 seconds, Stopping threads took: 0.0000625 seconds
[2019-06-24T10:25:05.354+0000][1][safepoint    ] Application time: 1.0362124 seconds
[2019-06-24T10:25:05.354+0000][1][safepoint    ] Entering safepoint region: Cleanup
[2019-06-24T10:25:05.354+0000][1][safepoint    ] Leaving safepoint region
[2019-06-24T10:25:05.354+0000][1][safepoint    ] Total time for which application threads were stopped: 0.0001021 seconds, Stopping threads took: 0.0000260 seconds
[2019-06-24T10:25:06.354+0000][1][safepoint    ] Application time: 1.0001170 seconds
[2019-06-24T10:25:06.354+0000][1][safepoint    ] Entering safepoint region: Cleanup
[2019-06-24T10:25:06.355+0000][1][safepoint    ] Leaving safepoint region
[2019-06-24T10:25:06.355+0000][1][safepoint    ] Total time for which application threads were stopped: 0.0003917 seconds, Stopping threads took: 0.0001488 seconds
[2019-06-24T10:25:07.355+0000][1][safepoint    ] Application time: 1.0001617 seconds
[2019-06-24T10:25:07.355+0000][1][safepoint    ] Entering safepoint region: Cleanup
[2019-06-24T10:25:07.355+0000][1][safepoint    ] Leaving safepoint region
[2019-06-24T10:25:07.355+0000][1][safepoint    ] Total time for which application threads were stopped: 0.0003913 seconds, Stopping threads took: 0.0000867 seconds
[2019-06-24T10:25:08.356+0000][1][safepoint    ] Application time: 1.0002074 seconds
[2019-06-24T10:25:08.356+0000][1][safepoint    ] Entering safepoint region: Cleanup
[2019-06-24T10:25:08.356+0000][1][safepoint    ] Leaving safepoint region
[2019-06-24T10:25:08.356+0000][1][safepoint    ] Total time for which application threads were stopped: 0.0003355 seconds, Stopping threads took: 0.0000719 seconds
[2019-06-24T10:25:09.356+0000][1][safepoint    ] Application time: 1.0002916 seconds
[2019-06-24T10:25:09.357+0000][1][safepoint    ] Entering safepoint region: Cleanup
[2019-06-24T10:25:09.357+0000][1][safepoint    ] Leaving safepoint region
[2019-06-24T10:25:09.357+0000][1][safepoint    ] Total time for which application threads were stopped: 0.0002935 seconds, Stopping threads took: 0.0000624 seconds
[2019-06-24T10:25:10.357+0000][1][safepoint    ] Application time: 1.0002645 seconds
[2019-06-24T10:25:10.357+0000][1][safepoint    ] Entering safepoint region: Cleanup
[2019-06-24T10:25:10.357+0000][1][safepoint    ] Leaving safepoint region
[2019-06-24T10:25:10.357+0000][1][safepoint    ] Total time for which application threads were stopped: 0.0002304 seconds, Stopping threads took: 0.0000733 seconds
[2019-06-24T10:25:11.358+0000][1][safepoint    ] Application time: 1.0002598 seconds
[2019-06-24T10:25:11.358+0000][1][safepoint    ] Entering safepoint region: Cleanup
[2019-06-24T10:25:11.358+0000][1][safepoint    ] Leaving safepoint region
[2019-06-24T10:25:11.358+0000][1][safepoint    ] Total time for which application threads were stopped: 0.0002282 seconds, Stopping threads took: 0.0000742 seconds
[2019-06-24T10:25:12.358+0000][1][safepoint    ] Application time: 1.0002572 seconds
[2019-06-24T10:25:12.359+0000][1][safepoint    ] Entering safepoint region: Cleanup
[2019-06-24T10:25:12.359+0000][1][safepoint    ] Leaving safepoint region
[2019-06-24T10:25:12.359+0000][1][safepoint    ] Total time for which application threads were stopped: 0.0002252 seconds, Stopping threads took: 0.0000706 seconds
[2019-06-24T10:25:13.359+0000][1][safepoint    ] Application time: 1.0002633 seconds
[2019-06-24T10:25:13.359+0000][1][safepoint    ] Entering safepoint region: Cleanup
[2019-06-24T10:25:13.359+0000][1][safepoint    ] Leaving safepoint region
[2019-06-24T10:25:13.359+0000][1][safepoint    ] Total time for which application threads were stopped: 0.0002268 seconds, Stopping threads took: 0.0000638 seconds
[2019-06-24T10:25:14.360+0000][1][safepoint    ] Application time: 1.0002632 seconds
[2019-06-24T10:25:14.360+0000][1][safepoint    ] Entering safepoint region: Cleanup
[2019-06-24T10:25:14.360+0000][1][safepoint    ] Leaving safepoint region
[2019-06-24T10:25:14.360+0000][1][safepoint    ] Total time for which application threads were stopped: 0.0002807 seconds, Stopping threads took: 0.0001270 seconds
[2019-06-24T10:25:15.360+0000][1][safepoint    ] Application time: 1.0002557 seconds
[2019-06-24T10:25:15.361+0000][1][safepoint    ] Entering safepoint region: Cleanup
[2019-06-24T10:25:15.361+0000][1][safepoint    ] Leaving safepoint region
[2019-06-24T10:25:15.361+0000][1][safepoint    ] Total time for which application threads were stopped: 0.0002270 seconds, Stopping threads took: 0.0000632 seconds
[2019-06-24T10:25:16.361+0000][1][safepoint    ] Application time: 1.0002386 seconds
[2019-06-24T10:25:16.361+0000][1][safepoint    ] Entering safepoint region: Cleanup
[2019-06-24T10:25:16.361+0000][1][safepoint    ] Leaving safepoint region
[2019-06-24T10:25:16.361+0000][1][safepoint    ] Total time for which application threads were stopped: 0.0003362 seconds, Stopping threads took: 0.0001522 seconds
[2019-06-24T10:25:16.368+0000][1][safepoint    ] Application time: 0.0065051 seconds
[2019-06-24T10:25:16.368+0000][1][safepoint    ] Entering safepoint region: GenCollectForAllocation
[2019-06-24T10:25:16.369+0000][1][gc,start     ] GC(33) Pause Young (Allocation Failure)
[2019-06-24T10:25:16.369+0000][1][gc,task      ] GC(33) Using 5 workers of 8 for evacuation
[2019-06-24T10:25:16.372+0000][1][gc,age       ] GC(33) Desired survivor size 4456448 bytes, new threshold 6 (max threshold 6)
[2019-06-24T10:25:16.372+0000][1][gc,age       ] GC(33) Age table with threshold 6 (max threshold 6)
[2019-06-24T10:25:16.372+0000][1][gc,age       ] GC(33) - age   1:       5328 bytes,       5328 total
[2019-06-24T10:25:16.372+0000][1][gc,age       ] GC(33) - age   2:        736 bytes,       6064 total
[2019-06-24T10:25:16.372+0000][1][gc,age       ] GC(33) - age   3:        744 bytes,       6808 total
[2019-06-24T10:25:16.372+0000][1][gc,age       ] GC(33) - age   4:       3136 bytes,       9944 total
[2019-06-24T10:25:16.372+0000][1][gc,age       ] GC(33) - age   5:       3416 bytes,      13360 total
[2019-06-24T10:25:16.372+0000][1][gc,age       ] GC(33) - age   6:       2688 bytes,      16048 total
[2019-06-24T10:25:16.372+0000][1][gc,heap      ] GC(33) ParNew: 70107K->48K(78656K)
[2019-06-24T10:25:16.372+0000][1][gc,heap      ] GC(33) CMS: 69569K->69653K(174784K)
[2019-06-24T10:25:16.372+0000][1][gc,metaspace ] GC(33) Metaspace: 68055K->68055K(1112064K)
[2019-06-24T10:25:16.372+0000][1][gc           ] GC(33) Pause Young (Allocation Failure) 136M->68M(247M) 3.645ms
[2019-06-24T10:25:16.372+0000][1][gc,cpu       ] GC(33) User=0.01s Sys=0.00s Real=0.00s
[2019-06-24T10:25:16.372+0000][1][safepoint    ] Leaving safepoint region
[2019-06-24T10:25:16.372+0000][1][safepoint    ] Total time for which application threads were stopped: 0.0043219 seconds, Stopping threads took: 0.0000890 seconds
[2019-06-24T10:25:17.373+0000][1][safepoint    ] Application time: 1.0002993 seconds
[2019-06-24T10:25:17.373+0000][1][safepoint    ] Entering safepoint region: Cleanup
[2019-06-24T10:25:17.373+0000][1][safepoint    ] Leaving safepoint region
[2019-06-24T10:25:17.373+0000][1][safepoint    ] Total time for which application threads were stopped: 0.0002651 seconds, Stopping threads took: 0.0000979 seconds
[2019-06-24T10:25:18.373+0000][1][safepoint    ] Application time: 1.0002972 seconds
[2019-06-24T10:25:18.374+0000][1][safepoint    ] Entering safepoint region: Cleanup
[2019-06-24T10:25:18.374+0000][1][safepoint    ] Leaving safepoint region
[2019-06-24T10:25:18.374+0000][1][safepoint    ] Total time for which application threads were stopped: 0.0002648 seconds, Stopping threads took: 0.0000739 seconds
[2019-06-24T10:25:19.374+0000][1][safepoint    ] Application time: 1.0002180 seconds
[2019-06-24T10:25:19.374+0000][1][safepoint    ] Entering safepoint region: Cleanup
[2019-06-24T10:25:19.375+0000][1][safepoint    ] Leaving safepoint region
[2019-06-24T10:25:19.375+0000][1][safepoint    ] Total time for which application threads were stopped: 0.0003482 seconds, Stopping threads took: 0.0000725 seconds
[2019-06-24T10:25:20.375+0000][1][safepoint    ] Application time: 1.0001347 seconds
[2019-06-24T10:25:20.375+0000][1][safepoint    ] Entering safepoint region: Cleanup
[2019-06-24T10:25:20.375+0000][1][safepoint    ] Leaving safepoint region
[2019-06-24T10:25:20.375+0000][1][safepoint    ] Total time for which application threads were stopped: 0.0002242 seconds, Stopping threads took: 0.0000625 seconds
[2019-06-24T10:25:21.375+0000][1][safepoint    ] Application time: 1.0002243 seconds
[2019-06-24T10:25:21.376+0000][1][safepoint    ] Entering safepoint region: Cleanup
[2019-06-24T10:25:21.376+0000][1][safepoint    ] Leaving safepoint region
[2019-06-24T10:25:21.376+0000][1][safepoint    ] Total time for which application threads were stopped: 0.0003563 seconds, Stopping threads took: 0.0001148 seconds
[2019-06-24T10:25:22.376+0000][1][safepoint    ] Application time: 1.0001543 seconds
[2019-06-24T10:25:22.376+0000][1][safepoint    ] Entering safepoint region: Cleanup
[2019-06-24T10:25:22.376+0000][1][safepoint    ] Leaving safepoint region
[2019-06-24T10:25:22.376+0000][1][safepoint    ] Total time for which application threads were stopped: 0.0002605 seconds, Stopping threads took: 0.0000860 seconds
[2019-06-24T10:25:23.377+0000][1][safepoint    ] Application time: 1.0002823 seconds
[2019-06-24T10:25:23.377+0000][1][safepoint    ] Entering safepoint region: Cleanup
[2019-06-24T10:25:23.377+0000][1][safepoint    ] Leaving safepoint region
[2019-06-24T10:25:23.377+0000][1][safepoint    ] Total time for which application threads were stopped: 0.0002870 seconds, Stopping threads took: 0.0000765 seconds
[2019-06-24T10:25:24.377+0000][1][safepoint    ] Application time: 1.0001215 seconds
[2019-06-24T10:25:24.377+0000][1][safepoint    ] Entering safepoint region: Cleanup
[2019-06-24T10:25:24.377+0000][1][safepoint    ] Leaving safepoint region
[2019-06-24T10:25:24.377+0000][1][safepoint    ] Total time for which application threads were stopped: 0.0001142 seconds, Stopping threads took: 0.0000302 seconds
[2019-06-24T10:25:25.378+0000][1][safepoint    ] Application time: 1.0001364 seconds
[2019-06-24T10:25:25.378+0000][1][safepoint    ] Entering safepoint region: Cleanup
[2019-06-24T10:25:25.378+0000][1][safepoint    ] Leaving safepoint region
[2019-06-24T10:25:25.378+0000][1][safepoint    ] Total time for which application threads were stopped: 0.0001420 seconds, Stopping threads took: 0.0000443 seconds
[2019-06-24T10:25:26.378+0000][1][safepoint    ] Application time: 1.0002781 seconds
[2019-06-24T10:25:26.378+0000][1][safepoint    ] Entering safepoint region: Cleanup
[2019-06-24T10:25:26.379+0000][1][safepoint    ] Leaving safepoint region
[2019-06-24T10:25:26.379+0000][1][safepoint    ] Total time for which application threads were stopped: 0.0005034 seconds, Stopping threads took: 0.0000793 seconds
[2019-06-24T10:25:27.379+0000][1][safepoint    ] Application time: 1.0001527 seconds
[2019-06-24T10:25:27.379+0000][1][safepoint    ] Entering safepoint region: Cleanup
[2019-06-24T10:25:27.379+0000][1][safepoint    ] Leaving safepoint region
[2019-06-24T10:25:27.379+0000][1][safepoint    ] Total time for which application threads were stopped: 0.0003569 seconds, Stopping threads took: 0.0000882 seconds
[2019-06-24T10:25:28.380+0000][1][safepoint    ] Application time: 1.0001568 seconds
[2019-06-24T10:25:28.380+0000][1][safepoint    ] Entering safepoint region: Cleanup
[2019-06-24T10:25:28.380+0000][1][safepoint    ] Leaving safepoint region
[2019-06-24T10:25:28.380+0000][1][safepoint    ] Total time for which application threads were stopped: 0.0003415 seconds, Stopping threads took: 0.0000903 seconds
[2019-06-24T10:25:29.381+0000][1][safepoint    ] Application time: 1.0002945 seconds
[2019-06-24T10:25:29.381+0000][1][safepoint    ] Entering safepoint region: Cleanup
[2019-06-24T10:25:29.381+0000][1][safepoint    ] Leaving safepoint region
[2019-06-24T10:25:29.381+0000][1][safepoint    ] Total time for which application threads were stopped: 0.0002832 seconds, Stopping threads took: 0.0000760 seconds
[2019-06-24T10:25:30.381+0000][1][safepoint    ] Application time: 1.0002491 seconds
[2019-06-24T10:25:30.381+0000][1][safepoint    ] Entering safepoint region: Cleanup
[2019-06-24T10:25:30.381+0000][1][safepoint    ] Leaving safepoint region
[2019-06-24T10:25:30.381+0000][1][safepoint    ] Total time for which application threads were stopped: 0.0000970 seconds, Stopping threads took: 0.0000271 seconds
[2019-06-24T10:25:31.382+0000][1][safepoint    ] Application time: 1.0001468 seconds
[2019-06-24T10:25:31.382+0000][1][safepoint    ] Entering safepoint region: Cleanup
[2019-06-24T10:25:31.382+0000][1][safepoint    ] Leaving safepoint region
[2019-06-24T10:25:31.382+0000][1][safepoint    ] Total time for which application threads were stopped: 0.0004452 seconds, Stopping threads took: 0.0001089 seconds
[2019-06-24T10:25:32.383+0000][1][safepoint    ] Application time: 1.0003896 seconds
[2019-06-24T10:25:32.383+0000][1][safepoint    ] Entering safepoint region: Cleanup
[2019-06-24T10:25:32.383+0000][1][safepoint    ] Leaving safepoint region
[2019-06-24T10:25:32.383+0000][1][safepoint    ] Total time for which application threads were stopped: 0.0003117 seconds, Stopping threads took: 0.0000702 seconds
[2019-06-24T10:25:33.383+0000][1][safepoint    ] Application time: 1.0002125 seconds
[2019-06-24T10:25:33.383+0000][1][safepoint    ] Entering safepoint region: Cleanup
[2019-06-24T10:25:33.384+0000][1][safepoint    ] Leaving safepoint region
[2019-06-24T10:25:33.384+0000][1][safepoint    ] Total time for which application threads were stopped: 0.0002696 seconds, Stopping threads took: 0.0000767 seconds
[2019-06-24T10:25:34.384+0000][1][safepoint    ] Application time: 1.0002740 seconds
[2019-06-24T10:25:34.384+0000][1][safepoint    ] Entering safepoint region: Cleanup
[2019-06-24T10:25:34.384+0000][1][safepoint    ] Leaving safepoint region
[2019-06-24T10:25:34.384+0000][1][safepoint    ] Total time for which application threads were stopped: 0.0002714 seconds, Stopping threads took: 0.0000758 seconds
[2019-06-24T10:25:35.385+0000][1][safepoint    ] Application time: 1.0002589 seconds
[2019-06-24T10:25:35.385+0000][1][safepoint    ] Entering safepoint region: Cleanup
[2019-06-24T10:25:35.385+0000][1][safepoint    ] Leaving safepoint region
[2019-06-24T10:25:35.385+0000][1][safepoint    ] Total time for which application threads were stopped: 0.0002370 seconds, Stopping threads took: 0.0000625 seconds
[2019-06-24T10:25:36.408+0000][1][safepoint    ] Application time: 1.0232563 seconds
[2019-06-24T10:25:36.408+0000][1][safepoint    ] Entering safepoint region: Cleanup
[2019-06-24T10:25:36.408+0000][1][safepoint    ] Leaving safepoint region
[2019-06-24T10:25:36.408+0000][1][safepoint    ] Total time for which application threads were stopped: 0.0000896 seconds, Stopping threads took: 0.0000240 seconds
[2019-06-24T10:25:37.409+0000][1][safepoint    ] Application time: 1.0001576 seconds
[2019-06-24T10:25:37.409+0000][1][safepoint    ] Entering safepoint region: Cleanup
[2019-06-24T10:25:37.409+0000][1][safepoint    ] Leaving safepoint region
[2019-06-24T10:25:37.409+0000][1][safepoint    ] Total time for which application threads were stopped: 0.0001380 seconds, Stopping threads took: 0.0000310 seconds
[2019-06-24T10:25:38.409+0000][1][safepoint    ] Application time: 1.0002401 seconds
[2019-06-24T10:25:38.409+0000][1][safepoint    ] Entering safepoint region: Cleanup
[2019-06-24T10:25:38.409+0000][1][safepoint    ] Leaving safepoint region
[2019-06-24T10:25:38.409+0000][1][safepoint    ] Total time for which application threads were stopped: 0.0000862 seconds, Stopping threads took: 0.0000230 seconds
[2019-06-24T10:25:39.409+0000][1][safepoint    ] Application time: 1.0001238 seconds
[2019-06-24T10:25:39.409+0000][1][safepoint    ] Entering safepoint region: Cleanup
[2019-06-24T10:25:39.409+0000][1][safepoint    ] Leaving safepoint region
[2019-06-24T10:25:39.409+0000][1][safepoint    ] Total time for which application threads were stopped: 0.0000990 seconds, Stopping threads took: 0.0000240 seconds
[2019-06-24T10:25:40.410+0000][1][safepoint    ] Application time: 1.0001230 seconds
[2019-06-24T10:25:40.410+0000][1][safepoint    ] Entering safepoint region: Cleanup
[2019-06-24T10:25:40.410+0000][1][safepoint    ] Leaving safepoint region
[2019-06-24T10:25:40.410+0000][1][safepoint    ] Total time for which application threads were stopped: 0.0000968 seconds, Stopping threads took: 0.0000245 seconds
[2019-06-24T10:25:41.410+0000][1][safepoint    ] Application time: 1.0001329 seconds
[2019-06-24T10:25:41.410+0000][1][safepoint    ] Entering safepoint region: Cleanup
[2019-06-24T10:25:41.410+0000][1][safepoint    ] Leaving safepoint region
[2019-06-24T10:25:41.410+0000][1][safepoint    ] Total time for which application threads were stopped: 0.0002275 seconds, Stopping threads took: 0.0000624 seconds
[2019-06-24T10:25:42.410+0000][1][safepoint    ] Application time: 1.0002586 seconds
[2019-06-24T10:25:42.411+0000][1][safepoint    ] Entering safepoint region: Cleanup
[2019-06-24T10:25:42.411+0000][1][safepoint    ] Leaving safepoint region
[2019-06-24T10:25:42.411+0000][1][safepoint    ] Total time for which application threads were stopped: 0.0002572 seconds, Stopping threads took: 0.0001009 seconds
[2019-06-24T10:25:43.411+0000][1][safepoint    ] Application time: 1.0002040 seconds
[2019-06-24T10:25:43.411+0000][1][safepoint    ] Entering safepoint region: Cleanup
[2019-06-24T10:25:43.411+0000][1][safepoint    ] Leaving safepoint region
[2019-06-24T10:25:43.411+0000][1][safepoint    ] Total time for which application threads were stopped: 0.0002302 seconds, Stopping threads took: 0.0000728 seconds
[2019-06-24T10:25:44.412+0000][1][safepoint    ] Application time: 1.0001472 seconds
[2019-06-24T10:25:44.412+0000][1][safepoint    ] Entering safepoint region: Cleanup
[2019-06-24T10:25:44.412+0000][1][safepoint    ] Leaving safepoint region
[2019-06-24T10:25:44.412+0000][1][safepoint    ] Total time for which application threads were stopped: 0.0002396 seconds, Stopping threads took: 0.0000691 seconds
[2019-06-24T10:25:45.412+0000][1][safepoint    ] Application time: 1.0002923 seconds
[2019-06-24T10:25:45.412+0000][1][safepoint    ] Entering safepoint region: Cleanup
[2019-06-24T10:25:45.413+0000][1][safepoint    ] Leaving safepoint region
[2019-06-24T10:25:45.413+0000][1][safepoint    ] Total time for which application threads were stopped: 0.0002642 seconds, Stopping threads took: 0.0000747 seconds
[2019-06-24T10:25:46.413+0000][1][safepoint    ] Application time: 1.0002505 seconds
[2019-06-24T10:25:46.413+0000][1][safepoint    ] Entering safepoint region: Cleanup
[2019-06-24T10:25:46.413+0000][1][safepoint    ] Leaving safepoint region
[2019-06-24T10:25:46.413+0000][1][safepoint    ] Total time for which application threads were stopped: 0.0002271 seconds, Stopping threads took: 0.0000633 seconds
[2019-06-24T10:25:47.414+0000][1][safepoint    ] Application time: 1.0002563 seconds
[2019-06-24T10:25:47.414+0000][1][safepoint    ] Entering safepoint region: Cleanup
[2019-06-24T10:25:47.414+0000][1][safepoint    ] Leaving safepoint region
[2019-06-24T10:25:47.414+0000][1][safepoint    ] Total time for which application threads were stopped: 0.0002278 seconds, Stopping threads took: 0.0000638 seconds
[2019-06-24T10:25:48.414+0000][1][safepoint    ] Application time: 1.0001461 seconds
[2019-06-24T10:25:48.414+0000][1][safepoint    ] Entering safepoint region: Cleanup
[2019-06-24T10:25:48.414+0000][1][safepoint    ] Leaving safepoint region
[2019-06-24T10:25:48.415+0000][1][safepoint    ] Total time for which application threads were stopped: 0.0002639 seconds, Stopping threads took: 0.0000644 seconds
[2019-06-24T10:25:49.415+0000][1][safepoint    ] Application time: 1.0001747 seconds
[2019-06-24T10:25:49.415+0000][1][safepoint    ] Entering safepoint region: Cleanup
[2019-06-24T10:25:49.415+0000][1][safepoint    ] Leaving safepoint region
[2019-06-24T10:25:49.415+0000][1][safepoint    ] Total time for which application threads were stopped: 0.0002589 seconds, Stopping threads took: 0.0000719 seconds
[2019-06-24T10:25:50.415+0000][1][safepoint    ] Application time: 1.0002386 seconds
[2019-06-24T10:25:50.415+0000][1][safepoint    ] Entering safepoint region: Cleanup
[2019-06-24T10:25:50.416+0000][1][safepoint    ] Leaving safepoint region
[2019-06-24T10:25:50.416+0000][1][safepoint    ] Total time for which application threads were stopped: 0.0000862 seconds, Stopping threads took: 0.0000239 seconds
[2019-06-24T10:25:51.416+0000][1][safepoint    ] Application time: 1.0002090 seconds
[2019-06-24T10:25:51.416+0000][1][safepoint    ] Entering safepoint region: Cleanup
[2019-06-24T10:25:51.416+0000][1][safepoint    ] Leaving safepoint region
[2019-06-24T10:25:51.416+0000][1][safepoint    ] Total time for which application threads were stopped: 0.0002506 seconds, Stopping threads took: 0.0000666 seconds
[2019-06-24T10:25:52.416+0000][1][safepoint    ] Application time: 1.0002377 seconds
[2019-06-24T10:25:52.417+0000][1][safepoint    ] Entering safepoint region: Cleanup
[2019-06-24T10:25:52.417+0000][1][safepoint    ] Leaving safepoint region
[2019-06-24T10:25:52.417+0000][1][safepoint    ] Total time for which application threads were stopped: 0.0002234 seconds, Stopping threads took: 0.0000611 seconds
[2019-06-24T10:25:53.417+0000][1][safepoint    ] Application time: 1.0001234 seconds
[2019-06-24T10:25:53.417+0000][1][safepoint    ] Entering safepoint region: Cleanup
[2019-06-24T10:25:53.417+0000][1][safepoint    ] Leaving safepoint region
[2019-06-24T10:25:53.417+0000][1][safepoint    ] Total time for which application threads were stopped: 0.0001316 seconds, Stopping threads took: 0.0000353 seconds
[2019-06-24T10:25:54.417+0000][1][safepoint    ] Application time: 1.0001728 seconds
[2019-06-24T10:25:54.417+0000][1][safepoint    ] Entering safepoint region: Cleanup
[2019-06-24T10:25:54.418+0000][1][safepoint    ] Leaving safepoint region
[2019-06-24T10:25:54.418+0000][1][safepoint    ] Total time for which application threads were stopped: 0.0004275 seconds, Stopping threads took: 0.0000457 seconds
[2019-06-24T10:25:55.418+0000][1][safepoint    ] Application time: 1.0002808 seconds
[2019-06-24T10:25:55.418+0000][1][safepoint    ] Entering safepoint region: Cleanup
[2019-06-24T10:25:55.418+0000][1][safepoint    ] Leaving safepoint region
[2019-06-24T10:25:55.418+0000][1][safepoint    ] Total time for which application threads were stopped: 0.0000899 seconds, Stopping threads took: 0.0000245 seconds
[2019-06-24T10:25:56.411+0000][1][safepoint    ] Application time: 0.9927459 seconds
[2019-06-24T10:25:56.411+0000][1][safepoint    ] Entering safepoint region: RevokeBias
[2019-06-24T10:25:56.411+0000][1][safepoint    ] Leaving safepoint region
[2019-06-24T10:25:56.411+0000][1][safepoint    ] Total time for which application threads were stopped: 0.0003459 seconds, Stopping threads took: 0.0000708 seconds
[2019-06-24T10:25:57.412+0000][1][safepoint    ] Application time: 1.0001651 seconds
[2019-06-24T10:25:57.412+0000][1][safepoint    ] Entering safepoint region: Cleanup
[2019-06-24T10:25:57.412+0000][1][safepoint    ] Leaving safepoint region
[2019-06-24T10:25:57.412+0000][1][safepoint    ] Total time for which application threads were stopped: 0.0002279 seconds, Stopping threads took: 0.0000606 seconds
[2019-06-24T10:25:58.412+0000][1][safepoint    ] Application time: 1.0002823 seconds
[2019-06-24T10:25:58.412+0000][1][safepoint    ] Entering safepoint region: Cleanup
[2019-06-24T10:25:58.413+0000][1][safepoint    ] Leaving safepoint region
[2019-06-24T10:25:58.413+0000][1][safepoint    ] Total time for which application threads were stopped: 0.0002701 seconds, Stopping threads took: 0.0000702 seconds
[2019-06-24T10:25:59.413+0000][1][safepoint    ] Application time: 1.0002873 seconds
[2019-06-24T10:25:59.413+0000][1][safepoint    ] Entering safepoint region: Cleanup
[2019-06-24T10:25:59.413+0000][1][safepoint    ] Leaving safepoint region
[2019-06-24T10:25:59.413+0000][1][safepoint    ] Total time for which application threads were stopped: 0.0002305 seconds, Stopping threads took: 0.0000647 seconds
[2019-06-24T10:26:00.414+0000][1][safepoint    ] Application time: 1.0002613 seconds
[2019-06-24T10:26:00.414+0000][1][safepoint    ] Entering safepoint region: Cleanup
[2019-06-24T10:26:00.414+0000][1][safepoint    ] Leaving safepoint region
[2019-06-24T10:26:00.414+0000][1][safepoint    ] Total time for which application threads were stopped: 0.0002338 seconds, Stopping threads took: 0.0000615 seconds
[2019-06-24T10:26:01.414+0000][1][safepoint    ] Application time: 1.0002495 seconds
[2019-06-24T10:26:01.415+0000][1][safepoint    ] Entering safepoint region: Cleanup
[2019-06-24T10:26:01.415+0000][1][safepoint    ] Leaving safepoint region
[2019-06-24T10:26:01.415+0000][1][safepoint    ] Total time for which application threads were stopped: 0.0002969 seconds, Stopping threads took: 0.0001250 seconds
[2019-06-24T10:26:02.415+0000][1][safepoint    ] Application time: 1.0001005 seconds
[2019-06-24T10:26:02.415+0000][1][safepoint    ] Entering safepoint region: Cleanup
[2019-06-24T10:26:02.415+0000][1][safepoint    ] Leaving safepoint region
[2019-06-24T10:26:02.415+0000][1][safepoint    ] Total time for which application threads were stopped: 0.0000984 seconds, Stopping threads took: 0.0000258 seconds
[2019-06-24T10:26:03.415+0000][1][safepoint    ] Application time: 1.0001451 seconds
[2019-06-24T10:26:03.415+0000][1][safepoint    ] Entering safepoint region: Cleanup
[2019-06-24T10:26:03.415+0000][1][safepoint    ] Leaving safepoint region
[2019-06-24T10:26:03.415+0000][1][safepoint    ] Total time for which application threads were stopped: 0.0001998 seconds, Stopping threads took: 0.0000530 seconds
[2019-06-24T10:26:04.416+0000][1][safepoint    ] Application time: 1.0001616 seconds
[2019-06-24T10:26:04.416+0000][1][safepoint    ] Entering safepoint region: Cleanup
[2019-06-24T10:26:04.416+0000][1][safepoint    ] Leaving safepoint region
[2019-06-24T10:26:04.416+0000][1][safepoint    ] Total time for which application threads were stopped: 0.0003342 seconds, Stopping threads took: 0.0000891 seconds
[2019-06-24T10:26:05.416+0000][1][safepoint    ] Application time: 1.0001959 seconds
[2019-06-24T10:26:05.416+0000][1][safepoint    ] Entering safepoint region: Cleanup
[2019-06-24T10:26:05.417+0000][1][safepoint    ] Leaving safepoint region
[2019-06-24T10:26:05.417+0000][1][safepoint    ] Total time for which application threads were stopped: 0.0002474 seconds, Stopping threads took: 0.0000608 seconds
[2019-06-24T10:26:06.417+0000][1][safepoint    ] Application time: 1.0001444 seconds
[2019-06-24T10:26:06.417+0000][1][safepoint    ] Entering safepoint region: Cleanup
[2019-06-24T10:26:06.417+0000][1][safepoint    ] Leaving safepoint region
[2019-06-24T10:26:06.417+0000][1][safepoint    ] Total time for which application threads were stopped: 0.0000917 seconds, Stopping threads took: 0.0000241 seconds
[2019-06-24T10:26:07.417+0000][1][safepoint    ] Application time: 1.0002378 seconds
[2019-06-24T10:26:07.417+0000][1][safepoint    ] Entering safepoint region: Cleanup
[2019-06-24T10:26:07.418+0000][1][safepoint    ] Leaving safepoint region
[2019-06-24T10:26:07.418+0000][1][safepoint    ] Total time for which application threads were stopped: 0.0002505 seconds, Stopping threads took: 0.0000629 seconds
[2019-06-24T10:26:08.418+0000][1][safepoint    ] Application time: 1.0002578 seconds
[2019-06-24T10:26:08.418+0000][1][safepoint    ] Entering safepoint region: Cleanup
[2019-06-24T10:26:08.418+0000][1][safepoint    ] Leaving safepoint region
[2019-06-24T10:26:08.418+0000][1][safepoint    ] Total time for which application threads were stopped: 0.0001504 seconds, Stopping threads took: 0.0000399 seconds
[2019-06-24T10:26:09.419+0000][1][safepoint    ] Application time: 1.0003199 seconds
[2019-06-24T10:26:09.419+0000][1][safepoint    ] Entering safepoint region: Cleanup
[2019-06-24T10:26:09.419+0000][1][safepoint    ] Leaving safepoint region
[2019-06-24T10:26:09.419+0000][1][safepoint    ] Total time for which application threads were stopped: 0.0001634 seconds, Stopping threads took: 0.0000434 seconds
[2019-06-24T10:26:10.419+0000][1][safepoint    ] Application time: 1.0001916 seconds
[2019-06-24T10:26:10.419+0000][1][safepoint    ] Entering safepoint region: Cleanup
[2019-06-24T10:26:10.419+0000][1][safepoint    ] Leaving safepoint region
[2019-06-24T10:26:10.419+0000][1][safepoint    ] Total time for which application threads were stopped: 0.0002892 seconds, Stopping threads took: 0.0000780 seconds
[2019-06-24T10:26:11.420+0000][1][safepoint    ] Application time: 1.0001924 seconds
[2019-06-24T10:26:11.420+0000][1][safepoint    ] Entering safepoint region: Cleanup
[2019-06-24T10:26:11.420+0000][1][safepoint    ] Leaving safepoint region
[2019-06-24T10:26:11.420+0000][1][safepoint    ] Total time for which application threads were stopped: 0.0002567 seconds, Stopping threads took: 0.0000749 seconds
[2019-06-24T10:26:12.420+0000][1][safepoint    ] Application time: 1.0002848 seconds
[2019-06-24T10:26:12.420+0000][1][safepoint    ] Entering safepoint region: Cleanup
[2019-06-24T10:26:12.421+0000][1][safepoint    ] Leaving safepoint region
[2019-06-24T10:26:12.421+0000][1][safepoint    ] Total time for which application threads were stopped: 0.0002788 seconds, Stopping threads took: 0.0000746 seconds
[2019-06-24T10:26:13.421+0000][1][safepoint    ] Application time: 1.0001569 seconds
[2019-06-24T10:26:13.421+0000][1][safepoint    ] Entering safepoint region: Cleanup
[2019-06-24T10:26:13.421+0000][1][safepoint    ] Leaving safepoint region
[2019-06-24T10:26:13.421+0000][1][safepoint    ] Total time for which application threads were stopped: 0.0002396 seconds, Stopping threads took: 0.0000639 seconds
[2019-06-24T10:26:14.421+0000][1][safepoint    ] Application time: 1.0001779 seconds
[2019-06-24T10:26:14.422+0000][1][safepoint    ] Entering safepoint region: Cleanup
[2019-06-24T10:26:14.422+0000][1][safepoint    ] Leaving safepoint region
[2019-06-24T10:26:14.422+0000][1][safepoint    ] Total time for which application threads were stopped: 0.0002416 seconds, Stopping threads took: 0.0000644 seconds
[2019-06-24T10:26:15.422+0000][1][safepoint    ] Application time: 1.0003209 seconds
[2019-06-24T10:26:15.422+0000][1][safepoint    ] Entering safepoint region: Cleanup
[2019-06-24T10:26:15.422+0000][1][safepoint    ] Leaving safepoint region
[2019-06-24T10:26:15.422+0000][1][safepoint    ] Total time for which application threads were stopped: 0.0001004 seconds, Stopping threads took: 0.0000256 seconds
[2019-06-24T10:26:16.423+0000][1][safepoint    ] Application time: 1.0002640 seconds
[2019-06-24T10:26:16.423+0000][1][safepoint    ] Entering safepoint region: Cleanup
[2019-06-24T10:26:16.423+0000][1][safepoint    ] Leaving safepoint region
[2019-06-24T10:26:16.423+0000][1][safepoint    ] Total time for which application threads were stopped: 0.0002513 seconds, Stopping threads took: 0.0000645 seconds
[2019-06-24T10:26:17.423+0000][1][safepoint    ] Application time: 1.0002677 seconds
[2019-06-24T10:26:17.423+0000][1][safepoint    ] Entering safepoint region: Cleanup
[2019-06-24T10:26:17.424+0000][1][safepoint    ] Leaving safepoint region
[2019-06-24T10:26:17.424+0000][1][safepoint    ] Total time for which application threads were stopped: 0.0002385 seconds, Stopping threads took: 0.0000637 seconds
[2019-06-24T10:26:18.424+0000][1][safepoint    ] Application time: 1.0002713 seconds
[2019-06-24T10:26:18.424+0000][1][safepoint    ] Entering safepoint region: Cleanup
[2019-06-24T10:26:18.424+0000][1][safepoint    ] Leaving safepoint region
[2019-06-24T10:26:18.424+0000][1][safepoint    ] Total time for which application threads were stopped: 0.0002510 seconds, Stopping threads took: 0.0000635 seconds
[2019-06-24T10:26:19.425+0000][1][safepoint    ] Application time: 1.0002463 seconds
[2019-06-24T10:26:19.425+0000][1][safepoint    ] Entering safepoint region: Cleanup
[2019-06-24T10:26:19.425+0000][1][safepoint    ] Leaving safepoint region
[2019-06-24T10:26:19.425+0000][1][safepoint    ] Total time for which application threads were stopped: 0.0001959 seconds, Stopping threads took: 0.0000507 seconds
[2019-06-24T10:26:20.425+0000][1][safepoint    ] Application time: 1.0001106 seconds
[2019-06-24T10:26:20.425+0000][1][safepoint    ] Entering safepoint region: Cleanup
[2019-06-24T10:26:20.425+0000][1][safepoint    ] Leaving safepoint region
[2019-06-24T10:26:20.425+0000][1][safepoint    ] Total time for which application threads were stopped: 0.0001400 seconds, Stopping threads took: 0.0000336 seconds
[2019-06-24T10:26:21.425+0000][1][safepoint    ] Application time: 1.0001391 seconds
[2019-06-24T10:26:21.425+0000][1][safepoint    ] Entering safepoint region: Cleanup
[2019-06-24T10:26:21.426+0000][1][safepoint    ] Leaving safepoint region
[2019-06-24T10:26:21.426+0000][1][safepoint    ] Total time for which application threads were stopped: 0.0002846 seconds, Stopping threads took: 0.0000602 seconds
[2019-06-24T10:26:22.426+0000][1][safepoint    ] Application time: 1.0002024 seconds
[2019-06-24T10:26:22.426+0000][1][safepoint    ] Entering safepoint region: Cleanup
[2019-06-24T10:26:22.426+0000][1][safepoint    ] Leaving safepoint region
[2019-06-24T10:26:22.426+0000][1][safepoint    ] Total time for which application threads were stopped: 0.0002383 seconds, Stopping threads took: 0.0000634 seconds
[2019-06-24T10:26:23.427+0000][1][safepoint    ] Application time: 1.0002808 seconds
[2019-06-24T10:26:23.427+0000][1][safepoint    ] Entering safepoint region: Cleanup
[2019-06-24T10:26:23.427+0000][1][safepoint    ] Leaving safepoint region
[2019-06-24T10:26:23.427+0000][1][safepoint    ] Total time for which application threads were stopped: 0.0002375 seconds, Stopping threads took: 0.0000629 seconds
[2019-06-24T10:26:24.427+0000][1][safepoint    ] Application time: 1.0002709 seconds
[2019-06-24T10:26:24.427+0000][1][safepoint    ] Entering safepoint region: Cleanup
[2019-06-24T10:26:24.428+0000][1][safepoint    ] Leaving safepoint region
[2019-06-24T10:26:24.428+0000][1][safepoint    ] Total time for which application threads were stopped: 0.0002386 seconds, Stopping threads took: 0.0000637 seconds
[2019-06-24T10:26:25.428+0000][1][safepoint    ] Application time: 1.0002690 seconds
[2019-06-24T10:26:25.428+0000][1][safepoint    ] Entering safepoint region: Cleanup
[2019-06-24T10:26:25.428+0000][1][safepoint    ] Leaving safepoint region
[2019-06-24T10:26:25.428+0000][1][safepoint    ] Total time for which application threads were stopped: 0.0002428 seconds, Stopping threads took: 0.0000638 seconds
[2019-06-24T10:26:26.429+0000][1][safepoint    ] Application time: 1.0002135 seconds
[2019-06-24T10:26:26.429+0000][1][safepoint    ] Entering safepoint region: Cleanup
[2019-06-24T10:26:26.429+0000][1][safepoint    ] Leaving safepoint region
[2019-06-24T10:26:26.429+0000][1][safepoint    ] Total time for which application threads were stopped: 0.0001725 seconds, Stopping threads took: 0.0000609 seconds
[2019-06-24T10:26:27.429+0000][1][safepoint    ] Application time: 1.0002451 seconds
[2019-06-24T10:26:27.429+0000][1][safepoint    ] Entering safepoint region: Cleanup
[2019-06-24T10:26:27.429+0000][1][safepoint    ] Leaving safepoint region
[2019-06-24T10:26:27.429+0000][1][safepoint    ] Total time for which application threads were stopped: 0.0002422 seconds, Stopping threads took: 0.0000640 seconds
[2019-06-24T10:26:28.430+0000][1][safepoint    ] Application time: 1.0002870 seconds
[2019-06-24T10:26:28.430+0000][1][safepoint    ] Entering safepoint region: Cleanup
[2019-06-24T10:26:28.430+0000][1][safepoint    ] Leaving safepoint region
[2019-06-24T10:26:28.430+0000][1][safepoint    ] Total time for which application threads were stopped: 0.0002776 seconds, Stopping threads took: 0.0000734 seconds
[2019-06-24T10:26:30.007+0000][1][safepoint    ] Application time: 1.5766142 seconds
[2019-06-24T10:26:30.007+0000][1][safepoint    ] Entering safepoint region: Cleanup
[2019-06-24T10:26:30.007+0000][1][safepoint    ] Leaving safepoint region
[2019-06-24T10:26:30.007+0000][1][safepoint    ] Total time for which application threads were stopped: 0.0001247 seconds, Stopping threads took: 0.0000306 seconds
[2019-06-24T10:26:31.007+0000][1][safepoint    ] Application time: 1.0001831 seconds
[2019-06-24T10:26:31.007+0000][1][safepoint    ] Entering safepoint region: Cleanup
[2019-06-24T10:26:31.007+0000][1][safepoint    ] Leaving safepoint region
[2019-06-24T10:26:31.008+0000][1][safepoint    ] Total time for which application threads were stopped: 0.0002366 seconds, Stopping threads took: 0.0000631 seconds
[2019-06-24T10:26:32.008+0000][1][safepoint    ] Application time: 1.0001934 seconds
[2019-06-24T10:26:32.008+0000][1][safepoint    ] Entering safepoint region: Cleanup
[2019-06-24T10:26:32.008+0000][1][safepoint    ] Leaving safepoint region
[2019-06-24T10:26:32.008+0000][1][safepoint    ] Total time for which application threads were stopped: 0.0003234 seconds, Stopping threads took: 0.0001513 seconds
[2019-06-24T10:26:33.008+0000][1][safepoint    ] Application time: 1.0002489 seconds
[2019-06-24T10:26:33.009+0000][1][safepoint    ] Entering safepoint region: Cleanup
[2019-06-24T10:26:33.009+0000][1][safepoint    ] Leaving safepoint region
[2019-06-24T10:26:33.009+0000][1][safepoint    ] Total time for which application threads were stopped: 0.0002290 seconds, Stopping threads took: 0.0000608 seconds
[2019-06-24T10:26:34.009+0000][1][safepoint    ] Application time: 1.0002210 seconds
[2019-06-24T10:26:34.009+0000][1][safepoint    ] Entering safepoint region: Cleanup
[2019-06-24T10:26:34.009+0000][1][safepoint    ] Leaving safepoint region
[2019-06-24T10:26:34.009+0000][1][safepoint    ] Total time for which application threads were stopped: 0.0002421 seconds, Stopping threads took: 0.0000692 seconds
[2019-06-24T10:26:35.010+0000][1][safepoint    ] Application time: 1.0002128 seconds
[2019-06-24T10:26:35.010+0000][1][safepoint    ] Entering safepoint region: Cleanup
[2019-06-24T10:26:35.010+0000][1][safepoint    ] Leaving safepoint region
[2019-06-24T10:26:35.010+0000][1][safepoint    ] Total time for which application threads were stopped: 0.0002965 seconds, Stopping threads took: 0.0001090 seconds
[2019-06-24T10:26:36.010+0000][1][safepoint    ] Application time: 1.0002668 seconds
[2019-06-24T10:26:36.010+0000][1][safepoint    ] Entering safepoint region: Cleanup
[2019-06-24T10:26:36.011+0000][1][safepoint    ] Leaving safepoint region
[2019-06-24T10:26:36.011+0000][1][safepoint    ] Total time for which application threads were stopped: 0.0003073 seconds, Stopping threads took: 0.0001256 seconds
[2019-06-24T10:26:37.011+0000][1][safepoint    ] Application time: 1.0002642 seconds
[2019-06-24T10:26:37.011+0000][1][safepoint    ] Entering safepoint region: Cleanup
[2019-06-24T10:26:37.011+0000][1][safepoint    ] Leaving safepoint region
[2019-06-24T10:26:37.011+0000][1][safepoint    ] Total time for which application threads were stopped: 0.0002631 seconds, Stopping threads took: 0.0000934 seconds
[2019-06-24T10:26:38.012+0000][1][safepoint    ] Application time: 1.0002125 seconds
[2019-06-24T10:26:38.012+0000][1][safepoint    ] Entering safepoint region: Cleanup
[2019-06-24T10:26:38.012+0000][1][safepoint    ] Leaving safepoint region
[2019-06-24T10:26:38.012+0000][1][safepoint    ] Total time for which application threads were stopped: 0.0002429 seconds, Stopping threads took: 0.0000669 seconds
[2019-06-24T10:26:39.012+0000][1][safepoint    ] Application time: 1.0001787 seconds
[2019-06-24T10:26:39.012+0000][1][safepoint    ] Entering safepoint region: Cleanup
[2019-06-24T10:26:39.013+0000][1][safepoint    ] Leaving safepoint region
[2019-06-24T10:26:39.013+0000][1][safepoint    ] Total time for which application threads were stopped: 0.0003033 seconds, Stopping threads took: 0.0000603 seconds
[2019-06-24T10:26:40.013+0000][1][safepoint    ] Application time: 1.0002682 seconds
[2019-06-24T10:26:40.013+0000][1][safepoint    ] Entering safepoint region: Cleanup
[2019-06-24T10:26:40.013+0000][1][safepoint    ] Leaving safepoint region
[2019-06-24T10:26:40.013+0000][1][safepoint    ] Total time for which application threads were stopped: 0.0001577 seconds, Stopping threads took: 0.0000441 seconds
[2019-06-24T10:26:41.013+0000][1][safepoint    ] Application time: 1.0001367 seconds
[2019-06-24T10:26:41.013+0000][1][safepoint    ] Entering safepoint region: Cleanup
[2019-06-24T10:26:41.014+0000][1][safepoint    ] Leaving safepoint region
[2019-06-24T10:26:41.014+0000][1][safepoint    ] Total time for which application threads were stopped: 0.0001645 seconds, Stopping threads took: 0.0000380 seconds
[2019-06-24T10:26:42.014+0000][1][safepoint    ] Application time: 1.0002572 seconds
[2019-06-24T10:26:42.014+0000][1][safepoint    ] Entering safepoint region: Cleanup
[2019-06-24T10:26:42.014+0000][1][safepoint    ] Leaving safepoint region
[2019-06-24T10:26:42.014+0000][1][safepoint    ] Total time for which application threads were stopped: 0.0002371 seconds, Stopping threads took: 0.0000631 seconds
[2019-06-24T10:26:43.014+0000][1][safepoint    ] Application time: 1.0002594 seconds
[2019-06-24T10:26:43.015+0000][1][safepoint    ] Entering safepoint region: Cleanup
[2019-06-24T10:26:43.015+0000][1][safepoint    ] Leaving safepoint region
[2019-06-24T10:26:43.015+0000][1][safepoint    ] Total time for which application threads were stopped: 0.0002440 seconds, Stopping threads took: 0.0000680 seconds
[2019-06-24T10:26:44.015+0000][1][safepoint    ] Application time: 1.0001844 seconds
[2019-06-24T10:26:44.015+0000][1][safepoint    ] Entering safepoint region: Cleanup
[2019-06-24T10:26:44.015+0000][1][safepoint    ] Leaving safepoint region
[2019-06-24T10:26:44.015+0000][1][safepoint    ] Total time for which application threads were stopped: 0.0002662 seconds, Stopping threads took: 0.0000706 seconds
[2019-06-24T10:26:45.016+0000][1][safepoint    ] Application time: 1.0001715 seconds
[2019-06-24T10:26:45.016+0000][1][safepoint    ] Entering safepoint region: Cleanup
[2019-06-24T10:26:45.016+0000][1][safepoint    ] Leaving safepoint region
[2019-06-24T10:26:45.016+0000][1][safepoint    ] Total time for which application threads were stopped: 0.0005402 seconds, Stopping threads took: 0.0001110 seconds
[2019-06-24T10:26:46.017+0000][1][safepoint    ] Application time: 1.0002752 seconds
[2019-06-24T10:26:46.017+0000][1][safepoint    ] Entering safepoint region: Cleanup
[2019-06-24T10:26:46.017+0000][1][safepoint    ] Leaving safepoint region
[2019-06-24T10:26:46.017+0000][1][safepoint    ] Total time for which application threads were stopped: 0.0002329 seconds, Stopping threads took: 0.0000616 seconds
[2019-06-24T10:26:47.017+0000][1][safepoint    ] Application time: 1.0001302 seconds
[2019-06-24T10:26:47.017+0000][1][safepoint    ] Entering safepoint region: Cleanup
[2019-06-24T10:26:47.018+0000][1][safepoint    ] Leaving safepoint region
[2019-06-24T10:26:47.018+0000][1][safepoint    ] Total time for which application threads were stopped: 0.0002314 seconds, Stopping threads took: 0.0000823 seconds
[2019-06-24T10:26:48.018+0000][1][safepoint    ] Application time: 1.0002478 seconds
[2019-06-24T10:26:48.018+0000][1][safepoint    ] Entering safepoint region: Cleanup
[2019-06-24T10:26:48.018+0000][1][safepoint    ] Leaving safepoint region
[2019-06-24T10:26:48.018+0000][1][safepoint    ] Total time for which application threads were stopped: 0.0001139 seconds, Stopping threads took: 0.0000304 seconds
[2019-06-24T10:26:49.018+0000][1][safepoint    ] Application time: 1.0002254 seconds
[2019-06-24T10:26:49.018+0000][1][safepoint    ] Entering safepoint region: Cleanup
[2019-06-24T10:26:49.019+0000][1][safepoint    ] Leaving safepoint region
[2019-06-24T10:26:49.019+0000][1][safepoint    ] Total time for which application threads were stopped: 0.0003323 seconds, Stopping threads took: 0.0000622 seconds
[2019-06-24T10:26:50.019+0000][1][safepoint    ] Application time: 1.0001368 seconds
[2019-06-24T10:26:50.019+0000][1][safepoint    ] Entering safepoint region: Cleanup
[2019-06-24T10:26:50.019+0000][1][safepoint    ] Leaving safepoint region
[2019-06-24T10:26:50.019+0000][1][safepoint    ] Total time for which application threads were stopped: 0.0002351 seconds, Stopping threads took: 0.0000627 seconds
[2019-06-24T10:26:51.019+0000][1][safepoint    ] Application time: 1.0002645 seconds
[2019-06-24T10:26:51.020+0000][1][safepoint    ] Entering safepoint region: Cleanup
[2019-06-24T10:26:51.020+0000][1][safepoint    ] Leaving safepoint region
[2019-06-24T10:26:51.020+0000][1][safepoint    ] Total time for which application threads were stopped: 0.0002384 seconds, Stopping threads took: 0.0000634 seconds
[2019-06-24T10:26:52.504+0000][1][safepoint    ] Application time: 1.4840836 seconds
[2019-06-24T10:26:52.504+0000][1][safepoint    ] Entering safepoint region: Cleanup
[2019-06-24T10:26:52.504+0000][1][safepoint    ] Leaving safepoint region
[2019-06-24T10:26:52.504+0000][1][safepoint    ] Total time for which application threads were stopped: 0.0002461 seconds, Stopping threads took: 0.0000600 seconds
[2019-06-24T10:26:53.505+0000][1][safepoint    ] Application time: 1.0002657 seconds
[2019-06-24T10:26:53.505+0000][1][safepoint    ] Entering safepoint region: Cleanup
[2019-06-24T10:26:53.505+0000][1][safepoint    ] Leaving safepoint region
[2019-06-24T10:26:53.505+0000][1][safepoint    ] Total time for which application threads were stopped: 0.0002624 seconds, Stopping threads took: 0.0000709 seconds
[2019-06-24T10:26:54.505+0000][1][safepoint    ] Application time: 1.0001666 seconds
[2019-06-24T10:26:54.505+0000][1][safepoint    ] Entering safepoint region: Cleanup
[2019-06-24T10:26:54.506+0000][1][safepoint    ] Leaving safepoint region
[2019-06-24T10:26:54.506+0000][1][safepoint    ] Total time for which application threads were stopped: 0.0003342 seconds, Stopping threads took: 0.0000838 seconds
[2019-06-24T10:26:55.506+0000][1][safepoint    ] Application time: 1.0002345 seconds
[2019-06-24T10:26:55.506+0000][1][safepoint    ] Entering safepoint region: Cleanup
[2019-06-24T10:26:55.506+0000][1][safepoint    ] Leaving safepoint region
[2019-06-24T10:26:55.506+0000][1][safepoint    ] Total time for which application threads were stopped: 0.0001681 seconds, Stopping threads took: 0.0000445 seconds
[2019-06-24T10:26:56.506+0000][1][safepoint    ] Application time: 1.0002573 seconds
[2019-06-24T10:26:56.507+0000][1][safepoint    ] Entering safepoint region: Cleanup
[2019-06-24T10:26:56.508+0000][1][safepoint    ] Leaving safepoint region
[2019-06-24T10:26:56.508+0000][1][safepoint    ] Total time for which application threads were stopped: 0.0012154 seconds, Stopping threads took: 0.0009833 seconds
[2019-06-24T10:26:57.508+0000][1][safepoint    ] Application time: 1.0002725 seconds
[2019-06-24T10:26:57.508+0000][1][safepoint    ] Entering safepoint region: Cleanup
[2019-06-24T10:26:57.508+0000][1][safepoint    ] Leaving safepoint region
[2019-06-24T10:26:57.508+0000][1][safepoint    ] Total time for which application threads were stopped: 0.0002369 seconds, Stopping threads took: 0.0000603 seconds
[2019-06-24T10:26:58.509+0000][1][safepoint    ] Application time: 1.0002670 seconds
[2019-06-24T10:26:58.509+0000][1][safepoint    ] Entering safepoint region: Cleanup
[2019-06-24T10:26:58.509+0000][1][safepoint    ] Leaving safepoint region
[2019-06-24T10:26:58.509+0000][1][safepoint    ] Total time for which application threads were stopped: 0.0002383 seconds, Stopping threads took: 0.0000621 seconds
[2019-06-24T10:26:59.509+0000][1][safepoint    ] Application time: 1.0001319 seconds
[2019-06-24T10:26:59.509+0000][1][safepoint    ] Entering safepoint region: Cleanup
[2019-06-24T10:26:59.509+0000][1][safepoint    ] Leaving safepoint region
[2019-06-24T10:26:59.509+0000][1][safepoint    ] Total time for which application threads were stopped: 0.0000921 seconds, Stopping threads took: 0.0000237 seconds
[2019-06-24T10:27:00.510+0000][1][safepoint    ] Application time: 1.0002405 seconds
[2019-06-24T10:27:00.510+0000][1][safepoint    ] Entering safepoint region: Cleanup
[2019-06-24T10:27:00.510+0000][1][safepoint    ] Leaving safepoint region
[2019-06-24T10:27:00.510+0000][1][safepoint    ] Total time for which application threads were stopped: 0.0002421 seconds, Stopping threads took: 0.0000627 seconds
[2019-06-24T10:27:01.510+0000][1][safepoint    ] Application time: 1.0002375 seconds
[2019-06-24T10:27:01.511+0000][1][safepoint    ] Entering safepoint region: Cleanup
[2019-06-24T10:27:01.512+0000][1][safepoint    ] Leaving safepoint region
[2019-06-24T10:27:01.512+0000][1][safepoint    ] Total time for which application threads were stopped: 0.0012774 seconds, Stopping threads took: 0.0010546 seconds
[2019-06-24T10:27:02.512+0000][1][safepoint    ] Application time: 1.0002311 seconds
[2019-06-24T10:27:02.512+0000][1][safepoint    ] Entering safepoint region: Cleanup
[2019-06-24T10:27:02.512+0000][1][safepoint    ] Leaving safepoint region
[2019-06-24T10:27:02.512+0000][1][safepoint    ] Total time for which application threads were stopped: 0.0002548 seconds, Stopping threads took: 0.0000678 seconds
[2019-06-24T10:27:03.513+0000][1][safepoint    ] Application time: 1.0002533 seconds
[2019-06-24T10:27:03.513+0000][1][safepoint    ] Entering safepoint region: Cleanup
[2019-06-24T10:27:03.513+0000][1][safepoint    ] Leaving safepoint region
[2019-06-24T10:27:03.513+0000][1][safepoint    ] Total time for which application threads were stopped: 0.0002393 seconds, Stopping threads took: 0.0000618 seconds
[2019-06-24T10:27:04.513+0000][1][safepoint    ] Application time: 1.0002485 seconds
[2019-06-24T10:27:04.513+0000][1][safepoint    ] Entering safepoint region: Cleanup
[2019-06-24T10:27:04.514+0000][1][safepoint    ] Leaving safepoint region
[2019-06-24T10:27:04.514+0000][1][safepoint    ] Total time for which application threads were stopped: 0.0002407 seconds, Stopping threads took: 0.0000628 seconds
[2019-06-24T10:27:05.514+0000][1][safepoint    ] Application time: 1.0002570 seconds
[2019-06-24T10:27:05.514+0000][1][safepoint    ] Entering safepoint region: Cleanup
[2019-06-24T10:27:05.514+0000][1][safepoint    ] Leaving safepoint region
[2019-06-24T10:27:05.514+0000][1][safepoint    ] Total time for which application threads were stopped: 0.0002444 seconds, Stopping threads took: 0.0000638 seconds
[2019-06-24T10:27:06.515+0000][1][safepoint    ] Application time: 1.0002725 seconds
[2019-06-24T10:27:06.515+0000][1][safepoint    ] Entering safepoint region: Cleanup
[2019-06-24T10:27:06.516+0000][1][safepoint    ] Leaving safepoint region
[2019-06-24T10:27:06.516+0000][1][safepoint    ] Total time for which application threads were stopped: 0.0012300 seconds, Stopping threads took: 0.0009944 seconds
[2019-06-24T10:27:07.516+0000][1][safepoint    ] Application time: 1.0002608 seconds
[2019-06-24T10:27:07.516+0000][1][safepoint    ] Entering safepoint region: Cleanup
[2019-06-24T10:27:07.517+0000][1][safepoint    ] Leaving safepoint region
[2019-06-24T10:27:07.517+0000][1][safepoint    ] Total time for which application threads were stopped: 0.0002486 seconds, Stopping threads took: 0.0000650 seconds
[2019-06-24T10:27:08.517+0000][1][safepoint    ] Application time: 1.0001770 seconds
[2019-06-24T10:27:08.517+0000][1][safepoint    ] Entering safepoint region: Cleanup
[2019-06-24T10:27:08.517+0000][1][safepoint    ] Leaving safepoint region
[2019-06-24T10:27:08.517+0000][1][safepoint    ] Total time for which application threads were stopped: 0.0002436 seconds, Stopping threads took: 0.0000628 seconds
[2019-06-24T10:27:09.517+0000][1][safepoint    ] Application time: 1.0002352 seconds
[2019-06-24T10:27:09.518+0000][1][safepoint    ] Entering safepoint region: Cleanup
[2019-06-24T10:27:09.518+0000][1][safepoint    ] Leaving safepoint region
[2019-06-24T10:27:09.518+0000][1][safepoint    ] Total time for which application threads were stopped: 0.0002399 seconds, Stopping threads took: 0.0000641 seconds
[2019-06-24T10:27:10.518+0000][1][safepoint    ] Application time: 1.0002398 seconds
[2019-06-24T10:27:10.518+0000][1][safepoint    ] Entering safepoint region: Cleanup
[2019-06-24T10:27:10.518+0000][1][safepoint    ] Leaving safepoint region
[2019-06-24T10:27:10.518+0000][1][safepoint    ] Total time for which application threads were stopped: 0.0002400 seconds, Stopping threads took: 0.0000598 seconds
[2019-06-24T10:27:11.519+0000][1][safepoint    ] Application time: 1.0002948 seconds
[2019-06-24T10:27:11.519+0000][1][safepoint    ] Entering safepoint region: Cleanup
[2019-06-24T10:27:11.520+0000][1][safepoint    ] Leaving safepoint region
[2019-06-24T10:27:11.520+0000][1][safepoint    ] Total time for which application threads were stopped: 0.0010408 seconds, Stopping threads took: 0.0008593 seconds
[2019-06-24T10:27:12.520+0000][1][safepoint    ] Application time: 1.0001833 seconds
[2019-06-24T10:27:12.520+0000][1][safepoint    ] Entering safepoint region: Cleanup
[2019-06-24T10:27:12.520+0000][1][safepoint    ] Leaving safepoint region
[2019-06-24T10:27:12.520+0000][1][safepoint    ] Total time for which application threads were stopped: 0.0002581 seconds, Stopping threads took: 0.0000878 seconds
[2019-06-24T10:27:13.546+0000][1][safepoint    ] Application time: 1.0258850 seconds
[2019-06-24T10:27:13.547+0000][1][safepoint    ] Entering safepoint region: Cleanup
[2019-06-24T10:27:13.547+0000][1][safepoint    ] Leaving safepoint region
[2019-06-24T10:27:13.547+0000][1][safepoint    ] Total time for which application threads were stopped: 0.0002708 seconds, Stopping threads took: 0.0000781 seconds
[2019-06-24T10:27:14.547+0000][1][safepoint    ] Application time: 1.0002752 seconds
[2019-06-24T10:27:14.547+0000][1][safepoint    ] Entering safepoint region: Cleanup
[2019-06-24T10:27:14.547+0000][1][safepoint    ] Leaving safepoint region
[2019-06-24T10:27:14.548+0000][1][safepoint    ] Total time for which application threads were stopped: 0.0002939 seconds, Stopping threads took: 0.0000733 seconds
[2019-06-24T10:27:15.548+0000][1][safepoint    ] Application time: 1.0002620 seconds
[2019-06-24T10:27:15.548+0000][1][safepoint    ] Entering safepoint region: Cleanup
[2019-06-24T10:27:15.548+0000][1][safepoint    ] Leaving safepoint region
[2019-06-24T10:27:15.548+0000][1][safepoint    ] Total time for which application threads were stopped: 0.0003168 seconds, Stopping threads took: 0.0001083 seconds
[2019-06-24T10:27:16.549+0000][1][safepoint    ] Application time: 1.0002830 seconds
[2019-06-24T10:27:16.549+0000][1][safepoint    ] Entering safepoint region: Cleanup
[2019-06-24T10:27:16.550+0000][1][safepoint    ] Leaving safepoint region
[2019-06-24T10:27:16.550+0000][1][safepoint    ] Total time for which application threads were stopped: 0.0013299 seconds, Stopping threads took: 0.0010043 seconds
[2019-06-24T10:27:17.385+0000][1][safepoint    ] Application time: 0.8345892 seconds
[2019-06-24T10:27:17.385+0000][1][safepoint    ] Entering safepoint region: GenCollectForAllocation
[2019-06-24T10:27:17.385+0000][1][gc,start     ] GC(34) Pause Young (Allocation Failure)
[2019-06-24T10:27:17.385+0000][1][gc,task      ] GC(34) Using 5 workers of 8 for evacuation
[2019-06-24T10:27:17.386+0000][1][gc,age       ] GC(34) Desired survivor size 4456448 bytes, new threshold 6 (max threshold 6)
[2019-06-24T10:27:17.386+0000][1][gc,age       ] GC(34) Age table with threshold 6 (max threshold 6)
[2019-06-24T10:27:17.386+0000][1][gc,age       ] GC(34) - age   1:       4552 bytes,       4552 total
[2019-06-24T10:27:17.386+0000][1][gc,age       ] GC(34) - age   2:       2008 bytes,       6560 total
[2019-06-24T10:27:17.386+0000][1][gc,age       ] GC(34) - age   3:        736 bytes,       7296 total
[2019-06-24T10:27:17.386+0000][1][gc,age       ] GC(34) - age   4:        744 bytes,       8040 total
[2019-06-24T10:27:17.386+0000][1][gc,age       ] GC(34) - age   5:       3136 bytes,      11176 total
[2019-06-24T10:27:17.386+0000][1][gc,age       ] GC(34) - age   6:       3384 bytes,      14560 total
[2019-06-24T10:27:17.386+0000][1][gc,heap      ] GC(34) ParNew: 70000K->22K(78656K)
[2019-06-24T10:27:17.386+0000][1][gc,heap      ] GC(34) CMS: 69653K->69655K(174784K)
[2019-06-24T10:27:17.386+0000][1][gc,metaspace ] GC(34) Metaspace: 68056K->68056K(1112064K)
[2019-06-24T10:27:17.386+0000][1][gc           ] GC(34) Pause Young (Allocation Failure) 136M->68M(247M) 1.417ms
[2019-06-24T10:27:17.386+0000][1][gc,cpu       ] GC(34) User=0.00s Sys=0.00s Real=0.00s
[2019-06-24T10:27:17.386+0000][1][safepoint    ] Leaving safepoint region
[2019-06-24T10:27:17.386+0000][1][safepoint    ] Total time for which application threads were stopped: 0.0016232 seconds, Stopping threads took: 0.0000257 seconds
[2019-06-24T10:27:18.387+0000][1][safepoint    ] Application time: 1.0002609 seconds
[2019-06-24T10:27:18.387+0000][1][safepoint    ] Entering safepoint region: Cleanup
[2019-06-24T10:27:18.387+0000][1][safepoint    ] Leaving safepoint region
[2019-06-24T10:27:18.387+0000][1][safepoint    ] Total time for which application threads were stopped: 0.0002504 seconds, Stopping threads took: 0.0000635 seconds
[2019-06-24T10:27:19.387+0000][1][safepoint    ] Application time: 1.0002475 seconds
[2019-06-24T10:27:19.387+0000][1][safepoint    ] Entering safepoint region: Cleanup
[2019-06-24T10:27:19.388+0000][1][safepoint    ] Leaving safepoint region
[2019-06-24T10:27:19.388+0000][1][safepoint    ] Total time for which application threads were stopped: 0.0002443 seconds, Stopping threads took: 0.0000622 seconds
[2019-06-24T10:27:20.388+0000][1][safepoint    ] Application time: 1.0001973 seconds
[2019-06-24T10:27:20.388+0000][1][safepoint    ] Entering safepoint region: Cleanup
[2019-06-24T10:27:20.388+0000][1][safepoint    ] Leaving safepoint region
[2019-06-24T10:27:20.388+0000][1][safepoint    ] Total time for which application threads were stopped: 0.0003706 seconds, Stopping threads took: 0.0001075 seconds
[2019-06-24T10:27:21.389+0000][1][safepoint    ] Application time: 1.0003120 seconds
[2019-06-24T10:27:21.389+0000][1][safepoint    ] Entering safepoint region: Cleanup
[2019-06-24T10:27:21.389+0000][1][safepoint    ] Leaving safepoint region
[2019-06-24T10:27:21.389+0000][1][safepoint    ] Total time for which application threads were stopped: 0.0003697 seconds, Stopping threads took: 0.0001241 seconds
[2019-06-24T10:27:22.390+0000][1][safepoint    ] Application time: 1.0002115 seconds
[2019-06-24T10:27:22.390+0000][1][safepoint    ] Entering safepoint region: Cleanup
[2019-06-24T10:27:22.390+0000][1][safepoint    ] Leaving safepoint region
[2019-06-24T10:27:22.390+0000][1][safepoint    ] Total time for which application threads were stopped: 0.0003808 seconds, Stopping threads took: 0.0001709 seconds
[2019-06-24T10:27:23.390+0000][1][safepoint    ] Application time: 1.0002821 seconds
[2019-06-24T10:27:23.390+0000][1][safepoint    ] Entering safepoint region: Cleanup
[2019-06-24T10:27:23.391+0000][1][safepoint    ] Leaving safepoint region
[2019-06-24T10:27:23.391+0000][1][safepoint    ] Total time for which application threads were stopped: 0.0003986 seconds, Stopping threads took: 0.0001855 seconds
[2019-06-24T10:27:24.391+0000][1][safepoint    ] Application time: 1.0002398 seconds
[2019-06-24T10:27:24.391+0000][1][safepoint    ] Entering safepoint region: Cleanup
[2019-06-24T10:27:24.391+0000][1][safepoint    ] Leaving safepoint region
[2019-06-24T10:27:24.391+0000][1][safepoint    ] Total time for which application threads were stopped: 0.0002831 seconds, Stopping threads took: 0.0000775 seconds
[2019-06-24T10:27:25.392+0000][1][safepoint    ] Application time: 1.0001505 seconds
[2019-06-24T10:27:25.392+0000][1][safepoint    ] Entering safepoint region: Cleanup
[2019-06-24T10:27:25.392+0000][1][safepoint    ] Leaving safepoint region
[2019-06-24T10:27:25.392+0000][1][safepoint    ] Total time for which application threads were stopped: 0.0003032 seconds, Stopping threads took: 0.0000755 seconds
[2019-06-24T10:27:26.392+0000][1][safepoint    ] Application time: 1.0001948 seconds
[2019-06-24T10:27:26.392+0000][1][safepoint    ] Entering safepoint region: Cleanup
[2019-06-24T10:27:26.393+0000][1][safepoint    ] Leaving safepoint region
[2019-06-24T10:27:26.393+0000][1][safepoint    ] Total time for which application threads were stopped: 0.0002628 seconds, Stopping threads took: 0.0000926 seconds
[2019-06-24T10:27:27.393+0000][1][safepoint    ] Application time: 1.0001638 seconds
[2019-06-24T10:27:27.393+0000][1][safepoint    ] Entering safepoint region: Cleanup
[2019-06-24T10:27:27.393+0000][1][safepoint    ] Leaving safepoint region
[2019-06-24T10:27:27.393+0000][1][safepoint    ] Total time for which application threads were stopped: 0.0002519 seconds, Stopping threads took: 0.0000621 seconds
[2019-06-24T10:27:28.394+0000][1][safepoint    ] Application time: 1.0002900 seconds
[2019-06-24T10:27:28.394+0000][1][safepoint    ] Entering safepoint region: Cleanup
[2019-06-24T10:27:28.394+0000][1][safepoint    ] Leaving safepoint region
[2019-06-24T10:27:28.394+0000][1][safepoint    ] Total time for which application threads were stopped: 0.0002380 seconds, Stopping threads took: 0.0000640 seconds
[2019-06-24T10:27:30.017+0000][1][safepoint    ] Application time: 1.6230719 seconds
[2019-06-24T10:27:30.017+0000][1][safepoint    ] Entering safepoint region: Cleanup
[2019-06-24T10:27:30.017+0000][1][safepoint    ] Leaving safepoint region
[2019-06-24T10:27:30.017+0000][1][safepoint    ] Total time for which application threads were stopped: 0.0000966 seconds, Stopping threads took: 0.0000252 seconds
[2019-06-24T10:27:31.017+0000][1][safepoint    ] Application time: 1.0001494 seconds
[2019-06-24T10:27:31.018+0000][1][safepoint    ] Entering safepoint region: Cleanup
[2019-06-24T10:27:31.018+0000][1][safepoint    ] Leaving safepoint region
[2019-06-24T10:27:31.018+0000][1][safepoint    ] Total time for which application threads were stopped: 0.0003666 seconds, Stopping threads took: 0.0000938 seconds
[2019-06-24T10:27:32.018+0000][1][safepoint    ] Application time: 1.0002587 seconds
[2019-06-24T10:27:32.018+0000][1][safepoint    ] Entering safepoint region: Cleanup
[2019-06-24T10:27:32.019+0000][1][safepoint    ] Leaving safepoint region
[2019-06-24T10:27:32.019+0000][1][safepoint    ] Total time for which application threads were stopped: 0.0003909 seconds, Stopping threads took: 0.0000630 seconds
[2019-06-24T10:27:33.019+0000][1][safepoint    ] Application time: 1.0001704 seconds
[2019-06-24T10:27:33.019+0000][1][safepoint    ] Entering safepoint region: Cleanup
[2019-06-24T10:27:33.019+0000][1][safepoint    ] Leaving safepoint region
[2019-06-24T10:27:33.019+0000][1][safepoint    ] Total time for which application threads were stopped: 0.0002467 seconds, Stopping threads took: 0.0000695 seconds
[2019-06-24T10:27:34.020+0000][1][safepoint    ] Application time: 1.0002654 seconds
[2019-06-24T10:27:34.020+0000][1][safepoint    ] Entering safepoint region: Cleanup
[2019-06-24T10:27:34.020+0000][1][safepoint    ] Leaving safepoint region
[2019-06-24T10:27:34.020+0000][1][safepoint    ] Total time for which application threads were stopped: 0.0002348 seconds, Stopping threads took: 0.0000616 seconds
[2019-06-24T10:27:35.020+0000][1][safepoint    ] Application time: 1.0001967 seconds
[2019-06-24T10:27:35.020+0000][1][safepoint    ] Entering safepoint region: Cleanup
[2019-06-24T10:27:35.020+0000][1][safepoint    ] Leaving safepoint region
[2019-06-24T10:27:35.020+0000][1][safepoint    ] Total time for which application threads were stopped: 0.0002333 seconds, Stopping threads took: 0.0000617 seconds
[2019-06-24T10:27:36.021+0000][1][safepoint    ] Application time: 1.0002071 seconds
[2019-06-24T10:27:36.021+0000][1][safepoint    ] Entering safepoint region: Cleanup
[2019-06-24T10:27:36.021+0000][1][safepoint    ] Leaving safepoint region
[2019-06-24T10:27:36.021+0000][1][safepoint    ] Total time for which application threads were stopped: 0.0003061 seconds, Stopping threads took: 0.0000873 seconds
[2019-06-24T10:27:37.021+0000][1][safepoint    ] Application time: 1.0002867 seconds
[2019-06-24T10:27:37.022+0000][1][safepoint    ] Entering safepoint region: Cleanup
[2019-06-24T10:27:37.022+0000][1][safepoint    ] Leaving safepoint region
[2019-06-24T10:27:37.022+0000][1][safepoint    ] Total time for which application threads were stopped: 0.0004163 seconds, Stopping threads took: 0.0001510 seconds
[2019-06-24T10:27:38.022+0000][1][safepoint    ] Application time: 1.0001877 seconds
[2019-06-24T10:27:38.022+0000][1][safepoint    ] Entering safepoint region: Cleanup
[2019-06-24T10:27:38.023+0000][1][safepoint    ] Leaving safepoint region
[2019-06-24T10:27:38.023+0000][1][safepoint    ] Total time for which application threads were stopped: 0.0003378 seconds, Stopping threads took: 0.0000576 seconds
[2019-06-24T10:27:39.023+0000][1][safepoint    ] Application time: 1.0002864 seconds
[2019-06-24T10:27:39.023+0000][1][safepoint    ] Entering safepoint region: Cleanup
[2019-06-24T10:27:39.023+0000][1][safepoint    ] Leaving safepoint region
[2019-06-24T10:27:39.023+0000][1][safepoint    ] Total time for which application threads were stopped: 0.0003082 seconds, Stopping threads took: 0.0001351 seconds
[2019-06-24T10:27:40.024+0000][1][safepoint    ] Application time: 1.0001423 seconds
[2019-06-24T10:27:40.024+0000][1][safepoint    ] Entering safepoint region: Cleanup
[2019-06-24T10:27:40.024+0000][1][safepoint    ] Leaving safepoint region
[2019-06-24T10:27:40.024+0000][1][safepoint    ] Total time for which application threads were stopped: 0.0002289 seconds, Stopping threads took: 0.0000619 seconds
[2019-06-24T10:27:41.024+0000][1][safepoint    ] Application time: 1.0002722 seconds
[2019-06-24T10:27:41.024+0000][1][safepoint    ] Entering safepoint region: Cleanup
[2019-06-24T10:27:41.025+0000][1][safepoint    ] Leaving safepoint region
[2019-06-24T10:27:41.025+0000][1][safepoint    ] Total time for which application threads were stopped: 0.0002684 seconds, Stopping threads took: 0.0000752 seconds
[2019-06-24T10:27:42.025+0000][1][safepoint    ] Application time: 1.0002196 seconds
[2019-06-24T10:27:42.025+0000][1][safepoint    ] Entering safepoint region: Cleanup
[2019-06-24T10:27:42.025+0000][1][safepoint    ] Leaving safepoint region
[2019-06-24T10:27:42.025+0000][1][safepoint    ] Total time for which application threads were stopped: 0.0002732 seconds, Stopping threads took: 0.0000706 seconds
[2019-06-24T10:27:43.026+0000][1][safepoint    ] Application time: 1.0002120 seconds
[2019-06-24T10:27:43.026+0000][1][safepoint    ] Entering safepoint region: Cleanup
[2019-06-24T10:27:43.026+0000][1][safepoint    ] Leaving safepoint region
[2019-06-24T10:27:43.026+0000][1][safepoint    ] Total time for which application threads were stopped: 0.0002620 seconds, Stopping threads took: 0.0000926 seconds
[2019-06-24T10:27:44.026+0000][1][safepoint    ] Application time: 1.0001325 seconds
[2019-06-24T10:27:44.026+0000][1][safepoint    ] Entering safepoint region: Cleanup
[2019-06-24T10:27:44.026+0000][1][safepoint    ] Leaving safepoint region
[2019-06-24T10:27:44.026+0000][1][safepoint    ] Total time for which application threads were stopped: 0.0002333 seconds, Stopping threads took: 0.0000624 seconds
[2019-06-24T10:27:45.027+0000][1][safepoint    ] Application time: 1.0001312 seconds
[2019-06-24T10:27:45.027+0000][1][safepoint    ] Entering safepoint region: Cleanup
[2019-06-24T10:27:45.027+0000][1][safepoint    ] Leaving safepoint region
[2019-06-24T10:27:45.027+0000][1][safepoint    ] Total time for which application threads were stopped: 0.0002493 seconds, Stopping threads took: 0.0000582 seconds
[2019-06-24T10:27:46.583+0000][1][safepoint    ] Application time: 1.5554956 seconds
[2019-06-24T10:27:46.583+0000][1][safepoint    ] Entering safepoint region: Cleanup
[2019-06-24T10:27:46.583+0000][1][safepoint    ] Leaving safepoint region
[2019-06-24T10:27:46.583+0000][1][safepoint    ] Total time for which application threads were stopped: 0.0002550 seconds, Stopping threads took: 0.0000807 seconds
[2019-06-24T10:27:47.583+0000][1][safepoint    ] Application time: 1.0002342 seconds
[2019-06-24T10:27:47.583+0000][1][safepoint    ] Entering safepoint region: Cleanup
[2019-06-24T10:27:47.584+0000][1][safepoint    ] Leaving safepoint region
[2019-06-24T10:27:47.584+0000][1][safepoint    ] Total time for which application threads were stopped: 0.0002357 seconds, Stopping threads took: 0.0000607 seconds
[2019-06-24T10:27:48.584+0000][1][safepoint    ] Application time: 1.0002451 seconds
[2019-06-24T10:27:48.584+0000][1][safepoint    ] Entering safepoint region: Cleanup
[2019-06-24T10:27:48.584+0000][1][safepoint    ] Leaving safepoint region
[2019-06-24T10:27:48.584+0000][1][safepoint    ] Total time for which application threads were stopped: 0.0000934 seconds, Stopping threads took: 0.0000234 seconds
[2019-06-24T10:27:49.584+0000][1][safepoint    ] Application time: 1.0002517 seconds
[2019-06-24T10:27:49.584+0000][1][safepoint    ] Entering safepoint region: Cleanup
[2019-06-24T10:27:49.585+0000][1][safepoint    ] Leaving safepoint region
[2019-06-24T10:27:49.585+0000][1][safepoint    ] Total time for which application threads were stopped: 0.0003127 seconds, Stopping threads took: 0.0001031 seconds
[2019-06-24T10:27:50.585+0000][1][safepoint    ] Application time: 1.0002432 seconds
[2019-06-24T10:27:50.585+0000][1][safepoint    ] Entering safepoint region: Cleanup
[2019-06-24T10:27:50.585+0000][1][safepoint    ] Leaving safepoint region
[2019-06-24T10:27:50.585+0000][1][safepoint    ] Total time for which application threads were stopped: 0.0002798 seconds, Stopping threads took: 0.0000751 seconds
[2019-06-24T10:27:51.586+0000][1][safepoint    ] Application time: 1.0002603 seconds
[2019-06-24T10:27:51.586+0000][1][safepoint    ] Entering safepoint region: Cleanup
[2019-06-24T10:27:51.586+0000][1][safepoint    ] Leaving safepoint region
[2019-06-24T10:27:51.586+0000][1][safepoint    ] Total time for which application threads were stopped: 0.0002346 seconds, Stopping threads took: 0.0000610 seconds
[2019-06-24T10:27:52.586+0000][1][safepoint    ] Application time: 1.0001809 seconds
[2019-06-24T10:27:52.586+0000][1][safepoint    ] Entering safepoint region: Cleanup
[2019-06-24T10:27:52.587+0000][1][safepoint    ] Leaving safepoint region
[2019-06-24T10:27:52.587+0000][1][safepoint    ] Total time for which application threads were stopped: 0.0002156 seconds, Stopping threads took: 0.0000378 seconds
[2019-06-24T10:27:53.587+0000][1][safepoint    ] Application time: 1.0000875 seconds
[2019-06-24T10:27:53.587+0000][1][safepoint    ] Entering safepoint region: Cleanup
[2019-06-24T10:27:53.587+0000][1][safepoint    ] Leaving safepoint region
[2019-06-24T10:27:53.587+0000][1][safepoint    ] Total time for which application threads were stopped: 0.0000904 seconds, Stopping threads took: 0.0000234 seconds
[2019-06-24T10:27:54.587+0000][1][safepoint    ] Application time: 1.0002483 seconds
[2019-06-24T10:27:54.587+0000][1][safepoint    ] Entering safepoint region: Cleanup
[2019-06-24T10:27:54.587+0000][1][safepoint    ] Leaving safepoint region
[2019-06-24T10:27:54.587+0000][1][safepoint    ] Total time for which application threads were stopped: 0.0002358 seconds, Stopping threads took: 0.0000627 seconds
[2019-06-24T10:27:55.588+0000][1][safepoint    ] Application time: 1.0001453 seconds
[2019-06-24T10:27:55.588+0000][1][safepoint    ] Entering safepoint region: Cleanup
[2019-06-24T10:27:55.588+0000][1][safepoint    ] Leaving safepoint region
[2019-06-24T10:27:55.588+0000][1][safepoint    ] Total time for which application threads were stopped: 0.0001103 seconds, Stopping threads took: 0.0000396 seconds
[2019-06-24T10:27:56.588+0000][1][safepoint    ] Application time: 1.0001739 seconds
[2019-06-24T10:27:56.588+0000][1][safepoint    ] Entering safepoint region: Cleanup
[2019-06-24T10:27:56.588+0000][1][safepoint    ] Leaving safepoint region
[2019-06-24T10:27:56.588+0000][1][safepoint    ] Total time for which application threads were stopped: 0.0002667 seconds, Stopping threads took: 0.0000923 seconds
[2019-06-24T10:27:57.589+0000][1][safepoint    ] Application time: 1.0002446 seconds
[2019-06-24T10:27:57.589+0000][1][safepoint    ] Entering safepoint region: Cleanup
[2019-06-24T10:27:57.589+0000][1][safepoint    ] Leaving safepoint region
[2019-06-24T10:27:57.589+0000][1][safepoint    ] Total time for which application threads were stopped: 0.0002330 seconds, Stopping threads took: 0.0000626 seconds
[2019-06-24T10:27:58.589+0000][1][safepoint    ] Application time: 1.0002008 seconds
[2019-06-24T10:27:58.589+0000][1][safepoint    ] Entering safepoint region: Cleanup
[2019-06-24T10:27:58.590+0000][1][safepoint    ] Leaving safepoint region
[2019-06-24T10:27:58.590+0000][1][safepoint    ] Total time for which application threads were stopped: 0.0002904 seconds, Stopping threads took: 0.0000776 seconds
[2019-06-24T10:27:59.590+0000][1][safepoint    ] Application time: 1.0002647 seconds
[2019-06-24T10:27:59.590+0000][1][safepoint    ] Entering safepoint region: Cleanup
[2019-06-24T10:27:59.590+0000][1][safepoint    ] Leaving safepoint region
[2019-06-24T10:27:59.590+0000][1][safepoint    ] Total time for which application threads were stopped: 0.0002412 seconds, Stopping threads took: 0.0000639 seconds
[2019-06-24T10:28:00.591+0000][1][safepoint    ] Application time: 1.0002905 seconds
[2019-06-24T10:28:00.591+0000][1][safepoint    ] Entering safepoint region: Cleanup
[2019-06-24T10:28:00.591+0000][1][safepoint    ] Leaving safepoint region
[2019-06-24T10:28:00.591+0000][1][safepoint    ] Total time for which application threads were stopped: 0.0002765 seconds, Stopping threads took: 0.0000735 seconds
[2019-06-24T10:28:01.591+0000][1][safepoint    ] Application time: 1.0002535 seconds
[2019-06-24T10:28:01.591+0000][1][safepoint    ] Entering safepoint region: Cleanup
[2019-06-24T10:28:01.592+0000][1][safepoint    ] Leaving safepoint region
[2019-06-24T10:28:01.592+0000][1][safepoint    ] Total time for which application threads were stopped: 0.0002419 seconds, Stopping threads took: 0.0000641 seconds
[2019-06-24T10:28:02.592+0000][1][safepoint    ] Application time: 1.0001464 seconds
[2019-06-24T10:28:02.592+0000][1][safepoint    ] Entering safepoint region: Cleanup
[2019-06-24T10:28:02.592+0000][1][safepoint    ] Leaving safepoint region
[2019-06-24T10:28:02.592+0000][1][safepoint    ] Total time for which application threads were stopped: 0.0003294 seconds, Stopping threads took: 0.0000818 seconds
[2019-06-24T10:28:03.592+0000][1][safepoint    ] Application time: 1.0001991 seconds
[2019-06-24T10:28:03.593+0000][1][safepoint    ] Entering safepoint region: Cleanup
[2019-06-24T10:28:03.593+0000][1][safepoint    ] Leaving safepoint region
[2019-06-24T10:28:03.593+0000][1][safepoint    ] Total time for which application threads were stopped: 0.0002316 seconds, Stopping threads took: 0.0000597 seconds
[2019-06-24T10:28:04.593+0000][1][safepoint    ] Application time: 1.0001406 seconds
[2019-06-24T10:28:04.593+0000][1][safepoint    ] Entering safepoint region: Cleanup
[2019-06-24T10:28:04.593+0000][1][safepoint    ] Leaving safepoint region
[2019-06-24T10:28:04.593+0000][1][safepoint    ] Total time for which application threads were stopped: 0.0001024 seconds, Stopping threads took: 0.0000264 seconds
[2019-06-24T10:28:05.593+0000][1][safepoint    ] Application time: 1.0002422 seconds
[2019-06-24T10:28:05.594+0000][1][safepoint    ] Entering safepoint region: Cleanup
[2019-06-24T10:28:05.594+0000][1][safepoint    ] Leaving safepoint region
[2019-06-24T10:28:05.594+0000][1][safepoint    ] Total time for which application threads were stopped: 0.0002385 seconds, Stopping threads took: 0.0000637 seconds
[2019-06-24T10:28:06.594+0000][1][safepoint    ] Application time: 1.0002684 seconds
[2019-06-24T10:28:06.594+0000][1][safepoint    ] Entering safepoint region: Cleanup
[2019-06-24T10:28:06.594+0000][1][safepoint    ] Leaving safepoint region
[2019-06-24T10:28:06.594+0000][1][safepoint    ] Total time for which application threads were stopped: 0.0002383 seconds, Stopping threads took: 0.0000627 seconds
[2019-06-24T10:28:07.595+0000][1][safepoint    ] Application time: 1.0002863 seconds
[2019-06-24T10:28:07.595+0000][1][safepoint    ] Entering safepoint region: Cleanup
[2019-06-24T10:28:07.595+0000][1][safepoint    ] Leaving safepoint region
[2019-06-24T10:28:07.595+0000][1][safepoint    ] Total time for which application threads were stopped: 0.0002658 seconds, Stopping threads took: 0.0000698 seconds
[2019-06-24T10:28:08.595+0000][1][safepoint    ] Application time: 1.0002358 seconds
[2019-06-24T10:28:08.596+0000][1][safepoint    ] Entering safepoint region: Cleanup
[2019-06-24T10:28:08.596+0000][1][safepoint    ] Leaving safepoint region
[2019-06-24T10:28:08.596+0000][1][safepoint    ] Total time for which application threads were stopped: 0.0002236 seconds, Stopping threads took: 0.0000592 seconds
[2019-06-24T10:28:09.596+0000][1][safepoint    ] Application time: 1.0001379 seconds
[2019-06-24T10:28:09.596+0000][1][safepoint    ] Entering safepoint region: Cleanup
[2019-06-24T10:28:09.596+0000][1][safepoint    ] Leaving safepoint region
[2019-06-24T10:28:09.596+0000][1][safepoint    ] Total time for which application threads were stopped: 0.0002491 seconds, Stopping threads took: 0.0000861 seconds
[2019-06-24T10:28:10.596+0000][1][safepoint    ] Application time: 1.0001557 seconds
[2019-06-24T10:28:10.597+0000][1][safepoint    ] Entering safepoint region: Cleanup
[2019-06-24T10:28:10.597+0000][1][safepoint    ] Leaving safepoint region
[2019-06-24T10:28:10.597+0000][1][safepoint    ] Total time for which application threads were stopped: 0.0005091 seconds, Stopping threads took: 0.0002232 seconds
[2019-06-24T10:28:11.597+0000][1][safepoint    ] Application time: 1.0002533 seconds
[2019-06-24T10:28:11.598+0000][1][safepoint    ] Entering safepoint region: Cleanup
[2019-06-24T10:28:11.598+0000][1][safepoint    ] Leaving safepoint region
[2019-06-24T10:28:11.598+0000][1][safepoint    ] Total time for which application threads were stopped: 0.0003883 seconds, Stopping threads took: 0.0001722 seconds
[2019-06-24T10:28:12.598+0000][1][safepoint    ] Application time: 1.0002893 seconds
[2019-06-24T10:28:12.598+0000][1][safepoint    ] Entering safepoint region: Cleanup
[2019-06-24T10:28:12.599+0000][1][safepoint    ] Leaving safepoint region
[2019-06-24T10:28:12.599+0000][1][safepoint    ] Total time for which application threads were stopped: 0.0003061 seconds, Stopping threads took: 0.0001303 seconds
[2019-06-24T10:28:13.599+0000][1][safepoint    ] Application time: 1.0002620 seconds
[2019-06-24T10:28:13.599+0000][1][safepoint    ] Entering safepoint region: Cleanup
[2019-06-24T10:28:13.599+0000][1][safepoint    ] Leaving safepoint region
[2019-06-24T10:28:13.599+0000][1][safepoint    ] Total time for which application threads were stopped: 0.0002585 seconds, Stopping threads took: 0.0000915 seconds
[2019-06-24T10:28:14.600+0000][1][safepoint    ] Application time: 1.0002375 seconds
[2019-06-24T10:28:14.600+0000][1][safepoint    ] Entering safepoint region: Cleanup
[2019-06-24T10:28:14.600+0000][1][safepoint    ] Leaving safepoint region
[2019-06-24T10:28:14.600+0000][1][safepoint    ] Total time for which application threads were stopped: 0.0002281 seconds, Stopping threads took: 0.0000631 seconds
[2019-06-24T10:28:15.600+0000][1][safepoint    ] Application time: 1.0002702 seconds
[2019-06-24T10:28:15.600+0000][1][safepoint    ] Entering safepoint region: Cleanup
[2019-06-24T10:28:15.601+0000][1][safepoint    ] Leaving safepoint region
[2019-06-24T10:28:15.601+0000][1][safepoint    ] Total time for which application threads were stopped: 0.0002422 seconds, Stopping threads took: 0.0000646 seconds
[2019-06-24T10:28:16.601+0000][1][safepoint    ] Application time: 1.0002650 seconds
[2019-06-24T10:28:16.601+0000][1][safepoint    ] Entering safepoint region: Cleanup
[2019-06-24T10:28:16.601+0000][1][safepoint    ] Leaving safepoint region
[2019-06-24T10:28:16.601+0000][1][safepoint    ] Total time for which application threads were stopped: 0.0002369 seconds, Stopping threads took: 0.0000631 seconds
[2019-06-24T10:28:17.602+0000][1][safepoint    ] Application time: 1.0002546 seconds
[2019-06-24T10:28:17.602+0000][1][safepoint    ] Entering safepoint region: Cleanup
[2019-06-24T10:28:17.602+0000][1][safepoint    ] Leaving safepoint region
[2019-06-24T10:28:17.602+0000][1][safepoint    ] Total time for which application threads were stopped: 0.0002344 seconds, Stopping threads took: 0.0000620 seconds
[2019-06-24T10:28:18.602+0000][1][safepoint    ] Application time: 1.0002614 seconds
[2019-06-24T10:28:18.602+0000][1][safepoint    ] Entering safepoint region: Cleanup
[2019-06-24T10:28:18.603+0000][1][safepoint    ] Leaving safepoint region
[2019-06-24T10:28:18.603+0000][1][safepoint    ] Total time for which application threads were stopped: 0.0003103 seconds, Stopping threads took: 0.0000640 seconds
[2019-06-24T10:28:19.603+0000][1][safepoint    ] Application time: 1.0001464 seconds
[2019-06-24T10:28:19.603+0000][1][safepoint    ] Entering safepoint region: Cleanup
[2019-06-24T10:28:19.603+0000][1][safepoint    ] Leaving safepoint region
[2019-06-24T10:28:19.603+0000][1][safepoint    ] Total time for which application threads were stopped: 0.0002365 seconds, Stopping threads took: 0.0000630 seconds
[2019-06-24T10:28:20.604+0000][1][safepoint    ] Application time: 1.0002756 seconds
[2019-06-24T10:28:20.604+0000][1][safepoint    ] Entering safepoint region: Cleanup
[2019-06-24T10:28:20.604+0000][1][safepoint    ] Leaving safepoint region
[2019-06-24T10:28:20.604+0000][1][safepoint    ] Total time for which application threads were stopped: 0.0002460 seconds, Stopping threads took: 0.0000613 seconds
[2019-06-24T10:28:21.604+0000][1][safepoint    ] Application time: 1.0002685 seconds
[2019-06-24T10:28:21.604+0000][1][safepoint    ] Entering safepoint region: Cleanup
[2019-06-24T10:28:21.604+0000][1][safepoint    ] Leaving safepoint region
[2019-06-24T10:28:21.605+0000][1][safepoint    ] Total time for which application threads were stopped: 0.0002360 seconds, Stopping threads took: 0.0000618 seconds
[2019-06-24T10:28:22.605+0000][1][safepoint    ] Application time: 1.0002679 seconds
[2019-06-24T10:28:22.605+0000][1][safepoint    ] Entering safepoint region: Cleanup
[2019-06-24T10:28:22.605+0000][1][safepoint    ] Leaving safepoint region
[2019-06-24T10:28:22.605+0000][1][safepoint    ] Total time for which application threads were stopped: 0.0002370 seconds, Stopping threads took: 0.0000631 seconds
[2019-06-24T10:28:23.605+0000][1][safepoint    ] Application time: 1.0002645 seconds
[2019-06-24T10:28:23.606+0000][1][safepoint    ] Entering safepoint region: Cleanup
[2019-06-24T10:28:23.606+0000][1][safepoint    ] Leaving safepoint region
[2019-06-24T10:28:23.606+0000][1][safepoint    ] Total time for which application threads were stopped: 0.0002369 seconds, Stopping threads took: 0.0000627 seconds
[2019-06-24T10:28:24.606+0000][1][safepoint    ] Application time: 1.0002666 seconds
[2019-06-24T10:28:24.606+0000][1][safepoint    ] Entering safepoint region: Cleanup
[2019-06-24T10:28:24.606+0000][1][safepoint    ] Leaving safepoint region
[2019-06-24T10:28:24.606+0000][1][safepoint    ] Total time for which application threads were stopped: 0.0002479 seconds, Stopping threads took: 0.0000616 seconds
[2019-06-24T10:28:25.607+0000][1][safepoint    ] Application time: 1.0001418 seconds
[2019-06-24T10:28:25.607+0000][1][safepoint    ] Entering safepoint region: Cleanup
[2019-06-24T10:28:25.607+0000][1][safepoint    ] Leaving safepoint region
[2019-06-24T10:28:25.607+0000][1][safepoint    ] Total time for which application threads were stopped: 0.0002213 seconds, Stopping threads took: 0.0000740 seconds
[2019-06-24T10:28:26.607+0000][1][safepoint    ] Application time: 1.0002596 seconds
[2019-06-24T10:28:26.607+0000][1][safepoint    ] Entering safepoint region: Cleanup
[2019-06-24T10:28:26.608+0000][1][safepoint    ] Leaving safepoint region
[2019-06-24T10:28:26.608+0000][1][safepoint    ] Total time for which application threads were stopped: 0.0002344 seconds, Stopping threads took: 0.0000621 seconds
[2019-06-24T10:28:27.608+0000][1][safepoint    ] Application time: 1.0002674 seconds
[2019-06-24T10:28:27.608+0000][1][safepoint    ] Entering safepoint region: Cleanup
[2019-06-24T10:28:27.608+0000][1][safepoint    ] Leaving safepoint region
[2019-06-24T10:28:27.608+0000][1][safepoint    ] Total time for which application threads were stopped: 0.0002378 seconds, Stopping threads took: 0.0000632 seconds
[2019-06-24T10:28:28.609+0000][1][safepoint    ] Application time: 1.0001665 seconds
[2019-06-24T10:28:28.609+0000][1][safepoint    ] Entering safepoint region: Cleanup
[2019-06-24T10:28:28.609+0000][1][safepoint    ] Leaving safepoint region
[2019-06-24T10:28:28.609+0000][1][safepoint    ] Total time for which application threads were stopped: 0.0002427 seconds, Stopping threads took: 0.0000636 seconds
[2019-06-24T10:28:29.609+0000][1][safepoint    ] Application time: 1.0001918 seconds
[2019-06-24T10:28:29.609+0000][1][safepoint    ] Entering safepoint region: Cleanup
[2019-06-24T10:28:29.609+0000][1][safepoint    ] Leaving safepoint region
[2019-06-24T10:28:29.609+0000][1][safepoint    ] Total time for which application threads were stopped: 0.0002514 seconds, Stopping threads took: 0.0000662 seconds
[2019-06-24T10:28:30.610+0000][1][safepoint    ] Application time: 1.0001777 seconds
[2019-06-24T10:28:30.610+0000][1][safepoint    ] Entering safepoint region: Cleanup
[2019-06-24T10:28:30.610+0000][1][safepoint    ] Leaving safepoint region
[2019-06-24T10:28:30.610+0000][1][safepoint    ] Total time for which application threads were stopped: 0.0000784 seconds, Stopping threads took: 0.0000230 seconds
[2019-06-24T10:28:31.753+0000][1][safepoint    ] Application time: 1.1435639 seconds
[2019-06-24T10:28:31.754+0000][1][safepoint    ] Entering safepoint region: Cleanup
[2019-06-24T10:28:31.754+0000][1][safepoint    ] Leaving safepoint region
[2019-06-24T10:28:31.754+0000][1][safepoint    ] Total time for which application threads were stopped: 0.0002571 seconds, Stopping threads took: 0.0000618 seconds
[2019-06-24T10:28:32.754+0000][1][safepoint    ] Application time: 1.0002802 seconds
[2019-06-24T10:28:32.754+0000][1][safepoint    ] Entering safepoint region: Cleanup
[2019-06-24T10:28:32.754+0000][1][safepoint    ] Leaving safepoint region
[2019-06-24T10:28:32.754+0000][1][safepoint    ] Total time for which application threads were stopped: 0.0002422 seconds, Stopping threads took: 0.0000623 seconds
[2019-06-24T10:28:33.755+0000][1][safepoint    ] Application time: 1.0001853 seconds
[2019-06-24T10:28:33.755+0000][1][safepoint    ] Entering safepoint region: Cleanup
[2019-06-24T10:28:33.755+0000][1][safepoint    ] Leaving safepoint region
[2019-06-24T10:28:33.755+0000][1][safepoint    ] Total time for which application threads were stopped: 0.0001052 seconds, Stopping threads took: 0.0000276 seconds
[2019-06-24T10:28:34.755+0000][1][safepoint    ] Application time: 1.0002429 seconds
[2019-06-24T10:28:34.755+0000][1][safepoint    ] Entering safepoint region: Cleanup
[2019-06-24T10:28:34.755+0000][1][safepoint    ] Leaving safepoint region
[2019-06-24T10:28:34.755+0000][1][safepoint    ] Total time for which application threads were stopped: 0.0002424 seconds, Stopping threads took: 0.0000613 seconds
[2019-06-24T10:28:35.756+0000][1][safepoint    ] Application time: 1.0002609 seconds
[2019-06-24T10:28:35.756+0000][1][safepoint    ] Entering safepoint region: Cleanup
[2019-06-24T10:28:35.756+0000][1][safepoint    ] Leaving safepoint region
[2019-06-24T10:28:35.756+0000][1][safepoint    ] Total time for which application threads were stopped: 0.0003088 seconds, Stopping threads took: 0.0000795 seconds
[2019-06-24T10:28:36.756+0000][1][safepoint    ] Application time: 1.0002695 seconds
[2019-06-24T10:28:36.757+0000][1][safepoint    ] Entering safepoint region: Cleanup
[2019-06-24T10:28:36.757+0000][1][safepoint    ] Leaving safepoint region
[2019-06-24T10:28:36.757+0000][1][safepoint    ] Total time for which application threads were stopped: 0.0002439 seconds, Stopping threads took: 0.0000612 seconds
[2019-06-24T10:28:37.757+0000][1][safepoint    ] Application time: 1.0002593 seconds
[2019-06-24T10:28:37.757+0000][1][safepoint    ] Entering safepoint region: Cleanup
[2019-06-24T10:28:37.757+0000][1][safepoint    ] Leaving safepoint region
[2019-06-24T10:28:37.757+0000][1][safepoint    ] Total time for which application threads were stopped: 0.0002444 seconds, Stopping threads took: 0.0000635 seconds
[2019-06-24T10:28:38.758+0000][1][safepoint    ] Application time: 1.0002188 seconds
[2019-06-24T10:28:38.758+0000][1][safepoint    ] Entering safepoint region: Cleanup
[2019-06-24T10:28:38.758+0000][1][safepoint    ] Leaving safepoint region
[2019-06-24T10:28:38.758+0000][1][safepoint    ] Total time for which application threads were stopped: 0.0003093 seconds, Stopping threads took: 0.0000922 seconds
[2019-06-24T10:28:39.758+0000][1][safepoint    ] Application time: 1.0001989 seconds
[2019-06-24T10:28:39.759+0000][1][safepoint    ] Entering safepoint region: Cleanup
[2019-06-24T10:28:39.759+0000][1][safepoint    ] Leaving safepoint region
[2019-06-24T10:28:39.759+0000][1][safepoint    ] Total time for which application threads were stopped: 0.0004775 seconds, Stopping threads took: 0.0001785 seconds
[2019-06-24T10:28:40.759+0000][1][safepoint    ] Application time: 1.0002778 seconds
[2019-06-24T10:28:40.759+0000][1][safepoint    ] Entering safepoint region: Cleanup
[2019-06-24T10:28:40.760+0000][1][safepoint    ] Leaving safepoint region
[2019-06-24T10:28:40.760+0000][1][safepoint    ] Total time for which application threads were stopped: 0.0003230 seconds, Stopping threads took: 0.0000881 seconds
[2019-06-24T10:28:41.760+0000][1][safepoint    ] Application time: 1.0002661 seconds
[2019-06-24T10:28:41.760+0000][1][safepoint    ] Entering safepoint region: Cleanup
[2019-06-24T10:28:41.760+0000][1][safepoint    ] Leaving safepoint region
[2019-06-24T10:28:41.760+0000][1][safepoint    ] Total time for which application threads were stopped: 0.0002838 seconds, Stopping threads took: 0.0000780 seconds
[2019-06-24T10:28:42.761+0000][1][safepoint    ] Application time: 1.0002695 seconds
[2019-06-24T10:28:42.761+0000][1][safepoint    ] Entering safepoint region: Cleanup
[2019-06-24T10:28:42.761+0000][1][safepoint    ] Leaving safepoint region
[2019-06-24T10:28:42.761+0000][1][safepoint    ] Total time for which application threads were stopped: 0.0002791 seconds, Stopping threads took: 0.0000749 seconds
[2019-06-24T10:28:43.761+0000][1][safepoint    ] Application time: 1.0001927 seconds
[2019-06-24T10:28:43.762+0000][1][safepoint    ] Entering safepoint region: Cleanup
[2019-06-24T10:28:43.762+0000][1][safepoint    ] Leaving safepoint region
[2019-06-24T10:28:43.762+0000][1][safepoint    ] Total time for which application threads were stopped: 0.0002588 seconds, Stopping threads took: 0.0000722 seconds
[2019-06-24T10:28:44.762+0000][1][safepoint    ] Application time: 1.0002697 seconds
[2019-06-24T10:28:44.762+0000][1][safepoint    ] Entering safepoint region: Cleanup
[2019-06-24T10:28:44.763+0000][1][safepoint    ] Leaving safepoint region
[2019-06-24T10:28:44.763+0000][1][safepoint    ] Total time for which application threads were stopped: 0.0004961 seconds, Stopping threads took: 0.0001512 seconds
[2019-06-24T10:28:45.763+0000][1][safepoint    ] Application time: 1.0002851 seconds
[2019-06-24T10:28:45.763+0000][1][safepoint    ] Entering safepoint region: Cleanup
[2019-06-24T10:28:45.763+0000][1][safepoint    ] Leaving safepoint region
[2019-06-24T10:28:45.763+0000][1][safepoint    ] Total time for which application threads were stopped: 0.0003278 seconds, Stopping threads took: 0.0000905 seconds
[2019-06-24T10:28:46.764+0000][1][safepoint    ] Application time: 1.0001867 seconds
[2019-06-24T10:28:46.764+0000][1][safepoint    ] Entering safepoint region: Cleanup
[2019-06-24T10:28:46.764+0000][1][safepoint    ] Leaving safepoint region
[2019-06-24T10:28:46.764+0000][1][safepoint    ] Total time for which application threads were stopped: 0.0002344 seconds, Stopping threads took: 0.0000628 seconds
[2019-06-24T10:28:47.764+0000][1][safepoint    ] Application time: 1.0003028 seconds
[2019-06-24T10:28:47.765+0000][1][safepoint    ] Entering safepoint region: Cleanup
[2019-06-24T10:28:47.765+0000][1][safepoint    ] Leaving safepoint region
[2019-06-24T10:28:47.765+0000][1][safepoint    ] Total time for which application threads were stopped: 0.0002728 seconds, Stopping threads took: 0.0000730 seconds
[2019-06-24T10:28:48.765+0000][1][safepoint    ] Application time: 1.0002793 seconds
[2019-06-24T10:28:48.765+0000][1][safepoint    ] Entering safepoint region: Cleanup
[2019-06-24T10:28:48.765+0000][1][safepoint    ] Leaving safepoint region
[2019-06-24T10:28:48.766+0000][1][safepoint    ] Total time for which application threads were stopped: 0.0002262 seconds, Stopping threads took: 0.0000612 seconds
[2019-06-24T10:28:49.766+0000][1][safepoint    ] Application time: 1.0002685 seconds
[2019-06-24T10:28:49.766+0000][1][safepoint    ] Entering safepoint region: Cleanup
[2019-06-24T10:28:49.766+0000][1][safepoint    ] Leaving safepoint region
[2019-06-24T10:28:49.766+0000][1][safepoint    ] Total time for which application threads were stopped: 0.0003066 seconds, Stopping threads took: 0.0000627 seconds
[2019-06-24T10:28:50.767+0000][1][safepoint    ] Application time: 1.0002825 seconds
[2019-06-24T10:28:50.767+0000][1][safepoint    ] Entering safepoint region: Cleanup
[2019-06-24T10:28:50.767+0000][1][safepoint    ] Leaving safepoint region
[2019-06-24T10:28:50.767+0000][1][safepoint    ] Total time for which application threads were stopped: 0.0002335 seconds, Stopping threads took: 0.0000625 seconds
[2019-06-24T10:28:51.767+0000][1][safepoint    ] Application time: 1.0002023 seconds
[2019-06-24T10:28:51.767+0000][1][safepoint    ] Entering safepoint region: Cleanup
[2019-06-24T10:28:51.767+0000][1][safepoint    ] Leaving safepoint region
[2019-06-24T10:28:51.767+0000][1][safepoint    ] Total time for which application threads were stopped: 0.0002468 seconds, Stopping threads took: 0.0000643 seconds
[2019-06-24T10:28:52.768+0000][1][safepoint    ] Application time: 1.0002423 seconds
[2019-06-24T10:28:52.768+0000][1][safepoint    ] Entering safepoint region: Cleanup
[2019-06-24T10:28:52.768+0000][1][safepoint    ] Leaving safepoint region
[2019-06-24T10:28:52.768+0000][1][safepoint    ] Total time for which application threads were stopped: 0.0002820 seconds, Stopping threads took: 0.0000778 seconds
[2019-06-24T10:28:53.768+0000][1][safepoint    ] Application time: 1.0002706 seconds
[2019-06-24T10:28:53.769+0000][1][safepoint    ] Entering safepoint region: Cleanup
[2019-06-24T10:28:53.769+0000][1][safepoint    ] Leaving safepoint region
[2019-06-24T10:28:53.769+0000][1][safepoint    ] Total time for which application threads were stopped: 0.0002352 seconds, Stopping threads took: 0.0000627 seconds
[2019-06-24T10:28:54.769+0000][1][safepoint    ] Application time: 1.0002674 seconds
[2019-06-24T10:28:54.769+0000][1][safepoint    ] Entering safepoint region: Cleanup
[2019-06-24T10:28:54.769+0000][1][safepoint    ] Leaving safepoint region
[2019-06-24T10:28:54.769+0000][1][safepoint    ] Total time for which application threads were stopped: 0.0002399 seconds, Stopping threads took: 0.0000645 seconds
[2019-06-24T10:28:55.770+0000][1][safepoint    ] Application time: 1.0002637 seconds
[2019-06-24T10:28:55.770+0000][1][safepoint    ] Entering safepoint region: Cleanup
[2019-06-24T10:28:55.770+0000][1][safepoint    ] Leaving safepoint region
[2019-06-24T10:28:55.770+0000][1][safepoint    ] Total time for which application threads were stopped: 0.0002427 seconds, Stopping threads took: 0.0000623 seconds
[2019-06-24T10:28:56.770+0000][1][safepoint    ] Application time: 1.0002703 seconds
[2019-06-24T10:28:56.771+0000][1][safepoint    ] Entering safepoint region: Cleanup
[2019-06-24T10:28:56.771+0000][1][safepoint    ] Leaving safepoint region
[2019-06-24T10:28:56.771+0000][1][safepoint    ] Total time for which application threads were stopped: 0.0002533 seconds, Stopping threads took: 0.0000880 seconds
[2019-06-24T10:28:57.771+0000][1][safepoint    ] Application time: 1.0001373 seconds
[2019-06-24T10:28:57.771+0000][1][safepoint    ] Entering safepoint region: Cleanup
[2019-06-24T10:28:57.771+0000][1][safepoint    ] Leaving safepoint region
[2019-06-24T10:28:57.771+0000][1][safepoint    ] Total time for which application threads were stopped: 0.0000759 seconds, Stopping threads took: 0.0000200 seconds
[2019-06-24T10:28:58.771+0000][1][safepoint    ] Application time: 1.0002291 seconds
[2019-06-24T10:28:58.772+0000][1][safepoint    ] Entering safepoint region: Cleanup
[2019-06-24T10:28:58.772+0000][1][safepoint    ] Leaving safepoint region
[2019-06-24T10:28:58.772+0000][1][safepoint    ] Total time for which application threads were stopped: 0.0002636 seconds, Stopping threads took: 0.0000989 seconds
[2019-06-24T10:29:00.500+0000][1][safepoint    ] Application time: 1.7276947 seconds
[2019-06-24T10:29:00.500+0000][1][safepoint    ] Entering safepoint region: Cleanup
[2019-06-24T10:29:00.500+0000][1][safepoint    ] Leaving safepoint region
[2019-06-24T10:29:00.500+0000][1][safepoint    ] Total time for which application threads were stopped: 0.0003673 seconds, Stopping threads took: 0.0000926 seconds
[2019-06-24T10:29:01.500+0000][1][safepoint    ] Application time: 1.0002005 seconds
[2019-06-24T10:29:01.500+0000][1][safepoint    ] Entering safepoint region: Cleanup
[2019-06-24T10:29:01.501+0000][1][safepoint    ] Leaving safepoint region
[2019-06-24T10:29:01.501+0000][1][safepoint    ] Total time for which application threads were stopped: 0.0002363 seconds, Stopping threads took: 0.0000640 seconds
[2019-06-24T10:29:02.501+0000][1][safepoint    ] Application time: 1.0001781 seconds
[2019-06-24T10:29:02.501+0000][1][safepoint    ] Entering safepoint region: Cleanup
[2019-06-24T10:29:02.501+0000][1][safepoint    ] Leaving safepoint region
[2019-06-24T10:29:02.501+0000][1][safepoint    ] Total time for which application threads were stopped: 0.0003298 seconds, Stopping threads took: 0.0001374 seconds
[2019-06-24T10:29:03.501+0000][1][safepoint    ] Application time: 1.0001710 seconds
[2019-06-24T10:29:03.502+0000][1][safepoint    ] Entering safepoint region: Cleanup
[2019-06-24T10:29:03.502+0000][1][safepoint    ] Leaving safepoint region
[2019-06-24T10:29:03.502+0000][1][safepoint    ] Total time for which application threads were stopped: 0.0003442 seconds, Stopping threads took: 0.0000863 seconds
[2019-06-24T10:29:04.502+0000][1][safepoint    ] Application time: 1.0002462 seconds
[2019-06-24T10:29:04.502+0000][1][safepoint    ] Entering safepoint region: Cleanup
[2019-06-24T10:29:04.503+0000][1][safepoint    ] Leaving safepoint region
[2019-06-24T10:29:04.503+0000][1][safepoint    ] Total time for which application threads were stopped: 0.0004472 seconds, Stopping threads took: 0.0001076 seconds
[2019-06-24T10:29:05.503+0000][1][safepoint    ] Application time: 1.0002375 seconds
[2019-06-24T10:29:05.503+0000][1][safepoint    ] Entering safepoint region: Cleanup
[2019-06-24T10:29:05.503+0000][1][safepoint    ] Leaving safepoint region
[2019-06-24T10:29:05.504+0000][1][safepoint    ] Total time for which application threads were stopped: 0.0003289 seconds, Stopping threads took: 0.0000666 seconds
[2019-06-24T10:29:06.504+0000][1][safepoint    ] Application time: 1.0002315 seconds
[2019-06-24T10:29:06.504+0000][1][safepoint    ] Entering safepoint region: Cleanup
[2019-06-24T10:29:06.504+0000][1][safepoint    ] Leaving safepoint region
[2019-06-24T10:29:06.504+0000][1][safepoint    ] Total time for which application threads were stopped: 0.0002859 seconds, Stopping threads took: 0.0000647 seconds
[2019-06-24T10:29:07.504+0000][1][safepoint    ] Application time: 1.0001696 seconds
[2019-06-24T10:29:07.505+0000][1][safepoint    ] Entering safepoint region: Cleanup
[2019-06-24T10:29:07.505+0000][1][safepoint    ] Leaving safepoint region
[2019-06-24T10:29:07.505+0000][1][safepoint    ] Total time for which application threads were stopped: 0.0004246 seconds, Stopping threads took: 0.0001301 seconds
[2019-06-24T10:29:08.505+0000][1][safepoint    ] Application time: 1.0002855 seconds
[2019-06-24T10:29:08.505+0000][1][safepoint    ] Entering safepoint region: Cleanup
[2019-06-24T10:29:08.506+0000][1][safepoint    ] Leaving safepoint region
[2019-06-24T10:29:08.506+0000][1][safepoint    ] Total time for which application threads were stopped: 0.0002300 seconds, Stopping threads took: 0.0000633 seconds
[2019-06-24T10:29:09.506+0000][1][safepoint    ] Application time: 1.0002590 seconds
[2019-06-24T10:29:09.506+0000][1][safepoint    ] Entering safepoint region: Cleanup
[2019-06-24T10:29:09.506+0000][1][safepoint    ] Leaving safepoint region
[2019-06-24T10:29:09.506+0000][1][safepoint    ] Total time for which application threads were stopped: 0.0002474 seconds, Stopping threads took: 0.0000641 seconds
[2019-06-24T10:29:10.507+0000][1][safepoint    ] Application time: 1.0002281 seconds
[2019-06-24T10:29:10.507+0000][1][safepoint    ] Entering safepoint region: Cleanup
[2019-06-24T10:29:10.507+0000][1][safepoint    ] Leaving safepoint region
[2019-06-24T10:29:10.507+0000][1][safepoint    ] Total time for which application threads were stopped: 0.0002416 seconds, Stopping threads took: 0.0000635 seconds
[2019-06-24T10:29:11.507+0000][1][safepoint    ] Application time: 1.0001998 seconds
[2019-06-24T10:29:11.507+0000][1][safepoint    ] Entering safepoint region: Cleanup
[2019-06-24T10:29:11.507+0000][1][safepoint    ] Leaving safepoint region
[2019-06-24T10:29:11.508+0000][1][safepoint    ] Total time for which application threads were stopped: 0.0002504 seconds, Stopping threads took: 0.0000634 seconds
[2019-06-24T10:29:12.508+0000][1][safepoint    ] Application time: 1.0001019 seconds
[2019-06-24T10:29:12.508+0000][1][safepoint    ] Entering safepoint region: Cleanup
[2019-06-24T10:29:12.508+0000][1][safepoint    ] Leaving safepoint region
[2019-06-24T10:29:12.508+0000][1][safepoint    ] Total time for which application threads were stopped: 0.0001039 seconds, Stopping threads took: 0.0000254 seconds
[2019-06-24T10:29:13.508+0000][1][safepoint    ] Application time: 1.0001213 seconds
[2019-06-24T10:29:13.508+0000][1][safepoint    ] Entering safepoint region: Cleanup
[2019-06-24T10:29:13.508+0000][1][safepoint    ] Leaving safepoint region
[2019-06-24T10:29:13.508+0000][1][safepoint    ] Total time for which application threads were stopped: 0.0002856 seconds, Stopping threads took: 0.0000641 seconds
[2019-06-24T10:29:14.509+0000][1][safepoint    ] Application time: 1.0002826 seconds
[2019-06-24T10:29:14.509+0000][1][safepoint    ] Entering safepoint region: Cleanup
[2019-06-24T10:29:14.509+0000][1][safepoint    ] Leaving safepoint region
[2019-06-24T10:29:14.509+0000][1][safepoint    ] Total time for which application threads were stopped: 0.0002925 seconds, Stopping threads took: 0.0000642 seconds
[2019-06-24T10:29:15.509+0000][1][safepoint    ] Application time: 1.0002094 seconds
[2019-06-24T10:29:15.509+0000][1][safepoint    ] Entering safepoint region: Cleanup
[2019-06-24T10:29:15.510+0000][1][safepoint    ] Leaving safepoint region
[2019-06-24T10:29:15.510+0000][1][safepoint    ] Total time for which application threads were stopped: 0.0003342 seconds, Stopping threads took: 0.0000649 seconds
[2019-06-24T10:29:16.510+0000][1][safepoint    ] Application time: 1.0002688 seconds
[2019-06-24T10:29:16.510+0000][1][safepoint    ] Entering safepoint region: Cleanup
[2019-06-24T10:29:16.510+0000][1][safepoint    ] Leaving safepoint region
[2019-06-24T10:29:16.510+0000][1][safepoint    ] Total time for which application threads were stopped: 0.0002516 seconds, Stopping threads took: 0.0000634 seconds
[2019-06-24T10:29:17.511+0000][1][safepoint    ] Application time: 1.0002813 seconds
[2019-06-24T10:29:17.511+0000][1][safepoint    ] Entering safepoint region: Cleanup
[2019-06-24T10:29:17.511+0000][1][safepoint    ] Leaving safepoint region
[2019-06-24T10:29:17.511+0000][1][safepoint    ] Total time for which application threads were stopped: 0.0002393 seconds, Stopping threads took: 0.0000643 seconds
[2019-06-24T10:29:18.511+0000][1][safepoint    ] Application time: 1.0002716 seconds
[2019-06-24T10:29:18.512+0000][1][safepoint    ] Entering safepoint region: Cleanup
[2019-06-24T10:29:18.512+0000][1][safepoint    ] Leaving safepoint region
[2019-06-24T10:29:18.512+0000][1][safepoint    ] Total time for which application threads were stopped: 0.0002744 seconds, Stopping threads took: 0.0000968 seconds
[2019-06-24T10:29:19.512+0000][1][safepoint    ] Application time: 1.0001749 seconds
[2019-06-24T10:29:19.512+0000][1][safepoint    ] Entering safepoint region: Cleanup
[2019-06-24T10:29:19.512+0000][1][safepoint    ] Leaving safepoint region
[2019-06-24T10:29:19.512+0000][1][safepoint    ] Total time for which application threads were stopped: 0.0001727 seconds, Stopping threads took: 0.0000395 seconds
[2019-06-24T10:29:20.513+0000][1][safepoint    ] Application time: 1.0002856 seconds
[2019-06-24T10:29:20.513+0000][1][safepoint    ] Entering safepoint region: Cleanup
[2019-06-24T10:29:20.513+0000][1][safepoint    ] Leaving safepoint region
[2019-06-24T10:29:20.513+0000][1][safepoint    ] Total time for which application threads were stopped: 0.0003289 seconds, Stopping threads took: 0.0000723 seconds
[2019-06-24T10:29:21.513+0000][1][safepoint    ] Application time: 1.0003053 seconds
[2019-06-24T10:29:21.514+0000][1][safepoint    ] Entering safepoint region: Cleanup
[2019-06-24T10:29:21.514+0000][1][safepoint    ] Leaving safepoint region
[2019-06-24T10:29:21.514+0000][1][safepoint    ] Total time for which application threads were stopped: 0.0003525 seconds, Stopping threads took: 0.0000748 seconds
[2019-06-24T10:29:22.514+0000][1][safepoint    ] Application time: 1.0002865 seconds
[2019-06-24T10:29:22.514+0000][1][safepoint    ] Entering safepoint region: Cleanup
[2019-06-24T10:29:22.515+0000][1][safepoint    ] Leaving safepoint region
[2019-06-24T10:29:22.515+0000][1][safepoint    ] Total time for which application threads were stopped: 0.0004198 seconds, Stopping threads took: 0.0000790 seconds
[2019-06-24T10:29:22.523+0000][1][safepoint    ] Application time: 0.0079990 seconds
[2019-06-24T10:29:22.523+0000][1][safepoint    ] Entering safepoint region: GenCollectForAllocation
[2019-06-24T10:29:22.523+0000][1][gc,start     ] GC(35) Pause Young (Allocation Failure)
[2019-06-24T10:29:22.523+0000][1][gc,task      ] GC(35) Using 5 workers of 8 for evacuation
[2019-06-24T10:29:22.525+0000][1][gc,age       ] GC(35) Desired survivor size 4456448 bytes, new threshold 6 (max threshold 6)
[2019-06-24T10:29:22.525+0000][1][gc,age       ] GC(35) Age table with threshold 6 (max threshold 6)
[2019-06-24T10:29:22.525+0000][1][gc,age       ] GC(35) - age   1:       5904 bytes,       5904 total
[2019-06-24T10:29:22.525+0000][1][gc,age       ] GC(35) - age   2:        208 bytes,       6112 total
[2019-06-24T10:29:22.525+0000][1][gc,age       ] GC(35) - age   3:       1976 bytes,       8088 total
[2019-06-24T10:29:22.525+0000][1][gc,age       ] GC(35) - age   4:        704 bytes,       8792 total
[2019-06-24T10:29:22.525+0000][1][gc,age       ] GC(35) - age   5:        744 bytes,       9536 total
[2019-06-24T10:29:22.525+0000][1][gc,age       ] GC(35) - age   6:       3136 bytes,      12672 total
[2019-06-24T10:29:22.525+0000][1][gc,heap      ] GC(35) ParNew: 69974K->20K(78656K)
[2019-06-24T10:29:22.525+0000][1][gc,heap      ] GC(35) CMS: 69655K->69659K(174784K)
[2019-06-24T10:29:22.525+0000][1][gc,metaspace ] GC(35) Metaspace: 68056K->68056K(1112064K)
[2019-06-24T10:29:22.525+0000][1][gc           ] GC(35) Pause Young (Allocation Failure) 136M->68M(247M) 1.912ms
[2019-06-24T10:29:22.525+0000][1][gc,cpu       ] GC(35) User=0.01s Sys=0.00s Real=0.00s
[2019-06-24T10:29:22.525+0000][1][safepoint    ] Leaving safepoint region
[2019-06-24T10:29:22.525+0000][1][safepoint    ] Total time for which application threads were stopped: 0.0022577 seconds, Stopping threads took: 0.0000559 seconds
[2019-06-24T10:29:23.525+0000][1][safepoint    ] Application time: 1.0002677 seconds
[2019-06-24T10:29:23.526+0000][1][safepoint    ] Entering safepoint region: Cleanup
[2019-06-24T10:29:23.526+0000][1][safepoint    ] Leaving safepoint region
[2019-06-24T10:29:23.526+0000][1][safepoint    ] Total time for which application threads were stopped: 0.0002896 seconds, Stopping threads took: 0.0000787 seconds
[2019-06-24T10:29:24.526+0000][1][safepoint    ] Application time: 1.0002683 seconds
[2019-06-24T10:29:24.526+0000][1][safepoint    ] Entering safepoint region: Cleanup
[2019-06-24T10:29:24.527+0000][1][safepoint    ] Leaving safepoint region
[2019-06-24T10:29:24.527+0000][1][safepoint    ] Total time for which application threads were stopped: 0.0003808 seconds, Stopping threads took: 0.0000801 seconds
[2019-06-24T10:29:25.527+0000][1][safepoint    ] Application time: 1.0002767 seconds
[2019-06-24T10:29:25.527+0000][1][safepoint    ] Entering safepoint region: Cleanup
[2019-06-24T10:29:25.527+0000][1][safepoint    ] Leaving safepoint region
[2019-06-24T10:29:25.527+0000][1][safepoint    ] Total time for which application threads were stopped: 0.0003738 seconds, Stopping threads took: 0.0001056 seconds
[2019-06-24T10:29:26.528+0000][1][safepoint    ] Application time: 1.0002603 seconds
[2019-06-24T10:29:26.528+0000][1][safepoint    ] Entering safepoint region: Cleanup
[2019-06-24T10:29:26.528+0000][1][safepoint    ] Leaving safepoint region
[2019-06-24T10:29:26.528+0000][1][safepoint    ] Total time for which application threads were stopped: 0.0003080 seconds, Stopping threads took: 0.0000639 seconds
[2019-06-24T10:29:27.528+0000][1][safepoint    ] Application time: 1.0001995 seconds
[2019-06-24T10:29:27.529+0000][1][safepoint    ] Entering safepoint region: Cleanup
[2019-06-24T10:29:27.529+0000][1][safepoint    ] Leaving safepoint region
[2019-06-24T10:29:27.529+0000][1][safepoint    ] Total time for which application threads were stopped: 0.0003138 seconds, Stopping threads took: 0.0001238 seconds
[2019-06-24T10:29:28.529+0000][1][safepoint    ] Application time: 1.0001619 seconds
[2019-06-24T10:29:28.529+0000][1][safepoint    ] Entering safepoint region: Cleanup
[2019-06-24T10:29:28.529+0000][1][safepoint    ] Leaving safepoint region
[2019-06-24T10:29:28.529+0000][1][safepoint    ] Total time for which application threads were stopped: 0.0001005 seconds, Stopping threads took: 0.0000255 seconds
[2019-06-24T10:29:29.529+0000][1][safepoint    ] Application time: 1.0001608 seconds
[2019-06-24T10:29:29.529+0000][1][safepoint    ] Entering safepoint region: Cleanup
[2019-06-24T10:29:29.530+0000][1][safepoint    ] Leaving safepoint region
[2019-06-24T10:29:29.530+0000][1][safepoint    ] Total time for which application threads were stopped: 0.0002382 seconds, Stopping threads took: 0.0000614 seconds
[2019-06-24T10:29:30.530+0000][1][safepoint    ] Application time: 1.0001481 seconds
[2019-06-24T10:29:30.530+0000][1][safepoint    ] Entering safepoint region: Cleanup
[2019-06-24T10:29:30.530+0000][1][safepoint    ] Leaving safepoint region
[2019-06-24T10:29:30.530+0000][1][safepoint    ] Total time for which application threads were stopped: 0.0001779 seconds, Stopping threads took: 0.0000593 seconds
[2019-06-24T10:29:31.530+0000][1][safepoint    ] Application time: 1.0001265 seconds
[2019-06-24T10:29:31.530+0000][1][safepoint    ] Entering safepoint region: Cleanup
[2019-06-24T10:29:31.531+0000][1][safepoint    ] Leaving safepoint region
[2019-06-24T10:29:31.531+0000][1][safepoint    ] Total time for which application threads were stopped: 0.0003706 seconds, Stopping threads took: 0.0000879 seconds
[2019-06-24T10:29:32.531+0000][1][safepoint    ] Application time: 1.0001333 seconds
[2019-06-24T10:29:32.531+0000][1][safepoint    ] Entering safepoint region: Cleanup
[2019-06-24T10:29:32.531+0000][1][safepoint    ] Leaving safepoint region
[2019-06-24T10:29:32.531+0000][1][safepoint    ] Total time for which application threads were stopped: 0.0003879 seconds, Stopping threads took: 0.0001139 seconds
[2019-06-24T10:29:33.532+0000][1][safepoint    ] Application time: 1.0002543 seconds
[2019-06-24T10:29:33.532+0000][1][safepoint    ] Entering safepoint region: Cleanup
[2019-06-24T10:29:33.532+0000][1][safepoint    ] Leaving safepoint region
[2019-06-24T10:29:33.532+0000][1][safepoint    ] Total time for which application threads were stopped: 0.0002890 seconds, Stopping threads took: 0.0000729 seconds
[2019-06-24T10:29:34.532+0000][1][safepoint    ] Application time: 1.0002836 seconds
[2019-06-24T10:29:34.533+0000][1][safepoint    ] Entering safepoint region: Cleanup
[2019-06-24T10:29:34.533+0000][1][safepoint    ] Leaving safepoint region
[2019-06-24T10:29:34.533+0000][1][safepoint    ] Total time for which application threads were stopped: 0.0003493 seconds, Stopping threads took: 0.0000735 seconds
[2019-06-24T10:29:35.533+0000][1][safepoint    ] Application time: 1.0002660 seconds
[2019-06-24T10:29:35.533+0000][1][safepoint    ] Entering safepoint region: Cleanup
[2019-06-24T10:29:35.534+0000][1][safepoint    ] Leaving safepoint region
[2019-06-24T10:29:35.534+0000][1][safepoint    ] Total time for which application threads were stopped: 0.0002494 seconds, Stopping threads took: 0.0000641 seconds
[2019-06-24T10:29:36.534+0000][1][safepoint    ] Application time: 1.0002467 seconds
[2019-06-24T10:29:36.534+0000][1][safepoint    ] Entering safepoint region: Cleanup
[2019-06-24T10:29:36.534+0000][1][safepoint    ] Leaving safepoint region
[2019-06-24T10:29:36.534+0000][1][safepoint    ] Total time for which application threads were stopped: 0.0002458 seconds, Stopping threads took: 0.0000640 seconds
[2019-06-24T10:29:37.534+0000][1][safepoint    ] Application time: 1.0001347 seconds
[2019-06-24T10:29:37.535+0000][1][safepoint    ] Entering safepoint region: Cleanup
[2019-06-24T10:29:37.535+0000][1][safepoint    ] Leaving safepoint region
[2019-06-24T10:29:37.535+0000][1][safepoint    ] Total time for which application threads were stopped: 0.0002339 seconds, Stopping threads took: 0.0000655 seconds
[2019-06-24T10:29:38.535+0000][1][safepoint    ] Application time: 1.0002306 seconds
[2019-06-24T10:29:38.535+0000][1][safepoint    ] Entering safepoint region: Cleanup
[2019-06-24T10:29:38.535+0000][1][safepoint    ] Leaving safepoint region
[2019-06-24T10:29:38.535+0000][1][safepoint    ] Total time for which application threads were stopped: 0.0002217 seconds, Stopping threads took: 0.0000589 seconds
[2019-06-24T10:29:39.536+0000][1][safepoint    ] Application time: 1.0002127 seconds
[2019-06-24T10:29:39.536+0000][1][safepoint    ] Entering safepoint region: Cleanup
[2019-06-24T10:29:39.536+0000][1][safepoint    ] Leaving safepoint region
[2019-06-24T10:29:39.536+0000][1][safepoint    ] Total time for which application threads were stopped: 0.0002647 seconds, Stopping threads took: 0.0000973 seconds
[2019-06-24T10:29:40.536+0000][1][safepoint    ] Application time: 1.0002237 seconds
[2019-06-24T10:29:40.536+0000][1][safepoint    ] Entering safepoint region: Cleanup
[2019-06-24T10:29:40.537+0000][1][safepoint    ] Leaving safepoint region
[2019-06-24T10:29:40.537+0000][1][safepoint    ] Total time for which application threads were stopped: 0.0002521 seconds, Stopping threads took: 0.0000660 seconds
[2019-06-24T10:29:41.537+0000][1][safepoint    ] Application time: 1.0002615 seconds
[2019-06-24T10:29:41.537+0000][1][safepoint    ] Entering safepoint region: Cleanup
[2019-06-24T10:29:41.537+0000][1][safepoint    ] Leaving safepoint region
[2019-06-24T10:29:41.537+0000][1][safepoint    ] Total time for which application threads were stopped: 0.0002485 seconds, Stopping threads took: 0.0000645 seconds
[2019-06-24T10:29:42.538+0000][1][safepoint    ] Application time: 1.0002158 seconds
[2019-06-24T10:29:42.538+0000][1][safepoint    ] Entering safepoint region: Cleanup
[2019-06-24T10:29:42.538+0000][1][safepoint    ] Leaving safepoint region
[2019-06-24T10:29:42.538+0000][1][safepoint    ] Total time for which application threads were stopped: 0.0002491 seconds, Stopping threads took: 0.0000649 seconds
[2019-06-24T10:29:43.538+0000][1][safepoint    ] Application time: 1.0002400 seconds
[2019-06-24T10:29:43.538+0000][1][safepoint    ] Entering safepoint region: Cleanup
[2019-06-24T10:29:43.539+0000][1][safepoint    ] Leaving safepoint region
[2019-06-24T10:29:43.539+0000][1][safepoint    ] Total time for which application threads were stopped: 0.0003269 seconds, Stopping threads took: 0.0000650 seconds
[2019-06-24T10:29:44.539+0000][1][safepoint    ] Application time: 1.0001507 seconds
[2019-06-24T10:29:44.539+0000][1][safepoint    ] Entering safepoint region: Cleanup
[2019-06-24T10:29:44.539+0000][1][safepoint    ] Leaving safepoint region
[2019-06-24T10:29:44.539+0000][1][safepoint    ] Total time for which application threads were stopped: 0.0002554 seconds, Stopping threads took: 0.0000682 seconds
[2019-06-24T10:29:45.540+0000][1][safepoint    ] Application time: 1.0002323 seconds
[2019-06-24T10:29:45.540+0000][1][safepoint    ] Entering safepoint region: Cleanup
[2019-06-24T10:29:45.540+0000][1][safepoint    ] Leaving safepoint region
[2019-06-24T10:29:45.540+0000][1][safepoint    ] Total time for which application threads were stopped: 0.0002752 seconds, Stopping threads took: 0.0000634 seconds
[2019-06-24T10:29:46.540+0000][1][safepoint    ] Application time: 1.0002660 seconds
[2019-06-24T10:29:46.540+0000][1][safepoint    ] Entering safepoint region: Cleanup
[2019-06-24T10:29:46.541+0000][1][safepoint    ] Leaving safepoint region
[2019-06-24T10:29:46.541+0000][1][safepoint    ] Total time for which application threads were stopped: 0.0002508 seconds, Stopping threads took: 0.0000645 seconds
[2019-06-24T10:29:47.541+0000][1][safepoint    ] Application time: 1.0002456 seconds
[2019-06-24T10:29:47.541+0000][1][safepoint    ] Entering safepoint region: Cleanup
[2019-06-24T10:29:47.541+0000][1][safepoint    ] Leaving safepoint region
[2019-06-24T10:29:47.541+0000][1][safepoint    ] Total time for which application threads were stopped: 0.0002481 seconds, Stopping threads took: 0.0000648 seconds
[2019-06-24T10:29:48.541+0000][1][safepoint    ] Application time: 1.0002332 seconds
[2019-06-24T10:29:48.542+0000][1][safepoint    ] Entering safepoint region: Cleanup
[2019-06-24T10:29:48.542+0000][1][safepoint    ] Leaving safepoint region
[2019-06-24T10:29:48.542+0000][1][safepoint    ] Total time for which application threads were stopped: 0.0002418 seconds, Stopping threads took: 0.0000625 seconds
[2019-06-24T10:29:49.542+0000][1][safepoint    ] Application time: 1.0001679 seconds
[2019-06-24T10:29:49.542+0000][1][safepoint    ] Entering safepoint region: Cleanup
[2019-06-24T10:29:49.542+0000][1][safepoint    ] Leaving safepoint region
[2019-06-24T10:29:49.542+0000][1][safepoint    ] Total time for which application threads were stopped: 0.0002409 seconds, Stopping threads took: 0.0000650 seconds
[2019-06-24T10:29:50.543+0000][1][safepoint    ] Application time: 1.0002892 seconds
[2019-06-24T10:29:50.543+0000][1][safepoint    ] Entering safepoint region: Cleanup
[2019-06-24T10:29:50.543+0000][1][safepoint    ] Leaving safepoint region
[2019-06-24T10:29:50.543+0000][1][safepoint    ] Total time for which application threads were stopped: 0.0002445 seconds, Stopping threads took: 0.0000625 seconds
[2019-06-24T10:29:51.543+0000][1][safepoint    ] Application time: 1.0002691 seconds
[2019-06-24T10:29:51.543+0000][1][safepoint    ] Entering safepoint region: Cleanup
[2019-06-24T10:29:51.544+0000][1][safepoint    ] Leaving safepoint region
[2019-06-24T10:29:51.544+0000][1][safepoint    ] Total time for which application threads were stopped: 0.0002438 seconds, Stopping threads took: 0.0000637 seconds
[2019-06-24T10:29:52.544+0000][1][safepoint    ] Application time: 1.0002839 seconds
[2019-06-24T10:29:52.544+0000][1][safepoint    ] Entering safepoint region: Cleanup
[2019-06-24T10:29:52.544+0000][1][safepoint    ] Leaving safepoint region
[2019-06-24T10:29:52.544+0000][1][safepoint    ] Total time for which application threads were stopped: 0.0002895 seconds, Stopping threads took: 0.0000650 seconds
[2019-06-24T10:29:53.545+0000][1][safepoint    ] Application time: 1.0001328 seconds
[2019-06-24T10:29:53.545+0000][1][safepoint    ] Entering safepoint region: Cleanup
[2019-06-24T10:29:53.545+0000][1][safepoint    ] Leaving safepoint region
[2019-06-24T10:29:53.545+0000][1][safepoint    ] Total time for which application threads were stopped: 0.0001199 seconds, Stopping threads took: 0.0000335 seconds
[2019-06-24T10:29:54.545+0000][1][safepoint    ] Application time: 1.0001882 seconds
[2019-06-24T10:29:54.545+0000][1][safepoint    ] Entering safepoint region: Cleanup
[2019-06-24T10:29:54.545+0000][1][safepoint    ] Leaving safepoint region
[2019-06-24T10:29:54.545+0000][1][safepoint    ] Total time for which application threads were stopped: 0.0002375 seconds, Stopping threads took: 0.0000625 seconds
[2019-06-24T10:29:55.546+0000][1][safepoint    ] Application time: 1.0002687 seconds
[2019-06-24T10:29:55.546+0000][1][safepoint    ] Entering safepoint region: Cleanup
[2019-06-24T10:29:55.546+0000][1][safepoint    ] Leaving safepoint region
[2019-06-24T10:29:55.546+0000][1][safepoint    ] Total time for which application threads were stopped: 0.0002446 seconds, Stopping threads took: 0.0000670 seconds
[2019-06-24T10:29:56.546+0000][1][safepoint    ] Application time: 1.0002985 seconds
[2019-06-24T10:29:56.546+0000][1][safepoint    ] Entering safepoint region: Cleanup
[2019-06-24T10:29:56.546+0000][1][safepoint    ] Leaving safepoint region
[2019-06-24T10:29:56.546+0000][1][safepoint    ] Total time for which application threads were stopped: 0.0000940 seconds, Stopping threads took: 0.0000241 seconds
[2019-06-24T10:29:57.547+0000][1][safepoint    ] Application time: 1.0002799 seconds
[2019-06-24T10:29:57.547+0000][1][safepoint    ] Entering safepoint region: Cleanup
[2019-06-24T10:29:57.547+0000][1][safepoint    ] Leaving safepoint region
[2019-06-24T10:29:57.547+0000][1][safepoint    ] Total time for which application threads were stopped: 0.0002809 seconds, Stopping threads took: 0.0000735 seconds
[2019-06-24T10:29:58.547+0000][1][safepoint    ] Application time: 1.0002235 seconds
[2019-06-24T10:29:58.548+0000][1][safepoint    ] Entering safepoint region: Cleanup
[2019-06-24T10:29:58.548+0000][1][safepoint    ] Leaving safepoint region
[2019-06-24T10:29:58.548+0000][1][safepoint    ] Total time for which application threads were stopped: 0.0002434 seconds, Stopping threads took: 0.0000648 seconds
[2019-06-24T10:29:59.548+0000][1][safepoint    ] Application time: 1.0001501 seconds
[2019-06-24T10:29:59.548+0000][1][safepoint    ] Entering safepoint region: Cleanup
[2019-06-24T10:29:59.548+0000][1][safepoint    ] Leaving safepoint region
[2019-06-24T10:29:59.548+0000][1][safepoint    ] Total time for which application threads were stopped: 0.0003539 seconds, Stopping threads took: 0.0000853 seconds
[2019-06-24T10:30:00.549+0000][1][safepoint    ] Application time: 1.0002868 seconds
[2019-06-24T10:30:00.549+0000][1][safepoint    ] Entering safepoint region: Cleanup
[2019-06-24T10:30:00.549+0000][1][safepoint    ] Leaving safepoint region
[2019-06-24T10:30:00.549+0000][1][safepoint    ] Total time for which application threads were stopped: 0.0002798 seconds, Stopping threads took: 0.0000720 seconds
[2019-06-24T10:30:01.549+0000][1][safepoint    ] Application time: 1.0002815 seconds
[2019-06-24T10:30:01.550+0000][1][safepoint    ] Entering safepoint region: Cleanup
[2019-06-24T10:30:01.550+0000][1][safepoint    ] Leaving safepoint region
[2019-06-24T10:30:01.550+0000][1][safepoint    ] Total time for which application threads were stopped: 0.0002789 seconds, Stopping threads took: 0.0001064 seconds
[2019-06-24T10:30:02.550+0000][1][safepoint    ] Application time: 1.0002161 seconds
[2019-06-24T10:30:02.550+0000][1][safepoint    ] Entering safepoint region: Cleanup
[2019-06-24T10:30:02.551+0000][1][safepoint    ] Leaving safepoint region
[2019-06-24T10:30:02.551+0000][1][safepoint    ] Total time for which application threads were stopped: 0.0003777 seconds, Stopping threads took: 0.0000746 seconds
[2019-06-24T10:30:03.551+0000][1][safepoint    ] Application time: 1.0002791 seconds
[2019-06-24T10:30:03.551+0000][1][safepoint    ] Entering safepoint region: Cleanup
[2019-06-24T10:30:03.551+0000][1][safepoint    ] Leaving safepoint region
[2019-06-24T10:30:03.551+0000][1][safepoint    ] Total time for which application threads were stopped: 0.0002354 seconds, Stopping threads took: 0.0000646 seconds
[2019-06-24T10:30:04.552+0000][1][safepoint    ] Application time: 1.0002196 seconds
[2019-06-24T10:30:04.552+0000][1][safepoint    ] Entering safepoint region: Cleanup
[2019-06-24T10:30:04.552+0000][1][safepoint    ] Leaving safepoint region
[2019-06-24T10:30:04.552+0000][1][safepoint    ] Total time for which application threads were stopped: 0.0002444 seconds, Stopping threads took: 0.0000644 seconds
[2019-06-24T10:30:05.552+0000][1][safepoint    ] Application time: 1.0002782 seconds
[2019-06-24T10:30:05.552+0000][1][safepoint    ] Entering safepoint region: Cleanup
[2019-06-24T10:30:05.552+0000][1][safepoint    ] Leaving safepoint region
[2019-06-24T10:30:05.552+0000][1][safepoint    ] Total time for which application threads were stopped: 0.0001007 seconds, Stopping threads took: 0.0000278 seconds
[2019-06-24T10:30:06.553+0000][1][safepoint    ] Application time: 1.0002443 seconds
[2019-06-24T10:30:06.553+0000][1][safepoint    ] Entering safepoint region: Cleanup
[2019-06-24T10:30:06.553+0000][1][safepoint    ] Leaving safepoint region
[2019-06-24T10:30:06.553+0000][1][safepoint    ] Total time for which application threads were stopped: 0.0002418 seconds, Stopping threads took: 0.0000644 seconds
[2019-06-24T10:30:07.553+0000][1][safepoint    ] Application time: 1.0001119 seconds
[2019-06-24T10:30:07.553+0000][1][safepoint    ] Entering safepoint region: Cleanup
[2019-06-24T10:30:07.553+0000][1][safepoint    ] Leaving safepoint region
[2019-06-24T10:30:07.553+0000][1][safepoint    ] Total time for which application threads were stopped: 0.0001304 seconds, Stopping threads took: 0.0000339 seconds
[2019-06-24T10:30:08.554+0000][1][safepoint    ] Application time: 1.0001996 seconds
[2019-06-24T10:30:08.554+0000][1][safepoint    ] Entering safepoint region: Cleanup
[2019-06-24T10:30:08.554+0000][1][safepoint    ] Leaving safepoint region
[2019-06-24T10:30:08.554+0000][1][safepoint    ] Total time for which application threads were stopped: 0.0004944 seconds, Stopping threads took: 0.0001028 seconds
[2019-06-24T10:30:09.554+0000][1][safepoint    ] Application time: 1.0002270 seconds
[2019-06-24T10:30:09.555+0000][1][safepoint    ] Entering safepoint region: Cleanup
[2019-06-24T10:30:09.555+0000][1][safepoint    ] Leaving safepoint region
[2019-06-24T10:30:09.555+0000][1][safepoint    ] Total time for which application threads were stopped: 0.0002595 seconds, Stopping threads took: 0.0000762 seconds
[2019-06-24T10:30:10.555+0000][1][safepoint    ] Application time: 1.0002459 seconds
[2019-06-24T10:30:10.555+0000][1][safepoint    ] Entering safepoint region: Cleanup
[2019-06-24T10:30:10.555+0000][1][safepoint    ] Leaving safepoint region
[2019-06-24T10:30:10.556+0000][1][safepoint    ] Total time for which application threads were stopped: 0.0002708 seconds, Stopping threads took: 0.0000744 seconds
[2019-06-24T10:30:11.556+0000][1][safepoint    ] Application time: 1.0001748 seconds
[2019-06-24T10:30:11.556+0000][1][safepoint    ] Entering safepoint region: Cleanup
[2019-06-24T10:30:11.556+0000][1][safepoint    ] Leaving safepoint region
[2019-06-24T10:30:11.556+0000][1][safepoint    ] Total time for which application threads were stopped: 0.0002316 seconds, Stopping threads took: 0.0000627 seconds
[2019-06-24T10:30:12.556+0000][1][safepoint    ] Application time: 1.0002050 seconds
[2019-06-24T10:30:12.556+0000][1][safepoint    ] Entering safepoint region: Cleanup
[2019-06-24T10:30:12.557+0000][1][safepoint    ] Leaving safepoint region
[2019-06-24T10:30:12.557+0000][1][safepoint    ] Total time for which application threads were stopped: 0.0002740 seconds, Stopping threads took: 0.0000747 seconds
[2019-06-24T10:30:13.557+0000][1][safepoint    ] Application time: 1.0002788 seconds
[2019-06-24T10:30:13.557+0000][1][safepoint    ] Entering safepoint region: Cleanup
[2019-06-24T10:30:13.557+0000][1][safepoint    ] Leaving safepoint region
[2019-06-24T10:30:13.557+0000][1][safepoint    ] Total time for which application threads were stopped: 0.0002425 seconds, Stopping threads took: 0.0000645 seconds
[2019-06-24T10:30:14.558+0000][1][safepoint    ] Application time: 1.0002673 seconds
[2019-06-24T10:30:14.558+0000][1][safepoint    ] Entering safepoint region: Cleanup
[2019-06-24T10:30:14.558+0000][1][safepoint    ] Leaving safepoint region
[2019-06-24T10:30:14.558+0000][1][safepoint    ] Total time for which application threads were stopped: 0.0002727 seconds, Stopping threads took: 0.0000813 seconds
[2019-06-24T10:30:15.558+0000][1][safepoint    ] Application time: 1.0002159 seconds
[2019-06-24T10:30:15.559+0000][1][safepoint    ] Entering safepoint region: Cleanup
[2019-06-24T10:30:15.559+0000][1][safepoint    ] Leaving safepoint region
[2019-06-24T10:30:15.559+0000][1][safepoint    ] Total time for which application threads were stopped: 0.0002693 seconds, Stopping threads took: 0.0000800 seconds
[2019-06-24T10:30:16.559+0000][1][safepoint    ] Application time: 1.0002022 seconds
[2019-06-24T10:30:16.559+0000][1][safepoint    ] Entering safepoint region: Cleanup
[2019-06-24T10:30:16.559+0000][1][safepoint    ] Leaving safepoint region
[2019-06-24T10:30:16.559+0000][1][safepoint    ] Total time for which application threads were stopped: 0.0001618 seconds, Stopping threads took: 0.0000603 seconds
[2019-06-24T10:30:17.560+0000][1][safepoint    ] Application time: 1.0002683 seconds
[2019-06-24T10:30:17.560+0000][1][safepoint    ] Entering safepoint region: Cleanup
[2019-06-24T10:30:17.560+0000][1][safepoint    ] Leaving safepoint region
[2019-06-24T10:30:17.560+0000][1][safepoint    ] Total time for which application threads were stopped: 0.0002440 seconds, Stopping threads took: 0.0000650 seconds
[2019-06-24T10:30:18.560+0000][1][safepoint    ] Application time: 1.0001964 seconds
[2019-06-24T10:30:18.560+0000][1][safepoint    ] Entering safepoint region: Cleanup
[2019-06-24T10:30:18.561+0000][1][safepoint    ] Leaving safepoint region
[2019-06-24T10:30:18.561+0000][1][safepoint    ] Total time for which application threads were stopped: 0.0002384 seconds, Stopping threads took: 0.0000653 seconds
[2019-06-24T10:30:19.561+0000][1][safepoint    ] Application time: 1.0001985 seconds
[2019-06-24T10:30:19.561+0000][1][safepoint    ] Entering safepoint region: Cleanup
[2019-06-24T10:30:19.561+0000][1][safepoint    ] Leaving safepoint region
[2019-06-24T10:30:19.561+0000][1][safepoint    ] Total time for which application threads were stopped: 0.0002347 seconds, Stopping threads took: 0.0000641 seconds
[2019-06-24T10:30:20.774+0000][1][safepoint    ] Application time: 1.2127604 seconds
[2019-06-24T10:30:20.774+0000][1][safepoint    ] Entering safepoint region: Cleanup
[2019-06-24T10:30:20.774+0000][1][safepoint    ] Leaving safepoint region
[2019-06-24T10:30:20.774+0000][1][safepoint    ] Total time for which application threads were stopped: 0.0001283 seconds, Stopping threads took: 0.0000315 seconds
[2019-06-24T10:30:21.774+0000][1][safepoint    ] Application time: 1.0002470 seconds
[2019-06-24T10:30:21.775+0000][1][safepoint    ] Entering safepoint region: Cleanup
[2019-06-24T10:30:21.775+0000][1][safepoint    ] Leaving safepoint region
[2019-06-24T10:30:21.775+0000][1][safepoint    ] Total time for which application threads were stopped: 0.0002712 seconds, Stopping threads took: 0.0000788 seconds
[2019-06-24T10:30:22.775+0000][1][safepoint    ] Application time: 1.0002325 seconds
[2019-06-24T10:30:22.775+0000][1][safepoint    ] Entering safepoint region: Cleanup
[2019-06-24T10:30:22.775+0000][1][safepoint    ] Leaving safepoint region
[2019-06-24T10:30:22.776+0000][1][safepoint    ] Total time for which application threads were stopped: 0.0002250 seconds, Stopping threads took: 0.0000592 seconds
[2019-06-24T10:30:23.776+0000][1][safepoint    ] Application time: 1.0001354 seconds
[2019-06-24T10:30:23.776+0000][1][safepoint    ] Entering safepoint region: Cleanup
[2019-06-24T10:30:23.776+0000][1][safepoint    ] Leaving safepoint region
[2019-06-24T10:30:23.776+0000][1][safepoint    ] Total time for which application threads were stopped: 0.0002344 seconds, Stopping threads took: 0.0000625 seconds
[2019-06-24T10:30:24.776+0000][1][safepoint    ] Application time: 1.0001395 seconds
[2019-06-24T10:30:24.777+0000][1][safepoint    ] Entering safepoint region: Cleanup
[2019-06-24T10:30:24.777+0000][1][safepoint    ] Leaving safepoint region
[2019-06-24T10:30:24.777+0000][1][safepoint    ] Total time for which application threads were stopped: 0.0004445 seconds, Stopping threads took: 0.0002467 seconds
[2019-06-24T10:30:25.777+0000][1][safepoint    ] Application time: 1.0001884 seconds
[2019-06-24T10:30:25.777+0000][1][safepoint    ] Entering safepoint region: Cleanup
[2019-06-24T10:30:25.777+0000][1][safepoint    ] Leaving safepoint region
[2019-06-24T10:30:25.777+0000][1][safepoint    ] Total time for which application threads were stopped: 0.0002570 seconds, Stopping threads took: 0.0000895 seconds
[2019-06-24T10:30:26.778+0000][1][safepoint    ] Application time: 1.0001573 seconds
[2019-06-24T10:30:26.778+0000][1][safepoint    ] Entering safepoint region: Cleanup
[2019-06-24T10:30:26.778+0000][1][safepoint    ] Leaving safepoint region
[2019-06-24T10:30:26.778+0000][1][safepoint    ] Total time for which application threads were stopped: 0.0002390 seconds, Stopping threads took: 0.0000635 seconds
[2019-06-24T10:30:27.778+0000][1][safepoint    ] Application time: 1.0001887 seconds
[2019-06-24T10:30:27.778+0000][1][safepoint    ] Entering safepoint region: Cleanup
[2019-06-24T10:30:27.779+0000][1][safepoint    ] Leaving safepoint region
[2019-06-24T10:30:27.779+0000][1][safepoint    ] Total time for which application threads were stopped: 0.0004203 seconds, Stopping threads took: 0.0001871 seconds
[2019-06-24T10:30:28.779+0000][1][safepoint    ] Application time: 1.0001469 seconds
[2019-06-24T10:30:28.779+0000][1][safepoint    ] Entering safepoint region: Cleanup
[2019-06-24T10:30:28.779+0000][1][safepoint    ] Leaving safepoint region
[2019-06-24T10:30:28.779+0000][1][safepoint    ] Total time for which application threads were stopped: 0.0002224 seconds, Stopping threads took: 0.0000607 seconds
[2019-06-24T10:30:29.779+0000][1][safepoint    ] Application time: 1.0002107 seconds
[2019-06-24T10:30:29.780+0000][1][safepoint    ] Entering safepoint region: Cleanup
[2019-06-24T10:30:29.780+0000][1][safepoint    ] Leaving safepoint region
[2019-06-24T10:30:29.780+0000][1][safepoint    ] Total time for which application threads were stopped: 0.0002189 seconds, Stopping threads took: 0.0000601 seconds
[2019-06-24T10:30:30.780+0000][1][safepoint    ] Application time: 1.0001748 seconds
[2019-06-24T10:30:30.780+0000][1][safepoint    ] Entering safepoint region: Cleanup
[2019-06-24T10:30:30.780+0000][1][safepoint    ] Leaving safepoint region
[2019-06-24T10:30:30.780+0000][1][safepoint    ] Total time for which application threads were stopped: 0.0002238 seconds, Stopping threads took: 0.0000616 seconds
[2019-06-24T10:30:31.781+0000][1][safepoint    ] Application time: 1.0002231 seconds
[2019-06-24T10:30:31.781+0000][1][safepoint    ] Entering safepoint region: Cleanup
[2019-06-24T10:30:31.781+0000][1][safepoint    ] Leaving safepoint region
[2019-06-24T10:30:31.781+0000][1][safepoint    ] Total time for which application threads were stopped: 0.0003695 seconds, Stopping threads took: 0.0000661 seconds
[2019-06-24T10:30:32.781+0000][1][safepoint    ] Application time: 1.0002409 seconds
[2019-06-24T10:30:32.781+0000][1][safepoint    ] Entering safepoint region: Cleanup
[2019-06-24T10:30:32.782+0000][1][safepoint    ] Leaving safepoint region
[2019-06-24T10:30:32.782+0000][1][safepoint    ] Total time for which application threads were stopped: 0.0003316 seconds, Stopping threads took: 0.0001152 seconds
[2019-06-24T10:30:33.782+0000][1][safepoint    ] Application time: 1.0002591 seconds
[2019-06-24T10:30:33.782+0000][1][safepoint    ] Entering safepoint region: Cleanup
[2019-06-24T10:30:33.782+0000][1][safepoint    ] Leaving safepoint region
[2019-06-24T10:30:33.782+0000][1][safepoint    ] Total time for which application threads were stopped: 0.0002251 seconds, Stopping threads took: 0.0000614 seconds
[2019-06-24T10:30:34.783+0000][1][safepoint    ] Application time: 1.0002368 seconds
[2019-06-24T10:30:34.783+0000][1][safepoint    ] Entering safepoint region: Cleanup
[2019-06-24T10:30:34.783+0000][1][safepoint    ] Leaving safepoint region
[2019-06-24T10:30:34.783+0000][1][safepoint    ] Total time for which application threads were stopped: 0.0001697 seconds, Stopping threads took: 0.0000461 seconds
[2019-06-24T10:30:35.783+0000][1][safepoint    ] Application time: 1.0001302 seconds
[2019-06-24T10:30:35.783+0000][1][safepoint    ] Entering safepoint region: Cleanup
[2019-06-24T10:30:35.783+0000][1][safepoint    ] Leaving safepoint region
[2019-06-24T10:30:35.783+0000][1][safepoint    ] Total time for which application threads were stopped: 0.0002265 seconds, Stopping threads took: 0.0000637 seconds
[2019-06-24T10:30:36.784+0000][1][safepoint    ] Application time: 1.0001541 seconds
[2019-06-24T10:30:36.784+0000][1][safepoint    ] Entering safepoint region: Cleanup
[2019-06-24T10:30:36.784+0000][1][safepoint    ] Leaving safepoint region
[2019-06-24T10:30:36.784+0000][1][safepoint    ] Total time for which application threads were stopped: 0.0006102 seconds, Stopping threads took: 0.0000738 seconds
[2019-06-24T10:30:37.785+0000][1][safepoint    ] Application time: 1.0002714 seconds
[2019-06-24T10:30:37.785+0000][1][safepoint    ] Entering safepoint region: Cleanup
[2019-06-24T10:30:37.785+0000][1][safepoint    ] Leaving safepoint region
[2019-06-24T10:30:37.785+0000][1][safepoint    ] Total time for which application threads were stopped: 0.0003007 seconds, Stopping threads took: 0.0000620 seconds
[2019-06-24T10:30:38.785+0000][1][safepoint    ] Application time: 1.0001888 seconds
[2019-06-24T10:30:38.785+0000][1][safepoint    ] Entering safepoint region: Cleanup
[2019-06-24T10:30:38.786+0000][1][safepoint    ] Leaving safepoint region
[2019-06-24T10:30:38.786+0000][1][safepoint    ] Total time for which application threads were stopped: 0.0002274 seconds, Stopping threads took: 0.0000614 seconds
[2019-06-24T10:30:39.786+0000][1][safepoint    ] Application time: 1.0001953 seconds
[2019-06-24T10:30:39.786+0000][1][safepoint    ] Entering safepoint region: Cleanup
[2019-06-24T10:30:39.786+0000][1][safepoint    ] Leaving safepoint region
[2019-06-24T10:30:39.786+0000][1][safepoint    ] Total time for which application threads were stopped: 0.0002270 seconds, Stopping threads took: 0.0000615 seconds
[2019-06-24T10:30:40.787+0000][1][safepoint    ] Application time: 1.0003555 seconds
[2019-06-24T10:30:40.787+0000][1][safepoint    ] Entering safepoint region: Cleanup
[2019-06-24T10:30:40.787+0000][1][safepoint    ] Leaving safepoint region
[2019-06-24T10:30:40.787+0000][1][safepoint    ] Total time for which application threads were stopped: 0.0002569 seconds, Stopping threads took: 0.0000644 seconds
[2019-06-24T10:30:41.787+0000][1][safepoint    ] Application time: 1.0001696 seconds
[2019-06-24T10:30:41.787+0000][1][safepoint    ] Entering safepoint region: Cleanup
[2019-06-24T10:30:41.787+0000][1][safepoint    ] Leaving safepoint region
[2019-06-24T10:30:41.788+0000][1][safepoint    ] Total time for which application threads were stopped: 0.0002554 seconds, Stopping threads took: 0.0000635 seconds
[2019-06-24T10:30:42.788+0000][1][safepoint    ] Application time: 1.0002366 seconds
[2019-06-24T10:30:42.788+0000][1][safepoint    ] Entering safepoint region: Cleanup
[2019-06-24T10:30:42.788+0000][1][safepoint    ] Leaving safepoint region
[2019-06-24T10:30:42.788+0000][1][safepoint    ] Total time for which application threads were stopped: 0.0002815 seconds, Stopping threads took: 0.0000615 seconds
[2019-06-24T10:30:43.788+0000][1][safepoint    ] Application time: 1.0002449 seconds
[2019-06-24T10:30:43.789+0000][1][safepoint    ] Entering safepoint region: Cleanup
[2019-06-24T10:30:43.789+0000][1][safepoint    ] Leaving safepoint region
[2019-06-24T10:30:43.789+0000][1][safepoint    ] Total time for which application threads were stopped: 0.0002870 seconds, Stopping threads took: 0.0000614 seconds
[2019-06-24T10:30:44.789+0000][1][safepoint    ] Application time: 1.0002370 seconds
[2019-06-24T10:30:44.789+0000][1][safepoint    ] Entering safepoint region: Cleanup
[2019-06-24T10:30:44.790+0000][1][safepoint    ] Leaving safepoint region
[2019-06-24T10:30:44.790+0000][1][safepoint    ] Total time for which application threads were stopped: 0.0002668 seconds, Stopping threads took: 0.0000657 seconds
[2019-06-24T10:30:45.790+0000][1][safepoint    ] Application time: 1.0001874 seconds
[2019-06-24T10:30:45.790+0000][1][safepoint    ] Entering safepoint region: Cleanup
[2019-06-24T10:30:45.790+0000][1][safepoint    ] Leaving safepoint region
[2019-06-24T10:30:45.790+0000][1][safepoint    ] Total time for which application threads were stopped: 0.0002232 seconds, Stopping threads took: 0.0000624 seconds
[2019-06-24T10:30:46.790+0000][1][safepoint    ] Application time: 1.0002674 seconds
[2019-06-24T10:30:46.791+0000][1][safepoint    ] Entering safepoint region: Cleanup
[2019-06-24T10:30:46.792+0000][1][safepoint    ] Leaving safepoint region
[2019-06-24T10:30:46.792+0000][1][safepoint    ] Total time for which application threads were stopped: 0.0011557 seconds, Stopping threads took: 0.0009288 seconds
[2019-06-24T10:30:47.792+0000][1][safepoint    ] Application time: 1.0002684 seconds
[2019-06-24T10:30:47.792+0000][1][safepoint    ] Entering safepoint region: Cleanup
[2019-06-24T10:30:47.792+0000][1][safepoint    ] Leaving safepoint region
[2019-06-24T10:30:47.792+0000][1][safepoint    ] Total time for which application threads were stopped: 0.0002588 seconds, Stopping threads took: 0.0000952 seconds
[2019-06-24T10:30:48.793+0000][1][safepoint    ] Application time: 1.0002369 seconds
[2019-06-24T10:30:48.793+0000][1][safepoint    ] Entering safepoint region: Cleanup
[2019-06-24T10:30:48.793+0000][1][safepoint    ] Leaving safepoint region
[2019-06-24T10:30:48.793+0000][1][safepoint    ] Total time for which application threads were stopped: 0.0001694 seconds, Stopping threads took: 0.0000463 seconds
[2019-06-24T10:30:49.793+0000][1][safepoint    ] Application time: 1.0002597 seconds
[2019-06-24T10:30:49.793+0000][1][safepoint    ] Entering safepoint region: Cleanup
[2019-06-24T10:30:49.794+0000][1][safepoint    ] Leaving safepoint region
[2019-06-24T10:30:49.794+0000][1][safepoint    ] Total time for which application threads were stopped: 0.0002271 seconds, Stopping threads took: 0.0000636 seconds
[2019-06-24T10:30:50.794+0000][1][safepoint    ] Application time: 1.0002714 seconds
[2019-06-24T10:30:50.794+0000][1][safepoint    ] Entering safepoint region: Cleanup
[2019-06-24T10:30:50.794+0000][1][safepoint    ] Leaving safepoint region
[2019-06-24T10:30:50.794+0000][1][safepoint    ] Total time for which application threads were stopped: 0.0002318 seconds, Stopping threads took: 0.0000639 seconds
[2019-06-24T10:30:51.795+0000][1][safepoint    ] Application time: 1.0002069 seconds
[2019-06-24T10:30:51.795+0000][1][safepoint    ] Entering safepoint region: Cleanup
[2019-06-24T10:30:51.796+0000][1][safepoint    ] Leaving safepoint region
[2019-06-24T10:30:51.796+0000][1][safepoint    ] Total time for which application threads were stopped: 0.0011930 seconds, Stopping threads took: 0.0009323 seconds
[2019-06-24T10:30:52.796+0000][1][safepoint    ] Application time: 1.0002709 seconds
[2019-06-24T10:30:52.796+0000][1][safepoint    ] Entering safepoint region: Cleanup
[2019-06-24T10:30:52.796+0000][1][safepoint    ] Leaving safepoint region
[2019-06-24T10:30:52.796+0000][1][safepoint    ] Total time for which application threads were stopped: 0.0002321 seconds, Stopping threads took: 0.0000633 seconds
[2019-06-24T10:30:53.797+0000][1][safepoint    ] Application time: 1.0002651 seconds
[2019-06-24T10:30:53.797+0000][1][safepoint    ] Entering safepoint region: Cleanup
[2019-06-24T10:30:53.797+0000][1][safepoint    ] Leaving safepoint region
[2019-06-24T10:30:53.797+0000][1][safepoint    ] Total time for which application threads were stopped: 0.0002342 seconds, Stopping threads took: 0.0000656 seconds
[2019-06-24T10:30:54.797+0000][1][safepoint    ] Application time: 1.0002592 seconds
[2019-06-24T10:30:54.798+0000][1][safepoint    ] Entering safepoint region: Cleanup
[2019-06-24T10:30:54.798+0000][1][safepoint    ] Leaving safepoint region
[2019-06-24T10:30:54.798+0000][1][safepoint    ] Total time for which application threads were stopped: 0.0002636 seconds, Stopping threads took: 0.0000953 seconds
[2019-06-24T10:30:55.798+0000][1][safepoint    ] Application time: 1.0002673 seconds
[2019-06-24T10:30:55.798+0000][1][safepoint    ] Entering safepoint region: Cleanup
[2019-06-24T10:30:55.798+0000][1][safepoint    ] Leaving safepoint region
[2019-06-24T10:30:55.798+0000][1][safepoint    ] Total time for which application threads were stopped: 0.0002289 seconds, Stopping threads took: 0.0000619 seconds
[2019-06-24T10:30:56.799+0000][1][safepoint    ] Application time: 1.0001778 seconds
[2019-06-24T10:30:56.799+0000][1][safepoint    ] Entering safepoint region: Cleanup
[2019-06-24T10:30:56.800+0000][1][safepoint    ] Leaving safepoint region
[2019-06-24T10:30:56.800+0000][1][safepoint    ] Total time for which application threads were stopped: 0.0011738 seconds, Stopping threads took: 0.0009529 seconds
[2019-06-24T10:30:57.800+0000][1][safepoint    ] Application time: 1.0002666 seconds
[2019-06-24T10:30:57.800+0000][1][safepoint    ] Entering safepoint region: Cleanup
[2019-06-24T10:30:57.801+0000][1][safepoint    ] Leaving safepoint region
[2019-06-24T10:30:57.801+0000][1][safepoint    ] Total time for which application threads were stopped: 0.0002320 seconds, Stopping threads took: 0.0000623 seconds
[2019-06-24T10:30:58.801+0000][1][safepoint    ] Application time: 1.0002385 seconds
[2019-06-24T10:30:58.801+0000][1][safepoint    ] Entering safepoint region: Cleanup
[2019-06-24T10:30:58.801+0000][1][safepoint    ] Leaving safepoint region
[2019-06-24T10:30:58.801+0000][1][safepoint    ] Total time for which application threads were stopped: 0.0002144 seconds, Stopping threads took: 0.0000598 seconds
[2019-06-24T10:30:59.802+0000][1][safepoint    ] Application time: 1.0002601 seconds
[2019-06-24T10:30:59.802+0000][1][safepoint    ] Entering safepoint region: Cleanup
[2019-06-24T10:30:59.802+0000][1][safepoint    ] Leaving safepoint region
[2019-06-24T10:30:59.802+0000][1][safepoint    ] Total time for which application threads were stopped: 0.0002284 seconds, Stopping threads took: 0.0000618 seconds
[2019-06-24T10:31:00.802+0000][1][safepoint    ] Application time: 1.0000920 seconds
[2019-06-24T10:31:00.802+0000][1][safepoint    ] Entering safepoint region: Cleanup
[2019-06-24T10:31:00.802+0000][1][safepoint    ] Leaving safepoint region
[2019-06-24T10:31:00.802+0000][1][safepoint    ] Total time for which application threads were stopped: 0.0001507 seconds, Stopping threads took: 0.0000423 seconds
[2019-06-24T10:31:01.802+0000][1][safepoint    ] Application time: 1.0001533 seconds
[2019-06-24T10:31:01.803+0000][1][safepoint    ] Entering safepoint region: Cleanup
[2019-06-24T10:31:01.803+0000][1][safepoint    ] Leaving safepoint region
[2019-06-24T10:31:01.803+0000][1][safepoint    ] Total time for which application threads were stopped: 0.0008927 seconds, Stopping threads took: 0.0007883 seconds
[2019-06-24T10:31:02.804+0000][1][safepoint    ] Application time: 1.0001777 seconds
[2019-06-24T10:31:02.804+0000][1][safepoint    ] Entering safepoint region: Cleanup
[2019-06-24T10:31:02.804+0000][1][safepoint    ] Leaving safepoint region
[2019-06-24T10:31:02.804+0000][1][safepoint    ] Total time for which application threads were stopped: 0.0002334 seconds, Stopping threads took: 0.0000639 seconds
[2019-06-24T10:31:03.804+0000][1][safepoint    ] Application time: 1.0001992 seconds
[2019-06-24T10:31:03.804+0000][1][safepoint    ] Entering safepoint region: Cleanup
[2019-06-24T10:31:03.804+0000][1][safepoint    ] Leaving safepoint region
[2019-06-24T10:31:03.804+0000][1][safepoint    ] Total time for which application threads were stopped: 0.0001142 seconds, Stopping threads took: 0.0000314 seconds
[2019-06-24T10:31:04.805+0000][1][safepoint    ] Application time: 1.0002505 seconds
[2019-06-24T10:31:04.805+0000][1][safepoint    ] Entering safepoint region: Cleanup
[2019-06-24T10:31:04.805+0000][1][safepoint    ] Leaving safepoint region
[2019-06-24T10:31:04.805+0000][1][safepoint    ] Total time for which application threads were stopped: 0.0002711 seconds, Stopping threads took: 0.0000998 seconds
[2019-06-24T10:31:05.805+0000][1][safepoint    ] Application time: 1.0002647 seconds
[2019-06-24T10:31:05.805+0000][1][safepoint    ] Entering safepoint region: Cleanup
[2019-06-24T10:31:05.806+0000][1][safepoint    ] Leaving safepoint region
[2019-06-24T10:31:05.806+0000][1][safepoint    ] Total time for which application threads were stopped: 0.0002293 seconds, Stopping threads took: 0.0000640 seconds
[2019-06-24T10:31:06.806+0000][1][safepoint    ] Application time: 1.0002741 seconds
[2019-06-24T10:31:06.806+0000][1][safepoint    ] Entering safepoint region: Cleanup
[2019-06-24T10:31:06.807+0000][1][safepoint    ] Leaving safepoint region
[2019-06-24T10:31:06.807+0000][1][safepoint    ] Total time for which application threads were stopped: 0.0005349 seconds, Stopping threads took: 0.0002124 seconds
[2019-06-24T10:31:07.807+0000][1][safepoint    ] Application time: 1.0001358 seconds
[2019-06-24T10:31:07.807+0000][1][safepoint    ] Entering safepoint region: Cleanup
[2019-06-24T10:31:07.807+0000][1][safepoint    ] Leaving safepoint region
[2019-06-24T10:31:07.807+0000][1][safepoint    ] Total time for which application threads were stopped: 0.0002119 seconds, Stopping threads took: 0.0000517 seconds
[2019-06-24T10:31:08.807+0000][1][safepoint    ] Application time: 1.0002695 seconds
[2019-06-24T10:31:08.808+0000][1][safepoint    ] Entering safepoint region: Cleanup
[2019-06-24T10:31:08.808+0000][1][safepoint    ] Leaving safepoint region
[2019-06-24T10:31:08.808+0000][1][safepoint    ] Total time for which application threads were stopped: 0.0002564 seconds, Stopping threads took: 0.0000625 seconds
[2019-06-24T10:31:09.808+0000][1][safepoint    ] Application time: 1.0002734 seconds
[2019-06-24T10:31:09.808+0000][1][safepoint    ] Entering safepoint region: Cleanup
[2019-06-24T10:31:09.808+0000][1][safepoint    ] Leaving safepoint region
[2019-06-24T10:31:09.808+0000][1][safepoint    ] Total time for which application threads were stopped: 0.0002928 seconds, Stopping threads took: 0.0000618 seconds
[2019-06-24T10:31:10.809+0000][1][safepoint    ] Application time: 1.0001976 seconds
[2019-06-24T10:31:10.809+0000][1][safepoint    ] Entering safepoint region: Cleanup
[2019-06-24T10:31:10.809+0000][1][safepoint    ] Leaving safepoint region
[2019-06-24T10:31:10.809+0000][1][safepoint    ] Total time for which application threads were stopped: 0.0002433 seconds, Stopping threads took: 0.0000652 seconds
[2019-06-24T10:31:11.809+0000][1][safepoint    ] Application time: 1.0001420 seconds
[2019-06-24T10:31:11.809+0000][1][safepoint    ] Entering safepoint region: Cleanup
[2019-06-24T10:31:11.811+0000][1][safepoint    ] Leaving safepoint region
[2019-06-24T10:31:11.811+0000][1][safepoint    ] Total time for which application threads were stopped: 0.0012821 seconds, Stopping threads took: 0.0009627 seconds
[2019-06-24T10:31:12.811+0000][1][safepoint    ] Application time: 1.0001506 seconds
[2019-06-24T10:31:12.811+0000][1][safepoint    ] Entering safepoint region: Cleanup
[2019-06-24T10:31:12.811+0000][1][safepoint    ] Leaving safepoint region
[2019-06-24T10:31:12.811+0000][1][safepoint    ] Total time for which application threads were stopped: 0.0002308 seconds, Stopping threads took: 0.0000611 seconds
[2019-06-24T10:31:13.812+0000][1][safepoint    ] Application time: 1.0003100 seconds
[2019-06-24T10:31:13.812+0000][1][safepoint    ] Entering safepoint region: Cleanup
[2019-06-24T10:31:13.812+0000][1][safepoint    ] Leaving safepoint region
[2019-06-24T10:31:13.812+0000][1][safepoint    ] Total time for which application threads were stopped: 0.0000920 seconds, Stopping threads took: 0.0000246 seconds
[2019-06-24T10:31:14.812+0000][1][safepoint    ] Application time: 1.0001519 seconds
[2019-06-24T10:31:14.812+0000][1][safepoint    ] Entering safepoint region: Cleanup
[2019-06-24T10:31:14.812+0000][1][safepoint    ] Leaving safepoint region
[2019-06-24T10:31:14.812+0000][1][safepoint    ] Total time for which application threads were stopped: 0.0001697 seconds, Stopping threads took: 0.0000627 seconds
[2019-06-24T10:31:15.812+0000][1][safepoint    ] Application time: 1.0002563 seconds
[2019-06-24T10:31:15.812+0000][1][safepoint    ] Entering safepoint region: Cleanup
[2019-06-24T10:31:15.813+0000][1][safepoint    ] Leaving safepoint region
[2019-06-24T10:31:15.813+0000][1][safepoint    ] Total time for which application threads were stopped: 0.0002200 seconds, Stopping threads took: 0.0000621 seconds
[2019-06-24T10:31:16.813+0000][1][safepoint    ] Application time: 1.0002610 seconds
[2019-06-24T10:31:16.813+0000][1][safepoint    ] Entering safepoint region: Cleanup
[2019-06-24T10:31:16.814+0000][1][safepoint    ] Leaving safepoint region
[2019-06-24T10:31:16.814+0000][1][safepoint    ] Total time for which application threads were stopped: 0.0011028 seconds, Stopping threads took: 0.0009406 seconds
[2019-06-24T10:31:17.815+0000][1][safepoint    ] Application time: 1.0003324 seconds
[2019-06-24T10:31:17.815+0000][1][safepoint    ] Entering safepoint region: Cleanup
[2019-06-24T10:31:17.815+0000][1][safepoint    ] Leaving safepoint region
[2019-06-24T10:31:17.815+0000][1][safepoint    ] Total time for which application threads were stopped: 0.0002527 seconds, Stopping threads took: 0.0000982 seconds
[2019-06-24T10:31:18.815+0000][1][safepoint    ] Application time: 1.0002451 seconds
[2019-06-24T10:31:18.815+0000][1][safepoint    ] Entering safepoint region: Cleanup
[2019-06-24T10:31:18.815+0000][1][safepoint    ] Leaving safepoint region
[2019-06-24T10:31:18.816+0000][1][safepoint    ] Total time for which application threads were stopped: 0.0002233 seconds, Stopping threads took: 0.0000643 seconds
[2019-06-24T10:31:19.816+0000][1][safepoint    ] Application time: 1.0002428 seconds
[2019-06-24T10:31:19.816+0000][1][safepoint    ] Entering safepoint region: Cleanup
[2019-06-24T10:31:19.816+0000][1][safepoint    ] Leaving safepoint region
[2019-06-24T10:31:19.816+0000][1][safepoint    ] Total time for which application threads were stopped: 0.0002235 seconds, Stopping threads took: 0.0000635 seconds
[2019-06-24T10:31:20.816+0000][1][safepoint    ] Application time: 1.0002773 seconds
[2019-06-24T10:31:20.817+0000][1][safepoint    ] Entering safepoint region: Cleanup
[2019-06-24T10:31:20.817+0000][1][safepoint    ] Leaving safepoint region
[2019-06-24T10:31:20.817+0000][1][safepoint    ] Total time for which application threads were stopped: 0.0002410 seconds, Stopping threads took: 0.0000646 seconds
[2019-06-24T10:31:21.817+0000][1][safepoint    ] Application time: 1.0001617 seconds
[2019-06-24T10:31:21.817+0000][1][safepoint    ] Entering safepoint region: Cleanup
[2019-06-24T10:31:21.817+0000][1][safepoint    ] Leaving safepoint region
[2019-06-24T10:31:21.817+0000][1][safepoint    ] Total time for which application threads were stopped: 0.0002288 seconds, Stopping threads took: 0.0000682 seconds
[2019-06-24T10:31:22.818+0000][1][safepoint    ] Application time: 1.0001379 seconds
[2019-06-24T10:31:22.818+0000][1][safepoint    ] Entering safepoint region: Cleanup
[2019-06-24T10:31:22.818+0000][1][safepoint    ] Leaving safepoint region
[2019-06-24T10:31:22.818+0000][1][safepoint    ] Total time for which application threads were stopped: 0.0002266 seconds, Stopping threads took: 0.0000648 seconds
[2019-06-24T10:31:23.818+0000][1][safepoint    ] Application time: 1.0002673 seconds
[2019-06-24T10:31:23.818+0000][1][safepoint    ] Entering safepoint region: Cleanup
[2019-06-24T10:31:23.818+0000][1][safepoint    ] Leaving safepoint region
[2019-06-24T10:31:23.819+0000][1][safepoint    ] Total time for which application threads were stopped: 0.0002943 seconds, Stopping threads took: 0.0000648 seconds
[2019-06-24T10:31:24.819+0000][1][safepoint    ] Application time: 1.0001457 seconds
[2019-06-24T10:31:24.819+0000][1][safepoint    ] Entering safepoint region: Cleanup
[2019-06-24T10:31:24.819+0000][1][safepoint    ] Leaving safepoint region
[2019-06-24T10:31:24.819+0000][1][safepoint    ] Total time for which application threads were stopped: 0.0002626 seconds, Stopping threads took: 0.0001025 seconds
[2019-06-24T10:31:25.819+0000][1][safepoint    ] Application time: 1.0001916 seconds
[2019-06-24T10:31:25.819+0000][1][safepoint    ] Entering safepoint region: Cleanup
[2019-06-24T10:31:25.820+0000][1][safepoint    ] Leaving safepoint region
[2019-06-24T10:31:25.820+0000][1][safepoint    ] Total time for which application threads were stopped: 0.0002248 seconds, Stopping threads took: 0.0000639 seconds
[2019-06-24T10:31:27.660+0000][1][safepoint    ] Application time: 1.8405741 seconds
[2019-06-24T10:31:27.660+0000][1][safepoint    ] Entering safepoint region: GenCollectForAllocation
[2019-06-24T10:31:27.660+0000][1][gc,start     ] GC(36) Pause Young (Allocation Failure)
[2019-06-24T10:31:27.660+0000][1][gc,task      ] GC(36) Using 5 workers of 8 for evacuation
[2019-06-24T10:31:27.661+0000][1][gc,age       ] GC(36) Desired survivor size 4456448 bytes, new threshold 6 (max threshold 6)
[2019-06-24T10:31:27.661+0000][1][gc,age       ] GC(36) Age table with threshold 6 (max threshold 6)
[2019-06-24T10:31:27.661+0000][1][gc,age       ] GC(36) - age   1:       4280 bytes,       4280 total
[2019-06-24T10:31:27.661+0000][1][gc,age       ] GC(36) - age   2:       1584 bytes,       5864 total
[2019-06-24T10:31:27.661+0000][1][gc,age       ] GC(36) - age   3:        176 bytes,       6040 total
[2019-06-24T10:31:27.662+0000][1][gc,age       ] GC(36) - age   4:       1976 bytes,       8016 total
[2019-06-24T10:31:27.662+0000][1][gc,age       ] GC(36) - age   5:        704 bytes,       8720 total
[2019-06-24T10:31:27.662+0000][1][gc,age       ] GC(36) - age   6:        744 bytes,       9464 total
[2019-06-24T10:31:27.662+0000][1][gc,heap      ] GC(36) ParNew: 69972K->15K(78656K)
[2019-06-24T10:31:27.662+0000][1][gc,heap      ] GC(36) CMS: 69659K->69662K(174784K)
[2019-06-24T10:31:27.662+0000][1][gc,metaspace ] GC(36) Metaspace: 68056K->68056K(1112064K)
[2019-06-24T10:31:27.662+0000][1][gc           ] GC(36) Pause Young (Allocation Failure) 136M->68M(247M) 1.140ms
[2019-06-24T10:31:27.662+0000][1][gc,cpu       ] GC(36) User=0.00s Sys=0.00s Real=0.00s
[2019-06-24T10:31:27.662+0000][1][safepoint    ] Leaving safepoint region
[2019-06-24T10:31:27.662+0000][1][safepoint    ] Total time for which application threads were stopped: 0.0013138 seconds, Stopping threads took: 0.0000211 seconds
[2019-06-24T10:31:28.662+0000][1][safepoint    ] Application time: 1.0002504 seconds
[2019-06-24T10:31:28.662+0000][1][safepoint    ] Entering safepoint region: Cleanup
[2019-06-24T10:31:28.662+0000][1][safepoint    ] Leaving safepoint region
[2019-06-24T10:31:28.662+0000][1][safepoint    ] Total time for which application threads were stopped: 0.0002306 seconds, Stopping threads took: 0.0000631 seconds
[2019-06-24T10:31:29.662+0000][1][safepoint    ] Application time: 1.0001416 seconds
[2019-06-24T10:31:29.663+0000][1][safepoint    ] Entering safepoint region: Cleanup
[2019-06-24T10:31:29.663+0000][1][safepoint    ] Leaving safepoint region
[2019-06-24T10:31:29.663+0000][1][safepoint    ] Total time for which application threads were stopped: 0.0002733 seconds, Stopping threads took: 0.0000802 seconds
[2019-06-24T10:31:30.663+0000][1][safepoint    ] Application time: 1.0001526 seconds
[2019-06-24T10:31:30.663+0000][1][safepoint    ] Entering safepoint region: Cleanup
[2019-06-24T10:31:30.663+0000][1][safepoint    ] Leaving safepoint region
[2019-06-24T10:31:30.663+0000][1][safepoint    ] Total time for which application threads were stopped: 0.0002259 seconds, Stopping threads took: 0.0000595 seconds
[2019-06-24T10:31:31.664+0000][1][safepoint    ] Application time: 1.0001530 seconds
[2019-06-24T10:31:31.664+0000][1][safepoint    ] Entering safepoint region: Cleanup
[2019-06-24T10:31:31.664+0000][1][safepoint    ] Leaving safepoint region
[2019-06-24T10:31:31.664+0000][1][safepoint    ] Total time for which application threads were stopped: 0.0002264 seconds, Stopping threads took: 0.0000621 seconds
[2019-06-24T10:31:32.664+0000][1][safepoint    ] Application time: 1.0001921 seconds
[2019-06-24T10:31:32.664+0000][1][safepoint    ] Entering safepoint region: Cleanup
[2019-06-24T10:31:32.664+0000][1][safepoint    ] Leaving safepoint region
[2019-06-24T10:31:32.665+0000][1][safepoint    ] Total time for which application threads were stopped: 0.0003008 seconds, Stopping threads took: 0.0001278 seconds
[2019-06-24T10:31:33.665+0000][1][safepoint    ] Application time: 1.0002711 seconds
[2019-06-24T10:31:33.665+0000][1][safepoint    ] Entering safepoint region: Cleanup
[2019-06-24T10:31:33.665+0000][1][safepoint    ] Leaving safepoint region
[2019-06-24T10:31:33.665+0000][1][safepoint    ] Total time for which application threads were stopped: 0.0002567 seconds, Stopping threads took: 0.0000944 seconds
[2019-06-24T10:31:34.665+0000][1][safepoint    ] Application time: 1.0002572 seconds
[2019-06-24T10:31:34.666+0000][1][safepoint    ] Entering safepoint region: Cleanup
[2019-06-24T10:31:34.666+0000][1][safepoint    ] Leaving safepoint region
[2019-06-24T10:31:34.666+0000][1][safepoint    ] Total time for which application threads were stopped: 0.0002284 seconds, Stopping threads took: 0.0000631 seconds
[2019-06-24T10:31:35.666+0000][1][safepoint    ] Application time: 1.0001865 seconds
[2019-06-24T10:31:35.666+0000][1][safepoint    ] Entering safepoint region: Cleanup
[2019-06-24T10:31:35.666+0000][1][safepoint    ] Leaving safepoint region
[2019-06-24T10:31:35.666+0000][1][safepoint    ] Total time for which application threads were stopped: 0.0002253 seconds, Stopping threads took: 0.0000639 seconds
[2019-06-24T10:31:36.667+0000][1][safepoint    ] Application time: 1.0003030 seconds
[2019-06-24T10:31:36.667+0000][1][safepoint    ] Entering safepoint region: Cleanup
[2019-06-24T10:31:36.667+0000][1][safepoint    ] Leaving safepoint region
[2019-06-24T10:31:36.667+0000][1][safepoint    ] Total time for which application threads were stopped: 0.0001968 seconds, Stopping threads took: 0.0000556 seconds
[2019-06-24T10:31:37.667+0000][1][safepoint    ] Application time: 1.0002530 seconds
[2019-06-24T10:31:37.667+0000][1][safepoint    ] Entering safepoint region: Cleanup
[2019-06-24T10:31:37.668+0000][1][safepoint    ] Leaving safepoint region
[2019-06-24T10:31:37.668+0000][1][safepoint    ] Total time for which application threads were stopped: 0.0002305 seconds, Stopping threads took: 0.0000645 seconds
[2019-06-24T10:31:38.668+0000][1][safepoint    ] Application time: 1.0002623 seconds
[2019-06-24T10:31:38.668+0000][1][safepoint    ] Entering safepoint region: Cleanup
[2019-06-24T10:31:38.668+0000][1][safepoint    ] Leaving safepoint region
[2019-06-24T10:31:38.668+0000][1][safepoint    ] Total time for which application threads were stopped: 0.0002288 seconds, Stopping threads took: 0.0000629 seconds
[2019-06-24T10:31:39.669+0000][1][safepoint    ] Application time: 1.0002612 seconds
[2019-06-24T10:31:39.669+0000][1][safepoint    ] Entering safepoint region: Cleanup
[2019-06-24T10:31:39.669+0000][1][safepoint    ] Leaving safepoint region
[2019-06-24T10:31:39.669+0000][1][safepoint    ] Total time for which application threads were stopped: 0.0002329 seconds, Stopping threads took: 0.0000628 seconds
[2019-06-24T10:31:40.669+0000][1][safepoint    ] Application time: 1.0002676 seconds
[2019-06-24T10:31:40.669+0000][1][safepoint    ] Entering safepoint region: Cleanup
[2019-06-24T10:31:40.670+0000][1][safepoint    ] Leaving safepoint region
[2019-06-24T10:31:40.670+0000][1][safepoint    ] Total time for which application threads were stopped: 0.0002295 seconds, Stopping threads took: 0.0000635 seconds
[2019-06-24T10:31:41.670+0000][1][safepoint    ] Application time: 1.0002624 seconds
[2019-06-24T10:31:41.670+0000][1][safepoint    ] Entering safepoint region: Cleanup
[2019-06-24T10:31:41.670+0000][1][safepoint    ] Leaving safepoint region
[2019-06-24T10:31:41.670+0000][1][safepoint    ] Total time for which application threads were stopped: 0.0003384 seconds, Stopping threads took: 0.0000960 seconds
[2019-06-24T10:31:42.671+0000][1][safepoint    ] Application time: 1.0002886 seconds
[2019-06-24T10:31:42.671+0000][1][safepoint    ] Entering safepoint region: Cleanup
[2019-06-24T10:31:42.671+0000][1][safepoint    ] Leaving safepoint region
[2019-06-24T10:31:42.671+0000][1][safepoint    ] Total time for which application threads were stopped: 0.0002172 seconds, Stopping threads took: 0.0000604 seconds
[2019-06-24T10:31:43.671+0000][1][safepoint    ] Application time: 1.0001246 seconds
[2019-06-24T10:31:43.671+0000][1][safepoint    ] Entering safepoint region: Cleanup
[2019-06-24T10:31:43.671+0000][1][safepoint    ] Leaving safepoint region
[2019-06-24T10:31:43.671+0000][1][safepoint    ] Total time for which application threads were stopped: 0.0002200 seconds, Stopping threads took: 0.0000621 seconds
[2019-06-24T10:31:44.672+0000][1][safepoint    ] Application time: 1.0001162 seconds
[2019-06-24T10:31:44.672+0000][1][safepoint    ] Entering safepoint region: Cleanup
[2019-06-24T10:31:44.672+0000][1][safepoint    ] Leaving safepoint region
[2019-06-24T10:31:44.672+0000][1][safepoint    ] Total time for which application threads were stopped: 0.0002130 seconds, Stopping threads took: 0.0000597 seconds
[2019-06-24T10:31:45.672+0000][1][safepoint    ] Application time: 1.0002302 seconds
[2019-06-24T10:31:45.672+0000][1][safepoint    ] Entering safepoint region: Cleanup
[2019-06-24T10:31:45.672+0000][1][safepoint    ] Leaving safepoint region
[2019-06-24T10:31:45.673+0000][1][safepoint    ] Total time for which application threads were stopped: 0.0002269 seconds, Stopping threads took: 0.0000634 seconds
[2019-06-24T10:31:46.673+0000][1][safepoint    ] Application time: 1.0002043 seconds
[2019-06-24T10:31:46.673+0000][1][safepoint    ] Entering safepoint region: Cleanup
[2019-06-24T10:31:46.673+0000][1][safepoint    ] Leaving safepoint region
[2019-06-24T10:31:46.673+0000][1][safepoint    ] Total time for which application threads were stopped: 0.0002114 seconds, Stopping threads took: 0.0000574 seconds
[2019-06-24T10:31:47.673+0000][1][safepoint    ] Application time: 1.0001837 seconds
[2019-06-24T10:31:47.673+0000][1][safepoint    ] Entering safepoint region: Cleanup
[2019-06-24T10:31:47.674+0000][1][safepoint    ] Leaving safepoint region
[2019-06-24T10:31:47.674+0000][1][safepoint    ] Total time for which application threads were stopped: 0.0002203 seconds, Stopping threads took: 0.0000605 seconds
[2019-06-24T10:31:48.674+0000][1][safepoint    ] Application time: 1.0002747 seconds
[2019-06-24T10:31:48.674+0000][1][safepoint    ] Entering safepoint region: Cleanup
[2019-06-24T10:31:48.674+0000][1][safepoint    ] Leaving safepoint region
[2019-06-24T10:31:48.674+0000][1][safepoint    ] Total time for which application threads were stopped: 0.0002263 seconds, Stopping threads took: 0.0000619 seconds
[2019-06-24T10:31:49.675+0000][1][safepoint    ] Application time: 1.0001873 seconds
[2019-06-24T10:31:49.675+0000][1][safepoint    ] Entering safepoint region: Cleanup
[2019-06-24T10:31:49.675+0000][1][safepoint    ] Leaving safepoint region
[2019-06-24T10:31:49.675+0000][1][safepoint    ] Total time for which application threads were stopped: 0.0002026 seconds, Stopping threads took: 0.0000563 seconds
[2019-06-24T10:31:50.675+0000][1][safepoint    ] Application time: 1.0002828 seconds
[2019-06-24T10:31:50.675+0000][1][safepoint    ] Entering safepoint region: Cleanup
[2019-06-24T10:31:50.675+0000][1][safepoint    ] Leaving safepoint region
[2019-06-24T10:31:50.676+0000][1][safepoint    ] Total time for which application threads were stopped: 0.0002632 seconds, Stopping threads took: 0.0000714 seconds
[2019-06-24T10:31:51.676+0000][1][safepoint    ] Application time: 1.0002606 seconds
[2019-06-24T10:31:51.676+0000][1][safepoint    ] Entering safepoint region: Cleanup
[2019-06-24T10:31:51.676+0000][1][safepoint    ] Leaving safepoint region
[2019-06-24T10:31:51.676+0000][1][safepoint    ] Total time for which application threads were stopped: 0.0002237 seconds, Stopping threads took: 0.0000623 seconds
[2019-06-24T10:31:52.676+0000][1][safepoint    ] Application time: 1.0002584 seconds
[2019-06-24T10:31:52.677+0000][1][safepoint    ] Entering safepoint region: Cleanup
[2019-06-24T10:31:52.677+0000][1][safepoint    ] Leaving safepoint region
[2019-06-24T10:31:52.677+0000][1][safepoint    ] Total time for which application threads were stopped: 0.0002398 seconds, Stopping threads took: 0.0000629 seconds
[2019-06-24T10:31:53.677+0000][1][safepoint    ] Application time: 1.0002140 seconds
[2019-06-24T10:31:53.677+0000][1][safepoint    ] Entering safepoint region: Cleanup
[2019-06-24T10:31:53.677+0000][1][safepoint    ] Leaving safepoint region
[2019-06-24T10:31:53.677+0000][1][safepoint    ] Total time for which application threads were stopped: 0.0002242 seconds, Stopping threads took: 0.0000620 seconds
[2019-06-24T10:31:54.678+0000][1][safepoint    ] Application time: 1.0002273 seconds
[2019-06-24T10:31:54.678+0000][1][safepoint    ] Entering safepoint region: Cleanup
[2019-06-24T10:31:54.678+0000][1][safepoint    ] Leaving safepoint region
[2019-06-24T10:31:54.678+0000][1][safepoint    ] Total time for which application threads were stopped: 0.0002718 seconds, Stopping threads took: 0.0000672 seconds
[2019-06-24T10:31:55.678+0000][1][safepoint    ] Application time: 1.0002686 seconds
[2019-06-24T10:31:55.679+0000][1][safepoint    ] Entering safepoint region: Cleanup
[2019-06-24T10:31:55.679+0000][1][safepoint    ] Leaving safepoint region
[2019-06-24T10:31:55.679+0000][1][safepoint    ] Total time for which application threads were stopped: 0.0002276 seconds, Stopping threads took: 0.0000702 seconds
[2019-06-24T10:31:56.679+0000][1][safepoint    ] Application time: 1.0001735 seconds
[2019-06-24T10:31:56.679+0000][1][safepoint    ] Entering safepoint region: Cleanup
[2019-06-24T10:31:56.679+0000][1][safepoint    ] Leaving safepoint region
[2019-06-24T10:31:56.679+0000][1][safepoint    ] Total time for which application threads were stopped: 0.0002281 seconds, Stopping threads took: 0.0000636 seconds
[2019-06-24T10:31:57.680+0000][1][safepoint    ] Application time: 1.0002426 seconds
[2019-06-24T10:31:57.680+0000][1][safepoint    ] Entering safepoint region: Cleanup
[2019-06-24T10:31:57.680+0000][1][safepoint    ] Leaving safepoint region
[2019-06-24T10:31:57.680+0000][1][safepoint    ] Total time for which application threads were stopped: 0.0002261 seconds, Stopping threads took: 0.0000629 seconds
[2019-06-24T10:31:58.680+0000][1][safepoint    ] Application time: 1.0002646 seconds
[2019-06-24T10:31:58.680+0000][1][safepoint    ] Entering safepoint region: Cleanup
[2019-06-24T10:31:58.681+0000][1][safepoint    ] Leaving safepoint region
[2019-06-24T10:31:58.681+0000][1][safepoint    ] Total time for which application threads were stopped: 0.0002300 seconds, Stopping threads took: 0.0000616 seconds
[2019-06-24T10:31:59.681+0000][1][safepoint    ] Application time: 1.0002641 seconds
[2019-06-24T10:31:59.681+0000][1][safepoint    ] Entering safepoint region: Cleanup
[2019-06-24T10:31:59.681+0000][1][safepoint    ] Leaving safepoint region
[2019-06-24T10:31:59.681+0000][1][safepoint    ] Total time for which application threads were stopped: 0.0002581 seconds, Stopping threads took: 0.0000945 seconds
[2019-06-24T10:32:00.681+0000][1][safepoint    ] Application time: 1.0001643 seconds
[2019-06-24T10:32:00.682+0000][1][safepoint    ] Entering safepoint region: Cleanup
[2019-06-24T10:32:00.682+0000][1][safepoint    ] Leaving safepoint region
[2019-06-24T10:32:00.682+0000][1][safepoint    ] Total time for which application threads were stopped: 0.0002251 seconds, Stopping threads took: 0.0000628 seconds
[2019-06-24T10:32:01.682+0000][1][safepoint    ] Application time: 1.0001385 seconds
[2019-06-24T10:32:01.682+0000][1][safepoint    ] Entering safepoint region: Cleanup
[2019-06-24T10:32:01.682+0000][1][safepoint    ] Leaving safepoint region
[2019-06-24T10:32:01.682+0000][1][safepoint    ] Total time for which application threads were stopped: 0.0002623 seconds, Stopping threads took: 0.0000721 seconds
[2019-06-24T10:32:02.683+0000][1][safepoint    ] Application time: 1.0002666 seconds
[2019-06-24T10:32:02.683+0000][1][safepoint    ] Entering safepoint region: Cleanup
[2019-06-24T10:32:02.683+0000][1][safepoint    ] Leaving safepoint region
[2019-06-24T10:32:02.683+0000][1][safepoint    ] Total time for which application threads were stopped: 0.0002268 seconds, Stopping threads took: 0.0000616 seconds
[2019-06-24T10:32:03.683+0000][1][safepoint    ] Application time: 1.0002459 seconds
[2019-06-24T10:32:03.683+0000][1][safepoint    ] Entering safepoint region: Cleanup
[2019-06-24T10:32:03.684+0000][1][safepoint    ] Leaving safepoint region
[2019-06-24T10:32:03.684+0000][1][safepoint    ] Total time for which application threads were stopped: 0.0002291 seconds, Stopping threads took: 0.0000640 seconds
[2019-06-24T10:32:04.684+0000][1][safepoint    ] Application time: 1.0002574 seconds
[2019-06-24T10:32:04.684+0000][1][safepoint    ] Entering safepoint region: Cleanup
[2019-06-24T10:32:04.684+0000][1][safepoint    ] Leaving safepoint region
[2019-06-24T10:32:04.684+0000][1][safepoint    ] Total time for which application threads were stopped: 0.0002288 seconds, Stopping threads took: 0.0000624 seconds
[2019-06-24T10:32:05.685+0000][1][safepoint    ] Application time: 1.0002637 seconds
[2019-06-24T10:32:05.685+0000][1][safepoint    ] Entering safepoint region: Cleanup
[2019-06-24T10:32:05.685+0000][1][safepoint    ] Leaving safepoint region
[2019-06-24T10:32:05.685+0000][1][safepoint    ] Total time for which application threads were stopped: 0.0002282 seconds, Stopping threads took: 0.0000624 seconds
[2019-06-24T10:32:06.685+0000][1][safepoint    ] Application time: 1.0002722 seconds
[2019-06-24T10:32:06.685+0000][1][safepoint    ] Entering safepoint region: Cleanup
[2019-06-24T10:32:06.685+0000][1][safepoint    ] Leaving safepoint region
[2019-06-24T10:32:06.686+0000][1][safepoint    ] Total time for which application threads were stopped: 0.0002894 seconds, Stopping threads took: 0.0000630 seconds
[2019-06-24T10:32:07.686+0000][1][safepoint    ] Application time: 1.0002671 seconds
[2019-06-24T10:32:07.686+0000][1][safepoint    ] Entering safepoint region: Cleanup
[2019-06-24T10:32:07.686+0000][1][safepoint    ] Leaving safepoint region
[2019-06-24T10:32:07.686+0000][1][safepoint    ] Total time for which application threads were stopped: 0.0002287 seconds, Stopping threads took: 0.0000631 seconds
[2019-06-24T10:32:08.686+0000][1][safepoint    ] Application time: 1.0001418 seconds
[2019-06-24T10:32:08.687+0000][1][safepoint    ] Entering safepoint region: Cleanup
[2019-06-24T10:32:08.687+0000][1][safepoint    ] Leaving safepoint region
[2019-06-24T10:32:08.687+0000][1][safepoint    ] Total time for which application threads were stopped: 0.0003640 seconds, Stopping threads took: 0.0000956 seconds
[2019-06-24T10:32:09.687+0000][1][safepoint    ] Application time: 1.0002527 seconds
[2019-06-24T10:32:09.687+0000][1][safepoint    ] Entering safepoint region: Cleanup
[2019-06-24T10:32:09.688+0000][1][safepoint    ] Leaving safepoint region
[2019-06-24T10:32:09.688+0000][1][safepoint    ] Total time for which application threads were stopped: 0.0002274 seconds, Stopping threads took: 0.0000669 seconds
[2019-06-24T10:32:10.688+0000][1][safepoint    ] Application time: 1.0002442 seconds
[2019-06-24T10:32:10.688+0000][1][safepoint    ] Entering safepoint region: Cleanup
[2019-06-24T10:32:10.688+0000][1][safepoint    ] Leaving safepoint region
[2019-06-24T10:32:10.688+0000][1][safepoint    ] Total time for which application threads were stopped: 0.0001993 seconds, Stopping threads took: 0.0000538 seconds
[2019-06-24T10:32:11.688+0000][1][safepoint    ] Application time: 1.0002328 seconds
[2019-06-24T10:32:11.689+0000][1][safepoint    ] Entering safepoint region: Cleanup
[2019-06-24T10:32:11.689+0000][1][safepoint    ] Leaving safepoint region
[2019-06-24T10:32:11.689+0000][1][safepoint    ] Total time for which application threads were stopped: 0.0002287 seconds, Stopping threads took: 0.0000619 seconds
[2019-06-24T10:32:12.689+0000][1][safepoint    ] Application time: 1.0001900 seconds
[2019-06-24T10:32:12.689+0000][1][safepoint    ] Entering safepoint region: Cleanup
[2019-06-24T10:32:12.689+0000][1][safepoint    ] Leaving safepoint region
[2019-06-24T10:32:12.689+0000][1][safepoint    ] Total time for which application threads were stopped: 0.0002115 seconds, Stopping threads took: 0.0000644 seconds
[2019-06-24T10:32:13.690+0000][1][safepoint    ] Application time: 1.0002631 seconds
[2019-06-24T10:32:13.690+0000][1][safepoint    ] Entering safepoint region: Cleanup
[2019-06-24T10:32:13.690+0000][1][safepoint    ] Leaving safepoint region
[2019-06-24T10:32:13.690+0000][1][safepoint    ] Total time for which application threads were stopped: 0.0002305 seconds, Stopping threads took: 0.0000632 seconds
[2019-06-24T10:32:14.690+0000][1][safepoint    ] Application time: 1.0001939 seconds
[2019-06-24T10:32:14.690+0000][1][safepoint    ] Entering safepoint region: Cleanup
[2019-06-24T10:32:14.691+0000][1][safepoint    ] Leaving safepoint region
[2019-06-24T10:32:14.691+0000][1][safepoint    ] Total time for which application threads were stopped: 0.0003800 seconds, Stopping threads took: 0.0000625 seconds
[2019-06-24T10:32:15.691+0000][1][safepoint    ] Application time: 1.0001414 seconds
[2019-06-24T10:32:15.691+0000][1][safepoint    ] Entering safepoint region: Cleanup
[2019-06-24T10:32:15.691+0000][1][safepoint    ] Leaving safepoint region
[2019-06-24T10:32:15.691+0000][1][safepoint    ] Total time for which application threads were stopped: 0.0002616 seconds, Stopping threads took: 0.0000623 seconds
[2019-06-24T10:32:16.692+0000][1][safepoint    ] Application time: 1.0002637 seconds
[2019-06-24T10:32:16.692+0000][1][safepoint    ] Entering safepoint region: Cleanup
[2019-06-24T10:32:16.692+0000][1][safepoint    ] Leaving safepoint region
[2019-06-24T10:32:16.692+0000][1][safepoint    ] Total time for which application threads were stopped: 0.0002293 seconds, Stopping threads took: 0.0000621 seconds
[2019-06-24T10:32:17.692+0000][1][safepoint    ] Application time: 1.0002630 seconds
[2019-06-24T10:32:17.692+0000][1][safepoint    ] Entering safepoint region: Cleanup
[2019-06-24T10:32:17.692+0000][1][safepoint    ] Leaving safepoint region
[2019-06-24T10:32:17.692+0000][1][safepoint    ] Total time for which application threads were stopped: 0.0002403 seconds, Stopping threads took: 0.0000720 seconds
[2019-06-24T10:32:18.693+0000][1][safepoint    ] Application time: 1.0002656 seconds
[2019-06-24T10:32:18.693+0000][1][safepoint    ] Entering safepoint region: Cleanup
[2019-06-24T10:32:18.693+0000][1][safepoint    ] Leaving safepoint region
[2019-06-24T10:32:18.693+0000][1][safepoint    ] Total time for which application threads were stopped: 0.0002253 seconds, Stopping threads took: 0.0000613 seconds
[2019-06-24T10:32:19.933+0000][1][safepoint    ] Application time: 1.2395434 seconds
[2019-06-24T10:32:19.933+0000][1][safepoint    ] Entering safepoint region: Cleanup
[2019-06-24T10:32:19.933+0000][1][safepoint    ] Leaving safepoint region
[2019-06-24T10:32:19.933+0000][1][safepoint    ] Total time for which application threads were stopped: 0.0002347 seconds, Stopping threads took: 0.0000601 seconds
[2019-06-24T10:32:20.933+0000][1][safepoint    ] Application time: 1.0001192 seconds
[2019-06-24T10:32:20.933+0000][1][safepoint    ] Entering safepoint region: Cleanup
[2019-06-24T10:32:20.933+0000][1][safepoint    ] Leaving safepoint region
[2019-06-24T10:32:20.933+0000][1][safepoint    ] Total time for which application threads were stopped: 0.0001427 seconds, Stopping threads took: 0.0000386 seconds
[2019-06-24T10:32:21.934+0000][1][safepoint    ] Application time: 1.0001294 seconds
[2019-06-24T10:32:21.934+0000][1][safepoint    ] Entering safepoint region: Cleanup
[2019-06-24T10:32:21.934+0000][1][safepoint    ] Leaving safepoint region
[2019-06-24T10:32:21.934+0000][1][safepoint    ] Total time for which application threads were stopped: 0.0002181 seconds, Stopping threads took: 0.0000587 seconds
[2019-06-24T10:32:22.934+0000][1][safepoint    ] Application time: 1.0001476 seconds
[2019-06-24T10:32:22.934+0000][1][safepoint    ] Entering safepoint region: Cleanup
[2019-06-24T10:32:22.935+0000][1][safepoint    ] Leaving safepoint region
[2019-06-24T10:32:22.935+0000][1][safepoint    ] Total time for which application threads were stopped: 0.0003802 seconds, Stopping threads took: 0.0000816 seconds
[2019-06-24T10:32:23.935+0000][1][safepoint    ] Application time: 1.0001387 seconds
[2019-06-24T10:32:23.935+0000][1][safepoint    ] Entering safepoint region: Cleanup
[2019-06-24T10:32:23.935+0000][1][safepoint    ] Leaving safepoint region
[2019-06-24T10:32:23.935+0000][1][safepoint    ] Total time for which application threads were stopped: 0.0002211 seconds, Stopping threads took: 0.0000603 seconds
[2019-06-24T10:32:24.935+0000][1][safepoint    ] Application time: 1.0002129 seconds
[2019-06-24T10:32:24.935+0000][1][safepoint    ] Entering safepoint region: Cleanup
[2019-06-24T10:32:24.936+0000][1][safepoint    ] Leaving safepoint region
[2019-06-24T10:32:24.936+0000][1][safepoint    ] Total time for which application threads were stopped: 0.0002222 seconds, Stopping threads took: 0.0000580 seconds
[2019-06-24T10:32:25.936+0000][1][safepoint    ] Application time: 1.0001411 seconds
[2019-06-24T10:32:25.936+0000][1][safepoint    ] Entering safepoint region: Cleanup
[2019-06-24T10:32:25.936+0000][1][safepoint    ] Leaving safepoint region
[2019-06-24T10:32:25.936+0000][1][safepoint    ] Total time for which application threads were stopped: 0.0003127 seconds, Stopping threads took: 0.0000853 seconds
[2019-06-24T10:32:26.936+0000][1][safepoint    ] Application time: 1.0001096 seconds
[2019-06-24T10:32:26.936+0000][1][safepoint    ] Entering safepoint region: Cleanup
[2019-06-24T10:32:26.937+0000][1][safepoint    ] Leaving safepoint region
[2019-06-24T10:32:26.937+0000][1][safepoint    ] Total time for which application threads were stopped: 0.0000908 seconds, Stopping threads took: 0.0000239 seconds
[2019-06-24T10:32:27.937+0000][1][safepoint    ] Application time: 1.0001406 seconds
[2019-06-24T10:32:27.937+0000][1][safepoint    ] Entering safepoint region: Cleanup
[2019-06-24T10:32:27.938+0000][1][safepoint    ] Leaving safepoint region
[2019-06-24T10:32:27.938+0000][1][safepoint    ] Total time for which application threads were stopped: 0.0014312 seconds, Stopping threads took: 0.0010781 seconds
[2019-06-24T10:32:28.939+0000][1][safepoint    ] Application time: 1.0002659 seconds
[2019-06-24T10:32:28.939+0000][1][safepoint    ] Entering safepoint region: Cleanup
[2019-06-24T10:32:28.939+0000][1][safepoint    ] Leaving safepoint region
[2019-06-24T10:32:28.939+0000][1][safepoint    ] Total time for which application threads were stopped: 0.0003073 seconds, Stopping threads took: 0.0000817 seconds
[2019-06-24T10:32:29.939+0000][1][safepoint    ] Application time: 1.0003049 seconds
[2019-06-24T10:32:29.940+0000][1][safepoint    ] Entering safepoint region: Cleanup
[2019-06-24T10:32:29.940+0000][1][safepoint    ] Leaving safepoint region
[2019-06-24T10:32:29.940+0000][1][safepoint    ] Total time for which application threads were stopped: 0.0002912 seconds, Stopping threads took: 0.0001114 seconds
[2019-06-24T10:32:30.940+0000][1][safepoint    ] Application time: 1.0002663 seconds
[2019-06-24T10:32:30.940+0000][1][safepoint    ] Entering safepoint region: Cleanup
[2019-06-24T10:32:30.940+0000][1][safepoint    ] Leaving safepoint region
[2019-06-24T10:32:30.941+0000][1][safepoint    ] Total time for which application threads were stopped: 0.0003016 seconds, Stopping threads took: 0.0000624 seconds
[2019-06-24T10:32:31.941+0000][1][safepoint    ] Application time: 1.0002611 seconds
[2019-06-24T10:32:31.941+0000][1][safepoint    ] Entering safepoint region: Cleanup
[2019-06-24T10:32:31.941+0000][1][safepoint    ] Leaving safepoint region
[2019-06-24T10:32:31.941+0000][1][safepoint    ] Total time for which application threads were stopped: 0.0002285 seconds, Stopping threads took: 0.0000615 seconds
[2019-06-24T10:32:32.942+0000][1][safepoint    ] Application time: 1.0002691 seconds
[2019-06-24T10:32:32.942+0000][1][safepoint    ] Entering safepoint region: Cleanup
[2019-06-24T10:32:32.942+0000][1][safepoint    ] Leaving safepoint region
[2019-06-24T10:32:32.942+0000][1][safepoint    ] Total time for which application threads were stopped: 0.0003202 seconds, Stopping threads took: 0.0000630 seconds
[2019-06-24T10:32:33.942+0000][1][safepoint    ] Application time: 1.0002833 seconds
[2019-06-24T10:32:33.942+0000][1][safepoint    ] Entering safepoint region: Cleanup
[2019-06-24T10:32:33.943+0000][1][safepoint    ] Leaving safepoint region
[2019-06-24T10:32:33.943+0000][1][safepoint    ] Total time for which application threads were stopped: 0.0002954 seconds, Stopping threads took: 0.0000603 seconds
[2019-06-24T10:32:34.943+0000][1][safepoint    ] Application time: 1.0002745 seconds
[2019-06-24T10:32:34.943+0000][1][safepoint    ] Entering safepoint region: Cleanup
[2019-06-24T10:32:34.943+0000][1][safepoint    ] Leaving safepoint region
[2019-06-24T10:32:34.943+0000][1][safepoint    ] Total time for which application threads were stopped: 0.0002957 seconds, Stopping threads took: 0.0000627 seconds
[2019-06-24T10:32:35.944+0000][1][safepoint    ] Application time: 1.0001368 seconds
[2019-06-24T10:32:35.944+0000][1][safepoint    ] Entering safepoint region: Cleanup
[2019-06-24T10:32:35.944+0000][1][safepoint    ] Leaving safepoint region
[2019-06-24T10:32:35.944+0000][1][safepoint    ] Total time for which application threads were stopped: 0.0000733 seconds, Stopping threads took: 0.0000209 seconds
[2019-06-24T10:32:36.944+0000][1][safepoint    ] Application time: 1.0002515 seconds
[2019-06-24T10:32:36.944+0000][1][safepoint    ] Entering safepoint region: Cleanup
[2019-06-24T10:32:36.944+0000][1][safepoint    ] Leaving safepoint region
[2019-06-24T10:32:36.944+0000][1][safepoint    ] Total time for which application threads were stopped: 0.0002324 seconds, Stopping threads took: 0.0000641 seconds
[2019-06-24T10:32:37.945+0000][1][safepoint    ] Application time: 1.0002653 seconds
[2019-06-24T10:32:37.945+0000][1][safepoint    ] Entering safepoint region: Cleanup
[2019-06-24T10:32:37.945+0000][1][safepoint    ] Leaving safepoint region
[2019-06-24T10:32:37.945+0000][1][safepoint    ] Total time for which application threads were stopped: 0.0002717 seconds, Stopping threads took: 0.0000782 seconds
[2019-06-24T10:32:38.945+0000][1][safepoint    ] Application time: 1.0002646 seconds
[2019-06-24T10:32:38.945+0000][1][safepoint    ] Entering safepoint region: Cleanup
[2019-06-24T10:32:38.946+0000][1][safepoint    ] Leaving safepoint region
[2019-06-24T10:32:38.946+0000][1][safepoint    ] Total time for which application threads were stopped: 0.0002721 seconds, Stopping threads took: 0.0000785 seconds
[2019-06-24T10:32:39.946+0000][1][safepoint    ] Application time: 1.0004610 seconds
[2019-06-24T10:32:39.946+0000][1][safepoint    ] Entering safepoint region: Cleanup
[2019-06-24T10:32:39.946+0000][1][safepoint    ] Leaving safepoint region
[2019-06-24T10:32:39.946+0000][1][safepoint    ] Total time for which application threads were stopped: 0.0000989 seconds, Stopping threads took: 0.0000332 seconds
[2019-06-24T10:32:40.947+0000][1][safepoint    ] Application time: 1.0002525 seconds
[2019-06-24T10:32:40.947+0000][1][safepoint    ] Entering safepoint region: Cleanup
[2019-06-24T10:32:40.947+0000][1][safepoint    ] Leaving safepoint region
[2019-06-24T10:32:40.947+0000][1][safepoint    ] Total time for which application threads were stopped: 0.0003055 seconds, Stopping threads took: 0.0000632 seconds
[2019-06-24T10:32:42.748+0000][1][safepoint    ] Application time: 1.8009407 seconds
[2019-06-24T10:32:42.748+0000][1][safepoint    ] Entering safepoint region: Cleanup
[2019-06-24T10:32:42.748+0000][1][safepoint    ] Leaving safepoint region
[2019-06-24T10:32:42.748+0000][1][safepoint    ] Total time for which application threads were stopped: 0.0000980 seconds, Stopping threads took: 0.0000255 seconds
[2019-06-24T10:32:43.748+0000][1][safepoint    ] Application time: 1.0002355 seconds
[2019-06-24T10:32:43.748+0000][1][safepoint    ] Entering safepoint region: Cleanup
[2019-06-24T10:32:43.749+0000][1][safepoint    ] Leaving safepoint region
[2019-06-24T10:32:43.749+0000][1][safepoint    ] Total time for which application threads were stopped: 0.0002608 seconds, Stopping threads took: 0.0000980 seconds
[2019-06-24T10:32:44.749+0000][1][safepoint    ] Application time: 1.0002578 seconds
[2019-06-24T10:32:44.749+0000][1][safepoint    ] Entering safepoint region: Cleanup
[2019-06-24T10:32:44.749+0000][1][safepoint    ] Leaving safepoint region
[2019-06-24T10:32:44.749+0000][1][safepoint    ] Total time for which application threads were stopped: 0.0002283 seconds, Stopping threads took: 0.0000623 seconds
[2019-06-24T10:32:45.750+0000][1][safepoint    ] Application time: 1.0001310 seconds
[2019-06-24T10:32:45.750+0000][1][safepoint    ] Entering safepoint region: Cleanup
[2019-06-24T10:32:45.750+0000][1][safepoint    ] Leaving safepoint region
[2019-06-24T10:32:45.750+0000][1][safepoint    ] Total time for which application threads were stopped: 0.0002249 seconds, Stopping threads took: 0.0000626 seconds
[2019-06-24T10:32:46.750+0000][1][safepoint    ] Application time: 1.0002709 seconds
[2019-06-24T10:32:46.750+0000][1][safepoint    ] Entering safepoint region: Cleanup
[2019-06-24T10:32:46.750+0000][1][safepoint    ] Leaving safepoint region
[2019-06-24T10:32:46.751+0000][1][safepoint    ] Total time for which application threads were stopped: 0.0003251 seconds, Stopping threads took: 0.0000622 seconds
[2019-06-24T10:32:47.751+0000][1][safepoint    ] Application time: 1.0001464 seconds
[2019-06-24T10:32:47.751+0000][1][safepoint    ] Entering safepoint region: Cleanup
[2019-06-24T10:32:47.751+0000][1][safepoint    ] Leaving safepoint region
[2019-06-24T10:32:47.751+0000][1][safepoint    ] Total time for which application threads were stopped: 0.0001908 seconds, Stopping threads took: 0.0000518 seconds
[2019-06-24T10:32:48.751+0000][1][safepoint    ] Application time: 1.0001920 seconds
[2019-06-24T10:32:48.751+0000][1][safepoint    ] Entering safepoint region: Cleanup
[2019-06-24T10:32:48.752+0000][1][safepoint    ] Leaving safepoint region
[2019-06-24T10:32:48.752+0000][1][safepoint    ] Total time for which application threads were stopped: 0.0002051 seconds, Stopping threads took: 0.0000569 seconds
[2019-06-24T10:32:49.752+0000][1][safepoint    ] Application time: 1.0002011 seconds
[2019-06-24T10:32:49.752+0000][1][safepoint    ] Entering safepoint region: Cleanup
[2019-06-24T10:32:49.752+0000][1][safepoint    ] Leaving safepoint region
[2019-06-24T10:32:49.752+0000][1][safepoint    ] Total time for which application threads were stopped: 0.0004793 seconds, Stopping threads took: 0.0003116 seconds
[2019-06-24T10:32:50.753+0000][1][safepoint    ] Application time: 1.0002458 seconds
[2019-06-24T10:32:50.753+0000][1][safepoint    ] Entering safepoint region: Cleanup
[2019-06-24T10:32:50.753+0000][1][safepoint    ] Leaving safepoint region
[2019-06-24T10:32:50.753+0000][1][safepoint    ] Total time for which application threads were stopped: 0.0003070 seconds, Stopping threads took: 0.0001419 seconds
[2019-06-24T10:32:51.753+0000][1][safepoint    ] Application time: 1.0002433 seconds
[2019-06-24T10:32:51.754+0000][1][safepoint    ] Entering safepoint region: Cleanup
[2019-06-24T10:32:51.754+0000][1][safepoint    ] Leaving safepoint region
[2019-06-24T10:32:51.754+0000][1][safepoint    ] Total time for which application threads were stopped: 0.0002235 seconds, Stopping threads took: 0.0000641 seconds
[2019-06-24T10:32:52.754+0000][1][safepoint    ] Application time: 1.0001995 seconds
[2019-06-24T10:32:52.754+0000][1][safepoint    ] Entering safepoint region: Cleanup
[2019-06-24T10:32:52.754+0000][1][safepoint    ] Leaving safepoint region
[2019-06-24T10:32:52.754+0000][1][safepoint    ] Total time for which application threads were stopped: 0.0002925 seconds, Stopping threads took: 0.0001218 seconds
[2019-06-24T10:32:53.755+0000][1][safepoint    ] Application time: 1.0002843 seconds
[2019-06-24T10:32:53.755+0000][1][safepoint    ] Entering safepoint region: Cleanup
[2019-06-24T10:32:53.755+0000][1][safepoint    ] Leaving safepoint region
[2019-06-24T10:32:53.755+0000][1][safepoint    ] Total time for which application threads were stopped: 0.0002650 seconds, Stopping threads took: 0.0000987 seconds
[2019-06-24T10:32:54.755+0000][1][safepoint    ] Application time: 1.0001341 seconds
[2019-06-24T10:32:54.755+0000][1][safepoint    ] Entering safepoint region: Cleanup
[2019-06-24T10:32:54.755+0000][1][safepoint    ] Leaving safepoint region
[2019-06-24T10:32:54.755+0000][1][safepoint    ] Total time for which application threads were stopped: 0.0000695 seconds, Stopping threads took: 0.0000201 seconds
[2019-06-24T10:32:55.756+0000][1][safepoint    ] Application time: 1.0002445 seconds
[2019-06-24T10:32:55.756+0000][1][safepoint    ] Entering safepoint region: Cleanup
[2019-06-24T10:32:55.756+0000][1][safepoint    ] Leaving safepoint region
[2019-06-24T10:32:55.756+0000][1][safepoint    ] Total time for which application threads were stopped: 0.0002217 seconds, Stopping threads took: 0.0000621 seconds
[2019-06-24T10:32:56.756+0000][1][safepoint    ] Application time: 1.0002584 seconds
[2019-06-24T10:32:56.756+0000][1][safepoint    ] Entering safepoint region: Cleanup
[2019-06-24T10:32:56.756+0000][1][safepoint    ] Leaving safepoint region
[2019-06-24T10:32:56.757+0000][1][safepoint    ] Total time for which application threads were stopped: 0.0002244 seconds, Stopping threads took: 0.0000637 seconds
[2019-06-24T10:32:57.757+0000][1][safepoint    ] Application time: 1.0001428 seconds
[2019-06-24T10:32:57.757+0000][1][safepoint    ] Entering safepoint region: Cleanup
[2019-06-24T10:32:57.757+0000][1][safepoint    ] Leaving safepoint region
[2019-06-24T10:32:57.757+0000][1][safepoint    ] Total time for which application threads were stopped: 0.0002211 seconds, Stopping threads took: 0.0000624 seconds
[2019-06-24T10:32:58.757+0000][1][safepoint    ] Application time: 1.0002446 seconds
[2019-06-24T10:32:58.757+0000][1][safepoint    ] Entering safepoint region: Cleanup
[2019-06-24T10:32:58.757+0000][1][safepoint    ] Leaving safepoint region
[2019-06-24T10:32:58.757+0000][1][safepoint    ] Total time for which application threads were stopped: 0.0001063 seconds, Stopping threads took: 0.0000234 seconds
[2019-06-24T10:32:59.758+0000][1][safepoint    ] Application time: 1.0002443 seconds
[2019-06-24T10:32:59.758+0000][1][safepoint    ] Entering safepoint region: Cleanup
[2019-06-24T10:32:59.758+0000][1][safepoint    ] Leaving safepoint region
[2019-06-24T10:32:59.758+0000][1][safepoint    ] Total time for which application threads were stopped: 0.0002206 seconds, Stopping threads took: 0.0000619 seconds
[2019-06-24T10:33:00.758+0000][1][safepoint    ] Application time: 1.0002624 seconds
[2019-06-24T10:33:00.759+0000][1][safepoint    ] Entering safepoint region: Cleanup
[2019-06-24T10:33:00.759+0000][1][safepoint    ] Leaving safepoint region
[2019-06-24T10:33:00.759+0000][1][safepoint    ] Total time for which application threads were stopped: 0.0003386 seconds, Stopping threads took: 0.0001791 seconds
[2019-06-24T10:33:01.759+0000][1][safepoint    ] Application time: 1.0002631 seconds
[2019-06-24T10:33:01.759+0000][1][safepoint    ] Entering safepoint region: Cleanup
[2019-06-24T10:33:01.759+0000][1][safepoint    ] Leaving safepoint region
[2019-06-24T10:33:01.759+0000][1][safepoint    ] Total time for which application threads were stopped: 0.0002206 seconds, Stopping threads took: 0.0000633 seconds
[2019-06-24T10:33:02.760+0000][1][safepoint    ] Application time: 1.0002628 seconds
[2019-06-24T10:33:02.760+0000][1][safepoint    ] Entering safepoint region: Cleanup
[2019-06-24T10:33:02.760+0000][1][safepoint    ] Leaving safepoint region
[2019-06-24T10:33:02.760+0000][1][safepoint    ] Total time for which application threads were stopped: 0.0002228 seconds, Stopping threads took: 0.0000634 seconds
[2019-06-24T10:33:03.760+0000][1][safepoint    ] Application time: 1.0002581 seconds
[2019-06-24T10:33:03.760+0000][1][safepoint    ] Entering safepoint region: Cleanup
[2019-06-24T10:33:03.761+0000][1][safepoint    ] Leaving safepoint region
[2019-06-24T10:33:03.761+0000][1][safepoint    ] Total time for which application threads were stopped: 0.0002585 seconds, Stopping threads took: 0.0000983 seconds
[2019-06-24T10:33:04.761+0000][1][safepoint    ] Application time: 1.0002654 seconds
[2019-06-24T10:33:04.761+0000][1][safepoint    ] Entering safepoint region: Cleanup
[2019-06-24T10:33:04.761+0000][1][safepoint    ] Leaving safepoint region
[2019-06-24T10:33:04.761+0000][1][safepoint    ] Total time for which application threads were stopped: 0.0002210 seconds, Stopping threads took: 0.0000620 seconds
[2019-06-24T10:33:05.762+0000][1][safepoint    ] Application time: 1.0002720 seconds
[2019-06-24T10:33:05.762+0000][1][safepoint    ] Entering safepoint region: Cleanup
[2019-06-24T10:33:05.762+0000][1][safepoint    ] Leaving safepoint region
[2019-06-24T10:33:05.762+0000][1][safepoint    ] Total time for which application threads were stopped: 0.0002218 seconds, Stopping threads took: 0.0000617 seconds
[2019-06-24T10:33:06.762+0000][1][safepoint    ] Application time: 1.0002665 seconds
[2019-06-24T10:33:06.762+0000][1][safepoint    ] Entering safepoint region: Cleanup
[2019-06-24T10:33:06.763+0000][1][safepoint    ] Leaving safepoint region
[2019-06-24T10:33:06.763+0000][1][safepoint    ] Total time for which application threads were stopped: 0.0003492 seconds, Stopping threads took: 0.0000613 seconds
[2019-06-24T10:33:07.763+0000][1][safepoint    ] Application time: 1.0002210 seconds
[2019-06-24T10:33:07.763+0000][1][safepoint    ] Entering safepoint region: Cleanup
[2019-06-24T10:33:07.763+0000][1][safepoint    ] Leaving safepoint region
[2019-06-24T10:33:07.763+0000][1][safepoint    ] Total time for which application threads were stopped: 0.0002205 seconds, Stopping threads took: 0.0000622 seconds
[2019-06-24T10:33:08.764+0000][1][safepoint    ] Application time: 1.0002695 seconds
[2019-06-24T10:33:08.764+0000][1][safepoint    ] Entering safepoint region: Cleanup
[2019-06-24T10:33:08.764+0000][1][safepoint    ] Leaving safepoint region
[2019-06-24T10:33:08.764+0000][1][safepoint    ] Total time for which application threads were stopped: 0.0002209 seconds, Stopping threads took: 0.0000616 seconds
[2019-06-24T10:33:09.764+0000][1][safepoint    ] Application time: 1.0002736 seconds
[2019-06-24T10:33:09.764+0000][1][safepoint    ] Entering safepoint region: Cleanup
[2019-06-24T10:33:09.765+0000][1][safepoint    ] Leaving safepoint region
[2019-06-24T10:33:09.765+0000][1][safepoint    ] Total time for which application threads were stopped: 0.0002383 seconds, Stopping threads took: 0.0000624 seconds
[2019-06-24T10:33:10.765+0000][1][safepoint    ] Application time: 1.0002635 seconds
[2019-06-24T10:33:10.765+0000][1][safepoint    ] Entering safepoint region: Cleanup
[2019-06-24T10:33:10.765+0000][1][safepoint    ] Leaving safepoint region
[2019-06-24T10:33:10.765+0000][1][safepoint    ] Total time for which application threads were stopped: 0.0002193 seconds, Stopping threads took: 0.0000613 seconds
[2019-06-24T10:33:11.765+0000][1][safepoint    ] Application time: 1.0002530 seconds
[2019-06-24T10:33:11.766+0000][1][safepoint    ] Entering safepoint region: Cleanup
[2019-06-24T10:33:11.766+0000][1][safepoint    ] Leaving safepoint region
[2019-06-24T10:33:11.766+0000][1][safepoint    ] Total time for which application threads were stopped: 0.0001937 seconds, Stopping threads took: 0.0000555 seconds
[2019-06-24T10:33:12.766+0000][1][safepoint    ] Application time: 1.0002373 seconds
[2019-06-24T10:33:12.766+0000][1][safepoint    ] Entering safepoint region: Cleanup
[2019-06-24T10:33:12.766+0000][1][safepoint    ] Leaving safepoint region
[2019-06-24T10:33:12.766+0000][1][safepoint    ] Total time for which application threads were stopped: 0.0002253 seconds, Stopping threads took: 0.0000620 seconds
[2019-06-24T10:33:13.767+0000][1][safepoint    ] Application time: 1.0003045 seconds
[2019-06-24T10:33:13.767+0000][1][safepoint    ] Entering safepoint region: Cleanup
[2019-06-24T10:33:13.767+0000][1][safepoint    ] Leaving safepoint region
[2019-06-24T10:33:13.767+0000][1][safepoint    ] Total time for which application threads were stopped: 0.0002604 seconds, Stopping threads took: 0.0000631 seconds
[2019-06-24T10:33:14.767+0000][1][safepoint    ] Application time: 1.0001964 seconds
[2019-06-24T10:33:14.767+0000][1][safepoint    ] Entering safepoint region: Cleanup
[2019-06-24T10:33:14.768+0000][1][safepoint    ] Leaving safepoint region
[2019-06-24T10:33:14.768+0000][1][safepoint    ] Total time for which application threads were stopped: 0.0002251 seconds, Stopping threads took: 0.0000627 seconds
[2019-06-24T10:33:15.768+0000][1][safepoint    ] Application time: 1.0002589 seconds
[2019-06-24T10:33:15.768+0000][1][safepoint    ] Entering safepoint region: Cleanup
[2019-06-24T10:33:15.768+0000][1][safepoint    ] Leaving safepoint region
[2019-06-24T10:33:15.768+0000][1][safepoint    ] Total time for which application threads were stopped: 0.0002260 seconds, Stopping threads took: 0.0000602 seconds
[2019-06-24T10:33:16.768+0000][1][safepoint    ] Application time: 1.0001855 seconds
[2019-06-24T10:33:16.769+0000][1][safepoint    ] Entering safepoint region: Cleanup
[2019-06-24T10:33:16.769+0000][1][safepoint    ] Leaving safepoint region
[2019-06-24T10:33:16.769+0000][1][safepoint    ] Total time for which application threads were stopped: 0.0002608 seconds, Stopping threads took: 0.0000762 seconds
[2019-06-24T10:33:17.769+0000][1][safepoint    ] Application time: 1.0002690 seconds
[2019-06-24T10:33:17.769+0000][1][safepoint    ] Entering safepoint region: Cleanup
[2019-06-24T10:33:17.769+0000][1][safepoint    ] Leaving safepoint region
[2019-06-24T10:33:17.769+0000][1][safepoint    ] Total time for which application threads were stopped: 0.0002311 seconds, Stopping threads took: 0.0000608 seconds
[2019-06-24T10:33:18.770+0000][1][safepoint    ] Application time: 1.0002604 seconds
[2019-06-24T10:33:18.770+0000][1][safepoint    ] Entering safepoint region: Cleanup
[2019-06-24T10:33:18.770+0000][1][safepoint    ] Leaving safepoint region
[2019-06-24T10:33:18.770+0000][1][safepoint    ] Total time for which application threads were stopped: 0.0002265 seconds, Stopping threads took: 0.0000620 seconds
[2019-06-24T10:33:19.770+0000][1][safepoint    ] Application time: 1.0002565 seconds
[2019-06-24T10:33:19.771+0000][1][safepoint    ] Entering safepoint region: Cleanup
[2019-06-24T10:33:19.771+0000][1][safepoint    ] Leaving safepoint region
[2019-06-24T10:33:19.771+0000][1][safepoint    ] Total time for which application threads were stopped: 0.0003377 seconds, Stopping threads took: 0.0000671 seconds
[2019-06-24T10:33:20.771+0000][1][safepoint    ] Application time: 1.0002476 seconds
[2019-06-24T10:33:20.771+0000][1][safepoint    ] Entering safepoint region: Cleanup
[2019-06-24T10:33:20.772+0000][1][safepoint    ] Leaving safepoint region
[2019-06-24T10:33:20.772+0000][1][safepoint    ] Total time for which application threads were stopped: 0.0002600 seconds, Stopping threads took: 0.0000635 seconds
[2019-06-24T10:33:21.772+0000][1][safepoint    ] Application time: 1.0002697 seconds
[2019-06-24T10:33:21.772+0000][1][safepoint    ] Entering safepoint region: Cleanup
[2019-06-24T10:33:21.773+0000][1][safepoint    ] Leaving safepoint region
[2019-06-24T10:33:21.773+0000][1][safepoint    ] Total time for which application threads were stopped: 0.0011950 seconds, Stopping threads took: 0.0009029 seconds
[2019-06-24T10:33:22.774+0000][1][safepoint    ] Application time: 1.0002631 seconds
[2019-06-24T10:33:22.774+0000][1][safepoint    ] Entering safepoint region: Cleanup
[2019-06-24T10:33:22.774+0000][1][safepoint    ] Leaving safepoint region
[2019-06-24T10:33:22.774+0000][1][safepoint    ] Total time for which application threads were stopped: 0.0002270 seconds, Stopping threads took: 0.0000619 seconds
[2019-06-24T10:33:23.774+0000][1][safepoint    ] Application time: 1.0002664 seconds
[2019-06-24T10:33:23.774+0000][1][safepoint    ] Entering safepoint region: Cleanup
[2019-06-24T10:33:23.775+0000][1][safepoint    ] Leaving safepoint region
[2019-06-24T10:33:23.775+0000][1][safepoint    ] Total time for which application threads were stopped: 0.0004307 seconds, Stopping threads took: 0.0000619 seconds
[2019-06-24T10:33:24.775+0000][1][safepoint    ] Application time: 1.0002357 seconds
[2019-06-24T10:33:24.775+0000][1][safepoint    ] Entering safepoint region: Cleanup
[2019-06-24T10:33:24.775+0000][1][safepoint    ] Leaving safepoint region
[2019-06-24T10:33:24.775+0000][1][safepoint    ] Total time for which application threads were stopped: 0.0002869 seconds, Stopping threads took: 0.0000619 seconds
[2019-06-24T10:33:25.776+0000][1][safepoint    ] Application time: 1.0002335 seconds
[2019-06-24T10:33:25.776+0000][1][safepoint    ] Entering safepoint region: Cleanup
[2019-06-24T10:33:25.776+0000][1][safepoint    ] Leaving safepoint region
[2019-06-24T10:33:25.776+0000][1][safepoint    ] Total time for which application threads were stopped: 0.0002367 seconds, Stopping threads took: 0.0000549 seconds
[2019-06-24T10:33:26.776+0000][1][safepoint    ] Application time: 1.0001853 seconds
[2019-06-24T10:33:26.776+0000][1][safepoint    ] Entering safepoint region: Cleanup
[2019-06-24T10:33:26.777+0000][1][safepoint    ] Leaving safepoint region
[2019-06-24T10:33:26.778+0000][1][safepoint    ] Total time for which application threads were stopped: 0.0012128 seconds, Stopping threads took: 0.0009540 seconds
[2019-06-24T10:33:27.778+0000][1][safepoint    ] Application time: 1.0002689 seconds
[2019-06-24T10:33:27.778+0000][1][safepoint    ] Entering safepoint region: Cleanup
[2019-06-24T10:33:27.778+0000][1][safepoint    ] Leaving safepoint region
[2019-06-24T10:33:27.778+0000][1][safepoint    ] Total time for which application threads were stopped: 0.0002729 seconds, Stopping threads took: 0.0000768 seconds
[2019-06-24T10:33:27.793+0000][1][safepoint    ] Application time: 0.0146860 seconds
[2019-06-24T10:33:27.793+0000][1][safepoint    ] Entering safepoint region: GenCollectForAllocation
[2019-06-24T10:33:27.793+0000][1][gc,start     ] GC(37) Pause Young (Allocation Failure)
[2019-06-24T10:33:27.793+0000][1][gc,task      ] GC(37) Using 5 workers of 8 for evacuation
[2019-06-24T10:33:27.795+0000][1][gc,age       ] GC(37) Desired survivor size 4456448 bytes, new threshold 6 (max threshold 6)
[2019-06-24T10:33:27.795+0000][1][gc,age       ] GC(37) Age table with threshold 6 (max threshold 6)
[2019-06-24T10:33:27.795+0000][1][gc,age       ] GC(37) - age   1:       5024 bytes,       5024 total
[2019-06-24T10:33:27.795+0000][1][gc,age       ] GC(37) - age   3:       1552 bytes,       6576 total
[2019-06-24T10:33:27.795+0000][1][gc,age       ] GC(37) - age   4:        176 bytes,       6752 total
[2019-06-24T10:33:27.795+0000][1][gc,age       ] GC(37) - age   5:       1976 bytes,       8728 total
[2019-06-24T10:33:27.795+0000][1][gc,age       ] GC(37) - age   6:        704 bytes,       9432 total
[2019-06-24T10:33:27.795+0000][1][gc,heap      ] GC(37) ParNew: 69967K->16K(78656K)
[2019-06-24T10:33:27.795+0000][1][gc,heap      ] GC(37) CMS: 69662K->69662K(174784K)
[2019-06-24T10:33:27.795+0000][1][gc,metaspace ] GC(37) Metaspace: 68057K->68057K(1112064K)
[2019-06-24T10:33:27.795+0000][1][gc           ] GC(37) Pause Young (Allocation Failure) 136M->68M(247M) 1.551ms
[2019-06-24T10:33:27.795+0000][1][gc,cpu       ] GC(37) User=0.01s Sys=0.00s Real=0.01s
[2019-06-24T10:33:27.795+0000][1][safepoint    ] Leaving safepoint region
[2019-06-24T10:33:27.795+0000][1][safepoint    ] Total time for which application threads were stopped: 0.0017732 seconds, Stopping threads took: 0.0000312 seconds
[2019-06-24T10:33:28.795+0000][1][safepoint    ] Application time: 1.0002188 seconds
[2019-06-24T10:33:28.795+0000][1][safepoint    ] Entering safepoint region: Cleanup
[2019-06-24T10:33:28.795+0000][1][safepoint    ] Leaving safepoint region
[2019-06-24T10:33:28.795+0000][1][safepoint    ] Total time for which application threads were stopped: 0.0002867 seconds, Stopping threads took: 0.0001175 seconds
[2019-06-24T10:33:29.796+0000][1][safepoint    ] Application time: 1.0002434 seconds
[2019-06-24T10:33:29.796+0000][1][safepoint    ] Entering safepoint region: Cleanup
[2019-06-24T10:33:29.796+0000][1][safepoint    ] Leaving safepoint region
[2019-06-24T10:33:29.796+0000][1][safepoint    ] Total time for which application threads were stopped: 0.0002500 seconds, Stopping threads took: 0.0000599 seconds
[2019-06-24T10:33:30.796+0000][1][safepoint    ] Application time: 1.0003096 seconds
[2019-06-24T10:33:30.797+0000][1][safepoint    ] Entering safepoint region: Cleanup
[2019-06-24T10:33:30.797+0000][1][safepoint    ] Leaving safepoint region
[2019-06-24T10:33:30.797+0000][1][safepoint    ] Total time for which application threads were stopped: 0.0002934 seconds, Stopping threads took: 0.0000743 seconds
[2019-06-24T10:33:31.797+0000][1][safepoint    ] Application time: 1.0002198 seconds
[2019-06-24T10:33:31.797+0000][1][safepoint    ] Entering safepoint region: Cleanup
[2019-06-24T10:33:31.798+0000][1][safepoint    ] Leaving safepoint region
[2019-06-24T10:33:31.798+0000][1][safepoint    ] Total time for which application threads were stopped: 0.0003600 seconds, Stopping threads took: 0.0001294 seconds
[2019-06-24T10:33:32.798+0000][1][safepoint    ] Application time: 1.0001911 seconds
[2019-06-24T10:33:32.798+0000][1][safepoint    ] Entering safepoint region: Cleanup
[2019-06-24T10:33:32.798+0000][1][safepoint    ] Leaving safepoint region
[2019-06-24T10:33:32.798+0000][1][safepoint    ] Total time for which application threads were stopped: 0.0002032 seconds, Stopping threads took: 0.0000552 seconds
[2019-06-24T10:33:33.798+0000][1][safepoint    ] Application time: 1.0002723 seconds
[2019-06-24T10:33:33.799+0000][1][safepoint    ] Entering safepoint region: Cleanup
[2019-06-24T10:33:33.799+0000][1][safepoint    ] Leaving safepoint region
[2019-06-24T10:33:33.799+0000][1][safepoint    ] Total time for which application threads were stopped: 0.0002366 seconds, Stopping threads took: 0.0000668 seconds
[2019-06-24T10:33:34.799+0000][1][safepoint    ] Application time: 1.0002225 seconds
[2019-06-24T10:33:34.799+0000][1][safepoint    ] Entering safepoint region: Cleanup
[2019-06-24T10:33:34.799+0000][1][safepoint    ] Leaving safepoint region
[2019-06-24T10:33:34.799+0000][1][safepoint    ] Total time for which application threads were stopped: 0.0002962 seconds, Stopping threads took: 0.0000746 seconds
[2019-06-24T10:33:35.800+0000][1][safepoint    ] Application time: 1.0002517 seconds
[2019-06-24T10:33:35.800+0000][1][safepoint    ] Entering safepoint region: Cleanup
[2019-06-24T10:33:35.800+0000][1][safepoint    ] Leaving safepoint region
[2019-06-24T10:33:35.800+0000][1][safepoint    ] Total time for which application threads were stopped: 0.0002300 seconds, Stopping threads took: 0.0000640 seconds
[2019-06-24T10:33:36.800+0000][1][safepoint    ] Application time: 1.0002653 seconds
[2019-06-24T10:33:36.801+0000][1][safepoint    ] Entering safepoint region: Cleanup
[2019-06-24T10:33:36.801+0000][1][safepoint    ] Leaving safepoint region
[2019-06-24T10:33:36.801+0000][1][safepoint    ] Total time for which application threads were stopped: 0.0003116 seconds, Stopping threads took: 0.0000885 seconds
[2019-06-24T10:33:37.801+0000][1][safepoint    ] Application time: 1.0001942 seconds
[2019-06-24T10:33:37.801+0000][1][safepoint    ] Entering safepoint region: Cleanup
[2019-06-24T10:33:37.801+0000][1][safepoint    ] Leaving safepoint region
[2019-06-24T10:33:37.801+0000][1][safepoint    ] Total time for which application threads were stopped: 0.0003050 seconds, Stopping threads took: 0.0001272 seconds
[2019-06-24T10:33:38.802+0000][1][safepoint    ] Application time: 1.0002748 seconds
[2019-06-24T10:33:38.802+0000][1][safepoint    ] Entering safepoint region: Cleanup
[2019-06-24T10:33:38.802+0000][1][safepoint    ] Leaving safepoint region
[2019-06-24T10:33:38.802+0000][1][safepoint    ] Total time for which application threads were stopped: 0.0002291 seconds, Stopping threads took: 0.0000635 seconds
[2019-06-24T10:33:39.802+0000][1][safepoint    ] Application time: 1.0002640 seconds
[2019-06-24T10:33:39.803+0000][1][safepoint    ] Entering safepoint region: Cleanup
[2019-06-24T10:33:39.803+0000][1][safepoint    ] Leaving safepoint region
[2019-06-24T10:33:39.803+0000][1][safepoint    ] Total time for which application threads were stopped: 0.0002328 seconds, Stopping threads took: 0.0000661 seconds
[2019-06-24T10:33:40.803+0000][1][safepoint    ] Application time: 1.0002620 seconds
[2019-06-24T10:33:40.803+0000][1][safepoint    ] Entering safepoint region: Cleanup
[2019-06-24T10:33:40.803+0000][1][safepoint    ] Leaving safepoint region
[2019-06-24T10:33:40.804+0000][1][safepoint    ] Total time for which application threads were stopped: 0.0002291 seconds, Stopping threads took: 0.0000639 seconds
[2019-06-24T10:33:41.804+0000][1][safepoint    ] Application time: 1.0002485 seconds
[2019-06-24T10:33:41.804+0000][1][safepoint    ] Entering safepoint region: Cleanup
[2019-06-24T10:33:41.804+0000][1][safepoint    ] Leaving safepoint region
[2019-06-24T10:33:41.804+0000][1][safepoint    ] Total time for which application threads were stopped: 0.0002288 seconds, Stopping threads took: 0.0000629 seconds
[2019-06-24T10:33:42.804+0000][1][safepoint    ] Application time: 1.0002690 seconds
[2019-06-24T10:33:42.805+0000][1][safepoint    ] Entering safepoint region: Cleanup
[2019-06-24T10:33:42.805+0000][1][safepoint    ] Leaving safepoint region
[2019-06-24T10:33:42.805+0000][1][safepoint    ] Total time for which application threads were stopped: 0.0002313 seconds, Stopping threads took: 0.0000623 seconds
[2019-06-24T10:33:43.805+0000][1][safepoint    ] Application time: 1.0002674 seconds
[2019-06-24T10:33:43.805+0000][1][safepoint    ] Entering safepoint region: Cleanup
[2019-06-24T10:33:43.805+0000][1][safepoint    ] Leaving safepoint region
[2019-06-24T10:33:43.805+0000][1][safepoint    ] Total time for which application threads were stopped: 0.0002288 seconds, Stopping threads took: 0.0000617 seconds
[2019-06-24T10:33:44.806+0000][1][safepoint    ] Application time: 1.0002687 seconds
[2019-06-24T10:33:44.806+0000][1][safepoint    ] Entering safepoint region: Cleanup
[2019-06-24T10:33:44.806+0000][1][safepoint    ] Leaving safepoint region
[2019-06-24T10:33:44.806+0000][1][safepoint    ] Total time for which application threads were stopped: 0.0002292 seconds, Stopping threads took: 0.0000619 seconds
[2019-06-24T10:33:45.806+0000][1][safepoint    ] Application time: 1.0002510 seconds
[2019-06-24T10:33:45.807+0000][1][safepoint    ] Entering safepoint region: Cleanup
[2019-06-24T10:33:45.807+0000][1][safepoint    ] Leaving safepoint region
[2019-06-24T10:33:45.807+0000][1][safepoint    ] Total time for which application threads were stopped: 0.0003613 seconds, Stopping threads took: 0.0001829 seconds
[2019-06-24T10:33:46.807+0000][1][safepoint    ] Application time: 1.0001651 seconds
[2019-06-24T10:33:46.807+0000][1][safepoint    ] Entering safepoint region: Cleanup
[2019-06-24T10:33:46.807+0000][1][safepoint    ] Leaving safepoint region
[2019-06-24T10:33:46.807+0000][1][safepoint    ] Total time for which application threads were stopped: 0.0002326 seconds, Stopping threads took: 0.0000629 seconds
[2019-06-24T10:33:47.808+0000][1][safepoint    ] Application time: 1.0002438 seconds
[2019-06-24T10:33:47.808+0000][1][safepoint    ] Entering safepoint region: Cleanup
[2019-06-24T10:33:47.808+0000][1][safepoint    ] Leaving safepoint region
[2019-06-24T10:33:47.808+0000][1][safepoint    ] Total time for which application threads were stopped: 0.0002653 seconds, Stopping threads took: 0.0000981 seconds
[2019-06-24T10:33:48.808+0000][1][safepoint    ] Application time: 1.0002694 seconds
[2019-06-24T10:33:48.808+0000][1][safepoint    ] Entering safepoint region: Cleanup
[2019-06-24T10:33:48.809+0000][1][safepoint    ] Leaving safepoint region
[2019-06-24T10:33:48.809+0000][1][safepoint    ] Total time for which application threads were stopped: 0.0002353 seconds, Stopping threads took: 0.0000616 seconds
[2019-06-24T10:33:49.809+0000][1][safepoint    ] Application time: 1.0002701 seconds
[2019-06-24T10:33:49.809+0000][1][safepoint    ] Entering safepoint region: Cleanup
[2019-06-24T10:33:49.809+0000][1][safepoint    ] Leaving safepoint region
[2019-06-24T10:33:49.809+0000][1][safepoint    ] Total time for which application threads were stopped: 0.0002761 seconds, Stopping threads took: 0.0000993 seconds
[2019-06-24T10:33:50.810+0000][1][safepoint    ] Application time: 1.0001385 seconds
[2019-06-24T10:33:50.810+0000][1][safepoint    ] Entering safepoint region: Cleanup
[2019-06-24T10:33:50.810+0000][1][safepoint    ] Leaving safepoint region
[2019-06-24T10:33:50.810+0000][1][safepoint    ] Total time for which application threads were stopped: 0.0000804 seconds, Stopping threads took: 0.0000197 seconds
[2019-06-24T10:33:51.810+0000][1][safepoint    ] Application time: 1.0001662 seconds
[2019-06-24T10:33:51.810+0000][1][safepoint    ] Entering safepoint region: Cleanup
[2019-06-24T10:33:51.810+0000][1][safepoint    ] Leaving safepoint region
[2019-06-24T10:33:51.810+0000][1][safepoint    ] Total time for which application threads were stopped: 0.0002887 seconds, Stopping threads took: 0.0000602 seconds
[2019-06-24T10:33:52.811+0000][1][safepoint    ] Application time: 1.0002861 seconds
[2019-06-24T10:33:52.811+0000][1][safepoint    ] Entering safepoint region: Cleanup
[2019-06-24T10:33:52.811+0000][1][safepoint    ] Leaving safepoint region
[2019-06-24T10:33:52.811+0000][1][safepoint    ] Total time for which application threads were stopped: 0.0001432 seconds, Stopping threads took: 0.0000348 seconds
[2019-06-24T10:33:53.811+0000][1][safepoint    ] Application time: 1.0001827 seconds
[2019-06-24T10:33:53.811+0000][1][safepoint    ] Entering safepoint region: Cleanup
[2019-06-24T10:33:53.811+0000][1][safepoint    ] Leaving safepoint region
[2019-06-24T10:33:53.811+0000][1][safepoint    ] Total time for which application threads were stopped: 0.0002577 seconds, Stopping threads took: 0.0000626 seconds
[2019-06-24T10:33:54.812+0000][1][safepoint    ] Application time: 1.0002419 seconds
[2019-06-24T10:33:54.812+0000][1][safepoint    ] Entering safepoint region: Cleanup
[2019-06-24T10:33:54.812+0000][1][safepoint    ] Leaving safepoint region
[2019-06-24T10:33:54.812+0000][1][safepoint    ] Total time for which application threads were stopped: 0.0002284 seconds, Stopping threads took: 0.0000552 seconds
[2019-06-24T10:33:55.812+0000][1][safepoint    ] Application time: 1.0002632 seconds
[2019-06-24T10:33:55.812+0000][1][safepoint    ] Entering safepoint region: Cleanup
[2019-06-24T10:33:55.813+0000][1][safepoint    ] Leaving safepoint region
[2019-06-24T10:33:55.813+0000][1][safepoint    ] Total time for which application threads were stopped: 0.0002603 seconds, Stopping threads took: 0.0000625 seconds
[2019-06-24T10:33:56.813+0000][1][safepoint    ] Application time: 1.0002920 seconds
[2019-06-24T10:33:56.813+0000][1][safepoint    ] Entering safepoint region: Cleanup
[2019-06-24T10:33:56.813+0000][1][safepoint    ] Leaving safepoint region
[2019-06-24T10:33:56.813+0000][1][safepoint    ] Total time for which application threads were stopped: 0.0002642 seconds, Stopping threads took: 0.0000623 seconds
[2019-06-24T10:33:58.068+0000][1][safepoint    ] Application time: 1.2548016 seconds
[2019-06-24T10:33:58.068+0000][1][safepoint    ] Entering safepoint region: Cleanup
[2019-06-24T10:33:58.069+0000][1][safepoint    ] Leaving safepoint region
[2019-06-24T10:33:58.069+0000][1][safepoint    ] Total time for which application threads were stopped: 0.0003269 seconds, Stopping threads took: 0.0000816 seconds
[2019-06-24T10:33:59.069+0000][1][safepoint    ] Application time: 1.0002911 seconds
[2019-06-24T10:33:59.069+0000][1][safepoint    ] Entering safepoint region: Cleanup
[2019-06-24T10:33:59.069+0000][1][safepoint    ] Leaving safepoint region
[2019-06-24T10:33:59.069+0000][1][safepoint    ] Total time for which application threads were stopped: 0.0001103 seconds, Stopping threads took: 0.0000270 seconds
[2019-06-24T10:34:00.069+0000][1][safepoint    ] Application time: 1.0001718 seconds
[2019-06-24T10:34:00.069+0000][1][safepoint    ] Entering safepoint region: Cleanup
[2019-06-24T10:34:00.070+0000][1][safepoint    ] Leaving safepoint region
[2019-06-24T10:34:00.070+0000][1][safepoint    ] Total time for which application threads were stopped: 0.0002810 seconds, Stopping threads took: 0.0001071 seconds
[2019-06-24T10:34:01.070+0000][1][safepoint    ] Application time: 1.0002202 seconds
[2019-06-24T10:34:01.070+0000][1][safepoint    ] Entering safepoint region: Cleanup
[2019-06-24T10:34:01.070+0000][1][safepoint    ] Leaving safepoint region
[2019-06-24T10:34:01.070+0000][1][safepoint    ] Total time for which application threads were stopped: 0.0002145 seconds, Stopping threads took: 0.0000617 seconds
[2019-06-24T10:34:02.070+0000][1][safepoint    ] Application time: 1.0001363 seconds
[2019-06-24T10:34:02.071+0000][1][safepoint    ] Entering safepoint region: Cleanup
[2019-06-24T10:34:02.071+0000][1][safepoint    ] Leaving safepoint region
[2019-06-24T10:34:02.071+0000][1][safepoint    ] Total time for which application threads were stopped: 0.0002169 seconds, Stopping threads took: 0.0000623 seconds
[2019-06-24T10:34:03.071+0000][1][safepoint    ] Application time: 1.0001801 seconds
[2019-06-24T10:34:03.071+0000][1][safepoint    ] Entering safepoint region: Cleanup
[2019-06-24T10:34:03.071+0000][1][safepoint    ] Leaving safepoint region
[2019-06-24T10:34:03.071+0000][1][safepoint    ] Total time for which application threads were stopped: 0.0002181 seconds, Stopping threads took: 0.0000616 seconds
[2019-06-24T10:34:04.072+0000][1][safepoint    ] Application time: 1.0001737 seconds
[2019-06-24T10:34:04.072+0000][1][safepoint    ] Entering safepoint region: Cleanup
[2019-06-24T10:34:04.072+0000][1][safepoint    ] Leaving safepoint region
[2019-06-24T10:34:04.072+0000][1][safepoint    ] Total time for which application threads were stopped: 0.0001724 seconds, Stopping threads took: 0.0000456 seconds
[2019-06-24T10:34:05.072+0000][1][safepoint    ] Application time: 1.0002415 seconds
[2019-06-24T10:34:05.072+0000][1][safepoint    ] Entering safepoint region: Cleanup
[2019-06-24T10:34:05.073+0000][1][safepoint    ] Leaving safepoint region
[2019-06-24T10:34:05.073+0000][1][safepoint    ] Total time for which application threads were stopped: 0.0012049 seconds, Stopping threads took: 0.0010000 seconds
[2019-06-24T10:34:06.074+0000][1][safepoint    ] Application time: 1.0002649 seconds
[2019-06-24T10:34:06.074+0000][1][safepoint    ] Entering safepoint region: Cleanup
[2019-06-24T10:34:06.074+0000][1][safepoint    ] Leaving safepoint region
[2019-06-24T10:34:06.074+0000][1][safepoint    ] Total time for which application threads were stopped: 0.0002239 seconds, Stopping threads took: 0.0000627 seconds
[2019-06-24T10:34:07.074+0000][1][safepoint    ] Application time: 1.0002483 seconds
[2019-06-24T10:34:07.075+0000][1][safepoint    ] Entering safepoint region: Cleanup
[2019-06-24T10:34:07.075+0000][1][safepoint    ] Leaving safepoint region
[2019-06-24T10:34:07.075+0000][1][safepoint    ] Total time for which application threads were stopped: 0.0003311 seconds, Stopping threads took: 0.0001649 seconds
[2019-06-24T10:34:08.075+0000][1][safepoint    ] Application time: 1.0001773 seconds
[2019-06-24T10:34:08.075+0000][1][safepoint    ] Entering safepoint region: Cleanup
[2019-06-24T10:34:08.075+0000][1][safepoint    ] Leaving safepoint region
[2019-06-24T10:34:08.075+0000][1][safepoint    ] Total time for which application threads were stopped: 0.0002196 seconds, Stopping threads took: 0.0000618 seconds
[2019-06-24T10:34:09.075+0000][1][safepoint    ] Application time: 1.0001737 seconds
[2019-06-24T10:34:09.076+0000][1][safepoint    ] Entering safepoint region: Cleanup
[2019-06-24T10:34:09.076+0000][1][safepoint    ] Leaving safepoint region
[2019-06-24T10:34:09.076+0000][1][safepoint    ] Total time for which application threads were stopped: 0.0001858 seconds, Stopping threads took: 0.0000446 seconds
[2019-06-24T10:34:10.076+0000][1][safepoint    ] Application time: 1.0001992 seconds
[2019-06-24T10:34:10.076+0000][1][safepoint    ] Entering safepoint region: Cleanup
[2019-06-24T10:34:10.077+0000][1][safepoint    ] Leaving safepoint region
[2019-06-24T10:34:10.077+0000][1][safepoint    ] Total time for which application threads were stopped: 0.0011495 seconds, Stopping threads took: 0.0009627 seconds
[2019-06-24T10:34:11.078+0000][1][safepoint    ] Application time: 1.0002335 seconds
[2019-06-24T10:34:11.078+0000][1][safepoint    ] Entering safepoint region: Cleanup
[2019-06-24T10:34:11.078+0000][1][safepoint    ] Leaving safepoint region
[2019-06-24T10:34:11.078+0000][1][safepoint    ] Total time for which application threads were stopped: 0.0002250 seconds, Stopping threads took: 0.0000609 seconds
[2019-06-24T10:34:12.078+0000][1][safepoint    ] Application time: 1.0002517 seconds
[2019-06-24T10:34:12.078+0000][1][safepoint    ] Entering safepoint region: Cleanup
[2019-06-24T10:34:12.078+0000][1][safepoint    ] Leaving safepoint region
[2019-06-24T10:34:12.079+0000][1][safepoint    ] Total time for which application threads were stopped: 0.0002943 seconds, Stopping threads took: 0.0000637 seconds
[2019-06-24T10:34:13.079+0000][1][safepoint    ] Application time: 1.0001782 seconds
[2019-06-24T10:34:13.079+0000][1][safepoint    ] Entering safepoint region: Cleanup
[2019-06-24T10:34:13.079+0000][1][safepoint    ] Leaving safepoint region
[2019-06-24T10:34:13.079+0000][1][safepoint    ] Total time for which application threads were stopped: 0.0002152 seconds, Stopping threads took: 0.0000628 seconds
[2019-06-24T10:34:14.079+0000][1][safepoint    ] Application time: 1.0002069 seconds
[2019-06-24T10:34:14.079+0000][1][safepoint    ] Entering safepoint region: Cleanup
[2019-06-24T10:34:14.080+0000][1][safepoint    ] Leaving safepoint region
[2019-06-24T10:34:14.080+0000][1][safepoint    ] Total time for which application threads were stopped: 0.0001613 seconds, Stopping threads took: 0.0000459 seconds
[2019-06-24T10:34:15.080+0000][1][safepoint    ] Application time: 1.0002109 seconds
[2019-06-24T10:34:15.080+0000][1][safepoint    ] Entering safepoint region: Cleanup
[2019-06-24T10:34:15.080+0000][1][safepoint    ] Leaving safepoint region
[2019-06-24T10:34:15.080+0000][1][safepoint    ] Total time for which application threads were stopped: 0.0002422 seconds, Stopping threads took: 0.0000776 seconds
[2019-06-24T10:34:16.080+0000][1][safepoint    ] Application time: 1.0002385 seconds
[2019-06-24T10:34:16.081+0000][1][safepoint    ] Entering safepoint region: Cleanup
[2019-06-24T10:34:16.081+0000][1][safepoint    ] Leaving safepoint region
[2019-06-24T10:34:16.081+0000][1][safepoint    ] Total time for which application threads were stopped: 0.0002211 seconds, Stopping threads took: 0.0000622 seconds
[2019-06-24T10:34:17.081+0000][1][safepoint    ] Application time: 1.0002387 seconds
[2019-06-24T10:34:17.081+0000][1][safepoint    ] Entering safepoint region: Cleanup
[2019-06-24T10:34:17.081+0000][1][safepoint    ] Leaving safepoint region
[2019-06-24T10:34:17.081+0000][1][safepoint    ] Total time for which application threads were stopped: 0.0002239 seconds, Stopping threads took: 0.0000628 seconds
[2019-06-24T10:34:18.082+0000][1][safepoint    ] Application time: 1.0002555 seconds
[2019-06-24T10:34:18.082+0000][1][safepoint    ] Entering safepoint region: Cleanup
[2019-06-24T10:34:18.082+0000][1][safepoint    ] Leaving safepoint region
[2019-06-24T10:34:18.082+0000][1][safepoint    ] Total time for which application threads were stopped: 0.0002258 seconds, Stopping threads took: 0.0000642 seconds
[2019-06-24T10:34:19.082+0000][1][safepoint    ] Application time: 1.0002426 seconds
[2019-06-24T10:34:19.082+0000][1][safepoint    ] Entering safepoint region: Cleanup
[2019-06-24T10:34:19.082+0000][1][safepoint    ] Leaving safepoint region
[2019-06-24T10:34:19.082+0000][1][safepoint    ] Total time for which application threads were stopped: 0.0001260 seconds, Stopping threads took: 0.0000362 seconds
[2019-06-24T10:34:20.083+0000][1][safepoint    ] Application time: 1.0001965 seconds
[2019-06-24T10:34:20.083+0000][1][safepoint    ] Entering safepoint region: Cleanup
[2019-06-24T10:34:20.084+0000][1][safepoint    ] Leaving safepoint region
[2019-06-24T10:34:20.084+0000][1][safepoint    ] Total time for which application threads were stopped: 0.0012462 seconds, Stopping threads took: 0.0010171 seconds
[2019-06-24T10:34:21.084+0000][1][safepoint    ] Application time: 1.0001789 seconds
[2019-06-24T10:34:21.084+0000][1][safepoint    ] Entering safepoint region: Cleanup
[2019-06-24T10:34:21.085+0000][1][safepoint    ] Leaving safepoint region
[2019-06-24T10:34:21.085+0000][1][safepoint    ] Total time for which application threads were stopped: 0.0002151 seconds, Stopping threads took: 0.0000603 seconds
[2019-06-24T10:34:22.085+0000][1][safepoint    ] Application time: 1.0002306 seconds
[2019-06-24T10:34:22.085+0000][1][safepoint    ] Entering safepoint region: Cleanup
[2019-06-24T10:34:22.085+0000][1][safepoint    ] Leaving safepoint region
[2019-06-24T10:34:22.085+0000][1][safepoint    ] Total time for which application threads were stopped: 0.0002161 seconds, Stopping threads took: 0.0000594 seconds
[2019-06-24T10:34:23.085+0000][1][safepoint    ] Application time: 1.0001241 seconds
[2019-06-24T10:34:23.085+0000][1][safepoint    ] Entering safepoint region: Cleanup
[2019-06-24T10:34:23.086+0000][1][safepoint    ] Leaving safepoint region
[2019-06-24T10:34:23.086+0000][1][safepoint    ] Total time for which application threads were stopped: 0.0002080 seconds, Stopping threads took: 0.0000578 seconds
[2019-06-24T10:34:24.086+0000][1][safepoint    ] Application time: 1.0001119 seconds
[2019-06-24T10:34:24.086+0000][1][safepoint    ] Entering safepoint region: Cleanup
[2019-06-24T10:34:24.086+0000][1][safepoint    ] Leaving safepoint region
[2019-06-24T10:34:24.086+0000][1][safepoint    ] Total time for which application threads were stopped: 0.0001263 seconds, Stopping threads took: 0.0000349 seconds
[2019-06-24T10:34:25.086+0000][1][safepoint    ] Application time: 1.0001353 seconds
[2019-06-24T10:34:25.087+0000][1][safepoint    ] Entering safepoint region: Cleanup
[2019-06-24T10:34:25.087+0000][1][safepoint    ] Leaving safepoint region
[2019-06-24T10:34:25.087+0000][1][safepoint    ] Total time for which application threads were stopped: 0.0011534 seconds, Stopping threads took: 0.0009385 seconds
[2019-06-24T10:34:26.088+0000][1][safepoint    ] Application time: 1.0001839 seconds
[2019-06-24T10:34:26.088+0000][1][safepoint    ] Entering safepoint region: Cleanup
[2019-06-24T10:34:26.088+0000][1][safepoint    ] Leaving safepoint region
[2019-06-24T10:34:26.088+0000][1][safepoint    ] Total time for which application threads were stopped: 0.0002530 seconds, Stopping threads took: 0.0000709 seconds
[2019-06-24T10:34:27.088+0000][1][safepoint    ] Application time: 1.0002345 seconds
[2019-06-24T10:34:27.088+0000][1][safepoint    ] Entering safepoint region: Cleanup
[2019-06-24T10:34:27.089+0000][1][safepoint    ] Leaving safepoint region
[2019-06-24T10:34:27.089+0000][1][safepoint    ] Total time for which application threads were stopped: 0.0002276 seconds, Stopping threads took: 0.0000631 seconds
[2019-06-24T10:34:28.089+0000][1][safepoint    ] Application time: 1.0002598 seconds
[2019-06-24T10:34:28.089+0000][1][safepoint    ] Entering safepoint region: Cleanup
[2019-06-24T10:34:28.089+0000][1][safepoint    ] Leaving safepoint region
[2019-06-24T10:34:28.089+0000][1][safepoint    ] Total time for which application threads were stopped: 0.0002203 seconds, Stopping threads took: 0.0000618 seconds
[2019-06-24T10:34:29.089+0000][1][safepoint    ] Application time: 1.0002119 seconds
[2019-06-24T10:34:29.090+0000][1][safepoint    ] Entering safepoint region: Cleanup
[2019-06-24T10:34:29.090+0000][1][safepoint    ] Leaving safepoint region
[2019-06-24T10:34:29.090+0000][1][safepoint    ] Total time for which application threads were stopped: 0.0001374 seconds, Stopping threads took: 0.0000382 seconds
[2019-06-24T10:34:30.090+0000][1][safepoint    ] Application time: 1.0001215 seconds
[2019-06-24T10:34:30.090+0000][1][safepoint    ] Entering safepoint region: Cleanup
[2019-06-24T10:34:30.091+0000][1][safepoint    ] Leaving safepoint region
[2019-06-24T10:34:30.091+0000][1][safepoint    ] Total time for which application threads were stopped: 0.0011084 seconds, Stopping threads took: 0.0008872 seconds
[2019-06-24T10:34:31.091+0000][1][safepoint    ] Application time: 1.0002382 seconds
[2019-06-24T10:34:31.091+0000][1][safepoint    ] Entering safepoint region: Cleanup
[2019-06-24T10:34:31.092+0000][1][safepoint    ] Leaving safepoint region
[2019-06-24T10:34:31.092+0000][1][safepoint    ] Total time for which application threads were stopped: 0.0002221 seconds, Stopping threads took: 0.0000634 seconds
[2019-06-24T10:34:32.092+0000][1][safepoint    ] Application time: 1.0001958 seconds
[2019-06-24T10:34:32.092+0000][1][safepoint    ] Entering safepoint region: Cleanup
[2019-06-24T10:34:32.092+0000][1][safepoint    ] Leaving safepoint region
[2019-06-24T10:34:32.092+0000][1][safepoint    ] Total time for which application threads were stopped: 0.0002259 seconds, Stopping threads took: 0.0000631 seconds
[2019-06-24T10:34:33.093+0000][1][safepoint    ] Application time: 1.0002646 seconds
[2019-06-24T10:34:33.093+0000][1][safepoint    ] Entering safepoint region: Cleanup
[2019-06-24T10:34:33.093+0000][1][safepoint    ] Leaving safepoint region
[2019-06-24T10:34:33.093+0000][1][safepoint    ] Total time for which application threads were stopped: 0.0002259 seconds, Stopping threads took: 0.0000636 seconds
[2019-06-24T10:34:34.093+0000][1][safepoint    ] Application time: 1.0002630 seconds
[2019-06-24T10:34:34.093+0000][1][safepoint    ] Entering safepoint region: Cleanup
[2019-06-24T10:34:34.093+0000][1][safepoint    ] Leaving safepoint region
[2019-06-24T10:34:34.093+0000][1][safepoint    ] Total time for which application threads were stopped: 0.0002227 seconds, Stopping threads took: 0.0000618 seconds
[2019-06-24T10:34:35.094+0000][1][safepoint    ] Application time: 1.0002607 seconds
[2019-06-24T10:34:35.094+0000][1][safepoint    ] Entering safepoint region: Cleanup
[2019-06-24T10:34:35.095+0000][1][safepoint    ] Leaving safepoint region
[2019-06-24T10:34:35.095+0000][1][safepoint    ] Total time for which application threads were stopped: 0.0011097 seconds, Stopping threads took: 0.0009013 seconds
[2019-06-24T10:34:36.095+0000][1][safepoint    ] Application time: 1.0002424 seconds
[2019-06-24T10:34:36.095+0000][1][safepoint    ] Entering safepoint region: Cleanup
[2019-06-24T10:34:36.096+0000][1][safepoint    ] Leaving safepoint region
[2019-06-24T10:34:36.096+0000][1][safepoint    ] Total time for which application threads were stopped: 0.0002616 seconds, Stopping threads took: 0.0000644 seconds
[2019-06-24T10:34:37.096+0000][1][safepoint    ] Application time: 1.0002679 seconds
[2019-06-24T10:34:37.096+0000][1][safepoint    ] Entering safepoint region: Cleanup
[2019-06-24T10:34:37.096+0000][1][safepoint    ] Leaving safepoint region
[2019-06-24T10:34:37.096+0000][1][safepoint    ] Total time for which application threads were stopped: 0.0002211 seconds, Stopping threads took: 0.0000616 seconds
[2019-06-24T10:34:38.097+0000][1][safepoint    ] Application time: 1.0002636 seconds
[2019-06-24T10:34:38.097+0000][1][safepoint    ] Entering safepoint region: Cleanup
[2019-06-24T10:34:38.097+0000][1][safepoint    ] Leaving safepoint region
[2019-06-24T10:34:38.097+0000][1][safepoint    ] Total time for which application threads were stopped: 0.0003538 seconds, Stopping threads took: 0.0000991 seconds
[2019-06-24T10:34:39.097+0000][1][safepoint    ] Application time: 1.0002240 seconds
[2019-06-24T10:34:39.097+0000][1][safepoint    ] Entering safepoint region: Cleanup
[2019-06-24T10:34:39.097+0000][1][safepoint    ] Leaving safepoint region
[2019-06-24T10:34:39.097+0000][1][safepoint    ] Total time for which application threads were stopped: 0.0001217 seconds, Stopping threads took: 0.0000272 seconds
[2019-06-24T10:34:40.098+0000][1][safepoint    ] Application time: 1.0002401 seconds
[2019-06-24T10:34:40.098+0000][1][safepoint    ] Entering safepoint region: Cleanup
[2019-06-24T10:34:40.098+0000][1][safepoint    ] Leaving safepoint region
[2019-06-24T10:34:40.098+0000][1][safepoint    ] Total time for which application threads were stopped: 0.0001480 seconds, Stopping threads took: 0.0000349 seconds
[2019-06-24T10:34:41.098+0000][1][safepoint    ] Application time: 1.0001963 seconds
[2019-06-24T10:34:41.098+0000][1][safepoint    ] Entering safepoint region: Cleanup
[2019-06-24T10:34:41.099+0000][1][safepoint    ] Leaving safepoint region
[2019-06-24T10:34:41.099+0000][1][safepoint    ] Total time for which application threads were stopped: 0.0003070 seconds, Stopping threads took: 0.0000623 seconds
[2019-06-24T10:34:42.099+0000][1][safepoint    ] Application time: 1.0002328 seconds
[2019-06-24T10:34:42.099+0000][1][safepoint    ] Entering safepoint region: Cleanup
[2019-06-24T10:34:42.099+0000][1][safepoint    ] Leaving safepoint region
[2019-06-24T10:34:42.099+0000][1][safepoint    ] Total time for which application threads were stopped: 0.0002282 seconds, Stopping threads took: 0.0000627 seconds
[2019-06-24T10:34:43.099+0000][1][safepoint    ] Application time: 1.0002139 seconds
[2019-06-24T10:34:43.100+0000][1][safepoint    ] Entering safepoint region: Cleanup
[2019-06-24T10:34:43.100+0000][1][safepoint    ] Leaving safepoint region
[2019-06-24T10:34:43.100+0000][1][safepoint    ] Total time for which application threads were stopped: 0.0002256 seconds, Stopping threads took: 0.0000662 seconds
[2019-06-24T10:34:44.100+0000][1][safepoint    ] Application time: 1.0001480 seconds
[2019-06-24T10:34:44.100+0000][1][safepoint    ] Entering safepoint region: Cleanup
[2019-06-24T10:34:44.100+0000][1][safepoint    ] Leaving safepoint region
[2019-06-24T10:34:44.100+0000][1][safepoint    ] Total time for which application threads were stopped: 0.0001070 seconds, Stopping threads took: 0.0000281 seconds
[2019-06-24T10:34:45.100+0000][1][safepoint    ] Application time: 1.0002537 seconds
[2019-06-24T10:34:45.101+0000][1][safepoint    ] Entering safepoint region: Cleanup
[2019-06-24T10:34:45.101+0000][1][safepoint    ] Leaving safepoint region
[2019-06-24T10:34:45.101+0000][1][safepoint    ] Total time for which application threads were stopped: 0.0002317 seconds, Stopping threads took: 0.0000637 seconds
[2019-06-24T10:34:46.101+0000][1][safepoint    ] Application time: 1.0002739 seconds
[2019-06-24T10:34:46.101+0000][1][safepoint    ] Entering safepoint region: Cleanup
[2019-06-24T10:34:46.101+0000][1][safepoint    ] Leaving safepoint region
[2019-06-24T10:34:46.101+0000][1][safepoint    ] Total time for which application threads were stopped: 0.0002329 seconds, Stopping threads took: 0.0000645 seconds
[2019-06-24T10:34:47.102+0000][1][safepoint    ] Application time: 1.0002620 seconds
[2019-06-24T10:34:47.102+0000][1][safepoint    ] Entering safepoint region: Cleanup
[2019-06-24T10:34:47.102+0000][1][safepoint    ] Leaving safepoint region
[2019-06-24T10:34:47.102+0000][1][safepoint    ] Total time for which application threads were stopped: 0.0002340 seconds, Stopping threads took: 0.0000652 seconds
[2019-06-24T10:34:48.102+0000][1][safepoint    ] Application time: 1.0002578 seconds
[2019-06-24T10:34:48.103+0000][1][safepoint    ] Entering safepoint region: Cleanup
[2019-06-24T10:34:48.103+0000][1][safepoint    ] Leaving safepoint region
[2019-06-24T10:34:48.103+0000][1][safepoint    ] Total time for which application threads were stopped: 0.0003214 seconds, Stopping threads took: 0.0001508 seconds
[2019-06-24T10:34:49.103+0000][1][safepoint    ] Application time: 1.0002100 seconds
[2019-06-24T10:34:49.103+0000][1][safepoint    ] Entering safepoint region: Cleanup
[2019-06-24T10:34:49.103+0000][1][safepoint    ] Leaving safepoint region
[2019-06-24T10:34:49.103+0000][1][safepoint    ] Total time for which application threads were stopped: 0.0002085 seconds, Stopping threads took: 0.0000583 seconds
[2019-06-24T10:34:50.104+0000][1][safepoint    ] Application time: 1.0002714 seconds
[2019-06-24T10:34:50.104+0000][1][safepoint    ] Entering safepoint region: Cleanup
[2019-06-24T10:34:50.104+0000][1][safepoint    ] Leaving safepoint region
[2019-06-24T10:34:50.104+0000][1][safepoint    ] Total time for which application threads were stopped: 0.0002356 seconds, Stopping threads took: 0.0000638 seconds
[2019-06-24T10:34:51.104+0000][1][safepoint    ] Application time: 1.0002508 seconds
[2019-06-24T10:34:51.104+0000][1][safepoint    ] Entering safepoint region: Cleanup
[2019-06-24T10:34:51.105+0000][1][safepoint    ] Leaving safepoint region
[2019-06-24T10:34:51.105+0000][1][safepoint    ] Total time for which application threads were stopped: 0.0002279 seconds, Stopping threads took: 0.0000524 seconds
[2019-06-24T10:34:52.105+0000][1][safepoint    ] Application time: 1.0002743 seconds
[2019-06-24T10:34:52.105+0000][1][safepoint    ] Entering safepoint region: Cleanup
[2019-06-24T10:34:52.105+0000][1][safepoint    ] Leaving safepoint region
[2019-06-24T10:34:52.105+0000][1][safepoint    ] Total time for which application threads were stopped: 0.0002318 seconds, Stopping threads took: 0.0000621 seconds
[2019-06-24T10:34:53.105+0000][1][safepoint    ] Application time: 1.0001967 seconds
[2019-06-24T10:34:53.106+0000][1][safepoint    ] Entering safepoint region: Cleanup
[2019-06-24T10:34:53.106+0000][1][safepoint    ] Leaving safepoint region
[2019-06-24T10:34:53.106+0000][1][safepoint    ] Total time for which application threads were stopped: 0.0002134 seconds, Stopping threads took: 0.0000569 seconds
[2019-06-24T10:34:54.106+0000][1][safepoint    ] Application time: 1.0002836 seconds
[2019-06-24T10:34:54.106+0000][1][safepoint    ] Entering safepoint region: Cleanup
[2019-06-24T10:34:54.106+0000][1][safepoint    ] Leaving safepoint region
[2019-06-24T10:34:54.106+0000][1][safepoint    ] Total time for which application threads were stopped: 0.0001137 seconds, Stopping threads took: 0.0000260 seconds
[2019-06-24T10:34:55.107+0000][1][safepoint    ] Application time: 1.0002731 seconds
[2019-06-24T10:34:55.107+0000][1][safepoint    ] Entering safepoint region: Cleanup
[2019-06-24T10:34:55.107+0000][1][safepoint    ] Leaving safepoint region
[2019-06-24T10:34:55.107+0000][1][safepoint    ] Total time for which application threads were stopped: 0.0002866 seconds, Stopping threads took: 0.0000646 seconds
[2019-06-24T10:34:56.107+0000][1][safepoint    ] Application time: 1.0002544 seconds
[2019-06-24T10:34:56.107+0000][1][safepoint    ] Entering safepoint region: Cleanup
[2019-06-24T10:34:56.108+0000][1][safepoint    ] Leaving safepoint region
[2019-06-24T10:34:56.108+0000][1][safepoint    ] Total time for which application threads were stopped: 0.0002899 seconds, Stopping threads took: 0.0000668 seconds
[2019-06-24T10:34:57.108+0000][1][safepoint    ] Application time: 1.0002736 seconds
[2019-06-24T10:34:57.108+0000][1][safepoint    ] Entering safepoint region: Cleanup
[2019-06-24T10:34:57.108+0000][1][safepoint    ] Leaving safepoint region
[2019-06-24T10:34:57.108+0000][1][safepoint    ] Total time for which application threads were stopped: 0.0003126 seconds, Stopping threads took: 0.0000749 seconds
[2019-06-24T10:34:58.109+0000][1][safepoint    ] Application time: 1.0003137 seconds
[2019-06-24T10:34:58.109+0000][1][safepoint    ] Entering safepoint region: Cleanup
[2019-06-24T10:34:58.109+0000][1][safepoint    ] Leaving safepoint region
[2019-06-24T10:34:58.109+0000][1][safepoint    ] Total time for which application threads were stopped: 0.0001048 seconds, Stopping threads took: 0.0000348 seconds
[2019-06-24T10:34:59.109+0000][1][safepoint    ] Application time: 1.0002303 seconds
[2019-06-24T10:34:59.109+0000][1][safepoint    ] Entering safepoint region: Cleanup
[2019-06-24T10:34:59.109+0000][1][safepoint    ] Leaving safepoint region
[2019-06-24T10:34:59.110+0000][1][safepoint    ] Total time for which application threads were stopped: 0.0002594 seconds, Stopping threads took: 0.0000555 seconds
[2019-06-24T10:35:00.110+0000][1][safepoint    ] Application time: 1.0001877 seconds
[2019-06-24T10:35:00.110+0000][1][safepoint    ] Entering safepoint region: Cleanup
[2019-06-24T10:35:00.110+0000][1][safepoint    ] Leaving safepoint region
[2019-06-24T10:35:00.110+0000][1][safepoint    ] Total time for which application threads were stopped: 0.0001899 seconds, Stopping threads took: 0.0000528 seconds
[2019-06-24T10:35:01.110+0000][1][safepoint    ] Application time: 1.0001881 seconds
[2019-06-24T10:35:01.110+0000][1][safepoint    ] Entering safepoint region: Cleanup
[2019-06-24T10:35:01.111+0000][1][safepoint    ] Leaving safepoint region
[2019-06-24T10:35:01.111+0000][1][safepoint    ] Total time for which application threads were stopped: 0.0002923 seconds, Stopping threads took: 0.0000617 seconds
[2019-06-24T10:35:02.111+0000][1][safepoint    ] Application time: 1.0001698 seconds
[2019-06-24T10:35:02.111+0000][1][safepoint    ] Entering safepoint region: Cleanup
[2019-06-24T10:35:02.111+0000][1][safepoint    ] Leaving safepoint region
[2019-06-24T10:35:02.111+0000][1][safepoint    ] Total time for which application threads were stopped: 0.0002404 seconds, Stopping threads took: 0.0000662 seconds
[2019-06-24T10:35:03.112+0000][1][safepoint    ] Application time: 1.0002458 seconds
[2019-06-24T10:35:03.112+0000][1][safepoint    ] Entering safepoint region: Cleanup
[2019-06-24T10:35:03.112+0000][1][safepoint    ] Leaving safepoint region
[2019-06-24T10:35:03.112+0000][1][safepoint    ] Total time for which application threads were stopped: 0.0000807 seconds, Stopping threads took: 0.0000225 seconds
[2019-06-24T10:35:04.112+0000][1][safepoint    ] Application time: 1.0001586 seconds
[2019-06-24T10:35:04.112+0000][1][safepoint    ] Entering safepoint region: Cleanup
[2019-06-24T10:35:04.112+0000][1][safepoint    ] Leaving safepoint region
[2019-06-24T10:35:04.112+0000][1][safepoint    ] Total time for which application threads were stopped: 0.0002314 seconds, Stopping threads took: 0.0000729 seconds
[2019-06-24T10:35:21.159+0000][1][safepoint    ] Application time: 17.0465238 seconds
[2019-06-24T10:35:21.160+0000][1][safepoint    ] Entering safepoint region: Cleanup
[2019-06-24T10:35:21.160+0000][1][safepoint    ] Leaving safepoint region
[2019-06-24T10:35:21.160+0000][1][safepoint    ] Total time for which application threads were stopped: 0.0003221 seconds, Stopping threads took: 0.0001377 seconds
[2019-06-24T10:35:32.929+0000][1][safepoint    ] Application time: 11.7689693 seconds
[2019-06-24T10:35:32.930+0000][1][safepoint    ] Entering safepoint region: GenCollectForAllocation
[2019-06-24T10:35:32.931+0000][1][gc,start     ] GC(38) Pause Young (Allocation Failure)
[2019-06-24T10:35:32.931+0000][1][gc,task      ] GC(38) Using 5 workers of 8 for evacuation
[2019-06-24T10:35:32.934+0000][1][gc,age       ] GC(38) Desired survivor size 4456448 bytes, new threshold 6 (max threshold 6)
[2019-06-24T10:35:32.934+0000][1][gc,age       ] GC(38) Age table with threshold 6 (max threshold 6)
[2019-06-24T10:35:32.934+0000][1][gc,age       ] GC(38) - age   1:       4456 bytes,       4456 total
[2019-06-24T10:35:32.934+0000][1][gc,age       ] GC(38) - age   2:       1904 bytes,       6360 total
[2019-06-24T10:35:32.934+0000][1][gc,age       ] GC(38) - age   4:       1552 bytes,       7912 total
[2019-06-24T10:35:32.934+0000][1][gc,age       ] GC(38) - age   5:        176 bytes,       8088 total
[2019-06-24T10:35:32.934+0000][1][gc,age       ] GC(38) - age   6:       1976 bytes,      10064 total
[2019-06-24T10:35:32.934+0000][1][gc,heap      ] GC(38) ParNew: 69968K->16K(78656K)
[2019-06-24T10:35:32.934+0000][1][gc,heap      ] GC(38) CMS: 69662K->69663K(174784K)
[2019-06-24T10:35:32.934+0000][1][gc,metaspace ] GC(38) Metaspace: 68064K->68064K(1112064K)
[2019-06-24T10:35:32.934+0000][1][gc           ] GC(38) Pause Young (Allocation Failure) 136M->68M(247M) 3.167ms
[2019-06-24T10:35:32.934+0000][1][gc,cpu       ] GC(38) User=0.01s Sys=0.00s Real=0.00s
[2019-06-24T10:35:32.934+0000][1][safepoint    ] Leaving safepoint region
[2019-06-24T10:35:32.934+0000][1][safepoint    ] Total time for which application threads were stopped: 0.0044401 seconds, Stopping threads took: 0.0003078 seconds
[2019-06-24T10:35:38.936+0000][1][safepoint    ] Application time: 6.0011216 seconds
[2019-06-24T10:35:38.936+0000][1][safepoint    ] Entering safepoint region: Cleanup
[2019-06-24T10:35:38.936+0000][1][safepoint    ] Leaving safepoint region
[2019-06-24T10:35:38.936+0000][1][safepoint    ] Total time for which application threads were stopped: 0.0000987 seconds, Stopping threads took: 0.0000348 seconds
[2019-06-24T10:37:25.957+0000][1][safepoint    ] Application time: 107.0212297 seconds
[2019-06-24T10:37:25.959+0000][1][safepoint    ] Entering safepoint region: Cleanup
[2019-06-24T10:37:25.959+0000][1][safepoint    ] Leaving safepoint region
[2019-06-24T10:37:25.959+0000][1][safepoint    ] Total time for which application threads were stopped: 0.0003897 seconds, Stopping threads took: 0.0001977 seconds
[2019-06-24T10:37:36.961+0000][1][safepoint    ] Application time: 11.0020902 seconds
[2019-06-24T10:37:36.962+0000][1][safepoint    ] Entering safepoint region: Cleanup
[2019-06-24T10:37:36.962+0000][1][safepoint    ] Leaving safepoint region
[2019-06-24T10:37:36.962+0000][1][safepoint    ] Total time for which application threads were stopped: 0.0001354 seconds, Stopping threads took: 0.0000628 seconds
[2019-06-24T10:37:38.071+0000][1][safepoint    ] Application time: 1.1086462 seconds
[2019-06-24T10:37:38.071+0000][1][safepoint    ] Entering safepoint region: GenCollectForAllocation
[2019-06-24T10:37:38.071+0000][1][gc,start     ] GC(39) Pause Young (Allocation Failure)
[2019-06-24T10:37:38.071+0000][1][gc,task      ] GC(39) Using 5 workers of 8 for evacuation
[2019-06-24T10:37:38.072+0000][1][gc,age       ] GC(39) Desired survivor size 4456448 bytes, new threshold 6 (max threshold 6)
[2019-06-24T10:37:38.072+0000][1][gc,age       ] GC(39) Age table with threshold 6 (max threshold 6)
[2019-06-24T10:37:38.072+0000][1][gc,age       ] GC(39) - age   1:       4368 bytes,       4368 total
[2019-06-24T10:37:38.072+0000][1][gc,age       ] GC(39) - age   2:        120 bytes,       4488 total
[2019-06-24T10:37:38.072+0000][1][gc,age       ] GC(39) - age   3:       1904 bytes,       6392 total
[2019-06-24T10:37:38.072+0000][1][gc,age       ] GC(39) - age   5:       1488 bytes,       7880 total
[2019-06-24T10:37:38.072+0000][1][gc,age       ] GC(39) - age   6:        176 bytes,       8056 total
[2019-06-24T10:37:38.072+0000][1][gc,heap      ] GC(39) ParNew: 69968K->14K(78656K)
[2019-06-24T10:37:38.072+0000][1][gc,heap      ] GC(39) CMS: 69663K->69665K(174784K)
[2019-06-24T10:37:38.072+0000][1][gc,metaspace ] GC(39) Metaspace: 68066K->68066K(1112064K)
[2019-06-24T10:37:38.072+0000][1][gc           ] GC(39) Pause Young (Allocation Failure) 136M->68M(247M) 1.153ms
[2019-06-24T10:37:38.072+0000][1][gc,cpu       ] GC(39) User=0.01s Sys=0.00s Real=0.00s
[2019-06-24T10:37:38.072+0000][1][safepoint    ] Leaving safepoint region
[2019-06-24T10:37:38.072+0000][1][safepoint    ] Total time for which application threads were stopped: 0.0013381 seconds, Stopping threads took: 0.0000235 seconds
[2019-06-24T10:39:38.209+0000][1][safepoint    ] Application time: 120.1362970 seconds
[2019-06-24T10:39:38.210+0000][1][safepoint    ] Entering safepoint region: GenCollectForAllocation
[2019-06-24T10:39:38.210+0000][1][gc,start     ] GC(40) Pause Young (Allocation Failure)
[2019-06-24T10:39:38.210+0000][1][gc,task      ] GC(40) Using 5 workers of 8 for evacuation
[2019-06-24T10:39:38.212+0000][1][gc,age       ] GC(40) Desired survivor size 4456448 bytes, new threshold 6 (max threshold 6)
[2019-06-24T10:39:38.212+0000][1][gc,age       ] GC(40) Age table with threshold 6 (max threshold 6)
[2019-06-24T10:39:38.212+0000][1][gc,age       ] GC(40) - age   1:       3264 bytes,       3264 total
[2019-06-24T10:39:38.212+0000][1][gc,age       ] GC(40) - age   2:         32 bytes,       3296 total
[2019-06-24T10:39:38.212+0000][1][gc,age       ] GC(40) - age   3:         56 bytes,       3352 total
[2019-06-24T10:39:38.212+0000][1][gc,age       ] GC(40) - age   4:       1904 bytes,       5256 total
[2019-06-24T10:39:38.212+0000][1][gc,age       ] GC(40) - age   6:       1488 bytes,       6744 total
[2019-06-24T10:39:38.212+0000][1][gc,heap      ] GC(40) ParNew: 69966K->14K(78656K)
[2019-06-24T10:39:38.212+0000][1][gc,heap      ] GC(40) CMS: 69665K->69665K(174784K)
[2019-06-24T10:39:38.212+0000][1][gc,metaspace ] GC(40) Metaspace: 68069K->68069K(1112064K)
[2019-06-24T10:39:38.212+0000][1][gc           ] GC(40) Pause Young (Allocation Failure) 136M->68M(247M) 2.514ms
[2019-06-24T10:39:38.213+0000][1][gc,cpu       ] GC(40) User=0.00s Sys=0.00s Real=0.00s
[2019-06-24T10:39:38.213+0000][1][safepoint    ] Leaving safepoint region
[2019-06-24T10:39:38.213+0000][1][safepoint    ] Total time for which application threads were stopped: 0.0029871 seconds, Stopping threads took: 0.0001317 seconds
[2019-06-24T10:40:54.227+0000][1][safepoint    ] Application time: 76.0144523 seconds
[2019-06-24T10:40:54.228+0000][1][safepoint    ] Entering safepoint region: Cleanup
[2019-06-24T10:40:54.228+0000][1][safepoint    ] Leaving safepoint region
[2019-06-24T10:40:54.228+0000][1][safepoint    ] Total time for which application threads were stopped: 0.0002589 seconds, Stopping threads took: 0.0000928 seconds
[2019-06-24T10:40:55.229+0000][1][safepoint    ] Application time: 1.0001928 seconds
[2019-06-24T10:40:55.229+0000][1][safepoint    ] Entering safepoint region: Cleanup
[2019-06-24T10:40:55.229+0000][1][safepoint    ] Leaving safepoint region
[2019-06-24T10:40:55.229+0000][1][safepoint    ] Total time for which application threads were stopped: 0.0002839 seconds, Stopping threads took: 0.0000649 seconds
[2019-06-24T10:40:56.229+0000][1][safepoint    ] Application time: 1.0001702 seconds
[2019-06-24T10:40:56.229+0000][1][safepoint    ] Entering safepoint region: Cleanup
[2019-06-24T10:40:56.230+0000][1][safepoint    ] Leaving safepoint region
[2019-06-24T10:40:56.230+0000][1][safepoint    ] Total time for which application threads were stopped: 0.0003322 seconds, Stopping threads took: 0.0000893 seconds
[2019-06-24T10:40:57.230+0000][1][safepoint    ] Application time: 1.0002063 seconds
[2019-06-24T10:40:57.230+0000][1][safepoint    ] Entering safepoint region: Cleanup
[2019-06-24T10:40:57.230+0000][1][safepoint    ] Leaving safepoint region
[2019-06-24T10:40:57.230+0000][1][safepoint    ] Total time for which application threads were stopped: 0.0002378 seconds, Stopping threads took: 0.0000650 seconds
[2019-06-24T10:40:58.231+0000][1][safepoint    ] Application time: 1.0003237 seconds
[2019-06-24T10:40:58.231+0000][1][safepoint    ] Entering safepoint region: Cleanup
[2019-06-24T10:40:58.231+0000][1][safepoint    ] Leaving safepoint region
[2019-06-24T10:40:58.231+0000][1][safepoint    ] Total time for which application threads were stopped: 0.0002434 seconds, Stopping threads took: 0.0000698 seconds
[2019-06-24T10:40:59.231+0000][1][safepoint    ] Application time: 1.0002585 seconds
[2019-06-24T10:40:59.231+0000][1][safepoint    ] Entering safepoint region: Cleanup
[2019-06-24T10:40:59.232+0000][1][safepoint    ] Leaving safepoint region
[2019-06-24T10:40:59.232+0000][1][safepoint    ] Total time for which application threads were stopped: 0.0002410 seconds, Stopping threads took: 0.0000659 seconds
[2019-06-24T10:41:00.232+0000][1][safepoint    ] Application time: 1.0001881 seconds
[2019-06-24T10:41:00.232+0000][1][safepoint    ] Entering safepoint region: Cleanup
[2019-06-24T10:41:00.232+0000][1][safepoint    ] Leaving safepoint region
[2019-06-24T10:41:00.232+0000][1][safepoint    ] Total time for which application threads were stopped: 0.0002274 seconds, Stopping threads took: 0.0000638 seconds
[2019-06-24T10:41:01.232+0000][1][safepoint    ] Application time: 1.0002636 seconds
[2019-06-24T10:41:01.233+0000][1][safepoint    ] Entering safepoint region: Cleanup
[2019-06-24T10:41:01.233+0000][1][safepoint    ] Leaving safepoint region
[2019-06-24T10:41:01.233+0000][1][safepoint    ] Total time for which application threads were stopped: 0.0002264 seconds, Stopping threads took: 0.0000633 seconds
[2019-06-24T10:41:02.233+0000][1][safepoint    ] Application time: 1.0002497 seconds
[2019-06-24T10:41:02.233+0000][1][safepoint    ] Entering safepoint region: Cleanup
[2019-06-24T10:41:02.233+0000][1][safepoint    ] Leaving safepoint region
[2019-06-24T10:41:02.233+0000][1][safepoint    ] Total time for which application threads were stopped: 0.0002688 seconds, Stopping threads took: 0.0000635 seconds
[2019-06-24T10:41:03.234+0000][1][safepoint    ] Application time: 1.0002673 seconds
[2019-06-24T10:41:03.234+0000][1][safepoint    ] Entering safepoint region: Cleanup
[2019-06-24T10:41:03.234+0000][1][safepoint    ] Leaving safepoint region
[2019-06-24T10:41:03.234+0000][1][safepoint    ] Total time for which application threads were stopped: 0.0002309 seconds, Stopping threads took: 0.0000628 seconds
[2019-06-24T10:41:04.234+0000][1][safepoint    ] Application time: 1.0001804 seconds
[2019-06-24T10:41:04.234+0000][1][safepoint    ] Entering safepoint region: Cleanup
[2019-06-24T10:41:04.235+0000][1][safepoint    ] Leaving safepoint region
[2019-06-24T10:41:04.235+0000][1][safepoint    ] Total time for which application threads were stopped: 0.0002568 seconds, Stopping threads took: 0.0001037 seconds
[2019-06-24T10:41:05.235+0000][1][safepoint    ] Application time: 1.0002179 seconds
[2019-06-24T10:41:05.235+0000][1][safepoint    ] Entering safepoint region: Cleanup
[2019-06-24T10:41:05.235+0000][1][safepoint    ] Leaving safepoint region
[2019-06-24T10:41:05.235+0000][1][safepoint    ] Total time for which application threads were stopped: 0.0002340 seconds, Stopping threads took: 0.0000638 seconds
[2019-06-24T10:41:06.235+0000][1][safepoint    ] Application time: 1.0001857 seconds
[2019-06-24T10:41:06.236+0000][1][safepoint    ] Entering safepoint region: Cleanup
[2019-06-24T10:41:06.236+0000][1][safepoint    ] Leaving safepoint region
[2019-06-24T10:41:06.236+0000][1][safepoint    ] Total time for which application threads were stopped: 0.0001957 seconds, Stopping threads took: 0.0000537 seconds
[2019-06-24T10:41:07.236+0000][1][safepoint    ] Application time: 1.0002618 seconds
[2019-06-24T10:41:07.236+0000][1][safepoint    ] Entering safepoint region: Cleanup
[2019-06-24T10:41:07.236+0000][1][safepoint    ] Leaving safepoint region
[2019-06-24T10:41:07.236+0000][1][safepoint    ] Total time for which application threads were stopped: 0.0002232 seconds, Stopping threads took: 0.0000628 seconds
[2019-06-24T10:41:08.237+0000][1][safepoint    ] Application time: 1.0002639 seconds
[2019-06-24T10:41:08.237+0000][1][safepoint    ] Entering safepoint region: Cleanup
[2019-06-24T10:41:08.237+0000][1][safepoint    ] Leaving safepoint region
[2019-06-24T10:41:08.237+0000][1][safepoint    ] Total time for which application threads were stopped: 0.0002257 seconds, Stopping threads took: 0.0000631 seconds
[2019-06-24T10:41:09.237+0000][1][safepoint    ] Application time: 1.0002147 seconds
[2019-06-24T10:41:09.237+0000][1][safepoint    ] Entering safepoint region: Cleanup
[2019-06-24T10:41:09.238+0000][1][safepoint    ] Leaving safepoint region
[2019-06-24T10:41:09.238+0000][1][safepoint    ] Total time for which application threads were stopped: 0.0002163 seconds, Stopping threads took: 0.0000626 seconds
[2019-06-24T10:41:10.238+0000][1][safepoint    ] Application time: 1.0002578 seconds
[2019-06-24T10:41:10.238+0000][1][safepoint    ] Entering safepoint region: Cleanup
[2019-06-24T10:41:10.238+0000][1][safepoint    ] Leaving safepoint region
[2019-06-24T10:41:10.238+0000][1][safepoint    ] Total time for which application threads were stopped: 0.0002285 seconds, Stopping threads took: 0.0000629 seconds
[2019-06-24T10:41:11.239+0000][1][safepoint    ] Application time: 1.0003299 seconds
[2019-06-24T10:41:11.239+0000][1][safepoint    ] Entering safepoint region: Cleanup
[2019-06-24T10:41:11.239+0000][1][safepoint    ] Leaving safepoint region
[2019-06-24T10:41:11.239+0000][1][safepoint    ] Total time for which application threads were stopped: 0.0002188 seconds, Stopping threads took: 0.0000621 seconds
[2019-06-24T10:41:12.239+0000][1][safepoint    ] Application time: 1.0002635 seconds
[2019-06-24T10:41:12.239+0000][1][safepoint    ] Entering safepoint region: Cleanup
[2019-06-24T10:41:12.240+0000][1][safepoint    ] Leaving safepoint region
[2019-06-24T10:41:12.240+0000][1][safepoint    ] Total time for which application threads were stopped: 0.0003599 seconds, Stopping threads took: 0.0000622 seconds
[2019-06-24T10:41:13.240+0000][1][safepoint    ] Application time: 1.0002656 seconds
[2019-06-24T10:41:13.240+0000][1][safepoint    ] Entering safepoint region: Cleanup
[2019-06-24T10:41:13.240+0000][1][safepoint    ] Leaving safepoint region
[2019-06-24T10:41:13.240+0000][1][safepoint    ] Total time for which application threads were stopped: 0.0002291 seconds, Stopping threads took: 0.0000627 seconds
[2019-06-24T10:41:14.241+0000][1][safepoint    ] Application time: 1.0002529 seconds
[2019-06-24T10:41:14.241+0000][1][safepoint    ] Entering safepoint region: Cleanup
[2019-06-24T10:41:14.241+0000][1][safepoint    ] Leaving safepoint region
[2019-06-24T10:41:14.241+0000][1][safepoint    ] Total time for which application threads were stopped: 0.0002634 seconds, Stopping threads took: 0.0000923 seconds
[2019-06-24T10:41:15.241+0000][1][safepoint    ] Application time: 1.0002579 seconds
[2019-06-24T10:41:15.241+0000][1][safepoint    ] Entering safepoint region: Cleanup
[2019-06-24T10:41:15.242+0000][1][safepoint    ] Leaving safepoint region
[2019-06-24T10:41:15.242+0000][1][safepoint    ] Total time for which application threads were stopped: 0.0003071 seconds, Stopping threads took: 0.0001036 seconds
[2019-06-24T10:41:16.242+0000][1][safepoint    ] Application time: 1.0002310 seconds
[2019-06-24T10:41:16.242+0000][1][safepoint    ] Entering safepoint region: Cleanup
[2019-06-24T10:41:16.242+0000][1][safepoint    ] Leaving safepoint region
[2019-06-24T10:41:16.242+0000][1][safepoint    ] Total time for which application threads were stopped: 0.0002208 seconds, Stopping threads took: 0.0000608 seconds
[2019-06-24T10:41:17.243+0000][1][safepoint    ] Application time: 1.0002994 seconds
[2019-06-24T10:41:17.243+0000][1][safepoint    ] Entering safepoint region: Cleanup
[2019-06-24T10:41:17.243+0000][1][safepoint    ] Leaving safepoint region
[2019-06-24T10:41:17.243+0000][1][safepoint    ] Total time for which application threads were stopped: 0.0001137 seconds, Stopping threads took: 0.0000394 seconds
[2019-06-24T10:41:18.398+0000][1][safepoint    ] Application time: 1.1547288 seconds
[2019-06-24T10:41:18.398+0000][1][safepoint    ] Entering safepoint region: Cleanup
[2019-06-24T10:41:18.398+0000][1][safepoint    ] Leaving safepoint region
[2019-06-24T10:41:18.398+0000][1][safepoint    ] Total time for which application threads were stopped: 0.0002525 seconds, Stopping threads took: 0.0000647 seconds
[2019-06-24T10:41:19.398+0000][1][safepoint    ] Application time: 1.0001657 seconds
[2019-06-24T10:41:19.398+0000][1][safepoint    ] Entering safepoint region: Cleanup
[2019-06-24T10:41:19.398+0000][1][safepoint    ] Leaving safepoint region
[2019-06-24T10:41:19.398+0000][1][safepoint    ] Total time for which application threads were stopped: 0.0001499 seconds, Stopping threads took: 0.0000399 seconds
[2019-06-24T10:41:20.399+0000][1][safepoint    ] Application time: 1.0003272 seconds
[2019-06-24T10:41:20.399+0000][1][safepoint    ] Entering safepoint region: Cleanup
[2019-06-24T10:41:20.399+0000][1][safepoint    ] Leaving safepoint region
[2019-06-24T10:41:20.399+0000][1][safepoint    ] Total time for which application threads were stopped: 0.0002236 seconds, Stopping threads took: 0.0000674 seconds
[2019-06-24T10:41:21.399+0000][1][safepoint    ] Application time: 1.0002443 seconds
[2019-06-24T10:41:21.399+0000][1][safepoint    ] Entering safepoint region: Cleanup
[2019-06-24T10:41:21.400+0000][1][safepoint    ] Leaving safepoint region
[2019-06-24T10:41:21.400+0000][1][safepoint    ] Total time for which application threads were stopped: 0.0002293 seconds, Stopping threads took: 0.0000649 seconds
[2019-06-24T10:41:22.400+0000][1][safepoint    ] Application time: 1.0002755 seconds
[2019-06-24T10:41:22.400+0000][1][safepoint    ] Entering safepoint region: Cleanup
[2019-06-24T10:41:22.400+0000][1][safepoint    ] Leaving safepoint region
[2019-06-24T10:41:22.400+0000][1][safepoint    ] Total time for which application threads were stopped: 0.0003341 seconds, Stopping threads took: 0.0000734 seconds
[2019-06-24T10:41:23.401+0000][1][safepoint    ] Application time: 1.0002824 seconds
[2019-06-24T10:41:23.401+0000][1][safepoint    ] Entering safepoint region: Cleanup
[2019-06-24T10:41:23.401+0000][1][safepoint    ] Leaving safepoint region
[2019-06-24T10:41:23.401+0000][1][safepoint    ] Total time for which application threads were stopped: 0.0002280 seconds, Stopping threads took: 0.0000626 seconds
[2019-06-24T10:41:24.401+0000][1][safepoint    ] Application time: 1.0002444 seconds
[2019-06-24T10:41:24.401+0000][1][safepoint    ] Entering safepoint region: Cleanup
[2019-06-24T10:41:24.402+0000][1][safepoint    ] Leaving safepoint region
[2019-06-24T10:41:24.402+0000][1][safepoint    ] Total time for which application threads were stopped: 0.0001172 seconds, Stopping threads took: 0.0000324 seconds
[2019-06-24T10:41:25.402+0000][1][safepoint    ] Application time: 1.0002760 seconds
[2019-06-24T10:41:25.402+0000][1][safepoint    ] Entering safepoint region: Cleanup
[2019-06-24T10:41:25.402+0000][1][safepoint    ] Leaving safepoint region
[2019-06-24T10:41:25.402+0000][1][safepoint    ] Total time for which application threads were stopped: 0.0002874 seconds, Stopping threads took: 0.0000770 seconds
[2019-06-24T10:41:26.403+0000][1][safepoint    ] Application time: 1.0003348 seconds
[2019-06-24T10:41:26.403+0000][1][safepoint    ] Entering safepoint region: Cleanup
[2019-06-24T10:41:26.403+0000][1][safepoint    ] Leaving safepoint region
[2019-06-24T10:41:26.403+0000][1][safepoint    ] Total time for which application threads were stopped: 0.0002193 seconds, Stopping threads took: 0.0000622 seconds
[2019-06-24T10:41:27.403+0000][1][safepoint    ] Application time: 1.0001769 seconds
[2019-06-24T10:41:27.403+0000][1][safepoint    ] Entering safepoint region: Cleanup
[2019-06-24T10:41:27.403+0000][1][safepoint    ] Leaving safepoint region
[2019-06-24T10:41:27.404+0000][1][safepoint    ] Total time for which application threads were stopped: 0.0001974 seconds, Stopping threads took: 0.0000537 seconds
[2019-06-24T10:41:28.404+0000][1][safepoint    ] Application time: 1.0001665 seconds
[2019-06-24T10:41:28.404+0000][1][safepoint    ] Entering safepoint region: Cleanup
[2019-06-24T10:41:28.404+0000][1][safepoint    ] Leaving safepoint region
[2019-06-24T10:41:28.404+0000][1][safepoint    ] Total time for which application threads were stopped: 0.0001948 seconds, Stopping threads took: 0.0000530 seconds
[2019-06-24T10:41:29.404+0000][1][safepoint    ] Application time: 1.0001812 seconds
[2019-06-24T10:41:29.404+0000][1][safepoint    ] Entering safepoint region: Cleanup
[2019-06-24T10:41:29.405+0000][1][safepoint    ] Leaving safepoint region
[2019-06-24T10:41:29.405+0000][1][safepoint    ] Total time for which application threads were stopped: 0.0002279 seconds, Stopping threads took: 0.0000632 seconds
[2019-06-24T10:41:30.405+0000][1][safepoint    ] Application time: 1.0001377 seconds
[2019-06-24T10:41:30.405+0000][1][safepoint    ] Entering safepoint region: Cleanup
[2019-06-24T10:41:30.405+0000][1][safepoint    ] Leaving safepoint region
[2019-06-24T10:41:30.405+0000][1][safepoint    ] Total time for which application threads were stopped: 0.0002920 seconds, Stopping threads took: 0.0000662 seconds
[2019-06-24T10:41:31.405+0000][1][safepoint    ] Application time: 1.0003034 seconds
[2019-06-24T10:41:31.406+0000][1][safepoint    ] Entering safepoint region: Cleanup
[2019-06-24T10:41:31.406+0000][1][safepoint    ] Leaving safepoint region
[2019-06-24T10:41:31.406+0000][1][safepoint    ] Total time for which application threads were stopped: 0.0003215 seconds, Stopping threads took: 0.0000815 seconds
[2019-06-24T10:41:32.406+0000][1][safepoint    ] Application time: 1.0003038 seconds
[2019-06-24T10:41:32.407+0000][1][safepoint    ] Entering safepoint region: Cleanup
[2019-06-24T10:41:32.407+0000][1][safepoint    ] Leaving safepoint region
[2019-06-24T10:41:32.407+0000][1][safepoint    ] Total time for which application threads were stopped: 0.0003710 seconds, Stopping threads took: 0.0001855 seconds
[2019-06-24T10:41:33.407+0000][1][safepoint    ] Application time: 1.0001574 seconds
[2019-06-24T10:41:33.407+0000][1][safepoint    ] Entering safepoint region: Cleanup
[2019-06-24T10:41:33.407+0000][1][safepoint    ] Leaving safepoint region
[2019-06-24T10:41:33.407+0000][1][safepoint    ] Total time for which application threads were stopped: 0.0003171 seconds, Stopping threads took: 0.0000619 seconds
[2019-06-24T10:41:34.408+0000][1][safepoint    ] Application time: 1.0002876 seconds
[2019-06-24T10:41:34.408+0000][1][safepoint    ] Entering safepoint region: Cleanup
[2019-06-24T10:41:34.408+0000][1][safepoint    ] Leaving safepoint region
[2019-06-24T10:41:34.408+0000][1][safepoint    ] Total time for which application threads were stopped: 0.0002681 seconds, Stopping threads took: 0.0000938 seconds
[2019-06-24T10:41:35.409+0000][1][safepoint    ] Application time: 1.0002901 seconds
[2019-06-24T10:41:35.409+0000][1][safepoint    ] Entering safepoint region: Cleanup
[2019-06-24T10:41:35.409+0000][1][safepoint    ] Leaving safepoint region
[2019-06-24T10:41:35.409+0000][1][safepoint    ] Total time for which application threads were stopped: 0.0002656 seconds, Stopping threads took: 0.0000624 seconds
[2019-06-24T10:41:36.409+0000][1][safepoint    ] Application time: 1.0003425 seconds
[2019-06-24T10:41:36.409+0000][1][safepoint    ] Entering safepoint region: Cleanup
[2019-06-24T10:41:36.410+0000][1][safepoint    ] Leaving safepoint region
[2019-06-24T10:41:36.410+0000][1][safepoint    ] Total time for which application threads were stopped: 0.0002310 seconds, Stopping threads took: 0.0000619 seconds
[2019-06-24T10:41:37.410+0000][1][safepoint    ] Application time: 1.0002707 seconds
[2019-06-24T10:41:37.410+0000][1][safepoint    ] Entering safepoint region: Cleanup
[2019-06-24T10:41:37.410+0000][1][safepoint    ] Leaving safepoint region
[2019-06-24T10:41:37.410+0000][1][safepoint    ] Total time for which application threads were stopped: 0.0002338 seconds, Stopping threads took: 0.0000640 seconds
[2019-06-24T10:41:38.411+0000][1][safepoint    ] Application time: 1.0002939 seconds
[2019-06-24T10:41:38.411+0000][1][safepoint    ] Entering safepoint region: Cleanup
[2019-06-24T10:41:38.411+0000][1][safepoint    ] Leaving safepoint region
[2019-06-24T10:41:38.411+0000][1][safepoint    ] Total time for which application threads were stopped: 0.0002163 seconds, Stopping threads took: 0.0000606 seconds
[2019-06-24T10:41:39.411+0000][1][safepoint    ] Application time: 1.0002470 seconds
[2019-06-24T10:41:39.411+0000][1][safepoint    ] Entering safepoint region: Cleanup
[2019-06-24T10:41:39.412+0000][1][safepoint    ] Leaving safepoint region
[2019-06-24T10:41:39.412+0000][1][safepoint    ] Total time for which application threads were stopped: 0.0002320 seconds, Stopping threads took: 0.0000644 seconds
[2019-06-24T10:41:40.412+0000][1][safepoint    ] Application time: 1.0002554 seconds
[2019-06-24T10:41:40.412+0000][1][safepoint    ] Entering safepoint region: Cleanup
[2019-06-24T10:41:40.412+0000][1][safepoint    ] Leaving safepoint region
[2019-06-24T10:41:40.412+0000][1][safepoint    ] Total time for which application threads were stopped: 0.0003089 seconds, Stopping threads took: 0.0000783 seconds
[2019-06-24T10:41:41.413+0000][1][safepoint    ] Application time: 1.0001916 seconds
[2019-06-24T10:41:41.413+0000][1][safepoint    ] Entering safepoint region: Cleanup
[2019-06-24T10:41:41.413+0000][1][safepoint    ] Leaving safepoint region
[2019-06-24T10:41:41.413+0000][1][safepoint    ] Total time for which application threads were stopped: 0.0002341 seconds, Stopping threads took: 0.0000655 seconds
[2019-06-24T10:41:42.413+0000][1][safepoint    ] Application time: 1.0002633 seconds
[2019-06-24T10:41:42.413+0000][1][safepoint    ] Entering safepoint region: Cleanup
[2019-06-24T10:41:42.413+0000][1][safepoint    ] Leaving safepoint region
[2019-06-24T10:41:42.413+0000][1][safepoint    ] Total time for which application threads were stopped: 0.0002279 seconds, Stopping threads took: 0.0000626 seconds
[2019-06-24T10:41:43.341+0000][1][safepoint    ] Application time: 0.9271571 seconds
[2019-06-24T10:41:43.341+0000][1][safepoint    ] Entering safepoint region: GenCollectForAllocation
[2019-06-24T10:41:43.341+0000][1][gc,start     ] GC(41) Pause Young (Allocation Failure)
[2019-06-24T10:41:43.341+0000][1][gc,task      ] GC(41) Using 5 workers of 8 for evacuation
[2019-06-24T10:41:43.342+0000][1][gc,age       ] GC(41) Desired survivor size 4456448 bytes, new threshold 6 (max threshold 6)
[2019-06-24T10:41:43.342+0000][1][gc,age       ] GC(41) Age table with threshold 6 (max threshold 6)
[2019-06-24T10:41:43.342+0000][1][gc,age       ] GC(41) - age   1:       4344 bytes,       4344 total
[2019-06-24T10:41:43.342+0000][1][gc,age       ] GC(41) - age   2:         32 bytes,       4376 total
[2019-06-24T10:41:43.342+0000][1][gc,age       ] GC(41) - age   4:         56 bytes,       4432 total
[2019-06-24T10:41:43.342+0000][1][gc,age       ] GC(41) - age   5:       1904 bytes,       6336 total
[2019-06-24T10:41:43.342+0000][1][gc,heap      ] GC(41) ParNew: 69966K->12K(78656K)
[2019-06-24T10:41:43.342+0000][1][gc,heap      ] GC(41) CMS: 69665K->69667K(174784K)
[2019-06-24T10:41:43.342+0000][1][gc,metaspace ] GC(41) Metaspace: 68073K->68073K(1112064K)
[2019-06-24T10:41:43.342+0000][1][gc           ] GC(41) Pause Young (Allocation Failure) 136M->68M(247M) 1.281ms
[2019-06-24T10:41:43.342+0000][1][gc,cpu       ] GC(41) User=0.00s Sys=0.00s Real=0.00s
[2019-06-24T10:41:43.342+0000][1][safepoint    ] Leaving safepoint region
[2019-06-24T10:41:43.342+0000][1][safepoint    ] Total time for which application threads were stopped: 0.0014680 seconds, Stopping threads took: 0.0000254 seconds
[2019-06-24T10:41:44.342+0000][1][safepoint    ] Application time: 1.0001299 seconds
[2019-06-24T10:41:44.343+0000][1][safepoint    ] Entering safepoint region: Cleanup
[2019-06-24T10:41:44.343+0000][1][safepoint    ] Leaving safepoint region
[2019-06-24T10:41:44.343+0000][1][safepoint    ] Total time for which application threads were stopped: 0.0002698 seconds, Stopping threads took: 0.0000943 seconds
[2019-06-24T10:41:45.343+0000][1][safepoint    ] Application time: 1.0001759 seconds
[2019-06-24T10:41:45.343+0000][1][safepoint    ] Entering safepoint region: Cleanup
[2019-06-24T10:41:45.343+0000][1][safepoint    ] Leaving safepoint region
[2019-06-24T10:41:45.343+0000][1][safepoint    ] Total time for which application threads were stopped: 0.0002331 seconds, Stopping threads took: 0.0000646 seconds
[2019-06-24T10:41:46.344+0000][1][safepoint    ] Application time: 1.0002766 seconds
[2019-06-24T10:41:46.344+0000][1][safepoint    ] Entering safepoint region: Cleanup
[2019-06-24T10:41:46.344+0000][1][safepoint    ] Leaving safepoint region
[2019-06-24T10:41:46.344+0000][1][safepoint    ] Total time for which application threads were stopped: 0.0002458 seconds, Stopping threads took: 0.0000646 seconds
[2019-06-24T10:41:47.344+0000][1][safepoint    ] Application time: 1.0002624 seconds
[2019-06-24T10:41:47.344+0000][1][safepoint    ] Entering safepoint region: Cleanup
[2019-06-24T10:41:47.345+0000][1][safepoint    ] Leaving safepoint region
[2019-06-24T10:41:47.345+0000][1][safepoint    ] Total time for which application threads were stopped: 0.0002276 seconds, Stopping threads took: 0.0000632 seconds
[2019-06-24T10:41:48.345+0000][1][safepoint    ] Application time: 1.0001355 seconds
[2019-06-24T10:41:48.345+0000][1][safepoint    ] Entering safepoint region: Cleanup
[2019-06-24T10:41:48.345+0000][1][safepoint    ] Leaving safepoint region
[2019-06-24T10:41:48.345+0000][1][safepoint    ] Total time for which application threads were stopped: 0.0002746 seconds, Stopping threads took: 0.0000921 seconds
[2019-06-24T10:41:49.345+0000][1][safepoint    ] Application time: 1.0002769 seconds
[2019-06-24T10:41:49.346+0000][1][safepoint    ] Entering safepoint region: Cleanup
[2019-06-24T10:41:49.346+0000][1][safepoint    ] Leaving safepoint region
[2019-06-24T10:41:49.346+0000][1][safepoint    ] Total time for which application threads were stopped: 0.0002221 seconds, Stopping threads took: 0.0000622 seconds
[2019-06-24T10:41:50.346+0000][1][safepoint    ] Application time: 1.0002756 seconds
[2019-06-24T10:41:50.346+0000][1][safepoint    ] Entering safepoint region: Cleanup
[2019-06-24T10:41:50.346+0000][1][safepoint    ] Leaving safepoint region
[2019-06-24T10:41:50.347+0000][1][safepoint    ] Total time for which application threads were stopped: 0.0003793 seconds, Stopping threads took: 0.0000628 seconds
[2019-06-24T10:41:51.347+0000][1][safepoint    ] Application time: 1.0002500 seconds
[2019-06-24T10:41:51.347+0000][1][safepoint    ] Entering safepoint region: Cleanup
[2019-06-24T10:41:51.347+0000][1][safepoint    ] Leaving safepoint region
[2019-06-24T10:41:51.347+0000][1][safepoint    ] Total time for which application threads were stopped: 0.0002280 seconds, Stopping threads took: 0.0000631 seconds
[2019-06-24T10:41:52.348+0000][1][safepoint    ] Application time: 1.0002363 seconds
[2019-06-24T10:41:52.348+0000][1][safepoint    ] Entering safepoint region: Cleanup
[2019-06-24T10:41:52.348+0000][1][safepoint    ] Leaving safepoint region
[2019-06-24T10:41:52.348+0000][1][safepoint    ] Total time for which application threads were stopped: 0.0002355 seconds, Stopping threads took: 0.0000635 seconds
[2019-06-24T10:41:53.348+0000][1][safepoint    ] Application time: 1.0002671 seconds
[2019-06-24T10:41:53.348+0000][1][safepoint    ] Entering safepoint region: Cleanup
[2019-06-24T10:41:53.348+0000][1][safepoint    ] Leaving safepoint region
[2019-06-24T10:41:53.349+0000][1][safepoint    ] Total time for which application threads were stopped: 0.0002543 seconds, Stopping threads took: 0.0000895 seconds
[2019-06-24T10:41:54.667+0000][1][safepoint    ] Application time: 1.3188229 seconds
[2019-06-24T10:41:54.667+0000][1][safepoint    ] Entering safepoint region: Cleanup
[2019-06-24T10:41:54.668+0000][1][safepoint    ] Leaving safepoint region
[2019-06-24T10:41:54.668+0000][1][safepoint    ] Total time for which application threads were stopped: 0.0003057 seconds, Stopping threads took: 0.0000565 seconds
[2019-06-24T10:41:55.668+0000][1][safepoint    ] Application time: 1.0001496 seconds
[2019-06-24T10:41:55.668+0000][1][safepoint    ] Entering safepoint region: Cleanup
[2019-06-24T10:41:55.668+0000][1][safepoint    ] Leaving safepoint region
[2019-06-24T10:41:55.668+0000][1][safepoint    ] Total time for which application threads were stopped: 0.0001513 seconds, Stopping threads took: 0.0000320 seconds
[2019-06-24T10:41:56.668+0000][1][safepoint    ] Application time: 1.0001938 seconds
[2019-06-24T10:41:56.669+0000][1][safepoint    ] Entering safepoint region: Cleanup
[2019-06-24T10:41:56.669+0000][1][safepoint    ] Leaving safepoint region
[2019-06-24T10:41:56.669+0000][1][safepoint    ] Total time for which application threads were stopped: 0.0002112 seconds, Stopping threads took: 0.0000588 seconds
[2019-06-24T10:41:57.669+0000][1][safepoint    ] Application time: 1.0001944 seconds
[2019-06-24T10:41:57.669+0000][1][safepoint    ] Entering safepoint region: Cleanup
[2019-06-24T10:41:57.669+0000][1][safepoint    ] Leaving safepoint region
[2019-06-24T10:41:57.669+0000][1][safepoint    ] Total time for which application threads were stopped: 0.0004066 seconds, Stopping threads took: 0.0002082 seconds
[2019-06-24T10:41:58.670+0000][1][safepoint    ] Application time: 1.0002130 seconds
[2019-06-24T10:41:58.670+0000][1][safepoint    ] Entering safepoint region: Cleanup
[2019-06-24T10:41:58.670+0000][1][safepoint    ] Leaving safepoint region
[2019-06-24T10:41:58.670+0000][1][safepoint    ] Total time for which application threads were stopped: 0.0005148 seconds, Stopping threads took: 0.0000895 seconds
[2019-06-24T10:41:59.671+0000][1][safepoint    ] Application time: 1.0002692 seconds
[2019-06-24T10:41:59.671+0000][1][safepoint    ] Entering safepoint region: Cleanup
[2019-06-24T10:41:59.671+0000][1][safepoint    ] Leaving safepoint region
[2019-06-24T10:41:59.671+0000][1][safepoint    ] Total time for which application threads were stopped: 0.0002206 seconds, Stopping threads took: 0.0000607 seconds
[2019-06-24T10:42:00.671+0000][1][safepoint    ] Application time: 1.0001857 seconds
[2019-06-24T10:42:00.671+0000][1][safepoint    ] Entering safepoint region: Cleanup
[2019-06-24T10:42:00.672+0000][1][safepoint    ] Leaving safepoint region
[2019-06-24T10:42:00.672+0000][1][safepoint    ] Total time for which application threads were stopped: 0.0002549 seconds, Stopping threads took: 0.0000767 seconds
[2019-06-24T10:42:01.672+0000][1][safepoint    ] Application time: 1.0001886 seconds
[2019-06-24T10:42:01.672+0000][1][safepoint    ] Entering safepoint region: Cleanup
[2019-06-24T10:42:01.672+0000][1][safepoint    ] Leaving safepoint region
[2019-06-24T10:42:01.672+0000][1][safepoint    ] Total time for which application threads were stopped: 0.0002249 seconds, Stopping threads took: 0.0000608 seconds
[2019-06-24T10:42:02.672+0000][1][safepoint    ] Application time: 1.0002051 seconds
[2019-06-24T10:42:02.673+0000][1][safepoint    ] Entering safepoint region: Cleanup
[2019-06-24T10:42:02.673+0000][1][safepoint    ] Leaving safepoint region
[2019-06-24T10:42:02.673+0000][1][safepoint    ] Total time for which application threads were stopped: 0.0002261 seconds, Stopping threads took: 0.0000643 seconds
[2019-06-24T10:42:03.673+0000][1][safepoint    ] Application time: 1.0001803 seconds
[2019-06-24T10:42:03.673+0000][1][safepoint    ] Entering safepoint region: Cleanup
[2019-06-24T10:42:03.673+0000][1][safepoint    ] Leaving safepoint region
[2019-06-24T10:42:03.673+0000][1][safepoint    ] Total time for which application threads were stopped: 0.0003111 seconds, Stopping threads took: 0.0001263 seconds
[2019-06-24T10:42:04.674+0000][1][safepoint    ] Application time: 1.0002122 seconds
[2019-06-24T10:42:04.674+0000][1][safepoint    ] Entering safepoint region: Cleanup
[2019-06-24T10:42:04.674+0000][1][safepoint    ] Leaving safepoint region
[2019-06-24T10:42:04.674+0000][1][safepoint    ] Total time for which application threads were stopped: 0.0002337 seconds, Stopping threads took: 0.0000633 seconds
[2019-06-24T10:42:05.674+0000][1][safepoint    ] Application time: 1.0002584 seconds
[2019-06-24T10:42:05.674+0000][1][safepoint    ] Entering safepoint region: Cleanup
[2019-06-24T10:42:05.675+0000][1][safepoint    ] Leaving safepoint region
[2019-06-24T10:42:05.675+0000][1][safepoint    ] Total time for which application threads were stopped: 0.0003390 seconds, Stopping threads took: 0.0000645 seconds
[2019-06-24T10:42:06.675+0000][1][safepoint    ] Application time: 1.0001412 seconds
[2019-06-24T10:42:06.675+0000][1][safepoint    ] Entering safepoint region: Cleanup
[2019-06-24T10:42:06.675+0000][1][safepoint    ] Leaving safepoint region
[2019-06-24T10:42:06.675+0000][1][safepoint    ] Total time for which application threads were stopped: 0.0002315 seconds, Stopping threads took: 0.0000645 seconds
[2019-06-24T10:42:07.676+0000][1][safepoint    ] Application time: 1.0002592 seconds
[2019-06-24T10:42:07.676+0000][1][safepoint    ] Entering safepoint region: Cleanup
[2019-06-24T10:42:07.676+0000][1][safepoint    ] Leaving safepoint region
[2019-06-24T10:42:07.676+0000][1][safepoint    ] Total time for which application threads were stopped: 0.0002328 seconds, Stopping threads took: 0.0000651 seconds
[2019-06-24T10:42:08.676+0000][1][safepoint    ] Application time: 1.0002731 seconds
[2019-06-24T10:42:08.676+0000][1][safepoint    ] Entering safepoint region: Cleanup
[2019-06-24T10:42:08.676+0000][1][safepoint    ] Leaving safepoint region
[2019-06-24T10:42:08.677+0000][1][safepoint    ] Total time for which application threads were stopped: 0.0002334 seconds, Stopping threads took: 0.0000648 seconds
[2019-06-24T10:42:09.677+0000][1][safepoint    ] Application time: 1.0002126 seconds
[2019-06-24T10:42:09.677+0000][1][safepoint    ] Entering safepoint region: Cleanup
[2019-06-24T10:42:09.677+0000][1][safepoint    ] Leaving safepoint region
[2019-06-24T10:42:09.677+0000][1][safepoint    ] Total time for which application threads were stopped: 0.0003159 seconds, Stopping threads took: 0.0000828 seconds
[2019-06-24T10:42:10.678+0000][1][safepoint    ] Application time: 1.0001985 seconds
[2019-06-24T10:42:10.678+0000][1][safepoint    ] Entering safepoint region: Cleanup
[2019-06-24T10:42:10.678+0000][1][safepoint    ] Leaving safepoint region
[2019-06-24T10:42:10.678+0000][1][safepoint    ] Total time for which application threads were stopped: 0.0002197 seconds, Stopping threads took: 0.0000628 seconds
[2019-06-24T10:42:11.678+0000][1][safepoint    ] Application time: 1.0002677 seconds
[2019-06-24T10:42:11.678+0000][1][safepoint    ] Entering safepoint region: Cleanup
[2019-06-24T10:42:11.678+0000][1][safepoint    ] Leaving safepoint region
[2019-06-24T10:42:11.678+0000][1][safepoint    ] Total time for which application threads were stopped: 0.0002215 seconds, Stopping threads took: 0.0000728 seconds
[2019-06-24T10:42:12.679+0000][1][safepoint    ] Application time: 1.0002580 seconds
[2019-06-24T10:42:12.679+0000][1][safepoint    ] Entering safepoint region: Cleanup
[2019-06-24T10:42:12.680+0000][1][safepoint    ] Leaving safepoint region
[2019-06-24T10:42:12.680+0000][1][safepoint    ] Total time for which application threads were stopped: 0.0005240 seconds, Stopping threads took: 0.0001580 seconds
[2019-06-24T10:42:13.680+0000][1][safepoint    ] Application time: 1.0002024 seconds
[2019-06-24T10:42:13.680+0000][1][safepoint    ] Entering safepoint region: Cleanup
[2019-06-24T10:42:13.680+0000][1][safepoint    ] Leaving safepoint region
[2019-06-24T10:42:13.680+0000][1][safepoint    ] Total time for which application threads were stopped: 0.0002158 seconds, Stopping threads took: 0.0000599 seconds
[2019-06-24T10:42:14.680+0000][1][safepoint    ] Application time: 1.0001670 seconds
[2019-06-24T10:42:14.681+0000][1][safepoint    ] Entering safepoint region: Cleanup
[2019-06-24T10:42:14.681+0000][1][safepoint    ] Leaving safepoint region
[2019-06-24T10:42:14.681+0000][1][safepoint    ] Total time for which application threads were stopped: 0.0002631 seconds, Stopping threads took: 0.0000745 seconds
[2019-06-24T10:42:15.681+0000][1][safepoint    ] Application time: 1.0001381 seconds
[2019-06-24T10:42:15.681+0000][1][safepoint    ] Entering safepoint region: Cleanup
[2019-06-24T10:42:15.681+0000][1][safepoint    ] Leaving safepoint region
[2019-06-24T10:42:15.681+0000][1][safepoint    ] Total time for which application threads were stopped: 0.0002187 seconds, Stopping threads took: 0.0000617 seconds
[2019-06-24T10:42:16.682+0000][1][safepoint    ] Application time: 1.0002612 seconds
[2019-06-24T10:42:16.682+0000][1][safepoint    ] Entering safepoint region: Cleanup
[2019-06-24T10:42:16.682+0000][1][safepoint    ] Leaving safepoint region
[2019-06-24T10:42:16.682+0000][1][safepoint    ] Total time for which application threads were stopped: 0.0002208 seconds, Stopping threads took: 0.0000622 seconds
[2019-06-24T10:42:17.682+0000][1][safepoint    ] Application time: 1.0001533 seconds
[2019-06-24T10:42:17.682+0000][1][safepoint    ] Entering safepoint region: Cleanup
[2019-06-24T10:42:17.682+0000][1][safepoint    ] Leaving safepoint region
[2019-06-24T10:42:17.682+0000][1][safepoint    ] Total time for which application threads were stopped: 0.0002618 seconds, Stopping threads took: 0.0000749 seconds
[2019-06-24T10:42:18.683+0000][1][safepoint    ] Application time: 1.0002725 seconds
[2019-06-24T10:42:18.683+0000][1][safepoint    ] Entering safepoint region: Cleanup
[2019-06-24T10:42:18.683+0000][1][safepoint    ] Leaving safepoint region
[2019-06-24T10:42:18.683+0000][1][safepoint    ] Total time for which application threads were stopped: 0.0002740 seconds, Stopping threads took: 0.0001006 seconds
[2019-06-24T10:42:19.683+0000][1][safepoint    ] Application time: 1.0002094 seconds
[2019-06-24T10:42:19.684+0000][1][safepoint    ] Entering safepoint region: Cleanup
[2019-06-24T10:42:19.684+0000][1][safepoint    ] Leaving safepoint region
[2019-06-24T10:42:19.684+0000][1][safepoint    ] Total time for which application threads were stopped: 0.0002603 seconds, Stopping threads took: 0.0000744 seconds
[2019-06-24T10:42:20.684+0000][1][safepoint    ] Application time: 1.0001742 seconds
[2019-06-24T10:42:20.684+0000][1][safepoint    ] Entering safepoint region: Cleanup
[2019-06-24T10:42:20.684+0000][1][safepoint    ] Leaving safepoint region
[2019-06-24T10:42:20.684+0000][1][safepoint    ] Total time for which application threads were stopped: 0.0002477 seconds, Stopping threads took: 0.0000695 seconds
[2019-06-24T10:42:21.737+0000][1][safepoint    ] Application time: 1.0526103 seconds
[2019-06-24T10:42:21.737+0000][1][safepoint    ] Entering safepoint region: Cleanup
[2019-06-24T10:42:21.737+0000][1][safepoint    ] Leaving safepoint region
[2019-06-24T10:42:21.738+0000][1][safepoint    ] Total time for which application threads were stopped: 0.0002839 seconds, Stopping threads took: 0.0000751 seconds
[2019-06-24T10:42:22.738+0000][1][safepoint    ] Application time: 1.0002034 seconds
[2019-06-24T10:42:22.738+0000][1][safepoint    ] Entering safepoint region: Cleanup
[2019-06-24T10:42:22.738+0000][1][safepoint    ] Leaving safepoint region
[2019-06-24T10:42:22.738+0000][1][safepoint    ] Total time for which application threads were stopped: 0.0002240 seconds, Stopping threads took: 0.0000640 seconds
[2019-06-24T10:42:23.738+0000][1][safepoint    ] Application time: 1.0001581 seconds
[2019-06-24T10:42:23.738+0000][1][safepoint    ] Entering safepoint region: Cleanup
[2019-06-24T10:42:23.739+0000][1][safepoint    ] Leaving safepoint region
[2019-06-24T10:42:23.739+0000][1][safepoint    ] Total time for which application threads were stopped: 0.0003331 seconds, Stopping threads took: 0.0000796 seconds
[2019-06-24T10:42:24.739+0000][1][safepoint    ] Application time: 1.0001830 seconds
[2019-06-24T10:42:24.739+0000][1][safepoint    ] Entering safepoint region: Cleanup
[2019-06-24T10:42:24.739+0000][1][safepoint    ] Leaving safepoint region
[2019-06-24T10:42:24.739+0000][1][safepoint    ] Total time for which application threads were stopped: 0.0002244 seconds, Stopping threads took: 0.0000748 seconds
[2019-06-24T10:42:25.739+0000][1][safepoint    ] Application time: 1.0001532 seconds
[2019-06-24T10:42:25.740+0000][1][safepoint    ] Entering safepoint region: Cleanup
[2019-06-24T10:42:25.740+0000][1][safepoint    ] Leaving safepoint region
[2019-06-24T10:42:25.740+0000][1][safepoint    ] Total time for which application threads were stopped: 0.0002221 seconds, Stopping threads took: 0.0000710 seconds
[2019-06-24T10:42:26.740+0000][1][safepoint    ] Application time: 1.0001885 seconds
[2019-06-24T10:42:26.740+0000][1][safepoint    ] Entering safepoint region: Cleanup
[2019-06-24T10:42:26.740+0000][1][safepoint    ] Leaving safepoint region
[2019-06-24T10:42:26.740+0000][1][safepoint    ] Total time for which application threads were stopped: 0.0002230 seconds, Stopping threads took: 0.0000625 seconds
[2019-06-24T10:42:27.740+0000][1][safepoint    ] Application time: 1.0001540 seconds
[2019-06-24T10:42:27.741+0000][1][safepoint    ] Entering safepoint region: Cleanup
[2019-06-24T10:42:27.741+0000][1][safepoint    ] Leaving safepoint region
[2019-06-24T10:42:27.741+0000][1][safepoint    ] Total time for which application threads were stopped: 0.0002960 seconds, Stopping threads took: 0.0000784 seconds
[2019-06-24T10:42:28.741+0000][1][safepoint    ] Application time: 1.0001982 seconds
[2019-06-24T10:42:28.741+0000][1][safepoint    ] Entering safepoint region: Cleanup
[2019-06-24T10:42:28.741+0000][1][safepoint    ] Leaving safepoint region
[2019-06-24T10:42:28.741+0000][1][safepoint    ] Total time for which application threads were stopped: 0.0002476 seconds, Stopping threads took: 0.0000907 seconds
[2019-06-24T10:42:29.742+0000][1][safepoint    ] Application time: 1.0001754 seconds
[2019-06-24T10:42:29.742+0000][1][safepoint    ] Entering safepoint region: Cleanup
[2019-06-24T10:42:29.742+0000][1][safepoint    ] Leaving safepoint region
[2019-06-24T10:42:29.742+0000][1][safepoint    ] Total time for which application threads were stopped: 0.0002006 seconds, Stopping threads took: 0.0000566 seconds
[2019-06-24T10:42:30.742+0000][1][safepoint    ] Application time: 1.0001820 seconds
[2019-06-24T10:42:30.742+0000][1][safepoint    ] Entering safepoint region: Cleanup
[2019-06-24T10:42:30.742+0000][1][safepoint    ] Leaving safepoint region
[2019-06-24T10:42:30.742+0000][1][safepoint    ] Total time for which application threads were stopped: 0.0001938 seconds, Stopping threads took: 0.0000547 seconds
[2019-06-24T10:42:31.743+0000][1][safepoint    ] Application time: 1.0001993 seconds
[2019-06-24T10:42:31.743+0000][1][safepoint    ] Entering safepoint region: Cleanup
[2019-06-24T10:42:31.743+0000][1][safepoint    ] Leaving safepoint region
[2019-06-24T10:42:31.743+0000][1][safepoint    ] Total time for which application threads were stopped: 0.0002260 seconds, Stopping threads took: 0.0000651 seconds
[2019-06-24T10:42:32.743+0000][1][safepoint    ] Application time: 1.0001812 seconds
[2019-06-24T10:42:32.743+0000][1][safepoint    ] Entering safepoint region: Cleanup
[2019-06-24T10:42:32.743+0000][1][safepoint    ] Leaving safepoint region
[2019-06-24T10:42:32.743+0000][1][safepoint    ] Total time for which application threads were stopped: 0.0002211 seconds, Stopping threads took: 0.0000667 seconds
[2019-06-24T10:42:33.744+0000][1][safepoint    ] Application time: 1.0001833 seconds
[2019-06-24T10:42:33.744+0000][1][safepoint    ] Entering safepoint region: Cleanup
[2019-06-24T10:42:33.744+0000][1][safepoint    ] Leaving safepoint region
[2019-06-24T10:42:33.744+0000][1][safepoint    ] Total time for which application threads were stopped: 0.0002449 seconds, Stopping threads took: 0.0000838 seconds
[2019-06-24T10:42:34.744+0000][1][safepoint    ] Application time: 1.0002309 seconds
[2019-06-24T10:42:34.744+0000][1][safepoint    ] Entering safepoint region: Cleanup
[2019-06-24T10:42:34.744+0000][1][safepoint    ] Leaving safepoint region
[2019-06-24T10:42:34.745+0000][1][safepoint    ] Total time for which application threads were stopped: 0.0001538 seconds, Stopping threads took: 0.0000431 seconds
[2019-06-24T10:42:35.745+0000][1][safepoint    ] Application time: 1.0002626 seconds
[2019-06-24T10:42:35.745+0000][1][safepoint    ] Entering safepoint region: Cleanup
[2019-06-24T10:42:35.745+0000][1][safepoint    ] Leaving safepoint region
[2019-06-24T10:42:35.745+0000][1][safepoint    ] Total time for which application threads were stopped: 0.0002268 seconds, Stopping threads took: 0.0000624 seconds
[2019-06-24T10:42:36.745+0000][1][safepoint    ] Application time: 1.0002649 seconds
[2019-06-24T10:42:36.746+0000][1][safepoint    ] Entering safepoint region: Cleanup
[2019-06-24T10:42:36.746+0000][1][safepoint    ] Leaving safepoint region
[2019-06-24T10:42:36.746+0000][1][safepoint    ] Total time for which application threads were stopped: 0.0002285 seconds, Stopping threads took: 0.0000635 seconds
[2019-06-24T10:42:37.746+0000][1][safepoint    ] Application time: 1.0002701 seconds
[2019-06-24T10:42:37.746+0000][1][safepoint    ] Entering safepoint region: Cleanup
[2019-06-24T10:42:37.746+0000][1][safepoint    ] Leaving safepoint region
[2019-06-24T10:42:37.746+0000][1][safepoint    ] Total time for which application threads were stopped: 0.0002510 seconds, Stopping threads took: 0.0000633 seconds
[2019-06-24T10:42:38.747+0000][1][safepoint    ] Application time: 1.0002944 seconds
[2019-06-24T10:42:38.747+0000][1][safepoint    ] Entering safepoint region: Cleanup
[2019-06-24T10:42:38.747+0000][1][safepoint    ] Leaving safepoint region
[2019-06-24T10:42:38.747+0000][1][safepoint    ] Total time for which application threads were stopped: 0.0002522 seconds, Stopping threads took: 0.0000644 seconds
[2019-06-24T10:42:39.748+0000][1][safepoint    ] Application time: 1.0002958 seconds
[2019-06-24T10:42:39.748+0000][1][safepoint    ] Entering safepoint region: Cleanup
[2019-06-24T10:42:39.748+0000][1][safepoint    ] Leaving safepoint region
[2019-06-24T10:42:39.748+0000][1][safepoint    ] Total time for which application threads were stopped: 0.0002617 seconds, Stopping threads took: 0.0000589 seconds
[2019-06-24T10:42:40.748+0000][1][safepoint    ] Application time: 1.0002564 seconds
[2019-06-24T10:42:40.748+0000][1][safepoint    ] Entering safepoint region: Cleanup
[2019-06-24T10:42:40.749+0000][1][safepoint    ] Leaving safepoint region
[2019-06-24T10:42:40.749+0000][1][safepoint    ] Total time for which application threads were stopped: 0.0002546 seconds, Stopping threads took: 0.0000563 seconds
[2019-06-24T10:42:41.749+0000][1][safepoint    ] Application time: 1.0002548 seconds
[2019-06-24T10:42:41.749+0000][1][safepoint    ] Entering safepoint region: Cleanup
[2019-06-24T10:42:41.749+0000][1][safepoint    ] Leaving safepoint region
[2019-06-24T10:42:41.749+0000][1][safepoint    ] Total time for which application threads were stopped: 0.0002502 seconds, Stopping threads took: 0.0000546 seconds
[2019-06-24T10:42:43.732+0000][1][safepoint    ] Application time: 1.9830785 seconds
[2019-06-24T10:42:43.732+0000][1][safepoint    ] Entering safepoint region: Cleanup
[2019-06-24T10:42:43.733+0000][1][safepoint    ] Leaving safepoint region
[2019-06-24T10:42:43.733+0000][1][safepoint    ] Total time for which application threads were stopped: 0.0002028 seconds, Stopping threads took: 0.0000565 seconds
[2019-06-24T10:42:44.733+0000][1][safepoint    ] Application time: 1.0001266 seconds
[2019-06-24T10:42:44.733+0000][1][safepoint    ] Entering safepoint region: Cleanup
[2019-06-24T10:42:44.733+0000][1][safepoint    ] Leaving safepoint region
[2019-06-24T10:42:44.733+0000][1][safepoint    ] Total time for which application threads were stopped: 0.0002183 seconds, Stopping threads took: 0.0000597 seconds
[2019-06-24T10:42:45.733+0000][1][safepoint    ] Application time: 1.0001768 seconds
[2019-06-24T10:42:45.733+0000][1][safepoint    ] Entering safepoint region: Cleanup
[2019-06-24T10:42:45.734+0000][1][safepoint    ] Leaving safepoint region
[2019-06-24T10:42:45.734+0000][1][safepoint    ] Total time for which application threads were stopped: 0.0001941 seconds, Stopping threads took: 0.0000522 seconds
[2019-06-24T10:42:46.734+0000][1][safepoint    ] Application time: 1.0002436 seconds
[2019-06-24T10:42:46.734+0000][1][safepoint    ] Entering safepoint region: Cleanup
[2019-06-24T10:42:46.734+0000][1][safepoint    ] Leaving safepoint region
[2019-06-24T10:42:46.734+0000][1][safepoint    ] Total time for which application threads were stopped: 0.0002055 seconds, Stopping threads took: 0.0000564 seconds
[2019-06-24T10:42:47.734+0000][1][safepoint    ] Application time: 1.0001772 seconds
[2019-06-24T10:42:47.735+0000][1][safepoint    ] Entering safepoint region: Cleanup
[2019-06-24T10:42:47.735+0000][1][safepoint    ] Leaving safepoint region
[2019-06-24T10:42:47.735+0000][1][safepoint    ] Total time for which application threads were stopped: 0.0002062 seconds, Stopping threads took: 0.0000596 seconds
[2019-06-24T10:42:48.735+0000][1][safepoint    ] Application time: 1.0002148 seconds
[2019-06-24T10:42:48.735+0000][1][safepoint    ] Entering safepoint region: Cleanup
[2019-06-24T10:42:48.735+0000][1][safepoint    ] Leaving safepoint region
[2019-06-24T10:42:48.735+0000][1][safepoint    ] Total time for which application threads were stopped: 0.0001930 seconds, Stopping threads took: 0.0000511 seconds
[2019-06-24T10:42:49.736+0000][1][safepoint    ] Application time: 1.0002170 seconds
[2019-06-24T10:42:49.736+0000][1][safepoint    ] Entering safepoint region: Cleanup
[2019-06-24T10:42:49.736+0000][1][safepoint    ] Leaving safepoint region
[2019-06-24T10:42:49.736+0000][1][safepoint    ] Total time for which application threads were stopped: 0.0001959 seconds, Stopping threads took: 0.0000534 seconds
[2019-06-24T10:42:50.736+0000][1][safepoint    ] Application time: 1.0002207 seconds
[2019-06-24T10:42:50.736+0000][1][safepoint    ] Entering safepoint region: Cleanup
[2019-06-24T10:42:50.736+0000][1][safepoint    ] Leaving safepoint region
[2019-06-24T10:42:50.736+0000][1][safepoint    ] Total time for which application threads were stopped: 0.0002172 seconds, Stopping threads took: 0.0000585 seconds
[2019-06-24T10:42:51.737+0000][1][safepoint    ] Application time: 1.0001894 seconds
[2019-06-24T10:42:51.737+0000][1][safepoint    ] Entering safepoint region: Cleanup
[2019-06-24T10:42:51.737+0000][1][safepoint    ] Leaving safepoint region
[2019-06-24T10:42:51.737+0000][1][safepoint    ] Total time for which application threads were stopped: 0.0002190 seconds, Stopping threads took: 0.0000620 seconds
[2019-06-24T10:42:52.737+0000][1][safepoint    ] Application time: 1.0001186 seconds
[2019-06-24T10:42:52.737+0000][1][safepoint    ] Entering safepoint region: Cleanup
[2019-06-24T10:42:52.737+0000][1][safepoint    ] Leaving safepoint region
[2019-06-24T10:42:52.737+0000][1][safepoint    ] Total time for which application threads were stopped: 0.0002424 seconds, Stopping threads took: 0.0000867 seconds
[2019-06-24T10:42:53.738+0000][1][safepoint    ] Application time: 1.0001820 seconds
[2019-06-24T10:42:53.738+0000][1][safepoint    ] Entering safepoint region: Cleanup
[2019-06-24T10:42:53.738+0000][1][safepoint    ] Leaving safepoint region
[2019-06-24T10:42:53.738+0000][1][safepoint    ] Total time for which application threads were stopped: 0.0004032 seconds, Stopping threads took: 0.0002569 seconds
[2019-06-24T10:42:54.738+0000][1][safepoint    ] Application time: 1.0002138 seconds
[2019-06-24T10:42:54.739+0000][1][safepoint    ] Entering safepoint region: Cleanup
[2019-06-24T10:42:54.739+0000][1][safepoint    ] Leaving safepoint region
[2019-06-24T10:42:54.739+0000][1][safepoint    ] Total time for which application threads were stopped: 0.0002714 seconds, Stopping threads took: 0.0001001 seconds
[2019-06-24T10:42:55.739+0000][1][safepoint    ] Application time: 1.0002344 seconds
[2019-06-24T10:42:55.739+0000][1][safepoint    ] Entering safepoint region: Cleanup
[2019-06-24T10:42:55.739+0000][1][safepoint    ] Leaving safepoint region
[2019-06-24T10:42:55.739+0000][1][safepoint    ] Total time for which application threads were stopped: 0.0002209 seconds, Stopping threads took: 0.0000594 seconds
[2019-06-24T10:42:56.739+0000][1][safepoint    ] Application time: 1.0001490 seconds
[2019-06-24T10:42:56.740+0000][1][safepoint    ] Entering safepoint region: Cleanup
[2019-06-24T10:42:56.740+0000][1][safepoint    ] Leaving safepoint region
[2019-06-24T10:42:56.740+0000][1][safepoint    ] Total time for which application threads were stopped: 0.0001122 seconds, Stopping threads took: 0.0000299 seconds
[2019-06-24T10:42:57.740+0000][1][safepoint    ] Application time: 1.0001163 seconds
[2019-06-24T10:42:57.740+0000][1][safepoint    ] Entering safepoint region: Cleanup
[2019-06-24T10:42:57.740+0000][1][safepoint    ] Leaving safepoint region
[2019-06-24T10:42:57.740+0000][1][safepoint    ] Total time for which application threads were stopped: 0.0002200 seconds, Stopping threads took: 0.0000716 seconds
[2019-06-24T10:42:58.740+0000][1][safepoint    ] Application time: 1.0001366 seconds
[2019-06-24T10:42:58.741+0000][1][safepoint    ] Entering safepoint region: Cleanup
[2019-06-24T10:42:58.741+0000][1][safepoint    ] Leaving safepoint region
[2019-06-24T10:42:58.741+0000][1][safepoint    ] Total time for which application threads were stopped: 0.0003551 seconds, Stopping threads took: 0.0001869 seconds
[2019-06-24T10:42:59.741+0000][1][safepoint    ] Application time: 1.0001465 seconds
[2019-06-24T10:42:59.741+0000][1][safepoint    ] Entering safepoint region: Cleanup
[2019-06-24T10:42:59.742+0000][1][safepoint    ] Leaving safepoint region
[2019-06-24T10:42:59.742+0000][1][safepoint    ] Total time for which application threads were stopped: 0.0004251 seconds, Stopping threads took: 0.0001536 seconds
[2019-06-24T10:43:00.742+0000][1][safepoint    ] Application time: 1.0001663 seconds
[2019-06-24T10:43:00.742+0000][1][safepoint    ] Entering safepoint region: Cleanup
[2019-06-24T10:43:00.742+0000][1][safepoint    ] Leaving safepoint region
[2019-06-24T10:43:00.742+0000][1][safepoint    ] Total time for which application threads were stopped: 0.0003299 seconds, Stopping threads took: 0.0000822 seconds
[2019-06-24T10:43:01.742+0000][1][safepoint    ] Application time: 1.0001309 seconds
[2019-06-24T10:43:01.743+0000][1][safepoint    ] Entering safepoint region: Cleanup
[2019-06-24T10:43:01.743+0000][1][safepoint    ] Leaving safepoint region
[2019-06-24T10:43:01.743+0000][1][safepoint    ] Total time for which application threads were stopped: 0.0002109 seconds, Stopping threads took: 0.0000635 seconds
[2019-06-24T10:43:02.743+0000][1][safepoint    ] Application time: 1.0001233 seconds
[2019-06-24T10:43:02.743+0000][1][safepoint    ] Entering safepoint region: Cleanup
[2019-06-24T10:43:02.743+0000][1][safepoint    ] Leaving safepoint region
[2019-06-24T10:43:02.743+0000][1][safepoint    ] Total time for which application threads were stopped: 0.0002264 seconds, Stopping threads took: 0.0000620 seconds
[2019-06-24T10:43:03.744+0000][1][safepoint    ] Application time: 1.0001272 seconds
[2019-06-24T10:43:03.744+0000][1][safepoint    ] Entering safepoint region: Cleanup
[2019-06-24T10:43:03.744+0000][1][safepoint    ] Leaving safepoint region
[2019-06-24T10:43:03.744+0000][1][safepoint    ] Total time for which application threads were stopped: 0.0002218 seconds, Stopping threads took: 0.0000608 seconds
[2019-06-24T10:43:04.744+0000][1][safepoint    ] Application time: 1.0001332 seconds
[2019-06-24T10:43:04.744+0000][1][safepoint    ] Entering safepoint region: Cleanup
[2019-06-24T10:43:04.744+0000][1][safepoint    ] Leaving safepoint region
[2019-06-24T10:43:04.744+0000][1][safepoint    ] Total time for which application threads were stopped: 0.0002209 seconds, Stopping threads took: 0.0000853 seconds
[2019-06-24T10:43:05.744+0000][1][safepoint    ] Application time: 1.0001265 seconds
[2019-06-24T10:43:05.745+0000][1][safepoint    ] Entering safepoint region: Cleanup
[2019-06-24T10:43:05.745+0000][1][safepoint    ] Leaving safepoint region
[2019-06-24T10:43:05.745+0000][1][safepoint    ] Total time for which application threads were stopped: 0.0002754 seconds, Stopping threads took: 0.0000638 seconds
[2019-06-24T10:43:06.745+0000][1][safepoint    ] Application time: 1.0002002 seconds
[2019-06-24T10:43:06.745+0000][1][safepoint    ] Entering safepoint region: Cleanup
[2019-06-24T10:43:06.745+0000][1][safepoint    ] Leaving safepoint region
[2019-06-24T10:43:06.745+0000][1][safepoint    ] Total time for which application threads were stopped: 0.0002298 seconds, Stopping threads took: 0.0000643 seconds
[2019-06-24T10:43:07.746+0000][1][safepoint    ] Application time: 1.0002166 seconds
[2019-06-24T10:43:07.746+0000][1][safepoint    ] Entering safepoint region: Cleanup
[2019-06-24T10:43:07.746+0000][1][safepoint    ] Leaving safepoint region
[2019-06-24T10:43:07.746+0000][1][safepoint    ] Total time for which application threads were stopped: 0.0002880 seconds, Stopping threads took: 0.0000640 seconds
[2019-06-24T10:43:08.746+0000][1][safepoint    ] Application time: 1.0001543 seconds
[2019-06-24T10:43:08.746+0000][1][safepoint    ] Entering safepoint region: Cleanup
[2019-06-24T10:43:08.747+0000][1][safepoint    ] Leaving safepoint region
[2019-06-24T10:43:08.747+0000][1][safepoint    ] Total time for which application threads were stopped: 0.0002317 seconds, Stopping threads took: 0.0000482 seconds
[2019-06-24T10:43:09.747+0000][1][safepoint    ] Application time: 1.0001386 seconds
[2019-06-24T10:43:09.747+0000][1][safepoint    ] Entering safepoint region: Cleanup
[2019-06-24T10:43:09.747+0000][1][safepoint    ] Leaving safepoint region
[2019-06-24T10:43:09.747+0000][1][safepoint    ] Total time for which application threads were stopped: 0.0002343 seconds, Stopping threads took: 0.0000546 seconds
[2019-06-24T10:43:10.747+0000][1][safepoint    ] Application time: 1.0002079 seconds
[2019-06-24T10:43:10.747+0000][1][safepoint    ] Entering safepoint region: Cleanup
[2019-06-24T10:43:10.748+0000][1][safepoint    ] Leaving safepoint region
[2019-06-24T10:43:10.748+0000][1][safepoint    ] Total time for which application threads were stopped: 0.0003138 seconds, Stopping threads took: 0.0000622 seconds
[2019-06-24T10:43:11.748+0000][1][safepoint    ] Application time: 1.0001987 seconds
[2019-06-24T10:43:11.748+0000][1][safepoint    ] Entering safepoint region: Cleanup
[2019-06-24T10:43:11.748+0000][1][safepoint    ] Leaving safepoint region
[2019-06-24T10:43:11.748+0000][1][safepoint    ] Total time for which application threads were stopped: 0.0003094 seconds, Stopping threads took: 0.0000993 seconds
[2019-06-24T10:43:12.749+0000][1][safepoint    ] Application time: 1.0001372 seconds
[2019-06-24T10:43:12.749+0000][1][safepoint    ] Entering safepoint region: Cleanup
[2019-06-24T10:43:12.749+0000][1][safepoint    ] Leaving safepoint region
[2019-06-24T10:43:12.749+0000][1][safepoint    ] Total time for which application threads were stopped: 0.0000709 seconds, Stopping threads took: 0.0000213 seconds
[2019-06-24T10:43:13.749+0000][1][safepoint    ] Application time: 1.0001712 seconds
[2019-06-24T10:43:13.749+0000][1][safepoint    ] Entering safepoint region: Cleanup
[2019-06-24T10:43:13.749+0000][1][safepoint    ] Leaving safepoint region
[2019-06-24T10:43:13.749+0000][1][safepoint    ] Total time for which application threads were stopped: 0.0002197 seconds, Stopping threads took: 0.0000621 seconds
[2019-06-24T10:43:14.749+0000][1][safepoint    ] Application time: 1.0001932 seconds
[2019-06-24T10:43:14.750+0000][1][safepoint    ] Entering safepoint region: Cleanup
[2019-06-24T10:43:14.750+0000][1][safepoint    ] Leaving safepoint region
[2019-06-24T10:43:14.750+0000][1][safepoint    ] Total time for which application threads were stopped: 0.0002198 seconds, Stopping threads took: 0.0000625 seconds
[2019-06-24T10:43:15.750+0000][1][safepoint    ] Application time: 1.0002000 seconds
[2019-06-24T10:43:15.750+0000][1][safepoint    ] Entering safepoint region: Cleanup
[2019-06-24T10:43:15.750+0000][1][safepoint    ] Leaving safepoint region
[2019-06-24T10:43:15.750+0000][1][safepoint    ] Total time for which application threads were stopped: 0.0002189 seconds, Stopping threads took: 0.0000628 seconds
[2019-06-24T10:43:16.751+0000][1][safepoint    ] Application time: 1.0001874 seconds
[2019-06-24T10:43:16.751+0000][1][safepoint    ] Entering safepoint region: Cleanup
[2019-06-24T10:43:16.751+0000][1][safepoint    ] Leaving safepoint region
[2019-06-24T10:43:16.751+0000][1][safepoint    ] Total time for which application threads were stopped: 0.0002248 seconds, Stopping threads took: 0.0000680 seconds
[2019-06-24T10:43:17.751+0000][1][safepoint    ] Application time: 1.0002461 seconds
[2019-06-24T10:43:17.751+0000][1][safepoint    ] Entering safepoint region: Cleanup
[2019-06-24T10:43:17.751+0000][1][safepoint    ] Leaving safepoint region
[2019-06-24T10:43:17.751+0000][1][safepoint    ] Total time for which application threads were stopped: 0.0002196 seconds, Stopping threads took: 0.0000621 seconds
[2019-06-24T10:43:18.752+0000][1][safepoint    ] Application time: 1.0002581 seconds
[2019-06-24T10:43:18.752+0000][1][safepoint    ] Entering safepoint region: Cleanup
[2019-06-24T10:43:18.752+0000][1][safepoint    ] Leaving safepoint region
[2019-06-24T10:43:18.752+0000][1][safepoint    ] Total time for which application threads were stopped: 0.0002153 seconds, Stopping threads took: 0.0000607 seconds
[2019-06-24T10:43:19.752+0000][1][safepoint    ] Application time: 1.0002624 seconds
[2019-06-24T10:43:19.753+0000][1][safepoint    ] Entering safepoint region: Cleanup
[2019-06-24T10:43:19.753+0000][1][safepoint    ] Leaving safepoint region
[2019-06-24T10:43:19.753+0000][1][safepoint    ] Total time for which application threads were stopped: 0.0002123 seconds, Stopping threads took: 0.0000615 seconds
[2019-06-24T10:43:20.753+0000][1][safepoint    ] Application time: 1.0002614 seconds
[2019-06-24T10:43:20.753+0000][1][safepoint    ] Entering safepoint region: Cleanup
[2019-06-24T10:43:20.753+0000][1][safepoint    ] Leaving safepoint region
[2019-06-24T10:43:20.753+0000][1][safepoint    ] Total time for which application threads were stopped: 0.0002214 seconds, Stopping threads took: 0.0000628 seconds
[2019-06-24T10:43:21.754+0000][1][safepoint    ] Application time: 1.0002589 seconds
[2019-06-24T10:43:21.754+0000][1][safepoint    ] Entering safepoint region: Cleanup
[2019-06-24T10:43:21.754+0000][1][safepoint    ] Leaving safepoint region
[2019-06-24T10:43:21.754+0000][1][safepoint    ] Total time for which application threads were stopped: 0.0002509 seconds, Stopping threads took: 0.0000953 seconds
[2019-06-24T10:43:22.769+0000][1][safepoint    ] Application time: 1.0149608 seconds
[2019-06-24T10:43:22.769+0000][1][safepoint    ] Entering safepoint region: Cleanup
[2019-06-24T10:43:22.769+0000][1][safepoint    ] Leaving safepoint region
[2019-06-24T10:43:22.769+0000][1][safepoint    ] Total time for which application threads were stopped: 0.0002310 seconds, Stopping threads took: 0.0000619 seconds
[2019-06-24T10:43:23.770+0000][1][safepoint    ] Application time: 1.0002368 seconds
[2019-06-24T10:43:23.770+0000][1][safepoint    ] Entering safepoint region: Cleanup
[2019-06-24T10:43:23.770+0000][1][safepoint    ] Leaving safepoint region
[2019-06-24T10:43:23.770+0000][1][safepoint    ] Total time for which application threads were stopped: 0.0002096 seconds, Stopping threads took: 0.0000581 seconds
[2019-06-24T10:43:24.770+0000][1][safepoint    ] Application time: 1.0001654 seconds
[2019-06-24T10:43:24.770+0000][1][safepoint    ] Entering safepoint region: Cleanup
[2019-06-24T10:43:24.770+0000][1][safepoint    ] Leaving safepoint region
[2019-06-24T10:43:24.770+0000][1][safepoint    ] Total time for which application threads were stopped: 0.0002094 seconds, Stopping threads took: 0.0000806 seconds
[2019-06-24T10:43:25.771+0000][1][safepoint    ] Application time: 1.0002951 seconds
[2019-06-24T10:43:25.771+0000][1][safepoint    ] Entering safepoint region: Cleanup
[2019-06-24T10:43:25.771+0000][1][safepoint    ] Leaving safepoint region
[2019-06-24T10:43:25.771+0000][1][safepoint    ] Total time for which application threads were stopped: 0.0002505 seconds, Stopping threads took: 0.0000894 seconds
[2019-06-24T10:43:26.771+0000][1][safepoint    ] Application time: 1.0002225 seconds
[2019-06-24T10:43:26.771+0000][1][safepoint    ] Entering safepoint region: Cleanup
[2019-06-24T10:43:26.772+0000][1][safepoint    ] Leaving safepoint region
[2019-06-24T10:43:26.772+0000][1][safepoint    ] Total time for which application threads were stopped: 0.0002442 seconds, Stopping threads took: 0.0000906 seconds
[2019-06-24T10:43:27.772+0000][1][safepoint    ] Application time: 1.0001252 seconds
[2019-06-24T10:43:27.772+0000][1][safepoint    ] Entering safepoint region: Cleanup
[2019-06-24T10:43:27.772+0000][1][safepoint    ] Leaving safepoint region
[2019-06-24T10:43:27.772+0000][1][safepoint    ] Total time for which application threads were stopped: 0.0002379 seconds, Stopping threads took: 0.0000777 seconds
[2019-06-24T10:43:28.772+0000][1][safepoint    ] Application time: 1.0001365 seconds
[2019-06-24T10:43:28.772+0000][1][safepoint    ] Entering safepoint region: Cleanup
[2019-06-24T10:43:28.773+0000][1][safepoint    ] Leaving safepoint region
[2019-06-24T10:43:28.773+0000][1][safepoint    ] Total time for which application threads were stopped: 0.0002759 seconds, Stopping threads took: 0.0000563 seconds
[2019-06-24T10:43:29.773+0000][1][safepoint    ] Application time: 1.0001915 seconds
[2019-06-24T10:43:29.773+0000][1][safepoint    ] Entering safepoint region: Cleanup
[2019-06-24T10:43:29.773+0000][1][safepoint    ] Leaving safepoint region
[2019-06-24T10:43:29.773+0000][1][safepoint    ] Total time for which application threads were stopped: 0.0004129 seconds, Stopping threads took: 0.0001133 seconds
[2019-06-24T10:43:30.774+0000][1][safepoint    ] Application time: 1.0002020 seconds
[2019-06-24T10:43:30.774+0000][1][safepoint    ] Entering safepoint region: Cleanup
[2019-06-24T10:43:30.774+0000][1][safepoint    ] Leaving safepoint region
[2019-06-24T10:43:30.774+0000][1][safepoint    ] Total time for which application threads were stopped: 0.0002167 seconds, Stopping threads took: 0.0000589 seconds
[2019-06-24T10:43:31.774+0000][1][safepoint    ] Application time: 1.0001448 seconds
[2019-06-24T10:43:31.774+0000][1][safepoint    ] Entering safepoint region: Cleanup
[2019-06-24T10:43:31.774+0000][1][safepoint    ] Leaving safepoint region
[2019-06-24T10:43:31.774+0000][1][safepoint    ] Total time for which application threads were stopped: 0.0002802 seconds, Stopping threads took: 0.0001098 seconds
[2019-06-24T10:43:32.775+0000][1][safepoint    ] Application time: 1.0001832 seconds
[2019-06-24T10:43:32.775+0000][1][safepoint    ] Entering safepoint region: Cleanup
[2019-06-24T10:43:32.775+0000][1][safepoint    ] Leaving safepoint region
[2019-06-24T10:43:32.775+0000][1][safepoint    ] Total time for which application threads were stopped: 0.0002134 seconds, Stopping threads took: 0.0000617 seconds
[2019-06-24T10:43:33.775+0000][1][safepoint    ] Application time: 1.0001228 seconds
[2019-06-24T10:43:33.775+0000][1][safepoint    ] Entering safepoint region: Cleanup
[2019-06-24T10:43:33.775+0000][1][safepoint    ] Leaving safepoint region
[2019-06-24T10:43:33.775+0000][1][safepoint    ] Total time for which application threads were stopped: 0.0002136 seconds, Stopping threads took: 0.0000599 seconds
[2019-06-24T10:43:34.776+0000][1][safepoint    ] Application time: 1.0001278 seconds
[2019-06-24T10:43:34.776+0000][1][safepoint    ] Entering safepoint region: Cleanup
[2019-06-24T10:43:34.776+0000][1][safepoint    ] Leaving safepoint region
[2019-06-24T10:43:34.776+0000][1][safepoint    ] Total time for which application threads were stopped: 0.0002125 seconds, Stopping threads took: 0.0000607 seconds
[2019-06-24T10:43:35.776+0000][1][safepoint    ] Application time: 1.0002040 seconds
[2019-06-24T10:43:35.776+0000][1][safepoint    ] Entering safepoint region: Cleanup
[2019-06-24T10:43:35.776+0000][1][safepoint    ] Leaving safepoint region
[2019-06-24T10:43:35.776+0000][1][safepoint    ] Total time for which application threads were stopped: 0.0002543 seconds, Stopping threads took: 0.0001016 seconds
[2019-06-24T10:43:36.777+0000][1][safepoint    ] Application time: 1.0000956 seconds
[2019-06-24T10:43:36.777+0000][1][safepoint    ] Entering safepoint region: Cleanup
[2019-06-24T10:43:36.777+0000][1][safepoint    ] Leaving safepoint region
[2019-06-24T10:43:36.777+0000][1][safepoint    ] Total time for which application threads were stopped: 0.0000713 seconds, Stopping threads took: 0.0000210 seconds
[2019-06-24T10:43:37.777+0000][1][safepoint    ] Application time: 1.0001727 seconds
[2019-06-24T10:43:37.777+0000][1][safepoint    ] Entering safepoint region: Cleanup
[2019-06-24T10:43:37.777+0000][1][safepoint    ] Leaving safepoint region
[2019-06-24T10:43:37.777+0000][1][safepoint    ] Total time for which application threads were stopped: 0.0002212 seconds, Stopping threads took: 0.0000630 seconds
[2019-06-24T10:43:38.777+0000][1][safepoint    ] Application time: 1.0001860 seconds
[2019-06-24T10:43:38.777+0000][1][safepoint    ] Entering safepoint region: Cleanup
[2019-06-24T10:43:38.778+0000][1][safepoint    ] Leaving safepoint region
[2019-06-24T10:43:38.778+0000][1][safepoint    ] Total time for which application threads were stopped: 0.0002184 seconds, Stopping threads took: 0.0000625 seconds
[2019-06-24T10:43:39.778+0000][1][safepoint    ] Application time: 1.0001927 seconds
[2019-06-24T10:43:39.778+0000][1][safepoint    ] Entering safepoint region: Cleanup
[2019-06-24T10:43:39.778+0000][1][safepoint    ] Leaving safepoint region
[2019-06-24T10:43:39.778+0000][1][safepoint    ] Total time for which application threads were stopped: 0.0002196 seconds, Stopping threads took: 0.0000625 seconds
[2019-06-24T10:43:40.778+0000][1][safepoint    ] Application time: 1.0001473 seconds
[2019-06-24T10:43:40.779+0000][1][safepoint    ] Entering safepoint region: Cleanup
[2019-06-24T10:43:40.779+0000][1][safepoint    ] Leaving safepoint region
[2019-06-24T10:43:40.779+0000][1][safepoint    ] Total time for which application threads were stopped: 0.0003308 seconds, Stopping threads took: 0.0001202 seconds
[2019-06-24T10:43:41.779+0000][1][safepoint    ] Application time: 1.0001538 seconds
[2019-06-24T10:43:41.779+0000][1][safepoint    ] Entering safepoint region: Cleanup
[2019-06-24T10:43:41.779+0000][1][safepoint    ] Leaving safepoint region
[2019-06-24T10:43:41.779+0000][1][safepoint    ] Total time for which application threads were stopped: 0.0002921 seconds, Stopping threads took: 0.0001042 seconds
[2019-06-24T10:43:42.780+0000][1][safepoint    ] Application time: 1.0001602 seconds
[2019-06-24T10:43:42.780+0000][1][safepoint    ] Entering safepoint region: Cleanup
[2019-06-24T10:43:42.780+0000][1][safepoint    ] Leaving safepoint region
[2019-06-24T10:43:42.780+0000][1][safepoint    ] Total time for which application threads were stopped: 0.0002559 seconds, Stopping threads took: 0.0000730 seconds
[2019-06-24T10:43:43.780+0000][1][safepoint    ] Application time: 1.0002079 seconds
[2019-06-24T10:43:43.780+0000][1][safepoint    ] Entering safepoint region: Cleanup
[2019-06-24T10:43:43.781+0000][1][safepoint    ] Leaving safepoint region
[2019-06-24T10:43:43.781+0000][1][safepoint    ] Total time for which application threads were stopped: 0.0002185 seconds, Stopping threads took: 0.0000627 seconds
[2019-06-24T10:43:44.781+0000][1][safepoint    ] Application time: 1.0001469 seconds
[2019-06-24T10:43:44.781+0000][1][safepoint    ] Entering safepoint region: Cleanup
[2019-06-24T10:43:44.781+0000][1][safepoint    ] Leaving safepoint region
[2019-06-24T10:43:44.781+0000][1][safepoint    ] Total time for which application threads were stopped: 0.0002472 seconds, Stopping threads took: 0.0000665 seconds
[2019-06-24T10:43:45.781+0000][1][safepoint    ] Application time: 1.0001569 seconds
[2019-06-24T10:43:45.781+0000][1][safepoint    ] Entering safepoint region: Cleanup
[2019-06-24T10:43:45.782+0000][1][safepoint    ] Leaving safepoint region
[2019-06-24T10:43:45.782+0000][1][safepoint    ] Total time for which application threads were stopped: 0.0002590 seconds, Stopping threads took: 0.0000808 seconds
[2019-06-24T10:43:46.782+0000][1][safepoint    ] Application time: 1.0001927 seconds
[2019-06-24T10:43:46.782+0000][1][safepoint    ] Entering safepoint region: Cleanup
[2019-06-24T10:43:46.782+0000][1][safepoint    ] Leaving safepoint region
[2019-06-24T10:43:46.782+0000][1][safepoint    ] Total time for which application threads were stopped: 0.0002148 seconds, Stopping threads took: 0.0000615 seconds
[2019-06-24T10:43:47.783+0000][1][safepoint    ] Application time: 1.0001942 seconds
[2019-06-24T10:43:47.783+0000][1][safepoint    ] Entering safepoint region: Cleanup
[2019-06-24T10:43:47.783+0000][1][safepoint    ] Leaving safepoint region
[2019-06-24T10:43:47.783+0000][1][safepoint    ] Total time for which application threads were stopped: 0.0002265 seconds, Stopping threads took: 0.0000657 seconds
[2019-06-24T10:43:47.793+0000][1][safepoint    ] Application time: 0.0096252 seconds
[2019-06-24T10:43:47.793+0000][1][safepoint    ] Entering safepoint region: GenCollectForAllocation
[2019-06-24T10:43:47.793+0000][1][gc,start     ] GC(42) Pause Young (Allocation Failure)
[2019-06-24T10:43:47.793+0000][1][gc,task      ] GC(42) Using 5 workers of 8 for evacuation
[2019-06-24T10:43:47.795+0000][1][gc,age       ] GC(42) Desired survivor size 4456448 bytes, new threshold 6 (max threshold 6)
[2019-06-24T10:43:47.795+0000][1][gc,age       ] GC(42) Age table with threshold 6 (max threshold 6)
[2019-06-24T10:43:47.795+0000][1][gc,age       ] GC(42) - age   1:       3528 bytes,       3528 total
[2019-06-24T10:43:47.795+0000][1][gc,age       ] GC(42) - age   2:         32 bytes,       3560 total
[2019-06-24T10:43:47.795+0000][1][gc,age       ] GC(42) - age   3:         32 bytes,       3592 total
[2019-06-24T10:43:47.795+0000][1][gc,age       ] GC(42) - age   5:         56 bytes,       3648 total
[2019-06-24T10:43:47.795+0000][1][gc,age       ] GC(42) - age   6:       1904 bytes,       5552 total
[2019-06-24T10:43:47.795+0000][1][gc,heap      ] GC(42) ParNew: 69955K->12K(78656K)
[2019-06-24T10:43:47.795+0000][1][gc,heap      ] GC(42) CMS: 69667K->69667K(174784K)
[2019-06-24T10:43:47.795+0000][1][gc,metaspace ] GC(42) Metaspace: 68075K->68075K(1112064K)
[2019-06-24T10:43:47.795+0000][1][gc           ] GC(42) Pause Young (Allocation Failure) 136M->68M(247M) 2.433ms
[2019-06-24T10:43:47.795+0000][1][gc,cpu       ] GC(42) User=0.00s Sys=0.01s Real=0.01s
[2019-06-24T10:43:47.795+0000][1][safepoint    ] Leaving safepoint region
[2019-06-24T10:43:47.796+0000][1][safepoint    ] Total time for which application threads were stopped: 0.0029011 seconds, Stopping threads took: 0.0001097 seconds
[2019-06-24T10:43:48.796+0000][1][safepoint    ] Application time: 1.0002875 seconds
[2019-06-24T10:43:48.796+0000][1][safepoint    ] Entering safepoint region: Cleanup
[2019-06-24T10:43:48.796+0000][1][safepoint    ] Leaving safepoint region
[2019-06-24T10:43:48.796+0000][1][safepoint    ] Total time for which application threads were stopped: 0.0002236 seconds, Stopping threads took: 0.0000646 seconds
[2019-06-24T10:43:49.796+0000][1][safepoint    ] Application time: 1.0001583 seconds
[2019-06-24T10:43:49.796+0000][1][safepoint    ] Entering safepoint region: Cleanup
[2019-06-24T10:43:49.797+0000][1][safepoint    ] Leaving safepoint region
[2019-06-24T10:43:49.797+0000][1][safepoint    ] Total time for which application threads were stopped: 0.0001905 seconds, Stopping threads took: 0.0000533 seconds
[2019-06-24T10:43:50.797+0000][1][safepoint    ] Application time: 1.0001775 seconds
[2019-06-24T10:43:50.797+0000][1][safepoint    ] Entering safepoint region: Cleanup
[2019-06-24T10:43:50.797+0000][1][safepoint    ] Leaving safepoint region
[2019-06-24T10:43:50.797+0000][1][safepoint    ] Total time for which application threads were stopped: 0.0003247 seconds, Stopping threads took: 0.0000867 seconds
[2019-06-24T10:43:51.836+0000][1][safepoint    ] Application time: 1.0384956 seconds
[2019-06-24T10:43:51.836+0000][1][safepoint    ] Entering safepoint region: Cleanup
[2019-06-24T10:43:51.836+0000][1][safepoint    ] Leaving safepoint region
[2019-06-24T10:43:51.836+0000][1][safepoint    ] Total time for which application threads were stopped: 0.0002345 seconds, Stopping threads took: 0.0000647 seconds
[2019-06-24T10:43:52.836+0000][1][safepoint    ] Application time: 1.0002721 seconds
[2019-06-24T10:43:52.837+0000][1][safepoint    ] Entering safepoint region: Cleanup
[2019-06-24T10:43:52.837+0000][1][safepoint    ] Leaving safepoint region
[2019-06-24T10:43:52.837+0000][1][safepoint    ] Total time for which application threads were stopped: 0.0001965 seconds, Stopping threads took: 0.0000555 seconds
[2019-06-24T10:43:53.837+0000][1][safepoint    ] Application time: 1.0002499 seconds
[2019-06-24T10:43:53.837+0000][1][safepoint    ] Entering safepoint region: Cleanup
[2019-06-24T10:43:53.837+0000][1][safepoint    ] Leaving safepoint region
[2019-06-24T10:43:53.837+0000][1][safepoint    ] Total time for which application threads were stopped: 0.0002094 seconds, Stopping threads took: 0.0000578 seconds
[2019-06-24T10:43:54.838+0000][1][safepoint    ] Application time: 1.0002659 seconds
[2019-06-24T10:43:54.838+0000][1][safepoint    ] Entering safepoint region: Cleanup
[2019-06-24T10:43:54.838+0000][1][safepoint    ] Leaving safepoint region
[2019-06-24T10:43:54.838+0000][1][safepoint    ] Total time for which application threads were stopped: 0.0002256 seconds, Stopping threads took: 0.0000637 seconds
[2019-06-24T10:43:55.838+0000][1][safepoint    ] Application time: 1.0002477 seconds
[2019-06-24T10:43:55.838+0000][1][safepoint    ] Entering safepoint region: Cleanup
[2019-06-24T10:43:55.839+0000][1][safepoint    ] Leaving safepoint region
[2019-06-24T10:43:55.839+0000][1][safepoint    ] Total time for which application threads were stopped: 0.0002698 seconds, Stopping threads took: 0.0000572 seconds
[2019-06-24T10:43:56.839+0000][1][safepoint    ] Application time: 1.0001403 seconds
[2019-06-24T10:43:56.839+0000][1][safepoint    ] Entering safepoint region: Cleanup
[2019-06-24T10:43:56.839+0000][1][safepoint    ] Leaving safepoint region
[2019-06-24T10:43:56.839+0000][1][safepoint    ] Total time for which application threads were stopped: 0.0002160 seconds, Stopping threads took: 0.0000632 seconds
[2019-06-24T10:43:57.839+0000][1][safepoint    ] Application time: 1.0002646 seconds
[2019-06-24T10:43:57.840+0000][1][safepoint    ] Entering safepoint region: Cleanup
[2019-06-24T10:43:57.840+0000][1][safepoint    ] Leaving safepoint region
[2019-06-24T10:43:57.840+0000][1][safepoint    ] Total time for which application threads were stopped: 0.0002309 seconds, Stopping threads took: 0.0000774 seconds
[2019-06-24T10:43:58.840+0000][1][safepoint    ] Application time: 1.0002741 seconds
[2019-06-24T10:43:58.840+0000][1][safepoint    ] Entering safepoint region: Cleanup
[2019-06-24T10:43:58.840+0000][1][safepoint    ] Leaving safepoint region
[2019-06-24T10:43:58.840+0000][1][safepoint    ] Total time for which application threads were stopped: 0.0002210 seconds, Stopping threads took: 0.0000613 seconds
[2019-06-24T10:43:59.841+0000][1][safepoint    ] Application time: 1.0002671 seconds
[2019-06-24T10:43:59.841+0000][1][safepoint    ] Entering safepoint region: Cleanup
[2019-06-24T10:43:59.841+0000][1][safepoint    ] Leaving safepoint region
[2019-06-24T10:43:59.841+0000][1][safepoint    ] Total time for which application threads were stopped: 0.0002219 seconds, Stopping threads took: 0.0000621 seconds
[2019-06-24T10:44:00.841+0000][1][safepoint    ] Application time: 1.0002672 seconds
[2019-06-24T10:44:00.841+0000][1][safepoint    ] Entering safepoint region: Cleanup
[2019-06-24T10:44:00.842+0000][1][safepoint    ] Leaving safepoint region
[2019-06-24T10:44:00.842+0000][1][safepoint    ] Total time for which application threads were stopped: 0.0002509 seconds, Stopping threads took: 0.0000946 seconds
[2019-06-24T10:44:01.842+0000][1][safepoint    ] Application time: 1.0001777 seconds
[2019-06-24T10:44:01.842+0000][1][safepoint    ] Entering safepoint region: Cleanup
[2019-06-24T10:44:01.842+0000][1][safepoint    ] Leaving safepoint region
[2019-06-24T10:44:01.842+0000][1][safepoint    ] Total time for which application threads were stopped: 0.0001928 seconds, Stopping threads took: 0.0000550 seconds
[2019-06-24T10:44:02.843+0000][1][safepoint    ] Application time: 1.0002557 seconds
[2019-06-24T10:44:02.843+0000][1][safepoint    ] Entering safepoint region: Cleanup
[2019-06-24T10:44:02.843+0000][1][safepoint    ] Leaving safepoint region
[2019-06-24T10:44:02.843+0000][1][safepoint    ] Total time for which application threads were stopped: 0.0002350 seconds, Stopping threads took: 0.0000661 seconds
[2019-06-24T10:44:03.843+0000][1][safepoint    ] Application time: 1.0001415 seconds
[2019-06-24T10:44:03.843+0000][1][safepoint    ] Entering safepoint region: Cleanup
[2019-06-24T10:44:03.843+0000][1][safepoint    ] Leaving safepoint region
[2019-06-24T10:44:03.843+0000][1][safepoint    ] Total time for which application threads were stopped: 0.0002456 seconds, Stopping threads took: 0.0000785 seconds
[2019-06-24T10:44:04.844+0000][1][safepoint    ] Application time: 1.0002326 seconds
[2019-06-24T10:44:04.844+0000][1][safepoint    ] Entering safepoint region: Cleanup
[2019-06-24T10:44:04.844+0000][1][safepoint    ] Leaving safepoint region
[2019-06-24T10:44:04.844+0000][1][safepoint    ] Total time for which application threads were stopped: 0.0002251 seconds, Stopping threads took: 0.0000636 seconds
[2019-06-24T10:44:05.844+0000][1][safepoint    ] Application time: 1.0002234 seconds
[2019-06-24T10:44:05.844+0000][1][safepoint    ] Entering safepoint region: Cleanup
[2019-06-24T10:44:05.845+0000][1][safepoint    ] Leaving safepoint region
[2019-06-24T10:44:05.845+0000][1][safepoint    ] Total time for which application threads were stopped: 0.0002268 seconds, Stopping threads took: 0.0000646 seconds
[2019-06-24T10:44:06.845+0000][1][safepoint    ] Application time: 1.0002648 seconds
[2019-06-24T10:44:06.845+0000][1][safepoint    ] Entering safepoint region: Cleanup
[2019-06-24T10:44:06.845+0000][1][safepoint    ] Leaving safepoint region
[2019-06-24T10:44:06.845+0000][1][safepoint    ] Total time for which application threads were stopped: 0.0002290 seconds, Stopping threads took: 0.0000647 seconds
[2019-06-24T10:44:07.846+0000][1][safepoint    ] Application time: 1.0002301 seconds
[2019-06-24T10:44:07.846+0000][1][safepoint    ] Entering safepoint region: Cleanup
[2019-06-24T10:44:07.846+0000][1][safepoint    ] Leaving safepoint region
[2019-06-24T10:44:07.846+0000][1][safepoint    ] Total time for which application threads were stopped: 0.0002226 seconds, Stopping threads took: 0.0000636 seconds
[2019-06-24T10:44:08.846+0000][1][safepoint    ] Application time: 1.0000894 seconds
[2019-06-24T10:44:08.846+0000][1][safepoint    ] Entering safepoint region: Cleanup
[2019-06-24T10:44:08.846+0000][1][safepoint    ] Leaving safepoint region
[2019-06-24T10:44:08.846+0000][1][safepoint    ] Total time for which application threads were stopped: 0.0000951 seconds, Stopping threads took: 0.0000256 seconds
[2019-06-24T10:44:09.846+0000][1][safepoint    ] Application time: 1.0001713 seconds
[2019-06-24T10:44:09.846+0000][1][safepoint    ] Entering safepoint region: Cleanup
[2019-06-24T10:44:09.847+0000][1][safepoint    ] Leaving safepoint region
[2019-06-24T10:44:09.847+0000][1][safepoint    ] Total time for which application threads were stopped: 0.0003070 seconds, Stopping threads took: 0.0000565 seconds
[2019-06-24T10:44:10.847+0000][1][safepoint    ] Application time: 1.0002786 seconds
[2019-06-24T10:44:10.847+0000][1][safepoint    ] Entering safepoint region: Cleanup
[2019-06-24T10:44:10.847+0000][1][safepoint    ] Leaving safepoint region
[2019-06-24T10:44:10.847+0000][1][safepoint    ] Total time for which application threads were stopped: 0.0002295 seconds, Stopping threads took: 0.0000618 seconds
[2019-06-24T10:44:11.848+0000][1][safepoint    ] Application time: 1.0001353 seconds
[2019-06-24T10:44:11.848+0000][1][safepoint    ] Entering safepoint region: Cleanup
[2019-06-24T10:44:11.848+0000][1][safepoint    ] Leaving safepoint region
[2019-06-24T10:44:11.848+0000][1][safepoint    ] Total time for which application threads were stopped: 0.0000860 seconds, Stopping threads took: 0.0000310 seconds
[2019-06-24T10:44:12.848+0000][1][safepoint    ] Application time: 1.0001568 seconds
[2019-06-24T10:44:12.848+0000][1][safepoint    ] Entering safepoint region: Cleanup
[2019-06-24T10:44:12.848+0000][1][safepoint    ] Leaving safepoint region
[2019-06-24T10:44:12.848+0000][1][safepoint    ] Total time for which application threads were stopped: 0.0001935 seconds, Stopping threads took: 0.0000549 seconds
[2019-06-24T10:44:13.848+0000][1][safepoint    ] Application time: 1.0002099 seconds
[2019-06-24T10:44:13.848+0000][1][safepoint    ] Entering safepoint region: Cleanup
[2019-06-24T10:44:13.849+0000][1][safepoint    ] Leaving safepoint region
[2019-06-24T10:44:13.849+0000][1][safepoint    ] Total time for which application threads were stopped: 0.0001440 seconds, Stopping threads took: 0.0000433 seconds
[2019-06-24T10:44:14.849+0000][1][safepoint    ] Application time: 1.0002416 seconds
[2019-06-24T10:44:14.849+0000][1][safepoint    ] Entering safepoint region: Cleanup
[2019-06-24T10:44:14.849+0000][1][safepoint    ] Leaving safepoint region
[2019-06-24T10:44:14.849+0000][1][safepoint    ] Total time for which application threads were stopped: 0.0002246 seconds, Stopping threads took: 0.0000640 seconds
[2019-06-24T10:44:15.849+0000][1][safepoint    ] Application time: 1.0002610 seconds
[2019-06-24T10:44:15.850+0000][1][safepoint    ] Entering safepoint region: Cleanup
[2019-06-24T10:44:15.850+0000][1][safepoint    ] Leaving safepoint region
[2019-06-24T10:44:15.850+0000][1][safepoint    ] Total time for which application threads were stopped: 0.0002243 seconds, Stopping threads took: 0.0000638 seconds
[2019-06-24T10:44:16.850+0000][1][safepoint    ] Application time: 1.0001472 seconds
[2019-06-24T10:44:16.850+0000][1][safepoint    ] Entering safepoint region: Cleanup
[2019-06-24T10:44:16.850+0000][1][safepoint    ] Leaving safepoint region
[2019-06-24T10:44:16.850+0000][1][safepoint    ] Total time for which application threads were stopped: 0.0000918 seconds, Stopping threads took: 0.0000295 seconds
[2019-06-24T10:44:17.850+0000][1][safepoint    ] Application time: 1.0002451 seconds
[2019-06-24T10:44:17.851+0000][1][safepoint    ] Entering safepoint region: Cleanup
[2019-06-24T10:44:17.851+0000][1][safepoint    ] Leaving safepoint region
[2019-06-24T10:44:17.851+0000][1][safepoint    ] Total time for which application threads were stopped: 0.0002973 seconds, Stopping threads took: 0.0001124 seconds
[2019-06-24T10:44:18.851+0000][1][safepoint    ] Application time: 1.0001926 seconds
[2019-06-24T10:44:18.851+0000][1][safepoint    ] Entering safepoint region: Cleanup
[2019-06-24T10:44:18.851+0000][1][safepoint    ] Leaving safepoint region
[2019-06-24T10:44:18.851+0000][1][safepoint    ] Total time for which application threads were stopped: 0.0002218 seconds, Stopping threads took: 0.0000631 seconds
[2019-06-24T10:44:19.852+0000][1][safepoint    ] Application time: 1.0002399 seconds
[2019-06-24T10:44:19.852+0000][1][safepoint    ] Entering safepoint region: Cleanup
[2019-06-24T10:44:19.852+0000][1][safepoint    ] Leaving safepoint region
[2019-06-24T10:44:19.852+0000][1][safepoint    ] Total time for which application threads were stopped: 0.0002219 seconds, Stopping threads took: 0.0000622 seconds
[2019-06-24T10:44:20.852+0000][1][safepoint    ] Application time: 1.0001944 seconds
[2019-06-24T10:44:20.852+0000][1][safepoint    ] Entering safepoint region: Cleanup
[2019-06-24T10:44:20.853+0000][1][safepoint    ] Leaving safepoint region
[2019-06-24T10:44:20.853+0000][1][safepoint    ] Total time for which application threads were stopped: 0.0002245 seconds, Stopping threads took: 0.0000637 seconds
[2019-06-24T10:44:21.853+0000][1][safepoint    ] Application time: 1.0001894 seconds
[2019-06-24T10:44:21.853+0000][1][safepoint    ] Entering safepoint region: Cleanup
[2019-06-24T10:44:21.853+0000][1][safepoint    ] Leaving safepoint region
[2019-06-24T10:44:21.853+0000][1][safepoint    ] Total time for which application threads were stopped: 0.0002222 seconds, Stopping threads took: 0.0000627 seconds
[2019-06-24T10:44:22.853+0000][1][safepoint    ] Application time: 1.0002588 seconds
[2019-06-24T10:44:22.854+0000][1][safepoint    ] Entering safepoint region: Cleanup
[2019-06-24T10:44:22.854+0000][1][safepoint    ] Leaving safepoint region
[2019-06-24T10:44:22.854+0000][1][safepoint    ] Total time for which application threads were stopped: 0.0002868 seconds, Stopping threads took: 0.0000689 seconds
[2019-06-24T10:44:23.854+0000][1][safepoint    ] Application time: 1.0002084 seconds
[2019-06-24T10:44:23.854+0000][1][safepoint    ] Entering safepoint region: Cleanup
[2019-06-24T10:44:23.854+0000][1][safepoint    ] Leaving safepoint region
[2019-06-24T10:44:23.854+0000][1][safepoint    ] Total time for which application threads were stopped: 0.0002210 seconds, Stopping threads took: 0.0000623 seconds
[2019-06-24T10:44:24.855+0000][1][safepoint    ] Application time: 1.0002994 seconds
[2019-06-24T10:44:24.855+0000][1][safepoint    ] Entering safepoint region: Cleanup
[2019-06-24T10:44:24.855+0000][1][safepoint    ] Leaving safepoint region
[2019-06-24T10:44:24.855+0000][1][safepoint    ] Total time for which application threads were stopped: 0.0002232 seconds, Stopping threads took: 0.0000617 seconds
[2019-06-24T10:44:25.855+0000][1][safepoint    ] Application time: 1.0002629 seconds
[2019-06-24T10:44:25.855+0000][1][safepoint    ] Entering safepoint region: Cleanup
[2019-06-24T10:44:25.856+0000][1][safepoint    ] Leaving safepoint region
[2019-06-24T10:44:25.856+0000][1][safepoint    ] Total time for which application threads were stopped: 0.0002434 seconds, Stopping threads took: 0.0000800 seconds
[2019-06-24T10:44:27.520+0000][1][safepoint    ] Application time: 1.6641943 seconds
[2019-06-24T10:44:27.520+0000][1][safepoint    ] Entering safepoint region: Cleanup
[2019-06-24T10:44:27.520+0000][1][safepoint    ] Leaving safepoint region
[2019-06-24T10:44:27.520+0000][1][safepoint    ] Total time for which application threads were stopped: 0.0000926 seconds, Stopping threads took: 0.0000371 seconds
[2019-06-24T10:44:28.520+0000][1][safepoint    ] Application time: 1.0002935 seconds
[2019-06-24T10:44:28.521+0000][1][safepoint    ] Entering safepoint region: Cleanup
[2019-06-24T10:44:28.521+0000][1][safepoint    ] Leaving safepoint region
[2019-06-24T10:44:28.521+0000][1][safepoint    ] Total time for which application threads were stopped: 0.0003062 seconds, Stopping threads took: 0.0001274 seconds
[2019-06-24T10:44:29.521+0000][1][safepoint    ] Application time: 1.0002063 seconds
[2019-06-24T10:44:29.521+0000][1][safepoint    ] Entering safepoint region: Cleanup
[2019-06-24T10:44:29.521+0000][1][safepoint    ] Leaving safepoint region
[2019-06-24T10:44:29.521+0000][1][safepoint    ] Total time for which application threads were stopped: 0.0002360 seconds, Stopping threads took: 0.0000663 seconds
[2019-06-24T10:44:30.522+0000][1][safepoint    ] Application time: 1.0001314 seconds
[2019-06-24T10:44:30.522+0000][1][safepoint    ] Entering safepoint region: Cleanup
[2019-06-24T10:44:30.522+0000][1][safepoint    ] Leaving safepoint region
[2019-06-24T10:44:30.522+0000][1][safepoint    ] Total time for which application threads were stopped: 0.0001799 seconds, Stopping threads took: 0.0000489 seconds
[2019-06-24T10:44:31.522+0000][1][safepoint    ] Application time: 1.0001807 seconds
[2019-06-24T10:44:31.522+0000][1][safepoint    ] Entering safepoint region: Cleanup
[2019-06-24T10:44:31.522+0000][1][safepoint    ] Leaving safepoint region
[2019-06-24T10:44:31.522+0000][1][safepoint    ] Total time for which application threads were stopped: 0.0002158 seconds, Stopping threads took: 0.0000615 seconds
[2019-06-24T10:44:32.523+0000][1][safepoint    ] Application time: 1.0003450 seconds
[2019-06-24T10:44:32.523+0000][1][safepoint    ] Entering safepoint region: Cleanup
[2019-06-24T10:44:32.523+0000][1][safepoint    ] Leaving safepoint region
[2019-06-24T10:44:32.523+0000][1][safepoint    ] Total time for which application threads were stopped: 0.0002553 seconds, Stopping threads took: 0.0000721 seconds
[2019-06-24T10:44:33.523+0000][1][safepoint    ] Application time: 1.0001999 seconds
[2019-06-24T10:44:33.523+0000][1][safepoint    ] Entering safepoint region: Cleanup
[2019-06-24T10:44:33.524+0000][1][safepoint    ] Leaving safepoint region
[2019-06-24T10:44:33.524+0000][1][safepoint    ] Total time for which application threads were stopped: 0.0002229 seconds, Stopping threads took: 0.0000637 seconds
[2019-06-24T10:44:34.524+0000][1][safepoint    ] Application time: 1.0001722 seconds
[2019-06-24T10:44:34.524+0000][1][safepoint    ] Entering safepoint region: Cleanup
[2019-06-24T10:44:34.524+0000][1][safepoint    ] Leaving safepoint region
[2019-06-24T10:44:34.524+0000][1][safepoint    ] Total time for which application threads were stopped: 0.0001858 seconds, Stopping threads took: 0.0000511 seconds
[2019-06-24T10:44:35.524+0000][1][safepoint    ] Application time: 1.0002648 seconds
[2019-06-24T10:44:35.525+0000][1][safepoint    ] Entering safepoint region: Cleanup
[2019-06-24T10:44:35.525+0000][1][safepoint    ] Leaving safepoint region
[2019-06-24T10:44:35.525+0000][1][safepoint    ] Total time for which application threads were stopped: 0.0002221 seconds, Stopping threads took: 0.0000632 seconds
[2019-06-24T10:44:36.525+0000][1][safepoint    ] Application time: 1.0000996 seconds
[2019-06-24T10:44:36.525+0000][1][safepoint    ] Entering safepoint region: Cleanup
[2019-06-24T10:44:36.525+0000][1][safepoint    ] Leaving safepoint region
[2019-06-24T10:44:36.525+0000][1][safepoint    ] Total time for which application threads were stopped: 0.0001086 seconds, Stopping threads took: 0.0000278 seconds
[2019-06-24T10:44:37.525+0000][1][safepoint    ] Application time: 1.0002363 seconds
[2019-06-24T10:44:37.525+0000][1][safepoint    ] Entering safepoint region: Cleanup
[2019-06-24T10:44:37.526+0000][1][safepoint    ] Leaving safepoint region
[2019-06-24T10:44:37.526+0000][1][safepoint    ] Total time for which application threads were stopped: 0.0002167 seconds, Stopping threads took: 0.0000626 seconds
[2019-06-24T10:44:38.526+0000][1][safepoint    ] Application time: 1.0002596 seconds
[2019-06-24T10:44:38.526+0000][1][safepoint    ] Entering safepoint region: Cleanup
[2019-06-24T10:44:38.526+0000][1][safepoint    ] Leaving safepoint region
[2019-06-24T10:44:38.526+0000][1][safepoint    ] Total time for which application threads were stopped: 0.0002590 seconds, Stopping threads took: 0.0000981 seconds
[2019-06-24T10:44:39.526+0000][1][safepoint    ] Application time: 1.0001380 seconds
[2019-06-24T10:44:39.527+0000][1][safepoint    ] Entering safepoint region: Cleanup
[2019-06-24T10:44:39.527+0000][1][safepoint    ] Leaving safepoint region
[2019-06-24T10:44:39.527+0000][1][safepoint    ] Total time for which application threads were stopped: 0.0000961 seconds, Stopping threads took: 0.0000277 seconds
[2019-06-24T10:44:40.527+0000][1][safepoint    ] Application time: 1.0001197 seconds
[2019-06-24T10:44:40.527+0000][1][safepoint    ] Entering safepoint region: Cleanup
[2019-06-24T10:44:40.527+0000][1][safepoint    ] Leaving safepoint region
[2019-06-24T10:44:40.527+0000][1][safepoint    ] Total time for which application threads were stopped: 0.0002234 seconds, Stopping threads took: 0.0000624 seconds
[2019-06-24T10:44:41.527+0000][1][safepoint    ] Application time: 1.0001637 seconds
[2019-06-24T10:44:41.527+0000][1][safepoint    ] Entering safepoint region: Cleanup
[2019-06-24T10:44:41.527+0000][1][safepoint    ] Leaving safepoint region
[2019-06-24T10:44:41.527+0000][1][safepoint    ] Total time for which application threads were stopped: 0.0000960 seconds, Stopping threads took: 0.0000272 seconds
[2019-06-24T10:44:42.528+0000][1][safepoint    ] Application time: 1.0002093 seconds
[2019-06-24T10:44:42.528+0000][1][safepoint    ] Entering safepoint region: Cleanup
[2019-06-24T10:44:42.528+0000][1][safepoint    ] Leaving safepoint region
[2019-06-24T10:44:42.528+0000][1][safepoint    ] Total time for which application threads were stopped: 0.0002556 seconds, Stopping threads took: 0.0000922 seconds
[2019-06-24T10:44:43.528+0000][1][safepoint    ] Application time: 1.0001074 seconds
[2019-06-24T10:44:43.528+0000][1][safepoint    ] Entering safepoint region: Cleanup
[2019-06-24T10:44:43.528+0000][1][safepoint    ] Leaving safepoint region
[2019-06-24T10:44:43.528+0000][1][safepoint    ] Total time for which application threads were stopped: 0.0001230 seconds, Stopping threads took: 0.0000316 seconds
[2019-06-24T10:44:44.529+0000][1][safepoint    ] Application time: 1.0002426 seconds
[2019-06-24T10:44:44.529+0000][1][safepoint    ] Entering safepoint region: Cleanup
[2019-06-24T10:44:44.529+0000][1][safepoint    ] Leaving safepoint region
[2019-06-24T10:44:44.529+0000][1][safepoint    ] Total time for which application threads were stopped: 0.0002250 seconds, Stopping threads took: 0.0000636 seconds
[2019-06-24T10:44:45.529+0000][1][safepoint    ] Application time: 1.0002254 seconds
[2019-06-24T10:44:45.529+0000][1][safepoint    ] Entering safepoint region: Cleanup
[2019-06-24T10:44:45.529+0000][1][safepoint    ] Leaving safepoint region
[2019-06-24T10:44:45.529+0000][1][safepoint    ] Total time for which application threads were stopped: 0.0001114 seconds, Stopping threads took: 0.0000254 seconds
[2019-06-24T10:44:46.529+0000][1][safepoint    ] Application time: 1.0001351 seconds
[2019-06-24T10:44:46.530+0000][1][safepoint    ] Entering safepoint region: Cleanup
[2019-06-24T10:44:46.530+0000][1][safepoint    ] Leaving safepoint region
[2019-06-24T10:44:46.530+0000][1][safepoint    ] Total time for which application threads were stopped: 0.0002827 seconds, Stopping threads took: 0.0000851 seconds
[2019-06-24T10:44:47.530+0000][1][safepoint    ] Application time: 1.0002689 seconds
[2019-06-24T10:44:47.530+0000][1][safepoint    ] Entering safepoint region: Cleanup
[2019-06-24T10:44:47.531+0000][1][safepoint    ] Leaving safepoint region
[2019-06-24T10:44:47.531+0000][1][safepoint    ] Total time for which application threads were stopped: 0.0003472 seconds, Stopping threads took: 0.0000645 seconds
[2019-06-24T10:44:48.531+0000][1][safepoint    ] Application time: 1.0001309 seconds
[2019-06-24T10:44:48.531+0000][1][safepoint    ] Entering safepoint region: Cleanup
[2019-06-24T10:44:48.531+0000][1][safepoint    ] Leaving safepoint region
[2019-06-24T10:44:48.531+0000][1][safepoint    ] Total time for which application threads were stopped: 0.0003798 seconds, Stopping threads took: 0.0001655 seconds
[2019-06-24T10:44:49.532+0000][1][safepoint    ] Application time: 1.0002194 seconds
[2019-06-24T10:44:49.532+0000][1][safepoint    ] Entering safepoint region: Cleanup
[2019-06-24T10:44:49.532+0000][1][safepoint    ] Leaving safepoint region
[2019-06-24T10:44:49.532+0000][1][safepoint    ] Total time for which application threads were stopped: 0.0002331 seconds, Stopping threads took: 0.0000649 seconds
[2019-06-24T10:44:50.532+0000][1][safepoint    ] Application time: 1.0002650 seconds
[2019-06-24T10:44:50.532+0000][1][safepoint    ] Entering safepoint region: Cleanup
[2019-06-24T10:44:50.533+0000][1][safepoint    ] Leaving safepoint region
[2019-06-24T10:44:50.533+0000][1][safepoint    ] Total time for which application threads were stopped: 0.0002258 seconds, Stopping threads took: 0.0000630 seconds
[2019-06-24T10:44:51.533+0000][1][safepoint    ] Application time: 1.0001701 seconds
[2019-06-24T10:44:51.533+0000][1][safepoint    ] Entering safepoint region: Cleanup
[2019-06-24T10:44:51.533+0000][1][safepoint    ] Leaving safepoint region
[2019-06-24T10:44:51.533+0000][1][safepoint    ] Total time for which application threads were stopped: 0.0001605 seconds, Stopping threads took: 0.0000440 seconds
[2019-06-24T10:44:52.533+0000][1][safepoint    ] Application time: 1.0002789 seconds
[2019-06-24T10:44:52.533+0000][1][safepoint    ] Entering safepoint region: Cleanup
[2019-06-24T10:44:52.534+0000][1][safepoint    ] Leaving safepoint region
[2019-06-24T10:44:52.534+0000][1][safepoint    ] Total time for which application threads were stopped: 0.0002207 seconds, Stopping threads took: 0.0000624 seconds
[2019-06-24T10:44:52.720+0000][1][safepoint    ] Application time: 0.1860219 seconds
[2019-06-24T10:44:52.720+0000][1][safepoint    ] Entering safepoint region: RevokeBias
[2019-06-24T10:44:52.720+0000][1][safepoint    ] Leaving safepoint region
[2019-06-24T10:44:52.720+0000][1][safepoint    ] Total time for which application threads were stopped: 0.0001904 seconds, Stopping threads took: 0.0000767 seconds
[2019-06-24T10:44:52.720+0000][1][safepoint    ] Application time: 0.0001230 seconds
[2019-06-24T10:44:52.720+0000][1][safepoint    ] Entering safepoint region: RevokeBias
[2019-06-24T10:44:52.720+0000][1][safepoint    ] Leaving safepoint region
[2019-06-24T10:44:52.720+0000][1][safepoint    ] Total time for which application threads were stopped: 0.0001033 seconds, Stopping threads took: 0.0000218 seconds
[2019-06-24T10:44:52.731+0000][1][safepoint    ] Application time: 0.0106503 seconds
[2019-06-24T10:44:52.731+0000][1][safepoint    ] Entering safepoint region: RevokeBias
[2019-06-24T10:44:52.731+0000][1][safepoint    ] Leaving safepoint region
[2019-06-24T10:44:52.731+0000][1][safepoint    ] Total time for which application threads were stopped: 0.0001426 seconds, Stopping threads took: 0.0000394 seconds
[2019-06-24T10:44:52.731+0000][1][safepoint    ] Application time: 0.0001728 seconds
[2019-06-24T10:44:52.731+0000][1][safepoint    ] Entering safepoint region: RevokeBias
[2019-06-24T10:44:52.731+0000][1][safepoint    ] Leaving safepoint region
[2019-06-24T10:44:52.731+0000][1][safepoint    ] Total time for which application threads were stopped: 0.0001008 seconds, Stopping threads took: 0.0000275 seconds
[2019-06-24T10:44:52.734+0000][1][safepoint    ] Application time: 0.0029591 seconds
[2019-06-24T10:44:52.767+0000][1][safepoint    ] Entering safepoint region: RevokeBias
[2019-06-24T10:44:52.767+0000][1][safepoint    ] Leaving safepoint region
[2019-06-24T10:44:52.767+0000][1][safepoint    ] Total time for which application threads were stopped: 0.0324028 seconds, Stopping threads took: 0.0322816 seconds
[2019-06-24T10:44:52.767+0000][1][safepoint    ] Application time: 0.0007429 seconds
[2019-06-24T10:44:52.768+0000][1][safepoint    ] Entering safepoint region: RevokeBias
[2019-06-24T10:44:52.768+0000][1][safepoint    ] Leaving safepoint region
[2019-06-24T10:44:52.768+0000][1][safepoint    ] Total time for which application threads were stopped: 0.0002033 seconds, Stopping threads took: 0.0000662 seconds
[2019-06-24T10:44:52.771+0000][1][safepoint    ] Application time: 0.0034002 seconds
[2019-06-24T10:44:52.779+0000][1][safepoint    ] Entering safepoint region: RevokeBias
[2019-06-24T10:44:52.779+0000][1][safepoint    ] Leaving safepoint region
[2019-06-24T10:44:52.779+0000][1][safepoint    ] Total time for which application threads were stopped: 0.0079037 seconds, Stopping threads took: 0.0077951 seconds
[2019-06-24T10:44:52.781+0000][1][safepoint    ] Application time: 0.0020875 seconds
[2019-06-24T10:44:52.781+0000][1][safepoint    ] Entering safepoint region: RevokeBias
[2019-06-24T10:44:52.781+0000][1][safepoint    ] Leaving safepoint region
[2019-06-24T10:44:52.781+0000][1][safepoint    ] Total time for which application threads were stopped: 0.0001301 seconds, Stopping threads took: 0.0000318 seconds
[2019-06-24T10:44:52.782+0000][1][safepoint    ] Application time: 0.0009816 seconds
[2019-06-24T10:44:52.787+0000][1][safepoint    ] Entering safepoint region: RevokeBias
[2019-06-24T10:44:52.787+0000][1][safepoint    ] Leaving safepoint region
[2019-06-24T10:44:52.787+0000][1][safepoint    ] Total time for which application threads were stopped: 0.0045766 seconds, Stopping threads took: 0.0044397 seconds
[2019-06-24T10:44:52.787+0000][1][safepoint    ] Application time: 0.0002423 seconds
[2019-06-24T10:44:52.787+0000][1][safepoint    ] Entering safepoint region: RevokeBias
[2019-06-24T10:44:52.787+0000][1][safepoint    ] Leaving safepoint region
[2019-06-24T10:44:52.787+0000][1][safepoint    ] Total time for which application threads were stopped: 0.0001102 seconds, Stopping threads took: 0.0000470 seconds
[2019-06-24T10:44:52.788+0000][1][safepoint    ] Application time: 0.0008943 seconds
[2019-06-24T10:44:52.788+0000][1][safepoint    ] Entering safepoint region: RevokeBias
[2019-06-24T10:44:52.789+0000][1][safepoint    ] Leaving safepoint region
[2019-06-24T10:44:52.789+0000][1][safepoint    ] Total time for which application threads were stopped: 0.0007932 seconds, Stopping threads took: 0.0000932 seconds
[2019-06-24T10:44:52.827+0000][1][safepoint    ] Application time: 0.0375168 seconds
[2019-06-24T10:44:52.827+0000][1][safepoint    ] Entering safepoint region: RevokeBias
[2019-06-24T10:44:52.827+0000][1][safepoint    ] Leaving safepoint region
[2019-06-24T10:44:52.827+0000][1][safepoint    ] Total time for which application threads were stopped: 0.0008107 seconds, Stopping threads took: 0.0000306 seconds
[2019-06-24T10:44:52.833+0000][1][safepoint    ] Application time: 0.0050852 seconds
[2019-06-24T10:44:52.834+0000][1][safepoint    ] Entering safepoint region: RevokeBias
[2019-06-24T10:44:52.834+0000][1][safepoint    ] Leaving safepoint region
[2019-06-24T10:44:52.834+0000][1][safepoint    ] Total time for which application threads were stopped: 0.0014424 seconds, Stopping threads took: 0.0012606 seconds
[2019-06-24T10:44:52.834+0000][1][safepoint    ] Application time: 0.0003152 seconds
[2019-06-24T10:44:52.834+0000][1][safepoint    ] Entering safepoint region: RevokeBias
[2019-06-24T10:44:52.839+0000][1][safepoint    ] Leaving safepoint region
[2019-06-24T10:44:52.839+0000][1][safepoint    ] Total time for which application threads were stopped: 0.0043114 seconds, Stopping threads took: 0.0000292 seconds
[2019-06-24T10:44:52.879+0000][1][safepoint    ] Application time: 0.0399771 seconds
[2019-06-24T10:44:52.879+0000][1][safepoint    ] Entering safepoint region: BulkRevokeBias
[2019-06-24T10:44:52.880+0000][1][safepoint    ] Leaving safepoint region
[2019-06-24T10:44:52.880+0000][1][safepoint    ] Total time for which application threads were stopped: 0.0011949 seconds, Stopping threads took: 0.0001211 seconds
[2019-06-24T10:44:52.885+0000][1][safepoint    ] Application time: 0.0055208 seconds
[2019-06-24T10:44:52.886+0000][1][safepoint    ] Entering safepoint region: RevokeBias
[2019-06-24T10:44:52.886+0000][1][safepoint    ] Leaving safepoint region
[2019-06-24T10:44:52.886+0000][1][safepoint    ] Total time for which application threads were stopped: 0.0006211 seconds, Stopping threads took: 0.0001291 seconds
[2019-06-24T10:44:52.894+0000][1][safepoint    ] Application time: 0.0080147 seconds
[2019-06-24T10:44:52.902+0000][1][safepoint    ] Entering safepoint region: RevokeBias
[2019-06-24T10:44:52.903+0000][1][safepoint    ] Leaving safepoint region
[2019-06-24T10:44:52.903+0000][1][safepoint    ] Total time for which application threads were stopped: 0.0083975 seconds, Stopping threads took: 0.0081733 seconds
[2019-06-24T10:44:52.906+0000][1][safepoint    ] Application time: 0.0032183 seconds
[2019-06-24T10:44:52.906+0000][1][safepoint    ] Entering safepoint region: RevokeBias
[2019-06-24T10:44:52.906+0000][1][safepoint    ] Leaving safepoint region
[2019-06-24T10:44:52.906+0000][1][safepoint    ] Total time for which application threads were stopped: 0.0001684 seconds, Stopping threads took: 0.0000294 seconds
[2019-06-24T10:44:52.906+0000][1][safepoint    ] Application time: 0.0004442 seconds
[2019-06-24T10:44:52.907+0000][1][safepoint    ] Entering safepoint region: RevokeBias
[2019-06-24T10:44:52.907+0000][1][safepoint    ] Leaving safepoint region
[2019-06-24T10:44:52.907+0000][1][safepoint    ] Total time for which application threads were stopped: 0.0002654 seconds, Stopping threads took: 0.0001015 seconds
[2019-06-24T10:44:52.915+0000][1][safepoint    ] Application time: 0.0078623 seconds
[2019-06-24T10:44:52.915+0000][1][safepoint    ] Entering safepoint region: RevokeBias
[2019-06-24T10:44:52.915+0000][1][safepoint    ] Leaving safepoint region
[2019-06-24T10:44:52.915+0000][1][safepoint    ] Total time for which application threads were stopped: 0.0001988 seconds, Stopping threads took: 0.0000321 seconds
[2019-06-24T10:44:52.921+0000][1][safepoint    ] Application time: 0.0060912 seconds
[2019-06-24T10:44:52.921+0000][1][safepoint    ] Entering safepoint region: RevokeBias
[2019-06-24T10:44:52.922+0000][1][safepoint    ] Leaving safepoint region
[2019-06-24T10:44:52.922+0000][1][safepoint    ] Total time for which application threads were stopped: 0.0007388 seconds, Stopping threads took: 0.0000379 seconds
[2019-06-24T10:44:52.922+0000][1][safepoint    ] Application time: 0.0002263 seconds
[2019-06-24T10:44:52.922+0000][1][safepoint    ] Entering safepoint region: RevokeBias
[2019-06-24T10:44:52.922+0000][1][safepoint    ] Leaving safepoint region
[2019-06-24T10:44:52.922+0000][1][safepoint    ] Total time for which application threads were stopped: 0.0001573 seconds, Stopping threads took: 0.0000629 seconds
[2019-06-24T10:44:52.922+0000][1][safepoint    ] Application time: 0.0000626 seconds
[2019-06-24T10:44:52.922+0000][1][safepoint    ] Entering safepoint region: RevokeBias
[2019-06-24T10:44:52.922+0000][1][safepoint    ] Leaving safepoint region
[2019-06-24T10:44:52.922+0000][1][safepoint    ] Total time for which application threads were stopped: 0.0000740 seconds, Stopping threads took: 0.0000121 seconds
[2019-06-24T10:44:52.922+0000][1][safepoint    ] Application time: 0.0001120 seconds
[2019-06-24T10:44:52.922+0000][1][safepoint    ] Entering safepoint region: RevokeBias
[2019-06-24T10:44:52.923+0000][1][safepoint    ] Leaving safepoint region
[2019-06-24T10:44:52.923+0000][1][safepoint    ] Total time for which application threads were stopped: 0.0000974 seconds, Stopping threads took: 0.0000110 seconds
[2019-06-24T10:44:52.923+0000][1][safepoint    ] Application time: 0.0000776 seconds
[2019-06-24T10:44:52.923+0000][1][safepoint    ] Entering safepoint region: RevokeBias
[2019-06-24T10:44:52.923+0000][1][safepoint    ] Leaving safepoint region
[2019-06-24T10:44:52.923+0000][1][safepoint    ] Total time for which application threads were stopped: 0.0001159 seconds, Stopping threads took: 0.0000198 seconds
[2019-06-24T10:44:52.925+0000][1][safepoint    ] Application time: 0.0017523 seconds
[2019-06-24T10:44:52.925+0000][1][safepoint    ] Entering safepoint region: RevokeBias
[2019-06-24T10:44:52.925+0000][1][safepoint    ] Leaving safepoint region
[2019-06-24T10:44:52.925+0000][1][safepoint    ] Total time for which application threads were stopped: 0.0004842 seconds, Stopping threads took: 0.0002831 seconds
[2019-06-24T10:44:52.926+0000][1][safepoint    ] Application time: 0.0013773 seconds
[2019-06-24T10:44:52.927+0000][1][safepoint    ] Entering safepoint region: RevokeBias
[2019-06-24T10:44:52.927+0000][1][safepoint    ] Leaving safepoint region
[2019-06-24T10:44:52.927+0000][1][safepoint    ] Total time for which application threads were stopped: 0.0002413 seconds, Stopping threads took: 0.0000834 seconds
[2019-06-24T10:44:52.929+0000][1][safepoint    ] Application time: 0.0025395 seconds
[2019-06-24T10:44:52.929+0000][1][safepoint    ] Entering safepoint region: RevokeBias
[2019-06-24T10:44:52.930+0000][1][safepoint    ] Leaving safepoint region
[2019-06-24T10:44:52.930+0000][1][safepoint    ] Total time for which application threads were stopped: 0.0003093 seconds, Stopping threads took: 0.0000888 seconds
[2019-06-24T10:44:52.933+0000][1][safepoint    ] Application time: 0.0028742 seconds
[2019-06-24T10:44:52.933+0000][1][safepoint    ] Entering safepoint region: RevokeBias
[2019-06-24T10:44:52.933+0000][1][safepoint    ] Leaving safepoint region
[2019-06-24T10:44:52.933+0000][1][safepoint    ] Total time for which application threads were stopped: 0.0009385 seconds, Stopping threads took: 0.0002848 seconds
[2019-06-24T10:44:52.937+0000][1][safepoint    ] Application time: 0.0033889 seconds
[2019-06-24T10:44:52.937+0000][1][safepoint    ] Entering safepoint region: RevokeBias
[2019-06-24T10:44:52.937+0000][1][safepoint    ] Leaving safepoint region
[2019-06-24T10:44:52.937+0000][1][safepoint    ] Total time for which application threads were stopped: 0.0002298 seconds, Stopping threads took: 0.0001061 seconds
[2019-06-24T10:44:52.939+0000][1][safepoint    ] Application time: 0.0022280 seconds
[2019-06-24T10:44:52.939+0000][1][safepoint    ] Entering safepoint region: RevokeBias
[2019-06-24T10:44:52.940+0000][1][safepoint    ] Leaving safepoint region
[2019-06-24T10:44:52.940+0000][1][safepoint    ] Total time for which application threads were stopped: 0.0001990 seconds, Stopping threads took: 0.0000367 seconds
[2019-06-24T10:44:52.948+0000][1][safepoint    ] Application time: 0.0084563 seconds
[2019-06-24T10:44:52.948+0000][1][safepoint    ] Entering safepoint region: RevokeBias
[2019-06-24T10:44:52.948+0000][1][safepoint    ] Leaving safepoint region
[2019-06-24T10:44:52.948+0000][1][safepoint    ] Total time for which application threads were stopped: 0.0002427 seconds, Stopping threads took: 0.0000799 seconds
[2019-06-24T10:44:52.951+0000][1][safepoint    ] Application time: 0.0021399 seconds
[2019-06-24T10:44:52.951+0000][1][safepoint    ] Entering safepoint region: RevokeBias
[2019-06-24T10:44:52.951+0000][1][safepoint    ] Leaving safepoint region
[2019-06-24T10:44:52.951+0000][1][safepoint    ] Total time for which application threads were stopped: 0.0001478 seconds, Stopping threads took: 0.0000561 seconds
[2019-06-24T10:44:52.951+0000][1][safepoint    ] Application time: 0.0006409 seconds
[2019-06-24T10:44:52.952+0000][1][safepoint    ] Entering safepoint region: RevokeBias
[2019-06-24T10:44:52.952+0000][1][safepoint    ] Leaving safepoint region
[2019-06-24T10:44:52.952+0000][1][safepoint    ] Total time for which application threads were stopped: 0.0002456 seconds, Stopping threads took: 0.0000919 seconds
[2019-06-24T10:44:52.952+0000][1][safepoint    ] Application time: 0.0005346 seconds
[2019-06-24T10:44:52.952+0000][1][safepoint    ] Entering safepoint region: BulkRevokeBias
[2019-06-24T10:44:52.953+0000][1][safepoint    ] Leaving safepoint region
[2019-06-24T10:44:52.953+0000][1][safepoint    ] Total time for which application threads were stopped: 0.0006962 seconds, Stopping threads took: 0.0001284 seconds
[2019-06-24T10:44:52.954+0000][1][safepoint    ] Application time: 0.0008723 seconds
[2019-06-24T10:44:52.954+0000][1][safepoint    ] Entering safepoint region: RevokeBias
[2019-06-24T10:44:52.954+0000][1][safepoint    ] Leaving safepoint region
[2019-06-24T10:44:52.954+0000][1][safepoint    ] Total time for which application threads were stopped: 0.0002113 seconds, Stopping threads took: 0.0001081 seconds
[2019-06-24T10:44:52.955+0000][1][safepoint    ] Application time: 0.0008634 seconds
[2019-06-24T10:44:52.955+0000][1][safepoint    ] Entering safepoint region: RevokeBias
[2019-06-24T10:44:52.955+0000][1][safepoint    ] Leaving safepoint region
[2019-06-24T10:44:52.955+0000][1][safepoint    ] Total time for which application threads were stopped: 0.0001373 seconds, Stopping threads took: 0.0000261 seconds
[2019-06-24T10:44:52.956+0000][1][safepoint    ] Application time: 0.0010412 seconds
[2019-06-24T10:44:52.956+0000][1][safepoint    ] Entering safepoint region: RevokeBias
[2019-06-24T10:44:52.956+0000][1][safepoint    ] Leaving safepoint region
[2019-06-24T10:44:52.956+0000][1][safepoint    ] Total time for which application threads were stopped: 0.0001894 seconds, Stopping threads took: 0.0001028 seconds
[2019-06-24T10:44:52.957+0000][1][safepoint    ] Application time: 0.0003984 seconds
[2019-06-24T10:44:52.957+0000][1][safepoint    ] Entering safepoint region: RevokeBias
[2019-06-24T10:44:52.957+0000][1][safepoint    ] Leaving safepoint region
[2019-06-24T10:44:52.957+0000][1][safepoint    ] Total time for which application threads were stopped: 0.0002749 seconds, Stopping threads took: 0.0001807 seconds
[2019-06-24T10:44:52.967+0000][1][safepoint    ] Application time: 0.0096312 seconds
[2019-06-24T10:44:52.967+0000][1][safepoint    ] Entering safepoint region: RevokeBias
[2019-06-24T10:44:52.967+0000][1][safepoint    ] Leaving safepoint region
[2019-06-24T10:44:52.967+0000][1][safepoint    ] Total time for which application threads were stopped: 0.0002301 seconds, Stopping threads took: 0.0000543 seconds
[2019-06-24T10:44:52.967+0000][1][safepoint    ] Application time: 0.0001197 seconds
[2019-06-24T10:44:52.967+0000][1][safepoint    ] Entering safepoint region: RevokeBias
[2019-06-24T10:44:52.967+0000][1][safepoint    ] Leaving safepoint region
[2019-06-24T10:44:52.967+0000][1][safepoint    ] Total time for which application threads were stopped: 0.0001945 seconds, Stopping threads took: 0.0000802 seconds
[2019-06-24T10:44:52.967+0000][1][safepoint    ] Application time: 0.0001199 seconds
[2019-06-24T10:44:52.968+0000][1][safepoint    ] Entering safepoint region: RevokeBias
[2019-06-24T10:44:52.968+0000][1][safepoint    ] Leaving safepoint region
[2019-06-24T10:44:52.968+0000][1][safepoint    ] Total time for which application threads were stopped: 0.0001575 seconds, Stopping threads took: 0.0000683 seconds
[2019-06-24T10:44:53.012+0000][1][safepoint    ] Application time: 0.0446151 seconds
[2019-06-24T10:44:53.012+0000][1][safepoint    ] Entering safepoint region: RevokeBias
[2019-06-24T10:44:53.012+0000][1][safepoint    ] Leaving safepoint region
[2019-06-24T10:44:53.012+0000][1][safepoint    ] Total time for which application threads were stopped: 0.0001485 seconds, Stopping threads took: 0.0000587 seconds
[2019-06-24T10:44:53.013+0000][1][safepoint    ] Application time: 0.0002811 seconds
[2019-06-24T10:44:53.013+0000][1][safepoint    ] Entering safepoint region: RevokeBias
[2019-06-24T10:44:53.013+0000][1][safepoint    ] Leaving safepoint region
[2019-06-24T10:44:53.013+0000][1][safepoint    ] Total time for which application threads were stopped: 0.0000793 seconds, Stopping threads took: 0.0000147 seconds
[2019-06-24T10:44:53.013+0000][1][safepoint    ] Application time: 0.0001925 seconds
[2019-06-24T10:44:53.013+0000][1][safepoint    ] Entering safepoint region: RevokeBias
[2019-06-24T10:44:53.013+0000][1][safepoint    ] Leaving safepoint region
[2019-06-24T10:44:53.013+0000][1][safepoint    ] Total time for which application threads were stopped: 0.0000702 seconds, Stopping threads took: 0.0000140 seconds
[2019-06-24T10:44:53.013+0000][1][safepoint    ] Application time: 0.0000617 seconds
[2019-06-24T10:44:53.013+0000][1][safepoint    ] Entering safepoint region: RevokeBias
[2019-06-24T10:44:53.013+0000][1][safepoint    ] Leaving safepoint region
[2019-06-24T10:44:53.013+0000][1][safepoint    ] Total time for which application threads were stopped: 0.0000840 seconds, Stopping threads took: 0.0000258 seconds
[2019-06-24T10:44:53.013+0000][1][safepoint    ] Application time: 0.0001448 seconds
[2019-06-24T10:44:53.013+0000][1][safepoint    ] Entering safepoint region: RevokeBias
[2019-06-24T10:44:53.014+0000][1][safepoint    ] Leaving safepoint region
[2019-06-24T10:44:53.014+0000][1][safepoint    ] Total time for which application threads were stopped: 0.0000990 seconds, Stopping threads took: 0.0000374 seconds
[2019-06-24T10:44:53.014+0000][1][safepoint    ] Application time: 0.0003981 seconds
[2019-06-24T10:44:53.014+0000][1][safepoint    ] Entering safepoint region: RevokeBias
[2019-06-24T10:44:53.014+0000][1][safepoint    ] Leaving safepoint region
[2019-06-24T10:44:53.014+0000][1][safepoint    ] Total time for which application threads were stopped: 0.0001638 seconds, Stopping threads took: 0.0000910 seconds
[2019-06-24T10:44:53.014+0000][1][safepoint    ] Application time: 0.0001032 seconds
[2019-06-24T10:44:53.014+0000][1][safepoint    ] Entering safepoint region: RevokeBias
[2019-06-24T10:44:53.014+0000][1][safepoint    ] Leaving safepoint region
[2019-06-24T10:44:53.014+0000][1][safepoint    ] Total time for which application threads were stopped: 0.0001095 seconds, Stopping threads took: 0.0000457 seconds
[2019-06-24T10:44:53.014+0000][1][safepoint    ] Application time: 0.0000664 seconds
[2019-06-24T10:44:53.014+0000][1][safepoint    ] Entering safepoint region: RevokeBias
[2019-06-24T10:44:53.015+0000][1][safepoint    ] Leaving safepoint region
[2019-06-24T10:44:53.015+0000][1][safepoint    ] Total time for which application threads were stopped: 0.0001153 seconds, Stopping threads took: 0.0000556 seconds
[2019-06-24T10:44:53.015+0000][1][safepoint    ] Application time: 0.0003572 seconds
[2019-06-24T10:44:53.015+0000][1][safepoint    ] Entering safepoint region: RevokeBias
[2019-06-24T10:44:53.015+0000][1][safepoint    ] Leaving safepoint region
[2019-06-24T10:44:53.015+0000][1][safepoint    ] Total time for which application threads were stopped: 0.0000833 seconds, Stopping threads took: 0.0000242 seconds
[2019-06-24T10:44:53.016+0000][1][safepoint    ] Application time: 0.0013631 seconds
[2019-06-24T10:44:53.016+0000][1][safepoint    ] Entering safepoint region: RevokeBias
[2019-06-24T10:44:53.017+0000][1][safepoint    ] Leaving safepoint region
[2019-06-24T10:44:53.017+0000][1][safepoint    ] Total time for which application threads were stopped: 0.0001152 seconds, Stopping threads took: 0.0000379 seconds
[2019-06-24T10:44:53.020+0000][1][safepoint    ] Application time: 0.0035608 seconds
[2019-06-24T10:44:53.020+0000][1][safepoint    ] Entering safepoint region: RevokeBias
[2019-06-24T10:44:53.020+0000][1][safepoint    ] Leaving safepoint region
[2019-06-24T10:44:53.020+0000][1][safepoint    ] Total time for which application threads were stopped: 0.0000539 seconds, Stopping threads took: 0.0000113 seconds
[2019-06-24T10:44:53.026+0000][1][safepoint    ] Application time: 0.0060781 seconds
[2019-06-24T10:44:53.026+0000][1][safepoint    ] Entering safepoint region: RevokeBias
[2019-06-24T10:44:53.026+0000][1][safepoint    ] Leaving safepoint region
[2019-06-24T10:44:53.026+0000][1][safepoint    ] Total time for which application threads were stopped: 0.0000616 seconds, Stopping threads took: 0.0000132 seconds
[2019-06-24T10:44:53.027+0000][1][safepoint    ] Application time: 0.0005448 seconds
[2019-06-24T10:44:53.027+0000][1][safepoint    ] Entering safepoint region: RevokeBias
[2019-06-24T10:44:53.027+0000][1][safepoint    ] Leaving safepoint region
[2019-06-24T10:44:53.027+0000][1][safepoint    ] Total time for which application threads were stopped: 0.0000463 seconds, Stopping threads took: 0.0000100 seconds
[2019-06-24T10:44:53.028+0000][1][safepoint    ] Application time: 0.0009650 seconds
[2019-06-24T10:44:53.028+0000][1][safepoint    ] Entering safepoint region: RevokeBias
[2019-06-24T10:44:53.028+0000][1][safepoint    ] Leaving safepoint region
[2019-06-24T10:44:53.028+0000][1][safepoint    ] Total time for which application threads were stopped: 0.0000615 seconds, Stopping threads took: 0.0000203 seconds
[2019-06-24T10:44:53.028+0000][1][safepoint    ] Application time: 0.0002947 seconds
[2019-06-24T10:44:53.028+0000][1][safepoint    ] Entering safepoint region: RevokeBias
[2019-06-24T10:44:53.029+0000][1][safepoint    ] Leaving safepoint region
[2019-06-24T10:44:53.029+0000][1][safepoint    ] Total time for which application threads were stopped: 0.0001525 seconds, Stopping threads took: 0.0001190 seconds
[2019-06-24T10:44:53.030+0000][1][safepoint    ] Application time: 0.0010837 seconds
[2019-06-24T10:44:53.030+0000][1][safepoint    ] Entering safepoint region: RevokeBias
[2019-06-24T10:44:53.030+0000][1][safepoint    ] Leaving safepoint region
[2019-06-24T10:44:53.030+0000][1][safepoint    ] Total time for which application threads were stopped: 0.0001596 seconds, Stopping threads took: 0.0001245 seconds
[2019-06-24T10:44:53.030+0000][1][safepoint    ] Application time: 0.0001268 seconds
[2019-06-24T10:44:53.030+0000][1][safepoint    ] Entering safepoint region: RevokeBias
[2019-06-24T10:44:53.030+0000][1][safepoint    ] Leaving safepoint region
[2019-06-24T10:44:53.030+0000][1][safepoint    ] Total time for which application threads were stopped: 0.0000279 seconds, Stopping threads took: 0.0000079 seconds
[2019-06-24T10:44:53.031+0000][1][safepoint    ] Application time: 0.0013952 seconds
[2019-06-24T10:44:53.031+0000][1][safepoint    ] Entering safepoint region: RevokeBias
[2019-06-24T10:44:53.031+0000][1][safepoint    ] Leaving safepoint region
[2019-06-24T10:44:53.031+0000][1][safepoint    ] Total time for which application threads were stopped: 0.0000417 seconds, Stopping threads took: 0.0000099 seconds
[2019-06-24T10:44:53.034+0000][1][gc,heap,exit ] Heap
[2019-06-24T10:44:53.034+0000][1][gc,heap,exit ]  par new generation   total 78656K, used 53106K [0x00000000f0000000, 0x00000000f5550000, 0x00000000f5550000)
[2019-06-24T10:44:53.034+0000][1][gc,heap,exit ]   eden space 69952K,  75% used [0x00000000f0000000, 0x00000000f33d99f0, 0x00000000f4450000)
[2019-06-24T10:44:53.034+0000][1][gc,heap,exit ]   from space 8704K,   0% used [0x00000000f4cd0000, 0x00000000f4cd3060, 0x00000000f5550000)
[2019-06-24T10:44:53.034+0000][1][gc,heap,exit ]   to   space 8704K,   0% used [0x00000000f4450000, 0x00000000f4450000, 0x00000000f4cd0000)
[2019-06-24T10:44:53.034+0000][1][gc,heap,exit ]  concurrent mark-sweep generation total 174784K, used 69667K [0x00000000f5550000, 0x0000000100000000, 0x0000000100000000)
[2019-06-24T10:44:53.034+0000][1][gc,heap,exit ]  Metaspace       used 68349K, capacity 73350K, committed 73664K, reserved 1112064K
[2019-06-24T10:44:53.034+0000][1][gc,heap,exit ]   class space    used 9209K, capacity 11292K, committed 11356K, reserved 1048576K
[2019-06-24T10:44:53.034+0000][1][safepoint    ] Application time: 0.0027280 seconds
[2019-06-24T10:44:53.034+0000][1][safepoint    ] Entering safepoint region: Exit
