[2019-06-24T14:06:35.564+0000][1][gc] Using Concurrent Mark Sweep
[2019-06-24T14:06:35.564+0000][1][gc,heap,coops] Heap address: 0x00000000f0000000, size: 256 MB, Compressed Oops mode: 32-bit
[2019-06-24T14:06:35.613+0000][1][safepoint    ] Entering safepoint region: EnableBiasedLocking
[2019-06-24T14:06:35.613+0000][1][safepoint    ] Leaving safepoint region
[2019-06-24T14:06:35.613+0000][1][safepoint    ] Total time for which application threads were stopped: 0.0001095 seconds, Stopping threads took: 0.0000521 seconds
[2019-06-24T14:06:35.616+0000][1][safepoint    ] Application time: 0.0022904 seconds
[2019-06-24T14:06:35.616+0000][1][safepoint    ] Entering safepoint region: RevokeBias
[2019-06-24T14:06:35.616+0000][1][safepoint    ] Leaving safepoint region
[2019-06-24T14:06:35.616+0000][1][safepoint    ] Total time for which application threads were stopped: 0.0000955 seconds, Stopping threads took: 0.0000516 seconds
[2019-06-24T14:06:35.624+0000][1][safepoint    ] Application time: 0.0075339 seconds
[2019-06-24T14:06:35.624+0000][1][safepoint    ] Entering safepoint region: Deoptimize
[2019-06-24T14:06:35.624+0000][1][safepoint    ] Leaving safepoint region
[2019-06-24T14:06:35.624+0000][1][safepoint    ] Total time for which application threads were stopped: 0.0000476 seconds, Stopping threads took: 0.0000087 seconds
[2019-06-24T14:06:35.755+0000][1][safepoint    ] Application time: 0.1310868 seconds
[2019-06-24T14:06:35.755+0000][1][safepoint    ] Entering safepoint region: RevokeBias
[2019-06-24T14:06:35.755+0000][1][safepoint    ] Leaving safepoint region
[2019-06-24T14:06:35.755+0000][1][safepoint    ] Total time for which application threads were stopped: 0.0000670 seconds, Stopping threads took: 0.0000126 seconds
[2019-06-24T14:06:35.757+0000][1][safepoint    ] Application time: 0.0016375 seconds
[2019-06-24T14:06:35.757+0000][1][safepoint    ] Entering safepoint region: Deoptimize
[2019-06-24T14:06:35.757+0000][1][safepoint    ] Leaving safepoint region
[2019-06-24T14:06:35.757+0000][1][safepoint    ] Total time for which application threads were stopped: 0.0000500 seconds, Stopping threads took: 0.0000069 seconds
[2019-06-24T14:06:35.784+0000][1][safepoint    ] Application time: 0.0270700 seconds
[2019-06-24T14:06:35.784+0000][1][safepoint    ] Entering safepoint region: Deoptimize
[2019-06-24T14:06:35.784+0000][1][safepoint    ] Leaving safepoint region
[2019-06-24T14:06:35.784+0000][1][safepoint    ] Total time for which application threads were stopped: 0.0000653 seconds, Stopping threads took: 0.0000120 seconds
[2019-06-24T14:06:36.077+0000][1][safepoint    ] Application time: 0.2930181 seconds
[2019-06-24T14:06:36.077+0000][1][safepoint    ] Entering safepoint region: Deoptimize
[2019-06-24T14:06:36.077+0000][1][safepoint    ] Leaving safepoint region
[2019-06-24T14:06:36.077+0000][1][safepoint    ] Total time for which application threads were stopped: 0.0001482 seconds, Stopping threads took: 0.0000126 seconds
[2019-06-24T14:06:36.098+0000][1][safepoint    ] Application time: 0.0214297 seconds
[2019-06-24T14:06:36.098+0000][1][safepoint    ] Entering safepoint region: Deoptimize
[2019-06-24T14:06:36.099+0000][1][safepoint    ] Leaving safepoint region
[2019-06-24T14:06:36.099+0000][1][safepoint    ] Total time for which application threads were stopped: 0.0001659 seconds, Stopping threads took: 0.0000122 seconds
[2019-06-24T14:06:36.161+0000][1][safepoint    ] Application time: 0.0623560 seconds
[2019-06-24T14:06:36.161+0000][1][safepoint    ] Entering safepoint region: Deoptimize
[2019-06-24T14:06:36.161+0000][1][safepoint    ] Leaving safepoint region
[2019-06-24T14:06:36.161+0000][1][safepoint    ] Total time for which application threads were stopped: 0.0001580 seconds, Stopping threads took: 0.0000099 seconds
[2019-06-24T14:06:36.177+0000][1][safepoint    ] Application time: 0.0161120 seconds
[2019-06-24T14:06:36.177+0000][1][safepoint    ] Entering safepoint region: Deoptimize
[2019-06-24T14:06:36.177+0000][1][safepoint    ] Leaving safepoint region
[2019-06-24T14:06:36.177+0000][1][safepoint    ] Total time for which application threads were stopped: 0.0001724 seconds, Stopping threads took: 0.0000144 seconds
[2019-06-24T14:06:36.733+0000][1][safepoint    ] Application time: 0.5550315 seconds
[2019-06-24T14:06:36.733+0000][1][safepoint    ] Entering safepoint region: Deoptimize
[2019-06-24T14:06:36.733+0000][1][safepoint    ] Leaving safepoint region
[2019-06-24T14:06:36.733+0000][1][safepoint    ] Total time for which application threads were stopped: 0.0003065 seconds, Stopping threads took: 0.0000135 seconds
[2019-06-24T14:06:37.009+0000][1][safepoint    ] Application time: 0.2763849 seconds
[2019-06-24T14:06:37.009+0000][1][safepoint    ] Entering safepoint region: RevokeBias
[2019-06-24T14:06:37.009+0000][1][safepoint    ] Leaving safepoint region
[2019-06-24T14:06:37.009+0000][1][safepoint    ] Total time for which application threads were stopped: 0.0001516 seconds, Stopping threads took: 0.0000443 seconds
[2019-06-24T14:06:37.140+0000][1][safepoint    ] Application time: 0.1302685 seconds
[2019-06-24T14:06:37.140+0000][1][safepoint    ] Entering safepoint region: Deoptimize
[2019-06-24T14:06:37.140+0000][1][safepoint    ] Leaving safepoint region
[2019-06-24T14:06:37.140+0000][1][safepoint    ] Total time for which application threads were stopped: 0.0002380 seconds, Stopping threads took: 0.0000498 seconds
[2019-06-24T14:06:37.300+0000][1][safepoint    ] Application time: 0.1603932 seconds
[2019-06-24T14:06:37.300+0000][1][safepoint    ] Entering safepoint region: Deoptimize
[2019-06-24T14:06:37.301+0000][1][safepoint    ] Leaving safepoint region
[2019-06-24T14:06:37.301+0000][1][safepoint    ] Total time for which application threads were stopped: 0.0002273 seconds, Stopping threads took: 0.0000099 seconds
[2019-06-24T14:06:37.301+0000][1][safepoint    ] Application time: 0.0001424 seconds
[2019-06-24T14:06:37.301+0000][1][safepoint    ] Entering safepoint region: Deoptimize
[2019-06-24T14:06:37.301+0000][1][safepoint    ] Leaving safepoint region
[2019-06-24T14:06:37.301+0000][1][safepoint    ] Total time for which application threads were stopped: 0.0002643 seconds, Stopping threads took: 0.0000394 seconds
[2019-06-24T14:06:37.346+0000][1][safepoint    ] Application time: 0.0453231 seconds
[2019-06-24T14:06:37.347+0000][1][safepoint    ] Entering safepoint region: Deoptimize
[2019-06-24T14:06:37.347+0000][1][safepoint    ] Leaving safepoint region
[2019-06-24T14:06:37.347+0000][1][safepoint    ] Total time for which application threads were stopped: 0.0001999 seconds, Stopping threads took: 0.0000168 seconds
[2019-06-24T14:06:37.366+0000][1][safepoint    ] Application time: 0.0192629 seconds
[2019-06-24T14:06:37.366+0000][1][safepoint    ] Entering safepoint region: RevokeBias
[2019-06-24T14:06:37.366+0000][1][safepoint    ] Leaving safepoint region
[2019-06-24T14:06:37.366+0000][1][safepoint    ] Total time for which application threads were stopped: 0.0000761 seconds, Stopping threads took: 0.0000270 seconds
[2019-06-24T14:06:37.366+0000][1][safepoint    ] Application time: 0.0001710 seconds
[2019-06-24T14:06:37.366+0000][1][safepoint    ] Entering safepoint region: RevokeBias
[2019-06-24T14:06:37.366+0000][1][safepoint    ] Leaving safepoint region
[2019-06-24T14:06:37.366+0000][1][safepoint    ] Total time for which application threads were stopped: 0.0000600 seconds, Stopping threads took: 0.0000251 seconds
[2019-06-24T14:06:37.367+0000][1][safepoint    ] Application time: 0.0001586 seconds
[2019-06-24T14:06:37.367+0000][1][safepoint    ] Entering safepoint region: RevokeBias
[2019-06-24T14:06:37.367+0000][1][safepoint    ] Leaving safepoint region
[2019-06-24T14:06:37.367+0000][1][safepoint    ] Total time for which application threads were stopped: 0.0000472 seconds, Stopping threads took: 0.0000220 seconds
[2019-06-24T14:06:37.367+0000][1][safepoint    ] Application time: 0.0000808 seconds
[2019-06-24T14:06:37.367+0000][1][safepoint    ] Entering safepoint region: RevokeBias
[2019-06-24T14:06:37.367+0000][1][safepoint    ] Leaving safepoint region
[2019-06-24T14:06:37.367+0000][1][safepoint    ] Total time for which application threads were stopped: 0.0000452 seconds, Stopping threads took: 0.0000251 seconds
[2019-06-24T14:06:37.368+0000][1][safepoint    ] Application time: 0.0016655 seconds
[2019-06-24T14:06:37.368+0000][1][safepoint    ] Entering safepoint region: RevokeBias
[2019-06-24T14:06:37.368+0000][1][safepoint    ] Leaving safepoint region
[2019-06-24T14:06:37.369+0000][1][safepoint    ] Total time for which application threads were stopped: 0.0000671 seconds, Stopping threads took: 0.0000132 seconds
[2019-06-24T14:06:37.369+0000][1][safepoint    ] Application time: 0.0001992 seconds
[2019-06-24T14:06:37.369+0000][1][safepoint    ] Entering safepoint region: RevokeBias
[2019-06-24T14:06:37.369+0000][1][safepoint    ] Leaving safepoint region
[2019-06-24T14:06:37.369+0000][1][safepoint    ] Total time for which application threads were stopped: 0.0000806 seconds, Stopping threads took: 0.0000489 seconds
[2019-06-24T14:06:37.583+0000][1][safepoint    ] Application time: 0.2142478 seconds
[2019-06-24T14:06:37.583+0000][1][safepoint    ] Entering safepoint region: GenCollectForAllocation
[2019-06-24T14:06:37.583+0000][1][gc,start     ] GC(0) Pause Young (Allocation Failure)
[2019-06-24T14:06:37.603+0000][1][gc,task      ] GC(0) Using 5 workers of 8 for evacuation
[2019-06-24T14:06:37.617+0000][1][gc,age       ] GC(0) Desired survivor size 4456448 bytes, new threshold 1 (max threshold 6)
[2019-06-24T14:06:37.617+0000][1][gc,age       ] GC(0) Age table with threshold 1 (max threshold 6)
[2019-06-24T14:06:37.617+0000][1][gc,age       ] GC(0) - age   1:    8008944 bytes,    8008944 total
[2019-06-24T14:06:37.617+0000][1][gc,heap      ] GC(0) ParNew: 69952K->7930K(78656K)
[2019-06-24T14:06:37.617+0000][1][gc,heap      ] GC(0) CMS: 0K->0K(174784K)
[2019-06-24T14:06:37.617+0000][1][gc,metaspace ] GC(0) Metaspace: 12133K->12133K(1060864K)
[2019-06-24T14:06:37.617+0000][1][gc           ] GC(0) Pause Young (Allocation Failure) 68M->7M(247M) 33.811ms
[2019-06-24T14:06:37.617+0000][1][gc,cpu       ] GC(0) User=0.08s Sys=0.00s Real=0.03s
[2019-06-24T14:06:37.617+0000][1][safepoint    ] Leaving safepoint region
[2019-06-24T14:06:37.617+0000][1][safepoint    ] Total time for which application threads were stopped: 0.0339844 seconds, Stopping threads took: 0.0000432 seconds
[2019-06-24T14:06:37.618+0000][1][safepoint    ] Application time: 0.0009858 seconds
[2019-06-24T14:06:37.619+0000][1][safepoint    ] Entering safepoint region: RevokeBias
[2019-06-24T14:06:37.619+0000][1][safepoint    ] Leaving safepoint region
[2019-06-24T14:06:37.619+0000][1][safepoint    ] Total time for which application threads were stopped: 0.0005641 seconds, Stopping threads took: 0.0004703 seconds
[2019-06-24T14:06:37.619+0000][1][safepoint    ] Application time: 0.0001897 seconds
[2019-06-24T14:06:37.619+0000][1][safepoint    ] Entering safepoint region: RevokeBias
[2019-06-24T14:06:37.619+0000][1][safepoint    ] Leaving safepoint region
[2019-06-24T14:06:37.619+0000][1][safepoint    ] Total time for which application threads were stopped: 0.0000852 seconds, Stopping threads took: 0.0000431 seconds
[2019-06-24T14:06:37.619+0000][1][safepoint    ] Application time: 0.0000564 seconds
[2019-06-24T14:06:37.619+0000][1][safepoint    ] Entering safepoint region: RevokeBias
[2019-06-24T14:06:37.619+0000][1][safepoint    ] Leaving safepoint region
[2019-06-24T14:06:37.619+0000][1][safepoint    ] Total time for which application threads were stopped: 0.0001530 seconds, Stopping threads took: 0.0000974 seconds
[2019-06-24T14:06:37.619+0000][1][safepoint    ] Application time: 0.0000697 seconds
[2019-06-24T14:06:37.619+0000][1][safepoint    ] Entering safepoint region: RevokeBias
[2019-06-24T14:06:37.619+0000][1][safepoint    ] Leaving safepoint region
[2019-06-24T14:06:37.619+0000][1][safepoint    ] Total time for which application threads were stopped: 0.0001330 seconds, Stopping threads took: 0.0000822 seconds
[2019-06-24T14:06:37.620+0000][1][safepoint    ] Application time: 0.0000502 seconds
[2019-06-24T14:06:37.620+0000][1][safepoint    ] Entering safepoint region: RevokeBias
[2019-06-24T14:06:37.620+0000][1][safepoint    ] Leaving safepoint region
[2019-06-24T14:06:37.620+0000][1][safepoint    ] Total time for which application threads were stopped: 0.0000924 seconds, Stopping threads took: 0.0000529 seconds
[2019-06-24T14:06:37.625+0000][1][safepoint    ] Application time: 0.0055599 seconds
[2019-06-24T14:06:37.625+0000][1][safepoint    ] Entering safepoint region: RevokeBias
[2019-06-24T14:06:37.625+0000][1][safepoint    ] Leaving safepoint region
[2019-06-24T14:06:37.625+0000][1][safepoint    ] Total time for which application threads were stopped: 0.0001714 seconds, Stopping threads took: 0.0000821 seconds
[2019-06-24T14:06:37.626+0000][1][safepoint    ] Application time: 0.0001061 seconds
[2019-06-24T14:06:37.626+0000][1][safepoint    ] Entering safepoint region: RevokeBias
[2019-06-24T14:06:37.626+0000][1][safepoint    ] Leaving safepoint region
[2019-06-24T14:06:37.626+0000][1][safepoint    ] Total time for which application threads were stopped: 0.0001115 seconds, Stopping threads took: 0.0000480 seconds
[2019-06-24T14:06:37.626+0000][1][safepoint    ] Application time: 0.0002597 seconds
[2019-06-24T14:06:37.626+0000][1][safepoint    ] Entering safepoint region: RevokeBias
[2019-06-24T14:06:37.626+0000][1][safepoint    ] Leaving safepoint region
[2019-06-24T14:06:37.626+0000][1][safepoint    ] Total time for which application threads were stopped: 0.0001197 seconds, Stopping threads took: 0.0000475 seconds
[2019-06-24T14:06:37.626+0000][1][safepoint    ] Application time: 0.0000660 seconds
[2019-06-24T14:06:37.626+0000][1][safepoint    ] Entering safepoint region: RevokeBias
[2019-06-24T14:06:37.626+0000][1][safepoint    ] Leaving safepoint region
[2019-06-24T14:06:37.626+0000][1][safepoint    ] Total time for which application threads were stopped: 0.0001179 seconds, Stopping threads took: 0.0000496 seconds
[2019-06-24T14:06:37.626+0000][1][safepoint    ] Application time: 0.0000715 seconds
[2019-06-24T14:06:37.626+0000][1][safepoint    ] Entering safepoint region: RevokeBias
[2019-06-24T14:06:37.626+0000][1][safepoint    ] Leaving safepoint region
[2019-06-24T14:06:37.626+0000][1][safepoint    ] Total time for which application threads were stopped: 0.0000489 seconds, Stopping threads took: 0.0000083 seconds
[2019-06-24T14:06:37.627+0000][1][safepoint    ] Application time: 0.0000525 seconds
[2019-06-24T14:06:37.627+0000][1][safepoint    ] Entering safepoint region: RevokeBias
[2019-06-24T14:06:37.627+0000][1][safepoint    ] Leaving safepoint region
[2019-06-24T14:06:37.627+0000][1][safepoint    ] Total time for which application threads were stopped: 0.0000865 seconds, Stopping threads took: 0.0000437 seconds
[2019-06-24T14:06:37.627+0000][1][safepoint    ] Application time: 0.0000657 seconds
[2019-06-24T14:06:37.627+0000][1][safepoint    ] Entering safepoint region: RevokeBias
[2019-06-24T14:06:37.627+0000][1][safepoint    ] Leaving safepoint region
[2019-06-24T14:06:37.627+0000][1][safepoint    ] Total time for which application threads were stopped: 0.0001241 seconds, Stopping threads took: 0.0000280 seconds
[2019-06-24T14:06:37.627+0000][1][safepoint    ] Application time: 0.0000445 seconds
[2019-06-24T14:06:37.627+0000][1][safepoint    ] Entering safepoint region: RevokeBias
[2019-06-24T14:06:37.627+0000][1][safepoint    ] Leaving safepoint region
[2019-06-24T14:06:37.627+0000][1][safepoint    ] Total time for which application threads were stopped: 0.0000866 seconds, Stopping threads took: 0.0000277 seconds
[2019-06-24T14:06:37.627+0000][1][safepoint    ] Application time: 0.0000622 seconds
[2019-06-24T14:06:37.627+0000][1][safepoint    ] Entering safepoint region: RevokeBias
[2019-06-24T14:06:37.627+0000][1][safepoint    ] Leaving safepoint region
[2019-06-24T14:06:37.627+0000][1][safepoint    ] Total time for which application threads were stopped: 0.0000775 seconds, Stopping threads took: 0.0000426 seconds
[2019-06-24T14:06:37.627+0000][1][safepoint    ] Application time: 0.0000466 seconds
[2019-06-24T14:06:37.627+0000][1][safepoint    ] Entering safepoint region: RevokeBias
[2019-06-24T14:06:37.627+0000][1][safepoint    ] Leaving safepoint region
[2019-06-24T14:06:37.627+0000][1][safepoint    ] Total time for which application threads were stopped: 0.0001021 seconds, Stopping threads took: 0.0000576 seconds
[2019-06-24T14:06:37.627+0000][1][safepoint    ] Application time: 0.0000794 seconds
[2019-06-24T14:06:37.627+0000][1][safepoint    ] Entering safepoint region: RevokeBias
[2019-06-24T14:06:37.628+0000][1][safepoint    ] Leaving safepoint region
[2019-06-24T14:06:37.628+0000][1][safepoint    ] Total time for which application threads were stopped: 0.0000980 seconds, Stopping threads took: 0.0000489 seconds
[2019-06-24T14:06:37.628+0000][1][safepoint    ] Application time: 0.0000398 seconds
[2019-06-24T14:06:37.628+0000][1][safepoint    ] Entering safepoint region: RevokeBias
[2019-06-24T14:06:37.628+0000][1][safepoint    ] Leaving safepoint region
[2019-06-24T14:06:37.628+0000][1][safepoint    ] Total time for which application threads were stopped: 0.0000440 seconds, Stopping threads took: 0.0000073 seconds
[2019-06-24T14:06:37.628+0000][1][safepoint    ] Application time: 0.0000442 seconds
[2019-06-24T14:06:37.628+0000][1][safepoint    ] Entering safepoint region: RevokeBias
[2019-06-24T14:06:37.628+0000][1][safepoint    ] Leaving safepoint region
[2019-06-24T14:06:37.628+0000][1][safepoint    ] Total time for which application threads were stopped: 0.0000464 seconds, Stopping threads took: 0.0000078 seconds
[2019-06-24T14:06:37.628+0000][1][safepoint    ] Application time: 0.0000389 seconds
[2019-06-24T14:06:37.628+0000][1][safepoint    ] Entering safepoint region: RevokeBias
[2019-06-24T14:06:37.628+0000][1][safepoint    ] Leaving safepoint region
[2019-06-24T14:06:37.628+0000][1][safepoint    ] Total time for which application threads were stopped: 0.0000412 seconds, Stopping threads took: 0.0000077 seconds
[2019-06-24T14:06:37.628+0000][1][safepoint    ] Application time: 0.0000843 seconds
[2019-06-24T14:06:37.628+0000][1][safepoint    ] Entering safepoint region: RevokeBias
[2019-06-24T14:06:37.628+0000][1][safepoint    ] Leaving safepoint region
[2019-06-24T14:06:37.628+0000][1][safepoint    ] Total time for which application threads were stopped: 0.0001475 seconds, Stopping threads took: 0.0000616 seconds
[2019-06-24T14:06:37.628+0000][1][safepoint    ] Application time: 0.0000588 seconds
[2019-06-24T14:06:37.628+0000][1][safepoint    ] Entering safepoint region: RevokeBias
[2019-06-24T14:06:37.628+0000][1][safepoint    ] Leaving safepoint region
[2019-06-24T14:06:37.628+0000][1][safepoint    ] Total time for which application threads were stopped: 0.0001353 seconds, Stopping threads took: 0.0000664 seconds
[2019-06-24T14:06:37.629+0000][1][safepoint    ] Application time: 0.0003625 seconds
[2019-06-24T14:06:37.629+0000][1][safepoint    ] Entering safepoint region: RevokeBias
[2019-06-24T14:06:37.629+0000][1][safepoint    ] Leaving safepoint region
[2019-06-24T14:06:37.629+0000][1][safepoint    ] Total time for which application threads were stopped: 0.0001573 seconds, Stopping threads took: 0.0001009 seconds
[2019-06-24T14:06:37.629+0000][1][safepoint    ] Application time: 0.0000615 seconds
[2019-06-24T14:06:37.629+0000][1][safepoint    ] Entering safepoint region: RevokeBias
[2019-06-24T14:06:37.629+0000][1][safepoint    ] Leaving safepoint region
[2019-06-24T14:06:37.629+0000][1][safepoint    ] Total time for which application threads were stopped: 0.0000571 seconds, Stopping threads took: 0.0000123 seconds
[2019-06-24T14:06:37.629+0000][1][safepoint    ] Application time: 0.0003240 seconds
[2019-06-24T14:06:37.629+0000][1][safepoint    ] Entering safepoint region: RevokeBias
[2019-06-24T14:06:37.630+0000][1][safepoint    ] Leaving safepoint region
[2019-06-24T14:06:37.630+0000][1][safepoint    ] Total time for which application threads were stopped: 0.0001302 seconds, Stopping threads took: 0.0000681 seconds
[2019-06-24T14:06:37.630+0000][1][safepoint    ] Application time: 0.0000626 seconds
[2019-06-24T14:06:37.630+0000][1][safepoint    ] Entering safepoint region: RevokeBias
[2019-06-24T14:06:37.630+0000][1][safepoint    ] Leaving safepoint region
[2019-06-24T14:06:37.630+0000][1][safepoint    ] Total time for which application threads were stopped: 0.0001208 seconds, Stopping threads took: 0.0000657 seconds
[2019-06-24T14:06:37.630+0000][1][safepoint    ] Application time: 0.0000842 seconds
[2019-06-24T14:06:37.630+0000][1][safepoint    ] Entering safepoint region: RevokeBias
[2019-06-24T14:06:37.630+0000][1][safepoint    ] Leaving safepoint region
[2019-06-24T14:06:37.630+0000][1][safepoint    ] Total time for which application threads were stopped: 0.0001004 seconds, Stopping threads took: 0.0000468 seconds
[2019-06-24T14:06:37.630+0000][1][safepoint    ] Application time: 0.0000505 seconds
[2019-06-24T14:06:37.630+0000][1][safepoint    ] Entering safepoint region: RevokeBias
[2019-06-24T14:06:37.630+0000][1][safepoint    ] Leaving safepoint region
[2019-06-24T14:06:37.630+0000][1][safepoint    ] Total time for which application threads were stopped: 0.0001394 seconds, Stopping threads took: 0.0000904 seconds
[2019-06-24T14:06:37.912+0000][1][safepoint    ] Application time: 0.2815655 seconds
[2019-06-24T14:06:37.912+0000][1][safepoint    ] Entering safepoint region: Deoptimize
[2019-06-24T14:06:37.912+0000][1][safepoint    ] Leaving safepoint region
[2019-06-24T14:06:37.912+0000][1][safepoint    ] Total time for which application threads were stopped: 0.0003921 seconds, Stopping threads took: 0.0000475 seconds
[2019-06-24T14:06:38.156+0000][1][safepoint    ] Application time: 0.2434863 seconds
[2019-06-24T14:06:38.156+0000][1][safepoint    ] Entering safepoint region: RevokeBias
[2019-06-24T14:06:38.156+0000][1][safepoint    ] Leaving safepoint region
[2019-06-24T14:06:38.156+0000][1][safepoint    ] Total time for which application threads were stopped: 0.0001468 seconds, Stopping threads took: 0.0000255 seconds
[2019-06-24T14:06:38.311+0000][1][safepoint    ] Application time: 0.1548769 seconds
[2019-06-24T14:06:38.311+0000][1][safepoint    ] Entering safepoint region: RevokeBias
[2019-06-24T14:06:38.311+0000][1][safepoint    ] Leaving safepoint region
[2019-06-24T14:06:38.311+0000][1][safepoint    ] Total time for which application threads were stopped: 0.0001567 seconds, Stopping threads took: 0.0000662 seconds
[2019-06-24T14:06:38.314+0000][1][safepoint    ] Application time: 0.0033234 seconds
[2019-06-24T14:06:38.314+0000][1][safepoint    ] Entering safepoint region: RevokeBias
[2019-06-24T14:06:38.314+0000][1][safepoint    ] Leaving safepoint region
[2019-06-24T14:06:38.314+0000][1][safepoint    ] Total time for which application threads were stopped: 0.0000653 seconds, Stopping threads took: 0.0000118 seconds
[2019-06-24T14:06:38.324+0000][1][safepoint    ] Application time: 0.0095337 seconds
[2019-06-24T14:06:38.324+0000][1][safepoint    ] Entering safepoint region: RevokeBias
[2019-06-24T14:06:38.324+0000][1][safepoint    ] Leaving safepoint region
[2019-06-24T14:06:38.324+0000][1][safepoint    ] Total time for which application threads were stopped: 0.0001081 seconds, Stopping threads took: 0.0000216 seconds
[2019-06-24T14:06:38.402+0000][1][safepoint    ] Application time: 0.0773655 seconds
[2019-06-24T14:06:38.402+0000][1][safepoint    ] Entering safepoint region: GenCollectForAllocation
[2019-06-24T14:06:38.402+0000][1][gc,start     ] GC(1) Pause Young (Allocation Failure)
[2019-06-24T14:06:38.402+0000][1][gc,task      ] GC(1) Using 5 workers of 8 for evacuation
[2019-06-24T14:06:38.435+0000][1][gc,age       ] GC(1) Desired survivor size 4456448 bytes, new threshold 6 (max threshold 6)
[2019-06-24T14:06:38.435+0000][1][gc,age       ] GC(1) Age table with threshold 6 (max threshold 6)
[2019-06-24T14:06:38.435+0000][1][gc,age       ] GC(1) - age   1:    2113536 bytes,    2113536 total
[2019-06-24T14:06:38.435+0000][1][gc,heap      ] GC(1) ParNew: 77882K->6298K(78656K)
[2019-06-24T14:06:38.435+0000][1][gc,heap      ] GC(1) CMS: 0K->6666K(174784K)
[2019-06-24T14:06:38.435+0000][1][gc,metaspace ] GC(1) Metaspace: 14741K->14741K(1062912K)
[2019-06-24T14:06:38.435+0000][1][gc           ] GC(1) Pause Young (Allocation Failure) 76M->12M(247M) 33.032ms
[2019-06-24T14:06:38.435+0000][1][gc,cpu       ] GC(1) User=0.07s Sys=0.00s Real=0.03s
[2019-06-24T14:06:38.435+0000][1][safepoint    ] Leaving safepoint region
[2019-06-24T14:06:38.435+0000][1][safepoint    ] Total time for which application threads were stopped: 0.0332245 seconds, Stopping threads took: 0.0000715 seconds
[2019-06-24T14:06:38.446+0000][1][safepoint    ] Application time: 0.0108749 seconds
[2019-06-24T14:06:38.446+0000][1][safepoint    ] Entering safepoint region: BulkRevokeBias
[2019-06-24T14:06:38.446+0000][1][safepoint    ] Leaving safepoint region
[2019-06-24T14:06:38.446+0000][1][safepoint    ] Total time for which application threads were stopped: 0.0002198 seconds, Stopping threads took: 0.0000543 seconds
[2019-06-24T14:06:38.446+0000][1][safepoint    ] Application time: 0.0000969 seconds
[2019-06-24T14:06:38.446+0000][1][safepoint    ] Entering safepoint region: RevokeBias
[2019-06-24T14:06:38.446+0000][1][safepoint    ] Leaving safepoint region
[2019-06-24T14:06:38.446+0000][1][safepoint    ] Total time for which application threads were stopped: 0.0000662 seconds, Stopping threads took: 0.0000114 seconds
[2019-06-24T14:06:38.447+0000][1][safepoint    ] Application time: 0.0010108 seconds
[2019-06-24T14:06:38.447+0000][1][safepoint    ] Entering safepoint region: RevokeBias
[2019-06-24T14:06:38.447+0000][1][safepoint    ] Leaving safepoint region
[2019-06-24T14:06:38.447+0000][1][safepoint    ] Total time for which application threads were stopped: 0.0001087 seconds, Stopping threads took: 0.0000478 seconds
[2019-06-24T14:06:38.447+0000][1][safepoint    ] Application time: 0.0000634 seconds
[2019-06-24T14:06:38.447+0000][1][safepoint    ] Entering safepoint region: RevokeBias
[2019-06-24T14:06:38.448+0000][1][safepoint    ] Leaving safepoint region
[2019-06-24T14:06:38.448+0000][1][safepoint    ] Total time for which application threads were stopped: 0.0000943 seconds, Stopping threads took: 0.0000371 seconds
[2019-06-24T14:06:38.448+0000][1][safepoint    ] Application time: 0.0000816 seconds
[2019-06-24T14:06:38.448+0000][1][safepoint    ] Entering safepoint region: RevokeBias
[2019-06-24T14:06:38.448+0000][1][safepoint    ] Leaving safepoint region
[2019-06-24T14:06:38.448+0000][1][safepoint    ] Total time for which application threads were stopped: 0.0000786 seconds, Stopping threads took: 0.0000340 seconds
[2019-06-24T14:06:38.448+0000][1][safepoint    ] Application time: 0.0000595 seconds
[2019-06-24T14:06:38.448+0000][1][safepoint    ] Entering safepoint region: RevokeBias
[2019-06-24T14:06:38.448+0000][1][safepoint    ] Leaving safepoint region
[2019-06-24T14:06:38.448+0000][1][safepoint    ] Total time for which application threads were stopped: 0.0000700 seconds, Stopping threads took: 0.0000297 seconds
[2019-06-24T14:06:38.448+0000][1][safepoint    ] Application time: 0.0000665 seconds
[2019-06-24T14:06:38.448+0000][1][safepoint    ] Entering safepoint region: RevokeBias
[2019-06-24T14:06:38.448+0000][1][safepoint    ] Leaving safepoint region
[2019-06-24T14:06:38.448+0000][1][safepoint    ] Total time for which application threads were stopped: 0.0003819 seconds, Stopping threads took: 0.0003310 seconds
[2019-06-24T14:06:38.448+0000][1][safepoint    ] Application time: 0.0000657 seconds
[2019-06-24T14:06:38.448+0000][1][safepoint    ] Entering safepoint region: RevokeBias
[2019-06-24T14:06:38.448+0000][1][safepoint    ] Leaving safepoint region
[2019-06-24T14:06:38.448+0000][1][safepoint    ] Total time for which application threads were stopped: 0.0000529 seconds, Stopping threads took: 0.0000108 seconds
[2019-06-24T14:06:38.449+0000][1][safepoint    ] Application time: 0.0000640 seconds
[2019-06-24T14:06:38.449+0000][1][safepoint    ] Entering safepoint region: RevokeBias
[2019-06-24T14:06:38.449+0000][1][safepoint    ] Leaving safepoint region
[2019-06-24T14:06:38.449+0000][1][safepoint    ] Total time for which application threads were stopped: 0.0000503 seconds, Stopping threads took: 0.0000105 seconds
[2019-06-24T14:06:38.449+0000][1][safepoint    ] Application time: 0.0000528 seconds
[2019-06-24T14:06:38.449+0000][1][safepoint    ] Entering safepoint region: RevokeBias
[2019-06-24T14:06:38.449+0000][1][safepoint    ] Leaving safepoint region
[2019-06-24T14:06:38.449+0000][1][safepoint    ] Total time for which application threads were stopped: 0.0000830 seconds, Stopping threads took: 0.0000429 seconds
[2019-06-24T14:06:38.449+0000][1][safepoint    ] Application time: 0.0000651 seconds
[2019-06-24T14:06:38.449+0000][1][safepoint    ] Entering safepoint region: BulkRevokeBias
[2019-06-24T14:06:38.449+0000][1][safepoint    ] Leaving safepoint region
[2019-06-24T14:06:38.449+0000][1][safepoint    ] Total time for which application threads were stopped: 0.0001016 seconds, Stopping threads took: 0.0000315 seconds
[2019-06-24T14:06:38.449+0000][1][safepoint    ] Application time: 0.0000601 seconds
[2019-06-24T14:06:38.449+0000][1][safepoint    ] Entering safepoint region: RevokeBias
[2019-06-24T14:06:38.449+0000][1][safepoint    ] Leaving safepoint region
[2019-06-24T14:06:38.449+0000][1][safepoint    ] Total time for which application threads were stopped: 0.0000685 seconds, Stopping threads took: 0.0000294 seconds
[2019-06-24T14:06:38.449+0000][1][safepoint    ] Application time: 0.0000699 seconds
[2019-06-24T14:06:38.449+0000][1][safepoint    ] Entering safepoint region: BulkRevokeBias
[2019-06-24T14:06:38.449+0000][1][safepoint    ] Leaving safepoint region
[2019-06-24T14:06:38.449+0000][1][safepoint    ] Total time for which application threads were stopped: 0.0000780 seconds, Stopping threads took: 0.0000107 seconds
[2019-06-24T14:06:38.716+0000][1][safepoint    ] Application time: 0.2668552 seconds
[2019-06-24T14:06:38.716+0000][1][safepoint    ] Entering safepoint region: GenCollectForAllocation
[2019-06-24T14:06:38.716+0000][1][gc,start     ] GC(2) Pause Young (Allocation Failure)
[2019-06-24T14:06:38.716+0000][1][gc,task      ] GC(2) Using 5 workers of 8 for evacuation
[2019-06-24T14:06:38.731+0000][1][gc,age       ] GC(2) Desired survivor size 4456448 bytes, new threshold 6 (max threshold 6)
[2019-06-24T14:06:38.731+0000][1][gc,age       ] GC(2) Age table with threshold 6 (max threshold 6)
[2019-06-24T14:06:38.731+0000][1][gc,age       ] GC(2) - age   1:    2770904 bytes,    2770904 total
[2019-06-24T14:06:38.731+0000][1][gc,age       ] GC(2) - age   2:    1205096 bytes,    3976000 total
[2019-06-24T14:06:38.731+0000][1][gc,heap      ] GC(2) ParNew: 76250K->4387K(78656K)
[2019-06-24T14:06:38.731+0000][1][gc,heap      ] GC(2) CMS: 6666K->6666K(174784K)
[2019-06-24T14:06:38.731+0000][1][gc,metaspace ] GC(2) Metaspace: 14857K->14857K(1062912K)
[2019-06-24T14:06:38.731+0000][1][gc           ] GC(2) Pause Young (Allocation Failure) 80M->10M(247M) 15.003ms
[2019-06-24T14:06:38.731+0000][1][gc,cpu       ] GC(2) User=0.02s Sys=0.01s Real=0.01s
[2019-06-24T14:06:38.731+0000][1][safepoint    ] Leaving safepoint region
[2019-06-24T14:06:38.732+0000][1][safepoint    ] Total time for which application threads were stopped: 0.0152812 seconds, Stopping threads took: 0.0000624 seconds
[2019-06-24T14:06:38.733+0000][1][safepoint    ] Application time: 0.0017740 seconds
[2019-06-24T14:06:38.736+0000][1][safepoint    ] Entering safepoint region: RevokeBias
[2019-06-24T14:06:38.736+0000][1][safepoint    ] Leaving safepoint region
[2019-06-24T14:06:38.736+0000][1][safepoint    ] Total time for which application threads were stopped: 0.0024380 seconds, Stopping threads took: 0.0023052 seconds
[2019-06-24T14:06:38.736+0000][1][safepoint    ] Application time: 0.0000758 seconds
[2019-06-24T14:06:38.736+0000][1][safepoint    ] Entering safepoint region: RevokeBias
[2019-06-24T14:06:38.736+0000][1][safepoint    ] Leaving safepoint region
[2019-06-24T14:06:38.736+0000][1][safepoint    ] Total time for which application threads were stopped: 0.0001174 seconds, Stopping threads took: 0.0000134 seconds
[2019-06-24T14:06:38.736+0000][1][safepoint    ] Application time: 0.0000993 seconds
[2019-06-24T14:06:38.736+0000][1][safepoint    ] Entering safepoint region: RevokeBias
[2019-06-24T14:06:38.736+0000][1][safepoint    ] Leaving safepoint region
[2019-06-24T14:06:38.736+0000][1][safepoint    ] Total time for which application threads were stopped: 0.0001165 seconds, Stopping threads took: 0.0000264 seconds
[2019-06-24T14:06:38.736+0000][1][safepoint    ] Application time: 0.0000608 seconds
[2019-06-24T14:06:38.736+0000][1][safepoint    ] Entering safepoint region: RevokeBias
[2019-06-24T14:06:38.736+0000][1][safepoint    ] Leaving safepoint region
[2019-06-24T14:06:38.736+0000][1][safepoint    ] Total time for which application threads were stopped: 0.0000941 seconds, Stopping threads took: 0.0000113 seconds
[2019-06-24T14:06:38.736+0000][1][safepoint    ] Application time: 0.0000668 seconds
[2019-06-24T14:06:38.737+0000][1][safepoint    ] Entering safepoint region: RevokeBias
[2019-06-24T14:06:38.737+0000][1][safepoint    ] Leaving safepoint region
[2019-06-24T14:06:38.737+0000][1][safepoint    ] Total time for which application threads were stopped: 0.0000921 seconds, Stopping threads took: 0.0000109 seconds
[2019-06-24T14:06:38.737+0000][1][safepoint    ] Application time: 0.0000576 seconds
[2019-06-24T14:06:38.737+0000][1][safepoint    ] Entering safepoint region: RevokeBias
[2019-06-24T14:06:38.737+0000][1][safepoint    ] Leaving safepoint region
[2019-06-24T14:06:38.737+0000][1][safepoint    ] Total time for which application threads were stopped: 0.0000900 seconds, Stopping threads took: 0.0000109 seconds
[2019-06-24T14:06:39.132+0000][1][safepoint    ] Application time: 0.3951949 seconds
[2019-06-24T14:06:39.132+0000][1][safepoint    ] Entering safepoint region: Deoptimize
[2019-06-24T14:06:39.133+0000][1][safepoint    ] Leaving safepoint region
[2019-06-24T14:06:39.133+0000][1][safepoint    ] Total time for which application threads were stopped: 0.0006025 seconds, Stopping threads took: 0.0000523 seconds
[2019-06-24T14:06:39.133+0000][1][safepoint    ] Application time: 0.0007517 seconds
[2019-06-24T14:06:39.133+0000][1][safepoint    ] Entering safepoint region: Deoptimize
[2019-06-24T14:06:39.134+0000][1][safepoint    ] Leaving safepoint region
[2019-06-24T14:06:39.134+0000][1][safepoint    ] Total time for which application threads were stopped: 0.0005246 seconds, Stopping threads took: 0.0000488 seconds
[2019-06-24T14:06:39.827+0000][1][safepoint    ] Application time: 0.6931082 seconds
[2019-06-24T14:06:39.827+0000][1][safepoint    ] Entering safepoint region: GenCollectForAllocation
[2019-06-24T14:06:39.827+0000][1][gc,start     ] GC(3) Pause Young (Allocation Failure)
[2019-06-24T14:06:39.827+0000][1][gc,task      ] GC(3) Using 5 workers of 8 for evacuation
[2019-06-24T14:06:39.837+0000][1][gc,age       ] GC(3) Desired survivor size 4456448 bytes, new threshold 3 (max threshold 6)
[2019-06-24T14:06:39.837+0000][1][gc,age       ] GC(3) Age table with threshold 3 (max threshold 6)
[2019-06-24T14:06:39.837+0000][1][gc,age       ] GC(3) - age   1:    3776472 bytes,    3776472 total
[2019-06-24T14:06:39.837+0000][1][gc,age       ] GC(3) - age   2:     318984 bytes,    4095456 total
[2019-06-24T14:06:39.837+0000][1][gc,age       ] GC(3) - age   3:    1201976 bytes,    5297432 total
[2019-06-24T14:06:39.837+0000][1][gc,heap      ] GC(3) ParNew: 74339K->7418K(78656K)
[2019-06-24T14:06:39.837+0000][1][gc,heap      ] GC(3) CMS: 6666K->6666K(174784K)
[2019-06-24T14:06:39.837+0000][1][gc,metaspace ] GC(3) Metaspace: 18348K->18348K(1067008K)
[2019-06-24T14:06:39.837+0000][1][gc           ] GC(3) Pause Young (Allocation Failure) 79M->13M(247M) 9.430ms
[2019-06-24T14:06:39.837+0000][1][gc,cpu       ] GC(3) User=0.03s Sys=0.00s Real=0.01s
[2019-06-24T14:06:39.837+0000][1][safepoint    ] Leaving safepoint region
[2019-06-24T14:06:39.837+0000][1][safepoint    ] Total time for which application threads were stopped: 0.0096610 seconds, Stopping threads took: 0.0000427 seconds
[2019-06-24T14:06:39.837+0000][1][safepoint    ] Application time: 0.0006631 seconds
[2019-06-24T14:06:39.838+0000][1][safepoint    ] Entering safepoint region: BulkRevokeBias
[2019-06-24T14:06:39.838+0000][1][safepoint    ] Leaving safepoint region
[2019-06-24T14:06:39.838+0000][1][safepoint    ] Total time for which application threads were stopped: 0.0001552 seconds, Stopping threads took: 0.0000490 seconds
[2019-06-24T14:06:39.838+0000][1][safepoint    ] Application time: 0.0000866 seconds
[2019-06-24T14:06:39.838+0000][1][safepoint    ] Entering safepoint region: RevokeBias
[2019-06-24T14:06:39.838+0000][1][safepoint    ] Leaving safepoint region
[2019-06-24T14:06:39.838+0000][1][safepoint    ] Total time for which application threads were stopped: 0.0001000 seconds, Stopping threads took: 0.0000451 seconds
[2019-06-24T14:06:39.838+0000][1][safepoint    ] Application time: 0.0002268 seconds
[2019-06-24T14:06:39.838+0000][1][safepoint    ] Entering safepoint region: RevokeBias
[2019-06-24T14:06:39.838+0000][1][safepoint    ] Leaving safepoint region
[2019-06-24T14:06:39.838+0000][1][safepoint    ] Total time for which application threads were stopped: 0.0000642 seconds, Stopping threads took: 0.0000121 seconds
[2019-06-24T14:06:39.838+0000][1][safepoint    ] Application time: 0.0000535 seconds
[2019-06-24T14:06:39.847+0000][1][safepoint    ] Entering safepoint region: RevokeBias
[2019-06-24T14:06:39.847+0000][1][safepoint    ] Leaving safepoint region
[2019-06-24T14:06:39.847+0000][1][safepoint    ] Total time for which application threads were stopped: 0.0091483 seconds, Stopping threads took: 0.0090653 seconds
[2019-06-24T14:06:39.848+0000][1][safepoint    ] Application time: 0.0001870 seconds
[2019-06-24T14:06:39.848+0000][1][safepoint    ] Entering safepoint region: RevokeBias
[2019-06-24T14:06:39.848+0000][1][safepoint    ] Leaving safepoint region
[2019-06-24T14:06:39.848+0000][1][safepoint    ] Total time for which application threads were stopped: 0.0000816 seconds, Stopping threads took: 0.0000131 seconds
[2019-06-24T14:06:39.848+0000][1][safepoint    ] Application time: 0.0007217 seconds
[2019-06-24T14:06:39.848+0000][1][safepoint    ] Entering safepoint region: RevokeBias
[2019-06-24T14:06:39.849+0000][1][safepoint    ] Leaving safepoint region
[2019-06-24T14:06:39.849+0000][1][safepoint    ] Total time for which application threads were stopped: 0.0000841 seconds, Stopping threads took: 0.0000152 seconds
[2019-06-24T14:06:39.849+0000][1][safepoint    ] Application time: 0.0000596 seconds
[2019-06-24T14:06:39.849+0000][1][safepoint    ] Entering safepoint region: RevokeBias
[2019-06-24T14:06:39.849+0000][1][safepoint    ] Leaving safepoint region
[2019-06-24T14:06:39.849+0000][1][safepoint    ] Total time for which application threads were stopped: 0.0000529 seconds, Stopping threads took: 0.0000112 seconds
[2019-06-24T14:06:39.849+0000][1][safepoint    ] Application time: 0.0000420 seconds
[2019-06-24T14:06:39.849+0000][1][safepoint    ] Entering safepoint region: RevokeBias
[2019-06-24T14:06:39.849+0000][1][safepoint    ] Leaving safepoint region
[2019-06-24T14:06:39.849+0000][1][safepoint    ] Total time for which application threads were stopped: 0.0000492 seconds, Stopping threads took: 0.0000110 seconds
[2019-06-24T14:06:39.849+0000][1][safepoint    ] Application time: 0.0000434 seconds
[2019-06-24T14:06:39.849+0000][1][safepoint    ] Entering safepoint region: RevokeBias
[2019-06-24T14:06:39.849+0000][1][safepoint    ] Leaving safepoint region
[2019-06-24T14:06:39.849+0000][1][safepoint    ] Total time for which application threads were stopped: 0.0000502 seconds, Stopping threads took: 0.0000108 seconds
[2019-06-24T14:06:39.849+0000][1][safepoint    ] Application time: 0.0000397 seconds
[2019-06-24T14:06:39.849+0000][1][safepoint    ] Entering safepoint region: RevokeBias
[2019-06-24T14:06:39.849+0000][1][safepoint    ] Leaving safepoint region
[2019-06-24T14:06:39.849+0000][1][safepoint    ] Total time for which application threads were stopped: 0.0000482 seconds, Stopping threads took: 0.0000104 seconds
[2019-06-24T14:06:39.849+0000][1][safepoint    ] Application time: 0.0000438 seconds
[2019-06-24T14:06:39.849+0000][1][safepoint    ] Entering safepoint region: RevokeBias
[2019-06-24T14:06:39.849+0000][1][safepoint    ] Leaving safepoint region
[2019-06-24T14:06:39.849+0000][1][safepoint    ] Total time for which application threads were stopped: 0.0001255 seconds, Stopping threads took: 0.0000810 seconds
[2019-06-24T14:06:39.849+0000][1][safepoint    ] Application time: 0.0000409 seconds
[2019-06-24T14:06:39.849+0000][1][safepoint    ] Entering safepoint region: RevokeBias
[2019-06-24T14:06:39.849+0000][1][safepoint    ] Leaving safepoint region
[2019-06-24T14:06:39.849+0000][1][safepoint    ] Total time for which application threads were stopped: 0.0000515 seconds, Stopping threads took: 0.0000101 seconds
[2019-06-24T14:06:39.850+0000][1][safepoint    ] Application time: 0.0005387 seconds
[2019-06-24T14:06:39.850+0000][1][safepoint    ] Entering safepoint region: RevokeBias
[2019-06-24T14:06:39.850+0000][1][safepoint    ] Leaving safepoint region
[2019-06-24T14:06:39.850+0000][1][safepoint    ] Total time for which application threads were stopped: 0.0000751 seconds, Stopping threads took: 0.0000133 seconds
[2019-06-24T14:06:39.850+0000][1][safepoint    ] Application time: 0.0000579 seconds
[2019-06-24T14:06:39.850+0000][1][safepoint    ] Entering safepoint region: RevokeBias
[2019-06-24T14:06:39.850+0000][1][safepoint    ] Leaving safepoint region
[2019-06-24T14:06:39.850+0000][1][safepoint    ] Total time for which application threads were stopped: 0.0000564 seconds, Stopping threads took: 0.0000108 seconds
[2019-06-24T14:06:39.850+0000][1][safepoint    ] Application time: 0.0000516 seconds
[2019-06-24T14:06:39.850+0000][1][safepoint    ] Entering safepoint region: RevokeBias
[2019-06-24T14:06:39.850+0000][1][safepoint    ] Leaving safepoint region
[2019-06-24T14:06:39.850+0000][1][safepoint    ] Total time for which application threads were stopped: 0.0000479 seconds, Stopping threads took: 0.0000093 seconds
[2019-06-24T14:06:39.850+0000][1][safepoint    ] Application time: 0.0000371 seconds
[2019-06-24T14:06:39.850+0000][1][safepoint    ] Entering safepoint region: RevokeBias
[2019-06-24T14:06:39.850+0000][1][safepoint    ] Leaving safepoint region
[2019-06-24T14:06:39.850+0000][1][safepoint    ] Total time for which application threads were stopped: 0.0000482 seconds, Stopping threads took: 0.0000097 seconds
[2019-06-24T14:06:39.850+0000][1][safepoint    ] Application time: 0.0001001 seconds
[2019-06-24T14:06:39.850+0000][1][safepoint    ] Entering safepoint region: RevokeBias
[2019-06-24T14:06:39.851+0000][1][safepoint    ] Leaving safepoint region
[2019-06-24T14:06:39.851+0000][1][safepoint    ] Total time for which application threads were stopped: 0.0000506 seconds, Stopping threads took: 0.0000098 seconds
[2019-06-24T14:06:39.851+0000][1][safepoint    ] Application time: 0.0000412 seconds
[2019-06-24T14:06:39.851+0000][1][safepoint    ] Entering safepoint region: RevokeBias
[2019-06-24T14:06:39.851+0000][1][safepoint    ] Leaving safepoint region
[2019-06-24T14:06:39.851+0000][1][safepoint    ] Total time for which application threads were stopped: 0.0000463 seconds, Stopping threads took: 0.0000093 seconds
[2019-06-24T14:06:39.851+0000][1][safepoint    ] Application time: 0.0000377 seconds
[2019-06-24T14:06:39.851+0000][1][safepoint    ] Entering safepoint region: RevokeBias
[2019-06-24T14:06:39.851+0000][1][safepoint    ] Leaving safepoint region
[2019-06-24T14:06:39.851+0000][1][safepoint    ] Total time for which application threads were stopped: 0.0000488 seconds, Stopping threads took: 0.0000098 seconds
[2019-06-24T14:06:39.851+0000][1][safepoint    ] Application time: 0.0000408 seconds
[2019-06-24T14:06:39.851+0000][1][safepoint    ] Entering safepoint region: RevokeBias
[2019-06-24T14:06:39.851+0000][1][safepoint    ] Leaving safepoint region
[2019-06-24T14:06:39.851+0000][1][safepoint    ] Total time for which application threads were stopped: 0.0000477 seconds, Stopping threads took: 0.0000100 seconds
[2019-06-24T14:06:39.851+0000][1][safepoint    ] Application time: 0.0000382 seconds
[2019-06-24T14:06:39.851+0000][1][safepoint    ] Entering safepoint region: RevokeBias
[2019-06-24T14:06:39.851+0000][1][safepoint    ] Leaving safepoint region
[2019-06-24T14:06:39.851+0000][1][safepoint    ] Total time for which application threads were stopped: 0.0000599 seconds, Stopping threads took: 0.0000213 seconds
[2019-06-24T14:06:40.177+0000][1][safepoint    ] Application time: 0.3256718 seconds
[2019-06-24T14:06:40.177+0000][1][safepoint    ] Entering safepoint region: GenCollectForAllocation
[2019-06-24T14:06:40.177+0000][1][gc,start     ] GC(4) Pause Young (Allocation Failure)
[2019-06-24T14:06:40.177+0000][1][gc,task      ] GC(4) Using 5 workers of 8 for evacuation
[2019-06-24T14:06:40.193+0000][1][gc,age       ] GC(4) Desired survivor size 4456448 bytes, new threshold 2 (max threshold 6)
[2019-06-24T14:06:40.193+0000][1][gc,age       ] GC(4) Age table with threshold 2 (max threshold 6)
[2019-06-24T14:06:40.193+0000][1][gc,age       ] GC(4) - age   1:    1714400 bytes,    1714400 total
[2019-06-24T14:06:40.194+0000][1][gc,age       ] GC(4) - age   2:    3305008 bytes,    5019408 total
[2019-06-24T14:06:40.194+0000][1][gc,age       ] GC(4) - age   3:     318456 bytes,    5337864 total
[2019-06-24T14:06:40.194+0000][1][gc,heap      ] GC(4) ParNew: 77370K->8659K(78656K)
[2019-06-24T14:06:40.194+0000][1][gc,heap      ] GC(4) CMS: 6666K->7857K(174784K)
[2019-06-24T14:06:40.194+0000][1][gc,metaspace ] GC(4) Metaspace: 18568K->18568K(1067008K)
[2019-06-24T14:06:40.194+0000][1][gc           ] GC(4) Pause Young (Allocation Failure) 82M->16M(247M) 16.715ms
[2019-06-24T14:06:40.194+0000][1][gc,cpu       ] GC(4) User=0.05s Sys=0.00s Real=0.02s
[2019-06-24T14:06:40.194+0000][1][safepoint    ] Leaving safepoint region
[2019-06-24T14:06:40.194+0000][1][safepoint    ] Total time for which application threads were stopped: 0.0169574 seconds, Stopping threads took: 0.0000580 seconds
[2019-06-24T14:06:40.197+0000][1][safepoint    ] Application time: 0.0035650 seconds
[2019-06-24T14:06:40.203+0000][1][safepoint    ] Entering safepoint region: RevokeBias
[2019-06-24T14:06:40.203+0000][1][safepoint    ] Leaving safepoint region
[2019-06-24T14:06:40.203+0000][1][safepoint    ] Total time for which application threads were stopped: 0.0054056 seconds, Stopping threads took: 0.0052914 seconds
[2019-06-24T14:06:40.203+0000][1][safepoint    ] Application time: 0.0000693 seconds
[2019-06-24T14:06:40.203+0000][1][safepoint    ] Entering safepoint region: RevokeBias
[2019-06-24T14:06:40.203+0000][1][safepoint    ] Leaving safepoint region
[2019-06-24T14:06:40.203+0000][1][safepoint    ] Total time for which application threads were stopped: 0.0000786 seconds, Stopping threads took: 0.0000140 seconds
[2019-06-24T14:06:40.203+0000][1][safepoint    ] Application time: 0.0000607 seconds
[2019-06-24T14:06:40.203+0000][1][safepoint    ] Entering safepoint region: RevokeBias
[2019-06-24T14:06:40.203+0000][1][safepoint    ] Leaving safepoint region
[2019-06-24T14:06:40.203+0000][1][safepoint    ] Total time for which application threads were stopped: 0.0000726 seconds, Stopping threads took: 0.0000122 seconds
[2019-06-24T14:06:40.203+0000][1][safepoint    ] Application time: 0.0000460 seconds
[2019-06-24T14:06:40.203+0000][1][safepoint    ] Entering safepoint region: RevokeBias
[2019-06-24T14:06:40.203+0000][1][safepoint    ] Leaving safepoint region
[2019-06-24T14:06:40.203+0000][1][safepoint    ] Total time for which application threads were stopped: 0.0000704 seconds, Stopping threads took: 0.0000122 seconds
[2019-06-24T14:06:40.239+0000][1][safepoint    ] Application time: 0.0361338 seconds
[2019-06-24T14:06:40.239+0000][1][safepoint    ] Entering safepoint region: Deoptimize
[2019-06-24T14:06:40.240+0000][1][safepoint    ] Leaving safepoint region
[2019-06-24T14:06:40.240+0000][1][safepoint    ] Total time for which application threads were stopped: 0.0005261 seconds, Stopping threads took: 0.0000700 seconds
[2019-06-24T14:06:40.325+0000][1][safepoint    ] Application time: 0.0851668 seconds
[2019-06-24T14:06:40.325+0000][1][safepoint    ] Entering safepoint region: Deoptimize
[2019-06-24T14:06:40.326+0000][1][safepoint    ] Leaving safepoint region
[2019-06-24T14:06:40.326+0000][1][safepoint    ] Total time for which application threads were stopped: 0.0005050 seconds, Stopping threads took: 0.0000280 seconds
[2019-06-24T14:06:40.685+0000][1][safepoint    ] Application time: 0.3596767 seconds
[2019-06-24T14:06:40.685+0000][1][safepoint    ] Entering safepoint region: GenCollectForAllocation
[2019-06-24T14:06:40.686+0000][1][gc,start     ] GC(5) Pause Young (Allocation Failure)
[2019-06-24T14:06:40.686+0000][1][gc,task      ] GC(5) Using 5 workers of 8 for evacuation
[2019-06-24T14:06:40.721+0000][1][gc,age       ] GC(5) Desired survivor size 4456448 bytes, new threshold 6 (max threshold 6)
[2019-06-24T14:06:40.721+0000][1][gc,age       ] GC(5) Age table with threshold 6 (max threshold 6)
[2019-06-24T14:06:40.721+0000][1][gc,age       ] GC(5) - age   1:    2761968 bytes,    2761968 total
[2019-06-24T14:06:40.721+0000][1][gc,age       ] GC(5) - age   2:     443504 bytes,    3205472 total
[2019-06-24T14:06:40.721+0000][1][gc,heap      ] GC(5) ParNew: 78611K->4962K(78656K)
[2019-06-24T14:06:40.721+0000][1][gc,heap      ] GC(5) CMS: 7857K->11460K(174784K)
[2019-06-24T14:06:40.721+0000][1][gc,metaspace ] GC(5) Metaspace: 18915K->18915K(1067008K)
[2019-06-24T14:06:40.721+0000][1][gc           ] GC(5) Pause Young (Allocation Failure) 84M->16M(247M) 35.815ms
[2019-06-24T14:06:40.721+0000][1][gc,cpu       ] GC(5) User=0.03s Sys=0.00s Real=0.04s
[2019-06-24T14:06:40.721+0000][1][safepoint    ] Leaving safepoint region
[2019-06-24T14:06:40.721+0000][1][safepoint    ] Total time for which application threads were stopped: 0.0359905 seconds, Stopping threads took: 0.0000241 seconds
[2019-06-24T14:06:40.722+0000][1][safepoint    ] Application time: 0.0005670 seconds
[2019-06-24T14:06:40.722+0000][1][safepoint    ] Entering safepoint region: RevokeBias
[2019-06-24T14:06:40.722+0000][1][safepoint    ] Leaving safepoint region
[2019-06-24T14:06:40.722+0000][1][safepoint    ] Total time for which application threads were stopped: 0.0001208 seconds, Stopping threads took: 0.0000497 seconds
[2019-06-24T14:06:40.722+0000][1][safepoint    ] Application time: 0.0000568 seconds
[2019-06-24T14:06:40.722+0000][1][safepoint    ] Entering safepoint region: RevokeBias
[2019-06-24T14:06:40.722+0000][1][safepoint    ] Leaving safepoint region
[2019-06-24T14:06:40.722+0000][1][safepoint    ] Total time for which application threads were stopped: 0.0000592 seconds, Stopping threads took: 0.0000106 seconds
[2019-06-24T14:06:40.722+0000][1][safepoint    ] Application time: 0.0000613 seconds
[2019-06-24T14:06:40.722+0000][1][safepoint    ] Entering safepoint region: RevokeBias
[2019-06-24T14:06:40.722+0000][1][safepoint    ] Leaving safepoint region
[2019-06-24T14:06:40.722+0000][1][safepoint    ] Total time for which application threads were stopped: 0.0000550 seconds, Stopping threads took: 0.0000101 seconds
[2019-06-24T14:06:40.723+0000][1][safepoint    ] Application time: 0.0000513 seconds
[2019-06-24T14:06:40.723+0000][1][safepoint    ] Entering safepoint region: RevokeBias
[2019-06-24T14:06:40.723+0000][1][safepoint    ] Leaving safepoint region
[2019-06-24T14:06:40.723+0000][1][safepoint    ] Total time for which application threads were stopped: 0.0000509 seconds, Stopping threads took: 0.0000101 seconds
[2019-06-24T14:06:40.723+0000][1][safepoint    ] Application time: 0.0000543 seconds
[2019-06-24T14:06:40.723+0000][1][safepoint    ] Entering safepoint region: RevokeBias
[2019-06-24T14:06:40.723+0000][1][safepoint    ] Leaving safepoint region
[2019-06-24T14:06:40.723+0000][1][safepoint    ] Total time for which application threads were stopped: 0.0000506 seconds, Stopping threads took: 0.0000099 seconds
[2019-06-24T14:06:40.723+0000][1][safepoint    ] Application time: 0.0000506 seconds
[2019-06-24T14:06:40.723+0000][1][safepoint    ] Entering safepoint region: RevokeBias
[2019-06-24T14:06:40.723+0000][1][safepoint    ] Leaving safepoint region
[2019-06-24T14:06:40.723+0000][1][safepoint    ] Total time for which application threads were stopped: 0.0000493 seconds, Stopping threads took: 0.0000094 seconds
[2019-06-24T14:06:40.978+0000][1][safepoint    ] Application time: 0.2548427 seconds
[2019-06-24T14:06:40.978+0000][1][safepoint    ] Entering safepoint region: RevokeBias
[2019-06-24T14:06:40.978+0000][1][safepoint    ] Leaving safepoint region
[2019-06-24T14:06:40.978+0000][1][safepoint    ] Total time for which application threads were stopped: 0.0001253 seconds, Stopping threads took: 0.0000474 seconds
[2019-06-24T14:06:40.978+0000][1][safepoint    ] Application time: 0.0002805 seconds
[2019-06-24T14:06:40.978+0000][1][safepoint    ] Entering safepoint region: BulkRevokeBias
[2019-06-24T14:06:40.978+0000][1][safepoint    ] Leaving safepoint region
[2019-06-24T14:06:40.978+0000][1][safepoint    ] Total time for which application threads were stopped: 0.0001794 seconds, Stopping threads took: 0.0000403 seconds
[2019-06-24T14:06:41.042+0000][1][safepoint    ] Application time: 0.0640377 seconds
[2019-06-24T14:06:41.043+0000][1][safepoint    ] Entering safepoint region: GenCollectForAllocation
[2019-06-24T14:06:41.043+0000][1][gc,start     ] GC(6) Pause Young (Allocation Failure)
[2019-06-24T14:06:41.043+0000][1][gc,task      ] GC(6) Using 5 workers of 8 for evacuation
[2019-06-24T14:06:41.059+0000][1][gc,age       ] GC(6) Desired survivor size 4456448 bytes, new threshold 6 (max threshold 6)
[2019-06-24T14:06:41.059+0000][1][gc,age       ] GC(6) Age table with threshold 6 (max threshold 6)
[2019-06-24T14:06:41.059+0000][1][gc,age       ] GC(6) - age   1:    1456192 bytes,    1456192 total
[2019-06-24T14:06:41.059+0000][1][gc,age       ] GC(6) - age   2:    2195568 bytes,    3651760 total
[2019-06-24T14:06:41.059+0000][1][gc,age       ] GC(6) - age   3:     443504 bytes,    4095264 total
[2019-06-24T14:06:41.059+0000][1][gc,heap      ] GC(6) ParNew: 74914K->5450K(78656K)
[2019-06-24T14:06:41.059+0000][1][gc,heap      ] GC(6) CMS: 11460K->11460K(174784K)
[2019-06-24T14:06:41.059+0000][1][gc,metaspace ] GC(6) Metaspace: 19222K->19222K(1067008K)
[2019-06-24T14:06:41.060+0000][1][gc           ] GC(6) Pause Young (Allocation Failure) 84M->16M(247M) 16.827ms
[2019-06-24T14:06:41.060+0000][1][gc,cpu       ] GC(6) User=0.02s Sys=0.00s Real=0.01s
[2019-06-24T14:06:41.060+0000][1][safepoint    ] Leaving safepoint region
[2019-06-24T14:06:41.060+0000][1][safepoint    ] Total time for which application threads were stopped: 0.0170876 seconds, Stopping threads took: 0.0000602 seconds
[2019-06-24T14:06:41.060+0000][1][safepoint    ] Application time: 0.0002852 seconds
[2019-06-24T14:06:41.065+0000][1][safepoint    ] Entering safepoint region: BulkRevokeBias
[2019-06-24T14:06:41.065+0000][1][safepoint    ] Leaving safepoint region
[2019-06-24T14:06:41.065+0000][1][safepoint    ] Total time for which application threads were stopped: 0.0050838 seconds, Stopping threads took: 0.0046903 seconds
[2019-06-24T14:06:41.431+0000][1][safepoint    ] Application time: 0.3661751 seconds
[2019-06-24T14:06:41.431+0000][1][safepoint    ] Entering safepoint region: GenCollectForAllocation
[2019-06-24T14:06:41.431+0000][1][gc,start     ] GC(7) Pause Young (Allocation Failure)
[2019-06-24T14:06:41.431+0000][1][gc,task      ] GC(7) Using 5 workers of 8 for evacuation
[2019-06-24T14:06:41.445+0000][1][gc,age       ] GC(7) Desired survivor size 4456448 bytes, new threshold 6 (max threshold 6)
[2019-06-24T14:06:41.445+0000][1][gc,age       ] GC(7) Age table with threshold 6 (max threshold 6)
[2019-06-24T14:06:41.445+0000][1][gc,age       ] GC(7) - age   1:     579912 bytes,     579912 total
[2019-06-24T14:06:41.445+0000][1][gc,age       ] GC(7) - age   2:    1129488 bytes,    1709400 total
[2019-06-24T14:06:41.445+0000][1][gc,age       ] GC(7) - age   3:    2193560 bytes,    3902960 total
[2019-06-24T14:06:41.445+0000][1][gc,age       ] GC(7) - age   4:     443504 bytes,    4346464 total
[2019-06-24T14:06:41.445+0000][1][gc,heap      ] GC(7) ParNew: 75402K->5433K(78656K)
[2019-06-24T14:06:41.445+0000][1][gc,heap      ] GC(7) CMS: 11460K->11460K(174784K)
[2019-06-24T14:06:41.445+0000][1][gc,metaspace ] GC(7) Metaspace: 20041K->20041K(1067008K)
[2019-06-24T14:06:41.445+0000][1][gc           ] GC(7) Pause Young (Allocation Failure) 84M->16M(247M) 14.076ms
[2019-06-24T14:06:41.446+0000][1][gc,cpu       ] GC(7) User=0.01s Sys=0.00s Real=0.02s
[2019-06-24T14:06:41.446+0000][1][safepoint    ] Leaving safepoint region
[2019-06-24T14:06:41.446+0000][1][safepoint    ] Total time for which application threads were stopped: 0.0142829 seconds, Stopping threads took: 0.0000502 seconds
[2019-06-24T14:06:41.468+0000][1][safepoint    ] Application time: 0.0228897 seconds
[2019-06-24T14:06:41.473+0000][1][safepoint    ] Entering safepoint region: CollectForMetadataAllocation
[2019-06-24T14:06:41.473+0000][1][safepoint    ] Leaving safepoint region
[2019-06-24T14:06:41.473+0000][1][safepoint    ] Total time for which application threads were stopped: 0.0002886 seconds, Stopping threads took: 0.0000809 seconds
[2019-06-24T14:06:41.474+0000][1][safepoint    ] Application time: 0.0010378 seconds
[2019-06-24T14:06:41.475+0000][1][safepoint    ] Entering safepoint region: CollectForMetadataAllocation
[2019-06-24T14:06:41.475+0000][1][safepoint    ] Leaving safepoint region
[2019-06-24T14:06:41.475+0000][1][safepoint    ] Total time for which application threads were stopped: 0.0001101 seconds, Stopping threads took: 0.0000698 seconds
[2019-06-24T14:06:41.773+0000][1][safepoint    ] Application time: 0.2978769 seconds
[2019-06-24T14:06:41.773+0000][1][safepoint    ] Entering safepoint region: GenCollectForAllocation
[2019-06-24T14:06:41.773+0000][1][gc,start     ] GC(8) Pause Young (Allocation Failure)
[2019-06-24T14:06:41.773+0000][1][gc,task      ] GC(8) Using 5 workers of 8 for evacuation
[2019-06-24T14:06:41.789+0000][1][gc,age       ] GC(8) Desired survivor size 4456448 bytes, new threshold 4 (max threshold 6)
[2019-06-24T14:06:41.789+0000][1][gc,age       ] GC(8) Age table with threshold 4 (max threshold 6)
[2019-06-24T14:06:41.789+0000][1][gc,age       ] GC(8) - age   1:     992232 bytes,     992232 total
[2019-06-24T14:06:41.789+0000][1][gc,age       ] GC(8) - age   2:     559568 bytes,    1551800 total
[2019-06-24T14:06:41.789+0000][1][gc,age       ] GC(8) - age   3:    1129392 bytes,    2681192 total
[2019-06-24T14:06:41.789+0000][1][gc,age       ] GC(8) - age   4:    2193272 bytes,    4874464 total
[2019-06-24T14:06:41.789+0000][1][gc,age       ] GC(8) - age   5:     443504 bytes,    5317968 total
[2019-06-24T14:06:41.789+0000][1][gc,heap      ] GC(8) ParNew: 75385K->6438K(78656K)
[2019-06-24T14:06:41.789+0000][1][gc,heap      ] GC(8) CMS: 11460K->11460K(174784K)
[2019-06-24T14:06:41.789+0000][1][gc,metaspace ] GC(8) Metaspace: 20281K->20281K(1069056K)
[2019-06-24T14:06:41.790+0000][1][gc           ] GC(8) Pause Young (Allocation Failure) 84M->17M(247M) 16.740ms
[2019-06-24T14:06:41.790+0000][1][gc,cpu       ] GC(8) User=0.02s Sys=0.00s Real=0.02s
[2019-06-24T14:06:41.790+0000][1][safepoint    ] Leaving safepoint region
[2019-06-24T14:06:41.790+0000][1][safepoint    ] Total time for which application threads were stopped: 0.0169570 seconds, Stopping threads took: 0.0000679 seconds
[2019-06-24T14:06:41.793+0000][1][safepoint    ] Application time: 0.0036247 seconds
[2019-06-24T14:06:41.799+0000][1][safepoint    ] Entering safepoint region: CMS_Initial_Mark
[2019-06-24T14:06:41.799+0000][1][gc,start     ] GC(9) Pause Initial Mark
[2019-06-24T14:06:41.802+0000][1][gc           ] GC(9) Pause Initial Mark 21M->21M(247M) 2.683ms
[2019-06-24T14:06:41.802+0000][1][gc,cpu       ] GC(9) User=0.01s Sys=0.00s Real=0.01s
[2019-06-24T14:06:41.802+0000][1][safepoint    ] Leaving safepoint region
[2019-06-24T14:06:41.802+0000][1][safepoint    ] Total time for which application threads were stopped: 0.0089827 seconds, Stopping threads took: 0.0061413 seconds
[2019-06-24T14:06:41.805+0000][1][gc           ] GC(9) Concurrent Mark
[2019-06-24T14:06:41.809+0000][1][gc,task      ] GC(9) Using 2 workers of 2 for marking
[2019-06-24T14:06:41.845+0000][1][gc           ] GC(9) Concurrent Mark 40.017ms
[2019-06-24T14:06:41.845+0000][1][gc,cpu       ] GC(9) User=0.08s Sys=0.01s Real=0.04s
[2019-06-24T14:06:41.845+0000][1][gc           ] GC(9) Concurrent Preclean
[2019-06-24T14:06:41.846+0000][1][gc           ] GC(9) Concurrent Preclean 0.831ms
[2019-06-24T14:06:41.846+0000][1][gc,cpu       ] GC(9) User=0.01s Sys=0.00s Real=0.00s
[2019-06-24T14:06:41.846+0000][1][gc           ] GC(9) Concurrent Abortable Preclean
[2019-06-24T14:06:41.893+0000][1][safepoint    ] Application time: 0.0903327 seconds
[2019-06-24T14:06:41.893+0000][1][safepoint    ] Entering safepoint region: CollectForMetadataAllocation
[2019-06-24T14:06:41.893+0000][1][safepoint    ] Leaving safepoint region
[2019-06-24T14:06:41.893+0000][1][safepoint    ] Total time for which application threads were stopped: 0.0002086 seconds, Stopping threads took: 0.0000407 seconds
[2019-06-24T14:06:42.079+0000][1][safepoint    ] Application time: 0.1858983 seconds
[2019-06-24T14:06:42.079+0000][1][safepoint    ] Entering safepoint region: GenCollectForAllocation
[2019-06-24T14:06:42.079+0000][1][gc,start     ] GC(10) Pause Young (Allocation Failure)
[2019-06-24T14:06:42.079+0000][1][gc,task      ] GC(10) Using 5 workers of 8 for evacuation
[2019-06-24T14:06:42.089+0000][1][gc,age       ] GC(10) Desired survivor size 4456448 bytes, new threshold 6 (max threshold 6)
[2019-06-24T14:06:42.089+0000][1][gc,age       ] GC(10) Age table with threshold 6 (max threshold 6)
[2019-06-24T14:06:42.093+0000][1][gc,age       ] GC(10) - age   1:     365656 bytes,     365656 total
[2019-06-24T14:06:42.093+0000][1][gc,age       ] GC(10) - age   2:     435960 bytes,     801616 total
[2019-06-24T14:06:42.093+0000][1][gc,age       ] GC(10) - age   3:     559448 bytes,    1361064 total
[2019-06-24T14:06:42.093+0000][1][gc,age       ] GC(10) - age   4:    1129392 bytes,    2490456 total
[2019-06-24T14:06:42.093+0000][1][gc,heap      ] GC(10) ParNew: 76390K->3611K(78656K)
[2019-06-24T14:06:42.093+0000][1][gc,heap      ] GC(10) CMS: 11460K->14053K(174784K)
[2019-06-24T14:06:42.093+0000][1][gc,metaspace ] GC(10) Metaspace: 20402K->20402K(1069056K)
[2019-06-24T14:06:42.093+0000][1][gc           ] GC(10) Pause Young (Allocation Failure) 85M->17M(247M) 14.157ms
[2019-06-24T14:06:42.093+0000][1][gc,cpu       ] GC(10) User=0.02s Sys=0.00s Real=0.01s
[2019-06-24T14:06:42.093+0000][1][safepoint    ] Leaving safepoint region
[2019-06-24T14:06:42.093+0000][1][safepoint    ] Total time for which application threads were stopped: 0.0143436 seconds, Stopping threads took: 0.0000195 seconds
[2019-06-24T14:06:42.469+0000][1][gc           ] GC(9) Concurrent Abortable Preclean 623.005ms
[2019-06-24T14:06:42.469+0000][1][gc,cpu       ] GC(9) User=1.21s Sys=0.04s Real=0.62s
[2019-06-24T14:06:42.469+0000][1][safepoint    ] Application time: 0.3761076 seconds
[2019-06-24T14:06:42.469+0000][1][safepoint    ] Entering safepoint region: CMS_Final_Remark
[2019-06-24T14:06:42.469+0000][1][gc,start     ] GC(9) Pause Remark
[2019-06-24T14:06:42.528+0000][1][gc           ] GC(9) Pause Remark 84M->84M(247M) 58.664ms
[2019-06-24T14:06:42.528+0000][1][gc,cpu       ] GC(9) User=0.09s Sys=0.00s Real=0.06s
[2019-06-24T14:06:42.528+0000][1][safepoint    ] Leaving safepoint region
[2019-06-24T14:06:42.528+0000][1][safepoint    ] Total time for which application threads were stopped: 0.0588950 seconds, Stopping threads took: 0.0000542 seconds
[2019-06-24T14:06:42.539+0000][1][gc           ] GC(9) Concurrent Sweep
[2019-06-24T14:06:42.551+0000][1][gc           ] GC(9) Concurrent Sweep 11.692ms
[2019-06-24T14:06:42.561+0000][1][gc,cpu       ] GC(9) User=0.03s Sys=0.01s Real=0.03s
[2019-06-24T14:06:42.561+0000][1][gc           ] GC(9) Concurrent Reset
[2019-06-24T14:06:42.562+0000][1][gc           ] GC(9) Concurrent Reset 0.517ms
[2019-06-24T14:06:42.562+0000][1][gc,cpu       ] GC(9) User=0.00s Sys=0.00s Real=0.00s
[2019-06-24T14:06:42.562+0000][1][gc,heap      ] GC(9) Old: 11460K->14027K(174784K)
[2019-06-24T14:06:42.567+0000][1][safepoint    ] Application time: 0.0387129 seconds
[2019-06-24T14:06:42.567+0000][1][safepoint    ] Entering safepoint region: GenCollectForAllocation
[2019-06-24T14:06:42.567+0000][1][gc,start     ] GC(11) Pause Young (Allocation Failure)
[2019-06-24T14:06:42.568+0000][1][gc,task      ] GC(11) Using 5 workers of 8 for evacuation
[2019-06-24T14:06:42.588+0000][1][gc,age       ] GC(11) Desired survivor size 4456448 bytes, new threshold 6 (max threshold 6)
[2019-06-24T14:06:42.588+0000][1][gc,age       ] GC(11) Age table with threshold 6 (max threshold 6)
[2019-06-24T14:06:42.588+0000][1][gc,age       ] GC(11) - age   1:    1975184 bytes,    1975184 total
[2019-06-24T14:06:42.588+0000][1][gc,age       ] GC(11) - age   2:     100440 bytes,    2075624 total
[2019-06-24T14:06:42.588+0000][1][gc,age       ] GC(11) - age   3:     435960 bytes,    2511584 total
[2019-06-24T14:06:42.588+0000][1][gc,age       ] GC(11) - age   4:     559296 bytes,    3070880 total
[2019-06-24T14:06:42.588+0000][1][gc,age       ] GC(11) - age   5:    1129104 bytes,    4199984 total
[2019-06-24T14:06:42.588+0000][1][gc,heap      ] GC(11) ParNew: 73563K->4615K(78656K)
[2019-06-24T14:06:42.588+0000][1][gc,heap      ] GC(11) CMS: 14027K->14027K(174784K)
[2019-06-24T14:06:42.588+0000][1][gc,metaspace ] GC(11) Metaspace: 20480K->20480K(1069056K)
[2019-06-24T14:06:42.588+0000][1][gc           ] GC(11) Pause Young (Allocation Failure) 85M->18M(247M) 20.648ms
[2019-06-24T14:06:42.588+0000][1][gc,cpu       ] GC(11) User=0.02s Sys=0.00s Real=0.02s
[2019-06-24T14:06:42.588+0000][1][safepoint    ] Leaving safepoint region
[2019-06-24T14:06:42.588+0000][1][safepoint    ] Total time for which application threads were stopped: 0.0212266 seconds, Stopping threads took: 0.0000553 seconds
[2019-06-24T14:06:42.836+0000][1][safepoint    ] Application time: 0.2474586 seconds
[2019-06-24T14:06:42.841+0000][1][safepoint    ] Entering safepoint region: Deoptimize
[2019-06-24T14:06:42.841+0000][1][safepoint    ] Leaving safepoint region
[2019-06-24T14:06:42.841+0000][1][safepoint    ] Total time for which application threads were stopped: 0.0005667 seconds, Stopping threads took: 0.0000717 seconds
[2019-06-24T14:06:43.842+0000][1][safepoint    ] Application time: 1.0000965 seconds
[2019-06-24T14:06:43.845+0000][1][safepoint    ] Entering safepoint region: Cleanup
[2019-06-24T14:06:43.846+0000][1][safepoint    ] Leaving safepoint region
[2019-06-24T14:06:43.846+0000][1][safepoint    ] Total time for which application threads were stopped: 0.0019794 seconds, Stopping threads took: 0.0015753 seconds
[2019-06-24T14:06:44.060+0000][1][safepoint    ] Application time: 0.2144844 seconds
[2019-06-24T14:06:44.060+0000][1][safepoint    ] Entering safepoint region: Deoptimize
[2019-06-24T14:06:44.061+0000][1][safepoint    ] Leaving safepoint region
[2019-06-24T14:06:44.061+0000][1][safepoint    ] Total time for which application threads were stopped: 0.0004445 seconds, Stopping threads took: 0.0000460 seconds
[2019-06-24T14:06:44.108+0000][1][safepoint    ] Application time: 0.0469134 seconds
[2019-06-24T14:06:44.108+0000][1][safepoint    ] Entering safepoint region: RevokeBias
[2019-06-24T14:06:44.108+0000][1][safepoint    ] Leaving safepoint region
[2019-06-24T14:06:44.108+0000][1][safepoint    ] Total time for which application threads were stopped: 0.0001083 seconds, Stopping threads took: 0.0000454 seconds
[2019-06-24T14:06:44.109+0000][1][safepoint    ] Application time: 0.0009104 seconds
[2019-06-24T14:06:44.109+0000][1][safepoint    ] Entering safepoint region: Deoptimize
[2019-06-24T14:06:44.109+0000][1][safepoint    ] Leaving safepoint region
[2019-06-24T14:06:44.109+0000][1][safepoint    ] Total time for which application threads were stopped: 0.0005342 seconds, Stopping threads took: 0.0000441 seconds
[2019-06-24T14:06:44.149+0000][1][safepoint    ] Application time: 0.0401809 seconds
[2019-06-24T14:06:44.155+0000][1][safepoint    ] Entering safepoint region: Deoptimize
[2019-06-24T14:06:44.156+0000][1][safepoint    ] Leaving safepoint region
[2019-06-24T14:06:44.156+0000][1][safepoint    ] Total time for which application threads were stopped: 0.0062949 seconds, Stopping threads took: 0.0058249 seconds
[2019-06-24T14:06:44.710+0000][1][safepoint    ] Application time: 0.5545739 seconds
[2019-06-24T14:06:44.721+0000][1][safepoint    ] Entering safepoint region: GenCollectForAllocation
[2019-06-24T14:06:44.721+0000][1][gc,start     ] GC(12) Pause Young (Allocation Failure)
[2019-06-24T14:06:44.721+0000][1][gc,task      ] GC(12) Using 5 workers of 8 for evacuation
[2019-06-24T14:06:44.770+0000][1][gc,age       ] GC(12) Desired survivor size 4456448 bytes, new threshold 2 (max threshold 6)
[2019-06-24T14:06:44.770+0000][1][gc,age       ] GC(12) Age table with threshold 2 (max threshold 6)
[2019-06-24T14:06:44.770+0000][1][gc,age       ] GC(12) - age   1:    4188656 bytes,    4188656 total
[2019-06-24T14:06:44.770+0000][1][gc,age       ] GC(12) - age   2:     344832 bytes,    4533488 total
[2019-06-24T14:06:44.770+0000][1][gc,age       ] GC(12) - age   3:     100144 bytes,    4633632 total
[2019-06-24T14:06:44.770+0000][1][gc,age       ] GC(12) - age   4:     435896 bytes,    5069528 total
[2019-06-24T14:06:44.770+0000][1][gc,age       ] GC(12) - age   5:     553856 bytes,    5623384 total
[2019-06-24T14:06:44.770+0000][1][gc,age       ] GC(12) - age   6:    1128944 bytes,    6752328 total
[2019-06-24T14:06:44.770+0000][1][gc,heap      ] GC(12) ParNew: 74567K->8286K(78656K)
[2019-06-24T14:06:44.770+0000][1][gc,heap      ] GC(12) CMS: 14027K->14027K(174784K)
[2019-06-24T14:06:44.770+0000][1][gc,metaspace ] GC(12) Metaspace: 26371K->26371K(1073152K)
[2019-06-24T14:06:44.770+0000][1][gc           ] GC(12) Pause Young (Allocation Failure) 86M->21M(247M) 48.608ms
[2019-06-24T14:06:44.770+0000][1][gc,cpu       ] GC(12) User=0.05s Sys=0.00s Real=0.04s
[2019-06-24T14:06:44.770+0000][1][safepoint    ] Leaving safepoint region
[2019-06-24T14:06:44.770+0000][1][safepoint    ] Total time for which application threads were stopped: 0.0572819 seconds, Stopping threads took: 0.0085080 seconds
[2019-06-24T14:06:45.805+0000][1][safepoint    ] Application time: 1.0351980 seconds
[2019-06-24T14:06:45.805+0000][1][safepoint    ] Entering safepoint region: Cleanup
[2019-06-24T14:06:45.806+0000][1][safepoint    ] Leaving safepoint region
[2019-06-24T14:06:45.806+0000][1][safepoint    ] Total time for which application threads were stopped: 0.0004289 seconds, Stopping threads took: 0.0000675 seconds
[2019-06-24T14:06:46.506+0000][1][safepoint    ] Application time: 0.6997791 seconds
[2019-06-24T14:06:46.506+0000][1][safepoint    ] Entering safepoint region: RevokeBias
[2019-06-24T14:06:46.506+0000][1][safepoint    ] Leaving safepoint region
[2019-06-24T14:06:46.506+0000][1][safepoint    ] Total time for which application threads were stopped: 0.0002029 seconds, Stopping threads took: 0.0000588 seconds
[2019-06-24T14:06:47.509+0000][1][safepoint    ] Application time: 1.0033229 seconds
[2019-06-24T14:06:47.509+0000][1][safepoint    ] Entering safepoint region: Cleanup
[2019-06-24T14:06:47.509+0000][1][safepoint    ] Leaving safepoint region
[2019-06-24T14:06:47.509+0000][1][safepoint    ] Total time for which application threads were stopped: 0.0002106 seconds, Stopping threads took: 0.0001160 seconds
[2019-06-24T14:06:47.573+0000][1][safepoint    ] Application time: 0.0633199 seconds
[2019-06-24T14:06:47.573+0000][1][safepoint    ] Entering safepoint region: GenCollectForAllocation
[2019-06-24T14:06:47.573+0000][1][gc,start     ] GC(13) Pause Young (Allocation Failure)
[2019-06-24T14:06:47.573+0000][1][gc,task      ] GC(13) Using 5 workers of 8 for evacuation
[2019-06-24T14:06:47.719+0000][1][gc,age       ] GC(13) Desired survivor size 4456448 bytes, new threshold 1 (max threshold 6)
[2019-06-24T14:06:47.719+0000][1][gc,age       ] GC(13) Age table with threshold 1 (max threshold 6)
[2019-06-24T14:06:47.719+0000][1][gc,age       ] GC(13) - age   1:    5260976 bytes,    5260976 total
[2019-06-24T14:06:47.719+0000][1][gc,age       ] GC(13) - age   2:    3651688 bytes,    8912664 total
[2019-06-24T14:06:47.719+0000][1][gc,heap      ] GC(13) ParNew: 78238K->8704K(78656K)
[2019-06-24T14:06:47.719+0000][1][gc,heap      ] GC(13) CMS: 14027K->26288K(174784K)
[2019-06-24T14:06:47.719+0000][1][gc,metaspace ] GC(13) Metaspace: 26991K->26991K(1075200K)
[2019-06-24T14:06:47.720+0000][1][gc           ] GC(13) Pause Young (Allocation Failure) 90M->34M(247M) 146.513ms
[2019-06-24T14:06:47.720+0000][1][gc,cpu       ] GC(13) User=0.24s Sys=0.00s Real=0.15s
[2019-06-24T14:06:47.720+0000][1][safepoint    ] Leaving safepoint region
[2019-06-24T14:06:47.720+0000][1][safepoint    ] Total time for which application threads were stopped: 0.1467146 seconds, Stopping threads took: 0.0000503 seconds
[2019-06-24T14:06:48.533+0000][1][safepoint    ] Application time: 0.8131623 seconds
[2019-06-24T14:06:48.533+0000][1][safepoint    ] Entering safepoint region: Deoptimize
[2019-06-24T14:06:48.533+0000][1][safepoint    ] Leaving safepoint region
[2019-06-24T14:06:48.534+0000][1][safepoint    ] Total time for which application threads were stopped: 0.0006955 seconds, Stopping threads took: 0.0000633 seconds
[2019-06-24T14:06:49.545+0000][1][safepoint    ] Application time: 1.0115965 seconds
[2019-06-24T14:06:49.565+0000][1][safepoint    ] Entering safepoint region: Cleanup
[2019-06-24T14:06:49.565+0000][1][safepoint    ] Leaving safepoint region
[2019-06-24T14:06:49.565+0000][1][safepoint    ] Total time for which application threads were stopped: 0.0200599 seconds, Stopping threads took: 0.0199970 seconds
[2019-06-24T14:06:49.743+0000][1][safepoint    ] Application time: 0.1781903 seconds
[2019-06-24T14:06:49.744+0000][1][safepoint    ] Entering safepoint region: GenCollectForAllocation
[2019-06-24T14:06:49.744+0000][1][gc,start     ] GC(14) Pause Young (Allocation Failure)
[2019-06-24T14:06:49.744+0000][1][gc,task      ] GC(14) Using 5 workers of 8 for evacuation
[2019-06-24T14:06:49.898+0000][1][gc,age       ] GC(14) Desired survivor size 4456448 bytes, new threshold 1 (max threshold 6)
[2019-06-24T14:06:49.898+0000][1][gc,age       ] GC(14) Age table with threshold 1 (max threshold 6)
[2019-06-24T14:06:49.898+0000][1][gc,age       ] GC(14) - age   1:    8912376 bytes,    8912376 total
[2019-06-24T14:06:49.898+0000][1][gc,heap      ] GC(14) ParNew: 78656K->8704K(78656K)
[2019-06-24T14:06:49.898+0000][1][gc,heap      ] GC(14) CMS: 26288K->39164K(174784K)
[2019-06-24T14:06:49.898+0000][1][gc,metaspace ] GC(14) Metaspace: 27116K->27116K(1075200K)
[2019-06-24T14:06:49.898+0000][1][gc           ] GC(14) Pause Young (Allocation Failure) 102M->46M(247M) 154.157ms
[2019-06-24T14:06:49.898+0000][1][gc,cpu       ] GC(14) User=0.23s Sys=0.00s Real=0.15s
[2019-06-24T14:06:49.898+0000][1][safepoint    ] Leaving safepoint region
[2019-06-24T14:06:49.898+0000][1][safepoint    ] Total time for which application threads were stopped: 0.1543707 seconds, Stopping threads took: 0.0000573 seconds
[2019-06-24T14:06:50.778+0000][1][safepoint    ] Application time: 0.8799293 seconds
[2019-06-24T14:06:50.778+0000][1][safepoint    ] Entering safepoint region: RevokeBias
[2019-06-24T14:06:50.778+0000][1][safepoint    ] Leaving safepoint region
[2019-06-24T14:06:50.778+0000][1][safepoint    ] Total time for which application threads were stopped: 0.0002584 seconds, Stopping threads took: 0.0000474 seconds
[2019-06-24T14:06:51.778+0000][1][safepoint    ] Application time: 1.0001353 seconds
[2019-06-24T14:06:51.785+0000][1][safepoint    ] Entering safepoint region: Cleanup
[2019-06-24T14:06:51.785+0000][1][safepoint    ] Leaving safepoint region
[2019-06-24T14:06:51.785+0000][1][safepoint    ] Total time for which application threads were stopped: 0.0070054 seconds, Stopping threads took: 0.0068851 seconds
[2019-06-24T14:06:52.001+0000][1][safepoint    ] Application time: 0.2157351 seconds
[2019-06-24T14:06:52.001+0000][1][safepoint    ] Entering safepoint region: GenCollectForAllocation
[2019-06-24T14:06:52.005+0000][1][gc,start     ] GC(15) Pause Young (Allocation Failure)
[2019-06-24T14:06:52.005+0000][1][gc,task      ] GC(15) Using 5 workers of 8 for evacuation
[2019-06-24T14:06:52.059+0000][1][gc,age       ] GC(15) Desired survivor size 4456448 bytes, new threshold 1 (max threshold 6)
[2019-06-24T14:06:52.059+0000][1][gc,age       ] GC(15) Age table with threshold 1 (max threshold 6)
[2019-06-24T14:06:52.059+0000][1][gc,age       ] GC(15) - age   1:    6966864 bytes,    6966864 total
[2019-06-24T14:06:52.059+0000][1][gc,heap      ] GC(15) ParNew: 78656K->8704K(78656K)
[2019-06-24T14:06:52.059+0000][1][gc,heap      ] GC(15) CMS: 39164K->48797K(174784K)
[2019-06-24T14:06:52.059+0000][1][gc,metaspace ] GC(15) Metaspace: 32467K->32467K(1079296K)
[2019-06-24T14:06:52.059+0000][1][gc           ] GC(15) Pause Young (Allocation Failure) 115M->56M(247M) 53.636ms
[2019-06-24T14:06:52.059+0000][1][gc,cpu       ] GC(15) User=0.12s Sys=0.00s Real=0.05s
[2019-06-24T14:06:52.059+0000][1][safepoint    ] Leaving safepoint region
[2019-06-24T14:06:52.059+0000][1][safepoint    ] Total time for which application threads were stopped: 0.0577537 seconds, Stopping threads took: 0.0038946 seconds
[2019-06-24T14:06:52.708+0000][1][safepoint    ] Application time: 0.6489594 seconds
[2019-06-24T14:06:52.708+0000][1][safepoint    ] Entering safepoint region: GenCollectForAllocation
[2019-06-24T14:06:52.708+0000][1][gc,start     ] GC(16) Pause Young (Allocation Failure)
[2019-06-24T14:06:52.708+0000][1][gc,task      ] GC(16) Using 5 workers of 8 for evacuation
[2019-06-24T14:06:52.754+0000][1][gc,age       ] GC(16) Desired survivor size 4456448 bytes, new threshold 6 (max threshold 6)
[2019-06-24T14:06:52.754+0000][1][gc,age       ] GC(16) Age table with threshold 6 (max threshold 6)
[2019-06-24T14:06:52.754+0000][1][gc,age       ] GC(16) - age   1:     300608 bytes,     300608 total
[2019-06-24T14:06:52.754+0000][1][gc,heap      ] GC(16) ParNew: 78656K->5786K(78656K)
[2019-06-24T14:06:52.754+0000][1][gc,heap      ] GC(16) CMS: 48797K->55642K(174784K)
[2019-06-24T14:06:52.754+0000][1][gc,metaspace ] GC(16) Metaspace: 32880K->32880K(1079296K)
[2019-06-24T14:06:52.754+0000][1][gc           ] GC(16) Pause Young (Allocation Failure) 124M->59M(247M) 46.269ms
[2019-06-24T14:06:52.754+0000][1][gc,cpu       ] GC(16) User=0.07s Sys=0.00s Real=0.05s
[2019-06-24T14:06:52.755+0000][1][safepoint    ] Leaving safepoint region
[2019-06-24T14:06:52.755+0000][1][safepoint    ] Total time for which application threads were stopped: 0.0464960 seconds, Stopping threads took: 0.0000249 seconds
[2019-06-24T14:06:53.645+0000][1][safepoint    ] Application time: 0.8905841 seconds
[2019-06-24T14:06:53.645+0000][1][safepoint    ] Entering safepoint region: CollectForMetadataAllocation
[2019-06-24T14:06:53.646+0000][1][safepoint    ] Leaving safepoint region
[2019-06-24T14:06:53.646+0000][1][safepoint    ] Total time for which application threads were stopped: 0.0003160 seconds, Stopping threads took: 0.0000239 seconds
[2019-06-24T14:06:53.829+0000][1][safepoint    ] Application time: 0.1836078 seconds
[2019-06-24T14:06:53.829+0000][1][safepoint    ] Entering safepoint region: CollectForMetadataAllocation
[2019-06-24T14:06:53.829+0000][1][safepoint    ] Leaving safepoint region
[2019-06-24T14:06:53.829+0000][1][safepoint    ] Total time for which application threads were stopped: 0.0001923 seconds, Stopping threads took: 0.0000275 seconds
[2019-06-24T14:06:53.953+0000][1][safepoint    ] Application time: 0.1237547 seconds
[2019-06-24T14:06:53.953+0000][1][safepoint    ] Entering safepoint region: CollectForMetadataAllocation
[2019-06-24T14:06:53.954+0000][1][safepoint    ] Leaving safepoint region
[2019-06-24T14:06:53.954+0000][1][safepoint    ] Total time for which application threads were stopped: 0.0002996 seconds, Stopping threads took: 0.0000491 seconds
[2019-06-24T14:06:54.025+0000][1][safepoint    ] Application time: 0.0714732 seconds
[2019-06-24T14:06:54.025+0000][1][safepoint    ] Entering safepoint region: CollectForMetadataAllocation
[2019-06-24T14:06:54.025+0000][1][safepoint    ] Leaving safepoint region
[2019-06-24T14:06:54.025+0000][1][safepoint    ] Total time for which application threads were stopped: 0.0002478 seconds, Stopping threads took: 0.0000272 seconds
[2019-06-24T14:06:54.089+0000][1][safepoint    ] Application time: 0.0637272 seconds
[2019-06-24T14:06:54.089+0000][1][safepoint    ] Entering safepoint region: CollectForMetadataAllocation
[2019-06-24T14:06:54.090+0000][1][safepoint    ] Leaving safepoint region
[2019-06-24T14:06:54.090+0000][1][safepoint    ] Total time for which application threads were stopped: 0.0002328 seconds, Stopping threads took: 0.0000671 seconds
[2019-06-24T14:06:54.245+0000][1][safepoint    ] Application time: 0.1555924 seconds
[2019-06-24T14:06:54.245+0000][1][safepoint    ] Entering safepoint region: CollectForMetadataAllocation
[2019-06-24T14:06:54.246+0000][1][safepoint    ] Leaving safepoint region
[2019-06-24T14:06:54.246+0000][1][safepoint    ] Total time for which application threads were stopped: 0.0002751 seconds, Stopping threads took: 0.0000344 seconds
[2019-06-24T14:06:54.344+0000][1][safepoint    ] Application time: 0.0983271 seconds
[2019-06-24T14:06:54.344+0000][1][safepoint    ] Entering safepoint region: CollectForMetadataAllocation
[2019-06-24T14:06:54.344+0000][1][safepoint    ] Leaving safepoint region
[2019-06-24T14:06:54.344+0000][1][safepoint    ] Total time for which application threads were stopped: 0.0002018 seconds, Stopping threads took: 0.0000283 seconds
[2019-06-24T14:06:54.403+0000][1][safepoint    ] Application time: 0.0589802 seconds
[2019-06-24T14:06:54.403+0000][1][safepoint    ] Entering safepoint region: CollectForMetadataAllocation
[2019-06-24T14:06:54.403+0000][1][safepoint    ] Leaving safepoint region
[2019-06-24T14:06:54.403+0000][1][safepoint    ] Total time for which application threads were stopped: 0.0002848 seconds, Stopping threads took: 0.0000533 seconds
[2019-06-24T14:06:54.445+0000][1][safepoint    ] Application time: 0.0412282 seconds
[2019-06-24T14:06:54.445+0000][1][safepoint    ] Entering safepoint region: CollectForMetadataAllocation
[2019-06-24T14:06:54.445+0000][1][safepoint    ] Leaving safepoint region
[2019-06-24T14:06:54.445+0000][1][safepoint    ] Total time for which application threads were stopped: 0.0003095 seconds, Stopping threads took: 0.0000519 seconds
[2019-06-24T14:06:54.589+0000][1][safepoint    ] Application time: 0.1435504 seconds
[2019-06-24T14:06:54.589+0000][1][safepoint    ] Entering safepoint region: CollectForMetadataAllocation
[2019-06-24T14:06:54.590+0000][1][safepoint    ] Leaving safepoint region
[2019-06-24T14:06:54.590+0000][1][safepoint    ] Total time for which application threads were stopped: 0.0009051 seconds, Stopping threads took: 0.0005937 seconds
[2019-06-24T14:06:54.608+0000][1][safepoint    ] Application time: 0.0187348 seconds
[2019-06-24T14:06:54.609+0000][1][safepoint    ] Entering safepoint region: RevokeBias
[2019-06-24T14:06:54.610+0000][1][safepoint    ] Leaving safepoint region
[2019-06-24T14:06:54.610+0000][1][safepoint    ] Total time for which application threads were stopped: 0.0010842 seconds, Stopping threads took: 0.0009239 seconds
[2019-06-24T14:06:54.661+0000][1][safepoint    ] Application time: 0.0515675 seconds
[2019-06-24T14:06:54.661+0000][1][safepoint    ] Entering safepoint region: CollectForMetadataAllocation
[2019-06-24T14:06:54.661+0000][1][safepoint    ] Leaving safepoint region
[2019-06-24T14:06:54.661+0000][1][safepoint    ] Total time for which application threads were stopped: 0.0003101 seconds, Stopping threads took: 0.0000723 seconds
[2019-06-24T14:06:54.754+0000][1][safepoint    ] Application time: 0.0927495 seconds
[2019-06-24T14:06:54.754+0000][1][safepoint    ] Entering safepoint region: CMS_Initial_Mark
[2019-06-24T14:06:54.754+0000][1][gc,start     ] GC(17) Pause Initial Mark
[2019-06-24T14:06:54.789+0000][1][gc           ] GC(17) Pause Initial Mark 88M->88M(247M) 34.676ms
[2019-06-24T14:06:54.789+0000][1][gc,cpu       ] GC(17) User=0.04s Sys=0.00s Real=0.03s
[2019-06-24T14:06:54.789+0000][1][safepoint    ] Leaving safepoint region
[2019-06-24T14:06:54.789+0000][1][safepoint    ] Total time for which application threads were stopped: 0.0350529 seconds, Stopping threads took: 0.0000361 seconds
[2019-06-24T14:06:54.805+0000][1][gc           ] GC(17) Concurrent Mark
[2019-06-24T14:06:54.805+0000][1][gc,task      ] GC(17) Using 2 workers of 2 for marking
[2019-06-24T14:06:54.886+0000][1][safepoint    ] Application time: 0.0962415 seconds
[2019-06-24T14:06:54.886+0000][1][safepoint    ] Entering safepoint region: CollectForMetadataAllocation
[2019-06-24T14:06:54.886+0000][1][safepoint    ] Leaving safepoint region
[2019-06-24T14:06:54.886+0000][1][safepoint    ] Total time for which application threads were stopped: 0.0002331 seconds, Stopping threads took: 0.0000230 seconds
[2019-06-24T14:06:54.969+0000][1][safepoint    ] Application time: 0.0833324 seconds
[2019-06-24T14:06:54.969+0000][1][safepoint    ] Entering safepoint region: CollectForMetadataAllocation
[2019-06-24T14:06:54.970+0000][1][safepoint    ] Leaving safepoint region
[2019-06-24T14:06:54.970+0000][1][safepoint    ] Total time for which application threads were stopped: 0.0002447 seconds, Stopping threads took: 0.0000276 seconds
[2019-06-24T14:06:55.008+0000][1][gc           ] GC(17) Concurrent Mark 202.730ms
[2019-06-24T14:06:55.008+0000][1][gc,cpu       ] GC(17) User=0.27s Sys=0.00s Real=0.20s
[2019-06-24T14:06:55.012+0000][1][safepoint    ] Application time: 0.0427201 seconds
[2019-06-24T14:06:55.012+0000][1][safepoint    ] Entering safepoint region: CollectForMetadataAllocation
[2019-06-24T14:06:55.013+0000][1][safepoint    ] Leaving safepoint region
[2019-06-24T14:06:55.013+0000][1][safepoint    ] Total time for which application threads were stopped: 0.0002680 seconds, Stopping threads took: 0.0000386 seconds
[2019-06-24T14:06:55.013+0000][1][gc           ] GC(17) Concurrent Preclean
[2019-06-24T14:06:55.016+0000][1][gc           ] GC(17) Concurrent Preclean 3.768ms
[2019-06-24T14:06:55.017+0000][1][gc,cpu       ] GC(17) User=0.01s Sys=0.00s Real=0.01s
[2019-06-24T14:06:55.017+0000][1][gc           ] GC(17) Concurrent Abortable Preclean
[2019-06-24T14:06:55.084+0000][1][safepoint    ] Application time: 0.0711287 seconds
[2019-06-24T14:06:55.084+0000][1][safepoint    ] Entering safepoint region: CollectForMetadataAllocation
[2019-06-24T14:06:55.084+0000][1][safepoint    ] Leaving safepoint region
[2019-06-24T14:06:55.084+0000][1][safepoint    ] Total time for which application threads were stopped: 0.0003667 seconds, Stopping threads took: 0.0000669 seconds
[2019-06-24T14:06:55.172+0000][1][safepoint    ] Application time: 0.0879398 seconds
[2019-06-24T14:06:55.172+0000][1][safepoint    ] Entering safepoint region: CollectForMetadataAllocation
[2019-06-24T14:06:55.173+0000][1][safepoint    ] Leaving safepoint region
[2019-06-24T14:06:55.174+0000][1][safepoint    ] Total time for which application threads were stopped: 0.0021663 seconds, Stopping threads took: 0.0000263 seconds
[2019-06-24T14:06:55.272+0000][1][safepoint    ] Application time: 0.0975738 seconds
[2019-06-24T14:06:55.272+0000][1][safepoint    ] Entering safepoint region: CollectForMetadataAllocation
[2019-06-24T14:06:55.272+0000][1][safepoint    ] Leaving safepoint region
[2019-06-24T14:06:55.272+0000][1][safepoint    ] Total time for which application threads were stopped: 0.0002693 seconds, Stopping threads took: 0.0000273 seconds
[2019-06-24T14:06:55.341+0000][1][safepoint    ] Application time: 0.0683163 seconds
[2019-06-24T14:06:55.341+0000][1][safepoint    ] Entering safepoint region: CollectForMetadataAllocation
[2019-06-24T14:06:55.341+0000][1][safepoint    ] Leaving safepoint region
[2019-06-24T14:06:55.342+0000][1][safepoint    ] Total time for which application threads were stopped: 0.0007034 seconds, Stopping threads took: 0.0000362 seconds
[2019-06-24T14:06:55.398+0000][1][safepoint    ] Application time: 0.0561471 seconds
[2019-06-24T14:06:55.398+0000][1][safepoint    ] Entering safepoint region: CollectForMetadataAllocation
[2019-06-24T14:06:55.398+0000][1][safepoint    ] Leaving safepoint region
[2019-06-24T14:06:55.398+0000][1][safepoint    ] Total time for which application threads were stopped: 0.0002875 seconds, Stopping threads took: 0.0000329 seconds
[2019-06-24T14:06:55.477+0000][1][safepoint    ] Application time: 0.0789952 seconds
[2019-06-24T14:06:55.477+0000][1][safepoint    ] Entering safepoint region: CollectForMetadataAllocation
[2019-06-24T14:06:55.478+0000][1][safepoint    ] Leaving safepoint region
[2019-06-24T14:06:55.478+0000][1][safepoint    ] Total time for which application threads were stopped: 0.0003611 seconds, Stopping threads took: 0.0000670 seconds
[2019-06-24T14:06:55.588+0000][1][safepoint    ] Application time: 0.1107361 seconds
[2019-06-24T14:06:55.588+0000][1][safepoint    ] Entering safepoint region: CollectForMetadataAllocation
[2019-06-24T14:06:55.589+0000][1][safepoint    ] Leaving safepoint region
[2019-06-24T14:06:55.589+0000][1][safepoint    ] Total time for which application threads were stopped: 0.0003332 seconds, Stopping threads took: 0.0000704 seconds
[2019-06-24T14:06:55.679+0000][1][safepoint    ] Application time: 0.0899985 seconds
[2019-06-24T14:06:55.679+0000][1][safepoint    ] Entering safepoint region: CollectForMetadataAllocation
[2019-06-24T14:06:55.680+0000][1][safepoint    ] Leaving safepoint region
[2019-06-24T14:06:55.680+0000][1][safepoint    ] Total time for which application threads were stopped: 0.0006547 seconds, Stopping threads took: 0.0002230 seconds
[2019-06-24T14:06:55.831+0000][1][safepoint    ] Application time: 0.1511211 seconds
[2019-06-24T14:06:55.837+0000][1][safepoint    ] Entering safepoint region: CollectForMetadataAllocation
[2019-06-24T14:06:55.837+0000][1][safepoint    ] Leaving safepoint region
[2019-06-24T14:06:55.837+0000][1][safepoint    ] Total time for which application threads were stopped: 0.0003054 seconds, Stopping threads took: 0.0000785 seconds
[2019-06-24T14:06:55.933+0000][1][safepoint    ] Application time: 0.0956496 seconds
[2019-06-24T14:06:55.937+0000][1][safepoint    ] Entering safepoint region: CollectForMetadataAllocation
[2019-06-24T14:06:55.937+0000][1][safepoint    ] Leaving safepoint region
[2019-06-24T14:06:55.937+0000][1][safepoint    ] Total time for which application threads were stopped: 0.0003292 seconds, Stopping threads took: 0.0000887 seconds
[2019-06-24T14:06:56.163+0000][1][safepoint    ] Application time: 0.2259096 seconds
[2019-06-24T14:06:56.164+0000][1][safepoint    ] Entering safepoint region: CollectForMetadataAllocation
[2019-06-24T14:06:56.164+0000][1][safepoint    ] Leaving safepoint region
[2019-06-24T14:06:56.164+0000][1][safepoint    ] Total time for which application threads were stopped: 0.0003136 seconds, Stopping threads took: 0.0000351 seconds
[2019-06-24T14:06:56.314+0000][1][safepoint    ] Application time: 0.1502650 seconds
[2019-06-24T14:06:56.314+0000][1][safepoint    ] Entering safepoint region: CollectForMetadataAllocation
[2019-06-24T14:06:56.314+0000][1][safepoint    ] Leaving safepoint region
[2019-06-24T14:06:56.314+0000][1][safepoint    ] Total time for which application threads were stopped: 0.0002587 seconds, Stopping threads took: 0.0000559 seconds
[2019-06-24T14:06:56.429+0000][1][safepoint    ] Application time: 0.1145250 seconds
[2019-06-24T14:06:56.429+0000][1][safepoint    ] Entering safepoint region: CollectForMetadataAllocation
[2019-06-24T14:06:56.429+0000][1][safepoint    ] Leaving safepoint region
[2019-06-24T14:06:56.429+0000][1][safepoint    ] Total time for which application threads were stopped: 0.0002904 seconds, Stopping threads took: 0.0000536 seconds
[2019-06-24T14:06:56.451+0000][1][safepoint    ] Application time: 0.0217060 seconds
[2019-06-24T14:06:56.451+0000][1][safepoint    ] Entering safepoint region: RevokeBias
[2019-06-24T14:06:56.452+0000][1][safepoint    ] Leaving safepoint region
[2019-06-24T14:06:56.452+0000][1][safepoint    ] Total time for which application threads were stopped: 0.0003979 seconds, Stopping threads took: 0.0002097 seconds
[2019-06-24T14:06:56.456+0000][1][safepoint    ] Application time: 0.0043330 seconds
[2019-06-24T14:06:56.456+0000][1][safepoint    ] Entering safepoint region: RevokeBias
[2019-06-24T14:06:56.456+0000][1][safepoint    ] Leaving safepoint region
[2019-06-24T14:06:56.456+0000][1][safepoint    ] Total time for which application threads were stopped: 0.0001115 seconds, Stopping threads took: 0.0000220 seconds
[2019-06-24T14:06:56.460+0000][1][safepoint    ] Application time: 0.0035861 seconds
[2019-06-24T14:06:56.460+0000][1][safepoint    ] Entering safepoint region: RevokeBias
[2019-06-24T14:06:56.460+0000][1][safepoint    ] Leaving safepoint region
[2019-06-24T14:06:56.460+0000][1][safepoint    ] Total time for which application threads were stopped: 0.0002050 seconds, Stopping threads took: 0.0000232 seconds
[2019-06-24T14:06:56.549+0000][1][safepoint    ] Application time: 0.0890914 seconds
[2019-06-24T14:06:56.549+0000][1][safepoint    ] Entering safepoint region: CollectForMetadataAllocation
[2019-06-24T14:06:56.549+0000][1][safepoint    ] Leaving safepoint region
[2019-06-24T14:06:56.550+0000][1][safepoint    ] Total time for which application threads were stopped: 0.0003372 seconds, Stopping threads took: 0.0000763 seconds
[2019-06-24T14:06:57.556+0000][1][safepoint    ] Application time: 1.0060043 seconds
[2019-06-24T14:06:57.569+0000][1][safepoint    ] Entering safepoint region: Cleanup
[2019-06-24T14:06:57.570+0000][1][safepoint    ] Leaving safepoint region
[2019-06-24T14:06:57.570+0000][1][safepoint    ] Total time for which application threads were stopped: 0.0139269 seconds, Stopping threads took: 0.0137172 seconds
[2019-06-24T14:06:58.017+0000][1][safepoint    ] Application time: 0.4475763 seconds
[2019-06-24T14:06:58.017+0000][1][safepoint    ] Entering safepoint region: CollectForMetadataAllocation
[2019-06-24T14:06:58.017+0000][1][safepoint    ] Leaving safepoint region
[2019-06-24T14:06:58.017+0000][1][safepoint    ] Total time for which application threads were stopped: 0.0002548 seconds, Stopping threads took: 0.0000526 seconds
[2019-06-24T14:06:58.691+0000][1][safepoint    ] Application time: 0.6737173 seconds
[2019-06-24T14:06:58.691+0000][1][safepoint    ] Entering safepoint region: GenCollectForAllocation
[2019-06-24T14:06:58.691+0000][1][gc,start     ] GC(18) Pause Young (Allocation Failure)
[2019-06-24T14:06:58.691+0000][1][gc,task      ] GC(18) Using 5 workers of 8 for evacuation
[2019-06-24T14:06:58.726+0000][1][gc,age       ] GC(18) Desired survivor size 4456448 bytes, new threshold 6 (max threshold 6)
[2019-06-24T14:06:58.726+0000][1][gc,age       ] GC(18) Age table with threshold 6 (max threshold 6)
[2019-06-24T14:06:58.726+0000][1][gc,age       ] GC(18) - age   1:    3763208 bytes,    3763208 total
[2019-06-24T14:06:58.726+0000][1][gc,age       ] GC(18) - age   2:     261944 bytes,    4025152 total
[2019-06-24T14:06:58.726+0000][1][gc,heap      ] GC(18) ParNew: 75738K->4472K(78656K)
[2019-06-24T14:06:58.726+0000][1][gc,heap      ] GC(18) CMS: 55642K->55642K(174784K)
[2019-06-24T14:06:58.726+0000][1][gc,metaspace ] GC(18) Metaspace: 42237K->42237K(1087488K)
[2019-06-24T14:06:58.726+0000][1][gc           ] GC(18) Pause Young (Allocation Failure) 128M->58M(247M) 34.410ms
[2019-06-24T14:06:58.726+0000][1][gc,cpu       ] GC(18) User=0.04s Sys=0.00s Real=0.04s
[2019-06-24T14:06:58.726+0000][1][safepoint    ] Leaving safepoint region
[2019-06-24T14:06:58.726+0000][1][safepoint    ] Total time for which application threads were stopped: 0.0346506 seconds, Stopping threads took: 0.0000588 seconds
[2019-06-24T14:06:58.806+0000][1][safepoint    ] Application time: 0.0797032 seconds
[2019-06-24T14:06:58.809+0000][1][safepoint    ] Entering safepoint region: CollectForMetadataAllocation
[2019-06-24T14:06:58.810+0000][1][safepoint    ] Leaving safepoint region
[2019-06-24T14:06:58.810+0000][1][safepoint    ] Total time for which application threads were stopped: 0.0003865 seconds, Stopping threads took: 0.0001285 seconds
[2019-06-24T14:06:58.994+0000][1][safepoint    ] Application time: 0.1847846 seconds
[2019-06-24T14:06:58.995+0000][1][safepoint    ] Entering safepoint region: CollectForMetadataAllocation
[2019-06-24T14:06:58.995+0000][1][safepoint    ] Leaving safepoint region
[2019-06-24T14:06:58.995+0000][1][safepoint    ] Total time for which application threads were stopped: 0.0003006 seconds, Stopping threads took: 0.0000738 seconds
[2019-06-24T14:06:59.997+0000][1][safepoint    ] Application time: 1.0017703 seconds
[2019-06-24T14:06:59.997+0000][1][safepoint    ] Entering safepoint region: Cleanup
[2019-06-24T14:06:59.997+0000][1][safepoint    ] Leaving safepoint region
[2019-06-24T14:06:59.997+0000][1][safepoint    ] Total time for which application threads were stopped: 0.0002108 seconds, Stopping threads took: 0.0000775 seconds
[2019-06-24T14:07:00.084+0000][1][gc           ] GC(17) Concurrent Abortable Preclean 5067.067ms
[2019-06-24T14:07:00.084+0000][1][gc,cpu       ] GC(17) User=6.44s Sys=0.13s Real=5.07s
[2019-06-24T14:07:00.084+0000][1][safepoint    ] Application time: 0.0869090 seconds
[2019-06-24T14:07:00.085+0000][1][safepoint    ] Entering safepoint region: CMS_Final_Remark
[2019-06-24T14:07:00.085+0000][1][gc,start     ] GC(17) Pause Remark
[2019-06-24T14:07:00.202+0000][1][gc           ] GC(17) Pause Remark 84M->84M(247M) 117.409ms
[2019-06-24T14:07:00.202+0000][1][gc,cpu       ] GC(17) User=0.18s Sys=0.00s Real=0.12s
[2019-06-24T14:07:00.202+0000][1][safepoint    ] Leaving safepoint region
[2019-06-24T14:07:00.202+0000][1][safepoint    ] Total time for which application threads were stopped: 0.1186452 seconds, Stopping threads took: 0.0009398 seconds
[2019-06-24T14:07:00.247+0000][1][gc           ] GC(17) Concurrent Sweep
[2019-06-24T14:07:00.262+0000][1][safepoint    ] Application time: 0.0594498 seconds
[2019-06-24T14:07:00.262+0000][1][safepoint    ] Entering safepoint region: CollectForMetadataAllocation
[2019-06-24T14:07:00.263+0000][1][safepoint    ] Leaving safepoint region
[2019-06-24T14:07:00.263+0000][1][safepoint    ] Total time for which application threads were stopped: 0.0010755 seconds, Stopping threads took: 0.0000275 seconds
[2019-06-24T14:07:00.390+0000][1][gc           ] GC(17) Concurrent Sweep 143.016ms
[2019-06-24T14:07:00.390+0000][1][gc,cpu       ] GC(17) User=0.19s Sys=0.00s Real=0.14s
[2019-06-24T14:07:00.390+0000][1][gc           ] GC(17) Concurrent Reset
[2019-06-24T14:07:00.391+0000][1][gc           ] GC(17) Concurrent Reset 0.547ms
[2019-06-24T14:07:00.391+0000][1][gc,cpu       ] GC(17) User=0.00s Sys=0.00s Real=0.00s
[2019-06-24T14:07:00.391+0000][1][gc,heap      ] GC(17) Old: 55642K->55440K(174784K)
[2019-06-24T14:07:01.216+0000][1][safepoint    ] Application time: 0.9534208 seconds
[2019-06-24T14:07:01.217+0000][1][safepoint    ] Entering safepoint region: RevokeBias
[2019-06-24T14:07:01.217+0000][1][safepoint    ] Leaving safepoint region
[2019-06-24T14:07:01.217+0000][1][safepoint    ] Total time for which application threads were stopped: 0.0002504 seconds, Stopping threads took: 0.0000543 seconds
[2019-06-24T14:07:01.242+0000][1][safepoint    ] Application time: 0.0250351 seconds
[2019-06-24T14:07:01.242+0000][1][safepoint    ] Entering safepoint region: RevokeBias
[2019-06-24T14:07:01.242+0000][1][safepoint    ] Leaving safepoint region
[2019-06-24T14:07:01.242+0000][1][safepoint    ] Total time for which application threads were stopped: 0.0001320 seconds, Stopping threads took: 0.0000472 seconds
[2019-06-24T14:07:01.454+0000][1][safepoint    ] Application time: 0.2118217 seconds
[2019-06-24T14:07:01.454+0000][1][safepoint    ] Entering safepoint region: RevokeBias
[2019-06-24T14:07:01.454+0000][1][safepoint    ] Leaving safepoint region
[2019-06-24T14:07:01.454+0000][1][safepoint    ] Total time for which application threads were stopped: 0.0003019 seconds, Stopping threads took: 0.0001856 seconds
[2019-06-24T14:07:01.454+0000][1][safepoint    ] Application time: 0.0000778 seconds
[2019-06-24T14:07:01.454+0000][1][safepoint    ] Entering safepoint region: RevokeBias
[2019-06-24T14:07:01.454+0000][1][safepoint    ] Leaving safepoint region
[2019-06-24T14:07:01.454+0000][1][safepoint    ] Total time for which application threads were stopped: 0.0000987 seconds, Stopping threads took: 0.0000132 seconds
[2019-06-24T14:07:01.455+0000][1][safepoint    ] Application time: 0.0002539 seconds
[2019-06-24T14:07:01.455+0000][1][safepoint    ] Entering safepoint region: RevokeBias
[2019-06-24T14:07:01.455+0000][1][safepoint    ] Leaving safepoint region
[2019-06-24T14:07:01.455+0000][1][safepoint    ] Total time for which application threads were stopped: 0.0001032 seconds, Stopping threads took: 0.0000156 seconds
[2019-06-24T14:07:01.455+0000][1][safepoint    ] Application time: 0.0001899 seconds
[2019-06-24T14:07:01.455+0000][1][safepoint    ] Entering safepoint region: RevokeBias
[2019-06-24T14:07:01.455+0000][1][safepoint    ] Leaving safepoint region
[2019-06-24T14:07:01.455+0000][1][safepoint    ] Total time for which application threads were stopped: 0.0001052 seconds, Stopping threads took: 0.0000172 seconds
[2019-06-24T14:07:01.455+0000][1][safepoint    ] Application time: 0.0000876 seconds
[2019-06-24T14:07:01.455+0000][1][safepoint    ] Entering safepoint region: RevokeBias
[2019-06-24T14:07:01.455+0000][1][safepoint    ] Leaving safepoint region
[2019-06-24T14:07:01.455+0000][1][safepoint    ] Total time for which application threads were stopped: 0.0000988 seconds, Stopping threads took: 0.0000142 seconds
[2019-06-24T14:07:01.456+0000][1][safepoint    ] Application time: 0.0002365 seconds
[2019-06-24T14:07:01.456+0000][1][safepoint    ] Entering safepoint region: RevokeBias
[2019-06-24T14:07:01.456+0000][1][safepoint    ] Leaving safepoint region
[2019-06-24T14:07:01.456+0000][1][safepoint    ] Total time for which application threads were stopped: 0.0001246 seconds, Stopping threads took: 0.0000160 seconds
[2019-06-24T14:07:01.456+0000][1][safepoint    ] Application time: 0.0001366 seconds
[2019-06-24T14:07:01.456+0000][1][safepoint    ] Entering safepoint region: RevokeBias
[2019-06-24T14:07:01.456+0000][1][safepoint    ] Leaving safepoint region
[2019-06-24T14:07:01.456+0000][1][safepoint    ] Total time for which application threads were stopped: 0.0001293 seconds, Stopping threads took: 0.0000159 seconds
[2019-06-24T14:07:01.456+0000][1][safepoint    ] Application time: 0.0000856 seconds
[2019-06-24T14:07:01.456+0000][1][safepoint    ] Entering safepoint region: RevokeBias
[2019-06-24T14:07:01.456+0000][1][safepoint    ] Leaving safepoint region
[2019-06-24T14:07:01.456+0000][1][safepoint    ] Total time for which application threads were stopped: 0.0002398 seconds, Stopping threads took: 0.0000184 seconds
[2019-06-24T14:07:01.457+0000][1][safepoint    ] Application time: 0.0001106 seconds
[2019-06-24T14:07:01.457+0000][1][safepoint    ] Entering safepoint region: RevokeBias
[2019-06-24T14:07:01.457+0000][1][safepoint    ] Leaving safepoint region
[2019-06-24T14:07:01.457+0000][1][safepoint    ] Total time for which application threads were stopped: 0.0002801 seconds, Stopping threads took: 0.0000191 seconds
[2019-06-24T14:07:01.457+0000][1][safepoint    ] Application time: 0.0001213 seconds
[2019-06-24T14:07:01.457+0000][1][safepoint    ] Entering safepoint region: RevokeBias
[2019-06-24T14:07:01.457+0000][1][safepoint    ] Leaving safepoint region
[2019-06-24T14:07:01.457+0000][1][safepoint    ] Total time for which application threads were stopped: 0.0003018 seconds, Stopping threads took: 0.0000211 seconds
[2019-06-24T14:07:01.458+0000][1][safepoint    ] Application time: 0.0002153 seconds
[2019-06-24T14:07:01.458+0000][1][safepoint    ] Entering safepoint region: RevokeBias
[2019-06-24T14:07:01.458+0000][1][safepoint    ] Leaving safepoint region
[2019-06-24T14:07:01.458+0000][1][safepoint    ] Total time for which application threads were stopped: 0.0003222 seconds, Stopping threads took: 0.0000239 seconds
[2019-06-24T14:07:01.458+0000][1][safepoint    ] Application time: 0.0001283 seconds
[2019-06-24T14:07:01.458+0000][1][safepoint    ] Entering safepoint region: RevokeBias
[2019-06-24T14:07:01.458+0000][1][safepoint    ] Leaving safepoint region
[2019-06-24T14:07:01.458+0000][1][safepoint    ] Total time for which application threads were stopped: 0.0002817 seconds, Stopping threads took: 0.0000210 seconds
[2019-06-24T14:07:01.460+0000][1][safepoint    ] Application time: 0.0015474 seconds
[2019-06-24T14:07:01.460+0000][1][safepoint    ] Entering safepoint region: RevokeBias
[2019-06-24T14:07:01.460+0000][1][safepoint    ] Leaving safepoint region
[2019-06-24T14:07:01.460+0000][1][safepoint    ] Total time for which application threads were stopped: 0.0001832 seconds, Stopping threads took: 0.0000315 seconds
[2019-06-24T14:07:01.465+0000][1][safepoint    ] Application time: 0.0051484 seconds
[2019-06-24T14:07:01.465+0000][1][safepoint    ] Entering safepoint region: RevokeBias
[2019-06-24T14:07:01.466+0000][1][safepoint    ] Leaving safepoint region
[2019-06-24T14:07:01.466+0000][1][safepoint    ] Total time for which application threads were stopped: 0.0001622 seconds, Stopping threads took: 0.0000223 seconds
[2019-06-24T14:07:01.466+0000][1][safepoint    ] Application time: 0.0004965 seconds
[2019-06-24T14:07:01.466+0000][1][safepoint    ] Entering safepoint region: RevokeBias
[2019-06-24T14:07:01.466+0000][1][safepoint    ] Leaving safepoint region
[2019-06-24T14:07:01.466+0000][1][safepoint    ] Total time for which application threads were stopped: 0.0001290 seconds, Stopping threads took: 0.0000161 seconds
[2019-06-24T14:07:01.466+0000][1][safepoint    ] Application time: 0.0000957 seconds
[2019-06-24T14:07:01.466+0000][1][safepoint    ] Entering safepoint region: RevokeBias
[2019-06-24T14:07:01.466+0000][1][safepoint    ] Leaving safepoint region
[2019-06-24T14:07:01.466+0000][1][safepoint    ] Total time for which application threads were stopped: 0.0001014 seconds, Stopping threads took: 0.0000136 seconds
[2019-06-24T14:07:01.467+0000][1][safepoint    ] Application time: 0.0004742 seconds
[2019-06-24T14:07:01.467+0000][1][safepoint    ] Entering safepoint region: RevokeBias
[2019-06-24T14:07:01.467+0000][1][safepoint    ] Leaving safepoint region
[2019-06-24T14:07:01.467+0000][1][safepoint    ] Total time for which application threads were stopped: 0.0001184 seconds, Stopping threads took: 0.0000157 seconds
[2019-06-24T14:07:01.467+0000][1][safepoint    ] Application time: 0.0001008 seconds
[2019-06-24T14:07:01.467+0000][1][safepoint    ] Entering safepoint region: RevokeBias
[2019-06-24T14:07:01.467+0000][1][safepoint    ] Leaving safepoint region
[2019-06-24T14:07:01.467+0000][1][safepoint    ] Total time for which application threads were stopped: 0.0000966 seconds, Stopping threads took: 0.0000139 seconds
[2019-06-24T14:07:02.296+0000][1][safepoint    ] Application time: 0.8290519 seconds
[2019-06-24T14:07:02.297+0000][1][safepoint    ] Entering safepoint region: RevokeBias
[2019-06-24T14:07:02.297+0000][1][safepoint    ] Leaving safepoint region
[2019-06-24T14:07:02.297+0000][1][safepoint    ] Total time for which application threads were stopped: 0.0008738 seconds, Stopping threads took: 0.0001200 seconds
[2019-06-24T14:07:02.303+0000][1][safepoint    ] Application time: 0.0051484 seconds
[2019-06-24T14:07:02.303+0000][1][safepoint    ] Entering safepoint region: BulkRevokeBias
[2019-06-24T14:07:02.304+0000][1][safepoint    ] Leaving safepoint region
[2019-06-24T14:07:02.304+0000][1][safepoint    ] Total time for which application threads were stopped: 0.0011091 seconds, Stopping threads took: 0.0005375 seconds
[2019-06-24T14:07:02.308+0000][1][safepoint    ] Application time: 0.0045187 seconds
[2019-06-24T14:07:02.309+0000][1][safepoint    ] Entering safepoint region: RevokeBias
[2019-06-24T14:07:02.309+0000][1][safepoint    ] Leaving safepoint region
[2019-06-24T14:07:02.309+0000][1][safepoint    ] Total time for which application threads were stopped: 0.0003831 seconds, Stopping threads took: 0.0002382 seconds
[2019-06-24T14:07:02.329+0000][1][safepoint    ] Application time: 0.0198460 seconds
[2019-06-24T14:07:02.329+0000][1][safepoint    ] Entering safepoint region: RevokeBias
[2019-06-24T14:07:02.329+0000][1][safepoint    ] Leaving safepoint region
[2019-06-24T14:07:02.329+0000][1][safepoint    ] Total time for which application threads were stopped: 0.0004493 seconds, Stopping threads took: 0.0001220 seconds
[2019-06-24T14:07:02.337+0000][1][safepoint    ] Application time: 0.0076261 seconds
[2019-06-24T14:07:02.339+0000][1][safepoint    ] Entering safepoint region: RevokeBias
[2019-06-24T14:07:02.340+0000][1][safepoint    ] Leaving safepoint region
[2019-06-24T14:07:02.340+0000][1][safepoint    ] Total time for which application threads were stopped: 0.0027129 seconds, Stopping threads took: 0.0022986 seconds
[2019-06-24T14:07:02.342+0000][1][safepoint    ] Application time: 0.0019276 seconds
[2019-06-24T14:07:02.342+0000][1][safepoint    ] Entering safepoint region: RevokeBias
[2019-06-24T14:07:02.342+0000][1][safepoint    ] Leaving safepoint region
[2019-06-24T14:07:02.342+0000][1][safepoint    ] Total time for which application threads were stopped: 0.0001597 seconds, Stopping threads took: 0.0000725 seconds
[2019-06-24T14:07:02.342+0000][1][safepoint    ] Application time: 0.0002376 seconds
[2019-06-24T14:07:02.345+0000][1][safepoint    ] Entering safepoint region: RevokeBias
[2019-06-24T14:07:02.346+0000][1][safepoint    ] Leaving safepoint region
[2019-06-24T14:07:02.346+0000][1][safepoint    ] Total time for which application threads were stopped: 0.0036656 seconds, Stopping threads took: 0.0033426 seconds
[2019-06-24T14:07:02.347+0000][1][safepoint    ] Application time: 0.0008023 seconds
[2019-06-24T14:07:02.347+0000][1][safepoint    ] Entering safepoint region: RevokeBias
[2019-06-24T14:07:02.347+0000][1][safepoint    ] Leaving safepoint region
[2019-06-24T14:07:02.347+0000][1][safepoint    ] Total time for which application threads were stopped: 0.0003874 seconds, Stopping threads took: 0.0001385 seconds
[2019-06-24T14:07:02.347+0000][1][safepoint    ] Application time: 0.0003906 seconds
[2019-06-24T14:07:02.348+0000][1][safepoint    ] Entering safepoint region: RevokeBias
[2019-06-24T14:07:02.348+0000][1][safepoint    ] Leaving safepoint region
[2019-06-24T14:07:02.348+0000][1][safepoint    ] Total time for which application threads were stopped: 0.0001837 seconds, Stopping threads took: 0.0000583 seconds
[2019-06-24T14:07:02.353+0000][1][safepoint    ] Application time: 0.0055510 seconds
[2019-06-24T14:07:02.353+0000][1][safepoint    ] Entering safepoint region: RevokeBias
[2019-06-24T14:07:02.354+0000][1][safepoint    ] Leaving safepoint region
[2019-06-24T14:07:02.354+0000][1][safepoint    ] Total time for which application threads were stopped: 0.0002025 seconds, Stopping threads took: 0.0000755 seconds
[2019-06-24T14:07:02.354+0000][1][safepoint    ] Application time: 0.0000992 seconds
[2019-06-24T14:07:02.354+0000][1][safepoint    ] Entering safepoint region: RevokeBias
[2019-06-24T14:07:02.354+0000][1][safepoint    ] Leaving safepoint region
[2019-06-24T14:07:02.354+0000][1][safepoint    ] Total time for which application threads were stopped: 0.0001842 seconds, Stopping threads took: 0.0000611 seconds
[2019-06-24T14:07:02.354+0000][1][safepoint    ] Application time: 0.0002001 seconds
[2019-06-24T14:07:02.354+0000][1][safepoint    ] Entering safepoint region: RevokeBias
[2019-06-24T14:07:02.354+0000][1][safepoint    ] Leaving safepoint region
[2019-06-24T14:07:02.354+0000][1][safepoint    ] Total time for which application threads were stopped: 0.0001550 seconds, Stopping threads took: 0.0000566 seconds
[2019-06-24T14:07:02.354+0000][1][safepoint    ] Application time: 0.0000894 seconds
[2019-06-24T14:07:02.354+0000][1][safepoint    ] Entering safepoint region: RevokeBias
[2019-06-24T14:07:02.354+0000][1][safepoint    ] Leaving safepoint region
[2019-06-24T14:07:02.355+0000][1][safepoint    ] Total time for which application threads were stopped: 0.0001271 seconds, Stopping threads took: 0.0000498 seconds
[2019-06-24T14:07:02.355+0000][1][safepoint    ] Application time: 0.0000827 seconds
[2019-06-24T14:07:02.355+0000][1][safepoint    ] Entering safepoint region: RevokeBias
[2019-06-24T14:07:02.355+0000][1][safepoint    ] Leaving safepoint region
[2019-06-24T14:07:02.355+0000][1][safepoint    ] Total time for which application threads were stopped: 0.0001042 seconds, Stopping threads took: 0.0000440 seconds
[2019-06-24T14:07:02.355+0000][1][safepoint    ] Application time: 0.0000766 seconds
[2019-06-24T14:07:02.355+0000][1][safepoint    ] Entering safepoint region: RevokeBias
[2019-06-24T14:07:02.355+0000][1][safepoint    ] Leaving safepoint region
[2019-06-24T14:07:02.355+0000][1][safepoint    ] Total time for which application threads were stopped: 0.0001140 seconds, Stopping threads took: 0.0000432 seconds
[2019-06-24T14:07:02.355+0000][1][safepoint    ] Application time: 0.0003025 seconds
[2019-06-24T14:07:02.355+0000][1][safepoint    ] Entering safepoint region: RevokeBias
[2019-06-24T14:07:02.355+0000][1][safepoint    ] Leaving safepoint region
[2019-06-24T14:07:02.355+0000][1][safepoint    ] Total time for which application threads were stopped: 0.0001053 seconds, Stopping threads took: 0.0000441 seconds
[2019-06-24T14:07:02.355+0000][1][safepoint    ] Application time: 0.0000733 seconds
[2019-06-24T14:07:02.356+0000][1][safepoint    ] Entering safepoint region: RevokeBias
[2019-06-24T14:07:02.356+0000][1][safepoint    ] Leaving safepoint region
[2019-06-24T14:07:02.356+0000][1][safepoint    ] Total time for which application threads were stopped: 0.0000900 seconds, Stopping threads took: 0.0000408 seconds
[2019-06-24T14:07:02.356+0000][1][safepoint    ] Application time: 0.0000729 seconds
[2019-06-24T14:07:02.356+0000][1][safepoint    ] Entering safepoint region: RevokeBias
[2019-06-24T14:07:02.356+0000][1][safepoint    ] Leaving safepoint region
[2019-06-24T14:07:02.356+0000][1][safepoint    ] Total time for which application threads were stopped: 0.0000883 seconds, Stopping threads took: 0.0000408 seconds
[2019-06-24T14:07:02.356+0000][1][safepoint    ] Application time: 0.0000730 seconds
[2019-06-24T14:07:02.356+0000][1][safepoint    ] Entering safepoint region: RevokeBias
[2019-06-24T14:07:02.356+0000][1][safepoint    ] Leaving safepoint region
[2019-06-24T14:07:02.356+0000][1][safepoint    ] Total time for which application threads were stopped: 0.0000882 seconds, Stopping threads took: 0.0000407 seconds
[2019-06-24T14:07:02.356+0000][1][safepoint    ] Application time: 0.0000725 seconds
[2019-06-24T14:07:02.356+0000][1][safepoint    ] Entering safepoint region: RevokeBias
[2019-06-24T14:07:02.356+0000][1][safepoint    ] Leaving safepoint region
[2019-06-24T14:07:02.356+0000][1][safepoint    ] Total time for which application threads were stopped: 0.0000900 seconds, Stopping threads took: 0.0000409 seconds
[2019-06-24T14:07:02.356+0000][1][safepoint    ] Application time: 0.0000766 seconds
[2019-06-24T14:07:02.356+0000][1][safepoint    ] Entering safepoint region: RevokeBias
[2019-06-24T14:07:02.356+0000][1][safepoint    ] Leaving safepoint region
[2019-06-24T14:07:02.356+0000][1][safepoint    ] Total time for which application threads were stopped: 0.0000891 seconds, Stopping threads took: 0.0000416 seconds
[2019-06-24T14:07:02.356+0000][1][safepoint    ] Application time: 0.0000732 seconds
[2019-06-24T14:07:02.356+0000][1][safepoint    ] Entering safepoint region: RevokeBias
[2019-06-24T14:07:02.357+0000][1][safepoint    ] Leaving safepoint region
[2019-06-24T14:07:02.357+0000][1][safepoint    ] Total time for which application threads were stopped: 0.0000881 seconds, Stopping threads took: 0.0000404 seconds
[2019-06-24T14:07:02.357+0000][1][safepoint    ] Application time: 0.0000723 seconds
[2019-06-24T14:07:02.357+0000][1][safepoint    ] Entering safepoint region: BulkRevokeBias
[2019-06-24T14:07:02.357+0000][1][safepoint    ] Leaving safepoint region
[2019-06-24T14:07:02.357+0000][1][safepoint    ] Total time for which application threads were stopped: 0.0001739 seconds, Stopping threads took: 0.0000406 seconds
[2019-06-24T14:07:02.357+0000][1][safepoint    ] Application time: 0.0002470 seconds
[2019-06-24T14:07:02.358+0000][1][safepoint    ] Entering safepoint region: RevokeBias
[2019-06-24T14:07:02.358+0000][1][safepoint    ] Leaving safepoint region
[2019-06-24T14:07:02.358+0000][1][safepoint    ] Total time for which application threads were stopped: 0.0006121 seconds, Stopping threads took: 0.0005128 seconds
[2019-06-24T14:07:02.358+0000][1][safepoint    ] Application time: 0.0002423 seconds
[2019-06-24T14:07:02.358+0000][1][safepoint    ] Entering safepoint region: RevokeBias
[2019-06-24T14:07:02.358+0000][1][safepoint    ] Leaving safepoint region
[2019-06-24T14:07:02.358+0000][1][safepoint    ] Total time for which application threads were stopped: 0.0001210 seconds, Stopping threads took: 0.0000429 seconds
[2019-06-24T14:07:02.358+0000][1][safepoint    ] Application time: 0.0001002 seconds
[2019-06-24T14:07:02.358+0000][1][safepoint    ] Entering safepoint region: RevokeBias
[2019-06-24T14:07:02.358+0000][1][safepoint    ] Leaving safepoint region
[2019-06-24T14:07:02.358+0000][1][safepoint    ] Total time for which application threads were stopped: 0.0000973 seconds, Stopping threads took: 0.0000407 seconds
[2019-06-24T14:07:02.358+0000][1][safepoint    ] Application time: 0.0001095 seconds
[2019-06-24T14:07:02.358+0000][1][safepoint    ] Entering safepoint region: RevokeBias
[2019-06-24T14:07:02.359+0000][1][safepoint    ] Leaving safepoint region
[2019-06-24T14:07:02.359+0000][1][safepoint    ] Total time for which application threads were stopped: 0.0000948 seconds, Stopping threads took: 0.0000403 seconds
[2019-06-24T14:07:02.359+0000][1][safepoint    ] Application time: 0.0000797 seconds
[2019-06-24T14:07:02.359+0000][1][safepoint    ] Entering safepoint region: RevokeBias
[2019-06-24T14:07:02.359+0000][1][safepoint    ] Leaving safepoint region
[2019-06-24T14:07:02.359+0000][1][safepoint    ] Total time for which application threads were stopped: 0.0000945 seconds, Stopping threads took: 0.0000401 seconds
[2019-06-24T14:07:02.359+0000][1][safepoint    ] Application time: 0.0002398 seconds
[2019-06-24T14:07:02.359+0000][1][safepoint    ] Entering safepoint region: RevokeBias
[2019-06-24T14:07:02.359+0000][1][safepoint    ] Leaving safepoint region
[2019-06-24T14:07:02.359+0000][1][safepoint    ] Total time for which application threads were stopped: 0.0001262 seconds, Stopping threads took: 0.0000532 seconds
[2019-06-24T14:07:02.360+0000][1][safepoint    ] Application time: 0.0003495 seconds
[2019-06-24T14:07:02.360+0000][1][safepoint    ] Entering safepoint region: RevokeBias
[2019-06-24T14:07:02.360+0000][1][safepoint    ] Leaving safepoint region
[2019-06-24T14:07:02.360+0000][1][safepoint    ] Total time for which application threads were stopped: 0.0000933 seconds, Stopping threads took: 0.0000146 seconds
[2019-06-24T14:07:02.360+0000][1][safepoint    ] Application time: 0.0003560 seconds
[2019-06-24T14:07:02.360+0000][1][safepoint    ] Entering safepoint region: RevokeBias
[2019-06-24T14:07:02.360+0000][1][safepoint    ] Leaving safepoint region
[2019-06-24T14:07:02.360+0000][1][safepoint    ] Total time for which application threads were stopped: 0.0001122 seconds, Stopping threads took: 0.0000431 seconds
[2019-06-24T14:07:02.360+0000][1][safepoint    ] Application time: 0.0000714 seconds
[2019-06-24T14:07:02.360+0000][1][safepoint    ] Entering safepoint region: RevokeBias
[2019-06-24T14:07:02.360+0000][1][safepoint    ] Leaving safepoint region
[2019-06-24T14:07:02.360+0000][1][safepoint    ] Total time for which application threads were stopped: 0.0001023 seconds, Stopping threads took: 0.0000391 seconds
[2019-06-24T14:07:02.360+0000][1][safepoint    ] Application time: 0.0000743 seconds
[2019-06-24T14:07:02.360+0000][1][safepoint    ] Entering safepoint region: RevokeBias
[2019-06-24T14:07:02.361+0000][1][safepoint    ] Leaving safepoint region
[2019-06-24T14:07:02.361+0000][1][safepoint    ] Total time for which application threads were stopped: 0.0000971 seconds, Stopping threads took: 0.0000399 seconds
[2019-06-24T14:07:02.361+0000][1][safepoint    ] Application time: 0.0000713 seconds
[2019-06-24T14:07:02.361+0000][1][safepoint    ] Entering safepoint region: RevokeBias
[2019-06-24T14:07:02.361+0000][1][safepoint    ] Leaving safepoint region
[2019-06-24T14:07:02.361+0000][1][safepoint    ] Total time for which application threads were stopped: 0.0001015 seconds, Stopping threads took: 0.0000402 seconds
[2019-06-24T14:07:02.361+0000][1][safepoint    ] Application time: 0.0000709 seconds
[2019-06-24T14:07:02.361+0000][1][safepoint    ] Entering safepoint region: RevokeBias
[2019-06-24T14:07:02.361+0000][1][safepoint    ] Leaving safepoint region
[2019-06-24T14:07:02.361+0000][1][safepoint    ] Total time for which application threads were stopped: 0.0001110 seconds, Stopping threads took: 0.0000388 seconds
[2019-06-24T14:07:02.361+0000][1][safepoint    ] Application time: 0.0000756 seconds
[2019-06-24T14:07:02.361+0000][1][safepoint    ] Entering safepoint region: RevokeBias
[2019-06-24T14:07:02.361+0000][1][safepoint    ] Leaving safepoint region
[2019-06-24T14:07:02.361+0000][1][safepoint    ] Total time for which application threads were stopped: 0.0001287 seconds, Stopping threads took: 0.0000659 seconds
[2019-06-24T14:07:02.361+0000][1][safepoint    ] Application time: 0.0000670 seconds
[2019-06-24T14:07:02.361+0000][1][safepoint    ] Entering safepoint region: RevokeBias
[2019-06-24T14:07:02.361+0000][1][safepoint    ] Leaving safepoint region
[2019-06-24T14:07:02.361+0000][1][safepoint    ] Total time for which application threads were stopped: 0.0000923 seconds, Stopping threads took: 0.0000359 seconds
[2019-06-24T14:07:02.361+0000][1][safepoint    ] Application time: 0.0000688 seconds
[2019-06-24T14:07:02.361+0000][1][safepoint    ] Entering safepoint region: RevokeBias
[2019-06-24T14:07:02.362+0000][1][safepoint    ] Leaving safepoint region
[2019-06-24T14:07:02.362+0000][1][safepoint    ] Total time for which application threads were stopped: 0.0001020 seconds, Stopping threads took: 0.0000414 seconds
[2019-06-24T14:07:02.362+0000][1][safepoint    ] Application time: 0.0000716 seconds
[2019-06-24T14:07:02.362+0000][1][safepoint    ] Entering safepoint region: RevokeBias
[2019-06-24T14:07:02.362+0000][1][safepoint    ] Leaving safepoint region
[2019-06-24T14:07:02.362+0000][1][safepoint    ] Total time for which application threads were stopped: 0.0000962 seconds, Stopping threads took: 0.0000390 seconds
[2019-06-24T14:07:02.362+0000][1][safepoint    ] Application time: 0.0000681 seconds
[2019-06-24T14:07:02.362+0000][1][safepoint    ] Entering safepoint region: RevokeBias
[2019-06-24T14:07:02.362+0000][1][safepoint    ] Leaving safepoint region
[2019-06-24T14:07:02.362+0000][1][safepoint    ] Total time for which application threads were stopped: 0.0000950 seconds, Stopping threads took: 0.0000377 seconds
[2019-06-24T14:07:02.362+0000][1][safepoint    ] Application time: 0.0000700 seconds
[2019-06-24T14:07:02.362+0000][1][safepoint    ] Entering safepoint region: RevokeBias
[2019-06-24T14:07:02.362+0000][1][safepoint    ] Leaving safepoint region
[2019-06-24T14:07:02.362+0000][1][safepoint    ] Total time for which application threads were stopped: 0.0000982 seconds, Stopping threads took: 0.0000406 seconds
[2019-06-24T14:07:02.362+0000][1][safepoint    ] Application time: 0.0000686 seconds
[2019-06-24T14:07:02.362+0000][1][safepoint    ] Entering safepoint region: RevokeBias
[2019-06-24T14:07:02.362+0000][1][safepoint    ] Leaving safepoint region
[2019-06-24T14:07:02.362+0000][1][safepoint    ] Total time for which application threads were stopped: 0.0000898 seconds, Stopping threads took: 0.0000368 seconds
[2019-06-24T14:07:02.362+0000][1][safepoint    ] Application time: 0.0000673 seconds
[2019-06-24T14:07:02.362+0000][1][safepoint    ] Entering safepoint region: RevokeBias
[2019-06-24T14:07:02.362+0000][1][safepoint    ] Leaving safepoint region
[2019-06-24T14:07:02.363+0000][1][safepoint    ] Total time for which application threads were stopped: 0.0000902 seconds, Stopping threads took: 0.0000370 seconds
[2019-06-24T14:07:02.363+0000][1][safepoint    ] Application time: 0.0000663 seconds
[2019-06-24T14:07:02.363+0000][1][safepoint    ] Entering safepoint region: RevokeBias
[2019-06-24T14:07:02.363+0000][1][safepoint    ] Leaving safepoint region
[2019-06-24T14:07:02.363+0000][1][safepoint    ] Total time for which application threads were stopped: 0.0000911 seconds, Stopping threads took: 0.0000360 seconds
[2019-06-24T14:07:02.363+0000][1][safepoint    ] Application time: 0.0000677 seconds
[2019-06-24T14:07:02.363+0000][1][safepoint    ] Entering safepoint region: RevokeBias
[2019-06-24T14:07:02.363+0000][1][safepoint    ] Leaving safepoint region
[2019-06-24T14:07:02.363+0000][1][safepoint    ] Total time for which application threads were stopped: 0.0001027 seconds, Stopping threads took: 0.0000361 seconds
[2019-06-24T14:07:02.363+0000][1][safepoint    ] Application time: 0.0000682 seconds
[2019-06-24T14:07:02.363+0000][1][safepoint    ] Entering safepoint region: RevokeBias
[2019-06-24T14:07:02.363+0000][1][safepoint    ] Leaving safepoint region
[2019-06-24T14:07:02.363+0000][1][safepoint    ] Total time for which application threads were stopped: 0.0000903 seconds, Stopping threads took: 0.0000371 seconds
[2019-06-24T14:07:02.363+0000][1][safepoint    ] Application time: 0.0000919 seconds
[2019-06-24T14:07:02.363+0000][1][safepoint    ] Entering safepoint region: RevokeBias
[2019-06-24T14:07:02.363+0000][1][safepoint    ] Leaving safepoint region
[2019-06-24T14:07:02.363+0000][1][safepoint    ] Total time for which application threads were stopped: 0.0000667 seconds, Stopping threads took: 0.0000129 seconds
[2019-06-24T14:07:02.363+0000][1][safepoint    ] Application time: 0.0000671 seconds
[2019-06-24T14:07:02.363+0000][1][safepoint    ] Entering safepoint region: RevokeBias
[2019-06-24T14:07:02.363+0000][1][safepoint    ] Leaving safepoint region
[2019-06-24T14:07:02.363+0000][1][safepoint    ] Total time for which application threads were stopped: 0.0000656 seconds, Stopping threads took: 0.0000129 seconds
[2019-06-24T14:07:02.363+0000][1][safepoint    ] Application time: 0.0000679 seconds
[2019-06-24T14:07:02.364+0000][1][safepoint    ] Entering safepoint region: BulkRevokeBias
[2019-06-24T14:07:02.364+0000][1][safepoint    ] Leaving safepoint region
[2019-06-24T14:07:02.364+0000][1][safepoint    ] Total time for which application threads were stopped: 0.0001484 seconds, Stopping threads took: 0.0000131 seconds
[2019-06-24T14:07:02.367+0000][1][safepoint    ] Application time: 0.0038204 seconds
[2019-06-24T14:07:02.368+0000][1][safepoint    ] Entering safepoint region: RevokeBias
[2019-06-24T14:07:02.368+0000][1][safepoint    ] Leaving safepoint region
[2019-06-24T14:07:02.368+0000][1][safepoint    ] Total time for which application threads were stopped: 0.0001446 seconds, Stopping threads took: 0.0000194 seconds
[2019-06-24T14:07:02.368+0000][1][safepoint    ] Application time: 0.0001106 seconds
[2019-06-24T14:07:02.368+0000][1][safepoint    ] Entering safepoint region: RevokeBias
[2019-06-24T14:07:02.368+0000][1][safepoint    ] Leaving safepoint region
[2019-06-24T14:07:02.368+0000][1][safepoint    ] Total time for which application threads were stopped: 0.0000932 seconds, Stopping threads took: 0.0000141 seconds
[2019-06-24T14:07:02.368+0000][1][safepoint    ] Application time: 0.0005263 seconds
[2019-06-24T14:07:02.368+0000][1][safepoint    ] Entering safepoint region: RevokeBias
[2019-06-24T14:07:02.369+0000][1][safepoint    ] Leaving safepoint region
[2019-06-24T14:07:02.369+0000][1][safepoint    ] Total time for which application threads were stopped: 0.0001336 seconds, Stopping threads took: 0.0000227 seconds
[2019-06-24T14:07:02.369+0000][1][safepoint    ] Application time: 0.0000879 seconds
[2019-06-24T14:07:02.369+0000][1][safepoint    ] Entering safepoint region: RevokeBias
[2019-06-24T14:07:02.369+0000][1][safepoint    ] Leaving safepoint region
[2019-06-24T14:07:02.369+0000][1][safepoint    ] Total time for which application threads were stopped: 0.0000896 seconds, Stopping threads took: 0.0000139 seconds
[2019-06-24T14:07:02.369+0000][1][safepoint    ] Application time: 0.0000663 seconds
[2019-06-24T14:07:02.369+0000][1][safepoint    ] Entering safepoint region: RevokeBias
[2019-06-24T14:07:02.369+0000][1][safepoint    ] Leaving safepoint region
[2019-06-24T14:07:02.369+0000][1][safepoint    ] Total time for which application threads were stopped: 0.0000827 seconds, Stopping threads took: 0.0000138 seconds
[2019-06-24T14:07:02.369+0000][1][safepoint    ] Application time: 0.0000637 seconds
[2019-06-24T14:07:02.369+0000][1][safepoint    ] Entering safepoint region: RevokeBias
[2019-06-24T14:07:02.369+0000][1][safepoint    ] Leaving safepoint region
[2019-06-24T14:07:02.369+0000][1][safepoint    ] Total time for which application threads were stopped: 0.0001115 seconds, Stopping threads took: 0.0000134 seconds
[2019-06-24T14:07:02.370+0000][1][safepoint    ] Application time: 0.0005040 seconds
[2019-06-24T14:07:02.370+0000][1][safepoint    ] Entering safepoint region: RevokeBias
[2019-06-24T14:07:02.370+0000][1][safepoint    ] Leaving safepoint region
[2019-06-24T14:07:02.370+0000][1][safepoint    ] Total time for which application threads were stopped: 0.0000992 seconds, Stopping threads took: 0.0000168 seconds
[2019-06-24T14:07:02.370+0000][1][safepoint    ] Application time: 0.0001824 seconds
[2019-06-24T14:07:02.370+0000][1][safepoint    ] Entering safepoint region: RevokeBias
[2019-06-24T14:07:02.370+0000][1][safepoint    ] Leaving safepoint region
[2019-06-24T14:07:02.370+0000][1][safepoint    ] Total time for which application threads were stopped: 0.0000998 seconds, Stopping threads took: 0.0000151 seconds
[2019-06-24T14:07:02.371+0000][1][safepoint    ] Application time: 0.0007934 seconds
[2019-06-24T14:07:02.371+0000][1][safepoint    ] Entering safepoint region: RevokeBias
[2019-06-24T14:07:02.371+0000][1][safepoint    ] Leaving safepoint region
[2019-06-24T14:07:02.371+0000][1][safepoint    ] Total time for which application threads were stopped: 0.0001120 seconds, Stopping threads took: 0.0000172 seconds
[2019-06-24T14:07:02.372+0000][1][safepoint    ] Application time: 0.0005318 seconds
[2019-06-24T14:07:02.372+0000][1][safepoint    ] Entering safepoint region: RevokeBias
[2019-06-24T14:07:02.372+0000][1][safepoint    ] Leaving safepoint region
[2019-06-24T14:07:02.372+0000][1][safepoint    ] Total time for which application threads were stopped: 0.0001040 seconds, Stopping threads took: 0.0000170 seconds
[2019-06-24T14:07:02.372+0000][1][safepoint    ] Application time: 0.0001475 seconds
[2019-06-24T14:07:02.372+0000][1][safepoint    ] Entering safepoint region: RevokeBias
[2019-06-24T14:07:02.372+0000][1][safepoint    ] Leaving safepoint region
[2019-06-24T14:07:02.372+0000][1][safepoint    ] Total time for which application threads were stopped: 0.0000882 seconds, Stopping threads took: 0.0000151 seconds
[2019-06-24T14:07:02.372+0000][1][safepoint    ] Application time: 0.0000741 seconds
[2019-06-24T14:07:02.372+0000][1][safepoint    ] Entering safepoint region: RevokeBias
[2019-06-24T14:07:02.372+0000][1][safepoint    ] Leaving safepoint region
[2019-06-24T14:07:02.372+0000][1][safepoint    ] Total time for which application threads were stopped: 0.0000908 seconds, Stopping threads took: 0.0000140 seconds
[2019-06-24T14:07:02.373+0000][1][safepoint    ] Application time: 0.0002850 seconds
[2019-06-24T14:07:02.373+0000][1][safepoint    ] Entering safepoint region: RevokeBias
[2019-06-24T14:07:02.373+0000][1][safepoint    ] Leaving safepoint region
[2019-06-24T14:07:02.373+0000][1][safepoint    ] Total time for which application threads were stopped: 0.0000994 seconds, Stopping threads took: 0.0000155 seconds
[2019-06-24T14:07:02.375+0000][1][safepoint    ] Application time: 0.0022788 seconds
[2019-06-24T14:07:02.377+0000][1][safepoint    ] Entering safepoint region: RevokeBias
[2019-06-24T14:07:02.377+0000][1][safepoint    ] Leaving safepoint region
[2019-06-24T14:07:02.377+0000][1][safepoint    ] Total time for which application threads were stopped: 0.0022152 seconds, Stopping threads took: 0.0020635 seconds
[2019-06-24T14:07:02.378+0000][1][safepoint    ] Application time: 0.0004642 seconds
[2019-06-24T14:07:02.378+0000][1][safepoint    ] Entering safepoint region: RevokeBias
[2019-06-24T14:07:02.378+0000][1][safepoint    ] Leaving safepoint region
[2019-06-24T14:07:02.378+0000][1][safepoint    ] Total time for which application threads were stopped: 0.0001362 seconds, Stopping threads took: 0.0000400 seconds
[2019-06-24T14:07:02.382+0000][1][safepoint    ] Application time: 0.0037596 seconds
[2019-06-24T14:07:02.382+0000][1][safepoint    ] Entering safepoint region: RevokeBias
[2019-06-24T14:07:02.382+0000][1][safepoint    ] Leaving safepoint region
[2019-06-24T14:07:02.382+0000][1][safepoint    ] Total time for which application threads were stopped: 0.0001774 seconds, Stopping threads took: 0.0000564 seconds
[2019-06-24T14:07:02.389+0000][1][safepoint    ] Application time: 0.0070726 seconds
[2019-06-24T14:07:02.389+0000][1][safepoint    ] Entering safepoint region: RevokeBias
[2019-06-24T14:07:02.389+0000][1][safepoint    ] Leaving safepoint region
[2019-06-24T14:07:02.389+0000][1][safepoint    ] Total time for which application threads were stopped: 0.0002202 seconds, Stopping threads took: 0.0000747 seconds
[2019-06-24T14:07:02.389+0000][1][safepoint    ] Application time: 0.0001403 seconds
[2019-06-24T14:07:02.389+0000][1][safepoint    ] Entering safepoint region: RevokeBias
[2019-06-24T14:07:02.390+0000][1][safepoint    ] Leaving safepoint region
[2019-06-24T14:07:02.390+0000][1][safepoint    ] Total time for which application threads were stopped: 0.0001283 seconds, Stopping threads took: 0.0000514 seconds
[2019-06-24T14:07:02.392+0000][1][safepoint    ] Application time: 0.0020158 seconds
[2019-06-24T14:07:02.392+0000][1][safepoint    ] Entering safepoint region: RevokeBias
[2019-06-24T14:07:02.392+0000][1][safepoint    ] Leaving safepoint region
[2019-06-24T14:07:02.392+0000][1][safepoint    ] Total time for which application threads were stopped: 0.0001708 seconds, Stopping threads took: 0.0000727 seconds
[2019-06-24T14:07:02.597+0000][1][safepoint    ] Application time: 0.2053873 seconds
[2019-06-24T14:07:02.597+0000][1][safepoint    ] Entering safepoint region: GenCollectForAllocation
[2019-06-24T14:07:02.597+0000][1][gc,start     ] GC(19) Pause Young (Allocation Failure)
[2019-06-24T14:07:02.597+0000][1][gc,task      ] GC(19) Using 5 workers of 8 for evacuation
[2019-06-24T14:07:02.654+0000][1][gc,age       ] GC(19) Desired survivor size 4456448 bytes, new threshold 2 (max threshold 6)
[2019-06-24T14:07:02.654+0000][1][gc,age       ] GC(19) Age table with threshold 2 (max threshold 6)
[2019-06-24T14:07:02.654+0000][1][gc,age       ] GC(19) - age   1:    3160792 bytes,    3160792 total
[2019-06-24T14:07:02.654+0000][1][gc,age       ] GC(19) - age   2:    3669760 bytes,    6830552 total
[2019-06-24T14:07:02.654+0000][1][gc,age       ] GC(19) - age   3:     261688 bytes,    7092240 total
[2019-06-24T14:07:02.654+0000][1][gc,heap      ] GC(19) ParNew: 74424K->8704K(78656K)
[2019-06-24T14:07:02.654+0000][1][gc,heap      ] GC(19) CMS: 55440K->55440K(174784K)
[2019-06-24T14:07:02.654+0000][1][gc,metaspace ] GC(19) Metaspace: 47265K->47265K(1093632K)
[2019-06-24T14:07:02.654+0000][1][gc           ] GC(19) Pause Young (Allocation Failure) 126M->62M(247M) 56.284ms
[2019-06-24T14:07:02.654+0000][1][gc,cpu       ] GC(19) User=0.12s Sys=0.00s Real=0.06s
[2019-06-24T14:07:02.654+0000][1][safepoint    ] Leaving safepoint region
[2019-06-24T14:07:02.654+0000][1][safepoint    ] Total time for which application threads were stopped: 0.0565823 seconds, Stopping threads took: 0.0000564 seconds
[2019-06-24T14:07:02.701+0000][1][safepoint    ] Application time: 0.0472064 seconds
[2019-06-24T14:07:02.701+0000][1][safepoint    ] Entering safepoint region: RevokeBias
[2019-06-24T14:07:02.701+0000][1][safepoint    ] Leaving safepoint region
[2019-06-24T14:07:02.701+0000][1][safepoint    ] Total time for which application threads were stopped: 0.0001628 seconds, Stopping threads took: 0.0000914 seconds
[2019-06-24T14:07:03.058+0000][1][safepoint    ] Application time: 0.3562577 seconds
[2019-06-24T14:07:03.058+0000][1][safepoint    ] Entering safepoint region: RevokeBias
[2019-06-24T14:07:03.058+0000][1][safepoint    ] Leaving safepoint region
[2019-06-24T14:07:03.058+0000][1][safepoint    ] Total time for which application threads were stopped: 0.0001220 seconds, Stopping threads took: 0.0000537 seconds
[2019-06-24T14:07:03.065+0000][1][safepoint    ] Application time: 0.0074628 seconds
[2019-06-24T14:07:03.073+0000][1][safepoint    ] Entering safepoint region: RevokeBias
[2019-06-24T14:07:03.073+0000][1][safepoint    ] Leaving safepoint region
[2019-06-24T14:07:03.073+0000][1][safepoint    ] Total time for which application threads were stopped: 0.0081583 seconds, Stopping threads took: 0.0079929 seconds
[2019-06-24T14:07:03.503+0000][1][safepoint    ] Application time: 0.4296116 seconds
[2019-06-24T14:07:03.517+0000][1][safepoint    ] Entering safepoint region: RevokeBias
[2019-06-24T14:07:03.517+0000][1][safepoint    ] Leaving safepoint region
[2019-06-24T14:07:03.517+0000][1][safepoint    ] Total time for which application threads were stopped: 0.0142203 seconds, Stopping threads took: 0.0141431 seconds
[2019-06-24T14:07:04.073+0000][1][safepoint    ] Application time: 0.5558542 seconds
[2019-06-24T14:07:04.073+0000][1][safepoint    ] Entering safepoint region: RevokeBias
[2019-06-24T14:07:04.073+0000][1][safepoint    ] Leaving safepoint region
[2019-06-24T14:07:04.073+0000][1][safepoint    ] Total time for which application threads were stopped: 0.0001277 seconds, Stopping threads took: 0.0000388 seconds
[2019-06-24T14:07:04.077+0000][1][safepoint    ] Application time: 0.0037788 seconds
[2019-06-24T14:07:04.081+0000][1][safepoint    ] Entering safepoint region: RevokeBias
[2019-06-24T14:07:04.082+0000][1][safepoint    ] Leaving safepoint region
[2019-06-24T14:07:04.082+0000][1][safepoint    ] Total time for which application threads were stopped: 0.0043502 seconds, Stopping threads took: 0.0041234 seconds
[2019-06-24T14:07:04.085+0000][1][safepoint    ] Application time: 0.0033538 seconds
[2019-06-24T14:07:04.089+0000][1][safepoint    ] Entering safepoint region: RevokeBias
[2019-06-24T14:07:04.089+0000][1][safepoint    ] Leaving safepoint region
[2019-06-24T14:07:04.089+0000][1][safepoint    ] Total time for which application threads were stopped: 0.0044318 seconds, Stopping threads took: 0.0042789 seconds
[2019-06-24T14:07:05.010+0000][1][safepoint    ] Application time: 0.9203337 seconds
[2019-06-24T14:07:05.010+0000][1][safepoint    ] Entering safepoint region: GenCollectForAllocation
[2019-06-24T14:07:05.010+0000][1][gc,start     ] GC(20) Pause Young (Allocation Failure)
[2019-06-24T14:07:05.010+0000][1][gc,task      ] GC(20) Using 5 workers of 8 for evacuation
[2019-06-24T14:07:05.048+0000][1][gc,age       ] GC(20) Desired survivor size 4456448 bytes, new threshold 2 (max threshold 6)
[2019-06-24T14:07:05.048+0000][1][gc,age       ] GC(20) Age table with threshold 2 (max threshold 6)
[2019-06-24T14:07:05.048+0000][1][gc,age       ] GC(20) - age   1:    1541872 bytes,    1541872 total
[2019-06-24T14:07:05.048+0000][1][gc,age       ] GC(20) - age   2:    3082848 bytes,    4624720 total
[2019-06-24T14:07:05.048+0000][1][gc,heap      ] GC(20) ParNew: 78656K->8467K(78656K)
[2019-06-24T14:07:05.048+0000][1][gc,heap      ] GC(20) CMS: 55440K->59383K(174784K)
[2019-06-24T14:07:05.048+0000][1][gc,metaspace ] GC(20) Metaspace: 53652K->53652K(1099776K)
[2019-06-24T14:07:05.048+0000][1][gc           ] GC(20) Pause Young (Allocation Failure) 130M->66M(247M) 38.329ms
[2019-06-24T14:07:05.048+0000][1][gc,cpu       ] GC(20) User=0.06s Sys=0.00s Real=0.04s
[2019-06-24T14:07:05.048+0000][1][safepoint    ] Leaving safepoint region
[2019-06-24T14:07:05.049+0000][1][safepoint    ] Total time for which application threads were stopped: 0.0386828 seconds, Stopping threads took: 0.0000247 seconds
[2019-06-24T14:07:05.102+0000][1][safepoint    ] Application time: 0.0534970 seconds
[2019-06-24T14:07:05.109+0000][1][safepoint    ] Entering safepoint region: RevokeBias
[2019-06-24T14:07:05.109+0000][1][safepoint    ] Leaving safepoint region
[2019-06-24T14:07:05.109+0000][1][safepoint    ] Total time for which application threads were stopped: 0.0071754 seconds, Stopping threads took: 0.0070850 seconds
[2019-06-24T14:07:05.629+0000][1][safepoint    ] Application time: 0.5191407 seconds
[2019-06-24T14:07:05.629+0000][1][safepoint    ] Entering safepoint region: Deoptimize
[2019-06-24T14:07:05.630+0000][1][safepoint    ] Leaving safepoint region
[2019-06-24T14:07:05.630+0000][1][safepoint    ] Total time for which application threads were stopped: 0.0012851 seconds, Stopping threads took: 0.0000268 seconds
[2019-06-24T14:07:05.705+0000][1][safepoint    ] Application time: 0.0747514 seconds
[2019-06-24T14:07:05.705+0000][1][safepoint    ] Entering safepoint region: RevokeBias
[2019-06-24T14:07:05.705+0000][1][safepoint    ] Leaving safepoint region
[2019-06-24T14:07:05.705+0000][1][safepoint    ] Total time for which application threads were stopped: 0.0006385 seconds, Stopping threads took: 0.0005438 seconds
[2019-06-24T14:07:05.711+0000][1][safepoint    ] Application time: 0.0060823 seconds
[2019-06-24T14:07:05.711+0000][1][safepoint    ] Entering safepoint region: RevokeBias
[2019-06-24T14:07:05.712+0000][1][safepoint    ] Leaving safepoint region
[2019-06-24T14:07:05.712+0000][1][safepoint    ] Total time for which application threads were stopped: 0.0001328 seconds, Stopping threads took: 0.0000643 seconds
[2019-06-24T14:07:05.712+0000][1][safepoint    ] Application time: 0.0001487 seconds
[2019-06-24T14:07:05.712+0000][1][safepoint    ] Entering safepoint region: RevokeBias
[2019-06-24T14:07:05.712+0000][1][safepoint    ] Leaving safepoint region
[2019-06-24T14:07:05.712+0000][1][safepoint    ] Total time for which application threads were stopped: 0.0000674 seconds, Stopping threads took: 0.0000116 seconds
[2019-06-24T14:07:05.715+0000][1][safepoint    ] Application time: 0.0029937 seconds
[2019-06-24T14:07:05.715+0000][1][safepoint    ] Entering safepoint region: RevokeBias
[2019-06-24T14:07:05.715+0000][1][safepoint    ] Leaving safepoint region
[2019-06-24T14:07:05.715+0000][1][safepoint    ] Total time for which application threads were stopped: 0.0001327 seconds, Stopping threads took: 0.0000557 seconds
[2019-06-24T14:07:06.123+0000][1][safepoint    ] Application time: 0.4080005 seconds
[2019-06-24T14:07:06.123+0000][1][safepoint    ] Entering safepoint region: RevokeBias
[2019-06-24T14:07:06.128+0000][1][safepoint    ] Leaving safepoint region
[2019-06-24T14:07:06.128+0000][1][safepoint    ] Total time for which application threads were stopped: 0.0049358 seconds, Stopping threads took: 0.0000608 seconds
[2019-06-24T14:07:06.313+0000][1][safepoint    ] Application time: 0.1850805 seconds
[2019-06-24T14:07:06.313+0000][1][safepoint    ] Entering safepoint region: Deoptimize
[2019-06-24T14:07:06.314+0000][1][safepoint    ] Leaving safepoint region
[2019-06-24T14:07:06.314+0000][1][safepoint    ] Total time for which application threads were stopped: 0.0010708 seconds, Stopping threads took: 0.0000420 seconds
[2019-06-24T14:07:06.760+0000][1][safepoint    ] Application time: 0.4459350 seconds
[2019-06-24T14:07:06.765+0000][1][safepoint    ] Entering safepoint region: RevokeBias
[2019-06-24T14:07:06.765+0000][1][safepoint    ] Leaving safepoint region
[2019-06-24T14:07:06.765+0000][1][safepoint    ] Total time for which application threads were stopped: 0.0048585 seconds, Stopping threads took: 0.0047316 seconds
[2019-06-24T14:07:07.287+0000][1][safepoint    ] Application time: 0.5216275 seconds
[2019-06-24T14:07:07.287+0000][1][safepoint    ] Entering safepoint region: RevokeBias
[2019-06-24T14:07:07.287+0000][1][safepoint    ] Leaving safepoint region
[2019-06-24T14:07:07.287+0000][1][safepoint    ] Total time for which application threads were stopped: 0.0001557 seconds, Stopping threads took: 0.0000542 seconds
[2019-06-24T14:07:07.287+0000][1][safepoint    ] Application time: 0.0000999 seconds
[2019-06-24T14:07:07.287+0000][1][safepoint    ] Entering safepoint region: RevokeBias
[2019-06-24T14:07:07.287+0000][1][safepoint    ] Leaving safepoint region
[2019-06-24T14:07:07.287+0000][1][safepoint    ] Total time for which application threads were stopped: 0.0000773 seconds, Stopping threads took: 0.0000377 seconds
[2019-06-24T14:07:07.287+0000][1][safepoint    ] Application time: 0.0000825 seconds
[2019-06-24T14:07:07.287+0000][1][safepoint    ] Entering safepoint region: RevokeBias
[2019-06-24T14:07:07.287+0000][1][safepoint    ] Leaving safepoint region
[2019-06-24T14:07:07.287+0000][1][safepoint    ] Total time for which application threads were stopped: 0.0000755 seconds, Stopping threads took: 0.0000381 seconds
[2019-06-24T14:07:07.288+0000][1][safepoint    ] Application time: 0.0000718 seconds
[2019-06-24T14:07:07.288+0000][1][safepoint    ] Entering safepoint region: RevokeBias
[2019-06-24T14:07:07.288+0000][1][safepoint    ] Leaving safepoint region
[2019-06-24T14:07:07.288+0000][1][safepoint    ] Total time for which application threads were stopped: 0.0000767 seconds, Stopping threads took: 0.0000391 seconds
[2019-06-24T14:07:07.288+0000][1][safepoint    ] Application time: 0.0000971 seconds
[2019-06-24T14:07:07.288+0000][1][safepoint    ] Entering safepoint region: RevokeBias
[2019-06-24T14:07:07.288+0000][1][safepoint    ] Leaving safepoint region
[2019-06-24T14:07:07.288+0000][1][safepoint    ] Total time for which application threads were stopped: 0.0000721 seconds, Stopping threads took: 0.0000362 seconds
[2019-06-24T14:07:07.288+0000][1][safepoint    ] Application time: 0.0001440 seconds
[2019-06-24T14:07:07.288+0000][1][safepoint    ] Entering safepoint region: RevokeBias
[2019-06-24T14:07:07.288+0000][1][safepoint    ] Leaving safepoint region
[2019-06-24T14:07:07.288+0000][1][safepoint    ] Total time for which application threads were stopped: 0.0000738 seconds, Stopping threads took: 0.0000381 seconds
[2019-06-24T14:07:07.288+0000][1][safepoint    ] Application time: 0.0001612 seconds
[2019-06-24T14:07:07.288+0000][1][safepoint    ] Entering safepoint region: RevokeBias
[2019-06-24T14:07:07.288+0000][1][safepoint    ] Leaving safepoint region
[2019-06-24T14:07:07.288+0000][1][safepoint    ] Total time for which application threads were stopped: 0.0000769 seconds, Stopping threads took: 0.0000390 seconds
[2019-06-24T14:07:07.288+0000][1][safepoint    ] Application time: 0.0000777 seconds
[2019-06-24T14:07:07.288+0000][1][safepoint    ] Entering safepoint region: RevokeBias
[2019-06-24T14:07:07.288+0000][1][safepoint    ] Leaving safepoint region
[2019-06-24T14:07:07.288+0000][1][safepoint    ] Total time for which application threads were stopped: 0.0000728 seconds, Stopping threads took: 0.0000378 seconds
[2019-06-24T14:07:07.289+0000][1][safepoint    ] Application time: 0.0001849 seconds
[2019-06-24T14:07:07.289+0000][1][safepoint    ] Entering safepoint region: RevokeBias
[2019-06-24T14:07:07.289+0000][1][safepoint    ] Leaving safepoint region
[2019-06-24T14:07:07.289+0000][1][safepoint    ] Total time for which application threads were stopped: 0.0000775 seconds, Stopping threads took: 0.0000377 seconds
[2019-06-24T14:07:07.289+0000][1][safepoint    ] Application time: 0.0000792 seconds
[2019-06-24T14:07:07.289+0000][1][safepoint    ] Entering safepoint region: RevokeBias
[2019-06-24T14:07:07.289+0000][1][safepoint    ] Leaving safepoint region
[2019-06-24T14:07:07.289+0000][1][safepoint    ] Total time for which application threads were stopped: 0.0000737 seconds, Stopping threads took: 0.0000370 seconds
[2019-06-24T14:07:07.724+0000][1][safepoint    ] Application time: 0.4350050 seconds
[2019-06-24T14:07:07.724+0000][1][safepoint    ] Entering safepoint region: RevokeBias
[2019-06-24T14:07:07.724+0000][1][safepoint    ] Leaving safepoint region
[2019-06-24T14:07:07.724+0000][1][safepoint    ] Total time for which application threads were stopped: 0.0001555 seconds, Stopping threads took: 0.0000594 seconds
[2019-06-24T14:07:07.742+0000][1][safepoint    ] Application time: 0.0175388 seconds
[2019-06-24T14:07:07.742+0000][1][safepoint    ] Entering safepoint region: GenCollectForAllocation
[2019-06-24T14:07:07.742+0000][1][gc,start     ] GC(21) Pause Young (Allocation Failure)
[2019-06-24T14:07:07.742+0000][1][gc,task      ] GC(21) Using 5 workers of 8 for evacuation
[2019-06-24T14:07:07.787+0000][1][gc,age       ] GC(21) Desired survivor size 4456448 bytes, new threshold 2 (max threshold 6)
[2019-06-24T14:07:07.787+0000][1][gc,age       ] GC(21) Age table with threshold 2 (max threshold 6)
[2019-06-24T14:07:07.787+0000][1][gc,age       ] GC(21) - age   1:    3688736 bytes,    3688736 total
[2019-06-24T14:07:07.787+0000][1][gc,age       ] GC(21) - age   2:    1442464 bytes,    5131200 total
[2019-06-24T14:07:07.787+0000][1][gc,heap      ] GC(21) ParNew: 78419K->7052K(78656K)
[2019-06-24T14:07:07.787+0000][1][gc,heap      ] GC(21) CMS: 59383K->62464K(174784K)
[2019-06-24T14:07:07.787+0000][1][gc,metaspace ] GC(21) Metaspace: 61415K->61415K(1105920K)
[2019-06-24T14:07:07.787+0000][1][gc           ] GC(21) Pause Young (Allocation Failure) 134M->67M(247M) 44.577ms
[2019-06-24T14:07:07.787+0000][1][gc,cpu       ] GC(21) User=0.08s Sys=0.00s Real=0.04s
[2019-06-24T14:07:07.787+0000][1][safepoint    ] Leaving safepoint region
[2019-06-24T14:07:07.787+0000][1][safepoint    ] Total time for which application threads were stopped: 0.0449288 seconds, Stopping threads took: 0.0000949 seconds
[2019-06-24T14:07:08.255+0000][1][safepoint    ] Application time: 0.4683430 seconds
[2019-06-24T14:07:08.255+0000][1][safepoint    ] Entering safepoint region: Deoptimize
[2019-06-24T14:07:08.257+0000][1][safepoint    ] Leaving safepoint region
[2019-06-24T14:07:08.257+0000][1][safepoint    ] Total time for which application threads were stopped: 0.0015204 seconds, Stopping threads took: 0.0000660 seconds
[2019-06-24T14:07:08.289+0000][1][safepoint    ] Application time: 0.0319697 seconds
[2019-06-24T14:07:08.289+0000][1][safepoint    ] Entering safepoint region: RevokeBias
[2019-06-24T14:07:08.289+0000][1][safepoint    ] Leaving safepoint region
[2019-06-24T14:07:08.289+0000][1][safepoint    ] Total time for which application threads were stopped: 0.0002287 seconds, Stopping threads took: 0.0000753 seconds
[2019-06-24T14:07:08.290+0000][1][safepoint    ] Application time: 0.0008978 seconds
[2019-06-24T14:07:08.290+0000][1][safepoint    ] Entering safepoint region: RevokeBias
[2019-06-24T14:07:08.290+0000][1][safepoint    ] Leaving safepoint region
[2019-06-24T14:07:08.290+0000][1][safepoint    ] Total time for which application threads were stopped: 0.0004591 seconds, Stopping threads took: 0.0000969 seconds
[2019-06-24T14:07:08.291+0000][1][safepoint    ] Application time: 0.0006591 seconds
[2019-06-24T14:07:08.293+0000][1][safepoint    ] Entering safepoint region: RevokeBias
[2019-06-24T14:07:08.293+0000][1][safepoint    ] Leaving safepoint region
[2019-06-24T14:07:08.293+0000][1][safepoint    ] Total time for which application threads were stopped: 0.0014795 seconds, Stopping threads took: 0.0013386 seconds
[2019-06-24T14:07:08.294+0000][1][safepoint    ] Application time: 0.0016203 seconds
[2019-06-24T14:07:08.294+0000][1][safepoint    ] Entering safepoint region: RevokeBias
[2019-06-24T14:07:08.295+0000][1][safepoint    ] Leaving safepoint region
[2019-06-24T14:07:08.295+0000][1][safepoint    ] Total time for which application threads were stopped: 0.0001509 seconds, Stopping threads took: 0.0000616 seconds
[2019-06-24T14:07:08.295+0000][1][safepoint    ] Application time: 0.0006214 seconds
[2019-06-24T14:07:08.295+0000][1][safepoint    ] Entering safepoint region: RevokeBias
[2019-06-24T14:07:08.295+0000][1][safepoint    ] Leaving safepoint region
[2019-06-24T14:07:08.295+0000][1][safepoint    ] Total time for which application threads were stopped: 0.0001496 seconds, Stopping threads took: 0.0000567 seconds
[2019-06-24T14:07:08.296+0000][1][safepoint    ] Application time: 0.0000857 seconds
[2019-06-24T14:07:08.296+0000][1][safepoint    ] Entering safepoint region: RevokeBias
[2019-06-24T14:07:08.296+0000][1][safepoint    ] Leaving safepoint region
[2019-06-24T14:07:08.296+0000][1][safepoint    ] Total time for which application threads were stopped: 0.0001254 seconds, Stopping threads took: 0.0000492 seconds
[2019-06-24T14:07:08.296+0000][1][safepoint    ] Application time: 0.0001541 seconds
[2019-06-24T14:07:08.296+0000][1][safepoint    ] Entering safepoint region: RevokeBias
[2019-06-24T14:07:08.296+0000][1][safepoint    ] Leaving safepoint region
[2019-06-24T14:07:08.296+0000][1][safepoint    ] Total time for which application threads were stopped: 0.0001300 seconds, Stopping threads took: 0.0000496 seconds
[2019-06-24T14:07:08.296+0000][1][safepoint    ] Application time: 0.0002040 seconds
[2019-06-24T14:07:08.296+0000][1][safepoint    ] Entering safepoint region: RevokeBias
[2019-06-24T14:07:08.296+0000][1][safepoint    ] Leaving safepoint region
[2019-06-24T14:07:08.296+0000][1][safepoint    ] Total time for which application threads were stopped: 0.0001861 seconds, Stopping threads took: 0.0000910 seconds
[2019-06-24T14:07:08.297+0000][1][safepoint    ] Application time: 0.0003804 seconds
[2019-06-24T14:07:08.297+0000][1][safepoint    ] Entering safepoint region: RevokeBias
[2019-06-24T14:07:08.297+0000][1][safepoint    ] Leaving safepoint region
[2019-06-24T14:07:08.297+0000][1][safepoint    ] Total time for which application threads were stopped: 0.0001607 seconds, Stopping threads took: 0.0000680 seconds
[2019-06-24T14:07:08.297+0000][1][safepoint    ] Application time: 0.0003948 seconds
[2019-06-24T14:07:08.297+0000][1][safepoint    ] Entering safepoint region: RevokeBias
[2019-06-24T14:07:08.298+0000][1][safepoint    ] Leaving safepoint region
[2019-06-24T14:07:08.298+0000][1][safepoint    ] Total time for which application threads were stopped: 0.0001459 seconds, Stopping threads took: 0.0000537 seconds
[2019-06-24T14:07:08.298+0000][1][safepoint    ] Application time: 0.0000795 seconds
[2019-06-24T14:07:08.298+0000][1][safepoint    ] Entering safepoint region: RevokeBias
[2019-06-24T14:07:08.298+0000][1][safepoint    ] Leaving safepoint region
[2019-06-24T14:07:08.298+0000][1][safepoint    ] Total time for which application threads were stopped: 0.0001208 seconds, Stopping threads took: 0.0000468 seconds
[2019-06-24T14:07:08.299+0000][1][safepoint    ] Application time: 0.0011616 seconds
[2019-06-24T14:07:08.299+0000][1][safepoint    ] Entering safepoint region: BulkRevokeBias
[2019-06-24T14:07:08.299+0000][1][safepoint    ] Leaving safepoint region
[2019-06-24T14:07:08.300+0000][1][safepoint    ] Total time for which application threads were stopped: 0.0004574 seconds, Stopping threads took: 0.0000679 seconds
[2019-06-24T14:07:08.300+0000][1][safepoint    ] Application time: 0.0005760 seconds
[2019-06-24T14:07:08.300+0000][1][safepoint    ] Entering safepoint region: BulkRevokeBias
[2019-06-24T14:07:08.301+0000][1][safepoint    ] Leaving safepoint region
[2019-06-24T14:07:08.301+0000][1][safepoint    ] Total time for which application threads were stopped: 0.0010920 seconds, Stopping threads took: 0.0001009 seconds
[2019-06-24T14:07:08.305+0000][1][safepoint    ] Application time: 0.0031390 seconds
[2019-06-24T14:07:08.305+0000][1][safepoint    ] Entering safepoint region: RevokeBias
[2019-06-24T14:07:08.305+0000][1][safepoint    ] Leaving safepoint region
[2019-06-24T14:07:08.305+0000][1][safepoint    ] Total time for which application threads were stopped: 0.0002009 seconds, Stopping threads took: 0.0000747 seconds
[2019-06-24T14:07:08.305+0000][1][safepoint    ] Application time: 0.0002991 seconds
[2019-06-24T14:07:08.305+0000][1][safepoint    ] Entering safepoint region: RevokeBias
[2019-06-24T14:07:08.305+0000][1][safepoint    ] Leaving safepoint region
[2019-06-24T14:07:08.305+0000][1][safepoint    ] Total time for which application threads were stopped: 0.0002449 seconds, Stopping threads took: 0.0001084 seconds
[2019-06-24T14:07:08.317+0000][1][safepoint    ] Application time: 0.0112664 seconds
[2019-06-24T14:07:08.317+0000][1][safepoint    ] Entering safepoint region: Deoptimize
[2019-06-24T14:07:08.318+0000][1][safepoint    ] Leaving safepoint region
[2019-06-24T14:07:08.318+0000][1][safepoint    ] Total time for which application threads were stopped: 0.0010189 seconds, Stopping threads took: 0.0001299 seconds
[2019-06-24T14:07:08.319+0000][1][safepoint    ] Application time: 0.0010319 seconds
[2019-06-24T14:07:08.319+0000][1][safepoint    ] Entering safepoint region: RevokeBias
[2019-06-24T14:07:08.319+0000][1][safepoint    ] Leaving safepoint region
[2019-06-24T14:07:08.319+0000][1][safepoint    ] Total time for which application threads were stopped: 0.0001465 seconds, Stopping threads took: 0.0000750 seconds
[2019-06-24T14:07:08.530+0000][1][safepoint    ] Application time: 0.2110168 seconds
[2019-06-24T14:07:08.549+0000][1][safepoint    ] Entering safepoint region: RevokeBias
[2019-06-24T14:07:08.550+0000][1][safepoint    ] Leaving safepoint region
[2019-06-24T14:07:08.550+0000][1][safepoint    ] Total time for which application threads were stopped: 0.0194116 seconds, Stopping threads took: 0.0190135 seconds
[2019-06-24T14:07:08.569+0000][1][safepoint    ] Application time: 0.0193572 seconds
[2019-06-24T14:07:08.575+0000][1][safepoint    ] Entering safepoint region: RevokeBias
[2019-06-24T14:07:08.576+0000][1][safepoint    ] Leaving safepoint region
[2019-06-24T14:07:08.576+0000][1][safepoint    ] Total time for which application threads were stopped: 0.0065980 seconds, Stopping threads took: 0.0061182 seconds
[2019-06-24T14:07:08.576+0000][1][safepoint    ] Application time: 0.0005634 seconds
[2019-06-24T14:07:08.577+0000][1][safepoint    ] Entering safepoint region: RevokeBias
[2019-06-24T14:07:08.577+0000][1][safepoint    ] Leaving safepoint region
[2019-06-24T14:07:08.577+0000][1][safepoint    ] Total time for which application threads were stopped: 0.0001565 seconds, Stopping threads took: 0.0000276 seconds
[2019-06-24T14:07:08.577+0000][1][safepoint    ] Application time: 0.0000828 seconds
[2019-06-24T14:07:08.577+0000][1][safepoint    ] Entering safepoint region: RevokeBias
[2019-06-24T14:07:08.577+0000][1][safepoint    ] Leaving safepoint region
[2019-06-24T14:07:08.577+0000][1][safepoint    ] Total time for which application threads were stopped: 0.0000932 seconds, Stopping threads took: 0.0000196 seconds
[2019-06-24T14:07:08.577+0000][1][safepoint    ] Application time: 0.0002046 seconds
[2019-06-24T14:07:08.581+0000][1][safepoint    ] Entering safepoint region: RevokeBias
[2019-06-24T14:07:08.582+0000][1][safepoint    ] Leaving safepoint region
[2019-06-24T14:07:08.582+0000][1][safepoint    ] Total time for which application threads were stopped: 0.0045542 seconds, Stopping threads took: 0.0042343 seconds
[2019-06-24T14:07:08.583+0000][1][safepoint    ] Application time: 0.0011574 seconds
[2019-06-24T14:07:08.583+0000][1][safepoint    ] Entering safepoint region: RevokeBias
[2019-06-24T14:07:08.583+0000][1][safepoint    ] Leaving safepoint region
[2019-06-24T14:07:08.583+0000][1][safepoint    ] Total time for which application threads were stopped: 0.0002406 seconds, Stopping threads took: 0.0001036 seconds
[2019-06-24T14:07:08.585+0000][1][safepoint    ] Application time: 0.0019746 seconds
[2019-06-24T14:07:08.585+0000][1][safepoint    ] Entering safepoint region: RevokeBias
[2019-06-24T14:07:08.585+0000][1][safepoint    ] Leaving safepoint region
[2019-06-24T14:07:08.585+0000][1][safepoint    ] Total time for which application threads were stopped: 0.0001731 seconds, Stopping threads took: 0.0000654 seconds
[2019-06-24T14:07:08.586+0000][1][safepoint    ] Application time: 0.0008854 seconds
[2019-06-24T14:07:08.586+0000][1][safepoint    ] Entering safepoint region: RevokeBias
[2019-06-24T14:07:08.586+0000][1][safepoint    ] Leaving safepoint region
[2019-06-24T14:07:08.587+0000][1][safepoint    ] Total time for which application threads were stopped: 0.0001634 seconds, Stopping threads took: 0.0000623 seconds
[2019-06-24T14:07:08.587+0000][1][safepoint    ] Application time: 0.0001857 seconds
[2019-06-24T14:07:08.587+0000][1][safepoint    ] Entering safepoint region: RevokeBias
[2019-06-24T14:07:08.587+0000][1][safepoint    ] Leaving safepoint region
[2019-06-24T14:07:08.587+0000][1][safepoint    ] Total time for which application threads were stopped: 0.0001034 seconds, Stopping threads took: 0.0000191 seconds
[2019-06-24T14:07:08.590+0000][1][safepoint    ] Application time: 0.0031376 seconds
[2019-06-24T14:07:08.594+0000][1][safepoint    ] Entering safepoint region: RevokeBias
[2019-06-24T14:07:08.594+0000][1][safepoint    ] Leaving safepoint region
[2019-06-24T14:07:08.594+0000][1][safepoint    ] Total time for which application threads were stopped: 0.0041891 seconds, Stopping threads took: 0.0040833 seconds
[2019-06-24T14:07:08.595+0000][1][safepoint    ] Application time: 0.0004726 seconds
[2019-06-24T14:07:08.595+0000][1][safepoint    ] Entering safepoint region: RevokeBias
[2019-06-24T14:07:08.595+0000][1][safepoint    ] Leaving safepoint region
[2019-06-24T14:07:08.595+0000][1][safepoint    ] Total time for which application threads were stopped: 0.0000929 seconds, Stopping threads took: 0.0000197 seconds
[2019-06-24T14:07:08.595+0000][1][safepoint    ] Application time: 0.0001448 seconds
[2019-06-24T14:07:08.595+0000][1][safepoint    ] Entering safepoint region: RevokeBias
[2019-06-24T14:07:08.595+0000][1][safepoint    ] Leaving safepoint region
[2019-06-24T14:07:08.595+0000][1][safepoint    ] Total time for which application threads were stopped: 0.0000880 seconds, Stopping threads took: 0.0000187 seconds
[2019-06-24T14:07:08.595+0000][1][safepoint    ] Application time: 0.0000859 seconds
[2019-06-24T14:07:08.595+0000][1][safepoint    ] Entering safepoint region: RevokeBias
[2019-06-24T14:07:08.595+0000][1][safepoint    ] Leaving safepoint region
[2019-06-24T14:07:08.595+0000][1][safepoint    ] Total time for which application threads were stopped: 0.0000998 seconds, Stopping threads took: 0.0000334 seconds
[2019-06-24T14:07:08.596+0000][1][safepoint    ] Application time: 0.0004243 seconds
[2019-06-24T14:07:08.596+0000][1][safepoint    ] Entering safepoint region: RevokeBias
[2019-06-24T14:07:08.596+0000][1][safepoint    ] Leaving safepoint region
[2019-06-24T14:07:08.596+0000][1][safepoint    ] Total time for which application threads were stopped: 0.0000844 seconds, Stopping threads took: 0.0000180 seconds
[2019-06-24T14:07:08.596+0000][1][safepoint    ] Application time: 0.0004289 seconds
[2019-06-24T14:07:08.596+0000][1][safepoint    ] Entering safepoint region: RevokeBias
[2019-06-24T14:07:08.596+0000][1][safepoint    ] Leaving safepoint region
[2019-06-24T14:07:08.596+0000][1][safepoint    ] Total time for which application threads were stopped: 0.0000827 seconds, Stopping threads took: 0.0000178 seconds
[2019-06-24T14:07:08.597+0000][1][safepoint    ] Application time: 0.0000797 seconds
[2019-06-24T14:07:08.597+0000][1][safepoint    ] Entering safepoint region: RevokeBias
[2019-06-24T14:07:08.597+0000][1][safepoint    ] Leaving safepoint region
[2019-06-24T14:07:08.597+0000][1][safepoint    ] Total time for which application threads were stopped: 0.0000701 seconds, Stopping threads took: 0.0000156 seconds
[2019-06-24T14:07:08.662+0000][1][safepoint    ] Application time: 0.0653918 seconds
[2019-06-24T14:07:08.673+0000][1][safepoint    ] Entering safepoint region: RevokeBias
[2019-06-24T14:07:08.674+0000][1][safepoint    ] Leaving safepoint region
[2019-06-24T14:07:08.674+0000][1][safepoint    ] Total time for which application threads were stopped: 0.0085838 seconds, Stopping threads took: 0.0081632 seconds
[2019-06-24T14:07:08.706+0000][1][safepoint    ] Application time: 0.0325342 seconds
[2019-06-24T14:07:08.707+0000][1][safepoint    ] Entering safepoint region: RevokeBias
[2019-06-24T14:07:08.707+0000][1][safepoint    ] Leaving safepoint region
[2019-06-24T14:07:08.707+0000][1][safepoint    ] Total time for which application threads were stopped: 0.0004324 seconds, Stopping threads took: 0.0000926 seconds
[2019-06-24T14:07:08.707+0000][1][safepoint    ] Application time: 0.0002380 seconds
[2019-06-24T14:07:08.707+0000][1][safepoint    ] Entering safepoint region: RevokeBias
[2019-06-24T14:07:08.707+0000][1][safepoint    ] Leaving safepoint region
[2019-06-24T14:07:08.707+0000][1][safepoint    ] Total time for which application threads were stopped: 0.0001746 seconds, Stopping threads took: 0.0000309 seconds
[2019-06-24T14:07:08.709+0000][1][safepoint    ] Application time: 0.0018295 seconds
[2019-06-24T14:07:08.709+0000][1][safepoint    ] Entering safepoint region: RevokeBias
[2019-06-24T14:07:08.709+0000][1][safepoint    ] Leaving safepoint region
[2019-06-24T14:07:08.709+0000][1][safepoint    ] Total time for which application threads were stopped: 0.0001434 seconds, Stopping threads took: 0.0000558 seconds
[2019-06-24T14:07:08.713+0000][1][safepoint    ] Application time: 0.0037526 seconds
[2019-06-24T14:07:08.713+0000][1][safepoint    ] Entering safepoint region: RevokeBias
[2019-06-24T14:07:08.713+0000][1][safepoint    ] Leaving safepoint region
[2019-06-24T14:07:08.713+0000][1][safepoint    ] Total time for which application threads were stopped: 0.0002636 seconds, Stopping threads took: 0.0001624 seconds
[2019-06-24T14:07:08.737+0000][1][safepoint    ] Application time: 0.0239808 seconds
[2019-06-24T14:07:08.741+0000][1][safepoint    ] Entering safepoint region: RevokeBias
[2019-06-24T14:07:08.742+0000][1][safepoint    ] Leaving safepoint region
[2019-06-24T14:07:08.742+0000][1][safepoint    ] Total time for which application threads were stopped: 0.0044013 seconds, Stopping threads took: 0.0038854 seconds
[2019-06-24T14:07:08.742+0000][1][safepoint    ] Application time: 0.0002043 seconds
[2019-06-24T14:07:08.742+0000][1][safepoint    ] Entering safepoint region: RevokeBias
[2019-06-24T14:07:08.742+0000][1][safepoint    ] Leaving safepoint region
[2019-06-24T14:07:08.742+0000][1][safepoint    ] Total time for which application threads were stopped: 0.0002615 seconds, Stopping threads took: 0.0001060 seconds
[2019-06-24T14:07:08.750+0000][1][safepoint    ] Application time: 0.0077714 seconds
[2019-06-24T14:07:08.750+0000][1][safepoint    ] Entering safepoint region: RevokeBias
[2019-06-24T14:07:08.751+0000][1][safepoint    ] Leaving safepoint region
[2019-06-24T14:07:08.751+0000][1][safepoint    ] Total time for which application threads were stopped: 0.0005538 seconds, Stopping threads took: 0.0000462 seconds
[2019-06-24T14:07:08.751+0000][1][safepoint    ] Application time: 0.0002384 seconds
[2019-06-24T14:07:08.751+0000][1][safepoint    ] Entering safepoint region: RevokeBias
[2019-06-24T14:07:08.751+0000][1][safepoint    ] Leaving safepoint region
[2019-06-24T14:07:08.751+0000][1][safepoint    ] Total time for which application threads were stopped: 0.0001680 seconds, Stopping threads took: 0.0000713 seconds
[2019-06-24T14:07:08.759+0000][1][safepoint    ] Application time: 0.0079132 seconds
[2019-06-24T14:07:08.759+0000][1][safepoint    ] Entering safepoint region: RevokeBias
[2019-06-24T14:07:08.760+0000][1][safepoint    ] Leaving safepoint region
[2019-06-24T14:07:08.760+0000][1][safepoint    ] Total time for which application threads were stopped: 0.0002420 seconds, Stopping threads took: 0.0000992 seconds
[2019-06-24T14:07:08.773+0000][1][safepoint    ] Application time: 0.0136683 seconds
[2019-06-24T14:07:08.777+0000][1][safepoint    ] Entering safepoint region: RevokeBias
[2019-06-24T14:07:08.777+0000][1][safepoint    ] Leaving safepoint region
[2019-06-24T14:07:08.777+0000][1][safepoint    ] Total time for which application threads were stopped: 0.0041587 seconds, Stopping threads took: 0.0040288 seconds
[2019-06-24T14:07:08.782+0000][1][safepoint    ] Application time: 0.0045063 seconds
[2019-06-24T14:07:08.782+0000][1][safepoint    ] Entering safepoint region: RevokeBias
[2019-06-24T14:07:08.782+0000][1][safepoint    ] Leaving safepoint region
[2019-06-24T14:07:08.782+0000][1][safepoint    ] Total time for which application threads were stopped: 0.0002477 seconds, Stopping threads took: 0.0000751 seconds
[2019-06-24T14:07:08.787+0000][1][safepoint    ] Application time: 0.0048728 seconds
[2019-06-24T14:07:08.787+0000][1][safepoint    ] Entering safepoint region: RevokeBias
[2019-06-24T14:07:08.787+0000][1][safepoint    ] Leaving safepoint region
[2019-06-24T14:07:08.787+0000][1][safepoint    ] Total time for which application threads were stopped: 0.0001995 seconds, Stopping threads took: 0.0000648 seconds
[2019-06-24T14:07:08.794+0000][1][safepoint    ] Application time: 0.0069500 seconds
[2019-06-24T14:07:08.794+0000][1][safepoint    ] Entering safepoint region: RevokeBias
[2019-06-24T14:07:08.795+0000][1][safepoint    ] Leaving safepoint region
[2019-06-24T14:07:08.795+0000][1][safepoint    ] Total time for which application threads were stopped: 0.0001468 seconds, Stopping threads took: 0.0000322 seconds
[2019-06-24T14:07:08.808+0000][1][safepoint    ] Application time: 0.0129798 seconds
[2019-06-24T14:07:08.808+0000][1][safepoint    ] Entering safepoint region: RevokeBias
[2019-06-24T14:07:08.808+0000][1][safepoint    ] Leaving safepoint region
[2019-06-24T14:07:08.808+0000][1][safepoint    ] Total time for which application threads were stopped: 0.0001876 seconds, Stopping threads took: 0.0000300 seconds
[2019-06-24T14:07:08.808+0000][1][safepoint    ] Application time: 0.0002066 seconds
[2019-06-24T14:07:08.810+0000][1][safepoint    ] Entering safepoint region: RevokeBias
[2019-06-24T14:07:08.811+0000][1][safepoint    ] Leaving safepoint region
[2019-06-24T14:07:08.811+0000][1][safepoint    ] Total time for which application threads were stopped: 0.0002892 seconds, Stopping threads took: 0.0001712 seconds
[2019-06-24T14:07:08.820+0000][1][safepoint    ] Application time: 0.0088831 seconds
[2019-06-24T14:07:08.820+0000][1][safepoint    ] Entering safepoint region: RevokeBias
[2019-06-24T14:07:08.820+0000][1][safepoint    ] Leaving safepoint region
[2019-06-24T14:07:08.820+0000][1][safepoint    ] Total time for which application threads were stopped: 0.0002100 seconds, Stopping threads took: 0.0001084 seconds
[2019-06-24T14:07:08.826+0000][1][safepoint    ] Application time: 0.0058896 seconds
[2019-06-24T14:07:08.826+0000][1][safepoint    ] Entering safepoint region: RevokeBias
[2019-06-24T14:07:08.826+0000][1][safepoint    ] Leaving safepoint region
[2019-06-24T14:07:08.826+0000][1][safepoint    ] Total time for which application threads were stopped: 0.0001712 seconds, Stopping threads took: 0.0000394 seconds
[2019-06-24T14:07:08.826+0000][1][safepoint    ] Application time: 0.0001716 seconds
[2019-06-24T14:07:08.826+0000][1][safepoint    ] Entering safepoint region: RevokeBias
[2019-06-24T14:07:08.826+0000][1][safepoint    ] Leaving safepoint region
[2019-06-24T14:07:08.826+0000][1][safepoint    ] Total time for which application threads were stopped: 0.0001291 seconds, Stopping threads took: 0.0000467 seconds
[2019-06-24T14:07:08.826+0000][1][safepoint    ] Application time: 0.0001012 seconds
[2019-06-24T14:07:08.827+0000][1][safepoint    ] Entering safepoint region: RevokeBias
[2019-06-24T14:07:08.827+0000][1][safepoint    ] Leaving safepoint region
[2019-06-24T14:07:08.827+0000][1][safepoint    ] Total time for which application threads were stopped: 0.0001130 seconds, Stopping threads took: 0.0000436 seconds
[2019-06-24T14:07:08.833+0000][1][safepoint    ] Application time: 0.0065587 seconds
[2019-06-24T14:07:08.833+0000][1][safepoint    ] Entering safepoint region: RevokeBias
[2019-06-24T14:07:08.833+0000][1][safepoint    ] Leaving safepoint region
[2019-06-24T14:07:08.833+0000][1][safepoint    ] Total time for which application threads were stopped: 0.0002035 seconds, Stopping threads took: 0.0000295 seconds
[2019-06-24T14:07:08.835+0000][1][safepoint    ] Application time: 0.0011794 seconds
[2019-06-24T14:07:08.835+0000][1][safepoint    ] Entering safepoint region: RevokeBias
[2019-06-24T14:07:08.835+0000][1][safepoint    ] Leaving safepoint region
[2019-06-24T14:07:08.835+0000][1][safepoint    ] Total time for which application threads were stopped: 0.0004515 seconds, Stopping threads took: 0.0003517 seconds
[2019-06-24T14:07:08.839+0000][1][safepoint    ] Application time: 0.0043470 seconds
[2019-06-24T14:07:08.840+0000][1][safepoint    ] Entering safepoint region: RevokeBias
[2019-06-24T14:07:08.840+0000][1][safepoint    ] Leaving safepoint region
[2019-06-24T14:07:08.840+0000][1][safepoint    ] Total time for which application threads were stopped: 0.0001589 seconds, Stopping threads took: 0.0000432 seconds
[2019-06-24T14:07:08.841+0000][1][safepoint    ] Application time: 0.0016539 seconds
[2019-06-24T14:07:08.845+0000][1][safepoint    ] Entering safepoint region: RevokeBias
[2019-06-24T14:07:08.845+0000][1][safepoint    ] Leaving safepoint region
[2019-06-24T14:07:08.845+0000][1][safepoint    ] Total time for which application threads were stopped: 0.0003152 seconds, Stopping threads took: 0.0001807 seconds
[2019-06-24T14:07:08.847+0000][1][safepoint    ] Application time: 0.0014875 seconds
[2019-06-24T14:07:08.847+0000][1][safepoint    ] Entering safepoint region: BulkRevokeBias
[2019-06-24T14:07:08.848+0000][1][safepoint    ] Leaving safepoint region
[2019-06-24T14:07:08.848+0000][1][safepoint    ] Total time for which application threads were stopped: 0.0005442 seconds, Stopping threads took: 0.0000933 seconds
[2019-06-24T14:07:08.849+0000][1][safepoint    ] Application time: 0.0013319 seconds
[2019-06-24T14:07:08.853+0000][1][safepoint    ] Entering safepoint region: RevokeBias
[2019-06-24T14:07:08.853+0000][1][safepoint    ] Leaving safepoint region
[2019-06-24T14:07:08.853+0000][1][safepoint    ] Total time for which application threads were stopped: 0.0043367 seconds, Stopping threads took: 0.0042072 seconds
[2019-06-24T14:07:08.854+0000][1][safepoint    ] Application time: 0.0003943 seconds
[2019-06-24T14:07:08.854+0000][1][safepoint    ] Entering safepoint region: RevokeBias
[2019-06-24T14:07:08.854+0000][1][safepoint    ] Leaving safepoint region
[2019-06-24T14:07:08.854+0000][1][safepoint    ] Total time for which application threads were stopped: 0.0000992 seconds, Stopping threads took: 0.0000195 seconds
[2019-06-24T14:07:08.893+0000][1][safepoint    ] Application time: 0.0393629 seconds
[2019-06-24T14:07:08.893+0000][1][safepoint    ] Entering safepoint region: RevokeBias
[2019-06-24T14:07:08.894+0000][1][safepoint    ] Leaving safepoint region
[2019-06-24T14:07:08.894+0000][1][safepoint    ] Total time for which application threads were stopped: 0.0002220 seconds, Stopping threads took: 0.0000431 seconds
[2019-06-24T14:07:08.897+0000][1][safepoint    ] Application time: 0.0032251 seconds
[2019-06-24T14:07:08.898+0000][1][safepoint    ] Entering safepoint region: RevokeBias
[2019-06-24T14:07:08.898+0000][1][safepoint    ] Leaving safepoint region
[2019-06-24T14:07:08.898+0000][1][safepoint    ] Total time for which application threads were stopped: 0.0011329 seconds, Stopping threads took: 0.0007589 seconds
[2019-06-24T14:07:08.899+0000][1][safepoint    ] Application time: 0.0004018 seconds
[2019-06-24T14:07:08.903+0000][1][safepoint    ] Entering safepoint region: RevokeBias
[2019-06-24T14:07:08.903+0000][1][safepoint    ] Leaving safepoint region
[2019-06-24T14:07:08.903+0000][1][safepoint    ] Total time for which application threads were stopped: 0.0045545 seconds, Stopping threads took: 0.0043605 seconds
[2019-06-24T14:07:08.904+0000][1][safepoint    ] Application time: 0.0007847 seconds
[2019-06-24T14:07:08.904+0000][1][safepoint    ] Entering safepoint region: RevokeBias
[2019-06-24T14:07:08.905+0000][1][safepoint    ] Leaving safepoint region
[2019-06-24T14:07:08.905+0000][1][safepoint    ] Total time for which application threads were stopped: 0.0007363 seconds, Stopping threads took: 0.0005484 seconds
[2019-06-24T14:07:08.906+0000][1][safepoint    ] Application time: 0.0016956 seconds
[2019-06-24T14:07:08.906+0000][1][safepoint    ] Entering safepoint region: RevokeBias
[2019-06-24T14:07:08.907+0000][1][safepoint    ] Leaving safepoint region
[2019-06-24T14:07:08.907+0000][1][safepoint    ] Total time for which application threads were stopped: 0.0001584 seconds, Stopping threads took: 0.0000352 seconds
[2019-06-24T14:07:08.908+0000][1][safepoint    ] Application time: 0.0012879 seconds
[2019-06-24T14:07:08.908+0000][1][safepoint    ] Entering safepoint region: RevokeBias
[2019-06-24T14:07:08.908+0000][1][safepoint    ] Leaving safepoint region
[2019-06-24T14:07:08.908+0000][1][safepoint    ] Total time for which application threads were stopped: 0.0001882 seconds, Stopping threads took: 0.0000371 seconds
[2019-06-24T14:07:08.908+0000][1][safepoint    ] Application time: 0.0001090 seconds
[2019-06-24T14:07:08.908+0000][1][safepoint    ] Entering safepoint region: RevokeBias
[2019-06-24T14:07:08.908+0000][1][safepoint    ] Leaving safepoint region
[2019-06-24T14:07:08.908+0000][1][safepoint    ] Total time for which application threads were stopped: 0.0001724 seconds, Stopping threads took: 0.0000172 seconds
[2019-06-24T14:07:08.909+0000][1][safepoint    ] Application time: 0.0000704 seconds
[2019-06-24T14:07:08.909+0000][1][safepoint    ] Entering safepoint region: RevokeBias
[2019-06-24T14:07:08.909+0000][1][safepoint    ] Leaving safepoint region
[2019-06-24T14:07:08.909+0000][1][safepoint    ] Total time for which application threads were stopped: 0.0001070 seconds, Stopping threads took: 0.0000233 seconds
[2019-06-24T14:07:08.917+0000][1][safepoint    ] Application time: 0.0086855 seconds
[2019-06-24T14:07:08.921+0000][1][safepoint    ] Entering safepoint region: RevokeBias
[2019-06-24T14:07:08.921+0000][1][safepoint    ] Leaving safepoint region
[2019-06-24T14:07:08.921+0000][1][safepoint    ] Total time for which application threads were stopped: 0.0038484 seconds, Stopping threads took: 0.0037322 seconds
[2019-06-24T14:07:08.928+0000][1][safepoint    ] Application time: 0.0063834 seconds
[2019-06-24T14:07:08.928+0000][1][safepoint    ] Entering safepoint region: RevokeBias
[2019-06-24T14:07:08.928+0000][1][safepoint    ] Leaving safepoint region
[2019-06-24T14:07:08.928+0000][1][safepoint    ] Total time for which application threads were stopped: 0.0001565 seconds, Stopping threads took: 0.0000469 seconds
[2019-06-24T14:07:08.929+0000][1][safepoint    ] Application time: 0.0012931 seconds
[2019-06-24T14:07:08.933+0000][1][safepoint    ] Entering safepoint region: RevokeBias
[2019-06-24T14:07:08.933+0000][1][safepoint    ] Leaving safepoint region
[2019-06-24T14:07:08.933+0000][1][safepoint    ] Total time for which application threads were stopped: 0.0039621 seconds, Stopping threads took: 0.0038496 seconds
[2019-06-24T14:07:08.933+0000][1][safepoint    ] Application time: 0.0000982 seconds
[2019-06-24T14:07:08.933+0000][1][safepoint    ] Entering safepoint region: RevokeBias
[2019-06-24T14:07:08.934+0000][1][safepoint    ] Leaving safepoint region
[2019-06-24T14:07:08.934+0000][1][safepoint    ] Total time for which application threads were stopped: 0.0000811 seconds, Stopping threads took: 0.0000174 seconds
[2019-06-24T14:07:08.934+0000][1][safepoint    ] Application time: 0.0000551 seconds
[2019-06-24T14:07:08.934+0000][1][safepoint    ] Entering safepoint region: RevokeBias
[2019-06-24T14:07:08.934+0000][1][safepoint    ] Leaving safepoint region
[2019-06-24T14:07:08.934+0000][1][safepoint    ] Total time for which application threads were stopped: 0.0000709 seconds, Stopping threads took: 0.0000151 seconds
[2019-06-24T14:07:08.947+0000][1][safepoint    ] Application time: 0.0136561 seconds
[2019-06-24T14:07:08.947+0000][1][safepoint    ] Entering safepoint region: RevokeBias
[2019-06-24T14:07:08.948+0000][1][safepoint    ] Leaving safepoint region
[2019-06-24T14:07:08.948+0000][1][safepoint    ] Total time for which application threads were stopped: 0.0001196 seconds, Stopping threads took: 0.0000276 seconds
[2019-06-24T14:07:08.950+0000][1][safepoint    ] Application time: 0.0027784 seconds
[2019-06-24T14:07:08.950+0000][1][safepoint    ] Entering safepoint region: RevokeBias
[2019-06-24T14:07:08.950+0000][1][safepoint    ] Leaving safepoint region
[2019-06-24T14:07:08.951+0000][1][safepoint    ] Total time for which application threads were stopped: 0.0001321 seconds, Stopping threads took: 0.0000287 seconds
[2019-06-24T14:07:08.979+0000][1][safepoint    ] Application time: 0.0287897 seconds
[2019-06-24T14:07:08.979+0000][1][safepoint    ] Entering safepoint region: RevokeBias
[2019-06-24T14:07:08.980+0000][1][safepoint    ] Leaving safepoint region
[2019-06-24T14:07:08.980+0000][1][safepoint    ] Total time for which application threads were stopped: 0.0001823 seconds, Stopping threads took: 0.0000785 seconds
[2019-06-24T14:07:09.003+0000][1][safepoint    ] Application time: 0.0235573 seconds
[2019-06-24T14:07:09.003+0000][1][safepoint    ] Entering safepoint region: RevokeBias
[2019-06-24T14:07:09.003+0000][1][safepoint    ] Leaving safepoint region
[2019-06-24T14:07:09.003+0000][1][safepoint    ] Total time for which application threads were stopped: 0.0002174 seconds, Stopping threads took: 0.0000747 seconds
[2019-06-24T14:07:09.004+0000][1][safepoint    ] Application time: 0.0001061 seconds
[2019-06-24T14:07:09.004+0000][1][safepoint    ] Entering safepoint region: RevokeBias
[2019-06-24T14:07:09.004+0000][1][safepoint    ] Leaving safepoint region
[2019-06-24T14:07:09.004+0000][1][safepoint    ] Total time for which application threads were stopped: 0.0001147 seconds, Stopping threads took: 0.0000192 seconds
[2019-06-24T14:07:09.004+0000][1][safepoint    ] Application time: 0.0000854 seconds
[2019-06-24T14:07:09.004+0000][1][safepoint    ] Entering safepoint region: RevokeBias
[2019-06-24T14:07:09.004+0000][1][safepoint    ] Leaving safepoint region
[2019-06-24T14:07:09.004+0000][1][safepoint    ] Total time for which application threads were stopped: 0.0000828 seconds, Stopping threads took: 0.0000164 seconds
[2019-06-24T14:07:09.004+0000][1][safepoint    ] Application time: 0.0000733 seconds
[2019-06-24T14:07:09.004+0000][1][safepoint    ] Entering safepoint region: RevokeBias
[2019-06-24T14:07:09.004+0000][1][safepoint    ] Leaving safepoint region
[2019-06-24T14:07:09.004+0000][1][safepoint    ] Total time for which application threads were stopped: 0.0000830 seconds, Stopping threads took: 0.0000172 seconds
[2019-06-24T14:07:09.004+0000][1][safepoint    ] Application time: 0.0000733 seconds
[2019-06-24T14:07:09.004+0000][1][safepoint    ] Entering safepoint region: RevokeBias
[2019-06-24T14:07:09.004+0000][1][safepoint    ] Leaving safepoint region
[2019-06-24T14:07:09.004+0000][1][safepoint    ] Total time for which application threads were stopped: 0.0000817 seconds, Stopping threads took: 0.0000173 seconds
[2019-06-24T14:07:09.010+0000][1][safepoint    ] Application time: 0.0052229 seconds
[2019-06-24T14:07:09.010+0000][1][safepoint    ] Entering safepoint region: RevokeBias
[2019-06-24T14:07:09.010+0000][1][safepoint    ] Leaving safepoint region
[2019-06-24T14:07:09.010+0000][1][safepoint    ] Total time for which application threads were stopped: 0.0001791 seconds, Stopping threads took: 0.0000363 seconds
[2019-06-24T14:07:09.012+0000][1][safepoint    ] Application time: 0.0017337 seconds
[2019-06-24T14:07:09.012+0000][1][safepoint    ] Entering safepoint region: RevokeBias
[2019-06-24T14:07:09.012+0000][1][safepoint    ] Leaving safepoint region
[2019-06-24T14:07:09.012+0000][1][safepoint    ] Total time for which application threads were stopped: 0.0001963 seconds, Stopping threads took: 0.0000413 seconds
[2019-06-24T14:07:09.012+0000][1][safepoint    ] Application time: 0.0001060 seconds
[2019-06-24T14:07:09.012+0000][1][safepoint    ] Entering safepoint region: RevokeBias
[2019-06-24T14:07:09.012+0000][1][safepoint    ] Leaving safepoint region
[2019-06-24T14:07:09.012+0000][1][safepoint    ] Total time for which application threads were stopped: 0.0000907 seconds, Stopping threads took: 0.0000166 seconds
[2019-06-24T14:07:09.055+0000][1][safepoint    ] Application time: 0.0429919 seconds
[2019-06-24T14:07:09.055+0000][1][safepoint    ] Entering safepoint region: RevokeBias
[2019-06-24T14:07:09.055+0000][1][safepoint    ] Leaving safepoint region
[2019-06-24T14:07:09.055+0000][1][safepoint    ] Total time for which application threads were stopped: 0.0001883 seconds, Stopping threads took: 0.0000763 seconds
[2019-06-24T14:07:09.383+0000][1][safepoint    ] Application time: 0.3271363 seconds
[2019-06-24T14:07:09.383+0000][1][safepoint    ] Entering safepoint region: RevokeBias
[2019-06-24T14:07:09.383+0000][1][safepoint    ] Leaving safepoint region
[2019-06-24T14:07:09.383+0000][1][safepoint    ] Total time for which application threads were stopped: 0.0002307 seconds, Stopping threads took: 0.0000757 seconds
[2019-06-24T14:07:09.383+0000][1][safepoint    ] Application time: 0.0000754 seconds
[2019-06-24T14:07:09.383+0000][1][safepoint    ] Entering safepoint region: RevokeBias
[2019-06-24T14:07:09.383+0000][1][safepoint    ] Leaving safepoint region
[2019-06-24T14:07:09.383+0000][1][safepoint    ] Total time for which application threads were stopped: 0.0001229 seconds, Stopping threads took: 0.0000462 seconds
[2019-06-24T14:07:09.383+0000][1][safepoint    ] Application time: 0.0000810 seconds
[2019-06-24T14:07:09.383+0000][1][safepoint    ] Entering safepoint region: RevokeBias
[2019-06-24T14:07:09.383+0000][1][safepoint    ] Leaving safepoint region
[2019-06-24T14:07:09.383+0000][1][safepoint    ] Total time for which application threads were stopped: 0.0001118 seconds, Stopping threads took: 0.0000436 seconds
[2019-06-24T14:07:09.387+0000][1][safepoint    ] Application time: 0.0035190 seconds
[2019-06-24T14:07:09.387+0000][1][safepoint    ] Entering safepoint region: RevokeBias
[2019-06-24T14:07:09.387+0000][1][safepoint    ] Leaving safepoint region
[2019-06-24T14:07:09.387+0000][1][safepoint    ] Total time for which application threads were stopped: 0.0001493 seconds, Stopping threads took: 0.0000548 seconds
[2019-06-24T14:07:09.387+0000][1][safepoint    ] Application time: 0.0001816 seconds
[2019-06-24T14:07:09.387+0000][1][safepoint    ] Entering safepoint region: RevokeBias
[2019-06-24T14:07:09.387+0000][1][safepoint    ] Leaving safepoint region
[2019-06-24T14:07:09.387+0000][1][safepoint    ] Total time for which application threads were stopped: 0.0001094 seconds, Stopping threads took: 0.0000433 seconds
[2019-06-24T14:07:09.387+0000][1][safepoint    ] Application time: 0.0000644 seconds
[2019-06-24T14:07:09.387+0000][1][safepoint    ] Entering safepoint region: RevokeBias
[2019-06-24T14:07:09.387+0000][1][safepoint    ] Leaving safepoint region
[2019-06-24T14:07:09.388+0000][1][safepoint    ] Total time for which application threads were stopped: 0.0000944 seconds, Stopping threads took: 0.0000398 seconds
[2019-06-24T14:07:09.453+0000][1][safepoint    ] Application time: 0.0657065 seconds
[2019-06-24T14:07:09.461+0000][1][safepoint    ] Entering safepoint region: RevokeBias
[2019-06-24T14:07:09.461+0000][1][safepoint    ] Leaving safepoint region
[2019-06-24T14:07:09.462+0000][1][safepoint    ] Total time for which application threads were stopped: 0.0082008 seconds, Stopping threads took: 0.0079925 seconds
[2019-06-24T14:07:09.509+0000][1][safepoint    ] Application time: 0.0473084 seconds
[2019-06-24T14:07:09.517+0000][1][safepoint    ] Entering safepoint region: RevokeBias
[2019-06-24T14:07:09.517+0000][1][safepoint    ] Leaving safepoint region
[2019-06-24T14:07:09.518+0000][1][safepoint    ] Total time for which application threads were stopped: 0.0085894 seconds, Stopping threads took: 0.0084272 seconds
[2019-06-24T14:07:09.541+0000][1][safepoint    ] Application time: 0.0232090 seconds
[2019-06-24T14:07:09.558+0000][1][safepoint    ] Entering safepoint region: RevokeBias
[2019-06-24T14:07:09.558+0000][1][safepoint    ] Leaving safepoint region
[2019-06-24T14:07:09.558+0000][1][safepoint    ] Total time for which application threads were stopped: 0.0171507 seconds, Stopping threads took: 0.0168033 seconds
[2019-06-24T14:07:09.559+0000][1][safepoint    ] Application time: 0.0010286 seconds
[2019-06-24T14:07:09.559+0000][1][safepoint    ] Entering safepoint region: RevokeBias
[2019-06-24T14:07:09.560+0000][1][safepoint    ] Leaving safepoint region
[2019-06-24T14:07:09.560+0000][1][safepoint    ] Total time for which application threads were stopped: 0.0004184 seconds, Stopping threads took: 0.0000792 seconds
[2019-06-24T14:07:09.561+0000][1][safepoint    ] Application time: 0.0009366 seconds
[2019-06-24T14:07:09.561+0000][1][safepoint    ] Entering safepoint region: RevokeBias
[2019-06-24T14:07:09.561+0000][1][safepoint    ] Leaving safepoint region
[2019-06-24T14:07:09.561+0000][1][safepoint    ] Total time for which application threads were stopped: 0.0001876 seconds, Stopping threads took: 0.0000398 seconds
[2019-06-24T14:07:09.561+0000][1][safepoint    ] Application time: 0.0001244 seconds
[2019-06-24T14:07:09.561+0000][1][safepoint    ] Entering safepoint region: RevokeBias
[2019-06-24T14:07:09.561+0000][1][safepoint    ] Leaving safepoint region
[2019-06-24T14:07:09.561+0000][1][safepoint    ] Total time for which application threads were stopped: 0.0001787 seconds, Stopping threads took: 0.0000210 seconds
[2019-06-24T14:07:09.561+0000][1][safepoint    ] Application time: 0.0001660 seconds
[2019-06-24T14:07:09.561+0000][1][safepoint    ] Entering safepoint region: RevokeBias
[2019-06-24T14:07:09.562+0000][1][safepoint    ] Leaving safepoint region
[2019-06-24T14:07:09.562+0000][1][safepoint    ] Total time for which application threads were stopped: 0.0001273 seconds, Stopping threads took: 0.0000205 seconds
[2019-06-24T14:07:09.562+0000][1][safepoint    ] Application time: 0.0003837 seconds
[2019-06-24T14:07:09.562+0000][1][safepoint    ] Entering safepoint region: RevokeBias
[2019-06-24T14:07:09.562+0000][1][safepoint    ] Leaving safepoint region
[2019-06-24T14:07:09.562+0000][1][safepoint    ] Total time for which application threads were stopped: 0.0001453 seconds, Stopping threads took: 0.0000215 seconds
[2019-06-24T14:07:09.615+0000][1][safepoint    ] Application time: 0.0533436 seconds
[2019-06-24T14:07:09.637+0000][1][safepoint    ] Entering safepoint region: RevokeBias
[2019-06-24T14:07:09.637+0000][1][safepoint    ] Leaving safepoint region
[2019-06-24T14:07:09.637+0000][1][safepoint    ] Total time for which application threads were stopped: 0.0217239 seconds, Stopping threads took: 0.0216018 seconds
[2019-06-24T14:07:09.638+0000][1][safepoint    ] Application time: 0.0005648 seconds
[2019-06-24T14:07:09.638+0000][1][safepoint    ] Entering safepoint region: RevokeBias
[2019-06-24T14:07:09.638+0000][1][safepoint    ] Leaving safepoint region
[2019-06-24T14:07:09.638+0000][1][safepoint    ] Total time for which application threads were stopped: 0.0001945 seconds, Stopping threads took: 0.0000331 seconds
[2019-06-24T14:07:09.639+0000][1][safepoint    ] Application time: 0.0005940 seconds
[2019-06-24T14:07:09.639+0000][1][safepoint    ] Entering safepoint region: RevokeBias
[2019-06-24T14:07:09.639+0000][1][safepoint    ] Leaving safepoint region
[2019-06-24T14:07:09.639+0000][1][safepoint    ] Total time for which application threads were stopped: 0.0001627 seconds, Stopping threads took: 0.0000287 seconds
[2019-06-24T14:07:10.646+0000][1][safepoint    ] Application time: 1.0074223 seconds
[2019-06-24T14:07:10.647+0000][1][safepoint    ] Entering safepoint region: Cleanup
[2019-06-24T14:07:10.647+0000][1][safepoint    ] Leaving safepoint region
[2019-06-24T14:07:10.647+0000][1][safepoint    ] Total time for which application threads were stopped: 0.0002980 seconds, Stopping threads took: 0.0000761 seconds
[2019-06-24T14:07:11.618+0000][1][safepoint    ] Application time: 0.9710868 seconds
[2019-06-24T14:07:11.618+0000][1][safepoint    ] Entering safepoint region: RevokeBias
[2019-06-24T14:07:11.618+0000][1][safepoint    ] Leaving safepoint region
[2019-06-24T14:07:11.618+0000][1][safepoint    ] Total time for which application threads were stopped: 0.0002221 seconds, Stopping threads took: 0.0000563 seconds
[2019-06-24T14:07:11.618+0000][1][safepoint    ] Application time: 0.0001183 seconds
[2019-06-24T14:07:11.618+0000][1][safepoint    ] Entering safepoint region: RevokeBias
[2019-06-24T14:07:11.619+0000][1][safepoint    ] Leaving safepoint region
[2019-06-24T14:07:11.619+0000][1][safepoint    ] Total time for which application threads were stopped: 0.0001117 seconds, Stopping threads took: 0.0000215 seconds
[2019-06-24T14:07:12.619+0000][1][safepoint    ] Application time: 1.0001116 seconds
[2019-06-24T14:07:12.619+0000][1][safepoint    ] Entering safepoint region: Cleanup
[2019-06-24T14:07:12.619+0000][1][safepoint    ] Leaving safepoint region
[2019-06-24T14:07:12.619+0000][1][safepoint    ] Total time for which application threads were stopped: 0.0001191 seconds, Stopping threads took: 0.0000392 seconds
[2019-06-24T14:07:13.619+0000][1][safepoint    ] Application time: 1.0000980 seconds
[2019-06-24T14:07:13.619+0000][1][safepoint    ] Entering safepoint region: Cleanup
[2019-06-24T14:07:13.619+0000][1][safepoint    ] Leaving safepoint region
[2019-06-24T14:07:13.619+0000][1][safepoint    ] Total time for which application threads were stopped: 0.0001709 seconds, Stopping threads took: 0.0000425 seconds
[2019-06-24T14:07:14.619+0000][1][safepoint    ] Application time: 1.0000909 seconds
[2019-06-24T14:07:14.619+0000][1][safepoint    ] Entering safepoint region: Cleanup
[2019-06-24T14:07:14.619+0000][1][safepoint    ] Leaving safepoint region
[2019-06-24T14:07:14.620+0000][1][safepoint    ] Total time for which application threads were stopped: 0.0000993 seconds, Stopping threads took: 0.0000338 seconds
[2019-06-24T14:07:15.620+0000][1][safepoint    ] Application time: 1.0000911 seconds
[2019-06-24T14:07:15.620+0000][1][safepoint    ] Entering safepoint region: Cleanup
[2019-06-24T14:07:15.620+0000][1][safepoint    ] Leaving safepoint region
[2019-06-24T14:07:15.620+0000][1][safepoint    ] Total time for which application threads were stopped: 0.0001206 seconds, Stopping threads took: 0.0000551 seconds
[2019-06-24T14:07:16.620+0000][1][safepoint    ] Application time: 1.0000898 seconds
[2019-06-24T14:07:16.620+0000][1][safepoint    ] Entering safepoint region: Cleanup
[2019-06-24T14:07:16.620+0000][1][safepoint    ] Leaving safepoint region
[2019-06-24T14:07:16.620+0000][1][safepoint    ] Total time for which application threads were stopped: 0.0000838 seconds, Stopping threads took: 0.0000349 seconds
[2019-06-24T14:07:17.620+0000][1][safepoint    ] Application time: 1.0000918 seconds
[2019-06-24T14:07:17.620+0000][1][safepoint    ] Entering safepoint region: Cleanup
[2019-06-24T14:07:17.620+0000][1][safepoint    ] Leaving safepoint region
[2019-06-24T14:07:17.620+0000][1][safepoint    ] Total time for which application threads were stopped: 0.0001285 seconds, Stopping threads took: 0.0000553 seconds
[2019-06-24T14:07:18.620+0000][1][safepoint    ] Application time: 1.0000980 seconds
[2019-06-24T14:07:18.621+0000][1][safepoint    ] Entering safepoint region: Cleanup
[2019-06-24T14:07:18.621+0000][1][safepoint    ] Leaving safepoint region
[2019-06-24T14:07:18.621+0000][1][safepoint    ] Total time for which application threads were stopped: 0.0001277 seconds, Stopping threads took: 0.0000344 seconds
[2019-06-24T14:07:19.621+0000][1][safepoint    ] Application time: 1.0001637 seconds
[2019-06-24T14:07:19.621+0000][1][safepoint    ] Entering safepoint region: Cleanup
[2019-06-24T14:07:19.621+0000][1][safepoint    ] Leaving safepoint region
[2019-06-24T14:07:19.621+0000][1][safepoint    ] Total time for which application threads were stopped: 0.0004658 seconds, Stopping threads took: 0.0001617 seconds
[2019-06-24T14:07:20.622+0000][1][safepoint    ] Application time: 1.0001083 seconds
[2019-06-24T14:07:20.622+0000][1][safepoint    ] Entering safepoint region: Cleanup
[2019-06-24T14:07:20.622+0000][1][safepoint    ] Leaving safepoint region
[2019-06-24T14:07:20.622+0000][1][safepoint    ] Total time for which application threads were stopped: 0.0001000 seconds, Stopping threads took: 0.0000325 seconds
[2019-06-24T14:07:21.622+0000][1][safepoint    ] Application time: 1.0000909 seconds
[2019-06-24T14:07:21.622+0000][1][safepoint    ] Entering safepoint region: Cleanup
[2019-06-24T14:07:21.622+0000][1][safepoint    ] Leaving safepoint region
[2019-06-24T14:07:21.622+0000][1][safepoint    ] Total time for which application threads were stopped: 0.0001133 seconds, Stopping threads took: 0.0000355 seconds
[2019-06-24T14:07:22.622+0000][1][safepoint    ] Application time: 1.0000963 seconds
[2019-06-24T14:07:22.622+0000][1][safepoint    ] Entering safepoint region: Cleanup
[2019-06-24T14:07:22.622+0000][1][safepoint    ] Leaving safepoint region
[2019-06-24T14:07:22.622+0000][1][safepoint    ] Total time for which application threads were stopped: 0.0001051 seconds, Stopping threads took: 0.0000349 seconds
[2019-06-24T14:07:23.622+0000][1][safepoint    ] Application time: 1.0000910 seconds
[2019-06-24T14:07:23.623+0000][1][safepoint    ] Entering safepoint region: Cleanup
[2019-06-24T14:07:23.623+0000][1][safepoint    ] Leaving safepoint region
[2019-06-24T14:07:23.623+0000][1][safepoint    ] Total time for which application threads were stopped: 0.0001014 seconds, Stopping threads took: 0.0000313 seconds
[2019-06-24T14:07:24.623+0000][1][safepoint    ] Application time: 1.0000923 seconds
[2019-06-24T14:07:24.623+0000][1][safepoint    ] Entering safepoint region: Cleanup
[2019-06-24T14:07:24.623+0000][1][safepoint    ] Leaving safepoint region
[2019-06-24T14:07:24.623+0000][1][safepoint    ] Total time for which application threads were stopped: 0.0001068 seconds, Stopping threads took: 0.0000399 seconds
[2019-06-24T14:07:25.623+0000][1][safepoint    ] Application time: 1.0000973 seconds
[2019-06-24T14:07:25.623+0000][1][safepoint    ] Entering safepoint region: Cleanup
[2019-06-24T14:07:25.623+0000][1][safepoint    ] Leaving safepoint region
[2019-06-24T14:07:25.623+0000][1][safepoint    ] Total time for which application threads were stopped: 0.0000944 seconds, Stopping threads took: 0.0000315 seconds
[2019-06-24T14:07:26.623+0000][1][safepoint    ] Application time: 1.0001072 seconds
[2019-06-24T14:07:26.623+0000][1][safepoint    ] Entering safepoint region: Cleanup
[2019-06-24T14:07:26.623+0000][1][safepoint    ] Leaving safepoint region
[2019-06-24T14:07:26.623+0000][1][safepoint    ] Total time for which application threads were stopped: 0.0001095 seconds, Stopping threads took: 0.0000315 seconds
[2019-06-24T14:07:27.624+0000][1][safepoint    ] Application time: 1.0000961 seconds
[2019-06-24T14:07:27.624+0000][1][safepoint    ] Entering safepoint region: Cleanup
[2019-06-24T14:07:27.624+0000][1][safepoint    ] Leaving safepoint region
[2019-06-24T14:07:27.624+0000][1][safepoint    ] Total time for which application threads were stopped: 0.0001012 seconds, Stopping threads took: 0.0000351 seconds
[2019-06-24T14:07:28.624+0000][1][safepoint    ] Application time: 1.0001329 seconds
[2019-06-24T14:07:28.624+0000][1][safepoint    ] Entering safepoint region: Cleanup
[2019-06-24T14:07:28.624+0000][1][safepoint    ] Leaving safepoint region
[2019-06-24T14:07:28.624+0000][1][safepoint    ] Total time for which application threads were stopped: 0.0001330 seconds, Stopping threads took: 0.0000437 seconds
[2019-06-24T14:07:29.624+0000][1][safepoint    ] Application time: 1.0000947 seconds
[2019-06-24T14:07:29.624+0000][1][safepoint    ] Entering safepoint region: Cleanup
[2019-06-24T14:07:29.624+0000][1][safepoint    ] Leaving safepoint region
[2019-06-24T14:07:29.624+0000][1][safepoint    ] Total time for which application threads were stopped: 0.0001057 seconds, Stopping threads took: 0.0000372 seconds
[2019-06-24T14:07:30.624+0000][1][safepoint    ] Application time: 1.0000937 seconds
[2019-06-24T14:07:30.625+0000][1][safepoint    ] Entering safepoint region: Cleanup
[2019-06-24T14:07:30.625+0000][1][safepoint    ] Leaving safepoint region
[2019-06-24T14:07:30.625+0000][1][safepoint    ] Total time for which application threads were stopped: 0.0000968 seconds, Stopping threads took: 0.0000322 seconds
[2019-06-24T14:07:31.625+0000][1][safepoint    ] Application time: 1.0001268 seconds
[2019-06-24T14:07:31.625+0000][1][safepoint    ] Entering safepoint region: Cleanup
[2019-06-24T14:07:31.625+0000][1][safepoint    ] Leaving safepoint region
[2019-06-24T14:07:31.625+0000][1][safepoint    ] Total time for which application threads were stopped: 0.0001857 seconds, Stopping threads took: 0.0000477 seconds
[2019-06-24T14:07:32.625+0000][1][safepoint    ] Application time: 1.0001182 seconds
[2019-06-24T14:07:32.625+0000][1][safepoint    ] Entering safepoint region: Cleanup
[2019-06-24T14:07:32.625+0000][1][safepoint    ] Leaving safepoint region
[2019-06-24T14:07:32.625+0000][1][safepoint    ] Total time for which application threads were stopped: 0.0001548 seconds, Stopping threads took: 0.0000735 seconds
[2019-06-24T14:07:33.626+0000][1][safepoint    ] Application time: 1.0001064 seconds
[2019-06-24T14:07:33.626+0000][1][safepoint    ] Entering safepoint region: Cleanup
[2019-06-24T14:07:33.626+0000][1][safepoint    ] Leaving safepoint region
[2019-06-24T14:07:33.626+0000][1][safepoint    ] Total time for which application threads were stopped: 0.0001152 seconds, Stopping threads took: 0.0000373 seconds
[2019-06-24T14:07:34.626+0000][1][safepoint    ] Application time: 1.0001175 seconds
[2019-06-24T14:07:34.626+0000][1][safepoint    ] Entering safepoint region: Cleanup
[2019-06-24T14:07:34.626+0000][1][safepoint    ] Leaving safepoint region
[2019-06-24T14:07:34.626+0000][1][safepoint    ] Total time for which application threads were stopped: 0.0001223 seconds, Stopping threads took: 0.0000527 seconds
[2019-06-24T14:07:35.626+0000][1][safepoint    ] Application time: 1.0001125 seconds
[2019-06-24T14:07:35.626+0000][1][safepoint    ] Entering safepoint region: Cleanup
[2019-06-24T14:07:35.626+0000][1][safepoint    ] Leaving safepoint region
[2019-06-24T14:07:35.626+0000][1][safepoint    ] Total time for which application threads were stopped: 0.0001095 seconds, Stopping threads took: 0.0000416 seconds
[2019-06-24T14:07:36.626+0000][1][safepoint    ] Application time: 1.0001227 seconds
[2019-06-24T14:07:36.627+0000][1][safepoint    ] Entering safepoint region: Cleanup
[2019-06-24T14:07:36.627+0000][1][safepoint    ] Leaving safepoint region
[2019-06-24T14:07:36.627+0000][1][safepoint    ] Total time for which application threads were stopped: 0.0001106 seconds, Stopping threads took: 0.0000351 seconds
[2019-06-24T14:07:37.370+0000][1][safepoint    ] Application time: 0.7430099 seconds
[2019-06-24T14:07:37.370+0000][1][safepoint    ] Entering safepoint region: RevokeBias
[2019-06-24T14:07:37.370+0000][1][safepoint    ] Leaving safepoint region
[2019-06-24T14:07:37.370+0000][1][safepoint    ] Total time for which application threads were stopped: 0.0000896 seconds, Stopping threads took: 0.0000277 seconds
[2019-06-24T14:07:38.370+0000][1][safepoint    ] Application time: 1.0001171 seconds
[2019-06-24T14:07:38.370+0000][1][safepoint    ] Entering safepoint region: Cleanup
[2019-06-24T14:07:38.370+0000][1][safepoint    ] Leaving safepoint region
[2019-06-24T14:07:38.370+0000][1][safepoint    ] Total time for which application threads were stopped: 0.0001007 seconds, Stopping threads took: 0.0000329 seconds
[2019-06-24T14:07:39.370+0000][1][safepoint    ] Application time: 1.0001068 seconds
[2019-06-24T14:07:39.370+0000][1][safepoint    ] Entering safepoint region: Cleanup
[2019-06-24T14:07:39.370+0000][1][safepoint    ] Leaving safepoint region
[2019-06-24T14:07:39.370+0000][1][safepoint    ] Total time for which application threads were stopped: 0.0001106 seconds, Stopping threads took: 0.0000496 seconds
[2019-06-24T14:07:40.371+0000][1][safepoint    ] Application time: 1.0001125 seconds
[2019-06-24T14:07:40.371+0000][1][safepoint    ] Entering safepoint region: Cleanup
[2019-06-24T14:07:40.371+0000][1][safepoint    ] Leaving safepoint region
[2019-06-24T14:07:40.371+0000][1][safepoint    ] Total time for which application threads were stopped: 0.0001012 seconds, Stopping threads took: 0.0000309 seconds
[2019-06-24T14:07:41.371+0000][1][safepoint    ] Application time: 1.0001165 seconds
[2019-06-24T14:07:41.371+0000][1][safepoint    ] Entering safepoint region: Cleanup
[2019-06-24T14:07:41.371+0000][1][safepoint    ] Leaving safepoint region
[2019-06-24T14:07:41.371+0000][1][safepoint    ] Total time for which application threads were stopped: 0.0001208 seconds, Stopping threads took: 0.0000447 seconds
[2019-06-24T14:07:42.371+0000][1][safepoint    ] Application time: 1.0001160 seconds
[2019-06-24T14:07:42.371+0000][1][safepoint    ] Entering safepoint region: Cleanup
[2019-06-24T14:07:42.371+0000][1][safepoint    ] Leaving safepoint region
[2019-06-24T14:07:42.371+0000][1][safepoint    ] Total time for which application threads were stopped: 0.0001073 seconds, Stopping threads took: 0.0000346 seconds
[2019-06-24T14:07:43.371+0000][1][safepoint    ] Application time: 1.0001081 seconds
[2019-06-24T14:07:43.372+0000][1][safepoint    ] Entering safepoint region: Cleanup
[2019-06-24T14:07:43.372+0000][1][safepoint    ] Leaving safepoint region
[2019-06-24T14:07:43.372+0000][1][safepoint    ] Total time for which application threads were stopped: 0.0000903 seconds, Stopping threads took: 0.0000263 seconds
[2019-06-24T14:07:44.372+0000][1][safepoint    ] Application time: 1.0001003 seconds
[2019-06-24T14:07:44.372+0000][1][safepoint    ] Entering safepoint region: Cleanup
[2019-06-24T14:07:44.372+0000][1][safepoint    ] Leaving safepoint region
[2019-06-24T14:07:44.372+0000][1][safepoint    ] Total time for which application threads were stopped: 0.0001394 seconds, Stopping threads took: 0.0000611 seconds
[2019-06-24T14:07:45.372+0000][1][safepoint    ] Application time: 1.0000927 seconds
[2019-06-24T14:07:45.372+0000][1][safepoint    ] Entering safepoint region: Cleanup
[2019-06-24T14:07:45.372+0000][1][safepoint    ] Leaving safepoint region
[2019-06-24T14:07:45.372+0000][1][safepoint    ] Total time for which application threads were stopped: 0.0001265 seconds, Stopping threads took: 0.0000538 seconds
[2019-06-24T14:07:46.373+0000][1][safepoint    ] Application time: 1.0009543 seconds
[2019-06-24T14:07:46.373+0000][1][safepoint    ] Entering safepoint region: Cleanup
[2019-06-24T14:07:46.373+0000][1][safepoint    ] Leaving safepoint region
[2019-06-24T14:07:46.373+0000][1][safepoint    ] Total time for which application threads were stopped: 0.0001499 seconds, Stopping threads took: 0.0000540 seconds
[2019-06-24T14:07:47.374+0000][1][safepoint    ] Application time: 1.0000893 seconds
[2019-06-24T14:07:47.374+0000][1][safepoint    ] Entering safepoint region: Cleanup
[2019-06-24T14:07:47.374+0000][1][safepoint    ] Leaving safepoint region
[2019-06-24T14:07:47.374+0000][1][safepoint    ] Total time for which application threads were stopped: 0.0001090 seconds, Stopping threads took: 0.0000308 seconds
[2019-06-24T14:07:48.377+0000][1][safepoint    ] Application time: 1.0034526 seconds
[2019-06-24T14:07:48.377+0000][1][safepoint    ] Entering safepoint region: Cleanup
[2019-06-24T14:07:48.377+0000][1][safepoint    ] Leaving safepoint region
[2019-06-24T14:07:48.377+0000][1][safepoint    ] Total time for which application threads were stopped: 0.0001111 seconds, Stopping threads took: 0.0000388 seconds
[2019-06-24T14:07:49.377+0000][1][safepoint    ] Application time: 1.0000889 seconds
[2019-06-24T14:07:49.378+0000][1][safepoint    ] Entering safepoint region: Cleanup
[2019-06-24T14:07:49.378+0000][1][safepoint    ] Leaving safepoint region
[2019-06-24T14:07:49.378+0000][1][safepoint    ] Total time for which application threads were stopped: 0.0001192 seconds, Stopping threads took: 0.0000304 seconds
[2019-06-24T14:07:50.378+0000][1][safepoint    ] Application time: 1.0000909 seconds
[2019-06-24T14:07:50.380+0000][1][safepoint    ] Entering safepoint region: Cleanup
[2019-06-24T14:07:50.380+0000][1][safepoint    ] Leaving safepoint region
[2019-06-24T14:07:50.380+0000][1][safepoint    ] Total time for which application threads were stopped: 0.0002070 seconds, Stopping threads took: 0.0001074 seconds
[2019-06-24T14:07:51.847+0000][1][safepoint    ] Application time: 1.4667880 seconds
[2019-06-24T14:07:51.847+0000][1][safepoint    ] Entering safepoint region: Cleanup
[2019-06-24T14:07:51.847+0000][1][safepoint    ] Leaving safepoint region
[2019-06-24T14:07:51.847+0000][1][safepoint    ] Total time for which application threads were stopped: 0.0002176 seconds, Stopping threads took: 0.0000937 seconds
[2019-06-24T14:07:52.848+0000][1][safepoint    ] Application time: 1.0001123 seconds
[2019-06-24T14:07:52.848+0000][1][safepoint    ] Entering safepoint region: Cleanup
[2019-06-24T14:07:52.848+0000][1][safepoint    ] Leaving safepoint region
[2019-06-24T14:07:52.848+0000][1][safepoint    ] Total time for which application threads were stopped: 0.0001630 seconds, Stopping threads took: 0.0000844 seconds
[2019-06-24T14:07:53.848+0000][1][safepoint    ] Application time: 1.0001029 seconds
[2019-06-24T14:07:53.848+0000][1][safepoint    ] Entering safepoint region: Cleanup
[2019-06-24T14:07:53.848+0000][1][safepoint    ] Leaving safepoint region
[2019-06-24T14:07:53.848+0000][1][safepoint    ] Total time for which application threads were stopped: 0.0001244 seconds, Stopping threads took: 0.0000376 seconds
[2019-06-24T14:07:54.848+0000][1][safepoint    ] Application time: 1.0000969 seconds
[2019-06-24T14:07:54.848+0000][1][safepoint    ] Entering safepoint region: Cleanup
[2019-06-24T14:07:54.848+0000][1][safepoint    ] Leaving safepoint region
[2019-06-24T14:07:54.848+0000][1][safepoint    ] Total time for which application threads were stopped: 0.0001430 seconds, Stopping threads took: 0.0000591 seconds
[2019-06-24T14:07:55.849+0000][1][safepoint    ] Application time: 1.0001011 seconds
[2019-06-24T14:07:55.849+0000][1][safepoint    ] Entering safepoint region: Cleanup
[2019-06-24T14:07:55.849+0000][1][safepoint    ] Leaving safepoint region
[2019-06-24T14:07:55.849+0000][1][safepoint    ] Total time for which application threads were stopped: 0.0001174 seconds, Stopping threads took: 0.0000325 seconds
[2019-06-24T14:07:56.849+0000][1][safepoint    ] Application time: 1.0004449 seconds
[2019-06-24T14:07:56.849+0000][1][safepoint    ] Entering safepoint region: Cleanup
[2019-06-24T14:07:56.849+0000][1][safepoint    ] Leaving safepoint region
[2019-06-24T14:07:56.849+0000][1][safepoint    ] Total time for which application threads were stopped: 0.0001221 seconds, Stopping threads took: 0.0000329 seconds
[2019-06-24T14:07:57.853+0000][1][safepoint    ] Application time: 1.0038090 seconds
[2019-06-24T14:07:57.853+0000][1][safepoint    ] Entering safepoint region: Cleanup
[2019-06-24T14:07:57.853+0000][1][safepoint    ] Leaving safepoint region
[2019-06-24T14:07:57.853+0000][1][safepoint    ] Total time for which application threads were stopped: 0.0001308 seconds, Stopping threads took: 0.0000318 seconds
[2019-06-24T14:07:58.853+0000][1][safepoint    ] Application time: 1.0000908 seconds
[2019-06-24T14:07:58.854+0000][1][safepoint    ] Entering safepoint region: Cleanup
[2019-06-24T14:07:58.854+0000][1][safepoint    ] Leaving safepoint region
[2019-06-24T14:07:58.854+0000][1][safepoint    ] Total time for which application threads were stopped: 0.0001104 seconds, Stopping threads took: 0.0000316 seconds
[2019-06-24T14:07:59.854+0000][1][safepoint    ] Application time: 1.0000977 seconds
[2019-06-24T14:07:59.854+0000][1][safepoint    ] Entering safepoint region: Cleanup
[2019-06-24T14:07:59.854+0000][1][safepoint    ] Leaving safepoint region
[2019-06-24T14:07:59.854+0000][1][safepoint    ] Total time for which application threads were stopped: 0.0001384 seconds, Stopping threads took: 0.0000377 seconds
[2019-06-24T14:08:00.854+0000][1][safepoint    ] Application time: 1.0000970 seconds
[2019-06-24T14:08:00.854+0000][1][safepoint    ] Entering safepoint region: Cleanup
[2019-06-24T14:08:00.854+0000][1][safepoint    ] Leaving safepoint region
[2019-06-24T14:08:00.854+0000][1][safepoint    ] Total time for which application threads were stopped: 0.0001317 seconds, Stopping threads took: 0.0000506 seconds
[2019-06-24T14:08:01.854+0000][1][safepoint    ] Application time: 1.0001081 seconds
[2019-06-24T14:08:01.854+0000][1][safepoint    ] Entering safepoint region: Cleanup
[2019-06-24T14:08:01.855+0000][1][safepoint    ] Leaving safepoint region
[2019-06-24T14:08:01.855+0000][1][safepoint    ] Total time for which application threads were stopped: 0.0001535 seconds, Stopping threads took: 0.0000472 seconds
