[2019-06-24T08:45:55.472+0000][1][gc] Using Concurrent Mark Sweep
[2019-06-24T08:45:55.472+0000][1][gc,heap,coops] Heap address: 0x00000000f0000000, size: 256 MB, Compressed Oops mode: 32-bit
[2019-06-24T08:45:55.520+0000][1][safepoint    ] Entering safepoint region: EnableBiasedLocking
[2019-06-24T08:45:55.521+0000][1][safepoint    ] Leaving safepoint region
[2019-06-24T08:45:55.521+0000][1][safepoint    ] Total time for which application threads were stopped: 0.0002054 seconds, Stopping threads took: 0.0001297 seconds
[2019-06-24T08:45:55.523+0000][1][safepoint    ] Application time: 0.0023723 seconds
[2019-06-24T08:45:55.523+0000][1][safepoint    ] Entering safepoint region: RevokeBias
[2019-06-24T08:45:55.523+0000][1][safepoint    ] Leaving safepoint region
[2019-06-24T08:45:55.523+0000][1][safepoint    ] Total time for which application threads were stopped: 0.0001009 seconds, Stopping threads took: 0.0000420 seconds
[2019-06-24T08:45:55.531+0000][1][safepoint    ] Application time: 0.0072252 seconds
[2019-06-24T08:45:55.531+0000][1][safepoint    ] Entering safepoint region: Deoptimize
[2019-06-24T08:45:55.531+0000][1][safepoint    ] Leaving safepoint region
[2019-06-24T08:45:55.531+0000][1][safepoint    ] Total time for which application threads were stopped: 0.0000671 seconds, Stopping threads took: 0.0000139 seconds
[2019-06-24T08:45:55.636+0000][1][safepoint    ] Application time: 0.1051766 seconds
[2019-06-24T08:45:55.636+0000][1][safepoint    ] Entering safepoint region: RevokeBias
[2019-06-24T08:45:55.636+0000][1][safepoint    ] Leaving safepoint region
[2019-06-24T08:45:55.636+0000][1][safepoint    ] Total time for which application threads were stopped: 0.0000904 seconds, Stopping threads took: 0.0000335 seconds
[2019-06-24T08:45:55.638+0000][1][safepoint    ] Application time: 0.0017171 seconds
[2019-06-24T08:45:55.638+0000][1][safepoint    ] Entering safepoint region: Deoptimize
[2019-06-24T08:45:55.638+0000][1][safepoint    ] Leaving safepoint region
[2019-06-24T08:45:55.638+0000][1][safepoint    ] Total time for which application threads were stopped: 0.0000546 seconds, Stopping threads took: 0.0000077 seconds
[2019-06-24T08:45:55.667+0000][1][safepoint    ] Application time: 0.0294400 seconds
[2019-06-24T08:45:55.667+0000][1][safepoint    ] Entering safepoint region: Deoptimize
[2019-06-24T08:45:55.667+0000][1][safepoint    ] Leaving safepoint region
[2019-06-24T08:45:55.667+0000][1][safepoint    ] Total time for which application threads were stopped: 0.0000664 seconds, Stopping threads took: 0.0000090 seconds
[2019-06-24T08:45:55.922+0000][1][safepoint    ] Application time: 0.2544996 seconds
[2019-06-24T08:45:55.922+0000][1][safepoint    ] Entering safepoint region: Deoptimize
[2019-06-24T08:45:55.922+0000][1][safepoint    ] Leaving safepoint region
[2019-06-24T08:45:55.922+0000][1][safepoint    ] Total time for which application threads were stopped: 0.0001710 seconds, Stopping threads took: 0.0000150 seconds
[2019-06-24T08:45:55.935+0000][1][safepoint    ] Application time: 0.0132940 seconds
[2019-06-24T08:45:55.935+0000][1][safepoint    ] Entering safepoint region: Deoptimize
[2019-06-24T08:45:55.935+0000][1][safepoint    ] Leaving safepoint region
[2019-06-24T08:45:55.935+0000][1][safepoint    ] Total time for which application threads were stopped: 0.0000999 seconds, Stopping threads took: 0.0000088 seconds
[2019-06-24T08:45:55.973+0000][1][safepoint    ] Application time: 0.0379290 seconds
[2019-06-24T08:45:55.973+0000][1][safepoint    ] Entering safepoint region: Deoptimize
[2019-06-24T08:45:55.973+0000][1][safepoint    ] Leaving safepoint region
[2019-06-24T08:45:55.974+0000][1][safepoint    ] Total time for which application threads were stopped: 0.0001184 seconds, Stopping threads took: 0.0000087 seconds
[2019-06-24T08:45:55.983+0000][1][safepoint    ] Application time: 0.0097796 seconds
[2019-06-24T08:45:55.983+0000][1][safepoint    ] Entering safepoint region: Deoptimize
[2019-06-24T08:45:55.983+0000][1][safepoint    ] Leaving safepoint region
[2019-06-24T08:45:55.983+0000][1][safepoint    ] Total time for which application threads were stopped: 0.0000998 seconds, Stopping threads took: 0.0000088 seconds
[2019-06-24T08:45:56.330+0000][1][safepoint    ] Application time: 0.3462480 seconds
[2019-06-24T08:45:56.330+0000][1][safepoint    ] Entering safepoint region: Deoptimize
[2019-06-24T08:45:56.330+0000][1][safepoint    ] Leaving safepoint region
[2019-06-24T08:45:56.330+0000][1][safepoint    ] Total time for which application threads were stopped: 0.0003110 seconds, Stopping threads took: 0.0000143 seconds
[2019-06-24T08:45:56.572+0000][1][safepoint    ] Application time: 0.2420398 seconds
[2019-06-24T08:45:56.572+0000][1][safepoint    ] Entering safepoint region: RevokeBias
[2019-06-24T08:45:56.572+0000][1][safepoint    ] Leaving safepoint region
[2019-06-24T08:45:56.572+0000][1][safepoint    ] Total time for which application threads were stopped: 0.0001411 seconds, Stopping threads took: 0.0000548 seconds
[2019-06-24T08:45:56.659+0000][1][safepoint    ] Application time: 0.0868582 seconds
[2019-06-24T08:45:56.659+0000][1][safepoint    ] Entering safepoint region: Deoptimize
[2019-06-24T08:45:56.659+0000][1][safepoint    ] Leaving safepoint region
[2019-06-24T08:45:56.659+0000][1][safepoint    ] Total time for which application threads were stopped: 0.0002136 seconds, Stopping threads took: 0.0000101 seconds
[2019-06-24T08:45:56.769+0000][1][safepoint    ] Application time: 0.1094187 seconds
[2019-06-24T08:45:56.769+0000][1][safepoint    ] Entering safepoint region: Deoptimize
[2019-06-24T08:45:56.769+0000][1][safepoint    ] Leaving safepoint region
[2019-06-24T08:45:56.769+0000][1][safepoint    ] Total time for which application threads were stopped: 0.0001904 seconds, Stopping threads took: 0.0000088 seconds
[2019-06-24T08:45:56.769+0000][1][safepoint    ] Application time: 0.0001387 seconds
[2019-06-24T08:45:56.769+0000][1][safepoint    ] Entering safepoint region: Deoptimize
[2019-06-24T08:45:56.769+0000][1][safepoint    ] Leaving safepoint region
[2019-06-24T08:45:56.769+0000][1][safepoint    ] Total time for which application threads were stopped: 0.0001023 seconds, Stopping threads took: 0.0000075 seconds
[2019-06-24T08:45:56.792+0000][1][safepoint    ] Application time: 0.0222483 seconds
[2019-06-24T08:45:56.792+0000][1][safepoint    ] Entering safepoint region: Deoptimize
[2019-06-24T08:45:56.792+0000][1][safepoint    ] Leaving safepoint region
[2019-06-24T08:45:56.792+0000][1][safepoint    ] Total time for which application threads were stopped: 0.0001610 seconds, Stopping threads took: 0.0000100 seconds
[2019-06-24T08:45:56.797+0000][1][safepoint    ] Application time: 0.0050531 seconds
[2019-06-24T08:45:56.797+0000][1][safepoint    ] Entering safepoint region: RevokeBias
[2019-06-24T08:45:56.797+0000][1][safepoint    ] Leaving safepoint region
[2019-06-24T08:45:56.797+0000][1][safepoint    ] Total time for which application threads were stopped: 0.0000800 seconds, Stopping threads took: 0.0000228 seconds
[2019-06-24T08:45:56.797+0000][1][safepoint    ] Application time: 0.0002161 seconds
[2019-06-24T08:45:56.797+0000][1][safepoint    ] Entering safepoint region: RevokeBias
[2019-06-24T08:45:56.797+0000][1][safepoint    ] Leaving safepoint region
[2019-06-24T08:45:56.797+0000][1][safepoint    ] Total time for which application threads were stopped: 0.0000582 seconds, Stopping threads took: 0.0000206 seconds
[2019-06-24T08:45:56.797+0000][1][safepoint    ] Application time: 0.0001295 seconds
[2019-06-24T08:45:56.797+0000][1][safepoint    ] Entering safepoint region: RevokeBias
[2019-06-24T08:45:56.797+0000][1][safepoint    ] Leaving safepoint region
[2019-06-24T08:45:56.797+0000][1][safepoint    ] Total time for which application threads were stopped: 0.0000560 seconds, Stopping threads took: 0.0000199 seconds
[2019-06-24T08:45:56.798+0000][1][safepoint    ] Application time: 0.0001080 seconds
[2019-06-24T08:45:56.798+0000][1][safepoint    ] Entering safepoint region: RevokeBias
[2019-06-24T08:45:56.798+0000][1][safepoint    ] Leaving safepoint region
[2019-06-24T08:45:56.798+0000][1][safepoint    ] Total time for which application threads were stopped: 0.0000539 seconds, Stopping threads took: 0.0000195 seconds
[2019-06-24T08:45:56.798+0000][1][safepoint    ] Application time: 0.0001774 seconds
[2019-06-24T08:45:56.798+0000][1][safepoint    ] Entering safepoint region: RevokeBias
[2019-06-24T08:45:56.798+0000][1][safepoint    ] Leaving safepoint region
[2019-06-24T08:45:56.798+0000][1][safepoint    ] Total time for which application threads were stopped: 0.0000689 seconds, Stopping threads took: 0.0000376 seconds
[2019-06-24T08:45:56.799+0000][1][safepoint    ] Application time: 0.0011972 seconds
[2019-06-24T08:45:56.799+0000][1][safepoint    ] Entering safepoint region: RevokeBias
[2019-06-24T08:45:56.799+0000][1][safepoint    ] Leaving safepoint region
[2019-06-24T08:45:56.799+0000][1][safepoint    ] Total time for which application threads were stopped: 0.0000518 seconds, Stopping threads took: 0.0000126 seconds
[2019-06-24T08:45:56.805+0000][1][safepoint    ] Application time: 0.0055844 seconds
[2019-06-24T08:45:56.805+0000][1][safepoint    ] Entering safepoint region: Deoptimize
[2019-06-24T08:45:56.805+0000][1][safepoint    ] Leaving safepoint region
[2019-06-24T08:45:56.805+0000][1][safepoint    ] Total time for which application threads were stopped: 0.0001979 seconds, Stopping threads took: 0.0000143 seconds
[2019-06-24T08:45:56.892+0000][1][safepoint    ] Application time: 0.0868135 seconds
[2019-06-24T08:45:56.892+0000][1][safepoint    ] Entering safepoint region: GenCollectForAllocation
[2019-06-24T08:45:56.892+0000][1][gc,start     ] GC(0) Pause Young (Allocation Failure)
[2019-06-24T08:45:56.893+0000][1][gc,task      ] GC(0) Using 5 workers of 8 for evacuation
[2019-06-24T08:45:56.898+0000][1][gc,age       ] GC(0) Desired survivor size 4456448 bytes, new threshold 1 (max threshold 6)
[2019-06-24T08:45:56.898+0000][1][gc,age       ] GC(0) Age table with threshold 1 (max threshold 6)
[2019-06-24T08:45:56.898+0000][1][gc,age       ] GC(0) - age   1:    7957384 bytes,    7957384 total
[2019-06-24T08:45:56.898+0000][1][gc,heap      ] GC(0) ParNew: 69952K->7878K(78656K)
[2019-06-24T08:45:56.898+0000][1][gc,heap      ] GC(0) CMS: 0K->0K(174784K)
[2019-06-24T08:45:56.898+0000][1][gc,metaspace ] GC(0) Metaspace: 12033K->12033K(1060864K)
[2019-06-24T08:45:56.898+0000][1][gc           ] GC(0) Pause Young (Allocation Failure) 68M->7M(247M) 5.772ms
[2019-06-24T08:45:56.898+0000][1][gc,cpu       ] GC(0) User=0.03s Sys=0.00s Real=0.01s
[2019-06-24T08:45:56.898+0000][1][safepoint    ] Leaving safepoint region
[2019-06-24T08:45:56.898+0000][1][safepoint    ] Total time for which application threads were stopped: 0.0059116 seconds, Stopping threads took: 0.0000175 seconds
[2019-06-24T08:45:56.898+0000][1][safepoint    ] Application time: 0.0002782 seconds
[2019-06-24T08:45:56.898+0000][1][safepoint    ] Entering safepoint region: RevokeBias
[2019-06-24T08:45:56.898+0000][1][safepoint    ] Leaving safepoint region
[2019-06-24T08:45:56.898+0000][1][safepoint    ] Total time for which application threads were stopped: 0.0001652 seconds, Stopping threads took: 0.0001229 seconds
[2019-06-24T08:45:56.898+0000][1][safepoint    ] Application time: 0.0000939 seconds
[2019-06-24T08:45:56.898+0000][1][safepoint    ] Entering safepoint region: RevokeBias
[2019-06-24T08:45:56.898+0000][1][safepoint    ] Leaving safepoint region
[2019-06-24T08:45:56.898+0000][1][safepoint    ] Total time for which application threads were stopped: 0.0000669 seconds, Stopping threads took: 0.0000397 seconds
[2019-06-24T08:45:56.898+0000][1][safepoint    ] Application time: 0.0000360 seconds
[2019-06-24T08:45:56.899+0000][1][safepoint    ] Entering safepoint region: RevokeBias
[2019-06-24T08:45:56.899+0000][1][safepoint    ] Leaving safepoint region
[2019-06-24T08:45:56.899+0000][1][safepoint    ] Total time for which application threads were stopped: 0.0000885 seconds, Stopping threads took: 0.0000623 seconds
[2019-06-24T08:45:56.899+0000][1][safepoint    ] Application time: 0.0001350 seconds
[2019-06-24T08:45:56.899+0000][1][safepoint    ] Entering safepoint region: RevokeBias
[2019-06-24T08:45:56.899+0000][1][safepoint    ] Leaving safepoint region
[2019-06-24T08:45:56.899+0000][1][safepoint    ] Total time for which application threads were stopped: 0.0000962 seconds, Stopping threads took: 0.0000535 seconds
[2019-06-24T08:45:56.899+0000][1][safepoint    ] Application time: 0.0000774 seconds
[2019-06-24T08:45:56.899+0000][1][safepoint    ] Entering safepoint region: RevokeBias
[2019-06-24T08:45:56.899+0000][1][safepoint    ] Leaving safepoint region
[2019-06-24T08:45:56.899+0000][1][safepoint    ] Total time for which application threads were stopped: 0.0000475 seconds, Stopping threads took: 0.0000184 seconds
[2019-06-24T08:45:56.899+0000][1][safepoint    ] Application time: 0.0000318 seconds
[2019-06-24T08:45:56.899+0000][1][safepoint    ] Entering safepoint region: RevokeBias
[2019-06-24T08:45:56.899+0000][1][safepoint    ] Leaving safepoint region
[2019-06-24T08:45:56.899+0000][1][safepoint    ] Total time for which application threads were stopped: 0.0000464 seconds, Stopping threads took: 0.0000230 seconds
[2019-06-24T08:45:56.899+0000][1][safepoint    ] Application time: 0.0000377 seconds
[2019-06-24T08:45:56.899+0000][1][safepoint    ] Entering safepoint region: RevokeBias
[2019-06-24T08:45:56.899+0000][1][safepoint    ] Leaving safepoint region
[2019-06-24T08:45:56.899+0000][1][safepoint    ] Total time for which application threads were stopped: 0.0000523 seconds, Stopping threads took: 0.0000311 seconds
[2019-06-24T08:45:56.899+0000][1][safepoint    ] Application time: 0.0000314 seconds
[2019-06-24T08:45:56.899+0000][1][safepoint    ] Entering safepoint region: RevokeBias
[2019-06-24T08:45:56.899+0000][1][safepoint    ] Leaving safepoint region
[2019-06-24T08:45:56.899+0000][1][safepoint    ] Total time for which application threads were stopped: 0.0000514 seconds, Stopping threads took: 0.0000244 seconds
[2019-06-24T08:45:56.899+0000][1][safepoint    ] Application time: 0.0000355 seconds
[2019-06-24T08:45:56.899+0000][1][safepoint    ] Entering safepoint region: RevokeBias
[2019-06-24T08:45:56.899+0000][1][safepoint    ] Leaving safepoint region
[2019-06-24T08:45:56.899+0000][1][safepoint    ] Total time for which application threads were stopped: 0.0001279 seconds, Stopping threads took: 0.0000946 seconds
[2019-06-24T08:45:56.899+0000][1][safepoint    ] Application time: 0.0000413 seconds
[2019-06-24T08:45:56.899+0000][1][safepoint    ] Entering safepoint region: RevokeBias
[2019-06-24T08:45:56.899+0000][1][safepoint    ] Leaving safepoint region
[2019-06-24T08:45:56.899+0000][1][safepoint    ] Total time for which application threads were stopped: 0.0000460 seconds, Stopping threads took: 0.0000235 seconds
[2019-06-24T08:45:56.900+0000][1][safepoint    ] Application time: 0.0000731 seconds
[2019-06-24T08:45:56.900+0000][1][safepoint    ] Entering safepoint region: RevokeBias
[2019-06-24T08:45:56.900+0000][1][safepoint    ] Leaving safepoint region
[2019-06-24T08:45:56.900+0000][1][safepoint    ] Total time for which application threads were stopped: 0.0000737 seconds, Stopping threads took: 0.0000278 seconds
[2019-06-24T08:45:56.900+0000][1][safepoint    ] Application time: 0.0002016 seconds
[2019-06-24T08:45:56.900+0000][1][safepoint    ] Entering safepoint region: RevokeBias
[2019-06-24T08:45:56.900+0000][1][safepoint    ] Leaving safepoint region
[2019-06-24T08:45:56.900+0000][1][safepoint    ] Total time for which application threads were stopped: 0.0000735 seconds, Stopping threads took: 0.0000422 seconds
[2019-06-24T08:45:56.900+0000][1][safepoint    ] Application time: 0.0000562 seconds
[2019-06-24T08:45:56.900+0000][1][safepoint    ] Entering safepoint region: RevokeBias
[2019-06-24T08:45:56.900+0000][1][safepoint    ] Leaving safepoint region
[2019-06-24T08:45:56.900+0000][1][safepoint    ] Total time for which application threads were stopped: 0.0001671 seconds, Stopping threads took: 0.0000101 seconds
[2019-06-24T08:45:56.900+0000][1][safepoint    ] Application time: 0.0000478 seconds
[2019-06-24T08:45:56.900+0000][1][safepoint    ] Entering safepoint region: RevokeBias
[2019-06-24T08:45:56.900+0000][1][safepoint    ] Leaving safepoint region
[2019-06-24T08:45:56.900+0000][1][safepoint    ] Total time for which application threads were stopped: 0.0001002 seconds, Stopping threads took: 0.0000538 seconds
[2019-06-24T08:45:56.900+0000][1][safepoint    ] Application time: 0.0000467 seconds
[2019-06-24T08:45:56.900+0000][1][safepoint    ] Entering safepoint region: RevokeBias
[2019-06-24T08:45:56.901+0000][1][safepoint    ] Leaving safepoint region
[2019-06-24T08:45:56.901+0000][1][safepoint    ] Total time for which application threads were stopped: 0.0000610 seconds, Stopping threads took: 0.0000304 seconds
[2019-06-24T08:45:56.901+0000][1][safepoint    ] Application time: 0.0000441 seconds
[2019-06-24T08:45:56.901+0000][1][safepoint    ] Entering safepoint region: RevokeBias
[2019-06-24T08:45:56.901+0000][1][safepoint    ] Leaving safepoint region
[2019-06-24T08:45:56.901+0000][1][safepoint    ] Total time for which application threads were stopped: 0.0000612 seconds, Stopping threads took: 0.0000360 seconds
[2019-06-24T08:45:56.901+0000][1][safepoint    ] Application time: 0.0000422 seconds
[2019-06-24T08:45:56.901+0000][1][safepoint    ] Entering safepoint region: RevokeBias
[2019-06-24T08:45:56.901+0000][1][safepoint    ] Leaving safepoint region
[2019-06-24T08:45:56.901+0000][1][safepoint    ] Total time for which application threads were stopped: 0.0000294 seconds, Stopping threads took: 0.0000061 seconds
[2019-06-24T08:45:56.901+0000][1][safepoint    ] Application time: 0.0000318 seconds
[2019-06-24T08:45:56.901+0000][1][safepoint    ] Entering safepoint region: RevokeBias
[2019-06-24T08:45:56.901+0000][1][safepoint    ] Leaving safepoint region
[2019-06-24T08:45:56.901+0000][1][safepoint    ] Total time for which application threads were stopped: 0.0001181 seconds, Stopping threads took: 0.0000962 seconds
[2019-06-24T08:45:56.901+0000][1][safepoint    ] Application time: 0.0001988 seconds
[2019-06-24T08:45:56.901+0000][1][safepoint    ] Entering safepoint region: RevokeBias
[2019-06-24T08:45:56.901+0000][1][safepoint    ] Leaving safepoint region
[2019-06-24T08:45:56.901+0000][1][safepoint    ] Total time for which application threads were stopped: 0.0000736 seconds, Stopping threads took: 0.0000487 seconds
[2019-06-24T08:45:56.901+0000][1][safepoint    ] Application time: 0.0000331 seconds
[2019-06-24T08:45:56.901+0000][1][safepoint    ] Entering safepoint region: RevokeBias
[2019-06-24T08:45:56.901+0000][1][safepoint    ] Leaving safepoint region
[2019-06-24T08:45:56.901+0000][1][safepoint    ] Total time for which application threads were stopped: 0.0000574 seconds, Stopping threads took: 0.0000349 seconds
[2019-06-24T08:45:56.901+0000][1][safepoint    ] Application time: 0.0000398 seconds
[2019-06-24T08:45:56.901+0000][1][safepoint    ] Entering safepoint region: RevokeBias
[2019-06-24T08:45:56.901+0000][1][safepoint    ] Leaving safepoint region
[2019-06-24T08:45:56.901+0000][1][safepoint    ] Total time for which application threads were stopped: 0.0000612 seconds, Stopping threads took: 0.0000383 seconds
[2019-06-24T08:45:56.901+0000][1][safepoint    ] Application time: 0.0000324 seconds
[2019-06-24T08:45:56.901+0000][1][safepoint    ] Entering safepoint region: RevokeBias
[2019-06-24T08:45:56.901+0000][1][safepoint    ] Leaving safepoint region
[2019-06-24T08:45:56.901+0000][1][safepoint    ] Total time for which application threads were stopped: 0.0000423 seconds, Stopping threads took: 0.0000213 seconds
[2019-06-24T08:45:56.902+0000][1][safepoint    ] Application time: 0.0000353 seconds
[2019-06-24T08:45:56.902+0000][1][safepoint    ] Entering safepoint region: RevokeBias
[2019-06-24T08:45:56.902+0000][1][safepoint    ] Leaving safepoint region
[2019-06-24T08:45:56.902+0000][1][safepoint    ] Total time for which application threads were stopped: 0.0000514 seconds, Stopping threads took: 0.0000236 seconds
[2019-06-24T08:45:56.902+0000][1][safepoint    ] Application time: 0.0000314 seconds
[2019-06-24T08:45:56.902+0000][1][safepoint    ] Entering safepoint region: RevokeBias
[2019-06-24T08:45:56.902+0000][1][safepoint    ] Leaving safepoint region
[2019-06-24T08:45:56.902+0000][1][safepoint    ] Total time for which application threads were stopped: 0.0001282 seconds, Stopping threads took: 0.0001043 seconds
[2019-06-24T08:45:56.902+0000][1][safepoint    ] Application time: 0.0000592 seconds
[2019-06-24T08:45:56.902+0000][1][safepoint    ] Entering safepoint region: RevokeBias
[2019-06-24T08:45:56.902+0000][1][safepoint    ] Leaving safepoint region
[2019-06-24T08:45:56.902+0000][1][safepoint    ] Total time for which application threads were stopped: 0.0000590 seconds, Stopping threads took: 0.0000322 seconds
[2019-06-24T08:45:56.902+0000][1][safepoint    ] Application time: 0.0000327 seconds
[2019-06-24T08:45:56.902+0000][1][safepoint    ] Entering safepoint region: RevokeBias
[2019-06-24T08:45:56.902+0000][1][safepoint    ] Leaving safepoint region
[2019-06-24T08:45:56.902+0000][1][safepoint    ] Total time for which application threads were stopped: 0.0000509 seconds, Stopping threads took: 0.0000295 seconds
[2019-06-24T08:45:57.113+0000][1][safepoint    ] Application time: 0.2110152 seconds
[2019-06-24T08:45:57.113+0000][1][safepoint    ] Entering safepoint region: Deoptimize
[2019-06-24T08:45:57.113+0000][1][safepoint    ] Leaving safepoint region
[2019-06-24T08:45:57.113+0000][1][safepoint    ] Total time for which application threads were stopped: 0.0003060 seconds, Stopping threads took: 0.0000204 seconds
[2019-06-24T08:45:57.207+0000][1][safepoint    ] Application time: 0.0934052 seconds
[2019-06-24T08:45:57.207+0000][1][safepoint    ] Entering safepoint region: RevokeBias
[2019-06-24T08:45:57.207+0000][1][safepoint    ] Leaving safepoint region
[2019-06-24T08:45:57.207+0000][1][safepoint    ] Total time for which application threads were stopped: 0.0000943 seconds, Stopping threads took: 0.0000179 seconds
[2019-06-24T08:45:57.295+0000][1][safepoint    ] Application time: 0.0882438 seconds
[2019-06-24T08:45:57.295+0000][1][safepoint    ] Entering safepoint region: RevokeBias
[2019-06-24T08:45:57.295+0000][1][safepoint    ] Leaving safepoint region
[2019-06-24T08:45:57.295+0000][1][safepoint    ] Total time for which application threads were stopped: 0.0001294 seconds, Stopping threads took: 0.0000227 seconds
[2019-06-24T08:45:57.300+0000][1][safepoint    ] Application time: 0.0049935 seconds
[2019-06-24T08:45:57.300+0000][1][safepoint    ] Entering safepoint region: RevokeBias
[2019-06-24T08:45:57.300+0000][1][safepoint    ] Leaving safepoint region
[2019-06-24T08:45:57.300+0000][1][safepoint    ] Total time for which application threads were stopped: 0.0000967 seconds, Stopping threads took: 0.0000334 seconds
[2019-06-24T08:45:57.304+0000][1][safepoint    ] Application time: 0.0030352 seconds
[2019-06-24T08:45:57.304+0000][1][safepoint    ] Entering safepoint region: RevokeBias
[2019-06-24T08:45:57.304+0000][1][safepoint    ] Leaving safepoint region
[2019-06-24T08:45:57.304+0000][1][safepoint    ] Total time for which application threads were stopped: 0.0000629 seconds, Stopping threads took: 0.0000119 seconds
[2019-06-24T08:45:57.327+0000][1][safepoint    ] Application time: 0.0238668 seconds
[2019-06-24T08:45:57.328+0000][1][safepoint    ] Entering safepoint region: GenCollectForAllocation
[2019-06-24T08:45:57.328+0000][1][gc,start     ] GC(1) Pause Young (Allocation Failure)
[2019-06-24T08:45:57.328+0000][1][gc,task      ] GC(1) Using 5 workers of 8 for evacuation
[2019-06-24T08:45:57.341+0000][1][gc,age       ] GC(1) Desired survivor size 4456448 bytes, new threshold 6 (max threshold 6)
[2019-06-24T08:45:57.341+0000][1][gc,age       ] GC(1) Age table with threshold 6 (max threshold 6)
[2019-06-24T08:45:57.341+0000][1][gc,age       ] GC(1) - age   1:    2232224 bytes,    2232224 total
[2019-06-24T08:45:57.341+0000][1][gc,heap      ] GC(1) ParNew: 77830K->6252K(78656K)
[2019-06-24T08:45:57.341+0000][1][gc,heap      ] GC(1) CMS: 0K->6621K(174784K)
[2019-06-24T08:45:57.341+0000][1][gc,metaspace ] GC(1) Metaspace: 14630K->14630K(1062912K)
[2019-06-24T08:45:57.341+0000][1][gc           ] GC(1) Pause Young (Allocation Failure) 76M->12M(247M) 12.953ms
[2019-06-24T08:45:57.341+0000][1][gc,cpu       ] GC(1) User=0.08s Sys=0.00s Real=0.01s
[2019-06-24T08:45:57.341+0000][1][safepoint    ] Leaving safepoint region
[2019-06-24T08:45:57.341+0000][1][safepoint    ] Total time for which application threads were stopped: 0.0132200 seconds, Stopping threads took: 0.0001717 seconds
[2019-06-24T08:45:57.341+0000][1][safepoint    ] Application time: 0.0002607 seconds
[2019-06-24T08:45:57.341+0000][1][safepoint    ] Entering safepoint region: RevokeBias
[2019-06-24T08:45:57.341+0000][1][safepoint    ] Leaving safepoint region
[2019-06-24T08:45:57.341+0000][1][safepoint    ] Total time for which application threads were stopped: 0.0001643 seconds, Stopping threads took: 0.0001174 seconds
[2019-06-24T08:45:57.341+0000][1][safepoint    ] Application time: 0.0001292 seconds
[2019-06-24T08:45:57.342+0000][1][safepoint    ] Entering safepoint region: RevokeBias
[2019-06-24T08:45:57.342+0000][1][safepoint    ] Leaving safepoint region
[2019-06-24T08:45:57.342+0000][1][safepoint    ] Total time for which application threads were stopped: 0.0002380 seconds, Stopping threads took: 0.0001587 seconds
[2019-06-24T08:45:57.342+0000][1][safepoint    ] Application time: 0.0000802 seconds
[2019-06-24T08:45:57.342+0000][1][safepoint    ] Entering safepoint region: RevokeBias
[2019-06-24T08:45:57.342+0000][1][safepoint    ] Leaving safepoint region
[2019-06-24T08:45:57.342+0000][1][safepoint    ] Total time for which application threads were stopped: 0.0000680 seconds, Stopping threads took: 0.0000355 seconds
[2019-06-24T08:45:57.342+0000][1][safepoint    ] Application time: 0.0000749 seconds
[2019-06-24T08:45:57.342+0000][1][safepoint    ] Entering safepoint region: RevokeBias
[2019-06-24T08:45:57.342+0000][1][safepoint    ] Leaving safepoint region
[2019-06-24T08:45:57.342+0000][1][safepoint    ] Total time for which application threads were stopped: 0.0000601 seconds, Stopping threads took: 0.0000322 seconds
[2019-06-24T08:45:57.342+0000][1][safepoint    ] Application time: 0.0000834 seconds
[2019-06-24T08:45:57.342+0000][1][safepoint    ] Entering safepoint region: RevokeBias
[2019-06-24T08:45:57.342+0000][1][safepoint    ] Leaving safepoint region
[2019-06-24T08:45:57.342+0000][1][safepoint    ] Total time for which application threads were stopped: 0.0000730 seconds, Stopping threads took: 0.0000463 seconds
[2019-06-24T08:45:57.342+0000][1][safepoint    ] Application time: 0.0000701 seconds
[2019-06-24T08:45:57.342+0000][1][safepoint    ] Entering safepoint region: RevokeBias
[2019-06-24T08:45:57.342+0000][1][safepoint    ] Leaving safepoint region
[2019-06-24T08:45:57.342+0000][1][safepoint    ] Total time for which application threads were stopped: 0.0000339 seconds, Stopping threads took: 0.0000074 seconds
[2019-06-24T08:45:57.342+0000][1][safepoint    ] Application time: 0.0000783 seconds
[2019-06-24T08:45:57.342+0000][1][safepoint    ] Entering safepoint region: RevokeBias
[2019-06-24T08:45:57.342+0000][1][safepoint    ] Leaving safepoint region
[2019-06-24T08:45:57.342+0000][1][safepoint    ] Total time for which application threads were stopped: 0.0000630 seconds, Stopping threads took: 0.0000275 seconds
[2019-06-24T08:45:57.342+0000][1][safepoint    ] Application time: 0.0000383 seconds
[2019-06-24T08:45:57.342+0000][1][safepoint    ] Entering safepoint region: RevokeBias
[2019-06-24T08:45:57.343+0000][1][safepoint    ] Leaving safepoint region
[2019-06-24T08:45:57.343+0000][1][safepoint    ] Total time for which application threads were stopped: 0.0001083 seconds, Stopping threads took: 0.0000783 seconds
[2019-06-24T08:45:57.343+0000][1][safepoint    ] Application time: 0.0000395 seconds
[2019-06-24T08:45:57.343+0000][1][safepoint    ] Entering safepoint region: RevokeBias
[2019-06-24T08:45:57.343+0000][1][safepoint    ] Leaving safepoint region
[2019-06-24T08:45:57.343+0000][1][safepoint    ] Total time for which application threads were stopped: 0.0000335 seconds, Stopping threads took: 0.0000063 seconds
[2019-06-24T08:45:57.343+0000][1][safepoint    ] Application time: 0.0000883 seconds
[2019-06-24T08:45:57.343+0000][1][safepoint    ] Entering safepoint region: RevokeBias
[2019-06-24T08:45:57.343+0000][1][safepoint    ] Leaving safepoint region
[2019-06-24T08:45:57.343+0000][1][safepoint    ] Total time for which application threads were stopped: 0.0000680 seconds, Stopping threads took: 0.0000297 seconds
[2019-06-24T08:45:57.343+0000][1][safepoint    ] Application time: 0.0000576 seconds
[2019-06-24T08:45:57.343+0000][1][safepoint    ] Entering safepoint region: BulkRevokeBias
[2019-06-24T08:45:57.343+0000][1][safepoint    ] Leaving safepoint region
[2019-06-24T08:45:57.343+0000][1][safepoint    ] Total time for which application threads were stopped: 0.0001069 seconds, Stopping threads took: 0.0000322 seconds
[2019-06-24T08:45:57.343+0000][1][safepoint    ] Application time: 0.0000470 seconds
[2019-06-24T08:45:57.343+0000][1][safepoint    ] Entering safepoint region: RevokeBias
[2019-06-24T08:45:57.343+0000][1][safepoint    ] Leaving safepoint region
[2019-06-24T08:45:57.343+0000][1][safepoint    ] Total time for which application threads were stopped: 0.0000595 seconds, Stopping threads took: 0.0000294 seconds
[2019-06-24T08:45:57.343+0000][1][safepoint    ] Application time: 0.0000486 seconds
[2019-06-24T08:45:57.343+0000][1][safepoint    ] Entering safepoint region: BulkRevokeBias
[2019-06-24T08:45:57.343+0000][1][safepoint    ] Leaving safepoint region
[2019-06-24T08:45:57.343+0000][1][safepoint    ] Total time for which application threads were stopped: 0.0000772 seconds, Stopping threads took: 0.0000293 seconds
[2019-06-24T08:45:57.473+0000][1][safepoint    ] Application time: 0.1300158 seconds
[2019-06-24T08:45:57.473+0000][1][safepoint    ] Entering safepoint region: GenCollectForAllocation
[2019-06-24T08:45:57.473+0000][1][gc,start     ] GC(2) Pause Young (Allocation Failure)
[2019-06-24T08:45:57.473+0000][1][gc,task      ] GC(2) Using 5 workers of 8 for evacuation
[2019-06-24T08:45:57.477+0000][1][gc,age       ] GC(2) Desired survivor size 4456448 bytes, new threshold 6 (max threshold 6)
[2019-06-24T08:45:57.477+0000][1][gc,age       ] GC(2) Age table with threshold 6 (max threshold 6)
[2019-06-24T08:45:57.477+0000][1][gc,age       ] GC(2) - age   1:    2781912 bytes,    2781912 total
[2019-06-24T08:45:57.477+0000][1][gc,age       ] GC(2) - age   2:    1203792 bytes,    3985704 total
[2019-06-24T08:45:57.477+0000][1][gc,heap      ] GC(2) ParNew: 76204K->5173K(78656K)
[2019-06-24T08:45:57.477+0000][1][gc,heap      ] GC(2) CMS: 6621K->6621K(174784K)
[2019-06-24T08:45:57.477+0000][1][gc,metaspace ] GC(2) Metaspace: 14763K->14763K(1062912K)
[2019-06-24T08:45:57.477+0000][1][gc           ] GC(2) Pause Young (Allocation Failure) 80M->11M(247M) 3.283ms
[2019-06-24T08:45:57.477+0000][1][gc,cpu       ] GC(2) User=0.02s Sys=0.00s Real=0.01s
[2019-06-24T08:45:57.477+0000][1][safepoint    ] Leaving safepoint region
[2019-06-24T08:45:57.477+0000][1][safepoint    ] Total time for which application threads were stopped: 0.0034875 seconds, Stopping threads took: 0.0000409 seconds
[2019-06-24T08:45:57.477+0000][1][safepoint    ] Application time: 0.0001976 seconds
[2019-06-24T08:45:57.477+0000][1][safepoint    ] Entering safepoint region: RevokeBias
[2019-06-24T08:45:57.477+0000][1][safepoint    ] Leaving safepoint region
[2019-06-24T08:45:57.477+0000][1][safepoint    ] Total time for which application threads were stopped: 0.0000856 seconds, Stopping threads took: 0.0000320 seconds
[2019-06-24T08:45:57.477+0000][1][safepoint    ] Application time: 0.0000841 seconds
[2019-06-24T08:45:57.477+0000][1][safepoint    ] Entering safepoint region: RevokeBias
[2019-06-24T08:45:57.477+0000][1][safepoint    ] Leaving safepoint region
[2019-06-24T08:45:57.477+0000][1][safepoint    ] Total time for which application threads were stopped: 0.0001085 seconds, Stopping threads took: 0.0000344 seconds
[2019-06-24T08:45:57.477+0000][1][safepoint    ] Application time: 0.0000620 seconds
[2019-06-24T08:45:57.477+0000][1][safepoint    ] Entering safepoint region: RevokeBias
[2019-06-24T08:45:57.478+0000][1][safepoint    ] Leaving safepoint region
[2019-06-24T08:45:57.478+0000][1][safepoint    ] Total time for which application threads were stopped: 0.0001227 seconds, Stopping threads took: 0.0000308 seconds
[2019-06-24T08:45:57.478+0000][1][safepoint    ] Application time: 0.0000856 seconds
[2019-06-24T08:45:57.478+0000][1][safepoint    ] Entering safepoint region: RevokeBias
[2019-06-24T08:45:57.478+0000][1][safepoint    ] Leaving safepoint region
[2019-06-24T08:45:57.478+0000][1][safepoint    ] Total time for which application threads were stopped: 0.0000942 seconds, Stopping threads took: 0.0000516 seconds
[2019-06-24T08:45:57.478+0000][1][safepoint    ] Application time: 0.0000792 seconds
[2019-06-24T08:45:57.478+0000][1][safepoint    ] Entering safepoint region: RevokeBias
[2019-06-24T08:45:57.478+0000][1][safepoint    ] Leaving safepoint region
[2019-06-24T08:45:57.478+0000][1][safepoint    ] Total time for which application threads were stopped: 0.0000604 seconds, Stopping threads took: 0.0000234 seconds
[2019-06-24T08:45:57.478+0000][1][safepoint    ] Application time: 0.0001031 seconds
[2019-06-24T08:45:57.478+0000][1][safepoint    ] Entering safepoint region: RevokeBias
[2019-06-24T08:45:57.478+0000][1][safepoint    ] Leaving safepoint region
[2019-06-24T08:45:57.478+0000][1][safepoint    ] Total time for which application threads were stopped: 0.0000427 seconds, Stopping threads took: 0.0000100 seconds
[2019-06-24T08:45:57.622+0000][1][safepoint    ] Application time: 0.1434694 seconds
[2019-06-24T08:45:57.622+0000][1][safepoint    ] Entering safepoint region: Deoptimize
[2019-06-24T08:45:57.622+0000][1][safepoint    ] Leaving safepoint region
[2019-06-24T08:45:57.622+0000][1][safepoint    ] Total time for which application threads were stopped: 0.0003540 seconds, Stopping threads took: 0.0000171 seconds
[2019-06-24T08:45:57.622+0000][1][safepoint    ] Application time: 0.0004117 seconds
[2019-06-24T08:45:57.622+0000][1][safepoint    ] Entering safepoint region: Deoptimize
[2019-06-24T08:45:57.623+0000][1][safepoint    ] Leaving safepoint region
[2019-06-24T08:45:57.623+0000][1][safepoint    ] Total time for which application threads were stopped: 0.0003261 seconds, Stopping threads took: 0.0000133 seconds
[2019-06-24T08:45:57.798+0000][1][safepoint    ] Application time: 0.1752899 seconds
[2019-06-24T08:45:57.798+0000][1][safepoint    ] Entering safepoint region: GenCollectForAllocation
[2019-06-24T08:45:57.798+0000][1][gc,start     ] GC(3) Pause Young (Allocation Failure)
[2019-06-24T08:45:57.798+0000][1][gc,task      ] GC(3) Using 5 workers of 8 for evacuation
[2019-06-24T08:45:57.801+0000][1][gc,age       ] GC(3) Desired survivor size 4456448 bytes, new threshold 3 (max threshold 6)
[2019-06-24T08:45:57.801+0000][1][gc,age       ] GC(3) Age table with threshold 3 (max threshold 6)
[2019-06-24T08:45:57.801+0000][1][gc,age       ] GC(3) - age   1:    3981440 bytes,    3981440 total
[2019-06-24T08:45:57.802+0000][1][gc,age       ] GC(3) - age   2:     294408 bytes,    4275848 total
[2019-06-24T08:45:57.802+0000][1][gc,age       ] GC(3) - age   3:    1200360 bytes,    5476208 total
[2019-06-24T08:45:57.802+0000][1][gc,heap      ] GC(3) ParNew: 75125K->6768K(78656K)
[2019-06-24T08:45:57.802+0000][1][gc,heap      ] GC(3) CMS: 6621K->6621K(174784K)
[2019-06-24T08:45:57.802+0000][1][gc,metaspace ] GC(3) Metaspace: 18238K->18238K(1067008K)
[2019-06-24T08:45:57.802+0000][1][gc           ] GC(3) Pause Young (Allocation Failure) 79M->13M(247M) 3.438ms
[2019-06-24T08:45:57.802+0000][1][gc,cpu       ] GC(3) User=0.03s Sys=0.00s Real=0.00s
[2019-06-24T08:45:57.802+0000][1][safepoint    ] Leaving safepoint region
[2019-06-24T08:45:57.802+0000][1][safepoint    ] Total time for which application threads were stopped: 0.0035703 seconds, Stopping threads took: 0.0000116 seconds
[2019-06-24T08:45:57.802+0000][1][safepoint    ] Application time: 0.0002376 seconds
[2019-06-24T08:45:57.802+0000][1][safepoint    ] Entering safepoint region: RevokeBias
[2019-06-24T08:45:57.802+0000][1][safepoint    ] Leaving safepoint region
[2019-06-24T08:45:57.802+0000][1][safepoint    ] Total time for which application threads were stopped: 0.0001467 seconds, Stopping threads took: 0.0000718 seconds
[2019-06-24T08:45:57.802+0000][1][safepoint    ] Application time: 0.0000963 seconds
[2019-06-24T08:45:57.802+0000][1][safepoint    ] Entering safepoint region: RevokeBias
[2019-06-24T08:45:57.802+0000][1][safepoint    ] Leaving safepoint region
[2019-06-24T08:45:57.802+0000][1][safepoint    ] Total time for which application threads were stopped: 0.0001544 seconds, Stopping threads took: 0.0001236 seconds
[2019-06-24T08:45:57.802+0000][1][safepoint    ] Application time: 0.0000371 seconds
[2019-06-24T08:45:57.802+0000][1][safepoint    ] Entering safepoint region: RevokeBias
[2019-06-24T08:45:57.802+0000][1][safepoint    ] Leaving safepoint region
[2019-06-24T08:45:57.802+0000][1][safepoint    ] Total time for which application threads were stopped: 0.0000325 seconds, Stopping threads took: 0.0000058 seconds
[2019-06-24T08:45:57.802+0000][1][safepoint    ] Application time: 0.0000306 seconds
[2019-06-24T08:45:57.802+0000][1][safepoint    ] Entering safepoint region: RevokeBias
[2019-06-24T08:45:57.802+0000][1][safepoint    ] Leaving safepoint region
[2019-06-24T08:45:57.802+0000][1][safepoint    ] Total time for which application threads were stopped: 0.0000968 seconds, Stopping threads took: 0.0000401 seconds
[2019-06-24T08:45:57.803+0000][1][safepoint    ] Application time: 0.0000304 seconds
[2019-06-24T08:45:57.803+0000][1][safepoint    ] Entering safepoint region: RevokeBias
[2019-06-24T08:45:57.803+0000][1][safepoint    ] Leaving safepoint region
[2019-06-24T08:45:57.803+0000][1][safepoint    ] Total time for which application threads were stopped: 0.0000291 seconds, Stopping threads took: 0.0000060 seconds
[2019-06-24T08:45:57.803+0000][1][safepoint    ] Application time: 0.0000461 seconds
[2019-06-24T08:45:57.803+0000][1][safepoint    ] Entering safepoint region: RevokeBias
[2019-06-24T08:45:57.803+0000][1][safepoint    ] Leaving safepoint region
[2019-06-24T08:45:57.803+0000][1][safepoint    ] Total time for which application threads were stopped: 0.0000637 seconds, Stopping threads took: 0.0000389 seconds
[2019-06-24T08:45:57.803+0000][1][safepoint    ] Application time: 0.0001032 seconds
[2019-06-24T08:45:57.803+0000][1][safepoint    ] Entering safepoint region: RevokeBias
[2019-06-24T08:45:57.803+0000][1][safepoint    ] Leaving safepoint region
[2019-06-24T08:45:57.803+0000][1][safepoint    ] Total time for which application threads were stopped: 0.0001423 seconds, Stopping threads took: 0.0001143 seconds
[2019-06-24T08:45:57.803+0000][1][safepoint    ] Application time: 0.0000365 seconds
[2019-06-24T08:45:57.803+0000][1][safepoint    ] Entering safepoint region: RevokeBias
[2019-06-24T08:45:57.803+0000][1][safepoint    ] Leaving safepoint region
[2019-06-24T08:45:57.803+0000][1][safepoint    ] Total time for which application threads were stopped: 0.0000489 seconds, Stopping threads took: 0.0000216 seconds
[2019-06-24T08:45:57.803+0000][1][safepoint    ] Application time: 0.0000316 seconds
[2019-06-24T08:45:57.803+0000][1][safepoint    ] Entering safepoint region: RevokeBias
[2019-06-24T08:45:57.803+0000][1][safepoint    ] Leaving safepoint region
[2019-06-24T08:45:57.803+0000][1][safepoint    ] Total time for which application threads were stopped: 0.0000298 seconds, Stopping threads took: 0.0000060 seconds
[2019-06-24T08:45:57.803+0000][1][safepoint    ] Application time: 0.0000337 seconds
[2019-06-24T08:45:57.803+0000][1][safepoint    ] Entering safepoint region: RevokeBias
[2019-06-24T08:45:57.803+0000][1][safepoint    ] Leaving safepoint region
[2019-06-24T08:45:57.803+0000][1][safepoint    ] Total time for which application threads were stopped: 0.0000301 seconds, Stopping threads took: 0.0000059 seconds
[2019-06-24T08:45:57.803+0000][1][safepoint    ] Application time: 0.0000310 seconds
[2019-06-24T08:45:57.803+0000][1][safepoint    ] Entering safepoint region: RevokeBias
[2019-06-24T08:45:57.803+0000][1][safepoint    ] Leaving safepoint region
[2019-06-24T08:45:57.803+0000][1][safepoint    ] Total time for which application threads were stopped: 0.0000357 seconds, Stopping threads took: 0.0000111 seconds
[2019-06-24T08:45:57.803+0000][1][safepoint    ] Application time: 0.0000345 seconds
[2019-06-24T08:45:57.803+0000][1][safepoint    ] Entering safepoint region: RevokeBias
[2019-06-24T08:45:57.803+0000][1][safepoint    ] Leaving safepoint region
[2019-06-24T08:45:57.803+0000][1][safepoint    ] Total time for which application threads were stopped: 0.0000663 seconds, Stopping threads took: 0.0000409 seconds
[2019-06-24T08:45:57.803+0000][1][safepoint    ] Application time: 0.0000337 seconds
[2019-06-24T08:45:57.803+0000][1][safepoint    ] Entering safepoint region: RevokeBias
[2019-06-24T08:45:57.804+0000][1][safepoint    ] Leaving safepoint region
[2019-06-24T08:45:57.804+0000][1][safepoint    ] Total time for which application threads were stopped: 0.0000644 seconds, Stopping threads took: 0.0000362 seconds
[2019-06-24T08:45:57.804+0000][1][safepoint    ] Application time: 0.0000357 seconds
[2019-06-24T08:45:57.804+0000][1][safepoint    ] Entering safepoint region: RevokeBias
[2019-06-24T08:45:57.804+0000][1][safepoint    ] Leaving safepoint region
[2019-06-24T08:45:57.804+0000][1][safepoint    ] Total time for which application threads were stopped: 0.0000887 seconds, Stopping threads took: 0.0000362 seconds
[2019-06-24T08:45:57.804+0000][1][safepoint    ] Application time: 0.0000352 seconds
[2019-06-24T08:45:57.804+0000][1][safepoint    ] Entering safepoint region: RevokeBias
[2019-06-24T08:45:57.804+0000][1][safepoint    ] Leaving safepoint region
[2019-06-24T08:45:57.804+0000][1][safepoint    ] Total time for which application threads were stopped: 0.0000544 seconds, Stopping threads took: 0.0000288 seconds
[2019-06-24T08:45:57.804+0000][1][safepoint    ] Application time: 0.0000360 seconds
[2019-06-24T08:45:57.804+0000][1][safepoint    ] Entering safepoint region: RevokeBias
[2019-06-24T08:45:57.804+0000][1][safepoint    ] Leaving safepoint region
[2019-06-24T08:45:57.804+0000][1][safepoint    ] Total time for which application threads were stopped: 0.0001403 seconds, Stopping threads took: 0.0001022 seconds
[2019-06-24T08:45:57.804+0000][1][safepoint    ] Application time: 0.0000363 seconds
[2019-06-24T08:45:57.804+0000][1][safepoint    ] Entering safepoint region: RevokeBias
[2019-06-24T08:45:57.804+0000][1][safepoint    ] Leaving safepoint region
[2019-06-24T08:45:57.804+0000][1][safepoint    ] Total time for which application threads were stopped: 0.0000893 seconds, Stopping threads took: 0.0000381 seconds
[2019-06-24T08:45:57.804+0000][1][safepoint    ] Application time: 0.0000380 seconds
[2019-06-24T08:45:57.804+0000][1][safepoint    ] Entering safepoint region: RevokeBias
[2019-06-24T08:45:57.804+0000][1][safepoint    ] Leaving safepoint region
[2019-06-24T08:45:57.804+0000][1][safepoint    ] Total time for which application threads were stopped: 0.0000761 seconds, Stopping threads took: 0.0000406 seconds
[2019-06-24T08:45:57.804+0000][1][safepoint    ] Application time: 0.0001245 seconds
[2019-06-24T08:45:57.804+0000][1][safepoint    ] Entering safepoint region: RevokeBias
[2019-06-24T08:45:57.804+0000][1][safepoint    ] Leaving safepoint region
[2019-06-24T08:45:57.804+0000][1][safepoint    ] Total time for which application threads were stopped: 0.0000667 seconds, Stopping threads took: 0.0000244 seconds
[2019-06-24T08:45:57.804+0000][1][safepoint    ] Application time: 0.0000340 seconds
[2019-06-24T08:45:57.805+0000][1][safepoint    ] Entering safepoint region: RevokeBias
[2019-06-24T08:45:57.805+0000][1][safepoint    ] Leaving safepoint region
[2019-06-24T08:45:57.805+0000][1][safepoint    ] Total time for which application threads were stopped: 0.0000558 seconds, Stopping threads took: 0.0000258 seconds
[2019-06-24T08:45:57.805+0000][1][safepoint    ] Application time: 0.0000384 seconds
[2019-06-24T08:45:57.805+0000][1][safepoint    ] Entering safepoint region: RevokeBias
[2019-06-24T08:45:57.805+0000][1][safepoint    ] Leaving safepoint region
[2019-06-24T08:45:57.805+0000][1][safepoint    ] Total time for which application threads were stopped: 0.0000713 seconds, Stopping threads took: 0.0000338 seconds
[2019-06-24T08:45:57.805+0000][1][safepoint    ] Application time: 0.0000370 seconds
[2019-06-24T08:45:57.805+0000][1][safepoint    ] Entering safepoint region: RevokeBias
[2019-06-24T08:45:57.805+0000][1][safepoint    ] Leaving safepoint region
[2019-06-24T08:45:57.805+0000][1][safepoint    ] Total time for which application threads were stopped: 0.0000536 seconds, Stopping threads took: 0.0000235 seconds
[2019-06-24T08:45:57.898+0000][1][safepoint    ] Application time: 0.0933960 seconds
[2019-06-24T08:45:57.898+0000][1][safepoint    ] Entering safepoint region: GenCollectForAllocation
[2019-06-24T08:45:57.898+0000][1][gc,start     ] GC(4) Pause Young (Allocation Failure)
[2019-06-24T08:45:57.898+0000][1][gc,task      ] GC(4) Using 5 workers of 8 for evacuation
[2019-06-24T08:45:57.903+0000][1][gc,age       ] GC(4) Desired survivor size 4456448 bytes, new threshold 2 (max threshold 6)
[2019-06-24T08:45:57.903+0000][1][gc,age       ] GC(4) Age table with threshold 2 (max threshold 6)
[2019-06-24T08:45:57.903+0000][1][gc,age       ] GC(4) - age   1:    1934128 bytes,    1934128 total
[2019-06-24T08:45:57.903+0000][1][gc,age       ] GC(4) - age   2:    3330408 bytes,    5264536 total
[2019-06-24T08:45:57.903+0000][1][gc,age       ] GC(4) - age   3:     293880 bytes,    5558416 total
[2019-06-24T08:45:57.903+0000][1][gc,heap      ] GC(4) ParNew: 76720K->7874K(78656K)
[2019-06-24T08:45:57.903+0000][1][gc,heap      ] GC(4) CMS: 6621K->7811K(174784K)
[2019-06-24T08:45:57.903+0000][1][gc,metaspace ] GC(4) Metaspace: 18439K->18439K(1067008K)
[2019-06-24T08:45:57.903+0000][1][gc           ] GC(4) Pause Young (Allocation Failure) 81M->15M(247M) 4.428ms
[2019-06-24T08:45:57.903+0000][1][gc,cpu       ] GC(4) User=0.04s Sys=0.00s Real=0.01s
[2019-06-24T08:45:57.903+0000][1][safepoint    ] Leaving safepoint region
[2019-06-24T08:45:57.903+0000][1][safepoint    ] Total time for which application threads were stopped: 0.0045937 seconds, Stopping threads took: 0.0000122 seconds
[2019-06-24T08:45:57.903+0000][1][safepoint    ] Application time: 0.0002292 seconds
[2019-06-24T08:45:57.903+0000][1][safepoint    ] Entering safepoint region: RevokeBias
[2019-06-24T08:45:57.903+0000][1][safepoint    ] Leaving safepoint region
[2019-06-24T08:45:57.903+0000][1][safepoint    ] Total time for which application threads were stopped: 0.0000946 seconds, Stopping threads took: 0.0000366 seconds
[2019-06-24T08:45:57.903+0000][1][safepoint    ] Application time: 0.0001096 seconds
[2019-06-24T08:45:57.903+0000][1][safepoint    ] Entering safepoint region: RevokeBias
[2019-06-24T08:45:57.903+0000][1][safepoint    ] Leaving safepoint region
[2019-06-24T08:45:57.903+0000][1][safepoint    ] Total time for which application threads were stopped: 0.0000682 seconds, Stopping threads took: 0.0000249 seconds
[2019-06-24T08:45:57.903+0000][1][safepoint    ] Application time: 0.0000986 seconds
[2019-06-24T08:45:57.903+0000][1][safepoint    ] Entering safepoint region: RevokeBias
[2019-06-24T08:45:57.904+0000][1][safepoint    ] Leaving safepoint region
[2019-06-24T08:45:57.904+0000][1][safepoint    ] Total time for which application threads were stopped: 0.0000736 seconds, Stopping threads took: 0.0000237 seconds
[2019-06-24T08:45:57.904+0000][1][safepoint    ] Application time: 0.0001193 seconds
[2019-06-24T08:45:57.904+0000][1][safepoint    ] Entering safepoint region: RevokeBias
[2019-06-24T08:45:57.904+0000][1][safepoint    ] Leaving safepoint region
[2019-06-24T08:45:57.904+0000][1][safepoint    ] Total time for which application threads were stopped: 0.0000780 seconds, Stopping threads took: 0.0000236 seconds
[2019-06-24T08:45:57.919+0000][1][safepoint    ] Application time: 0.0152578 seconds
[2019-06-24T08:45:57.919+0000][1][safepoint    ] Entering safepoint region: Deoptimize
[2019-06-24T08:45:57.919+0000][1][safepoint    ] Leaving safepoint region
[2019-06-24T08:45:57.919+0000][1][safepoint    ] Total time for which application threads were stopped: 0.0003908 seconds, Stopping threads took: 0.0000173 seconds
[2019-06-24T08:45:57.952+0000][1][safepoint    ] Application time: 0.0328209 seconds
[2019-06-24T08:45:57.952+0000][1][safepoint    ] Entering safepoint region: Deoptimize
[2019-06-24T08:45:57.953+0000][1][safepoint    ] Leaving safepoint region
[2019-06-24T08:45:57.953+0000][1][safepoint    ] Total time for which application threads were stopped: 0.0003246 seconds, Stopping threads took: 0.0000168 seconds
[2019-06-24T08:45:58.024+0000][1][safepoint    ] Application time: 0.0713819 seconds
[2019-06-24T08:45:58.024+0000][1][safepoint    ] Entering safepoint region: GenCollectForAllocation
[2019-06-24T08:45:58.024+0000][1][gc,start     ] GC(5) Pause Young (Allocation Failure)
[2019-06-24T08:45:58.024+0000][1][gc,task      ] GC(5) Using 5 workers of 8 for evacuation
[2019-06-24T08:45:58.028+0000][1][gc,age       ] GC(5) Desired survivor size 4456448 bytes, new threshold 6 (max threshold 6)
[2019-06-24T08:45:58.028+0000][1][gc,age       ] GC(5) Age table with threshold 6 (max threshold 6)
[2019-06-24T08:45:58.028+0000][1][gc,age       ] GC(5) - age   1:    2697704 bytes,    2697704 total
[2019-06-24T08:45:58.028+0000][1][gc,age       ] GC(5) - age   2:     446752 bytes,    3144456 total
[2019-06-24T08:45:58.028+0000][1][gc,heap      ] GC(5) ParNew: 77826K->6238K(78656K)
[2019-06-24T08:45:58.028+0000][1][gc,heap      ] GC(5) CMS: 7811K->11386K(174784K)
[2019-06-24T08:45:58.028+0000][1][gc,metaspace ] GC(5) Metaspace: 18795K->18795K(1067008K)
[2019-06-24T08:45:58.028+0000][1][gc           ] GC(5) Pause Young (Allocation Failure) 83M->17M(247M) 4.246ms
[2019-06-24T08:45:58.028+0000][1][gc,cpu       ] GC(5) User=0.03s Sys=0.00s Real=0.00s
[2019-06-24T08:45:58.028+0000][1][safepoint    ] Leaving safepoint region
[2019-06-24T08:45:58.028+0000][1][safepoint    ] Total time for which application threads were stopped: 0.0043680 seconds, Stopping threads took: 0.0000160 seconds
[2019-06-24T08:45:58.029+0000][1][safepoint    ] Application time: 0.0001173 seconds
[2019-06-24T08:45:58.029+0000][1][safepoint    ] Entering safepoint region: RevokeBias
[2019-06-24T08:45:58.029+0000][1][safepoint    ] Leaving safepoint region
[2019-06-24T08:45:58.029+0000][1][safepoint    ] Total time for which application threads were stopped: 0.0000929 seconds, Stopping threads took: 0.0000468 seconds
[2019-06-24T08:45:58.029+0000][1][safepoint    ] Application time: 0.0000429 seconds
[2019-06-24T08:45:58.029+0000][1][safepoint    ] Entering safepoint region: RevokeBias
[2019-06-24T08:45:58.029+0000][1][safepoint    ] Leaving safepoint region
[2019-06-24T08:45:58.029+0000][1][safepoint    ] Total time for which application threads were stopped: 0.0000617 seconds, Stopping threads took: 0.0000299 seconds
[2019-06-24T08:45:58.029+0000][1][safepoint    ] Application time: 0.0000439 seconds
[2019-06-24T08:45:58.029+0000][1][safepoint    ] Entering safepoint region: RevokeBias
[2019-06-24T08:45:58.029+0000][1][safepoint    ] Leaving safepoint region
[2019-06-24T08:45:58.029+0000][1][safepoint    ] Total time for which application threads were stopped: 0.0000586 seconds, Stopping threads took: 0.0000265 seconds
[2019-06-24T08:45:58.029+0000][1][safepoint    ] Application time: 0.0000350 seconds
[2019-06-24T08:45:58.029+0000][1][safepoint    ] Entering safepoint region: RevokeBias
[2019-06-24T08:45:58.029+0000][1][safepoint    ] Leaving safepoint region
[2019-06-24T08:45:58.029+0000][1][safepoint    ] Total time for which application threads were stopped: 0.0000421 seconds, Stopping threads took: 0.0000067 seconds
[2019-06-24T08:45:58.029+0000][1][safepoint    ] Application time: 0.0000408 seconds
[2019-06-24T08:45:58.029+0000][1][safepoint    ] Entering safepoint region: RevokeBias
[2019-06-24T08:45:58.029+0000][1][safepoint    ] Leaving safepoint region
[2019-06-24T08:45:58.029+0000][1][safepoint    ] Total time for which application threads were stopped: 0.0001037 seconds, Stopping threads took: 0.0000766 seconds
[2019-06-24T08:45:58.029+0000][1][safepoint    ] Application time: 0.0000345 seconds
[2019-06-24T08:45:58.029+0000][1][safepoint    ] Entering safepoint region: RevokeBias
[2019-06-24T08:45:58.029+0000][1][safepoint    ] Leaving safepoint region
[2019-06-24T08:45:58.029+0000][1][safepoint    ] Total time for which application threads were stopped: 0.0000304 seconds, Stopping threads took: 0.0000062 seconds
[2019-06-24T08:45:58.094+0000][1][safepoint    ] Application time: 0.0643776 seconds
[2019-06-24T08:45:58.094+0000][1][safepoint    ] Entering safepoint region: RevokeBias
[2019-06-24T08:45:58.094+0000][1][safepoint    ] Leaving safepoint region
[2019-06-24T08:45:58.094+0000][1][safepoint    ] Total time for which application threads were stopped: 0.0000612 seconds, Stopping threads took: 0.0000116 seconds
[2019-06-24T08:45:58.094+0000][1][safepoint    ] Application time: 0.0001483 seconds
[2019-06-24T08:45:58.094+0000][1][safepoint    ] Entering safepoint region: BulkRevokeBias
[2019-06-24T08:45:58.094+0000][1][safepoint    ] Leaving safepoint region
[2019-06-24T08:45:58.094+0000][1][safepoint    ] Total time for which application threads were stopped: 0.0000806 seconds, Stopping threads took: 0.0000074 seconds
[2019-06-24T08:45:58.117+0000][1][safepoint    ] Application time: 0.0231252 seconds
[2019-06-24T08:45:58.117+0000][1][safepoint    ] Entering safepoint region: GenCollectForAllocation
[2019-06-24T08:45:58.117+0000][1][gc,start     ] GC(6) Pause Young (Allocation Failure)
[2019-06-24T08:45:58.117+0000][1][gc,task      ] GC(6) Using 5 workers of 8 for evacuation
[2019-06-24T08:45:58.119+0000][1][gc,age       ] GC(6) Desired survivor size 4456448 bytes, new threshold 6 (max threshold 6)
[2019-06-24T08:45:58.119+0000][1][gc,age       ] GC(6) Age table with threshold 6 (max threshold 6)
[2019-06-24T08:45:58.119+0000][1][gc,age       ] GC(6) - age   1:    1744608 bytes,    1744608 total
[2019-06-24T08:45:58.119+0000][1][gc,age       ] GC(6) - age   2:    2195128 bytes,    3939736 total
[2019-06-24T08:45:58.119+0000][1][gc,age       ] GC(6) - age   3:     446752 bytes,    4386488 total
[2019-06-24T08:45:58.120+0000][1][gc,heap      ] GC(6) ParNew: 76190K->5582K(78656K)
[2019-06-24T08:45:58.120+0000][1][gc,heap      ] GC(6) CMS: 11386K->11386K(174784K)
[2019-06-24T08:45:58.120+0000][1][gc,metaspace ] GC(6) Metaspace: 19104K->19104K(1067008K)
[2019-06-24T08:45:58.120+0000][1][gc           ] GC(6) Pause Young (Allocation Failure) 85M->16M(247M) 2.296ms
[2019-06-24T08:45:58.120+0000][1][gc,cpu       ] GC(6) User=0.01s Sys=0.00s Real=0.00s
[2019-06-24T08:45:58.120+0000][1][safepoint    ] Leaving safepoint region
[2019-06-24T08:45:58.120+0000][1][safepoint    ] Total time for which application threads were stopped: 0.0023908 seconds, Stopping threads took: 0.0000112 seconds
[2019-06-24T08:45:58.120+0000][1][safepoint    ] Application time: 0.0001734 seconds
[2019-06-24T08:45:58.120+0000][1][safepoint    ] Entering safepoint region: BulkRevokeBias
[2019-06-24T08:45:58.120+0000][1][safepoint    ] Leaving safepoint region
[2019-06-24T08:45:58.120+0000][1][safepoint    ] Total time for which application threads were stopped: 0.0001878 seconds, Stopping threads took: 0.0001273 seconds
[2019-06-24T08:45:58.256+0000][1][safepoint    ] Application time: 0.1358676 seconds
[2019-06-24T08:45:58.256+0000][1][safepoint    ] Entering safepoint region: CollectForMetadataAllocation
[2019-06-24T08:45:58.256+0000][1][safepoint    ] Leaving safepoint region
[2019-06-24T08:45:58.256+0000][1][safepoint    ] Total time for which application threads were stopped: 0.0001783 seconds, Stopping threads took: 0.0000132 seconds
[2019-06-24T08:45:58.259+0000][1][safepoint    ] Application time: 0.0032968 seconds
[2019-06-24T08:45:58.259+0000][1][safepoint    ] Entering safepoint region: GenCollectForAllocation
[2019-06-24T08:45:58.259+0000][1][gc,start     ] GC(7) Pause Young (Allocation Failure)
[2019-06-24T08:45:58.259+0000][1][gc,task      ] GC(7) Using 5 workers of 8 for evacuation
[2019-06-24T08:45:58.262+0000][1][gc,age       ] GC(7) Desired survivor size 4456448 bytes, new threshold 4 (max threshold 6)
[2019-06-24T08:45:58.262+0000][1][gc,age       ] GC(7) Age table with threshold 4 (max threshold 6)
[2019-06-24T08:45:58.262+0000][1][gc,age       ] GC(7) - age   1:     728888 bytes,     728888 total
[2019-06-24T08:45:58.262+0000][1][gc,age       ] GC(7) - age   2:    1129944 bytes,    1858832 total
[2019-06-24T08:45:58.262+0000][1][gc,age       ] GC(7) - age   3:    2193120 bytes,    4051952 total
[2019-06-24T08:45:58.262+0000][1][gc,age       ] GC(7) - age   4:     446752 bytes,    4498704 total
[2019-06-24T08:45:58.262+0000][1][gc,heap      ] GC(7) ParNew: 75534K->5731K(78656K)
[2019-06-24T08:45:58.262+0000][1][gc,heap      ] GC(7) CMS: 11386K->11386K(174784K)
[2019-06-24T08:45:58.262+0000][1][gc,metaspace ] GC(7) Metaspace: 20062K->20062K(1069056K)
[2019-06-24T08:45:58.262+0000][1][gc           ] GC(7) Pause Young (Allocation Failure) 84M->16M(247M) 2.421ms
[2019-06-24T08:45:58.262+0000][1][gc,cpu       ] GC(7) User=0.01s Sys=0.00s Real=0.00s
[2019-06-24T08:45:58.262+0000][1][safepoint    ] Leaving safepoint region
[2019-06-24T08:45:58.262+0000][1][safepoint    ] Total time for which application threads were stopped: 0.0025254 seconds, Stopping threads took: 0.0000116 seconds
[2019-06-24T08:45:58.262+0000][1][safepoint    ] Application time: 0.0001047 seconds
[2019-06-24T08:45:58.262+0000][1][safepoint    ] Entering safepoint region: CMS_Initial_Mark
[2019-06-24T08:45:58.262+0000][1][gc,start     ] GC(8) Pause Initial Mark
[2019-06-24T08:45:58.263+0000][1][gc           ] GC(8) Pause Initial Mark 18M->18M(247M) 0.773ms
[2019-06-24T08:45:58.263+0000][1][gc,cpu       ] GC(8) User=0.01s Sys=0.00s Real=0.01s
[2019-06-24T08:45:58.263+0000][1][safepoint    ] Leaving safepoint region
[2019-06-24T08:45:58.263+0000][1][safepoint    ] Total time for which application threads were stopped: 0.0008745 seconds, Stopping threads took: 0.0000151 seconds
[2019-06-24T08:45:58.263+0000][1][gc           ] GC(8) Concurrent Mark
[2019-06-24T08:45:58.263+0000][1][gc,task      ] GC(8) Using 2 workers of 2 for marking
[2019-06-24T08:45:58.274+0000][1][gc           ] GC(8) Concurrent Mark 10.787ms
[2019-06-24T08:45:58.274+0000][1][gc,cpu       ] GC(8) User=0.05s Sys=0.00s Real=0.00s
[2019-06-24T08:45:58.274+0000][1][gc           ] GC(8) Concurrent Preclean
[2019-06-24T08:45:58.275+0000][1][gc           ] GC(8) Concurrent Preclean 0.726ms
[2019-06-24T08:45:58.275+0000][1][gc,cpu       ] GC(8) User=0.02s Sys=0.00s Real=0.01s
[2019-06-24T08:45:58.275+0000][1][gc           ] GC(8) Concurrent Abortable Preclean
[2019-06-24T08:45:58.367+0000][1][safepoint    ] Application time: 0.1038050 seconds
[2019-06-24T08:45:58.367+0000][1][safepoint    ] Entering safepoint region: GenCollectForAllocation
[2019-06-24T08:45:58.367+0000][1][gc,start     ] GC(9) Pause Young (Allocation Failure)
[2019-06-24T08:45:58.367+0000][1][gc,task      ] GC(9) Using 5 workers of 8 for evacuation
[2019-06-24T08:45:58.370+0000][1][gc,age       ] GC(9) Desired survivor size 4456448 bytes, new threshold 4 (max threshold 6)
[2019-06-24T08:45:58.370+0000][1][gc,age       ] GC(9) Age table with threshold 4 (max threshold 6)
[2019-06-24T08:45:58.370+0000][1][gc,age       ] GC(9) - age   1:    1050576 bytes,    1050576 total
[2019-06-24T08:45:58.370+0000][1][gc,age       ] GC(9) - age   2:     703152 bytes,    1753728 total
[2019-06-24T08:45:58.370+0000][1][gc,age       ] GC(9) - age   3:    1129848 bytes,    2883576 total
[2019-06-24T08:45:58.370+0000][1][gc,age       ] GC(9) - age   4:    2192832 bytes,    5076408 total
[2019-06-24T08:45:58.370+0000][1][gc,heap      ] GC(9) ParNew: 75683K->5751K(78656K)
[2019-06-24T08:45:58.370+0000][1][gc,heap      ] GC(9) CMS: 11386K->11826K(174784K)
[2019-06-24T08:45:58.370+0000][1][gc,metaspace ] GC(9) Metaspace: 20155K->20155K(1069056K)
[2019-06-24T08:45:58.370+0000][1][gc           ] GC(9) Pause Young (Allocation Failure) 85M->17M(247M) 3.420ms
[2019-06-24T08:45:58.370+0000][1][gc,cpu       ] GC(9) User=0.01s Sys=0.00s Real=0.00s
[2019-06-24T08:45:58.370+0000][1][safepoint    ] Leaving safepoint region
[2019-06-24T08:45:58.370+0000][1][safepoint    ] Total time for which application threads were stopped: 0.0035843 seconds, Stopping threads took: 0.0000161 seconds
[2019-06-24T08:45:58.439+0000][1][safepoint    ] Application time: 0.0681635 seconds
[2019-06-24T08:45:58.439+0000][1][safepoint    ] Entering safepoint region: GenCollectForAllocation
[2019-06-24T08:45:58.439+0000][1][gc,start     ] GC(10) Pause Young (Allocation Failure)
[2019-06-24T08:45:58.439+0000][1][gc,task      ] GC(10) Using 5 workers of 8 for evacuation
[2019-06-24T08:45:58.442+0000][1][gc,age       ] GC(10) Desired survivor size 4456448 bytes, new threshold 6 (max threshold 6)
[2019-06-24T08:45:58.442+0000][1][gc,age       ] GC(10) Age table with threshold 6 (max threshold 6)
[2019-06-24T08:45:58.442+0000][1][gc,age       ] GC(10) - age   1:     700768 bytes,     700768 total
[2019-06-24T08:45:58.442+0000][1][gc,age       ] GC(10) - age   2:     296136 bytes,     996904 total
[2019-06-24T08:45:58.442+0000][1][gc,age       ] GC(10) - age   3:     703032 bytes,    1699936 total
[2019-06-24T08:45:58.442+0000][1][gc,age       ] GC(10) - age   4:    1129848 bytes,    2829784 total
[2019-06-24T08:45:58.442+0000][1][gc,heap      ] GC(10) ParNew: 75703K->5218K(78656K)
[2019-06-24T08:45:58.442+0000][1][gc,heap      ] GC(10) CMS: 11826K->13982K(174784K)
[2019-06-24T08:45:58.442+0000][1][gc,metaspace ] GC(10) Metaspace: 20274K->20274K(1069056K)
[2019-06-24T08:45:58.442+0000][1][gc           ] GC(10) Pause Young (Allocation Failure) 85M->18M(247M) 3.532ms
[2019-06-24T08:45:58.442+0000][1][gc,cpu       ] GC(10) User=0.02s Sys=0.00s Real=0.00s
[2019-06-24T08:45:58.442+0000][1][safepoint    ] Leaving safepoint region
[2019-06-24T08:45:58.442+0000][1][safepoint    ] Total time for which application threads were stopped: 0.0036454 seconds, Stopping threads took: 0.0000167 seconds
[2019-06-24T08:45:58.446+0000][1][gc           ] GC(8) Concurrent Abortable Preclean 171.534ms
[2019-06-24T08:45:58.446+0000][1][gc,cpu       ] GC(8) User=0.80s Sys=0.02s Real=0.17s
[2019-06-24T08:45:58.446+0000][1][safepoint    ] Application time: 0.0040244 seconds
[2019-06-24T08:45:58.446+0000][1][safepoint    ] Entering safepoint region: CMS_Final_Remark
[2019-06-24T08:45:58.446+0000][1][gc,start     ] GC(8) Pause Remark
[2019-06-24T08:45:58.453+0000][1][gc           ] GC(8) Pause Remark 24M->24M(247M) 6.430ms
[2019-06-24T08:45:58.453+0000][1][gc,cpu       ] GC(8) User=0.02s Sys=0.00s Real=0.00s
[2019-06-24T08:45:58.453+0000][1][safepoint    ] Leaving safepoint region
[2019-06-24T08:45:58.453+0000][1][safepoint    ] Total time for which application threads were stopped: 0.0065725 seconds, Stopping threads took: 0.0000424 seconds
[2019-06-24T08:45:58.453+0000][1][gc           ] GC(8) Concurrent Sweep
[2019-06-24T08:45:58.460+0000][1][gc           ] GC(8) Concurrent Sweep 6.867ms
[2019-06-24T08:45:58.460+0000][1][gc,cpu       ] GC(8) User=0.04s Sys=0.00s Real=0.01s
[2019-06-24T08:45:58.460+0000][1][gc           ] GC(8) Concurrent Reset
[2019-06-24T08:45:58.460+0000][1][gc           ] GC(8) Concurrent Reset 0.475ms
[2019-06-24T08:45:58.460+0000][1][gc,cpu       ] GC(8) User=0.00s Sys=0.00s Real=0.00s
[2019-06-24T08:45:58.460+0000][1][gc,heap      ] GC(8) Old: 11386K->13956K(174784K)
[2019-06-24T08:45:58.530+0000][1][safepoint    ] Application time: 0.0767264 seconds
[2019-06-24T08:45:58.530+0000][1][safepoint    ] Entering safepoint region: GenCollectForAllocation
[2019-06-24T08:45:58.530+0000][1][gc,start     ] GC(11) Pause Young (Allocation Failure)
[2019-06-24T08:45:58.530+0000][1][gc,task      ] GC(11) Using 5 workers of 8 for evacuation
[2019-06-24T08:45:58.533+0000][1][gc,age       ] GC(11) Desired survivor size 4456448 bytes, new threshold 6 (max threshold 6)
[2019-06-24T08:45:58.533+0000][1][gc,age       ] GC(11) Age table with threshold 6 (max threshold 6)
[2019-06-24T08:45:58.533+0000][1][gc,age       ] GC(11) - age   1:    2130944 bytes,    2130944 total
[2019-06-24T08:45:58.533+0000][1][gc,age       ] GC(11) - age   2:     100440 bytes,    2231384 total
[2019-06-24T08:45:58.533+0000][1][gc,age       ] GC(11) - age   3:     296136 bytes,    2527520 total
[2019-06-24T08:45:58.533+0000][1][gc,age       ] GC(11) - age   4:     702880 bytes,    3230400 total
[2019-06-24T08:45:58.533+0000][1][gc,age       ] GC(11) - age   5:    1129560 bytes,    4359960 total
[2019-06-24T08:45:58.533+0000][1][gc,heap      ] GC(11) ParNew: 75170K->5401K(78656K)
[2019-06-24T08:45:58.533+0000][1][gc,heap      ] GC(11) CMS: 13956K->13956K(174784K)
[2019-06-24T08:45:58.533+0000][1][gc,metaspace ] GC(11) Metaspace: 20356K->20356K(1069056K)
[2019-06-24T08:45:58.533+0000][1][gc           ] GC(11) Pause Young (Allocation Failure) 87M->18M(247M) 2.965ms
[2019-06-24T08:45:58.533+0000][1][gc,cpu       ] GC(11) User=0.02s Sys=0.00s Real=0.00s
[2019-06-24T08:45:58.533+0000][1][safepoint    ] Leaving safepoint region
[2019-06-24T08:45:58.533+0000][1][safepoint    ] Total time for which application threads were stopped: 0.0033651 seconds, Stopping threads took: 0.0000120 seconds
[2019-06-24T08:45:58.584+0000][1][safepoint    ] Application time: 0.0506828 seconds
[2019-06-24T08:45:58.584+0000][1][safepoint    ] Entering safepoint region: Deoptimize
[2019-06-24T08:45:58.584+0000][1][safepoint    ] Leaving safepoint region
[2019-06-24T08:45:58.584+0000][1][safepoint    ] Total time for which application threads were stopped: 0.0003004 seconds, Stopping threads took: 0.0000119 seconds
[2019-06-24T08:45:58.921+0000][1][safepoint    ] Application time: 0.3369382 seconds
[2019-06-24T08:45:58.921+0000][1][safepoint    ] Entering safepoint region: Deoptimize
[2019-06-24T08:45:58.921+0000][1][safepoint    ] Leaving safepoint region
[2019-06-24T08:45:58.921+0000][1][safepoint    ] Total time for which application threads were stopped: 0.0004148 seconds, Stopping threads took: 0.0000116 seconds
[2019-06-24T08:45:58.931+0000][1][safepoint    ] Application time: 0.0098276 seconds
[2019-06-24T08:45:58.931+0000][1][safepoint    ] Entering safepoint region: Deoptimize
[2019-06-24T08:45:58.932+0000][1][safepoint    ] Leaving safepoint region
[2019-06-24T08:45:58.932+0000][1][safepoint    ] Total time for which application threads were stopped: 0.0002827 seconds, Stopping threads took: 0.0000102 seconds
[2019-06-24T08:45:58.936+0000][1][safepoint    ] Application time: 0.0045877 seconds
[2019-06-24T08:45:58.936+0000][1][safepoint    ] Entering safepoint region: Deoptimize
[2019-06-24T08:45:58.936+0000][1][safepoint    ] Leaving safepoint region
[2019-06-24T08:45:58.936+0000][1][safepoint    ] Total time for which application threads were stopped: 0.0002964 seconds, Stopping threads took: 0.0000167 seconds
[2019-06-24T08:45:59.078+0000][1][safepoint    ] Application time: 0.1415633 seconds
[2019-06-24T08:45:59.078+0000][1][safepoint    ] Entering safepoint region: GenCollectForAllocation
[2019-06-24T08:45:59.078+0000][1][gc,start     ] GC(12) Pause Young (Allocation Failure)
[2019-06-24T08:45:59.078+0000][1][gc,task      ] GC(12) Using 5 workers of 8 for evacuation
[2019-06-24T08:45:59.083+0000][1][gc,age       ] GC(12) Desired survivor size 4456448 bytes, new threshold 1 (max threshold 6)
[2019-06-24T08:45:59.083+0000][1][gc,age       ] GC(12) Age table with threshold 1 (max threshold 6)
[2019-06-24T08:45:59.083+0000][1][gc,age       ] GC(12) - age   1:    4495960 bytes,    4495960 total
[2019-06-24T08:45:59.083+0000][1][gc,age       ] GC(12) - age   2:     344968 bytes,    4840928 total
[2019-06-24T08:45:59.083+0000][1][gc,age       ] GC(12) - age   3:     100144 bytes,    4941072 total
[2019-06-24T08:45:59.083+0000][1][gc,age       ] GC(12) - age   4:     296136 bytes,    5237208 total
[2019-06-24T08:45:59.083+0000][1][gc,age       ] GC(12) - age   5:     697520 bytes,    5934728 total
[2019-06-24T08:45:59.083+0000][1][gc,age       ] GC(12) - age   6:    1129400 bytes,    7064128 total
[2019-06-24T08:45:59.083+0000][1][gc,heap      ] GC(12) ParNew: 75353K->8704K(78656K)
[2019-06-24T08:45:59.083+0000][1][gc,heap      ] GC(12) CMS: 13956K->13956K(174784K)
[2019-06-24T08:45:59.084+0000][1][gc,metaspace ] GC(12) Metaspace: 26279K->26279K(1073152K)
[2019-06-24T08:45:59.084+0000][1][gc           ] GC(12) Pause Young (Allocation Failure) 87M->22M(247M) 5.362ms
[2019-06-24T08:45:59.084+0000][1][gc,cpu       ] GC(12) User=0.03s Sys=0.00s Real=0.01s
[2019-06-24T08:45:59.084+0000][1][safepoint    ] Leaving safepoint region
[2019-06-24T08:45:59.084+0000][1][safepoint    ] Total time for which application threads were stopped: 0.0055055 seconds, Stopping threads took: 0.0000248 seconds
[2019-06-24T08:45:59.591+0000][1][safepoint    ] Application time: 0.5069016 seconds
[2019-06-24T08:45:59.591+0000][1][safepoint    ] Entering safepoint region: Deoptimize
[2019-06-24T08:45:59.591+0000][1][safepoint    ] Leaving safepoint region
[2019-06-24T08:45:59.591+0000][1][safepoint    ] Total time for which application threads were stopped: 0.0005609 seconds, Stopping threads took: 0.0000314 seconds
[2019-06-24T08:45:59.660+0000][1][safepoint    ] Application time: 0.0688697 seconds
[2019-06-24T08:45:59.660+0000][1][safepoint    ] Entering safepoint region: GenCollectForAllocation
[2019-06-24T08:45:59.660+0000][1][gc,start     ] GC(13) Pause Young (Allocation Failure)
[2019-06-24T08:45:59.660+0000][1][gc,task      ] GC(13) Using 5 workers of 8 for evacuation
[2019-06-24T08:45:59.677+0000][1][gc,age       ] GC(13) Desired survivor size 4456448 bytes, new threshold 1 (max threshold 6)
[2019-06-24T08:45:59.677+0000][1][gc,age       ] GC(13) Age table with threshold 1 (max threshold 6)
[2019-06-24T08:45:59.677+0000][1][gc,age       ] GC(13) - age   1:    8911440 bytes,    8911440 total
[2019-06-24T08:45:59.677+0000][1][gc,heap      ] GC(13) ParNew: 78656K->8704K(78656K)
[2019-06-24T08:45:59.677+0000][1][gc,heap      ] GC(13) CMS: 13956K->25647K(174784K)
[2019-06-24T08:45:59.677+0000][1][gc,metaspace ] GC(13) Metaspace: 26911K->26911K(1075200K)
[2019-06-24T08:45:59.677+0000][1][gc           ] GC(13) Pause Young (Allocation Failure) 90M->33M(247M) 17.032ms
[2019-06-24T08:45:59.677+0000][1][gc,cpu       ] GC(13) User=0.10s Sys=0.00s Real=0.02s
[2019-06-24T08:45:59.677+0000][1][safepoint    ] Leaving safepoint region
[2019-06-24T08:45:59.677+0000][1][safepoint    ] Total time for which application threads were stopped: 0.0171576 seconds, Stopping threads took: 0.0000158 seconds
[2019-06-24T08:45:59.816+0000][1][safepoint    ] Application time: 0.1390628 seconds
[2019-06-24T08:45:59.816+0000][1][safepoint    ] Entering safepoint region: RevokeBias
[2019-06-24T08:45:59.816+0000][1][safepoint    ] Leaving safepoint region
[2019-06-24T08:45:59.816+0000][1][safepoint    ] Total time for which application threads were stopped: 0.0000890 seconds, Stopping threads took: 0.0000163 seconds
[2019-06-24T08:46:00.074+0000][1][safepoint    ] Application time: 0.2574772 seconds
[2019-06-24T08:46:00.074+0000][1][safepoint    ] Entering safepoint region: GenCollectForAllocation
[2019-06-24T08:46:00.074+0000][1][gc,start     ] GC(14) Pause Young (Allocation Failure)
[2019-06-24T08:46:00.074+0000][1][gc,task      ] GC(14) Using 5 workers of 8 for evacuation
[2019-06-24T08:46:00.098+0000][1][gc,age       ] GC(14) Desired survivor size 4456448 bytes, new threshold 1 (max threshold 6)
[2019-06-24T08:46:00.098+0000][1][gc,age       ] GC(14) Age table with threshold 1 (max threshold 6)
[2019-06-24T08:46:00.098+0000][1][gc,age       ] GC(14) - age   1:    8758720 bytes,    8758720 total
[2019-06-24T08:46:00.098+0000][1][gc,heap      ] GC(14) ParNew: 78656K->8704K(78656K)
[2019-06-24T08:46:00.098+0000][1][gc,heap      ] GC(14) CMS: 25647K->39629K(174784K)
[2019-06-24T08:46:00.098+0000][1][gc,metaspace ] GC(14) Metaspace: 26980K->26980K(1075200K)
[2019-06-24T08:46:00.098+0000][1][gc           ] GC(14) Pause Young (Allocation Failure) 101M->47M(247M) 24.083ms
[2019-06-24T08:46:00.098+0000][1][gc,cpu       ] GC(14) User=0.19s Sys=0.00s Real=0.03s
[2019-06-24T08:46:00.098+0000][1][safepoint    ] Leaving safepoint region
[2019-06-24T08:46:00.098+0000][1][safepoint    ] Total time for which application threads were stopped: 0.0242726 seconds, Stopping threads took: 0.0000174 seconds
[2019-06-24T08:46:00.463+0000][1][safepoint    ] Application time: 0.3648172 seconds
[2019-06-24T08:46:00.463+0000][1][safepoint    ] Entering safepoint region: RevokeBias
[2019-06-24T08:46:00.463+0000][1][safepoint    ] Leaving safepoint region
[2019-06-24T08:46:00.463+0000][1][safepoint    ] Total time for which application threads were stopped: 0.0001234 seconds, Stopping threads took: 0.0000190 seconds
[2019-06-24T08:46:00.631+0000][1][safepoint    ] Application time: 0.1677531 seconds
[2019-06-24T08:46:00.631+0000][1][safepoint    ] Entering safepoint region: GenCollectForAllocation
[2019-06-24T08:46:00.631+0000][1][gc,start     ] GC(15) Pause Young (Allocation Failure)
[2019-06-24T08:46:00.631+0000][1][gc,task      ] GC(15) Using 5 workers of 8 for evacuation
[2019-06-24T08:46:00.647+0000][1][gc,age       ] GC(15) Desired survivor size 4456448 bytes, new threshold 1 (max threshold 6)
[2019-06-24T08:46:00.647+0000][1][gc,age       ] GC(15) Age table with threshold 1 (max threshold 6)
[2019-06-24T08:46:00.647+0000][1][gc,age       ] GC(15) - age   1:    6457616 bytes,    6457616 total
[2019-06-24T08:46:00.647+0000][1][gc,heap      ] GC(15) ParNew: 78656K->8704K(78656K)
[2019-06-24T08:46:00.647+0000][1][gc,heap      ] GC(15) CMS: 39629K->49420K(174784K)
[2019-06-24T08:46:00.647+0000][1][gc,metaspace ] GC(15) Metaspace: 32499K->32499K(1079296K)
[2019-06-24T08:46:00.647+0000][1][gc           ] GC(15) Pause Young (Allocation Failure) 115M->56M(247M) 15.710ms
[2019-06-24T08:46:00.647+0000][1][gc,cpu       ] GC(15) User=0.10s Sys=0.00s Real=0.02s
[2019-06-24T08:46:00.647+0000][1][safepoint    ] Leaving safepoint region
[2019-06-24T08:46:00.647+0000][1][safepoint    ] Total time for which application threads were stopped: 0.0158376 seconds, Stopping threads took: 0.0000122 seconds
[2019-06-24T08:46:00.760+0000][1][safepoint    ] Application time: 0.1131971 seconds
[2019-06-24T08:46:00.760+0000][1][safepoint    ] Entering safepoint region: GenCollectForAllocation
[2019-06-24T08:46:00.760+0000][1][gc,start     ] GC(16) Pause Young (Allocation Failure)
[2019-06-24T08:46:00.760+0000][1][gc,task      ] GC(16) Using 5 workers of 8 for evacuation
[2019-06-24T08:46:00.768+0000][1][gc,age       ] GC(16) Desired survivor size 4456448 bytes, new threshold 6 (max threshold 6)
[2019-06-24T08:46:00.768+0000][1][gc,age       ] GC(16) Age table with threshold 6 (max threshold 6)
[2019-06-24T08:46:00.768+0000][1][gc,age       ] GC(16) - age   1:     208104 bytes,     208104 total
[2019-06-24T08:46:00.768+0000][1][gc,heap      ] GC(16) ParNew: 78656K->6831K(78656K)
[2019-06-24T08:46:00.768+0000][1][gc,heap      ] GC(16) CMS: 49420K->55772K(174784K)
[2019-06-24T08:46:00.768+0000][1][gc,metaspace ] GC(16) Metaspace: 32781K->32781K(1079296K)
[2019-06-24T08:46:00.768+0000][1][gc           ] GC(16) Pause Young (Allocation Failure) 125M->61M(247M) 7.548ms
[2019-06-24T08:46:00.768+0000][1][gc,cpu       ] GC(16) User=0.05s Sys=0.00s Real=0.01s
[2019-06-24T08:46:00.768+0000][1][safepoint    ] Leaving safepoint region
[2019-06-24T08:46:00.768+0000][1][safepoint    ] Total time for which application threads were stopped: 0.0076566 seconds, Stopping threads took: 0.0000120 seconds
[2019-06-24T08:46:00.918+0000][1][safepoint    ] Application time: 0.1505564 seconds
[2019-06-24T08:46:00.918+0000][1][safepoint    ] Entering safepoint region: CollectForMetadataAllocation
[2019-06-24T08:46:00.918+0000][1][safepoint    ] Leaving safepoint region
[2019-06-24T08:46:00.919+0000][1][safepoint    ] Total time for which application threads were stopped: 0.0001786 seconds, Stopping threads took: 0.0000218 seconds
[2019-06-24T08:46:00.961+0000][1][safepoint    ] Application time: 0.0428294 seconds
[2019-06-24T08:46:00.961+0000][1][safepoint    ] Entering safepoint region: CollectForMetadataAllocation
[2019-06-24T08:46:00.962+0000][1][safepoint    ] Leaving safepoint region
[2019-06-24T08:46:00.962+0000][1][safepoint    ] Total time for which application threads were stopped: 0.0001730 seconds, Stopping threads took: 0.0000116 seconds
[2019-06-24T08:46:00.976+0000][1][safepoint    ] Application time: 0.0148314 seconds
[2019-06-24T08:46:00.976+0000][1][safepoint    ] Entering safepoint region: CollectForMetadataAllocation
[2019-06-24T08:46:00.977+0000][1][safepoint    ] Leaving safepoint region
[2019-06-24T08:46:00.977+0000][1][safepoint    ] Total time for which application threads were stopped: 0.0000981 seconds, Stopping threads took: 0.0000112 seconds
[2019-06-24T08:46:01.009+0000][1][safepoint    ] Application time: 0.0324353 seconds
[2019-06-24T08:46:01.009+0000][1][safepoint    ] Entering safepoint region: CollectForMetadataAllocation
[2019-06-24T08:46:01.009+0000][1][safepoint    ] Leaving safepoint region
[2019-06-24T08:46:01.009+0000][1][safepoint    ] Total time for which application threads were stopped: 0.0001569 seconds, Stopping threads took: 0.0000111 seconds
[2019-06-24T08:46:01.022+0000][1][safepoint    ] Application time: 0.0127647 seconds
[2019-06-24T08:46:01.022+0000][1][safepoint    ] Entering safepoint region: CollectForMetadataAllocation
[2019-06-24T08:46:01.022+0000][1][safepoint    ] Leaving safepoint region
[2019-06-24T08:46:01.022+0000][1][safepoint    ] Total time for which application threads were stopped: 0.0001571 seconds, Stopping threads took: 0.0000109 seconds
[2019-06-24T08:46:01.038+0000][1][safepoint    ] Application time: 0.0156602 seconds
[2019-06-24T08:46:01.038+0000][1][safepoint    ] Entering safepoint region: CollectForMetadataAllocation
[2019-06-24T08:46:01.038+0000][1][safepoint    ] Leaving safepoint region
[2019-06-24T08:46:01.038+0000][1][safepoint    ] Total time for which application threads were stopped: 0.0001472 seconds, Stopping threads took: 0.0000109 seconds
[2019-06-24T08:46:01.055+0000][1][safepoint    ] Application time: 0.0166399 seconds
[2019-06-24T08:46:01.055+0000][1][safepoint    ] Entering safepoint region: CollectForMetadataAllocation
[2019-06-24T08:46:01.055+0000][1][safepoint    ] Leaving safepoint region
[2019-06-24T08:46:01.055+0000][1][safepoint    ] Total time for which application threads were stopped: 0.0001457 seconds, Stopping threads took: 0.0000104 seconds
[2019-06-24T08:46:01.069+0000][1][safepoint    ] Application time: 0.0144122 seconds
[2019-06-24T08:46:01.069+0000][1][safepoint    ] Entering safepoint region: CollectForMetadataAllocation
[2019-06-24T08:46:01.069+0000][1][safepoint    ] Leaving safepoint region
[2019-06-24T08:46:01.069+0000][1][safepoint    ] Total time for which application threads were stopped: 0.0002359 seconds, Stopping threads took: 0.0000933 seconds
[2019-06-24T08:46:01.087+0000][1][safepoint    ] Application time: 0.0170283 seconds
[2019-06-24T08:46:01.087+0000][1][safepoint    ] Entering safepoint region: CollectForMetadataAllocation
[2019-06-24T08:46:01.087+0000][1][safepoint    ] Leaving safepoint region
[2019-06-24T08:46:01.087+0000][1][safepoint    ] Total time for which application threads were stopped: 0.0001607 seconds, Stopping threads took: 0.0000110 seconds
[2019-06-24T08:46:01.102+0000][1][safepoint    ] Application time: 0.0151702 seconds
[2019-06-24T08:46:01.102+0000][1][safepoint    ] Entering safepoint region: CollectForMetadataAllocation
[2019-06-24T08:46:01.102+0000][1][safepoint    ] Leaving safepoint region
[2019-06-24T08:46:01.102+0000][1][safepoint    ] Total time for which application threads were stopped: 0.0001428 seconds, Stopping threads took: 0.0000105 seconds
[2019-06-24T08:46:01.126+0000][1][safepoint    ] Application time: 0.0238643 seconds
[2019-06-24T08:46:01.126+0000][1][safepoint    ] Entering safepoint region: CollectForMetadataAllocation
[2019-06-24T08:46:01.126+0000][1][safepoint    ] Leaving safepoint region
[2019-06-24T08:46:01.126+0000][1][safepoint    ] Total time for which application threads were stopped: 0.0002377 seconds, Stopping threads took: 0.0001013 seconds
[2019-06-24T08:46:01.133+0000][1][safepoint    ] Application time: 0.0063867 seconds
[2019-06-24T08:46:01.133+0000][1][safepoint    ] Entering safepoint region: RevokeBias
[2019-06-24T08:46:01.133+0000][1][safepoint    ] Leaving safepoint region
[2019-06-24T08:46:01.133+0000][1][safepoint    ] Total time for which application threads were stopped: 0.0001122 seconds, Stopping threads took: 0.0000304 seconds
[2019-06-24T08:46:01.141+0000][1][safepoint    ] Application time: 0.0083126 seconds
[2019-06-24T08:46:01.141+0000][1][safepoint    ] Entering safepoint region: CollectForMetadataAllocation
[2019-06-24T08:46:01.141+0000][1][safepoint    ] Leaving safepoint region
[2019-06-24T08:46:01.141+0000][1][safepoint    ] Total time for which application threads were stopped: 0.0001345 seconds, Stopping threads took: 0.0000097 seconds
[2019-06-24T08:46:01.160+0000][1][safepoint    ] Application time: 0.0185495 seconds
[2019-06-24T08:46:01.160+0000][1][safepoint    ] Entering safepoint region: RevokeBias
[2019-06-24T08:46:01.160+0000][1][safepoint    ] Leaving safepoint region
[2019-06-24T08:46:01.160+0000][1][safepoint    ] Total time for which application threads were stopped: 0.0000907 seconds, Stopping threads took: 0.0000099 seconds
[2019-06-24T08:46:01.168+0000][1][safepoint    ] Application time: 0.0078371 seconds
[2019-06-24T08:46:01.168+0000][1][safepoint    ] Entering safepoint region: CollectForMetadataAllocation
[2019-06-24T08:46:01.168+0000][1][safepoint    ] Leaving safepoint region
[2019-06-24T08:46:01.168+0000][1][safepoint    ] Total time for which application threads were stopped: 0.0001473 seconds, Stopping threads took: 0.0000107 seconds
[2019-06-24T08:46:01.185+0000][1][safepoint    ] Application time: 0.0167927 seconds
[2019-06-24T08:46:01.185+0000][1][safepoint    ] Entering safepoint region: CollectForMetadataAllocation
[2019-06-24T08:46:01.185+0000][1][safepoint    ] Leaving safepoint region
[2019-06-24T08:46:01.185+0000][1][safepoint    ] Total time for which application threads were stopped: 0.0001507 seconds, Stopping threads took: 0.0000110 seconds
[2019-06-24T08:46:01.201+0000][1][safepoint    ] Application time: 0.0158407 seconds
[2019-06-24T08:46:01.201+0000][1][safepoint    ] Entering safepoint region: CollectForMetadataAllocation
[2019-06-24T08:46:01.201+0000][1][safepoint    ] Leaving safepoint region
[2019-06-24T08:46:01.201+0000][1][safepoint    ] Total time for which application threads were stopped: 0.0001159 seconds, Stopping threads took: 0.0000111 seconds
[2019-06-24T08:46:01.225+0000][1][safepoint    ] Application time: 0.0238276 seconds
[2019-06-24T08:46:01.225+0000][1][safepoint    ] Entering safepoint region: CollectForMetadataAllocation
[2019-06-24T08:46:01.225+0000][1][safepoint    ] Leaving safepoint region
[2019-06-24T08:46:01.225+0000][1][safepoint    ] Total time for which application threads were stopped: 0.0001654 seconds, Stopping threads took: 0.0000106 seconds
[2019-06-24T08:46:01.237+0000][1][safepoint    ] Application time: 0.0116907 seconds
[2019-06-24T08:46:01.237+0000][1][safepoint    ] Entering safepoint region: CollectForMetadataAllocation
[2019-06-24T08:46:01.237+0000][1][safepoint    ] Leaving safepoint region
[2019-06-24T08:46:01.237+0000][1][safepoint    ] Total time for which application threads were stopped: 0.0001428 seconds, Stopping threads took: 0.0000101 seconds
[2019-06-24T08:46:01.252+0000][1][safepoint    ] Application time: 0.0152592 seconds
[2019-06-24T08:46:01.252+0000][1][safepoint    ] Entering safepoint region: CollectForMetadataAllocation
[2019-06-24T08:46:01.252+0000][1][safepoint    ] Leaving safepoint region
[2019-06-24T08:46:01.252+0000][1][safepoint    ] Total time for which application threads were stopped: 0.0001379 seconds, Stopping threads took: 0.0000101 seconds
[2019-06-24T08:46:01.264+0000][1][safepoint    ] Application time: 0.0122309 seconds
[2019-06-24T08:46:01.264+0000][1][safepoint    ] Entering safepoint region: CollectForMetadataAllocation
[2019-06-24T08:46:01.265+0000][1][safepoint    ] Leaving safepoint region
[2019-06-24T08:46:01.265+0000][1][safepoint    ] Total time for which application threads were stopped: 0.0001465 seconds, Stopping threads took: 0.0000097 seconds
[2019-06-24T08:46:01.280+0000][1][safepoint    ] Application time: 0.0151776 seconds
[2019-06-24T08:46:01.280+0000][1][safepoint    ] Entering safepoint region: CollectForMetadataAllocation
[2019-06-24T08:46:01.280+0000][1][safepoint    ] Leaving safepoint region
[2019-06-24T08:46:01.280+0000][1][safepoint    ] Total time for which application threads were stopped: 0.0001458 seconds, Stopping threads took: 0.0000204 seconds
[2019-06-24T08:46:01.293+0000][1][safepoint    ] Application time: 0.0130196 seconds
[2019-06-24T08:46:01.293+0000][1][safepoint    ] Entering safepoint region: CollectForMetadataAllocation
[2019-06-24T08:46:01.293+0000][1][safepoint    ] Leaving safepoint region
[2019-06-24T08:46:01.293+0000][1][safepoint    ] Total time for which application threads were stopped: 0.0001388 seconds, Stopping threads took: 0.0000098 seconds
[2019-06-24T08:46:01.309+0000][1][safepoint    ] Application time: 0.0153260 seconds
[2019-06-24T08:46:01.309+0000][1][safepoint    ] Entering safepoint region: CollectForMetadataAllocation
[2019-06-24T08:46:01.309+0000][1][safepoint    ] Leaving safepoint region
[2019-06-24T08:46:01.309+0000][1][safepoint    ] Total time for which application threads were stopped: 0.0001350 seconds, Stopping threads took: 0.0000097 seconds
[2019-06-24T08:46:01.320+0000][1][safepoint    ] Application time: 0.0113236 seconds
[2019-06-24T08:46:01.320+0000][1][safepoint    ] Entering safepoint region: CollectForMetadataAllocation
[2019-06-24T08:46:01.320+0000][1][safepoint    ] Leaving safepoint region
[2019-06-24T08:46:01.320+0000][1][safepoint    ] Total time for which application threads were stopped: 0.0001387 seconds, Stopping threads took: 0.0000107 seconds
[2019-06-24T08:46:01.335+0000][1][safepoint    ] Application time: 0.0152269 seconds
[2019-06-24T08:46:01.335+0000][1][safepoint    ] Entering safepoint region: CollectForMetadataAllocation
[2019-06-24T08:46:01.336+0000][1][safepoint    ] Leaving safepoint region
[2019-06-24T08:46:01.336+0000][1][safepoint    ] Total time for which application threads were stopped: 0.0001681 seconds, Stopping threads took: 0.0000134 seconds
[2019-06-24T08:46:01.351+0000][1][safepoint    ] Application time: 0.0154803 seconds
[2019-06-24T08:46:01.351+0000][1][safepoint    ] Entering safepoint region: CollectForMetadataAllocation
[2019-06-24T08:46:01.351+0000][1][safepoint    ] Leaving safepoint region
[2019-06-24T08:46:01.351+0000][1][safepoint    ] Total time for which application threads were stopped: 0.0001502 seconds, Stopping threads took: 0.0000118 seconds
[2019-06-24T08:46:01.370+0000][1][safepoint    ] Application time: 0.0189221 seconds
[2019-06-24T08:46:01.370+0000][1][safepoint    ] Entering safepoint region: CollectForMetadataAllocation
[2019-06-24T08:46:01.370+0000][1][safepoint    ] Leaving safepoint region
[2019-06-24T08:46:01.370+0000][1][safepoint    ] Total time for which application threads were stopped: 0.0001180 seconds, Stopping threads took: 0.0000121 seconds
[2019-06-24T08:46:01.398+0000][1][safepoint    ] Application time: 0.0273486 seconds
[2019-06-24T08:46:01.398+0000][1][safepoint    ] Entering safepoint region: CollectForMetadataAllocation
[2019-06-24T08:46:01.398+0000][1][safepoint    ] Leaving safepoint region
[2019-06-24T08:46:01.398+0000][1][safepoint    ] Total time for which application threads were stopped: 0.0001208 seconds, Stopping threads took: 0.0000260 seconds
[2019-06-24T08:46:01.420+0000][1][safepoint    ] Application time: 0.0218207 seconds
[2019-06-24T08:46:01.420+0000][1][safepoint    ] Entering safepoint region: CollectForMetadataAllocation
[2019-06-24T08:46:01.420+0000][1][safepoint    ] Leaving safepoint region
[2019-06-24T08:46:01.420+0000][1][safepoint    ] Total time for which application threads were stopped: 0.0002369 seconds, Stopping threads took: 0.0000919 seconds
[2019-06-24T08:46:01.425+0000][1][safepoint    ] Application time: 0.0046009 seconds
[2019-06-24T08:46:01.425+0000][1][safepoint    ] Entering safepoint region: RevokeBias
[2019-06-24T08:46:01.425+0000][1][safepoint    ] Leaving safepoint region
[2019-06-24T08:46:01.425+0000][1][safepoint    ] Total time for which application threads were stopped: 0.0001023 seconds, Stopping threads took: 0.0000432 seconds
[2019-06-24T08:46:01.437+0000][1][safepoint    ] Application time: 0.0119994 seconds
[2019-06-24T08:46:01.437+0000][1][safepoint    ] Entering safepoint region: CollectForMetadataAllocation
[2019-06-24T08:46:01.437+0000][1][safepoint    ] Leaving safepoint region
[2019-06-24T08:46:01.437+0000][1][safepoint    ] Total time for which application threads were stopped: 0.0001724 seconds, Stopping threads took: 0.0000119 seconds
[2019-06-24T08:46:01.964+0000][1][safepoint    ] Application time: 0.5269155 seconds
[2019-06-24T08:46:01.964+0000][1][safepoint    ] Entering safepoint region: CollectForMetadataAllocation
[2019-06-24T08:46:01.964+0000][1][safepoint    ] Leaving safepoint region
[2019-06-24T08:46:01.964+0000][1][safepoint    ] Total time for which application threads were stopped: 0.0001825 seconds, Stopping threads took: 0.0000122 seconds
[2019-06-24T08:46:02.136+0000][1][safepoint    ] Application time: 0.1714800 seconds
[2019-06-24T08:46:02.136+0000][1][safepoint    ] Entering safepoint region: CollectForMetadataAllocation
[2019-06-24T08:46:02.136+0000][1][safepoint    ] Leaving safepoint region
[2019-06-24T08:46:02.136+0000][1][safepoint    ] Total time for which application threads were stopped: 0.0008750 seconds, Stopping threads took: 0.0007514 seconds
[2019-06-24T08:46:02.138+0000][1][safepoint    ] Application time: 0.0014262 seconds
[2019-06-24T08:46:02.138+0000][1][safepoint    ] Entering safepoint region: GenCollectForAllocation
[2019-06-24T08:46:02.138+0000][1][gc,start     ] GC(17) Pause Young (Allocation Failure)
[2019-06-24T08:46:02.138+0000][1][gc,task      ] GC(17) Using 5 workers of 8 for evacuation
[2019-06-24T08:46:02.142+0000][1][gc,age       ] GC(17) Desired survivor size 4456448 bytes, new threshold 6 (max threshold 6)
[2019-06-24T08:46:02.142+0000][1][gc,age       ] GC(17) Age table with threshold 6 (max threshold 6)
[2019-06-24T08:46:02.142+0000][1][gc,age       ] GC(17) - age   1:    3971608 bytes,    3971608 total
[2019-06-24T08:46:02.142+0000][1][gc,age       ] GC(17) - age   2:     206792 bytes,    4178400 total
[2019-06-24T08:46:02.142+0000][1][gc,heap      ] GC(17) ParNew: 76783K->4539K(78656K)
[2019-06-24T08:46:02.142+0000][1][gc,heap      ] GC(17) CMS: 55772K->55772K(174784K)
[2019-06-24T08:46:02.142+0000][1][gc,metaspace ] GC(17) Metaspace: 42273K->42273K(1087488K)
[2019-06-24T08:46:02.142+0000][1][gc           ] GC(17) Pause Young (Allocation Failure) 129M->58M(247M) 3.846ms
[2019-06-24T08:46:02.142+0000][1][gc,cpu       ] GC(17) User=0.02s Sys=0.00s Real=0.00s
[2019-06-24T08:46:02.142+0000][1][safepoint    ] Leaving safepoint region
[2019-06-24T08:46:02.142+0000][1][safepoint    ] Total time for which application threads were stopped: 0.0039300 seconds, Stopping threads took: 0.0000085 seconds
[2019-06-24T08:46:02.142+0000][1][safepoint    ] Application time: 0.0002028 seconds
[2019-06-24T08:46:02.142+0000][1][safepoint    ] Entering safepoint region: CMS_Initial_Mark
[2019-06-24T08:46:02.142+0000][1][gc,start     ] GC(18) Pause Initial Mark
[2019-06-24T08:46:02.143+0000][1][gc           ] GC(18) Pause Initial Mark 60M->60M(247M) 1.256ms
[2019-06-24T08:46:02.143+0000][1][gc,cpu       ] GC(18) User=0.01s Sys=0.00s Real=0.01s
[2019-06-24T08:46:02.144+0000][1][safepoint    ] Leaving safepoint region
[2019-06-24T08:46:02.144+0000][1][safepoint    ] Total time for which application threads were stopped: 0.0014126 seconds, Stopping threads took: 0.0000739 seconds
[2019-06-24T08:46:02.144+0000][1][gc           ] GC(18) Concurrent Mark
[2019-06-24T08:46:02.144+0000][1][gc,task      ] GC(18) Using 2 workers of 2 for marking
[2019-06-24T08:46:02.152+0000][1][safepoint    ] Application time: 0.0084252 seconds
[2019-06-24T08:46:02.152+0000][1][safepoint    ] Entering safepoint region: CollectForMetadataAllocation
[2019-06-24T08:46:02.152+0000][1][safepoint    ] Leaving safepoint region
[2019-06-24T08:46:02.152+0000][1][safepoint    ] Total time for which application threads were stopped: 0.0001564 seconds, Stopping threads took: 0.0000103 seconds
[2019-06-24T08:46:02.190+0000][1][gc           ] GC(18) Concurrent Mark 46.524ms
[2019-06-24T08:46:02.190+0000][1][gc,cpu       ] GC(18) User=0.17s Sys=0.01s Real=0.04s
[2019-06-24T08:46:02.190+0000][1][gc           ] GC(18) Concurrent Preclean
[2019-06-24T08:46:02.191+0000][1][gc           ] GC(18) Concurrent Preclean 0.999ms
[2019-06-24T08:46:02.191+0000][1][gc,cpu       ] GC(18) User=0.01s Sys=0.00s Real=0.00s
[2019-06-24T08:46:02.191+0000][1][gc           ] GC(18) Concurrent Abortable Preclean
[2019-06-24T08:46:02.346+0000][1][safepoint    ] Application time: 0.1940884 seconds
[2019-06-24T08:46:02.346+0000][1][safepoint    ] Entering safepoint region: CollectForMetadataAllocation
[2019-06-24T08:46:02.347+0000][1][safepoint    ] Leaving safepoint region
[2019-06-24T08:46:02.347+0000][1][safepoint    ] Total time for which application threads were stopped: 0.0002901 seconds, Stopping threads took: 0.0000178 seconds
[2019-06-24T08:46:02.367+0000][1][safepoint    ] Application time: 0.0203374 seconds
[2019-06-24T08:46:02.367+0000][1][safepoint    ] Entering safepoint region: CollectForMetadataAllocation
[2019-06-24T08:46:02.367+0000][1][safepoint    ] Leaving safepoint region
[2019-06-24T08:46:02.367+0000][1][safepoint    ] Total time for which application threads were stopped: 0.0002112 seconds, Stopping threads took: 0.0000221 seconds
[2019-06-24T08:46:02.381+0000][1][safepoint    ] Application time: 0.0136914 seconds
[2019-06-24T08:46:02.381+0000][1][safepoint    ] Entering safepoint region: CollectForMetadataAllocation
[2019-06-24T08:46:02.381+0000][1][safepoint    ] Leaving safepoint region
[2019-06-24T08:46:02.381+0000][1][safepoint    ] Total time for which application threads were stopped: 0.0002038 seconds, Stopping threads took: 0.0000159 seconds
[2019-06-24T08:46:02.409+0000][1][safepoint    ] Application time: 0.0279027 seconds
[2019-06-24T08:46:02.409+0000][1][safepoint    ] Entering safepoint region: CollectForMetadataAllocation
[2019-06-24T08:46:02.409+0000][1][safepoint    ] Leaving safepoint region
[2019-06-24T08:46:02.409+0000][1][safepoint    ] Total time for which application threads were stopped: 0.0002028 seconds, Stopping threads took: 0.0000156 seconds
[2019-06-24T08:46:02.438+0000][1][safepoint    ] Application time: 0.0290821 seconds
[2019-06-24T08:46:02.438+0000][1][safepoint    ] Entering safepoint region: RevokeBias
[2019-06-24T08:46:02.438+0000][1][safepoint    ] Leaving safepoint region
[2019-06-24T08:46:02.439+0000][1][safepoint    ] Total time for which application threads were stopped: 0.0001174 seconds, Stopping threads took: 0.0000171 seconds
[2019-06-24T08:46:02.439+0000][1][gc           ] GC(18) Concurrent Abortable Preclean 248.170ms
[2019-06-24T08:46:02.439+0000][1][gc,cpu       ] GC(18) User=1.11s Sys=0.02s Real=0.25s
[2019-06-24T08:46:02.439+0000][1][safepoint    ] Application time: 0.0009218 seconds
[2019-06-24T08:46:02.440+0000][1][safepoint    ] Entering safepoint region: CMS_Final_Remark
[2019-06-24T08:46:02.440+0000][1][gc,start     ] GC(18) Pause Remark
[2019-06-24T08:46:02.454+0000][1][gc           ] GC(18) Pause Remark 95M->95M(247M) 13.955ms
[2019-06-24T08:46:02.454+0000][1][gc,cpu       ] GC(18) User=0.05s Sys=0.00s Real=0.01s
[2019-06-24T08:46:02.454+0000][1][safepoint    ] Leaving safepoint region
[2019-06-24T08:46:02.454+0000][1][safepoint    ] Total time for which application threads were stopped: 0.0144522 seconds, Stopping threads took: 0.0003733 seconds
[2019-06-24T08:46:02.454+0000][1][gc           ] GC(18) Concurrent Sweep
[2019-06-24T08:46:02.457+0000][1][safepoint    ] Application time: 0.0026842 seconds
[2019-06-24T08:46:02.457+0000][1][safepoint    ] Entering safepoint region: CollectForMetadataAllocation
[2019-06-24T08:46:02.458+0000][1][safepoint    ] Leaving safepoint region
[2019-06-24T08:46:02.458+0000][1][safepoint    ] Total time for which application threads were stopped: 0.0010304 seconds, Stopping threads took: 0.0003631 seconds
[2019-06-24T08:46:02.487+0000][1][gc           ] GC(18) Concurrent Sweep 33.001ms
[2019-06-24T08:46:02.487+0000][1][gc,cpu       ] GC(18) User=0.11s Sys=0.00s Real=0.04s
[2019-06-24T08:46:02.487+0000][1][gc           ] GC(18) Concurrent Reset
[2019-06-24T08:46:02.487+0000][1][gc           ] GC(18) Concurrent Reset 0.355ms
[2019-06-24T08:46:02.487+0000][1][gc,cpu       ] GC(18) User=0.00s Sys=0.00s Real=0.00s
[2019-06-24T08:46:02.487+0000][1][gc,heap      ] GC(18) Old: 55772K->55554K(174784K)
[2019-06-24T08:46:02.493+0000][1][safepoint    ] Application time: 0.0352136 seconds
[2019-06-24T08:46:02.493+0000][1][safepoint    ] Entering safepoint region: RevokeBias
[2019-06-24T08:46:02.493+0000][1][safepoint    ] Leaving safepoint region
[2019-06-24T08:46:02.493+0000][1][safepoint    ] Total time for which application threads were stopped: 0.0000803 seconds, Stopping threads took: 0.0000136 seconds
[2019-06-24T08:46:02.507+0000][1][safepoint    ] Application time: 0.0137594 seconds
[2019-06-24T08:46:02.507+0000][1][safepoint    ] Entering safepoint region: RevokeBias
[2019-06-24T08:46:02.507+0000][1][safepoint    ] Leaving safepoint region
[2019-06-24T08:46:02.507+0000][1][safepoint    ] Total time for which application threads were stopped: 0.0000628 seconds, Stopping threads took: 0.0000111 seconds
[2019-06-24T08:46:02.512+0000][1][safepoint    ] Application time: 0.0047417 seconds
[2019-06-24T08:46:02.512+0000][1][safepoint    ] Entering safepoint region: RevokeBias
[2019-06-24T08:46:02.512+0000][1][safepoint    ] Leaving safepoint region
[2019-06-24T08:46:02.512+0000][1][safepoint    ] Total time for which application threads were stopped: 0.0000698 seconds, Stopping threads took: 0.0000095 seconds
[2019-06-24T08:46:02.695+0000][1][safepoint    ] Application time: 0.1835067 seconds
[2019-06-24T08:46:02.695+0000][1][safepoint    ] Entering safepoint region: RevokeBias
[2019-06-24T08:46:02.696+0000][1][safepoint    ] Leaving safepoint region
[2019-06-24T08:46:02.696+0000][1][safepoint    ] Total time for which application threads were stopped: 0.0004086 seconds, Stopping threads took: 0.0000115 seconds
[2019-06-24T08:46:02.696+0000][1][safepoint    ] Application time: 0.0001295 seconds
[2019-06-24T08:46:02.696+0000][1][safepoint    ] Entering safepoint region: RevokeBias
[2019-06-24T08:46:02.696+0000][1][safepoint    ] Leaving safepoint region
[2019-06-24T08:46:02.696+0000][1][safepoint    ] Total time for which application threads were stopped: 0.0003828 seconds, Stopping threads took: 0.0003262 seconds
[2019-06-24T08:46:02.696+0000][1][safepoint    ] Application time: 0.0001410 seconds
[2019-06-24T08:46:02.696+0000][1][safepoint    ] Entering safepoint region: RevokeBias
[2019-06-24T08:46:02.696+0000][1][safepoint    ] Leaving safepoint region
[2019-06-24T08:46:02.696+0000][1][safepoint    ] Total time for which application threads were stopped: 0.0001041 seconds, Stopping threads took: 0.0000402 seconds
[2019-06-24T08:46:02.697+0000][1][safepoint    ] Application time: 0.0003183 seconds
[2019-06-24T08:46:02.697+0000][1][safepoint    ] Entering safepoint region: RevokeBias
[2019-06-24T08:46:02.697+0000][1][safepoint    ] Leaving safepoint region
[2019-06-24T08:46:02.697+0000][1][safepoint    ] Total time for which application threads were stopped: 0.0001695 seconds, Stopping threads took: 0.0001329 seconds
[2019-06-24T08:46:02.697+0000][1][safepoint    ] Application time: 0.0001904 seconds
[2019-06-24T08:46:02.697+0000][1][safepoint    ] Entering safepoint region: RevokeBias
[2019-06-24T08:46:02.697+0000][1][safepoint    ] Leaving safepoint region
[2019-06-24T08:46:02.697+0000][1][safepoint    ] Total time for which application threads were stopped: 0.0000478 seconds, Stopping threads took: 0.0000088 seconds
[2019-06-24T08:46:02.698+0000][1][safepoint    ] Application time: 0.0003615 seconds
[2019-06-24T08:46:02.698+0000][1][safepoint    ] Entering safepoint region: RevokeBias
[2019-06-24T08:46:02.698+0000][1][safepoint    ] Leaving safepoint region
[2019-06-24T08:46:02.698+0000][1][safepoint    ] Total time for which application threads were stopped: 0.0002220 seconds, Stopping threads took: 0.0001759 seconds
[2019-06-24T08:46:02.698+0000][1][safepoint    ] Application time: 0.0001289 seconds
[2019-06-24T08:46:02.698+0000][1][safepoint    ] Entering safepoint region: RevokeBias
[2019-06-24T08:46:02.698+0000][1][safepoint    ] Leaving safepoint region
[2019-06-24T08:46:02.698+0000][1][safepoint    ] Total time for which application threads were stopped: 0.0000660 seconds, Stopping threads took: 0.0000331 seconds
[2019-06-24T08:46:02.698+0000][1][safepoint    ] Application time: 0.0003120 seconds
[2019-06-24T08:46:02.698+0000][1][safepoint    ] Entering safepoint region: RevokeBias
[2019-06-24T08:46:02.699+0000][1][safepoint    ] Leaving safepoint region
[2019-06-24T08:46:02.699+0000][1][safepoint    ] Total time for which application threads were stopped: 0.0001178 seconds, Stopping threads took: 0.0000343 seconds
[2019-06-24T08:46:02.699+0000][1][safepoint    ] Application time: 0.0001144 seconds
[2019-06-24T08:46:02.699+0000][1][safepoint    ] Entering safepoint region: RevokeBias
[2019-06-24T08:46:02.699+0000][1][safepoint    ] Leaving safepoint region
[2019-06-24T08:46:02.699+0000][1][safepoint    ] Total time for which application threads were stopped: 0.0000507 seconds, Stopping threads took: 0.0000094 seconds
[2019-06-24T08:46:02.699+0000][1][safepoint    ] Application time: 0.0001049 seconds
[2019-06-24T08:46:02.699+0000][1][safepoint    ] Entering safepoint region: RevokeBias
[2019-06-24T08:46:02.699+0000][1][safepoint    ] Leaving safepoint region
[2019-06-24T08:46:02.699+0000][1][safepoint    ] Total time for which application threads were stopped: 0.0000505 seconds, Stopping threads took: 0.0000110 seconds
[2019-06-24T08:46:02.699+0000][1][safepoint    ] Application time: 0.0000692 seconds
[2019-06-24T08:46:02.699+0000][1][safepoint    ] Entering safepoint region: RevokeBias
[2019-06-24T08:46:02.699+0000][1][safepoint    ] Leaving safepoint region
[2019-06-24T08:46:02.699+0000][1][safepoint    ] Total time for which application threads were stopped: 0.0000389 seconds, Stopping threads took: 0.0000069 seconds
[2019-06-24T08:46:02.699+0000][1][safepoint    ] Application time: 0.0000684 seconds
[2019-06-24T08:46:02.699+0000][1][safepoint    ] Entering safepoint region: RevokeBias
[2019-06-24T08:46:02.699+0000][1][safepoint    ] Leaving safepoint region
[2019-06-24T08:46:02.699+0000][1][safepoint    ] Total time for which application threads were stopped: 0.0000537 seconds, Stopping threads took: 0.0000224 seconds
[2019-06-24T08:46:02.699+0000][1][safepoint    ] Application time: 0.0000698 seconds
[2019-06-24T08:46:02.699+0000][1][safepoint    ] Entering safepoint region: RevokeBias
[2019-06-24T08:46:02.699+0000][1][safepoint    ] Leaving safepoint region
[2019-06-24T08:46:02.699+0000][1][safepoint    ] Total time for which application threads were stopped: 0.0000369 seconds, Stopping threads took: 0.0000067 seconds
[2019-06-24T08:46:02.699+0000][1][safepoint    ] Application time: 0.0000362 seconds
[2019-06-24T08:46:02.699+0000][1][safepoint    ] Entering safepoint region: RevokeBias
[2019-06-24T08:46:02.699+0000][1][safepoint    ] Leaving safepoint region
[2019-06-24T08:46:02.699+0000][1][safepoint    ] Total time for which application threads were stopped: 0.0000572 seconds, Stopping threads took: 0.0000273 seconds
[2019-06-24T08:46:02.699+0000][1][safepoint    ] Application time: 0.0000362 seconds
[2019-06-24T08:46:02.699+0000][1][safepoint    ] Entering safepoint region: RevokeBias
[2019-06-24T08:46:02.699+0000][1][safepoint    ] Leaving safepoint region
[2019-06-24T08:46:02.699+0000][1][safepoint    ] Total time for which application threads were stopped: 0.0000371 seconds, Stopping threads took: 0.0000066 seconds
[2019-06-24T08:46:02.699+0000][1][safepoint    ] Application time: 0.0000357 seconds
[2019-06-24T08:46:02.700+0000][1][safepoint    ] Entering safepoint region: RevokeBias
[2019-06-24T08:46:02.700+0000][1][safepoint    ] Leaving safepoint region
[2019-06-24T08:46:02.700+0000][1][safepoint    ] Total time for which application threads were stopped: 0.0000364 seconds, Stopping threads took: 0.0000065 seconds
[2019-06-24T08:46:02.700+0000][1][safepoint    ] Application time: 0.0000363 seconds
[2019-06-24T08:46:02.700+0000][1][safepoint    ] Entering safepoint region: RevokeBias
[2019-06-24T08:46:02.700+0000][1][safepoint    ] Leaving safepoint region
[2019-06-24T08:46:02.700+0000][1][safepoint    ] Total time for which application threads were stopped: 0.0000514 seconds, Stopping threads took: 0.0000201 seconds
[2019-06-24T08:46:02.700+0000][1][safepoint    ] Application time: 0.0000361 seconds
[2019-06-24T08:46:02.700+0000][1][safepoint    ] Entering safepoint region: RevokeBias
[2019-06-24T08:46:02.700+0000][1][safepoint    ] Leaving safepoint region
[2019-06-24T08:46:02.700+0000][1][safepoint    ] Total time for which application threads were stopped: 0.0000464 seconds, Stopping threads took: 0.0000160 seconds
[2019-06-24T08:46:02.700+0000][1][safepoint    ] Application time: 0.0000372 seconds
[2019-06-24T08:46:02.700+0000][1][safepoint    ] Entering safepoint region: RevokeBias
[2019-06-24T08:46:02.700+0000][1][safepoint    ] Leaving safepoint region
[2019-06-24T08:46:02.700+0000][1][safepoint    ] Total time for which application threads were stopped: 0.0000361 seconds, Stopping threads took: 0.0000064 seconds
[2019-06-24T08:46:02.700+0000][1][safepoint    ] Application time: 0.0000356 seconds
[2019-06-24T08:46:02.700+0000][1][safepoint    ] Entering safepoint region: RevokeBias
[2019-06-24T08:46:02.700+0000][1][safepoint    ] Leaving safepoint region
[2019-06-24T08:46:02.700+0000][1][safepoint    ] Total time for which application threads were stopped: 0.0000607 seconds, Stopping threads took: 0.0000312 seconds
[2019-06-24T08:46:02.700+0000][1][safepoint    ] Application time: 0.0000361 seconds
[2019-06-24T08:46:02.700+0000][1][safepoint    ] Entering safepoint region: RevokeBias
[2019-06-24T08:46:02.700+0000][1][safepoint    ] Leaving safepoint region
[2019-06-24T08:46:02.700+0000][1][safepoint    ] Total time for which application threads were stopped: 0.0000370 seconds, Stopping threads took: 0.0000065 seconds
[2019-06-24T08:46:02.700+0000][1][safepoint    ] Application time: 0.0000363 seconds
[2019-06-24T08:46:02.700+0000][1][safepoint    ] Entering safepoint region: RevokeBias
[2019-06-24T08:46:02.700+0000][1][safepoint    ] Leaving safepoint region
[2019-06-24T08:46:02.700+0000][1][safepoint    ] Total time for which application threads were stopped: 0.0000366 seconds, Stopping threads took: 0.0000065 seconds
[2019-06-24T08:46:02.700+0000][1][safepoint    ] Application time: 0.0000362 seconds
[2019-06-24T08:46:02.700+0000][1][safepoint    ] Entering safepoint region: RevokeBias
[2019-06-24T08:46:02.700+0000][1][safepoint    ] Leaving safepoint region
[2019-06-24T08:46:02.700+0000][1][safepoint    ] Total time for which application threads were stopped: 0.0000603 seconds, Stopping threads took: 0.0000303 seconds
[2019-06-24T08:46:02.700+0000][1][safepoint    ] Application time: 0.0000358 seconds
[2019-06-24T08:46:02.700+0000][1][safepoint    ] Entering safepoint region: RevokeBias
[2019-06-24T08:46:02.700+0000][1][safepoint    ] Leaving safepoint region
[2019-06-24T08:46:02.700+0000][1][safepoint    ] Total time for which application threads were stopped: 0.0000569 seconds, Stopping threads took: 0.0000274 seconds
[2019-06-24T08:46:02.700+0000][1][safepoint    ] Application time: 0.0000377 seconds
[2019-06-24T08:46:02.700+0000][1][safepoint    ] Entering safepoint region: RevokeBias
[2019-06-24T08:46:02.700+0000][1][safepoint    ] Leaving safepoint region
[2019-06-24T08:46:02.700+0000][1][safepoint    ] Total time for which application threads were stopped: 0.0000383 seconds, Stopping threads took: 0.0000066 seconds
[2019-06-24T08:46:02.700+0000][1][safepoint    ] Application time: 0.0000365 seconds
[2019-06-24T08:46:02.700+0000][1][safepoint    ] Entering safepoint region: RevokeBias
[2019-06-24T08:46:02.700+0000][1][safepoint    ] Leaving safepoint region
[2019-06-24T08:46:02.701+0000][1][safepoint    ] Total time for which application threads were stopped: 0.0000365 seconds, Stopping threads took: 0.0000064 seconds
[2019-06-24T08:46:02.701+0000][1][safepoint    ] Application time: 0.0000322 seconds
[2019-06-24T08:46:02.701+0000][1][safepoint    ] Entering safepoint region: BulkRevokeBias
[2019-06-24T08:46:02.701+0000][1][safepoint    ] Leaving safepoint region
[2019-06-24T08:46:02.701+0000][1][safepoint    ] Total time for which application threads were stopped: 0.0000815 seconds, Stopping threads took: 0.0000065 seconds
[2019-06-24T08:46:02.701+0000][1][safepoint    ] Application time: 0.0001306 seconds
[2019-06-24T08:46:02.701+0000][1][safepoint    ] Entering safepoint region: RevokeBias
[2019-06-24T08:46:02.701+0000][1][safepoint    ] Leaving safepoint region
[2019-06-24T08:46:02.701+0000][1][safepoint    ] Total time for which application threads were stopped: 0.0000405 seconds, Stopping threads took: 0.0000066 seconds
[2019-06-24T08:46:02.701+0000][1][safepoint    ] Application time: 0.0000529 seconds
[2019-06-24T08:46:02.701+0000][1][safepoint    ] Entering safepoint region: RevokeBias
[2019-06-24T08:46:02.701+0000][1][safepoint    ] Leaving safepoint region
[2019-06-24T08:46:02.701+0000][1][safepoint    ] Total time for which application threads were stopped: 0.0000368 seconds, Stopping threads took: 0.0000066 seconds
[2019-06-24T08:46:02.701+0000][1][safepoint    ] Application time: 0.0000838 seconds
[2019-06-24T08:46:02.701+0000][1][safepoint    ] Entering safepoint region: RevokeBias
[2019-06-24T08:46:02.701+0000][1][safepoint    ] Leaving safepoint region
[2019-06-24T08:46:02.701+0000][1][safepoint    ] Total time for which application threads were stopped: 0.0000372 seconds, Stopping threads took: 0.0000065 seconds
[2019-06-24T08:46:02.701+0000][1][safepoint    ] Application time: 0.0000529 seconds
[2019-06-24T08:46:02.701+0000][1][safepoint    ] Entering safepoint region: RevokeBias
[2019-06-24T08:46:02.701+0000][1][safepoint    ] Leaving safepoint region
[2019-06-24T08:46:02.701+0000][1][safepoint    ] Total time for which application threads were stopped: 0.0000357 seconds, Stopping threads took: 0.0000064 seconds
[2019-06-24T08:46:02.701+0000][1][safepoint    ] Application time: 0.0000528 seconds
[2019-06-24T08:46:02.701+0000][1][safepoint    ] Entering safepoint region: RevokeBias
[2019-06-24T08:46:02.701+0000][1][safepoint    ] Leaving safepoint region
[2019-06-24T08:46:02.701+0000][1][safepoint    ] Total time for which application threads were stopped: 0.0000504 seconds, Stopping threads took: 0.0000234 seconds
[2019-06-24T08:46:02.701+0000][1][safepoint    ] Application time: 0.0000414 seconds
[2019-06-24T08:46:02.701+0000][1][safepoint    ] Entering safepoint region: RevokeBias
[2019-06-24T08:46:02.701+0000][1][safepoint    ] Leaving safepoint region
[2019-06-24T08:46:02.701+0000][1][safepoint    ] Total time for which application threads were stopped: 0.0000324 seconds, Stopping threads took: 0.0000065 seconds
[2019-06-24T08:46:02.701+0000][1][safepoint    ] Application time: 0.0001169 seconds
[2019-06-24T08:46:02.702+0000][1][safepoint    ] Entering safepoint region: RevokeBias
[2019-06-24T08:46:02.702+0000][1][safepoint    ] Leaving safepoint region
[2019-06-24T08:46:02.702+0000][1][safepoint    ] Total time for which application threads were stopped: 0.0000634 seconds, Stopping threads took: 0.0000323 seconds
[2019-06-24T08:46:02.702+0000][1][safepoint    ] Application time: 0.0000406 seconds
[2019-06-24T08:46:02.702+0000][1][safepoint    ] Entering safepoint region: RevokeBias
[2019-06-24T08:46:02.702+0000][1][safepoint    ] Leaving safepoint region
[2019-06-24T08:46:02.702+0000][1][safepoint    ] Total time for which application threads were stopped: 0.0000616 seconds, Stopping threads took: 0.0000263 seconds
[2019-06-24T08:46:02.702+0000][1][safepoint    ] Application time: 0.0000367 seconds
[2019-06-24T08:46:02.702+0000][1][safepoint    ] Entering safepoint region: RevokeBias
[2019-06-24T08:46:02.702+0000][1][safepoint    ] Leaving safepoint region
[2019-06-24T08:46:02.702+0000][1][safepoint    ] Total time for which application threads were stopped: 0.0000402 seconds, Stopping threads took: 0.0000066 seconds
[2019-06-24T08:46:02.702+0000][1][safepoint    ] Application time: 0.0000835 seconds
[2019-06-24T08:46:02.702+0000][1][safepoint    ] Entering safepoint region: RevokeBias
[2019-06-24T08:46:02.702+0000][1][safepoint    ] Leaving safepoint region
[2019-06-24T08:46:02.702+0000][1][safepoint    ] Total time for which application threads were stopped: 0.0001464 seconds, Stopping threads took: 0.0001197 seconds
[2019-06-24T08:46:02.702+0000][1][safepoint    ] Application time: 0.0000342 seconds
[2019-06-24T08:46:02.702+0000][1][safepoint    ] Entering safepoint region: RevokeBias
[2019-06-24T08:46:02.702+0000][1][safepoint    ] Leaving safepoint region
[2019-06-24T08:46:02.702+0000][1][safepoint    ] Total time for which application threads were stopped: 0.0000505 seconds, Stopping threads took: 0.0000202 seconds
[2019-06-24T08:46:02.702+0000][1][safepoint    ] Application time: 0.0000330 seconds
[2019-06-24T08:46:02.702+0000][1][safepoint    ] Entering safepoint region: RevokeBias
[2019-06-24T08:46:02.702+0000][1][safepoint    ] Leaving safepoint region
[2019-06-24T08:46:02.702+0000][1][safepoint    ] Total time for which application threads were stopped: 0.0000545 seconds, Stopping threads took: 0.0000248 seconds
[2019-06-24T08:46:02.702+0000][1][safepoint    ] Application time: 0.0000346 seconds
[2019-06-24T08:46:02.702+0000][1][safepoint    ] Entering safepoint region: RevokeBias
[2019-06-24T08:46:02.702+0000][1][safepoint    ] Leaving safepoint region
[2019-06-24T08:46:02.702+0000][1][safepoint    ] Total time for which application threads were stopped: 0.0000515 seconds, Stopping threads took: 0.0000218 seconds
[2019-06-24T08:46:02.702+0000][1][safepoint    ] Application time: 0.0000330 seconds
[2019-06-24T08:46:02.702+0000][1][safepoint    ] Entering safepoint region: RevokeBias
[2019-06-24T08:46:02.702+0000][1][safepoint    ] Leaving safepoint region
[2019-06-24T08:46:02.702+0000][1][safepoint    ] Total time for which application threads were stopped: 0.0000362 seconds, Stopping threads took: 0.0000066 seconds
[2019-06-24T08:46:02.702+0000][1][safepoint    ] Application time: 0.0000328 seconds
[2019-06-24T08:46:02.702+0000][1][safepoint    ] Entering safepoint region: RevokeBias
[2019-06-24T08:46:02.702+0000][1][safepoint    ] Leaving safepoint region
[2019-06-24T08:46:02.703+0000][1][safepoint    ] Total time for which application threads were stopped: 0.0000764 seconds, Stopping threads took: 0.0000091 seconds
[2019-06-24T08:46:02.703+0000][1][safepoint    ] Application time: 0.0000344 seconds
[2019-06-24T08:46:02.703+0000][1][safepoint    ] Entering safepoint region: RevokeBias
[2019-06-24T08:46:02.703+0000][1][safepoint    ] Leaving safepoint region
[2019-06-24T08:46:02.703+0000][1][safepoint    ] Total time for which application threads were stopped: 0.0000530 seconds, Stopping threads took: 0.0000224 seconds
[2019-06-24T08:46:02.703+0000][1][safepoint    ] Application time: 0.0000331 seconds
[2019-06-24T08:46:02.703+0000][1][safepoint    ] Entering safepoint region: RevokeBias
[2019-06-24T08:46:02.703+0000][1][safepoint    ] Leaving safepoint region
[2019-06-24T08:46:02.703+0000][1][safepoint    ] Total time for which application threads were stopped: 0.0000531 seconds, Stopping threads took: 0.0000236 seconds
[2019-06-24T08:46:02.703+0000][1][safepoint    ] Application time: 0.0000329 seconds
[2019-06-24T08:46:02.703+0000][1][safepoint    ] Entering safepoint region: RevokeBias
[2019-06-24T08:46:02.703+0000][1][safepoint    ] Leaving safepoint region
[2019-06-24T08:46:02.703+0000][1][safepoint    ] Total time for which application threads were stopped: 0.0000539 seconds, Stopping threads took: 0.0000243 seconds
[2019-06-24T08:46:02.703+0000][1][safepoint    ] Application time: 0.0000327 seconds
[2019-06-24T08:46:02.703+0000][1][safepoint    ] Entering safepoint region: RevokeBias
[2019-06-24T08:46:02.703+0000][1][safepoint    ] Leaving safepoint region
[2019-06-24T08:46:02.703+0000][1][safepoint    ] Total time for which application threads were stopped: 0.0000512 seconds, Stopping threads took: 0.0000213 seconds
[2019-06-24T08:46:02.703+0000][1][safepoint    ] Application time: 0.0000341 seconds
[2019-06-24T08:46:02.703+0000][1][safepoint    ] Entering safepoint region: RevokeBias
[2019-06-24T08:46:02.703+0000][1][safepoint    ] Leaving safepoint region
[2019-06-24T08:46:02.703+0000][1][safepoint    ] Total time for which application threads were stopped: 0.0000507 seconds, Stopping threads took: 0.0000198 seconds
[2019-06-24T08:46:02.703+0000][1][safepoint    ] Application time: 0.0000334 seconds
[2019-06-24T08:46:02.703+0000][1][safepoint    ] Entering safepoint region: RevokeBias
[2019-06-24T08:46:02.703+0000][1][safepoint    ] Leaving safepoint region
[2019-06-24T08:46:02.703+0000][1][safepoint    ] Total time for which application threads were stopped: 0.0000554 seconds, Stopping threads took: 0.0000256 seconds
[2019-06-24T08:46:02.703+0000][1][safepoint    ] Application time: 0.0000322 seconds
[2019-06-24T08:46:02.703+0000][1][safepoint    ] Entering safepoint region: RevokeBias
[2019-06-24T08:46:02.703+0000][1][safepoint    ] Leaving safepoint region
[2019-06-24T08:46:02.703+0000][1][safepoint    ] Total time for which application threads were stopped: 0.0000501 seconds, Stopping threads took: 0.0000207 seconds
[2019-06-24T08:46:02.703+0000][1][safepoint    ] Application time: 0.0000320 seconds
[2019-06-24T08:46:02.703+0000][1][safepoint    ] Entering safepoint region: RevokeBias
[2019-06-24T08:46:02.703+0000][1][safepoint    ] Leaving safepoint region
[2019-06-24T08:46:02.703+0000][1][safepoint    ] Total time for which application threads were stopped: 0.0000382 seconds, Stopping threads took: 0.0000090 seconds
[2019-06-24T08:46:02.703+0000][1][safepoint    ] Application time: 0.0000320 seconds
[2019-06-24T08:46:02.703+0000][1][safepoint    ] Entering safepoint region: RevokeBias
[2019-06-24T08:46:02.703+0000][1][safepoint    ] Leaving safepoint region
[2019-06-24T08:46:02.703+0000][1][safepoint    ] Total time for which application threads were stopped: 0.0000364 seconds, Stopping threads took: 0.0000065 seconds
[2019-06-24T08:46:02.703+0000][1][safepoint    ] Application time: 0.0000339 seconds
[2019-06-24T08:46:02.703+0000][1][safepoint    ] Entering safepoint region: RevokeBias
[2019-06-24T08:46:02.703+0000][1][safepoint    ] Leaving safepoint region
[2019-06-24T08:46:02.703+0000][1][safepoint    ] Total time for which application threads were stopped: 0.0000518 seconds, Stopping threads took: 0.0000224 seconds
[2019-06-24T08:46:02.704+0000][1][safepoint    ] Application time: 0.0000326 seconds
[2019-06-24T08:46:02.704+0000][1][safepoint    ] Entering safepoint region: RevokeBias
[2019-06-24T08:46:02.704+0000][1][safepoint    ] Leaving safepoint region
[2019-06-24T08:46:02.704+0000][1][safepoint    ] Total time for which application threads were stopped: 0.0000373 seconds, Stopping threads took: 0.0000067 seconds
[2019-06-24T08:46:02.704+0000][1][safepoint    ] Application time: 0.0000282 seconds
[2019-06-24T08:46:02.704+0000][1][safepoint    ] Entering safepoint region: RevokeBias
[2019-06-24T08:46:02.704+0000][1][safepoint    ] Leaving safepoint region
[2019-06-24T08:46:02.704+0000][1][safepoint    ] Total time for which application threads were stopped: 0.0000374 seconds, Stopping threads took: 0.0000065 seconds
[2019-06-24T08:46:02.704+0000][1][safepoint    ] Application time: 0.0000291 seconds
[2019-06-24T08:46:02.704+0000][1][safepoint    ] Entering safepoint region: RevokeBias
[2019-06-24T08:46:02.704+0000][1][safepoint    ] Leaving safepoint region
[2019-06-24T08:46:02.704+0000][1][safepoint    ] Total time for which application threads were stopped: 0.0000359 seconds, Stopping threads took: 0.0000064 seconds
[2019-06-24T08:46:02.704+0000][1][safepoint    ] Application time: 0.0000306 seconds
[2019-06-24T08:46:02.704+0000][1][safepoint    ] Entering safepoint region: BulkRevokeBias
[2019-06-24T08:46:02.704+0000][1][safepoint    ] Leaving safepoint region
[2019-06-24T08:46:02.704+0000][1][safepoint    ] Total time for which application threads were stopped: 0.0000846 seconds, Stopping threads took: 0.0000065 seconds
[2019-06-24T08:46:02.704+0000][1][safepoint    ] Application time: 0.0001985 seconds
[2019-06-24T08:46:02.704+0000][1][safepoint    ] Entering safepoint region: RevokeBias
[2019-06-24T08:46:02.704+0000][1][safepoint    ] Leaving safepoint region
[2019-06-24T08:46:02.704+0000][1][safepoint    ] Total time for which application threads were stopped: 0.0000484 seconds, Stopping threads took: 0.0000079 seconds
[2019-06-24T08:46:02.704+0000][1][safepoint    ] Application time: 0.0000549 seconds
[2019-06-24T08:46:02.704+0000][1][safepoint    ] Entering safepoint region: RevokeBias
[2019-06-24T08:46:02.704+0000][1][safepoint    ] Leaving safepoint region
[2019-06-24T08:46:02.704+0000][1][safepoint    ] Total time for which application threads were stopped: 0.0001728 seconds, Stopping threads took: 0.0001378 seconds
[2019-06-24T08:46:02.704+0000][1][safepoint    ] Application time: 0.0001284 seconds
[2019-06-24T08:46:02.705+0000][1][safepoint    ] Entering safepoint region: RevokeBias
[2019-06-24T08:46:02.705+0000][1][safepoint    ] Leaving safepoint region
[2019-06-24T08:46:02.705+0000][1][safepoint    ] Total time for which application threads were stopped: 0.0000885 seconds, Stopping threads took: 0.0000389 seconds
[2019-06-24T08:46:02.705+0000][1][safepoint    ] Application time: 0.0000512 seconds
[2019-06-24T08:46:02.705+0000][1][safepoint    ] Entering safepoint region: RevokeBias
[2019-06-24T08:46:02.705+0000][1][safepoint    ] Leaving safepoint region
[2019-06-24T08:46:02.705+0000][1][safepoint    ] Total time for which application threads were stopped: 0.0000455 seconds, Stopping threads took: 0.0000168 seconds
[2019-06-24T08:46:02.705+0000][1][safepoint    ] Application time: 0.0000397 seconds
[2019-06-24T08:46:02.705+0000][1][safepoint    ] Entering safepoint region: RevokeBias
[2019-06-24T08:46:02.705+0000][1][safepoint    ] Leaving safepoint region
[2019-06-24T08:46:02.705+0000][1][safepoint    ] Total time for which application threads were stopped: 0.0000562 seconds, Stopping threads took: 0.0000235 seconds
[2019-06-24T08:46:02.705+0000][1][safepoint    ] Application time: 0.0000391 seconds
[2019-06-24T08:46:02.705+0000][1][safepoint    ] Entering safepoint region: RevokeBias
[2019-06-24T08:46:02.705+0000][1][safepoint    ] Leaving safepoint region
[2019-06-24T08:46:02.705+0000][1][safepoint    ] Total time for which application threads were stopped: 0.0000505 seconds, Stopping threads took: 0.0000234 seconds
[2019-06-24T08:46:02.705+0000][1][safepoint    ] Application time: 0.0003410 seconds
[2019-06-24T08:46:02.706+0000][1][safepoint    ] Entering safepoint region: RevokeBias
[2019-06-24T08:46:02.706+0000][1][safepoint    ] Leaving safepoint region
[2019-06-24T08:46:02.706+0000][1][safepoint    ] Total time for which application threads were stopped: 0.0003762 seconds, Stopping threads took: 0.0003335 seconds
[2019-06-24T08:46:02.706+0000][1][safepoint    ] Application time: 0.0001546 seconds
[2019-06-24T08:46:02.706+0000][1][safepoint    ] Entering safepoint region: RevokeBias
[2019-06-24T08:46:02.706+0000][1][safepoint    ] Leaving safepoint region
[2019-06-24T08:46:02.706+0000][1][safepoint    ] Total time for which application threads were stopped: 0.0001562 seconds, Stopping threads took: 0.0001197 seconds
[2019-06-24T08:46:02.707+0000][1][safepoint    ] Application time: 0.0005611 seconds
[2019-06-24T08:46:02.707+0000][1][safepoint    ] Entering safepoint region: RevokeBias
[2019-06-24T08:46:02.707+0000][1][safepoint    ] Leaving safepoint region
[2019-06-24T08:46:02.707+0000][1][safepoint    ] Total time for which application threads were stopped: 0.0001220 seconds, Stopping threads took: 0.0000475 seconds
[2019-06-24T08:46:02.707+0000][1][safepoint    ] Application time: 0.0004385 seconds
[2019-06-24T08:46:02.707+0000][1][safepoint    ] Entering safepoint region: RevokeBias
[2019-06-24T08:46:02.707+0000][1][safepoint    ] Leaving safepoint region
[2019-06-24T08:46:02.707+0000][1][safepoint    ] Total time for which application threads were stopped: 0.0002302 seconds, Stopping threads took: 0.0001625 seconds
[2019-06-24T08:46:02.708+0000][1][safepoint    ] Application time: 0.0001184 seconds
[2019-06-24T08:46:02.708+0000][1][safepoint    ] Entering safepoint region: RevokeBias
[2019-06-24T08:46:02.708+0000][1][safepoint    ] Leaving safepoint region
[2019-06-24T08:46:02.708+0000][1][safepoint    ] Total time for which application threads were stopped: 0.0001337 seconds, Stopping threads took: 0.0000882 seconds
[2019-06-24T08:46:02.708+0000][1][safepoint    ] Application time: 0.0000501 seconds
[2019-06-24T08:46:02.708+0000][1][safepoint    ] Entering safepoint region: RevokeBias
[2019-06-24T08:46:02.708+0000][1][safepoint    ] Leaving safepoint region
[2019-06-24T08:46:02.708+0000][1][safepoint    ] Total time for which application threads were stopped: 0.0001050 seconds, Stopping threads took: 0.0000625 seconds
[2019-06-24T08:46:02.708+0000][1][safepoint    ] Application time: 0.0002056 seconds
[2019-06-24T08:46:02.708+0000][1][safepoint    ] Entering safepoint region: RevokeBias
[2019-06-24T08:46:02.708+0000][1][safepoint    ] Leaving safepoint region
[2019-06-24T08:46:02.708+0000][1][safepoint    ] Total time for which application threads were stopped: 0.0001084 seconds, Stopping threads took: 0.0000438 seconds
[2019-06-24T08:46:02.710+0000][1][safepoint    ] Application time: 0.0017378 seconds
[2019-06-24T08:46:02.710+0000][1][safepoint    ] Entering safepoint region: RevokeBias
[2019-06-24T08:46:02.710+0000][1][safepoint    ] Leaving safepoint region
[2019-06-24T08:46:02.710+0000][1][safepoint    ] Total time for which application threads were stopped: 0.0001725 seconds, Stopping threads took: 0.0000987 seconds
[2019-06-24T08:46:02.710+0000][1][safepoint    ] Application time: 0.0001263 seconds
[2019-06-24T08:46:02.710+0000][1][safepoint    ] Entering safepoint region: RevokeBias
[2019-06-24T08:46:02.710+0000][1][safepoint    ] Leaving safepoint region
[2019-06-24T08:46:02.710+0000][1][safepoint    ] Total time for which application threads were stopped: 0.0001037 seconds, Stopping threads took: 0.0000471 seconds
[2019-06-24T08:46:02.710+0000][1][safepoint    ] Application time: 0.0000459 seconds
[2019-06-24T08:46:02.711+0000][1][safepoint    ] Entering safepoint region: RevokeBias
[2019-06-24T08:46:02.711+0000][1][safepoint    ] Leaving safepoint region
[2019-06-24T08:46:02.711+0000][1][safepoint    ] Total time for which application threads were stopped: 0.0002465 seconds, Stopping threads took: 0.0002010 seconds
[2019-06-24T08:46:02.712+0000][1][safepoint    ] Application time: 0.0009246 seconds
[2019-06-24T08:46:02.712+0000][1][safepoint    ] Entering safepoint region: RevokeBias
[2019-06-24T08:46:02.712+0000][1][safepoint    ] Leaving safepoint region
[2019-06-24T08:46:02.712+0000][1][safepoint    ] Total time for which application threads were stopped: 0.0001509 seconds, Stopping threads took: 0.0000905 seconds
[2019-06-24T08:46:02.713+0000][1][safepoint    ] Application time: 0.0012632 seconds
[2019-06-24T08:46:02.713+0000][1][safepoint    ] Entering safepoint region: RevokeBias
[2019-06-24T08:46:02.713+0000][1][safepoint    ] Leaving safepoint region
[2019-06-24T08:46:02.713+0000][1][safepoint    ] Total time for which application threads were stopped: 0.0001560 seconds, Stopping threads took: 0.0000991 seconds
[2019-06-24T08:46:02.713+0000][1][safepoint    ] Application time: 0.0000754 seconds
[2019-06-24T08:46:02.713+0000][1][safepoint    ] Entering safepoint region: RevokeBias
[2019-06-24T08:46:02.713+0000][1][safepoint    ] Leaving safepoint region
[2019-06-24T08:46:02.714+0000][1][safepoint    ] Total time for which application threads were stopped: 0.0001055 seconds, Stopping threads took: 0.0000427 seconds
[2019-06-24T08:46:02.714+0000][1][safepoint    ] Application time: 0.0002527 seconds
[2019-06-24T08:46:02.714+0000][1][safepoint    ] Entering safepoint region: RevokeBias
[2019-06-24T08:46:02.714+0000][1][safepoint    ] Leaving safepoint region
[2019-06-24T08:46:02.714+0000][1][safepoint    ] Total time for which application threads were stopped: 0.0000723 seconds, Stopping threads took: 0.0000287 seconds
[2019-06-24T08:46:02.741+0000][1][safepoint    ] Application time: 0.0268432 seconds
[2019-06-24T08:46:02.741+0000][1][safepoint    ] Entering safepoint region: GenCollectForAllocation
[2019-06-24T08:46:02.741+0000][1][gc,start     ] GC(19) Pause Young (Allocation Failure)
[2019-06-24T08:46:02.741+0000][1][gc,task      ] GC(19) Using 5 workers of 8 for evacuation
[2019-06-24T08:46:02.746+0000][1][gc,age       ] GC(19) Desired survivor size 4456448 bytes, new threshold 2 (max threshold 6)
[2019-06-24T08:46:02.747+0000][1][gc,age       ] GC(19) Age table with threshold 2 (max threshold 6)
[2019-06-24T08:46:02.747+0000][1][gc,age       ] GC(19) - age   1:    2942544 bytes,    2942544 total
[2019-06-24T08:46:02.747+0000][1][gc,age       ] GC(19) - age   2:    3869088 bytes,    6811632 total
[2019-06-24T08:46:02.747+0000][1][gc,age       ] GC(19) - age   3:     206600 bytes,    7018232 total
[2019-06-24T08:46:02.747+0000][1][gc,heap      ] GC(19) ParNew: 74491K->8704K(78656K)
[2019-06-24T08:46:02.747+0000][1][gc,heap      ] GC(19) CMS: 55554K->55554K(174784K)
[2019-06-24T08:46:02.747+0000][1][gc,metaspace ] GC(19) Metaspace: 47255K->47255K(1093632K)
[2019-06-24T08:46:02.747+0000][1][gc           ] GC(19) Pause Young (Allocation Failure) 126M->62M(247M) 5.768ms
[2019-06-24T08:46:02.747+0000][1][gc,cpu       ] GC(19) User=0.03s Sys=0.00s Real=0.01s
[2019-06-24T08:46:02.747+0000][1][safepoint    ] Leaving safepoint region
[2019-06-24T08:46:02.747+0000][1][safepoint    ] Total time for which application threads were stopped: 0.0058951 seconds, Stopping threads took: 0.0000110 seconds
[2019-06-24T08:46:02.751+0000][1][safepoint    ] Application time: 0.0039520 seconds
[2019-06-24T08:46:02.751+0000][1][safepoint    ] Entering safepoint region: RevokeBias
[2019-06-24T08:46:02.751+0000][1][safepoint    ] Leaving safepoint region
[2019-06-24T08:46:02.751+0000][1][safepoint    ] Total time for which application threads were stopped: 0.0000602 seconds, Stopping threads took: 0.0000261 seconds
[2019-06-24T08:46:03.266+0000][1][safepoint    ] Application time: 0.5152053 seconds
[2019-06-24T08:46:03.266+0000][1][safepoint    ] Entering safepoint region: GenCollectForAllocation
[2019-06-24T08:46:03.266+0000][1][gc,start     ] GC(20) Pause Young (Allocation Failure)
[2019-06-24T08:46:03.266+0000][1][gc,task      ] GC(20) Using 5 workers of 8 for evacuation
[2019-06-24T08:46:03.277+0000][1][gc,age       ] GC(20) Desired survivor size 4456448 bytes, new threshold 6 (max threshold 6)
[2019-06-24T08:46:03.277+0000][1][gc,age       ] GC(20) Age table with threshold 6 (max threshold 6)
[2019-06-24T08:46:03.277+0000][1][gc,age       ] GC(20) - age   1:    1504464 bytes,    1504464 total
[2019-06-24T08:46:03.277+0000][1][gc,age       ] GC(20) - age   2:    2901632 bytes,    4406096 total
[2019-06-24T08:46:03.277+0000][1][gc,heap      ] GC(20) ParNew: 78656K->6014K(78656K)
[2019-06-24T08:46:03.277+0000][1][gc,heap      ] GC(20) CMS: 55554K->59675K(174784K)
[2019-06-24T08:46:03.277+0000][1][gc,metaspace ] GC(20) Metaspace: 54105K->54105K(1099776K)
[2019-06-24T08:46:03.277+0000][1][gc           ] GC(20) Pause Young (Allocation Failure) 131M->64M(247M) 10.578ms
[2019-06-24T08:46:03.277+0000][1][gc,cpu       ] GC(20) User=0.06s Sys=0.01s Real=0.01s
[2019-06-24T08:46:03.277+0000][1][safepoint    ] Leaving safepoint region
[2019-06-24T08:46:03.277+0000][1][safepoint    ] Total time for which application threads were stopped: 0.0110952 seconds, Stopping threads took: 0.0000133 seconds
[2019-06-24T08:46:03.433+0000][1][safepoint    ] Application time: 0.1557131 seconds
[2019-06-24T08:46:03.433+0000][1][safepoint    ] Entering safepoint region: Deoptimize
[2019-06-24T08:46:03.434+0000][1][safepoint    ] Leaving safepoint region
[2019-06-24T08:46:03.434+0000][1][safepoint    ] Total time for which application threads were stopped: 0.0008088 seconds, Stopping threads took: 0.0000130 seconds
[2019-06-24T08:46:03.473+0000][1][safepoint    ] Application time: 0.0391357 seconds
[2019-06-24T08:46:03.473+0000][1][safepoint    ] Entering safepoint region: RevokeBias
[2019-06-24T08:46:03.473+0000][1][safepoint    ] Leaving safepoint region
[2019-06-24T08:46:03.473+0000][1][safepoint    ] Total time for which application threads were stopped: 0.0002976 seconds, Stopping threads took: 0.0001963 seconds
[2019-06-24T08:46:03.473+0000][1][safepoint    ] Application time: 0.0001237 seconds
[2019-06-24T08:46:03.473+0000][1][safepoint    ] Entering safepoint region: RevokeBias
[2019-06-24T08:46:03.473+0000][1][safepoint    ] Leaving safepoint region
[2019-06-24T08:46:03.473+0000][1][safepoint    ] Total time for which application threads were stopped: 0.0000549 seconds, Stopping threads took: 0.0000088 seconds
[2019-06-24T08:46:03.474+0000][1][safepoint    ] Application time: 0.0002761 seconds
[2019-06-24T08:46:03.474+0000][1][safepoint    ] Entering safepoint region: RevokeBias
[2019-06-24T08:46:03.474+0000][1][safepoint    ] Leaving safepoint region
[2019-06-24T08:46:03.474+0000][1][safepoint    ] Total time for which application threads were stopped: 0.0001145 seconds, Stopping threads took: 0.0000436 seconds
[2019-06-24T08:46:03.477+0000][1][safepoint    ] Application time: 0.0034170 seconds
[2019-06-24T08:46:03.477+0000][1][safepoint    ] Entering safepoint region: RevokeBias
[2019-06-24T08:46:03.477+0000][1][safepoint    ] Leaving safepoint region
[2019-06-24T08:46:03.477+0000][1][safepoint    ] Total time for which application threads were stopped: 0.0000675 seconds, Stopping threads took: 0.0000132 seconds
[2019-06-24T08:46:03.547+0000][1][safepoint    ] Application time: 0.0698048 seconds
[2019-06-24T08:46:03.547+0000][1][safepoint    ] Entering safepoint region: RevokeBias
[2019-06-24T08:46:03.548+0000][1][safepoint    ] Leaving safepoint region
[2019-06-24T08:46:03.548+0000][1][safepoint    ] Total time for which application threads were stopped: 0.0008856 seconds, Stopping threads took: 0.0000184 seconds
[2019-06-24T08:46:03.635+0000][1][safepoint    ] Application time: 0.0870327 seconds
[2019-06-24T08:46:03.635+0000][1][safepoint    ] Entering safepoint region: RevokeBias
[2019-06-24T08:46:03.635+0000][1][safepoint    ] Leaving safepoint region
[2019-06-24T08:46:03.635+0000][1][safepoint    ] Total time for which application threads were stopped: 0.0001284 seconds, Stopping threads took: 0.0000181 seconds
[2019-06-24T08:46:03.635+0000][1][safepoint    ] Application time: 0.0000639 seconds
[2019-06-24T08:46:03.635+0000][1][safepoint    ] Entering safepoint region: RevokeBias
[2019-06-24T08:46:03.635+0000][1][safepoint    ] Leaving safepoint region
[2019-06-24T08:46:03.635+0000][1][safepoint    ] Total time for which application threads were stopped: 0.0001843 seconds, Stopping threads took: 0.0001191 seconds
[2019-06-24T08:46:03.636+0000][1][safepoint    ] Application time: 0.0006999 seconds
[2019-06-24T08:46:03.636+0000][1][safepoint    ] Entering safepoint region: RevokeBias
[2019-06-24T08:46:03.636+0000][1][safepoint    ] Leaving safepoint region
[2019-06-24T08:46:03.636+0000][1][safepoint    ] Total time for which application threads were stopped: 0.0001287 seconds, Stopping threads took: 0.0000783 seconds
[2019-06-24T08:46:03.636+0000][1][safepoint    ] Application time: 0.0000481 seconds
[2019-06-24T08:46:03.636+0000][1][safepoint    ] Entering safepoint region: RevokeBias
[2019-06-24T08:46:03.636+0000][1][safepoint    ] Leaving safepoint region
[2019-06-24T08:46:03.636+0000][1][safepoint    ] Total time for which application threads were stopped: 0.0001023 seconds, Stopping threads took: 0.0000498 seconds
[2019-06-24T08:46:03.637+0000][1][safepoint    ] Application time: 0.0001064 seconds
[2019-06-24T08:46:03.637+0000][1][safepoint    ] Entering safepoint region: RevokeBias
[2019-06-24T08:46:03.637+0000][1][safepoint    ] Leaving safepoint region
[2019-06-24T08:46:03.637+0000][1][safepoint    ] Total time for which application threads were stopped: 0.0000834 seconds, Stopping threads took: 0.0000223 seconds
[2019-06-24T08:46:03.637+0000][1][safepoint    ] Application time: 0.0001031 seconds
[2019-06-24T08:46:03.637+0000][1][safepoint    ] Entering safepoint region: RevokeBias
[2019-06-24T08:46:03.637+0000][1][safepoint    ] Leaving safepoint region
[2019-06-24T08:46:03.637+0000][1][safepoint    ] Total time for which application threads were stopped: 0.0001165 seconds, Stopping threads took: 0.0000637 seconds
[2019-06-24T08:46:03.637+0000][1][safepoint    ] Application time: 0.0005580 seconds
[2019-06-24T08:46:03.638+0000][1][safepoint    ] Entering safepoint region: RevokeBias
[2019-06-24T08:46:03.638+0000][1][safepoint    ] Leaving safepoint region
[2019-06-24T08:46:03.638+0000][1][safepoint    ] Total time for which application threads were stopped: 0.0001222 seconds, Stopping threads took: 0.0000569 seconds
[2019-06-24T08:46:03.638+0000][1][safepoint    ] Application time: 0.0000869 seconds
[2019-06-24T08:46:03.638+0000][1][safepoint    ] Entering safepoint region: BulkRevokeBias
[2019-06-24T08:46:03.638+0000][1][safepoint    ] Leaving safepoint region
[2019-06-24T08:46:03.638+0000][1][safepoint    ] Total time for which application threads were stopped: 0.0001326 seconds, Stopping threads took: 0.0000358 seconds
[2019-06-24T08:46:03.650+0000][1][safepoint    ] Application time: 0.0118265 seconds
[2019-06-24T08:46:03.650+0000][1][safepoint    ] Entering safepoint region: Deoptimize
[2019-06-24T08:46:03.650+0000][1][safepoint    ] Leaving safepoint region
[2019-06-24T08:46:03.650+0000][1][safepoint    ] Total time for which application threads were stopped: 0.0003817 seconds, Stopping threads took: 0.0000131 seconds
[2019-06-24T08:46:04.015+0000][1][safepoint    ] Application time: 0.3643794 seconds
[2019-06-24T08:46:04.015+0000][1][safepoint    ] Entering safepoint region: RevokeBias
[2019-06-24T08:46:04.015+0000][1][safepoint    ] Leaving safepoint region
[2019-06-24T08:46:04.015+0000][1][safepoint    ] Total time for which application threads were stopped: 0.0000770 seconds, Stopping threads took: 0.0000140 seconds
[2019-06-24T08:46:04.059+0000][1][safepoint    ] Application time: 0.0444500 seconds
[2019-06-24T08:46:04.059+0000][1][safepoint    ] Entering safepoint region: RevokeBias
[2019-06-24T08:46:04.059+0000][1][safepoint    ] Leaving safepoint region
[2019-06-24T08:46:04.059+0000][1][safepoint    ] Total time for which application threads were stopped: 0.0000561 seconds, Stopping threads took: 0.0000116 seconds
[2019-06-24T08:46:04.060+0000][1][safepoint    ] Application time: 0.0003679 seconds
[2019-06-24T08:46:04.060+0000][1][safepoint    ] Entering safepoint region: RevokeBias
[2019-06-24T08:46:04.060+0000][1][safepoint    ] Leaving safepoint region
[2019-06-24T08:46:04.060+0000][1][safepoint    ] Total time for which application threads were stopped: 0.0000332 seconds, Stopping threads took: 0.0000082 seconds
[2019-06-24T08:46:04.077+0000][1][safepoint    ] Application time: 0.0171553 seconds
[2019-06-24T08:46:04.077+0000][1][safepoint    ] Entering safepoint region: GenCollectForAllocation
[2019-06-24T08:46:04.077+0000][1][gc,start     ] GC(21) Pause Young (Allocation Failure)
[2019-06-24T08:46:04.077+0000][1][gc,task      ] GC(21) Using 5 workers of 8 for evacuation
[2019-06-24T08:46:04.084+0000][1][gc,age       ] GC(21) Desired survivor size 4456448 bytes, new threshold 2 (max threshold 6)
[2019-06-24T08:46:04.084+0000][1][gc,age       ] GC(21) Age table with threshold 2 (max threshold 6)
[2019-06-24T08:46:04.084+0000][1][gc,age       ] GC(21) - age   1:    3535616 bytes,    3535616 total
[2019-06-24T08:46:04.084+0000][1][gc,age       ] GC(21) - age   2:    1395760 bytes,    4931376 total
[2019-06-24T08:46:04.084+0000][1][gc,age       ] GC(21) - age   3:    2870720 bytes,    7802096 total
[2019-06-24T08:46:04.084+0000][1][gc,heap      ] GC(21) ParNew: 75966K->8704K(78656K)
[2019-06-24T08:46:04.084+0000][1][gc,heap      ] GC(21) CMS: 59675K->60019K(174784K)
[2019-06-24T08:46:04.084+0000][1][gc,metaspace ] GC(21) Metaspace: 62164K->62164K(1105920K)
[2019-06-24T08:46:04.084+0000][1][gc           ] GC(21) Pause Young (Allocation Failure) 132M->67M(247M) 6.904ms
[2019-06-24T08:46:04.084+0000][1][gc,cpu       ] GC(21) User=0.04s Sys=0.00s Real=0.01s
[2019-06-24T08:46:04.084+0000][1][safepoint    ] Leaving safepoint region
[2019-06-24T08:46:04.084+0000][1][safepoint    ] Total time for which application threads were stopped: 0.0070245 seconds, Stopping threads took: 0.0000119 seconds
[2019-06-24T08:46:04.101+0000][1][safepoint    ] Application time: 0.0170114 seconds
[2019-06-24T08:46:04.101+0000][1][safepoint    ] Entering safepoint region: Deoptimize
[2019-06-24T08:46:04.101+0000][1][safepoint    ] Leaving safepoint region
[2019-06-24T08:46:04.101+0000][1][safepoint    ] Total time for which application threads were stopped: 0.0003518 seconds, Stopping threads took: 0.0000112 seconds
[2019-06-24T08:46:04.107+0000][1][safepoint    ] Application time: 0.0053408 seconds
[2019-06-24T08:46:04.107+0000][1][safepoint    ] Entering safepoint region: BulkRevokeBias
[2019-06-24T08:46:04.107+0000][1][safepoint    ] Leaving safepoint region
[2019-06-24T08:46:04.107+0000][1][safepoint    ] Total time for which application threads were stopped: 0.0001492 seconds, Stopping threads took: 0.0000601 seconds
[2019-06-24T08:46:04.107+0000][1][safepoint    ] Application time: 0.0002991 seconds
[2019-06-24T08:46:04.107+0000][1][safepoint    ] Entering safepoint region: RevokeBias
[2019-06-24T08:46:04.107+0000][1][safepoint    ] Leaving safepoint region
[2019-06-24T08:46:04.107+0000][1][safepoint    ] Total time for which application threads were stopped: 0.0000481 seconds, Stopping threads took: 0.0000143 seconds
[2019-06-24T08:46:04.108+0000][1][safepoint    ] Application time: 0.0007872 seconds
[2019-06-24T08:46:04.108+0000][1][safepoint    ] Entering safepoint region: RevokeBias
[2019-06-24T08:46:04.108+0000][1][safepoint    ] Leaving safepoint region
[2019-06-24T08:46:04.108+0000][1][safepoint    ] Total time for which application threads were stopped: 0.0000507 seconds, Stopping threads took: 0.0000103 seconds
[2019-06-24T08:46:04.108+0000][1][safepoint    ] Application time: 0.0003750 seconds
[2019-06-24T08:46:04.108+0000][1][safepoint    ] Entering safepoint region: RevokeBias
[2019-06-24T08:46:04.108+0000][1][safepoint    ] Leaving safepoint region
[2019-06-24T08:46:04.108+0000][1][safepoint    ] Total time for which application threads were stopped: 0.0000498 seconds, Stopping threads took: 0.0000097 seconds
[2019-06-24T08:46:04.109+0000][1][safepoint    ] Application time: 0.0001208 seconds
[2019-06-24T08:46:04.109+0000][1][safepoint    ] Entering safepoint region: RevokeBias
[2019-06-24T08:46:04.109+0000][1][safepoint    ] Leaving safepoint region
[2019-06-24T08:46:04.109+0000][1][safepoint    ] Total time for which application threads were stopped: 0.0000461 seconds, Stopping threads took: 0.0000096 seconds
[2019-06-24T08:46:04.109+0000][1][safepoint    ] Application time: 0.0001566 seconds
[2019-06-24T08:46:04.109+0000][1][safepoint    ] Entering safepoint region: RevokeBias
[2019-06-24T08:46:04.109+0000][1][safepoint    ] Leaving safepoint region
[2019-06-24T08:46:04.109+0000][1][safepoint    ] Total time for which application threads were stopped: 0.0000445 seconds, Stopping threads took: 0.0000096 seconds
[2019-06-24T08:46:04.109+0000][1][safepoint    ] Application time: 0.0001902 seconds
[2019-06-24T08:46:04.109+0000][1][safepoint    ] Entering safepoint region: RevokeBias
[2019-06-24T08:46:04.109+0000][1][safepoint    ] Leaving safepoint region
[2019-06-24T08:46:04.109+0000][1][safepoint    ] Total time for which application threads were stopped: 0.0000447 seconds, Stopping threads took: 0.0000097 seconds
[2019-06-24T08:46:04.109+0000][1][safepoint    ] Application time: 0.0001989 seconds
[2019-06-24T08:46:04.109+0000][1][safepoint    ] Entering safepoint region: RevokeBias
[2019-06-24T08:46:04.109+0000][1][safepoint    ] Leaving safepoint region
[2019-06-24T08:46:04.109+0000][1][safepoint    ] Total time for which application threads were stopped: 0.0000426 seconds, Stopping threads took: 0.0000099 seconds
[2019-06-24T08:46:04.110+0000][1][safepoint    ] Application time: 0.0001672 seconds
[2019-06-24T08:46:04.110+0000][1][safepoint    ] Entering safepoint region: RevokeBias
[2019-06-24T08:46:04.110+0000][1][safepoint    ] Leaving safepoint region
[2019-06-24T08:46:04.110+0000][1][safepoint    ] Total time for which application threads were stopped: 0.0000532 seconds, Stopping threads took: 0.0000185 seconds
[2019-06-24T08:46:04.110+0000][1][safepoint    ] Application time: 0.0000862 seconds
[2019-06-24T08:46:04.110+0000][1][safepoint    ] Entering safepoint region: RevokeBias
[2019-06-24T08:46:04.110+0000][1][safepoint    ] Leaving safepoint region
[2019-06-24T08:46:04.110+0000][1][safepoint    ] Total time for which application threads were stopped: 0.0000428 seconds, Stopping threads took: 0.0000096 seconds
[2019-06-24T08:46:04.111+0000][1][safepoint    ] Application time: 0.0011403 seconds
[2019-06-24T08:46:04.111+0000][1][safepoint    ] Entering safepoint region: RevokeBias
[2019-06-24T08:46:04.111+0000][1][safepoint    ] Leaving safepoint region
[2019-06-24T08:46:04.111+0000][1][safepoint    ] Total time for which application threads were stopped: 0.0000483 seconds, Stopping threads took: 0.0000083 seconds
[2019-06-24T08:46:04.111+0000][1][safepoint    ] Application time: 0.0000734 seconds
[2019-06-24T08:46:04.111+0000][1][safepoint    ] Entering safepoint region: RevokeBias
[2019-06-24T08:46:04.111+0000][1][safepoint    ] Leaving safepoint region
[2019-06-24T08:46:04.111+0000][1][safepoint    ] Total time for which application threads were stopped: 0.0000370 seconds, Stopping threads took: 0.0000068 seconds
[2019-06-24T08:46:04.113+0000][1][safepoint    ] Application time: 0.0019049 seconds
[2019-06-24T08:46:04.113+0000][1][safepoint    ] Entering safepoint region: Deoptimize
[2019-06-24T08:46:04.113+0000][1][safepoint    ] Leaving safepoint region
[2019-06-24T08:46:04.113+0000][1][safepoint    ] Total time for which application threads were stopped: 0.0003595 seconds, Stopping threads took: 0.0000107 seconds
[2019-06-24T08:46:04.114+0000][1][safepoint    ] Application time: 0.0004493 seconds
[2019-06-24T08:46:04.114+0000][1][safepoint    ] Entering safepoint region: RevokeBias
[2019-06-24T08:46:04.114+0000][1][safepoint    ] Leaving safepoint region
[2019-06-24T08:46:04.114+0000][1][safepoint    ] Total time for which application threads were stopped: 0.0000372 seconds, Stopping threads took: 0.0000119 seconds
[2019-06-24T08:46:04.132+0000][1][safepoint    ] Application time: 0.0185017 seconds
[2019-06-24T08:46:04.132+0000][1][safepoint    ] Entering safepoint region: RevokeBias
[2019-06-24T08:46:04.133+0000][1][safepoint    ] Leaving safepoint region
[2019-06-24T08:46:04.133+0000][1][safepoint    ] Total time for which application threads were stopped: 0.0000909 seconds, Stopping threads took: 0.0000425 seconds
[2019-06-24T08:46:04.133+0000][1][safepoint    ] Application time: 0.0000935 seconds
[2019-06-24T08:46:04.133+0000][1][safepoint    ] Entering safepoint region: RevokeBias
[2019-06-24T08:46:04.133+0000][1][safepoint    ] Leaving safepoint region
[2019-06-24T08:46:04.133+0000][1][safepoint    ] Total time for which application threads were stopped: 0.0000646 seconds, Stopping threads took: 0.0000264 seconds
[2019-06-24T08:46:04.133+0000][1][safepoint    ] Application time: 0.0006810 seconds
[2019-06-24T08:46:04.133+0000][1][safepoint    ] Entering safepoint region: RevokeBias
[2019-06-24T08:46:04.133+0000][1][safepoint    ] Leaving safepoint region
[2019-06-24T08:46:04.133+0000][1][safepoint    ] Total time for which application threads were stopped: 0.0000800 seconds, Stopping threads took: 0.0000430 seconds
[2019-06-24T08:46:04.135+0000][1][safepoint    ] Application time: 0.0010179 seconds
[2019-06-24T08:46:04.135+0000][1][safepoint    ] Entering safepoint region: RevokeBias
[2019-06-24T08:46:04.135+0000][1][safepoint    ] Leaving safepoint region
[2019-06-24T08:46:04.135+0000][1][safepoint    ] Total time for which application threads were stopped: 0.0001646 seconds, Stopping threads took: 0.0001032 seconds
[2019-06-24T08:46:04.135+0000][1][safepoint    ] Application time: 0.0001177 seconds
[2019-06-24T08:46:04.135+0000][1][safepoint    ] Entering safepoint region: RevokeBias
[2019-06-24T08:46:04.135+0000][1][safepoint    ] Leaving safepoint region
[2019-06-24T08:46:04.135+0000][1][safepoint    ] Total time for which application threads were stopped: 0.0001236 seconds, Stopping threads took: 0.0000773 seconds
[2019-06-24T08:46:04.135+0000][1][safepoint    ] Application time: 0.0002814 seconds
[2019-06-24T08:46:04.135+0000][1][safepoint    ] Entering safepoint region: RevokeBias
[2019-06-24T08:46:04.136+0000][1][safepoint    ] Leaving safepoint region
[2019-06-24T08:46:04.136+0000][1][safepoint    ] Total time for which application threads were stopped: 0.0002359 seconds, Stopping threads took: 0.0001623 seconds
[2019-06-24T08:46:04.136+0000][1][safepoint    ] Application time: 0.0002660 seconds
[2019-06-24T08:46:04.136+0000][1][safepoint    ] Entering safepoint region: RevokeBias
[2019-06-24T08:46:04.137+0000][1][safepoint    ] Leaving safepoint region
[2019-06-24T08:46:04.137+0000][1][safepoint    ] Total time for which application threads were stopped: 0.0007279 seconds, Stopping threads took: 0.0006511 seconds
[2019-06-24T08:46:04.137+0000][1][safepoint    ] Application time: 0.0001017 seconds
[2019-06-24T08:46:04.137+0000][1][safepoint    ] Entering safepoint region: RevokeBias
[2019-06-24T08:46:04.137+0000][1][safepoint    ] Leaving safepoint region
[2019-06-24T08:46:04.137+0000][1][safepoint    ] Total time for which application threads were stopped: 0.0000896 seconds, Stopping threads took: 0.0000409 seconds
[2019-06-24T08:46:04.137+0000][1][safepoint    ] Application time: 0.0000695 seconds
[2019-06-24T08:46:04.137+0000][1][safepoint    ] Entering safepoint region: RevokeBias
[2019-06-24T08:46:04.137+0000][1][safepoint    ] Leaving safepoint region
[2019-06-24T08:46:04.137+0000][1][safepoint    ] Total time for which application threads were stopped: 0.0001434 seconds, Stopping threads took: 0.0001072 seconds
[2019-06-24T08:46:04.137+0000][1][safepoint    ] Application time: 0.0001237 seconds
[2019-06-24T08:46:04.137+0000][1][safepoint    ] Entering safepoint region: RevokeBias
[2019-06-24T08:46:04.137+0000][1][safepoint    ] Leaving safepoint region
[2019-06-24T08:46:04.137+0000][1][safepoint    ] Total time for which application threads were stopped: 0.0000979 seconds, Stopping threads took: 0.0000461 seconds
[2019-06-24T08:46:04.138+0000][1][safepoint    ] Application time: 0.0006092 seconds
[2019-06-24T08:46:04.138+0000][1][safepoint    ] Entering safepoint region: RevokeBias
[2019-06-24T08:46:04.138+0000][1][safepoint    ] Leaving safepoint region
[2019-06-24T08:46:04.138+0000][1][safepoint    ] Total time for which application threads were stopped: 0.0000999 seconds, Stopping threads took: 0.0000424 seconds
[2019-06-24T08:46:04.138+0000][1][safepoint    ] Application time: 0.0003395 seconds
[2019-06-24T08:46:04.138+0000][1][safepoint    ] Entering safepoint region: RevokeBias
[2019-06-24T08:46:04.138+0000][1][safepoint    ] Leaving safepoint region
[2019-06-24T08:46:04.138+0000][1][safepoint    ] Total time for which application threads were stopped: 0.0000893 seconds, Stopping threads took: 0.0000226 seconds
[2019-06-24T08:46:04.139+0000][1][safepoint    ] Application time: 0.0001174 seconds
[2019-06-24T08:46:04.139+0000][1][safepoint    ] Entering safepoint region: RevokeBias
[2019-06-24T08:46:04.139+0000][1][safepoint    ] Leaving safepoint region
[2019-06-24T08:46:04.139+0000][1][safepoint    ] Total time for which application threads were stopped: 0.0001037 seconds, Stopping threads took: 0.0000322 seconds
[2019-06-24T08:46:04.139+0000][1][safepoint    ] Application time: 0.0006109 seconds
[2019-06-24T08:46:04.139+0000][1][safepoint    ] Entering safepoint region: RevokeBias
[2019-06-24T08:46:04.140+0000][1][safepoint    ] Leaving safepoint region
[2019-06-24T08:46:04.140+0000][1][safepoint    ] Total time for which application threads were stopped: 0.0001595 seconds, Stopping threads took: 0.0001040 seconds
[2019-06-24T08:46:04.140+0000][1][safepoint    ] Application time: 0.0001451 seconds
[2019-06-24T08:46:04.140+0000][1][safepoint    ] Entering safepoint region: RevokeBias
[2019-06-24T08:46:04.140+0000][1][safepoint    ] Leaving safepoint region
[2019-06-24T08:46:04.140+0000][1][safepoint    ] Total time for which application threads were stopped: 0.0001059 seconds, Stopping threads took: 0.0000530 seconds
[2019-06-24T08:46:04.141+0000][1][safepoint    ] Application time: 0.0007059 seconds
[2019-06-24T08:46:04.141+0000][1][safepoint    ] Entering safepoint region: RevokeBias
[2019-06-24T08:46:04.141+0000][1][safepoint    ] Leaving safepoint region
[2019-06-24T08:46:04.141+0000][1][safepoint    ] Total time for which application threads were stopped: 0.0000788 seconds, Stopping threads took: 0.0000264 seconds
[2019-06-24T08:46:04.142+0000][1][safepoint    ] Application time: 0.0012528 seconds
[2019-06-24T08:46:04.142+0000][1][safepoint    ] Entering safepoint region: RevokeBias
[2019-06-24T08:46:04.142+0000][1][safepoint    ] Leaving safepoint region
[2019-06-24T08:46:04.142+0000][1][safepoint    ] Total time for which application threads were stopped: 0.0001307 seconds, Stopping threads took: 0.0000563 seconds
[2019-06-24T08:46:04.142+0000][1][safepoint    ] Application time: 0.0002425 seconds
[2019-06-24T08:46:04.142+0000][1][safepoint    ] Entering safepoint region: RevokeBias
[2019-06-24T08:46:04.142+0000][1][safepoint    ] Leaving safepoint region
[2019-06-24T08:46:04.142+0000][1][safepoint    ] Total time for which application threads were stopped: 0.0001244 seconds, Stopping threads took: 0.0000702 seconds
[2019-06-24T08:46:04.143+0000][1][safepoint    ] Application time: 0.0001888 seconds
[2019-06-24T08:46:04.143+0000][1][safepoint    ] Entering safepoint region: RevokeBias
[2019-06-24T08:46:04.143+0000][1][safepoint    ] Leaving safepoint region
[2019-06-24T08:46:04.143+0000][1][safepoint    ] Total time for which application threads were stopped: 0.0001754 seconds, Stopping threads took: 0.0001000 seconds
[2019-06-24T08:46:04.143+0000][1][safepoint    ] Application time: 0.0004439 seconds
[2019-06-24T08:46:04.144+0000][1][safepoint    ] Entering safepoint region: RevokeBias
[2019-06-24T08:46:04.144+0000][1][safepoint    ] Leaving safepoint region
[2019-06-24T08:46:04.144+0000][1][safepoint    ] Total time for which application threads were stopped: 0.0002709 seconds, Stopping threads took: 0.0002221 seconds
[2019-06-24T08:46:04.145+0000][1][safepoint    ] Application time: 0.0010511 seconds
[2019-06-24T08:46:04.145+0000][1][safepoint    ] Entering safepoint region: RevokeBias
[2019-06-24T08:46:04.145+0000][1][safepoint    ] Leaving safepoint region
[2019-06-24T08:46:04.145+0000][1][safepoint    ] Total time for which application threads were stopped: 0.0001180 seconds, Stopping threads took: 0.0000461 seconds
[2019-06-24T08:46:04.145+0000][1][safepoint    ] Application time: 0.0001591 seconds
[2019-06-24T08:46:04.145+0000][1][safepoint    ] Entering safepoint region: RevokeBias
[2019-06-24T08:46:04.145+0000][1][safepoint    ] Leaving safepoint region
[2019-06-24T08:46:04.145+0000][1][safepoint    ] Total time for which application threads were stopped: 0.0000804 seconds, Stopping threads took: 0.0000274 seconds
[2019-06-24T08:46:04.145+0000][1][safepoint    ] Application time: 0.0000560 seconds
[2019-06-24T08:46:04.145+0000][1][safepoint    ] Entering safepoint region: RevokeBias
[2019-06-24T08:46:04.145+0000][1][safepoint    ] Leaving safepoint region
[2019-06-24T08:46:04.145+0000][1][safepoint    ] Total time for which application threads were stopped: 0.0001169 seconds, Stopping threads took: 0.0000566 seconds
[2019-06-24T08:46:04.145+0000][1][safepoint    ] Application time: 0.0000630 seconds
[2019-06-24T08:46:04.145+0000][1][safepoint    ] Entering safepoint region: RevokeBias
[2019-06-24T08:46:04.145+0000][1][safepoint    ] Leaving safepoint region
[2019-06-24T08:46:04.145+0000][1][safepoint    ] Total time for which application threads were stopped: 0.0001244 seconds, Stopping threads took: 0.0000693 seconds
[2019-06-24T08:46:04.146+0000][1][safepoint    ] Application time: 0.0001168 seconds
[2019-06-24T08:46:04.146+0000][1][safepoint    ] Entering safepoint region: RevokeBias
[2019-06-24T08:46:04.146+0000][1][safepoint    ] Leaving safepoint region
[2019-06-24T08:46:04.146+0000][1][safepoint    ] Total time for which application threads were stopped: 0.0001549 seconds, Stopping threads took: 0.0000623 seconds
[2019-06-24T08:46:04.146+0000][1][safepoint    ] Application time: 0.0000478 seconds
[2019-06-24T08:46:04.146+0000][1][safepoint    ] Entering safepoint region: RevokeBias
[2019-06-24T08:46:04.146+0000][1][safepoint    ] Leaving safepoint region
[2019-06-24T08:46:04.146+0000][1][safepoint    ] Total time for which application threads were stopped: 0.0000951 seconds, Stopping threads took: 0.0000118 seconds
[2019-06-24T08:46:04.146+0000][1][safepoint    ] Application time: 0.0003234 seconds
[2019-06-24T08:46:04.146+0000][1][safepoint    ] Entering safepoint region: RevokeBias
[2019-06-24T08:46:04.146+0000][1][safepoint    ] Leaving safepoint region
[2019-06-24T08:46:04.146+0000][1][safepoint    ] Total time for which application threads were stopped: 0.0001331 seconds, Stopping threads took: 0.0000542 seconds
[2019-06-24T08:46:04.146+0000][1][safepoint    ] Application time: 0.0000393 seconds
[2019-06-24T08:46:04.146+0000][1][safepoint    ] Entering safepoint region: RevokeBias
[2019-06-24T08:46:04.147+0000][1][safepoint    ] Leaving safepoint region
[2019-06-24T08:46:04.147+0000][1][safepoint    ] Total time for which application threads were stopped: 0.0001154 seconds, Stopping threads took: 0.0000134 seconds
[2019-06-24T08:46:04.147+0000][1][safepoint    ] Application time: 0.0000970 seconds
[2019-06-24T08:46:04.147+0000][1][safepoint    ] Entering safepoint region: RevokeBias
[2019-06-24T08:46:04.147+0000][1][safepoint    ] Leaving safepoint region
[2019-06-24T08:46:04.147+0000][1][safepoint    ] Total time for which application threads were stopped: 0.0001338 seconds, Stopping threads took: 0.0000553 seconds
[2019-06-24T08:46:04.149+0000][1][safepoint    ] Application time: 0.0017360 seconds
[2019-06-24T08:46:04.149+0000][1][safepoint    ] Entering safepoint region: RevokeBias
[2019-06-24T08:46:04.149+0000][1][safepoint    ] Leaving safepoint region
[2019-06-24T08:46:04.149+0000][1][safepoint    ] Total time for which application threads were stopped: 0.0001012 seconds, Stopping threads took: 0.0000270 seconds
[2019-06-24T08:46:04.149+0000][1][safepoint    ] Application time: 0.0001344 seconds
[2019-06-24T08:46:04.149+0000][1][safepoint    ] Entering safepoint region: RevokeBias
[2019-06-24T08:46:04.149+0000][1][safepoint    ] Leaving safepoint region
[2019-06-24T08:46:04.149+0000][1][safepoint    ] Total time for which application threads were stopped: 0.0000833 seconds, Stopping threads took: 0.0000244 seconds
[2019-06-24T08:46:04.151+0000][1][safepoint    ] Application time: 0.0021260 seconds
[2019-06-24T08:46:04.151+0000][1][safepoint    ] Entering safepoint region: RevokeBias
[2019-06-24T08:46:04.151+0000][1][safepoint    ] Leaving safepoint region
[2019-06-24T08:46:04.151+0000][1][safepoint    ] Total time for which application threads were stopped: 0.0001997 seconds, Stopping threads took: 0.0001069 seconds
[2019-06-24T08:46:04.152+0000][1][safepoint    ] Application time: 0.0003701 seconds
[2019-06-24T08:46:04.152+0000][1][safepoint    ] Entering safepoint region: BulkRevokeBias
[2019-06-24T08:46:04.152+0000][1][safepoint    ] Leaving safepoint region
[2019-06-24T08:46:04.152+0000][1][safepoint    ] Total time for which application threads were stopped: 0.0003104 seconds, Stopping threads took: 0.0000317 seconds
[2019-06-24T08:46:04.152+0000][1][safepoint    ] Application time: 0.0001098 seconds
[2019-06-24T08:46:04.152+0000][1][safepoint    ] Entering safepoint region: RevokeBias
[2019-06-24T08:46:04.152+0000][1][safepoint    ] Leaving safepoint region
[2019-06-24T08:46:04.152+0000][1][safepoint    ] Total time for which application threads were stopped: 0.0001794 seconds, Stopping threads took: 0.0000961 seconds
[2019-06-24T08:46:04.160+0000][1][safepoint    ] Application time: 0.0074144 seconds
[2019-06-24T08:46:04.160+0000][1][safepoint    ] Entering safepoint region: RevokeBias
[2019-06-24T08:46:04.160+0000][1][safepoint    ] Leaving safepoint region
[2019-06-24T08:46:04.160+0000][1][safepoint    ] Total time for which application threads were stopped: 0.0003102 seconds, Stopping threads took: 0.0001602 seconds
[2019-06-24T08:46:04.160+0000][1][safepoint    ] Application time: 0.0001361 seconds
[2019-06-24T08:46:04.160+0000][1][safepoint    ] Entering safepoint region: BulkRevokeBias
[2019-06-24T08:46:04.160+0000][1][safepoint    ] Leaving safepoint region
[2019-06-24T08:46:04.161+0000][1][safepoint    ] Total time for which application threads were stopped: 0.0002700 seconds, Stopping threads took: 0.0000410 seconds
[2019-06-24T08:46:04.161+0000][1][safepoint    ] Application time: 0.0001463 seconds
[2019-06-24T08:46:04.161+0000][1][safepoint    ] Entering safepoint region: RevokeBias
[2019-06-24T08:46:04.161+0000][1][safepoint    ] Leaving safepoint region
[2019-06-24T08:46:04.161+0000][1][safepoint    ] Total time for which application threads were stopped: 0.0002107 seconds, Stopping threads took: 0.0001222 seconds
[2019-06-24T08:46:04.161+0000][1][safepoint    ] Application time: 0.0002537 seconds
[2019-06-24T08:46:04.161+0000][1][safepoint    ] Entering safepoint region: RevokeBias
[2019-06-24T08:46:04.161+0000][1][safepoint    ] Leaving safepoint region
[2019-06-24T08:46:04.161+0000][1][safepoint    ] Total time for which application threads were stopped: 0.0001455 seconds, Stopping threads took: 0.0000641 seconds
[2019-06-24T08:46:04.162+0000][1][safepoint    ] Application time: 0.0004521 seconds
[2019-06-24T08:46:04.162+0000][1][safepoint    ] Entering safepoint region: RevokeBias
[2019-06-24T08:46:04.162+0000][1][safepoint    ] Leaving safepoint region
[2019-06-24T08:46:04.162+0000][1][safepoint    ] Total time for which application threads were stopped: 0.0002601 seconds, Stopping threads took: 0.0001881 seconds
[2019-06-24T08:46:04.162+0000][1][safepoint    ] Application time: 0.0001538 seconds
[2019-06-24T08:46:04.162+0000][1][safepoint    ] Entering safepoint region: RevokeBias
[2019-06-24T08:46:04.162+0000][1][safepoint    ] Leaving safepoint region
[2019-06-24T08:46:04.162+0000][1][safepoint    ] Total time for which application threads were stopped: 0.0001532 seconds, Stopping threads took: 0.0000681 seconds
[2019-06-24T08:46:04.163+0000][1][safepoint    ] Application time: 0.0001232 seconds
[2019-06-24T08:46:04.163+0000][1][safepoint    ] Entering safepoint region: RevokeBias
[2019-06-24T08:46:04.163+0000][1][safepoint    ] Leaving safepoint region
[2019-06-24T08:46:04.163+0000][1][safepoint    ] Total time for which application threads were stopped: 0.0001143 seconds, Stopping threads took: 0.0000595 seconds
[2019-06-24T08:46:04.165+0000][1][safepoint    ] Application time: 0.0026384 seconds
[2019-06-24T08:46:04.165+0000][1][safepoint    ] Entering safepoint region: RevokeBias
[2019-06-24T08:46:04.166+0000][1][safepoint    ] Leaving safepoint region
[2019-06-24T08:46:04.166+0000][1][safepoint    ] Total time for which application threads were stopped: 0.0001845 seconds, Stopping threads took: 0.0000726 seconds
[2019-06-24T08:46:04.166+0000][1][safepoint    ] Application time: 0.0000549 seconds
[2019-06-24T08:46:04.166+0000][1][safepoint    ] Entering safepoint region: RevokeBias
[2019-06-24T08:46:04.166+0000][1][safepoint    ] Leaving safepoint region
[2019-06-24T08:46:04.166+0000][1][safepoint    ] Total time for which application threads were stopped: 0.0001009 seconds, Stopping threads took: 0.0000266 seconds
[2019-06-24T08:46:04.169+0000][1][safepoint    ] Application time: 0.0034251 seconds
[2019-06-24T08:46:04.169+0000][1][safepoint    ] Entering safepoint region: RevokeBias
[2019-06-24T08:46:04.169+0000][1][safepoint    ] Leaving safepoint region
[2019-06-24T08:46:04.169+0000][1][safepoint    ] Total time for which application threads were stopped: 0.0001252 seconds, Stopping threads took: 0.0000193 seconds
[2019-06-24T08:46:04.169+0000][1][safepoint    ] Application time: 0.0001065 seconds
[2019-06-24T08:46:04.169+0000][1][safepoint    ] Entering safepoint region: RevokeBias
[2019-06-24T08:46:04.170+0000][1][safepoint    ] Leaving safepoint region
[2019-06-24T08:46:04.170+0000][1][safepoint    ] Total time for which application threads were stopped: 0.0001074 seconds, Stopping threads took: 0.0000336 seconds
[2019-06-24T08:46:04.170+0000][1][safepoint    ] Application time: 0.0001292 seconds
[2019-06-24T08:46:04.170+0000][1][safepoint    ] Entering safepoint region: RevokeBias
[2019-06-24T08:46:04.170+0000][1][safepoint    ] Leaving safepoint region
[2019-06-24T08:46:04.170+0000][1][safepoint    ] Total time for which application threads were stopped: 0.0000809 seconds, Stopping threads took: 0.0000160 seconds
[2019-06-24T08:46:04.170+0000][1][safepoint    ] Application time: 0.0000600 seconds
[2019-06-24T08:46:04.170+0000][1][safepoint    ] Entering safepoint region: RevokeBias
[2019-06-24T08:46:04.170+0000][1][safepoint    ] Leaving safepoint region
[2019-06-24T08:46:04.170+0000][1][safepoint    ] Total time for which application threads were stopped: 0.0000721 seconds, Stopping threads took: 0.0000136 seconds
[2019-06-24T08:46:04.170+0000][1][safepoint    ] Application time: 0.0000927 seconds
[2019-06-24T08:46:04.170+0000][1][safepoint    ] Entering safepoint region: RevokeBias
[2019-06-24T08:46:04.170+0000][1][safepoint    ] Leaving safepoint region
[2019-06-24T08:46:04.170+0000][1][safepoint    ] Total time for which application threads were stopped: 0.0001011 seconds, Stopping threads took: 0.0000321 seconds
[2019-06-24T08:46:04.174+0000][1][safepoint    ] Application time: 0.0034470 seconds
[2019-06-24T08:46:04.174+0000][1][safepoint    ] Entering safepoint region: RevokeBias
[2019-06-24T08:46:04.174+0000][1][safepoint    ] Leaving safepoint region
[2019-06-24T08:46:04.174+0000][1][safepoint    ] Total time for which application threads were stopped: 0.0001570 seconds, Stopping threads took: 0.0000893 seconds
[2019-06-24T08:46:04.174+0000][1][safepoint    ] Application time: 0.0000993 seconds
[2019-06-24T08:46:04.174+0000][1][safepoint    ] Entering safepoint region: RevokeBias
[2019-06-24T08:46:04.174+0000][1][safepoint    ] Leaving safepoint region
[2019-06-24T08:46:04.174+0000][1][safepoint    ] Total time for which application threads were stopped: 0.0001226 seconds, Stopping threads took: 0.0000572 seconds
[2019-06-24T08:46:04.174+0000][1][safepoint    ] Application time: 0.0000837 seconds
[2019-06-24T08:46:04.174+0000][1][safepoint    ] Entering safepoint region: RevokeBias
[2019-06-24T08:46:04.174+0000][1][safepoint    ] Leaving safepoint region
[2019-06-24T08:46:04.174+0000][1][safepoint    ] Total time for which application threads were stopped: 0.0001065 seconds, Stopping threads took: 0.0000334 seconds
[2019-06-24T08:46:04.174+0000][1][safepoint    ] Application time: 0.0001126 seconds
[2019-06-24T08:46:04.174+0000][1][safepoint    ] Entering safepoint region: RevokeBias
[2019-06-24T08:46:04.175+0000][1][safepoint    ] Leaving safepoint region
[2019-06-24T08:46:04.175+0000][1][safepoint    ] Total time for which application threads were stopped: 0.0001263 seconds, Stopping threads took: 0.0000382 seconds
[2019-06-24T08:46:04.177+0000][1][safepoint    ] Application time: 0.0026054 seconds
[2019-06-24T08:46:04.177+0000][1][safepoint    ] Entering safepoint region: RevokeBias
[2019-06-24T08:46:04.177+0000][1][safepoint    ] Leaving safepoint region
[2019-06-24T08:46:04.177+0000][1][safepoint    ] Total time for which application threads were stopped: 0.0002094 seconds, Stopping threads took: 0.0001402 seconds
[2019-06-24T08:46:04.179+0000][1][safepoint    ] Application time: 0.0013210 seconds
[2019-06-24T08:46:04.179+0000][1][safepoint    ] Entering safepoint region: RevokeBias
[2019-06-24T08:46:04.179+0000][1][safepoint    ] Leaving safepoint region
[2019-06-24T08:46:04.179+0000][1][safepoint    ] Total time for which application threads were stopped: 0.0003539 seconds, Stopping threads took: 0.0002789 seconds
[2019-06-24T08:46:04.180+0000][1][safepoint    ] Application time: 0.0004676 seconds
[2019-06-24T08:46:04.180+0000][1][safepoint    ] Entering safepoint region: RevokeBias
[2019-06-24T08:46:04.180+0000][1][safepoint    ] Leaving safepoint region
[2019-06-24T08:46:04.180+0000][1][safepoint    ] Total time for which application threads were stopped: 0.0001472 seconds, Stopping threads took: 0.0000770 seconds
[2019-06-24T08:46:04.180+0000][1][safepoint    ] Application time: 0.0004773 seconds
[2019-06-24T08:46:04.180+0000][1][safepoint    ] Entering safepoint region: RevokeBias
[2019-06-24T08:46:04.180+0000][1][safepoint    ] Leaving safepoint region
[2019-06-24T08:46:04.180+0000][1][safepoint    ] Total time for which application threads were stopped: 0.0001343 seconds, Stopping threads took: 0.0000558 seconds
[2019-06-24T08:46:04.180+0000][1][safepoint    ] Application time: 0.0000969 seconds
[2019-06-24T08:46:04.181+0000][1][safepoint    ] Entering safepoint region: RevokeBias
[2019-06-24T08:46:04.181+0000][1][safepoint    ] Leaving safepoint region
[2019-06-24T08:46:04.181+0000][1][safepoint    ] Total time for which application threads were stopped: 0.0001206 seconds, Stopping threads took: 0.0000508 seconds
[2019-06-24T08:46:04.181+0000][1][safepoint    ] Application time: 0.0000735 seconds
[2019-06-24T08:46:04.183+0000][1][safepoint    ] Entering safepoint region: RevokeBias
[2019-06-24T08:46:04.183+0000][1][safepoint    ] Leaving safepoint region
[2019-06-24T08:46:04.183+0000][1][safepoint    ] Total time for which application threads were stopped: 0.0019279 seconds, Stopping threads took: 0.0018725 seconds
[2019-06-24T08:46:04.187+0000][1][safepoint    ] Application time: 0.0041177 seconds
[2019-06-24T08:46:04.187+0000][1][safepoint    ] Entering safepoint region: RevokeBias
[2019-06-24T08:46:04.187+0000][1][safepoint    ] Leaving safepoint region
[2019-06-24T08:46:04.187+0000][1][safepoint    ] Total time for which application threads were stopped: 0.0001534 seconds, Stopping threads took: 0.0001012 seconds
[2019-06-24T08:46:04.256+0000][1][safepoint    ] Application time: 0.0686521 seconds
[2019-06-24T08:46:04.256+0000][1][safepoint    ] Entering safepoint region: RevokeBias
[2019-06-24T08:46:04.256+0000][1][safepoint    ] Leaving safepoint region
[2019-06-24T08:46:04.256+0000][1][safepoint    ] Total time for which application threads were stopped: 0.0000983 seconds, Stopping threads took: 0.0000182 seconds
[2019-06-24T08:46:04.256+0000][1][safepoint    ] Application time: 0.0004078 seconds
[2019-06-24T08:46:04.256+0000][1][safepoint    ] Entering safepoint region: RevokeBias
[2019-06-24T08:46:04.256+0000][1][safepoint    ] Leaving safepoint region
[2019-06-24T08:46:04.256+0000][1][safepoint    ] Total time for which application threads were stopped: 0.0000689 seconds, Stopping threads took: 0.0000139 seconds
[2019-06-24T08:46:04.256+0000][1][safepoint    ] Application time: 0.0001149 seconds
[2019-06-24T08:46:04.256+0000][1][safepoint    ] Entering safepoint region: RevokeBias
[2019-06-24T08:46:04.256+0000][1][safepoint    ] Leaving safepoint region
[2019-06-24T08:46:04.256+0000][1][safepoint    ] Total time for which application threads were stopped: 0.0000536 seconds, Stopping threads took: 0.0000123 seconds
[2019-06-24T08:46:04.257+0000][1][safepoint    ] Application time: 0.0000915 seconds
[2019-06-24T08:46:04.257+0000][1][safepoint    ] Entering safepoint region: RevokeBias
[2019-06-24T08:46:04.257+0000][1][safepoint    ] Leaving safepoint region
[2019-06-24T08:46:04.257+0000][1][safepoint    ] Total time for which application threads were stopped: 0.0000466 seconds, Stopping threads took: 0.0000103 seconds
[2019-06-24T08:46:04.257+0000][1][safepoint    ] Application time: 0.0003790 seconds
[2019-06-24T08:46:04.257+0000][1][safepoint    ] Entering safepoint region: RevokeBias
[2019-06-24T08:46:04.257+0000][1][safepoint    ] Leaving safepoint region
[2019-06-24T08:46:04.257+0000][1][safepoint    ] Total time for which application threads were stopped: 0.0000567 seconds, Stopping threads took: 0.0000126 seconds
[2019-06-24T08:46:04.289+0000][1][safepoint    ] Application time: 0.0318160 seconds
[2019-06-24T08:46:04.289+0000][1][safepoint    ] Entering safepoint region: RevokeBias
[2019-06-24T08:46:04.289+0000][1][safepoint    ] Leaving safepoint region
[2019-06-24T08:46:04.289+0000][1][safepoint    ] Total time for which application threads were stopped: 0.0001721 seconds, Stopping threads took: 0.0000290 seconds
[2019-06-24T08:46:04.289+0000][1][safepoint    ] Application time: 0.0001304 seconds
[2019-06-24T08:46:04.289+0000][1][safepoint    ] Entering safepoint region: RevokeBias
[2019-06-24T08:46:04.289+0000][1][safepoint    ] Leaving safepoint region
[2019-06-24T08:46:04.289+0000][1][safepoint    ] Total time for which application threads were stopped: 0.0000591 seconds, Stopping threads took: 0.0000121 seconds
[2019-06-24T08:46:04.302+0000][1][safepoint    ] Application time: 0.0122409 seconds
[2019-06-24T08:46:04.302+0000][1][safepoint    ] Entering safepoint region: RevokeBias
[2019-06-24T08:46:04.302+0000][1][safepoint    ] Leaving safepoint region
[2019-06-24T08:46:04.302+0000][1][safepoint    ] Total time for which application threads were stopped: 0.0002248 seconds, Stopping threads took: 0.0001450 seconds
[2019-06-24T08:46:04.302+0000][1][safepoint    ] Application time: 0.0001623 seconds
[2019-06-24T08:46:04.302+0000][1][safepoint    ] Entering safepoint region: RevokeBias
[2019-06-24T08:46:04.302+0000][1][safepoint    ] Leaving safepoint region
[2019-06-24T08:46:04.302+0000][1][safepoint    ] Total time for which application threads were stopped: 0.0000817 seconds, Stopping threads took: 0.0000335 seconds
[2019-06-24T08:46:04.308+0000][1][safepoint    ] Application time: 0.0057166 seconds
[2019-06-24T08:46:04.308+0000][1][safepoint    ] Entering safepoint region: RevokeBias
[2019-06-24T08:46:04.308+0000][1][safepoint    ] Leaving safepoint region
[2019-06-24T08:46:04.308+0000][1][safepoint    ] Total time for which application threads were stopped: 0.0000887 seconds, Stopping threads took: 0.0000162 seconds
[2019-06-24T08:46:04.310+0000][1][safepoint    ] Application time: 0.0017573 seconds
[2019-06-24T08:46:04.310+0000][1][safepoint    ] Entering safepoint region: RevokeBias
[2019-06-24T08:46:04.310+0000][1][safepoint    ] Leaving safepoint region
[2019-06-24T08:46:04.310+0000][1][safepoint    ] Total time for which application threads were stopped: 0.0000729 seconds, Stopping threads took: 0.0000156 seconds
[2019-06-24T08:46:04.310+0000][1][safepoint    ] Application time: 0.0002019 seconds
[2019-06-24T08:46:04.310+0000][1][safepoint    ] Entering safepoint region: RevokeBias
[2019-06-24T08:46:04.310+0000][1][safepoint    ] Leaving safepoint region
[2019-06-24T08:46:04.310+0000][1][safepoint    ] Total time for which application threads were stopped: 0.0000571 seconds, Stopping threads took: 0.0000122 seconds
[2019-06-24T08:46:04.310+0000][1][safepoint    ] Application time: 0.0001034 seconds
[2019-06-24T08:46:04.310+0000][1][safepoint    ] Entering safepoint region: RevokeBias
[2019-06-24T08:46:04.310+0000][1][safepoint    ] Leaving safepoint region
[2019-06-24T08:46:04.310+0000][1][safepoint    ] Total time for which application threads were stopped: 0.0000448 seconds, Stopping threads took: 0.0000101 seconds
[2019-06-24T08:46:04.320+0000][1][safepoint    ] Application time: 0.0092728 seconds
[2019-06-24T08:46:04.320+0000][1][safepoint    ] Entering safepoint region: RevokeBias
[2019-06-24T08:46:04.320+0000][1][safepoint    ] Leaving safepoint region
[2019-06-24T08:46:04.320+0000][1][safepoint    ] Total time for which application threads were stopped: 0.0000788 seconds, Stopping threads took: 0.0000194 seconds
[2019-06-24T08:46:04.395+0000][1][safepoint    ] Application time: 0.0754571 seconds
[2019-06-24T08:46:04.395+0000][1][safepoint    ] Entering safepoint region: RevokeBias
[2019-06-24T08:46:04.395+0000][1][safepoint    ] Leaving safepoint region
[2019-06-24T08:46:04.395+0000][1][safepoint    ] Total time for which application threads were stopped: 0.0000984 seconds, Stopping threads took: 0.0000179 seconds
[2019-06-24T08:46:04.395+0000][1][safepoint    ] Application time: 0.0001141 seconds
[2019-06-24T08:46:04.395+0000][1][safepoint    ] Entering safepoint region: RevokeBias
[2019-06-24T08:46:04.395+0000][1][safepoint    ] Leaving safepoint region
[2019-06-24T08:46:04.395+0000][1][safepoint    ] Total time for which application threads were stopped: 0.0000721 seconds, Stopping threads took: 0.0000238 seconds
[2019-06-24T08:46:04.396+0000][1][safepoint    ] Application time: 0.0001113 seconds
[2019-06-24T08:46:04.396+0000][1][safepoint    ] Entering safepoint region: RevokeBias
[2019-06-24T08:46:04.396+0000][1][safepoint    ] Leaving safepoint region
[2019-06-24T08:46:04.396+0000][1][safepoint    ] Total time for which application threads were stopped: 0.0000569 seconds, Stopping threads took: 0.0000124 seconds
[2019-06-24T08:46:04.397+0000][1][safepoint    ] Application time: 0.0011152 seconds
[2019-06-24T08:46:04.397+0000][1][safepoint    ] Entering safepoint region: RevokeBias
[2019-06-24T08:46:04.397+0000][1][safepoint    ] Leaving safepoint region
[2019-06-24T08:46:04.397+0000][1][safepoint    ] Total time for which application threads were stopped: 0.0000798 seconds, Stopping threads took: 0.0000161 seconds
[2019-06-24T08:46:04.397+0000][1][safepoint    ] Application time: 0.0001635 seconds
[2019-06-24T08:46:04.397+0000][1][safepoint    ] Entering safepoint region: RevokeBias
[2019-06-24T08:46:04.397+0000][1][safepoint    ] Leaving safepoint region
[2019-06-24T08:46:04.397+0000][1][safepoint    ] Total time for which application threads were stopped: 0.0000652 seconds, Stopping threads took: 0.0000118 seconds
[2019-06-24T08:46:04.397+0000][1][safepoint    ] Application time: 0.0000434 seconds
[2019-06-24T08:46:04.397+0000][1][safepoint    ] Entering safepoint region: RevokeBias
[2019-06-24T08:46:04.397+0000][1][safepoint    ] Leaving safepoint region
[2019-06-24T08:46:04.397+0000][1][safepoint    ] Total time for which application threads were stopped: 0.0001458 seconds, Stopping threads took: 0.0000974 seconds
[2019-06-24T08:46:04.410+0000][1][safepoint    ] Application time: 0.0121424 seconds
[2019-06-24T08:46:04.410+0000][1][safepoint    ] Entering safepoint region: RevokeBias
[2019-06-24T08:46:04.410+0000][1][safepoint    ] Leaving safepoint region
[2019-06-24T08:46:04.410+0000][1][safepoint    ] Total time for which application threads were stopped: 0.0002628 seconds, Stopping threads took: 0.0001332 seconds
[2019-06-24T08:46:04.410+0000][1][safepoint    ] Application time: 0.0001052 seconds
[2019-06-24T08:46:04.410+0000][1][safepoint    ] Entering safepoint region: RevokeBias
[2019-06-24T08:46:04.410+0000][1][safepoint    ] Leaving safepoint region
[2019-06-24T08:46:04.410+0000][1][safepoint    ] Total time for which application threads were stopped: 0.0000704 seconds, Stopping threads took: 0.0000124 seconds
[2019-06-24T08:46:04.410+0000][1][safepoint    ] Application time: 0.0003057 seconds
[2019-06-24T08:46:04.411+0000][1][safepoint    ] Entering safepoint region: RevokeBias
[2019-06-24T08:46:04.411+0000][1][safepoint    ] Leaving safepoint region
[2019-06-24T08:46:04.411+0000][1][safepoint    ] Total time for which application threads were stopped: 0.0003258 seconds, Stopping threads took: 0.0002549 seconds
[2019-06-24T08:46:04.411+0000][1][safepoint    ] Application time: 0.0002857 seconds
[2019-06-24T08:46:04.411+0000][1][safepoint    ] Entering safepoint region: RevokeBias
[2019-06-24T08:46:04.411+0000][1][safepoint    ] Leaving safepoint region
[2019-06-24T08:46:04.411+0000][1][safepoint    ] Total time for which application threads were stopped: 0.0001188 seconds, Stopping threads took: 0.0000464 seconds
[2019-06-24T08:46:04.412+0000][1][safepoint    ] Application time: 0.0007074 seconds
[2019-06-24T08:46:04.412+0000][1][safepoint    ] Entering safepoint region: RevokeBias
[2019-06-24T08:46:04.412+0000][1][safepoint    ] Leaving safepoint region
[2019-06-24T08:46:04.412+0000][1][safepoint    ] Total time for which application threads were stopped: 0.0001999 seconds, Stopping threads took: 0.0001030 seconds
[2019-06-24T08:46:04.412+0000][1][safepoint    ] Application time: 0.0002280 seconds
[2019-06-24T08:46:04.412+0000][1][safepoint    ] Entering safepoint region: RevokeBias
[2019-06-24T08:46:04.413+0000][1][safepoint    ] Leaving safepoint region
[2019-06-24T08:46:04.413+0000][1][safepoint    ] Total time for which application threads were stopped: 0.0001695 seconds, Stopping threads took: 0.0000857 seconds
[2019-06-24T08:46:04.413+0000][1][safepoint    ] Application time: 0.0004112 seconds
[2019-06-24T08:46:04.439+0000][1][safepoint    ] Entering safepoint region: RevokeBias
[2019-06-24T08:46:04.439+0000][1][safepoint    ] Leaving safepoint region
[2019-06-24T08:46:04.439+0000][1][safepoint    ] Total time for which application threads were stopped: 0.0258909 seconds, Stopping threads took: 0.0257850 seconds
[2019-06-24T08:46:04.439+0000][1][safepoint    ] Application time: 0.0004108 seconds
[2019-06-24T08:46:04.439+0000][1][safepoint    ] Entering safepoint region: RevokeBias
[2019-06-24T08:46:04.440+0000][1][safepoint    ] Leaving safepoint region
[2019-06-24T08:46:04.440+0000][1][safepoint    ] Total time for which application threads were stopped: 0.0002324 seconds, Stopping threads took: 0.0001031 seconds
[2019-06-24T08:46:04.447+0000][1][safepoint    ] Application time: 0.0069737 seconds
[2019-06-24T08:46:04.447+0000][1][safepoint    ] Entering safepoint region: RevokeBias
[2019-06-24T08:46:04.447+0000][1][safepoint    ] Leaving safepoint region
[2019-06-24T08:46:04.447+0000][1][safepoint    ] Total time for which application threads were stopped: 0.0002488 seconds, Stopping threads took: 0.0001429 seconds
[2019-06-24T08:46:04.448+0000][1][safepoint    ] Application time: 0.0011194 seconds
[2019-06-24T08:46:04.448+0000][1][safepoint    ] Entering safepoint region: RevokeBias
[2019-06-24T08:46:04.448+0000][1][safepoint    ] Leaving safepoint region
[2019-06-24T08:46:04.448+0000][1][safepoint    ] Total time for which application threads were stopped: 0.0000878 seconds, Stopping threads took: 0.0000177 seconds
[2019-06-24T08:46:04.448+0000][1][safepoint    ] Application time: 0.0003255 seconds
[2019-06-24T08:46:04.448+0000][1][safepoint    ] Entering safepoint region: RevokeBias
[2019-06-24T08:46:04.448+0000][1][safepoint    ] Leaving safepoint region
[2019-06-24T08:46:04.449+0000][1][safepoint    ] Total time for which application threads were stopped: 0.0000806 seconds, Stopping threads took: 0.0000172 seconds
[2019-06-24T08:46:04.638+0000][1][safepoint    ] Application time: 0.1892087 seconds
[2019-06-24T08:46:04.638+0000][1][safepoint    ] Entering safepoint region: RevokeBias
[2019-06-24T08:46:04.638+0000][1][safepoint    ] Leaving safepoint region
[2019-06-24T08:46:04.638+0000][1][safepoint    ] Total time for which application threads were stopped: 0.0000842 seconds, Stopping threads took: 0.0000232 seconds
[2019-06-24T08:46:05.001+0000][1][safepoint    ] Application time: 0.3635947 seconds
[2019-06-24T08:46:05.001+0000][1][safepoint    ] Entering safepoint region: RevokeBias
[2019-06-24T08:46:05.002+0000][1][safepoint    ] Leaving safepoint region
[2019-06-24T08:46:05.002+0000][1][safepoint    ] Total time for which application threads were stopped: 0.0000670 seconds, Stopping threads took: 0.0000189 seconds
[2019-06-24T08:46:05.002+0000][1][safepoint    ] Application time: 0.0001569 seconds
[2019-06-24T08:46:05.002+0000][1][safepoint    ] Entering safepoint region: RevokeBias
[2019-06-24T08:46:05.002+0000][1][safepoint    ] Leaving safepoint region
[2019-06-24T08:46:05.002+0000][1][safepoint    ] Total time for which application threads were stopped: 0.0000360 seconds, Stopping threads took: 0.0000106 seconds
[2019-06-24T08:46:05.002+0000][1][safepoint    ] Application time: 0.0001484 seconds
[2019-06-24T08:46:05.002+0000][1][safepoint    ] Entering safepoint region: RevokeBias
[2019-06-24T08:46:05.002+0000][1][safepoint    ] Leaving safepoint region
[2019-06-24T08:46:05.002+0000][1][safepoint    ] Total time for which application threads were stopped: 0.0000355 seconds, Stopping threads took: 0.0000107 seconds
[2019-06-24T08:46:05.002+0000][1][safepoint    ] Application time: 0.0001295 seconds
[2019-06-24T08:46:05.002+0000][1][safepoint    ] Entering safepoint region: RevokeBias
[2019-06-24T08:46:05.002+0000][1][safepoint    ] Leaving safepoint region
[2019-06-24T08:46:05.002+0000][1][safepoint    ] Total time for which application threads were stopped: 0.0000450 seconds, Stopping threads took: 0.0000193 seconds
[2019-06-24T08:46:05.002+0000][1][safepoint    ] Application time: 0.0001153 seconds
[2019-06-24T08:46:05.002+0000][1][safepoint    ] Entering safepoint region: RevokeBias
[2019-06-24T08:46:05.002+0000][1][safepoint    ] Leaving safepoint region
[2019-06-24T08:46:05.002+0000][1][safepoint    ] Total time for which application threads were stopped: 0.0000357 seconds, Stopping threads took: 0.0000106 seconds
[2019-06-24T08:46:05.002+0000][1][safepoint    ] Application time: 0.0000381 seconds
[2019-06-24T08:46:05.002+0000][1][safepoint    ] Entering safepoint region: RevokeBias
[2019-06-24T08:46:05.002+0000][1][safepoint    ] Leaving safepoint region
[2019-06-24T08:46:05.002+0000][1][safepoint    ] Total time for which application threads were stopped: 0.0000283 seconds, Stopping threads took: 0.0000078 seconds
[2019-06-24T08:46:05.002+0000][1][safepoint    ] Application time: 0.0000650 seconds
[2019-06-24T08:46:05.003+0000][1][safepoint    ] Entering safepoint region: RevokeBias
[2019-06-24T08:46:05.003+0000][1][safepoint    ] Leaving safepoint region
[2019-06-24T08:46:05.003+0000][1][safepoint    ] Total time for which application threads were stopped: 0.0000310 seconds, Stopping threads took: 0.0000089 seconds
[2019-06-24T08:46:05.003+0000][1][safepoint    ] Application time: 0.0000373 seconds
[2019-06-24T08:46:05.003+0000][1][safepoint    ] Entering safepoint region: RevokeBias
[2019-06-24T08:46:05.003+0000][1][safepoint    ] Leaving safepoint region
[2019-06-24T08:46:05.003+0000][1][safepoint    ] Total time for which application threads were stopped: 0.0000274 seconds, Stopping threads took: 0.0000075 seconds
[2019-06-24T08:46:06.003+0000][1][safepoint    ] Application time: 1.0001083 seconds
[2019-06-24T08:46:06.003+0000][1][safepoint    ] Entering safepoint region: Cleanup
[2019-06-24T08:46:06.003+0000][1][safepoint    ] Leaving safepoint region
[2019-06-24T08:46:06.003+0000][1][safepoint    ] Total time for which application threads were stopped: 0.0001645 seconds, Stopping threads took: 0.0000525 seconds
[2019-06-24T08:46:07.003+0000][1][safepoint    ] Application time: 1.0002205 seconds
[2019-06-24T08:46:07.003+0000][1][safepoint    ] Entering safepoint region: Cleanup
[2019-06-24T08:46:07.003+0000][1][safepoint    ] Leaving safepoint region
[2019-06-24T08:46:07.004+0000][1][safepoint    ] Total time for which application threads were stopped: 0.0001827 seconds, Stopping threads took: 0.0000591 seconds
[2019-06-24T08:46:08.004+0000][1][safepoint    ] Application time: 1.0002399 seconds
[2019-06-24T08:46:08.004+0000][1][safepoint    ] Entering safepoint region: Cleanup
[2019-06-24T08:46:08.004+0000][1][safepoint    ] Leaving safepoint region
[2019-06-24T08:46:08.004+0000][1][safepoint    ] Total time for which application threads were stopped: 0.0001947 seconds, Stopping threads took: 0.0000566 seconds
[2019-06-24T08:46:09.004+0000][1][safepoint    ] Application time: 1.0001401 seconds
[2019-06-24T08:46:09.004+0000][1][safepoint    ] Entering safepoint region: Cleanup
[2019-06-24T08:46:09.005+0000][1][safepoint    ] Leaving safepoint region
[2019-06-24T08:46:09.005+0000][1][safepoint    ] Total time for which application threads were stopped: 0.0001696 seconds, Stopping threads took: 0.0000512 seconds
[2019-06-24T08:46:10.005+0000][1][safepoint    ] Application time: 1.0002034 seconds
[2019-06-24T08:46:10.005+0000][1][safepoint    ] Entering safepoint region: Cleanup
[2019-06-24T08:46:10.005+0000][1][safepoint    ] Leaving safepoint region
[2019-06-24T08:46:10.005+0000][1][safepoint    ] Total time for which application threads were stopped: 0.0002085 seconds, Stopping threads took: 0.0000585 seconds
[2019-06-24T08:46:11.005+0000][1][safepoint    ] Application time: 1.0002532 seconds
[2019-06-24T08:46:11.005+0000][1][safepoint    ] Entering safepoint region: Cleanup
[2019-06-24T08:46:11.006+0000][1][safepoint    ] Leaving safepoint region
[2019-06-24T08:46:11.006+0000][1][safepoint    ] Total time for which application threads were stopped: 0.0002431 seconds, Stopping threads took: 0.0000936 seconds
[2019-06-24T08:46:12.006+0000][1][safepoint    ] Application time: 1.0002004 seconds
[2019-06-24T08:46:12.006+0000][1][safepoint    ] Entering safepoint region: Cleanup
[2019-06-24T08:46:12.006+0000][1][safepoint    ] Leaving safepoint region
[2019-06-24T08:46:12.006+0000][1][safepoint    ] Total time for which application threads were stopped: 0.0001967 seconds, Stopping threads took: 0.0000582 seconds
[2019-06-24T08:46:12.558+0000][1][safepoint    ] Application time: 0.5512534 seconds
[2019-06-24T08:46:12.558+0000][1][safepoint    ] Entering safepoint region: RevokeBias
[2019-06-24T08:46:12.558+0000][1][safepoint    ] Leaving safepoint region
[2019-06-24T08:46:12.558+0000][1][safepoint    ] Total time for which application threads were stopped: 0.0002066 seconds, Stopping threads took: 0.0000558 seconds
[2019-06-24T08:46:12.558+0000][1][safepoint    ] Application time: 0.0001782 seconds
[2019-06-24T08:46:12.558+0000][1][safepoint    ] Entering safepoint region: RevokeBias
[2019-06-24T08:46:12.558+0000][1][safepoint    ] Leaving safepoint region
[2019-06-24T08:46:12.558+0000][1][safepoint    ] Total time for which application threads were stopped: 0.0001462 seconds, Stopping threads took: 0.0000399 seconds
[2019-06-24T08:46:13.559+0000][1][safepoint    ] Application time: 1.0003330 seconds
[2019-06-24T08:46:13.559+0000][1][safepoint    ] Entering safepoint region: Cleanup
[2019-06-24T08:46:13.559+0000][1][safepoint    ] Leaving safepoint region
[2019-06-24T08:46:13.559+0000][1][safepoint    ] Total time for which application threads were stopped: 0.0001792 seconds, Stopping threads took: 0.0000579 seconds
[2019-06-24T08:46:14.559+0000][1][safepoint    ] Application time: 1.0002680 seconds
[2019-06-24T08:46:14.559+0000][1][safepoint    ] Entering safepoint region: Cleanup
[2019-06-24T08:46:14.559+0000][1][safepoint    ] Leaving safepoint region
[2019-06-24T08:46:14.560+0000][1][safepoint    ] Total time for which application threads were stopped: 0.0002040 seconds, Stopping threads took: 0.0000581 seconds
[2019-06-24T08:46:15.560+0000][1][safepoint    ] Application time: 1.0002708 seconds
[2019-06-24T08:46:15.560+0000][1][safepoint    ] Entering safepoint region: Cleanup
[2019-06-24T08:46:15.560+0000][1][safepoint    ] Leaving safepoint region
[2019-06-24T08:46:15.560+0000][1][safepoint    ] Total time for which application threads were stopped: 0.0001894 seconds, Stopping threads took: 0.0000603 seconds
[2019-06-24T08:46:16.560+0000][1][safepoint    ] Application time: 1.0002640 seconds
[2019-06-24T08:46:16.561+0000][1][safepoint    ] Entering safepoint region: Cleanup
[2019-06-24T08:46:16.561+0000][1][safepoint    ] Leaving safepoint region
[2019-06-24T08:46:16.561+0000][1][safepoint    ] Total time for which application threads were stopped: 0.0002738 seconds, Stopping threads took: 0.0000740 seconds
[2019-06-24T08:46:17.561+0000][1][safepoint    ] Application time: 1.0002225 seconds
[2019-06-24T08:46:17.561+0000][1][safepoint    ] Entering safepoint region: Cleanup
[2019-06-24T08:46:17.561+0000][1][safepoint    ] Leaving safepoint region
[2019-06-24T08:46:17.561+0000][1][safepoint    ] Total time for which application threads were stopped: 0.0001938 seconds, Stopping threads took: 0.0000534 seconds
[2019-06-24T08:46:18.562+0000][1][safepoint    ] Application time: 1.0001571 seconds
[2019-06-24T08:46:18.562+0000][1][safepoint    ] Entering safepoint region: Cleanup
[2019-06-24T08:46:18.562+0000][1][safepoint    ] Leaving safepoint region
[2019-06-24T08:46:18.562+0000][1][safepoint    ] Total time for which application threads were stopped: 0.0002087 seconds, Stopping threads took: 0.0000550 seconds
[2019-06-24T08:46:19.562+0000][1][safepoint    ] Application time: 1.0002753 seconds
[2019-06-24T08:46:19.562+0000][1][safepoint    ] Entering safepoint region: Cleanup
[2019-06-24T08:46:19.563+0000][1][safepoint    ] Leaving safepoint region
[2019-06-24T08:46:19.563+0000][1][safepoint    ] Total time for which application threads were stopped: 0.0003419 seconds, Stopping threads took: 0.0000889 seconds
[2019-06-24T08:46:20.563+0000][1][safepoint    ] Application time: 1.0002696 seconds
[2019-06-24T08:46:20.563+0000][1][safepoint    ] Entering safepoint region: Cleanup
[2019-06-24T08:46:20.563+0000][1][safepoint    ] Leaving safepoint region
[2019-06-24T08:46:20.563+0000][1][safepoint    ] Total time for which application threads were stopped: 0.0003032 seconds, Stopping threads took: 0.0000913 seconds
[2019-06-24T08:46:21.564+0000][1][safepoint    ] Application time: 1.0002681 seconds
[2019-06-24T08:46:21.564+0000][1][safepoint    ] Entering safepoint region: Cleanup
[2019-06-24T08:46:21.564+0000][1][safepoint    ] Leaving safepoint region
[2019-06-24T08:46:21.564+0000][1][safepoint    ] Total time for which application threads were stopped: 0.0002050 seconds, Stopping threads took: 0.0000580 seconds
[2019-06-24T08:46:22.564+0000][1][safepoint    ] Application time: 1.0002349 seconds
[2019-06-24T08:46:22.564+0000][1][safepoint    ] Entering safepoint region: Cleanup
[2019-06-24T08:46:22.564+0000][1][safepoint    ] Leaving safepoint region
[2019-06-24T08:46:22.565+0000][1][safepoint    ] Total time for which application threads were stopped: 0.0002039 seconds, Stopping threads took: 0.0000520 seconds
[2019-06-24T08:46:23.565+0000][1][safepoint    ] Application time: 1.0002698 seconds
[2019-06-24T08:46:23.565+0000][1][safepoint    ] Entering safepoint region: Cleanup
[2019-06-24T08:46:23.565+0000][1][safepoint    ] Leaving safepoint region
[2019-06-24T08:46:23.565+0000][1][safepoint    ] Total time for which application threads were stopped: 0.0002415 seconds, Stopping threads took: 0.0000592 seconds
[2019-06-24T08:46:24.565+0000][1][safepoint    ] Application time: 1.0001977 seconds
[2019-06-24T08:46:24.566+0000][1][safepoint    ] Entering safepoint region: Cleanup
[2019-06-24T08:46:24.566+0000][1][safepoint    ] Leaving safepoint region
[2019-06-24T08:46:24.566+0000][1][safepoint    ] Total time for which application threads were stopped: 0.0002421 seconds, Stopping threads took: 0.0000754 seconds
[2019-06-24T08:46:25.566+0000][1][safepoint    ] Application time: 1.0002716 seconds
[2019-06-24T08:46:25.566+0000][1][safepoint    ] Entering safepoint region: Cleanup
[2019-06-24T08:46:25.566+0000][1][safepoint    ] Leaving safepoint region
[2019-06-24T08:46:25.567+0000][1][safepoint    ] Total time for which application threads were stopped: 0.0003308 seconds, Stopping threads took: 0.0000738 seconds
[2019-06-24T08:46:26.567+0000][1][safepoint    ] Application time: 1.0001377 seconds
[2019-06-24T08:46:26.567+0000][1][safepoint    ] Entering safepoint region: Cleanup
[2019-06-24T08:46:26.567+0000][1][safepoint    ] Leaving safepoint region
[2019-06-24T08:46:26.567+0000][1][safepoint    ] Total time for which application threads were stopped: 0.0002595 seconds, Stopping threads took: 0.0001049 seconds
[2019-06-24T08:46:27.567+0000][1][safepoint    ] Application time: 1.0001461 seconds
[2019-06-24T08:46:27.568+0000][1][safepoint    ] Entering safepoint region: Cleanup
[2019-06-24T08:46:27.568+0000][1][safepoint    ] Leaving safepoint region
[2019-06-24T08:46:27.568+0000][1][safepoint    ] Total time for which application threads were stopped: 0.0002596 seconds, Stopping threads took: 0.0000941 seconds
[2019-06-24T08:46:28.179+0000][1][safepoint    ] Application time: 0.6111355 seconds
[2019-06-24T08:46:28.179+0000][1][safepoint    ] Entering safepoint region: RevokeBias
[2019-06-24T08:46:28.180+0000][1][safepoint    ] Leaving safepoint region
[2019-06-24T08:46:28.180+0000][1][safepoint    ] Total time for which application threads were stopped: 0.0005114 seconds, Stopping threads took: 0.0001484 seconds
[2019-06-24T08:46:28.186+0000][1][safepoint    ] Application time: 0.0068547 seconds
[2019-06-24T08:46:28.187+0000][1][safepoint    ] Entering safepoint region: RevokeBias
[2019-06-24T08:46:28.187+0000][1][safepoint    ] Leaving safepoint region
[2019-06-24T08:46:28.187+0000][1][safepoint    ] Total time for which application threads were stopped: 0.0002175 seconds, Stopping threads took: 0.0001421 seconds
[2019-06-24T08:46:28.187+0000][1][safepoint    ] Application time: 0.0000965 seconds
[2019-06-24T08:46:28.187+0000][1][safepoint    ] Entering safepoint region: RevokeBias
[2019-06-24T08:46:28.187+0000][1][safepoint    ] Leaving safepoint region
[2019-06-24T08:46:28.187+0000][1][safepoint    ] Total time for which application threads were stopped: 0.0000616 seconds, Stopping threads took: 0.0000127 seconds
[2019-06-24T08:46:28.206+0000][1][safepoint    ] Application time: 0.0194989 seconds
[2019-06-24T08:46:28.207+0000][1][safepoint    ] Entering safepoint region: RevokeBias
[2019-06-24T08:46:28.207+0000][1][safepoint    ] Leaving safepoint region
[2019-06-24T08:46:28.207+0000][1][safepoint    ] Total time for which application threads were stopped: 0.0001047 seconds, Stopping threads took: 0.0000290 seconds
[2019-06-24T08:46:28.207+0000][1][safepoint    ] Application time: 0.0000735 seconds
[2019-06-24T08:46:28.207+0000][1][safepoint    ] Entering safepoint region: RevokeBias
[2019-06-24T08:46:28.207+0000][1][safepoint    ] Leaving safepoint region
[2019-06-24T08:46:28.207+0000][1][safepoint    ] Total time for which application threads were stopped: 0.0000703 seconds, Stopping threads took: 0.0000171 seconds
[2019-06-24T08:46:28.242+0000][1][safepoint    ] Application time: 0.0350284 seconds
[2019-06-24T08:46:28.242+0000][1][safepoint    ] Entering safepoint region: Deoptimize
[2019-06-24T08:46:28.242+0000][1][safepoint    ] Leaving safepoint region
[2019-06-24T08:46:28.242+0000][1][safepoint    ] Total time for which application threads were stopped: 0.0004754 seconds, Stopping threads took: 0.0000193 seconds
[2019-06-24T08:46:28.250+0000][1][safepoint    ] Application time: 0.0077620 seconds
[2019-06-24T08:46:28.250+0000][1][safepoint    ] Entering safepoint region: RevokeBias
[2019-06-24T08:46:28.250+0000][1][safepoint    ] Leaving safepoint region
[2019-06-24T08:46:28.250+0000][1][safepoint    ] Total time for which application threads were stopped: 0.0001397 seconds, Stopping threads took: 0.0000383 seconds
[2019-06-24T08:46:29.251+0000][1][safepoint    ] Application time: 1.0004314 seconds
[2019-06-24T08:46:29.251+0000][1][safepoint    ] Entering safepoint region: Cleanup
[2019-06-24T08:46:29.252+0000][1][safepoint    ] Leaving safepoint region
[2019-06-24T08:46:29.252+0000][1][safepoint    ] Total time for which application threads were stopped: 0.0006884 seconds, Stopping threads took: 0.0001800 seconds
[2019-06-24T08:46:30.252+0000][1][safepoint    ] Application time: 1.0002855 seconds
[2019-06-24T08:46:30.252+0000][1][safepoint    ] Entering safepoint region: Cleanup
[2019-06-24T08:46:30.252+0000][1][safepoint    ] Leaving safepoint region
[2019-06-24T08:46:30.253+0000][1][safepoint    ] Total time for which application threads were stopped: 0.0003443 seconds, Stopping threads took: 0.0000675 seconds
[2019-06-24T08:46:31.253+0000][1][safepoint    ] Application time: 1.0001204 seconds
[2019-06-24T08:46:31.253+0000][1][safepoint    ] Entering safepoint region: Cleanup
[2019-06-24T08:46:31.253+0000][1][safepoint    ] Leaving safepoint region
[2019-06-24T08:46:31.253+0000][1][safepoint    ] Total time for which application threads were stopped: 0.0001005 seconds, Stopping threads took: 0.0000266 seconds
[2019-06-24T08:46:31.574+0000][1][safepoint    ] Application time: 0.3213385 seconds
[2019-06-24T08:46:31.574+0000][1][safepoint    ] Entering safepoint region: RevokeBias
[2019-06-24T08:46:31.574+0000][1][safepoint    ] Leaving safepoint region
[2019-06-24T08:46:31.574+0000][1][safepoint    ] Total time for which application threads were stopped: 0.0001145 seconds, Stopping threads took: 0.0000301 seconds
[2019-06-24T08:46:31.575+0000][1][safepoint    ] Application time: 0.0005641 seconds
[2019-06-24T08:46:31.575+0000][1][safepoint    ] Entering safepoint region: RevokeBias
[2019-06-24T08:46:31.575+0000][1][safepoint    ] Leaving safepoint region
[2019-06-24T08:46:31.575+0000][1][safepoint    ] Total time for which application threads were stopped: 0.0003515 seconds, Stopping threads took: 0.0002683 seconds
[2019-06-24T08:46:31.595+0000][1][safepoint    ] Application time: 0.0195449 seconds
[2019-06-24T08:46:31.595+0000][1][safepoint    ] Entering safepoint region: RevokeBias
[2019-06-24T08:46:31.595+0000][1][safepoint    ] Leaving safepoint region
[2019-06-24T08:46:31.595+0000][1][safepoint    ] Total time for which application threads were stopped: 0.0000793 seconds, Stopping threads took: 0.0000192 seconds
[2019-06-24T08:46:31.595+0000][1][safepoint    ] Application time: 0.0003499 seconds
[2019-06-24T08:46:31.595+0000][1][safepoint    ] Entering safepoint region: RevokeBias
[2019-06-24T08:46:31.596+0000][1][safepoint    ] Leaving safepoint region
[2019-06-24T08:46:31.596+0000][1][safepoint    ] Total time for which application threads were stopped: 0.0000579 seconds, Stopping threads took: 0.0000138 seconds
[2019-06-24T08:46:31.613+0000][1][safepoint    ] Application time: 0.0173543 seconds
[2019-06-24T08:46:31.613+0000][1][safepoint    ] Entering safepoint region: Deoptimize
[2019-06-24T08:46:31.613+0000][1][safepoint    ] Leaving safepoint region
[2019-06-24T08:46:31.613+0000][1][safepoint    ] Total time for which application threads were stopped: 0.0004535 seconds, Stopping threads took: 0.0000185 seconds
[2019-06-24T08:46:31.625+0000][1][safepoint    ] Application time: 0.0111470 seconds
[2019-06-24T08:46:31.625+0000][1][safepoint    ] Entering safepoint region: Deoptimize
[2019-06-24T08:46:31.625+0000][1][safepoint    ] Leaving safepoint region
[2019-06-24T08:46:31.625+0000][1][safepoint    ] Total time for which application threads were stopped: 0.0005172 seconds, Stopping threads took: 0.0000183 seconds
[2019-06-24T08:46:31.628+0000][1][safepoint    ] Application time: 0.0028600 seconds
[2019-06-24T08:46:31.628+0000][1][safepoint    ] Entering safepoint region: RevokeBias
[2019-06-24T08:46:31.628+0000][1][safepoint    ] Leaving safepoint region
[2019-06-24T08:46:31.628+0000][1][safepoint    ] Total time for which application threads were stopped: 0.0000680 seconds, Stopping threads took: 0.0000181 seconds
[2019-06-24T08:46:32.628+0000][1][safepoint    ] Application time: 1.0001131 seconds
[2019-06-24T08:46:32.628+0000][1][safepoint    ] Entering safepoint region: Cleanup
[2019-06-24T08:46:32.628+0000][1][safepoint    ] Leaving safepoint region
[2019-06-24T08:46:32.628+0000][1][safepoint    ] Total time for which application threads were stopped: 0.0002355 seconds, Stopping threads took: 0.0000487 seconds
[2019-06-24T08:46:33.629+0000][1][safepoint    ] Application time: 1.0002730 seconds
[2019-06-24T08:46:33.629+0000][1][safepoint    ] Entering safepoint region: Cleanup
[2019-06-24T08:46:33.629+0000][1][safepoint    ] Leaving safepoint region
[2019-06-24T08:46:33.629+0000][1][safepoint    ] Total time for which application threads were stopped: 0.0002245 seconds, Stopping threads took: 0.0000705 seconds
[2019-06-24T08:46:34.629+0000][1][safepoint    ] Application time: 1.0002037 seconds
[2019-06-24T08:46:34.630+0000][1][safepoint    ] Entering safepoint region: Cleanup
[2019-06-24T08:46:34.630+0000][1][safepoint    ] Leaving safepoint region
[2019-06-24T08:46:34.630+0000][1][safepoint    ] Total time for which application threads were stopped: 0.0003202 seconds, Stopping threads took: 0.0000806 seconds
[2019-06-24T08:46:35.630+0000][1][safepoint    ] Application time: 1.0002774 seconds
[2019-06-24T08:46:35.630+0000][1][safepoint    ] Entering safepoint region: Cleanup
[2019-06-24T08:46:35.630+0000][1][safepoint    ] Leaving safepoint region
[2019-06-24T08:46:35.631+0000][1][safepoint    ] Total time for which application threads were stopped: 0.0003060 seconds, Stopping threads took: 0.0000875 seconds
[2019-06-24T08:46:36.631+0000][1][safepoint    ] Application time: 1.0001545 seconds
[2019-06-24T08:46:36.631+0000][1][safepoint    ] Entering safepoint region: Cleanup
[2019-06-24T08:46:36.631+0000][1][safepoint    ] Leaving safepoint region
[2019-06-24T08:46:36.631+0000][1][safepoint    ] Total time for which application threads were stopped: 0.0004132 seconds, Stopping threads took: 0.0000985 seconds
[2019-06-24T08:46:37.632+0000][1][safepoint    ] Application time: 1.0001205 seconds
[2019-06-24T08:46:37.632+0000][1][safepoint    ] Entering safepoint region: Cleanup
[2019-06-24T08:46:37.632+0000][1][safepoint    ] Leaving safepoint region
[2019-06-24T08:46:37.632+0000][1][safepoint    ] Total time for which application threads were stopped: 0.0000722 seconds, Stopping threads took: 0.0000234 seconds
[2019-06-24T08:46:38.632+0000][1][safepoint    ] Application time: 1.0001788 seconds
[2019-06-24T08:46:38.632+0000][1][safepoint    ] Entering safepoint region: Cleanup
[2019-06-24T08:46:38.632+0000][1][safepoint    ] Leaving safepoint region
[2019-06-24T08:46:38.632+0000][1][safepoint    ] Total time for which application threads were stopped: 0.0001588 seconds, Stopping threads took: 0.0000504 seconds
[2019-06-24T08:46:39.632+0000][1][safepoint    ] Application time: 1.0002608 seconds
[2019-06-24T08:46:39.632+0000][1][safepoint    ] Entering safepoint region: Cleanup
[2019-06-24T08:46:39.633+0000][1][safepoint    ] Leaving safepoint region
[2019-06-24T08:46:39.633+0000][1][safepoint    ] Total time for which application threads were stopped: 0.0001936 seconds, Stopping threads took: 0.0000579 seconds
[2019-06-24T08:46:40.633+0000][1][safepoint    ] Application time: 1.0002599 seconds
[2019-06-24T08:46:40.633+0000][1][safepoint    ] Entering safepoint region: Cleanup
[2019-06-24T08:46:40.633+0000][1][safepoint    ] Leaving safepoint region
[2019-06-24T08:46:40.633+0000][1][safepoint    ] Total time for which application threads were stopped: 0.0002206 seconds, Stopping threads took: 0.0000593 seconds
[2019-06-24T08:46:41.634+0000][1][safepoint    ] Application time: 1.0002509 seconds
[2019-06-24T08:46:41.634+0000][1][safepoint    ] Entering safepoint region: Cleanup
[2019-06-24T08:46:41.634+0000][1][safepoint    ] Leaving safepoint region
[2019-06-24T08:46:41.634+0000][1][safepoint    ] Total time for which application threads were stopped: 0.0002110 seconds, Stopping threads took: 0.0000515 seconds
[2019-06-24T08:46:42.634+0000][1][safepoint    ] Application time: 1.0002492 seconds
[2019-06-24T08:46:42.634+0000][1][safepoint    ] Entering safepoint region: Cleanup
[2019-06-24T08:46:42.634+0000][1][safepoint    ] Leaving safepoint region
[2019-06-24T08:46:42.635+0000][1][safepoint    ] Total time for which application threads were stopped: 0.0002411 seconds, Stopping threads took: 0.0000524 seconds
[2019-06-24T08:46:43.635+0000][1][safepoint    ] Application time: 1.0002055 seconds
[2019-06-24T08:46:43.635+0000][1][safepoint    ] Entering safepoint region: Cleanup
[2019-06-24T08:46:43.635+0000][1][safepoint    ] Leaving safepoint region
[2019-06-24T08:46:43.635+0000][1][safepoint    ] Total time for which application threads were stopped: 0.0002082 seconds, Stopping threads took: 0.0000526 seconds
[2019-06-24T08:46:44.635+0000][1][safepoint    ] Application time: 1.0002556 seconds
[2019-06-24T08:46:44.635+0000][1][safepoint    ] Entering safepoint region: Cleanup
[2019-06-24T08:46:44.636+0000][1][safepoint    ] Leaving safepoint region
[2019-06-24T08:46:44.636+0000][1][safepoint    ] Total time for which application threads were stopped: 0.0002328 seconds, Stopping threads took: 0.0000525 seconds
[2019-06-24T08:46:45.636+0000][1][safepoint    ] Application time: 1.0001788 seconds
[2019-06-24T08:46:45.636+0000][1][safepoint    ] Entering safepoint region: Cleanup
[2019-06-24T08:46:45.636+0000][1][safepoint    ] Leaving safepoint region
[2019-06-24T08:46:45.636+0000][1][safepoint    ] Total time for which application threads were stopped: 0.0001974 seconds, Stopping threads took: 0.0000509 seconds
[2019-06-24T08:46:46.636+0000][1][safepoint    ] Application time: 1.0002598 seconds
[2019-06-24T08:46:46.637+0000][1][safepoint    ] Entering safepoint region: Cleanup
[2019-06-24T08:46:46.637+0000][1][safepoint    ] Leaving safepoint region
[2019-06-24T08:46:46.637+0000][1][safepoint    ] Total time for which application threads were stopped: 0.0002682 seconds, Stopping threads took: 0.0000523 seconds
[2019-06-24T08:46:47.637+0000][1][safepoint    ] Application time: 1.0002527 seconds
[2019-06-24T08:46:47.637+0000][1][safepoint    ] Entering safepoint region: Cleanup
[2019-06-24T08:46:47.637+0000][1][safepoint    ] Leaving safepoint region
[2019-06-24T08:46:47.637+0000][1][safepoint    ] Total time for which application threads were stopped: 0.0002081 seconds, Stopping threads took: 0.0000530 seconds
[2019-06-24T08:46:48.638+0000][1][safepoint    ] Application time: 1.0002493 seconds
[2019-06-24T08:46:48.638+0000][1][safepoint    ] Entering safepoint region: Cleanup
[2019-06-24T08:46:48.638+0000][1][safepoint    ] Leaving safepoint region
[2019-06-24T08:46:48.638+0000][1][safepoint    ] Total time for which application threads were stopped: 0.0002147 seconds, Stopping threads took: 0.0000525 seconds
[2019-06-24T08:46:49.638+0000][1][safepoint    ] Application time: 1.0002487 seconds
[2019-06-24T08:46:49.639+0000][1][safepoint    ] Entering safepoint region: Cleanup
[2019-06-24T08:46:49.639+0000][1][safepoint    ] Leaving safepoint region
[2019-06-24T08:46:49.639+0000][1][safepoint    ] Total time for which application threads were stopped: 0.0003224 seconds, Stopping threads took: 0.0001230 seconds
[2019-06-24T08:46:50.639+0000][1][safepoint    ] Application time: 1.0002276 seconds
[2019-06-24T08:46:50.639+0000][1][safepoint    ] Entering safepoint region: Cleanup
[2019-06-24T08:46:50.639+0000][1][safepoint    ] Leaving safepoint region
[2019-06-24T08:46:50.639+0000][1][safepoint    ] Total time for which application threads were stopped: 0.0002418 seconds, Stopping threads took: 0.0000528 seconds
[2019-06-24T08:46:51.640+0000][1][safepoint    ] Application time: 1.0002547 seconds
[2019-06-24T08:46:51.640+0000][1][safepoint    ] Entering safepoint region: Cleanup
[2019-06-24T08:46:51.640+0000][1][safepoint    ] Leaving safepoint region
[2019-06-24T08:46:51.640+0000][1][safepoint    ] Total time for which application threads were stopped: 0.0002719 seconds, Stopping threads took: 0.0000804 seconds
[2019-06-24T08:46:52.640+0000][1][safepoint    ] Application time: 1.0001508 seconds
[2019-06-24T08:46:52.640+0000][1][safepoint    ] Entering safepoint region: Cleanup
[2019-06-24T08:46:52.641+0000][1][safepoint    ] Leaving safepoint region
[2019-06-24T08:46:52.641+0000][1][safepoint    ] Total time for which application threads were stopped: 0.0002792 seconds, Stopping threads took: 0.0000746 seconds
[2019-06-24T08:46:53.641+0000][1][safepoint    ] Application time: 1.0002574 seconds
[2019-06-24T08:46:53.641+0000][1][safepoint    ] Entering safepoint region: Cleanup
[2019-06-24T08:46:53.641+0000][1][safepoint    ] Leaving safepoint region
[2019-06-24T08:46:53.641+0000][1][safepoint    ] Total time for which application threads were stopped: 0.0001906 seconds, Stopping threads took: 0.0000528 seconds
[2019-06-24T08:46:54.642+0000][1][safepoint    ] Application time: 1.0002464 seconds
[2019-06-24T08:46:54.642+0000][1][safepoint    ] Entering safepoint region: Cleanup
[2019-06-24T08:46:54.642+0000][1][safepoint    ] Leaving safepoint region
[2019-06-24T08:46:54.642+0000][1][safepoint    ] Total time for which application threads were stopped: 0.0002054 seconds, Stopping threads took: 0.0000526 seconds
[2019-06-24T08:46:55.642+0000][1][safepoint    ] Application time: 1.0002459 seconds
[2019-06-24T08:46:55.642+0000][1][safepoint    ] Entering safepoint region: Cleanup
[2019-06-24T08:46:55.642+0000][1][safepoint    ] Leaving safepoint region
[2019-06-24T08:46:55.642+0000][1][safepoint    ] Total time for which application threads were stopped: 0.0001947 seconds, Stopping threads took: 0.0000538 seconds
[2019-06-24T08:46:56.643+0000][1][safepoint    ] Application time: 1.0002746 seconds
[2019-06-24T08:46:56.643+0000][1][safepoint    ] Entering safepoint region: Cleanup
[2019-06-24T08:46:56.643+0000][1][safepoint    ] Leaving safepoint region
[2019-06-24T08:46:56.643+0000][1][safepoint    ] Total time for which application threads were stopped: 0.0002251 seconds, Stopping threads took: 0.0000534 seconds
[2019-06-24T08:46:56.799+0000][1][safepoint    ] Application time: 0.1559446 seconds
[2019-06-24T08:46:56.799+0000][1][safepoint    ] Entering safepoint region: RevokeBias
[2019-06-24T08:46:56.799+0000][1][safepoint    ] Leaving safepoint region
[2019-06-24T08:46:56.799+0000][1][safepoint    ] Total time for which application threads were stopped: 0.0001950 seconds, Stopping threads took: 0.0000491 seconds
[2019-06-24T08:46:57.800+0000][1][safepoint    ] Application time: 1.0002586 seconds
[2019-06-24T08:46:57.800+0000][1][safepoint    ] Entering safepoint region: Cleanup
[2019-06-24T08:46:57.800+0000][1][safepoint    ] Leaving safepoint region
[2019-06-24T08:46:57.800+0000][1][safepoint    ] Total time for which application threads were stopped: 0.0002070 seconds, Stopping threads took: 0.0000516 seconds
[2019-06-24T08:46:58.800+0000][1][safepoint    ] Application time: 1.0002538 seconds
[2019-06-24T08:46:58.800+0000][1][safepoint    ] Entering safepoint region: Cleanup
[2019-06-24T08:46:58.800+0000][1][safepoint    ] Leaving safepoint region
[2019-06-24T08:46:58.800+0000][1][safepoint    ] Total time for which application threads were stopped: 0.0002102 seconds, Stopping threads took: 0.0000505 seconds
[2019-06-24T08:46:59.801+0000][1][safepoint    ] Application time: 1.0002570 seconds
[2019-06-24T08:46:59.801+0000][1][safepoint    ] Entering safepoint region: Cleanup
[2019-06-24T08:46:59.801+0000][1][safepoint    ] Leaving safepoint region
[2019-06-24T08:46:59.801+0000][1][safepoint    ] Total time for which application threads were stopped: 0.0002035 seconds, Stopping threads took: 0.0000515 seconds
[2019-06-24T08:47:00.801+0000][1][safepoint    ] Application time: 1.0002459 seconds
[2019-06-24T08:47:00.801+0000][1][safepoint    ] Entering safepoint region: Cleanup
[2019-06-24T08:47:00.802+0000][1][safepoint    ] Leaving safepoint region
[2019-06-24T08:47:00.802+0000][1][safepoint    ] Total time for which application threads were stopped: 0.0001906 seconds, Stopping threads took: 0.0000518 seconds
[2019-06-24T08:47:01.802+0000][1][safepoint    ] Application time: 1.0002516 seconds
[2019-06-24T08:47:01.802+0000][1][safepoint    ] Entering safepoint region: Cleanup
[2019-06-24T08:47:01.802+0000][1][safepoint    ] Leaving safepoint region
[2019-06-24T08:47:01.802+0000][1][safepoint    ] Total time for which application threads were stopped: 0.0001942 seconds, Stopping threads took: 0.0000522 seconds
[2019-06-24T08:47:03.088+0000][1][safepoint    ] Application time: 1.2854499 seconds
[2019-06-24T08:47:03.088+0000][1][safepoint    ] Entering safepoint region: Cleanup
[2019-06-24T08:47:03.088+0000][1][safepoint    ] Leaving safepoint region
[2019-06-24T08:47:03.088+0000][1][safepoint    ] Total time for which application threads were stopped: 0.0001767 seconds, Stopping threads took: 0.0000416 seconds
[2019-06-24T08:47:04.088+0000][1][safepoint    ] Application time: 1.0001377 seconds
[2019-06-24T08:47:04.088+0000][1][safepoint    ] Entering safepoint region: Cleanup
[2019-06-24T08:47:04.088+0000][1][safepoint    ] Leaving safepoint region
[2019-06-24T08:47:04.088+0000][1][safepoint    ] Total time for which application threads were stopped: 0.0000955 seconds, Stopping threads took: 0.0000211 seconds
[2019-06-24T08:47:05.088+0000][1][safepoint    ] Application time: 1.0001666 seconds
[2019-06-24T08:47:05.088+0000][1][safepoint    ] Entering safepoint region: Cleanup
[2019-06-24T08:47:05.089+0000][1][safepoint    ] Leaving safepoint region
[2019-06-24T08:47:05.089+0000][1][safepoint    ] Total time for which application threads were stopped: 0.0001953 seconds, Stopping threads took: 0.0000482 seconds
[2019-06-24T08:47:08.089+0000][1][safepoint    ] Application time: 3.0006661 seconds
[2019-06-24T08:47:08.089+0000][1][safepoint    ] Entering safepoint region: Cleanup
[2019-06-24T08:47:08.090+0000][1][safepoint    ] Leaving safepoint region
[2019-06-24T08:47:08.090+0000][1][safepoint    ] Total time for which application threads were stopped: 0.0002255 seconds, Stopping threads took: 0.0000577 seconds
[2019-06-24T08:47:13.091+0000][1][safepoint    ] Application time: 5.0009483 seconds
[2019-06-24T08:47:13.091+0000][1][safepoint    ] Entering safepoint region: Cleanup
[2019-06-24T08:47:13.092+0000][1][safepoint    ] Leaving safepoint region
[2019-06-24T08:47:13.092+0000][1][safepoint    ] Total time for which application threads were stopped: 0.0012789 seconds, Stopping threads took: 0.0010491 seconds
[2019-06-24T08:47:14.092+0000][1][safepoint    ] Application time: 1.0001862 seconds
[2019-06-24T08:47:14.092+0000][1][safepoint    ] Entering safepoint region: Cleanup
[2019-06-24T08:47:14.093+0000][1][safepoint    ] Leaving safepoint region
[2019-06-24T08:47:14.093+0000][1][safepoint    ] Total time for which application threads were stopped: 0.0002644 seconds, Stopping threads took: 0.0000957 seconds
[2019-06-24T08:47:19.094+0000][1][safepoint    ] Application time: 5.0011554 seconds
[2019-06-24T08:47:19.094+0000][1][safepoint    ] Entering safepoint region: Cleanup
[2019-06-24T08:47:19.094+0000][1][safepoint    ] Leaving safepoint region
[2019-06-24T08:47:19.094+0000][1][safepoint    ] Total time for which application threads were stopped: 0.0002106 seconds, Stopping threads took: 0.0000520 seconds
[2019-06-24T08:47:20.095+0000][1][safepoint    ] Application time: 1.0002500 seconds
[2019-06-24T08:47:20.095+0000][1][safepoint    ] Entering safepoint region: Cleanup
[2019-06-24T08:47:20.095+0000][1][safepoint    ] Leaving safepoint region
[2019-06-24T08:47:20.095+0000][1][safepoint    ] Total time for which application threads were stopped: 0.0002087 seconds, Stopping threads took: 0.0000536 seconds
[2019-06-24T08:47:24.105+0000][1][safepoint    ] Application time: 4.0098239 seconds
[2019-06-24T08:47:24.105+0000][1][safepoint    ] Entering safepoint region: GenCollectForAllocation
[2019-06-24T08:47:24.105+0000][1][gc,start     ] GC(22) Pause Young (Allocation Failure)
[2019-06-24T08:47:24.105+0000][1][gc,task      ] GC(22) Using 5 workers of 8 for evacuation
[2019-06-24T08:47:24.117+0000][1][gc,age       ] GC(22) Desired survivor size 4456448 bytes, new threshold 2 (max threshold 6)
[2019-06-24T08:47:24.117+0000][1][gc,age       ] GC(22) Age table with threshold 2 (max threshold 6)
[2019-06-24T08:47:24.117+0000][1][gc,age       ] GC(22) - age   1:    1229208 bytes,    1229208 total
[2019-06-24T08:47:24.117+0000][1][gc,age       ] GC(22) - age   2:    3471752 bytes,    4700960 total
[2019-06-24T08:47:24.117+0000][1][gc,heap      ] GC(22) ParNew: 78656K->8704K(78656K)
[2019-06-24T08:47:24.117+0000][1][gc,heap      ] GC(22) CMS: 60019K->64240K(174784K)
[2019-06-24T08:47:24.117+0000][1][gc,metaspace ] GC(22) Metaspace: 66099K->66099K(1110016K)
[2019-06-24T08:47:24.118+0000][1][gc           ] GC(22) Pause Young (Allocation Failure) 135M->71M(247M) 12.463ms
[2019-06-24T08:47:24.118+0000][1][gc,cpu       ] GC(22) User=0.06s Sys=0.00s Real=0.01s
[2019-06-24T08:47:24.118+0000][1][safepoint    ] Leaving safepoint region
[2019-06-24T08:47:24.118+0000][1][safepoint    ] Total time for which application threads were stopped: 0.0127926 seconds, Stopping threads took: 0.0000746 seconds
[2019-06-24T08:47:25.118+0000][1][safepoint    ] Application time: 1.0002405 seconds
[2019-06-24T08:47:25.118+0000][1][safepoint    ] Entering safepoint region: Cleanup
[2019-06-24T08:47:25.118+0000][1][safepoint    ] Leaving safepoint region
[2019-06-24T08:47:25.118+0000][1][safepoint    ] Total time for which application threads were stopped: 0.0002445 seconds, Stopping threads took: 0.0000589 seconds
[2019-06-24T08:47:27.119+0000][1][safepoint    ] Application time: 2.0005423 seconds
[2019-06-24T08:47:27.119+0000][1][safepoint    ] Entering safepoint region: Cleanup
[2019-06-24T08:47:27.119+0000][1][safepoint    ] Leaving safepoint region
[2019-06-24T08:47:27.119+0000][1][safepoint    ] Total time for which application threads were stopped: 0.0002167 seconds, Stopping threads took: 0.0000538 seconds
[2019-06-24T08:47:38.122+0000][1][safepoint    ] Application time: 11.0024097 seconds
[2019-06-24T08:47:38.123+0000][1][safepoint    ] Entering safepoint region: Cleanup
[2019-06-24T08:47:38.123+0000][1][safepoint    ] Leaving safepoint region
[2019-06-24T08:47:38.123+0000][1][safepoint    ] Total time for which application threads were stopped: 0.0002933 seconds, Stopping threads took: 0.0001152 seconds
[2019-06-24T08:47:40.123+0000][1][safepoint    ] Application time: 2.0004073 seconds
[2019-06-24T08:47:40.123+0000][1][safepoint    ] Entering safepoint region: Cleanup
[2019-06-24T08:47:40.124+0000][1][safepoint    ] Leaving safepoint region
[2019-06-24T08:47:40.124+0000][1][safepoint    ] Total time for which application threads were stopped: 0.0002364 seconds, Stopping threads took: 0.0000600 seconds
[2019-06-24T08:47:41.124+0000][1][safepoint    ] Application time: 1.0002666 seconds
[2019-06-24T08:47:41.124+0000][1][safepoint    ] Entering safepoint region: Cleanup
[2019-06-24T08:47:41.124+0000][1][safepoint    ] Leaving safepoint region
[2019-06-24T08:47:41.124+0000][1][safepoint    ] Total time for which application threads were stopped: 0.0002269 seconds, Stopping threads took: 0.0000598 seconds
[2019-06-24T08:47:46.126+0000][1][safepoint    ] Application time: 5.0011910 seconds
[2019-06-24T08:47:46.126+0000][1][safepoint    ] Entering safepoint region: Cleanup
[2019-06-24T08:47:46.126+0000][1][safepoint    ] Leaving safepoint region
[2019-06-24T08:47:46.126+0000][1][safepoint    ] Total time for which application threads were stopped: 0.0002032 seconds, Stopping threads took: 0.0000522 seconds
[2019-06-24T08:47:48.126+0000][1][safepoint    ] Application time: 2.0004873 seconds
[2019-06-24T08:47:48.127+0000][1][safepoint    ] Entering safepoint region: Cleanup
[2019-06-24T08:47:48.127+0000][1][safepoint    ] Leaving safepoint region
[2019-06-24T08:47:48.127+0000][1][safepoint    ] Total time for which application threads were stopped: 0.0002649 seconds, Stopping threads took: 0.0000619 seconds
[2019-06-24T08:47:49.127+0000][1][safepoint    ] Application time: 1.0001870 seconds
[2019-06-24T08:47:49.127+0000][1][safepoint    ] Entering safepoint region: Cleanup
[2019-06-24T08:47:49.127+0000][1][safepoint    ] Leaving safepoint region
[2019-06-24T08:47:49.127+0000][1][safepoint    ] Total time for which application threads were stopped: 0.0002305 seconds, Stopping threads took: 0.0000640 seconds
[2019-06-24T08:47:50.128+0000][1][safepoint    ] Application time: 1.0002538 seconds
[2019-06-24T08:47:50.128+0000][1][safepoint    ] Entering safepoint region: Cleanup
[2019-06-24T08:47:50.128+0000][1][safepoint    ] Leaving safepoint region
[2019-06-24T08:47:50.128+0000][1][safepoint    ] Total time for which application threads were stopped: 0.0002143 seconds, Stopping threads took: 0.0000521 seconds
[2019-06-24T08:47:51.128+0000][1][safepoint    ] Application time: 1.0002466 seconds
[2019-06-24T08:47:51.128+0000][1][safepoint    ] Entering safepoint region: Cleanup
[2019-06-24T08:47:51.129+0000][1][safepoint    ] Leaving safepoint region
[2019-06-24T08:47:51.129+0000][1][safepoint    ] Total time for which application threads were stopped: 0.0002111 seconds, Stopping threads took: 0.0000541 seconds
[2019-06-24T08:47:52.129+0000][1][safepoint    ] Application time: 1.0002601 seconds
[2019-06-24T08:47:52.129+0000][1][safepoint    ] Entering safepoint region: Cleanup
[2019-06-24T08:47:52.129+0000][1][safepoint    ] Leaving safepoint region
[2019-06-24T08:47:52.129+0000][1][safepoint    ] Total time for which application threads were stopped: 0.0002366 seconds, Stopping threads took: 0.0000606 seconds
[2019-06-24T08:47:57.130+0000][1][safepoint    ] Application time: 5.0010580 seconds
[2019-06-24T08:47:57.131+0000][1][safepoint    ] Entering safepoint region: Cleanup
[2019-06-24T08:47:57.131+0000][1][safepoint    ] Leaving safepoint region
[2019-06-24T08:47:57.131+0000][1][safepoint    ] Total time for which application threads were stopped: 0.0004486 seconds, Stopping threads took: 0.0001119 seconds
[2019-06-24T08:48:04.132+0000][1][safepoint    ] Application time: 7.0010495 seconds
[2019-06-24T08:48:04.133+0000][1][safepoint    ] Entering safepoint region: Cleanup
[2019-06-24T08:48:04.133+0000][1][safepoint    ] Leaving safepoint region
[2019-06-24T08:48:04.133+0000][1][safepoint    ] Total time for which application threads were stopped: 0.0002545 seconds, Stopping threads took: 0.0000937 seconds
[2019-06-24T08:48:05.134+0000][1][safepoint    ] Application time: 1.0001333 seconds
[2019-06-24T08:48:05.134+0000][1][safepoint    ] Entering safepoint region: Cleanup
[2019-06-24T08:48:05.134+0000][1][safepoint    ] Leaving safepoint region
[2019-06-24T08:48:05.134+0000][1][safepoint    ] Total time for which application threads were stopped: 0.0002013 seconds, Stopping threads took: 0.0000516 seconds
[2019-06-24T08:48:06.134+0000][1][safepoint    ] Application time: 1.0001736 seconds
[2019-06-24T08:48:06.134+0000][1][safepoint    ] Entering safepoint region: Cleanup
[2019-06-24T08:48:06.135+0000][1][safepoint    ] Leaving safepoint region
[2019-06-24T08:48:06.135+0000][1][safepoint    ] Total time for which application threads were stopped: 0.0006697 seconds, Stopping threads took: 0.0001306 seconds
[2019-06-24T08:48:12.136+0000][1][safepoint    ] Application time: 6.0008459 seconds
[2019-06-24T08:48:12.136+0000][1][safepoint    ] Entering safepoint region: Cleanup
[2019-06-24T08:48:12.136+0000][1][safepoint    ] Leaving safepoint region
[2019-06-24T08:48:12.136+0000][1][safepoint    ] Total time for which application threads were stopped: 0.0003925 seconds, Stopping threads took: 0.0000607 seconds
[2019-06-24T08:48:15.137+0000][1][safepoint    ] Application time: 3.0003866 seconds
[2019-06-24T08:48:15.137+0000][1][safepoint    ] Entering safepoint region: Cleanup
[2019-06-24T08:48:15.137+0000][1][safepoint    ] Leaving safepoint region
[2019-06-24T08:48:15.137+0000][1][safepoint    ] Total time for which application threads were stopped: 0.0002310 seconds, Stopping threads took: 0.0000599 seconds
[2019-06-24T08:48:25.139+0000][1][safepoint    ] Application time: 10.0014020 seconds
[2019-06-24T08:48:25.140+0000][1][safepoint    ] Entering safepoint region: Cleanup
[2019-06-24T08:48:25.140+0000][1][safepoint    ] Leaving safepoint region
[2019-06-24T08:48:25.140+0000][1][safepoint    ] Total time for which application threads were stopped: 0.0005680 seconds, Stopping threads took: 0.0001600 seconds
[2019-06-24T08:48:44.143+0000][1][safepoint    ] Application time: 19.0024375 seconds
[2019-06-24T08:48:44.144+0000][1][safepoint    ] Entering safepoint region: Cleanup
[2019-06-24T08:48:44.144+0000][1][safepoint    ] Leaving safepoint region
[2019-06-24T08:48:44.144+0000][1][safepoint    ] Total time for which application threads were stopped: 0.0007297 seconds, Stopping threads took: 0.0002936 seconds
[2019-06-24T08:48:55.147+0000][1][safepoint    ] Application time: 11.0020787 seconds
[2019-06-24T08:48:55.147+0000][1][safepoint    ] Entering safepoint region: Cleanup
[2019-06-24T08:48:55.147+0000][1][safepoint    ] Leaving safepoint region
[2019-06-24T08:48:55.147+0000][1][safepoint    ] Total time for which application threads were stopped: 0.0002682 seconds, Stopping threads took: 0.0000687 seconds
[2019-06-24T08:49:16.151+0000][1][safepoint    ] Application time: 21.0044229 seconds
[2019-06-24T08:49:16.152+0000][1][safepoint    ] Entering safepoint region: Cleanup
[2019-06-24T08:49:16.152+0000][1][safepoint    ] Leaving safepoint region
[2019-06-24T08:49:16.152+0000][1][safepoint    ] Total time for which application threads were stopped: 0.0003111 seconds, Stopping threads took: 0.0000919 seconds
[2019-06-24T08:49:21.153+0000][1][safepoint    ] Application time: 5.0012198 seconds
[2019-06-24T08:49:21.153+0000][1][safepoint    ] Entering safepoint region: Cleanup
[2019-06-24T08:49:21.153+0000][1][safepoint    ] Leaving safepoint region
[2019-06-24T08:49:21.154+0000][1][safepoint    ] Total time for which application threads were stopped: 0.0002407 seconds, Stopping threads took: 0.0000605 seconds
[2019-06-24T08:49:41.158+0000][1][safepoint    ] Application time: 20.0040811 seconds
[2019-06-24T08:49:41.159+0000][1][safepoint    ] Entering safepoint region: Cleanup
[2019-06-24T08:49:41.159+0000][1][safepoint    ] Leaving safepoint region
[2019-06-24T08:49:41.159+0000][1][safepoint    ] Total time for which application threads were stopped: 0.0002449 seconds, Stopping threads took: 0.0000920 seconds
[2019-06-24T08:50:04.313+0000][1][safepoint    ] Application time: 23.1537400 seconds
[2019-06-24T08:50:04.313+0000][1][safepoint    ] Entering safepoint region: GenCollectForAllocation
[2019-06-24T08:50:04.313+0000][1][gc,start     ] GC(23) Pause Young (Allocation Failure)
[2019-06-24T08:50:04.313+0000][1][gc,task      ] GC(23) Using 5 workers of 8 for evacuation
[2019-06-24T08:50:04.322+0000][1][gc,age       ] GC(23) Desired survivor size 4456448 bytes, new threshold 6 (max threshold 6)
[2019-06-24T08:50:04.322+0000][1][gc,age       ] GC(23) Age table with threshold 6 (max threshold 6)
[2019-06-24T08:50:04.322+0000][1][gc,age       ] GC(23) - age   1:       5592 bytes,       5592 total
[2019-06-24T08:50:04.322+0000][1][gc,age       ] GC(23) - age   2:    1204448 bytes,    1210040 total
[2019-06-24T08:50:04.322+0000][1][gc,heap      ] GC(23) ParNew: 78656K->3445K(78656K)
[2019-06-24T08:50:04.322+0000][1][gc,heap      ] GC(23) CMS: 64240K->67756K(174784K)
[2019-06-24T08:50:04.322+0000][1][gc,metaspace ] GC(23) Metaspace: 66178K->66178K(1110016K)
[2019-06-24T08:50:04.322+0000][1][gc           ] GC(23) Pause Young (Allocation Failure) 139M->69M(247M) 8.711ms
[2019-06-24T08:50:04.322+0000][1][gc,cpu       ] GC(23) User=0.04s Sys=0.00s Real=0.01s
[2019-06-24T08:50:04.322+0000][1][safepoint    ] Leaving safepoint region
[2019-06-24T08:50:04.322+0000][1][safepoint    ] Total time for which application threads were stopped: 0.0091321 seconds, Stopping threads took: 0.0000822 seconds
[2019-06-24T08:50:05.322+0000][1][safepoint    ] Application time: 1.0001151 seconds
[2019-06-24T08:50:05.322+0000][1][safepoint    ] Entering safepoint region: Cleanup
[2019-06-24T08:50:05.322+0000][1][safepoint    ] Leaving safepoint region
[2019-06-24T08:50:05.322+0000][1][safepoint    ] Total time for which application threads were stopped: 0.0002377 seconds, Stopping threads took: 0.0000602 seconds
[2019-06-24T08:50:10.323+0000][1][safepoint    ] Application time: 5.0010626 seconds
[2019-06-24T08:50:10.324+0000][1][safepoint    ] Entering safepoint region: Cleanup
[2019-06-24T08:50:10.324+0000][1][safepoint    ] Leaving safepoint region
[2019-06-24T08:50:10.324+0000][1][safepoint    ] Total time for which application threads were stopped: 0.0002531 seconds, Stopping threads took: 0.0000602 seconds
[2019-06-24T08:50:17.325+0000][1][safepoint    ] Application time: 7.0013219 seconds
[2019-06-24T08:50:17.326+0000][1][safepoint    ] Entering safepoint region: Cleanup
[2019-06-24T08:50:17.326+0000][1][safepoint    ] Leaving safepoint region
[2019-06-24T08:50:17.326+0000][1][safepoint    ] Total time for which application threads were stopped: 0.0002288 seconds, Stopping threads took: 0.0000629 seconds
[2019-06-24T08:50:25.327+0000][1][safepoint    ] Application time: 8.0016515 seconds
[2019-06-24T08:50:25.329+0000][1][safepoint    ] Entering safepoint region: Cleanup
[2019-06-24T08:50:25.329+0000][1][safepoint    ] Leaving safepoint region
[2019-06-24T08:50:25.329+0000][1][safepoint    ] Total time for which application threads were stopped: 0.0003326 seconds, Stopping threads took: 0.0001240 seconds
[2019-06-24T08:50:35.331+0000][1][safepoint    ] Application time: 10.0015940 seconds
[2019-06-24T08:50:35.331+0000][1][safepoint    ] Entering safepoint region: Cleanup
[2019-06-24T08:50:35.332+0000][1][safepoint    ] Leaving safepoint region
[2019-06-24T08:50:35.332+0000][1][safepoint    ] Total time for which application threads were stopped: 0.0001254 seconds, Stopping threads took: 0.0000453 seconds
[2019-06-24T08:51:01.337+0000][1][safepoint    ] Application time: 26.0054867 seconds
[2019-06-24T08:51:01.337+0000][1][safepoint    ] Entering safepoint region: Cleanup
[2019-06-24T08:51:01.337+0000][1][safepoint    ] Leaving safepoint region
[2019-06-24T08:51:01.338+0000][1][safepoint    ] Total time for which application threads were stopped: 0.0003759 seconds, Stopping threads took: 0.0001516 seconds
[2019-06-24T08:51:49.349+0000][1][safepoint    ] Application time: 48.0110160 seconds
[2019-06-24T08:51:49.349+0000][1][safepoint    ] Entering safepoint region: Cleanup
[2019-06-24T08:51:49.349+0000][1][safepoint    ] Leaving safepoint region
[2019-06-24T08:51:49.349+0000][1][safepoint    ] Total time for which application threads were stopped: 0.0002697 seconds, Stopping threads took: 0.0000898 seconds
[2019-06-24T08:51:50.349+0000][1][safepoint    ] Application time: 1.0002573 seconds
[2019-06-24T08:51:50.349+0000][1][safepoint    ] Entering safepoint region: Cleanup
[2019-06-24T08:51:50.350+0000][1][safepoint    ] Leaving safepoint region
[2019-06-24T08:51:50.350+0000][1][safepoint    ] Total time for which application threads were stopped: 0.0002098 seconds, Stopping threads took: 0.0000520 seconds
[2019-06-24T08:52:05.353+0000][1][safepoint    ] Application time: 15.0030823 seconds
[2019-06-24T08:52:05.353+0000][1][safepoint    ] Entering safepoint region: Cleanup
[2019-06-24T08:52:05.353+0000][1][safepoint    ] Leaving safepoint region
[2019-06-24T08:52:05.353+0000][1][safepoint    ] Total time for which application threads were stopped: 0.0002603 seconds, Stopping threads took: 0.0000728 seconds
[2019-06-24T08:52:35.359+0000][1][safepoint    ] Application time: 30.0060420 seconds
[2019-06-24T08:52:35.359+0000][1][safepoint    ] Entering safepoint region: Cleanup
[2019-06-24T08:52:35.359+0000][1][safepoint    ] Leaving safepoint region
[2019-06-24T08:52:35.359+0000][1][safepoint    ] Total time for which application threads were stopped: 0.0000983 seconds, Stopping threads took: 0.0000338 seconds
[2019-06-24T08:52:49.507+0000][1][safepoint    ] Application time: 14.1478112 seconds
[2019-06-24T08:52:49.507+0000][1][safepoint    ] Entering safepoint region: GenCollectForAllocation
[2019-06-24T08:52:49.507+0000][1][gc,start     ] GC(24) Pause Young (Allocation Failure)
[2019-06-24T08:52:49.508+0000][1][gc,task      ] GC(24) Using 5 workers of 8 for evacuation
[2019-06-24T08:52:49.512+0000][1][gc,age       ] GC(24) Desired survivor size 4456448 bytes, new threshold 6 (max threshold 6)
[2019-06-24T08:52:49.512+0000][1][gc,age       ] GC(24) Age table with threshold 6 (max threshold 6)
[2019-06-24T08:52:49.512+0000][1][gc,age       ] GC(24) - age   1:       5464 bytes,       5464 total
[2019-06-24T08:52:49.512+0000][1][gc,age       ] GC(24) - age   2:       1624 bytes,       7088 total
[2019-06-24T08:52:49.512+0000][1][gc,age       ] GC(24) - age   3:    1086640 bytes,    1093728 total
[2019-06-24T08:52:49.512+0000][1][gc,heap      ] GC(24) ParNew: 73397K->1619K(78656K)
[2019-06-24T08:52:49.513+0000][1][gc,heap      ] GC(24) CMS: 67756K->67756K(174784K)
[2019-06-24T08:52:49.513+0000][1][gc,metaspace ] GC(24) Metaspace: 66222K->66222K(1110016K)
[2019-06-24T08:52:49.513+0000][1][gc           ] GC(24) Pause Young (Allocation Failure) 137M->67M(247M) 5.123ms
[2019-06-24T08:52:49.513+0000][1][gc,cpu       ] GC(24) User=0.02s Sys=0.00s Real=0.00s
[2019-06-24T08:52:49.513+0000][1][safepoint    ] Leaving safepoint region
[2019-06-24T08:52:49.513+0000][1][safepoint    ] Total time for which application threads were stopped: 0.0055376 seconds, Stopping threads took: 0.0000706 seconds
[2019-06-24T08:53:00.515+0000][1][safepoint    ] Application time: 11.0020261 seconds
[2019-06-24T08:53:00.516+0000][1][safepoint    ] Entering safepoint region: Cleanup
[2019-06-24T08:53:00.516+0000][1][safepoint    ] Leaving safepoint region
[2019-06-24T08:53:00.516+0000][1][safepoint    ] Total time for which application threads were stopped: 0.0002333 seconds, Stopping threads took: 0.0000819 seconds
[2019-06-24T08:53:05.517+0000][1][safepoint    ] Application time: 5.0012140 seconds
[2019-06-24T08:53:05.517+0000][1][safepoint    ] Entering safepoint region: Cleanup
[2019-06-24T08:53:05.518+0000][1][safepoint    ] Leaving safepoint region
[2019-06-24T08:53:05.518+0000][1][safepoint    ] Total time for which application threads were stopped: 0.0002534 seconds, Stopping threads took: 0.0000554 seconds
[2019-06-24T08:53:15.520+0000][1][safepoint    ] Application time: 10.0021228 seconds
[2019-06-24T08:53:15.521+0000][1][safepoint    ] Entering safepoint region: Cleanup
[2019-06-24T08:53:15.521+0000][1][safepoint    ] Leaving safepoint region
[2019-06-24T08:53:15.521+0000][1][safepoint    ] Total time for which application threads were stopped: 0.0002667 seconds, Stopping threads took: 0.0000735 seconds
[2019-06-24T08:53:18.522+0000][1][safepoint    ] Application time: 3.0007439 seconds
[2019-06-24T08:53:18.522+0000][1][safepoint    ] Entering safepoint region: Cleanup
[2019-06-24T08:53:18.522+0000][1][safepoint    ] Leaving safepoint region
[2019-06-24T08:53:18.522+0000][1][safepoint    ] Total time for which application threads were stopped: 0.0002809 seconds, Stopping threads took: 0.0000607 seconds
[2019-06-24T08:53:31.525+0000][1][safepoint    ] Application time: 13.0026705 seconds
[2019-06-24T08:53:31.526+0000][1][safepoint    ] Entering safepoint region: Cleanup
[2019-06-24T08:53:31.526+0000][1][safepoint    ] Leaving safepoint region
[2019-06-24T08:53:31.526+0000][1][safepoint    ] Total time for which application threads were stopped: 0.0003104 seconds, Stopping threads took: 0.0001227 seconds
[2019-06-24T08:53:46.530+0000][1][safepoint    ] Application time: 15.0031969 seconds
[2019-06-24T08:53:46.531+0000][1][safepoint    ] Entering safepoint region: Cleanup
[2019-06-24T08:53:46.531+0000][1][safepoint    ] Leaving safepoint region
[2019-06-24T08:53:46.531+0000][1][safepoint    ] Total time for which application threads were stopped: 0.0002757 seconds, Stopping threads took: 0.0000994 seconds
[2019-06-24T08:54:26.540+0000][1][safepoint    ] Application time: 40.0086961 seconds
[2019-06-24T08:54:26.540+0000][1][safepoint    ] Entering safepoint region: Cleanup
[2019-06-24T08:54:26.540+0000][1][safepoint    ] Leaving safepoint region
[2019-06-24T08:54:26.540+0000][1][safepoint    ] Total time for which application threads were stopped: 0.0002324 seconds, Stopping threads took: 0.0000790 seconds
[2019-06-24T08:54:40.543+0000][1][safepoint    ] Application time: 14.0030512 seconds
[2019-06-24T08:54:40.544+0000][1][safepoint    ] Entering safepoint region: Cleanup
[2019-06-24T08:54:40.544+0000][1][safepoint    ] Leaving safepoint region
[2019-06-24T08:54:40.544+0000][1][safepoint    ] Total time for which application threads were stopped: 0.0002360 seconds, Stopping threads took: 0.0000834 seconds
[2019-06-24T08:54:45.545+0000][1][safepoint    ] Application time: 5.0010303 seconds
[2019-06-24T08:54:45.545+0000][1][safepoint    ] Entering safepoint region: Cleanup
[2019-06-24T08:54:45.546+0000][1][safepoint    ] Leaving safepoint region
[2019-06-24T08:54:45.546+0000][1][safepoint    ] Total time for which application threads were stopped: 0.0002172 seconds, Stopping threads took: 0.0000526 seconds
[2019-06-24T08:54:56.548+0000][1][safepoint    ] Application time: 11.0021489 seconds
[2019-06-24T08:54:56.549+0000][1][safepoint    ] Entering safepoint region: Cleanup
[2019-06-24T08:54:56.549+0000][1][safepoint    ] Leaving safepoint region
[2019-06-24T08:54:56.549+0000][1][safepoint    ] Total time for which application threads were stopped: 0.0002955 seconds, Stopping threads took: 0.0001197 seconds
[2019-06-24T08:55:34.702+0000][1][safepoint    ] Application time: 38.1530339 seconds
[2019-06-24T08:55:34.703+0000][1][safepoint    ] Entering safepoint region: GenCollectForAllocation
[2019-06-24T08:55:34.703+0000][1][gc,start     ] GC(25) Pause Young (Allocation Failure)
[2019-06-24T08:55:34.704+0000][1][gc,task      ] GC(25) Using 5 workers of 8 for evacuation
[2019-06-24T08:55:34.708+0000][1][gc,age       ] GC(25) Desired survivor size 4456448 bytes, new threshold 6 (max threshold 6)
[2019-06-24T08:55:34.709+0000][1][gc,age       ] GC(25) Age table with threshold 6 (max threshold 6)
[2019-06-24T08:55:34.709+0000][1][gc,age       ] GC(25) - age   1:       4688 bytes,       4688 total
[2019-06-24T08:55:34.709+0000][1][gc,age       ] GC(25) - age   2:       1512 bytes,       6200 total
[2019-06-24T08:55:34.709+0000][1][gc,age       ] GC(25) - age   3:       1624 bytes,       7824 total
[2019-06-24T08:55:34.709+0000][1][gc,age       ] GC(25) - age   4:    1086664 bytes,    1094488 total
[2019-06-24T08:55:34.709+0000][1][gc,heap      ] GC(25) ParNew: 71571K->1744K(78656K)
[2019-06-24T08:55:34.709+0000][1][gc,heap      ] GC(25) CMS: 67756K->67756K(174784K)
[2019-06-24T08:55:34.709+0000][1][gc,metaspace ] GC(25) Metaspace: 66245K->66245K(1110016K)
[2019-06-24T08:55:34.709+0000][1][gc           ] GC(25) Pause Young (Allocation Failure) 136M->67M(247M) 5.286ms
[2019-06-24T08:55:34.709+0000][1][gc,cpu       ] GC(25) User=0.02s Sys=0.00s Real=0.00s
[2019-06-24T08:55:34.709+0000][1][safepoint    ] Leaving safepoint region
[2019-06-24T08:55:34.709+0000][1][safepoint    ] Total time for which application threads were stopped: 0.0057844 seconds, Stopping threads took: 0.0001123 seconds
[2019-06-24T08:55:49.711+0000][1][safepoint    ] Application time: 15.0024377 seconds
[2019-06-24T08:55:49.712+0000][1][safepoint    ] Entering safepoint region: Cleanup
[2019-06-24T08:55:49.712+0000][1][safepoint    ] Leaving safepoint region
[2019-06-24T08:55:49.712+0000][1][safepoint    ] Total time for which application threads were stopped: 0.0002268 seconds, Stopping threads took: 0.0000579 seconds
[2019-06-24T08:55:57.865+0000][1][safepoint    ] Application time: 8.1530340 seconds
[2019-06-24T08:55:57.865+0000][1][safepoint    ] Entering safepoint region: RevokeBias
[2019-06-24T08:55:57.865+0000][1][safepoint    ] Leaving safepoint region
[2019-06-24T08:55:57.865+0000][1][safepoint    ] Total time for which application threads were stopped: 0.0001600 seconds, Stopping threads took: 0.0000506 seconds
[2019-06-24T08:55:59.866+0000][1][safepoint    ] Application time: 2.0001804 seconds
[2019-06-24T08:55:59.866+0000][1][safepoint    ] Entering safepoint region: Cleanup
[2019-06-24T08:55:59.866+0000][1][safepoint    ] Leaving safepoint region
[2019-06-24T08:55:59.866+0000][1][safepoint    ] Total time for which application threads were stopped: 0.0001049 seconds, Stopping threads took: 0.0000277 seconds
[2019-06-24T08:56:04.866+0000][1][safepoint    ] Application time: 5.0004235 seconds
[2019-06-24T08:56:04.866+0000][1][safepoint    ] Entering safepoint region: Cleanup
[2019-06-24T08:56:04.867+0000][1][safepoint    ] Leaving safepoint region
[2019-06-24T08:56:04.867+0000][1][safepoint    ] Total time for which application threads were stopped: 0.0001237 seconds, Stopping threads took: 0.0000270 seconds
[2019-06-24T08:56:05.869+0000][1][safepoint    ] Application time: 1.0020586 seconds
[2019-06-24T08:56:05.869+0000][1][safepoint    ] Entering safepoint region: RevokeBias
[2019-06-24T08:56:05.869+0000][1][safepoint    ] Leaving safepoint region
[2019-06-24T08:56:05.869+0000][1][safepoint    ] Total time for which application threads were stopped: 0.0001198 seconds, Stopping threads took: 0.0000257 seconds
[2019-06-24T08:56:05.870+0000][1][safepoint    ] Application time: 0.0011083 seconds
[2019-06-24T08:56:05.870+0000][1][safepoint    ] Entering safepoint region: RevokeBias
[2019-06-24T08:56:05.870+0000][1][safepoint    ] Leaving safepoint region
[2019-06-24T08:56:05.870+0000][1][safepoint    ] Total time for which application threads were stopped: 0.0001378 seconds, Stopping threads took: 0.0000311 seconds
[2019-06-24T08:56:05.897+0000][1][safepoint    ] Application time: 0.0269188 seconds
[2019-06-24T08:56:05.897+0000][1][safepoint    ] Entering safepoint region: RevokeBias
[2019-06-24T08:56:05.897+0000][1][safepoint    ] Leaving safepoint region
[2019-06-24T08:56:05.897+0000][1][safepoint    ] Total time for which application threads were stopped: 0.0001212 seconds, Stopping threads took: 0.0000253 seconds
[2019-06-24T08:56:06.897+0000][1][safepoint    ] Application time: 1.0001387 seconds
[2019-06-24T08:56:06.897+0000][1][safepoint    ] Entering safepoint region: Cleanup
[2019-06-24T08:56:06.897+0000][1][safepoint    ] Leaving safepoint region
[2019-06-24T08:56:06.898+0000][1][safepoint    ] Total time for which application threads were stopped: 0.0001247 seconds, Stopping threads took: 0.0000254 seconds
[2019-06-24T08:56:34.903+0000][1][safepoint    ] Application time: 28.0051555 seconds
[2019-06-24T08:56:34.903+0000][1][safepoint    ] Entering safepoint region: Cleanup
[2019-06-24T08:56:34.903+0000][1][safepoint    ] Leaving safepoint region
[2019-06-24T08:56:34.903+0000][1][safepoint    ] Total time for which application threads were stopped: 0.0002330 seconds, Stopping threads took: 0.0000891 seconds
[2019-06-24T08:56:36.845+0000][1][safepoint    ] Application time: 1.9418865 seconds
[2019-06-24T08:56:36.845+0000][1][safepoint    ] Entering safepoint region: RevokeBias
[2019-06-24T08:56:36.845+0000][1][safepoint    ] Leaving safepoint region
[2019-06-24T08:56:36.845+0000][1][safepoint    ] Total time for which application threads were stopped: 0.0003771 seconds, Stopping threads took: 0.0000620 seconds
[2019-06-24T08:56:36.846+0000][1][safepoint    ] Application time: 0.0009161 seconds
[2019-06-24T08:56:36.846+0000][1][safepoint    ] Entering safepoint region: RevokeBias
[2019-06-24T08:56:36.847+0000][1][safepoint    ] Leaving safepoint region
[2019-06-24T08:56:36.847+0000][1][safepoint    ] Total time for which application threads were stopped: 0.0002745 seconds, Stopping threads took: 0.0000418 seconds
[2019-06-24T08:56:36.848+0000][1][safepoint    ] Application time: 0.0011687 seconds
[2019-06-24T08:56:36.848+0000][1][safepoint    ] Entering safepoint region: RevokeBias
[2019-06-24T08:56:36.848+0000][1][safepoint    ] Leaving safepoint region
[2019-06-24T08:56:36.848+0000][1][safepoint    ] Total time for which application threads were stopped: 0.0001851 seconds, Stopping threads took: 0.0000366 seconds
[2019-06-24T08:56:37.848+0000][1][safepoint    ] Application time: 1.0003571 seconds
[2019-06-24T08:56:37.849+0000][1][safepoint    ] Entering safepoint region: Cleanup
[2019-06-24T08:56:37.849+0000][1][safepoint    ] Leaving safepoint region
[2019-06-24T08:56:37.849+0000][1][safepoint    ] Total time for which application threads were stopped: 0.0000905 seconds, Stopping threads took: 0.0000306 seconds
[2019-06-24T08:56:39.849+0000][1][safepoint    ] Application time: 2.0003100 seconds
[2019-06-24T08:56:39.849+0000][1][safepoint    ] Entering safepoint region: Cleanup
[2019-06-24T08:56:39.849+0000][1][safepoint    ] Leaving safepoint region
[2019-06-24T08:56:39.849+0000][1][safepoint    ] Total time for which application threads were stopped: 0.0002980 seconds, Stopping threads took: 0.0000752 seconds
[2019-06-24T08:56:44.850+0000][1][safepoint    ] Application time: 5.0007535 seconds
[2019-06-24T08:56:44.851+0000][1][safepoint    ] Entering safepoint region: Cleanup
[2019-06-24T08:56:44.851+0000][1][safepoint    ] Leaving safepoint region
[2019-06-24T08:56:44.851+0000][1][safepoint    ] Total time for which application threads were stopped: 0.0005093 seconds, Stopping threads took: 0.0002551 seconds
[2019-06-24T08:56:44.852+0000][1][safepoint    ] Application time: 0.0013122 seconds
[2019-06-24T08:56:44.852+0000][1][safepoint    ] Entering safepoint region: RevokeBias
[2019-06-24T08:56:44.853+0000][1][safepoint    ] Leaving safepoint region
[2019-06-24T08:56:44.853+0000][1][safepoint    ] Total time for which application threads were stopped: 0.0001110 seconds, Stopping threads took: 0.0000174 seconds
[2019-06-24T08:56:44.853+0000][1][safepoint    ] Application time: 0.0004814 seconds
[2019-06-24T08:56:44.853+0000][1][safepoint    ] Entering safepoint region: RevokeBias
[2019-06-24T08:56:44.853+0000][1][safepoint    ] Leaving safepoint region
[2019-06-24T08:56:44.853+0000][1][safepoint    ] Total time for which application threads were stopped: 0.0001370 seconds, Stopping threads took: 0.0000243 seconds
[2019-06-24T08:56:44.854+0000][1][safepoint    ] Application time: 0.0003738 seconds
[2019-06-24T08:56:44.854+0000][1][safepoint    ] Entering safepoint region: RevokeBias
[2019-06-24T08:56:44.854+0000][1][safepoint    ] Leaving safepoint region
[2019-06-24T08:56:44.854+0000][1][safepoint    ] Total time for which application threads were stopped: 0.0001007 seconds, Stopping threads took: 0.0000309 seconds
[2019-06-24T08:56:44.854+0000][1][safepoint    ] Application time: 0.0003070 seconds
[2019-06-24T08:56:44.854+0000][1][safepoint    ] Entering safepoint region: RevokeBias
[2019-06-24T08:56:44.854+0000][1][safepoint    ] Leaving safepoint region
[2019-06-24T08:56:44.854+0000][1][safepoint    ] Total time for which application threads were stopped: 0.0000831 seconds, Stopping threads took: 0.0000299 seconds
[2019-06-24T08:56:44.855+0000][1][safepoint    ] Application time: 0.0005228 seconds
[2019-06-24T08:56:44.855+0000][1][safepoint    ] Entering safepoint region: RevokeBias
[2019-06-24T08:56:44.855+0000][1][safepoint    ] Leaving safepoint region
[2019-06-24T08:56:44.855+0000][1][safepoint    ] Total time for which application threads were stopped: 0.0001020 seconds, Stopping threads took: 0.0000324 seconds
[2019-06-24T08:56:44.955+0000][1][safepoint    ] Application time: 0.0998602 seconds
[2019-06-24T08:56:44.955+0000][1][safepoint    ] Entering safepoint region: BulkRevokeBias
[2019-06-24T08:56:44.956+0000][1][safepoint    ] Leaving safepoint region
[2019-06-24T08:56:44.956+0000][1][safepoint    ] Total time for which application threads were stopped: 0.0008752 seconds, Stopping threads took: 0.0000302 seconds
[2019-06-24T08:56:45.956+0000][1][safepoint    ] Application time: 1.0001399 seconds
[2019-06-24T08:56:45.956+0000][1][safepoint    ] Entering safepoint region: Cleanup
[2019-06-24T08:56:45.956+0000][1][safepoint    ] Leaving safepoint region
[2019-06-24T08:56:45.956+0000][1][safepoint    ] Total time for which application threads were stopped: 0.0002335 seconds, Stopping threads took: 0.0000655 seconds
[2019-06-24T08:56:49.788+0000][1][safepoint    ] Application time: 3.8317736 seconds
[2019-06-24T08:56:49.788+0000][1][safepoint    ] Entering safepoint region: Cleanup
[2019-06-24T08:56:49.788+0000][1][safepoint    ] Leaving safepoint region
[2019-06-24T08:56:49.788+0000][1][safepoint    ] Total time for which application threads were stopped: 0.0004274 seconds, Stopping threads took: 0.0001840 seconds
[2019-06-24T08:56:50.790+0000][1][safepoint    ] Application time: 1.0016154 seconds
[2019-06-24T08:56:50.790+0000][1][safepoint    ] Entering safepoint region: Cleanup
[2019-06-24T08:56:50.790+0000][1][safepoint    ] Leaving safepoint region
[2019-06-24T08:56:50.790+0000][1][safepoint    ] Total time for which application threads were stopped: 0.0002494 seconds, Stopping threads took: 0.0000584 seconds
[2019-06-24T08:57:07.858+0000][1][safepoint    ] Application time: 17.0676003 seconds
[2019-06-24T08:57:07.859+0000][1][safepoint    ] Entering safepoint region: RevokeBias
[2019-06-24T08:57:07.859+0000][1][safepoint    ] Leaving safepoint region
[2019-06-24T08:57:07.859+0000][1][safepoint    ] Total time for which application threads were stopped: 0.0001938 seconds, Stopping threads took: 0.0000809 seconds
[2019-06-24T08:57:07.860+0000][1][safepoint    ] Application time: 0.0003911 seconds
[2019-06-24T08:57:07.860+0000][1][safepoint    ] Entering safepoint region: RevokeBias
[2019-06-24T08:57:07.860+0000][1][safepoint    ] Leaving safepoint region
[2019-06-24T08:57:07.860+0000][1][safepoint    ] Total time for which application threads were stopped: 0.0001031 seconds, Stopping threads took: 0.0000188 seconds
[2019-06-24T08:57:07.860+0000][1][safepoint    ] Application time: 0.0004868 seconds
[2019-06-24T08:57:07.860+0000][1][safepoint    ] Entering safepoint region: BulkRevokeBias
[2019-06-24T08:57:07.861+0000][1][safepoint    ] Leaving safepoint region
[2019-06-24T08:57:07.861+0000][1][safepoint    ] Total time for which application threads were stopped: 0.0004070 seconds, Stopping threads took: 0.0000163 seconds
[2019-06-24T08:57:08.861+0000][1][safepoint    ] Application time: 1.0001425 seconds
[2019-06-24T08:57:08.861+0000][1][safepoint    ] Entering safepoint region: Cleanup
[2019-06-24T08:57:08.861+0000][1][safepoint    ] Leaving safepoint region
[2019-06-24T08:57:08.861+0000][1][safepoint    ] Total time for which application threads were stopped: 0.0001166 seconds, Stopping threads took: 0.0000249 seconds
[2019-06-24T08:57:14.862+0000][1][safepoint    ] Application time: 6.0010271 seconds
[2019-06-24T08:57:14.863+0000][1][safepoint    ] Entering safepoint region: Cleanup
[2019-06-24T08:57:14.863+0000][1][safepoint    ] Leaving safepoint region
[2019-06-24T08:57:14.863+0000][1][safepoint    ] Total time for which application threads were stopped: 0.0002365 seconds, Stopping threads took: 0.0000973 seconds
[2019-06-24T08:57:21.864+0000][1][safepoint    ] Application time: 7.0009854 seconds
[2019-06-24T08:57:21.864+0000][1][safepoint    ] Entering safepoint region: Cleanup
[2019-06-24T08:57:21.864+0000][1][safepoint    ] Leaving safepoint region
[2019-06-24T08:57:21.864+0000][1][safepoint    ] Total time for which application threads were stopped: 0.0000750 seconds, Stopping threads took: 0.0000202 seconds
[2019-06-24T08:57:30.866+0000][1][safepoint    ] Application time: 9.0012570 seconds
[2019-06-24T08:57:30.867+0000][1][safepoint    ] Entering safepoint region: Cleanup
[2019-06-24T08:57:30.867+0000][1][safepoint    ] Leaving safepoint region
[2019-06-24T08:57:30.867+0000][1][safepoint    ] Total time for which application threads were stopped: 0.0002568 seconds, Stopping threads took: 0.0001251 seconds
[2019-06-24T08:57:38.871+0000][1][safepoint    ] Application time: 8.0043334 seconds
[2019-06-24T08:57:38.871+0000][1][safepoint    ] Entering safepoint region: RevokeBias
[2019-06-24T08:57:38.871+0000][1][safepoint    ] Leaving safepoint region
[2019-06-24T08:57:38.871+0000][1][safepoint    ] Total time for which application threads were stopped: 0.0003178 seconds, Stopping threads took: 0.0000724 seconds
[2019-06-24T08:57:38.873+0000][1][safepoint    ] Application time: 0.0011353 seconds
[2019-06-24T08:57:38.873+0000][1][safepoint    ] Entering safepoint region: RevokeBias
[2019-06-24T08:57:38.873+0000][1][safepoint    ] Leaving safepoint region
[2019-06-24T08:57:38.873+0000][1][safepoint    ] Total time for which application threads were stopped: 0.0001788 seconds, Stopping threads took: 0.0000390 seconds
[2019-06-24T08:57:38.874+0000][1][safepoint    ] Application time: 0.0012312 seconds
[2019-06-24T08:57:38.874+0000][1][safepoint    ] Entering safepoint region: RevokeBias
[2019-06-24T08:57:38.874+0000][1][safepoint    ] Leaving safepoint region
[2019-06-24T08:57:38.874+0000][1][safepoint    ] Total time for which application threads were stopped: 0.0001887 seconds, Stopping threads took: 0.0000404 seconds
[2019-06-24T08:58:09.882+0000][1][safepoint    ] Application time: 31.0074581 seconds
[2019-06-24T08:58:09.882+0000][1][safepoint    ] Entering safepoint region: RevokeBias
[2019-06-24T08:58:09.882+0000][1][safepoint    ] Leaving safepoint region
[2019-06-24T08:58:09.882+0000][1][safepoint    ] Total time for which application threads were stopped: 0.0001252 seconds, Stopping threads took: 0.0000294 seconds
[2019-06-24T08:58:09.883+0000][1][safepoint    ] Application time: 0.0005459 seconds
[2019-06-24T08:58:09.883+0000][1][safepoint    ] Entering safepoint region: RevokeBias
[2019-06-24T08:58:09.883+0000][1][safepoint    ] Leaving safepoint region
[2019-06-24T08:58:09.883+0000][1][safepoint    ] Total time for which application threads were stopped: 0.0000983 seconds, Stopping threads took: 0.0000212 seconds
[2019-06-24T08:58:09.883+0000][1][safepoint    ] Application time: 0.0006367 seconds
[2019-06-24T08:58:09.883+0000][1][safepoint    ] Entering safepoint region: RevokeBias
[2019-06-24T08:58:09.883+0000][1][safepoint    ] Leaving safepoint region
[2019-06-24T08:58:09.883+0000][1][safepoint    ] Total time for which application threads were stopped: 0.0000772 seconds, Stopping threads took: 0.0000154 seconds
[2019-06-24T08:58:14.870+0000][1][safepoint    ] Application time: 4.9864596 seconds
[2019-06-24T08:58:14.870+0000][1][safepoint    ] Entering safepoint region: GenCollectForAllocation
[2019-06-24T08:58:14.870+0000][1][gc,start     ] GC(26) Pause Young (Allocation Failure)
[2019-06-24T08:58:14.870+0000][1][gc,task      ] GC(26) Using 5 workers of 8 for evacuation
[2019-06-24T08:58:14.872+0000][1][gc,age       ] GC(26) Desired survivor size 4456448 bytes, new threshold 6 (max threshold 6)
[2019-06-24T08:58:14.872+0000][1][gc,age       ] GC(26) Age table with threshold 6 (max threshold 6)
[2019-06-24T08:58:14.872+0000][1][gc,age       ] GC(26) - age   1:     222320 bytes,     222320 total
[2019-06-24T08:58:14.872+0000][1][gc,age       ] GC(26) - age   2:        704 bytes,     223024 total
[2019-06-24T08:58:14.872+0000][1][gc,age       ] GC(26) - age   3:       1512 bytes,     224536 total
[2019-06-24T08:58:14.872+0000][1][gc,age       ] GC(26) - age   4:       1624 bytes,     226160 total
[2019-06-24T08:58:14.872+0000][1][gc,age       ] GC(26) - age   5:    1074272 bytes,    1300432 total
[2019-06-24T08:58:14.872+0000][1][gc,heap      ] GC(26) ParNew: 71696K->1718K(78656K)
[2019-06-24T08:58:14.872+0000][1][gc,heap      ] GC(26) CMS: 67756K->67756K(174784K)
[2019-06-24T08:58:14.872+0000][1][gc,metaspace ] GC(26) Metaspace: 66391K->66391K(1110016K)
[2019-06-24T08:58:14.873+0000][1][gc           ] GC(26) Pause Young (Allocation Failure) 136M->67M(247M) 2.391ms
[2019-06-24T08:58:14.873+0000][1][gc,cpu       ] GC(26) User=0.01s Sys=0.00s Real=0.00s
[2019-06-24T08:58:14.873+0000][1][safepoint    ] Leaving safepoint region
[2019-06-24T08:58:14.873+0000][1][safepoint    ] Total time for which application threads were stopped: 0.0025688 seconds, Stopping threads took: 0.0000404 seconds
[2019-06-24T08:58:39.895+0000][1][safepoint    ] Application time: 25.0220613 seconds
[2019-06-24T08:58:39.895+0000][1][safepoint    ] Entering safepoint region: RevokeBias
[2019-06-24T08:58:39.895+0000][1][safepoint    ] Leaving safepoint region
[2019-06-24T08:58:39.895+0000][1][safepoint    ] Total time for which application threads were stopped: 0.0000971 seconds, Stopping threads took: 0.0000215 seconds
[2019-06-24T08:58:39.895+0000][1][safepoint    ] Application time: 0.0004340 seconds
[2019-06-24T08:58:39.895+0000][1][safepoint    ] Entering safepoint region: RevokeBias
[2019-06-24T08:58:39.895+0000][1][safepoint    ] Leaving safepoint region
[2019-06-24T08:58:39.895+0000][1][safepoint    ] Total time for which application threads were stopped: 0.0000693 seconds, Stopping threads took: 0.0000153 seconds
[2019-06-24T08:58:39.896+0000][1][safepoint    ] Application time: 0.0004562 seconds
[2019-06-24T08:58:39.896+0000][1][safepoint    ] Entering safepoint region: RevokeBias
[2019-06-24T08:58:39.896+0000][1][safepoint    ] Leaving safepoint region
[2019-06-24T08:58:39.896+0000][1][safepoint    ] Total time for which application threads were stopped: 0.0000829 seconds, Stopping threads took: 0.0000218 seconds
[2019-06-24T08:59:56.911+0000][1][safepoint    ] Application time: 77.0150734 seconds
[2019-06-24T08:59:56.912+0000][1][safepoint    ] Entering safepoint region: Cleanup
[2019-06-24T08:59:56.912+0000][1][safepoint    ] Leaving safepoint region
[2019-06-24T08:59:56.912+0000][1][safepoint    ] Total time for which application threads were stopped: 0.0002911 seconds, Stopping threads took: 0.0001295 seconds
[2019-06-24T09:00:30.920+0000][1][safepoint    ] Application time: 34.0072239 seconds
[2019-06-24T09:00:30.920+0000][1][safepoint    ] Entering safepoint region: Cleanup
[2019-06-24T09:00:30.920+0000][1][safepoint    ] Leaving safepoint region
[2019-06-24T09:00:30.920+0000][1][safepoint    ] Total time for which application threads were stopped: 0.0002881 seconds, Stopping threads took: 0.0000962 seconds
[2019-06-24T09:00:37.922+0000][1][safepoint    ] Application time: 7.0014983 seconds
[2019-06-24T09:00:37.923+0000][1][safepoint    ] Entering safepoint region: Cleanup
[2019-06-24T09:00:37.923+0000][1][safepoint    ] Leaving safepoint region
[2019-06-24T09:00:37.923+0000][1][safepoint    ] Total time for which application threads were stopped: 0.0002859 seconds, Stopping threads took: 0.0000823 seconds
[2019-06-24T09:00:38.923+0000][1][safepoint    ] Application time: 1.0002452 seconds
[2019-06-24T09:00:38.923+0000][1][safepoint    ] Entering safepoint region: Cleanup
[2019-06-24T09:00:38.924+0000][1][safepoint    ] Leaving safepoint region
[2019-06-24T09:00:38.924+0000][1][safepoint    ] Total time for which application threads were stopped: 0.0002583 seconds, Stopping threads took: 0.0000579 seconds
[2019-06-24T09:00:39.924+0000][1][safepoint    ] Application time: 1.0002617 seconds
[2019-06-24T09:00:39.924+0000][1][safepoint    ] Entering safepoint region: Cleanup
[2019-06-24T09:00:39.924+0000][1][safepoint    ] Leaving safepoint region
[2019-06-24T09:00:39.924+0000][1][safepoint    ] Total time for which application threads were stopped: 0.0002491 seconds, Stopping threads took: 0.0000568 seconds
[2019-06-24T09:00:41.925+0000][1][safepoint    ] Application time: 2.0004863 seconds
[2019-06-24T09:00:41.925+0000][1][safepoint    ] Entering safepoint region: Cleanup
[2019-06-24T09:00:41.925+0000][1][safepoint    ] Leaving safepoint region
[2019-06-24T09:00:41.925+0000][1][safepoint    ] Total time for which application threads were stopped: 0.0003204 seconds, Stopping threads took: 0.0000635 seconds
[2019-06-24T09:00:42.926+0000][1][safepoint    ] Application time: 1.0002601 seconds
[2019-06-24T09:00:42.926+0000][1][safepoint    ] Entering safepoint region: Cleanup
[2019-06-24T09:00:42.926+0000][1][safepoint    ] Leaving safepoint region
[2019-06-24T09:00:42.926+0000][1][safepoint    ] Total time for which application threads were stopped: 0.0002718 seconds, Stopping threads took: 0.0000557 seconds
[2019-06-24T09:00:51.928+0000][1][safepoint    ] Application time: 9.0019132 seconds
[2019-06-24T09:00:51.929+0000][1][safepoint    ] Entering safepoint region: Cleanup
[2019-06-24T09:00:51.929+0000][1][safepoint    ] Leaving safepoint region
[2019-06-24T09:00:51.929+0000][1][safepoint    ] Total time for which application threads were stopped: 0.0003360 seconds, Stopping threads took: 0.0001446 seconds
[2019-06-24T09:00:52.930+0000][1][safepoint    ] Application time: 1.0002592 seconds
[2019-06-24T09:00:52.930+0000][1][safepoint    ] Entering safepoint region: Cleanup
[2019-06-24T09:00:52.930+0000][1][safepoint    ] Leaving safepoint region
[2019-06-24T09:00:52.930+0000][1][safepoint    ] Total time for which application threads were stopped: 0.0002379 seconds, Stopping threads took: 0.0000669 seconds
[2019-06-24T09:01:00.036+0000][1][safepoint    ] Application time: 7.1060629 seconds
[2019-06-24T09:01:00.036+0000][1][safepoint    ] Entering safepoint region: GenCollectForAllocation
[2019-06-24T09:01:00.036+0000][1][gc,start     ] GC(27) Pause Young (Allocation Failure)
[2019-06-24T09:01:00.037+0000][1][gc,task      ] GC(27) Using 5 workers of 8 for evacuation
[2019-06-24T09:01:00.041+0000][1][gc,age       ] GC(27) Desired survivor size 4456448 bytes, new threshold 6 (max threshold 6)
[2019-06-24T09:01:00.041+0000][1][gc,age       ] GC(27) Age table with threshold 6 (max threshold 6)
[2019-06-24T09:01:00.041+0000][1][gc,age       ] GC(27) - age   1:      24208 bytes,      24208 total
[2019-06-24T09:01:00.041+0000][1][gc,age       ] GC(27) - age   2:     193288 bytes,     217496 total
[2019-06-24T09:01:00.041+0000][1][gc,age       ] GC(27) - age   3:        704 bytes,     218200 total
[2019-06-24T09:01:00.041+0000][1][gc,age       ] GC(27) - age   4:       1512 bytes,     219712 total
[2019-06-24T09:01:00.041+0000][1][gc,age       ] GC(27) - age   5:       1624 bytes,     221336 total
[2019-06-24T09:01:00.041+0000][1][gc,age       ] GC(27) - age   6:    1073896 bytes,    1295232 total
[2019-06-24T09:01:00.041+0000][1][gc,heap      ] GC(27) ParNew: 71670K->1953K(78656K)
[2019-06-24T09:01:00.041+0000][1][gc,heap      ] GC(27) CMS: 67756K->67756K(174784K)
[2019-06-24T09:01:00.041+0000][1][gc,metaspace ] GC(27) Metaspace: 66395K->66395K(1110016K)
[2019-06-24T09:01:00.042+0000][1][gc           ] GC(27) Pause Young (Allocation Failure) 136M->68M(247M) 5.043ms
[2019-06-24T09:01:00.042+0000][1][gc,cpu       ] GC(27) User=0.02s Sys=0.00s Real=0.00s
[2019-06-24T09:01:00.042+0000][1][safepoint    ] Leaving safepoint region
[2019-06-24T09:01:00.042+0000][1][safepoint    ] Total time for which application threads were stopped: 0.0055028 seconds, Stopping threads took: 0.0000663 seconds
[2019-06-24T09:02:11.057+0000][1][safepoint    ] Application time: 71.0148849 seconds
[2019-06-24T09:02:11.058+0000][1][safepoint    ] Entering safepoint region: Cleanup
[2019-06-24T09:02:11.058+0000][1][safepoint    ] Leaving safepoint region
[2019-06-24T09:02:11.058+0000][1][safepoint    ] Total time for which application threads were stopped: 0.0002566 seconds, Stopping threads took: 0.0001085 seconds
[2019-06-24T09:02:17.059+0000][1][safepoint    ] Application time: 6.0012704 seconds
[2019-06-24T09:02:17.059+0000][1][safepoint    ] Entering safepoint region: Cleanup
[2019-06-24T09:02:17.059+0000][1][safepoint    ] Leaving safepoint region
[2019-06-24T09:02:17.059+0000][1][safepoint    ] Total time for which application threads were stopped: 0.0002076 seconds, Stopping threads took: 0.0000568 seconds
[2019-06-24T09:02:41.065+0000][1][safepoint    ] Application time: 24.0051463 seconds
[2019-06-24T09:02:41.065+0000][1][safepoint    ] Entering safepoint region: Cleanup
[2019-06-24T09:02:41.065+0000][1][safepoint    ] Leaving safepoint region
[2019-06-24T09:02:41.065+0000][1][safepoint    ] Total time for which application threads were stopped: 0.0002440 seconds, Stopping threads took: 0.0000858 seconds
[2019-06-24T09:02:42.065+0000][1][safepoint    ] Application time: 1.0002566 seconds
[2019-06-24T09:02:42.065+0000][1][safepoint    ] Entering safepoint region: Cleanup
[2019-06-24T09:02:42.066+0000][1][safepoint    ] Leaving safepoint region
[2019-06-24T09:02:42.066+0000][1][safepoint    ] Total time for which application threads were stopped: 0.0001997 seconds, Stopping threads took: 0.0000575 seconds
[2019-06-24T09:02:43.066+0000][1][safepoint    ] Application time: 1.0002476 seconds
[2019-06-24T09:02:43.066+0000][1][safepoint    ] Entering safepoint region: Cleanup
[2019-06-24T09:02:43.066+0000][1][safepoint    ] Leaving safepoint region
[2019-06-24T09:02:43.066+0000][1][safepoint    ] Total time for which application threads were stopped: 0.0001964 seconds, Stopping threads took: 0.0000573 seconds
[2019-06-24T09:02:44.066+0000][1][safepoint    ] Application time: 1.0002456 seconds
[2019-06-24T09:02:44.067+0000][1][safepoint    ] Entering safepoint region: Cleanup
[2019-06-24T09:02:44.067+0000][1][safepoint    ] Leaving safepoint region
[2019-06-24T09:02:44.067+0000][1][safepoint    ] Total time for which application threads were stopped: 0.0002000 seconds, Stopping threads took: 0.0000605 seconds
[2019-06-24T09:02:45.067+0000][1][safepoint    ] Application time: 1.0002048 seconds
[2019-06-24T09:02:45.067+0000][1][safepoint    ] Entering safepoint region: Cleanup
[2019-06-24T09:02:45.067+0000][1][safepoint    ] Leaving safepoint region
[2019-06-24T09:02:45.067+0000][1][safepoint    ] Total time for which application threads were stopped: 0.0002175 seconds, Stopping threads took: 0.0000794 seconds
[2019-06-24T09:02:46.068+0000][1][safepoint    ] Application time: 1.0001758 seconds
[2019-06-24T09:02:46.068+0000][1][safepoint    ] Entering safepoint region: Cleanup
[2019-06-24T09:02:46.068+0000][1][safepoint    ] Leaving safepoint region
[2019-06-24T09:02:46.068+0000][1][safepoint    ] Total time for which application threads were stopped: 0.0001953 seconds, Stopping threads took: 0.0000563 seconds
[2019-06-24T09:02:47.068+0000][1][safepoint    ] Application time: 1.0002497 seconds
[2019-06-24T09:02:47.068+0000][1][safepoint    ] Entering safepoint region: Cleanup
[2019-06-24T09:02:47.068+0000][1][safepoint    ] Leaving safepoint region
[2019-06-24T09:02:47.068+0000][1][safepoint    ] Total time for which application threads were stopped: 0.0002174 seconds, Stopping threads took: 0.0000705 seconds
[2019-06-24T09:02:48.069+0000][1][safepoint    ] Application time: 1.0002459 seconds
[2019-06-24T09:02:48.069+0000][1][safepoint    ] Entering safepoint region: Cleanup
[2019-06-24T09:02:48.069+0000][1][safepoint    ] Leaving safepoint region
[2019-06-24T09:02:48.069+0000][1][safepoint    ] Total time for which application threads were stopped: 0.0002309 seconds, Stopping threads took: 0.0000592 seconds
[2019-06-24T09:02:49.069+0000][1][safepoint    ] Application time: 1.0002474 seconds
[2019-06-24T09:02:49.069+0000][1][safepoint    ] Entering safepoint region: Cleanup
[2019-06-24T09:02:49.070+0000][1][safepoint    ] Leaving safepoint region
[2019-06-24T09:02:49.070+0000][1][safepoint    ] Total time for which application threads were stopped: 0.0001938 seconds, Stopping threads took: 0.0000557 seconds
[2019-06-24T09:02:50.070+0000][1][safepoint    ] Application time: 1.0002309 seconds
[2019-06-24T09:02:50.070+0000][1][safepoint    ] Entering safepoint region: Cleanup
[2019-06-24T09:02:50.070+0000][1][safepoint    ] Leaving safepoint region
[2019-06-24T09:02:50.070+0000][1][safepoint    ] Total time for which application threads were stopped: 0.0002150 seconds, Stopping threads took: 0.0000811 seconds
[2019-06-24T09:02:51.071+0000][1][safepoint    ] Application time: 1.0002445 seconds
[2019-06-24T09:02:51.071+0000][1][safepoint    ] Entering safepoint region: Cleanup
[2019-06-24T09:02:51.071+0000][1][safepoint    ] Leaving safepoint region
[2019-06-24T09:02:51.071+0000][1][safepoint    ] Total time for which application threads were stopped: 0.0001963 seconds, Stopping threads took: 0.0000589 seconds
[2019-06-24T09:02:52.071+0000][1][safepoint    ] Application time: 1.0002544 seconds
[2019-06-24T09:02:52.071+0000][1][safepoint    ] Entering safepoint region: Cleanup
[2019-06-24T09:02:52.071+0000][1][safepoint    ] Leaving safepoint region
[2019-06-24T09:02:52.071+0000][1][safepoint    ] Total time for which application threads were stopped: 0.0002126 seconds, Stopping threads took: 0.0000681 seconds
[2019-06-24T09:02:53.072+0000][1][safepoint    ] Application time: 1.0002450 seconds
[2019-06-24T09:02:53.072+0000][1][safepoint    ] Entering safepoint region: Cleanup
[2019-06-24T09:02:53.072+0000][1][safepoint    ] Leaving safepoint region
[2019-06-24T09:02:53.072+0000][1][safepoint    ] Total time for which application threads were stopped: 0.0001914 seconds, Stopping threads took: 0.0000563 seconds
[2019-06-24T09:02:54.072+0000][1][safepoint    ] Application time: 1.0002493 seconds
[2019-06-24T09:02:54.072+0000][1][safepoint    ] Entering safepoint region: Cleanup
[2019-06-24T09:02:54.073+0000][1][safepoint    ] Leaving safepoint region
[2019-06-24T09:02:54.073+0000][1][safepoint    ] Total time for which application threads were stopped: 0.0001983 seconds, Stopping threads took: 0.0000576 seconds
[2019-06-24T09:02:55.073+0000][1][safepoint    ] Application time: 1.0002481 seconds
[2019-06-24T09:02:55.073+0000][1][safepoint    ] Entering safepoint region: Cleanup
[2019-06-24T09:02:55.073+0000][1][safepoint    ] Leaving safepoint region
[2019-06-24T09:02:55.073+0000][1][safepoint    ] Total time for which application threads were stopped: 0.0002167 seconds, Stopping threads took: 0.0000568 seconds
[2019-06-24T09:02:56.073+0000][1][safepoint    ] Application time: 1.0002500 seconds
[2019-06-24T09:02:56.074+0000][1][safepoint    ] Entering safepoint region: Cleanup
[2019-06-24T09:02:56.074+0000][1][safepoint    ] Leaving safepoint region
[2019-06-24T09:02:56.074+0000][1][safepoint    ] Total time for which application threads were stopped: 0.0001978 seconds, Stopping threads took: 0.0000563 seconds
[2019-06-24T09:02:57.074+0000][1][safepoint    ] Application time: 1.0002459 seconds
[2019-06-24T09:02:57.074+0000][1][safepoint    ] Entering safepoint region: Cleanup
[2019-06-24T09:02:57.074+0000][1][safepoint    ] Leaving safepoint region
[2019-06-24T09:02:57.074+0000][1][safepoint    ] Total time for which application threads were stopped: 0.0002219 seconds, Stopping threads took: 0.0000691 seconds
[2019-06-24T09:02:58.075+0000][1][safepoint    ] Application time: 1.0002584 seconds
[2019-06-24T09:02:58.075+0000][1][safepoint    ] Entering safepoint region: Cleanup
[2019-06-24T09:02:58.075+0000][1][safepoint    ] Leaving safepoint region
[2019-06-24T09:02:58.075+0000][1][safepoint    ] Total time for which application threads were stopped: 0.0002054 seconds, Stopping threads took: 0.0000583 seconds
[2019-06-24T09:02:59.075+0000][1][safepoint    ] Application time: 1.0002554 seconds
[2019-06-24T09:02:59.075+0000][1][safepoint    ] Entering safepoint region: Cleanup
[2019-06-24T09:02:59.076+0000][1][safepoint    ] Leaving safepoint region
[2019-06-24T09:02:59.076+0000][1][safepoint    ] Total time for which application threads were stopped: 0.0002029 seconds, Stopping threads took: 0.0000558 seconds
[2019-06-24T09:03:00.076+0000][1][safepoint    ] Application time: 1.0002475 seconds
[2019-06-24T09:03:00.076+0000][1][safepoint    ] Entering safepoint region: Cleanup
[2019-06-24T09:03:00.076+0000][1][safepoint    ] Leaving safepoint region
[2019-06-24T09:03:00.076+0000][1][safepoint    ] Total time for which application threads were stopped: 0.0002222 seconds, Stopping threads took: 0.0000803 seconds
[2019-06-24T09:03:01.076+0000][1][safepoint    ] Application time: 1.0002658 seconds
[2019-06-24T09:03:01.077+0000][1][safepoint    ] Entering safepoint region: Cleanup
[2019-06-24T09:03:01.077+0000][1][safepoint    ] Leaving safepoint region
[2019-06-24T09:03:01.077+0000][1][safepoint    ] Total time for which application threads were stopped: 0.0002340 seconds, Stopping threads took: 0.0000655 seconds
[2019-06-24T09:03:02.077+0000][1][safepoint    ] Application time: 1.0001847 seconds
[2019-06-24T09:03:02.077+0000][1][safepoint    ] Entering safepoint region: Cleanup
[2019-06-24T09:03:02.077+0000][1][safepoint    ] Leaving safepoint region
[2019-06-24T09:03:02.077+0000][1][safepoint    ] Total time for which application threads were stopped: 0.0002214 seconds, Stopping threads took: 0.0000670 seconds
[2019-06-24T09:03:03.078+0000][1][safepoint    ] Application time: 1.0002579 seconds
[2019-06-24T09:03:03.078+0000][1][safepoint    ] Entering safepoint region: Cleanup
[2019-06-24T09:03:03.078+0000][1][safepoint    ] Leaving safepoint region
[2019-06-24T09:03:03.078+0000][1][safepoint    ] Total time for which application threads were stopped: 0.0002323 seconds, Stopping threads took: 0.0000646 seconds
[2019-06-24T09:03:04.078+0000][1][safepoint    ] Application time: 1.0002699 seconds
[2019-06-24T09:03:04.078+0000][1][safepoint    ] Entering safepoint region: Cleanup
[2019-06-24T09:03:04.079+0000][1][safepoint    ] Leaving safepoint region
[2019-06-24T09:03:04.079+0000][1][safepoint    ] Total time for which application threads were stopped: 0.0003428 seconds, Stopping threads took: 0.0000637 seconds
[2019-06-24T09:03:05.079+0000][1][safepoint    ] Application time: 1.0001366 seconds
[2019-06-24T09:03:05.079+0000][1][safepoint    ] Entering safepoint region: Cleanup
[2019-06-24T09:03:05.079+0000][1][safepoint    ] Leaving safepoint region
[2019-06-24T09:03:05.079+0000][1][safepoint    ] Total time for which application threads were stopped: 0.0002256 seconds, Stopping threads took: 0.0000806 seconds
[2019-06-24T09:03:06.079+0000][1][safepoint    ] Application time: 1.0002281 seconds
[2019-06-24T09:03:06.080+0000][1][safepoint    ] Entering safepoint region: Cleanup
[2019-06-24T09:03:06.080+0000][1][safepoint    ] Leaving safepoint region
[2019-06-24T09:03:06.080+0000][1][safepoint    ] Total time for which application threads were stopped: 0.0002017 seconds, Stopping threads took: 0.0000574 seconds
[2019-06-24T09:03:07.080+0000][1][safepoint    ] Application time: 1.0002663 seconds
[2019-06-24T09:03:07.080+0000][1][safepoint    ] Entering safepoint region: Cleanup
[2019-06-24T09:03:07.081+0000][1][safepoint    ] Leaving safepoint region
[2019-06-24T09:03:07.081+0000][1][safepoint    ] Total time for which application threads were stopped: 0.0011977 seconds, Stopping threads took: 0.0009573 seconds
[2019-06-24T09:03:08.082+0000][1][safepoint    ] Application time: 1.0002647 seconds
[2019-06-24T09:03:08.082+0000][1][safepoint    ] Entering safepoint region: Cleanup
[2019-06-24T09:03:08.082+0000][1][safepoint    ] Leaving safepoint region
[2019-06-24T09:03:08.082+0000][1][safepoint    ] Total time for which application threads were stopped: 0.0002500 seconds, Stopping threads took: 0.0000659 seconds
[2019-06-24T09:03:09.082+0000][1][safepoint    ] Application time: 1.0001450 seconds
[2019-06-24T09:03:09.082+0000][1][safepoint    ] Entering safepoint region: Cleanup
[2019-06-24T09:03:09.083+0000][1][safepoint    ] Leaving safepoint region
[2019-06-24T09:03:09.083+0000][1][safepoint    ] Total time for which application threads were stopped: 0.0003662 seconds, Stopping threads took: 0.0000632 seconds
[2019-06-24T09:03:10.083+0000][1][safepoint    ] Application time: 1.0002706 seconds
[2019-06-24T09:03:10.083+0000][1][safepoint    ] Entering safepoint region: Cleanup
[2019-06-24T09:03:10.083+0000][1][safepoint    ] Leaving safepoint region
[2019-06-24T09:03:10.083+0000][1][safepoint    ] Total time for which application threads were stopped: 0.0002352 seconds, Stopping threads took: 0.0000630 seconds
[2019-06-24T09:03:11.084+0000][1][safepoint    ] Application time: 1.0002708 seconds
[2019-06-24T09:03:11.084+0000][1][safepoint    ] Entering safepoint region: Cleanup
[2019-06-24T09:03:11.084+0000][1][safepoint    ] Leaving safepoint region
[2019-06-24T09:03:11.084+0000][1][safepoint    ] Total time for which application threads were stopped: 0.0003319 seconds, Stopping threads took: 0.0000636 seconds
[2019-06-24T09:03:12.084+0000][1][safepoint    ] Application time: 1.0002652 seconds
[2019-06-24T09:03:12.085+0000][1][safepoint    ] Entering safepoint region: Cleanup
[2019-06-24T09:03:12.085+0000][1][safepoint    ] Leaving safepoint region
[2019-06-24T09:03:12.085+0000][1][safepoint    ] Total time for which application threads were stopped: 0.0002595 seconds, Stopping threads took: 0.0000763 seconds
[2019-06-24T09:03:13.085+0000][1][safepoint    ] Application time: 1.0002484 seconds
[2019-06-24T09:03:13.085+0000][1][safepoint    ] Entering safepoint region: Cleanup
[2019-06-24T09:03:13.085+0000][1][safepoint    ] Leaving safepoint region
[2019-06-24T09:03:13.085+0000][1][safepoint    ] Total time for which application threads were stopped: 0.0002073 seconds, Stopping threads took: 0.0000569 seconds
[2019-06-24T09:03:14.086+0000][1][safepoint    ] Application time: 1.0002556 seconds
[2019-06-24T09:03:14.086+0000][1][safepoint    ] Entering safepoint region: Cleanup
[2019-06-24T09:03:14.086+0000][1][safepoint    ] Leaving safepoint region
[2019-06-24T09:03:14.086+0000][1][safepoint    ] Total time for which application threads were stopped: 0.0002262 seconds, Stopping threads took: 0.0000616 seconds
[2019-06-24T09:03:15.086+0000][1][safepoint    ] Application time: 1.0002620 seconds
[2019-06-24T09:03:15.086+0000][1][safepoint    ] Entering safepoint region: Cleanup
[2019-06-24T09:03:15.087+0000][1][safepoint    ] Leaving safepoint region
[2019-06-24T09:03:15.087+0000][1][safepoint    ] Total time for which application threads were stopped: 0.0003859 seconds, Stopping threads took: 0.0000640 seconds
[2019-06-24T09:03:16.087+0000][1][safepoint    ] Application time: 1.0001471 seconds
[2019-06-24T09:03:16.087+0000][1][safepoint    ] Entering safepoint region: Cleanup
[2019-06-24T09:03:16.087+0000][1][safepoint    ] Leaving safepoint region
[2019-06-24T09:03:16.087+0000][1][safepoint    ] Total time for which application threads were stopped: 0.0002342 seconds, Stopping threads took: 0.0000645 seconds
[2019-06-24T09:03:17.088+0000][1][safepoint    ] Application time: 1.0001946 seconds
[2019-06-24T09:03:17.088+0000][1][safepoint    ] Entering safepoint region: Cleanup
[2019-06-24T09:03:17.088+0000][1][safepoint    ] Leaving safepoint region
[2019-06-24T09:03:17.088+0000][1][safepoint    ] Total time for which application threads were stopped: 0.0002848 seconds, Stopping threads took: 0.0000546 seconds
[2019-06-24T09:03:18.088+0000][1][safepoint    ] Application time: 1.0002519 seconds
[2019-06-24T09:03:18.088+0000][1][safepoint    ] Entering safepoint region: Cleanup
[2019-06-24T09:03:18.088+0000][1][safepoint    ] Leaving safepoint region
[2019-06-24T09:03:18.088+0000][1][safepoint    ] Total time for which application threads were stopped: 0.0002054 seconds, Stopping threads took: 0.0000558 seconds
[2019-06-24T09:03:19.089+0000][1][safepoint    ] Application time: 1.0002543 seconds
[2019-06-24T09:03:19.089+0000][1][safepoint    ] Entering safepoint region: Cleanup
[2019-06-24T09:03:19.089+0000][1][safepoint    ] Leaving safepoint region
[2019-06-24T09:03:19.089+0000][1][safepoint    ] Total time for which application threads were stopped: 0.0002334 seconds, Stopping threads took: 0.0000635 seconds
[2019-06-24T09:03:20.089+0000][1][safepoint    ] Application time: 1.0002565 seconds
[2019-06-24T09:03:20.090+0000][1][safepoint    ] Entering safepoint region: Cleanup
[2019-06-24T09:03:20.090+0000][1][safepoint    ] Leaving safepoint region
[2019-06-24T09:03:20.090+0000][1][safepoint    ] Total time for which application threads were stopped: 0.0002343 seconds, Stopping threads took: 0.0000623 seconds
[2019-06-24T09:03:21.090+0000][1][safepoint    ] Application time: 1.0002686 seconds
[2019-06-24T09:03:21.090+0000][1][safepoint    ] Entering safepoint region: Cleanup
[2019-06-24T09:03:21.090+0000][1][safepoint    ] Leaving safepoint region
[2019-06-24T09:03:21.090+0000][1][safepoint    ] Total time for which application threads were stopped: 0.0002317 seconds, Stopping threads took: 0.0000627 seconds
[2019-06-24T09:03:22.091+0000][1][safepoint    ] Application time: 1.0003181 seconds
[2019-06-24T09:03:22.091+0000][1][safepoint    ] Entering safepoint region: Cleanup
[2019-06-24T09:03:22.091+0000][1][safepoint    ] Leaving safepoint region
[2019-06-24T09:03:22.091+0000][1][safepoint    ] Total time for which application threads were stopped: 0.0002251 seconds, Stopping threads took: 0.0000672 seconds
[2019-06-24T09:03:23.191+0000][1][safepoint    ] Application time: 1.1000815 seconds
[2019-06-24T09:03:23.191+0000][1][safepoint    ] Entering safepoint region: Cleanup
[2019-06-24T09:03:23.192+0000][1][safepoint    ] Leaving safepoint region
[2019-06-24T09:03:23.192+0000][1][safepoint    ] Total time for which application threads were stopped: 0.0002656 seconds, Stopping threads took: 0.0000634 seconds
[2019-06-24T09:03:24.192+0000][1][safepoint    ] Application time: 1.0001720 seconds
[2019-06-24T09:03:24.192+0000][1][safepoint    ] Entering safepoint region: Cleanup
[2019-06-24T09:03:24.192+0000][1][safepoint    ] Leaving safepoint region
[2019-06-24T09:03:24.192+0000][1][safepoint    ] Total time for which application threads were stopped: 0.0002276 seconds, Stopping threads took: 0.0000666 seconds
[2019-06-24T09:03:25.192+0000][1][safepoint    ] Application time: 1.0001791 seconds
[2019-06-24T09:03:25.192+0000][1][safepoint    ] Entering safepoint region: Cleanup
[2019-06-24T09:03:25.193+0000][1][safepoint    ] Leaving safepoint region
[2019-06-24T09:03:25.193+0000][1][safepoint    ] Total time for which application threads were stopped: 0.0002961 seconds, Stopping threads took: 0.0001278 seconds
[2019-06-24T09:03:26.193+0000][1][safepoint    ] Application time: 1.0001548 seconds
[2019-06-24T09:03:26.193+0000][1][safepoint    ] Entering safepoint region: Cleanup
[2019-06-24T09:03:26.193+0000][1][safepoint    ] Leaving safepoint region
[2019-06-24T09:03:26.193+0000][1][safepoint    ] Total time for which application threads were stopped: 0.0002310 seconds, Stopping threads took: 0.0000698 seconds
[2019-06-24T09:03:27.193+0000][1][safepoint    ] Application time: 1.0002427 seconds
[2019-06-24T09:03:27.194+0000][1][safepoint    ] Entering safepoint region: Cleanup
[2019-06-24T09:03:27.195+0000][1][safepoint    ] Leaving safepoint region
[2019-06-24T09:03:27.195+0000][1][safepoint    ] Total time for which application threads were stopped: 0.0011381 seconds, Stopping threads took: 0.0008513 seconds
[2019-06-24T09:03:28.195+0000][1][safepoint    ] Application time: 1.0001883 seconds
[2019-06-24T09:03:28.195+0000][1][safepoint    ] Entering safepoint region: Cleanup
[2019-06-24T09:03:28.195+0000][1][safepoint    ] Leaving safepoint region
[2019-06-24T09:03:28.195+0000][1][safepoint    ] Total time for which application threads were stopped: 0.0002493 seconds, Stopping threads took: 0.0000653 seconds
[2019-06-24T09:03:29.196+0000][1][safepoint    ] Application time: 1.0002573 seconds
[2019-06-24T09:03:29.196+0000][1][safepoint    ] Entering safepoint region: Cleanup
[2019-06-24T09:03:29.196+0000][1][safepoint    ] Leaving safepoint region
[2019-06-24T09:03:29.196+0000][1][safepoint    ] Total time for which application threads were stopped: 0.0002092 seconds, Stopping threads took: 0.0000564 seconds
[2019-06-24T09:03:30.196+0000][1][safepoint    ] Application time: 1.0001954 seconds
[2019-06-24T09:03:30.196+0000][1][safepoint    ] Entering safepoint region: Cleanup
[2019-06-24T09:03:30.197+0000][1][safepoint    ] Leaving safepoint region
[2019-06-24T09:03:30.197+0000][1][safepoint    ] Total time for which application threads were stopped: 0.0003036 seconds, Stopping threads took: 0.0001449 seconds
[2019-06-24T09:03:31.197+0000][1][safepoint    ] Application time: 1.0002636 seconds
[2019-06-24T09:03:31.197+0000][1][safepoint    ] Entering safepoint region: Cleanup
[2019-06-24T09:03:31.197+0000][1][safepoint    ] Leaving safepoint region
[2019-06-24T09:03:31.197+0000][1][safepoint    ] Total time for which application threads were stopped: 0.0002347 seconds, Stopping threads took: 0.0000660 seconds
[2019-06-24T09:03:32.197+0000][1][safepoint    ] Application time: 1.0001927 seconds
[2019-06-24T09:03:32.198+0000][1][safepoint    ] Entering safepoint region: Cleanup
[2019-06-24T09:03:32.198+0000][1][safepoint    ] Leaving safepoint region
[2019-06-24T09:03:32.198+0000][1][safepoint    ] Total time for which application threads were stopped: 0.0002252 seconds, Stopping threads took: 0.0000578 seconds
[2019-06-24T09:03:33.198+0000][1][safepoint    ] Application time: 1.0001893 seconds
[2019-06-24T09:03:33.198+0000][1][safepoint    ] Entering safepoint region: Cleanup
[2019-06-24T09:03:33.198+0000][1][safepoint    ] Leaving safepoint region
[2019-06-24T09:03:33.198+0000][1][safepoint    ] Total time for which application threads were stopped: 0.0002066 seconds, Stopping threads took: 0.0000566 seconds
[2019-06-24T09:03:34.198+0000][1][safepoint    ] Application time: 1.0001368 seconds
[2019-06-24T09:03:34.198+0000][1][safepoint    ] Entering safepoint region: Cleanup
[2019-06-24T09:03:34.199+0000][1][safepoint    ] Leaving safepoint region
[2019-06-24T09:03:34.199+0000][1][safepoint    ] Total time for which application threads were stopped: 0.0000921 seconds, Stopping threads took: 0.0000275 seconds
[2019-06-24T09:03:35.199+0000][1][safepoint    ] Application time: 1.0001202 seconds
[2019-06-24T09:03:35.199+0000][1][safepoint    ] Entering safepoint region: Cleanup
[2019-06-24T09:03:35.199+0000][1][safepoint    ] Leaving safepoint region
[2019-06-24T09:03:35.199+0000][1][safepoint    ] Total time for which application threads were stopped: 0.0002391 seconds, Stopping threads took: 0.0000729 seconds
[2019-06-24T09:03:36.199+0000][1][safepoint    ] Application time: 1.0002137 seconds
[2019-06-24T09:03:36.199+0000][1][safepoint    ] Entering safepoint region: Cleanup
[2019-06-24T09:03:36.200+0000][1][safepoint    ] Leaving safepoint region
[2019-06-24T09:03:36.200+0000][1][safepoint    ] Total time for which application threads were stopped: 0.0003212 seconds, Stopping threads took: 0.0000929 seconds
[2019-06-24T09:03:37.200+0000][1][safepoint    ] Application time: 1.0002585 seconds
[2019-06-24T09:03:37.200+0000][1][safepoint    ] Entering safepoint region: Cleanup
[2019-06-24T09:03:37.200+0000][1][safepoint    ] Leaving safepoint region
[2019-06-24T09:03:37.200+0000][1][safepoint    ] Total time for which application threads were stopped: 0.0002346 seconds, Stopping threads took: 0.0000630 seconds
[2019-06-24T09:03:38.201+0000][1][safepoint    ] Application time: 1.0001594 seconds
[2019-06-24T09:03:38.201+0000][1][safepoint    ] Entering safepoint region: Cleanup
[2019-06-24T09:03:38.201+0000][1][safepoint    ] Leaving safepoint region
[2019-06-24T09:03:38.201+0000][1][safepoint    ] Total time for which application threads were stopped: 0.0002255 seconds, Stopping threads took: 0.0000662 seconds
[2019-06-24T09:03:39.201+0000][1][safepoint    ] Application time: 1.0002404 seconds
[2019-06-24T09:03:39.201+0000][1][safepoint    ] Entering safepoint region: Cleanup
[2019-06-24T09:03:39.202+0000][1][safepoint    ] Leaving safepoint region
[2019-06-24T09:03:39.202+0000][1][safepoint    ] Total time for which application threads were stopped: 0.0002652 seconds, Stopping threads took: 0.0000652 seconds
[2019-06-24T09:03:40.202+0000][1][safepoint    ] Application time: 1.0002760 seconds
[2019-06-24T09:03:40.202+0000][1][safepoint    ] Entering safepoint region: Cleanup
[2019-06-24T09:03:40.203+0000][1][safepoint    ] Leaving safepoint region
[2019-06-24T09:03:40.203+0000][1][safepoint    ] Total time for which application threads were stopped: 0.0011743 seconds, Stopping threads took: 0.0009426 seconds
[2019-06-24T09:03:41.203+0000][1][safepoint    ] Application time: 1.0002658 seconds
[2019-06-24T09:03:41.204+0000][1][safepoint    ] Entering safepoint region: Cleanup
[2019-06-24T09:03:41.204+0000][1][safepoint    ] Leaving safepoint region
[2019-06-24T09:03:41.204+0000][1][safepoint    ] Total time for which application threads were stopped: 0.0002348 seconds, Stopping threads took: 0.0000636 seconds
[2019-06-24T09:03:42.204+0000][1][safepoint    ] Application time: 1.0001678 seconds
[2019-06-24T09:03:42.204+0000][1][safepoint    ] Entering safepoint region: Cleanup
[2019-06-24T09:03:42.204+0000][1][safepoint    ] Leaving safepoint region
[2019-06-24T09:03:42.204+0000][1][safepoint    ] Total time for which application threads were stopped: 0.0002016 seconds, Stopping threads took: 0.0000555 seconds
[2019-06-24T09:03:43.205+0000][1][safepoint    ] Application time: 1.0002658 seconds
[2019-06-24T09:03:43.205+0000][1][safepoint    ] Entering safepoint region: Cleanup
[2019-06-24T09:03:43.205+0000][1][safepoint    ] Leaving safepoint region
[2019-06-24T09:03:43.205+0000][1][safepoint    ] Total time for which application threads were stopped: 0.0002313 seconds, Stopping threads took: 0.0000629 seconds
[2019-06-24T09:03:44.205+0000][1][safepoint    ] Application time: 1.0002460 seconds
[2019-06-24T09:03:44.205+0000][1][safepoint    ] Entering safepoint region: Cleanup
[2019-06-24T09:03:44.205+0000][1][safepoint    ] Leaving safepoint region
[2019-06-24T09:03:44.206+0000][1][safepoint    ] Total time for which application threads were stopped: 0.0002077 seconds, Stopping threads took: 0.0000565 seconds
[2019-06-24T09:03:45.206+0000][1][safepoint    ] Application time: 1.0002471 seconds
[2019-06-24T09:03:45.206+0000][1][safepoint    ] Entering safepoint region: Cleanup
[2019-06-24T09:03:45.206+0000][1][safepoint    ] Leaving safepoint region
[2019-06-24T09:03:45.206+0000][1][safepoint    ] Total time for which application threads were stopped: 0.0002251 seconds, Stopping threads took: 0.0000644 seconds
[2019-06-24T09:03:46.206+0000][1][safepoint    ] Application time: 1.0002438 seconds
[2019-06-24T09:03:46.207+0000][1][safepoint    ] Entering safepoint region: Cleanup
[2019-06-24T09:03:46.207+0000][1][safepoint    ] Leaving safepoint region
[2019-06-24T09:03:46.207+0000][1][safepoint    ] Total time for which application threads were stopped: 0.0002193 seconds, Stopping threads took: 0.0000651 seconds
[2019-06-24T09:03:46.215+0000][1][safepoint    ] Application time: 0.0081742 seconds
[2019-06-24T09:03:46.215+0000][1][safepoint    ] Entering safepoint region: GenCollectForAllocation
[2019-06-24T09:03:46.215+0000][1][gc,start     ] GC(28) Pause Young (Allocation Failure)
[2019-06-24T09:03:46.215+0000][1][gc,task      ] GC(28) Using 5 workers of 8 for evacuation
[2019-06-24T09:03:46.221+0000][1][gc,age       ] GC(28) Desired survivor size 4456448 bytes, new threshold 6 (max threshold 6)
[2019-06-24T09:03:46.221+0000][1][gc,age       ] GC(28) Age table with threshold 6 (max threshold 6)
[2019-06-24T09:03:46.221+0000][1][gc,age       ] GC(28) - age   1:       4032 bytes,       4032 total
[2019-06-24T09:03:46.221+0000][1][gc,age       ] GC(28) - age   2:      20232 bytes,      24264 total
[2019-06-24T09:03:46.222+0000][1][gc,age       ] GC(28) - age   3:     193288 bytes,     217552 total
[2019-06-24T09:03:46.222+0000][1][gc,age       ] GC(28) - age   4:        704 bytes,     218256 total
[2019-06-24T09:03:46.222+0000][1][gc,age       ] GC(28) - age   5:       1512 bytes,     219768 total
[2019-06-24T09:03:46.222+0000][1][gc,age       ] GC(28) - age   6:       1624 bytes,     221392 total
[2019-06-24T09:03:46.222+0000][1][gc,heap      ] GC(28) ParNew: 71905K->1253K(78656K)
[2019-06-24T09:03:46.222+0000][1][gc,heap      ] GC(28) CMS: 67756K->68823K(174784K)
[2019-06-24T09:03:46.222+0000][1][gc,metaspace ] GC(28) Metaspace: 66398K->66398K(1110016K)
[2019-06-24T09:03:46.222+0000][1][gc           ] GC(28) Pause Young (Allocation Failure) 136M->68M(247M) 6.399ms
[2019-06-24T09:03:46.222+0000][1][gc,cpu       ] GC(28) User=0.03s Sys=0.00s Real=0.00s
[2019-06-24T09:03:46.222+0000][1][safepoint    ] Leaving safepoint region
[2019-06-24T09:03:46.222+0000][1][safepoint    ] Total time for which application threads were stopped: 0.0068265 seconds, Stopping threads took: 0.0000616 seconds
[2019-06-24T09:03:47.222+0000][1][safepoint    ] Application time: 1.0002925 seconds
[2019-06-24T09:03:47.222+0000][1][safepoint    ] Entering safepoint region: Cleanup
[2019-06-24T09:03:47.223+0000][1][safepoint    ] Leaving safepoint region
[2019-06-24T09:03:47.223+0000][1][safepoint    ] Total time for which application threads were stopped: 0.0003268 seconds, Stopping threads took: 0.0000647 seconds
[2019-06-24T09:03:48.223+0000][1][safepoint    ] Application time: 1.0001353 seconds
[2019-06-24T09:03:48.223+0000][1][safepoint    ] Entering safepoint region: Cleanup
[2019-06-24T09:03:48.223+0000][1][safepoint    ] Leaving safepoint region
[2019-06-24T09:03:48.223+0000][1][safepoint    ] Total time for which application threads were stopped: 0.0002122 seconds, Stopping threads took: 0.0000579 seconds
[2019-06-24T09:03:50.218+0000][1][safepoint    ] Application time: 1.9950279 seconds
[2019-06-24T09:03:50.218+0000][1][safepoint    ] Entering safepoint region: Cleanup
[2019-06-24T09:03:50.219+0000][1][safepoint    ] Leaving safepoint region
[2019-06-24T09:03:50.219+0000][1][safepoint    ] Total time for which application threads were stopped: 0.0010924 seconds, Stopping threads took: 0.0008803 seconds
[2019-06-24T09:03:57.221+0000][1][safepoint    ] Application time: 7.0014516 seconds
[2019-06-24T09:03:57.222+0000][1][safepoint    ] Entering safepoint region: Cleanup
[2019-06-24T09:03:57.222+0000][1][safepoint    ] Leaving safepoint region
[2019-06-24T09:03:57.222+0000][1][safepoint    ] Total time for which application threads were stopped: 0.0001255 seconds, Stopping threads took: 0.0000455 seconds
[2019-06-24T09:04:01.223+0000][1][safepoint    ] Application time: 4.0007514 seconds
[2019-06-24T09:04:01.223+0000][1][safepoint    ] Entering safepoint region: Cleanup
[2019-06-24T09:04:01.223+0000][1][safepoint    ] Leaving safepoint region
[2019-06-24T09:04:01.223+0000][1][safepoint    ] Total time for which application threads were stopped: 0.0002609 seconds, Stopping threads took: 0.0000692 seconds
[2019-06-24T09:04:51.234+0000][1][safepoint    ] Application time: 50.0103277 seconds
[2019-06-24T09:04:51.235+0000][1][safepoint    ] Entering safepoint region: Cleanup
[2019-06-24T09:04:51.235+0000][1][safepoint    ] Leaving safepoint region
[2019-06-24T09:04:51.235+0000][1][safepoint    ] Total time for which application threads were stopped: 0.0001319 seconds, Stopping threads took: 0.0000578 seconds
[2019-06-24T09:04:58.622+0000][1][safepoint    ] Application time: 7.3877331 seconds
[2019-06-24T09:04:58.623+0000][1][safepoint    ] Entering safepoint region: RevokeBias
[2019-06-24T09:04:58.623+0000][1][safepoint    ] Leaving safepoint region
[2019-06-24T09:04:58.623+0000][1][safepoint    ] Total time for which application threads were stopped: 0.0001407 seconds, Stopping threads took: 0.0000370 seconds
[2019-06-24T09:04:58.624+0000][1][safepoint    ] Application time: 0.0004268 seconds
[2019-06-24T09:04:58.624+0000][1][safepoint    ] Entering safepoint region: RevokeBias
[2019-06-24T09:04:58.624+0000][1][safepoint    ] Leaving safepoint region
[2019-06-24T09:04:58.624+0000][1][safepoint    ] Total time for which application threads were stopped: 0.0001249 seconds, Stopping threads took: 0.0000364 seconds
[2019-06-24T09:04:58.645+0000][1][safepoint    ] Application time: 0.0211973 seconds
[2019-06-24T09:04:58.645+0000][1][safepoint    ] Entering safepoint region: RevokeBias
[2019-06-24T09:04:58.645+0000][1][safepoint    ] Leaving safepoint region
[2019-06-24T09:04:58.645+0000][1][safepoint    ] Total time for which application threads were stopped: 0.0001145 seconds, Stopping threads took: 0.0000247 seconds
[2019-06-24T09:04:59.646+0000][1][safepoint    ] Application time: 1.0002433 seconds
[2019-06-24T09:04:59.646+0000][1][safepoint    ] Entering safepoint region: Cleanup
[2019-06-24T09:04:59.646+0000][1][safepoint    ] Leaving safepoint region
[2019-06-24T09:04:59.646+0000][1][safepoint    ] Total time for which application threads were stopped: 0.0002313 seconds, Stopping threads took: 0.0000618 seconds
[2019-06-24T09:05:34.653+0000][1][safepoint    ] Application time: 35.0065635 seconds
[2019-06-24T09:05:34.653+0000][1][safepoint    ] Entering safepoint region: Cleanup
[2019-06-24T09:05:34.653+0000][1][safepoint    ] Leaving safepoint region
[2019-06-24T09:05:34.653+0000][1][safepoint    ] Total time for which application threads were stopped: 0.0003399 seconds, Stopping threads took: 0.0001067 seconds
[2019-06-24T09:06:26.665+0000][1][safepoint    ] Application time: 52.0114932 seconds
[2019-06-24T09:06:26.666+0000][1][safepoint    ] Entering safepoint region: Cleanup
[2019-06-24T09:06:26.666+0000][1][safepoint    ] Leaving safepoint region
[2019-06-24T09:06:26.666+0000][1][safepoint    ] Total time for which application threads were stopped: 0.0003956 seconds, Stopping threads took: 0.0001518 seconds
[2019-06-24T09:06:35.381+0000][1][safepoint    ] Application time: 8.7146717 seconds
[2019-06-24T09:06:35.381+0000][1][safepoint    ] Entering safepoint region: GenCollectForAllocation
[2019-06-24T09:06:35.381+0000][1][gc,start     ] GC(29) Pause Young (Allocation Failure)
[2019-06-24T09:06:35.381+0000][1][gc,task      ] GC(29) Using 5 workers of 8 for evacuation
[2019-06-24T09:06:35.384+0000][1][gc,age       ] GC(29) Desired survivor size 4456448 bytes, new threshold 6 (max threshold 6)
[2019-06-24T09:06:35.384+0000][1][gc,age       ] GC(29) Age table with threshold 6 (max threshold 6)
[2019-06-24T09:06:35.384+0000][1][gc,age       ] GC(29) - age   1:      16304 bytes,      16304 total
[2019-06-24T09:06:35.384+0000][1][gc,age       ] GC(29) - age   2:       1088 bytes,      17392 total
[2019-06-24T09:06:35.384+0000][1][gc,age       ] GC(29) - age   3:      20120 bytes,      37512 total
[2019-06-24T09:06:35.384+0000][1][gc,age       ] GC(29) - age   4:     193192 bytes,     230704 total
[2019-06-24T09:06:35.384+0000][1][gc,age       ] GC(29) - age   5:        704 bytes,     231408 total
[2019-06-24T09:06:35.384+0000][1][gc,age       ] GC(29) - age   6:       1512 bytes,     232920 total
[2019-06-24T09:06:35.384+0000][1][gc,heap      ] GC(29) ParNew: 71205K->424K(78656K)
[2019-06-24T09:06:35.384+0000][1][gc,heap      ] GC(29) CMS: 68823K->68825K(174784K)
[2019-06-24T09:06:35.384+0000][1][gc,metaspace ] GC(29) Metaspace: 66403K->66403K(1110016K)
[2019-06-24T09:06:35.384+0000][1][gc           ] GC(29) Pause Young (Allocation Failure) 136M->67M(247M) 3.150ms
[2019-06-24T09:06:35.384+0000][1][gc,cpu       ] GC(29) User=0.01s Sys=0.00s Real=0.01s
[2019-06-24T09:06:35.384+0000][1][safepoint    ] Leaving safepoint region
[2019-06-24T09:06:35.385+0000][1][safepoint    ] Total time for which application threads were stopped: 0.0035938 seconds, Stopping threads took: 0.0000622 seconds
[2019-06-24T09:07:07.391+0000][1][safepoint    ] Application time: 32.0068245 seconds
[2019-06-24T09:07:07.392+0000][1][safepoint    ] Entering safepoint region: Cleanup
[2019-06-24T09:07:07.392+0000][1][safepoint    ] Leaving safepoint region
[2019-06-24T09:07:07.392+0000][1][safepoint    ] Total time for which application threads were stopped: 0.0003316 seconds, Stopping threads took: 0.0000668 seconds
[2019-06-24T09:07:22.395+0000][1][safepoint    ] Application time: 15.0031427 seconds
[2019-06-24T09:07:22.396+0000][1][safepoint    ] Entering safepoint region: Cleanup
[2019-06-24T09:07:22.397+0000][1][safepoint    ] Leaving safepoint region
[2019-06-24T09:07:22.397+0000][1][safepoint    ] Total time for which application threads were stopped: 0.0003541 seconds, Stopping threads took: 0.0001592 seconds
[2019-06-24T09:07:27.397+0000][1][safepoint    ] Application time: 5.0005719 seconds
[2019-06-24T09:07:27.397+0000][1][safepoint    ] Entering safepoint region: Cleanup
[2019-06-24T09:07:27.397+0000][1][safepoint    ] Leaving safepoint region
[2019-06-24T09:07:27.397+0000][1][safepoint    ] Total time for which application threads were stopped: 0.0002268 seconds, Stopping threads took: 0.0000591 seconds
[2019-06-24T09:09:25.559+0000][1][safepoint    ] Application time: 118.1612164 seconds
[2019-06-24T09:09:25.560+0000][1][safepoint    ] Entering safepoint region: GenCollectForAllocation
[2019-06-24T09:09:25.560+0000][1][gc,start     ] GC(30) Pause Young (Allocation Failure)
[2019-06-24T09:09:25.560+0000][1][gc,task      ] GC(30) Using 5 workers of 8 for evacuation
[2019-06-24T09:09:25.562+0000][1][gc,age       ] GC(30) Desired survivor size 4456448 bytes, new threshold 6 (max threshold 6)
[2019-06-24T09:09:25.562+0000][1][gc,age       ] GC(30) Age table with threshold 6 (max threshold 6)
[2019-06-24T09:09:25.562+0000][1][gc,age       ] GC(30) - age   1:       3880 bytes,       3880 total
[2019-06-24T09:09:25.562+0000][1][gc,age       ] GC(30) - age   2:      13232 bytes,      17112 total
[2019-06-24T09:09:25.563+0000][1][gc,age       ] GC(30) - age   3:       1088 bytes,      18200 total
[2019-06-24T09:09:25.563+0000][1][gc,age       ] GC(30) - age   4:      20120 bytes,      38320 total
[2019-06-24T09:09:25.563+0000][1][gc,age       ] GC(30) - age   5:     193192 bytes,     231512 total
[2019-06-24T09:09:25.563+0000][1][gc,age       ] GC(30) - age   6:        704 bytes,     232216 total
[2019-06-24T09:09:25.563+0000][1][gc,heap      ] GC(30) ParNew: 70376K->279K(78656K)
[2019-06-24T09:09:25.563+0000][1][gc,heap      ] GC(30) CMS: 68825K->68826K(174784K)
[2019-06-24T09:09:25.563+0000][1][gc,metaspace ] GC(30) Metaspace: 66430K->66430K(1110016K)
[2019-06-24T09:09:25.563+0000][1][gc           ] GC(30) Pause Young (Allocation Failure) 135M->67M(247M) 2.779ms
[2019-06-24T09:09:25.563+0000][1][gc,cpu       ] GC(30) User=0.01s Sys=0.00s Real=0.01s
[2019-06-24T09:09:25.563+0000][1][safepoint    ] Leaving safepoint region
[2019-06-24T09:09:25.563+0000][1][safepoint    ] Total time for which application threads were stopped: 0.0032183 seconds, Stopping threads took: 0.0000858 seconds
[2019-06-24T09:09:36.565+0000][1][safepoint    ] Application time: 11.0024179 seconds
[2019-06-24T09:09:36.566+0000][1][safepoint    ] Entering safepoint region: Cleanup
[2019-06-24T09:09:36.567+0000][1][safepoint    ] Leaving safepoint region
[2019-06-24T09:09:36.567+0000][1][safepoint    ] Total time for which application threads were stopped: 0.0003877 seconds, Stopping threads took: 0.0001151 seconds
[2019-06-24T09:09:43.568+0000][1][safepoint    ] Application time: 7.0011317 seconds
[2019-06-24T09:09:43.568+0000][1][safepoint    ] Entering safepoint region: Cleanup
[2019-06-24T09:09:43.568+0000][1][safepoint    ] Leaving safepoint region
[2019-06-24T09:09:43.568+0000][1][safepoint    ] Total time for which application threads were stopped: 0.0002537 seconds, Stopping threads took: 0.0000605 seconds
[2019-06-24T09:10:53.577+0000][1][safepoint    ] Application time: 70.0091912 seconds
[2019-06-24T09:10:53.578+0000][1][safepoint    ] Entering safepoint region: Cleanup
[2019-06-24T09:10:53.578+0000][1][safepoint    ] Leaving safepoint region
[2019-06-24T09:10:53.578+0000][1][safepoint    ] Total time for which application threads were stopped: 0.0001665 seconds, Stopping threads took: 0.0000569 seconds
[2019-06-24T09:11:27.581+0000][1][safepoint    ] Application time: 34.0033640 seconds
[2019-06-24T09:11:27.582+0000][1][safepoint    ] Entering safepoint region: Cleanup
[2019-06-24T09:11:27.582+0000][1][safepoint    ] Leaving safepoint region
[2019-06-24T09:11:27.582+0000][1][safepoint    ] Total time for which application threads were stopped: 0.0001535 seconds, Stopping threads took: 0.0000589 seconds
[2019-06-24T09:11:33.583+0000][1][safepoint    ] Application time: 6.0006434 seconds
[2019-06-24T09:11:33.584+0000][1][safepoint    ] Entering safepoint region: Cleanup
[2019-06-24T09:11:33.584+0000][1][safepoint    ] Leaving safepoint region
[2019-06-24T09:11:33.584+0000][1][safepoint    ] Total time for which application threads were stopped: 0.0000978 seconds, Stopping threads took: 0.0000321 seconds
[2019-06-24T09:11:57.586+0000][1][safepoint    ] Application time: 24.0022219 seconds
[2019-06-24T09:11:57.587+0000][1][safepoint    ] Entering safepoint region: Cleanup
[2019-06-24T09:11:57.587+0000][1][safepoint    ] Leaving safepoint region
[2019-06-24T09:11:57.587+0000][1][safepoint    ] Total time for which application threads were stopped: 0.0001452 seconds, Stopping threads took: 0.0000566 seconds
[2019-06-24T09:12:01.587+0000][1][safepoint    ] Application time: 4.0003463 seconds
[2019-06-24T09:12:01.587+0000][1][safepoint    ] Entering safepoint region: Cleanup
[2019-06-24T09:12:01.587+0000][1][safepoint    ] Leaving safepoint region
[2019-06-24T09:12:01.587+0000][1][safepoint    ] Total time for which application threads were stopped: 0.0001407 seconds, Stopping threads took: 0.0000340 seconds
[2019-06-24T09:12:10.681+0000][1][safepoint    ] Application time: 9.0932992 seconds
[2019-06-24T09:12:10.681+0000][1][safepoint    ] Entering safepoint region: GenCollectForAllocation
[2019-06-24T09:12:10.681+0000][1][gc,start     ] GC(31) Pause Young (Allocation Failure)
[2019-06-24T09:12:10.681+0000][1][gc,task      ] GC(31) Using 5 workers of 8 for evacuation
[2019-06-24T09:12:10.683+0000][1][gc,age       ] GC(31) Desired survivor size 4456448 bytes, new threshold 6 (max threshold 6)
[2019-06-24T09:12:10.683+0000][1][gc,age       ] GC(31) Age table with threshold 6 (max threshold 6)
[2019-06-24T09:12:10.683+0000][1][gc,age       ] GC(31) - age   1:       5496 bytes,       5496 total
[2019-06-24T09:12:10.683+0000][1][gc,age       ] GC(31) - age   2:        808 bytes,       6304 total
[2019-06-24T09:12:10.683+0000][1][gc,age       ] GC(31) - age   3:      13232 bytes,      19536 total
[2019-06-24T09:12:10.683+0000][1][gc,age       ] GC(31) - age   4:       1088 bytes,      20624 total
[2019-06-24T09:12:10.683+0000][1][gc,age       ] GC(31) - age   5:      20120 bytes,      40744 total
[2019-06-24T09:12:10.683+0000][1][gc,age       ] GC(31) - age   6:     193192 bytes,     233936 total
[2019-06-24T09:12:10.683+0000][1][gc,heap      ] GC(31) ParNew: 70231K->271K(78656K)
[2019-06-24T09:12:10.683+0000][1][gc,heap      ] GC(31) CMS: 68826K->68827K(174784K)
[2019-06-24T09:12:10.683+0000][1][gc,metaspace ] GC(31) Metaspace: 66432K->66432K(1110016K)
[2019-06-24T09:12:10.683+0000][1][gc           ] GC(31) Pause Young (Allocation Failure) 135M->67M(247M) 1.896ms
[2019-06-24T09:12:10.683+0000][1][gc,cpu       ] GC(31) User=0.00s Sys=0.00s Real=0.01s
[2019-06-24T09:12:10.683+0000][1][safepoint    ] Leaving safepoint region
[2019-06-24T09:12:10.683+0000][1][safepoint    ] Total time for which application threads were stopped: 0.0021478 seconds, Stopping threads took: 0.0000496 seconds
[2019-06-24T09:14:34.698+0000][1][safepoint    ] Application time: 144.0144663 seconds
[2019-06-24T09:14:34.698+0000][1][safepoint    ] Entering safepoint region: Cleanup
[2019-06-24T09:14:34.699+0000][1][safepoint    ] Leaving safepoint region
[2019-06-24T09:14:34.699+0000][1][safepoint    ] Total time for which application threads were stopped: 0.0001759 seconds, Stopping threads took: 0.0000822 seconds
[2019-06-24T09:15:00.778+0000][1][safepoint    ] Application time: 26.0798443 seconds
[2019-06-24T09:15:00.779+0000][1][safepoint    ] Entering safepoint region: GenCollectForAllocation
[2019-06-24T09:15:00.779+0000][1][gc,start     ] GC(32) Pause Young (Allocation Failure)
[2019-06-24T09:15:00.780+0000][1][gc,task      ] GC(32) Using 5 workers of 8 for evacuation
[2019-06-24T09:15:00.781+0000][1][gc,age       ] GC(32) Desired survivor size 4456448 bytes, new threshold 6 (max threshold 6)
[2019-06-24T09:15:00.781+0000][1][gc,age       ] GC(32) Age table with threshold 6 (max threshold 6)
[2019-06-24T09:15:00.781+0000][1][gc,age       ] GC(32) - age   1:       3128 bytes,       3128 total
[2019-06-24T09:15:00.781+0000][1][gc,age       ] GC(32) - age   2:       2424 bytes,       5552 total
[2019-06-24T09:15:00.781+0000][1][gc,age       ] GC(32) - age   3:        808 bytes,       6360 total
[2019-06-24T09:15:00.781+0000][1][gc,age       ] GC(32) - age   4:      13232 bytes,      19592 total
[2019-06-24T09:15:00.781+0000][1][gc,age       ] GC(32) - age   5:       1088 bytes,      20680 total
[2019-06-24T09:15:00.781+0000][1][gc,age       ] GC(32) - age   6:      20120 bytes,      40800 total
[2019-06-24T09:15:00.781+0000][1][gc,heap      ] GC(32) ParNew: 70223K->145K(78656K)
[2019-06-24T09:15:00.781+0000][1][gc,heap      ] GC(32) CMS: 68827K->69017K(174784K)
[2019-06-24T09:15:00.781+0000][1][gc,metaspace ] GC(32) Metaspace: 66434K->66434K(1110016K)
[2019-06-24T09:15:00.781+0000][1][gc           ] GC(32) Pause Young (Allocation Failure) 135M->67M(247M) 1.489ms
[2019-06-24T09:15:00.781+0000][1][gc,cpu       ] GC(32) User=0.00s Sys=0.00s Real=0.00s
[2019-06-24T09:15:00.781+0000][1][safepoint    ] Leaving safepoint region
[2019-06-24T09:15:00.781+0000][1][safepoint    ] Total time for which application threads were stopped: 0.0017434 seconds, Stopping threads took: 0.0000631 seconds
[2019-06-24T09:16:06.792+0000][1][safepoint    ] Application time: 66.0111428 seconds
[2019-06-24T09:16:06.793+0000][1][safepoint    ] Entering safepoint region: Cleanup
[2019-06-24T09:16:06.793+0000][1][safepoint    ] Leaving safepoint region
[2019-06-24T09:16:06.793+0000][1][safepoint    ] Total time for which application threads were stopped: 0.0002512 seconds, Stopping threads took: 0.0000897 seconds
[2019-06-24T09:17:06.800+0000][1][safepoint    ] Application time: 60.0064499 seconds
[2019-06-24T09:17:06.801+0000][1][safepoint    ] Entering safepoint region: Cleanup
[2019-06-24T09:17:06.801+0000][1][safepoint    ] Leaving safepoint region
[2019-06-24T09:17:06.801+0000][1][safepoint    ] Total time for which application threads were stopped: 0.0001487 seconds, Stopping threads took: 0.0000574 seconds
[2019-06-24T09:17:45.899+0000][1][safepoint    ] Application time: 39.0977830 seconds
[2019-06-24T09:17:45.899+0000][1][safepoint    ] Entering safepoint region: GenCollectForAllocation
[2019-06-24T09:17:45.899+0000][1][gc,start     ] GC(33) Pause Young (Allocation Failure)
[2019-06-24T09:17:45.899+0000][1][gc,task      ] GC(33) Using 5 workers of 8 for evacuation
[2019-06-24T09:17:45.900+0000][1][gc,age       ] GC(33) Desired survivor size 4456448 bytes, new threshold 6 (max threshold 6)
[2019-06-24T09:17:45.900+0000][1][gc,age       ] GC(33) Age table with threshold 6 (max threshold 6)
[2019-06-24T09:17:45.900+0000][1][gc,age       ] GC(33) - age   1:       4256 bytes,       4256 total
[2019-06-24T09:17:45.900+0000][1][gc,age       ] GC(33) - age   2:         80 bytes,       4336 total
[2019-06-24T09:17:45.900+0000][1][gc,age       ] GC(33) - age   3:       2424 bytes,       6760 total
[2019-06-24T09:17:45.900+0000][1][gc,age       ] GC(33) - age   4:        808 bytes,       7568 total
[2019-06-24T09:17:45.900+0000][1][gc,age       ] GC(33) - age   5:      13136 bytes,      20704 total
[2019-06-24T09:17:45.900+0000][1][gc,age       ] GC(33) - age   6:       1088 bytes,      21792 total
[2019-06-24T09:17:45.900+0000][1][gc,heap      ] GC(33) ParNew: 70097K->55K(78656K)
[2019-06-24T09:17:45.900+0000][1][gc,heap      ] GC(33) CMS: 69017K->69036K(174784K)
[2019-06-24T09:17:45.900+0000][1][gc,metaspace ] GC(33) Metaspace: 66444K->66444K(1110016K)
[2019-06-24T09:17:45.900+0000][1][gc           ] GC(33) Pause Young (Allocation Failure) 135M->67M(247M) 1.084ms
[2019-06-24T09:17:45.900+0000][1][gc,cpu       ] GC(33) User=0.00s Sys=0.00s Real=0.00s
[2019-06-24T09:17:45.900+0000][1][safepoint    ] Leaving safepoint region
[2019-06-24T09:17:45.900+0000][1][safepoint    ] Total time for which application threads were stopped: 0.0012944 seconds, Stopping threads took: 0.0000420 seconds
[2019-06-24T09:18:04.902+0000][1][safepoint    ] Application time: 19.0022863 seconds
[2019-06-24T09:18:04.903+0000][1][safepoint    ] Entering safepoint region: Cleanup
[2019-06-24T09:18:04.903+0000][1][safepoint    ] Leaving safepoint region
[2019-06-24T09:18:04.903+0000][1][safepoint    ] Total time for which application threads were stopped: 0.0001403 seconds, Stopping threads took: 0.0000489 seconds
[2019-06-24T09:19:56.923+0000][1][safepoint    ] Application time: 112.0193059 seconds
[2019-06-24T09:19:56.924+0000][1][safepoint    ] Entering safepoint region: Cleanup
[2019-06-24T09:19:56.924+0000][1][safepoint    ] Leaving safepoint region
[2019-06-24T09:19:56.924+0000][1][safepoint    ] Total time for which application threads were stopped: 0.0002165 seconds, Stopping threads took: 0.0000681 seconds
[2019-06-24T09:20:36.032+0000][1][safepoint    ] Application time: 39.1080309 seconds
[2019-06-24T09:20:36.033+0000][1][safepoint    ] Entering safepoint region: GenCollectForAllocation
[2019-06-24T09:20:36.033+0000][1][gc,start     ] GC(34) Pause Young (Allocation Failure)
[2019-06-24T09:20:36.033+0000][1][gc,task      ] GC(34) Using 5 workers of 8 for evacuation
[2019-06-24T09:20:36.035+0000][1][gc,age       ] GC(34) Desired survivor size 4456448 bytes, new threshold 6 (max threshold 6)
[2019-06-24T09:20:36.035+0000][1][gc,age       ] GC(34) Age table with threshold 6 (max threshold 6)
[2019-06-24T09:20:36.035+0000][1][gc,age       ] GC(34) - age   1:       4120 bytes,       4120 total
[2019-06-24T09:20:36.035+0000][1][gc,age       ] GC(34) - age   2:        504 bytes,       4624 total
[2019-06-24T09:20:36.035+0000][1][gc,age       ] GC(34) - age   3:         80 bytes,       4704 total
[2019-06-24T09:20:36.035+0000][1][gc,age       ] GC(34) - age   4:       2424 bytes,       7128 total
[2019-06-24T09:20:36.035+0000][1][gc,age       ] GC(34) - age   5:        808 bytes,       7936 total
[2019-06-24T09:20:36.035+0000][1][gc,age       ] GC(34) - age   6:      13136 bytes,      21072 total
[2019-06-24T09:20:36.035+0000][1][gc,heap      ] GC(34) ParNew: 70007K->27K(78656K)
[2019-06-24T09:20:36.035+0000][1][gc,heap      ] GC(34) CMS: 69036K->69037K(174784K)
[2019-06-24T09:20:36.035+0000][1][gc,metaspace ] GC(34) Metaspace: 66449K->66449K(1110016K)
[2019-06-24T09:20:36.035+0000][1][gc           ] GC(34) Pause Young (Allocation Failure) 135M->67M(247M) 1.765ms
[2019-06-24T09:20:36.035+0000][1][gc,cpu       ] GC(34) User=0.01s Sys=0.00s Real=0.01s
[2019-06-24T09:20:36.035+0000][1][safepoint    ] Leaving safepoint region
[2019-06-24T09:20:36.035+0000][1][safepoint    ] Total time for which application threads were stopped: 0.0020172 seconds, Stopping threads took: 0.0000633 seconds
[2019-06-24T09:23:26.130+0000][1][safepoint    ] Application time: 170.0951600 seconds
[2019-06-24T09:23:26.130+0000][1][safepoint    ] Entering safepoint region: GenCollectForAllocation
[2019-06-24T09:23:26.130+0000][1][gc,start     ] GC(35) Pause Young (Allocation Failure)
[2019-06-24T09:23:26.131+0000][1][gc,task      ] GC(35) Using 5 workers of 8 for evacuation
[2019-06-24T09:23:26.133+0000][1][gc,age       ] GC(35) Desired survivor size 4456448 bytes, new threshold 6 (max threshold 6)
[2019-06-24T09:23:26.133+0000][1][gc,age       ] GC(35) Age table with threshold 6 (max threshold 6)
[2019-06-24T09:23:26.133+0000][1][gc,age       ] GC(35) - age   1:       4024 bytes,       4024 total
[2019-06-24T09:23:26.133+0000][1][gc,age       ] GC(35) - age   2:        112 bytes,       4136 total
[2019-06-24T09:23:26.133+0000][1][gc,age       ] GC(35) - age   3:        504 bytes,       4640 total
[2019-06-24T09:23:26.133+0000][1][gc,age       ] GC(35) - age   4:         80 bytes,       4720 total
[2019-06-24T09:23:26.133+0000][1][gc,age       ] GC(35) - age   5:       2424 bytes,       7144 total
[2019-06-24T09:23:26.133+0000][1][gc,age       ] GC(35) - age   6:        808 bytes,       7952 total
[2019-06-24T09:23:26.133+0000][1][gc,heap      ] GC(35) ParNew: 69979K->17K(78656K)
[2019-06-24T09:23:26.133+0000][1][gc,heap      ] GC(35) CMS: 69037K->69050K(174784K)
[2019-06-24T09:23:26.133+0000][1][gc,metaspace ] GC(35) Metaspace: 66450K->66450K(1110016K)
[2019-06-24T09:23:26.133+0000][1][gc           ] GC(35) Pause Young (Allocation Failure) 135M->67M(247M) 2.888ms
[2019-06-24T09:23:26.133+0000][1][gc,cpu       ] GC(35) User=0.01s Sys=0.00s Real=0.00s
[2019-06-24T09:23:26.133+0000][1][safepoint    ] Leaving safepoint region
[2019-06-24T09:23:26.134+0000][1][safepoint    ] Total time for which application threads were stopped: 0.0033765 seconds, Stopping threads took: 0.0000789 seconds
[2019-06-24T09:26:11.255+0000][1][safepoint    ] Application time: 165.1215674 seconds
[2019-06-24T09:26:11.256+0000][1][safepoint    ] Entering safepoint region: GenCollectForAllocation
[2019-06-24T09:26:11.256+0000][1][gc,start     ] GC(36) Pause Young (Allocation Failure)
[2019-06-24T09:26:11.256+0000][1][gc,task      ] GC(36) Using 5 workers of 8 for evacuation
[2019-06-24T09:26:11.258+0000][1][gc,age       ] GC(36) Desired survivor size 4456448 bytes, new threshold 6 (max threshold 6)
[2019-06-24T09:26:11.258+0000][1][gc,age       ] GC(36) Age table with threshold 6 (max threshold 6)
[2019-06-24T09:26:11.258+0000][1][gc,age       ] GC(36) - age   1:       4128 bytes,       4128 total
[2019-06-24T09:26:11.258+0000][1][gc,age       ] GC(36) - age   3:        112 bytes,       4240 total
[2019-06-24T09:26:11.258+0000][1][gc,age       ] GC(36) - age   4:        408 bytes,       4648 total
[2019-06-24T09:26:11.258+0000][1][gc,age       ] GC(36) - age   5:         80 bytes,       4728 total
[2019-06-24T09:26:11.258+0000][1][gc,age       ] GC(36) - age   6:       2424 bytes,       7152 total
[2019-06-24T09:26:11.258+0000][1][gc,heap      ] GC(36) ParNew: 69969K->10K(78656K)
[2019-06-24T09:26:11.258+0000][1][gc,heap      ] GC(36) CMS: 69050K->69051K(174784K)
[2019-06-24T09:26:11.258+0000][1][gc,metaspace ] GC(36) Metaspace: 66456K->66456K(1110016K)
[2019-06-24T09:26:11.258+0000][1][gc           ] GC(36) Pause Young (Allocation Failure) 135M->67M(247M) 1.410ms
[2019-06-24T09:26:11.258+0000][1][gc,cpu       ] GC(36) User=0.00s Sys=0.00s Real=0.00s
[2019-06-24T09:26:11.258+0000][1][safepoint    ] Leaving safepoint region
[2019-06-24T09:26:11.258+0000][1][safepoint    ] Total time for which application threads were stopped: 0.0016687 seconds, Stopping threads took: 0.0000745 seconds
[2019-06-24T09:26:36.263+0000][1][safepoint    ] Application time: 25.0052020 seconds
[2019-06-24T09:26:36.263+0000][1][safepoint    ] Entering safepoint region: Cleanup
[2019-06-24T09:26:36.264+0000][1][safepoint    ] Leaving safepoint region
[2019-06-24T09:26:36.264+0000][1][safepoint    ] Total time for which application threads were stopped: 0.0003458 seconds, Stopping threads took: 0.0000942 seconds
[2019-06-24T09:27:33.276+0000][1][safepoint    ] Application time: 57.0128379 seconds
[2019-06-24T09:27:33.278+0000][1][safepoint    ] Entering safepoint region: Cleanup
[2019-06-24T09:27:33.278+0000][1][safepoint    ] Leaving safepoint region
[2019-06-24T09:27:33.278+0000][1][safepoint    ] Total time for which application threads were stopped: 0.0003353 seconds, Stopping threads took: 0.0001597 seconds
[2019-06-24T09:27:45.871+0000][1][safepoint    ] Application time: 12.5931991 seconds
[2019-06-24T09:27:45.872+0000][1][safepoint    ] Entering safepoint region: RevokeBias
[2019-06-24T09:27:45.872+0000][1][safepoint    ] Leaving safepoint region
[2019-06-24T09:27:45.872+0000][1][safepoint    ] Total time for which application threads were stopped: 0.0003724 seconds, Stopping threads took: 0.0000918 seconds
[2019-06-24T09:27:45.874+0000][1][safepoint    ] Application time: 0.0013223 seconds
[2019-06-24T09:27:45.874+0000][1][safepoint    ] Entering safepoint region: RevokeBias
[2019-06-24T09:27:45.874+0000][1][safepoint    ] Leaving safepoint region
[2019-06-24T09:27:45.874+0000][1][safepoint    ] Total time for which application threads were stopped: 0.0004176 seconds, Stopping threads took: 0.0001473 seconds
[2019-06-24T09:27:45.875+0000][1][safepoint    ] Application time: 0.0004803 seconds
[2019-06-24T09:27:45.875+0000][1][safepoint    ] Entering safepoint region: RevokeBias
[2019-06-24T09:27:45.875+0000][1][safepoint    ] Leaving safepoint region
[2019-06-24T09:27:45.875+0000][1][safepoint    ] Total time for which application threads were stopped: 0.0003145 seconds, Stopping threads took: 0.0000683 seconds
[2019-06-24T09:27:45.876+0000][1][safepoint    ] Application time: 0.0011808 seconds
[2019-06-24T09:27:45.876+0000][1][safepoint    ] Entering safepoint region: RevokeBias
[2019-06-24T09:27:45.877+0000][1][safepoint    ] Leaving safepoint region
[2019-06-24T09:27:45.877+0000][1][safepoint    ] Total time for which application threads were stopped: 0.0003295 seconds, Stopping threads took: 0.0000733 seconds
[2019-06-24T09:27:45.881+0000][1][safepoint    ] Application time: 0.0038382 seconds
[2019-06-24T09:27:45.881+0000][1][safepoint    ] Entering safepoint region: RevokeBias
[2019-06-24T09:27:45.881+0000][1][safepoint    ] Leaving safepoint region
[2019-06-24T09:27:45.881+0000][1][safepoint    ] Total time for which application threads were stopped: 0.0002308 seconds, Stopping threads took: 0.0000512 seconds
[2019-06-24T09:27:46.004+0000][1][safepoint    ] Application time: 0.1229947 seconds
[2019-06-24T09:27:46.004+0000][1][safepoint    ] Entering safepoint region: RevokeBias
[2019-06-24T09:27:46.004+0000][1][safepoint    ] Leaving safepoint region
[2019-06-24T09:27:46.004+0000][1][safepoint    ] Total time for which application threads were stopped: 0.0001774 seconds, Stopping threads took: 0.0000666 seconds
[2019-06-24T09:28:47.016+0000][1][safepoint    ] Application time: 61.0121679 seconds
[2019-06-24T09:28:47.017+0000][1][safepoint    ] Entering safepoint region: Cleanup
[2019-06-24T09:28:47.018+0000][1][safepoint    ] Leaving safepoint region
[2019-06-24T09:28:47.018+0000][1][safepoint    ] Total time for which application threads were stopped: 0.0002706 seconds, Stopping threads took: 0.0000874 seconds
[2019-06-24T09:28:55.019+0000][1][safepoint    ] Application time: 8.0013008 seconds
[2019-06-24T09:28:55.020+0000][1][safepoint    ] Entering safepoint region: Cleanup
[2019-06-24T09:28:55.020+0000][1][safepoint    ] Leaving safepoint region
[2019-06-24T09:28:55.020+0000][1][safepoint    ] Total time for which application threads were stopped: 0.0002262 seconds, Stopping threads took: 0.0000725 seconds
[2019-06-24T09:28:57.428+0000][1][safepoint    ] Application time: 2.4076556 seconds
[2019-06-24T09:28:57.428+0000][1][safepoint    ] Entering safepoint region: GenCollectForAllocation
[2019-06-24T09:28:57.428+0000][1][gc,start     ] GC(37) Pause Young (Allocation Failure)
[2019-06-24T09:28:57.428+0000][1][gc,task      ] GC(37) Using 5 workers of 8 for evacuation
[2019-06-24T09:28:57.431+0000][1][gc,age       ] GC(37) Desired survivor size 4456448 bytes, new threshold 6 (max threshold 6)
[2019-06-24T09:28:57.431+0000][1][gc,age       ] GC(37) Age table with threshold 6 (max threshold 6)
[2019-06-24T09:28:57.431+0000][1][gc,age       ] GC(37) - age   1:      62800 bytes,      62800 total
[2019-06-24T09:28:57.431+0000][1][gc,age       ] GC(37) - age   2:        128 bytes,      62928 total
[2019-06-24T09:28:57.431+0000][1][gc,age       ] GC(37) - age   4:        112 bytes,      63040 total
[2019-06-24T09:28:57.431+0000][1][gc,age       ] GC(37) - age   5:        408 bytes,      63448 total
[2019-06-24T09:28:57.431+0000][1][gc,age       ] GC(37) - age   6:         80 bytes,      63528 total
[2019-06-24T09:28:57.431+0000][1][gc,heap      ] GC(37) ParNew: 69962K->67K(78656K)
[2019-06-24T09:28:57.431+0000][1][gc,heap      ] GC(37) CMS: 69051K->69053K(174784K)
[2019-06-24T09:28:57.431+0000][1][gc,metaspace ] GC(37) Metaspace: 66493K->66493K(1110016K)
[2019-06-24T09:28:57.431+0000][1][gc           ] GC(37) Pause Young (Allocation Failure) 135M->67M(247M) 2.762ms
[2019-06-24T09:28:57.431+0000][1][gc,cpu       ] GC(37) User=0.01s Sys=0.00s Real=0.00s
[2019-06-24T09:28:57.431+0000][1][safepoint    ] Leaving safepoint region
[2019-06-24T09:28:57.431+0000][1][safepoint    ] Total time for which application threads were stopped: 0.0032400 seconds, Stopping threads took: 0.0000640 seconds
[2019-06-24T09:29:45.442+0000][1][safepoint    ] Application time: 48.0104652 seconds
[2019-06-24T09:29:45.443+0000][1][safepoint    ] Entering safepoint region: Cleanup
[2019-06-24T09:29:45.443+0000][1][safepoint    ] Leaving safepoint region
[2019-06-24T09:29:45.443+0000][1][safepoint    ] Total time for which application threads were stopped: 0.0002644 seconds, Stopping threads took: 0.0001073 seconds
[2019-06-24T09:29:54.445+0000][1][safepoint    ] Application time: 9.0020654 seconds
[2019-06-24T09:29:54.446+0000][1][safepoint    ] Entering safepoint region: Cleanup
[2019-06-24T09:29:54.446+0000][1][safepoint    ] Leaving safepoint region
[2019-06-24T09:29:54.446+0000][1][safepoint    ] Total time for which application threads were stopped: 0.0002614 seconds, Stopping threads took: 0.0000909 seconds
[2019-06-24T09:30:53.460+0000][1][safepoint    ] Application time: 59.0129694 seconds
[2019-06-24T09:30:53.460+0000][1][safepoint    ] Entering safepoint region: Cleanup
[2019-06-24T09:30:53.460+0000][1][safepoint    ] Leaving safepoint region
[2019-06-24T09:30:53.460+0000][1][safepoint    ] Total time for which application threads were stopped: 0.0002324 seconds, Stopping threads took: 0.0000815 seconds
[2019-06-24T09:31:46.603+0000][1][safepoint    ] Application time: 53.1427945 seconds
[2019-06-24T09:31:46.603+0000][1][safepoint    ] Entering safepoint region: GenCollectForAllocation
[2019-06-24T09:31:46.603+0000][1][gc,start     ] GC(38) Pause Young (Allocation Failure)
[2019-06-24T09:31:46.603+0000][1][gc,task      ] GC(38) Using 5 workers of 8 for evacuation
[2019-06-24T09:31:46.606+0000][1][gc,age       ] GC(38) Desired survivor size 4456448 bytes, new threshold 6 (max threshold 6)
[2019-06-24T09:31:46.606+0000][1][gc,age       ] GC(38) Age table with threshold 6 (max threshold 6)
[2019-06-24T09:31:46.606+0000][1][gc,age       ] GC(38) - age   1:       4064 bytes,       4064 total
[2019-06-24T09:31:46.606+0000][1][gc,age       ] GC(38) - age   2:      43680 bytes,      47744 total
[2019-06-24T09:31:46.606+0000][1][gc,age       ] GC(38) - age   3:        128 bytes,      47872 total
[2019-06-24T09:31:46.606+0000][1][gc,age       ] GC(38) - age   5:        112 bytes,      47984 total
[2019-06-24T09:31:46.606+0000][1][gc,age       ] GC(38) - age   6:        408 bytes,      48392 total
[2019-06-24T09:31:46.606+0000][1][gc,heap      ] GC(38) ParNew: 70019K->57K(78656K)
[2019-06-24T09:31:46.606+0000][1][gc,heap      ] GC(38) CMS: 69053K->69053K(174784K)
[2019-06-24T09:31:46.606+0000][1][gc,metaspace ] GC(38) Metaspace: 66493K->66493K(1110016K)
[2019-06-24T09:31:46.606+0000][1][gc           ] GC(38) Pause Young (Allocation Failure) 135M->67M(247M) 2.533ms
[2019-06-24T09:31:46.606+0000][1][gc,cpu       ] GC(38) User=0.01s Sys=0.00s Real=0.00s
[2019-06-24T09:31:46.606+0000][1][safepoint    ] Leaving safepoint region
[2019-06-24T09:31:46.606+0000][1][safepoint    ] Total time for which application threads were stopped: 0.0030073 seconds, Stopping threads took: 0.0001173 seconds
[2019-06-24T09:34:36.777+0000][1][safepoint    ] Application time: 170.1713086 seconds
[2019-06-24T09:34:36.779+0000][1][safepoint    ] Entering safepoint region: GenCollectForAllocation
[2019-06-24T09:34:36.779+0000][1][gc,start     ] GC(39) Pause Young (Allocation Failure)
[2019-06-24T09:34:36.779+0000][1][gc,task      ] GC(39) Using 5 workers of 8 for evacuation
[2019-06-24T09:34:36.781+0000][1][gc,age       ] GC(39) Desired survivor size 4456448 bytes, new threshold 6 (max threshold 6)
[2019-06-24T09:34:36.781+0000][1][gc,age       ] GC(39) Age table with threshold 6 (max threshold 6)
[2019-06-24T09:34:36.781+0000][1][gc,age       ] GC(39) - age   1:       4016 bytes,       4016 total
[2019-06-24T09:34:36.781+0000][1][gc,age       ] GC(39) - age   3:      43680 bytes,      47696 total
[2019-06-24T09:34:36.781+0000][1][gc,age       ] GC(39) - age   4:        128 bytes,      47824 total
[2019-06-24T09:34:36.781+0000][1][gc,age       ] GC(39) - age   6:        112 bytes,      47936 total
[2019-06-24T09:34:36.781+0000][1][gc,heap      ] GC(39) ParNew: 70009K->63K(78656K)
[2019-06-24T09:34:36.781+0000][1][gc,heap      ] GC(39) CMS: 69053K->69054K(174784K)
[2019-06-24T09:34:36.781+0000][1][gc,metaspace ] GC(39) Metaspace: 66493K->66493K(1110016K)
[2019-06-24T09:34:36.781+0000][1][gc           ] GC(39) Pause Young (Allocation Failure) 135M->67M(247M) 2.451ms
[2019-06-24T09:34:36.781+0000][1][gc,cpu       ] GC(39) User=0.00s Sys=0.00s Real=0.00s
[2019-06-24T09:34:36.781+0000][1][safepoint    ] Leaving safepoint region
[2019-06-24T09:34:36.781+0000][1][safepoint    ] Total time for which application threads were stopped: 0.0029802 seconds, Stopping threads took: 0.0001791 seconds
[2019-06-24T09:37:21.953+0000][1][safepoint    ] Application time: 165.1720340 seconds
[2019-06-24T09:37:21.954+0000][1][safepoint    ] Entering safepoint region: GenCollectForAllocation
[2019-06-24T09:37:21.954+0000][1][gc,start     ] GC(40) Pause Young (Allocation Failure)
[2019-06-24T09:37:21.954+0000][1][gc,task      ] GC(40) Using 5 workers of 8 for evacuation
[2019-06-24T09:37:21.955+0000][1][gc,age       ] GC(40) Desired survivor size 4456448 bytes, new threshold 6 (max threshold 6)
[2019-06-24T09:37:21.955+0000][1][gc,age       ] GC(40) Age table with threshold 6 (max threshold 6)
[2019-06-24T09:37:21.955+0000][1][gc,age       ] GC(40) - age   1:       4160 bytes,       4160 total
[2019-06-24T09:37:21.955+0000][1][gc,age       ] GC(40) - age   4:      43680 bytes,      47840 total
[2019-06-24T09:37:21.955+0000][1][gc,age       ] GC(40) - age   5:         32 bytes,      47872 total
[2019-06-24T09:37:21.955+0000][1][gc,heap      ] GC(40) ParNew: 70015K->54K(78656K)
[2019-06-24T09:37:21.955+0000][1][gc,heap      ] GC(40) CMS: 69054K->69054K(174784K)
[2019-06-24T09:37:21.955+0000][1][gc,metaspace ] GC(40) Metaspace: 66495K->66495K(1110016K)
[2019-06-24T09:37:21.955+0000][1][gc           ] GC(40) Pause Young (Allocation Failure) 135M->67M(247M) 1.553ms
[2019-06-24T09:37:21.955+0000][1][gc,cpu       ] GC(40) User=0.01s Sys=0.00s Real=0.01s
[2019-06-24T09:37:21.955+0000][1][safepoint    ] Leaving safepoint region
[2019-06-24T09:37:21.955+0000][1][safepoint    ] Total time for which application threads were stopped: 0.0017859 seconds, Stopping threads took: 0.0000471 seconds
[2019-06-24T09:40:07.121+0000][1][safepoint    ] Application time: 165.1655148 seconds
[2019-06-24T09:40:07.122+0000][1][safepoint    ] Entering safepoint region: GenCollectForAllocation
[2019-06-24T09:40:07.122+0000][1][gc,start     ] GC(41) Pause Young (Allocation Failure)
[2019-06-24T09:40:07.122+0000][1][gc,task      ] GC(41) Using 5 workers of 8 for evacuation
[2019-06-24T09:40:07.123+0000][1][gc,age       ] GC(41) Desired survivor size 4456448 bytes, new threshold 6 (max threshold 6)
[2019-06-24T09:40:07.123+0000][1][gc,age       ] GC(41) Age table with threshold 6 (max threshold 6)
[2019-06-24T09:40:07.123+0000][1][gc,age       ] GC(41) - age   1:       9928 bytes,       9928 total
[2019-06-24T09:40:07.123+0000][1][gc,age       ] GC(41) - age   2:        128 bytes,      10056 total
[2019-06-24T09:40:07.123+0000][1][gc,age       ] GC(41) - age   5:      36648 bytes,      46704 total
[2019-06-24T09:40:07.123+0000][1][gc,age       ] GC(41) - age   6:         32 bytes,      46736 total
[2019-06-24T09:40:07.124+0000][1][gc,heap      ] GC(41) ParNew: 70006K->56K(78656K)
[2019-06-24T09:40:07.124+0000][1][gc,heap      ] GC(41) CMS: 69054K->69054K(174784K)
[2019-06-24T09:40:07.124+0000][1][gc,metaspace ] GC(41) Metaspace: 66498K->66498K(1110016K)
[2019-06-24T09:40:07.124+0000][1][gc           ] GC(41) Pause Young (Allocation Failure) 135M->67M(247M) 1.488ms
[2019-06-24T09:40:07.124+0000][1][gc,cpu       ] GC(41) User=0.00s Sys=0.00s Real=0.01s
[2019-06-24T09:40:07.124+0000][1][safepoint    ] Leaving safepoint region
[2019-06-24T09:40:07.124+0000][1][safepoint    ] Total time for which application threads were stopped: 0.0016782 seconds, Stopping threads took: 0.0000317 seconds
[2019-06-24T09:42:51.159+0000][1][safepoint    ] Application time: 164.0352654 seconds
[2019-06-24T09:42:51.159+0000][1][safepoint    ] Entering safepoint region: Cleanup
[2019-06-24T09:42:51.160+0000][1][safepoint    ] Leaving safepoint region
[2019-06-24T09:42:51.160+0000][1][safepoint    ] Total time for which application threads were stopped: 0.0011846 seconds, Stopping threads took: 0.0008824 seconds
[2019-06-24T09:42:57.294+0000][1][safepoint    ] Application time: 6.1339545 seconds
[2019-06-24T09:42:57.295+0000][1][safepoint    ] Entering safepoint region: GenCollectForAllocation
[2019-06-24T09:42:57.295+0000][1][gc,start     ] GC(42) Pause Young (Allocation Failure)
[2019-06-24T09:42:57.295+0000][1][gc,task      ] GC(42) Using 5 workers of 8 for evacuation
[2019-06-24T09:42:57.297+0000][1][gc,age       ] GC(42) Desired survivor size 4456448 bytes, new threshold 6 (max threshold 6)
[2019-06-24T09:42:57.297+0000][1][gc,age       ] GC(42) Age table with threshold 6 (max threshold 6)
[2019-06-24T09:42:57.297+0000][1][gc,age       ] GC(42) - age   1:       4032 bytes,       4032 total
[2019-06-24T09:42:57.297+0000][1][gc,age       ] GC(42) - age   2:       7088 bytes,      11120 total
[2019-06-24T09:42:57.297+0000][1][gc,age       ] GC(42) - age   3:        128 bytes,      11248 total
[2019-06-24T09:42:57.297+0000][1][gc,age       ] GC(42) - age   6:      36648 bytes,      47896 total
[2019-06-24T09:42:57.297+0000][1][gc,heap      ] GC(42) ParNew: 70008K->57K(78656K)
[2019-06-24T09:42:57.297+0000][1][gc,heap      ] GC(42) CMS: 69054K->69054K(174784K)
[2019-06-24T09:42:57.297+0000][1][gc,metaspace ] GC(42) Metaspace: 66503K->66503K(1110016K)
[2019-06-24T09:42:57.297+0000][1][gc           ] GC(42) Pause Young (Allocation Failure) 135M->67M(247M) 1.451ms
[2019-06-24T09:42:57.297+0000][1][gc,cpu       ] GC(42) User=0.01s Sys=0.00s Real=0.00s
[2019-06-24T09:42:57.297+0000][1][safepoint    ] Leaving safepoint region
[2019-06-24T09:42:57.297+0000][1][safepoint    ] Total time for which application threads were stopped: 0.0016499 seconds, Stopping threads took: 0.0000394 seconds
[2019-06-24T09:45:47.467+0000][1][safepoint    ] Application time: 170.1699618 seconds
[2019-06-24T09:45:47.468+0000][1][safepoint    ] Entering safepoint region: GenCollectForAllocation
[2019-06-24T09:45:47.468+0000][1][gc,start     ] GC(43) Pause Young (Allocation Failure)
[2019-06-24T09:45:47.469+0000][1][gc,task      ] GC(43) Using 5 workers of 8 for evacuation
[2019-06-24T09:45:47.471+0000][1][gc,age       ] GC(43) Desired survivor size 4456448 bytes, new threshold 6 (max threshold 6)
[2019-06-24T09:45:47.471+0000][1][gc,age       ] GC(43) Age table with threshold 6 (max threshold 6)
[2019-06-24T09:45:47.471+0000][1][gc,age       ] GC(43) - age   1:       3976 bytes,       3976 total
[2019-06-24T09:45:47.471+0000][1][gc,age       ] GC(43) - age   3:       7088 bytes,      11064 total
[2019-06-24T09:45:47.471+0000][1][gc,age       ] GC(43) - age   4:        128 bytes,      11192 total
[2019-06-24T09:45:47.471+0000][1][gc,heap      ] GC(43) ParNew: 70009K->22K(78656K)
[2019-06-24T09:45:47.471+0000][1][gc,heap      ] GC(43) CMS: 69054K->69090K(174784K)
[2019-06-24T09:45:47.471+0000][1][gc,metaspace ] GC(43) Metaspace: 66506K->66506K(1110016K)
[2019-06-24T09:45:47.471+0000][1][gc           ] GC(43) Pause Young (Allocation Failure) 135M->67M(247M) 2.870ms
[2019-06-24T09:45:47.471+0000][1][gc,cpu       ] GC(43) User=0.01s Sys=0.00s Real=0.00s
[2019-06-24T09:45:47.471+0000][1][safepoint    ] Leaving safepoint region
[2019-06-24T09:45:47.471+0000][1][safepoint    ] Total time for which application threads were stopped: 0.0034625 seconds, Stopping threads took: 0.0001697 seconds
[2019-06-24T09:47:05.488+0000][1][safepoint    ] Application time: 78.0169148 seconds
[2019-06-24T09:47:05.490+0000][1][safepoint    ] Entering safepoint region: Cleanup
[2019-06-24T09:47:05.490+0000][1][safepoint    ] Leaving safepoint region
[2019-06-24T09:47:05.490+0000][1][safepoint    ] Total time for which application threads were stopped: 0.0003253 seconds, Stopping threads took: 0.0001619 seconds
[2019-06-24T09:47:23.494+0000][1][safepoint    ] Application time: 18.0039725 seconds
[2019-06-24T09:47:23.495+0000][1][safepoint    ] Entering safepoint region: Cleanup
[2019-06-24T09:47:23.495+0000][1][safepoint    ] Leaving safepoint region
[2019-06-24T09:47:23.495+0000][1][safepoint    ] Total time for which application threads were stopped: 0.0002924 seconds, Stopping threads took: 0.0001376 seconds
[2019-06-24T09:48:32.638+0000][1][safepoint    ] Application time: 69.1431085 seconds
[2019-06-24T09:48:32.640+0000][1][safepoint    ] Entering safepoint region: GenCollectForAllocation
[2019-06-24T09:48:32.640+0000][1][gc,start     ] GC(44) Pause Young (Allocation Failure)
[2019-06-24T09:48:32.640+0000][1][gc,task      ] GC(44) Using 5 workers of 8 for evacuation
[2019-06-24T09:48:32.641+0000][1][gc,age       ] GC(44) Desired survivor size 4456448 bytes, new threshold 6 (max threshold 6)
[2019-06-24T09:48:32.641+0000][1][gc,age       ] GC(44) Age table with threshold 6 (max threshold 6)
[2019-06-24T09:48:32.641+0000][1][gc,age       ] GC(44) - age   1:       4432 bytes,       4432 total
[2019-06-24T09:48:32.641+0000][1][gc,age       ] GC(44) - age   4:       7088 bytes,      11520 total
[2019-06-24T09:48:32.641+0000][1][gc,age       ] GC(44) - age   5:         32 bytes,      11552 total
[2019-06-24T09:48:32.641+0000][1][gc,heap      ] GC(44) ParNew: 69974K->18K(78656K)
[2019-06-24T09:48:32.641+0000][1][gc,heap      ] GC(44) CMS: 69090K->69090K(174784K)
[2019-06-24T09:48:32.641+0000][1][gc,metaspace ] GC(44) Metaspace: 66518K->66518K(1110016K)
[2019-06-24T09:48:32.641+0000][1][gc           ] GC(44) Pause Young (Allocation Failure) 135M->67M(247M) 1.472ms
[2019-06-24T09:48:32.641+0000][1][gc,cpu       ] GC(44) User=0.01s Sys=0.00s Real=0.00s
[2019-06-24T09:48:32.641+0000][1][safepoint    ] Leaving safepoint region
[2019-06-24T09:48:32.641+0000][1][safepoint    ] Total time for which application threads were stopped: 0.0017534 seconds, Stopping threads took: 0.0000900 seconds
[2019-06-24T09:48:34.642+0000][1][safepoint    ] Application time: 2.0003812 seconds
[2019-06-24T09:48:34.642+0000][1][safepoint    ] Entering safepoint region: Cleanup
[2019-06-24T09:48:34.642+0000][1][safepoint    ] Leaving safepoint region
[2019-06-24T09:48:34.642+0000][1][safepoint    ] Total time for which application threads were stopped: 0.0002123 seconds, Stopping threads took: 0.0000585 seconds
[2019-06-24T09:48:53.646+0000][1][safepoint    ] Application time: 19.0038549 seconds
[2019-06-24T09:48:53.647+0000][1][safepoint    ] Entering safepoint region: Cleanup
[2019-06-24T09:48:53.647+0000][1][safepoint    ] Leaving safepoint region
[2019-06-24T09:48:53.647+0000][1][safepoint    ] Total time for which application threads were stopped: 0.0002996 seconds, Stopping threads took: 0.0001265 seconds
[2019-06-24T09:49:03.649+0000][1][safepoint    ] Application time: 10.0020505 seconds
[2019-06-24T09:49:03.651+0000][1][safepoint    ] Entering safepoint region: Cleanup
[2019-06-24T09:49:03.651+0000][1][safepoint    ] Leaving safepoint region
[2019-06-24T09:49:03.651+0000][1][safepoint    ] Total time for which application threads were stopped: 0.0003324 seconds, Stopping threads took: 0.0001712 seconds
[2019-06-24T09:49:34.657+0000][1][safepoint    ] Application time: 31.0066398 seconds
[2019-06-24T09:49:34.658+0000][1][safepoint    ] Entering safepoint region: Cleanup
[2019-06-24T09:49:34.659+0000][1][safepoint    ] Leaving safepoint region
[2019-06-24T09:49:34.659+0000][1][safepoint    ] Total time for which application threads were stopped: 0.0002722 seconds, Stopping threads took: 0.0000676 seconds
[2019-06-24T09:50:04.665+0000][1][safepoint    ] Application time: 30.0061775 seconds
[2019-06-24T09:50:04.666+0000][1][safepoint    ] Entering safepoint region: Cleanup
[2019-06-24T09:50:04.666+0000][1][safepoint    ] Leaving safepoint region
[2019-06-24T09:50:04.666+0000][1][safepoint    ] Total time for which application threads were stopped: 0.0002342 seconds, Stopping threads took: 0.0000816 seconds
[2019-06-24T09:51:22.806+0000][1][safepoint    ] Application time: 78.1402779 seconds
[2019-06-24T09:51:22.869+0000][1][safepoint    ] Entering safepoint region: GenCollectForAllocation
[2019-06-24T09:51:22.869+0000][1][gc,start     ] GC(45) Pause Young (Allocation Failure)
[2019-06-24T09:51:22.869+0000][1][gc,task      ] GC(45) Using 5 workers of 8 for evacuation
[2019-06-24T09:51:22.872+0000][1][gc,age       ] GC(45) Desired survivor size 4456448 bytes, new threshold 6 (max threshold 6)
[2019-06-24T09:51:22.872+0000][1][gc,age       ] GC(45) Age table with threshold 6 (max threshold 6)
[2019-06-24T09:51:22.872+0000][1][gc,age       ] GC(45) - age   1:       4600 bytes,       4600 total
[2019-06-24T09:51:22.872+0000][1][gc,age       ] GC(45) - age   2:        456 bytes,       5056 total
[2019-06-24T09:51:22.872+0000][1][gc,age       ] GC(45) - age   5:       7088 bytes,      12144 total
[2019-06-24T09:51:22.872+0000][1][gc,age       ] GC(45) - age   6:         32 bytes,      12176 total
[2019-06-24T09:51:22.872+0000][1][gc,heap      ] GC(45) ParNew: 69970K->18K(78656K)
[2019-06-24T09:51:22.872+0000][1][gc,heap      ] GC(45) CMS: 69090K->69090K(174784K)
[2019-06-24T09:51:22.872+0000][1][gc,metaspace ] GC(45) Metaspace: 66547K->66547K(1110016K)
[2019-06-24T09:51:22.872+0000][1][gc           ] GC(45) Pause Young (Allocation Failure) 135M->67M(247M) 2.608ms
[2019-06-24T09:51:22.872+0000][1][gc,cpu       ] GC(45) User=0.01s Sys=0.00s Real=0.00s
[2019-06-24T09:51:22.872+0000][1][safepoint    ] Leaving safepoint region
[2019-06-24T09:51:22.872+0000][1][safepoint    ] Total time for which application threads were stopped: 0.0030892 seconds, Stopping threads took: 0.0001097 seconds
[2019-06-24T09:51:40.876+0000][1][safepoint    ] Application time: 18.0038136 seconds
[2019-06-24T09:51:40.876+0000][1][safepoint    ] Entering safepoint region: Cleanup
[2019-06-24T09:51:40.876+0000][1][safepoint    ] Leaving safepoint region
[2019-06-24T09:51:40.876+0000][1][safepoint    ] Total time for which application threads were stopped: 0.0002759 seconds, Stopping threads took: 0.0000863 seconds
[2019-06-24T09:51:45.878+0000][1][safepoint    ] Application time: 5.0010997 seconds
[2019-06-24T09:51:45.878+0000][1][safepoint    ] Entering safepoint region: Cleanup
[2019-06-24T09:51:45.878+0000][1][safepoint    ] Leaving safepoint region
[2019-06-24T09:51:45.878+0000][1][safepoint    ] Total time for which application threads were stopped: 0.0002656 seconds, Stopping threads took: 0.0001032 seconds
[2019-06-24T09:51:46.878+0000][1][safepoint    ] Application time: 1.0001357 seconds
[2019-06-24T09:51:46.878+0000][1][safepoint    ] Entering safepoint region: Cleanup
[2019-06-24T09:51:46.878+0000][1][safepoint    ] Leaving safepoint region
[2019-06-24T09:51:46.878+0000][1][safepoint    ] Total time for which application threads were stopped: 0.0000789 seconds, Stopping threads took: 0.0000270 seconds
[2019-06-24T09:51:47.879+0000][1][safepoint    ] Application time: 1.0002019 seconds
[2019-06-24T09:51:47.879+0000][1][safepoint    ] Entering safepoint region: Cleanup
[2019-06-24T09:51:47.879+0000][1][safepoint    ] Leaving safepoint region
[2019-06-24T09:51:47.879+0000][1][safepoint    ] Total time for which application threads were stopped: 0.0002309 seconds, Stopping threads took: 0.0000658 seconds
[2019-06-24T09:51:48.879+0000][1][safepoint    ] Application time: 1.0002696 seconds
[2019-06-24T09:51:48.879+0000][1][safepoint    ] Entering safepoint region: Cleanup
[2019-06-24T09:51:48.880+0000][1][safepoint    ] Leaving safepoint region
[2019-06-24T09:51:48.880+0000][1][safepoint    ] Total time for which application threads were stopped: 0.0002327 seconds, Stopping threads took: 0.0000665 seconds
[2019-06-24T09:51:49.880+0000][1][safepoint    ] Application time: 1.0002643 seconds
[2019-06-24T09:51:49.880+0000][1][safepoint    ] Entering safepoint region: Cleanup
[2019-06-24T09:51:49.880+0000][1][safepoint    ] Leaving safepoint region
[2019-06-24T09:51:49.880+0000][1][safepoint    ] Total time for which application threads were stopped: 0.0002708 seconds, Stopping threads took: 0.0001030 seconds
[2019-06-24T09:51:50.881+0000][1][safepoint    ] Application time: 1.0002688 seconds
[2019-06-24T09:51:50.881+0000][1][safepoint    ] Entering safepoint region: Cleanup
[2019-06-24T09:51:50.881+0000][1][safepoint    ] Leaving safepoint region
[2019-06-24T09:51:50.881+0000][1][safepoint    ] Total time for which application threads were stopped: 0.0002492 seconds, Stopping threads took: 0.0000904 seconds
[2019-06-24T09:51:51.881+0000][1][safepoint    ] Application time: 1.0002644 seconds
[2019-06-24T09:51:51.881+0000][1][safepoint    ] Entering safepoint region: Cleanup
[2019-06-24T09:51:51.882+0000][1][safepoint    ] Leaving safepoint region
[2019-06-24T09:51:51.882+0000][1][safepoint    ] Total time for which application threads were stopped: 0.0002543 seconds, Stopping threads took: 0.0000646 seconds
[2019-06-24T09:51:52.882+0000][1][safepoint    ] Application time: 1.0002796 seconds
[2019-06-24T09:51:52.882+0000][1][safepoint    ] Entering safepoint region: Cleanup
[2019-06-24T09:51:52.882+0000][1][safepoint    ] Leaving safepoint region
[2019-06-24T09:51:52.882+0000][1][safepoint    ] Total time for which application threads were stopped: 0.0002638 seconds, Stopping threads took: 0.0000666 seconds
[2019-06-24T09:51:53.883+0000][1][safepoint    ] Application time: 1.0002474 seconds
[2019-06-24T09:51:53.883+0000][1][safepoint    ] Entering safepoint region: Cleanup
[2019-06-24T09:51:53.883+0000][1][safepoint    ] Leaving safepoint region
[2019-06-24T09:51:53.883+0000][1][safepoint    ] Total time for which application threads were stopped: 0.0002777 seconds, Stopping threads took: 0.0000738 seconds
[2019-06-24T09:51:54.883+0000][1][safepoint    ] Application time: 1.0002378 seconds
[2019-06-24T09:51:54.883+0000][1][safepoint    ] Entering safepoint region: Cleanup
[2019-06-24T09:51:54.884+0000][1][safepoint    ] Leaving safepoint region
[2019-06-24T09:51:54.884+0000][1][safepoint    ] Total time for which application threads were stopped: 0.0002570 seconds, Stopping threads took: 0.0000983 seconds
[2019-06-24T09:51:55.884+0000][1][safepoint    ] Application time: 1.0000997 seconds
[2019-06-24T09:51:55.884+0000][1][safepoint    ] Entering safepoint region: Cleanup
[2019-06-24T09:51:55.884+0000][1][safepoint    ] Leaving safepoint region
[2019-06-24T09:51:55.884+0000][1][safepoint    ] Total time for which application threads were stopped: 0.0001074 seconds, Stopping threads took: 0.0000325 seconds
[2019-06-24T09:51:56.884+0000][1][safepoint    ] Application time: 1.0000867 seconds
[2019-06-24T09:51:56.884+0000][1][safepoint    ] Entering safepoint region: Cleanup
[2019-06-24T09:51:56.884+0000][1][safepoint    ] Leaving safepoint region
[2019-06-24T09:51:56.884+0000][1][safepoint    ] Total time for which application threads were stopped: 0.0001159 seconds, Stopping threads took: 0.0000373 seconds
[2019-06-24T09:51:57.884+0000][1][safepoint    ] Application time: 1.0001157 seconds
[2019-06-24T09:51:57.884+0000][1][safepoint    ] Entering safepoint region: Cleanup
[2019-06-24T09:51:57.884+0000][1][safepoint    ] Leaving safepoint region
[2019-06-24T09:51:57.884+0000][1][safepoint    ] Total time for which application threads were stopped: 0.0000810 seconds, Stopping threads took: 0.0000245 seconds
[2019-06-24T09:51:58.885+0000][1][safepoint    ] Application time: 1.0000926 seconds
[2019-06-24T09:51:58.885+0000][1][safepoint    ] Entering safepoint region: Cleanup
[2019-06-24T09:51:58.885+0000][1][safepoint    ] Leaving safepoint region
[2019-06-24T09:51:58.885+0000][1][safepoint    ] Total time for which application threads were stopped: 0.0001116 seconds, Stopping threads took: 0.0000344 seconds
[2019-06-24T09:51:59.885+0000][1][safepoint    ] Application time: 1.0000959 seconds
[2019-06-24T09:51:59.885+0000][1][safepoint    ] Entering safepoint region: Cleanup
[2019-06-24T09:51:59.885+0000][1][safepoint    ] Leaving safepoint region
[2019-06-24T09:51:59.885+0000][1][safepoint    ] Total time for which application threads were stopped: 0.0001359 seconds, Stopping threads took: 0.0000510 seconds
[2019-06-24T09:52:00.885+0000][1][safepoint    ] Application time: 1.0001038 seconds
[2019-06-24T09:52:00.885+0000][1][safepoint    ] Entering safepoint region: Cleanup
[2019-06-24T09:52:00.885+0000][1][safepoint    ] Leaving safepoint region
[2019-06-24T09:52:00.885+0000][1][safepoint    ] Total time for which application threads were stopped: 0.0001155 seconds, Stopping threads took: 0.0000366 seconds
[2019-06-24T09:52:01.886+0000][1][safepoint    ] Application time: 1.0001493 seconds
[2019-06-24T09:52:01.886+0000][1][safepoint    ] Entering safepoint region: Cleanup
[2019-06-24T09:52:01.886+0000][1][safepoint    ] Leaving safepoint region
[2019-06-24T09:52:01.886+0000][1][safepoint    ] Total time for which application threads were stopped: 0.0007890 seconds, Stopping threads took: 0.0000220 seconds
[2019-06-24T09:52:02.887+0000][1][safepoint    ] Application time: 1.0001472 seconds
[2019-06-24T09:52:02.887+0000][1][safepoint    ] Entering safepoint region: Cleanup
[2019-06-24T09:52:02.887+0000][1][safepoint    ] Leaving safepoint region
[2019-06-24T09:52:02.887+0000][1][safepoint    ] Total time for which application threads were stopped: 0.0000806 seconds, Stopping threads took: 0.0000267 seconds
[2019-06-24T09:52:03.887+0000][1][safepoint    ] Application time: 1.0001158 seconds
[2019-06-24T09:52:03.887+0000][1][safepoint    ] Entering safepoint region: Cleanup
[2019-06-24T09:52:03.887+0000][1][safepoint    ] Leaving safepoint region
[2019-06-24T09:52:03.887+0000][1][safepoint    ] Total time for which application threads were stopped: 0.0000774 seconds, Stopping threads took: 0.0000232 seconds
[2019-06-24T09:52:04.041+0000][1][safepoint    ] Application time: 0.1544316 seconds
[2019-06-24T09:52:04.041+0000][1][safepoint    ] Entering safepoint region: BulkRevokeBias
[2019-06-24T09:52:04.042+0000][1][safepoint    ] Leaving safepoint region
[2019-06-24T09:52:04.042+0000][1][safepoint    ] Total time for which application threads were stopped: 0.0004580 seconds, Stopping threads took: 0.0000595 seconds
[2019-06-24T09:52:04.042+0000][1][safepoint    ] Application time: 0.0004371 seconds
[2019-06-24T09:52:04.042+0000][1][safepoint    ] Entering safepoint region: BulkRevokeBias
[2019-06-24T09:52:04.043+0000][1][safepoint    ] Leaving safepoint region
[2019-06-24T09:52:04.043+0000][1][safepoint    ] Total time for which application threads were stopped: 0.0004056 seconds, Stopping threads took: 0.0000354 seconds
[2019-06-24T09:52:04.075+0000][1][safepoint    ] Application time: 0.0323238 seconds
[2019-06-24T09:52:04.075+0000][1][safepoint    ] Entering safepoint region: RevokeBias
[2019-06-24T09:52:04.075+0000][1][safepoint    ] Leaving safepoint region
[2019-06-24T09:52:04.075+0000][1][safepoint    ] Total time for which application threads were stopped: 0.0001622 seconds, Stopping threads took: 0.0000283 seconds
[2019-06-24T09:52:04.117+0000][1][safepoint    ] Application time: 0.0420641 seconds
[2019-06-24T09:52:04.117+0000][1][safepoint    ] Entering safepoint region: RevokeBias
[2019-06-24T09:52:04.118+0000][1][safepoint    ] Leaving safepoint region
[2019-06-24T09:52:04.118+0000][1][safepoint    ] Total time for which application threads were stopped: 0.0002104 seconds, Stopping threads took: 0.0001007 seconds
[2019-06-24T09:52:04.118+0000][1][safepoint    ] Application time: 0.0005836 seconds
[2019-06-24T09:52:04.118+0000][1][safepoint    ] Entering safepoint region: RevokeBias
[2019-06-24T09:52:04.118+0000][1][safepoint    ] Leaving safepoint region
[2019-06-24T09:52:04.118+0000][1][safepoint    ] Total time for which application threads were stopped: 0.0001670 seconds, Stopping threads took: 0.0000653 seconds
[2019-06-24T09:52:04.119+0000][1][safepoint    ] Application time: 0.0001942 seconds
[2019-06-24T09:52:04.119+0000][1][safepoint    ] Entering safepoint region: RevokeBias
[2019-06-24T09:52:04.119+0000][1][safepoint    ] Leaving safepoint region
[2019-06-24T09:52:04.119+0000][1][safepoint    ] Total time for which application threads were stopped: 0.0001101 seconds, Stopping threads took: 0.0000298 seconds
[2019-06-24T09:52:04.119+0000][1][safepoint    ] Application time: 0.0004323 seconds
[2019-06-24T09:52:04.119+0000][1][safepoint    ] Entering safepoint region: RevokeBias
[2019-06-24T09:52:04.119+0000][1][safepoint    ] Leaving safepoint region
[2019-06-24T09:52:04.119+0000][1][safepoint    ] Total time for which application threads were stopped: 0.0000953 seconds, Stopping threads took: 0.0000164 seconds
[2019-06-24T09:52:04.121+0000][1][safepoint    ] Application time: 0.0018597 seconds
[2019-06-24T09:52:04.121+0000][1][safepoint    ] Entering safepoint region: RevokeBias
[2019-06-24T09:52:04.121+0000][1][safepoint    ] Leaving safepoint region
[2019-06-24T09:52:04.121+0000][1][safepoint    ] Total time for which application threads were stopped: 0.0001443 seconds, Stopping threads took: 0.0000358 seconds
[2019-06-24T09:52:04.122+0000][1][safepoint    ] Application time: 0.0003393 seconds
[2019-06-24T09:52:04.122+0000][1][safepoint    ] Entering safepoint region: RevokeBias
[2019-06-24T09:52:04.122+0000][1][safepoint    ] Leaving safepoint region
[2019-06-24T09:52:04.122+0000][1][safepoint    ] Total time for which application threads were stopped: 0.0001363 seconds, Stopping threads took: 0.0000236 seconds
[2019-06-24T09:52:04.123+0000][1][safepoint    ] Application time: 0.0013600 seconds
[2019-06-24T09:52:04.123+0000][1][safepoint    ] Entering safepoint region: RevokeBias
[2019-06-24T09:52:04.123+0000][1][safepoint    ] Leaving safepoint region
[2019-06-24T09:52:04.123+0000][1][safepoint    ] Total time for which application threads were stopped: 0.0001341 seconds, Stopping threads took: 0.0000300 seconds
[2019-06-24T09:52:04.124+0000][1][safepoint    ] Application time: 0.0003444 seconds
[2019-06-24T09:52:04.124+0000][1][safepoint    ] Entering safepoint region: RevokeBias
[2019-06-24T09:52:04.124+0000][1][safepoint    ] Leaving safepoint region
[2019-06-24T09:52:04.124+0000][1][safepoint    ] Total time for which application threads were stopped: 0.0000938 seconds, Stopping threads took: 0.0000245 seconds
[2019-06-24T09:52:04.128+0000][1][safepoint    ] Application time: 0.0041403 seconds
[2019-06-24T09:52:04.128+0000][1][safepoint    ] Entering safepoint region: RevokeBias
[2019-06-24T09:52:04.128+0000][1][safepoint    ] Leaving safepoint region
[2019-06-24T09:52:04.128+0000][1][safepoint    ] Total time for which application threads were stopped: 0.0001275 seconds, Stopping threads took: 0.0000270 seconds
[2019-06-24T09:52:04.129+0000][1][safepoint    ] Application time: 0.0003967 seconds
[2019-06-24T09:52:04.129+0000][1][safepoint    ] Entering safepoint region: RevokeBias
[2019-06-24T09:52:04.129+0000][1][safepoint    ] Leaving safepoint region
[2019-06-24T09:52:04.129+0000][1][safepoint    ] Total time for which application threads were stopped: 0.0001310 seconds, Stopping threads took: 0.0000570 seconds
[2019-06-24T09:52:04.129+0000][1][safepoint    ] Application time: 0.0002962 seconds
[2019-06-24T09:52:04.129+0000][1][safepoint    ] Entering safepoint region: RevokeBias
[2019-06-24T09:52:04.129+0000][1][safepoint    ] Leaving safepoint region
[2019-06-24T09:52:04.129+0000][1][safepoint    ] Total time for which application threads were stopped: 0.0001124 seconds, Stopping threads took: 0.0000214 seconds
[2019-06-24T09:52:04.129+0000][1][safepoint    ] Application time: 0.0002710 seconds
[2019-06-24T09:52:04.129+0000][1][safepoint    ] Entering safepoint region: RevokeBias
[2019-06-24T09:52:04.130+0000][1][safepoint    ] Leaving safepoint region
[2019-06-24T09:52:04.130+0000][1][safepoint    ] Total time for which application threads were stopped: 0.0000985 seconds, Stopping threads took: 0.0000183 seconds
[2019-06-24T09:52:04.135+0000][1][safepoint    ] Application time: 0.0051897 seconds
[2019-06-24T09:52:04.135+0000][1][safepoint    ] Entering safepoint region: RevokeBias
[2019-06-24T09:52:04.135+0000][1][safepoint    ] Leaving safepoint region
[2019-06-24T09:52:04.135+0000][1][safepoint    ] Total time for which application threads were stopped: 0.0001613 seconds, Stopping threads took: 0.0000320 seconds
[2019-06-24T09:52:04.135+0000][1][safepoint    ] Application time: 0.0003080 seconds
[2019-06-24T09:52:04.135+0000][1][safepoint    ] Entering safepoint region: RevokeBias
[2019-06-24T09:52:04.135+0000][1][safepoint    ] Leaving safepoint region
[2019-06-24T09:52:04.135+0000][1][safepoint    ] Total time for which application threads were stopped: 0.0002082 seconds, Stopping threads took: 0.0001099 seconds
[2019-06-24T09:52:04.136+0000][1][safepoint    ] Application time: 0.0005059 seconds
[2019-06-24T09:52:04.136+0000][1][safepoint    ] Entering safepoint region: RevokeBias
[2019-06-24T09:52:04.136+0000][1][safepoint    ] Leaving safepoint region
[2019-06-24T09:52:04.136+0000][1][safepoint    ] Total time for which application threads were stopped: 0.0001029 seconds, Stopping threads took: 0.0000362 seconds
[2019-06-24T09:52:04.137+0000][1][safepoint    ] Application time: 0.0003666 seconds
[2019-06-24T09:52:04.137+0000][1][safepoint    ] Entering safepoint region: RevokeBias
[2019-06-24T09:52:04.137+0000][1][safepoint    ] Leaving safepoint region
[2019-06-24T09:52:04.137+0000][1][safepoint    ] Total time for which application threads were stopped: 0.0001116 seconds, Stopping threads took: 0.0000227 seconds
[2019-06-24T09:52:04.137+0000][1][safepoint    ] Application time: 0.0008335 seconds
[2019-06-24T09:52:04.138+0000][1][safepoint    ] Entering safepoint region: RevokeBias
[2019-06-24T09:52:04.138+0000][1][safepoint    ] Leaving safepoint region
[2019-06-24T09:52:04.138+0000][1][safepoint    ] Total time for which application threads were stopped: 0.0001315 seconds, Stopping threads took: 0.0000278 seconds
[2019-06-24T09:52:04.138+0000][1][safepoint    ] Application time: 0.0003814 seconds
[2019-06-24T09:52:04.138+0000][1][safepoint    ] Entering safepoint region: RevokeBias
[2019-06-24T09:52:04.138+0000][1][safepoint    ] Leaving safepoint region
[2019-06-24T09:52:04.138+0000][1][safepoint    ] Total time for which application threads were stopped: 0.0001599 seconds, Stopping threads took: 0.0000558 seconds
[2019-06-24T09:52:04.139+0000][1][safepoint    ] Application time: 0.0002901 seconds
[2019-06-24T09:52:04.139+0000][1][safepoint    ] Entering safepoint region: RevokeBias
[2019-06-24T09:52:04.139+0000][1][safepoint    ] Leaving safepoint region
[2019-06-24T09:52:04.139+0000][1][safepoint    ] Total time for which application threads were stopped: 0.0001271 seconds, Stopping threads took: 0.0000496 seconds
[2019-06-24T09:52:04.140+0000][1][safepoint    ] Application time: 0.0015398 seconds
[2019-06-24T09:52:04.140+0000][1][safepoint    ] Entering safepoint region: RevokeBias
[2019-06-24T09:52:04.140+0000][1][safepoint    ] Leaving safepoint region
[2019-06-24T09:52:04.140+0000][1][safepoint    ] Total time for which application threads were stopped: 0.0001158 seconds, Stopping threads took: 0.0000305 seconds
[2019-06-24T09:52:04.141+0000][1][safepoint    ] Application time: 0.0002978 seconds
[2019-06-24T09:52:04.141+0000][1][safepoint    ] Entering safepoint region: RevokeBias
[2019-06-24T09:52:04.141+0000][1][safepoint    ] Leaving safepoint region
[2019-06-24T09:52:04.141+0000][1][safepoint    ] Total time for which application threads were stopped: 0.0000926 seconds, Stopping threads took: 0.0000233 seconds
[2019-06-24T09:52:04.150+0000][1][safepoint    ] Application time: 0.0096487 seconds
[2019-06-24T09:52:04.151+0000][1][safepoint    ] Entering safepoint region: RevokeBias
[2019-06-24T09:52:04.151+0000][1][safepoint    ] Leaving safepoint region
[2019-06-24T09:52:04.151+0000][1][safepoint    ] Total time for which application threads were stopped: 0.0002303 seconds, Stopping threads took: 0.0000587 seconds
[2019-06-24T09:52:04.155+0000][1][safepoint    ] Application time: 0.0041306 seconds
[2019-06-24T09:52:04.155+0000][1][safepoint    ] Entering safepoint region: RevokeBias
[2019-06-24T09:52:04.155+0000][1][safepoint    ] Leaving safepoint region
[2019-06-24T09:52:04.155+0000][1][safepoint    ] Total time for which application threads were stopped: 0.0001774 seconds, Stopping threads took: 0.0000432 seconds
[2019-06-24T09:52:04.155+0000][1][safepoint    ] Application time: 0.0002901 seconds
[2019-06-24T09:52:04.155+0000][1][safepoint    ] Entering safepoint region: RevokeBias
[2019-06-24T09:52:04.156+0000][1][safepoint    ] Leaving safepoint region
[2019-06-24T09:52:04.156+0000][1][safepoint    ] Total time for which application threads were stopped: 0.0001034 seconds, Stopping threads took: 0.0000169 seconds
[2019-06-24T09:52:04.158+0000][1][safepoint    ] Application time: 0.0022281 seconds
[2019-06-24T09:52:04.158+0000][1][safepoint    ] Entering safepoint region: RevokeBias
[2019-06-24T09:52:04.158+0000][1][safepoint    ] Leaving safepoint region
[2019-06-24T09:52:04.158+0000][1][safepoint    ] Total time for which application threads were stopped: 0.0001957 seconds, Stopping threads took: 0.0000599 seconds
[2019-06-24T09:52:04.158+0000][1][safepoint    ] Application time: 0.0003256 seconds
[2019-06-24T09:52:04.159+0000][1][safepoint    ] Entering safepoint region: RevokeBias
[2019-06-24T09:52:04.159+0000][1][safepoint    ] Leaving safepoint region
[2019-06-24T09:52:04.159+0000][1][safepoint    ] Total time for which application threads were stopped: 0.0002688 seconds, Stopping threads took: 0.0001627 seconds
[2019-06-24T09:52:04.159+0000][1][safepoint    ] Application time: 0.0001140 seconds
[2019-06-24T09:52:04.159+0000][1][safepoint    ] Entering safepoint region: RevokeBias
[2019-06-24T09:52:04.159+0000][1][safepoint    ] Leaving safepoint region
[2019-06-24T09:52:04.159+0000][1][safepoint    ] Total time for which application threads were stopped: 0.0001626 seconds, Stopping threads took: 0.0000932 seconds
[2019-06-24T09:52:04.159+0000][1][safepoint    ] Application time: 0.0001112 seconds
[2019-06-24T09:52:04.159+0000][1][safepoint    ] Entering safepoint region: RevokeBias
[2019-06-24T09:52:04.159+0000][1][safepoint    ] Leaving safepoint region
[2019-06-24T09:52:04.159+0000][1][safepoint    ] Total time for which application threads were stopped: 0.0001344 seconds, Stopping threads took: 0.0000213 seconds
[2019-06-24T09:52:04.160+0000][1][safepoint    ] Application time: 0.0002581 seconds
[2019-06-24T09:52:04.160+0000][1][safepoint    ] Entering safepoint region: RevokeBias
[2019-06-24T09:52:04.160+0000][1][safepoint    ] Leaving safepoint region
[2019-06-24T09:52:04.160+0000][1][safepoint    ] Total time for which application threads were stopped: 0.0001616 seconds, Stopping threads took: 0.0000812 seconds
[2019-06-24T09:52:04.160+0000][1][safepoint    ] Application time: 0.0001639 seconds
[2019-06-24T09:52:04.160+0000][1][safepoint    ] Entering safepoint region: RevokeBias
[2019-06-24T09:52:04.160+0000][1][safepoint    ] Leaving safepoint region
[2019-06-24T09:52:04.160+0000][1][safepoint    ] Total time for which application threads were stopped: 0.0001567 seconds, Stopping threads took: 0.0000729 seconds
[2019-06-24T09:52:04.165+0000][1][safepoint    ] Application time: 0.0047846 seconds
[2019-06-24T09:52:04.165+0000][1][safepoint    ] Entering safepoint region: RevokeBias
[2019-06-24T09:52:04.165+0000][1][safepoint    ] Leaving safepoint region
[2019-06-24T09:52:04.165+0000][1][safepoint    ] Total time for which application threads were stopped: 0.0006169 seconds, Stopping threads took: 0.0000615 seconds
[2019-06-24T09:52:04.167+0000][1][safepoint    ] Application time: 0.0011602 seconds
[2019-06-24T09:52:04.167+0000][1][safepoint    ] Entering safepoint region: RevokeBias
[2019-06-24T09:52:04.167+0000][1][safepoint    ] Leaving safepoint region
[2019-06-24T09:52:04.167+0000][1][safepoint    ] Total time for which application threads were stopped: 0.0004601 seconds, Stopping threads took: 0.0000681 seconds
[2019-06-24T09:52:04.168+0000][1][safepoint    ] Application time: 0.0009166 seconds
[2019-06-24T09:52:04.168+0000][1][safepoint    ] Entering safepoint region: RevokeBias
[2019-06-24T09:52:04.168+0000][1][safepoint    ] Leaving safepoint region
[2019-06-24T09:52:04.168+0000][1][safepoint    ] Total time for which application threads were stopped: 0.0002780 seconds, Stopping threads took: 0.0001617 seconds
[2019-06-24T09:52:04.170+0000][1][safepoint    ] Application time: 0.0014788 seconds
[2019-06-24T09:52:04.170+0000][1][safepoint    ] Entering safepoint region: RevokeBias
[2019-06-24T09:52:04.170+0000][1][safepoint    ] Leaving safepoint region
[2019-06-24T09:52:04.170+0000][1][safepoint    ] Total time for which application threads were stopped: 0.0001665 seconds, Stopping threads took: 0.0000368 seconds
[2019-06-24T09:52:04.170+0000][1][safepoint    ] Application time: 0.0001016 seconds
[2019-06-24T09:52:04.170+0000][1][safepoint    ] Entering safepoint region: RevokeBias
[2019-06-24T09:52:04.170+0000][1][safepoint    ] Leaving safepoint region
[2019-06-24T09:52:04.170+0000][1][safepoint    ] Total time for which application threads were stopped: 0.0001111 seconds, Stopping threads took: 0.0000284 seconds
[2019-06-24T09:52:04.171+0000][1][safepoint    ] Application time: 0.0005546 seconds
[2019-06-24T09:52:04.171+0000][1][safepoint    ] Entering safepoint region: RevokeBias
[2019-06-24T09:52:04.171+0000][1][safepoint    ] Leaving safepoint region
[2019-06-24T09:52:04.171+0000][1][safepoint    ] Total time for which application threads were stopped: 0.0001916 seconds, Stopping threads took: 0.0001017 seconds
[2019-06-24T09:52:04.171+0000][1][safepoint    ] Application time: 0.0003266 seconds
[2019-06-24T09:52:04.172+0000][1][safepoint    ] Entering safepoint region: RevokeBias
[2019-06-24T09:52:04.172+0000][1][safepoint    ] Leaving safepoint region
[2019-06-24T09:52:04.172+0000][1][safepoint    ] Total time for which application threads were stopped: 0.0002261 seconds, Stopping threads took: 0.0001476 seconds
[2019-06-24T09:52:04.175+0000][1][safepoint    ] Application time: 0.0029624 seconds
[2019-06-24T09:52:04.175+0000][1][safepoint    ] Entering safepoint region: RevokeBias
[2019-06-24T09:52:04.175+0000][1][safepoint    ] Leaving safepoint region
[2019-06-24T09:52:04.175+0000][1][safepoint    ] Total time for which application threads were stopped: 0.0001553 seconds, Stopping threads took: 0.0000397 seconds
[2019-06-24T09:52:04.175+0000][1][safepoint    ] Application time: 0.0003614 seconds
[2019-06-24T09:52:04.176+0000][1][safepoint    ] Entering safepoint region: RevokeBias
[2019-06-24T09:52:04.176+0000][1][safepoint    ] Leaving safepoint region
[2019-06-24T09:52:04.176+0000][1][safepoint    ] Total time for which application threads were stopped: 0.0001984 seconds, Stopping threads took: 0.0000779 seconds
[2019-06-24T09:52:04.176+0000][1][safepoint    ] Application time: 0.0007690 seconds
[2019-06-24T09:52:04.177+0000][1][safepoint    ] Entering safepoint region: RevokeBias
[2019-06-24T09:52:04.177+0000][1][safepoint    ] Leaving safepoint region
[2019-06-24T09:52:04.177+0000][1][safepoint    ] Total time for which application threads were stopped: 0.0001510 seconds, Stopping threads took: 0.0000666 seconds
[2019-06-24T09:52:04.178+0000][1][safepoint    ] Application time: 0.0017618 seconds
[2019-06-24T09:52:04.178+0000][1][safepoint    ] Entering safepoint region: RevokeBias
[2019-06-24T09:52:04.179+0000][1][safepoint    ] Leaving safepoint region
[2019-06-24T09:52:04.179+0000][1][safepoint    ] Total time for which application threads were stopped: 0.0001482 seconds, Stopping threads took: 0.0000548 seconds
[2019-06-24T09:52:04.213+0000][1][safepoint    ] Application time: 0.0347869 seconds
[2019-06-24T09:52:04.213+0000][1][safepoint    ] Entering safepoint region: RevokeBias
[2019-06-24T09:52:04.214+0000][1][safepoint    ] Leaving safepoint region
[2019-06-24T09:52:04.214+0000][1][safepoint    ] Total time for which application threads were stopped: 0.0001766 seconds, Stopping threads took: 0.0000326 seconds
[2019-06-24T09:52:04.219+0000][1][safepoint    ] Application time: 0.0055140 seconds
[2019-06-24T09:52:04.219+0000][1][safepoint    ] Entering safepoint region: RevokeBias
[2019-06-24T09:52:04.219+0000][1][safepoint    ] Leaving safepoint region
[2019-06-24T09:52:04.219+0000][1][safepoint    ] Total time for which application threads were stopped: 0.0001572 seconds, Stopping threads took: 0.0000405 seconds
[2019-06-24T09:52:04.273+0000][1][safepoint    ] Application time: 0.0533339 seconds
[2019-06-24T09:52:04.273+0000][1][safepoint    ] Entering safepoint region: RevokeBias
[2019-06-24T09:52:04.273+0000][1][safepoint    ] Leaving safepoint region
[2019-06-24T09:52:04.273+0000][1][safepoint    ] Total time for which application threads were stopped: 0.0001944 seconds, Stopping threads took: 0.0000504 seconds
[2019-06-24T09:52:04.375+0000][1][safepoint    ] Application time: 0.1023921 seconds
[2019-06-24T09:52:04.376+0000][1][safepoint    ] Entering safepoint region: RevokeBias
[2019-06-24T09:52:04.376+0000][1][safepoint    ] Leaving safepoint region
[2019-06-24T09:52:04.376+0000][1][safepoint    ] Total time for which application threads were stopped: 0.0002070 seconds, Stopping threads took: 0.0000848 seconds
[2019-06-24T09:52:04.389+0000][1][safepoint    ] Application time: 0.0131933 seconds
[2019-06-24T09:52:04.389+0000][1][safepoint    ] Entering safepoint region: RevokeBias
[2019-06-24T09:52:04.389+0000][1][safepoint    ] Leaving safepoint region
[2019-06-24T09:52:04.389+0000][1][safepoint    ] Total time for which application threads were stopped: 0.0002523 seconds, Stopping threads took: 0.0000730 seconds
[2019-06-24T09:52:04.401+0000][1][safepoint    ] Application time: 0.0116626 seconds
[2019-06-24T09:52:04.403+0000][1][safepoint    ] Entering safepoint region: RevokeBias
[2019-06-24T09:52:04.403+0000][1][safepoint    ] Leaving safepoint region
[2019-06-24T09:52:04.403+0000][1][safepoint    ] Total time for which application threads were stopped: 0.0018974 seconds, Stopping threads took: 0.0017397 seconds
[2019-06-24T09:52:04.403+0000][1][safepoint    ] Application time: 0.0004315 seconds
[2019-06-24T09:52:04.403+0000][1][safepoint    ] Entering safepoint region: RevokeBias
[2019-06-24T09:52:04.403+0000][1][safepoint    ] Leaving safepoint region
[2019-06-24T09:52:04.403+0000][1][safepoint    ] Total time for which application threads were stopped: 0.0001831 seconds, Stopping threads took: 0.0000686 seconds
[2019-06-24T09:52:04.405+0000][1][safepoint    ] Application time: 0.0017359 seconds
[2019-06-24T09:52:04.405+0000][1][safepoint    ] Entering safepoint region: RevokeBias
[2019-06-24T09:52:04.406+0000][1][safepoint    ] Leaving safepoint region
[2019-06-24T09:52:04.406+0000][1][safepoint    ] Total time for which application threads were stopped: 0.0004243 seconds, Stopping threads took: 0.0001857 seconds
[2019-06-24T09:52:04.409+0000][1][safepoint    ] Application time: 0.0033409 seconds
[2019-06-24T09:52:04.409+0000][1][safepoint    ] Entering safepoint region: RevokeBias
[2019-06-24T09:52:04.409+0000][1][safepoint    ] Leaving safepoint region
[2019-06-24T09:52:04.409+0000][1][safepoint    ] Total time for which application threads were stopped: 0.0002112 seconds, Stopping threads took: 0.0001108 seconds
[2019-06-24T09:52:04.414+0000][1][safepoint    ] Application time: 0.0044543 seconds
[2019-06-24T09:52:04.415+0000][1][safepoint    ] Entering safepoint region: RevokeBias
[2019-06-24T09:52:04.415+0000][1][safepoint    ] Leaving safepoint region
[2019-06-24T09:52:04.415+0000][1][safepoint    ] Total time for which application threads were stopped: 0.0009607 seconds, Stopping threads took: 0.0008082 seconds
[2019-06-24T09:52:04.425+0000][1][safepoint    ] Application time: 0.0104610 seconds
[2019-06-24T09:52:04.426+0000][1][safepoint    ] Entering safepoint region: RevokeBias
[2019-06-24T09:52:04.426+0000][1][safepoint    ] Leaving safepoint region
[2019-06-24T09:52:04.426+0000][1][safepoint    ] Total time for which application threads were stopped: 0.0003483 seconds, Stopping threads took: 0.0001304 seconds
[2019-06-24T09:52:04.443+0000][1][safepoint    ] Application time: 0.0176709 seconds
[2019-06-24T09:52:04.444+0000][1][safepoint    ] Entering safepoint region: RevokeBias
[2019-06-24T09:52:04.444+0000][1][safepoint    ] Leaving safepoint region
[2019-06-24T09:52:04.444+0000][1][safepoint    ] Total time for which application threads were stopped: 0.0004073 seconds, Stopping threads took: 0.0002697 seconds
[2019-06-24T09:52:04.444+0000][1][safepoint    ] Application time: 0.0001013 seconds
[2019-06-24T09:52:04.444+0000][1][safepoint    ] Entering safepoint region: BulkRevokeBias
[2019-06-24T09:52:04.445+0000][1][safepoint    ] Leaving safepoint region
[2019-06-24T09:52:04.445+0000][1][safepoint    ] Total time for which application threads were stopped: 0.0008216 seconds, Stopping threads took: 0.0001327 seconds
[2019-06-24T09:52:04.445+0000][1][safepoint    ] Application time: 0.0004516 seconds
[2019-06-24T09:52:04.445+0000][1][safepoint    ] Entering safepoint region: RevokeBias
[2019-06-24T09:52:04.446+0000][1][safepoint    ] Leaving safepoint region
[2019-06-24T09:52:04.446+0000][1][safepoint    ] Total time for which application threads were stopped: 0.0001837 seconds, Stopping threads took: 0.0000720 seconds
[2019-06-24T09:52:04.476+0000][1][safepoint    ] Application time: 0.0308365 seconds
[2019-06-24T09:52:04.477+0000][1][safepoint    ] Entering safepoint region: RevokeBias
[2019-06-24T09:52:04.477+0000][1][safepoint    ] Leaving safepoint region
[2019-06-24T09:52:04.477+0000][1][safepoint    ] Total time for which application threads were stopped: 0.0001958 seconds, Stopping threads took: 0.0000640 seconds
[2019-06-24T09:52:04.483+0000][1][safepoint    ] Application time: 0.0065606 seconds
[2019-06-24T09:52:04.483+0000][1][safepoint    ] Entering safepoint region: RevokeBias
[2019-06-24T09:52:04.483+0000][1][safepoint    ] Leaving safepoint region
[2019-06-24T09:52:04.483+0000][1][safepoint    ] Total time for which application threads were stopped: 0.0001616 seconds, Stopping threads took: 0.0000776 seconds
[2019-06-24T09:52:04.491+0000][1][safepoint    ] Application time: 0.0077911 seconds
[2019-06-24T09:52:04.492+0000][1][safepoint    ] Entering safepoint region: RevokeBias
[2019-06-24T09:52:04.493+0000][1][safepoint    ] Leaving safepoint region
[2019-06-24T09:52:04.493+0000][1][safepoint    ] Total time for which application threads were stopped: 0.0014296 seconds, Stopping threads took: 0.0012433 seconds
[2019-06-24T09:52:04.504+0000][1][safepoint    ] Application time: 0.0110025 seconds
[2019-06-24T09:52:04.504+0000][1][safepoint    ] Entering safepoint region: RevokeBias
[2019-06-24T09:52:04.504+0000][1][safepoint    ] Leaving safepoint region
[2019-06-24T09:52:04.504+0000][1][safepoint    ] Total time for which application threads were stopped: 0.0002011 seconds, Stopping threads took: 0.0000441 seconds
[2019-06-24T09:52:04.505+0000][1][safepoint    ] Application time: 0.0006410 seconds
[2019-06-24T09:52:04.505+0000][1][safepoint    ] Entering safepoint region: RevokeBias
[2019-06-24T09:52:04.505+0000][1][safepoint    ] Leaving safepoint region
[2019-06-24T09:52:04.505+0000][1][safepoint    ] Total time for which application threads were stopped: 0.0001782 seconds, Stopping threads took: 0.0000339 seconds
[2019-06-24T09:52:04.508+0000][1][safepoint    ] Application time: 0.0032268 seconds
[2019-06-24T09:52:04.508+0000][1][safepoint    ] Entering safepoint region: RevokeBias
[2019-06-24T09:52:04.508+0000][1][safepoint    ] Leaving safepoint region
[2019-06-24T09:52:04.509+0000][1][safepoint    ] Total time for which application threads were stopped: 0.0003293 seconds, Stopping threads took: 0.0000977 seconds
[2019-06-24T09:52:04.509+0000][1][safepoint    ] Application time: 0.0001609 seconds
[2019-06-24T09:52:04.509+0000][1][safepoint    ] Entering safepoint region: RevokeBias
[2019-06-24T09:52:04.509+0000][1][safepoint    ] Leaving safepoint region
[2019-06-24T09:52:04.509+0000][1][safepoint    ] Total time for which application threads were stopped: 0.0001889 seconds, Stopping threads took: 0.0000628 seconds
[2019-06-24T09:52:04.509+0000][1][safepoint    ] Application time: 0.0004783 seconds
[2019-06-24T09:52:04.509+0000][1][safepoint    ] Entering safepoint region: RevokeBias
[2019-06-24T09:52:04.510+0000][1][safepoint    ] Leaving safepoint region
[2019-06-24T09:52:04.510+0000][1][safepoint    ] Total time for which application threads were stopped: 0.0002064 seconds, Stopping threads took: 0.0000501 seconds
[2019-06-24T09:52:04.603+0000][1][safepoint    ] Application time: 0.0936602 seconds
[2019-06-24T09:52:04.603+0000][1][safepoint    ] Entering safepoint region: Deoptimize
[2019-06-24T09:52:04.604+0000][1][safepoint    ] Leaving safepoint region
[2019-06-24T09:52:04.604+0000][1][safepoint    ] Total time for which application threads were stopped: 0.0009928 seconds, Stopping threads took: 0.0000286 seconds
[2019-06-24T09:52:04.686+0000][1][safepoint    ] Application time: 0.0818338 seconds
[2019-06-24T09:52:04.686+0000][1][safepoint    ] Entering safepoint region: RevokeBias
[2019-06-24T09:52:04.686+0000][1][safepoint    ] Leaving safepoint region
[2019-06-24T09:52:04.686+0000][1][safepoint    ] Total time for which application threads were stopped: 0.0001758 seconds, Stopping threads took: 0.0000261 seconds
[2019-06-24T09:52:04.687+0000][1][safepoint    ] Application time: 0.0003067 seconds
[2019-06-24T09:52:04.687+0000][1][safepoint    ] Entering safepoint region: RevokeBias
[2019-06-24T09:52:04.687+0000][1][safepoint    ] Leaving safepoint region
[2019-06-24T09:52:04.687+0000][1][safepoint    ] Total time for which application threads were stopped: 0.0000755 seconds, Stopping threads took: 0.0000142 seconds
[2019-06-24T09:52:04.777+0000][1][safepoint    ] Application time: 0.0904388 seconds
[2019-06-24T09:52:04.777+0000][1][safepoint    ] Entering safepoint region: RevokeBias
[2019-06-24T09:52:04.777+0000][1][safepoint    ] Leaving safepoint region
[2019-06-24T09:52:04.777+0000][1][safepoint    ] Total time for which application threads were stopped: 0.0001333 seconds, Stopping threads took: 0.0000425 seconds
[2019-06-24T09:52:04.779+0000][1][safepoint    ] Application time: 0.0012367 seconds
[2019-06-24T09:52:04.779+0000][1][safepoint    ] Entering safepoint region: RevokeBias
[2019-06-24T09:52:04.779+0000][1][safepoint    ] Leaving safepoint region
[2019-06-24T09:52:04.779+0000][1][safepoint    ] Total time for which application threads were stopped: 0.0001003 seconds, Stopping threads took: 0.0000248 seconds
[2019-06-24T09:52:04.779+0000][1][safepoint    ] Application time: 0.0000808 seconds
[2019-06-24T09:52:04.779+0000][1][safepoint    ] Entering safepoint region: RevokeBias
[2019-06-24T09:52:04.779+0000][1][safepoint    ] Leaving safepoint region
[2019-06-24T09:52:04.779+0000][1][safepoint    ] Total time for which application threads were stopped: 0.0000828 seconds, Stopping threads took: 0.0000288 seconds
[2019-06-24T09:52:04.800+0000][1][safepoint    ] Application time: 0.0212351 seconds
[2019-06-24T09:52:04.800+0000][1][safepoint    ] Entering safepoint region: RevokeBias
[2019-06-24T09:52:04.800+0000][1][safepoint    ] Leaving safepoint region
[2019-06-24T09:52:04.800+0000][1][safepoint    ] Total time for which application threads were stopped: 0.0001364 seconds, Stopping threads took: 0.0000258 seconds
[2019-06-24T09:52:04.801+0000][1][safepoint    ] Application time: 0.0001222 seconds
[2019-06-24T09:52:04.801+0000][1][safepoint    ] Entering safepoint region: RevokeBias
[2019-06-24T09:52:04.801+0000][1][safepoint    ] Leaving safepoint region
[2019-06-24T09:52:04.801+0000][1][safepoint    ] Total time for which application threads were stopped: 0.0000921 seconds, Stopping threads took: 0.0000156 seconds
[2019-06-24T09:52:04.818+0000][1][safepoint    ] Application time: 0.0172038 seconds
[2019-06-24T09:52:04.818+0000][1][safepoint    ] Entering safepoint region: RevokeBias
[2019-06-24T09:52:04.818+0000][1][safepoint    ] Leaving safepoint region
[2019-06-24T09:52:04.818+0000][1][safepoint    ] Total time for which application threads were stopped: 0.0001170 seconds, Stopping threads took: 0.0000275 seconds
[2019-06-24T09:52:04.871+0000][1][safepoint    ] Application time: 0.0527783 seconds
[2019-06-24T09:52:04.871+0000][1][safepoint    ] Entering safepoint region: RevokeBias
[2019-06-24T09:52:04.871+0000][1][safepoint    ] Leaving safepoint region
[2019-06-24T09:52:04.871+0000][1][safepoint    ] Total time for which application threads were stopped: 0.0001896 seconds, Stopping threads took: 0.0000457 seconds
[2019-06-24T09:52:04.871+0000][1][safepoint    ] Application time: 0.0002216 seconds
[2019-06-24T09:52:04.871+0000][1][safepoint    ] Entering safepoint region: RevokeBias
[2019-06-24T09:52:04.871+0000][1][safepoint    ] Leaving safepoint region
[2019-06-24T09:52:04.871+0000][1][safepoint    ] Total time for which application threads were stopped: 0.0001084 seconds, Stopping threads took: 0.0000197 seconds
[2019-06-24T09:52:04.887+0000][1][safepoint    ] Application time: 0.0152853 seconds
[2019-06-24T09:52:04.887+0000][1][safepoint    ] Entering safepoint region: RevokeBias
[2019-06-24T09:52:04.887+0000][1][safepoint    ] Leaving safepoint region
[2019-06-24T09:52:04.887+0000][1][safepoint    ] Total time for which application threads were stopped: 0.0001759 seconds, Stopping threads took: 0.0000282 seconds
[2019-06-24T09:52:04.935+0000][1][safepoint    ] Application time: 0.0478309 seconds
[2019-06-24T09:52:04.935+0000][1][safepoint    ] Entering safepoint region: RevokeBias
[2019-06-24T09:52:04.935+0000][1][safepoint    ] Leaving safepoint region
[2019-06-24T09:52:04.935+0000][1][safepoint    ] Total time for which application threads were stopped: 0.0001801 seconds, Stopping threads took: 0.0000332 seconds
[2019-06-24T09:52:05.005+0000][1][safepoint    ] Application time: 0.0703761 seconds
[2019-06-24T09:52:05.005+0000][1][safepoint    ] Entering safepoint region: RevokeBias
[2019-06-24T09:52:05.006+0000][1][safepoint    ] Leaving safepoint region
[2019-06-24T09:52:05.006+0000][1][safepoint    ] Total time for which application threads were stopped: 0.0001918 seconds, Stopping threads took: 0.0000375 seconds
[2019-06-24T09:52:05.144+0000][1][safepoint    ] Application time: 0.1383329 seconds
[2019-06-24T09:52:05.144+0000][1][safepoint    ] Entering safepoint region: RevokeBias
[2019-06-24T09:52:05.144+0000][1][safepoint    ] Leaving safepoint region
[2019-06-24T09:52:05.144+0000][1][safepoint    ] Total time for which application threads were stopped: 0.0002205 seconds, Stopping threads took: 0.0000474 seconds
[2019-06-24T09:52:05.275+0000][1][safepoint    ] Application time: 0.1310933 seconds
[2019-06-24T09:52:05.276+0000][1][safepoint    ] Entering safepoint region: RevokeBias
[2019-06-24T09:52:05.276+0000][1][safepoint    ] Leaving safepoint region
[2019-06-24T09:52:05.276+0000][1][safepoint    ] Total time for which application threads were stopped: 0.0004343 seconds, Stopping threads took: 0.0000950 seconds
[2019-06-24T09:52:05.413+0000][1][safepoint    ] Application time: 0.1372013 seconds
[2019-06-24T09:52:05.413+0000][1][safepoint    ] Entering safepoint region: RevokeBias
[2019-06-24T09:52:05.413+0000][1][safepoint    ] Leaving safepoint region
[2019-06-24T09:52:05.413+0000][1][safepoint    ] Total time for which application threads were stopped: 0.0002633 seconds, Stopping threads took: 0.0000694 seconds
[2019-06-24T09:52:05.422+0000][1][safepoint    ] Application time: 0.0088238 seconds
[2019-06-24T09:52:05.423+0000][1][safepoint    ] Entering safepoint region: GenCollectForAllocation
[2019-06-24T09:52:05.423+0000][1][gc,start     ] GC(46) Pause Young (Allocation Failure)
[2019-06-24T09:52:05.423+0000][1][gc,task      ] GC(46) Using 5 workers of 8 for evacuation
[2019-06-24T09:52:05.427+0000][1][gc,age       ] GC(46) Desired survivor size 4456448 bytes, new threshold 6 (max threshold 6)
[2019-06-24T09:52:05.427+0000][1][gc,age       ] GC(46) Age table with threshold 6 (max threshold 6)
[2019-06-24T09:52:05.427+0000][1][gc,age       ] GC(46) - age   1:    1739616 bytes,    1739616 total
[2019-06-24T09:52:05.427+0000][1][gc,age       ] GC(46) - age   2:        600 bytes,    1740216 total
[2019-06-24T09:52:05.427+0000][1][gc,age       ] GC(46) - age   3:        456 bytes,    1740672 total
[2019-06-24T09:52:05.427+0000][1][gc,age       ] GC(46) - age   6:       7088 bytes,    1747760 total
[2019-06-24T09:52:05.427+0000][1][gc,heap      ] GC(46) ParNew: 69970K->1731K(78656K)
[2019-06-24T09:52:05.427+0000][1][gc,heap      ] GC(46) CMS: 69090K->69090K(174784K)
[2019-06-24T09:52:05.427+0000][1][gc,metaspace ] GC(46) Metaspace: 70463K->70463K(1114112K)
[2019-06-24T09:52:05.427+0000][1][gc           ] GC(46) Pause Young (Allocation Failure) 135M->69M(247M) 4.042ms
[2019-06-24T09:52:05.427+0000][1][gc,cpu       ] GC(46) User=0.01s Sys=0.01s Real=0.00s
[2019-06-24T09:52:05.427+0000][1][safepoint    ] Leaving safepoint region
[2019-06-24T09:52:05.427+0000][1][safepoint    ] Total time for which application threads were stopped: 0.0045534 seconds, Stopping threads took: 0.0002610 seconds
[2019-06-24T09:52:05.527+0000][1][safepoint    ] Application time: 0.0999726 seconds
[2019-06-24T09:52:05.527+0000][1][safepoint    ] Entering safepoint region: RevokeBias
[2019-06-24T09:52:05.527+0000][1][safepoint    ] Leaving safepoint region
[2019-06-24T09:52:05.527+0000][1][safepoint    ] Total time for which application threads were stopped: 0.0001941 seconds, Stopping threads took: 0.0000380 seconds
[2019-06-24T09:52:05.638+0000][1][safepoint    ] Application time: 0.1105609 seconds
[2019-06-24T09:52:05.638+0000][1][safepoint    ] Entering safepoint region: RevokeBias
[2019-06-24T09:52:05.638+0000][1][safepoint    ] Leaving safepoint region
[2019-06-24T09:52:05.638+0000][1][safepoint    ] Total time for which application threads were stopped: 0.0002735 seconds, Stopping threads took: 0.0000875 seconds
[2019-06-24T09:52:05.786+0000][1][safepoint    ] Application time: 0.1478416 seconds
[2019-06-24T09:52:05.786+0000][1][safepoint    ] Entering safepoint region: RevokeBias
[2019-06-24T09:52:05.786+0000][1][safepoint    ] Leaving safepoint region
[2019-06-24T09:52:05.786+0000][1][safepoint    ] Total time for which application threads were stopped: 0.0003115 seconds, Stopping threads took: 0.0001194 seconds
[2019-06-24T09:52:05.931+0000][1][safepoint    ] Application time: 0.1441094 seconds
[2019-06-24T09:52:05.931+0000][1][safepoint    ] Entering safepoint region: RevokeBias
[2019-06-24T09:52:05.931+0000][1][safepoint    ] Leaving safepoint region
[2019-06-24T09:52:05.931+0000][1][safepoint    ] Total time for which application threads were stopped: 0.0002503 seconds, Stopping threads took: 0.0000517 seconds
[2019-06-24T09:52:05.931+0000][1][safepoint    ] Application time: 0.0000831 seconds
[2019-06-24T09:52:05.931+0000][1][safepoint    ] Entering safepoint region: RevokeBias
[2019-06-24T09:52:05.931+0000][1][safepoint    ] Leaving safepoint region
[2019-06-24T09:52:05.931+0000][1][safepoint    ] Total time for which application threads were stopped: 0.0001657 seconds, Stopping threads took: 0.0000555 seconds
[2019-06-24T09:52:05.932+0000][1][safepoint    ] Application time: 0.0004816 seconds
[2019-06-24T09:52:05.932+0000][1][safepoint    ] Entering safepoint region: RevokeBias
[2019-06-24T09:52:05.932+0000][1][safepoint    ] Leaving safepoint region
[2019-06-24T09:52:05.933+0000][1][safepoint    ] Total time for which application threads were stopped: 0.0014916 seconds, Stopping threads took: 0.0000534 seconds
[2019-06-24T09:52:05.933+0000][1][safepoint    ] Application time: 0.0001904 seconds
[2019-06-24T09:52:05.933+0000][1][safepoint    ] Entering safepoint region: RevokeBias
[2019-06-24T09:52:05.934+0000][1][safepoint    ] Leaving safepoint region
[2019-06-24T09:52:05.934+0000][1][safepoint    ] Total time for which application threads were stopped: 0.0003170 seconds, Stopping threads took: 0.0001066 seconds
[2019-06-24T09:52:05.934+0000][1][safepoint    ] Application time: 0.0001036 seconds
[2019-06-24T09:52:05.934+0000][1][safepoint    ] Entering safepoint region: RevokeBias
[2019-06-24T09:52:05.934+0000][1][safepoint    ] Leaving safepoint region
[2019-06-24T09:52:05.934+0000][1][safepoint    ] Total time for which application threads were stopped: 0.0002082 seconds, Stopping threads took: 0.0000588 seconds
[2019-06-24T09:52:05.934+0000][1][safepoint    ] Application time: 0.0000898 seconds
[2019-06-24T09:52:05.934+0000][1][safepoint    ] Entering safepoint region: RevokeBias
[2019-06-24T09:52:05.934+0000][1][safepoint    ] Leaving safepoint region
[2019-06-24T09:52:05.934+0000][1][safepoint    ] Total time for which application threads were stopped: 0.0001682 seconds, Stopping threads took: 0.0000575 seconds
[2019-06-24T09:52:05.934+0000][1][safepoint    ] Application time: 0.0000741 seconds
[2019-06-24T09:52:05.935+0000][1][safepoint    ] Entering safepoint region: RevokeBias
[2019-06-24T09:52:05.937+0000][1][safepoint    ] Leaving safepoint region
[2019-06-24T09:52:05.937+0000][1][safepoint    ] Total time for which application threads were stopped: 0.0027769 seconds, Stopping threads took: 0.0023615 seconds
[2019-06-24T09:52:05.938+0000][1][safepoint    ] Application time: 0.0001543 seconds
[2019-06-24T09:52:05.938+0000][1][safepoint    ] Entering safepoint region: RevokeBias
[2019-06-24T09:52:05.938+0000][1][safepoint    ] Leaving safepoint region
[2019-06-24T09:52:05.938+0000][1][safepoint    ] Total time for which application threads were stopped: 0.0002116 seconds, Stopping threads took: 0.0000711 seconds
[2019-06-24T09:52:06.142+0000][1][safepoint    ] Application time: 0.2042866 seconds
[2019-06-24T09:52:06.142+0000][1][safepoint    ] Entering safepoint region: RevokeBias
[2019-06-24T09:52:06.142+0000][1][safepoint    ] Leaving safepoint region
[2019-06-24T09:52:06.142+0000][1][safepoint    ] Total time for which application threads were stopped: 0.0002448 seconds, Stopping threads took: 0.0000498 seconds
[2019-06-24T09:52:06.152+0000][1][safepoint    ] Application time: 0.0092220 seconds
[2019-06-24T09:52:06.152+0000][1][safepoint    ] Entering safepoint region: RevokeBias
[2019-06-24T09:52:06.152+0000][1][safepoint    ] Leaving safepoint region
[2019-06-24T09:52:06.152+0000][1][safepoint    ] Total time for which application threads were stopped: 0.0001729 seconds, Stopping threads took: 0.0000373 seconds
[2019-06-24T09:52:06.229+0000][1][safepoint    ] Application time: 0.0773978 seconds
[2019-06-24T09:52:06.232+0000][1][safepoint    ] Entering safepoint region: RevokeBias
[2019-06-24T09:52:06.232+0000][1][safepoint    ] Leaving safepoint region
[2019-06-24T09:52:06.232+0000][1][safepoint    ] Total time for which application threads were stopped: 0.0003125 seconds, Stopping threads took: 0.0001188 seconds
[2019-06-24T09:52:07.232+0000][1][safepoint    ] Application time: 1.0001967 seconds
[2019-06-24T09:52:07.232+0000][1][safepoint    ] Entering safepoint region: Cleanup
[2019-06-24T09:52:07.233+0000][1][safepoint    ] Leaving safepoint region
[2019-06-24T09:52:07.233+0000][1][safepoint    ] Total time for which application threads were stopped: 0.0004373 seconds, Stopping threads took: 0.0000780 seconds
[2019-06-24T09:52:08.233+0000][1][safepoint    ] Application time: 1.0002789 seconds
[2019-06-24T09:52:08.233+0000][1][safepoint    ] Entering safepoint region: Cleanup
[2019-06-24T09:52:08.234+0000][1][safepoint    ] Leaving safepoint region
[2019-06-24T09:52:08.234+0000][1][safepoint    ] Total time for which application threads were stopped: 0.0004063 seconds, Stopping threads took: 0.0000694 seconds
[2019-06-24T09:52:09.234+0000][1][safepoint    ] Application time: 1.0002833 seconds
[2019-06-24T09:52:09.234+0000][1][safepoint    ] Entering safepoint region: Cleanup
[2019-06-24T09:52:09.235+0000][1][safepoint    ] Leaving safepoint region
[2019-06-24T09:52:09.235+0000][1][safepoint    ] Total time for which application threads were stopped: 0.0004181 seconds, Stopping threads took: 0.0000717 seconds
[2019-06-24T09:52:10.235+0000][1][safepoint    ] Application time: 1.0001510 seconds
[2019-06-24T09:52:10.235+0000][1][safepoint    ] Entering safepoint region: Cleanup
[2019-06-24T09:52:10.235+0000][1][safepoint    ] Leaving safepoint region
[2019-06-24T09:52:10.235+0000][1][safepoint    ] Total time for which application threads were stopped: 0.0004343 seconds, Stopping threads took: 0.0000712 seconds
[2019-06-24T09:52:11.236+0000][1][safepoint    ] Application time: 1.0002712 seconds
[2019-06-24T09:52:11.236+0000][1][safepoint    ] Entering safepoint region: Cleanup
[2019-06-24T09:52:11.236+0000][1][safepoint    ] Leaving safepoint region
[2019-06-24T09:52:11.236+0000][1][safepoint    ] Total time for which application threads were stopped: 0.0003803 seconds, Stopping threads took: 0.0000721 seconds
[2019-06-24T09:52:12.237+0000][1][safepoint    ] Application time: 1.0003060 seconds
[2019-06-24T09:52:12.237+0000][1][safepoint    ] Entering safepoint region: Cleanup
[2019-06-24T09:52:12.237+0000][1][safepoint    ] Leaving safepoint region
[2019-06-24T09:52:12.237+0000][1][safepoint    ] Total time for which application threads were stopped: 0.0001914 seconds, Stopping threads took: 0.0000659 seconds
[2019-06-24T09:52:13.237+0000][1][safepoint    ] Application time: 1.0002526 seconds
[2019-06-24T09:52:13.237+0000][1][safepoint    ] Entering safepoint region: Cleanup
[2019-06-24T09:52:13.237+0000][1][safepoint    ] Leaving safepoint region
[2019-06-24T09:52:13.237+0000][1][safepoint    ] Total time for which application threads were stopped: 0.0002776 seconds, Stopping threads took: 0.0000685 seconds
[2019-06-24T09:52:14.238+0000][1][safepoint    ] Application time: 1.0001608 seconds
[2019-06-24T09:52:14.238+0000][1][safepoint    ] Entering safepoint region: Cleanup
[2019-06-24T09:52:14.238+0000][1][safepoint    ] Leaving safepoint region
[2019-06-24T09:52:14.238+0000][1][safepoint    ] Total time for which application threads were stopped: 0.0001521 seconds, Stopping threads took: 0.0000323 seconds
[2019-06-24T09:52:15.238+0000][1][safepoint    ] Application time: 1.0002620 seconds
[2019-06-24T09:52:15.238+0000][1][safepoint    ] Entering safepoint region: Cleanup
[2019-06-24T09:52:15.239+0000][1][safepoint    ] Leaving safepoint region
[2019-06-24T09:52:15.239+0000][1][safepoint    ] Total time for which application threads were stopped: 0.0004516 seconds, Stopping threads took: 0.0000942 seconds
[2019-06-24T09:52:16.110+0000][1][safepoint    ] Application time: 0.8714759 seconds
[2019-06-24T09:52:16.110+0000][1][safepoint    ] Entering safepoint region: RevokeBias
[2019-06-24T09:52:16.111+0000][1][safepoint    ] Leaving safepoint region
[2019-06-24T09:52:16.111+0000][1][safepoint    ] Total time for which application threads were stopped: 0.0003940 seconds, Stopping threads took: 0.0000579 seconds
[2019-06-24T09:52:17.111+0000][1][safepoint    ] Application time: 1.0001588 seconds
[2019-06-24T09:52:17.111+0000][1][safepoint    ] Entering safepoint region: Cleanup
[2019-06-24T09:52:17.111+0000][1][safepoint    ] Leaving safepoint region
[2019-06-24T09:52:17.111+0000][1][safepoint    ] Total time for which application threads were stopped: 0.0004118 seconds, Stopping threads took: 0.0000798 seconds
[2019-06-24T09:52:18.112+0000][1][safepoint    ] Application time: 1.0002370 seconds
[2019-06-24T09:52:18.112+0000][1][safepoint    ] Entering safepoint region: Cleanup
[2019-06-24T09:52:18.112+0000][1][safepoint    ] Leaving safepoint region
[2019-06-24T09:52:18.112+0000][1][safepoint    ] Total time for which application threads were stopped: 0.0003461 seconds, Stopping threads took: 0.0000884 seconds
[2019-06-24T09:52:19.112+0000][1][safepoint    ] Application time: 1.0002751 seconds
[2019-06-24T09:52:19.113+0000][1][safepoint    ] Entering safepoint region: Cleanup
[2019-06-24T09:52:19.113+0000][1][safepoint    ] Leaving safepoint region
[2019-06-24T09:52:19.113+0000][1][safepoint    ] Total time for which application threads were stopped: 0.0003403 seconds, Stopping threads took: 0.0000901 seconds
[2019-06-24T09:52:20.113+0000][1][safepoint    ] Application time: 1.0002102 seconds
[2019-06-24T09:52:20.113+0000][1][safepoint    ] Entering safepoint region: Cleanup
[2019-06-24T09:52:20.114+0000][1][safepoint    ] Leaving safepoint region
[2019-06-24T09:52:20.114+0000][1][safepoint    ] Total time for which application threads were stopped: 0.0003378 seconds, Stopping threads took: 0.0000876 seconds
[2019-06-24T09:52:21.114+0000][1][safepoint    ] Application time: 1.0002617 seconds
[2019-06-24T09:52:21.114+0000][1][safepoint    ] Entering safepoint region: Cleanup
[2019-06-24T09:52:21.114+0000][1][safepoint    ] Leaving safepoint region
[2019-06-24T09:52:21.114+0000][1][safepoint    ] Total time for which application threads were stopped: 0.0003791 seconds, Stopping threads took: 0.0001381 seconds
[2019-06-24T09:52:22.115+0000][1][safepoint    ] Application time: 1.0002249 seconds
[2019-06-24T09:52:22.115+0000][1][safepoint    ] Entering safepoint region: Cleanup
[2019-06-24T09:52:22.115+0000][1][safepoint    ] Leaving safepoint region
[2019-06-24T09:52:22.115+0000][1][safepoint    ] Total time for which application threads were stopped: 0.0003498 seconds, Stopping threads took: 0.0000870 seconds
[2019-06-24T09:52:23.115+0000][1][safepoint    ] Application time: 1.0001980 seconds
[2019-06-24T09:52:23.116+0000][1][safepoint    ] Entering safepoint region: Cleanup
[2019-06-24T09:52:23.116+0000][1][safepoint    ] Leaving safepoint region
[2019-06-24T09:52:23.116+0000][1][safepoint    ] Total time for which application threads were stopped: 0.0003305 seconds, Stopping threads took: 0.0000900 seconds
[2019-06-24T09:52:24.116+0000][1][safepoint    ] Application time: 1.0002636 seconds
[2019-06-24T09:52:24.116+0000][1][safepoint    ] Entering safepoint region: Cleanup
[2019-06-24T09:52:24.116+0000][1][safepoint    ] Leaving safepoint region
[2019-06-24T09:52:24.117+0000][1][safepoint    ] Total time for which application threads were stopped: 0.0003309 seconds, Stopping threads took: 0.0000902 seconds
[2019-06-24T09:52:24.742+0000][1][safepoint    ] Application time: 0.6253776 seconds
[2019-06-24T09:52:24.742+0000][1][safepoint    ] Entering safepoint region: RevokeBias
[2019-06-24T09:52:24.742+0000][1][safepoint    ] Leaving safepoint region
[2019-06-24T09:52:24.742+0000][1][safepoint    ] Total time for which application threads were stopped: 0.0002433 seconds, Stopping threads took: 0.0001111 seconds
[2019-06-24T09:52:24.742+0000][1][safepoint    ] Application time: 0.0000842 seconds
[2019-06-24T09:52:24.742+0000][1][safepoint    ] Entering safepoint region: RevokeBias
[2019-06-24T09:52:24.743+0000][1][safepoint    ] Leaving safepoint region
[2019-06-24T09:52:24.743+0000][1][safepoint    ] Total time for which application threads were stopped: 0.0001905 seconds, Stopping threads took: 0.0000632 seconds
[2019-06-24T09:52:25.743+0000][1][safepoint    ] Application time: 1.0002386 seconds
[2019-06-24T09:52:25.743+0000][1][safepoint    ] Entering safepoint region: Cleanup
[2019-06-24T09:52:25.743+0000][1][safepoint    ] Leaving safepoint region
[2019-06-24T09:52:25.743+0000][1][safepoint    ] Total time for which application threads were stopped: 0.0004113 seconds, Stopping threads took: 0.0001157 seconds
[2019-06-24T09:52:26.744+0000][1][safepoint    ] Application time: 1.0002643 seconds
[2019-06-24T09:52:26.744+0000][1][safepoint    ] Entering safepoint region: Cleanup
[2019-06-24T09:52:26.744+0000][1][safepoint    ] Leaving safepoint region
[2019-06-24T09:52:26.744+0000][1][safepoint    ] Total time for which application threads were stopped: 0.0003335 seconds, Stopping threads took: 0.0000886 seconds
[2019-06-24T09:52:27.744+0000][1][safepoint    ] Application time: 1.0002656 seconds
[2019-06-24T09:52:27.745+0000][1][safepoint    ] Entering safepoint region: Cleanup
[2019-06-24T09:52:27.745+0000][1][safepoint    ] Leaving safepoint region
[2019-06-24T09:52:27.745+0000][1][safepoint    ] Total time for which application threads were stopped: 0.0003425 seconds, Stopping threads took: 0.0000871 seconds
[2019-06-24T09:52:28.745+0000][1][safepoint    ] Application time: 1.0002556 seconds
[2019-06-24T09:52:28.745+0000][1][safepoint    ] Entering safepoint region: Cleanup
[2019-06-24T09:52:28.746+0000][1][safepoint    ] Leaving safepoint region
[2019-06-24T09:52:28.746+0000][1][safepoint    ] Total time for which application threads were stopped: 0.0003330 seconds, Stopping threads took: 0.0001005 seconds
[2019-06-24T09:52:29.746+0000][1][safepoint    ] Application time: 1.0002640 seconds
[2019-06-24T09:52:29.746+0000][1][safepoint    ] Entering safepoint region: Cleanup
[2019-06-24T09:52:29.746+0000][1][safepoint    ] Leaving safepoint region
[2019-06-24T09:52:29.746+0000][1][safepoint    ] Total time for which application threads were stopped: 0.0003728 seconds, Stopping threads took: 0.0001370 seconds
[2019-06-24T09:52:30.747+0000][1][safepoint    ] Application time: 1.0001388 seconds
[2019-06-24T09:52:30.747+0000][1][safepoint    ] Entering safepoint region: Cleanup
[2019-06-24T09:52:30.747+0000][1][safepoint    ] Leaving safepoint region
[2019-06-24T09:52:30.747+0000][1][safepoint    ] Total time for which application threads were stopped: 0.0001076 seconds, Stopping threads took: 0.0000281 seconds
[2019-06-24T09:52:31.747+0000][1][safepoint    ] Application time: 1.0002427 seconds
[2019-06-24T09:52:31.747+0000][1][safepoint    ] Entering safepoint region: Cleanup
[2019-06-24T09:52:31.747+0000][1][safepoint    ] Leaving safepoint region
[2019-06-24T09:52:31.747+0000][1][safepoint    ] Total time for which application threads were stopped: 0.0003393 seconds, Stopping threads took: 0.0000893 seconds
[2019-06-24T09:52:32.748+0000][1][safepoint    ] Application time: 1.0002691 seconds
[2019-06-24T09:52:32.748+0000][1][safepoint    ] Entering safepoint region: Cleanup
[2019-06-24T09:52:32.748+0000][1][safepoint    ] Leaving safepoint region
[2019-06-24T09:52:32.748+0000][1][safepoint    ] Total time for which application threads were stopped: 0.0003309 seconds, Stopping threads took: 0.0000874 seconds
[2019-06-24T09:52:33.748+0000][1][safepoint    ] Application time: 1.0002551 seconds
[2019-06-24T09:52:33.749+0000][1][safepoint    ] Entering safepoint region: Cleanup
[2019-06-24T09:52:33.749+0000][1][safepoint    ] Leaving safepoint region
[2019-06-24T09:52:33.749+0000][1][safepoint    ] Total time for which application threads were stopped: 0.0003289 seconds, Stopping threads took: 0.0000921 seconds
[2019-06-24T09:52:34.749+0000][1][safepoint    ] Application time: 1.0002065 seconds
[2019-06-24T09:52:34.749+0000][1][safepoint    ] Entering safepoint region: Cleanup
[2019-06-24T09:52:34.750+0000][1][safepoint    ] Leaving safepoint region
[2019-06-24T09:52:34.750+0000][1][safepoint    ] Total time for which application threads were stopped: 0.0004276 seconds, Stopping threads took: 0.0000819 seconds
[2019-06-24T09:52:35.750+0000][1][safepoint    ] Application time: 1.0001526 seconds
[2019-06-24T09:52:35.750+0000][1][safepoint    ] Entering safepoint region: Cleanup
[2019-06-24T09:52:35.750+0000][1][safepoint    ] Leaving safepoint region
[2019-06-24T09:52:35.750+0000][1][safepoint    ] Total time for which application threads were stopped: 0.0001132 seconds, Stopping threads took: 0.0000275 seconds
[2019-06-24T09:52:36.750+0000][1][safepoint    ] Application time: 1.0002483 seconds
[2019-06-24T09:52:36.751+0000][1][safepoint    ] Entering safepoint region: Cleanup
[2019-06-24T09:52:36.751+0000][1][safepoint    ] Leaving safepoint region
[2019-06-24T09:52:36.751+0000][1][safepoint    ] Total time for which application threads were stopped: 0.0004108 seconds, Stopping threads took: 0.0001657 seconds
[2019-06-24T09:52:37.751+0000][1][safepoint    ] Application time: 1.0002336 seconds
[2019-06-24T09:52:37.751+0000][1][safepoint    ] Entering safepoint region: Cleanup
[2019-06-24T09:52:37.752+0000][1][safepoint    ] Leaving safepoint region
[2019-06-24T09:52:37.752+0000][1][safepoint    ] Total time for which application threads were stopped: 0.0003050 seconds, Stopping threads took: 0.0000701 seconds
[2019-06-24T09:52:38.752+0000][1][safepoint    ] Application time: 1.0002040 seconds
[2019-06-24T09:52:38.752+0000][1][safepoint    ] Entering safepoint region: Cleanup
[2019-06-24T09:52:38.752+0000][1][safepoint    ] Leaving safepoint region
[2019-06-24T09:52:38.752+0000][1][safepoint    ] Total time for which application threads were stopped: 0.0002999 seconds, Stopping threads took: 0.0000709 seconds
[2019-06-24T09:52:39.752+0000][1][safepoint    ] Application time: 1.0001077 seconds
[2019-06-24T09:52:39.752+0000][1][safepoint    ] Entering safepoint region: Cleanup
[2019-06-24T09:52:39.753+0000][1][safepoint    ] Leaving safepoint region
[2019-06-24T09:52:39.753+0000][1][safepoint    ] Total time for which application threads were stopped: 0.0001413 seconds, Stopping threads took: 0.0000428 seconds
[2019-06-24T09:52:40.753+0000][1][safepoint    ] Application time: 1.0001655 seconds
[2019-06-24T09:52:40.753+0000][1][safepoint    ] Entering safepoint region: Cleanup
[2019-06-24T09:52:40.753+0000][1][safepoint    ] Leaving safepoint region
[2019-06-24T09:52:40.753+0000][1][safepoint    ] Total time for which application threads were stopped: 0.0003180 seconds, Stopping threads took: 0.0000992 seconds
[2019-06-24T09:52:41.753+0000][1][safepoint    ] Application time: 1.0001443 seconds
[2019-06-24T09:52:41.753+0000][1][safepoint    ] Entering safepoint region: Cleanup
[2019-06-24T09:52:41.754+0000][1][safepoint    ] Leaving safepoint region
[2019-06-24T09:52:41.754+0000][1][safepoint    ] Total time for which application threads were stopped: 0.0002570 seconds, Stopping threads took: 0.0000631 seconds
[2019-06-24T09:52:42.754+0000][1][safepoint    ] Application time: 1.0001333 seconds
[2019-06-24T09:52:42.754+0000][1][safepoint    ] Entering safepoint region: Cleanup
[2019-06-24T09:52:42.754+0000][1][safepoint    ] Leaving safepoint region
[2019-06-24T09:52:42.754+0000][1][safepoint    ] Total time for which application threads were stopped: 0.0001176 seconds, Stopping threads took: 0.0000243 seconds
[2019-06-24T09:52:43.754+0000][1][safepoint    ] Application time: 1.0001265 seconds
[2019-06-24T09:52:43.754+0000][1][safepoint    ] Entering safepoint region: Cleanup
[2019-06-24T09:52:43.754+0000][1][safepoint    ] Leaving safepoint region
[2019-06-24T09:52:43.754+0000][1][safepoint    ] Total time for which application threads were stopped: 0.0001731 seconds, Stopping threads took: 0.0000371 seconds
[2019-06-24T09:52:44.755+0000][1][safepoint    ] Application time: 1.0002161 seconds
[2019-06-24T09:52:44.755+0000][1][safepoint    ] Entering safepoint region: Cleanup
[2019-06-24T09:52:44.755+0000][1][safepoint    ] Leaving safepoint region
[2019-06-24T09:52:44.755+0000][1][safepoint    ] Total time for which application threads were stopped: 0.0002920 seconds, Stopping threads took: 0.0000689 seconds
[2019-06-24T09:52:45.755+0000][1][safepoint    ] Application time: 1.0001419 seconds
[2019-06-24T09:52:45.755+0000][1][safepoint    ] Entering safepoint region: Cleanup
[2019-06-24T09:52:45.755+0000][1][safepoint    ] Leaving safepoint region
[2019-06-24T09:52:45.755+0000][1][safepoint    ] Total time for which application threads were stopped: 0.0001106 seconds, Stopping threads took: 0.0000273 seconds
[2019-06-24T09:52:46.755+0000][1][safepoint    ] Application time: 1.0001162 seconds
[2019-06-24T09:52:46.755+0000][1][safepoint    ] Entering safepoint region: Cleanup
[2019-06-24T09:52:46.756+0000][1][safepoint    ] Leaving safepoint region
[2019-06-24T09:52:46.756+0000][1][safepoint    ] Total time for which application threads were stopped: 0.0000979 seconds, Stopping threads took: 0.0000241 seconds
[2019-06-24T09:52:47.756+0000][1][safepoint    ] Application time: 1.0001792 seconds
[2019-06-24T09:52:47.756+0000][1][safepoint    ] Entering safepoint region: Cleanup
[2019-06-24T09:52:47.756+0000][1][safepoint    ] Leaving safepoint region
[2019-06-24T09:52:47.756+0000][1][safepoint    ] Total time for which application threads were stopped: 0.0002977 seconds, Stopping threads took: 0.0000722 seconds
[2019-06-24T09:52:48.756+0000][1][safepoint    ] Application time: 1.0001758 seconds
[2019-06-24T09:52:48.756+0000][1][safepoint    ] Entering safepoint region: Cleanup
[2019-06-24T09:52:48.757+0000][1][safepoint    ] Leaving safepoint region
[2019-06-24T09:52:48.757+0000][1][safepoint    ] Total time for which application threads were stopped: 0.0002297 seconds, Stopping threads took: 0.0000557 seconds
[2019-06-24T09:52:49.757+0000][1][safepoint    ] Application time: 1.0002738 seconds
[2019-06-24T09:52:49.757+0000][1][safepoint    ] Entering safepoint region: Cleanup
[2019-06-24T09:52:49.757+0000][1][safepoint    ] Leaving safepoint region
[2019-06-24T09:52:49.757+0000][1][safepoint    ] Total time for which application threads were stopped: 0.0003428 seconds, Stopping threads took: 0.0001037 seconds
[2019-06-24T09:52:50.758+0000][1][safepoint    ] Application time: 1.0002657 seconds
[2019-06-24T09:52:50.758+0000][1][safepoint    ] Entering safepoint region: Cleanup
[2019-06-24T09:52:50.758+0000][1][safepoint    ] Leaving safepoint region
[2019-06-24T09:52:50.758+0000][1][safepoint    ] Total time for which application threads were stopped: 0.0002890 seconds, Stopping threads took: 0.0000697 seconds
[2019-06-24T09:52:51.577+0000][1][safepoint    ] Application time: 0.8188265 seconds
[2019-06-24T09:52:51.577+0000][1][safepoint    ] Entering safepoint region: RevokeBias
[2019-06-24T09:52:51.578+0000][1][safepoint    ] Leaving safepoint region
[2019-06-24T09:52:51.578+0000][1][safepoint    ] Total time for which application threads were stopped: 0.0007814 seconds, Stopping threads took: 0.0003021 seconds
[2019-06-24T09:52:51.579+0000][1][safepoint    ] Application time: 0.0011547 seconds
[2019-06-24T09:52:51.579+0000][1][safepoint    ] Entering safepoint region: RevokeBias
[2019-06-24T09:52:51.580+0000][1][safepoint    ] Leaving safepoint region
[2019-06-24T09:52:51.580+0000][1][safepoint    ] Total time for which application threads were stopped: 0.0004643 seconds, Stopping threads took: 0.0001730 seconds
[2019-06-24T09:52:51.580+0000][1][safepoint    ] Application time: 0.0003838 seconds
[2019-06-24T09:52:51.581+0000][1][safepoint    ] Entering safepoint region: RevokeBias
[2019-06-24T09:52:51.581+0000][1][safepoint    ] Leaving safepoint region
[2019-06-24T09:52:51.581+0000][1][safepoint    ] Total time for which application threads were stopped: 0.0007412 seconds, Stopping threads took: 0.0004442 seconds
[2019-06-24T09:52:51.582+0000][1][safepoint    ] Application time: 0.0005811 seconds
[2019-06-24T09:52:51.582+0000][1][safepoint    ] Entering safepoint region: RevokeBias
[2019-06-24T09:52:51.582+0000][1][safepoint    ] Leaving safepoint region
[2019-06-24T09:52:51.582+0000][1][safepoint    ] Total time for which application threads were stopped: 0.0004356 seconds, Stopping threads took: 0.0000733 seconds
[2019-06-24T09:52:51.583+0000][1][safepoint    ] Application time: 0.0005093 seconds
[2019-06-24T09:52:51.583+0000][1][safepoint    ] Entering safepoint region: RevokeBias
[2019-06-24T09:52:51.583+0000][1][safepoint    ] Leaving safepoint region
[2019-06-24T09:52:51.583+0000][1][safepoint    ] Total time for which application threads were stopped: 0.0002907 seconds, Stopping threads took: 0.0000804 seconds
[2019-06-24T09:52:51.583+0000][1][safepoint    ] Application time: 0.0001505 seconds
[2019-06-24T09:52:51.584+0000][1][safepoint    ] Entering safepoint region: RevokeBias
[2019-06-24T09:52:51.584+0000][1][safepoint    ] Leaving safepoint region
[2019-06-24T09:52:51.584+0000][1][safepoint    ] Total time for which application threads were stopped: 0.0003826 seconds, Stopping threads took: 0.0001564 seconds
[2019-06-24T09:52:51.585+0000][1][safepoint    ] Application time: 0.0008561 seconds
[2019-06-24T09:52:51.585+0000][1][safepoint    ] Entering safepoint region: RevokeBias
[2019-06-24T09:52:51.585+0000][1][safepoint    ] Leaving safepoint region
[2019-06-24T09:52:51.585+0000][1][safepoint    ] Total time for which application threads were stopped: 0.0004284 seconds, Stopping threads took: 0.0002001 seconds
[2019-06-24T09:52:52.586+0000][1][safepoint    ] Application time: 1.0003022 seconds
[2019-06-24T09:52:52.586+0000][1][safepoint    ] Entering safepoint region: Cleanup
[2019-06-24T09:52:52.586+0000][1][safepoint    ] Leaving safepoint region
[2019-06-24T09:52:52.586+0000][1][safepoint    ] Total time for which application threads were stopped: 0.0004869 seconds, Stopping threads took: 0.0001868 seconds
[2019-06-24T09:52:53.586+0000][1][safepoint    ] Application time: 1.0001779 seconds
[2019-06-24T09:52:53.586+0000][1][safepoint    ] Entering safepoint region: Cleanup
[2019-06-24T09:52:53.587+0000][1][safepoint    ] Leaving safepoint region
[2019-06-24T09:52:53.587+0000][1][safepoint    ] Total time for which application threads were stopped: 0.0002126 seconds, Stopping threads took: 0.0000833 seconds
[2019-06-24T09:52:54.587+0000][1][safepoint    ] Application time: 1.0000958 seconds
[2019-06-24T09:52:54.587+0000][1][safepoint    ] Entering safepoint region: Cleanup
[2019-06-24T09:52:54.587+0000][1][safepoint    ] Leaving safepoint region
[2019-06-24T09:52:54.587+0000][1][safepoint    ] Total time for which application threads were stopped: 0.0001232 seconds, Stopping threads took: 0.0000301 seconds
[2019-06-24T09:52:55.587+0000][1][safepoint    ] Application time: 1.0001977 seconds
[2019-06-24T09:52:55.587+0000][1][safepoint    ] Entering safepoint region: Cleanup
[2019-06-24T09:52:55.587+0000][1][safepoint    ] Leaving safepoint region
[2019-06-24T09:52:55.588+0000][1][safepoint    ] Total time for which application threads were stopped: 0.0002417 seconds, Stopping threads took: 0.0000709 seconds
[2019-06-24T09:52:56.588+0000][1][safepoint    ] Application time: 1.0002559 seconds
[2019-06-24T09:52:56.588+0000][1][safepoint    ] Entering safepoint region: Cleanup
[2019-06-24T09:52:56.588+0000][1][safepoint    ] Leaving safepoint region
[2019-06-24T09:52:56.588+0000][1][safepoint    ] Total time for which application threads were stopped: 0.0002746 seconds, Stopping threads took: 0.0000687 seconds
[2019-06-24T09:52:57.588+0000][1][safepoint    ] Application time: 1.0002629 seconds
[2019-06-24T09:52:57.589+0000][1][safepoint    ] Entering safepoint region: Cleanup
[2019-06-24T09:52:57.589+0000][1][safepoint    ] Leaving safepoint region
[2019-06-24T09:52:57.589+0000][1][safepoint    ] Total time for which application threads were stopped: 0.0002750 seconds, Stopping threads took: 0.0000686 seconds
[2019-06-24T09:52:58.589+0000][1][safepoint    ] Application time: 1.0002620 seconds
[2019-06-24T09:52:58.589+0000][1][safepoint    ] Entering safepoint region: Cleanup
[2019-06-24T09:52:58.589+0000][1][safepoint    ] Leaving safepoint region
[2019-06-24T09:52:58.590+0000][1][safepoint    ] Total time for which application threads were stopped: 0.0002750 seconds, Stopping threads took: 0.0000680 seconds
[2019-06-24T09:52:59.590+0000][1][safepoint    ] Application time: 1.0002504 seconds
[2019-06-24T09:52:59.590+0000][1][safepoint    ] Entering safepoint region: Cleanup
[2019-06-24T09:52:59.590+0000][1][safepoint    ] Leaving safepoint region
[2019-06-24T09:52:59.590+0000][1][safepoint    ] Total time for which application threads were stopped: 0.0002426 seconds, Stopping threads took: 0.0000598 seconds
[2019-06-24T09:53:00.590+0000][1][safepoint    ] Application time: 1.0002486 seconds
[2019-06-24T09:53:00.591+0000][1][safepoint    ] Entering safepoint region: Cleanup
[2019-06-24T09:53:00.591+0000][1][safepoint    ] Leaving safepoint region
[2019-06-24T09:53:00.591+0000][1][safepoint    ] Total time for which application threads were stopped: 0.0002499 seconds, Stopping threads took: 0.0000680 seconds
[2019-06-24T09:53:01.591+0000][1][safepoint    ] Application time: 1.0002630 seconds
[2019-06-24T09:53:01.591+0000][1][safepoint    ] Entering safepoint region: Cleanup
[2019-06-24T09:53:01.591+0000][1][safepoint    ] Leaving safepoint region
[2019-06-24T09:53:01.592+0000][1][safepoint    ] Total time for which application threads were stopped: 0.0002759 seconds, Stopping threads took: 0.0000685 seconds
[2019-06-24T09:53:02.592+0000][1][safepoint    ] Application time: 1.0002291 seconds
[2019-06-24T09:53:02.592+0000][1][safepoint    ] Entering safepoint region: Cleanup
[2019-06-24T09:53:02.592+0000][1][safepoint    ] Leaving safepoint region
[2019-06-24T09:53:02.592+0000][1][safepoint    ] Total time for which application threads were stopped: 0.0002766 seconds, Stopping threads took: 0.0000855 seconds
[2019-06-24T09:53:03.592+0000][1][safepoint    ] Application time: 1.0002485 seconds
[2019-06-24T09:53:03.593+0000][1][safepoint    ] Entering safepoint region: Cleanup
[2019-06-24T09:53:03.593+0000][1][safepoint    ] Leaving safepoint region
[2019-06-24T09:53:03.593+0000][1][safepoint    ] Total time for which application threads were stopped: 0.0002853 seconds, Stopping threads took: 0.0000615 seconds
[2019-06-24T09:53:04.593+0000][1][safepoint    ] Application time: 1.0002442 seconds
[2019-06-24T09:53:04.593+0000][1][safepoint    ] Entering safepoint region: Cleanup
[2019-06-24T09:53:04.593+0000][1][safepoint    ] Leaving safepoint region
[2019-06-24T09:53:04.593+0000][1][safepoint    ] Total time for which application threads were stopped: 0.0002511 seconds, Stopping threads took: 0.0000602 seconds
[2019-06-24T09:53:05.594+0000][1][safepoint    ] Application time: 1.0002393 seconds
[2019-06-24T09:53:05.594+0000][1][safepoint    ] Entering safepoint region: Cleanup
[2019-06-24T09:53:05.594+0000][1][safepoint    ] Leaving safepoint region
[2019-06-24T09:53:05.594+0000][1][safepoint    ] Total time for which application threads were stopped: 0.0002428 seconds, Stopping threads took: 0.0000602 seconds
[2019-06-24T09:53:06.594+0000][1][safepoint    ] Application time: 1.0002442 seconds
[2019-06-24T09:53:06.595+0000][1][safepoint    ] Entering safepoint region: Cleanup
[2019-06-24T09:53:06.595+0000][1][safepoint    ] Leaving safepoint region
[2019-06-24T09:53:06.595+0000][1][safepoint    ] Total time for which application threads were stopped: 0.0003078 seconds, Stopping threads took: 0.0001204 seconds
[2019-06-24T09:53:07.595+0000][1][safepoint    ] Application time: 1.0002553 seconds
[2019-06-24T09:53:07.595+0000][1][safepoint    ] Entering safepoint region: Cleanup
[2019-06-24T09:53:07.595+0000][1][safepoint    ] Leaving safepoint region
[2019-06-24T09:53:07.595+0000][1][safepoint    ] Total time for which application threads were stopped: 0.0002436 seconds, Stopping threads took: 0.0000605 seconds
[2019-06-24T09:53:08.596+0000][1][safepoint    ] Application time: 1.0002502 seconds
[2019-06-24T09:53:08.596+0000][1][safepoint    ] Entering safepoint region: Cleanup
[2019-06-24T09:53:08.596+0000][1][safepoint    ] Leaving safepoint region
[2019-06-24T09:53:08.596+0000][1][safepoint    ] Total time for which application threads were stopped: 0.0002500 seconds, Stopping threads took: 0.0000610 seconds
[2019-06-24T09:53:09.596+0000][1][safepoint    ] Application time: 1.0002381 seconds
[2019-06-24T09:53:09.596+0000][1][safepoint    ] Entering safepoint region: Cleanup
[2019-06-24T09:53:09.597+0000][1][safepoint    ] Leaving safepoint region
[2019-06-24T09:53:09.597+0000][1][safepoint    ] Total time for which application threads were stopped: 0.0002492 seconds, Stopping threads took: 0.0000611 seconds
[2019-06-24T09:53:10.597+0000][1][safepoint    ] Application time: 1.0002430 seconds
[2019-06-24T09:53:10.597+0000][1][safepoint    ] Entering safepoint region: Cleanup
[2019-06-24T09:53:10.597+0000][1][safepoint    ] Leaving safepoint region
[2019-06-24T09:53:10.597+0000][1][safepoint    ] Total time for which application threads were stopped: 0.0002739 seconds, Stopping threads took: 0.0000712 seconds
[2019-06-24T09:53:11.598+0000][1][safepoint    ] Application time: 1.0002412 seconds
[2019-06-24T09:53:11.598+0000][1][safepoint    ] Entering safepoint region: Cleanup
[2019-06-24T09:53:11.598+0000][1][safepoint    ] Leaving safepoint region
[2019-06-24T09:53:11.598+0000][1][safepoint    ] Total time for which application threads were stopped: 0.0002487 seconds, Stopping threads took: 0.0000604 seconds
[2019-06-24T09:53:12.598+0000][1][safepoint    ] Application time: 1.0002050 seconds
[2019-06-24T09:53:12.598+0000][1][safepoint    ] Entering safepoint region: Cleanup
[2019-06-24T09:53:12.599+0000][1][safepoint    ] Leaving safepoint region
[2019-06-24T09:53:12.599+0000][1][safepoint    ] Total time for which application threads were stopped: 0.0004704 seconds, Stopping threads took: 0.0001351 seconds
[2019-06-24T09:53:13.599+0000][1][safepoint    ] Application time: 1.0002466 seconds
[2019-06-24T09:53:13.599+0000][1][safepoint    ] Entering safepoint region: Cleanup
[2019-06-24T09:53:13.599+0000][1][safepoint    ] Leaving safepoint region
[2019-06-24T09:53:13.599+0000][1][safepoint    ] Total time for which application threads were stopped: 0.0003170 seconds, Stopping threads took: 0.0000751 seconds
[2019-06-24T09:53:14.600+0000][1][safepoint    ] Application time: 1.0001844 seconds
[2019-06-24T09:53:14.600+0000][1][safepoint    ] Entering safepoint region: Cleanup
[2019-06-24T09:53:14.600+0000][1][safepoint    ] Leaving safepoint region
[2019-06-24T09:53:14.600+0000][1][safepoint    ] Total time for which application threads were stopped: 0.0002799 seconds, Stopping threads took: 0.0000750 seconds
[2019-06-24T09:53:15.600+0000][1][safepoint    ] Application time: 1.0001328 seconds
[2019-06-24T09:53:15.600+0000][1][safepoint    ] Entering safepoint region: Cleanup
[2019-06-24T09:53:15.601+0000][1][safepoint    ] Leaving safepoint region
[2019-06-24T09:53:15.601+0000][1][safepoint    ] Total time for which application threads were stopped: 0.0011418 seconds, Stopping threads took: 0.0008574 seconds
[2019-06-24T09:53:16.602+0000][1][safepoint    ] Application time: 1.0002104 seconds
[2019-06-24T09:53:16.602+0000][1][safepoint    ] Entering safepoint region: Cleanup
[2019-06-24T09:53:16.602+0000][1][safepoint    ] Leaving safepoint region
[2019-06-24T09:53:16.602+0000][1][safepoint    ] Total time for which application threads were stopped: 0.0002588 seconds, Stopping threads took: 0.0000627 seconds
[2019-06-24T09:53:17.602+0000][1][safepoint    ] Application time: 1.0002390 seconds
[2019-06-24T09:53:17.603+0000][1][safepoint    ] Entering safepoint region: Cleanup
[2019-06-24T09:53:17.603+0000][1][safepoint    ] Leaving safepoint region
[2019-06-24T09:53:17.603+0000][1][safepoint    ] Total time for which application threads were stopped: 0.0003178 seconds, Stopping threads took: 0.0001270 seconds
[2019-06-24T09:53:18.603+0000][1][safepoint    ] Application time: 1.0002503 seconds
[2019-06-24T09:53:18.603+0000][1][safepoint    ] Entering safepoint region: Cleanup
[2019-06-24T09:53:18.603+0000][1][safepoint    ] Leaving safepoint region
[2019-06-24T09:53:18.603+0000][1][safepoint    ] Total time for which application threads were stopped: 0.0002783 seconds, Stopping threads took: 0.0000865 seconds
[2019-06-24T09:53:19.604+0000][1][safepoint    ] Application time: 1.0001946 seconds
[2019-06-24T09:53:19.604+0000][1][safepoint    ] Entering safepoint region: Cleanup
[2019-06-24T09:53:19.604+0000][1][safepoint    ] Leaving safepoint region
[2019-06-24T09:53:19.604+0000][1][safepoint    ] Total time for which application threads were stopped: 0.0002526 seconds, Stopping threads took: 0.0000631 seconds
[2019-06-24T09:53:20.604+0000][1][safepoint    ] Application time: 1.0002136 seconds
[2019-06-24T09:53:20.604+0000][1][safepoint    ] Entering safepoint region: Cleanup
[2019-06-24T09:53:20.605+0000][1][safepoint    ] Leaving safepoint region
[2019-06-24T09:53:20.605+0000][1][safepoint    ] Total time for which application threads were stopped: 0.0002775 seconds, Stopping threads took: 0.0000702 seconds
[2019-06-24T09:53:21.605+0000][1][safepoint    ] Application time: 1.0002484 seconds
[2019-06-24T09:53:21.605+0000][1][safepoint    ] Entering safepoint region: Cleanup
[2019-06-24T09:53:21.605+0000][1][safepoint    ] Leaving safepoint region
[2019-06-24T09:53:21.605+0000][1][safepoint    ] Total time for which application threads were stopped: 0.0002574 seconds, Stopping threads took: 0.0000618 seconds
[2019-06-24T09:53:22.606+0000][1][safepoint    ] Application time: 1.0002463 seconds
[2019-06-24T09:53:22.606+0000][1][safepoint    ] Entering safepoint region: Cleanup
[2019-06-24T09:53:22.606+0000][1][safepoint    ] Leaving safepoint region
[2019-06-24T09:53:22.606+0000][1][safepoint    ] Total time for which application threads were stopped: 0.0002581 seconds, Stopping threads took: 0.0000629 seconds
[2019-06-24T09:53:22.989+0000][1][safepoint    ] Application time: 0.3827472 seconds
[2019-06-24T09:53:22.989+0000][1][safepoint    ] Entering safepoint region: GenCollectForAllocation
[2019-06-24T09:53:22.989+0000][1][gc,start     ] GC(47) Pause Young (Allocation Failure)
[2019-06-24T09:53:22.989+0000][1][gc,task      ] GC(47) Using 5 workers of 8 for evacuation
[2019-06-24T09:53:22.992+0000][1][gc,age       ] GC(47) Desired survivor size 4456448 bytes, new threshold 6 (max threshold 6)
[2019-06-24T09:53:22.992+0000][1][gc,age       ] GC(47) Age table with threshold 6 (max threshold 6)
[2019-06-24T09:53:22.992+0000][1][gc,age       ] GC(47) - age   1:     282840 bytes,     282840 total
[2019-06-24T09:53:22.992+0000][1][gc,age       ] GC(47) - age   2:    1295712 bytes,    1578552 total
[2019-06-24T09:53:22.992+0000][1][gc,age       ] GC(47) - age   3:        600 bytes,    1579152 total
[2019-06-24T09:53:22.992+0000][1][gc,age       ] GC(47) - age   4:        456 bytes,    1579608 total
[2019-06-24T09:53:22.992+0000][1][gc,heap      ] GC(47) ParNew: 71683K->2178K(78656K)
[2019-06-24T09:53:22.993+0000][1][gc,heap      ] GC(47) CMS: 69090K->69097K(174784K)
[2019-06-24T09:53:22.993+0000][1][gc,metaspace ] GC(47) Metaspace: 71095K->71095K(1114112K)
[2019-06-24T09:53:22.993+0000][1][gc           ] GC(47) Pause Young (Allocation Failure) 137M->69M(247M) 3.677ms
[2019-06-24T09:53:22.993+0000][1][gc,cpu       ] GC(47) User=0.01s Sys=0.00s Real=0.00s
[2019-06-24T09:53:22.993+0000][1][safepoint    ] Leaving safepoint region
[2019-06-24T09:53:22.993+0000][1][safepoint    ] Total time for which application threads were stopped: 0.0039109 seconds, Stopping threads took: 0.0000395 seconds
[2019-06-24T09:53:23.993+0000][1][safepoint    ] Application time: 1.0002489 seconds
[2019-06-24T09:53:23.993+0000][1][safepoint    ] Entering safepoint region: Cleanup
[2019-06-24T09:53:23.993+0000][1][safepoint    ] Leaving safepoint region
[2019-06-24T09:53:23.993+0000][1][safepoint    ] Total time for which application threads were stopped: 0.0002893 seconds, Stopping threads took: 0.0000692 seconds
[2019-06-24T09:53:24.994+0000][1][safepoint    ] Application time: 1.0002235 seconds
[2019-06-24T09:53:24.994+0000][1][safepoint    ] Entering safepoint region: Cleanup
[2019-06-24T09:53:24.994+0000][1][safepoint    ] Leaving safepoint region
[2019-06-24T09:53:24.994+0000][1][safepoint    ] Total time for which application threads were stopped: 0.0002535 seconds, Stopping threads took: 0.0000614 seconds
[2019-06-24T09:53:25.994+0000][1][safepoint    ] Application time: 1.0001484 seconds
[2019-06-24T09:53:25.994+0000][1][safepoint    ] Entering safepoint region: Cleanup
[2019-06-24T09:53:25.994+0000][1][safepoint    ] Leaving safepoint region
[2019-06-24T09:53:25.995+0000][1][safepoint    ] Total time for which application threads were stopped: 0.0003630 seconds, Stopping threads took: 0.0000819 seconds
[2019-06-24T09:53:26.995+0000][1][safepoint    ] Application time: 1.0001796 seconds
[2019-06-24T09:53:26.995+0000][1][safepoint    ] Entering safepoint region: Cleanup
[2019-06-24T09:53:26.995+0000][1][safepoint    ] Leaving safepoint region
[2019-06-24T09:53:26.995+0000][1][safepoint    ] Total time for which application threads were stopped: 0.0002906 seconds, Stopping threads took: 0.0000715 seconds
[2019-06-24T09:53:27.995+0000][1][safepoint    ] Application time: 1.0001749 seconds
[2019-06-24T09:53:27.996+0000][1][safepoint    ] Entering safepoint region: Cleanup
[2019-06-24T09:53:27.996+0000][1][safepoint    ] Leaving safepoint region
[2019-06-24T09:53:27.996+0000][1][safepoint    ] Total time for which application threads were stopped: 0.0005091 seconds, Stopping threads took: 0.0002513 seconds
[2019-06-24T09:53:28.996+0000][1][safepoint    ] Application time: 1.0002613 seconds
[2019-06-24T09:53:28.996+0000][1][safepoint    ] Entering safepoint region: Cleanup
[2019-06-24T09:53:28.997+0000][1][safepoint    ] Leaving safepoint region
[2019-06-24T09:53:28.997+0000][1][safepoint    ] Total time for which application threads were stopped: 0.0002592 seconds, Stopping threads took: 0.0000626 seconds
[2019-06-24T09:53:29.997+0000][1][safepoint    ] Application time: 1.0002492 seconds
[2019-06-24T09:53:29.997+0000][1][safepoint    ] Entering safepoint region: Cleanup
[2019-06-24T09:53:29.997+0000][1][safepoint    ] Leaving safepoint region
[2019-06-24T09:53:29.997+0000][1][safepoint    ] Total time for which application threads were stopped: 0.0002828 seconds, Stopping threads took: 0.0000620 seconds
[2019-06-24T09:53:30.998+0000][1][safepoint    ] Application time: 1.0002539 seconds
[2019-06-24T09:53:30.998+0000][1][safepoint    ] Entering safepoint region: Cleanup
[2019-06-24T09:53:30.998+0000][1][safepoint    ] Leaving safepoint region
[2019-06-24T09:53:30.998+0000][1][safepoint    ] Total time for which application threads were stopped: 0.0002579 seconds, Stopping threads took: 0.0000644 seconds
[2019-06-24T09:53:31.998+0000][1][safepoint    ] Application time: 1.0002648 seconds
[2019-06-24T09:53:31.998+0000][1][safepoint    ] Entering safepoint region: Cleanup
[2019-06-24T09:53:31.999+0000][1][safepoint    ] Leaving safepoint region
[2019-06-24T09:53:31.999+0000][1][safepoint    ] Total time for which application threads were stopped: 0.0003333 seconds, Stopping threads took: 0.0000712 seconds
[2019-06-24T09:53:32.999+0000][1][safepoint    ] Application time: 1.0002593 seconds
[2019-06-24T09:53:32.999+0000][1][safepoint    ] Entering safepoint region: Cleanup
[2019-06-24T09:53:32.999+0000][1][safepoint    ] Leaving safepoint region
[2019-06-24T09:53:32.999+0000][1][safepoint    ] Total time for which application threads were stopped: 0.0002876 seconds, Stopping threads took: 0.0000855 seconds
[2019-06-24T09:53:34.000+0000][1][safepoint    ] Application time: 1.0002592 seconds
[2019-06-24T09:53:34.000+0000][1][safepoint    ] Entering safepoint region: Cleanup
[2019-06-24T09:53:34.000+0000][1][safepoint    ] Leaving safepoint region
[2019-06-24T09:53:34.000+0000][1][safepoint    ] Total time for which application threads were stopped: 0.0002832 seconds, Stopping threads took: 0.0000701 seconds
[2019-06-24T09:53:35.000+0000][1][safepoint    ] Application time: 1.0002560 seconds
[2019-06-24T09:53:35.000+0000][1][safepoint    ] Entering safepoint region: Cleanup
[2019-06-24T09:53:35.001+0000][1][safepoint    ] Leaving safepoint region
[2019-06-24T09:53:35.001+0000][1][safepoint    ] Total time for which application threads were stopped: 0.0002862 seconds, Stopping threads took: 0.0000714 seconds
[2019-06-24T09:53:36.001+0000][1][safepoint    ] Application time: 1.0002526 seconds
[2019-06-24T09:53:36.001+0000][1][safepoint    ] Entering safepoint region: Cleanup
[2019-06-24T09:53:36.001+0000][1][safepoint    ] Leaving safepoint region
[2019-06-24T09:53:36.001+0000][1][safepoint    ] Total time for which application threads were stopped: 0.0002540 seconds, Stopping threads took: 0.0000625 seconds
[2019-06-24T09:53:37.002+0000][1][safepoint    ] Application time: 1.0002533 seconds
[2019-06-24T09:53:37.002+0000][1][safepoint    ] Entering safepoint region: Cleanup
[2019-06-24T09:53:37.002+0000][1][safepoint    ] Leaving safepoint region
[2019-06-24T09:53:37.002+0000][1][safepoint    ] Total time for which application threads were stopped: 0.0002866 seconds, Stopping threads took: 0.0000728 seconds
[2019-06-24T09:53:38.002+0000][1][safepoint    ] Application time: 1.0002556 seconds
[2019-06-24T09:53:38.003+0000][1][safepoint    ] Entering safepoint region: Cleanup
[2019-06-24T09:53:38.003+0000][1][safepoint    ] Leaving safepoint region
[2019-06-24T09:53:38.003+0000][1][safepoint    ] Total time for which application threads were stopped: 0.0003188 seconds, Stopping threads took: 0.0001249 seconds
[2019-06-24T09:53:39.003+0000][1][safepoint    ] Application time: 1.0002670 seconds
[2019-06-24T09:53:39.003+0000][1][safepoint    ] Entering safepoint region: Cleanup
[2019-06-24T09:53:39.003+0000][1][safepoint    ] Leaving safepoint region
[2019-06-24T09:53:39.003+0000][1][safepoint    ] Total time for which application threads were stopped: 0.0003132 seconds, Stopping threads took: 0.0000957 seconds
[2019-06-24T09:53:40.004+0000][1][safepoint    ] Application time: 1.0001791 seconds
[2019-06-24T09:53:40.004+0000][1][safepoint    ] Entering safepoint region: Cleanup
[2019-06-24T09:53:40.004+0000][1][safepoint    ] Leaving safepoint region
[2019-06-24T09:53:40.004+0000][1][safepoint    ] Total time for which application threads were stopped: 0.0002945 seconds, Stopping threads took: 0.0000638 seconds
[2019-06-24T09:53:41.004+0000][1][safepoint    ] Application time: 1.0002689 seconds
[2019-06-24T09:53:41.005+0000][1][safepoint    ] Entering safepoint region: Cleanup
[2019-06-24T09:53:41.005+0000][1][safepoint    ] Leaving safepoint region
[2019-06-24T09:53:41.005+0000][1][safepoint    ] Total time for which application threads were stopped: 0.0002914 seconds, Stopping threads took: 0.0000711 seconds
[2019-06-24T09:53:42.005+0000][1][safepoint    ] Application time: 1.0002048 seconds
[2019-06-24T09:53:42.005+0000][1][safepoint    ] Entering safepoint region: Cleanup
[2019-06-24T09:53:42.005+0000][1][safepoint    ] Leaving safepoint region
[2019-06-24T09:53:42.005+0000][1][safepoint    ] Total time for which application threads were stopped: 0.0003261 seconds, Stopping threads took: 0.0000780 seconds
[2019-06-24T09:53:43.006+0000][1][safepoint    ] Application time: 1.0002810 seconds
[2019-06-24T09:53:43.006+0000][1][safepoint    ] Entering safepoint region: Cleanup
[2019-06-24T09:53:43.006+0000][1][safepoint    ] Leaving safepoint region
[2019-06-24T09:53:43.006+0000][1][safepoint    ] Total time for which application threads were stopped: 0.0003006 seconds, Stopping threads took: 0.0000718 seconds
[2019-06-24T09:53:44.007+0000][1][safepoint    ] Application time: 1.0003154 seconds
[2019-06-24T09:53:44.007+0000][1][safepoint    ] Entering safepoint region: Cleanup
[2019-06-24T09:53:44.007+0000][1][safepoint    ] Leaving safepoint region
[2019-06-24T09:53:44.007+0000][1][safepoint    ] Total time for which application threads were stopped: 0.0002964 seconds, Stopping threads took: 0.0000718 seconds
[2019-06-24T09:53:45.007+0000][1][safepoint    ] Application time: 1.0002302 seconds
[2019-06-24T09:53:45.007+0000][1][safepoint    ] Entering safepoint region: Cleanup
[2019-06-24T09:53:45.008+0000][1][safepoint    ] Leaving safepoint region
[2019-06-24T09:53:45.008+0000][1][safepoint    ] Total time for which application threads were stopped: 0.0002919 seconds, Stopping threads took: 0.0000714 seconds
[2019-06-24T09:53:46.008+0000][1][safepoint    ] Application time: 1.0001435 seconds
[2019-06-24T09:53:46.008+0000][1][safepoint    ] Entering safepoint region: Cleanup
[2019-06-24T09:53:46.008+0000][1][safepoint    ] Leaving safepoint region
[2019-06-24T09:53:46.008+0000][1][safepoint    ] Total time for which application threads were stopped: 0.0002491 seconds, Stopping threads took: 0.0000636 seconds
[2019-06-24T09:53:47.008+0000][1][safepoint    ] Application time: 1.0002499 seconds
[2019-06-24T09:53:47.009+0000][1][safepoint    ] Entering safepoint region: Cleanup
[2019-06-24T09:53:47.010+0000][1][safepoint    ] Leaving safepoint region
[2019-06-24T09:53:47.010+0000][1][safepoint    ] Total time for which application threads were stopped: 0.0011252 seconds, Stopping threads took: 0.0008994 seconds
[2019-06-24T09:53:48.010+0000][1][safepoint    ] Application time: 1.0002574 seconds
[2019-06-24T09:53:48.010+0000][1][safepoint    ] Entering safepoint region: Cleanup
[2019-06-24T09:53:48.010+0000][1][safepoint    ] Leaving safepoint region
[2019-06-24T09:53:48.010+0000][1][safepoint    ] Total time for which application threads were stopped: 0.0002615 seconds, Stopping threads took: 0.0000637 seconds
[2019-06-24T09:53:49.011+0000][1][safepoint    ] Application time: 1.0001952 seconds
[2019-06-24T09:53:49.011+0000][1][safepoint    ] Entering safepoint region: Cleanup
[2019-06-24T09:53:49.011+0000][1][safepoint    ] Leaving safepoint region
[2019-06-24T09:53:49.011+0000][1][safepoint    ] Total time for which application threads were stopped: 0.0002626 seconds, Stopping threads took: 0.0000627 seconds
[2019-06-24T09:53:50.011+0000][1][safepoint    ] Application time: 1.0001904 seconds
[2019-06-24T09:53:50.011+0000][1][safepoint    ] Entering safepoint region: Cleanup
[2019-06-24T09:53:50.011+0000][1][safepoint    ] Leaving safepoint region
[2019-06-24T09:53:50.012+0000][1][safepoint    ] Total time for which application threads were stopped: 0.0003383 seconds, Stopping threads took: 0.0000730 seconds
[2019-06-24T09:53:51.012+0000][1][safepoint    ] Application time: 1.0002589 seconds
[2019-06-24T09:53:51.012+0000][1][safepoint    ] Entering safepoint region: Cleanup
[2019-06-24T09:53:51.012+0000][1][safepoint    ] Leaving safepoint region
[2019-06-24T09:53:51.012+0000][1][safepoint    ] Total time for which application threads were stopped: 0.0002605 seconds, Stopping threads took: 0.0000622 seconds
[2019-06-24T09:53:52.013+0000][1][safepoint    ] Application time: 1.0003057 seconds
[2019-06-24T09:53:52.013+0000][1][safepoint    ] Entering safepoint region: Cleanup
[2019-06-24T09:53:52.013+0000][1][safepoint    ] Leaving safepoint region
[2019-06-24T09:53:52.013+0000][1][safepoint    ] Total time for which application threads were stopped: 0.0001219 seconds, Stopping threads took: 0.0000303 seconds
[2019-06-24T09:53:53.013+0000][1][safepoint    ] Application time: 1.0002477 seconds
[2019-06-24T09:53:53.013+0000][1][safepoint    ] Entering safepoint region: Cleanup
[2019-06-24T09:53:53.013+0000][1][safepoint    ] Leaving safepoint region
[2019-06-24T09:53:53.013+0000][1][safepoint    ] Total time for which application threads were stopped: 0.0002557 seconds, Stopping threads took: 0.0000648 seconds
[2019-06-24T09:53:54.014+0000][1][safepoint    ] Application time: 1.0002658 seconds
[2019-06-24T09:53:54.014+0000][1][safepoint    ] Entering safepoint region: Cleanup
[2019-06-24T09:53:54.014+0000][1][safepoint    ] Leaving safepoint region
[2019-06-24T09:53:54.014+0000][1][safepoint    ] Total time for which application threads were stopped: 0.0002946 seconds, Stopping threads took: 0.0000712 seconds
[2019-06-24T09:53:55.014+0000][1][safepoint    ] Application time: 1.0002631 seconds
[2019-06-24T09:53:55.015+0000][1][safepoint    ] Entering safepoint region: Cleanup
[2019-06-24T09:53:55.015+0000][1][safepoint    ] Leaving safepoint region
[2019-06-24T09:53:55.015+0000][1][safepoint    ] Total time for which application threads were stopped: 0.0003879 seconds, Stopping threads took: 0.0001538 seconds
[2019-06-24T09:53:56.015+0000][1][safepoint    ] Application time: 1.0002599 seconds
[2019-06-24T09:53:56.015+0000][1][safepoint    ] Entering safepoint region: Cleanup
[2019-06-24T09:53:56.015+0000][1][safepoint    ] Leaving safepoint region
[2019-06-24T09:53:56.015+0000][1][safepoint    ] Total time for which application threads were stopped: 0.0002571 seconds, Stopping threads took: 0.0000625 seconds
[2019-06-24T09:53:57.016+0000][1][safepoint    ] Application time: 1.0002638 seconds
[2019-06-24T09:53:57.016+0000][1][safepoint    ] Entering safepoint region: Cleanup
[2019-06-24T09:53:57.016+0000][1][safepoint    ] Leaving safepoint region
[2019-06-24T09:53:57.016+0000][1][safepoint    ] Total time for which application threads were stopped: 0.0003139 seconds, Stopping threads took: 0.0000828 seconds
[2019-06-24T09:53:58.017+0000][1][safepoint    ] Application time: 1.0002698 seconds
[2019-06-24T09:53:58.017+0000][1][safepoint    ] Entering safepoint region: Cleanup
[2019-06-24T09:53:58.017+0000][1][safepoint    ] Leaving safepoint region
[2019-06-24T09:53:58.017+0000][1][safepoint    ] Total time for which application threads were stopped: 0.0002974 seconds, Stopping threads took: 0.0000705 seconds
[2019-06-24T09:53:59.017+0000][1][safepoint    ] Application time: 1.0002643 seconds
[2019-06-24T09:53:59.017+0000][1][safepoint    ] Entering safepoint region: Cleanup
[2019-06-24T09:53:59.018+0000][1][safepoint    ] Leaving safepoint region
[2019-06-24T09:53:59.018+0000][1][safepoint    ] Total time for which application threads were stopped: 0.0003823 seconds, Stopping threads took: 0.0001204 seconds
[2019-06-24T09:54:00.018+0000][1][safepoint    ] Application time: 1.0003009 seconds
[2019-06-24T09:54:00.018+0000][1][safepoint    ] Entering safepoint region: Cleanup
[2019-06-24T09:54:00.018+0000][1][safepoint    ] Leaving safepoint region
[2019-06-24T09:54:00.018+0000][1][safepoint    ] Total time for which application threads were stopped: 0.0001372 seconds, Stopping threads took: 0.0000327 seconds
[2019-06-24T09:54:01.019+0000][1][safepoint    ] Application time: 1.0003125 seconds
[2019-06-24T09:54:01.019+0000][1][safepoint    ] Entering safepoint region: Cleanup
[2019-06-24T09:54:01.019+0000][1][safepoint    ] Leaving safepoint region
[2019-06-24T09:54:01.019+0000][1][safepoint    ] Total time for which application threads were stopped: 0.0002919 seconds, Stopping threads took: 0.0000724 seconds
[2019-06-24T09:54:02.019+0000][1][safepoint    ] Application time: 1.0001813 seconds
[2019-06-24T09:54:02.019+0000][1][safepoint    ] Entering safepoint region: Cleanup
[2019-06-24T09:54:02.020+0000][1][safepoint    ] Leaving safepoint region
[2019-06-24T09:54:02.020+0000][1][safepoint    ] Total time for which application threads were stopped: 0.0003043 seconds, Stopping threads took: 0.0000801 seconds
[2019-06-24T09:54:03.020+0000][1][safepoint    ] Application time: 1.0002725 seconds
[2019-06-24T09:54:03.020+0000][1][safepoint    ] Entering safepoint region: Cleanup
[2019-06-24T09:54:03.020+0000][1][safepoint    ] Leaving safepoint region
[2019-06-24T09:54:03.020+0000][1][safepoint    ] Total time for which application threads were stopped: 0.0002888 seconds, Stopping threads took: 0.0000702 seconds
[2019-06-24T09:54:04.021+0000][1][safepoint    ] Application time: 1.0002557 seconds
[2019-06-24T09:54:04.021+0000][1][safepoint    ] Entering safepoint region: Cleanup
[2019-06-24T09:54:04.021+0000][1][safepoint    ] Leaving safepoint region
[2019-06-24T09:54:04.021+0000][1][safepoint    ] Total time for which application threads were stopped: 0.0002569 seconds, Stopping threads took: 0.0000630 seconds
[2019-06-24T09:54:05.021+0000][1][safepoint    ] Application time: 1.0002605 seconds
[2019-06-24T09:54:05.021+0000][1][safepoint    ] Entering safepoint region: Cleanup
[2019-06-24T09:54:05.022+0000][1][safepoint    ] Leaving safepoint region
[2019-06-24T09:54:05.022+0000][1][safepoint    ] Total time for which application threads were stopped: 0.0002873 seconds, Stopping threads took: 0.0000692 seconds
[2019-06-24T09:54:06.022+0000][1][safepoint    ] Application time: 1.0002308 seconds
[2019-06-24T09:54:06.022+0000][1][safepoint    ] Entering safepoint region: Cleanup
[2019-06-24T09:54:06.022+0000][1][safepoint    ] Leaving safepoint region
[2019-06-24T09:54:06.022+0000][1][safepoint    ] Total time for which application threads were stopped: 0.0002470 seconds, Stopping threads took: 0.0000614 seconds
[2019-06-24T09:54:07.023+0000][1][safepoint    ] Application time: 1.0002725 seconds
[2019-06-24T09:54:07.023+0000][1][safepoint    ] Entering safepoint region: Cleanup
[2019-06-24T09:54:07.023+0000][1][safepoint    ] Leaving safepoint region
[2019-06-24T09:54:07.023+0000][1][safepoint    ] Total time for which application threads were stopped: 0.0002617 seconds, Stopping threads took: 0.0000720 seconds
[2019-06-24T09:54:08.023+0000][1][safepoint    ] Application time: 1.0002132 seconds
[2019-06-24T09:54:08.023+0000][1][safepoint    ] Entering safepoint region: Cleanup
[2019-06-24T09:54:08.023+0000][1][safepoint    ] Leaving safepoint region
[2019-06-24T09:54:08.024+0000][1][safepoint    ] Total time for which application threads were stopped: 0.0002521 seconds, Stopping threads took: 0.0000614 seconds
[2019-06-24T09:54:09.024+0000][1][safepoint    ] Application time: 1.0002445 seconds
[2019-06-24T09:54:09.024+0000][1][safepoint    ] Entering safepoint region: Cleanup
[2019-06-24T09:54:09.024+0000][1][safepoint    ] Leaving safepoint region
[2019-06-24T09:54:09.024+0000][1][safepoint    ] Total time for which application threads were stopped: 0.0002520 seconds, Stopping threads took: 0.0000592 seconds
[2019-06-24T09:54:10.024+0000][1][safepoint    ] Application time: 1.0002480 seconds
[2019-06-24T09:54:10.025+0000][1][safepoint    ] Entering safepoint region: Cleanup
[2019-06-24T09:54:10.025+0000][1][safepoint    ] Leaving safepoint region
[2019-06-24T09:54:10.025+0000][1][safepoint    ] Total time for which application threads were stopped: 0.0002553 seconds, Stopping threads took: 0.0000620 seconds
[2019-06-24T09:54:11.025+0000][1][safepoint    ] Application time: 1.0002349 seconds
[2019-06-24T09:54:11.025+0000][1][safepoint    ] Entering safepoint region: Cleanup
[2019-06-24T09:54:11.025+0000][1][safepoint    ] Leaving safepoint region
[2019-06-24T09:54:11.025+0000][1][safepoint    ] Total time for which application threads were stopped: 0.0002577 seconds, Stopping threads took: 0.0000615 seconds
[2019-06-24T09:54:12.026+0000][1][safepoint    ] Application time: 1.0002462 seconds
[2019-06-24T09:54:12.026+0000][1][safepoint    ] Entering safepoint region: Cleanup
[2019-06-24T09:54:12.026+0000][1][safepoint    ] Leaving safepoint region
[2019-06-24T09:54:12.026+0000][1][safepoint    ] Total time for which application threads were stopped: 0.0002667 seconds, Stopping threads took: 0.0000704 seconds
[2019-06-24T09:54:13.026+0000][1][safepoint    ] Application time: 1.0002584 seconds
[2019-06-24T09:54:13.027+0000][1][safepoint    ] Entering safepoint region: Cleanup
[2019-06-24T09:54:13.027+0000][1][safepoint    ] Leaving safepoint region
[2019-06-24T09:54:13.027+0000][1][safepoint    ] Total time for which application threads were stopped: 0.0005106 seconds, Stopping threads took: 0.0002783 seconds
