[2019-06-24T09:54:49.673+0000][1][gc] Using Concurrent Mark Sweep
[2019-06-24T09:54:49.674+0000][1][gc,heap,coops] Heap address: 0x00000000f0000000, size: 256 MB, Compressed Oops mode: 32-bit
[2019-06-24T09:54:49.713+0000][1][safepoint    ] Entering safepoint region: EnableBiasedLocking
[2019-06-24T09:54:49.713+0000][1][safepoint    ] Leaving safepoint region
[2019-06-24T09:54:49.713+0000][1][safepoint    ] Total time for which application threads were stopped: 0.0001138 seconds, Stopping threads took: 0.0000467 seconds
[2019-06-24T09:54:49.716+0000][1][safepoint    ] Application time: 0.0023675 seconds
[2019-06-24T09:54:49.716+0000][1][safepoint    ] Entering safepoint region: RevokeBias
[2019-06-24T09:54:49.716+0000][1][safepoint    ] Leaving safepoint region
[2019-06-24T09:54:49.716+0000][1][safepoint    ] Total time for which application threads were stopped: 0.0000715 seconds, Stopping threads took: 0.0000183 seconds
[2019-06-24T09:54:49.723+0000][1][safepoint    ] Application time: 0.0070495 seconds
[2019-06-24T09:54:49.723+0000][1][safepoint    ] Entering safepoint region: Deoptimize
[2019-06-24T09:54:49.723+0000][1][safepoint    ] Leaving safepoint region
[2019-06-24T09:54:49.723+0000][1][safepoint    ] Total time for which application threads were stopped: 0.0000592 seconds, Stopping threads took: 0.0000126 seconds
[2019-06-24T09:54:49.814+0000][1][safepoint    ] Application time: 0.0904837 seconds
[2019-06-24T09:54:49.814+0000][1][safepoint    ] Entering safepoint region: RevokeBias
[2019-06-24T09:54:49.814+0000][1][safepoint    ] Leaving safepoint region
[2019-06-24T09:54:49.814+0000][1][safepoint    ] Total time for which application threads were stopped: 0.0001020 seconds, Stopping threads took: 0.0000156 seconds
[2019-06-24T09:54:49.815+0000][1][safepoint    ] Application time: 0.0016405 seconds
[2019-06-24T09:54:49.815+0000][1][safepoint    ] Entering safepoint region: Deoptimize
[2019-06-24T09:54:49.816+0000][1][safepoint    ] Leaving safepoint region
[2019-06-24T09:54:49.816+0000][1][safepoint    ] Total time for which application threads were stopped: 0.0000566 seconds, Stopping threads took: 0.0000109 seconds
[2019-06-24T09:54:49.840+0000][1][safepoint    ] Application time: 0.0241671 seconds
[2019-06-24T09:54:49.840+0000][1][safepoint    ] Entering safepoint region: Deoptimize
[2019-06-24T09:54:49.840+0000][1][safepoint    ] Leaving safepoint region
[2019-06-24T09:54:49.840+0000][1][safepoint    ] Total time for which application threads were stopped: 0.0000857 seconds, Stopping threads took: 0.0000146 seconds
[2019-06-24T09:54:50.062+0000][1][safepoint    ] Application time: 0.2225474 seconds
[2019-06-24T09:54:50.062+0000][1][safepoint    ] Entering safepoint region: Deoptimize
[2019-06-24T09:54:50.063+0000][1][safepoint    ] Leaving safepoint region
[2019-06-24T09:54:50.063+0000][1][safepoint    ] Total time for which application threads were stopped: 0.0001980 seconds, Stopping threads took: 0.0000141 seconds
[2019-06-24T09:54:50.075+0000][1][safepoint    ] Application time: 0.0123495 seconds
[2019-06-24T09:54:50.075+0000][1][safepoint    ] Entering safepoint region: Deoptimize
[2019-06-24T09:54:50.075+0000][1][safepoint    ] Leaving safepoint region
[2019-06-24T09:54:50.075+0000][1][safepoint    ] Total time for which application threads were stopped: 0.0000939 seconds, Stopping threads took: 0.0000082 seconds
[2019-06-24T09:54:50.114+0000][1][safepoint    ] Application time: 0.0385240 seconds
[2019-06-24T09:54:50.114+0000][1][safepoint    ] Entering safepoint region: Deoptimize
[2019-06-24T09:54:50.114+0000][1][safepoint    ] Leaving safepoint region
[2019-06-24T09:54:50.114+0000][1][safepoint    ] Total time for which application threads were stopped: 0.0001659 seconds, Stopping threads took: 0.0000135 seconds
[2019-06-24T09:54:50.123+0000][1][safepoint    ] Application time: 0.0092509 seconds
[2019-06-24T09:54:50.123+0000][1][safepoint    ] Entering safepoint region: Deoptimize
[2019-06-24T09:54:50.123+0000][1][safepoint    ] Leaving safepoint region
[2019-06-24T09:54:50.123+0000][1][safepoint    ] Total time for which application threads were stopped: 0.0001086 seconds, Stopping threads took: 0.0000090 seconds
[2019-06-24T09:54:50.446+0000][1][safepoint    ] Application time: 0.3231056 seconds
[2019-06-24T09:54:50.447+0000][1][safepoint    ] Entering safepoint region: Deoptimize
[2019-06-24T09:54:50.447+0000][1][safepoint    ] Leaving safepoint region
[2019-06-24T09:54:50.447+0000][1][safepoint    ] Total time for which application threads were stopped: 0.0004327 seconds, Stopping threads took: 0.0000280 seconds
[2019-06-24T09:54:50.679+0000][1][safepoint    ] Application time: 0.2316715 seconds
[2019-06-24T09:54:50.679+0000][1][safepoint    ] Entering safepoint region: RevokeBias
[2019-06-24T09:54:50.679+0000][1][safepoint    ] Leaving safepoint region
[2019-06-24T09:54:50.679+0000][1][safepoint    ] Total time for which application threads were stopped: 0.0002676 seconds, Stopping threads took: 0.0001391 seconds
[2019-06-24T09:54:50.761+0000][1][safepoint    ] Application time: 0.0816160 seconds
[2019-06-24T09:54:50.761+0000][1][safepoint    ] Entering safepoint region: Deoptimize
[2019-06-24T09:54:50.761+0000][1][safepoint    ] Leaving safepoint region
[2019-06-24T09:54:50.761+0000][1][safepoint    ] Total time for which application threads were stopped: 0.0002310 seconds, Stopping threads took: 0.0000116 seconds
[2019-06-24T09:54:50.854+0000][1][safepoint    ] Application time: 0.0927044 seconds
[2019-06-24T09:54:50.854+0000][1][safepoint    ] Entering safepoint region: Deoptimize
[2019-06-24T09:54:50.854+0000][1][safepoint    ] Leaving safepoint region
[2019-06-24T09:54:50.854+0000][1][safepoint    ] Total time for which application threads were stopped: 0.0002337 seconds, Stopping threads took: 0.0000143 seconds
[2019-06-24T09:54:50.854+0000][1][safepoint    ] Application time: 0.0002202 seconds
[2019-06-24T09:54:50.854+0000][1][safepoint    ] Entering safepoint region: Deoptimize
[2019-06-24T09:54:50.854+0000][1][safepoint    ] Leaving safepoint region
[2019-06-24T09:54:50.854+0000][1][safepoint    ] Total time for which application threads were stopped: 0.0001979 seconds, Stopping threads took: 0.0000423 seconds
[2019-06-24T09:54:50.878+0000][1][safepoint    ] Application time: 0.0234484 seconds
[2019-06-24T09:54:50.878+0000][1][safepoint    ] Entering safepoint region: Deoptimize
[2019-06-24T09:54:50.878+0000][1][safepoint    ] Leaving safepoint region
[2019-06-24T09:54:50.878+0000][1][safepoint    ] Total time for which application threads were stopped: 0.0001906 seconds, Stopping threads took: 0.0000097 seconds
[2019-06-24T09:54:50.883+0000][1][safepoint    ] Application time: 0.0049912 seconds
[2019-06-24T09:54:50.883+0000][1][safepoint    ] Entering safepoint region: RevokeBias
[2019-06-24T09:54:50.883+0000][1][safepoint    ] Leaving safepoint region
[2019-06-24T09:54:50.883+0000][1][safepoint    ] Total time for which application threads were stopped: 0.0000646 seconds, Stopping threads took: 0.0000247 seconds
[2019-06-24T09:54:50.883+0000][1][safepoint    ] Application time: 0.0001894 seconds
[2019-06-24T09:54:50.883+0000][1][safepoint    ] Entering safepoint region: RevokeBias
[2019-06-24T09:54:50.883+0000][1][safepoint    ] Leaving safepoint region
[2019-06-24T09:54:50.883+0000][1][safepoint    ] Total time for which application threads were stopped: 0.0000448 seconds, Stopping threads took: 0.0000175 seconds
[2019-06-24T09:54:50.883+0000][1][safepoint    ] Application time: 0.0000977 seconds
[2019-06-24T09:54:50.883+0000][1][safepoint    ] Entering safepoint region: RevokeBias
[2019-06-24T09:54:50.884+0000][1][safepoint    ] Leaving safepoint region
[2019-06-24T09:54:50.884+0000][1][safepoint    ] Total time for which application threads were stopped: 0.0000437 seconds, Stopping threads took: 0.0000177 seconds
[2019-06-24T09:54:50.884+0000][1][safepoint    ] Application time: 0.0000928 seconds
[2019-06-24T09:54:50.884+0000][1][safepoint    ] Entering safepoint region: RevokeBias
[2019-06-24T09:54:50.884+0000][1][safepoint    ] Leaving safepoint region
[2019-06-24T09:54:50.884+0000][1][safepoint    ] Total time for which application threads were stopped: 0.0000469 seconds, Stopping threads took: 0.0000212 seconds
[2019-06-24T09:54:50.884+0000][1][safepoint    ] Application time: 0.0001477 seconds
[2019-06-24T09:54:50.884+0000][1][safepoint    ] Entering safepoint region: RevokeBias
[2019-06-24T09:54:50.884+0000][1][safepoint    ] Leaving safepoint region
[2019-06-24T09:54:50.884+0000][1][safepoint    ] Total time for which application threads were stopped: 0.0000433 seconds, Stopping threads took: 0.0000173 seconds
[2019-06-24T09:54:50.885+0000][1][safepoint    ] Application time: 0.0014488 seconds
[2019-06-24T09:54:50.885+0000][1][safepoint    ] Entering safepoint region: RevokeBias
[2019-06-24T09:54:50.885+0000][1][safepoint    ] Leaving safepoint region
[2019-06-24T09:54:50.885+0000][1][safepoint    ] Total time for which application threads were stopped: 0.0000358 seconds, Stopping threads took: 0.0000084 seconds
[2019-06-24T09:54:50.970+0000][1][safepoint    ] Application time: 0.0850449 seconds
[2019-06-24T09:54:50.971+0000][1][safepoint    ] Entering safepoint region: GenCollectForAllocation
[2019-06-24T09:54:50.971+0000][1][gc,start     ] GC(0) Pause Young (Allocation Failure)
[2019-06-24T09:54:50.971+0000][1][gc,task      ] GC(0) Using 5 workers of 8 for evacuation
[2019-06-24T09:54:50.976+0000][1][gc,age       ] GC(0) Desired survivor size 4456448 bytes, new threshold 1 (max threshold 6)
[2019-06-24T09:54:50.976+0000][1][gc,age       ] GC(0) Age table with threshold 1 (max threshold 6)
[2019-06-24T09:54:50.976+0000][1][gc,age       ] GC(0) - age   1:    7861728 bytes,    7861728 total
[2019-06-24T09:54:50.976+0000][1][gc,heap      ] GC(0) ParNew: 69952K->7782K(78656K)
[2019-06-24T09:54:50.976+0000][1][gc,heap      ] GC(0) CMS: 0K->0K(174784K)
[2019-06-24T09:54:50.976+0000][1][gc,metaspace ] GC(0) Metaspace: 12080K->12080K(1060864K)
[2019-06-24T09:54:50.976+0000][1][gc           ] GC(0) Pause Young (Allocation Failure) 68M->7M(247M) 5.510ms
[2019-06-24T09:54:50.976+0000][1][gc,cpu       ] GC(0) User=0.03s Sys=0.00s Real=0.01s
[2019-06-24T09:54:50.976+0000][1][safepoint    ] Leaving safepoint region
[2019-06-24T09:54:50.976+0000][1][safepoint    ] Total time for which application threads were stopped: 0.0056126 seconds, Stopping threads took: 0.0000107 seconds
[2019-06-24T09:54:50.977+0000][1][safepoint    ] Application time: 0.0004818 seconds
[2019-06-24T09:54:50.977+0000][1][safepoint    ] Entering safepoint region: RevokeBias
[2019-06-24T09:54:50.977+0000][1][safepoint    ] Leaving safepoint region
[2019-06-24T09:54:50.977+0000][1][safepoint    ] Total time for which application threads were stopped: 0.0001337 seconds, Stopping threads took: 0.0000844 seconds
[2019-06-24T09:54:50.977+0000][1][safepoint    ] Application time: 0.0000802 seconds
[2019-06-24T09:54:50.977+0000][1][safepoint    ] Entering safepoint region: RevokeBias
[2019-06-24T09:54:50.977+0000][1][safepoint    ] Leaving safepoint region
[2019-06-24T09:54:50.977+0000][1][safepoint    ] Total time for which application threads were stopped: 0.0000725 seconds, Stopping threads took: 0.0000490 seconds
[2019-06-24T09:54:50.977+0000][1][safepoint    ] Application time: 0.0000892 seconds
[2019-06-24T09:54:50.977+0000][1][safepoint    ] Entering safepoint region: RevokeBias
[2019-06-24T09:54:50.977+0000][1][safepoint    ] Leaving safepoint region
[2019-06-24T09:54:50.977+0000][1][safepoint    ] Total time for which application threads were stopped: 0.0000451 seconds, Stopping threads took: 0.0000215 seconds
[2019-06-24T09:54:50.977+0000][1][safepoint    ] Application time: 0.0000813 seconds
[2019-06-24T09:54:50.977+0000][1][safepoint    ] Entering safepoint region: RevokeBias
[2019-06-24T09:54:50.977+0000][1][safepoint    ] Leaving safepoint region
[2019-06-24T09:54:50.977+0000][1][safepoint    ] Total time for which application threads were stopped: 0.0000611 seconds, Stopping threads took: 0.0000308 seconds
[2019-06-24T09:54:50.977+0000][1][safepoint    ] Application time: 0.0000557 seconds
[2019-06-24T09:54:50.977+0000][1][safepoint    ] Entering safepoint region: RevokeBias
[2019-06-24T09:54:50.977+0000][1][safepoint    ] Leaving safepoint region
[2019-06-24T09:54:50.977+0000][1][safepoint    ] Total time for which application threads were stopped: 0.0000842 seconds, Stopping threads took: 0.0000517 seconds
[2019-06-24T09:54:50.977+0000][1][safepoint    ] Application time: 0.0000297 seconds
[2019-06-24T09:54:50.977+0000][1][safepoint    ] Entering safepoint region: RevokeBias
[2019-06-24T09:54:50.977+0000][1][safepoint    ] Leaving safepoint region
[2019-06-24T09:54:50.977+0000][1][safepoint    ] Total time for which application threads were stopped: 0.0000318 seconds, Stopping threads took: 0.0000056 seconds
[2019-06-24T09:54:50.978+0000][1][safepoint    ] Application time: 0.0000472 seconds
[2019-06-24T09:54:50.978+0000][1][safepoint    ] Entering safepoint region: RevokeBias
[2019-06-24T09:54:50.978+0000][1][safepoint    ] Leaving safepoint region
[2019-06-24T09:54:50.978+0000][1][safepoint    ] Total time for which application threads were stopped: 0.0000491 seconds, Stopping threads took: 0.0000240 seconds
[2019-06-24T09:54:50.978+0000][1][safepoint    ] Application time: 0.0000526 seconds
[2019-06-24T09:54:50.978+0000][1][safepoint    ] Entering safepoint region: RevokeBias
[2019-06-24T09:54:50.978+0000][1][safepoint    ] Leaving safepoint region
[2019-06-24T09:54:50.978+0000][1][safepoint    ] Total time for which application threads were stopped: 0.0000522 seconds, Stopping threads took: 0.0000088 seconds
[2019-06-24T09:54:50.978+0000][1][safepoint    ] Application time: 0.0000437 seconds
[2019-06-24T09:54:50.978+0000][1][safepoint    ] Entering safepoint region: RevokeBias
[2019-06-24T09:54:50.978+0000][1][safepoint    ] Leaving safepoint region
[2019-06-24T09:54:50.978+0000][1][safepoint    ] Total time for which application threads were stopped: 0.0000647 seconds, Stopping threads took: 0.0000376 seconds
[2019-06-24T09:54:50.978+0000][1][safepoint    ] Application time: 0.0000363 seconds
[2019-06-24T09:54:50.978+0000][1][safepoint    ] Entering safepoint region: RevokeBias
[2019-06-24T09:54:50.978+0000][1][safepoint    ] Leaving safepoint region
[2019-06-24T09:54:50.978+0000][1][safepoint    ] Total time for which application threads were stopped: 0.0000537 seconds, Stopping threads took: 0.0000263 seconds
[2019-06-24T09:54:50.978+0000][1][safepoint    ] Application time: 0.0000655 seconds
[2019-06-24T09:54:50.978+0000][1][safepoint    ] Entering safepoint region: RevokeBias
[2019-06-24T09:54:50.978+0000][1][safepoint    ] Leaving safepoint region
[2019-06-24T09:54:50.978+0000][1][safepoint    ] Total time for which application threads were stopped: 0.0000806 seconds, Stopping threads took: 0.0000303 seconds
[2019-06-24T09:54:50.978+0000][1][safepoint    ] Application time: 0.0000393 seconds
[2019-06-24T09:54:50.978+0000][1][safepoint    ] Entering safepoint region: RevokeBias
[2019-06-24T09:54:50.978+0000][1][safepoint    ] Leaving safepoint region
[2019-06-24T09:54:50.978+0000][1][safepoint    ] Total time for which application threads were stopped: 0.0000458 seconds, Stopping threads took: 0.0000185 seconds
[2019-06-24T09:54:50.978+0000][1][safepoint    ] Application time: 0.0000370 seconds
[2019-06-24T09:54:50.978+0000][1][safepoint    ] Entering safepoint region: RevokeBias
[2019-06-24T09:54:50.978+0000][1][safepoint    ] Leaving safepoint region
[2019-06-24T09:54:50.978+0000][1][safepoint    ] Total time for which application threads were stopped: 0.0000506 seconds, Stopping threads took: 0.0000240 seconds
[2019-06-24T09:54:50.978+0000][1][safepoint    ] Application time: 0.0000319 seconds
[2019-06-24T09:54:50.978+0000][1][safepoint    ] Entering safepoint region: RevokeBias
[2019-06-24T09:54:50.978+0000][1][safepoint    ] Leaving safepoint region
[2019-06-24T09:54:50.978+0000][1][safepoint    ] Total time for which application threads were stopped: 0.0000337 seconds, Stopping threads took: 0.0000086 seconds
[2019-06-24T09:54:50.978+0000][1][safepoint    ] Application time: 0.0000426 seconds
[2019-06-24T09:54:50.979+0000][1][safepoint    ] Entering safepoint region: RevokeBias
[2019-06-24T09:54:50.979+0000][1][safepoint    ] Leaving safepoint region
[2019-06-24T09:54:50.979+0000][1][safepoint    ] Total time for which application threads were stopped: 0.0001164 seconds, Stopping threads took: 0.0000818 seconds
[2019-06-24T09:54:50.979+0000][1][safepoint    ] Application time: 0.0000362 seconds
[2019-06-24T09:54:50.979+0000][1][safepoint    ] Entering safepoint region: RevokeBias
[2019-06-24T09:54:50.979+0000][1][safepoint    ] Leaving safepoint region
[2019-06-24T09:54:50.979+0000][1][safepoint    ] Total time for which application threads were stopped: 0.0000561 seconds, Stopping threads took: 0.0000270 seconds
[2019-06-24T09:54:50.979+0000][1][safepoint    ] Application time: 0.0000766 seconds
[2019-06-24T09:54:50.979+0000][1][safepoint    ] Entering safepoint region: RevokeBias
[2019-06-24T09:54:50.979+0000][1][safepoint    ] Leaving safepoint region
[2019-06-24T09:54:50.979+0000][1][safepoint    ] Total time for which application threads were stopped: 0.0000674 seconds, Stopping threads took: 0.0000409 seconds
[2019-06-24T09:54:50.979+0000][1][safepoint    ] Application time: 0.0000364 seconds
[2019-06-24T09:54:50.979+0000][1][safepoint    ] Entering safepoint region: RevokeBias
[2019-06-24T09:54:50.979+0000][1][safepoint    ] Leaving safepoint region
[2019-06-24T09:54:50.979+0000][1][safepoint    ] Total time for which application threads were stopped: 0.0000420 seconds, Stopping threads took: 0.0000196 seconds
[2019-06-24T09:54:50.979+0000][1][safepoint    ] Application time: 0.0000851 seconds
[2019-06-24T09:54:50.979+0000][1][safepoint    ] Entering safepoint region: RevokeBias
[2019-06-24T09:54:50.979+0000][1][safepoint    ] Leaving safepoint region
[2019-06-24T09:54:50.979+0000][1][safepoint    ] Total time for which application threads were stopped: 0.0000640 seconds, Stopping threads took: 0.0000397 seconds
[2019-06-24T09:54:50.979+0000][1][safepoint    ] Application time: 0.0000475 seconds
[2019-06-24T09:54:50.979+0000][1][safepoint    ] Entering safepoint region: RevokeBias
[2019-06-24T09:54:50.979+0000][1][safepoint    ] Leaving safepoint region
[2019-06-24T09:54:50.979+0000][1][safepoint    ] Total time for which application threads were stopped: 0.0000446 seconds, Stopping threads took: 0.0000220 seconds
[2019-06-24T09:54:50.979+0000][1][safepoint    ] Application time: 0.0000347 seconds
[2019-06-24T09:54:50.979+0000][1][safepoint    ] Entering safepoint region: RevokeBias
[2019-06-24T09:54:50.979+0000][1][safepoint    ] Leaving safepoint region
[2019-06-24T09:54:50.979+0000][1][safepoint    ] Total time for which application threads were stopped: 0.0000286 seconds, Stopping threads took: 0.0000061 seconds
[2019-06-24T09:54:50.979+0000][1][safepoint    ] Application time: 0.0000316 seconds
[2019-06-24T09:54:50.979+0000][1][safepoint    ] Entering safepoint region: RevokeBias
[2019-06-24T09:54:50.979+0000][1][safepoint    ] Leaving safepoint region
[2019-06-24T09:54:50.979+0000][1][safepoint    ] Total time for which application threads were stopped: 0.0000409 seconds, Stopping threads took: 0.0000184 seconds
[2019-06-24T09:54:50.979+0000][1][safepoint    ] Application time: 0.0000398 seconds
[2019-06-24T09:54:50.979+0000][1][safepoint    ] Entering safepoint region: RevokeBias
[2019-06-24T09:54:50.979+0000][1][safepoint    ] Leaving safepoint region
[2019-06-24T09:54:50.979+0000][1][safepoint    ] Total time for which application threads were stopped: 0.0000808 seconds, Stopping threads took: 0.0000548 seconds
[2019-06-24T09:54:50.980+0000][1][safepoint    ] Application time: 0.0000331 seconds
[2019-06-24T09:54:50.980+0000][1][safepoint    ] Entering safepoint region: RevokeBias
[2019-06-24T09:54:50.980+0000][1][safepoint    ] Leaving safepoint region
[2019-06-24T09:54:50.980+0000][1][safepoint    ] Total time for which application threads were stopped: 0.0000462 seconds, Stopping threads took: 0.0000222 seconds
[2019-06-24T09:54:50.980+0000][1][safepoint    ] Application time: 0.0002421 seconds
[2019-06-24T09:54:50.980+0000][1][safepoint    ] Entering safepoint region: RevokeBias
[2019-06-24T09:54:50.980+0000][1][safepoint    ] Leaving safepoint region
[2019-06-24T09:54:50.980+0000][1][safepoint    ] Total time for which application threads were stopped: 0.0001006 seconds, Stopping threads took: 0.0000653 seconds
[2019-06-24T09:54:50.980+0000][1][safepoint    ] Application time: 0.0000414 seconds
[2019-06-24T09:54:50.980+0000][1][safepoint    ] Entering safepoint region: RevokeBias
[2019-06-24T09:54:50.980+0000][1][safepoint    ] Leaving safepoint region
[2019-06-24T09:54:50.980+0000][1][safepoint    ] Total time for which application threads were stopped: 0.0000702 seconds, Stopping threads took: 0.0000318 seconds
[2019-06-24T09:54:51.001+0000][1][safepoint    ] Application time: 0.0209722 seconds
[2019-06-24T09:54:51.001+0000][1][safepoint    ] Entering safepoint region: RevokeBias
[2019-06-24T09:54:51.001+0000][1][safepoint    ] Leaving safepoint region
[2019-06-24T09:54:51.001+0000][1][safepoint    ] Total time for which application threads were stopped: 0.0000731 seconds, Stopping threads took: 0.0000167 seconds
[2019-06-24T09:54:51.202+0000][1][safepoint    ] Application time: 0.2011051 seconds
[2019-06-24T09:54:51.202+0000][1][safepoint    ] Entering safepoint region: Deoptimize
[2019-06-24T09:54:51.203+0000][1][safepoint    ] Leaving safepoint region
[2019-06-24T09:54:51.203+0000][1][safepoint    ] Total time for which application threads were stopped: 0.0004351 seconds, Stopping threads took: 0.0000126 seconds
[2019-06-24T09:54:51.328+0000][1][safepoint    ] Application time: 0.1249547 seconds
[2019-06-24T09:54:51.328+0000][1][safepoint    ] Entering safepoint region: RevokeBias
[2019-06-24T09:54:51.328+0000][1][safepoint    ] Leaving safepoint region
[2019-06-24T09:54:51.328+0000][1][safepoint    ] Total time for which application threads were stopped: 0.0001705 seconds, Stopping threads took: 0.0000306 seconds
[2019-06-24T09:54:51.468+0000][1][safepoint    ] Application time: 0.1399882 seconds
[2019-06-24T09:54:51.468+0000][1][safepoint    ] Entering safepoint region: GenCollectForAllocation
[2019-06-24T09:54:51.468+0000][1][gc,start     ] GC(1) Pause Young (Allocation Failure)
[2019-06-24T09:54:51.468+0000][1][gc,task      ] GC(1) Using 5 workers of 8 for evacuation
[2019-06-24T09:54:51.481+0000][1][gc,age       ] GC(1) Desired survivor size 4456448 bytes, new threshold 6 (max threshold 6)
[2019-06-24T09:54:51.481+0000][1][gc,age       ] GC(1) Age table with threshold 6 (max threshold 6)
[2019-06-24T09:54:51.481+0000][1][gc,age       ] GC(1) - age   1:    1985648 bytes,    1985648 total
[2019-06-24T09:54:51.481+0000][1][gc,heap      ] GC(1) ParNew: 77734K->6168K(78656K)
[2019-06-24T09:54:51.481+0000][1][gc,heap      ] GC(1) CMS: 0K->6673K(174784K)
[2019-06-24T09:54:51.481+0000][1][gc,metaspace ] GC(1) Metaspace: 14745K->14745K(1062912K)
[2019-06-24T09:54:51.481+0000][1][gc           ] GC(1) Pause Young (Allocation Failure) 75M->12M(247M) 12.558ms
[2019-06-24T09:54:51.481+0000][1][gc,cpu       ] GC(1) User=0.07s Sys=0.00s Real=0.01s
[2019-06-24T09:54:51.481+0000][1][safepoint    ] Leaving safepoint region
[2019-06-24T09:54:51.481+0000][1][safepoint    ] Total time for which application threads were stopped: 0.0126807 seconds, Stopping threads took: 0.0000121 seconds
[2019-06-24T09:54:51.481+0000][1][safepoint    ] Application time: 0.0002879 seconds
[2019-06-24T09:54:51.481+0000][1][safepoint    ] Entering safepoint region: RevokeBias
[2019-06-24T09:54:51.481+0000][1][safepoint    ] Leaving safepoint region
[2019-06-24T09:54:51.481+0000][1][safepoint    ] Total time for which application threads were stopped: 0.0001543 seconds, Stopping threads took: 0.0001019 seconds
[2019-06-24T09:54:51.481+0000][1][safepoint    ] Application time: 0.0000351 seconds
[2019-06-24T09:54:51.481+0000][1][safepoint    ] Entering safepoint region: RevokeBias
[2019-06-24T09:54:51.481+0000][1][safepoint    ] Leaving safepoint region
[2019-06-24T09:54:51.481+0000][1][safepoint    ] Total time for which application threads were stopped: 0.0000431 seconds, Stopping threads took: 0.0000063 seconds
[2019-06-24T09:54:51.481+0000][1][safepoint    ] Application time: 0.0000441 seconds
[2019-06-24T09:54:51.481+0000][1][safepoint    ] Entering safepoint region: RevokeBias
[2019-06-24T09:54:51.481+0000][1][safepoint    ] Leaving safepoint region
[2019-06-24T09:54:51.481+0000][1][safepoint    ] Total time for which application threads were stopped: 0.0000418 seconds, Stopping threads took: 0.0000064 seconds
[2019-06-24T09:54:51.481+0000][1][safepoint    ] Application time: 0.0000323 seconds
[2019-06-24T09:54:51.481+0000][1][safepoint    ] Entering safepoint region: RevokeBias
[2019-06-24T09:54:51.481+0000][1][safepoint    ] Leaving safepoint region
[2019-06-24T09:54:51.481+0000][1][safepoint    ] Total time for which application threads were stopped: 0.0000403 seconds, Stopping threads took: 0.0000061 seconds
[2019-06-24T09:54:51.481+0000][1][safepoint    ] Application time: 0.0000359 seconds
[2019-06-24T09:54:51.481+0000][1][safepoint    ] Entering safepoint region: RevokeBias
[2019-06-24T09:54:51.481+0000][1][safepoint    ] Leaving safepoint region
[2019-06-24T09:54:51.482+0000][1][safepoint    ] Total time for which application threads were stopped: 0.0000404 seconds, Stopping threads took: 0.0000061 seconds
[2019-06-24T09:54:51.482+0000][1][safepoint    ] Application time: 0.0000303 seconds
[2019-06-24T09:54:51.482+0000][1][safepoint    ] Entering safepoint region: RevokeBias
[2019-06-24T09:54:51.482+0000][1][safepoint    ] Leaving safepoint region
[2019-06-24T09:54:51.482+0000][1][safepoint    ] Total time for which application threads were stopped: 0.0000380 seconds, Stopping threads took: 0.0000056 seconds
[2019-06-24T09:54:51.482+0000][1][safepoint    ] Application time: 0.0000343 seconds
[2019-06-24T09:54:51.482+0000][1][safepoint    ] Entering safepoint region: RevokeBias
[2019-06-24T09:54:51.482+0000][1][safepoint    ] Leaving safepoint region
[2019-06-24T09:54:51.482+0000][1][safepoint    ] Total time for which application threads were stopped: 0.0001199 seconds, Stopping threads took: 0.0000295 seconds
[2019-06-24T09:54:51.482+0000][1][safepoint    ] Application time: 0.0000358 seconds
[2019-06-24T09:54:51.482+0000][1][safepoint    ] Entering safepoint region: RevokeBias
[2019-06-24T09:54:51.482+0000][1][safepoint    ] Leaving safepoint region
[2019-06-24T09:54:51.482+0000][1][safepoint    ] Total time for which application threads were stopped: 0.0000567 seconds, Stopping threads took: 0.0000206 seconds
[2019-06-24T09:54:51.482+0000][1][safepoint    ] Application time: 0.0000346 seconds
[2019-06-24T09:54:51.482+0000][1][safepoint    ] Entering safepoint region: RevokeBias
[2019-06-24T09:54:51.482+0000][1][safepoint    ] Leaving safepoint region
[2019-06-24T09:54:51.482+0000][1][safepoint    ] Total time for which application threads were stopped: 0.0000396 seconds, Stopping threads took: 0.0000059 seconds
[2019-06-24T09:54:51.482+0000][1][safepoint    ] Application time: 0.0000307 seconds
[2019-06-24T09:54:51.482+0000][1][safepoint    ] Entering safepoint region: RevokeBias
[2019-06-24T09:54:51.482+0000][1][safepoint    ] Leaving safepoint region
[2019-06-24T09:54:51.482+0000][1][safepoint    ] Total time for which application threads were stopped: 0.0000389 seconds, Stopping threads took: 0.0000058 seconds
[2019-06-24T09:54:51.482+0000][1][safepoint    ] Application time: 0.0000374 seconds
[2019-06-24T09:54:51.482+0000][1][safepoint    ] Entering safepoint region: BulkRevokeBias
[2019-06-24T09:54:51.482+0000][1][safepoint    ] Leaving safepoint region
[2019-06-24T09:54:51.482+0000][1][safepoint    ] Total time for which application threads were stopped: 0.0000560 seconds, Stopping threads took: 0.0000263 seconds
[2019-06-24T09:54:51.482+0000][1][safepoint    ] Application time: 0.0000313 seconds
[2019-06-24T09:54:51.482+0000][1][safepoint    ] Entering safepoint region: RevokeBias
[2019-06-24T09:54:51.482+0000][1][safepoint    ] Leaving safepoint region
[2019-06-24T09:54:51.482+0000][1][safepoint    ] Total time for which application threads were stopped: 0.0000593 seconds, Stopping threads took: 0.0000318 seconds
[2019-06-24T09:54:51.482+0000][1][safepoint    ] Application time: 0.0000365 seconds
[2019-06-24T09:54:51.482+0000][1][safepoint    ] Entering safepoint region: BulkRevokeBias
[2019-06-24T09:54:51.482+0000][1][safepoint    ] Leaving safepoint region
[2019-06-24T09:54:51.482+0000][1][safepoint    ] Total time for which application threads were stopped: 0.0000594 seconds, Stopping threads took: 0.0000242 seconds
[2019-06-24T09:54:51.592+0000][1][safepoint    ] Application time: 0.1096410 seconds
[2019-06-24T09:54:51.592+0000][1][safepoint    ] Entering safepoint region: GenCollectForAllocation
[2019-06-24T09:54:51.592+0000][1][gc,start     ] GC(2) Pause Young (Allocation Failure)
[2019-06-24T09:54:51.592+0000][1][gc,task      ] GC(2) Using 5 workers of 8 for evacuation
[2019-06-24T09:54:51.595+0000][1][gc,age       ] GC(2) Desired survivor size 4456448 bytes, new threshold 6 (max threshold 6)
[2019-06-24T09:54:51.595+0000][1][gc,age       ] GC(2) Age table with threshold 6 (max threshold 6)
[2019-06-24T09:54:51.595+0000][1][gc,age       ] GC(2) - age   1:    2695760 bytes,    2695760 total
[2019-06-24T09:54:51.595+0000][1][gc,age       ] GC(2) - age   2:    1206824 bytes,    3902584 total
[2019-06-24T09:54:51.595+0000][1][gc,heap      ] GC(2) ParNew: 76120K->4955K(78656K)
[2019-06-24T09:54:51.595+0000][1][gc,heap      ] GC(2) CMS: 6673K->6673K(174784K)
[2019-06-24T09:54:51.595+0000][1][gc,metaspace ] GC(2) Metaspace: 14877K->14877K(1062912K)
[2019-06-24T09:54:51.595+0000][1][gc           ] GC(2) Pause Young (Allocation Failure) 80M->11M(247M) 3.153ms
[2019-06-24T09:54:51.595+0000][1][gc,cpu       ] GC(2) User=0.02s Sys=0.00s Real=0.01s
[2019-06-24T09:54:51.595+0000][1][safepoint    ] Leaving safepoint region
[2019-06-24T09:54:51.595+0000][1][safepoint    ] Total time for which application threads were stopped: 0.0032991 seconds, Stopping threads took: 0.0000191 seconds
[2019-06-24T09:54:51.595+0000][1][safepoint    ] Application time: 0.0001532 seconds
[2019-06-24T09:54:51.596+0000][1][safepoint    ] Entering safepoint region: RevokeBias
[2019-06-24T09:54:51.596+0000][1][safepoint    ] Leaving safepoint region
[2019-06-24T09:54:51.596+0000][1][safepoint    ] Total time for which application threads were stopped: 0.0000965 seconds, Stopping threads took: 0.0000411 seconds
[2019-06-24T09:54:51.596+0000][1][safepoint    ] Application time: 0.0000937 seconds
[2019-06-24T09:54:51.596+0000][1][safepoint    ] Entering safepoint region: RevokeBias
[2019-06-24T09:54:51.596+0000][1][safepoint    ] Leaving safepoint region
[2019-06-24T09:54:51.596+0000][1][safepoint    ] Total time for which application threads were stopped: 0.0001174 seconds, Stopping threads took: 0.0000431 seconds
[2019-06-24T09:54:51.596+0000][1][safepoint    ] Application time: 0.0001297 seconds
[2019-06-24T09:54:51.596+0000][1][safepoint    ] Entering safepoint region: RevokeBias
[2019-06-24T09:54:51.596+0000][1][safepoint    ] Leaving safepoint region
[2019-06-24T09:54:51.596+0000][1][safepoint    ] Total time for which application threads were stopped: 0.0000556 seconds, Stopping threads took: 0.0000129 seconds
[2019-06-24T09:54:51.596+0000][1][safepoint    ] Application time: 0.0000657 seconds
[2019-06-24T09:54:51.596+0000][1][safepoint    ] Entering safepoint region: RevokeBias
[2019-06-24T09:54:51.596+0000][1][safepoint    ] Leaving safepoint region
[2019-06-24T09:54:51.596+0000][1][safepoint    ] Total time for which application threads were stopped: 0.0000534 seconds, Stopping threads took: 0.0000098 seconds
[2019-06-24T09:54:51.596+0000][1][safepoint    ] Application time: 0.0001148 seconds
[2019-06-24T09:54:51.596+0000][1][safepoint    ] Entering safepoint region: RevokeBias
[2019-06-24T09:54:51.596+0000][1][safepoint    ] Leaving safepoint region
[2019-06-24T09:54:51.596+0000][1][safepoint    ] Total time for which application threads were stopped: 0.0000753 seconds, Stopping threads took: 0.0000314 seconds
[2019-06-24T09:54:51.596+0000][1][safepoint    ] Application time: 0.0000694 seconds
[2019-06-24T09:54:51.597+0000][1][safepoint    ] Entering safepoint region: RevokeBias
[2019-06-24T09:54:51.597+0000][1][safepoint    ] Leaving safepoint region
[2019-06-24T09:54:51.597+0000][1][safepoint    ] Total time for which application threads were stopped: 0.0000823 seconds, Stopping threads took: 0.0000413 seconds
[2019-06-24T09:54:51.721+0000][1][safepoint    ] Application time: 0.1241851 seconds
[2019-06-24T09:54:51.721+0000][1][safepoint    ] Entering safepoint region: Deoptimize
[2019-06-24T09:54:51.721+0000][1][safepoint    ] Leaving safepoint region
[2019-06-24T09:54:51.721+0000][1][safepoint    ] Total time for which application threads were stopped: 0.0003535 seconds, Stopping threads took: 0.0000169 seconds
[2019-06-24T09:54:51.722+0000][1][safepoint    ] Application time: 0.0004980 seconds
[2019-06-24T09:54:51.722+0000][1][safepoint    ] Entering safepoint region: Deoptimize
[2019-06-24T09:54:51.722+0000][1][safepoint    ] Leaving safepoint region
[2019-06-24T09:54:51.722+0000][1][safepoint    ] Total time for which application threads were stopped: 0.0002686 seconds, Stopping threads took: 0.0000120 seconds
[2019-06-24T09:54:51.946+0000][1][safepoint    ] Application time: 0.2242662 seconds
[2019-06-24T09:54:51.946+0000][1][safepoint    ] Entering safepoint region: GenCollectForAllocation
[2019-06-24T09:54:51.946+0000][1][gc,start     ] GC(3) Pause Young (Allocation Failure)
[2019-06-24T09:54:51.946+0000][1][gc,task      ] GC(3) Using 5 workers of 8 for evacuation
[2019-06-24T09:54:51.949+0000][1][gc,age       ] GC(3) Desired survivor size 4456448 bytes, new threshold 3 (max threshold 6)
[2019-06-24T09:54:51.949+0000][1][gc,age       ] GC(3) Age table with threshold 3 (max threshold 6)
[2019-06-24T09:54:51.949+0000][1][gc,age       ] GC(3) - age   1:    3541472 bytes,    3541472 total
[2019-06-24T09:54:51.949+0000][1][gc,age       ] GC(3) - age   2:     318408 bytes,    3859880 total
[2019-06-24T09:54:51.949+0000][1][gc,age       ] GC(3) - age   3:    1203704 bytes,    5063584 total
[2019-06-24T09:54:51.949+0000][1][gc,heap      ] GC(3) ParNew: 74907K->6895K(78656K)
[2019-06-24T09:54:51.949+0000][1][gc,heap      ] GC(3) CMS: 6673K->6673K(174784K)
[2019-06-24T09:54:51.949+0000][1][gc,metaspace ] GC(3) Metaspace: 18374K->18374K(1067008K)
[2019-06-24T09:54:51.949+0000][1][gc           ] GC(3) Pause Young (Allocation Failure) 79M->13M(247M) 3.050ms
[2019-06-24T09:54:51.949+0000][1][gc,cpu       ] GC(3) User=0.00s Sys=0.01s Real=0.00s
[2019-06-24T09:54:51.949+0000][1][safepoint    ] Leaving safepoint region
[2019-06-24T09:54:51.949+0000][1][safepoint    ] Total time for which application threads were stopped: 0.0032064 seconds, Stopping threads took: 0.0000169 seconds
[2019-06-24T09:54:51.950+0000][1][safepoint    ] Application time: 0.0001726 seconds
[2019-06-24T09:54:51.950+0000][1][safepoint    ] Entering safepoint region: RevokeBias
[2019-06-24T09:54:51.950+0000][1][safepoint    ] Leaving safepoint region
[2019-06-24T09:54:51.950+0000][1][safepoint    ] Total time for which application threads were stopped: 0.0000881 seconds, Stopping threads took: 0.0000371 seconds
[2019-06-24T09:54:51.950+0000][1][safepoint    ] Application time: 0.0000445 seconds
[2019-06-24T09:54:51.950+0000][1][safepoint    ] Entering safepoint region: RevokeBias
[2019-06-24T09:54:51.950+0000][1][safepoint    ] Leaving safepoint region
[2019-06-24T09:54:51.950+0000][1][safepoint    ] Total time for which application threads were stopped: 0.0001263 seconds, Stopping threads took: 0.0000941 seconds
[2019-06-24T09:54:51.950+0000][1][safepoint    ] Application time: 0.0000655 seconds
[2019-06-24T09:54:51.950+0000][1][safepoint    ] Entering safepoint region: RevokeBias
[2019-06-24T09:54:51.950+0000][1][safepoint    ] Leaving safepoint region
[2019-06-24T09:54:51.950+0000][1][safepoint    ] Total time for which application threads were stopped: 0.0000460 seconds, Stopping threads took: 0.0000224 seconds
[2019-06-24T09:54:51.950+0000][1][safepoint    ] Application time: 0.0000356 seconds
[2019-06-24T09:54:51.950+0000][1][safepoint    ] Entering safepoint region: RevokeBias
[2019-06-24T09:54:51.950+0000][1][safepoint    ] Leaving safepoint region
[2019-06-24T09:54:51.950+0000][1][safepoint    ] Total time for which application threads were stopped: 0.0000383 seconds, Stopping threads took: 0.0000147 seconds
[2019-06-24T09:54:51.950+0000][1][safepoint    ] Application time: 0.0000404 seconds
[2019-06-24T09:54:51.950+0000][1][safepoint    ] Entering safepoint region: RevokeBias
[2019-06-24T09:54:51.950+0000][1][safepoint    ] Leaving safepoint region
[2019-06-24T09:54:51.950+0000][1][safepoint    ] Total time for which application threads were stopped: 0.0000330 seconds, Stopping threads took: 0.0000071 seconds
[2019-06-24T09:54:51.950+0000][1][safepoint    ] Application time: 0.0000322 seconds
[2019-06-24T09:54:51.950+0000][1][safepoint    ] Entering safepoint region: RevokeBias
[2019-06-24T09:54:51.950+0000][1][safepoint    ] Leaving safepoint region
[2019-06-24T09:54:51.950+0000][1][safepoint    ] Total time for which application threads were stopped: 0.0000937 seconds, Stopping threads took: 0.0000298 seconds
[2019-06-24T09:54:51.950+0000][1][safepoint    ] Application time: 0.0000487 seconds
[2019-06-24T09:54:51.951+0000][1][safepoint    ] Entering safepoint region: RevokeBias
[2019-06-24T09:54:51.951+0000][1][safepoint    ] Leaving safepoint region
[2019-06-24T09:54:51.951+0000][1][safepoint    ] Total time for which application threads were stopped: 0.0002616 seconds, Stopping threads took: 0.0002305 seconds
[2019-06-24T09:54:51.951+0000][1][safepoint    ] Application time: 0.0000379 seconds
[2019-06-24T09:54:51.951+0000][1][safepoint    ] Entering safepoint region: RevokeBias
[2019-06-24T09:54:51.951+0000][1][safepoint    ] Leaving safepoint region
[2019-06-24T09:54:51.951+0000][1][safepoint    ] Total time for which application threads were stopped: 0.0000317 seconds, Stopping threads took: 0.0000064 seconds
[2019-06-24T09:54:51.951+0000][1][safepoint    ] Application time: 0.0000370 seconds
[2019-06-24T09:54:51.951+0000][1][safepoint    ] Entering safepoint region: RevokeBias
[2019-06-24T09:54:51.951+0000][1][safepoint    ] Leaving safepoint region
[2019-06-24T09:54:51.951+0000][1][safepoint    ] Total time for which application threads were stopped: 0.0000309 seconds, Stopping threads took: 0.0000063 seconds
[2019-06-24T09:54:51.951+0000][1][safepoint    ] Application time: 0.0000334 seconds
[2019-06-24T09:54:51.951+0000][1][safepoint    ] Entering safepoint region: RevokeBias
[2019-06-24T09:54:51.951+0000][1][safepoint    ] Leaving safepoint region
[2019-06-24T09:54:51.951+0000][1][safepoint    ] Total time for which application threads were stopped: 0.0000307 seconds, Stopping threads took: 0.0000062 seconds
[2019-06-24T09:54:51.951+0000][1][safepoint    ] Application time: 0.0000372 seconds
[2019-06-24T09:54:51.951+0000][1][safepoint    ] Entering safepoint region: RevokeBias
[2019-06-24T09:54:51.951+0000][1][safepoint    ] Leaving safepoint region
[2019-06-24T09:54:51.951+0000][1][safepoint    ] Total time for which application threads were stopped: 0.0000310 seconds, Stopping threads took: 0.0000063 seconds
[2019-06-24T09:54:51.951+0000][1][safepoint    ] Application time: 0.0000364 seconds
[2019-06-24T09:54:51.951+0000][1][safepoint    ] Entering safepoint region: RevokeBias
[2019-06-24T09:54:51.951+0000][1][safepoint    ] Leaving safepoint region
[2019-06-24T09:54:51.951+0000][1][safepoint    ] Total time for which application threads were stopped: 0.0000504 seconds, Stopping threads took: 0.0000239 seconds
[2019-06-24T09:54:51.951+0000][1][safepoint    ] Application time: 0.0000385 seconds
[2019-06-24T09:54:51.951+0000][1][safepoint    ] Entering safepoint region: RevokeBias
[2019-06-24T09:54:51.951+0000][1][safepoint    ] Leaving safepoint region
[2019-06-24T09:54:51.951+0000][1][safepoint    ] Total time for which application threads were stopped: 0.0000760 seconds, Stopping threads took: 0.0000452 seconds
[2019-06-24T09:54:51.951+0000][1][safepoint    ] Application time: 0.0000359 seconds
[2019-06-24T09:54:51.951+0000][1][safepoint    ] Entering safepoint region: RevokeBias
[2019-06-24T09:54:51.951+0000][1][safepoint    ] Leaving safepoint region
[2019-06-24T09:54:51.951+0000][1][safepoint    ] Total time for which application threads were stopped: 0.0000882 seconds, Stopping threads took: 0.0000529 seconds
[2019-06-24T09:54:51.951+0000][1][safepoint    ] Application time: 0.0000418 seconds
[2019-06-24T09:54:51.952+0000][1][safepoint    ] Entering safepoint region: RevokeBias
[2019-06-24T09:54:51.952+0000][1][safepoint    ] Leaving safepoint region
[2019-06-24T09:54:51.952+0000][1][safepoint    ] Total time for which application threads were stopped: 0.0001034 seconds, Stopping threads took: 0.0000708 seconds
[2019-06-24T09:54:51.952+0000][1][safepoint    ] Application time: 0.0000395 seconds
[2019-06-24T09:54:51.952+0000][1][safepoint    ] Entering safepoint region: RevokeBias
[2019-06-24T09:54:51.952+0000][1][safepoint    ] Leaving safepoint region
[2019-06-24T09:54:51.952+0000][1][safepoint    ] Total time for which application threads were stopped: 0.0000674 seconds, Stopping threads took: 0.0000404 seconds
[2019-06-24T09:54:51.952+0000][1][safepoint    ] Application time: 0.0002482 seconds
[2019-06-24T09:54:51.952+0000][1][safepoint    ] Entering safepoint region: RevokeBias
[2019-06-24T09:54:51.952+0000][1][safepoint    ] Leaving safepoint region
[2019-06-24T09:54:51.952+0000][1][safepoint    ] Total time for which application threads were stopped: 0.0000806 seconds, Stopping threads took: 0.0000382 seconds
[2019-06-24T09:54:51.952+0000][1][safepoint    ] Application time: 0.0000445 seconds
[2019-06-24T09:54:51.952+0000][1][safepoint    ] Entering safepoint region: RevokeBias
[2019-06-24T09:54:51.952+0000][1][safepoint    ] Leaving safepoint region
[2019-06-24T09:54:51.952+0000][1][safepoint    ] Total time for which application threads were stopped: 0.0000672 seconds, Stopping threads took: 0.0000293 seconds
[2019-06-24T09:54:51.952+0000][1][safepoint    ] Application time: 0.0000404 seconds
[2019-06-24T09:54:51.952+0000][1][safepoint    ] Entering safepoint region: RevokeBias
[2019-06-24T09:54:51.952+0000][1][safepoint    ] Leaving safepoint region
[2019-06-24T09:54:51.952+0000][1][safepoint    ] Total time for which application threads were stopped: 0.0000484 seconds, Stopping threads took: 0.0000098 seconds
[2019-06-24T09:54:51.952+0000][1][safepoint    ] Application time: 0.0000433 seconds
[2019-06-24T09:54:51.952+0000][1][safepoint    ] Entering safepoint region: RevokeBias
[2019-06-24T09:54:51.952+0000][1][safepoint    ] Leaving safepoint region
[2019-06-24T09:54:51.952+0000][1][safepoint    ] Total time for which application threads were stopped: 0.0000797 seconds, Stopping threads took: 0.0000347 seconds
[2019-06-24T09:54:51.952+0000][1][safepoint    ] Application time: 0.0000446 seconds
[2019-06-24T09:54:51.953+0000][1][safepoint    ] Entering safepoint region: RevokeBias
[2019-06-24T09:54:51.953+0000][1][safepoint    ] Leaving safepoint region
[2019-06-24T09:54:51.953+0000][1][safepoint    ] Total time for which application threads were stopped: 0.0000804 seconds, Stopping threads took: 0.0000499 seconds
[2019-06-24T09:54:52.035+0000][1][safepoint    ] Application time: 0.0819636 seconds
[2019-06-24T09:54:52.035+0000][1][safepoint    ] Entering safepoint region: GenCollectForAllocation
[2019-06-24T09:54:52.035+0000][1][gc,start     ] GC(4) Pause Young (Allocation Failure)
[2019-06-24T09:54:52.035+0000][1][gc,task      ] GC(4) Using 5 workers of 8 for evacuation
[2019-06-24T09:54:52.039+0000][1][gc,age       ] GC(4) Desired survivor size 4456448 bytes, new threshold 2 (max threshold 6)
[2019-06-24T09:54:52.040+0000][1][gc,age       ] GC(4) Age table with threshold 2 (max threshold 6)
[2019-06-24T09:54:52.040+0000][1][gc,age       ] GC(4) - age   1:    1629064 bytes,    1629064 total
[2019-06-24T09:54:52.040+0000][1][gc,age       ] GC(4) - age   2:    3305328 bytes,    4934392 total
[2019-06-24T09:54:52.040+0000][1][gc,age       ] GC(4) - age   3:     317880 bytes,    5252272 total
[2019-06-24T09:54:52.040+0000][1][gc,heap      ] GC(4) ParNew: 76847K->7029K(78656K)
[2019-06-24T09:54:52.040+0000][1][gc,heap      ] GC(4) CMS: 6673K->7866K(174784K)
[2019-06-24T09:54:52.040+0000][1][gc,metaspace ] GC(4) Metaspace: 18581K->18581K(1067008K)
[2019-06-24T09:54:52.040+0000][1][gc           ] GC(4) Pause Young (Allocation Failure) 81M->14M(247M) 4.921ms
[2019-06-24T09:54:52.040+0000][1][gc,cpu       ] GC(4) User=0.03s Sys=0.00s Real=0.00s
[2019-06-24T09:54:52.040+0000][1][safepoint    ] Leaving safepoint region
[2019-06-24T09:54:52.040+0000][1][safepoint    ] Total time for which application threads were stopped: 0.0051104 seconds, Stopping threads took: 0.0000184 seconds
[2019-06-24T09:54:52.040+0000][1][safepoint    ] Application time: 0.0001323 seconds
[2019-06-24T09:54:52.040+0000][1][safepoint    ] Entering safepoint region: RevokeBias
[2019-06-24T09:54:52.040+0000][1][safepoint    ] Leaving safepoint region
[2019-06-24T09:54:52.040+0000][1][safepoint    ] Total time for which application threads were stopped: 0.0000955 seconds, Stopping threads took: 0.0000398 seconds
[2019-06-24T09:54:52.040+0000][1][safepoint    ] Application time: 0.0000450 seconds
[2019-06-24T09:54:52.040+0000][1][safepoint    ] Entering safepoint region: RevokeBias
[2019-06-24T09:54:52.040+0000][1][safepoint    ] Leaving safepoint region
[2019-06-24T09:54:52.040+0000][1][safepoint    ] Total time for which application threads were stopped: 0.0000695 seconds, Stopping threads took: 0.0000318 seconds
[2019-06-24T09:54:52.040+0000][1][safepoint    ] Application time: 0.0000472 seconds
[2019-06-24T09:54:52.040+0000][1][safepoint    ] Entering safepoint region: RevokeBias
[2019-06-24T09:54:52.040+0000][1][safepoint    ] Leaving safepoint region
[2019-06-24T09:54:52.040+0000][1][safepoint    ] Total time for which application threads were stopped: 0.0000420 seconds, Stopping threads took: 0.0000099 seconds
[2019-06-24T09:54:52.040+0000][1][safepoint    ] Application time: 0.0000397 seconds
[2019-06-24T09:54:52.040+0000][1][safepoint    ] Entering safepoint region: RevokeBias
[2019-06-24T09:54:52.040+0000][1][safepoint    ] Leaving safepoint region
[2019-06-24T09:54:52.040+0000][1][safepoint    ] Total time for which application threads were stopped: 0.0000390 seconds, Stopping threads took: 0.0000091 seconds
[2019-06-24T09:54:52.058+0000][1][safepoint    ] Application time: 0.0172748 seconds
[2019-06-24T09:54:52.058+0000][1][safepoint    ] Entering safepoint region: Deoptimize
[2019-06-24T09:54:52.058+0000][1][safepoint    ] Leaving safepoint region
[2019-06-24T09:54:52.058+0000][1][safepoint    ] Total time for which application threads were stopped: 0.0004089 seconds, Stopping threads took: 0.0000178 seconds
[2019-06-24T09:54:52.093+0000][1][safepoint    ] Application time: 0.0353939 seconds
[2019-06-24T09:54:52.093+0000][1][safepoint    ] Entering safepoint region: Deoptimize
[2019-06-24T09:54:52.094+0000][1][safepoint    ] Leaving safepoint region
[2019-06-24T09:54:52.094+0000][1][safepoint    ] Total time for which application threads were stopped: 0.0003295 seconds, Stopping threads took: 0.0000155 seconds
[2019-06-24T09:54:52.170+0000][1][safepoint    ] Application time: 0.0762774 seconds
[2019-06-24T09:54:52.170+0000][1][safepoint    ] Entering safepoint region: GenCollectForAllocation
[2019-06-24T09:54:52.170+0000][1][gc,start     ] GC(5) Pause Young (Allocation Failure)
[2019-06-24T09:54:52.170+0000][1][gc,task      ] GC(5) Using 5 workers of 8 for evacuation
[2019-06-24T09:54:52.175+0000][1][gc,age       ] GC(5) Desired survivor size 4456448 bytes, new threshold 6 (max threshold 6)
[2019-06-24T09:54:52.175+0000][1][gc,age       ] GC(5) Age table with threshold 6 (max threshold 6)
[2019-06-24T09:54:52.175+0000][1][gc,age       ] GC(5) - age   1:    2223704 bytes,    2223704 total
[2019-06-24T09:54:52.175+0000][1][gc,age       ] GC(5) - age   2:     443224 bytes,    2666928 total
[2019-06-24T09:54:52.175+0000][1][gc,heap      ] GC(5) ParNew: 76981K->5963K(78656K)
[2019-06-24T09:54:52.175+0000][1][gc,heap      ] GC(5) CMS: 7866K->11436K(174784K)
[2019-06-24T09:54:52.175+0000][1][gc,metaspace ] GC(5) Metaspace: 18939K->18939K(1067008K)
[2019-06-24T09:54:52.175+0000][1][gc           ] GC(5) Pause Young (Allocation Failure) 82M->16M(247M) 4.439ms
[2019-06-24T09:54:52.175+0000][1][gc,cpu       ] GC(5) User=0.04s Sys=0.00s Real=0.01s
[2019-06-24T09:54:52.175+0000][1][safepoint    ] Leaving safepoint region
[2019-06-24T09:54:52.175+0000][1][safepoint    ] Total time for which application threads were stopped: 0.0046195 seconds, Stopping threads took: 0.0000424 seconds
[2019-06-24T09:54:52.175+0000][1][safepoint    ] Application time: 0.0001261 seconds
[2019-06-24T09:54:52.175+0000][1][safepoint    ] Entering safepoint region: RevokeBias
[2019-06-24T09:54:52.175+0000][1][safepoint    ] Leaving safepoint region
[2019-06-24T09:54:52.175+0000][1][safepoint    ] Total time for which application threads were stopped: 0.0001520 seconds, Stopping threads took: 0.0001010 seconds
[2019-06-24T09:54:52.175+0000][1][safepoint    ] Application time: 0.0000658 seconds
[2019-06-24T09:54:52.175+0000][1][safepoint    ] Entering safepoint region: RevokeBias
[2019-06-24T09:54:52.175+0000][1][safepoint    ] Leaving safepoint region
[2019-06-24T09:54:52.175+0000][1][safepoint    ] Total time for which application threads were stopped: 0.0001440 seconds, Stopping threads took: 0.0000998 seconds
[2019-06-24T09:54:52.175+0000][1][safepoint    ] Application time: 0.0000508 seconds
[2019-06-24T09:54:52.175+0000][1][safepoint    ] Entering safepoint region: RevokeBias
[2019-06-24T09:54:52.175+0000][1][safepoint    ] Leaving safepoint region
[2019-06-24T09:54:52.175+0000][1][safepoint    ] Total time for which application threads were stopped: 0.0000592 seconds, Stopping threads took: 0.0000239 seconds
[2019-06-24T09:54:52.175+0000][1][safepoint    ] Application time: 0.0000363 seconds
[2019-06-24T09:54:52.175+0000][1][safepoint    ] Entering safepoint region: RevokeBias
[2019-06-24T09:54:52.175+0000][1][safepoint    ] Leaving safepoint region
[2019-06-24T09:54:52.176+0000][1][safepoint    ] Total time for which application threads were stopped: 0.0000419 seconds, Stopping threads took: 0.0000080 seconds
[2019-06-24T09:54:52.176+0000][1][safepoint    ] Application time: 0.0000357 seconds
[2019-06-24T09:54:52.176+0000][1][safepoint    ] Entering safepoint region: RevokeBias
[2019-06-24T09:54:52.176+0000][1][safepoint    ] Leaving safepoint region
[2019-06-24T09:54:52.176+0000][1][safepoint    ] Total time for which application threads were stopped: 0.0000415 seconds, Stopping threads took: 0.0000078 seconds
[2019-06-24T09:54:52.176+0000][1][safepoint    ] Application time: 0.0000340 seconds
[2019-06-24T09:54:52.176+0000][1][safepoint    ] Entering safepoint region: RevokeBias
[2019-06-24T09:54:52.176+0000][1][safepoint    ] Leaving safepoint region
[2019-06-24T09:54:52.176+0000][1][safepoint    ] Total time for which application threads were stopped: 0.0000570 seconds, Stopping threads took: 0.0000081 seconds
[2019-06-24T09:54:52.262+0000][1][safepoint    ] Application time: 0.0860932 seconds
[2019-06-24T09:54:52.262+0000][1][safepoint    ] Entering safepoint region: RevokeBias
[2019-06-24T09:54:52.262+0000][1][safepoint    ] Leaving safepoint region
[2019-06-24T09:54:52.262+0000][1][safepoint    ] Total time for which application threads were stopped: 0.0000564 seconds, Stopping threads took: 0.0000102 seconds
[2019-06-24T09:54:52.262+0000][1][safepoint    ] Application time: 0.0002330 seconds
[2019-06-24T09:54:52.262+0000][1][safepoint    ] Entering safepoint region: BulkRevokeBias
[2019-06-24T09:54:52.262+0000][1][safepoint    ] Leaving safepoint region
[2019-06-24T09:54:52.262+0000][1][safepoint    ] Total time for which application threads were stopped: 0.0000983 seconds, Stopping threads took: 0.0000088 seconds
[2019-06-24T09:54:52.284+0000][1][safepoint    ] Application time: 0.0218485 seconds
[2019-06-24T09:54:52.284+0000][1][safepoint    ] Entering safepoint region: GenCollectForAllocation
[2019-06-24T09:54:52.284+0000][1][gc,start     ] GC(6) Pause Young (Allocation Failure)
[2019-06-24T09:54:52.284+0000][1][gc,task      ] GC(6) Using 5 workers of 8 for evacuation
[2019-06-24T09:54:52.286+0000][1][gc,age       ] GC(6) Desired survivor size 4456448 bytes, new threshold 6 (max threshold 6)
[2019-06-24T09:54:52.286+0000][1][gc,age       ] GC(6) Age table with threshold 6 (max threshold 6)
[2019-06-24T09:54:52.286+0000][1][gc,age       ] GC(6) - age   1:    1393872 bytes,    1393872 total
[2019-06-24T09:54:52.286+0000][1][gc,age       ] GC(6) - age   2:    2194648 bytes,    3588520 total
[2019-06-24T09:54:52.286+0000][1][gc,age       ] GC(6) - age   3:     443224 bytes,    4031744 total
[2019-06-24T09:54:52.286+0000][1][gc,heap      ] GC(6) ParNew: 75915K->4811K(78656K)
[2019-06-24T09:54:52.286+0000][1][gc,heap      ] GC(6) CMS: 11436K->11436K(174784K)
[2019-06-24T09:54:52.286+0000][1][gc,metaspace ] GC(6) Metaspace: 19242K->19242K(1067008K)
[2019-06-24T09:54:52.286+0000][1][gc           ] GC(6) Pause Young (Allocation Failure) 85M->15M(247M) 2.155ms
[2019-06-24T09:54:52.286+0000][1][gc,cpu       ] GC(6) User=0.01s Sys=0.00s Real=0.00s
[2019-06-24T09:54:52.286+0000][1][safepoint    ] Leaving safepoint region
[2019-06-24T09:54:52.286+0000][1][safepoint    ] Total time for which application threads were stopped: 0.0022693 seconds, Stopping threads took: 0.0000221 seconds
[2019-06-24T09:54:52.287+0000][1][safepoint    ] Application time: 0.0002232 seconds
[2019-06-24T09:54:52.287+0000][1][safepoint    ] Entering safepoint region: BulkRevokeBias
[2019-06-24T09:54:52.287+0000][1][safepoint    ] Leaving safepoint region
[2019-06-24T09:54:52.287+0000][1][safepoint    ] Total time for which application threads were stopped: 0.0001818 seconds, Stopping threads took: 0.0001009 seconds
[2019-06-24T09:54:52.399+0000][1][safepoint    ] Application time: 0.1118130 seconds
[2019-06-24T09:54:52.399+0000][1][safepoint    ] Entering safepoint region: GenCollectForAllocation
[2019-06-24T09:54:52.399+0000][1][gc,start     ] GC(7) Pause Young (Allocation Failure)
[2019-06-24T09:54:52.399+0000][1][gc,task      ] GC(7) Using 5 workers of 8 for evacuation
[2019-06-24T09:54:52.401+0000][1][gc,age       ] GC(7) Desired survivor size 4456448 bytes, new threshold 6 (max threshold 6)
[2019-06-24T09:54:52.401+0000][1][gc,age       ] GC(7) Age table with threshold 6 (max threshold 6)
[2019-06-24T09:54:52.401+0000][1][gc,age       ] GC(7) - age   1:     560992 bytes,     560992 total
[2019-06-24T09:54:52.401+0000][1][gc,age       ] GC(7) - age   2:    1130512 bytes,    1691504 total
[2019-06-24T09:54:52.401+0000][1][gc,age       ] GC(7) - age   3:    2192640 bytes,    3884144 total
[2019-06-24T09:54:52.401+0000][1][gc,age       ] GC(7) - age   4:     443224 bytes,    4327368 total
[2019-06-24T09:54:52.401+0000][1][gc,heap      ] GC(7) ParNew: 74763K->5249K(78656K)
[2019-06-24T09:54:52.401+0000][1][gc,heap      ] GC(7) CMS: 11436K->11436K(174784K)
[2019-06-24T09:54:52.401+0000][1][gc,metaspace ] GC(7) Metaspace: 19931K->19931K(1067008K)
[2019-06-24T09:54:52.401+0000][1][gc           ] GC(7) Pause Young (Allocation Failure) 84M->16M(247M) 2.498ms
[2019-06-24T09:54:52.401+0000][1][gc,cpu       ] GC(7) User=0.01s Sys=0.00s Real=0.00s
[2019-06-24T09:54:52.401+0000][1][safepoint    ] Leaving safepoint region
[2019-06-24T09:54:52.401+0000][1][safepoint    ] Total time for which application threads were stopped: 0.0026489 seconds, Stopping threads took: 0.0000166 seconds
[2019-06-24T09:54:52.409+0000][1][safepoint    ] Application time: 0.0072288 seconds
[2019-06-24T09:54:52.409+0000][1][safepoint    ] Entering safepoint region: CollectForMetadataAllocation
[2019-06-24T09:54:52.409+0000][1][safepoint    ] Leaving safepoint region
[2019-06-24T09:54:52.409+0000][1][safepoint    ] Total time for which application threads were stopped: 0.0001975 seconds, Stopping threads took: 0.0000140 seconds
[2019-06-24T09:54:52.428+0000][1][safepoint    ] Application time: 0.0192347 seconds
[2019-06-24T09:54:52.428+0000][1][safepoint    ] Entering safepoint region: CollectForMetadataAllocation
[2019-06-24T09:54:52.428+0000][1][safepoint    ] Leaving safepoint region
[2019-06-24T09:54:52.428+0000][1][safepoint    ] Total time for which application threads were stopped: 0.0001438 seconds, Stopping threads took: 0.0000102 seconds
[2019-06-24T09:54:52.502+0000][1][safepoint    ] Application time: 0.0733813 seconds
[2019-06-24T09:54:52.502+0000][1][safepoint    ] Entering safepoint region: GenCollectForAllocation
[2019-06-24T09:54:52.502+0000][1][gc,start     ] GC(8) Pause Young (Allocation Failure)
[2019-06-24T09:54:52.502+0000][1][gc,task      ] GC(8) Using 5 workers of 8 for evacuation
[2019-06-24T09:54:52.504+0000][1][gc,age       ] GC(8) Desired survivor size 4456448 bytes, new threshold 4 (max threshold 6)
[2019-06-24T09:54:52.504+0000][1][gc,age       ] GC(8) Age table with threshold 4 (max threshold 6)
[2019-06-24T09:54:52.504+0000][1][gc,age       ] GC(8) - age   1:     852408 bytes,     852408 total
[2019-06-24T09:54:52.504+0000][1][gc,age       ] GC(8) - age   2:     541096 bytes,    1393504 total
[2019-06-24T09:54:52.504+0000][1][gc,age       ] GC(8) - age   3:    1130416 bytes,    2523920 total
[2019-06-24T09:54:52.504+0000][1][gc,age       ] GC(8) - age   4:    2192352 bytes,    4716272 total
[2019-06-24T09:54:52.504+0000][1][gc,age       ] GC(8) - age   5:     443224 bytes,    5159496 total
[2019-06-24T09:54:52.504+0000][1][gc,heap      ] GC(8) ParNew: 75201K->6320K(78656K)
[2019-06-24T09:54:52.504+0000][1][gc,heap      ] GC(8) CMS: 11436K->11436K(174784K)
[2019-06-24T09:54:52.504+0000][1][gc,metaspace ] GC(8) Metaspace: 20287K->20287K(1069056K)
[2019-06-24T09:54:52.505+0000][1][gc           ] GC(8) Pause Young (Allocation Failure) 84M->17M(247M) 2.751ms
[2019-06-24T09:54:52.505+0000][1][gc,cpu       ] GC(8) User=0.02s Sys=0.00s Real=0.01s
[2019-06-24T09:54:52.505+0000][1][safepoint    ] Leaving safepoint region
[2019-06-24T09:54:52.505+0000][1][safepoint    ] Total time for which application threads were stopped: 0.0028898 seconds, Stopping threads took: 0.0000173 seconds
[2019-06-24T09:54:52.505+0000][1][safepoint    ] Application time: 0.0001219 seconds
[2019-06-24T09:54:52.505+0000][1][safepoint    ] Entering safepoint region: CMS_Initial_Mark
[2019-06-24T09:54:52.505+0000][1][gc,start     ] GC(9) Pause Initial Mark
[2019-06-24T09:54:52.506+0000][1][gc           ] GC(9) Pause Initial Mark 18M->18M(247M) 0.818ms
[2019-06-24T09:54:52.506+0000][1][gc,cpu       ] GC(9) User=0.01s Sys=0.00s Real=0.00s
[2019-06-24T09:54:52.506+0000][1][safepoint    ] Leaving safepoint region
[2019-06-24T09:54:52.506+0000][1][safepoint    ] Total time for which application threads were stopped: 0.0009256 seconds, Stopping threads took: 0.0000511 seconds
[2019-06-24T09:54:52.506+0000][1][gc           ] GC(9) Concurrent Mark
[2019-06-24T09:54:52.506+0000][1][gc,task      ] GC(9) Using 2 workers of 2 for marking
[2019-06-24T09:54:52.516+0000][1][gc           ] GC(9) Concurrent Mark 10.232ms
[2019-06-24T09:54:52.516+0000][1][gc,cpu       ] GC(9) User=0.06s Sys=0.00s Real=0.01s
[2019-06-24T09:54:52.516+0000][1][gc           ] GC(9) Concurrent Preclean
[2019-06-24T09:54:52.517+0000][1][gc           ] GC(9) Concurrent Preclean 0.775ms
[2019-06-24T09:54:52.517+0000][1][gc,cpu       ] GC(9) User=0.00s Sys=0.00s Real=0.00s
[2019-06-24T09:54:52.517+0000][1][gc           ] GC(9) Concurrent Abortable Preclean
[2019-06-24T09:54:52.584+0000][1][safepoint    ] Application time: 0.0784683 seconds
[2019-06-24T09:54:52.584+0000][1][safepoint    ] Entering safepoint region: GenCollectForAllocation
[2019-06-24T09:54:52.584+0000][1][gc,start     ] GC(10) Pause Young (Allocation Failure)
[2019-06-24T09:54:52.584+0000][1][gc,task      ] GC(10) Using 5 workers of 8 for evacuation
[2019-06-24T09:54:52.588+0000][1][gc,age       ] GC(10) Desired survivor size 4456448 bytes, new threshold 6 (max threshold 6)
[2019-06-24T09:54:52.588+0000][1][gc,age       ] GC(10) Age table with threshold 6 (max threshold 6)
[2019-06-24T09:54:52.588+0000][1][gc,age       ] GC(10) - age   1:     268856 bytes,     268856 total
[2019-06-24T09:54:52.588+0000][1][gc,age       ] GC(10) - age   2:     458696 bytes,     727552 total
[2019-06-24T09:54:52.588+0000][1][gc,age       ] GC(10) - age   3:     540976 bytes,    1268528 total
[2019-06-24T09:54:52.588+0000][1][gc,age       ] GC(10) - age   4:    1130416 bytes,    2398944 total
[2019-06-24T09:54:52.588+0000][1][gc,heap      ] GC(10) ParNew: 76272K->4995K(78656K)
[2019-06-24T09:54:52.588+0000][1][gc,heap      ] GC(10) CMS: 11436K->14028K(174784K)
[2019-06-24T09:54:52.588+0000][1][gc,metaspace ] GC(10) Metaspace: 20396K->20396K(1069056K)
[2019-06-24T09:54:52.588+0000][1][gc           ] GC(10) Pause Young (Allocation Failure) 85M->18M(247M) 3.612ms
[2019-06-24T09:54:52.588+0000][1][gc,cpu       ] GC(10) User=0.03s Sys=0.00s Real=0.00s
[2019-06-24T09:54:52.588+0000][1][safepoint    ] Leaving safepoint region
[2019-06-24T09:54:52.588+0000][1][safepoint    ] Total time for which application threads were stopped: 0.0037398 seconds, Stopping threads took: 0.0000283 seconds
[2019-06-24T09:54:52.696+0000][1][safepoint    ] Application time: 0.1079781 seconds
[2019-06-24T09:54:52.696+0000][1][safepoint    ] Entering safepoint region: GenCollectForAllocation
[2019-06-24T09:54:52.696+0000][1][gc,start     ] GC(11) Pause Young (Allocation Failure)
[2019-06-24T09:54:52.696+0000][1][gc,task      ] GC(11) Using 5 workers of 8 for evacuation
[2019-06-24T09:54:52.699+0000][1][gc,age       ] GC(11) Desired survivor size 4456448 bytes, new threshold 6 (max threshold 6)
[2019-06-24T09:54:52.699+0000][1][gc,age       ] GC(11) Age table with threshold 6 (max threshold 6)
[2019-06-24T09:54:52.699+0000][1][gc,age       ] GC(11) - age   1:    1928776 bytes,    1928776 total
[2019-06-24T09:54:52.699+0000][1][gc,age       ] GC(11) - age   2:      99256 bytes,    2028032 total
[2019-06-24T09:54:52.699+0000][1][gc,age       ] GC(11) - age   3:     458696 bytes,    2486728 total
[2019-06-24T09:54:52.699+0000][1][gc,age       ] GC(11) - age   4:     540824 bytes,    3027552 total
[2019-06-24T09:54:52.699+0000][1][gc,age       ] GC(11) - age   5:    1130128 bytes,    4157680 total
[2019-06-24T09:54:52.699+0000][1][gc,heap      ] GC(11) ParNew: 74947K->4946K(78656K)
[2019-06-24T09:54:52.699+0000][1][gc,heap      ] GC(11) CMS: 14028K->14028K(174784K)
[2019-06-24T09:54:52.699+0000][1][gc,metaspace ] GC(11) Metaspace: 20478K->20478K(1069056K)
[2019-06-24T09:54:52.699+0000][1][gc           ] GC(11) Pause Young (Allocation Failure) 86M->18M(247M) 3.030ms
[2019-06-24T09:54:52.699+0000][1][gc,cpu       ] GC(11) User=0.02s Sys=0.00s Real=0.00s
[2019-06-24T09:54:52.699+0000][1][safepoint    ] Leaving safepoint region
[2019-06-24T09:54:52.699+0000][1][safepoint    ] Total time for which application threads were stopped: 0.0031648 seconds, Stopping threads took: 0.0000196 seconds
[2019-06-24T09:54:52.754+0000][1][safepoint    ] Application time: 0.0551897 seconds
[2019-06-24T09:54:52.754+0000][1][safepoint    ] Entering safepoint region: CollectForMetadataAllocation
[2019-06-24T09:54:52.755+0000][1][safepoint    ] Leaving safepoint region
[2019-06-24T09:54:52.755+0000][1][safepoint    ] Total time for which application threads were stopped: 0.0001846 seconds, Stopping threads took: 0.0000154 seconds
[2019-06-24T09:54:52.755+0000][1][gc           ] GC(9) Concurrent Abortable Preclean 237.707ms
[2019-06-24T09:54:52.755+0000][1][gc,cpu       ] GC(9) User=1.09s Sys=0.01s Real=0.24s
[2019-06-24T09:54:52.755+0000][1][safepoint    ] Application time: 0.0000891 seconds
[2019-06-24T09:54:52.755+0000][1][safepoint    ] Entering safepoint region: CMS_Final_Remark
[2019-06-24T09:54:52.755+0000][1][gc,start     ] GC(9) Pause Remark
[2019-06-24T09:54:52.768+0000][1][gc           ] GC(9) Pause Remark 53M->53M(247M) 13.588ms
[2019-06-24T09:54:52.768+0000][1][gc,cpu       ] GC(9) User=0.07s Sys=0.00s Real=0.01s
[2019-06-24T09:54:52.768+0000][1][safepoint    ] Leaving safepoint region
[2019-06-24T09:54:52.768+0000][1][safepoint    ] Total time for which application threads were stopped: 0.0138048 seconds, Stopping threads took: 0.0001029 seconds
[2019-06-24T09:54:52.769+0000][1][gc           ] GC(9) Concurrent Sweep
[2019-06-24T09:54:52.776+0000][1][gc           ] GC(9) Concurrent Sweep 7.014ms
[2019-06-24T09:54:52.776+0000][1][gc,cpu       ] GC(9) User=0.04s Sys=0.00s Real=0.01s
[2019-06-24T09:54:52.776+0000][1][gc           ] GC(9) Concurrent Reset
[2019-06-24T09:54:52.776+0000][1][gc           ] GC(9) Concurrent Reset 0.379ms
[2019-06-24T09:54:52.776+0000][1][gc,cpu       ] GC(9) User=0.00s Sys=0.00s Real=0.00s
[2019-06-24T09:54:52.776+0000][1][gc,heap      ] GC(9) Old: 11436K->14002K(174784K)
[2019-06-24T09:54:52.782+0000][1][safepoint    ] Application time: 0.0135715 seconds
[2019-06-24T09:54:52.782+0000][1][safepoint    ] Entering safepoint region: Deoptimize
[2019-06-24T09:54:52.783+0000][1][safepoint    ] Leaving safepoint region
[2019-06-24T09:54:52.783+0000][1][safepoint    ] Total time for which application threads were stopped: 0.0007163 seconds, Stopping threads took: 0.0000149 seconds
[2019-06-24T09:54:53.156+0000][1][safepoint    ] Application time: 0.3731020 seconds
[2019-06-24T09:54:53.156+0000][1][safepoint    ] Entering safepoint region: Deoptimize
[2019-06-24T09:54:53.156+0000][1][safepoint    ] Leaving safepoint region
[2019-06-24T09:54:53.156+0000][1][safepoint    ] Total time for which application threads were stopped: 0.0004682 seconds, Stopping threads took: 0.0000111 seconds
[2019-06-24T09:54:53.166+0000][1][safepoint    ] Application time: 0.0099686 seconds
[2019-06-24T09:54:53.166+0000][1][safepoint    ] Entering safepoint region: Deoptimize
[2019-06-24T09:54:53.167+0000][1][safepoint    ] Leaving safepoint region
[2019-06-24T09:54:53.167+0000][1][safepoint    ] Total time for which application threads were stopped: 0.0004909 seconds, Stopping threads took: 0.0000173 seconds
[2019-06-24T09:54:53.170+0000][1][safepoint    ] Application time: 0.0033944 seconds
[2019-06-24T09:54:53.170+0000][1][safepoint    ] Entering safepoint region: Deoptimize
[2019-06-24T09:54:53.171+0000][1][safepoint    ] Leaving safepoint region
[2019-06-24T09:54:53.171+0000][1][safepoint    ] Total time for which application threads were stopped: 0.0003006 seconds, Stopping threads took: 0.0000111 seconds
[2019-06-24T09:54:53.270+0000][1][safepoint    ] Application time: 0.0991576 seconds
[2019-06-24T09:54:53.270+0000][1][safepoint    ] Entering safepoint region: GenCollectForAllocation
[2019-06-24T09:54:53.270+0000][1][gc,start     ] GC(12) Pause Young (Allocation Failure)
[2019-06-24T09:54:53.270+0000][1][gc,task      ] GC(12) Using 5 workers of 8 for evacuation
[2019-06-24T09:54:53.274+0000][1][gc,age       ] GC(12) Desired survivor size 4456448 bytes, new threshold 5 (max threshold 6)
[2019-06-24T09:54:53.274+0000][1][gc,age       ] GC(12) Age table with threshold 5 (max threshold 6)
[2019-06-24T09:54:53.274+0000][1][gc,age       ] GC(12) - age   1:    3335568 bytes,    3335568 total
[2019-06-24T09:54:53.274+0000][1][gc,age       ] GC(12) - age   2:     344928 bytes,    3680496 total
[2019-06-24T09:54:53.274+0000][1][gc,age       ] GC(12) - age   3:      98992 bytes,    3779488 total
[2019-06-24T09:54:53.274+0000][1][gc,age       ] GC(12) - age   4:     458504 bytes,    4237992 total
[2019-06-24T09:54:53.274+0000][1][gc,age       ] GC(12) - age   5:     535656 bytes,    4773648 total
[2019-06-24T09:54:53.274+0000][1][gc,age       ] GC(12) - age   6:    1129968 bytes,    5903616 total
[2019-06-24T09:54:53.274+0000][1][gc,heap      ] GC(12) ParNew: 74898K->7538K(78656K)
[2019-06-24T09:54:53.274+0000][1][gc,heap      ] GC(12) CMS: 14002K->14002K(174784K)
[2019-06-24T09:54:53.274+0000][1][gc,metaspace ] GC(12) Metaspace: 26336K->26336K(1073152K)
[2019-06-24T09:54:53.274+0000][1][gc           ] GC(12) Pause Young (Allocation Failure) 86M->21M(247M) 4.363ms
[2019-06-24T09:54:53.274+0000][1][gc,cpu       ] GC(12) User=0.04s Sys=0.00s Real=0.00s
[2019-06-24T09:54:53.274+0000][1][safepoint    ] Leaving safepoint region
[2019-06-24T09:54:53.274+0000][1][safepoint    ] Total time for which application threads were stopped: 0.0044799 seconds, Stopping threads took: 0.0000184 seconds
[2019-06-24T09:54:53.921+0000][1][safepoint    ] Application time: 0.6462041 seconds
[2019-06-24T09:54:53.921+0000][1][safepoint    ] Entering safepoint region: GenCollectForAllocation
[2019-06-24T09:54:53.921+0000][1][gc,start     ] GC(13) Pause Young (Allocation Failure)
[2019-06-24T09:54:53.921+0000][1][gc,task      ] GC(13) Using 5 workers of 8 for evacuation
[2019-06-24T09:54:53.937+0000][1][gc,age       ] GC(13) Desired survivor size 4456448 bytes, new threshold 1 (max threshold 6)
[2019-06-24T09:54:53.938+0000][1][gc,age       ] GC(13) Age table with threshold 1 (max threshold 6)
[2019-06-24T09:54:53.938+0000][1][gc,age       ] GC(13) - age   1:    4905200 bytes,    4905200 total
[2019-06-24T09:54:53.938+0000][1][gc,age       ] GC(13) - age   2:    3105640 bytes,    8010840 total
[2019-06-24T09:54:53.938+0000][1][gc,age       ] GC(13) - age   3:     344864 bytes,    8355704 total
[2019-06-24T09:54:53.938+0000][1][gc,age       ] GC(13) - age   4:      98992 bytes,    8454696 total
[2019-06-24T09:54:53.938+0000][1][gc,age       ] GC(13) - age   5:     458504 bytes,    8913200 total
[2019-06-24T09:54:53.938+0000][1][gc,heap      ] GC(13) ParNew: 77490K->8704K(78656K)
[2019-06-24T09:54:53.938+0000][1][gc,heap      ] GC(13) CMS: 14002K->25195K(174784K)
[2019-06-24T09:54:53.938+0000][1][gc,metaspace ] GC(13) Metaspace: 26929K->26929K(1075200K)
[2019-06-24T09:54:53.938+0000][1][gc           ] GC(13) Pause Young (Allocation Failure) 89M->33M(247M) 16.634ms
[2019-06-24T09:54:53.938+0000][1][gc,cpu       ] GC(13) User=0.10s Sys=0.00s Real=0.02s
[2019-06-24T09:54:53.938+0000][1][safepoint    ] Leaving safepoint region
[2019-06-24T09:54:53.938+0000][1][safepoint    ] Total time for which application threads were stopped: 0.0170380 seconds, Stopping threads took: 0.0000516 seconds
[2019-06-24T09:54:53.977+0000][1][safepoint    ] Application time: 0.0393118 seconds
[2019-06-24T09:54:53.977+0000][1][safepoint    ] Entering safepoint region: Deoptimize
[2019-06-24T09:54:53.977+0000][1][safepoint    ] Leaving safepoint region
[2019-06-24T09:54:53.977+0000][1][safepoint    ] Total time for which application threads were stopped: 0.0002777 seconds, Stopping threads took: 0.0000108 seconds
[2019-06-24T09:54:54.095+0000][1][safepoint    ] Application time: 0.1181939 seconds
[2019-06-24T09:54:54.096+0000][1][safepoint    ] Entering safepoint region: RevokeBias
[2019-06-24T09:54:54.096+0000][1][safepoint    ] Leaving safepoint region
[2019-06-24T09:54:54.096+0000][1][safepoint    ] Total time for which application threads were stopped: 0.0000799 seconds, Stopping threads took: 0.0000125 seconds
[2019-06-24T09:54:54.362+0000][1][safepoint    ] Application time: 0.2668188 seconds
[2019-06-24T09:54:54.362+0000][1][safepoint    ] Entering safepoint region: GenCollectForAllocation
[2019-06-24T09:54:54.363+0000][1][gc,start     ] GC(14) Pause Young (Allocation Failure)
[2019-06-24T09:54:54.363+0000][1][gc,task      ] GC(14) Using 5 workers of 8 for evacuation
[2019-06-24T09:54:54.385+0000][1][gc,age       ] GC(14) Desired survivor size 4456448 bytes, new threshold 1 (max threshold 6)
[2019-06-24T09:54:54.385+0000][1][gc,age       ] GC(14) Age table with threshold 1 (max threshold 6)
[2019-06-24T09:54:54.385+0000][1][gc,age       ] GC(14) - age   1:    8912720 bytes,    8912720 total
[2019-06-24T09:54:54.385+0000][1][gc,heap      ] GC(14) ParNew: 78656K->8704K(78656K)
[2019-06-24T09:54:54.385+0000][1][gc,heap      ] GC(14) CMS: 25195K->39004K(174784K)
[2019-06-24T09:54:54.385+0000][1][gc,metaspace ] GC(14) Metaspace: 27090K->27090K(1075200K)
[2019-06-24T09:54:54.385+0000][1][gc           ] GC(14) Pause Young (Allocation Failure) 101M->46M(247M) 22.546ms
[2019-06-24T09:54:54.385+0000][1][gc,cpu       ] GC(14) User=0.15s Sys=0.00s Real=0.02s
[2019-06-24T09:54:54.385+0000][1][safepoint    ] Leaving safepoint region
[2019-06-24T09:54:54.385+0000][1][safepoint    ] Total time for which application threads were stopped: 0.0226697 seconds, Stopping threads took: 0.0000337 seconds
[2019-06-24T09:54:54.593+0000][1][safepoint    ] Application time: 0.2083076 seconds
[2019-06-24T09:54:54.593+0000][1][safepoint    ] Entering safepoint region: RevokeBias
[2019-06-24T09:54:54.594+0000][1][safepoint    ] Leaving safepoint region
[2019-06-24T09:54:54.594+0000][1][safepoint    ] Total time for which application threads were stopped: 0.0001086 seconds, Stopping threads took: 0.0000119 seconds
[2019-06-24T09:54:54.768+0000][1][safepoint    ] Application time: 0.1741254 seconds
[2019-06-24T09:54:54.768+0000][1][safepoint    ] Entering safepoint region: RevokeBias
[2019-06-24T09:54:54.768+0000][1][safepoint    ] Leaving safepoint region
[2019-06-24T09:54:54.768+0000][1][safepoint    ] Total time for which application threads were stopped: 0.0000908 seconds, Stopping threads took: 0.0000117 seconds
[2019-06-24T09:54:54.883+0000][1][safepoint    ] Application time: 0.1153319 seconds
[2019-06-24T09:54:54.883+0000][1][safepoint    ] Entering safepoint region: GenCollectForAllocation
[2019-06-24T09:54:54.883+0000][1][gc,start     ] GC(15) Pause Young (Allocation Failure)
[2019-06-24T09:54:54.883+0000][1][gc,task      ] GC(15) Using 5 workers of 8 for evacuation
[2019-06-24T09:54:54.899+0000][1][gc,age       ] GC(15) Desired survivor size 4456448 bytes, new threshold 1 (max threshold 6)
[2019-06-24T09:54:54.899+0000][1][gc,age       ] GC(15) Age table with threshold 1 (max threshold 6)
[2019-06-24T09:54:54.899+0000][1][gc,age       ] GC(15) - age   1:    6885048 bytes,    6885048 total
[2019-06-24T09:54:54.899+0000][1][gc,heap      ] GC(15) ParNew: 78656K->8704K(78656K)
[2019-06-24T09:54:54.899+0000][1][gc,heap      ] GC(15) CMS: 39004K->48831K(174784K)
[2019-06-24T09:54:54.899+0000][1][gc,metaspace ] GC(15) Metaspace: 31886K->31886K(1079296K)
[2019-06-24T09:54:54.899+0000][1][gc           ] GC(15) Pause Young (Allocation Failure) 114M->56M(247M) 15.986ms
[2019-06-24T09:54:54.899+0000][1][gc,cpu       ] GC(15) User=0.11s Sys=0.00s Real=0.01s
[2019-06-24T09:54:54.899+0000][1][safepoint    ] Leaving safepoint region
[2019-06-24T09:54:54.899+0000][1][safepoint    ] Total time for which application threads were stopped: 0.0161024 seconds, Stopping threads took: 0.0000120 seconds
[2019-06-24T09:54:55.071+0000][1][safepoint    ] Application time: 0.1716667 seconds
[2019-06-24T09:54:55.071+0000][1][safepoint    ] Entering safepoint region: GenCollectForAllocation
[2019-06-24T09:54:55.071+0000][1][gc,start     ] GC(16) Pause Young (Allocation Failure)
[2019-06-24T09:54:55.071+0000][1][gc,task      ] GC(16) Using 5 workers of 8 for evacuation
[2019-06-24T09:54:55.079+0000][1][gc,age       ] GC(16) Desired survivor size 4456448 bytes, new threshold 6 (max threshold 6)
[2019-06-24T09:54:55.079+0000][1][gc,age       ] GC(16) Age table with threshold 6 (max threshold 6)
[2019-06-24T09:54:55.079+0000][1][gc,age       ] GC(16) - age   1:     383056 bytes,     383056 total
[2019-06-24T09:54:55.079+0000][1][gc,heap      ] GC(16) ParNew: 78656K->7155K(78656K)
[2019-06-24T09:54:55.079+0000][1][gc,heap      ] GC(16) CMS: 48831K->55593K(174784K)
[2019-06-24T09:54:55.079+0000][1][gc,metaspace ] GC(16) Metaspace: 32885K->32885K(1079296K)
[2019-06-24T09:54:55.079+0000][1][gc           ] GC(16) Pause Young (Allocation Failure) 124M->61M(247M) 8.336ms
[2019-06-24T09:54:55.079+0000][1][gc,cpu       ] GC(16) User=0.06s Sys=0.00s Real=0.01s
[2019-06-24T09:54:55.079+0000][1][safepoint    ] Leaving safepoint region
[2019-06-24T09:54:55.079+0000][1][safepoint    ] Total time for which application threads were stopped: 0.0084644 seconds, Stopping threads took: 0.0000131 seconds
[2019-06-24T09:54:55.301+0000][1][safepoint    ] Application time: 0.2219544 seconds
[2019-06-24T09:54:55.301+0000][1][safepoint    ] Entering safepoint region: CollectForMetadataAllocation
[2019-06-24T09:54:55.302+0000][1][safepoint    ] Leaving safepoint region
[2019-06-24T09:54:55.302+0000][1][safepoint    ] Total time for which application threads were stopped: 0.0001589 seconds, Stopping threads took: 0.0000114 seconds
[2019-06-24T09:54:55.334+0000][1][safepoint    ] Application time: 0.0326539 seconds
[2019-06-24T09:54:55.334+0000][1][safepoint    ] Entering safepoint region: CollectForMetadataAllocation
[2019-06-24T09:54:55.335+0000][1][safepoint    ] Leaving safepoint region
[2019-06-24T09:54:55.335+0000][1][safepoint    ] Total time for which application threads were stopped: 0.0002225 seconds, Stopping threads took: 0.0000150 seconds
[2019-06-24T09:54:55.348+0000][1][safepoint    ] Application time: 0.0133752 seconds
[2019-06-24T09:54:55.348+0000][1][safepoint    ] Entering safepoint region: CollectForMetadataAllocation
[2019-06-24T09:54:55.348+0000][1][safepoint    ] Leaving safepoint region
[2019-06-24T09:54:55.348+0000][1][safepoint    ] Total time for which application threads were stopped: 0.0001536 seconds, Stopping threads took: 0.0000130 seconds
[2019-06-24T09:54:55.366+0000][1][safepoint    ] Application time: 0.0181822 seconds
[2019-06-24T09:54:55.366+0000][1][safepoint    ] Entering safepoint region: CollectForMetadataAllocation
[2019-06-24T09:54:55.367+0000][1][safepoint    ] Leaving safepoint region
[2019-06-24T09:54:55.367+0000][1][safepoint    ] Total time for which application threads were stopped: 0.0002010 seconds, Stopping threads took: 0.0000107 seconds
[2019-06-24T09:54:55.382+0000][1][safepoint    ] Application time: 0.0150984 seconds
[2019-06-24T09:54:55.382+0000][1][safepoint    ] Entering safepoint region: CollectForMetadataAllocation
[2019-06-24T09:54:55.382+0000][1][safepoint    ] Leaving safepoint region
[2019-06-24T09:54:55.382+0000][1][safepoint    ] Total time for which application threads were stopped: 0.0001591 seconds, Stopping threads took: 0.0000107 seconds
[2019-06-24T09:54:55.399+0000][1][safepoint    ] Application time: 0.0173684 seconds
[2019-06-24T09:54:55.399+0000][1][safepoint    ] Entering safepoint region: CollectForMetadataAllocation
[2019-06-24T09:54:55.399+0000][1][safepoint    ] Leaving safepoint region
[2019-06-24T09:54:55.399+0000][1][safepoint    ] Total time for which application threads were stopped: 0.0001612 seconds, Stopping threads took: 0.0000112 seconds
[2019-06-24T09:54:55.413+0000][1][safepoint    ] Application time: 0.0139501 seconds
[2019-06-24T09:54:55.413+0000][1][safepoint    ] Entering safepoint region: CollectForMetadataAllocation
[2019-06-24T09:54:55.414+0000][1][safepoint    ] Leaving safepoint region
[2019-06-24T09:54:55.414+0000][1][safepoint    ] Total time for which application threads were stopped: 0.0001589 seconds, Stopping threads took: 0.0000124 seconds
[2019-06-24T09:54:55.430+0000][1][safepoint    ] Application time: 0.0165082 seconds
[2019-06-24T09:54:55.430+0000][1][safepoint    ] Entering safepoint region: CollectForMetadataAllocation
[2019-06-24T09:54:55.430+0000][1][safepoint    ] Leaving safepoint region
[2019-06-24T09:54:55.430+0000][1][safepoint    ] Total time for which application threads were stopped: 0.0001447 seconds, Stopping threads took: 0.0000105 seconds
[2019-06-24T09:54:55.449+0000][1][safepoint    ] Application time: 0.0189251 seconds
[2019-06-24T09:54:55.449+0000][1][safepoint    ] Entering safepoint region: RevokeBias
[2019-06-24T09:54:55.449+0000][1][safepoint    ] Leaving safepoint region
[2019-06-24T09:54:55.449+0000][1][safepoint    ] Total time for which application threads were stopped: 0.0000944 seconds, Stopping threads took: 0.0000110 seconds
[2019-06-24T09:54:55.450+0000][1][safepoint    ] Application time: 0.0002916 seconds
[2019-06-24T09:54:55.450+0000][1][safepoint    ] Entering safepoint region: CollectForMetadataAllocation
[2019-06-24T09:54:55.450+0000][1][safepoint    ] Leaving safepoint region
[2019-06-24T09:54:55.450+0000][1][safepoint    ] Total time for which application threads were stopped: 0.0001334 seconds, Stopping threads took: 0.0000080 seconds
[2019-06-24T09:54:55.455+0000][1][safepoint    ] Application time: 0.0055787 seconds
[2019-06-24T09:54:55.455+0000][1][safepoint    ] Entering safepoint region: RevokeBias
[2019-06-24T09:54:55.455+0000][1][safepoint    ] Leaving safepoint region
[2019-06-24T09:54:55.455+0000][1][safepoint    ] Total time for which application threads were stopped: 0.0000621 seconds, Stopping threads took: 0.0000091 seconds
[2019-06-24T09:54:55.465+0000][1][safepoint    ] Application time: 0.0094521 seconds
[2019-06-24T09:54:55.465+0000][1][safepoint    ] Entering safepoint region: RevokeBias
[2019-06-24T09:54:55.465+0000][1][safepoint    ] Leaving safepoint region
[2019-06-24T09:54:55.465+0000][1][safepoint    ] Total time for which application threads were stopped: 0.0000762 seconds, Stopping threads took: 0.0000190 seconds
[2019-06-24T09:54:55.481+0000][1][safepoint    ] Application time: 0.0156904 seconds
[2019-06-24T09:54:55.481+0000][1][safepoint    ] Entering safepoint region: CollectForMetadataAllocation
[2019-06-24T09:54:55.481+0000][1][safepoint    ] Leaving safepoint region
[2019-06-24T09:54:55.481+0000][1][safepoint    ] Total time for which application threads were stopped: 0.0001656 seconds, Stopping threads took: 0.0000105 seconds
[2019-06-24T09:54:55.496+0000][1][safepoint    ] Application time: 0.0155085 seconds
[2019-06-24T09:54:55.496+0000][1][safepoint    ] Entering safepoint region: CollectForMetadataAllocation
[2019-06-24T09:54:55.497+0000][1][safepoint    ] Leaving safepoint region
[2019-06-24T09:54:55.497+0000][1][safepoint    ] Total time for which application threads were stopped: 0.0001401 seconds, Stopping threads took: 0.0000103 seconds
[2019-06-24T09:54:55.510+0000][1][safepoint    ] Application time: 0.0135722 seconds
[2019-06-24T09:54:55.510+0000][1][safepoint    ] Entering safepoint region: CollectForMetadataAllocation
[2019-06-24T09:54:55.510+0000][1][safepoint    ] Leaving safepoint region
[2019-06-24T09:54:55.510+0000][1][safepoint    ] Total time for which application threads were stopped: 0.0001543 seconds, Stopping threads took: 0.0000107 seconds
[2019-06-24T09:54:55.526+0000][1][safepoint    ] Application time: 0.0153856 seconds
[2019-06-24T09:54:55.526+0000][1][safepoint    ] Entering safepoint region: CollectForMetadataAllocation
[2019-06-24T09:54:55.526+0000][1][safepoint    ] Leaving safepoint region
[2019-06-24T09:54:55.526+0000][1][safepoint    ] Total time for which application threads were stopped: 0.0001677 seconds, Stopping threads took: 0.0000098 seconds
[2019-06-24T09:54:55.538+0000][1][safepoint    ] Application time: 0.0118283 seconds
[2019-06-24T09:54:55.538+0000][1][safepoint    ] Entering safepoint region: CollectForMetadataAllocation
[2019-06-24T09:54:55.538+0000][1][safepoint    ] Leaving safepoint region
[2019-06-24T09:54:55.538+0000][1][safepoint    ] Total time for which application threads were stopped: 0.0001350 seconds, Stopping threads took: 0.0000100 seconds
[2019-06-24T09:54:55.556+0000][1][safepoint    ] Application time: 0.0182085 seconds
[2019-06-24T09:54:55.556+0000][1][safepoint    ] Entering safepoint region: CollectForMetadataAllocation
[2019-06-24T09:54:55.556+0000][1][safepoint    ] Leaving safepoint region
[2019-06-24T09:54:55.556+0000][1][safepoint    ] Total time for which application threads were stopped: 0.0000922 seconds, Stopping threads took: 0.0000100 seconds
[2019-06-24T09:54:55.571+0000][1][safepoint    ] Application time: 0.0151297 seconds
[2019-06-24T09:54:55.571+0000][1][safepoint    ] Entering safepoint region: CollectForMetadataAllocation
[2019-06-24T09:54:55.572+0000][1][safepoint    ] Leaving safepoint region
[2019-06-24T09:54:55.572+0000][1][safepoint    ] Total time for which application threads were stopped: 0.0000936 seconds, Stopping threads took: 0.0000097 seconds
[2019-06-24T09:54:55.586+0000][1][safepoint    ] Application time: 0.0139879 seconds
[2019-06-24T09:54:55.586+0000][1][safepoint    ] Entering safepoint region: CollectForMetadataAllocation
[2019-06-24T09:54:55.586+0000][1][safepoint    ] Leaving safepoint region
[2019-06-24T09:54:55.586+0000][1][safepoint    ] Total time for which application threads were stopped: 0.0001272 seconds, Stopping threads took: 0.0000096 seconds
[2019-06-24T09:54:55.603+0000][1][safepoint    ] Application time: 0.0169864 seconds
[2019-06-24T09:54:55.603+0000][1][safepoint    ] Entering safepoint region: CollectForMetadataAllocation
[2019-06-24T09:54:55.603+0000][1][safepoint    ] Leaving safepoint region
[2019-06-24T09:54:55.603+0000][1][safepoint    ] Total time for which application threads were stopped: 0.0001331 seconds, Stopping threads took: 0.0000102 seconds
[2019-06-24T09:54:55.614+0000][1][safepoint    ] Application time: 0.0107124 seconds
[2019-06-24T09:54:55.614+0000][1][safepoint    ] Entering safepoint region: CollectForMetadataAllocation
[2019-06-24T09:54:55.614+0000][1][safepoint    ] Leaving safepoint region
[2019-06-24T09:54:55.614+0000][1][safepoint    ] Total time for which application threads were stopped: 0.0001393 seconds, Stopping threads took: 0.0000097 seconds
[2019-06-24T09:54:55.630+0000][1][safepoint    ] Application time: 0.0162933 seconds
[2019-06-24T09:54:55.630+0000][1][safepoint    ] Entering safepoint region: CollectForMetadataAllocation
[2019-06-24T09:54:55.630+0000][1][safepoint    ] Leaving safepoint region
[2019-06-24T09:54:55.630+0000][1][safepoint    ] Total time for which application threads were stopped: 0.0001042 seconds, Stopping threads took: 0.0000100 seconds
[2019-06-24T09:54:55.642+0000][1][safepoint    ] Application time: 0.0113926 seconds
[2019-06-24T09:54:55.642+0000][1][safepoint    ] Entering safepoint region: CollectForMetadataAllocation
[2019-06-24T09:54:55.642+0000][1][safepoint    ] Leaving safepoint region
[2019-06-24T09:54:55.642+0000][1][safepoint    ] Total time for which application threads were stopped: 0.0001773 seconds, Stopping threads took: 0.0000431 seconds
[2019-06-24T09:54:55.667+0000][1][safepoint    ] Application time: 0.0250667 seconds
[2019-06-24T09:54:55.667+0000][1][safepoint    ] Entering safepoint region: CollectForMetadataAllocation
[2019-06-24T09:54:55.667+0000][1][safepoint    ] Leaving safepoint region
[2019-06-24T09:54:55.667+0000][1][safepoint    ] Total time for which application threads were stopped: 0.0001441 seconds, Stopping threads took: 0.0000110 seconds
[2019-06-24T09:54:55.682+0000][1][safepoint    ] Application time: 0.0152072 seconds
[2019-06-24T09:54:55.682+0000][1][safepoint    ] Entering safepoint region: CollectForMetadataAllocation
[2019-06-24T09:54:55.682+0000][1][safepoint    ] Leaving safepoint region
[2019-06-24T09:54:55.682+0000][1][safepoint    ] Total time for which application threads were stopped: 0.0001507 seconds, Stopping threads took: 0.0000119 seconds
[2019-06-24T09:54:55.704+0000][1][safepoint    ] Application time: 0.0211051 seconds
[2019-06-24T09:54:55.704+0000][1][safepoint    ] Entering safepoint region: CollectForMetadataAllocation
[2019-06-24T09:54:55.704+0000][1][safepoint    ] Leaving safepoint region
[2019-06-24T09:54:55.704+0000][1][safepoint    ] Total time for which application threads were stopped: 0.0001477 seconds, Stopping threads took: 0.0000104 seconds
[2019-06-24T09:54:55.728+0000][1][safepoint    ] Application time: 0.0241040 seconds
[2019-06-24T09:54:55.728+0000][1][safepoint    ] Entering safepoint region: CollectForMetadataAllocation
[2019-06-24T09:54:55.728+0000][1][safepoint    ] Leaving safepoint region
[2019-06-24T09:54:55.728+0000][1][safepoint    ] Total time for which application threads were stopped: 0.0001451 seconds, Stopping threads took: 0.0000104 seconds
[2019-06-24T09:54:55.736+0000][1][safepoint    ] Application time: 0.0083227 seconds
[2019-06-24T09:54:55.736+0000][1][safepoint    ] Entering safepoint region: RevokeBias
[2019-06-24T09:54:55.736+0000][1][safepoint    ] Leaving safepoint region
[2019-06-24T09:54:55.736+0000][1][safepoint    ] Total time for which application threads were stopped: 0.0000617 seconds, Stopping threads took: 0.0000142 seconds
[2019-06-24T09:54:55.737+0000][1][safepoint    ] Application time: 0.0001644 seconds
[2019-06-24T09:54:55.737+0000][1][safepoint    ] Entering safepoint region: RevokeBias
[2019-06-24T09:54:55.737+0000][1][safepoint    ] Leaving safepoint region
[2019-06-24T09:54:55.737+0000][1][safepoint    ] Total time for which application threads were stopped: 0.0000565 seconds, Stopping threads took: 0.0000112 seconds
[2019-06-24T09:54:55.737+0000][1][safepoint    ] Application time: 0.0000900 seconds
[2019-06-24T09:54:55.737+0000][1][safepoint    ] Entering safepoint region: RevokeBias
[2019-06-24T09:54:55.737+0000][1][safepoint    ] Leaving safepoint region
[2019-06-24T09:54:55.737+0000][1][safepoint    ] Total time for which application threads were stopped: 0.0000984 seconds, Stopping threads took: 0.0000654 seconds
[2019-06-24T09:54:55.743+0000][1][safepoint    ] Application time: 0.0063989 seconds
[2019-06-24T09:54:55.743+0000][1][safepoint    ] Entering safepoint region: CollectForMetadataAllocation
[2019-06-24T09:54:55.744+0000][1][safepoint    ] Leaving safepoint region
[2019-06-24T09:54:55.744+0000][1][safepoint    ] Total time for which application threads were stopped: 0.0001567 seconds, Stopping threads took: 0.0000106 seconds
[2019-06-24T09:54:56.041+0000][1][safepoint    ] Application time: 0.2969582 seconds
[2019-06-24T09:54:56.041+0000][1][safepoint    ] Entering safepoint region: CollectForMetadataAllocation
[2019-06-24T09:54:56.041+0000][1][safepoint    ] Leaving safepoint region
[2019-06-24T09:54:56.041+0000][1][safepoint    ] Total time for which application threads were stopped: 0.0001585 seconds, Stopping threads took: 0.0000103 seconds
[2019-06-24T09:54:56.334+0000][1][safepoint    ] Application time: 0.2933081 seconds
[2019-06-24T09:54:56.334+0000][1][safepoint    ] Entering safepoint region: GenCollectForAllocation
[2019-06-24T09:54:56.334+0000][1][gc,start     ] GC(17) Pause Young (Allocation Failure)
[2019-06-24T09:54:56.334+0000][1][gc,task      ] GC(17) Using 5 workers of 8 for evacuation
[2019-06-24T09:54:56.338+0000][1][gc,age       ] GC(17) Desired survivor size 4456448 bytes, new threshold 6 (max threshold 6)
[2019-06-24T09:54:56.338+0000][1][gc,age       ] GC(17) Age table with threshold 6 (max threshold 6)
[2019-06-24T09:54:56.338+0000][1][gc,age       ] GC(17) - age   1:    3755960 bytes,    3755960 total
[2019-06-24T09:54:56.338+0000][1][gc,age       ] GC(17) - age   2:     343184 bytes,    4099144 total
[2019-06-24T09:54:56.338+0000][1][gc,heap      ] GC(17) ParNew: 77107K->5205K(78656K)
[2019-06-24T09:54:56.338+0000][1][gc,heap      ] GC(17) CMS: 55593K->55593K(174784K)
[2019-06-24T09:54:56.338+0000][1][gc,metaspace ] GC(17) Metaspace: 42183K->42183K(1087488K)
[2019-06-24T09:54:56.338+0000][1][gc           ] GC(17) Pause Young (Allocation Failure) 129M->59M(247M) 3.920ms
[2019-06-24T09:54:56.338+0000][1][gc,cpu       ] GC(17) User=0.02s Sys=0.00s Real=0.01s
[2019-06-24T09:54:56.338+0000][1][safepoint    ] Leaving safepoint region
[2019-06-24T09:54:56.338+0000][1][safepoint    ] Total time for which application threads were stopped: 0.0040478 seconds, Stopping threads took: 0.0000168 seconds
[2019-06-24T09:54:56.338+0000][1][safepoint    ] Application time: 0.0000827 seconds
[2019-06-24T09:54:56.338+0000][1][safepoint    ] Entering safepoint region: CMS_Initial_Mark
[2019-06-24T09:54:56.338+0000][1][gc,start     ] GC(18) Pause Initial Mark
[2019-06-24T09:54:56.339+0000][1][gc           ] GC(18) Pause Initial Mark 60M->60M(247M) 1.155ms
[2019-06-24T09:54:56.339+0000][1][gc,cpu       ] GC(18) User=0.00s Sys=0.00s Real=0.00s
[2019-06-24T09:54:56.339+0000][1][safepoint    ] Leaving safepoint region
[2019-06-24T09:54:56.339+0000][1][safepoint    ] Total time for which application threads were stopped: 0.0012295 seconds, Stopping threads took: 0.0000101 seconds
[2019-06-24T09:54:56.340+0000][1][gc           ] GC(18) Concurrent Mark
[2019-06-24T09:54:56.340+0000][1][gc,task      ] GC(18) Using 2 workers of 2 for marking
[2019-06-24T09:54:56.342+0000][1][safepoint    ] Application time: 0.0023182 seconds
[2019-06-24T09:54:56.342+0000][1][safepoint    ] Entering safepoint region: CollectForMetadataAllocation
[2019-06-24T09:54:56.342+0000][1][safepoint    ] Leaving safepoint region
[2019-06-24T09:54:56.342+0000][1][safepoint    ] Total time for which application threads were stopped: 0.0001447 seconds, Stopping threads took: 0.0000089 seconds
[2019-06-24T09:54:56.362+0000][1][safepoint    ] Application time: 0.0202727 seconds
[2019-06-24T09:54:56.362+0000][1][safepoint    ] Entering safepoint region: CollectForMetadataAllocation
[2019-06-24T09:54:56.362+0000][1][safepoint    ] Leaving safepoint region
[2019-06-24T09:54:56.362+0000][1][safepoint    ] Total time for which application threads were stopped: 0.0001074 seconds, Stopping threads took: 0.0000098 seconds
[2019-06-24T09:54:56.380+0000][1][gc           ] GC(18) Concurrent Mark 40.107ms
[2019-06-24T09:54:56.380+0000][1][gc,cpu       ] GC(18) User=0.15s Sys=0.01s Real=0.04s
[2019-06-24T09:54:56.380+0000][1][gc           ] GC(18) Concurrent Preclean
[2019-06-24T09:54:56.381+0000][1][gc           ] GC(18) Concurrent Preclean 1.238ms
[2019-06-24T09:54:56.381+0000][1][gc,cpu       ] GC(18) User=0.00s Sys=0.00s Real=0.00s
[2019-06-24T09:54:56.381+0000][1][gc           ] GC(18) Concurrent Abortable Preclean
[2019-06-24T09:54:56.538+0000][1][safepoint    ] Application time: 0.1757827 seconds
[2019-06-24T09:54:56.538+0000][1][safepoint    ] Entering safepoint region: CollectForMetadataAllocation
[2019-06-24T09:54:56.538+0000][1][safepoint    ] Leaving safepoint region
[2019-06-24T09:54:56.538+0000][1][safepoint    ] Total time for which application threads were stopped: 0.0002014 seconds, Stopping threads took: 0.0000121 seconds
[2019-06-24T09:54:56.561+0000][1][safepoint    ] Application time: 0.0228283 seconds
[2019-06-24T09:54:56.561+0000][1][safepoint    ] Entering safepoint region: CollectForMetadataAllocation
[2019-06-24T09:54:56.561+0000][1][safepoint    ] Leaving safepoint region
[2019-06-24T09:54:56.561+0000][1][safepoint    ] Total time for which application threads were stopped: 0.0001556 seconds, Stopping threads took: 0.0000113 seconds
[2019-06-24T09:54:56.571+0000][1][safepoint    ] Application time: 0.0091236 seconds
[2019-06-24T09:54:56.571+0000][1][safepoint    ] Entering safepoint region: CollectForMetadataAllocation
[2019-06-24T09:54:56.571+0000][1][safepoint    ] Leaving safepoint region
[2019-06-24T09:54:56.571+0000][1][safepoint    ] Total time for which application threads were stopped: 0.0001709 seconds, Stopping threads took: 0.0000124 seconds
[2019-06-24T09:54:56.602+0000][1][safepoint    ] Application time: 0.0310795 seconds
[2019-06-24T09:54:56.602+0000][1][safepoint    ] Entering safepoint region: CollectForMetadataAllocation
[2019-06-24T09:54:56.602+0000][1][safepoint    ] Leaving safepoint region
[2019-06-24T09:54:56.602+0000][1][safepoint    ] Total time for which application threads were stopped: 0.0001841 seconds, Stopping threads took: 0.0000115 seconds
[2019-06-24T09:54:56.627+0000][1][safepoint    ] Application time: 0.0250281 seconds
[2019-06-24T09:54:56.627+0000][1][safepoint    ] Entering safepoint region: CollectForMetadataAllocation
[2019-06-24T09:54:56.627+0000][1][safepoint    ] Leaving safepoint region
[2019-06-24T09:54:56.627+0000][1][safepoint    ] Total time for which application threads were stopped: 0.0001559 seconds, Stopping threads took: 0.0000119 seconds
[2019-06-24T09:54:56.636+0000][1][safepoint    ] Application time: 0.0083252 seconds
[2019-06-24T09:54:56.636+0000][1][safepoint    ] Entering safepoint region: RevokeBias
[2019-06-24T09:54:56.636+0000][1][safepoint    ] Leaving safepoint region
[2019-06-24T09:54:56.636+0000][1][safepoint    ] Total time for which application threads were stopped: 0.0002279 seconds, Stopping threads took: 0.0001690 seconds
[2019-06-24T09:54:56.650+0000][1][safepoint    ] Application time: 0.0139426 seconds
[2019-06-24T09:54:56.650+0000][1][safepoint    ] Entering safepoint region: CollectForMetadataAllocation
[2019-06-24T09:54:56.650+0000][1][safepoint    ] Leaving safepoint region
[2019-06-24T09:54:56.650+0000][1][safepoint    ] Total time for which application threads were stopped: 0.0001637 seconds, Stopping threads took: 0.0000118 seconds
[2019-06-24T09:54:56.670+0000][1][safepoint    ] Application time: 0.0202088 seconds
[2019-06-24T09:54:56.670+0000][1][safepoint    ] Entering safepoint region: CollectForMetadataAllocation
[2019-06-24T09:54:56.670+0000][1][safepoint    ] Leaving safepoint region
[2019-06-24T09:54:56.670+0000][1][safepoint    ] Total time for which application threads were stopped: 0.0001670 seconds, Stopping threads took: 0.0000110 seconds
[2019-06-24T09:54:56.672+0000][1][safepoint    ] Application time: 0.0020612 seconds
[2019-06-24T09:54:56.673+0000][1][safepoint    ] Entering safepoint region: RevokeBias
[2019-06-24T09:54:56.673+0000][1][safepoint    ] Leaving safepoint region
[2019-06-24T09:54:56.673+0000][1][safepoint    ] Total time for which application threads were stopped: 0.0000669 seconds, Stopping threads took: 0.0000137 seconds
[2019-06-24T09:54:56.686+0000][1][safepoint    ] Application time: 0.0135278 seconds
[2019-06-24T09:54:56.686+0000][1][safepoint    ] Entering safepoint region: RevokeBias
[2019-06-24T09:54:56.686+0000][1][safepoint    ] Leaving safepoint region
[2019-06-24T09:54:56.686+0000][1][safepoint    ] Total time for which application threads were stopped: 0.0000626 seconds, Stopping threads took: 0.0000107 seconds
[2019-06-24T09:54:56.691+0000][1][safepoint    ] Application time: 0.0046853 seconds
[2019-06-24T09:54:56.691+0000][1][safepoint    ] Entering safepoint region: RevokeBias
[2019-06-24T09:54:56.691+0000][1][safepoint    ] Leaving safepoint region
[2019-06-24T09:54:56.691+0000][1][safepoint    ] Total time for which application threads were stopped: 0.0001377 seconds, Stopping threads took: 0.0000889 seconds
[2019-06-24T09:54:56.710+0000][1][safepoint    ] Application time: 0.0188776 seconds
[2019-06-24T09:54:56.710+0000][1][safepoint    ] Entering safepoint region: CollectForMetadataAllocation
[2019-06-24T09:54:56.710+0000][1][safepoint    ] Leaving safepoint region
[2019-06-24T09:54:56.710+0000][1][safepoint    ] Total time for which application threads were stopped: 0.0001656 seconds, Stopping threads took: 0.0000144 seconds
[2019-06-24T09:54:56.736+0000][1][safepoint    ] Application time: 0.0262467 seconds
[2019-06-24T09:54:56.736+0000][1][safepoint    ] Entering safepoint region: CollectForMetadataAllocation
[2019-06-24T09:54:56.737+0000][1][safepoint    ] Leaving safepoint region
[2019-06-24T09:54:56.737+0000][1][safepoint    ] Total time for which application threads were stopped: 0.0001652 seconds, Stopping threads took: 0.0000105 seconds
[2019-06-24T09:54:56.762+0000][1][safepoint    ] Application time: 0.0257948 seconds
[2019-06-24T09:54:56.763+0000][1][safepoint    ] Entering safepoint region: CollectForMetadataAllocation
[2019-06-24T09:54:56.763+0000][1][safepoint    ] Leaving safepoint region
[2019-06-24T09:54:56.763+0000][1][safepoint    ] Total time for which application threads were stopped: 0.0002353 seconds, Stopping threads took: 0.0000731 seconds
[2019-06-24T09:54:56.785+0000][1][safepoint    ] Application time: 0.0218875 seconds
[2019-06-24T09:54:56.785+0000][1][safepoint    ] Entering safepoint region: CollectForMetadataAllocation
[2019-06-24T09:54:56.785+0000][1][safepoint    ] Leaving safepoint region
[2019-06-24T09:54:56.785+0000][1][safepoint    ] Total time for which application threads were stopped: 0.0001548 seconds, Stopping threads took: 0.0000114 seconds
[2019-06-24T09:54:56.810+0000][1][safepoint    ] Application time: 0.0254806 seconds
[2019-06-24T09:54:56.810+0000][1][safepoint    ] Entering safepoint region: CollectForMetadataAllocation
[2019-06-24T09:54:56.811+0000][1][safepoint    ] Leaving safepoint region
[2019-06-24T09:54:56.811+0000][1][safepoint    ] Total time for which application threads were stopped: 0.0004238 seconds, Stopping threads took: 0.0000103 seconds
[2019-06-24T09:54:56.834+0000][1][safepoint    ] Application time: 0.0229048 seconds
[2019-06-24T09:54:56.834+0000][1][safepoint    ] Entering safepoint region: CollectForMetadataAllocation
[2019-06-24T09:54:56.834+0000][1][safepoint    ] Leaving safepoint region
[2019-06-24T09:54:56.834+0000][1][safepoint    ] Total time for which application threads were stopped: 0.0001478 seconds, Stopping threads took: 0.0000110 seconds
[2019-06-24T09:54:56.873+0000][1][safepoint    ] Application time: 0.0390904 seconds
[2019-06-24T09:54:56.873+0000][1][safepoint    ] Entering safepoint region: RevokeBias
[2019-06-24T09:54:56.873+0000][1][safepoint    ] Leaving safepoint region
[2019-06-24T09:54:56.873+0000][1][safepoint    ] Total time for which application threads were stopped: 0.0000924 seconds, Stopping threads took: 0.0000363 seconds
[2019-06-24T09:54:56.873+0000][1][safepoint    ] Application time: 0.0000988 seconds
[2019-06-24T09:54:56.873+0000][1][safepoint    ] Entering safepoint region: RevokeBias
[2019-06-24T09:54:56.873+0000][1][safepoint    ] Leaving safepoint region
[2019-06-24T09:54:56.873+0000][1][safepoint    ] Total time for which application threads were stopped: 0.0001385 seconds, Stopping threads took: 0.0000888 seconds
[2019-06-24T09:54:56.873+0000][1][safepoint    ] Application time: 0.0000921 seconds
[2019-06-24T09:54:56.873+0000][1][safepoint    ] Entering safepoint region: RevokeBias
[2019-06-24T09:54:56.873+0000][1][safepoint    ] Leaving safepoint region
[2019-06-24T09:54:56.873+0000][1][safepoint    ] Total time for which application threads were stopped: 0.0000489 seconds, Stopping threads took: 0.0000128 seconds
[2019-06-24T09:54:56.874+0000][1][safepoint    ] Application time: 0.0000977 seconds
[2019-06-24T09:54:56.874+0000][1][safepoint    ] Entering safepoint region: RevokeBias
[2019-06-24T09:54:56.874+0000][1][safepoint    ] Leaving safepoint region
[2019-06-24T09:54:56.874+0000][1][safepoint    ] Total time for which application threads were stopped: 0.0003498 seconds, Stopping threads took: 0.0002101 seconds
[2019-06-24T09:54:56.874+0000][1][safepoint    ] Application time: 0.0001579 seconds
[2019-06-24T09:54:56.874+0000][1][safepoint    ] Entering safepoint region: RevokeBias
[2019-06-24T09:54:56.874+0000][1][safepoint    ] Leaving safepoint region
[2019-06-24T09:54:56.874+0000][1][safepoint    ] Total time for which application threads were stopped: 0.0000824 seconds, Stopping threads took: 0.0000537 seconds
[2019-06-24T09:54:56.875+0000][1][safepoint    ] Application time: 0.0003573 seconds
[2019-06-24T09:54:56.875+0000][1][safepoint    ] Entering safepoint region: RevokeBias
[2019-06-24T09:54:56.875+0000][1][safepoint    ] Leaving safepoint region
[2019-06-24T09:54:56.875+0000][1][safepoint    ] Total time for which application threads were stopped: 0.0001408 seconds, Stopping threads took: 0.0000896 seconds
[2019-06-24T09:54:56.875+0000][1][safepoint    ] Application time: 0.0001174 seconds
[2019-06-24T09:54:56.875+0000][1][safepoint    ] Entering safepoint region: RevokeBias
[2019-06-24T09:54:56.875+0000][1][safepoint    ] Leaving safepoint region
[2019-06-24T09:54:56.875+0000][1][safepoint    ] Total time for which application threads were stopped: 0.0001193 seconds, Stopping threads took: 0.0000826 seconds
[2019-06-24T09:54:56.875+0000][1][safepoint    ] Application time: 0.0003229 seconds
[2019-06-24T09:54:56.875+0000][1][safepoint    ] Entering safepoint region: RevokeBias
[2019-06-24T09:54:56.875+0000][1][safepoint    ] Leaving safepoint region
[2019-06-24T09:54:56.875+0000][1][safepoint    ] Total time for which application threads were stopped: 0.0000507 seconds, Stopping threads took: 0.0000080 seconds
[2019-06-24T09:54:56.875+0000][1][safepoint    ] Application time: 0.0001097 seconds
[2019-06-24T09:54:56.876+0000][1][safepoint    ] Entering safepoint region: RevokeBias
[2019-06-24T09:54:56.876+0000][1][safepoint    ] Leaving safepoint region
[2019-06-24T09:54:56.876+0000][1][safepoint    ] Total time for which application threads were stopped: 0.0001474 seconds, Stopping threads took: 0.0001107 seconds
[2019-06-24T09:54:56.876+0000][1][safepoint    ] Application time: 0.0000893 seconds
[2019-06-24T09:54:56.876+0000][1][safepoint    ] Entering safepoint region: RevokeBias
[2019-06-24T09:54:56.876+0000][1][safepoint    ] Leaving safepoint region
[2019-06-24T09:54:56.876+0000][1][safepoint    ] Total time for which application threads were stopped: 0.0000492 seconds, Stopping threads took: 0.0000238 seconds
[2019-06-24T09:54:56.876+0000][1][safepoint    ] Application time: 0.0000982 seconds
[2019-06-24T09:54:56.876+0000][1][safepoint    ] Entering safepoint region: RevokeBias
[2019-06-24T09:54:56.876+0000][1][safepoint    ] Leaving safepoint region
[2019-06-24T09:54:56.876+0000][1][safepoint    ] Total time for which application threads were stopped: 0.0000514 seconds, Stopping threads took: 0.0000117 seconds
[2019-06-24T09:54:56.876+0000][1][safepoint    ] Application time: 0.0000592 seconds
[2019-06-24T09:54:56.876+0000][1][safepoint    ] Entering safepoint region: RevokeBias
[2019-06-24T09:54:56.876+0000][1][safepoint    ] Leaving safepoint region
[2019-06-24T09:54:56.876+0000][1][safepoint    ] Total time for which application threads were stopped: 0.0000415 seconds, Stopping threads took: 0.0000077 seconds
[2019-06-24T09:54:56.876+0000][1][safepoint    ] Application time: 0.0000525 seconds
[2019-06-24T09:54:56.876+0000][1][safepoint    ] Entering safepoint region: RevokeBias
[2019-06-24T09:54:56.876+0000][1][safepoint    ] Leaving safepoint region
[2019-06-24T09:54:56.876+0000][1][safepoint    ] Total time for which application threads were stopped: 0.0000386 seconds, Stopping threads took: 0.0000072 seconds
[2019-06-24T09:54:56.876+0000][1][safepoint    ] Application time: 0.0000508 seconds
[2019-06-24T09:54:56.876+0000][1][safepoint    ] Entering safepoint region: RevokeBias
[2019-06-24T09:54:56.876+0000][1][safepoint    ] Leaving safepoint region
[2019-06-24T09:54:56.876+0000][1][safepoint    ] Total time for which application threads were stopped: 0.0000592 seconds, Stopping threads took: 0.0000269 seconds
[2019-06-24T09:54:56.876+0000][1][safepoint    ] Application time: 0.0000511 seconds
[2019-06-24T09:54:56.876+0000][1][safepoint    ] Entering safepoint region: RevokeBias
[2019-06-24T09:54:56.876+0000][1][safepoint    ] Leaving safepoint region
[2019-06-24T09:54:56.876+0000][1][safepoint    ] Total time for which application threads were stopped: 0.0000517 seconds, Stopping threads took: 0.0000204 seconds
[2019-06-24T09:54:56.876+0000][1][safepoint    ] Application time: 0.0000494 seconds
[2019-06-24T09:54:56.877+0000][1][safepoint    ] Entering safepoint region: RevokeBias
[2019-06-24T09:54:56.877+0000][1][safepoint    ] Leaving safepoint region
[2019-06-24T09:54:56.877+0000][1][safepoint    ] Total time for which application threads were stopped: 0.0000687 seconds, Stopping threads took: 0.0000238 seconds
[2019-06-24T09:54:56.877+0000][1][safepoint    ] Application time: 0.0000463 seconds
[2019-06-24T09:54:56.877+0000][1][safepoint    ] Entering safepoint region: RevokeBias
[2019-06-24T09:54:56.877+0000][1][safepoint    ] Leaving safepoint region
[2019-06-24T09:54:56.877+0000][1][safepoint    ] Total time for which application threads were stopped: 0.0000335 seconds, Stopping threads took: 0.0000062 seconds
[2019-06-24T09:54:56.877+0000][1][safepoint    ] Application time: 0.0000456 seconds
[2019-06-24T09:54:56.877+0000][1][safepoint    ] Entering safepoint region: RevokeBias
[2019-06-24T09:54:56.877+0000][1][safepoint    ] Leaving safepoint region
[2019-06-24T09:54:56.877+0000][1][safepoint    ] Total time for which application threads were stopped: 0.0000340 seconds, Stopping threads took: 0.0000063 seconds
[2019-06-24T09:54:56.877+0000][1][safepoint    ] Application time: 0.0000456 seconds
[2019-06-24T09:54:56.877+0000][1][safepoint    ] Entering safepoint region: RevokeBias
[2019-06-24T09:54:56.877+0000][1][safepoint    ] Leaving safepoint region
[2019-06-24T09:54:56.877+0000][1][safepoint    ] Total time for which application threads were stopped: 0.0000337 seconds, Stopping threads took: 0.0000063 seconds
[2019-06-24T09:54:56.877+0000][1][safepoint    ] Application time: 0.0000455 seconds
[2019-06-24T09:54:56.877+0000][1][safepoint    ] Entering safepoint region: RevokeBias
[2019-06-24T09:54:56.877+0000][1][safepoint    ] Leaving safepoint region
[2019-06-24T09:54:56.877+0000][1][safepoint    ] Total time for which application threads were stopped: 0.0000422 seconds, Stopping threads took: 0.0000152 seconds
[2019-06-24T09:54:56.877+0000][1][safepoint    ] Application time: 0.0000458 seconds
[2019-06-24T09:54:56.877+0000][1][safepoint    ] Entering safepoint region: RevokeBias
[2019-06-24T09:54:56.877+0000][1][safepoint    ] Leaving safepoint region
[2019-06-24T09:54:56.877+0000][1][safepoint    ] Total time for which application threads were stopped: 0.0000353 seconds, Stopping threads took: 0.0000062 seconds
[2019-06-24T09:54:56.877+0000][1][safepoint    ] Application time: 0.0000472 seconds
[2019-06-24T09:54:56.877+0000][1][safepoint    ] Entering safepoint region: RevokeBias
[2019-06-24T09:54:56.877+0000][1][safepoint    ] Leaving safepoint region
[2019-06-24T09:54:56.877+0000][1][safepoint    ] Total time for which application threads were stopped: 0.0000528 seconds, Stopping threads took: 0.0000245 seconds
[2019-06-24T09:54:56.877+0000][1][safepoint    ] Application time: 0.0000457 seconds
[2019-06-24T09:54:56.877+0000][1][safepoint    ] Entering safepoint region: RevokeBias
[2019-06-24T09:54:56.877+0000][1][safepoint    ] Leaving safepoint region
[2019-06-24T09:54:56.877+0000][1][safepoint    ] Total time for which application threads were stopped: 0.0000574 seconds, Stopping threads took: 0.0000298 seconds
[2019-06-24T09:54:56.877+0000][1][safepoint    ] Application time: 0.0000455 seconds
[2019-06-24T09:54:56.877+0000][1][safepoint    ] Entering safepoint region: RevokeBias
[2019-06-24T09:54:56.877+0000][1][safepoint    ] Leaving safepoint region
[2019-06-24T09:54:56.877+0000][1][safepoint    ] Total time for which application threads were stopped: 0.0000338 seconds, Stopping threads took: 0.0000062 seconds
[2019-06-24T09:54:56.877+0000][1][safepoint    ] Application time: 0.0000423 seconds
[2019-06-24T09:54:56.877+0000][1][safepoint    ] Entering safepoint region: RevokeBias
[2019-06-24T09:54:56.877+0000][1][safepoint    ] Leaving safepoint region
[2019-06-24T09:54:56.877+0000][1][safepoint    ] Total time for which application threads were stopped: 0.0000339 seconds, Stopping threads took: 0.0000062 seconds
[2019-06-24T09:54:56.877+0000][1][safepoint    ] Application time: 0.0000454 seconds
[2019-06-24T09:54:56.877+0000][1][safepoint    ] Entering safepoint region: RevokeBias
[2019-06-24T09:54:56.878+0000][1][safepoint    ] Leaving safepoint region
[2019-06-24T09:54:56.878+0000][1][safepoint    ] Total time for which application threads were stopped: 0.0000339 seconds, Stopping threads took: 0.0000063 seconds
[2019-06-24T09:54:56.878+0000][1][safepoint    ] Application time: 0.0000458 seconds
[2019-06-24T09:54:56.878+0000][1][safepoint    ] Entering safepoint region: BulkRevokeBias
[2019-06-24T09:54:56.878+0000][1][safepoint    ] Leaving safepoint region
[2019-06-24T09:54:56.878+0000][1][safepoint    ] Total time for which application threads were stopped: 0.0000772 seconds, Stopping threads took: 0.0000063 seconds
[2019-06-24T09:54:56.878+0000][1][safepoint    ] Application time: 0.0001189 seconds
[2019-06-24T09:54:56.878+0000][1][safepoint    ] Entering safepoint region: RevokeBias
[2019-06-24T09:54:56.878+0000][1][safepoint    ] Leaving safepoint region
[2019-06-24T09:54:56.878+0000][1][safepoint    ] Total time for which application threads were stopped: 0.0000416 seconds, Stopping threads took: 0.0000067 seconds
[2019-06-24T09:54:56.878+0000][1][safepoint    ] Application time: 0.0000605 seconds
[2019-06-24T09:54:56.878+0000][1][safepoint    ] Entering safepoint region: RevokeBias
[2019-06-24T09:54:56.878+0000][1][safepoint    ] Leaving safepoint region
[2019-06-24T09:54:56.878+0000][1][safepoint    ] Total time for which application threads were stopped: 0.0000351 seconds, Stopping threads took: 0.0000065 seconds
[2019-06-24T09:54:56.878+0000][1][safepoint    ] Application time: 0.0000782 seconds
[2019-06-24T09:54:56.878+0000][1][safepoint    ] Entering safepoint region: RevokeBias
[2019-06-24T09:54:56.878+0000][1][safepoint    ] Leaving safepoint region
[2019-06-24T09:54:56.878+0000][1][safepoint    ] Total time for which application threads were stopped: 0.0000362 seconds, Stopping threads took: 0.0000066 seconds
[2019-06-24T09:54:56.878+0000][1][safepoint    ] Application time: 0.0000589 seconds
[2019-06-24T09:54:56.878+0000][1][safepoint    ] Entering safepoint region: RevokeBias
[2019-06-24T09:54:56.878+0000][1][safepoint    ] Leaving safepoint region
[2019-06-24T09:54:56.878+0000][1][safepoint    ] Total time for which application threads were stopped: 0.0001155 seconds, Stopping threads took: 0.0000740 seconds
[2019-06-24T09:54:56.878+0000][1][safepoint    ] Application time: 0.0000646 seconds
[2019-06-24T09:54:56.878+0000][1][safepoint    ] Entering safepoint region: RevokeBias
[2019-06-24T09:54:56.878+0000][1][safepoint    ] Leaving safepoint region
[2019-06-24T09:54:56.878+0000][1][safepoint    ] Total time for which application threads were stopped: 0.0001037 seconds, Stopping threads took: 0.0000496 seconds
[2019-06-24T09:54:56.879+0000][1][safepoint    ] Application time: 0.0000842 seconds
[2019-06-24T09:54:56.879+0000][1][safepoint    ] Entering safepoint region: RevokeBias
[2019-06-24T09:54:56.879+0000][1][safepoint    ] Leaving safepoint region
[2019-06-24T09:54:56.879+0000][1][safepoint    ] Total time for which application threads were stopped: 0.0000551 seconds, Stopping threads took: 0.0000067 seconds
[2019-06-24T09:54:56.879+0000][1][safepoint    ] Application time: 0.0000581 seconds
[2019-06-24T09:54:56.879+0000][1][safepoint    ] Entering safepoint region: RevokeBias
[2019-06-24T09:54:56.879+0000][1][safepoint    ] Leaving safepoint region
[2019-06-24T09:54:56.879+0000][1][safepoint    ] Total time for which application threads were stopped: 0.0000581 seconds, Stopping threads took: 0.0000295 seconds
[2019-06-24T09:54:56.879+0000][1][safepoint    ] Application time: 0.0000476 seconds
[2019-06-24T09:54:56.879+0000][1][safepoint    ] Entering safepoint region: RevokeBias
[2019-06-24T09:54:56.879+0000][1][safepoint    ] Leaving safepoint region
[2019-06-24T09:54:56.879+0000][1][safepoint    ] Total time for which application threads were stopped: 0.0000564 seconds, Stopping threads took: 0.0000299 seconds
[2019-06-24T09:54:56.879+0000][1][safepoint    ] Application time: 0.0000442 seconds
[2019-06-24T09:54:56.879+0000][1][safepoint    ] Entering safepoint region: RevokeBias
[2019-06-24T09:54:56.879+0000][1][gc,start     ] GC(19) Pause Young (Allocation Failure)
[2019-06-24T09:54:56.879+0000][1][gc,task      ] GC(19) Using 5 workers of 8 for evacuation
[2019-06-24T09:54:56.884+0000][1][gc,age       ] GC(19) Desired survivor size 4456448 bytes, new threshold 2 (max threshold 6)
[2019-06-24T09:54:56.884+0000][1][gc,age       ] GC(19) Age table with threshold 2 (max threshold 6)
[2019-06-24T09:54:56.884+0000][1][gc,age       ] GC(19) - age   1:    3050032 bytes,    3050032 total
[2019-06-24T09:54:56.884+0000][1][gc,age       ] GC(19) - age   2:    3664168 bytes,    6714200 total
[2019-06-24T09:54:56.884+0000][1][gc,age       ] GC(19) - age   3:     342440 bytes,    7056640 total
[2019-06-24T09:54:56.884+0000][1][gc,heap      ] GC(19) ParNew: 75157K->8317K(78656K)
[2019-06-24T09:54:56.884+0000][1][gc,heap      ] GC(19) CMS: 55593K->55593K(174784K)
[2019-06-24T09:54:56.884+0000][1][gc,metaspace ] GC(19) Metaspace: 47003K->47003K(1093632K)
[2019-06-24T09:54:56.884+0000][1][gc           ] GC(19) Pause Young (Allocation Failure) 127M->62M(247M) 5.277ms
[2019-06-24T09:54:56.884+0000][1][gc,cpu       ] GC(19) User=0.03s Sys=0.00s Real=0.01s
[2019-06-24T09:54:56.884+0000][1][safepoint    ] Leaving safepoint region
[2019-06-24T09:54:56.884+0000][1][safepoint    ] Total time for which application threads were stopped: 0.0053840 seconds, Stopping threads took: 0.0000227 seconds
[2019-06-24T09:54:56.884+0000][1][safepoint    ] Application time: 0.0000718 seconds
[2019-06-24T09:54:56.884+0000][1][safepoint    ] Entering safepoint region: RevokeBias
[2019-06-24T09:54:56.884+0000][1][safepoint    ] Leaving safepoint region
[2019-06-24T09:54:56.884+0000][1][safepoint    ] Total time for which application threads were stopped: 0.0000819 seconds, Stopping threads took: 0.0000100 seconds
[2019-06-24T09:54:56.885+0000][1][safepoint    ] Application time: 0.0000685 seconds
[2019-06-24T09:54:56.885+0000][1][safepoint    ] Entering safepoint region: RevokeBias
[2019-06-24T09:54:56.885+0000][1][safepoint    ] Leaving safepoint region
[2019-06-24T09:54:56.885+0000][1][safepoint    ] Total time for which application threads were stopped: 0.0000569 seconds, Stopping threads took: 0.0000064 seconds
[2019-06-24T09:54:56.885+0000][1][safepoint    ] Application time: 0.0000399 seconds
[2019-06-24T09:54:56.885+0000][1][safepoint    ] Entering safepoint region: RevokeBias
[2019-06-24T09:54:56.885+0000][1][safepoint    ] Leaving safepoint region
[2019-06-24T09:54:56.885+0000][1][safepoint    ] Total time for which application threads were stopped: 0.0000505 seconds, Stopping threads took: 0.0000240 seconds
[2019-06-24T09:54:56.885+0000][1][safepoint    ] Application time: 0.0000335 seconds
[2019-06-24T09:54:56.885+0000][1][safepoint    ] Entering safepoint region: RevokeBias
[2019-06-24T09:54:56.885+0000][1][safepoint    ] Leaving safepoint region
[2019-06-24T09:54:56.885+0000][1][safepoint    ] Total time for which application threads were stopped: 0.0000302 seconds, Stopping threads took: 0.0000061 seconds
[2019-06-24T09:54:56.885+0000][1][safepoint    ] Application time: 0.0000457 seconds
[2019-06-24T09:54:56.885+0000][1][safepoint    ] Entering safepoint region: RevokeBias
[2019-06-24T09:54:56.885+0000][1][safepoint    ] Leaving safepoint region
[2019-06-24T09:54:56.885+0000][1][safepoint    ] Total time for which application threads were stopped: 0.0000423 seconds, Stopping threads took: 0.0000172 seconds
[2019-06-24T09:54:56.885+0000][1][safepoint    ] Application time: 0.0000453 seconds
[2019-06-24T09:54:56.885+0000][1][safepoint    ] Entering safepoint region: RevokeBias
[2019-06-24T09:54:56.885+0000][1][safepoint    ] Leaving safepoint region
[2019-06-24T09:54:56.885+0000][1][safepoint    ] Total time for which application threads were stopped: 0.0002003 seconds, Stopping threads took: 0.0001722 seconds
[2019-06-24T09:54:56.885+0000][1][safepoint    ] Application time: 0.0000467 seconds
[2019-06-24T09:54:56.885+0000][1][safepoint    ] Entering safepoint region: RevokeBias
[2019-06-24T09:54:56.885+0000][1][safepoint    ] Leaving safepoint region
[2019-06-24T09:54:56.885+0000][1][safepoint    ] Total time for which application threads were stopped: 0.0000445 seconds, Stopping threads took: 0.0000172 seconds
[2019-06-24T09:54:56.885+0000][1][safepoint    ] Application time: 0.0000315 seconds
[2019-06-24T09:54:56.885+0000][1][safepoint    ] Entering safepoint region: RevokeBias
[2019-06-24T09:54:56.885+0000][1][safepoint    ] Leaving safepoint region
[2019-06-24T09:54:56.885+0000][1][safepoint    ] Total time for which application threads were stopped: 0.0000307 seconds, Stopping threads took: 0.0000056 seconds
[2019-06-24T09:54:56.885+0000][1][safepoint    ] Application time: 0.0000432 seconds
[2019-06-24T09:54:56.885+0000][1][safepoint    ] Entering safepoint region: RevokeBias
[2019-06-24T09:54:56.885+0000][1][safepoint    ] Leaving safepoint region
[2019-06-24T09:54:56.885+0000][1][safepoint    ] Total time for which application threads were stopped: 0.0000571 seconds, Stopping threads took: 0.0000319 seconds
[2019-06-24T09:54:56.885+0000][1][safepoint    ] Application time: 0.0000423 seconds
[2019-06-24T09:54:56.885+0000][1][safepoint    ] Entering safepoint region: RevokeBias
[2019-06-24T09:54:56.886+0000][1][safepoint    ] Leaving safepoint region
[2019-06-24T09:54:56.886+0000][1][safepoint    ] Total time for which application threads were stopped: 0.0000478 seconds, Stopping threads took: 0.0000084 seconds
[2019-06-24T09:54:56.886+0000][1][safepoint    ] Application time: 0.0000454 seconds
[2019-06-24T09:54:56.886+0000][1][safepoint    ] Entering safepoint region: RevokeBias
[2019-06-24T09:54:56.886+0000][1][safepoint    ] Leaving safepoint region
[2019-06-24T09:54:56.886+0000][1][safepoint    ] Total time for which application threads were stopped: 0.0000487 seconds, Stopping threads took: 0.0000233 seconds
[2019-06-24T09:54:56.886+0000][1][safepoint    ] Application time: 0.0000430 seconds
[2019-06-24T09:54:56.886+0000][1][safepoint    ] Entering safepoint region: RevokeBias
[2019-06-24T09:54:56.886+0000][1][safepoint    ] Leaving safepoint region
[2019-06-24T09:54:56.886+0000][1][safepoint    ] Total time for which application threads were stopped: 0.0000342 seconds, Stopping threads took: 0.0000088 seconds
[2019-06-24T09:54:56.886+0000][1][safepoint    ] Application time: 0.0000431 seconds
[2019-06-24T09:54:56.886+0000][1][safepoint    ] Entering safepoint region: RevokeBias
[2019-06-24T09:54:56.886+0000][1][safepoint    ] Leaving safepoint region
[2019-06-24T09:54:56.886+0000][1][safepoint    ] Total time for which application threads were stopped: 0.0000464 seconds, Stopping threads took: 0.0000207 seconds
[2019-06-24T09:54:56.886+0000][1][safepoint    ] Application time: 0.0000448 seconds
[2019-06-24T09:54:56.886+0000][1][safepoint    ] Entering safepoint region: RevokeBias
[2019-06-24T09:54:56.886+0000][1][safepoint    ] Leaving safepoint region
[2019-06-24T09:54:56.886+0000][1][safepoint    ] Total time for which application threads were stopped: 0.0000474 seconds, Stopping threads took: 0.0000219 seconds
[2019-06-24T09:54:56.886+0000][1][safepoint    ] Application time: 0.0000458 seconds
[2019-06-24T09:54:56.886+0000][1][safepoint    ] Entering safepoint region: BulkRevokeBias
[2019-06-24T09:54:56.886+0000][1][safepoint    ] Leaving safepoint region
[2019-06-24T09:54:56.886+0000][1][safepoint    ] Total time for which application threads were stopped: 0.0000881 seconds, Stopping threads took: 0.0000144 seconds
[2019-06-24T09:54:56.886+0000][1][safepoint    ] Application time: 0.0002633 seconds
[2019-06-24T09:54:56.886+0000][1][safepoint    ] Entering safepoint region: RevokeBias
[2019-06-24T09:54:56.886+0000][1][safepoint    ] Leaving safepoint region
[2019-06-24T09:54:56.886+0000][1][safepoint    ] Total time for which application threads were stopped: 0.0000614 seconds, Stopping threads took: 0.0000210 seconds
[2019-06-24T09:54:56.887+0000][1][safepoint    ] Application time: 0.0001092 seconds
[2019-06-24T09:54:56.887+0000][1][safepoint    ] Entering safepoint region: RevokeBias
[2019-06-24T09:54:56.887+0000][1][safepoint    ] Leaving safepoint region
[2019-06-24T09:54:56.887+0000][1][safepoint    ] Total time for which application threads were stopped: 0.0001028 seconds, Stopping threads took: 0.0000673 seconds
[2019-06-24T09:54:56.887+0000][1][safepoint    ] Application time: 0.0000464 seconds
[2019-06-24T09:54:56.887+0000][1][safepoint    ] Entering safepoint region: RevokeBias
[2019-06-24T09:54:56.887+0000][1][safepoint    ] Leaving safepoint region
[2019-06-24T09:54:56.887+0000][1][safepoint    ] Total time for which application threads were stopped: 0.0000592 seconds, Stopping threads took: 0.0000284 seconds
[2019-06-24T09:54:56.887+0000][1][safepoint    ] Application time: 0.0000337 seconds
[2019-06-24T09:54:56.887+0000][1][safepoint    ] Entering safepoint region: RevokeBias
[2019-06-24T09:54:56.887+0000][1][safepoint    ] Leaving safepoint region
[2019-06-24T09:54:56.887+0000][1][safepoint    ] Total time for which application threads were stopped: 0.0001078 seconds, Stopping threads took: 0.0000777 seconds
[2019-06-24T09:54:56.887+0000][1][safepoint    ] Application time: 0.0000472 seconds
[2019-06-24T09:54:56.887+0000][1][safepoint    ] Entering safepoint region: RevokeBias
[2019-06-24T09:54:56.887+0000][1][safepoint    ] Leaving safepoint region
[2019-06-24T09:54:56.887+0000][1][safepoint    ] Total time for which application threads were stopped: 0.0000493 seconds, Stopping threads took: 0.0000230 seconds
[2019-06-24T09:54:56.887+0000][1][safepoint    ] Application time: 0.0000313 seconds
[2019-06-24T09:54:56.887+0000][1][safepoint    ] Entering safepoint region: RevokeBias
[2019-06-24T09:54:56.887+0000][1][safepoint    ] Leaving safepoint region
[2019-06-24T09:54:56.887+0000][1][safepoint    ] Total time for which application threads were stopped: 0.0000763 seconds, Stopping threads took: 0.0000480 seconds
[2019-06-24T09:54:56.887+0000][1][safepoint    ] Application time: 0.0000460 seconds
[2019-06-24T09:54:56.887+0000][1][safepoint    ] Entering safepoint region: RevokeBias
[2019-06-24T09:54:56.887+0000][1][safepoint    ] Leaving safepoint region
[2019-06-24T09:54:56.887+0000][1][safepoint    ] Total time for which application threads were stopped: 0.0000687 seconds, Stopping threads took: 0.0000350 seconds
[2019-06-24T09:54:56.887+0000][1][safepoint    ] Application time: 0.0000408 seconds
[2019-06-24T09:54:56.887+0000][1][safepoint    ] Entering safepoint region: RevokeBias
[2019-06-24T09:54:56.887+0000][1][safepoint    ] Leaving safepoint region
[2019-06-24T09:54:56.887+0000][1][safepoint    ] Total time for which application threads were stopped: 0.0000479 seconds, Stopping threads took: 0.0000061 seconds
[2019-06-24T09:54:56.887+0000][1][safepoint    ] Application time: 0.0000396 seconds
[2019-06-24T09:54:56.887+0000][1][safepoint    ] Entering safepoint region: RevokeBias
[2019-06-24T09:54:56.887+0000][1][safepoint    ] Leaving safepoint region
[2019-06-24T09:54:56.888+0000][1][safepoint    ] Total time for which application threads were stopped: 0.0000575 seconds, Stopping threads took: 0.0000228 seconds
[2019-06-24T09:54:56.888+0000][1][safepoint    ] Application time: 0.0000593 seconds
[2019-06-24T09:54:56.888+0000][1][safepoint    ] Entering safepoint region: BulkRevokeBias
[2019-06-24T09:54:56.888+0000][1][safepoint    ] Leaving safepoint region
[2019-06-24T09:54:56.888+0000][1][safepoint    ] Total time for which application threads were stopped: 0.0001066 seconds, Stopping threads took: 0.0000314 seconds
[2019-06-24T09:54:56.888+0000][1][safepoint    ] Application time: 0.0000652 seconds
[2019-06-24T09:54:56.888+0000][1][safepoint    ] Entering safepoint region: RevokeBias
[2019-06-24T09:54:56.888+0000][1][safepoint    ] Leaving safepoint region
[2019-06-24T09:54:56.888+0000][1][safepoint    ] Total time for which application threads were stopped: 0.0000378 seconds, Stopping threads took: 0.0000066 seconds
[2019-06-24T09:54:56.888+0000][1][safepoint    ] Application time: 0.0001373 seconds
[2019-06-24T09:54:56.888+0000][1][safepoint    ] Entering safepoint region: RevokeBias
[2019-06-24T09:54:56.888+0000][1][safepoint    ] Leaving safepoint region
[2019-06-24T09:54:56.888+0000][1][safepoint    ] Total time for which application threads were stopped: 0.0000622 seconds, Stopping threads took: 0.0000230 seconds
[2019-06-24T09:54:56.888+0000][1][safepoint    ] Application time: 0.0000570 seconds
[2019-06-24T09:54:56.888+0000][1][safepoint    ] Entering safepoint region: RevokeBias
[2019-06-24T09:54:56.888+0000][1][safepoint    ] Leaving safepoint region
[2019-06-24T09:54:56.888+0000][1][safepoint    ] Total time for which application threads were stopped: 0.0000729 seconds, Stopping threads took: 0.0000318 seconds
[2019-06-24T09:54:56.888+0000][1][safepoint    ] Application time: 0.0000455 seconds
[2019-06-24T09:54:56.888+0000][1][safepoint    ] Entering safepoint region: RevokeBias
[2019-06-24T09:54:56.888+0000][1][safepoint    ] Leaving safepoint region
[2019-06-24T09:54:56.888+0000][1][safepoint    ] Total time for which application threads were stopped: 0.0000781 seconds, Stopping threads took: 0.0000287 seconds
[2019-06-24T09:54:56.888+0000][1][safepoint    ] Application time: 0.0000452 seconds
[2019-06-24T09:54:56.888+0000][1][safepoint    ] Entering safepoint region: RevokeBias
[2019-06-24T09:54:56.888+0000][1][safepoint    ] Leaving safepoint region
[2019-06-24T09:54:56.888+0000][1][safepoint    ] Total time for which application threads were stopped: 0.0000569 seconds, Stopping threads took: 0.0000240 seconds
[2019-06-24T09:54:56.889+0000][1][safepoint    ] Application time: 0.0002653 seconds
[2019-06-24T09:54:56.889+0000][1][safepoint    ] Entering safepoint region: RevokeBias
[2019-06-24T09:54:56.889+0000][1][safepoint    ] Leaving safepoint region
[2019-06-24T09:54:56.889+0000][1][safepoint    ] Total time for which application threads were stopped: 0.0000631 seconds, Stopping threads took: 0.0000243 seconds
[2019-06-24T09:54:56.889+0000][1][safepoint    ] Application time: 0.0001543 seconds
[2019-06-24T09:54:56.889+0000][1][safepoint    ] Entering safepoint region: RevokeBias
[2019-06-24T09:54:56.889+0000][1][safepoint    ] Leaving safepoint region
[2019-06-24T09:54:56.889+0000][1][safepoint    ] Total time for which application threads were stopped: 0.0000586 seconds, Stopping threads took: 0.0000262 seconds
[2019-06-24T09:54:56.889+0000][1][safepoint    ] Application time: 0.0001615 seconds
[2019-06-24T09:54:56.889+0000][1][safepoint    ] Entering safepoint region: RevokeBias
[2019-06-24T09:54:56.889+0000][1][safepoint    ] Leaving safepoint region
[2019-06-24T09:54:56.889+0000][1][safepoint    ] Total time for which application threads were stopped: 0.0000384 seconds, Stopping threads took: 0.0000072 seconds
[2019-06-24T09:54:56.890+0000][1][safepoint    ] Application time: 0.0002942 seconds
[2019-06-24T09:54:56.890+0000][1][safepoint    ] Entering safepoint region: RevokeBias
[2019-06-24T09:54:56.890+0000][1][safepoint    ] Leaving safepoint region
[2019-06-24T09:54:56.890+0000][1][safepoint    ] Total time for which application threads were stopped: 0.0000504 seconds, Stopping threads took: 0.0000082 seconds
[2019-06-24T09:54:56.890+0000][1][safepoint    ] Application time: 0.0004040 seconds
[2019-06-24T09:54:56.890+0000][1][safepoint    ] Entering safepoint region: RevokeBias
[2019-06-24T09:54:56.890+0000][1][safepoint    ] Leaving safepoint region
[2019-06-24T09:54:56.890+0000][1][safepoint    ] Total time for which application threads were stopped: 0.0002622 seconds, Stopping threads took: 0.0002210 seconds
[2019-06-24T09:54:56.890+0000][1][safepoint    ] Application time: 0.0001035 seconds
[2019-06-24T09:54:56.891+0000][1][safepoint    ] Entering safepoint region: RevokeBias
[2019-06-24T09:54:56.891+0000][1][safepoint    ] Leaving safepoint region
[2019-06-24T09:54:56.891+0000][1][safepoint    ] Total time for which application threads were stopped: 0.0003011 seconds, Stopping threads took: 0.0002673 seconds
[2019-06-24T09:54:56.891+0000][1][safepoint    ] Application time: 0.0003318 seconds
[2019-06-24T09:54:56.891+0000][1][safepoint    ] Entering safepoint region: RevokeBias
[2019-06-24T09:54:56.891+0000][1][safepoint    ] Leaving safepoint region
[2019-06-24T09:54:56.891+0000][1][safepoint    ] Total time for which application threads were stopped: 0.0000762 seconds, Stopping threads took: 0.0000341 seconds
[2019-06-24T09:54:56.892+0000][1][safepoint    ] Application time: 0.0013184 seconds
[2019-06-24T09:54:56.893+0000][1][safepoint    ] Entering safepoint region: RevokeBias
[2019-06-24T09:54:56.893+0000][1][safepoint    ] Leaving safepoint region
[2019-06-24T09:54:56.893+0000][1][safepoint    ] Total time for which application threads were stopped: 0.0001651 seconds, Stopping threads took: 0.0000951 seconds
[2019-06-24T09:54:56.893+0000][1][safepoint    ] Application time: 0.0000429 seconds
[2019-06-24T09:54:56.893+0000][1][safepoint    ] Entering safepoint region: RevokeBias
[2019-06-24T09:54:56.893+0000][1][safepoint    ] Leaving safepoint region
[2019-06-24T09:54:56.893+0000][1][safepoint    ] Total time for which application threads were stopped: 0.0000438 seconds, Stopping threads took: 0.0000072 seconds
[2019-06-24T09:54:56.893+0000][1][safepoint    ] Application time: 0.0007501 seconds
[2019-06-24T09:54:56.894+0000][1][safepoint    ] Entering safepoint region: RevokeBias
[2019-06-24T09:54:56.894+0000][1][safepoint    ] Leaving safepoint region
[2019-06-24T09:54:56.894+0000][1][safepoint    ] Total time for which application threads were stopped: 0.0001112 seconds, Stopping threads took: 0.0000718 seconds
[2019-06-24T09:54:56.895+0000][1][safepoint    ] Application time: 0.0009140 seconds
[2019-06-24T09:54:56.895+0000][1][safepoint    ] Entering safepoint region: RevokeBias
[2019-06-24T09:54:56.895+0000][1][safepoint    ] Leaving safepoint region
[2019-06-24T09:54:56.895+0000][1][safepoint    ] Total time for which application threads were stopped: 0.0002480 seconds, Stopping threads took: 0.0001873 seconds
[2019-06-24T09:54:56.895+0000][1][safepoint    ] Application time: 0.0000438 seconds
[2019-06-24T09:54:56.895+0000][1][safepoint    ] Entering safepoint region: RevokeBias
[2019-06-24T09:54:56.895+0000][1][safepoint    ] Leaving safepoint region
[2019-06-24T09:54:56.895+0000][1][safepoint    ] Total time for which application threads were stopped: 0.0001970 seconds, Stopping threads took: 0.0001605 seconds
[2019-06-24T09:54:56.895+0000][1][safepoint    ] Application time: 0.0002278 seconds
[2019-06-24T09:54:56.895+0000][1][safepoint    ] Entering safepoint region: RevokeBias
[2019-06-24T09:54:56.896+0000][1][safepoint    ] Leaving safepoint region
[2019-06-24T09:54:56.896+0000][1][safepoint    ] Total time for which application threads were stopped: 0.0002353 seconds, Stopping threads took: 0.0002041 seconds
[2019-06-24T09:54:56.915+0000][1][safepoint    ] Application time: 0.0199006 seconds
[2019-06-24T09:54:56.915+0000][1][safepoint    ] Entering safepoint region: CollectForMetadataAllocation
[2019-06-24T09:54:56.916+0000][1][safepoint    ] Leaving safepoint region
[2019-06-24T09:54:56.916+0000][1][safepoint    ] Total time for which application threads were stopped: 0.0002369 seconds, Stopping threads took: 0.0000120 seconds
[2019-06-24T09:54:56.950+0000][1][safepoint    ] Application time: 0.0342005 seconds
[2019-06-24T09:54:56.950+0000][1][safepoint    ] Entering safepoint region: RevokeBias
[2019-06-24T09:54:56.950+0000][1][safepoint    ] Leaving safepoint region
[2019-06-24T09:54:56.950+0000][1][safepoint    ] Total time for which application threads were stopped: 0.0000599 seconds, Stopping threads took: 0.0000129 seconds
[2019-06-24T09:54:56.957+0000][1][safepoint    ] Application time: 0.0067820 seconds
[2019-06-24T09:54:56.957+0000][1][safepoint    ] Entering safepoint region: CollectForMetadataAllocation
[2019-06-24T09:54:56.957+0000][1][safepoint    ] Leaving safepoint region
[2019-06-24T09:54:56.957+0000][1][safepoint    ] Total time for which application threads were stopped: 0.0001483 seconds, Stopping threads took: 0.0000125 seconds
[2019-06-24T09:54:56.973+0000][1][safepoint    ] Application time: 0.0161002 seconds
[2019-06-24T09:54:56.973+0000][1][safepoint    ] Entering safepoint region: CollectForMetadataAllocation
[2019-06-24T09:54:56.973+0000][1][safepoint    ] Leaving safepoint region
[2019-06-24T09:54:56.973+0000][1][safepoint    ] Total time for which application threads were stopped: 0.0001066 seconds, Stopping threads took: 0.0000124 seconds
[2019-06-24T09:54:57.009+0000][1][safepoint    ] Application time: 0.0358670 seconds
[2019-06-24T09:54:57.009+0000][1][safepoint    ] Entering safepoint region: CollectForMetadataAllocation
[2019-06-24T09:54:57.009+0000][1][safepoint    ] Leaving safepoint region
[2019-06-24T09:54:57.009+0000][1][safepoint    ] Total time for which application threads were stopped: 0.0002032 seconds, Stopping threads took: 0.0000422 seconds
[2019-06-24T09:54:57.038+0000][1][safepoint    ] Application time: 0.0287035 seconds
[2019-06-24T09:54:57.038+0000][1][safepoint    ] Entering safepoint region: CollectForMetadataAllocation
[2019-06-24T09:54:57.038+0000][1][safepoint    ] Leaving safepoint region
[2019-06-24T09:54:57.038+0000][1][safepoint    ] Total time for which application threads were stopped: 0.0001934 seconds, Stopping threads took: 0.0000166 seconds
[2019-06-24T09:54:57.062+0000][1][safepoint    ] Application time: 0.0235516 seconds
[2019-06-24T09:54:57.062+0000][1][safepoint    ] Entering safepoint region: CollectForMetadataAllocation
[2019-06-24T09:54:57.062+0000][1][safepoint    ] Leaving safepoint region
[2019-06-24T09:54:57.062+0000][1][safepoint    ] Total time for which application threads were stopped: 0.0001756 seconds, Stopping threads took: 0.0000159 seconds
[2019-06-24T09:54:57.079+0000][1][safepoint    ] Application time: 0.0169599 seconds
[2019-06-24T09:54:57.079+0000][1][safepoint    ] Entering safepoint region: CollectForMetadataAllocation
[2019-06-24T09:54:57.079+0000][1][safepoint    ] Leaving safepoint region
[2019-06-24T09:54:57.079+0000][1][safepoint    ] Total time for which application threads were stopped: 0.0001921 seconds, Stopping threads took: 0.0000162 seconds
[2019-06-24T09:54:57.080+0000][1][gc           ] GC(18) Concurrent Abortable Preclean 699.222ms
[2019-06-24T09:54:57.080+0000][1][gc,cpu       ] GC(18) User=3.23s Sys=0.06s Real=0.70s
[2019-06-24T09:54:57.080+0000][1][safepoint    ] Application time: 0.0009447 seconds
[2019-06-24T09:54:57.080+0000][1][safepoint    ] Entering safepoint region: CMS_Final_Remark
[2019-06-24T09:54:57.080+0000][1][gc,start     ] GC(18) Pause Remark
[2019-06-24T09:54:57.095+0000][1][gc           ] GC(18) Pause Remark 97M->97M(247M) 14.991ms
[2019-06-24T09:54:57.095+0000][1][gc,cpu       ] GC(18) User=0.06s Sys=0.00s Real=0.02s
[2019-06-24T09:54:57.095+0000][1][safepoint    ] Leaving safepoint region
[2019-06-24T09:54:57.095+0000][1][safepoint    ] Total time for which application threads were stopped: 0.0151343 seconds, Stopping threads took: 0.0000422 seconds
[2019-06-24T09:54:57.095+0000][1][gc           ] GC(18) Concurrent Sweep
[2019-06-24T09:54:57.110+0000][1][safepoint    ] Application time: 0.0142736 seconds
[2019-06-24T09:54:57.110+0000][1][safepoint    ] Entering safepoint region: CollectForMetadataAllocation
[2019-06-24T09:54:57.111+0000][1][safepoint    ] Leaving safepoint region
[2019-06-24T09:54:57.111+0000][1][safepoint    ] Total time for which application threads were stopped: 0.0009318 seconds, Stopping threads took: 0.0000193 seconds
[2019-06-24T09:54:57.111+0000][1][safepoint    ] Application time: 0.0003593 seconds
[2019-06-24T09:54:57.111+0000][1][safepoint    ] Entering safepoint region: CollectForMetadataAllocation
[2019-06-24T09:54:57.111+0000][1][safepoint    ] Leaving safepoint region
[2019-06-24T09:54:57.111+0000][1][safepoint    ] Total time for which application threads were stopped: 0.0001914 seconds, Stopping threads took: 0.0000144 seconds
[2019-06-24T09:54:57.133+0000][1][gc           ] GC(18) Concurrent Sweep 37.172ms
[2019-06-24T09:54:57.133+0000][1][gc,cpu       ] GC(18) User=0.19s Sys=0.00s Real=0.03s
[2019-06-24T09:54:57.133+0000][1][gc           ] GC(18) Concurrent Reset
[2019-06-24T09:54:57.133+0000][1][gc           ] GC(18) Concurrent Reset 0.441ms
[2019-06-24T09:54:57.133+0000][1][gc,cpu       ] GC(18) User=0.00s Sys=0.00s Real=0.00s
[2019-06-24T09:54:57.133+0000][1][gc,heap      ] GC(18) Old: 55593K->55378K(174784K)
[2019-06-24T09:54:57.142+0000][1][safepoint    ] Application time: 0.0305563 seconds
[2019-06-24T09:54:57.142+0000][1][safepoint    ] Entering safepoint region: RevokeBias
[2019-06-24T09:54:57.142+0000][1][safepoint    ] Leaving safepoint region
[2019-06-24T09:54:57.142+0000][1][safepoint    ] Total time for which application threads were stopped: 0.0000676 seconds, Stopping threads took: 0.0000173 seconds
[2019-06-24T09:54:57.396+0000][1][safepoint    ] Application time: 0.2540856 seconds
[2019-06-24T09:54:57.396+0000][1][safepoint    ] Entering safepoint region: GenCollectForAllocation
[2019-06-24T09:54:57.396+0000][1][gc,start     ] GC(20) Pause Young (Allocation Failure)
[2019-06-24T09:54:57.396+0000][1][gc,task      ] GC(20) Using 5 workers of 8 for evacuation
[2019-06-24T09:54:57.404+0000][1][gc,age       ] GC(20) Desired survivor size 4456448 bytes, new threshold 6 (max threshold 6)
[2019-06-24T09:54:57.404+0000][1][gc,age       ] GC(20) Age table with threshold 6 (max threshold 6)
[2019-06-24T09:54:57.404+0000][1][gc,age       ] GC(20) - age   1:    1407064 bytes,    1407064 total
[2019-06-24T09:54:57.404+0000][1][gc,age       ] GC(20) - age   2:    2982992 bytes,    4390056 total
[2019-06-24T09:54:57.404+0000][1][gc,heap      ] GC(20) ParNew: 78269K->6034K(78656K)
[2019-06-24T09:54:57.404+0000][1][gc,heap      ] GC(20) CMS: 55378K->59383K(174784K)
[2019-06-24T09:54:57.404+0000][1][gc,metaspace ] GC(20) Metaspace: 53013K->53013K(1097728K)
[2019-06-24T09:54:57.404+0000][1][gc           ] GC(20) Pause Young (Allocation Failure) 130M->63M(247M) 7.531ms
[2019-06-24T09:54:57.404+0000][1][gc,cpu       ] GC(20) User=0.04s Sys=0.00s Real=0.01s
[2019-06-24T09:54:57.404+0000][1][safepoint    ] Leaving safepoint region
[2019-06-24T09:54:57.404+0000][1][safepoint    ] Total time for which application threads were stopped: 0.0076968 seconds, Stopping threads took: 0.0000183 seconds
[2019-06-24T09:54:57.404+0000][1][safepoint    ] Application time: 0.0003616 seconds
[2019-06-24T09:54:57.404+0000][1][safepoint    ] Entering safepoint region: RevokeBias
[2019-06-24T09:54:57.404+0000][1][safepoint    ] Leaving safepoint region
[2019-06-24T09:54:57.404+0000][1][safepoint    ] Total time for which application threads were stopped: 0.0000611 seconds, Stopping threads took: 0.0000244 seconds
[2019-06-24T09:54:57.404+0000][1][safepoint    ] Application time: 0.0001243 seconds
[2019-06-24T09:54:57.404+0000][1][safepoint    ] Entering safepoint region: RevokeBias
[2019-06-24T09:54:57.404+0000][1][safepoint    ] Leaving safepoint region
[2019-06-24T09:54:57.404+0000][1][safepoint    ] Total time for which application threads were stopped: 0.0000584 seconds, Stopping threads took: 0.0000318 seconds
[2019-06-24T09:54:57.442+0000][1][safepoint    ] Application time: 0.0376596 seconds
[2019-06-24T09:54:57.442+0000][1][safepoint    ] Entering safepoint region: RevokeBias
[2019-06-24T09:54:57.442+0000][1][safepoint    ] Leaving safepoint region
[2019-06-24T09:54:57.442+0000][1][safepoint    ] Total time for which application threads were stopped: 0.0000645 seconds, Stopping threads took: 0.0000163 seconds
[2019-06-24T09:54:57.520+0000][1][safepoint    ] Application time: 0.0781656 seconds
[2019-06-24T09:54:57.520+0000][1][safepoint    ] Entering safepoint region: RevokeBias
[2019-06-24T09:54:57.521+0000][1][safepoint    ] Leaving safepoint region
[2019-06-24T09:54:57.521+0000][1][safepoint    ] Total time for which application threads were stopped: 0.0004484 seconds, Stopping threads took: 0.0000147 seconds
[2019-06-24T09:54:57.528+0000][1][safepoint    ] Application time: 0.0074238 seconds
[2019-06-24T09:54:57.528+0000][1][safepoint    ] Entering safepoint region: RevokeBias
[2019-06-24T09:54:57.528+0000][1][safepoint    ] Leaving safepoint region
[2019-06-24T09:54:57.528+0000][1][safepoint    ] Total time for which application threads were stopped: 0.0000488 seconds, Stopping threads took: 0.0000131 seconds
[2019-06-24T09:54:57.685+0000][1][safepoint    ] Application time: 0.1568155 seconds
[2019-06-24T09:54:57.685+0000][1][safepoint    ] Entering safepoint region: Deoptimize
[2019-06-24T09:54:57.686+0000][1][safepoint    ] Leaving safepoint region
[2019-06-24T09:54:57.686+0000][1][safepoint    ] Total time for which application threads were stopped: 0.0006416 seconds, Stopping threads took: 0.0000118 seconds
[2019-06-24T09:54:57.718+0000][1][safepoint    ] Application time: 0.0322686 seconds
[2019-06-24T09:54:57.718+0000][1][safepoint    ] Entering safepoint region: RevokeBias
[2019-06-24T09:54:57.718+0000][1][safepoint    ] Leaving safepoint region
[2019-06-24T09:54:57.718+0000][1][safepoint    ] Total time for which application threads were stopped: 0.0001040 seconds, Stopping threads took: 0.0000330 seconds
[2019-06-24T09:54:57.718+0000][1][safepoint    ] Application time: 0.0000852 seconds
[2019-06-24T09:54:57.718+0000][1][safepoint    ] Entering safepoint region: RevokeBias
[2019-06-24T09:54:57.718+0000][1][safepoint    ] Leaving safepoint region
[2019-06-24T09:54:57.718+0000][1][safepoint    ] Total time for which application threads were stopped: 0.0000421 seconds, Stopping threads took: 0.0000079 seconds
[2019-06-24T09:54:57.719+0000][1][safepoint    ] Application time: 0.0001349 seconds
[2019-06-24T09:54:57.719+0000][1][safepoint    ] Entering safepoint region: RevokeBias
[2019-06-24T09:54:57.719+0000][1][safepoint    ] Leaving safepoint region
[2019-06-24T09:54:57.719+0000][1][safepoint    ] Total time for which application threads were stopped: 0.0000464 seconds, Stopping threads took: 0.0000080 seconds
[2019-06-24T09:54:57.721+0000][1][safepoint    ] Application time: 0.0023425 seconds
[2019-06-24T09:54:57.721+0000][1][safepoint    ] Entering safepoint region: RevokeBias
[2019-06-24T09:54:57.721+0000][1][safepoint    ] Leaving safepoint region
[2019-06-24T09:54:57.721+0000][1][safepoint    ] Total time for which application threads were stopped: 0.0000839 seconds, Stopping threads took: 0.0000155 seconds
[2019-06-24T09:54:57.772+0000][1][safepoint    ] Application time: 0.0512242 seconds
[2019-06-24T09:54:57.772+0000][1][safepoint    ] Entering safepoint region: RevokeBias
[2019-06-24T09:54:57.773+0000][1][safepoint    ] Leaving safepoint region
[2019-06-24T09:54:57.773+0000][1][safepoint    ] Total time for which application threads were stopped: 0.0008896 seconds, Stopping threads took: 0.0000233 seconds
[2019-06-24T09:54:57.814+0000][1][safepoint    ] Application time: 0.0410061 seconds
[2019-06-24T09:54:57.814+0000][1][safepoint    ] Entering safepoint region: RevokeBias
[2019-06-24T09:54:57.815+0000][1][safepoint    ] Leaving safepoint region
[2019-06-24T09:54:57.815+0000][1][safepoint    ] Total time for which application threads were stopped: 0.0002281 seconds, Stopping threads took: 0.0001371 seconds
[2019-06-24T09:54:57.815+0000][1][safepoint    ] Application time: 0.0000590 seconds
[2019-06-24T09:54:57.815+0000][1][safepoint    ] Entering safepoint region: RevokeBias
[2019-06-24T09:54:57.815+0000][1][safepoint    ] Leaving safepoint region
[2019-06-24T09:54:57.815+0000][1][safepoint    ] Total time for which application threads were stopped: 0.0000753 seconds, Stopping threads took: 0.0000447 seconds
[2019-06-24T09:54:57.816+0000][1][safepoint    ] Application time: 0.0008113 seconds
[2019-06-24T09:54:57.816+0000][1][safepoint    ] Entering safepoint region: RevokeBias
[2019-06-24T09:54:57.816+0000][1][safepoint    ] Leaving safepoint region
[2019-06-24T09:54:57.816+0000][1][safepoint    ] Total time for which application threads were stopped: 0.0001269 seconds, Stopping threads took: 0.0000713 seconds
[2019-06-24T09:54:57.816+0000][1][safepoint    ] Application time: 0.0000562 seconds
[2019-06-24T09:54:57.816+0000][1][safepoint    ] Entering safepoint region: RevokeBias
[2019-06-24T09:54:57.816+0000][1][safepoint    ] Leaving safepoint region
[2019-06-24T09:54:57.816+0000][1][safepoint    ] Total time for which application threads were stopped: 0.0000518 seconds, Stopping threads took: 0.0000160 seconds
[2019-06-24T09:54:57.816+0000][1][safepoint    ] Application time: 0.0002161 seconds
[2019-06-24T09:54:57.816+0000][1][safepoint    ] Entering safepoint region: RevokeBias
[2019-06-24T09:54:57.816+0000][1][safepoint    ] Leaving safepoint region
[2019-06-24T09:54:57.816+0000][1][safepoint    ] Total time for which application threads were stopped: 0.0002807 seconds, Stopping threads took: 0.0001521 seconds
[2019-06-24T09:54:57.853+0000][1][safepoint    ] Application time: 0.0362520 seconds
[2019-06-24T09:54:57.853+0000][1][safepoint    ] Entering safepoint region: RevokeBias
[2019-06-24T09:54:57.853+0000][1][safepoint    ] Leaving safepoint region
[2019-06-24T09:54:57.853+0000][1][safepoint    ] Total time for which application threads were stopped: 0.0000676 seconds, Stopping threads took: 0.0000209 seconds
[2019-06-24T09:54:57.872+0000][1][safepoint    ] Application time: 0.0194642 seconds
[2019-06-24T09:54:57.872+0000][1][safepoint    ] Entering safepoint region: RevokeBias
[2019-06-24T09:54:57.872+0000][1][safepoint    ] Leaving safepoint region
[2019-06-24T09:54:57.872+0000][1][safepoint    ] Total time for which application threads were stopped: 0.0000644 seconds, Stopping threads took: 0.0000219 seconds
[2019-06-24T09:54:57.928+0000][1][safepoint    ] Application time: 0.0560205 seconds
[2019-06-24T09:54:57.928+0000][1][safepoint    ] Entering safepoint region: Deoptimize
[2019-06-24T09:54:57.929+0000][1][safepoint    ] Leaving safepoint region
[2019-06-24T09:54:57.929+0000][1][safepoint    ] Total time for which application threads were stopped: 0.0003728 seconds, Stopping threads took: 0.0000234 seconds
[2019-06-24T09:54:57.950+0000][1][safepoint    ] Application time: 0.0209903 seconds
[2019-06-24T09:54:57.950+0000][1][safepoint    ] Entering safepoint region: RevokeBias
[2019-06-24T09:54:57.950+0000][1][safepoint    ] Leaving safepoint region
[2019-06-24T09:54:57.950+0000][1][safepoint    ] Total time for which application threads were stopped: 0.0000742 seconds, Stopping threads took: 0.0000186 seconds
[2019-06-24T09:54:57.982+0000][1][safepoint    ] Application time: 0.0320824 seconds
[2019-06-24T09:54:57.982+0000][1][safepoint    ] Entering safepoint region: RevokeBias
[2019-06-24T09:54:57.982+0000][1][safepoint    ] Leaving safepoint region
[2019-06-24T09:54:57.982+0000][1][safepoint    ] Total time for which application threads were stopped: 0.0000870 seconds, Stopping threads took: 0.0000304 seconds
[2019-06-24T09:54:58.077+0000][1][safepoint    ] Application time: 0.0948933 seconds
[2019-06-24T09:54:58.077+0000][1][safepoint    ] Entering safepoint region: RevokeBias
[2019-06-24T09:54:58.077+0000][1][safepoint    ] Leaving safepoint region
[2019-06-24T09:54:58.077+0000][1][safepoint    ] Total time for which application threads were stopped: 0.0000657 seconds, Stopping threads took: 0.0000135 seconds
[2019-06-24T09:54:58.157+0000][1][safepoint    ] Application time: 0.0798390 seconds
[2019-06-24T09:54:58.157+0000][1][safepoint    ] Entering safepoint region: RevokeBias
[2019-06-24T09:54:58.157+0000][1][safepoint    ] Leaving safepoint region
[2019-06-24T09:54:58.157+0000][1][safepoint    ] Total time for which application threads were stopped: 0.0000700 seconds, Stopping threads took: 0.0000139 seconds
[2019-06-24T09:54:58.157+0000][1][safepoint    ] Application time: 0.0000811 seconds
[2019-06-24T09:54:58.157+0000][1][safepoint    ] Entering safepoint region: BulkRevokeBias
[2019-06-24T09:54:58.157+0000][1][safepoint    ] Leaving safepoint region
[2019-06-24T09:54:58.157+0000][1][safepoint    ] Total time for which application threads were stopped: 0.0000968 seconds, Stopping threads took: 0.0000082 seconds
[2019-06-24T09:54:58.218+0000][1][safepoint    ] Application time: 0.0610504 seconds
[2019-06-24T09:54:58.218+0000][1][safepoint    ] Entering safepoint region: GenCollectForAllocation
[2019-06-24T09:54:58.218+0000][1][gc,start     ] GC(21) Pause Young (Allocation Failure)
[2019-06-24T09:54:58.218+0000][1][gc,task      ] GC(21) Using 5 workers of 8 for evacuation
[2019-06-24T09:54:58.227+0000][1][gc,age       ] GC(21) Desired survivor size 4456448 bytes, new threshold 2 (max threshold 6)
[2019-06-24T09:54:58.227+0000][1][gc,age       ] GC(21) Age table with threshold 2 (max threshold 6)
[2019-06-24T09:54:58.227+0000][1][gc,age       ] GC(21) - age   1:    3749472 bytes,    3749472 total
[2019-06-24T09:54:58.227+0000][1][gc,age       ] GC(21) - age   2:    1314120 bytes,    5063592 total
[2019-06-24T09:54:58.227+0000][1][gc,age       ] GC(21) - age   3:    2968168 bytes,    8031760 total
[2019-06-24T09:54:58.227+0000][1][gc,heap      ] GC(21) ParNew: 75986K->8704K(78656K)
[2019-06-24T09:54:58.227+0000][1][gc,heap      ] GC(21) CMS: 59383K->59383K(174784K)
[2019-06-24T09:54:58.227+0000][1][gc,metaspace ] GC(21) Metaspace: 60826K->60826K(1105920K)
[2019-06-24T09:54:58.227+0000][1][gc           ] GC(21) Pause Young (Allocation Failure) 132M->66M(247M) 8.599ms
[2019-06-24T09:54:58.227+0000][1][gc,cpu       ] GC(21) User=0.07s Sys=0.00s Real=0.01s
[2019-06-24T09:54:58.227+0000][1][safepoint    ] Leaving safepoint region
[2019-06-24T09:54:58.227+0000][1][safepoint    ] Total time for which application threads were stopped: 0.0087108 seconds, Stopping threads took: 0.0000129 seconds
[2019-06-24T09:54:58.270+0000][1][safepoint    ] Application time: 0.0425621 seconds
[2019-06-24T09:54:58.270+0000][1][safepoint    ] Entering safepoint region: RevokeBias
[2019-06-24T09:54:58.270+0000][1][safepoint    ] Leaving safepoint region
[2019-06-24T09:54:58.270+0000][1][safepoint    ] Total time for which application threads were stopped: 0.0000616 seconds, Stopping threads took: 0.0000128 seconds
[2019-06-24T09:54:58.347+0000][1][safepoint    ] Application time: 0.0772871 seconds
[2019-06-24T09:54:58.347+0000][1][safepoint    ] Entering safepoint region: Deoptimize
[2019-06-24T09:54:58.347+0000][1][safepoint    ] Leaving safepoint region
[2019-06-24T09:54:58.347+0000][1][safepoint    ] Total time for which application threads were stopped: 0.0004690 seconds, Stopping threads took: 0.0000144 seconds
[2019-06-24T09:54:58.353+0000][1][safepoint    ] Application time: 0.0057412 seconds
[2019-06-24T09:54:58.353+0000][1][safepoint    ] Entering safepoint region: BulkRevokeBias
[2019-06-24T09:54:58.353+0000][1][safepoint    ] Leaving safepoint region
[2019-06-24T09:54:58.353+0000][1][safepoint    ] Total time for which application threads were stopped: 0.0002173 seconds, Stopping threads took: 0.0001101 seconds
[2019-06-24T09:54:58.354+0000][1][safepoint    ] Application time: 0.0009114 seconds
[2019-06-24T09:54:58.354+0000][1][safepoint    ] Entering safepoint region: RevokeBias
[2019-06-24T09:54:58.354+0000][1][safepoint    ] Leaving safepoint region
[2019-06-24T09:54:58.354+0000][1][safepoint    ] Total time for which application threads were stopped: 0.0000438 seconds, Stopping threads took: 0.0000098 seconds
[2019-06-24T09:54:58.355+0000][1][safepoint    ] Application time: 0.0003284 seconds
[2019-06-24T09:54:58.355+0000][1][safepoint    ] Entering safepoint region: RevokeBias
[2019-06-24T09:54:58.355+0000][1][safepoint    ] Leaving safepoint region
[2019-06-24T09:54:58.355+0000][1][safepoint    ] Total time for which application threads were stopped: 0.0000492 seconds, Stopping threads took: 0.0000089 seconds
[2019-06-24T09:54:58.355+0000][1][safepoint    ] Application time: 0.0000433 seconds
[2019-06-24T09:54:58.355+0000][1][safepoint    ] Entering safepoint region: RevokeBias
[2019-06-24T09:54:58.355+0000][1][safepoint    ] Leaving safepoint region
[2019-06-24T09:54:58.355+0000][1][safepoint    ] Total time for which application threads were stopped: 0.0000398 seconds, Stopping threads took: 0.0000080 seconds
[2019-06-24T09:54:58.355+0000][1][safepoint    ] Application time: 0.0001463 seconds
[2019-06-24T09:54:58.355+0000][1][safepoint    ] Entering safepoint region: RevokeBias
[2019-06-24T09:54:58.355+0000][1][safepoint    ] Leaving safepoint region
[2019-06-24T09:54:58.355+0000][1][safepoint    ] Total time for which application threads were stopped: 0.0000655 seconds, Stopping threads took: 0.0000324 seconds
[2019-06-24T09:54:58.355+0000][1][safepoint    ] Application time: 0.0001536 seconds
[2019-06-24T09:54:58.355+0000][1][safepoint    ] Entering safepoint region: RevokeBias
[2019-06-24T09:54:58.355+0000][1][safepoint    ] Leaving safepoint region
[2019-06-24T09:54:58.355+0000][1][safepoint    ] Total time for which application threads were stopped: 0.0000532 seconds, Stopping threads took: 0.0000239 seconds
[2019-06-24T09:54:58.356+0000][1][safepoint    ] Application time: 0.0001263 seconds
[2019-06-24T09:54:58.356+0000][1][safepoint    ] Entering safepoint region: RevokeBias
[2019-06-24T09:54:58.356+0000][1][safepoint    ] Leaving safepoint region
[2019-06-24T09:54:58.356+0000][1][safepoint    ] Total time for which application threads were stopped: 0.0000401 seconds, Stopping threads took: 0.0000081 seconds
[2019-06-24T09:54:58.356+0000][1][safepoint    ] Application time: 0.0000387 seconds
[2019-06-24T09:54:58.356+0000][1][safepoint    ] Entering safepoint region: RevokeBias
[2019-06-24T09:54:58.356+0000][1][safepoint    ] Leaving safepoint region
[2019-06-24T09:54:58.356+0000][1][safepoint    ] Total time for which application threads were stopped: 0.0000364 seconds, Stopping threads took: 0.0000077 seconds
[2019-06-24T09:54:58.357+0000][1][safepoint    ] Application time: 0.0011032 seconds
[2019-06-24T09:54:58.357+0000][1][safepoint    ] Entering safepoint region: RevokeBias
[2019-06-24T09:54:58.357+0000][1][safepoint    ] Leaving safepoint region
[2019-06-24T09:54:58.357+0000][1][safepoint    ] Total time for which application threads were stopped: 0.0000565 seconds, Stopping threads took: 0.0000099 seconds
[2019-06-24T09:54:58.357+0000][1][safepoint    ] Application time: 0.0000922 seconds
[2019-06-24T09:54:58.357+0000][1][safepoint    ] Entering safepoint region: RevokeBias
[2019-06-24T09:54:58.357+0000][1][safepoint    ] Leaving safepoint region
[2019-06-24T09:54:58.357+0000][1][safepoint    ] Total time for which application threads were stopped: 0.0000443 seconds, Stopping threads took: 0.0000081 seconds
[2019-06-24T09:54:58.359+0000][1][safepoint    ] Application time: 0.0021147 seconds
[2019-06-24T09:54:58.359+0000][1][safepoint    ] Entering safepoint region: Deoptimize
[2019-06-24T09:54:58.360+0000][1][safepoint    ] Leaving safepoint region
[2019-06-24T09:54:58.360+0000][1][safepoint    ] Total time for which application threads were stopped: 0.0004964 seconds, Stopping threads took: 0.0000114 seconds
[2019-06-24T09:54:58.360+0000][1][safepoint    ] Application time: 0.0005829 seconds
[2019-06-24T09:54:58.360+0000][1][safepoint    ] Entering safepoint region: RevokeBias
[2019-06-24T09:54:58.360+0000][1][safepoint    ] Leaving safepoint region
[2019-06-24T09:54:58.360+0000][1][safepoint    ] Total time for which application threads were stopped: 0.0000443 seconds, Stopping threads took: 0.0000085 seconds
[2019-06-24T09:54:58.400+0000][1][safepoint    ] Application time: 0.0396248 seconds
[2019-06-24T09:54:58.400+0000][1][safepoint    ] Entering safepoint region: RevokeBias
[2019-06-24T09:54:58.400+0000][1][safepoint    ] Leaving safepoint region
[2019-06-24T09:54:58.400+0000][1][safepoint    ] Total time for which application threads were stopped: 0.0000889 seconds, Stopping threads took: 0.0000390 seconds
[2019-06-24T09:54:58.400+0000][1][safepoint    ] Application time: 0.0000970 seconds
[2019-06-24T09:54:58.400+0000][1][safepoint    ] Entering safepoint region: RevokeBias
[2019-06-24T09:54:58.400+0000][1][safepoint    ] Leaving safepoint region
[2019-06-24T09:54:58.400+0000][1][safepoint    ] Total time for which application threads were stopped: 0.0000625 seconds, Stopping threads took: 0.0000359 seconds
[2019-06-24T09:54:58.402+0000][1][safepoint    ] Application time: 0.0013674 seconds
[2019-06-24T09:54:58.402+0000][1][safepoint    ] Entering safepoint region: RevokeBias
[2019-06-24T09:54:58.402+0000][1][safepoint    ] Leaving safepoint region
[2019-06-24T09:54:58.402+0000][1][safepoint    ] Total time for which application threads were stopped: 0.0001495 seconds, Stopping threads took: 0.0000789 seconds
[2019-06-24T09:54:58.402+0000][1][safepoint    ] Application time: 0.0003000 seconds
[2019-06-24T09:54:58.402+0000][1][safepoint    ] Entering safepoint region: RevokeBias
[2019-06-24T09:54:58.402+0000][1][safepoint    ] Leaving safepoint region
[2019-06-24T09:54:58.402+0000][1][safepoint    ] Total time for which application threads were stopped: 0.0001762 seconds, Stopping threads took: 0.0001261 seconds
[2019-06-24T09:54:58.402+0000][1][safepoint    ] Application time: 0.0000907 seconds
[2019-06-24T09:54:58.402+0000][1][safepoint    ] Entering safepoint region: RevokeBias
[2019-06-24T09:54:58.402+0000][1][safepoint    ] Leaving safepoint region
[2019-06-24T09:54:58.403+0000][1][safepoint    ] Total time for which application threads were stopped: 0.0000886 seconds, Stopping threads took: 0.0000120 seconds
[2019-06-24T09:54:58.403+0000][1][safepoint    ] Application time: 0.0002720 seconds
[2019-06-24T09:54:58.403+0000][1][safepoint    ] Entering safepoint region: RevokeBias
[2019-06-24T09:54:58.403+0000][1][safepoint    ] Leaving safepoint region
[2019-06-24T09:54:58.403+0000][1][safepoint    ] Total time for which application threads were stopped: 0.0001745 seconds, Stopping threads took: 0.0001297 seconds
[2019-06-24T09:54:58.403+0000][1][safepoint    ] Application time: 0.0001992 seconds
[2019-06-24T09:54:58.404+0000][1][safepoint    ] Entering safepoint region: RevokeBias
[2019-06-24T09:54:58.404+0000][1][safepoint    ] Leaving safepoint region
[2019-06-24T09:54:58.404+0000][1][safepoint    ] Total time for which application threads were stopped: 0.0004122 seconds, Stopping threads took: 0.0003764 seconds
[2019-06-24T09:54:58.404+0000][1][safepoint    ] Application time: 0.0001878 seconds
[2019-06-24T09:54:58.404+0000][1][safepoint    ] Entering safepoint region: RevokeBias
[2019-06-24T09:54:58.404+0000][1][safepoint    ] Leaving safepoint region
[2019-06-24T09:54:58.404+0000][1][safepoint    ] Total time for which application threads were stopped: 0.0001421 seconds, Stopping threads took: 0.0000930 seconds
[2019-06-24T09:54:58.404+0000][1][safepoint    ] Application time: 0.0004012 seconds
[2019-06-24T09:54:58.404+0000][1][safepoint    ] Entering safepoint region: RevokeBias
[2019-06-24T09:54:58.405+0000][1][safepoint    ] Leaving safepoint region
[2019-06-24T09:54:58.405+0000][1][safepoint    ] Total time for which application threads were stopped: 0.0001563 seconds, Stopping threads took: 0.0000911 seconds
[2019-06-24T09:54:58.405+0000][1][safepoint    ] Application time: 0.0001214 seconds
[2019-06-24T09:54:58.405+0000][1][safepoint    ] Entering safepoint region: RevokeBias
[2019-06-24T09:54:58.405+0000][1][safepoint    ] Leaving safepoint region
[2019-06-24T09:54:58.405+0000][1][safepoint    ] Total time for which application threads were stopped: 0.0000708 seconds, Stopping threads took: 0.0000255 seconds
[2019-06-24T09:54:58.405+0000][1][safepoint    ] Application time: 0.0005391 seconds
[2019-06-24T09:54:58.405+0000][1][safepoint    ] Entering safepoint region: RevokeBias
[2019-06-24T09:54:58.406+0000][1][safepoint    ] Leaving safepoint region
[2019-06-24T09:54:58.406+0000][1][safepoint    ] Total time for which application threads were stopped: 0.0001839 seconds, Stopping threads took: 0.0001332 seconds
[2019-06-24T09:54:58.407+0000][1][safepoint    ] Application time: 0.0016824 seconds
[2019-06-24T09:54:58.407+0000][1][safepoint    ] Entering safepoint region: RevokeBias
[2019-06-24T09:54:58.407+0000][1][safepoint    ] Leaving safepoint region
[2019-06-24T09:54:58.407+0000][1][safepoint    ] Total time for which application threads were stopped: 0.0002372 seconds, Stopping threads took: 0.0001855 seconds
[2019-06-24T09:54:58.408+0000][1][safepoint    ] Application time: 0.0001439 seconds
[2019-06-24T09:54:58.408+0000][1][safepoint    ] Entering safepoint region: RevokeBias
[2019-06-24T09:54:58.408+0000][1][safepoint    ] Leaving safepoint region
[2019-06-24T09:54:58.408+0000][1][safepoint    ] Total time for which application threads were stopped: 0.0001819 seconds, Stopping threads took: 0.0001050 seconds
[2019-06-24T09:54:58.408+0000][1][safepoint    ] Application time: 0.0001074 seconds
[2019-06-24T09:54:58.408+0000][1][safepoint    ] Entering safepoint region: RevokeBias
[2019-06-24T09:54:58.408+0000][1][safepoint    ] Leaving safepoint region
[2019-06-24T09:54:58.408+0000][1][safepoint    ] Total time for which application threads were stopped: 0.0000972 seconds, Stopping threads took: 0.0000345 seconds
[2019-06-24T09:54:58.409+0000][1][safepoint    ] Application time: 0.0004383 seconds
[2019-06-24T09:54:58.409+0000][1][safepoint    ] Entering safepoint region: RevokeBias
[2019-06-24T09:54:58.409+0000][1][safepoint    ] Leaving safepoint region
[2019-06-24T09:54:58.409+0000][1][safepoint    ] Total time for which application threads were stopped: 0.0000736 seconds, Stopping threads took: 0.0000388 seconds
[2019-06-24T09:54:58.410+0000][1][safepoint    ] Application time: 0.0011889 seconds
[2019-06-24T09:54:58.410+0000][1][safepoint    ] Entering safepoint region: RevokeBias
[2019-06-24T09:54:58.410+0000][1][safepoint    ] Leaving safepoint region
[2019-06-24T09:54:58.410+0000][1][safepoint    ] Total time for which application threads were stopped: 0.0000891 seconds, Stopping threads took: 0.0000329 seconds
[2019-06-24T09:54:58.410+0000][1][safepoint    ] Application time: 0.0002250 seconds
[2019-06-24T09:54:58.410+0000][1][safepoint    ] Entering safepoint region: RevokeBias
[2019-06-24T09:54:58.410+0000][1][safepoint    ] Leaving safepoint region
[2019-06-24T09:54:58.410+0000][1][safepoint    ] Total time for which application threads were stopped: 0.0001575 seconds, Stopping threads took: 0.0000584 seconds
[2019-06-24T09:54:58.410+0000][1][safepoint    ] Application time: 0.0000722 seconds
[2019-06-24T09:54:58.411+0000][1][safepoint    ] Entering safepoint region: RevokeBias
[2019-06-24T09:54:58.411+0000][1][safepoint    ] Leaving safepoint region
[2019-06-24T09:54:58.411+0000][1][safepoint    ] Total time for which application threads were stopped: 0.0001780 seconds, Stopping threads took: 0.0000984 seconds
[2019-06-24T09:54:58.411+0000][1][safepoint    ] Application time: 0.0001277 seconds
[2019-06-24T09:54:58.411+0000][1][safepoint    ] Entering safepoint region: RevokeBias
[2019-06-24T09:54:58.411+0000][1][safepoint    ] Leaving safepoint region
[2019-06-24T09:54:58.411+0000][1][safepoint    ] Total time for which application threads were stopped: 0.0001686 seconds, Stopping threads took: 0.0001167 seconds
[2019-06-24T09:54:58.411+0000][1][safepoint    ] Application time: 0.0002245 seconds
[2019-06-24T09:54:58.411+0000][1][safepoint    ] Entering safepoint region: RevokeBias
[2019-06-24T09:54:58.411+0000][1][safepoint    ] Leaving safepoint region
[2019-06-24T09:54:58.411+0000][1][safepoint    ] Total time for which application threads were stopped: 0.0001617 seconds, Stopping threads took: 0.0000825 seconds
[2019-06-24T09:54:58.412+0000][1][safepoint    ] Application time: 0.0004570 seconds
[2019-06-24T09:54:58.412+0000][1][safepoint    ] Entering safepoint region: RevokeBias
[2019-06-24T09:54:58.412+0000][1][safepoint    ] Leaving safepoint region
[2019-06-24T09:54:58.412+0000][1][safepoint    ] Total time for which application threads were stopped: 0.0001032 seconds, Stopping threads took: 0.0000468 seconds
[2019-06-24T09:54:58.412+0000][1][safepoint    ] Application time: 0.0000765 seconds
[2019-06-24T09:54:58.412+0000][1][safepoint    ] Entering safepoint region: RevokeBias
[2019-06-24T09:54:58.412+0000][1][safepoint    ] Leaving safepoint region
[2019-06-24T09:54:58.412+0000][1][safepoint    ] Total time for which application threads were stopped: 0.0001100 seconds, Stopping threads took: 0.0000355 seconds
[2019-06-24T09:54:58.414+0000][1][safepoint    ] Application time: 0.0019014 seconds
[2019-06-24T09:54:58.414+0000][1][safepoint    ] Entering safepoint region: RevokeBias
[2019-06-24T09:54:58.414+0000][1][safepoint    ] Leaving safepoint region
[2019-06-24T09:54:58.414+0000][1][safepoint    ] Total time for which application threads were stopped: 0.0002154 seconds, Stopping threads took: 0.0001624 seconds
[2019-06-24T09:54:58.416+0000][1][safepoint    ] Application time: 0.0017024 seconds
[2019-06-24T09:54:58.416+0000][1][safepoint    ] Entering safepoint region: RevokeBias
[2019-06-24T09:54:58.416+0000][1][safepoint    ] Leaving safepoint region
[2019-06-24T09:54:58.416+0000][1][safepoint    ] Total time for which application threads were stopped: 0.0001367 seconds, Stopping threads took: 0.0000472 seconds
[2019-06-24T09:54:58.416+0000][1][safepoint    ] Application time: 0.0002226 seconds
[2019-06-24T09:54:58.416+0000][1][safepoint    ] Entering safepoint region: RevokeBias
[2019-06-24T09:54:58.417+0000][1][safepoint    ] Leaving safepoint region
[2019-06-24T09:54:58.417+0000][1][safepoint    ] Total time for which application threads were stopped: 0.0001589 seconds, Stopping threads took: 0.0000814 seconds
[2019-06-24T09:54:58.417+0000][1][safepoint    ] Application time: 0.0001868 seconds
[2019-06-24T09:54:58.417+0000][1][safepoint    ] Entering safepoint region: RevokeBias
[2019-06-24T09:54:58.417+0000][1][safepoint    ] Leaving safepoint region
[2019-06-24T09:54:58.417+0000][1][safepoint    ] Total time for which application threads were stopped: 0.0000740 seconds, Stopping threads took: 0.0000269 seconds
[2019-06-24T09:54:58.417+0000][1][safepoint    ] Application time: 0.0002631 seconds
[2019-06-24T09:54:58.417+0000][1][safepoint    ] Entering safepoint region: RevokeBias
[2019-06-24T09:54:58.417+0000][1][safepoint    ] Leaving safepoint region
[2019-06-24T09:54:58.417+0000][1][safepoint    ] Total time for which application threads were stopped: 0.0000698 seconds, Stopping threads took: 0.0000270 seconds
[2019-06-24T09:54:58.417+0000][1][safepoint    ] Application time: 0.0000584 seconds
[2019-06-24T09:54:58.417+0000][1][safepoint    ] Entering safepoint region: RevokeBias
[2019-06-24T09:54:58.417+0000][1][safepoint    ] Leaving safepoint region
[2019-06-24T09:54:58.417+0000][1][safepoint    ] Total time for which application threads were stopped: 0.0002253 seconds, Stopping threads took: 0.0001866 seconds
[2019-06-24T09:54:58.418+0000][1][safepoint    ] Application time: 0.0000428 seconds
[2019-06-24T09:54:58.418+0000][1][safepoint    ] Entering safepoint region: RevokeBias
[2019-06-24T09:54:58.418+0000][1][safepoint    ] Leaving safepoint region
[2019-06-24T09:54:58.418+0000][1][safepoint    ] Total time for which application threads were stopped: 0.0003464 seconds, Stopping threads took: 0.0003086 seconds
[2019-06-24T09:54:58.418+0000][1][safepoint    ] Application time: 0.0002386 seconds
[2019-06-24T09:54:58.418+0000][1][safepoint    ] Entering safepoint region: RevokeBias
[2019-06-24T09:54:58.418+0000][1][safepoint    ] Leaving safepoint region
[2019-06-24T09:54:58.418+0000][1][safepoint    ] Total time for which application threads were stopped: 0.0000868 seconds, Stopping threads took: 0.0000485 seconds
[2019-06-24T09:54:58.422+0000][1][safepoint    ] Application time: 0.0038662 seconds
[2019-06-24T09:54:58.422+0000][1][safepoint    ] Entering safepoint region: RevokeBias
[2019-06-24T09:54:58.423+0000][1][safepoint    ] Leaving safepoint region
[2019-06-24T09:54:58.423+0000][1][safepoint    ] Total time for which application threads were stopped: 0.0004602 seconds, Stopping threads took: 0.0000723 seconds
[2019-06-24T09:54:58.423+0000][1][safepoint    ] Application time: 0.0001041 seconds
[2019-06-24T09:54:58.423+0000][1][safepoint    ] Entering safepoint region: RevokeBias
[2019-06-24T09:54:58.423+0000][1][safepoint    ] Leaving safepoint region
[2019-06-24T09:54:58.423+0000][1][safepoint    ] Total time for which application threads were stopped: 0.0001212 seconds, Stopping threads took: 0.0000590 seconds
[2019-06-24T09:54:58.423+0000][1][safepoint    ] Application time: 0.0005567 seconds
[2019-06-24T09:54:58.424+0000][1][safepoint    ] Entering safepoint region: RevokeBias
[2019-06-24T09:54:58.424+0000][1][safepoint    ] Leaving safepoint region
[2019-06-24T09:54:58.424+0000][1][safepoint    ] Total time for which application threads were stopped: 0.0001735 seconds, Stopping threads took: 0.0000924 seconds
[2019-06-24T09:54:58.424+0000][1][safepoint    ] Application time: 0.0007140 seconds
[2019-06-24T09:54:58.425+0000][1][safepoint    ] Entering safepoint region: RevokeBias
[2019-06-24T09:54:58.425+0000][1][safepoint    ] Leaving safepoint region
[2019-06-24T09:54:58.425+0000][1][safepoint    ] Total time for which application threads were stopped: 0.0002839 seconds, Stopping threads took: 0.0002077 seconds
[2019-06-24T09:54:58.425+0000][1][safepoint    ] Application time: 0.0000586 seconds
[2019-06-24T09:54:58.425+0000][1][safepoint    ] Entering safepoint region: RevokeBias
[2019-06-24T09:54:58.425+0000][1][safepoint    ] Leaving safepoint region
[2019-06-24T09:54:58.425+0000][1][safepoint    ] Total time for which application threads were stopped: 0.0002039 seconds, Stopping threads took: 0.0001397 seconds
[2019-06-24T09:54:58.425+0000][1][safepoint    ] Application time: 0.0000526 seconds
[2019-06-24T09:54:58.425+0000][1][safepoint    ] Entering safepoint region: RevokeBias
[2019-06-24T09:54:58.425+0000][1][safepoint    ] Leaving safepoint region
[2019-06-24T09:54:58.425+0000][1][safepoint    ] Total time for which application threads were stopped: 0.0001133 seconds, Stopping threads took: 0.0000540 seconds
[2019-06-24T09:54:58.429+0000][1][safepoint    ] Application time: 0.0034673 seconds
[2019-06-24T09:54:58.429+0000][1][safepoint    ] Entering safepoint region: RevokeBias
[2019-06-24T09:54:58.429+0000][1][safepoint    ] Leaving safepoint region
[2019-06-24T09:54:58.429+0000][1][safepoint    ] Total time for which application threads were stopped: 0.0000942 seconds, Stopping threads took: 0.0000322 seconds
[2019-06-24T09:54:58.429+0000][1][safepoint    ] Application time: 0.0000820 seconds
[2019-06-24T09:54:58.429+0000][1][safepoint    ] Entering safepoint region: RevokeBias
[2019-06-24T09:54:58.429+0000][1][safepoint    ] Leaving safepoint region
[2019-06-24T09:54:58.429+0000][1][safepoint    ] Total time for which application threads were stopped: 0.0000775 seconds, Stopping threads took: 0.0000292 seconds
[2019-06-24T09:54:58.432+0000][1][safepoint    ] Application time: 0.0027276 seconds
[2019-06-24T09:54:58.432+0000][1][safepoint    ] Entering safepoint region: RevokeBias
[2019-06-24T09:54:58.432+0000][1][safepoint    ] Leaving safepoint region
[2019-06-24T09:54:58.432+0000][1][safepoint    ] Total time for which application threads were stopped: 0.0001967 seconds, Stopping threads took: 0.0000987 seconds
[2019-06-24T09:54:58.432+0000][1][safepoint    ] Application time: 0.0002401 seconds
[2019-06-24T09:54:58.435+0000][1][safepoint    ] Entering safepoint region: RevokeBias
[2019-06-24T09:54:58.435+0000][1][safepoint    ] Leaving safepoint region
[2019-06-24T09:54:58.435+0000][1][safepoint    ] Total time for which application threads were stopped: 0.0024344 seconds, Stopping threads took: 0.0023729 seconds
[2019-06-24T09:54:58.435+0000][1][safepoint    ] Application time: 0.0002376 seconds
[2019-06-24T09:54:58.435+0000][1][safepoint    ] Entering safepoint region: RevokeBias
[2019-06-24T09:54:58.435+0000][1][safepoint    ] Leaving safepoint region
[2019-06-24T09:54:58.435+0000][1][safepoint    ] Total time for which application threads were stopped: 0.0000953 seconds, Stopping threads took: 0.0000265 seconds
[2019-06-24T09:54:58.435+0000][1][safepoint    ] Application time: 0.0001040 seconds
[2019-06-24T09:54:58.435+0000][1][safepoint    ] Entering safepoint region: RevokeBias
[2019-06-24T09:54:58.435+0000][1][safepoint    ] Leaving safepoint region
[2019-06-24T09:54:58.435+0000][1][safepoint    ] Total time for which application threads were stopped: 0.0001116 seconds, Stopping threads took: 0.0000667 seconds
[2019-06-24T09:54:58.439+0000][1][safepoint    ] Application time: 0.0035982 seconds
[2019-06-24T09:54:58.439+0000][1][safepoint    ] Entering safepoint region: RevokeBias
[2019-06-24T09:54:58.439+0000][1][safepoint    ] Leaving safepoint region
[2019-06-24T09:54:58.439+0000][1][safepoint    ] Total time for which application threads were stopped: 0.0001013 seconds, Stopping threads took: 0.0000431 seconds
[2019-06-24T09:54:58.439+0000][1][safepoint    ] Application time: 0.0001234 seconds
[2019-06-24T09:54:58.439+0000][1][safepoint    ] Entering safepoint region: RevokeBias
[2019-06-24T09:54:58.439+0000][1][safepoint    ] Leaving safepoint region
[2019-06-24T09:54:58.439+0000][1][safepoint    ] Total time for which application threads were stopped: 0.0001237 seconds, Stopping threads took: 0.0000608 seconds
[2019-06-24T09:54:58.439+0000][1][safepoint    ] Application time: 0.0001296 seconds
[2019-06-24T09:54:58.440+0000][1][safepoint    ] Entering safepoint region: RevokeBias
[2019-06-24T09:54:58.440+0000][1][safepoint    ] Leaving safepoint region
[2019-06-24T09:54:58.440+0000][1][safepoint    ] Total time for which application threads were stopped: 0.0001699 seconds, Stopping threads took: 0.0001179 seconds
[2019-06-24T09:54:58.440+0000][1][safepoint    ] Application time: 0.0001220 seconds
[2019-06-24T09:54:58.440+0000][1][safepoint    ] Entering safepoint region: RevokeBias
[2019-06-24T09:54:58.440+0000][1][safepoint    ] Leaving safepoint region
[2019-06-24T09:54:58.440+0000][1][safepoint    ] Total time for which application threads were stopped: 0.0001495 seconds, Stopping threads took: 0.0001065 seconds
[2019-06-24T09:54:58.442+0000][1][safepoint    ] Application time: 0.0022973 seconds
[2019-06-24T09:54:58.442+0000][1][safepoint    ] Entering safepoint region: RevokeBias
[2019-06-24T09:54:58.442+0000][1][safepoint    ] Leaving safepoint region
[2019-06-24T09:54:58.442+0000][1][safepoint    ] Total time for which application threads were stopped: 0.0001161 seconds, Stopping threads took: 0.0000472 seconds
[2019-06-24T09:54:58.444+0000][1][safepoint    ] Application time: 0.0015044 seconds
[2019-06-24T09:54:58.444+0000][1][safepoint    ] Entering safepoint region: RevokeBias
[2019-06-24T09:54:58.444+0000][1][safepoint    ] Leaving safepoint region
[2019-06-24T09:54:58.444+0000][1][safepoint    ] Total time for which application threads were stopped: 0.0001086 seconds, Stopping threads took: 0.0000432 seconds
[2019-06-24T09:54:58.444+0000][1][safepoint    ] Application time: 0.0000698 seconds
[2019-06-24T09:54:58.444+0000][1][safepoint    ] Entering safepoint region: RevokeBias
[2019-06-24T09:54:58.444+0000][1][safepoint    ] Leaving safepoint region
[2019-06-24T09:54:58.444+0000][1][safepoint    ] Total time for which application threads were stopped: 0.0001095 seconds, Stopping threads took: 0.0000717 seconds
[2019-06-24T09:54:58.445+0000][1][safepoint    ] Application time: 0.0008999 seconds
[2019-06-24T09:54:58.445+0000][1][safepoint    ] Entering safepoint region: RevokeBias
[2019-06-24T09:54:58.445+0000][1][safepoint    ] Leaving safepoint region
[2019-06-24T09:54:58.445+0000][1][safepoint    ] Total time for which application threads were stopped: 0.0001212 seconds, Stopping threads took: 0.0000453 seconds
[2019-06-24T09:54:58.445+0000][1][safepoint    ] Application time: 0.0001929 seconds
[2019-06-24T09:54:58.446+0000][1][safepoint    ] Entering safepoint region: RevokeBias
[2019-06-24T09:54:58.446+0000][1][safepoint    ] Leaving safepoint region
[2019-06-24T09:54:58.446+0000][1][safepoint    ] Total time for which application threads were stopped: 0.0001145 seconds, Stopping threads took: 0.0000461 seconds
[2019-06-24T09:54:58.446+0000][1][safepoint    ] Application time: 0.0001021 seconds
[2019-06-24T09:54:58.446+0000][1][safepoint    ] Entering safepoint region: RevokeBias
[2019-06-24T09:54:58.446+0000][1][safepoint    ] Leaving safepoint region
[2019-06-24T09:54:58.446+0000][1][safepoint    ] Total time for which application threads were stopped: 0.0001938 seconds, Stopping threads took: 0.0001272 seconds
[2019-06-24T09:54:58.446+0000][1][safepoint    ] Application time: 0.0002266 seconds
[2019-06-24T09:54:58.448+0000][1][safepoint    ] Entering safepoint region: RevokeBias
[2019-06-24T09:54:58.448+0000][1][safepoint    ] Leaving safepoint region
[2019-06-24T09:54:58.448+0000][1][safepoint    ] Total time for which application threads were stopped: 0.0015870 seconds, Stopping threads took: 0.0015112 seconds
[2019-06-24T09:54:58.463+0000][1][safepoint    ] Application time: 0.0151256 seconds
[2019-06-24T09:54:58.463+0000][1][safepoint    ] Entering safepoint region: RevokeBias
[2019-06-24T09:54:58.463+0000][1][safepoint    ] Leaving safepoint region
[2019-06-24T09:54:58.463+0000][1][safepoint    ] Total time for which application threads were stopped: 0.0001412 seconds, Stopping threads took: 0.0000139 seconds
[2019-06-24T09:54:58.463+0000][1][safepoint    ] Application time: 0.0000930 seconds
[2019-06-24T09:54:58.463+0000][1][safepoint    ] Entering safepoint region: RevokeBias
[2019-06-24T09:54:58.463+0000][1][safepoint    ] Leaving safepoint region
[2019-06-24T09:54:58.463+0000][1][safepoint    ] Total time for which application threads were stopped: 0.0000480 seconds, Stopping threads took: 0.0000109 seconds
[2019-06-24T09:54:58.476+0000][1][safepoint    ] Application time: 0.0129446 seconds
[2019-06-24T09:54:58.476+0000][1][safepoint    ] Entering safepoint region: RevokeBias
[2019-06-24T09:54:58.477+0000][1][safepoint    ] Leaving safepoint region
[2019-06-24T09:54:58.477+0000][1][safepoint    ] Total time for which application threads were stopped: 0.0002937 seconds, Stopping threads took: 0.0001666 seconds
[2019-06-24T09:54:58.477+0000][1][safepoint    ] Application time: 0.0001546 seconds
[2019-06-24T09:54:58.477+0000][1][safepoint    ] Entering safepoint region: RevokeBias
[2019-06-24T09:54:58.477+0000][1][safepoint    ] Leaving safepoint region
[2019-06-24T09:54:58.477+0000][1][safepoint    ] Total time for which application threads were stopped: 0.0000820 seconds, Stopping threads took: 0.0000318 seconds
[2019-06-24T09:54:58.484+0000][1][safepoint    ] Application time: 0.0069204 seconds
[2019-06-24T09:54:58.484+0000][1][safepoint    ] Entering safepoint region: RevokeBias
[2019-06-24T09:54:58.484+0000][1][safepoint    ] Leaving safepoint region
[2019-06-24T09:54:58.484+0000][1][safepoint    ] Total time for which application threads were stopped: 0.0000817 seconds, Stopping threads took: 0.0000156 seconds
[2019-06-24T09:54:58.486+0000][1][safepoint    ] Application time: 0.0022596 seconds
[2019-06-24T09:54:58.486+0000][1][safepoint    ] Entering safepoint region: RevokeBias
[2019-06-24T09:54:58.486+0000][1][safepoint    ] Leaving safepoint region
[2019-06-24T09:54:58.486+0000][1][safepoint    ] Total time for which application threads were stopped: 0.0000895 seconds, Stopping threads took: 0.0000289 seconds
[2019-06-24T09:54:58.494+0000][1][safepoint    ] Application time: 0.0076852 seconds
[2019-06-24T09:54:58.494+0000][1][safepoint    ] Entering safepoint region: RevokeBias
[2019-06-24T09:54:58.494+0000][1][safepoint    ] Leaving safepoint region
[2019-06-24T09:54:58.494+0000][1][safepoint    ] Total time for which application threads were stopped: 0.0000877 seconds, Stopping threads took: 0.0000216 seconds
[2019-06-24T09:54:58.504+0000][1][safepoint    ] Application time: 0.0102021 seconds
[2019-06-24T09:54:58.504+0000][1][safepoint    ] Entering safepoint region: RevokeBias
[2019-06-24T09:54:58.504+0000][1][safepoint    ] Leaving safepoint region
[2019-06-24T09:54:58.504+0000][1][safepoint    ] Total time for which application threads were stopped: 0.0000938 seconds, Stopping threads took: 0.0000221 seconds
[2019-06-24T09:54:58.504+0000][1][safepoint    ] Application time: 0.0000553 seconds
[2019-06-24T09:54:58.504+0000][1][safepoint    ] Entering safepoint region: RevokeBias
[2019-06-24T09:54:58.505+0000][1][safepoint    ] Leaving safepoint region
[2019-06-24T09:54:58.505+0000][1][safepoint    ] Total time for which application threads were stopped: 0.0000659 seconds, Stopping threads took: 0.0000141 seconds
[2019-06-24T09:54:58.505+0000][1][safepoint    ] Application time: 0.0000451 seconds
[2019-06-24T09:54:58.505+0000][1][safepoint    ] Entering safepoint region: RevokeBias
[2019-06-24T09:54:58.505+0000][1][safepoint    ] Leaving safepoint region
[2019-06-24T09:54:58.505+0000][1][safepoint    ] Total time for which application threads were stopped: 0.0000619 seconds, Stopping threads took: 0.0000133 seconds
[2019-06-24T09:54:58.505+0000][1][safepoint    ] Application time: 0.0000426 seconds
[2019-06-24T09:54:58.505+0000][1][safepoint    ] Entering safepoint region: RevokeBias
[2019-06-24T09:54:58.505+0000][1][safepoint    ] Leaving safepoint region
[2019-06-24T09:54:58.505+0000][1][safepoint    ] Total time for which application threads were stopped: 0.0000623 seconds, Stopping threads took: 0.0000139 seconds
[2019-06-24T09:54:58.505+0000][1][safepoint    ] Application time: 0.0000424 seconds
[2019-06-24T09:54:58.505+0000][1][safepoint    ] Entering safepoint region: RevokeBias
[2019-06-24T09:54:58.505+0000][1][safepoint    ] Leaving safepoint region
[2019-06-24T09:54:58.505+0000][1][safepoint    ] Total time for which application threads were stopped: 0.0000621 seconds, Stopping threads took: 0.0000134 seconds
[2019-06-24T09:54:58.505+0000][1][safepoint    ] Application time: 0.0000434 seconds
[2019-06-24T09:54:58.505+0000][1][safepoint    ] Entering safepoint region: RevokeBias
[2019-06-24T09:54:58.505+0000][1][safepoint    ] Leaving safepoint region
[2019-06-24T09:54:58.505+0000][1][safepoint    ] Total time for which application threads were stopped: 0.0000632 seconds, Stopping threads took: 0.0000136 seconds
[2019-06-24T09:54:58.505+0000][1][safepoint    ] Application time: 0.0000441 seconds
[2019-06-24T09:54:58.505+0000][1][safepoint    ] Entering safepoint region: RevokeBias
[2019-06-24T09:54:58.505+0000][1][safepoint    ] Leaving safepoint region
[2019-06-24T09:54:58.505+0000][1][safepoint    ] Total time for which application threads were stopped: 0.0000632 seconds, Stopping threads took: 0.0000137 seconds
[2019-06-24T09:54:58.505+0000][1][safepoint    ] Application time: 0.0000405 seconds
[2019-06-24T09:54:58.505+0000][1][safepoint    ] Entering safepoint region: RevokeBias
[2019-06-24T09:54:58.505+0000][1][safepoint    ] Leaving safepoint region
[2019-06-24T09:54:58.505+0000][1][safepoint    ] Total time for which application threads were stopped: 0.0000625 seconds, Stopping threads took: 0.0000123 seconds
[2019-06-24T09:54:58.534+0000][1][safepoint    ] Application time: 0.0286585 seconds
[2019-06-24T09:54:58.534+0000][1][safepoint    ] Entering safepoint region: RevokeBias
[2019-06-24T09:54:58.534+0000][1][safepoint    ] Leaving safepoint region
[2019-06-24T09:54:58.534+0000][1][safepoint    ] Total time for which application threads were stopped: 0.0001085 seconds, Stopping threads took: 0.0000323 seconds
[2019-06-24T09:54:58.635+0000][1][safepoint    ] Application time: 0.1008246 seconds
[2019-06-24T09:54:58.635+0000][1][safepoint    ] Entering safepoint region: RevokeBias
[2019-06-24T09:54:58.635+0000][1][safepoint    ] Leaving safepoint region
[2019-06-24T09:54:58.635+0000][1][safepoint    ] Total time for which application threads were stopped: 0.0001982 seconds, Stopping threads took: 0.0000337 seconds
[2019-06-24T09:54:58.635+0000][1][safepoint    ] Application time: 0.0000681 seconds
[2019-06-24T09:54:58.635+0000][1][safepoint    ] Entering safepoint region: RevokeBias
[2019-06-24T09:54:58.635+0000][1][safepoint    ] Leaving safepoint region
[2019-06-24T09:54:58.635+0000][1][safepoint    ] Total time for which application threads were stopped: 0.0000927 seconds, Stopping threads took: 0.0000167 seconds
[2019-06-24T09:54:58.636+0000][1][safepoint    ] Application time: 0.0000678 seconds
[2019-06-24T09:54:58.636+0000][1][safepoint    ] Entering safepoint region: RevokeBias
[2019-06-24T09:54:58.636+0000][1][safepoint    ] Leaving safepoint region
[2019-06-24T09:54:58.636+0000][1][safepoint    ] Total time for which application threads were stopped: 0.0000750 seconds, Stopping threads took: 0.0000140 seconds
[2019-06-24T09:54:58.637+0000][1][safepoint    ] Application time: 0.0011086 seconds
[2019-06-24T09:54:58.637+0000][1][safepoint    ] Entering safepoint region: RevokeBias
[2019-06-24T09:54:58.637+0000][1][safepoint    ] Leaving safepoint region
[2019-06-24T09:54:58.637+0000][1][safepoint    ] Total time for which application threads were stopped: 0.0001196 seconds, Stopping threads took: 0.0000270 seconds
[2019-06-24T09:54:58.637+0000][1][safepoint    ] Application time: 0.0001924 seconds
[2019-06-24T09:54:58.637+0000][1][safepoint    ] Entering safepoint region: RevokeBias
[2019-06-24T09:54:58.637+0000][1][safepoint    ] Leaving safepoint region
[2019-06-24T09:54:58.637+0000][1][safepoint    ] Total time for which application threads were stopped: 0.0000965 seconds, Stopping threads took: 0.0000173 seconds
[2019-06-24T09:54:58.637+0000][1][safepoint    ] Application time: 0.0000521 seconds
[2019-06-24T09:54:58.637+0000][1][safepoint    ] Entering safepoint region: RevokeBias
[2019-06-24T09:54:58.637+0000][1][safepoint    ] Leaving safepoint region
[2019-06-24T09:54:58.637+0000][1][safepoint    ] Total time for which application threads were stopped: 0.0000774 seconds, Stopping threads took: 0.0000145 seconds
[2019-06-24T09:54:58.648+0000][1][safepoint    ] Application time: 0.0110190 seconds
[2019-06-24T09:54:58.650+0000][1][safepoint    ] Entering safepoint region: RevokeBias
[2019-06-24T09:54:58.650+0000][1][safepoint    ] Leaving safepoint region
[2019-06-24T09:54:58.650+0000][1][safepoint    ] Total time for which application threads were stopped: 0.0012855 seconds, Stopping threads took: 0.0010828 seconds
[2019-06-24T09:54:58.650+0000][1][safepoint    ] Application time: 0.0005992 seconds
[2019-06-24T09:54:58.651+0000][1][safepoint    ] Entering safepoint region: RevokeBias
[2019-06-24T09:54:58.651+0000][1][safepoint    ] Leaving safepoint region
[2019-06-24T09:54:58.651+0000][1][safepoint    ] Total time for which application threads were stopped: 0.0003980 seconds, Stopping threads took: 0.0003036 seconds
[2019-06-24T09:54:58.652+0000][1][safepoint    ] Application time: 0.0010558 seconds
[2019-06-24T09:54:58.652+0000][1][safepoint    ] Entering safepoint region: RevokeBias
[2019-06-24T09:54:58.653+0000][1][safepoint    ] Leaving safepoint region
[2019-06-24T09:54:58.653+0000][1][safepoint    ] Total time for which application threads were stopped: 0.0005918 seconds, Stopping threads took: 0.0004374 seconds
[2019-06-24T09:54:58.654+0000][1][safepoint    ] Application time: 0.0013666 seconds
[2019-06-24T09:54:58.679+0000][1][safepoint    ] Entering safepoint region: RevokeBias
[2019-06-24T09:54:58.679+0000][1][safepoint    ] Leaving safepoint region
[2019-06-24T09:54:58.679+0000][1][safepoint    ] Total time for which application threads were stopped: 0.0248320 seconds, Stopping threads took: 0.0247186 seconds
[2019-06-24T09:54:58.679+0000][1][safepoint    ] Application time: 0.0006107 seconds
[2019-06-24T09:54:58.680+0000][1][safepoint    ] Entering safepoint region: RevokeBias
[2019-06-24T09:54:58.680+0000][1][safepoint    ] Leaving safepoint region
[2019-06-24T09:54:58.680+0000][1][safepoint    ] Total time for which application threads were stopped: 0.0002446 seconds, Stopping threads took: 0.0000997 seconds
[2019-06-24T09:54:58.680+0000][1][safepoint    ] Application time: 0.0000933 seconds
[2019-06-24T09:54:58.680+0000][1][safepoint    ] Entering safepoint region: RevokeBias
[2019-06-24T09:54:58.680+0000][1][safepoint    ] Leaving safepoint region
[2019-06-24T09:54:58.680+0000][1][safepoint    ] Total time for which application threads were stopped: 0.0002397 seconds, Stopping threads took: 0.0001057 seconds
[2019-06-24T09:54:58.680+0000][1][safepoint    ] Application time: 0.0000970 seconds
[2019-06-24T09:54:58.680+0000][1][safepoint    ] Entering safepoint region: RevokeBias
[2019-06-24T09:54:58.680+0000][1][safepoint    ] Leaving safepoint region
[2019-06-24T09:54:58.680+0000][1][safepoint    ] Total time for which application threads were stopped: 0.0001328 seconds, Stopping threads took: 0.0000355 seconds
[2019-06-24T09:54:58.681+0000][1][safepoint    ] Application time: 0.0002859 seconds
[2019-06-24T09:54:58.681+0000][1][safepoint    ] Entering safepoint region: RevokeBias
[2019-06-24T09:54:58.681+0000][1][safepoint    ] Leaving safepoint region
[2019-06-24T09:54:58.681+0000][1][safepoint    ] Total time for which application threads were stopped: 0.0001780 seconds, Stopping threads took: 0.0000734 seconds
[2019-06-24T09:54:58.684+0000][1][safepoint    ] Application time: 0.0031488 seconds
[2019-06-24T09:54:58.684+0000][1][safepoint    ] Entering safepoint region: RevokeBias
[2019-06-24T09:54:58.684+0000][1][safepoint    ] Leaving safepoint region
[2019-06-24T09:54:58.684+0000][1][safepoint    ] Total time for which application threads were stopped: 0.0002493 seconds, Stopping threads took: 0.0001628 seconds
[2019-06-24T09:54:58.688+0000][1][safepoint    ] Application time: 0.0038155 seconds
[2019-06-24T09:54:58.688+0000][1][safepoint    ] Entering safepoint region: RevokeBias
[2019-06-24T09:54:58.688+0000][1][safepoint    ] Leaving safepoint region
[2019-06-24T09:54:58.688+0000][1][safepoint    ] Total time for which application threads were stopped: 0.0001145 seconds, Stopping threads took: 0.0000234 seconds
[2019-06-24T09:54:58.689+0000][1][safepoint    ] Application time: 0.0003273 seconds
[2019-06-24T09:54:58.689+0000][1][safepoint    ] Entering safepoint region: RevokeBias
[2019-06-24T09:54:58.689+0000][1][safepoint    ] Leaving safepoint region
[2019-06-24T09:54:58.689+0000][1][safepoint    ] Total time for which application threads were stopped: 0.0001005 seconds, Stopping threads took: 0.0000170 seconds
[2019-06-24T09:54:58.818+0000][1][safepoint    ] Application time: 0.1288399 seconds
[2019-06-24T09:54:58.818+0000][1][safepoint    ] Entering safepoint region: RevokeBias
[2019-06-24T09:54:58.818+0000][1][safepoint    ] Leaving safepoint region
[2019-06-24T09:54:58.818+0000][1][safepoint    ] Total time for which application threads were stopped: 0.0001054 seconds, Stopping threads took: 0.0000292 seconds
[2019-06-24T09:54:59.261+0000][1][safepoint    ] Application time: 0.4433145 seconds
[2019-06-24T09:54:59.261+0000][1][safepoint    ] Entering safepoint region: RevokeBias
[2019-06-24T09:54:59.261+0000][1][safepoint    ] Leaving safepoint region
[2019-06-24T09:54:59.261+0000][1][safepoint    ] Total time for which application threads were stopped: 0.0001669 seconds, Stopping threads took: 0.0000458 seconds
[2019-06-24T09:54:59.262+0000][1][safepoint    ] Application time: 0.0002720 seconds
[2019-06-24T09:54:59.262+0000][1][safepoint    ] Entering safepoint region: RevokeBias
[2019-06-24T09:54:59.262+0000][1][safepoint    ] Leaving safepoint region
[2019-06-24T09:54:59.262+0000][1][safepoint    ] Total time for which application threads were stopped: 0.0001537 seconds, Stopping threads took: 0.0000644 seconds
[2019-06-24T09:54:59.262+0000][1][safepoint    ] Application time: 0.0002609 seconds
[2019-06-24T09:54:59.262+0000][1][safepoint    ] Entering safepoint region: RevokeBias
[2019-06-24T09:54:59.262+0000][1][safepoint    ] Leaving safepoint region
[2019-06-24T09:54:59.262+0000][1][safepoint    ] Total time for which application threads were stopped: 0.0001219 seconds, Stopping threads took: 0.0000356 seconds
[2019-06-24T09:54:59.263+0000][1][safepoint    ] Application time: 0.0002995 seconds
[2019-06-24T09:54:59.263+0000][1][safepoint    ] Entering safepoint region: RevokeBias
[2019-06-24T09:54:59.263+0000][1][safepoint    ] Leaving safepoint region
[2019-06-24T09:54:59.263+0000][1][safepoint    ] Total time for which application threads were stopped: 0.0001212 seconds, Stopping threads took: 0.0000359 seconds
[2019-06-24T09:54:59.263+0000][1][safepoint    ] Application time: 0.0002565 seconds
[2019-06-24T09:54:59.263+0000][1][safepoint    ] Entering safepoint region: RevokeBias
[2019-06-24T09:54:59.263+0000][1][safepoint    ] Leaving safepoint region
[2019-06-24T09:54:59.263+0000][1][safepoint    ] Total time for which application threads were stopped: 0.0001207 seconds, Stopping threads took: 0.0000357 seconds
[2019-06-24T09:54:59.264+0000][1][safepoint    ] Application time: 0.0002620 seconds
[2019-06-24T09:54:59.264+0000][1][safepoint    ] Entering safepoint region: RevokeBias
[2019-06-24T09:54:59.264+0000][1][safepoint    ] Leaving safepoint region
[2019-06-24T09:54:59.264+0000][1][safepoint    ] Total time for which application threads were stopped: 0.0001223 seconds, Stopping threads took: 0.0000362 seconds
[2019-06-24T09:54:59.264+0000][1][safepoint    ] Application time: 0.0002732 seconds
[2019-06-24T09:54:59.264+0000][1][safepoint    ] Entering safepoint region: RevokeBias
[2019-06-24T09:54:59.264+0000][1][safepoint    ] Leaving safepoint region
[2019-06-24T09:54:59.264+0000][1][safepoint    ] Total time for which application threads were stopped: 0.0001209 seconds, Stopping threads took: 0.0000358 seconds
[2019-06-24T09:54:59.264+0000][1][safepoint    ] Application time: 0.0002025 seconds
[2019-06-24T09:54:59.264+0000][1][safepoint    ] Entering safepoint region: RevokeBias
[2019-06-24T09:54:59.265+0000][1][safepoint    ] Leaving safepoint region
[2019-06-24T09:54:59.265+0000][1][safepoint    ] Total time for which application threads were stopped: 0.0000955 seconds, Stopping threads took: 0.0000266 seconds
[2019-06-24T09:55:02.265+0000][1][safepoint    ] Application time: 3.0006153 seconds
[2019-06-24T09:55:02.265+0000][1][safepoint    ] Entering safepoint region: Cleanup
[2019-06-24T09:55:02.265+0000][1][safepoint    ] Leaving safepoint region
[2019-06-24T09:55:02.265+0000][1][safepoint    ] Total time for which application threads were stopped: 0.0002203 seconds, Stopping threads took: 0.0000675 seconds
[2019-06-24T09:55:03.266+0000][1][safepoint    ] Application time: 1.0001787 seconds
[2019-06-24T09:55:03.266+0000][1][safepoint    ] Entering safepoint region: Cleanup
[2019-06-24T09:55:03.266+0000][1][safepoint    ] Leaving safepoint region
[2019-06-24T09:55:03.266+0000][1][safepoint    ] Total time for which application threads were stopped: 0.0000949 seconds, Stopping threads took: 0.0000317 seconds
[2019-06-24T09:55:04.266+0000][1][safepoint    ] Application time: 1.0002534 seconds
[2019-06-24T09:55:04.266+0000][1][safepoint    ] Entering safepoint region: Cleanup
[2019-06-24T09:55:04.266+0000][1][safepoint    ] Leaving safepoint region
[2019-06-24T09:55:04.266+0000][1][safepoint    ] Total time for which application threads were stopped: 0.0002070 seconds, Stopping threads took: 0.0000564 seconds
[2019-06-24T09:55:06.736+0000][1][safepoint    ] Application time: 2.4693770 seconds
[2019-06-24T09:55:06.736+0000][1][safepoint    ] Entering safepoint region: RevokeBias
[2019-06-24T09:55:06.736+0000][1][safepoint    ] Leaving safepoint region
[2019-06-24T09:55:06.736+0000][1][safepoint    ] Total time for which application threads were stopped: 0.0000978 seconds, Stopping threads took: 0.0000286 seconds
[2019-06-24T09:55:06.736+0000][1][safepoint    ] Application time: 0.0001651 seconds
[2019-06-24T09:55:06.736+0000][1][safepoint    ] Entering safepoint region: RevokeBias
[2019-06-24T09:55:06.736+0000][1][safepoint    ] Leaving safepoint region
[2019-06-24T09:55:06.736+0000][1][safepoint    ] Total time for which application threads were stopped: 0.0000664 seconds, Stopping threads took: 0.0000153 seconds
[2019-06-24T09:55:11.737+0000][1][safepoint    ] Application time: 5.0004816 seconds
[2019-06-24T09:55:11.738+0000][1][safepoint    ] Entering safepoint region: Cleanup
[2019-06-24T09:55:11.738+0000][1][safepoint    ] Leaving safepoint region
[2019-06-24T09:55:11.738+0000][1][safepoint    ] Total time for which application threads were stopped: 0.0000986 seconds, Stopping threads took: 0.0000369 seconds
[2019-06-24T09:55:15.738+0000][1][safepoint    ] Application time: 4.0003456 seconds
[2019-06-24T09:55:15.739+0000][1][safepoint    ] Entering safepoint region: Cleanup
[2019-06-24T09:55:15.739+0000][1][safepoint    ] Leaving safepoint region
[2019-06-24T09:55:15.739+0000][1][safepoint    ] Total time for which application threads were stopped: 0.0001127 seconds, Stopping threads took: 0.0000506 seconds
[2019-06-24T09:55:16.133+0000][1][safepoint    ] Application time: 0.3937495 seconds
[2019-06-24T09:55:16.133+0000][1][safepoint    ] Entering safepoint region: RevokeBias
[2019-06-24T09:55:16.133+0000][1][safepoint    ] Leaving safepoint region
[2019-06-24T09:55:16.133+0000][1][safepoint    ] Total time for which application threads were stopped: 0.0001433 seconds, Stopping threads took: 0.0000259 seconds
[2019-06-24T09:55:16.135+0000][1][safepoint    ] Application time: 0.0023382 seconds
[2019-06-24T09:55:16.135+0000][1][safepoint    ] Entering safepoint region: RevokeBias
[2019-06-24T09:55:16.135+0000][1][safepoint    ] Leaving safepoint region
[2019-06-24T09:55:16.135+0000][1][safepoint    ] Total time for which application threads were stopped: 0.0000970 seconds, Stopping threads took: 0.0000230 seconds
[2019-06-24T09:55:16.164+0000][1][safepoint    ] Application time: 0.0289081 seconds
[2019-06-24T09:55:16.164+0000][1][safepoint    ] Entering safepoint region: RevokeBias
[2019-06-24T09:55:16.164+0000][1][safepoint    ] Leaving safepoint region
[2019-06-24T09:55:16.164+0000][1][safepoint    ] Total time for which application threads were stopped: 0.0000939 seconds, Stopping threads took: 0.0000267 seconds
[2019-06-24T09:55:16.165+0000][1][safepoint    ] Application time: 0.0000931 seconds
[2019-06-24T09:55:16.165+0000][1][safepoint    ] Entering safepoint region: RevokeBias
[2019-06-24T09:55:16.165+0000][1][safepoint    ] Leaving safepoint region
[2019-06-24T09:55:16.165+0000][1][safepoint    ] Total time for which application threads were stopped: 0.0000638 seconds, Stopping threads took: 0.0000163 seconds
[2019-06-24T09:55:16.174+0000][1][safepoint    ] Application time: 0.0090145 seconds
[2019-06-24T09:55:16.174+0000][1][safepoint    ] Entering safepoint region: RevokeBias
[2019-06-24T09:55:16.174+0000][1][safepoint    ] Leaving safepoint region
[2019-06-24T09:55:16.174+0000][1][safepoint    ] Total time for which application threads were stopped: 0.0000951 seconds, Stopping threads took: 0.0000241 seconds
[2019-06-24T09:55:16.183+0000][1][safepoint    ] Application time: 0.0095928 seconds
[2019-06-24T09:55:16.183+0000][1][safepoint    ] Entering safepoint region: RevokeBias
[2019-06-24T09:55:16.184+0000][1][safepoint    ] Leaving safepoint region
[2019-06-24T09:55:16.184+0000][1][safepoint    ] Total time for which application threads were stopped: 0.0000910 seconds, Stopping threads took: 0.0000263 seconds
[2019-06-24T09:55:16.240+0000][1][safepoint    ] Application time: 0.0564292 seconds
[2019-06-24T09:55:16.240+0000][1][safepoint    ] Entering safepoint region: RevokeBias
[2019-06-24T09:55:16.240+0000][1][safepoint    ] Leaving safepoint region
[2019-06-24T09:55:16.240+0000][1][safepoint    ] Total time for which application threads were stopped: 0.0001221 seconds, Stopping threads took: 0.0000494 seconds
[2019-06-24T09:55:16.241+0000][1][safepoint    ] Application time: 0.0004785 seconds
[2019-06-24T09:55:16.241+0000][1][safepoint    ] Entering safepoint region: RevokeBias
[2019-06-24T09:55:16.241+0000][1][safepoint    ] Leaving safepoint region
[2019-06-24T09:55:16.241+0000][1][safepoint    ] Total time for which application threads were stopped: 0.0000784 seconds, Stopping threads took: 0.0000255 seconds
[2019-06-24T09:55:16.244+0000][1][safepoint    ] Application time: 0.0027686 seconds
[2019-06-24T09:55:16.244+0000][1][safepoint    ] Entering safepoint region: RevokeBias
[2019-06-24T09:55:16.244+0000][1][safepoint    ] Leaving safepoint region
[2019-06-24T09:55:16.244+0000][1][safepoint    ] Total time for which application threads were stopped: 0.0001055 seconds, Stopping threads took: 0.0000449 seconds
[2019-06-24T09:55:16.244+0000][1][safepoint    ] Application time: 0.0004874 seconds
[2019-06-24T09:55:16.244+0000][1][safepoint    ] Entering safepoint region: RevokeBias
[2019-06-24T09:55:16.244+0000][1][safepoint    ] Leaving safepoint region
[2019-06-24T09:55:16.244+0000][1][safepoint    ] Total time for which application threads were stopped: 0.0000762 seconds, Stopping threads took: 0.0000265 seconds
[2019-06-24T09:55:16.251+0000][1][safepoint    ] Application time: 0.0065844 seconds
[2019-06-24T09:55:16.251+0000][1][safepoint    ] Entering safepoint region: RevokeBias
[2019-06-24T09:55:16.251+0000][1][safepoint    ] Leaving safepoint region
[2019-06-24T09:55:16.251+0000][1][safepoint    ] Total time for which application threads were stopped: 0.0001594 seconds, Stopping threads took: 0.0000473 seconds
[2019-06-24T09:55:16.252+0000][1][safepoint    ] Application time: 0.0004761 seconds
[2019-06-24T09:55:16.252+0000][1][safepoint    ] Entering safepoint region: RevokeBias
[2019-06-24T09:55:16.252+0000][1][safepoint    ] Leaving safepoint region
[2019-06-24T09:55:16.252+0000][1][safepoint    ] Total time for which application threads were stopped: 0.0001636 seconds, Stopping threads took: 0.0000711 seconds
[2019-06-24T09:55:16.252+0000][1][safepoint    ] Application time: 0.0006843 seconds
[2019-06-24T09:55:16.252+0000][1][safepoint    ] Entering safepoint region: RevokeBias
[2019-06-24T09:55:16.253+0000][1][safepoint    ] Leaving safepoint region
[2019-06-24T09:55:16.253+0000][1][safepoint    ] Total time for which application threads were stopped: 0.0001429 seconds, Stopping threads took: 0.0000457 seconds
[2019-06-24T09:55:16.255+0000][1][safepoint    ] Application time: 0.0020093 seconds
[2019-06-24T09:55:16.255+0000][1][safepoint    ] Entering safepoint region: RevokeBias
[2019-06-24T09:55:16.255+0000][1][safepoint    ] Leaving safepoint region
[2019-06-24T09:55:16.255+0000][1][safepoint    ] Total time for which application threads were stopped: 0.0001451 seconds, Stopping threads took: 0.0000618 seconds
[2019-06-24T09:55:16.255+0000][1][safepoint    ] Application time: 0.0004562 seconds
[2019-06-24T09:55:16.255+0000][1][safepoint    ] Entering safepoint region: RevokeBias
[2019-06-24T09:55:16.255+0000][1][safepoint    ] Leaving safepoint region
[2019-06-24T09:55:16.255+0000][1][safepoint    ] Total time for which application threads were stopped: 0.0000940 seconds, Stopping threads took: 0.0000224 seconds
[2019-06-24T09:55:16.256+0000][1][safepoint    ] Application time: 0.0004357 seconds
[2019-06-24T09:55:16.256+0000][1][safepoint    ] Entering safepoint region: RevokeBias
[2019-06-24T09:55:16.256+0000][1][safepoint    ] Leaving safepoint region
[2019-06-24T09:55:16.256+0000][1][safepoint    ] Total time for which application threads were stopped: 0.0000987 seconds, Stopping threads took: 0.0000276 seconds
[2019-06-24T09:55:16.257+0000][1][safepoint    ] Application time: 0.0009329 seconds
[2019-06-24T09:55:16.257+0000][1][safepoint    ] Entering safepoint region: RevokeBias
[2019-06-24T09:55:16.257+0000][1][safepoint    ] Leaving safepoint region
[2019-06-24T09:55:16.257+0000][1][safepoint    ] Total time for which application threads were stopped: 0.0001727 seconds, Stopping threads took: 0.0000604 seconds
[2019-06-24T09:55:16.259+0000][1][safepoint    ] Application time: 0.0014956 seconds
[2019-06-24T09:55:16.259+0000][1][safepoint    ] Entering safepoint region: RevokeBias
[2019-06-24T09:55:16.259+0000][1][safepoint    ] Leaving safepoint region
[2019-06-24T09:55:16.259+0000][1][safepoint    ] Total time for which application threads were stopped: 0.0003769 seconds, Stopping threads took: 0.0002713 seconds
[2019-06-24T09:55:16.259+0000][1][safepoint    ] Application time: 0.0002224 seconds
[2019-06-24T09:55:16.259+0000][1][safepoint    ] Entering safepoint region: RevokeBias
[2019-06-24T09:55:16.259+0000][1][safepoint    ] Leaving safepoint region
[2019-06-24T09:55:16.259+0000][1][safepoint    ] Total time for which application threads were stopped: 0.0001278 seconds, Stopping threads took: 0.0000457 seconds
[2019-06-24T09:55:16.260+0000][1][safepoint    ] Application time: 0.0004440 seconds
[2019-06-24T09:55:16.260+0000][1][safepoint    ] Entering safepoint region: RevokeBias
[2019-06-24T09:55:16.260+0000][1][safepoint    ] Leaving safepoint region
[2019-06-24T09:55:16.260+0000][1][safepoint    ] Total time for which application threads were stopped: 0.0001259 seconds, Stopping threads took: 0.0000282 seconds
[2019-06-24T09:55:16.263+0000][1][safepoint    ] Application time: 0.0031725 seconds
[2019-06-24T09:55:16.263+0000][1][safepoint    ] Entering safepoint region: RevokeBias
[2019-06-24T09:55:16.263+0000][1][safepoint    ] Leaving safepoint region
[2019-06-24T09:55:16.263+0000][1][safepoint    ] Total time for which application threads were stopped: 0.0001905 seconds, Stopping threads took: 0.0000538 seconds
[2019-06-24T09:55:16.264+0000][1][safepoint    ] Application time: 0.0008887 seconds
[2019-06-24T09:55:16.267+0000][1][safepoint    ] Entering safepoint region: RevokeBias
[2019-06-24T09:55:16.267+0000][1][safepoint    ] Leaving safepoint region
[2019-06-24T09:55:16.267+0000][1][safepoint    ] Total time for which application threads were stopped: 0.0023620 seconds, Stopping threads took: 0.0022340 seconds
[2019-06-24T09:55:16.267+0000][1][safepoint    ] Application time: 0.0002623 seconds
[2019-06-24T09:55:16.267+0000][1][safepoint    ] Entering safepoint region: RevokeBias
[2019-06-24T09:55:16.267+0000][1][safepoint    ] Leaving safepoint region
[2019-06-24T09:55:16.267+0000][1][safepoint    ] Total time for which application threads were stopped: 0.0001855 seconds, Stopping threads took: 0.0001218 seconds
[2019-06-24T09:55:16.268+0000][1][safepoint    ] Application time: 0.0006938 seconds
[2019-06-24T09:55:16.268+0000][1][safepoint    ] Entering safepoint region: RevokeBias
[2019-06-24T09:55:16.268+0000][1][safepoint    ] Leaving safepoint region
[2019-06-24T09:55:16.268+0000][1][safepoint    ] Total time for which application threads were stopped: 0.0003441 seconds, Stopping threads took: 0.0000999 seconds
[2019-06-24T09:55:16.269+0000][1][safepoint    ] Application time: 0.0005157 seconds
[2019-06-24T09:55:16.269+0000][1][safepoint    ] Entering safepoint region: RevokeBias
[2019-06-24T09:55:16.269+0000][1][safepoint    ] Leaving safepoint region
[2019-06-24T09:55:16.269+0000][1][safepoint    ] Total time for which application threads were stopped: 0.0002167 seconds, Stopping threads took: 0.0000823 seconds
[2019-06-24T09:55:16.270+0000][1][safepoint    ] Application time: 0.0005307 seconds
[2019-06-24T09:55:16.270+0000][1][safepoint    ] Entering safepoint region: RevokeBias
[2019-06-24T09:55:16.270+0000][1][safepoint    ] Leaving safepoint region
[2019-06-24T09:55:16.270+0000][1][safepoint    ] Total time for which application threads were stopped: 0.0001820 seconds, Stopping threads took: 0.0000763 seconds
[2019-06-24T09:55:16.270+0000][1][safepoint    ] Application time: 0.0004371 seconds
[2019-06-24T09:55:16.270+0000][1][safepoint    ] Entering safepoint region: RevokeBias
[2019-06-24T09:55:16.270+0000][1][safepoint    ] Leaving safepoint region
[2019-06-24T09:55:16.270+0000][1][safepoint    ] Total time for which application threads were stopped: 0.0001112 seconds, Stopping threads took: 0.0000344 seconds
[2019-06-24T09:55:16.280+0000][1][safepoint    ] Application time: 0.0094998 seconds
[2019-06-24T09:55:16.280+0000][1][safepoint    ] Entering safepoint region: RevokeBias
[2019-06-24T09:55:16.280+0000][1][safepoint    ] Leaving safepoint region
[2019-06-24T09:55:16.280+0000][1][safepoint    ] Total time for which application threads were stopped: 0.0001398 seconds, Stopping threads took: 0.0000293 seconds
[2019-06-24T09:55:16.281+0000][1][safepoint    ] Application time: 0.0007378 seconds
[2019-06-24T09:55:16.281+0000][1][safepoint    ] Entering safepoint region: RevokeBias
[2019-06-24T09:55:16.281+0000][1][safepoint    ] Leaving safepoint region
[2019-06-24T09:55:16.281+0000][1][safepoint    ] Total time for which application threads were stopped: 0.0001127 seconds, Stopping threads took: 0.0000286 seconds
[2019-06-24T09:55:16.282+0000][1][safepoint    ] Application time: 0.0012900 seconds
[2019-06-24T09:55:16.282+0000][1][safepoint    ] Entering safepoint region: RevokeBias
[2019-06-24T09:55:16.283+0000][1][safepoint    ] Leaving safepoint region
[2019-06-24T09:55:16.283+0000][1][safepoint    ] Total time for which application threads were stopped: 0.0001976 seconds, Stopping threads took: 0.0000638 seconds
[2019-06-24T09:55:16.289+0000][1][safepoint    ] Application time: 0.0068853 seconds
[2019-06-24T09:55:16.290+0000][1][safepoint    ] Entering safepoint region: RevokeBias
[2019-06-24T09:55:16.290+0000][1][safepoint    ] Leaving safepoint region
[2019-06-24T09:55:16.290+0000][1][safepoint    ] Total time for which application threads were stopped: 0.0001239 seconds, Stopping threads took: 0.0000304 seconds
[2019-06-24T09:55:16.293+0000][1][safepoint    ] Application time: 0.0037160 seconds
[2019-06-24T09:55:16.293+0000][1][safepoint    ] Entering safepoint region: RevokeBias
[2019-06-24T09:55:16.294+0000][1][safepoint    ] Leaving safepoint region
[2019-06-24T09:55:16.294+0000][1][safepoint    ] Total time for which application threads were stopped: 0.0001912 seconds, Stopping threads took: 0.0000341 seconds
[2019-06-24T09:55:16.300+0000][1][safepoint    ] Application time: 0.0060923 seconds
[2019-06-24T09:55:16.300+0000][1][safepoint    ] Entering safepoint region: RevokeBias
[2019-06-24T09:55:16.300+0000][1][safepoint    ] Leaving safepoint region
[2019-06-24T09:55:16.300+0000][1][safepoint    ] Total time for which application threads were stopped: 0.0002128 seconds, Stopping threads took: 0.0001196 seconds
[2019-06-24T09:55:16.302+0000][1][safepoint    ] Application time: 0.0020493 seconds
[2019-06-24T09:55:16.302+0000][1][safepoint    ] Entering safepoint region: RevokeBias
[2019-06-24T09:55:16.302+0000][1][safepoint    ] Leaving safepoint region
[2019-06-24T09:55:16.302+0000][1][safepoint    ] Total time for which application threads were stopped: 0.0001275 seconds, Stopping threads took: 0.0000551 seconds
[2019-06-24T09:55:16.302+0000][1][safepoint    ] Application time: 0.0001691 seconds
[2019-06-24T09:55:16.302+0000][1][safepoint    ] Entering safepoint region: BulkRevokeBias
[2019-06-24T09:55:16.303+0000][1][safepoint    ] Leaving safepoint region
[2019-06-24T09:55:16.303+0000][1][safepoint    ] Total time for which application threads were stopped: 0.0006680 seconds, Stopping threads took: 0.0000477 seconds
[2019-06-24T09:55:16.303+0000][1][safepoint    ] Application time: 0.0001447 seconds
[2019-06-24T09:55:16.303+0000][1][safepoint    ] Entering safepoint region: BulkRevokeBias
[2019-06-24T09:55:16.304+0000][1][safepoint    ] Leaving safepoint region
[2019-06-24T09:55:16.304+0000][1][safepoint    ] Total time for which application threads were stopped: 0.0004293 seconds, Stopping threads took: 0.0000919 seconds
[2019-06-24T09:55:16.304+0000][1][safepoint    ] Application time: 0.0001541 seconds
[2019-06-24T09:55:16.304+0000][1][safepoint    ] Entering safepoint region: RevokeBias
[2019-06-24T09:55:16.304+0000][1][safepoint    ] Leaving safepoint region
[2019-06-24T09:55:16.304+0000][1][safepoint    ] Total time for which application threads were stopped: 0.0001361 seconds, Stopping threads took: 0.0000586 seconds
[2019-06-24T09:55:16.304+0000][1][safepoint    ] Application time: 0.0002488 seconds
[2019-06-24T09:55:16.304+0000][1][safepoint    ] Entering safepoint region: RevokeBias
[2019-06-24T09:55:16.304+0000][1][safepoint    ] Leaving safepoint region
[2019-06-24T09:55:16.304+0000][1][safepoint    ] Total time for which application threads were stopped: 0.0001773 seconds, Stopping threads took: 0.0000658 seconds
[2019-06-24T09:55:16.305+0000][1][safepoint    ] Application time: 0.0003252 seconds
[2019-06-24T09:55:16.305+0000][1][safepoint    ] Entering safepoint region: RevokeBias
[2019-06-24T09:55:16.305+0000][1][safepoint    ] Leaving safepoint region
[2019-06-24T09:55:16.305+0000][1][safepoint    ] Total time for which application threads were stopped: 0.0001774 seconds, Stopping threads took: 0.0000695 seconds
[2019-06-24T09:55:16.306+0000][1][safepoint    ] Application time: 0.0005787 seconds
[2019-06-24T09:55:16.306+0000][1][safepoint    ] Entering safepoint region: RevokeBias
[2019-06-24T09:55:16.306+0000][1][safepoint    ] Leaving safepoint region
[2019-06-24T09:55:16.306+0000][1][safepoint    ] Total time for which application threads were stopped: 0.0002237 seconds, Stopping threads took: 0.0000715 seconds
[2019-06-24T09:55:16.306+0000][1][safepoint    ] Application time: 0.0005335 seconds
[2019-06-24T09:55:16.306+0000][1][safepoint    ] Entering safepoint region: RevokeBias
[2019-06-24T09:55:16.307+0000][1][safepoint    ] Leaving safepoint region
[2019-06-24T09:55:16.307+0000][1][safepoint    ] Total time for which application threads were stopped: 0.0002707 seconds, Stopping threads took: 0.0000511 seconds
[2019-06-24T09:55:16.307+0000][1][safepoint    ] Application time: 0.0003340 seconds
[2019-06-24T09:55:16.307+0000][1][safepoint    ] Entering safepoint region: RevokeBias
[2019-06-24T09:55:16.307+0000][1][safepoint    ] Leaving safepoint region
[2019-06-24T09:55:16.307+0000][1][safepoint    ] Total time for which application threads were stopped: 0.0002114 seconds, Stopping threads took: 0.0000454 seconds
[2019-06-24T09:55:16.308+0000][1][safepoint    ] Application time: 0.0006046 seconds
[2019-06-24T09:55:16.308+0000][1][safepoint    ] Entering safepoint region: RevokeBias
[2019-06-24T09:55:16.308+0000][1][safepoint    ] Leaving safepoint region
[2019-06-24T09:55:16.308+0000][1][safepoint    ] Total time for which application threads were stopped: 0.0002651 seconds, Stopping threads took: 0.0001149 seconds
[2019-06-24T09:55:16.309+0000][1][safepoint    ] Application time: 0.0011093 seconds
[2019-06-24T09:55:16.310+0000][1][safepoint    ] Entering safepoint region: RevokeBias
[2019-06-24T09:55:16.310+0000][1][safepoint    ] Leaving safepoint region
[2019-06-24T09:55:16.310+0000][1][safepoint    ] Total time for which application threads were stopped: 0.0005229 seconds, Stopping threads took: 0.0003791 seconds
[2019-06-24T09:55:16.312+0000][1][safepoint    ] Application time: 0.0017724 seconds
[2019-06-24T09:55:16.312+0000][1][safepoint    ] Entering safepoint region: RevokeBias
[2019-06-24T09:55:16.312+0000][1][safepoint    ] Leaving safepoint region
[2019-06-24T09:55:16.312+0000][1][safepoint    ] Total time for which application threads were stopped: 0.0002392 seconds, Stopping threads took: 0.0000712 seconds
[2019-06-24T09:55:16.313+0000][1][safepoint    ] Application time: 0.0012049 seconds
[2019-06-24T09:55:16.313+0000][1][safepoint    ] Entering safepoint region: RevokeBias
[2019-06-24T09:55:16.313+0000][1][safepoint    ] Leaving safepoint region
[2019-06-24T09:55:16.313+0000][1][safepoint    ] Total time for which application threads were stopped: 0.0001931 seconds, Stopping threads took: 0.0000459 seconds
[2019-06-24T09:55:16.314+0000][1][safepoint    ] Application time: 0.0003419 seconds
[2019-06-24T09:55:16.314+0000][1][safepoint    ] Entering safepoint region: RevokeBias
[2019-06-24T09:55:16.314+0000][1][safepoint    ] Leaving safepoint region
[2019-06-24T09:55:16.314+0000][1][safepoint    ] Total time for which application threads were stopped: 0.0001772 seconds, Stopping threads took: 0.0000693 seconds
[2019-06-24T09:55:16.314+0000][1][safepoint    ] Application time: 0.0001698 seconds
[2019-06-24T09:55:16.314+0000][1][safepoint    ] Entering safepoint region: RevokeBias
[2019-06-24T09:55:16.314+0000][1][safepoint    ] Leaving safepoint region
[2019-06-24T09:55:16.314+0000][1][safepoint    ] Total time for which application threads were stopped: 0.0001029 seconds, Stopping threads took: 0.0000483 seconds
[2019-06-24T09:55:16.315+0000][1][safepoint    ] Application time: 0.0011158 seconds
[2019-06-24T09:55:16.315+0000][1][safepoint    ] Entering safepoint region: RevokeBias
[2019-06-24T09:55:16.316+0000][1][safepoint    ] Leaving safepoint region
[2019-06-24T09:55:16.316+0000][1][safepoint    ] Total time for which application threads were stopped: 0.0001235 seconds, Stopping threads took: 0.0000357 seconds
[2019-06-24T09:55:16.316+0000][1][safepoint    ] Application time: 0.0003738 seconds
[2019-06-24T09:55:16.316+0000][1][safepoint    ] Entering safepoint region: RevokeBias
[2019-06-24T09:55:16.316+0000][1][safepoint    ] Leaving safepoint region
[2019-06-24T09:55:16.316+0000][1][safepoint    ] Total time for which application threads were stopped: 0.0001053 seconds, Stopping threads took: 0.0000244 seconds
[2019-06-24T09:55:16.317+0000][1][safepoint    ] Application time: 0.0009209 seconds
[2019-06-24T09:55:16.317+0000][1][safepoint    ] Entering safepoint region: RevokeBias
[2019-06-24T09:55:16.317+0000][1][safepoint    ] Leaving safepoint region
[2019-06-24T09:55:16.317+0000][1][safepoint    ] Total time for which application threads were stopped: 0.0002110 seconds, Stopping threads took: 0.0000771 seconds
[2019-06-24T09:55:16.318+0000][1][safepoint    ] Application time: 0.0003966 seconds
[2019-06-24T09:55:16.318+0000][1][safepoint    ] Entering safepoint region: RevokeBias
[2019-06-24T09:55:16.318+0000][1][safepoint    ] Leaving safepoint region
[2019-06-24T09:55:16.318+0000][1][safepoint    ] Total time for which application threads were stopped: 0.0001145 seconds, Stopping threads took: 0.0000200 seconds
[2019-06-24T09:55:16.319+0000][1][safepoint    ] Application time: 0.0010419 seconds
[2019-06-24T09:55:16.319+0000][1][safepoint    ] Entering safepoint region: RevokeBias
[2019-06-24T09:55:16.319+0000][1][safepoint    ] Leaving safepoint region
[2019-06-24T09:55:16.319+0000][1][safepoint    ] Total time for which application threads were stopped: 0.0001236 seconds, Stopping threads took: 0.0000473 seconds
[2019-06-24T09:55:16.319+0000][1][safepoint    ] Application time: 0.0004459 seconds
[2019-06-24T09:55:16.319+0000][1][safepoint    ] Entering safepoint region: RevokeBias
[2019-06-24T09:55:16.320+0000][1][safepoint    ] Leaving safepoint region
[2019-06-24T09:55:16.320+0000][1][safepoint    ] Total time for which application threads were stopped: 0.0001358 seconds, Stopping threads took: 0.0000310 seconds
[2019-06-24T09:55:16.322+0000][1][safepoint    ] Application time: 0.0025414 seconds
[2019-06-24T09:55:16.322+0000][1][safepoint    ] Entering safepoint region: BulkRevokeBias
[2019-06-24T09:55:16.323+0000][1][safepoint    ] Leaving safepoint region
[2019-06-24T09:55:16.323+0000][1][safepoint    ] Total time for which application threads were stopped: 0.0011392 seconds, Stopping threads took: 0.0000388 seconds
[2019-06-24T09:55:16.326+0000][1][safepoint    ] Application time: 0.0025391 seconds
[2019-06-24T09:55:16.326+0000][1][safepoint    ] Entering safepoint region: RevokeBias
[2019-06-24T09:55:16.326+0000][1][safepoint    ] Leaving safepoint region
[2019-06-24T09:55:16.326+0000][1][safepoint    ] Total time for which application threads were stopped: 0.0002237 seconds, Stopping threads took: 0.0000990 seconds
[2019-06-24T09:55:16.335+0000][1][safepoint    ] Application time: 0.0084110 seconds
[2019-06-24T09:55:16.335+0000][1][safepoint    ] Entering safepoint region: RevokeBias
[2019-06-24T09:55:16.335+0000][1][safepoint    ] Leaving safepoint region
[2019-06-24T09:55:16.335+0000][1][safepoint    ] Total time for which application threads were stopped: 0.0001402 seconds, Stopping threads took: 0.0000369 seconds
[2019-06-24T09:55:16.385+0000][1][safepoint    ] Application time: 0.0500925 seconds
[2019-06-24T09:55:16.385+0000][1][safepoint    ] Entering safepoint region: RevokeBias
[2019-06-24T09:55:16.385+0000][1][safepoint    ] Leaving safepoint region
[2019-06-24T09:55:16.385+0000][1][safepoint    ] Total time for which application threads were stopped: 0.0000719 seconds, Stopping threads took: 0.0000192 seconds
[2019-06-24T09:55:16.385+0000][1][safepoint    ] Application time: 0.0000438 seconds
[2019-06-24T09:55:16.385+0000][1][safepoint    ] Entering safepoint region: RevokeBias
[2019-06-24T09:55:16.385+0000][1][safepoint    ] Leaving safepoint region
[2019-06-24T09:55:16.385+0000][1][safepoint    ] Total time for which application threads were stopped: 0.0000409 seconds, Stopping threads took: 0.0000097 seconds
[2019-06-24T09:55:16.386+0000][1][safepoint    ] Application time: 0.0010492 seconds
[2019-06-24T09:55:16.386+0000][1][safepoint    ] Entering safepoint region: RevokeBias
[2019-06-24T09:55:16.386+0000][1][safepoint    ] Leaving safepoint region
[2019-06-24T09:55:16.386+0000][1][safepoint    ] Total time for which application threads were stopped: 0.0001364 seconds, Stopping threads took: 0.0000533 seconds
[2019-06-24T09:55:16.433+0000][1][safepoint    ] Application time: 0.0466186 seconds
[2019-06-24T09:55:16.433+0000][1][safepoint    ] Entering safepoint region: RevokeBias
[2019-06-24T09:55:16.433+0000][1][safepoint    ] Leaving safepoint region
[2019-06-24T09:55:16.433+0000][1][safepoint    ] Total time for which application threads were stopped: 0.0001253 seconds, Stopping threads took: 0.0000471 seconds
[2019-06-24T09:55:16.438+0000][1][safepoint    ] Application time: 0.0048750 seconds
[2019-06-24T09:55:16.438+0000][1][safepoint    ] Entering safepoint region: Deoptimize
[2019-06-24T09:55:16.439+0000][1][safepoint    ] Leaving safepoint region
[2019-06-24T09:55:16.439+0000][1][safepoint    ] Total time for which application threads were stopped: 0.0006750 seconds, Stopping threads took: 0.0000599 seconds
[2019-06-24T09:55:16.440+0000][1][safepoint    ] Application time: 0.0014272 seconds
[2019-06-24T09:55:16.440+0000][1][safepoint    ] Entering safepoint region: RevokeBias
[2019-06-24T09:55:16.440+0000][1][safepoint    ] Leaving safepoint region
[2019-06-24T09:55:16.440+0000][1][safepoint    ] Total time for which application threads were stopped: 0.0000871 seconds, Stopping threads took: 0.0000266 seconds
[2019-06-24T09:55:16.483+0000][1][safepoint    ] Application time: 0.0427562 seconds
[2019-06-24T09:55:16.483+0000][1][safepoint    ] Entering safepoint region: RevokeBias
[2019-06-24T09:55:16.483+0000][1][safepoint    ] Leaving safepoint region
[2019-06-24T09:55:16.483+0000][1][safepoint    ] Total time for which application threads were stopped: 0.0001586 seconds, Stopping threads took: 0.0000437 seconds
[2019-06-24T09:55:16.534+0000][1][safepoint    ] Application time: 0.0506769 seconds
[2019-06-24T09:55:16.534+0000][1][safepoint    ] Entering safepoint region: RevokeBias
[2019-06-24T09:55:16.534+0000][1][safepoint    ] Leaving safepoint region
[2019-06-24T09:55:16.534+0000][1][safepoint    ] Total time for which application threads were stopped: 0.0001909 seconds, Stopping threads took: 0.0001032 seconds
[2019-06-24T09:55:16.539+0000][1][safepoint    ] Application time: 0.0045016 seconds
[2019-06-24T09:55:16.539+0000][1][safepoint    ] Entering safepoint region: RevokeBias
[2019-06-24T09:55:16.539+0000][1][safepoint    ] Leaving safepoint region
[2019-06-24T09:55:16.539+0000][1][safepoint    ] Total time for which application threads were stopped: 0.0001549 seconds, Stopping threads took: 0.0000615 seconds
[2019-06-24T09:55:16.550+0000][1][safepoint    ] Application time: 0.0115955 seconds
[2019-06-24T09:55:16.551+0000][1][safepoint    ] Entering safepoint region: RevokeBias
[2019-06-24T09:55:16.551+0000][1][safepoint    ] Leaving safepoint region
[2019-06-24T09:55:16.551+0000][1][safepoint    ] Total time for which application threads were stopped: 0.0001726 seconds, Stopping threads took: 0.0000587 seconds
[2019-06-24T09:55:16.778+0000][1][safepoint    ] Application time: 0.2271857 seconds
[2019-06-24T09:55:16.778+0000][1][safepoint    ] Entering safepoint region: RevokeBias
[2019-06-24T09:55:16.778+0000][1][safepoint    ] Leaving safepoint region
[2019-06-24T09:55:16.778+0000][1][safepoint    ] Total time for which application threads were stopped: 0.0000905 seconds, Stopping threads took: 0.0000241 seconds
[2019-06-24T09:55:16.799+0000][1][safepoint    ] Application time: 0.0208025 seconds
[2019-06-24T09:55:16.799+0000][1][safepoint    ] Entering safepoint region: RevokeBias
[2019-06-24T09:55:16.799+0000][1][safepoint    ] Leaving safepoint region
[2019-06-24T09:55:16.799+0000][1][safepoint    ] Total time for which application threads were stopped: 0.0001221 seconds, Stopping threads took: 0.0000253 seconds
[2019-06-24T09:55:16.799+0000][1][safepoint    ] Application time: 0.0003513 seconds
[2019-06-24T09:55:16.799+0000][1][safepoint    ] Entering safepoint region: RevokeBias
[2019-06-24T09:55:16.799+0000][1][safepoint    ] Leaving safepoint region
[2019-06-24T09:55:16.800+0000][1][safepoint    ] Total time for which application threads were stopped: 0.0000821 seconds, Stopping threads took: 0.0000178 seconds
[2019-06-24T09:55:16.800+0000][1][safepoint    ] Application time: 0.0000939 seconds
[2019-06-24T09:55:16.800+0000][1][safepoint    ] Entering safepoint region: RevokeBias
[2019-06-24T09:55:16.800+0000][1][safepoint    ] Leaving safepoint region
[2019-06-24T09:55:16.800+0000][1][safepoint    ] Total time for which application threads were stopped: 0.0000641 seconds, Stopping threads took: 0.0000147 seconds
[2019-06-24T09:55:16.800+0000][1][safepoint    ] Application time: 0.0003169 seconds
[2019-06-24T09:55:16.800+0000][1][safepoint    ] Entering safepoint region: RevokeBias
[2019-06-24T09:55:16.800+0000][1][safepoint    ] Leaving safepoint region
[2019-06-24T09:55:16.800+0000][1][safepoint    ] Total time for which application threads were stopped: 0.0001002 seconds, Stopping threads took: 0.0000250 seconds
[2019-06-24T09:55:16.802+0000][1][safepoint    ] Application time: 0.0016895 seconds
[2019-06-24T09:55:16.802+0000][1][safepoint    ] Entering safepoint region: RevokeBias
[2019-06-24T09:55:16.802+0000][1][safepoint    ] Leaving safepoint region
[2019-06-24T09:55:16.802+0000][1][safepoint    ] Total time for which application threads were stopped: 0.0001132 seconds, Stopping threads took: 0.0000313 seconds
[2019-06-24T09:55:16.802+0000][1][safepoint    ] Application time: 0.0003816 seconds
[2019-06-24T09:55:16.802+0000][1][safepoint    ] Entering safepoint region: RevokeBias
[2019-06-24T09:55:16.803+0000][1][safepoint    ] Leaving safepoint region
[2019-06-24T09:55:16.803+0000][1][safepoint    ] Total time for which application threads were stopped: 0.0001333 seconds, Stopping threads took: 0.0000215 seconds
[2019-06-24T09:55:16.810+0000][1][safepoint    ] Application time: 0.0077140 seconds
[2019-06-24T09:55:16.810+0000][1][safepoint    ] Entering safepoint region: BulkRevokeBias
[2019-06-24T09:55:16.811+0000][1][safepoint    ] Leaving safepoint region
[2019-06-24T09:55:16.811+0000][1][safepoint    ] Total time for which application threads were stopped: 0.0006392 seconds, Stopping threads took: 0.0000682 seconds
[2019-06-24T09:55:16.811+0000][1][safepoint    ] Application time: 0.0000950 seconds
[2019-06-24T09:55:16.811+0000][1][safepoint    ] Entering safepoint region: RevokeBias
[2019-06-24T09:55:16.811+0000][1][safepoint    ] Leaving safepoint region
[2019-06-24T09:55:16.811+0000][1][safepoint    ] Total time for which application threads were stopped: 0.0001263 seconds, Stopping threads took: 0.0000469 seconds
[2019-06-24T09:55:16.895+0000][1][safepoint    ] Application time: 0.0841500 seconds
[2019-06-24T09:55:16.895+0000][1][safepoint    ] Entering safepoint region: Deoptimize
[2019-06-24T09:55:16.896+0000][1][safepoint    ] Leaving safepoint region
[2019-06-24T09:55:16.896+0000][1][safepoint    ] Total time for which application threads were stopped: 0.0007967 seconds, Stopping threads took: 0.0000487 seconds
[2019-06-24T09:55:16.918+0000][1][safepoint    ] Application time: 0.0212413 seconds
[2019-06-24T09:55:16.918+0000][1][safepoint    ] Entering safepoint region: GenCollectForAllocation
[2019-06-24T09:55:16.918+0000][1][gc,start     ] GC(22) Pause Young (Allocation Failure)
[2019-06-24T09:55:16.918+0000][1][gc,task      ] GC(22) Using 5 workers of 8 for evacuation
[2019-06-24T09:55:16.934+0000][1][gc,age       ] GC(22) Desired survivor size 4456448 bytes, new threshold 2 (max threshold 6)
[2019-06-24T09:55:16.934+0000][1][gc,age       ] GC(22) Age table with threshold 2 (max threshold 6)
[2019-06-24T09:55:16.934+0000][1][gc,age       ] GC(22) - age   1:    2273992 bytes,    2273992 total
[2019-06-24T09:55:16.934+0000][1][gc,age       ] GC(22) - age   2:    3653760 bytes,    5927752 total
[2019-06-24T09:55:16.934+0000][1][gc,heap      ] GC(22) ParNew: 78656K->8704K(78656K)
[2019-06-24T09:55:16.934+0000][1][gc,heap      ] GC(22) CMS: 59383K->63610K(174784K)
[2019-06-24T09:55:16.934+0000][1][gc,metaspace ] GC(22) Metaspace: 66984K->66984K(1110016K)
[2019-06-24T09:55:16.934+0000][1][gc           ] GC(22) Pause Young (Allocation Failure) 134M->70M(247M) 16.513ms
[2019-06-24T09:55:16.934+0000][1][gc,cpu       ] GC(22) User=0.06s Sys=0.00s Real=0.01s
[2019-06-24T09:55:16.934+0000][1][safepoint    ] Leaving safepoint region
[2019-06-24T09:55:16.934+0000][1][safepoint    ] Total time for which application threads were stopped: 0.0167280 seconds, Stopping threads took: 0.0000346 seconds
[2019-06-24T09:55:16.983+0000][1][safepoint    ] Application time: 0.0487089 seconds
[2019-06-24T09:55:16.983+0000][1][safepoint    ] Entering safepoint region: BulkRevokeBias
[2019-06-24T09:55:16.984+0000][1][safepoint    ] Leaving safepoint region
[2019-06-24T09:55:16.984+0000][1][safepoint    ] Total time for which application threads were stopped: 0.0005260 seconds, Stopping threads took: 0.0000297 seconds
[2019-06-24T09:55:16.995+0000][1][safepoint    ] Application time: 0.0111446 seconds
[2019-06-24T09:55:16.995+0000][1][safepoint    ] Entering safepoint region: RevokeBias
[2019-06-24T09:55:16.995+0000][1][safepoint    ] Leaving safepoint region
[2019-06-24T09:55:16.995+0000][1][safepoint    ] Total time for which application threads were stopped: 0.0001097 seconds, Stopping threads took: 0.0000277 seconds
[2019-06-24T09:55:16.995+0000][1][safepoint    ] Application time: 0.0003127 seconds
[2019-06-24T09:55:16.995+0000][1][safepoint    ] Entering safepoint region: RevokeBias
[2019-06-24T09:55:16.995+0000][1][safepoint    ] Leaving safepoint region
[2019-06-24T09:55:16.995+0000][1][safepoint    ] Total time for which application threads were stopped: 0.0000773 seconds, Stopping threads took: 0.0000170 seconds
[2019-06-24T09:55:17.008+0000][1][safepoint    ] Application time: 0.0122986 seconds
[2019-06-24T09:55:17.008+0000][1][safepoint    ] Entering safepoint region: RevokeBias
[2019-06-24T09:55:17.008+0000][1][safepoint    ] Leaving safepoint region
[2019-06-24T09:55:17.008+0000][1][safepoint    ] Total time for which application threads were stopped: 0.0001613 seconds, Stopping threads took: 0.0000680 seconds
[2019-06-24T09:55:17.016+0000][1][safepoint    ] Application time: 0.0085270 seconds
[2019-06-24T09:55:17.016+0000][1][safepoint    ] Entering safepoint region: RevokeBias
[2019-06-24T09:55:17.017+0000][1][safepoint    ] Leaving safepoint region
[2019-06-24T09:55:17.017+0000][1][safepoint    ] Total time for which application threads were stopped: 0.0001857 seconds, Stopping threads took: 0.0000743 seconds
[2019-06-24T09:55:17.055+0000][1][safepoint    ] Application time: 0.0385400 seconds
[2019-06-24T09:55:17.055+0000][1][safepoint    ] Entering safepoint region: RevokeBias
[2019-06-24T09:55:17.055+0000][1][safepoint    ] Leaving safepoint region
[2019-06-24T09:55:17.055+0000][1][safepoint    ] Total time for which application threads were stopped: 0.0002052 seconds, Stopping threads took: 0.0000896 seconds
[2019-06-24T09:55:17.069+0000][1][safepoint    ] Application time: 0.0136009 seconds
[2019-06-24T09:55:17.069+0000][1][safepoint    ] Entering safepoint region: RevokeBias
[2019-06-24T09:55:17.069+0000][1][safepoint    ] Leaving safepoint region
[2019-06-24T09:55:17.069+0000][1][safepoint    ] Total time for which application threads were stopped: 0.0001394 seconds, Stopping threads took: 0.0000316 seconds
[2019-06-24T09:55:17.070+0000][1][safepoint    ] Application time: 0.0010638 seconds
[2019-06-24T09:55:17.070+0000][1][safepoint    ] Entering safepoint region: RevokeBias
[2019-06-24T09:55:17.070+0000][1][safepoint    ] Leaving safepoint region
[2019-06-24T09:55:17.070+0000][1][safepoint    ] Total time for which application threads were stopped: 0.0001097 seconds, Stopping threads took: 0.0000255 seconds
[2019-06-24T09:55:17.072+0000][1][safepoint    ] Application time: 0.0018515 seconds
[2019-06-24T09:55:17.072+0000][1][safepoint    ] Entering safepoint region: RevokeBias
[2019-06-24T09:55:17.073+0000][1][safepoint    ] Leaving safepoint region
[2019-06-24T09:55:17.073+0000][1][safepoint    ] Total time for which application threads were stopped: 0.0002890 seconds, Stopping threads took: 0.0002027 seconds
[2019-06-24T09:55:17.077+0000][1][safepoint    ] Application time: 0.0044155 seconds
[2019-06-24T09:55:17.077+0000][1][safepoint    ] Entering safepoint region: RevokeBias
[2019-06-24T09:55:17.077+0000][1][safepoint    ] Leaving safepoint region
[2019-06-24T09:55:17.077+0000][1][safepoint    ] Total time for which application threads were stopped: 0.0001343 seconds, Stopping threads took: 0.0000588 seconds
[2019-06-24T09:55:17.080+0000][1][safepoint    ] Application time: 0.0025243 seconds
[2019-06-24T09:55:17.080+0000][1][safepoint    ] Entering safepoint region: RevokeBias
[2019-06-24T09:55:17.080+0000][1][safepoint    ] Leaving safepoint region
[2019-06-24T09:55:17.080+0000][1][safepoint    ] Total time for which application threads were stopped: 0.0003542 seconds, Stopping threads took: 0.0001092 seconds
[2019-06-24T09:55:17.094+0000][1][safepoint    ] Application time: 0.0137000 seconds
[2019-06-24T09:55:17.094+0000][1][safepoint    ] Entering safepoint region: RevokeBias
[2019-06-24T09:55:17.094+0000][1][safepoint    ] Leaving safepoint region
[2019-06-24T09:55:17.094+0000][1][safepoint    ] Total time for which application threads were stopped: 0.0001449 seconds, Stopping threads took: 0.0000330 seconds
[2019-06-24T09:55:17.438+0000][1][safepoint    ] Application time: 0.3440687 seconds
[2019-06-24T09:55:17.438+0000][1][safepoint    ] Entering safepoint region: BulkRevokeBias
[2019-06-24T09:55:17.439+0000][1][safepoint    ] Leaving safepoint region
[2019-06-24T09:55:17.439+0000][1][safepoint    ] Total time for which application threads were stopped: 0.0006384 seconds, Stopping threads took: 0.0000949 seconds
[2019-06-24T09:55:18.439+0000][1][safepoint    ] Application time: 1.0000967 seconds
[2019-06-24T09:55:18.439+0000][1][safepoint    ] Entering safepoint region: Cleanup
[2019-06-24T09:55:18.439+0000][1][safepoint    ] Leaving safepoint region
[2019-06-24T09:55:18.439+0000][1][safepoint    ] Total time for which application threads were stopped: 0.0001090 seconds, Stopping threads took: 0.0000285 seconds
[2019-06-24T09:55:19.439+0000][1][safepoint    ] Application time: 1.0002473 seconds
[2019-06-24T09:55:19.440+0000][1][safepoint    ] Entering safepoint region: Cleanup
[2019-06-24T09:55:19.440+0000][1][safepoint    ] Leaving safepoint region
[2019-06-24T09:55:19.440+0000][1][safepoint    ] Total time for which application threads were stopped: 0.0002690 seconds, Stopping threads took: 0.0000674 seconds
[2019-06-24T09:55:20.440+0000][1][safepoint    ] Application time: 1.0003431 seconds
[2019-06-24T09:55:20.440+0000][1][safepoint    ] Entering safepoint region: Cleanup
[2019-06-24T09:55:20.440+0000][1][safepoint    ] Leaving safepoint region
[2019-06-24T09:55:20.440+0000][1][safepoint    ] Total time for which application threads were stopped: 0.0001509 seconds, Stopping threads took: 0.0000305 seconds
[2019-06-24T09:55:21.441+0000][1][safepoint    ] Application time: 1.0001792 seconds
[2019-06-24T09:55:21.441+0000][1][safepoint    ] Entering safepoint region: Cleanup
[2019-06-24T09:55:21.441+0000][1][safepoint    ] Leaving safepoint region
[2019-06-24T09:55:21.441+0000][1][safepoint    ] Total time for which application threads were stopped: 0.0002183 seconds, Stopping threads took: 0.0000587 seconds
[2019-06-24T09:55:22.441+0000][1][safepoint    ] Application time: 1.0002558 seconds
[2019-06-24T09:55:22.441+0000][1][safepoint    ] Entering safepoint region: Cleanup
[2019-06-24T09:55:22.441+0000][1][safepoint    ] Leaving safepoint region
[2019-06-24T09:55:22.441+0000][1][safepoint    ] Total time for which application threads were stopped: 0.0001042 seconds, Stopping threads took: 0.0000280 seconds
[2019-06-24T09:55:23.442+0000][1][safepoint    ] Application time: 1.0001785 seconds
[2019-06-24T09:55:23.442+0000][1][safepoint    ] Entering safepoint region: Cleanup
[2019-06-24T09:55:23.442+0000][1][safepoint    ] Leaving safepoint region
[2019-06-24T09:55:23.442+0000][1][safepoint    ] Total time for which application threads were stopped: 0.0005475 seconds, Stopping threads took: 0.0000785 seconds
[2019-06-24T09:55:23.711+0000][1][safepoint    ] Application time: 0.2686944 seconds
[2019-06-24T09:55:23.711+0000][1][safepoint    ] Entering safepoint region: RevokeBias
[2019-06-24T09:55:23.711+0000][1][safepoint    ] Leaving safepoint region
[2019-06-24T09:55:23.711+0000][1][safepoint    ] Total time for which application threads were stopped: 0.0003919 seconds, Stopping threads took: 0.0000764 seconds
[2019-06-24T09:55:23.714+0000][1][safepoint    ] Application time: 0.0025164 seconds
[2019-06-24T09:55:23.714+0000][1][safepoint    ] Entering safepoint region: RevokeBias
[2019-06-24T09:55:23.715+0000][1][safepoint    ] Leaving safepoint region
[2019-06-24T09:55:23.715+0000][1][safepoint    ] Total time for which application threads were stopped: 0.0004429 seconds, Stopping threads took: 0.0001515 seconds
[2019-06-24T09:55:23.725+0000][1][safepoint    ] Application time: 0.0107210 seconds
[2019-06-24T09:55:23.726+0000][1][safepoint    ] Entering safepoint region: RevokeBias
[2019-06-24T09:55:23.726+0000][1][safepoint    ] Leaving safepoint region
[2019-06-24T09:55:23.726+0000][1][safepoint    ] Total time for which application threads were stopped: 0.0004869 seconds, Stopping threads took: 0.0000746 seconds
[2019-06-24T09:55:23.756+0000][1][safepoint    ] Application time: 0.0297335 seconds
[2019-06-24T09:55:23.756+0000][1][safepoint    ] Entering safepoint region: RevokeBias
[2019-06-24T09:55:23.756+0000][1][safepoint    ] Leaving safepoint region
[2019-06-24T09:55:23.756+0000][1][safepoint    ] Total time for which application threads were stopped: 0.0001422 seconds, Stopping threads took: 0.0000229 seconds
[2019-06-24T09:55:23.756+0000][1][safepoint    ] Application time: 0.0001373 seconds
[2019-06-24T09:55:23.756+0000][1][safepoint    ] Entering safepoint region: RevokeBias
[2019-06-24T09:55:23.756+0000][1][safepoint    ] Leaving safepoint region
[2019-06-24T09:55:23.756+0000][1][safepoint    ] Total time for which application threads were stopped: 0.0000950 seconds, Stopping threads took: 0.0000155 seconds
[2019-06-24T09:55:23.774+0000][1][safepoint    ] Application time: 0.0176508 seconds
[2019-06-24T09:55:23.774+0000][1][safepoint    ] Entering safepoint region: RevokeBias
[2019-06-24T09:55:23.774+0000][1][safepoint    ] Leaving safepoint region
[2019-06-24T09:55:23.774+0000][1][safepoint    ] Total time for which application threads were stopped: 0.0001916 seconds, Stopping threads took: 0.0000323 seconds
[2019-06-24T09:55:23.776+0000][1][safepoint    ] Application time: 0.0017791 seconds
[2019-06-24T09:55:23.776+0000][1][safepoint    ] Entering safepoint region: RevokeBias
[2019-06-24T09:55:23.776+0000][1][safepoint    ] Leaving safepoint region
[2019-06-24T09:55:23.776+0000][1][safepoint    ] Total time for which application threads were stopped: 0.0002148 seconds, Stopping threads took: 0.0001134 seconds
[2019-06-24T09:55:23.780+0000][1][safepoint    ] Application time: 0.0035041 seconds
[2019-06-24T09:55:23.780+0000][1][safepoint    ] Entering safepoint region: RevokeBias
[2019-06-24T09:55:23.780+0000][1][safepoint    ] Leaving safepoint region
[2019-06-24T09:55:23.780+0000][1][safepoint    ] Total time for which application threads were stopped: 0.0001371 seconds, Stopping threads took: 0.0000694 seconds
[2019-06-24T09:55:23.780+0000][1][safepoint    ] Application time: 0.0000908 seconds
[2019-06-24T09:55:23.780+0000][1][safepoint    ] Entering safepoint region: RevokeBias
[2019-06-24T09:55:23.780+0000][1][safepoint    ] Leaving safepoint region
[2019-06-24T09:55:23.780+0000][1][safepoint    ] Total time for which application threads were stopped: 0.0000935 seconds, Stopping threads took: 0.0000432 seconds
[2019-06-24T09:55:23.783+0000][1][safepoint    ] Application time: 0.0029333 seconds
[2019-06-24T09:55:23.783+0000][1][safepoint    ] Entering safepoint region: RevokeBias
[2019-06-24T09:55:23.783+0000][1][safepoint    ] Leaving safepoint region
[2019-06-24T09:55:23.783+0000][1][safepoint    ] Total time for which application threads were stopped: 0.0000910 seconds, Stopping threads took: 0.0000263 seconds
[2019-06-24T09:55:23.847+0000][1][safepoint    ] Application time: 0.0639686 seconds
[2019-06-24T09:55:23.847+0000][1][safepoint    ] Entering safepoint region: Deoptimize
[2019-06-24T09:55:23.848+0000][1][safepoint    ] Leaving safepoint region
[2019-06-24T09:55:23.848+0000][1][safepoint    ] Total time for which application threads were stopped: 0.0006740 seconds, Stopping threads took: 0.0000316 seconds
[2019-06-24T09:55:24.848+0000][1][safepoint    ] Application time: 1.0001719 seconds
[2019-06-24T09:55:24.848+0000][1][safepoint    ] Entering safepoint region: Cleanup
[2019-06-24T09:55:24.848+0000][1][safepoint    ] Leaving safepoint region
[2019-06-24T09:55:24.848+0000][1][safepoint    ] Total time for which application threads were stopped: 0.0002626 seconds, Stopping threads took: 0.0000606 seconds
[2019-06-24T09:55:26.849+0000][1][safepoint    ] Application time: 2.0005026 seconds
[2019-06-24T09:55:26.849+0000][1][safepoint    ] Entering safepoint region: Cleanup
[2019-06-24T09:55:26.849+0000][1][safepoint    ] Leaving safepoint region
[2019-06-24T09:55:26.849+0000][1][safepoint    ] Total time for which application threads were stopped: 0.0002665 seconds, Stopping threads took: 0.0000789 seconds
[2019-06-24T09:55:28.850+0000][1][safepoint    ] Application time: 2.0003516 seconds
[2019-06-24T09:55:28.850+0000][1][safepoint    ] Entering safepoint region: Cleanup
[2019-06-24T09:55:28.850+0000][1][safepoint    ] Leaving safepoint region
[2019-06-24T09:55:28.850+0000][1][safepoint    ] Total time for which application threads were stopped: 0.0002697 seconds, Stopping threads took: 0.0000622 seconds
[2019-06-24T09:55:30.850+0000][1][safepoint    ] Application time: 2.0004304 seconds
[2019-06-24T09:55:30.851+0000][1][safepoint    ] Entering safepoint region: Cleanup
[2019-06-24T09:55:30.851+0000][1][safepoint    ] Leaving safepoint region
[2019-06-24T09:55:30.851+0000][1][safepoint    ] Total time for which application threads were stopped: 0.0003219 seconds, Stopping threads took: 0.0000780 seconds
[2019-06-24T09:55:32.851+0000][1][safepoint    ] Application time: 2.0004191 seconds
[2019-06-24T09:55:32.852+0000][1][safepoint    ] Entering safepoint region: Cleanup
[2019-06-24T09:55:32.852+0000][1][safepoint    ] Leaving safepoint region
[2019-06-24T09:55:32.852+0000][1][safepoint    ] Total time for which application threads were stopped: 0.0002842 seconds, Stopping threads took: 0.0000661 seconds
[2019-06-24T09:55:36.853+0000][1][safepoint    ] Application time: 4.0007218 seconds
[2019-06-24T09:55:36.853+0000][1][safepoint    ] Entering safepoint region: Cleanup
[2019-06-24T09:55:36.853+0000][1][safepoint    ] Leaving safepoint region
[2019-06-24T09:55:36.853+0000][1][safepoint    ] Total time for which application threads were stopped: 0.0003095 seconds, Stopping threads took: 0.0000620 seconds
[2019-06-24T09:55:38.853+0000][1][safepoint    ] Application time: 2.0003490 seconds
[2019-06-24T09:55:38.854+0000][1][safepoint    ] Entering safepoint region: Cleanup
[2019-06-24T09:55:38.855+0000][1][safepoint    ] Leaving safepoint region
[2019-06-24T09:55:38.855+0000][1][safepoint    ] Total time for which application threads were stopped: 0.0012977 seconds, Stopping threads took: 0.0009342 seconds
[2019-06-24T09:55:39.855+0000][1][safepoint    ] Application time: 1.0002699 seconds
[2019-06-24T09:55:39.855+0000][1][safepoint    ] Entering safepoint region: Cleanup
[2019-06-24T09:55:39.855+0000][1][safepoint    ] Leaving safepoint region
[2019-06-24T09:55:39.856+0000][1][safepoint    ] Total time for which application threads were stopped: 0.0003006 seconds, Stopping threads took: 0.0000686 seconds
[2019-06-24T09:55:41.856+0000][1][safepoint    ] Application time: 2.0004300 seconds
[2019-06-24T09:55:41.856+0000][1][safepoint    ] Entering safepoint region: Cleanup
[2019-06-24T09:55:41.856+0000][1][safepoint    ] Leaving safepoint region
[2019-06-24T09:55:41.856+0000][1][safepoint    ] Total time for which application threads were stopped: 0.0003240 seconds, Stopping threads took: 0.0001035 seconds
[2019-06-24T09:55:42.857+0000][1][safepoint    ] Application time: 1.0002084 seconds
[2019-06-24T09:55:42.857+0000][1][safepoint    ] Entering safepoint region: Cleanup
[2019-06-24T09:55:42.857+0000][1][safepoint    ] Leaving safepoint region
[2019-06-24T09:55:42.857+0000][1][safepoint    ] Total time for which application threads were stopped: 0.0002923 seconds, Stopping threads took: 0.0000685 seconds
[2019-06-24T09:55:43.857+0000][1][safepoint    ] Application time: 1.0002470 seconds
[2019-06-24T09:55:43.857+0000][1][safepoint    ] Entering safepoint region: Cleanup
[2019-06-24T09:55:43.858+0000][1][safepoint    ] Leaving safepoint region
[2019-06-24T09:55:43.858+0000][1][safepoint    ] Total time for which application threads were stopped: 0.0002919 seconds, Stopping threads took: 0.0000670 seconds
[2019-06-24T09:55:45.858+0000][1][safepoint    ] Application time: 2.0004978 seconds
[2019-06-24T09:55:45.858+0000][1][safepoint    ] Entering safepoint region: Cleanup
[2019-06-24T09:55:45.859+0000][1][safepoint    ] Leaving safepoint region
[2019-06-24T09:55:45.859+0000][1][safepoint    ] Total time for which application threads were stopped: 0.0004367 seconds, Stopping threads took: 0.0001423 seconds
[2019-06-24T09:55:48.859+0000][1][safepoint    ] Application time: 3.0005291 seconds
[2019-06-24T09:55:48.860+0000][1][safepoint    ] Entering safepoint region: Cleanup
[2019-06-24T09:55:48.860+0000][1][safepoint    ] Leaving safepoint region
[2019-06-24T09:55:48.860+0000][1][safepoint    ] Total time for which application threads were stopped: 0.0003803 seconds, Stopping threads took: 0.0000763 seconds
[2019-06-24T09:55:49.860+0000][1][safepoint    ] Application time: 1.0002679 seconds
[2019-06-24T09:55:49.860+0000][1][safepoint    ] Entering safepoint region: Cleanup
[2019-06-24T09:55:49.861+0000][1][safepoint    ] Leaving safepoint region
[2019-06-24T09:55:49.861+0000][1][safepoint    ] Total time for which application threads were stopped: 0.0002999 seconds, Stopping threads took: 0.0000682 seconds
[2019-06-24T09:55:50.861+0000][1][safepoint    ] Application time: 1.0000962 seconds
[2019-06-24T09:55:50.861+0000][1][safepoint    ] Entering safepoint region: Cleanup
[2019-06-24T09:55:50.861+0000][1][safepoint    ] Leaving safepoint region
[2019-06-24T09:55:50.861+0000][1][safepoint    ] Total time for which application threads were stopped: 0.0001208 seconds, Stopping threads took: 0.0000270 seconds
[2019-06-24T09:55:51.861+0000][1][safepoint    ] Application time: 1.0001580 seconds
[2019-06-24T09:55:51.861+0000][1][safepoint    ] Entering safepoint region: Cleanup
[2019-06-24T09:55:51.861+0000][1][safepoint    ] Leaving safepoint region
[2019-06-24T09:55:51.861+0000][1][safepoint    ] Total time for which application threads were stopped: 0.0003057 seconds, Stopping threads took: 0.0000707 seconds
[2019-06-24T09:55:52.862+0000][1][safepoint    ] Application time: 1.0002676 seconds
[2019-06-24T09:55:52.862+0000][1][safepoint    ] Entering safepoint region: Cleanup
[2019-06-24T09:55:52.862+0000][1][safepoint    ] Leaving safepoint region
[2019-06-24T09:55:52.862+0000][1][safepoint    ] Total time for which application threads were stopped: 0.0002871 seconds, Stopping threads took: 0.0000669 seconds
[2019-06-24T09:55:53.863+0000][1][safepoint    ] Application time: 1.0003083 seconds
[2019-06-24T09:55:53.863+0000][1][safepoint    ] Entering safepoint region: Cleanup
[2019-06-24T09:55:53.863+0000][1][safepoint    ] Leaving safepoint region
[2019-06-24T09:55:53.863+0000][1][safepoint    ] Total time for which application threads were stopped: 0.0003579 seconds, Stopping threads took: 0.0000654 seconds
[2019-06-24T09:55:55.589+0000][1][safepoint    ] Application time: 1.7259696 seconds
[2019-06-24T09:55:55.589+0000][1][safepoint    ] Entering safepoint region: RevokeBias
[2019-06-24T09:55:55.590+0000][1][safepoint    ] Leaving safepoint region
[2019-06-24T09:55:55.590+0000][1][safepoint    ] Total time for which application threads were stopped: 0.0007038 seconds, Stopping threads took: 0.0003067 seconds
[2019-06-24T09:55:55.591+0000][1][safepoint    ] Application time: 0.0010158 seconds
[2019-06-24T09:55:55.591+0000][1][safepoint    ] Entering safepoint region: RevokeBias
[2019-06-24T09:55:55.591+0000][1][safepoint    ] Leaving safepoint region
[2019-06-24T09:55:55.591+0000][1][safepoint    ] Total time for which application threads were stopped: 0.0004557 seconds, Stopping threads took: 0.0001031 seconds
[2019-06-24T09:55:55.592+0000][1][safepoint    ] Application time: 0.0005051 seconds
[2019-06-24T09:55:55.592+0000][1][safepoint    ] Entering safepoint region: RevokeBias
[2019-06-24T09:55:55.593+0000][1][safepoint    ] Leaving safepoint region
[2019-06-24T09:55:55.593+0000][1][safepoint    ] Total time for which application threads were stopped: 0.0005222 seconds, Stopping threads took: 0.0001802 seconds
[2019-06-24T09:55:55.593+0000][1][safepoint    ] Application time: 0.0003373 seconds
[2019-06-24T09:55:55.594+0000][1][safepoint    ] Entering safepoint region: RevokeBias
[2019-06-24T09:55:55.594+0000][1][safepoint    ] Leaving safepoint region
[2019-06-24T09:55:55.594+0000][1][safepoint    ] Total time for which application threads were stopped: 0.0013035 seconds, Stopping threads took: 0.0009227 seconds
[2019-06-24T09:55:55.595+0000][1][safepoint    ] Application time: 0.0007412 seconds
[2019-06-24T09:55:55.595+0000][1][safepoint    ] Entering safepoint region: RevokeBias
[2019-06-24T09:55:55.596+0000][1][safepoint    ] Leaving safepoint region
[2019-06-24T09:55:55.596+0000][1][safepoint    ] Total time for which application threads were stopped: 0.0005411 seconds, Stopping threads took: 0.0001975 seconds
[2019-06-24T09:55:55.596+0000][1][safepoint    ] Application time: 0.0007026 seconds
[2019-06-24T09:55:55.597+0000][1][safepoint    ] Entering safepoint region: RevokeBias
[2019-06-24T09:55:55.597+0000][1][safepoint    ] Leaving safepoint region
[2019-06-24T09:55:55.597+0000][1][safepoint    ] Total time for which application threads were stopped: 0.0003665 seconds, Stopping threads took: 0.0000713 seconds
[2019-06-24T09:55:56.597+0000][1][safepoint    ] Application time: 1.0002689 seconds
[2019-06-24T09:55:56.597+0000][1][safepoint    ] Entering safepoint region: Cleanup
[2019-06-24T09:55:56.598+0000][1][safepoint    ] Leaving safepoint region
[2019-06-24T09:55:56.598+0000][1][safepoint    ] Total time for which application threads were stopped: 0.0003614 seconds, Stopping threads took: 0.0001011 seconds
[2019-06-24T09:55:57.598+0000][1][safepoint    ] Application time: 1.0001973 seconds
[2019-06-24T09:55:57.598+0000][1][safepoint    ] Entering safepoint region: Cleanup
[2019-06-24T09:55:57.598+0000][1][safepoint    ] Leaving safepoint region
[2019-06-24T09:55:57.598+0000][1][safepoint    ] Total time for which application threads were stopped: 0.0002733 seconds, Stopping threads took: 0.0000648 seconds
[2019-06-24T09:56:05.411+0000][1][safepoint    ] Application time: 7.8124245 seconds
[2019-06-24T09:56:05.414+0000][1][safepoint    ] Entering safepoint region: RevokeBias
[2019-06-24T09:56:05.414+0000][1][safepoint    ] Leaving safepoint region
[2019-06-24T09:56:05.415+0000][1][safepoint    ] Total time for which application threads were stopped: 0.0030706 seconds, Stopping threads took: 0.0025385 seconds
[2019-06-24T09:56:06.415+0000][1][safepoint    ] Application time: 1.0001671 seconds
[2019-06-24T09:56:06.415+0000][1][safepoint    ] Entering safepoint region: Cleanup
[2019-06-24T09:56:06.415+0000][1][safepoint    ] Leaving safepoint region
[2019-06-24T09:56:06.415+0000][1][safepoint    ] Total time for which application threads were stopped: 0.0001378 seconds, Stopping threads took: 0.0000364 seconds
[2019-06-24T09:56:07.415+0000][1][safepoint    ] Application time: 1.0000891 seconds
[2019-06-24T09:56:07.415+0000][1][safepoint    ] Entering safepoint region: Cleanup
[2019-06-24T09:56:07.415+0000][1][safepoint    ] Leaving safepoint region
[2019-06-24T09:56:07.415+0000][1][safepoint    ] Total time for which application threads were stopped: 0.0001660 seconds, Stopping threads took: 0.0000355 seconds
[2019-06-24T09:56:08.416+0000][1][safepoint    ] Application time: 1.0001240 seconds
[2019-06-24T09:56:08.416+0000][1][safepoint    ] Entering safepoint region: Cleanup
[2019-06-24T09:56:08.416+0000][1][safepoint    ] Leaving safepoint region
[2019-06-24T09:56:08.416+0000][1][safepoint    ] Total time for which application threads were stopped: 0.0001111 seconds, Stopping threads took: 0.0000261 seconds
[2019-06-24T09:56:09.416+0000][1][safepoint    ] Application time: 1.0000928 seconds
[2019-06-24T09:56:09.416+0000][1][safepoint    ] Entering safepoint region: Cleanup
[2019-06-24T09:56:09.416+0000][1][safepoint    ] Leaving safepoint region
[2019-06-24T09:56:09.416+0000][1][safepoint    ] Total time for which application threads were stopped: 0.0001612 seconds, Stopping threads took: 0.0000364 seconds
[2019-06-24T09:56:10.416+0000][1][safepoint    ] Application time: 1.0001017 seconds
[2019-06-24T09:56:10.416+0000][1][safepoint    ] Entering safepoint region: Cleanup
[2019-06-24T09:56:10.416+0000][1][safepoint    ] Leaving safepoint region
[2019-06-24T09:56:10.416+0000][1][safepoint    ] Total time for which application threads were stopped: 0.0001935 seconds, Stopping threads took: 0.0000422 seconds
[2019-06-24T09:56:11.417+0000][1][safepoint    ] Application time: 1.0001226 seconds
[2019-06-24T09:56:11.417+0000][1][safepoint    ] Entering safepoint region: Cleanup
[2019-06-24T09:56:11.417+0000][1][safepoint    ] Leaving safepoint region
[2019-06-24T09:56:11.417+0000][1][safepoint    ] Total time for which application threads were stopped: 0.0002667 seconds, Stopping threads took: 0.0001369 seconds
[2019-06-24T09:56:12.417+0000][1][safepoint    ] Application time: 1.0000899 seconds
[2019-06-24T09:56:12.417+0000][1][safepoint    ] Entering safepoint region: Cleanup
[2019-06-24T09:56:12.417+0000][1][safepoint    ] Leaving safepoint region
[2019-06-24T09:56:12.417+0000][1][safepoint    ] Total time for which application threads were stopped: 0.0001634 seconds, Stopping threads took: 0.0000365 seconds
[2019-06-24T09:56:12.421+0000][1][safepoint    ] Application time: 0.0033452 seconds
[2019-06-24T09:56:12.421+0000][1][safepoint    ] Entering safepoint region: RevokeBias
[2019-06-24T09:56:12.421+0000][1][safepoint    ] Leaving safepoint region
[2019-06-24T09:56:12.421+0000][1][safepoint    ] Total time for which application threads were stopped: 0.0006116 seconds, Stopping threads took: 0.0000976 seconds
[2019-06-24T09:56:12.559+0000][1][safepoint    ] Application time: 0.1380171 seconds
[2019-06-24T09:56:12.559+0000][1][safepoint    ] Entering safepoint region: RevokeBias
[2019-06-24T09:56:12.560+0000][1][safepoint    ] Leaving safepoint region
[2019-06-24T09:56:12.560+0000][1][safepoint    ] Total time for which application threads were stopped: 0.0004473 seconds, Stopping threads took: 0.0000765 seconds
[2019-06-24T09:56:12.574+0000][1][safepoint    ] Application time: 0.0141783 seconds
[2019-06-24T09:56:12.574+0000][1][safepoint    ] Entering safepoint region: RevokeBias
[2019-06-24T09:56:12.574+0000][1][safepoint    ] Leaving safepoint region
[2019-06-24T09:56:12.574+0000][1][safepoint    ] Total time for which application threads were stopped: 0.0002145 seconds, Stopping threads took: 0.0000444 seconds
[2019-06-24T09:56:12.581+0000][1][safepoint    ] Application time: 0.0069338 seconds
[2019-06-24T09:56:12.581+0000][1][safepoint    ] Entering safepoint region: RevokeBias
[2019-06-24T09:56:12.582+0000][1][safepoint    ] Leaving safepoint region
[2019-06-24T09:56:12.582+0000][1][safepoint    ] Total time for which application threads were stopped: 0.0002273 seconds, Stopping threads took: 0.0000834 seconds
[2019-06-24T09:56:12.582+0000][1][safepoint    ] Application time: 0.0004005 seconds
[2019-06-24T09:56:12.582+0000][1][safepoint    ] Entering safepoint region: RevokeBias
[2019-06-24T09:56:12.582+0000][1][safepoint    ] Leaving safepoint region
[2019-06-24T09:56:12.582+0000][1][safepoint    ] Total time for which application threads were stopped: 0.0002206 seconds, Stopping threads took: 0.0000753 seconds
[2019-06-24T09:56:12.583+0000][1][safepoint    ] Application time: 0.0010580 seconds
[2019-06-24T09:56:12.583+0000][1][safepoint    ] Entering safepoint region: RevokeBias
[2019-06-24T09:56:12.583+0000][1][safepoint    ] Leaving safepoint region
[2019-06-24T09:56:12.584+0000][1][safepoint    ] Total time for which application threads were stopped: 0.0001181 seconds, Stopping threads took: 0.0000237 seconds
[2019-06-24T09:56:12.601+0000][1][safepoint    ] Application time: 0.0178435 seconds
[2019-06-24T09:56:12.601+0000][1][safepoint    ] Entering safepoint region: RevokeBias
[2019-06-24T09:56:12.602+0000][1][safepoint    ] Leaving safepoint region
[2019-06-24T09:56:12.602+0000][1][safepoint    ] Total time for which application threads were stopped: 0.0001667 seconds, Stopping threads took: 0.0000330 seconds
[2019-06-24T09:56:12.603+0000][1][safepoint    ] Application time: 0.0013803 seconds
[2019-06-24T09:56:12.603+0000][1][safepoint    ] Entering safepoint region: RevokeBias
[2019-06-24T09:56:12.603+0000][1][safepoint    ] Leaving safepoint region
[2019-06-24T09:56:12.603+0000][1][safepoint    ] Total time for which application threads were stopped: 0.0001064 seconds, Stopping threads took: 0.0000205 seconds
[2019-06-24T09:56:12.609+0000][1][safepoint    ] Application time: 0.0059251 seconds
[2019-06-24T09:56:12.609+0000][1][safepoint    ] Entering safepoint region: RevokeBias
[2019-06-24T09:56:12.609+0000][1][safepoint    ] Leaving safepoint region
[2019-06-24T09:56:12.609+0000][1][safepoint    ] Total time for which application threads were stopped: 0.0003747 seconds, Stopping threads took: 0.0000394 seconds
[2019-06-24T09:56:12.611+0000][1][safepoint    ] Application time: 0.0016621 seconds
[2019-06-24T09:56:12.611+0000][1][safepoint    ] Entering safepoint region: RevokeBias
[2019-06-24T09:56:12.612+0000][1][safepoint    ] Leaving safepoint region
[2019-06-24T09:56:12.612+0000][1][safepoint    ] Total time for which application threads were stopped: 0.0002894 seconds, Stopping threads took: 0.0001273 seconds
[2019-06-24T09:56:12.612+0000][1][safepoint    ] Application time: 0.0007560 seconds
[2019-06-24T09:56:12.613+0000][1][safepoint    ] Entering safepoint region: RevokeBias
[2019-06-24T09:56:12.613+0000][1][safepoint    ] Leaving safepoint region
[2019-06-24T09:56:12.613+0000][1][safepoint    ] Total time for which application threads were stopped: 0.0003053 seconds, Stopping threads took: 0.0001295 seconds
[2019-06-24T09:56:12.613+0000][1][safepoint    ] Application time: 0.0005087 seconds
[2019-06-24T09:56:12.613+0000][1][safepoint    ] Entering safepoint region: RevokeBias
[2019-06-24T09:56:12.613+0000][1][safepoint    ] Leaving safepoint region
[2019-06-24T09:56:12.613+0000][1][safepoint    ] Total time for which application threads were stopped: 0.0001885 seconds, Stopping threads took: 0.0000654 seconds
[2019-06-24T09:56:12.637+0000][1][safepoint    ] Application time: 0.0234151 seconds
[2019-06-24T09:56:12.637+0000][1][safepoint    ] Entering safepoint region: RevokeBias
[2019-06-24T09:56:12.637+0000][1][safepoint    ] Leaving safepoint region
[2019-06-24T09:56:12.637+0000][1][safepoint    ] Total time for which application threads were stopped: 0.0003925 seconds, Stopping threads took: 0.0001505 seconds
[2019-06-24T09:56:12.639+0000][1][safepoint    ] Application time: 0.0013560 seconds
[2019-06-24T09:56:12.640+0000][1][safepoint    ] Entering safepoint region: RevokeBias
[2019-06-24T09:56:12.640+0000][1][safepoint    ] Leaving safepoint region
[2019-06-24T09:56:12.640+0000][1][safepoint    ] Total time for which application threads were stopped: 0.0013328 seconds, Stopping threads took: 0.0011122 seconds
[2019-06-24T09:56:12.641+0000][1][safepoint    ] Application time: 0.0004334 seconds
[2019-06-24T09:56:12.641+0000][1][safepoint    ] Entering safepoint region: RevokeBias
[2019-06-24T09:56:12.641+0000][1][safepoint    ] Leaving safepoint region
[2019-06-24T09:56:12.641+0000][1][safepoint    ] Total time for which application threads were stopped: 0.0003653 seconds, Stopping threads took: 0.0001932 seconds
[2019-06-24T09:56:12.642+0000][1][safepoint    ] Application time: 0.0006924 seconds
[2019-06-24T09:56:12.642+0000][1][safepoint    ] Entering safepoint region: RevokeBias
[2019-06-24T09:56:12.642+0000][1][safepoint    ] Leaving safepoint region
[2019-06-24T09:56:12.642+0000][1][safepoint    ] Total time for which application threads were stopped: 0.0002864 seconds, Stopping threads took: 0.0000602 seconds
[2019-06-24T09:56:12.642+0000][1][safepoint    ] Application time: 0.0002184 seconds
[2019-06-24T09:56:12.642+0000][1][safepoint    ] Entering safepoint region: RevokeBias
[2019-06-24T09:56:12.643+0000][1][safepoint    ] Leaving safepoint region
[2019-06-24T09:56:12.643+0000][1][safepoint    ] Total time for which application threads were stopped: 0.0005768 seconds, Stopping threads took: 0.0000953 seconds
[2019-06-24T09:56:12.644+0000][1][safepoint    ] Application time: 0.0010035 seconds
[2019-06-24T09:56:12.644+0000][1][safepoint    ] Entering safepoint region: BulkRevokeBias
[2019-06-24T09:56:12.645+0000][1][safepoint    ] Leaving safepoint region
[2019-06-24T09:56:12.645+0000][1][safepoint    ] Total time for which application threads were stopped: 0.0006365 seconds, Stopping threads took: 0.0001014 seconds
[2019-06-24T09:56:12.645+0000][1][safepoint    ] Application time: 0.0003435 seconds
[2019-06-24T09:56:12.645+0000][1][safepoint    ] Entering safepoint region: RevokeBias
[2019-06-24T09:56:12.645+0000][1][safepoint    ] Leaving safepoint region
[2019-06-24T09:56:12.645+0000][1][safepoint    ] Total time for which application threads were stopped: 0.0002821 seconds, Stopping threads took: 0.0001254 seconds
[2019-06-24T09:56:12.646+0000][1][safepoint    ] Application time: 0.0003013 seconds
[2019-06-24T09:56:12.646+0000][1][safepoint    ] Entering safepoint region: RevokeBias
[2019-06-24T09:56:12.646+0000][1][safepoint    ] Leaving safepoint region
[2019-06-24T09:56:12.646+0000][1][safepoint    ] Total time for which application threads were stopped: 0.0001489 seconds, Stopping threads took: 0.0000343 seconds
[2019-06-24T09:56:12.646+0000][1][safepoint    ] Application time: 0.0004000 seconds
[2019-06-24T09:56:12.646+0000][1][safepoint    ] Entering safepoint region: RevokeBias
[2019-06-24T09:56:12.647+0000][1][safepoint    ] Leaving safepoint region
[2019-06-24T09:56:12.647+0000][1][safepoint    ] Total time for which application threads were stopped: 0.0002807 seconds, Stopping threads took: 0.0000534 seconds
[2019-06-24T09:56:12.647+0000][1][safepoint    ] Application time: 0.0003918 seconds
[2019-06-24T09:56:12.647+0000][1][safepoint    ] Entering safepoint region: RevokeBias
[2019-06-24T09:56:12.647+0000][1][safepoint    ] Leaving safepoint region
[2019-06-24T09:56:12.647+0000][1][safepoint    ] Total time for which application threads were stopped: 0.0002495 seconds, Stopping threads took: 0.0001030 seconds
[2019-06-24T09:56:12.648+0000][1][safepoint    ] Application time: 0.0003413 seconds
[2019-06-24T09:56:12.648+0000][1][safepoint    ] Entering safepoint region: RevokeBias
[2019-06-24T09:56:12.648+0000][1][safepoint    ] Leaving safepoint region
[2019-06-24T09:56:12.648+0000][1][safepoint    ] Total time for which application threads were stopped: 0.0001298 seconds, Stopping threads took: 0.0000218 seconds
[2019-06-24T09:56:12.648+0000][1][safepoint    ] Application time: 0.0003587 seconds
[2019-06-24T09:56:12.648+0000][1][safepoint    ] Entering safepoint region: RevokeBias
[2019-06-24T09:56:12.648+0000][1][safepoint    ] Leaving safepoint region
[2019-06-24T09:56:12.648+0000][1][safepoint    ] Total time for which application threads were stopped: 0.0001827 seconds, Stopping threads took: 0.0000430 seconds
[2019-06-24T09:56:12.649+0000][1][safepoint    ] Application time: 0.0001212 seconds
[2019-06-24T09:56:12.649+0000][1][safepoint    ] Entering safepoint region: BulkRevokeBias
[2019-06-24T09:56:12.649+0000][1][safepoint    ] Leaving safepoint region
[2019-06-24T09:56:12.649+0000][1][safepoint    ] Total time for which application threads were stopped: 0.0005565 seconds, Stopping threads took: 0.0000819 seconds
[2019-06-24T09:56:12.649+0000][1][safepoint    ] Application time: 0.0003973 seconds
[2019-06-24T09:56:12.650+0000][1][safepoint    ] Entering safepoint region: RevokeBias
[2019-06-24T09:56:12.650+0000][1][safepoint    ] Leaving safepoint region
[2019-06-24T09:56:12.650+0000][1][safepoint    ] Total time for which application threads were stopped: 0.0001649 seconds, Stopping threads took: 0.0000516 seconds
[2019-06-24T09:56:12.650+0000][1][safepoint    ] Application time: 0.0004123 seconds
[2019-06-24T09:56:12.652+0000][1][safepoint    ] Entering safepoint region: RevokeBias
[2019-06-24T09:56:12.652+0000][1][safepoint    ] Leaving safepoint region
[2019-06-24T09:56:12.652+0000][1][safepoint    ] Total time for which application threads were stopped: 0.0015578 seconds, Stopping threads took: 0.0013862 seconds
[2019-06-24T09:56:12.652+0000][1][safepoint    ] Application time: 0.0001340 seconds
[2019-06-24T09:56:12.652+0000][1][safepoint    ] Entering safepoint region: RevokeBias
[2019-06-24T09:56:12.652+0000][1][safepoint    ] Leaving safepoint region
[2019-06-24T09:56:12.652+0000][1][safepoint    ] Total time for which application threads were stopped: 0.0002657 seconds, Stopping threads took: 0.0000972 seconds
[2019-06-24T09:56:12.653+0000][1][safepoint    ] Application time: 0.0005013 seconds
[2019-06-24T09:56:12.653+0000][1][safepoint    ] Entering safepoint region: RevokeBias
[2019-06-24T09:56:12.653+0000][1][safepoint    ] Leaving safepoint region
[2019-06-24T09:56:12.653+0000][1][safepoint    ] Total time for which application threads were stopped: 0.0005426 seconds, Stopping threads took: 0.0000928 seconds
[2019-06-24T09:56:12.658+0000][1][safepoint    ] Application time: 0.0044854 seconds
[2019-06-24T09:56:12.658+0000][1][safepoint    ] Entering safepoint region: RevokeBias
[2019-06-24T09:56:12.658+0000][1][safepoint    ] Leaving safepoint region
[2019-06-24T09:56:12.658+0000][1][safepoint    ] Total time for which application threads were stopped: 0.0004589 seconds, Stopping threads took: 0.0000421 seconds
[2019-06-24T09:56:12.661+0000][1][safepoint    ] Application time: 0.0029046 seconds
[2019-06-24T09:56:12.661+0000][1][safepoint    ] Entering safepoint region: RevokeBias
[2019-06-24T09:56:12.662+0000][1][safepoint    ] Leaving safepoint region
[2019-06-24T09:56:12.662+0000][1][safepoint    ] Total time for which application threads were stopped: 0.0003842 seconds, Stopping threads took: 0.0001597 seconds
[2019-06-24T09:56:13.663+0000][1][safepoint    ] Application time: 1.0010093 seconds
[2019-06-24T09:56:13.663+0000][1][safepoint    ] Entering safepoint region: Cleanup
[2019-06-24T09:56:13.663+0000][1][safepoint    ] Leaving safepoint region
[2019-06-24T09:56:13.663+0000][1][safepoint    ] Total time for which application threads were stopped: 0.0002378 seconds, Stopping threads took: 0.0000438 seconds
[2019-06-24T09:56:14.663+0000][1][safepoint    ] Application time: 1.0002339 seconds
[2019-06-24T09:56:14.663+0000][1][safepoint    ] Entering safepoint region: Cleanup
[2019-06-24T09:56:14.664+0000][1][safepoint    ] Leaving safepoint region
[2019-06-24T09:56:14.664+0000][1][safepoint    ] Total time for which application threads were stopped: 0.0002832 seconds, Stopping threads took: 0.0000622 seconds
[2019-06-24T09:56:15.664+0000][1][safepoint    ] Application time: 1.0001851 seconds
[2019-06-24T09:56:15.664+0000][1][safepoint    ] Entering safepoint region: Cleanup
[2019-06-24T09:56:15.664+0000][1][safepoint    ] Leaving safepoint region
[2019-06-24T09:56:15.664+0000][1][safepoint    ] Total time for which application threads were stopped: 0.0003071 seconds, Stopping threads took: 0.0000658 seconds
[2019-06-24T09:56:16.665+0000][1][safepoint    ] Application time: 1.0001809 seconds
[2019-06-24T09:56:16.665+0000][1][safepoint    ] Entering safepoint region: Cleanup
[2019-06-24T09:56:16.665+0000][1][safepoint    ] Leaving safepoint region
[2019-06-24T09:56:16.665+0000][1][safepoint    ] Total time for which application threads were stopped: 0.0003078 seconds, Stopping threads took: 0.0000622 seconds
[2019-06-24T09:56:17.665+0000][1][safepoint    ] Application time: 1.0001480 seconds
[2019-06-24T09:56:17.665+0000][1][safepoint    ] Entering safepoint region: Cleanup
[2019-06-24T09:56:17.665+0000][1][safepoint    ] Leaving safepoint region
[2019-06-24T09:56:17.665+0000][1][safepoint    ] Total time for which application threads were stopped: 0.0001172 seconds, Stopping threads took: 0.0000261 seconds
[2019-06-24T09:56:20.816+0000][1][safepoint    ] Application time: 3.1504009 seconds
[2019-06-24T09:56:20.816+0000][1][safepoint    ] Entering safepoint region: GenCollectForAllocation
[2019-06-24T09:56:20.816+0000][1][gc,start     ] GC(23) Pause Young (Allocation Failure)
[2019-06-24T09:56:20.816+0000][1][gc,task      ] GC(23) Using 5 workers of 8 for evacuation
[2019-06-24T09:56:20.827+0000][1][gc,age       ] GC(23) Desired survivor size 4456448 bytes, new threshold 6 (max threshold 6)
[2019-06-24T09:56:20.827+0000][1][gc,age       ] GC(23) Age table with threshold 6 (max threshold 6)
[2019-06-24T09:56:20.827+0000][1][gc,age       ] GC(23) - age   1:     836096 bytes,     836096 total
[2019-06-24T09:56:20.827+0000][1][gc,age       ] GC(23) - age   2:    2038240 bytes,    2874336 total
[2019-06-24T09:56:20.827+0000][1][gc,heap      ] GC(23) ParNew: 78593K->6107K(78656K)
[2019-06-24T09:56:20.827+0000][1][gc,heap      ] GC(23) CMS: 63610K->67314K(174784K)
[2019-06-24T09:56:20.827+0000][1][gc,metaspace ] GC(23) Metaspace: 69370K->69370K(1112064K)
[2019-06-24T09:56:20.827+0000][1][gc           ] GC(23) Pause Young (Allocation Failure) 138M->71M(247M) 11.236ms
[2019-06-24T09:56:20.827+0000][1][gc,cpu       ] GC(23) User=0.05s Sys=0.00s Real=0.01s
[2019-06-24T09:56:20.827+0000][1][safepoint    ] Leaving safepoint region
[2019-06-24T09:56:20.827+0000][1][safepoint    ] Total time for which application threads were stopped: 0.0117145 seconds, Stopping threads took: 0.0000784 seconds
[2019-06-24T09:56:21.828+0000][1][safepoint    ] Application time: 1.0001284 seconds
[2019-06-24T09:56:21.828+0000][1][safepoint    ] Entering safepoint region: Cleanup
[2019-06-24T09:56:21.828+0000][1][safepoint    ] Leaving safepoint region
[2019-06-24T09:56:21.828+0000][1][safepoint    ] Total time for which application threads were stopped: 0.0004322 seconds, Stopping threads took: 0.0000989 seconds
[2019-06-24T09:56:25.829+0000][1][safepoint    ] Application time: 4.0007571 seconds
[2019-06-24T09:56:25.829+0000][1][safepoint    ] Entering safepoint region: Cleanup
[2019-06-24T09:56:25.829+0000][1][safepoint    ] Leaving safepoint region
[2019-06-24T09:56:25.829+0000][1][safepoint    ] Total time for which application threads were stopped: 0.0003505 seconds, Stopping threads took: 0.0000699 seconds
[2019-06-24T09:56:26.830+0000][1][safepoint    ] Application time: 1.0002572 seconds
[2019-06-24T09:56:26.830+0000][1][safepoint    ] Entering safepoint region: Cleanup
[2019-06-24T09:56:26.830+0000][1][safepoint    ] Leaving safepoint region
[2019-06-24T09:56:26.830+0000][1][safepoint    ] Total time for which application threads were stopped: 0.0002792 seconds, Stopping threads took: 0.0000608 seconds
[2019-06-24T09:56:28.831+0000][1][safepoint    ] Application time: 2.0003707 seconds
[2019-06-24T09:56:28.831+0000][1][safepoint    ] Entering safepoint region: Cleanup
[2019-06-24T09:56:28.831+0000][1][safepoint    ] Leaving safepoint region
[2019-06-24T09:56:28.831+0000][1][safepoint    ] Total time for which application threads were stopped: 0.0002975 seconds, Stopping threads took: 0.0000718 seconds
[2019-06-24T09:56:33.832+0000][1][safepoint    ] Application time: 5.0009802 seconds
[2019-06-24T09:56:33.832+0000][1][safepoint    ] Entering safepoint region: Cleanup
[2019-06-24T09:56:33.832+0000][1][safepoint    ] Leaving safepoint region
[2019-06-24T09:56:33.832+0000][1][safepoint    ] Total time for which application threads were stopped: 0.0001055 seconds, Stopping threads took: 0.0000278 seconds
[2019-06-24T09:56:34.832+0000][1][safepoint    ] Application time: 1.0002335 seconds
[2019-06-24T09:56:34.833+0000][1][safepoint    ] Entering safepoint region: Cleanup
[2019-06-24T09:56:34.833+0000][1][safepoint    ] Leaving safepoint region
[2019-06-24T09:56:34.833+0000][1][safepoint    ] Total time for which application threads were stopped: 0.0002909 seconds, Stopping threads took: 0.0000743 seconds
[2019-06-24T09:56:39.838+0000][1][safepoint    ] Application time: 5.0055523 seconds
[2019-06-24T09:56:39.839+0000][1][safepoint    ] Entering safepoint region: Cleanup
[2019-06-24T09:56:39.839+0000][1][safepoint    ] Leaving safepoint region
[2019-06-24T09:56:39.839+0000][1][safepoint    ] Total time for which application threads were stopped: 0.0003089 seconds, Stopping threads took: 0.0000898 seconds
[2019-06-24T09:56:40.839+0000][1][safepoint    ] Application time: 1.0001383 seconds
[2019-06-24T09:56:40.839+0000][1][safepoint    ] Entering safepoint region: Cleanup
[2019-06-24T09:56:40.839+0000][1][safepoint    ] Leaving safepoint region
[2019-06-24T09:56:40.839+0000][1][safepoint    ] Total time for which application threads were stopped: 0.0001061 seconds, Stopping threads took: 0.0000283 seconds
[2019-06-24T09:56:42.840+0000][1][safepoint    ] Application time: 2.0004602 seconds
[2019-06-24T09:56:42.840+0000][1][safepoint    ] Entering safepoint region: Cleanup
[2019-06-24T09:56:42.840+0000][1][safepoint    ] Leaving safepoint region
[2019-06-24T09:56:42.840+0000][1][safepoint    ] Total time for which application threads were stopped: 0.0002868 seconds, Stopping threads took: 0.0000849 seconds
[2019-06-24T09:56:45.841+0000][1][safepoint    ] Application time: 3.0006988 seconds
[2019-06-24T09:56:45.841+0000][1][safepoint    ] Entering safepoint region: Cleanup
[2019-06-24T09:56:45.841+0000][1][safepoint    ] Leaving safepoint region
[2019-06-24T09:56:45.841+0000][1][safepoint    ] Total time for which application threads were stopped: 0.0002831 seconds, Stopping threads took: 0.0000715 seconds
[2019-06-24T09:56:50.842+0000][1][safepoint    ] Application time: 5.0009387 seconds
[2019-06-24T09:56:50.842+0000][1][safepoint    ] Entering safepoint region: Cleanup
[2019-06-24T09:56:50.843+0000][1][safepoint    ] Leaving safepoint region
[2019-06-24T09:56:50.843+0000][1][safepoint    ] Total time for which application threads were stopped: 0.0012207 seconds, Stopping threads took: 0.0009909 seconds
[2019-06-24T09:56:51.844+0000][1][safepoint    ] Application time: 1.0001425 seconds
[2019-06-24T09:56:51.844+0000][1][safepoint    ] Entering safepoint region: Cleanup
[2019-06-24T09:56:51.844+0000][1][safepoint    ] Leaving safepoint region
[2019-06-24T09:56:51.844+0000][1][safepoint    ] Total time for which application threads were stopped: 0.0001036 seconds, Stopping threads took: 0.0000234 seconds
[2019-06-24T09:56:53.844+0000][1][safepoint    ] Application time: 2.0004828 seconds
[2019-06-24T09:56:53.844+0000][1][safepoint    ] Entering safepoint region: Cleanup
[2019-06-24T09:56:53.845+0000][1][safepoint    ] Leaving safepoint region
[2019-06-24T09:56:53.845+0000][1][safepoint    ] Total time for which application threads were stopped: 0.0002921 seconds, Stopping threads took: 0.0000664 seconds
[2019-06-24T09:56:54.845+0000][1][safepoint    ] Application time: 1.0002568 seconds
[2019-06-24T09:56:54.845+0000][1][safepoint    ] Entering safepoint region: Cleanup
[2019-06-24T09:56:54.845+0000][1][safepoint    ] Leaving safepoint region
[2019-06-24T09:56:54.845+0000][1][safepoint    ] Total time for which application threads were stopped: 0.0002516 seconds, Stopping threads took: 0.0000566 seconds
[2019-06-24T09:56:55.846+0000][1][safepoint    ] Application time: 1.0002479 seconds
[2019-06-24T09:56:55.846+0000][1][safepoint    ] Entering safepoint region: Cleanup
[2019-06-24T09:56:55.846+0000][1][safepoint    ] Leaving safepoint region
[2019-06-24T09:56:55.846+0000][1][safepoint    ] Total time for which application threads were stopped: 0.0007054 seconds, Stopping threads took: 0.0003907 seconds
[2019-06-24T09:56:56.847+0000][1][safepoint    ] Application time: 1.0001976 seconds
[2019-06-24T09:56:56.847+0000][1][safepoint    ] Entering safepoint region: Cleanup
[2019-06-24T09:56:56.847+0000][1][safepoint    ] Leaving safepoint region
[2019-06-24T09:56:56.847+0000][1][safepoint    ] Total time for which application threads were stopped: 0.0002493 seconds, Stopping threads took: 0.0000569 seconds
[2019-06-24T09:56:57.847+0000][1][safepoint    ] Application time: 1.0001961 seconds
[2019-06-24T09:56:57.847+0000][1][safepoint    ] Entering safepoint region: Cleanup
[2019-06-24T09:56:57.848+0000][1][safepoint    ] Leaving safepoint region
[2019-06-24T09:56:57.848+0000][1][safepoint    ] Total time for which application threads were stopped: 0.0003279 seconds, Stopping threads took: 0.0001134 seconds
[2019-06-24T09:56:58.848+0000][1][safepoint    ] Application time: 1.0002447 seconds
[2019-06-24T09:56:58.848+0000][1][safepoint    ] Entering safepoint region: Cleanup
[2019-06-24T09:56:58.848+0000][1][safepoint    ] Leaving safepoint region
[2019-06-24T09:56:58.848+0000][1][safepoint    ] Total time for which application threads were stopped: 0.0002768 seconds, Stopping threads took: 0.0000594 seconds
[2019-06-24T09:56:59.849+0000][1][safepoint    ] Application time: 1.0002500 seconds
[2019-06-24T09:56:59.849+0000][1][safepoint    ] Entering safepoint region: Cleanup
[2019-06-24T09:56:59.849+0000][1][safepoint    ] Leaving safepoint region
[2019-06-24T09:56:59.849+0000][1][safepoint    ] Total time for which application threads were stopped: 0.0003021 seconds, Stopping threads took: 0.0000748 seconds
[2019-06-24T09:57:00.962+0000][1][safepoint    ] Application time: 1.1126219 seconds
[2019-06-24T09:57:00.962+0000][1][safepoint    ] Entering safepoint region: Cleanup
[2019-06-24T09:57:00.963+0000][1][safepoint    ] Leaving safepoint region
[2019-06-24T09:57:00.963+0000][1][safepoint    ] Total time for which application threads were stopped: 0.0013537 seconds, Stopping threads took: 0.0008988 seconds
[2019-06-24T09:57:03.982+0000][1][safepoint    ] Application time: 3.0193024 seconds
[2019-06-24T09:57:03.983+0000][1][safepoint    ] Entering safepoint region: Cleanup
[2019-06-24T09:57:03.983+0000][1][safepoint    ] Leaving safepoint region
[2019-06-24T09:57:03.983+0000][1][safepoint    ] Total time for which application threads were stopped: 0.0003387 seconds, Stopping threads took: 0.0000664 seconds
[2019-06-24T09:57:05.984+0000][1][safepoint    ] Application time: 2.0005574 seconds
[2019-06-24T09:57:05.984+0000][1][safepoint    ] Entering safepoint region: Cleanup
[2019-06-24T09:57:05.984+0000][1][safepoint    ] Leaving safepoint region
[2019-06-24T09:57:05.984+0000][1][safepoint    ] Total time for which application threads were stopped: 0.0007833 seconds, Stopping threads took: 0.0000313 seconds
[2019-06-24T09:57:06.985+0000][1][safepoint    ] Application time: 1.0002652 seconds
[2019-06-24T09:57:06.986+0000][1][safepoint    ] Entering safepoint region: Cleanup
[2019-06-24T09:57:06.986+0000][1][safepoint    ] Leaving safepoint region
[2019-06-24T09:57:06.986+0000][1][safepoint    ] Total time for which application threads were stopped: 0.0001747 seconds, Stopping threads took: 0.0000598 seconds
[2019-06-24T09:57:09.987+0000][1][safepoint    ] Application time: 3.0008095 seconds
[2019-06-24T09:57:09.987+0000][1][safepoint    ] Entering safepoint region: Cleanup
[2019-06-24T09:57:09.987+0000][1][safepoint    ] Leaving safepoint region
[2019-06-24T09:57:09.987+0000][1][safepoint    ] Total time for which application threads were stopped: 0.0001448 seconds, Stopping threads took: 0.0000277 seconds
[2019-06-24T09:57:10.987+0000][1][safepoint    ] Application time: 1.0001623 seconds
[2019-06-24T09:57:10.987+0000][1][safepoint    ] Entering safepoint region: Cleanup
[2019-06-24T09:57:10.987+0000][1][safepoint    ] Leaving safepoint region
[2019-06-24T09:57:10.988+0000][1][safepoint    ] Total time for which application threads were stopped: 0.0009414 seconds, Stopping threads took: 0.0000549 seconds
[2019-06-24T09:57:12.988+0000][1][safepoint    ] Application time: 2.0003152 seconds
[2019-06-24T09:57:12.990+0000][1][safepoint    ] Entering safepoint region: Cleanup
[2019-06-24T09:57:12.990+0000][1][safepoint    ] Leaving safepoint region
[2019-06-24T09:57:12.990+0000][1][safepoint    ] Total time for which application threads were stopped: 0.0007191 seconds, Stopping threads took: 0.0003620 seconds
[2019-06-24T09:57:16.991+0000][1][safepoint    ] Application time: 4.0007773 seconds
[2019-06-24T09:57:16.991+0000][1][safepoint    ] Entering safepoint region: Cleanup
[2019-06-24T09:57:16.991+0000][1][safepoint    ] Leaving safepoint region
[2019-06-24T09:57:16.991+0000][1][safepoint    ] Total time for which application threads were stopped: 0.0002863 seconds, Stopping threads took: 0.0000660 seconds
[2019-06-24T09:57:19.992+0000][1][safepoint    ] Application time: 3.0005131 seconds
[2019-06-24T09:57:19.992+0000][1][safepoint    ] Entering safepoint region: Cleanup
[2019-06-24T09:57:19.992+0000][1][safepoint    ] Leaving safepoint region
[2019-06-24T09:57:19.992+0000][1][safepoint    ] Total time for which application threads were stopped: 0.0003006 seconds, Stopping threads took: 0.0000847 seconds
[2019-06-24T09:57:20.993+0000][1][safepoint    ] Application time: 1.0002778 seconds
[2019-06-24T09:57:20.993+0000][1][safepoint    ] Entering safepoint region: Cleanup
[2019-06-24T09:57:20.993+0000][1][safepoint    ] Leaving safepoint region
[2019-06-24T09:57:20.993+0000][1][safepoint    ] Total time for which application threads were stopped: 0.0002882 seconds, Stopping threads took: 0.0000679 seconds
[2019-06-24T09:57:21.993+0000][1][safepoint    ] Application time: 1.0002833 seconds
[2019-06-24T09:57:21.994+0000][1][safepoint    ] Entering safepoint region: Cleanup
[2019-06-24T09:57:21.994+0000][1][safepoint    ] Leaving safepoint region
[2019-06-24T09:57:21.994+0000][1][safepoint    ] Total time for which application threads were stopped: 0.0002616 seconds, Stopping threads took: 0.0000500 seconds
[2019-06-24T09:57:23.994+0000][1][safepoint    ] Application time: 2.0004484 seconds
[2019-06-24T09:57:23.995+0000][1][safepoint    ] Entering safepoint region: Cleanup
[2019-06-24T09:57:23.995+0000][1][safepoint    ] Leaving safepoint region
[2019-06-24T09:57:23.995+0000][1][safepoint    ] Total time for which application threads were stopped: 0.0004141 seconds, Stopping threads took: 0.0001745 seconds
[2019-06-24T09:57:25.995+0000][1][safepoint    ] Application time: 2.0002952 seconds
[2019-06-24T09:57:25.995+0000][1][safepoint    ] Entering safepoint region: Cleanup
[2019-06-24T09:57:25.996+0000][1][safepoint    ] Leaving safepoint region
[2019-06-24T09:57:25.996+0000][1][safepoint    ] Total time for which application threads were stopped: 0.0003249 seconds, Stopping threads took: 0.0000733 seconds
[2019-06-24T09:57:26.996+0000][1][safepoint    ] Application time: 1.0002317 seconds
[2019-06-24T09:57:26.996+0000][1][safepoint    ] Entering safepoint region: Cleanup
[2019-06-24T09:57:26.996+0000][1][safepoint    ] Leaving safepoint region
[2019-06-24T09:57:26.996+0000][1][safepoint    ] Total time for which application threads were stopped: 0.0002972 seconds, Stopping threads took: 0.0000903 seconds
[2019-06-24T09:57:30.997+0000][1][safepoint    ] Application time: 4.0007232 seconds
[2019-06-24T09:57:30.997+0000][1][safepoint    ] Entering safepoint region: Cleanup
[2019-06-24T09:57:30.997+0000][1][safepoint    ] Leaving safepoint region
[2019-06-24T09:57:30.997+0000][1][safepoint    ] Total time for which application threads were stopped: 0.0002935 seconds, Stopping threads took: 0.0000662 seconds
[2019-06-24T09:57:33.998+0000][1][safepoint    ] Application time: 3.0006169 seconds
[2019-06-24T09:57:33.998+0000][1][safepoint    ] Entering safepoint region: Cleanup
[2019-06-24T09:57:33.998+0000][1][safepoint    ] Leaving safepoint region
[2019-06-24T09:57:33.998+0000][1][safepoint    ] Total time for which application threads were stopped: 0.0002844 seconds, Stopping threads took: 0.0000697 seconds
[2019-06-24T09:57:39.000+0000][1][safepoint    ] Application time: 5.0009950 seconds
[2019-06-24T09:57:39.001+0000][1][safepoint    ] Entering safepoint region: Cleanup
[2019-06-24T09:57:39.001+0000][1][safepoint    ] Leaving safepoint region
[2019-06-24T09:57:39.001+0000][1][safepoint    ] Total time for which application threads were stopped: 0.0003606 seconds, Stopping threads took: 0.0001046 seconds
[2019-06-24T09:57:42.002+0000][1][safepoint    ] Application time: 3.0006888 seconds
[2019-06-24T09:57:42.002+0000][1][safepoint    ] Entering safepoint region: Cleanup
[2019-06-24T09:57:42.002+0000][1][safepoint    ] Leaving safepoint region
[2019-06-24T09:57:42.002+0000][1][safepoint    ] Total time for which application threads were stopped: 0.0002701 seconds, Stopping threads took: 0.0000611 seconds
[2019-06-24T09:57:48.003+0000][1][safepoint    ] Application time: 6.0011785 seconds
[2019-06-24T09:57:48.004+0000][1][safepoint    ] Entering safepoint region: Cleanup
[2019-06-24T09:57:48.005+0000][1][safepoint    ] Leaving safepoint region
[2019-06-24T09:57:48.005+0000][1][safepoint    ] Total time for which application threads were stopped: 0.0002554 seconds, Stopping threads took: 0.0000758 seconds
[2019-06-24T09:57:57.007+0000][1][safepoint    ] Application time: 9.0019965 seconds
[2019-06-24T09:57:57.007+0000][1][safepoint    ] Entering safepoint region: Cleanup
[2019-06-24T09:57:57.007+0000][1][safepoint    ] Leaving safepoint region
[2019-06-24T09:57:57.007+0000][1][safepoint    ] Total time for which application threads were stopped: 0.0003377 seconds, Stopping threads took: 0.0001217 seconds
[2019-06-24T09:57:58.007+0000][1][safepoint    ] Application time: 1.0002595 seconds
[2019-06-24T09:57:58.008+0000][1][safepoint    ] Entering safepoint region: Cleanup
[2019-06-24T09:57:58.008+0000][1][safepoint    ] Leaving safepoint region
[2019-06-24T09:57:58.008+0000][1][safepoint    ] Total time for which application threads were stopped: 0.0003108 seconds, Stopping threads took: 0.0000811 seconds
[2019-06-24T09:57:59.008+0000][1][safepoint    ] Application time: 1.0002610 seconds
[2019-06-24T09:57:59.008+0000][1][safepoint    ] Entering safepoint region: Cleanup
[2019-06-24T09:57:59.008+0000][1][safepoint    ] Leaving safepoint region
[2019-06-24T09:57:59.009+0000][1][safepoint    ] Total time for which application threads were stopped: 0.0003091 seconds, Stopping threads took: 0.0000696 seconds
[2019-06-24T09:58:00.009+0000][1][safepoint    ] Application time: 1.0002603 seconds
[2019-06-24T09:58:00.009+0000][1][safepoint    ] Entering safepoint region: Cleanup
[2019-06-24T09:58:00.009+0000][1][safepoint    ] Leaving safepoint region
[2019-06-24T09:58:00.009+0000][1][safepoint    ] Total time for which application threads were stopped: 0.0002990 seconds, Stopping threads took: 0.0000694 seconds
[2019-06-24T09:58:03.010+0000][1][safepoint    ] Application time: 3.0004627 seconds
[2019-06-24T09:58:03.010+0000][1][safepoint    ] Entering safepoint region: Cleanup
[2019-06-24T09:58:03.010+0000][1][safepoint    ] Leaving safepoint region
[2019-06-24T09:58:03.010+0000][1][safepoint    ] Total time for which application threads were stopped: 0.0001070 seconds, Stopping threads took: 0.0000311 seconds
[2019-06-24T09:58:04.010+0000][1][safepoint    ] Application time: 1.0002357 seconds
[2019-06-24T09:58:04.010+0000][1][safepoint    ] Entering safepoint region: Cleanup
[2019-06-24T09:58:04.010+0000][1][safepoint    ] Leaving safepoint region
[2019-06-24T09:58:04.010+0000][1][safepoint    ] Total time for which application threads were stopped: 0.0002602 seconds, Stopping threads took: 0.0000603 seconds
[2019-06-24T09:58:06.011+0000][1][safepoint    ] Application time: 2.0001695 seconds
[2019-06-24T09:58:06.011+0000][1][safepoint    ] Entering safepoint region: Cleanup
[2019-06-24T09:58:06.011+0000][1][safepoint    ] Leaving safepoint region
[2019-06-24T09:58:06.011+0000][1][safepoint    ] Total time for which application threads were stopped: 0.0001020 seconds, Stopping threads took: 0.0000239 seconds
[2019-06-24T09:58:08.011+0000][1][safepoint    ] Application time: 2.0004223 seconds
[2019-06-24T09:58:08.011+0000][1][safepoint    ] Entering safepoint region: Cleanup
[2019-06-24T09:58:08.013+0000][1][safepoint    ] Leaving safepoint region
[2019-06-24T09:58:08.013+0000][1][safepoint    ] Total time for which application threads were stopped: 0.0014564 seconds, Stopping threads took: 0.0011127 seconds
[2019-06-24T09:58:09.013+0000][1][safepoint    ] Application time: 1.0002725 seconds
[2019-06-24T09:58:09.013+0000][1][safepoint    ] Entering safepoint region: Cleanup
[2019-06-24T09:58:09.014+0000][1][safepoint    ] Leaving safepoint region
[2019-06-24T09:58:09.014+0000][1][safepoint    ] Total time for which application threads were stopped: 0.0003408 seconds, Stopping threads took: 0.0000870 seconds
[2019-06-24T09:58:15.015+0000][1][safepoint    ] Application time: 6.0010769 seconds
[2019-06-24T09:58:15.015+0000][1][safepoint    ] Entering safepoint region: Cleanup
[2019-06-24T09:58:15.015+0000][1][safepoint    ] Leaving safepoint region
[2019-06-24T09:58:15.015+0000][1][safepoint    ] Total time for which application threads were stopped: 0.0002564 seconds, Stopping threads took: 0.0000595 seconds
[2019-06-24T09:58:18.016+0000][1][safepoint    ] Application time: 3.0006702 seconds
[2019-06-24T09:58:18.016+0000][1][safepoint    ] Entering safepoint region: Cleanup
[2019-06-24T09:58:18.016+0000][1][safepoint    ] Leaving safepoint region
[2019-06-24T09:58:18.016+0000][1][safepoint    ] Total time for which application threads were stopped: 0.0003370 seconds, Stopping threads took: 0.0000857 seconds
[2019-06-24T09:58:23.486+0000][1][safepoint    ] Application time: 5.4698003 seconds
[2019-06-24T09:58:23.487+0000][1][safepoint    ] Entering safepoint region: GenCollectForAllocation
[2019-06-24T09:58:23.487+0000][1][gc,start     ] GC(24) Pause Young (Allocation Failure)
[2019-06-24T09:58:23.487+0000][1][gc,task      ] GC(24) Using 5 workers of 8 for evacuation
[2019-06-24T09:58:23.491+0000][1][gc,age       ] GC(24) Desired survivor size 4456448 bytes, new threshold 6 (max threshold 6)
[2019-06-24T09:58:23.491+0000][1][gc,age       ] GC(24) Age table with threshold 6 (max threshold 6)
[2019-06-24T09:58:23.491+0000][1][gc,age       ] GC(24) - age   1:       9808 bytes,       9808 total
[2019-06-24T09:58:23.491+0000][1][gc,age       ] GC(24) - age   2:     822296 bytes,     832104 total
[2019-06-24T09:58:23.491+0000][1][gc,age       ] GC(24) - age   3:    2038024 bytes,    2870128 total
[2019-06-24T09:58:23.491+0000][1][gc,heap      ] GC(24) ParNew: 76059K->4126K(78656K)
[2019-06-24T09:58:23.491+0000][1][gc,heap      ] GC(24) CMS: 67314K->67314K(174784K)
[2019-06-24T09:58:23.491+0000][1][gc,metaspace ] GC(24) Metaspace: 69643K->69643K(1114112K)
[2019-06-24T09:58:23.491+0000][1][gc           ] GC(24) Pause Young (Allocation Failure) 140M->69M(247M) 4.210ms
[2019-06-24T09:58:23.491+0000][1][gc,cpu       ] GC(24) User=0.02s Sys=0.00s Real=0.00s
[2019-06-24T09:58:23.491+0000][1][safepoint    ] Leaving safepoint region
[2019-06-24T09:58:23.491+0000][1][safepoint    ] Total time for which application threads were stopped: 0.0044636 seconds, Stopping threads took: 0.0000387 seconds
[2019-06-24T09:58:27.492+0000][1][safepoint    ] Application time: 4.0009663 seconds
[2019-06-24T09:58:27.494+0000][1][safepoint    ] Entering safepoint region: Cleanup
[2019-06-24T09:58:27.494+0000][1][safepoint    ] Leaving safepoint region
[2019-06-24T09:58:27.494+0000][1][safepoint    ] Total time for which application threads were stopped: 0.0004340 seconds, Stopping threads took: 0.0001794 seconds
[2019-06-24T09:58:28.494+0000][1][safepoint    ] Application time: 1.0001887 seconds
[2019-06-24T09:58:28.494+0000][1][safepoint    ] Entering safepoint region: Cleanup
[2019-06-24T09:58:28.495+0000][1][safepoint    ] Leaving safepoint region
[2019-06-24T09:58:28.495+0000][1][safepoint    ] Total time for which application threads were stopped: 0.0004622 seconds, Stopping threads took: 0.0001487 seconds
[2019-06-24T09:58:29.495+0000][1][safepoint    ] Application time: 1.0002787 seconds
[2019-06-24T09:58:29.495+0000][1][safepoint    ] Entering safepoint region: Cleanup
[2019-06-24T09:58:29.495+0000][1][safepoint    ] Leaving safepoint region
[2019-06-24T09:58:29.495+0000][1][safepoint    ] Total time for which application threads were stopped: 0.0003414 seconds, Stopping threads took: 0.0000852 seconds
[2019-06-24T09:58:36.497+0000][1][safepoint    ] Application time: 7.0014986 seconds
[2019-06-24T09:58:36.498+0000][1][safepoint    ] Entering safepoint region: Cleanup
[2019-06-24T09:58:36.498+0000][1][safepoint    ] Leaving safepoint region
[2019-06-24T09:58:36.499+0000][1][safepoint    ] Total time for which application threads were stopped: 0.0004215 seconds, Stopping threads took: 0.0001330 seconds
[2019-06-24T09:58:41.499+0000][1][safepoint    ] Application time: 5.0008421 seconds
[2019-06-24T09:58:41.500+0000][1][safepoint    ] Entering safepoint region: Cleanup
[2019-06-24T09:58:41.500+0000][1][safepoint    ] Leaving safepoint region
[2019-06-24T09:58:41.500+0000][1][safepoint    ] Total time for which application threads were stopped: 0.0002968 seconds, Stopping threads took: 0.0000753 seconds
[2019-06-24T09:58:42.500+0000][1][safepoint    ] Application time: 1.0002651 seconds
[2019-06-24T09:58:42.500+0000][1][safepoint    ] Entering safepoint region: Cleanup
[2019-06-24T09:58:42.500+0000][1][safepoint    ] Leaving safepoint region
[2019-06-24T09:58:42.501+0000][1][safepoint    ] Total time for which application threads were stopped: 0.0002819 seconds, Stopping threads took: 0.0000681 seconds
[2019-06-24T09:58:43.501+0000][1][safepoint    ] Application time: 1.0001379 seconds
[2019-06-24T09:58:43.501+0000][1][safepoint    ] Entering safepoint region: Cleanup
[2019-06-24T09:58:43.501+0000][1][safepoint    ] Leaving safepoint region
[2019-06-24T09:58:43.501+0000][1][safepoint    ] Total time for which application threads were stopped: 0.0001000 seconds, Stopping threads took: 0.0000233 seconds
[2019-06-24T09:58:55.504+0000][1][safepoint    ] Application time: 12.0026482 seconds
[2019-06-24T09:58:55.505+0000][1][safepoint    ] Entering safepoint region: Cleanup
[2019-06-24T09:58:55.505+0000][1][safepoint    ] Leaving safepoint region
[2019-06-24T09:58:55.505+0000][1][safepoint    ] Total time for which application threads were stopped: 0.0003747 seconds, Stopping threads took: 0.0001558 seconds
[2019-06-24T09:58:59.506+0000][1][safepoint    ] Application time: 4.0008836 seconds
[2019-06-24T09:58:59.506+0000][1][safepoint    ] Entering safepoint region: Cleanup
[2019-06-24T09:58:59.506+0000][1][safepoint    ] Leaving safepoint region
[2019-06-24T09:58:59.506+0000][1][safepoint    ] Total time for which application threads were stopped: 0.0002098 seconds, Stopping threads took: 0.0000594 seconds
[2019-06-24T09:59:01.507+0000][1][safepoint    ] Application time: 2.0004617 seconds
[2019-06-24T09:59:01.507+0000][1][safepoint    ] Entering safepoint region: Cleanup
[2019-06-24T09:59:01.507+0000][1][safepoint    ] Leaving safepoint region
[2019-06-24T09:59:01.507+0000][1][safepoint    ] Total time for which application threads were stopped: 0.0003239 seconds, Stopping threads took: 0.0000765 seconds
[2019-06-24T09:59:02.507+0000][1][safepoint    ] Application time: 1.0001472 seconds
[2019-06-24T09:59:02.507+0000][1][safepoint    ] Entering safepoint region: Cleanup
[2019-06-24T09:59:02.507+0000][1][safepoint    ] Leaving safepoint region
[2019-06-24T09:59:02.507+0000][1][safepoint    ] Total time for which application threads were stopped: 0.0001312 seconds, Stopping threads took: 0.0000362 seconds
[2019-06-24T09:59:10.509+0000][1][safepoint    ] Application time: 8.0017923 seconds
[2019-06-24T09:59:10.509+0000][1][safepoint    ] Entering safepoint region: Cleanup
[2019-06-24T09:59:10.510+0000][1][safepoint    ] Leaving safepoint region
[2019-06-24T09:59:10.510+0000][1][safepoint    ] Total time for which application threads were stopped: 0.0002839 seconds, Stopping threads took: 0.0000686 seconds
[2019-06-24T09:59:14.511+0000][1][safepoint    ] Application time: 4.0009253 seconds
[2019-06-24T09:59:14.511+0000][1][safepoint    ] Entering safepoint region: Cleanup
[2019-06-24T09:59:14.511+0000][1][safepoint    ] Leaving safepoint region
[2019-06-24T09:59:14.511+0000][1][safepoint    ] Total time for which application threads were stopped: 0.0002433 seconds, Stopping threads took: 0.0000608 seconds
[2019-06-24T09:59:16.511+0000][1][safepoint    ] Application time: 2.0004683 seconds
[2019-06-24T09:59:16.512+0000][1][safepoint    ] Entering safepoint region: Cleanup
[2019-06-24T09:59:16.512+0000][1][safepoint    ] Leaving safepoint region
[2019-06-24T09:59:16.512+0000][1][safepoint    ] Total time for which application threads were stopped: 0.0002638 seconds, Stopping threads took: 0.0000881 seconds
[2019-06-24T09:59:19.513+0000][1][safepoint    ] Application time: 3.0007187 seconds
[2019-06-24T09:59:19.513+0000][1][safepoint    ] Entering safepoint region: Cleanup
[2019-06-24T09:59:19.513+0000][1][safepoint    ] Leaving safepoint region
[2019-06-24T09:59:19.513+0000][1][safepoint    ] Total time for which application threads were stopped: 0.0002559 seconds, Stopping threads took: 0.0000614 seconds
[2019-06-24T09:59:20.513+0000][1][safepoint    ] Application time: 1.0001564 seconds
[2019-06-24T09:59:20.513+0000][1][safepoint    ] Entering safepoint region: Cleanup
[2019-06-24T09:59:20.514+0000][1][safepoint    ] Leaving safepoint region
[2019-06-24T09:59:20.514+0000][1][safepoint    ] Total time for which application threads were stopped: 0.0003603 seconds, Stopping threads took: 0.0001044 seconds
[2019-06-24T09:59:21.514+0000][1][safepoint    ] Application time: 1.0002821 seconds
[2019-06-24T09:59:21.514+0000][1][safepoint    ] Entering safepoint region: Cleanup
[2019-06-24T09:59:21.514+0000][1][safepoint    ] Leaving safepoint region
[2019-06-24T09:59:21.514+0000][1][safepoint    ] Total time for which application threads were stopped: 0.0002916 seconds, Stopping threads took: 0.0000688 seconds
[2019-06-24T09:59:24.515+0000][1][safepoint    ] Application time: 3.0007514 seconds
[2019-06-24T09:59:24.515+0000][1][safepoint    ] Entering safepoint region: Cleanup
[2019-06-24T09:59:24.515+0000][1][safepoint    ] Leaving safepoint region
[2019-06-24T09:59:24.515+0000][1][safepoint    ] Total time for which application threads were stopped: 0.0002772 seconds, Stopping threads took: 0.0000745 seconds
[2019-06-24T09:59:29.516+0000][1][safepoint    ] Application time: 5.0009550 seconds
[2019-06-24T09:59:29.517+0000][1][safepoint    ] Entering safepoint region: Cleanup
[2019-06-24T09:59:29.517+0000][1][safepoint    ] Leaving safepoint region
[2019-06-24T09:59:29.517+0000][1][safepoint    ] Total time for which application threads were stopped: 0.0003502 seconds, Stopping threads took: 0.0000914 seconds
[2019-06-24T09:59:30.517+0000][1][safepoint    ] Application time: 1.0002620 seconds
[2019-06-24T09:59:30.517+0000][1][safepoint    ] Entering safepoint region: Cleanup
[2019-06-24T09:59:30.518+0000][1][safepoint    ] Leaving safepoint region
[2019-06-24T09:59:30.518+0000][1][safepoint    ] Total time for which application threads were stopped: 0.0003483 seconds, Stopping threads took: 0.0000846 seconds
[2019-06-24T09:59:31.518+0000][1][safepoint    ] Application time: 1.0002462 seconds
[2019-06-24T09:59:31.518+0000][1][safepoint    ] Entering safepoint region: Cleanup
[2019-06-24T09:59:31.518+0000][1][safepoint    ] Leaving safepoint region
[2019-06-24T09:59:31.518+0000][1][safepoint    ] Total time for which application threads were stopped: 0.0002645 seconds, Stopping threads took: 0.0000856 seconds
[2019-06-24T09:59:32.519+0000][1][safepoint    ] Application time: 1.0002972 seconds
[2019-06-24T09:59:32.519+0000][1][safepoint    ] Entering safepoint region: Cleanup
[2019-06-24T09:59:32.519+0000][1][safepoint    ] Leaving safepoint region
[2019-06-24T09:59:32.519+0000][1][safepoint    ] Total time for which application threads were stopped: 0.0002700 seconds, Stopping threads took: 0.0000689 seconds
[2019-06-24T09:59:34.520+0000][1][safepoint    ] Application time: 2.0004715 seconds
[2019-06-24T09:59:34.520+0000][1][safepoint    ] Entering safepoint region: Cleanup
[2019-06-24T09:59:34.520+0000][1][safepoint    ] Leaving safepoint region
[2019-06-24T09:59:34.520+0000][1][safepoint    ] Total time for which application threads were stopped: 0.0002700 seconds, Stopping threads took: 0.0000685 seconds
[2019-06-24T09:59:44.522+0000][1][safepoint    ] Application time: 10.0024005 seconds
[2019-06-24T09:59:44.524+0000][1][safepoint    ] Entering safepoint region: Cleanup
[2019-06-24T09:59:44.524+0000][1][safepoint    ] Leaving safepoint region
[2019-06-24T09:59:44.524+0000][1][safepoint    ] Total time for which application threads were stopped: 0.0003230 seconds, Stopping threads took: 0.0001180 seconds
[2019-06-24T09:59:50.525+0000][1][safepoint    ] Application time: 6.0013590 seconds
[2019-06-24T09:59:50.525+0000][1][safepoint    ] Entering safepoint region: Cleanup
[2019-06-24T09:59:50.526+0000][1][safepoint    ] Leaving safepoint region
[2019-06-24T09:59:50.526+0000][1][safepoint    ] Total time for which application threads were stopped: 0.0002448 seconds, Stopping threads took: 0.0000613 seconds
[2019-06-24T09:59:59.528+0000][1][safepoint    ] Application time: 9.0019566 seconds
[2019-06-24T09:59:59.529+0000][1][safepoint    ] Entering safepoint region: Cleanup
[2019-06-24T09:59:59.529+0000][1][safepoint    ] Leaving safepoint region
[2019-06-24T09:59:59.529+0000][1][safepoint    ] Total time for which application threads were stopped: 0.0002771 seconds, Stopping threads took: 0.0000784 seconds
[2019-06-24T10:00:04.530+0000][1][safepoint    ] Application time: 5.0011941 seconds
[2019-06-24T10:00:04.530+0000][1][safepoint    ] Entering safepoint region: Cleanup
[2019-06-24T10:00:04.531+0000][1][safepoint    ] Leaving safepoint region
[2019-06-24T10:00:04.531+0000][1][safepoint    ] Total time for which application threads were stopped: 0.0004044 seconds, Stopping threads took: 0.0000645 seconds
[2019-06-24T10:00:16.533+0000][1][safepoint    ] Application time: 12.0025548 seconds
[2019-06-24T10:00:16.535+0000][1][safepoint    ] Entering safepoint region: Cleanup
[2019-06-24T10:00:16.535+0000][1][safepoint    ] Leaving safepoint region
[2019-06-24T10:00:16.535+0000][1][safepoint    ] Total time for which application threads were stopped: 0.0004618 seconds, Stopping threads took: 0.0002440 seconds
[2019-06-24T10:00:18.535+0000][1][safepoint    ] Application time: 2.0004151 seconds
[2019-06-24T10:00:18.535+0000][1][safepoint    ] Entering safepoint region: Cleanup
[2019-06-24T10:00:18.536+0000][1][safepoint    ] Leaving safepoint region
[2019-06-24T10:00:18.536+0000][1][safepoint    ] Total time for which application threads were stopped: 0.0002366 seconds, Stopping threads took: 0.0000609 seconds
[2019-06-24T10:00:22.537+0000][1][safepoint    ] Application time: 4.0009194 seconds
[2019-06-24T10:00:22.537+0000][1][safepoint    ] Entering safepoint region: Cleanup
[2019-06-24T10:00:22.537+0000][1][safepoint    ] Leaving safepoint region
[2019-06-24T10:00:22.537+0000][1][safepoint    ] Total time for which application threads were stopped: 0.0002168 seconds, Stopping threads took: 0.0000472 seconds
[2019-06-24T10:00:27.493+0000][1][safepoint    ] Application time: 4.9561092 seconds
[2019-06-24T10:00:27.493+0000][1][safepoint    ] Entering safepoint region: GenCollectForAllocation
[2019-06-24T10:00:27.493+0000][1][gc,start     ] GC(25) Pause Young (Allocation Failure)
[2019-06-24T10:00:27.493+0000][1][gc,task      ] GC(25) Using 5 workers of 8 for evacuation
[2019-06-24T10:00:27.497+0000][1][gc,age       ] GC(25) Desired survivor size 4456448 bytes, new threshold 6 (max threshold 6)
[2019-06-24T10:00:27.497+0000][1][gc,age       ] GC(25) Age table with threshold 6 (max threshold 6)
[2019-06-24T10:00:27.497+0000][1][gc,age       ] GC(25) - age   1:       9792 bytes,       9792 total
[2019-06-24T10:00:27.497+0000][1][gc,age       ] GC(25) - age   2:       5032 bytes,      14824 total
[2019-06-24T10:00:27.497+0000][1][gc,age       ] GC(25) - age   3:     786512 bytes,     801336 total
[2019-06-24T10:00:27.497+0000][1][gc,age       ] GC(25) - age   4:    1900872 bytes,    2702208 total
[2019-06-24T10:00:27.497+0000][1][gc,heap      ] GC(25) ParNew: 74024K->4395K(78656K)
[2019-06-24T10:00:27.497+0000][1][gc,heap      ] GC(25) CMS: 67314K->67314K(174784K)
[2019-06-24T10:00:27.497+0000][1][gc,metaspace ] GC(25) Metaspace: 69810K->69810K(1114112K)
[2019-06-24T10:00:27.497+0000][1][gc           ] GC(25) Pause Young (Allocation Failure) 138M->70M(247M) 3.592ms
[2019-06-24T10:00:27.497+0000][1][gc,cpu       ] GC(25) User=0.02s Sys=0.00s Real=0.01s
[2019-06-24T10:00:27.497+0000][1][safepoint    ] Leaving safepoint region
[2019-06-24T10:00:27.497+0000][1][safepoint    ] Total time for which application threads were stopped: 0.0038114 seconds, Stopping threads took: 0.0000327 seconds
[2019-06-24T10:00:29.497+0000][1][safepoint    ] Application time: 2.0004257 seconds
[2019-06-24T10:00:29.499+0000][1][safepoint    ] Entering safepoint region: Cleanup
[2019-06-24T10:00:29.499+0000][1][safepoint    ] Leaving safepoint region
[2019-06-24T10:00:29.499+0000][1][safepoint    ] Total time for which application threads were stopped: 0.0003927 seconds, Stopping threads took: 0.0001210 seconds
[2019-06-24T10:00:30.499+0000][1][safepoint    ] Application time: 1.0001543 seconds
[2019-06-24T10:00:30.499+0000][1][safepoint    ] Entering safepoint region: Cleanup
[2019-06-24T10:00:30.499+0000][1][safepoint    ] Leaving safepoint region
[2019-06-24T10:00:30.499+0000][1][safepoint    ] Total time for which application threads were stopped: 0.0001244 seconds, Stopping threads took: 0.0000268 seconds
[2019-06-24T10:00:40.530+0000][1][safepoint    ] Application time: 10.0308452 seconds
[2019-06-24T10:00:40.531+0000][1][safepoint    ] Entering safepoint region: RevokeBias
[2019-06-24T10:00:40.531+0000][1][safepoint    ] Leaving safepoint region
[2019-06-24T10:00:40.531+0000][1][safepoint    ] Total time for which application threads were stopped: 0.0001716 seconds, Stopping threads took: 0.0000414 seconds
[2019-06-24T10:00:40.614+0000][1][safepoint    ] Application time: 0.0835875 seconds
[2019-06-24T10:00:40.614+0000][1][safepoint    ] Entering safepoint region: RevokeBias
[2019-06-24T10:00:40.615+0000][1][safepoint    ] Leaving safepoint region
[2019-06-24T10:00:40.615+0000][1][safepoint    ] Total time for which application threads were stopped: 0.0001841 seconds, Stopping threads took: 0.0000269 seconds
[2019-06-24T10:00:40.615+0000][1][safepoint    ] Application time: 0.0004539 seconds
[2019-06-24T10:00:40.615+0000][1][safepoint    ] Entering safepoint region: RevokeBias
[2019-06-24T10:00:40.615+0000][1][safepoint    ] Leaving safepoint region
[2019-06-24T10:00:40.615+0000][1][safepoint    ] Total time for which application threads were stopped: 0.0001154 seconds, Stopping threads took: 0.0000234 seconds
[2019-06-24T10:00:40.617+0000][1][safepoint    ] Application time: 0.0017616 seconds
[2019-06-24T10:00:40.617+0000][1][safepoint    ] Entering safepoint region: RevokeBias
[2019-06-24T10:00:40.617+0000][1][safepoint    ] Leaving safepoint region
[2019-06-24T10:00:40.617+0000][1][safepoint    ] Total time for which application threads were stopped: 0.0001552 seconds, Stopping threads took: 0.0000310 seconds
[2019-06-24T10:00:40.620+0000][1][safepoint    ] Application time: 0.0028362 seconds
[2019-06-24T10:00:40.620+0000][1][safepoint    ] Entering safepoint region: RevokeBias
[2019-06-24T10:00:40.620+0000][1][safepoint    ] Leaving safepoint region
[2019-06-24T10:00:40.620+0000][1][safepoint    ] Total time for which application threads were stopped: 0.0001271 seconds, Stopping threads took: 0.0000311 seconds
[2019-06-24T10:00:40.622+0000][1][safepoint    ] Application time: 0.0018916 seconds
[2019-06-24T10:00:40.622+0000][1][safepoint    ] Entering safepoint region: RevokeBias
[2019-06-24T10:00:40.622+0000][1][safepoint    ] Leaving safepoint region
[2019-06-24T10:00:40.622+0000][1][safepoint    ] Total time for which application threads were stopped: 0.0001674 seconds, Stopping threads took: 0.0000603 seconds
[2019-06-24T10:00:40.626+0000][1][safepoint    ] Application time: 0.0042205 seconds
[2019-06-24T10:00:40.627+0000][1][safepoint    ] Entering safepoint region: RevokeBias
[2019-06-24T10:00:40.627+0000][1][safepoint    ] Leaving safepoint region
[2019-06-24T10:00:40.627+0000][1][safepoint    ] Total time for which application threads were stopped: 0.0001520 seconds, Stopping threads took: 0.0000696 seconds
[2019-06-24T10:00:40.627+0000][1][safepoint    ] Application time: 0.0003116 seconds
[2019-06-24T10:00:40.627+0000][1][safepoint    ] Entering safepoint region: RevokeBias
[2019-06-24T10:00:40.627+0000][1][safepoint    ] Leaving safepoint region
[2019-06-24T10:00:40.627+0000][1][safepoint    ] Total time for which application threads were stopped: 0.0002169 seconds, Stopping threads took: 0.0001204 seconds
[2019-06-24T10:00:40.629+0000][1][safepoint    ] Application time: 0.0018535 seconds
[2019-06-24T10:00:40.629+0000][1][safepoint    ] Entering safepoint region: RevokeBias
[2019-06-24T10:00:40.629+0000][1][safepoint    ] Leaving safepoint region
[2019-06-24T10:00:40.629+0000][1][safepoint    ] Total time for which application threads were stopped: 0.0001194 seconds, Stopping threads took: 0.0000451 seconds
[2019-06-24T10:00:40.630+0000][1][safepoint    ] Application time: 0.0010265 seconds
[2019-06-24T10:00:40.630+0000][1][safepoint    ] Entering safepoint region: RevokeBias
[2019-06-24T10:00:40.630+0000][1][safepoint    ] Leaving safepoint region
[2019-06-24T10:00:40.630+0000][1][safepoint    ] Total time for which application threads were stopped: 0.0000917 seconds, Stopping threads took: 0.0000187 seconds
[2019-06-24T10:00:40.632+0000][1][safepoint    ] Application time: 0.0018754 seconds
[2019-06-24T10:00:40.632+0000][1][safepoint    ] Entering safepoint region: RevokeBias
[2019-06-24T10:00:40.632+0000][1][safepoint    ] Leaving safepoint region
[2019-06-24T10:00:40.632+0000][1][safepoint    ] Total time for which application threads were stopped: 0.0001430 seconds, Stopping threads took: 0.0000351 seconds
[2019-06-24T10:00:40.634+0000][1][safepoint    ] Application time: 0.0013928 seconds
[2019-06-24T10:00:40.634+0000][1][safepoint    ] Entering safepoint region: RevokeBias
[2019-06-24T10:00:40.634+0000][1][safepoint    ] Leaving safepoint region
[2019-06-24T10:00:40.634+0000][1][safepoint    ] Total time for which application threads were stopped: 0.0000921 seconds, Stopping threads took: 0.0000187 seconds
[2019-06-24T10:00:40.647+0000][1][safepoint    ] Application time: 0.0128078 seconds
[2019-06-24T10:00:40.647+0000][1][safepoint    ] Entering safepoint region: RevokeBias
[2019-06-24T10:00:40.647+0000][1][safepoint    ] Leaving safepoint region
[2019-06-24T10:00:40.647+0000][1][safepoint    ] Total time for which application threads were stopped: 0.0001225 seconds, Stopping threads took: 0.0000208 seconds
[2019-06-24T10:00:40.647+0000][1][safepoint    ] Application time: 0.0001581 seconds
[2019-06-24T10:00:40.647+0000][1][safepoint    ] Entering safepoint region: RevokeBias
[2019-06-24T10:00:40.647+0000][1][safepoint    ] Leaving safepoint region
[2019-06-24T10:00:40.647+0000][1][safepoint    ] Total time for which application threads were stopped: 0.0002078 seconds, Stopping threads took: 0.0000559 seconds
[2019-06-24T10:00:40.648+0000][1][safepoint    ] Application time: 0.0002237 seconds
[2019-06-24T10:00:40.648+0000][1][safepoint    ] Entering safepoint region: RevokeBias
[2019-06-24T10:00:40.648+0000][1][safepoint    ] Leaving safepoint region
[2019-06-24T10:00:40.648+0000][1][safepoint    ] Total time for which application threads were stopped: 0.0002121 seconds, Stopping threads took: 0.0001163 seconds
[2019-06-24T10:00:40.648+0000][1][safepoint    ] Application time: 0.0002504 seconds
[2019-06-24T10:00:40.648+0000][1][safepoint    ] Entering safepoint region: RevokeBias
[2019-06-24T10:00:40.648+0000][1][safepoint    ] Leaving safepoint region
[2019-06-24T10:00:40.648+0000][1][safepoint    ] Total time for which application threads were stopped: 0.0002583 seconds, Stopping threads took: 0.0001216 seconds
[2019-06-24T10:00:40.649+0000][1][safepoint    ] Application time: 0.0002590 seconds
[2019-06-24T10:00:40.649+0000][1][safepoint    ] Entering safepoint region: RevokeBias
[2019-06-24T10:00:40.649+0000][1][safepoint    ] Leaving safepoint region
[2019-06-24T10:00:40.649+0000][1][safepoint    ] Total time for which application threads were stopped: 0.0002635 seconds, Stopping threads took: 0.0001022 seconds
[2019-06-24T10:00:40.649+0000][1][safepoint    ] Application time: 0.0002611 seconds
[2019-06-24T10:00:40.649+0000][1][safepoint    ] Entering safepoint region: RevokeBias
[2019-06-24T10:00:40.649+0000][1][safepoint    ] Leaving safepoint region
[2019-06-24T10:00:40.649+0000][1][safepoint    ] Total time for which application threads were stopped: 0.0002694 seconds, Stopping threads took: 0.0001329 seconds
[2019-06-24T10:00:40.650+0000][1][safepoint    ] Application time: 0.0003636 seconds
[2019-06-24T10:00:40.650+0000][1][safepoint    ] Entering safepoint region: RevokeBias
[2019-06-24T10:00:40.650+0000][1][safepoint    ] Leaving safepoint region
[2019-06-24T10:00:40.650+0000][1][safepoint    ] Total time for which application threads were stopped: 0.0001587 seconds, Stopping threads took: 0.0000372 seconds
[2019-06-24T10:00:40.650+0000][1][safepoint    ] Application time: 0.0003285 seconds
[2019-06-24T10:00:40.650+0000][1][safepoint    ] Entering safepoint region: BulkRevokeBias
[2019-06-24T10:00:40.651+0000][1][safepoint    ] Leaving safepoint region
[2019-06-24T10:00:40.651+0000][1][safepoint    ] Total time for which application threads were stopped: 0.0005936 seconds, Stopping threads took: 0.0000697 seconds
[2019-06-24T10:00:40.651+0000][1][safepoint    ] Application time: 0.0000914 seconds
[2019-06-24T10:00:40.651+0000][1][safepoint    ] Entering safepoint region: RevokeBias
[2019-06-24T10:00:40.651+0000][1][safepoint    ] Leaving safepoint region
[2019-06-24T10:00:40.651+0000][1][safepoint    ] Total time for which application threads were stopped: 0.0002413 seconds, Stopping threads took: 0.0001067 seconds
[2019-06-24T10:00:40.652+0000][1][safepoint    ] Application time: 0.0002521 seconds
[2019-06-24T10:00:40.652+0000][1][safepoint    ] Entering safepoint region: RevokeBias
[2019-06-24T10:00:40.652+0000][1][safepoint    ] Leaving safepoint region
[2019-06-24T10:00:40.652+0000][1][safepoint    ] Total time for which application threads were stopped: 0.0002147 seconds, Stopping threads took: 0.0000780 seconds
[2019-06-24T10:00:40.652+0000][1][safepoint    ] Application time: 0.0002583 seconds
[2019-06-24T10:00:40.652+0000][1][safepoint    ] Entering safepoint region: RevokeBias
[2019-06-24T10:00:40.652+0000][1][safepoint    ] Leaving safepoint region
[2019-06-24T10:00:40.652+0000][1][safepoint    ] Total time for which application threads were stopped: 0.0002306 seconds, Stopping threads took: 0.0001295 seconds
[2019-06-24T10:00:40.653+0000][1][safepoint    ] Application time: 0.0003893 seconds
[2019-06-24T10:00:40.653+0000][1][safepoint    ] Entering safepoint region: RevokeBias
[2019-06-24T10:00:40.653+0000][1][safepoint    ] Leaving safepoint region
[2019-06-24T10:00:40.653+0000][1][safepoint    ] Total time for which application threads were stopped: 0.0001453 seconds, Stopping threads took: 0.0000149 seconds
[2019-06-24T10:00:40.653+0000][1][safepoint    ] Application time: 0.0003953 seconds
[2019-06-24T10:00:40.653+0000][1][safepoint    ] Entering safepoint region: RevokeBias
[2019-06-24T10:00:40.653+0000][1][safepoint    ] Leaving safepoint region
[2019-06-24T10:00:40.653+0000][1][safepoint    ] Total time for which application threads were stopped: 0.0001011 seconds, Stopping threads took: 0.0000150 seconds
[2019-06-24T10:00:41.654+0000][1][safepoint    ] Application time: 1.0001639 seconds
[2019-06-24T10:00:41.654+0000][1][safepoint    ] Entering safepoint region: Cleanup
[2019-06-24T10:00:41.654+0000][1][safepoint    ] Leaving safepoint region
[2019-06-24T10:00:41.654+0000][1][safepoint    ] Total time for which application threads were stopped: 0.0001561 seconds, Stopping threads took: 0.0000243 seconds
[2019-06-24T10:00:42.654+0000][1][safepoint    ] Application time: 1.0001202 seconds
[2019-06-24T10:00:42.654+0000][1][safepoint    ] Entering safepoint region: Cleanup
[2019-06-24T10:00:42.654+0000][1][safepoint    ] Leaving safepoint region
[2019-06-24T10:00:42.654+0000][1][safepoint    ] Total time for which application threads were stopped: 0.0001268 seconds, Stopping threads took: 0.0000277 seconds
[2019-06-24T10:00:43.654+0000][1][safepoint    ] Application time: 1.0000939 seconds
[2019-06-24T10:00:43.654+0000][1][safepoint    ] Entering safepoint region: Cleanup
[2019-06-24T10:00:43.654+0000][1][safepoint    ] Leaving safepoint region
[2019-06-24T10:00:43.654+0000][1][safepoint    ] Total time for which application threads were stopped: 0.0001265 seconds, Stopping threads took: 0.0000302 seconds
[2019-06-24T10:00:44.655+0000][1][safepoint    ] Application time: 1.0001489 seconds
[2019-06-24T10:00:44.655+0000][1][safepoint    ] Entering safepoint region: Cleanup
[2019-06-24T10:00:44.655+0000][1][safepoint    ] Leaving safepoint region
[2019-06-24T10:00:44.655+0000][1][safepoint    ] Total time for which application threads were stopped: 0.0001206 seconds, Stopping threads took: 0.0000288 seconds
[2019-06-24T10:00:45.655+0000][1][safepoint    ] Application time: 1.0000846 seconds
[2019-06-24T10:00:45.655+0000][1][safepoint    ] Entering safepoint region: Cleanup
[2019-06-24T10:00:45.655+0000][1][safepoint    ] Leaving safepoint region
[2019-06-24T10:00:45.655+0000][1][safepoint    ] Total time for which application threads were stopped: 0.0001348 seconds, Stopping threads took: 0.0000298 seconds
[2019-06-24T10:00:46.655+0000][1][safepoint    ] Application time: 1.0001217 seconds
[2019-06-24T10:00:46.655+0000][1][safepoint    ] Entering safepoint region: Cleanup
[2019-06-24T10:00:46.655+0000][1][safepoint    ] Leaving safepoint region
[2019-06-24T10:00:46.655+0000][1][safepoint    ] Total time for which application threads were stopped: 0.0001212 seconds, Stopping threads took: 0.0000271 seconds
[2019-06-24T10:00:47.655+0000][1][safepoint    ] Application time: 1.0001194 seconds
[2019-06-24T10:00:47.656+0000][1][safepoint    ] Entering safepoint region: Cleanup
[2019-06-24T10:00:47.656+0000][1][safepoint    ] Leaving safepoint region
[2019-06-24T10:00:47.656+0000][1][safepoint    ] Total time for which application threads were stopped: 0.0001226 seconds, Stopping threads took: 0.0000280 seconds
[2019-06-24T10:00:48.656+0000][1][safepoint    ] Application time: 1.0000823 seconds
[2019-06-24T10:00:48.656+0000][1][safepoint    ] Entering safepoint region: Cleanup
[2019-06-24T10:00:48.656+0000][1][safepoint    ] Leaving safepoint region
[2019-06-24T10:00:48.656+0000][1][safepoint    ] Total time for which application threads were stopped: 0.0001243 seconds, Stopping threads took: 0.0000283 seconds
[2019-06-24T10:00:49.656+0000][1][safepoint    ] Application time: 1.0001270 seconds
[2019-06-24T10:00:49.656+0000][1][safepoint    ] Entering safepoint region: Cleanup
[2019-06-24T10:00:49.656+0000][1][safepoint    ] Leaving safepoint region
[2019-06-24T10:00:49.656+0000][1][safepoint    ] Total time for which application threads were stopped: 0.0001334 seconds, Stopping threads took: 0.0000281 seconds
[2019-06-24T10:00:50.656+0000][1][safepoint    ] Application time: 1.0001289 seconds
[2019-06-24T10:00:50.656+0000][1][safepoint    ] Entering safepoint region: Cleanup
[2019-06-24T10:00:50.657+0000][1][safepoint    ] Leaving safepoint region
[2019-06-24T10:00:50.657+0000][1][safepoint    ] Total time for which application threads were stopped: 0.0001352 seconds, Stopping threads took: 0.0000277 seconds
[2019-06-24T10:00:52.657+0000][1][safepoint    ] Application time: 2.0002104 seconds
[2019-06-24T10:00:52.657+0000][1][safepoint    ] Entering safepoint region: Cleanup
[2019-06-24T10:00:52.657+0000][1][safepoint    ] Leaving safepoint region
[2019-06-24T10:00:52.657+0000][1][safepoint    ] Total time for which application threads were stopped: 0.0001382 seconds, Stopping threads took: 0.0000289 seconds
[2019-06-24T10:00:55.657+0000][1][safepoint    ] Application time: 3.0003582 seconds
[2019-06-24T10:00:55.657+0000][1][safepoint    ] Entering safepoint region: Cleanup
[2019-06-24T10:00:55.658+0000][1][safepoint    ] Leaving safepoint region
[2019-06-24T10:00:55.658+0000][1][safepoint    ] Total time for which application threads were stopped: 0.0001375 seconds, Stopping threads took: 0.0000336 seconds
[2019-06-24T10:00:56.658+0000][1][safepoint    ] Application time: 1.0001439 seconds
[2019-06-24T10:00:56.658+0000][1][safepoint    ] Entering safepoint region: Cleanup
[2019-06-24T10:00:56.658+0000][1][safepoint    ] Leaving safepoint region
[2019-06-24T10:00:56.658+0000][1][safepoint    ] Total time for which application threads were stopped: 0.0001689 seconds, Stopping threads took: 0.0000437 seconds
[2019-06-24T10:00:57.658+0000][1][safepoint    ] Application time: 1.0001769 seconds
[2019-06-24T10:00:57.658+0000][1][safepoint    ] Entering safepoint region: Cleanup
[2019-06-24T10:00:57.659+0000][1][safepoint    ] Leaving safepoint region
[2019-06-24T10:00:57.659+0000][1][safepoint    ] Total time for which application threads were stopped: 0.0004059 seconds, Stopping threads took: 0.0000867 seconds
[2019-06-24T10:00:58.543+0000][1][safepoint    ] Application time: 0.8842753 seconds
[2019-06-24T10:00:58.543+0000][1][safepoint    ] Entering safepoint region: GenCollectForAllocation
[2019-06-24T10:00:58.543+0000][1][gc,start     ] GC(26) Pause Young (Allocation Failure)
[2019-06-24T10:00:58.543+0000][1][gc,task      ] GC(26) Using 5 workers of 8 for evacuation
[2019-06-24T10:00:58.547+0000][1][gc,age       ] GC(26) Desired survivor size 4456448 bytes, new threshold 6 (max threshold 6)
[2019-06-24T10:00:58.547+0000][1][gc,age       ] GC(26) Age table with threshold 6 (max threshold 6)
[2019-06-24T10:00:58.547+0000][1][gc,age       ] GC(26) - age   1:     157280 bytes,     157280 total
[2019-06-24T10:00:58.547+0000][1][gc,age       ] GC(26) - age   2:       5744 bytes,     163024 total
[2019-06-24T10:00:58.547+0000][1][gc,age       ] GC(26) - age   3:       5000 bytes,     168024 total
[2019-06-24T10:00:58.547+0000][1][gc,age       ] GC(26) - age   4:     780464 bytes,     948488 total
[2019-06-24T10:00:58.547+0000][1][gc,age       ] GC(26) - age   5:    1898976 bytes,    2847464 total
[2019-06-24T10:00:58.547+0000][1][gc,heap      ] GC(26) ParNew: 74347K->3732K(78656K)
[2019-06-24T10:00:58.547+0000][1][gc,heap      ] GC(26) CMS: 67314K->67314K(174784K)
[2019-06-24T10:00:58.547+0000][1][gc,metaspace ] GC(26) Metaspace: 69957K->69957K(1114112K)
[2019-06-24T10:00:58.547+0000][1][gc           ] GC(26) Pause Young (Allocation Failure) 138M->69M(247M) 4.077ms
[2019-06-24T10:00:58.547+0000][1][gc,cpu       ] GC(26) User=0.01s Sys=0.00s Real=0.00s
[2019-06-24T10:00:58.547+0000][1][safepoint    ] Leaving safepoint region
[2019-06-24T10:00:58.547+0000][1][safepoint    ] Total time for which application threads were stopped: 0.0042831 seconds, Stopping threads took: 0.0000272 seconds
[2019-06-24T10:00:59.547+0000][1][safepoint    ] Application time: 1.0001342 seconds
[2019-06-24T10:00:59.548+0000][1][safepoint    ] Entering safepoint region: Cleanup
[2019-06-24T10:00:59.548+0000][1][safepoint    ] Leaving safepoint region
[2019-06-24T10:00:59.548+0000][1][safepoint    ] Total time for which application threads were stopped: 0.0001493 seconds, Stopping threads took: 0.0000577 seconds
[2019-06-24T10:01:02.548+0000][1][safepoint    ] Application time: 3.0003861 seconds
[2019-06-24T10:01:02.548+0000][1][safepoint    ] Entering safepoint region: Cleanup
[2019-06-24T10:01:02.548+0000][1][safepoint    ] Leaving safepoint region
[2019-06-24T10:01:02.548+0000][1][safepoint    ] Total time for which application threads were stopped: 0.0001233 seconds, Stopping threads took: 0.0000469 seconds
[2019-06-24T10:01:03.548+0000][1][safepoint    ] Application time: 1.0001207 seconds
[2019-06-24T10:01:03.548+0000][1][safepoint    ] Entering safepoint region: Cleanup
[2019-06-24T10:01:03.548+0000][1][safepoint    ] Leaving safepoint region
[2019-06-24T10:01:03.549+0000][1][safepoint    ] Total time for which application threads were stopped: 0.0001440 seconds, Stopping threads took: 0.0000654 seconds
[2019-06-24T10:01:04.549+0000][1][safepoint    ] Application time: 1.0001329 seconds
[2019-06-24T10:01:04.549+0000][1][safepoint    ] Entering safepoint region: Cleanup
[2019-06-24T10:01:04.549+0000][1][safepoint    ] Leaving safepoint region
[2019-06-24T10:01:04.549+0000][1][safepoint    ] Total time for which application threads were stopped: 0.0001594 seconds, Stopping threads took: 0.0000670 seconds
[2019-06-24T10:01:05.549+0000][1][safepoint    ] Application time: 1.0001694 seconds
[2019-06-24T10:01:05.550+0000][1][safepoint    ] Entering safepoint region: Cleanup
[2019-06-24T10:01:05.550+0000][1][safepoint    ] Leaving safepoint region
[2019-06-24T10:01:05.550+0000][1][safepoint    ] Total time for which application threads were stopped: 0.0003591 seconds, Stopping threads took: 0.0001527 seconds
[2019-06-24T10:01:08.551+0000][1][safepoint    ] Application time: 3.0002907 seconds
[2019-06-24T10:01:08.551+0000][1][safepoint    ] Entering safepoint region: Cleanup
[2019-06-24T10:01:08.551+0000][1][safepoint    ] Leaving safepoint region
[2019-06-24T10:01:08.551+0000][1][safepoint    ] Total time for which application threads were stopped: 0.0001271 seconds, Stopping threads took: 0.0000497 seconds
[2019-06-24T10:01:09.551+0000][1][safepoint    ] Application time: 1.0001262 seconds
[2019-06-24T10:01:09.551+0000][1][safepoint    ] Entering safepoint region: Cleanup
[2019-06-24T10:01:09.551+0000][1][safepoint    ] Leaving safepoint region
[2019-06-24T10:01:09.551+0000][1][safepoint    ] Total time for which application threads were stopped: 0.0001786 seconds, Stopping threads took: 0.0000704 seconds
[2019-06-24T10:01:13.552+0000][1][safepoint    ] Application time: 4.0004024 seconds
[2019-06-24T10:01:13.552+0000][1][safepoint    ] Entering safepoint region: Cleanup
[2019-06-24T10:01:13.553+0000][1][safepoint    ] Leaving safepoint region
[2019-06-24T10:01:13.553+0000][1][safepoint    ] Total time for which application threads were stopped: 0.0001726 seconds, Stopping threads took: 0.0000726 seconds
[2019-06-24T10:01:18.553+0000][1][safepoint    ] Application time: 5.0005344 seconds
[2019-06-24T10:01:18.554+0000][1][safepoint    ] Entering safepoint region: Cleanup
[2019-06-24T10:01:18.554+0000][1][safepoint    ] Leaving safepoint region
[2019-06-24T10:01:18.554+0000][1][safepoint    ] Total time for which application threads were stopped: 0.0002345 seconds, Stopping threads took: 0.0001091 seconds
[2019-06-24T10:01:18.646+0000][1][safepoint    ] Application time: 0.0917328 seconds
[2019-06-24T10:01:18.646+0000][1][safepoint    ] Entering safepoint region: GenCollectForAllocation
[2019-06-24T10:01:18.646+0000][1][gc,start     ] GC(27) Pause Young (Allocation Failure)
[2019-06-24T10:01:18.646+0000][1][gc,task      ] GC(27) Using 5 workers of 8 for evacuation
[2019-06-24T10:01:18.650+0000][1][gc,age       ] GC(27) Desired survivor size 4456448 bytes, new threshold 6 (max threshold 6)
[2019-06-24T10:01:18.650+0000][1][gc,age       ] GC(27) Age table with threshold 6 (max threshold 6)
[2019-06-24T10:01:18.650+0000][1][gc,age       ] GC(27) - age   1:      19224 bytes,      19224 total
[2019-06-24T10:01:18.650+0000][1][gc,age       ] GC(27) - age   2:     138512 bytes,     157736 total
[2019-06-24T10:01:18.650+0000][1][gc,age       ] GC(27) - age   3:       5712 bytes,     163448 total
[2019-06-24T10:01:18.650+0000][1][gc,age       ] GC(27) - age   4:       5000 bytes,     168448 total
[2019-06-24T10:01:18.650+0000][1][gc,age       ] GC(27) - age   5:     780464 bytes,     948912 total
[2019-06-24T10:01:18.650+0000][1][gc,age       ] GC(27) - age   6:    1898872 bytes,    2847784 total
[2019-06-24T10:01:18.650+0000][1][gc,heap      ] GC(27) ParNew: 73684K->3852K(78656K)
[2019-06-24T10:01:18.650+0000][1][gc,heap      ] GC(27) CMS: 67314K->67314K(174784K)
[2019-06-24T10:01:18.650+0000][1][gc,metaspace ] GC(27) Metaspace: 70037K->70037K(1114112K)
[2019-06-24T10:01:18.650+0000][1][gc           ] GC(27) Pause Young (Allocation Failure) 137M->69M(247M) 3.696ms
[2019-06-24T10:01:18.650+0000][1][gc,cpu       ] GC(27) User=0.01s Sys=0.00s Real=0.00s
[2019-06-24T10:01:18.650+0000][1][safepoint    ] Leaving safepoint region
[2019-06-24T10:01:18.650+0000][1][safepoint    ] Total time for which application threads were stopped: 0.0038707 seconds, Stopping threads took: 0.0000209 seconds
[2019-06-24T10:01:19.650+0000][1][safepoint    ] Application time: 1.0001228 seconds
[2019-06-24T10:01:19.650+0000][1][safepoint    ] Entering safepoint region: Cleanup
[2019-06-24T10:01:19.650+0000][1][safepoint    ] Leaving safepoint region
[2019-06-24T10:01:19.650+0000][1][safepoint    ] Total time for which application threads were stopped: 0.0000858 seconds, Stopping threads took: 0.0000230 seconds
[2019-06-24T10:01:21.651+0000][1][safepoint    ] Application time: 2.0004026 seconds
[2019-06-24T10:01:21.651+0000][1][safepoint    ] Entering safepoint region: Cleanup
[2019-06-24T10:01:21.651+0000][1][safepoint    ] Leaving safepoint region
[2019-06-24T10:01:21.651+0000][1][safepoint    ] Total time for which application threads were stopped: 0.0000824 seconds, Stopping threads took: 0.0000213 seconds
[2019-06-24T10:01:22.651+0000][1][safepoint    ] Application time: 1.0000658 seconds
[2019-06-24T10:01:22.651+0000][1][safepoint    ] Entering safepoint region: Cleanup
[2019-06-24T10:01:22.651+0000][1][safepoint    ] Leaving safepoint region
[2019-06-24T10:01:22.651+0000][1][safepoint    ] Total time for which application threads were stopped: 0.0000952 seconds, Stopping threads took: 0.0000242 seconds
[2019-06-24T10:01:23.651+0000][1][safepoint    ] Application time: 1.0000844 seconds
[2019-06-24T10:01:23.651+0000][1][safepoint    ] Entering safepoint region: Cleanup
[2019-06-24T10:01:23.651+0000][1][safepoint    ] Leaving safepoint region
[2019-06-24T10:01:23.651+0000][1][safepoint    ] Total time for which application threads were stopped: 0.0000906 seconds, Stopping threads took: 0.0000224 seconds
[2019-06-24T10:01:24.651+0000][1][safepoint    ] Application time: 1.0000789 seconds
[2019-06-24T10:01:24.651+0000][1][safepoint    ] Entering safepoint region: Cleanup
[2019-06-24T10:01:24.651+0000][1][safepoint    ] Leaving safepoint region
[2019-06-24T10:01:24.651+0000][1][safepoint    ] Total time for which application threads were stopped: 0.0001062 seconds, Stopping threads took: 0.0000262 seconds
[2019-06-24T10:01:25.652+0000][1][safepoint    ] Application time: 1.0003050 seconds
[2019-06-24T10:01:25.652+0000][1][safepoint    ] Entering safepoint region: Cleanup
[2019-06-24T10:01:25.652+0000][1][safepoint    ] Leaving safepoint region
[2019-06-24T10:01:25.652+0000][1][safepoint    ] Total time for which application threads were stopped: 0.0000824 seconds, Stopping threads took: 0.0000190 seconds
[2019-06-24T10:01:26.652+0000][1][safepoint    ] Application time: 1.0001087 seconds
[2019-06-24T10:01:26.652+0000][1][safepoint    ] Entering safepoint region: Cleanup
[2019-06-24T10:01:26.652+0000][1][safepoint    ] Leaving safepoint region
[2019-06-24T10:01:26.652+0000][1][safepoint    ] Total time for which application threads were stopped: 0.0001337 seconds, Stopping threads took: 0.0000548 seconds
[2019-06-24T10:01:27.652+0000][1][safepoint    ] Application time: 1.0000852 seconds
[2019-06-24T10:01:27.652+0000][1][safepoint    ] Entering safepoint region: Cleanup
[2019-06-24T10:01:27.652+0000][1][safepoint    ] Leaving safepoint region
[2019-06-24T10:01:27.652+0000][1][safepoint    ] Total time for which application threads were stopped: 0.0001259 seconds, Stopping threads took: 0.0000290 seconds
[2019-06-24T10:01:31.653+0000][1][safepoint    ] Application time: 4.0004150 seconds
[2019-06-24T10:01:31.653+0000][1][safepoint    ] Entering safepoint region: Cleanup
[2019-06-24T10:01:31.653+0000][1][safepoint    ] Leaving safepoint region
[2019-06-24T10:01:31.653+0000][1][safepoint    ] Total time for which application threads were stopped: 0.0002110 seconds, Stopping threads took: 0.0000490 seconds
[2019-06-24T10:01:32.653+0000][1][safepoint    ] Application time: 1.0000823 seconds
[2019-06-24T10:01:32.653+0000][1][safepoint    ] Entering safepoint region: Cleanup
[2019-06-24T10:01:32.653+0000][1][safepoint    ] Leaving safepoint region
[2019-06-24T10:01:32.653+0000][1][safepoint    ] Total time for which application threads were stopped: 0.0000817 seconds, Stopping threads took: 0.0000192 seconds
[2019-06-24T10:01:33.653+0000][1][safepoint    ] Application time: 1.0000767 seconds
[2019-06-24T10:01:33.654+0000][1][safepoint    ] Entering safepoint region: Cleanup
[2019-06-24T10:01:33.654+0000][1][safepoint    ] Leaving safepoint region
[2019-06-24T10:01:33.654+0000][1][safepoint    ] Total time for which application threads were stopped: 0.0001718 seconds, Stopping threads took: 0.0001018 seconds
[2019-06-24T10:01:34.654+0000][1][safepoint    ] Application time: 1.0000885 seconds
[2019-06-24T10:01:34.654+0000][1][safepoint    ] Entering safepoint region: Cleanup
[2019-06-24T10:01:34.654+0000][1][safepoint    ] Leaving safepoint region
[2019-06-24T10:01:34.654+0000][1][safepoint    ] Total time for which application threads were stopped: 0.0001296 seconds, Stopping threads took: 0.0000389 seconds
[2019-06-24T10:01:37.654+0000][1][safepoint    ] Application time: 3.0002438 seconds
[2019-06-24T10:01:37.654+0000][1][safepoint    ] Entering safepoint region: Cleanup
[2019-06-24T10:01:37.654+0000][1][safepoint    ] Leaving safepoint region
[2019-06-24T10:01:37.654+0000][1][safepoint    ] Total time for which application threads were stopped: 0.0001097 seconds, Stopping threads took: 0.0000301 seconds
[2019-06-24T10:01:38.655+0000][1][safepoint    ] Application time: 1.0001601 seconds
[2019-06-24T10:01:38.655+0000][1][safepoint    ] Entering safepoint region: Cleanup
[2019-06-24T10:01:38.655+0000][1][safepoint    ] Leaving safepoint region
[2019-06-24T10:01:38.655+0000][1][safepoint    ] Total time for which application threads were stopped: 0.0002484 seconds, Stopping threads took: 0.0000618 seconds
[2019-06-24T10:01:39.582+0000][1][safepoint    ] Application time: 0.9273070 seconds
[2019-06-24T10:01:39.582+0000][1][safepoint    ] Entering safepoint region: GenCollectForAllocation
[2019-06-24T10:01:39.582+0000][1][gc,start     ] GC(28) Pause Young (Allocation Failure)
[2019-06-24T10:01:39.582+0000][1][gc,task      ] GC(28) Using 5 workers of 8 for evacuation
[2019-06-24T10:01:39.587+0000][1][gc,age       ] GC(28) Desired survivor size 4456448 bytes, new threshold 6 (max threshold 6)
[2019-06-24T10:01:39.587+0000][1][gc,age       ] GC(28) Age table with threshold 6 (max threshold 6)
[2019-06-24T10:01:39.587+0000][1][gc,age       ] GC(28) - age   1:      20512 bytes,      20512 total
[2019-06-24T10:01:39.587+0000][1][gc,age       ] GC(28) - age   2:       1400 bytes,      21912 total
[2019-06-24T10:01:39.587+0000][1][gc,age       ] GC(28) - age   3:     138288 bytes,     160200 total
[2019-06-24T10:01:39.587+0000][1][gc,age       ] GC(28) - age   4:       5712 bytes,     165912 total
[2019-06-24T10:01:39.587+0000][1][gc,age       ] GC(28) - age   5:       5000 bytes,     170912 total
[2019-06-24T10:01:39.587+0000][1][gc,age       ] GC(28) - age   6:     780464 bytes,     951376 total
[2019-06-24T10:01:39.587+0000][1][gc,heap      ] GC(28) ParNew: 73804K->2773K(78656K)
[2019-06-24T10:01:39.587+0000][1][gc,heap      ] GC(28) CMS: 67314K->69203K(174784K)
[2019-06-24T10:01:39.587+0000][1][gc,metaspace ] GC(28) Metaspace: 70130K->70130K(1114112K)
[2019-06-24T10:01:39.588+0000][1][gc           ] GC(28) Pause Young (Allocation Failure) 137M->70M(247M) 5.154ms
[2019-06-24T10:01:39.588+0000][1][gc,cpu       ] GC(28) User=0.01s Sys=0.01s Real=0.01s
[2019-06-24T10:01:39.588+0000][1][safepoint    ] Leaving safepoint region
[2019-06-24T10:01:39.588+0000][1][safepoint    ] Total time for which application threads were stopped: 0.0053730 seconds, Stopping threads took: 0.0000279 seconds
[2019-06-24T10:01:40.588+0000][1][safepoint    ] Application time: 1.0001321 seconds
[2019-06-24T10:01:40.588+0000][1][safepoint    ] Entering safepoint region: Cleanup
[2019-06-24T10:01:40.588+0000][1][safepoint    ] Leaving safepoint region
[2019-06-24T10:01:40.588+0000][1][safepoint    ] Total time for which application threads were stopped: 0.0001453 seconds, Stopping threads took: 0.0000591 seconds
[2019-06-24T10:01:42.588+0000][1][safepoint    ] Application time: 2.0001944 seconds
[2019-06-24T10:01:42.589+0000][1][safepoint    ] Entering safepoint region: Cleanup
[2019-06-24T10:01:42.589+0000][1][safepoint    ] Leaving safepoint region
[2019-06-24T10:01:42.589+0000][1][safepoint    ] Total time for which application threads were stopped: 0.0001293 seconds, Stopping threads took: 0.0000514 seconds
[2019-06-24T10:01:43.589+0000][1][safepoint    ] Application time: 1.0001184 seconds
[2019-06-24T10:01:43.589+0000][1][safepoint    ] Entering safepoint region: Cleanup
[2019-06-24T10:01:43.589+0000][1][safepoint    ] Leaving safepoint region
[2019-06-24T10:01:43.589+0000][1][safepoint    ] Total time for which application threads were stopped: 0.0001276 seconds, Stopping threads took: 0.0000535 seconds
[2019-06-24T10:01:47.590+0000][1][safepoint    ] Application time: 4.0005082 seconds
[2019-06-24T10:01:47.590+0000][1][safepoint    ] Entering safepoint region: Cleanup
[2019-06-24T10:01:47.590+0000][1][safepoint    ] Leaving safepoint region
[2019-06-24T10:01:47.591+0000][1][safepoint    ] Total time for which application threads were stopped: 0.0005212 seconds, Stopping threads took: 0.0001907 seconds
[2019-06-24T10:01:48.591+0000][1][safepoint    ] Application time: 1.0001563 seconds
[2019-06-24T10:01:48.591+0000][1][safepoint    ] Entering safepoint region: Cleanup
[2019-06-24T10:01:48.591+0000][1][safepoint    ] Leaving safepoint region
[2019-06-24T10:01:48.591+0000][1][safepoint    ] Total time for which application threads were stopped: 0.0001351 seconds, Stopping threads took: 0.0000469 seconds
[2019-06-24T10:01:53.460+0000][1][safepoint    ] Application time: 4.8687123 seconds
[2019-06-24T10:01:53.461+0000][1][safepoint    ] Entering safepoint region: RevokeBias
[2019-06-24T10:01:53.461+0000][1][safepoint    ] Leaving safepoint region
[2019-06-24T10:01:53.461+0000][1][safepoint    ] Total time for which application threads were stopped: 0.0005170 seconds, Stopping threads took: 0.0000407 seconds
[2019-06-24T10:01:54.461+0000][1][safepoint    ] Application time: 1.0001312 seconds
[2019-06-24T10:01:54.462+0000][1][safepoint    ] Entering safepoint region: Cleanup
[2019-06-24T10:01:54.462+0000][1][safepoint    ] Leaving safepoint region
[2019-06-24T10:01:54.463+0000][1][safepoint    ] Total time for which application threads were stopped: 0.0003863 seconds, Stopping threads took: 0.0000980 seconds
[2019-06-24T10:01:55.463+0000][1][safepoint    ] Application time: 1.0001482 seconds
[2019-06-24T10:01:55.463+0000][1][safepoint    ] Entering safepoint region: Cleanup
[2019-06-24T10:01:55.463+0000][1][safepoint    ] Leaving safepoint region
[2019-06-24T10:01:55.463+0000][1][safepoint    ] Total time for which application threads were stopped: 0.0002562 seconds, Stopping threads took: 0.0000655 seconds
[2019-06-24T10:01:56.463+0000][1][safepoint    ] Application time: 1.0002807 seconds
[2019-06-24T10:01:56.464+0000][1][safepoint    ] Entering safepoint region: Cleanup
[2019-06-24T10:01:56.464+0000][1][safepoint    ] Leaving safepoint region
[2019-06-24T10:01:56.464+0000][1][safepoint    ] Total time for which application threads were stopped: 0.0002497 seconds, Stopping threads took: 0.0000665 seconds
[2019-06-24T10:01:57.464+0000][1][safepoint    ] Application time: 1.0002702 seconds
[2019-06-24T10:01:57.464+0000][1][safepoint    ] Entering safepoint region: Cleanup
[2019-06-24T10:01:57.464+0000][1][safepoint    ] Leaving safepoint region
[2019-06-24T10:01:57.465+0000][1][safepoint    ] Total time for which application threads were stopped: 0.0003004 seconds, Stopping threads took: 0.0000636 seconds
[2019-06-24T10:01:58.465+0000][1][safepoint    ] Application time: 1.0002733 seconds
[2019-06-24T10:01:58.465+0000][1][safepoint    ] Entering safepoint region: Cleanup
[2019-06-24T10:01:58.465+0000][1][safepoint    ] Leaving safepoint region
[2019-06-24T10:01:58.465+0000][1][safepoint    ] Total time for which application threads were stopped: 0.0002810 seconds, Stopping threads took: 0.0000755 seconds
[2019-06-24T10:01:59.466+0000][1][safepoint    ] Application time: 1.0002651 seconds
[2019-06-24T10:01:59.466+0000][1][safepoint    ] Entering safepoint region: Cleanup
[2019-06-24T10:01:59.466+0000][1][safepoint    ] Leaving safepoint region
[2019-06-24T10:01:59.466+0000][1][safepoint    ] Total time for which application threads were stopped: 0.0002534 seconds, Stopping threads took: 0.0000641 seconds
[2019-06-24T10:02:00.466+0000][1][safepoint    ] Application time: 1.0001690 seconds
[2019-06-24T10:02:00.466+0000][1][safepoint    ] Entering safepoint region: Cleanup
[2019-06-24T10:02:00.466+0000][1][safepoint    ] Leaving safepoint region
[2019-06-24T10:02:00.466+0000][1][safepoint    ] Total time for which application threads were stopped: 0.0002021 seconds, Stopping threads took: 0.0000516 seconds
[2019-06-24T10:02:01.467+0000][1][safepoint    ] Application time: 1.0001813 seconds
[2019-06-24T10:02:01.467+0000][1][safepoint    ] Entering safepoint region: Cleanup
[2019-06-24T10:02:01.467+0000][1][safepoint    ] Leaving safepoint region
[2019-06-24T10:02:01.467+0000][1][safepoint    ] Total time for which application threads were stopped: 0.0002130 seconds, Stopping threads took: 0.0000560 seconds
[2019-06-24T10:02:02.467+0000][1][safepoint    ] Application time: 1.0001682 seconds
[2019-06-24T10:02:02.467+0000][1][safepoint    ] Entering safepoint region: Cleanup
[2019-06-24T10:02:02.467+0000][1][safepoint    ] Leaving safepoint region
[2019-06-24T10:02:02.467+0000][1][safepoint    ] Total time for which application threads were stopped: 0.0002228 seconds, Stopping threads took: 0.0000575 seconds
[2019-06-24T10:02:03.468+0000][1][safepoint    ] Application time: 1.0002385 seconds
[2019-06-24T10:02:03.468+0000][1][safepoint    ] Entering safepoint region: Cleanup
[2019-06-24T10:02:03.469+0000][1][safepoint    ] Leaving safepoint region
[2019-06-24T10:02:03.469+0000][1][safepoint    ] Total time for which application threads were stopped: 0.0010440 seconds, Stopping threads took: 0.0007956 seconds
[2019-06-24T10:02:04.469+0000][1][safepoint    ] Application time: 1.0001979 seconds
[2019-06-24T10:02:04.469+0000][1][safepoint    ] Entering safepoint region: Cleanup
[2019-06-24T10:02:04.470+0000][1][safepoint    ] Leaving safepoint region
[2019-06-24T10:02:04.470+0000][1][safepoint    ] Total time for which application threads were stopped: 0.0003757 seconds, Stopping threads took: 0.0000954 seconds
[2019-06-24T10:02:05.470+0000][1][safepoint    ] Application time: 1.0001870 seconds
[2019-06-24T10:02:05.470+0000][1][safepoint    ] Entering safepoint region: Cleanup
[2019-06-24T10:02:05.470+0000][1][safepoint    ] Leaving safepoint region
[2019-06-24T10:02:05.470+0000][1][safepoint    ] Total time for which application threads were stopped: 0.0003493 seconds, Stopping threads took: 0.0000857 seconds
[2019-06-24T10:02:06.471+0000][1][safepoint    ] Application time: 1.0001681 seconds
[2019-06-24T10:02:06.471+0000][1][safepoint    ] Entering safepoint region: Cleanup
[2019-06-24T10:02:06.471+0000][1][safepoint    ] Leaving safepoint region
[2019-06-24T10:02:06.471+0000][1][safepoint    ] Total time for which application threads were stopped: 0.0001048 seconds, Stopping threads took: 0.0000278 seconds
[2019-06-24T10:02:07.471+0000][1][safepoint    ] Application time: 1.0001197 seconds
[2019-06-24T10:02:07.471+0000][1][safepoint    ] Entering safepoint region: Cleanup
[2019-06-24T10:02:07.471+0000][1][safepoint    ] Leaving safepoint region
[2019-06-24T10:02:07.471+0000][1][safepoint    ] Total time for which application threads were stopped: 0.0002512 seconds, Stopping threads took: 0.0000655 seconds
[2019-06-24T10:02:08.471+0000][1][safepoint    ] Application time: 1.0002166 seconds
[2019-06-24T10:02:08.472+0000][1][safepoint    ] Entering safepoint region: Cleanup
[2019-06-24T10:02:08.472+0000][1][safepoint    ] Leaving safepoint region
[2019-06-24T10:02:08.472+0000][1][safepoint    ] Total time for which application threads were stopped: 0.0002665 seconds, Stopping threads took: 0.0000757 seconds
[2019-06-24T10:02:09.067+0000][1][safepoint    ] Application time: 0.5947549 seconds
[2019-06-24T10:02:09.067+0000][1][safepoint    ] Entering safepoint region: RevokeBias
[2019-06-24T10:02:09.067+0000][1][safepoint    ] Leaving safepoint region
[2019-06-24T10:02:09.067+0000][1][safepoint    ] Total time for which application threads were stopped: 0.0005861 seconds, Stopping threads took: 0.0001665 seconds
[2019-06-24T10:02:09.069+0000][1][safepoint    ] Application time: 0.0016477 seconds
[2019-06-24T10:02:09.069+0000][1][safepoint    ] Entering safepoint region: RevokeBias
[2019-06-24T10:02:09.070+0000][1][safepoint    ] Leaving safepoint region
[2019-06-24T10:02:09.070+0000][1][safepoint    ] Total time for which application threads were stopped: 0.0006091 seconds, Stopping threads took: 0.0001513 seconds
[2019-06-24T10:02:09.072+0000][1][safepoint    ] Application time: 0.0027271 seconds
[2019-06-24T10:02:09.073+0000][1][safepoint    ] Entering safepoint region: RevokeBias
[2019-06-24T10:02:09.073+0000][1][safepoint    ] Leaving safepoint region
[2019-06-24T10:02:09.073+0000][1][safepoint    ] Total time for which application threads were stopped: 0.0007953 seconds, Stopping threads took: 0.0001518 seconds
[2019-06-24T10:02:09.203+0000][1][safepoint    ] Application time: 0.1298296 seconds
[2019-06-24T10:02:09.203+0000][1][safepoint    ] Entering safepoint region: RevokeBias
[2019-06-24T10:02:09.204+0000][1][safepoint    ] Leaving safepoint region
[2019-06-24T10:02:09.204+0000][1][safepoint    ] Total time for which application threads were stopped: 0.0002550 seconds, Stopping threads took: 0.0000327 seconds
[2019-06-24T10:02:10.204+0000][1][safepoint    ] Application time: 1.0001859 seconds
[2019-06-24T10:02:10.204+0000][1][safepoint    ] Entering safepoint region: Cleanup
[2019-06-24T10:02:10.204+0000][1][safepoint    ] Leaving safepoint region
[2019-06-24T10:02:10.204+0000][1][safepoint    ] Total time for which application threads were stopped: 0.0001285 seconds, Stopping threads took: 0.0000256 seconds
[2019-06-24T10:02:11.204+0000][1][safepoint    ] Application time: 1.0001383 seconds
[2019-06-24T10:02:11.204+0000][1][safepoint    ] Entering safepoint region: Cleanup
[2019-06-24T10:02:11.205+0000][1][safepoint    ] Leaving safepoint region
[2019-06-24T10:02:11.205+0000][1][safepoint    ] Total time for which application threads were stopped: 0.0003081 seconds, Stopping threads took: 0.0000666 seconds
[2019-06-24T10:02:12.205+0000][1][safepoint    ] Application time: 1.0002071 seconds
[2019-06-24T10:02:12.205+0000][1][safepoint    ] Entering safepoint region: Cleanup
[2019-06-24T10:02:12.206+0000][1][safepoint    ] Leaving safepoint region
[2019-06-24T10:02:12.206+0000][1][safepoint    ] Total time for which application threads were stopped: 0.0005877 seconds, Stopping threads took: 0.0002022 seconds
[2019-06-24T10:02:13.206+0000][1][safepoint    ] Application time: 1.0001954 seconds
[2019-06-24T10:02:13.206+0000][1][safepoint    ] Entering safepoint region: Cleanup
[2019-06-24T10:02:13.206+0000][1][safepoint    ] Leaving safepoint region
[2019-06-24T10:02:13.206+0000][1][safepoint    ] Total time for which application threads were stopped: 0.0001896 seconds, Stopping threads took: 0.0000498 seconds
[2019-06-24T10:02:14.206+0000][1][safepoint    ] Application time: 1.0001400 seconds
[2019-06-24T10:02:14.207+0000][1][safepoint    ] Entering safepoint region: Cleanup
[2019-06-24T10:02:14.207+0000][1][safepoint    ] Leaving safepoint region
[2019-06-24T10:02:14.207+0000][1][safepoint    ] Total time for which application threads were stopped: 0.0003253 seconds, Stopping threads took: 0.0000968 seconds
[2019-06-24T10:02:15.207+0000][1][safepoint    ] Application time: 1.0001914 seconds
[2019-06-24T10:02:15.207+0000][1][safepoint    ] Entering safepoint region: Cleanup
[2019-06-24T10:02:15.208+0000][1][safepoint    ] Leaving safepoint region
[2019-06-24T10:02:15.208+0000][1][safepoint    ] Total time for which application threads were stopped: 0.0003413 seconds, Stopping threads took: 0.0001144 seconds
[2019-06-24T10:02:16.208+0000][1][safepoint    ] Application time: 1.0001617 seconds
[2019-06-24T10:02:16.208+0000][1][safepoint    ] Entering safepoint region: Cleanup
[2019-06-24T10:02:16.209+0000][1][safepoint    ] Leaving safepoint region
[2019-06-24T10:02:16.209+0000][1][safepoint    ] Total time for which application threads were stopped: 0.0012161 seconds, Stopping threads took: 0.0009423 seconds
[2019-06-24T10:02:17.209+0000][1][safepoint    ] Application time: 1.0001874 seconds
[2019-06-24T10:02:17.210+0000][1][safepoint    ] Entering safepoint region: Cleanup
[2019-06-24T10:02:17.210+0000][1][safepoint    ] Leaving safepoint region
[2019-06-24T10:02:17.210+0000][1][safepoint    ] Total time for which application threads were stopped: 0.0006630 seconds, Stopping threads took: 0.0001737 seconds
[2019-06-24T10:02:18.211+0000][1][safepoint    ] Application time: 1.0001333 seconds
[2019-06-24T10:02:18.211+0000][1][safepoint    ] Entering safepoint region: Cleanup
[2019-06-24T10:02:18.211+0000][1][safepoint    ] Leaving safepoint region
[2019-06-24T10:02:18.211+0000][1][safepoint    ] Total time for which application threads were stopped: 0.0002410 seconds, Stopping threads took: 0.0000620 seconds
[2019-06-24T10:02:19.211+0000][1][safepoint    ] Application time: 1.0001330 seconds
[2019-06-24T10:02:19.211+0000][1][safepoint    ] Entering safepoint region: Cleanup
[2019-06-24T10:02:19.211+0000][1][safepoint    ] Leaving safepoint region
[2019-06-24T10:02:19.211+0000][1][safepoint    ] Total time for which application threads were stopped: 0.0002553 seconds, Stopping threads took: 0.0000663 seconds
[2019-06-24T10:02:20.212+0000][1][safepoint    ] Application time: 1.0002115 seconds
[2019-06-24T10:02:20.212+0000][1][safepoint    ] Entering safepoint region: Cleanup
[2019-06-24T10:02:20.212+0000][1][safepoint    ] Leaving safepoint region
[2019-06-24T10:02:20.213+0000][1][safepoint    ] Total time for which application threads were stopped: 0.0006615 seconds, Stopping threads took: 0.0001739 seconds
[2019-06-24T10:02:21.213+0000][1][safepoint    ] Application time: 1.0001489 seconds
[2019-06-24T10:02:21.213+0000][1][safepoint    ] Entering safepoint region: Cleanup
[2019-06-24T10:02:21.213+0000][1][safepoint    ] Leaving safepoint region
[2019-06-24T10:02:21.213+0000][1][safepoint    ] Total time for which application threads were stopped: 0.0002526 seconds, Stopping threads took: 0.0000648 seconds
[2019-06-24T10:02:22.213+0000][1][safepoint    ] Application time: 1.0001221 seconds
[2019-06-24T10:02:22.213+0000][1][safepoint    ] Entering safepoint region: Cleanup
[2019-06-24T10:02:22.214+0000][1][safepoint    ] Leaving safepoint region
[2019-06-24T10:02:22.214+0000][1][safepoint    ] Total time for which application threads were stopped: 0.0002440 seconds, Stopping threads took: 0.0000642 seconds
[2019-06-24T10:02:23.214+0000][1][safepoint    ] Application time: 1.0001804 seconds
[2019-06-24T10:02:23.214+0000][1][safepoint    ] Entering safepoint region: Cleanup
[2019-06-24T10:02:23.215+0000][1][safepoint    ] Leaving safepoint region
[2019-06-24T10:02:23.215+0000][1][safepoint    ] Total time for which application threads were stopped: 0.0005502 seconds, Stopping threads took: 0.0001575 seconds
[2019-06-24T10:02:24.215+0000][1][safepoint    ] Application time: 1.0001244 seconds
[2019-06-24T10:02:24.215+0000][1][safepoint    ] Entering safepoint region: Cleanup
[2019-06-24T10:02:24.215+0000][1][safepoint    ] Leaving safepoint region
[2019-06-24T10:02:24.215+0000][1][safepoint    ] Total time for which application threads were stopped: 0.0002602 seconds, Stopping threads took: 0.0000683 seconds
[2019-06-24T10:02:25.215+0000][1][safepoint    ] Application time: 1.0001905 seconds
[2019-06-24T10:02:25.216+0000][1][safepoint    ] Entering safepoint region: Cleanup
[2019-06-24T10:02:25.216+0000][1][safepoint    ] Leaving safepoint region
[2019-06-24T10:02:25.216+0000][1][safepoint    ] Total time for which application threads were stopped: 0.0002885 seconds, Stopping threads took: 0.0000880 seconds
[2019-06-24T10:02:26.216+0000][1][safepoint    ] Application time: 1.0001980 seconds
[2019-06-24T10:02:26.216+0000][1][safepoint    ] Entering safepoint region: Cleanup
[2019-06-24T10:02:26.216+0000][1][safepoint    ] Leaving safepoint region
[2019-06-24T10:02:26.216+0000][1][safepoint    ] Total time for which application threads were stopped: 0.0002660 seconds, Stopping threads took: 0.0000690 seconds
[2019-06-24T10:02:27.217+0000][1][safepoint    ] Application time: 1.0001267 seconds
[2019-06-24T10:02:27.217+0000][1][safepoint    ] Entering safepoint region: Cleanup
[2019-06-24T10:02:27.217+0000][1][safepoint    ] Leaving safepoint region
[2019-06-24T10:02:27.217+0000][1][safepoint    ] Total time for which application threads were stopped: 0.0002927 seconds, Stopping threads took: 0.0000839 seconds
[2019-06-24T10:02:28.217+0000][1][safepoint    ] Application time: 1.0001339 seconds
[2019-06-24T10:02:28.217+0000][1][safepoint    ] Entering safepoint region: Cleanup
[2019-06-24T10:02:28.217+0000][1][safepoint    ] Leaving safepoint region
[2019-06-24T10:02:28.217+0000][1][safepoint    ] Total time for which application threads were stopped: 0.0002573 seconds, Stopping threads took: 0.0000680 seconds
[2019-06-24T10:02:28.711+0000][1][safepoint    ] Application time: 0.4934566 seconds
[2019-06-24T10:02:28.711+0000][1][safepoint    ] Entering safepoint region: GenCollectForAllocation
[2019-06-24T10:02:28.712+0000][1][gc,start     ] GC(29) Pause Young (Allocation Failure)
[2019-06-24T10:02:28.712+0000][1][gc,task      ] GC(29) Using 5 workers of 8 for evacuation
[2019-06-24T10:02:28.718+0000][1][gc,age       ] GC(29) Desired survivor size 4456448 bytes, new threshold 6 (max threshold 6)
[2019-06-24T10:02:28.718+0000][1][gc,age       ] GC(29) Age table with threshold 6 (max threshold 6)
[2019-06-24T10:02:28.718+0000][1][gc,age       ] GC(29) - age   1:      54520 bytes,      54520 total
[2019-06-24T10:02:28.718+0000][1][gc,age       ] GC(29) - age   2:       1680 bytes,      56200 total
[2019-06-24T10:02:28.718+0000][1][gc,age       ] GC(29) - age   3:       1368 bytes,      57568 total
[2019-06-24T10:02:28.718+0000][1][gc,age       ] GC(29) - age   4:      80920 bytes,     138488 total
[2019-06-24T10:02:28.718+0000][1][gc,age       ] GC(29) - age   5:       5712 bytes,     144200 total
[2019-06-24T10:02:28.719+0000][1][gc,age       ] GC(29) - age   6:       4968 bytes,     149168 total
[2019-06-24T10:02:28.719+0000][1][gc,heap      ] GC(29) ParNew: 72725K->925K(78656K)
[2019-06-24T10:02:28.719+0000][1][gc,heap      ] GC(29) CMS: 69203K->69970K(174784K)
[2019-06-24T10:02:28.719+0000][1][gc,metaspace ] GC(29) Metaspace: 70209K->70209K(1114112K)
[2019-06-24T10:02:28.719+0000][1][gc           ] GC(29) Pause Young (Allocation Failure) 138M->69M(247M) 7.160ms
[2019-06-24T10:02:28.719+0000][1][gc,cpu       ] GC(29) User=0.02s Sys=0.01s Real=0.01s
[2019-06-24T10:02:28.719+0000][1][safepoint    ] Leaving safepoint region
[2019-06-24T10:02:28.719+0000][1][safepoint    ] Total time for which application threads were stopped: 0.0078457 seconds, Stopping threads took: 0.0001221 seconds
[2019-06-24T10:02:29.719+0000][1][safepoint    ] Application time: 1.0002843 seconds
[2019-06-24T10:02:29.720+0000][1][safepoint    ] Entering safepoint region: Cleanup
[2019-06-24T10:02:29.720+0000][1][safepoint    ] Leaving safepoint region
[2019-06-24T10:02:29.720+0000][1][safepoint    ] Total time for which application threads were stopped: 0.0002707 seconds, Stopping threads took: 0.0000928 seconds
[2019-06-24T10:02:30.720+0000][1][safepoint    ] Application time: 1.0001242 seconds
[2019-06-24T10:02:30.720+0000][1][safepoint    ] Entering safepoint region: Cleanup
[2019-06-24T10:02:30.720+0000][1][safepoint    ] Leaving safepoint region
[2019-06-24T10:02:30.720+0000][1][safepoint    ] Total time for which application threads were stopped: 0.0002493 seconds, Stopping threads took: 0.0000667 seconds
[2019-06-24T10:02:31.720+0000][1][safepoint    ] Application time: 1.0001599 seconds
[2019-06-24T10:02:31.721+0000][1][safepoint    ] Entering safepoint region: Cleanup
[2019-06-24T10:02:31.721+0000][1][safepoint    ] Leaving safepoint region
[2019-06-24T10:02:31.721+0000][1][safepoint    ] Total time for which application threads were stopped: 0.0002470 seconds, Stopping threads took: 0.0000648 seconds
[2019-06-24T10:02:32.721+0000][1][safepoint    ] Application time: 1.0001237 seconds
[2019-06-24T10:02:32.721+0000][1][safepoint    ] Entering safepoint region: Cleanup
[2019-06-24T10:02:32.721+0000][1][safepoint    ] Leaving safepoint region
[2019-06-24T10:02:32.721+0000][1][safepoint    ] Total time for which application threads were stopped: 0.0002514 seconds, Stopping threads took: 0.0000676 seconds
[2019-06-24T10:02:33.722+0000][1][safepoint    ] Application time: 1.0001317 seconds
[2019-06-24T10:02:33.722+0000][1][safepoint    ] Entering safepoint region: Cleanup
[2019-06-24T10:02:33.722+0000][1][safepoint    ] Leaving safepoint region
[2019-06-24T10:02:33.722+0000][1][safepoint    ] Total time for which application threads were stopped: 0.0002539 seconds, Stopping threads took: 0.0000677 seconds
[2019-06-24T10:02:34.722+0000][1][safepoint    ] Application time: 1.0001879 seconds
[2019-06-24T10:02:34.722+0000][1][safepoint    ] Entering safepoint region: Cleanup
[2019-06-24T10:02:34.723+0000][1][safepoint    ] Leaving safepoint region
[2019-06-24T10:02:34.723+0000][1][safepoint    ] Total time for which application threads were stopped: 0.0004125 seconds, Stopping threads took: 0.0002082 seconds
[2019-06-24T10:02:35.723+0000][1][safepoint    ] Application time: 1.0001259 seconds
[2019-06-24T10:02:35.723+0000][1][safepoint    ] Entering safepoint region: Cleanup
[2019-06-24T10:02:35.723+0000][1][safepoint    ] Leaving safepoint region
[2019-06-24T10:02:35.723+0000][1][safepoint    ] Total time for which application threads were stopped: 0.0002517 seconds, Stopping threads took: 0.0000671 seconds
[2019-06-24T10:02:36.723+0000][1][safepoint    ] Application time: 1.0001223 seconds
[2019-06-24T10:02:36.724+0000][1][safepoint    ] Entering safepoint region: Cleanup
[2019-06-24T10:02:36.724+0000][1][safepoint    ] Leaving safepoint region
[2019-06-24T10:02:36.724+0000][1][safepoint    ] Total time for which application threads were stopped: 0.0002465 seconds, Stopping threads took: 0.0000651 seconds
[2019-06-24T10:02:37.724+0000][1][safepoint    ] Application time: 1.0002190 seconds
[2019-06-24T10:02:37.724+0000][1][safepoint    ] Entering safepoint region: Cleanup
[2019-06-24T10:02:37.725+0000][1][safepoint    ] Leaving safepoint region
[2019-06-24T10:02:37.725+0000][1][safepoint    ] Total time for which application threads were stopped: 0.0003104 seconds, Stopping threads took: 0.0001103 seconds
[2019-06-24T10:02:38.725+0000][1][safepoint    ] Application time: 1.0001275 seconds
[2019-06-24T10:02:38.725+0000][1][safepoint    ] Entering safepoint region: Cleanup
[2019-06-24T10:02:38.725+0000][1][safepoint    ] Leaving safepoint region
[2019-06-24T10:02:38.725+0000][1][safepoint    ] Total time for which application threads were stopped: 0.0002541 seconds, Stopping threads took: 0.0000787 seconds
[2019-06-24T10:02:39.725+0000][1][safepoint    ] Application time: 1.0001239 seconds
[2019-06-24T10:02:39.725+0000][1][safepoint    ] Entering safepoint region: Cleanup
[2019-06-24T10:02:39.726+0000][1][safepoint    ] Leaving safepoint region
[2019-06-24T10:02:39.726+0000][1][safepoint    ] Total time for which application threads were stopped: 0.0002507 seconds, Stopping threads took: 0.0000773 seconds
[2019-06-24T10:02:40.726+0000][1][safepoint    ] Application time: 1.0001710 seconds
[2019-06-24T10:02:40.726+0000][1][safepoint    ] Entering safepoint region: Cleanup
[2019-06-24T10:02:40.726+0000][1][safepoint    ] Leaving safepoint region
[2019-06-24T10:02:40.726+0000][1][safepoint    ] Total time for which application threads were stopped: 0.0002801 seconds, Stopping threads took: 0.0001034 seconds
[2019-06-24T10:02:41.726+0000][1][safepoint    ] Application time: 1.0001217 seconds
[2019-06-24T10:02:41.727+0000][1][safepoint    ] Entering safepoint region: Cleanup
[2019-06-24T10:02:41.727+0000][1][safepoint    ] Leaving safepoint region
[2019-06-24T10:02:41.727+0000][1][safepoint    ] Total time for which application threads were stopped: 0.0002582 seconds, Stopping threads took: 0.0000740 seconds
[2019-06-24T10:02:42.727+0000][1][safepoint    ] Application time: 1.0001774 seconds
[2019-06-24T10:02:42.727+0000][1][safepoint    ] Entering safepoint region: Cleanup
[2019-06-24T10:02:42.727+0000][1][safepoint    ] Leaving safepoint region
[2019-06-24T10:02:42.727+0000][1][safepoint    ] Total time for which application threads were stopped: 0.0002515 seconds, Stopping threads took: 0.0000684 seconds
[2019-06-24T10:02:43.728+0000][1][safepoint    ] Application time: 1.0002259 seconds
[2019-06-24T10:02:43.728+0000][1][safepoint    ] Entering safepoint region: Cleanup
[2019-06-24T10:02:43.728+0000][1][safepoint    ] Leaving safepoint region
[2019-06-24T10:02:43.728+0000][1][safepoint    ] Total time for which application threads were stopped: 0.0002460 seconds, Stopping threads took: 0.0000675 seconds
[2019-06-24T10:02:44.728+0000][1][safepoint    ] Application time: 1.0002269 seconds
[2019-06-24T10:02:44.728+0000][1][safepoint    ] Entering safepoint region: Cleanup
[2019-06-24T10:02:44.729+0000][1][safepoint    ] Leaving safepoint region
[2019-06-24T10:02:44.729+0000][1][safepoint    ] Total time for which application threads were stopped: 0.0002521 seconds, Stopping threads took: 0.0000670 seconds
[2019-06-24T10:02:45.729+0000][1][safepoint    ] Application time: 1.0001887 seconds
[2019-06-24T10:02:45.729+0000][1][safepoint    ] Entering safepoint region: Cleanup
[2019-06-24T10:02:45.729+0000][1][safepoint    ] Leaving safepoint region
[2019-06-24T10:02:45.729+0000][1][safepoint    ] Total time for which application threads were stopped: 0.0002780 seconds, Stopping threads took: 0.0000975 seconds
[2019-06-24T10:02:46.729+0000][1][safepoint    ] Application time: 1.0001781 seconds
[2019-06-24T10:02:46.730+0000][1][safepoint    ] Entering safepoint region: Cleanup
[2019-06-24T10:02:46.730+0000][1][safepoint    ] Leaving safepoint region
[2019-06-24T10:02:46.730+0000][1][safepoint    ] Total time for which application threads were stopped: 0.0002280 seconds, Stopping threads took: 0.0000614 seconds
[2019-06-24T10:02:47.730+0000][1][safepoint    ] Application time: 1.0002572 seconds
[2019-06-24T10:02:47.730+0000][1][safepoint    ] Entering safepoint region: Cleanup
[2019-06-24T10:02:47.730+0000][1][safepoint    ] Leaving safepoint region
[2019-06-24T10:02:47.730+0000][1][safepoint    ] Total time for which application threads were stopped: 0.0002309 seconds, Stopping threads took: 0.0000621 seconds
[2019-06-24T10:02:48.731+0000][1][safepoint    ] Application time: 1.0002737 seconds
[2019-06-24T10:02:48.731+0000][1][safepoint    ] Entering safepoint region: Cleanup
[2019-06-24T10:02:48.731+0000][1][safepoint    ] Leaving safepoint region
[2019-06-24T10:02:48.731+0000][1][safepoint    ] Total time for which application threads were stopped: 0.0002569 seconds, Stopping threads took: 0.0000691 seconds
[2019-06-24T10:02:49.731+0000][1][safepoint    ] Application time: 1.0002832 seconds
[2019-06-24T10:02:49.732+0000][1][safepoint    ] Entering safepoint region: Cleanup
[2019-06-24T10:02:49.732+0000][1][safepoint    ] Leaving safepoint region
[2019-06-24T10:02:49.732+0000][1][safepoint    ] Total time for which application threads were stopped: 0.0002549 seconds, Stopping threads took: 0.0000674 seconds
[2019-06-24T10:02:50.732+0000][1][safepoint    ] Application time: 1.0001843 seconds
[2019-06-24T10:02:50.732+0000][1][safepoint    ] Entering safepoint region: Cleanup
[2019-06-24T10:02:50.732+0000][1][safepoint    ] Leaving safepoint region
[2019-06-24T10:02:50.732+0000][1][safepoint    ] Total time for which application threads were stopped: 0.0002192 seconds, Stopping threads took: 0.0000571 seconds
[2019-06-24T10:02:51.733+0000][1][safepoint    ] Application time: 1.0002639 seconds
[2019-06-24T10:02:51.733+0000][1][safepoint    ] Entering safepoint region: Cleanup
[2019-06-24T10:02:51.733+0000][1][safepoint    ] Leaving safepoint region
[2019-06-24T10:02:51.733+0000][1][safepoint    ] Total time for which application threads were stopped: 0.0002537 seconds, Stopping threads took: 0.0000667 seconds
[2019-06-24T10:02:52.733+0000][1][safepoint    ] Application time: 1.0001174 seconds
[2019-06-24T10:02:52.733+0000][1][safepoint    ] Entering safepoint region: Cleanup
[2019-06-24T10:02:52.733+0000][1][safepoint    ] Leaving safepoint region
[2019-06-24T10:02:52.733+0000][1][safepoint    ] Total time for which application threads were stopped: 0.0001446 seconds, Stopping threads took: 0.0000390 seconds
[2019-06-24T10:02:53.734+0000][1][safepoint    ] Application time: 1.0002492 seconds
[2019-06-24T10:02:53.734+0000][1][safepoint    ] Entering safepoint region: Cleanup
[2019-06-24T10:02:53.734+0000][1][safepoint    ] Leaving safepoint region
[2019-06-24T10:02:53.734+0000][1][safepoint    ] Total time for which application threads were stopped: 0.0002458 seconds, Stopping threads took: 0.0000676 seconds
[2019-06-24T10:02:54.754+0000][1][safepoint    ] Application time: 1.0204186 seconds
[2019-06-24T10:02:54.755+0000][1][safepoint    ] Entering safepoint region: Cleanup
[2019-06-24T10:02:54.755+0000][1][safepoint    ] Leaving safepoint region
[2019-06-24T10:02:54.755+0000][1][safepoint    ] Total time for which application threads were stopped: 0.0003757 seconds, Stopping threads took: 0.0001325 seconds
[2019-06-24T10:02:55.755+0000][1][safepoint    ] Application time: 1.0001990 seconds
[2019-06-24T10:02:55.755+0000][1][safepoint    ] Entering safepoint region: Cleanup
[2019-06-24T10:02:55.755+0000][1][safepoint    ] Leaving safepoint region
[2019-06-24T10:02:55.755+0000][1][safepoint    ] Total time for which application threads were stopped: 0.0002408 seconds, Stopping threads took: 0.0000637 seconds
[2019-06-24T10:02:56.756+0000][1][safepoint    ] Application time: 1.0001915 seconds
[2019-06-24T10:02:56.756+0000][1][safepoint    ] Entering safepoint region: Cleanup
[2019-06-24T10:02:56.756+0000][1][safepoint    ] Leaving safepoint region
[2019-06-24T10:02:56.756+0000][1][safepoint    ] Total time for which application threads were stopped: 0.0002401 seconds, Stopping threads took: 0.0000864 seconds
[2019-06-24T10:02:57.756+0000][1][safepoint    ] Application time: 1.0000928 seconds
[2019-06-24T10:02:57.756+0000][1][safepoint    ] Entering safepoint region: Cleanup
[2019-06-24T10:02:57.756+0000][1][safepoint    ] Leaving safepoint region
[2019-06-24T10:02:57.756+0000][1][safepoint    ] Total time for which application threads were stopped: 0.0001345 seconds, Stopping threads took: 0.0000239 seconds
[2019-06-24T10:02:58.756+0000][1][safepoint    ] Application time: 1.0001263 seconds
[2019-06-24T10:02:58.756+0000][1][safepoint    ] Entering safepoint region: Cleanup
[2019-06-24T10:02:58.757+0000][1][safepoint    ] Leaving safepoint region
[2019-06-24T10:02:58.757+0000][1][safepoint    ] Total time for which application threads were stopped: 0.0001295 seconds, Stopping threads took: 0.0000245 seconds
[2019-06-24T10:02:59.757+0000][1][safepoint    ] Application time: 1.0000983 seconds
[2019-06-24T10:02:59.757+0000][1][safepoint    ] Entering safepoint region: Cleanup
[2019-06-24T10:02:59.757+0000][1][safepoint    ] Leaving safepoint region
[2019-06-24T10:02:59.757+0000][1][safepoint    ] Total time for which application threads were stopped: 0.0001545 seconds, Stopping threads took: 0.0000435 seconds
[2019-06-24T10:03:00.757+0000][1][safepoint    ] Application time: 1.0000821 seconds
[2019-06-24T10:03:00.757+0000][1][safepoint    ] Entering safepoint region: Cleanup
[2019-06-24T10:03:00.757+0000][1][safepoint    ] Leaving safepoint region
[2019-06-24T10:03:00.757+0000][1][safepoint    ] Total time for which application threads were stopped: 0.0001481 seconds, Stopping threads took: 0.0000348 seconds
[2019-06-24T10:03:01.757+0000][1][safepoint    ] Application time: 1.0000880 seconds
[2019-06-24T10:03:01.757+0000][1][safepoint    ] Entering safepoint region: Cleanup
[2019-06-24T10:03:01.757+0000][1][safepoint    ] Leaving safepoint region
[2019-06-24T10:03:01.757+0000][1][safepoint    ] Total time for which application threads were stopped: 0.0001068 seconds, Stopping threads took: 0.0000289 seconds
[2019-06-24T10:03:02.758+0000][1][safepoint    ] Application time: 1.0000782 seconds
[2019-06-24T10:03:02.758+0000][1][safepoint    ] Entering safepoint region: Cleanup
[2019-06-24T10:03:02.758+0000][1][safepoint    ] Leaving safepoint region
[2019-06-24T10:03:02.758+0000][1][safepoint    ] Total time for which application threads were stopped: 0.0001359 seconds, Stopping threads took: 0.0000395 seconds
[2019-06-24T10:03:03.758+0000][1][safepoint    ] Application time: 1.0000734 seconds
[2019-06-24T10:03:03.758+0000][1][safepoint    ] Entering safepoint region: Cleanup
[2019-06-24T10:03:03.758+0000][1][safepoint    ] Leaving safepoint region
[2019-06-24T10:03:03.758+0000][1][safepoint    ] Total time for which application threads were stopped: 0.0000763 seconds, Stopping threads took: 0.0000187 seconds
[2019-06-24T10:03:04.758+0000][1][safepoint    ] Application time: 1.0000760 seconds
[2019-06-24T10:03:04.758+0000][1][safepoint    ] Entering safepoint region: Cleanup
[2019-06-24T10:03:04.758+0000][1][safepoint    ] Leaving safepoint region
[2019-06-24T10:03:04.758+0000][1][safepoint    ] Total time for which application threads were stopped: 0.0001355 seconds, Stopping threads took: 0.0000345 seconds
[2019-06-24T10:03:05.758+0000][1][safepoint    ] Application time: 1.0000782 seconds
[2019-06-24T10:03:05.758+0000][1][safepoint    ] Entering safepoint region: Cleanup
[2019-06-24T10:03:05.758+0000][1][safepoint    ] Leaving safepoint region
[2019-06-24T10:03:05.758+0000][1][safepoint    ] Total time for which application threads were stopped: 0.0001195 seconds, Stopping threads took: 0.0000297 seconds
[2019-06-24T10:03:05.963+0000][1][safepoint    ] Application time: 0.2045815 seconds
[2019-06-24T10:03:05.963+0000][1][safepoint    ] Entering safepoint region: RevokeBias
[2019-06-24T10:03:05.963+0000][1][safepoint    ] Leaving safepoint region
[2019-06-24T10:03:05.963+0000][1][safepoint    ] Total time for which application threads were stopped: 0.0001389 seconds, Stopping threads took: 0.0000290 seconds
[2019-06-24T10:03:06.046+0000][1][safepoint    ] Application time: 0.0827279 seconds
[2019-06-24T10:03:06.046+0000][1][safepoint    ] Entering safepoint region: RevokeBias
[2019-06-24T10:03:06.046+0000][1][safepoint    ] Leaving safepoint region
[2019-06-24T10:03:06.046+0000][1][safepoint    ] Total time for which application threads were stopped: 0.0001685 seconds, Stopping threads took: 0.0000462 seconds
[2019-06-24T10:03:06.047+0000][1][safepoint    ] Application time: 0.0003806 seconds
[2019-06-24T10:03:06.047+0000][1][safepoint    ] Entering safepoint region: RevokeBias
[2019-06-24T10:03:06.047+0000][1][safepoint    ] Leaving safepoint region
[2019-06-24T10:03:06.047+0000][1][safepoint    ] Total time for which application threads were stopped: 0.0001339 seconds, Stopping threads took: 0.0000244 seconds
[2019-06-24T10:03:06.050+0000][1][safepoint    ] Application time: 0.0031638 seconds
[2019-06-24T10:03:06.050+0000][1][safepoint    ] Entering safepoint region: RevokeBias
[2019-06-24T10:03:06.050+0000][1][safepoint    ] Leaving safepoint region
[2019-06-24T10:03:06.050+0000][1][safepoint    ] Total time for which application threads were stopped: 0.0001441 seconds, Stopping threads took: 0.0000307 seconds
[2019-06-24T10:03:06.058+0000][1][safepoint    ] Application time: 0.0080518 seconds
[2019-06-24T10:03:06.058+0000][1][safepoint    ] Entering safepoint region: RevokeBias
[2019-06-24T10:03:06.058+0000][1][safepoint    ] Leaving safepoint region
[2019-06-24T10:03:06.058+0000][1][safepoint    ] Total time for which application threads were stopped: 0.0001985 seconds, Stopping threads took: 0.0000756 seconds
[2019-06-24T10:03:06.059+0000][1][safepoint    ] Application time: 0.0004044 seconds
[2019-06-24T10:03:06.059+0000][1][safepoint    ] Entering safepoint region: RevokeBias
[2019-06-24T10:03:06.059+0000][1][safepoint    ] Leaving safepoint region
[2019-06-24T10:03:06.059+0000][1][safepoint    ] Total time for which application threads were stopped: 0.0001226 seconds, Stopping threads took: 0.0000332 seconds
[2019-06-24T10:03:06.059+0000][1][safepoint    ] Application time: 0.0004042 seconds
[2019-06-24T10:03:06.059+0000][1][safepoint    ] Entering safepoint region: RevokeBias
[2019-06-24T10:03:06.060+0000][1][safepoint    ] Leaving safepoint region
[2019-06-24T10:03:06.060+0000][1][safepoint    ] Total time for which application threads were stopped: 0.0000970 seconds, Stopping threads took: 0.0000201 seconds
[2019-06-24T10:03:06.060+0000][1][safepoint    ] Application time: 0.0003817 seconds
[2019-06-24T10:03:06.060+0000][1][safepoint    ] Entering safepoint region: RevokeBias
[2019-06-24T10:03:06.060+0000][1][safepoint    ] Leaving safepoint region
[2019-06-24T10:03:06.060+0000][1][safepoint    ] Total time for which application threads were stopped: 0.0001173 seconds, Stopping threads took: 0.0000215 seconds
[2019-06-24T10:03:06.061+0000][1][safepoint    ] Application time: 0.0009364 seconds
[2019-06-24T10:03:06.061+0000][1][safepoint    ] Entering safepoint region: RevokeBias
[2019-06-24T10:03:06.061+0000][1][safepoint    ] Leaving safepoint region
[2019-06-24T10:03:06.061+0000][1][safepoint    ] Total time for which application threads were stopped: 0.0001731 seconds, Stopping threads took: 0.0000594 seconds
[2019-06-24T10:03:06.061+0000][1][safepoint    ] Application time: 0.0002206 seconds
[2019-06-24T10:03:06.061+0000][1][safepoint    ] Entering safepoint region: RevokeBias
[2019-06-24T10:03:06.062+0000][1][safepoint    ] Leaving safepoint region
[2019-06-24T10:03:06.062+0000][1][safepoint    ] Total time for which application threads were stopped: 0.0001398 seconds, Stopping threads took: 0.0000469 seconds
[2019-06-24T10:03:06.063+0000][1][safepoint    ] Application time: 0.0015794 seconds
[2019-06-24T10:03:06.063+0000][1][safepoint    ] Entering safepoint region: RevokeBias
[2019-06-24T10:03:06.063+0000][1][safepoint    ] Leaving safepoint region
[2019-06-24T10:03:06.063+0000][1][safepoint    ] Total time for which application threads were stopped: 0.0001531 seconds, Stopping threads took: 0.0000315 seconds
[2019-06-24T10:03:06.064+0000][1][safepoint    ] Application time: 0.0002379 seconds
[2019-06-24T10:03:06.064+0000][1][safepoint    ] Entering safepoint region: RevokeBias
[2019-06-24T10:03:06.064+0000][1][safepoint    ] Leaving safepoint region
[2019-06-24T10:03:06.064+0000][1][safepoint    ] Total time for which application threads were stopped: 0.0001704 seconds, Stopping threads took: 0.0000716 seconds
[2019-06-24T10:03:06.080+0000][1][safepoint    ] Application time: 0.0163857 seconds
[2019-06-24T10:03:06.080+0000][1][safepoint    ] Entering safepoint region: RevokeBias
[2019-06-24T10:03:06.080+0000][1][safepoint    ] Leaving safepoint region
[2019-06-24T10:03:06.080+0000][1][safepoint    ] Total time for which application threads were stopped: 0.0001800 seconds, Stopping threads took: 0.0000669 seconds
[2019-06-24T10:03:06.081+0000][1][safepoint    ] Application time: 0.0001505 seconds
[2019-06-24T10:03:06.081+0000][1][safepoint    ] Entering safepoint region: RevokeBias
[2019-06-24T10:03:06.081+0000][1][safepoint    ] Leaving safepoint region
[2019-06-24T10:03:06.081+0000][1][safepoint    ] Total time for which application threads were stopped: 0.0001563 seconds, Stopping threads took: 0.0000793 seconds
[2019-06-24T10:03:06.081+0000][1][safepoint    ] Application time: 0.0006204 seconds
[2019-06-24T10:03:06.081+0000][1][safepoint    ] Entering safepoint region: RevokeBias
[2019-06-24T10:03:06.082+0000][1][safepoint    ] Leaving safepoint region
[2019-06-24T10:03:06.082+0000][1][safepoint    ] Total time for which application threads were stopped: 0.0001619 seconds, Stopping threads took: 0.0000225 seconds
[2019-06-24T10:03:06.082+0000][1][safepoint    ] Application time: 0.0003253 seconds
[2019-06-24T10:03:06.082+0000][1][safepoint    ] Entering safepoint region: RevokeBias
[2019-06-24T10:03:06.082+0000][1][safepoint    ] Leaving safepoint region
[2019-06-24T10:03:06.082+0000][1][safepoint    ] Total time for which application threads were stopped: 0.0002266 seconds, Stopping threads took: 0.0000838 seconds
[2019-06-24T10:03:06.082+0000][1][safepoint    ] Application time: 0.0002179 seconds
[2019-06-24T10:03:06.083+0000][1][safepoint    ] Entering safepoint region: RevokeBias
[2019-06-24T10:03:06.083+0000][1][safepoint    ] Leaving safepoint region
[2019-06-24T10:03:06.083+0000][1][safepoint    ] Total time for which application threads were stopped: 0.0002406 seconds, Stopping threads took: 0.0001167 seconds
[2019-06-24T10:03:06.083+0000][1][safepoint    ] Application time: 0.0004355 seconds
[2019-06-24T10:03:06.083+0000][1][safepoint    ] Entering safepoint region: RevokeBias
[2019-06-24T10:03:06.083+0000][1][safepoint    ] Leaving safepoint region
[2019-06-24T10:03:06.083+0000][1][safepoint    ] Total time for which application threads were stopped: 0.0002363 seconds, Stopping threads took: 0.0001025 seconds
[2019-06-24T10:03:06.084+0000][1][safepoint    ] Application time: 0.0003776 seconds
[2019-06-24T10:03:06.084+0000][1][safepoint    ] Entering safepoint region: RevokeBias
[2019-06-24T10:03:06.084+0000][1][safepoint    ] Leaving safepoint region
[2019-06-24T10:03:06.084+0000][1][safepoint    ] Total time for which application threads were stopped: 0.0001848 seconds, Stopping threads took: 0.0000445 seconds
[2019-06-24T10:03:06.085+0000][1][safepoint    ] Application time: 0.0012405 seconds
[2019-06-24T10:03:06.085+0000][1][safepoint    ] Entering safepoint region: RevokeBias
[2019-06-24T10:03:06.086+0000][1][safepoint    ] Leaving safepoint region
[2019-06-24T10:03:06.086+0000][1][safepoint    ] Total time for which application threads were stopped: 0.0006216 seconds, Stopping threads took: 0.0000330 seconds
[2019-06-24T10:03:06.087+0000][1][safepoint    ] Application time: 0.0006283 seconds
[2019-06-24T10:03:06.087+0000][1][safepoint    ] Entering safepoint region: RevokeBias
[2019-06-24T10:03:06.087+0000][1][safepoint    ] Leaving safepoint region
[2019-06-24T10:03:06.087+0000][1][safepoint    ] Total time for which application threads were stopped: 0.0002086 seconds, Stopping threads took: 0.0000336 seconds
[2019-06-24T10:03:06.087+0000][1][safepoint    ] Application time: 0.0004400 seconds
[2019-06-24T10:03:06.087+0000][1][safepoint    ] Entering safepoint region: RevokeBias
[2019-06-24T10:03:06.088+0000][1][safepoint    ] Leaving safepoint region
[2019-06-24T10:03:06.088+0000][1][safepoint    ] Total time for which application threads were stopped: 0.0006676 seconds, Stopping threads took: 0.0001007 seconds
[2019-06-24T10:03:07.089+0000][1][safepoint    ] Application time: 1.0012328 seconds
[2019-06-24T10:03:07.089+0000][1][safepoint    ] Entering safepoint region: Cleanup
[2019-06-24T10:03:07.090+0000][1][safepoint    ] Leaving safepoint region
[2019-06-24T10:03:07.090+0000][1][safepoint    ] Total time for which application threads were stopped: 0.0002745 seconds, Stopping threads took: 0.0000538 seconds
[2019-06-24T10:03:08.090+0000][1][safepoint    ] Application time: 1.0002502 seconds
[2019-06-24T10:03:08.090+0000][1][safepoint    ] Entering safepoint region: Cleanup
[2019-06-24T10:03:08.090+0000][1][safepoint    ] Leaving safepoint region
[2019-06-24T10:03:08.090+0000][1][safepoint    ] Total time for which application threads were stopped: 0.0002389 seconds, Stopping threads took: 0.0000595 seconds
[2019-06-24T10:03:09.090+0000][1][safepoint    ] Application time: 1.0001808 seconds
[2019-06-24T10:03:09.091+0000][1][safepoint    ] Entering safepoint region: Cleanup
[2019-06-24T10:03:09.091+0000][1][safepoint    ] Leaving safepoint region
[2019-06-24T10:03:09.091+0000][1][safepoint    ] Total time for which application threads were stopped: 0.0002546 seconds, Stopping threads took: 0.0000749 seconds
[2019-06-24T10:03:10.091+0000][1][safepoint    ] Application time: 1.0001786 seconds
[2019-06-24T10:03:10.091+0000][1][safepoint    ] Entering safepoint region: Cleanup
[2019-06-24T10:03:10.091+0000][1][safepoint    ] Leaving safepoint region
[2019-06-24T10:03:10.091+0000][1][safepoint    ] Total time for which application threads were stopped: 0.0002509 seconds, Stopping threads took: 0.0000528 seconds
[2019-06-24T10:03:11.092+0000][1][safepoint    ] Application time: 1.0002261 seconds
[2019-06-24T10:03:11.092+0000][1][safepoint    ] Entering safepoint region: Cleanup
[2019-06-24T10:03:11.092+0000][1][safepoint    ] Leaving safepoint region
[2019-06-24T10:03:11.092+0000][1][safepoint    ] Total time for which application threads were stopped: 0.0002782 seconds, Stopping threads took: 0.0000654 seconds
[2019-06-24T10:03:12.092+0000][1][safepoint    ] Application time: 1.0001412 seconds
[2019-06-24T10:03:12.092+0000][1][safepoint    ] Entering safepoint region: Cleanup
[2019-06-24T10:03:12.092+0000][1][safepoint    ] Leaving safepoint region
[2019-06-24T10:03:12.092+0000][1][safepoint    ] Total time for which application threads were stopped: 0.0001158 seconds, Stopping threads took: 0.0000293 seconds
[2019-06-24T10:03:13.092+0000][1][safepoint    ] Application time: 1.0001512 seconds
[2019-06-24T10:03:13.093+0000][1][safepoint    ] Entering safepoint region: Cleanup
[2019-06-24T10:03:13.093+0000][1][safepoint    ] Leaving safepoint region
[2019-06-24T10:03:13.093+0000][1][safepoint    ] Total time for which application threads were stopped: 0.0001790 seconds, Stopping threads took: 0.0000468 seconds
[2019-06-24T10:03:14.093+0000][1][safepoint    ] Application time: 1.0001225 seconds
[2019-06-24T10:03:14.093+0000][1][safepoint    ] Entering safepoint region: Cleanup
[2019-06-24T10:03:14.093+0000][1][safepoint    ] Leaving safepoint region
[2019-06-24T10:03:14.093+0000][1][safepoint    ] Total time for which application threads were stopped: 0.0002221 seconds, Stopping threads took: 0.0000556 seconds
[2019-06-24T10:03:14.769+0000][1][safepoint    ] Application time: 0.6762698 seconds
[2019-06-24T10:03:14.770+0000][1][safepoint    ] Entering safepoint region: RevokeBias
[2019-06-24T10:03:14.770+0000][1][safepoint    ] Leaving safepoint region
[2019-06-24T10:03:14.770+0000][1][safepoint    ] Total time for which application threads were stopped: 0.0005930 seconds, Stopping threads took: 0.0003222 seconds
[2019-06-24T10:03:14.780+0000][1][safepoint    ] Application time: 0.0094794 seconds
[2019-06-24T10:03:14.780+0000][1][safepoint    ] Entering safepoint region: RevokeBias
[2019-06-24T10:03:14.780+0000][1][safepoint    ] Leaving safepoint region
[2019-06-24T10:03:14.780+0000][1][safepoint    ] Total time for which application threads were stopped: 0.0004191 seconds, Stopping threads took: 0.0001870 seconds
[2019-06-24T10:03:14.783+0000][1][safepoint    ] Application time: 0.0030729 seconds
[2019-06-24T10:03:14.783+0000][1][safepoint    ] Entering safepoint region: RevokeBias
[2019-06-24T10:03:14.783+0000][1][safepoint    ] Leaving safepoint region
[2019-06-24T10:03:14.783+0000][1][safepoint    ] Total time for which application threads were stopped: 0.0001524 seconds, Stopping threads took: 0.0000324 seconds
[2019-06-24T10:03:15.784+0000][1][safepoint    ] Application time: 1.0001781 seconds
[2019-06-24T10:03:15.784+0000][1][safepoint    ] Entering safepoint region: Cleanup
[2019-06-24T10:03:15.784+0000][1][safepoint    ] Leaving safepoint region
[2019-06-24T10:03:15.784+0000][1][safepoint    ] Total time for which application threads were stopped: 0.0002548 seconds, Stopping threads took: 0.0000650 seconds
[2019-06-24T10:03:16.784+0000][1][safepoint    ] Application time: 1.0001529 seconds
[2019-06-24T10:03:16.784+0000][1][safepoint    ] Entering safepoint region: Cleanup
[2019-06-24T10:03:16.786+0000][1][safepoint    ] Leaving safepoint region
[2019-06-24T10:03:16.786+0000][1][safepoint    ] Total time for which application threads were stopped: 0.0012386 seconds, Stopping threads took: 0.0009960 seconds
[2019-06-24T10:03:17.786+0000][1][safepoint    ] Application time: 1.0001537 seconds
[2019-06-24T10:03:17.786+0000][1][safepoint    ] Entering safepoint region: Cleanup
[2019-06-24T10:03:17.786+0000][1][safepoint    ] Leaving safepoint region
[2019-06-24T10:03:17.786+0000][1][safepoint    ] Total time for which application threads were stopped: 0.0002834 seconds, Stopping threads took: 0.0000966 seconds
[2019-06-24T10:03:18.786+0000][1][safepoint    ] Application time: 1.0001627 seconds
[2019-06-24T10:03:18.787+0000][1][safepoint    ] Entering safepoint region: Cleanup
[2019-06-24T10:03:18.787+0000][1][safepoint    ] Leaving safepoint region
[2019-06-24T10:03:18.787+0000][1][safepoint    ] Total time for which application threads were stopped: 0.0002301 seconds, Stopping threads took: 0.0000987 seconds
[2019-06-24T10:03:19.787+0000][1][safepoint    ] Application time: 1.0001753 seconds
[2019-06-24T10:03:19.787+0000][1][safepoint    ] Entering safepoint region: Cleanup
[2019-06-24T10:03:19.787+0000][1][safepoint    ] Leaving safepoint region
[2019-06-24T10:03:19.787+0000][1][safepoint    ] Total time for which application threads were stopped: 0.0003551 seconds, Stopping threads took: 0.0001141 seconds
[2019-06-24T10:03:20.788+0000][1][safepoint    ] Application time: 1.0002993 seconds
[2019-06-24T10:03:20.788+0000][1][safepoint    ] Entering safepoint region: Cleanup
[2019-06-24T10:03:20.788+0000][1][safepoint    ] Leaving safepoint region
[2019-06-24T10:03:20.788+0000][1][safepoint    ] Total time for which application threads were stopped: 0.0001501 seconds, Stopping threads took: 0.0000456 seconds
[2019-06-24T10:03:21.788+0000][1][safepoint    ] Application time: 1.0002470 seconds
[2019-06-24T10:03:21.788+0000][1][safepoint    ] Entering safepoint region: Cleanup
[2019-06-24T10:03:21.789+0000][1][safepoint    ] Leaving safepoint region
[2019-06-24T10:03:21.790+0000][1][safepoint    ] Total time for which application threads were stopped: 0.0011985 seconds, Stopping threads took: 0.0009433 seconds
[2019-06-24T10:03:22.790+0000][1][safepoint    ] Application time: 1.0001854 seconds
[2019-06-24T10:03:22.790+0000][1][safepoint    ] Entering safepoint region: Cleanup
[2019-06-24T10:03:22.790+0000][1][safepoint    ] Leaving safepoint region
[2019-06-24T10:03:22.790+0000][1][safepoint    ] Total time for which application threads were stopped: 0.0003169 seconds, Stopping threads took: 0.0000926 seconds
[2019-06-24T10:03:51.795+0000][1][safepoint    ] Application time: 29.0050955 seconds
[2019-06-24T10:03:51.796+0000][1][safepoint    ] Entering safepoint region: Cleanup
[2019-06-24T10:03:51.796+0000][1][safepoint    ] Leaving safepoint region
[2019-06-24T10:03:51.796+0000][1][safepoint    ] Total time for which application threads were stopped: 0.0004070 seconds, Stopping threads took: 0.0001620 seconds
[2019-06-24T10:03:55.797+0000][1][safepoint    ] Application time: 4.0007458 seconds
[2019-06-24T10:03:55.797+0000][1][safepoint    ] Entering safepoint region: Cleanup
[2019-06-24T10:03:55.797+0000][1][safepoint    ] Leaving safepoint region
[2019-06-24T10:03:55.798+0000][1][safepoint    ] Total time for which application threads were stopped: 0.0003109 seconds, Stopping threads took: 0.0000684 seconds
[2019-06-24T10:03:56.798+0000][1][safepoint    ] Application time: 1.0001588 seconds
[2019-06-24T10:03:56.798+0000][1][safepoint    ] Entering safepoint region: Cleanup
[2019-06-24T10:03:56.798+0000][1][safepoint    ] Leaving safepoint region
[2019-06-24T10:03:56.798+0000][1][safepoint    ] Total time for which application threads were stopped: 0.0002704 seconds, Stopping threads took: 0.0000653 seconds
[2019-06-24T10:03:57.798+0000][1][safepoint    ] Application time: 1.0001395 seconds
[2019-06-24T10:03:57.799+0000][1][safepoint    ] Entering safepoint region: Cleanup
[2019-06-24T10:03:57.799+0000][1][safepoint    ] Leaving safepoint region
[2019-06-24T10:03:57.799+0000][1][safepoint    ] Total time for which application threads were stopped: 0.0001154 seconds, Stopping threads took: 0.0000388 seconds
[2019-06-24T10:03:59.799+0000][1][safepoint    ] Application time: 2.0002200 seconds
[2019-06-24T10:03:59.799+0000][1][safepoint    ] Entering safepoint region: Cleanup
[2019-06-24T10:03:59.799+0000][1][safepoint    ] Leaving safepoint region
[2019-06-24T10:03:59.799+0000][1][safepoint    ] Total time for which application threads were stopped: 0.0002485 seconds, Stopping threads took: 0.0000807 seconds
[2019-06-24T10:04:01.800+0000][1][safepoint    ] Application time: 2.0003091 seconds
[2019-06-24T10:04:01.800+0000][1][safepoint    ] Entering safepoint region: Cleanup
[2019-06-24T10:04:01.800+0000][1][safepoint    ] Leaving safepoint region
[2019-06-24T10:04:01.800+0000][1][safepoint    ] Total time for which application threads were stopped: 0.0002798 seconds, Stopping threads took: 0.0000698 seconds
[2019-06-24T10:04:05.801+0000][1][safepoint    ] Application time: 4.0009778 seconds
[2019-06-24T10:04:05.801+0000][1][safepoint    ] Entering safepoint region: Cleanup
[2019-06-24T10:04:05.801+0000][1][safepoint    ] Leaving safepoint region
[2019-06-24T10:04:05.801+0000][1][safepoint    ] Total time for which application threads were stopped: 0.0002805 seconds, Stopping threads took: 0.0000693 seconds
[2019-06-24T10:04:06.802+0000][1][safepoint    ] Application time: 1.0001397 seconds
[2019-06-24T10:04:06.802+0000][1][safepoint    ] Entering safepoint region: Cleanup
[2019-06-24T10:04:06.802+0000][1][safepoint    ] Leaving safepoint region
[2019-06-24T10:04:06.802+0000][1][safepoint    ] Total time for which application threads were stopped: 0.0000987 seconds, Stopping threads took: 0.0000264 seconds
[2019-06-24T10:04:06.810+0000][1][safepoint    ] Application time: 0.0084993 seconds
[2019-06-24T10:04:06.810+0000][1][safepoint    ] Entering safepoint region: GenCollectForAllocation
[2019-06-24T10:04:06.810+0000][1][gc,start     ] GC(30) Pause Young (Allocation Failure)
[2019-06-24T10:04:06.810+0000][1][gc,task      ] GC(30) Using 5 workers of 8 for evacuation
[2019-06-24T10:04:06.811+0000][1][gc,age       ] GC(30) Desired survivor size 4456448 bytes, new threshold 6 (max threshold 6)
[2019-06-24T10:04:06.811+0000][1][gc,age       ] GC(30) Age table with threshold 6 (max threshold 6)
[2019-06-24T10:04:06.811+0000][1][gc,age       ] GC(30) - age   1:     125824 bytes,     125824 total
[2019-06-24T10:04:06.811+0000][1][gc,age       ] GC(30) - age   2:      37400 bytes,     163224 total
[2019-06-24T10:04:06.811+0000][1][gc,age       ] GC(30) - age   3:       1584 bytes,     164808 total
[2019-06-24T10:04:06.811+0000][1][gc,age       ] GC(30) - age   4:       1368 bytes,     166176 total
[2019-06-24T10:04:06.811+0000][1][gc,age       ] GC(30) - age   5:      80784 bytes,     246960 total
[2019-06-24T10:04:06.811+0000][1][gc,age       ] GC(30) - age   6:       5712 bytes,     252672 total
[2019-06-24T10:04:06.811+0000][1][gc,heap      ] GC(30) ParNew: 70877K->429K(78656K)
[2019-06-24T10:04:06.811+0000][1][gc,heap      ] GC(30) CMS: 69970K->69974K(174784K)
[2019-06-24T10:04:06.811+0000][1][gc,metaspace ] GC(30) Metaspace: 70264K->70264K(1114112K)
[2019-06-24T10:04:06.812+0000][1][gc           ] GC(30) Pause Young (Allocation Failure) 137M->68M(247M) 1.109ms
[2019-06-24T10:04:06.812+0000][1][gc,cpu       ] GC(30) User=0.00s Sys=0.00s Real=0.00s
[2019-06-24T10:04:06.812+0000][1][safepoint    ] Leaving safepoint region
[2019-06-24T10:04:06.812+0000][1][safepoint    ] Total time for which application threads were stopped: 0.0012577 seconds, Stopping threads took: 0.0000194 seconds
[2019-06-24T10:04:14.813+0000][1][safepoint    ] Application time: 8.0012922 seconds
[2019-06-24T10:04:14.814+0000][1][safepoint    ] Entering safepoint region: Cleanup
[2019-06-24T10:04:14.814+0000][1][safepoint    ] Leaving safepoint region
[2019-06-24T10:04:14.814+0000][1][safepoint    ] Total time for which application threads were stopped: 0.0004065 seconds, Stopping threads took: 0.0000979 seconds
[2019-06-24T10:04:16.815+0000][1][safepoint    ] Application time: 2.0004107 seconds
[2019-06-24T10:04:16.815+0000][1][safepoint    ] Entering safepoint region: Cleanup
[2019-06-24T10:04:16.815+0000][1][safepoint    ] Leaving safepoint region
[2019-06-24T10:04:16.815+0000][1][safepoint    ] Total time for which application threads were stopped: 0.0003366 seconds, Stopping threads took: 0.0000618 seconds
[2019-06-24T10:04:19.816+0000][1][safepoint    ] Application time: 3.0004292 seconds
[2019-06-24T10:04:19.816+0000][1][safepoint    ] Entering safepoint region: Cleanup
[2019-06-24T10:04:19.816+0000][1][safepoint    ] Leaving safepoint region
[2019-06-24T10:04:19.816+0000][1][safepoint    ] Total time for which application threads were stopped: 0.0002832 seconds, Stopping threads took: 0.0000596 seconds
[2019-06-24T10:04:25.817+0000][1][safepoint    ] Application time: 6.0008576 seconds
[2019-06-24T10:04:25.817+0000][1][safepoint    ] Entering safepoint region: Cleanup
[2019-06-24T10:04:25.817+0000][1][safepoint    ] Leaving safepoint region
[2019-06-24T10:04:25.817+0000][1][safepoint    ] Total time for which application threads were stopped: 0.0001036 seconds, Stopping threads took: 0.0000297 seconds
[2019-06-24T10:04:28.818+0000][1][safepoint    ] Application time: 3.0006267 seconds
[2019-06-24T10:04:28.818+0000][1][safepoint    ] Entering safepoint region: Cleanup
[2019-06-24T10:04:28.818+0000][1][safepoint    ] Leaving safepoint region
[2019-06-24T10:04:28.818+0000][1][safepoint    ] Total time for which application threads were stopped: 0.0003029 seconds, Stopping threads took: 0.0001060 seconds
[2019-06-24T10:04:35.820+0000][1][safepoint    ] Application time: 7.0011206 seconds
[2019-06-24T10:04:35.821+0000][1][safepoint    ] Entering safepoint region: Cleanup
[2019-06-24T10:04:35.821+0000][1][safepoint    ] Leaving safepoint region
[2019-06-24T10:04:35.821+0000][1][safepoint    ] Total time for which application threads were stopped: 0.0003336 seconds, Stopping threads took: 0.0001204 seconds
[2019-06-24T10:04:42.822+0000][1][safepoint    ] Application time: 7.0013081 seconds
[2019-06-24T10:04:42.823+0000][1][safepoint    ] Entering safepoint region: Cleanup
[2019-06-24T10:04:42.823+0000][1][safepoint    ] Leaving safepoint region
[2019-06-24T10:04:42.823+0000][1][safepoint    ] Total time for which application threads were stopped: 0.0001423 seconds, Stopping threads took: 0.0000398 seconds
[2019-06-24T10:04:46.824+0000][1][safepoint    ] Application time: 4.0008236 seconds
[2019-06-24T10:04:46.824+0000][1][safepoint    ] Entering safepoint region: Cleanup
[2019-06-24T10:04:46.825+0000][1][safepoint    ] Leaving safepoint region
[2019-06-24T10:04:46.825+0000][1][safepoint    ] Total time for which application threads were stopped: 0.0002468 seconds, Stopping threads took: 0.0000623 seconds
[2019-06-24T10:04:57.827+0000][1][safepoint    ] Application time: 11.0021609 seconds
[2019-06-24T10:04:57.827+0000][1][safepoint    ] Entering safepoint region: Cleanup
[2019-06-24T10:04:57.828+0000][1][safepoint    ] Leaving safepoint region
[2019-06-24T10:04:57.828+0000][1][safepoint    ] Total time for which application threads were stopped: 0.0004043 seconds, Stopping threads took: 0.0001626 seconds
[2019-06-24T10:04:58.828+0000][1][safepoint    ] Application time: 1.0002466 seconds
[2019-06-24T10:04:58.828+0000][1][safepoint    ] Entering safepoint region: Cleanup
[2019-06-24T10:04:58.828+0000][1][safepoint    ] Leaving safepoint region
[2019-06-24T10:04:58.829+0000][1][safepoint    ] Total time for which application threads were stopped: 0.0003584 seconds, Stopping threads took: 0.0001285 seconds
[2019-06-24T10:04:59.829+0000][1][safepoint    ] Application time: 1.0002630 seconds
[2019-06-24T10:04:59.829+0000][1][safepoint    ] Entering safepoint region: Cleanup
[2019-06-24T10:04:59.829+0000][1][safepoint    ] Leaving safepoint region
[2019-06-24T10:04:59.829+0000][1][safepoint    ] Total time for which application threads were stopped: 0.0002719 seconds, Stopping threads took: 0.0000689 seconds
[2019-06-24T10:05:04.830+0000][1][safepoint    ] Application time: 5.0010091 seconds
[2019-06-24T10:05:04.830+0000][1][safepoint    ] Entering safepoint region: Cleanup
[2019-06-24T10:05:04.831+0000][1][safepoint    ] Leaving safepoint region
[2019-06-24T10:05:04.831+0000][1][safepoint    ] Total time for which application threads were stopped: 0.0003668 seconds, Stopping threads took: 0.0000688 seconds
[2019-06-24T10:05:24.834+0000][1][safepoint    ] Application time: 20.0029581 seconds
[2019-06-24T10:05:24.835+0000][1][safepoint    ] Entering safepoint region: Cleanup
[2019-06-24T10:05:24.835+0000][1][safepoint    ] Leaving safepoint region
[2019-06-24T10:05:24.835+0000][1][safepoint    ] Total time for which application threads were stopped: 0.0002626 seconds, Stopping threads took: 0.0000843 seconds
[2019-06-24T10:05:33.837+0000][1][safepoint    ] Application time: 9.0019938 seconds
[2019-06-24T10:05:33.838+0000][1][safepoint    ] Entering safepoint region: Cleanup
[2019-06-24T10:05:33.838+0000][1][safepoint    ] Leaving safepoint region
[2019-06-24T10:05:33.838+0000][1][safepoint    ] Total time for which application threads were stopped: 0.0003257 seconds, Stopping threads took: 0.0001230 seconds
[2019-06-24T10:05:39.839+0000][1][safepoint    ] Application time: 6.0007507 seconds
[2019-06-24T10:05:39.840+0000][1][safepoint    ] Entering safepoint region: Cleanup
[2019-06-24T10:05:39.840+0000][1][safepoint    ] Leaving safepoint region
[2019-06-24T10:05:39.840+0000][1][safepoint    ] Total time for which application threads were stopped: 0.0000954 seconds, Stopping threads took: 0.0000338 seconds
[2019-06-24T10:05:44.564+0000][1][safepoint    ] Application time: 4.7245211 seconds
[2019-06-24T10:05:44.564+0000][1][safepoint    ] Entering safepoint region: GenCollectForAllocation
[2019-06-24T10:05:44.565+0000][1][gc,start     ] GC(31) Pause Young (Allocation Failure)
[2019-06-24T10:05:44.565+0000][1][gc,task      ] GC(31) Using 5 workers of 8 for evacuation
[2019-06-24T10:05:44.568+0000][1][gc,age       ] GC(31) Desired survivor size 4456448 bytes, new threshold 6 (max threshold 6)
[2019-06-24T10:05:44.568+0000][1][gc,age       ] GC(31) Age table with threshold 6 (max threshold 6)
[2019-06-24T10:05:44.568+0000][1][gc,age       ] GC(31) - age   1:       7144 bytes,       7144 total
[2019-06-24T10:05:44.568+0000][1][gc,age       ] GC(31) - age   2:     120944 bytes,     128088 total
[2019-06-24T10:05:44.568+0000][1][gc,age       ] GC(31) - age   3:      37400 bytes,     165488 total
[2019-06-24T10:05:44.568+0000][1][gc,age       ] GC(31) - age   4:       1584 bytes,     167072 total
[2019-06-24T10:05:44.568+0000][1][gc,age       ] GC(31) - age   5:       1368 bytes,     168440 total
[2019-06-24T10:05:44.568+0000][1][gc,age       ] GC(31) - age   6:      79624 bytes,     248064 total
[2019-06-24T10:05:44.568+0000][1][gc,heap      ] GC(31) ParNew: 70333K->338K(78656K)
[2019-06-24T10:05:44.568+0000][1][gc,heap      ] GC(31) CMS: 69974K->69980K(174784K)
[2019-06-24T10:05:44.568+0000][1][gc,metaspace ] GC(31) Metaspace: 70269K->70269K(1114112K)
[2019-06-24T10:05:44.568+0000][1][gc           ] GC(31) Pause Young (Allocation Failure) 137M->68M(247M) 3.569ms
[2019-06-24T10:05:44.568+0000][1][gc,cpu       ] GC(31) User=0.02s Sys=0.00s Real=0.00s
[2019-06-24T10:05:44.568+0000][1][safepoint    ] Leaving safepoint region
[2019-06-24T10:05:44.568+0000][1][safepoint    ] Total time for which application threads were stopped: 0.0040902 seconds, Stopping threads took: 0.0001308 seconds
[2019-06-24T10:05:59.571+0000][1][safepoint    ] Application time: 15.0027799 seconds
[2019-06-24T10:05:59.572+0000][1][safepoint    ] Entering safepoint region: Cleanup
[2019-06-24T10:05:59.573+0000][1][safepoint    ] Leaving safepoint region
[2019-06-24T10:05:59.573+0000][1][safepoint    ] Total time for which application threads were stopped: 0.0003270 seconds, Stopping threads took: 0.0001409 seconds
[2019-06-24T10:06:13.575+0000][1][safepoint    ] Application time: 14.0027171 seconds
[2019-06-24T10:06:13.577+0000][1][safepoint    ] Entering safepoint region: Cleanup
[2019-06-24T10:06:13.577+0000][1][safepoint    ] Leaving safepoint region
[2019-06-24T10:06:13.577+0000][1][safepoint    ] Total time for which application threads were stopped: 0.0004165 seconds, Stopping threads took: 0.0001842 seconds
[2019-06-24T10:06:18.578+0000][1][safepoint    ] Application time: 5.0009548 seconds
[2019-06-24T10:06:18.578+0000][1][safepoint    ] Entering safepoint region: Cleanup
[2019-06-24T10:06:18.578+0000][1][safepoint    ] Leaving safepoint region
[2019-06-24T10:06:18.578+0000][1][safepoint    ] Total time for which application threads were stopped: 0.0002623 seconds, Stopping threads took: 0.0000664 seconds
[2019-06-24T10:06:29.580+0000][1][safepoint    ] Application time: 11.0018724 seconds
[2019-06-24T10:06:29.581+0000][1][safepoint    ] Entering safepoint region: Cleanup
[2019-06-24T10:06:29.581+0000][1][safepoint    ] Leaving safepoint region
[2019-06-24T10:06:29.581+0000][1][safepoint    ] Total time for which application threads were stopped: 0.0002989 seconds, Stopping threads took: 0.0001078 seconds
[2019-06-24T10:06:33.582+0000][1][safepoint    ] Application time: 4.0007366 seconds
[2019-06-24T10:06:33.582+0000][1][safepoint    ] Entering safepoint region: Cleanup
[2019-06-24T10:06:33.582+0000][1][safepoint    ] Leaving safepoint region
[2019-06-24T10:06:33.582+0000][1][safepoint    ] Total time for which application threads were stopped: 0.0000886 seconds, Stopping threads took: 0.0000214 seconds
[2019-06-24T10:06:47.310+0000][1][safepoint    ] Application time: 13.7278417 seconds
[2019-06-24T10:06:47.311+0000][1][safepoint    ] Entering safepoint region: RevokeBias
[2019-06-24T10:06:47.311+0000][1][safepoint    ] Leaving safepoint region
[2019-06-24T10:06:47.311+0000][1][safepoint    ] Total time for which application threads were stopped: 0.0001733 seconds, Stopping threads took: 0.0000539 seconds
[2019-06-24T10:06:47.379+0000][1][safepoint    ] Application time: 0.0672532 seconds
[2019-06-24T10:06:47.379+0000][1][safepoint    ] Entering safepoint region: RevokeBias
[2019-06-24T10:06:47.379+0000][1][safepoint    ] Leaving safepoint region
[2019-06-24T10:06:47.379+0000][1][safepoint    ] Total time for which application threads were stopped: 0.0001143 seconds, Stopping threads took: 0.0000351 seconds
[2019-06-24T10:06:47.380+0000][1][safepoint    ] Application time: 0.0011103 seconds
[2019-06-24T10:06:47.380+0000][1][safepoint    ] Entering safepoint region: RevokeBias
[2019-06-24T10:06:47.380+0000][1][safepoint    ] Leaving safepoint region
[2019-06-24T10:06:47.380+0000][1][safepoint    ] Total time for which application threads were stopped: 0.0001393 seconds, Stopping threads took: 0.0000300 seconds
[2019-06-24T10:06:47.380+0000][1][safepoint    ] Application time: 0.0003370 seconds
[2019-06-24T10:06:47.380+0000][1][safepoint    ] Entering safepoint region: RevokeBias
[2019-06-24T10:06:47.380+0000][1][safepoint    ] Leaving safepoint region
[2019-06-24T10:06:47.380+0000][1][safepoint    ] Total time for which application threads were stopped: 0.0001223 seconds, Stopping threads took: 0.0000251 seconds
[2019-06-24T10:06:47.382+0000][1][safepoint    ] Application time: 0.0014015 seconds
[2019-06-24T10:06:47.382+0000][1][safepoint    ] Entering safepoint region: RevokeBias
[2019-06-24T10:06:47.382+0000][1][safepoint    ] Leaving safepoint region
[2019-06-24T10:06:47.382+0000][1][safepoint    ] Total time for which application threads were stopped: 0.0001232 seconds, Stopping threads took: 0.0000215 seconds
[2019-06-24T10:06:47.384+0000][1][safepoint    ] Application time: 0.0016965 seconds
[2019-06-24T10:06:47.384+0000][1][safepoint    ] Entering safepoint region: RevokeBias
[2019-06-24T10:06:47.384+0000][1][safepoint    ] Leaving safepoint region
[2019-06-24T10:06:47.384+0000][1][safepoint    ] Total time for which application threads were stopped: 0.0001371 seconds, Stopping threads took: 0.0000311 seconds
[2019-06-24T10:06:47.384+0000][1][safepoint    ] Application time: 0.0005684 seconds
[2019-06-24T10:06:47.385+0000][1][safepoint    ] Entering safepoint region: RevokeBias
[2019-06-24T10:06:47.385+0000][1][safepoint    ] Leaving safepoint region
[2019-06-24T10:06:47.385+0000][1][safepoint    ] Total time for which application threads were stopped: 0.0001305 seconds, Stopping threads took: 0.0000269 seconds
[2019-06-24T10:06:47.388+0000][1][safepoint    ] Application time: 0.0033038 seconds
[2019-06-24T10:06:47.388+0000][1][safepoint    ] Entering safepoint region: RevokeBias
[2019-06-24T10:06:47.388+0000][1][safepoint    ] Leaving safepoint region
[2019-06-24T10:06:47.388+0000][1][safepoint    ] Total time for which application threads were stopped: 0.0001243 seconds, Stopping threads took: 0.0000403 seconds
[2019-06-24T10:06:47.392+0000][1][safepoint    ] Application time: 0.0035707 seconds
[2019-06-24T10:06:47.392+0000][1][safepoint    ] Entering safepoint region: RevokeBias
[2019-06-24T10:06:47.392+0000][1][safepoint    ] Leaving safepoint region
[2019-06-24T10:06:47.392+0000][1][safepoint    ] Total time for which application threads were stopped: 0.0001393 seconds, Stopping threads took: 0.0000298 seconds
[2019-06-24T10:06:47.393+0000][1][safepoint    ] Application time: 0.0014581 seconds
[2019-06-24T10:06:47.393+0000][1][safepoint    ] Entering safepoint region: RevokeBias
[2019-06-24T10:06:47.394+0000][1][safepoint    ] Leaving safepoint region
[2019-06-24T10:06:47.394+0000][1][safepoint    ] Total time for which application threads were stopped: 0.0001490 seconds, Stopping threads took: 0.0000534 seconds
[2019-06-24T10:06:47.394+0000][1][safepoint    ] Application time: 0.0002346 seconds
[2019-06-24T10:06:47.394+0000][1][safepoint    ] Entering safepoint region: RevokeBias
[2019-06-24T10:06:47.394+0000][1][safepoint    ] Leaving safepoint region
[2019-06-24T10:06:47.394+0000][1][safepoint    ] Total time for which application threads were stopped: 0.0001175 seconds, Stopping threads took: 0.0000499 seconds
[2019-06-24T10:06:47.396+0000][1][safepoint    ] Application time: 0.0025020 seconds
[2019-06-24T10:06:47.396+0000][1][safepoint    ] Entering safepoint region: RevokeBias
[2019-06-24T10:06:47.397+0000][1][safepoint    ] Leaving safepoint region
[2019-06-24T10:06:47.397+0000][1][safepoint    ] Total time for which application threads were stopped: 0.0001164 seconds, Stopping threads took: 0.0000346 seconds
[2019-06-24T10:06:47.410+0000][1][safepoint    ] Application time: 0.0133391 seconds
[2019-06-24T10:06:47.410+0000][1][safepoint    ] Entering safepoint region: RevokeBias
[2019-06-24T10:06:47.410+0000][1][safepoint    ] Leaving safepoint region
[2019-06-24T10:06:47.410+0000][1][safepoint    ] Total time for which application threads were stopped: 0.0002206 seconds, Stopping threads took: 0.0001310 seconds
[2019-06-24T10:06:47.410+0000][1][safepoint    ] Application time: 0.0001213 seconds
[2019-06-24T10:06:47.410+0000][1][safepoint    ] Entering safepoint region: BulkRevokeBias
[2019-06-24T10:06:47.411+0000][1][safepoint    ] Leaving safepoint region
[2019-06-24T10:06:47.411+0000][1][safepoint    ] Total time for which application threads were stopped: 0.0003952 seconds, Stopping threads took: 0.0000397 seconds
[2019-06-24T10:06:47.411+0000][1][safepoint    ] Application time: 0.0002741 seconds
[2019-06-24T10:06:47.411+0000][1][safepoint    ] Entering safepoint region: RevokeBias
[2019-06-24T10:06:47.411+0000][1][safepoint    ] Leaving safepoint region
[2019-06-24T10:06:47.411+0000][1][safepoint    ] Total time for which application threads were stopped: 0.0001104 seconds, Stopping threads took: 0.0000320 seconds
[2019-06-24T10:06:47.411+0000][1][safepoint    ] Application time: 0.0001123 seconds
[2019-06-24T10:06:47.411+0000][1][safepoint    ] Entering safepoint region: RevokeBias
[2019-06-24T10:06:47.411+0000][1][safepoint    ] Leaving safepoint region
[2019-06-24T10:06:47.412+0000][1][safepoint    ] Total time for which application threads were stopped: 0.0002459 seconds, Stopping threads took: 0.0001178 seconds
[2019-06-24T10:06:47.412+0000][1][safepoint    ] Application time: 0.0002070 seconds
[2019-06-24T10:06:47.412+0000][1][safepoint    ] Entering safepoint region: RevokeBias
[2019-06-24T10:06:47.412+0000][1][safepoint    ] Leaving safepoint region
[2019-06-24T10:06:47.412+0000][1][safepoint    ] Total time for which application threads were stopped: 0.0001670 seconds, Stopping threads took: 0.0000689 seconds
[2019-06-24T10:06:47.412+0000][1][safepoint    ] Application time: 0.0000627 seconds
[2019-06-24T10:06:47.412+0000][1][safepoint    ] Entering safepoint region: RevokeBias
[2019-06-24T10:06:47.412+0000][1][safepoint    ] Leaving safepoint region
[2019-06-24T10:06:47.412+0000][1][safepoint    ] Total time for which application threads were stopped: 0.0001380 seconds, Stopping threads took: 0.0000358 seconds
[2019-06-24T10:06:47.414+0000][1][safepoint    ] Application time: 0.0014458 seconds
[2019-06-24T10:06:47.414+0000][1][safepoint    ] Entering safepoint region: RevokeBias
[2019-06-24T10:06:47.414+0000][1][safepoint    ] Leaving safepoint region
[2019-06-24T10:06:47.414+0000][1][safepoint    ] Total time for which application threads were stopped: 0.0002970 seconds, Stopping threads took: 0.0000301 seconds
[2019-06-24T10:06:47.414+0000][1][safepoint    ] Application time: 0.0005017 seconds
[2019-06-24T10:06:47.415+0000][1][safepoint    ] Entering safepoint region: RevokeBias
[2019-06-24T10:06:47.415+0000][1][safepoint    ] Leaving safepoint region
[2019-06-24T10:06:47.415+0000][1][safepoint    ] Total time for which application threads were stopped: 0.0002754 seconds, Stopping threads took: 0.0001013 seconds
[2019-06-24T10:06:47.415+0000][1][safepoint    ] Application time: 0.0003829 seconds
[2019-06-24T10:06:47.415+0000][1][safepoint    ] Entering safepoint region: RevokeBias
[2019-06-24T10:06:47.415+0000][1][safepoint    ] Leaving safepoint region
[2019-06-24T10:06:47.415+0000][1][safepoint    ] Total time for which application threads were stopped: 0.0002432 seconds, Stopping threads took: 0.0000972 seconds
[2019-06-24T10:06:47.416+0000][1][safepoint    ] Application time: 0.0003152 seconds
[2019-06-24T10:06:47.416+0000][1][safepoint    ] Entering safepoint region: RevokeBias
[2019-06-24T10:06:47.416+0000][1][safepoint    ] Leaving safepoint region
[2019-06-24T10:06:47.416+0000][1][safepoint    ] Total time for which application threads were stopped: 0.0002300 seconds, Stopping threads took: 0.0000858 seconds
[2019-06-24T10:06:48.416+0000][1][safepoint    ] Application time: 1.0001372 seconds
[2019-06-24T10:06:48.416+0000][1][safepoint    ] Entering safepoint region: Cleanup
[2019-06-24T10:06:48.416+0000][1][safepoint    ] Leaving safepoint region
[2019-06-24T10:06:48.416+0000][1][safepoint    ] Total time for which application threads were stopped: 0.0001191 seconds, Stopping threads took: 0.0000291 seconds
[2019-06-24T10:06:49.417+0000][1][safepoint    ] Application time: 1.0002281 seconds
[2019-06-24T10:06:49.417+0000][1][safepoint    ] Entering safepoint region: Cleanup
[2019-06-24T10:06:49.417+0000][1][safepoint    ] Leaving safepoint region
[2019-06-24T10:06:49.417+0000][1][safepoint    ] Total time for which application threads were stopped: 0.0002943 seconds, Stopping threads took: 0.0000788 seconds
[2019-06-24T10:06:50.417+0000][1][safepoint    ] Application time: 1.0002488 seconds
[2019-06-24T10:06:50.417+0000][1][safepoint    ] Entering safepoint region: Cleanup
[2019-06-24T10:06:50.418+0000][1][safepoint    ] Leaving safepoint region
[2019-06-24T10:06:50.418+0000][1][safepoint    ] Total time for which application threads were stopped: 0.0002477 seconds, Stopping threads took: 0.0000654 seconds
[2019-06-24T10:06:51.418+0000][1][safepoint    ] Application time: 1.0001922 seconds
[2019-06-24T10:06:51.418+0000][1][safepoint    ] Entering safepoint region: Cleanup
[2019-06-24T10:06:51.418+0000][1][safepoint    ] Leaving safepoint region
[2019-06-24T10:06:51.418+0000][1][safepoint    ] Total time for which application threads were stopped: 0.0002592 seconds, Stopping threads took: 0.0000763 seconds
[2019-06-24T10:06:52.419+0000][1][safepoint    ] Application time: 1.0002317 seconds
[2019-06-24T10:06:52.419+0000][1][safepoint    ] Entering safepoint region: Cleanup
[2019-06-24T10:06:52.419+0000][1][safepoint    ] Leaving safepoint region
[2019-06-24T10:06:52.419+0000][1][safepoint    ] Total time for which application threads were stopped: 0.0002392 seconds, Stopping threads took: 0.0000651 seconds
[2019-06-24T10:06:53.314+0000][1][safepoint    ] Application time: 0.8948039 seconds
[2019-06-24T10:06:53.314+0000][1][safepoint    ] Entering safepoint region: RevokeBias
[2019-06-24T10:06:53.314+0000][1][safepoint    ] Leaving safepoint region
[2019-06-24T10:06:53.314+0000][1][safepoint    ] Total time for which application threads were stopped: 0.0002666 seconds, Stopping threads took: 0.0000496 seconds
[2019-06-24T10:06:54.314+0000][1][safepoint    ] Application time: 1.0001835 seconds
[2019-06-24T10:06:54.314+0000][1][safepoint    ] Entering safepoint region: Cleanup
[2019-06-24T10:06:54.315+0000][1][safepoint    ] Leaving safepoint region
[2019-06-24T10:06:54.315+0000][1][safepoint    ] Total time for which application threads were stopped: 0.0003911 seconds, Stopping threads took: 0.0000704 seconds
[2019-06-24T10:06:55.315+0000][1][safepoint    ] Application time: 1.0002723 seconds
[2019-06-24T10:06:55.315+0000][1][safepoint    ] Entering safepoint region: Cleanup
[2019-06-24T10:06:55.315+0000][1][safepoint    ] Leaving safepoint region
[2019-06-24T10:06:55.316+0000][1][safepoint    ] Total time for which application threads were stopped: 0.0003185 seconds, Stopping threads took: 0.0001194 seconds
[2019-06-24T10:06:56.316+0000][1][safepoint    ] Application time: 1.0001466 seconds
[2019-06-24T10:06:56.316+0000][1][safepoint    ] Entering safepoint region: Cleanup
[2019-06-24T10:06:56.316+0000][1][safepoint    ] Leaving safepoint region
[2019-06-24T10:06:56.316+0000][1][safepoint    ] Total time for which application threads were stopped: 0.0002846 seconds, Stopping threads took: 0.0000787 seconds
[2019-06-24T10:06:57.316+0000][1][safepoint    ] Application time: 1.0001686 seconds
[2019-06-24T10:06:57.317+0000][1][safepoint    ] Entering safepoint region: Cleanup
[2019-06-24T10:06:57.317+0000][1][safepoint    ] Leaving safepoint region
[2019-06-24T10:06:57.317+0000][1][safepoint    ] Total time for which application threads were stopped: 0.0004004 seconds, Stopping threads took: 0.0001050 seconds
[2019-06-24T10:06:58.317+0000][1][safepoint    ] Application time: 1.0001142 seconds
[2019-06-24T10:06:58.317+0000][1][safepoint    ] Entering safepoint region: Cleanup
[2019-06-24T10:06:58.317+0000][1][safepoint    ] Leaving safepoint region
[2019-06-24T10:06:58.317+0000][1][safepoint    ] Total time for which application threads were stopped: 0.0000908 seconds, Stopping threads took: 0.0000246 seconds
[2019-06-24T10:06:59.317+0000][1][safepoint    ] Application time: 1.0001571 seconds
[2019-06-24T10:06:59.317+0000][1][safepoint    ] Entering safepoint region: Cleanup
[2019-06-24T10:06:59.318+0000][1][safepoint    ] Leaving safepoint region
[2019-06-24T10:06:59.318+0000][1][safepoint    ] Total time for which application threads were stopped: 0.0001693 seconds, Stopping threads took: 0.0000469 seconds
[2019-06-24T10:07:00.318+0000][1][safepoint    ] Application time: 1.0002813 seconds
[2019-06-24T10:07:00.318+0000][1][safepoint    ] Entering safepoint region: Cleanup
[2019-06-24T10:07:00.318+0000][1][safepoint    ] Leaving safepoint region
[2019-06-24T10:07:00.318+0000][1][safepoint    ] Total time for which application threads were stopped: 0.0003217 seconds, Stopping threads took: 0.0000837 seconds
[2019-06-24T10:07:01.319+0000][1][safepoint    ] Application time: 1.0002553 seconds
[2019-06-24T10:07:01.319+0000][1][safepoint    ] Entering safepoint region: Cleanup
[2019-06-24T10:07:01.319+0000][1][safepoint    ] Leaving safepoint region
[2019-06-24T10:07:01.319+0000][1][safepoint    ] Total time for which application threads were stopped: 0.0001692 seconds, Stopping threads took: 0.0000449 seconds
[2019-06-24T10:07:02.319+0000][1][safepoint    ] Application time: 1.0002539 seconds
[2019-06-24T10:07:02.319+0000][1][safepoint    ] Entering safepoint region: Cleanup
[2019-06-24T10:07:02.320+0000][1][safepoint    ] Leaving safepoint region
[2019-06-24T10:07:02.320+0000][1][safepoint    ] Total time for which application threads were stopped: 0.0003071 seconds, Stopping threads took: 0.0000685 seconds
[2019-06-24T10:07:03.320+0000][1][safepoint    ] Application time: 1.0002694 seconds
[2019-06-24T10:07:03.320+0000][1][safepoint    ] Entering safepoint region: Cleanup
[2019-06-24T10:07:03.320+0000][1][safepoint    ] Leaving safepoint region
[2019-06-24T10:07:03.320+0000][1][safepoint    ] Total time for which application threads were stopped: 0.0002497 seconds, Stopping threads took: 0.0000692 seconds
[2019-06-24T10:07:04.321+0000][1][safepoint    ] Application time: 1.0002530 seconds
[2019-06-24T10:07:04.321+0000][1][safepoint    ] Entering safepoint region: Cleanup
[2019-06-24T10:07:04.321+0000][1][safepoint    ] Leaving safepoint region
[2019-06-24T10:07:04.321+0000][1][safepoint    ] Total time for which application threads were stopped: 0.0002809 seconds, Stopping threads took: 0.0001054 seconds
[2019-06-24T10:07:05.321+0000][1][safepoint    ] Application time: 1.0002679 seconds
[2019-06-24T10:07:05.321+0000][1][safepoint    ] Entering safepoint region: Cleanup
[2019-06-24T10:07:05.322+0000][1][safepoint    ] Leaving safepoint region
[2019-06-24T10:07:05.322+0000][1][safepoint    ] Total time for which application threads were stopped: 0.0003354 seconds, Stopping threads took: 0.0001131 seconds
[2019-06-24T10:07:06.322+0000][1][safepoint    ] Application time: 1.0002700 seconds
[2019-06-24T10:07:06.322+0000][1][safepoint    ] Entering safepoint region: Cleanup
[2019-06-24T10:07:06.322+0000][1][safepoint    ] Leaving safepoint region
[2019-06-24T10:07:06.322+0000][1][safepoint    ] Total time for which application threads were stopped: 0.0002599 seconds, Stopping threads took: 0.0000699 seconds
[2019-06-24T10:07:07.323+0000][1][safepoint    ] Application time: 1.0002073 seconds
[2019-06-24T10:07:07.323+0000][1][safepoint    ] Entering safepoint region: Cleanup
[2019-06-24T10:07:07.323+0000][1][safepoint    ] Leaving safepoint region
[2019-06-24T10:07:07.323+0000][1][safepoint    ] Total time for which application threads were stopped: 0.0002621 seconds, Stopping threads took: 0.0000688 seconds
[2019-06-24T10:07:08.323+0000][1][safepoint    ] Application time: 1.0002664 seconds
[2019-06-24T10:07:08.323+0000][1][safepoint    ] Entering safepoint region: Cleanup
[2019-06-24T10:07:08.324+0000][1][safepoint    ] Leaving safepoint region
[2019-06-24T10:07:08.324+0000][1][safepoint    ] Total time for which application threads were stopped: 0.0002609 seconds, Stopping threads took: 0.0000705 seconds
[2019-06-24T10:07:09.324+0000][1][safepoint    ] Application time: 1.0002018 seconds
[2019-06-24T10:07:09.324+0000][1][safepoint    ] Entering safepoint region: Cleanup
[2019-06-24T10:07:09.324+0000][1][safepoint    ] Leaving safepoint region
[2019-06-24T10:07:09.324+0000][1][safepoint    ] Total time for which application threads were stopped: 0.0002673 seconds, Stopping threads took: 0.0000701 seconds
[2019-06-24T10:07:10.325+0000][1][safepoint    ] Application time: 1.0002683 seconds
[2019-06-24T10:07:10.325+0000][1][safepoint    ] Entering safepoint region: Cleanup
[2019-06-24T10:07:10.325+0000][1][safepoint    ] Leaving safepoint region
[2019-06-24T10:07:10.325+0000][1][safepoint    ] Total time for which application threads were stopped: 0.0002855 seconds, Stopping threads took: 0.0000704 seconds
[2019-06-24T10:07:11.325+0000][1][safepoint    ] Application time: 1.0002460 seconds
[2019-06-24T10:07:11.325+0000][1][safepoint    ] Entering safepoint region: Cleanup
[2019-06-24T10:07:11.326+0000][1][safepoint    ] Leaving safepoint region
[2019-06-24T10:07:11.326+0000][1][safepoint    ] Total time for which application threads were stopped: 0.0002674 seconds, Stopping threads took: 0.0000704 seconds
[2019-06-24T10:07:12.326+0000][1][safepoint    ] Application time: 1.0002017 seconds
[2019-06-24T10:07:12.326+0000][1][safepoint    ] Entering safepoint region: Cleanup
[2019-06-24T10:07:12.326+0000][1][safepoint    ] Leaving safepoint region
[2019-06-24T10:07:12.326+0000][1][safepoint    ] Total time for which application threads were stopped: 0.0003290 seconds, Stopping threads took: 0.0000669 seconds
[2019-06-24T10:07:12.583+0000][1][safepoint    ] Application time: 0.2568037 seconds
[2019-06-24T10:07:12.583+0000][1][safepoint    ] Entering safepoint region: GenCollectForAllocation
[2019-06-24T10:07:12.584+0000][1][gc,start     ] GC(32) Pause Young (Allocation Failure)
[2019-06-24T10:07:12.584+0000][1][gc,task      ] GC(32) Using 5 workers of 8 for evacuation
[2019-06-24T10:07:12.587+0000][1][gc,age       ] GC(32) Desired survivor size 4456448 bytes, new threshold 6 (max threshold 6)
[2019-06-24T10:07:12.587+0000][1][gc,age       ] GC(32) Age table with threshold 6 (max threshold 6)
[2019-06-24T10:07:12.587+0000][1][gc,age       ] GC(32) - age   1:     133976 bytes,     133976 total
[2019-06-24T10:07:12.587+0000][1][gc,age       ] GC(32) - age   2:       2728 bytes,     136704 total
[2019-06-24T10:07:12.587+0000][1][gc,age       ] GC(32) - age   3:     112872 bytes,     249576 total
[2019-06-24T10:07:12.587+0000][1][gc,age       ] GC(32) - age   4:      36720 bytes,     286296 total
[2019-06-24T10:07:12.587+0000][1][gc,age       ] GC(32) - age   5:       1584 bytes,     287880 total
[2019-06-24T10:07:12.587+0000][1][gc,age       ] GC(32) - age   6:       1368 bytes,     289248 total
[2019-06-24T10:07:12.587+0000][1][gc,heap      ] GC(32) ParNew: 70250K->394K(78656K)
[2019-06-24T10:07:12.587+0000][1][gc,heap      ] GC(32) CMS: 69980K->70058K(174784K)
[2019-06-24T10:07:12.587+0000][1][gc,metaspace ] GC(32) Metaspace: 70282K->70282K(1114112K)
[2019-06-24T10:07:12.587+0000][1][gc           ] GC(32) Pause Young (Allocation Failure) 136M->68M(247M) 3.693ms
[2019-06-24T10:07:12.587+0000][1][gc,cpu       ] GC(32) User=0.01s Sys=0.01s Real=0.00s
[2019-06-24T10:07:12.588+0000][1][safepoint    ] Leaving safepoint region
[2019-06-24T10:07:12.588+0000][1][safepoint    ] Total time for which application threads were stopped: 0.0042182 seconds, Stopping threads took: 0.0000782 seconds
[2019-06-24T10:07:13.588+0000][1][safepoint    ] Application time: 1.0003039 seconds
[2019-06-24T10:07:13.588+0000][1][safepoint    ] Entering safepoint region: Cleanup
[2019-06-24T10:07:13.588+0000][1][safepoint    ] Leaving safepoint region
[2019-06-24T10:07:13.588+0000][1][safepoint    ] Total time for which application threads were stopped: 0.0002853 seconds, Stopping threads took: 0.0000701 seconds
[2019-06-24T10:07:14.589+0000][1][safepoint    ] Application time: 1.0003172 seconds
[2019-06-24T10:07:14.589+0000][1][safepoint    ] Entering safepoint region: Cleanup
[2019-06-24T10:07:14.589+0000][1][safepoint    ] Leaving safepoint region
[2019-06-24T10:07:14.589+0000][1][safepoint    ] Total time for which application threads were stopped: 0.0002871 seconds, Stopping threads took: 0.0001006 seconds
[2019-06-24T10:07:15.589+0000][1][safepoint    ] Application time: 1.0002583 seconds
[2019-06-24T10:07:15.589+0000][1][safepoint    ] Entering safepoint region: Cleanup
[2019-06-24T10:07:15.590+0000][1][safepoint    ] Leaving safepoint region
[2019-06-24T10:07:15.590+0000][1][safepoint    ] Total time for which application threads were stopped: 0.0002272 seconds, Stopping threads took: 0.0000712 seconds
[2019-06-24T10:07:16.590+0000][1][safepoint    ] Application time: 1.0002603 seconds
[2019-06-24T10:07:16.590+0000][1][safepoint    ] Entering safepoint region: Cleanup
[2019-06-24T10:07:16.590+0000][1][safepoint    ] Leaving safepoint region
[2019-06-24T10:07:16.590+0000][1][safepoint    ] Total time for which application threads were stopped: 0.0002540 seconds, Stopping threads took: 0.0000813 seconds
[2019-06-24T10:07:17.591+0000][1][safepoint    ] Application time: 1.0001802 seconds
[2019-06-24T10:07:17.591+0000][1][safepoint    ] Entering safepoint region: Cleanup
[2019-06-24T10:07:17.591+0000][1][safepoint    ] Leaving safepoint region
[2019-06-24T10:07:17.591+0000][1][safepoint    ] Total time for which application threads were stopped: 0.0002202 seconds, Stopping threads took: 0.0000573 seconds
[2019-06-24T10:07:18.591+0000][1][safepoint    ] Application time: 1.0002255 seconds
[2019-06-24T10:07:18.591+0000][1][safepoint    ] Entering safepoint region: Cleanup
[2019-06-24T10:07:18.591+0000][1][safepoint    ] Leaving safepoint region
[2019-06-24T10:07:18.591+0000][1][safepoint    ] Total time for which application threads were stopped: 0.0002632 seconds, Stopping threads took: 0.0000906 seconds
[2019-06-24T10:07:19.592+0000][1][safepoint    ] Application time: 1.0001831 seconds
[2019-06-24T10:07:19.592+0000][1][safepoint    ] Entering safepoint region: Cleanup
[2019-06-24T10:07:19.592+0000][1][safepoint    ] Leaving safepoint region
[2019-06-24T10:07:19.592+0000][1][safepoint    ] Total time for which application threads were stopped: 0.0002349 seconds, Stopping threads took: 0.0000639 seconds
[2019-06-24T10:07:20.592+0000][1][safepoint    ] Application time: 1.0002664 seconds
[2019-06-24T10:07:20.592+0000][1][safepoint    ] Entering safepoint region: Cleanup
[2019-06-24T10:07:20.593+0000][1][safepoint    ] Leaving safepoint region
[2019-06-24T10:07:20.593+0000][1][safepoint    ] Total time for which application threads were stopped: 0.0002558 seconds, Stopping threads took: 0.0000672 seconds
[2019-06-24T10:07:21.593+0000][1][safepoint    ] Application time: 1.0002576 seconds
[2019-06-24T10:07:21.593+0000][1][safepoint    ] Entering safepoint region: Cleanup
[2019-06-24T10:07:21.593+0000][1][safepoint    ] Leaving safepoint region
[2019-06-24T10:07:21.593+0000][1][safepoint    ] Total time for which application threads were stopped: 0.0002492 seconds, Stopping threads took: 0.0000674 seconds
[2019-06-24T10:07:22.594+0000][1][safepoint    ] Application time: 1.0002671 seconds
[2019-06-24T10:07:22.594+0000][1][safepoint    ] Entering safepoint region: Cleanup
[2019-06-24T10:07:22.594+0000][1][safepoint    ] Leaving safepoint region
[2019-06-24T10:07:22.594+0000][1][safepoint    ] Total time for which application threads were stopped: 0.0002450 seconds, Stopping threads took: 0.0000666 seconds
[2019-06-24T10:07:23.594+0000][1][safepoint    ] Application time: 1.0002514 seconds
[2019-06-24T10:07:23.594+0000][1][safepoint    ] Entering safepoint region: Cleanup
[2019-06-24T10:07:23.595+0000][1][safepoint    ] Leaving safepoint region
[2019-06-24T10:07:23.595+0000][1][safepoint    ] Total time for which application threads were stopped: 0.0002960 seconds, Stopping threads took: 0.0000588 seconds
[2019-06-24T10:07:24.595+0000][1][safepoint    ] Application time: 1.0001415 seconds
[2019-06-24T10:07:24.595+0000][1][safepoint    ] Entering safepoint region: Cleanup
[2019-06-24T10:07:24.595+0000][1][safepoint    ] Leaving safepoint region
[2019-06-24T10:07:24.595+0000][1][safepoint    ] Total time for which application threads were stopped: 0.0001337 seconds, Stopping threads took: 0.0000579 seconds
[2019-06-24T10:07:25.595+0000][1][safepoint    ] Application time: 1.0000783 seconds
[2019-06-24T10:07:25.595+0000][1][safepoint    ] Entering safepoint region: Cleanup
[2019-06-24T10:07:25.595+0000][1][safepoint    ] Leaving safepoint region
[2019-06-24T10:07:25.595+0000][1][safepoint    ] Total time for which application threads were stopped: 0.0001147 seconds, Stopping threads took: 0.0000300 seconds
[2019-06-24T10:07:26.595+0000][1][safepoint    ] Application time: 1.0000754 seconds
[2019-06-24T10:07:26.595+0000][1][safepoint    ] Entering safepoint region: Cleanup
[2019-06-24T10:07:26.595+0000][1][safepoint    ] Leaving safepoint region
[2019-06-24T10:07:26.595+0000][1][safepoint    ] Total time for which application threads were stopped: 0.0001007 seconds, Stopping threads took: 0.0000378 seconds
[2019-06-24T10:07:27.596+0000][1][safepoint    ] Application time: 1.0001049 seconds
[2019-06-24T10:07:27.596+0000][1][safepoint    ] Entering safepoint region: Cleanup
[2019-06-24T10:07:27.596+0000][1][safepoint    ] Leaving safepoint region
[2019-06-24T10:07:27.596+0000][1][safepoint    ] Total time for which application threads were stopped: 0.0002190 seconds, Stopping threads took: 0.0000611 seconds
[2019-06-24T10:07:28.596+0000][1][safepoint    ] Application time: 1.0001153 seconds
[2019-06-24T10:07:28.596+0000][1][safepoint    ] Entering safepoint region: Cleanup
[2019-06-24T10:07:28.596+0000][1][safepoint    ] Leaving safepoint region
[2019-06-24T10:07:28.596+0000][1][safepoint    ] Total time for which application threads were stopped: 0.0002279 seconds, Stopping threads took: 0.0000577 seconds
[2019-06-24T10:07:29.597+0000][1][safepoint    ] Application time: 1.0001168 seconds
[2019-06-24T10:07:29.597+0000][1][safepoint    ] Entering safepoint region: Cleanup
[2019-06-24T10:07:29.597+0000][1][safepoint    ] Leaving safepoint region
[2019-06-24T10:07:29.597+0000][1][safepoint    ] Total time for which application threads were stopped: 0.0002153 seconds, Stopping threads took: 0.0000588 seconds
[2019-06-24T10:07:30.597+0000][1][safepoint    ] Application time: 1.0001382 seconds
[2019-06-24T10:07:30.597+0000][1][safepoint    ] Entering safepoint region: Cleanup
[2019-06-24T10:07:30.597+0000][1][safepoint    ] Leaving safepoint region
[2019-06-24T10:07:30.597+0000][1][safepoint    ] Total time for which application threads were stopped: 0.0002923 seconds, Stopping threads took: 0.0000677 seconds
[2019-06-24T10:07:31.598+0000][1][safepoint    ] Application time: 1.0002247 seconds
[2019-06-24T10:07:31.598+0000][1][safepoint    ] Entering safepoint region: Cleanup
[2019-06-24T10:07:31.598+0000][1][safepoint    ] Leaving safepoint region
[2019-06-24T10:07:31.598+0000][1][safepoint    ] Total time for which application threads were stopped: 0.0002449 seconds, Stopping threads took: 0.0000660 seconds
[2019-06-24T10:07:32.598+0000][1][safepoint    ] Application time: 1.0001683 seconds
[2019-06-24T10:07:32.598+0000][1][safepoint    ] Entering safepoint region: Cleanup
[2019-06-24T10:07:32.598+0000][1][safepoint    ] Leaving safepoint region
[2019-06-24T10:07:32.599+0000][1][safepoint    ] Total time for which application threads were stopped: 0.0002915 seconds, Stopping threads took: 0.0000627 seconds
[2019-06-24T10:07:33.599+0000][1][safepoint    ] Application time: 1.0001312 seconds
[2019-06-24T10:07:33.599+0000][1][safepoint    ] Entering safepoint region: Cleanup
[2019-06-24T10:07:33.599+0000][1][safepoint    ] Leaving safepoint region
[2019-06-24T10:07:33.599+0000][1][safepoint    ] Total time for which application threads were stopped: 0.0002435 seconds, Stopping threads took: 0.0000671 seconds
[2019-06-24T10:07:34.599+0000][1][safepoint    ] Application time: 1.0001737 seconds
[2019-06-24T10:07:34.599+0000][1][safepoint    ] Entering safepoint region: Cleanup
[2019-06-24T10:07:34.600+0000][1][safepoint    ] Leaving safepoint region
[2019-06-24T10:07:34.600+0000][1][safepoint    ] Total time for which application threads were stopped: 0.0002408 seconds, Stopping threads took: 0.0000662 seconds
[2019-06-24T10:07:35.600+0000][1][safepoint    ] Application time: 1.0001338 seconds
[2019-06-24T10:07:35.600+0000][1][safepoint    ] Entering safepoint region: Cleanup
[2019-06-24T10:07:35.600+0000][1][safepoint    ] Leaving safepoint region
[2019-06-24T10:07:35.600+0000][1][safepoint    ] Total time for which application threads were stopped: 0.0002583 seconds, Stopping threads took: 0.0000707 seconds
[2019-06-24T10:07:36.600+0000][1][safepoint    ] Application time: 1.0001363 seconds
[2019-06-24T10:07:36.600+0000][1][safepoint    ] Entering safepoint region: Cleanup
[2019-06-24T10:07:36.601+0000][1][safepoint    ] Leaving safepoint region
[2019-06-24T10:07:36.601+0000][1][safepoint    ] Total time for which application threads were stopped: 0.0002821 seconds, Stopping threads took: 0.0001021 seconds
[2019-06-24T10:07:37.601+0000][1][safepoint    ] Application time: 1.0001431 seconds
[2019-06-24T10:07:37.601+0000][1][safepoint    ] Entering safepoint region: Cleanup
[2019-06-24T10:07:37.601+0000][1][safepoint    ] Leaving safepoint region
[2019-06-24T10:07:37.601+0000][1][safepoint    ] Total time for which application threads were stopped: 0.0002997 seconds, Stopping threads took: 0.0000716 seconds
[2019-06-24T10:07:38.601+0000][1][safepoint    ] Application time: 1.0001490 seconds
[2019-06-24T10:07:38.602+0000][1][safepoint    ] Entering safepoint region: Cleanup
[2019-06-24T10:07:38.602+0000][1][safepoint    ] Leaving safepoint region
[2019-06-24T10:07:38.602+0000][1][safepoint    ] Total time for which application threads were stopped: 0.0002278 seconds, Stopping threads took: 0.0000592 seconds
[2019-06-24T10:07:39.602+0000][1][safepoint    ] Application time: 1.0001389 seconds
[2019-06-24T10:07:39.602+0000][1][safepoint    ] Entering safepoint region: Cleanup
[2019-06-24T10:07:39.602+0000][1][safepoint    ] Leaving safepoint region
[2019-06-24T10:07:39.602+0000][1][safepoint    ] Total time for which application threads were stopped: 0.0002522 seconds, Stopping threads took: 0.0000700 seconds
[2019-06-24T10:07:40.603+0000][1][safepoint    ] Application time: 1.0001727 seconds
[2019-06-24T10:07:40.603+0000][1][safepoint    ] Entering safepoint region: Cleanup
[2019-06-24T10:07:40.603+0000][1][safepoint    ] Leaving safepoint region
[2019-06-24T10:07:40.603+0000][1][safepoint    ] Total time for which application threads were stopped: 0.0002760 seconds, Stopping threads took: 0.0000732 seconds
[2019-06-24T10:07:41.603+0000][1][safepoint    ] Application time: 1.0001411 seconds
[2019-06-24T10:07:41.603+0000][1][safepoint    ] Entering safepoint region: Cleanup
[2019-06-24T10:07:41.603+0000][1][safepoint    ] Leaving safepoint region
[2019-06-24T10:07:41.603+0000][1][safepoint    ] Total time for which application threads were stopped: 0.0002895 seconds, Stopping threads took: 0.0000742 seconds
[2019-06-24T10:07:42.604+0000][1][safepoint    ] Application time: 1.0001334 seconds
[2019-06-24T10:07:42.604+0000][1][safepoint    ] Entering safepoint region: Cleanup
[2019-06-24T10:07:42.604+0000][1][safepoint    ] Leaving safepoint region
[2019-06-24T10:07:42.604+0000][1][safepoint    ] Total time for which application threads were stopped: 0.0002891 seconds, Stopping threads took: 0.0000879 seconds
[2019-06-24T10:07:43.604+0000][1][safepoint    ] Application time: 1.0002008 seconds
[2019-06-24T10:07:43.604+0000][1][safepoint    ] Entering safepoint region: Cleanup
[2019-06-24T10:07:43.605+0000][1][safepoint    ] Leaving safepoint region
[2019-06-24T10:07:43.605+0000][1][safepoint    ] Total time for which application threads were stopped: 0.0002756 seconds, Stopping threads took: 0.0001007 seconds
[2019-06-24T10:07:44.605+0000][1][safepoint    ] Application time: 1.0001819 seconds
[2019-06-24T10:07:44.605+0000][1][safepoint    ] Entering safepoint region: Cleanup
[2019-06-24T10:07:44.605+0000][1][safepoint    ] Leaving safepoint region
[2019-06-24T10:07:44.605+0000][1][safepoint    ] Total time for which application threads were stopped: 0.0002701 seconds, Stopping threads took: 0.0000952 seconds
[2019-06-24T10:07:45.605+0000][1][safepoint    ] Application time: 1.0001949 seconds
[2019-06-24T10:07:45.606+0000][1][safepoint    ] Entering safepoint region: Cleanup
[2019-06-24T10:07:45.606+0000][1][safepoint    ] Leaving safepoint region
[2019-06-24T10:07:45.606+0000][1][safepoint    ] Total time for which application threads were stopped: 0.0002885 seconds, Stopping threads took: 0.0001020 seconds
[2019-06-24T10:07:46.606+0000][1][safepoint    ] Application time: 1.0001535 seconds
[2019-06-24T10:07:46.606+0000][1][safepoint    ] Entering safepoint region: Cleanup
[2019-06-24T10:07:46.607+0000][1][safepoint    ] Leaving safepoint region
[2019-06-24T10:07:46.607+0000][1][safepoint    ] Total time for which application threads were stopped: 0.0004149 seconds, Stopping threads took: 0.0001226 seconds
[2019-06-24T10:07:47.607+0000][1][safepoint    ] Application time: 1.0001392 seconds
[2019-06-24T10:07:47.607+0000][1][safepoint    ] Entering safepoint region: Cleanup
[2019-06-24T10:07:47.607+0000][1][safepoint    ] Leaving safepoint region
[2019-06-24T10:07:47.607+0000][1][safepoint    ] Total time for which application threads were stopped: 0.0002483 seconds, Stopping threads took: 0.0000672 seconds
[2019-06-24T10:07:48.607+0000][1][safepoint    ] Application time: 1.0001862 seconds
[2019-06-24T10:07:48.607+0000][1][safepoint    ] Entering safepoint region: Cleanup
[2019-06-24T10:07:48.608+0000][1][safepoint    ] Leaving safepoint region
[2019-06-24T10:07:48.608+0000][1][safepoint    ] Total time for which application threads were stopped: 0.0002422 seconds, Stopping threads took: 0.0000656 seconds
[2019-06-24T10:07:49.608+0000][1][safepoint    ] Application time: 1.0001080 seconds
[2019-06-24T10:07:49.608+0000][1][safepoint    ] Entering safepoint region: Cleanup
[2019-06-24T10:07:49.608+0000][1][safepoint    ] Leaving safepoint region
[2019-06-24T10:07:49.608+0000][1][safepoint    ] Total time for which application threads were stopped: 0.0001131 seconds, Stopping threads took: 0.0000366 seconds
[2019-06-24T10:07:50.608+0000][1][safepoint    ] Application time: 1.0000924 seconds
[2019-06-24T10:07:50.608+0000][1][safepoint    ] Entering safepoint region: Cleanup
[2019-06-24T10:07:50.608+0000][1][safepoint    ] Leaving safepoint region
[2019-06-24T10:07:50.608+0000][1][safepoint    ] Total time for which application threads were stopped: 0.0001057 seconds, Stopping threads took: 0.0000272 seconds
[2019-06-24T10:07:51.608+0000][1][safepoint    ] Application time: 1.0001379 seconds
[2019-06-24T10:07:51.609+0000][1][safepoint    ] Entering safepoint region: Cleanup
[2019-06-24T10:07:51.609+0000][1][safepoint    ] Leaving safepoint region
[2019-06-24T10:07:51.609+0000][1][safepoint    ] Total time for which application threads were stopped: 0.0003419 seconds, Stopping threads took: 0.0000867 seconds
[2019-06-24T10:07:52.609+0000][1][safepoint    ] Application time: 1.0001840 seconds
[2019-06-24T10:07:52.609+0000][1][safepoint    ] Entering safepoint region: Cleanup
[2019-06-24T10:07:52.610+0000][1][safepoint    ] Leaving safepoint region
[2019-06-24T10:07:52.610+0000][1][safepoint    ] Total time for which application threads were stopped: 0.0003420 seconds, Stopping threads took: 0.0000744 seconds
[2019-06-24T10:07:53.610+0000][1][safepoint    ] Application time: 1.0001389 seconds
[2019-06-24T10:07:53.610+0000][1][safepoint    ] Entering safepoint region: Cleanup
[2019-06-24T10:07:53.610+0000][1][safepoint    ] Leaving safepoint region
[2019-06-24T10:07:53.610+0000][1][safepoint    ] Total time for which application threads were stopped: 0.0000920 seconds, Stopping threads took: 0.0000257 seconds
[2019-06-24T10:07:54.610+0000][1][safepoint    ] Application time: 1.0001630 seconds
[2019-06-24T10:07:54.610+0000][1][safepoint    ] Entering safepoint region: Cleanup
[2019-06-24T10:07:54.610+0000][1][safepoint    ] Leaving safepoint region
[2019-06-24T10:07:54.610+0000][1][safepoint    ] Total time for which application threads were stopped: 0.0002196 seconds, Stopping threads took: 0.0000597 seconds
[2019-06-24T10:07:55.611+0000][1][safepoint    ] Application time: 1.0002998 seconds
[2019-06-24T10:07:55.611+0000][1][safepoint    ] Entering safepoint region: Cleanup
[2019-06-24T10:07:55.611+0000][1][safepoint    ] Leaving safepoint region
[2019-06-24T10:07:55.611+0000][1][safepoint    ] Total time for which application threads were stopped: 0.0002487 seconds, Stopping threads took: 0.0000773 seconds
[2019-06-24T10:07:56.611+0000][1][safepoint    ] Application time: 1.0002373 seconds
[2019-06-24T10:07:56.611+0000][1][safepoint    ] Entering safepoint region: Cleanup
[2019-06-24T10:07:56.612+0000][1][safepoint    ] Leaving safepoint region
[2019-06-24T10:07:56.612+0000][1][safepoint    ] Total time for which application threads were stopped: 0.0002799 seconds, Stopping threads took: 0.0000767 seconds
[2019-06-24T10:07:57.612+0000][1][safepoint    ] Application time: 1.0002538 seconds
[2019-06-24T10:07:57.612+0000][1][safepoint    ] Entering safepoint region: Cleanup
[2019-06-24T10:07:57.612+0000][1][safepoint    ] Leaving safepoint region
[2019-06-24T10:07:57.612+0000][1][safepoint    ] Total time for which application threads were stopped: 0.0002215 seconds, Stopping threads took: 0.0000684 seconds
[2019-06-24T10:07:58.613+0000][1][safepoint    ] Application time: 1.0002562 seconds
[2019-06-24T10:07:58.613+0000][1][safepoint    ] Entering safepoint region: Cleanup
[2019-06-24T10:07:58.613+0000][1][safepoint    ] Leaving safepoint region
[2019-06-24T10:07:58.613+0000][1][safepoint    ] Total time for which application threads were stopped: 0.0002845 seconds, Stopping threads took: 0.0001006 seconds
[2019-06-24T10:07:59.613+0000][1][safepoint    ] Application time: 1.0001587 seconds
[2019-06-24T10:07:59.613+0000][1][safepoint    ] Entering safepoint region: Cleanup
[2019-06-24T10:07:59.613+0000][1][safepoint    ] Leaving safepoint region
[2019-06-24T10:07:59.613+0000][1][safepoint    ] Total time for which application threads were stopped: 0.0000956 seconds, Stopping threads took: 0.0000333 seconds
[2019-06-24T10:08:00.614+0000][1][safepoint    ] Application time: 1.0002416 seconds
[2019-06-24T10:08:00.614+0000][1][safepoint    ] Entering safepoint region: Cleanup
[2019-06-24T10:08:00.614+0000][1][safepoint    ] Leaving safepoint region
[2019-06-24T10:08:00.614+0000][1][safepoint    ] Total time for which application threads were stopped: 0.0002455 seconds, Stopping threads took: 0.0000664 seconds
[2019-06-24T10:08:01.614+0000][1][safepoint    ] Application time: 1.0002019 seconds
[2019-06-24T10:08:01.614+0000][1][safepoint    ] Entering safepoint region: Cleanup
[2019-06-24T10:08:01.614+0000][1][safepoint    ] Leaving safepoint region
[2019-06-24T10:08:01.614+0000][1][safepoint    ] Total time for which application threads were stopped: 0.0002202 seconds, Stopping threads took: 0.0000597 seconds
[2019-06-24T10:08:02.615+0000][1][safepoint    ] Application time: 1.0001544 seconds
[2019-06-24T10:08:02.615+0000][1][safepoint    ] Entering safepoint region: Cleanup
[2019-06-24T10:08:02.615+0000][1][safepoint    ] Leaving safepoint region
[2019-06-24T10:08:02.615+0000][1][safepoint    ] Total time for which application threads were stopped: 0.0002313 seconds, Stopping threads took: 0.0000597 seconds
[2019-06-24T10:08:03.615+0000][1][safepoint    ] Application time: 1.0002479 seconds
[2019-06-24T10:08:03.615+0000][1][safepoint    ] Entering safepoint region: Cleanup
[2019-06-24T10:08:03.616+0000][1][safepoint    ] Leaving safepoint region
[2019-06-24T10:08:03.616+0000][1][safepoint    ] Total time for which application threads were stopped: 0.0002502 seconds, Stopping threads took: 0.0000699 seconds
[2019-06-24T10:08:04.616+0000][1][safepoint    ] Application time: 1.0001005 seconds
[2019-06-24T10:08:04.616+0000][1][safepoint    ] Entering safepoint region: Cleanup
[2019-06-24T10:08:04.616+0000][1][safepoint    ] Leaving safepoint region
[2019-06-24T10:08:04.616+0000][1][safepoint    ] Total time for which application threads were stopped: 0.0001217 seconds, Stopping threads took: 0.0000323 seconds
[2019-06-24T10:08:05.616+0000][1][safepoint    ] Application time: 1.0002432 seconds
[2019-06-24T10:08:05.616+0000][1][safepoint    ] Entering safepoint region: Cleanup
[2019-06-24T10:08:05.617+0000][1][safepoint    ] Leaving safepoint region
[2019-06-24T10:08:05.617+0000][1][safepoint    ] Total time for which application threads were stopped: 0.0002756 seconds, Stopping threads took: 0.0001015 seconds
[2019-06-24T10:08:06.617+0000][1][safepoint    ] Application time: 1.0001237 seconds
[2019-06-24T10:08:06.617+0000][1][safepoint    ] Entering safepoint region: Cleanup
[2019-06-24T10:08:06.617+0000][1][safepoint    ] Leaving safepoint region
[2019-06-24T10:08:06.617+0000][1][safepoint    ] Total time for which application threads were stopped: 0.0002489 seconds, Stopping threads took: 0.0000604 seconds
[2019-06-24T10:08:07.617+0000][1][safepoint    ] Application time: 1.0002552 seconds
[2019-06-24T10:08:07.618+0000][1][safepoint    ] Entering safepoint region: Cleanup
[2019-06-24T10:08:07.618+0000][1][safepoint    ] Leaving safepoint region
[2019-06-24T10:08:07.618+0000][1][safepoint    ] Total time for which application threads were stopped: 0.0002502 seconds, Stopping threads took: 0.0000684 seconds
[2019-06-24T10:08:08.618+0000][1][safepoint    ] Application time: 1.0002724 seconds
[2019-06-24T10:08:08.618+0000][1][safepoint    ] Entering safepoint region: Cleanup
[2019-06-24T10:08:08.618+0000][1][safepoint    ] Leaving safepoint region
[2019-06-24T10:08:08.618+0000][1][safepoint    ] Total time for which application threads were stopped: 0.0002620 seconds, Stopping threads took: 0.0000686 seconds
[2019-06-24T10:08:09.619+0000][1][safepoint    ] Application time: 1.0001963 seconds
[2019-06-24T10:08:09.619+0000][1][safepoint    ] Entering safepoint region: Cleanup
[2019-06-24T10:08:09.619+0000][1][safepoint    ] Leaving safepoint region
[2019-06-24T10:08:09.619+0000][1][safepoint    ] Total time for which application threads were stopped: 0.0002598 seconds, Stopping threads took: 0.0000631 seconds
[2019-06-24T10:08:10.619+0000][1][safepoint    ] Application time: 1.0001937 seconds
[2019-06-24T10:08:10.620+0000][1][safepoint    ] Entering safepoint region: Cleanup
[2019-06-24T10:08:10.621+0000][1][safepoint    ] Leaving safepoint region
[2019-06-24T10:08:10.621+0000][1][safepoint    ] Total time for which application threads were stopped: 0.0011467 seconds, Stopping threads took: 0.0009014 seconds
[2019-06-24T10:08:11.621+0000][1][safepoint    ] Application time: 1.0001292 seconds
[2019-06-24T10:08:11.621+0000][1][safepoint    ] Entering safepoint region: Cleanup
[2019-06-24T10:08:11.621+0000][1][safepoint    ] Leaving safepoint region
[2019-06-24T10:08:11.621+0000][1][safepoint    ] Total time for which application threads were stopped: 0.0002334 seconds, Stopping threads took: 0.0000596 seconds
[2019-06-24T10:08:12.621+0000][1][safepoint    ] Application time: 1.0001907 seconds
[2019-06-24T10:08:12.621+0000][1][safepoint    ] Entering safepoint region: Cleanup
[2019-06-24T10:08:12.622+0000][1][safepoint    ] Leaving safepoint region
[2019-06-24T10:08:12.622+0000][1][safepoint    ] Total time for which application threads were stopped: 0.0002453 seconds, Stopping threads took: 0.0000665 seconds
[2019-06-24T10:08:13.622+0000][1][safepoint    ] Application time: 1.0001880 seconds
[2019-06-24T10:08:13.622+0000][1][safepoint    ] Entering safepoint region: Cleanup
[2019-06-24T10:08:13.622+0000][1][safepoint    ] Leaving safepoint region
[2019-06-24T10:08:13.622+0000][1][safepoint    ] Total time for which application threads were stopped: 0.0002278 seconds, Stopping threads took: 0.0000615 seconds
[2019-06-24T10:08:14.622+0000][1][safepoint    ] Application time: 1.0001447 seconds
[2019-06-24T10:08:14.622+0000][1][safepoint    ] Entering safepoint region: Cleanup
[2019-06-24T10:08:14.622+0000][1][safepoint    ] Leaving safepoint region
[2019-06-24T10:08:14.622+0000][1][safepoint    ] Total time for which application threads were stopped: 0.0001161 seconds, Stopping threads took: 0.0000239 seconds
[2019-06-24T10:08:15.623+0000][1][safepoint    ] Application time: 1.0001164 seconds
[2019-06-24T10:08:15.623+0000][1][safepoint    ] Entering safepoint region: Cleanup
[2019-06-24T10:08:15.623+0000][1][safepoint    ] Leaving safepoint region
[2019-06-24T10:08:15.623+0000][1][safepoint    ] Total time for which application threads were stopped: 0.0002750 seconds, Stopping threads took: 0.0000902 seconds
[2019-06-24T10:08:16.623+0000][1][safepoint    ] Application time: 1.0001981 seconds
[2019-06-24T10:08:16.624+0000][1][safepoint    ] Entering safepoint region: Cleanup
[2019-06-24T10:08:16.624+0000][1][safepoint    ] Leaving safepoint region
[2019-06-24T10:08:16.624+0000][1][safepoint    ] Total time for which application threads were stopped: 0.0002978 seconds, Stopping threads took: 0.0000682 seconds
[2019-06-24T10:08:17.624+0000][1][safepoint    ] Application time: 1.0001379 seconds
[2019-06-24T10:08:17.624+0000][1][safepoint    ] Entering safepoint region: Cleanup
[2019-06-24T10:08:17.624+0000][1][safepoint    ] Leaving safepoint region
[2019-06-24T10:08:17.624+0000][1][safepoint    ] Total time for which application threads were stopped: 0.0000963 seconds, Stopping threads took: 0.0000269 seconds
[2019-06-24T10:08:18.624+0000][1][safepoint    ] Application time: 1.0002438 seconds
[2019-06-24T10:08:18.625+0000][1][safepoint    ] Entering safepoint region: Cleanup
[2019-06-24T10:08:18.625+0000][1][safepoint    ] Leaving safepoint region
[2019-06-24T10:08:18.625+0000][1][safepoint    ] Total time for which application threads were stopped: 0.0002632 seconds, Stopping threads took: 0.0000688 seconds
[2019-06-24T10:08:19.625+0000][1][safepoint    ] Application time: 1.0002415 seconds
[2019-06-24T10:08:19.625+0000][1][safepoint    ] Entering safepoint region: Cleanup
[2019-06-24T10:08:19.625+0000][1][safepoint    ] Leaving safepoint region
[2019-06-24T10:08:19.625+0000][1][safepoint    ] Total time for which application threads were stopped: 0.0002629 seconds, Stopping threads took: 0.0000705 seconds
[2019-06-24T10:08:20.626+0000][1][safepoint    ] Application time: 1.0002629 seconds
[2019-06-24T10:08:20.626+0000][1][safepoint    ] Entering safepoint region: Cleanup
[2019-06-24T10:08:20.627+0000][1][safepoint    ] Leaving safepoint region
[2019-06-24T10:08:20.627+0000][1][safepoint    ] Total time for which application threads were stopped: 0.0012980 seconds, Stopping threads took: 0.0010023 seconds
[2019-06-24T10:08:21.627+0000][1][safepoint    ] Application time: 1.0001439 seconds
[2019-06-24T10:08:21.627+0000][1][safepoint    ] Entering safepoint region: Cleanup
[2019-06-24T10:08:21.628+0000][1][safepoint    ] Leaving safepoint region
[2019-06-24T10:08:21.628+0000][1][safepoint    ] Total time for which application threads were stopped: 0.0002436 seconds, Stopping threads took: 0.0000652 seconds
[2019-06-24T10:08:22.628+0000][1][safepoint    ] Application time: 1.0001702 seconds
[2019-06-24T10:08:22.628+0000][1][safepoint    ] Entering safepoint region: Cleanup
[2019-06-24T10:08:22.628+0000][1][safepoint    ] Leaving safepoint region
[2019-06-24T10:08:22.628+0000][1][safepoint    ] Total time for which application threads were stopped: 0.0002153 seconds, Stopping threads took: 0.0000580 seconds
[2019-06-24T10:08:23.628+0000][1][safepoint    ] Application time: 1.0001301 seconds
[2019-06-24T10:08:23.628+0000][1][safepoint    ] Entering safepoint region: Cleanup
[2019-06-24T10:08:23.628+0000][1][safepoint    ] Leaving safepoint region
[2019-06-24T10:08:23.628+0000][1][safepoint    ] Total time for which application threads were stopped: 0.0000872 seconds, Stopping threads took: 0.0000261 seconds
[2019-06-24T10:08:24.629+0000][1][safepoint    ] Application time: 1.0002478 seconds
[2019-06-24T10:08:24.629+0000][1][safepoint    ] Entering safepoint region: Cleanup
[2019-06-24T10:08:24.629+0000][1][safepoint    ] Leaving safepoint region
[2019-06-24T10:08:24.629+0000][1][safepoint    ] Total time for which application threads were stopped: 0.0002597 seconds, Stopping threads took: 0.0000686 seconds
[2019-06-24T10:08:25.629+0000][1][safepoint    ] Application time: 1.0002691 seconds
[2019-06-24T10:08:25.629+0000][1][safepoint    ] Entering safepoint region: Cleanup
[2019-06-24T10:08:25.631+0000][1][safepoint    ] Leaving safepoint region
[2019-06-24T10:08:25.631+0000][1][safepoint    ] Total time for which application threads were stopped: 0.0013588 seconds, Stopping threads took: 0.0010066 seconds
[2019-06-24T10:08:26.631+0000][1][safepoint    ] Application time: 1.0002609 seconds
[2019-06-24T10:08:26.631+0000][1][safepoint    ] Entering safepoint region: Cleanup
[2019-06-24T10:08:26.631+0000][1][safepoint    ] Leaving safepoint region
[2019-06-24T10:08:26.632+0000][1][safepoint    ] Total time for which application threads were stopped: 0.0002826 seconds, Stopping threads took: 0.0000912 seconds
[2019-06-24T10:08:27.632+0000][1][safepoint    ] Application time: 1.0001394 seconds
[2019-06-24T10:08:27.632+0000][1][safepoint    ] Entering safepoint region: Cleanup
[2019-06-24T10:08:27.632+0000][1][safepoint    ] Leaving safepoint region
[2019-06-24T10:08:27.632+0000][1][safepoint    ] Total time for which application threads were stopped: 0.0000951 seconds, Stopping threads took: 0.0000257 seconds
[2019-06-24T10:08:28.632+0000][1][safepoint    ] Application time: 1.0001747 seconds
[2019-06-24T10:08:28.632+0000][1][safepoint    ] Entering safepoint region: Cleanup
[2019-06-24T10:08:28.632+0000][1][safepoint    ] Leaving safepoint region
[2019-06-24T10:08:28.633+0000][1][safepoint    ] Total time for which application threads were stopped: 0.0003743 seconds, Stopping threads took: 0.0000897 seconds
[2019-06-24T10:08:29.633+0000][1][safepoint    ] Application time: 1.0002707 seconds
[2019-06-24T10:08:29.633+0000][1][safepoint    ] Entering safepoint region: Cleanup
[2019-06-24T10:08:29.633+0000][1][safepoint    ] Leaving safepoint region
[2019-06-24T10:08:29.633+0000][1][safepoint    ] Total time for which application threads were stopped: 0.0002720 seconds, Stopping threads took: 0.0000672 seconds
[2019-06-24T10:08:30.633+0000][1][safepoint    ] Application time: 1.0001917 seconds
[2019-06-24T10:08:30.634+0000][1][safepoint    ] Entering safepoint region: Cleanup
[2019-06-24T10:08:30.635+0000][1][safepoint    ] Leaving safepoint region
[2019-06-24T10:08:30.635+0000][1][safepoint    ] Total time for which application threads were stopped: 0.0013812 seconds, Stopping threads took: 0.0010739 seconds
[2019-06-24T10:08:31.635+0000][1][safepoint    ] Application time: 1.0002567 seconds
[2019-06-24T10:08:31.635+0000][1][safepoint    ] Entering safepoint region: Cleanup
[2019-06-24T10:08:31.636+0000][1][safepoint    ] Leaving safepoint region
[2019-06-24T10:08:31.636+0000][1][safepoint    ] Total time for which application threads were stopped: 0.0002279 seconds, Stopping threads took: 0.0000610 seconds
[2019-06-24T10:08:32.636+0000][1][safepoint    ] Application time: 1.0002619 seconds
[2019-06-24T10:08:32.636+0000][1][safepoint    ] Entering safepoint region: Cleanup
[2019-06-24T10:08:32.636+0000][1][safepoint    ] Leaving safepoint region
[2019-06-24T10:08:32.636+0000][1][safepoint    ] Total time for which application threads were stopped: 0.0002724 seconds, Stopping threads took: 0.0000680 seconds
[2019-06-24T10:08:33.637+0000][1][safepoint    ] Application time: 1.0002312 seconds
[2019-06-24T10:08:33.637+0000][1][safepoint    ] Entering safepoint region: Cleanup
[2019-06-24T10:08:33.637+0000][1][safepoint    ] Leaving safepoint region
[2019-06-24T10:08:33.637+0000][1][safepoint    ] Total time for which application threads were stopped: 0.0002510 seconds, Stopping threads took: 0.0000663 seconds
[2019-06-24T10:08:34.218+0000][1][safepoint    ] Application time: 0.5814276 seconds
[2019-06-24T10:08:34.219+0000][1][safepoint    ] Entering safepoint region: GenCollectForAllocation
[2019-06-24T10:08:34.219+0000][1][gc,start     ] GC(33) Pause Young (Allocation Failure)
[2019-06-24T10:08:34.219+0000][1][gc,task      ] GC(33) Using 5 workers of 8 for evacuation
[2019-06-24T10:08:34.222+0000][1][gc,age       ] GC(33) Desired survivor size 4456448 bytes, new threshold 6 (max threshold 6)
[2019-06-24T10:08:34.222+0000][1][gc,age       ] GC(33) Age table with threshold 6 (max threshold 6)
[2019-06-24T10:08:34.222+0000][1][gc,age       ] GC(33) - age   1:       5864 bytes,       5864 total
[2019-06-24T10:08:34.222+0000][1][gc,age       ] GC(33) - age   2:     128576 bytes,     134440 total
[2019-06-24T10:08:34.222+0000][1][gc,age       ] GC(33) - age   3:       2728 bytes,     137168 total
[2019-06-24T10:08:34.222+0000][1][gc,age       ] GC(33) - age   4:     112872 bytes,     250040 total
[2019-06-24T10:08:34.222+0000][1][gc,age       ] GC(33) - age   5:      36720 bytes,     286760 total
[2019-06-24T10:08:34.222+0000][1][gc,age       ] GC(33) - age   6:       1584 bytes,     288344 total
[2019-06-24T10:08:34.222+0000][1][gc,heap      ] GC(33) ParNew: 70346K->406K(78656K)
[2019-06-24T10:08:34.222+0000][1][gc,heap      ] GC(33) CMS: 70058K->70059K(174784K)
[2019-06-24T10:08:34.222+0000][1][gc,metaspace ] GC(33) Metaspace: 70296K->70296K(1114112K)
[2019-06-24T10:08:34.222+0000][1][gc           ] GC(33) Pause Young (Allocation Failure) 137M->68M(247M) 3.304ms
[2019-06-24T10:08:34.222+0000][1][gc,cpu       ] GC(33) User=0.01s Sys=0.00s Real=0.00s
[2019-06-24T10:08:34.222+0000][1][safepoint    ] Leaving safepoint region
[2019-06-24T10:08:34.222+0000][1][safepoint    ] Total time for which application threads were stopped: 0.0038627 seconds, Stopping threads took: 0.0001362 seconds
[2019-06-24T10:08:35.223+0000][1][safepoint    ] Application time: 1.0002786 seconds
[2019-06-24T10:08:35.223+0000][1][safepoint    ] Entering safepoint region: Cleanup
[2019-06-24T10:08:35.223+0000][1][safepoint    ] Leaving safepoint region
[2019-06-24T10:08:35.223+0000][1][safepoint    ] Total time for which application threads were stopped: 0.0002482 seconds, Stopping threads took: 0.0000652 seconds
[2019-06-24T10:08:36.223+0000][1][safepoint    ] Application time: 1.0001810 seconds
[2019-06-24T10:08:36.223+0000][1][safepoint    ] Entering safepoint region: Cleanup
[2019-06-24T10:08:36.224+0000][1][safepoint    ] Leaving safepoint region
[2019-06-24T10:08:36.224+0000][1][safepoint    ] Total time for which application threads were stopped: 0.0003968 seconds, Stopping threads took: 0.0000935 seconds
[2019-06-24T10:08:37.224+0000][1][safepoint    ] Application time: 1.0002759 seconds
[2019-06-24T10:08:37.224+0000][1][safepoint    ] Entering safepoint region: Cleanup
[2019-06-24T10:08:37.224+0000][1][safepoint    ] Leaving safepoint region
[2019-06-24T10:08:37.224+0000][1][safepoint    ] Total time for which application threads were stopped: 0.0002655 seconds, Stopping threads took: 0.0000697 seconds
[2019-06-24T10:08:38.225+0000][1][safepoint    ] Application time: 1.0002504 seconds
[2019-06-24T10:08:38.225+0000][1][safepoint    ] Entering safepoint region: Cleanup
[2019-06-24T10:08:38.225+0000][1][safepoint    ] Leaving safepoint region
[2019-06-24T10:08:38.225+0000][1][safepoint    ] Total time for which application threads were stopped: 0.0002566 seconds, Stopping threads took: 0.0000703 seconds
[2019-06-24T10:08:39.225+0000][1][safepoint    ] Application time: 1.0002584 seconds
[2019-06-24T10:08:39.226+0000][1][safepoint    ] Entering safepoint region: Cleanup
[2019-06-24T10:08:39.226+0000][1][safepoint    ] Leaving safepoint region
[2019-06-24T10:08:39.226+0000][1][safepoint    ] Total time for which application threads were stopped: 0.0002660 seconds, Stopping threads took: 0.0000686 seconds
[2019-06-24T10:08:40.226+0000][1][safepoint    ] Application time: 1.0002686 seconds
[2019-06-24T10:08:40.226+0000][1][safepoint    ] Entering safepoint region: Cleanup
[2019-06-24T10:08:40.227+0000][1][safepoint    ] Leaving safepoint region
[2019-06-24T10:08:40.227+0000][1][safepoint    ] Total time for which application threads were stopped: 0.0003970 seconds, Stopping threads took: 0.0000699 seconds
[2019-06-24T10:08:41.227+0000][1][safepoint    ] Application time: 1.0002022 seconds
[2019-06-24T10:08:41.227+0000][1][safepoint    ] Entering safepoint region: Cleanup
[2019-06-24T10:08:41.227+0000][1][safepoint    ] Leaving safepoint region
[2019-06-24T10:08:41.227+0000][1][safepoint    ] Total time for which application threads were stopped: 0.0002620 seconds, Stopping threads took: 0.0000681 seconds
[2019-06-24T10:08:42.227+0000][1][safepoint    ] Application time: 1.0001858 seconds
[2019-06-24T10:08:42.228+0000][1][safepoint    ] Entering safepoint region: Cleanup
[2019-06-24T10:08:42.228+0000][1][safepoint    ] Leaving safepoint region
[2019-06-24T10:08:42.228+0000][1][safepoint    ] Total time for which application threads were stopped: 0.0002599 seconds, Stopping threads took: 0.0000695 seconds
[2019-06-24T10:08:43.228+0000][1][safepoint    ] Application time: 1.0001832 seconds
[2019-06-24T10:08:43.228+0000][1][safepoint    ] Entering safepoint region: Cleanup
[2019-06-24T10:08:43.228+0000][1][safepoint    ] Leaving safepoint region
[2019-06-24T10:08:43.228+0000][1][safepoint    ] Total time for which application threads were stopped: 0.0002582 seconds, Stopping threads took: 0.0000746 seconds
[2019-06-24T10:08:45.138+0000][1][safepoint    ] Application time: 1.9090541 seconds
[2019-06-24T10:08:45.138+0000][1][safepoint    ] Entering safepoint region: Cleanup
[2019-06-24T10:08:45.138+0000][1][safepoint    ] Leaving safepoint region
[2019-06-24T10:08:45.138+0000][1][safepoint    ] Total time for which application threads were stopped: 0.0003174 seconds, Stopping threads took: 0.0000694 seconds
[2019-06-24T10:08:46.138+0000][1][safepoint    ] Application time: 1.0003027 seconds
[2019-06-24T10:08:46.138+0000][1][safepoint    ] Entering safepoint region: Cleanup
[2019-06-24T10:08:46.139+0000][1][safepoint    ] Leaving safepoint region
[2019-06-24T10:08:46.139+0000][1][safepoint    ] Total time for which application threads were stopped: 0.0002366 seconds, Stopping threads took: 0.0000305 seconds
[2019-06-24T10:08:47.139+0000][1][safepoint    ] Application time: 1.0001340 seconds
[2019-06-24T10:08:47.139+0000][1][safepoint    ] Entering safepoint region: Cleanup
[2019-06-24T10:08:47.139+0000][1][safepoint    ] Leaving safepoint region
[2019-06-24T10:08:47.139+0000][1][safepoint    ] Total time for which application threads were stopped: 0.0002602 seconds, Stopping threads took: 0.0000691 seconds
[2019-06-24T10:08:48.139+0000][1][safepoint    ] Application time: 1.0002587 seconds
[2019-06-24T10:08:48.140+0000][1][safepoint    ] Entering safepoint region: Cleanup
[2019-06-24T10:08:48.140+0000][1][safepoint    ] Leaving safepoint region
[2019-06-24T10:08:48.140+0000][1][safepoint    ] Total time for which application threads were stopped: 0.0003360 seconds, Stopping threads took: 0.0000696 seconds
[2019-06-24T10:08:49.140+0000][1][safepoint    ] Application time: 1.0002699 seconds
[2019-06-24T10:08:49.140+0000][1][safepoint    ] Entering safepoint region: Cleanup
[2019-06-24T10:08:49.141+0000][1][safepoint    ] Leaving safepoint region
[2019-06-24T10:08:49.141+0000][1][safepoint    ] Total time for which application threads were stopped: 0.0002556 seconds, Stopping threads took: 0.0000671 seconds
[2019-06-24T10:08:50.141+0000][1][safepoint    ] Application time: 1.0002724 seconds
[2019-06-24T10:08:50.141+0000][1][safepoint    ] Entering safepoint region: Cleanup
[2019-06-24T10:08:50.141+0000][1][safepoint    ] Leaving safepoint region
[2019-06-24T10:08:50.141+0000][1][safepoint    ] Total time for which application threads were stopped: 0.0002896 seconds, Stopping threads took: 0.0000685 seconds
[2019-06-24T10:08:51.142+0000][1][safepoint    ] Application time: 1.0002922 seconds
[2019-06-24T10:08:51.142+0000][1][safepoint    ] Entering safepoint region: Cleanup
[2019-06-24T10:08:51.142+0000][1][safepoint    ] Leaving safepoint region
[2019-06-24T10:08:51.142+0000][1][safepoint    ] Total time for which application threads were stopped: 0.0000987 seconds, Stopping threads took: 0.0000255 seconds
[2019-06-24T10:08:52.142+0000][1][safepoint    ] Application time: 1.0002425 seconds
[2019-06-24T10:08:52.142+0000][1][safepoint    ] Entering safepoint region: Cleanup
[2019-06-24T10:08:52.142+0000][1][safepoint    ] Leaving safepoint region
[2019-06-24T10:08:52.142+0000][1][safepoint    ] Total time for which application threads were stopped: 0.0003011 seconds, Stopping threads took: 0.0000854 seconds
[2019-06-24T10:08:53.143+0000][1][safepoint    ] Application time: 1.0002514 seconds
[2019-06-24T10:08:53.143+0000][1][safepoint    ] Entering safepoint region: Cleanup
[2019-06-24T10:08:53.143+0000][1][safepoint    ] Leaving safepoint region
[2019-06-24T10:08:53.143+0000][1][safepoint    ] Total time for which application threads were stopped: 0.0003163 seconds, Stopping threads took: 0.0001075 seconds
[2019-06-24T10:08:54.143+0000][1][safepoint    ] Application time: 1.0002064 seconds
[2019-06-24T10:08:54.144+0000][1][safepoint    ] Entering safepoint region: Cleanup
[2019-06-24T10:08:54.144+0000][1][safepoint    ] Leaving safepoint region
[2019-06-24T10:08:54.144+0000][1][safepoint    ] Total time for which application threads were stopped: 0.0003316 seconds, Stopping threads took: 0.0001103 seconds
[2019-06-24T10:08:55.144+0000][1][safepoint    ] Application time: 1.0001914 seconds
[2019-06-24T10:08:55.144+0000][1][safepoint    ] Entering safepoint region: Cleanup
[2019-06-24T10:08:55.144+0000][1][safepoint    ] Leaving safepoint region
[2019-06-24T10:08:55.145+0000][1][safepoint    ] Total time for which application threads were stopped: 0.0003354 seconds, Stopping threads took: 0.0001075 seconds
[2019-06-24T10:08:56.145+0000][1][safepoint    ] Application time: 1.0001445 seconds
[2019-06-24T10:08:56.145+0000][1][safepoint    ] Entering safepoint region: Cleanup
[2019-06-24T10:08:56.145+0000][1][safepoint    ] Leaving safepoint region
[2019-06-24T10:08:56.145+0000][1][safepoint    ] Total time for which application threads were stopped: 0.0001394 seconds, Stopping threads took: 0.0000451 seconds
[2019-06-24T10:08:57.145+0000][1][safepoint    ] Application time: 1.0001791 seconds
[2019-06-24T10:08:57.145+0000][1][safepoint    ] Entering safepoint region: Cleanup
[2019-06-24T10:08:57.146+0000][1][safepoint    ] Leaving safepoint region
[2019-06-24T10:08:57.146+0000][1][safepoint    ] Total time for which application threads were stopped: 0.0003756 seconds, Stopping threads took: 0.0001120 seconds
[2019-06-24T10:08:58.146+0000][1][safepoint    ] Application time: 1.0001968 seconds
[2019-06-24T10:08:58.146+0000][1][safepoint    ] Entering safepoint region: Cleanup
[2019-06-24T10:08:58.146+0000][1][safepoint    ] Leaving safepoint region
[2019-06-24T10:08:58.146+0000][1][safepoint    ] Total time for which application threads were stopped: 0.0003429 seconds, Stopping threads took: 0.0000936 seconds
[2019-06-24T10:08:59.147+0000][1][safepoint    ] Application time: 1.0001895 seconds
[2019-06-24T10:08:59.147+0000][1][safepoint    ] Entering safepoint region: Cleanup
[2019-06-24T10:08:59.147+0000][1][safepoint    ] Leaving safepoint region
[2019-06-24T10:08:59.147+0000][1][safepoint    ] Total time for which application threads were stopped: 0.0002943 seconds, Stopping threads took: 0.0000762 seconds
[2019-06-24T10:09:00.147+0000][1][safepoint    ] Application time: 1.0001542 seconds
[2019-06-24T10:09:00.147+0000][1][safepoint    ] Entering safepoint region: Cleanup
[2019-06-24T10:09:00.148+0000][1][safepoint    ] Leaving safepoint region
[2019-06-24T10:09:00.148+0000][1][safepoint    ] Total time for which application threads were stopped: 0.0004478 seconds, Stopping threads took: 0.0001143 seconds
[2019-06-24T10:09:01.148+0000][1][safepoint    ] Application time: 1.0002099 seconds
[2019-06-24T10:09:01.148+0000][1][safepoint    ] Entering safepoint region: Cleanup
[2019-06-24T10:09:01.148+0000][1][safepoint    ] Leaving safepoint region
[2019-06-24T10:09:01.148+0000][1][safepoint    ] Total time for which application threads were stopped: 0.0002896 seconds, Stopping threads took: 0.0000841 seconds
[2019-06-24T10:09:02.149+0000][1][safepoint    ] Application time: 1.0002399 seconds
[2019-06-24T10:09:02.149+0000][1][safepoint    ] Entering safepoint region: Cleanup
[2019-06-24T10:09:02.149+0000][1][safepoint    ] Leaving safepoint region
[2019-06-24T10:09:02.149+0000][1][safepoint    ] Total time for which application threads were stopped: 0.0002708 seconds, Stopping threads took: 0.0000766 seconds
[2019-06-24T10:09:03.149+0000][1][safepoint    ] Application time: 1.0002224 seconds
[2019-06-24T10:09:03.149+0000][1][safepoint    ] Entering safepoint region: Cleanup
[2019-06-24T10:09:03.150+0000][1][safepoint    ] Leaving safepoint region
[2019-06-24T10:09:03.150+0000][1][safepoint    ] Total time for which application threads were stopped: 0.0002593 seconds, Stopping threads took: 0.0000738 seconds
[2019-06-24T10:09:04.150+0000][1][safepoint    ] Application time: 1.0001510 seconds
[2019-06-24T10:09:04.150+0000][1][safepoint    ] Entering safepoint region: Cleanup
[2019-06-24T10:09:04.150+0000][1][safepoint    ] Leaving safepoint region
[2019-06-24T10:09:04.150+0000][1][safepoint    ] Total time for which application threads were stopped: 0.0002076 seconds, Stopping threads took: 0.0000607 seconds
[2019-06-24T10:09:05.150+0000][1][safepoint    ] Application time: 1.0002529 seconds
[2019-06-24T10:09:05.151+0000][1][safepoint    ] Entering safepoint region: Cleanup
[2019-06-24T10:09:05.151+0000][1][safepoint    ] Leaving safepoint region
[2019-06-24T10:09:05.151+0000][1][safepoint    ] Total time for which application threads were stopped: 0.0003307 seconds, Stopping threads took: 0.0001102 seconds
[2019-06-24T10:09:06.151+0000][1][safepoint    ] Application time: 1.0002606 seconds
[2019-06-24T10:09:06.151+0000][1][safepoint    ] Entering safepoint region: Cleanup
[2019-06-24T10:09:06.152+0000][1][safepoint    ] Leaving safepoint region
[2019-06-24T10:09:06.152+0000][1][safepoint    ] Total time for which application threads were stopped: 0.0003432 seconds, Stopping threads took: 0.0000833 seconds
[2019-06-24T10:09:07.152+0000][1][safepoint    ] Application time: 1.0002687 seconds
[2019-06-24T10:09:07.152+0000][1][safepoint    ] Entering safepoint region: Cleanup
[2019-06-24T10:09:07.152+0000][1][safepoint    ] Leaving safepoint region
[2019-06-24T10:09:07.152+0000][1][safepoint    ] Total time for which application threads were stopped: 0.0003382 seconds, Stopping threads took: 0.0001345 seconds
[2019-06-24T10:09:08.153+0000][1][safepoint    ] Application time: 1.0002588 seconds
[2019-06-24T10:09:08.153+0000][1][safepoint    ] Entering safepoint region: Cleanup
[2019-06-24T10:09:08.153+0000][1][safepoint    ] Leaving safepoint region
[2019-06-24T10:09:08.153+0000][1][safepoint    ] Total time for which application threads were stopped: 0.0002573 seconds, Stopping threads took: 0.0000677 seconds
[2019-06-24T10:09:09.153+0000][1][safepoint    ] Application time: 1.0001092 seconds
[2019-06-24T10:09:09.153+0000][1][safepoint    ] Entering safepoint region: Cleanup
[2019-06-24T10:09:09.153+0000][1][safepoint    ] Leaving safepoint region
[2019-06-24T10:09:09.153+0000][1][safepoint    ] Total time for which application threads were stopped: 0.0001572 seconds, Stopping threads took: 0.0000391 seconds
[2019-06-24T10:09:10.154+0000][1][safepoint    ] Application time: 1.0001907 seconds
[2019-06-24T10:09:10.154+0000][1][safepoint    ] Entering safepoint region: Cleanup
[2019-06-24T10:09:10.154+0000][1][safepoint    ] Leaving safepoint region
[2019-06-24T10:09:10.154+0000][1][safepoint    ] Total time for which application threads were stopped: 0.0002421 seconds, Stopping threads took: 0.0000763 seconds
[2019-06-24T10:09:11.154+0000][1][safepoint    ] Application time: 1.0002636 seconds
[2019-06-24T10:09:11.154+0000][1][safepoint    ] Entering safepoint region: Cleanup
[2019-06-24T10:09:11.155+0000][1][safepoint    ] Leaving safepoint region
[2019-06-24T10:09:11.155+0000][1][safepoint    ] Total time for which application threads were stopped: 0.0003351 seconds, Stopping threads took: 0.0000708 seconds
[2019-06-24T10:09:12.155+0000][1][safepoint    ] Application time: 1.0002638 seconds
[2019-06-24T10:09:12.155+0000][1][safepoint    ] Entering safepoint region: Cleanup
[2019-06-24T10:09:12.155+0000][1][safepoint    ] Leaving safepoint region
[2019-06-24T10:09:12.155+0000][1][safepoint    ] Total time for which application threads were stopped: 0.0002806 seconds, Stopping threads took: 0.0000981 seconds
[2019-06-24T10:09:13.156+0000][1][safepoint    ] Application time: 1.0002544 seconds
[2019-06-24T10:09:13.156+0000][1][safepoint    ] Entering safepoint region: Cleanup
[2019-06-24T10:09:13.156+0000][1][safepoint    ] Leaving safepoint region
[2019-06-24T10:09:13.156+0000][1][safepoint    ] Total time for which application threads were stopped: 0.0002455 seconds, Stopping threads took: 0.0000600 seconds
[2019-06-24T10:09:14.156+0000][1][safepoint    ] Application time: 1.0001164 seconds
[2019-06-24T10:09:14.156+0000][1][safepoint    ] Entering safepoint region: Cleanup
[2019-06-24T10:09:14.156+0000][1][safepoint    ] Leaving safepoint region
[2019-06-24T10:09:14.156+0000][1][safepoint    ] Total time for which application threads were stopped: 0.0002150 seconds, Stopping threads took: 0.0000705 seconds
[2019-06-24T10:09:15.157+0000][1][safepoint    ] Application time: 1.0001738 seconds
[2019-06-24T10:09:15.157+0000][1][safepoint    ] Entering safepoint region: Cleanup
[2019-06-24T10:09:15.157+0000][1][safepoint    ] Leaving safepoint region
[2019-06-24T10:09:15.157+0000][1][safepoint    ] Total time for which application threads were stopped: 0.0002377 seconds, Stopping threads took: 0.0000667 seconds
[2019-06-24T10:09:16.157+0000][1][safepoint    ] Application time: 1.0002629 seconds
[2019-06-24T10:09:16.157+0000][1][safepoint    ] Entering safepoint region: Cleanup
[2019-06-24T10:09:16.158+0000][1][safepoint    ] Leaving safepoint region
[2019-06-24T10:09:16.158+0000][1][safepoint    ] Total time for which application threads were stopped: 0.0002615 seconds, Stopping threads took: 0.0000832 seconds
[2019-06-24T10:09:17.158+0000][1][safepoint    ] Application time: 1.0001782 seconds
[2019-06-24T10:09:17.158+0000][1][safepoint    ] Entering safepoint region: Cleanup
[2019-06-24T10:09:17.158+0000][1][safepoint    ] Leaving safepoint region
[2019-06-24T10:09:17.158+0000][1][safepoint    ] Total time for which application threads were stopped: 0.0002540 seconds, Stopping threads took: 0.0000693 seconds
[2019-06-24T10:09:18.159+0000][1][safepoint    ] Application time: 1.0001800 seconds
[2019-06-24T10:09:18.159+0000][1][safepoint    ] Entering safepoint region: Cleanup
[2019-06-24T10:09:18.159+0000][1][safepoint    ] Leaving safepoint region
[2019-06-24T10:09:18.159+0000][1][safepoint    ] Total time for which application threads were stopped: 0.0002402 seconds, Stopping threads took: 0.0000675 seconds
[2019-06-24T10:09:19.159+0000][1][safepoint    ] Application time: 1.0002391 seconds
[2019-06-24T10:09:19.159+0000][1][safepoint    ] Entering safepoint region: Cleanup
[2019-06-24T10:09:19.159+0000][1][safepoint    ] Leaving safepoint region
[2019-06-24T10:09:19.159+0000][1][safepoint    ] Total time for which application threads were stopped: 0.0002534 seconds, Stopping threads took: 0.0000668 seconds
[2019-06-24T10:09:20.160+0000][1][safepoint    ] Application time: 1.0001748 seconds
[2019-06-24T10:09:20.160+0000][1][safepoint    ] Entering safepoint region: Cleanup
[2019-06-24T10:09:20.160+0000][1][safepoint    ] Leaving safepoint region
[2019-06-24T10:09:20.160+0000][1][safepoint    ] Total time for which application threads were stopped: 0.0002420 seconds, Stopping threads took: 0.0000627 seconds
[2019-06-24T10:09:21.160+0000][1][safepoint    ] Application time: 1.0002632 seconds
[2019-06-24T10:09:21.160+0000][1][safepoint    ] Entering safepoint region: Cleanup
[2019-06-24T10:09:21.161+0000][1][safepoint    ] Leaving safepoint region
[2019-06-24T10:09:21.161+0000][1][safepoint    ] Total time for which application threads were stopped: 0.0002567 seconds, Stopping threads took: 0.0000672 seconds
[2019-06-24T10:09:22.161+0000][1][safepoint    ] Application time: 1.0001858 seconds
[2019-06-24T10:09:22.161+0000][1][safepoint    ] Entering safepoint region: Cleanup
[2019-06-24T10:09:22.161+0000][1][safepoint    ] Leaving safepoint region
[2019-06-24T10:09:22.161+0000][1][safepoint    ] Total time for which application threads were stopped: 0.0002537 seconds, Stopping threads took: 0.0000663 seconds
[2019-06-24T10:09:23.161+0000][1][safepoint    ] Application time: 1.0001757 seconds
[2019-06-24T10:09:23.162+0000][1][safepoint    ] Entering safepoint region: Cleanup
[2019-06-24T10:09:23.162+0000][1][safepoint    ] Leaving safepoint region
[2019-06-24T10:09:23.162+0000][1][safepoint    ] Total time for which application threads were stopped: 0.0002436 seconds, Stopping threads took: 0.0000638 seconds
[2019-06-24T10:09:24.162+0000][1][safepoint    ] Application time: 1.0002659 seconds
[2019-06-24T10:09:24.162+0000][1][safepoint    ] Entering safepoint region: Cleanup
[2019-06-24T10:09:24.162+0000][1][safepoint    ] Leaving safepoint region
[2019-06-24T10:09:24.162+0000][1][safepoint    ] Total time for which application threads were stopped: 0.0001665 seconds, Stopping threads took: 0.0000516 seconds
[2019-06-24T10:09:25.163+0000][1][safepoint    ] Application time: 1.0001892 seconds
[2019-06-24T10:09:25.163+0000][1][safepoint    ] Entering safepoint region: Cleanup
[2019-06-24T10:09:25.163+0000][1][safepoint    ] Leaving safepoint region
[2019-06-24T10:09:25.163+0000][1][safepoint    ] Total time for which application threads were stopped: 0.0002422 seconds, Stopping threads took: 0.0000661 seconds
[2019-06-24T10:09:26.163+0000][1][safepoint    ] Application time: 1.0002587 seconds
[2019-06-24T10:09:26.163+0000][1][safepoint    ] Entering safepoint region: Cleanup
[2019-06-24T10:09:26.164+0000][1][safepoint    ] Leaving safepoint region
[2019-06-24T10:09:26.164+0000][1][safepoint    ] Total time for which application threads were stopped: 0.0002535 seconds, Stopping threads took: 0.0000684 seconds
[2019-06-24T10:09:27.164+0000][1][safepoint    ] Application time: 1.0002681 seconds
[2019-06-24T10:09:27.164+0000][1][safepoint    ] Entering safepoint region: Cleanup
[2019-06-24T10:09:27.164+0000][1][safepoint    ] Leaving safepoint region
[2019-06-24T10:09:27.164+0000][1][safepoint    ] Total time for which application threads were stopped: 0.0002576 seconds, Stopping threads took: 0.0000677 seconds
[2019-06-24T10:09:28.165+0000][1][safepoint    ] Application time: 1.0002619 seconds
[2019-06-24T10:09:28.165+0000][1][safepoint    ] Entering safepoint region: Cleanup
[2019-06-24T10:09:28.165+0000][1][safepoint    ] Leaving safepoint region
[2019-06-24T10:09:28.165+0000][1][safepoint    ] Total time for which application threads were stopped: 0.0002596 seconds, Stopping threads took: 0.0000675 seconds
[2019-06-24T10:09:29.165+0000][1][safepoint    ] Application time: 1.0002600 seconds
[2019-06-24T10:09:29.165+0000][1][safepoint    ] Entering safepoint region: Cleanup
[2019-06-24T10:09:29.165+0000][1][safepoint    ] Leaving safepoint region
[2019-06-24T10:09:29.166+0000][1][safepoint    ] Total time for which application threads were stopped: 0.0002327 seconds, Stopping threads took: 0.0000613 seconds
[2019-06-24T10:09:30.166+0000][1][safepoint    ] Application time: 1.0002513 seconds
[2019-06-24T10:09:30.166+0000][1][safepoint    ] Entering safepoint region: Cleanup
[2019-06-24T10:09:30.166+0000][1][safepoint    ] Leaving safepoint region
[2019-06-24T10:09:30.166+0000][1][safepoint    ] Total time for which application threads were stopped: 0.0002547 seconds, Stopping threads took: 0.0000670 seconds
[2019-06-24T10:09:31.166+0000][1][safepoint    ] Application time: 1.0002028 seconds
[2019-06-24T10:09:31.167+0000][1][safepoint    ] Entering safepoint region: Cleanup
[2019-06-24T10:09:31.167+0000][1][safepoint    ] Leaving safepoint region
[2019-06-24T10:09:31.167+0000][1][safepoint    ] Total time for which application threads were stopped: 0.0002613 seconds, Stopping threads took: 0.0000715 seconds
[2019-06-24T10:09:32.167+0000][1][safepoint    ] Application time: 1.0002214 seconds
[2019-06-24T10:09:32.167+0000][1][safepoint    ] Entering safepoint region: Cleanup
[2019-06-24T10:09:32.167+0000][1][safepoint    ] Leaving safepoint region
[2019-06-24T10:09:32.168+0000][1][safepoint    ] Total time for which application threads were stopped: 0.0003096 seconds, Stopping threads took: 0.0000914 seconds
[2019-06-24T10:09:33.168+0000][1][safepoint    ] Application time: 1.0002340 seconds
[2019-06-24T10:09:33.168+0000][1][safepoint    ] Entering safepoint region: Cleanup
[2019-06-24T10:09:33.168+0000][1][safepoint    ] Leaving safepoint region
[2019-06-24T10:09:33.168+0000][1][safepoint    ] Total time for which application threads were stopped: 0.0002691 seconds, Stopping threads took: 0.0000692 seconds
[2019-06-24T10:09:34.168+0000][1][safepoint    ] Application time: 1.0002841 seconds
[2019-06-24T10:09:34.169+0000][1][safepoint    ] Entering safepoint region: Cleanup
[2019-06-24T10:09:34.169+0000][1][safepoint    ] Leaving safepoint region
[2019-06-24T10:09:34.169+0000][1][safepoint    ] Total time for which application threads were stopped: 0.0001825 seconds, Stopping threads took: 0.0000655 seconds
[2019-06-24T10:09:35.169+0000][1][safepoint    ] Application time: 1.0002502 seconds
[2019-06-24T10:09:35.169+0000][1][safepoint    ] Entering safepoint region: Cleanup
[2019-06-24T10:09:35.169+0000][1][safepoint    ] Leaving safepoint region
[2019-06-24T10:09:35.169+0000][1][safepoint    ] Total time for which application threads were stopped: 0.0002534 seconds, Stopping threads took: 0.0000672 seconds
[2019-06-24T10:09:36.170+0000][1][safepoint    ] Application time: 1.0001652 seconds
[2019-06-24T10:09:36.170+0000][1][safepoint    ] Entering safepoint region: Cleanup
[2019-06-24T10:09:36.170+0000][1][safepoint    ] Leaving safepoint region
[2019-06-24T10:09:36.170+0000][1][safepoint    ] Total time for which application threads were stopped: 0.0003034 seconds, Stopping threads took: 0.0000856 seconds
[2019-06-24T10:09:37.170+0000][1][safepoint    ] Application time: 1.0002562 seconds
[2019-06-24T10:09:37.170+0000][1][safepoint    ] Entering safepoint region: Cleanup
[2019-06-24T10:09:37.171+0000][1][safepoint    ] Leaving safepoint region
[2019-06-24T10:09:37.171+0000][1][safepoint    ] Total time for which application threads were stopped: 0.0004358 seconds, Stopping threads took: 0.0001878 seconds
[2019-06-24T10:09:38.171+0000][1][safepoint    ] Application time: 1.0002320 seconds
[2019-06-24T10:09:38.171+0000][1][safepoint    ] Entering safepoint region: Cleanup
[2019-06-24T10:09:38.171+0000][1][safepoint    ] Leaving safepoint region
[2019-06-24T10:09:38.171+0000][1][safepoint    ] Total time for which application threads were stopped: 0.0002775 seconds, Stopping threads took: 0.0000953 seconds
[2019-06-24T10:09:39.172+0000][1][safepoint    ] Application time: 1.0002383 seconds
[2019-06-24T10:09:39.172+0000][1][safepoint    ] Entering safepoint region: Cleanup
[2019-06-24T10:09:39.172+0000][1][safepoint    ] Leaving safepoint region
[2019-06-24T10:09:39.172+0000][1][safepoint    ] Total time for which application threads were stopped: 0.0001405 seconds, Stopping threads took: 0.0000362 seconds
[2019-06-24T10:09:40.172+0000][1][safepoint    ] Application time: 1.0003071 seconds
[2019-06-24T10:09:40.172+0000][1][safepoint    ] Entering safepoint region: Cleanup
[2019-06-24T10:09:40.172+0000][1][safepoint    ] Leaving safepoint region
[2019-06-24T10:09:40.172+0000][1][safepoint    ] Total time for which application threads were stopped: 0.0001447 seconds, Stopping threads took: 0.0000454 seconds
[2019-06-24T10:09:41.173+0000][1][safepoint    ] Application time: 1.0001622 seconds
[2019-06-24T10:09:41.173+0000][1][safepoint    ] Entering safepoint region: Cleanup
[2019-06-24T10:09:41.173+0000][1][safepoint    ] Leaving safepoint region
[2019-06-24T10:09:41.173+0000][1][safepoint    ] Total time for which application threads were stopped: 0.0002583 seconds, Stopping threads took: 0.0000707 seconds
[2019-06-24T10:09:42.173+0000][1][safepoint    ] Application time: 1.0001718 seconds
[2019-06-24T10:09:42.173+0000][1][safepoint    ] Entering safepoint region: Cleanup
[2019-06-24T10:09:42.174+0000][1][safepoint    ] Leaving safepoint region
[2019-06-24T10:09:42.174+0000][1][safepoint    ] Total time for which application threads were stopped: 0.0002545 seconds, Stopping threads took: 0.0000638 seconds
[2019-06-24T10:09:43.174+0000][1][safepoint    ] Application time: 1.0001749 seconds
[2019-06-24T10:09:43.174+0000][1][safepoint    ] Entering safepoint region: Cleanup
[2019-06-24T10:09:43.174+0000][1][safepoint    ] Leaving safepoint region
[2019-06-24T10:09:43.174+0000][1][safepoint    ] Total time for which application threads were stopped: 0.0003044 seconds, Stopping threads took: 0.0000930 seconds
[2019-06-24T10:09:44.174+0000][1][safepoint    ] Application time: 1.0002596 seconds
[2019-06-24T10:09:44.175+0000][1][safepoint    ] Entering safepoint region: Cleanup
[2019-06-24T10:09:44.175+0000][1][safepoint    ] Leaving safepoint region
[2019-06-24T10:09:44.175+0000][1][safepoint    ] Total time for which application threads were stopped: 0.0003061 seconds, Stopping threads took: 0.0000743 seconds
[2019-06-24T10:09:45.175+0000][1][safepoint    ] Application time: 1.0002167 seconds
[2019-06-24T10:09:45.175+0000][1][safepoint    ] Entering safepoint region: Cleanup
[2019-06-24T10:09:45.175+0000][1][safepoint    ] Leaving safepoint region
[2019-06-24T10:09:45.176+0000][1][safepoint    ] Total time for which application threads were stopped: 0.0002453 seconds, Stopping threads took: 0.0000708 seconds
[2019-06-24T10:09:46.176+0000][1][safepoint    ] Application time: 1.0001327 seconds
[2019-06-24T10:09:46.176+0000][1][safepoint    ] Entering safepoint region: Cleanup
[2019-06-24T10:09:46.176+0000][1][safepoint    ] Leaving safepoint region
[2019-06-24T10:09:46.176+0000][1][safepoint    ] Total time for which application threads were stopped: 0.0002442 seconds, Stopping threads took: 0.0000647 seconds
[2019-06-24T10:09:47.176+0000][1][safepoint    ] Application time: 1.0001708 seconds
[2019-06-24T10:09:47.176+0000][1][safepoint    ] Entering safepoint region: Cleanup
[2019-06-24T10:09:47.177+0000][1][safepoint    ] Leaving safepoint region
[2019-06-24T10:09:47.177+0000][1][safepoint    ] Total time for which application threads were stopped: 0.0002450 seconds, Stopping threads took: 0.0000631 seconds
[2019-06-24T10:09:48.177+0000][1][safepoint    ] Application time: 1.0001761 seconds
[2019-06-24T10:09:48.177+0000][1][safepoint    ] Entering safepoint region: Cleanup
[2019-06-24T10:09:48.177+0000][1][safepoint    ] Leaving safepoint region
[2019-06-24T10:09:48.177+0000][1][safepoint    ] Total time for which application threads were stopped: 0.0002548 seconds, Stopping threads took: 0.0000634 seconds
[2019-06-24T10:09:49.177+0000][1][safepoint    ] Application time: 1.0001046 seconds
[2019-06-24T10:09:49.177+0000][1][safepoint    ] Entering safepoint region: Cleanup
[2019-06-24T10:09:49.177+0000][1][safepoint    ] Leaving safepoint region
[2019-06-24T10:09:49.177+0000][1][safepoint    ] Total time for which application threads were stopped: 0.0001104 seconds, Stopping threads took: 0.0000332 seconds
[2019-06-24T10:09:50.178+0000][1][safepoint    ] Application time: 1.0002160 seconds
[2019-06-24T10:09:50.178+0000][1][safepoint    ] Entering safepoint region: Cleanup
[2019-06-24T10:09:50.178+0000][1][safepoint    ] Leaving safepoint region
[2019-06-24T10:09:50.178+0000][1][safepoint    ] Total time for which application threads were stopped: 0.0002511 seconds, Stopping threads took: 0.0000666 seconds
[2019-06-24T10:09:51.178+0000][1][safepoint    ] Application time: 1.0001249 seconds
[2019-06-24T10:09:51.178+0000][1][safepoint    ] Entering safepoint region: Cleanup
[2019-06-24T10:09:51.179+0000][1][safepoint    ] Leaving safepoint region
[2019-06-24T10:09:51.179+0000][1][safepoint    ] Total time for which application threads were stopped: 0.0003444 seconds, Stopping threads took: 0.0000669 seconds
[2019-06-24T10:09:52.179+0000][1][safepoint    ] Application time: 1.0001223 seconds
[2019-06-24T10:09:52.179+0000][1][safepoint    ] Entering safepoint region: Cleanup
[2019-06-24T10:09:52.179+0000][1][safepoint    ] Leaving safepoint region
[2019-06-24T10:09:52.179+0000][1][safepoint    ] Total time for which application threads were stopped: 0.0002872 seconds, Stopping threads took: 0.0000495 seconds
[2019-06-24T10:09:53.179+0000][1][safepoint    ] Application time: 1.0002578 seconds
[2019-06-24T10:09:53.180+0000][1][safepoint    ] Entering safepoint region: Cleanup
[2019-06-24T10:09:53.180+0000][1][safepoint    ] Leaving safepoint region
[2019-06-24T10:09:53.180+0000][1][safepoint    ] Total time for which application threads were stopped: 0.0002788 seconds, Stopping threads took: 0.0000780 seconds
[2019-06-24T10:09:54.180+0000][1][safepoint    ] Application time: 1.0002318 seconds
[2019-06-24T10:09:54.180+0000][1][safepoint    ] Entering safepoint region: Cleanup
[2019-06-24T10:09:54.180+0000][1][safepoint    ] Leaving safepoint region
[2019-06-24T10:09:54.180+0000][1][safepoint    ] Total time for which application threads were stopped: 0.0002674 seconds, Stopping threads took: 0.0000625 seconds
[2019-06-24T10:09:55.181+0000][1][safepoint    ] Application time: 1.0001815 seconds
[2019-06-24T10:09:55.181+0000][1][safepoint    ] Entering safepoint region: Cleanup
[2019-06-24T10:09:55.181+0000][1][safepoint    ] Leaving safepoint region
[2019-06-24T10:09:55.181+0000][1][safepoint    ] Total time for which application threads were stopped: 0.0003024 seconds, Stopping threads took: 0.0000663 seconds
[2019-06-24T10:09:56.181+0000][1][safepoint    ] Application time: 1.0001296 seconds
[2019-06-24T10:09:56.181+0000][1][safepoint    ] Entering safepoint region: Cleanup
[2019-06-24T10:09:56.182+0000][1][safepoint    ] Leaving safepoint region
[2019-06-24T10:09:56.182+0000][1][safepoint    ] Total time for which application threads were stopped: 0.0002514 seconds, Stopping threads took: 0.0000655 seconds
[2019-06-24T10:09:57.182+0000][1][safepoint    ] Application time: 1.0002348 seconds
[2019-06-24T10:09:57.182+0000][1][safepoint    ] Entering safepoint region: Cleanup
[2019-06-24T10:09:57.182+0000][1][safepoint    ] Leaving safepoint region
[2019-06-24T10:09:57.182+0000][1][safepoint    ] Total time for which application threads were stopped: 0.0002512 seconds, Stopping threads took: 0.0000657 seconds
[2019-06-24T10:09:58.182+0000][1][safepoint    ] Application time: 1.0001462 seconds
[2019-06-24T10:09:58.183+0000][1][safepoint    ] Entering safepoint region: Cleanup
[2019-06-24T10:09:58.183+0000][1][safepoint    ] Leaving safepoint region
[2019-06-24T10:09:58.183+0000][1][safepoint    ] Total time for which application threads were stopped: 0.0005657 seconds, Stopping threads took: 0.0000865 seconds
[2019-06-24T10:09:59.181+0000][1][safepoint    ] Application time: 0.9976673 seconds
[2019-06-24T10:09:59.181+0000][1][safepoint    ] Entering safepoint region: GenCollectForAllocation
[2019-06-24T10:09:59.181+0000][1][gc,start     ] GC(34) Pause Young (Allocation Failure)
[2019-06-24T10:09:59.181+0000][1][gc,task      ] GC(34) Using 5 workers of 8 for evacuation
[2019-06-24T10:09:59.185+0000][1][gc,age       ] GC(34) Desired survivor size 4456448 bytes, new threshold 6 (max threshold 6)
[2019-06-24T10:09:59.185+0000][1][gc,age       ] GC(34) Age table with threshold 6 (max threshold 6)
[2019-06-24T10:09:59.185+0000][1][gc,age       ] GC(34) - age   1:      14608 bytes,      14608 total
[2019-06-24T10:09:59.185+0000][1][gc,age       ] GC(34) - age   2:       1144 bytes,      15752 total
[2019-06-24T10:09:59.185+0000][1][gc,age       ] GC(34) - age   3:     125000 bytes,     140752 total
[2019-06-24T10:09:59.185+0000][1][gc,age       ] GC(34) - age   4:       2728 bytes,     143480 total
[2019-06-24T10:09:59.185+0000][1][gc,age       ] GC(34) - age   5:     112872 bytes,     256352 total
[2019-06-24T10:09:59.185+0000][1][gc,age       ] GC(34) - age   6:      36528 bytes,     292880 total
[2019-06-24T10:09:59.185+0000][1][gc,heap      ] GC(34) ParNew: 70358K->371K(78656K)
[2019-06-24T10:09:59.185+0000][1][gc,heap      ] GC(34) CMS: 70059K->70061K(174784K)
[2019-06-24T10:09:59.185+0000][1][gc,metaspace ] GC(34) Metaspace: 70301K->70301K(1114112K)
[2019-06-24T10:09:59.185+0000][1][gc           ] GC(34) Pause Young (Allocation Failure) 137M->68M(247M) 3.521ms
[2019-06-24T10:09:59.185+0000][1][gc,cpu       ] GC(34) User=0.01s Sys=0.00s Real=0.01s
[2019-06-24T10:09:59.185+0000][1][safepoint    ] Leaving safepoint region
[2019-06-24T10:09:59.185+0000][1][safepoint    ] Total time for which application threads were stopped: 0.0040025 seconds, Stopping threads took: 0.0000670 seconds
[2019-06-24T10:10:00.185+0000][1][safepoint    ] Application time: 1.0003087 seconds
[2019-06-24T10:10:00.185+0000][1][safepoint    ] Entering safepoint region: Cleanup
[2019-06-24T10:10:00.186+0000][1][safepoint    ] Leaving safepoint region
[2019-06-24T10:10:00.186+0000][1][safepoint    ] Total time for which application threads were stopped: 0.0002942 seconds, Stopping threads took: 0.0000870 seconds
[2019-06-24T10:10:01.186+0000][1][safepoint    ] Application time: 1.0002666 seconds
[2019-06-24T10:10:01.186+0000][1][safepoint    ] Entering safepoint region: Cleanup
[2019-06-24T10:10:01.186+0000][1][safepoint    ] Leaving safepoint region
[2019-06-24T10:10:01.186+0000][1][safepoint    ] Total time for which application threads were stopped: 0.0002609 seconds, Stopping threads took: 0.0000686 seconds
[2019-06-24T10:10:02.187+0000][1][safepoint    ] Application time: 1.0002104 seconds
[2019-06-24T10:10:02.187+0000][1][safepoint    ] Entering safepoint region: Cleanup
[2019-06-24T10:10:02.187+0000][1][safepoint    ] Leaving safepoint region
[2019-06-24T10:10:02.187+0000][1][safepoint    ] Total time for which application threads were stopped: 0.0003090 seconds, Stopping threads took: 0.0000682 seconds
[2019-06-24T10:10:03.187+0000][1][safepoint    ] Application time: 1.0002434 seconds
[2019-06-24T10:10:03.188+0000][1][safepoint    ] Entering safepoint region: Cleanup
[2019-06-24T10:10:03.188+0000][1][safepoint    ] Leaving safepoint region
[2019-06-24T10:10:03.188+0000][1][safepoint    ] Total time for which application threads were stopped: 0.0003541 seconds, Stopping threads took: 0.0001028 seconds
[2019-06-24T10:10:04.188+0000][1][safepoint    ] Application time: 1.0002644 seconds
[2019-06-24T10:10:04.188+0000][1][safepoint    ] Entering safepoint region: Cleanup
[2019-06-24T10:10:04.189+0000][1][safepoint    ] Leaving safepoint region
[2019-06-24T10:10:04.189+0000][1][safepoint    ] Total time for which application threads were stopped: 0.0002792 seconds, Stopping threads took: 0.0000707 seconds
[2019-06-24T10:10:05.189+0000][1][safepoint    ] Application time: 1.0001927 seconds
[2019-06-24T10:10:05.189+0000][1][safepoint    ] Entering safepoint region: Cleanup
[2019-06-24T10:10:05.189+0000][1][safepoint    ] Leaving safepoint region
[2019-06-24T10:10:05.189+0000][1][safepoint    ] Total time for which application threads were stopped: 0.0002604 seconds, Stopping threads took: 0.0000700 seconds
[2019-06-24T10:10:06.190+0000][1][safepoint    ] Application time: 1.0002631 seconds
[2019-06-24T10:10:06.190+0000][1][safepoint    ] Entering safepoint region: Cleanup
[2019-06-24T10:10:06.190+0000][1][safepoint    ] Leaving safepoint region
[2019-06-24T10:10:06.190+0000][1][safepoint    ] Total time for which application threads were stopped: 0.0002658 seconds, Stopping threads took: 0.0000710 seconds
[2019-06-24T10:10:07.190+0000][1][safepoint    ] Application time: 1.0002633 seconds
[2019-06-24T10:10:07.190+0000][1][safepoint    ] Entering safepoint region: Cleanup
[2019-06-24T10:10:07.191+0000][1][safepoint    ] Leaving safepoint region
[2019-06-24T10:10:07.191+0000][1][safepoint    ] Total time for which application threads were stopped: 0.0003373 seconds, Stopping threads took: 0.0000718 seconds
[2019-06-24T10:10:08.191+0000][1][safepoint    ] Application time: 1.0001483 seconds
[2019-06-24T10:10:08.191+0000][1][safepoint    ] Entering safepoint region: Cleanup
[2019-06-24T10:10:08.191+0000][1][safepoint    ] Leaving safepoint region
[2019-06-24T10:10:08.191+0000][1][safepoint    ] Total time for which application threads were stopped: 0.0002878 seconds, Stopping threads took: 0.0000963 seconds
[2019-06-24T10:10:09.192+0000][1][safepoint    ] Application time: 1.0002390 seconds
[2019-06-24T10:10:09.192+0000][1][safepoint    ] Entering safepoint region: Cleanup
[2019-06-24T10:10:09.192+0000][1][safepoint    ] Leaving safepoint region
[2019-06-24T10:10:09.192+0000][1][safepoint    ] Total time for which application threads were stopped: 0.0002662 seconds, Stopping threads took: 0.0000699 seconds
[2019-06-24T10:10:10.192+0000][1][safepoint    ] Application time: 1.0002588 seconds
[2019-06-24T10:10:10.192+0000][1][safepoint    ] Entering safepoint region: Cleanup
[2019-06-24T10:10:10.192+0000][1][safepoint    ] Leaving safepoint region
[2019-06-24T10:10:10.193+0000][1][safepoint    ] Total time for which application threads were stopped: 0.0002586 seconds, Stopping threads took: 0.0000698 seconds
[2019-06-24T10:10:11.193+0000][1][safepoint    ] Application time: 1.0002658 seconds
[2019-06-24T10:10:11.193+0000][1][safepoint    ] Entering safepoint region: Cleanup
[2019-06-24T10:10:11.193+0000][1][safepoint    ] Leaving safepoint region
[2019-06-24T10:10:11.193+0000][1][safepoint    ] Total time for which application threads were stopped: 0.0002521 seconds, Stopping threads took: 0.0000669 seconds
[2019-06-24T10:10:12.194+0000][1][safepoint    ] Application time: 1.0002527 seconds
[2019-06-24T10:10:12.194+0000][1][safepoint    ] Entering safepoint region: Cleanup
[2019-06-24T10:10:12.194+0000][1][safepoint    ] Leaving safepoint region
[2019-06-24T10:10:12.194+0000][1][safepoint    ] Total time for which application threads were stopped: 0.0002224 seconds, Stopping threads took: 0.0000600 seconds
[2019-06-24T10:10:13.194+0000][1][safepoint    ] Application time: 1.0002578 seconds
[2019-06-24T10:10:13.194+0000][1][safepoint    ] Entering safepoint region: Cleanup
[2019-06-24T10:10:13.195+0000][1][safepoint    ] Leaving safepoint region
[2019-06-24T10:10:13.195+0000][1][safepoint    ] Total time for which application threads were stopped: 0.0004515 seconds, Stopping threads took: 0.0001398 seconds
[2019-06-24T10:10:14.195+0000][1][safepoint    ] Application time: 1.0001472 seconds
[2019-06-24T10:10:14.195+0000][1][safepoint    ] Entering safepoint region: Cleanup
[2019-06-24T10:10:14.195+0000][1][safepoint    ] Leaving safepoint region
[2019-06-24T10:10:14.195+0000][1][safepoint    ] Total time for which application threads were stopped: 0.0003081 seconds, Stopping threads took: 0.0000895 seconds
[2019-06-24T10:10:15.196+0000][1][safepoint    ] Application time: 1.0002463 seconds
[2019-06-24T10:10:15.196+0000][1][safepoint    ] Entering safepoint region: Cleanup
[2019-06-24T10:10:15.196+0000][1][safepoint    ] Leaving safepoint region
[2019-06-24T10:10:15.196+0000][1][safepoint    ] Total time for which application threads were stopped: 0.0003031 seconds, Stopping threads took: 0.0000884 seconds
[2019-06-24T10:10:16.196+0000][1][safepoint    ] Application time: 1.0002614 seconds
[2019-06-24T10:10:16.196+0000][1][safepoint    ] Entering safepoint region: Cleanup
[2019-06-24T10:10:16.197+0000][1][safepoint    ] Leaving safepoint region
[2019-06-24T10:10:16.197+0000][1][safepoint    ] Total time for which application threads were stopped: 0.0003111 seconds, Stopping threads took: 0.0000889 seconds
[2019-06-24T10:10:17.197+0000][1][safepoint    ] Application time: 1.0001954 seconds
[2019-06-24T10:10:17.197+0000][1][safepoint    ] Entering safepoint region: Cleanup
[2019-06-24T10:10:17.197+0000][1][safepoint    ] Leaving safepoint region
[2019-06-24T10:10:17.197+0000][1][safepoint    ] Total time for which application threads were stopped: 0.0003100 seconds, Stopping threads took: 0.0000895 seconds
[2019-06-24T10:10:18.198+0000][1][safepoint    ] Application time: 1.0002312 seconds
[2019-06-24T10:10:18.198+0000][1][safepoint    ] Entering safepoint region: Cleanup
[2019-06-24T10:10:18.198+0000][1][safepoint    ] Leaving safepoint region
[2019-06-24T10:10:18.198+0000][1][safepoint    ] Total time for which application threads were stopped: 0.0003094 seconds, Stopping threads took: 0.0001201 seconds
[2019-06-24T10:10:19.198+0000][1][safepoint    ] Application time: 1.0001979 seconds
[2019-06-24T10:10:19.199+0000][1][safepoint    ] Entering safepoint region: Cleanup
[2019-06-24T10:10:19.199+0000][1][safepoint    ] Leaving safepoint region
[2019-06-24T10:10:19.199+0000][1][safepoint    ] Total time for which application threads were stopped: 0.0004145 seconds, Stopping threads took: 0.0001527 seconds
[2019-06-24T10:10:20.199+0000][1][safepoint    ] Application time: 1.0002676 seconds
[2019-06-24T10:10:20.199+0000][1][safepoint    ] Entering safepoint region: Cleanup
[2019-06-24T10:10:20.200+0000][1][safepoint    ] Leaving safepoint region
[2019-06-24T10:10:20.200+0000][1][safepoint    ] Total time for which application threads were stopped: 0.0003102 seconds, Stopping threads took: 0.0000873 seconds
[2019-06-24T10:10:21.200+0000][1][safepoint    ] Application time: 1.0002583 seconds
[2019-06-24T10:10:21.200+0000][1][safepoint    ] Entering safepoint region: Cleanup
[2019-06-24T10:10:21.200+0000][1][safepoint    ] Leaving safepoint region
[2019-06-24T10:10:21.200+0000][1][safepoint    ] Total time for which application threads were stopped: 0.0003040 seconds, Stopping threads took: 0.0000889 seconds
[2019-06-24T10:10:22.201+0000][1][safepoint    ] Application time: 1.0002462 seconds
[2019-06-24T10:10:22.201+0000][1][safepoint    ] Entering safepoint region: Cleanup
[2019-06-24T10:10:22.201+0000][1][safepoint    ] Leaving safepoint region
[2019-06-24T10:10:22.201+0000][1][safepoint    ] Total time for which application threads were stopped: 0.0002629 seconds, Stopping threads took: 0.0000736 seconds
[2019-06-24T10:10:23.201+0000][1][safepoint    ] Application time: 1.0002562 seconds
[2019-06-24T10:10:23.201+0000][1][safepoint    ] Entering safepoint region: Cleanup
[2019-06-24T10:10:23.202+0000][1][safepoint    ] Leaving safepoint region
[2019-06-24T10:10:23.202+0000][1][safepoint    ] Total time for which application threads were stopped: 0.0003454 seconds, Stopping threads took: 0.0001372 seconds
[2019-06-24T10:10:24.202+0000][1][safepoint    ] Application time: 1.0002522 seconds
[2019-06-24T10:10:24.202+0000][1][safepoint    ] Entering safepoint region: Cleanup
[2019-06-24T10:10:24.202+0000][1][safepoint    ] Leaving safepoint region
[2019-06-24T10:10:24.202+0000][1][safepoint    ] Total time for which application threads were stopped: 0.0002318 seconds, Stopping threads took: 0.0000616 seconds
[2019-06-24T10:10:25.203+0000][1][safepoint    ] Application time: 1.0002154 seconds
[2019-06-24T10:10:25.203+0000][1][safepoint    ] Entering safepoint region: Cleanup
[2019-06-24T10:10:25.203+0000][1][safepoint    ] Leaving safepoint region
[2019-06-24T10:10:25.203+0000][1][safepoint    ] Total time for which application threads were stopped: 0.0002278 seconds, Stopping threads took: 0.0000610 seconds
[2019-06-24T10:10:26.203+0000][1][safepoint    ] Application time: 1.0001706 seconds
[2019-06-24T10:10:26.203+0000][1][safepoint    ] Entering safepoint region: Cleanup
[2019-06-24T10:10:26.203+0000][1][safepoint    ] Leaving safepoint region
[2019-06-24T10:10:26.204+0000][1][safepoint    ] Total time for which application threads were stopped: 0.0002593 seconds, Stopping threads took: 0.0000677 seconds
[2019-06-24T10:10:27.204+0000][1][safepoint    ] Application time: 1.0002645 seconds
[2019-06-24T10:10:27.204+0000][1][safepoint    ] Entering safepoint region: Cleanup
[2019-06-24T10:10:27.204+0000][1][safepoint    ] Leaving safepoint region
[2019-06-24T10:10:27.204+0000][1][safepoint    ] Total time for which application threads were stopped: 0.0002599 seconds, Stopping threads took: 0.0000698 seconds
[2019-06-24T10:10:28.204+0000][1][safepoint    ] Application time: 1.0002624 seconds
[2019-06-24T10:10:28.205+0000][1][safepoint    ] Entering safepoint region: Cleanup
[2019-06-24T10:10:28.205+0000][1][safepoint    ] Leaving safepoint region
[2019-06-24T10:10:28.205+0000][1][safepoint    ] Total time for which application threads were stopped: 0.0002584 seconds, Stopping threads took: 0.0000693 seconds
[2019-06-24T10:10:29.841+0000][1][safepoint    ] Application time: 1.6364043 seconds
[2019-06-24T10:10:29.841+0000][1][safepoint    ] Entering safepoint region: Cleanup
[2019-06-24T10:10:29.842+0000][1][safepoint    ] Leaving safepoint region
[2019-06-24T10:10:29.842+0000][1][safepoint    ] Total time for which application threads were stopped: 0.0002499 seconds, Stopping threads took: 0.0000610 seconds
[2019-06-24T10:10:30.842+0000][1][safepoint    ] Application time: 1.0001277 seconds
[2019-06-24T10:10:30.842+0000][1][safepoint    ] Entering safepoint region: Cleanup
[2019-06-24T10:10:30.842+0000][1][safepoint    ] Leaving safepoint region
[2019-06-24T10:10:30.842+0000][1][safepoint    ] Total time for which application threads were stopped: 0.0002273 seconds, Stopping threads took: 0.0000610 seconds
[2019-06-24T10:10:32.021+0000][1][safepoint    ] Application time: 1.1787177 seconds
[2019-06-24T10:10:32.021+0000][1][safepoint    ] Entering safepoint region: Cleanup
[2019-06-24T10:10:32.021+0000][1][safepoint    ] Leaving safepoint region
[2019-06-24T10:10:32.021+0000][1][safepoint    ] Total time for which application threads were stopped: 0.0001238 seconds, Stopping threads took: 0.0000324 seconds
[2019-06-24T10:10:33.021+0000][1][safepoint    ] Application time: 1.0002278 seconds
[2019-06-24T10:10:33.021+0000][1][safepoint    ] Entering safepoint region: Cleanup
[2019-06-24T10:10:33.022+0000][1][safepoint    ] Leaving safepoint region
[2019-06-24T10:10:33.022+0000][1][safepoint    ] Total time for which application threads were stopped: 0.0002603 seconds, Stopping threads took: 0.0000602 seconds
[2019-06-24T10:10:34.022+0000][1][safepoint    ] Application time: 1.0001897 seconds
[2019-06-24T10:10:34.022+0000][1][safepoint    ] Entering safepoint region: Cleanup
[2019-06-24T10:10:34.022+0000][1][safepoint    ] Leaving safepoint region
[2019-06-24T10:10:34.022+0000][1][safepoint    ] Total time for which application threads were stopped: 0.0003157 seconds, Stopping threads took: 0.0001053 seconds
[2019-06-24T10:10:35.023+0000][1][safepoint    ] Application time: 1.0002662 seconds
[2019-06-24T10:10:35.023+0000][1][safepoint    ] Entering safepoint region: Cleanup
[2019-06-24T10:10:35.023+0000][1][safepoint    ] Leaving safepoint region
[2019-06-24T10:10:35.023+0000][1][safepoint    ] Total time for which application threads were stopped: 0.0002665 seconds, Stopping threads took: 0.0000697 seconds
[2019-06-24T10:10:36.023+0000][1][safepoint    ] Application time: 1.0002859 seconds
[2019-06-24T10:10:36.023+0000][1][safepoint    ] Entering safepoint region: Cleanup
[2019-06-24T10:10:36.024+0000][1][safepoint    ] Leaving safepoint region
[2019-06-24T10:10:36.024+0000][1][safepoint    ] Total time for which application threads were stopped: 0.0002589 seconds, Stopping threads took: 0.0000667 seconds
[2019-06-24T10:10:37.024+0000][1][safepoint    ] Application time: 1.0002681 seconds
[2019-06-24T10:10:37.024+0000][1][safepoint    ] Entering safepoint region: Cleanup
[2019-06-24T10:10:37.024+0000][1][safepoint    ] Leaving safepoint region
[2019-06-24T10:10:37.024+0000][1][safepoint    ] Total time for which application threads were stopped: 0.0002743 seconds, Stopping threads took: 0.0000601 seconds
[2019-06-24T10:10:38.025+0000][1][safepoint    ] Application time: 1.0002502 seconds
[2019-06-24T10:10:38.025+0000][1][safepoint    ] Entering safepoint region: Cleanup
[2019-06-24T10:10:38.025+0000][1][safepoint    ] Leaving safepoint region
[2019-06-24T10:10:38.025+0000][1][safepoint    ] Total time for which application threads were stopped: 0.0002941 seconds, Stopping threads took: 0.0000599 seconds
[2019-06-24T10:10:39.025+0000][1][safepoint    ] Application time: 1.0002495 seconds
[2019-06-24T10:10:39.025+0000][1][safepoint    ] Entering safepoint region: Cleanup
[2019-06-24T10:10:39.026+0000][1][safepoint    ] Leaving safepoint region
[2019-06-24T10:10:39.026+0000][1][safepoint    ] Total time for which application threads were stopped: 0.0003311 seconds, Stopping threads took: 0.0000863 seconds
[2019-06-24T10:10:40.026+0000][1][safepoint    ] Application time: 1.0001959 seconds
[2019-06-24T10:10:40.026+0000][1][safepoint    ] Entering safepoint region: Cleanup
[2019-06-24T10:10:40.026+0000][1][safepoint    ] Leaving safepoint region
[2019-06-24T10:10:40.026+0000][1][safepoint    ] Total time for which application threads were stopped: 0.0003332 seconds, Stopping threads took: 0.0000676 seconds
[2019-06-24T10:10:41.027+0000][1][safepoint    ] Application time: 1.0003146 seconds
[2019-06-24T10:10:41.027+0000][1][safepoint    ] Entering safepoint region: Cleanup
[2019-06-24T10:10:41.027+0000][1][safepoint    ] Leaving safepoint region
[2019-06-24T10:10:41.027+0000][1][safepoint    ] Total time for which application threads were stopped: 0.0002920 seconds, Stopping threads took: 0.0000620 seconds
[2019-06-24T10:10:42.027+0000][1][safepoint    ] Application time: 1.0002101 seconds
[2019-06-24T10:10:42.028+0000][1][safepoint    ] Entering safepoint region: Cleanup
[2019-06-24T10:10:42.028+0000][1][safepoint    ] Leaving safepoint region
[2019-06-24T10:10:42.028+0000][1][safepoint    ] Total time for which application threads were stopped: 0.0002985 seconds, Stopping threads took: 0.0000703 seconds
[2019-06-24T10:10:43.028+0000][1][safepoint    ] Application time: 1.0001413 seconds
[2019-06-24T10:10:43.028+0000][1][safepoint    ] Entering safepoint region: Cleanup
[2019-06-24T10:10:43.028+0000][1][safepoint    ] Leaving safepoint region
[2019-06-24T10:10:43.028+0000][1][safepoint    ] Total time for which application threads were stopped: 0.0003034 seconds, Stopping threads took: 0.0000689 seconds
[2019-06-24T10:10:44.029+0000][1][safepoint    ] Application time: 1.0002744 seconds
[2019-06-24T10:10:44.029+0000][1][safepoint    ] Entering safepoint region: Cleanup
[2019-06-24T10:10:44.029+0000][1][safepoint    ] Leaving safepoint region
[2019-06-24T10:10:44.029+0000][1][safepoint    ] Total time for which application threads were stopped: 0.0003380 seconds, Stopping threads took: 0.0000671 seconds
[2019-06-24T10:10:45.030+0000][1][safepoint    ] Application time: 1.0002804 seconds
[2019-06-24T10:10:45.030+0000][1][safepoint    ] Entering safepoint region: Cleanup
[2019-06-24T10:10:45.030+0000][1][safepoint    ] Leaving safepoint region
[2019-06-24T10:10:45.030+0000][1][safepoint    ] Total time for which application threads were stopped: 0.0003673 seconds, Stopping threads took: 0.0000701 seconds
[2019-06-24T10:10:46.030+0000][1][safepoint    ] Application time: 1.0002767 seconds
[2019-06-24T10:10:46.031+0000][1][safepoint    ] Entering safepoint region: Cleanup
[2019-06-24T10:10:46.031+0000][1][safepoint    ] Leaving safepoint region
[2019-06-24T10:10:46.031+0000][1][safepoint    ] Total time for which application threads were stopped: 0.0004073 seconds, Stopping threads took: 0.0001782 seconds
[2019-06-24T10:10:47.031+0000][1][safepoint    ] Application time: 1.0002683 seconds
[2019-06-24T10:10:47.031+0000][1][safepoint    ] Entering safepoint region: Cleanup
[2019-06-24T10:10:47.032+0000][1][safepoint    ] Leaving safepoint region
[2019-06-24T10:10:47.032+0000][1][safepoint    ] Total time for which application threads were stopped: 0.0003318 seconds, Stopping threads took: 0.0000680 seconds
[2019-06-24T10:10:48.032+0000][1][safepoint    ] Application time: 1.0002732 seconds
[2019-06-24T10:10:48.032+0000][1][safepoint    ] Entering safepoint region: Cleanup
[2019-06-24T10:10:48.032+0000][1][safepoint    ] Leaving safepoint region
[2019-06-24T10:10:48.032+0000][1][safepoint    ] Total time for which application threads were stopped: 0.0003451 seconds, Stopping threads took: 0.0000675 seconds
[2019-06-24T10:10:49.033+0000][1][safepoint    ] Application time: 1.0002767 seconds
[2019-06-24T10:10:49.033+0000][1][safepoint    ] Entering safepoint region: Cleanup
[2019-06-24T10:10:49.033+0000][1][safepoint    ] Leaving safepoint region
[2019-06-24T10:10:49.033+0000][1][safepoint    ] Total time for which application threads were stopped: 0.0003376 seconds, Stopping threads took: 0.0000721 seconds
[2019-06-24T10:10:50.033+0000][1][safepoint    ] Application time: 1.0002775 seconds
[2019-06-24T10:10:50.034+0000][1][safepoint    ] Entering safepoint region: Cleanup
[2019-06-24T10:10:50.034+0000][1][safepoint    ] Leaving safepoint region
[2019-06-24T10:10:50.034+0000][1][safepoint    ] Total time for which application threads were stopped: 0.0003049 seconds, Stopping threads took: 0.0000668 seconds
[2019-06-24T10:10:51.034+0000][1][safepoint    ] Application time: 1.0002667 seconds
[2019-06-24T10:10:51.034+0000][1][safepoint    ] Entering safepoint region: Cleanup
[2019-06-24T10:10:51.035+0000][1][safepoint    ] Leaving safepoint region
[2019-06-24T10:10:51.035+0000][1][safepoint    ] Total time for which application threads were stopped: 0.0003562 seconds, Stopping threads took: 0.0000668 seconds
[2019-06-24T10:10:52.035+0000][1][safepoint    ] Application time: 1.0001460 seconds
[2019-06-24T10:10:52.035+0000][1][safepoint    ] Entering safepoint region: Cleanup
[2019-06-24T10:10:52.035+0000][1][safepoint    ] Leaving safepoint region
[2019-06-24T10:10:52.035+0000][1][safepoint    ] Total time for which application threads were stopped: 0.0003189 seconds, Stopping threads took: 0.0001016 seconds
[2019-06-24T10:10:53.036+0000][1][safepoint    ] Application time: 1.0002721 seconds
[2019-06-24T10:10:53.036+0000][1][safepoint    ] Entering safepoint region: Cleanup
[2019-06-24T10:10:53.036+0000][1][safepoint    ] Leaving safepoint region
[2019-06-24T10:10:53.036+0000][1][safepoint    ] Total time for which application threads were stopped: 0.0002591 seconds, Stopping threads took: 0.0000690 seconds
[2019-06-24T10:10:54.036+0000][1][safepoint    ] Application time: 1.0002647 seconds
[2019-06-24T10:10:54.036+0000][1][safepoint    ] Entering safepoint region: Cleanup
[2019-06-24T10:10:54.037+0000][1][safepoint    ] Leaving safepoint region
[2019-06-24T10:10:54.037+0000][1][safepoint    ] Total time for which application threads were stopped: 0.0002571 seconds, Stopping threads took: 0.0000668 seconds
[2019-06-24T10:10:55.037+0000][1][safepoint    ] Application time: 1.0002713 seconds
[2019-06-24T10:10:55.037+0000][1][safepoint    ] Entering safepoint region: Cleanup
[2019-06-24T10:10:55.037+0000][1][safepoint    ] Leaving safepoint region
[2019-06-24T10:10:55.037+0000][1][safepoint    ] Total time for which application threads were stopped: 0.0003113 seconds, Stopping threads took: 0.0000692 seconds
[2019-06-24T10:10:56.038+0000][1][safepoint    ] Application time: 1.0001817 seconds
[2019-06-24T10:10:56.038+0000][1][safepoint    ] Entering safepoint region: Cleanup
[2019-06-24T10:10:56.038+0000][1][safepoint    ] Leaving safepoint region
[2019-06-24T10:10:56.038+0000][1][safepoint    ] Total time for which application threads were stopped: 0.0003086 seconds, Stopping threads took: 0.0000688 seconds
[2019-06-24T10:10:57.038+0000][1][safepoint    ] Application time: 1.0002751 seconds
[2019-06-24T10:10:57.038+0000][1][safepoint    ] Entering safepoint region: Cleanup
[2019-06-24T10:10:57.039+0000][1][safepoint    ] Leaving safepoint region
[2019-06-24T10:10:57.039+0000][1][safepoint    ] Total time for which application threads were stopped: 0.0003787 seconds, Stopping threads took: 0.0000676 seconds
[2019-06-24T10:10:58.039+0000][1][safepoint    ] Application time: 1.0002294 seconds
[2019-06-24T10:10:58.039+0000][1][safepoint    ] Entering safepoint region: Cleanup
[2019-06-24T10:10:58.039+0000][1][safepoint    ] Leaving safepoint region
[2019-06-24T10:10:58.039+0000][1][safepoint    ] Total time for which application threads were stopped: 0.0003283 seconds, Stopping threads took: 0.0000678 seconds
[2019-06-24T10:10:59.040+0000][1][safepoint    ] Application time: 1.0001942 seconds
[2019-06-24T10:10:59.040+0000][1][safepoint    ] Entering safepoint region: Cleanup
[2019-06-24T10:10:59.040+0000][1][safepoint    ] Leaving safepoint region
[2019-06-24T10:10:59.040+0000][1][safepoint    ] Total time for which application threads were stopped: 0.0002968 seconds, Stopping threads took: 0.0000594 seconds
[2019-06-24T10:11:00.040+0000][1][safepoint    ] Application time: 1.0002494 seconds
[2019-06-24T10:11:00.040+0000][1][safepoint    ] Entering safepoint region: Cleanup
[2019-06-24T10:11:00.041+0000][1][safepoint    ] Leaving safepoint region
[2019-06-24T10:11:00.041+0000][1][safepoint    ] Total time for which application threads were stopped: 0.0002605 seconds, Stopping threads took: 0.0000593 seconds
[2019-06-24T10:11:01.041+0000][1][safepoint    ] Application time: 1.0002696 seconds
[2019-06-24T10:11:01.041+0000][1][safepoint    ] Entering safepoint region: Cleanup
[2019-06-24T10:11:01.041+0000][1][safepoint    ] Leaving safepoint region
[2019-06-24T10:11:01.041+0000][1][safepoint    ] Total time for which application threads were stopped: 0.0003302 seconds, Stopping threads took: 0.0000691 seconds
[2019-06-24T10:11:02.042+0000][1][safepoint    ] Application time: 1.0002272 seconds
[2019-06-24T10:11:02.042+0000][1][safepoint    ] Entering safepoint region: Cleanup
[2019-06-24T10:11:02.042+0000][1][safepoint    ] Leaving safepoint region
[2019-06-24T10:11:02.042+0000][1][safepoint    ] Total time for which application threads were stopped: 0.0002997 seconds, Stopping threads took: 0.0000877 seconds
[2019-06-24T10:11:03.042+0000][1][safepoint    ] Application time: 1.0002048 seconds
[2019-06-24T10:11:03.043+0000][1][safepoint    ] Entering safepoint region: Cleanup
[2019-06-24T10:11:03.043+0000][1][safepoint    ] Leaving safepoint region
[2019-06-24T10:11:03.043+0000][1][safepoint    ] Total time for which application threads were stopped: 0.0003623 seconds, Stopping threads took: 0.0000784 seconds
[2019-06-24T10:11:04.043+0000][1][safepoint    ] Application time: 1.0002808 seconds
[2019-06-24T10:11:04.043+0000][1][safepoint    ] Entering safepoint region: Cleanup
[2019-06-24T10:11:04.044+0000][1][safepoint    ] Leaving safepoint region
[2019-06-24T10:11:04.044+0000][1][safepoint    ] Total time for which application threads were stopped: 0.0003519 seconds, Stopping threads took: 0.0000706 seconds
[2019-06-24T10:11:05.044+0000][1][safepoint    ] Application time: 1.0002143 seconds
[2019-06-24T10:11:05.044+0000][1][safepoint    ] Entering safepoint region: Cleanup
[2019-06-24T10:11:05.044+0000][1][safepoint    ] Leaving safepoint region
[2019-06-24T10:11:05.044+0000][1][safepoint    ] Total time for which application threads were stopped: 0.0002998 seconds, Stopping threads took: 0.0000955 seconds
[2019-06-24T10:11:06.045+0000][1][safepoint    ] Application time: 1.0002558 seconds
[2019-06-24T10:11:06.045+0000][1][safepoint    ] Entering safepoint region: Cleanup
[2019-06-24T10:11:06.045+0000][1][safepoint    ] Leaving safepoint region
[2019-06-24T10:11:06.045+0000][1][safepoint    ] Total time for which application threads were stopped: 0.0002309 seconds, Stopping threads took: 0.0000610 seconds
[2019-06-24T10:11:07.045+0000][1][safepoint    ] Application time: 1.0002567 seconds
[2019-06-24T10:11:07.045+0000][1][safepoint    ] Entering safepoint region: Cleanup
[2019-06-24T10:11:07.046+0000][1][safepoint    ] Leaving safepoint region
[2019-06-24T10:11:07.046+0000][1][safepoint    ] Total time for which application threads were stopped: 0.0003244 seconds, Stopping threads took: 0.0001080 seconds
[2019-06-24T10:11:08.046+0000][1][safepoint    ] Application time: 1.0002592 seconds
[2019-06-24T10:11:08.046+0000][1][safepoint    ] Entering safepoint region: Cleanup
[2019-06-24T10:11:08.046+0000][1][safepoint    ] Leaving safepoint region
[2019-06-24T10:11:08.046+0000][1][safepoint    ] Total time for which application threads were stopped: 0.0003034 seconds, Stopping threads took: 0.0000954 seconds
[2019-06-24T10:11:09.047+0000][1][safepoint    ] Application time: 1.0002072 seconds
[2019-06-24T10:11:09.047+0000][1][safepoint    ] Entering safepoint region: Cleanup
[2019-06-24T10:11:09.047+0000][1][safepoint    ] Leaving safepoint region
[2019-06-24T10:11:09.047+0000][1][safepoint    ] Total time for which application threads were stopped: 0.0002967 seconds, Stopping threads took: 0.0000956 seconds
[2019-06-24T10:11:10.047+0000][1][safepoint    ] Application time: 1.0002651 seconds
[2019-06-24T10:11:10.048+0000][1][safepoint    ] Entering safepoint region: Cleanup
[2019-06-24T10:11:10.048+0000][1][safepoint    ] Leaving safepoint region
[2019-06-24T10:11:10.048+0000][1][safepoint    ] Total time for which application threads were stopped: 0.0002889 seconds, Stopping threads took: 0.0001006 seconds
[2019-06-24T10:11:11.048+0000][1][safepoint    ] Application time: 1.0002808 seconds
[2019-06-24T10:11:11.048+0000][1][safepoint    ] Entering safepoint region: Cleanup
[2019-06-24T10:11:11.048+0000][1][safepoint    ] Leaving safepoint region
[2019-06-24T10:11:11.048+0000][1][safepoint    ] Total time for which application threads were stopped: 0.0002630 seconds, Stopping threads took: 0.0000701 seconds
[2019-06-24T10:11:12.049+0000][1][safepoint    ] Application time: 1.0002503 seconds
[2019-06-24T10:11:12.049+0000][1][safepoint    ] Entering safepoint region: Cleanup
[2019-06-24T10:11:12.049+0000][1][safepoint    ] Leaving safepoint region
[2019-06-24T10:11:12.049+0000][1][safepoint    ] Total time for which application threads were stopped: 0.0002667 seconds, Stopping threads took: 0.0000949 seconds
[2019-06-24T10:11:13.049+0000][1][safepoint    ] Application time: 1.0002538 seconds
[2019-06-24T10:11:13.050+0000][1][safepoint    ] Entering safepoint region: Cleanup
[2019-06-24T10:11:13.050+0000][1][safepoint    ] Leaving safepoint region
[2019-06-24T10:11:13.050+0000][1][safepoint    ] Total time for which application threads were stopped: 0.0002502 seconds, Stopping threads took: 0.0000675 seconds
[2019-06-24T10:11:14.050+0000][1][safepoint    ] Application time: 1.0002436 seconds
[2019-06-24T10:11:14.050+0000][1][safepoint    ] Entering safepoint region: Cleanup
[2019-06-24T10:11:14.050+0000][1][safepoint    ] Leaving safepoint region
[2019-06-24T10:11:14.050+0000][1][safepoint    ] Total time for which application threads were stopped: 0.0002204 seconds, Stopping threads took: 0.0000579 seconds
[2019-06-24T10:11:15.051+0000][1][safepoint    ] Application time: 1.0004333 seconds
[2019-06-24T10:11:15.051+0000][1][safepoint    ] Entering safepoint region: Cleanup
[2019-06-24T10:11:15.051+0000][1][safepoint    ] Leaving safepoint region
[2019-06-24T10:11:15.051+0000][1][safepoint    ] Total time for which application threads were stopped: 0.0001012 seconds, Stopping threads took: 0.0000262 seconds
[2019-06-24T10:11:16.051+0000][1][safepoint    ] Application time: 1.0002175 seconds
[2019-06-24T10:11:16.051+0000][1][safepoint    ] Entering safepoint region: Cleanup
[2019-06-24T10:11:16.051+0000][1][safepoint    ] Leaving safepoint region
[2019-06-24T10:11:16.051+0000][1][safepoint    ] Total time for which application threads were stopped: 0.0002397 seconds, Stopping threads took: 0.0000612 seconds
[2019-06-24T10:11:17.052+0000][1][safepoint    ] Application time: 1.0002165 seconds
[2019-06-24T10:11:17.052+0000][1][safepoint    ] Entering safepoint region: Cleanup
[2019-06-24T10:11:17.052+0000][1][safepoint    ] Leaving safepoint region
[2019-06-24T10:11:17.052+0000][1][safepoint    ] Total time for which application threads were stopped: 0.0002272 seconds, Stopping threads took: 0.0000602 seconds
[2019-06-24T10:11:18.052+0000][1][safepoint    ] Application time: 1.0001378 seconds
[2019-06-24T10:11:18.052+0000][1][safepoint    ] Entering safepoint region: Cleanup
[2019-06-24T10:11:18.053+0000][1][safepoint    ] Leaving safepoint region
[2019-06-24T10:11:18.053+0000][1][safepoint    ] Total time for which application threads were stopped: 0.0002428 seconds, Stopping threads took: 0.0000637 seconds
[2019-06-24T10:11:19.053+0000][1][safepoint    ] Application time: 1.0002508 seconds
[2019-06-24T10:11:19.053+0000][1][safepoint    ] Entering safepoint region: Cleanup
[2019-06-24T10:11:19.053+0000][1][safepoint    ] Leaving safepoint region
[2019-06-24T10:11:19.053+0000][1][safepoint    ] Total time for which application threads were stopped: 0.0002308 seconds, Stopping threads took: 0.0000609 seconds
[2019-06-24T10:11:20.053+0000][1][safepoint    ] Application time: 1.0002697 seconds
[2019-06-24T10:11:20.054+0000][1][safepoint    ] Entering safepoint region: Cleanup
[2019-06-24T10:11:20.054+0000][1][safepoint    ] Leaving safepoint region
[2019-06-24T10:11:20.054+0000][1][safepoint    ] Total time for which application threads were stopped: 0.0003819 seconds, Stopping threads took: 0.0000995 seconds
[2019-06-24T10:11:21.054+0000][1][safepoint    ] Application time: 1.0001948 seconds
[2019-06-24T10:11:21.054+0000][1][safepoint    ] Entering safepoint region: Cleanup
[2019-06-24T10:11:21.055+0000][1][safepoint    ] Leaving safepoint region
[2019-06-24T10:11:21.055+0000][1][safepoint    ] Total time for which application threads were stopped: 0.0003326 seconds, Stopping threads took: 0.0000619 seconds
[2019-06-24T10:11:22.055+0000][1][safepoint    ] Application time: 1.0001805 seconds
[2019-06-24T10:11:22.055+0000][1][safepoint    ] Entering safepoint region: Cleanup
[2019-06-24T10:11:22.055+0000][1][safepoint    ] Leaving safepoint region
[2019-06-24T10:11:22.055+0000][1][safepoint    ] Total time for which application threads were stopped: 0.0003644 seconds, Stopping threads took: 0.0001131 seconds
[2019-06-24T10:11:22.187+0000][1][safepoint    ] Application time: 0.1317925 seconds
[2019-06-24T10:11:22.187+0000][1][safepoint    ] Entering safepoint region: GenCollectForAllocation
[2019-06-24T10:11:22.188+0000][1][gc,start     ] GC(35) Pause Young (Allocation Failure)
[2019-06-24T10:11:22.188+0000][1][gc,task      ] GC(35) Using 5 workers of 8 for evacuation
[2019-06-24T10:11:22.191+0000][1][gc,age       ] GC(35) Desired survivor size 4456448 bytes, new threshold 6 (max threshold 6)
[2019-06-24T10:11:22.191+0000][1][gc,age       ] GC(35) Age table with threshold 6 (max threshold 6)
[2019-06-24T10:11:22.191+0000][1][gc,age       ] GC(35) - age   1:       5568 bytes,       5568 total
[2019-06-24T10:11:22.191+0000][1][gc,age       ] GC(35) - age   2:       9144 bytes,      14712 total
[2019-06-24T10:11:22.191+0000][1][gc,age       ] GC(35) - age   3:       1112 bytes,      15824 total
[2019-06-24T10:11:22.191+0000][1][gc,age       ] GC(35) - age   4:     125000 bytes,     140824 total
[2019-06-24T10:11:22.191+0000][1][gc,age       ] GC(35) - age   5:       2728 bytes,     143552 total
[2019-06-24T10:11:22.191+0000][1][gc,age       ] GC(35) - age   6:     112872 bytes,     256424 total
[2019-06-24T10:11:22.191+0000][1][gc,heap      ] GC(35) ParNew: 70272K->426K(78656K)
[2019-06-24T10:11:22.191+0000][1][gc,heap      ] GC(35) CMS: 70061K->70097K(174784K)
[2019-06-24T10:11:22.191+0000][1][gc,metaspace ] GC(35) Metaspace: 70303K->70303K(1114112K)
[2019-06-24T10:11:22.191+0000][1][gc           ] GC(35) Pause Young (Allocation Failure) 137M->68M(247M) 3.381ms
[2019-06-24T10:11:22.191+0000][1][gc,cpu       ] GC(35) User=0.01s Sys=0.00s Real=0.00s
[2019-06-24T10:11:22.191+0000][1][safepoint    ] Leaving safepoint region
[2019-06-24T10:11:22.191+0000][1][safepoint    ] Total time for which application threads were stopped: 0.0038946 seconds, Stopping threads took: 0.0001074 seconds
[2019-06-24T10:11:23.191+0000][1][safepoint    ] Application time: 1.0002668 seconds
[2019-06-24T10:11:23.192+0000][1][safepoint    ] Entering safepoint region: Cleanup
[2019-06-24T10:11:23.192+0000][1][safepoint    ] Leaving safepoint region
[2019-06-24T10:11:23.192+0000][1][safepoint    ] Total time for which application threads were stopped: 0.0001174 seconds, Stopping threads took: 0.0000421 seconds
[2019-06-24T10:11:24.192+0000][1][safepoint    ] Application time: 1.0001501 seconds
[2019-06-24T10:11:24.192+0000][1][safepoint    ] Entering safepoint region: Cleanup
[2019-06-24T10:11:24.192+0000][1][safepoint    ] Leaving safepoint region
[2019-06-24T10:11:24.192+0000][1][safepoint    ] Total time for which application threads were stopped: 0.0002193 seconds, Stopping threads took: 0.0000679 seconds
[2019-06-24T10:11:25.192+0000][1][safepoint    ] Application time: 1.0001841 seconds
[2019-06-24T10:11:25.192+0000][1][safepoint    ] Entering safepoint region: Cleanup
[2019-06-24T10:11:25.193+0000][1][safepoint    ] Leaving safepoint region
[2019-06-24T10:11:25.193+0000][1][safepoint    ] Total time for which application threads were stopped: 0.0002659 seconds, Stopping threads took: 0.0000923 seconds
[2019-06-24T10:11:26.204+0000][1][safepoint    ] Application time: 1.0109917 seconds
[2019-06-24T10:11:26.204+0000][1][safepoint    ] Entering safepoint region: Cleanup
[2019-06-24T10:11:26.204+0000][1][safepoint    ] Leaving safepoint region
[2019-06-24T10:11:26.204+0000][1][safepoint    ] Total time for which application threads were stopped: 0.0003029 seconds, Stopping threads took: 0.0000688 seconds
[2019-06-24T10:11:27.204+0000][1][safepoint    ] Application time: 1.0002415 seconds
[2019-06-24T10:11:27.205+0000][1][safepoint    ] Entering safepoint region: Cleanup
[2019-06-24T10:11:27.205+0000][1][safepoint    ] Leaving safepoint region
[2019-06-24T10:11:27.205+0000][1][safepoint    ] Total time for which application threads were stopped: 0.0002562 seconds, Stopping threads took: 0.0000678 seconds
[2019-06-24T10:11:28.205+0000][1][safepoint    ] Application time: 1.0002008 seconds
[2019-06-24T10:11:28.205+0000][1][safepoint    ] Entering safepoint region: Cleanup
[2019-06-24T10:11:28.205+0000][1][safepoint    ] Leaving safepoint region
[2019-06-24T10:11:28.205+0000][1][safepoint    ] Total time for which application threads were stopped: 0.0001229 seconds, Stopping threads took: 0.0000324 seconds
[2019-06-24T10:11:29.205+0000][1][safepoint    ] Application time: 1.0001516 seconds
[2019-06-24T10:11:29.206+0000][1][safepoint    ] Entering safepoint region: Cleanup
[2019-06-24T10:11:29.206+0000][1][safepoint    ] Leaving safepoint region
[2019-06-24T10:11:29.206+0000][1][safepoint    ] Total time for which application threads were stopped: 0.0002431 seconds, Stopping threads took: 0.0000704 seconds
[2019-06-24T10:11:30.206+0000][1][safepoint    ] Application time: 1.0001634 seconds
[2019-06-24T10:11:30.206+0000][1][safepoint    ] Entering safepoint region: Cleanup
[2019-06-24T10:11:30.206+0000][1][safepoint    ] Leaving safepoint region
[2019-06-24T10:11:30.206+0000][1][safepoint    ] Total time for which application threads were stopped: 0.0002328 seconds, Stopping threads took: 0.0000623 seconds
[2019-06-24T10:11:31.206+0000][1][safepoint    ] Application time: 1.0001518 seconds
[2019-06-24T10:11:31.207+0000][1][safepoint    ] Entering safepoint region: Cleanup
[2019-06-24T10:11:31.207+0000][1][safepoint    ] Leaving safepoint region
[2019-06-24T10:11:31.207+0000][1][safepoint    ] Total time for which application threads were stopped: 0.0003345 seconds, Stopping threads took: 0.0000984 seconds
[2019-06-24T10:11:32.207+0000][1][safepoint    ] Application time: 1.0002166 seconds
[2019-06-24T10:11:32.207+0000][1][safepoint    ] Entering safepoint region: Cleanup
[2019-06-24T10:11:32.208+0000][1][safepoint    ] Leaving safepoint region
[2019-06-24T10:11:32.208+0000][1][safepoint    ] Total time for which application threads were stopped: 0.0003434 seconds, Stopping threads took: 0.0001381 seconds
[2019-06-24T10:11:33.208+0000][1][safepoint    ] Application time: 1.0001997 seconds
[2019-06-24T10:11:33.208+0000][1][safepoint    ] Entering safepoint region: Cleanup
[2019-06-24T10:11:33.208+0000][1][safepoint    ] Leaving safepoint region
[2019-06-24T10:11:33.208+0000][1][safepoint    ] Total time for which application threads were stopped: 0.0003705 seconds, Stopping threads took: 0.0001380 seconds
[2019-06-24T10:11:34.209+0000][1][safepoint    ] Application time: 1.0002932 seconds
[2019-06-24T10:11:34.209+0000][1][safepoint    ] Entering safepoint region: Cleanup
[2019-06-24T10:11:34.209+0000][1][safepoint    ] Leaving safepoint region
[2019-06-24T10:11:34.209+0000][1][safepoint    ] Total time for which application threads were stopped: 0.0002687 seconds, Stopping threads took: 0.0000680 seconds
[2019-06-24T10:11:35.209+0000][1][safepoint    ] Application time: 1.0002853 seconds
[2019-06-24T10:11:35.210+0000][1][safepoint    ] Entering safepoint region: Cleanup
[2019-06-24T10:11:35.210+0000][1][safepoint    ] Leaving safepoint region
[2019-06-24T10:11:35.210+0000][1][safepoint    ] Total time for which application threads were stopped: 0.0002832 seconds, Stopping threads took: 0.0000698 seconds
[2019-06-24T10:11:36.210+0000][1][safepoint    ] Application time: 1.0002720 seconds
[2019-06-24T10:11:36.210+0000][1][safepoint    ] Entering safepoint region: Cleanup
[2019-06-24T10:11:36.210+0000][1][safepoint    ] Leaving safepoint region
[2019-06-24T10:11:36.211+0000][1][safepoint    ] Total time for which application threads were stopped: 0.0003609 seconds, Stopping threads took: 0.0000677 seconds
[2019-06-24T10:11:37.211+0000][1][safepoint    ] Application time: 1.0002786 seconds
[2019-06-24T10:11:37.211+0000][1][safepoint    ] Entering safepoint region: Cleanup
[2019-06-24T10:11:37.211+0000][1][safepoint    ] Leaving safepoint region
[2019-06-24T10:11:37.211+0000][1][safepoint    ] Total time for which application threads were stopped: 0.0002758 seconds, Stopping threads took: 0.0000686 seconds
[2019-06-24T10:11:38.212+0000][1][safepoint    ] Application time: 1.0002329 seconds
[2019-06-24T10:11:38.212+0000][1][safepoint    ] Entering safepoint region: Cleanup
[2019-06-24T10:11:38.212+0000][1][safepoint    ] Leaving safepoint region
[2019-06-24T10:11:38.212+0000][1][safepoint    ] Total time for which application threads were stopped: 0.0001469 seconds, Stopping threads took: 0.0000388 seconds
[2019-06-24T10:11:39.212+0000][1][safepoint    ] Application time: 1.0001430 seconds
[2019-06-24T10:11:39.212+0000][1][safepoint    ] Entering safepoint region: Cleanup
[2019-06-24T10:11:39.212+0000][1][safepoint    ] Leaving safepoint region
[2019-06-24T10:11:39.212+0000][1][safepoint    ] Total time for which application threads were stopped: 0.0002301 seconds, Stopping threads took: 0.0000614 seconds
[2019-06-24T10:11:40.213+0000][1][safepoint    ] Application time: 1.0002560 seconds
[2019-06-24T10:11:40.213+0000][1][safepoint    ] Entering safepoint region: Cleanup
[2019-06-24T10:11:40.213+0000][1][safepoint    ] Leaving safepoint region
[2019-06-24T10:11:40.213+0000][1][safepoint    ] Total time for which application threads were stopped: 0.0002649 seconds, Stopping threads took: 0.0000688 seconds
[2019-06-24T10:11:41.213+0000][1][safepoint    ] Application time: 1.0002580 seconds
[2019-06-24T10:11:41.213+0000][1][safepoint    ] Entering safepoint region: Cleanup
[2019-06-24T10:11:41.214+0000][1][safepoint    ] Leaving safepoint region
[2019-06-24T10:11:41.214+0000][1][safepoint    ] Total time for which application threads were stopped: 0.0003385 seconds, Stopping threads took: 0.0001110 seconds
[2019-06-24T10:11:42.214+0000][1][safepoint    ] Application time: 1.0002672 seconds
[2019-06-24T10:11:42.214+0000][1][safepoint    ] Entering safepoint region: Cleanup
[2019-06-24T10:11:42.214+0000][1][safepoint    ] Leaving safepoint region
[2019-06-24T10:11:42.214+0000][1][safepoint    ] Total time for which application threads were stopped: 0.0003277 seconds, Stopping threads took: 0.0001117 seconds
[2019-06-24T10:11:43.215+0000][1][safepoint    ] Application time: 1.0001333 seconds
[2019-06-24T10:11:43.215+0000][1][safepoint    ] Entering safepoint region: Cleanup
[2019-06-24T10:11:43.215+0000][1][safepoint    ] Leaving safepoint region
[2019-06-24T10:11:43.215+0000][1][safepoint    ] Total time for which application threads were stopped: 0.0003571 seconds, Stopping threads took: 0.0000834 seconds
[2019-06-24T10:11:44.215+0000][1][safepoint    ] Application time: 1.0002160 seconds
[2019-06-24T10:11:44.216+0000][1][safepoint    ] Entering safepoint region: Cleanup
[2019-06-24T10:11:44.216+0000][1][safepoint    ] Leaving safepoint region
[2019-06-24T10:11:44.216+0000][1][safepoint    ] Total time for which application threads were stopped: 0.0003069 seconds, Stopping threads took: 0.0000882 seconds
[2019-06-24T10:11:45.216+0000][1][safepoint    ] Application time: 1.0002974 seconds
[2019-06-24T10:11:45.216+0000][1][safepoint    ] Entering safepoint region: Cleanup
[2019-06-24T10:11:45.216+0000][1][safepoint    ] Leaving safepoint region
[2019-06-24T10:11:45.216+0000][1][safepoint    ] Total time for which application threads were stopped: 0.0001677 seconds, Stopping threads took: 0.0000672 seconds
[2019-06-24T10:11:46.217+0000][1][safepoint    ] Application time: 1.0002488 seconds
[2019-06-24T10:11:46.217+0000][1][safepoint    ] Entering safepoint region: Cleanup
[2019-06-24T10:11:46.217+0000][1][safepoint    ] Leaving safepoint region
[2019-06-24T10:11:46.217+0000][1][safepoint    ] Total time for which application threads were stopped: 0.0003112 seconds, Stopping threads took: 0.0000898 seconds
[2019-06-24T10:11:47.217+0000][1][safepoint    ] Application time: 1.0002232 seconds
[2019-06-24T10:11:47.217+0000][1][safepoint    ] Entering safepoint region: Cleanup
[2019-06-24T10:11:47.218+0000][1][safepoint    ] Leaving safepoint region
[2019-06-24T10:11:47.218+0000][1][safepoint    ] Total time for which application threads were stopped: 0.0003070 seconds, Stopping threads took: 0.0000891 seconds
[2019-06-24T10:11:48.218+0000][1][safepoint    ] Application time: 1.0001921 seconds
[2019-06-24T10:11:48.218+0000][1][safepoint    ] Entering safepoint region: Cleanup
[2019-06-24T10:11:48.218+0000][1][safepoint    ] Leaving safepoint region
[2019-06-24T10:11:48.219+0000][1][safepoint    ] Total time for which application threads were stopped: 0.0003992 seconds, Stopping threads took: 0.0001042 seconds
[2019-06-24T10:11:49.219+0000][1][safepoint    ] Application time: 1.0001872 seconds
[2019-06-24T10:11:49.219+0000][1][safepoint    ] Entering safepoint region: Cleanup
[2019-06-24T10:11:49.219+0000][1][safepoint    ] Leaving safepoint region
[2019-06-24T10:11:49.219+0000][1][safepoint    ] Total time for which application threads were stopped: 0.0002277 seconds, Stopping threads took: 0.0000624 seconds
[2019-06-24T10:11:50.219+0000][1][safepoint    ] Application time: 1.0001758 seconds
[2019-06-24T10:11:50.219+0000][1][safepoint    ] Entering safepoint region: Cleanup
[2019-06-24T10:11:50.220+0000][1][safepoint    ] Leaving safepoint region
[2019-06-24T10:11:50.220+0000][1][safepoint    ] Total time for which application threads were stopped: 0.0002798 seconds, Stopping threads took: 0.0001310 seconds
[2019-06-24T10:11:51.220+0000][1][safepoint    ] Application time: 1.0002307 seconds
[2019-06-24T10:11:51.220+0000][1][safepoint    ] Entering safepoint region: Cleanup
[2019-06-24T10:11:51.220+0000][1][safepoint    ] Leaving safepoint region
[2019-06-24T10:11:51.220+0000][1][safepoint    ] Total time for which application threads were stopped: 0.0001638 seconds, Stopping threads took: 0.0000471 seconds
[2019-06-24T10:11:52.220+0000][1][safepoint    ] Application time: 1.0002555 seconds
[2019-06-24T10:11:52.221+0000][1][safepoint    ] Entering safepoint region: Cleanup
[2019-06-24T10:11:52.221+0000][1][safepoint    ] Leaving safepoint region
[2019-06-24T10:11:52.221+0000][1][safepoint    ] Total time for which application threads were stopped: 0.0003070 seconds, Stopping threads took: 0.0000905 seconds
[2019-06-24T10:11:53.221+0000][1][safepoint    ] Application time: 1.0002537 seconds
[2019-06-24T10:11:53.221+0000][1][safepoint    ] Entering safepoint region: Cleanup
[2019-06-24T10:11:53.222+0000][1][safepoint    ] Leaving safepoint region
[2019-06-24T10:11:53.223+0000][1][safepoint    ] Total time for which application threads were stopped: 0.0012716 seconds, Stopping threads took: 0.0009668 seconds
[2019-06-24T10:11:54.223+0000][1][safepoint    ] Application time: 1.0001448 seconds
[2019-06-24T10:11:54.223+0000][1][safepoint    ] Entering safepoint region: Cleanup
[2019-06-24T10:11:54.223+0000][1][safepoint    ] Leaving safepoint region
[2019-06-24T10:11:54.223+0000][1][safepoint    ] Total time for which application threads were stopped: 0.0003271 seconds, Stopping threads took: 0.0001017 seconds
[2019-06-24T10:11:55.223+0000][1][safepoint    ] Application time: 1.0002102 seconds
[2019-06-24T10:11:55.224+0000][1][safepoint    ] Entering safepoint region: Cleanup
[2019-06-24T10:11:55.224+0000][1][safepoint    ] Leaving safepoint region
[2019-06-24T10:11:55.224+0000][1][safepoint    ] Total time for which application threads were stopped: 0.0003300 seconds, Stopping threads took: 0.0001449 seconds
[2019-06-24T10:11:56.224+0000][1][safepoint    ] Application time: 1.0002115 seconds
[2019-06-24T10:11:56.224+0000][1][safepoint    ] Entering safepoint region: Cleanup
[2019-06-24T10:11:56.225+0000][1][safepoint    ] Leaving safepoint region
[2019-06-24T10:11:56.225+0000][1][safepoint    ] Total time for which application threads were stopped: 0.0003656 seconds, Stopping threads took: 0.0001320 seconds
[2019-06-24T10:11:57.225+0000][1][safepoint    ] Application time: 1.0002831 seconds
[2019-06-24T10:11:57.225+0000][1][safepoint    ] Entering safepoint region: Cleanup
[2019-06-24T10:11:57.225+0000][1][safepoint    ] Leaving safepoint region
[2019-06-24T10:11:57.225+0000][1][safepoint    ] Total time for which application threads were stopped: 0.0003059 seconds, Stopping threads took: 0.0000892 seconds
[2019-06-24T10:11:58.226+0000][1][safepoint    ] Application time: 1.0002124 seconds
[2019-06-24T10:11:58.226+0000][1][safepoint    ] Entering safepoint region: Cleanup
[2019-06-24T10:11:58.227+0000][1][safepoint    ] Leaving safepoint region
[2019-06-24T10:11:58.227+0000][1][safepoint    ] Total time for which application threads were stopped: 0.0011784 seconds, Stopping threads took: 0.0008967 seconds
[2019-06-24T10:11:59.227+0000][1][safepoint    ] Application time: 1.0001364 seconds
[2019-06-24T10:11:59.227+0000][1][safepoint    ] Entering safepoint region: Cleanup
[2019-06-24T10:11:59.228+0000][1][safepoint    ] Leaving safepoint region
[2019-06-24T10:11:59.228+0000][1][safepoint    ] Total time for which application threads were stopped: 0.0003018 seconds, Stopping threads took: 0.0000881 seconds
[2019-06-24T10:12:00.228+0000][1][safepoint    ] Application time: 1.0002065 seconds
[2019-06-24T10:12:00.228+0000][1][safepoint    ] Entering safepoint region: Cleanup
[2019-06-24T10:12:00.228+0000][1][safepoint    ] Leaving safepoint region
[2019-06-24T10:12:00.228+0000][1][safepoint    ] Total time for which application threads were stopped: 0.0002998 seconds, Stopping threads took: 0.0000892 seconds
[2019-06-24T10:12:01.229+0000][1][safepoint    ] Application time: 1.0002646 seconds
[2019-06-24T10:12:01.229+0000][1][safepoint    ] Entering safepoint region: Cleanup
[2019-06-24T10:12:01.229+0000][1][safepoint    ] Leaving safepoint region
[2019-06-24T10:12:01.229+0000][1][safepoint    ] Total time for which application threads were stopped: 0.0003094 seconds, Stopping threads took: 0.0000907 seconds
[2019-06-24T10:12:02.229+0000][1][safepoint    ] Application time: 1.0002610 seconds
[2019-06-24T10:12:02.229+0000][1][safepoint    ] Entering safepoint region: Cleanup
[2019-06-24T10:12:02.230+0000][1][safepoint    ] Leaving safepoint region
[2019-06-24T10:12:02.230+0000][1][safepoint    ] Total time for which application threads were stopped: 0.0003082 seconds, Stopping threads took: 0.0000884 seconds
[2019-06-24T10:12:03.230+0000][1][safepoint    ] Application time: 1.0002460 seconds
[2019-06-24T10:12:03.230+0000][1][safepoint    ] Entering safepoint region: Cleanup
[2019-06-24T10:12:03.231+0000][1][safepoint    ] Leaving safepoint region
[2019-06-24T10:12:03.231+0000][1][safepoint    ] Total time for which application threads were stopped: 0.0011664 seconds, Stopping threads took: 0.0009071 seconds
[2019-06-24T10:12:04.232+0000][1][safepoint    ] Application time: 1.0002805 seconds
[2019-06-24T10:12:04.232+0000][1][safepoint    ] Entering safepoint region: Cleanup
[2019-06-24T10:12:04.232+0000][1][safepoint    ] Leaving safepoint region
[2019-06-24T10:12:04.232+0000][1][safepoint    ] Total time for which application threads were stopped: 0.0003073 seconds, Stopping threads took: 0.0000856 seconds
[2019-06-24T10:12:05.232+0000][1][safepoint    ] Application time: 1.0002291 seconds
[2019-06-24T10:12:05.232+0000][1][safepoint    ] Entering safepoint region: Cleanup
[2019-06-24T10:12:05.233+0000][1][safepoint    ] Leaving safepoint region
[2019-06-24T10:12:05.233+0000][1][safepoint    ] Total time for which application threads were stopped: 0.0002701 seconds, Stopping threads took: 0.0000791 seconds
[2019-06-24T10:12:06.233+0000][1][safepoint    ] Application time: 1.0002769 seconds
[2019-06-24T10:12:06.233+0000][1][safepoint    ] Entering safepoint region: Cleanup
[2019-06-24T10:12:06.233+0000][1][safepoint    ] Leaving safepoint region
[2019-06-24T10:12:06.233+0000][1][safepoint    ] Total time for which application threads were stopped: 0.0002600 seconds, Stopping threads took: 0.0000687 seconds
[2019-06-24T10:12:07.234+0000][1][safepoint    ] Application time: 1.0002030 seconds
[2019-06-24T10:12:07.234+0000][1][safepoint    ] Entering safepoint region: Cleanup
[2019-06-24T10:12:07.234+0000][1][safepoint    ] Leaving safepoint region
[2019-06-24T10:12:07.234+0000][1][safepoint    ] Total time for which application threads were stopped: 0.0002593 seconds, Stopping threads took: 0.0000698 seconds
[2019-06-24T10:12:08.234+0000][1][safepoint    ] Application time: 1.0003307 seconds
[2019-06-24T10:12:08.234+0000][1][safepoint    ] Entering safepoint region: Cleanup
[2019-06-24T10:12:08.235+0000][1][safepoint    ] Leaving safepoint region
[2019-06-24T10:12:08.235+0000][1][safepoint    ] Total time for which application threads were stopped: 0.0009420 seconds, Stopping threads took: 0.0008192 seconds
[2019-06-24T10:12:09.236+0000][1][safepoint    ] Application time: 1.0002170 seconds
[2019-06-24T10:12:09.236+0000][1][safepoint    ] Entering safepoint region: Cleanup
[2019-06-24T10:12:09.236+0000][1][safepoint    ] Leaving safepoint region
[2019-06-24T10:12:09.236+0000][1][safepoint    ] Total time for which application threads were stopped: 0.0002947 seconds, Stopping threads took: 0.0000878 seconds
[2019-06-24T10:12:10.236+0000][1][safepoint    ] Application time: 1.0002408 seconds
[2019-06-24T10:12:10.236+0000][1][safepoint    ] Entering safepoint region: Cleanup
[2019-06-24T10:12:10.237+0000][1][safepoint    ] Leaving safepoint region
[2019-06-24T10:12:10.237+0000][1][safepoint    ] Total time for which application threads were stopped: 0.0003237 seconds, Stopping threads took: 0.0001069 seconds
[2019-06-24T10:12:11.237+0000][1][safepoint    ] Application time: 1.0002419 seconds
[2019-06-24T10:12:11.237+0000][1][safepoint    ] Entering safepoint region: Cleanup
[2019-06-24T10:12:11.237+0000][1][safepoint    ] Leaving safepoint region
[2019-06-24T10:12:11.237+0000][1][safepoint    ] Total time for which application threads were stopped: 0.0002523 seconds, Stopping threads took: 0.0000803 seconds
[2019-06-24T10:12:12.238+0000][1][safepoint    ] Application time: 1.0002611 seconds
[2019-06-24T10:12:12.238+0000][1][safepoint    ] Entering safepoint region: Cleanup
[2019-06-24T10:12:12.238+0000][1][safepoint    ] Leaving safepoint region
[2019-06-24T10:12:12.238+0000][1][safepoint    ] Total time for which application threads were stopped: 0.0002496 seconds, Stopping threads took: 0.0000776 seconds
[2019-06-24T10:12:13.238+0000][1][safepoint    ] Application time: 1.0002185 seconds
[2019-06-24T10:12:13.238+0000][1][safepoint    ] Entering safepoint region: Cleanup
[2019-06-24T10:12:13.239+0000][1][safepoint    ] Leaving safepoint region
[2019-06-24T10:12:13.239+0000][1][safepoint    ] Total time for which application threads were stopped: 0.0003175 seconds, Stopping threads took: 0.0000696 seconds
[2019-06-24T10:12:14.239+0000][1][safepoint    ] Application time: 1.0001447 seconds
[2019-06-24T10:12:14.239+0000][1][safepoint    ] Entering safepoint region: Cleanup
[2019-06-24T10:12:14.239+0000][1][safepoint    ] Leaving safepoint region
[2019-06-24T10:12:14.239+0000][1][safepoint    ] Total time for which application threads were stopped: 0.0002390 seconds, Stopping threads took: 0.0000677 seconds
[2019-06-24T10:12:15.239+0000][1][safepoint    ] Application time: 1.0002570 seconds
[2019-06-24T10:12:15.240+0000][1][safepoint    ] Entering safepoint region: Cleanup
[2019-06-24T10:12:15.240+0000][1][safepoint    ] Leaving safepoint region
[2019-06-24T10:12:15.240+0000][1][safepoint    ] Total time for which application threads were stopped: 0.0002387 seconds, Stopping threads took: 0.0000656 seconds
[2019-06-24T10:12:16.240+0000][1][safepoint    ] Application time: 1.0002386 seconds
[2019-06-24T10:12:16.240+0000][1][safepoint    ] Entering safepoint region: Cleanup
[2019-06-24T10:12:16.240+0000][1][safepoint    ] Leaving safepoint region
[2019-06-24T10:12:16.240+0000][1][safepoint    ] Total time for which application threads were stopped: 0.0002138 seconds, Stopping threads took: 0.0000624 seconds
[2019-06-24T10:12:17.241+0000][1][safepoint    ] Application time: 1.0002268 seconds
[2019-06-24T10:12:17.241+0000][1][safepoint    ] Entering safepoint region: Cleanup
[2019-06-24T10:12:17.241+0000][1][safepoint    ] Leaving safepoint region
[2019-06-24T10:12:17.241+0000][1][safepoint    ] Total time for which application threads were stopped: 0.0002035 seconds, Stopping threads took: 0.0000509 seconds
[2019-06-24T10:12:18.241+0000][1][safepoint    ] Application time: 1.0002189 seconds
[2019-06-24T10:12:18.241+0000][1][safepoint    ] Entering safepoint region: Cleanup
[2019-06-24T10:12:18.242+0000][1][safepoint    ] Leaving safepoint region
[2019-06-24T10:12:18.242+0000][1][safepoint    ] Total time for which application threads were stopped: 0.0004510 seconds, Stopping threads took: 0.0001326 seconds
[2019-06-24T10:12:19.242+0000][1][safepoint    ] Application time: 1.0001691 seconds
[2019-06-24T10:12:19.242+0000][1][safepoint    ] Entering safepoint region: Cleanup
[2019-06-24T10:12:19.242+0000][1][safepoint    ] Leaving safepoint region
[2019-06-24T10:12:19.242+0000][1][safepoint    ] Total time for which application threads were stopped: 0.0002390 seconds, Stopping threads took: 0.0000719 seconds
[2019-06-24T10:12:20.243+0000][1][safepoint    ] Application time: 1.0001899 seconds
[2019-06-24T10:12:20.243+0000][1][safepoint    ] Entering safepoint region: Cleanup
[2019-06-24T10:12:20.243+0000][1][safepoint    ] Leaving safepoint region
[2019-06-24T10:12:20.243+0000][1][safepoint    ] Total time for which application threads were stopped: 0.0002332 seconds, Stopping threads took: 0.0000704 seconds
[2019-06-24T10:12:21.243+0000][1][safepoint    ] Application time: 1.0002732 seconds
[2019-06-24T10:12:21.243+0000][1][safepoint    ] Entering safepoint region: Cleanup
[2019-06-24T10:12:21.243+0000][1][safepoint    ] Leaving safepoint region
[2019-06-24T10:12:21.243+0000][1][safepoint    ] Total time for which application threads were stopped: 0.0001288 seconds, Stopping threads took: 0.0000501 seconds
[2019-06-24T10:12:22.244+0000][1][safepoint    ] Application time: 1.0002139 seconds
[2019-06-24T10:12:22.244+0000][1][safepoint    ] Entering safepoint region: Cleanup
[2019-06-24T10:12:22.244+0000][1][safepoint    ] Leaving safepoint region
[2019-06-24T10:12:22.244+0000][1][safepoint    ] Total time for which application threads were stopped: 0.0002772 seconds, Stopping threads took: 0.0001032 seconds
[2019-06-24T10:12:23.586+0000][1][safepoint    ] Application time: 1.3420234 seconds
[2019-06-24T10:12:23.586+0000][1][safepoint    ] Entering safepoint region: Cleanup
[2019-06-24T10:12:23.587+0000][1][safepoint    ] Leaving safepoint region
[2019-06-24T10:12:23.587+0000][1][safepoint    ] Total time for which application threads were stopped: 0.0005268 seconds, Stopping threads took: 0.0001681 seconds
[2019-06-24T10:12:24.587+0000][1][safepoint    ] Application time: 1.0001915 seconds
[2019-06-24T10:12:24.587+0000][1][safepoint    ] Entering safepoint region: Cleanup
[2019-06-24T10:12:24.587+0000][1][safepoint    ] Leaving safepoint region
[2019-06-24T10:12:24.588+0000][1][safepoint    ] Total time for which application threads were stopped: 0.0004620 seconds, Stopping threads took: 0.0002250 seconds
[2019-06-24T10:12:25.588+0000][1][safepoint    ] Application time: 1.0002533 seconds
[2019-06-24T10:12:25.588+0000][1][safepoint    ] Entering safepoint region: Cleanup
[2019-06-24T10:12:25.588+0000][1][safepoint    ] Leaving safepoint region
[2019-06-24T10:12:25.588+0000][1][safepoint    ] Total time for which application threads were stopped: 0.0002994 seconds, Stopping threads took: 0.0000862 seconds
[2019-06-24T10:12:26.589+0000][1][safepoint    ] Application time: 1.0002489 seconds
[2019-06-24T10:12:26.589+0000][1][safepoint    ] Entering safepoint region: Cleanup
[2019-06-24T10:12:26.589+0000][1][safepoint    ] Leaving safepoint region
[2019-06-24T10:12:26.589+0000][1][safepoint    ] Total time for which application threads were stopped: 0.0002644 seconds, Stopping threads took: 0.0000791 seconds
[2019-06-24T10:12:27.589+0000][1][safepoint    ] Application time: 1.0001578 seconds
[2019-06-24T10:12:27.589+0000][1][safepoint    ] Entering safepoint region: Cleanup
[2019-06-24T10:12:27.589+0000][1][safepoint    ] Leaving safepoint region
[2019-06-24T10:12:27.589+0000][1][safepoint    ] Total time for which application threads were stopped: 0.0001474 seconds, Stopping threads took: 0.0000343 seconds
[2019-06-24T10:12:28.590+0000][1][safepoint    ] Application time: 1.0002508 seconds
[2019-06-24T10:12:28.590+0000][1][safepoint    ] Entering safepoint region: Cleanup
[2019-06-24T10:12:28.590+0000][1][safepoint    ] Leaving safepoint region
[2019-06-24T10:12:28.590+0000][1][safepoint    ] Total time for which application threads were stopped: 0.0003128 seconds, Stopping threads took: 0.0000707 seconds
[2019-06-24T10:12:29.590+0000][1][safepoint    ] Application time: 1.0002724 seconds
[2019-06-24T10:12:29.591+0000][1][safepoint    ] Entering safepoint region: Cleanup
[2019-06-24T10:12:29.591+0000][1][safepoint    ] Leaving safepoint region
[2019-06-24T10:12:29.591+0000][1][safepoint    ] Total time for which application threads were stopped: 0.0003468 seconds, Stopping threads took: 0.0001485 seconds
[2019-06-24T10:12:30.591+0000][1][safepoint    ] Application time: 1.0002595 seconds
[2019-06-24T10:12:30.591+0000][1][safepoint    ] Entering safepoint region: Cleanup
[2019-06-24T10:12:30.591+0000][1][safepoint    ] Leaving safepoint region
[2019-06-24T10:12:30.591+0000][1][safepoint    ] Total time for which application threads were stopped: 0.0002975 seconds, Stopping threads took: 0.0000607 seconds
[2019-06-24T10:12:31.592+0000][1][safepoint    ] Application time: 1.0001651 seconds
[2019-06-24T10:12:31.592+0000][1][safepoint    ] Entering safepoint region: Cleanup
[2019-06-24T10:12:31.592+0000][1][safepoint    ] Leaving safepoint region
[2019-06-24T10:12:31.592+0000][1][safepoint    ] Total time for which application threads were stopped: 0.0003821 seconds, Stopping threads took: 0.0000954 seconds
[2019-06-24T10:12:32.593+0000][1][safepoint    ] Application time: 1.0002780 seconds
[2019-06-24T10:12:32.593+0000][1][safepoint    ] Entering safepoint region: Cleanup
[2019-06-24T10:12:32.593+0000][1][safepoint    ] Leaving safepoint region
[2019-06-24T10:12:32.593+0000][1][safepoint    ] Total time for which application threads were stopped: 0.0003089 seconds, Stopping threads took: 0.0000700 seconds
[2019-06-24T10:12:33.593+0000][1][safepoint    ] Application time: 1.0002770 seconds
[2019-06-24T10:12:33.593+0000][1][safepoint    ] Entering safepoint region: Cleanup
[2019-06-24T10:12:33.594+0000][1][safepoint    ] Leaving safepoint region
[2019-06-24T10:12:33.594+0000][1][safepoint    ] Total time for which application threads were stopped: 0.0003343 seconds, Stopping threads took: 0.0000692 seconds
[2019-06-24T10:12:34.594+0000][1][safepoint    ] Application time: 1.0002694 seconds
[2019-06-24T10:12:34.594+0000][1][safepoint    ] Entering safepoint region: Cleanup
[2019-06-24T10:12:34.594+0000][1][safepoint    ] Leaving safepoint region
[2019-06-24T10:12:34.594+0000][1][safepoint    ] Total time for which application threads were stopped: 0.0002677 seconds, Stopping threads took: 0.0000713 seconds
[2019-06-24T10:12:35.595+0000][1][safepoint    ] Application time: 1.0002375 seconds
[2019-06-24T10:12:35.595+0000][1][safepoint    ] Entering safepoint region: Cleanup
[2019-06-24T10:12:35.595+0000][1][safepoint    ] Leaving safepoint region
[2019-06-24T10:12:35.595+0000][1][safepoint    ] Total time for which application threads were stopped: 0.0002601 seconds, Stopping threads took: 0.0000698 seconds
[2019-06-24T10:12:36.595+0000][1][safepoint    ] Application time: 1.0002263 seconds
[2019-06-24T10:12:36.595+0000][1][safepoint    ] Entering safepoint region: Cleanup
[2019-06-24T10:12:36.596+0000][1][safepoint    ] Leaving safepoint region
[2019-06-24T10:12:36.596+0000][1][safepoint    ] Total time for which application threads were stopped: 0.0002680 seconds, Stopping threads took: 0.0000792 seconds
[2019-06-24T10:12:37.596+0000][1][safepoint    ] Application time: 1.0000987 seconds
[2019-06-24T10:12:37.596+0000][1][safepoint    ] Entering safepoint region: Cleanup
[2019-06-24T10:12:37.596+0000][1][safepoint    ] Leaving safepoint region
[2019-06-24T10:12:37.596+0000][1][safepoint    ] Total time for which application threads were stopped: 0.0000946 seconds, Stopping threads took: 0.0000263 seconds
[2019-06-24T10:12:38.596+0000][1][safepoint    ] Application time: 1.0000930 seconds
[2019-06-24T10:12:38.596+0000][1][safepoint    ] Entering safepoint region: Cleanup
[2019-06-24T10:12:38.596+0000][1][safepoint    ] Leaving safepoint region
[2019-06-24T10:12:38.596+0000][1][safepoint    ] Total time for which application threads were stopped: 0.0001540 seconds, Stopping threads took: 0.0000511 seconds
[2019-06-24T10:12:39.596+0000][1][safepoint    ] Application time: 1.0001056 seconds
[2019-06-24T10:12:39.596+0000][1][safepoint    ] Entering safepoint region: Cleanup
[2019-06-24T10:12:39.597+0000][1][safepoint    ] Leaving safepoint region
[2019-06-24T10:12:39.597+0000][1][safepoint    ] Total time for which application threads were stopped: 0.0002664 seconds, Stopping threads took: 0.0000700 seconds
[2019-06-24T10:12:40.321+0000][1][safepoint    ] Application time: 0.7238305 seconds
[2019-06-24T10:12:40.321+0000][1][safepoint    ] Entering safepoint region: RevokeBias
[2019-06-24T10:12:40.321+0000][1][safepoint    ] Leaving safepoint region
[2019-06-24T10:12:40.321+0000][1][safepoint    ] Total time for which application threads were stopped: 0.0001607 seconds, Stopping threads took: 0.0000351 seconds
[2019-06-24T10:12:40.325+0000][1][safepoint    ] Application time: 0.0040783 seconds
[2019-06-24T10:12:40.325+0000][1][safepoint    ] Entering safepoint region: RevokeBias
[2019-06-24T10:12:40.325+0000][1][safepoint    ] Leaving safepoint region
[2019-06-24T10:12:40.325+0000][1][safepoint    ] Total time for which application threads were stopped: 0.0003269 seconds, Stopping threads took: 0.0000580 seconds
[2019-06-24T10:12:41.325+0000][1][safepoint    ] Application time: 1.0001727 seconds
[2019-06-24T10:12:41.326+0000][1][safepoint    ] Entering safepoint region: Cleanup
[2019-06-24T10:12:41.326+0000][1][safepoint    ] Leaving safepoint region
[2019-06-24T10:12:41.326+0000][1][safepoint    ] Total time for which application threads were stopped: 0.0004132 seconds, Stopping threads took: 0.0000900 seconds
[2019-06-24T10:12:42.245+0000][1][safepoint    ] Application time: 0.9193955 seconds
[2019-06-24T10:12:42.246+0000][1][safepoint    ] Entering safepoint region: GenCollectForAllocation
[2019-06-24T10:12:42.246+0000][1][gc,start     ] GC(36) Pause Young (Allocation Failure)
[2019-06-24T10:12:42.246+0000][1][gc,task      ] GC(36) Using 5 workers of 8 for evacuation
[2019-06-24T10:12:42.248+0000][1][gc,age       ] GC(36) Desired survivor size 4456448 bytes, new threshold 6 (max threshold 6)
[2019-06-24T10:12:42.248+0000][1][gc,age       ] GC(36) Age table with threshold 6 (max threshold 6)
[2019-06-24T10:12:42.248+0000][1][gc,age       ] GC(36) - age   1:     116056 bytes,     116056 total
[2019-06-24T10:12:42.248+0000][1][gc,age       ] GC(36) - age   2:        792 bytes,     116848 total
[2019-06-24T10:12:42.248+0000][1][gc,age       ] GC(36) - age   3:       9048 bytes,     125896 total
[2019-06-24T10:12:42.248+0000][1][gc,age       ] GC(36) - age   4:       1080 bytes,     126976 total
[2019-06-24T10:12:42.248+0000][1][gc,age       ] GC(36) - age   5:     123144 bytes,     250120 total
[2019-06-24T10:12:42.248+0000][1][gc,age       ] GC(36) - age   6:       2728 bytes,     252848 total
[2019-06-24T10:12:42.248+0000][1][gc,heap      ] GC(36) ParNew: 70375K->256K(78656K)
[2019-06-24T10:12:42.248+0000][1][gc,heap      ] GC(36) CMS: 70097K->70212K(174784K)
[2019-06-24T10:12:42.248+0000][1][gc,metaspace ] GC(36) Metaspace: 70373K->70373K(1114112K)
[2019-06-24T10:12:42.248+0000][1][gc           ] GC(36) Pause Young (Allocation Failure) 137M->68M(247M) 2.471ms
[2019-06-24T10:12:42.248+0000][1][gc,cpu       ] GC(36) User=0.01s Sys=0.00s Real=0.00s
[2019-06-24T10:12:42.248+0000][1][safepoint    ] Leaving safepoint region
[2019-06-24T10:12:42.248+0000][1][safepoint    ] Total time for which application threads were stopped: 0.0028195 seconds, Stopping threads took: 0.0000788 seconds
[2019-06-24T10:12:43.249+0000][1][safepoint    ] Application time: 1.0001589 seconds
[2019-06-24T10:12:43.249+0000][1][safepoint    ] Entering safepoint region: Cleanup
[2019-06-24T10:12:43.249+0000][1][safepoint    ] Leaving safepoint region
[2019-06-24T10:12:43.249+0000][1][safepoint    ] Total time for which application threads were stopped: 0.0001704 seconds, Stopping threads took: 0.0000429 seconds
[2019-06-24T10:12:44.249+0000][1][safepoint    ] Application time: 1.0001875 seconds
[2019-06-24T10:12:44.249+0000][1][safepoint    ] Entering safepoint region: Cleanup
[2019-06-24T10:12:44.249+0000][1][safepoint    ] Leaving safepoint region
[2019-06-24T10:12:44.250+0000][1][safepoint    ] Total time for which application threads were stopped: 0.0003320 seconds, Stopping threads took: 0.0000969 seconds
[2019-06-24T10:12:45.250+0000][1][safepoint    ] Application time: 1.0001014 seconds
[2019-06-24T10:12:45.250+0000][1][safepoint    ] Entering safepoint region: Cleanup
[2019-06-24T10:12:45.250+0000][1][safepoint    ] Leaving safepoint region
[2019-06-24T10:12:45.250+0000][1][safepoint    ] Total time for which application threads were stopped: 0.0001228 seconds, Stopping threads took: 0.0000347 seconds
[2019-06-24T10:12:46.250+0000][1][safepoint    ] Application time: 1.0000929 seconds
[2019-06-24T10:12:46.250+0000][1][safepoint    ] Entering safepoint region: Cleanup
[2019-06-24T10:12:46.250+0000][1][safepoint    ] Leaving safepoint region
[2019-06-24T10:12:46.250+0000][1][safepoint    ] Total time for which application threads were stopped: 0.0001617 seconds, Stopping threads took: 0.0000381 seconds
[2019-06-24T10:12:47.250+0000][1][safepoint    ] Application time: 1.0001701 seconds
[2019-06-24T10:12:47.251+0000][1][safepoint    ] Entering safepoint region: Cleanup
[2019-06-24T10:12:47.251+0000][1][safepoint    ] Leaving safepoint region
[2019-06-24T10:12:47.251+0000][1][safepoint    ] Total time for which application threads were stopped: 0.0004039 seconds, Stopping threads took: 0.0001085 seconds
[2019-06-24T10:12:48.251+0000][1][safepoint    ] Application time: 1.0001014 seconds
[2019-06-24T10:12:48.251+0000][1][safepoint    ] Entering safepoint region: Cleanup
[2019-06-24T10:12:48.251+0000][1][safepoint    ] Leaving safepoint region
[2019-06-24T10:12:48.251+0000][1][safepoint    ] Total time for which application threads were stopped: 0.0001490 seconds, Stopping threads took: 0.0000368 seconds
[2019-06-24T10:12:49.214+0000][1][safepoint    ] Application time: 0.9631234 seconds
[2019-06-24T10:12:49.215+0000][1][safepoint    ] Entering safepoint region: RevokeBias
[2019-06-24T10:12:49.215+0000][1][safepoint    ] Leaving safepoint region
[2019-06-24T10:12:49.215+0000][1][safepoint    ] Total time for which application threads were stopped: 0.0002462 seconds, Stopping threads took: 0.0000811 seconds
[2019-06-24T10:12:49.357+0000][1][safepoint    ] Application time: 0.1418970 seconds
[2019-06-24T10:12:49.357+0000][1][safepoint    ] Entering safepoint region: RevokeBias
[2019-06-24T10:12:49.357+0000][1][safepoint    ] Leaving safepoint region
[2019-06-24T10:12:49.357+0000][1][safepoint    ] Total time for which application threads were stopped: 0.0001799 seconds, Stopping threads took: 0.0000418 seconds
[2019-06-24T10:12:49.360+0000][1][safepoint    ] Application time: 0.0028976 seconds
[2019-06-24T10:12:49.360+0000][1][safepoint    ] Entering safepoint region: RevokeBias
[2019-06-24T10:12:49.360+0000][1][safepoint    ] Leaving safepoint region
[2019-06-24T10:12:49.360+0000][1][safepoint    ] Total time for which application threads were stopped: 0.0002148 seconds, Stopping threads took: 0.0000391 seconds
[2019-06-24T10:12:49.375+0000][1][safepoint    ] Application time: 0.0154525 seconds
[2019-06-24T10:12:49.376+0000][1][safepoint    ] Entering safepoint region: RevokeBias
[2019-06-24T10:12:49.376+0000][1][safepoint    ] Leaving safepoint region
[2019-06-24T10:12:49.376+0000][1][safepoint    ] Total time for which application threads were stopped: 0.0001048 seconds, Stopping threads took: 0.0000238 seconds
[2019-06-24T10:12:49.381+0000][1][safepoint    ] Application time: 0.0052821 seconds
[2019-06-24T10:12:49.381+0000][1][safepoint    ] Entering safepoint region: RevokeBias
[2019-06-24T10:12:49.381+0000][1][safepoint    ] Leaving safepoint region
[2019-06-24T10:12:49.381+0000][1][safepoint    ] Total time for which application threads were stopped: 0.0001654 seconds, Stopping threads took: 0.0000411 seconds
[2019-06-24T10:12:49.388+0000][1][safepoint    ] Application time: 0.0064351 seconds
[2019-06-24T10:12:49.388+0000][1][safepoint    ] Entering safepoint region: RevokeBias
[2019-06-24T10:12:49.388+0000][1][safepoint    ] Leaving safepoint region
[2019-06-24T10:12:49.388+0000][1][safepoint    ] Total time for which application threads were stopped: 0.0001189 seconds, Stopping threads took: 0.0000253 seconds
[2019-06-24T10:12:49.388+0000][1][safepoint    ] Application time: 0.0006886 seconds
[2019-06-24T10:12:49.388+0000][1][safepoint    ] Entering safepoint region: RevokeBias
[2019-06-24T10:12:49.389+0000][1][safepoint    ] Leaving safepoint region
[2019-06-24T10:12:49.389+0000][1][safepoint    ] Total time for which application threads were stopped: 0.0001056 seconds, Stopping threads took: 0.0000223 seconds
[2019-06-24T10:12:49.392+0000][1][safepoint    ] Application time: 0.0030074 seconds
[2019-06-24T10:12:49.392+0000][1][safepoint    ] Entering safepoint region: RevokeBias
[2019-06-24T10:12:49.392+0000][1][safepoint    ] Leaving safepoint region
[2019-06-24T10:12:49.392+0000][1][safepoint    ] Total time for which application threads were stopped: 0.0001568 seconds, Stopping threads took: 0.0000344 seconds
[2019-06-24T10:12:49.393+0000][1][safepoint    ] Application time: 0.0014044 seconds
[2019-06-24T10:12:49.393+0000][1][safepoint    ] Entering safepoint region: RevokeBias
[2019-06-24T10:12:49.393+0000][1][safepoint    ] Leaving safepoint region
[2019-06-24T10:12:49.393+0000][1][safepoint    ] Total time for which application threads were stopped: 0.0001761 seconds, Stopping threads took: 0.0000450 seconds
[2019-06-24T10:12:49.396+0000][1][safepoint    ] Application time: 0.0022216 seconds
[2019-06-24T10:12:49.396+0000][1][safepoint    ] Entering safepoint region: RevokeBias
[2019-06-24T10:12:49.396+0000][1][safepoint    ] Leaving safepoint region
[2019-06-24T10:12:49.396+0000][1][safepoint    ] Total time for which application threads were stopped: 0.0003023 seconds, Stopping threads took: 0.0000640 seconds
[2019-06-24T10:12:49.416+0000][1][safepoint    ] Application time: 0.0195402 seconds
[2019-06-24T10:12:49.416+0000][1][safepoint    ] Entering safepoint region: RevokeBias
[2019-06-24T10:12:49.416+0000][1][safepoint    ] Leaving safepoint region
[2019-06-24T10:12:49.416+0000][1][safepoint    ] Total time for which application threads were stopped: 0.0002152 seconds, Stopping threads took: 0.0000697 seconds
[2019-06-24T10:12:49.416+0000][1][safepoint    ] Application time: 0.0004035 seconds
[2019-06-24T10:12:49.416+0000][1][safepoint    ] Entering safepoint region: RevokeBias
[2019-06-24T10:12:49.417+0000][1][safepoint    ] Leaving safepoint region
[2019-06-24T10:12:49.417+0000][1][safepoint    ] Total time for which application threads were stopped: 0.0007541 seconds, Stopping threads took: 0.0001322 seconds
[2019-06-24T10:12:49.418+0000][1][safepoint    ] Application time: 0.0009781 seconds
[2019-06-24T10:12:49.418+0000][1][safepoint    ] Entering safepoint region: RevokeBias
[2019-06-24T10:12:49.418+0000][1][safepoint    ] Leaving safepoint region
[2019-06-24T10:12:49.419+0000][1][safepoint    ] Total time for which application threads were stopped: 0.0003927 seconds, Stopping threads took: 0.0000949 seconds
[2019-06-24T10:12:49.419+0000][1][safepoint    ] Application time: 0.0009432 seconds
[2019-06-24T10:12:49.420+0000][1][safepoint    ] Entering safepoint region: RevokeBias
[2019-06-24T10:12:49.420+0000][1][safepoint    ] Leaving safepoint region
[2019-06-24T10:12:49.420+0000][1][safepoint    ] Total time for which application threads were stopped: 0.0003060 seconds, Stopping threads took: 0.0001184 seconds
[2019-06-24T10:12:49.421+0000][1][safepoint    ] Application time: 0.0006970 seconds
[2019-06-24T10:12:49.421+0000][1][safepoint    ] Entering safepoint region: RevokeBias
[2019-06-24T10:12:49.421+0000][1][safepoint    ] Leaving safepoint region
[2019-06-24T10:12:49.421+0000][1][safepoint    ] Total time for which application threads were stopped: 0.0002803 seconds, Stopping threads took: 0.0000910 seconds
[2019-06-24T10:12:49.421+0000][1][safepoint    ] Application time: 0.0002474 seconds
[2019-06-24T10:12:49.421+0000][1][safepoint    ] Entering safepoint region: RevokeBias
[2019-06-24T10:12:49.421+0000][1][safepoint    ] Leaving safepoint region
[2019-06-24T10:12:49.421+0000][1][safepoint    ] Total time for which application threads were stopped: 0.0002813 seconds, Stopping threads took: 0.0000971 seconds
[2019-06-24T10:12:49.422+0000][1][safepoint    ] Application time: 0.0001269 seconds
[2019-06-24T10:12:49.422+0000][1][safepoint    ] Entering safepoint region: BulkRevokeBias
[2019-06-24T10:12:49.423+0000][1][safepoint    ] Leaving safepoint region
[2019-06-24T10:12:49.423+0000][1][safepoint    ] Total time for which application threads were stopped: 0.0009840 seconds, Stopping threads took: 0.0000755 seconds
[2019-06-24T10:12:49.424+0000][1][safepoint    ] Application time: 0.0011433 seconds
[2019-06-24T10:12:49.424+0000][1][safepoint    ] Entering safepoint region: RevokeBias
[2019-06-24T10:12:49.424+0000][1][safepoint    ] Leaving safepoint region
[2019-06-24T10:12:49.424+0000][1][safepoint    ] Total time for which application threads were stopped: 0.0006468 seconds, Stopping threads took: 0.0000347 seconds
[2019-06-24T10:12:50.425+0000][1][safepoint    ] Application time: 1.0001307 seconds
[2019-06-24T10:12:50.425+0000][1][safepoint    ] Entering safepoint region: Cleanup
[2019-06-24T10:12:50.425+0000][1][safepoint    ] Leaving safepoint region
[2019-06-24T10:12:50.425+0000][1][safepoint    ] Total time for which application threads were stopped: 0.0001150 seconds, Stopping threads took: 0.0000264 seconds
[2019-06-24T10:12:50.456+0000][1][safepoint    ] Application time: 0.0313715 seconds
[2019-06-24T10:12:50.456+0000][1][safepoint    ] Entering safepoint region: RevokeBias
[2019-06-24T10:12:50.456+0000][1][safepoint    ] Leaving safepoint region
[2019-06-24T10:12:50.456+0000][1][safepoint    ] Total time for which application threads were stopped: 0.0001459 seconds, Stopping threads took: 0.0000515 seconds
[2019-06-24T10:12:51.457+0000][1][safepoint    ] Application time: 1.0001450 seconds
[2019-06-24T10:12:51.457+0000][1][safepoint    ] Entering safepoint region: Cleanup
[2019-06-24T10:12:51.457+0000][1][safepoint    ] Leaving safepoint region
[2019-06-24T10:12:51.457+0000][1][safepoint    ] Total time for which application threads were stopped: 0.0001176 seconds, Stopping threads took: 0.0000276 seconds
[2019-06-24T10:12:52.457+0000][1][safepoint    ] Application time: 1.0002435 seconds
[2019-06-24T10:12:52.457+0000][1][safepoint    ] Entering safepoint region: Cleanup
[2019-06-24T10:12:52.457+0000][1][safepoint    ] Leaving safepoint region
[2019-06-24T10:12:52.457+0000][1][safepoint    ] Total time for which application threads were stopped: 0.0002708 seconds, Stopping threads took: 0.0000699 seconds
[2019-06-24T10:12:53.458+0000][1][safepoint    ] Application time: 1.0002426 seconds
[2019-06-24T10:12:53.458+0000][1][safepoint    ] Entering safepoint region: Cleanup
[2019-06-24T10:12:53.458+0000][1][safepoint    ] Leaving safepoint region
[2019-06-24T10:12:53.458+0000][1][safepoint    ] Total time for which application threads were stopped: 0.0003216 seconds, Stopping threads took: 0.0000691 seconds
[2019-06-24T10:12:54.458+0000][1][safepoint    ] Application time: 1.0002462 seconds
[2019-06-24T10:12:54.458+0000][1][safepoint    ] Entering safepoint region: Cleanup
[2019-06-24T10:12:54.459+0000][1][safepoint    ] Leaving safepoint region
[2019-06-24T10:12:54.459+0000][1][safepoint    ] Total time for which application threads were stopped: 0.0003252 seconds, Stopping threads took: 0.0001395 seconds
[2019-06-24T10:12:55.459+0000][1][safepoint    ] Application time: 1.0001791 seconds
[2019-06-24T10:12:55.459+0000][1][safepoint    ] Entering safepoint region: Cleanup
[2019-06-24T10:12:55.459+0000][1][safepoint    ] Leaving safepoint region
[2019-06-24T10:12:55.459+0000][1][safepoint    ] Total time for which application threads were stopped: 0.0002764 seconds, Stopping threads took: 0.0000843 seconds
[2019-06-24T10:12:56.460+0000][1][safepoint    ] Application time: 1.0002512 seconds
[2019-06-24T10:12:56.460+0000][1][safepoint    ] Entering safepoint region: Cleanup
[2019-06-24T10:12:56.460+0000][1][safepoint    ] Leaving safepoint region
[2019-06-24T10:12:56.460+0000][1][safepoint    ] Total time for which application threads were stopped: 0.0000954 seconds, Stopping threads took: 0.0000242 seconds
[2019-06-24T10:12:57.460+0000][1][safepoint    ] Application time: 1.0001691 seconds
[2019-06-24T10:12:57.460+0000][1][safepoint    ] Entering safepoint region: Cleanup
[2019-06-24T10:12:57.460+0000][1][safepoint    ] Leaving safepoint region
[2019-06-24T10:12:57.460+0000][1][safepoint    ] Total time for which application threads were stopped: 0.0002911 seconds, Stopping threads took: 0.0000971 seconds
[2019-06-24T10:12:58.461+0000][1][safepoint    ] Application time: 1.0001368 seconds
[2019-06-24T10:12:58.461+0000][1][safepoint    ] Entering safepoint region: Cleanup
[2019-06-24T10:12:58.461+0000][1][safepoint    ] Leaving safepoint region
[2019-06-24T10:12:58.461+0000][1][safepoint    ] Total time for which application threads were stopped: 0.0003682 seconds, Stopping threads took: 0.0001073 seconds
[2019-06-24T10:12:59.461+0000][1][safepoint    ] Application time: 1.0001920 seconds
[2019-06-24T10:12:59.461+0000][1][safepoint    ] Entering safepoint region: Cleanup
[2019-06-24T10:12:59.462+0000][1][safepoint    ] Leaving safepoint region
[2019-06-24T10:12:59.462+0000][1][safepoint    ] Total time for which application threads were stopped: 0.0002655 seconds, Stopping threads took: 0.0000711 seconds
[2019-06-24T10:13:00.462+0000][1][safepoint    ] Application time: 1.0002000 seconds
[2019-06-24T10:13:00.462+0000][1][safepoint    ] Entering safepoint region: Cleanup
[2019-06-24T10:13:00.462+0000][1][safepoint    ] Leaving safepoint region
[2019-06-24T10:13:00.462+0000][1][safepoint    ] Total time for which application threads were stopped: 0.0002666 seconds, Stopping threads took: 0.0000706 seconds
[2019-06-24T10:13:01.462+0000][1][safepoint    ] Application time: 1.0001954 seconds
[2019-06-24T10:13:01.463+0000][1][safepoint    ] Entering safepoint region: Cleanup
[2019-06-24T10:13:01.463+0000][1][safepoint    ] Leaving safepoint region
[2019-06-24T10:13:01.463+0000][1][safepoint    ] Total time for which application threads were stopped: 0.0002552 seconds, Stopping threads took: 0.0000691 seconds
[2019-06-24T10:13:02.463+0000][1][safepoint    ] Application time: 1.0002115 seconds
[2019-06-24T10:13:02.463+0000][1][safepoint    ] Entering safepoint region: Cleanup
[2019-06-24T10:13:02.463+0000][1][safepoint    ] Leaving safepoint region
[2019-06-24T10:13:02.463+0000][1][safepoint    ] Total time for which application threads were stopped: 0.0002588 seconds, Stopping threads took: 0.0000695 seconds
[2019-06-24T10:13:03.464+0000][1][safepoint    ] Application time: 1.0001434 seconds
[2019-06-24T10:13:03.464+0000][1][safepoint    ] Entering safepoint region: Cleanup
[2019-06-24T10:13:03.464+0000][1][safepoint    ] Leaving safepoint region
[2019-06-24T10:13:03.464+0000][1][safepoint    ] Total time for which application threads were stopped: 0.0003009 seconds, Stopping threads took: 0.0000793 seconds
[2019-06-24T10:13:04.464+0000][1][safepoint    ] Application time: 1.0001803 seconds
[2019-06-24T10:13:04.464+0000][1][safepoint    ] Entering safepoint region: Cleanup
[2019-06-24T10:13:04.465+0000][1][safepoint    ] Leaving safepoint region
[2019-06-24T10:13:04.465+0000][1][safepoint    ] Total time for which application threads were stopped: 0.0002620 seconds, Stopping threads took: 0.0000698 seconds
[2019-06-24T10:13:05.465+0000][1][safepoint    ] Application time: 1.0001358 seconds
[2019-06-24T10:13:05.465+0000][1][safepoint    ] Entering safepoint region: Cleanup
[2019-06-24T10:13:05.465+0000][1][safepoint    ] Leaving safepoint region
[2019-06-24T10:13:05.465+0000][1][safepoint    ] Total time for which application threads were stopped: 0.0000964 seconds, Stopping threads took: 0.0000260 seconds
[2019-06-24T10:13:06.465+0000][1][safepoint    ] Application time: 1.0002722 seconds
[2019-06-24T10:13:06.465+0000][1][safepoint    ] Entering safepoint region: Cleanup
[2019-06-24T10:13:06.465+0000][1][safepoint    ] Leaving safepoint region
[2019-06-24T10:13:06.465+0000][1][safepoint    ] Total time for which application threads were stopped: 0.0001165 seconds, Stopping threads took: 0.0000332 seconds
[2019-06-24T10:13:07.466+0000][1][safepoint    ] Application time: 1.0001859 seconds
[2019-06-24T10:13:07.466+0000][1][safepoint    ] Entering safepoint region: Cleanup
[2019-06-24T10:13:07.466+0000][1][safepoint    ] Leaving safepoint region
[2019-06-24T10:13:07.466+0000][1][safepoint    ] Total time for which application threads were stopped: 0.0002963 seconds, Stopping threads took: 0.0000947 seconds
[2019-06-24T10:13:08.466+0000][1][safepoint    ] Application time: 1.0001813 seconds
[2019-06-24T10:13:08.466+0000][1][safepoint    ] Entering safepoint region: Cleanup
[2019-06-24T10:13:08.467+0000][1][safepoint    ] Leaving safepoint region
[2019-06-24T10:13:08.467+0000][1][safepoint    ] Total time for which application threads were stopped: 0.0003744 seconds, Stopping threads took: 0.0000859 seconds
[2019-06-24T10:13:09.467+0000][1][safepoint    ] Application time: 1.0001713 seconds
[2019-06-24T10:13:09.467+0000][1][safepoint    ] Entering safepoint region: Cleanup
[2019-06-24T10:13:09.467+0000][1][safepoint    ] Leaving safepoint region
[2019-06-24T10:13:09.467+0000][1][safepoint    ] Total time for which application threads were stopped: 0.0002954 seconds, Stopping threads took: 0.0000688 seconds
[2019-06-24T10:13:10.468+0000][1][safepoint    ] Application time: 1.0002489 seconds
[2019-06-24T10:13:10.468+0000][1][safepoint    ] Entering safepoint region: Cleanup
[2019-06-24T10:13:10.468+0000][1][safepoint    ] Leaving safepoint region
[2019-06-24T10:13:10.468+0000][1][safepoint    ] Total time for which application threads were stopped: 0.0004077 seconds, Stopping threads took: 0.0000887 seconds
[2019-06-24T10:13:11.468+0000][1][safepoint    ] Application time: 1.0001674 seconds
[2019-06-24T10:13:11.468+0000][1][safepoint    ] Entering safepoint region: Cleanup
[2019-06-24T10:13:11.469+0000][1][safepoint    ] Leaving safepoint region
[2019-06-24T10:13:11.469+0000][1][safepoint    ] Total time for which application threads were stopped: 0.0003210 seconds, Stopping threads took: 0.0000764 seconds
[2019-06-24T10:13:12.469+0000][1][safepoint    ] Application time: 1.0002971 seconds
[2019-06-24T10:13:12.469+0000][1][safepoint    ] Entering safepoint region: Cleanup
[2019-06-24T10:13:12.469+0000][1][safepoint    ] Leaving safepoint region
[2019-06-24T10:13:12.469+0000][1][safepoint    ] Total time for which application threads were stopped: 0.0001236 seconds, Stopping threads took: 0.0000383 seconds
[2019-06-24T10:13:13.469+0000][1][safepoint    ] Application time: 1.0001767 seconds
[2019-06-24T10:13:13.470+0000][1][safepoint    ] Entering safepoint region: Cleanup
[2019-06-24T10:13:13.470+0000][1][safepoint    ] Leaving safepoint region
[2019-06-24T10:13:13.470+0000][1][safepoint    ] Total time for which application threads were stopped: 0.0003155 seconds, Stopping threads took: 0.0000701 seconds
[2019-06-24T10:13:14.470+0000][1][safepoint    ] Application time: 1.0002022 seconds
[2019-06-24T10:13:14.470+0000][1][safepoint    ] Entering safepoint region: Cleanup
[2019-06-24T10:13:14.470+0000][1][safepoint    ] Leaving safepoint region
[2019-06-24T10:13:14.470+0000][1][safepoint    ] Total time for which application threads were stopped: 0.0002362 seconds, Stopping threads took: 0.0000464 seconds
[2019-06-24T10:13:15.471+0000][1][safepoint    ] Application time: 1.0001658 seconds
[2019-06-24T10:13:15.471+0000][1][safepoint    ] Entering safepoint region: Cleanup
[2019-06-24T10:13:15.471+0000][1][safepoint    ] Leaving safepoint region
[2019-06-24T10:13:15.471+0000][1][safepoint    ] Total time for which application threads were stopped: 0.0001064 seconds, Stopping threads took: 0.0000264 seconds
[2019-06-24T10:13:16.471+0000][1][safepoint    ] Application time: 1.0001192 seconds
[2019-06-24T10:13:16.471+0000][1][safepoint    ] Entering safepoint region: Cleanup
[2019-06-24T10:13:16.471+0000][1][safepoint    ] Leaving safepoint region
[2019-06-24T10:13:16.471+0000][1][safepoint    ] Total time for which application threads were stopped: 0.0003641 seconds, Stopping threads took: 0.0000692 seconds
[2019-06-24T10:13:17.225+0000][1][safepoint    ] Application time: 0.7533655 seconds
[2019-06-24T10:13:17.225+0000][1][safepoint    ] Entering safepoint region: RevokeBias
[2019-06-24T10:13:17.226+0000][1][safepoint    ] Leaving safepoint region
[2019-06-24T10:13:17.226+0000][1][safepoint    ] Total time for which application threads were stopped: 0.0005443 seconds, Stopping threads took: 0.0002940 seconds
[2019-06-24T10:13:18.226+0000][1][safepoint    ] Application time: 1.0001688 seconds
[2019-06-24T10:13:18.226+0000][1][safepoint    ] Entering safepoint region: Cleanup
[2019-06-24T10:13:18.226+0000][1][safepoint    ] Leaving safepoint region
[2019-06-24T10:13:18.226+0000][1][safepoint    ] Total time for which application threads were stopped: 0.0001785 seconds, Stopping threads took: 0.0000431 seconds
[2019-06-24T10:13:19.226+0000][1][safepoint    ] Application time: 1.0001736 seconds
[2019-06-24T10:13:19.226+0000][1][safepoint    ] Entering safepoint region: Cleanup
[2019-06-24T10:13:19.227+0000][1][safepoint    ] Leaving safepoint region
[2019-06-24T10:13:19.227+0000][1][safepoint    ] Total time for which application threads were stopped: 0.0003769 seconds, Stopping threads took: 0.0000708 seconds
[2019-06-24T10:13:20.227+0000][1][safepoint    ] Application time: 1.0003210 seconds
[2019-06-24T10:13:20.227+0000][1][safepoint    ] Entering safepoint region: Cleanup
[2019-06-24T10:13:20.227+0000][1][safepoint    ] Leaving safepoint region
[2019-06-24T10:13:20.227+0000][1][safepoint    ] Total time for which application threads were stopped: 0.0003019 seconds, Stopping threads took: 0.0000706 seconds
[2019-06-24T10:13:21.228+0000][1][safepoint    ] Application time: 1.0002204 seconds
[2019-06-24T10:13:21.228+0000][1][safepoint    ] Entering safepoint region: Cleanup
[2019-06-24T10:13:21.228+0000][1][safepoint    ] Leaving safepoint region
[2019-06-24T10:13:21.228+0000][1][safepoint    ] Total time for which application threads were stopped: 0.0002868 seconds, Stopping threads took: 0.0000740 seconds
[2019-06-24T10:13:22.228+0000][1][safepoint    ] Application time: 1.0002660 seconds
[2019-06-24T10:13:22.229+0000][1][safepoint    ] Entering safepoint region: Cleanup
[2019-06-24T10:13:22.229+0000][1][safepoint    ] Leaving safepoint region
[2019-06-24T10:13:22.229+0000][1][safepoint    ] Total time for which application threads were stopped: 0.0003247 seconds, Stopping threads took: 0.0000734 seconds
[2019-06-24T10:13:23.229+0000][1][safepoint    ] Application time: 1.0002688 seconds
[2019-06-24T10:13:23.229+0000][1][safepoint    ] Entering safepoint region: Cleanup
[2019-06-24T10:13:23.230+0000][1][safepoint    ] Leaving safepoint region
[2019-06-24T10:13:23.230+0000][1][safepoint    ] Total time for which application threads were stopped: 0.0005269 seconds, Stopping threads took: 0.0002144 seconds
[2019-06-24T10:13:24.230+0000][1][safepoint    ] Application time: 1.0002764 seconds
[2019-06-24T10:13:24.230+0000][1][safepoint    ] Entering safepoint region: Cleanup
[2019-06-24T10:13:24.231+0000][1][safepoint    ] Leaving safepoint region
[2019-06-24T10:13:24.231+0000][1][safepoint    ] Total time for which application threads were stopped: 0.0004309 seconds, Stopping threads took: 0.0000760 seconds
[2019-06-24T10:13:25.231+0000][1][safepoint    ] Application time: 1.0002915 seconds
[2019-06-24T10:13:25.231+0000][1][safepoint    ] Entering safepoint region: Cleanup
[2019-06-24T10:13:25.231+0000][1][safepoint    ] Leaving safepoint region
[2019-06-24T10:13:25.231+0000][1][safepoint    ] Total time for which application threads were stopped: 0.0002822 seconds, Stopping threads took: 0.0000740 seconds
[2019-06-24T10:13:26.232+0000][1][safepoint    ] Application time: 1.0002717 seconds
[2019-06-24T10:13:26.232+0000][1][safepoint    ] Entering safepoint region: Cleanup
[2019-06-24T10:13:26.232+0000][1][safepoint    ] Leaving safepoint region
[2019-06-24T10:13:26.232+0000][1][safepoint    ] Total time for which application threads were stopped: 0.0002764 seconds, Stopping threads took: 0.0000717 seconds
[2019-06-24T10:13:27.232+0000][1][safepoint    ] Application time: 1.0002515 seconds
[2019-06-24T10:13:27.233+0000][1][safepoint    ] Entering safepoint region: Cleanup
[2019-06-24T10:13:27.233+0000][1][safepoint    ] Leaving safepoint region
[2019-06-24T10:13:27.233+0000][1][safepoint    ] Total time for which application threads were stopped: 0.0002416 seconds, Stopping threads took: 0.0000634 seconds
[2019-06-24T10:13:28.233+0000][1][safepoint    ] Application time: 1.0003236 seconds
[2019-06-24T10:13:28.233+0000][1][safepoint    ] Entering safepoint region: Cleanup
[2019-06-24T10:13:28.233+0000][1][safepoint    ] Leaving safepoint region
[2019-06-24T10:13:28.233+0000][1][safepoint    ] Total time for which application threads were stopped: 0.0001257 seconds, Stopping threads took: 0.0000289 seconds
[2019-06-24T10:13:29.234+0000][1][safepoint    ] Application time: 1.0002443 seconds
[2019-06-24T10:13:29.234+0000][1][safepoint    ] Entering safepoint region: Cleanup
[2019-06-24T10:13:29.234+0000][1][safepoint    ] Leaving safepoint region
[2019-06-24T10:13:29.234+0000][1][safepoint    ] Total time for which application threads were stopped: 0.0003288 seconds, Stopping threads took: 0.0000729 seconds
[2019-06-24T10:13:29.418+0000][1][safepoint    ] Application time: 0.1839511 seconds
[2019-06-24T10:13:29.418+0000][1][safepoint    ] Entering safepoint region: GenCollectForAllocation
[2019-06-24T10:13:29.419+0000][1][gc,start     ] GC(37) Pause Young (Allocation Failure)
[2019-06-24T10:13:29.419+0000][1][gc,task      ] GC(37) Using 5 workers of 8 for evacuation
[2019-06-24T10:13:29.422+0000][1][gc,age       ] GC(37) Desired survivor size 4456448 bytes, new threshold 6 (max threshold 6)
[2019-06-24T10:13:29.422+0000][1][gc,age       ] GC(37) Age table with threshold 6 (max threshold 6)
[2019-06-24T10:13:29.422+0000][1][gc,age       ] GC(37) - age   1:     147472 bytes,     147472 total
[2019-06-24T10:13:29.422+0000][1][gc,age       ] GC(37) - age   2:      79280 bytes,     226752 total
[2019-06-24T10:13:29.422+0000][1][gc,age       ] GC(37) - age   3:        760 bytes,     227512 total
[2019-06-24T10:13:29.422+0000][1][gc,age       ] GC(37) - age   4:       9048 bytes,     236560 total
[2019-06-24T10:13:29.422+0000][1][gc,age       ] GC(37) - age   5:       1080 bytes,     237640 total
[2019-06-24T10:13:29.422+0000][1][gc,age       ] GC(37) - age   6:     120000 bytes,     357640 total
[2019-06-24T10:13:29.422+0000][1][gc,heap      ] GC(37) ParNew: 70208K->467K(78656K)
[2019-06-24T10:13:29.422+0000][1][gc,heap      ] GC(37) CMS: 70212K->70214K(174784K)
[2019-06-24T10:13:29.422+0000][1][gc,metaspace ] GC(37) Metaspace: 70507K->70507K(1114112K)
[2019-06-24T10:13:29.422+0000][1][gc           ] GC(37) Pause Young (Allocation Failure) 137M->69M(247M) 3.407ms
[2019-06-24T10:13:29.422+0000][1][gc,cpu       ] GC(37) User=0.01s Sys=0.00s Real=0.00s
[2019-06-24T10:13:29.422+0000][1][safepoint    ] Leaving safepoint region
[2019-06-24T10:13:29.422+0000][1][safepoint    ] Total time for which application threads were stopped: 0.0039687 seconds, Stopping threads took: 0.0000695 seconds
[2019-06-24T10:13:30.422+0000][1][safepoint    ] Application time: 1.0002823 seconds
[2019-06-24T10:13:30.423+0000][1][safepoint    ] Entering safepoint region: Cleanup
[2019-06-24T10:13:30.423+0000][1][safepoint    ] Leaving safepoint region
[2019-06-24T10:13:30.423+0000][1][safepoint    ] Total time for which application threads were stopped: 0.0002745 seconds, Stopping threads took: 0.0000773 seconds
[2019-06-24T10:13:31.423+0000][1][safepoint    ] Application time: 1.0001613 seconds
[2019-06-24T10:13:31.423+0000][1][safepoint    ] Entering safepoint region: Cleanup
[2019-06-24T10:13:31.423+0000][1][safepoint    ] Leaving safepoint region
[2019-06-24T10:13:31.423+0000][1][safepoint    ] Total time for which application threads were stopped: 0.0002424 seconds, Stopping threads took: 0.0000846 seconds
[2019-06-24T10:13:32.424+0000][1][safepoint    ] Application time: 1.0002310 seconds
[2019-06-24T10:13:32.424+0000][1][safepoint    ] Entering safepoint region: Cleanup
[2019-06-24T10:13:32.424+0000][1][safepoint    ] Leaving safepoint region
[2019-06-24T10:13:32.424+0000][1][safepoint    ] Total time for which application threads were stopped: 0.0002612 seconds, Stopping threads took: 0.0000693 seconds
[2019-06-24T10:13:33.424+0000][1][safepoint    ] Application time: 1.0002526 seconds
[2019-06-24T10:13:33.424+0000][1][safepoint    ] Entering safepoint region: Cleanup
[2019-06-24T10:13:33.425+0000][1][safepoint    ] Leaving safepoint region
[2019-06-24T10:13:33.425+0000][1][safepoint    ] Total time for which application threads were stopped: 0.0003038 seconds, Stopping threads took: 0.0001053 seconds
[2019-06-24T10:13:34.425+0000][1][safepoint    ] Application time: 1.0001915 seconds
[2019-06-24T10:13:34.425+0000][1][safepoint    ] Entering safepoint region: Cleanup
[2019-06-24T10:13:34.425+0000][1][safepoint    ] Leaving safepoint region
[2019-06-24T10:13:34.425+0000][1][safepoint    ] Total time for which application threads were stopped: 0.0001389 seconds, Stopping threads took: 0.0000535 seconds
[2019-06-24T10:13:35.425+0000][1][safepoint    ] Application time: 1.0002530 seconds
[2019-06-24T10:13:35.426+0000][1][safepoint    ] Entering safepoint region: Cleanup
[2019-06-24T10:13:35.426+0000][1][safepoint    ] Leaving safepoint region
[2019-06-24T10:13:35.426+0000][1][safepoint    ] Total time for which application threads were stopped: 0.0002884 seconds, Stopping threads took: 0.0000755 seconds
[2019-06-24T10:13:36.426+0000][1][safepoint    ] Application time: 1.0002569 seconds
[2019-06-24T10:13:36.426+0000][1][safepoint    ] Entering safepoint region: Cleanup
[2019-06-24T10:13:36.427+0000][1][safepoint    ] Leaving safepoint region
[2019-06-24T10:13:36.427+0000][1][safepoint    ] Total time for which application threads were stopped: 0.0003905 seconds, Stopping threads took: 0.0001099 seconds
[2019-06-24T10:13:37.427+0000][1][safepoint    ] Application time: 1.0001201 seconds
[2019-06-24T10:13:37.427+0000][1][safepoint    ] Entering safepoint region: Cleanup
[2019-06-24T10:13:37.427+0000][1][safepoint    ] Leaving safepoint region
[2019-06-24T10:13:37.427+0000][1][safepoint    ] Total time for which application threads were stopped: 0.0001862 seconds, Stopping threads took: 0.0000666 seconds
[2019-06-24T10:13:38.427+0000][1][safepoint    ] Application time: 1.0002167 seconds
[2019-06-24T10:13:38.427+0000][1][safepoint    ] Entering safepoint region: Cleanup
[2019-06-24T10:13:38.428+0000][1][safepoint    ] Leaving safepoint region
[2019-06-24T10:13:38.428+0000][1][safepoint    ] Total time for which application threads were stopped: 0.0002810 seconds, Stopping threads took: 0.0000857 seconds
[2019-06-24T10:13:39.428+0000][1][safepoint    ] Application time: 1.0002135 seconds
[2019-06-24T10:13:39.428+0000][1][safepoint    ] Entering safepoint region: Cleanup
[2019-06-24T10:13:39.428+0000][1][safepoint    ] Leaving safepoint region
[2019-06-24T10:13:39.428+0000][1][safepoint    ] Total time for which application threads were stopped: 0.0004347 seconds, Stopping threads took: 0.0002164 seconds
[2019-06-24T10:13:40.429+0000][1][safepoint    ] Application time: 1.0003409 seconds
[2019-06-24T10:13:40.429+0000][1][safepoint    ] Entering safepoint region: Cleanup
[2019-06-24T10:13:40.429+0000][1][safepoint    ] Leaving safepoint region
[2019-06-24T10:13:40.429+0000][1][safepoint    ] Total time for which application threads were stopped: 0.0001131 seconds, Stopping threads took: 0.0000295 seconds
[2019-06-24T10:13:41.429+0000][1][safepoint    ] Application time: 1.0001362 seconds
[2019-06-24T10:13:41.429+0000][1][safepoint    ] Entering safepoint region: Cleanup
[2019-06-24T10:13:41.430+0000][1][safepoint    ] Leaving safepoint region
[2019-06-24T10:13:41.430+0000][1][safepoint    ] Total time for which application threads were stopped: 0.0003291 seconds, Stopping threads took: 0.0001186 seconds
[2019-06-24T10:13:42.430+0000][1][safepoint    ] Application time: 1.0002752 seconds
[2019-06-24T10:13:42.430+0000][1][safepoint    ] Entering safepoint region: Cleanup
[2019-06-24T10:13:42.430+0000][1][safepoint    ] Leaving safepoint region
[2019-06-24T10:13:42.430+0000][1][safepoint    ] Total time for which application threads were stopped: 0.0003123 seconds, Stopping threads took: 0.0001222 seconds
[2019-06-24T10:13:43.431+0000][1][safepoint    ] Application time: 1.0002348 seconds
[2019-06-24T10:13:43.431+0000][1][safepoint    ] Entering safepoint region: Cleanup
[2019-06-24T10:13:43.431+0000][1][safepoint    ] Leaving safepoint region
[2019-06-24T10:13:43.431+0000][1][safepoint    ] Total time for which application threads were stopped: 0.0002859 seconds, Stopping threads took: 0.0001145 seconds
[2019-06-24T10:13:44.431+0000][1][safepoint    ] Application time: 1.0001820 seconds
[2019-06-24T10:13:44.431+0000][1][safepoint    ] Entering safepoint region: Cleanup
[2019-06-24T10:13:44.431+0000][1][safepoint    ] Leaving safepoint region
[2019-06-24T10:13:44.431+0000][1][safepoint    ] Total time for which application threads were stopped: 0.0002310 seconds, Stopping threads took: 0.0000625 seconds
[2019-06-24T10:13:45.432+0000][1][safepoint    ] Application time: 1.0002691 seconds
[2019-06-24T10:13:45.432+0000][1][safepoint    ] Entering safepoint region: Cleanup
[2019-06-24T10:13:45.432+0000][1][safepoint    ] Leaving safepoint region
[2019-06-24T10:13:45.432+0000][1][safepoint    ] Total time for which application threads were stopped: 0.0002404 seconds, Stopping threads took: 0.0000664 seconds
[2019-06-24T10:13:46.432+0000][1][safepoint    ] Application time: 1.0002555 seconds
[2019-06-24T10:13:46.433+0000][1][safepoint    ] Entering safepoint region: Cleanup
[2019-06-24T10:13:46.433+0000][1][safepoint    ] Leaving safepoint region
[2019-06-24T10:13:46.433+0000][1][safepoint    ] Total time for which application threads were stopped: 0.0002961 seconds, Stopping threads took: 0.0000740 seconds
[2019-06-24T10:13:47.433+0000][1][safepoint    ] Application time: 1.0002565 seconds
[2019-06-24T10:13:47.433+0000][1][safepoint    ] Entering safepoint region: Cleanup
[2019-06-24T10:13:47.433+0000][1][safepoint    ] Leaving safepoint region
[2019-06-24T10:13:47.433+0000][1][safepoint    ] Total time for which application threads were stopped: 0.0002652 seconds, Stopping threads took: 0.0000743 seconds
[2019-06-24T10:13:48.434+0000][1][safepoint    ] Application time: 1.0002571 seconds
[2019-06-24T10:13:48.434+0000][1][safepoint    ] Entering safepoint region: Cleanup
[2019-06-24T10:13:48.434+0000][1][safepoint    ] Leaving safepoint region
[2019-06-24T10:13:48.434+0000][1][safepoint    ] Total time for which application threads were stopped: 0.0002645 seconds, Stopping threads took: 0.0000738 seconds
[2019-06-24T10:13:49.434+0000][1][safepoint    ] Application time: 1.0001878 seconds
[2019-06-24T10:13:49.435+0000][1][safepoint    ] Entering safepoint region: Cleanup
[2019-06-24T10:13:49.435+0000][1][safepoint    ] Leaving safepoint region
[2019-06-24T10:13:49.435+0000][1][safepoint    ] Total time for which application threads were stopped: 0.0003399 seconds, Stopping threads took: 0.0001483 seconds
[2019-06-24T10:13:50.435+0000][1][safepoint    ] Application time: 1.0002043 seconds
[2019-06-24T10:13:50.435+0000][1][safepoint    ] Entering safepoint region: Cleanup
[2019-06-24T10:13:50.435+0000][1][safepoint    ] Leaving safepoint region
[2019-06-24T10:13:50.436+0000][1][safepoint    ] Total time for which application threads were stopped: 0.0003743 seconds, Stopping threads took: 0.0001597 seconds
[2019-06-24T10:13:51.436+0000][1][safepoint    ] Application time: 1.0002813 seconds
[2019-06-24T10:13:51.436+0000][1][safepoint    ] Entering safepoint region: Cleanup
[2019-06-24T10:13:51.436+0000][1][safepoint    ] Leaving safepoint region
[2019-06-24T10:13:51.436+0000][1][safepoint    ] Total time for which application threads were stopped: 0.0003268 seconds, Stopping threads took: 0.0001094 seconds
[2019-06-24T10:13:52.437+0000][1][safepoint    ] Application time: 1.0002815 seconds
[2019-06-24T10:13:52.437+0000][1][safepoint    ] Entering safepoint region: Cleanup
[2019-06-24T10:13:52.437+0000][1][safepoint    ] Leaving safepoint region
[2019-06-24T10:13:52.437+0000][1][safepoint    ] Total time for which application threads were stopped: 0.0002671 seconds, Stopping threads took: 0.0000716 seconds
[2019-06-24T10:13:53.437+0000][1][safepoint    ] Application time: 1.0002672 seconds
[2019-06-24T10:13:53.437+0000][1][safepoint    ] Entering safepoint region: Cleanup
[2019-06-24T10:13:53.438+0000][1][safepoint    ] Leaving safepoint region
[2019-06-24T10:13:53.438+0000][1][safepoint    ] Total time for which application threads were stopped: 0.0002949 seconds, Stopping threads took: 0.0001073 seconds
[2019-06-24T10:13:54.438+0000][1][safepoint    ] Application time: 1.0001275 seconds
[2019-06-24T10:13:54.438+0000][1][safepoint    ] Entering safepoint region: Cleanup
[2019-06-24T10:13:54.438+0000][1][safepoint    ] Leaving safepoint region
[2019-06-24T10:13:54.438+0000][1][safepoint    ] Total time for which application threads were stopped: 0.0002615 seconds, Stopping threads took: 0.0000714 seconds
[2019-06-24T10:13:55.438+0000][1][safepoint    ] Application time: 1.0001400 seconds
[2019-06-24T10:13:55.438+0000][1][safepoint    ] Entering safepoint region: Cleanup
[2019-06-24T10:13:55.439+0000][1][safepoint    ] Leaving safepoint region
[2019-06-24T10:13:55.439+0000][1][safepoint    ] Total time for which application threads were stopped: 0.0001427 seconds, Stopping threads took: 0.0000291 seconds
[2019-06-24T10:13:56.439+0000][1][safepoint    ] Application time: 1.0001435 seconds
[2019-06-24T10:13:56.439+0000][1][safepoint    ] Entering safepoint region: Cleanup
[2019-06-24T10:13:56.439+0000][1][safepoint    ] Leaving safepoint region
[2019-06-24T10:13:56.439+0000][1][safepoint    ] Total time for which application threads were stopped: 0.0002649 seconds, Stopping threads took: 0.0000730 seconds
[2019-06-24T10:13:57.439+0000][1][safepoint    ] Application time: 1.0002657 seconds
[2019-06-24T10:13:57.440+0000][1][safepoint    ] Entering safepoint region: Cleanup
[2019-06-24T10:13:57.440+0000][1][safepoint    ] Leaving safepoint region
[2019-06-24T10:13:57.440+0000][1][safepoint    ] Total time for which application threads were stopped: 0.0002691 seconds, Stopping threads took: 0.0000734 seconds
[2019-06-24T10:13:58.440+0000][1][safepoint    ] Application time: 1.0002714 seconds
[2019-06-24T10:13:58.440+0000][1][safepoint    ] Entering safepoint region: Cleanup
[2019-06-24T10:13:58.440+0000][1][safepoint    ] Leaving safepoint region
[2019-06-24T10:13:58.441+0000][1][safepoint    ] Total time for which application threads were stopped: 0.0003542 seconds, Stopping threads took: 0.0000724 seconds
[2019-06-24T10:13:59.441+0000][1][safepoint    ] Application time: 1.0002006 seconds
[2019-06-24T10:13:59.441+0000][1][safepoint    ] Entering safepoint region: Cleanup
[2019-06-24T10:13:59.441+0000][1][safepoint    ] Leaving safepoint region
[2019-06-24T10:13:59.441+0000][1][safepoint    ] Total time for which application threads were stopped: 0.0003568 seconds, Stopping threads took: 0.0000714 seconds
[2019-06-24T10:14:00.442+0000][1][safepoint    ] Application time: 1.0002747 seconds
[2019-06-24T10:14:00.442+0000][1][safepoint    ] Entering safepoint region: Cleanup
[2019-06-24T10:14:00.442+0000][1][safepoint    ] Leaving safepoint region
[2019-06-24T10:14:00.442+0000][1][safepoint    ] Total time for which application threads were stopped: 0.0004025 seconds, Stopping threads took: 0.0001136 seconds
[2019-06-24T10:14:01.442+0000][1][safepoint    ] Application time: 1.0002566 seconds
[2019-06-24T10:14:01.443+0000][1][safepoint    ] Entering safepoint region: Cleanup
[2019-06-24T10:14:01.443+0000][1][safepoint    ] Leaving safepoint region
[2019-06-24T10:14:01.443+0000][1][safepoint    ] Total time for which application threads were stopped: 0.0003349 seconds, Stopping threads took: 0.0000897 seconds
[2019-06-24T10:14:02.443+0000][1][safepoint    ] Application time: 1.0001880 seconds
[2019-06-24T10:14:02.443+0000][1][safepoint    ] Entering safepoint region: Cleanup
[2019-06-24T10:14:02.443+0000][1][safepoint    ] Leaving safepoint region
[2019-06-24T10:14:02.444+0000][1][safepoint    ] Total time for which application threads were stopped: 0.0002696 seconds, Stopping threads took: 0.0000715 seconds
[2019-06-24T10:14:03.444+0000][1][safepoint    ] Application time: 1.0002516 seconds
[2019-06-24T10:14:03.444+0000][1][safepoint    ] Entering safepoint region: Cleanup
[2019-06-24T10:14:03.444+0000][1][safepoint    ] Leaving safepoint region
[2019-06-24T10:14:03.444+0000][1][safepoint    ] Total time for which application threads were stopped: 0.0002814 seconds, Stopping threads took: 0.0000712 seconds
[2019-06-24T10:14:04.444+0000][1][safepoint    ] Application time: 1.0002392 seconds
[2019-06-24T10:14:04.445+0000][1][safepoint    ] Entering safepoint region: Cleanup
[2019-06-24T10:14:04.445+0000][1][safepoint    ] Leaving safepoint region
[2019-06-24T10:14:04.445+0000][1][safepoint    ] Total time for which application threads were stopped: 0.0003065 seconds, Stopping threads took: 0.0001001 seconds
[2019-06-24T10:14:05.445+0000][1][safepoint    ] Application time: 1.0002838 seconds
[2019-06-24T10:14:05.445+0000][1][safepoint    ] Entering safepoint region: Cleanup
[2019-06-24T10:14:05.446+0000][1][safepoint    ] Leaving safepoint region
[2019-06-24T10:14:05.446+0000][1][safepoint    ] Total time for which application threads were stopped: 0.0003221 seconds, Stopping threads took: 0.0000881 seconds
[2019-06-24T10:14:06.446+0000][1][safepoint    ] Application time: 1.0002734 seconds
[2019-06-24T10:14:06.446+0000][1][safepoint    ] Entering safepoint region: Cleanup
[2019-06-24T10:14:06.447+0000][1][safepoint    ] Leaving safepoint region
[2019-06-24T10:14:06.447+0000][1][safepoint    ] Total time for which application threads were stopped: 0.0012636 seconds, Stopping threads took: 0.0009996 seconds
[2019-06-24T10:14:07.448+0000][1][safepoint    ] Application time: 1.0002370 seconds
[2019-06-24T10:14:07.448+0000][1][safepoint    ] Entering safepoint region: Cleanup
[2019-06-24T10:14:07.448+0000][1][safepoint    ] Leaving safepoint region
[2019-06-24T10:14:07.448+0000][1][safepoint    ] Total time for which application threads were stopped: 0.0003316 seconds, Stopping threads took: 0.0000726 seconds
[2019-06-24T10:14:08.448+0000][1][safepoint    ] Application time: 1.0001467 seconds
[2019-06-24T10:14:08.448+0000][1][safepoint    ] Entering safepoint region: Cleanup
[2019-06-24T10:14:08.448+0000][1][safepoint    ] Leaving safepoint region
[2019-06-24T10:14:08.448+0000][1][safepoint    ] Total time for which application threads were stopped: 0.0001100 seconds, Stopping threads took: 0.0000275 seconds
[2019-06-24T10:14:09.449+0000][1][safepoint    ] Application time: 1.0003194 seconds
[2019-06-24T10:14:09.449+0000][1][safepoint    ] Entering safepoint region: Cleanup
[2019-06-24T10:14:09.449+0000][1][safepoint    ] Leaving safepoint region
[2019-06-24T10:14:09.449+0000][1][safepoint    ] Total time for which application threads were stopped: 0.0001281 seconds, Stopping threads took: 0.0000435 seconds
[2019-06-24T10:14:10.449+0000][1][safepoint    ] Application time: 1.0001427 seconds
[2019-06-24T10:14:10.449+0000][1][safepoint    ] Entering safepoint region: Cleanup
[2019-06-24T10:14:10.450+0000][1][safepoint    ] Leaving safepoint region
[2019-06-24T10:14:10.450+0000][1][safepoint    ] Total time for which application threads were stopped: 0.0002969 seconds, Stopping threads took: 0.0000813 seconds
[2019-06-24T10:14:11.450+0000][1][safepoint    ] Application time: 1.0002619 seconds
[2019-06-24T10:14:11.450+0000][1][safepoint    ] Entering safepoint region: Cleanup
[2019-06-24T10:14:11.450+0000][1][safepoint    ] Leaving safepoint region
[2019-06-24T10:14:11.450+0000][1][safepoint    ] Total time for which application threads were stopped: 0.0003346 seconds, Stopping threads took: 0.0000900 seconds
[2019-06-24T10:14:12.450+0000][1][safepoint    ] Application time: 1.0001512 seconds
[2019-06-24T10:14:12.451+0000][1][safepoint    ] Entering safepoint region: Cleanup
[2019-06-24T10:14:12.451+0000][1][safepoint    ] Leaving safepoint region
[2019-06-24T10:14:12.451+0000][1][safepoint    ] Total time for which application threads were stopped: 0.0001372 seconds, Stopping threads took: 0.0000461 seconds
[2019-06-24T10:14:13.451+0000][1][safepoint    ] Application time: 1.0001121 seconds
[2019-06-24T10:14:13.451+0000][1][safepoint    ] Entering safepoint region: Cleanup
[2019-06-24T10:14:13.451+0000][1][safepoint    ] Leaving safepoint region
[2019-06-24T10:14:13.451+0000][1][safepoint    ] Total time for which application threads were stopped: 0.0003218 seconds, Stopping threads took: 0.0000860 seconds
[2019-06-24T10:14:14.451+0000][1][safepoint    ] Application time: 1.0002347 seconds
[2019-06-24T10:14:14.452+0000][1][safepoint    ] Entering safepoint region: Cleanup
[2019-06-24T10:14:14.452+0000][1][safepoint    ] Leaving safepoint region
[2019-06-24T10:14:14.452+0000][1][safepoint    ] Total time for which application threads were stopped: 0.0002892 seconds, Stopping threads took: 0.0000724 seconds
[2019-06-24T10:14:15.452+0000][1][safepoint    ] Application time: 1.0001944 seconds
[2019-06-24T10:14:15.452+0000][1][safepoint    ] Entering safepoint region: Cleanup
[2019-06-24T10:14:15.452+0000][1][safepoint    ] Leaving safepoint region
[2019-06-24T10:14:15.452+0000][1][safepoint    ] Total time for which application threads were stopped: 0.0001837 seconds, Stopping threads took: 0.0000477 seconds
[2019-06-24T10:14:16.453+0000][1][safepoint    ] Application time: 1.0002051 seconds
[2019-06-24T10:14:16.453+0000][1][safepoint    ] Entering safepoint region: Cleanup
[2019-06-24T10:14:16.454+0000][1][safepoint    ] Leaving safepoint region
[2019-06-24T10:14:16.454+0000][1][safepoint    ] Total time for which application threads were stopped: 0.0012533 seconds, Stopping threads took: 0.0009625 seconds
[2019-06-24T10:14:17.454+0000][1][safepoint    ] Application time: 1.0001395 seconds
[2019-06-24T10:14:17.454+0000][1][safepoint    ] Entering safepoint region: Cleanup
[2019-06-24T10:14:17.455+0000][1][safepoint    ] Leaving safepoint region
[2019-06-24T10:14:17.455+0000][1][safepoint    ] Total time for which application threads were stopped: 0.0005928 seconds, Stopping threads took: 0.0003041 seconds
[2019-06-24T10:14:18.455+0000][1][safepoint    ] Application time: 1.0001843 seconds
[2019-06-24T10:14:18.455+0000][1][safepoint    ] Entering safepoint region: Cleanup
[2019-06-24T10:14:18.455+0000][1][safepoint    ] Leaving safepoint region
[2019-06-24T10:14:18.456+0000][1][safepoint    ] Total time for which application threads were stopped: 0.0003483 seconds, Stopping threads took: 0.0001114 seconds
[2019-06-24T10:14:19.456+0000][1][safepoint    ] Application time: 1.0001842 seconds
[2019-06-24T10:14:19.456+0000][1][safepoint    ] Entering safepoint region: Cleanup
[2019-06-24T10:14:19.456+0000][1][safepoint    ] Leaving safepoint region
[2019-06-24T10:14:19.456+0000][1][safepoint    ] Total time for which application threads were stopped: 0.0005032 seconds, Stopping threads took: 0.0002707 seconds
[2019-06-24T10:14:20.457+0000][1][safepoint    ] Application time: 1.0002764 seconds
[2019-06-24T10:14:20.457+0000][1][safepoint    ] Entering safepoint region: Cleanup
[2019-06-24T10:14:20.457+0000][1][safepoint    ] Leaving safepoint region
[2019-06-24T10:14:20.457+0000][1][safepoint    ] Total time for which application threads were stopped: 0.0003334 seconds, Stopping threads took: 0.0001232 seconds
[2019-06-24T10:14:21.457+0000][1][safepoint    ] Application time: 1.0001720 seconds
[2019-06-24T10:14:21.458+0000][1][safepoint    ] Entering safepoint region: Cleanup
[2019-06-24T10:14:21.459+0000][1][safepoint    ] Leaving safepoint region
[2019-06-24T10:14:21.459+0000][1][safepoint    ] Total time for which application threads were stopped: 0.0013355 seconds, Stopping threads took: 0.0009777 seconds
[2019-06-24T10:14:22.459+0000][1][safepoint    ] Application time: 1.0002453 seconds
[2019-06-24T10:14:22.459+0000][1][safepoint    ] Entering safepoint region: Cleanup
[2019-06-24T10:14:22.460+0000][1][safepoint    ] Leaving safepoint region
[2019-06-24T10:14:22.460+0000][1][safepoint    ] Total time for which application threads were stopped: 0.0003601 seconds, Stopping threads took: 0.0000761 seconds
[2019-06-24T10:14:23.460+0000][1][safepoint    ] Application time: 1.0002930 seconds
[2019-06-24T10:14:23.460+0000][1][safepoint    ] Entering safepoint region: Cleanup
[2019-06-24T10:14:23.460+0000][1][safepoint    ] Leaving safepoint region
[2019-06-24T10:14:23.460+0000][1][safepoint    ] Total time for which application threads were stopped: 0.0003434 seconds, Stopping threads took: 0.0000709 seconds
[2019-06-24T10:14:24.461+0000][1][safepoint    ] Application time: 1.0001450 seconds
[2019-06-24T10:14:24.461+0000][1][safepoint    ] Entering safepoint region: Cleanup
[2019-06-24T10:14:24.461+0000][1][safepoint    ] Leaving safepoint region
[2019-06-24T10:14:24.461+0000][1][safepoint    ] Total time for which application threads were stopped: 0.0002826 seconds, Stopping threads took: 0.0001678 seconds
[2019-06-24T10:14:25.461+0000][1][safepoint    ] Application time: 1.0002526 seconds
[2019-06-24T10:14:25.461+0000][1][safepoint    ] Entering safepoint region: Cleanup
[2019-06-24T10:14:25.462+0000][1][safepoint    ] Leaving safepoint region
[2019-06-24T10:14:25.462+0000][1][safepoint    ] Total time for which application threads were stopped: 0.0004152 seconds, Stopping threads took: 0.0000732 seconds
[2019-06-24T10:14:26.462+0000][1][safepoint    ] Application time: 1.0002517 seconds
[2019-06-24T10:14:26.462+0000][1][safepoint    ] Entering safepoint region: Cleanup
[2019-06-24T10:14:26.463+0000][1][safepoint    ] Leaving safepoint region
[2019-06-24T10:14:26.463+0000][1][safepoint    ] Total time for which application threads were stopped: 0.0013145 seconds, Stopping threads took: 0.0010053 seconds
[2019-06-24T10:14:27.464+0000][1][safepoint    ] Application time: 1.0002600 seconds
[2019-06-24T10:14:27.464+0000][1][safepoint    ] Entering safepoint region: Cleanup
[2019-06-24T10:14:27.464+0000][1][safepoint    ] Leaving safepoint region
[2019-06-24T10:14:27.464+0000][1][safepoint    ] Total time for which application threads were stopped: 0.0003301 seconds, Stopping threads took: 0.0000725 seconds
[2019-06-24T10:14:28.464+0000][1][safepoint    ] Application time: 1.0002621 seconds
[2019-06-24T10:14:28.465+0000][1][safepoint    ] Entering safepoint region: Cleanup
[2019-06-24T10:14:28.465+0000][1][safepoint    ] Leaving safepoint region
[2019-06-24T10:14:28.465+0000][1][safepoint    ] Total time for which application threads were stopped: 0.0003582 seconds, Stopping threads took: 0.0000702 seconds
[2019-06-24T10:14:29.465+0000][1][safepoint    ] Application time: 1.0002708 seconds
[2019-06-24T10:14:29.465+0000][1][safepoint    ] Entering safepoint region: Cleanup
[2019-06-24T10:14:29.466+0000][1][safepoint    ] Leaving safepoint region
[2019-06-24T10:14:29.466+0000][1][safepoint    ] Total time for which application threads were stopped: 0.0003730 seconds, Stopping threads took: 0.0000711 seconds
[2019-06-24T10:14:30.466+0000][1][safepoint    ] Application time: 1.0002780 seconds
[2019-06-24T10:14:30.466+0000][1][safepoint    ] Entering safepoint region: Cleanup
[2019-06-24T10:14:30.466+0000][1][safepoint    ] Leaving safepoint region
[2019-06-24T10:14:30.467+0000][1][safepoint    ] Total time for which application threads were stopped: 0.0003709 seconds, Stopping threads took: 0.0000716 seconds
[2019-06-24T10:14:31.467+0000][1][safepoint    ] Application time: 1.0001555 seconds
[2019-06-24T10:14:31.467+0000][1][safepoint    ] Entering safepoint region: Cleanup
[2019-06-24T10:14:31.467+0000][1][safepoint    ] Leaving safepoint region
[2019-06-24T10:14:31.467+0000][1][safepoint    ] Total time for which application threads were stopped: 0.0003994 seconds, Stopping threads took: 0.0000852 seconds
[2019-06-24T10:14:32.467+0000][1][safepoint    ] Application time: 1.0001122 seconds
[2019-06-24T10:14:32.468+0000][1][safepoint    ] Entering safepoint region: Cleanup
[2019-06-24T10:14:32.468+0000][1][safepoint    ] Leaving safepoint region
[2019-06-24T10:14:32.468+0000][1][safepoint    ] Total time for which application threads were stopped: 0.0001466 seconds, Stopping threads took: 0.0000359 seconds
[2019-06-24T10:14:33.468+0000][1][safepoint    ] Application time: 1.0002451 seconds
[2019-06-24T10:14:33.468+0000][1][safepoint    ] Entering safepoint region: Cleanup
[2019-06-24T10:14:33.468+0000][1][safepoint    ] Leaving safepoint region
[2019-06-24T10:14:33.468+0000][1][safepoint    ] Total time for which application threads were stopped: 0.0002727 seconds, Stopping threads took: 0.0000718 seconds
[2019-06-24T10:14:34.468+0000][1][safepoint    ] Application time: 1.0001359 seconds
[2019-06-24T10:14:34.469+0000][1][safepoint    ] Entering safepoint region: Cleanup
[2019-06-24T10:14:34.469+0000][1][safepoint    ] Leaving safepoint region
[2019-06-24T10:14:34.469+0000][1][safepoint    ] Total time for which application threads were stopped: 0.0001273 seconds, Stopping threads took: 0.0000381 seconds
[2019-06-24T10:14:35.469+0000][1][safepoint    ] Application time: 1.0002361 seconds
[2019-06-24T10:14:35.469+0000][1][safepoint    ] Entering safepoint region: Cleanup
[2019-06-24T10:14:35.469+0000][1][safepoint    ] Leaving safepoint region
[2019-06-24T10:14:35.469+0000][1][safepoint    ] Total time for which application threads were stopped: 0.0002882 seconds, Stopping threads took: 0.0000713 seconds
[2019-06-24T10:14:36.470+0000][1][safepoint    ] Application time: 1.0002538 seconds
[2019-06-24T10:14:36.470+0000][1][safepoint    ] Entering safepoint region: Cleanup
[2019-06-24T10:14:36.470+0000][1][safepoint    ] Leaving safepoint region
[2019-06-24T10:14:36.470+0000][1][safepoint    ] Total time for which application threads were stopped: 0.0002674 seconds, Stopping threads took: 0.0000710 seconds
[2019-06-24T10:14:37.470+0000][1][safepoint    ] Application time: 1.0001778 seconds
[2019-06-24T10:14:37.470+0000][1][safepoint    ] Entering safepoint region: Cleanup
[2019-06-24T10:14:37.471+0000][1][safepoint    ] Leaving safepoint region
[2019-06-24T10:14:37.471+0000][1][safepoint    ] Total time for which application threads were stopped: 0.0003280 seconds, Stopping threads took: 0.0000696 seconds
[2019-06-24T10:14:38.471+0000][1][safepoint    ] Application time: 1.0001294 seconds
[2019-06-24T10:14:38.471+0000][1][safepoint    ] Entering safepoint region: Cleanup
[2019-06-24T10:14:38.471+0000][1][safepoint    ] Leaving safepoint region
[2019-06-24T10:14:38.471+0000][1][safepoint    ] Total time for which application threads were stopped: 0.0002665 seconds, Stopping threads took: 0.0000707 seconds
[2019-06-24T10:14:39.471+0000][1][safepoint    ] Application time: 1.0001894 seconds
[2019-06-24T10:14:39.472+0000][1][safepoint    ] Entering safepoint region: Cleanup
[2019-06-24T10:14:39.472+0000][1][safepoint    ] Leaving safepoint region
[2019-06-24T10:14:39.472+0000][1][safepoint    ] Total time for which application threads were stopped: 0.0008350 seconds, Stopping threads took: 0.0004473 seconds
[2019-06-24T10:14:40.472+0000][1][safepoint    ] Application time: 1.0001550 seconds
[2019-06-24T10:14:40.473+0000][1][safepoint    ] Entering safepoint region: Cleanup
[2019-06-24T10:14:40.473+0000][1][safepoint    ] Leaving safepoint region
[2019-06-24T10:14:40.473+0000][1][safepoint    ] Total time for which application threads were stopped: 0.0003484 seconds, Stopping threads took: 0.0000939 seconds
[2019-06-24T10:14:40.774+0000][1][safepoint    ] Application time: 0.3012346 seconds
[2019-06-24T10:14:40.774+0000][1][safepoint    ] Entering safepoint region: GenCollectForAllocation
[2019-06-24T10:14:40.775+0000][1][gc,start     ] GC(38) Pause Young (Allocation Failure)
[2019-06-24T10:14:40.775+0000][1][gc,task      ] GC(38) Using 5 workers of 8 for evacuation
[2019-06-24T10:14:40.776+0000][1][gc,age       ] GC(38) Desired survivor size 4456448 bytes, new threshold 6 (max threshold 6)
[2019-06-24T10:14:40.776+0000][1][gc,age       ] GC(38) Age table with threshold 6 (max threshold 6)
[2019-06-24T10:14:40.776+0000][1][gc,age       ] GC(38) - age   1:      11824 bytes,      11824 total
[2019-06-24T10:14:40.776+0000][1][gc,age       ] GC(38) - age   2:     141432 bytes,     153256 total
[2019-06-24T10:14:40.776+0000][1][gc,age       ] GC(38) - age   3:      79280 bytes,     232536 total
[2019-06-24T10:14:40.776+0000][1][gc,age       ] GC(38) - age   4:        760 bytes,     233296 total
[2019-06-24T10:14:40.776+0000][1][gc,age       ] GC(38) - age   5:       9048 bytes,     242344 total
[2019-06-24T10:14:40.776+0000][1][gc,age       ] GC(38) - age   6:       1080 bytes,     243424 total
[2019-06-24T10:14:40.776+0000][1][gc,heap      ] GC(38) ParNew: 70380K->350K(78656K)
[2019-06-24T10:14:40.776+0000][1][gc,heap      ] GC(38) CMS: 70214K->70336K(174784K)
[2019-06-24T10:14:40.776+0000][1][gc,metaspace ] GC(38) Metaspace: 70516K->70516K(1114112K)
[2019-06-24T10:14:40.776+0000][1][gc           ] GC(38) Pause Young (Allocation Failure) 137M->69M(247M) 1.558ms
[2019-06-24T10:14:40.776+0000][1][gc,cpu       ] GC(38) User=0.00s Sys=0.01s Real=0.00s
[2019-06-24T10:14:40.776+0000][1][safepoint    ] Leaving safepoint region
[2019-06-24T10:14:40.776+0000][1][safepoint    ] Total time for which application threads were stopped: 0.0018663 seconds, Stopping threads took: 0.0000474 seconds
[2019-06-24T10:14:41.776+0000][1][safepoint    ] Application time: 1.0001935 seconds
[2019-06-24T10:14:41.777+0000][1][safepoint    ] Entering safepoint region: Cleanup
[2019-06-24T10:14:41.777+0000][1][safepoint    ] Leaving safepoint region
[2019-06-24T10:14:41.777+0000][1][safepoint    ] Total time for which application threads were stopped: 0.0004419 seconds, Stopping threads took: 0.0001980 seconds
[2019-06-24T10:14:42.777+0000][1][safepoint    ] Application time: 1.0002683 seconds
[2019-06-24T10:14:42.777+0000][1][safepoint    ] Entering safepoint region: Cleanup
[2019-06-24T10:14:42.777+0000][1][safepoint    ] Leaving safepoint region
[2019-06-24T10:14:42.777+0000][1][safepoint    ] Total time for which application threads were stopped: 0.0001965 seconds, Stopping threads took: 0.0000512 seconds
[2019-06-24T10:14:43.778+0000][1][safepoint    ] Application time: 1.0002915 seconds
[2019-06-24T10:14:43.778+0000][1][safepoint    ] Entering safepoint region: Cleanup
[2019-06-24T10:14:43.778+0000][1][safepoint    ] Leaving safepoint region
[2019-06-24T10:14:43.778+0000][1][safepoint    ] Total time for which application threads were stopped: 0.0002594 seconds, Stopping threads took: 0.0000690 seconds
[2019-06-24T10:14:44.778+0000][1][safepoint    ] Application time: 1.0001847 seconds
[2019-06-24T10:14:44.779+0000][1][safepoint    ] Entering safepoint region: Cleanup
[2019-06-24T10:14:44.779+0000][1][safepoint    ] Leaving safepoint region
[2019-06-24T10:14:44.779+0000][1][safepoint    ] Total time for which application threads were stopped: 0.0003048 seconds, Stopping threads took: 0.0000988 seconds
[2019-06-24T10:14:45.779+0000][1][safepoint    ] Application time: 1.0001304 seconds
[2019-06-24T10:14:45.779+0000][1][safepoint    ] Entering safepoint region: Cleanup
[2019-06-24T10:14:45.779+0000][1][safepoint    ] Leaving safepoint region
[2019-06-24T10:14:45.779+0000][1][safepoint    ] Total time for which application threads were stopped: 0.0002346 seconds, Stopping threads took: 0.0000615 seconds
[2019-06-24T10:14:46.779+0000][1][safepoint    ] Application time: 1.0000946 seconds
[2019-06-24T10:14:46.779+0000][1][safepoint    ] Entering safepoint region: Cleanup
[2019-06-24T10:14:46.780+0000][1][safepoint    ] Leaving safepoint region
[2019-06-24T10:14:46.780+0000][1][safepoint    ] Total time for which application threads were stopped: 0.0001255 seconds, Stopping threads took: 0.0000324 seconds
[2019-06-24T10:14:47.780+0000][1][safepoint    ] Application time: 1.0001907 seconds
[2019-06-24T10:14:47.780+0000][1][safepoint    ] Entering safepoint region: Cleanup
[2019-06-24T10:14:47.780+0000][1][safepoint    ] Leaving safepoint region
[2019-06-24T10:14:47.780+0000][1][safepoint    ] Total time for which application threads were stopped: 0.0001369 seconds, Stopping threads took: 0.0000373 seconds
[2019-06-24T10:14:48.780+0000][1][safepoint    ] Application time: 1.0002534 seconds
[2019-06-24T10:14:48.780+0000][1][safepoint    ] Entering safepoint region: Cleanup
[2019-06-24T10:14:48.781+0000][1][safepoint    ] Leaving safepoint region
[2019-06-24T10:14:48.781+0000][1][safepoint    ] Total time for which application threads were stopped: 0.0002621 seconds, Stopping threads took: 0.0000710 seconds
[2019-06-24T10:14:49.781+0000][1][safepoint    ] Application time: 1.0002638 seconds
[2019-06-24T10:14:49.781+0000][1][safepoint    ] Entering safepoint region: Cleanup
[2019-06-24T10:14:49.781+0000][1][safepoint    ] Leaving safepoint region
[2019-06-24T10:14:49.781+0000][1][safepoint    ] Total time for which application threads were stopped: 0.0002653 seconds, Stopping threads took: 0.0000707 seconds
[2019-06-24T10:14:50.782+0000][1][safepoint    ] Application time: 1.0002729 seconds
[2019-06-24T10:14:50.782+0000][1][safepoint    ] Entering safepoint region: Cleanup
[2019-06-24T10:14:50.782+0000][1][safepoint    ] Leaving safepoint region
[2019-06-24T10:14:50.782+0000][1][safepoint    ] Total time for which application threads were stopped: 0.0002652 seconds, Stopping threads took: 0.0000704 seconds
[2019-06-24T10:14:51.782+0000][1][safepoint    ] Application time: 1.0002594 seconds
[2019-06-24T10:14:51.782+0000][1][safepoint    ] Entering safepoint region: Cleanup
[2019-06-24T10:14:51.783+0000][1][safepoint    ] Leaving safepoint region
[2019-06-24T10:14:51.783+0000][1][safepoint    ] Total time for which application threads were stopped: 0.0003584 seconds, Stopping threads took: 0.0000725 seconds
[2019-06-24T10:14:52.783+0000][1][safepoint    ] Application time: 1.0000933 seconds
[2019-06-24T10:14:52.783+0000][1][safepoint    ] Entering safepoint region: Cleanup
[2019-06-24T10:14:52.783+0000][1][safepoint    ] Leaving safepoint region
[2019-06-24T10:14:52.783+0000][1][safepoint    ] Total time for which application threads were stopped: 0.0001164 seconds, Stopping threads took: 0.0000296 seconds
[2019-06-24T10:14:53.783+0000][1][safepoint    ] Application time: 1.0001663 seconds
[2019-06-24T10:14:53.783+0000][1][safepoint    ] Entering safepoint region: Cleanup
[2019-06-24T10:14:53.784+0000][1][safepoint    ] Leaving safepoint region
[2019-06-24T10:14:53.784+0000][1][safepoint    ] Total time for which application threads were stopped: 0.0002656 seconds, Stopping threads took: 0.0000722 seconds
[2019-06-24T10:14:54.784+0000][1][safepoint    ] Application time: 1.0002707 seconds
[2019-06-24T10:14:54.784+0000][1][safepoint    ] Entering safepoint region: Cleanup
[2019-06-24T10:14:54.784+0000][1][safepoint    ] Leaving safepoint region
[2019-06-24T10:14:54.784+0000][1][safepoint    ] Total time for which application threads were stopped: 0.0002939 seconds, Stopping threads took: 0.0001079 seconds
[2019-06-24T10:14:55.785+0000][1][safepoint    ] Application time: 1.0002289 seconds
[2019-06-24T10:14:55.785+0000][1][safepoint    ] Entering safepoint region: Cleanup
[2019-06-24T10:14:55.785+0000][1][safepoint    ] Leaving safepoint region
[2019-06-24T10:14:55.785+0000][1][safepoint    ] Total time for which application threads were stopped: 0.0002317 seconds, Stopping threads took: 0.0000648 seconds
[2019-06-24T10:14:56.785+0000][1][safepoint    ] Application time: 1.0002640 seconds
[2019-06-24T10:14:56.785+0000][1][safepoint    ] Entering safepoint region: Cleanup
[2019-06-24T10:14:56.786+0000][1][safepoint    ] Leaving safepoint region
[2019-06-24T10:14:56.786+0000][1][safepoint    ] Total time for which application threads were stopped: 0.0002847 seconds, Stopping threads took: 0.0000736 seconds
[2019-06-24T10:14:57.786+0000][1][safepoint    ] Application time: 1.0002829 seconds
[2019-06-24T10:14:57.786+0000][1][safepoint    ] Entering safepoint region: Cleanup
[2019-06-24T10:14:57.786+0000][1][safepoint    ] Leaving safepoint region
[2019-06-24T10:14:57.786+0000][1][safepoint    ] Total time for which application threads were stopped: 0.0001212 seconds, Stopping threads took: 0.0000323 seconds
[2019-06-24T10:14:58.786+0000][1][safepoint    ] Application time: 1.0002386 seconds
[2019-06-24T10:14:58.787+0000][1][safepoint    ] Entering safepoint region: Cleanup
[2019-06-24T10:14:58.787+0000][1][safepoint    ] Leaving safepoint region
[2019-06-24T10:14:58.787+0000][1][safepoint    ] Total time for which application threads were stopped: 0.0003389 seconds, Stopping threads took: 0.0001333 seconds
[2019-06-24T10:14:59.787+0000][1][safepoint    ] Application time: 1.0000963 seconds
[2019-06-24T10:14:59.787+0000][1][safepoint    ] Entering safepoint region: Cleanup
[2019-06-24T10:14:59.787+0000][1][safepoint    ] Leaving safepoint region
[2019-06-24T10:14:59.787+0000][1][safepoint    ] Total time for which application threads were stopped: 0.0000942 seconds, Stopping threads took: 0.0000269 seconds
[2019-06-24T10:15:00.787+0000][1][safepoint    ] Application time: 1.0001844 seconds
[2019-06-24T10:15:00.787+0000][1][safepoint    ] Entering safepoint region: Cleanup
[2019-06-24T10:15:00.788+0000][1][safepoint    ] Leaving safepoint region
[2019-06-24T10:15:00.788+0000][1][safepoint    ] Total time for which application threads were stopped: 0.0003408 seconds, Stopping threads took: 0.0000841 seconds
[2019-06-24T10:15:01.788+0000][1][safepoint    ] Application time: 1.0002755 seconds
[2019-06-24T10:15:01.788+0000][1][safepoint    ] Entering safepoint region: Cleanup
[2019-06-24T10:15:01.788+0000][1][safepoint    ] Leaving safepoint region
[2019-06-24T10:15:01.788+0000][1][safepoint    ] Total time for which application threads were stopped: 0.0002881 seconds, Stopping threads took: 0.0001061 seconds
[2019-06-24T10:15:02.789+0000][1][safepoint    ] Application time: 1.0003160 seconds
[2019-06-24T10:15:02.789+0000][1][safepoint    ] Entering safepoint region: Cleanup
[2019-06-24T10:15:02.789+0000][1][safepoint    ] Leaving safepoint region
[2019-06-24T10:15:02.789+0000][1][safepoint    ] Total time for which application threads were stopped: 0.0001110 seconds, Stopping threads took: 0.0000299 seconds
[2019-06-24T10:15:03.789+0000][1][safepoint    ] Application time: 1.0002297 seconds
[2019-06-24T10:15:03.789+0000][1][safepoint    ] Entering safepoint region: Cleanup
[2019-06-24T10:15:03.790+0000][1][safepoint    ] Leaving safepoint region
[2019-06-24T10:15:03.790+0000][1][safepoint    ] Total time for which application threads were stopped: 0.0002924 seconds, Stopping threads took: 0.0001081 seconds
[2019-06-24T10:15:04.790+0000][1][safepoint    ] Application time: 1.0002506 seconds
[2019-06-24T10:15:04.790+0000][1][safepoint    ] Entering safepoint region: Cleanup
[2019-06-24T10:15:04.790+0000][1][safepoint    ] Leaving safepoint region
[2019-06-24T10:15:04.790+0000][1][safepoint    ] Total time for which application threads were stopped: 0.0002324 seconds, Stopping threads took: 0.0000646 seconds
[2019-06-24T10:15:05.790+0000][1][safepoint    ] Application time: 1.0001397 seconds
[2019-06-24T10:15:05.790+0000][1][safepoint    ] Entering safepoint region: Cleanup
[2019-06-24T10:15:05.790+0000][1][safepoint    ] Leaving safepoint region
[2019-06-24T10:15:05.790+0000][1][safepoint    ] Total time for which application threads were stopped: 0.0001029 seconds, Stopping threads took: 0.0000241 seconds
[2019-06-24T10:15:06.791+0000][1][safepoint    ] Application time: 1.0001434 seconds
[2019-06-24T10:15:06.791+0000][1][safepoint    ] Entering safepoint region: Cleanup
[2019-06-24T10:15:06.791+0000][1][safepoint    ] Leaving safepoint region
[2019-06-24T10:15:06.791+0000][1][safepoint    ] Total time for which application threads were stopped: 0.0002890 seconds, Stopping threads took: 0.0000972 seconds
[2019-06-24T10:15:07.791+0000][1][safepoint    ] Application time: 1.0001557 seconds
[2019-06-24T10:15:07.791+0000][1][safepoint    ] Entering safepoint region: Cleanup
[2019-06-24T10:15:07.791+0000][1][safepoint    ] Leaving safepoint region
[2019-06-24T10:15:07.791+0000][1][safepoint    ] Total time for which application threads were stopped: 0.0001256 seconds, Stopping threads took: 0.0000348 seconds
[2019-06-24T10:15:08.792+0000][1][safepoint    ] Application time: 1.0002212 seconds
[2019-06-24T10:15:08.792+0000][1][safepoint    ] Entering safepoint region: Cleanup
[2019-06-24T10:15:08.792+0000][1][safepoint    ] Leaving safepoint region
[2019-06-24T10:15:08.792+0000][1][safepoint    ] Total time for which application threads were stopped: 0.0002368 seconds, Stopping threads took: 0.0000636 seconds
[2019-06-24T10:15:09.792+0000][1][safepoint    ] Application time: 1.0002088 seconds
[2019-06-24T10:15:09.792+0000][1][safepoint    ] Entering safepoint region: Cleanup
[2019-06-24T10:15:09.793+0000][1][safepoint    ] Leaving safepoint region
[2019-06-24T10:15:09.793+0000][1][safepoint    ] Total time for which application threads were stopped: 0.0002543 seconds, Stopping threads took: 0.0000682 seconds
[2019-06-24T10:15:10.793+0000][1][safepoint    ] Application time: 1.0002460 seconds
[2019-06-24T10:15:10.793+0000][1][safepoint    ] Entering safepoint region: Cleanup
[2019-06-24T10:15:10.793+0000][1][safepoint    ] Leaving safepoint region
[2019-06-24T10:15:10.793+0000][1][safepoint    ] Total time for which application threads were stopped: 0.0002548 seconds, Stopping threads took: 0.0000909 seconds
[2019-06-24T10:15:11.794+0000][1][safepoint    ] Application time: 1.0002310 seconds
[2019-06-24T10:15:11.794+0000][1][safepoint    ] Entering safepoint region: Cleanup
[2019-06-24T10:15:11.794+0000][1][safepoint    ] Leaving safepoint region
[2019-06-24T10:15:11.794+0000][1][safepoint    ] Total time for which application threads were stopped: 0.0002269 seconds, Stopping threads took: 0.0000626 seconds
[2019-06-24T10:15:12.794+0000][1][safepoint    ] Application time: 1.0001832 seconds
[2019-06-24T10:15:12.794+0000][1][safepoint    ] Entering safepoint region: Cleanup
[2019-06-24T10:15:12.794+0000][1][safepoint    ] Leaving safepoint region
[2019-06-24T10:15:12.794+0000][1][safepoint    ] Total time for which application threads were stopped: 0.0001233 seconds, Stopping threads took: 0.0000347 seconds
[2019-06-24T10:15:13.794+0000][1][safepoint    ] Application time: 1.0001195 seconds
[2019-06-24T10:15:13.794+0000][1][safepoint    ] Entering safepoint region: Cleanup
[2019-06-24T10:15:13.794+0000][1][safepoint    ] Leaving safepoint region
[2019-06-24T10:15:13.794+0000][1][safepoint    ] Total time for which application threads were stopped: 0.0000871 seconds, Stopping threads took: 0.0000236 seconds
[2019-06-24T10:15:14.795+0000][1][safepoint    ] Application time: 1.0002522 seconds
[2019-06-24T10:15:14.795+0000][1][safepoint    ] Entering safepoint region: Cleanup
[2019-06-24T10:15:14.795+0000][1][safepoint    ] Leaving safepoint region
[2019-06-24T10:15:14.795+0000][1][safepoint    ] Total time for which application threads were stopped: 0.0002639 seconds, Stopping threads took: 0.0000725 seconds
[2019-06-24T10:15:15.795+0000][1][safepoint    ] Application time: 1.0002592 seconds
[2019-06-24T10:15:15.796+0000][1][safepoint    ] Entering safepoint region: Cleanup
[2019-06-24T10:15:15.796+0000][1][safepoint    ] Leaving safepoint region
[2019-06-24T10:15:15.796+0000][1][safepoint    ] Total time for which application threads were stopped: 0.0002646 seconds, Stopping threads took: 0.0000717 seconds
[2019-06-24T10:15:16.796+0000][1][safepoint    ] Application time: 1.0002076 seconds
[2019-06-24T10:15:16.796+0000][1][safepoint    ] Entering safepoint region: Cleanup
[2019-06-24T10:15:16.796+0000][1][safepoint    ] Leaving safepoint region
[2019-06-24T10:15:16.796+0000][1][safepoint    ] Total time for which application threads were stopped: 0.0002640 seconds, Stopping threads took: 0.0000743 seconds
[2019-06-24T10:15:17.797+0000][1][safepoint    ] Application time: 1.0002894 seconds
[2019-06-24T10:15:17.797+0000][1][safepoint    ] Entering safepoint region: Cleanup
[2019-06-24T10:15:17.797+0000][1][safepoint    ] Leaving safepoint region
[2019-06-24T10:15:17.797+0000][1][safepoint    ] Total time for which application threads were stopped: 0.0001607 seconds, Stopping threads took: 0.0000697 seconds
[2019-06-24T10:15:18.797+0000][1][safepoint    ] Application time: 1.0001257 seconds
[2019-06-24T10:15:18.797+0000][1][safepoint    ] Entering safepoint region: Cleanup
[2019-06-24T10:15:18.797+0000][1][safepoint    ] Leaving safepoint region
[2019-06-24T10:15:18.797+0000][1][safepoint    ] Total time for which application threads were stopped: 0.0000891 seconds, Stopping threads took: 0.0000250 seconds
[2019-06-24T10:15:19.797+0000][1][safepoint    ] Application time: 1.0001770 seconds
[2019-06-24T10:15:19.798+0000][1][safepoint    ] Entering safepoint region: Cleanup
[2019-06-24T10:15:19.798+0000][1][safepoint    ] Leaving safepoint region
[2019-06-24T10:15:19.798+0000][1][safepoint    ] Total time for which application threads were stopped: 0.0002571 seconds, Stopping threads took: 0.0000702 seconds
[2019-06-24T10:15:20.798+0000][1][safepoint    ] Application time: 1.0002406 seconds
[2019-06-24T10:15:20.798+0000][1][safepoint    ] Entering safepoint region: Cleanup
[2019-06-24T10:15:20.798+0000][1][safepoint    ] Leaving safepoint region
[2019-06-24T10:15:20.798+0000][1][safepoint    ] Total time for which application threads were stopped: 0.0003140 seconds, Stopping threads took: 0.0000990 seconds
[2019-06-24T10:15:21.799+0000][1][safepoint    ] Application time: 1.0002947 seconds
[2019-06-24T10:15:21.799+0000][1][safepoint    ] Entering safepoint region: Cleanup
[2019-06-24T10:15:21.799+0000][1][safepoint    ] Leaving safepoint region
[2019-06-24T10:15:21.799+0000][1][safepoint    ] Total time for which application threads were stopped: 0.0002692 seconds, Stopping threads took: 0.0000745 seconds
[2019-06-24T10:15:22.799+0000][1][safepoint    ] Application time: 1.0001374 seconds
[2019-06-24T10:15:22.799+0000][1][safepoint    ] Entering safepoint region: Cleanup
[2019-06-24T10:15:22.799+0000][1][safepoint    ] Leaving safepoint region
[2019-06-24T10:15:22.799+0000][1][safepoint    ] Total time for which application threads were stopped: 0.0000863 seconds, Stopping threads took: 0.0000245 seconds
[2019-06-24T10:15:23.800+0000][1][safepoint    ] Application time: 1.0001778 seconds
[2019-06-24T10:15:23.800+0000][1][safepoint    ] Entering safepoint region: Cleanup
[2019-06-24T10:15:23.800+0000][1][safepoint    ] Leaving safepoint region
[2019-06-24T10:15:23.800+0000][1][safepoint    ] Total time for which application threads were stopped: 0.0003275 seconds, Stopping threads took: 0.0000719 seconds
[2019-06-24T10:15:24.927+0000][1][safepoint    ] Application time: 1.1266042 seconds
[2019-06-24T10:15:24.927+0000][1][safepoint    ] Entering safepoint region: Cleanup
[2019-06-24T10:15:24.927+0000][1][safepoint    ] Leaving safepoint region
[2019-06-24T10:15:24.927+0000][1][safepoint    ] Total time for which application threads were stopped: 0.0003202 seconds, Stopping threads took: 0.0000745 seconds
[2019-06-24T10:15:25.927+0000][1][safepoint    ] Application time: 1.0001211 seconds
[2019-06-24T10:15:25.927+0000][1][safepoint    ] Entering safepoint region: Cleanup
[2019-06-24T10:15:25.928+0000][1][safepoint    ] Leaving safepoint region
[2019-06-24T10:15:25.928+0000][1][safepoint    ] Total time for which application threads were stopped: 0.0002429 seconds, Stopping threads took: 0.0000621 seconds
[2019-06-24T10:15:26.928+0000][1][safepoint    ] Application time: 1.0002606 seconds
[2019-06-24T10:15:26.928+0000][1][safepoint    ] Entering safepoint region: Cleanup
[2019-06-24T10:15:26.928+0000][1][safepoint    ] Leaving safepoint region
[2019-06-24T10:15:26.928+0000][1][safepoint    ] Total time for which application threads were stopped: 0.0002652 seconds, Stopping threads took: 0.0000711 seconds
[2019-06-24T10:15:27.929+0000][1][safepoint    ] Application time: 1.0001978 seconds
[2019-06-24T10:15:27.929+0000][1][safepoint    ] Entering safepoint region: Cleanup
[2019-06-24T10:15:27.929+0000][1][safepoint    ] Leaving safepoint region
[2019-06-24T10:15:27.929+0000][1][safepoint    ] Total time for which application threads were stopped: 0.0003248 seconds, Stopping threads took: 0.0001219 seconds
[2019-06-24T10:15:28.929+0000][1][safepoint    ] Application time: 1.0001722 seconds
[2019-06-24T10:15:28.929+0000][1][safepoint    ] Entering safepoint region: Cleanup
[2019-06-24T10:15:28.929+0000][1][safepoint    ] Leaving safepoint region
[2019-06-24T10:15:28.929+0000][1][safepoint    ] Total time for which application threads were stopped: 0.0002125 seconds, Stopping threads took: 0.0000499 seconds
[2019-06-24T10:15:29.930+0000][1][safepoint    ] Application time: 1.0001356 seconds
[2019-06-24T10:15:29.930+0000][1][safepoint    ] Entering safepoint region: Cleanup
[2019-06-24T10:15:29.930+0000][1][safepoint    ] Leaving safepoint region
[2019-06-24T10:15:29.930+0000][1][safepoint    ] Total time for which application threads were stopped: 0.0002703 seconds, Stopping threads took: 0.0000694 seconds
[2019-06-24T10:15:30.930+0000][1][safepoint    ] Application time: 1.0002372 seconds
[2019-06-24T10:15:30.930+0000][1][safepoint    ] Entering safepoint region: Cleanup
[2019-06-24T10:15:30.931+0000][1][safepoint    ] Leaving safepoint region
[2019-06-24T10:15:30.931+0000][1][safepoint    ] Total time for which application threads were stopped: 0.0003639 seconds, Stopping threads took: 0.0000700 seconds
[2019-06-24T10:15:31.931+0000][1][safepoint    ] Application time: 1.0001307 seconds
[2019-06-24T10:15:31.931+0000][1][safepoint    ] Entering safepoint region: Cleanup
[2019-06-24T10:15:31.931+0000][1][safepoint    ] Leaving safepoint region
[2019-06-24T10:15:31.931+0000][1][safepoint    ] Total time for which application threads were stopped: 0.0001283 seconds, Stopping threads took: 0.0000433 seconds
[2019-06-24T10:15:32.931+0000][1][safepoint    ] Application time: 1.0001901 seconds
[2019-06-24T10:15:32.931+0000][1][safepoint    ] Entering safepoint region: Cleanup
[2019-06-24T10:15:32.932+0000][1][safepoint    ] Leaving safepoint region
[2019-06-24T10:15:32.932+0000][1][safepoint    ] Total time for which application threads were stopped: 0.0002657 seconds, Stopping threads took: 0.0000691 seconds
[2019-06-24T10:15:33.932+0000][1][safepoint    ] Application time: 1.0001090 seconds
[2019-06-24T10:15:33.932+0000][1][safepoint    ] Entering safepoint region: Cleanup
[2019-06-24T10:15:33.932+0000][1][safepoint    ] Leaving safepoint region
[2019-06-24T10:15:33.932+0000][1][safepoint    ] Total time for which application threads were stopped: 0.0001969 seconds, Stopping threads took: 0.0000463 seconds
[2019-06-24T10:15:34.932+0000][1][safepoint    ] Application time: 1.0001716 seconds
[2019-06-24T10:15:34.932+0000][1][safepoint    ] Entering safepoint region: Cleanup
[2019-06-24T10:15:34.933+0000][1][safepoint    ] Leaving safepoint region
[2019-06-24T10:15:34.933+0000][1][safepoint    ] Total time for which application threads were stopped: 0.0002696 seconds, Stopping threads took: 0.0000685 seconds
[2019-06-24T10:15:35.933+0000][1][safepoint    ] Application time: 1.0001358 seconds
[2019-06-24T10:15:35.933+0000][1][safepoint    ] Entering safepoint region: Cleanup
[2019-06-24T10:15:35.933+0000][1][safepoint    ] Leaving safepoint region
[2019-06-24T10:15:35.933+0000][1][safepoint    ] Total time for which application threads were stopped: 0.0001049 seconds, Stopping threads took: 0.0000329 seconds
[2019-06-24T10:15:36.933+0000][1][safepoint    ] Application time: 1.0001194 seconds
[2019-06-24T10:15:36.933+0000][1][safepoint    ] Entering safepoint region: Cleanup
[2019-06-24T10:15:36.933+0000][1][safepoint    ] Leaving safepoint region
[2019-06-24T10:15:36.933+0000][1][safepoint    ] Total time for which application threads were stopped: 0.0002707 seconds, Stopping threads took: 0.0000701 seconds
[2019-06-24T10:15:37.934+0000][1][safepoint    ] Application time: 1.0002087 seconds
[2019-06-24T10:15:37.934+0000][1][safepoint    ] Entering safepoint region: Cleanup
[2019-06-24T10:15:37.934+0000][1][safepoint    ] Leaving safepoint region
[2019-06-24T10:15:37.934+0000][1][safepoint    ] Total time for which application threads were stopped: 0.0004808 seconds, Stopping threads took: 0.0001602 seconds
[2019-06-24T10:15:38.935+0000][1][safepoint    ] Application time: 1.0003003 seconds
[2019-06-24T10:15:38.935+0000][1][safepoint    ] Entering safepoint region: Cleanup
[2019-06-24T10:15:38.935+0000][1][safepoint    ] Leaving safepoint region
[2019-06-24T10:15:38.935+0000][1][safepoint    ] Total time for which application threads were stopped: 0.0002845 seconds, Stopping threads took: 0.0000712 seconds
[2019-06-24T10:15:39.935+0000][1][safepoint    ] Application time: 1.0001995 seconds
[2019-06-24T10:15:39.935+0000][1][safepoint    ] Entering safepoint region: Cleanup
[2019-06-24T10:15:39.936+0000][1][safepoint    ] Leaving safepoint region
[2019-06-24T10:15:39.936+0000][1][safepoint    ] Total time for which application threads were stopped: 0.0002565 seconds, Stopping threads took: 0.0000622 seconds
[2019-06-24T10:15:40.936+0000][1][safepoint    ] Application time: 1.0002580 seconds
[2019-06-24T10:15:40.936+0000][1][safepoint    ] Entering safepoint region: Cleanup
[2019-06-24T10:15:40.936+0000][1][safepoint    ] Leaving safepoint region
[2019-06-24T10:15:40.936+0000][1][safepoint    ] Total time for which application threads were stopped: 0.0002756 seconds, Stopping threads took: 0.0000722 seconds
[2019-06-24T10:15:41.936+0000][1][safepoint    ] Application time: 1.0001892 seconds
[2019-06-24T10:15:41.937+0000][1][safepoint    ] Entering safepoint region: Cleanup
[2019-06-24T10:15:41.937+0000][1][safepoint    ] Leaving safepoint region
[2019-06-24T10:15:41.937+0000][1][safepoint    ] Total time for which application threads were stopped: 0.0002442 seconds, Stopping threads took: 0.0000626 seconds
[2019-06-24T10:15:42.937+0000][1][safepoint    ] Application time: 1.0002103 seconds
[2019-06-24T10:15:42.937+0000][1][safepoint    ] Entering safepoint region: Cleanup
[2019-06-24T10:15:42.937+0000][1][safepoint    ] Leaving safepoint region
[2019-06-24T10:15:42.937+0000][1][safepoint    ] Total time for which application threads were stopped: 0.0002763 seconds, Stopping threads took: 0.0000725 seconds
[2019-06-24T10:15:43.938+0000][1][safepoint    ] Application time: 1.0001819 seconds
[2019-06-24T10:15:43.938+0000][1][safepoint    ] Entering safepoint region: Cleanup
[2019-06-24T10:15:43.938+0000][1][safepoint    ] Leaving safepoint region
[2019-06-24T10:15:43.938+0000][1][safepoint    ] Total time for which application threads were stopped: 0.0002468 seconds, Stopping threads took: 0.0000631 seconds
[2019-06-24T10:15:44.938+0000][1][safepoint    ] Application time: 1.0002572 seconds
[2019-06-24T10:15:44.938+0000][1][safepoint    ] Entering safepoint region: Cleanup
[2019-06-24T10:15:44.939+0000][1][safepoint    ] Leaving safepoint region
[2019-06-24T10:15:44.939+0000][1][safepoint    ] Total time for which application threads were stopped: 0.0004965 seconds, Stopping threads took: 0.0002062 seconds
[2019-06-24T10:15:45.956+0000][1][safepoint    ] Application time: 1.0174297 seconds
[2019-06-24T10:15:45.957+0000][1][safepoint    ] Entering safepoint region: Cleanup
[2019-06-24T10:15:45.957+0000][1][safepoint    ] Leaving safepoint region
[2019-06-24T10:15:45.957+0000][1][safepoint    ] Total time for which application threads were stopped: 0.0002762 seconds, Stopping threads took: 0.0000677 seconds
[2019-06-24T10:15:46.957+0000][1][safepoint    ] Application time: 1.0002577 seconds
[2019-06-24T10:15:46.957+0000][1][safepoint    ] Entering safepoint region: Cleanup
[2019-06-24T10:15:46.957+0000][1][safepoint    ] Leaving safepoint region
[2019-06-24T10:15:46.957+0000][1][safepoint    ] Total time for which application threads were stopped: 0.0002768 seconds, Stopping threads took: 0.0000719 seconds
[2019-06-24T10:15:47.958+0000][1][safepoint    ] Application time: 1.0002537 seconds
[2019-06-24T10:15:47.958+0000][1][safepoint    ] Entering safepoint region: Cleanup
[2019-06-24T10:15:47.958+0000][1][safepoint    ] Leaving safepoint region
[2019-06-24T10:15:47.958+0000][1][safepoint    ] Total time for which application threads were stopped: 0.0003131 seconds, Stopping threads took: 0.0000699 seconds
[2019-06-24T10:15:48.959+0000][1][safepoint    ] Application time: 1.0003458 seconds
[2019-06-24T10:15:48.959+0000][1][safepoint    ] Entering safepoint region: Cleanup
[2019-06-24T10:15:48.959+0000][1][safepoint    ] Leaving safepoint region
[2019-06-24T10:15:48.959+0000][1][safepoint    ] Total time for which application threads were stopped: 0.0001224 seconds, Stopping threads took: 0.0000448 seconds
[2019-06-24T10:15:49.959+0000][1][safepoint    ] Application time: 1.0001735 seconds
[2019-06-24T10:15:49.959+0000][1][safepoint    ] Entering safepoint region: Cleanup
[2019-06-24T10:15:49.959+0000][1][safepoint    ] Leaving safepoint region
[2019-06-24T10:15:49.959+0000][1][safepoint    ] Total time for which application threads were stopped: 0.0002779 seconds, Stopping threads took: 0.0000699 seconds
[2019-06-24T10:15:50.960+0000][1][safepoint    ] Application time: 1.0001604 seconds
[2019-06-24T10:15:50.960+0000][1][safepoint    ] Entering safepoint region: Cleanup
[2019-06-24T10:15:50.960+0000][1][safepoint    ] Leaving safepoint region
[2019-06-24T10:15:50.960+0000][1][safepoint    ] Total time for which application threads were stopped: 0.0005307 seconds, Stopping threads took: 0.0002711 seconds
[2019-06-24T10:15:51.960+0000][1][safepoint    ] Application time: 1.0002750 seconds
[2019-06-24T10:15:51.961+0000][1][safepoint    ] Entering safepoint region: Cleanup
[2019-06-24T10:15:51.961+0000][1][safepoint    ] Leaving safepoint region
[2019-06-24T10:15:51.961+0000][1][safepoint    ] Total time for which application threads were stopped: 0.0002886 seconds, Stopping threads took: 0.0000730 seconds
[2019-06-24T10:15:52.961+0000][1][safepoint    ] Application time: 1.0002650 seconds
[2019-06-24T10:15:52.961+0000][1][safepoint    ] Entering safepoint region: Cleanup
[2019-06-24T10:15:52.962+0000][1][safepoint    ] Leaving safepoint region
[2019-06-24T10:15:52.962+0000][1][safepoint    ] Total time for which application threads were stopped: 0.0002819 seconds, Stopping threads took: 0.0000730 seconds
[2019-06-24T10:15:53.575+0000][1][safepoint    ] Application time: 0.6131911 seconds
[2019-06-24T10:15:53.575+0000][1][safepoint    ] Entering safepoint region: GenCollectForAllocation
[2019-06-24T10:15:53.575+0000][1][gc,start     ] GC(39) Pause Young (Allocation Failure)
[2019-06-24T10:15:53.575+0000][1][gc,task      ] GC(39) Using 5 workers of 8 for evacuation
[2019-06-24T10:15:53.579+0000][1][gc,age       ] GC(39) Desired survivor size 4456448 bytes, new threshold 6 (max threshold 6)
[2019-06-24T10:15:53.579+0000][1][gc,age       ] GC(39) Age table with threshold 6 (max threshold 6)
[2019-06-24T10:15:53.579+0000][1][gc,age       ] GC(39) - age   1:       5776 bytes,       5776 total
[2019-06-24T10:15:53.579+0000][1][gc,age       ] GC(39) - age   2:       6928 bytes,      12704 total
[2019-06-24T10:15:53.579+0000][1][gc,age       ] GC(39) - age   3:     141432 bytes,     154136 total
[2019-06-24T10:15:53.579+0000][1][gc,age       ] GC(39) - age   4:      78752 bytes,     232888 total
[2019-06-24T10:15:53.579+0000][1][gc,age       ] GC(39) - age   5:        760 bytes,     233648 total
[2019-06-24T10:15:53.579+0000][1][gc,age       ] GC(39) - age   6:       9048 bytes,     242696 total
[2019-06-24T10:15:53.579+0000][1][gc,heap      ] GC(39) ParNew: 70302K->318K(78656K)
[2019-06-24T10:15:53.579+0000][1][gc,heap      ] GC(39) CMS: 70336K->70337K(174784K)
[2019-06-24T10:15:53.579+0000][1][gc,metaspace ] GC(39) Metaspace: 70517K->70517K(1114112K)
[2019-06-24T10:15:53.580+0000][1][gc           ] GC(39) Pause Young (Allocation Failure) 137M->68M(247M) 4.164ms
[2019-06-24T10:15:53.580+0000][1][gc,cpu       ] GC(39) User=0.01s Sys=0.00s Real=0.00s
[2019-06-24T10:15:53.580+0000][1][safepoint    ] Leaving safepoint region
[2019-06-24T10:15:53.580+0000][1][safepoint    ] Total time for which application threads were stopped: 0.0047536 seconds, Stopping threads took: 0.0001063 seconds
[2019-06-24T10:15:54.580+0000][1][safepoint    ] Application time: 1.0002648 seconds
[2019-06-24T10:15:54.580+0000][1][safepoint    ] Entering safepoint region: Cleanup
[2019-06-24T10:15:54.580+0000][1][safepoint    ] Leaving safepoint region
[2019-06-24T10:15:54.580+0000][1][safepoint    ] Total time for which application threads were stopped: 0.0001670 seconds, Stopping threads took: 0.0000418 seconds
[2019-06-24T10:15:55.581+0000][1][safepoint    ] Application time: 1.0002563 seconds
[2019-06-24T10:15:55.581+0000][1][safepoint    ] Entering safepoint region: Cleanup
[2019-06-24T10:15:55.581+0000][1][safepoint    ] Leaving safepoint region
[2019-06-24T10:15:55.581+0000][1][safepoint    ] Total time for which application threads were stopped: 0.0003137 seconds, Stopping threads took: 0.0000715 seconds
[2019-06-24T10:15:56.581+0000][1][safepoint    ] Application time: 1.0001526 seconds
[2019-06-24T10:15:56.581+0000][1][safepoint    ] Entering safepoint region: Cleanup
[2019-06-24T10:15:56.581+0000][1][safepoint    ] Leaving safepoint region
[2019-06-24T10:15:56.581+0000][1][safepoint    ] Total time for which application threads were stopped: 0.0002716 seconds, Stopping threads took: 0.0000690 seconds
[2019-06-24T10:15:57.582+0000][1][safepoint    ] Application time: 1.0001703 seconds
[2019-06-24T10:15:57.582+0000][1][safepoint    ] Entering safepoint region: Cleanup
[2019-06-24T10:15:57.582+0000][1][safepoint    ] Leaving safepoint region
[2019-06-24T10:15:57.582+0000][1][safepoint    ] Total time for which application threads were stopped: 0.0002375 seconds, Stopping threads took: 0.0000592 seconds
[2019-06-24T10:15:58.582+0000][1][safepoint    ] Application time: 1.0001766 seconds
[2019-06-24T10:15:58.582+0000][1][safepoint    ] Entering safepoint region: Cleanup
[2019-06-24T10:15:58.583+0000][1][safepoint    ] Leaving safepoint region
[2019-06-24T10:15:58.583+0000][1][safepoint    ] Total time for which application threads were stopped: 0.0003575 seconds, Stopping threads took: 0.0000698 seconds
[2019-06-24T10:15:59.583+0000][1][safepoint    ] Application time: 1.0001017 seconds
[2019-06-24T10:15:59.584+0000][1][safepoint    ] Entering safepoint region: Cleanup
[2019-06-24T10:15:59.584+0000][1][safepoint    ] Leaving safepoint region
[2019-06-24T10:15:59.584+0000][1][safepoint    ] Total time for which application threads were stopped: 0.0001578 seconds, Stopping threads took: 0.0000491 seconds
[2019-06-24T10:16:00.584+0000][1][safepoint    ] Application time: 1.0002215 seconds
[2019-06-24T10:16:00.584+0000][1][safepoint    ] Entering safepoint region: Cleanup
[2019-06-24T10:16:00.585+0000][1][safepoint    ] Leaving safepoint region
[2019-06-24T10:16:00.585+0000][1][safepoint    ] Total time for which application threads were stopped: 0.0002535 seconds, Stopping threads took: 0.0000689 seconds
[2019-06-24T10:16:01.585+0000][1][safepoint    ] Application time: 1.0002061 seconds
[2019-06-24T10:16:01.585+0000][1][safepoint    ] Entering safepoint region: Cleanup
[2019-06-24T10:16:01.585+0000][1][safepoint    ] Leaving safepoint region
[2019-06-24T10:16:01.585+0000][1][safepoint    ] Total time for which application threads were stopped: 0.0003582 seconds, Stopping threads took: 0.0001424 seconds
[2019-06-24T10:16:02.585+0000][1][safepoint    ] Application time: 1.0001294 seconds
[2019-06-24T10:16:02.586+0000][1][safepoint    ] Entering safepoint region: Cleanup
[2019-06-24T10:16:02.586+0000][1][safepoint    ] Leaving safepoint region
[2019-06-24T10:16:02.586+0000][1][safepoint    ] Total time for which application threads were stopped: 0.0001498 seconds, Stopping threads took: 0.0000442 seconds
[2019-06-24T10:16:03.586+0000][1][safepoint    ] Application time: 1.0002510 seconds
[2019-06-24T10:16:03.586+0000][1][safepoint    ] Entering safepoint region: Cleanup
[2019-06-24T10:16:03.586+0000][1][safepoint    ] Leaving safepoint region
[2019-06-24T10:16:03.586+0000][1][safepoint    ] Total time for which application threads were stopped: 0.0002802 seconds, Stopping threads took: 0.0000853 seconds
[2019-06-24T10:16:04.587+0000][1][safepoint    ] Application time: 1.0002607 seconds
[2019-06-24T10:16:04.587+0000][1][safepoint    ] Entering safepoint region: Cleanup
[2019-06-24T10:16:04.587+0000][1][safepoint    ] Leaving safepoint region
[2019-06-24T10:16:04.587+0000][1][safepoint    ] Total time for which application threads were stopped: 0.0002304 seconds, Stopping threads took: 0.0000607 seconds
[2019-06-24T10:16:05.587+0000][1][safepoint    ] Application time: 1.0001404 seconds
[2019-06-24T10:16:05.587+0000][1][safepoint    ] Entering safepoint region: Cleanup
[2019-06-24T10:16:05.588+0000][1][safepoint    ] Leaving safepoint region
[2019-06-24T10:16:05.588+0000][1][safepoint    ] Total time for which application threads were stopped: 0.0003411 seconds, Stopping threads took: 0.0000887 seconds
[2019-06-24T10:16:06.588+0000][1][safepoint    ] Application time: 1.0002641 seconds
[2019-06-24T10:16:06.588+0000][1][safepoint    ] Entering safepoint region: Cleanup
[2019-06-24T10:16:06.588+0000][1][safepoint    ] Leaving safepoint region
[2019-06-24T10:16:06.588+0000][1][safepoint    ] Total time for which application threads were stopped: 0.0002840 seconds, Stopping threads took: 0.0000748 seconds
[2019-06-24T10:16:07.589+0000][1][safepoint    ] Application time: 1.0002376 seconds
[2019-06-24T10:16:07.589+0000][1][safepoint    ] Entering safepoint region: Cleanup
[2019-06-24T10:16:07.589+0000][1][safepoint    ] Leaving safepoint region
[2019-06-24T10:16:07.589+0000][1][safepoint    ] Total time for which application threads were stopped: 0.0002729 seconds, Stopping threads took: 0.0000716 seconds
[2019-06-24T10:16:08.589+0000][1][safepoint    ] Application time: 1.0001277 seconds
[2019-06-24T10:16:08.589+0000][1][safepoint    ] Entering safepoint region: Cleanup
[2019-06-24T10:16:08.589+0000][1][safepoint    ] Leaving safepoint region
[2019-06-24T10:16:08.589+0000][1][safepoint    ] Total time for which application threads were stopped: 0.0001000 seconds, Stopping threads took: 0.0000261 seconds
[2019-06-24T10:16:09.589+0000][1][safepoint    ] Application time: 1.0002051 seconds
[2019-06-24T10:16:09.589+0000][1][safepoint    ] Entering safepoint region: Cleanup
[2019-06-24T10:16:09.590+0000][1][safepoint    ] Leaving safepoint region
[2019-06-24T10:16:09.590+0000][1][safepoint    ] Total time for which application threads were stopped: 0.0001366 seconds, Stopping threads took: 0.0000362 seconds
[2019-06-24T10:16:10.590+0000][1][safepoint    ] Application time: 1.0002212 seconds
[2019-06-24T10:16:10.590+0000][1][safepoint    ] Entering safepoint region: Cleanup
[2019-06-24T10:16:10.590+0000][1][safepoint    ] Leaving safepoint region
[2019-06-24T10:16:10.590+0000][1][safepoint    ] Total time for which application threads were stopped: 0.0002710 seconds, Stopping threads took: 0.0000715 seconds
[2019-06-24T10:16:11.590+0000][1][safepoint    ] Application time: 1.0002300 seconds
[2019-06-24T10:16:11.591+0000][1][safepoint    ] Entering safepoint region: Cleanup
[2019-06-24T10:16:11.591+0000][1][safepoint    ] Leaving safepoint region
[2019-06-24T10:16:11.591+0000][1][safepoint    ] Total time for which application threads were stopped: 0.0002718 seconds, Stopping threads took: 0.0000928 seconds
[2019-06-24T10:16:12.591+0000][1][safepoint    ] Application time: 1.0002260 seconds
[2019-06-24T10:16:12.591+0000][1][safepoint    ] Entering safepoint region: Cleanup
[2019-06-24T10:16:12.591+0000][1][safepoint    ] Leaving safepoint region
[2019-06-24T10:16:12.591+0000][1][safepoint    ] Total time for which application threads were stopped: 0.0002676 seconds, Stopping threads took: 0.0000815 seconds
[2019-06-24T10:16:13.592+0000][1][safepoint    ] Application time: 1.0002222 seconds
[2019-06-24T10:16:13.592+0000][1][safepoint    ] Entering safepoint region: Cleanup
[2019-06-24T10:16:13.592+0000][1][safepoint    ] Leaving safepoint region
[2019-06-24T10:16:13.592+0000][1][safepoint    ] Total time for which application threads were stopped: 0.0002354 seconds, Stopping threads took: 0.0000709 seconds
[2019-06-24T10:16:14.592+0000][1][safepoint    ] Application time: 1.0000938 seconds
[2019-06-24T10:16:14.592+0000][1][safepoint    ] Entering safepoint region: Cleanup
[2019-06-24T10:16:14.592+0000][1][safepoint    ] Leaving safepoint region
[2019-06-24T10:16:14.592+0000][1][safepoint    ] Total time for which application threads were stopped: 0.0001386 seconds, Stopping threads took: 0.0000330 seconds
[2019-06-24T10:16:15.593+0000][1][safepoint    ] Application time: 1.0001784 seconds
[2019-06-24T10:16:15.593+0000][1][safepoint    ] Entering safepoint region: Cleanup
[2019-06-24T10:16:15.593+0000][1][safepoint    ] Leaving safepoint region
[2019-06-24T10:16:15.593+0000][1][safepoint    ] Total time for which application threads were stopped: 0.0002367 seconds, Stopping threads took: 0.0000625 seconds
[2019-06-24T10:16:16.593+0000][1][safepoint    ] Application time: 1.0001315 seconds
[2019-06-24T10:16:16.593+0000][1][safepoint    ] Entering safepoint region: Cleanup
[2019-06-24T10:16:16.593+0000][1][safepoint    ] Leaving safepoint region
[2019-06-24T10:16:16.593+0000][1][safepoint    ] Total time for which application threads were stopped: 0.0002580 seconds, Stopping threads took: 0.0000656 seconds
[2019-06-24T10:16:17.594+0000][1][safepoint    ] Application time: 1.0001511 seconds
[2019-06-24T10:16:17.594+0000][1][safepoint    ] Entering safepoint region: Cleanup
[2019-06-24T10:16:17.594+0000][1][safepoint    ] Leaving safepoint region
[2019-06-24T10:16:17.594+0000][1][safepoint    ] Total time for which application threads were stopped: 0.0002790 seconds, Stopping threads took: 0.0000859 seconds
[2019-06-24T10:16:18.594+0000][1][safepoint    ] Application time: 1.0001621 seconds
[2019-06-24T10:16:18.594+0000][1][safepoint    ] Entering safepoint region: Cleanup
[2019-06-24T10:16:18.594+0000][1][safepoint    ] Leaving safepoint region
[2019-06-24T10:16:18.595+0000][1][safepoint    ] Total time for which application threads were stopped: 0.0002601 seconds, Stopping threads took: 0.0000908 seconds
[2019-06-24T10:16:19.595+0000][1][safepoint    ] Application time: 1.0001334 seconds
[2019-06-24T10:16:19.595+0000][1][safepoint    ] Entering safepoint region: Cleanup
[2019-06-24T10:16:19.595+0000][1][safepoint    ] Leaving safepoint region
[2019-06-24T10:16:19.595+0000][1][safepoint    ] Total time for which application threads were stopped: 0.0002224 seconds, Stopping threads took: 0.0000640 seconds
[2019-06-24T10:16:20.595+0000][1][safepoint    ] Application time: 1.0001984 seconds
[2019-06-24T10:16:20.595+0000][1][safepoint    ] Entering safepoint region: Cleanup
[2019-06-24T10:16:20.595+0000][1][safepoint    ] Leaving safepoint region
[2019-06-24T10:16:20.595+0000][1][safepoint    ] Total time for which application threads were stopped: 0.0001885 seconds, Stopping threads took: 0.0000548 seconds
[2019-06-24T10:16:21.596+0000][1][safepoint    ] Application time: 1.0000847 seconds
[2019-06-24T10:16:21.596+0000][1][safepoint    ] Entering safepoint region: Cleanup
[2019-06-24T10:16:21.596+0000][1][safepoint    ] Leaving safepoint region
[2019-06-24T10:16:21.596+0000][1][safepoint    ] Total time for which application threads were stopped: 0.0001354 seconds, Stopping threads took: 0.0000306 seconds
[2019-06-24T10:16:22.596+0000][1][safepoint    ] Application time: 1.0001169 seconds
[2019-06-24T10:16:22.596+0000][1][safepoint    ] Entering safepoint region: Cleanup
[2019-06-24T10:16:22.596+0000][1][safepoint    ] Leaving safepoint region
[2019-06-24T10:16:22.596+0000][1][safepoint    ] Total time for which application threads were stopped: 0.0002367 seconds, Stopping threads took: 0.0000604 seconds
[2019-06-24T10:16:23.596+0000][1][safepoint    ] Application time: 1.0001726 seconds
[2019-06-24T10:16:23.596+0000][1][safepoint    ] Entering safepoint region: Cleanup
[2019-06-24T10:16:23.597+0000][1][safepoint    ] Leaving safepoint region
[2019-06-24T10:16:23.597+0000][1][safepoint    ] Total time for which application threads were stopped: 0.0002383 seconds, Stopping threads took: 0.0000621 seconds
[2019-06-24T10:16:24.597+0000][1][safepoint    ] Application time: 1.0001334 seconds
[2019-06-24T10:16:24.597+0000][1][safepoint    ] Entering safepoint region: Cleanup
[2019-06-24T10:16:24.597+0000][1][safepoint    ] Leaving safepoint region
[2019-06-24T10:16:24.597+0000][1][safepoint    ] Total time for which application threads were stopped: 0.0001025 seconds, Stopping threads took: 0.0000281 seconds
[2019-06-24T10:16:25.597+0000][1][safepoint    ] Application time: 1.0001719 seconds
[2019-06-24T10:16:25.597+0000][1][safepoint    ] Entering safepoint region: Cleanup
[2019-06-24T10:16:25.598+0000][1][safepoint    ] Leaving safepoint region
[2019-06-24T10:16:25.598+0000][1][safepoint    ] Total time for which application threads were stopped: 0.0002663 seconds, Stopping threads took: 0.0000694 seconds
[2019-06-24T10:16:26.598+0000][1][safepoint    ] Application time: 1.0001593 seconds
[2019-06-24T10:16:26.598+0000][1][safepoint    ] Entering safepoint region: Cleanup
[2019-06-24T10:16:26.598+0000][1][safepoint    ] Leaving safepoint region
[2019-06-24T10:16:26.598+0000][1][safepoint    ] Total time for which application threads were stopped: 0.0001292 seconds, Stopping threads took: 0.0000335 seconds
[2019-06-24T10:16:27.598+0000][1][safepoint    ] Application time: 1.0001719 seconds
[2019-06-24T10:16:27.598+0000][1][safepoint    ] Entering safepoint region: Cleanup
[2019-06-24T10:16:27.598+0000][1][safepoint    ] Leaving safepoint region
[2019-06-24T10:16:27.598+0000][1][safepoint    ] Total time for which application threads were stopped: 0.0002455 seconds, Stopping threads took: 0.0000679 seconds
[2019-06-24T10:16:28.599+0000][1][safepoint    ] Application time: 1.0001397 seconds
[2019-06-24T10:16:28.599+0000][1][safepoint    ] Entering safepoint region: Cleanup
[2019-06-24T10:16:28.599+0000][1][safepoint    ] Leaving safepoint region
[2019-06-24T10:16:28.599+0000][1][safepoint    ] Total time for which application threads were stopped: 0.0002440 seconds, Stopping threads took: 0.0000720 seconds
[2019-06-24T10:16:29.599+0000][1][safepoint    ] Application time: 1.0001340 seconds
[2019-06-24T10:16:29.599+0000][1][safepoint    ] Entering safepoint region: Cleanup
[2019-06-24T10:16:29.599+0000][1][safepoint    ] Leaving safepoint region
[2019-06-24T10:16:29.599+0000][1][safepoint    ] Total time for which application threads were stopped: 0.0001139 seconds, Stopping threads took: 0.0000334 seconds
[2019-06-24T10:16:30.599+0000][1][safepoint    ] Application time: 1.0001067 seconds
[2019-06-24T10:16:30.600+0000][1][safepoint    ] Entering safepoint region: Cleanup
[2019-06-24T10:16:30.600+0000][1][safepoint    ] Leaving safepoint region
[2019-06-24T10:16:30.600+0000][1][safepoint    ] Total time for which application threads were stopped: 0.0002821 seconds, Stopping threads took: 0.0000856 seconds
[2019-06-24T10:16:31.600+0000][1][safepoint    ] Application time: 1.0001850 seconds
[2019-06-24T10:16:31.600+0000][1][safepoint    ] Entering safepoint region: Cleanup
[2019-06-24T10:16:31.600+0000][1][safepoint    ] Leaving safepoint region
[2019-06-24T10:16:31.600+0000][1][safepoint    ] Total time for which application threads were stopped: 0.0002398 seconds, Stopping threads took: 0.0000644 seconds
[2019-06-24T10:16:32.601+0000][1][safepoint    ] Application time: 1.0001445 seconds
[2019-06-24T10:16:32.601+0000][1][safepoint    ] Entering safepoint region: Cleanup
[2019-06-24T10:16:32.601+0000][1][safepoint    ] Leaving safepoint region
[2019-06-24T10:16:32.601+0000][1][safepoint    ] Total time for which application threads were stopped: 0.0001122 seconds, Stopping threads took: 0.0000284 seconds
[2019-06-24T10:16:33.601+0000][1][safepoint    ] Application time: 1.0001080 seconds
[2019-06-24T10:16:33.601+0000][1][safepoint    ] Entering safepoint region: Cleanup
[2019-06-24T10:16:33.601+0000][1][safepoint    ] Leaving safepoint region
[2019-06-24T10:16:33.601+0000][1][safepoint    ] Total time for which application threads were stopped: 0.0002553 seconds, Stopping threads took: 0.0000642 seconds
[2019-06-24T10:16:34.601+0000][1][safepoint    ] Application time: 1.0001193 seconds
[2019-06-24T10:16:34.602+0000][1][safepoint    ] Entering safepoint region: Cleanup
[2019-06-24T10:16:34.602+0000][1][safepoint    ] Leaving safepoint region
[2019-06-24T10:16:34.602+0000][1][safepoint    ] Total time for which application threads were stopped: 0.0002350 seconds, Stopping threads took: 0.0000609 seconds
[2019-06-24T10:16:35.602+0000][1][safepoint    ] Application time: 1.0001435 seconds
[2019-06-24T10:16:35.603+0000][1][safepoint    ] Entering safepoint region: Cleanup
[2019-06-24T10:16:35.603+0000][1][safepoint    ] Leaving safepoint region
[2019-06-24T10:16:35.603+0000][1][safepoint    ] Total time for which application threads were stopped: 0.0004014 seconds, Stopping threads took: 0.0002015 seconds
[2019-06-24T10:16:36.603+0000][1][safepoint    ] Application time: 1.0002600 seconds
[2019-06-24T10:16:36.603+0000][1][safepoint    ] Entering safepoint region: Cleanup
[2019-06-24T10:16:36.603+0000][1][safepoint    ] Leaving safepoint region
[2019-06-24T10:16:36.603+0000][1][safepoint    ] Total time for which application threads were stopped: 0.0002490 seconds, Stopping threads took: 0.0000621 seconds
[2019-06-24T10:16:37.604+0000][1][safepoint    ] Application time: 1.0002288 seconds
[2019-06-24T10:16:37.604+0000][1][safepoint    ] Entering safepoint region: Cleanup
[2019-06-24T10:16:37.604+0000][1][safepoint    ] Leaving safepoint region
[2019-06-24T10:16:37.604+0000][1][safepoint    ] Total time for which application threads were stopped: 0.0002708 seconds, Stopping threads took: 0.0000929 seconds
[2019-06-24T10:16:38.604+0000][1][safepoint    ] Application time: 1.0002354 seconds
[2019-06-24T10:16:38.604+0000][1][safepoint    ] Entering safepoint region: Cleanup
[2019-06-24T10:16:38.605+0000][1][safepoint    ] Leaving safepoint region
[2019-06-24T10:16:38.605+0000][1][safepoint    ] Total time for which application threads were stopped: 0.0002570 seconds, Stopping threads took: 0.0000671 seconds
[2019-06-24T10:16:39.605+0000][1][safepoint    ] Application time: 1.0002000 seconds
[2019-06-24T10:16:39.605+0000][1][safepoint    ] Entering safepoint region: Cleanup
[2019-06-24T10:16:39.605+0000][1][safepoint    ] Leaving safepoint region
[2019-06-24T10:16:39.605+0000][1][safepoint    ] Total time for which application threads were stopped: 0.0004151 seconds, Stopping threads took: 0.0001730 seconds
[2019-06-24T10:16:40.606+0000][1][safepoint    ] Application time: 1.0002122 seconds
[2019-06-24T10:16:40.606+0000][1][safepoint    ] Entering safepoint region: Cleanup
[2019-06-24T10:16:40.606+0000][1][safepoint    ] Leaving safepoint region
[2019-06-24T10:16:40.606+0000][1][safepoint    ] Total time for which application threads were stopped: 0.0002601 seconds, Stopping threads took: 0.0000641 seconds
[2019-06-24T10:16:41.606+0000][1][safepoint    ] Application time: 1.0002153 seconds
[2019-06-24T10:16:41.606+0000][1][safepoint    ] Entering safepoint region: Cleanup
[2019-06-24T10:16:41.607+0000][1][safepoint    ] Leaving safepoint region
[2019-06-24T10:16:41.607+0000][1][safepoint    ] Total time for which application threads were stopped: 0.0004079 seconds, Stopping threads took: 0.0001281 seconds
[2019-06-24T10:16:42.607+0000][1][safepoint    ] Application time: 1.0002453 seconds
[2019-06-24T10:16:42.607+0000][1][safepoint    ] Entering safepoint region: Cleanup
[2019-06-24T10:16:42.607+0000][1][safepoint    ] Leaving safepoint region
[2019-06-24T10:16:42.607+0000][1][safepoint    ] Total time for which application threads were stopped: 0.0002615 seconds, Stopping threads took: 0.0000640 seconds
[2019-06-24T10:16:43.608+0000][1][safepoint    ] Application time: 1.0002471 seconds
[2019-06-24T10:16:43.608+0000][1][safepoint    ] Entering safepoint region: Cleanup
[2019-06-24T10:16:43.608+0000][1][safepoint    ] Leaving safepoint region
[2019-06-24T10:16:43.608+0000][1][safepoint    ] Total time for which application threads were stopped: 0.0002536 seconds, Stopping threads took: 0.0000645 seconds
[2019-06-24T10:16:44.608+0000][1][safepoint    ] Application time: 1.0002467 seconds
[2019-06-24T10:16:44.609+0000][1][safepoint    ] Entering safepoint region: Cleanup
[2019-06-24T10:16:44.609+0000][1][safepoint    ] Leaving safepoint region
[2019-06-24T10:16:44.609+0000][1][safepoint    ] Total time for which application threads were stopped: 0.0002854 seconds, Stopping threads took: 0.0000805 seconds
[2019-06-24T10:16:45.609+0000][1][safepoint    ] Application time: 1.0001998 seconds
[2019-06-24T10:16:45.609+0000][1][safepoint    ] Entering safepoint region: Cleanup
[2019-06-24T10:16:45.609+0000][1][safepoint    ] Leaving safepoint region
[2019-06-24T10:16:45.609+0000][1][safepoint    ] Total time for which application threads were stopped: 0.0002755 seconds, Stopping threads took: 0.0000640 seconds
[2019-06-24T10:16:46.610+0000][1][safepoint    ] Application time: 1.0001951 seconds
[2019-06-24T10:16:46.610+0000][1][safepoint    ] Entering safepoint region: Cleanup
[2019-06-24T10:16:46.611+0000][1][safepoint    ] Leaving safepoint region
[2019-06-24T10:16:46.611+0000][1][safepoint    ] Total time for which application threads were stopped: 0.0011444 seconds, Stopping threads took: 0.0009174 seconds
[2019-06-24T10:16:47.611+0000][1][safepoint    ] Application time: 1.0001987 seconds
[2019-06-24T10:16:47.611+0000][1][safepoint    ] Entering safepoint region: Cleanup
[2019-06-24T10:16:47.611+0000][1][safepoint    ] Leaving safepoint region
[2019-06-24T10:16:47.611+0000][1][safepoint    ] Total time for which application threads were stopped: 0.0002533 seconds, Stopping threads took: 0.0000641 seconds
[2019-06-24T10:16:48.612+0000][1][safepoint    ] Application time: 1.0001484 seconds
[2019-06-24T10:16:48.612+0000][1][safepoint    ] Entering safepoint region: Cleanup
[2019-06-24T10:16:48.612+0000][1][safepoint    ] Leaving safepoint region
[2019-06-24T10:16:48.612+0000][1][safepoint    ] Total time for which application threads were stopped: 0.0005947 seconds, Stopping threads took: 0.0003972 seconds
[2019-06-24T10:16:49.613+0000][1][safepoint    ] Application time: 1.0002631 seconds
[2019-06-24T10:16:49.613+0000][1][safepoint    ] Entering safepoint region: Cleanup
[2019-06-24T10:16:49.613+0000][1][safepoint    ] Leaving safepoint region
[2019-06-24T10:16:49.613+0000][1][safepoint    ] Total time for which application threads were stopped: 0.0003603 seconds, Stopping threads took: 0.0000906 seconds
[2019-06-24T10:16:50.613+0000][1][safepoint    ] Application time: 1.0002422 seconds
[2019-06-24T10:16:50.613+0000][1][safepoint    ] Entering safepoint region: Cleanup
[2019-06-24T10:16:50.614+0000][1][safepoint    ] Leaving safepoint region
[2019-06-24T10:16:50.614+0000][1][safepoint    ] Total time for which application threads were stopped: 0.0002498 seconds, Stopping threads took: 0.0000620 seconds
[2019-06-24T10:16:51.614+0000][1][safepoint    ] Application time: 1.0002415 seconds
[2019-06-24T10:16:51.614+0000][1][safepoint    ] Entering safepoint region: Cleanup
[2019-06-24T10:16:51.614+0000][1][safepoint    ] Leaving safepoint region
[2019-06-24T10:16:51.614+0000][1][safepoint    ] Total time for which application threads were stopped: 0.0002627 seconds, Stopping threads took: 0.0000727 seconds
[2019-06-24T10:16:52.615+0000][1][safepoint    ] Application time: 1.0002542 seconds
[2019-06-24T10:16:52.615+0000][1][safepoint    ] Entering safepoint region: Cleanup
[2019-06-24T10:16:52.615+0000][1][safepoint    ] Leaving safepoint region
[2019-06-24T10:16:52.615+0000][1][safepoint    ] Total time for which application threads were stopped: 0.0002475 seconds, Stopping threads took: 0.0000632 seconds
[2019-06-24T10:16:53.615+0000][1][safepoint    ] Application time: 1.0002324 seconds
[2019-06-24T10:16:53.615+0000][1][safepoint    ] Entering safepoint region: Cleanup
[2019-06-24T10:16:53.616+0000][1][safepoint    ] Leaving safepoint region
[2019-06-24T10:16:53.616+0000][1][safepoint    ] Total time for which application threads were stopped: 0.0002888 seconds, Stopping threads took: 0.0000640 seconds
[2019-06-24T10:16:54.616+0000][1][safepoint    ] Application time: 1.0002842 seconds
[2019-06-24T10:16:54.616+0000][1][safepoint    ] Entering safepoint region: Cleanup
[2019-06-24T10:16:54.617+0000][1][safepoint    ] Leaving safepoint region
[2019-06-24T10:16:54.617+0000][1][safepoint    ] Total time for which application threads were stopped: 0.0005919 seconds, Stopping threads took: 0.0000859 seconds
[2019-06-24T10:16:55.617+0000][1][safepoint    ] Application time: 1.0002528 seconds
[2019-06-24T10:16:55.617+0000][1][safepoint    ] Entering safepoint region: Cleanup
[2019-06-24T10:16:55.617+0000][1][safepoint    ] Leaving safepoint region
[2019-06-24T10:16:55.617+0000][1][safepoint    ] Total time for which application threads were stopped: 0.0002504 seconds, Stopping threads took: 0.0000639 seconds
[2019-06-24T10:16:56.617+0000][1][safepoint    ] Application time: 1.0001839 seconds
[2019-06-24T10:16:56.618+0000][1][safepoint    ] Entering safepoint region: Cleanup
[2019-06-24T10:16:56.618+0000][1][safepoint    ] Leaving safepoint region
[2019-06-24T10:16:56.618+0000][1][safepoint    ] Total time for which application threads were stopped: 0.0002745 seconds, Stopping threads took: 0.0000731 seconds
[2019-06-24T10:16:57.618+0000][1][safepoint    ] Application time: 1.0002438 seconds
[2019-06-24T10:16:57.618+0000][1][safepoint    ] Entering safepoint region: Cleanup
[2019-06-24T10:16:57.618+0000][1][safepoint    ] Leaving safepoint region
[2019-06-24T10:16:57.619+0000][1][safepoint    ] Total time for which application threads were stopped: 0.0003704 seconds, Stopping threads took: 0.0000630 seconds
[2019-06-24T10:16:58.619+0000][1][safepoint    ] Application time: 1.0001351 seconds
[2019-06-24T10:16:58.619+0000][1][safepoint    ] Entering safepoint region: Cleanup
[2019-06-24T10:16:58.619+0000][1][safepoint    ] Leaving safepoint region
[2019-06-24T10:16:58.619+0000][1][safepoint    ] Total time for which application threads were stopped: 0.0002513 seconds, Stopping threads took: 0.0000640 seconds
[2019-06-24T10:16:59.619+0000][1][safepoint    ] Application time: 1.0002364 seconds
[2019-06-24T10:16:59.619+0000][1][safepoint    ] Entering safepoint region: Cleanup
[2019-06-24T10:16:59.620+0000][1][safepoint    ] Leaving safepoint region
[2019-06-24T10:16:59.620+0000][1][safepoint    ] Total time for which application threads were stopped: 0.0002482 seconds, Stopping threads took: 0.0000624 seconds
[2019-06-24T10:17:00.620+0000][1][safepoint    ] Application time: 1.0001471 seconds
[2019-06-24T10:17:00.620+0000][1][safepoint    ] Entering safepoint region: Cleanup
[2019-06-24T10:17:00.620+0000][1][safepoint    ] Leaving safepoint region
[2019-06-24T10:17:00.620+0000][1][safepoint    ] Total time for which application threads were stopped: 0.0003203 seconds, Stopping threads took: 0.0000704 seconds
[2019-06-24T10:17:01.621+0000][1][safepoint    ] Application time: 1.0002594 seconds
[2019-06-24T10:17:01.621+0000][1][safepoint    ] Entering safepoint region: Cleanup
[2019-06-24T10:17:01.622+0000][1][safepoint    ] Leaving safepoint region
[2019-06-24T10:17:01.622+0000][1][safepoint    ] Total time for which application threads were stopped: 0.0011728 seconds, Stopping threads took: 0.0009018 seconds
[2019-06-24T10:17:02.622+0000][1][safepoint    ] Application time: 1.0002126 seconds
[2019-06-24T10:17:02.622+0000][1][safepoint    ] Entering safepoint region: Cleanup
[2019-06-24T10:17:02.623+0000][1][safepoint    ] Leaving safepoint region
[2019-06-24T10:17:02.623+0000][1][safepoint    ] Total time for which application threads were stopped: 0.0003847 seconds, Stopping threads took: 0.0000969 seconds
[2019-06-24T10:17:03.623+0000][1][safepoint    ] Application time: 1.0001463 seconds
[2019-06-24T10:17:03.623+0000][1][safepoint    ] Entering safepoint region: Cleanup
[2019-06-24T10:17:03.623+0000][1][safepoint    ] Leaving safepoint region
[2019-06-24T10:17:03.623+0000][1][safepoint    ] Total time for which application threads were stopped: 0.0002410 seconds, Stopping threads took: 0.0000612 seconds
[2019-06-24T10:17:04.623+0000][1][safepoint    ] Application time: 1.0002540 seconds
[2019-06-24T10:17:04.624+0000][1][safepoint    ] Entering safepoint region: Cleanup
[2019-06-24T10:17:04.624+0000][1][safepoint    ] Leaving safepoint region
[2019-06-24T10:17:04.624+0000][1][safepoint    ] Total time for which application threads were stopped: 0.0002839 seconds, Stopping threads took: 0.0000937 seconds
[2019-06-24T10:17:04.634+0000][1][safepoint    ] Application time: 0.0097784 seconds
[2019-06-24T10:17:04.634+0000][1][safepoint    ] Entering safepoint region: GenCollectForAllocation
[2019-06-24T10:17:04.634+0000][1][gc,start     ] GC(40) Pause Young (Allocation Failure)
[2019-06-24T10:17:04.634+0000][1][gc,task      ] GC(40) Using 5 workers of 8 for evacuation
[2019-06-24T10:17:04.637+0000][1][gc,age       ] GC(40) Desired survivor size 4456448 bytes, new threshold 6 (max threshold 6)
[2019-06-24T10:17:04.637+0000][1][gc,age       ] GC(40) Age table with threshold 6 (max threshold 6)
[2019-06-24T10:17:04.637+0000][1][gc,age       ] GC(40) - age   1:       6496 bytes,       6496 total
[2019-06-24T10:17:04.637+0000][1][gc,age       ] GC(40) - age   2:        912 bytes,       7408 total
[2019-06-24T10:17:04.637+0000][1][gc,age       ] GC(40) - age   3:       6928 bytes,      14336 total
[2019-06-24T10:17:04.637+0000][1][gc,age       ] GC(40) - age   4:     141080 bytes,     155416 total
[2019-06-24T10:17:04.637+0000][1][gc,age       ] GC(40) - age   5:      78560 bytes,     233976 total
[2019-06-24T10:17:04.637+0000][1][gc,age       ] GC(40) - age   6:        760 bytes,     234736 total
[2019-06-24T10:17:04.637+0000][1][gc,heap      ] GC(40) ParNew: 70270K->309K(78656K)
[2019-06-24T10:17:04.637+0000][1][gc,heap      ] GC(40) CMS: 70337K->70346K(174784K)
[2019-06-24T10:17:04.637+0000][1][gc,metaspace ] GC(40) Metaspace: 70532K->70532K(1114112K)
[2019-06-24T10:17:04.637+0000][1][gc           ] GC(40) Pause Young (Allocation Failure) 137M->68M(247M) 2.990ms
[2019-06-24T10:17:04.637+0000][1][gc,cpu       ] GC(40) User=0.01s Sys=0.00s Real=0.01s
[2019-06-24T10:17:04.637+0000][1][safepoint    ] Leaving safepoint region
[2019-06-24T10:17:04.637+0000][1][safepoint    ] Total time for which application threads were stopped: 0.0034168 seconds, Stopping threads took: 0.0000604 seconds
[2019-06-24T10:17:05.637+0000][1][safepoint    ] Application time: 1.0001548 seconds
[2019-06-24T10:17:05.637+0000][1][safepoint    ] Entering safepoint region: Cleanup
[2019-06-24T10:17:05.638+0000][1][safepoint    ] Leaving safepoint region
[2019-06-24T10:17:05.638+0000][1][safepoint    ] Total time for which application threads were stopped: 0.0002390 seconds, Stopping threads took: 0.0000605 seconds
[2019-06-24T10:17:06.638+0000][1][safepoint    ] Application time: 1.0002211 seconds
[2019-06-24T10:17:06.638+0000][1][safepoint    ] Entering safepoint region: Cleanup
[2019-06-24T10:17:06.639+0000][1][safepoint    ] Leaving safepoint region
[2019-06-24T10:17:06.639+0000][1][safepoint    ] Total time for which application threads were stopped: 0.0011529 seconds, Stopping threads took: 0.0008980 seconds
[2019-06-24T10:17:07.639+0000][1][safepoint    ] Application time: 1.0002592 seconds
[2019-06-24T10:17:07.640+0000][1][safepoint    ] Entering safepoint region: Cleanup
[2019-06-24T10:17:07.640+0000][1][safepoint    ] Leaving safepoint region
[2019-06-24T10:17:07.640+0000][1][safepoint    ] Total time for which application threads were stopped: 0.0002900 seconds, Stopping threads took: 0.0000751 seconds
[2019-06-24T10:17:08.640+0000][1][safepoint    ] Application time: 1.0002541 seconds
[2019-06-24T10:17:08.640+0000][1][safepoint    ] Entering safepoint region: Cleanup
[2019-06-24T10:17:08.640+0000][1][safepoint    ] Leaving safepoint region
[2019-06-24T10:17:08.641+0000][1][safepoint    ] Total time for which application threads were stopped: 0.0002717 seconds, Stopping threads took: 0.0000896 seconds
[2019-06-24T10:17:09.641+0000][1][safepoint    ] Application time: 1.0001812 seconds
[2019-06-24T10:17:09.641+0000][1][safepoint    ] Entering safepoint region: Cleanup
[2019-06-24T10:17:09.641+0000][1][safepoint    ] Leaving safepoint region
[2019-06-24T10:17:09.641+0000][1][safepoint    ] Total time for which application threads were stopped: 0.0002721 seconds, Stopping threads took: 0.0000672 seconds
[2019-06-24T10:17:10.641+0000][1][safepoint    ] Application time: 1.0002659 seconds
[2019-06-24T10:17:10.642+0000][1][safepoint    ] Entering safepoint region: Cleanup
[2019-06-24T10:17:10.642+0000][1][safepoint    ] Leaving safepoint region
[2019-06-24T10:17:10.642+0000][1][safepoint    ] Total time for which application threads were stopped: 0.0002523 seconds, Stopping threads took: 0.0000639 seconds
[2019-06-24T10:17:11.642+0000][1][safepoint    ] Application time: 1.0002431 seconds
[2019-06-24T10:17:11.642+0000][1][safepoint    ] Entering safepoint region: Cleanup
[2019-06-24T10:17:11.642+0000][1][safepoint    ] Leaving safepoint region
[2019-06-24T10:17:11.642+0000][1][safepoint    ] Total time for which application threads were stopped: 0.0002511 seconds, Stopping threads took: 0.0000634 seconds
[2019-06-24T10:17:12.643+0000][1][safepoint    ] Application time: 1.0003055 seconds
[2019-06-24T10:17:12.643+0000][1][safepoint    ] Entering safepoint region: Cleanup
[2019-06-24T10:17:12.643+0000][1][safepoint    ] Leaving safepoint region
[2019-06-24T10:17:12.643+0000][1][safepoint    ] Total time for which application threads were stopped: 0.0001729 seconds, Stopping threads took: 0.0000358 seconds
[2019-06-24T10:17:13.643+0000][1][safepoint    ] Application time: 1.0002318 seconds
[2019-06-24T10:17:13.643+0000][1][safepoint    ] Entering safepoint region: Cleanup
[2019-06-24T10:17:13.644+0000][1][safepoint    ] Leaving safepoint region
[2019-06-24T10:17:13.644+0000][1][safepoint    ] Total time for which application threads were stopped: 0.0003317 seconds, Stopping threads took: 0.0001153 seconds
[2019-06-24T10:17:14.644+0000][1][safepoint    ] Application time: 1.0002633 seconds
[2019-06-24T10:17:14.644+0000][1][safepoint    ] Entering safepoint region: Cleanup
[2019-06-24T10:17:14.644+0000][1][safepoint    ] Leaving safepoint region
[2019-06-24T10:17:14.644+0000][1][safepoint    ] Total time for which application threads were stopped: 0.0002819 seconds, Stopping threads took: 0.0000716 seconds
[2019-06-24T10:17:15.645+0000][1][safepoint    ] Application time: 1.0002596 seconds
[2019-06-24T10:17:15.645+0000][1][safepoint    ] Entering safepoint region: Cleanup
[2019-06-24T10:17:15.645+0000][1][safepoint    ] Leaving safepoint region
[2019-06-24T10:17:15.645+0000][1][safepoint    ] Total time for which application threads were stopped: 0.0002819 seconds, Stopping threads took: 0.0000738 seconds
[2019-06-24T10:17:16.645+0000][1][safepoint    ] Application time: 1.0002461 seconds
[2019-06-24T10:17:16.645+0000][1][safepoint    ] Entering safepoint region: Cleanup
[2019-06-24T10:17:16.646+0000][1][safepoint    ] Leaving safepoint region
[2019-06-24T10:17:16.646+0000][1][safepoint    ] Total time for which application threads were stopped: 0.0002554 seconds, Stopping threads took: 0.0000643 seconds
[2019-06-24T10:17:17.646+0000][1][safepoint    ] Application time: 1.0002542 seconds
[2019-06-24T10:17:17.646+0000][1][safepoint    ] Entering safepoint region: Cleanup
[2019-06-24T10:17:17.646+0000][1][safepoint    ] Leaving safepoint region
[2019-06-24T10:17:17.646+0000][1][safepoint    ] Total time for which application threads were stopped: 0.0002838 seconds, Stopping threads took: 0.0000726 seconds
[2019-06-24T10:17:18.647+0000][1][safepoint    ] Application time: 1.0003065 seconds
[2019-06-24T10:17:18.647+0000][1][safepoint    ] Entering safepoint region: Cleanup
[2019-06-24T10:17:18.647+0000][1][safepoint    ] Leaving safepoint region
[2019-06-24T10:17:18.647+0000][1][safepoint    ] Total time for which application threads were stopped: 0.0002262 seconds, Stopping threads took: 0.0000615 seconds
[2019-06-24T10:17:19.647+0000][1][safepoint    ] Application time: 1.0001800 seconds
[2019-06-24T10:17:19.647+0000][1][safepoint    ] Entering safepoint region: Cleanup
[2019-06-24T10:17:19.648+0000][1][safepoint    ] Leaving safepoint region
[2019-06-24T10:17:19.648+0000][1][safepoint    ] Total time for which application threads were stopped: 0.0003020 seconds, Stopping threads took: 0.0000984 seconds
[2019-06-24T10:17:20.648+0000][1][safepoint    ] Application time: 1.0001845 seconds
[2019-06-24T10:17:20.648+0000][1][safepoint    ] Entering safepoint region: Cleanup
[2019-06-24T10:17:20.648+0000][1][safepoint    ] Leaving safepoint region
[2019-06-24T10:17:20.648+0000][1][safepoint    ] Total time for which application threads were stopped: 0.0003010 seconds, Stopping threads took: 0.0000977 seconds
[2019-06-24T10:17:21.649+0000][1][safepoint    ] Application time: 1.0002267 seconds
[2019-06-24T10:17:21.649+0000][1][safepoint    ] Entering safepoint region: Cleanup
[2019-06-24T10:17:21.649+0000][1][safepoint    ] Leaving safepoint region
[2019-06-24T10:17:21.649+0000][1][safepoint    ] Total time for which application threads were stopped: 0.0002956 seconds, Stopping threads took: 0.0000761 seconds
[2019-06-24T10:17:22.649+0000][1][safepoint    ] Application time: 1.0001959 seconds
[2019-06-24T10:17:22.649+0000][1][safepoint    ] Entering safepoint region: Cleanup
[2019-06-24T10:17:22.649+0000][1][safepoint    ] Leaving safepoint region
[2019-06-24T10:17:22.649+0000][1][safepoint    ] Total time for which application threads were stopped: 0.0002555 seconds, Stopping threads took: 0.0000651 seconds
[2019-06-24T10:17:23.650+0000][1][safepoint    ] Application time: 1.0002444 seconds
[2019-06-24T10:17:23.650+0000][1][safepoint    ] Entering safepoint region: Cleanup
[2019-06-24T10:17:23.650+0000][1][safepoint    ] Leaving safepoint region
[2019-06-24T10:17:23.650+0000][1][safepoint    ] Total time for which application threads were stopped: 0.0002751 seconds, Stopping threads took: 0.0000741 seconds
[2019-06-24T10:17:24.650+0000][1][safepoint    ] Application time: 1.0002490 seconds
[2019-06-24T10:17:24.651+0000][1][safepoint    ] Entering safepoint region: Cleanup
[2019-06-24T10:17:24.651+0000][1][safepoint    ] Leaving safepoint region
[2019-06-24T10:17:24.651+0000][1][safepoint    ] Total time for which application threads were stopped: 0.0002731 seconds, Stopping threads took: 0.0000756 seconds
[2019-06-24T10:17:25.651+0000][1][safepoint    ] Application time: 1.0002713 seconds
[2019-06-24T10:17:25.651+0000][1][safepoint    ] Entering safepoint region: Cleanup
[2019-06-24T10:17:25.652+0000][1][safepoint    ] Leaving safepoint region
[2019-06-24T10:17:25.652+0000][1][safepoint    ] Total time for which application threads were stopped: 0.0002862 seconds, Stopping threads took: 0.0000712 seconds
[2019-06-24T10:17:26.652+0000][1][safepoint    ] Application time: 1.0002623 seconds
[2019-06-24T10:17:26.652+0000][1][safepoint    ] Entering safepoint region: Cleanup
[2019-06-24T10:17:26.652+0000][1][safepoint    ] Leaving safepoint region
[2019-06-24T10:17:26.652+0000][1][safepoint    ] Total time for which application threads were stopped: 0.0002517 seconds, Stopping threads took: 0.0000625 seconds
[2019-06-24T10:17:27.652+0000][1][safepoint    ] Application time: 1.0002412 seconds
[2019-06-24T10:17:27.653+0000][1][safepoint    ] Entering safepoint region: Cleanup
[2019-06-24T10:17:27.653+0000][1][safepoint    ] Leaving safepoint region
[2019-06-24T10:17:27.653+0000][1][safepoint    ] Total time for which application threads were stopped: 0.0002534 seconds, Stopping threads took: 0.0000635 seconds
[2019-06-24T10:17:28.653+0000][1][safepoint    ] Application time: 1.0002653 seconds
[2019-06-24T10:17:28.653+0000][1][safepoint    ] Entering safepoint region: Cleanup
[2019-06-24T10:17:28.654+0000][1][safepoint    ] Leaving safepoint region
[2019-06-24T10:17:28.655+0000][1][safepoint    ] Total time for which application threads were stopped: 0.0013119 seconds, Stopping threads took: 0.0009930 seconds
[2019-06-24T10:17:29.655+0000][1][safepoint    ] Application time: 1.0002700 seconds
[2019-06-24T10:17:29.655+0000][1][safepoint    ] Entering safepoint region: Cleanup
[2019-06-24T10:17:29.655+0000][1][safepoint    ] Leaving safepoint region
[2019-06-24T10:17:29.655+0000][1][safepoint    ] Total time for which application threads were stopped: 0.0003592 seconds, Stopping threads took: 0.0001119 seconds
[2019-06-24T10:17:30.656+0000][1][safepoint    ] Application time: 1.0002524 seconds
[2019-06-24T10:17:30.656+0000][1][safepoint    ] Entering safepoint region: Cleanup
[2019-06-24T10:17:30.656+0000][1][safepoint    ] Leaving safepoint region
[2019-06-24T10:17:30.656+0000][1][safepoint    ] Total time for which application threads were stopped: 0.0002967 seconds, Stopping threads took: 0.0000818 seconds
[2019-06-24T10:17:31.656+0000][1][safepoint    ] Application time: 1.0002545 seconds
[2019-06-24T10:17:31.656+0000][1][safepoint    ] Entering safepoint region: Cleanup
[2019-06-24T10:17:31.657+0000][1][safepoint    ] Leaving safepoint region
[2019-06-24T10:17:31.657+0000][1][safepoint    ] Total time for which application threads were stopped: 0.0003133 seconds, Stopping threads took: 0.0000980 seconds
[2019-06-24T10:17:32.657+0000][1][safepoint    ] Application time: 1.0002583 seconds
[2019-06-24T10:17:32.657+0000][1][safepoint    ] Entering safepoint region: Cleanup
[2019-06-24T10:17:32.657+0000][1][safepoint    ] Leaving safepoint region
[2019-06-24T10:17:32.657+0000][1][safepoint    ] Total time for which application threads were stopped: 0.0003016 seconds, Stopping threads took: 0.0000965 seconds
[2019-06-24T10:17:33.658+0000][1][safepoint    ] Application time: 1.0002607 seconds
[2019-06-24T10:17:33.658+0000][1][safepoint    ] Entering safepoint region: Cleanup
[2019-06-24T10:17:33.659+0000][1][safepoint    ] Leaving safepoint region
[2019-06-24T10:17:33.659+0000][1][safepoint    ] Total time for which application threads were stopped: 0.0012461 seconds, Stopping threads took: 0.0010000 seconds
[2019-06-24T10:17:34.659+0000][1][safepoint    ] Application time: 1.0002486 seconds
[2019-06-24T10:17:34.660+0000][1][safepoint    ] Entering safepoint region: Cleanup
[2019-06-24T10:17:34.660+0000][1][safepoint    ] Leaving safepoint region
[2019-06-24T10:17:34.660+0000][1][safepoint    ] Total time for which application threads were stopped: 0.0003676 seconds, Stopping threads took: 0.0001117 seconds
[2019-06-24T10:17:35.660+0000][1][safepoint    ] Application time: 1.0002678 seconds
[2019-06-24T10:17:35.660+0000][1][safepoint    ] Entering safepoint region: Cleanup
[2019-06-24T10:17:35.661+0000][1][safepoint    ] Leaving safepoint region
[2019-06-24T10:17:35.661+0000][1][safepoint    ] Total time for which application threads were stopped: 0.0004190 seconds, Stopping threads took: 0.0001116 seconds
[2019-06-24T10:17:36.661+0000][1][safepoint    ] Application time: 1.0002490 seconds
[2019-06-24T10:17:36.661+0000][1][safepoint    ] Entering safepoint region: Cleanup
[2019-06-24T10:17:36.661+0000][1][safepoint    ] Leaving safepoint region
[2019-06-24T10:17:36.661+0000][1][safepoint    ] Total time for which application threads were stopped: 0.0003063 seconds, Stopping threads took: 0.0001001 seconds
[2019-06-24T10:17:37.744+0000][1][safepoint    ] Application time: 1.0821577 seconds
[2019-06-24T10:17:37.744+0000][1][safepoint    ] Entering safepoint region: Cleanup
[2019-06-24T10:17:37.744+0000][1][safepoint    ] Leaving safepoint region
[2019-06-24T10:17:37.744+0000][1][safepoint    ] Total time for which application threads were stopped: 0.0002554 seconds, Stopping threads took: 0.0000687 seconds
[2019-06-24T10:17:38.744+0000][1][safepoint    ] Application time: 1.0002544 seconds
[2019-06-24T10:17:38.744+0000][1][safepoint    ] Entering safepoint region: Cleanup
[2019-06-24T10:17:38.745+0000][1][safepoint    ] Leaving safepoint region
[2019-06-24T10:17:38.745+0000][1][safepoint    ] Total time for which application threads were stopped: 0.0003097 seconds, Stopping threads took: 0.0000878 seconds
[2019-06-24T10:17:39.745+0000][1][safepoint    ] Application time: 1.0001874 seconds
[2019-06-24T10:17:39.745+0000][1][safepoint    ] Entering safepoint region: Cleanup
[2019-06-24T10:17:39.745+0000][1][safepoint    ] Leaving safepoint region
[2019-06-24T10:17:39.745+0000][1][safepoint    ] Total time for which application threads were stopped: 0.0002231 seconds, Stopping threads took: 0.0000615 seconds
[2019-06-24T10:17:40.745+0000][1][safepoint    ] Application time: 1.0001641 seconds
[2019-06-24T10:17:40.746+0000][1][safepoint    ] Entering safepoint region: Cleanup
[2019-06-24T10:17:40.746+0000][1][safepoint    ] Leaving safepoint region
[2019-06-24T10:17:40.746+0000][1][safepoint    ] Total time for which application threads were stopped: 0.0001673 seconds, Stopping threads took: 0.0000501 seconds
[2019-06-24T10:17:41.746+0000][1][safepoint    ] Application time: 1.0001825 seconds
[2019-06-24T10:17:41.746+0000][1][safepoint    ] Entering safepoint region: Cleanup
[2019-06-24T10:17:41.746+0000][1][safepoint    ] Leaving safepoint region
[2019-06-24T10:17:41.746+0000][1][safepoint    ] Total time for which application threads were stopped: 0.0002477 seconds, Stopping threads took: 0.0000693 seconds
[2019-06-24T10:17:42.747+0000][1][safepoint    ] Application time: 1.0003130 seconds
[2019-06-24T10:17:42.747+0000][1][safepoint    ] Entering safepoint region: Cleanup
[2019-06-24T10:17:42.747+0000][1][safepoint    ] Leaving safepoint region
[2019-06-24T10:17:42.747+0000][1][safepoint    ] Total time for which application threads were stopped: 0.0002551 seconds, Stopping threads took: 0.0000703 seconds
[2019-06-24T10:17:43.747+0000][1][safepoint    ] Application time: 1.0002294 seconds
[2019-06-24T10:17:43.747+0000][1][safepoint    ] Entering safepoint region: Cleanup
[2019-06-24T10:17:43.748+0000][1][safepoint    ] Leaving safepoint region
[2019-06-24T10:17:43.748+0000][1][safepoint    ] Total time for which application threads were stopped: 0.0002757 seconds, Stopping threads took: 0.0000956 seconds
[2019-06-24T10:17:44.748+0000][1][safepoint    ] Application time: 1.0002428 seconds
[2019-06-24T10:17:44.748+0000][1][safepoint    ] Entering safepoint region: Cleanup
[2019-06-24T10:17:44.748+0000][1][safepoint    ] Leaving safepoint region
[2019-06-24T10:17:44.748+0000][1][safepoint    ] Total time for which application threads were stopped: 0.0002568 seconds, Stopping threads took: 0.0000704 seconds
[2019-06-24T10:17:45.749+0000][1][safepoint    ] Application time: 1.0002696 seconds
[2019-06-24T10:17:45.749+0000][1][safepoint    ] Entering safepoint region: Cleanup
[2019-06-24T10:17:45.749+0000][1][safepoint    ] Leaving safepoint region
[2019-06-24T10:17:45.749+0000][1][safepoint    ] Total time for which application threads were stopped: 0.0002635 seconds, Stopping threads took: 0.0000726 seconds
[2019-06-24T10:17:46.749+0000][1][safepoint    ] Application time: 1.0002643 seconds
[2019-06-24T10:17:46.749+0000][1][safepoint    ] Entering safepoint region: Cleanup
[2019-06-24T10:17:46.750+0000][1][safepoint    ] Leaving safepoint region
[2019-06-24T10:17:46.750+0000][1][safepoint    ] Total time for which application threads were stopped: 0.0002651 seconds, Stopping threads took: 0.0000716 seconds
[2019-06-24T10:17:47.750+0000][1][safepoint    ] Application time: 1.0002058 seconds
[2019-06-24T10:17:47.750+0000][1][safepoint    ] Entering safepoint region: Cleanup
[2019-06-24T10:17:47.750+0000][1][safepoint    ] Leaving safepoint region
[2019-06-24T10:17:47.750+0000][1][safepoint    ] Total time for which application threads were stopped: 0.0002608 seconds, Stopping threads took: 0.0000728 seconds
[2019-06-24T10:17:48.750+0000][1][safepoint    ] Application time: 1.0001978 seconds
[2019-06-24T10:17:48.751+0000][1][safepoint    ] Entering safepoint region: Cleanup
[2019-06-24T10:17:48.751+0000][1][safepoint    ] Leaving safepoint region
[2019-06-24T10:17:48.751+0000][1][safepoint    ] Total time for which application threads were stopped: 0.0002696 seconds, Stopping threads took: 0.0000802 seconds
[2019-06-24T10:17:49.751+0000][1][safepoint    ] Application time: 1.0002210 seconds
[2019-06-24T10:17:49.751+0000][1][safepoint    ] Entering safepoint region: Cleanup
[2019-06-24T10:17:49.751+0000][1][safepoint    ] Leaving safepoint region
[2019-06-24T10:17:49.751+0000][1][safepoint    ] Total time for which application threads were stopped: 0.0002582 seconds, Stopping threads took: 0.0000697 seconds
[2019-06-24T10:17:50.752+0000][1][safepoint    ] Application time: 1.0002406 seconds
[2019-06-24T10:17:50.752+0000][1][safepoint    ] Entering safepoint region: Cleanup
[2019-06-24T10:17:50.752+0000][1][safepoint    ] Leaving safepoint region
[2019-06-24T10:17:50.752+0000][1][safepoint    ] Total time for which application threads were stopped: 0.0002583 seconds, Stopping threads took: 0.0000720 seconds
[2019-06-24T10:17:51.752+0000][1][safepoint    ] Application time: 1.0002182 seconds
[2019-06-24T10:17:51.753+0000][1][safepoint    ] Entering safepoint region: Cleanup
[2019-06-24T10:17:51.753+0000][1][safepoint    ] Leaving safepoint region
[2019-06-24T10:17:51.753+0000][1][safepoint    ] Total time for which application threads were stopped: 0.0002585 seconds, Stopping threads took: 0.0000704 seconds
[2019-06-24T10:17:52.753+0000][1][safepoint    ] Application time: 1.0002546 seconds
[2019-06-24T10:17:52.753+0000][1][safepoint    ] Entering safepoint region: Cleanup
[2019-06-24T10:17:52.753+0000][1][safepoint    ] Leaving safepoint region
[2019-06-24T10:17:52.753+0000][1][safepoint    ] Total time for which application threads were stopped: 0.0002615 seconds, Stopping threads took: 0.0000719 seconds
[2019-06-24T10:17:53.754+0000][1][safepoint    ] Application time: 1.0002402 seconds
[2019-06-24T10:17:53.754+0000][1][safepoint    ] Entering safepoint region: Cleanup
[2019-06-24T10:17:53.754+0000][1][safepoint    ] Leaving safepoint region
[2019-06-24T10:17:53.754+0000][1][safepoint    ] Total time for which application threads were stopped: 0.0002565 seconds, Stopping threads took: 0.0000690 seconds
[2019-06-24T10:17:54.754+0000][1][safepoint    ] Application time: 1.0001330 seconds
[2019-06-24T10:17:54.754+0000][1][safepoint    ] Entering safepoint region: Cleanup
[2019-06-24T10:17:54.755+0000][1][safepoint    ] Leaving safepoint region
[2019-06-24T10:17:54.755+0000][1][safepoint    ] Total time for which application threads were stopped: 0.0004178 seconds, Stopping threads took: 0.0000805 seconds
[2019-06-24T10:17:55.755+0000][1][safepoint    ] Application time: 1.0001926 seconds
[2019-06-24T10:17:55.755+0000][1][safepoint    ] Entering safepoint region: Cleanup
[2019-06-24T10:17:55.755+0000][1][safepoint    ] Leaving safepoint region
[2019-06-24T10:17:55.755+0000][1][safepoint    ] Total time for which application threads were stopped: 0.0002391 seconds, Stopping threads took: 0.0000648 seconds
[2019-06-24T10:17:56.756+0000][1][safepoint    ] Application time: 1.0001857 seconds
[2019-06-24T10:17:56.756+0000][1][safepoint    ] Entering safepoint region: Cleanup
[2019-06-24T10:17:56.756+0000][1][safepoint    ] Leaving safepoint region
[2019-06-24T10:17:56.756+0000][1][safepoint    ] Total time for which application threads were stopped: 0.0002574 seconds, Stopping threads took: 0.0000705 seconds
[2019-06-24T10:17:57.756+0000][1][safepoint    ] Application time: 1.0002509 seconds
[2019-06-24T10:17:57.756+0000][1][safepoint    ] Entering safepoint region: Cleanup
[2019-06-24T10:17:57.757+0000][1][safepoint    ] Leaving safepoint region
[2019-06-24T10:17:57.757+0000][1][safepoint    ] Total time for which application threads were stopped: 0.0004244 seconds, Stopping threads took: 0.0001466 seconds
[2019-06-24T10:17:58.757+0000][1][safepoint    ] Application time: 1.0001981 seconds
[2019-06-24T10:17:58.757+0000][1][safepoint    ] Entering safepoint region: Cleanup
[2019-06-24T10:17:58.758+0000][1][safepoint    ] Leaving safepoint region
[2019-06-24T10:17:58.758+0000][1][safepoint    ] Total time for which application threads were stopped: 0.0005725 seconds, Stopping threads took: 0.0003761 seconds
[2019-06-24T10:17:59.758+0000][1][safepoint    ] Application time: 1.0002592 seconds
[2019-06-24T10:17:59.758+0000][1][safepoint    ] Entering safepoint region: Cleanup
[2019-06-24T10:17:59.758+0000][1][safepoint    ] Leaving safepoint region
[2019-06-24T10:17:59.758+0000][1][safepoint    ] Total time for which application threads were stopped: 0.0002399 seconds, Stopping threads took: 0.0000729 seconds
[2019-06-24T10:18:00.759+0000][1][safepoint    ] Application time: 1.0003067 seconds
[2019-06-24T10:18:00.759+0000][1][safepoint    ] Entering safepoint region: Cleanup
[2019-06-24T10:18:00.759+0000][1][safepoint    ] Leaving safepoint region
[2019-06-24T10:18:00.759+0000][1][safepoint    ] Total time for which application threads were stopped: 0.0002676 seconds, Stopping threads took: 0.0000786 seconds
[2019-06-24T10:18:01.759+0000][1][safepoint    ] Application time: 1.0002491 seconds
[2019-06-24T10:18:01.759+0000][1][safepoint    ] Entering safepoint region: Cleanup
[2019-06-24T10:18:01.760+0000][1][safepoint    ] Leaving safepoint region
[2019-06-24T10:18:01.760+0000][1][safepoint    ] Total time for which application threads were stopped: 0.0002423 seconds, Stopping threads took: 0.0000718 seconds
[2019-06-24T10:18:02.760+0000][1][safepoint    ] Application time: 1.0002235 seconds
[2019-06-24T10:18:02.760+0000][1][safepoint    ] Entering safepoint region: Cleanup
[2019-06-24T10:18:02.760+0000][1][safepoint    ] Leaving safepoint region
[2019-06-24T10:18:02.760+0000][1][safepoint    ] Total time for which application threads were stopped: 0.0002364 seconds, Stopping threads took: 0.0000704 seconds
[2019-06-24T10:18:03.761+0000][1][safepoint    ] Application time: 1.0002796 seconds
[2019-06-24T10:18:03.761+0000][1][safepoint    ] Entering safepoint region: Cleanup
[2019-06-24T10:18:03.761+0000][1][safepoint    ] Leaving safepoint region
[2019-06-24T10:18:03.761+0000][1][safepoint    ] Total time for which application threads were stopped: 0.0002666 seconds, Stopping threads took: 0.0000705 seconds
[2019-06-24T10:18:04.761+0000][1][safepoint    ] Application time: 1.0002239 seconds
[2019-06-24T10:18:04.761+0000][1][safepoint    ] Entering safepoint region: Cleanup
[2019-06-24T10:18:04.761+0000][1][safepoint    ] Leaving safepoint region
[2019-06-24T10:18:04.762+0000][1][safepoint    ] Total time for which application threads were stopped: 0.0002332 seconds, Stopping threads took: 0.0000605 seconds
[2019-06-24T10:18:05.762+0000][1][safepoint    ] Application time: 1.0002289 seconds
[2019-06-24T10:18:05.762+0000][1][safepoint    ] Entering safepoint region: Cleanup
[2019-06-24T10:18:05.762+0000][1][safepoint    ] Leaving safepoint region
[2019-06-24T10:18:05.762+0000][1][safepoint    ] Total time for which application threads were stopped: 0.0002941 seconds, Stopping threads took: 0.0000694 seconds
[2019-06-24T10:18:06.762+0000][1][safepoint    ] Application time: 1.0002401 seconds
[2019-06-24T10:18:06.763+0000][1][safepoint    ] Entering safepoint region: Cleanup
[2019-06-24T10:18:06.763+0000][1][safepoint    ] Leaving safepoint region
[2019-06-24T10:18:06.763+0000][1][safepoint    ] Total time for which application threads were stopped: 0.0002602 seconds, Stopping threads took: 0.0000744 seconds
[2019-06-24T10:18:07.763+0000][1][safepoint    ] Application time: 1.0002331 seconds
[2019-06-24T10:18:07.763+0000][1][safepoint    ] Entering safepoint region: Cleanup
[2019-06-24T10:18:07.763+0000][1][safepoint    ] Leaving safepoint region
[2019-06-24T10:18:07.764+0000][1][safepoint    ] Total time for which application threads were stopped: 0.0002666 seconds, Stopping threads took: 0.0000698 seconds
[2019-06-24T10:18:08.764+0000][1][safepoint    ] Application time: 1.0002460 seconds
[2019-06-24T10:18:08.764+0000][1][safepoint    ] Entering safepoint region: Cleanup
[2019-06-24T10:18:08.764+0000][1][safepoint    ] Leaving safepoint region
[2019-06-24T10:18:08.764+0000][1][safepoint    ] Total time for which application threads were stopped: 0.0002645 seconds, Stopping threads took: 0.0000709 seconds
[2019-06-24T10:18:09.765+0000][1][safepoint    ] Application time: 1.0002732 seconds
[2019-06-24T10:18:09.765+0000][1][safepoint    ] Entering safepoint region: Cleanup
[2019-06-24T10:18:09.765+0000][1][safepoint    ] Leaving safepoint region
[2019-06-24T10:18:09.765+0000][1][safepoint    ] Total time for which application threads were stopped: 0.0002769 seconds, Stopping threads took: 0.0000710 seconds
[2019-06-24T10:18:11.048+0000][1][safepoint    ] Application time: 1.2829669 seconds
[2019-06-24T10:18:11.048+0000][1][safepoint    ] Entering safepoint region: Cleanup
[2019-06-24T10:18:11.048+0000][1][safepoint    ] Leaving safepoint region
[2019-06-24T10:18:11.048+0000][1][safepoint    ] Total time for which application threads were stopped: 0.0002753 seconds, Stopping threads took: 0.0000724 seconds
[2019-06-24T10:18:12.049+0000][1][safepoint    ] Application time: 1.0001920 seconds
[2019-06-24T10:18:12.049+0000][1][safepoint    ] Entering safepoint region: Cleanup
[2019-06-24T10:18:12.049+0000][1][safepoint    ] Leaving safepoint region
[2019-06-24T10:18:12.049+0000][1][safepoint    ] Total time for which application threads were stopped: 0.0002822 seconds, Stopping threads took: 0.0000857 seconds
[2019-06-24T10:18:13.049+0000][1][safepoint    ] Application time: 1.0002392 seconds
[2019-06-24T10:18:13.049+0000][1][safepoint    ] Entering safepoint region: Cleanup
[2019-06-24T10:18:13.050+0000][1][safepoint    ] Leaving safepoint region
[2019-06-24T10:18:13.050+0000][1][safepoint    ] Total time for which application threads were stopped: 0.0002562 seconds, Stopping threads took: 0.0000609 seconds
[2019-06-24T10:18:14.050+0000][1][safepoint    ] Application time: 1.0002380 seconds
[2019-06-24T10:18:14.050+0000][1][safepoint    ] Entering safepoint region: Cleanup
[2019-06-24T10:18:14.050+0000][1][safepoint    ] Leaving safepoint region
[2019-06-24T10:18:14.050+0000][1][safepoint    ] Total time for which application threads were stopped: 0.0002595 seconds, Stopping threads took: 0.0000681 seconds
[2019-06-24T10:18:15.051+0000][1][safepoint    ] Application time: 1.0002343 seconds
[2019-06-24T10:18:15.051+0000][1][safepoint    ] Entering safepoint region: Cleanup
[2019-06-24T10:18:15.051+0000][1][safepoint    ] Leaving safepoint region
[2019-06-24T10:18:15.051+0000][1][safepoint    ] Total time for which application threads were stopped: 0.0003444 seconds, Stopping threads took: 0.0001116 seconds
[2019-06-24T10:18:15.714+0000][1][safepoint    ] Application time: 0.6630708 seconds
[2019-06-24T10:18:15.714+0000][1][safepoint    ] Entering safepoint region: GenCollectForAllocation
[2019-06-24T10:18:15.715+0000][1][gc,start     ] GC(41) Pause Young (Allocation Failure)
[2019-06-24T10:18:15.715+0000][1][gc,task      ] GC(41) Using 5 workers of 8 for evacuation
[2019-06-24T10:18:15.717+0000][1][gc,age       ] GC(41) Desired survivor size 4456448 bytes, new threshold 6 (max threshold 6)
[2019-06-24T10:18:15.717+0000][1][gc,age       ] GC(41) Age table with threshold 6 (max threshold 6)
[2019-06-24T10:18:15.718+0000][1][gc,age       ] GC(41) - age   1:       4648 bytes,       4648 total
[2019-06-24T10:18:15.718+0000][1][gc,age       ] GC(41) - age   2:        968 bytes,       5616 total
[2019-06-24T10:18:15.718+0000][1][gc,age       ] GC(41) - age   3:        912 bytes,       6528 total
[2019-06-24T10:18:15.718+0000][1][gc,age       ] GC(41) - age   4:       6928 bytes,      13456 total
[2019-06-24T10:18:15.718+0000][1][gc,age       ] GC(41) - age   5:     141120 bytes,     154576 total
[2019-06-24T10:18:15.718+0000][1][gc,age       ] GC(41) - age   6:      78560 bytes,     233136 total
[2019-06-24T10:18:15.718+0000][1][gc,heap      ] GC(41) ParNew: 70261K->298K(78656K)
[2019-06-24T10:18:15.718+0000][1][gc,heap      ] GC(41) CMS: 70346K->70347K(174784K)
[2019-06-24T10:18:15.718+0000][1][gc,metaspace ] GC(41) Metaspace: 70532K->70532K(1114112K)
[2019-06-24T10:18:15.718+0000][1][gc           ] GC(41) Pause Young (Allocation Failure) 137M->68M(247M) 3.188ms
[2019-06-24T10:18:15.718+0000][1][gc,cpu       ] GC(41) User=0.01s Sys=0.00s Real=0.00s
[2019-06-24T10:18:15.718+0000][1][safepoint    ] Leaving safepoint region
[2019-06-24T10:18:15.718+0000][1][safepoint    ] Total time for which application threads were stopped: 0.0036866 seconds, Stopping threads took: 0.0000598 seconds
[2019-06-24T10:18:16.718+0000][1][safepoint    ] Application time: 1.0002857 seconds
[2019-06-24T10:18:16.718+0000][1][safepoint    ] Entering safepoint region: Cleanup
[2019-06-24T10:18:16.719+0000][1][safepoint    ] Leaving safepoint region
[2019-06-24T10:18:16.719+0000][1][safepoint    ] Total time for which application threads were stopped: 0.0004086 seconds, Stopping threads took: 0.0001082 seconds
[2019-06-24T10:18:17.719+0000][1][safepoint    ] Application time: 1.0002743 seconds
[2019-06-24T10:18:17.719+0000][1][safepoint    ] Entering safepoint region: Cleanup
[2019-06-24T10:18:17.719+0000][1][safepoint    ] Leaving safepoint region
[2019-06-24T10:18:17.719+0000][1][safepoint    ] Total time for which application threads were stopped: 0.0002851 seconds, Stopping threads took: 0.0000713 seconds
[2019-06-24T10:18:18.720+0000][1][safepoint    ] Application time: 1.0002641 seconds
[2019-06-24T10:18:18.720+0000][1][safepoint    ] Entering safepoint region: Cleanup
[2019-06-24T10:18:18.720+0000][1][safepoint    ] Leaving safepoint region
[2019-06-24T10:18:18.720+0000][1][safepoint    ] Total time for which application threads were stopped: 0.0002500 seconds, Stopping threads took: 0.0000611 seconds
[2019-06-24T10:18:19.720+0000][1][safepoint    ] Application time: 1.0003009 seconds
[2019-06-24T10:18:19.720+0000][1][safepoint    ] Entering safepoint region: Cleanup
[2019-06-24T10:18:19.721+0000][1][safepoint    ] Leaving safepoint region
[2019-06-24T10:18:19.721+0000][1][safepoint    ] Total time for which application threads were stopped: 0.0001284 seconds, Stopping threads took: 0.0000300 seconds
[2019-06-24T10:18:20.721+0000][1][safepoint    ] Application time: 1.0002360 seconds
[2019-06-24T10:18:20.721+0000][1][safepoint    ] Entering safepoint region: Cleanup
[2019-06-24T10:18:20.721+0000][1][safepoint    ] Leaving safepoint region
[2019-06-24T10:18:20.721+0000][1][safepoint    ] Total time for which application threads were stopped: 0.0002836 seconds, Stopping threads took: 0.0000624 seconds
[2019-06-24T10:18:21.722+0000][1][safepoint    ] Application time: 1.0002575 seconds
[2019-06-24T10:18:21.722+0000][1][safepoint    ] Entering safepoint region: Cleanup
[2019-06-24T10:18:21.722+0000][1][safepoint    ] Leaving safepoint region
[2019-06-24T10:18:21.722+0000][1][safepoint    ] Total time for which application threads were stopped: 0.0002766 seconds, Stopping threads took: 0.0000703 seconds
[2019-06-24T10:18:22.722+0000][1][safepoint    ] Application time: 1.0002594 seconds
[2019-06-24T10:18:22.722+0000][1][safepoint    ] Entering safepoint region: Cleanup
[2019-06-24T10:18:22.723+0000][1][safepoint    ] Leaving safepoint region
[2019-06-24T10:18:22.723+0000][1][safepoint    ] Total time for which application threads were stopped: 0.0003933 seconds, Stopping threads took: 0.0000964 seconds
[2019-06-24T10:18:23.723+0000][1][safepoint    ] Application time: 1.0001386 seconds
[2019-06-24T10:18:23.723+0000][1][safepoint    ] Entering safepoint region: Cleanup
[2019-06-24T10:18:23.723+0000][1][safepoint    ] Leaving safepoint region
[2019-06-24T10:18:23.723+0000][1][safepoint    ] Total time for which application threads were stopped: 0.0002500 seconds, Stopping threads took: 0.0000614 seconds
[2019-06-24T10:18:24.723+0000][1][safepoint    ] Application time: 1.0001811 seconds
[2019-06-24T10:18:24.724+0000][1][safepoint    ] Entering safepoint region: Cleanup
[2019-06-24T10:18:24.724+0000][1][safepoint    ] Leaving safepoint region
[2019-06-24T10:18:24.724+0000][1][safepoint    ] Total time for which application threads were stopped: 0.0003137 seconds, Stopping threads took: 0.0001109 seconds
[2019-06-24T10:18:25.724+0000][1][safepoint    ] Application time: 1.0002771 seconds
[2019-06-24T10:18:25.724+0000][1][safepoint    ] Entering safepoint region: Cleanup
[2019-06-24T10:18:25.724+0000][1][safepoint    ] Leaving safepoint region
[2019-06-24T10:18:25.725+0000][1][safepoint    ] Total time for which application threads were stopped: 0.0002826 seconds, Stopping threads took: 0.0000706 seconds
[2019-06-24T10:18:26.725+0000][1][safepoint    ] Application time: 1.0002051 seconds
[2019-06-24T10:18:26.725+0000][1][safepoint    ] Entering safepoint region: Cleanup
[2019-06-24T10:18:26.725+0000][1][safepoint    ] Leaving safepoint region
[2019-06-24T10:18:26.725+0000][1][safepoint    ] Total time for which application threads were stopped: 0.0003336 seconds, Stopping threads took: 0.0000745 seconds
[2019-06-24T10:18:27.725+0000][1][safepoint    ] Application time: 1.0002774 seconds
[2019-06-24T10:18:27.726+0000][1][safepoint    ] Entering safepoint region: Cleanup
[2019-06-24T10:18:27.726+0000][1][safepoint    ] Leaving safepoint region
[2019-06-24T10:18:27.726+0000][1][safepoint    ] Total time for which application threads were stopped: 0.0002837 seconds, Stopping threads took: 0.0000708 seconds
[2019-06-24T10:18:28.726+0000][1][safepoint    ] Application time: 1.0002299 seconds
[2019-06-24T10:18:28.726+0000][1][safepoint    ] Entering safepoint region: Cleanup
[2019-06-24T10:18:28.727+0000][1][safepoint    ] Leaving safepoint region
[2019-06-24T10:18:28.727+0000][1][safepoint    ] Total time for which application threads were stopped: 0.0004484 seconds, Stopping threads took: 0.0000697 seconds
[2019-06-24T10:18:29.727+0000][1][safepoint    ] Application time: 1.0002051 seconds
[2019-06-24T10:18:29.727+0000][1][safepoint    ] Entering safepoint region: Cleanup
[2019-06-24T10:18:29.727+0000][1][safepoint    ] Leaving safepoint region
[2019-06-24T10:18:29.728+0000][1][safepoint    ] Total time for which application threads were stopped: 0.0004557 seconds, Stopping threads took: 0.0001303 seconds
[2019-06-24T10:18:30.728+0000][1][safepoint    ] Application time: 1.0002188 seconds
[2019-06-24T10:18:30.728+0000][1][safepoint    ] Entering safepoint region: Cleanup
[2019-06-24T10:18:30.728+0000][1][safepoint    ] Leaving safepoint region
[2019-06-24T10:18:30.728+0000][1][safepoint    ] Total time for which application threads were stopped: 0.0003253 seconds, Stopping threads took: 0.0000703 seconds
[2019-06-24T10:18:31.729+0000][1][safepoint    ] Application time: 1.0002583 seconds
[2019-06-24T10:18:31.729+0000][1][safepoint    ] Entering safepoint region: Cleanup
[2019-06-24T10:18:31.729+0000][1][safepoint    ] Leaving safepoint region
[2019-06-24T10:18:31.729+0000][1][safepoint    ] Total time for which application threads were stopped: 0.0003344 seconds, Stopping threads took: 0.0000718 seconds
[2019-06-24T10:18:32.729+0000][1][safepoint    ] Application time: 1.0002712 seconds
[2019-06-24T10:18:32.729+0000][1][safepoint    ] Entering safepoint region: Cleanup
[2019-06-24T10:18:32.730+0000][1][safepoint    ] Leaving safepoint region
[2019-06-24T10:18:32.730+0000][1][safepoint    ] Total time for which application threads were stopped: 0.0003733 seconds, Stopping threads took: 0.0000719 seconds
[2019-06-24T10:18:33.730+0000][1][safepoint    ] Application time: 1.0002686 seconds
[2019-06-24T10:18:33.730+0000][1][safepoint    ] Entering safepoint region: Cleanup
[2019-06-24T10:18:33.731+0000][1][safepoint    ] Leaving safepoint region
[2019-06-24T10:18:33.731+0000][1][safepoint    ] Total time for which application threads were stopped: 0.0004584 seconds, Stopping threads took: 0.0000727 seconds
[2019-06-24T10:18:34.731+0000][1][safepoint    ] Application time: 1.0002268 seconds
[2019-06-24T10:18:34.731+0000][1][safepoint    ] Entering safepoint region: Cleanup
[2019-06-24T10:18:34.731+0000][1][safepoint    ] Leaving safepoint region
[2019-06-24T10:18:34.731+0000][1][safepoint    ] Total time for which application threads were stopped: 0.0003334 seconds, Stopping threads took: 0.0000704 seconds
[2019-06-24T10:18:35.732+0000][1][safepoint    ] Application time: 1.0002021 seconds
[2019-06-24T10:18:35.732+0000][1][safepoint    ] Entering safepoint region: Cleanup
[2019-06-24T10:18:35.732+0000][1][safepoint    ] Leaving safepoint region
[2019-06-24T10:18:35.732+0000][1][safepoint    ] Total time for which application threads were stopped: 0.0003729 seconds, Stopping threads took: 0.0000718 seconds
[2019-06-24T10:18:36.732+0000][1][safepoint    ] Application time: 1.0002657 seconds
[2019-06-24T10:18:36.733+0000][1][safepoint    ] Entering safepoint region: Cleanup
[2019-06-24T10:18:36.733+0000][1][safepoint    ] Leaving safepoint region
[2019-06-24T10:18:36.733+0000][1][safepoint    ] Total time for which application threads were stopped: 0.0003750 seconds, Stopping threads took: 0.0000706 seconds
[2019-06-24T10:18:37.733+0000][1][safepoint    ] Application time: 1.0002654 seconds
[2019-06-24T10:18:37.733+0000][1][safepoint    ] Entering safepoint region: Cleanup
[2019-06-24T10:18:37.734+0000][1][safepoint    ] Leaving safepoint region
[2019-06-24T10:18:37.734+0000][1][safepoint    ] Total time for which application threads were stopped: 0.0003366 seconds, Stopping threads took: 0.0000711 seconds
[2019-06-24T10:18:38.734+0000][1][safepoint    ] Application time: 1.0002057 seconds
[2019-06-24T10:18:38.734+0000][1][safepoint    ] Entering safepoint region: Cleanup
[2019-06-24T10:18:38.734+0000][1][safepoint    ] Leaving safepoint region
[2019-06-24T10:18:38.734+0000][1][safepoint    ] Total time for which application threads were stopped: 0.0002801 seconds, Stopping threads took: 0.0000727 seconds
[2019-06-24T10:18:39.734+0000][1][safepoint    ] Application time: 1.0001531 seconds
[2019-06-24T10:18:39.735+0000][1][safepoint    ] Entering safepoint region: Cleanup
[2019-06-24T10:18:39.735+0000][1][safepoint    ] Leaving safepoint region
[2019-06-24T10:18:39.735+0000][1][safepoint    ] Total time for which application threads were stopped: 0.0004331 seconds, Stopping threads took: 0.0001375 seconds
[2019-06-24T10:18:40.735+0000][1][safepoint    ] Application time: 1.0003801 seconds
[2019-06-24T10:18:40.736+0000][1][safepoint    ] Entering safepoint region: Cleanup
[2019-06-24T10:18:40.736+0000][1][safepoint    ] Leaving safepoint region
[2019-06-24T10:18:40.736+0000][1][safepoint    ] Total time for which application threads were stopped: 0.0001567 seconds, Stopping threads took: 0.0000313 seconds
[2019-06-24T10:18:41.736+0000][1][safepoint    ] Application time: 1.0001928 seconds
[2019-06-24T10:18:41.736+0000][1][safepoint    ] Entering safepoint region: Cleanup
[2019-06-24T10:18:41.736+0000][1][safepoint    ] Leaving safepoint region
[2019-06-24T10:18:41.736+0000][1][safepoint    ] Total time for which application threads were stopped: 0.0003426 seconds, Stopping threads took: 0.0001144 seconds
[2019-06-24T10:18:42.737+0000][1][safepoint    ] Application time: 1.0002597 seconds
[2019-06-24T10:18:42.737+0000][1][safepoint    ] Entering safepoint region: Cleanup
[2019-06-24T10:18:42.737+0000][1][safepoint    ] Leaving safepoint region
[2019-06-24T10:18:42.737+0000][1][safepoint    ] Total time for which application threads were stopped: 0.0002924 seconds, Stopping threads took: 0.0000717 seconds
[2019-06-24T10:18:43.737+0000][1][safepoint    ] Application time: 1.0002670 seconds
[2019-06-24T10:18:43.738+0000][1][safepoint    ] Entering safepoint region: Cleanup
[2019-06-24T10:18:43.738+0000][1][safepoint    ] Leaving safepoint region
[2019-06-24T10:18:43.738+0000][1][safepoint    ] Total time for which application threads were stopped: 0.0002951 seconds, Stopping threads took: 0.0000728 seconds
[2019-06-24T10:18:44.738+0000][1][safepoint    ] Application time: 1.0002645 seconds
[2019-06-24T10:18:44.738+0000][1][safepoint    ] Entering safepoint region: Cleanup
[2019-06-24T10:18:44.739+0000][1][safepoint    ] Leaving safepoint region
[2019-06-24T10:18:44.739+0000][1][safepoint    ] Total time for which application threads were stopped: 0.0003804 seconds, Stopping threads took: 0.0000724 seconds
[2019-06-24T10:18:45.739+0000][1][safepoint    ] Application time: 1.0001359 seconds
[2019-06-24T10:18:45.739+0000][1][safepoint    ] Entering safepoint region: Cleanup
[2019-06-24T10:18:45.739+0000][1][safepoint    ] Leaving safepoint region
[2019-06-24T10:18:45.739+0000][1][safepoint    ] Total time for which application threads were stopped: 0.0001204 seconds, Stopping threads took: 0.0000367 seconds
[2019-06-24T10:18:46.739+0000][1][safepoint    ] Application time: 1.0001160 seconds
[2019-06-24T10:18:46.739+0000][1][safepoint    ] Entering safepoint region: Cleanup
[2019-06-24T10:18:46.739+0000][1][safepoint    ] Leaving safepoint region
[2019-06-24T10:18:46.739+0000][1][safepoint    ] Total time for which application threads were stopped: 0.0001266 seconds, Stopping threads took: 0.0000283 seconds
[2019-06-24T10:18:47.739+0000][1][safepoint    ] Application time: 1.0001398 seconds
[2019-06-24T10:18:47.740+0000][1][safepoint    ] Entering safepoint region: Cleanup
[2019-06-24T10:18:47.740+0000][1][safepoint    ] Leaving safepoint region
[2019-06-24T10:18:47.740+0000][1][safepoint    ] Total time for which application threads were stopped: 0.0002817 seconds, Stopping threads took: 0.0000792 seconds
[2019-06-24T10:18:48.855+0000][1][safepoint    ] Application time: 1.1147215 seconds
[2019-06-24T10:18:48.855+0000][1][safepoint    ] Entering safepoint region: Cleanup
[2019-06-24T10:18:48.855+0000][1][safepoint    ] Leaving safepoint region
[2019-06-24T10:18:48.855+0000][1][safepoint    ] Total time for which application threads were stopped: 0.0002876 seconds, Stopping threads took: 0.0000745 seconds
[2019-06-24T10:18:49.855+0000][1][safepoint    ] Application time: 1.0001969 seconds
[2019-06-24T10:18:49.855+0000][1][safepoint    ] Entering safepoint region: Cleanup
[2019-06-24T10:18:49.856+0000][1][safepoint    ] Leaving safepoint region
[2019-06-24T10:18:49.856+0000][1][safepoint    ] Total time for which application threads were stopped: 0.0002804 seconds, Stopping threads took: 0.0000742 seconds
[2019-06-24T10:18:50.856+0000][1][safepoint    ] Application time: 1.0002005 seconds
[2019-06-24T10:18:50.856+0000][1][safepoint    ] Entering safepoint region: Cleanup
[2019-06-24T10:18:50.856+0000][1][safepoint    ] Leaving safepoint region
[2019-06-24T10:18:50.856+0000][1][safepoint    ] Total time for which application threads were stopped: 0.0003171 seconds, Stopping threads took: 0.0001079 seconds
[2019-06-24T10:18:51.857+0000][1][safepoint    ] Application time: 1.0002718 seconds
[2019-06-24T10:18:51.857+0000][1][safepoint    ] Entering safepoint region: Cleanup
[2019-06-24T10:18:51.857+0000][1][safepoint    ] Leaving safepoint region
[2019-06-24T10:18:51.857+0000][1][safepoint    ] Total time for which application threads were stopped: 0.0002818 seconds, Stopping threads took: 0.0000837 seconds
[2019-06-24T10:18:52.857+0000][1][safepoint    ] Application time: 1.0001074 seconds
[2019-06-24T10:18:52.857+0000][1][safepoint    ] Entering safepoint region: Cleanup
[2019-06-24T10:18:52.857+0000][1][safepoint    ] Leaving safepoint region
[2019-06-24T10:18:52.857+0000][1][safepoint    ] Total time for which application threads were stopped: 0.0001165 seconds, Stopping threads took: 0.0000372 seconds
[2019-06-24T10:18:53.858+0000][1][safepoint    ] Application time: 1.0002399 seconds
[2019-06-24T10:18:53.858+0000][1][safepoint    ] Entering safepoint region: Cleanup
[2019-06-24T10:18:53.858+0000][1][safepoint    ] Leaving safepoint region
[2019-06-24T10:18:53.858+0000][1][safepoint    ] Total time for which application threads were stopped: 0.0002749 seconds, Stopping threads took: 0.0000746 seconds
[2019-06-24T10:18:54.858+0000][1][safepoint    ] Application time: 1.0002494 seconds
[2019-06-24T10:18:54.858+0000][1][safepoint    ] Entering safepoint region: Cleanup
[2019-06-24T10:18:54.859+0000][1][safepoint    ] Leaving safepoint region
[2019-06-24T10:18:54.859+0000][1][safepoint    ] Total time for which application threads were stopped: 0.0002866 seconds, Stopping threads took: 0.0000728 seconds
[2019-06-24T10:18:55.859+0000][1][safepoint    ] Application time: 1.0001179 seconds
[2019-06-24T10:18:55.859+0000][1][safepoint    ] Entering safepoint region: Cleanup
[2019-06-24T10:18:55.859+0000][1][safepoint    ] Leaving safepoint region
[2019-06-24T10:18:55.859+0000][1][safepoint    ] Total time for which application threads were stopped: 0.0001920 seconds, Stopping threads took: 0.0000495 seconds
[2019-06-24T10:18:56.859+0000][1][safepoint    ] Application time: 1.0001769 seconds
[2019-06-24T10:18:56.859+0000][1][safepoint    ] Entering safepoint region: Cleanup
[2019-06-24T10:18:56.860+0000][1][safepoint    ] Leaving safepoint region
[2019-06-24T10:18:56.860+0000][1][safepoint    ] Total time for which application threads were stopped: 0.0002784 seconds, Stopping threads took: 0.0000702 seconds
[2019-06-24T10:18:57.860+0000][1][safepoint    ] Application time: 1.0001639 seconds
[2019-06-24T10:18:57.860+0000][1][safepoint    ] Entering safepoint region: Cleanup
[2019-06-24T10:18:57.860+0000][1][safepoint    ] Leaving safepoint region
[2019-06-24T10:18:57.860+0000][1][safepoint    ] Total time for which application threads were stopped: 0.0001612 seconds, Stopping threads took: 0.0000421 seconds
[2019-06-24T10:18:58.860+0000][1][safepoint    ] Application time: 1.0001768 seconds
[2019-06-24T10:18:58.860+0000][1][safepoint    ] Entering safepoint region: Cleanup
[2019-06-24T10:18:58.861+0000][1][safepoint    ] Leaving safepoint region
[2019-06-24T10:18:58.861+0000][1][safepoint    ] Total time for which application threads were stopped: 0.0002584 seconds, Stopping threads took: 0.0000657 seconds
[2019-06-24T10:18:59.861+0000][1][safepoint    ] Application time: 1.0002700 seconds
[2019-06-24T10:18:59.861+0000][1][safepoint    ] Entering safepoint region: Cleanup
[2019-06-24T10:18:59.861+0000][1][safepoint    ] Leaving safepoint region
[2019-06-24T10:18:59.861+0000][1][safepoint    ] Total time for which application threads were stopped: 0.0002816 seconds, Stopping threads took: 0.0000733 seconds
[2019-06-24T10:19:00.861+0000][1][safepoint    ] Application time: 1.0001790 seconds
[2019-06-24T10:19:00.862+0000][1][safepoint    ] Entering safepoint region: Cleanup
[2019-06-24T10:19:00.862+0000][1][safepoint    ] Leaving safepoint region
[2019-06-24T10:19:00.862+0000][1][safepoint    ] Total time for which application threads were stopped: 0.0002711 seconds, Stopping threads took: 0.0000696 seconds
[2019-06-24T10:19:01.862+0000][1][safepoint    ] Application time: 1.0002859 seconds
[2019-06-24T10:19:01.862+0000][1][safepoint    ] Entering safepoint region: Cleanup
[2019-06-24T10:19:01.862+0000][1][safepoint    ] Leaving safepoint region
[2019-06-24T10:19:01.862+0000][1][safepoint    ] Total time for which application threads were stopped: 0.0001268 seconds, Stopping threads took: 0.0000349 seconds
[2019-06-24T10:19:02.863+0000][1][safepoint    ] Application time: 1.0002638 seconds
[2019-06-24T10:19:02.863+0000][1][safepoint    ] Entering safepoint region: Cleanup
[2019-06-24T10:19:02.863+0000][1][safepoint    ] Leaving safepoint region
[2019-06-24T10:19:02.863+0000][1][safepoint    ] Total time for which application threads were stopped: 0.0003040 seconds, Stopping threads took: 0.0000780 seconds
[2019-06-24T10:19:03.863+0000][1][safepoint    ] Application time: 1.0001461 seconds
[2019-06-24T10:19:03.863+0000][1][safepoint    ] Entering safepoint region: Cleanup
[2019-06-24T10:19:03.864+0000][1][safepoint    ] Leaving safepoint region
[2019-06-24T10:19:03.864+0000][1][safepoint    ] Total time for which application threads were stopped: 0.0003169 seconds, Stopping threads took: 0.0000709 seconds
[2019-06-24T10:19:04.864+0000][1][safepoint    ] Application time: 1.0001232 seconds
[2019-06-24T10:19:04.864+0000][1][safepoint    ] Entering safepoint region: Cleanup
[2019-06-24T10:19:04.864+0000][1][safepoint    ] Leaving safepoint region
[2019-06-24T10:19:04.864+0000][1][safepoint    ] Total time for which application threads were stopped: 0.0002591 seconds, Stopping threads took: 0.0000686 seconds
[2019-06-24T10:19:05.864+0000][1][safepoint    ] Application time: 1.0001120 seconds
[2019-06-24T10:19:05.864+0000][1][safepoint    ] Entering safepoint region: Cleanup
[2019-06-24T10:19:05.865+0000][1][safepoint    ] Leaving safepoint region
[2019-06-24T10:19:05.865+0000][1][safepoint    ] Total time for which application threads were stopped: 0.0001533 seconds, Stopping threads took: 0.0000523 seconds
[2019-06-24T10:19:07.112+0000][1][safepoint    ] Application time: 1.2477481 seconds
[2019-06-24T10:19:07.112+0000][1][safepoint    ] Entering safepoint region: Cleanup
[2019-06-24T10:19:07.113+0000][1][safepoint    ] Leaving safepoint region
[2019-06-24T10:19:07.113+0000][1][safepoint    ] Total time for which application threads were stopped: 0.0002771 seconds, Stopping threads took: 0.0000673 seconds
[2019-06-24T10:19:08.113+0000][1][safepoint    ] Application time: 1.0002519 seconds
[2019-06-24T10:19:08.113+0000][1][safepoint    ] Entering safepoint region: Cleanup
[2019-06-24T10:19:08.113+0000][1][safepoint    ] Leaving safepoint region
[2019-06-24T10:19:08.113+0000][1][safepoint    ] Total time for which application threads were stopped: 0.0003496 seconds, Stopping threads took: 0.0001139 seconds
[2019-06-24T10:19:09.114+0000][1][safepoint    ] Application time: 1.0002722 seconds
[2019-06-24T10:19:09.114+0000][1][safepoint    ] Entering safepoint region: Cleanup
[2019-06-24T10:19:09.114+0000][1][safepoint    ] Leaving safepoint region
[2019-06-24T10:19:09.114+0000][1][safepoint    ] Total time for which application threads were stopped: 0.0001765 seconds, Stopping threads took: 0.0000547 seconds
[2019-06-24T10:19:10.114+0000][1][safepoint    ] Application time: 1.0003436 seconds
[2019-06-24T10:19:10.115+0000][1][safepoint    ] Entering safepoint region: Cleanup
[2019-06-24T10:19:10.115+0000][1][safepoint    ] Leaving safepoint region
[2019-06-24T10:19:10.115+0000][1][safepoint    ] Total time for which application threads were stopped: 0.0004249 seconds, Stopping threads took: 0.0001831 seconds
[2019-06-24T10:19:11.115+0000][1][safepoint    ] Application time: 1.0002125 seconds
[2019-06-24T10:19:11.115+0000][1][safepoint    ] Entering safepoint region: Cleanup
[2019-06-24T10:19:11.116+0000][1][safepoint    ] Leaving safepoint region
[2019-06-24T10:19:11.116+0000][1][safepoint    ] Total time for which application threads were stopped: 0.0004093 seconds, Stopping threads took: 0.0001738 seconds
[2019-06-24T10:19:12.116+0000][1][safepoint    ] Application time: 1.0003240 seconds
[2019-06-24T10:19:12.116+0000][1][safepoint    ] Entering safepoint region: Cleanup
[2019-06-24T10:19:12.116+0000][1][safepoint    ] Leaving safepoint region
[2019-06-24T10:19:12.116+0000][1][safepoint    ] Total time for which application threads were stopped: 0.0003516 seconds, Stopping threads took: 0.0001122 seconds
[2019-06-24T10:19:13.117+0000][1][safepoint    ] Application time: 1.0002503 seconds
[2019-06-24T10:19:13.117+0000][1][safepoint    ] Entering safepoint region: Cleanup
[2019-06-24T10:19:13.117+0000][1][safepoint    ] Leaving safepoint region
[2019-06-24T10:19:13.117+0000][1][safepoint    ] Total time for which application threads were stopped: 0.0003137 seconds, Stopping threads took: 0.0001071 seconds
[2019-06-24T10:19:14.117+0000][1][safepoint    ] Application time: 1.0002550 seconds
[2019-06-24T10:19:14.118+0000][1][safepoint    ] Entering safepoint region: Cleanup
[2019-06-24T10:19:14.118+0000][1][safepoint    ] Leaving safepoint region
[2019-06-24T10:19:14.118+0000][1][safepoint    ] Total time for which application threads were stopped: 0.0002756 seconds, Stopping threads took: 0.0000708 seconds
[2019-06-24T10:19:15.118+0000][1][safepoint    ] Application time: 1.0001993 seconds
[2019-06-24T10:19:15.118+0000][1][safepoint    ] Entering safepoint region: Cleanup
[2019-06-24T10:19:15.118+0000][1][safepoint    ] Leaving safepoint region
[2019-06-24T10:19:15.119+0000][1][safepoint    ] Total time for which application threads were stopped: 0.0002762 seconds, Stopping threads took: 0.0000719 seconds
[2019-06-24T10:19:16.119+0000][1][safepoint    ] Application time: 1.0001439 seconds
[2019-06-24T10:19:16.119+0000][1][safepoint    ] Entering safepoint region: Cleanup
[2019-06-24T10:19:16.119+0000][1][safepoint    ] Leaving safepoint region
[2019-06-24T10:19:16.119+0000][1][safepoint    ] Total time for which application threads were stopped: 0.0002847 seconds, Stopping threads took: 0.0000717 seconds
[2019-06-24T10:19:17.119+0000][1][safepoint    ] Application time: 1.0001736 seconds
[2019-06-24T10:19:17.119+0000][1][safepoint    ] Entering safepoint region: Cleanup
[2019-06-24T10:19:17.120+0000][1][safepoint    ] Leaving safepoint region
[2019-06-24T10:19:17.120+0000][1][safepoint    ] Total time for which application threads were stopped: 0.0003789 seconds, Stopping threads took: 0.0000832 seconds
[2019-06-24T10:19:18.120+0000][1][safepoint    ] Application time: 1.0002671 seconds
[2019-06-24T10:19:18.120+0000][1][safepoint    ] Entering safepoint region: Cleanup
[2019-06-24T10:19:18.121+0000][1][safepoint    ] Leaving safepoint region
[2019-06-24T10:19:18.121+0000][1][safepoint    ] Total time for which application threads were stopped: 0.0002848 seconds, Stopping threads took: 0.0000713 seconds
[2019-06-24T10:19:19.121+0000][1][safepoint    ] Application time: 1.0002056 seconds
[2019-06-24T10:19:19.121+0000][1][safepoint    ] Entering safepoint region: Cleanup
[2019-06-24T10:19:19.121+0000][1][safepoint    ] Leaving safepoint region
[2019-06-24T10:19:19.121+0000][1][safepoint    ] Total time for which application threads were stopped: 0.0003342 seconds, Stopping threads took: 0.0000983 seconds
[2019-06-24T10:19:20.121+0000][1][safepoint    ] Application time: 1.0001838 seconds
[2019-06-24T10:19:20.122+0000][1][safepoint    ] Entering safepoint region: Cleanup
[2019-06-24T10:19:20.122+0000][1][safepoint    ] Leaving safepoint region
[2019-06-24T10:19:20.122+0000][1][safepoint    ] Total time for which application threads were stopped: 0.0002906 seconds, Stopping threads took: 0.0000719 seconds
[2019-06-24T10:19:21.122+0000][1][safepoint    ] Application time: 1.0002664 seconds
[2019-06-24T10:19:21.122+0000][1][safepoint    ] Entering safepoint region: Cleanup
[2019-06-24T10:19:21.123+0000][1][safepoint    ] Leaving safepoint region
[2019-06-24T10:19:21.123+0000][1][safepoint    ] Total time for which application threads were stopped: 0.0003927 seconds, Stopping threads took: 0.0000707 seconds
[2019-06-24T10:19:22.123+0000][1][safepoint    ] Application time: 1.0001426 seconds
[2019-06-24T10:19:22.123+0000][1][safepoint    ] Entering safepoint region: Cleanup
[2019-06-24T10:19:22.123+0000][1][safepoint    ] Leaving safepoint region
[2019-06-24T10:19:22.123+0000][1][safepoint    ] Total time for which application threads were stopped: 0.0002984 seconds, Stopping threads took: 0.0000714 seconds
[2019-06-24T10:19:23.123+0000][1][safepoint    ] Application time: 1.0001438 seconds
[2019-06-24T10:19:23.124+0000][1][safepoint    ] Entering safepoint region: Cleanup
[2019-06-24T10:19:23.124+0000][1][safepoint    ] Leaving safepoint region
[2019-06-24T10:19:23.124+0000][1][safepoint    ] Total time for which application threads were stopped: 0.0003770 seconds, Stopping threads took: 0.0000759 seconds
[2019-06-24T10:19:24.124+0000][1][safepoint    ] Application time: 1.0002568 seconds
[2019-06-24T10:19:24.124+0000][1][safepoint    ] Entering safepoint region: Cleanup
[2019-06-24T10:19:24.125+0000][1][safepoint    ] Leaving safepoint region
[2019-06-24T10:19:24.125+0000][1][safepoint    ] Total time for which application threads were stopped: 0.0003284 seconds, Stopping threads took: 0.0000833 seconds
[2019-06-24T10:19:25.125+0000][1][safepoint    ] Application time: 1.0002578 seconds
[2019-06-24T10:19:25.125+0000][1][safepoint    ] Entering safepoint region: Cleanup
[2019-06-24T10:19:25.125+0000][1][safepoint    ] Leaving safepoint region
[2019-06-24T10:19:25.125+0000][1][safepoint    ] Total time for which application threads were stopped: 0.0002871 seconds, Stopping threads took: 0.0000719 seconds
[2019-06-24T10:19:26.126+0000][1][safepoint    ] Application time: 1.0002616 seconds
[2019-06-24T10:19:26.126+0000][1][safepoint    ] Entering safepoint region: Cleanup
[2019-06-24T10:19:26.126+0000][1][safepoint    ] Leaving safepoint region
[2019-06-24T10:19:26.126+0000][1][safepoint    ] Total time for which application threads were stopped: 0.0003505 seconds, Stopping threads took: 0.0001126 seconds
[2019-06-24T10:19:27.126+0000][1][safepoint    ] Application time: 1.0001602 seconds
[2019-06-24T10:19:27.127+0000][1][safepoint    ] Entering safepoint region: Cleanup
[2019-06-24T10:19:27.127+0000][1][safepoint    ] Leaving safepoint region
[2019-06-24T10:19:27.127+0000][1][safepoint    ] Total time for which application threads were stopped: 0.0003477 seconds, Stopping threads took: 0.0001082 seconds
[2019-06-24T10:19:27.885+0000][1][safepoint    ] Application time: 0.7581314 seconds
[2019-06-24T10:19:27.885+0000][1][safepoint    ] Entering safepoint region: GenCollectForAllocation
[2019-06-24T10:19:27.886+0000][1][gc,start     ] GC(42) Pause Young (Allocation Failure)
[2019-06-24T10:19:27.886+0000][1][gc,task      ] GC(42) Using 5 workers of 8 for evacuation
[2019-06-24T10:19:27.889+0000][1][gc,age       ] GC(42) Desired survivor size 4456448 bytes, new threshold 6 (max threshold 6)
[2019-06-24T10:19:27.889+0000][1][gc,age       ] GC(42) Age table with threshold 6 (max threshold 6)
[2019-06-24T10:19:27.889+0000][1][gc,age       ] GC(42) - age   1:       5168 bytes,       5168 total
[2019-06-24T10:19:27.889+0000][1][gc,age       ] GC(42) - age   2:         32 bytes,       5200 total
[2019-06-24T10:19:27.889+0000][1][gc,age       ] GC(42) - age   3:        936 bytes,       6136 total
[2019-06-24T10:19:27.890+0000][1][gc,age       ] GC(42) - age   4:        880 bytes,       7016 total
[2019-06-24T10:19:27.890+0000][1][gc,age       ] GC(42) - age   5:       6928 bytes,      13944 total
[2019-06-24T10:19:27.890+0000][1][gc,age       ] GC(42) - age   6:     141064 bytes,     155008 total
[2019-06-24T10:19:27.890+0000][1][gc,heap      ] GC(42) ParNew: 70250K->262K(78656K)
[2019-06-24T10:19:27.890+0000][1][gc,heap      ] GC(42) CMS: 70347K->70424K(174784K)
[2019-06-24T10:19:27.890+0000][1][gc,metaspace ] GC(42) Metaspace: 70532K->70532K(1114112K)
[2019-06-24T10:19:27.890+0000][1][gc           ] GC(42) Pause Young (Allocation Failure) 137M->69M(247M) 4.359ms
[2019-06-24T10:19:27.890+0000][1][gc,cpu       ] GC(42) User=0.02s Sys=0.00s Real=0.00s
[2019-06-24T10:19:27.890+0000][1][safepoint    ] Leaving safepoint region
[2019-06-24T10:19:27.890+0000][1][safepoint    ] Total time for which application threads were stopped: 0.0050237 seconds, Stopping threads took: 0.0000697 seconds
[2019-06-24T10:19:28.891+0000][1][safepoint    ] Application time: 1.0002842 seconds
[2019-06-24T10:19:28.891+0000][1][safepoint    ] Entering safepoint region: Cleanup
[2019-06-24T10:19:28.891+0000][1][safepoint    ] Leaving safepoint region
[2019-06-24T10:19:28.891+0000][1][safepoint    ] Total time for which application threads were stopped: 0.0002685 seconds, Stopping threads took: 0.0000717 seconds
[2019-06-24T10:19:29.891+0000][1][safepoint    ] Application time: 1.0002626 seconds
[2019-06-24T10:19:29.891+0000][1][safepoint    ] Entering safepoint region: Cleanup
[2019-06-24T10:19:29.892+0000][1][safepoint    ] Leaving safepoint region
[2019-06-24T10:19:29.892+0000][1][safepoint    ] Total time for which application threads were stopped: 0.0002775 seconds, Stopping threads took: 0.0000708 seconds
[2019-06-24T10:19:30.892+0000][1][safepoint    ] Application time: 1.0002602 seconds
[2019-06-24T10:19:30.892+0000][1][safepoint    ] Entering safepoint region: Cleanup
[2019-06-24T10:19:30.892+0000][1][safepoint    ] Leaving safepoint region
[2019-06-24T10:19:30.892+0000][1][safepoint    ] Total time for which application threads were stopped: 0.0002750 seconds, Stopping threads took: 0.0000702 seconds
[2019-06-24T10:19:31.893+0000][1][safepoint    ] Application time: 1.0001805 seconds
[2019-06-24T10:19:31.893+0000][1][safepoint    ] Entering safepoint region: Cleanup
[2019-06-24T10:19:31.893+0000][1][safepoint    ] Leaving safepoint region
[2019-06-24T10:19:31.893+0000][1][safepoint    ] Total time for which application threads were stopped: 0.0002782 seconds, Stopping threads took: 0.0000731 seconds
[2019-06-24T10:19:32.893+0000][1][safepoint    ] Application time: 1.0002639 seconds
[2019-06-24T10:19:32.893+0000][1][safepoint    ] Entering safepoint region: Cleanup
[2019-06-24T10:19:32.894+0000][1][safepoint    ] Leaving safepoint region
[2019-06-24T10:19:32.894+0000][1][safepoint    ] Total time for which application threads were stopped: 0.0002895 seconds, Stopping threads took: 0.0000724 seconds
[2019-06-24T10:19:33.894+0000][1][safepoint    ] Application time: 1.0002619 seconds
[2019-06-24T10:19:33.894+0000][1][safepoint    ] Entering safepoint region: Cleanup
[2019-06-24T10:19:33.894+0000][1][safepoint    ] Leaving safepoint region
[2019-06-24T10:19:33.894+0000][1][safepoint    ] Total time for which application threads were stopped: 0.0003148 seconds, Stopping threads took: 0.0001052 seconds
[2019-06-24T10:19:34.895+0000][1][safepoint    ] Application time: 1.0003128 seconds
[2019-06-24T10:19:34.895+0000][1][safepoint    ] Entering safepoint region: Cleanup
[2019-06-24T10:19:34.895+0000][1][safepoint    ] Leaving safepoint region
[2019-06-24T10:19:34.895+0000][1][safepoint    ] Total time for which application threads were stopped: 0.0002688 seconds, Stopping threads took: 0.0000672 seconds
[2019-06-24T10:19:35.895+0000][1][safepoint    ] Application time: 1.0001923 seconds
[2019-06-24T10:19:35.895+0000][1][safepoint    ] Entering safepoint region: Cleanup
[2019-06-24T10:19:35.896+0000][1][safepoint    ] Leaving safepoint region
[2019-06-24T10:19:35.896+0000][1][safepoint    ] Total time for which application threads were stopped: 0.0003240 seconds, Stopping threads took: 0.0000787 seconds
[2019-06-24T10:19:36.896+0000][1][safepoint    ] Application time: 1.0002712 seconds
[2019-06-24T10:19:36.896+0000][1][safepoint    ] Entering safepoint region: Cleanup
[2019-06-24T10:19:36.897+0000][1][safepoint    ] Leaving safepoint region
[2019-06-24T10:19:36.897+0000][1][safepoint    ] Total time for which application threads were stopped: 0.0011067 seconds, Stopping threads took: 0.0008897 seconds
[2019-06-24T10:19:37.897+0000][1][safepoint    ] Application time: 1.0001799 seconds
[2019-06-24T10:19:37.898+0000][1][safepoint    ] Entering safepoint region: Cleanup
[2019-06-24T10:19:37.898+0000][1][safepoint    ] Leaving safepoint region
[2019-06-24T10:19:37.898+0000][1][safepoint    ] Total time for which application threads were stopped: 0.0002641 seconds, Stopping threads took: 0.0000681 seconds
[2019-06-24T10:19:38.898+0000][1][safepoint    ] Application time: 1.0002436 seconds
[2019-06-24T10:19:38.898+0000][1][safepoint    ] Entering safepoint region: Cleanup
[2019-06-24T10:19:38.898+0000][1][safepoint    ] Leaving safepoint region
[2019-06-24T10:19:38.899+0000][1][safepoint    ] Total time for which application threads were stopped: 0.0003195 seconds, Stopping threads took: 0.0000735 seconds
[2019-06-24T10:19:39.899+0000][1][safepoint    ] Application time: 1.0002188 seconds
[2019-06-24T10:19:39.899+0000][1][safepoint    ] Entering safepoint region: Cleanup
[2019-06-24T10:19:39.899+0000][1][safepoint    ] Leaving safepoint region
[2019-06-24T10:19:39.899+0000][1][safepoint    ] Total time for which application threads were stopped: 0.0002786 seconds, Stopping threads took: 0.0000724 seconds
[2019-06-24T10:19:40.899+0000][1][safepoint    ] Application time: 1.0001915 seconds
[2019-06-24T10:19:40.900+0000][1][safepoint    ] Entering safepoint region: Cleanup
[2019-06-24T10:19:40.900+0000][1][safepoint    ] Leaving safepoint region
[2019-06-24T10:19:40.900+0000][1][safepoint    ] Total time for which application threads were stopped: 0.0002780 seconds, Stopping threads took: 0.0000715 seconds
[2019-06-24T10:19:41.900+0000][1][safepoint    ] Application time: 1.0002542 seconds
[2019-06-24T10:19:41.900+0000][1][safepoint    ] Entering safepoint region: Cleanup
[2019-06-24T10:19:41.900+0000][1][safepoint    ] Leaving safepoint region
[2019-06-24T10:19:41.901+0000][1][safepoint    ] Total time for which application threads were stopped: 0.0009422 seconds, Stopping threads took: 0.0000441 seconds
[2019-06-24T10:19:42.901+0000][1][safepoint    ] Application time: 1.0002549 seconds
[2019-06-24T10:19:42.902+0000][1][safepoint    ] Entering safepoint region: Cleanup
[2019-06-24T10:19:42.902+0000][1][safepoint    ] Leaving safepoint region
[2019-06-24T10:19:42.902+0000][1][safepoint    ] Total time for which application threads were stopped: 0.0002811 seconds, Stopping threads took: 0.0000720 seconds
[2019-06-24T10:19:43.902+0000][1][safepoint    ] Application time: 1.0001849 seconds
[2019-06-24T10:19:43.902+0000][1][safepoint    ] Entering safepoint region: Cleanup
[2019-06-24T10:19:43.902+0000][1][safepoint    ] Leaving safepoint region
[2019-06-24T10:19:43.902+0000][1][safepoint    ] Total time for which application threads were stopped: 0.0003084 seconds, Stopping threads took: 0.0001028 seconds
[2019-06-24T10:19:44.903+0000][1][safepoint    ] Application time: 1.0002269 seconds
[2019-06-24T10:19:44.903+0000][1][safepoint    ] Entering safepoint region: Cleanup
[2019-06-24T10:19:44.903+0000][1][safepoint    ] Leaving safepoint region
[2019-06-24T10:19:44.903+0000][1][safepoint    ] Total time for which application threads were stopped: 0.0002896 seconds, Stopping threads took: 0.0000709 seconds
[2019-06-24T10:19:45.903+0000][1][safepoint    ] Application time: 1.0002689 seconds
[2019-06-24T10:19:45.903+0000][1][safepoint    ] Entering safepoint region: Cleanup
[2019-06-24T10:19:45.904+0000][1][safepoint    ] Leaving safepoint region
[2019-06-24T10:19:45.904+0000][1][safepoint    ] Total time for which application threads were stopped: 0.0002744 seconds, Stopping threads took: 0.0000701 seconds
[2019-06-24T10:19:46.904+0000][1][safepoint    ] Application time: 1.0001549 seconds
[2019-06-24T10:19:46.904+0000][1][safepoint    ] Entering safepoint region: Cleanup
[2019-06-24T10:19:46.904+0000][1][safepoint    ] Leaving safepoint region
[2019-06-24T10:19:46.905+0000][1][safepoint    ] Total time for which application threads were stopped: 0.0008903 seconds, Stopping threads took: 0.0000347 seconds
[2019-06-24T10:19:47.905+0000][1][safepoint    ] Application time: 1.0001760 seconds
[2019-06-24T10:19:47.905+0000][1][safepoint    ] Entering safepoint region: Cleanup
[2019-06-24T10:19:47.905+0000][1][safepoint    ] Leaving safepoint region
[2019-06-24T10:19:47.905+0000][1][safepoint    ] Total time for which application threads were stopped: 0.0002728 seconds, Stopping threads took: 0.0000700 seconds
[2019-06-24T10:19:48.906+0000][1][safepoint    ] Application time: 1.0002579 seconds
[2019-06-24T10:19:48.906+0000][1][safepoint    ] Entering safepoint region: Cleanup
[2019-06-24T10:19:48.906+0000][1][safepoint    ] Leaving safepoint region
[2019-06-24T10:19:48.906+0000][1][safepoint    ] Total time for which application threads were stopped: 0.0003022 seconds, Stopping threads took: 0.0001038 seconds
[2019-06-24T10:19:49.906+0000][1][safepoint    ] Application time: 1.0002484 seconds
[2019-06-24T10:19:49.906+0000][1][safepoint    ] Entering safepoint region: Cleanup
[2019-06-24T10:19:49.907+0000][1][safepoint    ] Leaving safepoint region
[2019-06-24T10:19:49.907+0000][1][safepoint    ] Total time for which application threads were stopped: 0.0001397 seconds, Stopping threads took: 0.0000457 seconds
[2019-06-24T10:19:50.907+0000][1][safepoint    ] Application time: 1.0001967 seconds
[2019-06-24T10:19:50.907+0000][1][safepoint    ] Entering safepoint region: Cleanup
[2019-06-24T10:19:50.907+0000][1][safepoint    ] Leaving safepoint region
[2019-06-24T10:19:50.907+0000][1][safepoint    ] Total time for which application threads were stopped: 0.0003674 seconds, Stopping threads took: 0.0000846 seconds
[2019-06-24T10:19:51.908+0000][1][safepoint    ] Application time: 1.0001909 seconds
[2019-06-24T10:19:51.908+0000][1][safepoint    ] Entering safepoint region: Cleanup
[2019-06-24T10:19:51.909+0000][1][safepoint    ] Leaving safepoint region
[2019-06-24T10:19:51.909+0000][1][safepoint    ] Total time for which application threads were stopped: 0.0010676 seconds, Stopping threads took: 0.0008718 seconds
[2019-06-24T10:19:52.909+0000][1][safepoint    ] Application time: 1.0001778 seconds
[2019-06-24T10:19:52.909+0000][1][safepoint    ] Entering safepoint region: Cleanup
[2019-06-24T10:19:52.909+0000][1][safepoint    ] Leaving safepoint region
[2019-06-24T10:19:52.909+0000][1][safepoint    ] Total time for which application threads were stopped: 0.0002643 seconds, Stopping threads took: 0.0000691 seconds
[2019-06-24T10:19:53.910+0000][1][safepoint    ] Application time: 1.0002432 seconds
[2019-06-24T10:19:53.910+0000][1][safepoint    ] Entering safepoint region: Cleanup
[2019-06-24T10:19:53.910+0000][1][safepoint    ] Leaving safepoint region
[2019-06-24T10:19:53.910+0000][1][safepoint    ] Total time for which application threads were stopped: 0.0002998 seconds, Stopping threads took: 0.0001029 seconds
[2019-06-24T10:19:54.910+0000][1][safepoint    ] Application time: 1.0002604 seconds
[2019-06-24T10:19:54.910+0000][1][safepoint    ] Entering safepoint region: Cleanup
[2019-06-24T10:19:54.911+0000][1][safepoint    ] Leaving safepoint region
[2019-06-24T10:19:54.911+0000][1][safepoint    ] Total time for which application threads were stopped: 0.0003593 seconds, Stopping threads took: 0.0000703 seconds
[2019-06-24T10:19:55.911+0000][1][safepoint    ] Application time: 1.0001291 seconds
[2019-06-24T10:19:55.911+0000][1][safepoint    ] Entering safepoint region: Cleanup
[2019-06-24T10:19:55.911+0000][1][safepoint    ] Leaving safepoint region
[2019-06-24T10:19:55.911+0000][1][safepoint    ] Total time for which application threads were stopped: 0.0002631 seconds, Stopping threads took: 0.0000698 seconds
[2019-06-24T10:19:56.911+0000][1][safepoint    ] Application time: 1.0002044 seconds
[2019-06-24T10:19:56.912+0000][1][safepoint    ] Entering safepoint region: Cleanup
[2019-06-24T10:19:56.912+0000][1][safepoint    ] Leaving safepoint region
[2019-06-24T10:19:56.912+0000][1][safepoint    ] Total time for which application threads were stopped: 0.0009780 seconds, Stopping threads took: 0.0000356 seconds
[2019-06-24T10:19:57.913+0000][1][safepoint    ] Application time: 1.0002521 seconds
[2019-06-24T10:19:57.913+0000][1][safepoint    ] Entering safepoint region: Cleanup
[2019-06-24T10:19:57.913+0000][1][safepoint    ] Leaving safepoint region
[2019-06-24T10:19:57.913+0000][1][safepoint    ] Total time for which application threads were stopped: 0.0002724 seconds, Stopping threads took: 0.0000701 seconds
[2019-06-24T10:19:58.913+0000][1][safepoint    ] Application time: 1.0002561 seconds
[2019-06-24T10:19:58.914+0000][1][safepoint    ] Entering safepoint region: Cleanup
[2019-06-24T10:19:58.914+0000][1][safepoint    ] Leaving safepoint region
[2019-06-24T10:19:58.914+0000][1][safepoint    ] Total time for which application threads were stopped: 0.0002634 seconds, Stopping threads took: 0.0000703 seconds
[2019-06-24T10:19:59.943+0000][1][safepoint    ] Application time: 1.0290509 seconds
[2019-06-24T10:19:59.943+0000][1][safepoint    ] Entering safepoint region: Cleanup
[2019-06-24T10:19:59.943+0000][1][safepoint    ] Leaving safepoint region
[2019-06-24T10:19:59.943+0000][1][safepoint    ] Total time for which application threads were stopped: 0.0003771 seconds, Stopping threads took: 0.0001145 seconds
[2019-06-24T10:20:00.944+0000][1][safepoint    ] Application time: 1.0001885 seconds
[2019-06-24T10:20:00.944+0000][1][safepoint    ] Entering safepoint region: Cleanup
[2019-06-24T10:20:00.944+0000][1][safepoint    ] Leaving safepoint region
[2019-06-24T10:20:00.944+0000][1][safepoint    ] Total time for which application threads were stopped: 0.0002978 seconds, Stopping threads took: 0.0000713 seconds
[2019-06-24T10:20:01.944+0000][1][safepoint    ] Application time: 1.0002392 seconds
[2019-06-24T10:20:01.944+0000][1][safepoint    ] Entering safepoint region: Cleanup
[2019-06-24T10:20:01.945+0000][1][safepoint    ] Leaving safepoint region
[2019-06-24T10:20:01.946+0000][1][safepoint    ] Total time for which application threads were stopped: 0.0011044 seconds, Stopping threads took: 0.0008675 seconds
[2019-06-24T10:20:02.946+0000][1][safepoint    ] Application time: 1.0001926 seconds
[2019-06-24T10:20:02.946+0000][1][safepoint    ] Entering safepoint region: Cleanup
[2019-06-24T10:20:02.946+0000][1][safepoint    ] Leaving safepoint region
[2019-06-24T10:20:02.946+0000][1][safepoint    ] Total time for which application threads were stopped: 0.0002855 seconds, Stopping threads took: 0.0000689 seconds
[2019-06-24T10:20:03.946+0000][1][safepoint    ] Application time: 1.0002036 seconds
[2019-06-24T10:20:03.947+0000][1][safepoint    ] Entering safepoint region: Cleanup
[2019-06-24T10:20:03.947+0000][1][safepoint    ] Leaving safepoint region
[2019-06-24T10:20:03.947+0000][1][safepoint    ] Total time for which application threads were stopped: 0.0004397 seconds, Stopping threads took: 0.0001753 seconds
[2019-06-24T10:20:04.947+0000][1][safepoint    ] Application time: 1.0001718 seconds
[2019-06-24T10:20:04.947+0000][1][safepoint    ] Entering safepoint region: Cleanup
[2019-06-24T10:20:04.947+0000][1][safepoint    ] Leaving safepoint region
[2019-06-24T10:20:04.947+0000][1][safepoint    ] Total time for which application threads were stopped: 0.0002915 seconds, Stopping threads took: 0.0000689 seconds
[2019-06-24T10:20:05.948+0000][1][safepoint    ] Application time: 1.0001268 seconds
[2019-06-24T10:20:05.948+0000][1][safepoint    ] Entering safepoint region: Cleanup
[2019-06-24T10:20:05.948+0000][1][safepoint    ] Leaving safepoint region
[2019-06-24T10:20:05.948+0000][1][safepoint    ] Total time for which application threads were stopped: 0.0003255 seconds, Stopping threads took: 0.0000959 seconds
[2019-06-24T10:20:06.948+0000][1][safepoint    ] Application time: 1.0001484 seconds
[2019-06-24T10:20:06.948+0000][1][safepoint    ] Entering safepoint region: Cleanup
[2019-06-24T10:20:06.949+0000][1][safepoint    ] Leaving safepoint region
[2019-06-24T10:20:06.949+0000][1][safepoint    ] Total time for which application threads were stopped: 0.0002670 seconds, Stopping threads took: 0.0000675 seconds
[2019-06-24T10:20:07.949+0000][1][safepoint    ] Application time: 1.0001582 seconds
[2019-06-24T10:20:07.949+0000][1][safepoint    ] Entering safepoint region: Cleanup
[2019-06-24T10:20:07.949+0000][1][safepoint    ] Leaving safepoint region
[2019-06-24T10:20:07.949+0000][1][safepoint    ] Total time for which application threads were stopped: 0.0005059 seconds, Stopping threads took: 0.0001773 seconds
[2019-06-24T10:20:08.950+0000][1][safepoint    ] Application time: 1.0003031 seconds
[2019-06-24T10:20:08.950+0000][1][safepoint    ] Entering safepoint region: Cleanup
[2019-06-24T10:20:08.950+0000][1][safepoint    ] Leaving safepoint region
[2019-06-24T10:20:08.950+0000][1][safepoint    ] Total time for which application threads were stopped: 0.0002803 seconds, Stopping threads took: 0.0000739 seconds
[2019-06-24T10:20:09.950+0000][1][safepoint    ] Application time: 1.0002828 seconds
[2019-06-24T10:20:09.951+0000][1][safepoint    ] Entering safepoint region: Cleanup
[2019-06-24T10:20:09.951+0000][1][safepoint    ] Leaving safepoint region
[2019-06-24T10:20:09.951+0000][1][safepoint    ] Total time for which application threads were stopped: 0.0002831 seconds, Stopping threads took: 0.0000724 seconds
[2019-06-24T10:20:10.951+0000][1][safepoint    ] Application time: 1.0002521 seconds
[2019-06-24T10:20:10.951+0000][1][safepoint    ] Entering safepoint region: Cleanup
[2019-06-24T10:20:10.952+0000][1][safepoint    ] Leaving safepoint region
[2019-06-24T10:20:10.952+0000][1][safepoint    ] Total time for which application threads were stopped: 0.0002877 seconds, Stopping threads took: 0.0000716 seconds
[2019-06-24T10:20:11.952+0000][1][safepoint    ] Application time: 1.0001685 seconds
[2019-06-24T10:20:11.952+0000][1][safepoint    ] Entering safepoint region: Cleanup
[2019-06-24T10:20:11.953+0000][1][safepoint    ] Leaving safepoint region
[2019-06-24T10:20:11.953+0000][1][safepoint    ] Total time for which application threads were stopped: 0.0009080 seconds, Stopping threads took: 0.0007671 seconds
[2019-06-24T10:20:12.953+0000][1][safepoint    ] Application time: 1.0002428 seconds
[2019-06-24T10:20:12.953+0000][1][safepoint    ] Entering safepoint region: Cleanup
[2019-06-24T10:20:12.953+0000][1][safepoint    ] Leaving safepoint region
[2019-06-24T10:20:12.954+0000][1][safepoint    ] Total time for which application threads were stopped: 0.0004070 seconds, Stopping threads took: 0.0001063 seconds
[2019-06-24T10:20:13.954+0000][1][safepoint    ] Application time: 1.0001719 seconds
[2019-06-24T10:20:13.954+0000][1][safepoint    ] Entering safepoint region: Cleanup
[2019-06-24T10:20:13.954+0000][1][safepoint    ] Leaving safepoint region
[2019-06-24T10:20:13.954+0000][1][safepoint    ] Total time for which application threads were stopped: 0.0002924 seconds, Stopping threads took: 0.0000655 seconds
[2019-06-24T10:20:14.954+0000][1][safepoint    ] Application time: 1.0001875 seconds
[2019-06-24T10:20:14.955+0000][1][safepoint    ] Entering safepoint region: Cleanup
[2019-06-24T10:20:14.955+0000][1][safepoint    ] Leaving safepoint region
[2019-06-24T10:20:14.955+0000][1][safepoint    ] Total time for which application threads were stopped: 0.0003927 seconds, Stopping threads took: 0.0001795 seconds
[2019-06-24T10:20:15.955+0000][1][safepoint    ] Application time: 1.0001601 seconds
[2019-06-24T10:20:15.955+0000][1][safepoint    ] Entering safepoint region: Cleanup
[2019-06-24T10:20:15.955+0000][1][safepoint    ] Leaving safepoint region
[2019-06-24T10:20:15.955+0000][1][safepoint    ] Total time for which application threads were stopped: 0.0002813 seconds, Stopping threads took: 0.0000721 seconds
[2019-06-24T10:20:16.956+0000][1][safepoint    ] Application time: 1.0001831 seconds
[2019-06-24T10:20:16.957+0000][1][safepoint    ] Entering safepoint region: Cleanup
[2019-06-24T10:20:16.957+0000][1][safepoint    ] Leaving safepoint region
[2019-06-24T10:20:16.957+0000][1][safepoint    ] Total time for which application threads were stopped: 0.0002828 seconds, Stopping threads took: 0.0000789 seconds
[2019-06-24T10:20:17.957+0000][1][safepoint    ] Application time: 1.0002579 seconds
[2019-06-24T10:20:17.957+0000][1][safepoint    ] Entering safepoint region: Cleanup
[2019-06-24T10:20:17.957+0000][1][safepoint    ] Leaving safepoint region
[2019-06-24T10:20:17.957+0000][1][safepoint    ] Total time for which application threads were stopped: 0.0002780 seconds, Stopping threads took: 0.0000709 seconds
[2019-06-24T10:20:18.958+0000][1][safepoint    ] Application time: 1.0002633 seconds
[2019-06-24T10:20:18.958+0000][1][safepoint    ] Entering safepoint region: Cleanup
[2019-06-24T10:20:18.958+0000][1][safepoint    ] Leaving safepoint region
[2019-06-24T10:20:18.958+0000][1][safepoint    ] Total time for which application threads were stopped: 0.0001246 seconds, Stopping threads took: 0.0000355 seconds
[2019-06-24T10:20:19.958+0000][1][safepoint    ] Application time: 1.0002068 seconds
[2019-06-24T10:20:19.958+0000][1][safepoint    ] Entering safepoint region: Cleanup
[2019-06-24T10:20:19.958+0000][1][safepoint    ] Leaving safepoint region
[2019-06-24T10:20:19.958+0000][1][safepoint    ] Total time for which application threads were stopped: 0.0002707 seconds, Stopping threads took: 0.0000799 seconds
[2019-06-24T10:20:20.959+0000][1][safepoint    ] Application time: 1.0000987 seconds
[2019-06-24T10:20:20.959+0000][1][safepoint    ] Entering safepoint region: Cleanup
[2019-06-24T10:20:20.959+0000][1][safepoint    ] Leaving safepoint region
[2019-06-24T10:20:20.959+0000][1][safepoint    ] Total time for which application threads were stopped: 0.0001092 seconds, Stopping threads took: 0.0000277 seconds
[2019-06-24T10:20:21.959+0000][1][safepoint    ] Application time: 1.0001156 seconds
[2019-06-24T10:20:21.959+0000][1][safepoint    ] Entering safepoint region: Cleanup
[2019-06-24T10:20:21.960+0000][1][safepoint    ] Leaving safepoint region
[2019-06-24T10:20:21.960+0000][1][safepoint    ] Total time for which application threads were stopped: 0.0003278 seconds, Stopping threads took: 0.0001076 seconds
[2019-06-24T10:20:22.960+0000][1][safepoint    ] Application time: 1.0002304 seconds
[2019-06-24T10:20:22.960+0000][1][safepoint    ] Entering safepoint region: Cleanup
[2019-06-24T10:20:22.960+0000][1][safepoint    ] Leaving safepoint region
[2019-06-24T10:20:22.960+0000][1][safepoint    ] Total time for which application threads were stopped: 0.0001126 seconds, Stopping threads took: 0.0000322 seconds
[2019-06-24T10:20:23.960+0000][1][safepoint    ] Application time: 1.0002568 seconds
[2019-06-24T10:20:23.961+0000][1][safepoint    ] Entering safepoint region: Cleanup
[2019-06-24T10:20:23.961+0000][1][safepoint    ] Leaving safepoint region
[2019-06-24T10:20:23.961+0000][1][safepoint    ] Total time for which application threads were stopped: 0.0004533 seconds, Stopping threads took: 0.0002330 seconds
[2019-06-24T10:20:24.961+0000][1][safepoint    ] Application time: 1.0001944 seconds
[2019-06-24T10:20:24.961+0000][1][safepoint    ] Entering safepoint region: Cleanup
[2019-06-24T10:20:24.961+0000][1][safepoint    ] Leaving safepoint region
[2019-06-24T10:20:24.961+0000][1][safepoint    ] Total time for which application threads were stopped: 0.0002438 seconds, Stopping threads took: 0.0000586 seconds
[2019-06-24T10:20:25.962+0000][1][safepoint    ] Application time: 1.0001308 seconds
[2019-06-24T10:20:25.962+0000][1][safepoint    ] Entering safepoint region: Cleanup
[2019-06-24T10:20:25.962+0000][1][safepoint    ] Leaving safepoint region
[2019-06-24T10:20:25.962+0000][1][safepoint    ] Total time for which application threads were stopped: 0.0002242 seconds, Stopping threads took: 0.0000572 seconds
[2019-06-24T10:20:27.215+0000][1][safepoint    ] Application time: 1.2528749 seconds
[2019-06-24T10:20:27.215+0000][1][safepoint    ] Entering safepoint region: Cleanup
[2019-06-24T10:20:27.215+0000][1][safepoint    ] Leaving safepoint region
[2019-06-24T10:20:27.215+0000][1][safepoint    ] Total time for which application threads were stopped: 0.0002648 seconds, Stopping threads took: 0.0000641 seconds
[2019-06-24T10:20:28.215+0000][1][safepoint    ] Application time: 1.0001518 seconds
[2019-06-24T10:20:28.216+0000][1][safepoint    ] Entering safepoint region: Cleanup
[2019-06-24T10:20:28.216+0000][1][safepoint    ] Leaving safepoint region
[2019-06-24T10:20:28.216+0000][1][safepoint    ] Total time for which application threads were stopped: 0.0003086 seconds, Stopping threads took: 0.0000802 seconds
[2019-06-24T10:20:29.216+0000][1][safepoint    ] Application time: 1.0001388 seconds
[2019-06-24T10:20:29.216+0000][1][safepoint    ] Entering safepoint region: Cleanup
[2019-06-24T10:20:29.216+0000][1][safepoint    ] Leaving safepoint region
[2019-06-24T10:20:29.216+0000][1][safepoint    ] Total time for which application threads were stopped: 0.0004055 seconds, Stopping threads took: 0.0001786 seconds
[2019-06-24T10:20:30.217+0000][1][safepoint    ] Application time: 1.0002768 seconds
[2019-06-24T10:20:30.217+0000][1][safepoint    ] Entering safepoint region: Cleanup
[2019-06-24T10:20:30.217+0000][1][safepoint    ] Leaving safepoint region
[2019-06-24T10:20:30.217+0000][1][safepoint    ] Total time for which application threads were stopped: 0.0003914 seconds, Stopping threads took: 0.0001644 seconds
[2019-06-24T10:20:31.218+0000][1][safepoint    ] Application time: 1.0002150 seconds
[2019-06-24T10:20:31.218+0000][1][safepoint    ] Entering safepoint region: Cleanup
[2019-06-24T10:20:31.218+0000][1][safepoint    ] Leaving safepoint region
[2019-06-24T10:20:31.218+0000][1][safepoint    ] Total time for which application threads were stopped: 0.0002855 seconds, Stopping threads took: 0.0000717 seconds
[2019-06-24T10:20:32.218+0000][1][safepoint    ] Application time: 1.0001810 seconds
[2019-06-24T10:20:32.218+0000][1][safepoint    ] Entering safepoint region: Cleanup
[2019-06-24T10:20:32.219+0000][1][safepoint    ] Leaving safepoint region
[2019-06-24T10:20:32.219+0000][1][safepoint    ] Total time for which application threads were stopped: 0.0003383 seconds, Stopping threads took: 0.0000719 seconds
[2019-06-24T10:20:33.219+0000][1][safepoint    ] Application time: 1.0001344 seconds
[2019-06-24T10:20:33.219+0000][1][safepoint    ] Entering safepoint region: Cleanup
[2019-06-24T10:20:33.219+0000][1][safepoint    ] Leaving safepoint region
[2019-06-24T10:20:33.219+0000][1][safepoint    ] Total time for which application threads were stopped: 0.0002722 seconds, Stopping threads took: 0.0000580 seconds
[2019-06-24T10:20:34.219+0000][1][safepoint    ] Application time: 1.0002287 seconds
[2019-06-24T10:20:34.220+0000][1][safepoint    ] Entering safepoint region: Cleanup
[2019-06-24T10:20:34.220+0000][1][safepoint    ] Leaving safepoint region
[2019-06-24T10:20:34.220+0000][1][safepoint    ] Total time for which application threads were stopped: 0.0002838 seconds, Stopping threads took: 0.0000703 seconds
[2019-06-24T10:20:35.220+0000][1][safepoint    ] Application time: 1.0002652 seconds
[2019-06-24T10:20:35.220+0000][1][safepoint    ] Entering safepoint region: Cleanup
[2019-06-24T10:20:35.220+0000][1][safepoint    ] Leaving safepoint region
[2019-06-24T10:20:35.221+0000][1][safepoint    ] Total time for which application threads were stopped: 0.0002856 seconds, Stopping threads took: 0.0000683 seconds
[2019-06-24T10:20:36.221+0000][1][safepoint    ] Application time: 1.0002181 seconds
[2019-06-24T10:20:36.221+0000][1][safepoint    ] Entering safepoint region: Cleanup
[2019-06-24T10:20:36.221+0000][1][safepoint    ] Leaving safepoint region
[2019-06-24T10:20:36.222+0000][1][safepoint    ] Total time for which application threads were stopped: 0.0007039 seconds, Stopping threads took: 0.0001511 seconds
[2019-06-24T10:20:37.222+0000][1][safepoint    ] Application time: 1.0001574 seconds
[2019-06-24T10:20:37.222+0000][1][safepoint    ] Entering safepoint region: Cleanup
[2019-06-24T10:20:37.222+0000][1][safepoint    ] Leaving safepoint region
[2019-06-24T10:20:37.222+0000][1][safepoint    ] Total time for which application threads were stopped: 0.0001370 seconds, Stopping threads took: 0.0000406 seconds
[2019-06-24T10:20:38.222+0000][1][safepoint    ] Application time: 1.0001357 seconds
[2019-06-24T10:20:38.222+0000][1][safepoint    ] Entering safepoint region: Cleanup
[2019-06-24T10:20:38.222+0000][1][safepoint    ] Leaving safepoint region
[2019-06-24T10:20:38.222+0000][1][safepoint    ] Total time for which application threads were stopped: 0.0002082 seconds, Stopping threads took: 0.0000753 seconds
[2019-06-24T10:20:39.223+0000][1][safepoint    ] Application time: 1.0002582 seconds
[2019-06-24T10:20:39.223+0000][1][safepoint    ] Entering safepoint region: Cleanup
[2019-06-24T10:20:39.223+0000][1][safepoint    ] Leaving safepoint region
[2019-06-24T10:20:39.223+0000][1][safepoint    ] Total time for which application threads were stopped: 0.0002889 seconds, Stopping threads took: 0.0000712 seconds
[2019-06-24T10:20:39.465+0000][1][safepoint    ] Application time: 0.2415831 seconds
[2019-06-24T10:20:39.465+0000][1][safepoint    ] Entering safepoint region: GenCollectForAllocation
[2019-06-24T10:20:39.465+0000][1][gc,start     ] GC(43) Pause Young (Allocation Failure)
[2019-06-24T10:20:39.465+0000][1][gc,task      ] GC(43) Using 5 workers of 8 for evacuation
[2019-06-24T10:20:39.469+0000][1][gc,age       ] GC(43) Desired survivor size 4456448 bytes, new threshold 6 (max threshold 6)
[2019-06-24T10:20:39.469+0000][1][gc,age       ] GC(43) Age table with threshold 6 (max threshold 6)
[2019-06-24T10:20:39.469+0000][1][gc,age       ] GC(43) - age   1:       6320 bytes,       6320 total
[2019-06-24T10:20:39.469+0000][1][gc,age       ] GC(43) - age   2:         64 bytes,       6384 total
[2019-06-24T10:20:39.469+0000][1][gc,age       ] GC(43) - age   3:         32 bytes,       6416 total
[2019-06-24T10:20:39.469+0000][1][gc,age       ] GC(43) - age   4:        904 bytes,       7320 total
[2019-06-24T10:20:39.469+0000][1][gc,age       ] GC(43) - age   5:        880 bytes,       8200 total
[2019-06-24T10:20:39.469+0000][1][gc,age       ] GC(43) - age   6:       6928 bytes,      15128 total
[2019-06-24T10:20:39.469+0000][1][gc,heap      ] GC(43) ParNew: 70152K->85K(78656K)
[2019-06-24T10:20:39.469+0000][1][gc,heap      ] GC(43) CMS: 70424K->70566K(174784K)
[2019-06-24T10:20:39.469+0000][1][gc,metaspace ] GC(43) Metaspace: 70539K->70539K(1114112K)
[2019-06-24T10:20:39.469+0000][1][gc           ] GC(43) Pause Young (Allocation Failure) 137M->68M(247M) 3.999ms
[2019-06-24T10:20:39.469+0000][1][gc,cpu       ] GC(43) User=0.01s Sys=0.00s Real=0.00s
[2019-06-24T10:20:39.469+0000][1][safepoint    ] Leaving safepoint region
[2019-06-24T10:20:39.469+0000][1][safepoint    ] Total time for which application threads were stopped: 0.0045717 seconds, Stopping threads took: 0.0000794 seconds
[2019-06-24T10:20:40.470+0000][1][safepoint    ] Application time: 1.0003166 seconds
[2019-06-24T10:20:40.470+0000][1][safepoint    ] Entering safepoint region: Cleanup
[2019-06-24T10:20:40.470+0000][1][safepoint    ] Leaving safepoint region
[2019-06-24T10:20:40.470+0000][1][safepoint    ] Total time for which application threads were stopped: 0.0004259 seconds, Stopping threads took: 0.0001774 seconds
[2019-06-24T10:20:41.471+0000][1][safepoint    ] Application time: 1.0001949 seconds
[2019-06-24T10:20:41.471+0000][1][safepoint    ] Entering safepoint region: Cleanup
[2019-06-24T10:20:41.472+0000][1][safepoint    ] Leaving safepoint region
[2019-06-24T10:20:41.472+0000][1][safepoint    ] Total time for which application threads were stopped: 0.0012658 seconds, Stopping threads took: 0.0009218 seconds
[2019-06-24T10:20:42.472+0000][1][safepoint    ] Application time: 1.0002833 seconds
[2019-06-24T10:20:42.473+0000][1][safepoint    ] Entering safepoint region: Cleanup
[2019-06-24T10:20:42.473+0000][1][safepoint    ] Leaving safepoint region
[2019-06-24T10:20:42.473+0000][1][safepoint    ] Total time for which application threads were stopped: 0.0003073 seconds, Stopping threads took: 0.0000902 seconds
[2019-06-24T10:20:43.473+0000][1][safepoint    ] Application time: 1.0002592 seconds
[2019-06-24T10:20:43.473+0000][1][safepoint    ] Entering safepoint region: Cleanup
[2019-06-24T10:20:43.473+0000][1][safepoint    ] Leaving safepoint region
[2019-06-24T10:20:43.474+0000][1][safepoint    ] Total time for which application threads were stopped: 0.0003402 seconds, Stopping threads took: 0.0000868 seconds
[2019-06-24T10:20:44.474+0000][1][safepoint    ] Application time: 1.0002949 seconds
[2019-06-24T10:20:44.474+0000][1][safepoint    ] Entering safepoint region: Cleanup
[2019-06-24T10:20:44.474+0000][1][safepoint    ] Leaving safepoint region
[2019-06-24T10:20:44.474+0000][1][safepoint    ] Total time for which application threads were stopped: 0.0003911 seconds, Stopping threads took: 0.0000843 seconds
[2019-06-24T10:20:45.475+0000][1][safepoint    ] Application time: 1.0002631 seconds
[2019-06-24T10:20:45.475+0000][1][safepoint    ] Entering safepoint region: Cleanup
[2019-06-24T10:20:45.475+0000][1][safepoint    ] Leaving safepoint region
[2019-06-24T10:20:45.475+0000][1][safepoint    ] Total time for which application threads were stopped: 0.0003377 seconds, Stopping threads took: 0.0000717 seconds
[2019-06-24T10:20:46.475+0000][1][safepoint    ] Application time: 1.0002760 seconds
[2019-06-24T10:20:46.476+0000][1][safepoint    ] Entering safepoint region: Cleanup
[2019-06-24T10:20:46.476+0000][1][safepoint    ] Leaving safepoint region
[2019-06-24T10:20:46.476+0000][1][safepoint    ] Total time for which application threads were stopped: 0.0003866 seconds, Stopping threads took: 0.0000894 seconds
[2019-06-24T10:20:47.476+0000][1][safepoint    ] Application time: 1.0003074 seconds
[2019-06-24T10:20:47.477+0000][1][safepoint    ] Entering safepoint region: Cleanup
[2019-06-24T10:20:47.477+0000][1][safepoint    ] Leaving safepoint region
[2019-06-24T10:20:47.477+0000][1][safepoint    ] Total time for which application threads were stopped: 0.0003185 seconds, Stopping threads took: 0.0001118 seconds
[2019-06-24T10:20:48.477+0000][1][safepoint    ] Application time: 1.0001804 seconds
[2019-06-24T10:20:48.477+0000][1][safepoint    ] Entering safepoint region: Cleanup
[2019-06-24T10:20:48.477+0000][1][safepoint    ] Leaving safepoint region
[2019-06-24T10:20:48.477+0000][1][safepoint    ] Total time for which application threads were stopped: 0.0001988 seconds, Stopping threads took: 0.0000498 seconds
[2019-06-24T10:20:49.478+0000][1][safepoint    ] Application time: 1.0002621 seconds
[2019-06-24T10:20:49.478+0000][1][safepoint    ] Entering safepoint region: Cleanup
[2019-06-24T10:20:49.478+0000][1][safepoint    ] Leaving safepoint region
[2019-06-24T10:20:49.478+0000][1][safepoint    ] Total time for which application threads were stopped: 0.0002951 seconds, Stopping threads took: 0.0000730 seconds
[2019-06-24T10:20:50.478+0000][1][safepoint    ] Application time: 1.0002623 seconds
[2019-06-24T10:20:50.479+0000][1][safepoint    ] Entering safepoint region: Cleanup
[2019-06-24T10:20:50.479+0000][1][safepoint    ] Leaving safepoint region
[2019-06-24T10:20:50.479+0000][1][safepoint    ] Total time for which application threads were stopped: 0.0002951 seconds, Stopping threads took: 0.0000799 seconds
[2019-06-24T10:20:51.479+0000][1][safepoint    ] Application time: 1.0002555 seconds
[2019-06-24T10:20:51.479+0000][1][safepoint    ] Entering safepoint region: Cleanup
[2019-06-24T10:20:51.480+0000][1][safepoint    ] Leaving safepoint region
[2019-06-24T10:20:51.480+0000][1][safepoint    ] Total time for which application threads were stopped: 0.0002942 seconds, Stopping threads took: 0.0000823 seconds
[2019-06-24T10:20:52.876+0000][1][safepoint    ] Application time: 1.3965317 seconds
[2019-06-24T10:20:52.876+0000][1][safepoint    ] Entering safepoint region: Cleanup
[2019-06-24T10:20:52.876+0000][1][safepoint    ] Leaving safepoint region
[2019-06-24T10:20:52.876+0000][1][safepoint    ] Total time for which application threads were stopped: 0.0001059 seconds, Stopping threads took: 0.0000247 seconds
[2019-06-24T10:20:53.877+0000][1][safepoint    ] Application time: 1.0001715 seconds
[2019-06-24T10:20:53.877+0000][1][safepoint    ] Entering safepoint region: Cleanup
[2019-06-24T10:20:53.877+0000][1][safepoint    ] Leaving safepoint region
[2019-06-24T10:20:53.877+0000][1][safepoint    ] Total time for which application threads were stopped: 0.0006685 seconds, Stopping threads took: 0.0003372 seconds
[2019-06-24T10:20:54.878+0000][1][safepoint    ] Application time: 1.0002129 seconds
[2019-06-24T10:20:54.878+0000][1][safepoint    ] Entering safepoint region: Cleanup
[2019-06-24T10:20:54.878+0000][1][safepoint    ] Leaving safepoint region
[2019-06-24T10:20:54.878+0000][1][safepoint    ] Total time for which application threads were stopped: 0.0004747 seconds, Stopping threads took: 0.0002544 seconds
[2019-06-24T10:20:55.879+0000][1][safepoint    ] Application time: 1.0002769 seconds
[2019-06-24T10:20:55.879+0000][1][safepoint    ] Entering safepoint region: Cleanup
[2019-06-24T10:20:55.879+0000][1][safepoint    ] Leaving safepoint region
[2019-06-24T10:20:55.879+0000][1][safepoint    ] Total time for which application threads were stopped: 0.0003360 seconds, Stopping threads took: 0.0000712 seconds
[2019-06-24T10:20:56.879+0000][1][safepoint    ] Application time: 1.0002495 seconds
[2019-06-24T10:20:56.879+0000][1][safepoint    ] Entering safepoint region: Cleanup
[2019-06-24T10:20:56.880+0000][1][safepoint    ] Leaving safepoint region
[2019-06-24T10:20:56.880+0000][1][safepoint    ] Total time for which application threads were stopped: 0.0003493 seconds, Stopping threads took: 0.0000903 seconds
[2019-06-24T10:20:57.880+0000][1][safepoint    ] Application time: 1.0002743 seconds
[2019-06-24T10:20:57.880+0000][1][safepoint    ] Entering safepoint region: Cleanup
[2019-06-24T10:20:57.880+0000][1][safepoint    ] Leaving safepoint region
[2019-06-24T10:20:57.880+0000][1][safepoint    ] Total time for which application threads were stopped: 0.0002912 seconds, Stopping threads took: 0.0000725 seconds
[2019-06-24T10:20:58.881+0000][1][safepoint    ] Application time: 1.0002649 seconds
[2019-06-24T10:20:58.881+0000][1][safepoint    ] Entering safepoint region: Cleanup
[2019-06-24T10:20:58.881+0000][1][safepoint    ] Leaving safepoint region
[2019-06-24T10:20:58.881+0000][1][safepoint    ] Total time for which application threads were stopped: 0.0002903 seconds, Stopping threads took: 0.0000728 seconds
[2019-06-24T10:20:59.881+0000][1][safepoint    ] Application time: 1.0001938 seconds
[2019-06-24T10:20:59.882+0000][1][safepoint    ] Entering safepoint region: Cleanup
[2019-06-24T10:20:59.882+0000][1][safepoint    ] Leaving safepoint region
[2019-06-24T10:20:59.882+0000][1][safepoint    ] Total time for which application threads were stopped: 0.0005790 seconds, Stopping threads took: 0.0003167 seconds
[2019-06-24T10:21:00.882+0000][1][safepoint    ] Application time: 1.0002846 seconds
[2019-06-24T10:21:00.883+0000][1][safepoint    ] Entering safepoint region: Cleanup
[2019-06-24T10:21:00.883+0000][1][safepoint    ] Leaving safepoint region
[2019-06-24T10:21:00.883+0000][1][safepoint    ] Total time for which application threads were stopped: 0.0003298 seconds, Stopping threads took: 0.0000957 seconds
[2019-06-24T10:21:01.883+0000][1][safepoint    ] Application time: 1.0001556 seconds
[2019-06-24T10:21:01.883+0000][1][safepoint    ] Entering safepoint region: Cleanup
[2019-06-24T10:21:01.884+0000][1][safepoint    ] Leaving safepoint region
[2019-06-24T10:21:01.884+0000][1][safepoint    ] Total time for which application threads were stopped: 0.0006496 seconds, Stopping threads took: 0.0000976 seconds
[2019-06-24T10:21:02.884+0000][1][safepoint    ] Application time: 1.0002600 seconds
[2019-06-24T10:21:02.884+0000][1][safepoint    ] Entering safepoint region: Cleanup
[2019-06-24T10:21:02.884+0000][1][safepoint    ] Leaving safepoint region
[2019-06-24T10:21:02.884+0000][1][safepoint    ] Total time for which application threads were stopped: 0.0001489 seconds, Stopping threads took: 0.0000369 seconds
[2019-06-24T10:21:03.885+0000][1][safepoint    ] Application time: 1.0002658 seconds
[2019-06-24T10:21:03.885+0000][1][safepoint    ] Entering safepoint region: Cleanup
[2019-06-24T10:21:03.885+0000][1][safepoint    ] Leaving safepoint region
[2019-06-24T10:21:03.885+0000][1][safepoint    ] Total time for which application threads were stopped: 0.0003314 seconds, Stopping threads took: 0.0000832 seconds
[2019-06-24T10:21:04.886+0000][1][safepoint    ] Application time: 1.0003053 seconds
[2019-06-24T10:21:04.886+0000][1][safepoint    ] Entering safepoint region: Cleanup
[2019-06-24T10:21:04.886+0000][1][safepoint    ] Leaving safepoint region
[2019-06-24T10:21:04.886+0000][1][safepoint    ] Total time for which application threads were stopped: 0.0001081 seconds, Stopping threads took: 0.0000265 seconds
[2019-06-24T10:21:05.886+0000][1][safepoint    ] Application time: 1.0002314 seconds
[2019-06-24T10:21:05.886+0000][1][safepoint    ] Entering safepoint region: Cleanup
[2019-06-24T10:21:05.886+0000][1][safepoint    ] Leaving safepoint region
[2019-06-24T10:21:05.886+0000][1][safepoint    ] Total time for which application threads were stopped: 0.0002863 seconds, Stopping threads took: 0.0000712 seconds
[2019-06-24T10:21:06.887+0000][1][safepoint    ] Application time: 1.0002842 seconds
[2019-06-24T10:21:06.887+0000][1][safepoint    ] Entering safepoint region: Cleanup
[2019-06-24T10:21:06.887+0000][1][safepoint    ] Leaving safepoint region
[2019-06-24T10:21:06.887+0000][1][safepoint    ] Total time for which application threads were stopped: 0.0002921 seconds, Stopping threads took: 0.0000783 seconds
[2019-06-24T10:21:07.887+0000][1][safepoint    ] Application time: 1.0001844 seconds
[2019-06-24T10:21:07.887+0000][1][safepoint    ] Entering safepoint region: Cleanup
[2019-06-24T10:21:07.888+0000][1][safepoint    ] Leaving safepoint region
[2019-06-24T10:21:07.888+0000][1][safepoint    ] Total time for which application threads were stopped: 0.0003223 seconds, Stopping threads took: 0.0000894 seconds
[2019-06-24T10:21:08.888+0000][1][safepoint    ] Application time: 1.0001834 seconds
[2019-06-24T10:21:08.888+0000][1][safepoint    ] Entering safepoint region: Cleanup
[2019-06-24T10:21:08.888+0000][1][safepoint    ] Leaving safepoint region
[2019-06-24T10:21:08.888+0000][1][safepoint    ] Total time for which application threads were stopped: 0.0003299 seconds, Stopping threads took: 0.0000709 seconds
[2019-06-24T10:21:09.889+0000][1][safepoint    ] Application time: 1.0002843 seconds
[2019-06-24T10:21:09.889+0000][1][safepoint    ] Entering safepoint region: Cleanup
[2019-06-24T10:21:09.889+0000][1][safepoint    ] Leaving safepoint region
[2019-06-24T10:21:09.889+0000][1][safepoint    ] Total time for which application threads were stopped: 0.0003923 seconds, Stopping threads took: 0.0000831 seconds
[2019-06-24T10:21:10.890+0000][1][safepoint    ] Application time: 1.0002752 seconds
[2019-06-24T10:21:10.890+0000][1][safepoint    ] Entering safepoint region: Cleanup
[2019-06-24T10:21:10.890+0000][1][safepoint    ] Leaving safepoint region
[2019-06-24T10:21:10.890+0000][1][safepoint    ] Total time for which application threads were stopped: 0.0003217 seconds, Stopping threads took: 0.0000902 seconds
[2019-06-24T10:21:11.890+0000][1][safepoint    ] Application time: 1.0002451 seconds
[2019-06-24T10:21:11.891+0000][1][safepoint    ] Entering safepoint region: Cleanup
[2019-06-24T10:21:11.891+0000][1][safepoint    ] Leaving safepoint region
[2019-06-24T10:21:11.891+0000][1][safepoint    ] Total time for which application threads were stopped: 0.0003927 seconds, Stopping threads took: 0.0001782 seconds
[2019-06-24T10:21:12.891+0000][1][safepoint    ] Application time: 1.0002220 seconds
[2019-06-24T10:21:12.891+0000][1][safepoint    ] Entering safepoint region: Cleanup
[2019-06-24T10:21:12.891+0000][1][safepoint    ] Leaving safepoint region
[2019-06-24T10:21:12.891+0000][1][safepoint    ] Total time for which application threads were stopped: 0.0002862 seconds, Stopping threads took: 0.0000716 seconds
[2019-06-24T10:21:13.892+0000][1][safepoint    ] Application time: 1.0002804 seconds
[2019-06-24T10:21:13.892+0000][1][safepoint    ] Entering safepoint region: Cleanup
[2019-06-24T10:21:13.892+0000][1][safepoint    ] Leaving safepoint region
[2019-06-24T10:21:13.892+0000][1][safepoint    ] Total time for which application threads were stopped: 0.0002768 seconds, Stopping threads took: 0.0000704 seconds
[2019-06-24T10:21:14.892+0000][1][safepoint    ] Application time: 1.0001912 seconds
[2019-06-24T10:21:14.893+0000][1][safepoint    ] Entering safepoint region: Cleanup
[2019-06-24T10:21:14.893+0000][1][safepoint    ] Leaving safepoint region
[2019-06-24T10:21:14.893+0000][1][safepoint    ] Total time for which application threads were stopped: 0.0002841 seconds, Stopping threads took: 0.0000715 seconds
[2019-06-24T10:21:15.893+0000][1][safepoint    ] Application time: 1.0001704 seconds
[2019-06-24T10:21:15.893+0000][1][safepoint    ] Entering safepoint region: Cleanup
[2019-06-24T10:21:15.893+0000][1][safepoint    ] Leaving safepoint region
[2019-06-24T10:21:15.893+0000][1][safepoint    ] Total time for which application threads were stopped: 0.0002245 seconds, Stopping threads took: 0.0000476 seconds
[2019-06-24T10:21:16.894+0000][1][safepoint    ] Application time: 1.0002863 seconds
[2019-06-24T10:21:16.894+0000][1][safepoint    ] Entering safepoint region: Cleanup
[2019-06-24T10:21:16.894+0000][1][safepoint    ] Leaving safepoint region
[2019-06-24T10:21:16.894+0000][1][safepoint    ] Total time for which application threads were stopped: 0.0001113 seconds, Stopping threads took: 0.0000275 seconds
[2019-06-24T10:21:17.894+0000][1][safepoint    ] Application time: 1.0002287 seconds
[2019-06-24T10:21:17.894+0000][1][safepoint    ] Entering safepoint region: Cleanup
[2019-06-24T10:21:17.894+0000][1][safepoint    ] Leaving safepoint region
[2019-06-24T10:21:17.894+0000][1][safepoint    ] Total time for which application threads were stopped: 0.0001394 seconds, Stopping threads took: 0.0000450 seconds
[2019-06-24T10:21:18.894+0000][1][safepoint    ] Application time: 1.0001929 seconds
[2019-06-24T10:21:18.895+0000][1][safepoint    ] Entering safepoint region: Cleanup
[2019-06-24T10:21:18.895+0000][1][safepoint    ] Leaving safepoint region
[2019-06-24T10:21:18.895+0000][1][safepoint    ] Total time for which application threads were stopped: 0.0002664 seconds, Stopping threads took: 0.0000713 seconds
[2019-06-24T10:21:19.895+0000][1][safepoint    ] Application time: 1.0002836 seconds
[2019-06-24T10:21:19.895+0000][1][safepoint    ] Entering safepoint region: Cleanup
[2019-06-24T10:21:19.895+0000][1][safepoint    ] Leaving safepoint region
[2019-06-24T10:21:19.895+0000][1][safepoint    ] Total time for which application threads were stopped: 0.0001129 seconds, Stopping threads took: 0.0000277 seconds
[2019-06-24T10:21:20.896+0000][1][safepoint    ] Application time: 1.0002801 seconds
[2019-06-24T10:21:20.896+0000][1][safepoint    ] Entering safepoint region: Cleanup
[2019-06-24T10:21:20.896+0000][1][safepoint    ] Leaving safepoint region
[2019-06-24T10:21:20.896+0000][1][safepoint    ] Total time for which application threads were stopped: 0.0001247 seconds, Stopping threads took: 0.0000406 seconds
[2019-06-24T10:21:21.896+0000][1][safepoint    ] Application time: 1.0002432 seconds
[2019-06-24T10:21:21.896+0000][1][safepoint    ] Entering safepoint region: Cleanup
[2019-06-24T10:21:21.896+0000][1][safepoint    ] Leaving safepoint region
[2019-06-24T10:21:21.897+0000][1][safepoint    ] Total time for which application threads were stopped: 0.0003437 seconds, Stopping threads took: 0.0000920 seconds
[2019-06-24T10:21:22.897+0000][1][safepoint    ] Application time: 1.0001515 seconds
[2019-06-24T10:21:22.897+0000][1][safepoint    ] Entering safepoint region: Cleanup
[2019-06-24T10:21:22.897+0000][1][safepoint    ] Leaving safepoint region
[2019-06-24T10:21:22.897+0000][1][safepoint    ] Total time for which application threads were stopped: 0.0001275 seconds, Stopping threads took: 0.0000321 seconds
[2019-06-24T10:21:24.320+0000][1][safepoint    ] Application time: 1.4227765 seconds
[2019-06-24T10:21:24.320+0000][1][safepoint    ] Entering safepoint region: Cleanup
[2019-06-24T10:21:24.320+0000][1][safepoint    ] Leaving safepoint region
[2019-06-24T10:21:24.320+0000][1][safepoint    ] Total time for which application threads were stopped: 0.0003277 seconds, Stopping threads took: 0.0000819 seconds
[2019-06-24T10:21:25.320+0000][1][safepoint    ] Application time: 1.0002887 seconds
[2019-06-24T10:21:25.321+0000][1][safepoint    ] Entering safepoint region: Cleanup
[2019-06-24T10:21:25.321+0000][1][safepoint    ] Leaving safepoint region
[2019-06-24T10:21:25.321+0000][1][safepoint    ] Total time for which application threads were stopped: 0.0003310 seconds, Stopping threads took: 0.0000840 seconds
[2019-06-24T10:21:26.321+0000][1][safepoint    ] Application time: 1.0002651 seconds
[2019-06-24T10:21:26.321+0000][1][safepoint    ] Entering safepoint region: Cleanup
[2019-06-24T10:21:26.321+0000][1][safepoint    ] Leaving safepoint region
[2019-06-24T10:21:26.321+0000][1][safepoint    ] Total time for which application threads were stopped: 0.0001488 seconds, Stopping threads took: 0.0000361 seconds
[2019-06-24T10:21:27.322+0000][1][safepoint    ] Application time: 1.0001709 seconds
[2019-06-24T10:21:27.322+0000][1][safepoint    ] Entering safepoint region: Cleanup
[2019-06-24T10:21:27.322+0000][1][safepoint    ] Leaving safepoint region
[2019-06-24T10:21:27.322+0000][1][safepoint    ] Total time for which application threads were stopped: 0.0002950 seconds, Stopping threads took: 0.0000753 seconds
[2019-06-24T10:21:28.322+0000][1][safepoint    ] Application time: 1.0002689 seconds
[2019-06-24T10:21:28.322+0000][1][safepoint    ] Entering safepoint region: Cleanup
[2019-06-24T10:21:28.323+0000][1][safepoint    ] Leaving safepoint region
[2019-06-24T10:21:28.323+0000][1][safepoint    ] Total time for which application threads were stopped: 0.0003791 seconds, Stopping threads took: 0.0001508 seconds
[2019-06-24T10:21:29.323+0000][1][safepoint    ] Application time: 1.0002492 seconds
[2019-06-24T10:21:29.323+0000][1][safepoint    ] Entering safepoint region: Cleanup
[2019-06-24T10:21:29.324+0000][1][safepoint    ] Leaving safepoint region
[2019-06-24T10:21:29.324+0000][1][safepoint    ] Total time for which application threads were stopped: 0.0007358 seconds, Stopping threads took: 0.0001764 seconds
[2019-06-24T10:21:30.324+0000][1][safepoint    ] Application time: 1.0002791 seconds
[2019-06-24T10:21:30.325+0000][1][safepoint    ] Entering safepoint region: Cleanup
[2019-06-24T10:21:30.325+0000][1][safepoint    ] Leaving safepoint region
[2019-06-24T10:21:30.325+0000][1][safepoint    ] Total time for which application threads were stopped: 0.0002795 seconds, Stopping threads took: 0.0000726 seconds
[2019-06-24T10:21:31.325+0000][1][safepoint    ] Application time: 1.0002827 seconds
[2019-06-24T10:21:31.325+0000][1][safepoint    ] Entering safepoint region: Cleanup
[2019-06-24T10:21:31.325+0000][1][safepoint    ] Leaving safepoint region
[2019-06-24T10:21:31.325+0000][1][safepoint    ] Total time for which application threads were stopped: 0.0002069 seconds, Stopping threads took: 0.0000461 seconds
[2019-06-24T10:21:32.326+0000][1][safepoint    ] Application time: 1.0002782 seconds
[2019-06-24T10:21:32.326+0000][1][safepoint    ] Entering safepoint region: Cleanup
[2019-06-24T10:21:32.326+0000][1][safepoint    ] Leaving safepoint region
[2019-06-24T10:21:32.326+0000][1][safepoint    ] Total time for which application threads were stopped: 0.0003810 seconds, Stopping threads took: 0.0000811 seconds
[2019-06-24T10:21:33.326+0000][1][safepoint    ] Application time: 1.0002486 seconds
[2019-06-24T10:21:33.327+0000][1][safepoint    ] Entering safepoint region: Cleanup
[2019-06-24T10:21:33.327+0000][1][safepoint    ] Leaving safepoint region
[2019-06-24T10:21:33.327+0000][1][safepoint    ] Total time for which application threads were stopped: 0.0003230 seconds, Stopping threads took: 0.0000702 seconds
[2019-06-24T10:21:34.327+0000][1][safepoint    ] Application time: 1.0001388 seconds
[2019-06-24T10:21:34.327+0000][1][safepoint    ] Entering safepoint region: Cleanup
[2019-06-24T10:21:34.328+0000][1][safepoint    ] Leaving safepoint region
[2019-06-24T10:21:34.328+0000][1][safepoint    ] Total time for which application threads were stopped: 0.0011745 seconds, Stopping threads took: 0.0002043 seconds
[2019-06-24T10:21:35.329+0000][1][safepoint    ] Application time: 1.0003524 seconds
[2019-06-24T10:21:35.329+0000][1][safepoint    ] Entering safepoint region: Cleanup
[2019-06-24T10:21:35.329+0000][1][safepoint    ] Leaving safepoint region
[2019-06-24T10:21:35.329+0000][1][safepoint    ] Total time for which application threads were stopped: 0.0001127 seconds, Stopping threads took: 0.0000284 seconds
[2019-06-24T10:21:36.329+0000][1][safepoint    ] Application time: 1.0002645 seconds
[2019-06-24T10:21:36.329+0000][1][safepoint    ] Entering safepoint region: Cleanup
[2019-06-24T10:21:36.330+0000][1][safepoint    ] Leaving safepoint region
[2019-06-24T10:21:36.330+0000][1][safepoint    ] Total time for which application threads were stopped: 0.0002681 seconds, Stopping threads took: 0.0000705 seconds
[2019-06-24T10:21:37.330+0000][1][safepoint    ] Application time: 1.0001870 seconds
[2019-06-24T10:21:37.330+0000][1][safepoint    ] Entering safepoint region: Cleanup
[2019-06-24T10:21:37.330+0000][1][safepoint    ] Leaving safepoint region
[2019-06-24T10:21:37.330+0000][1][safepoint    ] Total time for which application threads were stopped: 0.0002741 seconds, Stopping threads took: 0.0000696 seconds
[2019-06-24T10:21:38.331+0000][1][safepoint    ] Application time: 1.0003036 seconds
[2019-06-24T10:21:38.331+0000][1][safepoint    ] Entering safepoint region: Cleanup
[2019-06-24T10:21:38.331+0000][1][safepoint    ] Leaving safepoint region
[2019-06-24T10:21:38.331+0000][1][safepoint    ] Total time for which application threads were stopped: 0.0001072 seconds, Stopping threads took: 0.0000274 seconds
[2019-06-24T10:21:39.331+0000][1][safepoint    ] Application time: 1.0000970 seconds
[2019-06-24T10:21:39.331+0000][1][safepoint    ] Entering safepoint region: Cleanup
[2019-06-24T10:21:39.331+0000][1][safepoint    ] Leaving safepoint region
[2019-06-24T10:21:39.331+0000][1][safepoint    ] Total time for which application threads were stopped: 0.0001304 seconds, Stopping threads took: 0.0000373 seconds
[2019-06-24T10:21:40.331+0000][1][safepoint    ] Application time: 1.0002488 seconds
[2019-06-24T10:21:40.331+0000][1][safepoint    ] Entering safepoint region: Cleanup
[2019-06-24T10:21:40.332+0000][1][safepoint    ] Leaving safepoint region
[2019-06-24T10:21:40.332+0000][1][safepoint    ] Total time for which application threads were stopped: 0.0002734 seconds, Stopping threads took: 0.0000698 seconds
[2019-06-24T10:21:41.332+0000][1][safepoint    ] Application time: 1.0002712 seconds
[2019-06-24T10:21:41.332+0000][1][safepoint    ] Entering safepoint region: Cleanup
[2019-06-24T10:21:41.332+0000][1][safepoint    ] Leaving safepoint region
[2019-06-24T10:21:41.332+0000][1][safepoint    ] Total time for which application threads were stopped: 0.0004111 seconds, Stopping threads took: 0.0001847 seconds
[2019-06-24T10:21:42.333+0000][1][safepoint    ] Application time: 1.0002837 seconds
[2019-06-24T10:21:42.333+0000][1][safepoint    ] Entering safepoint region: Cleanup
[2019-06-24T10:21:42.333+0000][1][safepoint    ] Leaving safepoint region
[2019-06-24T10:21:42.333+0000][1][safepoint    ] Total time for which application threads were stopped: 0.0003181 seconds, Stopping threads took: 0.0000824 seconds
[2019-06-24T10:21:43.333+0000][1][safepoint    ] Application time: 1.0001538 seconds
[2019-06-24T10:21:43.334+0000][1][safepoint    ] Entering safepoint region: Cleanup
[2019-06-24T10:21:43.334+0000][1][safepoint    ] Leaving safepoint region
[2019-06-24T10:21:43.334+0000][1][safepoint    ] Total time for which application threads were stopped: 0.0002901 seconds, Stopping threads took: 0.0000724 seconds
[2019-06-24T10:21:44.334+0000][1][safepoint    ] Application time: 1.0001934 seconds
[2019-06-24T10:21:44.334+0000][1][safepoint    ] Entering safepoint region: Cleanup
[2019-06-24T10:21:44.334+0000][1][safepoint    ] Leaving safepoint region
[2019-06-24T10:21:44.334+0000][1][safepoint    ] Total time for which application threads were stopped: 0.0003191 seconds, Stopping threads took: 0.0000926 seconds
[2019-06-24T10:21:45.335+0000][1][safepoint    ] Application time: 1.0002114 seconds
[2019-06-24T10:21:45.335+0000][1][safepoint    ] Entering safepoint region: Cleanup
[2019-06-24T10:21:45.335+0000][1][safepoint    ] Leaving safepoint region
[2019-06-24T10:21:45.335+0000][1][safepoint    ] Total time for which application threads were stopped: 0.0001043 seconds, Stopping threads took: 0.0000265 seconds
[2019-06-24T10:21:46.335+0000][1][safepoint    ] Application time: 1.0001278 seconds
[2019-06-24T10:21:46.335+0000][1][safepoint    ] Entering safepoint region: Cleanup
[2019-06-24T10:21:46.335+0000][1][safepoint    ] Leaving safepoint region
[2019-06-24T10:21:46.336+0000][1][safepoint    ] Total time for which application threads were stopped: 0.0003673 seconds, Stopping threads took: 0.0000919 seconds
[2019-06-24T10:21:47.336+0000][1][safepoint    ] Application time: 1.0002704 seconds
[2019-06-24T10:21:47.336+0000][1][safepoint    ] Entering safepoint region: Cleanup
[2019-06-24T10:21:47.336+0000][1][safepoint    ] Leaving safepoint region
[2019-06-24T10:21:47.336+0000][1][safepoint    ] Total time for which application threads were stopped: 0.0002916 seconds, Stopping threads took: 0.0000726 seconds
[2019-06-24T10:21:48.337+0000][1][safepoint    ] Application time: 1.0002675 seconds
[2019-06-24T10:21:48.337+0000][1][safepoint    ] Entering safepoint region: Cleanup
[2019-06-24T10:21:48.337+0000][1][safepoint    ] Leaving safepoint region
[2019-06-24T10:21:48.337+0000][1][safepoint    ] Total time for which application threads were stopped: 0.0001533 seconds, Stopping threads took: 0.0000734 seconds
[2019-06-24T10:21:49.337+0000][1][safepoint    ] Application time: 1.0002557 seconds
[2019-06-24T10:21:49.337+0000][1][safepoint    ] Entering safepoint region: Cleanup
[2019-06-24T10:21:49.337+0000][1][safepoint    ] Leaving safepoint region
[2019-06-24T10:21:49.337+0000][1][safepoint    ] Total time for which application threads were stopped: 0.0003072 seconds, Stopping threads took: 0.0000720 seconds
[2019-06-24T10:21:49.934+0000][1][safepoint    ] Application time: 0.5968432 seconds
[2019-06-24T10:21:49.934+0000][1][safepoint    ] Entering safepoint region: GenCollectForAllocation
[2019-06-24T10:21:49.935+0000][1][gc,start     ] GC(44) Pause Young (Allocation Failure)
[2019-06-24T10:21:49.935+0000][1][gc,task      ] GC(44) Using 5 workers of 8 for evacuation
[2019-06-24T10:21:49.938+0000][1][gc,age       ] GC(44) Desired survivor size 4456448 bytes, new threshold 6 (max threshold 6)
[2019-06-24T10:21:49.938+0000][1][gc,age       ] GC(44) Age table with threshold 6 (max threshold 6)
[2019-06-24T10:21:49.938+0000][1][gc,age       ] GC(44) - age   1:       5680 bytes,       5680 total
[2019-06-24T10:21:49.938+0000][1][gc,age       ] GC(44) - age   2:       1520 bytes,       7200 total
[2019-06-24T10:21:49.938+0000][1][gc,age       ] GC(44) - age   5:        904 bytes,       8104 total
[2019-06-24T10:21:49.938+0000][1][gc,age       ] GC(44) - age   6:        880 bytes,       8984 total
[2019-06-24T10:21:49.938+0000][1][gc,heap      ] GC(44) ParNew: 70037K->24K(78656K)
[2019-06-24T10:21:49.938+0000][1][gc,heap      ] GC(44) CMS: 70566K->70573K(174784K)
[2019-06-24T10:21:49.938+0000][1][gc,metaspace ] GC(44) Metaspace: 70539K->70539K(1114112K)
[2019-06-24T10:21:49.938+0000][1][gc           ] GC(44) Pause Young (Allocation Failure) 137M->68M(247M) 3.196ms
[2019-06-24T10:21:49.938+0000][1][gc,cpu       ] GC(44) User=0.01s Sys=0.00s Real=0.00s
[2019-06-24T10:21:49.938+0000][1][safepoint    ] Leaving safepoint region
[2019-06-24T10:21:49.938+0000][1][safepoint    ] Total time for which application threads were stopped: 0.0038373 seconds, Stopping threads took: 0.0001648 seconds
[2019-06-24T10:21:50.939+0000][1][safepoint    ] Application time: 1.0003052 seconds
[2019-06-24T10:21:50.939+0000][1][safepoint    ] Entering safepoint region: Cleanup
[2019-06-24T10:21:50.939+0000][1][safepoint    ] Leaving safepoint region
[2019-06-24T10:21:50.939+0000][1][safepoint    ] Total time for which application threads were stopped: 0.0003836 seconds, Stopping threads took: 0.0000723 seconds
[2019-06-24T10:21:51.939+0000][1][safepoint    ] Application time: 1.0002504 seconds
[2019-06-24T10:21:51.940+0000][1][safepoint    ] Entering safepoint region: Cleanup
[2019-06-24T10:21:51.940+0000][1][safepoint    ] Leaving safepoint region
[2019-06-24T10:21:51.940+0000][1][safepoint    ] Total time for which application threads were stopped: 0.0003422 seconds, Stopping threads took: 0.0000838 seconds
[2019-06-24T10:21:52.940+0000][1][safepoint    ] Application time: 1.0001443 seconds
[2019-06-24T10:21:52.940+0000][1][safepoint    ] Entering safepoint region: Cleanup
[2019-06-24T10:21:52.940+0000][1][safepoint    ] Leaving safepoint region
[2019-06-24T10:21:52.940+0000][1][safepoint    ] Total time for which application threads were stopped: 0.0001158 seconds, Stopping threads took: 0.0000289 seconds
[2019-06-24T10:21:53.940+0000][1][safepoint    ] Application time: 1.0002435 seconds
[2019-06-24T10:21:53.941+0000][1][safepoint    ] Entering safepoint region: Cleanup
[2019-06-24T10:21:53.941+0000][1][safepoint    ] Leaving safepoint region
[2019-06-24T10:21:53.941+0000][1][safepoint    ] Total time for which application threads were stopped: 0.0002907 seconds, Stopping threads took: 0.0000724 seconds
[2019-06-24T10:21:54.941+0000][1][safepoint    ] Application time: 1.0002259 seconds
[2019-06-24T10:21:54.941+0000][1][safepoint    ] Entering safepoint region: Cleanup
[2019-06-24T10:21:54.943+0000][1][safepoint    ] Leaving safepoint region
[2019-06-24T10:21:54.943+0000][1][safepoint    ] Total time for which application threads were stopped: 0.0015147 seconds, Stopping threads took: 0.0010360 seconds
[2019-06-24T10:21:56.054+0000][1][safepoint    ] Application time: 1.1113201 seconds
[2019-06-24T10:21:56.054+0000][1][safepoint    ] Entering safepoint region: Cleanup
[2019-06-24T10:21:56.055+0000][1][safepoint    ] Leaving safepoint region
[2019-06-24T10:21:56.055+0000][1][safepoint    ] Total time for which application threads were stopped: 0.0005448 seconds, Stopping threads took: 0.0000989 seconds
[2019-06-24T10:21:57.055+0000][1][safepoint    ] Application time: 1.0002526 seconds
[2019-06-24T10:21:57.055+0000][1][safepoint    ] Entering safepoint region: Cleanup
[2019-06-24T10:21:57.055+0000][1][safepoint    ] Leaving safepoint region
[2019-06-24T10:21:57.055+0000][1][safepoint    ] Total time for which application threads were stopped: 0.0002123 seconds, Stopping threads took: 0.0000523 seconds
[2019-06-24T10:21:58.056+0000][1][safepoint    ] Application time: 1.0002544 seconds
[2019-06-24T10:21:58.056+0000][1][safepoint    ] Entering safepoint region: Cleanup
[2019-06-24T10:21:58.056+0000][1][safepoint    ] Leaving safepoint region
[2019-06-24T10:21:58.056+0000][1][safepoint    ] Total time for which application threads were stopped: 0.0003199 seconds, Stopping threads took: 0.0001081 seconds
[2019-06-24T10:21:59.056+0000][1][safepoint    ] Application time: 1.0002520 seconds
[2019-06-24T10:21:59.057+0000][1][safepoint    ] Entering safepoint region: Cleanup
[2019-06-24T10:21:59.057+0000][1][safepoint    ] Leaving safepoint region
[2019-06-24T10:21:59.057+0000][1][safepoint    ] Total time for which application threads were stopped: 0.0001948 seconds, Stopping threads took: 0.0000473 seconds
[2019-06-24T10:22:00.057+0000][1][safepoint    ] Application time: 1.0001661 seconds
[2019-06-24T10:22:00.057+0000][1][safepoint    ] Entering safepoint region: Cleanup
[2019-06-24T10:22:00.057+0000][1][safepoint    ] Leaving safepoint region
[2019-06-24T10:22:00.057+0000][1][safepoint    ] Total time for which application threads were stopped: 0.0002382 seconds, Stopping threads took: 0.0000790 seconds
[2019-06-24T10:22:01.057+0000][1][safepoint    ] Application time: 1.0001997 seconds
[2019-06-24T10:22:01.058+0000][1][safepoint    ] Entering safepoint region: Cleanup
[2019-06-24T10:22:01.058+0000][1][safepoint    ] Leaving safepoint region
[2019-06-24T10:22:01.058+0000][1][safepoint    ] Total time for which application threads were stopped: 0.0003422 seconds, Stopping threads took: 0.0000894 seconds
[2019-06-24T10:22:02.058+0000][1][safepoint    ] Application time: 1.0002025 seconds
[2019-06-24T10:22:02.058+0000][1][safepoint    ] Entering safepoint region: Cleanup
[2019-06-24T10:22:02.059+0000][1][safepoint    ] Leaving safepoint region
[2019-06-24T10:22:02.059+0000][1][safepoint    ] Total time for which application threads were stopped: 0.0003833 seconds, Stopping threads took: 0.0000687 seconds
[2019-06-24T10:22:03.059+0000][1][safepoint    ] Application time: 1.0002466 seconds
[2019-06-24T10:22:03.059+0000][1][safepoint    ] Entering safepoint region: Cleanup
[2019-06-24T10:22:03.059+0000][1][safepoint    ] Leaving safepoint region
[2019-06-24T10:22:03.059+0000][1][safepoint    ] Total time for which application threads were stopped: 0.0003097 seconds, Stopping threads took: 0.0000817 seconds
[2019-06-24T10:22:04.060+0000][1][safepoint    ] Application time: 1.0001912 seconds
[2019-06-24T10:22:04.060+0000][1][safepoint    ] Entering safepoint region: Cleanup
[2019-06-24T10:22:04.060+0000][1][safepoint    ] Leaving safepoint region
[2019-06-24T10:22:04.060+0000][1][safepoint    ] Total time for which application threads were stopped: 0.0002780 seconds, Stopping threads took: 0.0000739 seconds
[2019-06-24T10:22:05.060+0000][1][safepoint    ] Application time: 1.0002556 seconds
[2019-06-24T10:22:05.060+0000][1][safepoint    ] Entering safepoint region: Cleanup
[2019-06-24T10:22:05.061+0000][1][safepoint    ] Leaving safepoint region
[2019-06-24T10:22:05.061+0000][1][safepoint    ] Total time for which application threads were stopped: 0.0002674 seconds, Stopping threads took: 0.0000710 seconds
[2019-06-24T10:22:06.061+0000][1][safepoint    ] Application time: 1.0002694 seconds
[2019-06-24T10:22:06.061+0000][1][safepoint    ] Entering safepoint region: Cleanup
[2019-06-24T10:22:06.061+0000][1][safepoint    ] Leaving safepoint region
[2019-06-24T10:22:06.061+0000][1][safepoint    ] Total time for which application threads were stopped: 0.0002734 seconds, Stopping threads took: 0.0000694 seconds
[2019-06-24T10:22:07.061+0000][1][safepoint    ] Application time: 1.0001170 seconds
[2019-06-24T10:22:07.062+0000][1][safepoint    ] Entering safepoint region: Cleanup
[2019-06-24T10:22:07.062+0000][1][safepoint    ] Leaving safepoint region
[2019-06-24T10:22:07.062+0000][1][safepoint    ] Total time for which application threads were stopped: 0.0001994 seconds, Stopping threads took: 0.0000734 seconds
[2019-06-24T10:22:08.062+0000][1][safepoint    ] Application time: 1.0002456 seconds
[2019-06-24T10:22:08.062+0000][1][safepoint    ] Entering safepoint region: Cleanup
[2019-06-24T10:22:08.062+0000][1][safepoint    ] Leaving safepoint region
[2019-06-24T10:22:08.062+0000][1][safepoint    ] Total time for which application threads were stopped: 0.0003391 seconds, Stopping threads took: 0.0001399 seconds
[2019-06-24T10:22:09.063+0000][1][safepoint    ] Application time: 1.0001257 seconds
[2019-06-24T10:22:09.063+0000][1][safepoint    ] Entering safepoint region: Cleanup
[2019-06-24T10:22:09.063+0000][1][safepoint    ] Leaving safepoint region
[2019-06-24T10:22:09.063+0000][1][safepoint    ] Total time for which application threads were stopped: 0.0001840 seconds, Stopping threads took: 0.0000466 seconds
[2019-06-24T10:22:10.063+0000][1][safepoint    ] Application time: 1.0002639 seconds
[2019-06-24T10:22:10.063+0000][1][safepoint    ] Entering safepoint region: Cleanup
[2019-06-24T10:22:10.065+0000][1][safepoint    ] Leaving safepoint region
[2019-06-24T10:22:10.065+0000][1][safepoint    ] Total time for which application threads were stopped: 0.0013031 seconds, Stopping threads took: 0.0009448 seconds
[2019-06-24T10:22:11.065+0000][1][safepoint    ] Application time: 1.0002605 seconds
[2019-06-24T10:22:11.065+0000][1][safepoint    ] Entering safepoint region: Cleanup
[2019-06-24T10:22:11.065+0000][1][safepoint    ] Leaving safepoint region
[2019-06-24T10:22:11.065+0000][1][safepoint    ] Total time for which application threads were stopped: 0.0002237 seconds, Stopping threads took: 0.0000431 seconds
[2019-06-24T10:22:12.066+0000][1][safepoint    ] Application time: 1.0002594 seconds
[2019-06-24T10:22:12.066+0000][1][safepoint    ] Entering safepoint region: Cleanup
[2019-06-24T10:22:12.066+0000][1][safepoint    ] Leaving safepoint region
[2019-06-24T10:22:12.066+0000][1][safepoint    ] Total time for which application threads were stopped: 0.0002861 seconds, Stopping threads took: 0.0000719 seconds
[2019-06-24T10:22:13.066+0000][1][safepoint    ] Application time: 1.0001962 seconds
[2019-06-24T10:22:13.066+0000][1][safepoint    ] Entering safepoint region: Cleanup
[2019-06-24T10:22:13.067+0000][1][safepoint    ] Leaving safepoint region
[2019-06-24T10:22:13.067+0000][1][safepoint    ] Total time for which application threads were stopped: 0.0005123 seconds, Stopping threads took: 0.0001064 seconds
[2019-06-24T10:22:14.067+0000][1][safepoint    ] Application time: 1.0002338 seconds
[2019-06-24T10:22:14.067+0000][1][safepoint    ] Entering safepoint region: Cleanup
[2019-06-24T10:22:14.067+0000][1][safepoint    ] Leaving safepoint region
[2019-06-24T10:22:14.068+0000][1][safepoint    ] Total time for which application threads were stopped: 0.0003281 seconds, Stopping threads took: 0.0000804 seconds
[2019-06-24T10:22:15.068+0000][1][safepoint    ] Application time: 1.0002617 seconds
[2019-06-24T10:22:15.068+0000][1][safepoint    ] Entering safepoint region: Cleanup
[2019-06-24T10:22:15.068+0000][1][safepoint    ] Leaving safepoint region
[2019-06-24T10:22:15.068+0000][1][safepoint    ] Total time for which application threads were stopped: 0.0004016 seconds, Stopping threads took: 0.0000841 seconds
[2019-06-24T10:22:16.069+0000][1][safepoint    ] Application time: 1.0001826 seconds
[2019-06-24T10:22:16.069+0000][1][safepoint    ] Entering safepoint region: Cleanup
[2019-06-24T10:22:16.069+0000][1][safepoint    ] Leaving safepoint region
[2019-06-24T10:22:16.069+0000][1][safepoint    ] Total time for which application threads were stopped: 0.0003133 seconds, Stopping threads took: 0.0000739 seconds
[2019-06-24T10:22:17.069+0000][1][safepoint    ] Application time: 1.0002876 seconds
[2019-06-24T10:22:17.069+0000][1][safepoint    ] Entering safepoint region: Cleanup
[2019-06-24T10:22:17.070+0000][1][safepoint    ] Leaving safepoint region
[2019-06-24T10:22:17.070+0000][1][safepoint    ] Total time for which application threads were stopped: 0.0003338 seconds, Stopping threads took: 0.0000820 seconds
[2019-06-24T10:22:18.146+0000][1][safepoint    ] Application time: 1.0759508 seconds
[2019-06-24T10:22:18.146+0000][1][safepoint    ] Entering safepoint region: Cleanup
[2019-06-24T10:22:18.146+0000][1][safepoint    ] Leaving safepoint region
[2019-06-24T10:22:18.146+0000][1][safepoint    ] Total time for which application threads were stopped: 0.0003663 seconds, Stopping threads took: 0.0000832 seconds
[2019-06-24T10:22:19.146+0000][1][safepoint    ] Application time: 1.0001490 seconds
[2019-06-24T10:22:19.147+0000][1][safepoint    ] Entering safepoint region: Cleanup
[2019-06-24T10:22:19.147+0000][1][safepoint    ] Leaving safepoint region
[2019-06-24T10:22:19.147+0000][1][safepoint    ] Total time for which application threads were stopped: 0.0001247 seconds, Stopping threads took: 0.0000432 seconds
[2019-06-24T10:22:20.147+0000][1][safepoint    ] Application time: 1.0000966 seconds
[2019-06-24T10:22:20.147+0000][1][safepoint    ] Entering safepoint region: Cleanup
[2019-06-24T10:22:20.147+0000][1][safepoint    ] Leaving safepoint region
[2019-06-24T10:22:20.147+0000][1][safepoint    ] Total time for which application threads were stopped: 0.0001886 seconds, Stopping threads took: 0.0000713 seconds
[2019-06-24T10:22:21.147+0000][1][safepoint    ] Application time: 1.0002900 seconds
[2019-06-24T10:22:21.147+0000][1][safepoint    ] Entering safepoint region: Cleanup
[2019-06-24T10:22:21.147+0000][1][safepoint    ] Leaving safepoint region
[2019-06-24T10:22:21.147+0000][1][safepoint    ] Total time for which application threads were stopped: 0.0001282 seconds, Stopping threads took: 0.0000469 seconds
[2019-06-24T10:22:22.148+0000][1][safepoint    ] Application time: 1.0002123 seconds
[2019-06-24T10:22:22.148+0000][1][safepoint    ] Entering safepoint region: Cleanup
[2019-06-24T10:22:22.148+0000][1][safepoint    ] Leaving safepoint region
[2019-06-24T10:22:22.148+0000][1][safepoint    ] Total time for which application threads were stopped: 0.0002990 seconds, Stopping threads took: 0.0001028 seconds
[2019-06-24T10:22:23.148+0000][1][safepoint    ] Application time: 1.0002580 seconds
[2019-06-24T10:22:23.149+0000][1][safepoint    ] Entering safepoint region: Cleanup
[2019-06-24T10:22:23.149+0000][1][safepoint    ] Leaving safepoint region
[2019-06-24T10:22:23.149+0000][1][safepoint    ] Total time for which application threads were stopped: 0.0003011 seconds, Stopping threads took: 0.0001059 seconds
[2019-06-24T10:22:24.149+0000][1][safepoint    ] Application time: 1.0002602 seconds
[2019-06-24T10:22:24.149+0000][1][safepoint    ] Entering safepoint region: Cleanup
[2019-06-24T10:22:24.149+0000][1][safepoint    ] Leaving safepoint region
[2019-06-24T10:22:24.149+0000][1][safepoint    ] Total time for which application threads were stopped: 0.0003023 seconds, Stopping threads took: 0.0001065 seconds
[2019-06-24T10:22:25.150+0000][1][safepoint    ] Application time: 1.0002612 seconds
[2019-06-24T10:22:25.150+0000][1][safepoint    ] Entering safepoint region: Cleanup
[2019-06-24T10:22:25.150+0000][1][safepoint    ] Leaving safepoint region
[2019-06-24T10:22:25.150+0000][1][safepoint    ] Total time for which application threads were stopped: 0.0002787 seconds, Stopping threads took: 0.0000718 seconds
[2019-06-24T10:22:26.150+0000][1][safepoint    ] Application time: 1.0002349 seconds
[2019-06-24T10:22:26.151+0000][1][safepoint    ] Entering safepoint region: Cleanup
[2019-06-24T10:22:26.151+0000][1][safepoint    ] Leaving safepoint region
[2019-06-24T10:22:26.151+0000][1][safepoint    ] Total time for which application threads were stopped: 0.0003030 seconds, Stopping threads took: 0.0001063 seconds
[2019-06-24T10:22:27.151+0000][1][safepoint    ] Application time: 1.0001438 seconds
[2019-06-24T10:22:27.151+0000][1][safepoint    ] Entering safepoint region: Cleanup
[2019-06-24T10:22:27.152+0000][1][safepoint    ] Leaving safepoint region
[2019-06-24T10:22:27.152+0000][1][safepoint    ] Total time for which application threads were stopped: 0.0003923 seconds, Stopping threads took: 0.0000967 seconds
[2019-06-24T10:22:28.152+0000][1][safepoint    ] Application time: 1.0001640 seconds
[2019-06-24T10:22:28.152+0000][1][safepoint    ] Entering safepoint region: Cleanup
[2019-06-24T10:22:28.152+0000][1][safepoint    ] Leaving safepoint region
[2019-06-24T10:22:28.152+0000][1][safepoint    ] Total time for which application threads were stopped: 0.0002102 seconds, Stopping threads took: 0.0000474 seconds
[2019-06-24T10:22:29.152+0000][1][safepoint    ] Application time: 1.0001813 seconds
[2019-06-24T10:22:29.152+0000][1][safepoint    ] Entering safepoint region: Cleanup
[2019-06-24T10:22:29.153+0000][1][safepoint    ] Leaving safepoint region
[2019-06-24T10:22:29.153+0000][1][safepoint    ] Total time for which application threads were stopped: 0.0002680 seconds, Stopping threads took: 0.0000687 seconds
[2019-06-24T10:22:30.153+0000][1][safepoint    ] Application time: 1.0001432 seconds
[2019-06-24T10:22:30.153+0000][1][safepoint    ] Entering safepoint region: Cleanup
[2019-06-24T10:22:30.153+0000][1][safepoint    ] Leaving safepoint region
[2019-06-24T10:22:30.153+0000][1][safepoint    ] Total time for which application threads were stopped: 0.0001196 seconds, Stopping threads took: 0.0000349 seconds
[2019-06-24T10:22:31.153+0000][1][safepoint    ] Application time: 1.0001715 seconds
[2019-06-24T10:22:31.153+0000][1][safepoint    ] Entering safepoint region: Cleanup
[2019-06-24T10:22:31.154+0000][1][safepoint    ] Leaving safepoint region
[2019-06-24T10:22:31.154+0000][1][safepoint    ] Total time for which application threads were stopped: 0.0002949 seconds, Stopping threads took: 0.0001010 seconds
[2019-06-24T10:22:32.154+0000][1][safepoint    ] Application time: 1.0002599 seconds
[2019-06-24T10:22:32.154+0000][1][safepoint    ] Entering safepoint region: Cleanup
[2019-06-24T10:22:32.154+0000][1][safepoint    ] Leaving safepoint region
[2019-06-24T10:22:32.154+0000][1][safepoint    ] Total time for which application threads were stopped: 0.0003551 seconds, Stopping threads took: 0.0001189 seconds
[2019-06-24T10:22:33.155+0000][1][safepoint    ] Application time: 1.0003403 seconds
[2019-06-24T10:22:33.155+0000][1][safepoint    ] Entering safepoint region: Cleanup
[2019-06-24T10:22:33.155+0000][1][safepoint    ] Leaving safepoint region
[2019-06-24T10:22:33.155+0000][1][safepoint    ] Total time for which application threads were stopped: 0.0003323 seconds, Stopping threads took: 0.0000872 seconds
[2019-06-24T10:22:34.155+0000][1][safepoint    ] Application time: 1.0002322 seconds
[2019-06-24T10:22:34.156+0000][1][safepoint    ] Entering safepoint region: Cleanup
[2019-06-24T10:22:34.156+0000][1][safepoint    ] Leaving safepoint region
[2019-06-24T10:22:34.156+0000][1][safepoint    ] Total time for which application threads were stopped: 0.0002734 seconds, Stopping threads took: 0.0000703 seconds
[2019-06-24T10:22:35.156+0000][1][safepoint    ] Application time: 1.0001420 seconds
[2019-06-24T10:22:35.156+0000][1][safepoint    ] Entering safepoint region: Cleanup
[2019-06-24T10:22:35.156+0000][1][safepoint    ] Leaving safepoint region
[2019-06-24T10:22:35.156+0000][1][safepoint    ] Total time for which application threads were stopped: 0.0002716 seconds, Stopping threads took: 0.0000704 seconds
[2019-06-24T10:22:36.157+0000][1][safepoint    ] Application time: 1.0001261 seconds
[2019-06-24T10:22:36.157+0000][1][safepoint    ] Entering safepoint region: Cleanup
[2019-06-24T10:22:36.157+0000][1][safepoint    ] Leaving safepoint region
[2019-06-24T10:22:36.157+0000][1][safepoint    ] Total time for which application threads were stopped: 0.0002615 seconds, Stopping threads took: 0.0000665 seconds
[2019-06-24T10:22:37.157+0000][1][safepoint    ] Application time: 1.0002284 seconds
[2019-06-24T10:22:37.157+0000][1][safepoint    ] Entering safepoint region: Cleanup
[2019-06-24T10:22:37.158+0000][1][safepoint    ] Leaving safepoint region
[2019-06-24T10:22:37.158+0000][1][safepoint    ] Total time for which application threads were stopped: 0.0002948 seconds, Stopping threads took: 0.0000687 seconds
[2019-06-24T10:22:38.158+0000][1][safepoint    ] Application time: 1.0002488 seconds
[2019-06-24T10:22:38.158+0000][1][safepoint    ] Entering safepoint region: Cleanup
[2019-06-24T10:22:38.158+0000][1][safepoint    ] Leaving safepoint region
[2019-06-24T10:22:38.158+0000][1][safepoint    ] Total time for which application threads were stopped: 0.0003389 seconds, Stopping threads took: 0.0000829 seconds
[2019-06-24T10:22:39.159+0000][1][safepoint    ] Application time: 1.0002340 seconds
[2019-06-24T10:22:39.159+0000][1][safepoint    ] Entering safepoint region: Cleanup
[2019-06-24T10:22:39.159+0000][1][safepoint    ] Leaving safepoint region
[2019-06-24T10:22:39.159+0000][1][safepoint    ] Total time for which application threads were stopped: 0.0003052 seconds, Stopping threads took: 0.0001069 seconds
[2019-06-24T10:22:40.159+0000][1][safepoint    ] Application time: 1.0001782 seconds
[2019-06-24T10:22:40.159+0000][1][safepoint    ] Entering safepoint region: Cleanup
[2019-06-24T10:22:40.160+0000][1][safepoint    ] Leaving safepoint region
[2019-06-24T10:22:40.160+0000][1][safepoint    ] Total time for which application threads were stopped: 0.0002994 seconds, Stopping threads took: 0.0001024 seconds
[2019-06-24T10:22:41.160+0000][1][safepoint    ] Application time: 1.0002228 seconds
[2019-06-24T10:22:41.160+0000][1][safepoint    ] Entering safepoint region: Cleanup
[2019-06-24T10:22:41.160+0000][1][safepoint    ] Leaving safepoint region
[2019-06-24T10:22:41.160+0000][1][safepoint    ] Total time for which application threads were stopped: 0.0002978 seconds, Stopping threads took: 0.0001036 seconds
[2019-06-24T10:22:42.161+0000][1][safepoint    ] Application time: 1.0002642 seconds
[2019-06-24T10:22:42.161+0000][1][safepoint    ] Entering safepoint region: Cleanup
[2019-06-24T10:22:42.161+0000][1][safepoint    ] Leaving safepoint region
[2019-06-24T10:22:42.161+0000][1][safepoint    ] Total time for which application threads were stopped: 0.0003034 seconds, Stopping threads took: 0.0001049 seconds
[2019-06-24T10:22:43.161+0000][1][safepoint    ] Application time: 1.0002767 seconds
[2019-06-24T10:22:43.161+0000][1][safepoint    ] Entering safepoint region: Cleanup
[2019-06-24T10:22:43.161+0000][1][safepoint    ] Leaving safepoint region
[2019-06-24T10:22:43.162+0000][1][safepoint    ] Total time for which application threads were stopped: 0.0001655 seconds, Stopping threads took: 0.0000575 seconds
[2019-06-24T10:22:44.162+0000][1][safepoint    ] Application time: 1.0001800 seconds
[2019-06-24T10:22:44.162+0000][1][safepoint    ] Entering safepoint region: Cleanup
[2019-06-24T10:22:44.162+0000][1][safepoint    ] Leaving safepoint region
[2019-06-24T10:22:44.162+0000][1][safepoint    ] Total time for which application threads were stopped: 0.0002805 seconds, Stopping threads took: 0.0000745 seconds
[2019-06-24T10:22:45.162+0000][1][safepoint    ] Application time: 1.0001919 seconds
[2019-06-24T10:22:45.163+0000][1][safepoint    ] Entering safepoint region: Cleanup
[2019-06-24T10:22:45.163+0000][1][safepoint    ] Leaving safepoint region
[2019-06-24T10:22:45.163+0000][1][safepoint    ] Total time for which application threads were stopped: 0.0002818 seconds, Stopping threads took: 0.0001735 seconds
[2019-06-24T10:22:46.163+0000][1][safepoint    ] Application time: 1.0001284 seconds
[2019-06-24T10:22:46.163+0000][1][safepoint    ] Entering safepoint region: Cleanup
[2019-06-24T10:22:46.163+0000][1][safepoint    ] Leaving safepoint region
[2019-06-24T10:22:46.163+0000][1][safepoint    ] Total time for which application threads were stopped: 0.0002697 seconds, Stopping threads took: 0.0000718 seconds
[2019-06-24T10:22:47.164+0000][1][safepoint    ] Application time: 1.0002264 seconds
[2019-06-24T10:22:47.164+0000][1][safepoint    ] Entering safepoint region: Cleanup
[2019-06-24T10:22:47.164+0000][1][safepoint    ] Leaving safepoint region
[2019-06-24T10:22:47.164+0000][1][safepoint    ] Total time for which application threads were stopped: 0.0002604 seconds, Stopping threads took: 0.0000680 seconds
[2019-06-24T10:22:48.164+0000][1][safepoint    ] Application time: 1.0002124 seconds
[2019-06-24T10:22:48.164+0000][1][safepoint    ] Entering safepoint region: Cleanup
[2019-06-24T10:22:48.164+0000][1][safepoint    ] Leaving safepoint region
[2019-06-24T10:22:48.164+0000][1][safepoint    ] Total time for which application threads were stopped: 0.0002616 seconds, Stopping threads took: 0.0000678 seconds
[2019-06-24T10:22:49.165+0000][1][safepoint    ] Application time: 1.0001947 seconds
[2019-06-24T10:22:49.165+0000][1][safepoint    ] Entering safepoint region: Cleanup
[2019-06-24T10:22:49.165+0000][1][safepoint    ] Leaving safepoint region
[2019-06-24T10:22:49.165+0000][1][safepoint    ] Total time for which application threads were stopped: 0.0003545 seconds, Stopping threads took: 0.0000953 seconds
[2019-06-24T10:22:50.166+0000][1][safepoint    ] Application time: 1.0002410 seconds
[2019-06-24T10:22:50.166+0000][1][safepoint    ] Entering safepoint region: Cleanup
[2019-06-24T10:22:50.166+0000][1][safepoint    ] Leaving safepoint region
[2019-06-24T10:22:50.166+0000][1][safepoint    ] Total time for which application threads were stopped: 0.0003125 seconds, Stopping threads took: 0.0000773 seconds
[2019-06-24T10:22:51.166+0000][1][safepoint    ] Application time: 1.0002636 seconds
[2019-06-24T10:22:51.166+0000][1][safepoint    ] Entering safepoint region: Cleanup
[2019-06-24T10:22:51.167+0000][1][safepoint    ] Leaving safepoint region
[2019-06-24T10:22:51.167+0000][1][safepoint    ] Total time for which application threads were stopped: 0.0003154 seconds, Stopping threads took: 0.0000693 seconds
[2019-06-24T10:22:52.167+0000][1][safepoint    ] Application time: 1.0001965 seconds
[2019-06-24T10:22:52.167+0000][1][safepoint    ] Entering safepoint region: Cleanup
[2019-06-24T10:22:52.167+0000][1][safepoint    ] Leaving safepoint region
[2019-06-24T10:22:52.167+0000][1][safepoint    ] Total time for which application threads were stopped: 0.0002781 seconds, Stopping threads took: 0.0000815 seconds
[2019-06-24T10:22:53.167+0000][1][safepoint    ] Application time: 1.0001371 seconds
[2019-06-24T10:22:53.168+0000][1][safepoint    ] Entering safepoint region: Cleanup
[2019-06-24T10:22:53.168+0000][1][safepoint    ] Leaving safepoint region
[2019-06-24T10:22:53.168+0000][1][safepoint    ] Total time for which application threads were stopped: 0.0003005 seconds, Stopping threads took: 0.0000906 seconds
[2019-06-24T10:22:54.168+0000][1][safepoint    ] Application time: 1.0002586 seconds
[2019-06-24T10:22:54.168+0000][1][safepoint    ] Entering safepoint region: Cleanup
[2019-06-24T10:22:54.169+0000][1][safepoint    ] Leaving safepoint region
[2019-06-24T10:22:54.169+0000][1][safepoint    ] Total time for which application threads were stopped: 0.0002929 seconds, Stopping threads took: 0.0000857 seconds
[2019-06-24T10:22:55.169+0000][1][safepoint    ] Application time: 1.0001482 seconds
[2019-06-24T10:22:55.169+0000][1][safepoint    ] Entering safepoint region: Cleanup
[2019-06-24T10:22:55.169+0000][1][safepoint    ] Leaving safepoint region
[2019-06-24T10:22:55.169+0000][1][safepoint    ] Total time for which application threads were stopped: 0.0002654 seconds, Stopping threads took: 0.0000770 seconds
[2019-06-24T10:22:56.169+0000][1][safepoint    ] Application time: 1.0002658 seconds
[2019-06-24T10:22:56.170+0000][1][safepoint    ] Entering safepoint region: Cleanup
[2019-06-24T10:22:56.170+0000][1][safepoint    ] Leaving safepoint region
[2019-06-24T10:22:56.170+0000][1][safepoint    ] Total time for which application threads were stopped: 0.0002812 seconds, Stopping threads took: 0.0000836 seconds
[2019-06-24T10:22:57.170+0000][1][safepoint    ] Application time: 1.0002695 seconds
[2019-06-24T10:22:57.170+0000][1][safepoint    ] Entering safepoint region: Cleanup
[2019-06-24T10:22:57.170+0000][1][safepoint    ] Leaving safepoint region
[2019-06-24T10:22:57.171+0000][1][safepoint    ] Total time for which application threads were stopped: 0.0003832 seconds, Stopping threads took: 0.0001081 seconds
[2019-06-24T10:22:58.171+0000][1][safepoint    ] Application time: 1.0001431 seconds
[2019-06-24T10:22:58.171+0000][1][safepoint    ] Entering safepoint region: Cleanup
[2019-06-24T10:22:58.171+0000][1][safepoint    ] Leaving safepoint region
[2019-06-24T10:22:58.171+0000][1][safepoint    ] Total time for which application threads were stopped: 0.0003075 seconds, Stopping threads took: 0.0000894 seconds
[2019-06-24T10:22:59.171+0000][1][safepoint    ] Application time: 1.0001999 seconds
[2019-06-24T10:22:59.172+0000][1][safepoint    ] Entering safepoint region: Cleanup
[2019-06-24T10:22:59.172+0000][1][safepoint    ] Leaving safepoint region
[2019-06-24T10:22:59.172+0000][1][safepoint    ] Total time for which application threads were stopped: 0.0002937 seconds, Stopping threads took: 0.0000793 seconds
[2019-06-24T10:23:00.172+0000][1][safepoint    ] Application time: 1.0002956 seconds
[2019-06-24T10:23:00.172+0000][1][safepoint    ] Entering safepoint region: Cleanup
[2019-06-24T10:23:00.173+0000][1][safepoint    ] Leaving safepoint region
[2019-06-24T10:23:00.173+0000][1][safepoint    ] Total time for which application threads were stopped: 0.0003920 seconds, Stopping threads took: 0.0001258 seconds
[2019-06-24T10:23:01.173+0000][1][safepoint    ] Application time: 1.0002688 seconds
[2019-06-24T10:23:01.173+0000][1][safepoint    ] Entering safepoint region: Cleanup
[2019-06-24T10:23:01.173+0000][1][safepoint    ] Leaving safepoint region
[2019-06-24T10:23:01.173+0000][1][safepoint    ] Total time for which application threads were stopped: 0.0002811 seconds, Stopping threads took: 0.0000748 seconds
[2019-06-24T10:23:01.183+0000][1][safepoint    ] Application time: 0.0099541 seconds
[2019-06-24T10:23:01.184+0000][1][safepoint    ] Entering safepoint region: GenCollectForAllocation
[2019-06-24T10:23:01.184+0000][1][gc,start     ] GC(45) Pause Young (Allocation Failure)
[2019-06-24T10:23:01.184+0000][1][gc,task      ] GC(45) Using 5 workers of 8 for evacuation
[2019-06-24T10:23:01.187+0000][1][gc,age       ] GC(45) Desired survivor size 4456448 bytes, new threshold 6 (max threshold 6)
[2019-06-24T10:23:01.187+0000][1][gc,age       ] GC(45) Age table with threshold 6 (max threshold 6)
[2019-06-24T10:23:01.187+0000][1][gc,age       ] GC(45) - age   1:       5352 bytes,       5352 total
[2019-06-24T10:23:01.187+0000][1][gc,age       ] GC(45) - age   2:         32 bytes,       5384 total
[2019-06-24T10:23:01.187+0000][1][gc,age       ] GC(45) - age   3:       1424 bytes,       6808 total
[2019-06-24T10:23:01.187+0000][1][gc,age       ] GC(45) - age   6:        904 bytes,       7712 total
[2019-06-24T10:23:01.187+0000][1][gc,heap      ] GC(45) ParNew: 69924K->12K(78656K)
[2019-06-24T10:23:01.187+0000][1][gc,heap      ] GC(45) CMS: 70573K->70574K(174784K)
[2019-06-24T10:23:01.187+0000][1][gc,metaspace ] GC(45) Metaspace: 70540K->70540K(1114112K)
[2019-06-24T10:23:01.187+0000][1][gc           ] GC(45) Pause Young (Allocation Failure) 137M->68M(247M) 3.010ms
[2019-06-24T10:23:01.187+0000][1][gc,cpu       ] GC(45) User=0.01s Sys=0.00s Real=0.00s
[2019-06-24T10:23:01.187+0000][1][safepoint    ] Leaving safepoint region
[2019-06-24T10:23:01.187+0000][1][safepoint    ] Total time for which application threads were stopped: 0.0036215 seconds, Stopping threads took: 0.0001922 seconds
[2019-06-24T10:23:02.187+0000][1][safepoint    ] Application time: 1.0001941 seconds
[2019-06-24T10:23:02.187+0000][1][safepoint    ] Entering safepoint region: Cleanup
[2019-06-24T10:23:02.188+0000][1][safepoint    ] Leaving safepoint region
[2019-06-24T10:23:02.188+0000][1][safepoint    ] Total time for which application threads were stopped: 0.0002120 seconds, Stopping threads took: 0.0000715 seconds
[2019-06-24T10:23:03.188+0000][1][safepoint    ] Application time: 1.0002421 seconds
[2019-06-24T10:23:03.188+0000][1][safepoint    ] Entering safepoint region: Cleanup
[2019-06-24T10:23:03.188+0000][1][safepoint    ] Leaving safepoint region
[2019-06-24T10:23:03.188+0000][1][safepoint    ] Total time for which application threads were stopped: 0.0003138 seconds, Stopping threads took: 0.0000804 seconds
[2019-06-24T10:23:04.188+0000][1][safepoint    ] Application time: 1.0001504 seconds
[2019-06-24T10:23:04.189+0000][1][safepoint    ] Entering safepoint region: Cleanup
[2019-06-24T10:23:04.189+0000][1][safepoint    ] Leaving safepoint region
[2019-06-24T10:23:04.189+0000][1][safepoint    ] Total time for which application threads were stopped: 0.0001441 seconds, Stopping threads took: 0.0000321 seconds
[2019-06-24T10:23:05.189+0000][1][safepoint    ] Application time: 1.0001074 seconds
[2019-06-24T10:23:05.189+0000][1][safepoint    ] Entering safepoint region: Cleanup
[2019-06-24T10:23:05.189+0000][1][safepoint    ] Leaving safepoint region
[2019-06-24T10:23:05.189+0000][1][safepoint    ] Total time for which application threads were stopped: 0.0002601 seconds, Stopping threads took: 0.0000651 seconds
[2019-06-24T10:23:06.189+0000][1][safepoint    ] Application time: 1.0002420 seconds
[2019-06-24T10:23:06.189+0000][1][safepoint    ] Entering safepoint region: Cleanup
[2019-06-24T10:23:06.190+0000][1][safepoint    ] Leaving safepoint region
[2019-06-24T10:23:06.190+0000][1][safepoint    ] Total time for which application threads were stopped: 0.0001450 seconds, Stopping threads took: 0.0000362 seconds
[2019-06-24T10:23:07.190+0000][1][safepoint    ] Application time: 1.0001909 seconds
[2019-06-24T10:23:07.190+0000][1][safepoint    ] Entering safepoint region: Cleanup
[2019-06-24T10:23:07.190+0000][1][safepoint    ] Leaving safepoint region
[2019-06-24T10:23:07.190+0000][1][safepoint    ] Total time for which application threads were stopped: 0.0003160 seconds, Stopping threads took: 0.0000856 seconds
[2019-06-24T10:23:08.191+0000][1][safepoint    ] Application time: 1.0002641 seconds
[2019-06-24T10:23:08.191+0000][1][safepoint    ] Entering safepoint region: Cleanup
[2019-06-24T10:23:08.191+0000][1][safepoint    ] Leaving safepoint region
[2019-06-24T10:23:08.191+0000][1][safepoint    ] Total time for which application threads were stopped: 0.0004217 seconds, Stopping threads took: 0.0001315 seconds
[2019-06-24T10:23:09.191+0000][1][safepoint    ] Application time: 1.0002197 seconds
[2019-06-24T10:23:09.192+0000][1][safepoint    ] Entering safepoint region: Cleanup
[2019-06-24T10:23:09.192+0000][1][safepoint    ] Leaving safepoint region
[2019-06-24T10:23:09.192+0000][1][safepoint    ] Total time for which application threads were stopped: 0.0002831 seconds, Stopping threads took: 0.0000742 seconds
[2019-06-24T10:23:10.192+0000][1][safepoint    ] Application time: 1.0002038 seconds
[2019-06-24T10:23:10.192+0000][1][safepoint    ] Entering safepoint region: Cleanup
[2019-06-24T10:23:10.192+0000][1][safepoint    ] Leaving safepoint region
[2019-06-24T10:23:10.192+0000][1][safepoint    ] Total time for which application threads were stopped: 0.0002838 seconds, Stopping threads took: 0.0000730 seconds
[2019-06-24T10:23:11.193+0000][1][safepoint    ] Application time: 1.0002174 seconds
[2019-06-24T10:23:11.193+0000][1][safepoint    ] Entering safepoint region: Cleanup
[2019-06-24T10:23:11.193+0000][1][safepoint    ] Leaving safepoint region
[2019-06-24T10:23:11.193+0000][1][safepoint    ] Total time for which application threads were stopped: 0.0002764 seconds, Stopping threads took: 0.0000672 seconds
[2019-06-24T10:23:12.193+0000][1][safepoint    ] Application time: 1.0001321 seconds
[2019-06-24T10:23:12.193+0000][1][safepoint    ] Entering safepoint region: Cleanup
[2019-06-24T10:23:12.194+0000][1][safepoint    ] Leaving safepoint region
[2019-06-24T10:23:12.194+0000][1][safepoint    ] Total time for which application threads were stopped: 0.0003007 seconds, Stopping threads took: 0.0001042 seconds
[2019-06-24T10:23:13.194+0000][1][safepoint    ] Application time: 1.0002775 seconds
[2019-06-24T10:23:13.194+0000][1][safepoint    ] Entering safepoint region: Cleanup
[2019-06-24T10:23:13.194+0000][1][safepoint    ] Leaving safepoint region
[2019-06-24T10:23:13.194+0000][1][safepoint    ] Total time for which application threads were stopped: 0.0002789 seconds, Stopping threads took: 0.0000707 seconds
[2019-06-24T10:23:14.195+0000][1][safepoint    ] Application time: 1.0002917 seconds
[2019-06-24T10:23:14.195+0000][1][safepoint    ] Entering safepoint region: Cleanup
[2019-06-24T10:23:14.195+0000][1][safepoint    ] Leaving safepoint region
[2019-06-24T10:23:14.195+0000][1][safepoint    ] Total time for which application threads were stopped: 0.0002707 seconds, Stopping threads took: 0.0000793 seconds
[2019-06-24T10:23:15.195+0000][1][safepoint    ] Application time: 1.0002421 seconds
[2019-06-24T10:23:15.195+0000][1][safepoint    ] Entering safepoint region: Cleanup
[2019-06-24T10:23:15.196+0000][1][safepoint    ] Leaving safepoint region
[2019-06-24T10:23:15.196+0000][1][safepoint    ] Total time for which application threads were stopped: 0.0002685 seconds, Stopping threads took: 0.0000717 seconds
[2019-06-24T10:23:16.196+0000][1][safepoint    ] Application time: 1.0002158 seconds
[2019-06-24T10:23:16.196+0000][1][safepoint    ] Entering safepoint region: Cleanup
[2019-06-24T10:23:16.196+0000][1][safepoint    ] Leaving safepoint region
[2019-06-24T10:23:16.196+0000][1][safepoint    ] Total time for which application threads were stopped: 0.0002997 seconds, Stopping threads took: 0.0001043 seconds
[2019-06-24T10:23:17.197+0000][1][safepoint    ] Application time: 1.0002567 seconds
[2019-06-24T10:23:17.197+0000][1][safepoint    ] Entering safepoint region: Cleanup
[2019-06-24T10:23:17.197+0000][1][safepoint    ] Leaving safepoint region
[2019-06-24T10:23:17.197+0000][1][safepoint    ] Total time for which application threads were stopped: 0.0001157 seconds, Stopping threads took: 0.0000305 seconds
[2019-06-24T10:23:18.197+0000][1][safepoint    ] Application time: 1.0001775 seconds
[2019-06-24T10:23:18.197+0000][1][safepoint    ] Entering safepoint region: Cleanup
[2019-06-24T10:23:18.197+0000][1][safepoint    ] Leaving safepoint region
[2019-06-24T10:23:18.197+0000][1][safepoint    ] Total time for which application threads were stopped: 0.0002649 seconds, Stopping threads took: 0.0000697 seconds
[2019-06-24T10:23:19.198+0000][1][safepoint    ] Application time: 1.0002584 seconds
[2019-06-24T10:23:19.198+0000][1][safepoint    ] Entering safepoint region: Cleanup
[2019-06-24T10:23:19.198+0000][1][safepoint    ] Leaving safepoint region
[2019-06-24T10:23:19.198+0000][1][safepoint    ] Total time for which application threads were stopped: 0.0002751 seconds, Stopping threads took: 0.0000715 seconds
[2019-06-24T10:23:20.198+0000][1][safepoint    ] Application time: 1.0002750 seconds
[2019-06-24T10:23:20.199+0000][1][safepoint    ] Entering safepoint region: Cleanup
[2019-06-24T10:23:20.199+0000][1][safepoint    ] Leaving safepoint region
[2019-06-24T10:23:20.199+0000][1][safepoint    ] Total time for which application threads were stopped: 0.0002861 seconds, Stopping threads took: 0.0000919 seconds
[2019-06-24T10:23:21.199+0000][1][safepoint    ] Application time: 1.0002602 seconds
[2019-06-24T10:23:21.199+0000][1][safepoint    ] Entering safepoint region: Cleanup
[2019-06-24T10:23:21.200+0000][1][safepoint    ] Leaving safepoint region
[2019-06-24T10:23:21.200+0000][1][safepoint    ] Total time for which application threads were stopped: 0.0003167 seconds, Stopping threads took: 0.0000831 seconds
[2019-06-24T10:23:22.200+0000][1][safepoint    ] Application time: 1.0001482 seconds
[2019-06-24T10:23:22.200+0000][1][safepoint    ] Entering safepoint region: Cleanup
[2019-06-24T10:23:22.200+0000][1][safepoint    ] Leaving safepoint region
[2019-06-24T10:23:22.200+0000][1][safepoint    ] Total time for which application threads were stopped: 0.0001242 seconds, Stopping threads took: 0.0000319 seconds
[2019-06-24T10:23:23.200+0000][1][safepoint    ] Application time: 1.0002353 seconds
[2019-06-24T10:23:23.200+0000][1][safepoint    ] Entering safepoint region: Cleanup
[2019-06-24T10:23:23.200+0000][1][safepoint    ] Leaving safepoint region
[2019-06-24T10:23:23.200+0000][1][safepoint    ] Total time for which application threads were stopped: 0.0001432 seconds, Stopping threads took: 0.0000357 seconds
[2019-06-24T10:23:24.201+0000][1][safepoint    ] Application time: 1.0001575 seconds
[2019-06-24T10:23:24.201+0000][1][safepoint    ] Entering safepoint region: Cleanup
[2019-06-24T10:23:24.201+0000][1][safepoint    ] Leaving safepoint region
[2019-06-24T10:23:24.201+0000][1][safepoint    ] Total time for which application threads were stopped: 0.0004147 seconds, Stopping threads took: 0.0000477 seconds
[2019-06-24T10:23:25.201+0000][1][safepoint    ] Application time: 1.0001832 seconds
[2019-06-24T10:23:25.202+0000][1][safepoint    ] Entering safepoint region: Cleanup
[2019-06-24T10:23:25.202+0000][1][safepoint    ] Leaving safepoint region
[2019-06-24T10:23:25.202+0000][1][safepoint    ] Total time for which application threads were stopped: 0.0003706 seconds, Stopping threads took: 0.0001112 seconds
[2019-06-24T10:23:26.202+0000][1][safepoint    ] Application time: 1.0001460 seconds
[2019-06-24T10:23:26.202+0000][1][safepoint    ] Entering safepoint region: Cleanup
[2019-06-24T10:23:26.202+0000][1][safepoint    ] Leaving safepoint region
[2019-06-24T10:23:26.202+0000][1][safepoint    ] Total time for which application threads were stopped: 0.0001073 seconds, Stopping threads took: 0.0000278 seconds
[2019-06-24T10:23:27.202+0000][1][safepoint    ] Application time: 1.0002378 seconds
[2019-06-24T10:23:27.203+0000][1][safepoint    ] Entering safepoint region: Cleanup
[2019-06-24T10:23:27.203+0000][1][safepoint    ] Leaving safepoint region
[2019-06-24T10:23:27.203+0000][1][safepoint    ] Total time for which application threads were stopped: 0.0002832 seconds, Stopping threads took: 0.0000770 seconds
[2019-06-24T10:23:28.203+0000][1][safepoint    ] Application time: 1.0001497 seconds
[2019-06-24T10:23:28.203+0000][1][safepoint    ] Entering safepoint region: Cleanup
[2019-06-24T10:23:28.203+0000][1][safepoint    ] Leaving safepoint region
[2019-06-24T10:23:28.203+0000][1][safepoint    ] Total time for which application threads were stopped: 0.0001002 seconds, Stopping threads took: 0.0000311 seconds
[2019-06-24T10:23:29.203+0000][1][safepoint    ] Application time: 1.0001721 seconds
[2019-06-24T10:23:29.203+0000][1][safepoint    ] Entering safepoint region: Cleanup
[2019-06-24T10:23:29.204+0000][1][safepoint    ] Leaving safepoint region
[2019-06-24T10:23:29.204+0000][1][safepoint    ] Total time for which application threads were stopped: 0.0001669 seconds, Stopping threads took: 0.0000421 seconds
[2019-06-24T10:23:30.204+0000][1][safepoint    ] Application time: 1.0001983 seconds
[2019-06-24T10:23:30.204+0000][1][safepoint    ] Entering safepoint region: Cleanup
[2019-06-24T10:23:30.204+0000][1][safepoint    ] Leaving safepoint region
[2019-06-24T10:23:30.204+0000][1][safepoint    ] Total time for which application threads were stopped: 0.0001408 seconds, Stopping threads took: 0.0000352 seconds
[2019-06-24T10:23:31.204+0000][1][safepoint    ] Application time: 1.0002350 seconds
[2019-06-24T10:23:31.204+0000][1][safepoint    ] Entering safepoint region: Cleanup
[2019-06-24T10:23:31.205+0000][1][safepoint    ] Leaving safepoint region
[2019-06-24T10:23:31.205+0000][1][safepoint    ] Total time for which application threads were stopped: 0.0001678 seconds, Stopping threads took: 0.0000414 seconds
[2019-06-24T10:23:32.205+0000][1][safepoint    ] Application time: 1.0002692 seconds
[2019-06-24T10:23:32.205+0000][1][safepoint    ] Entering safepoint region: Cleanup
[2019-06-24T10:23:32.205+0000][1][safepoint    ] Leaving safepoint region
[2019-06-24T10:23:32.205+0000][1][safepoint    ] Total time for which application threads were stopped: 0.0003371 seconds, Stopping threads took: 0.0000876 seconds
[2019-06-24T10:23:33.206+0000][1][safepoint    ] Application time: 1.0002685 seconds
[2019-06-24T10:23:33.206+0000][1][safepoint    ] Entering safepoint region: Cleanup
[2019-06-24T10:23:33.206+0000][1][safepoint    ] Leaving safepoint region
[2019-06-24T10:23:33.206+0000][1][safepoint    ] Total time for which application threads were stopped: 0.0002670 seconds, Stopping threads took: 0.0000703 seconds
[2019-06-24T10:23:34.206+0000][1][safepoint    ] Application time: 1.0001813 seconds
[2019-06-24T10:23:34.206+0000][1][safepoint    ] Entering safepoint region: Cleanup
[2019-06-24T10:23:34.207+0000][1][safepoint    ] Leaving safepoint region
[2019-06-24T10:23:34.207+0000][1][safepoint    ] Total time for which application threads were stopped: 0.0003933 seconds, Stopping threads took: 0.0001021 seconds
[2019-06-24T10:23:35.207+0000][1][safepoint    ] Application time: 1.0002198 seconds
[2019-06-24T10:23:35.207+0000][1][safepoint    ] Entering safepoint region: Cleanup
[2019-06-24T10:23:35.207+0000][1][safepoint    ] Leaving safepoint region
[2019-06-24T10:23:35.207+0000][1][safepoint    ] Total time for which application threads were stopped: 0.0003021 seconds, Stopping threads took: 0.0001047 seconds
[2019-06-24T10:23:36.208+0000][1][safepoint    ] Application time: 1.0001141 seconds
[2019-06-24T10:23:36.208+0000][1][safepoint    ] Entering safepoint region: Cleanup
[2019-06-24T10:23:36.208+0000][1][safepoint    ] Leaving safepoint region
[2019-06-24T10:23:36.208+0000][1][safepoint    ] Total time for which application threads were stopped: 0.0003409 seconds, Stopping threads took: 0.0000905 seconds
[2019-06-24T10:23:37.208+0000][1][safepoint    ] Application time: 1.0003187 seconds
[2019-06-24T10:23:37.208+0000][1][safepoint    ] Entering safepoint region: Cleanup
[2019-06-24T10:23:37.208+0000][1][safepoint    ] Leaving safepoint region
[2019-06-24T10:23:37.208+0000][1][safepoint    ] Total time for which application threads were stopped: 0.0001085 seconds, Stopping threads took: 0.0000274 seconds
[2019-06-24T10:23:38.209+0000][1][safepoint    ] Application time: 1.0002702 seconds
[2019-06-24T10:23:38.209+0000][1][safepoint    ] Entering safepoint region: Cleanup
[2019-06-24T10:23:38.209+0000][1][safepoint    ] Leaving safepoint region
[2019-06-24T10:23:38.209+0000][1][safepoint    ] Total time for which application threads were stopped: 0.0003294 seconds, Stopping threads took: 0.0001019 seconds
[2019-06-24T10:23:39.209+0000][1][safepoint    ] Application time: 1.0001562 seconds
[2019-06-24T10:23:39.209+0000][1][safepoint    ] Entering safepoint region: Cleanup
[2019-06-24T10:23:39.210+0000][1][safepoint    ] Leaving safepoint region
[2019-06-24T10:23:39.210+0000][1][safepoint    ] Total time for which application threads were stopped: 0.0001674 seconds, Stopping threads took: 0.0000602 seconds
[2019-06-24T10:23:40.210+0000][1][safepoint    ] Application time: 1.0002528 seconds
[2019-06-24T10:23:40.210+0000][1][safepoint    ] Entering safepoint region: Cleanup
[2019-06-24T10:23:40.210+0000][1][safepoint    ] Leaving safepoint region
[2019-06-24T10:23:40.210+0000][1][safepoint    ] Total time for which application threads were stopped: 0.0003320 seconds, Stopping threads took: 0.0000853 seconds
[2019-06-24T10:23:41.211+0000][1][safepoint    ] Application time: 1.0003325 seconds
[2019-06-24T10:23:41.211+0000][1][safepoint    ] Entering safepoint region: Cleanup
[2019-06-24T10:23:41.211+0000][1][safepoint    ] Leaving safepoint region
[2019-06-24T10:23:41.211+0000][1][safepoint    ] Total time for which application threads were stopped: 0.0003700 seconds, Stopping threads took: 0.0000995 seconds
[2019-06-24T10:23:42.212+0000][1][safepoint    ] Application time: 1.0002711 seconds
[2019-06-24T10:23:42.212+0000][1][safepoint    ] Entering safepoint region: Cleanup
[2019-06-24T10:23:42.212+0000][1][safepoint    ] Leaving safepoint region
[2019-06-24T10:23:42.212+0000][1][safepoint    ] Total time for which application threads were stopped: 0.0003087 seconds, Stopping threads took: 0.0001096 seconds
[2019-06-24T10:23:43.212+0000][1][safepoint    ] Application time: 1.0001644 seconds
[2019-06-24T10:23:43.212+0000][1][safepoint    ] Entering safepoint region: Cleanup
[2019-06-24T10:23:43.213+0000][1][safepoint    ] Leaving safepoint region
[2019-06-24T10:23:43.213+0000][1][safepoint    ] Total time for which application threads were stopped: 0.0004060 seconds, Stopping threads took: 0.0000998 seconds
[2019-06-24T10:23:44.213+0000][1][safepoint    ] Application time: 1.0001242 seconds
[2019-06-24T10:23:44.213+0000][1][safepoint    ] Entering safepoint region: Cleanup
[2019-06-24T10:23:44.213+0000][1][safepoint    ] Leaving safepoint region
[2019-06-24T10:23:44.213+0000][1][safepoint    ] Total time for which application threads were stopped: 0.0001608 seconds, Stopping threads took: 0.0000399 seconds
[2019-06-24T10:23:45.213+0000][1][safepoint    ] Application time: 1.0002688 seconds
[2019-06-24T10:23:45.213+0000][1][safepoint    ] Entering safepoint region: Cleanup
[2019-06-24T10:23:45.214+0000][1][safepoint    ] Leaving safepoint region
[2019-06-24T10:23:45.214+0000][1][safepoint    ] Total time for which application threads were stopped: 0.0001193 seconds, Stopping threads took: 0.0000306 seconds
[2019-06-24T10:23:46.214+0000][1][safepoint    ] Application time: 1.0002503 seconds
[2019-06-24T10:23:46.214+0000][1][safepoint    ] Entering safepoint region: Cleanup
[2019-06-24T10:23:46.214+0000][1][safepoint    ] Leaving safepoint region
[2019-06-24T10:23:46.214+0000][1][safepoint    ] Total time for which application threads were stopped: 0.0002830 seconds, Stopping threads took: 0.0000742 seconds
[2019-06-24T10:23:47.215+0000][1][safepoint    ] Application time: 1.0003221 seconds
[2019-06-24T10:23:47.215+0000][1][safepoint    ] Entering safepoint region: Cleanup
[2019-06-24T10:23:47.215+0000][1][safepoint    ] Leaving safepoint region
[2019-06-24T10:23:47.215+0000][1][safepoint    ] Total time for which application threads were stopped: 0.0002804 seconds, Stopping threads took: 0.0000721 seconds
[2019-06-24T10:23:48.215+0000][1][safepoint    ] Application time: 1.0002664 seconds
[2019-06-24T10:23:48.215+0000][1][safepoint    ] Entering safepoint region: Cleanup
[2019-06-24T10:23:48.216+0000][1][safepoint    ] Leaving safepoint region
[2019-06-24T10:23:48.216+0000][1][safepoint    ] Total time for which application threads were stopped: 0.0002839 seconds, Stopping threads took: 0.0000737 seconds
[2019-06-24T10:23:49.216+0000][1][safepoint    ] Application time: 1.0002753 seconds
[2019-06-24T10:23:49.216+0000][1][safepoint    ] Entering safepoint region: Cleanup
[2019-06-24T10:23:49.216+0000][1][safepoint    ] Leaving safepoint region
[2019-06-24T10:23:49.216+0000][1][safepoint    ] Total time for which application threads were stopped: 0.0002843 seconds, Stopping threads took: 0.0000741 seconds
[2019-06-24T10:23:50.217+0000][1][safepoint    ] Application time: 1.0002074 seconds
[2019-06-24T10:23:50.217+0000][1][safepoint    ] Entering safepoint region: Cleanup
[2019-06-24T10:23:50.217+0000][1][safepoint    ] Leaving safepoint region
[2019-06-24T10:23:50.217+0000][1][safepoint    ] Total time for which application threads were stopped: 0.0002818 seconds, Stopping threads took: 0.0000727 seconds
[2019-06-24T10:23:52.067+0000][1][safepoint    ] Application time: 1.8498608 seconds
[2019-06-24T10:23:52.067+0000][1][safepoint    ] Entering safepoint region: Cleanup
[2019-06-24T10:23:52.067+0000][1][safepoint    ] Leaving safepoint region
[2019-06-24T10:23:52.067+0000][1][safepoint    ] Total time for which application threads were stopped: 0.0002918 seconds, Stopping threads took: 0.0000717 seconds
[2019-06-24T10:23:53.068+0000][1][safepoint    ] Application time: 1.0002150 seconds
[2019-06-24T10:23:53.068+0000][1][safepoint    ] Entering safepoint region: Cleanup
[2019-06-24T10:23:53.068+0000][1][safepoint    ] Leaving safepoint region
[2019-06-24T10:23:53.068+0000][1][safepoint    ] Total time for which application threads were stopped: 0.0002867 seconds, Stopping threads took: 0.0000724 seconds
[2019-06-24T10:23:54.068+0000][1][safepoint    ] Application time: 1.0002598 seconds
[2019-06-24T10:23:54.068+0000][1][safepoint    ] Entering safepoint region: Cleanup
[2019-06-24T10:23:54.069+0000][1][safepoint    ] Leaving safepoint region
[2019-06-24T10:23:54.069+0000][1][safepoint    ] Total time for which application threads were stopped: 0.0002926 seconds, Stopping threads took: 0.0000739 seconds
[2019-06-24T10:23:55.069+0000][1][safepoint    ] Application time: 1.0001869 seconds
[2019-06-24T10:23:55.069+0000][1][safepoint    ] Entering safepoint region: Cleanup
[2019-06-24T10:23:55.069+0000][1][safepoint    ] Leaving safepoint region
[2019-06-24T10:23:55.069+0000][1][safepoint    ] Total time for which application threads were stopped: 0.0005054 seconds, Stopping threads took: 0.0002447 seconds
[2019-06-24T10:23:56.070+0000][1][safepoint    ] Application time: 1.0002621 seconds
[2019-06-24T10:23:56.070+0000][1][safepoint    ] Entering safepoint region: Cleanup
[2019-06-24T10:23:56.070+0000][1][safepoint    ] Leaving safepoint region
[2019-06-24T10:23:56.070+0000][1][safepoint    ] Total time for which application threads were stopped: 0.0003234 seconds, Stopping threads took: 0.0000901 seconds
[2019-06-24T10:23:57.070+0000][1][safepoint    ] Application time: 1.0001382 seconds
[2019-06-24T10:23:57.071+0000][1][safepoint    ] Entering safepoint region: Cleanup
[2019-06-24T10:23:57.071+0000][1][safepoint    ] Leaving safepoint region
[2019-06-24T10:23:57.071+0000][1][safepoint    ] Total time for which application threads were stopped: 0.0003370 seconds, Stopping threads took: 0.0001077 seconds
[2019-06-24T10:23:58.071+0000][1][safepoint    ] Application time: 1.0002543 seconds
[2019-06-24T10:23:58.071+0000][1][safepoint    ] Entering safepoint region: Cleanup
[2019-06-24T10:23:58.072+0000][1][safepoint    ] Leaving safepoint region
[2019-06-24T10:23:58.072+0000][1][safepoint    ] Total time for which application threads were stopped: 0.0002898 seconds, Stopping threads took: 0.0000717 seconds
[2019-06-24T10:23:59.072+0000][1][safepoint    ] Application time: 1.0002640 seconds
[2019-06-24T10:23:59.072+0000][1][safepoint    ] Entering safepoint region: Cleanup
[2019-06-24T10:23:59.072+0000][1][safepoint    ] Leaving safepoint region
[2019-06-24T10:23:59.072+0000][1][safepoint    ] Total time for which application threads were stopped: 0.0003543 seconds, Stopping threads took: 0.0001128 seconds
[2019-06-24T10:24:00.073+0000][1][safepoint    ] Application time: 1.0001871 seconds
[2019-06-24T10:24:00.073+0000][1][safepoint    ] Entering safepoint region: Cleanup
[2019-06-24T10:24:00.073+0000][1][safepoint    ] Leaving safepoint region
[2019-06-24T10:24:00.073+0000][1][safepoint    ] Total time for which application threads were stopped: 0.0003525 seconds, Stopping threads took: 0.0001480 seconds
[2019-06-24T10:24:01.073+0000][1][safepoint    ] Application time: 1.0002807 seconds
[2019-06-24T10:24:01.074+0000][1][safepoint    ] Entering safepoint region: Cleanup
[2019-06-24T10:24:01.074+0000][1][safepoint    ] Leaving safepoint region
[2019-06-24T10:24:01.074+0000][1][safepoint    ] Total time for which application threads were stopped: 0.0002982 seconds, Stopping threads took: 0.0001043 seconds
[2019-06-24T10:24:02.074+0000][1][safepoint    ] Application time: 1.0001664 seconds
[2019-06-24T10:24:02.074+0000][1][safepoint    ] Entering safepoint region: Cleanup
[2019-06-24T10:24:02.074+0000][1][safepoint    ] Leaving safepoint region
[2019-06-24T10:24:02.074+0000][1][safepoint    ] Total time for which application threads were stopped: 0.0002442 seconds, Stopping threads took: 0.0000662 seconds
[2019-06-24T10:24:03.075+0000][1][safepoint    ] Application time: 1.0001879 seconds
[2019-06-24T10:24:03.075+0000][1][safepoint    ] Entering safepoint region: Cleanup
[2019-06-24T10:24:03.075+0000][1][safepoint    ] Leaving safepoint region
[2019-06-24T10:24:03.075+0000][1][safepoint    ] Total time for which application threads were stopped: 0.0002352 seconds, Stopping threads took: 0.0000632 seconds
[2019-06-24T10:24:04.075+0000][1][safepoint    ] Application time: 1.0001741 seconds
[2019-06-24T10:24:04.075+0000][1][safepoint    ] Entering safepoint region: Cleanup
[2019-06-24T10:24:04.075+0000][1][safepoint    ] Leaving safepoint region
[2019-06-24T10:24:04.076+0000][1][safepoint    ] Total time for which application threads were stopped: 0.0002847 seconds, Stopping threads took: 0.0000641 seconds
[2019-06-24T10:24:05.076+0000][1][safepoint    ] Application time: 1.0002944 seconds
[2019-06-24T10:24:05.076+0000][1][safepoint    ] Entering safepoint region: Cleanup
[2019-06-24T10:24:05.076+0000][1][safepoint    ] Leaving safepoint region
[2019-06-24T10:24:05.076+0000][1][safepoint    ] Total time for which application threads were stopped: 0.0003253 seconds, Stopping threads took: 0.0000856 seconds
[2019-06-24T10:24:06.077+0000][1][safepoint    ] Application time: 1.0002045 seconds
[2019-06-24T10:24:06.077+0000][1][safepoint    ] Entering safepoint region: Cleanup
[2019-06-24T10:24:06.077+0000][1][safepoint    ] Leaving safepoint region
[2019-06-24T10:24:06.077+0000][1][safepoint    ] Total time for which application threads were stopped: 0.0002730 seconds, Stopping threads took: 0.0000712 seconds
[2019-06-24T10:24:07.077+0000][1][safepoint    ] Application time: 1.0002419 seconds
[2019-06-24T10:24:07.077+0000][1][safepoint    ] Entering safepoint region: Cleanup
[2019-06-24T10:24:07.078+0000][1][safepoint    ] Leaving safepoint region
[2019-06-24T10:24:07.078+0000][1][safepoint    ] Total time for which application threads were stopped: 0.0003239 seconds, Stopping threads took: 0.0000845 seconds
[2019-06-24T10:24:08.078+0000][1][safepoint    ] Application time: 1.0002625 seconds
[2019-06-24T10:24:08.078+0000][1][safepoint    ] Entering safepoint region: Cleanup
[2019-06-24T10:24:08.078+0000][1][safepoint    ] Leaving safepoint region
[2019-06-24T10:24:08.078+0000][1][safepoint    ] Total time for which application threads were stopped: 0.0002816 seconds, Stopping threads took: 0.0000733 seconds
[2019-06-24T10:24:09.079+0000][1][safepoint    ] Application time: 1.0002649 seconds
[2019-06-24T10:24:09.079+0000][1][safepoint    ] Entering safepoint region: Cleanup
[2019-06-24T10:24:09.079+0000][1][safepoint    ] Leaving safepoint region
[2019-06-24T10:24:09.079+0000][1][safepoint    ] Total time for which application threads were stopped: 0.0003018 seconds, Stopping threads took: 0.0001038 seconds
[2019-06-24T10:24:10.079+0000][1][safepoint    ] Application time: 1.0002457 seconds
[2019-06-24T10:24:10.080+0000][1][safepoint    ] Entering safepoint region: Cleanup
[2019-06-24T10:24:10.080+0000][1][safepoint    ] Leaving safepoint region
[2019-06-24T10:24:10.080+0000][1][safepoint    ] Total time for which application threads were stopped: 0.0002791 seconds, Stopping threads took: 0.0000841 seconds
[2019-06-24T10:24:11.080+0000][1][safepoint    ] Application time: 1.0002695 seconds
[2019-06-24T10:24:11.080+0000][1][safepoint    ] Entering safepoint region: Cleanup
[2019-06-24T10:24:11.080+0000][1][safepoint    ] Leaving safepoint region
[2019-06-24T10:24:11.080+0000][1][safepoint    ] Total time for which application threads were stopped: 0.0002794 seconds, Stopping threads took: 0.0000727 seconds
[2019-06-24T10:24:12.081+0000][1][safepoint    ] Application time: 1.0003184 seconds
[2019-06-24T10:24:12.081+0000][1][safepoint    ] Entering safepoint region: Cleanup
[2019-06-24T10:24:12.081+0000][1][safepoint    ] Leaving safepoint region
[2019-06-24T10:24:12.081+0000][1][safepoint    ] Total time for which application threads were stopped: 0.0001074 seconds, Stopping threads took: 0.0000279 seconds
[2019-06-24T10:24:13.081+0000][1][safepoint    ] Application time: 1.0001246 seconds
[2019-06-24T10:24:13.081+0000][1][safepoint    ] Entering safepoint region: Cleanup
[2019-06-24T10:24:13.081+0000][1][safepoint    ] Leaving safepoint region
[2019-06-24T10:24:13.081+0000][1][safepoint    ] Total time for which application threads were stopped: 0.0001209 seconds, Stopping threads took: 0.0000431 seconds
[2019-06-24T10:24:13.273+0000][1][safepoint    ] Application time: 0.1920826 seconds
[2019-06-24T10:24:13.273+0000][1][safepoint    ] Entering safepoint region: GenCollectForAllocation
[2019-06-24T10:24:13.274+0000][1][gc,start     ] GC(46) Pause Young (Allocation Failure)
[2019-06-24T10:24:13.274+0000][1][gc,task      ] GC(46) Using 5 workers of 8 for evacuation
[2019-06-24T10:24:13.276+0000][1][gc,age       ] GC(46) Desired survivor size 4456448 bytes, new threshold 6 (max threshold 6)
[2019-06-24T10:24:13.276+0000][1][gc,age       ] GC(46) Age table with threshold 6 (max threshold 6)
[2019-06-24T10:24:13.276+0000][1][gc,age       ] GC(46) - age   1:       4992 bytes,       4992 total
[2019-06-24T10:24:13.276+0000][1][gc,age       ] GC(46) - age   2:        128 bytes,       5120 total
[2019-06-24T10:24:13.276+0000][1][gc,age       ] GC(46) - age   3:         32 bytes,       5152 total
[2019-06-24T10:24:13.276+0000][1][gc,age       ] GC(46) - age   4:       1392 bytes,       6544 total
[2019-06-24T10:24:13.276+0000][1][gc,heap      ] GC(46) ParNew: 69964K->14K(78656K)
[2019-06-24T10:24:13.276+0000][1][gc,heap      ] GC(46) CMS: 70574K->70575K(174784K)
[2019-06-24T10:24:13.276+0000][1][gc,metaspace ] GC(46) Metaspace: 70540K->70540K(1114112K)
[2019-06-24T10:24:13.276+0000][1][gc           ] GC(46) Pause Young (Allocation Failure) 137M->68M(247M) 2.436ms
[2019-06-24T10:24:13.276+0000][1][gc,cpu       ] GC(46) User=0.01s Sys=0.00s Real=0.01s
[2019-06-24T10:24:13.276+0000][1][safepoint    ] Leaving safepoint region
[2019-06-24T10:24:13.276+0000][1][safepoint    ] Total time for which application threads were stopped: 0.0028792 seconds, Stopping threads took: 0.0000603 seconds
[2019-06-24T10:24:14.277+0000][1][safepoint    ] Application time: 1.0003058 seconds
[2019-06-24T10:24:14.277+0000][1][safepoint    ] Entering safepoint region: Cleanup
[2019-06-24T10:24:14.277+0000][1][safepoint    ] Leaving safepoint region
[2019-06-24T10:24:14.277+0000][1][safepoint    ] Total time for which application threads were stopped: 0.0004291 seconds, Stopping threads took: 0.0000843 seconds
[2019-06-24T10:24:15.278+0000][1][safepoint    ] Application time: 1.0003081 seconds
[2019-06-24T10:24:15.278+0000][1][safepoint    ] Entering safepoint region: Cleanup
[2019-06-24T10:24:15.278+0000][1][safepoint    ] Leaving safepoint region
[2019-06-24T10:24:15.278+0000][1][safepoint    ] Total time for which application threads were stopped: 0.0003686 seconds, Stopping threads took: 0.0000908 seconds
[2019-06-24T10:24:16.278+0000][1][safepoint    ] Application time: 1.0002091 seconds
[2019-06-24T10:24:16.278+0000][1][safepoint    ] Entering safepoint region: Cleanup
[2019-06-24T10:24:16.279+0000][1][safepoint    ] Leaving safepoint region
[2019-06-24T10:24:16.279+0000][1][safepoint    ] Total time for which application threads were stopped: 0.0001700 seconds, Stopping threads took: 0.0000378 seconds
[2019-06-24T10:24:17.279+0000][1][safepoint    ] Application time: 1.0001485 seconds
[2019-06-24T10:24:17.279+0000][1][safepoint    ] Entering safepoint region: Cleanup
[2019-06-24T10:24:17.279+0000][1][safepoint    ] Leaving safepoint region
[2019-06-24T10:24:17.279+0000][1][safepoint    ] Total time for which application threads were stopped: 0.0003588 seconds, Stopping threads took: 0.0001151 seconds
[2019-06-24T10:24:18.279+0000][1][safepoint    ] Application time: 1.0001787 seconds
[2019-06-24T10:24:18.280+0000][1][safepoint    ] Entering safepoint region: Cleanup
[2019-06-24T10:24:18.280+0000][1][safepoint    ] Leaving safepoint region
[2019-06-24T10:24:18.280+0000][1][safepoint    ] Total time for which application threads were stopped: 0.0002103 seconds, Stopping threads took: 0.0000561 seconds
[2019-06-24T10:24:19.520+0000][1][safepoint    ] Application time: 1.2401141 seconds
[2019-06-24T10:24:19.520+0000][1][safepoint    ] Entering safepoint region: Cleanup
[2019-06-24T10:24:19.520+0000][1][safepoint    ] Leaving safepoint region
[2019-06-24T10:24:19.520+0000][1][safepoint    ] Total time for which application threads were stopped: 0.0001092 seconds, Stopping threads took: 0.0000263 seconds
[2019-06-24T10:24:20.520+0000][1][safepoint    ] Application time: 1.0002628 seconds
[2019-06-24T10:24:20.520+0000][1][safepoint    ] Entering safepoint region: Cleanup
[2019-06-24T10:24:20.521+0000][1][safepoint    ] Leaving safepoint region
[2019-06-24T10:24:20.521+0000][1][safepoint    ] Total time for which application threads were stopped: 0.0004688 seconds, Stopping threads took: 0.0000862 seconds
[2019-06-24T10:24:21.521+0000][1][safepoint    ] Application time: 1.0002890 seconds
[2019-06-24T10:24:21.521+0000][1][safepoint    ] Entering safepoint region: Cleanup
[2019-06-24T10:24:21.522+0000][1][safepoint    ] Leaving safepoint region
[2019-06-24T10:24:21.522+0000][1][safepoint    ] Total time for which application threads were stopped: 0.0004210 seconds, Stopping threads took: 0.0000807 seconds
[2019-06-24T10:24:22.522+0000][1][safepoint    ] Application time: 1.0002698 seconds
[2019-06-24T10:24:22.522+0000][1][safepoint    ] Entering safepoint region: Cleanup
[2019-06-24T10:24:22.523+0000][1][safepoint    ] Leaving safepoint region
[2019-06-24T10:24:22.523+0000][1][safepoint    ] Total time for which application threads were stopped: 0.0003843 seconds, Stopping threads took: 0.0000716 seconds
[2019-06-24T10:24:23.523+0000][1][safepoint    ] Application time: 1.0002550 seconds
[2019-06-24T10:24:23.523+0000][1][safepoint    ] Entering safepoint region: Cleanup
[2019-06-24T10:24:23.523+0000][1][safepoint    ] Leaving safepoint region
[2019-06-24T10:24:23.523+0000][1][safepoint    ] Total time for which application threads were stopped: 0.0003084 seconds, Stopping threads took: 0.0001023 seconds
[2019-06-24T10:24:24.524+0000][1][safepoint    ] Application time: 1.0002458 seconds
[2019-06-24T10:24:24.524+0000][1][safepoint    ] Entering safepoint region: Cleanup
[2019-06-24T10:24:24.524+0000][1][safepoint    ] Leaving safepoint region
[2019-06-24T10:24:24.524+0000][1][safepoint    ] Total time for which application threads were stopped: 0.0002777 seconds, Stopping threads took: 0.0000735 seconds
[2019-06-24T10:24:25.524+0000][1][safepoint    ] Application time: 1.0002551 seconds
[2019-06-24T10:24:25.525+0000][1][safepoint    ] Entering safepoint region: Cleanup
[2019-06-24T10:24:25.525+0000][1][safepoint    ] Leaving safepoint region
[2019-06-24T10:24:25.525+0000][1][safepoint    ] Total time for which application threads were stopped: 0.0002820 seconds, Stopping threads took: 0.0000727 seconds
[2019-06-24T10:24:26.525+0000][1][safepoint    ] Application time: 1.0002090 seconds
[2019-06-24T10:24:26.525+0000][1][safepoint    ] Entering safepoint region: Cleanup
[2019-06-24T10:24:26.526+0000][1][safepoint    ] Leaving safepoint region
[2019-06-24T10:24:26.526+0000][1][safepoint    ] Total time for which application threads were stopped: 0.0003915 seconds, Stopping threads took: 0.0001061 seconds
[2019-06-24T10:24:27.526+0000][1][safepoint    ] Application time: 1.0003130 seconds
[2019-06-24T10:24:27.526+0000][1][safepoint    ] Entering safepoint region: Cleanup
[2019-06-24T10:24:27.526+0000][1][safepoint    ] Leaving safepoint region
[2019-06-24T10:24:27.526+0000][1][safepoint    ] Total time for which application threads were stopped: 0.0001306 seconds, Stopping threads took: 0.0000407 seconds
[2019-06-24T10:24:28.526+0000][1][safepoint    ] Application time: 1.0001927 seconds
[2019-06-24T10:24:28.527+0000][1][safepoint    ] Entering safepoint region: Cleanup
[2019-06-24T10:24:28.527+0000][1][safepoint    ] Leaving safepoint region
[2019-06-24T10:24:28.527+0000][1][safepoint    ] Total time for which application threads were stopped: 0.0003968 seconds, Stopping threads took: 0.0001990 seconds
[2019-06-24T10:24:29.527+0000][1][safepoint    ] Application time: 1.0001989 seconds
[2019-06-24T10:24:29.527+0000][1][safepoint    ] Entering safepoint region: Cleanup
[2019-06-24T10:24:29.528+0000][1][safepoint    ] Leaving safepoint region
[2019-06-24T10:24:29.528+0000][1][safepoint    ] Total time for which application threads were stopped: 0.0005754 seconds, Stopping threads took: 0.0001336 seconds
[2019-06-24T10:24:30.528+0000][1][safepoint    ] Application time: 1.0001861 seconds
[2019-06-24T10:24:30.528+0000][1][safepoint    ] Entering safepoint region: Cleanup
[2019-06-24T10:24:30.528+0000][1][safepoint    ] Leaving safepoint region
[2019-06-24T10:24:30.528+0000][1][safepoint    ] Total time for which application threads were stopped: 0.0002644 seconds, Stopping threads took: 0.0000691 seconds
[2019-06-24T10:24:31.529+0000][1][safepoint    ] Application time: 1.0002120 seconds
[2019-06-24T10:24:31.529+0000][1][safepoint    ] Entering safepoint region: Cleanup
[2019-06-24T10:24:31.529+0000][1][safepoint    ] Leaving safepoint region
[2019-06-24T10:24:31.529+0000][1][safepoint    ] Total time for which application threads were stopped: 0.0003318 seconds, Stopping threads took: 0.0000808 seconds
[2019-06-24T10:24:32.529+0000][1][safepoint    ] Application time: 1.0001054 seconds
[2019-06-24T10:24:32.529+0000][1][safepoint    ] Entering safepoint region: Cleanup
[2019-06-24T10:24:32.529+0000][1][safepoint    ] Leaving safepoint region
[2019-06-24T10:24:32.529+0000][1][safepoint    ] Total time for which application threads were stopped: 0.0001075 seconds, Stopping threads took: 0.0000258 seconds
[2019-06-24T10:24:33.530+0000][1][safepoint    ] Application time: 1.0001753 seconds
[2019-06-24T10:24:33.530+0000][1][safepoint    ] Entering safepoint region: Cleanup
[2019-06-24T10:24:33.530+0000][1][safepoint    ] Leaving safepoint region
[2019-06-24T10:24:33.530+0000][1][safepoint    ] Total time for which application threads were stopped: 0.0004492 seconds, Stopping threads took: 0.0001173 seconds
[2019-06-24T10:24:34.531+0000][1][safepoint    ] Application time: 1.0003085 seconds
[2019-06-24T10:24:34.531+0000][1][safepoint    ] Entering safepoint region: Cleanup
[2019-06-24T10:24:34.531+0000][1][safepoint    ] Leaving safepoint region
[2019-06-24T10:24:34.531+0000][1][safepoint    ] Total time for which application threads were stopped: 0.0002777 seconds, Stopping threads took: 0.0000697 seconds
[2019-06-24T10:24:35.531+0000][1][safepoint    ] Application time: 1.0001920 seconds
[2019-06-24T10:24:35.531+0000][1][safepoint    ] Entering safepoint region: Cleanup
[2019-06-24T10:24:35.532+0000][1][safepoint    ] Leaving safepoint region
[2019-06-24T10:24:35.532+0000][1][safepoint    ] Total time for which application threads were stopped: 0.0003347 seconds, Stopping threads took: 0.0000692 seconds
[2019-06-24T10:24:36.532+0000][1][safepoint    ] Application time: 1.0002861 seconds
[2019-06-24T10:24:36.532+0000][1][safepoint    ] Entering safepoint region: Cleanup
[2019-06-24T10:24:36.532+0000][1][safepoint    ] Leaving safepoint region
[2019-06-24T10:24:36.532+0000][1][safepoint    ] Total time for which application threads were stopped: 0.0003324 seconds, Stopping threads took: 0.0000824 seconds
[2019-06-24T10:24:37.533+0000][1][safepoint    ] Application time: 1.0002919 seconds
[2019-06-24T10:24:37.533+0000][1][safepoint    ] Entering safepoint region: Cleanup
[2019-06-24T10:24:37.533+0000][1][safepoint    ] Leaving safepoint region
[2019-06-24T10:24:37.533+0000][1][safepoint    ] Total time for which application threads were stopped: 0.0003789 seconds, Stopping threads took: 0.0000888 seconds
[2019-06-24T10:24:38.534+0000][1][safepoint    ] Application time: 1.0002306 seconds
[2019-06-24T10:24:38.534+0000][1][safepoint    ] Entering safepoint region: Cleanup
[2019-06-24T10:24:38.534+0000][1][safepoint    ] Leaving safepoint region
[2019-06-24T10:24:38.534+0000][1][safepoint    ] Total time for which application threads were stopped: 0.0002249 seconds, Stopping threads took: 0.0000543 seconds
[2019-06-24T10:24:39.534+0000][1][safepoint    ] Application time: 1.0002617 seconds
[2019-06-24T10:24:39.534+0000][1][safepoint    ] Entering safepoint region: Cleanup
[2019-06-24T10:24:39.535+0000][1][safepoint    ] Leaving safepoint region
[2019-06-24T10:24:39.535+0000][1][safepoint    ] Total time for which application threads were stopped: 0.0004000 seconds, Stopping threads took: 0.0000705 seconds
[2019-06-24T10:24:40.535+0000][1][safepoint    ] Application time: 1.0002331 seconds
[2019-06-24T10:24:40.535+0000][1][safepoint    ] Entering safepoint region: Cleanup
[2019-06-24T10:24:40.536+0000][1][safepoint    ] Leaving safepoint region
[2019-06-24T10:24:40.536+0000][1][safepoint    ] Total time for which application threads were stopped: 0.0011802 seconds, Stopping threads took: 0.0001885 seconds
[2019-06-24T10:24:41.537+0000][1][safepoint    ] Application time: 1.0002978 seconds
[2019-06-24T10:24:41.537+0000][1][safepoint    ] Entering safepoint region: Cleanup
[2019-06-24T10:24:41.537+0000][1][safepoint    ] Leaving safepoint region
[2019-06-24T10:24:41.537+0000][1][safepoint    ] Total time for which application threads were stopped: 0.0003944 seconds, Stopping threads took: 0.0001193 seconds
[2019-06-24T10:24:42.537+0000][1][safepoint    ] Application time: 1.0001852 seconds
[2019-06-24T10:24:42.537+0000][1][safepoint    ] Entering safepoint region: Cleanup
[2019-06-24T10:24:42.538+0000][1][safepoint    ] Leaving safepoint region
[2019-06-24T10:24:42.538+0000][1][safepoint    ] Total time for which application threads were stopped: 0.0002550 seconds, Stopping threads took: 0.0000653 seconds
[2019-06-24T10:24:43.538+0000][1][safepoint    ] Application time: 1.0001424 seconds
[2019-06-24T10:24:43.538+0000][1][safepoint    ] Entering safepoint region: Cleanup
[2019-06-24T10:24:43.538+0000][1][safepoint    ] Leaving safepoint region
[2019-06-24T10:24:43.538+0000][1][safepoint    ] Total time for which application threads were stopped: 0.0001619 seconds, Stopping threads took: 0.0000302 seconds
[2019-06-24T10:24:44.538+0000][1][safepoint    ] Application time: 1.0001018 seconds
[2019-06-24T10:24:44.538+0000][1][safepoint    ] Entering safepoint region: Cleanup
[2019-06-24T10:24:44.538+0000][1][safepoint    ] Leaving safepoint region
[2019-06-24T10:24:44.538+0000][1][safepoint    ] Total time for which application threads were stopped: 0.0001655 seconds, Stopping threads took: 0.0000421 seconds
[2019-06-24T10:24:45.539+0000][1][safepoint    ] Application time: 1.0001785 seconds
[2019-06-24T10:24:45.539+0000][1][safepoint    ] Entering safepoint region: Cleanup
[2019-06-24T10:24:45.539+0000][1][safepoint    ] Leaving safepoint region
[2019-06-24T10:24:45.539+0000][1][safepoint    ] Total time for which application threads were stopped: 0.0003033 seconds, Stopping threads took: 0.0000826 seconds
[2019-06-24T10:24:46.539+0000][1][safepoint    ] Application time: 1.0002093 seconds
[2019-06-24T10:24:46.539+0000][1][safepoint    ] Entering safepoint region: Cleanup
[2019-06-24T10:24:46.539+0000][1][safepoint    ] Leaving safepoint region
[2019-06-24T10:24:46.540+0000][1][safepoint    ] Total time for which application threads were stopped: 0.0009850 seconds, Stopping threads took: 0.0000362 seconds
[2019-06-24T10:24:47.541+0000][1][safepoint    ] Application time: 1.0002363 seconds
[2019-06-24T10:24:47.541+0000][1][safepoint    ] Entering safepoint region: Cleanup
[2019-06-24T10:24:47.541+0000][1][safepoint    ] Leaving safepoint region
[2019-06-24T10:24:47.541+0000][1][safepoint    ] Total time for which application threads were stopped: 0.0002223 seconds, Stopping threads took: 0.0000572 seconds
[2019-06-24T10:24:48.541+0000][1][safepoint    ] Application time: 1.0002613 seconds
[2019-06-24T10:24:48.541+0000][1][safepoint    ] Entering safepoint region: Cleanup
[2019-06-24T10:24:48.542+0000][1][safepoint    ] Leaving safepoint region
[2019-06-24T10:24:48.542+0000][1][safepoint    ] Total time for which application threads were stopped: 0.0003694 seconds, Stopping threads took: 0.0000944 seconds
[2019-06-24T10:24:49.542+0000][1][safepoint    ] Application time: 1.0002834 seconds
[2019-06-24T10:24:49.542+0000][1][safepoint    ] Entering safepoint region: Cleanup
[2019-06-24T10:24:49.542+0000][1][safepoint    ] Leaving safepoint region
[2019-06-24T10:24:49.543+0000][1][safepoint    ] Total time for which application threads were stopped: 0.0003540 seconds, Stopping threads took: 0.0000867 seconds
[2019-06-24T10:24:50.543+0000][1][safepoint    ] Application time: 1.0001099 seconds
[2019-06-24T10:24:50.543+0000][1][safepoint    ] Entering safepoint region: Cleanup
[2019-06-24T10:24:50.543+0000][1][safepoint    ] Leaving safepoint region
[2019-06-24T10:24:50.543+0000][1][safepoint    ] Total time for which application threads were stopped: 0.0001142 seconds, Stopping threads took: 0.0000286 seconds
[2019-06-24T10:24:51.543+0000][1][safepoint    ] Application time: 1.0002255 seconds
[2019-06-24T10:24:51.543+0000][1][safepoint    ] Entering safepoint region: Cleanup
[2019-06-24T10:24:51.544+0000][1][safepoint    ] Leaving safepoint region
[2019-06-24T10:24:51.544+0000][1][safepoint    ] Total time for which application threads were stopped: 0.0011481 seconds, Stopping threads took: 0.0009424 seconds
[2019-06-24T10:24:52.545+0000][1][safepoint    ] Application time: 1.0001981 seconds
[2019-06-24T10:24:52.545+0000][1][safepoint    ] Entering safepoint region: Cleanup
[2019-06-24T10:24:52.545+0000][1][safepoint    ] Leaving safepoint region
[2019-06-24T10:24:52.545+0000][1][safepoint    ] Total time for which application threads were stopped: 0.0002761 seconds, Stopping threads took: 0.0000850 seconds
[2019-06-24T10:24:53.545+0000][1][safepoint    ] Application time: 1.0002845 seconds
[2019-06-24T10:24:53.545+0000][1][safepoint    ] Entering safepoint region: Cleanup
[2019-06-24T10:24:53.546+0000][1][safepoint    ] Leaving safepoint region
[2019-06-24T10:24:53.546+0000][1][safepoint    ] Total time for which application threads were stopped: 0.0003684 seconds, Stopping threads took: 0.0001032 seconds
[2019-06-24T10:24:54.546+0000][1][safepoint    ] Application time: 1.0002004 seconds
[2019-06-24T10:24:54.546+0000][1][safepoint    ] Entering safepoint region: Cleanup
[2019-06-24T10:24:54.546+0000][1][safepoint    ] Leaving safepoint region
[2019-06-24T10:24:54.546+0000][1][safepoint    ] Total time for which application threads were stopped: 0.0003093 seconds, Stopping threads took: 0.0000860 seconds
[2019-06-24T10:24:55.547+0000][1][safepoint    ] Application time: 1.0001637 seconds
[2019-06-24T10:24:55.547+0000][1][safepoint    ] Entering safepoint region: Cleanup
[2019-06-24T10:24:55.547+0000][1][safepoint    ] Leaving safepoint region
[2019-06-24T10:24:55.547+0000][1][safepoint    ] Total time for which application threads were stopped: 0.0004836 seconds, Stopping threads took: 0.0001156 seconds
[2019-06-24T10:24:56.548+0000][1][safepoint    ] Application time: 1.0002657 seconds
[2019-06-24T10:24:56.548+0000][1][safepoint    ] Entering safepoint region: Cleanup
[2019-06-24T10:24:56.549+0000][1][safepoint    ] Leaving safepoint region
[2019-06-24T10:24:56.549+0000][1][safepoint    ] Total time for which application threads were stopped: 0.0013166 seconds, Stopping threads took: 0.0010120 seconds
[2019-06-24T10:24:57.549+0000][1][safepoint    ] Application time: 1.0002164 seconds
[2019-06-24T10:24:57.550+0000][1][safepoint    ] Entering safepoint region: Cleanup
[2019-06-24T10:24:57.550+0000][1][safepoint    ] Leaving safepoint region
[2019-06-24T10:24:57.550+0000][1][safepoint    ] Total time for which application threads were stopped: 0.0003141 seconds, Stopping threads took: 0.0000704 seconds
[2019-06-24T10:24:58.550+0000][1][safepoint    ] Application time: 1.0002843 seconds
[2019-06-24T10:24:58.550+0000][1][safepoint    ] Entering safepoint region: Cleanup
[2019-06-24T10:24:58.551+0000][1][safepoint    ] Leaving safepoint region
[2019-06-24T10:24:58.551+0000][1][safepoint    ] Total time for which application threads were stopped: 0.0003805 seconds, Stopping threads took: 0.0000716 seconds
[2019-06-24T10:24:59.551+0000][1][safepoint    ] Application time: 1.0001535 seconds
[2019-06-24T10:24:59.551+0000][1][safepoint    ] Entering safepoint region: Cleanup
[2019-06-24T10:24:59.551+0000][1][safepoint    ] Leaving safepoint region
[2019-06-24T10:24:59.551+0000][1][safepoint    ] Total time for which application threads were stopped: 0.0003682 seconds, Stopping threads took: 0.0000692 seconds
[2019-06-24T10:25:00.552+0000][1][safepoint    ] Application time: 1.0002583 seconds
[2019-06-24T10:25:00.552+0000][1][safepoint    ] Entering safepoint region: Cleanup
[2019-06-24T10:25:00.552+0000][1][safepoint    ] Leaving safepoint region
[2019-06-24T10:25:00.552+0000][1][safepoint    ] Total time for which application threads were stopped: 0.0002863 seconds, Stopping threads took: 0.0000715 seconds
[2019-06-24T10:25:01.552+0000][1][safepoint    ] Application time: 1.0002731 seconds
[2019-06-24T10:25:01.552+0000][1][safepoint    ] Entering safepoint region: Cleanup
[2019-06-24T10:25:01.554+0000][1][safepoint    ] Leaving safepoint region
[2019-06-24T10:25:01.554+0000][1][safepoint    ] Total time for which application threads were stopped: 0.0012090 seconds, Stopping threads took: 0.0009007 seconds
[2019-06-24T10:25:02.554+0000][1][safepoint    ] Application time: 1.0002588 seconds
[2019-06-24T10:25:02.554+0000][1][safepoint    ] Entering safepoint region: Cleanup
[2019-06-24T10:25:02.554+0000][1][safepoint    ] Leaving safepoint region
[2019-06-24T10:25:02.554+0000][1][safepoint    ] Total time for which application threads were stopped: 0.0003900 seconds, Stopping threads took: 0.0000735 seconds
[2019-06-24T10:25:03.555+0000][1][safepoint    ] Application time: 1.0001758 seconds
[2019-06-24T10:25:03.555+0000][1][safepoint    ] Entering safepoint region: Cleanup
[2019-06-24T10:25:03.555+0000][1][safepoint    ] Leaving safepoint region
[2019-06-24T10:25:03.555+0000][1][safepoint    ] Total time for which application threads were stopped: 0.0002740 seconds, Stopping threads took: 0.0000706 seconds
[2019-06-24T10:25:04.555+0000][1][safepoint    ] Application time: 1.0002767 seconds
[2019-06-24T10:25:04.556+0000][1][safepoint    ] Entering safepoint region: Cleanup
[2019-06-24T10:25:04.556+0000][1][safepoint    ] Leaving safepoint region
[2019-06-24T10:25:04.556+0000][1][safepoint    ] Total time for which application threads were stopped: 0.0002873 seconds, Stopping threads took: 0.0000720 seconds
[2019-06-24T10:25:05.556+0000][1][safepoint    ] Application time: 1.0002628 seconds
[2019-06-24T10:25:05.556+0000][1][safepoint    ] Entering safepoint region: Cleanup
[2019-06-24T10:25:05.556+0000][1][safepoint    ] Leaving safepoint region
[2019-06-24T10:25:05.557+0000][1][safepoint    ] Total time for which application threads were stopped: 0.0002866 seconds, Stopping threads took: 0.0000710 seconds
[2019-06-24T10:25:06.557+0000][1][safepoint    ] Application time: 1.0001427 seconds
[2019-06-24T10:25:06.557+0000][1][safepoint    ] Entering safepoint region: Cleanup
[2019-06-24T10:25:06.559+0000][1][safepoint    ] Leaving safepoint region
[2019-06-24T10:25:06.559+0000][1][safepoint    ] Total time for which application threads were stopped: 0.0019065 seconds, Stopping threads took: 0.0011356 seconds
[2019-06-24T10:25:07.559+0000][1][safepoint    ] Application time: 1.0001779 seconds
[2019-06-24T10:25:07.559+0000][1][safepoint    ] Entering safepoint region: Cleanup
[2019-06-24T10:25:07.559+0000][1][safepoint    ] Leaving safepoint region
[2019-06-24T10:25:07.559+0000][1][safepoint    ] Total time for which application threads were stopped: 0.0002817 seconds, Stopping threads took: 0.0000703 seconds
[2019-06-24T10:25:08.560+0000][1][safepoint    ] Application time: 1.0002253 seconds
[2019-06-24T10:25:08.560+0000][1][safepoint    ] Entering safepoint region: Cleanup
[2019-06-24T10:25:08.560+0000][1][safepoint    ] Leaving safepoint region
[2019-06-24T10:25:08.560+0000][1][safepoint    ] Total time for which application threads were stopped: 0.0002772 seconds, Stopping threads took: 0.0000683 seconds
[2019-06-24T10:25:09.560+0000][1][safepoint    ] Application time: 1.0002684 seconds
[2019-06-24T10:25:09.560+0000][1][safepoint    ] Entering safepoint region: Cleanup
[2019-06-24T10:25:09.561+0000][1][safepoint    ] Leaving safepoint region
[2019-06-24T10:25:09.561+0000][1][safepoint    ] Total time for which application threads were stopped: 0.0003605 seconds, Stopping threads took: 0.0000703 seconds
[2019-06-24T10:25:10.561+0000][1][safepoint    ] Application time: 1.0002566 seconds
[2019-06-24T10:25:10.561+0000][1][safepoint    ] Entering safepoint region: Cleanup
[2019-06-24T10:25:10.562+0000][1][safepoint    ] Leaving safepoint region
[2019-06-24T10:25:10.562+0000][1][safepoint    ] Total time for which application threads were stopped: 0.0003204 seconds, Stopping threads took: 0.0000876 seconds
[2019-06-24T10:25:11.562+0000][1][safepoint    ] Application time: 1.0002410 seconds
[2019-06-24T10:25:11.562+0000][1][safepoint    ] Entering safepoint region: Cleanup
[2019-06-24T10:25:11.563+0000][1][safepoint    ] Leaving safepoint region
[2019-06-24T10:25:11.563+0000][1][safepoint    ] Total time for which application threads were stopped: 0.0012571 seconds, Stopping threads took: 0.0009583 seconds
[2019-06-24T10:25:12.563+0000][1][safepoint    ] Application time: 1.0002370 seconds
[2019-06-24T10:25:12.564+0000][1][safepoint    ] Entering safepoint region: Cleanup
[2019-06-24T10:25:12.564+0000][1][safepoint    ] Leaving safepoint region
[2019-06-24T10:25:12.564+0000][1][safepoint    ] Total time for which application threads were stopped: 0.0001662 seconds, Stopping threads took: 0.0000531 seconds
[2019-06-24T10:25:13.564+0000][1][safepoint    ] Application time: 1.0003182 seconds
[2019-06-24T10:25:13.564+0000][1][safepoint    ] Entering safepoint region: Cleanup
[2019-06-24T10:25:13.564+0000][1][safepoint    ] Leaving safepoint region
[2019-06-24T10:25:13.564+0000][1][safepoint    ] Total time for which application threads were stopped: 0.0001192 seconds, Stopping threads took: 0.0000296 seconds
[2019-06-24T10:25:14.564+0000][1][safepoint    ] Application time: 1.0002592 seconds
[2019-06-24T10:25:14.565+0000][1][safepoint    ] Entering safepoint region: Cleanup
[2019-06-24T10:25:14.565+0000][1][safepoint    ] Leaving safepoint region
[2019-06-24T10:25:14.565+0000][1][safepoint    ] Total time for which application threads were stopped: 0.0004059 seconds, Stopping threads took: 0.0001630 seconds
[2019-06-24T10:25:15.597+0000][1][safepoint    ] Application time: 1.0317371 seconds
[2019-06-24T10:25:15.597+0000][1][safepoint    ] Entering safepoint region: Cleanup
[2019-06-24T10:25:15.597+0000][1][safepoint    ] Leaving safepoint region
[2019-06-24T10:25:15.597+0000][1][safepoint    ] Total time for which application threads were stopped: 0.0002945 seconds, Stopping threads took: 0.0000952 seconds
[2019-06-24T10:25:16.597+0000][1][safepoint    ] Application time: 1.0002077 seconds
[2019-06-24T10:25:16.598+0000][1][safepoint    ] Entering safepoint region: Cleanup
[2019-06-24T10:25:16.599+0000][1][safepoint    ] Leaving safepoint region
[2019-06-24T10:25:16.599+0000][1][safepoint    ] Total time for which application threads were stopped: 0.0013212 seconds, Stopping threads took: 0.0010529 seconds
[2019-06-24T10:25:17.599+0000][1][safepoint    ] Application time: 1.0002511 seconds
[2019-06-24T10:25:17.599+0000][1][safepoint    ] Entering safepoint region: Cleanup
[2019-06-24T10:25:17.600+0000][1][safepoint    ] Leaving safepoint region
[2019-06-24T10:25:17.600+0000][1][safepoint    ] Total time for which application threads were stopped: 0.0003454 seconds, Stopping threads took: 0.0000828 seconds
[2019-06-24T10:25:18.600+0000][1][safepoint    ] Application time: 1.0002326 seconds
[2019-06-24T10:25:18.600+0000][1][safepoint    ] Entering safepoint region: Cleanup
[2019-06-24T10:25:18.600+0000][1][safepoint    ] Leaving safepoint region
[2019-06-24T10:25:18.600+0000][1][safepoint    ] Total time for which application threads were stopped: 0.0003305 seconds, Stopping threads took: 0.0000828 seconds
[2019-06-24T10:25:19.601+0000][1][safepoint    ] Application time: 1.0002109 seconds
[2019-06-24T10:25:19.601+0000][1][safepoint    ] Entering safepoint region: Cleanup
[2019-06-24T10:25:19.601+0000][1][safepoint    ] Leaving safepoint region
[2019-06-24T10:25:19.601+0000][1][safepoint    ] Total time for which application threads were stopped: 0.0002880 seconds, Stopping threads took: 0.0000724 seconds
[2019-06-24T10:25:20.601+0000][1][safepoint    ] Application time: 1.0001689 seconds
[2019-06-24T10:25:20.601+0000][1][safepoint    ] Entering safepoint region: Cleanup
[2019-06-24T10:25:20.602+0000][1][safepoint    ] Leaving safepoint region
[2019-06-24T10:25:20.602+0000][1][safepoint    ] Total time for which application threads were stopped: 0.0005604 seconds, Stopping threads took: 0.0001265 seconds
[2019-06-24T10:25:21.602+0000][1][safepoint    ] Application time: 1.0002841 seconds
[2019-06-24T10:25:21.602+0000][1][safepoint    ] Entering safepoint region: Cleanup
[2019-06-24T10:25:21.604+0000][1][safepoint    ] Leaving safepoint region
[2019-06-24T10:25:21.604+0000][1][safepoint    ] Total time for which application threads were stopped: 0.0013780 seconds, Stopping threads took: 0.0011096 seconds
[2019-06-24T10:25:22.604+0000][1][safepoint    ] Application time: 1.0002810 seconds
[2019-06-24T10:25:22.604+0000][1][safepoint    ] Entering safepoint region: Cleanup
[2019-06-24T10:25:22.605+0000][1][safepoint    ] Leaving safepoint region
[2019-06-24T10:25:22.605+0000][1][safepoint    ] Total time for which application threads were stopped: 0.0005022 seconds, Stopping threads took: 0.0001279 seconds
[2019-06-24T10:25:23.605+0000][1][safepoint    ] Application time: 1.0002711 seconds
[2019-06-24T10:25:23.605+0000][1][safepoint    ] Entering safepoint region: Cleanup
[2019-06-24T10:25:23.605+0000][1][safepoint    ] Leaving safepoint region
[2019-06-24T10:25:23.606+0000][1][safepoint    ] Total time for which application threads were stopped: 0.0003713 seconds, Stopping threads took: 0.0000725 seconds
[2019-06-24T10:25:24.606+0000][1][safepoint    ] Application time: 1.0003081 seconds
[2019-06-24T10:25:24.606+0000][1][safepoint    ] Entering safepoint region: Cleanup
[2019-06-24T10:25:24.606+0000][1][safepoint    ] Leaving safepoint region
[2019-06-24T10:25:24.606+0000][1][safepoint    ] Total time for which application threads were stopped: 0.0001261 seconds, Stopping threads took: 0.0000415 seconds
[2019-06-24T10:25:25.168+0000][1][safepoint    ] Application time: 0.5618307 seconds
[2019-06-24T10:25:25.168+0000][1][safepoint    ] Entering safepoint region: GenCollectForAllocation
[2019-06-24T10:25:25.168+0000][1][gc,start     ] GC(47) Pause Young (Allocation Failure)
[2019-06-24T10:25:25.168+0000][1][gc,task      ] GC(47) Using 5 workers of 8 for evacuation
[2019-06-24T10:25:25.171+0000][1][gc,age       ] GC(47) Desired survivor size 4456448 bytes, new threshold 6 (max threshold 6)
[2019-06-24T10:25:25.171+0000][1][gc,age       ] GC(47) Age table with threshold 6 (max threshold 6)
[2019-06-24T10:25:25.171+0000][1][gc,age       ] GC(47) - age   1:      15024 bytes,      15024 total
[2019-06-24T10:25:25.171+0000][1][gc,age       ] GC(47) - age   2:        368 bytes,      15392 total
[2019-06-24T10:25:25.171+0000][1][gc,age       ] GC(47) - age   3:         64 bytes,      15456 total
[2019-06-24T10:25:25.171+0000][1][gc,age       ] GC(47) - age   4:         32 bytes,      15488 total
[2019-06-24T10:25:25.171+0000][1][gc,age       ] GC(47) - age   5:       1392 bytes,      16880 total
[2019-06-24T10:25:25.171+0000][1][gc,heap      ] GC(47) ParNew: 69966K->24K(78656K)
[2019-06-24T10:25:25.171+0000][1][gc,heap      ] GC(47) CMS: 70575K->70575K(174784K)
[2019-06-24T10:25:25.171+0000][1][gc,metaspace ] GC(47) Metaspace: 70544K->70544K(1114112K)
[2019-06-24T10:25:25.171+0000][1][gc           ] GC(47) Pause Young (Allocation Failure) 137M->68M(247M) 2.947ms
[2019-06-24T10:25:25.171+0000][1][gc,cpu       ] GC(47) User=0.00s Sys=0.00s Real=0.00s
[2019-06-24T10:25:25.171+0000][1][safepoint    ] Leaving safepoint region
[2019-06-24T10:25:25.171+0000][1][safepoint    ] Total time for which application threads were stopped: 0.0034701 seconds, Stopping threads took: 0.0000714 seconds
[2019-06-24T10:25:26.172+0000][1][safepoint    ] Application time: 1.0002640 seconds
[2019-06-24T10:25:26.172+0000][1][safepoint    ] Entering safepoint region: Cleanup
[2019-06-24T10:25:26.172+0000][1][safepoint    ] Leaving safepoint region
[2019-06-24T10:25:26.172+0000][1][safepoint    ] Total time for which application threads were stopped: 0.0002882 seconds, Stopping threads took: 0.0000732 seconds
[2019-06-24T10:25:27.172+0000][1][safepoint    ] Application time: 1.0001818 seconds
[2019-06-24T10:25:27.173+0000][1][safepoint    ] Entering safepoint region: Cleanup
[2019-06-24T10:25:27.173+0000][1][safepoint    ] Leaving safepoint region
[2019-06-24T10:25:27.173+0000][1][safepoint    ] Total time for which application threads were stopped: 0.0003691 seconds, Stopping threads took: 0.0001690 seconds
[2019-06-24T10:25:28.173+0000][1][safepoint    ] Application time: 1.0002382 seconds
[2019-06-24T10:25:28.173+0000][1][safepoint    ] Entering safepoint region: Cleanup
[2019-06-24T10:25:28.173+0000][1][safepoint    ] Leaving safepoint region
[2019-06-24T10:25:28.173+0000][1][safepoint    ] Total time for which application threads were stopped: 0.0001495 seconds, Stopping threads took: 0.0000372 seconds
[2019-06-24T10:25:29.174+0000][1][safepoint    ] Application time: 1.0002514 seconds
[2019-06-24T10:25:29.174+0000][1][safepoint    ] Entering safepoint region: Cleanup
[2019-06-24T10:25:29.174+0000][1][safepoint    ] Leaving safepoint region
[2019-06-24T10:25:29.174+0000][1][safepoint    ] Total time for which application threads were stopped: 0.0002881 seconds, Stopping threads took: 0.0000716 seconds
[2019-06-24T10:25:30.174+0000][1][safepoint    ] Application time: 1.0002130 seconds
[2019-06-24T10:25:30.175+0000][1][safepoint    ] Entering safepoint region: Cleanup
[2019-06-24T10:25:30.175+0000][1][safepoint    ] Leaving safepoint region
[2019-06-24T10:25:30.175+0000][1][safepoint    ] Total time for which application threads were stopped: 0.0003713 seconds, Stopping threads took: 0.0001745 seconds
[2019-06-24T10:25:31.175+0000][1][safepoint    ] Application time: 1.0002752 seconds
[2019-06-24T10:25:31.175+0000][1][safepoint    ] Entering safepoint region: Cleanup
[2019-06-24T10:25:31.176+0000][1][safepoint    ] Leaving safepoint region
[2019-06-24T10:25:31.176+0000][1][safepoint    ] Total time for which application threads were stopped: 0.0003654 seconds, Stopping threads took: 0.0000705 seconds
[2019-06-24T10:25:32.176+0000][1][safepoint    ] Application time: 1.0002655 seconds
[2019-06-24T10:25:32.176+0000][1][safepoint    ] Entering safepoint region: Cleanup
[2019-06-24T10:25:32.176+0000][1][safepoint    ] Leaving safepoint region
[2019-06-24T10:25:32.176+0000][1][safepoint    ] Total time for which application threads were stopped: 0.0003699 seconds, Stopping threads took: 0.0000714 seconds
[2019-06-24T10:25:33.177+0000][1][safepoint    ] Application time: 1.0002176 seconds
[2019-06-24T10:25:33.177+0000][1][safepoint    ] Entering safepoint region: Cleanup
[2019-06-24T10:25:33.177+0000][1][safepoint    ] Leaving safepoint region
[2019-06-24T10:25:33.177+0000][1][safepoint    ] Total time for which application threads were stopped: 0.0003454 seconds, Stopping threads took: 0.0001000 seconds
[2019-06-24T10:25:34.177+0000][1][safepoint    ] Application time: 1.0002042 seconds
[2019-06-24T10:25:34.178+0000][1][safepoint    ] Entering safepoint region: Cleanup
[2019-06-24T10:25:34.178+0000][1][safepoint    ] Leaving safepoint region
[2019-06-24T10:25:34.178+0000][1][safepoint    ] Total time for which application threads were stopped: 0.0003571 seconds, Stopping threads took: 0.0001110 seconds
[2019-06-24T10:25:35.178+0000][1][safepoint    ] Application time: 1.0002575 seconds
[2019-06-24T10:25:35.178+0000][1][safepoint    ] Entering safepoint region: Cleanup
[2019-06-24T10:25:35.179+0000][1][safepoint    ] Leaving safepoint region
[2019-06-24T10:25:35.179+0000][1][safepoint    ] Total time for which application threads were stopped: 0.0003822 seconds, Stopping threads took: 0.0000722 seconds
[2019-06-24T10:25:36.179+0000][1][safepoint    ] Application time: 1.0001421 seconds
[2019-06-24T10:25:36.179+0000][1][safepoint    ] Entering safepoint region: Cleanup
[2019-06-24T10:25:36.179+0000][1][safepoint    ] Leaving safepoint region
[2019-06-24T10:25:36.179+0000][1][safepoint    ] Total time for which application threads were stopped: 0.0002882 seconds, Stopping threads took: 0.0000710 seconds
[2019-06-24T10:25:37.900+0000][1][safepoint    ] Application time: 1.7206055 seconds
[2019-06-24T10:25:37.900+0000][1][safepoint    ] Entering safepoint region: Cleanup
[2019-06-24T10:25:37.900+0000][1][safepoint    ] Leaving safepoint region
[2019-06-24T10:25:37.900+0000][1][safepoint    ] Total time for which application threads were stopped: 0.0001750 seconds, Stopping threads took: 0.0000435 seconds
[2019-06-24T10:25:38.900+0000][1][safepoint    ] Application time: 1.0001472 seconds
[2019-06-24T10:25:38.900+0000][1][safepoint    ] Entering safepoint region: Cleanup
[2019-06-24T10:25:38.900+0000][1][safepoint    ] Leaving safepoint region
[2019-06-24T10:25:38.901+0000][1][safepoint    ] Total time for which application threads were stopped: 0.0001827 seconds, Stopping threads took: 0.0000454 seconds
[2019-06-24T10:25:39.901+0000][1][safepoint    ] Application time: 1.0001240 seconds
[2019-06-24T10:25:39.901+0000][1][safepoint    ] Entering safepoint region: Cleanup
[2019-06-24T10:25:39.901+0000][1][safepoint    ] Leaving safepoint region
[2019-06-24T10:25:39.901+0000][1][safepoint    ] Total time for which application threads were stopped: 0.0001106 seconds, Stopping threads took: 0.0000319 seconds
[2019-06-24T10:25:40.901+0000][1][safepoint    ] Application time: 1.0001701 seconds
[2019-06-24T10:25:40.901+0000][1][safepoint    ] Entering safepoint region: Cleanup
[2019-06-24T10:25:40.901+0000][1][safepoint    ] Leaving safepoint region
[2019-06-24T10:25:40.901+0000][1][safepoint    ] Total time for which application threads were stopped: 0.0002769 seconds, Stopping threads took: 0.0000814 seconds
[2019-06-24T10:25:41.902+0000][1][safepoint    ] Application time: 1.0001114 seconds
[2019-06-24T10:25:41.902+0000][1][safepoint    ] Entering safepoint region: Cleanup
[2019-06-24T10:25:41.902+0000][1][safepoint    ] Leaving safepoint region
[2019-06-24T10:25:41.902+0000][1][safepoint    ] Total time for which application threads were stopped: 0.0001903 seconds, Stopping threads took: 0.0000486 seconds
[2019-06-24T10:25:42.902+0000][1][safepoint    ] Application time: 1.0001367 seconds
[2019-06-24T10:25:42.902+0000][1][safepoint    ] Entering safepoint region: Cleanup
[2019-06-24T10:25:42.902+0000][1][safepoint    ] Leaving safepoint region
[2019-06-24T10:25:42.902+0000][1][safepoint    ] Total time for which application threads were stopped: 0.0001897 seconds, Stopping threads took: 0.0000477 seconds
[2019-06-24T10:25:43.902+0000][1][safepoint    ] Application time: 1.0001761 seconds
[2019-06-24T10:25:43.903+0000][1][safepoint    ] Entering safepoint region: Cleanup
[2019-06-24T10:25:43.903+0000][1][safepoint    ] Leaving safepoint region
[2019-06-24T10:25:43.903+0000][1][safepoint    ] Total time for which application threads were stopped: 0.0003090 seconds, Stopping threads took: 0.0000883 seconds
[2019-06-24T10:25:44.903+0000][1][safepoint    ] Application time: 1.0001885 seconds
[2019-06-24T10:25:44.903+0000][1][safepoint    ] Entering safepoint region: Cleanup
[2019-06-24T10:25:44.904+0000][1][safepoint    ] Leaving safepoint region
[2019-06-24T10:25:44.904+0000][1][safepoint    ] Total time for which application threads were stopped: 0.0002694 seconds, Stopping threads took: 0.0000722 seconds
[2019-06-24T10:25:45.904+0000][1][safepoint    ] Application time: 1.0002678 seconds
[2019-06-24T10:25:45.904+0000][1][safepoint    ] Entering safepoint region: Cleanup
[2019-06-24T10:25:45.904+0000][1][safepoint    ] Leaving safepoint region
[2019-06-24T10:25:45.904+0000][1][safepoint    ] Total time for which application threads were stopped: 0.0002812 seconds, Stopping threads took: 0.0000713 seconds
[2019-06-24T10:25:46.905+0000][1][safepoint    ] Application time: 1.0001538 seconds
[2019-06-24T10:25:46.905+0000][1][safepoint    ] Entering safepoint region: Cleanup
[2019-06-24T10:25:46.905+0000][1][safepoint    ] Leaving safepoint region
[2019-06-24T10:25:46.905+0000][1][safepoint    ] Total time for which application threads were stopped: 0.0004003 seconds, Stopping threads took: 0.0000993 seconds
[2019-06-24T10:25:47.905+0000][1][safepoint    ] Application time: 1.0003393 seconds
[2019-06-24T10:25:47.906+0000][1][safepoint    ] Entering safepoint region: Cleanup
[2019-06-24T10:25:47.906+0000][1][safepoint    ] Leaving safepoint region
[2019-06-24T10:25:47.906+0000][1][safepoint    ] Total time for which application threads were stopped: 0.0003249 seconds, Stopping threads took: 0.0000896 seconds
[2019-06-24T10:25:48.906+0000][1][safepoint    ] Application time: 1.0002017 seconds
[2019-06-24T10:25:48.906+0000][1][safepoint    ] Entering safepoint region: Cleanup
[2019-06-24T10:25:48.907+0000][1][safepoint    ] Leaving safepoint region
[2019-06-24T10:25:48.907+0000][1][safepoint    ] Total time for which application threads were stopped: 0.0003968 seconds, Stopping threads took: 0.0000722 seconds
[2019-06-24T10:25:49.907+0000][1][safepoint    ] Application time: 1.0001389 seconds
[2019-06-24T10:25:49.907+0000][1][safepoint    ] Entering safepoint region: Cleanup
[2019-06-24T10:25:49.907+0000][1][safepoint    ] Leaving safepoint region
[2019-06-24T10:25:49.907+0000][1][safepoint    ] Total time for which application threads were stopped: 0.0001095 seconds, Stopping threads took: 0.0000283 seconds
[2019-06-24T10:25:50.907+0000][1][safepoint    ] Application time: 1.0001119 seconds
[2019-06-24T10:25:50.907+0000][1][safepoint    ] Entering safepoint region: Cleanup
[2019-06-24T10:25:50.907+0000][1][safepoint    ] Leaving safepoint region
[2019-06-24T10:25:50.907+0000][1][safepoint    ] Total time for which application threads were stopped: 0.0002118 seconds, Stopping threads took: 0.0000535 seconds
[2019-06-24T10:25:51.908+0000][1][safepoint    ] Application time: 1.0002070 seconds
[2019-06-24T10:25:51.908+0000][1][safepoint    ] Entering safepoint region: Cleanup
[2019-06-24T10:25:51.909+0000][1][safepoint    ] Leaving safepoint region
[2019-06-24T10:25:51.909+0000][1][safepoint    ] Total time for which application threads were stopped: 0.0012495 seconds, Stopping threads took: 0.0009300 seconds
[2019-06-24T10:25:52.909+0000][1][safepoint    ] Application time: 1.0002542 seconds
[2019-06-24T10:25:52.909+0000][1][safepoint    ] Entering safepoint region: Cleanup
[2019-06-24T10:25:52.910+0000][1][safepoint    ] Leaving safepoint region
[2019-06-24T10:25:52.910+0000][1][safepoint    ] Total time for which application threads were stopped: 0.0002876 seconds, Stopping threads took: 0.0000712 seconds
[2019-06-24T10:25:53.910+0000][1][safepoint    ] Application time: 1.0001608 seconds
[2019-06-24T10:25:53.910+0000][1][safepoint    ] Entering safepoint region: Cleanup
[2019-06-24T10:25:53.910+0000][1][safepoint    ] Leaving safepoint region
[2019-06-24T10:25:53.910+0000][1][safepoint    ] Total time for which application threads were stopped: 0.0002855 seconds, Stopping threads took: 0.0000786 seconds
[2019-06-24T10:25:54.910+0000][1][safepoint    ] Application time: 1.0001010 seconds
[2019-06-24T10:25:54.911+0000][1][safepoint    ] Entering safepoint region: Cleanup
[2019-06-24T10:25:54.911+0000][1][safepoint    ] Leaving safepoint region
[2019-06-24T10:25:54.911+0000][1][safepoint    ] Total time for which application threads were stopped: 0.0001702 seconds, Stopping threads took: 0.0000489 seconds
[2019-06-24T10:25:55.911+0000][1][safepoint    ] Application time: 1.0001579 seconds
[2019-06-24T10:25:55.911+0000][1][safepoint    ] Entering safepoint region: Cleanup
[2019-06-24T10:25:55.911+0000][1][safepoint    ] Leaving safepoint region
[2019-06-24T10:25:55.911+0000][1][safepoint    ] Total time for which application threads were stopped: 0.0003145 seconds, Stopping threads took: 0.0001070 seconds
[2019-06-24T10:25:56.912+0000][1][safepoint    ] Application time: 1.0001599 seconds
[2019-06-24T10:25:56.912+0000][1][safepoint    ] Entering safepoint region: Cleanup
[2019-06-24T10:25:56.913+0000][1][safepoint    ] Leaving safepoint region
[2019-06-24T10:25:56.913+0000][1][safepoint    ] Total time for which application threads were stopped: 0.0010683 seconds, Stopping threads took: 0.0008802 seconds
[2019-06-24T10:25:57.913+0000][1][safepoint    ] Application time: 1.0002476 seconds
[2019-06-24T10:25:57.913+0000][1][safepoint    ] Entering safepoint region: Cleanup
[2019-06-24T10:25:57.913+0000][1][safepoint    ] Leaving safepoint region
[2019-06-24T10:25:57.913+0000][1][safepoint    ] Total time for which application threads were stopped: 0.0003080 seconds, Stopping threads took: 0.0000761 seconds
[2019-06-24T10:25:58.914+0000][1][safepoint    ] Application time: 1.0002872 seconds
[2019-06-24T10:25:58.914+0000][1][safepoint    ] Entering safepoint region: Cleanup
[2019-06-24T10:25:58.914+0000][1][safepoint    ] Leaving safepoint region
[2019-06-24T10:25:58.914+0000][1][safepoint    ] Total time for which application threads were stopped: 0.0003342 seconds, Stopping threads took: 0.0000870 seconds
[2019-06-24T10:25:59.914+0000][1][safepoint    ] Application time: 1.0002705 seconds
[2019-06-24T10:25:59.915+0000][1][safepoint    ] Entering safepoint region: Cleanup
[2019-06-24T10:25:59.915+0000][1][safepoint    ] Leaving safepoint region
[2019-06-24T10:25:59.915+0000][1][safepoint    ] Total time for which application threads were stopped: 0.0001601 seconds, Stopping threads took: 0.0000387 seconds
[2019-06-24T10:26:00.915+0000][1][safepoint    ] Application time: 1.0001345 seconds
[2019-06-24T10:26:00.915+0000][1][safepoint    ] Entering safepoint region: Cleanup
[2019-06-24T10:26:00.915+0000][1][safepoint    ] Leaving safepoint region
[2019-06-24T10:26:00.915+0000][1][safepoint    ] Total time for which application threads were stopped: 0.0004397 seconds, Stopping threads took: 0.0001032 seconds
[2019-06-24T10:26:01.916+0000][1][safepoint    ] Application time: 1.0002396 seconds
[2019-06-24T10:26:01.916+0000][1][safepoint    ] Entering safepoint region: Cleanup
[2019-06-24T10:26:01.916+0000][1][safepoint    ] Leaving safepoint region
[2019-06-24T10:26:01.916+0000][1][safepoint    ] Total time for which application threads were stopped: 0.0002770 seconds, Stopping threads took: 0.0001296 seconds
[2019-06-24T10:26:02.916+0000][1][safepoint    ] Application time: 1.0000957 seconds
[2019-06-24T10:26:02.916+0000][1][safepoint    ] Entering safepoint region: Cleanup
[2019-06-24T10:26:02.916+0000][1][safepoint    ] Leaving safepoint region
[2019-06-24T10:26:02.916+0000][1][safepoint    ] Total time for which application threads were stopped: 0.0001590 seconds, Stopping threads took: 0.0000378 seconds
[2019-06-24T10:26:03.917+0000][1][safepoint    ] Application time: 1.0002453 seconds
[2019-06-24T10:26:03.917+0000][1][safepoint    ] Entering safepoint region: Cleanup
[2019-06-24T10:26:03.917+0000][1][safepoint    ] Leaving safepoint region
[2019-06-24T10:26:03.917+0000][1][safepoint    ] Total time for which application threads were stopped: 0.0002889 seconds, Stopping threads took: 0.0000703 seconds
[2019-06-24T10:26:04.917+0000][1][safepoint    ] Application time: 1.0001645 seconds
[2019-06-24T10:26:04.917+0000][1][safepoint    ] Entering safepoint region: Cleanup
[2019-06-24T10:26:04.917+0000][1][safepoint    ] Leaving safepoint region
[2019-06-24T10:26:04.918+0000][1][safepoint    ] Total time for which application threads were stopped: 0.0002575 seconds, Stopping threads took: 0.0000504 seconds
[2019-06-24T10:26:05.918+0000][1][safepoint    ] Application time: 1.0003521 seconds
[2019-06-24T10:26:05.918+0000][1][safepoint    ] Entering safepoint region: Cleanup
[2019-06-24T10:26:05.918+0000][1][safepoint    ] Leaving safepoint region
[2019-06-24T10:26:05.918+0000][1][safepoint    ] Total time for which application threads were stopped: 0.0003639 seconds, Stopping threads took: 0.0000897 seconds
[2019-06-24T10:26:06.919+0000][1][safepoint    ] Application time: 1.0002968 seconds
[2019-06-24T10:26:06.919+0000][1][safepoint    ] Entering safepoint region: Cleanup
[2019-06-24T10:26:06.920+0000][1][safepoint    ] Leaving safepoint region
[2019-06-24T10:26:06.920+0000][1][safepoint    ] Total time for which application threads were stopped: 0.0013596 seconds, Stopping threads took: 0.0009634 seconds
[2019-06-24T10:26:07.921+0000][1][safepoint    ] Application time: 1.0002187 seconds
[2019-06-24T10:26:07.921+0000][1][safepoint    ] Entering safepoint region: Cleanup
[2019-06-24T10:26:07.921+0000][1][safepoint    ] Leaving safepoint region
[2019-06-24T10:26:07.921+0000][1][safepoint    ] Total time for which application threads were stopped: 0.0003162 seconds, Stopping threads took: 0.0000926 seconds
[2019-06-24T10:26:08.921+0000][1][safepoint    ] Application time: 1.0002608 seconds
[2019-06-24T10:26:08.921+0000][1][safepoint    ] Entering safepoint region: Cleanup
[2019-06-24T10:26:08.922+0000][1][safepoint    ] Leaving safepoint region
[2019-06-24T10:26:08.922+0000][1][safepoint    ] Total time for which application threads were stopped: 0.0003559 seconds, Stopping threads took: 0.0001146 seconds
[2019-06-24T10:26:09.922+0000][1][safepoint    ] Application time: 1.0001346 seconds
[2019-06-24T10:26:09.922+0000][1][safepoint    ] Entering safepoint region: Cleanup
[2019-06-24T10:26:09.922+0000][1][safepoint    ] Leaving safepoint region
[2019-06-24T10:26:09.922+0000][1][safepoint    ] Total time for which application threads were stopped: 0.0003197 seconds, Stopping threads took: 0.0001171 seconds
[2019-06-24T10:26:10.923+0000][1][safepoint    ] Application time: 1.0002725 seconds
[2019-06-24T10:26:10.923+0000][1][safepoint    ] Entering safepoint region: Cleanup
[2019-06-24T10:26:10.923+0000][1][safepoint    ] Leaving safepoint region
[2019-06-24T10:26:10.923+0000][1][safepoint    ] Total time for which application threads were stopped: 0.0002949 seconds, Stopping threads took: 0.0000725 seconds
[2019-06-24T10:26:11.923+0000][1][safepoint    ] Application time: 1.0002769 seconds
[2019-06-24T10:26:11.923+0000][1][safepoint    ] Entering safepoint region: Cleanup
[2019-06-24T10:26:11.925+0000][1][safepoint    ] Leaving safepoint region
[2019-06-24T10:26:11.925+0000][1][safepoint    ] Total time for which application threads were stopped: 0.0013195 seconds, Stopping threads took: 0.0009905 seconds
[2019-06-24T10:26:12.925+0000][1][safepoint    ] Application time: 1.0002119 seconds
[2019-06-24T10:26:12.925+0000][1][safepoint    ] Entering safepoint region: Cleanup
[2019-06-24T10:26:12.925+0000][1][safepoint    ] Leaving safepoint region
[2019-06-24T10:26:12.925+0000][1][safepoint    ] Total time for which application threads were stopped: 0.0003461 seconds, Stopping threads took: 0.0001135 seconds
[2019-06-24T10:26:13.926+0000][1][safepoint    ] Application time: 1.0001970 seconds
[2019-06-24T10:26:13.926+0000][1][safepoint    ] Entering safepoint region: Cleanup
[2019-06-24T10:26:13.926+0000][1][safepoint    ] Leaving safepoint region
[2019-06-24T10:26:13.926+0000][1][safepoint    ] Total time for which application threads were stopped: 0.0002772 seconds, Stopping threads took: 0.0000718 seconds
[2019-06-24T10:26:14.926+0000][1][safepoint    ] Application time: 1.0001136 seconds
[2019-06-24T10:26:14.926+0000][1][safepoint    ] Entering safepoint region: Cleanup
[2019-06-24T10:26:14.927+0000][1][safepoint    ] Leaving safepoint region
[2019-06-24T10:26:14.927+0000][1][safepoint    ] Total time for which application threads were stopped: 0.0003958 seconds, Stopping threads took: 0.0000422 seconds
[2019-06-24T10:26:15.927+0000][1][safepoint    ] Application time: 1.0002354 seconds
[2019-06-24T10:26:15.927+0000][1][safepoint    ] Entering safepoint region: Cleanup
[2019-06-24T10:26:15.927+0000][1][safepoint    ] Leaving safepoint region
[2019-06-24T10:26:15.927+0000][1][safepoint    ] Total time for which application threads were stopped: 0.0003580 seconds, Stopping threads took: 0.0001119 seconds
[2019-06-24T10:26:16.928+0000][1][safepoint    ] Application time: 1.0002639 seconds
[2019-06-24T10:26:16.928+0000][1][safepoint    ] Entering safepoint region: Cleanup
[2019-06-24T10:26:16.929+0000][1][safepoint    ] Leaving safepoint region
[2019-06-24T10:26:16.929+0000][1][safepoint    ] Total time for which application threads were stopped: 0.0012778 seconds, Stopping threads took: 0.0009528 seconds
[2019-06-24T10:26:17.929+0000][1][safepoint    ] Application time: 1.0001671 seconds
[2019-06-24T10:26:17.929+0000][1][safepoint    ] Entering safepoint region: Cleanup
[2019-06-24T10:26:17.930+0000][1][safepoint    ] Leaving safepoint region
[2019-06-24T10:26:17.930+0000][1][safepoint    ] Total time for which application threads were stopped: 0.0002582 seconds, Stopping threads took: 0.0000644 seconds
[2019-06-24T10:26:18.930+0000][1][safepoint    ] Application time: 1.0001354 seconds
[2019-06-24T10:26:18.930+0000][1][safepoint    ] Entering safepoint region: Cleanup
[2019-06-24T10:26:18.930+0000][1][safepoint    ] Leaving safepoint region
[2019-06-24T10:26:18.930+0000][1][safepoint    ] Total time for which application threads were stopped: 0.0003211 seconds, Stopping threads took: 0.0000774 seconds
[2019-06-24T10:26:19.931+0000][1][safepoint    ] Application time: 1.0001802 seconds
[2019-06-24T10:26:19.931+0000][1][safepoint    ] Entering safepoint region: Cleanup
[2019-06-24T10:26:19.931+0000][1][safepoint    ] Leaving safepoint region
[2019-06-24T10:26:19.931+0000][1][safepoint    ] Total time for which application threads were stopped: 0.0002142 seconds, Stopping threads took: 0.0000701 seconds
[2019-06-24T10:26:20.931+0000][1][safepoint    ] Application time: 1.0001868 seconds
[2019-06-24T10:26:20.931+0000][1][safepoint    ] Entering safepoint region: Cleanup
[2019-06-24T10:26:20.931+0000][1][safepoint    ] Leaving safepoint region
[2019-06-24T10:26:20.931+0000][1][safepoint    ] Total time for which application threads were stopped: 0.0003196 seconds, Stopping threads took: 0.0000894 seconds
[2019-06-24T10:26:21.932+0000][1][safepoint    ] Application time: 1.0001767 seconds
[2019-06-24T10:26:21.932+0000][1][safepoint    ] Entering safepoint region: Cleanup
[2019-06-24T10:26:21.933+0000][1][safepoint    ] Leaving safepoint region
[2019-06-24T10:26:21.933+0000][1][safepoint    ] Total time for which application threads were stopped: 0.0011575 seconds, Stopping threads took: 0.0008790 seconds
[2019-06-24T10:26:22.933+0000][1][safepoint    ] Application time: 1.0002638 seconds
[2019-06-24T10:26:22.933+0000][1][safepoint    ] Entering safepoint region: Cleanup
[2019-06-24T10:26:22.934+0000][1][safepoint    ] Leaving safepoint region
[2019-06-24T10:26:22.934+0000][1][safepoint    ] Total time for which application threads were stopped: 0.0003008 seconds, Stopping threads took: 0.0000742 seconds
[2019-06-24T10:26:23.934+0000][1][safepoint    ] Application time: 1.0001388 seconds
[2019-06-24T10:26:23.934+0000][1][safepoint    ] Entering safepoint region: Cleanup
[2019-06-24T10:26:23.934+0000][1][safepoint    ] Leaving safepoint region
[2019-06-24T10:26:23.934+0000][1][safepoint    ] Total time for which application threads were stopped: 0.0001180 seconds, Stopping threads took: 0.0000306 seconds
[2019-06-24T10:26:24.934+0000][1][safepoint    ] Application time: 1.0001844 seconds
[2019-06-24T10:26:24.934+0000][1][safepoint    ] Entering safepoint region: Cleanup
[2019-06-24T10:26:24.935+0000][1][safepoint    ] Leaving safepoint region
[2019-06-24T10:26:24.935+0000][1][safepoint    ] Total time for which application threads were stopped: 0.0004113 seconds, Stopping threads took: 0.0000708 seconds
[2019-06-24T10:26:25.935+0000][1][safepoint    ] Application time: 1.0002143 seconds
[2019-06-24T10:26:25.935+0000][1][safepoint    ] Entering safepoint region: Cleanup
[2019-06-24T10:26:25.935+0000][1][safepoint    ] Leaving safepoint region
[2019-06-24T10:26:25.935+0000][1][safepoint    ] Total time for which application threads were stopped: 0.0002998 seconds, Stopping threads took: 0.0000749 seconds
[2019-06-24T10:26:26.936+0000][1][safepoint    ] Application time: 1.0002564 seconds
[2019-06-24T10:26:26.936+0000][1][safepoint    ] Entering safepoint region: Cleanup
[2019-06-24T10:26:26.937+0000][1][safepoint    ] Leaving safepoint region
[2019-06-24T10:26:26.937+0000][1][safepoint    ] Total time for which application threads were stopped: 0.0012435 seconds, Stopping threads took: 0.0009838 seconds
[2019-06-24T10:26:27.937+0000][1][safepoint    ] Application time: 1.0001233 seconds
[2019-06-24T10:26:27.937+0000][1][safepoint    ] Entering safepoint region: Cleanup
[2019-06-24T10:26:27.937+0000][1][safepoint    ] Leaving safepoint region
[2019-06-24T10:26:27.938+0000][1][safepoint    ] Total time for which application threads were stopped: 0.0002708 seconds, Stopping threads took: 0.0000802 seconds
[2019-06-24T10:26:28.938+0000][1][safepoint    ] Application time: 1.0002173 seconds
[2019-06-24T10:26:28.938+0000][1][safepoint    ] Entering safepoint region: Cleanup
[2019-06-24T10:26:28.938+0000][1][safepoint    ] Leaving safepoint region
[2019-06-24T10:26:28.938+0000][1][safepoint    ] Total time for which application threads were stopped: 0.0003048 seconds, Stopping threads took: 0.0000784 seconds
[2019-06-24T10:26:30.003+0000][1][safepoint    ] Application time: 1.0652371 seconds
[2019-06-24T10:26:30.004+0000][1][safepoint    ] Entering safepoint region: Cleanup
[2019-06-24T10:26:30.004+0000][1][safepoint    ] Leaving safepoint region
[2019-06-24T10:26:30.004+0000][1][safepoint    ] Total time for which application threads were stopped: 0.0002319 seconds, Stopping threads took: 0.0001101 seconds
[2019-06-24T10:26:31.004+0000][1][safepoint    ] Application time: 1.0002538 seconds
[2019-06-24T10:26:31.004+0000][1][safepoint    ] Entering safepoint region: Cleanup
[2019-06-24T10:26:31.004+0000][1][safepoint    ] Leaving safepoint region
[2019-06-24T10:26:31.004+0000][1][safepoint    ] Total time for which application threads were stopped: 0.0002753 seconds, Stopping threads took: 0.0000816 seconds
[2019-06-24T10:26:32.005+0000][1][safepoint    ] Application time: 1.0002659 seconds
[2019-06-24T10:26:32.005+0000][1][safepoint    ] Entering safepoint region: Cleanup
[2019-06-24T10:26:32.005+0000][1][safepoint    ] Leaving safepoint region
[2019-06-24T10:26:32.005+0000][1][safepoint    ] Total time for which application threads were stopped: 0.0003360 seconds, Stopping threads took: 0.0000747 seconds
[2019-06-24T10:26:33.005+0000][1][safepoint    ] Application time: 1.0002636 seconds
[2019-06-24T10:26:33.006+0000][1][safepoint    ] Entering safepoint region: Cleanup
[2019-06-24T10:26:33.006+0000][1][safepoint    ] Leaving safepoint region
[2019-06-24T10:26:33.006+0000][1][safepoint    ] Total time for which application threads were stopped: 0.0002733 seconds, Stopping threads took: 0.0000698 seconds
[2019-06-24T10:26:34.006+0000][1][safepoint    ] Application time: 1.0001814 seconds
[2019-06-24T10:26:34.006+0000][1][safepoint    ] Entering safepoint region: Cleanup
[2019-06-24T10:26:34.006+0000][1][safepoint    ] Leaving safepoint region
[2019-06-24T10:26:34.006+0000][1][safepoint    ] Total time for which application threads were stopped: 0.0002722 seconds, Stopping threads took: 0.0000682 seconds
[2019-06-24T10:26:35.007+0000][1][safepoint    ] Application time: 1.0002611 seconds
[2019-06-24T10:26:35.007+0000][1][safepoint    ] Entering safepoint region: Cleanup
[2019-06-24T10:26:35.007+0000][1][safepoint    ] Leaving safepoint region
[2019-06-24T10:26:35.007+0000][1][safepoint    ] Total time for which application threads were stopped: 0.0002723 seconds, Stopping threads took: 0.0000723 seconds
[2019-06-24T10:26:35.256+0000][1][safepoint    ] Application time: 0.2484195 seconds
[2019-06-24T10:26:35.256+0000][1][safepoint    ] Entering safepoint region: GenCollectForAllocation
[2019-06-24T10:26:35.256+0000][1][gc,start     ] GC(48) Pause Young (Allocation Failure)
[2019-06-24T10:26:35.256+0000][1][gc,task      ] GC(48) Using 5 workers of 8 for evacuation
[2019-06-24T10:26:35.258+0000][1][gc,age       ] GC(48) Desired survivor size 4456448 bytes, new threshold 6 (max threshold 6)
[2019-06-24T10:26:35.259+0000][1][gc,age       ] GC(48) Age table with threshold 6 (max threshold 6)
[2019-06-24T10:26:35.259+0000][1][gc,age       ] GC(48) - age   1:       6440 bytes,       6440 total
[2019-06-24T10:26:35.259+0000][1][gc,age       ] GC(48) - age   2:       9376 bytes,      15816 total
[2019-06-24T10:26:35.259+0000][1][gc,age       ] GC(48) - age   3:        336 bytes,      16152 total
[2019-06-24T10:26:35.259+0000][1][gc,age       ] GC(48) - age   4:         64 bytes,      16216 total
[2019-06-24T10:26:35.259+0000][1][gc,age       ] GC(48) - age   5:         32 bytes,      16248 total
[2019-06-24T10:26:35.259+0000][1][gc,age       ] GC(48) - age   6:       1392 bytes,      17640 total
[2019-06-24T10:26:35.259+0000][1][gc,heap      ] GC(48) ParNew: 69976K->24K(78656K)
[2019-06-24T10:26:35.259+0000][1][gc,heap      ] GC(48) CMS: 70575K->70575K(174784K)
[2019-06-24T10:26:35.259+0000][1][gc,metaspace ] GC(48) Metaspace: 70557K->70557K(1114112K)
[2019-06-24T10:26:35.259+0000][1][gc           ] GC(48) Pause Young (Allocation Failure) 137M->68M(247M) 2.883ms
[2019-06-24T10:26:35.259+0000][1][gc,cpu       ] GC(48) User=0.00s Sys=0.00s Real=0.00s
[2019-06-24T10:26:35.259+0000][1][safepoint    ] Leaving safepoint region
[2019-06-24T10:26:35.259+0000][1][safepoint    ] Total time for which application threads were stopped: 0.0033841 seconds, Stopping threads took: 0.0000662 seconds
[2019-06-24T10:26:36.259+0000][1][safepoint    ] Application time: 1.0003039 seconds
[2019-06-24T10:26:36.259+0000][1][safepoint    ] Entering safepoint region: Cleanup
[2019-06-24T10:26:36.260+0000][1][safepoint    ] Leaving safepoint region
[2019-06-24T10:26:36.260+0000][1][safepoint    ] Total time for which application threads were stopped: 0.0001376 seconds, Stopping threads took: 0.0000515 seconds
[2019-06-24T10:26:37.260+0000][1][safepoint    ] Application time: 1.0001621 seconds
[2019-06-24T10:26:37.260+0000][1][safepoint    ] Entering safepoint region: Cleanup
[2019-06-24T10:26:37.260+0000][1][safepoint    ] Leaving safepoint region
[2019-06-24T10:26:37.260+0000][1][safepoint    ] Total time for which application threads were stopped: 0.0003432 seconds, Stopping threads took: 0.0000744 seconds
[2019-06-24T10:26:38.261+0000][1][safepoint    ] Application time: 1.0002860 seconds
[2019-06-24T10:26:38.261+0000][1][safepoint    ] Entering safepoint region: Cleanup
[2019-06-24T10:26:38.261+0000][1][safepoint    ] Leaving safepoint region
[2019-06-24T10:26:38.261+0000][1][safepoint    ] Total time for which application threads were stopped: 0.0004355 seconds, Stopping threads took: 0.0000880 seconds
[2019-06-24T10:26:39.261+0000][1][safepoint    ] Application time: 1.0002925 seconds
[2019-06-24T10:26:39.262+0000][1][safepoint    ] Entering safepoint region: Cleanup
[2019-06-24T10:26:39.262+0000][1][safepoint    ] Leaving safepoint region
[2019-06-24T10:26:39.262+0000][1][safepoint    ] Total time for which application threads were stopped: 0.0003545 seconds, Stopping threads took: 0.0000725 seconds
[2019-06-24T10:26:40.262+0000][1][safepoint    ] Application time: 1.0002406 seconds
[2019-06-24T10:26:40.263+0000][1][safepoint    ] Entering safepoint region: Cleanup
[2019-06-24T10:26:40.263+0000][1][safepoint    ] Leaving safepoint region
[2019-06-24T10:26:40.263+0000][1][safepoint    ] Total time for which application threads were stopped: 0.0005561 seconds, Stopping threads took: 0.0002852 seconds
[2019-06-24T10:26:41.263+0000][1][safepoint    ] Application time: 1.0003082 seconds
[2019-06-24T10:26:41.263+0000][1][safepoint    ] Entering safepoint region: Cleanup
[2019-06-24T10:26:41.264+0000][1][safepoint    ] Leaving safepoint region
[2019-06-24T10:26:41.264+0000][1][safepoint    ] Total time for which application threads were stopped: 0.0002905 seconds, Stopping threads took: 0.0000728 seconds
[2019-06-24T10:26:59.267+0000][1][safepoint    ] Application time: 18.0036742 seconds
[2019-06-24T10:26:59.268+0000][1][safepoint    ] Entering safepoint region: Cleanup
[2019-06-24T10:26:59.269+0000][1][safepoint    ] Leaving safepoint region
[2019-06-24T10:26:59.269+0000][1][safepoint    ] Total time for which application threads were stopped: 0.0003217 seconds, Stopping threads took: 0.0001011 seconds
[2019-06-24T10:27:48.069+0000][1][safepoint    ] Application time: 48.7998241 seconds
[2019-06-24T10:27:48.070+0000][1][safepoint    ] Entering safepoint region: GenCollectForAllocation
[2019-06-24T10:27:48.070+0000][1][gc,start     ] GC(49) Pause Young (Allocation Failure)
[2019-06-24T10:27:48.070+0000][1][gc,task      ] GC(49) Using 5 workers of 8 for evacuation
[2019-06-24T10:27:48.073+0000][1][gc,age       ] GC(49) Desired survivor size 4456448 bytes, new threshold 6 (max threshold 6)
[2019-06-24T10:27:48.073+0000][1][gc,age       ] GC(49) Age table with threshold 6 (max threshold 6)
[2019-06-24T10:27:48.073+0000][1][gc,age       ] GC(49) - age   1:       5672 bytes,       5672 total
[2019-06-24T10:27:48.073+0000][1][gc,age       ] GC(49) - age   2:        856 bytes,       6528 total
[2019-06-24T10:27:48.073+0000][1][gc,age       ] GC(49) - age   3:       9344 bytes,      15872 total
[2019-06-24T10:27:48.073+0000][1][gc,age       ] GC(49) - age   4:        304 bytes,      16176 total
[2019-06-24T10:27:48.073+0000][1][gc,age       ] GC(49) - age   5:         64 bytes,      16240 total
[2019-06-24T10:27:48.073+0000][1][gc,age       ] GC(49) - age   6:         32 bytes,      16272 total
[2019-06-24T10:27:48.073+0000][1][gc,heap      ] GC(49) ParNew: 69963K->22K(78656K)
[2019-06-24T10:27:48.073+0000][1][gc,heap      ] GC(49) CMS: 70575K->70576K(174784K)
[2019-06-24T10:27:48.073+0000][1][gc,metaspace ] GC(49) Metaspace: 70560K->70560K(1114112K)
[2019-06-24T10:27:48.073+0000][1][gc           ] GC(49) Pause Young (Allocation Failure) 137M->68M(247M) 2.958ms
[2019-06-24T10:27:48.073+0000][1][gc,cpu       ] GC(49) User=0.00s Sys=0.01s Real=0.00s
[2019-06-24T10:27:48.073+0000][1][safepoint    ] Leaving safepoint region
[2019-06-24T10:27:48.073+0000][1][safepoint    ] Total time for which application threads were stopped: 0.0035469 seconds, Stopping threads took: 0.0001595 seconds
[2019-06-24T10:28:52.087+0000][1][safepoint    ] Application time: 64.0136709 seconds
[2019-06-24T10:28:52.088+0000][1][safepoint    ] Entering safepoint region: Cleanup
[2019-06-24T10:28:52.089+0000][1][safepoint    ] Leaving safepoint region
[2019-06-24T10:28:52.089+0000][1][safepoint    ] Total time for which application threads were stopped: 0.0004529 seconds, Stopping threads took: 0.0001665 seconds
[2019-06-24T10:28:59.853+0000][1][safepoint    ] Application time: 7.7639145 seconds
[2019-06-24T10:28:59.854+0000][1][safepoint    ] Entering safepoint region: GenCollectForAllocation
[2019-06-24T10:28:59.854+0000][1][gc,start     ] GC(50) Pause Young (Allocation Failure)
[2019-06-24T10:28:59.854+0000][1][gc,task      ] GC(50) Using 5 workers of 8 for evacuation
[2019-06-24T10:28:59.856+0000][1][gc,age       ] GC(50) Desired survivor size 4456448 bytes, new threshold 6 (max threshold 6)
[2019-06-24T10:28:59.856+0000][1][gc,age       ] GC(50) Age table with threshold 6 (max threshold 6)
[2019-06-24T10:28:59.856+0000][1][gc,age       ] GC(50) - age   1:       5448 bytes,       5448 total
[2019-06-24T10:28:59.856+0000][1][gc,age       ] GC(50) - age   2:        720 bytes,       6168 total
[2019-06-24T10:28:59.856+0000][1][gc,age       ] GC(50) - age   3:        824 bytes,       6992 total
[2019-06-24T10:28:59.856+0000][1][gc,age       ] GC(50) - age   4:       9312 bytes,      16304 total
[2019-06-24T10:28:59.856+0000][1][gc,age       ] GC(50) - age   5:        304 bytes,      16608 total
[2019-06-24T10:28:59.856+0000][1][gc,age       ] GC(50) - age   6:         64 bytes,      16672 total
[2019-06-24T10:28:59.856+0000][1][gc,heap      ] GC(50) ParNew: 69965K->22K(78656K)
[2019-06-24T10:28:59.856+0000][1][gc,heap      ] GC(50) CMS: 70576K->70576K(174784K)
[2019-06-24T10:28:59.856+0000][1][gc,metaspace ] GC(50) Metaspace: 70561K->70561K(1114112K)
[2019-06-24T10:28:59.857+0000][1][gc           ] GC(50) Pause Young (Allocation Failure) 137M->68M(247M) 2.645ms
[2019-06-24T10:28:59.857+0000][1][gc,cpu       ] GC(50) User=0.01s Sys=0.00s Real=0.01s
[2019-06-24T10:28:59.857+0000][1][safepoint    ] Leaving safepoint region
[2019-06-24T10:28:59.857+0000][1][safepoint    ] Total time for which application threads were stopped: 0.0031469 seconds, Stopping threads took: 0.0001061 seconds
[2019-06-24T10:30:08.871+0000][1][safepoint    ] Application time: 69.0139485 seconds
[2019-06-24T10:30:08.871+0000][1][safepoint    ] Entering safepoint region: Cleanup
[2019-06-24T10:30:08.871+0000][1][safepoint    ] Leaving safepoint region
[2019-06-24T10:30:08.871+0000][1][safepoint    ] Total time for which application threads were stopped: 0.0002841 seconds, Stopping threads took: 0.0000810 seconds
[2019-06-24T10:30:10.504+0000][1][safepoint    ] Application time: 1.6328693 seconds
[2019-06-24T10:30:10.504+0000][1][safepoint    ] Entering safepoint region: GenCollectForAllocation
[2019-06-24T10:30:10.504+0000][1][gc,start     ] GC(51) Pause Young (Allocation Failure)
[2019-06-24T10:30:10.504+0000][1][gc,task      ] GC(51) Using 5 workers of 8 for evacuation
[2019-06-24T10:30:10.506+0000][1][gc,age       ] GC(51) Desired survivor size 4456448 bytes, new threshold 6 (max threshold 6)
[2019-06-24T10:30:10.506+0000][1][gc,age       ] GC(51) Age table with threshold 6 (max threshold 6)
[2019-06-24T10:30:10.506+0000][1][gc,age       ] GC(51) - age   1:       6272 bytes,       6272 total
[2019-06-24T10:30:10.506+0000][1][gc,age       ] GC(51) - age   2:        496 bytes,       6768 total
[2019-06-24T10:30:10.506+0000][1][gc,age       ] GC(51) - age   3:        688 bytes,       7456 total
[2019-06-24T10:30:10.506+0000][1][gc,age       ] GC(51) - age   4:        792 bytes,       8248 total
[2019-06-24T10:30:10.506+0000][1][gc,age       ] GC(51) - age   5:       9312 bytes,      17560 total
[2019-06-24T10:30:10.506+0000][1][gc,age       ] GC(51) - age   6:        304 bytes,      17864 total
[2019-06-24T10:30:10.506+0000][1][gc,heap      ] GC(51) ParNew: 69974K->25K(78656K)
[2019-06-24T10:30:10.506+0000][1][gc,heap      ] GC(51) CMS: 70576K->70576K(174784K)
[2019-06-24T10:30:10.506+0000][1][gc,metaspace ] GC(51) Metaspace: 70562K->70562K(1114112K)
[2019-06-24T10:30:10.506+0000][1][gc           ] GC(51) Pause Young (Allocation Failure) 137M->68M(247M) 1.793ms
[2019-06-24T10:30:10.506+0000][1][gc,cpu       ] GC(51) User=0.01s Sys=0.00s Real=0.00s
[2019-06-24T10:30:10.506+0000][1][safepoint    ] Leaving safepoint region
[2019-06-24T10:30:10.506+0000][1][safepoint    ] Total time for which application threads were stopped: 0.0020539 seconds, Stopping threads took: 0.0000348 seconds
[2019-06-24T10:31:22.038+0000][1][safepoint    ] Application time: 71.5316015 seconds
[2019-06-24T10:31:22.039+0000][1][safepoint    ] Entering safepoint region: GenCollectForAllocation
[2019-06-24T10:31:22.039+0000][1][gc,start     ] GC(52) Pause Young (Allocation Failure)
[2019-06-24T10:31:22.039+0000][1][gc,task      ] GC(52) Using 5 workers of 8 for evacuation
[2019-06-24T10:31:22.042+0000][1][gc,age       ] GC(52) Desired survivor size 4456448 bytes, new threshold 6 (max threshold 6)
[2019-06-24T10:31:22.042+0000][1][gc,age       ] GC(52) Age table with threshold 6 (max threshold 6)
[2019-06-24T10:31:22.042+0000][1][gc,age       ] GC(52) - age   1:       5040 bytes,       5040 total
[2019-06-24T10:31:22.042+0000][1][gc,age       ] GC(52) - age   2:        576 bytes,       5616 total
[2019-06-24T10:31:22.042+0000][1][gc,age       ] GC(52) - age   3:        432 bytes,       6048 total
[2019-06-24T10:31:22.042+0000][1][gc,age       ] GC(52) - age   4:        688 bytes,       6736 total
[2019-06-24T10:31:22.042+0000][1][gc,age       ] GC(52) - age   5:        792 bytes,       7528 total
[2019-06-24T10:31:22.042+0000][1][gc,age       ] GC(52) - age   6:       9312 bytes,      16840 total
[2019-06-24T10:31:22.042+0000][1][gc,heap      ] GC(52) ParNew: 69949K->27K(78656K)
[2019-06-24T10:31:22.042+0000][1][gc,heap      ] GC(52) CMS: 70576K->70576K(174784K)
[2019-06-24T10:31:22.042+0000][1][gc,metaspace ] GC(52) Metaspace: 70562K->70562K(1114112K)
[2019-06-24T10:31:22.042+0000][1][gc           ] GC(52) Pause Young (Allocation Failure) 137M->68M(247M) 3.093ms
[2019-06-24T10:31:22.043+0000][1][gc,cpu       ] GC(52) User=0.01s Sys=0.00s Real=0.01s
[2019-06-24T10:31:22.043+0000][1][safepoint    ] Leaving safepoint region
[2019-06-24T10:31:22.043+0000][1][safepoint    ] Total time for which application threads were stopped: 0.0038035 seconds, Stopping threads took: 0.0001450 seconds
[2019-06-24T10:32:30.058+0000][1][safepoint    ] Application time: 68.0150605 seconds
[2019-06-24T10:32:30.059+0000][1][safepoint    ] Entering safepoint region: Cleanup
[2019-06-24T10:32:30.059+0000][1][safepoint    ] Leaving safepoint region
[2019-06-24T10:32:30.059+0000][1][safepoint    ] Total time for which application threads were stopped: 0.0003620 seconds, Stopping threads took: 0.0001326 seconds
[2019-06-24T10:32:33.879+0000][1][safepoint    ] Application time: 3.8197759 seconds
[2019-06-24T10:32:33.879+0000][1][safepoint    ] Entering safepoint region: GenCollectForAllocation
[2019-06-24T10:32:33.879+0000][1][gc,start     ] GC(53) Pause Young (Allocation Failure)
[2019-06-24T10:32:33.880+0000][1][gc,task      ] GC(53) Using 5 workers of 8 for evacuation
[2019-06-24T10:32:33.882+0000][1][gc,age       ] GC(53) Desired survivor size 4456448 bytes, new threshold 6 (max threshold 6)
[2019-06-24T10:32:33.882+0000][1][gc,age       ] GC(53) Age table with threshold 6 (max threshold 6)
[2019-06-24T10:32:33.882+0000][1][gc,age       ] GC(53) - age   1:       4680 bytes,       4680 total
[2019-06-24T10:32:33.882+0000][1][gc,age       ] GC(53) - age   2:         64 bytes,       4744 total
[2019-06-24T10:32:33.882+0000][1][gc,age       ] GC(53) - age   3:        544 bytes,       5288 total
[2019-06-24T10:32:33.882+0000][1][gc,age       ] GC(53) - age   4:        432 bytes,       5720 total
[2019-06-24T10:32:33.882+0000][1][gc,age       ] GC(53) - age   5:        688 bytes,       6408 total
[2019-06-24T10:32:33.883+0000][1][gc,age       ] GC(53) - age   6:        792 bytes,       7200 total
[2019-06-24T10:32:33.883+0000][1][gc,heap      ] GC(53) ParNew: 69979K->16K(78656K)
[2019-06-24T10:32:33.883+0000][1][gc,heap      ] GC(53) CMS: 70576K->70586K(174784K)
[2019-06-24T10:32:33.883+0000][1][gc,metaspace ] GC(53) Metaspace: 70575K->70575K(1114112K)
[2019-06-24T10:32:33.883+0000][1][gc           ] GC(53) Pause Young (Allocation Failure) 137M->68M(247M) 3.291ms
[2019-06-24T10:32:33.883+0000][1][gc,cpu       ] GC(53) User=0.01s Sys=0.00s Real=0.01s
[2019-06-24T10:32:33.883+0000][1][safepoint    ] Leaving safepoint region
[2019-06-24T10:32:33.883+0000][1][safepoint    ] Total time for which application threads were stopped: 0.0038888 seconds, Stopping threads took: 0.0000830 seconds
[2019-06-24T10:32:48.886+0000][1][safepoint    ] Application time: 15.0031771 seconds
[2019-06-24T10:32:48.887+0000][1][safepoint    ] Entering safepoint region: Cleanup
[2019-06-24T10:32:48.888+0000][1][safepoint    ] Leaving safepoint region
[2019-06-24T10:32:48.888+0000][1][safepoint    ] Total time for which application threads were stopped: 0.0003533 seconds, Stopping threads took: 0.0001293 seconds
[2019-06-24T10:33:45.541+0000][1][safepoint    ] Application time: 56.6531783 seconds
[2019-06-24T10:33:45.542+0000][1][safepoint    ] Entering safepoint region: GenCollectForAllocation
[2019-06-24T10:33:45.542+0000][1][gc,start     ] GC(54) Pause Young (Allocation Failure)
[2019-06-24T10:33:45.542+0000][1][gc,task      ] GC(54) Using 5 workers of 8 for evacuation
[2019-06-24T10:33:45.545+0000][1][gc,age       ] GC(54) Desired survivor size 4456448 bytes, new threshold 6 (max threshold 6)
[2019-06-24T10:33:45.545+0000][1][gc,age       ] GC(54) Age table with threshold 6 (max threshold 6)
[2019-06-24T10:33:45.545+0000][1][gc,age       ] GC(54) - age   1:       4896 bytes,       4896 total
[2019-06-24T10:33:45.545+0000][1][gc,age       ] GC(54) - age   2:         64 bytes,       4960 total
[2019-06-24T10:33:45.545+0000][1][gc,age       ] GC(54) - age   3:         32 bytes,       4992 total
[2019-06-24T10:33:45.545+0000][1][gc,age       ] GC(54) - age   4:        512 bytes,       5504 total
[2019-06-24T10:33:45.545+0000][1][gc,age       ] GC(54) - age   5:        432 bytes,       5936 total
[2019-06-24T10:33:45.545+0000][1][gc,age       ] GC(54) - age   6:        688 bytes,       6624 total
[2019-06-24T10:33:45.545+0000][1][gc,heap      ] GC(54) ParNew: 69957K->14K(78656K)
[2019-06-24T10:33:45.545+0000][1][gc,heap      ] GC(54) CMS: 70586K->70586K(174784K)
[2019-06-24T10:33:45.545+0000][1][gc,metaspace ] GC(54) Metaspace: 70578K->70578K(1114112K)
[2019-06-24T10:33:45.545+0000][1][gc           ] GC(54) Pause Young (Allocation Failure) 137M->68M(247M) 2.859ms
[2019-06-24T10:33:45.545+0000][1][gc,cpu       ] GC(54) User=0.01s Sys=0.00s Real=0.01s
[2019-06-24T10:33:45.545+0000][1][safepoint    ] Leaving safepoint region
[2019-06-24T10:33:45.545+0000][1][safepoint    ] Total time for which application threads were stopped: 0.0033829 seconds, Stopping threads took: 0.0001102 seconds
[2019-06-24T10:33:58.548+0000][1][safepoint    ] Application time: 13.0025237 seconds
[2019-06-24T10:33:58.549+0000][1][safepoint    ] Entering safepoint region: Cleanup
[2019-06-24T10:33:58.549+0000][1][safepoint    ] Leaving safepoint region
[2019-06-24T10:33:58.549+0000][1][safepoint    ] Total time for which application threads were stopped: 0.0002999 seconds, Stopping threads took: 0.0000829 seconds
[2019-06-24T10:34:29.555+0000][1][safepoint    ] Application time: 31.0059607 seconds
[2019-06-24T10:34:29.556+0000][1][safepoint    ] Entering safepoint region: Cleanup
[2019-06-24T10:34:29.556+0000][1][safepoint    ] Leaving safepoint region
[2019-06-24T10:34:29.556+0000][1][safepoint    ] Total time for which application threads were stopped: 0.0002737 seconds, Stopping threads took: 0.0000812 seconds
[2019-06-24T10:34:30.556+0000][1][safepoint    ] Application time: 1.0002641 seconds
[2019-06-24T10:34:30.557+0000][1][safepoint    ] Entering safepoint region: Cleanup
[2019-06-24T10:34:30.557+0000][1][safepoint    ] Leaving safepoint region
[2019-06-24T10:34:30.557+0000][1][safepoint    ] Total time for which application threads were stopped: 0.0002633 seconds, Stopping threads took: 0.0000707 seconds
[2019-06-24T10:34:31.557+0000][1][safepoint    ] Application time: 1.0002577 seconds
[2019-06-24T10:34:31.557+0000][1][safepoint    ] Entering safepoint region: Cleanup
[2019-06-24T10:34:31.557+0000][1][safepoint    ] Leaving safepoint region
[2019-06-24T10:34:31.557+0000][1][safepoint    ] Total time for which application threads were stopped: 0.0002750 seconds, Stopping threads took: 0.0000746 seconds
[2019-06-24T10:34:32.558+0000][1][safepoint    ] Application time: 1.0002671 seconds
[2019-06-24T10:34:32.558+0000][1][safepoint    ] Entering safepoint region: Cleanup
[2019-06-24T10:34:32.558+0000][1][safepoint    ] Leaving safepoint region
[2019-06-24T10:34:32.558+0000][1][safepoint    ] Total time for which application threads were stopped: 0.0002772 seconds, Stopping threads took: 0.0000725 seconds
[2019-06-24T10:34:33.559+0000][1][safepoint    ] Application time: 1.0002704 seconds
[2019-06-24T10:34:33.559+0000][1][safepoint    ] Entering safepoint region: Cleanup
[2019-06-24T10:34:33.559+0000][1][safepoint    ] Leaving safepoint region
[2019-06-24T10:34:33.559+0000][1][safepoint    ] Total time for which application threads were stopped: 0.0002627 seconds, Stopping threads took: 0.0000705 seconds
[2019-06-24T10:34:34.559+0000][1][safepoint    ] Application time: 1.0002734 seconds
[2019-06-24T10:34:34.559+0000][1][safepoint    ] Entering safepoint region: Cleanup
[2019-06-24T10:34:34.560+0000][1][safepoint    ] Leaving safepoint region
[2019-06-24T10:34:34.560+0000][1][safepoint    ] Total time for which application threads were stopped: 0.0002750 seconds, Stopping threads took: 0.0000725 seconds
[2019-06-24T10:34:35.560+0000][1][safepoint    ] Application time: 1.0001852 seconds
[2019-06-24T10:34:35.560+0000][1][safepoint    ] Entering safepoint region: Cleanup
[2019-06-24T10:34:35.560+0000][1][safepoint    ] Leaving safepoint region
[2019-06-24T10:34:35.560+0000][1][safepoint    ] Total time for which application threads were stopped: 0.0002717 seconds, Stopping threads took: 0.0000710 seconds
[2019-06-24T10:34:36.560+0000][1][safepoint    ] Application time: 1.0002560 seconds
[2019-06-24T10:34:36.561+0000][1][safepoint    ] Entering safepoint region: Cleanup
[2019-06-24T10:34:36.561+0000][1][safepoint    ] Leaving safepoint region
[2019-06-24T10:34:36.561+0000][1][safepoint    ] Total time for which application threads were stopped: 0.0002661 seconds, Stopping threads took: 0.0000713 seconds
[2019-06-24T10:34:37.561+0000][1][safepoint    ] Application time: 1.0002553 seconds
[2019-06-24T10:34:37.561+0000][1][safepoint    ] Entering safepoint region: Cleanup
[2019-06-24T10:34:37.562+0000][1][safepoint    ] Leaving safepoint region
[2019-06-24T10:34:37.562+0000][1][safepoint    ] Total time for which application threads were stopped: 0.0003005 seconds, Stopping threads took: 0.0001046 seconds
[2019-06-24T10:34:38.562+0000][1][safepoint    ] Application time: 1.0002483 seconds
[2019-06-24T10:34:38.562+0000][1][safepoint    ] Entering safepoint region: Cleanup
[2019-06-24T10:34:38.562+0000][1][safepoint    ] Leaving safepoint region
[2019-06-24T10:34:38.562+0000][1][safepoint    ] Total time for which application threads were stopped: 0.0002672 seconds, Stopping threads took: 0.0000710 seconds
[2019-06-24T10:34:39.563+0000][1][safepoint    ] Application time: 1.0002638 seconds
[2019-06-24T10:34:39.563+0000][1][safepoint    ] Entering safepoint region: Cleanup
[2019-06-24T10:34:39.563+0000][1][safepoint    ] Leaving safepoint region
[2019-06-24T10:34:39.563+0000][1][safepoint    ] Total time for which application threads were stopped: 0.0002637 seconds, Stopping threads took: 0.0000708 seconds
[2019-06-24T10:34:40.563+0000][1][safepoint    ] Application time: 1.0002656 seconds
[2019-06-24T10:34:40.563+0000][1][safepoint    ] Entering safepoint region: Cleanup
[2019-06-24T10:34:40.564+0000][1][safepoint    ] Leaving safepoint region
[2019-06-24T10:34:40.564+0000][1][safepoint    ] Total time for which application threads were stopped: 0.0002739 seconds, Stopping threads took: 0.0000716 seconds
[2019-06-24T10:34:41.564+0000][1][safepoint    ] Application time: 1.0002650 seconds
[2019-06-24T10:34:41.564+0000][1][safepoint    ] Entering safepoint region: Cleanup
[2019-06-24T10:34:41.564+0000][1][safepoint    ] Leaving safepoint region
[2019-06-24T10:34:41.564+0000][1][safepoint    ] Total time for which application threads were stopped: 0.0002742 seconds, Stopping threads took: 0.0000710 seconds
[2019-06-24T10:34:42.565+0000][1][safepoint    ] Application time: 1.0002717 seconds
[2019-06-24T10:34:42.565+0000][1][safepoint    ] Entering safepoint region: Cleanup
[2019-06-24T10:34:42.565+0000][1][safepoint    ] Leaving safepoint region
[2019-06-24T10:34:42.565+0000][1][safepoint    ] Total time for which application threads were stopped: 0.0002643 seconds, Stopping threads took: 0.0000709 seconds
[2019-06-24T10:34:43.565+0000][1][safepoint    ] Application time: 1.0001456 seconds
[2019-06-24T10:34:43.565+0000][1][safepoint    ] Entering safepoint region: Cleanup
[2019-06-24T10:34:43.565+0000][1][safepoint    ] Leaving safepoint region
[2019-06-24T10:34:43.565+0000][1][safepoint    ] Total time for which application threads were stopped: 0.0001182 seconds, Stopping threads took: 0.0000321 seconds
[2019-06-24T10:34:44.566+0000][1][safepoint    ] Application time: 1.0002335 seconds
[2019-06-24T10:34:44.566+0000][1][safepoint    ] Entering safepoint region: Cleanup
[2019-06-24T10:34:44.566+0000][1][safepoint    ] Leaving safepoint region
[2019-06-24T10:34:44.566+0000][1][safepoint    ] Total time for which application threads were stopped: 0.0002743 seconds, Stopping threads took: 0.0000718 seconds
[2019-06-24T10:34:45.566+0000][1][safepoint    ] Application time: 1.0002612 seconds
[2019-06-24T10:34:45.566+0000][1][safepoint    ] Entering safepoint region: Cleanup
[2019-06-24T10:34:45.567+0000][1][safepoint    ] Leaving safepoint region
[2019-06-24T10:34:45.567+0000][1][safepoint    ] Total time for which application threads were stopped: 0.0003603 seconds, Stopping threads took: 0.0000720 seconds
[2019-06-24T10:34:46.567+0000][1][safepoint    ] Application time: 1.0001655 seconds
[2019-06-24T10:34:46.567+0000][1][safepoint    ] Entering safepoint region: Cleanup
[2019-06-24T10:34:46.567+0000][1][safepoint    ] Leaving safepoint region
[2019-06-24T10:34:46.567+0000][1][safepoint    ] Total time for which application threads were stopped: 0.0002653 seconds, Stopping threads took: 0.0000694 seconds
[2019-06-24T10:34:47.567+0000][1][safepoint    ] Application time: 1.0001385 seconds
[2019-06-24T10:34:47.568+0000][1][safepoint    ] Entering safepoint region: Cleanup
[2019-06-24T10:34:47.568+0000][1][safepoint    ] Leaving safepoint region
[2019-06-24T10:34:47.568+0000][1][safepoint    ] Total time for which application threads were stopped: 0.0003169 seconds, Stopping threads took: 0.0001180 seconds
[2019-06-24T10:34:48.568+0000][1][safepoint    ] Application time: 1.0002030 seconds
[2019-06-24T10:34:48.568+0000][1][safepoint    ] Entering safepoint region: Cleanup
[2019-06-24T10:34:48.568+0000][1][safepoint    ] Leaving safepoint region
[2019-06-24T10:34:48.568+0000][1][safepoint    ] Total time for which application threads were stopped: 0.0002729 seconds, Stopping threads took: 0.0000717 seconds
[2019-06-24T10:34:49.569+0000][1][safepoint    ] Application time: 1.0001970 seconds
[2019-06-24T10:34:49.569+0000][1][safepoint    ] Entering safepoint region: Cleanup
[2019-06-24T10:34:49.569+0000][1][safepoint    ] Leaving safepoint region
[2019-06-24T10:34:49.569+0000][1][safepoint    ] Total time for which application threads were stopped: 0.0002734 seconds, Stopping threads took: 0.0000705 seconds
[2019-06-24T10:34:50.569+0000][1][safepoint    ] Application time: 1.0002541 seconds
[2019-06-24T10:34:50.570+0000][1][safepoint    ] Entering safepoint region: Cleanup
[2019-06-24T10:34:50.570+0000][1][safepoint    ] Leaving safepoint region
[2019-06-24T10:34:50.570+0000][1][safepoint    ] Total time for which application threads were stopped: 0.0002734 seconds, Stopping threads took: 0.0000715 seconds
[2019-06-24T10:34:51.570+0000][1][safepoint    ] Application time: 1.0002662 seconds
[2019-06-24T10:34:51.570+0000][1][safepoint    ] Entering safepoint region: Cleanup
[2019-06-24T10:34:51.570+0000][1][safepoint    ] Leaving safepoint region
[2019-06-24T10:34:51.570+0000][1][safepoint    ] Total time for which application threads were stopped: 0.0002728 seconds, Stopping threads took: 0.0000709 seconds
[2019-06-24T10:34:52.571+0000][1][safepoint    ] Application time: 1.0001741 seconds
[2019-06-24T10:34:52.571+0000][1][safepoint    ] Entering safepoint region: Cleanup
[2019-06-24T10:34:52.571+0000][1][safepoint    ] Leaving safepoint region
[2019-06-24T10:34:52.571+0000][1][safepoint    ] Total time for which application threads were stopped: 0.0002821 seconds, Stopping threads took: 0.0000755 seconds
[2019-06-24T10:34:53.571+0000][1][safepoint    ] Application time: 1.0001416 seconds
[2019-06-24T10:34:53.571+0000][1][safepoint    ] Entering safepoint region: Cleanup
[2019-06-24T10:34:53.571+0000][1][safepoint    ] Leaving safepoint region
[2019-06-24T10:34:53.571+0000][1][safepoint    ] Total time for which application threads were stopped: 0.0001057 seconds, Stopping threads took: 0.0000307 seconds
[2019-06-24T10:34:54.572+0000][1][safepoint    ] Application time: 1.0001409 seconds
[2019-06-24T10:34:54.572+0000][1][safepoint    ] Entering safepoint region: Cleanup
[2019-06-24T10:34:54.572+0000][1][safepoint    ] Leaving safepoint region
[2019-06-24T10:34:54.572+0000][1][safepoint    ] Total time for which application threads were stopped: 0.0001411 seconds, Stopping threads took: 0.0000369 seconds
[2019-06-24T10:34:55.572+0000][1][safepoint    ] Application time: 1.0002279 seconds
[2019-06-24T10:34:55.572+0000][1][safepoint    ] Entering safepoint region: Cleanup
[2019-06-24T10:34:55.573+0000][1][safepoint    ] Leaving safepoint region
[2019-06-24T10:34:55.573+0000][1][safepoint    ] Total time for which application threads were stopped: 0.0012480 seconds, Stopping threads took: 0.0009752 seconds
[2019-06-24T10:34:55.804+0000][1][safepoint    ] Application time: 0.2305504 seconds
[2019-06-24T10:34:55.804+0000][1][safepoint    ] Entering safepoint region: GenCollectForAllocation
[2019-06-24T10:34:55.804+0000][1][gc,start     ] GC(55) Pause Young (Allocation Failure)
[2019-06-24T10:34:55.805+0000][1][gc,task      ] GC(55) Using 5 workers of 8 for evacuation
[2019-06-24T10:34:55.807+0000][1][gc,age       ] GC(55) Desired survivor size 4456448 bytes, new threshold 6 (max threshold 6)
[2019-06-24T10:34:55.807+0000][1][gc,age       ] GC(55) Age table with threshold 6 (max threshold 6)
[2019-06-24T10:34:55.807+0000][1][gc,age       ] GC(55) - age   1:       5696 bytes,       5696 total
[2019-06-24T10:34:55.807+0000][1][gc,age       ] GC(55) - age   3:         64 bytes,       5760 total
[2019-06-24T10:34:55.807+0000][1][gc,age       ] GC(55) - age   4:         32 bytes,       5792 total
[2019-06-24T10:34:55.807+0000][1][gc,age       ] GC(55) - age   5:        512 bytes,       6304 total
[2019-06-24T10:34:55.807+0000][1][gc,age       ] GC(55) - age   6:        432 bytes,       6736 total
[2019-06-24T10:34:55.807+0000][1][gc,heap      ] GC(55) ParNew: 69966K->14K(78656K)
[2019-06-24T10:34:55.807+0000][1][gc,heap      ] GC(55) CMS: 70586K->70587K(174784K)
[2019-06-24T10:34:55.807+0000][1][gc,metaspace ] GC(55) Metaspace: 70578K->70578K(1114112K)
[2019-06-24T10:34:55.808+0000][1][gc           ] GC(55) Pause Young (Allocation Failure) 137M->68M(247M) 3.055ms
[2019-06-24T10:34:55.808+0000][1][gc,cpu       ] GC(55) User=0.01s Sys=0.00s Real=0.00s
[2019-06-24T10:34:55.808+0000][1][safepoint    ] Leaving safepoint region
[2019-06-24T10:34:55.808+0000][1][safepoint    ] Total time for which application threads were stopped: 0.0035677 seconds, Stopping threads took: 0.0000666 seconds
[2019-06-24T10:34:57.307+0000][1][safepoint    ] Application time: 1.4991213 seconds
[2019-06-24T10:34:57.307+0000][1][safepoint    ] Entering safepoint region: Cleanup
[2019-06-24T10:34:57.307+0000][1][safepoint    ] Leaving safepoint region
[2019-06-24T10:34:57.307+0000][1][safepoint    ] Total time for which application threads were stopped: 0.0002646 seconds, Stopping threads took: 0.0000548 seconds
[2019-06-24T10:34:58.307+0000][1][safepoint    ] Application time: 1.0002929 seconds
[2019-06-24T10:34:58.308+0000][1][safepoint    ] Entering safepoint region: Cleanup
[2019-06-24T10:34:58.308+0000][1][safepoint    ] Leaving safepoint region
[2019-06-24T10:34:58.308+0000][1][safepoint    ] Total time for which application threads were stopped: 0.0001440 seconds, Stopping threads took: 0.0000452 seconds
[2019-06-24T10:34:59.308+0000][1][safepoint    ] Application time: 1.0001747 seconds
[2019-06-24T10:34:59.308+0000][1][safepoint    ] Entering safepoint region: Cleanup
[2019-06-24T10:34:59.308+0000][1][safepoint    ] Leaving safepoint region
[2019-06-24T10:34:59.308+0000][1][safepoint    ] Total time for which application threads were stopped: 0.0001434 seconds, Stopping threads took: 0.0000365 seconds
[2019-06-24T10:35:00.308+0000][1][safepoint    ] Application time: 1.0002157 seconds
[2019-06-24T10:35:00.308+0000][1][safepoint    ] Entering safepoint region: Cleanup
[2019-06-24T10:35:00.309+0000][1][safepoint    ] Leaving safepoint region
[2019-06-24T10:35:00.309+0000][1][safepoint    ] Total time for which application threads were stopped: 0.0002887 seconds, Stopping threads took: 0.0000707 seconds
[2019-06-24T10:35:01.309+0000][1][safepoint    ] Application time: 1.0001292 seconds
[2019-06-24T10:35:01.309+0000][1][safepoint    ] Entering safepoint region: Cleanup
[2019-06-24T10:35:01.309+0000][1][safepoint    ] Leaving safepoint region
[2019-06-24T10:35:01.309+0000][1][safepoint    ] Total time for which application threads were stopped: 0.0002975 seconds, Stopping threads took: 0.0000718 seconds
[2019-06-24T10:35:02.310+0000][1][safepoint    ] Application time: 1.0002204 seconds
[2019-06-24T10:35:02.310+0000][1][safepoint    ] Entering safepoint region: Cleanup
[2019-06-24T10:35:02.310+0000][1][safepoint    ] Leaving safepoint region
[2019-06-24T10:35:02.310+0000][1][safepoint    ] Total time for which application threads were stopped: 0.0003778 seconds, Stopping threads took: 0.0000707 seconds
[2019-06-24T10:35:03.310+0000][1][safepoint    ] Application time: 1.0001585 seconds
[2019-06-24T10:35:03.310+0000][1][safepoint    ] Entering safepoint region: Cleanup
[2019-06-24T10:35:03.310+0000][1][safepoint    ] Leaving safepoint region
[2019-06-24T10:35:03.310+0000][1][safepoint    ] Total time for which application threads were stopped: 0.0001767 seconds, Stopping threads took: 0.0000425 seconds
[2019-06-24T10:35:04.311+0000][1][safepoint    ] Application time: 1.0001797 seconds
[2019-06-24T10:35:04.311+0000][1][safepoint    ] Entering safepoint region: Cleanup
[2019-06-24T10:35:04.311+0000][1][safepoint    ] Leaving safepoint region
[2019-06-24T10:35:04.311+0000][1][safepoint    ] Total time for which application threads were stopped: 0.0002716 seconds, Stopping threads took: 0.0000716 seconds
[2019-06-24T10:35:05.311+0000][1][safepoint    ] Application time: 1.0001785 seconds
[2019-06-24T10:35:05.311+0000][1][safepoint    ] Entering safepoint region: Cleanup
[2019-06-24T10:35:05.312+0000][1][safepoint    ] Leaving safepoint region
[2019-06-24T10:35:05.312+0000][1][safepoint    ] Total time for which application threads were stopped: 0.0003171 seconds, Stopping threads took: 0.0000900 seconds
[2019-06-24T10:35:06.312+0000][1][safepoint    ] Application time: 1.0001251 seconds
[2019-06-24T10:35:06.312+0000][1][safepoint    ] Entering safepoint region: Cleanup
[2019-06-24T10:35:06.312+0000][1][safepoint    ] Leaving safepoint region
[2019-06-24T10:35:06.312+0000][1][safepoint    ] Total time for which application threads were stopped: 0.0002709 seconds, Stopping threads took: 0.0000680 seconds
[2019-06-24T10:35:07.312+0000][1][safepoint    ] Application time: 1.0001305 seconds
[2019-06-24T10:35:07.313+0000][1][safepoint    ] Entering safepoint region: Cleanup
[2019-06-24T10:35:07.313+0000][1][safepoint    ] Leaving safepoint region
[2019-06-24T10:35:07.313+0000][1][safepoint    ] Total time for which application threads were stopped: 0.0002641 seconds, Stopping threads took: 0.0000683 seconds
[2019-06-24T10:35:08.313+0000][1][safepoint    ] Application time: 1.0001768 seconds
[2019-06-24T10:35:08.313+0000][1][safepoint    ] Entering safepoint region: Cleanup
[2019-06-24T10:35:08.313+0000][1][safepoint    ] Leaving safepoint region
[2019-06-24T10:35:08.313+0000][1][safepoint    ] Total time for which application threads were stopped: 0.0002673 seconds, Stopping threads took: 0.0000689 seconds
[2019-06-24T10:35:09.313+0000][1][safepoint    ] Application time: 1.0001273 seconds
[2019-06-24T10:35:09.314+0000][1][safepoint    ] Entering safepoint region: Cleanup
[2019-06-24T10:35:09.314+0000][1][safepoint    ] Leaving safepoint region
[2019-06-24T10:35:09.314+0000][1][safepoint    ] Total time for which application threads were stopped: 0.0002837 seconds, Stopping threads took: 0.0000721 seconds
[2019-06-24T10:35:10.314+0000][1][safepoint    ] Application time: 1.0001526 seconds
[2019-06-24T10:35:10.314+0000][1][safepoint    ] Entering safepoint region: Cleanup
[2019-06-24T10:35:10.314+0000][1][safepoint    ] Leaving safepoint region
[2019-06-24T10:35:10.314+0000][1][safepoint    ] Total time for which application threads were stopped: 0.0002018 seconds, Stopping threads took: 0.0000510 seconds
[2019-06-24T10:35:11.315+0000][1][safepoint    ] Application time: 1.0002131 seconds
[2019-06-24T10:35:11.315+0000][1][safepoint    ] Entering safepoint region: Cleanup
[2019-06-24T10:35:11.315+0000][1][safepoint    ] Leaving safepoint region
[2019-06-24T10:35:11.315+0000][1][safepoint    ] Total time for which application threads were stopped: 0.0002615 seconds, Stopping threads took: 0.0000678 seconds
[2019-06-24T10:35:12.315+0000][1][safepoint    ] Application time: 1.0001483 seconds
[2019-06-24T10:35:12.315+0000][1][safepoint    ] Entering safepoint region: Cleanup
[2019-06-24T10:35:12.316+0000][1][safepoint    ] Leaving safepoint region
[2019-06-24T10:35:12.316+0000][1][safepoint    ] Total time for which application threads were stopped: 0.0004342 seconds, Stopping threads took: 0.0001150 seconds
[2019-06-24T10:35:13.316+0000][1][safepoint    ] Application time: 1.0001426 seconds
[2019-06-24T10:35:13.316+0000][1][safepoint    ] Entering safepoint region: Cleanup
[2019-06-24T10:35:13.316+0000][1][safepoint    ] Leaving safepoint region
[2019-06-24T10:35:13.316+0000][1][safepoint    ] Total time for which application threads were stopped: 0.0002434 seconds, Stopping threads took: 0.0000603 seconds
[2019-06-24T10:35:14.316+0000][1][safepoint    ] Application time: 1.0002271 seconds
[2019-06-24T10:35:14.317+0000][1][safepoint    ] Entering safepoint region: Cleanup
[2019-06-24T10:35:14.317+0000][1][safepoint    ] Leaving safepoint region
[2019-06-24T10:35:14.317+0000][1][safepoint    ] Total time for which application threads were stopped: 0.0003803 seconds, Stopping threads took: 0.0001729 seconds
[2019-06-24T10:35:15.317+0000][1][safepoint    ] Application time: 1.0001450 seconds
[2019-06-24T10:35:15.317+0000][1][safepoint    ] Entering safepoint region: Cleanup
[2019-06-24T10:35:15.317+0000][1][safepoint    ] Leaving safepoint region
[2019-06-24T10:35:15.318+0000][1][safepoint    ] Total time for which application threads were stopped: 0.0002774 seconds, Stopping threads took: 0.0000716 seconds
[2019-06-24T10:35:16.318+0000][1][safepoint    ] Application time: 1.0002515 seconds
[2019-06-24T10:35:16.318+0000][1][safepoint    ] Entering safepoint region: Cleanup
[2019-06-24T10:35:16.318+0000][1][safepoint    ] Leaving safepoint region
[2019-06-24T10:35:16.318+0000][1][safepoint    ] Total time for which application threads were stopped: 0.0003119 seconds, Stopping threads took: 0.0000925 seconds
[2019-06-24T10:35:17.319+0000][1][safepoint    ] Application time: 1.0002667 seconds
[2019-06-24T10:35:17.319+0000][1][safepoint    ] Entering safepoint region: Cleanup
[2019-06-24T10:35:17.319+0000][1][safepoint    ] Leaving safepoint region
[2019-06-24T10:35:17.319+0000][1][safepoint    ] Total time for which application threads were stopped: 0.0002641 seconds, Stopping threads took: 0.0000700 seconds
[2019-06-24T10:35:18.319+0000][1][safepoint    ] Application time: 1.0001749 seconds
[2019-06-24T10:35:18.319+0000][1][safepoint    ] Entering safepoint region: Cleanup
[2019-06-24T10:35:18.320+0000][1][safepoint    ] Leaving safepoint region
[2019-06-24T10:35:18.320+0000][1][safepoint    ] Total time for which application threads were stopped: 0.0003547 seconds, Stopping threads took: 0.0001072 seconds
[2019-06-24T10:35:19.320+0000][1][safepoint    ] Application time: 1.0001487 seconds
[2019-06-24T10:35:19.320+0000][1][safepoint    ] Entering safepoint region: Cleanup
[2019-06-24T10:35:19.320+0000][1][safepoint    ] Leaving safepoint region
[2019-06-24T10:35:19.320+0000][1][safepoint    ] Total time for which application threads were stopped: 0.0002859 seconds, Stopping threads took: 0.0001002 seconds
[2019-06-24T10:35:20.320+0000][1][safepoint    ] Application time: 1.0001432 seconds
[2019-06-24T10:35:20.321+0000][1][safepoint    ] Entering safepoint region: Cleanup
[2019-06-24T10:35:20.321+0000][1][safepoint    ] Leaving safepoint region
[2019-06-24T10:35:20.321+0000][1][safepoint    ] Total time for which application threads were stopped: 0.0003127 seconds, Stopping threads took: 0.0000833 seconds
[2019-06-24T10:35:21.985+0000][1][safepoint    ] Application time: 1.6636696 seconds
[2019-06-24T10:35:21.985+0000][1][safepoint    ] Entering safepoint region: Cleanup
[2019-06-24T10:35:21.985+0000][1][safepoint    ] Leaving safepoint region
[2019-06-24T10:35:21.985+0000][1][safepoint    ] Total time for which application threads were stopped: 0.0004551 seconds, Stopping threads took: 0.0001565 seconds
[2019-06-24T10:35:22.985+0000][1][safepoint    ] Application time: 1.0001461 seconds
[2019-06-24T10:35:22.985+0000][1][safepoint    ] Entering safepoint region: Cleanup
[2019-06-24T10:35:22.985+0000][1][safepoint    ] Leaving safepoint region
[2019-06-24T10:35:22.985+0000][1][safepoint    ] Total time for which application threads were stopped: 0.0001381 seconds, Stopping threads took: 0.0000499 seconds
[2019-06-24T10:35:23.986+0000][1][safepoint    ] Application time: 1.0002664 seconds
[2019-06-24T10:35:23.986+0000][1][safepoint    ] Entering safepoint region: Cleanup
[2019-06-24T10:35:23.986+0000][1][safepoint    ] Leaving safepoint region
[2019-06-24T10:35:23.986+0000][1][safepoint    ] Total time for which application threads were stopped: 0.0004111 seconds, Stopping threads took: 0.0001358 seconds
[2019-06-24T10:35:24.987+0000][1][safepoint    ] Application time: 1.0002537 seconds
[2019-06-24T10:35:24.987+0000][1][safepoint    ] Entering safepoint region: Cleanup
[2019-06-24T10:35:24.987+0000][1][safepoint    ] Leaving safepoint region
[2019-06-24T10:35:24.987+0000][1][safepoint    ] Total time for which application threads were stopped: 0.0003692 seconds, Stopping threads took: 0.0001054 seconds
[2019-06-24T10:35:25.987+0000][1][safepoint    ] Application time: 1.0002269 seconds
[2019-06-24T10:35:25.988+0000][1][safepoint    ] Entering safepoint region: Cleanup
[2019-06-24T10:35:25.988+0000][1][safepoint    ] Leaving safepoint region
[2019-06-24T10:35:25.988+0000][1][safepoint    ] Total time for which application threads were stopped: 0.0003717 seconds, Stopping threads took: 0.0001280 seconds
[2019-06-24T10:35:26.988+0000][1][safepoint    ] Application time: 1.0001489 seconds
[2019-06-24T10:35:26.988+0000][1][safepoint    ] Entering safepoint region: Cleanup
[2019-06-24T10:35:26.988+0000][1][safepoint    ] Leaving safepoint region
[2019-06-24T10:35:26.988+0000][1][safepoint    ] Total time for which application threads were stopped: 0.0001047 seconds, Stopping threads took: 0.0000302 seconds
[2019-06-24T10:35:27.988+0000][1][safepoint    ] Application time: 1.0001323 seconds
[2019-06-24T10:35:27.989+0000][1][safepoint    ] Entering safepoint region: Cleanup
[2019-06-24T10:35:27.989+0000][1][safepoint    ] Leaving safepoint region
[2019-06-24T10:35:27.989+0000][1][safepoint    ] Total time for which application threads were stopped: 0.0004129 seconds, Stopping threads took: 0.0000987 seconds
[2019-06-24T10:35:28.989+0000][1][safepoint    ] Application time: 1.0003109 seconds
[2019-06-24T10:35:28.990+0000][1][safepoint    ] Entering safepoint region: Cleanup
[2019-06-24T10:35:28.990+0000][1][safepoint    ] Leaving safepoint region
[2019-06-24T10:35:28.990+0000][1][safepoint    ] Total time for which application threads were stopped: 0.0003333 seconds, Stopping threads took: 0.0001037 seconds
[2019-06-24T10:35:29.990+0000][1][safepoint    ] Application time: 1.0002514 seconds
[2019-06-24T10:35:29.990+0000][1][safepoint    ] Entering safepoint region: Cleanup
[2019-06-24T10:35:29.990+0000][1][safepoint    ] Leaving safepoint region
[2019-06-24T10:35:29.990+0000][1][safepoint    ] Total time for which application threads were stopped: 0.0001122 seconds, Stopping threads took: 0.0000279 seconds
[2019-06-24T10:35:30.990+0000][1][safepoint    ] Application time: 1.0000990 seconds
[2019-06-24T10:35:30.990+0000][1][safepoint    ] Entering safepoint region: Cleanup
[2019-06-24T10:35:30.991+0000][1][safepoint    ] Leaving safepoint region
[2019-06-24T10:35:30.991+0000][1][safepoint    ] Total time for which application threads were stopped: 0.0001632 seconds, Stopping threads took: 0.0000680 seconds
[2019-06-24T10:35:31.991+0000][1][safepoint    ] Application time: 1.0001559 seconds
[2019-06-24T10:35:31.991+0000][1][safepoint    ] Entering safepoint region: Cleanup
[2019-06-24T10:35:31.991+0000][1][safepoint    ] Leaving safepoint region
[2019-06-24T10:35:31.991+0000][1][safepoint    ] Total time for which application threads were stopped: 0.0003438 seconds, Stopping threads took: 0.0001022 seconds
[2019-06-24T10:35:32.991+0000][1][safepoint    ] Application time: 1.0002001 seconds
[2019-06-24T10:35:32.992+0000][1][safepoint    ] Entering safepoint region: Cleanup
[2019-06-24T10:35:32.992+0000][1][safepoint    ] Leaving safepoint region
[2019-06-24T10:35:32.992+0000][1][safepoint    ] Total time for which application threads were stopped: 0.0002588 seconds, Stopping threads took: 0.0000783 seconds
[2019-06-24T10:35:33.992+0000][1][safepoint    ] Application time: 1.0001708 seconds
[2019-06-24T10:35:33.992+0000][1][safepoint    ] Entering safepoint region: Cleanup
[2019-06-24T10:35:33.992+0000][1][safepoint    ] Leaving safepoint region
[2019-06-24T10:35:33.993+0000][1][safepoint    ] Total time for which application threads were stopped: 0.0003494 seconds, Stopping threads took: 0.0001017 seconds
[2019-06-24T10:35:34.993+0000][1][safepoint    ] Application time: 1.0001450 seconds
[2019-06-24T10:35:34.993+0000][1][safepoint    ] Entering safepoint region: Cleanup
[2019-06-24T10:35:34.993+0000][1][safepoint    ] Leaving safepoint region
[2019-06-24T10:35:34.993+0000][1][safepoint    ] Total time for which application threads were stopped: 0.0002709 seconds, Stopping threads took: 0.0000678 seconds
[2019-06-24T10:35:35.993+0000][1][safepoint    ] Application time: 1.0001551 seconds
[2019-06-24T10:35:35.993+0000][1][safepoint    ] Entering safepoint region: Cleanup
[2019-06-24T10:35:35.994+0000][1][safepoint    ] Leaving safepoint region
[2019-06-24T10:35:35.994+0000][1][safepoint    ] Total time for which application threads were stopped: 0.0003056 seconds, Stopping threads took: 0.0000832 seconds
[2019-06-24T10:35:36.994+0000][1][safepoint    ] Application time: 1.0002102 seconds
[2019-06-24T10:35:36.994+0000][1][safepoint    ] Entering safepoint region: Cleanup
[2019-06-24T10:35:36.994+0000][1][safepoint    ] Leaving safepoint region
[2019-06-24T10:35:36.994+0000][1][safepoint    ] Total time for which application threads were stopped: 0.0003248 seconds, Stopping threads took: 0.0000798 seconds
[2019-06-24T10:35:37.995+0000][1][safepoint    ] Application time: 1.0002896 seconds
[2019-06-24T10:35:37.995+0000][1][safepoint    ] Entering safepoint region: Cleanup
[2019-06-24T10:35:37.995+0000][1][safepoint    ] Leaving safepoint region
[2019-06-24T10:35:37.995+0000][1][safepoint    ] Total time for which application threads were stopped: 0.0002892 seconds, Stopping threads took: 0.0000734 seconds
[2019-06-24T10:35:38.995+0000][1][safepoint    ] Application time: 1.0001404 seconds
[2019-06-24T10:35:38.995+0000][1][safepoint    ] Entering safepoint region: Cleanup
[2019-06-24T10:35:38.995+0000][1][safepoint    ] Leaving safepoint region
[2019-06-24T10:35:38.995+0000][1][safepoint    ] Total time for which application threads were stopped: 0.0001023 seconds, Stopping threads took: 0.0000259 seconds
[2019-06-24T10:35:39.996+0000][1][safepoint    ] Application time: 1.0002502 seconds
[2019-06-24T10:35:39.996+0000][1][safepoint    ] Entering safepoint region: Cleanup
[2019-06-24T10:35:39.996+0000][1][safepoint    ] Leaving safepoint region
[2019-06-24T10:35:39.996+0000][1][safepoint    ] Total time for which application threads were stopped: 0.0002834 seconds, Stopping threads took: 0.0000713 seconds
[2019-06-24T10:35:40.996+0000][1][safepoint    ] Application time: 1.0002668 seconds
[2019-06-24T10:35:40.997+0000][1][safepoint    ] Entering safepoint region: Cleanup
[2019-06-24T10:35:40.997+0000][1][safepoint    ] Leaving safepoint region
[2019-06-24T10:35:40.997+0000][1][safepoint    ] Total time for which application threads were stopped: 0.0002836 seconds, Stopping threads took: 0.0000698 seconds
[2019-06-24T10:35:41.997+0000][1][safepoint    ] Application time: 1.0001380 seconds
[2019-06-24T10:35:41.997+0000][1][safepoint    ] Entering safepoint region: Cleanup
[2019-06-24T10:35:41.997+0000][1][safepoint    ] Leaving safepoint region
[2019-06-24T10:35:41.997+0000][1][safepoint    ] Total time for which application threads were stopped: 0.0003268 seconds, Stopping threads took: 0.0000758 seconds
[2019-06-24T10:35:42.998+0000][1][safepoint    ] Application time: 1.0002173 seconds
[2019-06-24T10:35:42.998+0000][1][safepoint    ] Entering safepoint region: Cleanup
[2019-06-24T10:35:42.998+0000][1][safepoint    ] Leaving safepoint region
[2019-06-24T10:35:42.998+0000][1][safepoint    ] Total time for which application threads were stopped: 0.0003500 seconds, Stopping threads took: 0.0000952 seconds
[2019-06-24T10:35:43.999+0000][1][safepoint    ] Application time: 1.0003660 seconds
[2019-06-24T10:35:43.999+0000][1][safepoint    ] Entering safepoint region: Cleanup
[2019-06-24T10:35:43.999+0000][1][safepoint    ] Leaving safepoint region
[2019-06-24T10:35:43.999+0000][1][safepoint    ] Total time for which application threads were stopped: 0.0004234 seconds, Stopping threads took: 0.0001671 seconds
[2019-06-24T10:35:44.999+0000][1][safepoint    ] Application time: 1.0001306 seconds
[2019-06-24T10:35:44.999+0000][1][safepoint    ] Entering safepoint region: Cleanup
[2019-06-24T10:35:44.999+0000][1][safepoint    ] Leaving safepoint region
[2019-06-24T10:35:44.999+0000][1][safepoint    ] Total time for which application threads were stopped: 0.0001007 seconds, Stopping threads took: 0.0000252 seconds
[2019-06-24T10:35:46.000+0000][1][safepoint    ] Application time: 1.0002441 seconds
[2019-06-24T10:35:46.000+0000][1][safepoint    ] Entering safepoint region: Cleanup
[2019-06-24T10:35:46.000+0000][1][safepoint    ] Leaving safepoint region
[2019-06-24T10:35:46.000+0000][1][safepoint    ] Total time for which application threads were stopped: 0.0002815 seconds, Stopping threads took: 0.0000708 seconds
[2019-06-24T10:35:47.000+0000][1][safepoint    ] Application time: 1.0002669 seconds
[2019-06-24T10:35:47.001+0000][1][safepoint    ] Entering safepoint region: Cleanup
[2019-06-24T10:35:47.001+0000][1][safepoint    ] Leaving safepoint region
[2019-06-24T10:35:47.001+0000][1][safepoint    ] Total time for which application threads were stopped: 0.0002849 seconds, Stopping threads took: 0.0000724 seconds
[2019-06-24T10:35:48.001+0000][1][safepoint    ] Application time: 1.0002649 seconds
[2019-06-24T10:35:48.001+0000][1][safepoint    ] Entering safepoint region: Cleanup
[2019-06-24T10:35:48.001+0000][1][safepoint    ] Leaving safepoint region
[2019-06-24T10:35:48.001+0000][1][safepoint    ] Total time for which application threads were stopped: 0.0002716 seconds, Stopping threads took: 0.0000710 seconds
[2019-06-24T10:35:49.002+0000][1][safepoint    ] Application time: 1.0002711 seconds
[2019-06-24T10:35:49.002+0000][1][safepoint    ] Entering safepoint region: Cleanup
[2019-06-24T10:35:49.002+0000][1][safepoint    ] Leaving safepoint region
[2019-06-24T10:35:49.002+0000][1][safepoint    ] Total time for which application threads were stopped: 0.0002826 seconds, Stopping threads took: 0.0000714 seconds
[2019-06-24T10:35:50.002+0000][1][safepoint    ] Application time: 1.0001823 seconds
[2019-06-24T10:35:50.003+0000][1][safepoint    ] Entering safepoint region: Cleanup
[2019-06-24T10:35:50.003+0000][1][safepoint    ] Leaving safepoint region
[2019-06-24T10:35:50.003+0000][1][safepoint    ] Total time for which application threads were stopped: 0.0004453 seconds, Stopping threads took: 0.0001158 seconds
[2019-06-24T10:35:51.003+0000][1][safepoint    ] Application time: 1.0001666 seconds
[2019-06-24T10:35:51.003+0000][1][safepoint    ] Entering safepoint region: Cleanup
[2019-06-24T10:35:51.004+0000][1][safepoint    ] Leaving safepoint region
[2019-06-24T10:35:51.004+0000][1][safepoint    ] Total time for which application threads were stopped: 0.0003870 seconds, Stopping threads took: 0.0000765 seconds
[2019-06-24T10:35:52.004+0000][1][safepoint    ] Application time: 1.0002743 seconds
[2019-06-24T10:35:52.004+0000][1][safepoint    ] Entering safepoint region: Cleanup
[2019-06-24T10:35:52.004+0000][1][safepoint    ] Leaving safepoint region
[2019-06-24T10:35:52.005+0000][1][safepoint    ] Total time for which application threads were stopped: 0.0003466 seconds, Stopping threads took: 0.0000730 seconds
[2019-06-24T10:35:53.005+0000][1][safepoint    ] Application time: 1.0002244 seconds
[2019-06-24T10:35:53.005+0000][1][safepoint    ] Entering safepoint region: Cleanup
[2019-06-24T10:35:53.005+0000][1][safepoint    ] Leaving safepoint region
[2019-06-24T10:35:53.005+0000][1][safepoint    ] Total time for which application threads were stopped: 0.0003820 seconds, Stopping threads took: 0.0000755 seconds
[2019-06-24T10:35:54.006+0000][1][safepoint    ] Application time: 1.0002050 seconds
[2019-06-24T10:35:54.006+0000][1][safepoint    ] Entering safepoint region: Cleanup
[2019-06-24T10:35:54.006+0000][1][safepoint    ] Leaving safepoint region
[2019-06-24T10:35:54.006+0000][1][safepoint    ] Total time for which application threads were stopped: 0.0003405 seconds, Stopping threads took: 0.0000740 seconds
[2019-06-24T10:35:55.006+0000][1][safepoint    ] Application time: 1.0002644 seconds
[2019-06-24T10:35:55.007+0000][1][safepoint    ] Entering safepoint region: Cleanup
[2019-06-24T10:35:55.007+0000][1][safepoint    ] Leaving safepoint region
[2019-06-24T10:35:55.007+0000][1][safepoint    ] Total time for which application threads were stopped: 0.0004789 seconds, Stopping threads took: 0.0001489 seconds
[2019-06-24T10:35:56.007+0000][1][safepoint    ] Application time: 1.0002486 seconds
[2019-06-24T10:35:56.007+0000][1][safepoint    ] Entering safepoint region: Cleanup
[2019-06-24T10:35:56.008+0000][1][safepoint    ] Leaving safepoint region
[2019-06-24T10:35:56.008+0000][1][safepoint    ] Total time for which application threads were stopped: 0.0003714 seconds, Stopping threads took: 0.0000743 seconds
[2019-06-24T10:35:57.008+0000][1][safepoint    ] Application time: 1.0002349 seconds
[2019-06-24T10:35:57.008+0000][1][safepoint    ] Entering safepoint region: Cleanup
[2019-06-24T10:35:57.008+0000][1][safepoint    ] Leaving safepoint region
[2019-06-24T10:35:57.008+0000][1][safepoint    ] Total time for which application threads were stopped: 0.0003292 seconds, Stopping threads took: 0.0000727 seconds
[2019-06-24T10:35:58.009+0000][1][safepoint    ] Application time: 1.0002683 seconds
[2019-06-24T10:35:58.009+0000][1][safepoint    ] Entering safepoint region: Cleanup
[2019-06-24T10:35:58.009+0000][1][safepoint    ] Leaving safepoint region
[2019-06-24T10:35:58.009+0000][1][safepoint    ] Total time for which application threads were stopped: 0.0003460 seconds, Stopping threads took: 0.0000729 seconds
[2019-06-24T10:35:59.010+0000][1][safepoint    ] Application time: 1.0002738 seconds
[2019-06-24T10:35:59.010+0000][1][safepoint    ] Entering safepoint region: Cleanup
[2019-06-24T10:35:59.010+0000][1][safepoint    ] Leaving safepoint region
[2019-06-24T10:35:59.010+0000][1][safepoint    ] Total time for which application threads were stopped: 0.0003423 seconds, Stopping threads took: 0.0000722 seconds
[2019-06-24T10:36:00.010+0000][1][safepoint    ] Application time: 1.0002036 seconds
[2019-06-24T10:36:00.010+0000][1][safepoint    ] Entering safepoint region: Cleanup
[2019-06-24T10:36:00.011+0000][1][safepoint    ] Leaving safepoint region
[2019-06-24T10:36:00.011+0000][1][safepoint    ] Total time for which application threads were stopped: 0.0003833 seconds, Stopping threads took: 0.0000651 seconds
[2019-06-24T10:36:01.011+0000][1][safepoint    ] Application time: 1.0002222 seconds
[2019-06-24T10:36:01.011+0000][1][safepoint    ] Entering safepoint region: Cleanup
[2019-06-24T10:36:01.011+0000][1][safepoint    ] Leaving safepoint region
[2019-06-24T10:36:01.011+0000][1][safepoint    ] Total time for which application threads were stopped: 0.0002810 seconds, Stopping threads took: 0.0000700 seconds
[2019-06-24T10:36:02.012+0000][1][safepoint    ] Application time: 1.0002516 seconds
[2019-06-24T10:36:02.012+0000][1][safepoint    ] Entering safepoint region: Cleanup
[2019-06-24T10:36:02.012+0000][1][safepoint    ] Leaving safepoint region
[2019-06-24T10:36:02.012+0000][1][safepoint    ] Total time for which application threads were stopped: 0.0003003 seconds, Stopping threads took: 0.0000837 seconds
[2019-06-24T10:36:03.012+0000][1][safepoint    ] Application time: 1.0001811 seconds
[2019-06-24T10:36:03.012+0000][1][safepoint    ] Entering safepoint region: Cleanup
[2019-06-24T10:36:03.012+0000][1][safepoint    ] Leaving safepoint region
[2019-06-24T10:36:03.013+0000][1][safepoint    ] Total time for which application threads were stopped: 0.0001735 seconds, Stopping threads took: 0.0000432 seconds
[2019-06-24T10:36:04.013+0000][1][safepoint    ] Application time: 1.0002456 seconds
[2019-06-24T10:36:04.013+0000][1][safepoint    ] Entering safepoint region: Cleanup
[2019-06-24T10:36:04.013+0000][1][safepoint    ] Leaving safepoint region
[2019-06-24T10:36:04.013+0000][1][safepoint    ] Total time for which application threads were stopped: 0.0002661 seconds, Stopping threads took: 0.0000684 seconds
[2019-06-24T10:36:05.013+0000][1][safepoint    ] Application time: 1.0001854 seconds
[2019-06-24T10:36:05.014+0000][1][safepoint    ] Entering safepoint region: Cleanup
[2019-06-24T10:36:05.014+0000][1][safepoint    ] Leaving safepoint region
[2019-06-24T10:36:05.014+0000][1][safepoint    ] Total time for which application threads were stopped: 0.0002495 seconds, Stopping threads took: 0.0000630 seconds
[2019-06-24T10:36:06.014+0000][1][safepoint    ] Application time: 1.0001885 seconds
[2019-06-24T10:36:06.014+0000][1][safepoint    ] Entering safepoint region: Cleanup
[2019-06-24T10:36:06.014+0000][1][safepoint    ] Leaving safepoint region
[2019-06-24T10:36:06.014+0000][1][safepoint    ] Total time for which application threads were stopped: 0.0002801 seconds, Stopping threads took: 0.0000704 seconds
[2019-06-24T10:36:06.378+0000][1][safepoint    ] Application time: 0.3637347 seconds
[2019-06-24T10:36:06.378+0000][1][safepoint    ] Entering safepoint region: GenCollectForAllocation
[2019-06-24T10:36:06.379+0000][1][gc,start     ] GC(56) Pause Young (Allocation Failure)
[2019-06-24T10:36:06.379+0000][1][gc,task      ] GC(56) Using 5 workers of 8 for evacuation
[2019-06-24T10:36:06.381+0000][1][gc,age       ] GC(56) Desired survivor size 4456448 bytes, new threshold 6 (max threshold 6)
[2019-06-24T10:36:06.381+0000][1][gc,age       ] GC(56) Age table with threshold 6 (max threshold 6)
[2019-06-24T10:36:06.382+0000][1][gc,age       ] GC(56) - age   1:      12240 bytes,      12240 total
[2019-06-24T10:36:06.382+0000][1][gc,age       ] GC(56) - age   2:         64 bytes,      12304 total
[2019-06-24T10:36:06.382+0000][1][gc,age       ] GC(56) - age   4:         32 bytes,      12336 total
[2019-06-24T10:36:06.382+0000][1][gc,age       ] GC(56) - age   6:        512 bytes,      12848 total
[2019-06-24T10:36:06.382+0000][1][gc,heap      ] GC(56) ParNew: 69966K->16K(78656K)
[2019-06-24T10:36:06.382+0000][1][gc,heap      ] GC(56) CMS: 70587K->70587K(174784K)
[2019-06-24T10:36:06.382+0000][1][gc,metaspace ] GC(56) Metaspace: 70580K->70580K(1114112K)
[2019-06-24T10:36:06.382+0000][1][gc           ] GC(56) Pause Young (Allocation Failure) 137M->68M(247M) 3.141ms
[2019-06-24T10:36:06.382+0000][1][gc,cpu       ] GC(56) User=0.00s Sys=0.00s Real=0.00s
[2019-06-24T10:36:06.382+0000][1][safepoint    ] Leaving safepoint region
[2019-06-24T10:36:06.382+0000][1][safepoint    ] Total time for which application threads were stopped: 0.0037191 seconds, Stopping threads took: 0.0000717 seconds
[2019-06-24T10:36:07.382+0000][1][safepoint    ] Application time: 1.0003119 seconds
[2019-06-24T10:36:07.382+0000][1][safepoint    ] Entering safepoint region: Cleanup
[2019-06-24T10:36:07.383+0000][1][safepoint    ] Leaving safepoint region
[2019-06-24T10:36:07.383+0000][1][safepoint    ] Total time for which application threads were stopped: 0.0004803 seconds, Stopping threads took: 0.0001514 seconds
[2019-06-24T10:36:08.383+0000][1][safepoint    ] Application time: 1.0002269 seconds
[2019-06-24T10:36:08.383+0000][1][safepoint    ] Entering safepoint region: Cleanup
[2019-06-24T10:36:08.384+0000][1][safepoint    ] Leaving safepoint region
[2019-06-24T10:36:08.384+0000][1][safepoint    ] Total time for which application threads were stopped: 0.0003858 seconds, Stopping threads took: 0.0000900 seconds
[2019-06-24T10:36:09.384+0000][1][safepoint    ] Application time: 1.0002292 seconds
[2019-06-24T10:36:09.384+0000][1][safepoint    ] Entering safepoint region: Cleanup
[2019-06-24T10:36:09.384+0000][1][safepoint    ] Leaving safepoint region
[2019-06-24T10:36:09.384+0000][1][safepoint    ] Total time for which application threads were stopped: 0.0002839 seconds, Stopping threads took: 0.0000730 seconds
[2019-06-24T10:36:10.385+0000][1][safepoint    ] Application time: 1.0001961 seconds
[2019-06-24T10:36:10.385+0000][1][safepoint    ] Entering safepoint region: Cleanup
[2019-06-24T10:36:10.385+0000][1][safepoint    ] Leaving safepoint region
[2019-06-24T10:36:10.385+0000][1][safepoint    ] Total time for which application threads were stopped: 0.0003304 seconds, Stopping threads took: 0.0000823 seconds
[2019-06-24T10:36:11.385+0000][1][safepoint    ] Application time: 1.0003017 seconds
[2019-06-24T10:36:11.385+0000][1][safepoint    ] Entering safepoint region: Cleanup
[2019-06-24T10:36:11.385+0000][1][safepoint    ] Leaving safepoint region
[2019-06-24T10:36:11.385+0000][1][safepoint    ] Total time for which application threads were stopped: 0.0001132 seconds, Stopping threads took: 0.0000280 seconds
[2019-06-24T10:36:12.386+0000][1][safepoint    ] Application time: 1.0002563 seconds
[2019-06-24T10:36:12.386+0000][1][safepoint    ] Entering safepoint region: Cleanup
[2019-06-24T10:36:12.386+0000][1][safepoint    ] Leaving safepoint region
[2019-06-24T10:36:12.386+0000][1][safepoint    ] Total time for which application threads were stopped: 0.0003734 seconds, Stopping threads took: 0.0000720 seconds
[2019-06-24T10:36:13.387+0000][1][safepoint    ] Application time: 1.0002612 seconds
[2019-06-24T10:36:13.387+0000][1][safepoint    ] Entering safepoint region: Cleanup
[2019-06-24T10:36:13.387+0000][1][safepoint    ] Leaving safepoint region
[2019-06-24T10:36:13.387+0000][1][safepoint    ] Total time for which application threads were stopped: 0.0003509 seconds, Stopping threads took: 0.0001157 seconds
[2019-06-24T10:36:14.387+0000][1][safepoint    ] Application time: 1.0002899 seconds
[2019-06-24T10:36:14.388+0000][1][safepoint    ] Entering safepoint region: Cleanup
[2019-06-24T10:36:14.388+0000][1][safepoint    ] Leaving safepoint region
[2019-06-24T10:36:14.388+0000][1][safepoint    ] Total time for which application threads were stopped: 0.0002972 seconds, Stopping threads took: 0.0000820 seconds
[2019-06-24T10:36:15.388+0000][1][safepoint    ] Application time: 1.0001877 seconds
[2019-06-24T10:36:15.388+0000][1][safepoint    ] Entering safepoint region: Cleanup
[2019-06-24T10:36:15.388+0000][1][safepoint    ] Leaving safepoint region
[2019-06-24T10:36:15.388+0000][1][safepoint    ] Total time for which application threads were stopped: 0.0003084 seconds, Stopping threads took: 0.0001087 seconds
[2019-06-24T10:36:16.389+0000][1][safepoint    ] Application time: 1.0002780 seconds
[2019-06-24T10:36:16.389+0000][1][safepoint    ] Entering safepoint region: Cleanup
[2019-06-24T10:36:16.389+0000][1][safepoint    ] Leaving safepoint region
[2019-06-24T10:36:16.389+0000][1][safepoint    ] Total time for which application threads were stopped: 0.0001130 seconds, Stopping threads took: 0.0000285 seconds
[2019-06-24T10:36:17.802+0000][1][safepoint    ] Application time: 1.4128475 seconds
[2019-06-24T10:36:17.802+0000][1][safepoint    ] Entering safepoint region: Cleanup
[2019-06-24T10:36:17.802+0000][1][safepoint    ] Leaving safepoint region
[2019-06-24T10:36:17.802+0000][1][safepoint    ] Total time for which application threads were stopped: 0.0001221 seconds, Stopping threads took: 0.0000317 seconds
[2019-06-24T10:36:18.802+0000][1][safepoint    ] Application time: 1.0002677 seconds
[2019-06-24T10:36:18.802+0000][1][safepoint    ] Entering safepoint region: Cleanup
[2019-06-24T10:36:18.803+0000][1][safepoint    ] Leaving safepoint region
[2019-06-24T10:36:18.803+0000][1][safepoint    ] Total time for which application threads were stopped: 0.0004401 seconds, Stopping threads took: 0.0000941 seconds
[2019-06-24T10:36:19.803+0000][1][safepoint    ] Application time: 1.0002198 seconds
[2019-06-24T10:36:19.803+0000][1][safepoint    ] Entering safepoint region: Cleanup
[2019-06-24T10:36:19.804+0000][1][safepoint    ] Leaving safepoint region
[2019-06-24T10:36:19.804+0000][1][safepoint    ] Total time for which application threads were stopped: 0.0003563 seconds, Stopping threads took: 0.0000915 seconds
[2019-06-24T10:36:20.804+0000][1][safepoint    ] Application time: 1.0002435 seconds
[2019-06-24T10:36:20.804+0000][1][safepoint    ] Entering safepoint region: Cleanup
[2019-06-24T10:36:20.804+0000][1][safepoint    ] Leaving safepoint region
[2019-06-24T10:36:20.804+0000][1][safepoint    ] Total time for which application threads were stopped: 0.0002661 seconds, Stopping threads took: 0.0000725 seconds
[2019-06-24T10:36:21.805+0000][1][safepoint    ] Application time: 1.0002799 seconds
[2019-06-24T10:36:21.805+0000][1][safepoint    ] Entering safepoint region: Cleanup
[2019-06-24T10:36:21.805+0000][1][safepoint    ] Leaving safepoint region
[2019-06-24T10:36:21.805+0000][1][safepoint    ] Total time for which application threads were stopped: 0.0001144 seconds, Stopping threads took: 0.0000302 seconds
[2019-06-24T10:36:22.805+0000][1][safepoint    ] Application time: 1.0002532 seconds
[2019-06-24T10:36:22.805+0000][1][safepoint    ] Entering safepoint region: Cleanup
[2019-06-24T10:36:22.805+0000][1][safepoint    ] Leaving safepoint region
[2019-06-24T10:36:22.805+0000][1][safepoint    ] Total time for which application threads were stopped: 0.0003143 seconds, Stopping threads took: 0.0000859 seconds
[2019-06-24T10:36:23.806+0000][1][safepoint    ] Application time: 1.0002638 seconds
[2019-06-24T10:36:23.806+0000][1][safepoint    ] Entering safepoint region: Cleanup
[2019-06-24T10:36:23.806+0000][1][safepoint    ] Leaving safepoint region
[2019-06-24T10:36:23.806+0000][1][safepoint    ] Total time for which application threads were stopped: 0.0003724 seconds, Stopping threads took: 0.0000716 seconds
[2019-06-24T10:36:24.807+0000][1][safepoint    ] Application time: 1.0003017 seconds
[2019-06-24T10:36:24.807+0000][1][safepoint    ] Entering safepoint region: Cleanup
[2019-06-24T10:36:24.807+0000][1][safepoint    ] Leaving safepoint region
[2019-06-24T10:36:24.807+0000][1][safepoint    ] Total time for which application threads were stopped: 0.0001770 seconds, Stopping threads took: 0.0000426 seconds
[2019-06-24T10:36:25.807+0000][1][safepoint    ] Application time: 1.0001457 seconds
[2019-06-24T10:36:25.807+0000][1][safepoint    ] Entering safepoint region: Cleanup
[2019-06-24T10:36:25.807+0000][1][safepoint    ] Leaving safepoint region
[2019-06-24T10:36:25.807+0000][1][safepoint    ] Total time for which application threads were stopped: 0.0003706 seconds, Stopping threads took: 0.0001060 seconds
[2019-06-24T10:36:26.808+0000][1][safepoint    ] Application time: 1.0002506 seconds
[2019-06-24T10:36:26.808+0000][1][safepoint    ] Entering safepoint region: Cleanup
[2019-06-24T10:36:26.808+0000][1][safepoint    ] Leaving safepoint region
[2019-06-24T10:36:26.808+0000][1][safepoint    ] Total time for which application threads were stopped: 0.0003833 seconds, Stopping threads took: 0.0000727 seconds
[2019-06-24T10:36:27.809+0000][1][safepoint    ] Application time: 1.0002677 seconds
[2019-06-24T10:36:27.809+0000][1][safepoint    ] Entering safepoint region: Cleanup
[2019-06-24T10:36:27.809+0000][1][safepoint    ] Leaving safepoint region
[2019-06-24T10:36:27.809+0000][1][safepoint    ] Total time for which application threads were stopped: 0.0003254 seconds, Stopping threads took: 0.0000722 seconds
[2019-06-24T10:36:28.809+0000][1][safepoint    ] Application time: 1.0002740 seconds
[2019-06-24T10:36:28.809+0000][1][safepoint    ] Entering safepoint region: Cleanup
[2019-06-24T10:36:28.810+0000][1][safepoint    ] Leaving safepoint region
[2019-06-24T10:36:28.810+0000][1][safepoint    ] Total time for which application threads were stopped: 0.0001874 seconds, Stopping threads took: 0.0000420 seconds
[2019-06-24T10:36:29.810+0000][1][safepoint    ] Application time: 1.0002662 seconds
[2019-06-24T10:36:29.810+0000][1][safepoint    ] Entering safepoint region: Cleanup
[2019-06-24T10:36:29.810+0000][1][safepoint    ] Leaving safepoint region
[2019-06-24T10:36:29.810+0000][1][safepoint    ] Total time for which application threads were stopped: 0.0003816 seconds, Stopping threads took: 0.0000719 seconds
[2019-06-24T10:36:30.811+0000][1][safepoint    ] Application time: 1.0000933 seconds
[2019-06-24T10:36:30.811+0000][1][safepoint    ] Entering safepoint region: Cleanup
[2019-06-24T10:36:30.811+0000][1][safepoint    ] Leaving safepoint region
[2019-06-24T10:36:30.811+0000][1][safepoint    ] Total time for which application threads were stopped: 0.0001696 seconds, Stopping threads took: 0.0000377 seconds
[2019-06-24T10:36:31.811+0000][1][safepoint    ] Application time: 1.0001224 seconds
[2019-06-24T10:36:31.811+0000][1][safepoint    ] Entering safepoint region: Cleanup
[2019-06-24T10:36:31.811+0000][1][safepoint    ] Leaving safepoint region
[2019-06-24T10:36:31.811+0000][1][safepoint    ] Total time for which application threads were stopped: 0.0003820 seconds, Stopping threads took: 0.0000723 seconds
[2019-06-24T10:36:32.812+0000][1][safepoint    ] Application time: 1.0001340 seconds
[2019-06-24T10:36:32.812+0000][1][safepoint    ] Entering safepoint region: Cleanup
[2019-06-24T10:36:32.812+0000][1][safepoint    ] Leaving safepoint region
[2019-06-24T10:36:32.812+0000][1][safepoint    ] Total time for which application threads were stopped: 0.0002848 seconds, Stopping threads took: 0.0000594 seconds
[2019-06-24T10:36:33.812+0000][1][safepoint    ] Application time: 1.0002054 seconds
[2019-06-24T10:36:33.812+0000][1][safepoint    ] Entering safepoint region: Cleanup
[2019-06-24T10:36:33.813+0000][1][safepoint    ] Leaving safepoint region
[2019-06-24T10:36:33.813+0000][1][safepoint    ] Total time for which application threads were stopped: 0.0003738 seconds, Stopping threads took: 0.0000788 seconds
[2019-06-24T10:36:34.813+0000][1][safepoint    ] Application time: 1.0001329 seconds
[2019-06-24T10:36:34.813+0000][1][safepoint    ] Entering safepoint region: Cleanup
[2019-06-24T10:36:34.813+0000][1][safepoint    ] Leaving safepoint region
[2019-06-24T10:36:34.813+0000][1][safepoint    ] Total time for which application threads were stopped: 0.0000875 seconds, Stopping threads took: 0.0000228 seconds
[2019-06-24T10:36:35.813+0000][1][safepoint    ] Application time: 1.0002303 seconds
[2019-06-24T10:36:35.813+0000][1][safepoint    ] Entering safepoint region: Cleanup
[2019-06-24T10:36:35.814+0000][1][safepoint    ] Leaving safepoint region
[2019-06-24T10:36:35.814+0000][1][safepoint    ] Total time for which application threads were stopped: 0.0003684 seconds, Stopping threads took: 0.0001038 seconds
[2019-06-24T10:36:36.814+0000][1][safepoint    ] Application time: 1.0002494 seconds
[2019-06-24T10:36:36.814+0000][1][safepoint    ] Entering safepoint region: Cleanup
[2019-06-24T10:36:36.814+0000][1][safepoint    ] Leaving safepoint region
[2019-06-24T10:36:36.814+0000][1][safepoint    ] Total time for which application threads were stopped: 0.0002910 seconds, Stopping threads took: 0.0000696 seconds
[2019-06-24T10:36:37.815+0000][1][safepoint    ] Application time: 1.0001786 seconds
[2019-06-24T10:36:37.815+0000][1][safepoint    ] Entering safepoint region: Cleanup
[2019-06-24T10:36:37.815+0000][1][safepoint    ] Leaving safepoint region
[2019-06-24T10:36:37.815+0000][1][safepoint    ] Total time for which application threads were stopped: 0.0002619 seconds, Stopping threads took: 0.0000705 seconds
[2019-06-24T10:36:38.815+0000][1][safepoint    ] Application time: 1.0001852 seconds
[2019-06-24T10:36:38.815+0000][1][safepoint    ] Entering safepoint region: Cleanup
[2019-06-24T10:36:38.816+0000][1][safepoint    ] Leaving safepoint region
[2019-06-24T10:36:38.816+0000][1][safepoint    ] Total time for which application threads were stopped: 0.0002651 seconds, Stopping threads took: 0.0000707 seconds
[2019-06-24T10:36:39.816+0000][1][safepoint    ] Application time: 1.0001166 seconds
[2019-06-24T10:36:39.816+0000][1][safepoint    ] Entering safepoint region: Cleanup
[2019-06-24T10:36:39.816+0000][1][safepoint    ] Leaving safepoint region
[2019-06-24T10:36:39.816+0000][1][safepoint    ] Total time for which application threads were stopped: 0.0002681 seconds, Stopping threads took: 0.0000719 seconds
[2019-06-24T10:36:40.817+0000][1][safepoint    ] Application time: 1.0002741 seconds
[2019-06-24T10:36:40.817+0000][1][safepoint    ] Entering safepoint region: Cleanup
[2019-06-24T10:36:40.817+0000][1][safepoint    ] Leaving safepoint region
[2019-06-24T10:36:40.817+0000][1][safepoint    ] Total time for which application threads were stopped: 0.0002964 seconds, Stopping threads took: 0.0000910 seconds
[2019-06-24T10:36:41.817+0000][1][safepoint    ] Application time: 1.0002042 seconds
[2019-06-24T10:36:41.817+0000][1][safepoint    ] Entering safepoint region: Cleanup
[2019-06-24T10:36:41.818+0000][1][safepoint    ] Leaving safepoint region
[2019-06-24T10:36:41.818+0000][1][safepoint    ] Total time for which application threads were stopped: 0.0002792 seconds, Stopping threads took: 0.0000731 seconds
[2019-06-24T10:36:42.818+0000][1][safepoint    ] Application time: 1.0002643 seconds
[2019-06-24T10:36:42.818+0000][1][safepoint    ] Entering safepoint region: Cleanup
[2019-06-24T10:36:42.818+0000][1][safepoint    ] Leaving safepoint region
[2019-06-24T10:36:42.818+0000][1][safepoint    ] Total time for which application threads were stopped: 0.0002813 seconds, Stopping threads took: 0.0000874 seconds
[2019-06-24T10:36:43.819+0000][1][safepoint    ] Application time: 1.0002872 seconds
[2019-06-24T10:36:43.819+0000][1][safepoint    ] Entering safepoint region: Cleanup
[2019-06-24T10:36:43.819+0000][1][safepoint    ] Leaving safepoint region
[2019-06-24T10:36:43.819+0000][1][safepoint    ] Total time for which application threads were stopped: 0.0002772 seconds, Stopping threads took: 0.0000850 seconds
[2019-06-24T10:36:44.819+0000][1][safepoint    ] Application time: 1.0002692 seconds
[2019-06-24T10:36:44.820+0000][1][safepoint    ] Entering safepoint region: Cleanup
[2019-06-24T10:36:44.820+0000][1][safepoint    ] Leaving safepoint region
[2019-06-24T10:36:44.820+0000][1][safepoint    ] Total time for which application threads were stopped: 0.0003223 seconds, Stopping threads took: 0.0000874 seconds
[2019-06-24T10:36:45.820+0000][1][safepoint    ] Application time: 1.0001824 seconds
[2019-06-24T10:36:45.820+0000][1][safepoint    ] Entering safepoint region: Cleanup
[2019-06-24T10:36:45.820+0000][1][safepoint    ] Leaving safepoint region
[2019-06-24T10:36:45.820+0000][1][safepoint    ] Total time for which application threads were stopped: 0.0002706 seconds, Stopping threads took: 0.0000758 seconds
[2019-06-24T10:36:46.821+0000][1][safepoint    ] Application time: 1.0001506 seconds
[2019-06-24T10:36:46.821+0000][1][safepoint    ] Entering safepoint region: Cleanup
[2019-06-24T10:36:46.821+0000][1][safepoint    ] Leaving safepoint region
[2019-06-24T10:36:46.821+0000][1][safepoint    ] Total time for which application threads were stopped: 0.0001241 seconds, Stopping threads took: 0.0000332 seconds
[2019-06-24T10:36:47.821+0000][1][safepoint    ] Application time: 1.0002547 seconds
[2019-06-24T10:36:47.821+0000][1][safepoint    ] Entering safepoint region: Cleanup
[2019-06-24T10:36:47.821+0000][1][safepoint    ] Leaving safepoint region
[2019-06-24T10:36:47.821+0000][1][safepoint    ] Total time for which application threads were stopped: 0.0002837 seconds, Stopping threads took: 0.0000700 seconds
[2019-06-24T10:36:49.380+0000][1][safepoint    ] Application time: 1.5583497 seconds
[2019-06-24T10:36:49.380+0000][1][safepoint    ] Entering safepoint region: Cleanup
[2019-06-24T10:36:49.380+0000][1][safepoint    ] Leaving safepoint region
[2019-06-24T10:36:49.380+0000][1][safepoint    ] Total time for which application threads were stopped: 0.0002834 seconds, Stopping threads took: 0.0000708 seconds
[2019-06-24T10:36:50.380+0000][1][safepoint    ] Application time: 1.0001348 seconds
[2019-06-24T10:36:50.380+0000][1][safepoint    ] Entering safepoint region: Cleanup
[2019-06-24T10:36:50.381+0000][1][safepoint    ] Leaving safepoint region
[2019-06-24T10:36:50.381+0000][1][safepoint    ] Total time for which application threads were stopped: 0.0003385 seconds, Stopping threads took: 0.0001091 seconds
[2019-06-24T10:36:51.381+0000][1][safepoint    ] Application time: 1.0001992 seconds
[2019-06-24T10:36:51.381+0000][1][safepoint    ] Entering safepoint region: Cleanup
[2019-06-24T10:36:51.381+0000][1][safepoint    ] Leaving safepoint region
[2019-06-24T10:36:51.381+0000][1][safepoint    ] Total time for which application threads were stopped: 0.0002949 seconds, Stopping threads took: 0.0001067 seconds
[2019-06-24T10:36:52.382+0000][1][safepoint    ] Application time: 1.0002027 seconds
[2019-06-24T10:36:52.382+0000][1][safepoint    ] Entering safepoint region: Cleanup
[2019-06-24T10:36:52.382+0000][1][safepoint    ] Leaving safepoint region
[2019-06-24T10:36:52.382+0000][1][safepoint    ] Total time for which application threads were stopped: 0.0003482 seconds, Stopping threads took: 0.0001141 seconds
[2019-06-24T10:36:53.382+0000][1][safepoint    ] Application time: 1.0002951 seconds
[2019-06-24T10:36:53.383+0000][1][safepoint    ] Entering safepoint region: Cleanup
[2019-06-24T10:36:53.383+0000][1][safepoint    ] Leaving safepoint region
[2019-06-24T10:36:53.383+0000][1][safepoint    ] Total time for which application threads were stopped: 0.0002026 seconds, Stopping threads took: 0.0000696 seconds
[2019-06-24T10:36:54.383+0000][1][safepoint    ] Application time: 1.0002520 seconds
[2019-06-24T10:36:54.383+0000][1][safepoint    ] Entering safepoint region: Cleanup
[2019-06-24T10:36:54.383+0000][1][safepoint    ] Leaving safepoint region
[2019-06-24T10:36:54.383+0000][1][safepoint    ] Total time for which application threads were stopped: 0.0002889 seconds, Stopping threads took: 0.0000741 seconds
[2019-06-24T10:36:55.384+0000][1][safepoint    ] Application time: 1.0001902 seconds
[2019-06-24T10:36:55.384+0000][1][safepoint    ] Entering safepoint region: Cleanup
[2019-06-24T10:36:55.384+0000][1][safepoint    ] Leaving safepoint region
[2019-06-24T10:36:55.384+0000][1][safepoint    ] Total time for which application threads were stopped: 0.0002832 seconds, Stopping threads took: 0.0000702 seconds
[2019-06-24T10:36:56.384+0000][1][safepoint    ] Application time: 1.0003253 seconds
[2019-06-24T10:36:56.385+0000][1][safepoint    ] Entering safepoint region: Cleanup
[2019-06-24T10:36:56.385+0000][1][safepoint    ] Leaving safepoint region
[2019-06-24T10:36:56.385+0000][1][safepoint    ] Total time for which application threads were stopped: 0.0007190 seconds, Stopping threads took: 0.0001929 seconds
[2019-06-24T10:36:57.386+0000][1][safepoint    ] Application time: 1.0002714 seconds
[2019-06-24T10:36:57.386+0000][1][safepoint    ] Entering safepoint region: Cleanup
[2019-06-24T10:36:57.386+0000][1][safepoint    ] Leaving safepoint region
[2019-06-24T10:36:57.386+0000][1][safepoint    ] Total time for which application threads were stopped: 0.0003296 seconds, Stopping threads took: 0.0000716 seconds
[2019-06-24T10:36:58.387+0000][1][safepoint    ] Application time: 1.0002575 seconds
[2019-06-24T10:36:58.387+0000][1][safepoint    ] Entering safepoint region: Cleanup
[2019-06-24T10:36:58.387+0000][1][safepoint    ] Leaving safepoint region
[2019-06-24T10:36:58.387+0000][1][safepoint    ] Total time for which application threads were stopped: 0.0001381 seconds, Stopping threads took: 0.0000372 seconds
[2019-06-24T10:36:59.387+0000][1][safepoint    ] Application time: 1.0000914 seconds
[2019-06-24T10:36:59.387+0000][1][safepoint    ] Entering safepoint region: Cleanup
[2019-06-24T10:36:59.387+0000][1][safepoint    ] Leaving safepoint region
[2019-06-24T10:36:59.387+0000][1][safepoint    ] Total time for which application threads were stopped: 0.0001273 seconds, Stopping threads took: 0.0000320 seconds
[2019-06-24T10:37:00.387+0000][1][safepoint    ] Application time: 1.0001520 seconds
[2019-06-24T10:37:00.387+0000][1][safepoint    ] Entering safepoint region: Cleanup
[2019-06-24T10:37:00.387+0000][1][safepoint    ] Leaving safepoint region
[2019-06-24T10:37:00.387+0000][1][safepoint    ] Total time for which application threads were stopped: 0.0001453 seconds, Stopping threads took: 0.0000357 seconds
[2019-06-24T10:37:01.388+0000][1][safepoint    ] Application time: 1.0002713 seconds
[2019-06-24T10:37:01.388+0000][1][safepoint    ] Entering safepoint region: Cleanup
[2019-06-24T10:37:01.388+0000][1][safepoint    ] Leaving safepoint region
[2019-06-24T10:37:01.388+0000][1][safepoint    ] Total time for which application threads were stopped: 0.0003604 seconds, Stopping threads took: 0.0001159 seconds
[2019-06-24T10:37:02.388+0000][1][safepoint    ] Application time: 1.0002775 seconds
[2019-06-24T10:37:02.389+0000][1][safepoint    ] Entering safepoint region: Cleanup
[2019-06-24T10:37:02.389+0000][1][safepoint    ] Leaving safepoint region
[2019-06-24T10:37:02.389+0000][1][safepoint    ] Total time for which application threads were stopped: 0.0002861 seconds, Stopping threads took: 0.0000736 seconds
[2019-06-24T10:37:03.389+0000][1][safepoint    ] Application time: 1.0002720 seconds
[2019-06-24T10:37:03.389+0000][1][safepoint    ] Entering safepoint region: Cleanup
[2019-06-24T10:37:03.390+0000][1][safepoint    ] Leaving safepoint region
[2019-06-24T10:37:03.390+0000][1][safepoint    ] Total time for which application threads were stopped: 0.0002872 seconds, Stopping threads took: 0.0000728 seconds
[2019-06-24T10:37:04.390+0000][1][safepoint    ] Application time: 1.0002581 seconds
[2019-06-24T10:37:04.390+0000][1][safepoint    ] Entering safepoint region: Cleanup
[2019-06-24T10:37:04.390+0000][1][safepoint    ] Leaving safepoint region
[2019-06-24T10:37:04.390+0000][1][safepoint    ] Total time for which application threads were stopped: 0.0003046 seconds, Stopping threads took: 0.0001081 seconds
[2019-06-24T10:37:05.391+0000][1][safepoint    ] Application time: 1.0003203 seconds
[2019-06-24T10:37:05.391+0000][1][safepoint    ] Entering safepoint region: Cleanup
[2019-06-24T10:37:05.391+0000][1][safepoint    ] Leaving safepoint region
[2019-06-24T10:37:05.391+0000][1][safepoint    ] Total time for which application threads were stopped: 0.0002884 seconds, Stopping threads took: 0.0000728 seconds
[2019-06-24T10:37:06.391+0000][1][safepoint    ] Application time: 1.0002458 seconds
[2019-06-24T10:37:06.391+0000][1][safepoint    ] Entering safepoint region: Cleanup
[2019-06-24T10:37:06.392+0000][1][safepoint    ] Leaving safepoint region
[2019-06-24T10:37:06.392+0000][1][safepoint    ] Total time for which application threads were stopped: 0.0003208 seconds, Stopping threads took: 0.0000898 seconds
[2019-06-24T10:37:07.392+0000][1][safepoint    ] Application time: 1.0002748 seconds
[2019-06-24T10:37:07.392+0000][1][safepoint    ] Entering safepoint region: Cleanup
[2019-06-24T10:37:07.392+0000][1][safepoint    ] Leaving safepoint region
[2019-06-24T10:37:07.393+0000][1][safepoint    ] Total time for which application threads were stopped: 0.0003246 seconds, Stopping threads took: 0.0001297 seconds
[2019-06-24T10:37:08.393+0000][1][safepoint    ] Application time: 1.0002592 seconds
[2019-06-24T10:37:08.393+0000][1][safepoint    ] Entering safepoint region: Cleanup
[2019-06-24T10:37:08.393+0000][1][safepoint    ] Leaving safepoint region
[2019-06-24T10:37:08.393+0000][1][safepoint    ] Total time for which application threads were stopped: 0.0002668 seconds, Stopping threads took: 0.0000714 seconds
[2019-06-24T10:37:09.393+0000][1][safepoint    ] Application time: 1.0002660 seconds
[2019-06-24T10:37:09.394+0000][1][safepoint    ] Entering safepoint region: Cleanup
[2019-06-24T10:37:09.394+0000][1][safepoint    ] Leaving safepoint region
[2019-06-24T10:37:09.394+0000][1][safepoint    ] Total time for which application threads were stopped: 0.0002733 seconds, Stopping threads took: 0.0000720 seconds
[2019-06-24T10:37:10.394+0000][1][safepoint    ] Application time: 1.0002777 seconds
[2019-06-24T10:37:10.394+0000][1][safepoint    ] Entering safepoint region: Cleanup
[2019-06-24T10:37:10.395+0000][1][safepoint    ] Leaving safepoint region
[2019-06-24T10:37:10.395+0000][1][safepoint    ] Total time for which application threads were stopped: 0.0004551 seconds, Stopping threads took: 0.0000712 seconds
[2019-06-24T10:37:11.395+0000][1][safepoint    ] Application time: 1.0002779 seconds
[2019-06-24T10:37:11.395+0000][1][safepoint    ] Entering safepoint region: Cleanup
[2019-06-24T10:37:11.395+0000][1][safepoint    ] Leaving safepoint region
[2019-06-24T10:37:11.395+0000][1][safepoint    ] Total time for which application threads were stopped: 0.0002731 seconds, Stopping threads took: 0.0000713 seconds
[2019-06-24T10:37:12.396+0000][1][safepoint    ] Application time: 1.0002012 seconds
[2019-06-24T10:37:12.396+0000][1][safepoint    ] Entering safepoint region: Cleanup
[2019-06-24T10:37:12.396+0000][1][safepoint    ] Leaving safepoint region
[2019-06-24T10:37:12.396+0000][1][safepoint    ] Total time for which application threads were stopped: 0.0004488 seconds, Stopping threads took: 0.0001233 seconds
[2019-06-24T10:37:13.397+0000][1][safepoint    ] Application time: 1.0002447 seconds
[2019-06-24T10:37:13.397+0000][1][safepoint    ] Entering safepoint region: Cleanup
[2019-06-24T10:37:13.397+0000][1][safepoint    ] Leaving safepoint region
[2019-06-24T10:37:13.397+0000][1][safepoint    ] Total time for which application threads were stopped: 0.0003144 seconds, Stopping threads took: 0.0000812 seconds
[2019-06-24T10:37:14.397+0000][1][safepoint    ] Application time: 1.0002816 seconds
[2019-06-24T10:37:14.397+0000][1][safepoint    ] Entering safepoint region: Cleanup
[2019-06-24T10:37:14.398+0000][1][safepoint    ] Leaving safepoint region
[2019-06-24T10:37:14.398+0000][1][safepoint    ] Total time for which application threads were stopped: 0.0003243 seconds, Stopping threads took: 0.0001069 seconds
[2019-06-24T10:37:15.398+0000][1][safepoint    ] Application time: 1.0002550 seconds
[2019-06-24T10:37:15.398+0000][1][safepoint    ] Entering safepoint region: Cleanup
[2019-06-24T10:37:15.398+0000][1][safepoint    ] Leaving safepoint region
[2019-06-24T10:37:15.399+0000][1][safepoint    ] Total time for which application threads were stopped: 0.0004788 seconds, Stopping threads took: 0.0000731 seconds
[2019-06-24T10:37:16.399+0000][1][safepoint    ] Application time: 1.0001463 seconds
[2019-06-24T10:37:16.399+0000][1][safepoint    ] Entering safepoint region: Cleanup
[2019-06-24T10:37:16.399+0000][1][safepoint    ] Leaving safepoint region
[2019-06-24T10:37:16.399+0000][1][safepoint    ] Total time for which application threads were stopped: 0.0003066 seconds, Stopping threads took: 0.0001004 seconds
[2019-06-24T10:37:17.400+0000][1][safepoint    ] Application time: 1.0002468 seconds
[2019-06-24T10:37:17.400+0000][1][safepoint    ] Entering safepoint region: Cleanup
[2019-06-24T10:37:17.400+0000][1][safepoint    ] Leaving safepoint region
[2019-06-24T10:37:17.400+0000][1][safepoint    ] Total time for which application threads were stopped: 0.0002777 seconds, Stopping threads took: 0.0000735 seconds
[2019-06-24T10:37:18.306+0000][1][safepoint    ] Application time: 0.9056100 seconds
[2019-06-24T10:37:18.306+0000][1][safepoint    ] Entering safepoint region: GenCollectForAllocation
[2019-06-24T10:37:18.306+0000][1][gc,start     ] GC(57) Pause Young (Allocation Failure)
[2019-06-24T10:37:18.306+0000][1][gc,task      ] GC(57) Using 5 workers of 8 for evacuation
[2019-06-24T10:37:18.309+0000][1][gc,age       ] GC(57) Desired survivor size 4456448 bytes, new threshold 6 (max threshold 6)
[2019-06-24T10:37:18.309+0000][1][gc,age       ] GC(57) Age table with threshold 6 (max threshold 6)
[2019-06-24T10:37:18.309+0000][1][gc,age       ] GC(57) - age   1:       4952 bytes,       4952 total
[2019-06-24T10:37:18.309+0000][1][gc,age       ] GC(57) - age   2:       7408 bytes,      12360 total
[2019-06-24T10:37:18.309+0000][1][gc,age       ] GC(57) - age   5:         32 bytes,      12392 total
[2019-06-24T10:37:18.309+0000][1][gc,heap      ] GC(57) ParNew: 69934K->18K(78656K)
[2019-06-24T10:37:18.309+0000][1][gc,heap      ] GC(57) CMS: 70587K->70588K(174784K)
[2019-06-24T10:37:18.309+0000][1][gc,metaspace ] GC(57) Metaspace: 70588K->70588K(1114112K)
[2019-06-24T10:37:18.309+0000][1][gc           ] GC(57) Pause Young (Allocation Failure) 137M->68M(247M) 2.901ms
[2019-06-24T10:37:18.309+0000][1][gc,cpu       ] GC(57) User=0.01s Sys=0.00s Real=0.00s
[2019-06-24T10:37:18.309+0000][1][safepoint    ] Leaving safepoint region
[2019-06-24T10:37:18.309+0000][1][safepoint    ] Total time for which application threads were stopped: 0.0033971 seconds, Stopping threads took: 0.0000689 seconds
[2019-06-24T10:37:19.309+0000][1][safepoint    ] Application time: 1.0002605 seconds
[2019-06-24T10:37:19.309+0000][1][safepoint    ] Entering safepoint region: Cleanup
[2019-06-24T10:37:19.310+0000][1][safepoint    ] Leaving safepoint region
[2019-06-24T10:37:19.310+0000][1][safepoint    ] Total time for which application threads were stopped: 0.0002740 seconds, Stopping threads took: 0.0000748 seconds
[2019-06-24T10:37:20.310+0000][1][safepoint    ] Application time: 1.0002774 seconds
[2019-06-24T10:37:20.310+0000][1][safepoint    ] Entering safepoint region: Cleanup
[2019-06-24T10:37:20.310+0000][1][safepoint    ] Leaving safepoint region
[2019-06-24T10:37:20.310+0000][1][safepoint    ] Total time for which application threads were stopped: 0.0002739 seconds, Stopping threads took: 0.0000728 seconds
[2019-06-24T10:37:21.321+0000][1][safepoint    ] Application time: 1.0105069 seconds
[2019-06-24T10:37:21.321+0000][1][safepoint    ] Entering safepoint region: Cleanup
[2019-06-24T10:37:21.321+0000][1][safepoint    ] Leaving safepoint region
[2019-06-24T10:37:21.321+0000][1][safepoint    ] Total time for which application threads were stopped: 0.0003018 seconds, Stopping threads took: 0.0000703 seconds
[2019-06-24T10:37:22.322+0000][1][safepoint    ] Application time: 1.0001631 seconds
[2019-06-24T10:37:22.322+0000][1][safepoint    ] Entering safepoint region: Cleanup
[2019-06-24T10:37:22.322+0000][1][safepoint    ] Leaving safepoint region
[2019-06-24T10:37:22.322+0000][1][safepoint    ] Total time for which application threads were stopped: 0.0002622 seconds, Stopping threads took: 0.0000673 seconds
[2019-06-24T10:37:23.322+0000][1][safepoint    ] Application time: 1.0002172 seconds
[2019-06-24T10:37:23.322+0000][1][safepoint    ] Entering safepoint region: Cleanup
[2019-06-24T10:37:23.323+0000][1][safepoint    ] Leaving safepoint region
[2019-06-24T10:37:23.323+0000][1][safepoint    ] Total time for which application threads were stopped: 0.0003423 seconds, Stopping threads took: 0.0000692 seconds
[2019-06-24T10:37:24.323+0000][1][safepoint    ] Application time: 1.0001415 seconds
[2019-06-24T10:37:24.323+0000][1][safepoint    ] Entering safepoint region: Cleanup
[2019-06-24T10:37:24.323+0000][1][safepoint    ] Leaving safepoint region
[2019-06-24T10:37:24.323+0000][1][safepoint    ] Total time for which application threads were stopped: 0.0002642 seconds, Stopping threads took: 0.0000681 seconds
[2019-06-24T10:37:25.323+0000][1][safepoint    ] Application time: 1.0002147 seconds
[2019-06-24T10:37:25.324+0000][1][safepoint    ] Entering safepoint region: Cleanup
[2019-06-24T10:37:25.324+0000][1][safepoint    ] Leaving safepoint region
[2019-06-24T10:37:25.324+0000][1][safepoint    ] Total time for which application threads were stopped: 0.0002654 seconds, Stopping threads took: 0.0000690 seconds
[2019-06-24T10:37:26.324+0000][1][safepoint    ] Application time: 1.0002098 seconds
[2019-06-24T10:37:26.324+0000][1][safepoint    ] Entering safepoint region: Cleanup
[2019-06-24T10:37:26.324+0000][1][safepoint    ] Leaving safepoint region
[2019-06-24T10:37:26.324+0000][1][safepoint    ] Total time for which application threads were stopped: 0.0001679 seconds, Stopping threads took: 0.0000432 seconds
[2019-06-24T10:37:27.324+0000][1][safepoint    ] Application time: 1.0001792 seconds
[2019-06-24T10:37:27.325+0000][1][safepoint    ] Entering safepoint region: Cleanup
[2019-06-24T10:37:27.325+0000][1][safepoint    ] Leaving safepoint region
[2019-06-24T10:37:27.325+0000][1][safepoint    ] Total time for which application threads were stopped: 0.0002707 seconds, Stopping threads took: 0.0000696 seconds
[2019-06-24T10:37:28.325+0000][1][safepoint    ] Application time: 1.0001239 seconds
[2019-06-24T10:37:28.325+0000][1][safepoint    ] Entering safepoint region: Cleanup
[2019-06-24T10:37:28.325+0000][1][safepoint    ] Leaving safepoint region
[2019-06-24T10:37:28.325+0000][1][safepoint    ] Total time for which application threads were stopped: 0.0002478 seconds, Stopping threads took: 0.0000643 seconds
[2019-06-24T10:37:29.325+0000][1][safepoint    ] Application time: 1.0001473 seconds
[2019-06-24T10:37:29.326+0000][1][safepoint    ] Entering safepoint region: Cleanup
[2019-06-24T10:37:29.326+0000][1][safepoint    ] Leaving safepoint region
[2019-06-24T10:37:29.326+0000][1][safepoint    ] Total time for which application threads were stopped: 0.0003917 seconds, Stopping threads took: 0.0000948 seconds
[2019-06-24T10:37:30.326+0000][1][safepoint    ] Application time: 1.0001842 seconds
[2019-06-24T10:37:30.326+0000][1][safepoint    ] Entering safepoint region: Cleanup
[2019-06-24T10:37:30.326+0000][1][safepoint    ] Leaving safepoint region
[2019-06-24T10:37:30.326+0000][1][safepoint    ] Total time for which application threads were stopped: 0.0001649 seconds, Stopping threads took: 0.0000416 seconds
[2019-06-24T10:37:31.327+0000][1][safepoint    ] Application time: 1.0001871 seconds
[2019-06-24T10:37:31.327+0000][1][safepoint    ] Entering safepoint region: Cleanup
[2019-06-24T10:37:31.327+0000][1][safepoint    ] Leaving safepoint region
[2019-06-24T10:37:31.327+0000][1][safepoint    ] Total time for which application threads were stopped: 0.0003101 seconds, Stopping threads took: 0.0000715 seconds
[2019-06-24T10:37:32.327+0000][1][safepoint    ] Application time: 1.0002638 seconds
[2019-06-24T10:37:32.328+0000][1][safepoint    ] Entering safepoint region: Cleanup
[2019-06-24T10:37:32.328+0000][1][safepoint    ] Leaving safepoint region
[2019-06-24T10:37:32.328+0000][1][safepoint    ] Total time for which application threads were stopped: 0.0002977 seconds, Stopping threads took: 0.0001016 seconds
[2019-06-24T10:37:33.328+0000][1][safepoint    ] Application time: 1.0002191 seconds
[2019-06-24T10:37:33.328+0000][1][safepoint    ] Entering safepoint region: Cleanup
[2019-06-24T10:37:33.328+0000][1][safepoint    ] Leaving safepoint region
[2019-06-24T10:37:33.328+0000][1][safepoint    ] Total time for which application threads were stopped: 0.0001274 seconds, Stopping threads took: 0.0000445 seconds
[2019-06-24T10:37:34.329+0000][1][safepoint    ] Application time: 1.0002121 seconds
[2019-06-24T10:37:34.329+0000][1][safepoint    ] Entering safepoint region: Cleanup
[2019-06-24T10:37:34.329+0000][1][safepoint    ] Leaving safepoint region
[2019-06-24T10:37:34.329+0000][1][safepoint    ] Total time for which application threads were stopped: 0.0002688 seconds, Stopping threads took: 0.0000704 seconds
[2019-06-24T10:37:35.329+0000][1][safepoint    ] Application time: 1.0002297 seconds
[2019-06-24T10:37:35.329+0000][1][safepoint    ] Entering safepoint region: Cleanup
[2019-06-24T10:37:35.330+0000][1][safepoint    ] Leaving safepoint region
[2019-06-24T10:37:35.330+0000][1][safepoint    ] Total time for which application threads were stopped: 0.0002676 seconds, Stopping threads took: 0.0000684 seconds
[2019-06-24T10:37:36.330+0000][1][safepoint    ] Application time: 1.0001937 seconds
[2019-06-24T10:37:36.330+0000][1][safepoint    ] Entering safepoint region: Cleanup
[2019-06-24T10:37:36.330+0000][1][safepoint    ] Leaving safepoint region
[2019-06-24T10:37:36.330+0000][1][safepoint    ] Total time for which application threads were stopped: 0.0002950 seconds, Stopping threads took: 0.0001012 seconds
[2019-06-24T10:37:37.331+0000][1][safepoint    ] Application time: 1.0002021 seconds
[2019-06-24T10:37:37.331+0000][1][safepoint    ] Entering safepoint region: Cleanup
[2019-06-24T10:37:37.331+0000][1][safepoint    ] Leaving safepoint region
[2019-06-24T10:37:37.331+0000][1][safepoint    ] Total time for which application threads were stopped: 0.0005304 seconds, Stopping threads took: 0.0003209 seconds
[2019-06-24T10:37:38.331+0000][1][safepoint    ] Application time: 1.0001653 seconds
[2019-06-24T10:37:38.332+0000][1][safepoint    ] Entering safepoint region: Cleanup
[2019-06-24T10:37:38.332+0000][1][safepoint    ] Leaving safepoint region
[2019-06-24T10:37:38.332+0000][1][safepoint    ] Total time for which application threads were stopped: 0.0003826 seconds, Stopping threads took: 0.0000957 seconds
[2019-06-24T10:37:39.332+0000][1][safepoint    ] Application time: 1.0001430 seconds
[2019-06-24T10:37:39.332+0000][1][safepoint    ] Entering safepoint region: Cleanup
[2019-06-24T10:37:39.332+0000][1][safepoint    ] Leaving safepoint region
[2019-06-24T10:37:39.332+0000][1][safepoint    ] Total time for which application threads were stopped: 0.0002785 seconds, Stopping threads took: 0.0000703 seconds
[2019-06-24T10:37:40.333+0000][1][safepoint    ] Application time: 1.0001734 seconds
[2019-06-24T10:37:40.333+0000][1][safepoint    ] Entering safepoint region: Cleanup
[2019-06-24T10:37:40.333+0000][1][safepoint    ] Leaving safepoint region
[2019-06-24T10:37:40.333+0000][1][safepoint    ] Total time for which application threads were stopped: 0.0006162 seconds, Stopping threads took: 0.0002974 seconds
[2019-06-24T10:37:41.334+0000][1][safepoint    ] Application time: 1.0002796 seconds
[2019-06-24T10:37:41.334+0000][1][safepoint    ] Entering safepoint region: Cleanup
[2019-06-24T10:37:41.334+0000][1][safepoint    ] Leaving safepoint region
[2019-06-24T10:37:41.334+0000][1][safepoint    ] Total time for which application threads were stopped: 0.0004170 seconds, Stopping threads took: 0.0001383 seconds
[2019-06-24T10:37:42.335+0000][1][safepoint    ] Application time: 1.0002558 seconds
[2019-06-24T10:37:42.335+0000][1][safepoint    ] Entering safepoint region: Cleanup
[2019-06-24T10:37:42.335+0000][1][safepoint    ] Leaving safepoint region
[2019-06-24T10:37:42.335+0000][1][safepoint    ] Total time for which application threads were stopped: 0.0002990 seconds, Stopping threads took: 0.0000816 seconds
[2019-06-24T10:37:43.335+0000][1][safepoint    ] Application time: 1.0002694 seconds
[2019-06-24T10:37:43.335+0000][1][safepoint    ] Entering safepoint region: Cleanup
[2019-06-24T10:37:43.336+0000][1][safepoint    ] Leaving safepoint region
[2019-06-24T10:37:43.336+0000][1][safepoint    ] Total time for which application threads were stopped: 0.0002796 seconds, Stopping threads took: 0.0000693 seconds
[2019-06-24T10:37:44.336+0000][1][safepoint    ] Application time: 1.0002891 seconds
[2019-06-24T10:37:44.336+0000][1][safepoint    ] Entering safepoint region: Cleanup
[2019-06-24T10:37:44.336+0000][1][safepoint    ] Leaving safepoint region
[2019-06-24T10:37:44.336+0000][1][safepoint    ] Total time for which application threads were stopped: 0.0002734 seconds, Stopping threads took: 0.0000713 seconds
[2019-06-24T10:37:45.337+0000][1][safepoint    ] Application time: 1.0002765 seconds
[2019-06-24T10:37:45.337+0000][1][safepoint    ] Entering safepoint region: Cleanup
[2019-06-24T10:37:45.337+0000][1][safepoint    ] Leaving safepoint region
[2019-06-24T10:37:45.337+0000][1][safepoint    ] Total time for which application threads were stopped: 0.0003199 seconds, Stopping threads took: 0.0000891 seconds
[2019-06-24T10:37:46.337+0000][1][safepoint    ] Application time: 1.0002801 seconds
[2019-06-24T10:37:46.338+0000][1][safepoint    ] Entering safepoint region: Cleanup
[2019-06-24T10:37:46.338+0000][1][safepoint    ] Leaving safepoint region
[2019-06-24T10:37:46.338+0000][1][safepoint    ] Total time for which application threads were stopped: 0.0003174 seconds, Stopping threads took: 0.0000880 seconds
[2019-06-24T10:37:47.338+0000][1][safepoint    ] Application time: 1.0002245 seconds
[2019-06-24T10:37:47.338+0000][1][safepoint    ] Entering safepoint region: Cleanup
[2019-06-24T10:37:47.338+0000][1][safepoint    ] Leaving safepoint region
[2019-06-24T10:37:47.339+0000][1][safepoint    ] Total time for which application threads were stopped: 0.0003512 seconds, Stopping threads took: 0.0000693 seconds
[2019-06-24T10:37:48.339+0000][1][safepoint    ] Application time: 1.0002695 seconds
[2019-06-24T10:37:48.339+0000][1][safepoint    ] Entering safepoint region: Cleanup
[2019-06-24T10:37:48.339+0000][1][safepoint    ] Leaving safepoint region
[2019-06-24T10:37:48.339+0000][1][safepoint    ] Total time for which application threads were stopped: 0.0003016 seconds, Stopping threads took: 0.0000715 seconds
[2019-06-24T10:37:49.340+0000][1][safepoint    ] Application time: 1.0002674 seconds
[2019-06-24T10:37:49.340+0000][1][safepoint    ] Entering safepoint region: Cleanup
[2019-06-24T10:37:49.340+0000][1][safepoint    ] Leaving safepoint region
[2019-06-24T10:37:49.340+0000][1][safepoint    ] Total time for which application threads were stopped: 0.0002809 seconds, Stopping threads took: 0.0000713 seconds
[2019-06-24T10:37:50.340+0000][1][safepoint    ] Application time: 1.0002698 seconds
[2019-06-24T10:37:50.340+0000][1][safepoint    ] Entering safepoint region: Cleanup
[2019-06-24T10:37:50.341+0000][1][safepoint    ] Leaving safepoint region
[2019-06-24T10:37:50.341+0000][1][safepoint    ] Total time for which application threads were stopped: 0.0002830 seconds, Stopping threads took: 0.0000715 seconds
[2019-06-24T10:37:51.341+0000][1][safepoint    ] Application time: 1.0002711 seconds
[2019-06-24T10:37:51.341+0000][1][safepoint    ] Entering safepoint region: Cleanup
[2019-06-24T10:37:51.341+0000][1][safepoint    ] Leaving safepoint region
[2019-06-24T10:37:51.341+0000][1][safepoint    ] Total time for which application threads were stopped: 0.0003480 seconds, Stopping threads took: 0.0001092 seconds
[2019-06-24T10:37:52.342+0000][1][safepoint    ] Application time: 1.0001948 seconds
[2019-06-24T10:37:52.342+0000][1][safepoint    ] Entering safepoint region: Cleanup
[2019-06-24T10:37:52.342+0000][1][safepoint    ] Leaving safepoint region
[2019-06-24T10:37:52.342+0000][1][safepoint    ] Total time for which application threads were stopped: 0.0003730 seconds, Stopping threads took: 0.0000856 seconds
[2019-06-24T10:37:53.342+0000][1][safepoint    ] Application time: 1.0002167 seconds
[2019-06-24T10:37:53.343+0000][1][safepoint    ] Entering safepoint region: Cleanup
[2019-06-24T10:37:53.343+0000][1][safepoint    ] Leaving safepoint region
[2019-06-24T10:37:53.343+0000][1][safepoint    ] Total time for which application threads were stopped: 0.0002693 seconds, Stopping threads took: 0.0000721 seconds
[2019-06-24T10:37:54.343+0000][1][safepoint    ] Application time: 1.0002263 seconds
[2019-06-24T10:37:54.343+0000][1][safepoint    ] Entering safepoint region: Cleanup
[2019-06-24T10:37:54.343+0000][1][safepoint    ] Leaving safepoint region
[2019-06-24T10:37:54.343+0000][1][safepoint    ] Total time for which application threads were stopped: 0.0002709 seconds, Stopping threads took: 0.0000691 seconds
[2019-06-24T10:37:55.344+0000][1][safepoint    ] Application time: 1.0002581 seconds
[2019-06-24T10:37:55.344+0000][1][safepoint    ] Entering safepoint region: Cleanup
[2019-06-24T10:37:55.344+0000][1][safepoint    ] Leaving safepoint region
[2019-06-24T10:37:55.344+0000][1][safepoint    ] Total time for which application threads were stopped: 0.0002121 seconds, Stopping threads took: 0.0000428 seconds
[2019-06-24T10:37:56.344+0000][1][safepoint    ] Application time: 1.0002697 seconds
[2019-06-24T10:37:56.345+0000][1][safepoint    ] Entering safepoint region: Cleanup
[2019-06-24T10:37:56.345+0000][1][safepoint    ] Leaving safepoint region
[2019-06-24T10:37:56.345+0000][1][safepoint    ] Total time for which application threads were stopped: 0.0003032 seconds, Stopping threads took: 0.0000809 seconds
[2019-06-24T10:37:57.345+0000][1][safepoint    ] Application time: 1.0001936 seconds
[2019-06-24T10:37:57.345+0000][1][safepoint    ] Entering safepoint region: Cleanup
[2019-06-24T10:37:57.345+0000][1][safepoint    ] Leaving safepoint region
[2019-06-24T10:37:57.345+0000][1][safepoint    ] Total time for which application threads were stopped: 0.0003081 seconds, Stopping threads took: 0.0000886 seconds
[2019-06-24T10:37:58.346+0000][1][safepoint    ] Application time: 1.0002928 seconds
[2019-06-24T10:37:58.346+0000][1][safepoint    ] Entering safepoint region: Cleanup
[2019-06-24T10:37:58.346+0000][1][safepoint    ] Leaving safepoint region
[2019-06-24T10:37:58.346+0000][1][safepoint    ] Total time for which application threads were stopped: 0.0003233 seconds, Stopping threads took: 0.0000811 seconds
[2019-06-24T10:37:59.347+0000][1][safepoint    ] Application time: 1.0003182 seconds
[2019-06-24T10:37:59.347+0000][1][safepoint    ] Entering safepoint region: Cleanup
[2019-06-24T10:37:59.347+0000][1][safepoint    ] Leaving safepoint region
[2019-06-24T10:37:59.347+0000][1][safepoint    ] Total time for which application threads were stopped: 0.0002641 seconds, Stopping threads took: 0.0000716 seconds
[2019-06-24T10:38:00.347+0000][1][safepoint    ] Application time: 1.0001997 seconds
[2019-06-24T10:38:00.347+0000][1][safepoint    ] Entering safepoint region: Cleanup
[2019-06-24T10:38:00.348+0000][1][safepoint    ] Leaving safepoint region
[2019-06-24T10:38:00.348+0000][1][safepoint    ] Total time for which application threads were stopped: 0.0002897 seconds, Stopping threads took: 0.0000732 seconds
[2019-06-24T10:38:01.348+0000][1][safepoint    ] Application time: 1.0001937 seconds
[2019-06-24T10:38:01.348+0000][1][safepoint    ] Entering safepoint region: Cleanup
[2019-06-24T10:38:01.348+0000][1][safepoint    ] Leaving safepoint region
[2019-06-24T10:38:01.348+0000][1][safepoint    ] Total time for which application threads were stopped: 0.0002818 seconds, Stopping threads took: 0.0000716 seconds
[2019-06-24T10:38:02.348+0000][1][safepoint    ] Application time: 1.0001335 seconds
[2019-06-24T10:38:02.348+0000][1][safepoint    ] Entering safepoint region: Cleanup
[2019-06-24T10:38:02.349+0000][1][safepoint    ] Leaving safepoint region
[2019-06-24T10:38:02.349+0000][1][safepoint    ] Total time for which application threads were stopped: 0.0001264 seconds, Stopping threads took: 0.0000460 seconds
[2019-06-24T10:38:03.349+0000][1][safepoint    ] Application time: 1.0001902 seconds
[2019-06-24T10:38:03.349+0000][1][safepoint    ] Entering safepoint region: Cleanup
[2019-06-24T10:38:03.349+0000][1][safepoint    ] Leaving safepoint region
[2019-06-24T10:38:03.349+0000][1][safepoint    ] Total time for which application threads were stopped: 0.0003570 seconds, Stopping threads took: 0.0000891 seconds
[2019-06-24T10:38:04.349+0000][1][safepoint    ] Application time: 1.0001529 seconds
[2019-06-24T10:38:04.350+0000][1][safepoint    ] Entering safepoint region: Cleanup
[2019-06-24T10:38:04.350+0000][1][safepoint    ] Leaving safepoint region
[2019-06-24T10:38:04.350+0000][1][safepoint    ] Total time for which application threads were stopped: 0.0003588 seconds, Stopping threads took: 0.0000999 seconds
[2019-06-24T10:38:05.350+0000][1][safepoint    ] Application time: 1.0001789 seconds
[2019-06-24T10:38:05.350+0000][1][safepoint    ] Entering safepoint region: Cleanup
[2019-06-24T10:38:05.350+0000][1][safepoint    ] Leaving safepoint region
[2019-06-24T10:38:05.351+0000][1][safepoint    ] Total time for which application threads were stopped: 0.0003487 seconds, Stopping threads took: 0.0000758 seconds
[2019-06-24T10:38:06.351+0000][1][safepoint    ] Application time: 1.0001961 seconds
[2019-06-24T10:38:06.351+0000][1][safepoint    ] Entering safepoint region: Cleanup
[2019-06-24T10:38:06.351+0000][1][safepoint    ] Leaving safepoint region
[2019-06-24T10:38:06.351+0000][1][safepoint    ] Total time for which application threads were stopped: 0.0002784 seconds, Stopping threads took: 0.0000975 seconds
[2019-06-24T10:38:07.351+0000][1][safepoint    ] Application time: 1.0001413 seconds
[2019-06-24T10:38:07.351+0000][1][safepoint    ] Entering safepoint region: Cleanup
[2019-06-24T10:38:07.351+0000][1][safepoint    ] Leaving safepoint region
[2019-06-24T10:38:07.351+0000][1][safepoint    ] Total time for which application threads were stopped: 0.0001418 seconds, Stopping threads took: 0.0000382 seconds
[2019-06-24T10:38:08.352+0000][1][safepoint    ] Application time: 1.0001757 seconds
[2019-06-24T10:38:08.352+0000][1][safepoint    ] Entering safepoint region: Cleanup
[2019-06-24T10:38:08.352+0000][1][safepoint    ] Leaving safepoint region
[2019-06-24T10:38:08.352+0000][1][safepoint    ] Total time for which application threads were stopped: 0.0003387 seconds, Stopping threads took: 0.0000734 seconds
[2019-06-24T10:38:09.352+0000][1][safepoint    ] Application time: 1.0001938 seconds
[2019-06-24T10:38:09.352+0000][1][safepoint    ] Entering safepoint region: Cleanup
[2019-06-24T10:38:09.353+0000][1][safepoint    ] Leaving safepoint region
[2019-06-24T10:38:09.353+0000][1][safepoint    ] Total time for which application threads were stopped: 0.0003541 seconds, Stopping threads took: 0.0000793 seconds
[2019-06-24T10:38:10.353+0000][1][safepoint    ] Application time: 1.0001915 seconds
[2019-06-24T10:38:10.353+0000][1][safepoint    ] Entering safepoint region: Cleanup
[2019-06-24T10:38:10.353+0000][1][safepoint    ] Leaving safepoint region
[2019-06-24T10:38:10.354+0000][1][safepoint    ] Total time for which application threads were stopped: 0.0004777 seconds, Stopping threads took: 0.0001949 seconds
[2019-06-24T10:38:11.354+0000][1][safepoint    ] Application time: 1.0001919 seconds
[2019-06-24T10:38:11.354+0000][1][safepoint    ] Entering safepoint region: Cleanup
[2019-06-24T10:38:11.354+0000][1][safepoint    ] Leaving safepoint region
[2019-06-24T10:38:11.354+0000][1][safepoint    ] Total time for which application threads were stopped: 0.0003545 seconds, Stopping threads took: 0.0000758 seconds
[2019-06-24T10:38:12.355+0000][1][safepoint    ] Application time: 1.0002573 seconds
[2019-06-24T10:38:12.355+0000][1][safepoint    ] Entering safepoint region: Cleanup
[2019-06-24T10:38:12.355+0000][1][safepoint    ] Leaving safepoint region
[2019-06-24T10:38:12.355+0000][1][safepoint    ] Total time for which application threads were stopped: 0.0003426 seconds, Stopping threads took: 0.0000761 seconds
[2019-06-24T10:38:13.355+0000][1][safepoint    ] Application time: 1.0002157 seconds
[2019-06-24T10:38:13.355+0000][1][safepoint    ] Entering safepoint region: Cleanup
[2019-06-24T10:38:13.356+0000][1][safepoint    ] Leaving safepoint region
[2019-06-24T10:38:13.356+0000][1][safepoint    ] Total time for which application threads were stopped: 0.0003649 seconds, Stopping threads took: 0.0000881 seconds
[2019-06-24T10:38:14.356+0000][1][safepoint    ] Application time: 1.0001156 seconds
[2019-06-24T10:38:14.356+0000][1][safepoint    ] Entering safepoint region: Cleanup
[2019-06-24T10:38:14.356+0000][1][safepoint    ] Leaving safepoint region
[2019-06-24T10:38:14.356+0000][1][safepoint    ] Total time for which application threads were stopped: 0.0002024 seconds, Stopping threads took: 0.0000657 seconds
[2019-06-24T10:38:15.356+0000][1][safepoint    ] Application time: 1.0001047 seconds
[2019-06-24T10:38:15.356+0000][1][safepoint    ] Entering safepoint region: Cleanup
[2019-06-24T10:38:15.356+0000][1][safepoint    ] Leaving safepoint region
[2019-06-24T10:38:15.356+0000][1][safepoint    ] Total time for which application threads were stopped: 0.0001926 seconds, Stopping threads took: 0.0000462 seconds
[2019-06-24T10:38:16.357+0000][1][safepoint    ] Application time: 1.0002103 seconds
[2019-06-24T10:38:16.357+0000][1][safepoint    ] Entering safepoint region: Cleanup
[2019-06-24T10:38:16.357+0000][1][safepoint    ] Leaving safepoint region
[2019-06-24T10:38:16.357+0000][1][safepoint    ] Total time for which application threads were stopped: 0.0005010 seconds, Stopping threads took: 0.0001190 seconds
[2019-06-24T10:38:17.358+0000][1][safepoint    ] Application time: 1.0001676 seconds
[2019-06-24T10:38:17.358+0000][1][safepoint    ] Entering safepoint region: Cleanup
[2019-06-24T10:38:17.358+0000][1][safepoint    ] Leaving safepoint region
[2019-06-24T10:38:17.358+0000][1][safepoint    ] Total time for which application threads were stopped: 0.0002810 seconds, Stopping threads took: 0.0000808 seconds
[2019-06-24T10:38:18.358+0000][1][safepoint    ] Application time: 1.0001512 seconds
[2019-06-24T10:38:18.358+0000][1][safepoint    ] Entering safepoint region: Cleanup
[2019-06-24T10:38:18.358+0000][1][safepoint    ] Leaving safepoint region
[2019-06-24T10:38:18.358+0000][1][safepoint    ] Total time for which application threads were stopped: 0.0003069 seconds, Stopping threads took: 0.0000817 seconds
[2019-06-24T10:38:19.359+0000][1][safepoint    ] Application time: 1.0001495 seconds
[2019-06-24T10:38:19.359+0000][1][safepoint    ] Entering safepoint region: Cleanup
[2019-06-24T10:38:19.359+0000][1][safepoint    ] Leaving safepoint region
[2019-06-24T10:38:19.359+0000][1][safepoint    ] Total time for which application threads were stopped: 0.0002956 seconds, Stopping threads took: 0.0000869 seconds
[2019-06-24T10:38:20.359+0000][1][safepoint    ] Application time: 1.0001930 seconds
[2019-06-24T10:38:20.359+0000][1][safepoint    ] Entering safepoint region: Cleanup
[2019-06-24T10:38:20.360+0000][1][safepoint    ] Leaving safepoint region
[2019-06-24T10:38:20.360+0000][1][safepoint    ] Total time for which application threads were stopped: 0.0002791 seconds, Stopping threads took: 0.0000717 seconds
[2019-06-24T10:38:21.360+0000][1][safepoint    ] Application time: 1.0002691 seconds
[2019-06-24T10:38:21.360+0000][1][safepoint    ] Entering safepoint region: Cleanup
[2019-06-24T10:38:21.361+0000][1][safepoint    ] Leaving safepoint region
[2019-06-24T10:38:21.361+0000][1][safepoint    ] Total time for which application threads were stopped: 0.0012166 seconds, Stopping threads took: 0.0009136 seconds
[2019-06-24T10:38:22.362+0000][1][safepoint    ] Application time: 1.0001594 seconds
[2019-06-24T10:38:22.362+0000][1][safepoint    ] Entering safepoint region: Cleanup
[2019-06-24T10:38:22.362+0000][1][safepoint    ] Leaving safepoint region
[2019-06-24T10:38:22.362+0000][1][safepoint    ] Total time for which application threads were stopped: 0.0001168 seconds, Stopping threads took: 0.0000322 seconds
[2019-06-24T10:38:23.362+0000][1][safepoint    ] Application time: 1.0001441 seconds
[2019-06-24T10:38:23.362+0000][1][safepoint    ] Entering safepoint region: Cleanup
[2019-06-24T10:38:23.362+0000][1][safepoint    ] Leaving safepoint region
[2019-06-24T10:38:23.362+0000][1][safepoint    ] Total time for which application threads were stopped: 0.0004138 seconds, Stopping threads took: 0.0001066 seconds
[2019-06-24T10:38:24.363+0000][1][safepoint    ] Application time: 1.0002750 seconds
[2019-06-24T10:38:24.363+0000][1][safepoint    ] Entering safepoint region: Cleanup
[2019-06-24T10:38:24.363+0000][1][safepoint    ] Leaving safepoint region
[2019-06-24T10:38:24.363+0000][1][safepoint    ] Total time for which application threads were stopped: 0.0003804 seconds, Stopping threads took: 0.0000701 seconds
[2019-06-24T10:38:25.364+0000][1][safepoint    ] Application time: 1.0002717 seconds
[2019-06-24T10:38:25.364+0000][1][safepoint    ] Entering safepoint region: Cleanup
[2019-06-24T10:38:25.364+0000][1][safepoint    ] Leaving safepoint region
[2019-06-24T10:38:25.364+0000][1][safepoint    ] Total time for which application threads were stopped: 0.0003688 seconds, Stopping threads took: 0.0000701 seconds
[2019-06-24T10:38:26.364+0000][1][safepoint    ] Application time: 1.0002484 seconds
[2019-06-24T10:38:26.364+0000][1][safepoint    ] Entering safepoint region: Cleanup
[2019-06-24T10:38:26.365+0000][1][safepoint    ] Leaving safepoint region
[2019-06-24T10:38:26.365+0000][1][safepoint    ] Total time for which application threads were stopped: 0.0002621 seconds, Stopping threads took: 0.0000529 seconds
[2019-06-24T10:38:27.365+0000][1][safepoint    ] Application time: 1.0003027 seconds
[2019-06-24T10:38:27.365+0000][1][safepoint    ] Entering safepoint region: Cleanup
[2019-06-24T10:38:27.365+0000][1][safepoint    ] Leaving safepoint region
[2019-06-24T10:38:27.365+0000][1][safepoint    ] Total time for which application threads were stopped: 0.0001289 seconds, Stopping threads took: 0.0000310 seconds
[2019-06-24T10:38:28.365+0000][1][safepoint    ] Application time: 1.0002307 seconds
[2019-06-24T10:38:28.365+0000][1][safepoint    ] Entering safepoint region: Cleanup
[2019-06-24T10:38:28.366+0000][1][safepoint    ] Leaving safepoint region
[2019-06-24T10:38:28.366+0000][1][safepoint    ] Total time for which application threads were stopped: 0.0001951 seconds, Stopping threads took: 0.0000474 seconds
[2019-06-24T10:38:29.545+0000][1][safepoint    ] Application time: 1.1794831 seconds
[2019-06-24T10:38:29.545+0000][1][safepoint    ] Entering safepoint region: GenCollectForAllocation
[2019-06-24T10:38:29.546+0000][1][gc,start     ] GC(58) Pause Young (Allocation Failure)
[2019-06-24T10:38:29.546+0000][1][gc,task      ] GC(58) Using 5 workers of 8 for evacuation
[2019-06-24T10:38:29.549+0000][1][gc,age       ] GC(58) Desired survivor size 4456448 bytes, new threshold 6 (max threshold 6)
[2019-06-24T10:38:29.549+0000][1][gc,age       ] GC(58) Age table with threshold 6 (max threshold 6)
[2019-06-24T10:38:29.549+0000][1][gc,age       ] GC(58) - age   1:       5000 bytes,       5000 total
[2019-06-24T10:38:29.549+0000][1][gc,age       ] GC(58) - age   2:        120 bytes,       5120 total
[2019-06-24T10:38:29.549+0000][1][gc,age       ] GC(58) - age   3:       7376 bytes,      12496 total
[2019-06-24T10:38:29.549+0000][1][gc,age       ] GC(58) - age   6:         32 bytes,      12528 total
[2019-06-24T10:38:29.549+0000][1][gc,heap      ] GC(58) ParNew: 69934K->18K(78656K)
[2019-06-24T10:38:29.549+0000][1][gc,heap      ] GC(58) CMS: 70588K->70588K(174784K)
[2019-06-24T10:38:29.549+0000][1][gc,metaspace ] GC(58) Metaspace: 70601K->70601K(1114112K)
[2019-06-24T10:38:29.549+0000][1][gc           ] GC(58) Pause Young (Allocation Failure) 137M->68M(247M) 3.418ms
[2019-06-24T10:38:29.549+0000][1][gc,cpu       ] GC(58) User=0.01s Sys=0.00s Real=0.00s
[2019-06-24T10:38:29.549+0000][1][safepoint    ] Leaving safepoint region
[2019-06-24T10:38:29.549+0000][1][safepoint    ] Total time for which application threads were stopped: 0.0039855 seconds, Stopping threads took: 0.0000854 seconds
[2019-06-24T10:38:30.550+0000][1][safepoint    ] Application time: 1.0002157 seconds
[2019-06-24T10:38:30.550+0000][1][safepoint    ] Entering safepoint region: Cleanup
[2019-06-24T10:38:30.550+0000][1][safepoint    ] Leaving safepoint region
[2019-06-24T10:38:30.550+0000][1][safepoint    ] Total time for which application threads were stopped: 0.0002735 seconds, Stopping threads took: 0.0000686 seconds
[2019-06-24T10:38:31.550+0000][1][safepoint    ] Application time: 1.0001379 seconds
[2019-06-24T10:38:31.550+0000][1][safepoint    ] Entering safepoint region: Cleanup
[2019-06-24T10:38:31.550+0000][1][safepoint    ] Leaving safepoint region
[2019-06-24T10:38:31.550+0000][1][safepoint    ] Total time for which application threads were stopped: 0.0002376 seconds, Stopping threads took: 0.0000731 seconds
[2019-06-24T10:38:32.551+0000][1][safepoint    ] Application time: 1.0002633 seconds
[2019-06-24T10:38:32.551+0000][1][safepoint    ] Entering safepoint region: Cleanup
[2019-06-24T10:38:32.551+0000][1][safepoint    ] Leaving safepoint region
[2019-06-24T10:38:32.551+0000][1][safepoint    ] Total time for which application threads were stopped: 0.0003135 seconds, Stopping threads took: 0.0000815 seconds
[2019-06-24T10:38:33.551+0000][1][safepoint    ] Application time: 1.0002760 seconds
[2019-06-24T10:38:33.552+0000][1][safepoint    ] Entering safepoint region: Cleanup
[2019-06-24T10:38:33.552+0000][1][safepoint    ] Leaving safepoint region
[2019-06-24T10:38:33.552+0000][1][safepoint    ] Total time for which application threads were stopped: 0.0003112 seconds, Stopping threads took: 0.0001049 seconds
[2019-06-24T10:38:34.552+0000][1][safepoint    ] Application time: 1.0002635 seconds
[2019-06-24T10:38:34.552+0000][1][safepoint    ] Entering safepoint region: Cleanup
[2019-06-24T10:38:34.553+0000][1][safepoint    ] Leaving safepoint region
[2019-06-24T10:38:34.553+0000][1][safepoint    ] Total time for which application threads were stopped: 0.0002888 seconds, Stopping threads took: 0.0000729 seconds
[2019-06-24T10:38:35.553+0000][1][safepoint    ] Application time: 1.0002707 seconds
[2019-06-24T10:38:35.553+0000][1][safepoint    ] Entering safepoint region: Cleanup
[2019-06-24T10:38:35.553+0000][1][safepoint    ] Leaving safepoint region
[2019-06-24T10:38:35.553+0000][1][safepoint    ] Total time for which application threads were stopped: 0.0002901 seconds, Stopping threads took: 0.0000735 seconds
[2019-06-24T10:38:36.553+0000][1][safepoint    ] Application time: 1.0001436 seconds
[2019-06-24T10:38:36.553+0000][1][safepoint    ] Entering safepoint region: Cleanup
[2019-06-24T10:38:36.554+0000][1][safepoint    ] Leaving safepoint region
[2019-06-24T10:38:36.554+0000][1][safepoint    ] Total time for which application threads were stopped: 0.0001115 seconds, Stopping threads took: 0.0000279 seconds
[2019-06-24T10:38:37.554+0000][1][safepoint    ] Application time: 1.0001408 seconds
[2019-06-24T10:38:37.554+0000][1][safepoint    ] Entering safepoint region: Cleanup
[2019-06-24T10:38:37.554+0000][1][safepoint    ] Leaving safepoint region
[2019-06-24T10:38:37.554+0000][1][safepoint    ] Total time for which application threads were stopped: 0.0005174 seconds, Stopping threads took: 0.0001910 seconds
[2019-06-24T10:38:38.555+0000][1][safepoint    ] Application time: 1.0002591 seconds
[2019-06-24T10:38:38.555+0000][1][safepoint    ] Entering safepoint region: Cleanup
[2019-06-24T10:38:38.555+0000][1][safepoint    ] Leaving safepoint region
[2019-06-24T10:38:38.555+0000][1][safepoint    ] Total time for which application threads were stopped: 0.0002846 seconds, Stopping threads took: 0.0000736 seconds
[2019-06-24T10:38:39.555+0000][1][safepoint    ] Application time: 1.0002684 seconds
[2019-06-24T10:38:39.556+0000][1][safepoint    ] Entering safepoint region: Cleanup
[2019-06-24T10:38:39.556+0000][1][safepoint    ] Leaving safepoint region
[2019-06-24T10:38:39.556+0000][1][safepoint    ] Total time for which application threads were stopped: 0.0003290 seconds, Stopping threads took: 0.0000686 seconds
[2019-06-24T10:38:40.556+0000][1][safepoint    ] Application time: 1.0002662 seconds
[2019-06-24T10:38:40.556+0000][1][safepoint    ] Entering safepoint region: Cleanup
[2019-06-24T10:38:40.557+0000][1][safepoint    ] Leaving safepoint region
[2019-06-24T10:38:40.557+0000][1][safepoint    ] Total time for which application threads were stopped: 0.0003702 seconds, Stopping threads took: 0.0000701 seconds
[2019-06-24T10:38:41.557+0000][1][safepoint    ] Application time: 1.0002210 seconds
[2019-06-24T10:38:41.557+0000][1][safepoint    ] Entering safepoint region: Cleanup
[2019-06-24T10:38:41.557+0000][1][safepoint    ] Leaving safepoint region
[2019-06-24T10:38:41.557+0000][1][safepoint    ] Total time for which application threads were stopped: 0.0003304 seconds, Stopping threads took: 0.0000706 seconds
[2019-06-24T10:38:42.558+0000][1][safepoint    ] Application time: 1.0002581 seconds
[2019-06-24T10:38:42.558+0000][1][safepoint    ] Entering safepoint region: Cleanup
[2019-06-24T10:38:42.558+0000][1][safepoint    ] Leaving safepoint region
[2019-06-24T10:38:42.558+0000][1][safepoint    ] Total time for which application threads were stopped: 0.0003238 seconds, Stopping threads took: 0.0000697 seconds
[2019-06-24T10:38:43.558+0000][1][safepoint    ] Application time: 1.0002563 seconds
[2019-06-24T10:38:43.559+0000][1][safepoint    ] Entering safepoint region: Cleanup
[2019-06-24T10:38:43.559+0000][1][safepoint    ] Leaving safepoint region
[2019-06-24T10:38:43.559+0000][1][safepoint    ] Total time for which application threads were stopped: 0.0003870 seconds, Stopping threads took: 0.0001311 seconds
[2019-06-24T10:38:44.559+0000][1][safepoint    ] Application time: 1.0002347 seconds
[2019-06-24T10:38:44.559+0000][1][safepoint    ] Entering safepoint region: Cleanup
[2019-06-24T10:38:44.559+0000][1][safepoint    ] Leaving safepoint region
[2019-06-24T10:38:44.560+0000][1][safepoint    ] Total time for which application threads were stopped: 0.0003258 seconds, Stopping threads took: 0.0000699 seconds
[2019-06-24T10:38:45.560+0000][1][safepoint    ] Application time: 1.0002787 seconds
[2019-06-24T10:38:45.560+0000][1][safepoint    ] Entering safepoint region: Cleanup
[2019-06-24T10:38:45.560+0000][1][safepoint    ] Leaving safepoint region
[2019-06-24T10:38:45.560+0000][1][safepoint    ] Total time for which application threads were stopped: 0.0002800 seconds, Stopping threads took: 0.0000722 seconds
[2019-06-24T10:38:46.561+0000][1][safepoint    ] Application time: 1.0002628 seconds
[2019-06-24T10:38:46.561+0000][1][safepoint    ] Entering safepoint region: Cleanup
[2019-06-24T10:38:46.561+0000][1][safepoint    ] Leaving safepoint region
[2019-06-24T10:38:46.561+0000][1][safepoint    ] Total time for which application threads were stopped: 0.0003275 seconds, Stopping threads took: 0.0000706 seconds
[2019-06-24T10:38:47.561+0000][1][safepoint    ] Application time: 1.0002791 seconds
[2019-06-24T10:38:47.561+0000][1][safepoint    ] Entering safepoint region: Cleanup
[2019-06-24T10:38:47.562+0000][1][safepoint    ] Leaving safepoint region
[2019-06-24T10:38:47.562+0000][1][safepoint    ] Total time for which application threads were stopped: 0.0003827 seconds, Stopping threads took: 0.0000696 seconds
[2019-06-24T10:38:48.562+0000][1][safepoint    ] Application time: 1.0002751 seconds
[2019-06-24T10:38:48.562+0000][1][safepoint    ] Entering safepoint region: Cleanup
[2019-06-24T10:38:48.563+0000][1][safepoint    ] Leaving safepoint region
[2019-06-24T10:38:48.563+0000][1][safepoint    ] Total time for which application threads were stopped: 0.0003838 seconds, Stopping threads took: 0.0000692 seconds
[2019-06-24T10:38:49.563+0000][1][safepoint    ] Application time: 1.0002489 seconds
[2019-06-24T10:38:49.563+0000][1][safepoint    ] Entering safepoint region: Cleanup
[2019-06-24T10:38:49.563+0000][1][safepoint    ] Leaving safepoint region
[2019-06-24T10:38:49.563+0000][1][safepoint    ] Total time for which application threads were stopped: 0.0002821 seconds, Stopping threads took: 0.0000702 seconds
[2019-06-24T10:38:50.564+0000][1][safepoint    ] Application time: 1.0002196 seconds
[2019-06-24T10:38:50.564+0000][1][safepoint    ] Entering safepoint region: Cleanup
[2019-06-24T10:38:50.564+0000][1][safepoint    ] Leaving safepoint region
[2019-06-24T10:38:50.564+0000][1][safepoint    ] Total time for which application threads were stopped: 0.0003087 seconds, Stopping threads took: 0.0000836 seconds
[2019-06-24T10:38:51.564+0000][1][safepoint    ] Application time: 1.0002708 seconds
[2019-06-24T10:38:51.564+0000][1][safepoint    ] Entering safepoint region: Cleanup
[2019-06-24T10:38:51.565+0000][1][safepoint    ] Leaving safepoint region
[2019-06-24T10:38:51.565+0000][1][safepoint    ] Total time for which application threads were stopped: 0.0002853 seconds, Stopping threads took: 0.0000711 seconds
[2019-06-24T10:38:52.565+0000][1][safepoint    ] Application time: 1.0002117 seconds
[2019-06-24T10:38:52.565+0000][1][safepoint    ] Entering safepoint region: Cleanup
[2019-06-24T10:38:52.565+0000][1][safepoint    ] Leaving safepoint region
[2019-06-24T10:38:52.565+0000][1][safepoint    ] Total time for which application threads were stopped: 0.0002817 seconds, Stopping threads took: 0.0000725 seconds
[2019-06-24T10:38:53.566+0000][1][safepoint    ] Application time: 1.0002490 seconds
[2019-06-24T10:38:53.566+0000][1][safepoint    ] Entering safepoint region: Cleanup
[2019-06-24T10:38:53.566+0000][1][safepoint    ] Leaving safepoint region
[2019-06-24T10:38:53.566+0000][1][safepoint    ] Total time for which application threads were stopped: 0.0003065 seconds, Stopping threads took: 0.0000634 seconds
[2019-06-24T10:38:54.566+0000][1][safepoint    ] Application time: 1.0001814 seconds
[2019-06-24T10:38:54.566+0000][1][safepoint    ] Entering safepoint region: Cleanup
[2019-06-24T10:38:54.567+0000][1][safepoint    ] Leaving safepoint region
[2019-06-24T10:38:54.567+0000][1][safepoint    ] Total time for which application threads were stopped: 0.0003985 seconds, Stopping threads took: 0.0000787 seconds
[2019-06-24T10:38:55.567+0000][1][safepoint    ] Application time: 1.0000959 seconds
[2019-06-24T10:38:55.567+0000][1][safepoint    ] Entering safepoint region: Cleanup
[2019-06-24T10:38:55.567+0000][1][safepoint    ] Leaving safepoint region
[2019-06-24T10:38:55.567+0000][1][safepoint    ] Total time for which application threads were stopped: 0.0001264 seconds, Stopping threads took: 0.0000353 seconds
[2019-06-24T10:38:56.567+0000][1][safepoint    ] Application time: 1.0002265 seconds
[2019-06-24T10:38:56.567+0000][1][safepoint    ] Entering safepoint region: Cleanup
[2019-06-24T10:38:56.568+0000][1][safepoint    ] Leaving safepoint region
[2019-06-24T10:38:56.568+0000][1][safepoint    ] Total time for which application threads were stopped: 0.0003601 seconds, Stopping threads took: 0.0000752 seconds
[2019-06-24T10:38:57.568+0000][1][safepoint    ] Application time: 1.0002442 seconds
[2019-06-24T10:38:57.568+0000][1][safepoint    ] Entering safepoint region: Cleanup
[2019-06-24T10:38:57.568+0000][1][safepoint    ] Leaving safepoint region
[2019-06-24T10:38:57.569+0000][1][safepoint    ] Total time for which application threads were stopped: 0.0004037 seconds, Stopping threads took: 0.0001200 seconds
[2019-06-24T10:38:58.569+0000][1][safepoint    ] Application time: 1.0002102 seconds
[2019-06-24T10:38:58.569+0000][1][safepoint    ] Entering safepoint region: Cleanup
[2019-06-24T10:38:58.569+0000][1][safepoint    ] Leaving safepoint region
[2019-06-24T10:38:58.569+0000][1][safepoint    ] Total time for which application threads were stopped: 0.0003924 seconds, Stopping threads took: 0.0000731 seconds
[2019-06-24T10:38:59.570+0000][1][safepoint    ] Application time: 1.0001932 seconds
[2019-06-24T10:38:59.570+0000][1][safepoint    ] Entering safepoint region: Cleanup
[2019-06-24T10:38:59.570+0000][1][safepoint    ] Leaving safepoint region
[2019-06-24T10:38:59.570+0000][1][safepoint    ] Total time for which application threads were stopped: 0.0002786 seconds, Stopping threads took: 0.0000777 seconds
[2019-06-24T10:39:00.570+0000][1][safepoint    ] Application time: 1.0002652 seconds
[2019-06-24T10:39:00.570+0000][1][safepoint    ] Entering safepoint region: Cleanup
[2019-06-24T10:39:00.572+0000][1][safepoint    ] Leaving safepoint region
[2019-06-24T10:39:00.572+0000][1][safepoint    ] Total time for which application threads were stopped: 0.0012444 seconds, Stopping threads took: 0.0009742 seconds
[2019-06-24T10:39:01.572+0000][1][safepoint    ] Application time: 1.0002666 seconds
[2019-06-24T10:39:01.572+0000][1][safepoint    ] Entering safepoint region: Cleanup
[2019-06-24T10:39:01.572+0000][1][safepoint    ] Leaving safepoint region
[2019-06-24T10:39:01.572+0000][1][safepoint    ] Total time for which application threads were stopped: 0.0002885 seconds, Stopping threads took: 0.0000741 seconds
[2019-06-24T10:39:02.573+0000][1][safepoint    ] Application time: 1.0001927 seconds
[2019-06-24T10:39:02.573+0000][1][safepoint    ] Entering safepoint region: Cleanup
[2019-06-24T10:39:02.573+0000][1][safepoint    ] Leaving safepoint region
[2019-06-24T10:39:02.573+0000][1][safepoint    ] Total time for which application threads were stopped: 0.0003123 seconds, Stopping threads took: 0.0000861 seconds
[2019-06-24T10:39:03.573+0000][1][safepoint    ] Application time: 1.0002664 seconds
[2019-06-24T10:39:03.573+0000][1][safepoint    ] Entering safepoint region: Cleanup
[2019-06-24T10:39:03.574+0000][1][safepoint    ] Leaving safepoint region
[2019-06-24T10:39:03.574+0000][1][safepoint    ] Total time for which application threads were stopped: 0.0002897 seconds, Stopping threads took: 0.0000727 seconds
[2019-06-24T10:39:04.574+0000][1][safepoint    ] Application time: 1.0002775 seconds
[2019-06-24T10:39:04.574+0000][1][safepoint    ] Entering safepoint region: Cleanup
[2019-06-24T10:39:04.574+0000][1][safepoint    ] Leaving safepoint region
[2019-06-24T10:39:04.574+0000][1][safepoint    ] Total time for which application threads were stopped: 0.0003134 seconds, Stopping threads took: 0.0001030 seconds
[2019-06-24T10:39:05.575+0000][1][safepoint    ] Application time: 1.0002776 seconds
[2019-06-24T10:39:05.575+0000][1][safepoint    ] Entering safepoint region: Cleanup
[2019-06-24T10:39:05.576+0000][1][safepoint    ] Leaving safepoint region
[2019-06-24T10:39:05.576+0000][1][safepoint    ] Total time for which application threads were stopped: 0.0013455 seconds, Stopping threads took: 0.0010090 seconds
[2019-06-24T10:39:07.135+0000][1][safepoint    ] Application time: 1.5586474 seconds
[2019-06-24T10:39:07.135+0000][1][safepoint    ] Entering safepoint region: Cleanup
[2019-06-24T10:39:07.135+0000][1][safepoint    ] Leaving safepoint region
[2019-06-24T10:39:07.135+0000][1][safepoint    ] Total time for which application threads were stopped: 0.0001469 seconds, Stopping threads took: 0.0000391 seconds
[2019-06-24T10:39:08.135+0000][1][safepoint    ] Application time: 1.0002429 seconds
[2019-06-24T10:39:08.136+0000][1][safepoint    ] Entering safepoint region: Cleanup
[2019-06-24T10:39:08.136+0000][1][safepoint    ] Leaving safepoint region
[2019-06-24T10:39:08.136+0000][1][safepoint    ] Total time for which application threads were stopped: 0.0002856 seconds, Stopping threads took: 0.0000746 seconds
[2019-06-24T10:39:09.136+0000][1][safepoint    ] Application time: 1.0001839 seconds
[2019-06-24T10:39:09.136+0000][1][safepoint    ] Entering safepoint region: Cleanup
[2019-06-24T10:39:09.136+0000][1][safepoint    ] Leaving safepoint region
[2019-06-24T10:39:09.136+0000][1][safepoint    ] Total time for which application threads were stopped: 0.0002867 seconds, Stopping threads took: 0.0000731 seconds
[2019-06-24T10:39:10.137+0000][1][safepoint    ] Application time: 1.0001564 seconds
[2019-06-24T10:39:10.137+0000][1][safepoint    ] Entering safepoint region: Cleanup
[2019-06-24T10:39:10.137+0000][1][safepoint    ] Leaving safepoint region
[2019-06-24T10:39:10.137+0000][1][safepoint    ] Total time for which application threads were stopped: 0.0004111 seconds, Stopping threads took: 0.0000970 seconds
[2019-06-24T10:39:11.137+0000][1][safepoint    ] Application time: 1.0002059 seconds
[2019-06-24T10:39:11.138+0000][1][safepoint    ] Entering safepoint region: Cleanup
[2019-06-24T10:39:11.138+0000][1][safepoint    ] Leaving safepoint region
[2019-06-24T10:39:11.138+0000][1][safepoint    ] Total time for which application threads were stopped: 0.0002854 seconds, Stopping threads took: 0.0000725 seconds
[2019-06-24T10:39:12.138+0000][1][safepoint    ] Application time: 1.0002735 seconds
[2019-06-24T10:39:12.138+0000][1][safepoint    ] Entering safepoint region: Cleanup
[2019-06-24T10:39:12.139+0000][1][safepoint    ] Leaving safepoint region
[2019-06-24T10:39:12.139+0000][1][safepoint    ] Total time for which application threads were stopped: 0.0003923 seconds, Stopping threads took: 0.0000706 seconds
[2019-06-24T10:39:13.139+0000][1][safepoint    ] Application time: 1.0001572 seconds
[2019-06-24T10:39:13.139+0000][1][safepoint    ] Entering safepoint region: Cleanup
[2019-06-24T10:39:13.139+0000][1][safepoint    ] Leaving safepoint region
[2019-06-24T10:39:13.139+0000][1][safepoint    ] Total time for which application threads were stopped: 0.0002593 seconds, Stopping threads took: 0.0000652 seconds
[2019-06-24T10:39:14.140+0000][1][safepoint    ] Application time: 1.0002596 seconds
[2019-06-24T10:39:14.140+0000][1][safepoint    ] Entering safepoint region: Cleanup
[2019-06-24T10:39:14.140+0000][1][safepoint    ] Leaving safepoint region
[2019-06-24T10:39:14.140+0000][1][safepoint    ] Total time for which application threads were stopped: 0.0003283 seconds, Stopping threads took: 0.0000836 seconds
[2019-06-24T10:39:15.140+0000][1][safepoint    ] Application time: 1.0002636 seconds
[2019-06-24T10:39:15.140+0000][1][safepoint    ] Entering safepoint region: Cleanup
[2019-06-24T10:39:15.141+0000][1][safepoint    ] Leaving safepoint region
[2019-06-24T10:39:15.141+0000][1][safepoint    ] Total time for which application threads were stopped: 0.0002798 seconds, Stopping threads took: 0.0000736 seconds
[2019-06-24T10:39:16.141+0000][1][safepoint    ] Application time: 1.0001906 seconds
[2019-06-24T10:39:16.141+0000][1][safepoint    ] Entering safepoint region: Cleanup
[2019-06-24T10:39:16.141+0000][1][safepoint    ] Leaving safepoint region
[2019-06-24T10:39:16.141+0000][1][safepoint    ] Total time for which application threads were stopped: 0.0002767 seconds, Stopping threads took: 0.0000720 seconds
[2019-06-24T10:39:17.142+0000][1][safepoint    ] Application time: 1.0002623 seconds
[2019-06-24T10:39:17.142+0000][1][safepoint    ] Entering safepoint region: Cleanup
[2019-06-24T10:39:17.142+0000][1][safepoint    ] Leaving safepoint region
[2019-06-24T10:39:17.142+0000][1][safepoint    ] Total time for which application threads were stopped: 0.0002809 seconds, Stopping threads took: 0.0000725 seconds
[2019-06-24T10:39:18.142+0000][1][safepoint    ] Application time: 1.0002617 seconds
[2019-06-24T10:39:18.142+0000][1][safepoint    ] Entering safepoint region: Cleanup
[2019-06-24T10:39:18.143+0000][1][safepoint    ] Leaving safepoint region
[2019-06-24T10:39:18.143+0000][1][safepoint    ] Total time for which application threads were stopped: 0.0004120 seconds, Stopping threads took: 0.0001672 seconds
[2019-06-24T10:39:19.143+0000][1][safepoint    ] Application time: 1.0002755 seconds
[2019-06-24T10:39:19.143+0000][1][safepoint    ] Entering safepoint region: Cleanup
[2019-06-24T10:39:19.144+0000][1][safepoint    ] Leaving safepoint region
[2019-06-24T10:39:19.144+0000][1][safepoint    ] Total time for which application threads were stopped: 0.0003804 seconds, Stopping threads took: 0.0000880 seconds
[2019-06-24T10:39:20.144+0000][1][safepoint    ] Application time: 1.0002053 seconds
[2019-06-24T10:39:20.144+0000][1][safepoint    ] Entering safepoint region: Cleanup
[2019-06-24T10:39:20.144+0000][1][safepoint    ] Leaving safepoint region
[2019-06-24T10:39:20.144+0000][1][safepoint    ] Total time for which application threads were stopped: 0.0002598 seconds, Stopping threads took: 0.0000698 seconds
[2019-06-24T10:39:21.145+0000][1][safepoint    ] Application time: 1.0002143 seconds
[2019-06-24T10:39:21.145+0000][1][safepoint    ] Entering safepoint region: Cleanup
[2019-06-24T10:39:21.145+0000][1][safepoint    ] Leaving safepoint region
[2019-06-24T10:39:21.145+0000][1][safepoint    ] Total time for which application threads were stopped: 0.0002863 seconds, Stopping threads took: 0.0000722 seconds
[2019-06-24T10:39:22.145+0000][1][safepoint    ] Application time: 1.0001156 seconds
[2019-06-24T10:39:22.145+0000][1][safepoint    ] Entering safepoint region: Cleanup
[2019-06-24T10:39:22.145+0000][1][safepoint    ] Leaving safepoint region
[2019-06-24T10:39:22.145+0000][1][safepoint    ] Total time for which application threads were stopped: 0.0001757 seconds, Stopping threads took: 0.0000445 seconds
[2019-06-24T10:39:24.121+0000][1][safepoint    ] Application time: 1.9759929 seconds
[2019-06-24T10:39:24.121+0000][1][safepoint    ] Entering safepoint region: Cleanup
[2019-06-24T10:39:24.122+0000][1][safepoint    ] Leaving safepoint region
[2019-06-24T10:39:24.122+0000][1][safepoint    ] Total time for which application threads were stopped: 0.0002757 seconds, Stopping threads took: 0.0000695 seconds
[2019-06-24T10:39:25.122+0000][1][safepoint    ] Application time: 1.0001128 seconds
[2019-06-24T10:39:25.122+0000][1][safepoint    ] Entering safepoint region: Cleanup
[2019-06-24T10:39:25.122+0000][1][safepoint    ] Leaving safepoint region
[2019-06-24T10:39:25.122+0000][1][safepoint    ] Total time for which application threads were stopped: 0.0001544 seconds, Stopping threads took: 0.0000398 seconds
[2019-06-24T10:39:26.122+0000][1][safepoint    ] Application time: 1.0001626 seconds
[2019-06-24T10:39:26.122+0000][1][safepoint    ] Entering safepoint region: Cleanup
[2019-06-24T10:39:26.123+0000][1][safepoint    ] Leaving safepoint region
[2019-06-24T10:39:26.123+0000][1][safepoint    ] Total time for which application threads were stopped: 0.0003620 seconds, Stopping threads took: 0.0000977 seconds
[2019-06-24T10:39:27.123+0000][1][safepoint    ] Application time: 1.0001271 seconds
[2019-06-24T10:39:27.123+0000][1][safepoint    ] Entering safepoint region: Cleanup
[2019-06-24T10:39:27.123+0000][1][safepoint    ] Leaving safepoint region
[2019-06-24T10:39:27.123+0000][1][safepoint    ] Total time for which application threads were stopped: 0.0003176 seconds, Stopping threads took: 0.0000866 seconds
[2019-06-24T10:39:28.124+0000][1][safepoint    ] Application time: 1.0002483 seconds
[2019-06-24T10:39:28.125+0000][1][safepoint    ] Entering safepoint region: Cleanup
[2019-06-24T10:39:28.125+0000][1][safepoint    ] Leaving safepoint region
[2019-06-24T10:39:28.125+0000][1][safepoint    ] Total time for which application threads were stopped: 0.0003097 seconds, Stopping threads took: 0.0000969 seconds
[2019-06-24T10:39:29.125+0000][1][safepoint    ] Application time: 1.0002289 seconds
[2019-06-24T10:39:29.125+0000][1][safepoint    ] Entering safepoint region: Cleanup
[2019-06-24T10:39:29.126+0000][1][safepoint    ] Leaving safepoint region
[2019-06-24T10:39:29.126+0000][1][safepoint    ] Total time for which application threads were stopped: 0.0002414 seconds, Stopping threads took: 0.0000623 seconds
[2019-06-24T10:39:30.126+0000][1][safepoint    ] Application time: 1.0002605 seconds
[2019-06-24T10:39:30.126+0000][1][safepoint    ] Entering safepoint region: Cleanup
[2019-06-24T10:39:30.126+0000][1][safepoint    ] Leaving safepoint region
[2019-06-24T10:39:30.126+0000][1][safepoint    ] Total time for which application threads were stopped: 0.0002938 seconds, Stopping threads took: 0.0000727 seconds
[2019-06-24T10:39:31.127+0000][1][safepoint    ] Application time: 1.0002972 seconds
[2019-06-24T10:39:31.127+0000][1][safepoint    ] Entering safepoint region: Cleanup
[2019-06-24T10:39:31.127+0000][1][safepoint    ] Leaving safepoint region
[2019-06-24T10:39:31.127+0000][1][safepoint    ] Total time for which application threads were stopped: 0.0002711 seconds, Stopping threads took: 0.0000760 seconds
[2019-06-24T10:39:32.127+0000][1][safepoint    ] Application time: 1.0001690 seconds
[2019-06-24T10:39:32.127+0000][1][safepoint    ] Entering safepoint region: Cleanup
[2019-06-24T10:39:32.128+0000][1][safepoint    ] Leaving safepoint region
[2019-06-24T10:39:32.128+0000][1][safepoint    ] Total time for which application threads were stopped: 0.0002450 seconds, Stopping threads took: 0.0000610 seconds
[2019-06-24T10:39:33.128+0000][1][safepoint    ] Application time: 1.0002357 seconds
[2019-06-24T10:39:33.128+0000][1][safepoint    ] Entering safepoint region: Cleanup
[2019-06-24T10:39:33.128+0000][1][safepoint    ] Leaving safepoint region
[2019-06-24T10:39:33.128+0000][1][safepoint    ] Total time for which application threads were stopped: 0.0002676 seconds, Stopping threads took: 0.0000709 seconds
[2019-06-24T10:39:34.128+0000][1][safepoint    ] Application time: 1.0002624 seconds
[2019-06-24T10:39:34.129+0000][1][safepoint    ] Entering safepoint region: Cleanup
[2019-06-24T10:39:34.129+0000][1][safepoint    ] Leaving safepoint region
[2019-06-24T10:39:34.129+0000][1][safepoint    ] Total time for which application threads were stopped: 0.0002851 seconds, Stopping threads took: 0.0000716 seconds
[2019-06-24T10:39:35.129+0000][1][safepoint    ] Application time: 1.0001917 seconds
[2019-06-24T10:39:35.129+0000][1][safepoint    ] Entering safepoint region: Cleanup
[2019-06-24T10:39:35.129+0000][1][safepoint    ] Leaving safepoint region
[2019-06-24T10:39:35.129+0000][1][safepoint    ] Total time for which application threads were stopped: 0.0002727 seconds, Stopping threads took: 0.0000707 seconds
[2019-06-24T10:39:36.130+0000][1][safepoint    ] Application time: 1.0002946 seconds
[2019-06-24T10:39:36.130+0000][1][safepoint    ] Entering safepoint region: Cleanup
[2019-06-24T10:39:36.130+0000][1][safepoint    ] Leaving safepoint region
[2019-06-24T10:39:36.130+0000][1][safepoint    ] Total time for which application threads were stopped: 0.0001858 seconds, Stopping threads took: 0.0000344 seconds
[2019-06-24T10:39:37.130+0000][1][safepoint    ] Application time: 1.0002587 seconds
[2019-06-24T10:39:37.131+0000][1][safepoint    ] Entering safepoint region: Cleanup
[2019-06-24T10:39:37.131+0000][1][safepoint    ] Leaving safepoint region
[2019-06-24T10:39:37.131+0000][1][safepoint    ] Total time for which application threads were stopped: 0.0004966 seconds, Stopping threads took: 0.0002006 seconds
[2019-06-24T10:39:38.131+0000][1][safepoint    ] Application time: 1.0002701 seconds
[2019-06-24T10:39:38.131+0000][1][safepoint    ] Entering safepoint region: Cleanup
[2019-06-24T10:39:38.132+0000][1][safepoint    ] Leaving safepoint region
[2019-06-24T10:39:38.132+0000][1][safepoint    ] Total time for which application threads were stopped: 0.0002895 seconds, Stopping threads took: 0.0000753 seconds
[2019-06-24T10:39:39.132+0000][1][safepoint    ] Application time: 1.0002367 seconds
[2019-06-24T10:39:39.132+0000][1][safepoint    ] Entering safepoint region: Cleanup
[2019-06-24T10:39:39.132+0000][1][safepoint    ] Leaving safepoint region
[2019-06-24T10:39:39.132+0000][1][safepoint    ] Total time for which application threads were stopped: 0.0003828 seconds, Stopping threads took: 0.0000713 seconds
[2019-06-24T10:39:40.133+0000][1][safepoint    ] Application time: 1.0002743 seconds
[2019-06-24T10:39:40.133+0000][1][safepoint    ] Entering safepoint region: Cleanup
[2019-06-24T10:39:40.133+0000][1][safepoint    ] Leaving safepoint region
[2019-06-24T10:39:40.133+0000][1][safepoint    ] Total time for which application threads were stopped: 0.0003802 seconds, Stopping threads took: 0.0000737 seconds
[2019-06-24T10:39:41.124+0000][1][safepoint    ] Application time: 0.9909338 seconds
[2019-06-24T10:39:41.124+0000][1][safepoint    ] Entering safepoint region: GenCollectForAllocation
[2019-06-24T10:39:41.125+0000][1][gc,start     ] GC(59) Pause Young (Allocation Failure)
[2019-06-24T10:39:41.125+0000][1][gc,task      ] GC(59) Using 5 workers of 8 for evacuation
[2019-06-24T10:39:41.127+0000][1][gc,age       ] GC(59) Desired survivor size 4456448 bytes, new threshold 6 (max threshold 6)
[2019-06-24T10:39:41.127+0000][1][gc,age       ] GC(59) Age table with threshold 6 (max threshold 6)
[2019-06-24T10:39:41.127+0000][1][gc,age       ] GC(59) - age   1:       5704 bytes,       5704 total
[2019-06-24T10:39:41.127+0000][1][gc,age       ] GC(59) - age   2:        168 bytes,       5872 total
[2019-06-24T10:39:41.127+0000][1][gc,age       ] GC(59) - age   3:         88 bytes,       5960 total
[2019-06-24T10:39:41.127+0000][1][gc,age       ] GC(59) - age   4:       7344 bytes,      13304 total
[2019-06-24T10:39:41.127+0000][1][gc,heap      ] GC(59) ParNew: 69970K->20K(78656K)
[2019-06-24T10:39:41.128+0000][1][gc,heap      ] GC(59) CMS: 70588K->70588K(174784K)
[2019-06-24T10:39:41.128+0000][1][gc,metaspace ] GC(59) Metaspace: 70601K->70601K(1114112K)
[2019-06-24T10:39:41.128+0000][1][gc           ] GC(59) Pause Young (Allocation Failure) 137M->68M(247M) 2.929ms
[2019-06-24T10:39:41.128+0000][1][gc,cpu       ] GC(59) User=0.01s Sys=0.00s Real=0.00s
[2019-06-24T10:39:41.128+0000][1][safepoint    ] Leaving safepoint region
[2019-06-24T10:39:41.128+0000][1][safepoint    ] Total time for which application threads were stopped: 0.0034394 seconds, Stopping threads took: 0.0000641 seconds
[2019-06-24T10:39:42.128+0000][1][safepoint    ] Application time: 1.0001868 seconds
[2019-06-24T10:39:42.128+0000][1][safepoint    ] Entering safepoint region: Cleanup
[2019-06-24T10:39:42.128+0000][1][safepoint    ] Leaving safepoint region
[2019-06-24T10:39:42.128+0000][1][safepoint    ] Total time for which application threads were stopped: 0.0003000 seconds, Stopping threads took: 0.0000640 seconds
[2019-06-24T10:39:43.129+0000][1][safepoint    ] Application time: 1.0002494 seconds
[2019-06-24T10:39:43.129+0000][1][safepoint    ] Entering safepoint region: Cleanup
[2019-06-24T10:39:43.129+0000][1][safepoint    ] Leaving safepoint region
[2019-06-24T10:39:43.129+0000][1][safepoint    ] Total time for which application threads were stopped: 0.0002839 seconds, Stopping threads took: 0.0000719 seconds
[2019-06-24T10:39:44.129+0000][1][safepoint    ] Application time: 1.0002344 seconds
[2019-06-24T10:39:44.129+0000][1][safepoint    ] Entering safepoint region: Cleanup
[2019-06-24T10:39:44.130+0000][1][safepoint    ] Leaving safepoint region
[2019-06-24T10:39:44.130+0000][1][safepoint    ] Total time for which application threads were stopped: 0.0002730 seconds, Stopping threads took: 0.0000704 seconds
[2019-06-24T10:39:45.130+0000][1][safepoint    ] Application time: 1.0001448 seconds
[2019-06-24T10:39:45.130+0000][1][safepoint    ] Entering safepoint region: Cleanup
[2019-06-24T10:39:45.130+0000][1][safepoint    ] Leaving safepoint region
[2019-06-24T10:39:45.130+0000][1][safepoint    ] Total time for which application threads were stopped: 0.0002608 seconds, Stopping threads took: 0.0000886 seconds
[2019-06-24T10:39:46.131+0000][1][safepoint    ] Application time: 1.0002600 seconds
[2019-06-24T10:39:46.131+0000][1][safepoint    ] Entering safepoint region: Cleanup
[2019-06-24T10:39:46.131+0000][1][safepoint    ] Leaving safepoint region
[2019-06-24T10:39:46.131+0000][1][safepoint    ] Total time for which application threads were stopped: 0.0002969 seconds, Stopping threads took: 0.0000783 seconds
[2019-06-24T10:39:47.131+0000][1][safepoint    ] Application time: 1.0002113 seconds
[2019-06-24T10:39:47.131+0000][1][safepoint    ] Entering safepoint region: Cleanup
[2019-06-24T10:39:47.132+0000][1][safepoint    ] Leaving safepoint region
[2019-06-24T10:39:47.132+0000][1][safepoint    ] Total time for which application threads were stopped: 0.0002809 seconds, Stopping threads took: 0.0000722 seconds
[2019-06-24T10:39:48.132+0000][1][safepoint    ] Application time: 1.0002809 seconds
[2019-06-24T10:39:48.132+0000][1][safepoint    ] Entering safepoint region: Cleanup
[2019-06-24T10:39:48.132+0000][1][safepoint    ] Leaving safepoint region
[2019-06-24T10:39:48.132+0000][1][safepoint    ] Total time for which application threads were stopped: 0.0003509 seconds, Stopping threads took: 0.0001137 seconds
[2019-06-24T10:39:49.133+0000][1][safepoint    ] Application time: 1.0002470 seconds
[2019-06-24T10:39:49.133+0000][1][safepoint    ] Entering safepoint region: Cleanup
[2019-06-24T10:39:49.133+0000][1][safepoint    ] Leaving safepoint region
[2019-06-24T10:39:49.133+0000][1][safepoint    ] Total time for which application threads were stopped: 0.0003962 seconds, Stopping threads took: 0.0000879 seconds
[2019-06-24T10:39:50.134+0000][1][safepoint    ] Application time: 1.0002380 seconds
[2019-06-24T10:39:50.134+0000][1][safepoint    ] Entering safepoint region: Cleanup
[2019-06-24T10:39:50.134+0000][1][safepoint    ] Leaving safepoint region
[2019-06-24T10:39:50.134+0000][1][safepoint    ] Total time for which application threads were stopped: 0.0003259 seconds, Stopping threads took: 0.0000698 seconds
[2019-06-24T10:39:51.134+0000][1][safepoint    ] Application time: 1.0003088 seconds
[2019-06-24T10:39:51.135+0000][1][safepoint    ] Entering safepoint region: Cleanup
[2019-06-24T10:39:51.135+0000][1][safepoint    ] Leaving safepoint region
[2019-06-24T10:39:51.135+0000][1][safepoint    ] Total time for which application threads were stopped: 0.0007794 seconds, Stopping threads took: 0.0004107 seconds
[2019-06-24T10:39:52.136+0000][1][safepoint    ] Application time: 1.0002774 seconds
[2019-06-24T10:39:52.136+0000][1][safepoint    ] Entering safepoint region: Cleanup
[2019-06-24T10:39:52.136+0000][1][safepoint    ] Leaving safepoint region
[2019-06-24T10:39:52.136+0000][1][safepoint    ] Total time for which application threads were stopped: 0.0003668 seconds, Stopping threads took: 0.0000710 seconds
[2019-06-24T10:39:53.136+0000][1][safepoint    ] Application time: 1.0002717 seconds
[2019-06-24T10:39:53.136+0000][1][safepoint    ] Entering safepoint region: Cleanup
[2019-06-24T10:39:53.137+0000][1][safepoint    ] Leaving safepoint region
[2019-06-24T10:39:53.137+0000][1][safepoint    ] Total time for which application threads were stopped: 0.0003208 seconds, Stopping threads took: 0.0000866 seconds
[2019-06-24T10:39:54.137+0000][1][safepoint    ] Application time: 1.0001931 seconds
[2019-06-24T10:39:54.137+0000][1][safepoint    ] Entering safepoint region: Cleanup
[2019-06-24T10:39:54.137+0000][1][safepoint    ] Leaving safepoint region
[2019-06-24T10:39:54.137+0000][1][safepoint    ] Total time for which application threads were stopped: 0.0003246 seconds, Stopping threads took: 0.0000878 seconds
[2019-06-24T10:39:55.138+0000][1][safepoint    ] Application time: 1.0002676 seconds
[2019-06-24T10:39:55.138+0000][1][safepoint    ] Entering safepoint region: Cleanup
[2019-06-24T10:39:55.138+0000][1][safepoint    ] Leaving safepoint region
[2019-06-24T10:39:55.138+0000][1][safepoint    ] Total time for which application threads were stopped: 0.0003195 seconds, Stopping threads took: 0.0000867 seconds
[2019-06-24T10:39:56.139+0000][1][safepoint    ] Application time: 1.0003855 seconds
[2019-06-24T10:39:56.139+0000][1][safepoint    ] Entering safepoint region: Cleanup
[2019-06-24T10:39:56.139+0000][1][safepoint    ] Leaving safepoint region
[2019-06-24T10:39:56.139+0000][1][safepoint    ] Total time for which application threads were stopped: 0.0003679 seconds, Stopping threads took: 0.0001165 seconds
[2019-06-24T10:39:57.139+0000][1][safepoint    ] Application time: 1.0002494 seconds
[2019-06-24T10:39:57.139+0000][1][safepoint    ] Entering safepoint region: Cleanup
[2019-06-24T10:39:57.140+0000][1][safepoint    ] Leaving safepoint region
[2019-06-24T10:39:57.140+0000][1][safepoint    ] Total time for which application threads were stopped: 0.0003175 seconds, Stopping threads took: 0.0000886 seconds
[2019-06-24T10:39:58.140+0000][1][safepoint    ] Application time: 1.0001861 seconds
[2019-06-24T10:39:58.140+0000][1][safepoint    ] Entering safepoint region: Cleanup
[2019-06-24T10:39:58.140+0000][1][safepoint    ] Leaving safepoint region
[2019-06-24T10:39:58.140+0000][1][safepoint    ] Total time for which application threads were stopped: 0.0003039 seconds, Stopping threads took: 0.0000983 seconds
[2019-06-24T10:39:59.141+0000][1][safepoint    ] Application time: 1.0001262 seconds
[2019-06-24T10:39:59.141+0000][1][safepoint    ] Entering safepoint region: Cleanup
[2019-06-24T10:39:59.141+0000][1][safepoint    ] Leaving safepoint region
[2019-06-24T10:39:59.141+0000][1][safepoint    ] Total time for which application threads were stopped: 0.0002486 seconds, Stopping threads took: 0.0000624 seconds
[2019-06-24T10:40:00.141+0000][1][safepoint    ] Application time: 1.0001742 seconds
[2019-06-24T10:40:00.141+0000][1][safepoint    ] Entering safepoint region: Cleanup
[2019-06-24T10:40:00.141+0000][1][safepoint    ] Leaving safepoint region
[2019-06-24T10:40:00.141+0000][1][safepoint    ] Total time for which application threads were stopped: 0.0002448 seconds, Stopping threads took: 0.0000606 seconds
[2019-06-24T10:40:01.142+0000][1][safepoint    ] Application time: 1.0001821 seconds
[2019-06-24T10:40:01.142+0000][1][safepoint    ] Entering safepoint region: Cleanup
[2019-06-24T10:40:01.142+0000][1][safepoint    ] Leaving safepoint region
[2019-06-24T10:40:01.142+0000][1][safepoint    ] Total time for which application threads were stopped: 0.0003079 seconds, Stopping threads took: 0.0000854 seconds
[2019-06-24T10:40:02.142+0000][1][safepoint    ] Application time: 1.0001959 seconds
[2019-06-24T10:40:02.143+0000][1][safepoint    ] Entering safepoint region: Cleanup
[2019-06-24T10:40:02.143+0000][1][safepoint    ] Leaving safepoint region
[2019-06-24T10:40:02.143+0000][1][safepoint    ] Total time for which application threads were stopped: 0.0003278 seconds, Stopping threads took: 0.0001264 seconds
[2019-06-24T10:40:03.143+0000][1][safepoint    ] Application time: 1.0001874 seconds
[2019-06-24T10:40:03.143+0000][1][safepoint    ] Entering safepoint region: Cleanup
[2019-06-24T10:40:03.143+0000][1][safepoint    ] Leaving safepoint region
[2019-06-24T10:40:03.143+0000][1][safepoint    ] Total time for which application threads were stopped: 0.0003600 seconds, Stopping threads took: 0.0000700 seconds
[2019-06-24T10:40:04.144+0000][1][safepoint    ] Application time: 1.0001896 seconds
[2019-06-24T10:40:04.144+0000][1][safepoint    ] Entering safepoint region: Cleanup
[2019-06-24T10:40:04.144+0000][1][safepoint    ] Leaving safepoint region
[2019-06-24T10:40:04.144+0000][1][safepoint    ] Total time for which application threads were stopped: 0.0002769 seconds, Stopping threads took: 0.0000714 seconds
[2019-06-24T10:40:05.144+0000][1][safepoint    ] Application time: 1.0001794 seconds
[2019-06-24T10:40:05.144+0000][1][safepoint    ] Entering safepoint region: Cleanup
[2019-06-24T10:40:05.145+0000][1][safepoint    ] Leaving safepoint region
[2019-06-24T10:40:05.145+0000][1][safepoint    ] Total time for which application threads were stopped: 0.0002715 seconds, Stopping threads took: 0.0000702 seconds
[2019-06-24T10:40:06.145+0000][1][safepoint    ] Application time: 1.0001150 seconds
[2019-06-24T10:40:06.145+0000][1][safepoint    ] Entering safepoint region: Cleanup
[2019-06-24T10:40:06.145+0000][1][safepoint    ] Leaving safepoint region
[2019-06-24T10:40:06.145+0000][1][safepoint    ] Total time for which application threads were stopped: 0.0002917 seconds, Stopping threads took: 0.0000999 seconds
[2019-06-24T10:40:07.145+0000][1][safepoint    ] Application time: 1.0002414 seconds
[2019-06-24T10:40:07.146+0000][1][safepoint    ] Entering safepoint region: Cleanup
[2019-06-24T10:40:07.146+0000][1][safepoint    ] Leaving safepoint region
[2019-06-24T10:40:07.146+0000][1][safepoint    ] Total time for which application threads were stopped: 0.0002735 seconds, Stopping threads took: 0.0000723 seconds
[2019-06-24T10:40:08.165+0000][1][safepoint    ] Application time: 1.0192482 seconds
[2019-06-24T10:40:08.165+0000][1][safepoint    ] Entering safepoint region: Cleanup
[2019-06-24T10:40:08.166+0000][1][safepoint    ] Leaving safepoint region
[2019-06-24T10:40:08.166+0000][1][safepoint    ] Total time for which application threads were stopped: 0.0002771 seconds, Stopping threads took: 0.0000697 seconds
[2019-06-24T10:40:09.166+0000][1][safepoint    ] Application time: 1.0002528 seconds
[2019-06-24T10:40:09.166+0000][1][safepoint    ] Entering safepoint region: Cleanup
[2019-06-24T10:40:09.166+0000][1][safepoint    ] Leaving safepoint region
[2019-06-24T10:40:09.166+0000][1][safepoint    ] Total time for which application threads were stopped: 0.0002898 seconds, Stopping threads took: 0.0000727 seconds
[2019-06-24T10:40:10.166+0000][1][safepoint    ] Application time: 1.0001822 seconds
[2019-06-24T10:40:10.167+0000][1][safepoint    ] Entering safepoint region: Cleanup
[2019-06-24T10:40:10.167+0000][1][safepoint    ] Leaving safepoint region
[2019-06-24T10:40:10.167+0000][1][safepoint    ] Total time for which application threads were stopped: 0.0002446 seconds, Stopping threads took: 0.0000618 seconds
[2019-06-24T10:40:11.167+0000][1][safepoint    ] Application time: 1.0001635 seconds
[2019-06-24T10:40:11.167+0000][1][safepoint    ] Entering safepoint region: Cleanup
[2019-06-24T10:40:11.167+0000][1][safepoint    ] Leaving safepoint region
[2019-06-24T10:40:11.167+0000][1][safepoint    ] Total time for which application threads were stopped: 0.0002611 seconds, Stopping threads took: 0.0000676 seconds
[2019-06-24T10:40:12.168+0000][1][safepoint    ] Application time: 1.0001969 seconds
[2019-06-24T10:40:12.168+0000][1][safepoint    ] Entering safepoint region: Cleanup
[2019-06-24T10:40:12.168+0000][1][safepoint    ] Leaving safepoint region
[2019-06-24T10:40:12.168+0000][1][safepoint    ] Total time for which application threads were stopped: 0.0002778 seconds, Stopping threads took: 0.0000704 seconds
[2019-06-24T10:40:13.168+0000][1][safepoint    ] Application time: 1.0001818 seconds
[2019-06-24T10:40:13.168+0000][1][safepoint    ] Entering safepoint region: Cleanup
[2019-06-24T10:40:13.169+0000][1][safepoint    ] Leaving safepoint region
[2019-06-24T10:40:13.169+0000][1][safepoint    ] Total time for which application threads were stopped: 0.0002759 seconds, Stopping threads took: 0.0000694 seconds
[2019-06-24T10:40:14.169+0000][1][safepoint    ] Application time: 1.0001875 seconds
[2019-06-24T10:40:14.169+0000][1][safepoint    ] Entering safepoint region: Cleanup
[2019-06-24T10:40:14.169+0000][1][safepoint    ] Leaving safepoint region
[2019-06-24T10:40:14.169+0000][1][safepoint    ] Total time for which application threads were stopped: 0.0002745 seconds, Stopping threads took: 0.0000686 seconds
[2019-06-24T10:40:15.169+0000][1][safepoint    ] Application time: 1.0001915 seconds
[2019-06-24T10:40:15.170+0000][1][safepoint    ] Entering safepoint region: Cleanup
[2019-06-24T10:40:15.170+0000][1][safepoint    ] Leaving safepoint region
[2019-06-24T10:40:15.170+0000][1][safepoint    ] Total time for which application threads were stopped: 0.0002764 seconds, Stopping threads took: 0.0000694 seconds
[2019-06-24T10:40:16.170+0000][1][safepoint    ] Application time: 1.0001809 seconds
[2019-06-24T10:40:16.170+0000][1][safepoint    ] Entering safepoint region: Cleanup
[2019-06-24T10:40:16.170+0000][1][safepoint    ] Leaving safepoint region
[2019-06-24T10:40:16.171+0000][1][safepoint    ] Total time for which application threads were stopped: 0.0004233 seconds, Stopping threads took: 0.0001409 seconds
[2019-06-24T10:40:17.171+0000][1][safepoint    ] Application time: 1.0001476 seconds
[2019-06-24T10:40:17.171+0000][1][safepoint    ] Entering safepoint region: Cleanup
[2019-06-24T10:40:17.171+0000][1][safepoint    ] Leaving safepoint region
[2019-06-24T10:40:17.171+0000][1][safepoint    ] Total time for which application threads were stopped: 0.0002971 seconds, Stopping threads took: 0.0000813 seconds
[2019-06-24T10:40:18.171+0000][1][safepoint    ] Application time: 1.0001910 seconds
[2019-06-24T10:40:18.171+0000][1][safepoint    ] Entering safepoint region: Cleanup
[2019-06-24T10:40:18.172+0000][1][safepoint    ] Leaving safepoint region
[2019-06-24T10:40:18.172+0000][1][safepoint    ] Total time for which application threads were stopped: 0.0003206 seconds, Stopping threads took: 0.0001051 seconds
[2019-06-24T10:40:19.172+0000][1][safepoint    ] Application time: 1.0002521 seconds
[2019-06-24T10:40:19.172+0000][1][safepoint    ] Entering safepoint region: Cleanup
[2019-06-24T10:40:19.172+0000][1][safepoint    ] Leaving safepoint region
[2019-06-24T10:40:19.172+0000][1][safepoint    ] Total time for which application threads were stopped: 0.0002746 seconds, Stopping threads took: 0.0000722 seconds
[2019-06-24T10:40:20.173+0000][1][safepoint    ] Application time: 1.0001981 seconds
[2019-06-24T10:40:20.173+0000][1][safepoint    ] Entering safepoint region: Cleanup
[2019-06-24T10:40:20.173+0000][1][safepoint    ] Leaving safepoint region
[2019-06-24T10:40:20.173+0000][1][safepoint    ] Total time for which application threads were stopped: 0.0002426 seconds, Stopping threads took: 0.0000362 seconds
[2019-06-24T10:40:21.173+0000][1][safepoint    ] Application time: 1.0001106 seconds
[2019-06-24T10:40:21.173+0000][1][safepoint    ] Entering safepoint region: Cleanup
[2019-06-24T10:40:21.174+0000][1][safepoint    ] Leaving safepoint region
[2019-06-24T10:40:21.174+0000][1][safepoint    ] Total time for which application threads were stopped: 0.0002246 seconds, Stopping threads took: 0.0000720 seconds
[2019-06-24T10:40:22.174+0000][1][safepoint    ] Application time: 1.0002533 seconds
[2019-06-24T10:40:22.174+0000][1][safepoint    ] Entering safepoint region: Cleanup
[2019-06-24T10:40:22.174+0000][1][safepoint    ] Leaving safepoint region
[2019-06-24T10:40:22.174+0000][1][safepoint    ] Total time for which application threads were stopped: 0.0002899 seconds, Stopping threads took: 0.0000736 seconds
[2019-06-24T10:40:23.182+0000][1][safepoint    ] Application time: 1.0074696 seconds
[2019-06-24T10:40:23.182+0000][1][safepoint    ] Entering safepoint region: Cleanup
[2019-06-24T10:40:23.182+0000][1][safepoint    ] Leaving safepoint region
[2019-06-24T10:40:23.182+0000][1][safepoint    ] Total time for which application threads were stopped: 0.0003008 seconds, Stopping threads took: 0.0000729 seconds
[2019-06-24T10:40:24.182+0000][1][safepoint    ] Application time: 1.0002565 seconds
[2019-06-24T10:40:24.183+0000][1][safepoint    ] Entering safepoint region: Cleanup
[2019-06-24T10:40:24.183+0000][1][safepoint    ] Leaving safepoint region
[2019-06-24T10:40:24.183+0000][1][safepoint    ] Total time for which application threads were stopped: 0.0003307 seconds, Stopping threads took: 0.0000950 seconds
[2019-06-24T10:40:25.183+0000][1][safepoint    ] Application time: 1.0002866 seconds
[2019-06-24T10:40:25.183+0000][1][safepoint    ] Entering safepoint region: Cleanup
[2019-06-24T10:40:25.184+0000][1][safepoint    ] Leaving safepoint region
[2019-06-24T10:40:25.184+0000][1][safepoint    ] Total time for which application threads were stopped: 0.0003351 seconds, Stopping threads took: 0.0000850 seconds
[2019-06-24T10:40:26.184+0000][1][safepoint    ] Application time: 1.0002055 seconds
[2019-06-24T10:40:26.184+0000][1][safepoint    ] Entering safepoint region: Cleanup
[2019-06-24T10:40:26.184+0000][1][safepoint    ] Leaving safepoint region
[2019-06-24T10:40:26.184+0000][1][safepoint    ] Total time for which application threads were stopped: 0.0002684 seconds, Stopping threads took: 0.0000674 seconds
[2019-06-24T10:40:27.185+0000][1][safepoint    ] Application time: 1.0002549 seconds
[2019-06-24T10:40:27.185+0000][1][safepoint    ] Entering safepoint region: Cleanup
[2019-06-24T10:40:27.185+0000][1][safepoint    ] Leaving safepoint region
[2019-06-24T10:40:27.185+0000][1][safepoint    ] Total time for which application threads were stopped: 0.0002807 seconds, Stopping threads took: 0.0000741 seconds
[2019-06-24T10:40:28.185+0000][1][safepoint    ] Application time: 1.0002584 seconds
[2019-06-24T10:40:28.185+0000][1][safepoint    ] Entering safepoint region: Cleanup
[2019-06-24T10:40:28.186+0000][1][safepoint    ] Leaving safepoint region
[2019-06-24T10:40:28.186+0000][1][safepoint    ] Total time for which application threads were stopped: 0.0003272 seconds, Stopping threads took: 0.0001108 seconds
[2019-06-24T10:40:29.186+0000][1][safepoint    ] Application time: 1.0001861 seconds
[2019-06-24T10:40:29.186+0000][1][safepoint    ] Entering safepoint region: Cleanup
[2019-06-24T10:40:29.186+0000][1][safepoint    ] Leaving safepoint region
[2019-06-24T10:40:29.186+0000][1][safepoint    ] Total time for which application threads were stopped: 0.0003853 seconds, Stopping threads took: 0.0000705 seconds
[2019-06-24T10:40:30.187+0000][1][safepoint    ] Application time: 1.0001875 seconds
[2019-06-24T10:40:30.187+0000][1][safepoint    ] Entering safepoint region: Cleanup
[2019-06-24T10:40:30.187+0000][1][safepoint    ] Leaving safepoint region
[2019-06-24T10:40:30.187+0000][1][safepoint    ] Total time for which application threads were stopped: 0.0001579 seconds, Stopping threads took: 0.0000499 seconds
[2019-06-24T10:40:31.187+0000][1][safepoint    ] Application time: 1.0001708 seconds
[2019-06-24T10:40:31.187+0000][1][safepoint    ] Entering safepoint region: Cleanup
[2019-06-24T10:40:31.187+0000][1][safepoint    ] Leaving safepoint region
[2019-06-24T10:40:31.187+0000][1][safepoint    ] Total time for which application threads were stopped: 0.0003514 seconds, Stopping threads took: 0.0001365 seconds
[2019-06-24T10:40:32.188+0000][1][safepoint    ] Application time: 1.0002830 seconds
[2019-06-24T10:40:32.188+0000][1][safepoint    ] Entering safepoint region: Cleanup
[2019-06-24T10:40:32.188+0000][1][safepoint    ] Leaving safepoint region
[2019-06-24T10:40:32.188+0000][1][safepoint    ] Total time for which application threads were stopped: 0.0002871 seconds, Stopping threads took: 0.0000734 seconds
[2019-06-24T10:40:33.188+0000][1][safepoint    ] Application time: 1.0001543 seconds
[2019-06-24T10:40:33.188+0000][1][safepoint    ] Entering safepoint region: Cleanup
[2019-06-24T10:40:33.189+0000][1][safepoint    ] Leaving safepoint region
[2019-06-24T10:40:33.189+0000][1][safepoint    ] Total time for which application threads were stopped: 0.0001235 seconds, Stopping threads took: 0.0000318 seconds
[2019-06-24T10:40:34.189+0000][1][safepoint    ] Application time: 1.0001180 seconds
[2019-06-24T10:40:34.189+0000][1][safepoint    ] Entering safepoint region: Cleanup
[2019-06-24T10:40:34.189+0000][1][safepoint    ] Leaving safepoint region
[2019-06-24T10:40:34.189+0000][1][safepoint    ] Total time for which application threads were stopped: 0.0002636 seconds, Stopping threads took: 0.0000660 seconds
[2019-06-24T10:40:35.189+0000][1][safepoint    ] Application time: 1.0002324 seconds
[2019-06-24T10:40:35.189+0000][1][safepoint    ] Entering safepoint region: Cleanup
[2019-06-24T10:40:35.190+0000][1][safepoint    ] Leaving safepoint region
[2019-06-24T10:40:35.190+0000][1][safepoint    ] Total time for which application threads were stopped: 0.0003554 seconds, Stopping threads took: 0.0000872 seconds
[2019-06-24T10:40:36.190+0000][1][safepoint    ] Application time: 1.0002778 seconds
[2019-06-24T10:40:36.190+0000][1][safepoint    ] Entering safepoint region: Cleanup
[2019-06-24T10:40:36.191+0000][1][safepoint    ] Leaving safepoint region
[2019-06-24T10:40:36.191+0000][1][safepoint    ] Total time for which application threads were stopped: 0.0004027 seconds, Stopping threads took: 0.0001096 seconds
[2019-06-24T10:40:37.191+0000][1][safepoint    ] Application time: 1.0002735 seconds
[2019-06-24T10:40:37.191+0000][1][safepoint    ] Entering safepoint region: Cleanup
[2019-06-24T10:40:37.191+0000][1][safepoint    ] Leaving safepoint region
[2019-06-24T10:40:37.191+0000][1][safepoint    ] Total time for which application threads were stopped: 0.0002870 seconds, Stopping threads took: 0.0000726 seconds
[2019-06-24T10:40:38.192+0000][1][safepoint    ] Application time: 1.0002772 seconds
[2019-06-24T10:40:38.192+0000][1][safepoint    ] Entering safepoint region: Cleanup
[2019-06-24T10:40:38.192+0000][1][safepoint    ] Leaving safepoint region
[2019-06-24T10:40:38.192+0000][1][safepoint    ] Total time for which application threads were stopped: 0.0003294 seconds, Stopping threads took: 0.0001090 seconds
[2019-06-24T10:40:39.192+0000][1][safepoint    ] Application time: 1.0002790 seconds
[2019-06-24T10:40:39.193+0000][1][safepoint    ] Entering safepoint region: Cleanup
[2019-06-24T10:40:39.193+0000][1][safepoint    ] Leaving safepoint region
[2019-06-24T10:40:39.193+0000][1][safepoint    ] Total time for which application threads were stopped: 0.0002875 seconds, Stopping threads took: 0.0000735 seconds
[2019-06-24T10:40:40.193+0000][1][safepoint    ] Application time: 1.0002093 seconds
[2019-06-24T10:40:40.193+0000][1][safepoint    ] Entering safepoint region: Cleanup
[2019-06-24T10:40:40.193+0000][1][safepoint    ] Leaving safepoint region
[2019-06-24T10:40:40.193+0000][1][safepoint    ] Total time for which application threads were stopped: 0.0002816 seconds, Stopping threads took: 0.0000726 seconds
[2019-06-24T10:40:41.194+0000][1][safepoint    ] Application time: 1.0002457 seconds
[2019-06-24T10:40:41.194+0000][1][safepoint    ] Entering safepoint region: Cleanup
[2019-06-24T10:40:41.194+0000][1][safepoint    ] Leaving safepoint region
[2019-06-24T10:40:41.194+0000][1][safepoint    ] Total time for which application threads were stopped: 0.0002859 seconds, Stopping threads took: 0.0000757 seconds
[2019-06-24T10:40:42.194+0000][1][safepoint    ] Application time: 1.0002660 seconds
[2019-06-24T10:40:42.195+0000][1][safepoint    ] Entering safepoint region: Cleanup
[2019-06-24T10:40:42.195+0000][1][safepoint    ] Leaving safepoint region
[2019-06-24T10:40:42.195+0000][1][safepoint    ] Total time for which application threads were stopped: 0.0002985 seconds, Stopping threads took: 0.0000795 seconds
[2019-06-24T10:40:43.195+0000][1][safepoint    ] Application time: 1.0002497 seconds
[2019-06-24T10:40:43.195+0000][1][safepoint    ] Entering safepoint region: Cleanup
[2019-06-24T10:40:43.196+0000][1][safepoint    ] Leaving safepoint region
[2019-06-24T10:40:43.196+0000][1][safepoint    ] Total time for which application threads were stopped: 0.0002885 seconds, Stopping threads took: 0.0000663 seconds
[2019-06-24T10:40:44.196+0000][1][safepoint    ] Application time: 1.0001329 seconds
[2019-06-24T10:40:44.196+0000][1][safepoint    ] Entering safepoint region: Cleanup
[2019-06-24T10:40:44.196+0000][1][safepoint    ] Leaving safepoint region
[2019-06-24T10:40:44.196+0000][1][safepoint    ] Total time for which application threads were stopped: 0.0002901 seconds, Stopping threads took: 0.0000741 seconds
[2019-06-24T10:40:45.196+0000][1][safepoint    ] Application time: 1.0002666 seconds
[2019-06-24T10:40:45.197+0000][1][safepoint    ] Entering safepoint region: Cleanup
[2019-06-24T10:40:45.197+0000][1][safepoint    ] Leaving safepoint region
[2019-06-24T10:40:45.197+0000][1][safepoint    ] Total time for which application threads were stopped: 0.0002951 seconds, Stopping threads took: 0.0000739 seconds
[2019-06-24T10:40:46.197+0000][1][safepoint    ] Application time: 1.0002782 seconds
[2019-06-24T10:40:46.197+0000][1][safepoint    ] Entering safepoint region: Cleanup
[2019-06-24T10:40:46.197+0000][1][safepoint    ] Leaving safepoint region
[2019-06-24T10:40:46.198+0000][1][safepoint    ] Total time for which application threads were stopped: 0.0002574 seconds, Stopping threads took: 0.0000648 seconds
[2019-06-24T10:40:47.198+0000][1][safepoint    ] Application time: 1.0003010 seconds
[2019-06-24T10:40:47.198+0000][1][safepoint    ] Entering safepoint region: Cleanup
[2019-06-24T10:40:47.198+0000][1][safepoint    ] Leaving safepoint region
[2019-06-24T10:40:47.198+0000][1][safepoint    ] Total time for which application threads were stopped: 0.0001652 seconds, Stopping threads took: 0.0000428 seconds
[2019-06-24T10:40:48.198+0000][1][safepoint    ] Application time: 1.0002486 seconds
[2019-06-24T10:40:48.199+0000][1][safepoint    ] Entering safepoint region: Cleanup
[2019-06-24T10:40:48.199+0000][1][safepoint    ] Leaving safepoint region
[2019-06-24T10:40:48.199+0000][1][safepoint    ] Total time for which application threads were stopped: 0.0005202 seconds, Stopping threads took: 0.0002979 seconds
[2019-06-24T10:40:49.199+0000][1][safepoint    ] Application time: 1.0002698 seconds
[2019-06-24T10:40:49.199+0000][1][safepoint    ] Entering safepoint region: Cleanup
[2019-06-24T10:40:49.200+0000][1][safepoint    ] Leaving safepoint region
[2019-06-24T10:40:49.200+0000][1][safepoint    ] Total time for which application threads were stopped: 0.0003523 seconds, Stopping threads took: 0.0000630 seconds
[2019-06-24T10:40:50.200+0000][1][safepoint    ] Application time: 1.0002746 seconds
[2019-06-24T10:40:50.200+0000][1][safepoint    ] Entering safepoint region: Cleanup
[2019-06-24T10:40:50.200+0000][1][safepoint    ] Leaving safepoint region
[2019-06-24T10:40:50.201+0000][1][safepoint    ] Total time for which application threads were stopped: 0.0003545 seconds, Stopping threads took: 0.0000737 seconds
[2019-06-24T10:40:51.201+0000][1][safepoint    ] Application time: 1.0002774 seconds
[2019-06-24T10:40:51.201+0000][1][safepoint    ] Entering safepoint region: Cleanup
[2019-06-24T10:40:51.201+0000][1][safepoint    ] Leaving safepoint region
[2019-06-24T10:40:51.201+0000][1][safepoint    ] Total time for which application threads were stopped: 0.0002927 seconds, Stopping threads took: 0.0000746 seconds
[2019-06-24T10:40:51.697+0000][1][safepoint    ] Application time: 0.4956033 seconds
[2019-06-24T10:40:51.697+0000][1][safepoint    ] Entering safepoint region: GenCollectForAllocation
[2019-06-24T10:40:51.697+0000][1][gc,start     ] GC(60) Pause Young (Allocation Failure)
[2019-06-24T10:40:51.698+0000][1][gc,task      ] GC(60) Using 5 workers of 8 for evacuation
[2019-06-24T10:40:51.700+0000][1][gc,age       ] GC(60) Desired survivor size 4456448 bytes, new threshold 6 (max threshold 6)
[2019-06-24T10:40:51.700+0000][1][gc,age       ] GC(60) Age table with threshold 6 (max threshold 6)
[2019-06-24T10:40:51.700+0000][1][gc,age       ] GC(60) - age   1:     136128 bytes,     136128 total
[2019-06-24T10:40:51.700+0000][1][gc,age       ] GC(60) - age   2:         96 bytes,     136224 total
[2019-06-24T10:40:51.700+0000][1][gc,age       ] GC(60) - age   3:        104 bytes,     136328 total
[2019-06-24T10:40:51.700+0000][1][gc,age       ] GC(60) - age   4:         88 bytes,     136416 total
[2019-06-24T10:40:51.700+0000][1][gc,age       ] GC(60) - age   5:       7344 bytes,     143760 total
[2019-06-24T10:40:51.701+0000][1][gc,heap      ] GC(60) ParNew: 69920K->146K(78656K)
[2019-06-24T10:40:51.701+0000][1][gc,heap      ] GC(60) CMS: 70588K->70588K(174784K)
[2019-06-24T10:40:51.701+0000][1][gc,metaspace ] GC(60) Metaspace: 70601K->70601K(1114112K)
[2019-06-24T10:40:51.701+0000][1][gc           ] GC(60) Pause Young (Allocation Failure) 137M->69M(247M) 3.220ms
[2019-06-24T10:40:51.701+0000][1][gc,cpu       ] GC(60) User=0.01s Sys=0.00s Real=0.00s
[2019-06-24T10:40:51.701+0000][1][safepoint    ] Leaving safepoint region
[2019-06-24T10:40:51.701+0000][1][safepoint    ] Total time for which application threads were stopped: 0.0038351 seconds, Stopping threads took: 0.0001307 seconds
[2019-06-24T10:40:52.701+0000][1][safepoint    ] Application time: 1.0002583 seconds
[2019-06-24T10:40:52.701+0000][1][safepoint    ] Entering safepoint region: Cleanup
[2019-06-24T10:40:52.701+0000][1][safepoint    ] Leaving safepoint region
[2019-06-24T10:40:52.702+0000][1][safepoint    ] Total time for which application threads were stopped: 0.0003042 seconds, Stopping threads took: 0.0001089 seconds
[2019-06-24T10:40:53.702+0000][1][safepoint    ] Application time: 1.0002788 seconds
[2019-06-24T10:40:53.702+0000][1][safepoint    ] Entering safepoint region: Cleanup
[2019-06-24T10:40:53.702+0000][1][safepoint    ] Leaving safepoint region
[2019-06-24T10:40:53.702+0000][1][safepoint    ] Total time for which application threads were stopped: 0.0003899 seconds, Stopping threads took: 0.0000743 seconds
[2019-06-24T10:40:54.703+0000][1][safepoint    ] Application time: 1.0003236 seconds
[2019-06-24T10:40:54.703+0000][1][safepoint    ] Entering safepoint region: Cleanup
[2019-06-24T10:40:54.703+0000][1][safepoint    ] Leaving safepoint region
[2019-06-24T10:40:54.703+0000][1][safepoint    ] Total time for which application threads were stopped: 0.0002937 seconds, Stopping threads took: 0.0000750 seconds
[2019-06-24T10:40:55.703+0000][1][safepoint    ] Application time: 1.0002703 seconds
[2019-06-24T10:40:55.704+0000][1][safepoint    ] Entering safepoint region: Cleanup
[2019-06-24T10:40:55.704+0000][1][safepoint    ] Leaving safepoint region
[2019-06-24T10:40:55.704+0000][1][safepoint    ] Total time for which application threads were stopped: 0.0002912 seconds, Stopping threads took: 0.0000733 seconds
[2019-06-24T10:40:56.704+0000][1][safepoint    ] Application time: 1.0002649 seconds
[2019-06-24T10:40:56.704+0000][1][safepoint    ] Entering safepoint region: Cleanup
[2019-06-24T10:40:56.705+0000][1][safepoint    ] Leaving safepoint region
[2019-06-24T10:40:56.705+0000][1][safepoint    ] Total time for which application threads were stopped: 0.0003112 seconds, Stopping threads took: 0.0000884 seconds
[2019-06-24T10:40:57.705+0000][1][safepoint    ] Application time: 1.0001796 seconds
[2019-06-24T10:40:57.705+0000][1][safepoint    ] Entering safepoint region: Cleanup
[2019-06-24T10:40:57.705+0000][1][safepoint    ] Leaving safepoint region
[2019-06-24T10:40:57.705+0000][1][safepoint    ] Total time for which application threads were stopped: 0.0002527 seconds, Stopping threads took: 0.0000630 seconds
[2019-06-24T10:40:58.705+0000][1][safepoint    ] Application time: 1.0002696 seconds
[2019-06-24T10:40:58.706+0000][1][safepoint    ] Entering safepoint region: Cleanup
[2019-06-24T10:40:58.706+0000][1][safepoint    ] Leaving safepoint region
[2019-06-24T10:40:58.706+0000][1][safepoint    ] Total time for which application threads were stopped: 0.0002884 seconds, Stopping threads took: 0.0000727 seconds
[2019-06-24T10:40:59.706+0000][1][safepoint    ] Application time: 1.0002667 seconds
[2019-06-24T10:40:59.706+0000][1][safepoint    ] Entering safepoint region: Cleanup
[2019-06-24T10:40:59.707+0000][1][safepoint    ] Leaving safepoint region
[2019-06-24T10:40:59.707+0000][1][safepoint    ] Total time for which application threads were stopped: 0.0003799 seconds, Stopping threads took: 0.0000718 seconds
[2019-06-24T10:41:00.707+0000][1][safepoint    ] Application time: 1.0001426 seconds
[2019-06-24T10:41:00.707+0000][1][safepoint    ] Entering safepoint region: Cleanup
[2019-06-24T10:41:00.707+0000][1][safepoint    ] Leaving safepoint region
[2019-06-24T10:41:00.707+0000][1][safepoint    ] Total time for which application threads were stopped: 0.0002928 seconds, Stopping threads took: 0.0000736 seconds
[2019-06-24T10:41:01.707+0000][1][safepoint    ] Application time: 1.0001966 seconds
[2019-06-24T10:41:01.707+0000][1][safepoint    ] Entering safepoint region: Cleanup
[2019-06-24T10:41:01.708+0000][1][safepoint    ] Leaving safepoint region
[2019-06-24T10:41:01.708+0000][1][safepoint    ] Total time for which application threads were stopped: 0.0008257 seconds, Stopping threads took: 0.0000394 seconds
[2019-06-24T10:41:02.709+0000][1][safepoint    ] Application time: 1.0002503 seconds
[2019-06-24T10:41:02.709+0000][1][safepoint    ] Entering safepoint region: Cleanup
[2019-06-24T10:41:02.709+0000][1][safepoint    ] Leaving safepoint region
[2019-06-24T10:41:02.709+0000][1][safepoint    ] Total time for which application threads were stopped: 0.0002849 seconds, Stopping threads took: 0.0000718 seconds
[2019-06-24T10:41:03.709+0000][1][safepoint    ] Application time: 1.0001885 seconds
[2019-06-24T10:41:03.709+0000][1][safepoint    ] Entering safepoint region: Cleanup
[2019-06-24T10:41:03.710+0000][1][safepoint    ] Leaving safepoint region
[2019-06-24T10:41:03.710+0000][1][safepoint    ] Total time for which application threads were stopped: 0.0002802 seconds, Stopping threads took: 0.0000797 seconds
[2019-06-24T10:41:04.710+0000][1][safepoint    ] Application time: 1.0002455 seconds
[2019-06-24T10:41:04.710+0000][1][safepoint    ] Entering safepoint region: Cleanup
[2019-06-24T10:41:04.710+0000][1][safepoint    ] Leaving safepoint region
[2019-06-24T10:41:04.710+0000][1][safepoint    ] Total time for which application threads were stopped: 0.0002592 seconds, Stopping threads took: 0.0000661 seconds
[2019-06-24T10:41:05.711+0000][1][safepoint    ] Application time: 1.0003109 seconds
[2019-06-24T10:41:05.711+0000][1][safepoint    ] Entering safepoint region: Cleanup
[2019-06-24T10:41:05.711+0000][1][safepoint    ] Leaving safepoint region
[2019-06-24T10:41:05.711+0000][1][safepoint    ] Total time for which application threads were stopped: 0.0002554 seconds, Stopping threads took: 0.0000643 seconds
[2019-06-24T10:41:06.711+0000][1][safepoint    ] Application time: 1.0001844 seconds
[2019-06-24T10:41:06.711+0000][1][safepoint    ] Entering safepoint region: Cleanup
[2019-06-24T10:41:06.712+0000][1][safepoint    ] Leaving safepoint region
[2019-06-24T10:41:06.712+0000][1][safepoint    ] Total time for which application threads were stopped: 0.0011404 seconds, Stopping threads took: 0.0009110 seconds
[2019-06-24T10:41:07.713+0000][1][safepoint    ] Application time: 1.0002602 seconds
[2019-06-24T10:41:07.713+0000][1][safepoint    ] Entering safepoint region: Cleanup
[2019-06-24T10:41:07.713+0000][1][safepoint    ] Leaving safepoint region
[2019-06-24T10:41:07.713+0000][1][safepoint    ] Total time for which application threads were stopped: 0.0002775 seconds, Stopping threads took: 0.0000715 seconds
[2019-06-24T10:41:08.713+0000][1][safepoint    ] Application time: 1.0002511 seconds
[2019-06-24T10:41:08.713+0000][1][safepoint    ] Entering safepoint region: Cleanup
[2019-06-24T10:41:08.714+0000][1][safepoint    ] Leaving safepoint region
[2019-06-24T10:41:08.714+0000][1][safepoint    ] Total time for which application threads were stopped: 0.0001777 seconds, Stopping threads took: 0.0000464 seconds
[2019-06-24T10:41:09.714+0000][1][safepoint    ] Application time: 1.0002038 seconds
[2019-06-24T10:41:09.714+0000][1][safepoint    ] Entering safepoint region: Cleanup
[2019-06-24T10:41:09.714+0000][1][safepoint    ] Leaving safepoint region
[2019-06-24T10:41:09.714+0000][1][safepoint    ] Total time for which application threads were stopped: 0.0002902 seconds, Stopping threads took: 0.0000715 seconds
[2019-06-24T10:41:10.715+0000][1][safepoint    ] Application time: 1.0002872 seconds
[2019-06-24T10:41:10.715+0000][1][safepoint    ] Entering safepoint region: Cleanup
[2019-06-24T10:41:10.715+0000][1][safepoint    ] Leaving safepoint region
[2019-06-24T10:41:10.715+0000][1][safepoint    ] Total time for which application threads were stopped: 0.0002620 seconds, Stopping threads took: 0.0000703 seconds
[2019-06-24T10:41:11.715+0000][1][safepoint    ] Application time: 1.0002249 seconds
[2019-06-24T10:41:11.715+0000][1][safepoint    ] Entering safepoint region: Cleanup
[2019-06-24T10:41:11.716+0000][1][safepoint    ] Leaving safepoint region
[2019-06-24T10:41:11.716+0000][1][safepoint    ] Total time for which application threads were stopped: 0.0011472 seconds, Stopping threads took: 0.0008997 seconds
[2019-06-24T10:41:12.717+0000][1][safepoint    ] Application time: 1.0002008 seconds
[2019-06-24T10:41:12.717+0000][1][safepoint    ] Entering safepoint region: Cleanup
[2019-06-24T10:41:12.717+0000][1][safepoint    ] Leaving safepoint region
[2019-06-24T10:41:12.717+0000][1][safepoint    ] Total time for which application threads were stopped: 0.0002534 seconds, Stopping threads took: 0.0000645 seconds
[2019-06-24T10:41:13.717+0000][1][safepoint    ] Application time: 1.0002705 seconds
[2019-06-24T10:41:13.717+0000][1][safepoint    ] Entering safepoint region: Cleanup
[2019-06-24T10:41:13.718+0000][1][safepoint    ] Leaving safepoint region
[2019-06-24T10:41:13.718+0000][1][safepoint    ] Total time for which application threads were stopped: 0.0002665 seconds, Stopping threads took: 0.0000708 seconds
[2019-06-24T10:41:14.718+0000][1][safepoint    ] Application time: 1.0002735 seconds
[2019-06-24T10:41:14.718+0000][1][safepoint    ] Entering safepoint region: Cleanup
[2019-06-24T10:41:14.718+0000][1][safepoint    ] Leaving safepoint region
[2019-06-24T10:41:14.718+0000][1][safepoint    ] Total time for which application threads were stopped: 0.0002776 seconds, Stopping threads took: 0.0000735 seconds
[2019-06-24T10:41:15.719+0000][1][safepoint    ] Application time: 1.0001472 seconds
[2019-06-24T10:41:15.719+0000][1][safepoint    ] Entering safepoint region: Cleanup
[2019-06-24T10:41:15.719+0000][1][safepoint    ] Leaving safepoint region
[2019-06-24T10:41:15.719+0000][1][safepoint    ] Total time for which application threads were stopped: 0.0002790 seconds, Stopping threads took: 0.0000724 seconds
[2019-06-24T10:41:16.719+0000][1][safepoint    ] Application time: 1.0002729 seconds
[2019-06-24T10:41:16.720+0000][1][safepoint    ] Entering safepoint region: Cleanup
[2019-06-24T10:41:16.721+0000][1][safepoint    ] Leaving safepoint region
[2019-06-24T10:41:16.721+0000][1][safepoint    ] Total time for which application threads were stopped: 0.0012712 seconds, Stopping threads took: 0.0009922 seconds
[2019-06-24T10:41:17.721+0000][1][safepoint    ] Application time: 1.0002729 seconds
[2019-06-24T10:41:17.721+0000][1][safepoint    ] Entering safepoint region: Cleanup
[2019-06-24T10:41:17.721+0000][1][safepoint    ] Leaving safepoint region
[2019-06-24T10:41:17.722+0000][1][safepoint    ] Total time for which application threads were stopped: 0.0003115 seconds, Stopping threads took: 0.0001026 seconds
[2019-06-24T10:41:18.722+0000][1][safepoint    ] Application time: 1.0002639 seconds
[2019-06-24T10:41:18.722+0000][1][safepoint    ] Entering safepoint region: Cleanup
[2019-06-24T10:41:18.722+0000][1][safepoint    ] Leaving safepoint region
[2019-06-24T10:41:18.722+0000][1][safepoint    ] Total time for which application threads were stopped: 0.0002788 seconds, Stopping threads took: 0.0000745 seconds
[2019-06-24T10:41:19.722+0000][1][safepoint    ] Application time: 1.0001871 seconds
[2019-06-24T10:41:19.723+0000][1][safepoint    ] Entering safepoint region: Cleanup
[2019-06-24T10:41:19.723+0000][1][safepoint    ] Leaving safepoint region
[2019-06-24T10:41:19.723+0000][1][safepoint    ] Total time for which application threads were stopped: 0.0002640 seconds, Stopping threads took: 0.0000686 seconds
[2019-06-24T10:41:20.723+0000][1][safepoint    ] Application time: 1.0002071 seconds
[2019-06-24T10:41:20.723+0000][1][safepoint    ] Entering safepoint region: Cleanup
[2019-06-24T10:41:20.723+0000][1][safepoint    ] Leaving safepoint region
[2019-06-24T10:41:20.723+0000][1][safepoint    ] Total time for which application threads were stopped: 0.0002907 seconds, Stopping threads took: 0.0000737 seconds
[2019-06-24T10:41:21.724+0000][1][safepoint    ] Application time: 1.0002538 seconds
[2019-06-24T10:41:21.724+0000][1][safepoint    ] Entering safepoint region: Cleanup
[2019-06-24T10:41:21.725+0000][1][safepoint    ] Leaving safepoint region
[2019-06-24T10:41:21.725+0000][1][safepoint    ] Total time for which application threads were stopped: 0.0011736 seconds, Stopping threads took: 0.0009372 seconds
[2019-06-24T10:41:22.725+0000][1][safepoint    ] Application time: 1.0002888 seconds
[2019-06-24T10:41:22.726+0000][1][safepoint    ] Entering safepoint region: Cleanup
[2019-06-24T10:41:22.726+0000][1][safepoint    ] Leaving safepoint region
[2019-06-24T10:41:22.726+0000][1][safepoint    ] Total time for which application threads were stopped: 0.0003360 seconds, Stopping threads took: 0.0000853 seconds
[2019-06-24T10:41:23.726+0000][1][safepoint    ] Application time: 1.0001727 seconds
[2019-06-24T10:41:23.726+0000][1][safepoint    ] Entering safepoint region: Cleanup
[2019-06-24T10:41:23.727+0000][1][safepoint    ] Leaving safepoint region
[2019-06-24T10:41:23.727+0000][1][safepoint    ] Total time for which application threads were stopped: 0.0004985 seconds, Stopping threads took: 0.0000990 seconds
[2019-06-24T10:41:24.727+0000][1][safepoint    ] Application time: 1.0001448 seconds
[2019-06-24T10:41:24.727+0000][1][safepoint    ] Entering safepoint region: Cleanup
[2019-06-24T10:41:24.727+0000][1][safepoint    ] Leaving safepoint region
[2019-06-24T10:41:24.727+0000][1][safepoint    ] Total time for which application threads were stopped: 0.0003260 seconds, Stopping threads took: 0.0001064 seconds
[2019-06-24T10:41:25.728+0000][1][safepoint    ] Application time: 1.0002561 seconds
[2019-06-24T10:41:25.728+0000][1][safepoint    ] Entering safepoint region: Cleanup
[2019-06-24T10:41:25.728+0000][1][safepoint    ] Leaving safepoint region
[2019-06-24T10:41:25.728+0000][1][safepoint    ] Total time for which application threads were stopped: 0.0003181 seconds, Stopping threads took: 0.0000821 seconds
[2019-06-24T10:41:26.770+0000][1][safepoint    ] Application time: 1.0418609 seconds
[2019-06-24T10:41:26.770+0000][1][safepoint    ] Entering safepoint region: Cleanup
[2019-06-24T10:41:26.771+0000][1][safepoint    ] Leaving safepoint region
[2019-06-24T10:41:26.771+0000][1][safepoint    ] Total time for which application threads were stopped: 0.0012588 seconds, Stopping threads took: 0.0009755 seconds
[2019-06-24T10:41:27.771+0000][1][safepoint    ] Application time: 1.0001306 seconds
[2019-06-24T10:41:27.772+0000][1][safepoint    ] Entering safepoint region: Cleanup
[2019-06-24T10:41:27.772+0000][1][safepoint    ] Leaving safepoint region
[2019-06-24T10:41:27.772+0000][1][safepoint    ] Total time for which application threads were stopped: 0.0002547 seconds, Stopping threads took: 0.0000633 seconds
[2019-06-24T10:41:28.772+0000][1][safepoint    ] Application time: 1.0000994 seconds
[2019-06-24T10:41:28.772+0000][1][safepoint    ] Entering safepoint region: Cleanup
[2019-06-24T10:41:28.772+0000][1][safepoint    ] Leaving safepoint region
[2019-06-24T10:41:28.772+0000][1][safepoint    ] Total time for which application threads were stopped: 0.0001285 seconds, Stopping threads took: 0.0000371 seconds
[2019-06-24T10:41:29.772+0000][1][safepoint    ] Application time: 1.0001484 seconds
[2019-06-24T10:41:29.773+0000][1][safepoint    ] Entering safepoint region: Cleanup
[2019-06-24T10:41:29.773+0000][1][safepoint    ] Leaving safepoint region
[2019-06-24T10:41:29.773+0000][1][safepoint    ] Total time for which application threads were stopped: 0.0005251 seconds, Stopping threads took: 0.0001111 seconds
[2019-06-24T10:41:30.773+0000][1][safepoint    ] Application time: 1.0002931 seconds
[2019-06-24T10:41:30.773+0000][1][safepoint    ] Entering safepoint region: Cleanup
[2019-06-24T10:41:30.774+0000][1][safepoint    ] Leaving safepoint region
[2019-06-24T10:41:30.774+0000][1][safepoint    ] Total time for which application threads were stopped: 0.0002871 seconds, Stopping threads took: 0.0000726 seconds
[2019-06-24T10:41:31.774+0000][1][safepoint    ] Application time: 1.0002468 seconds
[2019-06-24T10:41:31.774+0000][1][safepoint    ] Entering safepoint region: Cleanup
[2019-06-24T10:41:31.775+0000][1][safepoint    ] Leaving safepoint region
[2019-06-24T10:41:31.775+0000][1][safepoint    ] Total time for which application threads were stopped: 0.0012229 seconds, Stopping threads took: 0.0009059 seconds
[2019-06-24T10:41:32.776+0000][1][safepoint    ] Application time: 1.0001632 seconds
[2019-06-24T10:41:32.776+0000][1][safepoint    ] Entering safepoint region: Cleanup
[2019-06-24T10:41:32.776+0000][1][safepoint    ] Leaving safepoint region
[2019-06-24T10:41:32.776+0000][1][safepoint    ] Total time for which application threads were stopped: 0.0002671 seconds, Stopping threads took: 0.0000691 seconds
[2019-06-24T10:41:33.776+0000][1][safepoint    ] Application time: 1.0002574 seconds
[2019-06-24T10:41:33.776+0000][1][safepoint    ] Entering safepoint region: Cleanup
[2019-06-24T10:41:33.777+0000][1][safepoint    ] Leaving safepoint region
[2019-06-24T10:41:33.777+0000][1][safepoint    ] Total time for which application threads were stopped: 0.0002829 seconds, Stopping threads took: 0.0000711 seconds
[2019-06-24T10:41:34.777+0000][1][safepoint    ] Application time: 1.0002644 seconds
[2019-06-24T10:41:34.777+0000][1][safepoint    ] Entering safepoint region: Cleanup
[2019-06-24T10:41:34.777+0000][1][safepoint    ] Leaving safepoint region
[2019-06-24T10:41:34.777+0000][1][safepoint    ] Total time for which application threads were stopped: 0.0003283 seconds, Stopping threads took: 0.0001086 seconds
[2019-06-24T10:41:35.778+0000][1][safepoint    ] Application time: 1.0002597 seconds
[2019-06-24T10:41:35.778+0000][1][safepoint    ] Entering safepoint region: Cleanup
[2019-06-24T10:41:35.778+0000][1][safepoint    ] Leaving safepoint region
[2019-06-24T10:41:35.778+0000][1][safepoint    ] Total time for which application threads were stopped: 0.0003222 seconds, Stopping threads took: 0.0000887 seconds
[2019-06-24T10:41:36.778+0000][1][safepoint    ] Application time: 1.0002624 seconds
[2019-06-24T10:41:36.779+0000][1][safepoint    ] Entering safepoint region: Cleanup
[2019-06-24T10:41:36.779+0000][1][safepoint    ] Leaving safepoint region
[2019-06-24T10:41:36.779+0000][1][safepoint    ] Total time for which application threads were stopped: 0.0003515 seconds, Stopping threads took: 0.0001215 seconds
[2019-06-24T10:41:37.779+0000][1][safepoint    ] Application time: 1.0002461 seconds
[2019-06-24T10:41:37.779+0000][1][safepoint    ] Entering safepoint region: Cleanup
[2019-06-24T10:41:37.780+0000][1][safepoint    ] Leaving safepoint region
[2019-06-24T10:41:37.780+0000][1][safepoint    ] Total time for which application threads were stopped: 0.0004143 seconds, Stopping threads took: 0.0001121 seconds
[2019-06-24T10:41:38.780+0000][1][safepoint    ] Application time: 1.0002406 seconds
[2019-06-24T10:41:38.780+0000][1][safepoint    ] Entering safepoint region: Cleanup
[2019-06-24T10:41:38.780+0000][1][safepoint    ] Leaving safepoint region
[2019-06-24T10:41:38.780+0000][1][safepoint    ] Total time for which application threads were stopped: 0.0002494 seconds, Stopping threads took: 0.0000627 seconds
[2019-06-24T10:41:39.781+0000][1][safepoint    ] Application time: 1.0001866 seconds
[2019-06-24T10:41:39.781+0000][1][safepoint    ] Entering safepoint region: Cleanup
[2019-06-24T10:41:39.781+0000][1][safepoint    ] Leaving safepoint region
[2019-06-24T10:41:39.781+0000][1][safepoint    ] Total time for which application threads were stopped: 0.0002810 seconds, Stopping threads took: 0.0000747 seconds
[2019-06-24T10:41:40.781+0000][1][safepoint    ] Application time: 1.0002241 seconds
[2019-06-24T10:41:40.781+0000][1][safepoint    ] Entering safepoint region: Cleanup
[2019-06-24T10:41:40.782+0000][1][safepoint    ] Leaving safepoint region
[2019-06-24T10:41:40.782+0000][1][safepoint    ] Total time for which application threads were stopped: 0.0002458 seconds, Stopping threads took: 0.0000625 seconds
[2019-06-24T10:41:41.782+0000][1][safepoint    ] Application time: 1.0001865 seconds
[2019-06-24T10:41:41.782+0000][1][safepoint    ] Entering safepoint region: Cleanup
[2019-06-24T10:41:41.783+0000][1][safepoint    ] Leaving safepoint region
[2019-06-24T10:41:41.783+0000][1][safepoint    ] Total time for which application threads were stopped: 0.0012224 seconds, Stopping threads took: 0.0008897 seconds
[2019-06-24T10:41:42.783+0000][1][safepoint    ] Application time: 1.0002728 seconds
[2019-06-24T10:41:42.784+0000][1][safepoint    ] Entering safepoint region: Cleanup
[2019-06-24T10:41:42.784+0000][1][safepoint    ] Leaving safepoint region
[2019-06-24T10:41:42.784+0000][1][safepoint    ] Total time for which application threads were stopped: 0.0002834 seconds, Stopping threads took: 0.0000706 seconds
[2019-06-24T10:41:43.784+0000][1][safepoint    ] Application time: 1.0002626 seconds
[2019-06-24T10:41:43.784+0000][1][safepoint    ] Entering safepoint region: Cleanup
[2019-06-24T10:41:43.784+0000][1][safepoint    ] Leaving safepoint region
[2019-06-24T10:41:43.785+0000][1][safepoint    ] Total time for which application threads were stopped: 0.0002811 seconds, Stopping threads took: 0.0000705 seconds
[2019-06-24T10:41:44.785+0000][1][safepoint    ] Application time: 1.0002608 seconds
[2019-06-24T10:41:44.785+0000][1][safepoint    ] Entering safepoint region: Cleanup
[2019-06-24T10:41:44.785+0000][1][safepoint    ] Leaving safepoint region
[2019-06-24T10:41:44.785+0000][1][safepoint    ] Total time for which application threads were stopped: 0.0003149 seconds, Stopping threads took: 0.0001061 seconds
[2019-06-24T10:41:45.786+0000][1][safepoint    ] Application time: 1.0002676 seconds
[2019-06-24T10:41:45.786+0000][1][safepoint    ] Entering safepoint region: Cleanup
[2019-06-24T10:41:45.786+0000][1][safepoint    ] Leaving safepoint region
[2019-06-24T10:41:45.786+0000][1][safepoint    ] Total time for which application threads were stopped: 0.0002861 seconds, Stopping threads took: 0.0000715 seconds
[2019-06-24T10:41:46.786+0000][1][safepoint    ] Application time: 1.0001298 seconds
[2019-06-24T10:41:46.786+0000][1][safepoint    ] Entering safepoint region: Cleanup
[2019-06-24T10:41:46.787+0000][1][safepoint    ] Leaving safepoint region
[2019-06-24T10:41:46.787+0000][1][safepoint    ] Total time for which application threads were stopped: 0.0006024 seconds, Stopping threads took: 0.0003314 seconds
[2019-06-24T10:41:47.787+0000][1][safepoint    ] Application time: 1.0001317 seconds
[2019-06-24T10:41:47.787+0000][1][safepoint    ] Entering safepoint region: Cleanup
[2019-06-24T10:41:47.787+0000][1][safepoint    ] Leaving safepoint region
[2019-06-24T10:41:47.787+0000][1][safepoint    ] Total time for which application threads were stopped: 0.0002470 seconds, Stopping threads took: 0.0000607 seconds
[2019-06-24T10:41:49.581+0000][1][safepoint    ] Application time: 1.7939846 seconds
[2019-06-24T10:41:49.581+0000][1][safepoint    ] Entering safepoint region: Cleanup
[2019-06-24T10:41:49.582+0000][1][safepoint    ] Leaving safepoint region
[2019-06-24T10:41:49.582+0000][1][safepoint    ] Total time for which application threads were stopped: 0.0001605 seconds, Stopping threads took: 0.0000447 seconds
[2019-06-24T10:41:50.582+0000][1][safepoint    ] Application time: 1.0001769 seconds
[2019-06-24T10:41:50.582+0000][1][safepoint    ] Entering safepoint region: Cleanup
[2019-06-24T10:41:50.582+0000][1][safepoint    ] Leaving safepoint region
[2019-06-24T10:41:50.582+0000][1][safepoint    ] Total time for which application threads were stopped: 0.0002822 seconds, Stopping threads took: 0.0000701 seconds
[2019-06-24T10:41:51.582+0000][1][safepoint    ] Application time: 1.0001416 seconds
[2019-06-24T10:41:51.582+0000][1][safepoint    ] Entering safepoint region: Cleanup
[2019-06-24T10:41:51.582+0000][1][safepoint    ] Leaving safepoint region
[2019-06-24T10:41:51.582+0000][1][safepoint    ] Total time for which application threads were stopped: 0.0001107 seconds, Stopping threads took: 0.0000271 seconds
[2019-06-24T10:41:52.583+0000][1][safepoint    ] Application time: 1.0002295 seconds
[2019-06-24T10:41:52.583+0000][1][safepoint    ] Entering safepoint region: Cleanup
[2019-06-24T10:41:52.583+0000][1][safepoint    ] Leaving safepoint region
[2019-06-24T10:41:52.583+0000][1][safepoint    ] Total time for which application threads were stopped: 0.0002910 seconds, Stopping threads took: 0.0000733 seconds
[2019-06-24T10:41:53.583+0000][1][safepoint    ] Application time: 1.0001945 seconds
[2019-06-24T10:41:53.584+0000][1][safepoint    ] Entering safepoint region: Cleanup
[2019-06-24T10:41:53.584+0000][1][safepoint    ] Leaving safepoint region
[2019-06-24T10:41:53.584+0000][1][safepoint    ] Total time for which application threads were stopped: 0.0007648 seconds, Stopping threads took: 0.0002533 seconds
[2019-06-24T10:41:54.585+0000][1][safepoint    ] Application time: 1.0002037 seconds
[2019-06-24T10:41:54.585+0000][1][safepoint    ] Entering safepoint region: Cleanup
[2019-06-24T10:41:54.585+0000][1][safepoint    ] Leaving safepoint region
[2019-06-24T10:41:54.585+0000][1][safepoint    ] Total time for which application threads were stopped: 0.0002456 seconds, Stopping threads took: 0.0000589 seconds
[2019-06-24T10:41:55.585+0000][1][safepoint    ] Application time: 1.0001475 seconds
[2019-06-24T10:41:55.585+0000][1][safepoint    ] Entering safepoint region: Cleanup
[2019-06-24T10:41:55.586+0000][1][safepoint    ] Leaving safepoint region
[2019-06-24T10:41:55.586+0000][1][safepoint    ] Total time for which application threads were stopped: 0.0004915 seconds, Stopping threads took: 0.0000899 seconds
[2019-06-24T10:41:56.586+0000][1][safepoint    ] Application time: 1.0002723 seconds
[2019-06-24T10:41:56.586+0000][1][safepoint    ] Entering safepoint region: Cleanup
[2019-06-24T10:41:56.586+0000][1][safepoint    ] Leaving safepoint region
[2019-06-24T10:41:56.586+0000][1][safepoint    ] Total time for which application threads were stopped: 0.0002852 seconds, Stopping threads took: 0.0000713 seconds
[2019-06-24T10:41:57.587+0000][1][safepoint    ] Application time: 1.0002778 seconds
[2019-06-24T10:41:57.587+0000][1][safepoint    ] Entering safepoint region: Cleanup
[2019-06-24T10:41:57.587+0000][1][safepoint    ] Leaving safepoint region
[2019-06-24T10:41:57.587+0000][1][safepoint    ] Total time for which application threads were stopped: 0.0002868 seconds, Stopping threads took: 0.0000723 seconds
[2019-06-24T10:41:58.587+0000][1][safepoint    ] Application time: 1.0002363 seconds
[2019-06-24T10:41:58.588+0000][1][safepoint    ] Entering safepoint region: Cleanup
[2019-06-24T10:41:58.588+0000][1][safepoint    ] Leaving safepoint region
[2019-06-24T10:41:58.588+0000][1][safepoint    ] Total time for which application threads were stopped: 0.0002770 seconds, Stopping threads took: 0.0000705 seconds
[2019-06-24T10:41:59.588+0000][1][safepoint    ] Application time: 1.0002590 seconds
[2019-06-24T10:41:59.588+0000][1][safepoint    ] Entering safepoint region: Cleanup
[2019-06-24T10:41:59.588+0000][1][safepoint    ] Leaving safepoint region
[2019-06-24T10:41:59.588+0000][1][safepoint    ] Total time for which application threads were stopped: 0.0003119 seconds, Stopping threads took: 0.0001050 seconds
[2019-06-24T10:42:00.589+0000][1][safepoint    ] Application time: 1.0002700 seconds
[2019-06-24T10:42:00.589+0000][1][safepoint    ] Entering safepoint region: Cleanup
[2019-06-24T10:42:00.589+0000][1][safepoint    ] Leaving safepoint region
[2019-06-24T10:42:00.589+0000][1][safepoint    ] Total time for which application threads were stopped: 0.0002887 seconds, Stopping threads took: 0.0000712 seconds
[2019-06-24T10:42:01.589+0000][1][safepoint    ] Application time: 1.0002832 seconds
[2019-06-24T10:42:01.590+0000][1][safepoint    ] Entering safepoint region: Cleanup
[2019-06-24T10:42:01.590+0000][1][safepoint    ] Leaving safepoint region
[2019-06-24T10:42:01.590+0000][1][safepoint    ] Total time for which application threads were stopped: 0.0001544 seconds, Stopping threads took: 0.0000346 seconds
[2019-06-24T10:42:02.590+0000][1][safepoint    ] Application time: 1.0002595 seconds
[2019-06-24T10:42:02.590+0000][1][safepoint    ] Entering safepoint region: Cleanup
[2019-06-24T10:42:02.590+0000][1][safepoint    ] Leaving safepoint region
[2019-06-24T10:42:02.590+0000][1][safepoint    ] Total time for which application threads were stopped: 0.0002752 seconds, Stopping threads took: 0.0000700 seconds
[2019-06-24T10:42:03.588+0000][1][safepoint    ] Application time: 0.9971166 seconds
[2019-06-24T10:42:03.588+0000][1][safepoint    ] Entering safepoint region: GenCollectForAllocation
[2019-06-24T10:42:03.588+0000][1][gc,start     ] GC(61) Pause Young (Allocation Failure)
[2019-06-24T10:42:03.588+0000][1][gc,task      ] GC(61) Using 5 workers of 8 for evacuation
[2019-06-24T10:42:03.590+0000][1][gc,age       ] GC(61) Desired survivor size 4456448 bytes, new threshold 6 (max threshold 6)
[2019-06-24T10:42:03.591+0000][1][gc,age       ] GC(61) Age table with threshold 6 (max threshold 6)
[2019-06-24T10:42:03.591+0000][1][gc,age       ] GC(61) - age   1:       4656 bytes,       4656 total
[2019-06-24T10:42:03.591+0000][1][gc,age       ] GC(61) - age   2:         32 bytes,       4688 total
[2019-06-24T10:42:03.591+0000][1][gc,age       ] GC(61) - age   3:         32 bytes,       4720 total
[2019-06-24T10:42:03.591+0000][1][gc,age       ] GC(61) - age   4:        104 bytes,       4824 total
[2019-06-24T10:42:03.591+0000][1][gc,age       ] GC(61) - age   5:         88 bytes,       4912 total
[2019-06-24T10:42:03.591+0000][1][gc,age       ] GC(61) - age   6:       7344 bytes,      12256 total
[2019-06-24T10:42:03.591+0000][1][gc,heap      ] GC(61) ParNew: 70098K->16K(78656K)
[2019-06-24T10:42:03.591+0000][1][gc,heap      ] GC(61) CMS: 70588K->70588K(174784K)
[2019-06-24T10:42:03.591+0000][1][gc,metaspace ] GC(61) Metaspace: 70601K->70601K(1114112K)
[2019-06-24T10:42:03.591+0000][1][gc           ] GC(61) Pause Young (Allocation Failure) 137M->68M(247M) 2.905ms
[2019-06-24T10:42:03.591+0000][1][gc,cpu       ] GC(61) User=0.00s Sys=0.01s Real=0.00s
[2019-06-24T10:42:03.591+0000][1][safepoint    ] Leaving safepoint region
[2019-06-24T10:42:03.591+0000][1][safepoint    ] Total time for which application threads were stopped: 0.0034208 seconds, Stopping threads took: 0.0000938 seconds
[2019-06-24T10:42:04.591+0000][1][safepoint    ] Application time: 1.0001993 seconds
[2019-06-24T10:42:04.591+0000][1][safepoint    ] Entering safepoint region: Cleanup
[2019-06-24T10:42:04.592+0000][1][safepoint    ] Leaving safepoint region
[2019-06-24T10:42:04.592+0000][1][safepoint    ] Total time for which application threads were stopped: 0.0001984 seconds, Stopping threads took: 0.0000475 seconds
[2019-06-24T10:42:05.592+0000][1][safepoint    ] Application time: 1.0002055 seconds
[2019-06-24T10:42:05.592+0000][1][safepoint    ] Entering safepoint region: Cleanup
[2019-06-24T10:42:05.592+0000][1][safepoint    ] Leaving safepoint region
[2019-06-24T10:42:05.592+0000][1][safepoint    ] Total time for which application threads were stopped: 0.0003181 seconds, Stopping threads took: 0.0000708 seconds
[2019-06-24T10:42:06.592+0000][1][safepoint    ] Application time: 1.0001899 seconds
[2019-06-24T10:42:06.593+0000][1][safepoint    ] Entering safepoint region: Cleanup
[2019-06-24T10:42:06.593+0000][1][safepoint    ] Leaving safepoint region
[2019-06-24T10:42:06.593+0000][1][safepoint    ] Total time for which application threads were stopped: 0.0003171 seconds, Stopping threads took: 0.0000963 seconds
[2019-06-24T10:42:07.593+0000][1][safepoint    ] Application time: 1.0002633 seconds
[2019-06-24T10:42:07.593+0000][1][safepoint    ] Entering safepoint region: Cleanup
[2019-06-24T10:42:07.594+0000][1][safepoint    ] Leaving safepoint region
[2019-06-24T10:42:07.594+0000][1][safepoint    ] Total time for which application threads were stopped: 0.0003488 seconds, Stopping threads took: 0.0000947 seconds
[2019-06-24T10:42:08.594+0000][1][safepoint    ] Application time: 1.0002629 seconds
[2019-06-24T10:42:08.594+0000][1][safepoint    ] Entering safepoint region: Cleanup
[2019-06-24T10:42:08.594+0000][1][safepoint    ] Leaving safepoint region
[2019-06-24T10:42:08.594+0000][1][safepoint    ] Total time for which application threads were stopped: 0.0002751 seconds, Stopping threads took: 0.0000711 seconds
[2019-06-24T10:42:09.595+0000][1][safepoint    ] Application time: 1.0003321 seconds
[2019-06-24T10:42:09.595+0000][1][safepoint    ] Entering safepoint region: Cleanup
[2019-06-24T10:42:09.595+0000][1][safepoint    ] Leaving safepoint region
[2019-06-24T10:42:09.595+0000][1][safepoint    ] Total time for which application threads were stopped: 0.0002963 seconds, Stopping threads took: 0.0000710 seconds
[2019-06-24T10:42:10.595+0000][1][safepoint    ] Application time: 1.0001829 seconds
[2019-06-24T10:42:10.595+0000][1][safepoint    ] Entering safepoint region: Cleanup
[2019-06-24T10:42:10.596+0000][1][safepoint    ] Leaving safepoint region
[2019-06-24T10:42:10.596+0000][1][safepoint    ] Total time for which application threads were stopped: 0.0002596 seconds, Stopping threads took: 0.0000612 seconds
[2019-06-24T10:42:11.596+0000][1][safepoint    ] Application time: 1.0002612 seconds
[2019-06-24T10:42:11.596+0000][1][safepoint    ] Entering safepoint region: Cleanup
[2019-06-24T10:42:11.596+0000][1][safepoint    ] Leaving safepoint region
[2019-06-24T10:42:11.596+0000][1][safepoint    ] Total time for which application threads were stopped: 0.0003068 seconds, Stopping threads took: 0.0000726 seconds
[2019-06-24T10:42:12.597+0000][1][safepoint    ] Application time: 1.0002650 seconds
[2019-06-24T10:42:12.597+0000][1][safepoint    ] Entering safepoint region: Cleanup
[2019-06-24T10:42:12.597+0000][1][safepoint    ] Leaving safepoint region
[2019-06-24T10:42:12.597+0000][1][safepoint    ] Total time for which application threads were stopped: 0.0003631 seconds, Stopping threads took: 0.0001127 seconds
[2019-06-24T10:42:13.597+0000][1][safepoint    ] Application time: 1.0001295 seconds
[2019-06-24T10:42:13.597+0000][1][safepoint    ] Entering safepoint region: Cleanup
[2019-06-24T10:42:13.598+0000][1][safepoint    ] Leaving safepoint region
[2019-06-24T10:42:13.598+0000][1][safepoint    ] Total time for which application threads were stopped: 0.0002849 seconds, Stopping threads took: 0.0000676 seconds
[2019-06-24T10:42:14.598+0000][1][safepoint    ] Application time: 1.0001300 seconds
[2019-06-24T10:42:14.598+0000][1][safepoint    ] Entering safepoint region: Cleanup
[2019-06-24T10:42:14.598+0000][1][safepoint    ] Leaving safepoint region
[2019-06-24T10:42:14.598+0000][1][safepoint    ] Total time for which application threads were stopped: 0.0002889 seconds, Stopping threads took: 0.0000673 seconds
[2019-06-24T10:42:15.599+0000][1][safepoint    ] Application time: 1.0002544 seconds
[2019-06-24T10:42:15.599+0000][1][safepoint    ] Entering safepoint region: Cleanup
[2019-06-24T10:42:15.599+0000][1][safepoint    ] Leaving safepoint region
[2019-06-24T10:42:15.599+0000][1][safepoint    ] Total time for which application threads were stopped: 0.0007220 seconds, Stopping threads took: 0.0001616 seconds
[2019-06-24T10:42:16.600+0000][1][safepoint    ] Application time: 1.0001366 seconds
[2019-06-24T10:42:16.600+0000][1][safepoint    ] Entering safepoint region: Cleanup
[2019-06-24T10:42:16.600+0000][1][safepoint    ] Leaving safepoint region
[2019-06-24T10:42:16.600+0000][1][safepoint    ] Total time for which application threads were stopped: 0.0002861 seconds, Stopping threads took: 0.0000674 seconds
[2019-06-24T10:42:17.600+0000][1][safepoint    ] Application time: 1.0001253 seconds
[2019-06-24T10:42:17.600+0000][1][safepoint    ] Entering safepoint region: Cleanup
[2019-06-24T10:42:17.601+0000][1][safepoint    ] Leaving safepoint region
[2019-06-24T10:42:17.601+0000][1][safepoint    ] Total time for which application threads were stopped: 0.0002834 seconds, Stopping threads took: 0.0000672 seconds
[2019-06-24T10:42:18.601+0000][1][safepoint    ] Application time: 1.0001931 seconds
[2019-06-24T10:42:18.601+0000][1][safepoint    ] Entering safepoint region: Cleanup
[2019-06-24T10:42:18.602+0000][1][safepoint    ] Leaving safepoint region
[2019-06-24T10:42:18.602+0000][1][safepoint    ] Total time for which application threads were stopped: 0.0007374 seconds, Stopping threads took: 0.0002267 seconds
[2019-06-24T10:42:19.602+0000][1][safepoint    ] Application time: 1.0003144 seconds
[2019-06-24T10:42:19.602+0000][1][safepoint    ] Entering safepoint region: Cleanup
[2019-06-24T10:42:19.602+0000][1][safepoint    ] Leaving safepoint region
[2019-06-24T10:42:19.602+0000][1][safepoint    ] Total time for which application threads were stopped: 0.0001121 seconds, Stopping threads took: 0.0000271 seconds
[2019-06-24T10:42:20.602+0000][1][safepoint    ] Application time: 1.0001576 seconds
[2019-06-24T10:42:20.603+0000][1][safepoint    ] Entering safepoint region: Cleanup
[2019-06-24T10:42:20.603+0000][1][safepoint    ] Leaving safepoint region
[2019-06-24T10:42:20.603+0000][1][safepoint    ] Total time for which application threads were stopped: 0.0002829 seconds, Stopping threads took: 0.0000733 seconds
[2019-06-24T10:42:21.603+0000][1][safepoint    ] Application time: 1.0002487 seconds
[2019-06-24T10:42:21.603+0000][1][safepoint    ] Entering safepoint region: Cleanup
[2019-06-24T10:42:21.604+0000][1][safepoint    ] Leaving safepoint region
[2019-06-24T10:42:21.604+0000][1][safepoint    ] Total time for which application threads were stopped: 0.0004303 seconds, Stopping threads took: 0.0001151 seconds
[2019-06-24T10:42:22.604+0000][1][safepoint    ] Application time: 1.0001893 seconds
[2019-06-24T10:42:22.604+0000][1][safepoint    ] Entering safepoint region: Cleanup
[2019-06-24T10:42:22.604+0000][1][safepoint    ] Leaving safepoint region
[2019-06-24T10:42:22.604+0000][1][safepoint    ] Total time for which application threads were stopped: 0.0003316 seconds, Stopping threads took: 0.0000771 seconds
[2019-06-24T10:42:23.605+0000][1][safepoint    ] Application time: 1.0002035 seconds
[2019-06-24T10:42:23.605+0000][1][safepoint    ] Entering safepoint region: Cleanup
[2019-06-24T10:42:23.605+0000][1][safepoint    ] Leaving safepoint region
[2019-06-24T10:42:23.605+0000][1][safepoint    ] Total time for which application threads were stopped: 0.0002920 seconds, Stopping threads took: 0.0000715 seconds
[2019-06-24T10:42:24.605+0000][1][safepoint    ] Application time: 1.0001542 seconds
[2019-06-24T10:42:24.605+0000][1][safepoint    ] Entering safepoint region: Cleanup
[2019-06-24T10:42:24.605+0000][1][safepoint    ] Leaving safepoint region
[2019-06-24T10:42:24.605+0000][1][safepoint    ] Total time for which application threads were stopped: 0.0001232 seconds, Stopping threads took: 0.0000288 seconds
[2019-06-24T10:42:25.606+0000][1][safepoint    ] Application time: 1.0001801 seconds
[2019-06-24T10:42:25.606+0000][1][safepoint    ] Entering safepoint region: Cleanup
[2019-06-24T10:42:25.606+0000][1][safepoint    ] Leaving safepoint region
[2019-06-24T10:42:25.606+0000][1][safepoint    ] Total time for which application threads were stopped: 0.0003067 seconds, Stopping threads took: 0.0000781 seconds
[2019-06-24T10:42:26.606+0000][1][safepoint    ] Application time: 1.0002156 seconds
[2019-06-24T10:42:26.607+0000][1][safepoint    ] Entering safepoint region: Cleanup
[2019-06-24T10:42:26.607+0000][1][safepoint    ] Leaving safepoint region
[2019-06-24T10:42:26.607+0000][1][safepoint    ] Total time for which application threads were stopped: 0.0004010 seconds, Stopping threads took: 0.0001582 seconds
[2019-06-24T10:42:27.607+0000][1][safepoint    ] Application time: 1.0001992 seconds
[2019-06-24T10:42:27.607+0000][1][safepoint    ] Entering safepoint region: Cleanup
[2019-06-24T10:42:27.607+0000][1][safepoint    ] Leaving safepoint region
[2019-06-24T10:42:27.607+0000][1][safepoint    ] Total time for which application threads were stopped: 0.0002992 seconds, Stopping threads took: 0.0000718 seconds
[2019-06-24T10:42:28.608+0000][1][safepoint    ] Application time: 1.0002330 seconds
[2019-06-24T10:42:28.608+0000][1][safepoint    ] Entering safepoint region: Cleanup
[2019-06-24T10:42:28.608+0000][1][safepoint    ] Leaving safepoint region
[2019-06-24T10:42:28.608+0000][1][safepoint    ] Total time for which application threads were stopped: 0.0004364 seconds, Stopping threads took: 0.0001029 seconds
[2019-06-24T10:42:30.169+0000][1][safepoint    ] Application time: 1.5604514 seconds
[2019-06-24T10:42:30.169+0000][1][safepoint    ] Entering safepoint region: Cleanup
[2019-06-24T10:42:30.169+0000][1][safepoint    ] Leaving safepoint region
[2019-06-24T10:42:30.169+0000][1][safepoint    ] Total time for which application threads were stopped: 0.0003310 seconds, Stopping threads took: 0.0000909 seconds
[2019-06-24T10:42:31.170+0000][1][safepoint    ] Application time: 1.0002780 seconds
[2019-06-24T10:42:31.170+0000][1][safepoint    ] Entering safepoint region: Cleanup
[2019-06-24T10:42:31.170+0000][1][safepoint    ] Leaving safepoint region
[2019-06-24T10:42:31.170+0000][1][safepoint    ] Total time for which application threads were stopped: 0.0003481 seconds, Stopping threads took: 0.0000719 seconds
[2019-06-24T10:42:32.170+0000][1][safepoint    ] Application time: 1.0002715 seconds
[2019-06-24T10:42:32.171+0000][1][safepoint    ] Entering safepoint region: Cleanup
[2019-06-24T10:42:32.171+0000][1][safepoint    ] Leaving safepoint region
[2019-06-24T10:42:32.172+0000][1][safepoint    ] Total time for which application threads were stopped: 0.0011074 seconds, Stopping threads took: 0.0001352 seconds
[2019-06-24T10:42:33.172+0000][1][safepoint    ] Application time: 1.0001586 seconds
[2019-06-24T10:42:33.172+0000][1][safepoint    ] Entering safepoint region: Cleanup
[2019-06-24T10:42:33.172+0000][1][safepoint    ] Leaving safepoint region
[2019-06-24T10:42:33.172+0000][1][safepoint    ] Total time for which application threads were stopped: 0.0002986 seconds, Stopping threads took: 0.0000713 seconds
[2019-06-24T10:42:34.173+0000][1][safepoint    ] Application time: 1.0002876 seconds
[2019-06-24T10:42:34.173+0000][1][safepoint    ] Entering safepoint region: Cleanup
[2019-06-24T10:42:34.173+0000][1][safepoint    ] Leaving safepoint region
[2019-06-24T10:42:34.173+0000][1][safepoint    ] Total time for which application threads were stopped: 0.0003780 seconds, Stopping threads took: 0.0001508 seconds
[2019-06-24T10:42:35.173+0000][1][safepoint    ] Application time: 1.0002677 seconds
[2019-06-24T10:42:35.174+0000][1][safepoint    ] Entering safepoint region: Cleanup
[2019-06-24T10:42:35.174+0000][1][safepoint    ] Leaving safepoint region
[2019-06-24T10:42:35.174+0000][1][safepoint    ] Total time for which application threads were stopped: 0.0003001 seconds, Stopping threads took: 0.0000730 seconds
[2019-06-24T10:42:36.174+0000][1][safepoint    ] Application time: 1.0002662 seconds
[2019-06-24T10:42:36.174+0000][1][safepoint    ] Entering safepoint region: Cleanup
[2019-06-24T10:42:36.175+0000][1][safepoint    ] Leaving safepoint region
[2019-06-24T10:42:36.175+0000][1][safepoint    ] Total time for which application threads were stopped: 0.0003795 seconds, Stopping threads took: 0.0000741 seconds
[2019-06-24T10:42:37.175+0000][1][safepoint    ] Application time: 1.0002103 seconds
[2019-06-24T10:42:37.175+0000][1][safepoint    ] Entering safepoint region: Cleanup
[2019-06-24T10:42:37.175+0000][1][safepoint    ] Leaving safepoint region
[2019-06-24T10:42:37.175+0000][1][safepoint    ] Total time for which application threads were stopped: 0.0003038 seconds, Stopping threads took: 0.0000735 seconds
[2019-06-24T10:42:38.176+0000][1][safepoint    ] Application time: 1.0002476 seconds
[2019-06-24T10:42:38.176+0000][1][safepoint    ] Entering safepoint region: Cleanup
[2019-06-24T10:42:38.176+0000][1][safepoint    ] Leaving safepoint region
[2019-06-24T10:42:38.176+0000][1][safepoint    ] Total time for which application threads were stopped: 0.0003028 seconds, Stopping threads took: 0.0000744 seconds
[2019-06-24T10:42:39.176+0000][1][safepoint    ] Application time: 1.0002611 seconds
[2019-06-24T10:42:39.176+0000][1][safepoint    ] Entering safepoint region: Cleanup
[2019-06-24T10:42:39.177+0000][1][safepoint    ] Leaving safepoint region
[2019-06-24T10:42:39.177+0000][1][safepoint    ] Total time for which application threads were stopped: 0.0003020 seconds, Stopping threads took: 0.0000727 seconds
[2019-06-24T10:42:40.177+0000][1][safepoint    ] Application time: 1.0002100 seconds
[2019-06-24T10:42:40.177+0000][1][safepoint    ] Entering safepoint region: Cleanup
[2019-06-24T10:42:40.177+0000][1][safepoint    ] Leaving safepoint region
[2019-06-24T10:42:40.177+0000][1][safepoint    ] Total time for which application threads were stopped: 0.0003047 seconds, Stopping threads took: 0.0000733 seconds
[2019-06-24T10:42:41.178+0000][1][safepoint    ] Application time: 1.0002596 seconds
[2019-06-24T10:42:41.178+0000][1][safepoint    ] Entering safepoint region: Cleanup
[2019-06-24T10:42:41.178+0000][1][safepoint    ] Leaving safepoint region
[2019-06-24T10:42:41.178+0000][1][safepoint    ] Total time for which application threads were stopped: 0.0002993 seconds, Stopping threads took: 0.0000705 seconds
[2019-06-24T10:42:42.178+0000][1][safepoint    ] Application time: 1.0002707 seconds
[2019-06-24T10:42:42.179+0000][1][safepoint    ] Entering safepoint region: Cleanup
[2019-06-24T10:42:42.179+0000][1][safepoint    ] Leaving safepoint region
[2019-06-24T10:42:42.179+0000][1][safepoint    ] Total time for which application threads were stopped: 0.0003110 seconds, Stopping threads took: 0.0000851 seconds
[2019-06-24T10:42:43.179+0000][1][safepoint    ] Application time: 1.0002317 seconds
[2019-06-24T10:42:43.179+0000][1][safepoint    ] Entering safepoint region: Cleanup
[2019-06-24T10:42:43.180+0000][1][safepoint    ] Leaving safepoint region
[2019-06-24T10:42:43.180+0000][1][safepoint    ] Total time for which application threads were stopped: 0.0003012 seconds, Stopping threads took: 0.0000737 seconds
[2019-06-24T10:42:44.180+0000][1][safepoint    ] Application time: 1.0002732 seconds
[2019-06-24T10:42:44.180+0000][1][safepoint    ] Entering safepoint region: Cleanup
[2019-06-24T10:42:44.180+0000][1][safepoint    ] Leaving safepoint region
[2019-06-24T10:42:44.180+0000][1][safepoint    ] Total time for which application threads were stopped: 0.0002964 seconds, Stopping threads took: 0.0000714 seconds
[2019-06-24T10:42:45.181+0000][1][safepoint    ] Application time: 1.0002653 seconds
[2019-06-24T10:42:45.181+0000][1][safepoint    ] Entering safepoint region: Cleanup
[2019-06-24T10:42:45.181+0000][1][safepoint    ] Leaving safepoint region
[2019-06-24T10:42:45.181+0000][1][safepoint    ] Total time for which application threads were stopped: 0.0003057 seconds, Stopping threads took: 0.0000715 seconds
[2019-06-24T10:42:46.181+0000][1][safepoint    ] Application time: 1.0002601 seconds
[2019-06-24T10:42:46.181+0000][1][safepoint    ] Entering safepoint region: Cleanup
[2019-06-24T10:42:46.182+0000][1][safepoint    ] Leaving safepoint region
[2019-06-24T10:42:46.182+0000][1][safepoint    ] Total time for which application threads were stopped: 0.0002617 seconds, Stopping threads took: 0.0000625 seconds
[2019-06-24T10:42:47.182+0000][1][safepoint    ] Application time: 1.0002617 seconds
[2019-06-24T10:42:47.182+0000][1][safepoint    ] Entering safepoint region: Cleanup
[2019-06-24T10:42:47.182+0000][1][safepoint    ] Leaving safepoint region
[2019-06-24T10:42:47.182+0000][1][safepoint    ] Total time for which application threads were stopped: 0.0002935 seconds, Stopping threads took: 0.0000704 seconds
[2019-06-24T10:42:48.183+0000][1][safepoint    ] Application time: 1.0002527 seconds
[2019-06-24T10:42:48.183+0000][1][safepoint    ] Entering safepoint region: Cleanup
[2019-06-24T10:42:48.183+0000][1][safepoint    ] Leaving safepoint region
[2019-06-24T10:42:48.183+0000][1][safepoint    ] Total time for which application threads were stopped: 0.0002822 seconds, Stopping threads took: 0.0000672 seconds
[2019-06-24T10:42:49.183+0000][1][safepoint    ] Application time: 1.0001395 seconds
[2019-06-24T10:42:49.183+0000][1][safepoint    ] Entering safepoint region: Cleanup
[2019-06-24T10:42:49.183+0000][1][safepoint    ] Leaving safepoint region
[2019-06-24T10:42:49.184+0000][1][safepoint    ] Total time for which application threads were stopped: 0.0002804 seconds, Stopping threads took: 0.0000694 seconds
[2019-06-24T10:42:50.184+0000][1][safepoint    ] Application time: 1.0002633 seconds
[2019-06-24T10:42:50.184+0000][1][safepoint    ] Entering safepoint region: Cleanup
[2019-06-24T10:42:50.184+0000][1][safepoint    ] Leaving safepoint region
[2019-06-24T10:42:50.184+0000][1][safepoint    ] Total time for which application threads were stopped: 0.0003619 seconds, Stopping threads took: 0.0000710 seconds
[2019-06-24T10:42:51.185+0000][1][safepoint    ] Application time: 1.0002822 seconds
[2019-06-24T10:42:51.185+0000][1][safepoint    ] Entering safepoint region: Cleanup
[2019-06-24T10:42:51.185+0000][1][safepoint    ] Leaving safepoint region
[2019-06-24T10:42:51.185+0000][1][safepoint    ] Total time for which application threads were stopped: 0.0002932 seconds, Stopping threads took: 0.0000687 seconds
[2019-06-24T10:42:52.185+0000][1][safepoint    ] Application time: 1.0002639 seconds
[2019-06-24T10:42:52.185+0000][1][safepoint    ] Entering safepoint region: Cleanup
[2019-06-24T10:42:52.186+0000][1][safepoint    ] Leaving safepoint region
[2019-06-24T10:42:52.186+0000][1][safepoint    ] Total time for which application threads were stopped: 0.0002984 seconds, Stopping threads took: 0.0000723 seconds
[2019-06-24T10:42:53.186+0000][1][safepoint    ] Application time: 1.0002642 seconds
[2019-06-24T10:42:53.186+0000][1][safepoint    ] Entering safepoint region: Cleanup
[2019-06-24T10:42:53.187+0000][1][safepoint    ] Leaving safepoint region
[2019-06-24T10:42:53.187+0000][1][safepoint    ] Total time for which application threads were stopped: 0.0004177 seconds, Stopping threads took: 0.0000724 seconds
[2019-06-24T10:42:54.187+0000][1][safepoint    ] Application time: 1.0001366 seconds
[2019-06-24T10:42:54.187+0000][1][safepoint    ] Entering safepoint region: Cleanup
[2019-06-24T10:42:54.187+0000][1][safepoint    ] Leaving safepoint region
[2019-06-24T10:42:54.187+0000][1][safepoint    ] Total time for which application threads were stopped: 0.0002542 seconds, Stopping threads took: 0.0000640 seconds
[2019-06-24T10:42:55.187+0000][1][safepoint    ] Application time: 1.0002680 seconds
[2019-06-24T10:42:55.188+0000][1][safepoint    ] Entering safepoint region: Cleanup
[2019-06-24T10:42:55.188+0000][1][safepoint    ] Leaving safepoint region
[2019-06-24T10:42:55.188+0000][1][safepoint    ] Total time for which application threads were stopped: 0.0002810 seconds, Stopping threads took: 0.0000684 seconds
[2019-06-24T10:42:56.188+0000][1][safepoint    ] Application time: 1.0002643 seconds
[2019-06-24T10:42:56.188+0000][1][safepoint    ] Entering safepoint region: Cleanup
[2019-06-24T10:42:56.188+0000][1][safepoint    ] Leaving safepoint region
[2019-06-24T10:42:56.189+0000][1][safepoint    ] Total time for which application threads were stopped: 0.0002968 seconds, Stopping threads took: 0.0000704 seconds
[2019-06-24T10:42:57.189+0000][1][safepoint    ] Application time: 1.0002686 seconds
[2019-06-24T10:42:57.189+0000][1][safepoint    ] Entering safepoint region: Cleanup
[2019-06-24T10:42:57.189+0000][1][safepoint    ] Leaving safepoint region
[2019-06-24T10:42:57.189+0000][1][safepoint    ] Total time for which application threads were stopped: 0.0002930 seconds, Stopping threads took: 0.0000701 seconds
[2019-06-24T10:42:58.190+0000][1][safepoint    ] Application time: 1.0002669 seconds
[2019-06-24T10:42:58.190+0000][1][safepoint    ] Entering safepoint region: Cleanup
[2019-06-24T10:42:58.190+0000][1][safepoint    ] Leaving safepoint region
[2019-06-24T10:42:58.190+0000][1][safepoint    ] Total time for which application threads were stopped: 0.0002944 seconds, Stopping threads took: 0.0000708 seconds
[2019-06-24T10:42:59.190+0000][1][safepoint    ] Application time: 1.0002877 seconds
[2019-06-24T10:42:59.190+0000][1][safepoint    ] Entering safepoint region: Cleanup
[2019-06-24T10:42:59.190+0000][1][safepoint    ] Leaving safepoint region
[2019-06-24T10:42:59.190+0000][1][safepoint    ] Total time for which application threads were stopped: 0.0001727 seconds, Stopping threads took: 0.0000373 seconds
[2019-06-24T10:43:00.191+0000][1][safepoint    ] Application time: 1.0002032 seconds
[2019-06-24T10:43:00.191+0000][1][safepoint    ] Entering safepoint region: Cleanup
[2019-06-24T10:43:00.191+0000][1][safepoint    ] Leaving safepoint region
[2019-06-24T10:43:00.191+0000][1][safepoint    ] Total time for which application threads were stopped: 0.0002976 seconds, Stopping threads took: 0.0000722 seconds
[2019-06-24T10:43:01.191+0000][1][safepoint    ] Application time: 1.0002703 seconds
[2019-06-24T10:43:01.192+0000][1][safepoint    ] Entering safepoint region: Cleanup
[2019-06-24T10:43:01.192+0000][1][safepoint    ] Leaving safepoint region
[2019-06-24T10:43:01.192+0000][1][safepoint    ] Total time for which application threads were stopped: 0.0003626 seconds, Stopping threads took: 0.0001123 seconds
[2019-06-24T10:43:02.192+0000][1][safepoint    ] Application time: 1.0002608 seconds
[2019-06-24T10:43:02.192+0000][1][safepoint    ] Entering safepoint region: Cleanup
[2019-06-24T10:43:02.193+0000][1][safepoint    ] Leaving safepoint region
[2019-06-24T10:43:02.193+0000][1][safepoint    ] Total time for which application threads were stopped: 0.0003632 seconds, Stopping threads took: 0.0001116 seconds
[2019-06-24T10:43:03.193+0000][1][safepoint    ] Application time: 1.0002646 seconds
[2019-06-24T10:43:03.193+0000][1][safepoint    ] Entering safepoint region: Cleanup
[2019-06-24T10:43:03.193+0000][1][safepoint    ] Leaving safepoint region
[2019-06-24T10:43:03.193+0000][1][safepoint    ] Total time for which application threads were stopped: 0.0002988 seconds, Stopping threads took: 0.0000728 seconds
[2019-06-24T10:43:04.194+0000][1][safepoint    ] Application time: 1.0002602 seconds
[2019-06-24T10:43:04.194+0000][1][safepoint    ] Entering safepoint region: Cleanup
[2019-06-24T10:43:04.194+0000][1][safepoint    ] Leaving safepoint region
[2019-06-24T10:43:04.194+0000][1][safepoint    ] Total time for which application threads were stopped: 0.0002982 seconds, Stopping threads took: 0.0000703 seconds
[2019-06-24T10:43:05.194+0000][1][safepoint    ] Application time: 1.0002418 seconds
[2019-06-24T10:43:05.195+0000][1][safepoint    ] Entering safepoint region: Cleanup
[2019-06-24T10:43:05.195+0000][1][safepoint    ] Leaving safepoint region
[2019-06-24T10:43:05.195+0000][1][safepoint    ] Total time for which application threads were stopped: 0.0003291 seconds, Stopping threads took: 0.0001090 seconds
[2019-06-24T10:43:06.195+0000][1][safepoint    ] Application time: 1.0002439 seconds
[2019-06-24T10:43:06.195+0000][1][safepoint    ] Entering safepoint region: Cleanup
[2019-06-24T10:43:06.196+0000][1][safepoint    ] Leaving safepoint region
[2019-06-24T10:43:06.196+0000][1][safepoint    ] Total time for which application threads were stopped: 0.0003253 seconds, Stopping threads took: 0.0000721 seconds
[2019-06-24T10:43:07.196+0000][1][safepoint    ] Application time: 1.0002711 seconds
[2019-06-24T10:43:07.196+0000][1][safepoint    ] Entering safepoint region: Cleanup
[2019-06-24T10:43:07.196+0000][1][safepoint    ] Leaving safepoint region
[2019-06-24T10:43:07.196+0000][1][safepoint    ] Total time for which application threads were stopped: 0.0002878 seconds, Stopping threads took: 0.0000705 seconds
[2019-06-24T10:43:08.197+0000][1][safepoint    ] Application time: 1.0002620 seconds
[2019-06-24T10:43:08.197+0000][1][safepoint    ] Entering safepoint region: Cleanup
[2019-06-24T10:43:08.197+0000][1][safepoint    ] Leaving safepoint region
[2019-06-24T10:43:08.197+0000][1][safepoint    ] Total time for which application threads were stopped: 0.0002931 seconds, Stopping threads took: 0.0000725 seconds
[2019-06-24T10:43:09.197+0000][1][safepoint    ] Application time: 1.0002594 seconds
[2019-06-24T10:43:09.197+0000][1][safepoint    ] Entering safepoint region: Cleanup
[2019-06-24T10:43:09.198+0000][1][safepoint    ] Leaving safepoint region
[2019-06-24T10:43:09.198+0000][1][safepoint    ] Total time for which application threads were stopped: 0.0002890 seconds, Stopping threads took: 0.0000728 seconds
[2019-06-24T10:43:10.198+0000][1][safepoint    ] Application time: 1.0002585 seconds
[2019-06-24T10:43:10.198+0000][1][safepoint    ] Entering safepoint region: Cleanup
[2019-06-24T10:43:10.198+0000][1][safepoint    ] Leaving safepoint region
[2019-06-24T10:43:10.198+0000][1][safepoint    ] Total time for which application threads were stopped: 0.0002911 seconds, Stopping threads took: 0.0000713 seconds
[2019-06-24T10:43:11.199+0000][1][safepoint    ] Application time: 1.0002409 seconds
[2019-06-24T10:43:11.199+0000][1][safepoint    ] Entering safepoint region: Cleanup
[2019-06-24T10:43:11.199+0000][1][safepoint    ] Leaving safepoint region
[2019-06-24T10:43:11.199+0000][1][safepoint    ] Total time for which application threads were stopped: 0.0002548 seconds, Stopping threads took: 0.0000622 seconds
[2019-06-24T10:43:12.199+0000][1][safepoint    ] Application time: 1.0002593 seconds
[2019-06-24T10:43:12.199+0000][1][safepoint    ] Entering safepoint region: Cleanup
[2019-06-24T10:43:12.200+0000][1][safepoint    ] Leaving safepoint region
[2019-06-24T10:43:12.200+0000][1][safepoint    ] Total time for which application threads were stopped: 0.0003051 seconds, Stopping threads took: 0.0000727 seconds
[2019-06-24T10:43:13.200+0000][1][safepoint    ] Application time: 1.0002514 seconds
[2019-06-24T10:43:13.200+0000][1][safepoint    ] Entering safepoint region: Cleanup
[2019-06-24T10:43:13.200+0000][1][safepoint    ] Leaving safepoint region
[2019-06-24T10:43:13.200+0000][1][safepoint    ] Total time for which application threads were stopped: 0.0002910 seconds, Stopping threads took: 0.0000935 seconds
[2019-06-24T10:43:14.201+0000][1][safepoint    ] Application time: 1.0002528 seconds
[2019-06-24T10:43:14.201+0000][1][safepoint    ] Entering safepoint region: Cleanup
[2019-06-24T10:43:14.201+0000][1][safepoint    ] Leaving safepoint region
[2019-06-24T10:43:14.201+0000][1][safepoint    ] Total time for which application threads were stopped: 0.0002868 seconds, Stopping threads took: 0.0000699 seconds
[2019-06-24T10:43:15.201+0000][1][safepoint    ] Application time: 1.0002717 seconds
[2019-06-24T10:43:15.202+0000][1][safepoint    ] Entering safepoint region: Cleanup
[2019-06-24T10:43:15.202+0000][1][safepoint    ] Leaving safepoint region
[2019-06-24T10:43:15.202+0000][1][safepoint    ] Total time for which application threads were stopped: 0.0002869 seconds, Stopping threads took: 0.0000705 seconds
[2019-06-24T10:43:15.757+0000][1][safepoint    ] Application time: 0.5556483 seconds
[2019-06-24T10:43:15.758+0000][1][safepoint    ] Entering safepoint region: GenCollectForAllocation
[2019-06-24T10:43:15.758+0000][1][gc,start     ] GC(62) Pause Young (Allocation Failure)
[2019-06-24T10:43:15.758+0000][1][gc,task      ] GC(62) Using 5 workers of 8 for evacuation
[2019-06-24T10:43:15.759+0000][1][gc,age       ] GC(62) Desired survivor size 4456448 bytes, new threshold 6 (max threshold 6)
[2019-06-24T10:43:15.759+0000][1][gc,age       ] GC(62) Age table with threshold 6 (max threshold 6)
[2019-06-24T10:43:15.759+0000][1][gc,age       ] GC(62) - age   1:       5304 bytes,       5304 total
[2019-06-24T10:43:15.759+0000][1][gc,age       ] GC(62) - age   2:         64 bytes,       5368 total
[2019-06-24T10:43:15.759+0000][1][gc,age       ] GC(62) - age   4:         32 bytes,       5400 total
[2019-06-24T10:43:15.759+0000][1][gc,age       ] GC(62) - age   5:        104 bytes,       5504 total
[2019-06-24T10:43:15.759+0000][1][gc,age       ] GC(62) - age   6:         88 bytes,       5592 total
[2019-06-24T10:43:15.759+0000][1][gc,heap      ] GC(62) ParNew: 69968K->12K(78656K)
[2019-06-24T10:43:15.759+0000][1][gc,heap      ] GC(62) CMS: 70588K->70595K(174784K)
[2019-06-24T10:43:15.759+0000][1][gc,metaspace ] GC(62) Metaspace: 70604K->70604K(1114112K)
[2019-06-24T10:43:15.759+0000][1][gc           ] GC(62) Pause Young (Allocation Failure) 137M->68M(247M) 1.506ms
[2019-06-24T10:43:15.759+0000][1][gc,cpu       ] GC(62) User=0.01s Sys=0.00s Real=0.00s
[2019-06-24T10:43:15.759+0000][1][safepoint    ] Leaving safepoint region
[2019-06-24T10:43:15.759+0000][1][safepoint    ] Total time for which application threads were stopped: 0.0017233 seconds, Stopping threads took: 0.0000287 seconds
[2019-06-24T10:43:16.759+0000][1][safepoint    ] Application time: 1.0001149 seconds
[2019-06-24T10:43:16.759+0000][1][safepoint    ] Entering safepoint region: Cleanup
[2019-06-24T10:43:16.760+0000][1][safepoint    ] Leaving safepoint region
[2019-06-24T10:43:16.760+0000][1][safepoint    ] Total time for which application threads were stopped: 0.0002491 seconds, Stopping threads took: 0.0000623 seconds
[2019-06-24T10:43:17.760+0000][1][safepoint    ] Application time: 1.0001317 seconds
[2019-06-24T10:43:17.760+0000][1][safepoint    ] Entering safepoint region: Cleanup
[2019-06-24T10:43:17.760+0000][1][safepoint    ] Leaving safepoint region
[2019-06-24T10:43:17.760+0000][1][safepoint    ] Total time for which application threads were stopped: 0.0002518 seconds, Stopping threads took: 0.0000620 seconds
[2019-06-24T10:43:19.437+0000][1][safepoint    ] Application time: 1.6771706 seconds
[2019-06-24T10:43:19.438+0000][1][safepoint    ] Entering safepoint region: Cleanup
[2019-06-24T10:43:19.438+0000][1][safepoint    ] Leaving safepoint region
[2019-06-24T10:43:19.438+0000][1][safepoint    ] Total time for which application threads were stopped: 0.0002907 seconds, Stopping threads took: 0.0000724 seconds
[2019-06-24T10:43:20.438+0000][1][safepoint    ] Application time: 1.0002740 seconds
[2019-06-24T10:43:20.438+0000][1][safepoint    ] Entering safepoint region: Cleanup
[2019-06-24T10:43:20.439+0000][1][safepoint    ] Leaving safepoint region
[2019-06-24T10:43:20.439+0000][1][safepoint    ] Total time for which application threads were stopped: 0.0003836 seconds, Stopping threads took: 0.0000724 seconds
[2019-06-24T10:43:21.439+0000][1][safepoint    ] Application time: 1.0002034 seconds
[2019-06-24T10:43:21.439+0000][1][safepoint    ] Entering safepoint region: Cleanup
[2019-06-24T10:43:21.439+0000][1][safepoint    ] Leaving safepoint region
[2019-06-24T10:43:21.439+0000][1][safepoint    ] Total time for which application threads were stopped: 0.0003051 seconds, Stopping threads took: 0.0000732 seconds
[2019-06-24T10:43:22.440+0000][1][safepoint    ] Application time: 1.0002449 seconds
[2019-06-24T10:43:22.440+0000][1][safepoint    ] Entering safepoint region: Cleanup
[2019-06-24T10:43:22.440+0000][1][safepoint    ] Leaving safepoint region
[2019-06-24T10:43:22.440+0000][1][safepoint    ] Total time for which application threads were stopped: 0.0003048 seconds, Stopping threads took: 0.0000721 seconds
[2019-06-24T10:43:23.440+0000][1][safepoint    ] Application time: 1.0002771 seconds
[2019-06-24T10:43:23.440+0000][1][safepoint    ] Entering safepoint region: Cleanup
[2019-06-24T10:43:23.441+0000][1][safepoint    ] Leaving safepoint region
[2019-06-24T10:43:23.441+0000][1][safepoint    ] Total time for which application threads were stopped: 0.0002980 seconds, Stopping threads took: 0.0000710 seconds
[2019-06-24T10:43:24.441+0000][1][safepoint    ] Application time: 1.0002727 seconds
[2019-06-24T10:43:24.441+0000][1][safepoint    ] Entering safepoint region: Cleanup
[2019-06-24T10:43:24.441+0000][1][safepoint    ] Leaving safepoint region
[2019-06-24T10:43:24.441+0000][1][safepoint    ] Total time for which application threads were stopped: 0.0002981 seconds, Stopping threads took: 0.0000710 seconds
[2019-06-24T10:43:25.442+0000][1][safepoint    ] Application time: 1.0002650 seconds
[2019-06-24T10:43:25.442+0000][1][safepoint    ] Entering safepoint region: Cleanup
[2019-06-24T10:43:25.442+0000][1][safepoint    ] Leaving safepoint region
[2019-06-24T10:43:25.442+0000][1][safepoint    ] Total time for which application threads were stopped: 0.0004012 seconds, Stopping threads took: 0.0000725 seconds
[2019-06-24T10:43:26.442+0000][1][safepoint    ] Application time: 1.0001835 seconds
[2019-06-24T10:43:26.443+0000][1][safepoint    ] Entering safepoint region: Cleanup
[2019-06-24T10:43:26.443+0000][1][safepoint    ] Leaving safepoint region
[2019-06-24T10:43:26.443+0000][1][safepoint    ] Total time for which application threads were stopped: 0.0003107 seconds, Stopping threads took: 0.0000742 seconds
[2019-06-24T10:43:27.443+0000][1][safepoint    ] Application time: 1.0002758 seconds
[2019-06-24T10:43:27.443+0000][1][safepoint    ] Entering safepoint region: Cleanup
[2019-06-24T10:43:27.444+0000][1][safepoint    ] Leaving safepoint region
[2019-06-24T10:43:27.444+0000][1][safepoint    ] Total time for which application threads were stopped: 0.0003039 seconds, Stopping threads took: 0.0000727 seconds
[2019-06-24T10:43:28.444+0000][1][safepoint    ] Application time: 1.0002720 seconds
[2019-06-24T10:43:28.444+0000][1][safepoint    ] Entering safepoint region: Cleanup
[2019-06-24T10:43:28.444+0000][1][safepoint    ] Leaving safepoint region
[2019-06-24T10:43:28.444+0000][1][safepoint    ] Total time for which application threads were stopped: 0.0003028 seconds, Stopping threads took: 0.0000708 seconds
[2019-06-24T10:43:29.445+0000][1][safepoint    ] Application time: 1.0002358 seconds
[2019-06-24T10:43:29.445+0000][1][safepoint    ] Entering safepoint region: Cleanup
[2019-06-24T10:43:29.445+0000][1][safepoint    ] Leaving safepoint region
[2019-06-24T10:43:29.445+0000][1][safepoint    ] Total time for which application threads were stopped: 0.0002942 seconds, Stopping threads took: 0.0000720 seconds
[2019-06-24T10:43:30.445+0000][1][safepoint    ] Application time: 1.0002713 seconds
[2019-06-24T10:43:30.446+0000][1][safepoint    ] Entering safepoint region: Cleanup
[2019-06-24T10:43:30.446+0000][1][safepoint    ] Leaving safepoint region
[2019-06-24T10:43:30.446+0000][1][safepoint    ] Total time for which application threads were stopped: 0.0003003 seconds, Stopping threads took: 0.0000719 seconds
[2019-06-24T10:43:31.446+0000][1][safepoint    ] Application time: 1.0001808 seconds
[2019-06-24T10:43:31.446+0000][1][safepoint    ] Entering safepoint region: Cleanup
[2019-06-24T10:43:31.446+0000][1][safepoint    ] Leaving safepoint region
[2019-06-24T10:43:31.446+0000][1][safepoint    ] Total time for which application threads were stopped: 0.0002907 seconds, Stopping threads took: 0.0000701 seconds
[2019-06-24T10:43:32.447+0000][1][safepoint    ] Application time: 1.0002235 seconds
[2019-06-24T10:43:32.447+0000][1][safepoint    ] Entering safepoint region: Cleanup
[2019-06-24T10:43:32.447+0000][1][safepoint    ] Leaving safepoint region
[2019-06-24T10:43:32.447+0000][1][safepoint    ] Total time for which application threads were stopped: 0.0003687 seconds, Stopping threads took: 0.0001155 seconds
[2019-06-24T10:43:33.447+0000][1][safepoint    ] Application time: 1.0001986 seconds
[2019-06-24T10:43:33.447+0000][1][safepoint    ] Entering safepoint region: Cleanup
[2019-06-24T10:43:33.448+0000][1][safepoint    ] Leaving safepoint region
[2019-06-24T10:43:33.448+0000][1][safepoint    ] Total time for which application threads were stopped: 0.0001671 seconds, Stopping threads took: 0.0000417 seconds
[2019-06-24T10:43:34.448+0000][1][safepoint    ] Application time: 1.0001726 seconds
[2019-06-24T10:43:34.448+0000][1][safepoint    ] Entering safepoint region: Cleanup
[2019-06-24T10:43:34.448+0000][1][safepoint    ] Leaving safepoint region
[2019-06-24T10:43:34.448+0000][1][safepoint    ] Total time for which application threads were stopped: 0.0003030 seconds, Stopping threads took: 0.0000721 seconds
[2019-06-24T10:43:35.449+0000][1][safepoint    ] Application time: 1.0002680 seconds
[2019-06-24T10:43:35.449+0000][1][safepoint    ] Entering safepoint region: Cleanup
[2019-06-24T10:43:35.449+0000][1][safepoint    ] Leaving safepoint region
[2019-06-24T10:43:35.449+0000][1][safepoint    ] Total time for which application threads were stopped: 0.0003300 seconds, Stopping threads took: 0.0001054 seconds
[2019-06-24T10:43:36.449+0000][1][safepoint    ] Application time: 1.0002757 seconds
[2019-06-24T10:43:36.449+0000][1][safepoint    ] Entering safepoint region: Cleanup
[2019-06-24T10:43:36.450+0000][1][safepoint    ] Leaving safepoint region
[2019-06-24T10:43:36.450+0000][1][safepoint    ] Total time for which application threads were stopped: 0.0003785 seconds, Stopping threads took: 0.0001150 seconds
[2019-06-24T10:43:37.450+0000][1][safepoint    ] Application time: 1.0002732 seconds
[2019-06-24T10:43:37.450+0000][1][safepoint    ] Entering safepoint region: Cleanup
[2019-06-24T10:43:37.451+0000][1][safepoint    ] Leaving safepoint region
[2019-06-24T10:43:37.451+0000][1][safepoint    ] Total time for which application threads were stopped: 0.0004012 seconds, Stopping threads took: 0.0000740 seconds
[2019-06-24T10:43:38.451+0000][1][safepoint    ] Application time: 1.0002072 seconds
[2019-06-24T10:43:38.451+0000][1][safepoint    ] Entering safepoint region: Cleanup
[2019-06-24T10:43:38.451+0000][1][safepoint    ] Leaving safepoint region
[2019-06-24T10:43:38.451+0000][1][safepoint    ] Total time for which application threads were stopped: 0.0003059 seconds, Stopping threads took: 0.0000733 seconds
[2019-06-24T10:43:39.452+0000][1][safepoint    ] Application time: 1.0002563 seconds
[2019-06-24T10:43:39.452+0000][1][safepoint    ] Entering safepoint region: Cleanup
[2019-06-24T10:43:39.452+0000][1][safepoint    ] Leaving safepoint region
[2019-06-24T10:43:39.452+0000][1][safepoint    ] Total time for which application threads were stopped: 0.0003073 seconds, Stopping threads took: 0.0000746 seconds
[2019-06-24T10:43:40.452+0000][1][safepoint    ] Application time: 1.0002723 seconds
[2019-06-24T10:43:40.452+0000][1][safepoint    ] Entering safepoint region: Cleanup
[2019-06-24T10:43:40.453+0000][1][safepoint    ] Leaving safepoint region
[2019-06-24T10:43:40.453+0000][1][safepoint    ] Total time for which application threads were stopped: 0.0004325 seconds, Stopping threads took: 0.0001174 seconds
[2019-06-24T10:43:41.453+0000][1][safepoint    ] Application time: 1.0002646 seconds
[2019-06-24T10:43:41.453+0000][1][safepoint    ] Entering safepoint region: Cleanup
[2019-06-24T10:43:41.453+0000][1][safepoint    ] Leaving safepoint region
[2019-06-24T10:43:41.454+0000][1][safepoint    ] Total time for which application threads were stopped: 0.0002699 seconds, Stopping threads took: 0.0000640 seconds
[2019-06-24T10:43:42.454+0000][1][safepoint    ] Application time: 1.0002143 seconds
[2019-06-24T10:43:42.454+0000][1][safepoint    ] Entering safepoint region: Cleanup
[2019-06-24T10:43:42.454+0000][1][safepoint    ] Leaving safepoint region
[2019-06-24T10:43:42.454+0000][1][safepoint    ] Total time for which application threads were stopped: 0.0004054 seconds, Stopping threads took: 0.0000719 seconds
[2019-06-24T10:43:43.455+0000][1][safepoint    ] Application time: 1.0002828 seconds
[2019-06-24T10:43:43.455+0000][1][safepoint    ] Entering safepoint region: Cleanup
[2019-06-24T10:43:43.455+0000][1][safepoint    ] Leaving safepoint region
[2019-06-24T10:43:43.455+0000][1][safepoint    ] Total time for which application threads were stopped: 0.0003210 seconds, Stopping threads took: 0.0000733 seconds
[2019-06-24T10:43:44.455+0000][1][safepoint    ] Application time: 1.0002787 seconds
[2019-06-24T10:43:44.456+0000][1][safepoint    ] Entering safepoint region: Cleanup
[2019-06-24T10:43:44.456+0000][1][safepoint    ] Leaving safepoint region
[2019-06-24T10:43:44.456+0000][1][safepoint    ] Total time for which application threads were stopped: 0.0003186 seconds, Stopping threads took: 0.0000736 seconds
[2019-06-24T10:43:45.456+0000][1][safepoint    ] Application time: 1.0002684 seconds
[2019-06-24T10:43:45.456+0000][1][safepoint    ] Entering safepoint region: Cleanup
[2019-06-24T10:43:45.456+0000][1][safepoint    ] Leaving safepoint region
[2019-06-24T10:43:45.457+0000][1][safepoint    ] Total time for which application threads were stopped: 0.0002950 seconds, Stopping threads took: 0.0000713 seconds
[2019-06-24T10:43:46.457+0000][1][safepoint    ] Application time: 1.0002654 seconds
[2019-06-24T10:43:46.457+0000][1][safepoint    ] Entering safepoint region: Cleanup
[2019-06-24T10:43:46.457+0000][1][safepoint    ] Leaving safepoint region
[2019-06-24T10:43:46.457+0000][1][safepoint    ] Total time for which application threads were stopped: 0.0003013 seconds, Stopping threads took: 0.0000735 seconds
[2019-06-24T10:43:47.457+0000][1][safepoint    ] Application time: 1.0001578 seconds
[2019-06-24T10:43:47.457+0000][1][safepoint    ] Entering safepoint region: Cleanup
[2019-06-24T10:43:47.458+0000][1][safepoint    ] Leaving safepoint region
[2019-06-24T10:43:47.458+0000][1][safepoint    ] Total time for which application threads were stopped: 0.0001144 seconds, Stopping threads took: 0.0000266 seconds
[2019-06-24T10:43:48.460+0000][1][safepoint    ] Application time: 1.0022240 seconds
[2019-06-24T10:43:48.460+0000][1][safepoint    ] Entering safepoint region: Cleanup
[2019-06-24T10:43:48.460+0000][1][safepoint    ] Leaving safepoint region
[2019-06-24T10:43:48.460+0000][1][safepoint    ] Total time for which application threads were stopped: 0.0003016 seconds, Stopping threads took: 0.0000731 seconds
[2019-06-24T10:43:49.461+0000][1][safepoint    ] Application time: 1.0002751 seconds
[2019-06-24T10:43:49.461+0000][1][safepoint    ] Entering safepoint region: Cleanup
[2019-06-24T10:43:49.461+0000][1][safepoint    ] Leaving safepoint region
[2019-06-24T10:43:49.461+0000][1][safepoint    ] Total time for which application threads were stopped: 0.0002994 seconds, Stopping threads took: 0.0000717 seconds
[2019-06-24T10:43:50.461+0000][1][safepoint    ] Application time: 1.0002691 seconds
[2019-06-24T10:43:50.461+0000][1][safepoint    ] Entering safepoint region: Cleanup
[2019-06-24T10:43:50.462+0000][1][safepoint    ] Leaving safepoint region
[2019-06-24T10:43:50.462+0000][1][safepoint    ] Total time for which application threads were stopped: 0.0003089 seconds, Stopping threads took: 0.0000767 seconds
[2019-06-24T10:43:51.462+0000][1][safepoint    ] Application time: 1.0002589 seconds
[2019-06-24T10:43:51.462+0000][1][safepoint    ] Entering safepoint region: Cleanup
[2019-06-24T10:43:51.462+0000][1][safepoint    ] Leaving safepoint region
[2019-06-24T10:43:51.462+0000][1][safepoint    ] Total time for which application threads were stopped: 0.0003003 seconds, Stopping threads took: 0.0000636 seconds
[2019-06-24T10:43:52.463+0000][1][safepoint    ] Application time: 1.0002480 seconds
[2019-06-24T10:43:52.463+0000][1][safepoint    ] Entering safepoint region: Cleanup
[2019-06-24T10:43:52.463+0000][1][safepoint    ] Leaving safepoint region
[2019-06-24T10:43:52.463+0000][1][safepoint    ] Total time for which application threads were stopped: 0.0002900 seconds, Stopping threads took: 0.0000714 seconds
[2019-06-24T10:43:53.463+0000][1][safepoint    ] Application time: 1.0002491 seconds
[2019-06-24T10:43:53.463+0000][1][safepoint    ] Entering safepoint region: Cleanup
[2019-06-24T10:43:53.464+0000][1][safepoint    ] Leaving safepoint region
[2019-06-24T10:43:53.464+0000][1][safepoint    ] Total time for which application threads were stopped: 0.0003930 seconds, Stopping threads took: 0.0000715 seconds
[2019-06-24T10:43:54.464+0000][1][safepoint    ] Application time: 1.0002718 seconds
[2019-06-24T10:43:54.464+0000][1][safepoint    ] Entering safepoint region: Cleanup
[2019-06-24T10:43:54.465+0000][1][safepoint    ] Leaving safepoint region
[2019-06-24T10:43:54.465+0000][1][safepoint    ] Total time for which application threads were stopped: 0.0002835 seconds, Stopping threads took: 0.0000712 seconds
[2019-06-24T10:43:55.465+0000][1][safepoint    ] Application time: 1.0002642 seconds
[2019-06-24T10:43:55.465+0000][1][safepoint    ] Entering safepoint region: Cleanup
[2019-06-24T10:43:55.465+0000][1][safepoint    ] Leaving safepoint region
[2019-06-24T10:43:55.465+0000][1][safepoint    ] Total time for which application threads were stopped: 0.0002963 seconds, Stopping threads took: 0.0000717 seconds
[2019-06-24T10:43:56.466+0000][1][safepoint    ] Application time: 1.0002640 seconds
[2019-06-24T10:43:56.466+0000][1][safepoint    ] Entering safepoint region: Cleanup
[2019-06-24T10:43:56.466+0000][1][safepoint    ] Leaving safepoint region
[2019-06-24T10:43:56.466+0000][1][safepoint    ] Total time for which application threads were stopped: 0.0002830 seconds, Stopping threads took: 0.0000696 seconds
[2019-06-24T10:43:57.466+0000][1][safepoint    ] Application time: 1.0002568 seconds
[2019-06-24T10:43:57.466+0000][1][safepoint    ] Entering safepoint region: Cleanup
[2019-06-24T10:43:57.467+0000][1][safepoint    ] Leaving safepoint region
[2019-06-24T10:43:57.467+0000][1][safepoint    ] Total time for which application threads were stopped: 0.0004338 seconds, Stopping threads took: 0.0000694 seconds
[2019-06-24T10:43:58.467+0000][1][safepoint    ] Application time: 1.0002470 seconds
[2019-06-24T10:43:58.467+0000][1][safepoint    ] Entering safepoint region: Cleanup
[2019-06-24T10:43:58.467+0000][1][safepoint    ] Leaving safepoint region
[2019-06-24T10:43:58.467+0000][1][safepoint    ] Total time for which application threads were stopped: 0.0003026 seconds, Stopping threads took: 0.0000703 seconds
[2019-06-24T10:43:59.468+0000][1][safepoint    ] Application time: 1.0002606 seconds
[2019-06-24T10:43:59.468+0000][1][safepoint    ] Entering safepoint region: Cleanup
[2019-06-24T10:43:59.468+0000][1][safepoint    ] Leaving safepoint region
[2019-06-24T10:43:59.468+0000][1][safepoint    ] Total time for which application threads were stopped: 0.0002723 seconds, Stopping threads took: 0.0000699 seconds
[2019-06-24T10:44:00.468+0000][1][safepoint    ] Application time: 1.0002600 seconds
[2019-06-24T10:44:00.469+0000][1][safepoint    ] Entering safepoint region: Cleanup
[2019-06-24T10:44:00.469+0000][1][safepoint    ] Leaving safepoint region
[2019-06-24T10:44:00.469+0000][1][safepoint    ] Total time for which application threads were stopped: 0.0002794 seconds, Stopping threads took: 0.0000746 seconds
[2019-06-24T10:44:01.469+0000][1][safepoint    ] Application time: 1.0002690 seconds
[2019-06-24T10:44:01.469+0000][1][safepoint    ] Entering safepoint region: Cleanup
[2019-06-24T10:44:01.470+0000][1][safepoint    ] Leaving safepoint region
[2019-06-24T10:44:01.470+0000][1][safepoint    ] Total time for which application threads were stopped: 0.0003090 seconds, Stopping threads took: 0.0001020 seconds
[2019-06-24T10:44:02.470+0000][1][safepoint    ] Application time: 1.0001909 seconds
[2019-06-24T10:44:02.470+0000][1][safepoint    ] Entering safepoint region: Cleanup
[2019-06-24T10:44:02.470+0000][1][safepoint    ] Leaving safepoint region
[2019-06-24T10:44:02.470+0000][1][safepoint    ] Total time for which application threads were stopped: 0.0002672 seconds, Stopping threads took: 0.0000675 seconds
[2019-06-24T10:44:03.471+0000][1][safepoint    ] Application time: 1.0002559 seconds
[2019-06-24T10:44:03.471+0000][1][safepoint    ] Entering safepoint region: Cleanup
[2019-06-24T10:44:03.471+0000][1][safepoint    ] Leaving safepoint region
[2019-06-24T10:44:03.471+0000][1][safepoint    ] Total time for which application threads were stopped: 0.0002874 seconds, Stopping threads took: 0.0000829 seconds
[2019-06-24T10:44:04.471+0000][1][safepoint    ] Application time: 1.0002750 seconds
[2019-06-24T10:44:04.471+0000][1][safepoint    ] Entering safepoint region: Cleanup
[2019-06-24T10:44:04.472+0000][1][safepoint    ] Leaving safepoint region
[2019-06-24T10:44:04.472+0000][1][safepoint    ] Total time for which application threads were stopped: 0.0003602 seconds, Stopping threads took: 0.0000921 seconds
[2019-06-24T10:44:05.472+0000][1][safepoint    ] Application time: 1.0002973 seconds
[2019-06-24T10:44:05.472+0000][1][safepoint    ] Entering safepoint region: Cleanup
[2019-06-24T10:44:05.472+0000][1][safepoint    ] Leaving safepoint region
[2019-06-24T10:44:05.472+0000][1][safepoint    ] Total time for which application threads were stopped: 0.0002815 seconds, Stopping threads took: 0.0000738 seconds
[2019-06-24T10:44:06.473+0000][1][safepoint    ] Application time: 1.0002614 seconds
[2019-06-24T10:44:06.473+0000][1][safepoint    ] Entering safepoint region: Cleanup
[2019-06-24T10:44:06.473+0000][1][safepoint    ] Leaving safepoint region
[2019-06-24T10:44:06.473+0000][1][safepoint    ] Total time for which application threads were stopped: 0.0002788 seconds, Stopping threads took: 0.0000715 seconds
[2019-06-24T10:44:07.473+0000][1][safepoint    ] Application time: 1.0001799 seconds
[2019-06-24T10:44:07.474+0000][1][safepoint    ] Entering safepoint region: Cleanup
[2019-06-24T10:44:07.474+0000][1][safepoint    ] Leaving safepoint region
[2019-06-24T10:44:07.474+0000][1][safepoint    ] Total time for which application threads were stopped: 0.0003704 seconds, Stopping threads took: 0.0001010 seconds
[2019-06-24T10:44:08.474+0000][1][safepoint    ] Application time: 1.0002764 seconds
[2019-06-24T10:44:08.474+0000][1][safepoint    ] Entering safepoint region: Cleanup
[2019-06-24T10:44:08.475+0000][1][safepoint    ] Leaving safepoint region
[2019-06-24T10:44:08.475+0000][1][safepoint    ] Total time for which application threads were stopped: 0.0004723 seconds, Stopping threads took: 0.0000715 seconds
[2019-06-24T10:44:09.475+0000][1][safepoint    ] Application time: 1.0001362 seconds
[2019-06-24T10:44:09.475+0000][1][safepoint    ] Entering safepoint region: Cleanup
[2019-06-24T10:44:09.475+0000][1][safepoint    ] Leaving safepoint region
[2019-06-24T10:44:09.475+0000][1][safepoint    ] Total time for which application threads were stopped: 0.0002354 seconds, Stopping threads took: 0.0000576 seconds
[2019-06-24T10:44:10.476+0000][1][safepoint    ] Application time: 1.0002131 seconds
[2019-06-24T10:44:10.476+0000][1][safepoint    ] Entering safepoint region: Cleanup
[2019-06-24T10:44:10.476+0000][1][safepoint    ] Leaving safepoint region
[2019-06-24T10:44:10.476+0000][1][safepoint    ] Total time for which application threads were stopped: 0.0003650 seconds, Stopping threads took: 0.0000908 seconds
[2019-06-24T10:44:11.476+0000][1][safepoint    ] Application time: 1.0002800 seconds
[2019-06-24T10:44:11.477+0000][1][safepoint    ] Entering safepoint region: Cleanup
[2019-06-24T10:44:11.477+0000][1][safepoint    ] Leaving safepoint region
[2019-06-24T10:44:11.477+0000][1][safepoint    ] Total time for which application threads were stopped: 0.0003159 seconds, Stopping threads took: 0.0001058 seconds
[2019-06-24T10:44:12.477+0000][1][safepoint    ] Application time: 1.0002763 seconds
[2019-06-24T10:44:12.477+0000][1][safepoint    ] Entering safepoint region: Cleanup
[2019-06-24T10:44:12.478+0000][1][safepoint    ] Leaving safepoint region
[2019-06-24T10:44:12.478+0000][1][safepoint    ] Total time for which application threads were stopped: 0.0003543 seconds, Stopping threads took: 0.0000733 seconds
[2019-06-24T10:44:13.478+0000][1][safepoint    ] Application time: 1.0003048 seconds
[2019-06-24T10:44:13.478+0000][1][safepoint    ] Entering safepoint region: Cleanup
[2019-06-24T10:44:13.478+0000][1][safepoint    ] Leaving safepoint region
[2019-06-24T10:44:13.478+0000][1][safepoint    ] Total time for which application threads were stopped: 0.0001363 seconds, Stopping threads took: 0.0000426 seconds
[2019-06-24T10:44:14.478+0000][1][safepoint    ] Application time: 1.0002258 seconds
[2019-06-24T10:44:14.479+0000][1][safepoint    ] Entering safepoint region: Cleanup
[2019-06-24T10:44:14.479+0000][1][safepoint    ] Leaving safepoint region
[2019-06-24T10:44:14.479+0000][1][safepoint    ] Total time for which application threads were stopped: 0.0003059 seconds, Stopping threads took: 0.0000828 seconds
[2019-06-24T10:44:15.479+0000][1][safepoint    ] Application time: 1.0002693 seconds
[2019-06-24T10:44:15.479+0000][1][safepoint    ] Entering safepoint region: Cleanup
[2019-06-24T10:44:15.479+0000][1][safepoint    ] Leaving safepoint region
[2019-06-24T10:44:15.480+0000][1][safepoint    ] Total time for which application threads were stopped: 0.0002938 seconds, Stopping threads took: 0.0000749 seconds
[2019-06-24T10:44:16.480+0000][1][safepoint    ] Application time: 1.0002704 seconds
[2019-06-24T10:44:16.480+0000][1][safepoint    ] Entering safepoint region: Cleanup
[2019-06-24T10:44:16.480+0000][1][safepoint    ] Leaving safepoint region
[2019-06-24T10:44:16.480+0000][1][safepoint    ] Total time for which application threads were stopped: 0.0002873 seconds, Stopping threads took: 0.0000734 seconds
[2019-06-24T10:44:17.481+0000][1][safepoint    ] Application time: 1.0002428 seconds
[2019-06-24T10:44:17.481+0000][1][safepoint    ] Entering safepoint region: Cleanup
[2019-06-24T10:44:17.481+0000][1][safepoint    ] Leaving safepoint region
[2019-06-24T10:44:17.481+0000][1][safepoint    ] Total time for which application threads were stopped: 0.0003803 seconds, Stopping threads took: 0.0000707 seconds
[2019-06-24T10:44:18.481+0000][1][safepoint    ] Application time: 1.0002733 seconds
[2019-06-24T10:44:18.481+0000][1][safepoint    ] Entering safepoint region: Cleanup
[2019-06-24T10:44:18.482+0000][1][safepoint    ] Leaving safepoint region
[2019-06-24T10:44:18.482+0000][1][safepoint    ] Total time for which application threads were stopped: 0.0003803 seconds, Stopping threads took: 0.0000781 seconds
[2019-06-24T10:44:19.482+0000][1][safepoint    ] Application time: 1.0002901 seconds
[2019-06-24T10:44:19.482+0000][1][safepoint    ] Entering safepoint region: Cleanup
[2019-06-24T10:44:19.483+0000][1][safepoint    ] Leaving safepoint region
[2019-06-24T10:44:19.483+0000][1][safepoint    ] Total time for which application threads were stopped: 0.0004380 seconds, Stopping threads took: 0.0000730 seconds
[2019-06-24T10:44:20.483+0000][1][safepoint    ] Application time: 1.0002410 seconds
[2019-06-24T10:44:20.483+0000][1][safepoint    ] Entering safepoint region: Cleanup
[2019-06-24T10:44:20.483+0000][1][safepoint    ] Leaving safepoint region
[2019-06-24T10:44:20.483+0000][1][safepoint    ] Total time for which application threads were stopped: 0.0003985 seconds, Stopping threads took: 0.0001079 seconds
[2019-06-24T10:44:21.484+0000][1][safepoint    ] Application time: 1.0001559 seconds
[2019-06-24T10:44:21.484+0000][1][safepoint    ] Entering safepoint region: Cleanup
[2019-06-24T10:44:21.484+0000][1][safepoint    ] Leaving safepoint region
[2019-06-24T10:44:21.484+0000][1][safepoint    ] Total time for which application threads were stopped: 0.0002769 seconds, Stopping threads took: 0.0000703 seconds
[2019-06-24T10:44:22.484+0000][1][safepoint    ] Application time: 1.0001399 seconds
[2019-06-24T10:44:22.484+0000][1][safepoint    ] Entering safepoint region: Cleanup
[2019-06-24T10:44:22.485+0000][1][safepoint    ] Leaving safepoint region
[2019-06-24T10:44:22.485+0000][1][safepoint    ] Total time for which application threads were stopped: 0.0002881 seconds, Stopping threads took: 0.0000721 seconds
[2019-06-24T10:44:23.485+0000][1][safepoint    ] Application time: 1.0002047 seconds
[2019-06-24T10:44:23.485+0000][1][safepoint    ] Entering safepoint region: Cleanup
[2019-06-24T10:44:23.485+0000][1][safepoint    ] Leaving safepoint region
[2019-06-24T10:44:23.485+0000][1][safepoint    ] Total time for which application threads were stopped: 0.0002919 seconds, Stopping threads took: 0.0000763 seconds
[2019-06-24T10:44:24.486+0000][1][safepoint    ] Application time: 1.0002675 seconds
[2019-06-24T10:44:24.486+0000][1][safepoint    ] Entering safepoint region: Cleanup
[2019-06-24T10:44:24.486+0000][1][safepoint    ] Leaving safepoint region
[2019-06-24T10:44:24.486+0000][1][safepoint    ] Total time for which application threads were stopped: 0.0005825 seconds, Stopping threads took: 0.0003358 seconds
[2019-06-24T10:44:25.487+0000][1][safepoint    ] Application time: 1.0002516 seconds
[2019-06-24T10:44:25.487+0000][1][safepoint    ] Entering safepoint region: Cleanup
[2019-06-24T10:44:25.487+0000][1][safepoint    ] Leaving safepoint region
[2019-06-24T10:44:25.487+0000][1][safepoint    ] Total time for which application threads were stopped: 0.0002755 seconds, Stopping threads took: 0.0000725 seconds
[2019-06-24T10:44:26.441+0000][1][safepoint    ] Application time: 0.9538333 seconds
[2019-06-24T10:44:26.441+0000][1][safepoint    ] Entering safepoint region: GenCollectForAllocation
[2019-06-24T10:44:26.441+0000][1][gc,start     ] GC(63) Pause Young (Allocation Failure)
[2019-06-24T10:44:26.441+0000][1][gc,task      ] GC(63) Using 5 workers of 8 for evacuation
[2019-06-24T10:44:26.443+0000][1][gc,age       ] GC(63) Desired survivor size 4456448 bytes, new threshold 6 (max threshold 6)
[2019-06-24T10:44:26.443+0000][1][gc,age       ] GC(63) Age table with threshold 6 (max threshold 6)
[2019-06-24T10:44:26.443+0000][1][gc,age       ] GC(63) - age   1:       6104 bytes,       6104 total
[2019-06-24T10:44:26.443+0000][1][gc,age       ] GC(63) - age   3:         64 bytes,       6168 total
[2019-06-24T10:44:26.443+0000][1][gc,age       ] GC(63) - age   5:         32 bytes,       6200 total
[2019-06-24T10:44:26.443+0000][1][gc,age       ] GC(63) - age   6:        104 bytes,       6304 total
[2019-06-24T10:44:26.443+0000][1][gc,heap      ] GC(63) ParNew: 69964K->12K(78656K)
[2019-06-24T10:44:26.443+0000][1][gc,heap      ] GC(63) CMS: 70595K->70595K(174784K)
[2019-06-24T10:44:26.443+0000][1][gc,metaspace ] GC(63) Metaspace: 70609K->70609K(1114112K)
[2019-06-24T10:44:26.443+0000][1][gc           ] GC(63) Pause Young (Allocation Failure) 137M->68M(247M) 1.699ms
[2019-06-24T10:44:26.443+0000][1][gc,cpu       ] GC(63) User=0.01s Sys=0.00s Real=0.01s
[2019-06-24T10:44:26.443+0000][1][safepoint    ] Leaving safepoint region
[2019-06-24T10:44:26.443+0000][1][safepoint    ] Total time for which application threads were stopped: 0.0019364 seconds, Stopping threads took: 0.0000406 seconds
[2019-06-24T10:44:27.443+0000][1][safepoint    ] Application time: 1.0001620 seconds
[2019-06-24T10:44:27.443+0000][1][safepoint    ] Entering safepoint region: Cleanup
[2019-06-24T10:44:27.443+0000][1][safepoint    ] Leaving safepoint region
[2019-06-24T10:44:27.443+0000][1][safepoint    ] Total time for which application threads were stopped: 0.0002935 seconds, Stopping threads took: 0.0000772 seconds
[2019-06-24T10:44:28.444+0000][1][safepoint    ] Application time: 1.0002254 seconds
[2019-06-24T10:44:28.444+0000][1][safepoint    ] Entering safepoint region: Cleanup
[2019-06-24T10:44:28.444+0000][1][safepoint    ] Leaving safepoint region
[2019-06-24T10:44:28.444+0000][1][safepoint    ] Total time for which application threads were stopped: 0.0002904 seconds, Stopping threads took: 0.0000738 seconds
[2019-06-24T10:44:29.444+0000][1][safepoint    ] Application time: 1.0002910 seconds
[2019-06-24T10:44:29.445+0000][1][safepoint    ] Entering safepoint region: Cleanup
[2019-06-24T10:44:29.445+0000][1][safepoint    ] Leaving safepoint region
[2019-06-24T10:44:29.445+0000][1][safepoint    ] Total time for which application threads were stopped: 0.0003347 seconds, Stopping threads took: 0.0000842 seconds
[2019-06-24T10:44:30.445+0000][1][safepoint    ] Application time: 1.0002666 seconds
[2019-06-24T10:44:30.446+0000][1][safepoint    ] Entering safepoint region: Cleanup
[2019-06-24T10:44:30.446+0000][1][safepoint    ] Leaving safepoint region
[2019-06-24T10:44:30.446+0000][1][safepoint    ] Total time for which application threads were stopped: 0.0009214 seconds, Stopping threads took: 0.0001722 seconds
[2019-06-24T10:44:31.447+0000][1][safepoint    ] Application time: 1.0004180 seconds
[2019-06-24T10:44:31.447+0000][1][safepoint    ] Entering safepoint region: Cleanup
[2019-06-24T10:44:31.447+0000][1][safepoint    ] Leaving safepoint region
[2019-06-24T10:44:31.447+0000][1][safepoint    ] Total time for which application threads were stopped: 0.0003127 seconds, Stopping threads took: 0.0000903 seconds
[2019-06-24T10:44:32.447+0000][1][safepoint    ] Application time: 1.0001599 seconds
[2019-06-24T10:44:32.448+0000][1][safepoint    ] Entering safepoint region: Cleanup
[2019-06-24T10:44:32.448+0000][1][safepoint    ] Leaving safepoint region
[2019-06-24T10:44:32.448+0000][1][safepoint    ] Total time for which application threads were stopped: 0.0002900 seconds, Stopping threads took: 0.0000729 seconds
[2019-06-24T10:44:33.448+0000][1][safepoint    ] Application time: 1.0002707 seconds
[2019-06-24T10:44:33.448+0000][1][safepoint    ] Entering safepoint region: Cleanup
[2019-06-24T10:44:33.449+0000][1][safepoint    ] Leaving safepoint region
[2019-06-24T10:44:33.449+0000][1][safepoint    ] Total time for which application threads were stopped: 0.0002908 seconds, Stopping threads took: 0.0000729 seconds
[2019-06-24T10:44:34.449+0000][1][safepoint    ] Application time: 1.0001415 seconds
[2019-06-24T10:44:34.449+0000][1][safepoint    ] Entering safepoint region: Cleanup
[2019-06-24T10:44:34.449+0000][1][safepoint    ] Leaving safepoint region
[2019-06-24T10:44:34.449+0000][1][safepoint    ] Total time for which application threads were stopped: 0.0003559 seconds, Stopping threads took: 0.0000830 seconds
[2019-06-24T10:44:35.449+0000][1][safepoint    ] Application time: 1.0001541 seconds
[2019-06-24T10:44:35.450+0000][1][safepoint    ] Entering safepoint region: Cleanup
[2019-06-24T10:44:35.450+0000][1][safepoint    ] Leaving safepoint region
[2019-06-24T10:44:35.450+0000][1][safepoint    ] Total time for which application threads were stopped: 0.0003999 seconds, Stopping threads took: 0.0000965 seconds
[2019-06-24T10:44:36.450+0000][1][safepoint    ] Application time: 1.0001871 seconds
[2019-06-24T10:44:36.450+0000][1][safepoint    ] Entering safepoint region: Cleanup
[2019-06-24T10:44:36.451+0000][1][safepoint    ] Leaving safepoint region
[2019-06-24T10:44:36.451+0000][1][safepoint    ] Total time for which application threads were stopped: 0.0003696 seconds, Stopping threads took: 0.0000761 seconds
[2019-06-24T10:44:37.451+0000][1][safepoint    ] Application time: 1.0001997 seconds
[2019-06-24T10:44:37.451+0000][1][safepoint    ] Entering safepoint region: Cleanup
[2019-06-24T10:44:37.451+0000][1][safepoint    ] Leaving safepoint region
[2019-06-24T10:44:37.451+0000][1][safepoint    ] Total time for which application threads were stopped: 0.0003034 seconds, Stopping threads took: 0.0000786 seconds
[2019-06-24T10:44:38.452+0000][1][safepoint    ] Application time: 1.0001726 seconds
[2019-06-24T10:44:38.452+0000][1][safepoint    ] Entering safepoint region: Cleanup
[2019-06-24T10:44:38.452+0000][1][safepoint    ] Leaving safepoint region
[2019-06-24T10:44:38.452+0000][1][safepoint    ] Total time for which application threads were stopped: 0.0002840 seconds, Stopping threads took: 0.0000697 seconds
[2019-06-24T10:44:39.452+0000][1][safepoint    ] Application time: 1.0002370 seconds
[2019-06-24T10:44:39.452+0000][1][safepoint    ] Entering safepoint region: Cleanup
[2019-06-24T10:44:39.453+0000][1][safepoint    ] Leaving safepoint region
[2019-06-24T10:44:39.453+0000][1][safepoint    ] Total time for which application threads were stopped: 0.0003190 seconds, Stopping threads took: 0.0001061 seconds
[2019-06-24T10:44:40.453+0000][1][safepoint    ] Application time: 1.0001268 seconds
[2019-06-24T10:44:40.453+0000][1][safepoint    ] Entering safepoint region: Cleanup
[2019-06-24T10:44:40.453+0000][1][safepoint    ] Leaving safepoint region
[2019-06-24T10:44:40.453+0000][1][safepoint    ] Total time for which application threads were stopped: 0.0002525 seconds, Stopping threads took: 0.0000561 seconds
[2019-06-24T10:44:41.453+0000][1][safepoint    ] Application time: 1.0001364 seconds
[2019-06-24T10:44:41.453+0000][1][safepoint    ] Entering safepoint region: Cleanup
[2019-06-24T10:44:41.453+0000][1][safepoint    ] Leaving safepoint region
[2019-06-24T10:44:41.453+0000][1][safepoint    ] Total time for which application threads were stopped: 0.0001091 seconds, Stopping threads took: 0.0000284 seconds
[2019-06-24T10:44:42.454+0000][1][safepoint    ] Application time: 1.0002542 seconds
[2019-06-24T10:44:42.454+0000][1][safepoint    ] Entering safepoint region: Cleanup
[2019-06-24T10:44:42.454+0000][1][safepoint    ] Leaving safepoint region
[2019-06-24T10:44:42.454+0000][1][safepoint    ] Total time for which application threads were stopped: 0.0003084 seconds, Stopping threads took: 0.0001003 seconds
[2019-06-24T10:44:43.454+0000][1][safepoint    ] Application time: 1.0002445 seconds
[2019-06-24T10:44:43.455+0000][1][safepoint    ] Entering safepoint region: Cleanup
[2019-06-24T10:44:43.455+0000][1][safepoint    ] Leaving safepoint region
[2019-06-24T10:44:43.455+0000][1][safepoint    ] Total time for which application threads were stopped: 0.0002960 seconds, Stopping threads took: 0.0000849 seconds
[2019-06-24T10:44:44.455+0000][1][safepoint    ] Application time: 1.0002746 seconds
[2019-06-24T10:44:44.455+0000][1][safepoint    ] Entering safepoint region: Cleanup
[2019-06-24T10:44:44.456+0000][1][safepoint    ] Leaving safepoint region
[2019-06-24T10:44:44.456+0000][1][safepoint    ] Total time for which application threads were stopped: 0.0002932 seconds, Stopping threads took: 0.0000729 seconds
[2019-06-24T10:44:45.456+0000][1][safepoint    ] Application time: 1.0001954 seconds
[2019-06-24T10:44:45.456+0000][1][safepoint    ] Entering safepoint region: Cleanup
[2019-06-24T10:44:45.456+0000][1][safepoint    ] Leaving safepoint region
[2019-06-24T10:44:45.456+0000][1][safepoint    ] Total time for which application threads were stopped: 0.0002803 seconds, Stopping threads took: 0.0000744 seconds
[2019-06-24T10:44:46.456+0000][1][safepoint    ] Application time: 1.0002699 seconds
[2019-06-24T10:44:46.457+0000][1][safepoint    ] Entering safepoint region: Cleanup
[2019-06-24T10:44:46.457+0000][1][safepoint    ] Leaving safepoint region
[2019-06-24T10:44:46.457+0000][1][safepoint    ] Total time for which application threads were stopped: 0.0002828 seconds, Stopping threads took: 0.0000737 seconds
[2019-06-24T10:44:47.457+0000][1][safepoint    ] Application time: 1.0001993 seconds
[2019-06-24T10:44:47.457+0000][1][safepoint    ] Entering safepoint region: Cleanup
[2019-06-24T10:44:47.457+0000][1][safepoint    ] Leaving safepoint region
[2019-06-24T10:44:47.458+0000][1][safepoint    ] Total time for which application threads were stopped: 0.0003194 seconds, Stopping threads took: 0.0001092 seconds
[2019-06-24T10:44:48.458+0000][1][safepoint    ] Application time: 1.0002721 seconds
[2019-06-24T10:44:48.458+0000][1][safepoint    ] Entering safepoint region: Cleanup
[2019-06-24T10:44:48.458+0000][1][safepoint    ] Leaving safepoint region
[2019-06-24T10:44:48.458+0000][1][safepoint    ] Total time for which application threads were stopped: 0.0002780 seconds, Stopping threads took: 0.0000713 seconds
[2019-06-24T10:44:49.459+0000][1][safepoint    ] Application time: 1.0003179 seconds
[2019-06-24T10:44:49.459+0000][1][safepoint    ] Entering safepoint region: Cleanup
[2019-06-24T10:44:49.459+0000][1][safepoint    ] Leaving safepoint region
[2019-06-24T10:44:49.459+0000][1][safepoint    ] Total time for which application threads were stopped: 0.0002692 seconds, Stopping threads took: 0.0000729 seconds
[2019-06-24T10:44:50.459+0000][1][safepoint    ] Application time: 1.0001794 seconds
[2019-06-24T10:44:50.459+0000][1][safepoint    ] Entering safepoint region: Cleanup
[2019-06-24T10:44:50.459+0000][1][safepoint    ] Leaving safepoint region
[2019-06-24T10:44:50.460+0000][1][safepoint    ] Total time for which application threads were stopped: 0.0002604 seconds, Stopping threads took: 0.0000645 seconds
[2019-06-24T10:44:51.460+0000][1][safepoint    ] Application time: 1.0002840 seconds
[2019-06-24T10:44:51.460+0000][1][safepoint    ] Entering safepoint region: Cleanup
[2019-06-24T10:44:51.460+0000][1][safepoint    ] Leaving safepoint region
[2019-06-24T10:44:51.460+0000][1][safepoint    ] Total time for which application threads were stopped: 0.0002913 seconds, Stopping threads took: 0.0000715 seconds
[2019-06-24T10:44:52.461+0000][1][safepoint    ] Application time: 1.0002924 seconds
[2019-06-24T10:44:52.461+0000][1][safepoint    ] Entering safepoint region: Cleanup
[2019-06-24T10:44:52.461+0000][1][safepoint    ] Leaving safepoint region
[2019-06-24T10:44:52.461+0000][1][safepoint    ] Total time for which application threads were stopped: 0.0003559 seconds, Stopping threads took: 0.0000724 seconds
[2019-06-24T10:44:52.711+0000][1][safepoint    ] Application time: 0.2497020 seconds
[2019-06-24T10:44:52.711+0000][1][safepoint    ] Entering safepoint region: RevokeBias
[2019-06-24T10:44:52.711+0000][1][safepoint    ] Leaving safepoint region
[2019-06-24T10:44:52.711+0000][1][safepoint    ] Total time for which application threads were stopped: 0.0002519 seconds, Stopping threads took: 0.0000501 seconds
[2019-06-24T10:44:52.712+0000][1][safepoint    ] Application time: 0.0007243 seconds
[2019-06-24T10:44:52.712+0000][1][safepoint    ] Entering safepoint region: RevokeBias
[2019-06-24T10:44:52.712+0000][1][safepoint    ] Leaving safepoint region
[2019-06-24T10:44:52.712+0000][1][safepoint    ] Total time for which application threads were stopped: 0.0001565 seconds, Stopping threads took: 0.0000352 seconds
[2019-06-24T10:44:52.727+0000][1][safepoint    ] Application time: 0.0153194 seconds
[2019-06-24T10:44:52.727+0000][1][safepoint    ] Entering safepoint region: RevokeBias
[2019-06-24T10:44:52.728+0000][1][safepoint    ] Leaving safepoint region
[2019-06-24T10:44:52.728+0000][1][safepoint    ] Total time for which application threads were stopped: 0.0001984 seconds, Stopping threads took: 0.0000663 seconds
[2019-06-24T10:44:52.728+0000][1][safepoint    ] Application time: 0.0001330 seconds
[2019-06-24T10:44:52.728+0000][1][safepoint    ] Entering safepoint region: RevokeBias
[2019-06-24T10:44:52.728+0000][1][safepoint    ] Leaving safepoint region
[2019-06-24T10:44:52.728+0000][1][safepoint    ] Total time for which application threads were stopped: 0.0001797 seconds, Stopping threads took: 0.0000720 seconds
[2019-06-24T10:44:52.729+0000][1][safepoint    ] Application time: 0.0015668 seconds
[2019-06-24T10:44:52.730+0000][1][safepoint    ] Entering safepoint region: RevokeBias
[2019-06-24T10:44:52.730+0000][1][safepoint    ] Leaving safepoint region
[2019-06-24T10:44:52.730+0000][1][safepoint    ] Total time for which application threads were stopped: 0.0002497 seconds, Stopping threads took: 0.0001144 seconds
[2019-06-24T10:44:52.731+0000][1][safepoint    ] Application time: 0.0011177 seconds
[2019-06-24T10:44:52.731+0000][1][safepoint    ] Entering safepoint region: RevokeBias
[2019-06-24T10:44:52.731+0000][1][safepoint    ] Leaving safepoint region
[2019-06-24T10:44:52.731+0000][1][safepoint    ] Total time for which application threads were stopped: 0.0005685 seconds, Stopping threads took: 0.0004042 seconds
[2019-06-24T10:44:52.733+0000][1][safepoint    ] Application time: 0.0015256 seconds
[2019-06-24T10:44:52.733+0000][1][safepoint    ] Entering safepoint region: BulkRevokeBias
[2019-06-24T10:44:52.734+0000][1][safepoint    ] Leaving safepoint region
[2019-06-24T10:44:52.734+0000][1][safepoint    ] Total time for which application threads were stopped: 0.0005475 seconds, Stopping threads took: 0.0000338 seconds
[2019-06-24T10:44:52.767+0000][1][safepoint    ] Application time: 0.0332016 seconds
[2019-06-24T10:44:52.767+0000][1][safepoint    ] Entering safepoint region: RevokeBias
[2019-06-24T10:44:52.767+0000][1][safepoint    ] Leaving safepoint region
[2019-06-24T10:44:52.767+0000][1][safepoint    ] Total time for which application threads were stopped: 0.0002602 seconds, Stopping threads took: 0.0000755 seconds
[2019-06-24T10:44:52.771+0000][1][safepoint    ] Application time: 0.0042800 seconds
[2019-06-24T10:44:52.779+0000][1][safepoint    ] Entering safepoint region: RevokeBias
[2019-06-24T10:44:52.779+0000][1][safepoint    ] Leaving safepoint region
[2019-06-24T10:44:52.779+0000][1][safepoint    ] Total time for which application threads were stopped: 0.0077754 seconds, Stopping threads took: 0.0076094 seconds
[2019-06-24T10:44:52.779+0000][1][safepoint    ] Application time: 0.0001643 seconds
[2019-06-24T10:44:52.779+0000][1][safepoint    ] Entering safepoint region: RevokeBias
[2019-06-24T10:44:52.780+0000][1][safepoint    ] Leaving safepoint region
[2019-06-24T10:44:52.780+0000][1][safepoint    ] Total time for which application threads were stopped: 0.0001501 seconds, Stopping threads took: 0.0000612 seconds
[2019-06-24T10:44:52.787+0000][1][safepoint    ] Application time: 0.0070211 seconds
[2019-06-24T10:44:52.787+0000][1][safepoint    ] Entering safepoint region: RevokeBias
[2019-06-24T10:44:52.787+0000][1][safepoint    ] Leaving safepoint region
[2019-06-24T10:44:52.787+0000][1][safepoint    ] Total time for which application threads were stopped: 0.0001215 seconds, Stopping threads took: 0.0000234 seconds
[2019-06-24T10:44:52.787+0000][1][safepoint    ] Application time: 0.0005351 seconds
[2019-06-24T10:44:52.787+0000][1][safepoint    ] Entering safepoint region: RevokeBias
[2019-06-24T10:44:52.787+0000][1][safepoint    ] Leaving safepoint region
[2019-06-24T10:44:52.787+0000][1][safepoint    ] Total time for which application threads were stopped: 0.0001571 seconds, Stopping threads took: 0.0000638 seconds
[2019-06-24T10:44:52.788+0000][1][safepoint    ] Application time: 0.0000810 seconds
[2019-06-24T10:44:52.788+0000][1][safepoint    ] Entering safepoint region: RevokeBias
[2019-06-24T10:44:52.788+0000][1][safepoint    ] Leaving safepoint region
[2019-06-24T10:44:52.788+0000][1][safepoint    ] Total time for which application threads were stopped: 0.0001437 seconds, Stopping threads took: 0.0000629 seconds
[2019-06-24T10:44:52.788+0000][1][safepoint    ] Application time: 0.0000714 seconds
[2019-06-24T10:44:52.788+0000][1][safepoint    ] Entering safepoint region: RevokeBias
[2019-06-24T10:44:52.788+0000][1][safepoint    ] Leaving safepoint region
[2019-06-24T10:44:52.788+0000][1][safepoint    ] Total time for which application threads were stopped: 0.0001276 seconds, Stopping threads took: 0.0000580 seconds
[2019-06-24T10:44:52.788+0000][1][safepoint    ] Application time: 0.0001931 seconds
[2019-06-24T10:44:52.788+0000][1][safepoint    ] Entering safepoint region: RevokeBias
[2019-06-24T10:44:52.788+0000][1][safepoint    ] Leaving safepoint region
[2019-06-24T10:44:52.788+0000][1][safepoint    ] Total time for which application threads were stopped: 0.0001265 seconds, Stopping threads took: 0.0000438 seconds
[2019-06-24T10:44:52.789+0000][1][safepoint    ] Application time: 0.0003662 seconds
[2019-06-24T10:44:52.789+0000][1][safepoint    ] Entering safepoint region: RevokeBias
[2019-06-24T10:44:52.789+0000][1][safepoint    ] Leaving safepoint region
[2019-06-24T10:44:52.789+0000][1][safepoint    ] Total time for which application threads were stopped: 0.0001219 seconds, Stopping threads took: 0.0000679 seconds
[2019-06-24T10:44:52.791+0000][1][safepoint    ] Application time: 0.0019293 seconds
[2019-06-24T10:44:52.791+0000][1][safepoint    ] Entering safepoint region: RevokeBias
[2019-06-24T10:44:52.791+0000][1][safepoint    ] Leaving safepoint region
[2019-06-24T10:44:52.791+0000][1][safepoint    ] Total time for which application threads were stopped: 0.0002047 seconds, Stopping threads took: 0.0001035 seconds
[2019-06-24T10:44:52.798+0000][1][safepoint    ] Application time: 0.0069121 seconds
[2019-06-24T10:44:52.798+0000][1][safepoint    ] Entering safepoint region: RevokeBias
[2019-06-24T10:44:52.798+0000][1][safepoint    ] Leaving safepoint region
[2019-06-24T10:44:52.798+0000][1][safepoint    ] Total time for which application threads were stopped: 0.0001780 seconds, Stopping threads took: 0.0000775 seconds
[2019-06-24T10:44:52.801+0000][1][safepoint    ] Application time: 0.0023634 seconds
[2019-06-24T10:44:52.801+0000][1][safepoint    ] Entering safepoint region: RevokeBias
[2019-06-24T10:44:52.801+0000][1][safepoint    ] Leaving safepoint region
[2019-06-24T10:44:52.801+0000][1][safepoint    ] Total time for which application threads were stopped: 0.0001125 seconds, Stopping threads took: 0.0000258 seconds
[2019-06-24T10:44:52.801+0000][1][safepoint    ] Application time: 0.0001077 seconds
[2019-06-24T10:44:52.801+0000][1][safepoint    ] Entering safepoint region: RevokeBias
[2019-06-24T10:44:52.801+0000][1][safepoint    ] Leaving safepoint region
[2019-06-24T10:44:52.801+0000][1][safepoint    ] Total time for which application threads were stopped: 0.0001922 seconds, Stopping threads took: 0.0000984 seconds
[2019-06-24T10:44:52.801+0000][1][safepoint    ] Application time: 0.0000962 seconds
[2019-06-24T10:44:52.801+0000][1][safepoint    ] Entering safepoint region: RevokeBias
[2019-06-24T10:44:52.801+0000][1][safepoint    ] Leaving safepoint region
[2019-06-24T10:44:52.801+0000][1][safepoint    ] Total time for which application threads were stopped: 0.0001065 seconds, Stopping threads took: 0.0000340 seconds
[2019-06-24T10:44:52.802+0000][1][safepoint    ] Application time: 0.0004498 seconds
[2019-06-24T10:44:52.802+0000][1][safepoint    ] Entering safepoint region: RevokeBias
[2019-06-24T10:44:52.802+0000][1][safepoint    ] Leaving safepoint region
[2019-06-24T10:44:52.802+0000][1][safepoint    ] Total time for which application threads were stopped: 0.0001694 seconds, Stopping threads took: 0.0000920 seconds
[2019-06-24T10:44:52.804+0000][1][safepoint    ] Application time: 0.0017073 seconds
[2019-06-24T10:44:52.809+0000][1][safepoint    ] Entering safepoint region: RevokeBias
[2019-06-24T10:44:52.809+0000][1][safepoint    ] Leaving safepoint region
[2019-06-24T10:44:52.809+0000][1][safepoint    ] Total time for which application threads were stopped: 0.0053744 seconds, Stopping threads took: 0.0052001 seconds
[2019-06-24T10:44:52.810+0000][1][safepoint    ] Application time: 0.0002773 seconds
[2019-06-24T10:44:52.810+0000][1][safepoint    ] Entering safepoint region: RevokeBias
[2019-06-24T10:44:52.810+0000][1][safepoint    ] Leaving safepoint region
[2019-06-24T10:44:52.810+0000][1][safepoint    ] Total time for which application threads were stopped: 0.0001434 seconds, Stopping threads took: 0.0000654 seconds
[2019-06-24T10:44:52.810+0000][1][safepoint    ] Application time: 0.0000993 seconds
[2019-06-24T10:44:52.810+0000][1][safepoint    ] Entering safepoint region: RevokeBias
[2019-06-24T10:44:52.810+0000][1][safepoint    ] Leaving safepoint region
[2019-06-24T10:44:52.810+0000][1][safepoint    ] Total time for which application threads were stopped: 0.0002431 seconds, Stopping threads took: 0.0001354 seconds
[2019-06-24T10:44:52.811+0000][1][safepoint    ] Application time: 0.0006827 seconds
[2019-06-24T10:44:52.811+0000][1][safepoint    ] Entering safepoint region: RevokeBias
[2019-06-24T10:44:52.811+0000][1][safepoint    ] Leaving safepoint region
[2019-06-24T10:44:52.811+0000][1][safepoint    ] Total time for which application threads were stopped: 0.0002093 seconds, Stopping threads took: 0.0000727 seconds
[2019-06-24T10:44:52.818+0000][1][safepoint    ] Application time: 0.0073303 seconds
[2019-06-24T10:44:52.819+0000][1][safepoint    ] Entering safepoint region: RevokeBias
[2019-06-24T10:44:52.820+0000][1][safepoint    ] Leaving safepoint region
[2019-06-24T10:44:52.820+0000][1][safepoint    ] Total time for which application threads were stopped: 0.0011892 seconds, Stopping threads took: 0.0009574 seconds
[2019-06-24T10:44:52.824+0000][1][safepoint    ] Application time: 0.0043384 seconds
[2019-06-24T10:44:52.824+0000][1][safepoint    ] Entering safepoint region: BulkRevokeBias
[2019-06-24T10:44:52.825+0000][1][safepoint    ] Leaving safepoint region
[2019-06-24T10:44:52.825+0000][1][safepoint    ] Total time for which application threads were stopped: 0.0008309 seconds, Stopping threads took: 0.0000569 seconds
[2019-06-24T10:44:52.833+0000][1][safepoint    ] Application time: 0.0082707 seconds
[2019-06-24T10:44:52.833+0000][1][safepoint    ] Entering safepoint region: RevokeBias
[2019-06-24T10:44:52.833+0000][1][safepoint    ] Leaving safepoint region
[2019-06-24T10:44:52.833+0000][1][safepoint    ] Total time for which application threads were stopped: 0.0001915 seconds, Stopping threads took: 0.0000314 seconds
[2019-06-24T10:44:52.860+0000][1][safepoint    ] Application time: 0.0268263 seconds
[2019-06-24T10:44:52.861+0000][1][safepoint    ] Entering safepoint region: RevokeBias
[2019-06-24T10:44:52.861+0000][1][safepoint    ] Leaving safepoint region
[2019-06-24T10:44:52.861+0000][1][safepoint    ] Total time for which application threads were stopped: 0.0004628 seconds, Stopping threads took: 0.0003730 seconds
[2019-06-24T10:44:52.861+0000][1][safepoint    ] Application time: 0.0006616 seconds
[2019-06-24T10:44:52.861+0000][1][safepoint    ] Entering safepoint region: RevokeBias
[2019-06-24T10:44:52.861+0000][1][safepoint    ] Leaving safepoint region
[2019-06-24T10:44:52.861+0000][1][safepoint    ] Total time for which application threads were stopped: 0.0000905 seconds, Stopping threads took: 0.0000281 seconds
[2019-06-24T10:44:52.874+0000][1][safepoint    ] Application time: 0.0122493 seconds
[2019-06-24T10:44:52.874+0000][1][safepoint    ] Entering safepoint region: RevokeBias
[2019-06-24T10:44:52.874+0000][1][safepoint    ] Leaving safepoint region
[2019-06-24T10:44:52.874+0000][1][safepoint    ] Total time for which application threads were stopped: 0.0000811 seconds, Stopping threads took: 0.0000184 seconds
[2019-06-24T10:44:52.874+0000][1][safepoint    ] Application time: 0.0005672 seconds
[2019-06-24T10:44:52.875+0000][1][safepoint    ] Entering safepoint region: RevokeBias
[2019-06-24T10:44:52.875+0000][1][safepoint    ] Leaving safepoint region
[2019-06-24T10:44:52.875+0000][1][safepoint    ] Total time for which application threads were stopped: 0.0000872 seconds, Stopping threads took: 0.0000254 seconds
[2019-06-24T10:44:52.878+0000][1][safepoint    ] Application time: 0.0029645 seconds
[2019-06-24T10:44:52.878+0000][1][safepoint    ] Entering safepoint region: RevokeBias
[2019-06-24T10:44:52.878+0000][1][safepoint    ] Leaving safepoint region
[2019-06-24T10:44:52.878+0000][1][safepoint    ] Total time for which application threads were stopped: 0.0000909 seconds, Stopping threads took: 0.0000192 seconds
[2019-06-24T10:44:52.880+0000][1][safepoint    ] Application time: 0.0017628 seconds
[2019-06-24T10:44:52.880+0000][1][safepoint    ] Entering safepoint region: RevokeBias
[2019-06-24T10:44:52.880+0000][1][safepoint    ] Leaving safepoint region
[2019-06-24T10:44:52.880+0000][1][safepoint    ] Total time for which application threads were stopped: 0.0000984 seconds, Stopping threads took: 0.0000310 seconds
[2019-06-24T10:44:52.880+0000][1][safepoint    ] Application time: 0.0002726 seconds
[2019-06-24T10:44:52.880+0000][1][safepoint    ] Entering safepoint region: RevokeBias
[2019-06-24T10:44:52.880+0000][1][safepoint    ] Leaving safepoint region
[2019-06-24T10:44:52.880+0000][1][safepoint    ] Total time for which application threads were stopped: 0.0001022 seconds, Stopping threads took: 0.0000520 seconds
[2019-06-24T10:44:52.884+0000][1][safepoint    ] Application time: 0.0039256 seconds
[2019-06-24T10:44:52.884+0000][1][safepoint    ] Entering safepoint region: RevokeBias
[2019-06-24T10:44:52.884+0000][1][safepoint    ] Leaving safepoint region
[2019-06-24T10:44:52.884+0000][1][safepoint    ] Total time for which application threads were stopped: 0.0000573 seconds, Stopping threads took: 0.0000178 seconds
[2019-06-24T10:44:52.884+0000][1][safepoint    ] Application time: 0.0001719 seconds
[2019-06-24T10:44:52.884+0000][1][safepoint    ] Entering safepoint region: RevokeBias
[2019-06-24T10:44:52.884+0000][1][safepoint    ] Leaving safepoint region
[2019-06-24T10:44:52.884+0000][1][safepoint    ] Total time for which application threads were stopped: 0.0000447 seconds, Stopping threads took: 0.0000123 seconds
[2019-06-24T10:44:52.888+0000][1][safepoint    ] Application time: 0.0040338 seconds
[2019-06-24T10:44:52.888+0000][1][safepoint    ] Entering safepoint region: RevokeBias
[2019-06-24T10:44:52.889+0000][1][safepoint    ] Leaving safepoint region
[2019-06-24T10:44:52.889+0000][1][safepoint    ] Total time for which application threads were stopped: 0.0001489 seconds, Stopping threads took: 0.0000599 seconds
[2019-06-24T10:44:52.895+0000][1][gc,heap,exit ] Heap
[2019-06-24T10:44:52.895+0000][1][gc,heap,exit ]  par new generation   total 78656K, used 33618K [0x00000000f0000000, 0x00000000f5550000, 0x00000000f5550000)
[2019-06-24T10:44:52.895+0000][1][gc,heap,exit ]   eden space 69952K,  48% used [0x00000000f0000000, 0x00000000f20d1888, 0x00000000f4450000)
[2019-06-24T10:44:52.895+0000][1][gc,heap,exit ]   from space 8704K,   0% used [0x00000000f4450000, 0x00000000f4453060, 0x00000000f4cd0000)
[2019-06-24T10:44:52.895+0000][1][gc,heap,exit ]   to   space 8704K,   0% used [0x00000000f4cd0000, 0x00000000f4cd0000, 0x00000000f5550000)
[2019-06-24T10:44:52.895+0000][1][gc,heap,exit ]  concurrent mark-sweep generation total 174784K, used 70595K [0x00000000f5550000, 0x0000000100000000, 0x0000000100000000)
[2019-06-24T10:44:52.895+0000][1][gc,heap,exit ]  Metaspace       used 70757K, capacity 75895K, committed 76124K, reserved 1114112K
[2019-06-24T10:44:52.895+0000][1][gc,heap,exit ]   class space    used 9472K, capacity 11605K, committed 11628K, reserved 1048576K
[2019-06-24T10:44:52.895+0000][1][safepoint    ] Application time: 0.0066247 seconds
[2019-06-24T10:44:52.895+0000][1][safepoint    ] Entering safepoint region: Exit
