[2019-06-24T08:44:49.575+0000][1][gc] Using Concurrent Mark Sweep
[2019-06-24T08:44:49.575+0000][1][gc,heap,coops] Heap address: 0x00000000f0000000, size: 256 MB, Compressed Oops mode: 32-bit
[2019-06-24T08:44:49.617+0000][1][safepoint    ] Entering safepoint region: EnableBiasedLocking
[2019-06-24T08:44:49.617+0000][1][safepoint    ] Leaving safepoint region
[2019-06-24T08:44:49.617+0000][1][safepoint    ] Total time for which application threads were stopped: 0.0001199 seconds, Stopping threads took: 0.0000485 seconds
[2019-06-24T08:44:49.619+0000][1][safepoint    ] Application time: 0.0023189 seconds
[2019-06-24T08:44:49.619+0000][1][safepoint    ] Entering safepoint region: RevokeBias
[2019-06-24T08:44:49.619+0000][1][safepoint    ] Leaving safepoint region
[2019-06-24T08:44:49.619+0000][1][safepoint    ] Total time for which application threads were stopped: 0.0000697 seconds, Stopping threads took: 0.0000181 seconds
[2019-06-24T08:44:49.627+0000][1][safepoint    ] Application time: 0.0073492 seconds
[2019-06-24T08:44:49.627+0000][1][safepoint    ] Entering safepoint region: Deoptimize
[2019-06-24T08:44:49.627+0000][1][safepoint    ] Leaving safepoint region
[2019-06-24T08:44:49.627+0000][1][safepoint    ] Total time for which application threads were stopped: 0.0000600 seconds, Stopping threads took: 0.0000129 seconds
[2019-06-24T08:44:49.720+0000][1][safepoint    ] Application time: 0.0930516 seconds
[2019-06-24T08:44:49.720+0000][1][safepoint    ] Entering safepoint region: RevokeBias
[2019-06-24T08:44:49.720+0000][1][safepoint    ] Leaving safepoint region
[2019-06-24T08:44:49.720+0000][1][safepoint    ] Total time for which application threads were stopped: 0.0000852 seconds, Stopping threads took: 0.0000138 seconds
[2019-06-24T08:44:49.744+0000][1][safepoint    ] Application time: 0.0238483 seconds
[2019-06-24T08:44:49.744+0000][1][safepoint    ] Entering safepoint region: Deoptimize
[2019-06-24T08:44:49.744+0000][1][safepoint    ] Leaving safepoint region
[2019-06-24T08:44:49.744+0000][1][safepoint    ] Total time for which application threads were stopped: 0.0000898 seconds, Stopping threads took: 0.0000134 seconds
[2019-06-24T08:44:49.968+0000][1][safepoint    ] Application time: 0.2245298 seconds
[2019-06-24T08:44:49.968+0000][1][safepoint    ] Entering safepoint region: Deoptimize
[2019-06-24T08:44:49.969+0000][1][safepoint    ] Leaving safepoint region
[2019-06-24T08:44:49.969+0000][1][safepoint    ] Total time for which application threads were stopped: 0.0001625 seconds, Stopping threads took: 0.0000133 seconds
[2019-06-24T08:44:49.981+0000][1][safepoint    ] Application time: 0.0127380 seconds
[2019-06-24T08:44:49.981+0000][1][safepoint    ] Entering safepoint region: Deoptimize
[2019-06-24T08:44:49.982+0000][1][safepoint    ] Leaving safepoint region
[2019-06-24T08:44:49.982+0000][1][safepoint    ] Total time for which application threads were stopped: 0.0001113 seconds, Stopping threads took: 0.0000113 seconds
[2019-06-24T08:44:50.019+0000][1][safepoint    ] Application time: 0.0370620 seconds
[2019-06-24T08:44:50.019+0000][1][safepoint    ] Entering safepoint region: Deoptimize
[2019-06-24T08:44:50.019+0000][1][safepoint    ] Leaving safepoint region
[2019-06-24T08:44:50.019+0000][1][safepoint    ] Total time for which application threads were stopped: 0.0001377 seconds, Stopping threads took: 0.0000117 seconds
[2019-06-24T08:44:50.028+0000][1][safepoint    ] Application time: 0.0091611 seconds
[2019-06-24T08:44:50.028+0000][1][safepoint    ] Entering safepoint region: Deoptimize
[2019-06-24T08:44:50.028+0000][1][safepoint    ] Leaving safepoint region
[2019-06-24T08:44:50.028+0000][1][safepoint    ] Total time for which application threads were stopped: 0.0000941 seconds, Stopping threads took: 0.0000083 seconds
[2019-06-24T08:44:50.368+0000][1][safepoint    ] Application time: 0.3403985 seconds
[2019-06-24T08:44:50.369+0000][1][safepoint    ] Entering safepoint region: Deoptimize
[2019-06-24T08:44:50.369+0000][1][safepoint    ] Leaving safepoint region
[2019-06-24T08:44:50.369+0000][1][safepoint    ] Total time for which application threads were stopped: 0.0002621 seconds, Stopping threads took: 0.0000102 seconds
[2019-06-24T08:44:50.585+0000][1][safepoint    ] Application time: 0.2164442 seconds
[2019-06-24T08:44:50.585+0000][1][safepoint    ] Entering safepoint region: RevokeBias
[2019-06-24T08:44:50.585+0000][1][safepoint    ] Leaving safepoint region
[2019-06-24T08:44:50.585+0000][1][safepoint    ] Total time for which application threads were stopped: 0.0001627 seconds, Stopping threads took: 0.0000149 seconds
[2019-06-24T08:44:50.681+0000][1][safepoint    ] Application time: 0.0951797 seconds
[2019-06-24T08:44:50.681+0000][1][safepoint    ] Entering safepoint region: Deoptimize
[2019-06-24T08:44:50.681+0000][1][safepoint    ] Leaving safepoint region
[2019-06-24T08:44:50.681+0000][1][safepoint    ] Total time for which application threads were stopped: 0.0001559 seconds, Stopping threads took: 0.0000083 seconds
[2019-06-24T08:44:50.769+0000][1][safepoint    ] Application time: 0.0885394 seconds
[2019-06-24T08:44:50.769+0000][1][safepoint    ] Entering safepoint region: Deoptimize
[2019-06-24T08:44:50.770+0000][1][safepoint    ] Leaving safepoint region
[2019-06-24T08:44:50.770+0000][1][safepoint    ] Total time for which application threads were stopped: 0.0001791 seconds, Stopping threads took: 0.0000096 seconds
[2019-06-24T08:44:50.770+0000][1][safepoint    ] Application time: 0.0001303 seconds
[2019-06-24T08:44:50.770+0000][1][safepoint    ] Entering safepoint region: Deoptimize
[2019-06-24T08:44:50.770+0000][1][safepoint    ] Leaving safepoint region
[2019-06-24T08:44:50.770+0000][1][safepoint    ] Total time for which application threads were stopped: 0.0001073 seconds, Stopping threads took: 0.0000074 seconds
[2019-06-24T08:44:50.792+0000][1][safepoint    ] Application time: 0.0220135 seconds
[2019-06-24T08:44:50.792+0000][1][safepoint    ] Entering safepoint region: Deoptimize
[2019-06-24T08:44:50.792+0000][1][safepoint    ] Leaving safepoint region
[2019-06-24T08:44:50.792+0000][1][safepoint    ] Total time for which application threads were stopped: 0.0001851 seconds, Stopping threads took: 0.0000103 seconds
[2019-06-24T08:44:50.797+0000][1][safepoint    ] Application time: 0.0049992 seconds
[2019-06-24T08:44:50.797+0000][1][safepoint    ] Entering safepoint region: RevokeBias
[2019-06-24T08:44:50.797+0000][1][safepoint    ] Leaving safepoint region
[2019-06-24T08:44:50.797+0000][1][safepoint    ] Total time for which application threads were stopped: 0.0000511 seconds, Stopping threads took: 0.0000177 seconds
[2019-06-24T08:44:50.797+0000][1][safepoint    ] Application time: 0.0001624 seconds
[2019-06-24T08:44:50.797+0000][1][safepoint    ] Entering safepoint region: RevokeBias
[2019-06-24T08:44:50.797+0000][1][safepoint    ] Leaving safepoint region
[2019-06-24T08:44:50.797+0000][1][safepoint    ] Total time for which application threads were stopped: 0.0000432 seconds, Stopping threads took: 0.0000174 seconds
[2019-06-24T08:44:50.798+0000][1][safepoint    ] Application time: 0.0001452 seconds
[2019-06-24T08:44:50.798+0000][1][safepoint    ] Entering safepoint region: RevokeBias
[2019-06-24T08:44:50.798+0000][1][safepoint    ] Leaving safepoint region
[2019-06-24T08:44:50.798+0000][1][safepoint    ] Total time for which application threads were stopped: 0.0000426 seconds, Stopping threads took: 0.0000173 seconds
[2019-06-24T08:44:50.798+0000][1][safepoint    ] Application time: 0.0002068 seconds
[2019-06-24T08:44:50.798+0000][1][safepoint    ] Entering safepoint region: RevokeBias
[2019-06-24T08:44:50.798+0000][1][safepoint    ] Leaving safepoint region
[2019-06-24T08:44:50.798+0000][1][safepoint    ] Total time for which application threads were stopped: 0.0000567 seconds, Stopping threads took: 0.0000284 seconds
[2019-06-24T08:44:50.798+0000][1][safepoint    ] Application time: 0.0003197 seconds
[2019-06-24T08:44:50.798+0000][1][safepoint    ] Entering safepoint region: RevokeBias
[2019-06-24T08:44:50.798+0000][1][safepoint    ] Leaving safepoint region
[2019-06-24T08:44:50.798+0000][1][safepoint    ] Total time for which application threads were stopped: 0.0000490 seconds, Stopping threads took: 0.0000172 seconds
[2019-06-24T08:44:50.799+0000][1][safepoint    ] Application time: 0.0009271 seconds
[2019-06-24T08:44:50.799+0000][1][safepoint    ] Entering safepoint region: RevokeBias
[2019-06-24T08:44:50.799+0000][1][safepoint    ] Leaving safepoint region
[2019-06-24T08:44:50.799+0000][1][safepoint    ] Total time for which application threads were stopped: 0.0000268 seconds, Stopping threads took: 0.0000074 seconds
[2019-06-24T08:44:50.881+0000][1][safepoint    ] Application time: 0.0814110 seconds
[2019-06-24T08:44:50.881+0000][1][safepoint    ] Entering safepoint region: GenCollectForAllocation
[2019-06-24T08:44:50.881+0000][1][gc,start     ] GC(0) Pause Young (Allocation Failure)
[2019-06-24T08:44:50.881+0000][1][gc,task      ] GC(0) Using 5 workers of 8 for evacuation
[2019-06-24T08:44:50.886+0000][1][gc,age       ] GC(0) Desired survivor size 4456448 bytes, new threshold 1 (max threshold 6)
[2019-06-24T08:44:50.886+0000][1][gc,age       ] GC(0) Age table with threshold 1 (max threshold 6)
[2019-06-24T08:44:50.886+0000][1][gc,age       ] GC(0) - age   1:    7816664 bytes,    7816664 total
[2019-06-24T08:44:50.886+0000][1][gc,heap      ] GC(0) ParNew: 69952K->7738K(78656K)
[2019-06-24T08:44:50.886+0000][1][gc,heap      ] GC(0) CMS: 0K->0K(174784K)
[2019-06-24T08:44:50.886+0000][1][gc,metaspace ] GC(0) Metaspace: 12037K->12037K(1060864K)
[2019-06-24T08:44:50.886+0000][1][gc           ] GC(0) Pause Young (Allocation Failure) 68M->7M(247M) 4.998ms
[2019-06-24T08:44:50.886+0000][1][gc,cpu       ] GC(0) User=0.03s Sys=0.00s Real=0.01s
[2019-06-24T08:44:50.886+0000][1][safepoint    ] Leaving safepoint region
[2019-06-24T08:44:50.886+0000][1][safepoint    ] Total time for which application threads were stopped: 0.0051211 seconds, Stopping threads took: 0.0000303 seconds
[2019-06-24T08:44:50.886+0000][1][safepoint    ] Application time: 0.0004092 seconds
[2019-06-24T08:44:50.886+0000][1][safepoint    ] Entering safepoint region: RevokeBias
[2019-06-24T08:44:50.886+0000][1][safepoint    ] Leaving safepoint region
[2019-06-24T08:44:50.886+0000][1][safepoint    ] Total time for which application threads were stopped: 0.0000912 seconds, Stopping threads took: 0.0000502 seconds
[2019-06-24T08:44:50.886+0000][1][safepoint    ] Application time: 0.0000360 seconds
[2019-06-24T08:44:50.886+0000][1][safepoint    ] Entering safepoint region: RevokeBias
[2019-06-24T08:44:50.887+0000][1][safepoint    ] Leaving safepoint region
[2019-06-24T08:44:50.887+0000][1][safepoint    ] Total time for which application threads were stopped: 0.0000973 seconds, Stopping threads took: 0.0000246 seconds
[2019-06-24T08:44:50.887+0000][1][safepoint    ] Application time: 0.0000766 seconds
[2019-06-24T08:44:50.887+0000][1][safepoint    ] Entering safepoint region: RevokeBias
[2019-06-24T08:44:50.887+0000][1][safepoint    ] Leaving safepoint region
[2019-06-24T08:44:50.887+0000][1][safepoint    ] Total time for which application threads were stopped: 0.0000614 seconds, Stopping threads took: 0.0000190 seconds
[2019-06-24T08:44:50.887+0000][1][safepoint    ] Application time: 0.0000359 seconds
[2019-06-24T08:44:50.887+0000][1][safepoint    ] Entering safepoint region: RevokeBias
[2019-06-24T08:44:50.887+0000][1][safepoint    ] Leaving safepoint region
[2019-06-24T08:44:50.887+0000][1][safepoint    ] Total time for which application threads were stopped: 0.0000459 seconds, Stopping threads took: 0.0000230 seconds
[2019-06-24T08:44:50.887+0000][1][safepoint    ] Application time: 0.0000375 seconds
[2019-06-24T08:44:50.887+0000][1][safepoint    ] Entering safepoint region: RevokeBias
[2019-06-24T08:44:50.887+0000][1][safepoint    ] Leaving safepoint region
[2019-06-24T08:44:50.887+0000][1][safepoint    ] Total time for which application threads were stopped: 0.0000273 seconds, Stopping threads took: 0.0000059 seconds
[2019-06-24T08:44:50.887+0000][1][safepoint    ] Application time: 0.0000315 seconds
[2019-06-24T08:44:50.887+0000][1][safepoint    ] Entering safepoint region: RevokeBias
[2019-06-24T08:44:50.887+0000][1][safepoint    ] Leaving safepoint region
[2019-06-24T08:44:50.887+0000][1][safepoint    ] Total time for which application threads were stopped: 0.0000410 seconds, Stopping threads took: 0.0000194 seconds
[2019-06-24T08:44:50.887+0000][1][safepoint    ] Application time: 0.0000363 seconds
[2019-06-24T08:44:50.887+0000][1][safepoint    ] Entering safepoint region: RevokeBias
[2019-06-24T08:44:50.887+0000][1][safepoint    ] Leaving safepoint region
[2019-06-24T08:44:50.887+0000][1][safepoint    ] Total time for which application threads were stopped: 0.0000272 seconds, Stopping threads took: 0.0000058 seconds
[2019-06-24T08:44:50.887+0000][1][safepoint    ] Application time: 0.0000299 seconds
[2019-06-24T08:44:50.887+0000][1][safepoint    ] Entering safepoint region: RevokeBias
[2019-06-24T08:44:50.887+0000][1][safepoint    ] Leaving safepoint region
[2019-06-24T08:44:50.887+0000][1][safepoint    ] Total time for which application threads were stopped: 0.0000316 seconds, Stopping threads took: 0.0000055 seconds
[2019-06-24T08:44:50.887+0000][1][safepoint    ] Application time: 0.0000451 seconds
[2019-06-24T08:44:50.887+0000][1][safepoint    ] Entering safepoint region: RevokeBias
[2019-06-24T08:44:50.887+0000][1][safepoint    ] Leaving safepoint region
[2019-06-24T08:44:50.887+0000][1][safepoint    ] Total time for which application threads were stopped: 0.0000288 seconds, Stopping threads took: 0.0000056 seconds
[2019-06-24T08:44:50.887+0000][1][safepoint    ] Application time: 0.0000296 seconds
[2019-06-24T08:44:50.887+0000][1][safepoint    ] Entering safepoint region: RevokeBias
[2019-06-24T08:44:50.887+0000][1][safepoint    ] Leaving safepoint region
[2019-06-24T08:44:50.887+0000][1][safepoint    ] Total time for which application threads were stopped: 0.0000258 seconds, Stopping threads took: 0.0000054 seconds
[2019-06-24T08:44:50.887+0000][1][safepoint    ] Application time: 0.0000336 seconds
[2019-06-24T08:44:50.887+0000][1][safepoint    ] Entering safepoint region: RevokeBias
[2019-06-24T08:44:50.887+0000][1][safepoint    ] Leaving safepoint region
[2019-06-24T08:44:50.887+0000][1][safepoint    ] Total time for which application threads were stopped: 0.0000437 seconds, Stopping threads took: 0.0000210 seconds
[2019-06-24T08:44:50.887+0000][1][safepoint    ] Application time: 0.0000308 seconds
[2019-06-24T08:44:50.887+0000][1][safepoint    ] Entering safepoint region: RevokeBias
[2019-06-24T08:44:50.887+0000][1][safepoint    ] Leaving safepoint region
[2019-06-24T08:44:50.887+0000][1][safepoint    ] Total time for which application threads were stopped: 0.0001198 seconds, Stopping threads took: 0.0000939 seconds
[2019-06-24T08:44:50.888+0000][1][safepoint    ] Application time: 0.0000541 seconds
[2019-06-24T08:44:50.888+0000][1][safepoint    ] Entering safepoint region: RevokeBias
[2019-06-24T08:44:50.888+0000][1][safepoint    ] Leaving safepoint region
[2019-06-24T08:44:50.888+0000][1][safepoint    ] Total time for which application threads were stopped: 0.0000734 seconds, Stopping threads took: 0.0000446 seconds
[2019-06-24T08:44:50.888+0000][1][safepoint    ] Application time: 0.0000461 seconds
[2019-06-24T08:44:50.888+0000][1][safepoint    ] Entering safepoint region: RevokeBias
[2019-06-24T08:44:50.888+0000][1][safepoint    ] Leaving safepoint region
[2019-06-24T08:44:50.888+0000][1][safepoint    ] Total time for which application threads were stopped: 0.0000481 seconds, Stopping threads took: 0.0000220 seconds
[2019-06-24T08:44:50.888+0000][1][safepoint    ] Application time: 0.0000866 seconds
[2019-06-24T08:44:50.888+0000][1][safepoint    ] Entering safepoint region: RevokeBias
[2019-06-24T08:44:50.888+0000][1][safepoint    ] Leaving safepoint region
[2019-06-24T08:44:50.888+0000][1][safepoint    ] Total time for which application threads were stopped: 0.0000715 seconds, Stopping threads took: 0.0000401 seconds
[2019-06-24T08:44:50.888+0000][1][safepoint    ] Application time: 0.0000436 seconds
[2019-06-24T08:44:50.888+0000][1][safepoint    ] Entering safepoint region: RevokeBias
[2019-06-24T08:44:50.888+0000][1][safepoint    ] Leaving safepoint region
[2019-06-24T08:44:50.888+0000][1][safepoint    ] Total time for which application threads were stopped: 0.0000916 seconds, Stopping threads took: 0.0000617 seconds
[2019-06-24T08:44:50.888+0000][1][safepoint    ] Application time: 0.0000378 seconds
[2019-06-24T08:44:50.888+0000][1][safepoint    ] Entering safepoint region: RevokeBias
[2019-06-24T08:44:50.888+0000][1][safepoint    ] Leaving safepoint region
[2019-06-24T08:44:50.888+0000][1][safepoint    ] Total time for which application threads were stopped: 0.0000484 seconds, Stopping threads took: 0.0000241 seconds
[2019-06-24T08:44:50.888+0000][1][safepoint    ] Application time: 0.0000744 seconds
[2019-06-24T08:44:50.888+0000][1][safepoint    ] Entering safepoint region: RevokeBias
[2019-06-24T08:44:50.888+0000][1][safepoint    ] Leaving safepoint region
[2019-06-24T08:44:50.888+0000][1][safepoint    ] Total time for which application threads were stopped: 0.0000813 seconds, Stopping threads took: 0.0000390 seconds
[2019-06-24T08:44:50.888+0000][1][safepoint    ] Application time: 0.0000641 seconds
[2019-06-24T08:44:50.888+0000][1][safepoint    ] Entering safepoint region: RevokeBias
[2019-06-24T08:44:50.888+0000][1][safepoint    ] Leaving safepoint region
[2019-06-24T08:44:50.888+0000][1][safepoint    ] Total time for which application threads were stopped: 0.0000673 seconds, Stopping threads took: 0.0000289 seconds
[2019-06-24T08:44:50.889+0000][1][safepoint    ] Application time: 0.0000607 seconds
[2019-06-24T08:44:50.889+0000][1][safepoint    ] Entering safepoint region: RevokeBias
[2019-06-24T08:44:50.889+0000][1][safepoint    ] Leaving safepoint region
[2019-06-24T08:44:50.889+0000][1][safepoint    ] Total time for which application threads were stopped: 0.0000912 seconds, Stopping threads took: 0.0000315 seconds
[2019-06-24T08:44:50.889+0000][1][safepoint    ] Application time: 0.0000489 seconds
[2019-06-24T08:44:50.889+0000][1][safepoint    ] Entering safepoint region: RevokeBias
[2019-06-24T08:44:50.889+0000][1][safepoint    ] Leaving safepoint region
[2019-06-24T08:44:50.889+0000][1][safepoint    ] Total time for which application threads were stopped: 0.0000907 seconds, Stopping threads took: 0.0000564 seconds
[2019-06-24T08:44:50.889+0000][1][safepoint    ] Application time: 0.0000452 seconds
[2019-06-24T08:44:50.889+0000][1][safepoint    ] Entering safepoint region: RevokeBias
[2019-06-24T08:44:50.889+0000][1][safepoint    ] Leaving safepoint region
[2019-06-24T08:44:50.889+0000][1][safepoint    ] Total time for which application threads were stopped: 0.0000594 seconds, Stopping threads took: 0.0000316 seconds
[2019-06-24T08:44:50.889+0000][1][safepoint    ] Application time: 0.0000349 seconds
[2019-06-24T08:44:50.889+0000][1][safepoint    ] Entering safepoint region: RevokeBias
[2019-06-24T08:44:50.889+0000][1][safepoint    ] Leaving safepoint region
[2019-06-24T08:44:50.889+0000][1][safepoint    ] Total time for which application threads were stopped: 0.0000477 seconds, Stopping threads took: 0.0000270 seconds
[2019-06-24T08:44:50.889+0000][1][safepoint    ] Application time: 0.0000451 seconds
[2019-06-24T08:44:50.889+0000][1][safepoint    ] Entering safepoint region: RevokeBias
[2019-06-24T08:44:50.889+0000][1][safepoint    ] Leaving safepoint region
[2019-06-24T08:44:50.889+0000][1][safepoint    ] Total time for which application threads were stopped: 0.0000599 seconds, Stopping threads took: 0.0000329 seconds
[2019-06-24T08:44:50.889+0000][1][safepoint    ] Application time: 0.0000354 seconds
[2019-06-24T08:44:50.889+0000][1][safepoint    ] Entering safepoint region: RevokeBias
[2019-06-24T08:44:50.889+0000][1][safepoint    ] Leaving safepoint region
[2019-06-24T08:44:50.889+0000][1][safepoint    ] Total time for which application threads were stopped: 0.0000290 seconds, Stopping threads took: 0.0000061 seconds
[2019-06-24T08:44:50.890+0000][1][safepoint    ] Application time: 0.0003071 seconds
[2019-06-24T08:44:50.890+0000][1][safepoint    ] Entering safepoint region: RevokeBias
[2019-06-24T08:44:50.890+0000][1][safepoint    ] Leaving safepoint region
[2019-06-24T08:44:50.890+0000][1][safepoint    ] Total time for which application threads were stopped: 0.0000585 seconds, Stopping threads took: 0.0000344 seconds
[2019-06-24T08:44:50.890+0000][1][safepoint    ] Application time: 0.0000476 seconds
[2019-06-24T08:44:50.890+0000][1][safepoint    ] Entering safepoint region: RevokeBias
[2019-06-24T08:44:50.890+0000][1][safepoint    ] Leaving safepoint region
[2019-06-24T08:44:50.890+0000][1][safepoint    ] Total time for which application threads were stopped: 0.0000662 seconds, Stopping threads took: 0.0000442 seconds
[2019-06-24T08:44:50.910+0000][1][safepoint    ] Application time: 0.0204843 seconds
[2019-06-24T08:44:50.910+0000][1][safepoint    ] Entering safepoint region: RevokeBias
[2019-06-24T08:44:50.910+0000][1][safepoint    ] Leaving safepoint region
[2019-06-24T08:44:50.910+0000][1][safepoint    ] Total time for which application threads were stopped: 0.0001137 seconds, Stopping threads took: 0.0000304 seconds
[2019-06-24T08:44:51.100+0000][1][safepoint    ] Application time: 0.1895269 seconds
[2019-06-24T08:44:51.100+0000][1][safepoint    ] Entering safepoint region: Deoptimize
[2019-06-24T08:44:51.100+0000][1][safepoint    ] Leaving safepoint region
[2019-06-24T08:44:51.100+0000][1][safepoint    ] Total time for which application threads were stopped: 0.0003305 seconds, Stopping threads took: 0.0000166 seconds
[2019-06-24T08:44:51.200+0000][1][safepoint    ] Application time: 0.0995404 seconds
[2019-06-24T08:44:51.200+0000][1][safepoint    ] Entering safepoint region: RevokeBias
[2019-06-24T08:44:51.200+0000][1][safepoint    ] Leaving safepoint region
[2019-06-24T08:44:51.200+0000][1][safepoint    ] Total time for which application threads were stopped: 0.0001196 seconds, Stopping threads took: 0.0000168 seconds
[2019-06-24T08:44:51.291+0000][1][safepoint    ] Application time: 0.0910527 seconds
[2019-06-24T08:44:51.291+0000][1][safepoint    ] Entering safepoint region: RevokeBias
[2019-06-24T08:44:51.291+0000][1][safepoint    ] Leaving safepoint region
[2019-06-24T08:44:51.291+0000][1][safepoint    ] Total time for which application threads were stopped: 0.0001485 seconds, Stopping threads took: 0.0000526 seconds
[2019-06-24T08:44:51.295+0000][1][safepoint    ] Application time: 0.0041258 seconds
[2019-06-24T08:44:51.295+0000][1][safepoint    ] Entering safepoint region: RevokeBias
[2019-06-24T08:44:51.296+0000][1][safepoint    ] Leaving safepoint region
[2019-06-24T08:44:51.296+0000][1][safepoint    ] Total time for which application threads were stopped: 0.0001049 seconds, Stopping threads took: 0.0000183 seconds
[2019-06-24T08:44:51.322+0000][1][safepoint    ] Application time: 0.0260062 seconds
[2019-06-24T08:44:51.322+0000][1][safepoint    ] Entering safepoint region: GenCollectForAllocation
[2019-06-24T08:44:51.322+0000][1][gc,start     ] GC(1) Pause Young (Allocation Failure)
[2019-06-24T08:44:51.322+0000][1][gc,task      ] GC(1) Using 5 workers of 8 for evacuation
[2019-06-24T08:44:51.336+0000][1][gc,age       ] GC(1) Desired survivor size 4456448 bytes, new threshold 6 (max threshold 6)
[2019-06-24T08:44:51.336+0000][1][gc,age       ] GC(1) Age table with threshold 6 (max threshold 6)
[2019-06-24T08:44:51.336+0000][1][gc,age       ] GC(1) - age   1:    1952248 bytes,    1952248 total
[2019-06-24T08:44:51.336+0000][1][gc,heap      ] GC(1) ParNew: 77690K->6073K(78656K)
[2019-06-24T08:44:51.336+0000][1][gc,heap      ] GC(1) CMS: 0K->6637K(174784K)
[2019-06-24T08:44:51.336+0000][1][gc,metaspace ] GC(1) Metaspace: 14639K->14639K(1062912K)
[2019-06-24T08:44:51.336+0000][1][gc           ] GC(1) Pause Young (Allocation Failure) 75M->12M(247M) 14.054ms
[2019-06-24T08:44:51.336+0000][1][gc,cpu       ] GC(1) User=0.09s Sys=0.00s Real=0.02s
[2019-06-24T08:44:51.336+0000][1][safepoint    ] Leaving safepoint region
[2019-06-24T08:44:51.336+0000][1][safepoint    ] Total time for which application threads were stopped: 0.0141922 seconds, Stopping threads took: 0.0000127 seconds
[2019-06-24T08:44:51.336+0000][1][safepoint    ] Application time: 0.0002306 seconds
[2019-06-24T08:44:51.336+0000][1][safepoint    ] Entering safepoint region: RevokeBias
[2019-06-24T08:44:51.336+0000][1][safepoint    ] Leaving safepoint region
[2019-06-24T08:44:51.336+0000][1][safepoint    ] Total time for which application threads were stopped: 0.0002351 seconds, Stopping threads took: 0.0000685 seconds
[2019-06-24T08:44:51.336+0000][1][safepoint    ] Application time: 0.0000570 seconds
[2019-06-24T08:44:51.336+0000][1][safepoint    ] Entering safepoint region: RevokeBias
[2019-06-24T08:44:51.337+0000][1][safepoint    ] Leaving safepoint region
[2019-06-24T08:44:51.337+0000][1][safepoint    ] Total time for which application threads were stopped: 0.0001201 seconds, Stopping threads took: 0.0000560 seconds
[2019-06-24T08:44:51.337+0000][1][safepoint    ] Application time: 0.0000995 seconds
[2019-06-24T08:44:51.337+0000][1][safepoint    ] Entering safepoint region: RevokeBias
[2019-06-24T08:44:51.337+0000][1][safepoint    ] Leaving safepoint region
[2019-06-24T08:44:51.337+0000][1][safepoint    ] Total time for which application threads were stopped: 0.0000795 seconds, Stopping threads took: 0.0000108 seconds
[2019-06-24T08:44:51.337+0000][1][safepoint    ] Application time: 0.0000461 seconds
[2019-06-24T08:44:51.337+0000][1][safepoint    ] Entering safepoint region: RevokeBias
[2019-06-24T08:44:51.337+0000][1][safepoint    ] Leaving safepoint region
[2019-06-24T08:44:51.337+0000][1][safepoint    ] Total time for which application threads were stopped: 0.0000699 seconds, Stopping threads took: 0.0000109 seconds
[2019-06-24T08:44:51.337+0000][1][safepoint    ] Application time: 0.0000488 seconds
[2019-06-24T08:44:51.337+0000][1][safepoint    ] Entering safepoint region: RevokeBias
[2019-06-24T08:44:51.337+0000][1][safepoint    ] Leaving safepoint region
[2019-06-24T08:44:51.337+0000][1][safepoint    ] Total time for which application threads were stopped: 0.0000662 seconds, Stopping threads took: 0.0000104 seconds
[2019-06-24T08:44:51.337+0000][1][safepoint    ] Application time: 0.0000476 seconds
[2019-06-24T08:44:51.337+0000][1][safepoint    ] Entering safepoint region: RevokeBias
[2019-06-24T08:44:51.337+0000][1][safepoint    ] Leaving safepoint region
[2019-06-24T08:44:51.337+0000][1][safepoint    ] Total time for which application threads were stopped: 0.0000833 seconds, Stopping threads took: 0.0000505 seconds
[2019-06-24T08:44:51.337+0000][1][safepoint    ] Application time: 0.0000468 seconds
[2019-06-24T08:44:51.337+0000][1][safepoint    ] Entering safepoint region: RevokeBias
[2019-06-24T08:44:51.337+0000][1][safepoint    ] Leaving safepoint region
[2019-06-24T08:44:51.337+0000][1][safepoint    ] Total time for which application threads were stopped: 0.0001459 seconds, Stopping threads took: 0.0001075 seconds
[2019-06-24T08:44:51.337+0000][1][safepoint    ] Application time: 0.0000435 seconds
[2019-06-24T08:44:51.337+0000][1][safepoint    ] Entering safepoint region: RevokeBias
[2019-06-24T08:44:51.337+0000][1][safepoint    ] Leaving safepoint region
[2019-06-24T08:44:51.338+0000][1][safepoint    ] Total time for which application threads were stopped: 0.0000464 seconds, Stopping threads took: 0.0000101 seconds
[2019-06-24T08:44:51.338+0000][1][safepoint    ] Application time: 0.0000445 seconds
[2019-06-24T08:44:51.338+0000][1][safepoint    ] Entering safepoint region: RevokeBias
[2019-06-24T08:44:51.338+0000][1][safepoint    ] Leaving safepoint region
[2019-06-24T08:44:51.338+0000][1][safepoint    ] Total time for which application threads were stopped: 0.0000588 seconds, Stopping threads took: 0.0000309 seconds
[2019-06-24T08:44:51.338+0000][1][safepoint    ] Application time: 0.0000517 seconds
[2019-06-24T08:44:51.338+0000][1][safepoint    ] Entering safepoint region: RevokeBias
[2019-06-24T08:44:51.338+0000][1][safepoint    ] Leaving safepoint region
[2019-06-24T08:44:51.338+0000][1][safepoint    ] Total time for which application threads were stopped: 0.0000311 seconds, Stopping threads took: 0.0000066 seconds
[2019-06-24T08:44:51.338+0000][1][safepoint    ] Application time: 0.0000434 seconds
[2019-06-24T08:44:51.338+0000][1][safepoint    ] Entering safepoint region: BulkRevokeBias
[2019-06-24T08:44:51.338+0000][1][safepoint    ] Leaving safepoint region
[2019-06-24T08:44:51.338+0000][1][safepoint    ] Total time for which application threads were stopped: 0.0000785 seconds, Stopping threads took: 0.0000110 seconds
[2019-06-24T08:44:51.338+0000][1][safepoint    ] Application time: 0.0000415 seconds
[2019-06-24T08:44:51.338+0000][1][safepoint    ] Entering safepoint region: RevokeBias
[2019-06-24T08:44:51.338+0000][1][safepoint    ] Leaving safepoint region
[2019-06-24T08:44:51.338+0000][1][safepoint    ] Total time for which application threads were stopped: 0.0000474 seconds, Stopping threads took: 0.0000215 seconds
[2019-06-24T08:44:51.338+0000][1][safepoint    ] Application time: 0.0000482 seconds
[2019-06-24T08:44:51.338+0000][1][safepoint    ] Entering safepoint region: BulkRevokeBias
[2019-06-24T08:44:51.338+0000][1][safepoint    ] Leaving safepoint region
[2019-06-24T08:44:51.338+0000][1][safepoint    ] Total time for which application threads were stopped: 0.0000707 seconds, Stopping threads took: 0.0000316 seconds
[2019-06-24T08:44:51.460+0000][1][safepoint    ] Application time: 0.1215405 seconds
[2019-06-24T08:44:51.460+0000][1][safepoint    ] Entering safepoint region: GenCollectForAllocation
[2019-06-24T08:44:51.460+0000][1][gc,start     ] GC(2) Pause Young (Allocation Failure)
[2019-06-24T08:44:51.460+0000][1][gc,task      ] GC(2) Using 5 workers of 8 for evacuation
[2019-06-24T08:44:51.463+0000][1][gc,age       ] GC(2) Desired survivor size 4456448 bytes, new threshold 6 (max threshold 6)
[2019-06-24T08:44:51.463+0000][1][gc,age       ] GC(2) Age table with threshold 6 (max threshold 6)
[2019-06-24T08:44:51.463+0000][1][gc,age       ] GC(2) - age   1:    2619776 bytes,    2619776 total
[2019-06-24T08:44:51.463+0000][1][gc,age       ] GC(2) - age   2:    1205152 bytes,    3824928 total
[2019-06-24T08:44:51.463+0000][1][gc,heap      ] GC(2) ParNew: 76025K->5005K(78656K)
[2019-06-24T08:44:51.463+0000][1][gc,heap      ] GC(2) CMS: 6637K->6637K(174784K)
[2019-06-24T08:44:51.463+0000][1][gc,metaspace ] GC(2) Metaspace: 14765K->14765K(1062912K)
[2019-06-24T08:44:51.463+0000][1][gc           ] GC(2) Pause Young (Allocation Failure) 80M->11M(247M) 3.069ms
[2019-06-24T08:44:51.463+0000][1][gc,cpu       ] GC(2) User=0.02s Sys=0.00s Real=0.01s
[2019-06-24T08:44:51.463+0000][1][safepoint    ] Leaving safepoint region
[2019-06-24T08:44:51.463+0000][1][safepoint    ] Total time for which application threads were stopped: 0.0032125 seconds, Stopping threads took: 0.0000196 seconds
[2019-06-24T08:44:51.463+0000][1][safepoint    ] Application time: 0.0001475 seconds
[2019-06-24T08:44:51.463+0000][1][safepoint    ] Entering safepoint region: RevokeBias
[2019-06-24T08:44:51.463+0000][1][safepoint    ] Leaving safepoint region
[2019-06-24T08:44:51.463+0000][1][safepoint    ] Total time for which application threads were stopped: 0.0001311 seconds, Stopping threads took: 0.0000743 seconds
[2019-06-24T08:44:51.463+0000][1][safepoint    ] Application time: 0.0000447 seconds
[2019-06-24T08:44:51.463+0000][1][safepoint    ] Entering safepoint region: RevokeBias
[2019-06-24T08:44:51.463+0000][1][safepoint    ] Leaving safepoint region
[2019-06-24T08:44:51.463+0000][1][safepoint    ] Total time for which application threads were stopped: 0.0000653 seconds, Stopping threads took: 0.0000235 seconds
[2019-06-24T08:44:51.463+0000][1][safepoint    ] Application time: 0.0000980 seconds
[2019-06-24T08:44:51.464+0000][1][safepoint    ] Entering safepoint region: RevokeBias
[2019-06-24T08:44:51.464+0000][1][safepoint    ] Leaving safepoint region
[2019-06-24T08:44:51.464+0000][1][safepoint    ] Total time for which application threads were stopped: 0.0001720 seconds, Stopping threads took: 0.0001254 seconds
[2019-06-24T08:44:51.464+0000][1][safepoint    ] Application time: 0.0000998 seconds
[2019-06-24T08:44:51.464+0000][1][safepoint    ] Entering safepoint region: RevokeBias
[2019-06-24T08:44:51.464+0000][1][safepoint    ] Leaving safepoint region
[2019-06-24T08:44:51.464+0000][1][safepoint    ] Total time for which application threads were stopped: 0.0000712 seconds, Stopping threads took: 0.0000217 seconds
[2019-06-24T08:44:51.464+0000][1][safepoint    ] Application time: 0.0000419 seconds
[2019-06-24T08:44:51.464+0000][1][safepoint    ] Entering safepoint region: RevokeBias
[2019-06-24T08:44:51.464+0000][1][safepoint    ] Leaving safepoint region
[2019-06-24T08:44:51.464+0000][1][safepoint    ] Total time for which application threads were stopped: 0.0000433 seconds, Stopping threads took: 0.0000065 seconds
[2019-06-24T08:44:51.464+0000][1][safepoint    ] Application time: 0.0000357 seconds
[2019-06-24T08:44:51.464+0000][1][safepoint    ] Entering safepoint region: RevokeBias
[2019-06-24T08:44:51.464+0000][1][safepoint    ] Leaving safepoint region
[2019-06-24T08:44:51.464+0000][1][safepoint    ] Total time for which application threads were stopped: 0.0000410 seconds, Stopping threads took: 0.0000062 seconds
[2019-06-24T08:44:51.606+0000][1][safepoint    ] Application time: 0.1416777 seconds
[2019-06-24T08:44:51.606+0000][1][safepoint    ] Entering safepoint region: Deoptimize
[2019-06-24T08:44:51.606+0000][1][safepoint    ] Leaving safepoint region
[2019-06-24T08:44:51.606+0000][1][safepoint    ] Total time for which application threads were stopped: 0.0003690 seconds, Stopping threads took: 0.0000169 seconds
[2019-06-24T08:44:51.607+0000][1][safepoint    ] Application time: 0.0004304 seconds
[2019-06-24T08:44:51.607+0000][1][safepoint    ] Entering safepoint region: Deoptimize
[2019-06-24T08:44:51.607+0000][1][safepoint    ] Leaving safepoint region
[2019-06-24T08:44:51.607+0000][1][safepoint    ] Total time for which application threads were stopped: 0.0002994 seconds, Stopping threads took: 0.0000110 seconds
[2019-06-24T08:44:51.795+0000][1][safepoint    ] Application time: 0.1884459 seconds
[2019-06-24T08:44:51.795+0000][1][safepoint    ] Entering safepoint region: GenCollectForAllocation
[2019-06-24T08:44:51.796+0000][1][gc,start     ] GC(3) Pause Young (Allocation Failure)
[2019-06-24T08:44:51.796+0000][1][gc,task      ] GC(3) Using 5 workers of 8 for evacuation
[2019-06-24T08:44:51.799+0000][1][gc,age       ] GC(3) Desired survivor size 4456448 bytes, new threshold 3 (max threshold 6)
[2019-06-24T08:44:51.799+0000][1][gc,age       ] GC(3) Age table with threshold 3 (max threshold 6)
[2019-06-24T08:44:51.799+0000][1][gc,age       ] GC(3) - age   1:    3560680 bytes,    3560680 total
[2019-06-24T08:44:51.799+0000][1][gc,age       ] GC(3) - age   2:     293720 bytes,    3854400 total
[2019-06-24T08:44:51.799+0000][1][gc,age       ] GC(3) - age   3:    1201872 bytes,    5056272 total
[2019-06-24T08:44:51.799+0000][1][gc,heap      ] GC(3) ParNew: 74957K->7203K(78656K)
[2019-06-24T08:44:51.799+0000][1][gc,heap      ] GC(3) CMS: 6637K->6637K(174784K)
[2019-06-24T08:44:51.799+0000][1][gc,metaspace ] GC(3) Metaspace: 18228K->18228K(1067008K)
[2019-06-24T08:44:51.799+0000][1][gc           ] GC(3) Pause Young (Allocation Failure) 79M->13M(247M) 3.322ms
[2019-06-24T08:44:51.799+0000][1][gc,cpu       ] GC(3) User=0.02s Sys=0.01s Real=0.00s
[2019-06-24T08:44:51.799+0000][1][safepoint    ] Leaving safepoint region
[2019-06-24T08:44:51.799+0000][1][safepoint    ] Total time for which application threads were stopped: 0.0035102 seconds, Stopping threads took: 0.0000172 seconds
[2019-06-24T08:44:51.799+0000][1][safepoint    ] Application time: 0.0002575 seconds
[2019-06-24T08:44:51.799+0000][1][safepoint    ] Entering safepoint region: RevokeBias
[2019-06-24T08:44:51.799+0000][1][safepoint    ] Leaving safepoint region
[2019-06-24T08:44:51.799+0000][1][safepoint    ] Total time for which application threads were stopped: 0.0001975 seconds, Stopping threads took: 0.0001346 seconds
[2019-06-24T08:44:51.799+0000][1][safepoint    ] Application time: 0.0000440 seconds
[2019-06-24T08:44:51.799+0000][1][safepoint    ] Entering safepoint region: RevokeBias
[2019-06-24T08:44:51.800+0000][1][safepoint    ] Leaving safepoint region
[2019-06-24T08:44:51.800+0000][1][safepoint    ] Total time for which application threads were stopped: 0.0001123 seconds, Stopping threads took: 0.0000220 seconds
[2019-06-24T08:44:51.800+0000][1][safepoint    ] Application time: 0.0000811 seconds
[2019-06-24T08:44:51.800+0000][1][safepoint    ] Entering safepoint region: RevokeBias
[2019-06-24T08:44:51.800+0000][1][safepoint    ] Leaving safepoint region
[2019-06-24T08:44:51.800+0000][1][safepoint    ] Total time for which application threads were stopped: 0.0000636 seconds, Stopping threads took: 0.0000232 seconds
[2019-06-24T08:44:51.800+0000][1][safepoint    ] Application time: 0.0000393 seconds
[2019-06-24T08:44:51.800+0000][1][safepoint    ] Entering safepoint region: RevokeBias
[2019-06-24T08:44:51.800+0000][1][safepoint    ] Leaving safepoint region
[2019-06-24T08:44:51.800+0000][1][safepoint    ] Total time for which application threads were stopped: 0.0001176 seconds, Stopping threads took: 0.0000710 seconds
[2019-06-24T08:44:51.800+0000][1][safepoint    ] Application time: 0.0000432 seconds
[2019-06-24T08:44:51.800+0000][1][safepoint    ] Entering safepoint region: RevokeBias
[2019-06-24T08:44:51.800+0000][1][safepoint    ] Leaving safepoint region
[2019-06-24T08:44:51.800+0000][1][safepoint    ] Total time for which application threads were stopped: 0.0000458 seconds, Stopping threads took: 0.0000063 seconds
[2019-06-24T08:44:51.800+0000][1][safepoint    ] Application time: 0.0000351 seconds
[2019-06-24T08:44:51.800+0000][1][safepoint    ] Entering safepoint region: RevokeBias
[2019-06-24T08:44:51.800+0000][1][safepoint    ] Leaving safepoint region
[2019-06-24T08:44:51.800+0000][1][safepoint    ] Total time for which application threads were stopped: 0.0000438 seconds, Stopping threads took: 0.0000061 seconds
[2019-06-24T08:44:51.800+0000][1][safepoint    ] Application time: 0.0000372 seconds
[2019-06-24T08:44:51.800+0000][1][safepoint    ] Entering safepoint region: RevokeBias
[2019-06-24T08:44:51.800+0000][1][safepoint    ] Leaving safepoint region
[2019-06-24T08:44:51.800+0000][1][safepoint    ] Total time for which application threads were stopped: 0.0000434 seconds, Stopping threads took: 0.0000061 seconds
[2019-06-24T08:44:51.800+0000][1][safepoint    ] Application time: 0.0000364 seconds
[2019-06-24T08:44:51.800+0000][1][safepoint    ] Entering safepoint region: RevokeBias
[2019-06-24T08:44:51.800+0000][1][safepoint    ] Leaving safepoint region
[2019-06-24T08:44:51.800+0000][1][safepoint    ] Total time for which application threads were stopped: 0.0000570 seconds, Stopping threads took: 0.0000283 seconds
[2019-06-24T08:44:51.800+0000][1][safepoint    ] Application time: 0.0000378 seconds
[2019-06-24T08:44:51.800+0000][1][safepoint    ] Entering safepoint region: RevokeBias
[2019-06-24T08:44:51.800+0000][1][safepoint    ] Leaving safepoint region
[2019-06-24T08:44:51.800+0000][1][safepoint    ] Total time for which application threads were stopped: 0.0001126 seconds, Stopping threads took: 0.0000334 seconds
[2019-06-24T08:44:51.800+0000][1][safepoint    ] Application time: 0.0000431 seconds
[2019-06-24T08:44:51.801+0000][1][safepoint    ] Entering safepoint region: RevokeBias
[2019-06-24T08:44:51.801+0000][1][safepoint    ] Leaving safepoint region
[2019-06-24T08:44:51.801+0000][1][safepoint    ] Total time for which application threads were stopped: 0.0003031 seconds, Stopping threads took: 0.0002702 seconds
[2019-06-24T08:44:51.801+0000][1][safepoint    ] Application time: 0.0000402 seconds
[2019-06-24T08:44:51.801+0000][1][safepoint    ] Entering safepoint region: RevokeBias
[2019-06-24T08:44:51.801+0000][1][safepoint    ] Leaving safepoint region
[2019-06-24T08:44:51.801+0000][1][safepoint    ] Total time for which application threads were stopped: 0.0000568 seconds, Stopping threads took: 0.0000266 seconds
[2019-06-24T08:44:51.801+0000][1][safepoint    ] Application time: 0.0000378 seconds
[2019-06-24T08:44:51.801+0000][1][safepoint    ] Entering safepoint region: RevokeBias
[2019-06-24T08:44:51.801+0000][1][safepoint    ] Leaving safepoint region
[2019-06-24T08:44:51.801+0000][1][safepoint    ] Total time for which application threads were stopped: 0.0001276 seconds, Stopping threads took: 0.0000880 seconds
[2019-06-24T08:44:51.801+0000][1][safepoint    ] Application time: 0.0001531 seconds
[2019-06-24T08:44:51.801+0000][1][safepoint    ] Entering safepoint region: RevokeBias
[2019-06-24T08:44:51.801+0000][1][safepoint    ] Leaving safepoint region
[2019-06-24T08:44:51.801+0000][1][safepoint    ] Total time for which application threads were stopped: 0.0001687 seconds, Stopping threads took: 0.0001380 seconds
[2019-06-24T08:44:51.801+0000][1][safepoint    ] Application time: 0.0000416 seconds
[2019-06-24T08:44:51.802+0000][1][safepoint    ] Entering safepoint region: RevokeBias
[2019-06-24T08:44:51.802+0000][1][safepoint    ] Leaving safepoint region
[2019-06-24T08:44:51.802+0000][1][safepoint    ] Total time for which application threads were stopped: 0.0000737 seconds, Stopping threads took: 0.0000452 seconds
[2019-06-24T08:44:51.802+0000][1][safepoint    ] Application time: 0.0000411 seconds
[2019-06-24T08:44:51.802+0000][1][safepoint    ] Entering safepoint region: RevokeBias
[2019-06-24T08:44:51.802+0000][1][safepoint    ] Leaving safepoint region
[2019-06-24T08:44:51.802+0000][1][safepoint    ] Total time for which application threads were stopped: 0.0000734 seconds, Stopping threads took: 0.0000444 seconds
[2019-06-24T08:44:51.802+0000][1][safepoint    ] Application time: 0.0000345 seconds
[2019-06-24T08:44:51.802+0000][1][safepoint    ] Entering safepoint region: RevokeBias
[2019-06-24T08:44:51.802+0000][1][safepoint    ] Leaving safepoint region
[2019-06-24T08:44:51.802+0000][1][safepoint    ] Total time for which application threads were stopped: 0.0000331 seconds, Stopping threads took: 0.0000064 seconds
[2019-06-24T08:44:51.802+0000][1][safepoint    ] Application time: 0.0000589 seconds
[2019-06-24T08:44:51.802+0000][1][safepoint    ] Entering safepoint region: RevokeBias
[2019-06-24T08:44:51.802+0000][1][safepoint    ] Leaving safepoint region
[2019-06-24T08:44:51.802+0000][1][safepoint    ] Total time for which application threads were stopped: 0.0000905 seconds, Stopping threads took: 0.0000620 seconds
[2019-06-24T08:44:51.802+0000][1][safepoint    ] Application time: 0.0000447 seconds
[2019-06-24T08:44:51.802+0000][1][safepoint    ] Entering safepoint region: RevokeBias
[2019-06-24T08:44:51.802+0000][1][safepoint    ] Leaving safepoint region
[2019-06-24T08:44:51.802+0000][1][safepoint    ] Total time for which application threads were stopped: 0.0000583 seconds, Stopping threads took: 0.0000298 seconds
[2019-06-24T08:44:51.802+0000][1][safepoint    ] Application time: 0.0000402 seconds
[2019-06-24T08:44:51.802+0000][1][safepoint    ] Entering safepoint region: RevokeBias
[2019-06-24T08:44:51.802+0000][1][safepoint    ] Leaving safepoint region
[2019-06-24T08:44:51.802+0000][1][safepoint    ] Total time for which application threads were stopped: 0.0000710 seconds, Stopping threads took: 0.0000426 seconds
[2019-06-24T08:44:51.802+0000][1][safepoint    ] Application time: 0.0000397 seconds
[2019-06-24T08:44:51.802+0000][1][safepoint    ] Entering safepoint region: RevokeBias
[2019-06-24T08:44:51.802+0000][1][safepoint    ] Leaving safepoint region
[2019-06-24T08:44:51.802+0000][1][safepoint    ] Total time for which application threads were stopped: 0.0000677 seconds, Stopping threads took: 0.0000324 seconds
[2019-06-24T08:44:51.802+0000][1][safepoint    ] Application time: 0.0000361 seconds
[2019-06-24T08:44:51.802+0000][1][safepoint    ] Entering safepoint region: RevokeBias
[2019-06-24T08:44:51.802+0000][1][safepoint    ] Leaving safepoint region
[2019-06-24T08:44:51.802+0000][1][safepoint    ] Total time for which application threads were stopped: 0.0000902 seconds, Stopping threads took: 0.0000580 seconds
[2019-06-24T08:44:51.887+0000][1][safepoint    ] Application time: 0.0840498 seconds
[2019-06-24T08:44:51.887+0000][1][safepoint    ] Entering safepoint region: GenCollectForAllocation
[2019-06-24T08:44:51.887+0000][1][gc,start     ] GC(4) Pause Young (Allocation Failure)
[2019-06-24T08:44:51.887+0000][1][gc,task      ] GC(4) Using 5 workers of 8 for evacuation
[2019-06-24T08:44:51.891+0000][1][gc,age       ] GC(4) Desired survivor size 4456448 bytes, new threshold 2 (max threshold 6)
[2019-06-24T08:44:51.891+0000][1][gc,age       ] GC(4) Age table with threshold 2 (max threshold 6)
[2019-06-24T08:44:51.891+0000][1][gc,age       ] GC(4) - age   1:    1632536 bytes,    1632536 total
[2019-06-24T08:44:51.891+0000][1][gc,age       ] GC(4) - age   2:    3330616 bytes,    4963152 total
[2019-06-24T08:44:51.891+0000][1][gc,age       ] GC(4) - age   3:     293192 bytes,    5256344 total
[2019-06-24T08:44:51.891+0000][1][gc,heap      ] GC(4) ParNew: 77155K->7680K(78656K)
[2019-06-24T08:44:51.891+0000][1][gc,heap      ] GC(4) CMS: 6637K->7828K(174784K)
[2019-06-24T08:44:51.891+0000][1][gc,metaspace ] GC(4) Metaspace: 18442K->18442K(1067008K)
[2019-06-24T08:44:51.891+0000][1][gc           ] GC(4) Pause Young (Allocation Failure) 81M->15M(247M) 4.209ms
[2019-06-24T08:44:51.891+0000][1][gc,cpu       ] GC(4) User=0.02s Sys=0.00s Real=0.00s
[2019-06-24T08:44:51.891+0000][1][safepoint    ] Leaving safepoint region
[2019-06-24T08:44:51.891+0000][1][safepoint    ] Total time for which application threads were stopped: 0.0044031 seconds, Stopping threads took: 0.0000475 seconds
[2019-06-24T08:44:51.891+0000][1][safepoint    ] Application time: 0.0001217 seconds
[2019-06-24T08:44:51.891+0000][1][safepoint    ] Entering safepoint region: RevokeBias
[2019-06-24T08:44:51.891+0000][1][safepoint    ] Leaving safepoint region
[2019-06-24T08:44:51.891+0000][1][safepoint    ] Total time for which application threads were stopped: 0.0001071 seconds, Stopping threads took: 0.0000451 seconds
[2019-06-24T08:44:51.891+0000][1][safepoint    ] Application time: 0.0000472 seconds
[2019-06-24T08:44:51.891+0000][1][safepoint    ] Entering safepoint region: RevokeBias
[2019-06-24T08:44:51.891+0000][1][safepoint    ] Leaving safepoint region
[2019-06-24T08:44:51.891+0000][1][safepoint    ] Total time for which application threads were stopped: 0.0000875 seconds, Stopping threads took: 0.0000263 seconds
[2019-06-24T08:44:51.891+0000][1][safepoint    ] Application time: 0.0000478 seconds
[2019-06-24T08:44:51.891+0000][1][safepoint    ] Entering safepoint region: RevokeBias
[2019-06-24T08:44:51.892+0000][1][safepoint    ] Leaving safepoint region
[2019-06-24T08:44:51.892+0000][1][safepoint    ] Total time for which application threads were stopped: 0.0000727 seconds, Stopping threads took: 0.0000092 seconds
[2019-06-24T08:44:51.892+0000][1][safepoint    ] Application time: 0.0000409 seconds
[2019-06-24T08:44:51.892+0000][1][safepoint    ] Entering safepoint region: RevokeBias
[2019-06-24T08:44:51.892+0000][1][safepoint    ] Leaving safepoint region
[2019-06-24T08:44:51.892+0000][1][safepoint    ] Total time for which application threads were stopped: 0.0000749 seconds, Stopping threads took: 0.0000090 seconds
[2019-06-24T08:44:51.908+0000][1][safepoint    ] Application time: 0.0167908 seconds
[2019-06-24T08:44:51.909+0000][1][safepoint    ] Entering safepoint region: Deoptimize
[2019-06-24T08:44:51.909+0000][1][safepoint    ] Leaving safepoint region
[2019-06-24T08:44:51.909+0000][1][safepoint    ] Total time for which application threads were stopped: 0.0003610 seconds, Stopping threads took: 0.0000155 seconds
[2019-06-24T08:44:51.945+0000][1][safepoint    ] Application time: 0.0356587 seconds
[2019-06-24T08:44:51.945+0000][1][safepoint    ] Entering safepoint region: Deoptimize
[2019-06-24T08:44:51.945+0000][1][safepoint    ] Leaving safepoint region
[2019-06-24T08:44:51.945+0000][1][safepoint    ] Total time for which application threads were stopped: 0.0003468 seconds, Stopping threads took: 0.0000166 seconds
[2019-06-24T08:44:52.026+0000][1][safepoint    ] Application time: 0.0815231 seconds
[2019-06-24T08:44:52.027+0000][1][safepoint    ] Entering safepoint region: GenCollectForAllocation
[2019-06-24T08:44:52.027+0000][1][gc,start     ] GC(5) Pause Young (Allocation Failure)
[2019-06-24T08:44:52.027+0000][1][gc,task      ] GC(5) Using 5 workers of 8 for evacuation
[2019-06-24T08:44:52.031+0000][1][gc,age       ] GC(5) Desired survivor size 4456448 bytes, new threshold 6 (max threshold 6)
[2019-06-24T08:44:52.031+0000][1][gc,age       ] GC(5) Age table with threshold 6 (max threshold 6)
[2019-06-24T08:44:52.031+0000][1][gc,age       ] GC(5) - age   1:    2493104 bytes,    2493104 total
[2019-06-24T08:44:52.031+0000][1][gc,age       ] GC(5) - age   2:     443736 bytes,    2936840 total
[2019-06-24T08:44:52.031+0000][1][gc,heap      ] GC(5) ParNew: 77632K->6195K(78656K)
[2019-06-24T08:44:52.031+0000][1][gc,heap      ] GC(5) CMS: 7828K->11399K(174784K)
[2019-06-24T08:44:52.031+0000][1][gc,metaspace ] GC(5) Metaspace: 18807K->18807K(1067008K)
[2019-06-24T08:44:52.031+0000][1][gc           ] GC(5) Pause Young (Allocation Failure) 83M->17M(247M) 4.606ms
[2019-06-24T08:44:52.031+0000][1][gc,cpu       ] GC(5) User=0.03s Sys=0.00s Real=0.00s
[2019-06-24T08:44:52.031+0000][1][safepoint    ] Leaving safepoint region
[2019-06-24T08:44:52.031+0000][1][safepoint    ] Total time for which application threads were stopped: 0.0047705 seconds, Stopping threads took: 0.0000195 seconds
[2019-06-24T08:44:52.032+0000][1][safepoint    ] Application time: 0.0002361 seconds
[2019-06-24T08:44:52.032+0000][1][safepoint    ] Entering safepoint region: RevokeBias
[2019-06-24T08:44:52.032+0000][1][safepoint    ] Leaving safepoint region
[2019-06-24T08:44:52.032+0000][1][safepoint    ] Total time for which application threads were stopped: 0.0001912 seconds, Stopping threads took: 0.0001307 seconds
[2019-06-24T08:44:52.032+0000][1][safepoint    ] Application time: 0.0000891 seconds
[2019-06-24T08:44:52.032+0000][1][safepoint    ] Entering safepoint region: RevokeBias
[2019-06-24T08:44:52.032+0000][1][safepoint    ] Leaving safepoint region
[2019-06-24T08:44:52.032+0000][1][safepoint    ] Total time for which application threads were stopped: 0.0000959 seconds, Stopping threads took: 0.0000380 seconds
[2019-06-24T08:44:52.032+0000][1][safepoint    ] Application time: 0.0000671 seconds
[2019-06-24T08:44:52.032+0000][1][safepoint    ] Entering safepoint region: RevokeBias
[2019-06-24T08:44:52.032+0000][1][safepoint    ] Leaving safepoint region
[2019-06-24T08:44:52.032+0000][1][safepoint    ] Total time for which application threads were stopped: 0.0000905 seconds, Stopping threads took: 0.0000381 seconds
[2019-06-24T08:44:52.032+0000][1][safepoint    ] Application time: 0.0000572 seconds
[2019-06-24T08:44:52.032+0000][1][safepoint    ] Entering safepoint region: RevokeBias
[2019-06-24T08:44:52.032+0000][1][safepoint    ] Leaving safepoint region
[2019-06-24T08:44:52.032+0000][1][safepoint    ] Total time for which application threads were stopped: 0.0000912 seconds, Stopping threads took: 0.0000292 seconds
[2019-06-24T08:44:52.032+0000][1][safepoint    ] Application time: 0.0000608 seconds
[2019-06-24T08:44:52.032+0000][1][safepoint    ] Entering safepoint region: RevokeBias
[2019-06-24T08:44:52.032+0000][1][safepoint    ] Leaving safepoint region
[2019-06-24T08:44:52.032+0000][1][safepoint    ] Total time for which application threads were stopped: 0.0001013 seconds, Stopping threads took: 0.0000489 seconds
[2019-06-24T08:44:52.033+0000][1][safepoint    ] Application time: 0.0000523 seconds
[2019-06-24T08:44:52.033+0000][1][safepoint    ] Entering safepoint region: RevokeBias
[2019-06-24T08:44:52.033+0000][1][safepoint    ] Leaving safepoint region
[2019-06-24T08:44:52.033+0000][1][safepoint    ] Total time for which application threads were stopped: 0.0000691 seconds, Stopping threads took: 0.0000325 seconds
[2019-06-24T08:44:52.115+0000][1][safepoint    ] Application time: 0.0820464 seconds
[2019-06-24T08:44:52.115+0000][1][safepoint    ] Entering safepoint region: RevokeBias
[2019-06-24T08:44:52.115+0000][1][safepoint    ] Leaving safepoint region
[2019-06-24T08:44:52.115+0000][1][safepoint    ] Total time for which application threads were stopped: 0.0000555 seconds, Stopping threads took: 0.0000101 seconds
[2019-06-24T08:44:52.115+0000][1][safepoint    ] Application time: 0.0001336 seconds
[2019-06-24T08:44:52.115+0000][1][safepoint    ] Entering safepoint region: BulkRevokeBias
[2019-06-24T08:44:52.115+0000][1][safepoint    ] Leaving safepoint region
[2019-06-24T08:44:52.115+0000][1][safepoint    ] Total time for which application threads were stopped: 0.0000810 seconds, Stopping threads took: 0.0000077 seconds
[2019-06-24T08:44:52.138+0000][1][safepoint    ] Application time: 0.0232931 seconds
[2019-06-24T08:44:52.138+0000][1][safepoint    ] Entering safepoint region: GenCollectForAllocation
[2019-06-24T08:44:52.138+0000][1][gc,start     ] GC(6) Pause Young (Allocation Failure)
[2019-06-24T08:44:52.138+0000][1][gc,task      ] GC(6) Using 5 workers of 8 for evacuation
[2019-06-24T08:44:52.141+0000][1][gc,age       ] GC(6) Desired survivor size 4456448 bytes, new threshold 6 (max threshold 6)
[2019-06-24T08:44:52.141+0000][1][gc,age       ] GC(6) Age table with threshold 6 (max threshold 6)
[2019-06-24T08:44:52.141+0000][1][gc,age       ] GC(6) - age   1:    1497832 bytes,    1497832 total
[2019-06-24T08:44:52.141+0000][1][gc,age       ] GC(6) - age   2:    2195464 bytes,    3693296 total
[2019-06-24T08:44:52.141+0000][1][gc,age       ] GC(6) - age   3:     443736 bytes,    4137032 total
[2019-06-24T08:44:52.141+0000][1][gc,heap      ] GC(6) ParNew: 76147K->5255K(78656K)
[2019-06-24T08:44:52.141+0000][1][gc,heap      ] GC(6) CMS: 11399K->11399K(174784K)
[2019-06-24T08:44:52.141+0000][1][gc,metaspace ] GC(6) Metaspace: 19116K->19116K(1067008K)
[2019-06-24T08:44:52.141+0000][1][gc           ] GC(6) Pause Young (Allocation Failure) 85M->16M(247M) 2.158ms
[2019-06-24T08:44:52.141+0000][1][gc,cpu       ] GC(6) User=0.02s Sys=0.00s Real=0.00s
[2019-06-24T08:44:52.141+0000][1][safepoint    ] Leaving safepoint region
[2019-06-24T08:44:52.141+0000][1][safepoint    ] Total time for which application threads were stopped: 0.0022726 seconds, Stopping threads took: 0.0000131 seconds
[2019-06-24T08:44:52.141+0000][1][safepoint    ] Application time: 0.0001030 seconds
[2019-06-24T08:44:52.141+0000][1][safepoint    ] Entering safepoint region: BulkRevokeBias
[2019-06-24T08:44:52.141+0000][1][safepoint    ] Leaving safepoint region
[2019-06-24T08:44:52.141+0000][1][safepoint    ] Total time for which application threads were stopped: 0.0000990 seconds, Stopping threads took: 0.0000390 seconds
[2019-06-24T08:44:52.264+0000][1][safepoint    ] Application time: 0.1231718 seconds
[2019-06-24T08:44:52.264+0000][1][safepoint    ] Entering safepoint region: GenCollectForAllocation
[2019-06-24T08:44:52.264+0000][1][gc,start     ] GC(7) Pause Young (Allocation Failure)
[2019-06-24T08:44:52.264+0000][1][gc,task      ] GC(7) Using 5 workers of 8 for evacuation
[2019-06-24T08:44:52.266+0000][1][gc,age       ] GC(7) Desired survivor size 4456448 bytes, new threshold 6 (max threshold 6)
[2019-06-24T08:44:52.267+0000][1][gc,age       ] GC(7) Age table with threshold 6 (max threshold 6)
[2019-06-24T08:44:52.267+0000][1][gc,age       ] GC(7) - age   1:     557496 bytes,     557496 total
[2019-06-24T08:44:52.267+0000][1][gc,age       ] GC(7) - age   2:    1129272 bytes,    1686768 total
[2019-06-24T08:44:52.267+0000][1][gc,age       ] GC(7) - age   3:    2193512 bytes,    3880280 total
[2019-06-24T08:44:52.267+0000][1][gc,age       ] GC(7) - age   4:     443736 bytes,    4324016 total
[2019-06-24T08:44:52.267+0000][1][gc,heap      ] GC(7) ParNew: 75207K->5491K(78656K)
[2019-06-24T08:44:52.267+0000][1][gc,heap      ] GC(7) CMS: 11399K->11399K(174784K)
[2019-06-24T08:44:52.267+0000][1][gc,metaspace ] GC(7) Metaspace: 19793K->19793K(1067008K)
[2019-06-24T08:44:52.267+0000][1][gc           ] GC(7) Pause Young (Allocation Failure) 84M->16M(247M) 2.437ms
[2019-06-24T08:44:52.267+0000][1][gc,cpu       ] GC(7) User=0.02s Sys=0.00s Real=0.00s
[2019-06-24T08:44:52.267+0000][1][safepoint    ] Leaving safepoint region
[2019-06-24T08:44:52.267+0000][1][safepoint    ] Total time for which application threads were stopped: 0.0025555 seconds, Stopping threads took: 0.0000115 seconds
[2019-06-24T08:44:52.300+0000][1][safepoint    ] Application time: 0.0336091 seconds
[2019-06-24T08:44:52.300+0000][1][safepoint    ] Entering safepoint region: CollectForMetadataAllocation
[2019-06-24T08:44:52.300+0000][1][safepoint    ] Leaving safepoint region
[2019-06-24T08:44:52.300+0000][1][safepoint    ] Total time for which application threads were stopped: 0.0001838 seconds, Stopping threads took: 0.0000249 seconds
[2019-06-24T08:44:52.391+0000][1][safepoint    ] Application time: 0.0908072 seconds
[2019-06-24T08:44:52.391+0000][1][safepoint    ] Entering safepoint region: GenCollectForAllocation
[2019-06-24T08:44:52.391+0000][1][gc,start     ] GC(8) Pause Young (Allocation Failure)
[2019-06-24T08:44:52.391+0000][1][gc,task      ] GC(8) Using 5 workers of 8 for evacuation
[2019-06-24T08:44:52.394+0000][1][gc,age       ] GC(8) Desired survivor size 4456448 bytes, new threshold 4 (max threshold 6)
[2019-06-24T08:44:52.394+0000][1][gc,age       ] GC(8) Age table with threshold 4 (max threshold 6)
[2019-06-24T08:44:52.394+0000][1][gc,age       ] GC(8) - age   1:     814224 bytes,     814224 total
[2019-06-24T08:44:52.394+0000][1][gc,age       ] GC(8) - age   2:     537752 bytes,    1351976 total
[2019-06-24T08:44:52.394+0000][1][gc,age       ] GC(8) - age   3:    1129200 bytes,    2481176 total
[2019-06-24T08:44:52.394+0000][1][gc,age       ] GC(8) - age   4:    2193168 bytes,    4674344 total
[2019-06-24T08:44:52.394+0000][1][gc,age       ] GC(8) - age   5:     443736 bytes,    5118080 total
[2019-06-24T08:44:52.394+0000][1][gc,heap      ] GC(8) ParNew: 75443K->6420K(78656K)
[2019-06-24T08:44:52.394+0000][1][gc,heap      ] GC(8) CMS: 11399K->11399K(174784K)
[2019-06-24T08:44:52.394+0000][1][gc,metaspace ] GC(8) Metaspace: 20168K->20168K(1069056K)
[2019-06-24T08:44:52.394+0000][1][gc           ] GC(8) Pause Young (Allocation Failure) 84M->17M(247M) 2.466ms
[2019-06-24T08:44:52.394+0000][1][gc,cpu       ] GC(8) User=0.01s Sys=0.00s Real=0.00s
[2019-06-24T08:44:52.394+0000][1][safepoint    ] Leaving safepoint region
[2019-06-24T08:44:52.394+0000][1][safepoint    ] Total time for which application threads were stopped: 0.0025950 seconds, Stopping threads took: 0.0000299 seconds
[2019-06-24T08:44:52.394+0000][1][safepoint    ] Application time: 0.0001208 seconds
[2019-06-24T08:44:52.394+0000][1][safepoint    ] Entering safepoint region: CMS_Initial_Mark
[2019-06-24T08:44:52.394+0000][1][gc,start     ] GC(9) Pause Initial Mark
[2019-06-24T08:44:52.395+0000][1][gc           ] GC(9) Pause Initial Mark 18M->18M(247M) 0.960ms
[2019-06-24T08:44:52.395+0000][1][gc,cpu       ] GC(9) User=0.00s Sys=0.00s Real=0.01s
[2019-06-24T08:44:52.395+0000][1][safepoint    ] Leaving safepoint region
[2019-06-24T08:44:52.395+0000][1][safepoint    ] Total time for which application threads were stopped: 0.0010871 seconds, Stopping threads took: 0.0000658 seconds
[2019-06-24T08:44:52.395+0000][1][gc           ] GC(9) Concurrent Mark
[2019-06-24T08:44:52.395+0000][1][gc,task      ] GC(9) Using 2 workers of 2 for marking
[2019-06-24T08:44:52.407+0000][1][gc           ] GC(9) Concurrent Mark 11.412ms
[2019-06-24T08:44:52.407+0000][1][gc,cpu       ] GC(9) User=0.07s Sys=0.00s Real=0.01s
[2019-06-24T08:44:52.407+0000][1][gc           ] GC(9) Concurrent Preclean
[2019-06-24T08:44:52.408+0000][1][gc           ] GC(9) Concurrent Preclean 0.941ms
[2019-06-24T08:44:52.408+0000][1][gc,cpu       ] GC(9) User=0.00s Sys=0.00s Real=0.00s
[2019-06-24T08:44:52.408+0000][1][gc           ] GC(9) Concurrent Abortable Preclean
[2019-06-24T08:44:52.462+0000][1][safepoint    ] Application time: 0.0672471 seconds
[2019-06-24T08:44:52.463+0000][1][safepoint    ] Entering safepoint region: GenCollectForAllocation
[2019-06-24T08:44:52.463+0000][1][gc,start     ] GC(10) Pause Young (Allocation Failure)
[2019-06-24T08:44:52.463+0000][1][gc,task      ] GC(10) Using 5 workers of 8 for evacuation
[2019-06-24T08:44:52.466+0000][1][gc,age       ] GC(10) Desired survivor size 4456448 bytes, new threshold 6 (max threshold 6)
[2019-06-24T08:44:52.466+0000][1][gc,age       ] GC(10) Age table with threshold 6 (max threshold 6)
[2019-06-24T08:44:52.466+0000][1][gc,age       ] GC(10) - age   1:     123272 bytes,     123272 total
[2019-06-24T08:44:52.466+0000][1][gc,age       ] GC(10) - age   2:     461928 bytes,     585200 total
[2019-06-24T08:44:52.466+0000][1][gc,age       ] GC(10) - age   3:     537560 bytes,    1122760 total
[2019-06-24T08:44:52.467+0000][1][gc,age       ] GC(10) - age   4:    1129176 bytes,    2251936 total
[2019-06-24T08:44:52.467+0000][1][gc,heap      ] GC(10) ParNew: 76372K->5041K(78656K)
[2019-06-24T08:44:52.467+0000][1][gc,heap      ] GC(10) CMS: 11399K->13992K(174784K)
[2019-06-24T08:44:52.467+0000][1][gc,metaspace ] GC(10) Metaspace: 20278K->20278K(1069056K)
[2019-06-24T08:44:52.467+0000][1][gc           ] GC(10) Pause Young (Allocation Failure) 85M->18M(247M) 3.961ms
[2019-06-24T08:44:52.467+0000][1][gc,cpu       ] GC(10) User=0.02s Sys=0.01s Real=0.00s
[2019-06-24T08:44:52.467+0000][1][safepoint    ] Leaving safepoint region
[2019-06-24T08:44:52.467+0000][1][safepoint    ] Total time for which application threads were stopped: 0.0040913 seconds, Stopping threads took: 0.0000169 seconds
[2019-06-24T08:44:52.499+0000][1][safepoint    ] Application time: 0.0323953 seconds
[2019-06-24T08:44:52.499+0000][1][safepoint    ] Entering safepoint region: CollectForMetadataAllocation
[2019-06-24T08:44:52.499+0000][1][safepoint    ] Leaving safepoint region
[2019-06-24T08:44:52.499+0000][1][safepoint    ] Total time for which application threads were stopped: 0.0001920 seconds, Stopping threads took: 0.0000165 seconds
[2019-06-24T08:44:52.546+0000][1][safepoint    ] Application time: 0.0463622 seconds
[2019-06-24T08:44:52.546+0000][1][safepoint    ] Entering safepoint region: GenCollectForAllocation
[2019-06-24T08:44:52.546+0000][1][gc,start     ] GC(11) Pause Young (Allocation Failure)
[2019-06-24T08:44:52.546+0000][1][gc,task      ] GC(11) Using 5 workers of 8 for evacuation
[2019-06-24T08:44:52.548+0000][1][gc,age       ] GC(11) Desired survivor size 4456448 bytes, new threshold 6 (max threshold 6)
[2019-06-24T08:44:52.548+0000][1][gc,age       ] GC(11) Age table with threshold 6 (max threshold 6)
[2019-06-24T08:44:52.549+0000][1][gc,age       ] GC(11) - age   1:    1899344 bytes,    1899344 total
[2019-06-24T08:44:52.549+0000][1][gc,age       ] GC(11) - age   2:      99504 bytes,    1998848 total
[2019-06-24T08:44:52.549+0000][1][gc,age       ] GC(11) - age   3:     461928 bytes,    2460776 total
[2019-06-24T08:44:52.549+0000][1][gc,age       ] GC(11) - age   4:     537408 bytes,    2998184 total
[2019-06-24T08:44:52.549+0000][1][gc,age       ] GC(11) - age   5:    1128888 bytes,    4127072 total
[2019-06-24T08:44:52.549+0000][1][gc,heap      ] GC(11) ParNew: 74993K->5159K(78656K)
[2019-06-24T08:44:52.549+0000][1][gc,heap      ] GC(11) CMS: 13992K->13992K(174784K)
[2019-06-24T08:44:52.549+0000][1][gc,metaspace ] GC(11) Metaspace: 20361K->20361K(1069056K)
[2019-06-24T08:44:52.549+0000][1][gc           ] GC(11) Pause Young (Allocation Failure) 86M->18M(247M) 2.875ms
[2019-06-24T08:44:52.549+0000][1][gc,cpu       ] GC(11) User=0.02s Sys=0.00s Real=0.00s
[2019-06-24T08:44:52.549+0000][1][safepoint    ] Leaving safepoint region
[2019-06-24T08:44:52.549+0000][1][safepoint    ] Total time for which application threads were stopped: 0.0030257 seconds, Stopping threads took: 0.0000168 seconds
[2019-06-24T08:44:52.549+0000][1][gc           ] GC(9) Concurrent Abortable Preclean 140.929ms
[2019-06-24T08:44:52.549+0000][1][gc,cpu       ] GC(9) User=0.65s Sys=0.02s Real=0.14s
[2019-06-24T08:44:52.549+0000][1][safepoint    ] Application time: 0.0000877 seconds
[2019-06-24T08:44:52.549+0000][1][safepoint    ] Entering safepoint region: CMS_Final_Remark
[2019-06-24T08:44:52.549+0000][1][gc,start     ] GC(9) Pause Remark
[2019-06-24T08:44:52.555+0000][1][gc           ] GC(9) Pause Remark 20M->20M(247M) 5.973ms
[2019-06-24T08:44:52.555+0000][1][gc,cpu       ] GC(9) User=0.03s Sys=0.00s Real=0.01s
[2019-06-24T08:44:52.555+0000][1][safepoint    ] Leaving safepoint region
[2019-06-24T08:44:52.555+0000][1][safepoint    ] Total time for which application threads were stopped: 0.0060977 seconds, Stopping threads took: 0.0000152 seconds
[2019-06-24T08:44:52.555+0000][1][gc           ] GC(9) Concurrent Sweep
[2019-06-24T08:44:52.562+0000][1][gc           ] GC(9) Concurrent Sweep 7.008ms
[2019-06-24T08:44:52.562+0000][1][gc,cpu       ] GC(9) User=0.03s Sys=0.00s Real=0.00s
[2019-06-24T08:44:52.562+0000][1][gc           ] GC(9) Concurrent Reset
[2019-06-24T08:44:52.563+0000][1][gc           ] GC(9) Concurrent Reset 0.471ms
[2019-06-24T08:44:52.563+0000][1][gc,cpu       ] GC(9) User=0.01s Sys=0.00s Real=0.01s
[2019-06-24T08:44:52.563+0000][1][gc,heap      ] GC(9) Old: 11399K->13966K(174784K)
[2019-06-24T08:44:52.622+0000][1][safepoint    ] Application time: 0.0675215 seconds
[2019-06-24T08:44:52.622+0000][1][safepoint    ] Entering safepoint region: Deoptimize
[2019-06-24T08:44:52.623+0000][1][safepoint    ] Leaving safepoint region
[2019-06-24T08:44:52.623+0000][1][safepoint    ] Total time for which application threads were stopped: 0.0006504 seconds, Stopping threads took: 0.0000144 seconds
[2019-06-24T08:44:52.934+0000][1][safepoint    ] Application time: 0.3107096 seconds
[2019-06-24T08:44:52.934+0000][1][safepoint    ] Entering safepoint region: Deoptimize
[2019-06-24T08:44:52.935+0000][1][safepoint    ] Leaving safepoint region
[2019-06-24T08:44:52.935+0000][1][safepoint    ] Total time for which application threads were stopped: 0.0006928 seconds, Stopping threads took: 0.0000122 seconds
[2019-06-24T08:44:52.944+0000][1][safepoint    ] Application time: 0.0089619 seconds
[2019-06-24T08:44:52.944+0000][1][safepoint    ] Entering safepoint region: Deoptimize
[2019-06-24T08:44:52.944+0000][1][safepoint    ] Leaving safepoint region
[2019-06-24T08:44:52.944+0000][1][safepoint    ] Total time for which application threads were stopped: 0.0003438 seconds, Stopping threads took: 0.0000180 seconds
[2019-06-24T08:44:52.947+0000][1][safepoint    ] Application time: 0.0031607 seconds
[2019-06-24T08:44:52.947+0000][1][safepoint    ] Entering safepoint region: Deoptimize
[2019-06-24T08:44:52.947+0000][1][safepoint    ] Leaving safepoint region
[2019-06-24T08:44:52.947+0000][1][safepoint    ] Total time for which application threads were stopped: 0.0003621 seconds, Stopping threads took: 0.0000150 seconds
[2019-06-24T08:44:53.026+0000][1][safepoint    ] Application time: 0.0787847 seconds
[2019-06-24T08:44:53.026+0000][1][safepoint    ] Entering safepoint region: GenCollectForAllocation
[2019-06-24T08:44:53.026+0000][1][gc,start     ] GC(12) Pause Young (Allocation Failure)
[2019-06-24T08:44:53.026+0000][1][gc,task      ] GC(12) Using 5 workers of 8 for evacuation
[2019-06-24T08:44:53.032+0000][1][gc,age       ] GC(12) Desired survivor size 4456448 bytes, new threshold 5 (max threshold 6)
[2019-06-24T08:44:53.032+0000][1][gc,age       ] GC(12) Age table with threshold 5 (max threshold 6)
[2019-06-24T08:44:53.032+0000][1][gc,age       ] GC(12) - age   1:    3392880 bytes,    3392880 total
[2019-06-24T08:44:53.032+0000][1][gc,age       ] GC(12) - age   2:     344624 bytes,    3737504 total
[2019-06-24T08:44:53.032+0000][1][gc,age       ] GC(12) - age   3:      99240 bytes,    3836744 total
[2019-06-24T08:44:53.032+0000][1][gc,age       ] GC(12) - age   4:     461704 bytes,    4298448 total
[2019-06-24T08:44:53.032+0000][1][gc,age       ] GC(12) - age   5:     532272 bytes,    4830720 total
[2019-06-24T08:44:53.032+0000][1][gc,age       ] GC(12) - age   6:    1128728 bytes,    5959448 total
[2019-06-24T08:44:53.032+0000][1][gc,heap      ] GC(12) ParNew: 75111K->7231K(78656K)
[2019-06-24T08:44:53.032+0000][1][gc,heap      ] GC(12) CMS: 13966K->13966K(174784K)
[2019-06-24T08:44:53.032+0000][1][gc,metaspace ] GC(12) Metaspace: 26138K->26138K(1073152K)
[2019-06-24T08:44:53.032+0000][1][gc           ] GC(12) Pause Young (Allocation Failure) 86M->20M(247M) 5.918ms
[2019-06-24T08:44:53.032+0000][1][gc,cpu       ] GC(12) User=0.04s Sys=0.01s Real=0.00s
[2019-06-24T08:44:53.032+0000][1][safepoint    ] Leaving safepoint region
[2019-06-24T08:44:53.032+0000][1][safepoint    ] Total time for which application threads were stopped: 0.0060678 seconds, Stopping threads took: 0.0000183 seconds
[2019-06-24T08:44:53.563+0000][1][safepoint    ] Application time: 0.5305559 seconds
[2019-06-24T08:44:53.563+0000][1][safepoint    ] Entering safepoint region: RevokeBias
[2019-06-24T08:44:53.563+0000][1][safepoint    ] Leaving safepoint region
[2019-06-24T08:44:53.563+0000][1][safepoint    ] Total time for which application threads were stopped: 0.0003226 seconds, Stopping threads took: 0.0000177 seconds
[2019-06-24T08:44:53.683+0000][1][safepoint    ] Application time: 0.1199747 seconds
[2019-06-24T08:44:53.683+0000][1][safepoint    ] Entering safepoint region: GenCollectForAllocation
[2019-06-24T08:44:53.683+0000][1][gc,start     ] GC(13) Pause Young (Allocation Failure)
[2019-06-24T08:44:53.683+0000][1][gc,task      ] GC(13) Using 5 workers of 8 for evacuation
[2019-06-24T08:44:53.702+0000][1][gc,age       ] GC(13) Desired survivor size 4456448 bytes, new threshold 1 (max threshold 6)
[2019-06-24T08:44:53.702+0000][1][gc,age       ] GC(13) Age table with threshold 1 (max threshold 6)
[2019-06-24T08:44:53.702+0000][1][gc,age       ] GC(13) - age   1:    5067432 bytes,    5067432 total
[2019-06-24T08:44:53.702+0000][1][gc,age       ] GC(13) - age   2:    2940448 bytes,    8007880 total
[2019-06-24T08:44:53.702+0000][1][gc,age       ] GC(13) - age   3:     344424 bytes,    8352304 total
[2019-06-24T08:44:53.702+0000][1][gc,age       ] GC(13) - age   4:      99264 bytes,    8451568 total
[2019-06-24T08:44:53.702+0000][1][gc,age       ] GC(13) - age   5:     461704 bytes,    8913272 total
[2019-06-24T08:44:53.702+0000][1][gc,heap      ] GC(13) ParNew: 77183K->8704K(78656K)
[2019-06-24T08:44:53.702+0000][1][gc,heap      ] GC(13) CMS: 13966K->26126K(174784K)
[2019-06-24T08:44:53.702+0000][1][gc,metaspace ] GC(13) Metaspace: 26826K->26826K(1075200K)
[2019-06-24T08:44:53.702+0000][1][gc           ] GC(13) Pause Young (Allocation Failure) 89M->34M(247M) 19.024ms
[2019-06-24T08:44:53.702+0000][1][gc,cpu       ] GC(13) User=0.11s Sys=0.00s Real=0.01s
[2019-06-24T08:44:53.702+0000][1][safepoint    ] Leaving safepoint region
[2019-06-24T08:44:53.703+0000][1][safepoint    ] Total time for which application threads were stopped: 0.0191729 seconds, Stopping threads took: 0.0000174 seconds
[2019-06-24T08:44:53.848+0000][1][safepoint    ] Application time: 0.1451167 seconds
[2019-06-24T08:44:53.848+0000][1][safepoint    ] Entering safepoint region: Deoptimize
[2019-06-24T08:44:53.848+0000][1][safepoint    ] Leaving safepoint region
[2019-06-24T08:44:53.848+0000][1][safepoint    ] Total time for which application threads were stopped: 0.0003968 seconds, Stopping threads took: 0.0000173 seconds
[2019-06-24T08:44:54.113+0000][1][safepoint    ] Application time: 0.2644503 seconds
[2019-06-24T08:44:54.113+0000][1][safepoint    ] Entering safepoint region: GenCollectForAllocation
[2019-06-24T08:44:54.113+0000][1][gc,start     ] GC(14) Pause Young (Allocation Failure)
[2019-06-24T08:44:54.113+0000][1][gc,task      ] GC(14) Using 5 workers of 8 for evacuation
[2019-06-24T08:44:54.132+0000][1][gc,age       ] GC(14) Desired survivor size 4456448 bytes, new threshold 1 (max threshold 6)
[2019-06-24T08:44:54.132+0000][1][gc,age       ] GC(14) Age table with threshold 1 (max threshold 6)
[2019-06-24T08:44:54.132+0000][1][gc,age       ] GC(14) - age   1:    8912712 bytes,    8912712 total
[2019-06-24T08:44:54.133+0000][1][gc,heap      ] GC(14) ParNew: 78656K->8704K(78656K)
[2019-06-24T08:44:54.133+0000][1][gc,heap      ] GC(14) CMS: 26126K->38859K(174784K)
[2019-06-24T08:44:54.133+0000][1][gc,metaspace ] GC(14) Metaspace: 26944K->26944K(1075200K)
[2019-06-24T08:44:54.133+0000][1][gc           ] GC(14) Pause Young (Allocation Failure) 102M->46M(247M) 19.886ms
[2019-06-24T08:44:54.133+0000][1][gc,cpu       ] GC(14) User=0.13s Sys=0.00s Real=0.02s
[2019-06-24T08:44:54.133+0000][1][safepoint    ] Leaving safepoint region
[2019-06-24T08:44:54.133+0000][1][safepoint    ] Total time for which application threads were stopped: 0.0200161 seconds, Stopping threads took: 0.0000183 seconds
[2019-06-24T08:44:54.638+0000][1][safepoint    ] Application time: 0.5049907 seconds
[2019-06-24T08:44:54.638+0000][1][safepoint    ] Entering safepoint region: GenCollectForAllocation
[2019-06-24T08:44:54.638+0000][1][gc,start     ] GC(15) Pause Young (Allocation Failure)
[2019-06-24T08:44:54.638+0000][1][gc,task      ] GC(15) Using 5 workers of 8 for evacuation
[2019-06-24T08:44:54.656+0000][1][gc,age       ] GC(15) Desired survivor size 4456448 bytes, new threshold 1 (max threshold 6)
[2019-06-24T08:44:54.656+0000][1][gc,age       ] GC(15) Age table with threshold 1 (max threshold 6)
[2019-06-24T08:44:54.656+0000][1][gc,age       ] GC(15) - age   1:    6638720 bytes,    6638720 total
[2019-06-24T08:44:54.656+0000][1][gc,heap      ] GC(15) ParNew: 78656K->8704K(78656K)
[2019-06-24T08:44:54.656+0000][1][gc,heap      ] GC(15) CMS: 38859K->48912K(174784K)
[2019-06-24T08:44:54.656+0000][1][gc,metaspace ] GC(15) Metaspace: 31789K->31789K(1079296K)
[2019-06-24T08:44:54.656+0000][1][gc           ] GC(15) Pause Young (Allocation Failure) 114M->56M(247M) 18.346ms
[2019-06-24T08:44:54.656+0000][1][gc,cpu       ] GC(15) User=0.13s Sys=0.00s Real=0.02s
[2019-06-24T08:44:54.656+0000][1][safepoint    ] Leaving safepoint region
[2019-06-24T08:44:54.656+0000][1][safepoint    ] Total time for which application threads were stopped: 0.0185753 seconds, Stopping threads took: 0.0000192 seconds
[2019-06-24T08:44:54.790+0000][1][safepoint    ] Application time: 0.1341010 seconds
[2019-06-24T08:44:54.790+0000][1][safepoint    ] Entering safepoint region: GenCollectForAllocation
[2019-06-24T08:44:54.791+0000][1][gc,start     ] GC(16) Pause Young (Allocation Failure)
[2019-06-24T08:44:54.791+0000][1][gc,task      ] GC(16) Using 5 workers of 8 for evacuation
[2019-06-24T08:44:54.800+0000][1][gc,age       ] GC(16) Desired survivor size 4456448 bytes, new threshold 6 (max threshold 6)
[2019-06-24T08:44:54.800+0000][1][gc,age       ] GC(16) Age table with threshold 6 (max threshold 6)
[2019-06-24T08:44:54.800+0000][1][gc,age       ] GC(16) - age   1:     381488 bytes,     381488 total
[2019-06-24T08:44:54.800+0000][1][gc,heap      ] GC(16) ParNew: 78656K->6974K(78656K)
[2019-06-24T08:44:54.800+0000][1][gc,heap      ] GC(16) CMS: 48912K->55444K(174784K)
[2019-06-24T08:44:54.800+0000][1][gc,metaspace ] GC(16) Metaspace: 32781K->32781K(1079296K)
[2019-06-24T08:44:54.800+0000][1][gc           ] GC(16) Pause Young (Allocation Failure) 124M->60M(247M) 9.260ms
[2019-06-24T08:44:54.800+0000][1][gc,cpu       ] GC(16) User=0.06s Sys=0.00s Real=0.01s
[2019-06-24T08:44:54.800+0000][1][safepoint    ] Leaving safepoint region
[2019-06-24T08:44:54.800+0000][1][safepoint    ] Total time for which application threads were stopped: 0.0094454 seconds, Stopping threads took: 0.0000191 seconds
[2019-06-24T08:44:55.005+0000][1][safepoint    ] Application time: 0.2053269 seconds
[2019-06-24T08:44:55.005+0000][1][safepoint    ] Entering safepoint region: CollectForMetadataAllocation
[2019-06-24T08:44:55.005+0000][1][safepoint    ] Leaving safepoint region
[2019-06-24T08:44:55.005+0000][1][safepoint    ] Total time for which application threads were stopped: 0.0001864 seconds, Stopping threads took: 0.0000169 seconds
[2019-06-24T08:44:55.030+0000][1][safepoint    ] Application time: 0.0246149 seconds
[2019-06-24T08:44:55.030+0000][1][safepoint    ] Entering safepoint region: CollectForMetadataAllocation
[2019-06-24T08:44:55.030+0000][1][safepoint    ] Leaving safepoint region
[2019-06-24T08:44:55.030+0000][1][safepoint    ] Total time for which application threads were stopped: 0.0001435 seconds, Stopping threads took: 0.0000155 seconds
[2019-06-24T08:44:55.054+0000][1][safepoint    ] Application time: 0.0239846 seconds
[2019-06-24T08:44:55.054+0000][1][safepoint    ] Entering safepoint region: CollectForMetadataAllocation
[2019-06-24T08:44:55.054+0000][1][safepoint    ] Leaving safepoint region
[2019-06-24T08:44:55.054+0000][1][safepoint    ] Total time for which application threads were stopped: 0.0001970 seconds, Stopping threads took: 0.0000162 seconds
[2019-06-24T08:44:55.067+0000][1][safepoint    ] Application time: 0.0125682 seconds
[2019-06-24T08:44:55.067+0000][1][safepoint    ] Entering safepoint region: CollectForMetadataAllocation
[2019-06-24T08:44:55.067+0000][1][safepoint    ] Leaving safepoint region
[2019-06-24T08:44:55.067+0000][1][safepoint    ] Total time for which application threads were stopped: 0.0001893 seconds, Stopping threads took: 0.0000175 seconds
[2019-06-24T08:44:55.083+0000][1][safepoint    ] Application time: 0.0161643 seconds
[2019-06-24T08:44:55.083+0000][1][safepoint    ] Entering safepoint region: CollectForMetadataAllocation
[2019-06-24T08:44:55.084+0000][1][safepoint    ] Leaving safepoint region
[2019-06-24T08:44:55.084+0000][1][safepoint    ] Total time for which application threads were stopped: 0.0001429 seconds, Stopping threads took: 0.0000100 seconds
[2019-06-24T08:44:55.095+0000][1][safepoint    ] Application time: 0.0109743 seconds
[2019-06-24T08:44:55.095+0000][1][safepoint    ] Entering safepoint region: CollectForMetadataAllocation
[2019-06-24T08:44:55.095+0000][1][safepoint    ] Leaving safepoint region
[2019-06-24T08:44:55.095+0000][1][safepoint    ] Total time for which application threads were stopped: 0.0001513 seconds, Stopping threads took: 0.0000101 seconds
[2019-06-24T08:44:55.112+0000][1][safepoint    ] Application time: 0.0173847 seconds
[2019-06-24T08:44:55.112+0000][1][safepoint    ] Entering safepoint region: CollectForMetadataAllocation
[2019-06-24T08:44:55.112+0000][1][safepoint    ] Leaving safepoint region
[2019-06-24T08:44:55.112+0000][1][safepoint    ] Total time for which application threads were stopped: 0.0001425 seconds, Stopping threads took: 0.0000103 seconds
[2019-06-24T08:44:55.129+0000][1][safepoint    ] Application time: 0.0168194 seconds
[2019-06-24T08:44:55.129+0000][1][safepoint    ] Entering safepoint region: CollectForMetadataAllocation
[2019-06-24T08:44:55.129+0000][1][safepoint    ] Leaving safepoint region
[2019-06-24T08:44:55.129+0000][1][safepoint    ] Total time for which application threads were stopped: 0.0001606 seconds, Stopping threads took: 0.0000110 seconds
[2019-06-24T08:44:55.141+0000][1][safepoint    ] Application time: 0.0118607 seconds
[2019-06-24T08:44:55.141+0000][1][safepoint    ] Entering safepoint region: CollectForMetadataAllocation
[2019-06-24T08:44:55.141+0000][1][safepoint    ] Leaving safepoint region
[2019-06-24T08:44:55.141+0000][1][safepoint    ] Total time for which application threads were stopped: 0.0001481 seconds, Stopping threads took: 0.0000115 seconds
[2019-06-24T08:44:55.162+0000][1][safepoint    ] Application time: 0.0200792 seconds
[2019-06-24T08:44:55.162+0000][1][safepoint    ] Entering safepoint region: CollectForMetadataAllocation
[2019-06-24T08:44:55.162+0000][1][safepoint    ] Leaving safepoint region
[2019-06-24T08:44:55.162+0000][1][safepoint    ] Total time for which application threads were stopped: 0.0002465 seconds, Stopping threads took: 0.0001084 seconds
[2019-06-24T08:44:55.168+0000][1][safepoint    ] Application time: 0.0066285 seconds
[2019-06-24T08:44:55.169+0000][1][safepoint    ] Entering safepoint region: RevokeBias
[2019-06-24T08:44:55.169+0000][1][safepoint    ] Leaving safepoint region
[2019-06-24T08:44:55.169+0000][1][safepoint    ] Total time for which application threads were stopped: 0.0001406 seconds, Stopping threads took: 0.0000600 seconds
[2019-06-24T08:44:55.176+0000][1][safepoint    ] Application time: 0.0069065 seconds
[2019-06-24T08:44:55.176+0000][1][safepoint    ] Entering safepoint region: RevokeBias
[2019-06-24T08:44:55.176+0000][1][safepoint    ] Leaving safepoint region
[2019-06-24T08:44:55.176+0000][1][safepoint    ] Total time for which application threads were stopped: 0.0000693 seconds, Stopping threads took: 0.0000100 seconds
[2019-06-24T08:44:55.186+0000][1][safepoint    ] Application time: 0.0105761 seconds
[2019-06-24T08:44:55.186+0000][1][safepoint    ] Entering safepoint region: RevokeBias
[2019-06-24T08:44:55.186+0000][1][safepoint    ] Leaving safepoint region
[2019-06-24T08:44:55.186+0000][1][safepoint    ] Total time for which application threads were stopped: 0.0000910 seconds, Stopping threads took: 0.0000202 seconds
[2019-06-24T08:44:55.199+0000][1][safepoint    ] Application time: 0.0126185 seconds
[2019-06-24T08:44:55.199+0000][1][safepoint    ] Entering safepoint region: RevokeBias
[2019-06-24T08:44:55.199+0000][1][safepoint    ] Leaving safepoint region
[2019-06-24T08:44:55.199+0000][1][safepoint    ] Total time for which application threads were stopped: 0.0001219 seconds, Stopping threads took: 0.0000168 seconds
[2019-06-24T08:44:55.204+0000][1][safepoint    ] Application time: 0.0053667 seconds
[2019-06-24T08:44:55.205+0000][1][safepoint    ] Entering safepoint region: CollectForMetadataAllocation
[2019-06-24T08:44:55.205+0000][1][safepoint    ] Leaving safepoint region
[2019-06-24T08:44:55.205+0000][1][safepoint    ] Total time for which application threads were stopped: 0.0001507 seconds, Stopping threads took: 0.0000105 seconds
[2019-06-24T08:44:55.220+0000][1][safepoint    ] Application time: 0.0156634 seconds
[2019-06-24T08:44:55.220+0000][1][safepoint    ] Entering safepoint region: CollectForMetadataAllocation
[2019-06-24T08:44:55.221+0000][1][safepoint    ] Leaving safepoint region
[2019-06-24T08:44:55.221+0000][1][safepoint    ] Total time for which application threads were stopped: 0.0001426 seconds, Stopping threads took: 0.0000110 seconds
[2019-06-24T08:44:55.235+0000][1][safepoint    ] Application time: 0.0143069 seconds
[2019-06-24T08:44:55.235+0000][1][safepoint    ] Entering safepoint region: CollectForMetadataAllocation
[2019-06-24T08:44:55.235+0000][1][safepoint    ] Leaving safepoint region
[2019-06-24T08:44:55.235+0000][1][safepoint    ] Total time for which application threads were stopped: 0.0001564 seconds, Stopping threads took: 0.0000107 seconds
[2019-06-24T08:44:55.251+0000][1][safepoint    ] Application time: 0.0159267 seconds
[2019-06-24T08:44:55.251+0000][1][safepoint    ] Entering safepoint region: CollectForMetadataAllocation
[2019-06-24T08:44:55.251+0000][1][safepoint    ] Leaving safepoint region
[2019-06-24T08:44:55.251+0000][1][safepoint    ] Total time for which application threads were stopped: 0.0001455 seconds, Stopping threads took: 0.0000107 seconds
[2019-06-24T08:44:55.264+0000][1][safepoint    ] Application time: 0.0130377 seconds
[2019-06-24T08:44:55.264+0000][1][safepoint    ] Entering safepoint region: CollectForMetadataAllocation
[2019-06-24T08:44:55.264+0000][1][safepoint    ] Leaving safepoint region
[2019-06-24T08:44:55.264+0000][1][safepoint    ] Total time for which application threads were stopped: 0.0001556 seconds, Stopping threads took: 0.0000103 seconds
[2019-06-24T08:44:55.276+0000][1][safepoint    ] Application time: 0.0120590 seconds
[2019-06-24T08:44:55.276+0000][1][safepoint    ] Entering safepoint region: CollectForMetadataAllocation
[2019-06-24T08:44:55.277+0000][1][safepoint    ] Leaving safepoint region
[2019-06-24T08:44:55.277+0000][1][safepoint    ] Total time for which application threads were stopped: 0.0001571 seconds, Stopping threads took: 0.0000107 seconds
[2019-06-24T08:44:55.295+0000][1][safepoint    ] Application time: 0.0179122 seconds
[2019-06-24T08:44:55.295+0000][1][safepoint    ] Entering safepoint region: CollectForMetadataAllocation
[2019-06-24T08:44:55.295+0000][1][safepoint    ] Leaving safepoint region
[2019-06-24T08:44:55.295+0000][1][safepoint    ] Total time for which application threads were stopped: 0.0001818 seconds, Stopping threads took: 0.0000152 seconds
[2019-06-24T08:44:55.313+0000][1][safepoint    ] Application time: 0.0177399 seconds
[2019-06-24T08:44:55.313+0000][1][safepoint    ] Entering safepoint region: CollectForMetadataAllocation
[2019-06-24T08:44:55.313+0000][1][safepoint    ] Leaving safepoint region
[2019-06-24T08:44:55.313+0000][1][safepoint    ] Total time for which application threads were stopped: 0.0002333 seconds, Stopping threads took: 0.0000251 seconds
[2019-06-24T08:44:55.336+0000][1][safepoint    ] Application time: 0.0228705 seconds
[2019-06-24T08:44:55.336+0000][1][safepoint    ] Entering safepoint region: CollectForMetadataAllocation
[2019-06-24T08:44:55.336+0000][1][safepoint    ] Leaving safepoint region
[2019-06-24T08:44:55.336+0000][1][safepoint    ] Total time for which application threads were stopped: 0.0001912 seconds, Stopping threads took: 0.0000162 seconds
[2019-06-24T08:44:55.346+0000][1][safepoint    ] Application time: 0.0101754 seconds
[2019-06-24T08:44:55.346+0000][1][safepoint    ] Entering safepoint region: CollectForMetadataAllocation
[2019-06-24T08:44:55.346+0000][1][safepoint    ] Leaving safepoint region
[2019-06-24T08:44:55.346+0000][1][safepoint    ] Total time for which application threads were stopped: 0.0001517 seconds, Stopping threads took: 0.0000155 seconds
[2019-06-24T08:44:55.368+0000][1][safepoint    ] Application time: 0.0212985 seconds
[2019-06-24T08:44:55.368+0000][1][safepoint    ] Entering safepoint region: CollectForMetadataAllocation
[2019-06-24T08:44:55.368+0000][1][safepoint    ] Leaving safepoint region
[2019-06-24T08:44:55.368+0000][1][safepoint    ] Total time for which application threads were stopped: 0.0001475 seconds, Stopping threads took: 0.0000100 seconds
[2019-06-24T08:44:55.382+0000][1][safepoint    ] Application time: 0.0140161 seconds
[2019-06-24T08:44:55.382+0000][1][safepoint    ] Entering safepoint region: CollectForMetadataAllocation
[2019-06-24T08:44:55.382+0000][1][safepoint    ] Leaving safepoint region
[2019-06-24T08:44:55.382+0000][1][safepoint    ] Total time for which application threads were stopped: 0.0001363 seconds, Stopping threads took: 0.0000162 seconds
[2019-06-24T08:44:55.405+0000][1][safepoint    ] Application time: 0.0227227 seconds
[2019-06-24T08:44:55.405+0000][1][safepoint    ] Entering safepoint region: CollectForMetadataAllocation
[2019-06-24T08:44:55.405+0000][1][safepoint    ] Leaving safepoint region
[2019-06-24T08:44:55.405+0000][1][safepoint    ] Total time for which application threads were stopped: 0.0001628 seconds, Stopping threads took: 0.0000166 seconds
[2019-06-24T08:44:55.423+0000][1][safepoint    ] Application time: 0.0182486 seconds
[2019-06-24T08:44:55.423+0000][1][safepoint    ] Entering safepoint region: CollectForMetadataAllocation
[2019-06-24T08:44:55.423+0000][1][safepoint    ] Leaving safepoint region
[2019-06-24T08:44:55.423+0000][1][safepoint    ] Total time for which application threads were stopped: 0.0001559 seconds, Stopping threads took: 0.0000172 seconds
[2019-06-24T08:44:55.440+0000][1][safepoint    ] Application time: 0.0169611 seconds
[2019-06-24T08:44:55.440+0000][1][safepoint    ] Entering safepoint region: CollectForMetadataAllocation
[2019-06-24T08:44:55.441+0000][1][safepoint    ] Leaving safepoint region
[2019-06-24T08:44:55.441+0000][1][safepoint    ] Total time for which application threads were stopped: 0.0001968 seconds, Stopping threads took: 0.0000246 seconds
[2019-06-24T08:44:55.455+0000][1][safepoint    ] Application time: 0.0143935 seconds
[2019-06-24T08:44:55.455+0000][1][safepoint    ] Entering safepoint region: CollectForMetadataAllocation
[2019-06-24T08:44:55.455+0000][1][safepoint    ] Leaving safepoint region
[2019-06-24T08:44:55.455+0000][1][safepoint    ] Total time for which application threads were stopped: 0.0002029 seconds, Stopping threads took: 0.0000310 seconds
[2019-06-24T08:44:55.475+0000][1][safepoint    ] Application time: 0.0201486 seconds
[2019-06-24T08:44:55.475+0000][1][safepoint    ] Entering safepoint region: RevokeBias
[2019-06-24T08:44:55.475+0000][1][safepoint    ] Leaving safepoint region
[2019-06-24T08:44:55.476+0000][1][safepoint    ] Total time for which application threads were stopped: 0.0000800 seconds, Stopping threads took: 0.0000288 seconds
[2019-06-24T08:44:55.477+0000][1][safepoint    ] Application time: 0.0011611 seconds
[2019-06-24T08:44:55.477+0000][1][safepoint    ] Entering safepoint region: CollectForMetadataAllocation
[2019-06-24T08:44:55.477+0000][1][safepoint    ] Leaving safepoint region
[2019-06-24T08:44:55.477+0000][1][safepoint    ] Total time for which application threads were stopped: 0.0001887 seconds, Stopping threads took: 0.0000121 seconds
[2019-06-24T08:44:55.494+0000][1][safepoint    ] Application time: 0.0171315 seconds
[2019-06-24T08:44:55.494+0000][1][safepoint    ] Entering safepoint region: CollectForMetadataAllocation
[2019-06-24T08:44:55.494+0000][1][safepoint    ] Leaving safepoint region
[2019-06-24T08:44:55.494+0000][1][safepoint    ] Total time for which application threads were stopped: 0.0002187 seconds, Stopping threads took: 0.0000170 seconds
[2019-06-24T08:44:56.110+0000][1][safepoint    ] Application time: 0.6153646 seconds
[2019-06-24T08:44:56.110+0000][1][safepoint    ] Entering safepoint region: CollectForMetadataAllocation
[2019-06-24T08:44:56.110+0000][1][safepoint    ] Leaving safepoint region
[2019-06-24T08:44:56.110+0000][1][safepoint    ] Total time for which application threads were stopped: 0.0000996 seconds, Stopping threads took: 0.0000102 seconds
[2019-06-24T08:44:56.116+0000][1][safepoint    ] Application time: 0.0062683 seconds
[2019-06-24T08:44:56.116+0000][1][safepoint    ] Entering safepoint region: GenCollectForAllocation
[2019-06-24T08:44:56.117+0000][1][gc,start     ] GC(17) Pause Young (Allocation Failure)
[2019-06-24T08:44:56.117+0000][1][gc,task      ] GC(17) Using 5 workers of 8 for evacuation
[2019-06-24T08:44:56.120+0000][1][gc,age       ] GC(17) Desired survivor size 4456448 bytes, new threshold 6 (max threshold 6)
[2019-06-24T08:44:56.120+0000][1][gc,age       ] GC(17) Age table with threshold 6 (max threshold 6)
[2019-06-24T08:44:56.120+0000][1][gc,age       ] GC(17) - age   1:    3758376 bytes,    3758376 total
[2019-06-24T08:44:56.120+0000][1][gc,age       ] GC(17) - age   2:     341608 bytes,    4099984 total
[2019-06-24T08:44:56.120+0000][1][gc,heap      ] GC(17) ParNew: 76926K->4715K(78656K)
[2019-06-24T08:44:56.120+0000][1][gc,heap      ] GC(17) CMS: 55444K->55444K(174784K)
[2019-06-24T08:44:56.121+0000][1][gc,metaspace ] GC(17) Metaspace: 42127K->42127K(1087488K)
[2019-06-24T08:44:56.121+0000][1][gc           ] GC(17) Pause Young (Allocation Failure) 129M->58M(247M) 3.613ms
[2019-06-24T08:44:56.121+0000][1][gc,cpu       ] GC(17) User=0.02s Sys=0.00s Real=0.00s
[2019-06-24T08:44:56.121+0000][1][safepoint    ] Leaving safepoint region
[2019-06-24T08:44:56.121+0000][1][safepoint    ] Total time for which application threads were stopped: 0.0044617 seconds, Stopping threads took: 0.0007509 seconds
[2019-06-24T08:44:56.121+0000][1][safepoint    ] Application time: 0.0001502 seconds
[2019-06-24T08:44:56.121+0000][1][safepoint    ] Entering safepoint region: CMS_Initial_Mark
[2019-06-24T08:44:56.121+0000][1][gc,start     ] GC(18) Pause Initial Mark
[2019-06-24T08:44:56.122+0000][1][gc           ] GC(18) Pause Initial Mark 60M->60M(247M) 1.231ms
[2019-06-24T08:44:56.122+0000][1][gc,cpu       ] GC(18) User=0.01s Sys=0.00s Real=0.00s
[2019-06-24T08:44:56.122+0000][1][safepoint    ] Leaving safepoint region
[2019-06-24T08:44:56.122+0000][1][safepoint    ] Total time for which application threads were stopped: 0.0013270 seconds, Stopping threads took: 0.0000307 seconds
[2019-06-24T08:44:56.122+0000][1][gc           ] GC(18) Concurrent Mark
[2019-06-24T08:44:56.122+0000][1][gc,task      ] GC(18) Using 2 workers of 2 for marking
[2019-06-24T08:44:56.124+0000][1][safepoint    ] Application time: 0.0019716 seconds
[2019-06-24T08:44:56.124+0000][1][safepoint    ] Entering safepoint region: RevokeBias
[2019-06-24T08:44:56.124+0000][1][safepoint    ] Leaving safepoint region
[2019-06-24T08:44:56.124+0000][1][safepoint    ] Total time for which application threads were stopped: 0.0000754 seconds, Stopping threads took: 0.0000378 seconds
[2019-06-24T08:44:56.148+0000][1][safepoint    ] Application time: 0.0243263 seconds
[2019-06-24T08:44:56.149+0000][1][safepoint    ] Entering safepoint region: CollectForMetadataAllocation
[2019-06-24T08:44:56.149+0000][1][safepoint    ] Leaving safepoint region
[2019-06-24T08:44:56.149+0000][1][safepoint    ] Total time for which application threads were stopped: 0.0001742 seconds, Stopping threads took: 0.0000146 seconds
[2019-06-24T08:44:56.166+0000][1][gc           ] GC(18) Concurrent Mark 44.280ms
[2019-06-24T08:44:56.166+0000][1][gc,cpu       ] GC(18) User=0.17s Sys=0.00s Real=0.05s
[2019-06-24T08:44:56.166+0000][1][gc           ] GC(18) Concurrent Preclean
[2019-06-24T08:44:56.168+0000][1][gc           ] GC(18) Concurrent Preclean 1.324ms
[2019-06-24T08:44:56.168+0000][1][gc,cpu       ] GC(18) User=0.00s Sys=0.01s Real=0.00s
[2019-06-24T08:44:56.168+0000][1][gc           ] GC(18) Concurrent Abortable Preclean
[2019-06-24T08:44:56.275+0000][1][safepoint    ] Application time: 0.1259167 seconds
[2019-06-24T08:44:56.275+0000][1][safepoint    ] Entering safepoint region: CollectForMetadataAllocation
[2019-06-24T08:44:56.275+0000][1][safepoint    ] Leaving safepoint region
[2019-06-24T08:44:56.275+0000][1][safepoint    ] Total time for which application threads were stopped: 0.0002334 seconds, Stopping threads took: 0.0000186 seconds
[2019-06-24T08:44:56.338+0000][1][safepoint    ] Application time: 0.0632874 seconds
[2019-06-24T08:44:56.338+0000][1][safepoint    ] Entering safepoint region: CollectForMetadataAllocation
[2019-06-24T08:44:56.338+0000][1][safepoint    ] Leaving safepoint region
[2019-06-24T08:44:56.338+0000][1][safepoint    ] Total time for which application threads were stopped: 0.0002163 seconds, Stopping threads took: 0.0000164 seconds
[2019-06-24T08:44:56.360+0000][1][safepoint    ] Application time: 0.0211090 seconds
[2019-06-24T08:44:56.360+0000][1][safepoint    ] Entering safepoint region: CollectForMetadataAllocation
[2019-06-24T08:44:56.360+0000][1][safepoint    ] Leaving safepoint region
[2019-06-24T08:44:56.360+0000][1][safepoint    ] Total time for which application threads were stopped: 0.0001977 seconds, Stopping threads took: 0.0000144 seconds
[2019-06-24T08:44:56.374+0000][1][safepoint    ] Application time: 0.0138617 seconds
[2019-06-24T08:44:56.374+0000][1][safepoint    ] Entering safepoint region: CollectForMetadataAllocation
[2019-06-24T08:44:56.374+0000][1][safepoint    ] Leaving safepoint region
[2019-06-24T08:44:56.374+0000][1][safepoint    ] Total time for which application threads were stopped: 0.0002068 seconds, Stopping threads took: 0.0000151 seconds
[2019-06-24T08:44:56.407+0000][1][safepoint    ] Application time: 0.0331019 seconds
[2019-06-24T08:44:56.407+0000][1][safepoint    ] Entering safepoint region: CollectForMetadataAllocation
[2019-06-24T08:44:56.407+0000][1][safepoint    ] Leaving safepoint region
[2019-06-24T08:44:56.407+0000][1][safepoint    ] Total time for which application threads were stopped: 0.0002823 seconds, Stopping threads took: 0.0000164 seconds
[2019-06-24T08:44:56.408+0000][1][gc           ] GC(18) Concurrent Abortable Preclean 240.319ms
[2019-06-24T08:44:56.408+0000][1][gc,cpu       ] GC(18) User=1.02s Sys=0.01s Real=0.24s
[2019-06-24T08:44:56.408+0000][1][safepoint    ] Application time: 0.0008391 seconds
[2019-06-24T08:44:56.408+0000][1][safepoint    ] Entering safepoint region: CMS_Final_Remark
[2019-06-24T08:44:56.408+0000][1][gc,start     ] GC(18) Pause Remark
[2019-06-24T08:44:56.426+0000][1][gc           ] GC(18) Pause Remark 95M->95M(247M) 18.049ms
[2019-06-24T08:44:56.427+0000][1][gc,cpu       ] GC(18) User=0.09s Sys=0.00s Real=0.02s
[2019-06-24T08:44:56.427+0000][1][safepoint    ] Leaving safepoint region
[2019-06-24T08:44:56.427+0000][1][safepoint    ] Total time for which application threads were stopped: 0.0183311 seconds, Stopping threads took: 0.0001480 seconds
[2019-06-24T08:44:56.427+0000][1][gc           ] GC(18) Concurrent Sweep
[2019-06-24T08:44:56.455+0000][1][safepoint    ] Application time: 0.0289388 seconds
[2019-06-24T08:44:56.456+0000][1][safepoint    ] Entering safepoint region: CollectForMetadataAllocation
[2019-06-24T08:44:56.456+0000][1][safepoint    ] Leaving safepoint region
[2019-06-24T08:44:56.456+0000][1][safepoint    ] Total time for which application threads were stopped: 0.0006875 seconds, Stopping threads took: 0.0000121 seconds
[2019-06-24T08:44:56.461+0000][1][gc           ] GC(18) Concurrent Sweep 34.372ms
[2019-06-24T08:44:56.461+0000][1][gc,cpu       ] GC(18) User=0.17s Sys=0.00s Real=0.03s
[2019-06-24T08:44:56.461+0000][1][gc           ] GC(18) Concurrent Reset
[2019-06-24T08:44:56.461+0000][1][gc           ] GC(18) Concurrent Reset 0.364ms
[2019-06-24T08:44:56.461+0000][1][gc,cpu       ] GC(18) User=0.00s Sys=0.00s Real=0.00s
[2019-06-24T08:44:56.461+0000][1][gc,heap      ] GC(18) Old: 55444K->55229K(174784K)
[2019-06-24T08:44:56.514+0000][1][safepoint    ] Application time: 0.0574017 seconds
[2019-06-24T08:44:56.514+0000][1][safepoint    ] Entering safepoint region: RevokeBias
[2019-06-24T08:44:56.514+0000][1][safepoint    ] Leaving safepoint region
[2019-06-24T08:44:56.514+0000][1][safepoint    ] Total time for which application threads were stopped: 0.0001235 seconds, Stopping threads took: 0.0000142 seconds
[2019-06-24T08:44:56.520+0000][1][safepoint    ] Application time: 0.0058494 seconds
[2019-06-24T08:44:56.520+0000][1][safepoint    ] Entering safepoint region: RevokeBias
[2019-06-24T08:44:56.520+0000][1][safepoint    ] Leaving safepoint region
[2019-06-24T08:44:56.520+0000][1][safepoint    ] Total time for which application threads were stopped: 0.0000640 seconds, Stopping threads took: 0.0000104 seconds
[2019-06-24T08:44:56.732+0000][1][safepoint    ] Application time: 0.2123115 seconds
[2019-06-24T08:44:56.732+0000][1][safepoint    ] Entering safepoint region: RevokeBias
[2019-06-24T08:44:56.733+0000][1][safepoint    ] Leaving safepoint region
[2019-06-24T08:44:56.733+0000][1][safepoint    ] Total time for which application threads were stopped: 0.0004794 seconds, Stopping threads took: 0.0000379 seconds
[2019-06-24T08:44:56.733+0000][1][safepoint    ] Application time: 0.0001635 seconds
[2019-06-24T08:44:56.733+0000][1][safepoint    ] Entering safepoint region: RevokeBias
[2019-06-24T08:44:56.733+0000][1][safepoint    ] Leaving safepoint region
[2019-06-24T08:44:56.733+0000][1][safepoint    ] Total time for which application threads were stopped: 0.0000610 seconds, Stopping threads took: 0.0000096 seconds
[2019-06-24T08:44:56.733+0000][1][safepoint    ] Application time: 0.0001415 seconds
[2019-06-24T08:44:56.733+0000][1][safepoint    ] Entering safepoint region: RevokeBias
[2019-06-24T08:44:56.733+0000][1][safepoint    ] Leaving safepoint region
[2019-06-24T08:44:56.733+0000][1][safepoint    ] Total time for which application threads were stopped: 0.0002627 seconds, Stopping threads took: 0.0002191 seconds
[2019-06-24T08:44:56.733+0000][1][safepoint    ] Application time: 0.0001241 seconds
[2019-06-24T08:44:56.734+0000][1][safepoint    ] Entering safepoint region: RevokeBias
[2019-06-24T08:44:56.734+0000][1][safepoint    ] Leaving safepoint region
[2019-06-24T08:44:56.734+0000][1][safepoint    ] Total time for which application threads were stopped: 0.0001504 seconds, Stopping threads took: 0.0001178 seconds
[2019-06-24T08:44:56.734+0000][1][safepoint    ] Application time: 0.0003078 seconds
[2019-06-24T08:44:56.734+0000][1][safepoint    ] Entering safepoint region: RevokeBias
[2019-06-24T08:44:56.734+0000][1][safepoint    ] Leaving safepoint region
[2019-06-24T08:44:56.734+0000][1][safepoint    ] Total time for which application threads were stopped: 0.0001386 seconds, Stopping threads took: 0.0001052 seconds
[2019-06-24T08:44:56.734+0000][1][safepoint    ] Application time: 0.0003862 seconds
[2019-06-24T08:44:56.734+0000][1][safepoint    ] Entering safepoint region: RevokeBias
[2019-06-24T08:44:56.735+0000][1][safepoint    ] Leaving safepoint region
[2019-06-24T08:44:56.735+0000][1][safepoint    ] Total time for which application threads were stopped: 0.0001077 seconds, Stopping threads took: 0.0000513 seconds
[2019-06-24T08:44:56.735+0000][1][safepoint    ] Application time: 0.0001237 seconds
[2019-06-24T08:44:56.735+0000][1][safepoint    ] Entering safepoint region: RevokeBias
[2019-06-24T08:44:56.735+0000][1][safepoint    ] Leaving safepoint region
[2019-06-24T08:44:56.735+0000][1][safepoint    ] Total time for which application threads were stopped: 0.0002184 seconds, Stopping threads took: 0.0001688 seconds
[2019-06-24T08:44:56.735+0000][1][safepoint    ] Application time: 0.0001986 seconds
[2019-06-24T08:44:56.735+0000][1][safepoint    ] Entering safepoint region: RevokeBias
[2019-06-24T08:44:56.735+0000][1][safepoint    ] Leaving safepoint region
[2019-06-24T08:44:56.735+0000][1][safepoint    ] Total time for which application threads were stopped: 0.0000799 seconds, Stopping threads took: 0.0000354 seconds
[2019-06-24T08:44:56.735+0000][1][safepoint    ] Application time: 0.0000966 seconds
[2019-06-24T08:44:56.735+0000][1][safepoint    ] Entering safepoint region: RevokeBias
[2019-06-24T08:44:56.735+0000][1][safepoint    ] Leaving safepoint region
[2019-06-24T08:44:56.735+0000][1][safepoint    ] Total time for which application threads were stopped: 0.0000574 seconds, Stopping threads took: 0.0000270 seconds
[2019-06-24T08:44:56.736+0000][1][safepoint    ] Application time: 0.0001166 seconds
[2019-06-24T08:44:56.736+0000][1][safepoint    ] Entering safepoint region: RevokeBias
[2019-06-24T08:44:56.736+0000][1][safepoint    ] Leaving safepoint region
[2019-06-24T08:44:56.736+0000][1][safepoint    ] Total time for which application threads were stopped: 0.0000627 seconds, Stopping threads took: 0.0000123 seconds
[2019-06-24T08:44:56.736+0000][1][safepoint    ] Application time: 0.0000965 seconds
[2019-06-24T08:44:56.736+0000][1][safepoint    ] Entering safepoint region: RevokeBias
[2019-06-24T08:44:56.736+0000][1][safepoint    ] Leaving safepoint region
[2019-06-24T08:44:56.736+0000][1][safepoint    ] Total time for which application threads were stopped: 0.0000757 seconds, Stopping threads took: 0.0000268 seconds
[2019-06-24T08:44:56.736+0000][1][safepoint    ] Application time: 0.0001037 seconds
[2019-06-24T08:44:56.736+0000][1][safepoint    ] Entering safepoint region: RevokeBias
[2019-06-24T08:44:56.736+0000][1][safepoint    ] Leaving safepoint region
[2019-06-24T08:44:56.736+0000][1][safepoint    ] Total time for which application threads were stopped: 0.0000615 seconds, Stopping threads took: 0.0000107 seconds
[2019-06-24T08:44:56.736+0000][1][safepoint    ] Application time: 0.0000958 seconds
[2019-06-24T08:44:56.736+0000][1][safepoint    ] Entering safepoint region: RevokeBias
[2019-06-24T08:44:56.736+0000][1][safepoint    ] Leaving safepoint region
[2019-06-24T08:44:56.736+0000][1][safepoint    ] Total time for which application threads were stopped: 0.0000783 seconds, Stopping threads took: 0.0000318 seconds
[2019-06-24T08:44:56.736+0000][1][safepoint    ] Application time: 0.0000934 seconds
[2019-06-24T08:44:56.736+0000][1][safepoint    ] Entering safepoint region: RevokeBias
[2019-06-24T08:44:56.736+0000][1][safepoint    ] Leaving safepoint region
[2019-06-24T08:44:56.736+0000][1][safepoint    ] Total time for which application threads were stopped: 0.0000587 seconds, Stopping threads took: 0.0000106 seconds
[2019-06-24T08:44:56.736+0000][1][safepoint    ] Application time: 0.0000390 seconds
[2019-06-24T08:44:56.736+0000][1][safepoint    ] Entering safepoint region: RevokeBias
[2019-06-24T08:44:56.736+0000][1][safepoint    ] Leaving safepoint region
[2019-06-24T08:44:56.736+0000][1][safepoint    ] Total time for which application threads were stopped: 0.0000549 seconds, Stopping threads took: 0.0000100 seconds
[2019-06-24T08:44:56.737+0000][1][safepoint    ] Application time: 0.0000366 seconds
[2019-06-24T08:44:56.737+0000][1][safepoint    ] Entering safepoint region: RevokeBias
[2019-06-24T08:44:56.737+0000][1][safepoint    ] Leaving safepoint region
[2019-06-24T08:44:56.737+0000][1][safepoint    ] Total time for which application threads were stopped: 0.0000830 seconds, Stopping threads took: 0.0000395 seconds
[2019-06-24T08:44:56.737+0000][1][safepoint    ] Application time: 0.0000404 seconds
[2019-06-24T08:44:56.737+0000][1][safepoint    ] Entering safepoint region: RevokeBias
[2019-06-24T08:44:56.737+0000][1][safepoint    ] Leaving safepoint region
[2019-06-24T08:44:56.737+0000][1][safepoint    ] Total time for which application threads were stopped: 0.0000500 seconds, Stopping threads took: 0.0000094 seconds
[2019-06-24T08:44:56.737+0000][1][safepoint    ] Application time: 0.0000929 seconds
[2019-06-24T08:44:56.737+0000][1][safepoint    ] Entering safepoint region: RevokeBias
[2019-06-24T08:44:56.737+0000][1][safepoint    ] Leaving safepoint region
[2019-06-24T08:44:56.737+0000][1][safepoint    ] Total time for which application threads were stopped: 0.0000882 seconds, Stopping threads took: 0.0000401 seconds
[2019-06-24T08:44:56.737+0000][1][safepoint    ] Application time: 0.0000923 seconds
[2019-06-24T08:44:56.737+0000][1][safepoint    ] Entering safepoint region: RevokeBias
[2019-06-24T08:44:56.737+0000][1][safepoint    ] Leaving safepoint region
[2019-06-24T08:44:56.737+0000][1][safepoint    ] Total time for which application threads were stopped: 0.0000535 seconds, Stopping threads took: 0.0000099 seconds
[2019-06-24T08:44:56.737+0000][1][safepoint    ] Application time: 0.0000921 seconds
[2019-06-24T08:44:56.737+0000][1][safepoint    ] Entering safepoint region: RevokeBias
[2019-06-24T08:44:56.737+0000][1][safepoint    ] Leaving safepoint region
[2019-06-24T08:44:56.737+0000][1][safepoint    ] Total time for which application threads were stopped: 0.0000522 seconds, Stopping threads took: 0.0000103 seconds
[2019-06-24T08:44:56.737+0000][1][safepoint    ] Application time: 0.0000907 seconds
[2019-06-24T08:44:56.737+0000][1][safepoint    ] Entering safepoint region: RevokeBias
[2019-06-24T08:44:56.737+0000][1][safepoint    ] Leaving safepoint region
[2019-06-24T08:44:56.737+0000][1][safepoint    ] Total time for which application threads were stopped: 0.0000539 seconds, Stopping threads took: 0.0000102 seconds
[2019-06-24T08:44:56.738+0000][1][safepoint    ] Application time: 0.0000832 seconds
[2019-06-24T08:44:56.738+0000][1][safepoint    ] Entering safepoint region: RevokeBias
[2019-06-24T08:44:56.738+0000][1][safepoint    ] Leaving safepoint region
[2019-06-24T08:44:56.738+0000][1][safepoint    ] Total time for which application threads were stopped: 0.0000532 seconds, Stopping threads took: 0.0000097 seconds
[2019-06-24T08:44:56.738+0000][1][safepoint    ] Application time: 0.0000940 seconds
[2019-06-24T08:44:56.738+0000][1][safepoint    ] Entering safepoint region: RevokeBias
[2019-06-24T08:44:56.738+0000][1][safepoint    ] Leaving safepoint region
[2019-06-24T08:44:56.738+0000][1][safepoint    ] Total time for which application threads were stopped: 0.0000594 seconds, Stopping threads took: 0.0000107 seconds
[2019-06-24T08:44:56.738+0000][1][safepoint    ] Application time: 0.0000881 seconds
[2019-06-24T08:44:56.738+0000][1][safepoint    ] Entering safepoint region: RevokeBias
[2019-06-24T08:44:56.738+0000][1][safepoint    ] Leaving safepoint region
[2019-06-24T08:44:56.738+0000][1][safepoint    ] Total time for which application threads were stopped: 0.0000579 seconds, Stopping threads took: 0.0000103 seconds
[2019-06-24T08:44:56.738+0000][1][safepoint    ] Application time: 0.0000841 seconds
[2019-06-24T08:44:56.738+0000][1][safepoint    ] Entering safepoint region: RevokeBias
[2019-06-24T08:44:56.738+0000][1][safepoint    ] Leaving safepoint region
[2019-06-24T08:44:56.738+0000][1][safepoint    ] Total time for which application threads were stopped: 0.0000563 seconds, Stopping threads took: 0.0000103 seconds
[2019-06-24T08:44:56.738+0000][1][safepoint    ] Application time: 0.0000318 seconds
[2019-06-24T08:44:56.738+0000][1][safepoint    ] Entering safepoint region: RevokeBias
[2019-06-24T08:44:56.738+0000][1][safepoint    ] Leaving safepoint region
[2019-06-24T08:44:56.738+0000][1][safepoint    ] Total time for which application threads were stopped: 0.0000505 seconds, Stopping threads took: 0.0000093 seconds
[2019-06-24T08:44:56.738+0000][1][safepoint    ] Application time: 0.0000363 seconds
[2019-06-24T08:44:56.738+0000][1][safepoint    ] Entering safepoint region: BulkRevokeBias
[2019-06-24T08:44:56.738+0000][1][safepoint    ] Leaving safepoint region
[2019-06-24T08:44:56.738+0000][1][safepoint    ] Total time for which application threads were stopped: 0.0001053 seconds, Stopping threads took: 0.0000093 seconds
[2019-06-24T08:44:56.739+0000][1][safepoint    ] Application time: 0.0001700 seconds
[2019-06-24T08:44:56.739+0000][1][safepoint    ] Entering safepoint region: RevokeBias
[2019-06-24T08:44:56.739+0000][1][safepoint    ] Leaving safepoint region
[2019-06-24T08:44:56.739+0000][1][safepoint    ] Total time for which application threads were stopped: 0.0001049 seconds, Stopping threads took: 0.0000500 seconds
[2019-06-24T08:44:56.739+0000][1][safepoint    ] Application time: 0.0000589 seconds
[2019-06-24T08:44:56.739+0000][1][safepoint    ] Entering safepoint region: RevokeBias
[2019-06-24T08:44:56.739+0000][1][safepoint    ] Leaving safepoint region
[2019-06-24T08:44:56.739+0000][1][safepoint    ] Total time for which application threads were stopped: 0.0000808 seconds, Stopping threads took: 0.0000339 seconds
[2019-06-24T08:44:56.739+0000][1][safepoint    ] Application time: 0.0000753 seconds
[2019-06-24T08:44:56.739+0000][1][safepoint    ] Entering safepoint region: RevokeBias
[2019-06-24T08:44:56.739+0000][1][safepoint    ] Leaving safepoint region
[2019-06-24T08:44:56.739+0000][1][safepoint    ] Total time for which application threads were stopped: 0.0000868 seconds, Stopping threads took: 0.0000396 seconds
[2019-06-24T08:44:56.739+0000][1][safepoint    ] Application time: 0.0000537 seconds
[2019-06-24T08:44:56.739+0000][1][safepoint    ] Entering safepoint region: RevokeBias
[2019-06-24T08:44:56.739+0000][1][safepoint    ] Leaving safepoint region
[2019-06-24T08:44:56.739+0000][1][safepoint    ] Total time for which application threads were stopped: 0.0000898 seconds, Stopping threads took: 0.0000384 seconds
[2019-06-24T08:44:56.739+0000][1][safepoint    ] Application time: 0.0000575 seconds
[2019-06-24T08:44:56.739+0000][1][safepoint    ] Entering safepoint region: RevokeBias
[2019-06-24T08:44:56.739+0000][1][safepoint    ] Leaving safepoint region
[2019-06-24T08:44:56.739+0000][1][safepoint    ] Total time for which application threads were stopped: 0.0000891 seconds, Stopping threads took: 0.0000125 seconds
[2019-06-24T08:44:56.739+0000][1][safepoint    ] Application time: 0.0000431 seconds
[2019-06-24T08:44:56.739+0000][1][safepoint    ] Entering safepoint region: RevokeBias
[2019-06-24T08:44:56.739+0000][1][safepoint    ] Leaving safepoint region
[2019-06-24T08:44:56.739+0000][1][safepoint    ] Total time for which application threads were stopped: 0.0001057 seconds, Stopping threads took: 0.0000284 seconds
[2019-06-24T08:44:56.740+0000][1][safepoint    ] Application time: 0.0000887 seconds
[2019-06-24T08:44:56.740+0000][1][safepoint    ] Entering safepoint region: RevokeBias
[2019-06-24T08:44:56.740+0000][1][safepoint    ] Leaving safepoint region
[2019-06-24T08:44:56.740+0000][1][safepoint    ] Total time for which application threads were stopped: 0.0000737 seconds, Stopping threads took: 0.0000315 seconds
[2019-06-24T08:44:56.740+0000][1][safepoint    ] Application time: 0.0000770 seconds
[2019-06-24T08:44:56.740+0000][1][safepoint    ] Entering safepoint region: RevokeBias
[2019-06-24T08:44:56.740+0000][1][safepoint    ] Leaving safepoint region
[2019-06-24T08:44:56.740+0000][1][safepoint    ] Total time for which application threads were stopped: 0.0000684 seconds, Stopping threads took: 0.0000278 seconds
[2019-06-24T08:44:56.740+0000][1][safepoint    ] Application time: 0.0000704 seconds
[2019-06-24T08:44:56.740+0000][1][safepoint    ] Entering safepoint region: RevokeBias
[2019-06-24T08:44:56.740+0000][1][safepoint    ] Leaving safepoint region
[2019-06-24T08:44:56.740+0000][1][safepoint    ] Total time for which application threads were stopped: 0.0000792 seconds, Stopping threads took: 0.0000358 seconds
[2019-06-24T08:44:56.740+0000][1][safepoint    ] Application time: 0.0000726 seconds
[2019-06-24T08:44:56.740+0000][1][safepoint    ] Entering safepoint region: RevokeBias
[2019-06-24T08:44:56.740+0000][1][safepoint    ] Leaving safepoint region
[2019-06-24T08:44:56.740+0000][1][safepoint    ] Total time for which application threads were stopped: 0.0001025 seconds, Stopping threads took: 0.0000315 seconds
[2019-06-24T08:44:56.740+0000][1][safepoint    ] Application time: 0.0000413 seconds
[2019-06-24T08:44:56.740+0000][1][safepoint    ] Entering safepoint region: RevokeBias
[2019-06-24T08:44:56.740+0000][1][safepoint    ] Leaving safepoint region
[2019-06-24T08:44:56.740+0000][1][safepoint    ] Total time for which application threads were stopped: 0.0000942 seconds, Stopping threads took: 0.0000249 seconds
[2019-06-24T08:44:56.740+0000][1][safepoint    ] Application time: 0.0000406 seconds
[2019-06-24T08:44:56.740+0000][1][safepoint    ] Entering safepoint region: RevokeBias
[2019-06-24T08:44:56.740+0000][1][safepoint    ] Leaving safepoint region
[2019-06-24T08:44:56.741+0000][1][safepoint    ] Total time for which application threads were stopped: 0.0000776 seconds, Stopping threads took: 0.0000367 seconds
[2019-06-24T08:44:56.741+0000][1][safepoint    ] Application time: 0.0000381 seconds
[2019-06-24T08:44:56.741+0000][1][safepoint    ] Entering safepoint region: RevokeBias
[2019-06-24T08:44:56.741+0000][1][safepoint    ] Leaving safepoint region
[2019-06-24T08:44:56.741+0000][1][safepoint    ] Total time for which application threads were stopped: 0.0002084 seconds, Stopping threads took: 0.0001671 seconds
[2019-06-24T08:44:56.741+0000][1][safepoint    ] Application time: 0.0000396 seconds
[2019-06-24T08:44:56.741+0000][1][safepoint    ] Entering safepoint region: RevokeBias
[2019-06-24T08:44:56.741+0000][1][safepoint    ] Leaving safepoint region
[2019-06-24T08:44:56.741+0000][1][safepoint    ] Total time for which application threads were stopped: 0.0000541 seconds, Stopping threads took: 0.0000094 seconds
[2019-06-24T08:44:56.741+0000][1][safepoint    ] Application time: 0.0000385 seconds
[2019-06-24T08:44:56.741+0000][1][safepoint    ] Entering safepoint region: RevokeBias
[2019-06-24T08:44:56.741+0000][1][safepoint    ] Leaving safepoint region
[2019-06-24T08:44:56.741+0000][1][safepoint    ] Total time for which application threads were stopped: 0.0000660 seconds, Stopping threads took: 0.0000245 seconds
[2019-06-24T08:44:56.741+0000][1][safepoint    ] Application time: 0.0000368 seconds
[2019-06-24T08:44:56.741+0000][1][safepoint    ] Entering safepoint region: RevokeBias
[2019-06-24T08:44:56.741+0000][1][safepoint    ] Leaving safepoint region
[2019-06-24T08:44:56.741+0000][1][safepoint    ] Total time for which application threads were stopped: 0.0000508 seconds, Stopping threads took: 0.0000091 seconds
[2019-06-24T08:44:56.741+0000][1][safepoint    ] Application time: 0.0000323 seconds
[2019-06-24T08:44:56.741+0000][1][safepoint    ] Entering safepoint region: RevokeBias
[2019-06-24T08:44:56.741+0000][1][safepoint    ] Leaving safepoint region
[2019-06-24T08:44:56.741+0000][1][safepoint    ] Total time for which application threads were stopped: 0.0000503 seconds, Stopping threads took: 0.0000089 seconds
[2019-06-24T08:44:56.741+0000][1][safepoint    ] Application time: 0.0000386 seconds
[2019-06-24T08:44:56.741+0000][1][safepoint    ] Entering safepoint region: RevokeBias
[2019-06-24T08:44:56.741+0000][1][safepoint    ] Leaving safepoint region
[2019-06-24T08:44:56.741+0000][1][safepoint    ] Total time for which application threads were stopped: 0.0000524 seconds, Stopping threads took: 0.0000092 seconds
[2019-06-24T08:44:56.741+0000][1][safepoint    ] Application time: 0.0000328 seconds
[2019-06-24T08:44:56.741+0000][1][safepoint    ] Entering safepoint region: RevokeBias
[2019-06-24T08:44:56.741+0000][1][safepoint    ] Leaving safepoint region
[2019-06-24T08:44:56.741+0000][1][safepoint    ] Total time for which application threads were stopped: 0.0000523 seconds, Stopping threads took: 0.0000093 seconds
[2019-06-24T08:44:56.741+0000][1][safepoint    ] Application time: 0.0000321 seconds
[2019-06-24T08:44:56.741+0000][1][safepoint    ] Entering safepoint region: RevokeBias
[2019-06-24T08:44:56.742+0000][1][safepoint    ] Leaving safepoint region
[2019-06-24T08:44:56.742+0000][1][safepoint    ] Total time for which application threads were stopped: 0.0000488 seconds, Stopping threads took: 0.0000082 seconds
[2019-06-24T08:44:56.742+0000][1][safepoint    ] Application time: 0.0000325 seconds
[2019-06-24T08:44:56.742+0000][1][safepoint    ] Entering safepoint region: RevokeBias
[2019-06-24T08:44:56.742+0000][1][safepoint    ] Leaving safepoint region
[2019-06-24T08:44:56.742+0000][1][safepoint    ] Total time for which application threads were stopped: 0.0000432 seconds, Stopping threads took: 0.0000090 seconds
[2019-06-24T08:44:56.742+0000][1][safepoint    ] Application time: 0.0000365 seconds
[2019-06-24T08:44:56.742+0000][1][safepoint    ] Entering safepoint region: RevokeBias
[2019-06-24T08:44:56.742+0000][1][safepoint    ] Leaving safepoint region
[2019-06-24T08:44:56.742+0000][1][safepoint    ] Total time for which application threads were stopped: 0.0000740 seconds, Stopping threads took: 0.0000445 seconds
[2019-06-24T08:44:56.742+0000][1][safepoint    ] Application time: 0.0000365 seconds
[2019-06-24T08:44:56.742+0000][1][safepoint    ] Entering safepoint region: RevokeBias
[2019-06-24T08:44:56.742+0000][1][safepoint    ] Leaving safepoint region
[2019-06-24T08:44:56.742+0000][1][safepoint    ] Total time for which application threads were stopped: 0.0001470 seconds, Stopping threads took: 0.0001113 seconds
[2019-06-24T08:44:56.742+0000][1][safepoint    ] Application time: 0.0000527 seconds
[2019-06-24T08:44:56.742+0000][1][safepoint    ] Entering safepoint region: BulkRevokeBias
[2019-06-24T08:44:56.742+0000][1][safepoint    ] Leaving safepoint region
[2019-06-24T08:44:56.742+0000][1][safepoint    ] Total time for which application threads were stopped: 0.0001096 seconds, Stopping threads took: 0.0000345 seconds
[2019-06-24T08:44:56.742+0000][1][safepoint    ] Application time: 0.0003034 seconds
[2019-06-24T08:44:56.743+0000][1][safepoint    ] Entering safepoint region: RevokeBias
[2019-06-24T08:44:56.743+0000][1][safepoint    ] Leaving safepoint region
[2019-06-24T08:44:56.743+0000][1][safepoint    ] Total time for which application threads were stopped: 0.0001440 seconds, Stopping threads took: 0.0000715 seconds
[2019-06-24T08:44:56.743+0000][1][safepoint    ] Application time: 0.0000669 seconds
[2019-06-24T08:44:56.743+0000][1][safepoint    ] Entering safepoint region: RevokeBias
[2019-06-24T08:44:56.743+0000][1][safepoint    ] Leaving safepoint region
[2019-06-24T08:44:56.743+0000][1][safepoint    ] Total time for which application threads were stopped: 0.0001342 seconds, Stopping threads took: 0.0000576 seconds
[2019-06-24T08:44:56.743+0000][1][safepoint    ] Application time: 0.0000386 seconds
[2019-06-24T08:44:56.743+0000][1][safepoint    ] Entering safepoint region: RevokeBias
[2019-06-24T08:44:56.743+0000][1][safepoint    ] Leaving safepoint region
[2019-06-24T08:44:56.743+0000][1][safepoint    ] Total time for which application threads were stopped: 0.0001151 seconds, Stopping threads took: 0.0000545 seconds
[2019-06-24T08:44:56.743+0000][1][safepoint    ] Application time: 0.0000384 seconds
[2019-06-24T08:44:56.743+0000][1][safepoint    ] Entering safepoint region: RevokeBias
[2019-06-24T08:44:56.743+0000][1][safepoint    ] Leaving safepoint region
[2019-06-24T08:44:56.743+0000][1][safepoint    ] Total time for which application threads were stopped: 0.0000690 seconds, Stopping threads took: 0.0000096 seconds
[2019-06-24T08:44:56.743+0000][1][safepoint    ] Application time: 0.0000369 seconds
[2019-06-24T08:44:56.743+0000][1][safepoint    ] Entering safepoint region: RevokeBias
[2019-06-24T08:44:56.743+0000][1][safepoint    ] Leaving safepoint region
[2019-06-24T08:44:56.743+0000][1][safepoint    ] Total time for which application threads were stopped: 0.0000666 seconds, Stopping threads took: 0.0000092 seconds
[2019-06-24T08:44:56.743+0000][1][safepoint    ] Application time: 0.0000354 seconds
[2019-06-24T08:44:56.743+0000][1][safepoint    ] Entering safepoint region: RevokeBias
[2019-06-24T08:44:56.743+0000][1][safepoint    ] Leaving safepoint region
[2019-06-24T08:44:56.743+0000][1][safepoint    ] Total time for which application threads were stopped: 0.0000656 seconds, Stopping threads took: 0.0000090 seconds
[2019-06-24T08:44:56.743+0000][1][safepoint    ] Application time: 0.0000393 seconds
[2019-06-24T08:44:56.743+0000][1][safepoint    ] Entering safepoint region: RevokeBias
[2019-06-24T08:44:56.743+0000][1][safepoint    ] Leaving safepoint region
[2019-06-24T08:44:56.743+0000][1][safepoint    ] Total time for which application threads were stopped: 0.0000661 seconds, Stopping threads took: 0.0000095 seconds
[2019-06-24T08:44:56.744+0000][1][safepoint    ] Application time: 0.0000372 seconds
[2019-06-24T08:44:56.744+0000][1][safepoint    ] Entering safepoint region: RevokeBias
[2019-06-24T08:44:56.744+0000][1][safepoint    ] Leaving safepoint region
[2019-06-24T08:44:56.744+0000][1][safepoint    ] Total time for which application threads were stopped: 0.0000966 seconds, Stopping threads took: 0.0000089 seconds
[2019-06-24T08:44:56.744+0000][1][safepoint    ] Application time: 0.0000380 seconds
[2019-06-24T08:44:56.744+0000][1][safepoint    ] Entering safepoint region: RevokeBias
[2019-06-24T08:44:56.744+0000][1][safepoint    ] Leaving safepoint region
[2019-06-24T08:44:56.744+0000][1][safepoint    ] Total time for which application threads were stopped: 0.0000764 seconds, Stopping threads took: 0.0000271 seconds
[2019-06-24T08:44:56.744+0000][1][safepoint    ] Application time: 0.0000364 seconds
[2019-06-24T08:44:56.744+0000][1][safepoint    ] Entering safepoint region: RevokeBias
[2019-06-24T08:44:56.744+0000][1][safepoint    ] Leaving safepoint region
[2019-06-24T08:44:56.744+0000][1][safepoint    ] Total time for which application threads were stopped: 0.0000583 seconds, Stopping threads took: 0.0000092 seconds
[2019-06-24T08:44:56.744+0000][1][safepoint    ] Application time: 0.0000359 seconds
[2019-06-24T08:44:56.744+0000][1][safepoint    ] Entering safepoint region: BulkRevokeBias
[2019-06-24T08:44:56.744+0000][1][safepoint    ] Leaving safepoint region
[2019-06-24T08:44:56.744+0000][1][safepoint    ] Total time for which application threads were stopped: 0.0001727 seconds, Stopping threads took: 0.0000689 seconds
[2019-06-24T08:44:56.744+0000][1][safepoint    ] Application time: 0.0000902 seconds
[2019-06-24T08:44:56.744+0000][1][safepoint    ] Entering safepoint region: RevokeBias
[2019-06-24T08:44:56.744+0000][1][safepoint    ] Leaving safepoint region
[2019-06-24T08:44:56.744+0000][1][safepoint    ] Total time for which application threads were stopped: 0.0000695 seconds, Stopping threads took: 0.0000273 seconds
[2019-06-24T08:44:56.744+0000][1][safepoint    ] Application time: 0.0001276 seconds
[2019-06-24T08:44:56.744+0000][1][safepoint    ] Entering safepoint region: RevokeBias
[2019-06-24T08:44:56.745+0000][1][safepoint    ] Leaving safepoint region
[2019-06-24T08:44:56.745+0000][1][safepoint    ] Total time for which application threads were stopped: 0.0001214 seconds, Stopping threads took: 0.0000485 seconds
[2019-06-24T08:44:56.745+0000][1][safepoint    ] Application time: 0.0000461 seconds
[2019-06-24T08:44:56.745+0000][1][safepoint    ] Entering safepoint region: RevokeBias
[2019-06-24T08:44:56.745+0000][1][safepoint    ] Leaving safepoint region
[2019-06-24T08:44:56.745+0000][1][safepoint    ] Total time for which application threads were stopped: 0.0000747 seconds, Stopping threads took: 0.0000271 seconds
[2019-06-24T08:44:56.745+0000][1][safepoint    ] Application time: 0.0000374 seconds
[2019-06-24T08:44:56.745+0000][1][safepoint    ] Entering safepoint region: RevokeBias
[2019-06-24T08:44:56.745+0000][1][safepoint    ] Leaving safepoint region
[2019-06-24T08:44:56.745+0000][1][safepoint    ] Total time for which application threads were stopped: 0.0001142 seconds, Stopping threads took: 0.0000433 seconds
[2019-06-24T08:44:56.745+0000][1][safepoint    ] Application time: 0.0000364 seconds
[2019-06-24T08:44:56.745+0000][1][safepoint    ] Entering safepoint region: RevokeBias
[2019-06-24T08:44:56.745+0000][1][safepoint    ] Leaving safepoint region
[2019-06-24T08:44:56.745+0000][1][safepoint    ] Total time for which application threads were stopped: 0.0000805 seconds, Stopping threads took: 0.0000297 seconds
[2019-06-24T08:44:56.745+0000][1][safepoint    ] Application time: 0.0002563 seconds
[2019-06-24T08:44:56.745+0000][1][safepoint    ] Entering safepoint region: RevokeBias
[2019-06-24T08:44:56.745+0000][1][safepoint    ] Leaving safepoint region
[2019-06-24T08:44:56.745+0000][1][safepoint    ] Total time for which application threads were stopped: 0.0001561 seconds, Stopping threads took: 0.0001042 seconds
[2019-06-24T08:44:56.746+0000][1][safepoint    ] Application time: 0.0000849 seconds
[2019-06-24T08:44:56.746+0000][1][safepoint    ] Entering safepoint region: RevokeBias
[2019-06-24T08:44:56.746+0000][1][safepoint    ] Leaving safepoint region
[2019-06-24T08:44:56.746+0000][1][safepoint    ] Total time for which application threads were stopped: 0.0000975 seconds, Stopping threads took: 0.0000591 seconds
[2019-06-24T08:44:56.746+0000][1][safepoint    ] Application time: 0.0001641 seconds
[2019-06-24T08:44:56.746+0000][1][safepoint    ] Entering safepoint region: RevokeBias
[2019-06-24T08:44:56.746+0000][1][safepoint    ] Leaving safepoint region
[2019-06-24T08:44:56.746+0000][1][safepoint    ] Total time for which application threads were stopped: 0.0000937 seconds, Stopping threads took: 0.0000279 seconds
[2019-06-24T08:44:56.746+0000][1][safepoint    ] Application time: 0.0003673 seconds
[2019-06-24T08:44:56.746+0000][1][safepoint    ] Entering safepoint region: RevokeBias
[2019-06-24T08:44:56.746+0000][1][safepoint    ] Leaving safepoint region
[2019-06-24T08:44:56.746+0000][1][safepoint    ] Total time for which application threads were stopped: 0.0000967 seconds, Stopping threads took: 0.0000304 seconds
[2019-06-24T08:44:56.747+0000][1][safepoint    ] Application time: 0.0003349 seconds
[2019-06-24T08:44:56.747+0000][1][safepoint    ] Entering safepoint region: RevokeBias
[2019-06-24T08:44:56.747+0000][1][safepoint    ] Leaving safepoint region
[2019-06-24T08:44:56.747+0000][1][safepoint    ] Total time for which application threads were stopped: 0.0002972 seconds, Stopping threads took: 0.0002355 seconds
[2019-06-24T08:44:56.747+0000][1][safepoint    ] Application time: 0.0001589 seconds
[2019-06-24T08:44:56.747+0000][1][safepoint    ] Entering safepoint region: RevokeBias
[2019-06-24T08:44:56.747+0000][1][safepoint    ] Leaving safepoint region
[2019-06-24T08:44:56.747+0000][1][safepoint    ] Total time for which application threads were stopped: 0.0001980 seconds, Stopping threads took: 0.0001569 seconds
[2019-06-24T08:44:56.748+0000][1][safepoint    ] Application time: 0.0002338 seconds
[2019-06-24T08:44:56.748+0000][1][safepoint    ] Entering safepoint region: RevokeBias
[2019-06-24T08:44:56.748+0000][1][safepoint    ] Leaving safepoint region
[2019-06-24T08:44:56.748+0000][1][safepoint    ] Total time for which application threads were stopped: 0.0001134 seconds, Stopping threads took: 0.0000565 seconds
[2019-06-24T08:44:56.750+0000][1][safepoint    ] Application time: 0.0019007 seconds
[2019-06-24T08:44:56.750+0000][1][safepoint    ] Entering safepoint region: RevokeBias
[2019-06-24T08:44:56.750+0000][1][safepoint    ] Leaving safepoint region
[2019-06-24T08:44:56.750+0000][1][safepoint    ] Total time for which application threads were stopped: 0.0001182 seconds, Stopping threads took: 0.0000370 seconds
[2019-06-24T08:44:56.750+0000][1][safepoint    ] Application time: 0.0001034 seconds
[2019-06-24T08:44:56.750+0000][1][safepoint    ] Entering safepoint region: RevokeBias
[2019-06-24T08:44:56.750+0000][1][safepoint    ] Leaving safepoint region
[2019-06-24T08:44:56.750+0000][1][safepoint    ] Total time for which application threads were stopped: 0.0001646 seconds, Stopping threads took: 0.0001207 seconds
[2019-06-24T08:44:56.750+0000][1][safepoint    ] Application time: 0.0000972 seconds
[2019-06-24T08:44:56.750+0000][1][safepoint    ] Entering safepoint region: RevokeBias
[2019-06-24T08:44:56.750+0000][1][safepoint    ] Leaving safepoint region
[2019-06-24T08:44:56.750+0000][1][safepoint    ] Total time for which application threads were stopped: 0.0000852 seconds, Stopping threads took: 0.0000287 seconds
[2019-06-24T08:44:56.751+0000][1][safepoint    ] Application time: 0.0008405 seconds
[2019-06-24T08:44:56.751+0000][1][safepoint    ] Entering safepoint region: RevokeBias
[2019-06-24T08:44:56.751+0000][1][safepoint    ] Leaving safepoint region
[2019-06-24T08:44:56.751+0000][1][safepoint    ] Total time for which application threads were stopped: 0.0001090 seconds, Stopping threads took: 0.0000361 seconds
[2019-06-24T08:44:56.752+0000][1][safepoint    ] Application time: 0.0006977 seconds
[2019-06-24T08:44:56.752+0000][1][safepoint    ] Entering safepoint region: RevokeBias
[2019-06-24T08:44:56.752+0000][1][safepoint    ] Leaving safepoint region
[2019-06-24T08:44:56.752+0000][1][safepoint    ] Total time for which application threads were stopped: 0.0001298 seconds, Stopping threads took: 0.0000640 seconds
[2019-06-24T08:44:56.752+0000][1][safepoint    ] Application time: 0.0002247 seconds
[2019-06-24T08:44:56.753+0000][1][safepoint    ] Entering safepoint region: RevokeBias
[2019-06-24T08:44:56.753+0000][1][safepoint    ] Leaving safepoint region
[2019-06-24T08:44:56.753+0000][1][safepoint    ] Total time for which application threads were stopped: 0.0001521 seconds, Stopping threads took: 0.0000990 seconds
[2019-06-24T08:44:56.753+0000][1][safepoint    ] Application time: 0.0000376 seconds
[2019-06-24T08:44:56.753+0000][1][safepoint    ] Entering safepoint region: RevokeBias
[2019-06-24T08:44:56.753+0000][1][safepoint    ] Leaving safepoint region
[2019-06-24T08:44:56.753+0000][1][safepoint    ] Total time for which application threads were stopped: 0.0000490 seconds, Stopping threads took: 0.0000071 seconds
[2019-06-24T08:44:56.753+0000][1][safepoint    ] Application time: 0.0001835 seconds
[2019-06-24T08:44:56.753+0000][1][safepoint    ] Entering safepoint region: RevokeBias
[2019-06-24T08:44:56.753+0000][1][safepoint    ] Leaving safepoint region
[2019-06-24T08:44:56.753+0000][1][safepoint    ] Total time for which application threads were stopped: 0.0001519 seconds, Stopping threads took: 0.0001146 seconds
[2019-06-24T08:44:56.756+0000][1][safepoint    ] Application time: 0.0025205 seconds
[2019-06-24T08:44:56.756+0000][1][safepoint    ] Entering safepoint region: RevokeBias
[2019-06-24T08:44:56.756+0000][1][safepoint    ] Leaving safepoint region
[2019-06-24T08:44:56.756+0000][1][safepoint    ] Total time for which application threads were stopped: 0.0000491 seconds, Stopping threads took: 0.0000142 seconds
[2019-06-24T08:44:56.766+0000][1][safepoint    ] Application time: 0.0101644 seconds
[2019-06-24T08:44:56.766+0000][1][safepoint    ] Entering safepoint region: GenCollectForAllocation
[2019-06-24T08:44:56.766+0000][1][gc,start     ] GC(19) Pause Young (Allocation Failure)
[2019-06-24T08:44:56.766+0000][1][gc,task      ] GC(19) Using 5 workers of 8 for evacuation
[2019-06-24T08:44:56.772+0000][1][gc,age       ] GC(19) Desired survivor size 4456448 bytes, new threshold 2 (max threshold 6)
[2019-06-24T08:44:56.772+0000][1][gc,age       ] GC(19) Age table with threshold 2 (max threshold 6)
[2019-06-24T08:44:56.772+0000][1][gc,age       ] GC(19) - age   1:    3115440 bytes,    3115440 total
[2019-06-24T08:44:56.772+0000][1][gc,age       ] GC(19) - age   2:    3656224 bytes,    6771664 total
[2019-06-24T08:44:56.772+0000][1][gc,age       ] GC(19) - age   3:     339768 bytes,    7111432 total
[2019-06-24T08:44:56.772+0000][1][gc,heap      ] GC(19) ParNew: 74667K->8294K(78656K)
[2019-06-24T08:44:56.772+0000][1][gc,heap      ] GC(19) CMS: 55229K->55229K(174784K)
[2019-06-24T08:44:56.772+0000][1][gc,metaspace ] GC(19) Metaspace: 47035K->47035K(1091584K)
[2019-06-24T08:44:56.772+0000][1][gc           ] GC(19) Pause Young (Allocation Failure) 126M->62M(247M) 5.801ms
[2019-06-24T08:44:56.772+0000][1][gc,cpu       ] GC(19) User=0.05s Sys=0.00s Real=0.00s
[2019-06-24T08:44:56.772+0000][1][safepoint    ] Leaving safepoint region
[2019-06-24T08:44:56.772+0000][1][safepoint    ] Total time for which application threads were stopped: 0.0059054 seconds, Stopping threads took: 0.0000120 seconds
[2019-06-24T08:44:56.775+0000][1][safepoint    ] Application time: 0.0033775 seconds
[2019-06-24T08:44:56.775+0000][1][safepoint    ] Entering safepoint region: RevokeBias
[2019-06-24T08:44:56.775+0000][1][safepoint    ] Leaving safepoint region
[2019-06-24T08:44:56.775+0000][1][safepoint    ] Total time for which application threads were stopped: 0.0000445 seconds, Stopping threads took: 0.0000109 seconds
[2019-06-24T08:44:56.803+0000][1][safepoint    ] Application time: 0.0276734 seconds
[2019-06-24T08:44:56.803+0000][1][safepoint    ] Entering safepoint region: RevokeBias
[2019-06-24T08:44:56.803+0000][1][safepoint    ] Leaving safepoint region
[2019-06-24T08:44:56.803+0000][1][safepoint    ] Total time for which application threads were stopped: 0.0000730 seconds, Stopping threads took: 0.0000260 seconds
[2019-06-24T08:44:56.958+0000][1][safepoint    ] Application time: 0.1551399 seconds
[2019-06-24T08:44:56.958+0000][1][safepoint    ] Entering safepoint region: RevokeBias
[2019-06-24T08:44:56.958+0000][1][safepoint    ] Leaving safepoint region
[2019-06-24T08:44:56.958+0000][1][safepoint    ] Total time for which application threads were stopped: 0.0000807 seconds, Stopping threads took: 0.0000193 seconds
[2019-06-24T08:44:56.995+0000][1][safepoint    ] Application time: 0.0364236 seconds
[2019-06-24T08:44:56.995+0000][1][safepoint    ] Entering safepoint region: RevokeBias
[2019-06-24T08:44:56.995+0000][1][safepoint    ] Leaving safepoint region
[2019-06-24T08:44:56.995+0000][1][safepoint    ] Total time for which application threads were stopped: 0.0000548 seconds, Stopping threads took: 0.0000121 seconds
[2019-06-24T08:44:56.996+0000][1][safepoint    ] Application time: 0.0007711 seconds
[2019-06-24T08:44:56.996+0000][1][safepoint    ] Entering safepoint region: RevokeBias
[2019-06-24T08:44:56.996+0000][1][safepoint    ] Leaving safepoint region
[2019-06-24T08:44:56.996+0000][1][safepoint    ] Total time for which application threads were stopped: 0.0000389 seconds, Stopping threads took: 0.0000096 seconds
[2019-06-24T08:44:56.999+0000][1][safepoint    ] Application time: 0.0035739 seconds
[2019-06-24T08:44:56.999+0000][1][safepoint    ] Entering safepoint region: RevokeBias
[2019-06-24T08:44:56.999+0000][1][safepoint    ] Leaving safepoint region
[2019-06-24T08:44:56.999+0000][1][safepoint    ] Total time for which application threads were stopped: 0.0000457 seconds, Stopping threads took: 0.0000106 seconds
[2019-06-24T08:44:57.001+0000][1][safepoint    ] Application time: 0.0016017 seconds
[2019-06-24T08:44:57.001+0000][1][safepoint    ] Entering safepoint region: RevokeBias
[2019-06-24T08:44:57.001+0000][1][safepoint    ] Leaving safepoint region
[2019-06-24T08:44:57.001+0000][1][safepoint    ] Total time for which application threads were stopped: 0.0000403 seconds, Stopping threads took: 0.0000099 seconds
[2019-06-24T08:44:57.005+0000][1][safepoint    ] Application time: 0.0038882 seconds
[2019-06-24T08:44:57.005+0000][1][safepoint    ] Entering safepoint region: RevokeBias
[2019-06-24T08:44:57.005+0000][1][safepoint    ] Leaving safepoint region
[2019-06-24T08:44:57.005+0000][1][safepoint    ] Total time for which application threads were stopped: 0.0000628 seconds, Stopping threads took: 0.0000172 seconds
[2019-06-24T08:44:57.011+0000][1][safepoint    ] Application time: 0.0062467 seconds
[2019-06-24T08:44:57.011+0000][1][safepoint    ] Entering safepoint region: RevokeBias
[2019-06-24T08:44:57.011+0000][1][safepoint    ] Leaving safepoint region
[2019-06-24T08:44:57.011+0000][1][safepoint    ] Total time for which application threads were stopped: 0.0000582 seconds, Stopping threads took: 0.0000155 seconds
[2019-06-24T08:44:57.016+0000][1][safepoint    ] Application time: 0.0045362 seconds
[2019-06-24T08:44:57.016+0000][1][safepoint    ] Entering safepoint region: RevokeBias
[2019-06-24T08:44:57.016+0000][1][safepoint    ] Leaving safepoint region
[2019-06-24T08:44:57.016+0000][1][safepoint    ] Total time for which application threads were stopped: 0.0000578 seconds, Stopping threads took: 0.0000154 seconds
[2019-06-24T08:44:57.025+0000][1][safepoint    ] Application time: 0.0090977 seconds
[2019-06-24T08:44:57.025+0000][1][safepoint    ] Entering safepoint region: RevokeBias
[2019-06-24T08:44:57.025+0000][1][safepoint    ] Leaving safepoint region
[2019-06-24T08:44:57.025+0000][1][safepoint    ] Total time for which application threads were stopped: 0.0000482 seconds, Stopping threads took: 0.0000120 seconds
[2019-06-24T08:44:57.139+0000][1][safepoint    ] Application time: 0.1136340 seconds
[2019-06-24T08:44:57.139+0000][1][safepoint    ] Entering safepoint region: RevokeBias
[2019-06-24T08:44:57.139+0000][1][safepoint    ] Leaving safepoint region
[2019-06-24T08:44:57.139+0000][1][safepoint    ] Total time for which application threads were stopped: 0.0001381 seconds, Stopping threads took: 0.0000178 seconds
[2019-06-24T08:44:57.233+0000][1][safepoint    ] Application time: 0.0935580 seconds
[2019-06-24T08:44:57.233+0000][1][safepoint    ] Entering safepoint region: GenCollectForAllocation
[2019-06-24T08:44:57.233+0000][1][gc,start     ] GC(20) Pause Young (Allocation Failure)
[2019-06-24T08:44:57.233+0000][1][gc,task      ] GC(20) Using 5 workers of 8 for evacuation
[2019-06-24T08:44:57.240+0000][1][gc,age       ] GC(20) Desired survivor size 4456448 bytes, new threshold 2 (max threshold 6)
[2019-06-24T08:44:57.240+0000][1][gc,age       ] GC(20) Age table with threshold 2 (max threshold 6)
[2019-06-24T08:44:57.240+0000][1][gc,age       ] GC(20) - age   1:    1471840 bytes,    1471840 total
[2019-06-24T08:44:57.240+0000][1][gc,age       ] GC(20) - age   2:    3055000 bytes,    4526840 total
[2019-06-24T08:44:57.240+0000][1][gc,heap      ] GC(20) ParNew: 78246K->7287K(78656K)
[2019-06-24T08:44:57.240+0000][1][gc,heap      ] GC(20) CMS: 55229K->59236K(174784K)
[2019-06-24T08:44:57.240+0000][1][gc,metaspace ] GC(20) Metaspace: 53628K->53628K(1097728K)
[2019-06-24T08:44:57.240+0000][1][gc           ] GC(20) Pause Young (Allocation Failure) 130M->64M(247M) 7.838ms
[2019-06-24T08:44:57.240+0000][1][gc,cpu       ] GC(20) User=0.05s Sys=0.00s Real=0.01s
[2019-06-24T08:44:57.240+0000][1][safepoint    ] Leaving safepoint region
[2019-06-24T08:44:57.241+0000][1][safepoint    ] Total time for which application threads were stopped: 0.0079659 seconds, Stopping threads took: 0.0000119 seconds
[2019-06-24T08:44:57.278+0000][1][safepoint    ] Application time: 0.0375860 seconds
[2019-06-24T08:44:57.278+0000][1][safepoint    ] Entering safepoint region: RevokeBias
[2019-06-24T08:44:57.279+0000][1][safepoint    ] Leaving safepoint region
[2019-06-24T08:44:57.279+0000][1][safepoint    ] Total time for which application threads were stopped: 0.0005808 seconds, Stopping threads took: 0.0000213 seconds
[2019-06-24T08:44:57.280+0000][1][safepoint    ] Application time: 0.0015575 seconds
[2019-06-24T08:44:57.280+0000][1][safepoint    ] Entering safepoint region: RevokeBias
[2019-06-24T08:44:57.280+0000][1][safepoint    ] Leaving safepoint region
[2019-06-24T08:44:57.280+0000][1][safepoint    ] Total time for which application threads were stopped: 0.0000682 seconds, Stopping threads took: 0.0000166 seconds
[2019-06-24T08:44:57.432+0000][1][safepoint    ] Application time: 0.1512341 seconds
[2019-06-24T08:44:57.432+0000][1][safepoint    ] Entering safepoint region: Deoptimize
[2019-06-24T08:44:57.432+0000][1][safepoint    ] Leaving safepoint region
[2019-06-24T08:44:57.432+0000][1][safepoint    ] Total time for which application threads were stopped: 0.0006954 seconds, Stopping threads took: 0.0000163 seconds
[2019-06-24T08:44:57.437+0000][1][safepoint    ] Application time: 0.0047542 seconds
[2019-06-24T08:44:57.437+0000][1][safepoint    ] Entering safepoint region: RevokeBias
[2019-06-24T08:44:57.437+0000][1][safepoint    ] Leaving safepoint region
[2019-06-24T08:44:57.437+0000][1][safepoint    ] Total time for which application threads were stopped: 0.0000605 seconds, Stopping threads took: 0.0000125 seconds
[2019-06-24T08:44:57.439+0000][1][safepoint    ] Application time: 0.0014039 seconds
[2019-06-24T08:44:57.439+0000][1][safepoint    ] Entering safepoint region: RevokeBias
[2019-06-24T08:44:57.439+0000][1][safepoint    ] Leaving safepoint region
[2019-06-24T08:44:57.439+0000][1][safepoint    ] Total time for which application threads were stopped: 0.0000437 seconds, Stopping threads took: 0.0000106 seconds
[2019-06-24T08:44:57.439+0000][1][safepoint    ] Application time: 0.0004179 seconds
[2019-06-24T08:44:57.439+0000][1][safepoint    ] Entering safepoint region: BulkRevokeBias
[2019-06-24T08:44:57.439+0000][1][safepoint    ] Leaving safepoint region
[2019-06-24T08:44:57.439+0000][1][safepoint    ] Total time for which application threads were stopped: 0.0001015 seconds, Stopping threads took: 0.0000101 seconds
[2019-06-24T08:44:57.466+0000][1][safepoint    ] Application time: 0.0266067 seconds
[2019-06-24T08:44:57.466+0000][1][safepoint    ] Entering safepoint region: RevokeBias
[2019-06-24T08:44:57.466+0000][1][safepoint    ] Leaving safepoint region
[2019-06-24T08:44:57.466+0000][1][safepoint    ] Total time for which application threads were stopped: 0.0000692 seconds, Stopping threads took: 0.0000117 seconds
[2019-06-24T08:44:57.466+0000][1][safepoint    ] Application time: 0.0000827 seconds
[2019-06-24T08:44:57.466+0000][1][safepoint    ] Entering safepoint region: RevokeBias
[2019-06-24T08:44:57.466+0000][1][safepoint    ] Leaving safepoint region
[2019-06-24T08:44:57.466+0000][1][safepoint    ] Total time for which application threads were stopped: 0.0000410 seconds, Stopping threads took: 0.0000080 seconds
[2019-06-24T08:44:57.466+0000][1][safepoint    ] Application time: 0.0000817 seconds
[2019-06-24T08:44:57.466+0000][1][safepoint    ] Entering safepoint region: RevokeBias
[2019-06-24T08:44:57.466+0000][1][safepoint    ] Leaving safepoint region
[2019-06-24T08:44:57.466+0000][1][safepoint    ] Total time for which application threads were stopped: 0.0000457 seconds, Stopping threads took: 0.0000077 seconds
[2019-06-24T08:44:57.468+0000][1][safepoint    ] Application time: 0.0021063 seconds
[2019-06-24T08:44:57.468+0000][1][safepoint    ] Entering safepoint region: RevokeBias
[2019-06-24T08:44:57.468+0000][1][safepoint    ] Leaving safepoint region
[2019-06-24T08:44:57.468+0000][1][safepoint    ] Total time for which application threads were stopped: 0.0000551 seconds, Stopping threads took: 0.0000103 seconds
[2019-06-24T08:44:57.644+0000][1][safepoint    ] Application time: 0.1758198 seconds
[2019-06-24T08:44:57.644+0000][1][safepoint    ] Entering safepoint region: Deoptimize
[2019-06-24T08:44:57.646+0000][1][safepoint    ] Leaving safepoint region
[2019-06-24T08:44:57.646+0000][1][safepoint    ] Total time for which application threads were stopped: 0.0013903 seconds, Stopping threads took: 0.0000123 seconds
[2019-06-24T08:44:57.674+0000][1][safepoint    ] Application time: 0.0280262 seconds
[2019-06-24T08:44:57.674+0000][1][safepoint    ] Entering safepoint region: RevokeBias
[2019-06-24T08:44:57.674+0000][1][safepoint    ] Leaving safepoint region
[2019-06-24T08:44:57.674+0000][1][safepoint    ] Total time for which application threads were stopped: 0.0001832 seconds, Stopping threads took: 0.0001418 seconds
[2019-06-24T08:44:57.987+0000][1][safepoint    ] Application time: 0.3126125 seconds
[2019-06-24T08:44:57.987+0000][1][safepoint    ] Entering safepoint region: RevokeBias
[2019-06-24T08:44:57.987+0000][1][safepoint    ] Leaving safepoint region
[2019-06-24T08:44:57.987+0000][1][safepoint    ] Total time for which application threads were stopped: 0.0001040 seconds, Stopping threads took: 0.0000191 seconds
[2019-06-24T08:44:58.013+0000][1][safepoint    ] Application time: 0.0264032 seconds
[2019-06-24T08:44:58.013+0000][1][safepoint    ] Entering safepoint region: GenCollectForAllocation
[2019-06-24T08:44:58.013+0000][1][gc,start     ] GC(21) Pause Young (Allocation Failure)
[2019-06-24T08:44:58.013+0000][1][gc,task      ] GC(21) Using 5 workers of 8 for evacuation
[2019-06-24T08:44:58.024+0000][1][gc,age       ] GC(21) Desired survivor size 4456448 bytes, new threshold 2 (max threshold 6)
[2019-06-24T08:44:58.024+0000][1][gc,age       ] GC(21) Age table with threshold 2 (max threshold 6)
[2019-06-24T08:44:58.024+0000][1][gc,age       ] GC(21) - age   1:    3905264 bytes,    3905264 total
[2019-06-24T08:44:58.024+0000][1][gc,age       ] GC(21) - age   2:    1393872 bytes,    5299136 total
[2019-06-24T08:44:58.024+0000][1][gc,heap      ] GC(21) ParNew: 77239K->7733K(78656K)
[2019-06-24T08:44:58.024+0000][1][gc,heap      ] GC(21) CMS: 59236K->62285K(174784K)
[2019-06-24T08:44:58.024+0000][1][gc,metaspace ] GC(21) Metaspace: 61558K->61558K(1105920K)
[2019-06-24T08:44:58.024+0000][1][gc           ] GC(21) Pause Young (Allocation Failure) 133M->68M(247M) 10.412ms
[2019-06-24T08:44:58.024+0000][1][gc,cpu       ] GC(21) User=0.06s Sys=0.01s Real=0.02s
[2019-06-24T08:44:58.024+0000][1][safepoint    ] Leaving safepoint region
[2019-06-24T08:44:58.024+0000][1][safepoint    ] Total time for which application threads were stopped: 0.0105385 seconds, Stopping threads took: 0.0000179 seconds
[2019-06-24T08:44:58.096+0000][1][safepoint    ] Application time: 0.0723962 seconds
[2019-06-24T08:44:58.096+0000][1][safepoint    ] Entering safepoint region: Deoptimize
[2019-06-24T08:44:58.097+0000][1][safepoint    ] Leaving safepoint region
[2019-06-24T08:44:58.097+0000][1][safepoint    ] Total time for which application threads were stopped: 0.0004610 seconds, Stopping threads took: 0.0000144 seconds
[2019-06-24T08:44:58.104+0000][1][safepoint    ] Application time: 0.0073770 seconds
[2019-06-24T08:44:58.104+0000][1][safepoint    ] Entering safepoint region: BulkRevokeBias
[2019-06-24T08:44:58.104+0000][1][safepoint    ] Leaving safepoint region
[2019-06-24T08:44:58.104+0000][1][safepoint    ] Total time for which application threads were stopped: 0.0002427 seconds, Stopping threads took: 0.0001264 seconds
[2019-06-24T08:44:58.105+0000][1][safepoint    ] Application time: 0.0009662 seconds
[2019-06-24T08:44:58.105+0000][1][safepoint    ] Entering safepoint region: RevokeBias
[2019-06-24T08:44:58.105+0000][1][safepoint    ] Leaving safepoint region
[2019-06-24T08:44:58.105+0000][1][safepoint    ] Total time for which application threads were stopped: 0.0000626 seconds, Stopping threads took: 0.0000102 seconds
[2019-06-24T08:44:58.106+0000][1][safepoint    ] Application time: 0.0003190 seconds
[2019-06-24T08:44:58.106+0000][1][safepoint    ] Entering safepoint region: RevokeBias
[2019-06-24T08:44:58.106+0000][1][safepoint    ] Leaving safepoint region
[2019-06-24T08:44:58.106+0000][1][safepoint    ] Total time for which application threads were stopped: 0.0000540 seconds, Stopping threads took: 0.0000086 seconds
[2019-06-24T08:44:58.106+0000][1][safepoint    ] Application time: 0.0000418 seconds
[2019-06-24T08:44:58.106+0000][1][safepoint    ] Entering safepoint region: RevokeBias
[2019-06-24T08:44:58.106+0000][1][safepoint    ] Leaving safepoint region
[2019-06-24T08:44:58.106+0000][1][safepoint    ] Total time for which application threads were stopped: 0.0000426 seconds, Stopping threads took: 0.0000079 seconds
[2019-06-24T08:44:58.106+0000][1][safepoint    ] Application time: 0.0001607 seconds
[2019-06-24T08:44:58.106+0000][1][safepoint    ] Entering safepoint region: RevokeBias
[2019-06-24T08:44:58.106+0000][1][safepoint    ] Leaving safepoint region
[2019-06-24T08:44:58.106+0000][1][safepoint    ] Total time for which application threads were stopped: 0.0000447 seconds, Stopping threads took: 0.0000082 seconds
[2019-06-24T08:44:58.106+0000][1][safepoint    ] Application time: 0.0001614 seconds
[2019-06-24T08:44:58.106+0000][1][safepoint    ] Entering safepoint region: RevokeBias
[2019-06-24T08:44:58.106+0000][1][safepoint    ] Leaving safepoint region
[2019-06-24T08:44:58.106+0000][1][safepoint    ] Total time for which application threads were stopped: 0.0000395 seconds, Stopping threads took: 0.0000081 seconds
[2019-06-24T08:44:58.106+0000][1][safepoint    ] Application time: 0.0001399 seconds
[2019-06-24T08:44:58.106+0000][1][safepoint    ] Entering safepoint region: RevokeBias
[2019-06-24T08:44:58.107+0000][1][safepoint    ] Leaving safepoint region
[2019-06-24T08:44:58.107+0000][1][safepoint    ] Total time for which application threads were stopped: 0.0000945 seconds, Stopping threads took: 0.0000192 seconds
[2019-06-24T08:44:58.107+0000][1][safepoint    ] Application time: 0.0000371 seconds
[2019-06-24T08:44:58.107+0000][1][safepoint    ] Entering safepoint region: RevokeBias
[2019-06-24T08:44:58.107+0000][1][safepoint    ] Leaving safepoint region
[2019-06-24T08:44:58.107+0000][1][safepoint    ] Total time for which application threads were stopped: 0.0000401 seconds, Stopping threads took: 0.0000075 seconds
[2019-06-24T08:44:58.108+0000][1][safepoint    ] Application time: 0.0012088 seconds
[2019-06-24T08:44:58.108+0000][1][safepoint    ] Entering safepoint region: RevokeBias
[2019-06-24T08:44:58.108+0000][1][safepoint    ] Leaving safepoint region
[2019-06-24T08:44:58.108+0000][1][safepoint    ] Total time for which application threads were stopped: 0.0000634 seconds, Stopping threads took: 0.0000109 seconds
[2019-06-24T08:44:58.108+0000][1][safepoint    ] Application time: 0.0000878 seconds
[2019-06-24T08:44:58.108+0000][1][safepoint    ] Entering safepoint region: RevokeBias
[2019-06-24T08:44:58.108+0000][1][safepoint    ] Leaving safepoint region
[2019-06-24T08:44:58.108+0000][1][safepoint    ] Total time for which application threads were stopped: 0.0000423 seconds, Stopping threads took: 0.0000080 seconds
[2019-06-24T08:44:58.110+0000][1][safepoint    ] Application time: 0.0023098 seconds
[2019-06-24T08:44:58.110+0000][1][safepoint    ] Entering safepoint region: Deoptimize
[2019-06-24T08:44:58.111+0000][1][safepoint    ] Leaving safepoint region
[2019-06-24T08:44:58.111+0000][1][safepoint    ] Total time for which application threads were stopped: 0.0004272 seconds, Stopping threads took: 0.0000112 seconds
[2019-06-24T08:44:58.111+0000][1][safepoint    ] Application time: 0.0006049 seconds
[2019-06-24T08:44:58.111+0000][1][safepoint    ] Entering safepoint region: RevokeBias
[2019-06-24T08:44:58.111+0000][1][safepoint    ] Leaving safepoint region
[2019-06-24T08:44:58.112+0000][1][safepoint    ] Total time for which application threads were stopped: 0.0000436 seconds, Stopping threads took: 0.0000114 seconds
[2019-06-24T08:44:58.134+0000][1][safepoint    ] Application time: 0.0221552 seconds
[2019-06-24T08:44:58.134+0000][1][safepoint    ] Entering safepoint region: RevokeBias
[2019-06-24T08:44:58.134+0000][1][safepoint    ] Leaving safepoint region
[2019-06-24T08:44:58.134+0000][1][safepoint    ] Total time for which application threads were stopped: 0.0001262 seconds, Stopping threads took: 0.0000798 seconds
[2019-06-24T08:44:58.134+0000][1][safepoint    ] Application time: 0.0000630 seconds
[2019-06-24T08:44:58.134+0000][1][safepoint    ] Entering safepoint region: RevokeBias
[2019-06-24T08:44:58.134+0000][1][safepoint    ] Leaving safepoint region
[2019-06-24T08:44:58.134+0000][1][safepoint    ] Total time for which application threads were stopped: 0.0000577 seconds, Stopping threads took: 0.0000246 seconds
[2019-06-24T08:44:58.136+0000][1][safepoint    ] Application time: 0.0017713 seconds
[2019-06-24T08:44:58.139+0000][1][safepoint    ] Entering safepoint region: RevokeBias
[2019-06-24T08:44:58.139+0000][1][safepoint    ] Leaving safepoint region
[2019-06-24T08:44:58.139+0000][1][safepoint    ] Total time for which application threads were stopped: 0.0029348 seconds, Stopping threads took: 0.0028221 seconds
[2019-06-24T08:44:58.139+0000][1][safepoint    ] Application time: 0.0003352 seconds
[2019-06-24T08:44:58.143+0000][1][safepoint    ] Entering safepoint region: RevokeBias
[2019-06-24T08:44:58.143+0000][1][safepoint    ] Leaving safepoint region
[2019-06-24T08:44:58.143+0000][1][safepoint    ] Total time for which application threads were stopped: 0.0036972 seconds, Stopping threads took: 0.0036147 seconds
[2019-06-24T08:44:58.143+0000][1][safepoint    ] Application time: 0.0001594 seconds
[2019-06-24T08:44:58.143+0000][1][safepoint    ] Entering safepoint region: RevokeBias
[2019-06-24T08:44:58.143+0000][1][safepoint    ] Leaving safepoint region
[2019-06-24T08:44:58.143+0000][1][safepoint    ] Total time for which application threads were stopped: 0.0001658 seconds, Stopping threads took: 0.0000783 seconds
[2019-06-24T08:44:58.143+0000][1][safepoint    ] Application time: 0.0000748 seconds
[2019-06-24T08:44:58.143+0000][1][safepoint    ] Entering safepoint region: RevokeBias
[2019-06-24T08:44:58.143+0000][1][safepoint    ] Leaving safepoint region
[2019-06-24T08:44:58.143+0000][1][safepoint    ] Total time for which application threads were stopped: 0.0000737 seconds, Stopping threads took: 0.0000147 seconds
[2019-06-24T08:44:58.144+0000][1][safepoint    ] Application time: 0.0002276 seconds
[2019-06-24T08:44:58.144+0000][1][safepoint    ] Entering safepoint region: RevokeBias
[2019-06-24T08:44:58.144+0000][1][safepoint    ] Leaving safepoint region
[2019-06-24T08:44:58.144+0000][1][safepoint    ] Total time for which application threads were stopped: 0.0001400 seconds, Stopping threads took: 0.0000958 seconds
[2019-06-24T08:44:58.144+0000][1][safepoint    ] Application time: 0.0006870 seconds
[2019-06-24T08:44:58.144+0000][1][safepoint    ] Entering safepoint region: RevokeBias
[2019-06-24T08:44:58.145+0000][1][safepoint    ] Leaving safepoint region
[2019-06-24T08:44:58.145+0000][1][safepoint    ] Total time for which application threads were stopped: 0.0000879 seconds, Stopping threads took: 0.0000309 seconds
[2019-06-24T08:44:58.145+0000][1][safepoint    ] Application time: 0.0004889 seconds
[2019-06-24T08:44:58.145+0000][1][safepoint    ] Entering safepoint region: RevokeBias
[2019-06-24T08:44:58.145+0000][1][safepoint    ] Leaving safepoint region
[2019-06-24T08:44:58.145+0000][1][safepoint    ] Total time for which application threads were stopped: 0.0000826 seconds, Stopping threads took: 0.0000149 seconds
[2019-06-24T08:44:58.146+0000][1][safepoint    ] Application time: 0.0003530 seconds
[2019-06-24T08:44:58.146+0000][1][safepoint    ] Entering safepoint region: RevokeBias
[2019-06-24T08:44:58.146+0000][1][safepoint    ] Leaving safepoint region
[2019-06-24T08:44:58.146+0000][1][safepoint    ] Total time for which application threads were stopped: 0.0001975 seconds, Stopping threads took: 0.0001143 seconds
[2019-06-24T08:44:58.146+0000][1][safepoint    ] Application time: 0.0001527 seconds
[2019-06-24T08:44:58.146+0000][1][safepoint    ] Entering safepoint region: RevokeBias
[2019-06-24T08:44:58.146+0000][1][safepoint    ] Leaving safepoint region
[2019-06-24T08:44:58.146+0000][1][safepoint    ] Total time for which application threads were stopped: 0.0001166 seconds, Stopping threads took: 0.0000699 seconds
[2019-06-24T08:44:58.147+0000][1][safepoint    ] Application time: 0.0009503 seconds
[2019-06-24T08:44:58.147+0000][1][safepoint    ] Entering safepoint region: RevokeBias
[2019-06-24T08:44:58.147+0000][1][safepoint    ] Leaving safepoint region
[2019-06-24T08:44:58.147+0000][1][safepoint    ] Total time for which application threads were stopped: 0.0001776 seconds, Stopping threads took: 0.0001071 seconds
[2019-06-24T08:44:58.149+0000][1][safepoint    ] Application time: 0.0018216 seconds
[2019-06-24T08:44:58.149+0000][1][safepoint    ] Entering safepoint region: RevokeBias
[2019-06-24T08:44:58.149+0000][1][safepoint    ] Leaving safepoint region
[2019-06-24T08:44:58.149+0000][1][safepoint    ] Total time for which application threads were stopped: 0.0001375 seconds, Stopping threads took: 0.0000595 seconds
[2019-06-24T08:44:58.151+0000][1][safepoint    ] Application time: 0.0016238 seconds
[2019-06-24T08:44:58.151+0000][1][safepoint    ] Entering safepoint region: RevokeBias
[2019-06-24T08:44:58.151+0000][1][safepoint    ] Leaving safepoint region
[2019-06-24T08:44:58.151+0000][1][safepoint    ] Total time for which application threads were stopped: 0.0002311 seconds, Stopping threads took: 0.0001583 seconds
[2019-06-24T08:44:58.153+0000][1][safepoint    ] Application time: 0.0015108 seconds
[2019-06-24T08:44:58.153+0000][1][safepoint    ] Entering safepoint region: RevokeBias
[2019-06-24T08:44:58.153+0000][1][safepoint    ] Leaving safepoint region
[2019-06-24T08:44:58.153+0000][1][safepoint    ] Total time for which application threads were stopped: 0.0002325 seconds, Stopping threads took: 0.0001550 seconds
[2019-06-24T08:44:58.153+0000][1][safepoint    ] Application time: 0.0002485 seconds
[2019-06-24T08:44:58.153+0000][1][safepoint    ] Entering safepoint region: RevokeBias
[2019-06-24T08:44:58.153+0000][1][safepoint    ] Leaving safepoint region
[2019-06-24T08:44:58.153+0000][1][safepoint    ] Total time for which application threads were stopped: 0.0001688 seconds, Stopping threads took: 0.0000900 seconds
[2019-06-24T08:44:58.153+0000][1][safepoint    ] Application time: 0.0000430 seconds
[2019-06-24T08:44:58.153+0000][1][safepoint    ] Entering safepoint region: RevokeBias
[2019-06-24T08:44:58.153+0000][1][safepoint    ] Leaving safepoint region
[2019-06-24T08:44:58.153+0000][1][safepoint    ] Total time for which application threads were stopped: 0.0000988 seconds, Stopping threads took: 0.0000424 seconds
[2019-06-24T08:44:58.154+0000][1][safepoint    ] Application time: 0.0002673 seconds
[2019-06-24T08:44:58.154+0000][1][safepoint    ] Entering safepoint region: RevokeBias
[2019-06-24T08:44:58.154+0000][1][safepoint    ] Leaving safepoint region
[2019-06-24T08:44:58.154+0000][1][safepoint    ] Total time for which application threads were stopped: 0.0001425 seconds, Stopping threads took: 0.0000681 seconds
[2019-06-24T08:44:58.154+0000][1][safepoint    ] Application time: 0.0000950 seconds
[2019-06-24T08:44:58.154+0000][1][safepoint    ] Entering safepoint region: RevokeBias
[2019-06-24T08:44:58.154+0000][1][safepoint    ] Leaving safepoint region
[2019-06-24T08:44:58.154+0000][1][safepoint    ] Total time for which application threads were stopped: 0.0002478 seconds, Stopping threads took: 0.0001480 seconds
[2019-06-24T08:44:58.155+0000][1][safepoint    ] Application time: 0.0001822 seconds
[2019-06-24T08:44:58.155+0000][1][safepoint    ] Entering safepoint region: RevokeBias
[2019-06-24T08:44:58.155+0000][1][safepoint    ] Leaving safepoint region
[2019-06-24T08:44:58.155+0000][1][safepoint    ] Total time for which application threads were stopped: 0.0001176 seconds, Stopping threads took: 0.0000563 seconds
[2019-06-24T08:44:58.155+0000][1][safepoint    ] Application time: 0.0000583 seconds
[2019-06-24T08:44:58.155+0000][1][safepoint    ] Entering safepoint region: RevokeBias
[2019-06-24T08:44:58.155+0000][1][safepoint    ] Leaving safepoint region
[2019-06-24T08:44:58.155+0000][1][safepoint    ] Total time for which application threads were stopped: 0.0001355 seconds, Stopping threads took: 0.0000828 seconds
[2019-06-24T08:44:58.155+0000][1][safepoint    ] Application time: 0.0002512 seconds
[2019-06-24T08:44:58.155+0000][1][safepoint    ] Entering safepoint region: RevokeBias
[2019-06-24T08:44:58.155+0000][1][safepoint    ] Leaving safepoint region
[2019-06-24T08:44:58.155+0000][1][safepoint    ] Total time for which application threads were stopped: 0.0001142 seconds, Stopping threads took: 0.0000457 seconds
[2019-06-24T08:44:58.157+0000][1][safepoint    ] Application time: 0.0014560 seconds
[2019-06-24T08:44:58.157+0000][1][safepoint    ] Entering safepoint region: RevokeBias
[2019-06-24T08:44:58.157+0000][1][safepoint    ] Leaving safepoint region
[2019-06-24T08:44:58.157+0000][1][safepoint    ] Total time for which application threads were stopped: 0.0001754 seconds, Stopping threads took: 0.0001265 seconds
[2019-06-24T08:44:58.159+0000][1][safepoint    ] Application time: 0.0017582 seconds
[2019-06-24T08:44:58.159+0000][1][safepoint    ] Entering safepoint region: RevokeBias
[2019-06-24T08:44:58.159+0000][1][safepoint    ] Leaving safepoint region
[2019-06-24T08:44:58.159+0000][1][safepoint    ] Total time for which application threads were stopped: 0.0001786 seconds, Stopping threads took: 0.0000490 seconds
[2019-06-24T08:44:58.159+0000][1][safepoint    ] Application time: 0.0003952 seconds
[2019-06-24T08:44:58.159+0000][1][safepoint    ] Entering safepoint region: RevokeBias
[2019-06-24T08:44:58.160+0000][1][safepoint    ] Leaving safepoint region
[2019-06-24T08:44:58.160+0000][1][safepoint    ] Total time for which application threads were stopped: 0.0003293 seconds, Stopping threads took: 0.0000518 seconds
[2019-06-24T08:44:58.164+0000][1][safepoint    ] Application time: 0.0047978 seconds
[2019-06-24T08:44:58.167+0000][1][safepoint    ] Entering safepoint region: RevokeBias
[2019-06-24T08:44:58.167+0000][1][safepoint    ] Leaving safepoint region
[2019-06-24T08:44:58.167+0000][1][safepoint    ] Total time for which application threads were stopped: 0.0022306 seconds, Stopping threads took: 0.0020999 seconds
[2019-06-24T08:44:58.167+0000][1][safepoint    ] Application time: 0.0006408 seconds
[2019-06-24T08:44:58.167+0000][1][safepoint    ] Entering safepoint region: RevokeBias
[2019-06-24T08:44:58.168+0000][1][safepoint    ] Leaving safepoint region
[2019-06-24T08:44:58.168+0000][1][safepoint    ] Total time for which application threads were stopped: 0.0001737 seconds, Stopping threads took: 0.0000777 seconds
[2019-06-24T08:44:58.168+0000][1][safepoint    ] Application time: 0.0001148 seconds
[2019-06-24T08:44:58.168+0000][1][safepoint    ] Entering safepoint region: RevokeBias
[2019-06-24T08:44:58.168+0000][1][safepoint    ] Leaving safepoint region
[2019-06-24T08:44:58.168+0000][1][safepoint    ] Total time for which application threads were stopped: 0.0001338 seconds, Stopping threads took: 0.0000826 seconds
[2019-06-24T08:44:58.168+0000][1][safepoint    ] Application time: 0.0000477 seconds
[2019-06-24T08:44:58.168+0000][1][safepoint    ] Entering safepoint region: RevokeBias
[2019-06-24T08:44:58.168+0000][1][safepoint    ] Leaving safepoint region
[2019-06-24T08:44:58.168+0000][1][safepoint    ] Total time for which application threads were stopped: 0.0001335 seconds, Stopping threads took: 0.0000702 seconds
[2019-06-24T08:44:58.168+0000][1][safepoint    ] Application time: 0.0002894 seconds
[2019-06-24T08:44:58.168+0000][1][safepoint    ] Entering safepoint region: RevokeBias
[2019-06-24T08:44:58.169+0000][1][safepoint    ] Leaving safepoint region
[2019-06-24T08:44:58.169+0000][1][safepoint    ] Total time for which application threads were stopped: 0.0001576 seconds, Stopping threads took: 0.0000888 seconds
[2019-06-24T08:44:58.169+0000][1][safepoint    ] Application time: 0.0000913 seconds
[2019-06-24T08:44:58.169+0000][1][safepoint    ] Entering safepoint region: RevokeBias
[2019-06-24T08:44:58.169+0000][1][safepoint    ] Leaving safepoint region
[2019-06-24T08:44:58.169+0000][1][safepoint    ] Total time for which application threads were stopped: 0.0000994 seconds, Stopping threads took: 0.0000474 seconds
[2019-06-24T08:44:58.169+0000][1][safepoint    ] Application time: 0.0000618 seconds
[2019-06-24T08:44:58.169+0000][1][safepoint    ] Entering safepoint region: RevokeBias
[2019-06-24T08:44:58.169+0000][1][safepoint    ] Leaving safepoint region
[2019-06-24T08:44:58.169+0000][1][safepoint    ] Total time for which application threads were stopped: 0.0002365 seconds, Stopping threads took: 0.0001957 seconds
[2019-06-24T08:44:58.172+0000][1][safepoint    ] Application time: 0.0028078 seconds
[2019-06-24T08:44:58.172+0000][1][safepoint    ] Entering safepoint region: RevokeBias
[2019-06-24T08:44:58.172+0000][1][safepoint    ] Leaving safepoint region
[2019-06-24T08:44:58.172+0000][1][safepoint    ] Total time for which application threads were stopped: 0.0000920 seconds, Stopping threads took: 0.0000181 seconds
[2019-06-24T08:44:58.172+0000][1][safepoint    ] Application time: 0.0000461 seconds
[2019-06-24T08:44:58.172+0000][1][safepoint    ] Entering safepoint region: RevokeBias
[2019-06-24T08:44:58.172+0000][1][safepoint    ] Leaving safepoint region
[2019-06-24T08:44:58.172+0000][1][safepoint    ] Total time for which application threads were stopped: 0.0000755 seconds, Stopping threads took: 0.0000122 seconds
[2019-06-24T08:44:58.175+0000][1][safepoint    ] Application time: 0.0025364 seconds
[2019-06-24T08:44:58.175+0000][1][safepoint    ] Entering safepoint region: RevokeBias
[2019-06-24T08:44:58.175+0000][1][safepoint    ] Leaving safepoint region
[2019-06-24T08:44:58.175+0000][1][safepoint    ] Total time for which application threads were stopped: 0.0001742 seconds, Stopping threads took: 0.0000990 seconds
[2019-06-24T08:44:58.175+0000][1][safepoint    ] Application time: 0.0001278 seconds
[2019-06-24T08:44:58.175+0000][1][safepoint    ] Entering safepoint region: RevokeBias
[2019-06-24T08:44:58.175+0000][1][safepoint    ] Leaving safepoint region
[2019-06-24T08:44:58.175+0000][1][safepoint    ] Total time for which application threads were stopped: 0.0001683 seconds, Stopping threads took: 0.0000698 seconds
[2019-06-24T08:44:58.175+0000][1][safepoint    ] Application time: 0.0001652 seconds
[2019-06-24T08:44:58.175+0000][1][safepoint    ] Entering safepoint region: RevokeBias
[2019-06-24T08:44:58.175+0000][1][safepoint    ] Leaving safepoint region
[2019-06-24T08:44:58.175+0000][1][safepoint    ] Total time for which application threads were stopped: 0.0000987 seconds, Stopping threads took: 0.0000443 seconds
[2019-06-24T08:44:58.176+0000][1][safepoint    ] Application time: 0.0000732 seconds
[2019-06-24T08:44:58.176+0000][1][safepoint    ] Entering safepoint region: RevokeBias
[2019-06-24T08:44:58.176+0000][1][safepoint    ] Leaving safepoint region
[2019-06-24T08:44:58.176+0000][1][safepoint    ] Total time for which application threads were stopped: 0.0000593 seconds, Stopping threads took: 0.0000116 seconds
[2019-06-24T08:44:58.176+0000][1][safepoint    ] Application time: 0.0000726 seconds
[2019-06-24T08:44:58.176+0000][1][safepoint    ] Entering safepoint region: RevokeBias
[2019-06-24T08:44:58.176+0000][1][safepoint    ] Leaving safepoint region
[2019-06-24T08:44:58.176+0000][1][safepoint    ] Total time for which application threads were stopped: 0.0000625 seconds, Stopping threads took: 0.0000139 seconds
[2019-06-24T08:44:58.178+0000][1][safepoint    ] Application time: 0.0025878 seconds
[2019-06-24T08:44:58.178+0000][1][safepoint    ] Entering safepoint region: RevokeBias
[2019-06-24T08:44:58.179+0000][1][safepoint    ] Leaving safepoint region
[2019-06-24T08:44:58.179+0000][1][safepoint    ] Total time for which application threads were stopped: 0.0001171 seconds, Stopping threads took: 0.0000192 seconds
[2019-06-24T08:44:58.179+0000][1][safepoint    ] Application time: 0.0000900 seconds
[2019-06-24T08:44:58.179+0000][1][safepoint    ] Entering safepoint region: RevokeBias
[2019-06-24T08:44:58.179+0000][1][safepoint    ] Leaving safepoint region
[2019-06-24T08:44:58.179+0000][1][safepoint    ] Total time for which application threads were stopped: 0.0001002 seconds, Stopping threads took: 0.0000395 seconds
[2019-06-24T08:44:58.179+0000][1][safepoint    ] Application time: 0.0000865 seconds
[2019-06-24T08:44:58.179+0000][1][safepoint    ] Entering safepoint region: RevokeBias
[2019-06-24T08:44:58.179+0000][1][safepoint    ] Leaving safepoint region
[2019-06-24T08:44:58.179+0000][1][safepoint    ] Total time for which application threads were stopped: 0.0000954 seconds, Stopping threads took: 0.0000419 seconds
[2019-06-24T08:44:58.179+0000][1][safepoint    ] Application time: 0.0000833 seconds
[2019-06-24T08:44:58.179+0000][1][safepoint    ] Entering safepoint region: RevokeBias
[2019-06-24T08:44:58.179+0000][1][safepoint    ] Leaving safepoint region
[2019-06-24T08:44:58.179+0000][1][safepoint    ] Total time for which application threads were stopped: 0.0001877 seconds, Stopping threads took: 0.0001364 seconds
[2019-06-24T08:44:58.182+0000][1][safepoint    ] Application time: 0.0031707 seconds
[2019-06-24T08:44:58.183+0000][1][safepoint    ] Entering safepoint region: RevokeBias
[2019-06-24T08:44:58.183+0000][1][safepoint    ] Leaving safepoint region
[2019-06-24T08:44:58.183+0000][1][safepoint    ] Total time for which application threads were stopped: 0.0000953 seconds, Stopping threads took: 0.0000189 seconds
[2019-06-24T08:44:58.184+0000][1][safepoint    ] Application time: 0.0015253 seconds
[2019-06-24T08:44:58.184+0000][1][safepoint    ] Entering safepoint region: RevokeBias
[2019-06-24T08:44:58.184+0000][1][safepoint    ] Leaving safepoint region
[2019-06-24T08:44:58.184+0000][1][safepoint    ] Total time for which application threads were stopped: 0.0001598 seconds, Stopping threads took: 0.0000852 seconds
[2019-06-24T08:44:58.185+0000][1][safepoint    ] Application time: 0.0011551 seconds
[2019-06-24T08:44:58.186+0000][1][safepoint    ] Entering safepoint region: RevokeBias
[2019-06-24T08:44:58.186+0000][1][safepoint    ] Leaving safepoint region
[2019-06-24T08:44:58.186+0000][1][safepoint    ] Total time for which application threads were stopped: 0.0001802 seconds, Stopping threads took: 0.0000520 seconds
[2019-06-24T08:44:58.186+0000][1][safepoint    ] Application time: 0.0001145 seconds
[2019-06-24T08:44:58.186+0000][1][safepoint    ] Entering safepoint region: RevokeBias
[2019-06-24T08:44:58.186+0000][1][safepoint    ] Leaving safepoint region
[2019-06-24T08:44:58.186+0000][1][safepoint    ] Total time for which application threads were stopped: 0.0001359 seconds, Stopping threads took: 0.0000561 seconds
[2019-06-24T08:44:58.187+0000][1][safepoint    ] Application time: 0.0005352 seconds
[2019-06-24T08:44:58.187+0000][1][safepoint    ] Entering safepoint region: RevokeBias
[2019-06-24T08:44:58.187+0000][1][safepoint    ] Leaving safepoint region
[2019-06-24T08:44:58.187+0000][1][safepoint    ] Total time for which application threads were stopped: 0.0001147 seconds, Stopping threads took: 0.0000648 seconds
[2019-06-24T08:44:58.187+0000][1][safepoint    ] Application time: 0.0000595 seconds
[2019-06-24T08:44:58.187+0000][1][safepoint    ] Entering safepoint region: RevokeBias
[2019-06-24T08:44:58.187+0000][1][safepoint    ] Leaving safepoint region
[2019-06-24T08:44:58.187+0000][1][safepoint    ] Total time for which application threads were stopped: 0.0000631 seconds, Stopping threads took: 0.0000267 seconds
[2019-06-24T08:44:58.187+0000][1][safepoint    ] Application time: 0.0000501 seconds
[2019-06-24T08:44:58.187+0000][1][safepoint    ] Entering safepoint region: RevokeBias
[2019-06-24T08:44:58.187+0000][1][safepoint    ] Leaving safepoint region
[2019-06-24T08:44:58.187+0000][1][safepoint    ] Total time for which application threads were stopped: 0.0000732 seconds, Stopping threads took: 0.0000460 seconds
[2019-06-24T08:44:58.675+0000][1][safepoint    ] Application time: 0.4880643 seconds
[2019-06-24T08:44:58.675+0000][1][safepoint    ] Entering safepoint region: RevokeBias
[2019-06-24T08:44:58.675+0000][1][safepoint    ] Leaving safepoint region
[2019-06-24T08:44:58.675+0000][1][safepoint    ] Total time for which application threads were stopped: 0.0002684 seconds, Stopping threads took: 0.0000647 seconds
[2019-06-24T08:44:58.978+0000][1][safepoint    ] Application time: 0.3022040 seconds
[2019-06-24T08:44:58.978+0000][1][safepoint    ] Entering safepoint region: RevokeBias
[2019-06-24T08:44:58.978+0000][1][safepoint    ] Leaving safepoint region
[2019-06-24T08:44:58.978+0000][1][safepoint    ] Total time for which application threads were stopped: 0.0002105 seconds, Stopping threads took: 0.0000839 seconds
[2019-06-24T08:44:58.978+0000][1][safepoint    ] Application time: 0.0001775 seconds
[2019-06-24T08:44:58.978+0000][1][safepoint    ] Entering safepoint region: RevokeBias
[2019-06-24T08:44:58.978+0000][1][safepoint    ] Leaving safepoint region
[2019-06-24T08:44:58.978+0000][1][safepoint    ] Total time for which application threads were stopped: 0.0001205 seconds, Stopping threads took: 0.0000296 seconds
[2019-06-24T08:44:58.978+0000][1][safepoint    ] Application time: 0.0001472 seconds
[2019-06-24T08:44:58.979+0000][1][safepoint    ] Entering safepoint region: RevokeBias
[2019-06-24T08:44:58.979+0000][1][safepoint    ] Leaving safepoint region
[2019-06-24T08:44:58.979+0000][1][safepoint    ] Total time for which application threads were stopped: 0.0001611 seconds, Stopping threads took: 0.0000467 seconds
[2019-06-24T08:44:58.979+0000][1][safepoint    ] Application time: 0.0001511 seconds
[2019-06-24T08:44:58.979+0000][1][safepoint    ] Entering safepoint region: RevokeBias
[2019-06-24T08:44:58.979+0000][1][safepoint    ] Leaving safepoint region
[2019-06-24T08:44:58.979+0000][1][safepoint    ] Total time for which application threads were stopped: 0.0001440 seconds, Stopping threads took: 0.0000536 seconds
[2019-06-24T08:44:58.979+0000][1][safepoint    ] Application time: 0.0001516 seconds
[2019-06-24T08:44:58.979+0000][1][safepoint    ] Entering safepoint region: RevokeBias
[2019-06-24T08:44:58.979+0000][1][safepoint    ] Leaving safepoint region
[2019-06-24T08:44:58.979+0000][1][safepoint    ] Total time for which application threads were stopped: 0.0001143 seconds, Stopping threads took: 0.0000276 seconds
[2019-06-24T08:44:58.980+0000][1][safepoint    ] Application time: 0.0001383 seconds
[2019-06-24T08:44:58.980+0000][1][safepoint    ] Entering safepoint region: RevokeBias
[2019-06-24T08:44:58.980+0000][1][safepoint    ] Leaving safepoint region
[2019-06-24T08:44:58.980+0000][1][safepoint    ] Total time for which application threads were stopped: 0.0003366 seconds, Stopping threads took: 0.0002258 seconds
[2019-06-24T08:44:58.980+0000][1][safepoint    ] Application time: 0.0001772 seconds
[2019-06-24T08:44:58.980+0000][1][safepoint    ] Entering safepoint region: RevokeBias
[2019-06-24T08:44:58.980+0000][1][safepoint    ] Leaving safepoint region
[2019-06-24T08:44:58.980+0000][1][safepoint    ] Total time for which application threads were stopped: 0.0001113 seconds, Stopping threads took: 0.0000279 seconds
[2019-06-24T08:44:58.980+0000][1][safepoint    ] Application time: 0.0001354 seconds
[2019-06-24T08:44:58.980+0000][1][safepoint    ] Entering safepoint region: RevokeBias
[2019-06-24T08:44:58.980+0000][1][safepoint    ] Leaving safepoint region
[2019-06-24T08:44:58.981+0000][1][safepoint    ] Total time for which application threads were stopped: 0.0001086 seconds, Stopping threads took: 0.0000260 seconds
[2019-06-24T08:44:59.137+0000][1][safepoint    ] Application time: 0.1565117 seconds
[2019-06-24T08:44:59.137+0000][1][safepoint    ] Entering safepoint region: RevokeBias
[2019-06-24T08:44:59.137+0000][1][safepoint    ] Leaving safepoint region
[2019-06-24T08:44:59.137+0000][1][safepoint    ] Total time for which application threads were stopped: 0.0002181 seconds, Stopping threads took: 0.0001600 seconds
[2019-06-24T08:44:59.138+0000][1][safepoint    ] Application time: 0.0006802 seconds
[2019-06-24T08:44:59.138+0000][1][safepoint    ] Entering safepoint region: RevokeBias
[2019-06-24T08:44:59.138+0000][1][safepoint    ] Leaving safepoint region
[2019-06-24T08:44:59.138+0000][1][safepoint    ] Total time for which application threads were stopped: 0.0001950 seconds, Stopping threads took: 0.0001269 seconds
[2019-06-24T08:44:59.138+0000][1][safepoint    ] Application time: 0.0002075 seconds
[2019-06-24T08:44:59.139+0000][1][safepoint    ] Entering safepoint region: RevokeBias
[2019-06-24T08:44:59.139+0000][1][safepoint    ] Leaving safepoint region
[2019-06-24T08:44:59.139+0000][1][safepoint    ] Total time for which application threads were stopped: 0.0001383 seconds, Stopping threads took: 0.0000804 seconds
[2019-06-24T08:44:59.139+0000][1][safepoint    ] Application time: 0.0002060 seconds
[2019-06-24T08:44:59.139+0000][1][safepoint    ] Entering safepoint region: RevokeBias
[2019-06-24T08:44:59.139+0000][1][safepoint    ] Leaving safepoint region
[2019-06-24T08:44:59.139+0000][1][safepoint    ] Total time for which application threads were stopped: 0.0001894 seconds, Stopping threads took: 0.0001353 seconds
[2019-06-24T08:44:59.139+0000][1][safepoint    ] Application time: 0.0000798 seconds
[2019-06-24T08:44:59.139+0000][1][safepoint    ] Entering safepoint region: RevokeBias
[2019-06-24T08:44:59.139+0000][1][safepoint    ] Leaving safepoint region
[2019-06-24T08:44:59.139+0000][1][safepoint    ] Total time for which application threads were stopped: 0.0002423 seconds, Stopping threads took: 0.0001813 seconds
[2019-06-24T08:44:59.140+0000][1][safepoint    ] Application time: 0.0001429 seconds
[2019-06-24T08:44:59.140+0000][1][safepoint    ] Entering safepoint region: RevokeBias
[2019-06-24T08:44:59.140+0000][1][safepoint    ] Leaving safepoint region
[2019-06-24T08:44:59.140+0000][1][safepoint    ] Total time for which application threads were stopped: 0.0001238 seconds, Stopping threads took: 0.0000580 seconds
[2019-06-24T08:44:59.140+0000][1][safepoint    ] Application time: 0.0001827 seconds
[2019-06-24T08:44:59.140+0000][1][safepoint    ] Entering safepoint region: RevokeBias
[2019-06-24T08:44:59.140+0000][1][safepoint    ] Leaving safepoint region
[2019-06-24T08:44:59.140+0000][1][safepoint    ] Total time for which application threads were stopped: 0.0002542 seconds, Stopping threads took: 0.0001858 seconds
[2019-06-24T08:44:59.140+0000][1][safepoint    ] Application time: 0.0002565 seconds
[2019-06-24T08:44:59.140+0000][1][safepoint    ] Entering safepoint region: RevokeBias
[2019-06-24T08:44:59.141+0000][1][safepoint    ] Leaving safepoint region
[2019-06-24T08:44:59.141+0000][1][safepoint    ] Total time for which application threads were stopped: 0.0001108 seconds, Stopping threads took: 0.0000511 seconds
[2019-06-24T08:44:59.141+0000][1][safepoint    ] Application time: 0.0000818 seconds
[2019-06-24T08:44:59.141+0000][1][safepoint    ] Entering safepoint region: RevokeBias
[2019-06-24T08:44:59.141+0000][1][safepoint    ] Leaving safepoint region
[2019-06-24T08:44:59.141+0000][1][safepoint    ] Total time for which application threads were stopped: 0.0000796 seconds, Stopping threads took: 0.0000392 seconds
[2019-06-24T08:44:59.141+0000][1][safepoint    ] Application time: 0.0002174 seconds
[2019-06-24T08:44:59.141+0000][1][safepoint    ] Entering safepoint region: RevokeBias
[2019-06-24T08:44:59.141+0000][1][safepoint    ] Leaving safepoint region
[2019-06-24T08:44:59.141+0000][1][safepoint    ] Total time for which application threads were stopped: 0.0002492 seconds, Stopping threads took: 0.0001906 seconds
[2019-06-24T08:44:59.141+0000][1][safepoint    ] Application time: 0.0002288 seconds
[2019-06-24T08:44:59.142+0000][1][safepoint    ] Entering safepoint region: RevokeBias
[2019-06-24T08:44:59.142+0000][1][safepoint    ] Leaving safepoint region
[2019-06-24T08:44:59.142+0000][1][safepoint    ] Total time for which application threads were stopped: 0.0002964 seconds, Stopping threads took: 0.0002407 seconds
[2019-06-24T08:44:59.142+0000][1][safepoint    ] Application time: 0.0002483 seconds
[2019-06-24T08:44:59.142+0000][1][safepoint    ] Entering safepoint region: RevokeBias
[2019-06-24T08:44:59.142+0000][1][safepoint    ] Leaving safepoint region
[2019-06-24T08:44:59.142+0000][1][safepoint    ] Total time for which application threads were stopped: 0.0002401 seconds, Stopping threads took: 0.0001560 seconds
[2019-06-24T08:44:59.142+0000][1][safepoint    ] Application time: 0.0001164 seconds
[2019-06-24T08:44:59.143+0000][1][safepoint    ] Entering safepoint region: RevokeBias
[2019-06-24T08:44:59.143+0000][1][safepoint    ] Leaving safepoint region
[2019-06-24T08:44:59.143+0000][1][safepoint    ] Total time for which application threads were stopped: 0.0003949 seconds, Stopping threads took: 0.0003356 seconds
[2019-06-24T08:44:59.143+0000][1][safepoint    ] Application time: 0.0001413 seconds
[2019-06-24T08:44:59.143+0000][1][safepoint    ] Entering safepoint region: RevokeBias
[2019-06-24T08:44:59.143+0000][1][safepoint    ] Leaving safepoint region
[2019-06-24T08:44:59.143+0000][1][safepoint    ] Total time for which application threads were stopped: 0.0001131 seconds, Stopping threads took: 0.0000479 seconds
[2019-06-24T08:44:59.143+0000][1][safepoint    ] Application time: 0.0001704 seconds
[2019-06-24T08:44:59.144+0000][1][safepoint    ] Entering safepoint region: RevokeBias
[2019-06-24T08:44:59.144+0000][1][safepoint    ] Leaving safepoint region
[2019-06-24T08:44:59.144+0000][1][safepoint    ] Total time for which application threads were stopped: 0.0002737 seconds, Stopping threads took: 0.0002100 seconds
[2019-06-24T08:44:59.144+0000][1][safepoint    ] Application time: 0.0002831 seconds
[2019-06-24T08:44:59.144+0000][1][safepoint    ] Entering safepoint region: RevokeBias
[2019-06-24T08:44:59.144+0000][1][safepoint    ] Leaving safepoint region
[2019-06-24T08:44:59.144+0000][1][safepoint    ] Total time for which application threads were stopped: 0.0002831 seconds, Stopping threads took: 0.0001896 seconds
[2019-06-24T08:44:59.144+0000][1][safepoint    ] Application time: 0.0001113 seconds
[2019-06-24T08:44:59.144+0000][1][safepoint    ] Entering safepoint region: RevokeBias
[2019-06-24T08:44:59.144+0000][1][safepoint    ] Leaving safepoint region
[2019-06-24T08:44:59.144+0000][1][safepoint    ] Total time for which application threads were stopped: 0.0000913 seconds, Stopping threads took: 0.0000173 seconds
[2019-06-24T08:44:59.145+0000][1][safepoint    ] Application time: 0.0000678 seconds
[2019-06-24T08:44:59.145+0000][1][safepoint    ] Entering safepoint region: RevokeBias
[2019-06-24T08:44:59.145+0000][1][safepoint    ] Leaving safepoint region
[2019-06-24T08:44:59.145+0000][1][safepoint    ] Total time for which application threads were stopped: 0.0000653 seconds, Stopping threads took: 0.0000137 seconds
[2019-06-24T08:44:59.145+0000][1][safepoint    ] Application time: 0.0003354 seconds
[2019-06-24T08:44:59.145+0000][1][safepoint    ] Entering safepoint region: RevokeBias
[2019-06-24T08:44:59.145+0000][1][safepoint    ] Leaving safepoint region
[2019-06-24T08:44:59.145+0000][1][safepoint    ] Total time for which application threads were stopped: 0.0000846 seconds, Stopping threads took: 0.0000302 seconds
[2019-06-24T08:45:00.140+0000][1][safepoint    ] Application time: 0.9946313 seconds
[2019-06-24T08:45:00.140+0000][1][safepoint    ] Entering safepoint region: RevokeBias
[2019-06-24T08:45:00.140+0000][1][safepoint    ] Leaving safepoint region
[2019-06-24T08:45:00.141+0000][1][safepoint    ] Total time for which application threads were stopped: 0.0006940 seconds, Stopping threads took: 0.0003942 seconds
[2019-06-24T08:45:00.141+0000][1][safepoint    ] Application time: 0.0005782 seconds
[2019-06-24T08:45:00.142+0000][1][safepoint    ] Entering safepoint region: RevokeBias
[2019-06-24T08:45:00.142+0000][1][safepoint    ] Leaving safepoint region
[2019-06-24T08:45:00.142+0000][1][safepoint    ] Total time for which application threads were stopped: 0.0006664 seconds, Stopping threads took: 0.0003480 seconds
[2019-06-24T08:45:00.143+0000][1][safepoint    ] Application time: 0.0006414 seconds
[2019-06-24T08:45:00.143+0000][1][safepoint    ] Entering safepoint region: RevokeBias
[2019-06-24T08:45:00.143+0000][1][safepoint    ] Leaving safepoint region
[2019-06-24T08:45:00.143+0000][1][safepoint    ] Total time for which application threads were stopped: 0.0003888 seconds, Stopping threads took: 0.0000629 seconds
[2019-06-24T08:45:00.143+0000][1][safepoint    ] Application time: 0.0003303 seconds
[2019-06-24T08:45:00.143+0000][1][safepoint    ] Entering safepoint region: RevokeBias
[2019-06-24T08:45:00.144+0000][1][safepoint    ] Leaving safepoint region
[2019-06-24T08:45:00.144+0000][1][safepoint    ] Total time for which application threads were stopped: 0.0003502 seconds, Stopping threads took: 0.0000531 seconds
[2019-06-24T08:45:00.144+0000][1][safepoint    ] Application time: 0.0003923 seconds
[2019-06-24T08:45:00.144+0000][1][safepoint    ] Entering safepoint region: RevokeBias
[2019-06-24T08:45:00.144+0000][1][safepoint    ] Leaving safepoint region
[2019-06-24T08:45:00.144+0000][1][safepoint    ] Total time for which application threads were stopped: 0.0002176 seconds, Stopping threads took: 0.0000760 seconds
[2019-06-24T08:45:00.145+0000][1][safepoint    ] Application time: 0.0004469 seconds
[2019-06-24T08:45:00.145+0000][1][safepoint    ] Entering safepoint region: RevokeBias
[2019-06-24T08:45:00.145+0000][1][safepoint    ] Leaving safepoint region
[2019-06-24T08:45:00.145+0000][1][safepoint    ] Total time for which application threads were stopped: 0.0003710 seconds, Stopping threads took: 0.0001152 seconds
[2019-06-24T08:45:00.146+0000][1][safepoint    ] Application time: 0.0004033 seconds
[2019-06-24T08:45:00.146+0000][1][safepoint    ] Entering safepoint region: RevokeBias
[2019-06-24T08:45:00.146+0000][1][safepoint    ] Leaving safepoint region
[2019-06-24T08:45:00.146+0000][1][safepoint    ] Total time for which application threads were stopped: 0.0003769 seconds, Stopping threads took: 0.0000784 seconds
[2019-06-24T08:45:00.147+0000][1][safepoint    ] Application time: 0.0007051 seconds
[2019-06-24T08:45:00.147+0000][1][safepoint    ] Entering safepoint region: RevokeBias
[2019-06-24T08:45:00.147+0000][1][safepoint    ] Leaving safepoint region
[2019-06-24T08:45:00.147+0000][1][safepoint    ] Total time for which application threads were stopped: 0.0003025 seconds, Stopping threads took: 0.0001110 seconds
[2019-06-24T08:45:00.148+0000][1][safepoint    ] Application time: 0.0003073 seconds
[2019-06-24T08:45:00.148+0000][1][safepoint    ] Entering safepoint region: RevokeBias
[2019-06-24T08:45:00.148+0000][1][safepoint    ] Leaving safepoint region
[2019-06-24T08:45:00.148+0000][1][safepoint    ] Total time for which application threads were stopped: 0.0004711 seconds, Stopping threads took: 0.0003138 seconds
[2019-06-24T08:45:00.149+0000][1][safepoint    ] Application time: 0.0006755 seconds
[2019-06-24T08:45:00.149+0000][1][safepoint    ] Entering safepoint region: RevokeBias
[2019-06-24T08:45:00.149+0000][1][safepoint    ] Leaving safepoint region
[2019-06-24T08:45:00.149+0000][1][safepoint    ] Total time for which application threads were stopped: 0.0005092 seconds, Stopping threads took: 0.0003220 seconds
[2019-06-24T08:45:00.150+0000][1][safepoint    ] Application time: 0.0003437 seconds
[2019-06-24T08:45:00.150+0000][1][safepoint    ] Entering safepoint region: RevokeBias
[2019-06-24T08:45:00.150+0000][1][safepoint    ] Leaving safepoint region
[2019-06-24T08:45:00.150+0000][1][safepoint    ] Total time for which application threads were stopped: 0.0005340 seconds, Stopping threads took: 0.0003451 seconds
[2019-06-24T08:45:00.151+0000][1][safepoint    ] Application time: 0.0003288 seconds
[2019-06-24T08:45:00.151+0000][1][safepoint    ] Entering safepoint region: RevokeBias
[2019-06-24T08:45:00.151+0000][1][safepoint    ] Leaving safepoint region
[2019-06-24T08:45:00.151+0000][1][safepoint    ] Total time for which application threads were stopped: 0.0002698 seconds, Stopping threads took: 0.0001268 seconds
[2019-06-24T08:45:00.152+0000][1][safepoint    ] Application time: 0.0004206 seconds
[2019-06-24T08:45:00.152+0000][1][safepoint    ] Entering safepoint region: RevokeBias
[2019-06-24T08:45:00.152+0000][1][safepoint    ] Leaving safepoint region
[2019-06-24T08:45:00.152+0000][1][safepoint    ] Total time for which application threads were stopped: 0.0006877 seconds, Stopping threads took: 0.0003886 seconds
[2019-06-24T08:45:00.153+0000][1][safepoint    ] Application time: 0.0002384 seconds
[2019-06-24T08:45:00.153+0000][1][safepoint    ] Entering safepoint region: RevokeBias
[2019-06-24T08:45:00.153+0000][1][safepoint    ] Leaving safepoint region
[2019-06-24T08:45:00.153+0000][1][safepoint    ] Total time for which application threads were stopped: 0.0005235 seconds, Stopping threads took: 0.0003155 seconds
[2019-06-24T08:45:00.154+0000][1][safepoint    ] Application time: 0.0004484 seconds
[2019-06-24T08:45:00.154+0000][1][safepoint    ] Entering safepoint region: RevokeBias
[2019-06-24T08:45:00.154+0000][1][safepoint    ] Leaving safepoint region
[2019-06-24T08:45:00.154+0000][1][safepoint    ] Total time for which application threads were stopped: 0.0004454 seconds, Stopping threads took: 0.0003168 seconds
[2019-06-24T08:45:00.155+0000][1][safepoint    ] Application time: 0.0006195 seconds
[2019-06-24T08:45:00.155+0000][1][safepoint    ] Entering safepoint region: RevokeBias
[2019-06-24T08:45:00.155+0000][1][safepoint    ] Leaving safepoint region
[2019-06-24T08:45:00.155+0000][1][safepoint    ] Total time for which application threads were stopped: 0.0004579 seconds, Stopping threads took: 0.0003169 seconds
[2019-06-24T08:45:00.156+0000][1][safepoint    ] Application time: 0.0004242 seconds
[2019-06-24T08:45:00.156+0000][1][safepoint    ] Entering safepoint region: RevokeBias
[2019-06-24T08:45:00.156+0000][1][safepoint    ] Leaving safepoint region
[2019-06-24T08:45:00.156+0000][1][safepoint    ] Total time for which application threads were stopped: 0.0001891 seconds, Stopping threads took: 0.0000772 seconds
[2019-06-24T08:45:01.140+0000][1][safepoint    ] Application time: 0.9836650 seconds
[2019-06-24T08:45:01.140+0000][1][safepoint    ] Entering safepoint region: RevokeBias
[2019-06-24T08:45:01.140+0000][1][safepoint    ] Leaving safepoint region
[2019-06-24T08:45:01.140+0000][1][safepoint    ] Total time for which application threads were stopped: 0.0005247 seconds, Stopping threads took: 0.0003207 seconds
[2019-06-24T08:45:01.142+0000][1][safepoint    ] Application time: 0.0011540 seconds
[2019-06-24T08:45:01.142+0000][1][safepoint    ] Entering safepoint region: RevokeBias
[2019-06-24T08:45:01.142+0000][1][safepoint    ] Leaving safepoint region
[2019-06-24T08:45:01.142+0000][1][safepoint    ] Total time for which application threads were stopped: 0.0003261 seconds, Stopping threads took: 0.0001352 seconds
[2019-06-24T08:45:01.142+0000][1][safepoint    ] Application time: 0.0003375 seconds
[2019-06-24T08:45:01.143+0000][1][safepoint    ] Entering safepoint region: RevokeBias
[2019-06-24T08:45:01.143+0000][1][safepoint    ] Leaving safepoint region
[2019-06-24T08:45:01.143+0000][1][safepoint    ] Total time for which application threads were stopped: 0.0004420 seconds, Stopping threads took: 0.0002773 seconds
[2019-06-24T08:45:01.143+0000][1][safepoint    ] Application time: 0.0003377 seconds
[2019-06-24T08:45:01.143+0000][1][safepoint    ] Entering safepoint region: RevokeBias
[2019-06-24T08:45:01.143+0000][1][safepoint    ] Leaving safepoint region
[2019-06-24T08:45:01.143+0000][1][safepoint    ] Total time for which application threads were stopped: 0.0001267 seconds, Stopping threads took: 0.0000606 seconds
[2019-06-24T08:45:01.144+0000][1][safepoint    ] Application time: 0.0003072 seconds
[2019-06-24T08:45:01.144+0000][1][safepoint    ] Entering safepoint region: RevokeBias
[2019-06-24T08:45:01.144+0000][1][safepoint    ] Leaving safepoint region
[2019-06-24T08:45:01.144+0000][1][safepoint    ] Total time for which application threads were stopped: 0.0001740 seconds, Stopping threads took: 0.0000978 seconds
[2019-06-24T08:45:01.144+0000][1][safepoint    ] Application time: 0.0001297 seconds
[2019-06-24T08:45:01.144+0000][1][safepoint    ] Entering safepoint region: RevokeBias
[2019-06-24T08:45:01.144+0000][1][safepoint    ] Leaving safepoint region
[2019-06-24T08:45:01.144+0000][1][safepoint    ] Total time for which application threads were stopped: 0.0001568 seconds, Stopping threads took: 0.0001053 seconds
[2019-06-24T08:45:01.144+0000][1][safepoint    ] Application time: 0.0001682 seconds
[2019-06-24T08:45:01.144+0000][1][safepoint    ] Entering safepoint region: RevokeBias
[2019-06-24T08:45:01.144+0000][1][safepoint    ] Leaving safepoint region
[2019-06-24T08:45:01.144+0000][1][safepoint    ] Total time for which application threads were stopped: 0.0000619 seconds, Stopping threads took: 0.0000185 seconds
[2019-06-24T08:45:01.145+0000][1][safepoint    ] Application time: 0.0001924 seconds
[2019-06-24T08:45:01.145+0000][1][safepoint    ] Entering safepoint region: RevokeBias
[2019-06-24T08:45:01.145+0000][1][safepoint    ] Leaving safepoint region
[2019-06-24T08:45:01.145+0000][1][safepoint    ] Total time for which application threads were stopped: 0.0000943 seconds, Stopping threads took: 0.0000487 seconds
[2019-06-24T08:45:01.145+0000][1][safepoint    ] Application time: 0.0001133 seconds
[2019-06-24T08:45:01.145+0000][1][safepoint    ] Entering safepoint region: RevokeBias
[2019-06-24T08:45:01.145+0000][1][safepoint    ] Leaving safepoint region
[2019-06-24T08:45:01.145+0000][1][safepoint    ] Total time for which application threads were stopped: 0.0000910 seconds, Stopping threads took: 0.0000452 seconds
[2019-06-24T08:45:01.145+0000][1][safepoint    ] Application time: 0.0001256 seconds
[2019-06-24T08:45:01.145+0000][1][safepoint    ] Entering safepoint region: RevokeBias
[2019-06-24T08:45:01.145+0000][1][safepoint    ] Leaving safepoint region
[2019-06-24T08:45:01.145+0000][1][safepoint    ] Total time for which application threads were stopped: 0.0001301 seconds, Stopping threads took: 0.0000822 seconds
[2019-06-24T08:45:01.145+0000][1][safepoint    ] Application time: 0.0001327 seconds
[2019-06-24T08:45:01.145+0000][1][safepoint    ] Entering safepoint region: RevokeBias
[2019-06-24T08:45:01.145+0000][1][safepoint    ] Leaving safepoint region
[2019-06-24T08:45:01.145+0000][1][safepoint    ] Total time for which application threads were stopped: 0.0001010 seconds, Stopping threads took: 0.0000560 seconds
[2019-06-24T08:45:01.146+0000][1][safepoint    ] Application time: 0.0001709 seconds
[2019-06-24T08:45:01.146+0000][1][safepoint    ] Entering safepoint region: RevokeBias
[2019-06-24T08:45:01.146+0000][1][safepoint    ] Leaving safepoint region
[2019-06-24T08:45:01.146+0000][1][safepoint    ] Total time for which application threads were stopped: 0.0001774 seconds, Stopping threads took: 0.0001181 seconds
[2019-06-24T08:45:01.146+0000][1][safepoint    ] Application time: 0.0001286 seconds
[2019-06-24T08:45:01.146+0000][1][safepoint    ] Entering safepoint region: RevokeBias
[2019-06-24T08:45:01.146+0000][1][safepoint    ] Leaving safepoint region
[2019-06-24T08:45:01.146+0000][1][safepoint    ] Total time for which application threads were stopped: 0.0001726 seconds, Stopping threads took: 0.0001112 seconds
[2019-06-24T08:45:01.146+0000][1][safepoint    ] Application time: 0.0000980 seconds
[2019-06-24T08:45:01.146+0000][1][safepoint    ] Entering safepoint region: RevokeBias
[2019-06-24T08:45:01.146+0000][1][safepoint    ] Leaving safepoint region
[2019-06-24T08:45:01.146+0000][1][safepoint    ] Total time for which application threads were stopped: 0.0000755 seconds, Stopping threads took: 0.0000294 seconds
[2019-06-24T08:45:01.147+0000][1][safepoint    ] Application time: 0.0001200 seconds
[2019-06-24T08:45:01.147+0000][1][safepoint    ] Entering safepoint region: RevokeBias
[2019-06-24T08:45:01.147+0000][1][safepoint    ] Leaving safepoint region
[2019-06-24T08:45:01.147+0000][1][safepoint    ] Total time for which application threads were stopped: 0.0001302 seconds, Stopping threads took: 0.0000854 seconds
[2019-06-24T08:45:01.147+0000][1][safepoint    ] Application time: 0.0000912 seconds
[2019-06-24T08:45:01.147+0000][1][safepoint    ] Entering safepoint region: RevokeBias
[2019-06-24T08:45:01.147+0000][1][safepoint    ] Leaving safepoint region
[2019-06-24T08:45:01.147+0000][1][safepoint    ] Total time for which application threads were stopped: 0.0000734 seconds, Stopping threads took: 0.0000273 seconds
[2019-06-24T08:45:01.147+0000][1][safepoint    ] Application time: 0.0000582 seconds
[2019-06-24T08:45:01.147+0000][1][safepoint    ] Entering safepoint region: RevokeBias
[2019-06-24T08:45:01.147+0000][1][safepoint    ] Leaving safepoint region
[2019-06-24T08:45:01.147+0000][1][safepoint    ] Total time for which application threads were stopped: 0.0001167 seconds, Stopping threads took: 0.0000665 seconds
[2019-06-24T08:45:01.147+0000][1][safepoint    ] Application time: 0.0002130 seconds
[2019-06-24T08:45:01.147+0000][1][safepoint    ] Entering safepoint region: RevokeBias
[2019-06-24T08:45:01.148+0000][1][safepoint    ] Leaving safepoint region
[2019-06-24T08:45:01.148+0000][1][safepoint    ] Total time for which application threads were stopped: 0.0002306 seconds, Stopping threads took: 0.0001547 seconds
[2019-06-24T08:45:01.148+0000][1][safepoint    ] Application time: 0.0000658 seconds
[2019-06-24T08:45:01.148+0000][1][safepoint    ] Entering safepoint region: RevokeBias
[2019-06-24T08:45:01.148+0000][1][safepoint    ] Leaving safepoint region
[2019-06-24T08:45:01.148+0000][1][safepoint    ] Total time for which application threads were stopped: 0.0001752 seconds, Stopping threads took: 0.0001049 seconds
[2019-06-24T08:45:01.148+0000][1][safepoint    ] Application time: 0.0001061 seconds
[2019-06-24T08:45:01.148+0000][1][safepoint    ] Entering safepoint region: RevokeBias
[2019-06-24T08:45:01.148+0000][1][safepoint    ] Leaving safepoint region
[2019-06-24T08:45:01.148+0000][1][safepoint    ] Total time for which application threads were stopped: 0.0001088 seconds, Stopping threads took: 0.0000488 seconds
[2019-06-24T08:45:01.148+0000][1][safepoint    ] Application time: 0.0002184 seconds
[2019-06-24T08:45:01.148+0000][1][safepoint    ] Entering safepoint region: RevokeBias
[2019-06-24T08:45:01.148+0000][1][safepoint    ] Leaving safepoint region
[2019-06-24T08:45:01.148+0000][1][safepoint    ] Total time for which application threads were stopped: 0.0001863 seconds, Stopping threads took: 0.0001235 seconds
[2019-06-24T08:45:01.149+0000][1][safepoint    ] Application time: 0.0002208 seconds
[2019-06-24T08:45:01.149+0000][1][safepoint    ] Entering safepoint region: RevokeBias
[2019-06-24T08:45:01.149+0000][1][safepoint    ] Leaving safepoint region
[2019-06-24T08:45:01.149+0000][1][safepoint    ] Total time for which application threads were stopped: 0.0002080 seconds, Stopping threads took: 0.0001573 seconds
[2019-06-24T08:45:01.149+0000][1][safepoint    ] Application time: 0.0001107 seconds
[2019-06-24T08:45:01.149+0000][1][safepoint    ] Entering safepoint region: RevokeBias
[2019-06-24T08:45:01.149+0000][1][safepoint    ] Leaving safepoint region
[2019-06-24T08:45:01.149+0000][1][safepoint    ] Total time for which application threads were stopped: 0.0000957 seconds, Stopping threads took: 0.0000542 seconds
[2019-06-24T08:45:01.149+0000][1][safepoint    ] Application time: 0.0000817 seconds
[2019-06-24T08:45:01.149+0000][1][safepoint    ] Entering safepoint region: RevokeBias
[2019-06-24T08:45:01.149+0000][1][safepoint    ] Leaving safepoint region
[2019-06-24T08:45:01.149+0000][1][safepoint    ] Total time for which application threads were stopped: 0.0000729 seconds, Stopping threads took: 0.0000332 seconds
[2019-06-24T08:45:02.140+0000][1][safepoint    ] Application time: 0.9907744 seconds
[2019-06-24T08:45:02.140+0000][1][safepoint    ] Entering safepoint region: RevokeBias
[2019-06-24T08:45:02.141+0000][1][safepoint    ] Leaving safepoint region
[2019-06-24T08:45:02.141+0000][1][safepoint    ] Total time for which application threads were stopped: 0.0011304 seconds, Stopping threads took: 0.0002711 seconds
[2019-06-24T08:45:02.142+0000][1][safepoint    ] Application time: 0.0005484 seconds
[2019-06-24T08:45:02.142+0000][1][safepoint    ] Entering safepoint region: RevokeBias
[2019-06-24T08:45:02.143+0000][1][safepoint    ] Leaving safepoint region
[2019-06-24T08:45:02.143+0000][1][safepoint    ] Total time for which application threads were stopped: 0.0006435 seconds, Stopping threads took: 0.0003865 seconds
[2019-06-24T08:45:02.143+0000][1][safepoint    ] Application time: 0.0004635 seconds
[2019-06-24T08:45:02.143+0000][1][safepoint    ] Entering safepoint region: RevokeBias
[2019-06-24T08:45:02.144+0000][1][safepoint    ] Leaving safepoint region
[2019-06-24T08:45:02.144+0000][1][safepoint    ] Total time for which application threads were stopped: 0.0011208 seconds, Stopping threads took: 0.0003449 seconds
[2019-06-24T08:45:02.145+0000][1][safepoint    ] Application time: 0.0011174 seconds
[2019-06-24T08:45:02.146+0000][1][safepoint    ] Entering safepoint region: RevokeBias
[2019-06-24T08:45:02.147+0000][1][safepoint    ] Leaving safepoint region
[2019-06-24T08:45:02.147+0000][1][safepoint    ] Total time for which application threads were stopped: 0.0012731 seconds, Stopping threads took: 0.0002571 seconds
[2019-06-24T08:45:02.148+0000][1][safepoint    ] Application time: 0.0007857 seconds
[2019-06-24T08:45:02.148+0000][1][safepoint    ] Entering safepoint region: RevokeBias
[2019-06-24T08:45:02.148+0000][1][safepoint    ] Leaving safepoint region
[2019-06-24T08:45:02.148+0000][1][safepoint    ] Total time for which application threads were stopped: 0.0005204 seconds, Stopping threads took: 0.0003542 seconds
[2019-06-24T08:45:02.149+0000][1][safepoint    ] Application time: 0.0005323 seconds
[2019-06-24T08:45:02.149+0000][1][safepoint    ] Entering safepoint region: RevokeBias
[2019-06-24T08:45:02.149+0000][1][safepoint    ] Leaving safepoint region
[2019-06-24T08:45:02.149+0000][1][safepoint    ] Total time for which application threads were stopped: 0.0004221 seconds, Stopping threads took: 0.0001957 seconds
[2019-06-24T08:45:02.150+0000][1][safepoint    ] Application time: 0.0003418 seconds
[2019-06-24T08:45:02.150+0000][1][safepoint    ] Entering safepoint region: RevokeBias
[2019-06-24T08:45:02.150+0000][1][safepoint    ] Leaving safepoint region
[2019-06-24T08:45:02.150+0000][1][safepoint    ] Total time for which application threads were stopped: 0.0004532 seconds, Stopping threads took: 0.0002786 seconds
[2019-06-24T08:45:02.151+0000][1][safepoint    ] Application time: 0.0004813 seconds
[2019-06-24T08:45:02.151+0000][1][safepoint    ] Entering safepoint region: RevokeBias
[2019-06-24T08:45:02.152+0000][1][safepoint    ] Leaving safepoint region
[2019-06-24T08:45:02.152+0000][1][safepoint    ] Total time for which application threads were stopped: 0.0009391 seconds, Stopping threads took: 0.0007292 seconds
[2019-06-24T08:45:02.152+0000][1][safepoint    ] Application time: 0.0001951 seconds
[2019-06-24T08:45:02.152+0000][1][safepoint    ] Entering safepoint region: RevokeBias
[2019-06-24T08:45:02.153+0000][1][safepoint    ] Leaving safepoint region
[2019-06-24T08:45:02.153+0000][1][safepoint    ] Total time for which application threads were stopped: 0.0005527 seconds, Stopping threads took: 0.0003903 seconds
[2019-06-24T08:45:02.153+0000][1][safepoint    ] Application time: 0.0009144 seconds
[2019-06-24T08:45:02.154+0000][1][safepoint    ] Entering safepoint region: RevokeBias
[2019-06-24T08:45:02.154+0000][1][safepoint    ] Leaving safepoint region
[2019-06-24T08:45:02.154+0000][1][safepoint    ] Total time for which application threads were stopped: 0.0002567 seconds, Stopping threads took: 0.0000847 seconds
[2019-06-24T08:45:02.154+0000][1][safepoint    ] Application time: 0.0005132 seconds
[2019-06-24T08:45:02.155+0000][1][safepoint    ] Entering safepoint region: RevokeBias
[2019-06-24T08:45:02.155+0000][1][safepoint    ] Leaving safepoint region
[2019-06-24T08:45:02.155+0000][1][safepoint    ] Total time for which application threads were stopped: 0.0003900 seconds, Stopping threads took: 0.0002313 seconds
[2019-06-24T08:45:02.156+0000][1][safepoint    ] Application time: 0.0012086 seconds
[2019-06-24T08:45:02.156+0000][1][safepoint    ] Entering safepoint region: BulkRevokeBias
[2019-06-24T08:45:02.157+0000][1][safepoint    ] Leaving safepoint region
[2019-06-24T08:45:02.157+0000][1][safepoint    ] Total time for which application threads were stopped: 0.0010554 seconds, Stopping threads took: 0.0002642 seconds
[2019-06-24T08:45:02.158+0000][1][safepoint    ] Application time: 0.0006640 seconds
[2019-06-24T08:45:02.158+0000][1][safepoint    ] Entering safepoint region: BulkRevokeBias
[2019-06-24T08:45:02.159+0000][1][safepoint    ] Leaving safepoint region
[2019-06-24T08:45:02.159+0000][1][safepoint    ] Total time for which application threads were stopped: 0.0010146 seconds, Stopping threads took: 0.0003212 seconds
[2019-06-24T08:45:02.159+0000][1][safepoint    ] Application time: 0.0002999 seconds
[2019-06-24T08:45:02.160+0000][1][safepoint    ] Entering safepoint region: BulkRevokeBias
[2019-06-24T08:45:02.160+0000][1][safepoint    ] Leaving safepoint region
[2019-06-24T08:45:02.160+0000][1][safepoint    ] Total time for which application threads were stopped: 0.0008828 seconds, Stopping threads took: 0.0003183 seconds
[2019-06-24T08:45:02.161+0000][1][safepoint    ] Application time: 0.0003179 seconds
[2019-06-24T08:45:02.161+0000][1][safepoint    ] Entering safepoint region: BulkRevokeBias
[2019-06-24T08:45:02.161+0000][1][safepoint    ] Leaving safepoint region
[2019-06-24T08:45:02.161+0000][1][safepoint    ] Total time for which application threads were stopped: 0.0008483 seconds, Stopping threads took: 0.0003496 seconds
[2019-06-24T08:45:03.140+0000][1][safepoint    ] Application time: 0.9786407 seconds
[2019-06-24T08:45:03.141+0000][1][safepoint    ] Entering safepoint region: RevokeBias
[2019-06-24T08:45:03.141+0000][1][safepoint    ] Leaving safepoint region
[2019-06-24T08:45:03.141+0000][1][safepoint    ] Total time for which application threads were stopped: 0.0006941 seconds, Stopping threads took: 0.0004700 seconds
[2019-06-24T08:45:03.142+0000][1][safepoint    ] Application time: 0.0007651 seconds
[2019-06-24T08:45:03.142+0000][1][safepoint    ] Entering safepoint region: RevokeBias
[2019-06-24T08:45:03.142+0000][1][safepoint    ] Leaving safepoint region
[2019-06-24T08:45:03.142+0000][1][safepoint    ] Total time for which application threads were stopped: 0.0006301 seconds, Stopping threads took: 0.0004450 seconds
[2019-06-24T08:45:03.144+0000][1][safepoint    ] Application time: 0.0011284 seconds
[2019-06-24T08:45:03.144+0000][1][safepoint    ] Entering safepoint region: RevokeBias
[2019-06-24T08:45:03.144+0000][1][safepoint    ] Leaving safepoint region
[2019-06-24T08:45:03.144+0000][1][safepoint    ] Total time for which application threads were stopped: 0.0004026 seconds, Stopping threads took: 0.0002096 seconds
[2019-06-24T08:45:03.144+0000][1][safepoint    ] Application time: 0.0002847 seconds
[2019-06-24T08:45:03.145+0000][1][safepoint    ] Entering safepoint region: RevokeBias
[2019-06-24T08:45:03.145+0000][1][safepoint    ] Leaving safepoint region
[2019-06-24T08:45:03.145+0000][1][safepoint    ] Total time for which application threads were stopped: 0.0004946 seconds, Stopping threads took: 0.0003292 seconds
[2019-06-24T08:45:03.145+0000][1][safepoint    ] Application time: 0.0005113 seconds
[2019-06-24T08:45:03.146+0000][1][safepoint    ] Entering safepoint region: RevokeBias
[2019-06-24T08:45:03.146+0000][1][safepoint    ] Leaving safepoint region
[2019-06-24T08:45:03.146+0000][1][safepoint    ] Total time for which application threads were stopped: 0.0003930 seconds, Stopping threads took: 0.0002295 seconds
[2019-06-24T08:45:03.146+0000][1][safepoint    ] Application time: 0.0004038 seconds
[2019-06-24T08:45:03.147+0000][1][safepoint    ] Entering safepoint region: RevokeBias
[2019-06-24T08:45:03.147+0000][1][safepoint    ] Leaving safepoint region
[2019-06-24T08:45:03.147+0000][1][safepoint    ] Total time for which application threads were stopped: 0.0004706 seconds, Stopping threads took: 0.0002974 seconds
[2019-06-24T08:45:03.147+0000][1][safepoint    ] Application time: 0.0002615 seconds
[2019-06-24T08:45:03.147+0000][1][safepoint    ] Entering safepoint region: RevokeBias
[2019-06-24T08:45:03.148+0000][1][safepoint    ] Leaving safepoint region
[2019-06-24T08:45:03.148+0000][1][safepoint    ] Total time for which application threads were stopped: 0.0003858 seconds, Stopping threads took: 0.0002552 seconds
[2019-06-24T08:45:03.148+0000][1][safepoint    ] Application time: 0.0005667 seconds
[2019-06-24T08:45:03.149+0000][1][safepoint    ] Entering safepoint region: RevokeBias
[2019-06-24T08:45:03.149+0000][1][safepoint    ] Leaving safepoint region
[2019-06-24T08:45:03.149+0000][1][safepoint    ] Total time for which application threads were stopped: 0.0004912 seconds, Stopping threads took: 0.0003244 seconds
[2019-06-24T08:45:03.149+0000][1][safepoint    ] Application time: 0.0005311 seconds
[2019-06-24T08:45:03.149+0000][1][safepoint    ] Entering safepoint region: RevokeBias
[2019-06-24T08:45:03.150+0000][1][safepoint    ] Leaving safepoint region
[2019-06-24T08:45:03.150+0000][1][safepoint    ] Total time for which application threads were stopped: 0.0002360 seconds, Stopping threads took: 0.0000839 seconds
[2019-06-24T08:45:03.150+0000][1][safepoint    ] Application time: 0.0004272 seconds
[2019-06-24T08:45:03.150+0000][1][safepoint    ] Entering safepoint region: RevokeBias
[2019-06-24T08:45:03.151+0000][1][safepoint    ] Leaving safepoint region
[2019-06-24T08:45:03.151+0000][1][safepoint    ] Total time for which application threads were stopped: 0.0005242 seconds, Stopping threads took: 0.0003148 seconds
[2019-06-24T08:45:03.151+0000][1][safepoint    ] Application time: 0.0007094 seconds
[2019-06-24T08:45:03.152+0000][1][safepoint    ] Entering safepoint region: RevokeBias
[2019-06-24T08:45:03.152+0000][1][safepoint    ] Leaving safepoint region
[2019-06-24T08:45:03.152+0000][1][safepoint    ] Total time for which application threads were stopped: 0.0002769 seconds, Stopping threads took: 0.0001266 seconds
[2019-06-24T08:45:03.152+0000][1][safepoint    ] Application time: 0.0002689 seconds
[2019-06-24T08:45:03.152+0000][1][safepoint    ] Entering safepoint region: RevokeBias
[2019-06-24T08:45:03.153+0000][1][safepoint    ] Leaving safepoint region
[2019-06-24T08:45:03.153+0000][1][safepoint    ] Total time for which application threads were stopped: 0.0005433 seconds, Stopping threads took: 0.0003837 seconds
[2019-06-24T08:45:03.153+0000][1][safepoint    ] Application time: 0.0004094 seconds
[2019-06-24T08:45:03.153+0000][1][safepoint    ] Entering safepoint region: RevokeBias
[2019-06-24T08:45:03.154+0000][1][safepoint    ] Leaving safepoint region
[2019-06-24T08:45:03.154+0000][1][safepoint    ] Total time for which application threads were stopped: 0.0004997 seconds, Stopping threads took: 0.0002924 seconds
[2019-06-24T08:45:03.154+0000][1][safepoint    ] Application time: 0.0003523 seconds
[2019-06-24T08:45:03.155+0000][1][safepoint    ] Entering safepoint region: RevokeBias
[2019-06-24T08:45:03.155+0000][1][safepoint    ] Leaving safepoint region
[2019-06-24T08:45:03.155+0000][1][safepoint    ] Total time for which application threads were stopped: 0.0006003 seconds, Stopping threads took: 0.0004461 seconds
[2019-06-24T08:45:03.155+0000][1][safepoint    ] Application time: 0.0004497 seconds
[2019-06-24T08:45:03.155+0000][1][safepoint    ] Entering safepoint region: RevokeBias
[2019-06-24T08:45:03.155+0000][1][safepoint    ] Leaving safepoint region
[2019-06-24T08:45:03.155+0000][1][safepoint    ] Total time for which application threads were stopped: 0.0002596 seconds, Stopping threads took: 0.0001137 seconds
[2019-06-24T08:45:03.156+0000][1][safepoint    ] Application time: 0.0002083 seconds
[2019-06-24T08:45:03.156+0000][1][safepoint    ] Entering safepoint region: RevokeBias
[2019-06-24T08:45:03.156+0000][1][safepoint    ] Leaving safepoint region
[2019-06-24T08:45:03.156+0000][1][safepoint    ] Total time for which application threads were stopped: 0.0002900 seconds, Stopping threads took: 0.0001023 seconds
[2019-06-24T08:45:04.141+0000][1][safepoint    ] Application time: 0.9847613 seconds
[2019-06-24T08:45:04.141+0000][1][safepoint    ] Entering safepoint region: RevokeBias
[2019-06-24T08:45:04.141+0000][1][safepoint    ] Leaving safepoint region
[2019-06-24T08:45:04.141+0000][1][safepoint    ] Total time for which application threads were stopped: 0.0005366 seconds, Stopping threads took: 0.0002952 seconds
[2019-06-24T08:45:04.142+0000][1][safepoint    ] Application time: 0.0007036 seconds
[2019-06-24T08:45:04.142+0000][1][safepoint    ] Entering safepoint region: RevokeBias
[2019-06-24T08:45:04.143+0000][1][safepoint    ] Leaving safepoint region
[2019-06-24T08:45:04.143+0000][1][safepoint    ] Total time for which application threads were stopped: 0.0003395 seconds, Stopping threads took: 0.0000596 seconds
[2019-06-24T08:45:04.144+0000][1][safepoint    ] Application time: 0.0010612 seconds
[2019-06-24T08:45:04.144+0000][1][safepoint    ] Entering safepoint region: RevokeBias
[2019-06-24T08:45:04.144+0000][1][safepoint    ] Leaving safepoint region
[2019-06-24T08:45:04.144+0000][1][safepoint    ] Total time for which application threads were stopped: 0.0002700 seconds, Stopping threads took: 0.0000464 seconds
[2019-06-24T08:45:04.145+0000][1][safepoint    ] Application time: 0.0012259 seconds
[2019-06-24T08:45:04.145+0000][1][safepoint    ] Entering safepoint region: RevokeBias
[2019-06-24T08:45:04.146+0000][1][safepoint    ] Leaving safepoint region
[2019-06-24T08:45:04.146+0000][1][safepoint    ] Total time for which application threads were stopped: 0.0002743 seconds, Stopping threads took: 0.0000450 seconds
[2019-06-24T08:45:04.146+0000][1][safepoint    ] Application time: 0.0005746 seconds
[2019-06-24T08:45:04.147+0000][1][safepoint    ] Entering safepoint region: RevokeBias
[2019-06-24T08:45:04.147+0000][1][safepoint    ] Leaving safepoint region
[2019-06-24T08:45:04.147+0000][1][safepoint    ] Total time for which application threads were stopped: 0.0006710 seconds, Stopping threads took: 0.0004212 seconds
[2019-06-24T08:45:04.147+0000][1][safepoint    ] Application time: 0.0004366 seconds
[2019-06-24T08:45:04.148+0000][1][safepoint    ] Entering safepoint region: RevokeBias
[2019-06-24T08:45:04.148+0000][1][safepoint    ] Leaving safepoint region
[2019-06-24T08:45:04.148+0000][1][safepoint    ] Total time for which application threads were stopped: 0.0004754 seconds, Stopping threads took: 0.0002679 seconds
[2019-06-24T08:45:04.148+0000][1][safepoint    ] Application time: 0.0002352 seconds
[2019-06-24T08:45:04.149+0000][1][safepoint    ] Entering safepoint region: RevokeBias
[2019-06-24T08:45:04.149+0000][1][safepoint    ] Leaving safepoint region
[2019-06-24T08:45:04.149+0000][1][safepoint    ] Total time for which application threads were stopped: 0.0004421 seconds, Stopping threads took: 0.0002473 seconds
[2019-06-24T08:45:04.149+0000][1][safepoint    ] Application time: 0.0006330 seconds
[2019-06-24T08:45:04.150+0000][1][safepoint    ] Entering safepoint region: RevokeBias
[2019-06-24T08:45:04.150+0000][1][safepoint    ] Leaving safepoint region
[2019-06-24T08:45:04.150+0000][1][safepoint    ] Total time for which application threads were stopped: 0.0001566 seconds, Stopping threads took: 0.0000389 seconds
[2019-06-24T08:45:04.150+0000][1][safepoint    ] Application time: 0.0001658 seconds
[2019-06-24T08:45:04.150+0000][1][safepoint    ] Entering safepoint region: RevokeBias
[2019-06-24T08:45:04.150+0000][1][safepoint    ] Leaving safepoint region
[2019-06-24T08:45:04.150+0000][1][safepoint    ] Total time for which application threads were stopped: 0.0003436 seconds, Stopping threads took: 0.0002267 seconds
[2019-06-24T08:45:05.140+0000][1][safepoint    ] Application time: 0.9900802 seconds
[2019-06-24T08:45:05.141+0000][1][safepoint    ] Entering safepoint region: RevokeBias
[2019-06-24T08:45:05.141+0000][1][safepoint    ] Leaving safepoint region
[2019-06-24T08:45:05.141+0000][1][safepoint    ] Total time for which application threads were stopped: 0.0003003 seconds, Stopping threads took: 0.0001863 seconds
[2019-06-24T08:45:05.141+0000][1][safepoint    ] Application time: 0.0003398 seconds
[2019-06-24T08:45:05.141+0000][1][safepoint    ] Entering safepoint region: RevokeBias
[2019-06-24T08:45:05.141+0000][1][safepoint    ] Leaving safepoint region
[2019-06-24T08:45:05.141+0000][1][safepoint    ] Total time for which application threads were stopped: 0.0002377 seconds, Stopping threads took: 0.0001469 seconds
[2019-06-24T08:45:05.141+0000][1][safepoint    ] Application time: 0.0001340 seconds
[2019-06-24T08:45:05.142+0000][1][safepoint    ] Entering safepoint region: RevokeBias
[2019-06-24T08:45:05.142+0000][1][safepoint    ] Leaving safepoint region
[2019-06-24T08:45:05.142+0000][1][safepoint    ] Total time for which application threads were stopped: 0.0003511 seconds, Stopping threads took: 0.0002329 seconds
[2019-06-24T08:45:05.142+0000][1][safepoint    ] Application time: 0.0004894 seconds
[2019-06-24T08:45:05.142+0000][1][safepoint    ] Entering safepoint region: RevokeBias
[2019-06-24T08:45:05.142+0000][1][safepoint    ] Leaving safepoint region
[2019-06-24T08:45:05.143+0000][1][safepoint    ] Total time for which application threads were stopped: 0.0001794 seconds, Stopping threads took: 0.0000213 seconds
[2019-06-24T08:45:05.143+0000][1][safepoint    ] Application time: 0.0005291 seconds
[2019-06-24T08:45:05.143+0000][1][safepoint    ] Entering safepoint region: RevokeBias
[2019-06-24T08:45:05.143+0000][1][safepoint    ] Leaving safepoint region
[2019-06-24T08:45:05.143+0000][1][safepoint    ] Total time for which application threads were stopped: 0.0001229 seconds, Stopping threads took: 0.0000199 seconds
[2019-06-24T08:45:05.143+0000][1][safepoint    ] Application time: 0.0002293 seconds
[2019-06-24T08:45:05.144+0000][1][safepoint    ] Entering safepoint region: RevokeBias
[2019-06-24T08:45:05.144+0000][1][safepoint    ] Leaving safepoint region
[2019-06-24T08:45:05.144+0000][1][safepoint    ] Total time for which application threads were stopped: 0.0003860 seconds, Stopping threads took: 0.0002692 seconds
[2019-06-24T08:45:05.144+0000][1][safepoint    ] Application time: 0.0001733 seconds
[2019-06-24T08:45:05.144+0000][1][safepoint    ] Entering safepoint region: RevokeBias
[2019-06-24T08:45:05.144+0000][1][safepoint    ] Leaving safepoint region
[2019-06-24T08:45:05.144+0000][1][safepoint    ] Total time for which application threads were stopped: 0.0003309 seconds, Stopping threads took: 0.0001974 seconds
[2019-06-24T08:45:05.145+0000][1][safepoint    ] Application time: 0.0001966 seconds
[2019-06-24T08:45:05.145+0000][1][safepoint    ] Entering safepoint region: RevokeBias
[2019-06-24T08:45:05.145+0000][1][safepoint    ] Leaving safepoint region
[2019-06-24T08:45:05.145+0000][1][safepoint    ] Total time for which application threads were stopped: 0.0001188 seconds, Stopping threads took: 0.0000273 seconds
[2019-06-24T08:45:05.145+0000][1][safepoint    ] Application time: 0.0001462 seconds
[2019-06-24T08:45:05.145+0000][1][safepoint    ] Entering safepoint region: RevokeBias
[2019-06-24T08:45:05.145+0000][1][safepoint    ] Leaving safepoint region
[2019-06-24T08:45:05.145+0000][1][safepoint    ] Total time for which application threads were stopped: 0.0001246 seconds, Stopping threads took: 0.0000459 seconds
[2019-06-24T08:45:05.145+0000][1][safepoint    ] Application time: 0.0002284 seconds
[2019-06-24T08:45:05.145+0000][1][safepoint    ] Entering safepoint region: RevokeBias
[2019-06-24T08:45:05.145+0000][1][safepoint    ] Leaving safepoint region
[2019-06-24T08:45:05.145+0000][1][safepoint    ] Total time for which application threads were stopped: 0.0001164 seconds, Stopping threads took: 0.0000460 seconds
[2019-06-24T08:45:05.146+0000][1][safepoint    ] Application time: 0.0001086 seconds
[2019-06-24T08:45:05.146+0000][1][safepoint    ] Entering safepoint region: RevokeBias
[2019-06-24T08:45:05.146+0000][1][safepoint    ] Leaving safepoint region
[2019-06-24T08:45:05.146+0000][1][safepoint    ] Total time for which application threads were stopped: 0.0000913 seconds, Stopping threads took: 0.0000347 seconds
[2019-06-24T08:45:06.142+0000][1][safepoint    ] Application time: 0.9962281 seconds
[2019-06-24T08:45:06.142+0000][1][safepoint    ] Entering safepoint region: RevokeBias
[2019-06-24T08:45:06.143+0000][1][safepoint    ] Leaving safepoint region
[2019-06-24T08:45:06.143+0000][1][safepoint    ] Total time for which application threads were stopped: 0.0006343 seconds, Stopping threads took: 0.0003087 seconds
[2019-06-24T08:45:06.143+0000][1][safepoint    ] Application time: 0.0004146 seconds
[2019-06-24T08:45:06.144+0000][1][safepoint    ] Entering safepoint region: RevokeBias
[2019-06-24T08:45:06.144+0000][1][safepoint    ] Leaving safepoint region
[2019-06-24T08:45:06.144+0000][1][safepoint    ] Total time for which application threads were stopped: 0.0006317 seconds, Stopping threads took: 0.0004368 seconds
[2019-06-24T08:45:06.144+0000][1][safepoint    ] Application time: 0.0006349 seconds
[2019-06-24T08:45:06.145+0000][1][safepoint    ] Entering safepoint region: RevokeBias
[2019-06-24T08:45:06.145+0000][1][safepoint    ] Leaving safepoint region
[2019-06-24T08:45:06.145+0000][1][safepoint    ] Total time for which application threads were stopped: 0.0007079 seconds, Stopping threads took: 0.0004417 seconds
[2019-06-24T08:45:06.146+0000][1][safepoint    ] Application time: 0.0008896 seconds
[2019-06-24T08:45:06.146+0000][1][safepoint    ] Entering safepoint region: RevokeBias
[2019-06-24T08:45:06.146+0000][1][safepoint    ] Leaving safepoint region
[2019-06-24T08:45:06.146+0000][1][safepoint    ] Total time for which application threads were stopped: 0.0002336 seconds, Stopping threads took: 0.0000390 seconds
[2019-06-24T08:45:06.148+0000][1][safepoint    ] Application time: 0.0010696 seconds
[2019-06-24T08:45:06.148+0000][1][safepoint    ] Entering safepoint region: RevokeBias
[2019-06-24T08:45:06.148+0000][1][safepoint    ] Leaving safepoint region
[2019-06-24T08:45:06.148+0000][1][safepoint    ] Total time for which application threads were stopped: 0.0004473 seconds, Stopping threads took: 0.0002304 seconds
[2019-06-24T08:45:06.149+0000][1][safepoint    ] Application time: 0.0006399 seconds
[2019-06-24T08:45:06.149+0000][1][safepoint    ] Entering safepoint region: RevokeBias
[2019-06-24T08:45:06.149+0000][1][safepoint    ] Leaving safepoint region
[2019-06-24T08:45:06.150+0000][1][safepoint    ] Total time for which application threads were stopped: 0.0006281 seconds, Stopping threads took: 0.0003504 seconds
[2019-06-24T08:45:06.150+0000][1][safepoint    ] Application time: 0.0002415 seconds
[2019-06-24T08:45:06.150+0000][1][safepoint    ] Entering safepoint region: RevokeBias
[2019-06-24T08:45:06.150+0000][1][safepoint    ] Leaving safepoint region
[2019-06-24T08:45:06.150+0000][1][safepoint    ] Total time for which application threads were stopped: 0.0004125 seconds, Stopping threads took: 0.0002108 seconds
[2019-06-24T08:45:06.151+0000][1][safepoint    ] Application time: 0.0004141 seconds
[2019-06-24T08:45:06.151+0000][1][safepoint    ] Entering safepoint region: RevokeBias
[2019-06-24T08:45:06.151+0000][1][safepoint    ] Leaving safepoint region
[2019-06-24T08:45:06.151+0000][1][safepoint    ] Total time for which application threads were stopped: 0.0002584 seconds, Stopping threads took: 0.0000942 seconds
[2019-06-24T08:45:06.151+0000][1][safepoint    ] Application time: 0.0001460 seconds
[2019-06-24T08:45:06.151+0000][1][safepoint    ] Entering safepoint region: RevokeBias
[2019-06-24T08:45:06.152+0000][1][safepoint    ] Leaving safepoint region
[2019-06-24T08:45:06.152+0000][1][safepoint    ] Total time for which application threads were stopped: 0.0003214 seconds, Stopping threads took: 0.0001997 seconds
[2019-06-24T08:45:06.152+0000][1][safepoint    ] Application time: 0.0003420 seconds
[2019-06-24T08:45:06.152+0000][1][safepoint    ] Entering safepoint region: RevokeBias
[2019-06-24T08:45:06.152+0000][1][safepoint    ] Leaving safepoint region
[2019-06-24T08:45:06.152+0000][1][safepoint    ] Total time for which application threads were stopped: 0.0001816 seconds, Stopping threads took: 0.0000792 seconds
[2019-06-24T08:45:06.577+0000][1][safepoint    ] Application time: 0.4248130 seconds
[2019-06-24T08:45:06.577+0000][1][safepoint    ] Entering safepoint region: RevokeBias
[2019-06-24T08:45:06.577+0000][1][safepoint    ] Leaving safepoint region
[2019-06-24T08:45:06.577+0000][1][safepoint    ] Total time for which application threads were stopped: 0.0002473 seconds, Stopping threads took: 0.0000580 seconds
[2019-06-24T08:45:06.577+0000][1][safepoint    ] Application time: 0.0001630 seconds
[2019-06-24T08:45:06.578+0000][1][safepoint    ] Entering safepoint region: RevokeBias
[2019-06-24T08:45:06.578+0000][1][safepoint    ] Leaving safepoint region
[2019-06-24T08:45:06.578+0000][1][safepoint    ] Total time for which application threads were stopped: 0.0001818 seconds, Stopping threads took: 0.0000406 seconds
[2019-06-24T08:45:07.143+0000][1][safepoint    ] Application time: 0.5650539 seconds
[2019-06-24T08:45:07.143+0000][1][safepoint    ] Entering safepoint region: RevokeBias
[2019-06-24T08:45:07.144+0000][1][safepoint    ] Leaving safepoint region
[2019-06-24T08:45:07.144+0000][1][safepoint    ] Total time for which application threads were stopped: 0.0011239 seconds, Stopping threads took: 0.0002318 seconds
[2019-06-24T08:45:07.145+0000][1][safepoint    ] Application time: 0.0007260 seconds
[2019-06-24T08:45:07.145+0000][1][safepoint    ] Entering safepoint region: RevokeBias
[2019-06-24T08:45:07.145+0000][1][safepoint    ] Leaving safepoint region
[2019-06-24T08:45:07.145+0000][1][safepoint    ] Total time for which application threads were stopped: 0.0004350 seconds, Stopping threads took: 0.0002563 seconds
[2019-06-24T08:45:07.146+0000][1][safepoint    ] Application time: 0.0002458 seconds
[2019-06-24T08:45:07.146+0000][1][safepoint    ] Entering safepoint region: BulkRevokeBias
[2019-06-24T08:45:07.147+0000][1][safepoint    ] Leaving safepoint region
[2019-06-24T08:45:07.147+0000][1][safepoint    ] Total time for which application threads were stopped: 0.0010629 seconds, Stopping threads took: 0.0002950 seconds
[2019-06-24T08:45:07.147+0000][1][safepoint    ] Application time: 0.0007690 seconds
[2019-06-24T08:45:07.148+0000][1][safepoint    ] Entering safepoint region: RevokeBias
[2019-06-24T08:45:07.148+0000][1][safepoint    ] Leaving safepoint region
[2019-06-24T08:45:07.148+0000][1][safepoint    ] Total time for which application threads were stopped: 0.0008987 seconds, Stopping threads took: 0.0001319 seconds
[2019-06-24T08:45:07.150+0000][1][safepoint    ] Application time: 0.0010255 seconds
[2019-06-24T08:45:07.150+0000][1][safepoint    ] Entering safepoint region: RevokeBias
[2019-06-24T08:45:07.151+0000][1][safepoint    ] Leaving safepoint region
[2019-06-24T08:45:07.151+0000][1][safepoint    ] Total time for which application threads were stopped: 0.0013950 seconds, Stopping threads took: 0.0000414 seconds
[2019-06-24T08:45:07.152+0000][1][safepoint    ] Application time: 0.0006333 seconds
[2019-06-24T08:45:07.152+0000][1][safepoint    ] Entering safepoint region: RevokeBias
[2019-06-24T08:45:07.152+0000][1][safepoint    ] Leaving safepoint region
[2019-06-24T08:45:07.152+0000][1][safepoint    ] Total time for which application threads were stopped: 0.0006677 seconds, Stopping threads took: 0.0000797 seconds
[2019-06-24T08:45:07.153+0000][1][safepoint    ] Application time: 0.0002959 seconds
[2019-06-24T08:45:07.153+0000][1][safepoint    ] Entering safepoint region: RevokeBias
[2019-06-24T08:45:07.153+0000][1][safepoint    ] Leaving safepoint region
[2019-06-24T08:45:07.153+0000][1][safepoint    ] Total time for which application threads were stopped: 0.0006136 seconds, Stopping threads took: 0.0000667 seconds
[2019-06-24T08:45:07.154+0000][1][safepoint    ] Application time: 0.0003044 seconds
[2019-06-24T08:45:07.154+0000][1][safepoint    ] Entering safepoint region: RevokeBias
[2019-06-24T08:45:07.154+0000][1][safepoint    ] Leaving safepoint region
[2019-06-24T08:45:07.155+0000][1][safepoint    ] Total time for which application threads were stopped: 0.0006655 seconds, Stopping threads took: 0.0000389 seconds
[2019-06-24T08:45:09.028+0000][1][safepoint    ] Application time: 1.8733760 seconds
[2019-06-24T08:45:09.028+0000][1][safepoint    ] Entering safepoint region: Cleanup
[2019-06-24T08:45:09.028+0000][1][safepoint    ] Leaving safepoint region
[2019-06-24T08:45:09.028+0000][1][safepoint    ] Total time for which application threads were stopped: 0.0001006 seconds, Stopping threads took: 0.0000250 seconds
[2019-06-24T08:45:10.028+0000][1][safepoint    ] Application time: 1.0002225 seconds
[2019-06-24T08:45:10.028+0000][1][safepoint    ] Entering safepoint region: Cleanup
[2019-06-24T08:45:10.029+0000][1][safepoint    ] Leaving safepoint region
[2019-06-24T08:45:10.029+0000][1][safepoint    ] Total time for which application threads were stopped: 0.0002327 seconds, Stopping threads took: 0.0000607 seconds
[2019-06-24T08:45:11.029+0000][1][safepoint    ] Application time: 1.0002629 seconds
[2019-06-24T08:45:11.029+0000][1][safepoint    ] Entering safepoint region: Cleanup
[2019-06-24T08:45:11.029+0000][1][safepoint    ] Leaving safepoint region
[2019-06-24T08:45:11.029+0000][1][safepoint    ] Total time for which application threads were stopped: 0.0001169 seconds, Stopping threads took: 0.0000312 seconds
[2019-06-24T08:45:12.029+0000][1][safepoint    ] Application time: 1.0002566 seconds
[2019-06-24T08:45:12.030+0000][1][safepoint    ] Entering safepoint region: Cleanup
[2019-06-24T08:45:12.030+0000][1][safepoint    ] Leaving safepoint region
[2019-06-24T08:45:12.030+0000][1][safepoint    ] Total time for which application threads were stopped: 0.0002301 seconds, Stopping threads took: 0.0000625 seconds
[2019-06-24T08:45:13.030+0000][1][safepoint    ] Application time: 1.0002521 seconds
[2019-06-24T08:45:13.030+0000][1][safepoint    ] Entering safepoint region: Cleanup
[2019-06-24T08:45:13.030+0000][1][safepoint    ] Leaving safepoint region
[2019-06-24T08:45:13.030+0000][1][safepoint    ] Total time for which application threads were stopped: 0.0001745 seconds, Stopping threads took: 0.0000463 seconds
[2019-06-24T08:45:14.031+0000][1][safepoint    ] Application time: 1.0002833 seconds
[2019-06-24T08:45:14.031+0000][1][safepoint    ] Entering safepoint region: Cleanup
[2019-06-24T08:45:14.031+0000][1][safepoint    ] Leaving safepoint region
[2019-06-24T08:45:14.031+0000][1][safepoint    ] Total time for which application threads were stopped: 0.0002303 seconds, Stopping threads took: 0.0000658 seconds
[2019-06-24T08:45:15.031+0000][1][safepoint    ] Application time: 1.0002349 seconds
[2019-06-24T08:45:15.031+0000][1][safepoint    ] Entering safepoint region: Cleanup
[2019-06-24T08:45:15.032+0000][1][safepoint    ] Leaving safepoint region
[2019-06-24T08:45:15.032+0000][1][safepoint    ] Total time for which application threads were stopped: 0.0002409 seconds, Stopping threads took: 0.0000586 seconds
[2019-06-24T08:45:16.032+0000][1][safepoint    ] Application time: 1.0002678 seconds
[2019-06-24T08:45:16.032+0000][1][safepoint    ] Entering safepoint region: Cleanup
[2019-06-24T08:45:16.032+0000][1][safepoint    ] Leaving safepoint region
[2019-06-24T08:45:16.032+0000][1][safepoint    ] Total time for which application threads were stopped: 0.0001304 seconds, Stopping threads took: 0.0000309 seconds
[2019-06-24T08:45:17.032+0000][1][safepoint    ] Application time: 1.0002524 seconds
[2019-06-24T08:45:17.032+0000][1][safepoint    ] Entering safepoint region: Cleanup
[2019-06-24T08:45:17.033+0000][1][safepoint    ] Leaving safepoint region
[2019-06-24T08:45:17.033+0000][1][safepoint    ] Total time for which application threads were stopped: 0.0002544 seconds, Stopping threads took: 0.0000608 seconds
[2019-06-24T08:45:18.033+0000][1][safepoint    ] Application time: 1.0002490 seconds
[2019-06-24T08:45:18.033+0000][1][safepoint    ] Entering safepoint region: Cleanup
[2019-06-24T08:45:18.033+0000][1][safepoint    ] Leaving safepoint region
[2019-06-24T08:45:18.033+0000][1][safepoint    ] Total time for which application threads were stopped: 0.0002020 seconds, Stopping threads took: 0.0000542 seconds
[2019-06-24T08:45:19.034+0000][1][safepoint    ] Application time: 1.0002628 seconds
[2019-06-24T08:45:19.034+0000][1][safepoint    ] Entering safepoint region: Cleanup
[2019-06-24T08:45:19.034+0000][1][safepoint    ] Leaving safepoint region
[2019-06-24T08:45:19.034+0000][1][safepoint    ] Total time for which application threads were stopped: 0.0001309 seconds, Stopping threads took: 0.0000301 seconds
[2019-06-24T08:45:20.034+0000][1][safepoint    ] Application time: 1.0001397 seconds
[2019-06-24T08:45:20.034+0000][1][safepoint    ] Entering safepoint region: Cleanup
[2019-06-24T08:45:20.034+0000][1][safepoint    ] Leaving safepoint region
[2019-06-24T08:45:20.034+0000][1][safepoint    ] Total time for which application threads were stopped: 0.0002371 seconds, Stopping threads took: 0.0000671 seconds
[2019-06-24T08:45:21.035+0000][1][safepoint    ] Application time: 1.0002992 seconds
[2019-06-24T08:45:21.035+0000][1][safepoint    ] Entering safepoint region: Cleanup
[2019-06-24T08:45:21.035+0000][1][safepoint    ] Leaving safepoint region
[2019-06-24T08:45:21.035+0000][1][safepoint    ] Total time for which application threads were stopped: 0.0002557 seconds, Stopping threads took: 0.0000545 seconds
[2019-06-24T08:45:22.035+0000][1][safepoint    ] Application time: 1.0002644 seconds
[2019-06-24T08:45:22.035+0000][1][safepoint    ] Entering safepoint region: Cleanup
[2019-06-24T08:45:22.035+0000][1][safepoint    ] Leaving safepoint region
[2019-06-24T08:45:22.036+0000][1][safepoint    ] Total time for which application threads were stopped: 0.0002299 seconds, Stopping threads took: 0.0000539 seconds
[2019-06-24T08:45:23.036+0000][1][safepoint    ] Application time: 1.0002183 seconds
[2019-06-24T08:45:23.036+0000][1][safepoint    ] Entering safepoint region: Cleanup
[2019-06-24T08:45:23.036+0000][1][safepoint    ] Leaving safepoint region
[2019-06-24T08:45:23.036+0000][1][safepoint    ] Total time for which application threads were stopped: 0.0002541 seconds, Stopping threads took: 0.0000714 seconds
[2019-06-24T08:45:24.036+0000][1][safepoint    ] Application time: 1.0002462 seconds
[2019-06-24T08:45:24.036+0000][1][safepoint    ] Entering safepoint region: Cleanup
[2019-06-24T08:45:24.037+0000][1][safepoint    ] Leaving safepoint region
[2019-06-24T08:45:24.037+0000][1][safepoint    ] Total time for which application threads were stopped: 0.0002334 seconds, Stopping threads took: 0.0000544 seconds
[2019-06-24T08:45:25.037+0000][1][safepoint    ] Application time: 1.0002519 seconds
[2019-06-24T08:45:25.037+0000][1][safepoint    ] Entering safepoint region: Cleanup
[2019-06-24T08:45:25.038+0000][1][safepoint    ] Leaving safepoint region
[2019-06-24T08:45:25.038+0000][1][safepoint    ] Total time for which application threads were stopped: 0.0012472 seconds, Stopping threads took: 0.0010071 seconds
[2019-06-24T08:45:26.039+0000][1][safepoint    ] Application time: 1.0002818 seconds
[2019-06-24T08:45:26.039+0000][1][safepoint    ] Entering safepoint region: Cleanup
[2019-06-24T08:45:26.039+0000][1][safepoint    ] Leaving safepoint region
[2019-06-24T08:45:26.039+0000][1][safepoint    ] Total time for which application threads were stopped: 0.0002445 seconds, Stopping threads took: 0.0000575 seconds
[2019-06-24T08:45:27.039+0000][1][safepoint    ] Application time: 1.0002444 seconds
[2019-06-24T08:45:27.039+0000][1][safepoint    ] Entering safepoint region: Cleanup
[2019-06-24T08:45:27.040+0000][1][safepoint    ] Leaving safepoint region
[2019-06-24T08:45:27.040+0000][1][safepoint    ] Total time for which application threads were stopped: 0.0002223 seconds, Stopping threads took: 0.0000542 seconds
[2019-06-24T08:45:28.040+0000][1][safepoint    ] Application time: 1.0002171 seconds
[2019-06-24T08:45:28.040+0000][1][safepoint    ] Entering safepoint region: Cleanup
[2019-06-24T08:45:28.040+0000][1][safepoint    ] Leaving safepoint region
[2019-06-24T08:45:28.040+0000][1][safepoint    ] Total time for which application threads were stopped: 0.0002068 seconds, Stopping threads took: 0.0000448 seconds
[2019-06-24T08:45:29.040+0000][1][safepoint    ] Application time: 1.0002645 seconds
[2019-06-24T08:45:29.041+0000][1][safepoint    ] Entering safepoint region: Cleanup
[2019-06-24T08:45:29.041+0000][1][safepoint    ] Leaving safepoint region
[2019-06-24T08:45:29.041+0000][1][safepoint    ] Total time for which application threads were stopped: 0.0003166 seconds, Stopping threads took: 0.0000649 seconds
[2019-06-24T08:45:30.041+0000][1][safepoint    ] Application time: 1.0001666 seconds
[2019-06-24T08:45:30.041+0000][1][safepoint    ] Entering safepoint region: Cleanup
[2019-06-24T08:45:30.041+0000][1][safepoint    ] Leaving safepoint region
[2019-06-24T08:45:30.041+0000][1][safepoint    ] Total time for which application threads were stopped: 0.0002356 seconds, Stopping threads took: 0.0000576 seconds
[2019-06-24T08:45:31.042+0000][1][safepoint    ] Application time: 1.0002447 seconds
[2019-06-24T08:45:31.042+0000][1][safepoint    ] Entering safepoint region: Cleanup
[2019-06-24T08:45:31.042+0000][1][safepoint    ] Leaving safepoint region
[2019-06-24T08:45:31.042+0000][1][safepoint    ] Total time for which application threads were stopped: 0.0002457 seconds, Stopping threads took: 0.0000565 seconds
[2019-06-24T08:45:32.042+0000][1][safepoint    ] Application time: 1.0002595 seconds
[2019-06-24T08:45:32.042+0000][1][safepoint    ] Entering safepoint region: Cleanup
[2019-06-24T08:45:32.043+0000][1][safepoint    ] Leaving safepoint region
[2019-06-24T08:45:32.043+0000][1][safepoint    ] Total time for which application threads were stopped: 0.0003500 seconds, Stopping threads took: 0.0000653 seconds
[2019-06-24T08:45:32.159+0000][1][safepoint    ] Application time: 0.1165506 seconds
[2019-06-24T08:45:32.160+0000][1][safepoint    ] Entering safepoint region: RevokeBias
[2019-06-24T08:45:32.160+0000][1][safepoint    ] Leaving safepoint region
[2019-06-24T08:45:32.160+0000][1][safepoint    ] Total time for which application threads were stopped: 0.0005702 seconds, Stopping threads took: 0.0003394 seconds
[2019-06-24T08:45:33.160+0000][1][safepoint    ] Application time: 1.0001434 seconds
[2019-06-24T08:45:33.161+0000][1][safepoint    ] Entering safepoint region: Cleanup
[2019-06-24T08:45:33.161+0000][1][safepoint    ] Leaving safepoint region
[2019-06-24T08:45:33.161+0000][1][safepoint    ] Total time for which application threads were stopped: 0.0006547 seconds, Stopping threads took: 0.0003886 seconds
[2019-06-24T08:45:34.161+0000][1][safepoint    ] Application time: 1.0001343 seconds
[2019-06-24T08:45:34.162+0000][1][safepoint    ] Entering safepoint region: Cleanup
[2019-06-24T08:45:34.162+0000][1][safepoint    ] Leaving safepoint region
[2019-06-24T08:45:34.162+0000][1][safepoint    ] Total time for which application threads were stopped: 0.0007409 seconds, Stopping threads took: 0.0004841 seconds
[2019-06-24T08:45:35.162+0000][1][safepoint    ] Application time: 1.0001381 seconds
[2019-06-24T08:45:35.162+0000][1][safepoint    ] Entering safepoint region: Cleanup
[2019-06-24T08:45:35.163+0000][1][safepoint    ] Leaving safepoint region
[2019-06-24T08:45:35.163+0000][1][safepoint    ] Total time for which application threads were stopped: 0.0008709 seconds, Stopping threads took: 0.0007641 seconds
[2019-06-24T08:45:36.163+0000][1][safepoint    ] Application time: 1.0001180 seconds
[2019-06-24T08:45:36.163+0000][1][safepoint    ] Entering safepoint region: Cleanup
[2019-06-24T08:45:36.163+0000][1][safepoint    ] Leaving safepoint region
[2019-06-24T08:45:36.163+0000][1][safepoint    ] Total time for which application threads were stopped: 0.0002521 seconds, Stopping threads took: 0.0000618 seconds
[2019-06-24T08:45:37.164+0000][1][safepoint    ] Application time: 1.0001319 seconds
[2019-06-24T08:45:37.164+0000][1][safepoint    ] Entering safepoint region: Cleanup
[2019-06-24T08:45:37.164+0000][1][safepoint    ] Leaving safepoint region
[2019-06-24T08:45:37.164+0000][1][safepoint    ] Total time for which application threads were stopped: 0.0002133 seconds, Stopping threads took: 0.0000465 seconds
[2019-06-24T08:45:38.164+0000][1][safepoint    ] Application time: 1.0001258 seconds
[2019-06-24T08:45:38.164+0000][1][safepoint    ] Entering safepoint region: Cleanup
[2019-06-24T08:45:38.165+0000][1][safepoint    ] Leaving safepoint region
[2019-06-24T08:45:38.165+0000][1][safepoint    ] Total time for which application threads were stopped: 0.0005131 seconds, Stopping threads took: 0.0002223 seconds
[2019-06-24T08:45:39.165+0000][1][safepoint    ] Application time: 1.0001510 seconds
[2019-06-24T08:45:39.165+0000][1][safepoint    ] Entering safepoint region: Cleanup
[2019-06-24T08:45:39.165+0000][1][safepoint    ] Leaving safepoint region
[2019-06-24T08:45:39.165+0000][1][safepoint    ] Total time for which application threads were stopped: 0.0002586 seconds, Stopping threads took: 0.0001306 seconds
[2019-06-24T08:45:40.165+0000][1][safepoint    ] Application time: 1.0001634 seconds
[2019-06-24T08:45:40.165+0000][1][safepoint    ] Entering safepoint region: Cleanup
[2019-06-24T08:45:40.166+0000][1][safepoint    ] Leaving safepoint region
[2019-06-24T08:45:40.166+0000][1][safepoint    ] Total time for which application threads were stopped: 0.0003391 seconds, Stopping threads took: 0.0000618 seconds
[2019-06-24T08:45:41.166+0000][1][safepoint    ] Application time: 1.0002275 seconds
[2019-06-24T08:45:41.166+0000][1][safepoint    ] Entering safepoint region: Cleanup
[2019-06-24T08:45:41.167+0000][1][safepoint    ] Leaving safepoint region
[2019-06-24T08:45:41.167+0000][1][safepoint    ] Total time for which application threads were stopped: 0.0004664 seconds, Stopping threads took: 0.0001967 seconds
[2019-06-24T08:45:42.167+0000][1][safepoint    ] Application time: 1.0001386 seconds
[2019-06-24T08:45:42.167+0000][1][safepoint    ] Entering safepoint region: Cleanup
[2019-06-24T08:45:42.167+0000][1][safepoint    ] Leaving safepoint region
[2019-06-24T08:45:42.168+0000][1][safepoint    ] Total time for which application threads were stopped: 0.0006272 seconds, Stopping threads took: 0.0003768 seconds
[2019-06-24T08:45:43.168+0000][1][safepoint    ] Application time: 1.0001495 seconds
[2019-06-24T08:45:43.168+0000][1][safepoint    ] Entering safepoint region: Cleanup
[2019-06-24T08:45:43.168+0000][1][safepoint    ] Leaving safepoint region
[2019-06-24T08:45:43.168+0000][1][safepoint    ] Total time for which application threads were stopped: 0.0001381 seconds, Stopping threads took: 0.0000337 seconds
[2019-06-24T08:45:44.168+0000][1][safepoint    ] Application time: 1.0001061 seconds
[2019-06-24T08:45:44.168+0000][1][safepoint    ] Entering safepoint region: Cleanup
[2019-06-24T08:45:44.168+0000][1][safepoint    ] Leaving safepoint region
[2019-06-24T08:45:44.168+0000][1][safepoint    ] Total time for which application threads were stopped: 0.0003330 seconds, Stopping threads took: 0.0001340 seconds
[2019-06-24T08:45:45.169+0000][1][safepoint    ] Application time: 1.0001398 seconds
[2019-06-24T08:45:45.169+0000][1][safepoint    ] Entering safepoint region: Cleanup
[2019-06-24T08:45:45.169+0000][1][safepoint    ] Leaving safepoint region
[2019-06-24T08:45:45.169+0000][1][safepoint    ] Total time for which application threads were stopped: 0.0003326 seconds, Stopping threads took: 0.0001032 seconds
[2019-06-24T08:45:46.169+0000][1][safepoint    ] Application time: 1.0001612 seconds
[2019-06-24T08:45:46.169+0000][1][safepoint    ] Entering safepoint region: Cleanup
[2019-06-24T08:45:46.169+0000][1][safepoint    ] Leaving safepoint region
[2019-06-24T08:45:46.169+0000][1][safepoint    ] Total time for which application threads were stopped: 0.0001095 seconds, Stopping threads took: 0.0000207 seconds
[2019-06-24T08:45:47.167+0000][1][safepoint    ] Application time: 0.9974765 seconds
[2019-06-24T08:45:47.167+0000][1][safepoint    ] Entering safepoint region: RevokeBias
[2019-06-24T08:45:47.168+0000][1][safepoint    ] Leaving safepoint region
[2019-06-24T08:45:47.168+0000][1][safepoint    ] Total time for which application threads were stopped: 0.0007656 seconds, Stopping threads took: 0.0004320 seconds
[2019-06-24T08:45:48.168+0000][1][safepoint    ] Application time: 1.0001547 seconds
[2019-06-24T08:45:48.168+0000][1][safepoint    ] Entering safepoint region: Cleanup
[2019-06-24T08:45:48.168+0000][1][safepoint    ] Leaving safepoint region
[2019-06-24T08:45:48.168+0000][1][safepoint    ] Total time for which application threads were stopped: 0.0004002 seconds, Stopping threads took: 0.0002909 seconds
[2019-06-24T08:45:49.169+0000][1][safepoint    ] Application time: 1.0001289 seconds
[2019-06-24T08:45:49.169+0000][1][safepoint    ] Entering safepoint region: Cleanup
[2019-06-24T08:45:49.169+0000][1][safepoint    ] Leaving safepoint region
[2019-06-24T08:45:49.169+0000][1][safepoint    ] Total time for which application threads were stopped: 0.0002264 seconds, Stopping threads took: 0.0001322 seconds
[2019-06-24T08:45:50.169+0000][1][safepoint    ] Application time: 1.0001236 seconds
[2019-06-24T08:45:50.169+0000][1][safepoint    ] Entering safepoint region: Cleanup
[2019-06-24T08:45:50.169+0000][1][safepoint    ] Leaving safepoint region
[2019-06-24T08:45:50.169+0000][1][safepoint    ] Total time for which application threads were stopped: 0.0001526 seconds, Stopping threads took: 0.0000645 seconds
[2019-06-24T08:45:50.799+0000][1][safepoint    ] Application time: 0.6299999 seconds
[2019-06-24T08:45:50.799+0000][1][safepoint    ] Entering safepoint region: RevokeBias
[2019-06-24T08:45:50.799+0000][1][safepoint    ] Leaving safepoint region
[2019-06-24T08:45:50.800+0000][1][safepoint    ] Total time for which application threads were stopped: 0.0002827 seconds, Stopping threads took: 0.0000882 seconds
[2019-06-24T08:45:51.671+0000][1][safepoint    ] Application time: 0.8718861 seconds
[2019-06-24T08:45:51.671+0000][1][safepoint    ] Entering safepoint region: RevokeBias
[2019-06-24T08:45:51.672+0000][1][safepoint    ] Leaving safepoint region
[2019-06-24T08:45:51.672+0000][1][safepoint    ] Total time for which application threads were stopped: 0.0001658 seconds, Stopping threads took: 0.0000376 seconds
[2019-06-24T08:45:51.672+0000][1][safepoint    ] Application time: 0.0000795 seconds
[2019-06-24T08:45:51.672+0000][1][safepoint    ] Entering safepoint region: RevokeBias
[2019-06-24T08:45:51.672+0000][1][safepoint    ] Leaving safepoint region
[2019-06-24T08:45:51.672+0000][1][safepoint    ] Total time for which application threads were stopped: 0.0000551 seconds, Stopping threads took: 0.0000105 seconds
[2019-06-24T08:45:51.672+0000][1][safepoint    ] Application time: 0.0006399 seconds
[2019-06-24T08:45:51.672+0000][1][safepoint    ] Entering safepoint region: RevokeBias
[2019-06-24T08:45:51.673+0000][1][safepoint    ] Leaving safepoint region
[2019-06-24T08:45:51.673+0000][1][safepoint    ] Total time for which application threads were stopped: 0.0001391 seconds, Stopping threads took: 0.0000703 seconds
[2019-06-24T08:45:51.673+0000][1][safepoint    ] Application time: 0.0001012 seconds
[2019-06-24T08:45:51.673+0000][1][safepoint    ] Entering safepoint region: RevokeBias
[2019-06-24T08:45:51.673+0000][1][safepoint    ] Leaving safepoint region
[2019-06-24T08:45:51.673+0000][1][safepoint    ] Total time for which application threads were stopped: 0.0001052 seconds, Stopping threads took: 0.0000535 seconds
[2019-06-24T08:45:51.673+0000][1][safepoint    ] Application time: 0.0001380 seconds
[2019-06-24T08:45:51.673+0000][1][safepoint    ] Entering safepoint region: RevokeBias
[2019-06-24T08:45:51.673+0000][1][safepoint    ] Leaving safepoint region
[2019-06-24T08:45:51.673+0000][1][safepoint    ] Total time for which application threads were stopped: 0.0001123 seconds, Stopping threads took: 0.0000493 seconds
[2019-06-24T08:45:51.673+0000][1][safepoint    ] Application time: 0.0000607 seconds
[2019-06-24T08:45:51.673+0000][1][safepoint    ] Entering safepoint region: RevokeBias
[2019-06-24T08:45:51.673+0000][1][safepoint    ] Leaving safepoint region
[2019-06-24T08:45:51.673+0000][1][safepoint    ] Total time for which application threads were stopped: 0.0000743 seconds, Stopping threads took: 0.0000191 seconds
[2019-06-24T08:45:51.674+0000][1][safepoint    ] Application time: 0.0006192 seconds
[2019-06-24T08:45:51.674+0000][1][safepoint    ] Entering safepoint region: RevokeBias
[2019-06-24T08:45:51.674+0000][1][safepoint    ] Leaving safepoint region
[2019-06-24T08:45:51.674+0000][1][safepoint    ] Total time for which application threads were stopped: 0.0001068 seconds, Stopping threads took: 0.0000198 seconds
[2019-06-24T08:45:51.674+0000][1][safepoint    ] Application time: 0.0001441 seconds
[2019-06-24T08:45:51.674+0000][1][safepoint    ] Entering safepoint region: RevokeBias
[2019-06-24T08:45:51.674+0000][1][safepoint    ] Leaving safepoint region
[2019-06-24T08:45:51.674+0000][1][safepoint    ] Total time for which application threads were stopped: 0.0001567 seconds, Stopping threads took: 0.0000772 seconds
[2019-06-24T08:45:51.675+0000][1][safepoint    ] Application time: 0.0002763 seconds
[2019-06-24T08:45:51.675+0000][1][safepoint    ] Entering safepoint region: RevokeBias
[2019-06-24T08:45:51.675+0000][1][safepoint    ] Leaving safepoint region
[2019-06-24T08:45:51.675+0000][1][safepoint    ] Total time for which application threads were stopped: 0.0001325 seconds, Stopping threads took: 0.0000408 seconds
[2019-06-24T08:45:51.675+0000][1][safepoint    ] Application time: 0.0007034 seconds
[2019-06-24T08:45:51.676+0000][1][safepoint    ] Entering safepoint region: RevokeBias
[2019-06-24T08:45:51.676+0000][1][safepoint    ] Leaving safepoint region
[2019-06-24T08:45:51.676+0000][1][safepoint    ] Total time for which application threads were stopped: 0.0001112 seconds, Stopping threads took: 0.0000379 seconds
[2019-06-24T08:45:51.676+0000][1][safepoint    ] Application time: 0.0002278 seconds
[2019-06-24T08:45:51.676+0000][1][safepoint    ] Entering safepoint region: RevokeBias
[2019-06-24T08:45:51.676+0000][1][safepoint    ] Leaving safepoint region
[2019-06-24T08:45:51.676+0000][1][safepoint    ] Total time for which application threads were stopped: 0.0004035 seconds, Stopping threads took: 0.0001000 seconds
[2019-06-24T08:45:51.677+0000][1][safepoint    ] Application time: 0.0003708 seconds
[2019-06-24T08:45:51.677+0000][1][safepoint    ] Entering safepoint region: RevokeBias
[2019-06-24T08:45:51.677+0000][1][safepoint    ] Leaving safepoint region
[2019-06-24T08:45:51.677+0000][1][safepoint    ] Total time for which application threads were stopped: 0.0002939 seconds, Stopping threads took: 0.0000418 seconds
[2019-06-24T08:45:51.677+0000][1][safepoint    ] Application time: 0.0001847 seconds
[2019-06-24T08:45:51.677+0000][1][safepoint    ] Entering safepoint region: RevokeBias
[2019-06-24T08:45:51.677+0000][1][safepoint    ] Leaving safepoint region
[2019-06-24T08:45:51.677+0000][1][safepoint    ] Total time for which application threads were stopped: 0.0001448 seconds, Stopping threads took: 0.0000890 seconds
[2019-06-24T08:45:51.677+0000][1][safepoint    ] Application time: 0.0000809 seconds
[2019-06-24T08:45:51.677+0000][1][safepoint    ] Entering safepoint region: RevokeBias
[2019-06-24T08:45:51.677+0000][1][safepoint    ] Leaving safepoint region
[2019-06-24T08:45:51.677+0000][1][safepoint    ] Total time for which application threads were stopped: 0.0000555 seconds, Stopping threads took: 0.0000109 seconds
[2019-06-24T08:45:51.678+0000][1][safepoint    ] Application time: 0.0000537 seconds
[2019-06-24T08:45:51.678+0000][1][safepoint    ] Entering safepoint region: RevokeBias
[2019-06-24T08:45:51.678+0000][1][safepoint    ] Leaving safepoint region
[2019-06-24T08:45:51.678+0000][1][safepoint    ] Total time for which application threads were stopped: 0.0000609 seconds, Stopping threads took: 0.0000134 seconds
[2019-06-24T08:45:51.678+0000][1][safepoint    ] Application time: 0.0004177 seconds
[2019-06-24T08:45:51.678+0000][1][safepoint    ] Entering safepoint region: RevokeBias
[2019-06-24T08:45:51.678+0000][1][safepoint    ] Leaving safepoint region
[2019-06-24T08:45:51.678+0000][1][safepoint    ] Total time for which application threads were stopped: 0.0000948 seconds, Stopping threads took: 0.0000248 seconds
[2019-06-24T08:45:51.678+0000][1][safepoint    ] Application time: 0.0001405 seconds
[2019-06-24T08:45:51.678+0000][1][safepoint    ] Entering safepoint region: RevokeBias
[2019-06-24T08:45:51.678+0000][1][safepoint    ] Leaving safepoint region
[2019-06-24T08:45:51.678+0000][1][safepoint    ] Total time for which application threads were stopped: 0.0000954 seconds, Stopping threads took: 0.0000489 seconds
[2019-06-24T08:45:51.679+0000][1][safepoint    ] Application time: 0.0000891 seconds
[2019-06-24T08:45:51.679+0000][1][safepoint    ] Entering safepoint region: RevokeBias
[2019-06-24T08:45:51.679+0000][1][safepoint    ] Leaving safepoint region
[2019-06-24T08:45:51.679+0000][1][safepoint    ] Total time for which application threads were stopped: 0.0000561 seconds, Stopping threads took: 0.0000116 seconds
[2019-06-24T08:45:51.679+0000][1][safepoint    ] Application time: 0.0002866 seconds
[2019-06-24T08:45:51.679+0000][1][safepoint    ] Entering safepoint region: RevokeBias
[2019-06-24T08:45:51.679+0000][1][safepoint    ] Leaving safepoint region
[2019-06-24T08:45:51.679+0000][1][safepoint    ] Total time for which application threads were stopped: 0.0002133 seconds, Stopping threads took: 0.0001471 seconds
[2019-06-24T08:45:51.680+0000][1][safepoint    ] Application time: 0.0007767 seconds
[2019-06-24T08:45:51.680+0000][1][safepoint    ] Entering safepoint region: RevokeBias
[2019-06-24T08:45:51.680+0000][1][safepoint    ] Leaving safepoint region
[2019-06-24T08:45:51.680+0000][1][safepoint    ] Total time for which application threads were stopped: 0.0001917 seconds, Stopping threads took: 0.0000980 seconds
[2019-06-24T08:45:51.680+0000][1][safepoint    ] Application time: 0.0001258 seconds
[2019-06-24T08:45:51.680+0000][1][safepoint    ] Entering safepoint region: RevokeBias
[2019-06-24T08:45:51.680+0000][1][safepoint    ] Leaving safepoint region
[2019-06-24T08:45:51.680+0000][1][safepoint    ] Total time for which application threads were stopped: 0.0000828 seconds, Stopping threads took: 0.0000368 seconds
[2019-06-24T08:45:51.681+0000][1][safepoint    ] Application time: 0.0001887 seconds
[2019-06-24T08:45:51.681+0000][1][safepoint    ] Entering safepoint region: RevokeBias
[2019-06-24T08:45:51.681+0000][1][safepoint    ] Leaving safepoint region
[2019-06-24T08:45:51.681+0000][1][safepoint    ] Total time for which application threads were stopped: 0.0000930 seconds, Stopping threads took: 0.0000388 seconds
[2019-06-24T08:45:51.681+0000][1][safepoint    ] Application time: 0.0000968 seconds
[2019-06-24T08:45:51.681+0000][1][safepoint    ] Entering safepoint region: RevokeBias
[2019-06-24T08:45:51.681+0000][1][safepoint    ] Leaving safepoint region
[2019-06-24T08:45:51.681+0000][1][safepoint    ] Total time for which application threads were stopped: 0.0000742 seconds, Stopping threads took: 0.0000307 seconds
[2019-06-24T08:45:51.681+0000][1][safepoint    ] Application time: 0.0002637 seconds
[2019-06-24T08:45:51.681+0000][1][safepoint    ] Entering safepoint region: RevokeBias
[2019-06-24T08:45:51.681+0000][1][safepoint    ] Leaving safepoint region
[2019-06-24T08:45:51.681+0000][1][safepoint    ] Total time for which application threads were stopped: 0.0000847 seconds, Stopping threads took: 0.0000238 seconds
[2019-06-24T08:45:51.681+0000][1][safepoint    ] Application time: 0.0001414 seconds
[2019-06-24T08:45:51.681+0000][1][safepoint    ] Entering safepoint region: RevokeBias
[2019-06-24T08:45:51.681+0000][1][safepoint    ] Leaving safepoint region
[2019-06-24T08:45:51.681+0000][1][safepoint    ] Total time for which application threads were stopped: 0.0000886 seconds, Stopping threads took: 0.0000397 seconds
[2019-06-24T08:45:51.682+0000][1][safepoint    ] Application time: 0.0002415 seconds
[2019-06-24T08:45:51.682+0000][1][safepoint    ] Entering safepoint region: RevokeBias
[2019-06-24T08:45:51.682+0000][1][safepoint    ] Leaving safepoint region
[2019-06-24T08:45:51.682+0000][1][safepoint    ] Total time for which application threads were stopped: 0.0000703 seconds, Stopping threads took: 0.0000125 seconds
[2019-06-24T08:45:51.683+0000][1][safepoint    ] Application time: 0.0008987 seconds
[2019-06-24T08:45:51.683+0000][1][safepoint    ] Entering safepoint region: RevokeBias
[2019-06-24T08:45:51.683+0000][1][safepoint    ] Leaving safepoint region
[2019-06-24T08:45:51.683+0000][1][safepoint    ] Total time for which application threads were stopped: 0.0000683 seconds, Stopping threads took: 0.0000122 seconds
[2019-06-24T08:45:51.683+0000][1][safepoint    ] Application time: 0.0007125 seconds
[2019-06-24T08:45:51.684+0000][1][safepoint    ] Entering safepoint region: RevokeBias
[2019-06-24T08:45:51.684+0000][1][safepoint    ] Leaving safepoint region
[2019-06-24T08:45:51.684+0000][1][safepoint    ] Total time for which application threads were stopped: 0.0000631 seconds, Stopping threads took: 0.0000125 seconds
[2019-06-24T08:45:51.684+0000][1][safepoint    ] Application time: 0.0001868 seconds
[2019-06-24T08:45:51.684+0000][1][safepoint    ] Entering safepoint region: RevokeBias
[2019-06-24T08:45:51.684+0000][1][safepoint    ] Leaving safepoint region
[2019-06-24T08:45:51.684+0000][1][safepoint    ] Total time for which application threads were stopped: 0.0000946 seconds, Stopping threads took: 0.0000434 seconds
[2019-06-24T08:45:51.684+0000][1][safepoint    ] Application time: 0.0000658 seconds
[2019-06-24T08:45:51.684+0000][1][safepoint    ] Entering safepoint region: RevokeBias
[2019-06-24T08:45:51.684+0000][1][safepoint    ] Leaving safepoint region
[2019-06-24T08:45:51.684+0000][1][safepoint    ] Total time for which application threads were stopped: 0.0000777 seconds, Stopping threads took: 0.0000235 seconds
[2019-06-24T08:45:51.684+0000][1][safepoint    ] Application time: 0.0001318 seconds
[2019-06-24T08:45:51.684+0000][1][safepoint    ] Entering safepoint region: RevokeBias
[2019-06-24T08:45:51.684+0000][1][safepoint    ] Leaving safepoint region
[2019-06-24T08:45:51.684+0000][1][safepoint    ] Total time for which application threads were stopped: 0.0001066 seconds, Stopping threads took: 0.0000445 seconds
[2019-06-24T08:45:51.685+0000][1][safepoint    ] Application time: 0.0003914 seconds
[2019-06-24T08:45:51.685+0000][1][safepoint    ] Entering safepoint region: RevokeBias
[2019-06-24T08:45:51.685+0000][1][safepoint    ] Leaving safepoint region
[2019-06-24T08:45:51.685+0000][1][safepoint    ] Total time for which application threads were stopped: 0.0001648 seconds, Stopping threads took: 0.0001023 seconds
[2019-06-24T08:45:51.685+0000][1][safepoint    ] Application time: 0.0000772 seconds
[2019-06-24T08:45:51.685+0000][1][safepoint    ] Entering safepoint region: RevokeBias
[2019-06-24T08:45:51.685+0000][1][safepoint    ] Leaving safepoint region
[2019-06-24T08:45:51.685+0000][1][safepoint    ] Total time for which application threads were stopped: 0.0000662 seconds, Stopping threads took: 0.0000236 seconds
[2019-06-24T08:45:51.685+0000][1][safepoint    ] Application time: 0.0000747 seconds
[2019-06-24T08:45:51.685+0000][1][safepoint    ] Entering safepoint region: RevokeBias
[2019-06-24T08:45:51.685+0000][1][safepoint    ] Leaving safepoint region
[2019-06-24T08:45:51.685+0000][1][safepoint    ] Total time for which application threads were stopped: 0.0000925 seconds, Stopping threads took: 0.0000486 seconds
[2019-06-24T08:45:51.686+0000][1][safepoint    ] Application time: 0.0005390 seconds
[2019-06-24T08:45:51.686+0000][1][safepoint    ] Entering safepoint region: RevokeBias
[2019-06-24T08:45:51.686+0000][1][safepoint    ] Leaving safepoint region
[2019-06-24T08:45:51.686+0000][1][safepoint    ] Total time for which application threads were stopped: 0.0001207 seconds, Stopping threads took: 0.0000670 seconds
[2019-06-24T08:45:51.690+0000][1][safepoint    ] Application time: 0.0038358 seconds
[2019-06-24T08:45:51.690+0000][1][safepoint    ] Entering safepoint region: RevokeBias
[2019-06-24T08:45:51.690+0000][1][safepoint    ] Leaving safepoint region
[2019-06-24T08:45:51.690+0000][1][safepoint    ] Total time for which application threads were stopped: 0.0000575 seconds, Stopping threads took: 0.0000105 seconds
[2019-06-24T08:45:51.696+0000][1][safepoint    ] Application time: 0.0064229 seconds
[2019-06-24T08:45:51.696+0000][1][safepoint    ] Entering safepoint region: RevokeBias
[2019-06-24T08:45:51.696+0000][1][safepoint    ] Leaving safepoint region
[2019-06-24T08:45:51.696+0000][1][safepoint    ] Total time for which application threads were stopped: 0.0001570 seconds, Stopping threads took: 0.0001060 seconds
[2019-06-24T08:45:51.697+0000][1][safepoint    ] Application time: 0.0000592 seconds
[2019-06-24T08:45:51.697+0000][1][safepoint    ] Entering safepoint region: RevokeBias
[2019-06-24T08:45:51.697+0000][1][safepoint    ] Leaving safepoint region
[2019-06-24T08:45:51.697+0000][1][safepoint    ] Total time for which application threads were stopped: 0.0000498 seconds, Stopping threads took: 0.0000180 seconds
[2019-06-24T08:45:51.697+0000][1][safepoint    ] Application time: 0.0000432 seconds
[2019-06-24T08:45:51.697+0000][1][safepoint    ] Entering safepoint region: RevokeBias
[2019-06-24T08:45:51.697+0000][1][safepoint    ] Leaving safepoint region
[2019-06-24T08:45:51.697+0000][1][safepoint    ] Total time for which application threads were stopped: 0.0000350 seconds, Stopping threads took: 0.0000075 seconds
[2019-06-24T08:45:51.697+0000][1][safepoint    ] Application time: 0.0003598 seconds
[2019-06-24T08:45:51.697+0000][1][safepoint    ] Entering safepoint region: RevokeBias
[2019-06-24T08:45:51.697+0000][1][safepoint    ] Leaving safepoint region
[2019-06-24T08:45:51.697+0000][1][safepoint    ] Total time for which application threads were stopped: 0.0001063 seconds, Stopping threads took: 0.0000611 seconds
[2019-06-24T08:45:51.698+0000][1][safepoint    ] Application time: 0.0008844 seconds
[2019-06-24T08:45:51.698+0000][1][safepoint    ] Entering safepoint region: RevokeBias
[2019-06-24T08:45:51.698+0000][1][safepoint    ] Leaving safepoint region
[2019-06-24T08:45:51.698+0000][1][safepoint    ] Total time for which application threads were stopped: 0.0000886 seconds, Stopping threads took: 0.0000424 seconds
[2019-06-24T08:45:51.698+0000][1][safepoint    ] Application time: 0.0001938 seconds
[2019-06-24T08:45:51.698+0000][1][safepoint    ] Entering safepoint region: RevokeBias
[2019-06-24T08:45:51.699+0000][1][safepoint    ] Leaving safepoint region
[2019-06-24T08:45:51.699+0000][1][safepoint    ] Total time for which application threads were stopped: 0.0001136 seconds, Stopping threads took: 0.0000448 seconds
[2019-06-24T08:45:51.700+0000][1][safepoint    ] Application time: 0.0013737 seconds
[2019-06-24T08:45:51.700+0000][1][safepoint    ] Entering safepoint region: RevokeBias
[2019-06-24T08:45:51.700+0000][1][safepoint    ] Leaving safepoint region
[2019-06-24T08:45:51.700+0000][1][safepoint    ] Total time for which application threads were stopped: 0.0000934 seconds, Stopping threads took: 0.0000660 seconds
[2019-06-24T08:45:51.700+0000][1][safepoint    ] Application time: 0.0000983 seconds
[2019-06-24T08:45:51.700+0000][1][safepoint    ] Entering safepoint region: RevokeBias
[2019-06-24T08:45:51.700+0000][1][safepoint    ] Leaving safepoint region
[2019-06-24T08:45:51.700+0000][1][safepoint    ] Total time for which application threads were stopped: 0.0000207 seconds, Stopping threads took: 0.0000066 seconds
[2019-06-24T08:45:51.700+0000][1][safepoint    ] Application time: 0.0000682 seconds
[2019-06-24T08:45:51.700+0000][1][safepoint    ] Entering safepoint region: RevokeBias
[2019-06-24T08:45:51.700+0000][1][safepoint    ] Leaving safepoint region
[2019-06-24T08:45:51.700+0000][1][safepoint    ] Total time for which application threads were stopped: 0.0000214 seconds, Stopping threads took: 0.0000064 seconds
[2019-06-24T08:45:51.700+0000][1][safepoint    ] Application time: 0.0000522 seconds
[2019-06-24T08:45:51.700+0000][1][safepoint    ] Entering safepoint region: RevokeBias
[2019-06-24T08:45:51.700+0000][1][safepoint    ] Leaving safepoint region
[2019-06-24T08:45:51.700+0000][1][safepoint    ] Total time for which application threads were stopped: 0.0000194 seconds, Stopping threads took: 0.0000065 seconds
[2019-06-24T08:45:51.701+0000][1][safepoint    ] Application time: 0.0009663 seconds
[2019-06-24T08:45:51.701+0000][1][safepoint    ] Entering safepoint region: RevokeBias
[2019-06-24T08:45:51.701+0000][1][safepoint    ] Leaving safepoint region
[2019-06-24T08:45:51.701+0000][1][safepoint    ] Total time for which application threads were stopped: 0.0000375 seconds, Stopping threads took: 0.0000083 seconds
[2019-06-24T08:45:51.702+0000][1][safepoint    ] Application time: 0.0002020 seconds
[2019-06-24T08:45:51.702+0000][1][safepoint    ] Entering safepoint region: RevokeBias
[2019-06-24T08:45:51.702+0000][1][safepoint    ] Leaving safepoint region
[2019-06-24T08:45:51.702+0000][1][safepoint    ] Total time for which application threads were stopped: 0.0000323 seconds, Stopping threads took: 0.0000074 seconds
[2019-06-24T08:45:51.704+0000][1][gc,heap,exit ] Heap
[2019-06-24T08:45:51.704+0000][1][gc,heap,exit ]  par new generation   total 78656K, used 70294K [0x00000000f0000000, 0x00000000f5550000, 0x00000000f5550000)
[2019-06-24T08:45:51.704+0000][1][gc,heap,exit ]   eden space 69952K,  89% used [0x00000000f0000000, 0x00000000f3d183b8, 0x00000000f4450000)
[2019-06-24T08:45:51.704+0000][1][gc,heap,exit ]   from space 8704K,  88% used [0x00000000f4450000, 0x00000000f4bdd780, 0x00000000f4cd0000)
[2019-06-24T08:45:51.704+0000][1][gc,heap,exit ]   to   space 8704K,   0% used [0x00000000f4cd0000, 0x00000000f4cd0000, 0x00000000f5550000)
[2019-06-24T08:45:51.704+0000][1][gc,heap,exit ]  concurrent mark-sweep generation total 174784K, used 62285K [0x00000000f5550000, 0x0000000100000000, 0x0000000100000000)
[2019-06-24T08:45:51.704+0000][1][gc,heap,exit ]  Metaspace       used 64400K, capacity 69335K, committed 69652K, reserved 1107968K
[2019-06-24T08:45:51.704+0000][1][gc,heap,exit ]   class space    used 8739K, capacity 10807K, committed 10876K, reserved 1048576K
[2019-06-24T08:45:51.704+0000][1][safepoint    ] Application time: 0.0023134 seconds
[2019-06-24T08:45:51.704+0000][1][safepoint    ] Entering safepoint region: Exit
