[2019-06-24T08:41:36.343+0000][1][gc] Using Concurrent Mark Sweep
[2019-06-24T08:41:36.343+0000][1][gc,heap,coops] Heap address: 0x00000000f0000000, size: 256 MB, Compressed Oops mode: 32-bit
[2019-06-24T08:41:36.383+0000][1][safepoint    ] Entering safepoint region: EnableBiasedLocking
[2019-06-24T08:41:36.383+0000][1][safepoint    ] Leaving safepoint region
[2019-06-24T08:41:36.383+0000][1][safepoint    ] Total time for which application threads were stopped: 0.0000959 seconds, Stopping threads took: 0.0000413 seconds
[2019-06-24T08:41:36.386+0000][1][safepoint    ] Application time: 0.0023843 seconds
[2019-06-24T08:41:36.386+0000][1][safepoint    ] Entering safepoint region: RevokeBias
[2019-06-24T08:41:36.386+0000][1][safepoint    ] Leaving safepoint region
[2019-06-24T08:41:36.386+0000][1][safepoint    ] Total time for which application threads were stopped: 0.0000722 seconds, Stopping threads took: 0.0000228 seconds
[2019-06-24T08:41:36.394+0000][1][safepoint    ] Application time: 0.0076594 seconds
[2019-06-24T08:41:36.394+0000][1][safepoint    ] Entering safepoint region: Deoptimize
[2019-06-24T08:41:36.394+0000][1][safepoint    ] Leaving safepoint region
[2019-06-24T08:41:36.394+0000][1][safepoint    ] Total time for which application threads were stopped: 0.0000439 seconds, Stopping threads took: 0.0000083 seconds
[2019-06-24T08:41:36.486+0000][1][safepoint    ] Application time: 0.0920563 seconds
[2019-06-24T08:41:36.486+0000][1][safepoint    ] Entering safepoint region: RevokeBias
[2019-06-24T08:41:36.486+0000][1][safepoint    ] Leaving safepoint region
[2019-06-24T08:41:36.486+0000][1][safepoint    ] Total time for which application threads were stopped: 0.0001528 seconds, Stopping threads took: 0.0000993 seconds
[2019-06-24T08:41:36.488+0000][1][safepoint    ] Application time: 0.0015377 seconds
[2019-06-24T08:41:36.488+0000][1][safepoint    ] Entering safepoint region: Deoptimize
[2019-06-24T08:41:36.488+0000][1][safepoint    ] Leaving safepoint region
[2019-06-24T08:41:36.488+0000][1][safepoint    ] Total time for which application threads were stopped: 0.0000539 seconds, Stopping threads took: 0.0000074 seconds
[2019-06-24T08:41:36.510+0000][1][safepoint    ] Application time: 0.0221749 seconds
[2019-06-24T08:41:36.510+0000][1][safepoint    ] Entering safepoint region: Deoptimize
[2019-06-24T08:41:36.510+0000][1][safepoint    ] Leaving safepoint region
[2019-06-24T08:41:36.510+0000][1][safepoint    ] Total time for which application threads were stopped: 0.0000643 seconds, Stopping threads took: 0.0000087 seconds
[2019-06-24T08:41:36.737+0000][1][safepoint    ] Application time: 0.2274583 seconds
[2019-06-24T08:41:36.737+0000][1][safepoint    ] Entering safepoint region: Deoptimize
[2019-06-24T08:41:36.738+0000][1][safepoint    ] Leaving safepoint region
[2019-06-24T08:41:36.738+0000][1][safepoint    ] Total time for which application threads were stopped: 0.0001759 seconds, Stopping threads took: 0.0000141 seconds
[2019-06-24T08:41:36.751+0000][1][safepoint    ] Application time: 0.0129166 seconds
[2019-06-24T08:41:36.751+0000][1][safepoint    ] Entering safepoint region: Deoptimize
[2019-06-24T08:41:36.751+0000][1][safepoint    ] Leaving safepoint region
[2019-06-24T08:41:36.751+0000][1][safepoint    ] Total time for which application threads were stopped: 0.0000861 seconds, Stopping threads took: 0.0000083 seconds
[2019-06-24T08:41:36.786+0000][1][safepoint    ] Application time: 0.0355308 seconds
[2019-06-24T08:41:36.786+0000][1][safepoint    ] Entering safepoint region: Deoptimize
[2019-06-24T08:41:36.786+0000][1][safepoint    ] Leaving safepoint region
[2019-06-24T08:41:36.786+0000][1][safepoint    ] Total time for which application threads were stopped: 0.0001349 seconds, Stopping threads took: 0.0000137 seconds
[2019-06-24T08:41:36.795+0000][1][safepoint    ] Application time: 0.0091179 seconds
[2019-06-24T08:41:36.796+0000][1][safepoint    ] Entering safepoint region: Deoptimize
[2019-06-24T08:41:36.796+0000][1][safepoint    ] Leaving safepoint region
[2019-06-24T08:41:36.796+0000][1][safepoint    ] Total time for which application threads were stopped: 0.0001062 seconds, Stopping threads took: 0.0000087 seconds
[2019-06-24T08:41:37.122+0000][1][safepoint    ] Application time: 0.3259561 seconds
[2019-06-24T08:41:37.122+0000][1][safepoint    ] Entering safepoint region: Deoptimize
[2019-06-24T08:41:37.122+0000][1][safepoint    ] Leaving safepoint region
[2019-06-24T08:41:37.122+0000][1][safepoint    ] Total time for which application threads were stopped: 0.0002603 seconds, Stopping threads took: 0.0000137 seconds
[2019-06-24T08:41:37.332+0000][1][safepoint    ] Application time: 0.2104352 seconds
[2019-06-24T08:41:37.332+0000][1][safepoint    ] Entering safepoint region: RevokeBias
[2019-06-24T08:41:37.333+0000][1][safepoint    ] Leaving safepoint region
[2019-06-24T08:41:37.333+0000][1][safepoint    ] Total time for which application threads were stopped: 0.0001565 seconds, Stopping threads took: 0.0000153 seconds
[2019-06-24T08:41:37.414+0000][1][safepoint    ] Application time: 0.0810330 seconds
[2019-06-24T08:41:37.414+0000][1][safepoint    ] Entering safepoint region: Deoptimize
[2019-06-24T08:41:37.414+0000][1][safepoint    ] Leaving safepoint region
[2019-06-24T08:41:37.414+0000][1][safepoint    ] Total time for which application threads were stopped: 0.0002418 seconds, Stopping threads took: 0.0000091 seconds
[2019-06-24T08:41:37.519+0000][1][safepoint    ] Application time: 0.1052593 seconds
[2019-06-24T08:41:37.519+0000][1][safepoint    ] Entering safepoint region: Deoptimize
[2019-06-24T08:41:37.519+0000][1][safepoint    ] Leaving safepoint region
[2019-06-24T08:41:37.519+0000][1][safepoint    ] Total time for which application threads were stopped: 0.0002338 seconds, Stopping threads took: 0.0000168 seconds
[2019-06-24T08:41:37.519+0000][1][safepoint    ] Application time: 0.0001006 seconds
[2019-06-24T08:41:37.520+0000][1][safepoint    ] Entering safepoint region: Deoptimize
[2019-06-24T08:41:37.520+0000][1][safepoint    ] Leaving safepoint region
[2019-06-24T08:41:37.520+0000][1][safepoint    ] Total time for which application threads were stopped: 0.0001451 seconds, Stopping threads took: 0.0000096 seconds
[2019-06-24T08:41:37.542+0000][1][safepoint    ] Application time: 0.0222062 seconds
[2019-06-24T08:41:37.542+0000][1][safepoint    ] Entering safepoint region: Deoptimize
[2019-06-24T08:41:37.542+0000][1][safepoint    ] Leaving safepoint region
[2019-06-24T08:41:37.542+0000][1][safepoint    ] Total time for which application threads were stopped: 0.0002571 seconds, Stopping threads took: 0.0000103 seconds
[2019-06-24T08:41:37.548+0000][1][safepoint    ] Application time: 0.0053415 seconds
[2019-06-24T08:41:37.548+0000][1][safepoint    ] Entering safepoint region: RevokeBias
[2019-06-24T08:41:37.548+0000][1][safepoint    ] Leaving safepoint region
[2019-06-24T08:41:37.548+0000][1][safepoint    ] Total time for which application threads were stopped: 0.0000564 seconds, Stopping threads took: 0.0000212 seconds
[2019-06-24T08:41:37.548+0000][1][safepoint    ] Application time: 0.0000744 seconds
[2019-06-24T08:41:37.548+0000][1][safepoint    ] Entering safepoint region: RevokeBias
[2019-06-24T08:41:37.548+0000][1][safepoint    ] Leaving safepoint region
[2019-06-24T08:41:37.548+0000][1][safepoint    ] Total time for which application threads were stopped: 0.0000417 seconds, Stopping threads took: 0.0000187 seconds
[2019-06-24T08:41:37.548+0000][1][safepoint    ] Application time: 0.0000583 seconds
[2019-06-24T08:41:37.548+0000][1][safepoint    ] Entering safepoint region: RevokeBias
[2019-06-24T08:41:37.548+0000][1][safepoint    ] Leaving safepoint region
[2019-06-24T08:41:37.548+0000][1][safepoint    ] Total time for which application threads were stopped: 0.0000378 seconds, Stopping threads took: 0.0000154 seconds
[2019-06-24T08:41:37.548+0000][1][safepoint    ] Application time: 0.0001193 seconds
[2019-06-24T08:41:37.548+0000][1][safepoint    ] Entering safepoint region: RevokeBias
[2019-06-24T08:41:37.548+0000][1][safepoint    ] Leaving safepoint region
[2019-06-24T08:41:37.548+0000][1][safepoint    ] Total time for which application threads were stopped: 0.0000386 seconds, Stopping threads took: 0.0000159 seconds
[2019-06-24T08:41:37.548+0000][1][safepoint    ] Application time: 0.0002218 seconds
[2019-06-24T08:41:37.548+0000][1][safepoint    ] Entering safepoint region: RevokeBias
[2019-06-24T08:41:37.548+0000][1][safepoint    ] Leaving safepoint region
[2019-06-24T08:41:37.548+0000][1][safepoint    ] Total time for which application threads were stopped: 0.0000580 seconds, Stopping threads took: 0.0000286 seconds
[2019-06-24T08:41:37.550+0000][1][safepoint    ] Application time: 0.0012903 seconds
[2019-06-24T08:41:37.550+0000][1][safepoint    ] Entering safepoint region: RevokeBias
[2019-06-24T08:41:37.550+0000][1][safepoint    ] Leaving safepoint region
[2019-06-24T08:41:37.550+0000][1][safepoint    ] Total time for which application threads were stopped: 0.0000279 seconds, Stopping threads took: 0.0000069 seconds
[2019-06-24T08:41:37.555+0000][1][safepoint    ] Application time: 0.0053333 seconds
[2019-06-24T08:41:37.555+0000][1][safepoint    ] Entering safepoint region: Deoptimize
[2019-06-24T08:41:37.555+0000][1][safepoint    ] Leaving safepoint region
[2019-06-24T08:41:37.555+0000][1][safepoint    ] Total time for which application threads were stopped: 0.0001520 seconds, Stopping threads took: 0.0000099 seconds
[2019-06-24T08:41:37.655+0000][1][safepoint    ] Application time: 0.0997643 seconds
[2019-06-24T08:41:37.655+0000][1][safepoint    ] Entering safepoint region: GenCollectForAllocation
[2019-06-24T08:41:37.655+0000][1][gc,start     ] GC(0) Pause Young (Allocation Failure)
[2019-06-24T08:41:37.656+0000][1][gc,task      ] GC(0) Using 5 workers of 8 for evacuation
[2019-06-24T08:41:37.661+0000][1][gc,age       ] GC(0) Desired survivor size 4456448 bytes, new threshold 1 (max threshold 6)
[2019-06-24T08:41:37.661+0000][1][gc,age       ] GC(0) Age table with threshold 1 (max threshold 6)
[2019-06-24T08:41:37.661+0000][1][gc,age       ] GC(0) - age   1:    8040992 bytes,    8040992 total
[2019-06-24T08:41:37.661+0000][1][gc,heap      ] GC(0) ParNew: 69952K->7961K(78656K)
[2019-06-24T08:41:37.661+0000][1][gc,heap      ] GC(0) CMS: 0K->0K(174784K)
[2019-06-24T08:41:37.661+0000][1][gc,metaspace ] GC(0) Metaspace: 12066K->12066K(1060864K)
[2019-06-24T08:41:37.661+0000][1][gc           ] GC(0) Pause Young (Allocation Failure) 68M->7M(247M) 5.992ms
[2019-06-24T08:41:37.661+0000][1][gc,cpu       ] GC(0) User=0.04s Sys=0.00s Real=0.00s
[2019-06-24T08:41:37.661+0000][1][safepoint    ] Leaving safepoint region
[2019-06-24T08:41:37.661+0000][1][safepoint    ] Total time for which application threads were stopped: 0.0061023 seconds, Stopping threads took: 0.0000119 seconds
[2019-06-24T08:41:37.661+0000][1][safepoint    ] Application time: 0.0003927 seconds
[2019-06-24T08:41:37.662+0000][1][safepoint    ] Entering safepoint region: RevokeBias
[2019-06-24T08:41:37.662+0000][1][safepoint    ] Leaving safepoint region
[2019-06-24T08:41:37.662+0000][1][safepoint    ] Total time for which application threads were stopped: 0.0000613 seconds, Stopping threads took: 0.0000366 seconds
[2019-06-24T08:41:37.662+0000][1][safepoint    ] Application time: 0.0000373 seconds
[2019-06-24T08:41:37.662+0000][1][safepoint    ] Entering safepoint region: RevokeBias
[2019-06-24T08:41:37.662+0000][1][safepoint    ] Leaving safepoint region
[2019-06-24T08:41:37.662+0000][1][safepoint    ] Total time for which application threads were stopped: 0.0000755 seconds, Stopping threads took: 0.0000475 seconds
[2019-06-24T08:41:37.662+0000][1][safepoint    ] Application time: 0.0000429 seconds
[2019-06-24T08:41:37.662+0000][1][safepoint    ] Entering safepoint region: RevokeBias
[2019-06-24T08:41:37.662+0000][1][safepoint    ] Leaving safepoint region
[2019-06-24T08:41:37.662+0000][1][safepoint    ] Total time for which application threads were stopped: 0.0000566 seconds, Stopping threads took: 0.0000302 seconds
[2019-06-24T08:41:37.662+0000][1][safepoint    ] Application time: 0.0000363 seconds
[2019-06-24T08:41:37.662+0000][1][safepoint    ] Entering safepoint region: RevokeBias
[2019-06-24T08:41:37.662+0000][1][safepoint    ] Leaving safepoint region
[2019-06-24T08:41:37.662+0000][1][safepoint    ] Total time for which application threads were stopped: 0.0000658 seconds, Stopping threads took: 0.0000379 seconds
[2019-06-24T08:41:37.662+0000][1][safepoint    ] Application time: 0.0000637 seconds
[2019-06-24T08:41:37.662+0000][1][safepoint    ] Entering safepoint region: RevokeBias
[2019-06-24T08:41:37.662+0000][1][safepoint    ] Leaving safepoint region
[2019-06-24T08:41:37.662+0000][1][safepoint    ] Total time for which application threads were stopped: 0.0001010 seconds, Stopping threads took: 0.0000472 seconds
[2019-06-24T08:41:37.662+0000][1][safepoint    ] Application time: 0.0000856 seconds
[2019-06-24T08:41:37.662+0000][1][safepoint    ] Entering safepoint region: RevokeBias
[2019-06-24T08:41:37.662+0000][1][safepoint    ] Leaving safepoint region
[2019-06-24T08:41:37.662+0000][1][safepoint    ] Total time for which application threads were stopped: 0.0000604 seconds, Stopping threads took: 0.0000284 seconds
[2019-06-24T08:41:37.662+0000][1][safepoint    ] Application time: 0.0000396 seconds
[2019-06-24T08:41:37.662+0000][1][safepoint    ] Entering safepoint region: RevokeBias
[2019-06-24T08:41:37.662+0000][1][safepoint    ] Leaving safepoint region
[2019-06-24T08:41:37.662+0000][1][safepoint    ] Total time for which application threads were stopped: 0.0000691 seconds, Stopping threads took: 0.0000307 seconds
[2019-06-24T08:41:37.662+0000][1][safepoint    ] Application time: 0.0000325 seconds
[2019-06-24T08:41:37.663+0000][1][safepoint    ] Entering safepoint region: RevokeBias
[2019-06-24T08:41:37.663+0000][1][safepoint    ] Leaving safepoint region
[2019-06-24T08:41:37.663+0000][1][safepoint    ] Total time for which application threads were stopped: 0.0000925 seconds, Stopping threads took: 0.0000656 seconds
[2019-06-24T08:41:37.663+0000][1][safepoint    ] Application time: 0.0000760 seconds
[2019-06-24T08:41:37.663+0000][1][safepoint    ] Entering safepoint region: RevokeBias
[2019-06-24T08:41:37.663+0000][1][safepoint    ] Leaving safepoint region
[2019-06-24T08:41:37.663+0000][1][safepoint    ] Total time for which application threads were stopped: 0.0000445 seconds, Stopping threads took: 0.0000093 seconds
[2019-06-24T08:41:37.663+0000][1][safepoint    ] Application time: 0.0000701 seconds
[2019-06-24T08:41:37.663+0000][1][safepoint    ] Entering safepoint region: RevokeBias
[2019-06-24T08:41:37.663+0000][1][safepoint    ] Leaving safepoint region
[2019-06-24T08:41:37.663+0000][1][safepoint    ] Total time for which application threads were stopped: 0.0000665 seconds, Stopping threads took: 0.0000296 seconds
[2019-06-24T08:41:37.663+0000][1][safepoint    ] Application time: 0.0000762 seconds
[2019-06-24T08:41:37.663+0000][1][safepoint    ] Entering safepoint region: RevokeBias
[2019-06-24T08:41:37.663+0000][1][safepoint    ] Leaving safepoint region
[2019-06-24T08:41:37.663+0000][1][safepoint    ] Total time for which application threads were stopped: 0.0000832 seconds, Stopping threads took: 0.0000465 seconds
[2019-06-24T08:41:37.663+0000][1][safepoint    ] Application time: 0.0000703 seconds
[2019-06-24T08:41:37.663+0000][1][safepoint    ] Entering safepoint region: RevokeBias
[2019-06-24T08:41:37.663+0000][1][safepoint    ] Leaving safepoint region
[2019-06-24T08:41:37.663+0000][1][safepoint    ] Total time for which application threads were stopped: 0.0001015 seconds, Stopping threads took: 0.0000636 seconds
[2019-06-24T08:41:37.663+0000][1][safepoint    ] Application time: 0.0000420 seconds
[2019-06-24T08:41:37.663+0000][1][safepoint    ] Entering safepoint region: RevokeBias
[2019-06-24T08:41:37.663+0000][1][safepoint    ] Leaving safepoint region
[2019-06-24T08:41:37.663+0000][1][safepoint    ] Total time for which application threads were stopped: 0.0000411 seconds, Stopping threads took: 0.0000084 seconds
[2019-06-24T08:41:37.663+0000][1][safepoint    ] Application time: 0.0000329 seconds
[2019-06-24T08:41:37.663+0000][1][safepoint    ] Entering safepoint region: RevokeBias
[2019-06-24T08:41:37.663+0000][1][safepoint    ] Leaving safepoint region
[2019-06-24T08:41:37.663+0000][1][safepoint    ] Total time for which application threads were stopped: 0.0000513 seconds, Stopping threads took: 0.0000178 seconds
[2019-06-24T08:41:37.663+0000][1][safepoint    ] Application time: 0.0000367 seconds
[2019-06-24T08:41:37.663+0000][1][safepoint    ] Entering safepoint region: RevokeBias
[2019-06-24T08:41:37.663+0000][1][safepoint    ] Leaving safepoint region
[2019-06-24T08:41:37.664+0000][1][safepoint    ] Total time for which application threads were stopped: 0.0000404 seconds, Stopping threads took: 0.0000086 seconds
[2019-06-24T08:41:37.664+0000][1][safepoint    ] Application time: 0.0000328 seconds
[2019-06-24T08:41:37.664+0000][1][safepoint    ] Entering safepoint region: RevokeBias
[2019-06-24T08:41:37.664+0000][1][safepoint    ] Leaving safepoint region
[2019-06-24T08:41:37.664+0000][1][safepoint    ] Total time for which application threads were stopped: 0.0000645 seconds, Stopping threads took: 0.0000306 seconds
[2019-06-24T08:41:37.664+0000][1][safepoint    ] Application time: 0.0000363 seconds
[2019-06-24T08:41:37.664+0000][1][safepoint    ] Entering safepoint region: RevokeBias
[2019-06-24T08:41:37.664+0000][1][safepoint    ] Leaving safepoint region
[2019-06-24T08:41:37.664+0000][1][safepoint    ] Total time for which application threads were stopped: 0.0000796 seconds, Stopping threads took: 0.0000449 seconds
[2019-06-24T08:41:37.664+0000][1][safepoint    ] Application time: 0.0000484 seconds
[2019-06-24T08:41:37.664+0000][1][safepoint    ] Entering safepoint region: RevokeBias
[2019-06-24T08:41:37.664+0000][1][safepoint    ] Leaving safepoint region
[2019-06-24T08:41:37.664+0000][1][safepoint    ] Total time for which application threads were stopped: 0.0000628 seconds, Stopping threads took: 0.0000277 seconds
[2019-06-24T08:41:37.664+0000][1][safepoint    ] Application time: 0.0000374 seconds
[2019-06-24T08:41:37.664+0000][1][safepoint    ] Entering safepoint region: RevokeBias
[2019-06-24T08:41:37.664+0000][1][safepoint    ] Leaving safepoint region
[2019-06-24T08:41:37.664+0000][1][safepoint    ] Total time for which application threads were stopped: 0.0000726 seconds, Stopping threads took: 0.0000345 seconds
[2019-06-24T08:41:37.664+0000][1][safepoint    ] Application time: 0.0000363 seconds
[2019-06-24T08:41:37.664+0000][1][safepoint    ] Entering safepoint region: RevokeBias
[2019-06-24T08:41:37.664+0000][1][safepoint    ] Leaving safepoint region
[2019-06-24T08:41:37.664+0000][1][safepoint    ] Total time for which application threads were stopped: 0.0000605 seconds, Stopping threads took: 0.0000262 seconds
[2019-06-24T08:41:37.664+0000][1][safepoint    ] Application time: 0.0000411 seconds
[2019-06-24T08:41:37.664+0000][1][safepoint    ] Entering safepoint region: RevokeBias
[2019-06-24T08:41:37.664+0000][1][safepoint    ] Leaving safepoint region
[2019-06-24T08:41:37.664+0000][1][safepoint    ] Total time for which application threads were stopped: 0.0000657 seconds, Stopping threads took: 0.0000274 seconds
[2019-06-24T08:41:37.664+0000][1][safepoint    ] Application time: 0.0000325 seconds
[2019-06-24T08:41:37.664+0000][1][safepoint    ] Entering safepoint region: RevokeBias
[2019-06-24T08:41:37.664+0000][1][safepoint    ] Leaving safepoint region
[2019-06-24T08:41:37.664+0000][1][safepoint    ] Total time for which application threads were stopped: 0.0000682 seconds, Stopping threads took: 0.0000317 seconds
[2019-06-24T08:41:37.665+0000][1][safepoint    ] Application time: 0.0005040 seconds
[2019-06-24T08:41:37.665+0000][1][safepoint    ] Entering safepoint region: RevokeBias
[2019-06-24T08:41:37.665+0000][1][safepoint    ] Leaving safepoint region
[2019-06-24T08:41:37.665+0000][1][safepoint    ] Total time for which application threads were stopped: 0.0000896 seconds, Stopping threads took: 0.0000494 seconds
[2019-06-24T08:41:37.665+0000][1][safepoint    ] Application time: 0.0000498 seconds
[2019-06-24T08:41:37.665+0000][1][safepoint    ] Entering safepoint region: RevokeBias
[2019-06-24T08:41:37.665+0000][1][safepoint    ] Leaving safepoint region
[2019-06-24T08:41:37.665+0000][1][safepoint    ] Total time for which application threads were stopped: 0.0000836 seconds, Stopping threads took: 0.0000548 seconds
[2019-06-24T08:41:37.665+0000][1][safepoint    ] Application time: 0.0000573 seconds
[2019-06-24T08:41:37.665+0000][1][safepoint    ] Entering safepoint region: RevokeBias
[2019-06-24T08:41:37.665+0000][1][safepoint    ] Leaving safepoint region
[2019-06-24T08:41:37.665+0000][1][safepoint    ] Total time for which application threads were stopped: 0.0000783 seconds, Stopping threads took: 0.0000418 seconds
[2019-06-24T08:41:37.665+0000][1][safepoint    ] Application time: 0.0000378 seconds
[2019-06-24T08:41:37.665+0000][1][safepoint    ] Entering safepoint region: RevokeBias
[2019-06-24T08:41:37.665+0000][1][safepoint    ] Leaving safepoint region
[2019-06-24T08:41:37.665+0000][1][safepoint    ] Total time for which application threads were stopped: 0.0000528 seconds, Stopping threads took: 0.0000210 seconds
[2019-06-24T08:41:37.854+0000][1][safepoint    ] Application time: 0.1886362 seconds
[2019-06-24T08:41:37.854+0000][1][safepoint    ] Entering safepoint region: Deoptimize
[2019-06-24T08:41:37.855+0000][1][safepoint    ] Leaving safepoint region
[2019-06-24T08:41:37.855+0000][1][safepoint    ] Total time for which application threads were stopped: 0.0004272 seconds, Stopping threads took: 0.0000179 seconds
[2019-06-24T08:41:37.957+0000][1][safepoint    ] Application time: 0.1025249 seconds
[2019-06-24T08:41:37.957+0000][1][safepoint    ] Entering safepoint region: RevokeBias
[2019-06-24T08:41:37.957+0000][1][safepoint    ] Leaving safepoint region
[2019-06-24T08:41:37.957+0000][1][safepoint    ] Total time for which application threads were stopped: 0.0001337 seconds, Stopping threads took: 0.0000186 seconds
[2019-06-24T08:41:38.056+0000][1][safepoint    ] Application time: 0.0987562 seconds
[2019-06-24T08:41:38.056+0000][1][safepoint    ] Entering safepoint region: RevokeBias
[2019-06-24T08:41:38.056+0000][1][safepoint    ] Leaving safepoint region
[2019-06-24T08:41:38.056+0000][1][safepoint    ] Total time for which application threads were stopped: 0.0001141 seconds, Stopping threads took: 0.0000191 seconds
[2019-06-24T08:41:38.061+0000][1][safepoint    ] Application time: 0.0044386 seconds
[2019-06-24T08:41:38.061+0000][1][safepoint    ] Entering safepoint region: RevokeBias
[2019-06-24T08:41:38.061+0000][1][safepoint    ] Leaving safepoint region
[2019-06-24T08:41:38.061+0000][1][safepoint    ] Total time for which application threads were stopped: 0.0002098 seconds, Stopping threads took: 0.0001331 seconds
[2019-06-24T08:41:38.064+0000][1][safepoint    ] Application time: 0.0031512 seconds
[2019-06-24T08:41:38.064+0000][1][safepoint    ] Entering safepoint region: RevokeBias
[2019-06-24T08:41:38.064+0000][1][safepoint    ] Leaving safepoint region
[2019-06-24T08:41:38.064+0000][1][safepoint    ] Total time for which application threads were stopped: 0.0000855 seconds, Stopping threads took: 0.0000167 seconds
[2019-06-24T08:41:38.091+0000][1][safepoint    ] Application time: 0.0266563 seconds
[2019-06-24T08:41:38.091+0000][1][safepoint    ] Entering safepoint region: GenCollectForAllocation
[2019-06-24T08:41:38.091+0000][1][gc,start     ] GC(1) Pause Young (Allocation Failure)
[2019-06-24T08:41:38.091+0000][1][gc,task      ] GC(1) Using 5 workers of 8 for evacuation
[2019-06-24T08:41:38.104+0000][1][gc,age       ] GC(1) Desired survivor size 4456448 bytes, new threshold 6 (max threshold 6)
[2019-06-24T08:41:38.104+0000][1][gc,age       ] GC(1) Age table with threshold 6 (max threshold 6)
[2019-06-24T08:41:38.104+0000][1][gc,age       ] GC(1) - age   1:    2372392 bytes,    2372392 total
[2019-06-24T08:41:38.104+0000][1][gc,heap      ] GC(1) ParNew: 77913K->6370K(78656K)
[2019-06-24T08:41:38.104+0000][1][gc,heap      ] GC(1) CMS: 0K->6641K(174784K)
[2019-06-24T08:41:38.104+0000][1][gc,metaspace ] GC(1) Metaspace: 14665K->14665K(1062912K)
[2019-06-24T08:41:38.104+0000][1][gc           ] GC(1) Pause Young (Allocation Failure) 76M->12M(247M) 13.382ms
[2019-06-24T08:41:38.104+0000][1][gc,cpu       ] GC(1) User=0.07s Sys=0.00s Real=0.02s
[2019-06-24T08:41:38.104+0000][1][safepoint    ] Leaving safepoint region
[2019-06-24T08:41:38.104+0000][1][safepoint    ] Total time for which application threads were stopped: 0.0135112 seconds, Stopping threads took: 0.0000164 seconds
[2019-06-24T08:41:38.105+0000][1][safepoint    ] Application time: 0.0003440 seconds
[2019-06-24T08:41:38.105+0000][1][safepoint    ] Entering safepoint region: RevokeBias
[2019-06-24T08:41:38.105+0000][1][safepoint    ] Leaving safepoint region
[2019-06-24T08:41:38.105+0000][1][safepoint    ] Total time for which application threads were stopped: 0.0002203 seconds, Stopping threads took: 0.0001226 seconds
[2019-06-24T08:41:38.105+0000][1][safepoint    ] Application time: 0.0000556 seconds
[2019-06-24T08:41:38.105+0000][1][safepoint    ] Entering safepoint region: RevokeBias
[2019-06-24T08:41:38.105+0000][1][safepoint    ] Leaving safepoint region
[2019-06-24T08:41:38.105+0000][1][safepoint    ] Total time for which application threads were stopped: 0.0000827 seconds, Stopping threads took: 0.0000415 seconds
[2019-06-24T08:41:38.105+0000][1][safepoint    ] Application time: 0.0000582 seconds
[2019-06-24T08:41:38.105+0000][1][safepoint    ] Entering safepoint region: RevokeBias
[2019-06-24T08:41:38.105+0000][1][safepoint    ] Leaving safepoint region
[2019-06-24T08:41:38.105+0000][1][safepoint    ] Total time for which application threads were stopped: 0.0000804 seconds, Stopping threads took: 0.0000398 seconds
[2019-06-24T08:41:38.105+0000][1][safepoint    ] Application time: 0.0000440 seconds
[2019-06-24T08:41:38.105+0000][1][safepoint    ] Entering safepoint region: RevokeBias
[2019-06-24T08:41:38.105+0000][1][safepoint    ] Leaving safepoint region
[2019-06-24T08:41:38.105+0000][1][safepoint    ] Total time for which application threads were stopped: 0.0000651 seconds, Stopping threads took: 0.0000256 seconds
[2019-06-24T08:41:38.105+0000][1][safepoint    ] Application time: 0.0000500 seconds
[2019-06-24T08:41:38.106+0000][1][safepoint    ] Entering safepoint region: RevokeBias
[2019-06-24T08:41:38.106+0000][1][safepoint    ] Leaving safepoint region
[2019-06-24T08:41:38.106+0000][1][safepoint    ] Total time for which application threads were stopped: 0.0000711 seconds, Stopping threads took: 0.0000336 seconds
[2019-06-24T08:41:38.106+0000][1][safepoint    ] Application time: 0.0000456 seconds
[2019-06-24T08:41:38.106+0000][1][safepoint    ] Entering safepoint region: RevokeBias
[2019-06-24T08:41:38.106+0000][1][safepoint    ] Leaving safepoint region
[2019-06-24T08:41:38.106+0000][1][safepoint    ] Total time for which application threads were stopped: 0.0000955 seconds, Stopping threads took: 0.0000473 seconds
[2019-06-24T08:41:38.106+0000][1][safepoint    ] Application time: 0.0000518 seconds
[2019-06-24T08:41:38.106+0000][1][safepoint    ] Entering safepoint region: RevokeBias
[2019-06-24T08:41:38.106+0000][1][safepoint    ] Leaving safepoint region
[2019-06-24T08:41:38.106+0000][1][safepoint    ] Total time for which application threads were stopped: 0.0001104 seconds, Stopping threads took: 0.0000583 seconds
[2019-06-24T08:41:38.106+0000][1][safepoint    ] Application time: 0.0000437 seconds
[2019-06-24T08:41:38.106+0000][1][safepoint    ] Entering safepoint region: RevokeBias
[2019-06-24T08:41:38.106+0000][1][safepoint    ] Leaving safepoint region
[2019-06-24T08:41:38.106+0000][1][safepoint    ] Total time for which application threads were stopped: 0.0000744 seconds, Stopping threads took: 0.0000324 seconds
[2019-06-24T08:41:38.106+0000][1][safepoint    ] Application time: 0.0000714 seconds
[2019-06-24T08:41:38.106+0000][1][safepoint    ] Entering safepoint region: RevokeBias
[2019-06-24T08:41:38.106+0000][1][safepoint    ] Leaving safepoint region
[2019-06-24T08:41:38.106+0000][1][safepoint    ] Total time for which application threads were stopped: 0.0000764 seconds, Stopping threads took: 0.0000317 seconds
[2019-06-24T08:41:38.106+0000][1][safepoint    ] Application time: 0.0000395 seconds
[2019-06-24T08:41:38.106+0000][1][safepoint    ] Entering safepoint region: RevokeBias
[2019-06-24T08:41:38.106+0000][1][safepoint    ] Leaving safepoint region
[2019-06-24T08:41:38.106+0000][1][safepoint    ] Total time for which application threads were stopped: 0.0000666 seconds, Stopping threads took: 0.0000293 seconds
[2019-06-24T08:41:38.107+0000][1][safepoint    ] Application time: 0.0001507 seconds
[2019-06-24T08:41:38.107+0000][1][safepoint    ] Entering safepoint region: BulkRevokeBias
[2019-06-24T08:41:38.107+0000][1][safepoint    ] Leaving safepoint region
[2019-06-24T08:41:38.107+0000][1][safepoint    ] Total time for which application threads were stopped: 0.0001042 seconds, Stopping threads took: 0.0000329 seconds
[2019-06-24T08:41:38.107+0000][1][safepoint    ] Application time: 0.0000761 seconds
[2019-06-24T08:41:38.107+0000][1][safepoint    ] Entering safepoint region: RevokeBias
[2019-06-24T08:41:38.107+0000][1][safepoint    ] Leaving safepoint region
[2019-06-24T08:41:38.107+0000][1][safepoint    ] Total time for which application threads were stopped: 0.0000758 seconds, Stopping threads took: 0.0000389 seconds
[2019-06-24T08:41:38.107+0000][1][safepoint    ] Application time: 0.0000806 seconds
[2019-06-24T08:41:38.107+0000][1][safepoint    ] Entering safepoint region: BulkRevokeBias
[2019-06-24T08:41:38.107+0000][1][safepoint    ] Leaving safepoint region
[2019-06-24T08:41:38.107+0000][1][safepoint    ] Total time for which application threads were stopped: 0.0000915 seconds, Stopping threads took: 0.0000306 seconds
[2019-06-24T08:41:38.224+0000][1][safepoint    ] Application time: 0.1169838 seconds
[2019-06-24T08:41:38.224+0000][1][safepoint    ] Entering safepoint region: GenCollectForAllocation
[2019-06-24T08:41:38.224+0000][1][gc,start     ] GC(2) Pause Young (Allocation Failure)
[2019-06-24T08:41:38.224+0000][1][gc,task      ] GC(2) Using 5 workers of 8 for evacuation
[2019-06-24T08:41:38.227+0000][1][gc,age       ] GC(2) Desired survivor size 4456448 bytes, new threshold 6 (max threshold 6)
[2019-06-24T08:41:38.227+0000][1][gc,age       ] GC(2) Age table with threshold 6 (max threshold 6)
[2019-06-24T08:41:38.227+0000][1][gc,age       ] GC(2) - age   1:    2818080 bytes,    2818080 total
[2019-06-24T08:41:38.227+0000][1][gc,age       ] GC(2) - age   2:    1203568 bytes,    4021648 total
[2019-06-24T08:41:38.227+0000][1][gc,heap      ] GC(2) ParNew: 76322K->4703K(78656K)
[2019-06-24T08:41:38.227+0000][1][gc,heap      ] GC(2) CMS: 6641K->6641K(174784K)
[2019-06-24T08:41:38.227+0000][1][gc,metaspace ] GC(2) Metaspace: 14805K->14805K(1062912K)
[2019-06-24T08:41:38.227+0000][1][gc           ] GC(2) Pause Young (Allocation Failure) 81M->11M(247M) 3.143ms
[2019-06-24T08:41:38.227+0000][1][gc,cpu       ] GC(2) User=0.02s Sys=0.00s Real=0.00s
[2019-06-24T08:41:38.227+0000][1][safepoint    ] Leaving safepoint region
[2019-06-24T08:41:38.227+0000][1][safepoint    ] Total time for which application threads were stopped: 0.0032887 seconds, Stopping threads took: 0.0000311 seconds
[2019-06-24T08:41:38.228+0000][1][safepoint    ] Application time: 0.0002244 seconds
[2019-06-24T08:41:38.228+0000][1][safepoint    ] Entering safepoint region: RevokeBias
[2019-06-24T08:41:38.228+0000][1][safepoint    ] Leaving safepoint region
[2019-06-24T08:41:38.228+0000][1][safepoint    ] Total time for which application threads were stopped: 0.0001476 seconds, Stopping threads took: 0.0001016 seconds
[2019-06-24T08:41:38.228+0000][1][safepoint    ] Application time: 0.0000557 seconds
[2019-06-24T08:41:38.228+0000][1][safepoint    ] Entering safepoint region: RevokeBias
[2019-06-24T08:41:38.228+0000][1][safepoint    ] Leaving safepoint region
[2019-06-24T08:41:38.228+0000][1][safepoint    ] Total time for which application threads were stopped: 0.0000385 seconds, Stopping threads took: 0.0000067 seconds
[2019-06-24T08:41:38.228+0000][1][safepoint    ] Application time: 0.0000554 seconds
[2019-06-24T08:41:38.228+0000][1][safepoint    ] Entering safepoint region: RevokeBias
[2019-06-24T08:41:38.228+0000][1][safepoint    ] Leaving safepoint region
[2019-06-24T08:41:38.228+0000][1][safepoint    ] Total time for which application threads were stopped: 0.0000652 seconds, Stopping threads took: 0.0000348 seconds
[2019-06-24T08:41:38.228+0000][1][safepoint    ] Application time: 0.0000376 seconds
[2019-06-24T08:41:38.228+0000][1][safepoint    ] Entering safepoint region: RevokeBias
[2019-06-24T08:41:38.228+0000][1][safepoint    ] Leaving safepoint region
[2019-06-24T08:41:38.228+0000][1][safepoint    ] Total time for which application threads were stopped: 0.0000515 seconds, Stopping threads took: 0.0000228 seconds
[2019-06-24T08:41:38.228+0000][1][safepoint    ] Application time: 0.0000402 seconds
[2019-06-24T08:41:38.228+0000][1][safepoint    ] Entering safepoint region: RevokeBias
[2019-06-24T08:41:38.228+0000][1][safepoint    ] Leaving safepoint region
[2019-06-24T08:41:38.228+0000][1][safepoint    ] Total time for which application threads were stopped: 0.0000330 seconds, Stopping threads took: 0.0000060 seconds
[2019-06-24T08:41:38.228+0000][1][safepoint    ] Application time: 0.0000347 seconds
[2019-06-24T08:41:38.228+0000][1][safepoint    ] Entering safepoint region: RevokeBias
[2019-06-24T08:41:38.228+0000][1][safepoint    ] Leaving safepoint region
[2019-06-24T08:41:38.228+0000][1][safepoint    ] Total time for which application threads were stopped: 0.0000331 seconds, Stopping threads took: 0.0000059 seconds
[2019-06-24T08:41:38.340+0000][1][safepoint    ] Application time: 0.1113113 seconds
[2019-06-24T08:41:38.340+0000][1][safepoint    ] Entering safepoint region: Deoptimize
[2019-06-24T08:41:38.340+0000][1][safepoint    ] Leaving safepoint region
[2019-06-24T08:41:38.340+0000][1][safepoint    ] Total time for which application threads were stopped: 0.0003875 seconds, Stopping threads took: 0.0000177 seconds
[2019-06-24T08:41:38.340+0000][1][safepoint    ] Application time: 0.0004008 seconds
[2019-06-24T08:41:38.340+0000][1][safepoint    ] Entering safepoint region: Deoptimize
[2019-06-24T08:41:38.341+0000][1][safepoint    ] Leaving safepoint region
[2019-06-24T08:41:38.341+0000][1][safepoint    ] Total time for which application threads were stopped: 0.0002829 seconds, Stopping threads took: 0.0000118 seconds
[2019-06-24T08:41:38.538+0000][1][safepoint    ] Application time: 0.1970840 seconds
[2019-06-24T08:41:38.538+0000][1][safepoint    ] Entering safepoint region: GenCollectForAllocation
[2019-06-24T08:41:38.538+0000][1][gc,start     ] GC(3) Pause Young (Allocation Failure)
[2019-06-24T08:41:38.538+0000][1][gc,task      ] GC(3) Using 5 workers of 8 for evacuation
[2019-06-24T08:41:38.541+0000][1][gc,age       ] GC(3) Desired survivor size 4456448 bytes, new threshold 3 (max threshold 6)
[2019-06-24T08:41:38.541+0000][1][gc,age       ] GC(3) Age table with threshold 3 (max threshold 6)
[2019-06-24T08:41:38.541+0000][1][gc,age       ] GC(3) - age   1:    4098672 bytes,    4098672 total
[2019-06-24T08:41:38.541+0000][1][gc,age       ] GC(3) - age   2:     294208 bytes,    4392880 total
[2019-06-24T08:41:38.541+0000][1][gc,age       ] GC(3) - age   3:    1200160 bytes,    5593040 total
[2019-06-24T08:41:38.542+0000][1][gc,heap      ] GC(3) ParNew: 74655K->7611K(78656K)
[2019-06-24T08:41:38.542+0000][1][gc,heap      ] GC(3) CMS: 6641K->6641K(174784K)
[2019-06-24T08:41:38.542+0000][1][gc,metaspace ] GC(3) Metaspace: 18238K->18238K(1067008K)
[2019-06-24T08:41:38.542+0000][1][gc           ] GC(3) Pause Young (Allocation Failure) 79M->13M(247M) 3.548ms
[2019-06-24T08:41:38.542+0000][1][gc,cpu       ] GC(3) User=0.03s Sys=0.00s Real=0.00s
[2019-06-24T08:41:38.542+0000][1][safepoint    ] Leaving safepoint region
[2019-06-24T08:41:38.542+0000][1][safepoint    ] Total time for which application threads were stopped: 0.0037228 seconds, Stopping threads took: 0.0000183 seconds
[2019-06-24T08:41:38.542+0000][1][safepoint    ] Application time: 0.0001790 seconds
[2019-06-24T08:41:38.542+0000][1][safepoint    ] Entering safepoint region: RevokeBias
[2019-06-24T08:41:38.542+0000][1][safepoint    ] Leaving safepoint region
[2019-06-24T08:41:38.542+0000][1][safepoint    ] Total time for which application threads were stopped: 0.0001828 seconds, Stopping threads took: 0.0001319 seconds
[2019-06-24T08:41:38.542+0000][1][safepoint    ] Application time: 0.0000389 seconds
[2019-06-24T08:41:38.542+0000][1][safepoint    ] Entering safepoint region: RevokeBias
[2019-06-24T08:41:38.542+0000][1][safepoint    ] Leaving safepoint region
[2019-06-24T08:41:38.542+0000][1][safepoint    ] Total time for which application threads were stopped: 0.0000550 seconds, Stopping threads took: 0.0000063 seconds
[2019-06-24T08:41:38.542+0000][1][safepoint    ] Application time: 0.0001496 seconds
[2019-06-24T08:41:38.542+0000][1][safepoint    ] Entering safepoint region: RevokeBias
[2019-06-24T08:41:38.542+0000][1][safepoint    ] Leaving safepoint region
[2019-06-24T08:41:38.542+0000][1][safepoint    ] Total time for which application threads were stopped: 0.0001329 seconds, Stopping threads took: 0.0000797 seconds
[2019-06-24T08:41:38.542+0000][1][safepoint    ] Application time: 0.0000447 seconds
[2019-06-24T08:41:38.543+0000][1][safepoint    ] Entering safepoint region: BulkRevokeBias
[2019-06-24T08:41:38.543+0000][1][safepoint    ] Leaving safepoint region
[2019-06-24T08:41:38.543+0000][1][safepoint    ] Total time for which application threads were stopped: 0.0001431 seconds, Stopping threads took: 0.0000318 seconds
[2019-06-24T08:41:38.543+0000][1][safepoint    ] Application time: 0.0000712 seconds
[2019-06-24T08:41:38.543+0000][1][safepoint    ] Entering safepoint region: RevokeBias
[2019-06-24T08:41:38.543+0000][1][safepoint    ] Leaving safepoint region
[2019-06-24T08:41:38.543+0000][1][safepoint    ] Total time for which application threads were stopped: 0.0002593 seconds, Stopping threads took: 0.0002149 seconds
[2019-06-24T08:41:38.543+0000][1][safepoint    ] Application time: 0.0000437 seconds
[2019-06-24T08:41:38.543+0000][1][safepoint    ] Entering safepoint region: RevokeBias
[2019-06-24T08:41:38.543+0000][1][safepoint    ] Leaving safepoint region
[2019-06-24T08:41:38.543+0000][1][safepoint    ] Total time for which application threads were stopped: 0.0000523 seconds, Stopping threads took: 0.0000099 seconds
[2019-06-24T08:41:38.543+0000][1][safepoint    ] Application time: 0.0000447 seconds
[2019-06-24T08:41:38.543+0000][1][safepoint    ] Entering safepoint region: RevokeBias
[2019-06-24T08:41:38.543+0000][1][safepoint    ] Leaving safepoint region
[2019-06-24T08:41:38.543+0000][1][safepoint    ] Total time for which application threads were stopped: 0.0000507 seconds, Stopping threads took: 0.0000097 seconds
[2019-06-24T08:41:38.543+0000][1][safepoint    ] Application time: 0.0000396 seconds
[2019-06-24T08:41:38.543+0000][1][safepoint    ] Entering safepoint region: RevokeBias
[2019-06-24T08:41:38.543+0000][1][safepoint    ] Leaving safepoint region
[2019-06-24T08:41:38.543+0000][1][safepoint    ] Total time for which application threads were stopped: 0.0000488 seconds, Stopping threads took: 0.0000091 seconds
[2019-06-24T08:41:38.543+0000][1][safepoint    ] Application time: 0.0000417 seconds
[2019-06-24T08:41:38.543+0000][1][safepoint    ] Entering safepoint region: RevokeBias
[2019-06-24T08:41:38.543+0000][1][safepoint    ] Leaving safepoint region
[2019-06-24T08:41:38.543+0000][1][safepoint    ] Total time for which application threads were stopped: 0.0000680 seconds, Stopping threads took: 0.0000264 seconds
[2019-06-24T08:41:38.544+0000][1][safepoint    ] Application time: 0.0000392 seconds
[2019-06-24T08:41:38.544+0000][1][safepoint    ] Entering safepoint region: RevokeBias
[2019-06-24T08:41:38.544+0000][1][safepoint    ] Leaving safepoint region
[2019-06-24T08:41:38.544+0000][1][safepoint    ] Total time for which application threads were stopped: 0.0000505 seconds, Stopping threads took: 0.0000096 seconds
[2019-06-24T08:41:38.544+0000][1][safepoint    ] Application time: 0.0000415 seconds
[2019-06-24T08:41:38.544+0000][1][safepoint    ] Entering safepoint region: RevokeBias
[2019-06-24T08:41:38.544+0000][1][safepoint    ] Leaving safepoint region
[2019-06-24T08:41:38.544+0000][1][safepoint    ] Total time for which application threads were stopped: 0.0000616 seconds, Stopping threads took: 0.0000200 seconds
[2019-06-24T08:41:38.544+0000][1][safepoint    ] Application time: 0.0000557 seconds
[2019-06-24T08:41:38.544+0000][1][safepoint    ] Entering safepoint region: RevokeBias
[2019-06-24T08:41:38.544+0000][1][safepoint    ] Leaving safepoint region
[2019-06-24T08:41:38.544+0000][1][safepoint    ] Total time for which application threads were stopped: 0.0000965 seconds, Stopping threads took: 0.0000522 seconds
[2019-06-24T08:41:38.544+0000][1][safepoint    ] Application time: 0.0000418 seconds
[2019-06-24T08:41:38.544+0000][1][safepoint    ] Entering safepoint region: RevokeBias
[2019-06-24T08:41:38.544+0000][1][safepoint    ] Leaving safepoint region
[2019-06-24T08:41:38.544+0000][1][safepoint    ] Total time for which application threads were stopped: 0.0000532 seconds, Stopping threads took: 0.0000096 seconds
[2019-06-24T08:41:38.544+0000][1][safepoint    ] Application time: 0.0000426 seconds
[2019-06-24T08:41:38.544+0000][1][safepoint    ] Entering safepoint region: RevokeBias
[2019-06-24T08:41:38.544+0000][1][safepoint    ] Leaving safepoint region
[2019-06-24T08:41:38.544+0000][1][safepoint    ] Total time for which application threads were stopped: 0.0000912 seconds, Stopping threads took: 0.0000484 seconds
[2019-06-24T08:41:38.544+0000][1][safepoint    ] Application time: 0.0001843 seconds
[2019-06-24T08:41:38.544+0000][1][safepoint    ] Entering safepoint region: RevokeBias
[2019-06-24T08:41:38.544+0000][1][safepoint    ] Leaving safepoint region
[2019-06-24T08:41:38.544+0000][1][safepoint    ] Total time for which application threads were stopped: 0.0001646 seconds, Stopping threads took: 0.0001057 seconds
[2019-06-24T08:41:38.545+0000][1][safepoint    ] Application time: 0.0000457 seconds
[2019-06-24T08:41:38.545+0000][1][safepoint    ] Entering safepoint region: RevokeBias
[2019-06-24T08:41:38.545+0000][1][safepoint    ] Leaving safepoint region
[2019-06-24T08:41:38.545+0000][1][safepoint    ] Total time for which application threads were stopped: 0.0000825 seconds, Stopping threads took: 0.0000290 seconds
[2019-06-24T08:41:38.545+0000][1][safepoint    ] Application time: 0.0000428 seconds
[2019-06-24T08:41:38.545+0000][1][safepoint    ] Entering safepoint region: RevokeBias
[2019-06-24T08:41:38.545+0000][1][safepoint    ] Leaving safepoint region
[2019-06-24T08:41:38.545+0000][1][safepoint    ] Total time for which application threads were stopped: 0.0000647 seconds, Stopping threads took: 0.0000115 seconds
[2019-06-24T08:41:38.545+0000][1][safepoint    ] Application time: 0.0000481 seconds
[2019-06-24T08:41:38.545+0000][1][safepoint    ] Entering safepoint region: RevokeBias
[2019-06-24T08:41:38.545+0000][1][safepoint    ] Leaving safepoint region
[2019-06-24T08:41:38.545+0000][1][safepoint    ] Total time for which application threads were stopped: 0.0000622 seconds, Stopping threads took: 0.0000104 seconds
[2019-06-24T08:41:38.545+0000][1][safepoint    ] Application time: 0.0000427 seconds
[2019-06-24T08:41:38.545+0000][1][safepoint    ] Entering safepoint region: RevokeBias
[2019-06-24T08:41:38.545+0000][1][safepoint    ] Leaving safepoint region
[2019-06-24T08:41:38.545+0000][1][safepoint    ] Total time for which application threads were stopped: 0.0000693 seconds, Stopping threads took: 0.0000289 seconds
[2019-06-24T08:41:38.545+0000][1][safepoint    ] Application time: 0.0000938 seconds
[2019-06-24T08:41:38.545+0000][1][safepoint    ] Entering safepoint region: RevokeBias
[2019-06-24T08:41:38.545+0000][1][safepoint    ] Leaving safepoint region
[2019-06-24T08:41:38.545+0000][1][safepoint    ] Total time for which application threads were stopped: 0.0000606 seconds, Stopping threads took: 0.0000131 seconds
[2019-06-24T08:41:38.545+0000][1][safepoint    ] Application time: 0.0000670 seconds
[2019-06-24T08:41:38.545+0000][1][safepoint    ] Entering safepoint region: RevokeBias
[2019-06-24T08:41:38.545+0000][1][safepoint    ] Leaving safepoint region
[2019-06-24T08:41:38.545+0000][1][safepoint    ] Total time for which application threads were stopped: 0.0000681 seconds, Stopping threads took: 0.0000202 seconds
[2019-06-24T08:41:38.631+0000][1][safepoint    ] Application time: 0.0857800 seconds
[2019-06-24T08:41:38.631+0000][1][safepoint    ] Entering safepoint region: GenCollectForAllocation
[2019-06-24T08:41:38.631+0000][1][gc,start     ] GC(4) Pause Young (Allocation Failure)
[2019-06-24T08:41:38.631+0000][1][gc,task      ] GC(4) Using 5 workers of 8 for evacuation
[2019-06-24T08:41:38.636+0000][1][gc,age       ] GC(4) Desired survivor size 4456448 bytes, new threshold 2 (max threshold 6)
[2019-06-24T08:41:38.636+0000][1][gc,age       ] GC(4) Age table with threshold 2 (max threshold 6)
[2019-06-24T08:41:38.636+0000][1][gc,age       ] GC(4) - age   1:    1936704 bytes,    1936704 total
[2019-06-24T08:41:38.636+0000][1][gc,age       ] GC(4) - age   2:    3329192 bytes,    5265896 total
[2019-06-24T08:41:38.636+0000][1][gc,age       ] GC(4) - age   3:     293680 bytes,    5559576 total
[2019-06-24T08:41:38.636+0000][1][gc,heap      ] GC(4) ParNew: 77563K->7532K(78656K)
[2019-06-24T08:41:38.636+0000][1][gc,heap      ] GC(4) CMS: 6641K->7831K(174784K)
[2019-06-24T08:41:38.636+0000][1][gc,metaspace ] GC(4) Metaspace: 18445K->18445K(1067008K)
[2019-06-24T08:41:38.636+0000][1][gc           ] GC(4) Pause Young (Allocation Failure) 82M->15M(247M) 4.594ms
[2019-06-24T08:41:38.636+0000][1][gc,cpu       ] GC(4) User=0.04s Sys=0.00s Real=0.01s
[2019-06-24T08:41:38.636+0000][1][safepoint    ] Leaving safepoint region
[2019-06-24T08:41:38.636+0000][1][safepoint    ] Total time for which application threads were stopped: 0.0047281 seconds, Stopping threads took: 0.0000109 seconds
[2019-06-24T08:41:38.636+0000][1][safepoint    ] Application time: 0.0002287 seconds
[2019-06-24T08:41:38.636+0000][1][safepoint    ] Entering safepoint region: RevokeBias
[2019-06-24T08:41:38.636+0000][1][safepoint    ] Leaving safepoint region
[2019-06-24T08:41:38.636+0000][1][safepoint    ] Total time for which application threads were stopped: 0.0001974 seconds, Stopping threads took: 0.0001481 seconds
[2019-06-24T08:41:38.636+0000][1][safepoint    ] Application time: 0.0001113 seconds
[2019-06-24T08:41:38.637+0000][1][safepoint    ] Entering safepoint region: RevokeBias
[2019-06-24T08:41:38.637+0000][1][safepoint    ] Leaving safepoint region
[2019-06-24T08:41:38.637+0000][1][safepoint    ] Total time for which application threads were stopped: 0.0000669 seconds, Stopping threads took: 0.0000370 seconds
[2019-06-24T08:41:38.637+0000][1][safepoint    ] Application time: 0.0001013 seconds
[2019-06-24T08:41:38.637+0000][1][safepoint    ] Entering safepoint region: RevokeBias
[2019-06-24T08:41:38.637+0000][1][safepoint    ] Leaving safepoint region
[2019-06-24T08:41:38.637+0000][1][safepoint    ] Total time for which application threads were stopped: 0.0000956 seconds, Stopping threads took: 0.0000586 seconds
[2019-06-24T08:41:38.637+0000][1][safepoint    ] Application time: 0.0001383 seconds
[2019-06-24T08:41:38.637+0000][1][safepoint    ] Entering safepoint region: RevokeBias
[2019-06-24T08:41:38.637+0000][1][safepoint    ] Leaving safepoint region
[2019-06-24T08:41:38.637+0000][1][safepoint    ] Total time for which application threads were stopped: 0.0000758 seconds, Stopping threads took: 0.0000253 seconds
[2019-06-24T08:41:38.650+0000][1][safepoint    ] Application time: 0.0134145 seconds
[2019-06-24T08:41:38.651+0000][1][safepoint    ] Entering safepoint region: Deoptimize
[2019-06-24T08:41:38.651+0000][1][safepoint    ] Leaving safepoint region
[2019-06-24T08:41:38.651+0000][1][safepoint    ] Total time for which application threads were stopped: 0.0002571 seconds, Stopping threads took: 0.0000142 seconds
[2019-06-24T08:41:38.684+0000][1][safepoint    ] Application time: 0.0334372 seconds
[2019-06-24T08:41:38.684+0000][1][safepoint    ] Entering safepoint region: Deoptimize
[2019-06-24T08:41:38.684+0000][1][safepoint    ] Leaving safepoint region
[2019-06-24T08:41:38.685+0000][1][safepoint    ] Total time for which application threads were stopped: 0.0002842 seconds, Stopping threads took: 0.0000101 seconds
[2019-06-24T08:41:38.758+0000][1][safepoint    ] Application time: 0.0736581 seconds
[2019-06-24T08:41:38.758+0000][1][safepoint    ] Entering safepoint region: GenCollectForAllocation
[2019-06-24T08:41:38.758+0000][1][gc,start     ] GC(5) Pause Young (Allocation Failure)
[2019-06-24T08:41:38.758+0000][1][gc,task      ] GC(5) Using 5 workers of 8 for evacuation
[2019-06-24T08:41:38.762+0000][1][gc,age       ] GC(5) Desired survivor size 4456448 bytes, new threshold 6 (max threshold 6)
[2019-06-24T08:41:38.762+0000][1][gc,age       ] GC(5) Age table with threshold 6 (max threshold 6)
[2019-06-24T08:41:38.762+0000][1][gc,age       ] GC(5) - age   1:    3252784 bytes,    3252784 total
[2019-06-24T08:41:38.762+0000][1][gc,age       ] GC(5) - age   2:     446248 bytes,    3699032 total
[2019-06-24T08:41:38.762+0000][1][gc,heap      ] GC(5) ParNew: 77484K->6298K(78656K)
[2019-06-24T08:41:38.762+0000][1][gc,heap      ] GC(5) CMS: 7831K->11400K(174784K)
[2019-06-24T08:41:38.762+0000][1][gc,metaspace ] GC(5) Metaspace: 18790K->18790K(1067008K)
[2019-06-24T08:41:38.762+0000][1][gc           ] GC(5) Pause Young (Allocation Failure) 83M->17M(247M) 4.122ms
[2019-06-24T08:41:38.762+0000][1][gc,cpu       ] GC(5) User=0.02s Sys=0.00s Real=0.00s
[2019-06-24T08:41:38.762+0000][1][safepoint    ] Leaving safepoint region
[2019-06-24T08:41:38.762+0000][1][safepoint    ] Total time for which application threads were stopped: 0.0042544 seconds, Stopping threads took: 0.0000168 seconds
[2019-06-24T08:41:38.763+0000][1][safepoint    ] Application time: 0.0001608 seconds
[2019-06-24T08:41:38.763+0000][1][safepoint    ] Entering safepoint region: RevokeBias
[2019-06-24T08:41:38.763+0000][1][safepoint    ] Leaving safepoint region
[2019-06-24T08:41:38.763+0000][1][safepoint    ] Total time for which application threads were stopped: 0.0000928 seconds, Stopping threads took: 0.0000455 seconds
[2019-06-24T08:41:38.763+0000][1][safepoint    ] Application time: 0.0000806 seconds
[2019-06-24T08:41:38.763+0000][1][safepoint    ] Entering safepoint region: RevokeBias
[2019-06-24T08:41:38.763+0000][1][safepoint    ] Leaving safepoint region
[2019-06-24T08:41:38.763+0000][1][safepoint    ] Total time for which application threads were stopped: 0.0000652 seconds, Stopping threads took: 0.0000270 seconds
[2019-06-24T08:41:38.763+0000][1][safepoint    ] Application time: 0.0000983 seconds
[2019-06-24T08:41:38.763+0000][1][safepoint    ] Entering safepoint region: RevokeBias
[2019-06-24T08:41:38.763+0000][1][safepoint    ] Leaving safepoint region
[2019-06-24T08:41:38.763+0000][1][safepoint    ] Total time for which application threads were stopped: 0.0000662 seconds, Stopping threads took: 0.0000269 seconds
[2019-06-24T08:41:38.763+0000][1][safepoint    ] Application time: 0.0000915 seconds
[2019-06-24T08:41:38.763+0000][1][safepoint    ] Entering safepoint region: RevokeBias
[2019-06-24T08:41:38.763+0000][1][safepoint    ] Leaving safepoint region
[2019-06-24T08:41:38.763+0000][1][safepoint    ] Total time for which application threads were stopped: 0.0000596 seconds, Stopping threads took: 0.0000264 seconds
[2019-06-24T08:41:38.763+0000][1][safepoint    ] Application time: 0.0000737 seconds
[2019-06-24T08:41:38.763+0000][1][safepoint    ] Entering safepoint region: RevokeBias
[2019-06-24T08:41:38.763+0000][1][safepoint    ] Leaving safepoint region
[2019-06-24T08:41:38.763+0000][1][safepoint    ] Total time for which application threads were stopped: 0.0000587 seconds, Stopping threads took: 0.0000268 seconds
[2019-06-24T08:41:38.763+0000][1][safepoint    ] Application time: 0.0000359 seconds
[2019-06-24T08:41:38.763+0000][1][safepoint    ] Entering safepoint region: RevokeBias
[2019-06-24T08:41:38.764+0000][1][safepoint    ] Leaving safepoint region
[2019-06-24T08:41:38.764+0000][1][safepoint    ] Total time for which application threads were stopped: 0.0000393 seconds, Stopping threads took: 0.0000088 seconds
[2019-06-24T08:41:38.830+0000][1][safepoint    ] Application time: 0.0660781 seconds
[2019-06-24T08:41:38.830+0000][1][safepoint    ] Entering safepoint region: RevokeBias
[2019-06-24T08:41:38.830+0000][1][safepoint    ] Leaving safepoint region
[2019-06-24T08:41:38.830+0000][1][safepoint    ] Total time for which application threads were stopped: 0.0000720 seconds, Stopping threads took: 0.0000155 seconds
[2019-06-24T08:41:38.830+0000][1][safepoint    ] Application time: 0.0001292 seconds
[2019-06-24T08:41:38.830+0000][1][safepoint    ] Entering safepoint region: BulkRevokeBias
[2019-06-24T08:41:38.830+0000][1][safepoint    ] Leaving safepoint region
[2019-06-24T08:41:38.830+0000][1][safepoint    ] Total time for which application threads were stopped: 0.0001012 seconds, Stopping threads took: 0.0000104 seconds
[2019-06-24T08:41:38.855+0000][1][safepoint    ] Application time: 0.0252783 seconds
[2019-06-24T08:41:38.855+0000][1][safepoint    ] Entering safepoint region: GenCollectForAllocation
[2019-06-24T08:41:38.855+0000][1][gc,start     ] GC(6) Pause Young (Allocation Failure)
[2019-06-24T08:41:38.855+0000][1][gc,task      ] GC(6) Using 5 workers of 8 for evacuation
[2019-06-24T08:41:38.858+0000][1][gc,age       ] GC(6) Desired survivor size 4456448 bytes, new threshold 2 (max threshold 6)
[2019-06-24T08:41:38.858+0000][1][gc,age       ] GC(6) Age table with threshold 2 (max threshold 6)
[2019-06-24T08:41:38.858+0000][1][gc,age       ] GC(6) - age   1:    2288200 bytes,    2288200 total
[2019-06-24T08:41:38.858+0000][1][gc,age       ] GC(6) - age   2:    2194048 bytes,    4482248 total
[2019-06-24T08:41:38.858+0000][1][gc,age       ] GC(6) - age   3:     446248 bytes,    4928496 total
[2019-06-24T08:41:38.858+0000][1][gc,heap      ] GC(6) ParNew: 76250K->5672K(78656K)
[2019-06-24T08:41:38.858+0000][1][gc,heap      ] GC(6) CMS: 11400K->11400K(174784K)
[2019-06-24T08:41:38.858+0000][1][gc,metaspace ] GC(6) Metaspace: 19098K->19098K(1067008K)
[2019-06-24T08:41:38.858+0000][1][gc           ] GC(6) Pause Young (Allocation Failure) 85M->16M(247M) 2.942ms
[2019-06-24T08:41:38.858+0000][1][gc,cpu       ] GC(6) User=0.01s Sys=0.00s Real=0.00s
[2019-06-24T08:41:38.858+0000][1][safepoint    ] Leaving safepoint region
[2019-06-24T08:41:38.858+0000][1][safepoint    ] Total time for which application threads were stopped: 0.0030723 seconds, Stopping threads took: 0.0000154 seconds
[2019-06-24T08:41:38.859+0000][1][safepoint    ] Application time: 0.0001641 seconds
[2019-06-24T08:41:38.859+0000][1][safepoint    ] Entering safepoint region: BulkRevokeBias
[2019-06-24T08:41:38.859+0000][1][safepoint    ] Leaving safepoint region
[2019-06-24T08:41:38.859+0000][1][safepoint    ] Total time for which application threads were stopped: 0.0001279 seconds, Stopping threads took: 0.0000373 seconds
[2019-06-24T08:41:38.994+0000][1][safepoint    ] Application time: 0.1350999 seconds
[2019-06-24T08:41:38.994+0000][1][safepoint    ] Entering safepoint region: GenCollectForAllocation
[2019-06-24T08:41:38.994+0000][1][gc,start     ] GC(7) Pause Young (Allocation Failure)
[2019-06-24T08:41:38.994+0000][1][gc,task      ] GC(7) Using 5 workers of 8 for evacuation
[2019-06-24T08:41:38.997+0000][1][gc,age       ] GC(7) Desired survivor size 4456448 bytes, new threshold 6 (max threshold 6)
[2019-06-24T08:41:38.997+0000][1][gc,age       ] GC(7) Age table with threshold 6 (max threshold 6)
[2019-06-24T08:41:38.997+0000][1][gc,age       ] GC(7) - age   1:     728864 bytes,     728864 total
[2019-06-24T08:41:38.997+0000][1][gc,age       ] GC(7) - age   2:    1131088 bytes,    1859952 total
[2019-06-24T08:41:38.997+0000][1][gc,heap      ] GC(7) ParNew: 75624K->4346K(78656K)
[2019-06-24T08:41:38.997+0000][1][gc,heap      ] GC(7) CMS: 11400K->13995K(174784K)
[2019-06-24T08:41:38.997+0000][1][gc,metaspace ] GC(7) Metaspace: 20122K->20122K(1067008K)
[2019-06-24T08:41:38.997+0000][1][gc           ] GC(7) Pause Young (Allocation Failure) 84M->17M(247M) 3.461ms
[2019-06-24T08:41:38.997+0000][1][gc,cpu       ] GC(7) User=0.03s Sys=0.00s Real=0.01s
[2019-06-24T08:41:38.997+0000][1][safepoint    ] Leaving safepoint region
[2019-06-24T08:41:38.997+0000][1][safepoint    ] Total time for which application threads were stopped: 0.0036334 seconds, Stopping threads took: 0.0000189 seconds
[2019-06-24T08:41:39.075+0000][1][safepoint    ] Application time: 0.0774031 seconds
[2019-06-24T08:41:39.075+0000][1][safepoint    ] Entering safepoint region: GenCollectForAllocation
[2019-06-24T08:41:39.075+0000][1][gc,start     ] GC(8) Pause Young (Allocation Failure)
[2019-06-24T08:41:39.075+0000][1][gc,task      ] GC(8) Using 5 workers of 8 for evacuation
[2019-06-24T08:41:39.077+0000][1][gc,age       ] GC(8) Desired survivor size 4456448 bytes, new threshold 6 (max threshold 6)
[2019-06-24T08:41:39.077+0000][1][gc,age       ] GC(8) Age table with threshold 6 (max threshold 6)
[2019-06-24T08:41:39.077+0000][1][gc,age       ] GC(8) - age   1:    1047816 bytes,    1047816 total
[2019-06-24T08:41:39.077+0000][1][gc,age       ] GC(8) - age   2:     709240 bytes,    1757056 total
[2019-06-24T08:41:39.077+0000][1][gc,age       ] GC(8) - age   3:    1131088 bytes,    2888144 total
[2019-06-24T08:41:39.077+0000][1][gc,heap      ] GC(8) ParNew: 74298K->3494K(78656K)
[2019-06-24T08:41:39.077+0000][1][gc,heap      ] GC(8) CMS: 13995K->13995K(174784K)
[2019-06-24T08:41:39.077+0000][1][gc,metaspace ] GC(8) Metaspace: 20148K->20148K(1069056K)
[2019-06-24T08:41:39.077+0000][1][gc           ] GC(8) Pause Young (Allocation Failure) 86M->17M(247M) 2.082ms
[2019-06-24T08:41:39.077+0000][1][gc,cpu       ] GC(8) User=0.01s Sys=0.00s Real=0.00s
[2019-06-24T08:41:39.077+0000][1][safepoint    ] Leaving safepoint region
[2019-06-24T08:41:39.077+0000][1][safepoint    ] Total time for which application threads were stopped: 0.0022334 seconds, Stopping threads took: 0.0000191 seconds
[2019-06-24T08:41:39.100+0000][1][safepoint    ] Application time: 0.0224293 seconds
[2019-06-24T08:41:39.100+0000][1][safepoint    ] Entering safepoint region: CollectForMetadataAllocation
[2019-06-24T08:41:39.100+0000][1][safepoint    ] Leaving safepoint region
[2019-06-24T08:41:39.100+0000][1][safepoint    ] Total time for which application threads were stopped: 0.0002284 seconds, Stopping threads took: 0.0000603 seconds
[2019-06-24T08:41:39.147+0000][1][safepoint    ] Application time: 0.0473300 seconds
[2019-06-24T08:41:39.147+0000][1][safepoint    ] Entering safepoint region: GenCollectForAllocation
[2019-06-24T08:41:39.147+0000][1][gc,start     ] GC(9) Pause Young (Allocation Failure)
[2019-06-24T08:41:39.147+0000][1][gc,task      ] GC(9) Using 5 workers of 8 for evacuation
[2019-06-24T08:41:39.149+0000][1][gc,age       ] GC(9) Desired survivor size 4456448 bytes, new threshold 6 (max threshold 6)
[2019-06-24T08:41:39.149+0000][1][gc,age       ] GC(9) Age table with threshold 6 (max threshold 6)
[2019-06-24T08:41:39.149+0000][1][gc,age       ] GC(9) - age   1:     818096 bytes,     818096 total
[2019-06-24T08:41:39.149+0000][1][gc,age       ] GC(9) - age   2:     290552 bytes,    1108648 total
[2019-06-24T08:41:39.149+0000][1][gc,age       ] GC(9) - age   3:     709120 bytes,    1817768 total
[2019-06-24T08:41:39.149+0000][1][gc,age       ] GC(9) - age   4:    1131088 bytes,    2948856 total
[2019-06-24T08:41:39.149+0000][1][gc,heap      ] GC(9) ParNew: 73446K->3487K(78656K)
[2019-06-24T08:41:39.149+0000][1][gc,heap      ] GC(9) CMS: 13995K->13995K(174784K)
[2019-06-24T08:41:39.149+0000][1][gc,metaspace ] GC(9) Metaspace: 20266K->20266K(1069056K)
[2019-06-24T08:41:39.149+0000][1][gc           ] GC(9) Pause Young (Allocation Failure) 85M->17M(247M) 1.991ms
[2019-06-24T08:41:39.149+0000][1][gc,cpu       ] GC(9) User=0.01s Sys=0.00s Real=0.00s
[2019-06-24T08:41:39.149+0000][1][safepoint    ] Leaving safepoint region
[2019-06-24T08:41:39.149+0000][1][safepoint    ] Total time for which application threads were stopped: 0.0021329 seconds, Stopping threads took: 0.0000419 seconds
[2019-06-24T08:41:39.149+0000][1][safepoint    ] Application time: 0.0000979 seconds
[2019-06-24T08:41:39.150+0000][1][safepoint    ] Entering safepoint region: CMS_Initial_Mark
[2019-06-24T08:41:39.150+0000][1][gc,start     ] GC(10) Pause Initial Mark
[2019-06-24T08:41:39.150+0000][1][gc           ] GC(10) Pause Initial Mark 18M->18M(247M) 0.538ms
[2019-06-24T08:41:39.150+0000][1][gc,cpu       ] GC(10) User=0.00s Sys=0.00s Real=0.00s
[2019-06-24T08:41:39.150+0000][1][safepoint    ] Leaving safepoint region
[2019-06-24T08:41:39.150+0000][1][safepoint    ] Total time for which application threads were stopped: 0.0006844 seconds, Stopping threads took: 0.0000803 seconds
[2019-06-24T08:41:39.150+0000][1][gc           ] GC(10) Concurrent Mark
[2019-06-24T08:41:39.150+0000][1][gc,task      ] GC(10) Using 2 workers of 2 for marking
[2019-06-24T08:41:39.164+0000][1][gc           ] GC(10) Concurrent Mark 13.695ms
[2019-06-24T08:41:39.164+0000][1][gc,cpu       ] GC(10) User=0.08s Sys=0.00s Real=0.02s
[2019-06-24T08:41:39.164+0000][1][gc           ] GC(10) Concurrent Preclean
[2019-06-24T08:41:39.165+0000][1][gc           ] GC(10) Concurrent Preclean 0.868ms
[2019-06-24T08:41:39.165+0000][1][gc,cpu       ] GC(10) User=0.00s Sys=0.00s Real=0.00s
[2019-06-24T08:41:39.165+0000][1][gc           ] GC(10) Concurrent Abortable Preclean
[2019-06-24T08:41:39.221+0000][1][safepoint    ] Application time: 0.0709697 seconds
[2019-06-24T08:41:39.221+0000][1][safepoint    ] Entering safepoint region: CollectForMetadataAllocation
[2019-06-24T08:41:39.221+0000][1][safepoint    ] Leaving safepoint region
[2019-06-24T08:41:39.221+0000][1][safepoint    ] Total time for which application threads were stopped: 0.0002270 seconds, Stopping threads took: 0.0000440 seconds
[2019-06-24T08:41:39.233+0000][1][safepoint    ] Application time: 0.0115068 seconds
[2019-06-24T08:41:39.233+0000][1][safepoint    ] Entering safepoint region: GenCollectForAllocation
[2019-06-24T08:41:39.233+0000][1][gc,start     ] GC(11) Pause Young (Allocation Failure)
[2019-06-24T08:41:39.233+0000][1][gc,task      ] GC(11) Using 5 workers of 8 for evacuation
[2019-06-24T08:41:39.236+0000][1][gc,age       ] GC(11) Desired survivor size 4456448 bytes, new threshold 5 (max threshold 6)
[2019-06-24T08:41:39.236+0000][1][gc,age       ] GC(11) Age table with threshold 5 (max threshold 6)
[2019-06-24T08:41:39.236+0000][1][gc,age       ] GC(11) - age   1:    2228056 bytes,    2228056 total
[2019-06-24T08:41:39.236+0000][1][gc,age       ] GC(11) - age   2:      99312 bytes,    2327368 total
[2019-06-24T08:41:39.236+0000][1][gc,age       ] GC(11) - age   3:     290552 bytes,    2617920 total
[2019-06-24T08:41:39.236+0000][1][gc,age       ] GC(11) - age   4:     708968 bytes,    3326888 total
[2019-06-24T08:41:39.236+0000][1][gc,age       ] GC(11) - age   5:    1130800 bytes,    4457688 total
[2019-06-24T08:41:39.236+0000][1][gc,heap      ] GC(11) ParNew: 73439K->5847K(78656K)
[2019-06-24T08:41:39.236+0000][1][gc,heap      ] GC(11) CMS: 13995K->13995K(174784K)
[2019-06-24T08:41:39.236+0000][1][gc,metaspace ] GC(11) Metaspace: 20350K->20350K(1069056K)
[2019-06-24T08:41:39.236+0000][1][gc           ] GC(11) Pause Young (Allocation Failure) 85M->19M(247M) 3.209ms
[2019-06-24T08:41:39.236+0000][1][gc,cpu       ] GC(11) User=0.03s Sys=0.00s Real=0.01s
[2019-06-24T08:41:39.236+0000][1][safepoint    ] Leaving safepoint region
[2019-06-24T08:41:39.236+0000][1][safepoint    ] Total time for which application threads were stopped: 0.0033393 seconds, Stopping threads took: 0.0000158 seconds
[2019-06-24T08:41:39.286+0000][1][safepoint    ] Application time: 0.0500629 seconds
[2019-06-24T08:41:39.286+0000][1][safepoint    ] Entering safepoint region: CollectForMetadataAllocation
[2019-06-24T08:41:39.287+0000][1][safepoint    ] Leaving safepoint region
[2019-06-24T08:41:39.287+0000][1][safepoint    ] Total time for which application threads were stopped: 0.0001941 seconds, Stopping threads took: 0.0000110 seconds
[2019-06-24T08:41:39.294+0000][1][safepoint    ] Application time: 0.0068800 seconds
[2019-06-24T08:41:39.294+0000][1][safepoint    ] Entering safepoint region: Deoptimize
[2019-06-24T08:41:39.294+0000][1][safepoint    ] Leaving safepoint region
[2019-06-24T08:41:39.294+0000][1][safepoint    ] Total time for which application threads were stopped: 0.0002661 seconds, Stopping threads took: 0.0000095 seconds
[2019-06-24T08:41:39.323+0000][1][safepoint    ] Application time: 0.0289975 seconds
[2019-06-24T08:41:39.323+0000][1][safepoint    ] Entering safepoint region: CollectForMetadataAllocation
[2019-06-24T08:41:39.323+0000][1][safepoint    ] Leaving safepoint region
[2019-06-24T08:41:39.323+0000][1][safepoint    ] Total time for which application threads were stopped: 0.0002091 seconds, Stopping threads took: 0.0000166 seconds
[2019-06-24T08:41:39.345+0000][1][safepoint    ] Application time: 0.0214365 seconds
[2019-06-24T08:41:39.345+0000][1][safepoint    ] Entering safepoint region: CollectForMetadataAllocation
[2019-06-24T08:41:39.345+0000][1][safepoint    ] Leaving safepoint region
[2019-06-24T08:41:39.345+0000][1][safepoint    ] Total time for which application threads were stopped: 0.0001456 seconds, Stopping threads took: 0.0000152 seconds
[2019-06-24T08:41:39.345+0000][1][gc           ] GC(10) Concurrent Abortable Preclean 179.839ms
[2019-06-24T08:41:39.345+0000][1][gc,cpu       ] GC(10) User=0.80s Sys=0.03s Real=0.18s
[2019-06-24T08:41:39.345+0000][1][safepoint    ] Application time: 0.0001298 seconds
[2019-06-24T08:41:39.345+0000][1][safepoint    ] Entering safepoint region: CMS_Final_Remark
[2019-06-24T08:41:39.345+0000][1][gc,start     ] GC(10) Pause Remark
[2019-06-24T08:41:39.355+0000][1][gc           ] GC(10) Pause Remark 56M->56M(247M) 9.734ms
[2019-06-24T08:41:39.355+0000][1][gc,cpu       ] GC(10) User=0.05s Sys=0.00s Real=0.01s
[2019-06-24T08:41:39.355+0000][1][safepoint    ] Leaving safepoint region
[2019-06-24T08:41:39.355+0000][1][safepoint    ] Total time for which application threads were stopped: 0.0099509 seconds, Stopping threads took: 0.0001159 seconds
[2019-06-24T08:41:39.355+0000][1][gc           ] GC(10) Concurrent Sweep
[2019-06-24T08:41:39.362+0000][1][gc           ] GC(10) Concurrent Sweep 6.968ms
[2019-06-24T08:41:39.362+0000][1][gc,cpu       ] GC(10) User=0.03s Sys=0.00s Real=0.00s
[2019-06-24T08:41:39.362+0000][1][gc           ] GC(10) Concurrent Reset
[2019-06-24T08:41:39.362+0000][1][gc           ] GC(10) Concurrent Reset 0.400ms
[2019-06-24T08:41:39.362+0000][1][gc,cpu       ] GC(10) User=0.00s Sys=0.00s Real=0.00s
[2019-06-24T08:41:39.362+0000][1][gc,heap      ] GC(10) Old: 13995K->13968K(174784K)
[2019-06-24T08:41:39.681+0000][1][safepoint    ] Application time: 0.3258563 seconds
[2019-06-24T08:41:39.681+0000][1][safepoint    ] Entering safepoint region: Deoptimize
[2019-06-24T08:41:39.682+0000][1][safepoint    ] Leaving safepoint region
[2019-06-24T08:41:39.682+0000][1][safepoint    ] Total time for which application threads were stopped: 0.0012817 seconds, Stopping threads took: 0.0000177 seconds
[2019-06-24T08:41:39.694+0000][1][safepoint    ] Application time: 0.0124301 seconds
[2019-06-24T08:41:39.694+0000][1][safepoint    ] Entering safepoint region: RevokeBias
[2019-06-24T08:41:39.695+0000][1][safepoint    ] Leaving safepoint region
[2019-06-24T08:41:39.695+0000][1][safepoint    ] Total time for which application threads were stopped: 0.0001115 seconds, Stopping threads took: 0.0000469 seconds
[2019-06-24T08:41:39.695+0000][1][safepoint    ] Application time: 0.0004319 seconds
[2019-06-24T08:41:39.695+0000][1][safepoint    ] Entering safepoint region: Deoptimize
[2019-06-24T08:41:39.695+0000][1][safepoint    ] Leaving safepoint region
[2019-06-24T08:41:39.695+0000][1][safepoint    ] Total time for which application threads were stopped: 0.0002885 seconds, Stopping threads took: 0.0000090 seconds
[2019-06-24T08:41:39.700+0000][1][safepoint    ] Application time: 0.0049113 seconds
[2019-06-24T08:41:39.700+0000][1][safepoint    ] Entering safepoint region: Deoptimize
[2019-06-24T08:41:39.701+0000][1][safepoint    ] Leaving safepoint region
[2019-06-24T08:41:39.701+0000][1][safepoint    ] Total time for which application threads were stopped: 0.0004989 seconds, Stopping threads took: 0.0000188 seconds
[2019-06-24T08:41:39.884+0000][1][safepoint    ] Application time: 0.1836545 seconds
[2019-06-24T08:41:39.884+0000][1][safepoint    ] Entering safepoint region: GenCollectForAllocation
[2019-06-24T08:41:39.885+0000][1][gc,start     ] GC(12) Pause Young (Allocation Failure)
[2019-06-24T08:41:39.885+0000][1][gc,task      ] GC(12) Using 5 workers of 8 for evacuation
[2019-06-24T08:41:39.893+0000][1][gc,age       ] GC(12) Desired survivor size 4456448 bytes, new threshold 1 (max threshold 6)
[2019-06-24T08:41:39.893+0000][1][gc,age       ] GC(12) Age table with threshold 1 (max threshold 6)
[2019-06-24T08:41:39.893+0000][1][gc,age       ] GC(12) - age   1:    5270728 bytes,    5270728 total
[2019-06-24T08:41:39.893+0000][1][gc,age       ] GC(12) - age   2:     344872 bytes,    5615600 total
[2019-06-24T08:41:39.893+0000][1][gc,age       ] GC(12) - age   3:      99048 bytes,    5714648 total
[2019-06-24T08:41:39.893+0000][1][gc,age       ] GC(12) - age   4:     290456 bytes,    6005104 total
[2019-06-24T08:41:39.893+0000][1][gc,age       ] GC(12) - age   5:     703608 bytes,    6708712 total
[2019-06-24T08:41:39.893+0000][1][gc,heap      ] GC(12) ParNew: 75799K->7397K(78656K)
[2019-06-24T08:41:39.893+0000][1][gc,heap      ] GC(12) CMS: 13968K->15077K(174784K)
[2019-06-24T08:41:39.893+0000][1][gc,metaspace ] GC(12) Metaspace: 26410K->26410K(1073152K)
[2019-06-24T08:41:39.893+0000][1][gc           ] GC(12) Pause Young (Allocation Failure) 87M->21M(247M) 8.270ms
[2019-06-24T08:41:39.893+0000][1][gc,cpu       ] GC(12) User=0.06s Sys=0.00s Real=0.00s
[2019-06-24T08:41:39.893+0000][1][safepoint    ] Leaving safepoint region
[2019-06-24T08:41:39.893+0000][1][safepoint    ] Total time for which application threads were stopped: 0.0085448 seconds, Stopping threads took: 0.0000172 seconds
[2019-06-24T08:41:40.454+0000][1][safepoint    ] Application time: 0.5606318 seconds
[2019-06-24T08:41:40.454+0000][1][safepoint    ] Entering safepoint region: GenCollectForAllocation
[2019-06-24T08:41:40.454+0000][1][gc,start     ] GC(13) Pause Young (Allocation Failure)
[2019-06-24T08:41:40.454+0000][1][gc,task      ] GC(13) Using 5 workers of 8 for evacuation
[2019-06-24T08:41:40.473+0000][1][gc,age       ] GC(13) Desired survivor size 4456448 bytes, new threshold 1 (max threshold 6)
[2019-06-24T08:41:40.474+0000][1][gc,age       ] GC(13) Age table with threshold 1 (max threshold 6)
[2019-06-24T08:41:40.474+0000][1][gc,age       ] GC(13) - age   1:    8912672 bytes,    8912672 total
[2019-06-24T08:41:40.474+0000][1][gc,heap      ] GC(13) ParNew: 77349K->8704K(78656K)
[2019-06-24T08:41:40.474+0000][1][gc,heap      ] GC(13) CMS: 15077K->25947K(174784K)
[2019-06-24T08:41:40.474+0000][1][gc,metaspace ] GC(13) Metaspace: 26852K->26852K(1075200K)
[2019-06-24T08:41:40.474+0000][1][gc           ] GC(13) Pause Young (Allocation Failure) 90M->33M(247M) 19.690ms
[2019-06-24T08:41:40.474+0000][1][gc,cpu       ] GC(13) User=0.13s Sys=0.00s Real=0.02s
[2019-06-24T08:41:40.474+0000][1][safepoint    ] Leaving safepoint region
[2019-06-24T08:41:40.474+0000][1][safepoint    ] Total time for which application threads were stopped: 0.0198886 seconds, Stopping threads took: 0.0000238 seconds
[2019-06-24T08:41:40.536+0000][1][safepoint    ] Application time: 0.0619360 seconds
[2019-06-24T08:41:40.536+0000][1][safepoint    ] Entering safepoint region: RevokeBias
[2019-06-24T08:41:40.536+0000][1][safepoint    ] Leaving safepoint region
[2019-06-24T08:41:40.536+0000][1][safepoint    ] Total time for which application threads were stopped: 0.0000824 seconds, Stopping threads took: 0.0000158 seconds
[2019-06-24T08:41:40.736+0000][1][safepoint    ] Application time: 0.2005665 seconds
[2019-06-24T08:41:40.736+0000][1][safepoint    ] Entering safepoint region: Deoptimize
[2019-06-24T08:41:40.737+0000][1][safepoint    ] Leaving safepoint region
[2019-06-24T08:41:40.737+0000][1][safepoint    ] Total time for which application threads were stopped: 0.0004806 seconds, Stopping threads took: 0.0000204 seconds
[2019-06-24T08:41:40.879+0000][1][safepoint    ] Application time: 0.1426752 seconds
[2019-06-24T08:41:40.880+0000][1][safepoint    ] Entering safepoint region: GenCollectForAllocation
[2019-06-24T08:41:40.880+0000][1][gc,start     ] GC(14) Pause Young (Allocation Failure)
[2019-06-24T08:41:40.880+0000][1][gc,task      ] GC(14) Using 5 workers of 8 for evacuation
[2019-06-24T08:41:40.899+0000][1][gc,age       ] GC(14) Desired survivor size 4456448 bytes, new threshold 1 (max threshold 6)
[2019-06-24T08:41:40.900+0000][1][gc,age       ] GC(14) Age table with threshold 1 (max threshold 6)
[2019-06-24T08:41:40.900+0000][1][gc,age       ] GC(14) - age   1:    8912656 bytes,    8912656 total
[2019-06-24T08:41:40.900+0000][1][gc,heap      ] GC(14) ParNew: 78656K->8704K(78656K)
[2019-06-24T08:41:40.900+0000][1][gc,heap      ] GC(14) CMS: 25947K->40164K(174784K)
[2019-06-24T08:41:40.900+0000][1][gc,metaspace ] GC(14) Metaspace: 26975K->26975K(1075200K)
[2019-06-24T08:41:40.900+0000][1][gc           ] GC(14) Pause Young (Allocation Failure) 102M->47M(247M) 19.864ms
[2019-06-24T08:41:40.900+0000][1][gc,cpu       ] GC(14) User=0.13s Sys=0.00s Real=0.02s
[2019-06-24T08:41:40.900+0000][1][safepoint    ] Leaving safepoint region
[2019-06-24T08:41:40.900+0000][1][safepoint    ] Total time for which application threads were stopped: 0.0200604 seconds, Stopping threads took: 0.0000269 seconds
[2019-06-24T08:41:41.088+0000][1][safepoint    ] Application time: 0.1885377 seconds
[2019-06-24T08:41:41.088+0000][1][safepoint    ] Entering safepoint region: RevokeBias
[2019-06-24T08:41:41.088+0000][1][safepoint    ] Leaving safepoint region
[2019-06-24T08:41:41.088+0000][1][safepoint    ] Total time for which application threads were stopped: 0.0001122 seconds, Stopping threads took: 0.0000165 seconds
[2019-06-24T08:41:41.269+0000][1][safepoint    ] Application time: 0.1807541 seconds
[2019-06-24T08:41:41.269+0000][1][safepoint    ] Entering safepoint region: RevokeBias
[2019-06-24T08:41:41.269+0000][1][safepoint    ] Leaving safepoint region
[2019-06-24T08:41:41.269+0000][1][safepoint    ] Total time for which application threads were stopped: 0.0001227 seconds, Stopping threads took: 0.0000181 seconds
[2019-06-24T08:41:41.312+0000][1][safepoint    ] Application time: 0.0425761 seconds
[2019-06-24T08:41:41.312+0000][1][safepoint    ] Entering safepoint region: RevokeBias
[2019-06-24T08:41:41.312+0000][1][safepoint    ] Leaving safepoint region
[2019-06-24T08:41:41.312+0000][1][safepoint    ] Total time for which application threads were stopped: 0.0000861 seconds, Stopping threads took: 0.0000150 seconds
[2019-06-24T08:41:41.321+0000][1][safepoint    ] Application time: 0.0093914 seconds
[2019-06-24T08:41:41.321+0000][1][safepoint    ] Entering safepoint region: RevokeBias
[2019-06-24T08:41:41.322+0000][1][safepoint    ] Leaving safepoint region
[2019-06-24T08:41:41.322+0000][1][safepoint    ] Total time for which application threads were stopped: 0.0000980 seconds, Stopping threads took: 0.0000354 seconds
[2019-06-24T08:41:41.463+0000][1][safepoint    ] Application time: 0.1413407 seconds
[2019-06-24T08:41:41.463+0000][1][safepoint    ] Entering safepoint region: GenCollectForAllocation
[2019-06-24T08:41:41.463+0000][1][gc,start     ] GC(15) Pause Young (Allocation Failure)
[2019-06-24T08:41:41.463+0000][1][gc,task      ] GC(15) Using 5 workers of 8 for evacuation
[2019-06-24T08:41:41.483+0000][1][gc,age       ] GC(15) Desired survivor size 4456448 bytes, new threshold 1 (max threshold 6)
[2019-06-24T08:41:41.483+0000][1][gc,age       ] GC(15) Age table with threshold 1 (max threshold 6)
[2019-06-24T08:41:41.483+0000][1][gc,age       ] GC(15) - age   1:    6343056 bytes,    6343056 total
[2019-06-24T08:41:41.483+0000][1][gc,heap      ] GC(15) ParNew: 78656K->8704K(78656K)
[2019-06-24T08:41:41.483+0000][1][gc,heap      ] GC(15) CMS: 40164K->49936K(174784K)
[2019-06-24T08:41:41.483+0000][1][gc,metaspace ] GC(15) Metaspace: 32736K->32736K(1079296K)
[2019-06-24T08:41:41.483+0000][1][gc           ] GC(15) Pause Young (Allocation Failure) 116M->57M(247M) 20.045ms
[2019-06-24T08:41:41.483+0000][1][gc,cpu       ] GC(15) User=0.13s Sys=0.00s Real=0.02s
[2019-06-24T08:41:41.483+0000][1][safepoint    ] Leaving safepoint region
[2019-06-24T08:41:41.483+0000][1][safepoint    ] Total time for which application threads were stopped: 0.0202037 seconds, Stopping threads took: 0.0000200 seconds
[2019-06-24T08:41:41.565+0000][1][safepoint    ] Application time: 0.0815453 seconds
[2019-06-24T08:41:41.565+0000][1][safepoint    ] Entering safepoint region: GenCollectForAllocation
[2019-06-24T08:41:41.565+0000][1][gc,start     ] GC(16) Pause Young (Allocation Failure)
[2019-06-24T08:41:41.565+0000][1][gc,task      ] GC(16) Using 5 workers of 8 for evacuation
[2019-06-24T08:41:41.573+0000][1][gc,age       ] GC(16) Desired survivor size 4456448 bytes, new threshold 6 (max threshold 6)
[2019-06-24T08:41:41.573+0000][1][gc,age       ] GC(16) Age table with threshold 6 (max threshold 6)
[2019-06-24T08:41:41.573+0000][1][gc,age       ] GC(16) - age   1:     253904 bytes,     253904 total
[2019-06-24T08:41:41.573+0000][1][gc,heap      ] GC(16) ParNew: 78656K->6775K(78656K)
[2019-06-24T08:41:41.573+0000][1][gc,heap      ] GC(16) CMS: 49936K->56143K(174784K)
[2019-06-24T08:41:41.573+0000][1][gc,metaspace ] GC(16) Metaspace: 32960K->32960K(1079296K)
[2019-06-24T08:41:41.573+0000][1][gc           ] GC(16) Pause Young (Allocation Failure) 125M->61M(247M) 7.765ms
[2019-06-24T08:41:41.573+0000][1][gc,cpu       ] GC(16) User=0.06s Sys=0.00s Real=0.00s
[2019-06-24T08:41:41.573+0000][1][safepoint    ] Leaving safepoint region
[2019-06-24T08:41:41.573+0000][1][safepoint    ] Total time for which application threads were stopped: 0.0079228 seconds, Stopping threads took: 0.0000165 seconds
[2019-06-24T08:41:41.848+0000][1][safepoint    ] Application time: 0.2756634 seconds
[2019-06-24T08:41:41.848+0000][1][safepoint    ] Entering safepoint region: CollectForMetadataAllocation
[2019-06-24T08:41:41.849+0000][1][safepoint    ] Leaving safepoint region
[2019-06-24T08:41:41.849+0000][1][safepoint    ] Total time for which application threads were stopped: 0.0002492 seconds, Stopping threads took: 0.0000178 seconds
[2019-06-24T08:41:41.863+0000][1][safepoint    ] Application time: 0.0147163 seconds
[2019-06-24T08:41:41.863+0000][1][safepoint    ] Entering safepoint region: CollectForMetadataAllocation
[2019-06-24T08:41:41.864+0000][1][safepoint    ] Leaving safepoint region
[2019-06-24T08:41:41.864+0000][1][safepoint    ] Total time for which application threads were stopped: 0.0001988 seconds, Stopping threads took: 0.0000269 seconds
[2019-06-24T08:41:41.883+0000][1][safepoint    ] Application time: 0.0193096 seconds
[2019-06-24T08:41:41.883+0000][1][safepoint    ] Entering safepoint region: CollectForMetadataAllocation
[2019-06-24T08:41:41.883+0000][1][safepoint    ] Leaving safepoint region
[2019-06-24T08:41:41.883+0000][1][safepoint    ] Total time for which application threads were stopped: 0.0001884 seconds, Stopping threads took: 0.0000411 seconds
[2019-06-24T08:41:41.902+0000][1][safepoint    ] Application time: 0.0191156 seconds
[2019-06-24T08:41:41.902+0000][1][safepoint    ] Entering safepoint region: CollectForMetadataAllocation
[2019-06-24T08:41:41.903+0000][1][safepoint    ] Leaving safepoint region
[2019-06-24T08:41:41.903+0000][1][safepoint    ] Total time for which application threads were stopped: 0.0002326 seconds, Stopping threads took: 0.0000176 seconds
[2019-06-24T08:41:41.918+0000][1][safepoint    ] Application time: 0.0150826 seconds
[2019-06-24T08:41:41.918+0000][1][safepoint    ] Entering safepoint region: CollectForMetadataAllocation
[2019-06-24T08:41:41.918+0000][1][safepoint    ] Leaving safepoint region
[2019-06-24T08:41:41.918+0000][1][safepoint    ] Total time for which application threads were stopped: 0.0002389 seconds, Stopping threads took: 0.0000440 seconds
[2019-06-24T08:41:41.925+0000][1][safepoint    ] Application time: 0.0075386 seconds
[2019-06-24T08:41:41.925+0000][1][safepoint    ] Entering safepoint region: RevokeBias
[2019-06-24T08:41:41.926+0000][1][safepoint    ] Leaving safepoint region
[2019-06-24T08:41:41.926+0000][1][safepoint    ] Total time for which application threads were stopped: 0.0001377 seconds, Stopping threads took: 0.0000169 seconds
[2019-06-24T08:41:41.968+0000][1][safepoint    ] Application time: 0.0425138 seconds
[2019-06-24T08:41:41.968+0000][1][safepoint    ] Entering safepoint region: CollectForMetadataAllocation
[2019-06-24T08:41:41.968+0000][1][safepoint    ] Leaving safepoint region
[2019-06-24T08:41:41.968+0000][1][safepoint    ] Total time for which application threads were stopped: 0.0001931 seconds, Stopping threads took: 0.0000179 seconds
[2019-06-24T08:41:41.988+0000][1][safepoint    ] Application time: 0.0193901 seconds
[2019-06-24T08:41:41.988+0000][1][safepoint    ] Entering safepoint region: CollectForMetadataAllocation
[2019-06-24T08:41:41.988+0000][1][safepoint    ] Leaving safepoint region
[2019-06-24T08:41:41.988+0000][1][safepoint    ] Total time for which application threads were stopped: 0.0001950 seconds, Stopping threads took: 0.0000149 seconds
[2019-06-24T08:41:42.004+0000][1][safepoint    ] Application time: 0.0158689 seconds
[2019-06-24T08:41:42.004+0000][1][safepoint    ] Entering safepoint region: CollectForMetadataAllocation
[2019-06-24T08:41:42.004+0000][1][safepoint    ] Leaving safepoint region
[2019-06-24T08:41:42.004+0000][1][safepoint    ] Total time for which application threads were stopped: 0.0002186 seconds, Stopping threads took: 0.0000156 seconds
[2019-06-24T08:41:42.024+0000][1][safepoint    ] Application time: 0.0199133 seconds
[2019-06-24T08:41:42.024+0000][1][safepoint    ] Entering safepoint region: CollectForMetadataAllocation
[2019-06-24T08:41:42.024+0000][1][safepoint    ] Leaving safepoint region
[2019-06-24T08:41:42.024+0000][1][safepoint    ] Total time for which application threads were stopped: 0.0001841 seconds, Stopping threads took: 0.0000156 seconds
[2019-06-24T08:41:42.046+0000][1][safepoint    ] Application time: 0.0212047 seconds
[2019-06-24T08:41:42.046+0000][1][safepoint    ] Entering safepoint region: CollectForMetadataAllocation
[2019-06-24T08:41:42.046+0000][1][safepoint    ] Leaving safepoint region
[2019-06-24T08:41:42.046+0000][1][safepoint    ] Total time for which application threads were stopped: 0.0002376 seconds, Stopping threads took: 0.0000350 seconds
[2019-06-24T08:41:42.061+0000][1][safepoint    ] Application time: 0.0149973 seconds
[2019-06-24T08:41:42.061+0000][1][safepoint    ] Entering safepoint region: CollectForMetadataAllocation
[2019-06-24T08:41:42.061+0000][1][safepoint    ] Leaving safepoint region
[2019-06-24T08:41:42.061+0000][1][safepoint    ] Total time for which application threads were stopped: 0.0001857 seconds, Stopping threads took: 0.0000151 seconds
[2019-06-24T08:41:42.081+0000][1][safepoint    ] Application time: 0.0195457 seconds
[2019-06-24T08:41:42.081+0000][1][safepoint    ] Entering safepoint region: CollectForMetadataAllocation
[2019-06-24T08:41:42.081+0000][1][safepoint    ] Leaving safepoint region
[2019-06-24T08:41:42.081+0000][1][safepoint    ] Total time for which application threads were stopped: 0.0001867 seconds, Stopping threads took: 0.0000159 seconds
[2019-06-24T08:41:42.098+0000][1][safepoint    ] Application time: 0.0167530 seconds
[2019-06-24T08:41:42.098+0000][1][safepoint    ] Entering safepoint region: CollectForMetadataAllocation
[2019-06-24T08:41:42.098+0000][1][safepoint    ] Leaving safepoint region
[2019-06-24T08:41:42.098+0000][1][safepoint    ] Total time for which application threads were stopped: 0.0002012 seconds, Stopping threads took: 0.0000156 seconds
[2019-06-24T08:41:42.118+0000][1][safepoint    ] Application time: 0.0200113 seconds
[2019-06-24T08:41:42.118+0000][1][safepoint    ] Entering safepoint region: CollectForMetadataAllocation
[2019-06-24T08:41:42.118+0000][1][safepoint    ] Leaving safepoint region
[2019-06-24T08:41:42.118+0000][1][safepoint    ] Total time for which application threads were stopped: 0.0001938 seconds, Stopping threads took: 0.0000157 seconds
[2019-06-24T08:41:42.138+0000][1][safepoint    ] Application time: 0.0203021 seconds
[2019-06-24T08:41:42.138+0000][1][safepoint    ] Entering safepoint region: CollectForMetadataAllocation
[2019-06-24T08:41:42.139+0000][1][safepoint    ] Leaving safepoint region
[2019-06-24T08:41:42.139+0000][1][safepoint    ] Total time for which application threads were stopped: 0.0002286 seconds, Stopping threads took: 0.0000266 seconds
[2019-06-24T08:41:42.155+0000][1][safepoint    ] Application time: 0.0164705 seconds
[2019-06-24T08:41:42.155+0000][1][safepoint    ] Entering safepoint region: CollectForMetadataAllocation
[2019-06-24T08:41:42.155+0000][1][safepoint    ] Leaving safepoint region
[2019-06-24T08:41:42.155+0000][1][safepoint    ] Total time for which application threads were stopped: 0.0002010 seconds, Stopping threads took: 0.0000155 seconds
[2019-06-24T08:41:42.172+0000][1][safepoint    ] Application time: 0.0167144 seconds
[2019-06-24T08:41:42.172+0000][1][safepoint    ] Entering safepoint region: CollectForMetadataAllocation
[2019-06-24T08:41:42.172+0000][1][safepoint    ] Leaving safepoint region
[2019-06-24T08:41:42.172+0000][1][safepoint    ] Total time for which application threads were stopped: 0.0001669 seconds, Stopping threads took: 0.0000173 seconds
[2019-06-24T08:41:42.198+0000][1][safepoint    ] Application time: 0.0252645 seconds
[2019-06-24T08:41:42.198+0000][1][safepoint    ] Entering safepoint region: CollectForMetadataAllocation
[2019-06-24T08:41:42.198+0000][1][safepoint    ] Leaving safepoint region
[2019-06-24T08:41:42.198+0000][1][safepoint    ] Total time for which application threads were stopped: 0.0002011 seconds, Stopping threads took: 0.0000164 seconds
[2019-06-24T08:41:42.220+0000][1][safepoint    ] Application time: 0.0226290 seconds
[2019-06-24T08:41:42.220+0000][1][safepoint    ] Entering safepoint region: CollectForMetadataAllocation
[2019-06-24T08:41:42.221+0000][1][safepoint    ] Leaving safepoint region
[2019-06-24T08:41:42.221+0000][1][safepoint    ] Total time for which application threads were stopped: 0.0001404 seconds, Stopping threads took: 0.0000191 seconds
[2019-06-24T08:41:42.247+0000][1][safepoint    ] Application time: 0.0258731 seconds
[2019-06-24T08:41:42.247+0000][1][safepoint    ] Entering safepoint region: CollectForMetadataAllocation
[2019-06-24T08:41:42.247+0000][1][safepoint    ] Leaving safepoint region
[2019-06-24T08:41:42.247+0000][1][safepoint    ] Total time for which application threads were stopped: 0.0001820 seconds, Stopping threads took: 0.0000342 seconds
[2019-06-24T08:41:42.257+0000][1][safepoint    ] Application time: 0.0101473 seconds
[2019-06-24T08:41:42.257+0000][1][safepoint    ] Entering safepoint region: CollectForMetadataAllocation
[2019-06-24T08:41:42.257+0000][1][safepoint    ] Leaving safepoint region
[2019-06-24T08:41:42.257+0000][1][safepoint    ] Total time for which application threads were stopped: 0.0001998 seconds, Stopping threads took: 0.0000174 seconds
[2019-06-24T08:41:42.276+0000][1][safepoint    ] Application time: 0.0188781 seconds
[2019-06-24T08:41:42.276+0000][1][safepoint    ] Entering safepoint region: CollectForMetadataAllocation
[2019-06-24T08:41:42.276+0000][1][safepoint    ] Leaving safepoint region
[2019-06-24T08:41:42.276+0000][1][safepoint    ] Total time for which application threads were stopped: 0.0001997 seconds, Stopping threads took: 0.0000179 seconds
[2019-06-24T08:41:42.280+0000][1][safepoint    ] Application time: 0.0040946 seconds
[2019-06-24T08:41:42.280+0000][1][safepoint    ] Entering safepoint region: RevokeBias
[2019-06-24T08:41:42.280+0000][1][safepoint    ] Leaving safepoint region
[2019-06-24T08:41:42.280+0000][1][safepoint    ] Total time for which application threads were stopped: 0.0001063 seconds, Stopping threads took: 0.0000423 seconds
[2019-06-24T08:41:42.301+0000][1][safepoint    ] Application time: 0.0206452 seconds
[2019-06-24T08:41:42.301+0000][1][safepoint    ] Entering safepoint region: CollectForMetadataAllocation
[2019-06-24T08:41:42.301+0000][1][safepoint    ] Leaving safepoint region
[2019-06-24T08:41:42.301+0000][1][safepoint    ] Total time for which application threads were stopped: 0.0002134 seconds, Stopping threads took: 0.0000159 seconds
[2019-06-24T08:41:42.980+0000][1][safepoint    ] Application time: 0.6782814 seconds
[2019-06-24T08:41:42.980+0000][1][safepoint    ] Entering safepoint region: CollectForMetadataAllocation
[2019-06-24T08:41:42.980+0000][1][safepoint    ] Leaving safepoint region
[2019-06-24T08:41:42.981+0000][1][safepoint    ] Total time for which application threads were stopped: 0.0007951 seconds, Stopping threads took: 0.0000151 seconds
[2019-06-24T08:41:42.993+0000][1][safepoint    ] Application time: 0.0122997 seconds
[2019-06-24T08:41:42.993+0000][1][safepoint    ] Entering safepoint region: CollectForMetadataAllocation
[2019-06-24T08:41:42.993+0000][1][safepoint    ] Leaving safepoint region
[2019-06-24T08:41:42.993+0000][1][safepoint    ] Total time for which application threads were stopped: 0.0001087 seconds, Stopping threads took: 0.0000104 seconds
[2019-06-24T08:41:42.994+0000][1][safepoint    ] Application time: 0.0010769 seconds
[2019-06-24T08:41:42.994+0000][1][safepoint    ] Entering safepoint region: GenCollectForAllocation
[2019-06-24T08:41:42.994+0000][1][gc,start     ] GC(17) Pause Young (Allocation Failure)
[2019-06-24T08:41:42.994+0000][1][gc,task      ] GC(17) Using 5 workers of 8 for evacuation
[2019-06-24T08:41:42.998+0000][1][gc,age       ] GC(17) Desired survivor size 4456448 bytes, new threshold 6 (max threshold 6)
[2019-06-24T08:41:42.998+0000][1][gc,age       ] GC(17) Age table with threshold 6 (max threshold 6)
[2019-06-24T08:41:42.998+0000][1][gc,age       ] GC(17) - age   1:    3921712 bytes,    3921712 total
[2019-06-24T08:41:42.998+0000][1][gc,age       ] GC(17) - age   2:     217824 bytes,    4139536 total
[2019-06-24T08:41:42.998+0000][1][gc,heap      ] GC(17) ParNew: 76727K->4872K(78656K)
[2019-06-24T08:41:42.998+0000][1][gc,heap      ] GC(17) CMS: 56143K->56143K(174784K)
[2019-06-24T08:41:42.998+0000][1][gc,metaspace ] GC(17) Metaspace: 42297K->42297K(1087488K)
[2019-06-24T08:41:42.998+0000][1][gc           ] GC(17) Pause Young (Allocation Failure) 129M->59M(247M) 3.548ms
[2019-06-24T08:41:42.998+0000][1][gc,cpu       ] GC(17) User=0.02s Sys=0.00s Real=0.01s
[2019-06-24T08:41:42.998+0000][1][safepoint    ] Leaving safepoint region
[2019-06-24T08:41:42.998+0000][1][safepoint    ] Total time for which application threads were stopped: 0.0036353 seconds, Stopping threads took: 0.0000077 seconds
[2019-06-24T08:41:42.998+0000][1][safepoint    ] Application time: 0.0001869 seconds
[2019-06-24T08:41:42.998+0000][1][safepoint    ] Entering safepoint region: CMS_Initial_Mark
[2019-06-24T08:41:42.998+0000][1][gc,start     ] GC(18) Pause Initial Mark
[2019-06-24T08:41:42.999+0000][1][gc           ] GC(18) Pause Initial Mark 60M->60M(247M) 1.240ms
[2019-06-24T08:41:42.999+0000][1][gc,cpu       ] GC(18) User=0.00s Sys=0.00s Real=0.00s
[2019-06-24T08:41:42.999+0000][1][safepoint    ] Leaving safepoint region
[2019-06-24T08:41:42.999+0000][1][safepoint    ] Total time for which application threads were stopped: 0.0013398 seconds, Stopping threads took: 0.0000361 seconds
[2019-06-24T08:41:42.999+0000][1][gc           ] GC(18) Concurrent Mark
[2019-06-24T08:41:42.999+0000][1][gc,task      ] GC(18) Using 2 workers of 2 for marking
[2019-06-24T08:41:43.005+0000][1][safepoint    ] Application time: 0.0062121 seconds
[2019-06-24T08:41:43.006+0000][1][safepoint    ] Entering safepoint region: RevokeBias
[2019-06-24T08:41:43.006+0000][1][safepoint    ] Leaving safepoint region
[2019-06-24T08:41:43.006+0000][1][safepoint    ] Total time for which application threads were stopped: 0.0000480 seconds, Stopping threads took: 0.0000100 seconds
[2019-06-24T08:41:43.048+0000][1][gc           ] GC(18) Concurrent Mark 48.776ms
[2019-06-24T08:41:43.048+0000][1][gc,cpu       ] GC(18) User=0.21s Sys=0.00s Real=0.05s
[2019-06-24T08:41:43.048+0000][1][gc           ] GC(18) Concurrent Preclean
[2019-06-24T08:41:43.049+0000][1][gc           ] GC(18) Concurrent Preclean 1.288ms
[2019-06-24T08:41:43.049+0000][1][gc,cpu       ] GC(18) User=0.00s Sys=0.00s Real=0.00s
[2019-06-24T08:41:43.049+0000][1][gc           ] GC(18) Concurrent Abortable Preclean
[2019-06-24T08:41:43.126+0000][1][safepoint    ] Application time: 0.1202519 seconds
[2019-06-24T08:41:43.126+0000][1][safepoint    ] Entering safepoint region: CollectForMetadataAllocation
[2019-06-24T08:41:43.126+0000][1][safepoint    ] Leaving safepoint region
[2019-06-24T08:41:43.126+0000][1][safepoint    ] Total time for which application threads were stopped: 0.0001748 seconds, Stopping threads took: 0.0000110 seconds
[2019-06-24T08:41:43.207+0000][1][safepoint    ] Application time: 0.0814416 seconds
[2019-06-24T08:41:43.208+0000][1][safepoint    ] Entering safepoint region: CollectForMetadataAllocation
[2019-06-24T08:41:43.208+0000][1][safepoint    ] Leaving safepoint region
[2019-06-24T08:41:43.208+0000][1][safepoint    ] Total time for which application threads were stopped: 0.0002378 seconds, Stopping threads took: 0.0000173 seconds
[2019-06-24T08:41:43.216+0000][1][safepoint    ] Application time: 0.0084017 seconds
[2019-06-24T08:41:43.216+0000][1][safepoint    ] Entering safepoint region: CollectForMetadataAllocation
[2019-06-24T08:41:43.216+0000][1][safepoint    ] Leaving safepoint region
[2019-06-24T08:41:43.216+0000][1][safepoint    ] Total time for which application threads were stopped: 0.0002033 seconds, Stopping threads took: 0.0000156 seconds
[2019-06-24T08:41:43.246+0000][1][safepoint    ] Application time: 0.0298442 seconds
[2019-06-24T08:41:43.246+0000][1][safepoint    ] Entering safepoint region: CollectForMetadataAllocation
[2019-06-24T08:41:43.247+0000][1][safepoint    ] Leaving safepoint region
[2019-06-24T08:41:43.247+0000][1][safepoint    ] Total time for which application threads were stopped: 0.0002215 seconds, Stopping threads took: 0.0000155 seconds
[2019-06-24T08:41:43.260+0000][1][safepoint    ] Application time: 0.0137660 seconds
[2019-06-24T08:41:43.260+0000][1][safepoint    ] Entering safepoint region: CollectForMetadataAllocation
[2019-06-24T08:41:43.260+0000][1][safepoint    ] Leaving safepoint region
[2019-06-24T08:41:43.261+0000][1][safepoint    ] Total time for which application threads were stopped: 0.0001804 seconds, Stopping threads took: 0.0000144 seconds
[2019-06-24T08:41:43.270+0000][1][safepoint    ] Application time: 0.0096005 seconds
[2019-06-24T08:41:43.270+0000][1][safepoint    ] Entering safepoint region: Deoptimize
[2019-06-24T08:41:43.271+0000][1][safepoint    ] Leaving safepoint region
[2019-06-24T08:41:43.271+0000][1][safepoint    ] Total time for which application threads were stopped: 0.0004744 seconds, Stopping threads took: 0.0000150 seconds
[2019-06-24T08:41:43.280+0000][1][safepoint    ] Application time: 0.0091609 seconds
[2019-06-24T08:41:43.280+0000][1][safepoint    ] Entering safepoint region: RevokeBias
[2019-06-24T08:41:43.280+0000][1][safepoint    ] Leaving safepoint region
[2019-06-24T08:41:43.280+0000][1][safepoint    ] Total time for which application threads were stopped: 0.0000938 seconds, Stopping threads took: 0.0000369 seconds
[2019-06-24T08:41:43.281+0000][1][gc           ] GC(18) Concurrent Abortable Preclean 231.320ms
[2019-06-24T08:41:43.281+0000][1][gc,cpu       ] GC(18) User=1.03s Sys=0.01s Real=0.23s
[2019-06-24T08:41:43.281+0000][1][safepoint    ] Application time: 0.0009314 seconds
[2019-06-24T08:41:43.281+0000][1][safepoint    ] Entering safepoint region: CMS_Final_Remark
[2019-06-24T08:41:43.281+0000][1][gc,start     ] GC(18) Pause Remark
[2019-06-24T08:41:43.294+0000][1][gc           ] GC(18) Pause Remark 94M->94M(247M) 12.821ms
[2019-06-24T08:41:43.294+0000][1][gc,cpu       ] GC(18) User=0.05s Sys=0.00s Real=0.01s
[2019-06-24T08:41:43.294+0000][1][safepoint    ] Leaving safepoint region
[2019-06-24T08:41:43.294+0000][1][safepoint    ] Total time for which application threads were stopped: 0.0132717 seconds, Stopping threads took: 0.0003476 seconds
[2019-06-24T08:41:43.294+0000][1][gc           ] GC(18) Concurrent Sweep
[2019-06-24T08:41:43.307+0000][1][safepoint    ] Application time: 0.0123530 seconds
[2019-06-24T08:41:43.307+0000][1][safepoint    ] Entering safepoint region: CollectForMetadataAllocation
[2019-06-24T08:41:43.307+0000][1][safepoint    ] Leaving safepoint region
[2019-06-24T08:41:43.307+0000][1][safepoint    ] Total time for which application threads were stopped: 0.0006887 seconds, Stopping threads took: 0.0000398 seconds
[2019-06-24T08:41:43.330+0000][1][gc           ] GC(18) Concurrent Sweep 35.745ms
[2019-06-24T08:41:43.330+0000][1][gc,cpu       ] GC(18) User=0.16s Sys=0.01s Real=0.04s
[2019-06-24T08:41:43.330+0000][1][gc           ] GC(18) Concurrent Reset
[2019-06-24T08:41:43.331+0000][1][gc           ] GC(18) Concurrent Reset 0.481ms
[2019-06-24T08:41:43.331+0000][1][gc,cpu       ] GC(18) User=0.02s Sys=0.00s Real=0.00s
[2019-06-24T08:41:43.331+0000][1][gc,heap      ] GC(18) Old: 56143K->55927K(174784K)
[2019-06-24T08:41:43.337+0000][1][safepoint    ] Application time: 0.0293769 seconds
[2019-06-24T08:41:43.337+0000][1][safepoint    ] Entering safepoint region: RevokeBias
[2019-06-24T08:41:43.337+0000][1][safepoint    ] Leaving safepoint region
[2019-06-24T08:41:43.337+0000][1][safepoint    ] Total time for which application threads were stopped: 0.0000817 seconds, Stopping threads took: 0.0000115 seconds
[2019-06-24T08:41:43.354+0000][1][safepoint    ] Application time: 0.0169049 seconds
[2019-06-24T08:41:43.354+0000][1][safepoint    ] Entering safepoint region: RevokeBias
[2019-06-24T08:41:43.354+0000][1][safepoint    ] Leaving safepoint region
[2019-06-24T08:41:43.354+0000][1][safepoint    ] Total time for which application threads were stopped: 0.0000639 seconds, Stopping threads took: 0.0000104 seconds
[2019-06-24T08:41:43.359+0000][1][safepoint    ] Application time: 0.0051607 seconds
[2019-06-24T08:41:43.359+0000][1][safepoint    ] Entering safepoint region: RevokeBias
[2019-06-24T08:41:43.359+0000][1][safepoint    ] Leaving safepoint region
[2019-06-24T08:41:43.359+0000][1][safepoint    ] Total time for which application threads were stopped: 0.0000589 seconds, Stopping threads took: 0.0000097 seconds
[2019-06-24T08:41:43.499+0000][1][safepoint    ] Application time: 0.1397253 seconds
[2019-06-24T08:41:43.499+0000][1][safepoint    ] Entering safepoint region: RevokeBias
[2019-06-24T08:41:43.499+0000][1][safepoint    ] Leaving safepoint region
[2019-06-24T08:41:43.499+0000][1][safepoint    ] Total time for which application threads were stopped: 0.0004569 seconds, Stopping threads took: 0.0000722 seconds
[2019-06-24T08:41:43.499+0000][1][safepoint    ] Application time: 0.0000734 seconds
[2019-06-24T08:41:43.499+0000][1][safepoint    ] Entering safepoint region: RevokeBias
[2019-06-24T08:41:43.499+0000][1][safepoint    ] Leaving safepoint region
[2019-06-24T08:41:43.499+0000][1][safepoint    ] Total time for which application threads were stopped: 0.0001035 seconds, Stopping threads took: 0.0000367 seconds
[2019-06-24T08:41:43.500+0000][1][safepoint    ] Application time: 0.0001960 seconds
[2019-06-24T08:41:43.500+0000][1][safepoint    ] Entering safepoint region: RevokeBias
[2019-06-24T08:41:43.500+0000][1][safepoint    ] Leaving safepoint region
[2019-06-24T08:41:43.500+0000][1][safepoint    ] Total time for which application threads were stopped: 0.0003407 seconds, Stopping threads took: 0.0002742 seconds
[2019-06-24T08:41:43.500+0000][1][safepoint    ] Application time: 0.0000571 seconds
[2019-06-24T08:41:43.500+0000][1][safepoint    ] Entering safepoint region: RevokeBias
[2019-06-24T08:41:43.500+0000][1][safepoint    ] Leaving safepoint region
[2019-06-24T08:41:43.500+0000][1][safepoint    ] Total time for which application threads were stopped: 0.0002740 seconds, Stopping threads took: 0.0002284 seconds
[2019-06-24T08:41:43.556+0000][1][safepoint    ] Application time: 0.0555588 seconds
[2019-06-24T08:41:43.556+0000][1][safepoint    ] Entering safepoint region: RevokeBias
[2019-06-24T08:41:43.556+0000][1][safepoint    ] Leaving safepoint region
[2019-06-24T08:41:43.556+0000][1][safepoint    ] Total time for which application threads were stopped: 0.0003696 seconds, Stopping threads took: 0.0003078 seconds
[2019-06-24T08:41:43.556+0000][1][safepoint    ] Application time: 0.0001521 seconds
[2019-06-24T08:41:43.557+0000][1][safepoint    ] Entering safepoint region: RevokeBias
[2019-06-24T08:41:43.557+0000][1][safepoint    ] Leaving safepoint region
[2019-06-24T08:41:43.557+0000][1][safepoint    ] Total time for which application threads were stopped: 0.0000891 seconds, Stopping threads took: 0.0000304 seconds
[2019-06-24T08:41:43.557+0000][1][safepoint    ] Application time: 0.0002917 seconds
[2019-06-24T08:41:43.557+0000][1][safepoint    ] Entering safepoint region: RevokeBias
[2019-06-24T08:41:43.557+0000][1][safepoint    ] Leaving safepoint region
[2019-06-24T08:41:43.557+0000][1][safepoint    ] Total time for which application threads were stopped: 0.0001318 seconds, Stopping threads took: 0.0000992 seconds
[2019-06-24T08:41:43.557+0000][1][safepoint    ] Application time: 0.0001819 seconds
[2019-06-24T08:41:43.557+0000][1][safepoint    ] Entering safepoint region: RevokeBias
[2019-06-24T08:41:43.557+0000][1][safepoint    ] Leaving safepoint region
[2019-06-24T08:41:43.557+0000][1][safepoint    ] Total time for which application threads were stopped: 0.0000439 seconds, Stopping threads took: 0.0000085 seconds
[2019-06-24T08:41:43.558+0000][1][safepoint    ] Application time: 0.0004504 seconds
[2019-06-24T08:41:43.558+0000][1][safepoint    ] Entering safepoint region: RevokeBias
[2019-06-24T08:41:43.558+0000][1][safepoint    ] Leaving safepoint region
[2019-06-24T08:41:43.558+0000][1][safepoint    ] Total time for which application threads were stopped: 0.0002156 seconds, Stopping threads took: 0.0001702 seconds
[2019-06-24T08:41:43.558+0000][1][safepoint    ] Application time: 0.0001776 seconds
[2019-06-24T08:41:43.558+0000][1][safepoint    ] Entering safepoint region: RevokeBias
[2019-06-24T08:41:43.558+0000][1][safepoint    ] Leaving safepoint region
[2019-06-24T08:41:43.558+0000][1][safepoint    ] Total time for which application threads were stopped: 0.0001228 seconds, Stopping threads took: 0.0000857 seconds
[2019-06-24T08:41:43.559+0000][1][safepoint    ] Application time: 0.0002953 seconds
[2019-06-24T08:41:43.559+0000][1][safepoint    ] Entering safepoint region: RevokeBias
[2019-06-24T08:41:43.559+0000][1][safepoint    ] Leaving safepoint region
[2019-06-24T08:41:43.559+0000][1][safepoint    ] Total time for which application threads were stopped: 0.0001064 seconds, Stopping threads took: 0.0000402 seconds
[2019-06-24T08:41:43.559+0000][1][safepoint    ] Application time: 0.0000564 seconds
[2019-06-24T08:41:43.559+0000][1][safepoint    ] Entering safepoint region: RevokeBias
[2019-06-24T08:41:43.559+0000][1][safepoint    ] Leaving safepoint region
[2019-06-24T08:41:43.559+0000][1][safepoint    ] Total time for which application threads were stopped: 0.0000485 seconds, Stopping threads took: 0.0000074 seconds
[2019-06-24T08:41:43.559+0000][1][safepoint    ] Application time: 0.0000497 seconds
[2019-06-24T08:41:43.559+0000][1][safepoint    ] Entering safepoint region: RevokeBias
[2019-06-24T08:41:43.559+0000][1][safepoint    ] Leaving safepoint region
[2019-06-24T08:41:43.559+0000][1][safepoint    ] Total time for which application threads were stopped: 0.0000579 seconds, Stopping threads took: 0.0000253 seconds
[2019-06-24T08:41:43.559+0000][1][safepoint    ] Application time: 0.0000417 seconds
[2019-06-24T08:41:43.559+0000][1][safepoint    ] Entering safepoint region: RevokeBias
[2019-06-24T08:41:43.559+0000][1][safepoint    ] Leaving safepoint region
[2019-06-24T08:41:43.559+0000][1][safepoint    ] Total time for which application threads were stopped: 0.0000493 seconds, Stopping threads took: 0.0000202 seconds
[2019-06-24T08:41:43.559+0000][1][safepoint    ] Application time: 0.0000425 seconds
[2019-06-24T08:41:43.559+0000][1][safepoint    ] Entering safepoint region: RevokeBias
[2019-06-24T08:41:43.559+0000][1][safepoint    ] Leaving safepoint region
[2019-06-24T08:41:43.559+0000][1][safepoint    ] Total time for which application threads were stopped: 0.0000688 seconds, Stopping threads took: 0.0000260 seconds
[2019-06-24T08:41:43.559+0000][1][safepoint    ] Application time: 0.0000460 seconds
[2019-06-24T08:41:43.559+0000][1][safepoint    ] Entering safepoint region: RevokeBias
[2019-06-24T08:41:43.559+0000][1][safepoint    ] Leaving safepoint region
[2019-06-24T08:41:43.559+0000][1][safepoint    ] Total time for which application threads were stopped: 0.0000568 seconds, Stopping threads took: 0.0000250 seconds
[2019-06-24T08:41:43.559+0000][1][safepoint    ] Application time: 0.0000363 seconds
[2019-06-24T08:41:43.559+0000][1][safepoint    ] Entering safepoint region: RevokeBias
[2019-06-24T08:41:43.559+0000][1][safepoint    ] Leaving safepoint region
[2019-06-24T08:41:43.559+0000][1][safepoint    ] Total time for which application threads were stopped: 0.0000345 seconds, Stopping threads took: 0.0000063 seconds
[2019-06-24T08:41:43.559+0000][1][safepoint    ] Application time: 0.0000335 seconds
[2019-06-24T08:41:43.559+0000][1][safepoint    ] Entering safepoint region: RevokeBias
[2019-06-24T08:41:43.560+0000][1][safepoint    ] Leaving safepoint region
[2019-06-24T08:41:43.560+0000][1][safepoint    ] Total time for which application threads were stopped: 0.0000528 seconds, Stopping threads took: 0.0000244 seconds
[2019-06-24T08:41:43.560+0000][1][safepoint    ] Application time: 0.0000345 seconds
[2019-06-24T08:41:43.560+0000][1][safepoint    ] Entering safepoint region: RevokeBias
[2019-06-24T08:41:43.560+0000][1][safepoint    ] Leaving safepoint region
[2019-06-24T08:41:43.560+0000][1][safepoint    ] Total time for which application threads were stopped: 0.0000338 seconds, Stopping threads took: 0.0000063 seconds
[2019-06-24T08:41:43.560+0000][1][safepoint    ] Application time: 0.0000330 seconds
[2019-06-24T08:41:43.560+0000][1][safepoint    ] Entering safepoint region: RevokeBias
[2019-06-24T08:41:43.560+0000][1][safepoint    ] Leaving safepoint region
[2019-06-24T08:41:43.560+0000][1][safepoint    ] Total time for which application threads were stopped: 0.0000329 seconds, Stopping threads took: 0.0000062 seconds
[2019-06-24T08:41:43.560+0000][1][safepoint    ] Application time: 0.0000345 seconds
[2019-06-24T08:41:43.560+0000][1][safepoint    ] Entering safepoint region: RevokeBias
[2019-06-24T08:41:43.560+0000][1][safepoint    ] Leaving safepoint region
[2019-06-24T08:41:43.560+0000][1][safepoint    ] Total time for which application threads were stopped: 0.0000506 seconds, Stopping threads took: 0.0000225 seconds
[2019-06-24T08:41:43.560+0000][1][safepoint    ] Application time: 0.0000336 seconds
[2019-06-24T08:41:43.560+0000][1][safepoint    ] Entering safepoint region: RevokeBias
[2019-06-24T08:41:43.560+0000][1][safepoint    ] Leaving safepoint region
[2019-06-24T08:41:43.560+0000][1][safepoint    ] Total time for which application threads were stopped: 0.0000514 seconds, Stopping threads took: 0.0000230 seconds
[2019-06-24T08:41:43.560+0000][1][safepoint    ] Application time: 0.0000335 seconds
[2019-06-24T08:41:43.560+0000][1][safepoint    ] Entering safepoint region: RevokeBias
[2019-06-24T08:41:43.560+0000][1][safepoint    ] Leaving safepoint region
[2019-06-24T08:41:43.560+0000][1][safepoint    ] Total time for which application threads were stopped: 0.0000470 seconds, Stopping threads took: 0.0000190 seconds
[2019-06-24T08:41:43.560+0000][1][safepoint    ] Application time: 0.0000326 seconds
[2019-06-24T08:41:43.560+0000][1][safepoint    ] Entering safepoint region: RevokeBias
[2019-06-24T08:41:43.560+0000][1][safepoint    ] Leaving safepoint region
[2019-06-24T08:41:43.560+0000][1][safepoint    ] Total time for which application threads were stopped: 0.0000510 seconds, Stopping threads took: 0.0000231 seconds
[2019-06-24T08:41:43.560+0000][1][safepoint    ] Application time: 0.0000338 seconds
[2019-06-24T08:41:43.560+0000][1][safepoint    ] Entering safepoint region: RevokeBias
[2019-06-24T08:41:43.560+0000][1][safepoint    ] Leaving safepoint region
[2019-06-24T08:41:43.560+0000][1][safepoint    ] Total time for which application threads were stopped: 0.0000327 seconds, Stopping threads took: 0.0000062 seconds
[2019-06-24T08:41:43.560+0000][1][safepoint    ] Application time: 0.0000332 seconds
[2019-06-24T08:41:43.560+0000][1][safepoint    ] Entering safepoint region: RevokeBias
[2019-06-24T08:41:43.560+0000][1][safepoint    ] Leaving safepoint region
[2019-06-24T08:41:43.560+0000][1][safepoint    ] Total time for which application threads were stopped: 0.0000345 seconds, Stopping threads took: 0.0000064 seconds
[2019-06-24T08:41:43.560+0000][1][safepoint    ] Application time: 0.0000334 seconds
[2019-06-24T08:41:43.560+0000][1][safepoint    ] Entering safepoint region: RevokeBias
[2019-06-24T08:41:43.560+0000][1][safepoint    ] Leaving safepoint region
[2019-06-24T08:41:43.560+0000][1][safepoint    ] Total time for which application threads were stopped: 0.0000338 seconds, Stopping threads took: 0.0000061 seconds
[2019-06-24T08:41:43.560+0000][1][safepoint    ] Application time: 0.0000298 seconds
[2019-06-24T08:41:43.560+0000][1][safepoint    ] Entering safepoint region: RevokeBias
[2019-06-24T08:41:43.560+0000][1][safepoint    ] Leaving safepoint region
[2019-06-24T08:41:43.560+0000][1][safepoint    ] Total time for which application threads were stopped: 0.0000355 seconds, Stopping threads took: 0.0000090 seconds
[2019-06-24T08:41:43.560+0000][1][safepoint    ] Application time: 0.0000330 seconds
[2019-06-24T08:41:43.560+0000][1][safepoint    ] Entering safepoint region: RevokeBias
[2019-06-24T08:41:43.560+0000][1][safepoint    ] Leaving safepoint region
[2019-06-24T08:41:43.560+0000][1][safepoint    ] Total time for which application threads were stopped: 0.0000339 seconds, Stopping threads took: 0.0000062 seconds
[2019-06-24T08:41:43.560+0000][1][safepoint    ] Application time: 0.0000328 seconds
[2019-06-24T08:41:43.560+0000][1][safepoint    ] Entering safepoint region: BulkRevokeBias
[2019-06-24T08:41:43.561+0000][1][safepoint    ] Leaving safepoint region
[2019-06-24T08:41:43.561+0000][1][safepoint    ] Total time for which application threads were stopped: 0.0000857 seconds, Stopping threads took: 0.0000062 seconds
[2019-06-24T08:41:43.561+0000][1][safepoint    ] Application time: 0.0001222 seconds
[2019-06-24T08:41:43.561+0000][1][safepoint    ] Entering safepoint region: RevokeBias
[2019-06-24T08:41:43.561+0000][1][safepoint    ] Leaving safepoint region
[2019-06-24T08:41:43.561+0000][1][safepoint    ] Total time for which application threads were stopped: 0.0000438 seconds, Stopping threads took: 0.0000066 seconds
[2019-06-24T08:41:43.561+0000][1][safepoint    ] Application time: 0.0000562 seconds
[2019-06-24T08:41:43.561+0000][1][safepoint    ] Entering safepoint region: RevokeBias
[2019-06-24T08:41:43.561+0000][1][safepoint    ] Leaving safepoint region
[2019-06-24T08:41:43.561+0000][1][safepoint    ] Total time for which application threads were stopped: 0.0000368 seconds, Stopping threads took: 0.0000064 seconds
[2019-06-24T08:41:43.561+0000][1][safepoint    ] Application time: 0.0000661 seconds
[2019-06-24T08:41:43.561+0000][1][safepoint    ] Entering safepoint region: RevokeBias
[2019-06-24T08:41:43.561+0000][1][safepoint    ] Leaving safepoint region
[2019-06-24T08:41:43.561+0000][1][safepoint    ] Total time for which application threads were stopped: 0.0000359 seconds, Stopping threads took: 0.0000065 seconds
[2019-06-24T08:41:43.561+0000][1][safepoint    ] Application time: 0.0000462 seconds
[2019-06-24T08:41:43.561+0000][1][safepoint    ] Entering safepoint region: RevokeBias
[2019-06-24T08:41:43.561+0000][1][safepoint    ] Leaving safepoint region
[2019-06-24T08:41:43.561+0000][1][safepoint    ] Total time for which application threads were stopped: 0.0000674 seconds, Stopping threads took: 0.0000314 seconds
[2019-06-24T08:41:43.561+0000][1][safepoint    ] Application time: 0.0000489 seconds
[2019-06-24T08:41:43.561+0000][1][safepoint    ] Entering safepoint region: RevokeBias
[2019-06-24T08:41:43.561+0000][1][safepoint    ] Leaving safepoint region
[2019-06-24T08:41:43.561+0000][1][safepoint    ] Total time for which application threads were stopped: 0.0000547 seconds, Stopping threads took: 0.0000065 seconds
[2019-06-24T08:41:43.561+0000][1][safepoint    ] Application time: 0.0000406 seconds
[2019-06-24T08:41:43.561+0000][1][safepoint    ] Entering safepoint region: RevokeBias
[2019-06-24T08:41:43.561+0000][1][safepoint    ] Leaving safepoint region
[2019-06-24T08:41:43.561+0000][1][safepoint    ] Total time for which application threads were stopped: 0.0000521 seconds, Stopping threads took: 0.0000069 seconds
[2019-06-24T08:41:43.561+0000][1][safepoint    ] Application time: 0.0000385 seconds
[2019-06-24T08:41:43.561+0000][1][safepoint    ] Entering safepoint region: RevokeBias
[2019-06-24T08:41:43.561+0000][1][safepoint    ] Leaving safepoint region
[2019-06-24T08:41:43.561+0000][1][safepoint    ] Total time for which application threads were stopped: 0.0000706 seconds, Stopping threads took: 0.0000424 seconds
[2019-06-24T08:41:43.562+0000][1][safepoint    ] Application time: 0.0000382 seconds
[2019-06-24T08:41:43.562+0000][1][safepoint    ] Entering safepoint region: RevokeBias
[2019-06-24T08:41:43.562+0000][1][safepoint    ] Leaving safepoint region
[2019-06-24T08:41:43.562+0000][1][safepoint    ] Total time for which application threads were stopped: 0.0001130 seconds, Stopping threads took: 0.0000795 seconds
[2019-06-24T08:41:43.562+0000][1][safepoint    ] Application time: 0.0000376 seconds
[2019-06-24T08:41:43.562+0000][1][safepoint    ] Entering safepoint region: RevokeBias
[2019-06-24T08:41:43.562+0000][1][safepoint    ] Leaving safepoint region
[2019-06-24T08:41:43.562+0000][1][safepoint    ] Total time for which application threads were stopped: 0.0000433 seconds, Stopping threads took: 0.0000091 seconds
[2019-06-24T08:41:43.562+0000][1][safepoint    ] Application time: 0.0000387 seconds
[2019-06-24T08:41:43.562+0000][1][safepoint    ] Entering safepoint region: RevokeBias
[2019-06-24T08:41:43.562+0000][1][safepoint    ] Leaving safepoint region
[2019-06-24T08:41:43.562+0000][1][safepoint    ] Total time for which application threads were stopped: 0.0000661 seconds, Stopping threads took: 0.0000207 seconds
[2019-06-24T08:41:43.562+0000][1][safepoint    ] Application time: 0.0000428 seconds
[2019-06-24T08:41:43.562+0000][1][safepoint    ] Entering safepoint region: RevokeBias
[2019-06-24T08:41:43.562+0000][1][safepoint    ] Leaving safepoint region
[2019-06-24T08:41:43.562+0000][1][safepoint    ] Total time for which application threads were stopped: 0.0000638 seconds, Stopping threads took: 0.0000189 seconds
[2019-06-24T08:41:43.562+0000][1][safepoint    ] Application time: 0.0000407 seconds
[2019-06-24T08:41:43.562+0000][1][safepoint    ] Entering safepoint region: RevokeBias
[2019-06-24T08:41:43.562+0000][1][safepoint    ] Leaving safepoint region
[2019-06-24T08:41:43.562+0000][1][safepoint    ] Total time for which application threads were stopped: 0.0002161 seconds, Stopping threads took: 0.0001874 seconds
[2019-06-24T08:41:43.562+0000][1][safepoint    ] Application time: 0.0000384 seconds
[2019-06-24T08:41:43.562+0000][1][safepoint    ] Entering safepoint region: RevokeBias
[2019-06-24T08:41:43.562+0000][1][safepoint    ] Leaving safepoint region
[2019-06-24T08:41:43.562+0000][1][safepoint    ] Total time for which application threads were stopped: 0.0000573 seconds, Stopping threads took: 0.0000284 seconds
[2019-06-24T08:41:43.562+0000][1][safepoint    ] Application time: 0.0000344 seconds
[2019-06-24T08:41:43.562+0000][1][safepoint    ] Entering safepoint region: RevokeBias
[2019-06-24T08:41:43.562+0000][1][safepoint    ] Leaving safepoint region
[2019-06-24T08:41:43.562+0000][1][safepoint    ] Total time for which application threads were stopped: 0.0000486 seconds, Stopping threads took: 0.0000205 seconds
[2019-06-24T08:41:43.563+0000][1][safepoint    ] Application time: 0.0000693 seconds
[2019-06-24T08:41:43.563+0000][1][safepoint    ] Entering safepoint region: RevokeBias
[2019-06-24T08:41:43.563+0000][1][safepoint    ] Leaving safepoint region
[2019-06-24T08:41:43.563+0000][1][safepoint    ] Total time for which application threads were stopped: 0.0000381 seconds, Stopping threads took: 0.0000094 seconds
[2019-06-24T08:41:43.563+0000][1][safepoint    ] Application time: 0.0000363 seconds
[2019-06-24T08:41:43.563+0000][1][safepoint    ] Entering safepoint region: RevokeBias
[2019-06-24T08:41:43.563+0000][1][safepoint    ] Leaving safepoint region
[2019-06-24T08:41:43.563+0000][1][safepoint    ] Total time for which application threads were stopped: 0.0000562 seconds, Stopping threads took: 0.0000289 seconds
[2019-06-24T08:41:43.563+0000][1][safepoint    ] Application time: 0.0000341 seconds
[2019-06-24T08:41:43.563+0000][1][safepoint    ] Entering safepoint region: RevokeBias
[2019-06-24T08:41:43.563+0000][1][safepoint    ] Leaving safepoint region
[2019-06-24T08:41:43.563+0000][1][safepoint    ] Total time for which application threads were stopped: 0.0000324 seconds, Stopping threads took: 0.0000060 seconds
[2019-06-24T08:41:43.563+0000][1][safepoint    ] Application time: 0.0000349 seconds
[2019-06-24T08:41:43.563+0000][1][safepoint    ] Entering safepoint region: RevokeBias
[2019-06-24T08:41:43.563+0000][1][safepoint    ] Leaving safepoint region
[2019-06-24T08:41:43.563+0000][1][safepoint    ] Total time for which application threads were stopped: 0.0000473 seconds, Stopping threads took: 0.0000207 seconds
[2019-06-24T08:41:43.563+0000][1][safepoint    ] Application time: 0.0000363 seconds
[2019-06-24T08:41:43.563+0000][1][safepoint    ] Entering safepoint region: RevokeBias
[2019-06-24T08:41:43.563+0000][1][safepoint    ] Leaving safepoint region
[2019-06-24T08:41:43.563+0000][1][safepoint    ] Total time for which application threads were stopped: 0.0000462 seconds, Stopping threads took: 0.0000188 seconds
[2019-06-24T08:41:43.563+0000][1][safepoint    ] Application time: 0.0000363 seconds
[2019-06-24T08:41:43.563+0000][1][safepoint    ] Entering safepoint region: RevokeBias
[2019-06-24T08:41:43.563+0000][1][safepoint    ] Leaving safepoint region
[2019-06-24T08:41:43.563+0000][1][safepoint    ] Total time for which application threads were stopped: 0.0000356 seconds, Stopping threads took: 0.0000088 seconds
[2019-06-24T08:41:43.563+0000][1][safepoint    ] Application time: 0.0000325 seconds
[2019-06-24T08:41:43.563+0000][1][safepoint    ] Entering safepoint region: RevokeBias
[2019-06-24T08:41:43.563+0000][1][safepoint    ] Leaving safepoint region
[2019-06-24T08:41:43.563+0000][1][safepoint    ] Total time for which application threads were stopped: 0.0000482 seconds, Stopping threads took: 0.0000220 seconds
[2019-06-24T08:41:43.563+0000][1][safepoint    ] Application time: 0.0000337 seconds
[2019-06-24T08:41:43.563+0000][1][safepoint    ] Entering safepoint region: RevokeBias
[2019-06-24T08:41:43.563+0000][1][safepoint    ] Leaving safepoint region
[2019-06-24T08:41:43.563+0000][1][safepoint    ] Total time for which application threads were stopped: 0.0000324 seconds, Stopping threads took: 0.0000060 seconds
[2019-06-24T08:41:43.563+0000][1][safepoint    ] Application time: 0.0000358 seconds
[2019-06-24T08:41:43.563+0000][1][safepoint    ] Entering safepoint region: RevokeBias
[2019-06-24T08:41:43.563+0000][1][safepoint    ] Leaving safepoint region
[2019-06-24T08:41:43.563+0000][1][safepoint    ] Total time for which application threads were stopped: 0.0000509 seconds, Stopping threads took: 0.0000244 seconds
[2019-06-24T08:41:43.563+0000][1][safepoint    ] Application time: 0.0000375 seconds
[2019-06-24T08:41:43.563+0000][1][safepoint    ] Entering safepoint region: BulkRevokeBias
[2019-06-24T08:41:43.563+0000][1][safepoint    ] Leaving safepoint region
[2019-06-24T08:41:43.563+0000][1][safepoint    ] Total time for which application threads were stopped: 0.0000808 seconds, Stopping threads took: 0.0000070 seconds
[2019-06-24T08:41:43.564+0000][1][safepoint    ] Application time: 0.0002502 seconds
[2019-06-24T08:41:43.564+0000][1][safepoint    ] Entering safepoint region: RevokeBias
[2019-06-24T08:41:43.564+0000][1][safepoint    ] Leaving safepoint region
[2019-06-24T08:41:43.564+0000][1][safepoint    ] Total time for which application threads were stopped: 0.0000447 seconds, Stopping threads took: 0.0000070 seconds
[2019-06-24T08:41:43.564+0000][1][safepoint    ] Application time: 0.0000687 seconds
[2019-06-24T08:41:43.564+0000][1][safepoint    ] Entering safepoint region: RevokeBias
[2019-06-24T08:41:43.564+0000][1][safepoint    ] Leaving safepoint region
[2019-06-24T08:41:43.564+0000][1][safepoint    ] Total time for which application threads were stopped: 0.0001059 seconds, Stopping threads took: 0.0000705 seconds
[2019-06-24T08:41:43.564+0000][1][safepoint    ] Application time: 0.0000347 seconds
[2019-06-24T08:41:43.564+0000][1][safepoint    ] Entering safepoint region: RevokeBias
[2019-06-24T08:41:43.564+0000][1][safepoint    ] Leaving safepoint region
[2019-06-24T08:41:43.564+0000][1][safepoint    ] Total time for which application threads were stopped: 0.0000786 seconds, Stopping threads took: 0.0000533 seconds
[2019-06-24T08:41:43.564+0000][1][safepoint    ] Application time: 0.0000334 seconds
[2019-06-24T08:41:43.564+0000][1][safepoint    ] Entering safepoint region: RevokeBias
[2019-06-24T08:41:43.564+0000][1][safepoint    ] Leaving safepoint region
[2019-06-24T08:41:43.564+0000][1][safepoint    ] Total time for which application threads were stopped: 0.0001004 seconds, Stopping threads took: 0.0000712 seconds
[2019-06-24T08:41:43.564+0000][1][safepoint    ] Application time: 0.0000354 seconds
[2019-06-24T08:41:43.564+0000][1][safepoint    ] Entering safepoint region: RevokeBias
[2019-06-24T08:41:43.564+0000][1][safepoint    ] Leaving safepoint region
[2019-06-24T08:41:43.564+0000][1][safepoint    ] Total time for which application threads were stopped: 0.0000638 seconds, Stopping threads took: 0.0000324 seconds
[2019-06-24T08:41:43.564+0000][1][safepoint    ] Application time: 0.0000330 seconds
[2019-06-24T08:41:43.564+0000][1][safepoint    ] Entering safepoint region: RevokeBias
[2019-06-24T08:41:43.564+0000][1][safepoint    ] Leaving safepoint region
[2019-06-24T08:41:43.564+0000][1][safepoint    ] Total time for which application threads were stopped: 0.0000712 seconds, Stopping threads took: 0.0000358 seconds
[2019-06-24T08:41:43.564+0000][1][safepoint    ] Application time: 0.0000371 seconds
[2019-06-24T08:41:43.564+0000][1][safepoint    ] Entering safepoint region: RevokeBias
[2019-06-24T08:41:43.565+0000][1][safepoint    ] Leaving safepoint region
[2019-06-24T08:41:43.565+0000][1][safepoint    ] Total time for which application threads were stopped: 0.0000601 seconds, Stopping threads took: 0.0000271 seconds
[2019-06-24T08:41:43.565+0000][1][safepoint    ] Application time: 0.0000146 seconds
[2019-06-24T08:41:43.565+0000][1][safepoint    ] Entering safepoint region: RevokeBias
[2019-06-24T08:41:43.565+0000][1][safepoint    ] Leaving safepoint region
[2019-06-24T08:41:43.565+0000][1][safepoint    ] Total time for which application threads were stopped: 0.0000511 seconds, Stopping threads took: 0.0000086 seconds
[2019-06-24T08:41:43.565+0000][1][safepoint    ] Application time: 0.0000382 seconds
[2019-06-24T08:41:43.565+0000][1][safepoint    ] Entering safepoint region: RevokeBias
[2019-06-24T08:41:43.565+0000][1][safepoint    ] Leaving safepoint region
[2019-06-24T08:41:43.565+0000][1][safepoint    ] Total time for which application threads were stopped: 0.0000401 seconds, Stopping threads took: 0.0000089 seconds
[2019-06-24T08:41:43.565+0000][1][safepoint    ] Application time: 0.0000323 seconds
[2019-06-24T08:41:43.565+0000][1][safepoint    ] Entering safepoint region: BulkRevokeBias
[2019-06-24T08:41:43.565+0000][1][safepoint    ] Leaving safepoint region
[2019-06-24T08:41:43.565+0000][1][safepoint    ] Total time for which application threads were stopped: 0.0001009 seconds, Stopping threads took: 0.0000239 seconds
[2019-06-24T08:41:43.565+0000][1][safepoint    ] Application time: 0.0000633 seconds
[2019-06-24T08:41:43.565+0000][1][safepoint    ] Entering safepoint region: RevokeBias
[2019-06-24T08:41:43.565+0000][1][safepoint    ] Leaving safepoint region
[2019-06-24T08:41:43.565+0000][1][safepoint    ] Total time for which application threads were stopped: 0.0000399 seconds, Stopping threads took: 0.0000065 seconds
[2019-06-24T08:41:43.565+0000][1][safepoint    ] Application time: 0.0001257 seconds
[2019-06-24T08:41:43.565+0000][1][safepoint    ] Entering safepoint region: RevokeBias
[2019-06-24T08:41:43.565+0000][1][safepoint    ] Leaving safepoint region
[2019-06-24T08:41:43.565+0000][1][safepoint    ] Total time for which application threads were stopped: 0.0000638 seconds, Stopping threads took: 0.0000237 seconds
[2019-06-24T08:41:43.565+0000][1][safepoint    ] Application time: 0.0000458 seconds
[2019-06-24T08:41:43.565+0000][1][safepoint    ] Entering safepoint region: RevokeBias
[2019-06-24T08:41:43.565+0000][1][safepoint    ] Leaving safepoint region
[2019-06-24T08:41:43.565+0000][1][safepoint    ] Total time for which application threads were stopped: 0.0000670 seconds, Stopping threads took: 0.0000237 seconds
[2019-06-24T08:41:43.565+0000][1][safepoint    ] Application time: 0.0000329 seconds
[2019-06-24T08:41:43.565+0000][1][safepoint    ] Entering safepoint region: RevokeBias
[2019-06-24T08:41:43.565+0000][1][safepoint    ] Leaving safepoint region
[2019-06-24T08:41:43.565+0000][1][safepoint    ] Total time for which application threads were stopped: 0.0000546 seconds, Stopping threads took: 0.0000224 seconds
[2019-06-24T08:41:43.565+0000][1][safepoint    ] Application time: 0.0000327 seconds
[2019-06-24T08:41:43.565+0000][1][safepoint    ] Entering safepoint region: RevokeBias
[2019-06-24T08:41:43.565+0000][1][safepoint    ] Leaving safepoint region
[2019-06-24T08:41:43.565+0000][1][safepoint    ] Total time for which application threads were stopped: 0.0000399 seconds, Stopping threads took: 0.0000066 seconds
[2019-06-24T08:41:43.566+0000][1][safepoint    ] Application time: 0.0002595 seconds
[2019-06-24T08:41:43.566+0000][1][safepoint    ] Entering safepoint region: RevokeBias
[2019-06-24T08:41:43.566+0000][1][safepoint    ] Leaving safepoint region
[2019-06-24T08:41:43.566+0000][1][safepoint    ] Total time for which application threads were stopped: 0.0000564 seconds, Stopping threads took: 0.0000229 seconds
[2019-06-24T08:41:43.566+0000][1][safepoint    ] Application time: 0.0000910 seconds
[2019-06-24T08:41:43.566+0000][1][safepoint    ] Entering safepoint region: RevokeBias
[2019-06-24T08:41:43.566+0000][1][safepoint    ] Leaving safepoint region
[2019-06-24T08:41:43.566+0000][1][safepoint    ] Total time for which application threads were stopped: 0.0000638 seconds, Stopping threads took: 0.0000248 seconds
[2019-06-24T08:41:43.566+0000][1][safepoint    ] Application time: 0.0002302 seconds
[2019-06-24T08:41:43.566+0000][1][safepoint    ] Entering safepoint region: RevokeBias
[2019-06-24T08:41:43.566+0000][1][safepoint    ] Leaving safepoint region
[2019-06-24T08:41:43.566+0000][1][safepoint    ] Total time for which application threads were stopped: 0.0000493 seconds, Stopping threads took: 0.0000076 seconds
[2019-06-24T08:41:43.567+0000][1][safepoint    ] Application time: 0.0003361 seconds
[2019-06-24T08:41:43.567+0000][1][safepoint    ] Entering safepoint region: RevokeBias
[2019-06-24T08:41:43.567+0000][1][safepoint    ] Leaving safepoint region
[2019-06-24T08:41:43.567+0000][1][safepoint    ] Total time for which application threads were stopped: 0.0002727 seconds, Stopping threads took: 0.0002309 seconds
[2019-06-24T08:41:43.567+0000][1][safepoint    ] Application time: 0.0003133 seconds
[2019-06-24T08:41:43.567+0000][1][safepoint    ] Entering safepoint region: RevokeBias
[2019-06-24T08:41:43.567+0000][1][safepoint    ] Leaving safepoint region
[2019-06-24T08:41:43.567+0000][1][safepoint    ] Total time for which application threads were stopped: 0.0000981 seconds, Stopping threads took: 0.0000532 seconds
[2019-06-24T08:41:43.568+0000][1][safepoint    ] Application time: 0.0002498 seconds
[2019-06-24T08:41:43.568+0000][1][safepoint    ] Entering safepoint region: RevokeBias
[2019-06-24T08:41:43.568+0000][1][safepoint    ] Leaving safepoint region
[2019-06-24T08:41:43.568+0000][1][safepoint    ] Total time for which application threads were stopped: 0.0000483 seconds, Stopping threads took: 0.0000079 seconds
[2019-06-24T08:41:43.568+0000][1][safepoint    ] Application time: 0.0001575 seconds
[2019-06-24T08:41:43.568+0000][1][safepoint    ] Entering safepoint region: RevokeBias
[2019-06-24T08:41:43.568+0000][1][safepoint    ] Leaving safepoint region
[2019-06-24T08:41:43.568+0000][1][safepoint    ] Total time for which application threads were stopped: 0.0002997 seconds, Stopping threads took: 0.0002607 seconds
[2019-06-24T08:41:43.569+0000][1][safepoint    ] Application time: 0.0011780 seconds
[2019-06-24T08:41:43.569+0000][1][safepoint    ] Entering safepoint region: RevokeBias
[2019-06-24T08:41:43.569+0000][1][safepoint    ] Leaving safepoint region
[2019-06-24T08:41:43.569+0000][1][safepoint    ] Total time for which application threads were stopped: 0.0000770 seconds, Stopping threads took: 0.0000099 seconds
[2019-06-24T08:41:43.569+0000][1][safepoint    ] Application time: 0.0000578 seconds
[2019-06-24T08:41:43.570+0000][1][safepoint    ] Entering safepoint region: RevokeBias
[2019-06-24T08:41:43.570+0000][1][safepoint    ] Leaving safepoint region
[2019-06-24T08:41:43.570+0000][1][safepoint    ] Total time for which application threads were stopped: 0.0000552 seconds, Stopping threads took: 0.0000078 seconds
[2019-06-24T08:41:43.571+0000][1][safepoint    ] Application time: 0.0018947 seconds
[2019-06-24T08:41:43.572+0000][1][safepoint    ] Entering safepoint region: RevokeBias
[2019-06-24T08:41:43.572+0000][1][safepoint    ] Leaving safepoint region
[2019-06-24T08:41:43.572+0000][1][safepoint    ] Total time for which application threads were stopped: 0.0000762 seconds, Stopping threads took: 0.0000264 seconds
[2019-06-24T08:41:43.572+0000][1][safepoint    ] Application time: 0.0000417 seconds
[2019-06-24T08:41:43.572+0000][1][safepoint    ] Entering safepoint region: RevokeBias
[2019-06-24T08:41:43.572+0000][1][safepoint    ] Leaving safepoint region
[2019-06-24T08:41:43.572+0000][1][safepoint    ] Total time for which application threads were stopped: 0.0000783 seconds, Stopping threads took: 0.0000371 seconds
[2019-06-24T08:41:43.572+0000][1][safepoint    ] Application time: 0.0001910 seconds
[2019-06-24T08:41:43.572+0000][1][safepoint    ] Entering safepoint region: RevokeBias
[2019-06-24T08:41:43.572+0000][1][safepoint    ] Leaving safepoint region
[2019-06-24T08:41:43.572+0000][1][safepoint    ] Total time for which application threads were stopped: 0.0000663 seconds, Stopping threads took: 0.0000355 seconds
[2019-06-24T08:41:43.601+0000][1][safepoint    ] Application time: 0.0289548 seconds
[2019-06-24T08:41:43.601+0000][1][safepoint    ] Entering safepoint region: GenCollectForAllocation
[2019-06-24T08:41:43.601+0000][1][gc,start     ] GC(19) Pause Young (Allocation Failure)
[2019-06-24T08:41:43.601+0000][1][gc,task      ] GC(19) Using 5 workers of 8 for evacuation
[2019-06-24T08:41:43.606+0000][1][gc,age       ] GC(19) Desired survivor size 4456448 bytes, new threshold 2 (max threshold 6)
[2019-06-24T08:41:43.606+0000][1][gc,age       ] GC(19) Age table with threshold 2 (max threshold 6)
[2019-06-24T08:41:43.606+0000][1][gc,age       ] GC(19) - age   1:    2881896 bytes,    2881896 total
[2019-06-24T08:41:43.606+0000][1][gc,age       ] GC(19) - age   2:    3819816 bytes,    6701712 total
[2019-06-24T08:41:43.606+0000][1][gc,age       ] GC(19) - age   3:     217752 bytes,    6919464 total
[2019-06-24T08:41:43.607+0000][1][gc,heap      ] GC(19) ParNew: 74824K->8704K(78656K)
[2019-06-24T08:41:43.607+0000][1][gc,heap      ] GC(19) CMS: 55927K->55927K(174784K)
[2019-06-24T08:41:43.607+0000][1][gc,metaspace ] GC(19) Metaspace: 47207K->47207K(1093632K)
[2019-06-24T08:41:43.607+0000][1][gc           ] GC(19) Pause Young (Allocation Failure) 127M->63M(247M) 5.467ms
[2019-06-24T08:41:43.607+0000][1][gc,cpu       ] GC(19) User=0.05s Sys=0.00s Real=0.01s
[2019-06-24T08:41:43.607+0000][1][safepoint    ] Leaving safepoint region
[2019-06-24T08:41:43.607+0000][1][safepoint    ] Total time for which application threads were stopped: 0.0056111 seconds, Stopping threads took: 0.0000128 seconds
[2019-06-24T08:41:43.611+0000][1][safepoint    ] Application time: 0.0047581 seconds
[2019-06-24T08:41:43.611+0000][1][safepoint    ] Entering safepoint region: RevokeBias
[2019-06-24T08:41:43.611+0000][1][safepoint    ] Leaving safepoint region
[2019-06-24T08:41:43.611+0000][1][safepoint    ] Total time for which application threads were stopped: 0.0000497 seconds, Stopping threads took: 0.0000123 seconds
[2019-06-24T08:41:43.612+0000][1][safepoint    ] Application time: 0.0001308 seconds
[2019-06-24T08:41:43.612+0000][1][safepoint    ] Entering safepoint region: RevokeBias
[2019-06-24T08:41:43.612+0000][1][safepoint    ] Leaving safepoint region
[2019-06-24T08:41:43.612+0000][1][safepoint    ] Total time for which application threads were stopped: 0.0000343 seconds, Stopping threads took: 0.0000091 seconds
[2019-06-24T08:41:43.623+0000][1][safepoint    ] Application time: 0.0108852 seconds
[2019-06-24T08:41:43.623+0000][1][safepoint    ] Entering safepoint region: RevokeBias
[2019-06-24T08:41:43.623+0000][1][safepoint    ] Leaving safepoint region
[2019-06-24T08:41:43.623+0000][1][safepoint    ] Total time for which application threads were stopped: 0.0000534 seconds, Stopping threads took: 0.0000125 seconds
[2019-06-24T08:41:43.788+0000][1][safepoint    ] Application time: 0.1650963 seconds
[2019-06-24T08:41:43.788+0000][1][safepoint    ] Entering safepoint region: RevokeBias
[2019-06-24T08:41:43.788+0000][1][safepoint    ] Leaving safepoint region
[2019-06-24T08:41:43.788+0000][1][safepoint    ] Total time for which application threads were stopped: 0.0000619 seconds, Stopping threads took: 0.0000146 seconds
[2019-06-24T08:41:43.899+0000][1][safepoint    ] Application time: 0.1116812 seconds
[2019-06-24T08:41:43.900+0000][1][safepoint    ] Entering safepoint region: RevokeBias
[2019-06-24T08:41:43.900+0000][1][safepoint    ] Leaving safepoint region
[2019-06-24T08:41:43.900+0000][1][safepoint    ] Total time for which application threads were stopped: 0.0000559 seconds, Stopping threads took: 0.0000123 seconds
[2019-06-24T08:41:43.900+0000][1][safepoint    ] Application time: 0.0000425 seconds
[2019-06-24T08:41:43.900+0000][1][safepoint    ] Entering safepoint region: RevokeBias
[2019-06-24T08:41:43.900+0000][1][safepoint    ] Leaving safepoint region
[2019-06-24T08:41:43.900+0000][1][safepoint    ] Total time for which application threads were stopped: 0.0000278 seconds, Stopping threads took: 0.0000073 seconds
[2019-06-24T08:41:43.900+0000][1][safepoint    ] Application time: 0.0000340 seconds
[2019-06-24T08:41:43.900+0000][1][safepoint    ] Entering safepoint region: RevokeBias
[2019-06-24T08:41:43.900+0000][1][safepoint    ] Leaving safepoint region
[2019-06-24T08:41:43.900+0000][1][safepoint    ] Total time for which application threads were stopped: 0.0000271 seconds, Stopping threads took: 0.0000071 seconds
[2019-06-24T08:41:43.900+0000][1][safepoint    ] Application time: 0.0000337 seconds
[2019-06-24T08:41:43.900+0000][1][safepoint    ] Entering safepoint region: RevokeBias
[2019-06-24T08:41:43.900+0000][1][safepoint    ] Leaving safepoint region
[2019-06-24T08:41:43.900+0000][1][safepoint    ] Total time for which application threads were stopped: 0.0000262 seconds, Stopping threads took: 0.0000069 seconds
[2019-06-24T08:41:44.139+0000][1][safepoint    ] Application time: 0.2387230 seconds
[2019-06-24T08:41:44.139+0000][1][safepoint    ] Entering safepoint region: GenCollectForAllocation
[2019-06-24T08:41:44.139+0000][1][gc,start     ] GC(20) Pause Young (Allocation Failure)
[2019-06-24T08:41:44.139+0000][1][gc,task      ] GC(20) Using 5 workers of 8 for evacuation
[2019-06-24T08:41:44.151+0000][1][gc,age       ] GC(20) Desired survivor size 4456448 bytes, new threshold 6 (max threshold 6)
[2019-06-24T08:41:44.151+0000][1][gc,age       ] GC(20) Age table with threshold 6 (max threshold 6)
[2019-06-24T08:41:44.151+0000][1][gc,age       ] GC(20) - age   1:    1547072 bytes,    1547072 total
[2019-06-24T08:41:44.151+0000][1][gc,age       ] GC(20) - age   2:    2777592 bytes,    4324664 total
[2019-06-24T08:41:44.151+0000][1][gc,heap      ] GC(20) ParNew: 78656K->5934K(78656K)
[2019-06-24T08:41:44.151+0000][1][gc,heap      ] GC(20) CMS: 55927K->59990K(174784K)
[2019-06-24T08:41:44.151+0000][1][gc,metaspace ] GC(20) Metaspace: 54067K->54067K(1099776K)
[2019-06-24T08:41:44.151+0000][1][gc           ] GC(20) Pause Young (Allocation Failure) 131M->64M(247M) 11.827ms
[2019-06-24T08:41:44.151+0000][1][gc,cpu       ] GC(20) User=0.08s Sys=0.00s Real=0.01s
[2019-06-24T08:41:44.151+0000][1][safepoint    ] Leaving safepoint region
[2019-06-24T08:41:44.151+0000][1][safepoint    ] Total time for which application threads were stopped: 0.0124633 seconds, Stopping threads took: 0.0000353 seconds
[2019-06-24T08:41:44.296+0000][1][safepoint    ] Application time: 0.1449658 seconds
[2019-06-24T08:41:44.296+0000][1][safepoint    ] Entering safepoint region: Deoptimize
[2019-06-24T08:41:44.297+0000][1][safepoint    ] Leaving safepoint region
[2019-06-24T08:41:44.297+0000][1][safepoint    ] Total time for which application threads were stopped: 0.0006853 seconds, Stopping threads took: 0.0000120 seconds
[2019-06-24T08:41:44.329+0000][1][safepoint    ] Application time: 0.0324196 seconds
[2019-06-24T08:41:44.329+0000][1][safepoint    ] Entering safepoint region: RevokeBias
[2019-06-24T08:41:44.329+0000][1][safepoint    ] Leaving safepoint region
[2019-06-24T08:41:44.329+0000][1][safepoint    ] Total time for which application threads were stopped: 0.0000760 seconds, Stopping threads took: 0.0000123 seconds
[2019-06-24T08:41:44.329+0000][1][safepoint    ] Application time: 0.0001182 seconds
[2019-06-24T08:41:44.329+0000][1][safepoint    ] Entering safepoint region: RevokeBias
[2019-06-24T08:41:44.329+0000][1][safepoint    ] Leaving safepoint region
[2019-06-24T08:41:44.329+0000][1][safepoint    ] Total time for which application threads were stopped: 0.0000493 seconds, Stopping threads took: 0.0000096 seconds
[2019-06-24T08:41:44.330+0000][1][safepoint    ] Application time: 0.0001936 seconds
[2019-06-24T08:41:44.330+0000][1][safepoint    ] Entering safepoint region: RevokeBias
[2019-06-24T08:41:44.330+0000][1][safepoint    ] Leaving safepoint region
[2019-06-24T08:41:44.330+0000][1][safepoint    ] Total time for which application threads were stopped: 0.0000458 seconds, Stopping threads took: 0.0000092 seconds
[2019-06-24T08:41:44.332+0000][1][safepoint    ] Application time: 0.0024940 seconds
[2019-06-24T08:41:44.332+0000][1][safepoint    ] Entering safepoint region: RevokeBias
[2019-06-24T08:41:44.332+0000][1][safepoint    ] Leaving safepoint region
[2019-06-24T08:41:44.332+0000][1][safepoint    ] Total time for which application threads were stopped: 0.0000560 seconds, Stopping threads took: 0.0000110 seconds
[2019-06-24T08:41:44.462+0000][1][safepoint    ] Application time: 0.1295553 seconds
[2019-06-24T08:41:44.462+0000][1][safepoint    ] Entering safepoint region: RevokeBias
[2019-06-24T08:41:44.463+0000][1][safepoint    ] Leaving safepoint region
[2019-06-24T08:41:44.463+0000][1][safepoint    ] Total time for which application threads were stopped: 0.0010952 seconds, Stopping threads took: 0.0000181 seconds
[2019-06-24T08:41:44.493+0000][1][safepoint    ] Application time: 0.0296950 seconds
[2019-06-24T08:41:44.493+0000][1][safepoint    ] Entering safepoint region: RevokeBias
[2019-06-24T08:41:44.493+0000][1][safepoint    ] Leaving safepoint region
[2019-06-24T08:41:44.493+0000][1][safepoint    ] Total time for which application threads were stopped: 0.0003711 seconds, Stopping threads took: 0.0003032 seconds
[2019-06-24T08:41:44.493+0000][1][safepoint    ] Application time: 0.0001166 seconds
[2019-06-24T08:41:44.493+0000][1][safepoint    ] Entering safepoint region: RevokeBias
[2019-06-24T08:41:44.493+0000][1][safepoint    ] Leaving safepoint region
[2019-06-24T08:41:44.493+0000][1][safepoint    ] Total time for which application threads were stopped: 0.0001081 seconds, Stopping threads took: 0.0000437 seconds
[2019-06-24T08:41:44.494+0000][1][safepoint    ] Application time: 0.0006382 seconds
[2019-06-24T08:41:44.494+0000][1][safepoint    ] Entering safepoint region: RevokeBias
[2019-06-24T08:41:44.494+0000][1][safepoint    ] Leaving safepoint region
[2019-06-24T08:41:44.494+0000][1][safepoint    ] Total time for which application threads were stopped: 0.0001620 seconds, Stopping threads took: 0.0000804 seconds
[2019-06-24T08:41:44.494+0000][1][safepoint    ] Application time: 0.0001769 seconds
[2019-06-24T08:41:44.495+0000][1][safepoint    ] Entering safepoint region: RevokeBias
[2019-06-24T08:41:44.495+0000][1][safepoint    ] Leaving safepoint region
[2019-06-24T08:41:44.495+0000][1][safepoint    ] Total time for which application threads were stopped: 0.0001899 seconds, Stopping threads took: 0.0001405 seconds
[2019-06-24T08:41:44.495+0000][1][safepoint    ] Application time: 0.0001619 seconds
[2019-06-24T08:41:44.495+0000][1][safepoint    ] Entering safepoint region: RevokeBias
[2019-06-24T08:41:44.495+0000][1][safepoint    ] Leaving safepoint region
[2019-06-24T08:41:44.495+0000][1][safepoint    ] Total time for which application threads were stopped: 0.0001570 seconds, Stopping threads took: 0.0001044 seconds
[2019-06-24T08:41:44.495+0000][1][safepoint    ] Application time: 0.0004266 seconds
[2019-06-24T08:41:44.496+0000][1][safepoint    ] Entering safepoint region: RevokeBias
[2019-06-24T08:41:44.496+0000][1][safepoint    ] Leaving safepoint region
[2019-06-24T08:41:44.496+0000][1][safepoint    ] Total time for which application threads were stopped: 0.0001716 seconds, Stopping threads took: 0.0001114 seconds
[2019-06-24T08:41:44.525+0000][1][safepoint    ] Application time: 0.0297300 seconds
[2019-06-24T08:41:44.525+0000][1][safepoint    ] Entering safepoint region: Deoptimize
[2019-06-24T08:41:44.526+0000][1][safepoint    ] Leaving safepoint region
[2019-06-24T08:41:44.526+0000][1][safepoint    ] Total time for which application threads were stopped: 0.0004544 seconds, Stopping threads took: 0.0000186 seconds
[2019-06-24T08:41:44.750+0000][1][safepoint    ] Application time: 0.2244630 seconds
[2019-06-24T08:41:44.750+0000][1][safepoint    ] Entering safepoint region: RevokeBias
[2019-06-24T08:41:44.750+0000][1][safepoint    ] Leaving safepoint region
[2019-06-24T08:41:44.750+0000][1][safepoint    ] Total time for which application threads were stopped: 0.0001139 seconds, Stopping threads took: 0.0000194 seconds
[2019-06-24T08:41:44.785+0000][1][safepoint    ] Application time: 0.0343867 seconds
[2019-06-24T08:41:44.785+0000][1][safepoint    ] Entering safepoint region: RevokeBias
[2019-06-24T08:41:44.785+0000][1][safepoint    ] Leaving safepoint region
[2019-06-24T08:41:44.785+0000][1][safepoint    ] Total time for which application threads were stopped: 0.0000725 seconds, Stopping threads took: 0.0000180 seconds
[2019-06-24T08:41:44.881+0000][1][safepoint    ] Application time: 0.0961501 seconds
[2019-06-24T08:41:44.881+0000][1][safepoint    ] Entering safepoint region: BulkRevokeBias
[2019-06-24T08:41:44.881+0000][1][safepoint    ] Leaving safepoint region
[2019-06-24T08:41:44.881+0000][1][safepoint    ] Total time for which application threads were stopped: 0.0001570 seconds, Stopping threads took: 0.0000310 seconds
[2019-06-24T08:41:44.924+0000][1][safepoint    ] Application time: 0.0422766 seconds
[2019-06-24T08:41:44.924+0000][1][safepoint    ] Entering safepoint region: RevokeBias
[2019-06-24T08:41:44.924+0000][1][safepoint    ] Leaving safepoint region
[2019-06-24T08:41:44.924+0000][1][safepoint    ] Total time for which application threads were stopped: 0.0000781 seconds, Stopping threads took: 0.0000190 seconds
[2019-06-24T08:41:44.924+0000][1][safepoint    ] Application time: 0.0001983 seconds
[2019-06-24T08:41:44.924+0000][1][safepoint    ] Entering safepoint region: RevokeBias
[2019-06-24T08:41:44.924+0000][1][safepoint    ] Leaving safepoint region
[2019-06-24T08:41:44.924+0000][1][safepoint    ] Total time for which application threads were stopped: 0.0000507 seconds, Stopping threads took: 0.0000129 seconds
[2019-06-24T08:41:44.924+0000][1][safepoint    ] Application time: 0.0001052 seconds
[2019-06-24T08:41:44.924+0000][1][safepoint    ] Entering safepoint region: BulkRevokeBias
[2019-06-24T08:41:44.924+0000][1][safepoint    ] Leaving safepoint region
[2019-06-24T08:41:44.924+0000][1][safepoint    ] Total time for which application threads were stopped: 0.0001369 seconds, Stopping threads took: 0.0000227 seconds
[2019-06-24T08:41:44.937+0000][1][safepoint    ] Application time: 0.0131307 seconds
[2019-06-24T08:41:44.937+0000][1][safepoint    ] Entering safepoint region: GenCollectForAllocation
[2019-06-24T08:41:44.938+0000][1][gc,start     ] GC(21) Pause Young (Allocation Failure)
[2019-06-24T08:41:44.938+0000][1][gc,task      ] GC(21) Using 5 workers of 8 for evacuation
[2019-06-24T08:41:44.945+0000][1][gc,age       ] GC(21) Desired survivor size 4456448 bytes, new threshold 2 (max threshold 6)
[2019-06-24T08:41:44.945+0000][1][gc,age       ] GC(21) Age table with threshold 2 (max threshold 6)
[2019-06-24T08:41:44.945+0000][1][gc,age       ] GC(21) - age   1:    3720848 bytes,    3720848 total
[2019-06-24T08:41:44.945+0000][1][gc,age       ] GC(21) - age   2:    1470664 bytes,    5191512 total
[2019-06-24T08:41:44.945+0000][1][gc,age       ] GC(21) - age   3:    2754880 bytes,    7946392 total
[2019-06-24T08:41:44.945+0000][1][gc,heap      ] GC(21) ParNew: 75877K->8704K(78656K)
[2019-06-24T08:41:44.945+0000][1][gc,heap      ] GC(21) CMS: 59990K->60165K(174784K)
[2019-06-24T08:41:44.945+0000][1][gc,metaspace ] GC(21) Metaspace: 62032K->62032K(1105920K)
[2019-06-24T08:41:44.945+0000][1][gc           ] GC(21) Pause Young (Allocation Failure) 132M->67M(247M) 7.259ms
[2019-06-24T08:41:44.945+0000][1][gc,cpu       ] GC(21) User=0.05s Sys=0.00s Real=0.01s
[2019-06-24T08:41:44.945+0000][1][safepoint    ] Leaving safepoint region
[2019-06-24T08:41:44.945+0000][1][safepoint    ] Total time for which application threads were stopped: 0.0073929 seconds, Stopping threads took: 0.0000171 seconds
[2019-06-24T08:41:44.971+0000][1][safepoint    ] Application time: 0.0256275 seconds
[2019-06-24T08:41:44.971+0000][1][safepoint    ] Entering safepoint region: Deoptimize
[2019-06-24T08:41:44.971+0000][1][safepoint    ] Leaving safepoint region
[2019-06-24T08:41:44.971+0000][1][safepoint    ] Total time for which application threads were stopped: 0.0004412 seconds, Stopping threads took: 0.0000131 seconds
[2019-06-24T08:41:44.977+0000][1][safepoint    ] Application time: 0.0064616 seconds
[2019-06-24T08:41:44.978+0000][1][safepoint    ] Entering safepoint region: RevokeBias
[2019-06-24T08:41:44.978+0000][1][safepoint    ] Leaving safepoint region
[2019-06-24T08:41:44.978+0000][1][safepoint    ] Total time for which application threads were stopped: 0.0001495 seconds, Stopping threads took: 0.0000831 seconds
[2019-06-24T08:41:44.978+0000][1][safepoint    ] Application time: 0.0004656 seconds
[2019-06-24T08:41:44.978+0000][1][safepoint    ] Entering safepoint region: RevokeBias
[2019-06-24T08:41:44.978+0000][1][safepoint    ] Leaving safepoint region
[2019-06-24T08:41:44.978+0000][1][safepoint    ] Total time for which application threads were stopped: 0.0000622 seconds, Stopping threads took: 0.0000134 seconds
[2019-06-24T08:41:44.979+0000][1][safepoint    ] Application time: 0.0008177 seconds
[2019-06-24T08:41:44.979+0000][1][safepoint    ] Entering safepoint region: RevokeBias
[2019-06-24T08:41:44.979+0000][1][safepoint    ] Leaving safepoint region
[2019-06-24T08:41:44.979+0000][1][safepoint    ] Total time for which application threads were stopped: 0.0000592 seconds, Stopping threads took: 0.0000138 seconds
[2019-06-24T08:41:44.979+0000][1][safepoint    ] Application time: 0.0003704 seconds
[2019-06-24T08:41:44.980+0000][1][safepoint    ] Entering safepoint region: RevokeBias
[2019-06-24T08:41:44.980+0000][1][safepoint    ] Leaving safepoint region
[2019-06-24T08:41:44.980+0000][1][safepoint    ] Total time for which application threads were stopped: 0.0001483 seconds, Stopping threads took: 0.0000957 seconds
[2019-06-24T08:41:44.980+0000][1][safepoint    ] Application time: 0.0000878 seconds
[2019-06-24T08:41:44.980+0000][1][safepoint    ] Entering safepoint region: RevokeBias
[2019-06-24T08:41:44.980+0000][1][safepoint    ] Leaving safepoint region
[2019-06-24T08:41:44.980+0000][1][safepoint    ] Total time for which application threads were stopped: 0.0000690 seconds, Stopping threads took: 0.0000217 seconds
[2019-06-24T08:41:44.980+0000][1][safepoint    ] Application time: 0.0002057 seconds
[2019-06-24T08:41:44.980+0000][1][safepoint    ] Entering safepoint region: RevokeBias
[2019-06-24T08:41:44.980+0000][1][safepoint    ] Leaving safepoint region
[2019-06-24T08:41:44.980+0000][1][safepoint    ] Total time for which application threads were stopped: 0.0000569 seconds, Stopping threads took: 0.0000108 seconds
[2019-06-24T08:41:44.980+0000][1][safepoint    ] Application time: 0.0002140 seconds
[2019-06-24T08:41:44.980+0000][1][safepoint    ] Entering safepoint region: RevokeBias
[2019-06-24T08:41:44.980+0000][1][safepoint    ] Leaving safepoint region
[2019-06-24T08:41:44.980+0000][1][safepoint    ] Total time for which application threads were stopped: 0.0000522 seconds, Stopping threads took: 0.0000113 seconds
[2019-06-24T08:41:44.981+0000][1][safepoint    ] Application time: 0.0001414 seconds
[2019-06-24T08:41:44.981+0000][1][safepoint    ] Entering safepoint region: RevokeBias
[2019-06-24T08:41:44.981+0000][1][safepoint    ] Leaving safepoint region
[2019-06-24T08:41:44.981+0000][1][safepoint    ] Total time for which application threads were stopped: 0.0000557 seconds, Stopping threads took: 0.0000112 seconds
[2019-06-24T08:41:44.981+0000][1][safepoint    ] Application time: 0.0000377 seconds
[2019-06-24T08:41:44.981+0000][1][safepoint    ] Entering safepoint region: RevokeBias
[2019-06-24T08:41:44.981+0000][1][safepoint    ] Leaving safepoint region
[2019-06-24T08:41:44.981+0000][1][safepoint    ] Total time for which application threads were stopped: 0.0000546 seconds, Stopping threads took: 0.0000108 seconds
[2019-06-24T08:41:44.981+0000][1][safepoint    ] Application time: 0.0004180 seconds
[2019-06-24T08:41:44.981+0000][1][safepoint    ] Entering safepoint region: RevokeBias
[2019-06-24T08:41:44.981+0000][1][safepoint    ] Leaving safepoint region
[2019-06-24T08:41:44.981+0000][1][safepoint    ] Total time for which application threads were stopped: 0.0000526 seconds, Stopping threads took: 0.0000121 seconds
[2019-06-24T08:41:44.982+0000][1][safepoint    ] Application time: 0.0007309 seconds
[2019-06-24T08:41:44.982+0000][1][safepoint    ] Entering safepoint region: RevokeBias
[2019-06-24T08:41:44.982+0000][1][safepoint    ] Leaving safepoint region
[2019-06-24T08:41:44.982+0000][1][safepoint    ] Total time for which application threads were stopped: 0.0000600 seconds, Stopping threads took: 0.0000122 seconds
[2019-06-24T08:41:44.982+0000][1][safepoint    ] Application time: 0.0000774 seconds
[2019-06-24T08:41:44.982+0000][1][safepoint    ] Entering safepoint region: RevokeBias
[2019-06-24T08:41:44.982+0000][1][safepoint    ] Leaving safepoint region
[2019-06-24T08:41:44.982+0000][1][safepoint    ] Total time for which application threads were stopped: 0.0000561 seconds, Stopping threads took: 0.0000110 seconds
[2019-06-24T08:41:44.984+0000][1][safepoint    ] Application time: 0.0018147 seconds
[2019-06-24T08:41:44.984+0000][1][safepoint    ] Entering safepoint region: Deoptimize
[2019-06-24T08:41:44.984+0000][1][safepoint    ] Leaving safepoint region
[2019-06-24T08:41:44.985+0000][1][safepoint    ] Total time for which application threads were stopped: 0.0004503 seconds, Stopping threads took: 0.0000164 seconds
[2019-06-24T08:41:45.003+0000][1][safepoint    ] Application time: 0.0187836 seconds
[2019-06-24T08:41:45.003+0000][1][safepoint    ] Entering safepoint region: RevokeBias
[2019-06-24T08:41:45.003+0000][1][safepoint    ] Leaving safepoint region
[2019-06-24T08:41:45.003+0000][1][safepoint    ] Total time for which application threads were stopped: 0.0001422 seconds, Stopping threads took: 0.0000921 seconds
[2019-06-24T08:41:45.004+0000][1][safepoint    ] Application time: 0.0001270 seconds
[2019-06-24T08:41:45.004+0000][1][safepoint    ] Entering safepoint region: RevokeBias
[2019-06-24T08:41:45.004+0000][1][safepoint    ] Leaving safepoint region
[2019-06-24T08:41:45.004+0000][1][safepoint    ] Total time for which application threads were stopped: 0.0000835 seconds, Stopping threads took: 0.0000463 seconds
[2019-06-24T08:41:45.005+0000][1][safepoint    ] Application time: 0.0012886 seconds
[2019-06-24T08:41:45.005+0000][1][safepoint    ] Entering safepoint region: RevokeBias
[2019-06-24T08:41:45.005+0000][1][safepoint    ] Leaving safepoint region
[2019-06-24T08:41:45.005+0000][1][safepoint    ] Total time for which application threads were stopped: 0.0002411 seconds, Stopping threads took: 0.0001531 seconds
[2019-06-24T08:41:45.006+0000][1][safepoint    ] Application time: 0.0003591 seconds
[2019-06-24T08:41:45.006+0000][1][safepoint    ] Entering safepoint region: RevokeBias
[2019-06-24T08:41:45.006+0000][1][safepoint    ] Leaving safepoint region
[2019-06-24T08:41:45.006+0000][1][safepoint    ] Total time for which application threads were stopped: 0.0001745 seconds, Stopping threads took: 0.0000833 seconds
[2019-06-24T08:41:45.006+0000][1][safepoint    ] Application time: 0.0001272 seconds
[2019-06-24T08:41:45.006+0000][1][safepoint    ] Entering safepoint region: RevokeBias
[2019-06-24T08:41:45.006+0000][1][safepoint    ] Leaving safepoint region
[2019-06-24T08:41:45.006+0000][1][safepoint    ] Total time for which application threads were stopped: 0.0001596 seconds, Stopping threads took: 0.0001162 seconds
[2019-06-24T08:41:45.007+0000][1][safepoint    ] Application time: 0.0004482 seconds
[2019-06-24T08:41:45.007+0000][1][safepoint    ] Entering safepoint region: RevokeBias
[2019-06-24T08:41:45.007+0000][1][safepoint    ] Leaving safepoint region
[2019-06-24T08:41:45.007+0000][1][safepoint    ] Total time for which application threads were stopped: 0.0002724 seconds, Stopping threads took: 0.0002374 seconds
[2019-06-24T08:41:45.007+0000][1][safepoint    ] Application time: 0.0001332 seconds
[2019-06-24T08:41:45.007+0000][1][safepoint    ] Entering safepoint region: RevokeBias
[2019-06-24T08:41:45.007+0000][1][safepoint    ] Leaving safepoint region
[2019-06-24T08:41:45.007+0000][1][safepoint    ] Total time for which application threads were stopped: 0.0001452 seconds, Stopping threads took: 0.0000956 seconds
[2019-06-24T08:41:45.007+0000][1][safepoint    ] Application time: 0.0001209 seconds
[2019-06-24T08:41:45.007+0000][1][safepoint    ] Entering safepoint region: RevokeBias
[2019-06-24T08:41:45.007+0000][1][safepoint    ] Leaving safepoint region
[2019-06-24T08:41:45.007+0000][1][safepoint    ] Total time for which application threads were stopped: 0.0000622 seconds, Stopping threads took: 0.0000267 seconds
[2019-06-24T08:41:45.008+0000][1][safepoint    ] Application time: 0.0003953 seconds
[2019-06-24T08:41:45.008+0000][1][safepoint    ] Entering safepoint region: RevokeBias
[2019-06-24T08:41:45.008+0000][1][safepoint    ] Leaving safepoint region
[2019-06-24T08:41:45.008+0000][1][safepoint    ] Total time for which application threads were stopped: 0.0001905 seconds, Stopping threads took: 0.0001345 seconds
[2019-06-24T08:41:45.008+0000][1][safepoint    ] Application time: 0.0001190 seconds
[2019-06-24T08:41:45.008+0000][1][safepoint    ] Entering safepoint region: RevokeBias
[2019-06-24T08:41:45.008+0000][1][safepoint    ] Leaving safepoint region
[2019-06-24T08:41:45.008+0000][1][safepoint    ] Total time for which application threads were stopped: 0.0000696 seconds, Stopping threads took: 0.0000319 seconds
[2019-06-24T08:41:45.009+0000][1][safepoint    ] Application time: 0.0004157 seconds
[2019-06-24T08:41:45.009+0000][1][safepoint    ] Entering safepoint region: RevokeBias
[2019-06-24T08:41:45.009+0000][1][safepoint    ] Leaving safepoint region
[2019-06-24T08:41:45.009+0000][1][safepoint    ] Total time for which application threads were stopped: 0.0000822 seconds, Stopping threads took: 0.0000426 seconds
[2019-06-24T08:41:45.012+0000][1][safepoint    ] Application time: 0.0032320 seconds
[2019-06-24T08:41:45.012+0000][1][safepoint    ] Entering safepoint region: RevokeBias
[2019-06-24T08:41:45.012+0000][1][safepoint    ] Leaving safepoint region
[2019-06-24T08:41:45.012+0000][1][safepoint    ] Total time for which application threads were stopped: 0.0001693 seconds, Stopping threads took: 0.0001172 seconds
[2019-06-24T08:41:45.012+0000][1][safepoint    ] Application time: 0.0001887 seconds
[2019-06-24T08:41:45.012+0000][1][safepoint    ] Entering safepoint region: RevokeBias
[2019-06-24T08:41:45.013+0000][1][safepoint    ] Leaving safepoint region
[2019-06-24T08:41:45.013+0000][1][safepoint    ] Total time for which application threads were stopped: 0.0001059 seconds, Stopping threads took: 0.0000612 seconds
[2019-06-24T08:41:45.013+0000][1][safepoint    ] Application time: 0.0000925 seconds
[2019-06-24T08:41:45.013+0000][1][safepoint    ] Entering safepoint region: RevokeBias
[2019-06-24T08:41:45.013+0000][1][safepoint    ] Leaving safepoint region
[2019-06-24T08:41:45.013+0000][1][safepoint    ] Total time for which application threads were stopped: 0.0001190 seconds, Stopping threads took: 0.0000644 seconds
[2019-06-24T08:41:45.015+0000][1][safepoint    ] Application time: 0.0018940 seconds
[2019-06-24T08:41:45.015+0000][1][safepoint    ] Entering safepoint region: RevokeBias
[2019-06-24T08:41:45.015+0000][1][safepoint    ] Leaving safepoint region
[2019-06-24T08:41:45.015+0000][1][safepoint    ] Total time for which application threads were stopped: 0.0001986 seconds, Stopping threads took: 0.0001529 seconds
[2019-06-24T08:41:45.015+0000][1][safepoint    ] Application time: 0.0001730 seconds
[2019-06-24T08:41:45.015+0000][1][safepoint    ] Entering safepoint region: RevokeBias
[2019-06-24T08:41:45.015+0000][1][safepoint    ] Leaving safepoint region
[2019-06-24T08:41:45.015+0000][1][safepoint    ] Total time for which application threads were stopped: 0.0001106 seconds, Stopping threads took: 0.0000732 seconds
[2019-06-24T08:41:45.015+0000][1][safepoint    ] Application time: 0.0001780 seconds
[2019-06-24T08:41:45.015+0000][1][safepoint    ] Entering safepoint region: RevokeBias
[2019-06-24T08:41:45.016+0000][1][safepoint    ] Leaving safepoint region
[2019-06-24T08:41:45.016+0000][1][safepoint    ] Total time for which application threads were stopped: 0.0001445 seconds, Stopping threads took: 0.0000947 seconds
[2019-06-24T08:41:45.016+0000][1][safepoint    ] Application time: 0.0000985 seconds
[2019-06-24T08:41:45.019+0000][1][safepoint    ] Entering safepoint region: RevokeBias
[2019-06-24T08:41:45.019+0000][1][safepoint    ] Leaving safepoint region
[2019-06-24T08:41:45.019+0000][1][safepoint    ] Total time for which application threads were stopped: 0.0030598 seconds, Stopping threads took: 0.0030071 seconds
[2019-06-24T08:41:45.020+0000][1][safepoint    ] Application time: 0.0013829 seconds
[2019-06-24T08:41:45.020+0000][1][safepoint    ] Entering safepoint region: RevokeBias
[2019-06-24T08:41:45.020+0000][1][safepoint    ] Leaving safepoint region
[2019-06-24T08:41:45.020+0000][1][safepoint    ] Total time for which application threads were stopped: 0.0000959 seconds, Stopping threads took: 0.0000546 seconds
[2019-06-24T08:41:45.020+0000][1][safepoint    ] Application time: 0.0000907 seconds
[2019-06-24T08:41:45.020+0000][1][safepoint    ] Entering safepoint region: RevokeBias
[2019-06-24T08:41:45.020+0000][1][safepoint    ] Leaving safepoint region
[2019-06-24T08:41:45.020+0000][1][safepoint    ] Total time for which application threads were stopped: 0.0000849 seconds, Stopping threads took: 0.0000450 seconds
[2019-06-24T08:41:45.021+0000][1][safepoint    ] Application time: 0.0003775 seconds
[2019-06-24T08:41:45.021+0000][1][safepoint    ] Entering safepoint region: RevokeBias
[2019-06-24T08:41:45.021+0000][1][safepoint    ] Leaving safepoint region
[2019-06-24T08:41:45.021+0000][1][safepoint    ] Total time for which application threads were stopped: 0.0001298 seconds, Stopping threads took: 0.0000722 seconds
[2019-06-24T08:41:45.021+0000][1][safepoint    ] Application time: 0.0000953 seconds
[2019-06-24T08:41:45.021+0000][1][safepoint    ] Entering safepoint region: RevokeBias
[2019-06-24T08:41:45.021+0000][1][safepoint    ] Leaving safepoint region
[2019-06-24T08:41:45.021+0000][1][safepoint    ] Total time for which application threads were stopped: 0.0000960 seconds, Stopping threads took: 0.0000420 seconds
[2019-06-24T08:41:45.021+0000][1][safepoint    ] Application time: 0.0002903 seconds
[2019-06-24T08:41:45.022+0000][1][safepoint    ] Entering safepoint region: RevokeBias
[2019-06-24T08:41:45.022+0000][1][safepoint    ] Leaving safepoint region
[2019-06-24T08:41:45.022+0000][1][safepoint    ] Total time for which application threads were stopped: 0.0001217 seconds, Stopping threads took: 0.0000695 seconds
[2019-06-24T08:41:45.024+0000][1][safepoint    ] Application time: 0.0023594 seconds
[2019-06-24T08:41:45.024+0000][1][safepoint    ] Entering safepoint region: RevokeBias
[2019-06-24T08:41:45.024+0000][1][safepoint    ] Leaving safepoint region
[2019-06-24T08:41:45.024+0000][1][safepoint    ] Total time for which application threads were stopped: 0.0000809 seconds, Stopping threads took: 0.0000286 seconds
[2019-06-24T08:41:45.025+0000][1][safepoint    ] Application time: 0.0008318 seconds
[2019-06-24T08:41:45.025+0000][1][safepoint    ] Entering safepoint region: RevokeBias
[2019-06-24T08:41:45.025+0000][1][safepoint    ] Leaving safepoint region
[2019-06-24T08:41:45.025+0000][1][safepoint    ] Total time for which application threads were stopped: 0.0001594 seconds, Stopping threads took: 0.0000727 seconds
[2019-06-24T08:41:45.025+0000][1][safepoint    ] Application time: 0.0002296 seconds
[2019-06-24T08:41:45.025+0000][1][safepoint    ] Entering safepoint region: RevokeBias
[2019-06-24T08:41:45.025+0000][1][safepoint    ] Leaving safepoint region
[2019-06-24T08:41:45.025+0000][1][safepoint    ] Total time for which application threads were stopped: 0.0001225 seconds, Stopping threads took: 0.0000484 seconds
[2019-06-24T08:41:45.030+0000][1][safepoint    ] Application time: 0.0047310 seconds
[2019-06-24T08:41:45.030+0000][1][safepoint    ] Entering safepoint region: BulkRevokeBias
[2019-06-24T08:41:45.030+0000][1][safepoint    ] Leaving safepoint region
[2019-06-24T08:41:45.031+0000][1][safepoint    ] Total time for which application threads were stopped: 0.0002698 seconds, Stopping threads took: 0.0000409 seconds
[2019-06-24T08:41:45.031+0000][1][safepoint    ] Application time: 0.0001132 seconds
[2019-06-24T08:41:45.031+0000][1][safepoint    ] Entering safepoint region: RevokeBias
[2019-06-24T08:41:45.031+0000][1][safepoint    ] Leaving safepoint region
[2019-06-24T08:41:45.031+0000][1][safepoint    ] Total time for which application threads were stopped: 0.0001126 seconds, Stopping threads took: 0.0000489 seconds
[2019-06-24T08:41:45.031+0000][1][safepoint    ] Application time: 0.0002130 seconds
[2019-06-24T08:41:45.031+0000][1][safepoint    ] Entering safepoint region: RevokeBias
[2019-06-24T08:41:45.031+0000][1][safepoint    ] Leaving safepoint region
[2019-06-24T08:41:45.031+0000][1][safepoint    ] Total time for which application threads were stopped: 0.0000989 seconds, Stopping threads took: 0.0000339 seconds
[2019-06-24T08:41:45.031+0000][1][safepoint    ] Application time: 0.0003468 seconds
[2019-06-24T08:41:45.032+0000][1][safepoint    ] Entering safepoint region: RevokeBias
[2019-06-24T08:41:45.032+0000][1][safepoint    ] Leaving safepoint region
[2019-06-24T08:41:45.032+0000][1][safepoint    ] Total time for which application threads were stopped: 0.0001500 seconds, Stopping threads took: 0.0000879 seconds
[2019-06-24T08:41:45.032+0000][1][safepoint    ] Application time: 0.0000503 seconds
[2019-06-24T08:41:45.032+0000][1][safepoint    ] Entering safepoint region: RevokeBias
[2019-06-24T08:41:45.032+0000][1][safepoint    ] Leaving safepoint region
[2019-06-24T08:41:45.032+0000][1][safepoint    ] Total time for which application threads were stopped: 0.0001364 seconds, Stopping threads took: 0.0000610 seconds
[2019-06-24T08:41:45.032+0000][1][safepoint    ] Application time: 0.0000492 seconds
[2019-06-24T08:41:45.032+0000][1][safepoint    ] Entering safepoint region: RevokeBias
[2019-06-24T08:41:45.032+0000][1][safepoint    ] Leaving safepoint region
[2019-06-24T08:41:45.032+0000][1][safepoint    ] Total time for which application threads were stopped: 0.0000992 seconds, Stopping threads took: 0.0000341 seconds
[2019-06-24T08:41:45.035+0000][1][safepoint    ] Application time: 0.0026990 seconds
[2019-06-24T08:41:45.035+0000][1][safepoint    ] Entering safepoint region: RevokeBias
[2019-06-24T08:41:45.035+0000][1][safepoint    ] Leaving safepoint region
[2019-06-24T08:41:45.035+0000][1][safepoint    ] Total time for which application threads were stopped: 0.0000740 seconds, Stopping threads took: 0.0000145 seconds
[2019-06-24T08:41:45.035+0000][1][safepoint    ] Application time: 0.0000759 seconds
[2019-06-24T08:41:45.035+0000][1][safepoint    ] Entering safepoint region: RevokeBias
[2019-06-24T08:41:45.035+0000][1][safepoint    ] Leaving safepoint region
[2019-06-24T08:41:45.035+0000][1][safepoint    ] Total time for which application threads were stopped: 0.0000475 seconds, Stopping threads took: 0.0000088 seconds
[2019-06-24T08:41:45.038+0000][1][safepoint    ] Application time: 0.0031322 seconds
[2019-06-24T08:41:45.038+0000][1][safepoint    ] Entering safepoint region: RevokeBias
[2019-06-24T08:41:45.038+0000][1][safepoint    ] Leaving safepoint region
[2019-06-24T08:41:45.038+0000][1][safepoint    ] Total time for which application threads were stopped: 0.0001122 seconds, Stopping threads took: 0.0000457 seconds
[2019-06-24T08:41:45.038+0000][1][safepoint    ] Application time: 0.0000984 seconds
[2019-06-24T08:41:45.038+0000][1][safepoint    ] Entering safepoint region: RevokeBias
[2019-06-24T08:41:45.038+0000][1][safepoint    ] Leaving safepoint region
[2019-06-24T08:41:45.038+0000][1][safepoint    ] Total time for which application threads were stopped: 0.0000787 seconds, Stopping threads took: 0.0000225 seconds
[2019-06-24T08:41:45.039+0000][1][safepoint    ] Application time: 0.0001416 seconds
[2019-06-24T08:41:45.039+0000][1][safepoint    ] Entering safepoint region: RevokeBias
[2019-06-24T08:41:45.039+0000][1][safepoint    ] Leaving safepoint region
[2019-06-24T08:41:45.039+0000][1][safepoint    ] Total time for which application threads were stopped: 0.0001405 seconds, Stopping threads took: 0.0000906 seconds
[2019-06-24T08:41:45.039+0000][1][safepoint    ] Application time: 0.0001154 seconds
[2019-06-24T08:41:45.039+0000][1][safepoint    ] Entering safepoint region: RevokeBias
[2019-06-24T08:41:45.039+0000][1][safepoint    ] Leaving safepoint region
[2019-06-24T08:41:45.039+0000][1][safepoint    ] Total time for which application threads were stopped: 0.0000646 seconds, Stopping threads took: 0.0000249 seconds
[2019-06-24T08:41:45.039+0000][1][safepoint    ] Application time: 0.0001222 seconds
[2019-06-24T08:41:45.039+0000][1][safepoint    ] Entering safepoint region: RevokeBias
[2019-06-24T08:41:45.039+0000][1][safepoint    ] Leaving safepoint region
[2019-06-24T08:41:45.039+0000][1][safepoint    ] Total time for which application threads were stopped: 0.0000748 seconds, Stopping threads took: 0.0000332 seconds
[2019-06-24T08:41:45.042+0000][1][safepoint    ] Application time: 0.0025198 seconds
[2019-06-24T08:41:45.042+0000][1][safepoint    ] Entering safepoint region: RevokeBias
[2019-06-24T08:41:45.042+0000][1][safepoint    ] Leaving safepoint region
[2019-06-24T08:41:45.042+0000][1][safepoint    ] Total time for which application threads were stopped: 0.0000555 seconds, Stopping threads took: 0.0000133 seconds
[2019-06-24T08:41:45.042+0000][1][safepoint    ] Application time: 0.0001264 seconds
[2019-06-24T08:41:45.042+0000][1][safepoint    ] Entering safepoint region: RevokeBias
[2019-06-24T08:41:45.042+0000][1][safepoint    ] Leaving safepoint region
[2019-06-24T08:41:45.042+0000][1][safepoint    ] Total time for which application threads were stopped: 0.0000606 seconds, Stopping threads took: 0.0000258 seconds
[2019-06-24T08:41:45.042+0000][1][safepoint    ] Application time: 0.0000869 seconds
[2019-06-24T08:41:45.042+0000][1][safepoint    ] Entering safepoint region: RevokeBias
[2019-06-24T08:41:45.042+0000][1][safepoint    ] Leaving safepoint region
[2019-06-24T08:41:45.042+0000][1][safepoint    ] Total time for which application threads were stopped: 0.0000958 seconds, Stopping threads took: 0.0000595 seconds
[2019-06-24T08:41:45.042+0000][1][safepoint    ] Application time: 0.0001062 seconds
[2019-06-24T08:41:45.042+0000][1][safepoint    ] Entering safepoint region: RevokeBias
[2019-06-24T08:41:45.042+0000][1][safepoint    ] Leaving safepoint region
[2019-06-24T08:41:45.042+0000][1][safepoint    ] Total time for which application threads were stopped: 0.0000626 seconds, Stopping threads took: 0.0000252 seconds
[2019-06-24T08:41:45.045+0000][1][safepoint    ] Application time: 0.0027037 seconds
[2019-06-24T08:41:45.045+0000][1][safepoint    ] Entering safepoint region: RevokeBias
[2019-06-24T08:41:45.045+0000][1][safepoint    ] Leaving safepoint region
[2019-06-24T08:41:45.045+0000][1][safepoint    ] Total time for which application threads were stopped: 0.0000958 seconds, Stopping threads took: 0.0000140 seconds
[2019-06-24T08:41:45.047+0000][1][safepoint    ] Application time: 0.0014822 seconds
[2019-06-24T08:41:45.047+0000][1][safepoint    ] Entering safepoint region: RevokeBias
[2019-06-24T08:41:45.047+0000][1][safepoint    ] Leaving safepoint region
[2019-06-24T08:41:45.047+0000][1][safepoint    ] Total time for which application threads were stopped: 0.0001069 seconds, Stopping threads took: 0.0000150 seconds
[2019-06-24T08:41:45.048+0000][1][safepoint    ] Application time: 0.0012567 seconds
[2019-06-24T08:41:45.048+0000][1][safepoint    ] Entering safepoint region: RevokeBias
[2019-06-24T08:41:45.048+0000][1][safepoint    ] Leaving safepoint region
[2019-06-24T08:41:45.048+0000][1][safepoint    ] Total time for which application threads were stopped: 0.0002289 seconds, Stopping threads took: 0.0001419 seconds
[2019-06-24T08:41:45.049+0000][1][safepoint    ] Application time: 0.0001415 seconds
[2019-06-24T08:41:45.049+0000][1][safepoint    ] Entering safepoint region: RevokeBias
[2019-06-24T08:41:45.049+0000][1][safepoint    ] Leaving safepoint region
[2019-06-24T08:41:45.049+0000][1][safepoint    ] Total time for which application threads were stopped: 0.0001467 seconds, Stopping threads took: 0.0000845 seconds
[2019-06-24T08:41:45.049+0000][1][safepoint    ] Application time: 0.0000795 seconds
[2019-06-24T08:41:45.049+0000][1][safepoint    ] Entering safepoint region: RevokeBias
[2019-06-24T08:41:45.049+0000][1][safepoint    ] Leaving safepoint region
[2019-06-24T08:41:45.049+0000][1][safepoint    ] Total time for which application threads were stopped: 0.0000707 seconds, Stopping threads took: 0.0000262 seconds
[2019-06-24T08:41:45.496+0000][1][safepoint    ] Application time: 0.4471701 seconds
[2019-06-24T08:41:45.496+0000][1][safepoint    ] Entering safepoint region: RevokeBias
[2019-06-24T08:41:45.496+0000][1][safepoint    ] Leaving safepoint region
[2019-06-24T08:41:45.496+0000][1][safepoint    ] Total time for which application threads were stopped: 0.0001957 seconds, Stopping threads took: 0.0000454 seconds
[2019-06-24T08:41:45.872+0000][1][safepoint    ] Application time: 0.3758644 seconds
[2019-06-24T08:41:45.872+0000][1][safepoint    ] Entering safepoint region: RevokeBias
[2019-06-24T08:41:45.872+0000][1][safepoint    ] Leaving safepoint region
[2019-06-24T08:41:45.872+0000][1][safepoint    ] Total time for which application threads were stopped: 0.0001828 seconds, Stopping threads took: 0.0000439 seconds
[2019-06-24T08:41:45.873+0000][1][safepoint    ] Application time: 0.0002223 seconds
[2019-06-24T08:41:45.873+0000][1][safepoint    ] Entering safepoint region: RevokeBias
[2019-06-24T08:41:45.873+0000][1][safepoint    ] Leaving safepoint region
[2019-06-24T08:41:45.873+0000][1][safepoint    ] Total time for which application threads were stopped: 0.0002127 seconds, Stopping threads took: 0.0001155 seconds
[2019-06-24T08:41:45.873+0000][1][safepoint    ] Application time: 0.0002402 seconds
[2019-06-24T08:41:45.873+0000][1][safepoint    ] Entering safepoint region: RevokeBias
[2019-06-24T08:41:45.874+0000][1][safepoint    ] Leaving safepoint region
[2019-06-24T08:41:45.874+0000][1][safepoint    ] Total time for which application threads were stopped: 0.0003715 seconds, Stopping threads took: 0.0002618 seconds
[2019-06-24T08:41:45.874+0000][1][safepoint    ] Application time: 0.0002251 seconds
[2019-06-24T08:41:45.874+0000][1][safepoint    ] Entering safepoint region: RevokeBias
[2019-06-24T08:41:45.874+0000][1][safepoint    ] Leaving safepoint region
[2019-06-24T08:41:45.874+0000][1][safepoint    ] Total time for which application threads were stopped: 0.0001561 seconds, Stopping threads took: 0.0000608 seconds
[2019-06-24T08:41:45.874+0000][1][safepoint    ] Application time: 0.0002324 seconds
[2019-06-24T08:41:45.874+0000][1][safepoint    ] Entering safepoint region: RevokeBias
[2019-06-24T08:41:45.875+0000][1][safepoint    ] Leaving safepoint region
[2019-06-24T08:41:45.875+0000][1][safepoint    ] Total time for which application threads were stopped: 0.0001936 seconds, Stopping threads took: 0.0000341 seconds
[2019-06-24T08:41:45.875+0000][1][safepoint    ] Application time: 0.0002694 seconds
[2019-06-24T08:41:45.875+0000][1][safepoint    ] Entering safepoint region: RevokeBias
[2019-06-24T08:41:45.875+0000][1][safepoint    ] Leaving safepoint region
[2019-06-24T08:41:45.875+0000][1][safepoint    ] Total time for which application threads were stopped: 0.0001521 seconds, Stopping threads took: 0.0000355 seconds
[2019-06-24T08:41:45.875+0000][1][safepoint    ] Application time: 0.0002075 seconds
[2019-06-24T08:41:45.875+0000][1][safepoint    ] Entering safepoint region: RevokeBias
[2019-06-24T08:41:45.875+0000][1][safepoint    ] Leaving safepoint region
[2019-06-24T08:41:45.876+0000][1][safepoint    ] Total time for which application threads were stopped: 0.0001431 seconds, Stopping threads took: 0.0000342 seconds
[2019-06-24T08:41:45.876+0000][1][safepoint    ] Application time: 0.0002001 seconds
[2019-06-24T08:41:45.876+0000][1][safepoint    ] Entering safepoint region: RevokeBias
[2019-06-24T08:41:45.876+0000][1][safepoint    ] Leaving safepoint region
[2019-06-24T08:41:45.876+0000][1][safepoint    ] Total time for which application threads were stopped: 0.0001476 seconds, Stopping threads took: 0.0000361 seconds
[2019-06-24T08:41:46.008+0000][1][safepoint    ] Application time: 0.1316363 seconds
[2019-06-24T08:41:46.008+0000][1][safepoint    ] Entering safepoint region: RevokeBias
[2019-06-24T08:41:46.008+0000][1][safepoint    ] Leaving safepoint region
[2019-06-24T08:41:46.008+0000][1][safepoint    ] Total time for which application threads were stopped: 0.0004340 seconds, Stopping threads took: 0.0002742 seconds
[2019-06-24T08:41:46.009+0000][1][safepoint    ] Application time: 0.0012498 seconds
[2019-06-24T08:41:46.010+0000][1][safepoint    ] Entering safepoint region: RevokeBias
[2019-06-24T08:41:46.010+0000][1][safepoint    ] Leaving safepoint region
[2019-06-24T08:41:46.010+0000][1][safepoint    ] Total time for which application threads were stopped: 0.0005035 seconds, Stopping threads took: 0.0003316 seconds
[2019-06-24T08:41:46.010+0000][1][safepoint    ] Application time: 0.0002238 seconds
[2019-06-24T08:41:46.010+0000][1][safepoint    ] Entering safepoint region: RevokeBias
[2019-06-24T08:41:46.010+0000][1][safepoint    ] Leaving safepoint region
[2019-06-24T08:41:46.011+0000][1][safepoint    ] Total time for which application threads were stopped: 0.0002425 seconds, Stopping threads took: 0.0001322 seconds
[2019-06-24T08:41:46.011+0000][1][safepoint    ] Application time: 0.0004198 seconds
[2019-06-24T08:41:46.011+0000][1][safepoint    ] Entering safepoint region: RevokeBias
[2019-06-24T08:41:46.011+0000][1][safepoint    ] Leaving safepoint region
[2019-06-24T08:41:46.012+0000][1][safepoint    ] Total time for which application threads were stopped: 0.0004730 seconds, Stopping threads took: 0.0002961 seconds
[2019-06-24T08:41:46.012+0000][1][safepoint    ] Application time: 0.0003385 seconds
[2019-06-24T08:41:46.012+0000][1][safepoint    ] Entering safepoint region: RevokeBias
[2019-06-24T08:41:46.012+0000][1][safepoint    ] Leaving safepoint region
[2019-06-24T08:41:46.013+0000][1][safepoint    ] Total time for which application threads were stopped: 0.0005742 seconds, Stopping threads took: 0.0004173 seconds
[2019-06-24T08:41:46.013+0000][1][safepoint    ] Application time: 0.0005733 seconds
[2019-06-24T08:41:46.014+0000][1][safepoint    ] Entering safepoint region: RevokeBias
[2019-06-24T08:41:46.014+0000][1][safepoint    ] Leaving safepoint region
[2019-06-24T08:41:46.014+0000][1][safepoint    ] Total time for which application threads were stopped: 0.0005787 seconds, Stopping threads took: 0.0004383 seconds
[2019-06-24T08:41:46.014+0000][1][safepoint    ] Application time: 0.0002211 seconds
[2019-06-24T08:41:46.014+0000][1][safepoint    ] Entering safepoint region: RevokeBias
[2019-06-24T08:41:46.014+0000][1][safepoint    ] Leaving safepoint region
[2019-06-24T08:41:46.014+0000][1][safepoint    ] Total time for which application threads were stopped: 0.0002015 seconds, Stopping threads took: 0.0000608 seconds
[2019-06-24T08:41:46.015+0000][1][safepoint    ] Application time: 0.0003930 seconds
[2019-06-24T08:41:46.015+0000][1][safepoint    ] Entering safepoint region: RevokeBias
[2019-06-24T08:41:46.015+0000][1][safepoint    ] Leaving safepoint region
[2019-06-24T08:41:46.015+0000][1][safepoint    ] Total time for which application threads were stopped: 0.0005729 seconds, Stopping threads took: 0.0004425 seconds
[2019-06-24T08:41:46.016+0000][1][safepoint    ] Application time: 0.0003760 seconds
[2019-06-24T08:41:46.016+0000][1][safepoint    ] Entering safepoint region: RevokeBias
[2019-06-24T08:41:46.016+0000][1][safepoint    ] Leaving safepoint region
[2019-06-24T08:41:46.016+0000][1][safepoint    ] Total time for which application threads were stopped: 0.0004718 seconds, Stopping threads took: 0.0003254 seconds
[2019-06-24T08:41:46.016+0000][1][safepoint    ] Application time: 0.0002740 seconds
[2019-06-24T08:41:46.017+0000][1][safepoint    ] Entering safepoint region: RevokeBias
[2019-06-24T08:41:46.017+0000][1][safepoint    ] Leaving safepoint region
[2019-06-24T08:41:46.017+0000][1][safepoint    ] Total time for which application threads were stopped: 0.0001980 seconds, Stopping threads took: 0.0000787 seconds
[2019-06-24T08:41:46.017+0000][1][safepoint    ] Application time: 0.0003396 seconds
[2019-06-24T08:41:46.017+0000][1][safepoint    ] Entering safepoint region: RevokeBias
[2019-06-24T08:41:46.018+0000][1][safepoint    ] Leaving safepoint region
[2019-06-24T08:41:46.018+0000][1][safepoint    ] Total time for which application threads were stopped: 0.0004713 seconds, Stopping threads took: 0.0002982 seconds
[2019-06-24T08:41:46.018+0000][1][safepoint    ] Application time: 0.0006748 seconds
[2019-06-24T08:41:46.019+0000][1][safepoint    ] Entering safepoint region: RevokeBias
[2019-06-24T08:41:46.019+0000][1][safepoint    ] Leaving safepoint region
[2019-06-24T08:41:46.019+0000][1][safepoint    ] Total time for which application threads were stopped: 0.0005228 seconds, Stopping threads took: 0.0003538 seconds
[2019-06-24T08:41:46.019+0000][1][safepoint    ] Application time: 0.0002966 seconds
[2019-06-24T08:41:46.019+0000][1][safepoint    ] Entering safepoint region: RevokeBias
[2019-06-24T08:41:46.019+0000][1][safepoint    ] Leaving safepoint region
[2019-06-24T08:41:46.020+0000][1][safepoint    ] Total time for which application threads were stopped: 0.0001962 seconds, Stopping threads took: 0.0000868 seconds
[2019-06-24T08:41:46.020+0000][1][safepoint    ] Application time: 0.0002115 seconds
[2019-06-24T08:41:46.020+0000][1][safepoint    ] Entering safepoint region: RevokeBias
[2019-06-24T08:41:46.020+0000][1][safepoint    ] Leaving safepoint region
[2019-06-24T08:41:46.020+0000][1][safepoint    ] Total time for which application threads were stopped: 0.0002140 seconds, Stopping threads took: 0.0000713 seconds
[2019-06-24T08:41:46.020+0000][1][safepoint    ] Application time: 0.0003621 seconds
[2019-06-24T08:41:46.021+0000][1][safepoint    ] Entering safepoint region: RevokeBias
[2019-06-24T08:41:46.021+0000][1][safepoint    ] Leaving safepoint region
[2019-06-24T08:41:46.021+0000][1][safepoint    ] Total time for which application threads were stopped: 0.0004700 seconds, Stopping threads took: 0.0002796 seconds
[2019-06-24T08:41:46.021+0000][1][safepoint    ] Application time: 0.0004504 seconds
[2019-06-24T08:41:46.022+0000][1][safepoint    ] Entering safepoint region: RevokeBias
[2019-06-24T08:41:46.022+0000][1][safepoint    ] Leaving safepoint region
[2019-06-24T08:41:46.022+0000][1][safepoint    ] Total time for which application threads were stopped: 0.0004960 seconds, Stopping threads took: 0.0003278 seconds
[2019-06-24T08:41:46.022+0000][1][safepoint    ] Application time: 0.0002435 seconds
[2019-06-24T08:41:46.022+0000][1][safepoint    ] Entering safepoint region: RevokeBias
[2019-06-24T08:41:46.023+0000][1][safepoint    ] Leaving safepoint region
[2019-06-24T08:41:46.023+0000][1][safepoint    ] Total time for which application threads were stopped: 0.0003906 seconds, Stopping threads took: 0.0002555 seconds
[2019-06-24T08:41:46.023+0000][1][safepoint    ] Application time: 0.0001648 seconds
[2019-06-24T08:41:46.023+0000][1][safepoint    ] Entering safepoint region: RevokeBias
[2019-06-24T08:41:46.023+0000][1][safepoint    ] Leaving safepoint region
[2019-06-24T08:41:46.023+0000][1][safepoint    ] Total time for which application threads were stopped: 0.0001993 seconds, Stopping threads took: 0.0000914 seconds
[2019-06-24T08:41:46.023+0000][1][safepoint    ] Application time: 0.0003251 seconds
[2019-06-24T08:41:46.024+0000][1][safepoint    ] Entering safepoint region: RevokeBias
[2019-06-24T08:41:46.024+0000][1][safepoint    ] Leaving safepoint region
[2019-06-24T08:41:46.024+0000][1][safepoint    ] Total time for which application threads were stopped: 0.0002322 seconds, Stopping threads took: 0.0001216 seconds
[2019-06-24T08:41:46.024+0000][1][safepoint    ] Application time: 0.0002208 seconds
[2019-06-24T08:41:46.024+0000][1][safepoint    ] Entering safepoint region: RevokeBias
[2019-06-24T08:41:46.024+0000][1][safepoint    ] Leaving safepoint region
[2019-06-24T08:41:46.024+0000][1][safepoint    ] Total time for which application threads were stopped: 0.0001912 seconds, Stopping threads took: 0.0000745 seconds
[2019-06-24T08:41:46.024+0000][1][safepoint    ] Application time: 0.0002288 seconds
[2019-06-24T08:41:46.025+0000][1][safepoint    ] Entering safepoint region: RevokeBias
[2019-06-24T08:41:46.025+0000][1][safepoint    ] Leaving safepoint region
[2019-06-24T08:41:46.025+0000][1][safepoint    ] Total time for which application threads were stopped: 0.0002130 seconds, Stopping threads took: 0.0000704 seconds
[2019-06-24T08:41:46.025+0000][1][safepoint    ] Application time: 0.0005408 seconds
[2019-06-24T08:41:46.025+0000][1][safepoint    ] Entering safepoint region: RevokeBias
[2019-06-24T08:41:46.026+0000][1][safepoint    ] Leaving safepoint region
[2019-06-24T08:41:46.026+0000][1][safepoint    ] Total time for which application threads were stopped: 0.0001880 seconds, Stopping threads took: 0.0000928 seconds
[2019-06-24T08:41:46.026+0000][1][safepoint    ] Application time: 0.0002057 seconds
[2019-06-24T08:41:46.026+0000][1][safepoint    ] Entering safepoint region: RevokeBias
[2019-06-24T08:41:46.026+0000][1][safepoint    ] Leaving safepoint region
[2019-06-24T08:41:46.026+0000][1][safepoint    ] Total time for which application threads were stopped: 0.0001745 seconds, Stopping threads took: 0.0000853 seconds
[2019-06-24T08:41:46.026+0000][1][safepoint    ] Application time: 0.0002137 seconds
[2019-06-24T08:41:46.026+0000][1][safepoint    ] Entering safepoint region: RevokeBias
[2019-06-24T08:41:46.026+0000][1][safepoint    ] Leaving safepoint region
[2019-06-24T08:41:46.026+0000][1][safepoint    ] Total time for which application threads were stopped: 0.0001326 seconds, Stopping threads took: 0.0000399 seconds
[2019-06-24T08:41:47.010+0000][1][safepoint    ] Application time: 0.9834163 seconds
[2019-06-24T08:41:47.010+0000][1][safepoint    ] Entering safepoint region: RevokeBias
[2019-06-24T08:41:47.010+0000][1][safepoint    ] Leaving safepoint region
[2019-06-24T08:41:47.011+0000][1][safepoint    ] Total time for which application threads were stopped: 0.0006162 seconds, Stopping threads took: 0.0002628 seconds
[2019-06-24T08:41:47.011+0000][1][safepoint    ] Application time: 0.0007056 seconds
[2019-06-24T08:41:47.012+0000][1][safepoint    ] Entering safepoint region: RevokeBias
[2019-06-24T08:41:47.012+0000][1][safepoint    ] Leaving safepoint region
[2019-06-24T08:41:47.012+0000][1][safepoint    ] Total time for which application threads were stopped: 0.0005344 seconds, Stopping threads took: 0.0003338 seconds
[2019-06-24T08:41:47.012+0000][1][safepoint    ] Application time: 0.0003482 seconds
[2019-06-24T08:41:47.012+0000][1][safepoint    ] Entering safepoint region: RevokeBias
[2019-06-24T08:41:47.013+0000][1][safepoint    ] Leaving safepoint region
[2019-06-24T08:41:47.013+0000][1][safepoint    ] Total time for which application threads were stopped: 0.0003406 seconds, Stopping threads took: 0.0001978 seconds
[2019-06-24T08:41:47.013+0000][1][safepoint    ] Application time: 0.0002978 seconds
[2019-06-24T08:41:47.013+0000][1][safepoint    ] Entering safepoint region: RevokeBias
[2019-06-24T08:41:47.013+0000][1][safepoint    ] Leaving safepoint region
[2019-06-24T08:41:47.013+0000][1][safepoint    ] Total time for which application threads were stopped: 0.0003997 seconds, Stopping threads took: 0.0001663 seconds
[2019-06-24T08:41:47.014+0000][1][safepoint    ] Application time: 0.0003289 seconds
[2019-06-24T08:41:47.014+0000][1][safepoint    ] Entering safepoint region: RevokeBias
[2019-06-24T08:41:47.014+0000][1][safepoint    ] Leaving safepoint region
[2019-06-24T08:41:47.014+0000][1][safepoint    ] Total time for which application threads were stopped: 0.0003095 seconds, Stopping threads took: 0.0000848 seconds
[2019-06-24T08:41:47.015+0000][1][safepoint    ] Application time: 0.0004991 seconds
[2019-06-24T08:41:47.015+0000][1][safepoint    ] Entering safepoint region: RevokeBias
[2019-06-24T08:41:47.015+0000][1][safepoint    ] Leaving safepoint region
[2019-06-24T08:41:47.015+0000][1][safepoint    ] Total time for which application threads were stopped: 0.0002954 seconds, Stopping threads took: 0.0001010 seconds
[2019-06-24T08:41:47.015+0000][1][safepoint    ] Application time: 0.0003418 seconds
[2019-06-24T08:41:47.015+0000][1][safepoint    ] Entering safepoint region: RevokeBias
[2019-06-24T08:41:47.016+0000][1][safepoint    ] Leaving safepoint region
[2019-06-24T08:41:47.016+0000][1][safepoint    ] Total time for which application threads were stopped: 0.0003272 seconds, Stopping threads took: 0.0001045 seconds
[2019-06-24T08:41:47.016+0000][1][safepoint    ] Application time: 0.0005402 seconds
[2019-06-24T08:41:47.016+0000][1][safepoint    ] Entering safepoint region: RevokeBias
[2019-06-24T08:41:47.017+0000][1][safepoint    ] Leaving safepoint region
[2019-06-24T08:41:47.017+0000][1][safepoint    ] Total time for which application threads were stopped: 0.0002404 seconds, Stopping threads took: 0.0000607 seconds
[2019-06-24T08:41:47.017+0000][1][safepoint    ] Application time: 0.0002586 seconds
[2019-06-24T08:41:47.017+0000][1][safepoint    ] Entering safepoint region: RevokeBias
[2019-06-24T08:41:47.017+0000][1][safepoint    ] Leaving safepoint region
[2019-06-24T08:41:47.017+0000][1][safepoint    ] Total time for which application threads were stopped: 0.0001824 seconds, Stopping threads took: 0.0000738 seconds
[2019-06-24T08:41:47.018+0000][1][safepoint    ] Application time: 0.0006659 seconds
[2019-06-24T08:41:47.018+0000][1][safepoint    ] Entering safepoint region: RevokeBias
[2019-06-24T08:41:47.018+0000][1][safepoint    ] Leaving safepoint region
[2019-06-24T08:41:47.018+0000][1][safepoint    ] Total time for which application threads were stopped: 0.0002325 seconds, Stopping threads took: 0.0000726 seconds
[2019-06-24T08:41:47.019+0000][1][safepoint    ] Application time: 0.0005378 seconds
[2019-06-24T08:41:47.019+0000][1][safepoint    ] Entering safepoint region: RevokeBias
[2019-06-24T08:41:47.019+0000][1][safepoint    ] Leaving safepoint region
[2019-06-24T08:41:47.019+0000][1][safepoint    ] Total time for which application threads were stopped: 0.0003175 seconds, Stopping threads took: 0.0001454 seconds
[2019-06-24T08:41:47.019+0000][1][safepoint    ] Application time: 0.0002603 seconds
[2019-06-24T08:41:47.019+0000][1][safepoint    ] Entering safepoint region: RevokeBias
[2019-06-24T08:41:47.020+0000][1][safepoint    ] Leaving safepoint region
[2019-06-24T08:41:47.020+0000][1][safepoint    ] Total time for which application threads were stopped: 0.0003737 seconds, Stopping threads took: 0.0001497 seconds
[2019-06-24T08:41:47.020+0000][1][safepoint    ] Application time: 0.0001863 seconds
[2019-06-24T08:41:47.020+0000][1][safepoint    ] Entering safepoint region: RevokeBias
[2019-06-24T08:41:47.020+0000][1][safepoint    ] Leaving safepoint region
[2019-06-24T08:41:47.020+0000][1][safepoint    ] Total time for which application threads were stopped: 0.0002159 seconds, Stopping threads took: 0.0000736 seconds
[2019-06-24T08:41:47.021+0000][1][safepoint    ] Application time: 0.0002506 seconds
[2019-06-24T08:41:47.021+0000][1][safepoint    ] Entering safepoint region: RevokeBias
[2019-06-24T08:41:47.021+0000][1][safepoint    ] Leaving safepoint region
[2019-06-24T08:41:47.021+0000][1][safepoint    ] Total time for which application threads were stopped: 0.0005810 seconds, Stopping threads took: 0.0003577 seconds
[2019-06-24T08:41:47.022+0000][1][safepoint    ] Application time: 0.0003801 seconds
[2019-06-24T08:41:47.022+0000][1][safepoint    ] Entering safepoint region: RevokeBias
[2019-06-24T08:41:47.022+0000][1][safepoint    ] Leaving safepoint region
[2019-06-24T08:41:47.022+0000][1][safepoint    ] Total time for which application threads were stopped: 0.0005225 seconds, Stopping threads took: 0.0003967 seconds
[2019-06-24T08:41:47.023+0000][1][safepoint    ] Application time: 0.0007309 seconds
[2019-06-24T08:41:47.023+0000][1][safepoint    ] Entering safepoint region: RevokeBias
[2019-06-24T08:41:47.023+0000][1][safepoint    ] Leaving safepoint region
[2019-06-24T08:41:47.023+0000][1][safepoint    ] Total time for which application threads were stopped: 0.0004297 seconds, Stopping threads took: 0.0002911 seconds
[2019-06-24T08:41:47.024+0000][1][safepoint    ] Application time: 0.0001718 seconds
[2019-06-24T08:41:47.024+0000][1][safepoint    ] Entering safepoint region: RevokeBias
[2019-06-24T08:41:47.024+0000][1][safepoint    ] Leaving safepoint region
[2019-06-24T08:41:47.024+0000][1][safepoint    ] Total time for which application threads were stopped: 0.0003489 seconds, Stopping threads took: 0.0002092 seconds
[2019-06-24T08:41:47.024+0000][1][safepoint    ] Application time: 0.0004741 seconds
[2019-06-24T08:41:47.025+0000][1][safepoint    ] Entering safepoint region: RevokeBias
[2019-06-24T08:41:47.025+0000][1][safepoint    ] Leaving safepoint region
[2019-06-24T08:41:47.025+0000][1][safepoint    ] Total time for which application threads were stopped: 0.0003308 seconds, Stopping threads took: 0.0002035 seconds
[2019-06-24T08:41:47.025+0000][1][safepoint    ] Application time: 0.0002590 seconds
[2019-06-24T08:41:47.025+0000][1][safepoint    ] Entering safepoint region: RevokeBias
[2019-06-24T08:41:47.026+0000][1][safepoint    ] Leaving safepoint region
[2019-06-24T08:41:47.026+0000][1][safepoint    ] Total time for which application threads were stopped: 0.0003291 seconds, Stopping threads took: 0.0002026 seconds
[2019-06-24T08:41:48.009+0000][1][safepoint    ] Application time: 0.9830831 seconds
[2019-06-24T08:41:48.009+0000][1][safepoint    ] Entering safepoint region: RevokeBias
[2019-06-24T08:41:48.009+0000][1][safepoint    ] Leaving safepoint region
[2019-06-24T08:41:48.009+0000][1][safepoint    ] Total time for which application threads were stopped: 0.0006560 seconds, Stopping threads took: 0.0003682 seconds
[2019-06-24T08:41:48.011+0000][1][safepoint    ] Application time: 0.0016400 seconds
[2019-06-24T08:41:48.011+0000][1][safepoint    ] Entering safepoint region: RevokeBias
[2019-06-24T08:41:48.012+0000][1][safepoint    ] Leaving safepoint region
[2019-06-24T08:41:48.012+0000][1][safepoint    ] Total time for which application threads were stopped: 0.0005655 seconds, Stopping threads took: 0.0003386 seconds
[2019-06-24T08:41:48.013+0000][1][safepoint    ] Application time: 0.0011781 seconds
[2019-06-24T08:41:48.013+0000][1][safepoint    ] Entering safepoint region: RevokeBias
[2019-06-24T08:41:48.014+0000][1][safepoint    ] Leaving safepoint region
[2019-06-24T08:41:48.014+0000][1][safepoint    ] Total time for which application threads were stopped: 0.0006222 seconds, Stopping threads took: 0.0004070 seconds
[2019-06-24T08:41:48.014+0000][1][safepoint    ] Application time: 0.0005694 seconds
[2019-06-24T08:41:48.015+0000][1][safepoint    ] Entering safepoint region: RevokeBias
[2019-06-24T08:41:48.015+0000][1][safepoint    ] Leaving safepoint region
[2019-06-24T08:41:48.015+0000][1][safepoint    ] Total time for which application threads were stopped: 0.0007505 seconds, Stopping threads took: 0.0005449 seconds
[2019-06-24T08:41:48.016+0000][1][safepoint    ] Application time: 0.0008491 seconds
[2019-06-24T08:41:48.016+0000][1][safepoint    ] Entering safepoint region: RevokeBias
[2019-06-24T08:41:48.016+0000][1][safepoint    ] Leaving safepoint region
[2019-06-24T08:41:48.016+0000][1][safepoint    ] Total time for which application threads were stopped: 0.0004611 seconds, Stopping threads took: 0.0002388 seconds
[2019-06-24T08:41:48.017+0000][1][safepoint    ] Application time: 0.0003080 seconds
[2019-06-24T08:41:48.017+0000][1][safepoint    ] Entering safepoint region: RevokeBias
[2019-06-24T08:41:48.017+0000][1][safepoint    ] Leaving safepoint region
[2019-06-24T08:41:48.017+0000][1][safepoint    ] Total time for which application threads were stopped: 0.0004481 seconds, Stopping threads took: 0.0002669 seconds
[2019-06-24T08:41:48.018+0000][1][safepoint    ] Application time: 0.0004325 seconds
[2019-06-24T08:41:48.018+0000][1][safepoint    ] Entering safepoint region: RevokeBias
[2019-06-24T08:41:48.018+0000][1][safepoint    ] Leaving safepoint region
[2019-06-24T08:41:48.018+0000][1][safepoint    ] Total time for which application threads were stopped: 0.0004103 seconds, Stopping threads took: 0.0002530 seconds
[2019-06-24T08:41:48.019+0000][1][safepoint    ] Application time: 0.0003488 seconds
[2019-06-24T08:41:48.019+0000][1][safepoint    ] Entering safepoint region: RevokeBias
[2019-06-24T08:41:48.019+0000][1][safepoint    ] Leaving safepoint region
[2019-06-24T08:41:48.019+0000][1][safepoint    ] Total time for which application threads were stopped: 0.0003450 seconds, Stopping threads took: 0.0001944 seconds
[2019-06-24T08:41:48.020+0000][1][safepoint    ] Application time: 0.0005887 seconds
[2019-06-24T08:41:48.020+0000][1][safepoint    ] Entering safepoint region: RevokeBias
[2019-06-24T08:41:48.020+0000][1][safepoint    ] Leaving safepoint region
[2019-06-24T08:41:48.020+0000][1][safepoint    ] Total time for which application threads were stopped: 0.0003460 seconds, Stopping threads took: 0.0001899 seconds
[2019-06-24T08:41:48.020+0000][1][safepoint    ] Application time: 0.0003151 seconds
[2019-06-24T08:41:48.021+0000][1][safepoint    ] Entering safepoint region: RevokeBias
[2019-06-24T08:41:48.021+0000][1][safepoint    ] Leaving safepoint region
[2019-06-24T08:41:48.021+0000][1][safepoint    ] Total time for which application threads were stopped: 0.0003478 seconds, Stopping threads took: 0.0001870 seconds
[2019-06-24T08:41:48.021+0000][1][safepoint    ] Application time: 0.0004026 seconds
[2019-06-24T08:41:48.021+0000][1][safepoint    ] Entering safepoint region: RevokeBias
[2019-06-24T08:41:48.022+0000][1][safepoint    ] Leaving safepoint region
[2019-06-24T08:41:48.022+0000][1][safepoint    ] Total time for which application threads were stopped: 0.0002913 seconds, Stopping threads took: 0.0001515 seconds
[2019-06-24T08:41:48.022+0000][1][safepoint    ] Application time: 0.0002498 seconds
[2019-06-24T08:41:48.022+0000][1][safepoint    ] Entering safepoint region: RevokeBias
[2019-06-24T08:41:48.022+0000][1][safepoint    ] Leaving safepoint region
[2019-06-24T08:41:48.022+0000][1][safepoint    ] Total time for which application threads were stopped: 0.0003281 seconds, Stopping threads took: 0.0001960 seconds
[2019-06-24T08:41:48.023+0000][1][safepoint    ] Application time: 0.0003465 seconds
[2019-06-24T08:41:48.023+0000][1][safepoint    ] Entering safepoint region: RevokeBias
[2019-06-24T08:41:48.023+0000][1][safepoint    ] Leaving safepoint region
[2019-06-24T08:41:48.023+0000][1][safepoint    ] Total time for which application threads were stopped: 0.0004062 seconds, Stopping threads took: 0.0002445 seconds
[2019-06-24T08:41:48.023+0000][1][safepoint    ] Application time: 0.0002534 seconds
[2019-06-24T08:41:48.024+0000][1][safepoint    ] Entering safepoint region: RevokeBias
[2019-06-24T08:41:48.024+0000][1][safepoint    ] Leaving safepoint region
[2019-06-24T08:41:48.024+0000][1][safepoint    ] Total time for which application threads were stopped: 0.0003623 seconds, Stopping threads took: 0.0001795 seconds
[2019-06-24T08:41:48.025+0000][1][safepoint    ] Application time: 0.0009870 seconds
[2019-06-24T08:41:48.025+0000][1][safepoint    ] Entering safepoint region: RevokeBias
[2019-06-24T08:41:48.025+0000][1][safepoint    ] Leaving safepoint region
[2019-06-24T08:41:48.025+0000][1][safepoint    ] Total time for which application threads were stopped: 0.0004050 seconds, Stopping threads took: 0.0001906 seconds
[2019-06-24T08:41:48.026+0000][1][safepoint    ] Application time: 0.0006714 seconds
[2019-06-24T08:41:48.026+0000][1][safepoint    ] Entering safepoint region: RevokeBias
[2019-06-24T08:41:48.027+0000][1][safepoint    ] Leaving safepoint region
[2019-06-24T08:41:48.027+0000][1][safepoint    ] Total time for which application threads were stopped: 0.0007523 seconds, Stopping threads took: 0.0005142 seconds
[2019-06-24T08:41:48.027+0000][1][safepoint    ] Application time: 0.0002670 seconds
[2019-06-24T08:41:48.027+0000][1][safepoint    ] Entering safepoint region: RevokeBias
[2019-06-24T08:41:48.028+0000][1][safepoint    ] Leaving safepoint region
[2019-06-24T08:41:48.028+0000][1][safepoint    ] Total time for which application threads were stopped: 0.0004063 seconds, Stopping threads took: 0.0002221 seconds
[2019-06-24T08:41:48.028+0000][1][safepoint    ] Application time: 0.0006239 seconds
[2019-06-24T08:41:48.028+0000][1][safepoint    ] Entering safepoint region: RevokeBias
[2019-06-24T08:41:48.029+0000][1][safepoint    ] Leaving safepoint region
[2019-06-24T08:41:48.029+0000][1][safepoint    ] Total time for which application threads were stopped: 0.0003863 seconds, Stopping threads took: 0.0002330 seconds
[2019-06-24T08:41:48.029+0000][1][safepoint    ] Application time: 0.0004495 seconds
[2019-06-24T08:41:48.029+0000][1][safepoint    ] Entering safepoint region: RevokeBias
[2019-06-24T08:41:48.030+0000][1][safepoint    ] Leaving safepoint region
[2019-06-24T08:41:48.030+0000][1][safepoint    ] Total time for which application threads were stopped: 0.0003216 seconds, Stopping threads took: 0.0001741 seconds
[2019-06-24T08:41:49.009+0000][1][safepoint    ] Application time: 0.9795368 seconds
[2019-06-24T08:41:49.009+0000][1][safepoint    ] Entering safepoint region: RevokeBias
[2019-06-24T08:41:49.010+0000][1][safepoint    ] Leaving safepoint region
[2019-06-24T08:41:49.010+0000][1][safepoint    ] Total time for which application threads were stopped: 0.0005772 seconds, Stopping threads took: 0.0003327 seconds
[2019-06-24T08:41:49.011+0000][1][safepoint    ] Application time: 0.0010348 seconds
[2019-06-24T08:41:49.011+0000][1][safepoint    ] Entering safepoint region: RevokeBias
[2019-06-24T08:41:49.012+0000][1][safepoint    ] Leaving safepoint region
[2019-06-24T08:41:49.012+0000][1][safepoint    ] Total time for which application threads were stopped: 0.0009637 seconds, Stopping threads took: 0.0003045 seconds
[2019-06-24T08:41:49.012+0000][1][safepoint    ] Application time: 0.0003646 seconds
[2019-06-24T08:41:49.012+0000][1][safepoint    ] Entering safepoint region: BulkRevokeBias
[2019-06-24T08:41:49.013+0000][1][safepoint    ] Leaving safepoint region
[2019-06-24T08:41:49.013+0000][1][safepoint    ] Total time for which application threads were stopped: 0.0004222 seconds, Stopping threads took: 0.0000338 seconds
[2019-06-24T08:41:49.013+0000][1][safepoint    ] Application time: 0.0001196 seconds
[2019-06-24T08:41:49.013+0000][1][safepoint    ] Entering safepoint region: RevokeBias
[2019-06-24T08:41:49.013+0000][1][safepoint    ] Leaving safepoint region
[2019-06-24T08:41:49.013+0000][1][safepoint    ] Total time for which application threads were stopped: 0.0000746 seconds, Stopping threads took: 0.0000154 seconds
[2019-06-24T08:41:49.013+0000][1][safepoint    ] Application time: 0.0002763 seconds
[2019-06-24T08:41:49.013+0000][1][safepoint    ] Entering safepoint region: BulkRevokeBias
[2019-06-24T08:41:49.014+0000][1][safepoint    ] Leaving safepoint region
[2019-06-24T08:41:49.014+0000][1][safepoint    ] Total time for which application threads were stopped: 0.0003105 seconds, Stopping threads took: 0.0000659 seconds
[2019-06-24T08:41:49.014+0000][1][safepoint    ] Application time: 0.0001925 seconds
[2019-06-24T08:41:49.014+0000][1][safepoint    ] Entering safepoint region: RevokeBias
[2019-06-24T08:41:49.014+0000][1][safepoint    ] Leaving safepoint region
[2019-06-24T08:41:49.014+0000][1][safepoint    ] Total time for which application threads were stopped: 0.0001967 seconds, Stopping threads took: 0.0001301 seconds
[2019-06-24T08:41:49.014+0000][1][safepoint    ] Application time: 0.0001781 seconds
[2019-06-24T08:41:49.014+0000][1][safepoint    ] Entering safepoint region: RevokeBias
[2019-06-24T08:41:49.014+0000][1][safepoint    ] Leaving safepoint region
[2019-06-24T08:41:49.014+0000][1][safepoint    ] Total time for which application threads were stopped: 0.0001443 seconds, Stopping threads took: 0.0000875 seconds
[2019-06-24T08:41:49.014+0000][1][safepoint    ] Application time: 0.0000795 seconds
[2019-06-24T08:41:49.015+0000][1][safepoint    ] Entering safepoint region: RevokeBias
[2019-06-24T08:41:49.015+0000][1][safepoint    ] Leaving safepoint region
[2019-06-24T08:41:49.015+0000][1][safepoint    ] Total time for which application threads were stopped: 0.0002191 seconds, Stopping threads took: 0.0001682 seconds
[2019-06-24T08:41:49.015+0000][1][safepoint    ] Application time: 0.0001007 seconds
[2019-06-24T08:41:49.015+0000][1][safepoint    ] Entering safepoint region: RevokeBias
[2019-06-24T08:41:49.015+0000][1][safepoint    ] Leaving safepoint region
[2019-06-24T08:41:49.015+0000][1][safepoint    ] Total time for which application threads were stopped: 0.0000705 seconds, Stopping threads took: 0.0000285 seconds
[2019-06-24T08:41:49.015+0000][1][safepoint    ] Application time: 0.0001843 seconds
[2019-06-24T08:41:49.015+0000][1][safepoint    ] Entering safepoint region: RevokeBias
[2019-06-24T08:41:49.016+0000][1][safepoint    ] Leaving safepoint region
[2019-06-24T08:41:49.016+0000][1][safepoint    ] Total time for which application threads were stopped: 0.0004667 seconds, Stopping threads took: 0.0000888 seconds
[2019-06-24T08:41:49.016+0000][1][safepoint    ] Application time: 0.0001232 seconds
[2019-06-24T08:41:49.016+0000][1][safepoint    ] Entering safepoint region: RevokeBias
[2019-06-24T08:41:49.016+0000][1][safepoint    ] Leaving safepoint region
[2019-06-24T08:41:49.016+0000][1][safepoint    ] Total time for which application threads were stopped: 0.0001903 seconds, Stopping threads took: 0.0001271 seconds
[2019-06-24T08:41:49.016+0000][1][safepoint    ] Application time: 0.0000624 seconds
[2019-06-24T08:41:49.016+0000][1][safepoint    ] Entering safepoint region: RevokeBias
[2019-06-24T08:41:49.016+0000][1][safepoint    ] Leaving safepoint region
[2019-06-24T08:41:49.016+0000][1][safepoint    ] Total time for which application threads were stopped: 0.0000914 seconds, Stopping threads took: 0.0000429 seconds
[2019-06-24T08:41:49.016+0000][1][safepoint    ] Application time: 0.0001616 seconds
[2019-06-24T08:41:49.016+0000][1][safepoint    ] Entering safepoint region: RevokeBias
[2019-06-24T08:41:49.016+0000][1][safepoint    ] Leaving safepoint region
[2019-06-24T08:41:49.016+0000][1][safepoint    ] Total time for which application threads were stopped: 0.0000970 seconds, Stopping threads took: 0.0000320 seconds
[2019-06-24T08:41:49.016+0000][1][safepoint    ] Application time: 0.0000768 seconds
[2019-06-24T08:41:49.016+0000][1][safepoint    ] Entering safepoint region: BulkRevokeBias
[2019-06-24T08:41:49.017+0000][1][safepoint    ] Leaving safepoint region
[2019-06-24T08:41:49.017+0000][1][safepoint    ] Total time for which application threads were stopped: 0.0002292 seconds, Stopping threads took: 0.0000164 seconds
[2019-06-24T08:41:49.017+0000][1][safepoint    ] Application time: 0.0000624 seconds
[2019-06-24T08:41:49.017+0000][1][safepoint    ] Entering safepoint region: BulkRevokeBias
[2019-06-24T08:41:49.017+0000][1][safepoint    ] Leaving safepoint region
[2019-06-24T08:41:49.017+0000][1][safepoint    ] Total time for which application threads were stopped: 0.0002248 seconds, Stopping threads took: 0.0000329 seconds
[2019-06-24T08:41:49.017+0000][1][safepoint    ] Application time: 0.0000576 seconds
[2019-06-24T08:41:49.017+0000][1][safepoint    ] Entering safepoint region: BulkRevokeBias
[2019-06-24T08:41:49.017+0000][1][safepoint    ] Leaving safepoint region
[2019-06-24T08:41:49.017+0000][1][safepoint    ] Total time for which application threads were stopped: 0.0002468 seconds, Stopping threads took: 0.0000760 seconds
[2019-06-24T08:41:50.009+0000][1][safepoint    ] Application time: 0.9918515 seconds
[2019-06-24T08:41:50.010+0000][1][safepoint    ] Entering safepoint region: RevokeBias
[2019-06-24T08:41:50.010+0000][1][safepoint    ] Leaving safepoint region
[2019-06-24T08:41:50.010+0000][1][safepoint    ] Total time for which application threads were stopped: 0.0006902 seconds, Stopping threads took: 0.0004180 seconds
[2019-06-24T08:41:50.010+0000][1][safepoint    ] Application time: 0.0004066 seconds
[2019-06-24T08:41:50.011+0000][1][safepoint    ] Entering safepoint region: RevokeBias
[2019-06-24T08:41:50.011+0000][1][safepoint    ] Leaving safepoint region
[2019-06-24T08:41:50.011+0000][1][safepoint    ] Total time for which application threads were stopped: 0.0006557 seconds, Stopping threads took: 0.0004532 seconds
[2019-06-24T08:41:50.012+0000][1][safepoint    ] Application time: 0.0012047 seconds
[2019-06-24T08:41:50.013+0000][1][safepoint    ] Entering safepoint region: RevokeBias
[2019-06-24T08:41:50.013+0000][1][safepoint    ] Leaving safepoint region
[2019-06-24T08:41:50.013+0000][1][safepoint    ] Total time for which application threads were stopped: 0.0004567 seconds, Stopping threads took: 0.0002387 seconds
[2019-06-24T08:41:50.013+0000][1][safepoint    ] Application time: 0.0001412 seconds
[2019-06-24T08:41:50.013+0000][1][safepoint    ] Entering safepoint region: RevokeBias
[2019-06-24T08:41:50.013+0000][1][safepoint    ] Leaving safepoint region
[2019-06-24T08:41:50.013+0000][1][safepoint    ] Total time for which application threads were stopped: 0.0001598 seconds, Stopping threads took: 0.0001084 seconds
[2019-06-24T08:41:50.014+0000][1][safepoint    ] Application time: 0.0002258 seconds
[2019-06-24T08:41:50.014+0000][1][safepoint    ] Entering safepoint region: RevokeBias
[2019-06-24T08:41:50.014+0000][1][safepoint    ] Leaving safepoint region
[2019-06-24T08:41:50.014+0000][1][safepoint    ] Total time for which application threads were stopped: 0.0001676 seconds, Stopping threads took: 0.0001210 seconds
[2019-06-24T08:41:50.014+0000][1][safepoint    ] Application time: 0.0002866 seconds
[2019-06-24T08:41:50.014+0000][1][safepoint    ] Entering safepoint region: RevokeBias
[2019-06-24T08:41:50.014+0000][1][safepoint    ] Leaving safepoint region
[2019-06-24T08:41:50.014+0000][1][safepoint    ] Total time for which application threads were stopped: 0.0001026 seconds, Stopping threads took: 0.0000506 seconds
[2019-06-24T08:41:50.014+0000][1][safepoint    ] Application time: 0.0001073 seconds
[2019-06-24T08:41:50.014+0000][1][safepoint    ] Entering safepoint region: RevokeBias
[2019-06-24T08:41:50.014+0000][1][safepoint    ] Leaving safepoint region
[2019-06-24T08:41:50.014+0000][1][safepoint    ] Total time for which application threads were stopped: 0.0000745 seconds, Stopping threads took: 0.0000285 seconds
[2019-06-24T08:41:50.015+0000][1][safepoint    ] Application time: 0.0003461 seconds
[2019-06-24T08:41:50.015+0000][1][safepoint    ] Entering safepoint region: RevokeBias
[2019-06-24T08:41:50.015+0000][1][safepoint    ] Leaving safepoint region
[2019-06-24T08:41:50.015+0000][1][safepoint    ] Total time for which application threads were stopped: 0.0000992 seconds, Stopping threads took: 0.0000232 seconds
[2019-06-24T08:41:50.015+0000][1][safepoint    ] Application time: 0.0003276 seconds
[2019-06-24T08:41:50.015+0000][1][safepoint    ] Entering safepoint region: RevokeBias
[2019-06-24T08:41:50.015+0000][1][safepoint    ] Leaving safepoint region
[2019-06-24T08:41:50.015+0000][1][safepoint    ] Total time for which application threads were stopped: 0.0000672 seconds, Stopping threads took: 0.0000120 seconds
[2019-06-24T08:41:50.015+0000][1][safepoint    ] Application time: 0.0001253 seconds
[2019-06-24T08:41:50.015+0000][1][safepoint    ] Entering safepoint region: RevokeBias
[2019-06-24T08:41:50.015+0000][1][safepoint    ] Leaving safepoint region
[2019-06-24T08:41:50.015+0000][1][safepoint    ] Total time for which application threads were stopped: 0.0000735 seconds, Stopping threads took: 0.0000138 seconds
[2019-06-24T08:41:50.016+0000][1][safepoint    ] Application time: 0.0000914 seconds
[2019-06-24T08:41:50.016+0000][1][safepoint    ] Entering safepoint region: RevokeBias
[2019-06-24T08:41:50.016+0000][1][safepoint    ] Leaving safepoint region
[2019-06-24T08:41:50.016+0000][1][safepoint    ] Total time for which application threads were stopped: 0.0001450 seconds, Stopping threads took: 0.0000844 seconds
[2019-06-24T08:41:51.010+0000][1][safepoint    ] Application time: 0.9938600 seconds
[2019-06-24T08:41:51.010+0000][1][safepoint    ] Entering safepoint region: RevokeBias
[2019-06-24T08:41:51.010+0000][1][safepoint    ] Leaving safepoint region
[2019-06-24T08:41:51.010+0000][1][safepoint    ] Total time for which application threads were stopped: 0.0005805 seconds, Stopping threads took: 0.0003839 seconds
[2019-06-24T08:41:51.011+0000][1][safepoint    ] Application time: 0.0008670 seconds
[2019-06-24T08:41:51.011+0000][1][safepoint    ] Entering safepoint region: RevokeBias
[2019-06-24T08:41:51.012+0000][1][safepoint    ] Leaving safepoint region
[2019-06-24T08:41:51.012+0000][1][safepoint    ] Total time for which application threads were stopped: 0.0002829 seconds, Stopping threads took: 0.0000670 seconds
[2019-06-24T08:41:51.012+0000][1][safepoint    ] Application time: 0.0007443 seconds
[2019-06-24T08:41:51.013+0000][1][safepoint    ] Entering safepoint region: RevokeBias
[2019-06-24T08:41:51.013+0000][1][safepoint    ] Leaving safepoint region
[2019-06-24T08:41:51.013+0000][1][safepoint    ] Total time for which application threads were stopped: 0.0004411 seconds, Stopping threads took: 0.0002347 seconds
[2019-06-24T08:41:51.013+0000][1][safepoint    ] Application time: 0.0002548 seconds
[2019-06-24T08:41:51.013+0000][1][safepoint    ] Entering safepoint region: RevokeBias
[2019-06-24T08:41:51.014+0000][1][safepoint    ] Leaving safepoint region
[2019-06-24T08:41:51.014+0000][1][safepoint    ] Total time for which application threads were stopped: 0.0005049 seconds, Stopping threads took: 0.0003185 seconds
[2019-06-24T08:41:51.014+0000][1][safepoint    ] Application time: 0.0007107 seconds
[2019-06-24T08:41:51.015+0000][1][safepoint    ] Entering safepoint region: RevokeBias
[2019-06-24T08:41:51.015+0000][1][safepoint    ] Leaving safepoint region
[2019-06-24T08:41:51.015+0000][1][safepoint    ] Total time for which application threads were stopped: 0.0003061 seconds, Stopping threads took: 0.0001177 seconds
[2019-06-24T08:41:51.016+0000][1][safepoint    ] Application time: 0.0007299 seconds
[2019-06-24T08:41:51.016+0000][1][safepoint    ] Entering safepoint region: RevokeBias
[2019-06-24T08:41:51.016+0000][1][safepoint    ] Leaving safepoint region
[2019-06-24T08:41:51.016+0000][1][safepoint    ] Total time for which application threads were stopped: 0.0006376 seconds, Stopping threads took: 0.0004444 seconds
[2019-06-24T08:41:51.017+0000][1][safepoint    ] Application time: 0.0006420 seconds
[2019-06-24T08:41:51.017+0000][1][safepoint    ] Entering safepoint region: RevokeBias
[2019-06-24T08:41:51.018+0000][1][safepoint    ] Leaving safepoint region
[2019-06-24T08:41:51.018+0000][1][safepoint    ] Total time for which application threads were stopped: 0.0004293 seconds, Stopping threads took: 0.0002468 seconds
[2019-06-24T08:41:51.018+0000][1][safepoint    ] Application time: 0.0002476 seconds
[2019-06-24T08:41:51.018+0000][1][safepoint    ] Entering safepoint region: RevokeBias
[2019-06-24T08:41:51.018+0000][1][safepoint    ] Leaving safepoint region
[2019-06-24T08:41:51.018+0000][1][safepoint    ] Total time for which application threads were stopped: 0.0004589 seconds, Stopping threads took: 0.0002672 seconds
[2019-06-24T08:41:51.019+0000][1][safepoint    ] Application time: 0.0007187 seconds
[2019-06-24T08:41:51.019+0000][1][safepoint    ] Entering safepoint region: RevokeBias
[2019-06-24T08:41:51.020+0000][1][safepoint    ] Leaving safepoint region
[2019-06-24T08:41:51.020+0000][1][safepoint    ] Total time for which application threads were stopped: 0.0005438 seconds, Stopping threads took: 0.0003442 seconds
[2019-06-24T08:41:51.020+0000][1][safepoint    ] Application time: 0.0004952 seconds
[2019-06-24T08:41:51.020+0000][1][safepoint    ] Entering safepoint region: RevokeBias
[2019-06-24T08:41:51.021+0000][1][safepoint    ] Leaving safepoint region
[2019-06-24T08:41:51.021+0000][1][safepoint    ] Total time for which application threads were stopped: 0.0004466 seconds, Stopping threads took: 0.0002786 seconds
[2019-06-24T08:41:51.021+0000][1][safepoint    ] Application time: 0.0002417 seconds
[2019-06-24T08:41:51.021+0000][1][safepoint    ] Entering safepoint region: RevokeBias
[2019-06-24T08:41:51.021+0000][1][safepoint    ] Leaving safepoint region
[2019-06-24T08:41:51.022+0000][1][safepoint    ] Total time for which application threads were stopped: 0.0004553 seconds, Stopping threads took: 0.0002909 seconds
[2019-06-24T08:41:51.022+0000][1][safepoint    ] Application time: 0.0003040 seconds
[2019-06-24T08:41:51.022+0000][1][safepoint    ] Entering safepoint region: RevokeBias
[2019-06-24T08:41:51.022+0000][1][safepoint    ] Leaving safepoint region
[2019-06-24T08:41:51.022+0000][1][safepoint    ] Total time for which application threads were stopped: 0.0002471 seconds, Stopping threads took: 0.0001308 seconds
[2019-06-24T08:41:51.022+0000][1][safepoint    ] Application time: 0.0001546 seconds
[2019-06-24T08:41:51.023+0000][1][safepoint    ] Entering safepoint region: RevokeBias
[2019-06-24T08:41:51.023+0000][1][safepoint    ] Leaving safepoint region
[2019-06-24T08:41:51.023+0000][1][safepoint    ] Total time for which application threads were stopped: 0.0003975 seconds, Stopping threads took: 0.0002792 seconds
[2019-06-24T08:41:52.011+0000][1][safepoint    ] Application time: 0.9877559 seconds
[2019-06-24T08:41:52.011+0000][1][safepoint    ] Entering safepoint region: RevokeBias
[2019-06-24T08:41:52.011+0000][1][safepoint    ] Leaving safepoint region
[2019-06-24T08:41:52.011+0000][1][safepoint    ] Total time for which application threads were stopped: 0.0003632 seconds, Stopping threads took: 0.0001353 seconds
[2019-06-24T08:41:52.012+0000][1][safepoint    ] Application time: 0.0007829 seconds
[2019-06-24T08:41:52.012+0000][1][safepoint    ] Entering safepoint region: RevokeBias
[2019-06-24T08:41:52.012+0000][1][safepoint    ] Leaving safepoint region
[2019-06-24T08:41:52.012+0000][1][safepoint    ] Total time for which application threads were stopped: 0.0002656 seconds, Stopping threads took: 0.0000447 seconds
[2019-06-24T08:41:52.013+0000][1][safepoint    ] Application time: 0.0008540 seconds
[2019-06-24T08:41:52.013+0000][1][safepoint    ] Entering safepoint region: RevokeBias
[2019-06-24T08:41:52.013+0000][1][safepoint    ] Leaving safepoint region
[2019-06-24T08:41:52.014+0000][1][safepoint    ] Total time for which application threads were stopped: 0.0003750 seconds, Stopping threads took: 0.0001403 seconds
[2019-06-24T08:41:52.014+0000][1][safepoint    ] Application time: 0.0003336 seconds
[2019-06-24T08:41:52.014+0000][1][safepoint    ] Entering safepoint region: RevokeBias
[2019-06-24T08:41:52.014+0000][1][safepoint    ] Leaving safepoint region
[2019-06-24T08:41:52.014+0000][1][safepoint    ] Total time for which application threads were stopped: 0.0003373 seconds, Stopping threads took: 0.0002822 seconds
[2019-06-24T08:41:52.015+0000][1][safepoint    ] Application time: 0.0003437 seconds
[2019-06-24T08:41:52.015+0000][1][safepoint    ] Entering safepoint region: RevokeBias
[2019-06-24T08:41:52.015+0000][1][safepoint    ] Leaving safepoint region
[2019-06-24T08:41:52.015+0000][1][safepoint    ] Total time for which application threads were stopped: 0.0002368 seconds, Stopping threads took: 0.0001778 seconds
[2019-06-24T08:41:52.015+0000][1][safepoint    ] Application time: 0.0000524 seconds
[2019-06-24T08:41:52.015+0000][1][safepoint    ] Entering safepoint region: RevokeBias
[2019-06-24T08:41:52.015+0000][1][safepoint    ] Leaving safepoint region
[2019-06-24T08:41:52.015+0000][1][safepoint    ] Total time for which application threads were stopped: 0.0000585 seconds, Stopping threads took: 0.0000115 seconds
[2019-06-24T08:41:52.015+0000][1][safepoint    ] Application time: 0.0001933 seconds
[2019-06-24T08:41:52.015+0000][1][safepoint    ] Entering safepoint region: RevokeBias
[2019-06-24T08:41:52.015+0000][1][safepoint    ] Leaving safepoint region
[2019-06-24T08:41:52.015+0000][1][safepoint    ] Total time for which application threads were stopped: 0.0001290 seconds, Stopping threads took: 0.0000696 seconds
[2019-06-24T08:41:52.016+0000][1][safepoint    ] Application time: 0.0002062 seconds
[2019-06-24T08:41:52.016+0000][1][safepoint    ] Entering safepoint region: RevokeBias
[2019-06-24T08:41:52.016+0000][1][safepoint    ] Leaving safepoint region
[2019-06-24T08:41:52.016+0000][1][safepoint    ] Total time for which application threads were stopped: 0.0001702 seconds, Stopping threads took: 0.0001093 seconds
[2019-06-24T08:41:52.016+0000][1][safepoint    ] Application time: 0.0001441 seconds
[2019-06-24T08:41:52.016+0000][1][safepoint    ] Entering safepoint region: RevokeBias
[2019-06-24T08:41:52.016+0000][1][safepoint    ] Leaving safepoint region
[2019-06-24T08:41:52.016+0000][1][safepoint    ] Total time for which application threads were stopped: 0.0001036 seconds, Stopping threads took: 0.0000547 seconds
[2019-06-24T08:41:52.016+0000][1][safepoint    ] Application time: 0.0001112 seconds
[2019-06-24T08:41:52.016+0000][1][safepoint    ] Entering safepoint region: RevokeBias
[2019-06-24T08:41:52.016+0000][1][safepoint    ] Leaving safepoint region
[2019-06-24T08:41:52.016+0000][1][safepoint    ] Total time for which application threads were stopped: 0.0000911 seconds, Stopping threads took: 0.0000371 seconds
[2019-06-24T08:41:52.016+0000][1][safepoint    ] Application time: 0.0000686 seconds
[2019-06-24T08:41:52.016+0000][1][safepoint    ] Entering safepoint region: RevokeBias
[2019-06-24T08:41:52.016+0000][1][safepoint    ] Leaving safepoint region
[2019-06-24T08:41:52.016+0000][1][safepoint    ] Total time for which application threads were stopped: 0.0000958 seconds, Stopping threads took: 0.0000421 seconds
[2019-06-24T08:41:52.017+0000][1][safepoint    ] Application time: 0.0002276 seconds
[2019-06-24T08:41:52.017+0000][1][safepoint    ] Entering safepoint region: RevokeBias
[2019-06-24T08:41:52.017+0000][1][safepoint    ] Leaving safepoint region
[2019-06-24T08:41:52.017+0000][1][safepoint    ] Total time for which application threads were stopped: 0.0000818 seconds, Stopping threads took: 0.0000366 seconds
[2019-06-24T08:41:52.017+0000][1][safepoint    ] Application time: 0.0000841 seconds
[2019-06-24T08:41:52.017+0000][1][safepoint    ] Entering safepoint region: RevokeBias
[2019-06-24T08:41:52.017+0000][1][safepoint    ] Leaving safepoint region
[2019-06-24T08:41:52.017+0000][1][safepoint    ] Total time for which application threads were stopped: 0.0000714 seconds, Stopping threads took: 0.0000299 seconds
[2019-06-24T08:41:52.017+0000][1][safepoint    ] Application time: 0.0000538 seconds
[2019-06-24T08:41:52.017+0000][1][safepoint    ] Entering safepoint region: RevokeBias
[2019-06-24T08:41:52.017+0000][1][safepoint    ] Leaving safepoint region
[2019-06-24T08:41:52.017+0000][1][safepoint    ] Total time for which application threads were stopped: 0.0000474 seconds, Stopping threads took: 0.0000114 seconds
[2019-06-24T08:41:52.017+0000][1][safepoint    ] Application time: 0.0000455 seconds
[2019-06-24T08:41:52.017+0000][1][safepoint    ] Entering safepoint region: RevokeBias
[2019-06-24T08:41:52.017+0000][1][safepoint    ] Leaving safepoint region
[2019-06-24T08:41:52.017+0000][1][safepoint    ] Total time for which application threads were stopped: 0.0000453 seconds, Stopping threads took: 0.0000112 seconds
[2019-06-24T08:41:53.011+0000][1][safepoint    ] Application time: 0.9938880 seconds
[2019-06-24T08:41:53.012+0000][1][safepoint    ] Entering safepoint region: RevokeBias
[2019-06-24T08:41:53.012+0000][1][safepoint    ] Leaving safepoint region
[2019-06-24T08:41:53.012+0000][1][safepoint    ] Total time for which application threads were stopped: 0.0006315 seconds, Stopping threads took: 0.0002634 seconds
[2019-06-24T08:41:53.013+0000][1][safepoint    ] Application time: 0.0010840 seconds
[2019-06-24T08:41:53.014+0000][1][safepoint    ] Entering safepoint region: RevokeBias
[2019-06-24T08:41:53.014+0000][1][safepoint    ] Leaving safepoint region
[2019-06-24T08:41:53.014+0000][1][safepoint    ] Total time for which application threads were stopped: 0.0006960 seconds, Stopping threads took: 0.0004837 seconds
[2019-06-24T08:41:53.015+0000][1][safepoint    ] Application time: 0.0011314 seconds
[2019-06-24T08:41:53.015+0000][1][safepoint    ] Entering safepoint region: RevokeBias
[2019-06-24T08:41:53.016+0000][1][safepoint    ] Leaving safepoint region
[2019-06-24T08:41:53.016+0000][1][safepoint    ] Total time for which application threads were stopped: 0.0005333 seconds, Stopping threads took: 0.0003283 seconds
[2019-06-24T08:41:53.016+0000][1][safepoint    ] Application time: 0.0003605 seconds
[2019-06-24T08:41:53.016+0000][1][safepoint    ] Entering safepoint region: RevokeBias
[2019-06-24T08:41:53.017+0000][1][safepoint    ] Leaving safepoint region
[2019-06-24T08:41:53.017+0000][1][safepoint    ] Total time for which application threads were stopped: 0.0005155 seconds, Stopping threads took: 0.0003326 seconds
[2019-06-24T08:41:53.017+0000][1][safepoint    ] Application time: 0.0007229 seconds
[2019-06-24T08:41:53.018+0000][1][safepoint    ] Entering safepoint region: RevokeBias
[2019-06-24T08:41:53.018+0000][1][safepoint    ] Leaving safepoint region
[2019-06-24T08:41:53.018+0000][1][safepoint    ] Total time for which application threads were stopped: 0.0003780 seconds, Stopping threads took: 0.0002010 seconds
[2019-06-24T08:41:53.018+0000][1][safepoint    ] Application time: 0.0004717 seconds
[2019-06-24T08:41:53.019+0000][1][safepoint    ] Entering safepoint region: RevokeBias
[2019-06-24T08:41:53.019+0000][1][safepoint    ] Leaving safepoint region
[2019-06-24T08:41:53.019+0000][1][safepoint    ] Total time for which application threads were stopped: 0.0006463 seconds, Stopping threads took: 0.0004468 seconds
[2019-06-24T08:41:53.020+0000][1][safepoint    ] Application time: 0.0004202 seconds
[2019-06-24T08:41:53.020+0000][1][safepoint    ] Entering safepoint region: RevokeBias
[2019-06-24T08:41:53.020+0000][1][safepoint    ] Leaving safepoint region
[2019-06-24T08:41:53.020+0000][1][safepoint    ] Total time for which application threads were stopped: 0.0002751 seconds, Stopping threads took: 0.0001069 seconds
[2019-06-24T08:41:53.020+0000][1][safepoint    ] Application time: 0.0003960 seconds
[2019-06-24T08:41:53.021+0000][1][safepoint    ] Entering safepoint region: RevokeBias
[2019-06-24T08:41:53.021+0000][1][safepoint    ] Leaving safepoint region
[2019-06-24T08:41:53.021+0000][1][safepoint    ] Total time for which application threads were stopped: 0.0006614 seconds, Stopping threads took: 0.0004578 seconds
[2019-06-24T08:41:53.021+0000][1][safepoint    ] Application time: 0.0002481 seconds
[2019-06-24T08:41:53.021+0000][1][safepoint    ] Entering safepoint region: RevokeBias
[2019-06-24T08:41:53.022+0000][1][safepoint    ] Leaving safepoint region
[2019-06-24T08:41:53.022+0000][1][safepoint    ] Total time for which application threads were stopped: 0.0002471 seconds, Stopping threads took: 0.0000962 seconds
[2019-06-24T08:41:53.022+0000][1][safepoint    ] Application time: 0.0002485 seconds
[2019-06-24T08:41:53.022+0000][1][safepoint    ] Entering safepoint region: RevokeBias
[2019-06-24T08:41:53.022+0000][1][safepoint    ] Leaving safepoint region
[2019-06-24T08:41:53.022+0000][1][safepoint    ] Total time for which application threads were stopped: 0.0004004 seconds, Stopping threads took: 0.0001577 seconds
[2019-06-24T08:41:53.023+0000][1][safepoint    ] Application time: 0.0003090 seconds
[2019-06-24T08:41:53.023+0000][1][safepoint    ] Entering safepoint region: RevokeBias
[2019-06-24T08:41:53.023+0000][1][safepoint    ] Leaving safepoint region
[2019-06-24T08:41:53.023+0000][1][safepoint    ] Total time for which application threads were stopped: 0.0004626 seconds, Stopping threads took: 0.0003147 seconds
[2019-06-24T08:41:53.024+0000][1][safepoint    ] Application time: 0.0002794 seconds
[2019-06-24T08:41:53.024+0000][1][safepoint    ] Entering safepoint region: RevokeBias
[2019-06-24T08:41:53.024+0000][1][safepoint    ] Leaving safepoint region
[2019-06-24T08:41:53.024+0000][1][safepoint    ] Total time for which application threads were stopped: 0.0004321 seconds, Stopping threads took: 0.0002876 seconds
[2019-06-24T08:41:53.025+0000][1][safepoint    ] Application time: 0.0005325 seconds
[2019-06-24T08:41:53.025+0000][1][safepoint    ] Entering safepoint region: RevokeBias
[2019-06-24T08:41:53.025+0000][1][safepoint    ] Leaving safepoint region
[2019-06-24T08:41:53.025+0000][1][safepoint    ] Total time for which application threads were stopped: 0.0004396 seconds, Stopping threads took: 0.0002404 seconds
[2019-06-24T08:41:53.026+0000][1][safepoint    ] Application time: 0.0005715 seconds
[2019-06-24T08:41:53.026+0000][1][safepoint    ] Entering safepoint region: RevokeBias
[2019-06-24T08:41:53.026+0000][1][safepoint    ] Leaving safepoint region
[2019-06-24T08:41:53.026+0000][1][safepoint    ] Total time for which application threads were stopped: 0.0003801 seconds, Stopping threads took: 0.0002332 seconds
[2019-06-24T08:41:53.026+0000][1][safepoint    ] Application time: 0.0002499 seconds
[2019-06-24T08:41:53.027+0000][1][safepoint    ] Entering safepoint region: RevokeBias
[2019-06-24T08:41:53.027+0000][1][safepoint    ] Leaving safepoint region
[2019-06-24T08:41:53.027+0000][1][safepoint    ] Total time for which application threads were stopped: 0.0005421 seconds, Stopping threads took: 0.0003858 seconds
[2019-06-24T08:41:53.027+0000][1][safepoint    ] Application time: 0.0002220 seconds
[2019-06-24T08:41:53.027+0000][1][safepoint    ] Entering safepoint region: RevokeBias
[2019-06-24T08:41:53.028+0000][1][safepoint    ] Leaving safepoint region
[2019-06-24T08:41:53.028+0000][1][safepoint    ] Total time for which application threads were stopped: 0.0002627 seconds, Stopping threads took: 0.0001350 seconds
[2019-06-24T08:41:53.028+0000][1][safepoint    ] Application time: 0.0002667 seconds
[2019-06-24T08:41:53.028+0000][1][safepoint    ] Entering safepoint region: RevokeBias
[2019-06-24T08:41:53.028+0000][1][safepoint    ] Leaving safepoint region
[2019-06-24T08:41:53.028+0000][1][safepoint    ] Total time for which application threads were stopped: 0.0001905 seconds, Stopping threads took: 0.0000321 seconds
[2019-06-24T08:41:53.029+0000][1][safepoint    ] Application time: 0.0006115 seconds
[2019-06-24T08:41:53.029+0000][1][safepoint    ] Entering safepoint region: RevokeBias
[2019-06-24T08:41:53.029+0000][1][safepoint    ] Leaving safepoint region
[2019-06-24T08:41:53.029+0000][1][safepoint    ] Total time for which application threads were stopped: 0.0003584 seconds, Stopping threads took: 0.0002260 seconds
[2019-06-24T08:41:53.029+0000][1][safepoint    ] Application time: 0.0002421 seconds
[2019-06-24T08:41:53.030+0000][1][safepoint    ] Entering safepoint region: RevokeBias
[2019-06-24T08:41:53.030+0000][1][safepoint    ] Leaving safepoint region
[2019-06-24T08:41:53.030+0000][1][safepoint    ] Total time for which application threads were stopped: 0.0003721 seconds, Stopping threads took: 0.0002289 seconds
[2019-06-24T08:41:53.030+0000][1][safepoint    ] Application time: 0.0002393 seconds
[2019-06-24T08:41:53.030+0000][1][safepoint    ] Entering safepoint region: RevokeBias
[2019-06-24T08:41:53.030+0000][1][safepoint    ] Leaving safepoint region
[2019-06-24T08:41:53.030+0000][1][safepoint    ] Total time for which application threads were stopped: 0.0002543 seconds, Stopping threads took: 0.0001320 seconds
[2019-06-24T08:41:53.412+0000][1][safepoint    ] Application time: 0.3819487 seconds
[2019-06-24T08:41:53.413+0000][1][safepoint    ] Entering safepoint region: RevokeBias
[2019-06-24T08:41:53.413+0000][1][safepoint    ] Leaving safepoint region
[2019-06-24T08:41:53.413+0000][1][safepoint    ] Total time for which application threads were stopped: 0.0002599 seconds, Stopping threads took: 0.0000604 seconds
[2019-06-24T08:41:53.413+0000][1][safepoint    ] Application time: 0.0002424 seconds
[2019-06-24T08:41:53.413+0000][1][safepoint    ] Entering safepoint region: RevokeBias
[2019-06-24T08:41:53.413+0000][1][safepoint    ] Leaving safepoint region
[2019-06-24T08:41:53.413+0000][1][safepoint    ] Total time for which application threads were stopped: 0.0002041 seconds, Stopping threads took: 0.0000467 seconds
[2019-06-24T08:41:54.012+0000][1][safepoint    ] Application time: 0.5983306 seconds
[2019-06-24T08:41:54.012+0000][1][safepoint    ] Entering safepoint region: RevokeBias
[2019-06-24T08:41:54.012+0000][1][safepoint    ] Leaving safepoint region
[2019-06-24T08:41:54.012+0000][1][safepoint    ] Total time for which application threads were stopped: 0.0001585 seconds, Stopping threads took: 0.0000752 seconds
[2019-06-24T08:41:54.012+0000][1][safepoint    ] Application time: 0.0002630 seconds
[2019-06-24T08:41:54.012+0000][1][safepoint    ] Entering safepoint region: BulkRevokeBias
[2019-06-24T08:41:54.013+0000][1][safepoint    ] Leaving safepoint region
[2019-06-24T08:41:54.013+0000][1][safepoint    ] Total time for which application threads were stopped: 0.0005858 seconds, Stopping threads took: 0.0000174 seconds
[2019-06-24T08:41:54.013+0000][1][safepoint    ] Application time: 0.0004271 seconds
[2019-06-24T08:41:54.013+0000][1][safepoint    ] Entering safepoint region: RevokeBias
[2019-06-24T08:41:54.014+0000][1][safepoint    ] Leaving safepoint region
[2019-06-24T08:41:54.014+0000][1][safepoint    ] Total time for which application threads were stopped: 0.0004385 seconds, Stopping threads took: 0.0000280 seconds
[2019-06-24T08:41:54.014+0000][1][safepoint    ] Application time: 0.0004690 seconds
[2019-06-24T08:41:54.014+0000][1][safepoint    ] Entering safepoint region: RevokeBias
[2019-06-24T08:41:54.015+0000][1][safepoint    ] Leaving safepoint region
[2019-06-24T08:41:54.015+0000][1][safepoint    ] Total time for which application threads were stopped: 0.0006740 seconds, Stopping threads took: 0.0000192 seconds
[2019-06-24T08:41:54.015+0000][1][safepoint    ] Application time: 0.0002231 seconds
[2019-06-24T08:41:54.015+0000][1][safepoint    ] Entering safepoint region: RevokeBias
[2019-06-24T08:41:54.015+0000][1][safepoint    ] Leaving safepoint region
[2019-06-24T08:41:54.015+0000][1][safepoint    ] Total time for which application threads were stopped: 0.0002459 seconds, Stopping threads took: 0.0001581 seconds
[2019-06-24T08:41:54.015+0000][1][safepoint    ] Application time: 0.0001233 seconds
[2019-06-24T08:41:54.016+0000][1][safepoint    ] Entering safepoint region: RevokeBias
[2019-06-24T08:41:54.016+0000][1][safepoint    ] Leaving safepoint region
[2019-06-24T08:41:54.016+0000][1][safepoint    ] Total time for which application threads were stopped: 0.0000860 seconds, Stopping threads took: 0.0000231 seconds
[2019-06-24T08:41:54.016+0000][1][safepoint    ] Application time: 0.0001055 seconds
[2019-06-24T08:41:54.016+0000][1][safepoint    ] Entering safepoint region: RevokeBias
[2019-06-24T08:41:54.016+0000][1][safepoint    ] Leaving safepoint region
[2019-06-24T08:41:54.016+0000][1][safepoint    ] Total time for which application threads were stopped: 0.0000919 seconds, Stopping threads took: 0.0000371 seconds
[2019-06-24T08:41:54.016+0000][1][safepoint    ] Application time: 0.0001294 seconds
[2019-06-24T08:41:54.016+0000][1][safepoint    ] Entering safepoint region: BulkRevokeBias
[2019-06-24T08:41:54.016+0000][1][safepoint    ] Leaving safepoint region
[2019-06-24T08:41:54.016+0000][1][safepoint    ] Total time for which application threads were stopped: 0.0002223 seconds, Stopping threads took: 0.0000145 seconds
[2019-06-24T08:41:54.016+0000][1][safepoint    ] Application time: 0.0000539 seconds
[2019-06-24T08:41:54.016+0000][1][safepoint    ] Entering safepoint region: BulkRevokeBias
[2019-06-24T08:41:54.016+0000][1][safepoint    ] Leaving safepoint region
[2019-06-24T08:41:54.016+0000][1][safepoint    ] Total time for which application threads were stopped: 0.0001897 seconds, Stopping threads took: 0.0000121 seconds
[2019-06-24T08:41:54.017+0000][1][safepoint    ] Application time: 0.0000483 seconds
[2019-06-24T08:41:54.017+0000][1][safepoint    ] Entering safepoint region: BulkRevokeBias
[2019-06-24T08:41:54.017+0000][1][safepoint    ] Leaving safepoint region
[2019-06-24T08:41:54.017+0000][1][safepoint    ] Total time for which application threads were stopped: 0.0001667 seconds, Stopping threads took: 0.0000108 seconds
[2019-06-24T08:41:55.017+0000][1][safepoint    ] Application time: 1.0000801 seconds
[2019-06-24T08:41:55.017+0000][1][safepoint    ] Entering safepoint region: Cleanup
[2019-06-24T08:41:55.018+0000][1][safepoint    ] Leaving safepoint region
[2019-06-24T08:41:55.018+0000][1][safepoint    ] Total time for which application threads were stopped: 0.0007808 seconds, Stopping threads took: 0.0007209 seconds
[2019-06-24T08:41:56.018+0000][1][safepoint    ] Application time: 1.0000933 seconds
[2019-06-24T08:41:56.018+0000][1][safepoint    ] Entering safepoint region: Cleanup
[2019-06-24T08:41:56.018+0000][1][safepoint    ] Leaving safepoint region
[2019-06-24T08:41:56.018+0000][1][safepoint    ] Total time for which application threads were stopped: 0.0002628 seconds, Stopping threads took: 0.0001008 seconds
[2019-06-24T08:41:57.018+0000][1][safepoint    ] Application time: 1.0001637 seconds
[2019-06-24T08:41:57.019+0000][1][safepoint    ] Entering safepoint region: Cleanup
[2019-06-24T08:41:57.019+0000][1][safepoint    ] Leaving safepoint region
[2019-06-24T08:41:57.019+0000][1][safepoint    ] Total time for which application threads were stopped: 0.0005880 seconds, Stopping threads took: 0.0004124 seconds
[2019-06-24T08:41:58.019+0000][1][safepoint    ] Application time: 1.0001448 seconds
[2019-06-24T08:41:58.019+0000][1][safepoint    ] Entering safepoint region: Cleanup
[2019-06-24T08:41:58.019+0000][1][safepoint    ] Leaving safepoint region
[2019-06-24T08:41:58.019+0000][1][safepoint    ] Total time for which application threads were stopped: 0.0000777 seconds, Stopping threads took: 0.0000188 seconds
[2019-06-24T08:41:59.019+0000][1][safepoint    ] Application time: 1.0001036 seconds
[2019-06-24T08:41:59.019+0000][1][safepoint    ] Entering safepoint region: Cleanup
[2019-06-24T08:41:59.020+0000][1][safepoint    ] Leaving safepoint region
[2019-06-24T08:41:59.020+0000][1][safepoint    ] Total time for which application threads were stopped: 0.0002775 seconds, Stopping threads took: 0.0000986 seconds
[2019-06-24T08:42:00.020+0000][1][safepoint    ] Application time: 1.0001746 seconds
[2019-06-24T08:42:00.020+0000][1][safepoint    ] Entering safepoint region: Cleanup
[2019-06-24T08:42:00.021+0000][1][safepoint    ] Leaving safepoint region
[2019-06-24T08:42:00.021+0000][1][safepoint    ] Total time for which application threads were stopped: 0.0004022 seconds, Stopping threads took: 0.0002090 seconds
[2019-06-24T08:42:01.021+0000][1][safepoint    ] Application time: 1.0001424 seconds
[2019-06-24T08:42:01.021+0000][1][safepoint    ] Entering safepoint region: Cleanup
[2019-06-24T08:42:01.021+0000][1][safepoint    ] Leaving safepoint region
[2019-06-24T08:42:01.022+0000][1][safepoint    ] Total time for which application threads were stopped: 0.0004988 seconds, Stopping threads took: 0.0002932 seconds
[2019-06-24T08:42:02.022+0000][1][safepoint    ] Application time: 1.0002050 seconds
[2019-06-24T08:42:02.022+0000][1][safepoint    ] Entering safepoint region: Cleanup
[2019-06-24T08:42:02.023+0000][1][safepoint    ] Leaving safepoint region
[2019-06-24T08:42:02.023+0000][1][safepoint    ] Total time for which application threads were stopped: 0.0008355 seconds, Stopping threads took: 0.0002705 seconds
[2019-06-24T08:42:03.023+0000][1][safepoint    ] Application time: 1.0001672 seconds
[2019-06-24T08:42:03.023+0000][1][safepoint    ] Entering safepoint region: Cleanup
[2019-06-24T08:42:03.023+0000][1][safepoint    ] Leaving safepoint region
[2019-06-24T08:42:03.023+0000][1][safepoint    ] Total time for which application threads were stopped: 0.0002854 seconds, Stopping threads took: 0.0000934 seconds
[2019-06-24T08:42:04.024+0000][1][safepoint    ] Application time: 1.0001296 seconds
[2019-06-24T08:42:04.024+0000][1][safepoint    ] Entering safepoint region: Cleanup
[2019-06-24T08:42:04.024+0000][1][safepoint    ] Leaving safepoint region
[2019-06-24T08:42:04.024+0000][1][safepoint    ] Total time for which application threads were stopped: 0.0001095 seconds, Stopping threads took: 0.0000348 seconds
[2019-06-24T08:42:05.024+0000][1][safepoint    ] Application time: 1.0000869 seconds
[2019-06-24T08:42:05.024+0000][1][safepoint    ] Entering safepoint region: Cleanup
[2019-06-24T08:42:05.024+0000][1][safepoint    ] Leaving safepoint region
[2019-06-24T08:42:05.024+0000][1][safepoint    ] Total time for which application threads were stopped: 0.0002161 seconds, Stopping threads took: 0.0001217 seconds
[2019-06-24T08:42:06.024+0000][1][safepoint    ] Application time: 1.0001117 seconds
[2019-06-24T08:42:06.024+0000][1][safepoint    ] Entering safepoint region: Cleanup
[2019-06-24T08:42:06.025+0000][1][safepoint    ] Leaving safepoint region
[2019-06-24T08:42:06.025+0000][1][safepoint    ] Total time for which application threads were stopped: 0.0003029 seconds, Stopping threads took: 0.0000960 seconds
[2019-06-24T08:42:07.025+0000][1][safepoint    ] Application time: 1.0001308 seconds
[2019-06-24T08:42:07.025+0000][1][safepoint    ] Entering safepoint region: Cleanup
[2019-06-24T08:42:07.025+0000][1][safepoint    ] Leaving safepoint region
[2019-06-24T08:42:07.025+0000][1][safepoint    ] Total time for which application threads were stopped: 0.0004248 seconds, Stopping threads took: 0.0000748 seconds
[2019-06-24T08:42:08.026+0000][1][safepoint    ] Application time: 1.0001747 seconds
[2019-06-24T08:42:08.026+0000][1][safepoint    ] Entering safepoint region: Cleanup
[2019-06-24T08:42:08.026+0000][1][safepoint    ] Leaving safepoint region
[2019-06-24T08:42:08.026+0000][1][safepoint    ] Total time for which application threads were stopped: 0.0000844 seconds, Stopping threads took: 0.0000187 seconds
[2019-06-24T08:42:09.026+0000][1][safepoint    ] Application time: 1.0001253 seconds
[2019-06-24T08:42:09.026+0000][1][safepoint    ] Entering safepoint region: Cleanup
[2019-06-24T08:42:09.026+0000][1][safepoint    ] Leaving safepoint region
[2019-06-24T08:42:09.026+0000][1][safepoint    ] Total time for which application threads were stopped: 0.0002225 seconds, Stopping threads took: 0.0001247 seconds
[2019-06-24T08:42:10.026+0000][1][safepoint    ] Application time: 1.0001342 seconds
[2019-06-24T08:42:10.026+0000][1][safepoint    ] Entering safepoint region: Cleanup
[2019-06-24T08:42:10.026+0000][1][safepoint    ] Leaving safepoint region
[2019-06-24T08:42:10.027+0000][1][safepoint    ] Total time for which application threads were stopped: 0.0001853 seconds, Stopping threads took: 0.0000564 seconds
[2019-06-24T08:42:11.027+0000][1][safepoint    ] Application time: 1.0001571 seconds
[2019-06-24T08:42:11.027+0000][1][safepoint    ] Entering safepoint region: Cleanup
[2019-06-24T08:42:11.027+0000][1][safepoint    ] Leaving safepoint region
[2019-06-24T08:42:11.027+0000][1][safepoint    ] Total time for which application threads were stopped: 0.0003249 seconds, Stopping threads took: 0.0000580 seconds
[2019-06-24T08:42:12.027+0000][1][safepoint    ] Application time: 1.0001516 seconds
[2019-06-24T08:42:12.027+0000][1][safepoint    ] Entering safepoint region: Cleanup
[2019-06-24T08:42:12.027+0000][1][safepoint    ] Leaving safepoint region
[2019-06-24T08:42:12.027+0000][1][safepoint    ] Total time for which application threads were stopped: 0.0001132 seconds, Stopping threads took: 0.0000218 seconds
[2019-06-24T08:42:13.023+0000][1][safepoint    ] Application time: 0.9953277 seconds
[2019-06-24T08:42:13.025+0000][1][safepoint    ] Entering safepoint region: RevokeBias
[2019-06-24T08:42:13.026+0000][1][safepoint    ] Leaving safepoint region
[2019-06-24T08:42:13.026+0000][1][safepoint    ] Total time for which application threads were stopped: 0.0028574 seconds, Stopping threads took: 0.0025071 seconds
[2019-06-24T08:42:14.026+0000][1][safepoint    ] Application time: 1.0001981 seconds
[2019-06-24T08:42:14.026+0000][1][safepoint    ] Entering safepoint region: Cleanup
[2019-06-24T08:42:14.027+0000][1][safepoint    ] Leaving safepoint region
[2019-06-24T08:42:14.027+0000][1][safepoint    ] Total time for which application threads were stopped: 0.0005306 seconds, Stopping threads took: 0.0002971 seconds
[2019-06-24T08:42:15.027+0000][1][safepoint    ] Application time: 1.0001274 seconds
[2019-06-24T08:42:15.027+0000][1][safepoint    ] Entering safepoint region: Cleanup
[2019-06-24T08:42:15.028+0000][1][safepoint    ] Leaving safepoint region
[2019-06-24T08:42:15.028+0000][1][safepoint    ] Total time for which application threads were stopped: 0.0011118 seconds, Stopping threads took: 0.0008812 seconds
[2019-06-24T08:42:16.028+0000][1][safepoint    ] Application time: 1.0001131 seconds
[2019-06-24T08:42:16.028+0000][1][safepoint    ] Entering safepoint region: Cleanup
[2019-06-24T08:42:16.028+0000][1][safepoint    ] Leaving safepoint region
[2019-06-24T08:42:16.029+0000][1][safepoint    ] Total time for which application threads were stopped: 0.0001425 seconds, Stopping threads took: 0.0000198 seconds
[2019-06-24T08:42:17.029+0000][1][safepoint    ] Application time: 1.0000826 seconds
[2019-06-24T08:42:17.029+0000][1][safepoint    ] Entering safepoint region: Cleanup
[2019-06-24T08:42:17.029+0000][1][safepoint    ] Leaving safepoint region
[2019-06-24T08:42:17.029+0000][1][safepoint    ] Total time for which application threads were stopped: 0.0000988 seconds, Stopping threads took: 0.0000200 seconds
[2019-06-24T08:42:18.029+0000][1][safepoint    ] Application time: 1.0001942 seconds
[2019-06-24T08:42:18.029+0000][1][safepoint    ] Entering safepoint region: Cleanup
[2019-06-24T08:42:18.029+0000][1][safepoint    ] Leaving safepoint region
[2019-06-24T08:42:18.029+0000][1][safepoint    ] Total time for which application threads were stopped: 0.0003913 seconds, Stopping threads took: 0.0001647 seconds
[2019-06-24T08:42:19.030+0000][1][safepoint    ] Application time: 1.0001383 seconds
[2019-06-24T08:42:19.030+0000][1][safepoint    ] Entering safepoint region: Cleanup
[2019-06-24T08:42:19.030+0000][1][safepoint    ] Leaving safepoint region
[2019-06-24T08:42:19.030+0000][1][safepoint    ] Total time for which application threads were stopped: 0.0002765 seconds, Stopping threads took: 0.0001010 seconds
[2019-06-24T08:42:20.030+0000][1][safepoint    ] Application time: 1.0001148 seconds
[2019-06-24T08:42:20.030+0000][1][safepoint    ] Entering safepoint region: Cleanup
[2019-06-24T08:42:20.031+0000][1][safepoint    ] Leaving safepoint region
[2019-06-24T08:42:20.031+0000][1][safepoint    ] Total time for which application threads were stopped: 0.0011897 seconds, Stopping threads took: 0.0009290 seconds
[2019-06-24T08:42:21.032+0000][1][safepoint    ] Application time: 1.0001944 seconds
[2019-06-24T08:42:21.032+0000][1][safepoint    ] Entering safepoint region: Cleanup
[2019-06-24T08:42:21.032+0000][1][safepoint    ] Leaving safepoint region
[2019-06-24T08:42:21.032+0000][1][safepoint    ] Total time for which application threads were stopped: 0.0003653 seconds, Stopping threads took: 0.0001582 seconds
[2019-06-24T08:42:22.032+0000][1][safepoint    ] Application time: 1.0002994 seconds
[2019-06-24T08:42:22.032+0000][1][safepoint    ] Entering safepoint region: Cleanup
[2019-06-24T08:42:22.033+0000][1][safepoint    ] Leaving safepoint region
[2019-06-24T08:42:22.033+0000][1][safepoint    ] Total time for which application threads were stopped: 0.0001344 seconds, Stopping threads took: 0.0000346 seconds
[2019-06-24T08:42:24.033+0000][1][safepoint    ] Application time: 2.0002226 seconds
[2019-06-24T08:42:24.033+0000][1][safepoint    ] Entering safepoint region: Cleanup
[2019-06-24T08:42:24.033+0000][1][safepoint    ] Leaving safepoint region
[2019-06-24T08:42:24.033+0000][1][safepoint    ] Total time for which application threads were stopped: 0.0001745 seconds, Stopping threads took: 0.0000818 seconds
[2019-06-24T08:42:25.033+0000][1][safepoint    ] Application time: 1.0001630 seconds
[2019-06-24T08:42:25.033+0000][1][safepoint    ] Entering safepoint region: Cleanup
[2019-06-24T08:42:25.034+0000][1][safepoint    ] Leaving safepoint region
[2019-06-24T08:42:25.034+0000][1][safepoint    ] Total time for which application threads were stopped: 0.0011227 seconds, Stopping threads took: 0.0008837 seconds
[2019-06-24T08:42:26.035+0000][1][safepoint    ] Application time: 1.0001134 seconds
[2019-06-24T08:42:26.035+0000][1][safepoint    ] Entering safepoint region: Cleanup
[2019-06-24T08:42:26.035+0000][1][safepoint    ] Leaving safepoint region
[2019-06-24T08:42:26.035+0000][1][safepoint    ] Total time for which application threads were stopped: 0.0001553 seconds, Stopping threads took: 0.0000375 seconds
[2019-06-24T08:42:27.035+0000][1][safepoint    ] Application time: 1.0001186 seconds
[2019-06-24T08:42:27.035+0000][1][safepoint    ] Entering safepoint region: Cleanup
[2019-06-24T08:42:27.035+0000][1][safepoint    ] Leaving safepoint region
[2019-06-24T08:42:27.035+0000][1][safepoint    ] Total time for which application threads were stopped: 0.0000985 seconds, Stopping threads took: 0.0000199 seconds
[2019-06-24T08:42:28.035+0000][1][safepoint    ] Application time: 1.0001183 seconds
[2019-06-24T08:42:28.035+0000][1][safepoint    ] Entering safepoint region: Cleanup
[2019-06-24T08:42:28.035+0000][1][safepoint    ] Leaving safepoint region
[2019-06-24T08:42:28.035+0000][1][safepoint    ] Total time for which application threads were stopped: 0.0001309 seconds, Stopping threads took: 0.0000455 seconds
[2019-06-24T08:42:29.036+0000][1][safepoint    ] Application time: 1.0003094 seconds
[2019-06-24T08:42:29.036+0000][1][safepoint    ] Entering safepoint region: Cleanup
[2019-06-24T08:42:29.036+0000][1][safepoint    ] Leaving safepoint region
[2019-06-24T08:42:29.036+0000][1][safepoint    ] Total time for which application threads were stopped: 0.0001259 seconds, Stopping threads took: 0.0000272 seconds
[2019-06-24T08:42:30.036+0000][1][safepoint    ] Application time: 1.0002716 seconds
[2019-06-24T08:42:30.036+0000][1][safepoint    ] Entering safepoint region: Cleanup
[2019-06-24T08:42:30.036+0000][1][safepoint    ] Leaving safepoint region
[2019-06-24T08:42:30.037+0000][1][safepoint    ] Total time for which application threads were stopped: 0.0007965 seconds, Stopping threads took: 0.0000213 seconds
[2019-06-24T08:42:31.037+0000][1][safepoint    ] Application time: 1.0000833 seconds
[2019-06-24T08:42:31.037+0000][1][safepoint    ] Entering safepoint region: Cleanup
[2019-06-24T08:42:31.037+0000][1][safepoint    ] Leaving safepoint region
[2019-06-24T08:42:31.037+0000][1][safepoint    ] Total time for which application threads were stopped: 0.0001828 seconds, Stopping threads took: 0.0000420 seconds
[2019-06-24T08:42:32.037+0000][1][safepoint    ] Application time: 1.0000930 seconds
[2019-06-24T08:42:32.038+0000][1][safepoint    ] Entering safepoint region: Cleanup
[2019-06-24T08:42:32.038+0000][1][safepoint    ] Leaving safepoint region
[2019-06-24T08:42:32.038+0000][1][safepoint    ] Total time for which application threads were stopped: 0.0001695 seconds, Stopping threads took: 0.0000274 seconds
[2019-06-24T08:42:33.038+0000][1][safepoint    ] Application time: 1.0003288 seconds
[2019-06-24T08:42:33.038+0000][1][safepoint    ] Entering safepoint region: Cleanup
[2019-06-24T08:42:33.038+0000][1][safepoint    ] Leaving safepoint region
[2019-06-24T08:42:33.038+0000][1][safepoint    ] Total time for which application threads were stopped: 0.0001419 seconds, Stopping threads took: 0.0000275 seconds
[2019-06-24T08:42:34.039+0000][1][safepoint    ] Application time: 1.0002839 seconds
[2019-06-24T08:42:34.039+0000][1][safepoint    ] Entering safepoint region: Cleanup
[2019-06-24T08:42:34.039+0000][1][safepoint    ] Leaving safepoint region
[2019-06-24T08:42:34.039+0000][1][safepoint    ] Total time for which application threads were stopped: 0.0001143 seconds, Stopping threads took: 0.0000271 seconds
[2019-06-24T08:42:35.039+0000][1][safepoint    ] Application time: 1.0000936 seconds
[2019-06-24T08:42:35.039+0000][1][safepoint    ] Entering safepoint region: Cleanup
[2019-06-24T08:42:35.039+0000][1][safepoint    ] Leaving safepoint region
[2019-06-24T08:42:35.039+0000][1][safepoint    ] Total time for which application threads were stopped: 0.0002134 seconds, Stopping threads took: 0.0000511 seconds
[2019-06-24T08:42:36.039+0000][1][safepoint    ] Application time: 1.0001532 seconds
[2019-06-24T08:42:36.040+0000][1][safepoint    ] Entering safepoint region: Cleanup
[2019-06-24T08:42:36.040+0000][1][safepoint    ] Leaving safepoint region
[2019-06-24T08:42:36.040+0000][1][safepoint    ] Total time for which application threads were stopped: 0.0005840 seconds, Stopping threads took: 0.0003545 seconds
[2019-06-24T08:42:37.040+0000][1][safepoint    ] Application time: 1.0001811 seconds
[2019-06-24T08:42:37.040+0000][1][safepoint    ] Entering safepoint region: Cleanup
[2019-06-24T08:42:37.040+0000][1][safepoint    ] Leaving safepoint region
[2019-06-24T08:42:37.040+0000][1][safepoint    ] Total time for which application threads were stopped: 0.0002418 seconds, Stopping threads took: 0.0000537 seconds
[2019-06-24T08:42:37.549+0000][1][safepoint    ] Application time: 0.5086937 seconds
[2019-06-24T08:42:37.549+0000][1][safepoint    ] Entering safepoint region: RevokeBias
[2019-06-24T08:42:37.550+0000][1][safepoint    ] Leaving safepoint region
[2019-06-24T08:42:37.550+0000][1][safepoint    ] Total time for which application threads were stopped: 0.0002872 seconds, Stopping threads took: 0.0000630 seconds
[2019-06-24T08:42:38.550+0000][1][safepoint    ] Application time: 1.0002949 seconds
[2019-06-24T08:42:38.550+0000][1][safepoint    ] Entering safepoint region: Cleanup
[2019-06-24T08:42:38.550+0000][1][safepoint    ] Leaving safepoint region
[2019-06-24T08:42:38.550+0000][1][safepoint    ] Total time for which application threads were stopped: 0.0002934 seconds, Stopping threads took: 0.0000636 seconds
[2019-06-24T08:42:39.551+0000][1][safepoint    ] Application time: 1.0003101 seconds
[2019-06-24T08:42:39.551+0000][1][safepoint    ] Entering safepoint region: Cleanup
[2019-06-24T08:42:39.551+0000][1][safepoint    ] Leaving safepoint region
[2019-06-24T08:42:39.551+0000][1][safepoint    ] Total time for which application threads were stopped: 0.0002548 seconds, Stopping threads took: 0.0000594 seconds
[2019-06-24T08:42:40.551+0000][1][safepoint    ] Application time: 1.0002521 seconds
[2019-06-24T08:42:40.551+0000][1][safepoint    ] Entering safepoint region: Cleanup
[2019-06-24T08:42:40.552+0000][1][safepoint    ] Leaving safepoint region
[2019-06-24T08:42:40.552+0000][1][safepoint    ] Total time for which application threads were stopped: 0.0002979 seconds, Stopping threads took: 0.0000877 seconds
[2019-06-24T08:42:41.552+0000][1][safepoint    ] Application time: 1.0002634 seconds
[2019-06-24T08:42:41.552+0000][1][safepoint    ] Entering safepoint region: Cleanup
[2019-06-24T08:42:41.552+0000][1][safepoint    ] Leaving safepoint region
[2019-06-24T08:42:41.552+0000][1][safepoint    ] Total time for which application threads were stopped: 0.0003131 seconds, Stopping threads took: 0.0000643 seconds
[2019-06-24T08:42:42.553+0000][1][safepoint    ] Application time: 1.0002570 seconds
[2019-06-24T08:42:42.553+0000][1][safepoint    ] Entering safepoint region: Cleanup
[2019-06-24T08:42:42.553+0000][1][safepoint    ] Leaving safepoint region
[2019-06-24T08:42:42.553+0000][1][safepoint    ] Total time for which application threads were stopped: 0.0003145 seconds, Stopping threads took: 0.0000939 seconds
[2019-06-24T08:42:43.553+0000][1][safepoint    ] Application time: 1.0002446 seconds
[2019-06-24T08:42:43.554+0000][1][safepoint    ] Entering safepoint region: Cleanup
[2019-06-24T08:42:43.554+0000][1][safepoint    ] Leaving safepoint region
[2019-06-24T08:42:43.554+0000][1][safepoint    ] Total time for which application threads were stopped: 0.0002429 seconds, Stopping threads took: 0.0000565 seconds
[2019-06-24T08:42:44.554+0000][1][safepoint    ] Application time: 1.0002510 seconds
[2019-06-24T08:42:44.554+0000][1][safepoint    ] Entering safepoint region: Cleanup
[2019-06-24T08:42:44.554+0000][1][safepoint    ] Leaving safepoint region
[2019-06-24T08:42:44.554+0000][1][safepoint    ] Total time for which application threads were stopped: 0.0002732 seconds, Stopping threads took: 0.0000650 seconds
[2019-06-24T08:42:45.555+0000][1][safepoint    ] Application time: 1.0002787 seconds
[2019-06-24T08:42:45.555+0000][1][safepoint    ] Entering safepoint region: Cleanup
[2019-06-24T08:42:45.555+0000][1][safepoint    ] Leaving safepoint region
[2019-06-24T08:42:45.555+0000][1][safepoint    ] Total time for which application threads were stopped: 0.0002710 seconds, Stopping threads took: 0.0000666 seconds
[2019-06-24T08:42:46.555+0000][1][safepoint    ] Application time: 1.0002521 seconds
[2019-06-24T08:42:46.555+0000][1][safepoint    ] Entering safepoint region: Cleanup
[2019-06-24T08:42:46.556+0000][1][safepoint    ] Leaving safepoint region
[2019-06-24T08:42:46.556+0000][1][safepoint    ] Total time for which application threads were stopped: 0.0002967 seconds, Stopping threads took: 0.0000656 seconds
[2019-06-24T08:42:47.556+0000][1][safepoint    ] Application time: 1.0001849 seconds
[2019-06-24T08:42:47.556+0000][1][safepoint    ] Entering safepoint region: Cleanup
[2019-06-24T08:42:47.556+0000][1][safepoint    ] Leaving safepoint region
[2019-06-24T08:42:47.556+0000][1][safepoint    ] Total time for which application threads were stopped: 0.0002440 seconds, Stopping threads took: 0.0000573 seconds
[2019-06-24T08:42:48.556+0000][1][safepoint    ] Application time: 1.0001529 seconds
[2019-06-24T08:42:48.557+0000][1][safepoint    ] Entering safepoint region: Cleanup
[2019-06-24T08:42:48.557+0000][1][safepoint    ] Leaving safepoint region
[2019-06-24T08:42:48.557+0000][1][safepoint    ] Total time for which application threads were stopped: 0.0001884 seconds, Stopping threads took: 0.0000440 seconds
[2019-06-24T08:42:49.557+0000][1][safepoint    ] Application time: 1.0001230 seconds
[2019-06-24T08:42:49.557+0000][1][safepoint    ] Entering safepoint region: Cleanup
[2019-06-24T08:42:49.557+0000][1][safepoint    ] Leaving safepoint region
[2019-06-24T08:42:49.557+0000][1][safepoint    ] Total time for which application threads were stopped: 0.0003093 seconds, Stopping threads took: 0.0000814 seconds
[2019-06-24T08:42:50.558+0000][1][safepoint    ] Application time: 1.0002636 seconds
[2019-06-24T08:42:50.558+0000][1][safepoint    ] Entering safepoint region: Cleanup
[2019-06-24T08:42:50.558+0000][1][safepoint    ] Leaving safepoint region
[2019-06-24T08:42:50.558+0000][1][safepoint    ] Total time for which application threads were stopped: 0.0003516 seconds, Stopping threads took: 0.0000820 seconds
[2019-06-24T08:42:51.558+0000][1][safepoint    ] Application time: 1.0002698 seconds
[2019-06-24T08:42:51.559+0000][1][safepoint    ] Entering safepoint region: Cleanup
[2019-06-24T08:42:51.559+0000][1][safepoint    ] Leaving safepoint region
[2019-06-24T08:42:51.559+0000][1][safepoint    ] Total time for which application threads were stopped: 0.0003633 seconds, Stopping threads took: 0.0001148 seconds
[2019-06-24T08:42:54.560+0000][1][safepoint    ] Application time: 3.0005755 seconds
[2019-06-24T08:42:54.560+0000][1][safepoint    ] Entering safepoint region: Cleanup
[2019-06-24T08:42:54.560+0000][1][safepoint    ] Leaving safepoint region
[2019-06-24T08:42:54.560+0000][1][safepoint    ] Total time for which application threads were stopped: 0.0001468 seconds, Stopping threads took: 0.0000325 seconds
[2019-06-24T08:42:55.560+0000][1][safepoint    ] Application time: 1.0001275 seconds
[2019-06-24T08:42:55.560+0000][1][safepoint    ] Entering safepoint region: Cleanup
[2019-06-24T08:42:55.560+0000][1][safepoint    ] Leaving safepoint region
[2019-06-24T08:42:55.560+0000][1][safepoint    ] Total time for which application threads were stopped: 0.0001245 seconds, Stopping threads took: 0.0000290 seconds
[2019-06-24T08:42:57.561+0000][1][safepoint    ] Application time: 2.0004733 seconds
[2019-06-24T08:42:57.561+0000][1][safepoint    ] Entering safepoint region: Cleanup
[2019-06-24T08:42:57.561+0000][1][safepoint    ] Leaving safepoint region
[2019-06-24T08:42:57.561+0000][1][safepoint    ] Total time for which application threads were stopped: 0.0002986 seconds, Stopping threads took: 0.0000661 seconds
[2019-06-24T08:42:58.561+0000][1][safepoint    ] Application time: 1.0002709 seconds
[2019-06-24T08:42:58.561+0000][1][safepoint    ] Entering safepoint region: Cleanup
[2019-06-24T08:42:58.561+0000][1][safepoint    ] Leaving safepoint region
[2019-06-24T08:42:58.561+0000][1][safepoint    ] Total time for which application threads were stopped: 0.0001516 seconds, Stopping threads took: 0.0000328 seconds
[2019-06-24T08:42:59.562+0000][1][safepoint    ] Application time: 1.0002556 seconds
[2019-06-24T08:42:59.562+0000][1][safepoint    ] Entering safepoint region: Cleanup
[2019-06-24T08:42:59.562+0000][1][safepoint    ] Leaving safepoint region
[2019-06-24T08:42:59.562+0000][1][safepoint    ] Total time for which application threads were stopped: 0.0003313 seconds, Stopping threads took: 0.0000828 seconds
[2019-06-24T08:43:00.563+0000][1][safepoint    ] Application time: 1.0003267 seconds
[2019-06-24T08:43:00.563+0000][1][safepoint    ] Entering safepoint region: Cleanup
[2019-06-24T08:43:00.563+0000][1][safepoint    ] Leaving safepoint region
[2019-06-24T08:43:00.563+0000][1][safepoint    ] Total time for which application threads were stopped: 0.0003447 seconds, Stopping threads took: 0.0000827 seconds
[2019-06-24T08:43:03.564+0000][1][safepoint    ] Application time: 3.0005714 seconds
[2019-06-24T08:43:03.564+0000][1][safepoint    ] Entering safepoint region: Cleanup
[2019-06-24T08:43:03.564+0000][1][safepoint    ] Leaving safepoint region
[2019-06-24T08:43:03.564+0000][1][safepoint    ] Total time for which application threads were stopped: 0.0001628 seconds, Stopping threads took: 0.0000474 seconds
[2019-06-24T08:43:05.564+0000][1][safepoint    ] Application time: 2.0003458 seconds
[2019-06-24T08:43:05.564+0000][1][safepoint    ] Entering safepoint region: Cleanup
[2019-06-24T08:43:05.564+0000][1][safepoint    ] Leaving safepoint region
[2019-06-24T08:43:05.564+0000][1][safepoint    ] Total time for which application threads were stopped: 0.0001802 seconds, Stopping threads took: 0.0000425 seconds
[2019-06-24T08:43:06.565+0000][1][safepoint    ] Application time: 1.0002491 seconds
[2019-06-24T08:43:06.565+0000][1][safepoint    ] Entering safepoint region: Cleanup
[2019-06-24T08:43:06.565+0000][1][safepoint    ] Leaving safepoint region
[2019-06-24T08:43:06.565+0000][1][safepoint    ] Total time for which application threads were stopped: 0.0003334 seconds, Stopping threads took: 0.0000676 seconds
