[2019-06-24T09:23:16.108+0000][1][gc] Using Concurrent Mark Sweep
[2019-06-24T09:23:16.108+0000][1][gc,heap,coops] Heap address: 0x00000000f0000000, size: 256 MB, Compressed Oops mode: 32-bit
[2019-06-24T09:23:16.153+0000][1][safepoint    ] Entering safepoint region: EnableBiasedLocking
[2019-06-24T09:23:16.153+0000][1][safepoint    ] Leaving safepoint region
[2019-06-24T09:23:16.153+0000][1][safepoint    ] Total time for which application threads were stopped: 0.0000945 seconds, Stopping threads took: 0.0000425 seconds
[2019-06-24T09:23:16.156+0000][1][safepoint    ] Application time: 0.0026333 seconds
[2019-06-24T09:23:16.156+0000][1][safepoint    ] Entering safepoint region: RevokeBias
[2019-06-24T09:23:16.156+0000][1][safepoint    ] Leaving safepoint region
[2019-06-24T09:23:16.156+0000][1][safepoint    ] Total time for which application threads were stopped: 0.0000676 seconds, Stopping threads took: 0.0000178 seconds
[2019-06-24T09:23:16.163+0000][1][safepoint    ] Application time: 0.0073916 seconds
[2019-06-24T09:23:16.163+0000][1][safepoint    ] Entering safepoint region: Deoptimize
[2019-06-24T09:23:16.163+0000][1][safepoint    ] Leaving safepoint region
[2019-06-24T09:23:16.163+0000][1][safepoint    ] Total time for which application threads were stopped: 0.0000454 seconds, Stopping threads took: 0.0000087 seconds
[2019-06-24T09:23:16.258+0000][1][safepoint    ] Application time: 0.0951081 seconds
[2019-06-24T09:23:16.258+0000][1][safepoint    ] Entering safepoint region: RevokeBias
[2019-06-24T09:23:16.259+0000][1][safepoint    ] Leaving safepoint region
[2019-06-24T09:23:16.259+0000][1][safepoint    ] Total time for which application threads were stopped: 0.0001108 seconds, Stopping threads took: 0.0000132 seconds
[2019-06-24T09:23:16.260+0000][1][safepoint    ] Application time: 0.0013081 seconds
[2019-06-24T09:23:16.260+0000][1][safepoint    ] Entering safepoint region: Deoptimize
[2019-06-24T09:23:16.260+0000][1][safepoint    ] Leaving safepoint region
[2019-06-24T09:23:16.260+0000][1][safepoint    ] Total time for which application threads were stopped: 0.0000524 seconds, Stopping threads took: 0.0000072 seconds
[2019-06-24T09:23:16.282+0000][1][safepoint    ] Application time: 0.0216028 seconds
[2019-06-24T09:23:16.282+0000][1][safepoint    ] Entering safepoint region: Deoptimize
[2019-06-24T09:23:16.282+0000][1][safepoint    ] Leaving safepoint region
[2019-06-24T09:23:16.282+0000][1][safepoint    ] Total time for which application threads were stopped: 0.0000616 seconds, Stopping threads took: 0.0000079 seconds
[2019-06-24T09:23:16.533+0000][1][safepoint    ] Application time: 0.2509924 seconds
[2019-06-24T09:23:16.533+0000][1][safepoint    ] Entering safepoint region: Deoptimize
[2019-06-24T09:23:16.533+0000][1][safepoint    ] Leaving safepoint region
[2019-06-24T09:23:16.533+0000][1][safepoint    ] Total time for which application threads were stopped: 0.0001829 seconds, Stopping threads took: 0.0000193 seconds
[2019-06-24T09:23:16.554+0000][1][safepoint    ] Application time: 0.0207787 seconds
[2019-06-24T09:23:16.554+0000][1][safepoint    ] Entering safepoint region: Deoptimize
[2019-06-24T09:23:16.554+0000][1][safepoint    ] Leaving safepoint region
[2019-06-24T09:23:16.554+0000][1][safepoint    ] Total time for which application threads were stopped: 0.0001016 seconds, Stopping threads took: 0.0000146 seconds
[2019-06-24T09:23:16.585+0000][1][safepoint    ] Application time: 0.0311457 seconds
[2019-06-24T09:23:16.585+0000][1][safepoint    ] Entering safepoint region: Deoptimize
[2019-06-24T09:23:16.585+0000][1][safepoint    ] Leaving safepoint region
[2019-06-24T09:23:16.585+0000][1][safepoint    ] Total time for which application threads were stopped: 0.0001048 seconds, Stopping threads took: 0.0000085 seconds
[2019-06-24T09:23:16.595+0000][1][safepoint    ] Application time: 0.0100071 seconds
[2019-06-24T09:23:16.595+0000][1][safepoint    ] Entering safepoint region: Deoptimize
[2019-06-24T09:23:16.595+0000][1][safepoint    ] Leaving safepoint region
[2019-06-24T09:23:16.595+0000][1][safepoint    ] Total time for which application threads were stopped: 0.0001099 seconds, Stopping threads took: 0.0000093 seconds
[2019-06-24T09:23:16.929+0000][1][safepoint    ] Application time: 0.3334263 seconds
[2019-06-24T09:23:16.929+0000][1][safepoint    ] Entering safepoint region: Deoptimize
[2019-06-24T09:23:16.929+0000][1][safepoint    ] Leaving safepoint region
[2019-06-24T09:23:16.929+0000][1][safepoint    ] Total time for which application threads were stopped: 0.0002049 seconds, Stopping threads took: 0.0000092 seconds
[2019-06-24T09:23:17.149+0000][1][safepoint    ] Application time: 0.2203106 seconds
[2019-06-24T09:23:17.149+0000][1][safepoint    ] Entering safepoint region: RevokeBias
[2019-06-24T09:23:17.149+0000][1][safepoint    ] Leaving safepoint region
[2019-06-24T09:23:17.149+0000][1][safepoint    ] Total time for which application threads were stopped: 0.0001194 seconds, Stopping threads took: 0.0000109 seconds
[2019-06-24T09:23:17.236+0000][1][safepoint    ] Application time: 0.0863393 seconds
[2019-06-24T09:23:17.236+0000][1][safepoint    ] Entering safepoint region: Deoptimize
[2019-06-24T09:23:17.236+0000][1][safepoint    ] Leaving safepoint region
[2019-06-24T09:23:17.236+0000][1][safepoint    ] Total time for which application threads were stopped: 0.0001595 seconds, Stopping threads took: 0.0000078 seconds
[2019-06-24T09:23:17.344+0000][1][safepoint    ] Application time: 0.1079014 seconds
[2019-06-24T09:23:17.344+0000][1][safepoint    ] Entering safepoint region: Deoptimize
[2019-06-24T09:23:17.344+0000][1][safepoint    ] Leaving safepoint region
[2019-06-24T09:23:17.344+0000][1][safepoint    ] Total time for which application threads were stopped: 0.0002188 seconds, Stopping threads took: 0.0000130 seconds
[2019-06-24T09:23:17.344+0000][1][safepoint    ] Application time: 0.0000924 seconds
[2019-06-24T09:23:17.344+0000][1][safepoint    ] Entering safepoint region: Deoptimize
[2019-06-24T09:23:17.344+0000][1][safepoint    ] Leaving safepoint region
[2019-06-24T09:23:17.344+0000][1][safepoint    ] Total time for which application threads were stopped: 0.0001633 seconds, Stopping threads took: 0.0000413 seconds
[2019-06-24T09:23:17.358+0000][1][safepoint    ] Application time: 0.0140207 seconds
[2019-06-24T09:23:17.358+0000][1][safepoint    ] Entering safepoint region: Deoptimize
[2019-06-24T09:23:17.359+0000][1][safepoint    ] Leaving safepoint region
[2019-06-24T09:23:17.359+0000][1][safepoint    ] Total time for which application threads were stopped: 0.0001868 seconds, Stopping threads took: 0.0000100 seconds
[2019-06-24T09:23:17.370+0000][1][safepoint    ] Application time: 0.0114409 seconds
[2019-06-24T09:23:17.370+0000][1][safepoint    ] Entering safepoint region: Deoptimize
[2019-06-24T09:23:17.370+0000][1][safepoint    ] Leaving safepoint region
[2019-06-24T09:23:17.370+0000][1][safepoint    ] Total time for which application threads were stopped: 0.0002361 seconds, Stopping threads took: 0.0000101 seconds
[2019-06-24T09:23:17.377+0000][1][safepoint    ] Application time: 0.0065382 seconds
[2019-06-24T09:23:17.377+0000][1][safepoint    ] Entering safepoint region: RevokeBias
[2019-06-24T09:23:17.377+0000][1][safepoint    ] Leaving safepoint region
[2019-06-24T09:23:17.377+0000][1][safepoint    ] Total time for which application threads were stopped: 0.0000686 seconds, Stopping threads took: 0.0000235 seconds
[2019-06-24T09:23:17.377+0000][1][safepoint    ] Application time: 0.0001312 seconds
[2019-06-24T09:23:17.377+0000][1][safepoint    ] Entering safepoint region: RevokeBias
[2019-06-24T09:23:17.377+0000][1][safepoint    ] Leaving safepoint region
[2019-06-24T09:23:17.377+0000][1][safepoint    ] Total time for which application threads were stopped: 0.0000579 seconds, Stopping threads took: 0.0000290 seconds
[2019-06-24T09:23:17.377+0000][1][safepoint    ] Application time: 0.0000960 seconds
[2019-06-24T09:23:17.377+0000][1][safepoint    ] Entering safepoint region: RevokeBias
[2019-06-24T09:23:17.377+0000][1][safepoint    ] Leaving safepoint region
[2019-06-24T09:23:17.377+0000][1][safepoint    ] Total time for which application threads were stopped: 0.0000426 seconds, Stopping threads took: 0.0000211 seconds
[2019-06-24T09:23:17.377+0000][1][safepoint    ] Application time: 0.0000654 seconds
[2019-06-24T09:23:17.377+0000][1][safepoint    ] Entering safepoint region: RevokeBias
[2019-06-24T09:23:17.377+0000][1][safepoint    ] Leaving safepoint region
[2019-06-24T09:23:17.377+0000][1][safepoint    ] Total time for which application threads were stopped: 0.0000574 seconds, Stopping threads took: 0.0000216 seconds
[2019-06-24T09:23:17.377+0000][1][safepoint    ] Application time: 0.0000554 seconds
[2019-06-24T09:23:17.378+0000][1][safepoint    ] Entering safepoint region: RevokeBias
[2019-06-24T09:23:17.378+0000][1][safepoint    ] Leaving safepoint region
[2019-06-24T09:23:17.378+0000][1][safepoint    ] Total time for which application threads were stopped: 0.0000595 seconds, Stopping threads took: 0.0000274 seconds
[2019-06-24T09:23:17.378+0000][1][safepoint    ] Application time: 0.0001156 seconds
[2019-06-24T09:23:17.378+0000][1][safepoint    ] Entering safepoint region: RevokeBias
[2019-06-24T09:23:17.378+0000][1][safepoint    ] Leaving safepoint region
[2019-06-24T09:23:17.378+0000][1][safepoint    ] Total time for which application threads were stopped: 0.0000436 seconds, Stopping threads took: 0.0000212 seconds
[2019-06-24T09:23:17.380+0000][1][safepoint    ] Application time: 0.0019236 seconds
[2019-06-24T09:23:17.380+0000][1][safepoint    ] Entering safepoint region: RevokeBias
[2019-06-24T09:23:17.380+0000][1][safepoint    ] Leaving safepoint region
[2019-06-24T09:23:17.380+0000][1][safepoint    ] Total time for which application threads were stopped: 0.0000453 seconds, Stopping threads took: 0.0000125 seconds
[2019-06-24T09:23:17.385+0000][1][safepoint    ] Application time: 0.0052479 seconds
[2019-06-24T09:23:17.385+0000][1][safepoint    ] Entering safepoint region: Deoptimize
[2019-06-24T09:23:17.385+0000][1][safepoint    ] Leaving safepoint region
[2019-06-24T09:23:17.385+0000][1][safepoint    ] Total time for which application threads were stopped: 0.0001847 seconds, Stopping threads took: 0.0000107 seconds
[2019-06-24T09:23:17.465+0000][1][safepoint    ] Application time: 0.0793032 seconds
[2019-06-24T09:23:17.465+0000][1][safepoint    ] Entering safepoint region: GenCollectForAllocation
[2019-06-24T09:23:17.465+0000][1][gc,start     ] GC(0) Pause Young (Allocation Failure)
[2019-06-24T09:23:17.465+0000][1][gc,task      ] GC(0) Using 5 workers of 8 for evacuation
[2019-06-24T09:23:17.470+0000][1][gc,age       ] GC(0) Desired survivor size 4456448 bytes, new threshold 1 (max threshold 6)
[2019-06-24T09:23:17.470+0000][1][gc,age       ] GC(0) Age table with threshold 1 (max threshold 6)
[2019-06-24T09:23:17.470+0000][1][gc,age       ] GC(0) - age   1:    7813136 bytes,    7813136 total
[2019-06-24T09:23:17.470+0000][1][gc,heap      ] GC(0) ParNew: 69952K->7735K(78656K)
[2019-06-24T09:23:17.470+0000][1][gc,heap      ] GC(0) CMS: 0K->0K(174784K)
[2019-06-24T09:23:17.470+0000][1][gc,metaspace ] GC(0) Metaspace: 12112K->12112K(1060864K)
[2019-06-24T09:23:17.470+0000][1][gc           ] GC(0) Pause Young (Allocation Failure) 68M->7M(247M) 5.558ms
[2019-06-24T09:23:17.470+0000][1][gc,cpu       ] GC(0) User=0.03s Sys=0.00s Real=0.00s
[2019-06-24T09:23:17.470+0000][1][safepoint    ] Leaving safepoint region
[2019-06-24T09:23:17.470+0000][1][safepoint    ] Total time for which application threads were stopped: 0.0056645 seconds, Stopping threads took: 0.0000109 seconds
[2019-06-24T09:23:17.471+0000][1][safepoint    ] Application time: 0.0004275 seconds
[2019-06-24T09:23:17.471+0000][1][safepoint    ] Entering safepoint region: RevokeBias
[2019-06-24T09:23:17.471+0000][1][safepoint    ] Leaving safepoint region
[2019-06-24T09:23:17.471+0000][1][safepoint    ] Total time for which application threads were stopped: 0.0001211 seconds, Stopping threads took: 0.0000671 seconds
[2019-06-24T09:23:17.471+0000][1][safepoint    ] Application time: 0.0000568 seconds
[2019-06-24T09:23:17.471+0000][1][safepoint    ] Entering safepoint region: RevokeBias
[2019-06-24T09:23:17.471+0000][1][safepoint    ] Leaving safepoint region
[2019-06-24T09:23:17.471+0000][1][safepoint    ] Total time for which application threads were stopped: 0.0001205 seconds, Stopping threads took: 0.0000805 seconds
[2019-06-24T09:23:17.471+0000][1][safepoint    ] Application time: 0.0000603 seconds
[2019-06-24T09:23:17.471+0000][1][safepoint    ] Entering safepoint region: RevokeBias
[2019-06-24T09:23:17.471+0000][1][safepoint    ] Leaving safepoint region
[2019-06-24T09:23:17.471+0000][1][safepoint    ] Total time for which application threads were stopped: 0.0001093 seconds, Stopping threads took: 0.0000693 seconds
[2019-06-24T09:23:17.471+0000][1][safepoint    ] Application time: 0.0000656 seconds
[2019-06-24T09:23:17.471+0000][1][safepoint    ] Entering safepoint region: RevokeBias
[2019-06-24T09:23:17.471+0000][1][safepoint    ] Leaving safepoint region
[2019-06-24T09:23:17.471+0000][1][safepoint    ] Total time for which application threads were stopped: 0.0000798 seconds, Stopping threads took: 0.0000324 seconds
[2019-06-24T09:23:17.471+0000][1][safepoint    ] Application time: 0.0001110 seconds
[2019-06-24T09:23:17.472+0000][1][safepoint    ] Entering safepoint region: RevokeBias
[2019-06-24T09:23:17.472+0000][1][safepoint    ] Leaving safepoint region
[2019-06-24T09:23:17.472+0000][1][safepoint    ] Total time for which application threads were stopped: 0.0000902 seconds, Stopping threads took: 0.0000563 seconds
[2019-06-24T09:23:17.472+0000][1][safepoint    ] Application time: 0.0001369 seconds
[2019-06-24T09:23:17.472+0000][1][safepoint    ] Entering safepoint region: RevokeBias
[2019-06-24T09:23:17.472+0000][1][safepoint    ] Leaving safepoint region
[2019-06-24T09:23:17.472+0000][1][safepoint    ] Total time for which application threads were stopped: 0.0000891 seconds, Stopping threads took: 0.0000568 seconds
[2019-06-24T09:23:17.472+0000][1][safepoint    ] Application time: 0.0000641 seconds
[2019-06-24T09:23:17.472+0000][1][safepoint    ] Entering safepoint region: RevokeBias
[2019-06-24T09:23:17.472+0000][1][safepoint    ] Leaving safepoint region
[2019-06-24T09:23:17.472+0000][1][safepoint    ] Total time for which application threads were stopped: 0.0001576 seconds, Stopping threads took: 0.0001079 seconds
[2019-06-24T09:23:17.472+0000][1][safepoint    ] Application time: 0.0000501 seconds
[2019-06-24T09:23:17.472+0000][1][safepoint    ] Entering safepoint region: RevokeBias
[2019-06-24T09:23:17.472+0000][1][safepoint    ] Leaving safepoint region
[2019-06-24T09:23:17.472+0000][1][safepoint    ] Total time for which application threads were stopped: 0.0001206 seconds, Stopping threads took: 0.0000783 seconds
[2019-06-24T09:23:17.472+0000][1][safepoint    ] Application time: 0.0000778 seconds
[2019-06-24T09:23:17.472+0000][1][safepoint    ] Entering safepoint region: RevokeBias
[2019-06-24T09:23:17.472+0000][1][safepoint    ] Leaving safepoint region
[2019-06-24T09:23:17.472+0000][1][safepoint    ] Total time for which application threads were stopped: 0.0000516 seconds, Stopping threads took: 0.0000258 seconds
[2019-06-24T09:23:17.472+0000][1][safepoint    ] Application time: 0.0000695 seconds
[2019-06-24T09:23:17.473+0000][1][safepoint    ] Entering safepoint region: RevokeBias
[2019-06-24T09:23:17.473+0000][1][safepoint    ] Leaving safepoint region
[2019-06-24T09:23:17.473+0000][1][safepoint    ] Total time for which application threads were stopped: 0.0000675 seconds, Stopping threads took: 0.0000336 seconds
[2019-06-24T09:23:17.473+0000][1][safepoint    ] Application time: 0.0000428 seconds
[2019-06-24T09:23:17.473+0000][1][safepoint    ] Entering safepoint region: RevokeBias
[2019-06-24T09:23:17.473+0000][1][safepoint    ] Leaving safepoint region
[2019-06-24T09:23:17.473+0000][1][safepoint    ] Total time for which application threads were stopped: 0.0000644 seconds, Stopping threads took: 0.0000328 seconds
[2019-06-24T09:23:17.473+0000][1][safepoint    ] Application time: 0.0000474 seconds
[2019-06-24T09:23:17.473+0000][1][safepoint    ] Entering safepoint region: RevokeBias
[2019-06-24T09:23:17.473+0000][1][safepoint    ] Leaving safepoint region
[2019-06-24T09:23:17.473+0000][1][safepoint    ] Total time for which application threads were stopped: 0.0000741 seconds, Stopping threads took: 0.0000412 seconds
[2019-06-24T09:23:17.473+0000][1][safepoint    ] Application time: 0.0000413 seconds
[2019-06-24T09:23:17.473+0000][1][safepoint    ] Entering safepoint region: RevokeBias
[2019-06-24T09:23:17.473+0000][1][safepoint    ] Leaving safepoint region
[2019-06-24T09:23:17.473+0000][1][safepoint    ] Total time for which application threads were stopped: 0.0000694 seconds, Stopping threads took: 0.0000375 seconds
[2019-06-24T09:23:17.473+0000][1][safepoint    ] Application time: 0.0000768 seconds
[2019-06-24T09:23:17.473+0000][1][safepoint    ] Entering safepoint region: RevokeBias
[2019-06-24T09:23:17.473+0000][1][safepoint    ] Leaving safepoint region
[2019-06-24T09:23:17.473+0000][1][safepoint    ] Total time for which application threads were stopped: 0.0000671 seconds, Stopping threads took: 0.0000303 seconds
[2019-06-24T09:23:17.473+0000][1][safepoint    ] Application time: 0.0000464 seconds
[2019-06-24T09:23:17.473+0000][1][safepoint    ] Entering safepoint region: RevokeBias
[2019-06-24T09:23:17.473+0000][1][safepoint    ] Leaving safepoint region
[2019-06-24T09:23:17.473+0000][1][safepoint    ] Total time for which application threads were stopped: 0.0000562 seconds, Stopping threads took: 0.0000155 seconds
[2019-06-24T09:23:17.473+0000][1][safepoint    ] Application time: 0.0000578 seconds
[2019-06-24T09:23:17.473+0000][1][safepoint    ] Entering safepoint region: RevokeBias
[2019-06-24T09:23:17.473+0000][1][safepoint    ] Leaving safepoint region
[2019-06-24T09:23:17.473+0000][1][safepoint    ] Total time for which application threads were stopped: 0.0001116 seconds, Stopping threads took: 0.0000637 seconds
[2019-06-24T09:23:17.474+0000][1][safepoint    ] Application time: 0.0000540 seconds
[2019-06-24T09:23:17.474+0000][1][safepoint    ] Entering safepoint region: RevokeBias
[2019-06-24T09:23:17.474+0000][1][safepoint    ] Leaving safepoint region
[2019-06-24T09:23:17.474+0000][1][safepoint    ] Total time for which application threads were stopped: 0.0000698 seconds, Stopping threads took: 0.0000409 seconds
[2019-06-24T09:23:17.474+0000][1][safepoint    ] Application time: 0.0001100 seconds
[2019-06-24T09:23:17.474+0000][1][safepoint    ] Entering safepoint region: RevokeBias
[2019-06-24T09:23:17.474+0000][1][safepoint    ] Leaving safepoint region
[2019-06-24T09:23:17.474+0000][1][safepoint    ] Total time for which application threads were stopped: 0.0000562 seconds, Stopping threads took: 0.0000230 seconds
[2019-06-24T09:23:17.474+0000][1][safepoint    ] Application time: 0.0000500 seconds
[2019-06-24T09:23:17.474+0000][1][safepoint    ] Entering safepoint region: RevokeBias
[2019-06-24T09:23:17.474+0000][1][safepoint    ] Leaving safepoint region
[2019-06-24T09:23:17.474+0000][1][safepoint    ] Total time for which application threads were stopped: 0.0000904 seconds, Stopping threads took: 0.0000406 seconds
[2019-06-24T09:23:17.474+0000][1][safepoint    ] Application time: 0.0000804 seconds
[2019-06-24T09:23:17.474+0000][1][safepoint    ] Entering safepoint region: RevokeBias
[2019-06-24T09:23:17.474+0000][1][safepoint    ] Leaving safepoint region
[2019-06-24T09:23:17.474+0000][1][safepoint    ] Total time for which application threads were stopped: 0.0000839 seconds, Stopping threads took: 0.0000381 seconds
[2019-06-24T09:23:17.474+0000][1][safepoint    ] Application time: 0.0000488 seconds
[2019-06-24T09:23:17.474+0000][1][safepoint    ] Entering safepoint region: RevokeBias
[2019-06-24T09:23:17.474+0000][1][safepoint    ] Leaving safepoint region
[2019-06-24T09:23:17.474+0000][1][safepoint    ] Total time for which application threads were stopped: 0.0000741 seconds, Stopping threads took: 0.0000297 seconds
[2019-06-24T09:23:17.474+0000][1][safepoint    ] Application time: 0.0000869 seconds
[2019-06-24T09:23:17.474+0000][1][safepoint    ] Entering safepoint region: RevokeBias
[2019-06-24T09:23:17.475+0000][1][safepoint    ] Leaving safepoint region
[2019-06-24T09:23:17.475+0000][1][safepoint    ] Total time for which application threads were stopped: 0.0001264 seconds, Stopping threads took: 0.0000553 seconds
[2019-06-24T09:23:17.475+0000][1][safepoint    ] Application time: 0.0000511 seconds
[2019-06-24T09:23:17.475+0000][1][safepoint    ] Entering safepoint region: RevokeBias
[2019-06-24T09:23:17.475+0000][1][safepoint    ] Leaving safepoint region
[2019-06-24T09:23:17.475+0000][1][safepoint    ] Total time for which application threads were stopped: 0.0000933 seconds, Stopping threads took: 0.0000548 seconds
[2019-06-24T09:23:17.475+0000][1][safepoint    ] Application time: 0.0000544 seconds
[2019-06-24T09:23:17.475+0000][1][safepoint    ] Entering safepoint region: RevokeBias
[2019-06-24T09:23:17.475+0000][1][safepoint    ] Leaving safepoint region
[2019-06-24T09:23:17.475+0000][1][safepoint    ] Total time for which application threads were stopped: 0.0000589 seconds, Stopping threads took: 0.0000335 seconds
[2019-06-24T09:23:17.475+0000][1][safepoint    ] Application time: 0.0000372 seconds
[2019-06-24T09:23:17.475+0000][1][safepoint    ] Entering safepoint region: RevokeBias
[2019-06-24T09:23:17.475+0000][1][safepoint    ] Leaving safepoint region
[2019-06-24T09:23:17.475+0000][1][safepoint    ] Total time for which application threads were stopped: 0.0000501 seconds, Stopping threads took: 0.0000295 seconds
[2019-06-24T09:23:17.475+0000][1][safepoint    ] Application time: 0.0001535 seconds
[2019-06-24T09:23:17.475+0000][1][safepoint    ] Entering safepoint region: RevokeBias
[2019-06-24T09:23:17.475+0000][1][safepoint    ] Leaving safepoint region
[2019-06-24T09:23:17.475+0000][1][safepoint    ] Total time for which application threads were stopped: 0.0000420 seconds, Stopping threads took: 0.0000226 seconds
[2019-06-24T09:23:17.475+0000][1][safepoint    ] Application time: 0.0000372 seconds
[2019-06-24T09:23:17.475+0000][1][safepoint    ] Entering safepoint region: RevokeBias
[2019-06-24T09:23:17.475+0000][1][safepoint    ] Leaving safepoint region
[2019-06-24T09:23:17.475+0000][1][safepoint    ] Total time for which application threads were stopped: 0.0000605 seconds, Stopping threads took: 0.0000317 seconds
[2019-06-24T09:23:17.685+0000][1][safepoint    ] Application time: 0.2093821 seconds
[2019-06-24T09:23:17.685+0000][1][safepoint    ] Entering safepoint region: Deoptimize
[2019-06-24T09:23:17.685+0000][1][safepoint    ] Leaving safepoint region
[2019-06-24T09:23:17.685+0000][1][safepoint    ] Total time for which application threads were stopped: 0.0005164 seconds, Stopping threads took: 0.0000162 seconds
[2019-06-24T09:23:17.783+0000][1][safepoint    ] Application time: 0.0981215 seconds
[2019-06-24T09:23:17.783+0000][1][safepoint    ] Entering safepoint region: RevokeBias
[2019-06-24T09:23:17.783+0000][1][safepoint    ] Leaving safepoint region
[2019-06-24T09:23:17.783+0000][1][safepoint    ] Total time for which application threads were stopped: 0.0000985 seconds, Stopping threads took: 0.0000176 seconds
[2019-06-24T09:23:17.881+0000][1][safepoint    ] Application time: 0.0979520 seconds
[2019-06-24T09:23:17.881+0000][1][safepoint    ] Entering safepoint region: RevokeBias
[2019-06-24T09:23:17.882+0000][1][safepoint    ] Leaving safepoint region
[2019-06-24T09:23:17.882+0000][1][safepoint    ] Total time for which application threads were stopped: 0.0001337 seconds, Stopping threads took: 0.0000556 seconds
[2019-06-24T09:23:17.909+0000][1][safepoint    ] Application time: 0.0274214 seconds
[2019-06-24T09:23:17.909+0000][1][safepoint    ] Entering safepoint region: GenCollectForAllocation
[2019-06-24T09:23:17.909+0000][1][gc,start     ] GC(1) Pause Young (Allocation Failure)
[2019-06-24T09:23:17.909+0000][1][gc,task      ] GC(1) Using 5 workers of 8 for evacuation
[2019-06-24T09:23:17.922+0000][1][gc,age       ] GC(1) Desired survivor size 4456448 bytes, new threshold 6 (max threshold 6)
[2019-06-24T09:23:17.922+0000][1][gc,age       ] GC(1) Age table with threshold 6 (max threshold 6)
[2019-06-24T09:23:17.922+0000][1][gc,age       ] GC(1) - age   1:    1944456 bytes,    1944456 total
[2019-06-24T09:23:17.922+0000][1][gc,heap      ] GC(1) ParNew: 77687K->5089K(78656K)
[2019-06-24T09:23:17.922+0000][1][gc,heap      ] GC(1) CMS: 0K->6674K(174784K)
[2019-06-24T09:23:17.922+0000][1][gc,metaspace ] GC(1) Metaspace: 14757K->14757K(1062912K)
[2019-06-24T09:23:17.922+0000][1][gc           ] GC(1) Pause Young (Allocation Failure) 75M->11M(247M) 13.169ms
[2019-06-24T09:23:17.922+0000][1][gc,cpu       ] GC(1) User=0.09s Sys=0.00s Real=0.01s
[2019-06-24T09:23:17.922+0000][1][safepoint    ] Leaving safepoint region
[2019-06-24T09:23:17.922+0000][1][safepoint    ] Total time for which application threads were stopped: 0.0132788 seconds, Stopping threads took: 0.0000111 seconds
[2019-06-24T09:23:17.923+0000][1][safepoint    ] Application time: 0.0002384 seconds
[2019-06-24T09:23:17.923+0000][1][safepoint    ] Entering safepoint region: RevokeBias
[2019-06-24T09:23:17.923+0000][1][safepoint    ] Leaving safepoint region
[2019-06-24T09:23:17.923+0000][1][safepoint    ] Total time for which application threads were stopped: 0.0001449 seconds, Stopping threads took: 0.0000395 seconds
[2019-06-24T09:23:17.923+0000][1][safepoint    ] Application time: 0.0001269 seconds
[2019-06-24T09:23:17.923+0000][1][safepoint    ] Entering safepoint region: RevokeBias
[2019-06-24T09:23:17.923+0000][1][safepoint    ] Leaving safepoint region
[2019-06-24T09:23:17.923+0000][1][safepoint    ] Total time for which application threads were stopped: 0.0000747 seconds, Stopping threads took: 0.0000381 seconds
[2019-06-24T09:23:17.923+0000][1][safepoint    ] Application time: 0.0001395 seconds
[2019-06-24T09:23:17.923+0000][1][safepoint    ] Entering safepoint region: RevokeBias
[2019-06-24T09:23:17.923+0000][1][safepoint    ] Leaving safepoint region
[2019-06-24T09:23:17.923+0000][1][safepoint    ] Total time for which application threads were stopped: 0.0000697 seconds, Stopping threads took: 0.0000253 seconds
[2019-06-24T09:23:17.923+0000][1][safepoint    ] Application time: 0.0000989 seconds
[2019-06-24T09:23:17.923+0000][1][safepoint    ] Entering safepoint region: RevokeBias
[2019-06-24T09:23:17.923+0000][1][safepoint    ] Leaving safepoint region
[2019-06-24T09:23:17.923+0000][1][safepoint    ] Total time for which application threads were stopped: 0.0000440 seconds, Stopping threads took: 0.0000093 seconds
[2019-06-24T09:23:17.923+0000][1][safepoint    ] Application time: 0.0001146 seconds
[2019-06-24T09:23:17.924+0000][1][safepoint    ] Entering safepoint region: RevokeBias
[2019-06-24T09:23:17.924+0000][1][safepoint    ] Leaving safepoint region
[2019-06-24T09:23:17.924+0000][1][safepoint    ] Total time for which application threads were stopped: 0.0000984 seconds, Stopping threads took: 0.0000495 seconds
[2019-06-24T09:23:17.924+0000][1][safepoint    ] Application time: 0.0001022 seconds
[2019-06-24T09:23:17.924+0000][1][safepoint    ] Entering safepoint region: RevokeBias
[2019-06-24T09:23:17.924+0000][1][safepoint    ] Leaving safepoint region
[2019-06-24T09:23:17.924+0000][1][safepoint    ] Total time for which application threads were stopped: 0.0000622 seconds, Stopping threads took: 0.0000328 seconds
[2019-06-24T09:23:17.924+0000][1][safepoint    ] Application time: 0.0001223 seconds
[2019-06-24T09:23:17.924+0000][1][safepoint    ] Entering safepoint region: RevokeBias
[2019-06-24T09:23:17.924+0000][1][safepoint    ] Leaving safepoint region
[2019-06-24T09:23:17.924+0000][1][safepoint    ] Total time for which application threads were stopped: 0.0000524 seconds, Stopping threads took: 0.0000205 seconds
[2019-06-24T09:23:17.924+0000][1][safepoint    ] Application time: 0.0000762 seconds
[2019-06-24T09:23:17.924+0000][1][safepoint    ] Entering safepoint region: RevokeBias
[2019-06-24T09:23:17.924+0000][1][safepoint    ] Leaving safepoint region
[2019-06-24T09:23:17.924+0000][1][safepoint    ] Total time for which application threads were stopped: 0.0000509 seconds, Stopping threads took: 0.0000201 seconds
[2019-06-24T09:23:17.924+0000][1][safepoint    ] Application time: 0.0000801 seconds
[2019-06-24T09:23:17.924+0000][1][safepoint    ] Entering safepoint region: RevokeBias
[2019-06-24T09:23:17.924+0000][1][safepoint    ] Leaving safepoint region
[2019-06-24T09:23:17.924+0000][1][safepoint    ] Total time for which application threads were stopped: 0.0000502 seconds, Stopping threads took: 0.0000199 seconds
[2019-06-24T09:23:17.924+0000][1][safepoint    ] Application time: 0.0000355 seconds
[2019-06-24T09:23:17.924+0000][1][safepoint    ] Entering safepoint region: RevokeBias
[2019-06-24T09:23:17.924+0000][1][safepoint    ] Leaving safepoint region
[2019-06-24T09:23:17.924+0000][1][safepoint    ] Total time for which application threads were stopped: 0.0000873 seconds, Stopping threads took: 0.0000465 seconds
[2019-06-24T09:23:17.924+0000][1][safepoint    ] Application time: 0.0000420 seconds
[2019-06-24T09:23:17.924+0000][1][safepoint    ] Entering safepoint region: BulkRevokeBias
[2019-06-24T09:23:17.925+0000][1][safepoint    ] Leaving safepoint region
[2019-06-24T09:23:17.925+0000][1][safepoint    ] Total time for which application threads were stopped: 0.0000644 seconds, Stopping threads took: 0.0000242 seconds
[2019-06-24T09:23:17.925+0000][1][safepoint    ] Application time: 0.0000347 seconds
[2019-06-24T09:23:17.925+0000][1][safepoint    ] Entering safepoint region: RevokeBias
[2019-06-24T09:23:17.925+0000][1][safepoint    ] Leaving safepoint region
[2019-06-24T09:23:17.925+0000][1][safepoint    ] Total time for which application threads were stopped: 0.0000726 seconds, Stopping threads took: 0.0000412 seconds
[2019-06-24T09:23:17.925+0000][1][safepoint    ] Application time: 0.0000370 seconds
[2019-06-24T09:23:17.925+0000][1][safepoint    ] Entering safepoint region: BulkRevokeBias
[2019-06-24T09:23:17.925+0000][1][safepoint    ] Leaving safepoint region
[2019-06-24T09:23:17.925+0000][1][safepoint    ] Total time for which application threads were stopped: 0.0000756 seconds, Stopping threads took: 0.0000246 seconds
[2019-06-24T09:23:18.032+0000][1][safepoint    ] Application time: 0.1070453 seconds
[2019-06-24T09:23:18.032+0000][1][safepoint    ] Entering safepoint region: GenCollectForAllocation
[2019-06-24T09:23:18.032+0000][1][gc,start     ] GC(2) Pause Young (Allocation Failure)
[2019-06-24T09:23:18.032+0000][1][gc,task      ] GC(2) Using 5 workers of 8 for evacuation
[2019-06-24T09:23:18.035+0000][1][gc,age       ] GC(2) Desired survivor size 4456448 bytes, new threshold 6 (max threshold 6)
[2019-06-24T09:23:18.035+0000][1][gc,age       ] GC(2) Age table with threshold 6 (max threshold 6)
[2019-06-24T09:23:18.035+0000][1][gc,age       ] GC(2) - age   1:    2654744 bytes,    2654744 total
[2019-06-24T09:23:18.035+0000][1][gc,age       ] GC(2) - age   2:    1207336 bytes,    3862080 total
[2019-06-24T09:23:18.035+0000][1][gc,heap      ] GC(2) ParNew: 75041K->4670K(78656K)
[2019-06-24T09:23:18.035+0000][1][gc,heap      ] GC(2) CMS: 6674K->6674K(174784K)
[2019-06-24T09:23:18.035+0000][1][gc,metaspace ] GC(2) Metaspace: 14888K->14888K(1062912K)
[2019-06-24T09:23:18.035+0000][1][gc           ] GC(2) Pause Young (Allocation Failure) 79M->11M(247M) 3.047ms
[2019-06-24T09:23:18.035+0000][1][gc,cpu       ] GC(2) User=0.02s Sys=0.00s Real=0.01s
[2019-06-24T09:23:18.035+0000][1][safepoint    ] Leaving safepoint region
[2019-06-24T09:23:18.035+0000][1][safepoint    ] Total time for which application threads were stopped: 0.0031883 seconds, Stopping threads took: 0.0000289 seconds
[2019-06-24T09:23:18.035+0000][1][safepoint    ] Application time: 0.0001776 seconds
[2019-06-24T09:23:18.035+0000][1][safepoint    ] Entering safepoint region: RevokeBias
[2019-06-24T09:23:18.035+0000][1][safepoint    ] Leaving safepoint region
[2019-06-24T09:23:18.035+0000][1][safepoint    ] Total time for which application threads were stopped: 0.0000615 seconds, Stopping threads took: 0.0000190 seconds
[2019-06-24T09:23:18.035+0000][1][safepoint    ] Application time: 0.0001079 seconds
[2019-06-24T09:23:18.036+0000][1][safepoint    ] Entering safepoint region: RevokeBias
[2019-06-24T09:23:18.036+0000][1][safepoint    ] Leaving safepoint region
[2019-06-24T09:23:18.036+0000][1][safepoint    ] Total time for which application threads were stopped: 0.0001324 seconds, Stopping threads took: 0.0000959 seconds
[2019-06-24T09:23:18.036+0000][1][safepoint    ] Application time: 0.0001213 seconds
[2019-06-24T09:23:18.036+0000][1][safepoint    ] Entering safepoint region: RevokeBias
[2019-06-24T09:23:18.036+0000][1][safepoint    ] Leaving safepoint region
[2019-06-24T09:23:18.036+0000][1][safepoint    ] Total time for which application threads were stopped: 0.0000481 seconds, Stopping threads took: 0.0000104 seconds
[2019-06-24T09:23:18.036+0000][1][safepoint    ] Application time: 0.0001487 seconds
[2019-06-24T09:23:18.036+0000][1][safepoint    ] Entering safepoint region: RevokeBias
[2019-06-24T09:23:18.036+0000][1][safepoint    ] Leaving safepoint region
[2019-06-24T09:23:18.036+0000][1][safepoint    ] Total time for which application threads were stopped: 0.0000379 seconds, Stopping threads took: 0.0000081 seconds
[2019-06-24T09:23:18.036+0000][1][safepoint    ] Application time: 0.0001088 seconds
[2019-06-24T09:23:18.036+0000][1][safepoint    ] Entering safepoint region: RevokeBias
[2019-06-24T09:23:18.036+0000][1][safepoint    ] Leaving safepoint region
[2019-06-24T09:23:18.036+0000][1][safepoint    ] Total time for which application threads were stopped: 0.0000867 seconds, Stopping threads took: 0.0000473 seconds
[2019-06-24T09:23:18.036+0000][1][safepoint    ] Application time: 0.0000620 seconds
[2019-06-24T09:23:18.036+0000][1][safepoint    ] Entering safepoint region: RevokeBias
[2019-06-24T09:23:18.036+0000][1][safepoint    ] Leaving safepoint region
[2019-06-24T09:23:18.036+0000][1][safepoint    ] Total time for which application threads were stopped: 0.0000474 seconds, Stopping threads took: 0.0000189 seconds
[2019-06-24T09:23:18.151+0000][1][safepoint    ] Application time: 0.1149777 seconds
[2019-06-24T09:23:18.151+0000][1][safepoint    ] Entering safepoint region: Deoptimize
[2019-06-24T09:23:18.152+0000][1][safepoint    ] Leaving safepoint region
[2019-06-24T09:23:18.152+0000][1][safepoint    ] Total time for which application threads were stopped: 0.0003668 seconds, Stopping threads took: 0.0000184 seconds
[2019-06-24T09:23:18.152+0000][1][safepoint    ] Application time: 0.0004215 seconds
[2019-06-24T09:23:18.152+0000][1][safepoint    ] Entering safepoint region: Deoptimize
[2019-06-24T09:23:18.152+0000][1][safepoint    ] Leaving safepoint region
[2019-06-24T09:23:18.152+0000][1][safepoint    ] Total time for which application threads were stopped: 0.0002848 seconds, Stopping threads took: 0.0000117 seconds
[2019-06-24T09:23:18.329+0000][1][safepoint    ] Application time: 0.1768427 seconds
[2019-06-24T09:23:18.329+0000][1][safepoint    ] Entering safepoint region: GenCollectForAllocation
[2019-06-24T09:23:18.329+0000][1][gc,start     ] GC(3) Pause Young (Allocation Failure)
[2019-06-24T09:23:18.329+0000][1][gc,task      ] GC(3) Using 5 workers of 8 for evacuation
[2019-06-24T09:23:18.333+0000][1][gc,age       ] GC(3) Desired survivor size 4456448 bytes, new threshold 3 (max threshold 6)
[2019-06-24T09:23:18.333+0000][1][gc,age       ] GC(3) Age table with threshold 3 (max threshold 6)
[2019-06-24T09:23:18.333+0000][1][gc,age       ] GC(3) - age   1:    3517528 bytes,    3517528 total
[2019-06-24T09:23:18.333+0000][1][gc,age       ] GC(3) - age   2:     319096 bytes,    3836624 total
[2019-06-24T09:23:18.333+0000][1][gc,age       ] GC(3) - age   3:    1204192 bytes,    5040816 total
[2019-06-24T09:23:18.333+0000][1][gc,heap      ] GC(3) ParNew: 74622K->6978K(78656K)
[2019-06-24T09:23:18.333+0000][1][gc,heap      ] GC(3) CMS: 6674K->6674K(174784K)
[2019-06-24T09:23:18.333+0000][1][gc,metaspace ] GC(3) Metaspace: 18350K->18350K(1067008K)
[2019-06-24T09:23:18.333+0000][1][gc           ] GC(3) Pause Young (Allocation Failure) 79M->13M(247M) 3.179ms
[2019-06-24T09:23:18.333+0000][1][gc,cpu       ] GC(3) User=0.03s Sys=0.00s Real=0.00s
[2019-06-24T09:23:18.333+0000][1][safepoint    ] Leaving safepoint region
[2019-06-24T09:23:18.333+0000][1][safepoint    ] Total time for which application threads were stopped: 0.0033498 seconds, Stopping threads took: 0.0000119 seconds
[2019-06-24T09:23:18.333+0000][1][safepoint    ] Application time: 0.0003046 seconds
[2019-06-24T09:23:18.333+0000][1][safepoint    ] Entering safepoint region: RevokeBias
[2019-06-24T09:23:18.333+0000][1][safepoint    ] Leaving safepoint region
[2019-06-24T09:23:18.333+0000][1][safepoint    ] Total time for which application threads were stopped: 0.0001288 seconds, Stopping threads took: 0.0000140 seconds
[2019-06-24T09:23:18.333+0000][1][safepoint    ] Application time: 0.0000901 seconds
[2019-06-24T09:23:18.333+0000][1][safepoint    ] Entering safepoint region: RevokeBias
[2019-06-24T09:23:18.334+0000][1][safepoint    ] Leaving safepoint region
[2019-06-24T09:23:18.334+0000][1][safepoint    ] Total time for which application threads were stopped: 0.0002508 seconds, Stopping threads took: 0.0002052 seconds
[2019-06-24T09:23:18.334+0000][1][safepoint    ] Application time: 0.0000902 seconds
[2019-06-24T09:23:18.334+0000][1][safepoint    ] Entering safepoint region: RevokeBias
[2019-06-24T09:23:18.334+0000][1][safepoint    ] Leaving safepoint region
[2019-06-24T09:23:18.334+0000][1][safepoint    ] Total time for which application threads were stopped: 0.0000543 seconds, Stopping threads took: 0.0000199 seconds
[2019-06-24T09:23:18.334+0000][1][safepoint    ] Application time: 0.0001051 seconds
[2019-06-24T09:23:18.334+0000][1][safepoint    ] Entering safepoint region: RevokeBias
[2019-06-24T09:23:18.334+0000][1][safepoint    ] Leaving safepoint region
[2019-06-24T09:23:18.334+0000][1][safepoint    ] Total time for which application threads were stopped: 0.0001676 seconds, Stopping threads took: 0.0001223 seconds
[2019-06-24T09:23:18.334+0000][1][safepoint    ] Application time: 0.0001113 seconds
[2019-06-24T09:23:18.334+0000][1][safepoint    ] Entering safepoint region: RevokeBias
[2019-06-24T09:23:18.334+0000][1][safepoint    ] Leaving safepoint region
[2019-06-24T09:23:18.334+0000][1][safepoint    ] Total time for which application threads were stopped: 0.0000760 seconds, Stopping threads took: 0.0000321 seconds
[2019-06-24T09:23:18.334+0000][1][safepoint    ] Application time: 0.0000991 seconds
[2019-06-24T09:23:18.334+0000][1][safepoint    ] Entering safepoint region: RevokeBias
[2019-06-24T09:23:18.334+0000][1][safepoint    ] Leaving safepoint region
[2019-06-24T09:23:18.334+0000][1][safepoint    ] Total time for which application threads were stopped: 0.0000606 seconds, Stopping threads took: 0.0000244 seconds
[2019-06-24T09:23:18.334+0000][1][safepoint    ] Application time: 0.0000465 seconds
[2019-06-24T09:23:18.334+0000][1][safepoint    ] Entering safepoint region: RevokeBias
[2019-06-24T09:23:18.335+0000][1][safepoint    ] Leaving safepoint region
[2019-06-24T09:23:18.335+0000][1][safepoint    ] Total time for which application threads were stopped: 0.0001288 seconds, Stopping threads took: 0.0000766 seconds
[2019-06-24T09:23:18.335+0000][1][safepoint    ] Application time: 0.0000410 seconds
[2019-06-24T09:23:18.335+0000][1][safepoint    ] Entering safepoint region: RevokeBias
[2019-06-24T09:23:18.335+0000][1][safepoint    ] Leaving safepoint region
[2019-06-24T09:23:18.335+0000][1][safepoint    ] Total time for which application threads were stopped: 0.0000664 seconds, Stopping threads took: 0.0000226 seconds
[2019-06-24T09:23:18.335+0000][1][safepoint    ] Application time: 0.0000432 seconds
[2019-06-24T09:23:18.335+0000][1][safepoint    ] Entering safepoint region: RevokeBias
[2019-06-24T09:23:18.335+0000][1][safepoint    ] Leaving safepoint region
[2019-06-24T09:23:18.335+0000][1][safepoint    ] Total time for which application threads were stopped: 0.0000576 seconds, Stopping threads took: 0.0000095 seconds
[2019-06-24T09:23:18.335+0000][1][safepoint    ] Application time: 0.0000349 seconds
[2019-06-24T09:23:18.335+0000][1][safepoint    ] Entering safepoint region: RevokeBias
[2019-06-24T09:23:18.335+0000][1][safepoint    ] Leaving safepoint region
[2019-06-24T09:23:18.335+0000][1][safepoint    ] Total time for which application threads were stopped: 0.0001037 seconds, Stopping threads took: 0.0000689 seconds
[2019-06-24T09:23:18.335+0000][1][safepoint    ] Application time: 0.0000776 seconds
[2019-06-24T09:23:18.335+0000][1][safepoint    ] Entering safepoint region: RevokeBias
[2019-06-24T09:23:18.335+0000][1][safepoint    ] Leaving safepoint region
[2019-06-24T09:23:18.335+0000][1][safepoint    ] Total time for which application threads were stopped: 0.0001654 seconds, Stopping threads took: 0.0001315 seconds
[2019-06-24T09:23:18.335+0000][1][safepoint    ] Application time: 0.0000800 seconds
[2019-06-24T09:23:18.335+0000][1][safepoint    ] Entering safepoint region: RevokeBias
[2019-06-24T09:23:18.335+0000][1][safepoint    ] Leaving safepoint region
[2019-06-24T09:23:18.335+0000][1][safepoint    ] Total time for which application threads were stopped: 0.0000887 seconds, Stopping threads took: 0.0000481 seconds
[2019-06-24T09:23:18.336+0000][1][safepoint    ] Application time: 0.0001352 seconds
[2019-06-24T09:23:18.336+0000][1][safepoint    ] Entering safepoint region: RevokeBias
[2019-06-24T09:23:18.336+0000][1][safepoint    ] Leaving safepoint region
[2019-06-24T09:23:18.336+0000][1][safepoint    ] Total time for which application threads were stopped: 0.0000843 seconds, Stopping threads took: 0.0000405 seconds
[2019-06-24T09:23:18.336+0000][1][safepoint    ] Application time: 0.0000381 seconds
[2019-06-24T09:23:18.336+0000][1][safepoint    ] Entering safepoint region: RevokeBias
[2019-06-24T09:23:18.336+0000][1][safepoint    ] Leaving safepoint region
[2019-06-24T09:23:18.336+0000][1][safepoint    ] Total time for which application threads were stopped: 0.0001488 seconds, Stopping threads took: 0.0000884 seconds
[2019-06-24T09:23:18.336+0000][1][safepoint    ] Application time: 0.0000419 seconds
[2019-06-24T09:23:18.336+0000][1][safepoint    ] Entering safepoint region: RevokeBias
[2019-06-24T09:23:18.336+0000][1][safepoint    ] Leaving safepoint region
[2019-06-24T09:23:18.336+0000][1][safepoint    ] Total time for which application threads were stopped: 0.0000687 seconds, Stopping threads took: 0.0000265 seconds
[2019-06-24T09:23:18.336+0000][1][safepoint    ] Application time: 0.0000392 seconds
[2019-06-24T09:23:18.336+0000][1][safepoint    ] Entering safepoint region: RevokeBias
[2019-06-24T09:23:18.336+0000][1][safepoint    ] Leaving safepoint region
[2019-06-24T09:23:18.336+0000][1][safepoint    ] Total time for which application threads were stopped: 0.0000502 seconds, Stopping threads took: 0.0000104 seconds
[2019-06-24T09:23:18.336+0000][1][safepoint    ] Application time: 0.0000534 seconds
[2019-06-24T09:23:18.336+0000][1][safepoint    ] Entering safepoint region: RevokeBias
[2019-06-24T09:23:18.336+0000][1][safepoint    ] Leaving safepoint region
[2019-06-24T09:23:18.336+0000][1][safepoint    ] Total time for which application threads were stopped: 0.0000468 seconds, Stopping threads took: 0.0000100 seconds
[2019-06-24T09:23:18.336+0000][1][safepoint    ] Application time: 0.0000398 seconds
[2019-06-24T09:23:18.336+0000][1][safepoint    ] Entering safepoint region: RevokeBias
[2019-06-24T09:23:18.336+0000][1][safepoint    ] Leaving safepoint region
[2019-06-24T09:23:18.336+0000][1][safepoint    ] Total time for which application threads were stopped: 0.0000463 seconds, Stopping threads took: 0.0000097 seconds
[2019-06-24T09:23:18.336+0000][1][safepoint    ] Application time: 0.0000374 seconds
[2019-06-24T09:23:18.336+0000][1][safepoint    ] Entering safepoint region: RevokeBias
[2019-06-24T09:23:18.336+0000][1][safepoint    ] Leaving safepoint region
[2019-06-24T09:23:18.336+0000][1][safepoint    ] Total time for which application threads were stopped: 0.0000460 seconds, Stopping threads took: 0.0000097 seconds
[2019-06-24T09:23:18.336+0000][1][safepoint    ] Application time: 0.0000417 seconds
[2019-06-24T09:23:18.336+0000][1][safepoint    ] Entering safepoint region: RevokeBias
[2019-06-24T09:23:18.337+0000][1][safepoint    ] Leaving safepoint region
[2019-06-24T09:23:18.337+0000][1][safepoint    ] Total time for which application threads were stopped: 0.0000903 seconds, Stopping threads took: 0.0000410 seconds
[2019-06-24T09:23:18.337+0000][1][safepoint    ] Application time: 0.0000381 seconds
[2019-06-24T09:23:18.337+0000][1][safepoint    ] Entering safepoint region: RevokeBias
[2019-06-24T09:23:18.337+0000][1][safepoint    ] Leaving safepoint region
[2019-06-24T09:23:18.337+0000][1][safepoint    ] Total time for which application threads were stopped: 0.0001314 seconds, Stopping threads took: 0.0000829 seconds
[2019-06-24T09:23:18.440+0000][1][safepoint    ] Application time: 0.1036009 seconds
[2019-06-24T09:23:18.440+0000][1][safepoint    ] Entering safepoint region: GenCollectForAllocation
[2019-06-24T09:23:18.441+0000][1][gc,start     ] GC(4) Pause Young (Allocation Failure)
[2019-06-24T09:23:18.441+0000][1][gc,task      ] GC(4) Using 5 workers of 8 for evacuation
[2019-06-24T09:23:18.445+0000][1][gc,age       ] GC(4) Desired survivor size 4456448 bytes, new threshold 2 (max threshold 6)
[2019-06-24T09:23:18.445+0000][1][gc,age       ] GC(4) Age table with threshold 2 (max threshold 6)
[2019-06-24T09:23:18.445+0000][1][gc,age       ] GC(4) - age   1:    1592440 bytes,    1592440 total
[2019-06-24T09:23:18.445+0000][1][gc,age       ] GC(4) - age   2:    3304752 bytes,    4897192 total
[2019-06-24T09:23:18.445+0000][1][gc,age       ] GC(4) - age   3:     318568 bytes,    5215760 total
[2019-06-24T09:23:18.445+0000][1][gc,heap      ] GC(4) ParNew: 76930K->7280K(78656K)
[2019-06-24T09:23:18.445+0000][1][gc,heap      ] GC(4) CMS: 6674K->7878K(174784K)
[2019-06-24T09:23:18.445+0000][1][gc,metaspace ] GC(4) Metaspace: 18558K->18558K(1067008K)
[2019-06-24T09:23:18.445+0000][1][gc           ] GC(4) Pause Young (Allocation Failure) 81M->14M(247M) 4.195ms
[2019-06-24T09:23:18.445+0000][1][gc,cpu       ] GC(4) User=0.03s Sys=0.00s Real=0.01s
[2019-06-24T09:23:18.445+0000][1][safepoint    ] Leaving safepoint region
[2019-06-24T09:23:18.445+0000][1][safepoint    ] Total time for which application threads were stopped: 0.0043478 seconds, Stopping threads took: 0.0000173 seconds
[2019-06-24T09:23:18.445+0000][1][safepoint    ] Application time: 0.0001473 seconds
[2019-06-24T09:23:18.445+0000][1][safepoint    ] Entering safepoint region: RevokeBias
[2019-06-24T09:23:18.445+0000][1][safepoint    ] Leaving safepoint region
[2019-06-24T09:23:18.445+0000][1][safepoint    ] Total time for which application threads were stopped: 0.0001627 seconds, Stopping threads took: 0.0001120 seconds
[2019-06-24T09:23:18.445+0000][1][safepoint    ] Application time: 0.0000408 seconds
[2019-06-24T09:23:18.445+0000][1][safepoint    ] Entering safepoint region: RevokeBias
[2019-06-24T09:23:18.445+0000][1][safepoint    ] Leaving safepoint region
[2019-06-24T09:23:18.445+0000][1][safepoint    ] Total time for which application threads were stopped: 0.0000621 seconds, Stopping threads took: 0.0000303 seconds
[2019-06-24T09:23:18.445+0000][1][safepoint    ] Application time: 0.0000496 seconds
[2019-06-24T09:23:18.445+0000][1][safepoint    ] Entering safepoint region: RevokeBias
[2019-06-24T09:23:18.445+0000][1][safepoint    ] Leaving safepoint region
[2019-06-24T09:23:18.445+0000][1][safepoint    ] Total time for which application threads were stopped: 0.0001296 seconds, Stopping threads took: 0.0000962 seconds
[2019-06-24T09:23:18.445+0000][1][safepoint    ] Application time: 0.0000377 seconds
[2019-06-24T09:23:18.445+0000][1][safepoint    ] Entering safepoint region: RevokeBias
[2019-06-24T09:23:18.445+0000][1][safepoint    ] Leaving safepoint region
[2019-06-24T09:23:18.446+0000][1][safepoint    ] Total time for which application threads were stopped: 0.0000592 seconds, Stopping threads took: 0.0000295 seconds
[2019-06-24T09:23:18.463+0000][1][safepoint    ] Application time: 0.0170989 seconds
[2019-06-24T09:23:18.463+0000][1][safepoint    ] Entering safepoint region: Deoptimize
[2019-06-24T09:23:18.463+0000][1][safepoint    ] Leaving safepoint region
[2019-06-24T09:23:18.463+0000][1][safepoint    ] Total time for which application threads were stopped: 0.0003131 seconds, Stopping threads took: 0.0000108 seconds
[2019-06-24T09:23:18.496+0000][1][safepoint    ] Application time: 0.0332657 seconds
[2019-06-24T09:23:18.496+0000][1][safepoint    ] Entering safepoint region: Deoptimize
[2019-06-24T09:23:18.497+0000][1][safepoint    ] Leaving safepoint region
[2019-06-24T09:23:18.497+0000][1][safepoint    ] Total time for which application threads were stopped: 0.0002641 seconds, Stopping threads took: 0.0000111 seconds
[2019-06-24T09:23:18.500+0000][1][safepoint    ] Application time: 0.0030997 seconds
[2019-06-24T09:23:18.500+0000][1][safepoint    ] Entering safepoint region: RevokeBias
[2019-06-24T09:23:18.500+0000][1][safepoint    ] Leaving safepoint region
[2019-06-24T09:23:18.500+0000][1][safepoint    ] Total time for which application threads were stopped: 0.0000715 seconds, Stopping threads took: 0.0000256 seconds
[2019-06-24T09:23:18.580+0000][1][safepoint    ] Application time: 0.0800797 seconds
[2019-06-24T09:23:18.580+0000][1][safepoint    ] Entering safepoint region: GenCollectForAllocation
[2019-06-24T09:23:18.580+0000][1][gc,start     ] GC(5) Pause Young (Allocation Failure)
[2019-06-24T09:23:18.580+0000][1][gc,task      ] GC(5) Using 5 workers of 8 for evacuation
[2019-06-24T09:23:18.584+0000][1][gc,age       ] GC(5) Desired survivor size 4456448 bytes, new threshold 6 (max threshold 6)
[2019-06-24T09:23:18.584+0000][1][gc,age       ] GC(5) Age table with threshold 6 (max threshold 6)
[2019-06-24T09:23:18.584+0000][1][gc,age       ] GC(5) - age   1:    2472552 bytes,    2472552 total
[2019-06-24T09:23:18.584+0000][1][gc,age       ] GC(5) - age   2:     446280 bytes,    2918832 total
[2019-06-24T09:23:18.584+0000][1][gc,heap      ] GC(5) ParNew: 77232K->5994K(78656K)
[2019-06-24T09:23:18.584+0000][1][gc,heap      ] GC(5) CMS: 7878K->11448K(174784K)
[2019-06-24T09:23:18.584+0000][1][gc,metaspace ] GC(5) Metaspace: 18917K->18917K(1067008K)
[2019-06-24T09:23:18.584+0000][1][gc           ] GC(5) Pause Young (Allocation Failure) 83M->17M(247M) 4.408ms
[2019-06-24T09:23:18.584+0000][1][gc,cpu       ] GC(5) User=0.03s Sys=0.00s Real=0.01s
[2019-06-24T09:23:18.584+0000][1][safepoint    ] Leaving safepoint region
[2019-06-24T09:23:18.584+0000][1][safepoint    ] Total time for which application threads were stopped: 0.0045546 seconds, Stopping threads took: 0.0000343 seconds
[2019-06-24T09:23:18.585+0000][1][safepoint    ] Application time: 0.0001288 seconds
[2019-06-24T09:23:18.585+0000][1][safepoint    ] Entering safepoint region: RevokeBias
[2019-06-24T09:23:18.585+0000][1][safepoint    ] Leaving safepoint region
[2019-06-24T09:23:18.585+0000][1][safepoint    ] Total time for which application threads were stopped: 0.0001005 seconds, Stopping threads took: 0.0000525 seconds
[2019-06-24T09:23:18.585+0000][1][safepoint    ] Application time: 0.0000471 seconds
[2019-06-24T09:23:18.585+0000][1][safepoint    ] Entering safepoint region: RevokeBias
[2019-06-24T09:23:18.585+0000][1][safepoint    ] Leaving safepoint region
[2019-06-24T09:23:18.585+0000][1][safepoint    ] Total time for which application threads were stopped: 0.0001650 seconds, Stopping threads took: 0.0000907 seconds
[2019-06-24T09:23:18.585+0000][1][safepoint    ] Application time: 0.0000527 seconds
[2019-06-24T09:23:18.585+0000][1][safepoint    ] Entering safepoint region: RevokeBias
[2019-06-24T09:23:18.585+0000][1][safepoint    ] Leaving safepoint region
[2019-06-24T09:23:18.585+0000][1][safepoint    ] Total time for which application threads were stopped: 0.0000545 seconds, Stopping threads took: 0.0000069 seconds
[2019-06-24T09:23:18.585+0000][1][safepoint    ] Application time: 0.0000420 seconds
[2019-06-24T09:23:18.585+0000][1][safepoint    ] Entering safepoint region: RevokeBias
[2019-06-24T09:23:18.585+0000][1][safepoint    ] Leaving safepoint region
[2019-06-24T09:23:18.585+0000][1][safepoint    ] Total time for which application threads were stopped: 0.0000574 seconds, Stopping threads took: 0.0000110 seconds
[2019-06-24T09:23:18.585+0000][1][safepoint    ] Application time: 0.0000550 seconds
[2019-06-24T09:23:18.585+0000][1][safepoint    ] Entering safepoint region: RevokeBias
[2019-06-24T09:23:18.585+0000][1][safepoint    ] Leaving safepoint region
[2019-06-24T09:23:18.585+0000][1][safepoint    ] Total time for which application threads were stopped: 0.0000423 seconds, Stopping threads took: 0.0000101 seconds
[2019-06-24T09:23:18.585+0000][1][safepoint    ] Application time: 0.0000441 seconds
[2019-06-24T09:23:18.585+0000][1][safepoint    ] Entering safepoint region: RevokeBias
[2019-06-24T09:23:18.585+0000][1][safepoint    ] Leaving safepoint region
[2019-06-24T09:23:18.585+0000][1][safepoint    ] Total time for which application threads were stopped: 0.0000447 seconds, Stopping threads took: 0.0000101 seconds
[2019-06-24T09:23:18.661+0000][1][safepoint    ] Application time: 0.0758413 seconds
[2019-06-24T09:23:18.661+0000][1][safepoint    ] Entering safepoint region: RevokeBias
[2019-06-24T09:23:18.661+0000][1][safepoint    ] Leaving safepoint region
[2019-06-24T09:23:18.661+0000][1][safepoint    ] Total time for which application threads were stopped: 0.0000543 seconds, Stopping threads took: 0.0000104 seconds
[2019-06-24T09:23:18.661+0000][1][safepoint    ] Application time: 0.0001239 seconds
[2019-06-24T09:23:18.661+0000][1][safepoint    ] Entering safepoint region: BulkRevokeBias
[2019-06-24T09:23:18.662+0000][1][safepoint    ] Leaving safepoint region
[2019-06-24T09:23:18.662+0000][1][safepoint    ] Total time for which application threads were stopped: 0.0000843 seconds, Stopping threads took: 0.0000078 seconds
[2019-06-24T09:23:18.684+0000][1][safepoint    ] Application time: 0.0219823 seconds
[2019-06-24T09:23:18.684+0000][1][safepoint    ] Entering safepoint region: GenCollectForAllocation
[2019-06-24T09:23:18.684+0000][1][gc,start     ] GC(6) Pause Young (Allocation Failure)
[2019-06-24T09:23:18.684+0000][1][gc,task      ] GC(6) Using 5 workers of 8 for evacuation
[2019-06-24T09:23:18.686+0000][1][gc,age       ] GC(6) Desired survivor size 4456448 bytes, new threshold 6 (max threshold 6)
[2019-06-24T09:23:18.686+0000][1][gc,age       ] GC(6) Age table with threshold 6 (max threshold 6)
[2019-06-24T09:23:18.686+0000][1][gc,age       ] GC(6) - age   1:    1456720 bytes,    1456720 total
[2019-06-24T09:23:18.686+0000][1][gc,age       ] GC(6) - age   2:    2194792 bytes,    3651512 total
[2019-06-24T09:23:18.686+0000][1][gc,age       ] GC(6) - age   3:     446280 bytes,    4097792 total
[2019-06-24T09:23:18.686+0000][1][gc,heap      ] GC(6) ParNew: 75946K->5179K(78656K)
[2019-06-24T09:23:18.686+0000][1][gc,heap      ] GC(6) CMS: 11448K->11448K(174784K)
[2019-06-24T09:23:18.686+0000][1][gc,metaspace ] GC(6) Metaspace: 19224K->19224K(1067008K)
[2019-06-24T09:23:18.686+0000][1][gc           ] GC(6) Pause Young (Allocation Failure) 85M->16M(247M) 2.276ms
[2019-06-24T09:23:18.686+0000][1][gc,cpu       ] GC(6) User=0.02s Sys=0.00s Real=0.00s
[2019-06-24T09:23:18.686+0000][1][safepoint    ] Leaving safepoint region
[2019-06-24T09:23:18.686+0000][1][safepoint    ] Total time for which application threads were stopped: 0.0023958 seconds, Stopping threads took: 0.0000126 seconds
[2019-06-24T09:23:18.686+0000][1][safepoint    ] Application time: 0.0001119 seconds
[2019-06-24T09:23:18.686+0000][1][safepoint    ] Entering safepoint region: BulkRevokeBias
[2019-06-24T09:23:18.686+0000][1][safepoint    ] Leaving safepoint region
[2019-06-24T09:23:18.686+0000][1][safepoint    ] Total time for which application threads were stopped: 0.0001023 seconds, Stopping threads took: 0.0000242 seconds
[2019-06-24T09:23:18.788+0000][1][safepoint    ] Application time: 0.1015871 seconds
[2019-06-24T09:23:18.788+0000][1][safepoint    ] Entering safepoint region: GenCollectForAllocation
[2019-06-24T09:23:18.788+0000][1][gc,start     ] GC(7) Pause Young (Allocation Failure)
[2019-06-24T09:23:18.788+0000][1][gc,task      ] GC(7) Using 5 workers of 8 for evacuation
[2019-06-24T09:23:18.790+0000][1][gc,age       ] GC(7) Desired survivor size 4456448 bytes, new threshold 6 (max threshold 6)
[2019-06-24T09:23:18.790+0000][1][gc,age       ] GC(7) Age table with threshold 6 (max threshold 6)
[2019-06-24T09:23:18.790+0000][1][gc,age       ] GC(7) - age   1:     554960 bytes,     554960 total
[2019-06-24T09:23:18.790+0000][1][gc,age       ] GC(7) - age   2:    1130008 bytes,    1684968 total
[2019-06-24T09:23:18.790+0000][1][gc,age       ] GC(7) - age   3:    2192784 bytes,    3877752 total
[2019-06-24T09:23:18.790+0000][1][gc,age       ] GC(7) - age   4:     446280 bytes,    4324032 total
[2019-06-24T09:23:18.790+0000][1][gc,heap      ] GC(7) ParNew: 75131K->5228K(78656K)
[2019-06-24T09:23:18.790+0000][1][gc,heap      ] GC(7) CMS: 11448K->11448K(174784K)
[2019-06-24T09:23:18.790+0000][1][gc,metaspace ] GC(7) Metaspace: 19832K->19832K(1067008K)
[2019-06-24T09:23:18.790+0000][1][gc           ] GC(7) Pause Young (Allocation Failure) 84M->16M(247M) 2.522ms
[2019-06-24T09:23:18.790+0000][1][gc,cpu       ] GC(7) User=0.02s Sys=0.00s Real=0.00s
[2019-06-24T09:23:18.790+0000][1][safepoint    ] Leaving safepoint region
[2019-06-24T09:23:18.790+0000][1][safepoint    ] Total time for which application threads were stopped: 0.0026438 seconds, Stopping threads took: 0.0000115 seconds
[2019-06-24T09:23:18.822+0000][1][safepoint    ] Application time: 0.0314939 seconds
[2019-06-24T09:23:18.822+0000][1][safepoint    ] Entering safepoint region: CollectForMetadataAllocation
[2019-06-24T09:23:18.822+0000][1][safepoint    ] Leaving safepoint region
[2019-06-24T09:23:18.822+0000][1][safepoint    ] Total time for which application threads were stopped: 0.0001453 seconds, Stopping threads took: 0.0000098 seconds
[2019-06-24T09:23:18.920+0000][1][safepoint    ] Application time: 0.0974329 seconds
[2019-06-24T09:23:18.920+0000][1][safepoint    ] Entering safepoint region: GenCollectForAllocation
[2019-06-24T09:23:18.920+0000][1][gc,start     ] GC(8) Pause Young (Allocation Failure)
[2019-06-24T09:23:18.920+0000][1][gc,task      ] GC(8) Using 5 workers of 8 for evacuation
[2019-06-24T09:23:18.922+0000][1][gc,age       ] GC(8) Desired survivor size 4456448 bytes, new threshold 4 (max threshold 6)
[2019-06-24T09:23:18.922+0000][1][gc,age       ] GC(8) Age table with threshold 4 (max threshold 6)
[2019-06-24T09:23:18.922+0000][1][gc,age       ] GC(8) - age   1:     725888 bytes,     725888 total
[2019-06-24T09:23:18.922+0000][1][gc,age       ] GC(8) - age   2:     531624 bytes,    1257512 total
[2019-06-24T09:23:18.922+0000][1][gc,age       ] GC(8) - age   3:    1129912 bytes,    2387424 total
[2019-06-24T09:23:18.922+0000][1][gc,age       ] GC(8) - age   4:    2192496 bytes,    4579920 total
[2019-06-24T09:23:18.922+0000][1][gc,age       ] GC(8) - age   5:     446280 bytes,    5026200 total
[2019-06-24T09:23:18.922+0000][1][gc,heap      ] GC(8) ParNew: 75180K->6182K(78656K)
[2019-06-24T09:23:18.922+0000][1][gc,heap      ] GC(8) CMS: 11448K->11448K(174784K)
[2019-06-24T09:23:18.922+0000][1][gc,metaspace ] GC(8) Metaspace: 20279K->20279K(1069056K)
[2019-06-24T09:23:18.922+0000][1][gc           ] GC(8) Pause Young (Allocation Failure) 84M->17M(247M) 2.744ms
[2019-06-24T09:23:18.922+0000][1][gc,cpu       ] GC(8) User=0.01s Sys=0.00s Real=0.00s
[2019-06-24T09:23:18.922+0000][1][safepoint    ] Leaving safepoint region
[2019-06-24T09:23:18.922+0000][1][safepoint    ] Total time for which application threads were stopped: 0.0028646 seconds, Stopping threads took: 0.0000120 seconds
[2019-06-24T09:23:18.923+0000][1][safepoint    ] Application time: 0.0001671 seconds
[2019-06-24T09:23:18.923+0000][1][safepoint    ] Entering safepoint region: CMS_Initial_Mark
[2019-06-24T09:23:18.923+0000][1][gc,start     ] GC(9) Pause Initial Mark
[2019-06-24T09:23:18.923+0000][1][gc           ] GC(9) Pause Initial Mark 18M->18M(247M) 0.793ms
[2019-06-24T09:23:18.924+0000][1][gc,cpu       ] GC(9) User=0.00s Sys=0.00s Real=0.00s
[2019-06-24T09:23:18.924+0000][1][safepoint    ] Leaving safepoint region
[2019-06-24T09:23:18.924+0000][1][safepoint    ] Total time for which application threads were stopped: 0.0008871 seconds, Stopping threads took: 0.0000346 seconds
[2019-06-24T09:23:18.924+0000][1][gc           ] GC(9) Concurrent Mark
[2019-06-24T09:23:18.924+0000][1][gc,task      ] GC(9) Using 2 workers of 2 for marking
[2019-06-24T09:23:18.935+0000][1][gc           ] GC(9) Concurrent Mark 11.024ms
[2019-06-24T09:23:18.935+0000][1][gc,cpu       ] GC(9) User=0.06s Sys=0.01s Real=0.01s
[2019-06-24T09:23:18.935+0000][1][gc           ] GC(9) Concurrent Preclean
[2019-06-24T09:23:18.936+0000][1][gc           ] GC(9) Concurrent Preclean 0.854ms
[2019-06-24T09:23:18.936+0000][1][gc,cpu       ] GC(9) User=0.00s Sys=0.00s Real=0.00s
[2019-06-24T09:23:18.936+0000][1][gc           ] GC(9) Concurrent Abortable Preclean
[2019-06-24T09:23:19.000+0000][1][safepoint    ] Application time: 0.0764427 seconds
[2019-06-24T09:23:19.000+0000][1][safepoint    ] Entering safepoint region: GenCollectForAllocation
[2019-06-24T09:23:19.000+0000][1][gc,start     ] GC(10) Pause Young (Allocation Failure)
[2019-06-24T09:23:19.000+0000][1][gc,task      ] GC(10) Using 5 workers of 8 for evacuation
[2019-06-24T09:23:19.004+0000][1][gc,age       ] GC(10) Desired survivor size 4456448 bytes, new threshold 6 (max threshold 6)
[2019-06-24T09:23:19.004+0000][1][gc,age       ] GC(10) Age table with threshold 6 (max threshold 6)
[2019-06-24T09:23:19.004+0000][1][gc,age       ] GC(10) - age   1:     953704 bytes,     953704 total
[2019-06-24T09:23:19.004+0000][1][gc,age       ] GC(10) - age   2:     468312 bytes,    1422016 total
[2019-06-24T09:23:19.004+0000][1][gc,age       ] GC(10) - age   3:     531504 bytes,    1953520 total
[2019-06-24T09:23:19.004+0000][1][gc,age       ] GC(10) - age   4:    1129912 bytes,    3083432 total
[2019-06-24T09:23:19.004+0000][1][gc,heap      ] GC(10) ParNew: 76134K->5964K(78656K)
[2019-06-24T09:23:19.004+0000][1][gc,heap      ] GC(10) CMS: 11448K->14049K(174784K)
[2019-06-24T09:23:19.004+0000][1][gc,metaspace ] GC(10) Metaspace: 20388K->20388K(1069056K)
[2019-06-24T09:23:19.004+0000][1][gc           ] GC(10) Pause Young (Allocation Failure) 85M->19M(247M) 3.991ms
[2019-06-24T09:23:19.004+0000][1][gc,cpu       ] GC(10) User=0.02s Sys=0.00s Real=0.01s
[2019-06-24T09:23:19.004+0000][1][safepoint    ] Leaving safepoint region
[2019-06-24T09:23:19.004+0000][1][safepoint    ] Total time for which application threads were stopped: 0.0041048 seconds, Stopping threads took: 0.0000122 seconds
[2019-06-24T09:23:19.042+0000][1][safepoint    ] Application time: 0.0378576 seconds
[2019-06-24T09:23:19.042+0000][1][safepoint    ] Entering safepoint region: CollectForMetadataAllocation
[2019-06-24T09:23:19.042+0000][1][safepoint    ] Leaving safepoint region
[2019-06-24T09:23:19.042+0000][1][safepoint    ] Total time for which application threads were stopped: 0.0002377 seconds, Stopping threads took: 0.0000603 seconds
[2019-06-24T09:23:19.093+0000][1][safepoint    ] Application time: 0.0506310 seconds
[2019-06-24T09:23:19.093+0000][1][safepoint    ] Entering safepoint region: GenCollectForAllocation
[2019-06-24T09:23:19.093+0000][1][gc,start     ] GC(11) Pause Young (Allocation Failure)
[2019-06-24T09:23:19.093+0000][1][gc,task      ] GC(11) Using 5 workers of 8 for evacuation
[2019-06-24T09:23:19.096+0000][1][gc,age       ] GC(11) Desired survivor size 4456448 bytes, new threshold 6 (max threshold 6)
[2019-06-24T09:23:19.096+0000][1][gc,age       ] GC(11) Age table with threshold 6 (max threshold 6)
[2019-06-24T09:23:19.096+0000][1][gc,age       ] GC(11) - age   1:    1815168 bytes,    1815168 total
[2019-06-24T09:23:19.096+0000][1][gc,age       ] GC(11) - age   2:      99000 bytes,    1914168 total
[2019-06-24T09:23:19.096+0000][1][gc,age       ] GC(11) - age   3:     468312 bytes,    2382480 total
[2019-06-24T09:23:19.096+0000][1][gc,age       ] GC(11) - age   4:     531352 bytes,    2913832 total
[2019-06-24T09:23:19.096+0000][1][gc,age       ] GC(11) - age   5:    1129624 bytes,    4043456 total
[2019-06-24T09:23:19.096+0000][1][gc,heap      ] GC(11) ParNew: 75916K->4612K(78656K)
[2019-06-24T09:23:19.096+0000][1][gc,heap      ] GC(11) CMS: 14049K->14049K(174784K)
[2019-06-24T09:23:19.096+0000][1][gc,metaspace ] GC(11) Metaspace: 20471K->20471K(1069056K)
[2019-06-24T09:23:19.096+0000][1][gc           ] GC(11) Pause Young (Allocation Failure) 87M->18M(247M) 2.663ms
[2019-06-24T09:23:19.096+0000][1][gc,cpu       ] GC(11) User=0.02s Sys=0.00s Real=0.01s
[2019-06-24T09:23:19.096+0000][1][safepoint    ] Leaving safepoint region
[2019-06-24T09:23:19.096+0000][1][safepoint    ] Total time for which application threads were stopped: 0.0028118 seconds, Stopping threads took: 0.0000171 seconds
[2019-06-24T09:23:19.096+0000][1][gc           ] GC(9) Concurrent Abortable Preclean 160.259ms
[2019-06-24T09:23:19.096+0000][1][gc,cpu       ] GC(9) User=0.74s Sys=0.01s Real=0.16s
[2019-06-24T09:23:19.096+0000][1][safepoint    ] Application time: 0.0001369 seconds
[2019-06-24T09:23:19.096+0000][1][safepoint    ] Entering safepoint region: CMS_Final_Remark
[2019-06-24T09:23:19.096+0000][1][gc,start     ] GC(9) Pause Remark
[2019-06-24T09:23:19.103+0000][1][gc           ] GC(9) Pause Remark 19M->19M(247M) 7.006ms
[2019-06-24T09:23:19.103+0000][1][gc,cpu       ] GC(9) User=0.02s Sys=0.00s Real=0.01s
[2019-06-24T09:23:19.103+0000][1][safepoint    ] Leaving safepoint region
[2019-06-24T09:23:19.103+0000][1][safepoint    ] Total time for which application threads were stopped: 0.0071543 seconds, Stopping threads took: 0.0000414 seconds
[2019-06-24T09:23:19.103+0000][1][gc           ] GC(9) Concurrent Sweep
[2019-06-24T09:23:19.108+0000][1][gc           ] GC(9) Concurrent Sweep 5.314ms
[2019-06-24T09:23:19.109+0000][1][gc,cpu       ] GC(9) User=0.02s Sys=0.00s Real=0.00s
[2019-06-24T09:23:19.109+0000][1][gc           ] GC(9) Concurrent Reset
[2019-06-24T09:23:19.109+0000][1][gc           ] GC(9) Concurrent Reset 0.428ms
[2019-06-24T09:23:19.109+0000][1][gc,cpu       ] GC(9) User=0.01s Sys=0.00s Real=0.00s
[2019-06-24T09:23:19.109+0000][1][gc,heap      ] GC(9) Old: 11448K->14023K(174784K)
[2019-06-24T09:23:19.158+0000][1][safepoint    ] Application time: 0.0547976 seconds
[2019-06-24T09:23:19.158+0000][1][safepoint    ] Entering safepoint region: Deoptimize
[2019-06-24T09:23:19.159+0000][1][safepoint    ] Leaving safepoint region
[2019-06-24T09:23:19.159+0000][1][safepoint    ] Total time for which application threads were stopped: 0.0007528 seconds, Stopping threads took: 0.0000174 seconds
[2019-06-24T09:23:19.511+0000][1][safepoint    ] Application time: 0.3522977 seconds
[2019-06-24T09:23:19.511+0000][1][safepoint    ] Entering safepoint region: Deoptimize
[2019-06-24T09:23:19.512+0000][1][safepoint    ] Leaving safepoint region
[2019-06-24T09:23:19.512+0000][1][safepoint    ] Total time for which application threads were stopped: 0.0004966 seconds, Stopping threads took: 0.0000313 seconds
[2019-06-24T09:23:19.521+0000][1][safepoint    ] Application time: 0.0090419 seconds
[2019-06-24T09:23:19.521+0000][1][safepoint    ] Entering safepoint region: RevokeBias
[2019-06-24T09:23:19.521+0000][1][safepoint    ] Leaving safepoint region
[2019-06-24T09:23:19.521+0000][1][safepoint    ] Total time for which application threads were stopped: 0.0000757 seconds, Stopping threads took: 0.0000170 seconds
[2019-06-24T09:23:19.521+0000][1][safepoint    ] Application time: 0.0003792 seconds
[2019-06-24T09:23:19.521+0000][1][safepoint    ] Entering safepoint region: Deoptimize
[2019-06-24T09:23:19.521+0000][1][safepoint    ] Leaving safepoint region
[2019-06-24T09:23:19.521+0000][1][safepoint    ] Total time for which application threads were stopped: 0.0003353 seconds, Stopping threads took: 0.0000118 seconds
[2019-06-24T09:23:19.525+0000][1][safepoint    ] Application time: 0.0036851 seconds
[2019-06-24T09:23:19.525+0000][1][safepoint    ] Entering safepoint region: Deoptimize
[2019-06-24T09:23:19.525+0000][1][safepoint    ] Leaving safepoint region
[2019-06-24T09:23:19.526+0000][1][safepoint    ] Total time for which application threads were stopped: 0.0003508 seconds, Stopping threads took: 0.0000152 seconds
[2019-06-24T09:23:19.600+0000][1][safepoint    ] Application time: 0.0748387 seconds
[2019-06-24T09:23:19.600+0000][1][safepoint    ] Entering safepoint region: GenCollectForAllocation
[2019-06-24T09:23:19.601+0000][1][gc,start     ] GC(12) Pause Young (Allocation Failure)
[2019-06-24T09:23:19.601+0000][1][gc,task      ] GC(12) Using 5 workers of 8 for evacuation
[2019-06-24T09:23:19.605+0000][1][gc,age       ] GC(12) Desired survivor size 4456448 bytes, new threshold 6 (max threshold 6)
[2019-06-24T09:23:19.605+0000][1][gc,age       ] GC(12) Age table with threshold 6 (max threshold 6)
[2019-06-24T09:23:19.605+0000][1][gc,age       ] GC(12) - age   1:    2796200 bytes,    2796200 total
[2019-06-24T09:23:19.605+0000][1][gc,age       ] GC(12) - age   2:     345408 bytes,    3141608 total
[2019-06-24T09:23:19.605+0000][1][gc,age       ] GC(12) - age   3:      98736 bytes,    3240344 total
[2019-06-24T09:23:19.605+0000][1][gc,age       ] GC(12) - age   4:     467992 bytes,    3708336 total
[2019-06-24T09:23:19.605+0000][1][gc,age       ] GC(12) - age   5:     526312 bytes,    4234648 total
[2019-06-24T09:23:19.605+0000][1][gc,age       ] GC(12) - age   6:    1129464 bytes,    5364112 total
[2019-06-24T09:23:19.605+0000][1][gc,heap      ] GC(12) ParNew: 74564K->6406K(78656K)
[2019-06-24T09:23:19.605+0000][1][gc,heap      ] GC(12) CMS: 14023K->14023K(174784K)
[2019-06-24T09:23:19.605+0000][1][gc,metaspace ] GC(12) Metaspace: 26256K->26256K(1073152K)
[2019-06-24T09:23:19.605+0000][1][gc           ] GC(12) Pause Young (Allocation Failure) 86M->19M(247M) 4.563ms
[2019-06-24T09:23:19.605+0000][1][gc,cpu       ] GC(12) User=0.03s Sys=0.00s Real=0.01s
[2019-06-24T09:23:19.605+0000][1][safepoint    ] Leaving safepoint region
[2019-06-24T09:23:19.605+0000][1][safepoint    ] Total time for which application threads were stopped: 0.0047252 seconds, Stopping threads took: 0.0000359 seconds
[2019-06-24T09:23:20.318+0000][1][safepoint    ] Application time: 0.7131477 seconds
[2019-06-24T09:23:20.318+0000][1][safepoint    ] Entering safepoint region: GenCollectForAllocation
[2019-06-24T09:23:20.319+0000][1][gc,start     ] GC(13) Pause Young (Allocation Failure)
[2019-06-24T09:23:20.319+0000][1][gc,task      ] GC(13) Using 5 workers of 8 for evacuation
[2019-06-24T09:23:20.336+0000][1][gc,age       ] GC(13) Desired survivor size 4456448 bytes, new threshold 1 (max threshold 6)
[2019-06-24T09:23:20.336+0000][1][gc,age       ] GC(13) Age table with threshold 1 (max threshold 6)
[2019-06-24T09:23:20.336+0000][1][gc,age       ] GC(13) - age   1:    4890176 bytes,    4890176 total
[2019-06-24T09:23:20.336+0000][1][gc,age       ] GC(13) - age   2:    2584776 bytes,    7474952 total
[2019-06-24T09:23:20.336+0000][1][gc,age       ] GC(13) - age   3:     345408 bytes,    7820360 total
[2019-06-24T09:23:20.336+0000][1][gc,age       ] GC(13) - age   4:      98736 bytes,    7919096 total
[2019-06-24T09:23:20.336+0000][1][gc,age       ] GC(13) - age   5:     467992 bytes,    8387088 total
[2019-06-24T09:23:20.336+0000][1][gc,age       ] GC(13) - age   6:     526168 bytes,    8913256 total
[2019-06-24T09:23:20.336+0000][1][gc,heap      ] GC(13) ParNew: 76358K->8704K(78656K)
[2019-06-24T09:23:20.336+0000][1][gc,heap      ] GC(13) CMS: 14023K->25086K(174784K)
[2019-06-24T09:23:20.336+0000][1][gc,metaspace ] GC(13) Metaspace: 26925K->26925K(1075200K)
[2019-06-24T09:23:20.336+0000][1][gc           ] GC(13) Pause Young (Allocation Failure) 88M->32M(247M) 17.099ms
[2019-06-24T09:23:20.336+0000][1][gc,cpu       ] GC(13) User=0.09s Sys=0.00s Real=0.02s
[2019-06-24T09:23:20.336+0000][1][safepoint    ] Leaving safepoint region
[2019-06-24T09:23:20.336+0000][1][safepoint    ] Total time for which application threads were stopped: 0.0174983 seconds, Stopping threads took: 0.0000190 seconds
[2019-06-24T09:23:20.393+0000][1][safepoint    ] Application time: 0.0572152 seconds
[2019-06-24T09:23:20.393+0000][1][safepoint    ] Entering safepoint region: Deoptimize
[2019-06-24T09:23:20.393+0000][1][safepoint    ] Leaving safepoint region
[2019-06-24T09:23:20.393+0000][1][safepoint    ] Total time for which application threads were stopped: 0.0003814 seconds, Stopping threads took: 0.0000169 seconds
[2019-06-24T09:23:20.581+0000][1][safepoint    ] Application time: 0.1874961 seconds
[2019-06-24T09:23:20.581+0000][1][safepoint    ] Entering safepoint region: RevokeBias
[2019-06-24T09:23:20.581+0000][1][safepoint    ] Leaving safepoint region
[2019-06-24T09:23:20.581+0000][1][safepoint    ] Total time for which application threads were stopped: 0.0001061 seconds, Stopping threads took: 0.0000171 seconds
[2019-06-24T09:23:20.818+0000][1][safepoint    ] Application time: 0.2365241 seconds
[2019-06-24T09:23:20.818+0000][1][safepoint    ] Entering safepoint region: GenCollectForAllocation
[2019-06-24T09:23:20.818+0000][1][gc,start     ] GC(14) Pause Young (Allocation Failure)
[2019-06-24T09:23:20.818+0000][1][gc,task      ] GC(14) Using 5 workers of 8 for evacuation
[2019-06-24T09:23:20.838+0000][1][gc,age       ] GC(14) Desired survivor size 4456448 bytes, new threshold 1 (max threshold 6)
[2019-06-24T09:23:20.838+0000][1][gc,age       ] GC(14) Age table with threshold 1 (max threshold 6)
[2019-06-24T09:23:20.838+0000][1][gc,age       ] GC(14) - age   1:    8912920 bytes,    8912920 total
[2019-06-24T09:23:20.838+0000][1][gc,heap      ] GC(14) ParNew: 78656K->8704K(78656K)
[2019-06-24T09:23:20.838+0000][1][gc,heap      ] GC(14) CMS: 25086K->38637K(174784K)
[2019-06-24T09:23:20.838+0000][1][gc,metaspace ] GC(14) Metaspace: 27069K->27069K(1075200K)
[2019-06-24T09:23:20.838+0000][1][gc           ] GC(14) Pause Young (Allocation Failure) 101M->46M(247M) 20.521ms
[2019-06-24T09:23:20.838+0000][1][gc,cpu       ] GC(14) User=0.13s Sys=0.00s Real=0.02s
[2019-06-24T09:23:20.838+0000][1][safepoint    ] Leaving safepoint region
[2019-06-24T09:23:20.838+0000][1][safepoint    ] Total time for which application threads were stopped: 0.0206575 seconds, Stopping threads took: 0.0000176 seconds
[2019-06-24T09:23:21.108+0000][1][safepoint    ] Application time: 0.2696326 seconds
[2019-06-24T09:23:21.108+0000][1][safepoint    ] Entering safepoint region: RevokeBias
[2019-06-24T09:23:21.108+0000][1][safepoint    ] Leaving safepoint region
[2019-06-24T09:23:21.108+0000][1][safepoint    ] Total time for which application threads were stopped: 0.0001452 seconds, Stopping threads took: 0.0000164 seconds
[2019-06-24T09:23:21.382+0000][1][safepoint    ] Application time: 0.2740832 seconds
[2019-06-24T09:23:21.382+0000][1][safepoint    ] Entering safepoint region: GenCollectForAllocation
[2019-06-24T09:23:21.383+0000][1][gc,start     ] GC(15) Pause Young (Allocation Failure)
[2019-06-24T09:23:21.383+0000][1][gc,task      ] GC(15) Using 5 workers of 8 for evacuation
[2019-06-24T09:23:21.401+0000][1][gc,age       ] GC(15) Desired survivor size 4456448 bytes, new threshold 1 (max threshold 6)
[2019-06-24T09:23:21.401+0000][1][gc,age       ] GC(15) Age table with threshold 1 (max threshold 6)
[2019-06-24T09:23:21.401+0000][1][gc,age       ] GC(15) - age   1:    5423104 bytes,    5423104 total
[2019-06-24T09:23:21.401+0000][1][gc,heap      ] GC(15) ParNew: 78656K->8704K(78656K)
[2019-06-24T09:23:21.401+0000][1][gc,heap      ] GC(15) CMS: 38637K->50204K(174784K)
[2019-06-24T09:23:21.401+0000][1][gc,metaspace ] GC(15) Metaspace: 31375K->31375K(1079296K)
[2019-06-24T09:23:21.401+0000][1][gc           ] GC(15) Pause Young (Allocation Failure) 114M->57M(247M) 18.408ms
[2019-06-24T09:23:21.401+0000][1][gc,cpu       ] GC(15) User=0.10s Sys=0.00s Real=0.01s
[2019-06-24T09:23:21.401+0000][1][safepoint    ] Leaving safepoint region
[2019-06-24T09:23:21.401+0000][1][safepoint    ] Total time for which application threads were stopped: 0.0186341 seconds, Stopping threads took: 0.0000190 seconds
[2019-06-24T09:23:21.550+0000][1][safepoint    ] Application time: 0.1486095 seconds
[2019-06-24T09:23:21.550+0000][1][safepoint    ] Entering safepoint region: GenCollectForAllocation
[2019-06-24T09:23:21.550+0000][1][gc,start     ] GC(16) Pause Young (Allocation Failure)
[2019-06-24T09:23:21.550+0000][1][gc,task      ] GC(16) Using 5 workers of 8 for evacuation
[2019-06-24T09:23:21.557+0000][1][gc,age       ] GC(16) Desired survivor size 4456448 bytes, new threshold 6 (max threshold 6)
[2019-06-24T09:23:21.557+0000][1][gc,age       ] GC(16) Age table with threshold 6 (max threshold 6)
[2019-06-24T09:23:21.557+0000][1][gc,age       ] GC(16) - age   1:     448448 bytes,     448448 total
[2019-06-24T09:23:21.557+0000][1][gc,heap      ] GC(16) ParNew: 78656K->6080K(78656K)
[2019-06-24T09:23:21.557+0000][1][gc,heap      ] GC(16) CMS: 50204K->55539K(174784K)
[2019-06-24T09:23:21.557+0000][1][gc,metaspace ] GC(16) Metaspace: 32829K->32829K(1079296K)
[2019-06-24T09:23:21.557+0000][1][gc           ] GC(16) Pause Young (Allocation Failure) 125M->60M(247M) 7.654ms
[2019-06-24T09:23:21.557+0000][1][gc,cpu       ] GC(16) User=0.05s Sys=0.00s Real=0.01s
[2019-06-24T09:23:21.557+0000][1][safepoint    ] Leaving safepoint region
[2019-06-24T09:23:21.557+0000][1][safepoint    ] Total time for which application threads were stopped: 0.0078293 seconds, Stopping threads took: 0.0000177 seconds
[2019-06-24T09:23:21.765+0000][1][safepoint    ] Application time: 0.2070839 seconds
[2019-06-24T09:23:21.765+0000][1][safepoint    ] Entering safepoint region: CollectForMetadataAllocation
[2019-06-24T09:23:21.765+0000][1][safepoint    ] Leaving safepoint region
[2019-06-24T09:23:21.765+0000][1][safepoint    ] Total time for which application threads were stopped: 0.0002319 seconds, Stopping threads took: 0.0000197 seconds
[2019-06-24T09:23:21.794+0000][1][safepoint    ] Application time: 0.0290523 seconds
[2019-06-24T09:23:21.794+0000][1][safepoint    ] Entering safepoint region: CollectForMetadataAllocation
[2019-06-24T09:23:21.794+0000][1][safepoint    ] Leaving safepoint region
[2019-06-24T09:23:21.794+0000][1][safepoint    ] Total time for which application threads were stopped: 0.0001447 seconds, Stopping threads took: 0.0000144 seconds
[2019-06-24T09:23:21.818+0000][1][safepoint    ] Application time: 0.0241892 seconds
[2019-06-24T09:23:21.818+0000][1][safepoint    ] Entering safepoint region: CollectForMetadataAllocation
[2019-06-24T09:23:21.819+0000][1][safepoint    ] Leaving safepoint region
[2019-06-24T09:23:21.819+0000][1][safepoint    ] Total time for which application threads were stopped: 0.0002151 seconds, Stopping threads took: 0.0000294 seconds
[2019-06-24T09:23:21.832+0000][1][safepoint    ] Application time: 0.0138806 seconds
[2019-06-24T09:23:21.832+0000][1][safepoint    ] Entering safepoint region: CollectForMetadataAllocation
[2019-06-24T09:23:21.833+0000][1][safepoint    ] Leaving safepoint region
[2019-06-24T09:23:21.833+0000][1][safepoint    ] Total time for which application threads were stopped: 0.0002021 seconds, Stopping threads took: 0.0000166 seconds
[2019-06-24T09:23:21.850+0000][1][safepoint    ] Application time: 0.0171685 seconds
[2019-06-24T09:23:21.850+0000][1][safepoint    ] Entering safepoint region: CollectForMetadataAllocation
[2019-06-24T09:23:21.850+0000][1][safepoint    ] Leaving safepoint region
[2019-06-24T09:23:21.850+0000][1][safepoint    ] Total time for which application threads were stopped: 0.0001947 seconds, Stopping threads took: 0.0000166 seconds
[2019-06-24T09:23:21.863+0000][1][safepoint    ] Application time: 0.0127851 seconds
[2019-06-24T09:23:21.863+0000][1][safepoint    ] Entering safepoint region: CollectForMetadataAllocation
[2019-06-24T09:23:21.863+0000][1][safepoint    ] Leaving safepoint region
[2019-06-24T09:23:21.863+0000][1][safepoint    ] Total time for which application threads were stopped: 0.0001942 seconds, Stopping threads took: 0.0000531 seconds
[2019-06-24T09:23:21.883+0000][1][safepoint    ] Application time: 0.0202742 seconds
[2019-06-24T09:23:21.883+0000][1][safepoint    ] Entering safepoint region: CollectForMetadataAllocation
[2019-06-24T09:23:21.884+0000][1][safepoint    ] Leaving safepoint region
[2019-06-24T09:23:21.884+0000][1][safepoint    ] Total time for which application threads were stopped: 0.0001893 seconds, Stopping threads took: 0.0000172 seconds
[2019-06-24T09:23:21.903+0000][1][safepoint    ] Application time: 0.0190155 seconds
[2019-06-24T09:23:21.903+0000][1][safepoint    ] Entering safepoint region: CollectForMetadataAllocation
[2019-06-24T09:23:21.903+0000][1][safepoint    ] Leaving safepoint region
[2019-06-24T09:23:21.903+0000][1][safepoint    ] Total time for which application threads were stopped: 0.0002157 seconds, Stopping threads took: 0.0000337 seconds
[2019-06-24T09:23:21.917+0000][1][safepoint    ] Application time: 0.0142968 seconds
[2019-06-24T09:23:21.917+0000][1][safepoint    ] Entering safepoint region: CollectForMetadataAllocation
[2019-06-24T09:23:21.917+0000][1][safepoint    ] Leaving safepoint region
[2019-06-24T09:23:21.917+0000][1][safepoint    ] Total time for which application threads were stopped: 0.0001323 seconds, Stopping threads took: 0.0000169 seconds
[2019-06-24T09:23:21.945+0000][1][safepoint    ] Application time: 0.0278672 seconds
[2019-06-24T09:23:21.945+0000][1][safepoint    ] Entering safepoint region: CollectForMetadataAllocation
[2019-06-24T09:23:21.945+0000][1][safepoint    ] Leaving safepoint region
[2019-06-24T09:23:21.945+0000][1][safepoint    ] Total time for which application threads were stopped: 0.0001570 seconds, Stopping threads took: 0.0000109 seconds
[2019-06-24T09:23:21.947+0000][1][safepoint    ] Application time: 0.0013399 seconds
[2019-06-24T09:23:21.947+0000][1][safepoint    ] Entering safepoint region: RevokeBias
[2019-06-24T09:23:21.947+0000][1][safepoint    ] Leaving safepoint region
[2019-06-24T09:23:21.947+0000][1][safepoint    ] Total time for which application threads were stopped: 0.0000933 seconds, Stopping threads took: 0.0000257 seconds
[2019-06-24T09:23:21.954+0000][1][safepoint    ] Application time: 0.0074608 seconds
[2019-06-24T09:23:21.954+0000][1][safepoint    ] Entering safepoint region: CollectForMetadataAllocation
[2019-06-24T09:23:21.955+0000][1][safepoint    ] Leaving safepoint region
[2019-06-24T09:23:21.955+0000][1][safepoint    ] Total time for which application threads were stopped: 0.0001759 seconds, Stopping threads took: 0.0000096 seconds
[2019-06-24T09:23:21.985+0000][1][safepoint    ] Application time: 0.0304228 seconds
[2019-06-24T09:23:21.985+0000][1][safepoint    ] Entering safepoint region: CollectForMetadataAllocation
[2019-06-24T09:23:21.985+0000][1][safepoint    ] Leaving safepoint region
[2019-06-24T09:23:21.985+0000][1][safepoint    ] Total time for which application threads were stopped: 0.0002015 seconds, Stopping threads took: 0.0000153 seconds
[2019-06-24T09:23:22.005+0000][1][safepoint    ] Application time: 0.0199004 seconds
[2019-06-24T09:23:22.005+0000][1][safepoint    ] Entering safepoint region: CollectForMetadataAllocation
[2019-06-24T09:23:22.005+0000][1][safepoint    ] Leaving safepoint region
[2019-06-24T09:23:22.005+0000][1][safepoint    ] Total time for which application threads were stopped: 0.0001398 seconds, Stopping threads took: 0.0000102 seconds
[2019-06-24T09:23:22.022+0000][1][safepoint    ] Application time: 0.0168855 seconds
[2019-06-24T09:23:22.022+0000][1][safepoint    ] Entering safepoint region: CollectForMetadataAllocation
[2019-06-24T09:23:22.022+0000][1][safepoint    ] Leaving safepoint region
[2019-06-24T09:23:22.022+0000][1][safepoint    ] Total time for which application threads were stopped: 0.0001004 seconds, Stopping threads took: 0.0000106 seconds
[2019-06-24T09:23:22.045+0000][1][safepoint    ] Application time: 0.0224615 seconds
[2019-06-24T09:23:22.045+0000][1][safepoint    ] Entering safepoint region: CollectForMetadataAllocation
[2019-06-24T09:23:22.045+0000][1][safepoint    ] Leaving safepoint region
[2019-06-24T09:23:22.045+0000][1][safepoint    ] Total time for which application threads were stopped: 0.0001867 seconds, Stopping threads took: 0.0000166 seconds
[2019-06-24T09:23:22.059+0000][1][safepoint    ] Application time: 0.0136303 seconds
[2019-06-24T09:23:22.059+0000][1][safepoint    ] Entering safepoint region: CollectForMetadataAllocation
[2019-06-24T09:23:22.059+0000][1][safepoint    ] Leaving safepoint region
[2019-06-24T09:23:22.059+0000][1][safepoint    ] Total time for which application threads were stopped: 0.0001407 seconds, Stopping threads took: 0.0000120 seconds
[2019-06-24T09:23:22.077+0000][1][safepoint    ] Application time: 0.0185802 seconds
[2019-06-24T09:23:22.078+0000][1][safepoint    ] Entering safepoint region: CollectForMetadataAllocation
[2019-06-24T09:23:22.078+0000][1][safepoint    ] Leaving safepoint region
[2019-06-24T09:23:22.078+0000][1][safepoint    ] Total time for which application threads were stopped: 0.0001927 seconds, Stopping threads took: 0.0000172 seconds
[2019-06-24T09:23:22.089+0000][1][safepoint    ] Application time: 0.0113705 seconds
[2019-06-24T09:23:22.089+0000][1][safepoint    ] Entering safepoint region: CollectForMetadataAllocation
[2019-06-24T09:23:22.089+0000][1][safepoint    ] Leaving safepoint region
[2019-06-24T09:23:22.089+0000][1][safepoint    ] Total time for which application threads were stopped: 0.0001492 seconds, Stopping threads took: 0.0000116 seconds
[2019-06-24T09:23:22.107+0000][1][safepoint    ] Application time: 0.0175032 seconds
[2019-06-24T09:23:22.107+0000][1][safepoint    ] Entering safepoint region: CollectForMetadataAllocation
[2019-06-24T09:23:22.107+0000][1][safepoint    ] Leaving safepoint region
[2019-06-24T09:23:22.107+0000][1][safepoint    ] Total time for which application threads were stopped: 0.0001399 seconds, Stopping threads took: 0.0000104 seconds
[2019-06-24T09:23:22.118+0000][1][safepoint    ] Application time: 0.0109810 seconds
[2019-06-24T09:23:22.118+0000][1][safepoint    ] Entering safepoint region: CollectForMetadataAllocation
[2019-06-24T09:23:22.118+0000][1][safepoint    ] Leaving safepoint region
[2019-06-24T09:23:22.118+0000][1][safepoint    ] Total time for which application threads were stopped: 0.0001427 seconds, Stopping threads took: 0.0000099 seconds
[2019-06-24T09:23:22.138+0000][1][safepoint    ] Application time: 0.0200277 seconds
[2019-06-24T09:23:22.138+0000][1][safepoint    ] Entering safepoint region: CollectForMetadataAllocation
[2019-06-24T09:23:22.138+0000][1][safepoint    ] Leaving safepoint region
[2019-06-24T09:23:22.138+0000][1][safepoint    ] Total time for which application threads were stopped: 0.0001521 seconds, Stopping threads took: 0.0000175 seconds
[2019-06-24T09:23:22.150+0000][1][safepoint    ] Application time: 0.0120265 seconds
[2019-06-24T09:23:22.150+0000][1][safepoint    ] Entering safepoint region: CollectForMetadataAllocation
[2019-06-24T09:23:22.151+0000][1][safepoint    ] Leaving safepoint region
[2019-06-24T09:23:22.151+0000][1][safepoint    ] Total time for which application threads were stopped: 0.0002318 seconds, Stopping threads took: 0.0000154 seconds
[2019-06-24T09:23:22.173+0000][1][safepoint    ] Application time: 0.0218330 seconds
[2019-06-24T09:23:22.173+0000][1][safepoint    ] Entering safepoint region: CollectForMetadataAllocation
[2019-06-24T09:23:22.173+0000][1][safepoint    ] Leaving safepoint region
[2019-06-24T09:23:22.173+0000][1][safepoint    ] Total time for which application threads were stopped: 0.0001936 seconds, Stopping threads took: 0.0000163 seconds
[2019-06-24T09:23:22.196+0000][1][safepoint    ] Application time: 0.0235539 seconds
[2019-06-24T09:23:22.196+0000][1][safepoint    ] Entering safepoint region: CollectForMetadataAllocation
[2019-06-24T09:23:22.196+0000][1][safepoint    ] Leaving safepoint region
[2019-06-24T09:23:22.196+0000][1][safepoint    ] Total time for which application threads were stopped: 0.0001357 seconds, Stopping threads took: 0.0000153 seconds
[2019-06-24T09:23:22.224+0000][1][safepoint    ] Application time: 0.0275368 seconds
[2019-06-24T09:23:22.224+0000][1][safepoint    ] Entering safepoint region: CollectForMetadataAllocation
[2019-06-24T09:23:22.224+0000][1][safepoint    ] Leaving safepoint region
[2019-06-24T09:23:22.224+0000][1][safepoint    ] Total time for which application threads were stopped: 0.0001502 seconds, Stopping threads took: 0.0000108 seconds
[2019-06-24T09:23:22.240+0000][1][safepoint    ] Application time: 0.0155155 seconds
[2019-06-24T09:23:22.240+0000][1][safepoint    ] Entering safepoint region: CollectForMetadataAllocation
[2019-06-24T09:23:22.240+0000][1][safepoint    ] Leaving safepoint region
[2019-06-24T09:23:22.240+0000][1][safepoint    ] Total time for which application threads were stopped: 0.0001605 seconds, Stopping threads took: 0.0000206 seconds
[2019-06-24T09:23:22.262+0000][1][safepoint    ] Application time: 0.0216661 seconds
[2019-06-24T09:23:22.262+0000][1][safepoint    ] Entering safepoint region: RevokeBias
[2019-06-24T09:23:22.262+0000][1][safepoint    ] Leaving safepoint region
[2019-06-24T09:23:22.262+0000][1][safepoint    ] Total time for which application threads were stopped: 0.0001049 seconds, Stopping threads took: 0.0000417 seconds
[2019-06-24T09:23:22.262+0000][1][safepoint    ] Application time: 0.0001583 seconds
[2019-06-24T09:23:22.262+0000][1][safepoint    ] Entering safepoint region: RevokeBias
[2019-06-24T09:23:22.262+0000][1][safepoint    ] Leaving safepoint region
[2019-06-24T09:23:22.262+0000][1][safepoint    ] Total time for which application threads were stopped: 0.0000759 seconds, Stopping threads took: 0.0000148 seconds
[2019-06-24T09:23:22.263+0000][1][safepoint    ] Application time: 0.0013142 seconds
[2019-06-24T09:23:22.263+0000][1][safepoint    ] Entering safepoint region: CollectForMetadataAllocation
[2019-06-24T09:23:22.264+0000][1][safepoint    ] Leaving safepoint region
[2019-06-24T09:23:22.264+0000][1][safepoint    ] Total time for which application threads were stopped: 0.0001870 seconds, Stopping threads took: 0.0000136 seconds
[2019-06-24T09:23:22.283+0000][1][safepoint    ] Application time: 0.0191012 seconds
[2019-06-24T09:23:22.283+0000][1][safepoint    ] Entering safepoint region: CollectForMetadataAllocation
[2019-06-24T09:23:22.283+0000][1][safepoint    ] Leaving safepoint region
[2019-06-24T09:23:22.283+0000][1][safepoint    ] Total time for which application threads were stopped: 0.0002194 seconds, Stopping threads took: 0.0000184 seconds
[2019-06-24T09:23:22.478+0000][1][safepoint    ] Application time: 0.1946047 seconds
[2019-06-24T09:23:22.478+0000][1][safepoint    ] Entering safepoint region: GenCollectForAllocation
[2019-06-24T09:23:22.478+0000][1][gc,start     ] GC(17) Pause Young (Allocation Failure)
[2019-06-24T09:23:22.478+0000][1][gc,task      ] GC(17) Using 5 workers of 8 for evacuation
[2019-06-24T09:23:22.482+0000][1][gc,age       ] GC(17) Desired survivor size 4456448 bytes, new threshold 6 (max threshold 6)
[2019-06-24T09:23:22.482+0000][1][gc,age       ] GC(17) Age table with threshold 6 (max threshold 6)
[2019-06-24T09:23:22.482+0000][1][gc,age       ] GC(17) - age   1:    3617696 bytes,    3617696 total
[2019-06-24T09:23:22.482+0000][1][gc,age       ] GC(17) - age   2:     406600 bytes,    4024296 total
[2019-06-24T09:23:22.482+0000][1][gc,heap      ] GC(17) ParNew: 76032K->4806K(78656K)
[2019-06-24T09:23:22.482+0000][1][gc,heap      ] GC(17) CMS: 55539K->55539K(174784K)
[2019-06-24T09:23:22.482+0000][1][gc,metaspace ] GC(17) Metaspace: 41956K->41956K(1087488K)
[2019-06-24T09:23:22.482+0000][1][gc           ] GC(17) Pause Young (Allocation Failure) 128M->58M(247M) 4.830ms
[2019-06-24T09:23:22.483+0000][1][gc,cpu       ] GC(17) User=0.05s Sys=0.00s Real=0.01s
[2019-06-24T09:23:22.483+0000][1][safepoint    ] Leaving safepoint region
[2019-06-24T09:23:22.483+0000][1][safepoint    ] Total time for which application threads were stopped: 0.0049655 seconds, Stopping threads took: 0.0000169 seconds
[2019-06-24T09:23:22.483+0000][1][safepoint    ] Application time: 0.0000878 seconds
[2019-06-24T09:23:22.483+0000][1][safepoint    ] Entering safepoint region: CMS_Initial_Mark
[2019-06-24T09:23:22.483+0000][1][gc,start     ] GC(18) Pause Initial Mark
[2019-06-24T09:23:22.484+0000][1][gc           ] GC(18) Pause Initial Mark 60M->60M(247M) 1.337ms
[2019-06-24T09:23:22.484+0000][1][gc,cpu       ] GC(18) User=0.00s Sys=0.00s Real=0.00s
[2019-06-24T09:23:22.484+0000][1][safepoint    ] Leaving safepoint region
[2019-06-24T09:23:22.484+0000][1][safepoint    ] Total time for which application threads were stopped: 0.0014948 seconds, Stopping threads took: 0.0000807 seconds
[2019-06-24T09:23:22.484+0000][1][gc           ] GC(18) Concurrent Mark
[2019-06-24T09:23:22.484+0000][1][gc,task      ] GC(18) Using 2 workers of 2 for marking
[2019-06-24T09:23:22.534+0000][1][gc           ] GC(18) Concurrent Mark 49.926ms
[2019-06-24T09:23:22.534+0000][1][gc,cpu       ] GC(18) User=0.30s Sys=0.00s Real=0.04s
[2019-06-24T09:23:22.534+0000][1][gc           ] GC(18) Concurrent Preclean
[2019-06-24T09:23:22.536+0000][1][gc           ] GC(18) Concurrent Preclean 1.530ms
[2019-06-24T09:23:22.536+0000][1][gc,cpu       ] GC(18) User=0.01s Sys=0.00s Real=0.01s
[2019-06-24T09:23:22.536+0000][1][safepoint    ] Application time: 0.0516006 seconds
[2019-06-24T09:23:22.536+0000][1][safepoint    ] Entering safepoint region: CMS_Final_Remark
[2019-06-24T09:23:22.536+0000][1][gc,start     ] GC(18) Pause Remark
[2019-06-24T09:23:22.547+0000][1][gc           ] GC(18) Pause Remark 60M->60M(247M) 10.686ms
[2019-06-24T09:23:22.547+0000][1][gc,cpu       ] GC(18) User=0.04s Sys=0.00s Real=0.01s
[2019-06-24T09:23:22.547+0000][1][safepoint    ] Leaving safepoint region
[2019-06-24T09:23:22.547+0000][1][safepoint    ] Total time for which application threads were stopped: 0.0108331 seconds, Stopping threads took: 0.0000402 seconds
[2019-06-24T09:23:22.547+0000][1][gc           ] GC(18) Concurrent Sweep
[2019-06-24T09:23:22.577+0000][1][gc           ] GC(18) Concurrent Sweep 30.315ms
[2019-06-24T09:23:22.577+0000][1][gc,cpu       ] GC(18) User=0.15s Sys=0.00s Real=0.03s
[2019-06-24T09:23:22.577+0000][1][gc           ] GC(18) Concurrent Reset
[2019-06-24T09:23:22.577+0000][1][gc           ] GC(18) Concurrent Reset 0.378ms
[2019-06-24T09:23:22.577+0000][1][gc,cpu       ] GC(18) User=0.00s Sys=0.00s Real=0.00s
[2019-06-24T09:23:22.577+0000][1][gc,heap      ] GC(18) Old: 55539K->55309K(174784K)
[2019-06-24T09:23:23.116+0000][1][safepoint    ] Application time: 0.5692114 seconds
[2019-06-24T09:23:23.116+0000][1][safepoint    ] Entering safepoint region: RevokeBias
[2019-06-24T09:23:23.117+0000][1][safepoint    ] Leaving safepoint region
[2019-06-24T09:23:23.117+0000][1][safepoint    ] Total time for which application threads were stopped: 0.0015439 seconds, Stopping threads took: 0.0007475 seconds
[2019-06-24T09:23:23.122+0000][1][safepoint    ] Application time: 0.0046886 seconds
[2019-06-24T09:23:23.122+0000][1][safepoint    ] Entering safepoint region: RevokeBias
[2019-06-24T09:23:23.122+0000][1][safepoint    ] Leaving safepoint region
[2019-06-24T09:23:23.122+0000][1][safepoint    ] Total time for which application threads were stopped: 0.0000760 seconds, Stopping threads took: 0.0000137 seconds
[2019-06-24T09:23:23.249+0000][1][safepoint    ] Application time: 0.1267866 seconds
[2019-06-24T09:23:23.249+0000][1][safepoint    ] Entering safepoint region: RevokeBias
[2019-06-24T09:23:23.249+0000][1][safepoint    ] Leaving safepoint region
[2019-06-24T09:23:23.249+0000][1][safepoint    ] Total time for which application threads were stopped: 0.0003504 seconds, Stopping threads took: 0.0000328 seconds
[2019-06-24T09:23:23.249+0000][1][safepoint    ] Application time: 0.0000588 seconds
[2019-06-24T09:23:23.249+0000][1][safepoint    ] Entering safepoint region: RevokeBias
[2019-06-24T09:23:23.250+0000][1][safepoint    ] Leaving safepoint region
[2019-06-24T09:23:23.250+0000][1][safepoint    ] Total time for which application threads were stopped: 0.0000719 seconds, Stopping threads took: 0.0000260 seconds
[2019-06-24T09:23:23.250+0000][1][safepoint    ] Application time: 0.0001735 seconds
[2019-06-24T09:23:23.250+0000][1][safepoint    ] Entering safepoint region: RevokeBias
[2019-06-24T09:23:23.250+0000][1][safepoint    ] Leaving safepoint region
[2019-06-24T09:23:23.250+0000][1][safepoint    ] Total time for which application threads were stopped: 0.0002601 seconds, Stopping threads took: 0.0002101 seconds
[2019-06-24T09:23:23.250+0000][1][safepoint    ] Application time: 0.0000511 seconds
[2019-06-24T09:23:23.250+0000][1][safepoint    ] Entering safepoint region: RevokeBias
[2019-06-24T09:23:23.250+0000][1][safepoint    ] Leaving safepoint region
[2019-06-24T09:23:23.250+0000][1][safepoint    ] Total time for which application threads were stopped: 0.0002963 seconds, Stopping threads took: 0.0002545 seconds
[2019-06-24T09:23:23.302+0000][1][safepoint    ] Application time: 0.0520793 seconds
[2019-06-24T09:23:23.303+0000][1][safepoint    ] Entering safepoint region: GenCollectForAllocation
[2019-06-24T09:23:23.303+0000][1][gc,start     ] GC(19) Pause Young (Allocation Failure)
[2019-06-24T09:23:23.303+0000][1][gc,task      ] GC(19) Using 5 workers of 8 for evacuation
[2019-06-24T09:23:23.308+0000][1][gc,age       ] GC(19) Desired survivor size 4456448 bytes, new threshold 2 (max threshold 6)
[2019-06-24T09:23:23.308+0000][1][gc,age       ] GC(19) Age table with threshold 2 (max threshold 6)
[2019-06-24T09:23:23.308+0000][1][gc,age       ] GC(19) - age   1:    3153928 bytes,    3153928 total
[2019-06-24T09:23:23.308+0000][1][gc,age       ] GC(19) - age   2:    3511416 bytes,    6665344 total
[2019-06-24T09:23:23.308+0000][1][gc,age       ] GC(19) - age   3:     404416 bytes,    7069760 total
[2019-06-24T09:23:23.308+0000][1][gc,heap      ] GC(19) ParNew: 74758K->8696K(78656K)
[2019-06-24T09:23:23.308+0000][1][gc,heap      ] GC(19) CMS: 55309K->55309K(174784K)
[2019-06-24T09:23:23.308+0000][1][gc,metaspace ] GC(19) Metaspace: 46773K->46773K(1091584K)
[2019-06-24T09:23:23.308+0000][1][gc           ] GC(19) Pause Young (Allocation Failure) 127M->62M(247M) 5.811ms
[2019-06-24T09:23:23.308+0000][1][gc,cpu       ] GC(19) User=0.04s Sys=0.00s Real=0.00s
[2019-06-24T09:23:23.308+0000][1][safepoint    ] Leaving safepoint region
[2019-06-24T09:23:23.308+0000][1][safepoint    ] Total time for which application threads were stopped: 0.0059351 seconds, Stopping threads took: 0.0000166 seconds
[2019-06-24T09:23:23.311+0000][1][safepoint    ] Application time: 0.0023172 seconds
[2019-06-24T09:23:23.311+0000][1][safepoint    ] Entering safepoint region: RevokeBias
[2019-06-24T09:23:23.311+0000][1][safepoint    ] Leaving safepoint region
[2019-06-24T09:23:23.311+0000][1][safepoint    ] Total time for which application threads were stopped: 0.0000756 seconds, Stopping threads took: 0.0000121 seconds
[2019-06-24T09:23:23.311+0000][1][safepoint    ] Application time: 0.0000754 seconds
[2019-06-24T09:23:23.311+0000][1][safepoint    ] Entering safepoint region: RevokeBias
[2019-06-24T09:23:23.311+0000][1][safepoint    ] Leaving safepoint region
[2019-06-24T09:23:23.311+0000][1][safepoint    ] Total time for which application threads were stopped: 0.0003301 seconds, Stopping threads took: 0.0002795 seconds
[2019-06-24T09:23:23.311+0000][1][safepoint    ] Application time: 0.0000484 seconds
[2019-06-24T09:23:23.312+0000][1][safepoint    ] Entering safepoint region: RevokeBias
[2019-06-24T09:23:23.312+0000][1][safepoint    ] Leaving safepoint region
[2019-06-24T09:23:23.312+0000][1][safepoint    ] Total time for which application threads were stopped: 0.0001809 seconds, Stopping threads took: 0.0001429 seconds
[2019-06-24T09:23:23.312+0000][1][safepoint    ] Application time: 0.0003177 seconds
[2019-06-24T09:23:23.312+0000][1][safepoint    ] Entering safepoint region: RevokeBias
[2019-06-24T09:23:23.312+0000][1][safepoint    ] Leaving safepoint region
[2019-06-24T09:23:23.312+0000][1][safepoint    ] Total time for which application threads were stopped: 0.0000973 seconds, Stopping threads took: 0.0000464 seconds
[2019-06-24T09:23:23.312+0000][1][safepoint    ] Application time: 0.0001890 seconds
[2019-06-24T09:23:23.312+0000][1][safepoint    ] Entering safepoint region: RevokeBias
[2019-06-24T09:23:23.312+0000][1][safepoint    ] Leaving safepoint region
[2019-06-24T09:23:23.312+0000][1][safepoint    ] Total time for which application threads were stopped: 0.0000815 seconds, Stopping threads took: 0.0000299 seconds
[2019-06-24T09:23:23.313+0000][1][safepoint    ] Application time: 0.0003110 seconds
[2019-06-24T09:23:23.313+0000][1][safepoint    ] Entering safepoint region: RevokeBias
[2019-06-24T09:23:23.313+0000][1][safepoint    ] Leaving safepoint region
[2019-06-24T09:23:23.313+0000][1][safepoint    ] Total time for which application threads were stopped: 0.0001148 seconds, Stopping threads took: 0.0000470 seconds
[2019-06-24T09:23:23.313+0000][1][safepoint    ] Application time: 0.0001562 seconds
[2019-06-24T09:23:23.313+0000][1][safepoint    ] Entering safepoint region: RevokeBias
[2019-06-24T09:23:23.313+0000][1][safepoint    ] Leaving safepoint region
[2019-06-24T09:23:23.313+0000][1][safepoint    ] Total time for which application threads were stopped: 0.0001920 seconds, Stopping threads took: 0.0001308 seconds
[2019-06-24T09:23:23.313+0000][1][safepoint    ] Application time: 0.0000496 seconds
[2019-06-24T09:23:23.313+0000][1][safepoint    ] Entering safepoint region: RevokeBias
[2019-06-24T09:23:23.313+0000][1][safepoint    ] Leaving safepoint region
[2019-06-24T09:23:23.313+0000][1][safepoint    ] Total time for which application threads were stopped: 0.0001505 seconds, Stopping threads took: 0.0001054 seconds
[2019-06-24T09:23:23.313+0000][1][safepoint    ] Application time: 0.0000429 seconds
[2019-06-24T09:23:23.313+0000][1][safepoint    ] Entering safepoint region: RevokeBias
[2019-06-24T09:23:23.313+0000][1][safepoint    ] Leaving safepoint region
[2019-06-24T09:23:23.313+0000][1][safepoint    ] Total time for which application threads were stopped: 0.0000594 seconds, Stopping threads took: 0.0000132 seconds
[2019-06-24T09:23:23.314+0000][1][safepoint    ] Application time: 0.0000452 seconds
[2019-06-24T09:23:23.314+0000][1][safepoint    ] Entering safepoint region: RevokeBias
[2019-06-24T09:23:23.314+0000][1][safepoint    ] Leaving safepoint region
[2019-06-24T09:23:23.314+0000][1][safepoint    ] Total time for which application threads were stopped: 0.0000759 seconds, Stopping threads took: 0.0000290 seconds
[2019-06-24T09:23:23.314+0000][1][safepoint    ] Application time: 0.0000409 seconds
[2019-06-24T09:23:23.314+0000][1][safepoint    ] Entering safepoint region: RevokeBias
[2019-06-24T09:23:23.314+0000][1][safepoint    ] Leaving safepoint region
[2019-06-24T09:23:23.314+0000][1][safepoint    ] Total time for which application threads were stopped: 0.0000662 seconds, Stopping threads took: 0.0000258 seconds
[2019-06-24T09:23:23.314+0000][1][safepoint    ] Application time: 0.0000435 seconds
[2019-06-24T09:23:23.314+0000][1][safepoint    ] Entering safepoint region: RevokeBias
[2019-06-24T09:23:23.314+0000][1][safepoint    ] Leaving safepoint region
[2019-06-24T09:23:23.314+0000][1][safepoint    ] Total time for which application threads were stopped: 0.0000707 seconds, Stopping threads took: 0.0000374 seconds
[2019-06-24T09:23:23.314+0000][1][safepoint    ] Application time: 0.0000398 seconds
[2019-06-24T09:23:23.314+0000][1][safepoint    ] Entering safepoint region: RevokeBias
[2019-06-24T09:23:23.314+0000][1][safepoint    ] Leaving safepoint region
[2019-06-24T09:23:23.314+0000][1][safepoint    ] Total time for which application threads were stopped: 0.0000583 seconds, Stopping threads took: 0.0000294 seconds
[2019-06-24T09:23:23.314+0000][1][safepoint    ] Application time: 0.0000453 seconds
[2019-06-24T09:23:23.314+0000][1][safepoint    ] Entering safepoint region: RevokeBias
[2019-06-24T09:23:23.314+0000][1][safepoint    ] Leaving safepoint region
[2019-06-24T09:23:23.314+0000][1][safepoint    ] Total time for which application threads were stopped: 0.0000936 seconds, Stopping threads took: 0.0000587 seconds
[2019-06-24T09:23:23.314+0000][1][safepoint    ] Application time: 0.0000423 seconds
[2019-06-24T09:23:23.314+0000][1][safepoint    ] Entering safepoint region: RevokeBias
[2019-06-24T09:23:23.314+0000][1][safepoint    ] Leaving safepoint region
[2019-06-24T09:23:23.314+0000][1][safepoint    ] Total time for which application threads were stopped: 0.0000606 seconds, Stopping threads took: 0.0000274 seconds
[2019-06-24T09:23:23.314+0000][1][safepoint    ] Application time: 0.0000373 seconds
[2019-06-24T09:23:23.314+0000][1][safepoint    ] Entering safepoint region: RevokeBias
[2019-06-24T09:23:23.314+0000][1][safepoint    ] Leaving safepoint region
[2019-06-24T09:23:23.314+0000][1][safepoint    ] Total time for which application threads were stopped: 0.0000387 seconds, Stopping threads took: 0.0000093 seconds
[2019-06-24T09:23:23.314+0000][1][safepoint    ] Application time: 0.0000377 seconds
[2019-06-24T09:23:23.314+0000][1][safepoint    ] Entering safepoint region: RevokeBias
[2019-06-24T09:23:23.314+0000][1][safepoint    ] Leaving safepoint region
[2019-06-24T09:23:23.314+0000][1][safepoint    ] Total time for which application threads were stopped: 0.0000354 seconds, Stopping threads took: 0.0000064 seconds
[2019-06-24T09:23:23.315+0000][1][safepoint    ] Application time: 0.0000379 seconds
[2019-06-24T09:23:23.315+0000][1][safepoint    ] Entering safepoint region: RevokeBias
[2019-06-24T09:23:23.315+0000][1][safepoint    ] Leaving safepoint region
[2019-06-24T09:23:23.315+0000][1][safepoint    ] Total time for which application threads were stopped: 0.0000377 seconds, Stopping threads took: 0.0000066 seconds
[2019-06-24T09:23:23.315+0000][1][safepoint    ] Application time: 0.0000371 seconds
[2019-06-24T09:23:23.315+0000][1][safepoint    ] Entering safepoint region: RevokeBias
[2019-06-24T09:23:23.315+0000][1][safepoint    ] Leaving safepoint region
[2019-06-24T09:23:23.315+0000][1][safepoint    ] Total time for which application threads were stopped: 0.0000567 seconds, Stopping threads took: 0.0000242 seconds
[2019-06-24T09:23:23.315+0000][1][safepoint    ] Application time: 0.0000351 seconds
[2019-06-24T09:23:23.315+0000][1][safepoint    ] Entering safepoint region: RevokeBias
[2019-06-24T09:23:23.315+0000][1][safepoint    ] Leaving safepoint region
[2019-06-24T09:23:23.315+0000][1][safepoint    ] Total time for which application threads were stopped: 0.0000408 seconds, Stopping threads took: 0.0000064 seconds
[2019-06-24T09:23:23.315+0000][1][safepoint    ] Application time: 0.0000371 seconds
[2019-06-24T09:23:23.315+0000][1][safepoint    ] Entering safepoint region: RevokeBias
[2019-06-24T09:23:23.315+0000][1][safepoint    ] Leaving safepoint region
[2019-06-24T09:23:23.315+0000][1][safepoint    ] Total time for which application threads were stopped: 0.0000604 seconds, Stopping threads took: 0.0000292 seconds
[2019-06-24T09:23:23.315+0000][1][safepoint    ] Application time: 0.0000391 seconds
[2019-06-24T09:23:23.315+0000][1][safepoint    ] Entering safepoint region: RevokeBias
[2019-06-24T09:23:23.315+0000][1][safepoint    ] Leaving safepoint region
[2019-06-24T09:23:23.315+0000][1][safepoint    ] Total time for which application threads were stopped: 0.0000350 seconds, Stopping threads took: 0.0000064 seconds
[2019-06-24T09:23:23.315+0000][1][safepoint    ] Application time: 0.0000366 seconds
[2019-06-24T09:23:23.315+0000][1][safepoint    ] Entering safepoint region: RevokeBias
[2019-06-24T09:23:23.315+0000][1][safepoint    ] Leaving safepoint region
[2019-06-24T09:23:23.315+0000][1][safepoint    ] Total time for which application threads were stopped: 0.0000346 seconds, Stopping threads took: 0.0000064 seconds
[2019-06-24T09:23:23.315+0000][1][safepoint    ] Application time: 0.0000385 seconds
[2019-06-24T09:23:23.315+0000][1][safepoint    ] Entering safepoint region: RevokeBias
[2019-06-24T09:23:23.315+0000][1][safepoint    ] Leaving safepoint region
[2019-06-24T09:23:23.315+0000][1][safepoint    ] Total time for which application threads were stopped: 0.0000523 seconds, Stopping threads took: 0.0000237 seconds
[2019-06-24T09:23:23.315+0000][1][safepoint    ] Application time: 0.0000358 seconds
[2019-06-24T09:23:23.315+0000][1][safepoint    ] Entering safepoint region: RevokeBias
[2019-06-24T09:23:23.315+0000][1][safepoint    ] Leaving safepoint region
[2019-06-24T09:23:23.315+0000][1][safepoint    ] Total time for which application threads were stopped: 0.0000375 seconds, Stopping threads took: 0.0000089 seconds
[2019-06-24T09:23:23.315+0000][1][safepoint    ] Application time: 0.0000367 seconds
[2019-06-24T09:23:23.315+0000][1][safepoint    ] Entering safepoint region: BulkRevokeBias
[2019-06-24T09:23:23.315+0000][1][safepoint    ] Leaving safepoint region
[2019-06-24T09:23:23.315+0000][1][safepoint    ] Total time for which application threads were stopped: 0.0001364 seconds, Stopping threads took: 0.0000545 seconds
[2019-06-24T09:23:23.316+0000][1][safepoint    ] Application time: 0.0001521 seconds
[2019-06-24T09:23:23.316+0000][1][safepoint    ] Entering safepoint region: RevokeBias
[2019-06-24T09:23:23.316+0000][1][safepoint    ] Leaving safepoint region
[2019-06-24T09:23:23.316+0000][1][safepoint    ] Total time for which application threads were stopped: 0.0000557 seconds, Stopping threads took: 0.0000205 seconds
[2019-06-24T09:23:23.316+0000][1][safepoint    ] Application time: 0.0000528 seconds
[2019-06-24T09:23:23.316+0000][1][safepoint    ] Entering safepoint region: RevokeBias
[2019-06-24T09:23:23.316+0000][1][safepoint    ] Leaving safepoint region
[2019-06-24T09:23:23.316+0000][1][safepoint    ] Total time for which application threads were stopped: 0.0000556 seconds, Stopping threads took: 0.0000254 seconds
[2019-06-24T09:23:23.316+0000][1][safepoint    ] Application time: 0.0000688 seconds
[2019-06-24T09:23:23.316+0000][1][safepoint    ] Entering safepoint region: RevokeBias
[2019-06-24T09:23:23.316+0000][1][safepoint    ] Leaving safepoint region
[2019-06-24T09:23:23.316+0000][1][safepoint    ] Total time for which application threads were stopped: 0.0000352 seconds, Stopping threads took: 0.0000065 seconds
[2019-06-24T09:23:23.316+0000][1][safepoint    ] Application time: 0.0000436 seconds
[2019-06-24T09:23:23.316+0000][1][safepoint    ] Entering safepoint region: RevokeBias
[2019-06-24T09:23:23.316+0000][1][safepoint    ] Leaving safepoint region
[2019-06-24T09:23:23.316+0000][1][safepoint    ] Total time for which application threads were stopped: 0.0000659 seconds, Stopping threads took: 0.0000312 seconds
[2019-06-24T09:23:23.316+0000][1][safepoint    ] Application time: 0.0000485 seconds
[2019-06-24T09:23:23.316+0000][1][safepoint    ] Entering safepoint region: RevokeBias
[2019-06-24T09:23:23.316+0000][1][safepoint    ] Leaving safepoint region
[2019-06-24T09:23:23.316+0000][1][safepoint    ] Total time for which application threads were stopped: 0.0000585 seconds, Stopping threads took: 0.0000068 seconds
[2019-06-24T09:23:23.316+0000][1][safepoint    ] Application time: 0.0000419 seconds
[2019-06-24T09:23:23.316+0000][1][safepoint    ] Entering safepoint region: RevokeBias
[2019-06-24T09:23:23.316+0000][1][safepoint    ] Leaving safepoint region
[2019-06-24T09:23:23.316+0000][1][safepoint    ] Total time for which application threads were stopped: 0.0000530 seconds, Stopping threads took: 0.0000066 seconds
[2019-06-24T09:23:23.316+0000][1][safepoint    ] Application time: 0.0000415 seconds
[2019-06-24T09:23:23.316+0000][1][safepoint    ] Entering safepoint region: RevokeBias
[2019-06-24T09:23:23.316+0000][1][safepoint    ] Leaving safepoint region
[2019-06-24T09:23:23.316+0000][1][safepoint    ] Total time for which application threads were stopped: 0.0000341 seconds, Stopping threads took: 0.0000070 seconds
[2019-06-24T09:23:23.316+0000][1][safepoint    ] Application time: 0.0000380 seconds
[2019-06-24T09:23:23.316+0000][1][safepoint    ] Entering safepoint region: RevokeBias
[2019-06-24T09:23:23.316+0000][1][safepoint    ] Leaving safepoint region
[2019-06-24T09:23:23.316+0000][1][safepoint    ] Total time for which application threads were stopped: 0.0000332 seconds, Stopping threads took: 0.0000069 seconds
[2019-06-24T09:23:23.316+0000][1][safepoint    ] Application time: 0.0000355 seconds
[2019-06-24T09:23:23.316+0000][1][safepoint    ] Entering safepoint region: RevokeBias
[2019-06-24T09:23:23.316+0000][1][safepoint    ] Leaving safepoint region
[2019-06-24T09:23:23.316+0000][1][safepoint    ] Total time for which application threads were stopped: 0.0000329 seconds, Stopping threads took: 0.0000066 seconds
[2019-06-24T09:23:23.317+0000][1][safepoint    ] Application time: 0.0000306 seconds
[2019-06-24T09:23:23.317+0000][1][safepoint    ] Entering safepoint region: RevokeBias
[2019-06-24T09:23:23.317+0000][1][safepoint    ] Leaving safepoint region
[2019-06-24T09:23:23.317+0000][1][safepoint    ] Total time for which application threads were stopped: 0.0000595 seconds, Stopping threads took: 0.0000065 seconds
[2019-06-24T09:23:23.317+0000][1][safepoint    ] Application time: 0.0000439 seconds
[2019-06-24T09:23:23.317+0000][1][safepoint    ] Entering safepoint region: RevokeBias
[2019-06-24T09:23:23.317+0000][1][safepoint    ] Leaving safepoint region
[2019-06-24T09:23:23.317+0000][1][safepoint    ] Total time for which application threads were stopped: 0.0000543 seconds, Stopping threads took: 0.0000066 seconds
[2019-06-24T09:23:23.317+0000][1][safepoint    ] Application time: 0.0000347 seconds
[2019-06-24T09:23:23.317+0000][1][safepoint    ] Entering safepoint region: RevokeBias
[2019-06-24T09:23:23.317+0000][1][safepoint    ] Leaving safepoint region
[2019-06-24T09:23:23.317+0000][1][safepoint    ] Total time for which application threads were stopped: 0.0002426 seconds, Stopping threads took: 0.0002039 seconds
[2019-06-24T09:23:23.317+0000][1][safepoint    ] Application time: 0.0000403 seconds
[2019-06-24T09:23:23.317+0000][1][safepoint    ] Entering safepoint region: RevokeBias
[2019-06-24T09:23:23.317+0000][1][safepoint    ] Leaving safepoint region
[2019-06-24T09:23:23.317+0000][1][safepoint    ] Total time for which application threads were stopped: 0.0000350 seconds, Stopping threads took: 0.0000070 seconds
[2019-06-24T09:23:23.317+0000][1][safepoint    ] Application time: 0.0000363 seconds
[2019-06-24T09:23:23.317+0000][1][safepoint    ] Entering safepoint region: RevokeBias
[2019-06-24T09:23:23.317+0000][1][safepoint    ] Leaving safepoint region
[2019-06-24T09:23:23.317+0000][1][safepoint    ] Total time for which application threads were stopped: 0.0000351 seconds, Stopping threads took: 0.0000070 seconds
[2019-06-24T09:23:23.317+0000][1][safepoint    ] Application time: 0.0000361 seconds
[2019-06-24T09:23:23.317+0000][1][safepoint    ] Entering safepoint region: RevokeBias
[2019-06-24T09:23:23.317+0000][1][safepoint    ] Leaving safepoint region
[2019-06-24T09:23:23.317+0000][1][safepoint    ] Total time for which application threads were stopped: 0.0000341 seconds, Stopping threads took: 0.0000070 seconds
[2019-06-24T09:23:23.317+0000][1][safepoint    ] Application time: 0.0000381 seconds
[2019-06-24T09:23:23.317+0000][1][safepoint    ] Entering safepoint region: RevokeBias
[2019-06-24T09:23:23.317+0000][1][safepoint    ] Leaving safepoint region
[2019-06-24T09:23:23.317+0000][1][safepoint    ] Total time for which application threads were stopped: 0.0000950 seconds, Stopping threads took: 0.0000628 seconds
[2019-06-24T09:23:23.317+0000][1][safepoint    ] Application time: 0.0000386 seconds
[2019-06-24T09:23:23.318+0000][1][safepoint    ] Entering safepoint region: RevokeBias
[2019-06-24T09:23:23.318+0000][1][safepoint    ] Leaving safepoint region
[2019-06-24T09:23:23.318+0000][1][safepoint    ] Total time for which application threads were stopped: 0.0001190 seconds, Stopping threads took: 0.0000816 seconds
[2019-06-24T09:23:23.318+0000][1][safepoint    ] Application time: 0.0000393 seconds
[2019-06-24T09:23:23.318+0000][1][safepoint    ] Entering safepoint region: RevokeBias
[2019-06-24T09:23:23.318+0000][1][safepoint    ] Leaving safepoint region
[2019-06-24T09:23:23.318+0000][1][safepoint    ] Total time for which application threads were stopped: 0.0000501 seconds, Stopping threads took: 0.0000097 seconds
[2019-06-24T09:23:23.318+0000][1][safepoint    ] Application time: 0.0000406 seconds
[2019-06-24T09:23:23.318+0000][1][safepoint    ] Entering safepoint region: RevokeBias
[2019-06-24T09:23:23.318+0000][1][safepoint    ] Leaving safepoint region
[2019-06-24T09:23:23.318+0000][1][safepoint    ] Total time for which application threads were stopped: 0.0000612 seconds, Stopping threads took: 0.0000302 seconds
[2019-06-24T09:23:23.318+0000][1][safepoint    ] Application time: 0.0000421 seconds
[2019-06-24T09:23:23.318+0000][1][safepoint    ] Entering safepoint region: RevokeBias
[2019-06-24T09:23:23.318+0000][1][safepoint    ] Leaving safepoint region
[2019-06-24T09:23:23.318+0000][1][safepoint    ] Total time for which application threads were stopped: 0.0000746 seconds, Stopping threads took: 0.0000357 seconds
[2019-06-24T09:23:23.318+0000][1][safepoint    ] Application time: 0.0000399 seconds
[2019-06-24T09:23:23.318+0000][1][safepoint    ] Entering safepoint region: RevokeBias
[2019-06-24T09:23:23.318+0000][1][safepoint    ] Leaving safepoint region
[2019-06-24T09:23:23.318+0000][1][safepoint    ] Total time for which application threads were stopped: 0.0000574 seconds, Stopping threads took: 0.0000258 seconds
[2019-06-24T09:23:23.318+0000][1][safepoint    ] Application time: 0.0000378 seconds
[2019-06-24T09:23:23.318+0000][1][safepoint    ] Entering safepoint region: RevokeBias
[2019-06-24T09:23:23.318+0000][1][safepoint    ] Leaving safepoint region
[2019-06-24T09:23:23.318+0000][1][safepoint    ] Total time for which application threads were stopped: 0.0000601 seconds, Stopping threads took: 0.0000287 seconds
[2019-06-24T09:23:23.318+0000][1][safepoint    ] Application time: 0.0000386 seconds
[2019-06-24T09:23:23.318+0000][1][safepoint    ] Entering safepoint region: RevokeBias
[2019-06-24T09:23:23.318+0000][1][safepoint    ] Leaving safepoint region
[2019-06-24T09:23:23.318+0000][1][safepoint    ] Total time for which application threads were stopped: 0.0000547 seconds, Stopping threads took: 0.0000243 seconds
[2019-06-24T09:23:23.318+0000][1][safepoint    ] Application time: 0.0000398 seconds
[2019-06-24T09:23:23.318+0000][1][safepoint    ] Entering safepoint region: BulkRevokeBias
[2019-06-24T09:23:23.318+0000][1][safepoint    ] Leaving safepoint region
[2019-06-24T09:23:23.318+0000][1][safepoint    ] Total time for which application threads were stopped: 0.0000913 seconds, Stopping threads took: 0.0000100 seconds
[2019-06-24T09:23:23.319+0000][1][safepoint    ] Application time: 0.0002363 seconds
[2019-06-24T09:23:23.319+0000][1][safepoint    ] Entering safepoint region: RevokeBias
[2019-06-24T09:23:23.319+0000][1][safepoint    ] Leaving safepoint region
[2019-06-24T09:23:23.319+0000][1][safepoint    ] Total time for which application threads were stopped: 0.0000730 seconds, Stopping threads took: 0.0000298 seconds
[2019-06-24T09:23:23.319+0000][1][safepoint    ] Application time: 0.0000578 seconds
[2019-06-24T09:23:23.319+0000][1][safepoint    ] Entering safepoint region: RevokeBias
[2019-06-24T09:23:23.319+0000][1][safepoint    ] Leaving safepoint region
[2019-06-24T09:23:23.319+0000][1][safepoint    ] Total time for which application threads were stopped: 0.0000918 seconds, Stopping threads took: 0.0000547 seconds
[2019-06-24T09:23:23.319+0000][1][safepoint    ] Application time: 0.0000738 seconds
[2019-06-24T09:23:23.319+0000][1][safepoint    ] Entering safepoint region: RevokeBias
[2019-06-24T09:23:23.319+0000][1][safepoint    ] Leaving safepoint region
[2019-06-24T09:23:23.319+0000][1][safepoint    ] Total time for which application threads were stopped: 0.0000536 seconds, Stopping threads took: 0.0000250 seconds
[2019-06-24T09:23:23.319+0000][1][safepoint    ] Application time: 0.0000771 seconds
[2019-06-24T09:23:23.319+0000][1][safepoint    ] Entering safepoint region: RevokeBias
[2019-06-24T09:23:23.319+0000][1][safepoint    ] Leaving safepoint region
[2019-06-24T09:23:23.319+0000][1][safepoint    ] Total time for which application threads were stopped: 0.0001035 seconds, Stopping threads took: 0.0000367 seconds
[2019-06-24T09:23:23.319+0000][1][safepoint    ] Application time: 0.0000567 seconds
[2019-06-24T09:23:23.319+0000][1][safepoint    ] Entering safepoint region: RevokeBias
[2019-06-24T09:23:23.319+0000][1][safepoint    ] Leaving safepoint region
[2019-06-24T09:23:23.319+0000][1][safepoint    ] Total time for which application threads were stopped: 0.0000849 seconds, Stopping threads took: 0.0000102 seconds
[2019-06-24T09:23:23.320+0000][1][safepoint    ] Application time: 0.0000681 seconds
[2019-06-24T09:23:23.320+0000][1][safepoint    ] Entering safepoint region: RevokeBias
[2019-06-24T09:23:23.320+0000][1][safepoint    ] Leaving safepoint region
[2019-06-24T09:23:23.320+0000][1][safepoint    ] Total time for which application threads were stopped: 0.0001281 seconds, Stopping threads took: 0.0000759 seconds
[2019-06-24T09:23:23.320+0000][1][safepoint    ] Application time: 0.0000713 seconds
[2019-06-24T09:23:23.320+0000][1][safepoint    ] Entering safepoint region: RevokeBias
[2019-06-24T09:23:23.320+0000][1][safepoint    ] Leaving safepoint region
[2019-06-24T09:23:23.320+0000][1][safepoint    ] Total time for which application threads were stopped: 0.0000576 seconds, Stopping threads took: 0.0000097 seconds
[2019-06-24T09:23:23.320+0000][1][safepoint    ] Application time: 0.0001309 seconds
[2019-06-24T09:23:23.320+0000][1][safepoint    ] Entering safepoint region: RevokeBias
[2019-06-24T09:23:23.320+0000][1][safepoint    ] Leaving safepoint region
[2019-06-24T09:23:23.320+0000][1][safepoint    ] Total time for which application threads were stopped: 0.0000813 seconds, Stopping threads took: 0.0000252 seconds
[2019-06-24T09:23:23.320+0000][1][safepoint    ] Application time: 0.0000935 seconds
[2019-06-24T09:23:23.320+0000][1][safepoint    ] Entering safepoint region: RevokeBias
[2019-06-24T09:23:23.320+0000][1][safepoint    ] Leaving safepoint region
[2019-06-24T09:23:23.320+0000][1][safepoint    ] Total time for which application threads were stopped: 0.0000856 seconds, Stopping threads took: 0.0000301 seconds
[2019-06-24T09:23:23.320+0000][1][safepoint    ] Application time: 0.0000775 seconds
[2019-06-24T09:23:23.320+0000][1][safepoint    ] Entering safepoint region: RevokeBias
[2019-06-24T09:23:23.320+0000][1][safepoint    ] Leaving safepoint region
[2019-06-24T09:23:23.320+0000][1][safepoint    ] Total time for which application threads were stopped: 0.0000583 seconds, Stopping threads took: 0.0000103 seconds
[2019-06-24T09:23:23.320+0000][1][safepoint    ] Application time: 0.0000389 seconds
[2019-06-24T09:23:23.321+0000][1][safepoint    ] Entering safepoint region: RevokeBias
[2019-06-24T09:23:23.321+0000][1][safepoint    ] Leaving safepoint region
[2019-06-24T09:23:23.321+0000][1][safepoint    ] Total time for which application threads were stopped: 0.0001546 seconds, Stopping threads took: 0.0001050 seconds
[2019-06-24T09:23:23.321+0000][1][safepoint    ] Application time: 0.0002594 seconds
[2019-06-24T09:23:23.321+0000][1][safepoint    ] Entering safepoint region: RevokeBias
[2019-06-24T09:23:23.321+0000][1][safepoint    ] Leaving safepoint region
[2019-06-24T09:23:23.321+0000][1][safepoint    ] Total time for which application threads were stopped: 0.0000531 seconds, Stopping threads took: 0.0000099 seconds
[2019-06-24T09:23:23.321+0000][1][safepoint    ] Application time: 0.0002132 seconds
[2019-06-24T09:23:23.321+0000][1][safepoint    ] Entering safepoint region: RevokeBias
[2019-06-24T09:23:23.321+0000][1][safepoint    ] Leaving safepoint region
[2019-06-24T09:23:23.321+0000][1][safepoint    ] Total time for which application threads were stopped: 0.0000646 seconds, Stopping threads took: 0.0000102 seconds
[2019-06-24T09:23:23.321+0000][1][safepoint    ] Application time: 0.0001323 seconds
[2019-06-24T09:23:23.321+0000][1][safepoint    ] Entering safepoint region: RevokeBias
[2019-06-24T09:23:23.321+0000][1][safepoint    ] Leaving safepoint region
[2019-06-24T09:23:23.321+0000][1][safepoint    ] Total time for which application threads were stopped: 0.0000729 seconds, Stopping threads took: 0.0000253 seconds
[2019-06-24T09:23:23.322+0000][1][safepoint    ] Application time: 0.0001862 seconds
[2019-06-24T09:23:23.322+0000][1][safepoint    ] Entering safepoint region: RevokeBias
[2019-06-24T09:23:23.322+0000][1][safepoint    ] Leaving safepoint region
[2019-06-24T09:23:23.322+0000][1][safepoint    ] Total time for which application threads were stopped: 0.0002284 seconds, Stopping threads took: 0.0001731 seconds
[2019-06-24T09:23:23.322+0000][1][safepoint    ] Application time: 0.0001181 seconds
[2019-06-24T09:23:23.322+0000][1][safepoint    ] Entering safepoint region: RevokeBias
[2019-06-24T09:23:23.322+0000][1][safepoint    ] Leaving safepoint region
[2019-06-24T09:23:23.322+0000][1][safepoint    ] Total time for which application threads were stopped: 0.0001601 seconds, Stopping threads took: 0.0001122 seconds
[2019-06-24T09:23:23.322+0000][1][safepoint    ] Application time: 0.0001942 seconds
[2019-06-24T09:23:23.322+0000][1][safepoint    ] Entering safepoint region: RevokeBias
[2019-06-24T09:23:23.322+0000][1][safepoint    ] Leaving safepoint region
[2019-06-24T09:23:23.322+0000][1][safepoint    ] Total time for which application threads were stopped: 0.0000993 seconds, Stopping threads took: 0.0000215 seconds
[2019-06-24T09:23:23.323+0000][1][safepoint    ] Application time: 0.0002695 seconds
[2019-06-24T09:23:23.323+0000][1][safepoint    ] Entering safepoint region: RevokeBias
[2019-06-24T09:23:23.323+0000][1][safepoint    ] Leaving safepoint region
[2019-06-24T09:23:23.323+0000][1][safepoint    ] Total time for which application threads were stopped: 0.0000677 seconds, Stopping threads took: 0.0000109 seconds
[2019-06-24T09:23:23.323+0000][1][safepoint    ] Application time: 0.0001079 seconds
[2019-06-24T09:23:23.323+0000][1][safepoint    ] Entering safepoint region: BulkRevokeBias
[2019-06-24T09:23:23.323+0000][1][safepoint    ] Leaving safepoint region
[2019-06-24T09:23:23.323+0000][1][safepoint    ] Total time for which application threads were stopped: 0.0003456 seconds, Stopping threads took: 0.0002470 seconds
[2019-06-24T09:23:23.323+0000][1][safepoint    ] Application time: 0.0000491 seconds
[2019-06-24T09:23:23.323+0000][1][safepoint    ] Entering safepoint region: RevokeBias
[2019-06-24T09:23:23.324+0000][1][safepoint    ] Leaving safepoint region
[2019-06-24T09:23:23.324+0000][1][safepoint    ] Total time for which application threads were stopped: 0.0001565 seconds, Stopping threads took: 0.0001149 seconds
[2019-06-24T09:23:23.324+0000][1][safepoint    ] Application time: 0.0001790 seconds
[2019-06-24T09:23:23.324+0000][1][safepoint    ] Entering safepoint region: RevokeBias
[2019-06-24T09:23:23.324+0000][1][safepoint    ] Leaving safepoint region
[2019-06-24T09:23:23.324+0000][1][safepoint    ] Total time for which application threads were stopped: 0.0000763 seconds, Stopping threads took: 0.0000215 seconds
[2019-06-24T09:23:23.325+0000][1][safepoint    ] Application time: 0.0011813 seconds
[2019-06-24T09:23:23.325+0000][1][safepoint    ] Entering safepoint region: RevokeBias
[2019-06-24T09:23:23.325+0000][1][safepoint    ] Leaving safepoint region
[2019-06-24T09:23:23.325+0000][1][safepoint    ] Total time for which application threads were stopped: 0.0001410 seconds, Stopping threads took: 0.0000765 seconds
[2019-06-24T09:23:23.325+0000][1][safepoint    ] Application time: 0.0000440 seconds
[2019-06-24T09:23:23.325+0000][1][safepoint    ] Entering safepoint region: RevokeBias
[2019-06-24T09:23:23.325+0000][1][safepoint    ] Leaving safepoint region
[2019-06-24T09:23:23.325+0000][1][safepoint    ] Total time for which application threads were stopped: 0.0001309 seconds, Stopping threads took: 0.0000798 seconds
[2019-06-24T09:23:23.327+0000][1][safepoint    ] Application time: 0.0016487 seconds
[2019-06-24T09:23:23.327+0000][1][safepoint    ] Entering safepoint region: RevokeBias
[2019-06-24T09:23:23.327+0000][1][safepoint    ] Leaving safepoint region
[2019-06-24T09:23:23.327+0000][1][safepoint    ] Total time for which application threads were stopped: 0.0001128 seconds, Stopping threads took: 0.0000633 seconds
[2019-06-24T09:23:23.327+0000][1][safepoint    ] Application time: 0.0000793 seconds
[2019-06-24T09:23:23.327+0000][1][safepoint    ] Entering safepoint region: RevokeBias
[2019-06-24T09:23:23.327+0000][1][safepoint    ] Leaving safepoint region
[2019-06-24T09:23:23.327+0000][1][safepoint    ] Total time for which application threads were stopped: 0.0000774 seconds, Stopping threads took: 0.0000304 seconds
[2019-06-24T09:23:23.328+0000][1][safepoint    ] Application time: 0.0002311 seconds
[2019-06-24T09:23:23.328+0000][1][safepoint    ] Entering safepoint region: RevokeBias
[2019-06-24T09:23:23.328+0000][1][safepoint    ] Leaving safepoint region
[2019-06-24T09:23:23.328+0000][1][safepoint    ] Total time for which application threads were stopped: 0.0000733 seconds, Stopping threads took: 0.0000114 seconds
[2019-06-24T09:23:23.521+0000][1][safepoint    ] Application time: 0.1937962 seconds
[2019-06-24T09:23:23.522+0000][1][safepoint    ] Entering safepoint region: RevokeBias
[2019-06-24T09:23:23.522+0000][1][safepoint    ] Leaving safepoint region
[2019-06-24T09:23:23.522+0000][1][safepoint    ] Total time for which application threads were stopped: 0.0000739 seconds, Stopping threads took: 0.0000123 seconds
[2019-06-24T09:23:23.763+0000][1][safepoint    ] Application time: 0.2418104 seconds
[2019-06-24T09:23:23.763+0000][1][safepoint    ] Entering safepoint region: GenCollectForAllocation
[2019-06-24T09:23:23.764+0000][1][gc,start     ] GC(20) Pause Young (Allocation Failure)
[2019-06-24T09:23:23.764+0000][1][gc,task      ] GC(20) Using 5 workers of 8 for evacuation
[2019-06-24T09:23:23.771+0000][1][gc,age       ] GC(20) Desired survivor size 4456448 bytes, new threshold 2 (max threshold 6)
[2019-06-24T09:23:23.771+0000][1][gc,age       ] GC(20) Age table with threshold 2 (max threshold 6)
[2019-06-24T09:23:23.771+0000][1][gc,age       ] GC(20) - age   1:    1531528 bytes,    1531528 total
[2019-06-24T09:23:23.771+0000][1][gc,age       ] GC(20) - age   2:    3096968 bytes,    4628496 total
[2019-06-24T09:23:23.771+0000][1][gc,heap      ] GC(20) ParNew: 78648K->7217K(78656K)
[2019-06-24T09:23:23.771+0000][1][gc,heap      ] GC(20) CMS: 55309K->59233K(174784K)
[2019-06-24T09:23:23.771+0000][1][gc,metaspace ] GC(20) Metaspace: 53282K->53282K(1097728K)
[2019-06-24T09:23:23.771+0000][1][gc           ] GC(20) Pause Young (Allocation Failure) 130M->64M(247M) 7.796ms
[2019-06-24T09:23:23.771+0000][1][gc,cpu       ] GC(20) User=0.05s Sys=0.00s Real=0.00s
[2019-06-24T09:23:23.771+0000][1][safepoint    ] Leaving safepoint region
[2019-06-24T09:23:23.771+0000][1][safepoint    ] Total time for which application threads were stopped: 0.0079637 seconds, Stopping threads took: 0.0000116 seconds
[2019-06-24T09:23:24.017+0000][1][safepoint    ] Application time: 0.2454436 seconds
[2019-06-24T09:23:24.017+0000][1][safepoint    ] Entering safepoint region: Deoptimize
[2019-06-24T09:23:24.018+0000][1][safepoint    ] Leaving safepoint region
[2019-06-24T09:23:24.018+0000][1][safepoint    ] Total time for which application threads were stopped: 0.0007285 seconds, Stopping threads took: 0.0000119 seconds
[2019-06-24T09:23:24.052+0000][1][safepoint    ] Application time: 0.0346646 seconds
[2019-06-24T09:23:24.052+0000][1][safepoint    ] Entering safepoint region: RevokeBias
[2019-06-24T09:23:24.052+0000][1][safepoint    ] Leaving safepoint region
[2019-06-24T09:23:24.052+0000][1][safepoint    ] Total time for which application threads were stopped: 0.0000846 seconds, Stopping threads took: 0.0000128 seconds
[2019-06-24T09:23:24.052+0000][1][safepoint    ] Application time: 0.0000841 seconds
[2019-06-24T09:23:24.052+0000][1][safepoint    ] Entering safepoint region: RevokeBias
[2019-06-24T09:23:24.053+0000][1][safepoint    ] Leaving safepoint region
[2019-06-24T09:23:24.053+0000][1][safepoint    ] Total time for which application threads were stopped: 0.0000436 seconds, Stopping threads took: 0.0000080 seconds
[2019-06-24T09:23:24.053+0000][1][safepoint    ] Application time: 0.0000956 seconds
[2019-06-24T09:23:24.053+0000][1][safepoint    ] Entering safepoint region: RevokeBias
[2019-06-24T09:23:24.053+0000][1][safepoint    ] Leaving safepoint region
[2019-06-24T09:23:24.053+0000][1][safepoint    ] Total time for which application threads were stopped: 0.0000694 seconds, Stopping threads took: 0.0000327 seconds
[2019-06-24T09:23:24.055+0000][1][safepoint    ] Application time: 0.0021993 seconds
[2019-06-24T09:23:24.055+0000][1][safepoint    ] Entering safepoint region: RevokeBias
[2019-06-24T09:23:24.055+0000][1][safepoint    ] Leaving safepoint region
[2019-06-24T09:23:24.055+0000][1][safepoint    ] Total time for which application threads were stopped: 0.0000661 seconds, Stopping threads took: 0.0000247 seconds
[2019-06-24T09:23:24.180+0000][1][safepoint    ] Application time: 0.1244974 seconds
[2019-06-24T09:23:24.180+0000][1][safepoint    ] Entering safepoint region: RevokeBias
[2019-06-24T09:23:24.180+0000][1][safepoint    ] Leaving safepoint region
[2019-06-24T09:23:24.180+0000][1][safepoint    ] Total time for which application threads were stopped: 0.0008809 seconds, Stopping threads took: 0.0000336 seconds
[2019-06-24T09:23:24.238+0000][1][safepoint    ] Application time: 0.0571172 seconds
[2019-06-24T09:23:24.238+0000][1][safepoint    ] Entering safepoint region: Deoptimize
[2019-06-24T09:23:24.238+0000][1][safepoint    ] Leaving safepoint region
[2019-06-24T09:23:24.238+0000][1][safepoint    ] Total time for which application threads were stopped: 0.0004077 seconds, Stopping threads took: 0.0000155 seconds
[2019-06-24T09:23:24.244+0000][1][safepoint    ] Application time: 0.0056399 seconds
[2019-06-24T09:23:24.244+0000][1][safepoint    ] Entering safepoint region: RevokeBias
[2019-06-24T09:23:24.244+0000][1][safepoint    ] Leaving safepoint region
[2019-06-24T09:23:24.244+0000][1][safepoint    ] Total time for which application threads were stopped: 0.0001383 seconds, Stopping threads took: 0.0000426 seconds
[2019-06-24T09:23:24.245+0000][1][safepoint    ] Application time: 0.0006817 seconds
[2019-06-24T09:23:24.245+0000][1][safepoint    ] Entering safepoint region: RevokeBias
[2019-06-24T09:23:24.245+0000][1][safepoint    ] Leaving safepoint region
[2019-06-24T09:23:24.245+0000][1][safepoint    ] Total time for which application threads were stopped: 0.0001477 seconds, Stopping threads took: 0.0000459 seconds
[2019-06-24T09:23:24.245+0000][1][safepoint    ] Application time: 0.0001433 seconds
[2019-06-24T09:23:24.245+0000][1][safepoint    ] Entering safepoint region: RevokeBias
[2019-06-24T09:23:24.245+0000][1][safepoint    ] Leaving safepoint region
[2019-06-24T09:23:24.245+0000][1][safepoint    ] Total time for which application threads were stopped: 0.0001041 seconds, Stopping threads took: 0.0000372 seconds
[2019-06-24T09:23:24.356+0000][1][safepoint    ] Application time: 0.1108968 seconds
[2019-06-24T09:23:24.356+0000][1][safepoint    ] Entering safepoint region: RevokeBias
[2019-06-24T09:23:24.356+0000][1][safepoint    ] Leaving safepoint region
[2019-06-24T09:23:24.356+0000][1][safepoint    ] Total time for which application threads were stopped: 0.0001010 seconds, Stopping threads took: 0.0000192 seconds
[2019-06-24T09:23:24.537+0000][1][safepoint    ] Application time: 0.1813815 seconds
[2019-06-24T09:23:24.537+0000][1][safepoint    ] Entering safepoint region: RevokeBias
[2019-06-24T09:23:24.538+0000][1][safepoint    ] Leaving safepoint region
[2019-06-24T09:23:24.538+0000][1][safepoint    ] Total time for which application threads were stopped: 0.0000758 seconds, Stopping threads took: 0.0000141 seconds
[2019-06-24T09:23:24.538+0000][1][safepoint    ] Application time: 0.0001065 seconds
[2019-06-24T09:23:24.538+0000][1][safepoint    ] Entering safepoint region: RevokeBias
[2019-06-24T09:23:24.538+0000][1][safepoint    ] Leaving safepoint region
[2019-06-24T09:23:24.538+0000][1][safepoint    ] Total time for which application threads were stopped: 0.0000367 seconds, Stopping threads took: 0.0000099 seconds
[2019-06-24T09:23:24.538+0000][1][safepoint    ] Application time: 0.0000936 seconds
[2019-06-24T09:23:24.538+0000][1][safepoint    ] Entering safepoint region: RevokeBias
[2019-06-24T09:23:24.538+0000][1][safepoint    ] Leaving safepoint region
[2019-06-24T09:23:24.538+0000][1][safepoint    ] Total time for which application threads were stopped: 0.0000375 seconds, Stopping threads took: 0.0000105 seconds
[2019-06-24T09:23:24.538+0000][1][safepoint    ] Application time: 0.0001491 seconds
[2019-06-24T09:23:24.538+0000][1][safepoint    ] Entering safepoint region: RevokeBias
[2019-06-24T09:23:24.538+0000][1][safepoint    ] Leaving safepoint region
[2019-06-24T09:23:24.538+0000][1][safepoint    ] Total time for which application threads were stopped: 0.0000304 seconds, Stopping threads took: 0.0000084 seconds
[2019-06-24T09:23:24.538+0000][1][safepoint    ] Application time: 0.0000576 seconds
[2019-06-24T09:23:24.538+0000][1][safepoint    ] Entering safepoint region: RevokeBias
[2019-06-24T09:23:24.538+0000][1][safepoint    ] Leaving safepoint region
[2019-06-24T09:23:24.538+0000][1][safepoint    ] Total time for which application threads were stopped: 0.0000377 seconds, Stopping threads took: 0.0000167 seconds
[2019-06-24T09:23:24.538+0000][1][safepoint    ] Application time: 0.0001785 seconds
[2019-06-24T09:23:24.538+0000][1][safepoint    ] Entering safepoint region: RevokeBias
[2019-06-24T09:23:24.538+0000][1][safepoint    ] Leaving safepoint region
[2019-06-24T09:23:24.538+0000][1][safepoint    ] Total time for which application threads were stopped: 0.0000288 seconds, Stopping threads took: 0.0000077 seconds
[2019-06-24T09:23:24.538+0000][1][safepoint    ] Application time: 0.0000562 seconds
[2019-06-24T09:23:24.539+0000][1][safepoint    ] Entering safepoint region: RevokeBias
[2019-06-24T09:23:24.539+0000][1][safepoint    ] Leaving safepoint region
[2019-06-24T09:23:24.539+0000][1][safepoint    ] Total time for which application threads were stopped: 0.0000736 seconds, Stopping threads took: 0.0000544 seconds
[2019-06-24T09:23:24.544+0000][1][safepoint    ] Application time: 0.0056594 seconds
[2019-06-24T09:23:24.544+0000][1][safepoint    ] Entering safepoint region: GenCollectForAllocation
[2019-06-24T09:23:24.544+0000][1][gc,start     ] GC(21) Pause Young (Allocation Failure)
[2019-06-24T09:23:24.544+0000][1][gc,task      ] GC(21) Using 5 workers of 8 for evacuation
[2019-06-24T09:23:24.551+0000][1][gc,age       ] GC(21) Desired survivor size 4456448 bytes, new threshold 2 (max threshold 6)
[2019-06-24T09:23:24.551+0000][1][gc,age       ] GC(21) Age table with threshold 2 (max threshold 6)
[2019-06-24T09:23:24.552+0000][1][gc,age       ] GC(21) - age   1:    3683912 bytes,    3683912 total
[2019-06-24T09:23:24.552+0000][1][gc,age       ] GC(21) - age   2:    1430664 bytes,    5114576 total
[2019-06-24T09:23:24.552+0000][1][gc,heap      ] GC(21) ParNew: 77169K->6850K(78656K)
[2019-06-24T09:23:24.552+0000][1][gc,heap      ] GC(21) CMS: 59233K->62329K(174784K)
[2019-06-24T09:23:24.552+0000][1][gc,metaspace ] GC(21) Metaspace: 60953K->60953K(1105920K)
[2019-06-24T09:23:24.552+0000][1][gc           ] GC(21) Pause Young (Allocation Failure) 133M->67M(247M) 7.266ms
[2019-06-24T09:23:24.552+0000][1][gc,cpu       ] GC(21) User=0.03s Sys=0.00s Real=0.00s
[2019-06-24T09:23:24.552+0000][1][safepoint    ] Leaving safepoint region
[2019-06-24T09:23:24.552+0000][1][safepoint    ] Total time for which application threads were stopped: 0.0073694 seconds, Stopping threads took: 0.0000121 seconds
[2019-06-24T09:23:24.560+0000][1][safepoint    ] Application time: 0.0084867 seconds
[2019-06-24T09:23:24.560+0000][1][safepoint    ] Entering safepoint region: BulkRevokeBias
[2019-06-24T09:23:24.560+0000][1][safepoint    ] Leaving safepoint region
[2019-06-24T09:23:24.560+0000][1][safepoint    ] Total time for which application threads were stopped: 0.0000962 seconds, Stopping threads took: 0.0000111 seconds
[2019-06-24T09:23:24.632+0000][1][safepoint    ] Application time: 0.0721148 seconds
[2019-06-24T09:23:24.632+0000][1][safepoint    ] Entering safepoint region: Deoptimize
[2019-06-24T09:23:24.633+0000][1][safepoint    ] Leaving safepoint region
[2019-06-24T09:23:24.633+0000][1][safepoint    ] Total time for which application threads were stopped: 0.0004486 seconds, Stopping threads took: 0.0000126 seconds
[2019-06-24T09:23:24.638+0000][1][safepoint    ] Application time: 0.0053427 seconds
[2019-06-24T09:23:24.638+0000][1][safepoint    ] Entering safepoint region: RevokeBias
[2019-06-24T09:23:24.638+0000][1][safepoint    ] Leaving safepoint region
[2019-06-24T09:23:24.638+0000][1][safepoint    ] Total time for which application threads were stopped: 0.0000786 seconds, Stopping threads took: 0.0000306 seconds
[2019-06-24T09:23:24.639+0000][1][safepoint    ] Application time: 0.0003863 seconds
[2019-06-24T09:23:24.639+0000][1][safepoint    ] Entering safepoint region: RevokeBias
[2019-06-24T09:23:24.639+0000][1][safepoint    ] Leaving safepoint region
[2019-06-24T09:23:24.639+0000][1][safepoint    ] Total time for which application threads were stopped: 0.0000426 seconds, Stopping threads took: 0.0000089 seconds
[2019-06-24T09:23:24.639+0000][1][safepoint    ] Application time: 0.0002222 seconds
[2019-06-24T09:23:24.639+0000][1][safepoint    ] Entering safepoint region: RevokeBias
[2019-06-24T09:23:24.639+0000][1][safepoint    ] Leaving safepoint region
[2019-06-24T09:23:24.639+0000][1][safepoint    ] Total time for which application threads were stopped: 0.0000336 seconds, Stopping threads took: 0.0000074 seconds
[2019-06-24T09:23:24.640+0000][1][safepoint    ] Application time: 0.0006068 seconds
[2019-06-24T09:23:24.640+0000][1][safepoint    ] Entering safepoint region: RevokeBias
[2019-06-24T09:23:24.640+0000][1][safepoint    ] Leaving safepoint region
[2019-06-24T09:23:24.640+0000][1][safepoint    ] Total time for which application threads were stopped: 0.0000357 seconds, Stopping threads took: 0.0000074 seconds
[2019-06-24T09:23:24.640+0000][1][safepoint    ] Application time: 0.0001369 seconds
[2019-06-24T09:23:24.640+0000][1][safepoint    ] Entering safepoint region: RevokeBias
[2019-06-24T09:23:24.640+0000][1][safepoint    ] Leaving safepoint region
[2019-06-24T09:23:24.640+0000][1][safepoint    ] Total time for which application threads were stopped: 0.0000413 seconds, Stopping threads took: 0.0000096 seconds
[2019-06-24T09:23:24.640+0000][1][safepoint    ] Application time: 0.0002091 seconds
[2019-06-24T09:23:24.640+0000][1][safepoint    ] Entering safepoint region: RevokeBias
[2019-06-24T09:23:24.640+0000][1][safepoint    ] Leaving safepoint region
[2019-06-24T09:23:24.640+0000][1][safepoint    ] Total time for which application threads were stopped: 0.0000405 seconds, Stopping threads took: 0.0000098 seconds
[2019-06-24T09:23:24.640+0000][1][safepoint    ] Application time: 0.0003122 seconds
[2019-06-24T09:23:24.640+0000][1][safepoint    ] Entering safepoint region: RevokeBias
[2019-06-24T09:23:24.641+0000][1][safepoint    ] Leaving safepoint region
[2019-06-24T09:23:24.641+0000][1][safepoint    ] Total time for which application threads were stopped: 0.0000471 seconds, Stopping threads took: 0.0000098 seconds
[2019-06-24T09:23:24.641+0000][1][safepoint    ] Application time: 0.0001031 seconds
[2019-06-24T09:23:24.641+0000][1][safepoint    ] Entering safepoint region: RevokeBias
[2019-06-24T09:23:24.641+0000][1][safepoint    ] Leaving safepoint region
[2019-06-24T09:23:24.641+0000][1][safepoint    ] Total time for which application threads were stopped: 0.0000434 seconds, Stopping threads took: 0.0000094 seconds
[2019-06-24T09:23:24.641+0000][1][safepoint    ] Application time: 0.0001103 seconds
[2019-06-24T09:23:24.641+0000][1][safepoint    ] Entering safepoint region: RevokeBias
[2019-06-24T09:23:24.641+0000][1][safepoint    ] Leaving safepoint region
[2019-06-24T09:23:24.641+0000][1][safepoint    ] Total time for which application threads were stopped: 0.0000428 seconds, Stopping threads took: 0.0000093 seconds
[2019-06-24T09:23:24.641+0000][1][safepoint    ] Application time: 0.0001457 seconds
[2019-06-24T09:23:24.641+0000][1][safepoint    ] Entering safepoint region: RevokeBias
[2019-06-24T09:23:24.641+0000][1][safepoint    ] Leaving safepoint region
[2019-06-24T09:23:24.641+0000][1][safepoint    ] Total time for which application threads were stopped: 0.0000433 seconds, Stopping threads took: 0.0000094 seconds
[2019-06-24T09:23:24.641+0000][1][safepoint    ] Application time: 0.0001763 seconds
[2019-06-24T09:23:24.641+0000][1][safepoint    ] Entering safepoint region: RevokeBias
[2019-06-24T09:23:24.641+0000][1][safepoint    ] Leaving safepoint region
[2019-06-24T09:23:24.641+0000][1][safepoint    ] Total time for which application threads were stopped: 0.0000398 seconds, Stopping threads took: 0.0000095 seconds
[2019-06-24T09:23:24.641+0000][1][safepoint    ] Application time: 0.0001521 seconds
[2019-06-24T09:23:24.641+0000][1][safepoint    ] Entering safepoint region: RevokeBias
[2019-06-24T09:23:24.642+0000][1][safepoint    ] Leaving safepoint region
[2019-06-24T09:23:24.642+0000][1][safepoint    ] Total time for which application threads were stopped: 0.0000425 seconds, Stopping threads took: 0.0000096 seconds
[2019-06-24T09:23:24.642+0000][1][safepoint    ] Application time: 0.0000961 seconds
[2019-06-24T09:23:24.642+0000][1][safepoint    ] Entering safepoint region: RevokeBias
[2019-06-24T09:23:24.642+0000][1][safepoint    ] Leaving safepoint region
[2019-06-24T09:23:24.642+0000][1][safepoint    ] Total time for which application threads were stopped: 0.0000344 seconds, Stopping threads took: 0.0000068 seconds
[2019-06-24T09:23:24.642+0000][1][safepoint    ] Application time: 0.0004331 seconds
[2019-06-24T09:23:24.642+0000][1][safepoint    ] Entering safepoint region: RevokeBias
[2019-06-24T09:23:24.642+0000][1][safepoint    ] Leaving safepoint region
[2019-06-24T09:23:24.642+0000][1][safepoint    ] Total time for which application threads were stopped: 0.0000312 seconds, Stopping threads took: 0.0000066 seconds
[2019-06-24T09:23:24.642+0000][1][safepoint    ] Application time: 0.0001091 seconds
[2019-06-24T09:23:24.642+0000][1][safepoint    ] Entering safepoint region: RevokeBias
[2019-06-24T09:23:24.642+0000][1][safepoint    ] Leaving safepoint region
[2019-06-24T09:23:24.642+0000][1][safepoint    ] Total time for which application threads were stopped: 0.0000331 seconds, Stopping threads took: 0.0000066 seconds
[2019-06-24T09:23:24.643+0000][1][safepoint    ] Application time: 0.0007138 seconds
[2019-06-24T09:23:24.643+0000][1][safepoint    ] Entering safepoint region: RevokeBias
[2019-06-24T09:23:24.643+0000][1][safepoint    ] Leaving safepoint region
[2019-06-24T09:23:24.643+0000][1][safepoint    ] Total time for which application threads were stopped: 0.0000402 seconds, Stopping threads took: 0.0000069 seconds
[2019-06-24T09:23:24.643+0000][1][safepoint    ] Application time: 0.0001654 seconds
[2019-06-24T09:23:24.643+0000][1][safepoint    ] Entering safepoint region: RevokeBias
[2019-06-24T09:23:24.643+0000][1][safepoint    ] Leaving safepoint region
[2019-06-24T09:23:24.643+0000][1][safepoint    ] Total time for which application threads were stopped: 0.0000428 seconds, Stopping threads took: 0.0000093 seconds
[2019-06-24T09:23:24.643+0000][1][safepoint    ] Application time: 0.0001708 seconds
[2019-06-24T09:23:24.644+0000][1][safepoint    ] Entering safepoint region: BulkRevokeBias
[2019-06-24T09:23:24.644+0000][1][safepoint    ] Leaving safepoint region
[2019-06-24T09:23:24.644+0000][1][safepoint    ] Total time for which application threads were stopped: 0.0001113 seconds, Stopping threads took: 0.0000095 seconds
[2019-06-24T09:23:24.644+0000][1][safepoint    ] Application time: 0.0001780 seconds
[2019-06-24T09:23:24.644+0000][1][safepoint    ] Entering safepoint region: RevokeBias
[2019-06-24T09:23:24.644+0000][1][safepoint    ] Leaving safepoint region
[2019-06-24T09:23:24.644+0000][1][safepoint    ] Total time for which application threads were stopped: 0.0000460 seconds, Stopping threads took: 0.0000094 seconds
[2019-06-24T09:23:24.645+0000][1][safepoint    ] Application time: 0.0015248 seconds
[2019-06-24T09:23:24.645+0000][1][safepoint    ] Entering safepoint region: RevokeBias
[2019-06-24T09:23:24.646+0000][1][safepoint    ] Leaving safepoint region
[2019-06-24T09:23:24.646+0000][1][safepoint    ] Total time for which application threads were stopped: 0.0001300 seconds, Stopping threads took: 0.0000952 seconds
[2019-06-24T09:23:24.646+0000][1][safepoint    ] Application time: 0.0001408 seconds
[2019-06-24T09:23:24.646+0000][1][safepoint    ] Entering safepoint region: RevokeBias
[2019-06-24T09:23:24.646+0000][1][safepoint    ] Leaving safepoint region
[2019-06-24T09:23:24.646+0000][1][safepoint    ] Total time for which application threads were stopped: 0.0000662 seconds, Stopping threads took: 0.0000325 seconds
[2019-06-24T09:23:24.647+0000][1][safepoint    ] Application time: 0.0007645 seconds
[2019-06-24T09:23:24.647+0000][1][safepoint    ] Entering safepoint region: RevokeBias
[2019-06-24T09:23:24.647+0000][1][safepoint    ] Leaving safepoint region
[2019-06-24T09:23:24.647+0000][1][safepoint    ] Total time for which application threads were stopped: 0.0002001 seconds, Stopping threads took: 0.0001601 seconds
[2019-06-24T09:23:24.647+0000][1][safepoint    ] Application time: 0.0003805 seconds
[2019-06-24T09:23:24.647+0000][1][safepoint    ] Entering safepoint region: RevokeBias
[2019-06-24T09:23:24.647+0000][1][safepoint    ] Leaving safepoint region
[2019-06-24T09:23:24.647+0000][1][safepoint    ] Total time for which application threads were stopped: 0.0000821 seconds, Stopping threads took: 0.0000319 seconds
[2019-06-24T09:23:24.648+0000][1][safepoint    ] Application time: 0.0006379 seconds
[2019-06-24T09:23:24.648+0000][1][safepoint    ] Entering safepoint region: RevokeBias
[2019-06-24T09:23:24.648+0000][1][safepoint    ] Leaving safepoint region
[2019-06-24T09:23:24.648+0000][1][safepoint    ] Total time for which application threads were stopped: 0.0001759 seconds, Stopping threads took: 0.0000698 seconds
[2019-06-24T09:23:24.648+0000][1][safepoint    ] Application time: 0.0000788 seconds
[2019-06-24T09:23:24.648+0000][1][safepoint    ] Entering safepoint region: RevokeBias
[2019-06-24T09:23:24.648+0000][1][safepoint    ] Leaving safepoint region
[2019-06-24T09:23:24.648+0000][1][safepoint    ] Total time for which application threads were stopped: 0.0000992 seconds, Stopping threads took: 0.0000253 seconds
[2019-06-24T09:23:24.649+0000][1][safepoint    ] Application time: 0.0008063 seconds
[2019-06-24T09:23:24.649+0000][1][safepoint    ] Entering safepoint region: RevokeBias
[2019-06-24T09:23:24.649+0000][1][safepoint    ] Leaving safepoint region
[2019-06-24T09:23:24.649+0000][1][safepoint    ] Total time for which application threads were stopped: 0.0002078 seconds, Stopping threads took: 0.0001209 seconds
[2019-06-24T09:23:24.654+0000][1][safepoint    ] Application time: 0.0046660 seconds
[2019-06-24T09:23:24.654+0000][1][safepoint    ] Entering safepoint region: RevokeBias
[2019-06-24T09:23:24.654+0000][1][safepoint    ] Leaving safepoint region
[2019-06-24T09:23:24.654+0000][1][safepoint    ] Total time for which application threads were stopped: 0.0001261 seconds, Stopping threads took: 0.0000200 seconds
[2019-06-24T09:23:24.655+0000][1][safepoint    ] Application time: 0.0003377 seconds
[2019-06-24T09:23:24.655+0000][1][safepoint    ] Entering safepoint region: RevokeBias
[2019-06-24T09:23:24.655+0000][1][safepoint    ] Leaving safepoint region
[2019-06-24T09:23:24.655+0000][1][safepoint    ] Total time for which application threads were stopped: 0.0007642 seconds, Stopping threads took: 0.0006432 seconds
[2019-06-24T09:23:24.656+0000][1][safepoint    ] Application time: 0.0002472 seconds
[2019-06-24T09:23:24.656+0000][1][safepoint    ] Entering safepoint region: RevokeBias
[2019-06-24T09:23:24.656+0000][1][safepoint    ] Leaving safepoint region
[2019-06-24T09:23:24.656+0000][1][safepoint    ] Total time for which application threads were stopped: 0.0001247 seconds, Stopping threads took: 0.0000251 seconds
[2019-06-24T09:23:24.659+0000][1][safepoint    ] Application time: 0.0028322 seconds
[2019-06-24T09:23:24.659+0000][1][safepoint    ] Entering safepoint region: RevokeBias
[2019-06-24T09:23:24.659+0000][1][safepoint    ] Leaving safepoint region
[2019-06-24T09:23:24.659+0000][1][safepoint    ] Total time for which application threads were stopped: 0.0003648 seconds, Stopping threads took: 0.0003174 seconds
[2019-06-24T09:23:24.663+0000][1][safepoint    ] Application time: 0.0035301 seconds
[2019-06-24T09:23:24.663+0000][1][safepoint    ] Entering safepoint region: RevokeBias
[2019-06-24T09:23:24.663+0000][1][safepoint    ] Leaving safepoint region
[2019-06-24T09:23:24.663+0000][1][safepoint    ] Total time for which application threads were stopped: 0.0001250 seconds, Stopping threads took: 0.0000214 seconds
[2019-06-24T09:23:24.663+0000][1][safepoint    ] Application time: 0.0002116 seconds
[2019-06-24T09:23:24.663+0000][1][safepoint    ] Entering safepoint region: RevokeBias
[2019-06-24T09:23:24.663+0000][1][safepoint    ] Leaving safepoint region
[2019-06-24T09:23:24.663+0000][1][safepoint    ] Total time for which application threads were stopped: 0.0002249 seconds, Stopping threads took: 0.0001852 seconds
[2019-06-24T09:23:24.663+0000][1][safepoint    ] Application time: 0.0001483 seconds
[2019-06-24T09:23:24.663+0000][1][safepoint    ] Entering safepoint region: RevokeBias
[2019-06-24T09:23:24.663+0000][1][safepoint    ] Leaving safepoint region
[2019-06-24T09:23:24.663+0000][1][safepoint    ] Total time for which application threads were stopped: 0.0000837 seconds, Stopping threads took: 0.0000319 seconds
[2019-06-24T09:23:24.664+0000][1][safepoint    ] Application time: 0.0001329 seconds
[2019-06-24T09:23:24.668+0000][1][safepoint    ] Entering safepoint region: RevokeBias
[2019-06-24T09:23:24.668+0000][1][safepoint    ] Leaving safepoint region
[2019-06-24T09:23:24.668+0000][1][safepoint    ] Total time for which application threads were stopped: 0.0041861 seconds, Stopping threads took: 0.0041276 seconds
[2019-06-24T09:23:24.668+0000][1][safepoint    ] Application time: 0.0003718 seconds
[2019-06-24T09:23:24.668+0000][1][safepoint    ] Entering safepoint region: RevokeBias
[2019-06-24T09:23:24.668+0000][1][safepoint    ] Leaving safepoint region
[2019-06-24T09:23:24.668+0000][1][safepoint    ] Total time for which application threads were stopped: 0.0000857 seconds, Stopping threads took: 0.0000134 seconds
[2019-06-24T09:23:24.668+0000][1][safepoint    ] Application time: 0.0002438 seconds
[2019-06-24T09:23:24.669+0000][1][safepoint    ] Entering safepoint region: RevokeBias
[2019-06-24T09:23:24.669+0000][1][safepoint    ] Leaving safepoint region
[2019-06-24T09:23:24.669+0000][1][safepoint    ] Total time for which application threads were stopped: 0.0000706 seconds, Stopping threads took: 0.0000412 seconds
[2019-06-24T09:23:24.672+0000][1][safepoint    ] Application time: 0.0036497 seconds
[2019-06-24T09:23:24.672+0000][1][safepoint    ] Entering safepoint region: RevokeBias
[2019-06-24T09:23:24.672+0000][1][safepoint    ] Leaving safepoint region
[2019-06-24T09:23:24.672+0000][1][safepoint    ] Total time for which application threads were stopped: 0.0000834 seconds, Stopping threads took: 0.0000381 seconds
[2019-06-24T09:23:24.678+0000][1][safepoint    ] Application time: 0.0058722 seconds
[2019-06-24T09:23:24.678+0000][1][safepoint    ] Entering safepoint region: RevokeBias
[2019-06-24T09:23:24.678+0000][1][safepoint    ] Leaving safepoint region
[2019-06-24T09:23:24.678+0000][1][safepoint    ] Total time for which application threads were stopped: 0.0000549 seconds, Stopping threads took: 0.0000113 seconds
[2019-06-24T09:23:24.678+0000][1][safepoint    ] Application time: 0.0000358 seconds
[2019-06-24T09:23:24.678+0000][1][safepoint    ] Entering safepoint region: BulkRevokeBias
[2019-06-24T09:23:24.678+0000][1][safepoint    ] Leaving safepoint region
[2019-06-24T09:23:24.678+0000][1][safepoint    ] Total time for which application threads were stopped: 0.0000996 seconds, Stopping threads took: 0.0000073 seconds
[2019-06-24T09:23:25.247+0000][1][safepoint    ] Application time: 0.5683711 seconds
[2019-06-24T09:23:25.247+0000][1][safepoint    ] Entering safepoint region: RevokeBias
[2019-06-24T09:23:25.247+0000][1][safepoint    ] Leaving safepoint region
[2019-06-24T09:23:25.247+0000][1][safepoint    ] Total time for which application threads were stopped: 0.0001365 seconds, Stopping threads took: 0.0000371 seconds
[2019-06-24T09:23:25.247+0000][1][safepoint    ] Application time: 0.0002860 seconds
[2019-06-24T09:23:25.247+0000][1][safepoint    ] Entering safepoint region: RevokeBias
[2019-06-24T09:23:25.247+0000][1][safepoint    ] Leaving safepoint region
[2019-06-24T09:23:25.248+0000][1][safepoint    ] Total time for which application threads were stopped: 0.0001062 seconds, Stopping threads took: 0.0000308 seconds
[2019-06-24T09:23:25.545+0000][1][safepoint    ] Application time: 0.2970485 seconds
[2019-06-24T09:23:25.545+0000][1][safepoint    ] Entering safepoint region: RevokeBias
[2019-06-24T09:23:25.545+0000][1][safepoint    ] Leaving safepoint region
[2019-06-24T09:23:25.545+0000][1][safepoint    ] Total time for which application threads were stopped: 0.0001267 seconds, Stopping threads took: 0.0000380 seconds
[2019-06-24T09:23:25.545+0000][1][safepoint    ] Application time: 0.0002658 seconds
[2019-06-24T09:23:25.545+0000][1][safepoint    ] Entering safepoint region: RevokeBias
[2019-06-24T09:23:25.545+0000][1][safepoint    ] Leaving safepoint region
[2019-06-24T09:23:25.545+0000][1][safepoint    ] Total time for which application threads were stopped: 0.0000879 seconds, Stopping threads took: 0.0000301 seconds
[2019-06-24T09:23:25.546+0000][1][safepoint    ] Application time: 0.0002639 seconds
[2019-06-24T09:23:25.546+0000][1][safepoint    ] Entering safepoint region: RevokeBias
[2019-06-24T09:23:25.546+0000][1][safepoint    ] Leaving safepoint region
[2019-06-24T09:23:25.546+0000][1][safepoint    ] Total time for which application threads were stopped: 0.0000881 seconds, Stopping threads took: 0.0000296 seconds
[2019-06-24T09:23:25.546+0000][1][safepoint    ] Application time: 0.0002637 seconds
[2019-06-24T09:23:25.546+0000][1][safepoint    ] Entering safepoint region: RevokeBias
[2019-06-24T09:23:25.546+0000][1][safepoint    ] Leaving safepoint region
[2019-06-24T09:23:25.546+0000][1][safepoint    ] Total time for which application threads were stopped: 0.0000886 seconds, Stopping threads took: 0.0000305 seconds
[2019-06-24T09:23:25.546+0000][1][safepoint    ] Application time: 0.0002728 seconds
[2019-06-24T09:23:25.546+0000][1][safepoint    ] Entering safepoint region: RevokeBias
[2019-06-24T09:23:25.547+0000][1][safepoint    ] Leaving safepoint region
[2019-06-24T09:23:25.547+0000][1][safepoint    ] Total time for which application threads were stopped: 0.0001581 seconds, Stopping threads took: 0.0000959 seconds
[2019-06-24T09:23:25.547+0000][1][safepoint    ] Application time: 0.0002871 seconds
[2019-06-24T09:23:25.547+0000][1][safepoint    ] Entering safepoint region: RevokeBias
[2019-06-24T09:23:25.547+0000][1][safepoint    ] Leaving safepoint region
[2019-06-24T09:23:25.547+0000][1][safepoint    ] Total time for which application threads were stopped: 0.0000880 seconds, Stopping threads took: 0.0000298 seconds
[2019-06-24T09:23:25.547+0000][1][safepoint    ] Application time: 0.0002150 seconds
[2019-06-24T09:23:25.547+0000][1][safepoint    ] Entering safepoint region: RevokeBias
[2019-06-24T09:23:25.547+0000][1][safepoint    ] Leaving safepoint region
[2019-06-24T09:23:25.547+0000][1][safepoint    ] Total time for which application threads were stopped: 0.0000745 seconds, Stopping threads took: 0.0000255 seconds
[2019-06-24T09:23:25.548+0000][1][safepoint    ] Application time: 0.0002477 seconds
[2019-06-24T09:23:25.548+0000][1][safepoint    ] Entering safepoint region: RevokeBias
[2019-06-24T09:23:25.548+0000][1][safepoint    ] Leaving safepoint region
[2019-06-24T09:23:25.548+0000][1][safepoint    ] Total time for which application threads were stopped: 0.0000920 seconds, Stopping threads took: 0.0000316 seconds
[2019-06-24T09:23:25.563+0000][1][safepoint    ] Application time: 0.0154074 seconds
[2019-06-24T09:23:25.563+0000][1][safepoint    ] Entering safepoint region: RevokeBias
[2019-06-24T09:23:25.563+0000][1][safepoint    ] Leaving safepoint region
[2019-06-24T09:23:25.563+0000][1][safepoint    ] Total time for which application threads were stopped: 0.0001090 seconds, Stopping threads took: 0.0000367 seconds
[2019-06-24T09:23:25.565+0000][1][safepoint    ] Application time: 0.0018274 seconds
[2019-06-24T09:23:25.566+0000][1][safepoint    ] Entering safepoint region: RevokeBias
[2019-06-24T09:23:25.566+0000][1][safepoint    ] Leaving safepoint region
[2019-06-24T09:23:25.566+0000][1][safepoint    ] Total time for which application threads were stopped: 0.0004141 seconds, Stopping threads took: 0.0003162 seconds
[2019-06-24T09:23:25.566+0000][1][safepoint    ] Application time: 0.0004184 seconds
[2019-06-24T09:23:25.566+0000][1][safepoint    ] Entering safepoint region: RevokeBias
[2019-06-24T09:23:25.567+0000][1][safepoint    ] Leaving safepoint region
[2019-06-24T09:23:25.567+0000][1][safepoint    ] Total time for which application threads were stopped: 0.0003194 seconds, Stopping threads took: 0.0001683 seconds
[2019-06-24T09:23:25.568+0000][1][safepoint    ] Application time: 0.0012899 seconds
[2019-06-24T09:23:25.568+0000][1][safepoint    ] Entering safepoint region: RevokeBias
[2019-06-24T09:23:25.568+0000][1][safepoint    ] Leaving safepoint region
[2019-06-24T09:23:25.568+0000][1][safepoint    ] Total time for which application threads were stopped: 0.0001730 seconds, Stopping threads took: 0.0000820 seconds
[2019-06-24T09:23:25.568+0000][1][safepoint    ] Application time: 0.0002858 seconds
[2019-06-24T09:23:25.569+0000][1][safepoint    ] Entering safepoint region: RevokeBias
[2019-06-24T09:23:25.569+0000][1][safepoint    ] Leaving safepoint region
[2019-06-24T09:23:25.569+0000][1][safepoint    ] Total time for which application threads were stopped: 0.0001170 seconds, Stopping threads took: 0.0000320 seconds
[2019-06-24T09:23:25.574+0000][1][safepoint    ] Application time: 0.0052861 seconds
[2019-06-24T09:23:25.574+0000][1][safepoint    ] Entering safepoint region: RevokeBias
[2019-06-24T09:23:25.574+0000][1][safepoint    ] Leaving safepoint region
[2019-06-24T09:23:25.574+0000][1][safepoint    ] Total time for which application threads were stopped: 0.0000692 seconds, Stopping threads took: 0.0000294 seconds
[2019-06-24T09:23:25.582+0000][1][safepoint    ] Application time: 0.0076055 seconds
[2019-06-24T09:23:25.582+0000][1][safepoint    ] Entering safepoint region: RevokeBias
[2019-06-24T09:23:25.582+0000][1][safepoint    ] Leaving safepoint region
[2019-06-24T09:23:25.582+0000][1][safepoint    ] Total time for which application threads were stopped: 0.0000641 seconds, Stopping threads took: 0.0000146 seconds
[2019-06-24T09:23:25.582+0000][1][safepoint    ] Application time: 0.0001581 seconds
[2019-06-24T09:23:25.582+0000][1][safepoint    ] Entering safepoint region: RevokeBias
[2019-06-24T09:23:25.582+0000][1][safepoint    ] Leaving safepoint region
[2019-06-24T09:23:25.582+0000][1][safepoint    ] Total time for which application threads were stopped: 0.0000424 seconds, Stopping threads took: 0.0000121 seconds
[2019-06-24T09:23:25.582+0000][1][safepoint    ] Application time: 0.0001491 seconds
[2019-06-24T09:23:25.582+0000][1][safepoint    ] Entering safepoint region: RevokeBias
[2019-06-24T09:23:25.582+0000][1][safepoint    ] Leaving safepoint region
[2019-06-24T09:23:25.582+0000][1][safepoint    ] Total time for which application threads were stopped: 0.0000401 seconds, Stopping threads took: 0.0000118 seconds
[2019-06-24T09:23:25.583+0000][1][safepoint    ] Application time: 0.0007133 seconds
[2019-06-24T09:23:25.583+0000][1][safepoint    ] Entering safepoint region: RevokeBias
[2019-06-24T09:23:25.583+0000][1][safepoint    ] Leaving safepoint region
[2019-06-24T09:23:25.583+0000][1][safepoint    ] Total time for which application threads were stopped: 0.0001363 seconds, Stopping threads took: 0.0000987 seconds
[2019-06-24T09:23:25.583+0000][1][safepoint    ] Application time: 0.0001748 seconds
[2019-06-24T09:23:25.583+0000][1][safepoint    ] Entering safepoint region: RevokeBias
[2019-06-24T09:23:25.583+0000][1][safepoint    ] Leaving safepoint region
[2019-06-24T09:23:25.583+0000][1][safepoint    ] Total time for which application threads were stopped: 0.0000460 seconds, Stopping threads took: 0.0000117 seconds
[2019-06-24T09:23:25.583+0000][1][safepoint    ] Application time: 0.0001456 seconds
[2019-06-24T09:23:25.584+0000][1][safepoint    ] Entering safepoint region: RevokeBias
[2019-06-24T09:23:25.584+0000][1][safepoint    ] Leaving safepoint region
[2019-06-24T09:23:25.584+0000][1][safepoint    ] Total time for which application threads were stopped: 0.0000627 seconds, Stopping threads took: 0.0000303 seconds
[2019-06-24T09:23:25.584+0000][1][safepoint    ] Application time: 0.0005070 seconds
[2019-06-24T09:23:25.584+0000][1][safepoint    ] Entering safepoint region: RevokeBias
[2019-06-24T09:23:25.584+0000][1][safepoint    ] Leaving safepoint region
[2019-06-24T09:23:25.584+0000][1][safepoint    ] Total time for which application threads were stopped: 0.0000485 seconds, Stopping threads took: 0.0000120 seconds
[2019-06-24T09:23:25.585+0000][1][safepoint    ] Application time: 0.0005927 seconds
[2019-06-24T09:23:25.585+0000][1][safepoint    ] Entering safepoint region: RevokeBias
[2019-06-24T09:23:25.585+0000][1][safepoint    ] Leaving safepoint region
[2019-06-24T09:23:25.585+0000][1][safepoint    ] Total time for which application threads were stopped: 0.0000539 seconds, Stopping threads took: 0.0000126 seconds
[2019-06-24T09:23:25.585+0000][1][safepoint    ] Application time: 0.0001709 seconds
[2019-06-24T09:23:25.585+0000][1][safepoint    ] Entering safepoint region: BulkRevokeBias
[2019-06-24T09:23:25.585+0000][1][safepoint    ] Leaving safepoint region
[2019-06-24T09:23:25.585+0000][1][safepoint    ] Total time for which application threads were stopped: 0.0001494 seconds, Stopping threads took: 0.0000488 seconds
[2019-06-24T09:23:25.585+0000][1][safepoint    ] Application time: 0.0000687 seconds
[2019-06-24T09:23:25.585+0000][1][safepoint    ] Entering safepoint region: RevokeBias
[2019-06-24T09:23:25.585+0000][1][safepoint    ] Leaving safepoint region
[2019-06-24T09:23:25.585+0000][1][safepoint    ] Total time for which application threads were stopped: 0.0000277 seconds, Stopping threads took: 0.0000092 seconds
[2019-06-24T09:23:25.586+0000][1][safepoint    ] Application time: 0.0004129 seconds
[2019-06-24T09:23:25.586+0000][1][safepoint    ] Entering safepoint region: RevokeBias
[2019-06-24T09:23:25.586+0000][1][safepoint    ] Leaving safepoint region
[2019-06-24T09:23:25.586+0000][1][safepoint    ] Total time for which application threads were stopped: 0.0000692 seconds, Stopping threads took: 0.0000374 seconds
[2019-06-24T09:23:25.586+0000][1][safepoint    ] Application time: 0.0002694 seconds
[2019-06-24T09:23:25.586+0000][1][safepoint    ] Entering safepoint region: RevokeBias
[2019-06-24T09:23:25.586+0000][1][safepoint    ] Leaving safepoint region
[2019-06-24T09:23:25.586+0000][1][safepoint    ] Total time for which application threads were stopped: 0.0001412 seconds, Stopping threads took: 0.0001073 seconds
[2019-06-24T09:23:25.588+0000][1][safepoint    ] Application time: 0.0013076 seconds
[2019-06-24T09:23:25.588+0000][1][safepoint    ] Entering safepoint region: RevokeBias
[2019-06-24T09:23:25.588+0000][1][safepoint    ] Leaving safepoint region
[2019-06-24T09:23:25.588+0000][1][safepoint    ] Total time for which application threads were stopped: 0.0001381 seconds, Stopping threads took: 0.0001024 seconds
[2019-06-24T09:23:25.588+0000][1][safepoint    ] Application time: 0.0001546 seconds
[2019-06-24T09:23:25.588+0000][1][safepoint    ] Entering safepoint region: RevokeBias
[2019-06-24T09:23:25.588+0000][1][safepoint    ] Leaving safepoint region
[2019-06-24T09:23:25.588+0000][1][safepoint    ] Total time for which application threads were stopped: 0.0000534 seconds, Stopping threads took: 0.0000280 seconds
[2019-06-24T09:23:25.588+0000][1][safepoint    ] Application time: 0.0001314 seconds
[2019-06-24T09:23:25.588+0000][1][safepoint    ] Entering safepoint region: RevokeBias
[2019-06-24T09:23:25.588+0000][1][safepoint    ] Leaving safepoint region
[2019-06-24T09:23:25.588+0000][1][safepoint    ] Total time for which application threads were stopped: 0.0000405 seconds, Stopping threads took: 0.0000112 seconds
[2019-06-24T09:23:25.588+0000][1][safepoint    ] Application time: 0.0001255 seconds
[2019-06-24T09:23:25.588+0000][1][safepoint    ] Entering safepoint region: RevokeBias
[2019-06-24T09:23:25.588+0000][1][safepoint    ] Leaving safepoint region
[2019-06-24T09:23:25.588+0000][1][safepoint    ] Total time for which application threads were stopped: 0.0000371 seconds, Stopping threads took: 0.0000116 seconds
[2019-06-24T09:23:25.590+0000][1][safepoint    ] Application time: 0.0016189 seconds
[2019-06-24T09:23:25.590+0000][1][safepoint    ] Entering safepoint region: RevokeBias
[2019-06-24T09:23:25.590+0000][1][safepoint    ] Leaving safepoint region
[2019-06-24T09:23:25.590+0000][1][safepoint    ] Total time for which application threads were stopped: 0.0000611 seconds, Stopping threads took: 0.0000228 seconds
[2019-06-24T09:23:25.590+0000][1][safepoint    ] Application time: 0.0001415 seconds
[2019-06-24T09:23:25.590+0000][1][safepoint    ] Entering safepoint region: RevokeBias
[2019-06-24T09:23:25.590+0000][1][safepoint    ] Leaving safepoint region
[2019-06-24T09:23:25.590+0000][1][safepoint    ] Total time for which application threads were stopped: 0.0000530 seconds, Stopping threads took: 0.0000289 seconds
[2019-06-24T09:23:25.590+0000][1][safepoint    ] Application time: 0.0000776 seconds
[2019-06-24T09:23:25.590+0000][1][safepoint    ] Entering safepoint region: RevokeBias
[2019-06-24T09:23:25.590+0000][1][safepoint    ] Leaving safepoint region
[2019-06-24T09:23:25.590+0000][1][safepoint    ] Total time for which application threads were stopped: 0.0000589 seconds, Stopping threads took: 0.0000383 seconds
[2019-06-24T09:23:25.591+0000][1][safepoint    ] Application time: 0.0001293 seconds
[2019-06-24T09:23:25.591+0000][1][safepoint    ] Entering safepoint region: RevokeBias
[2019-06-24T09:23:25.591+0000][1][safepoint    ] Leaving safepoint region
[2019-06-24T09:23:25.591+0000][1][safepoint    ] Total time for which application threads were stopped: 0.0000949 seconds, Stopping threads took: 0.0000633 seconds
[2019-06-24T09:23:25.591+0000][1][safepoint    ] Application time: 0.0002022 seconds
[2019-06-24T09:23:25.591+0000][1][safepoint    ] Entering safepoint region: RevokeBias
[2019-06-24T09:23:25.591+0000][1][safepoint    ] Leaving safepoint region
[2019-06-24T09:23:25.591+0000][1][safepoint    ] Total time for which application threads were stopped: 0.0000576 seconds, Stopping threads took: 0.0000290 seconds
[2019-06-24T09:23:25.591+0000][1][safepoint    ] Application time: 0.0000945 seconds
[2019-06-24T09:23:25.591+0000][1][safepoint    ] Entering safepoint region: RevokeBias
[2019-06-24T09:23:25.591+0000][1][safepoint    ] Leaving safepoint region
[2019-06-24T09:23:25.591+0000][1][safepoint    ] Total time for which application threads were stopped: 0.0001337 seconds, Stopping threads took: 0.0000758 seconds
[2019-06-24T09:23:25.594+0000][1][gc,heap,exit ] Heap
[2019-06-24T09:23:25.594+0000][1][gc,heap,exit ]  par new generation   total 78656K, used 29619K [0x00000000f0000000, 0x00000000f5550000, 0x00000000f5550000)
[2019-06-24T09:23:25.594+0000][1][gc,heap,exit ]   eden space 69952K,  32% used [0x00000000f0000000, 0x00000000f163c270, 0x00000000f4450000)
[2019-06-24T09:23:25.594+0000][1][gc,heap,exit ]   from space 8704K,  78% used [0x00000000f4450000, 0x00000000f4b00be8, 0x00000000f4cd0000)
[2019-06-24T09:23:25.594+0000][1][gc,heap,exit ]   to   space 8704K,   0% used [0x00000000f4cd0000, 0x00000000f4cd0000, 0x00000000f5550000)
[2019-06-24T09:23:25.594+0000][1][gc,heap,exit ]  concurrent mark-sweep generation total 174784K, used 62329K [0x00000000f5550000, 0x0000000100000000, 0x0000000100000000)
[2019-06-24T09:23:25.594+0000][1][gc,heap,exit ]  Metaspace       used 63204K, capacity 67942K, committed 68092K, reserved 1107968K
[2019-06-24T09:23:25.594+0000][1][gc,heap,exit ]   class space    used 8604K, capacity 10561K, committed 10636K, reserved 1048576K
[2019-06-24T09:23:25.594+0000][1][safepoint    ] Application time: 0.0029201 seconds
[2019-06-24T09:23:25.594+0000][1][safepoint    ] Entering safepoint region: Halt
