[2019-06-24T09:22:09.606+0000][1][gc] Using Concurrent Mark Sweep
[2019-06-24T09:22:09.606+0000][1][gc,heap,coops] Heap address: 0x00000000f0000000, size: 256 MB, Compressed Oops mode: 32-bit
[2019-06-24T09:22:09.656+0000][1][safepoint    ] Entering safepoint region: EnableBiasedLocking
[2019-06-24T09:22:09.656+0000][1][safepoint    ] Leaving safepoint region
[2019-06-24T09:22:09.656+0000][1][safepoint    ] Total time for which application threads were stopped: 0.0001080 seconds, Stopping threads took: 0.0000449 seconds
[2019-06-24T09:22:09.659+0000][1][safepoint    ] Application time: 0.0031870 seconds
[2019-06-24T09:22:09.659+0000][1][safepoint    ] Entering safepoint region: RevokeBias
[2019-06-24T09:22:09.659+0000][1][safepoint    ] Leaving safepoint region
[2019-06-24T09:22:09.659+0000][1][safepoint    ] Total time for which application threads were stopped: 0.0000836 seconds, Stopping threads took: 0.0000301 seconds
[2019-06-24T09:22:09.667+0000][1][safepoint    ] Application time: 0.0080449 seconds
[2019-06-24T09:22:09.668+0000][1][safepoint    ] Entering safepoint region: Deoptimize
[2019-06-24T09:22:09.668+0000][1][safepoint    ] Leaving safepoint region
[2019-06-24T09:22:09.668+0000][1][safepoint    ] Total time for which application threads were stopped: 0.0000461 seconds, Stopping threads took: 0.0000094 seconds
[2019-06-24T09:22:09.759+0000][1][safepoint    ] Application time: 0.0914166 seconds
[2019-06-24T09:22:09.759+0000][1][safepoint    ] Entering safepoint region: RevokeBias
[2019-06-24T09:22:09.759+0000][1][safepoint    ] Leaving safepoint region
[2019-06-24T09:22:09.759+0000][1][safepoint    ] Total time for which application threads were stopped: 0.0000698 seconds, Stopping threads took: 0.0000102 seconds
[2019-06-24T09:22:09.761+0000][1][safepoint    ] Application time: 0.0014991 seconds
[2019-06-24T09:22:09.761+0000][1][safepoint    ] Entering safepoint region: Deoptimize
[2019-06-24T09:22:09.761+0000][1][safepoint    ] Leaving safepoint region
[2019-06-24T09:22:09.761+0000][1][safepoint    ] Total time for which application threads were stopped: 0.0000489 seconds, Stopping threads took: 0.0000073 seconds
[2019-06-24T09:22:09.783+0000][1][safepoint    ] Application time: 0.0222662 seconds
[2019-06-24T09:22:09.783+0000][1][safepoint    ] Entering safepoint region: Deoptimize
[2019-06-24T09:22:09.783+0000][1][safepoint    ] Leaving safepoint region
[2019-06-24T09:22:09.783+0000][1][safepoint    ] Total time for which application threads were stopped: 0.0001428 seconds, Stopping threads took: 0.0000125 seconds
[2019-06-24T09:22:10.007+0000][1][safepoint    ] Application time: 0.2241595 seconds
[2019-06-24T09:22:10.007+0000][1][safepoint    ] Entering safepoint region: Deoptimize
[2019-06-24T09:22:10.007+0000][1][safepoint    ] Leaving safepoint region
[2019-06-24T09:22:10.008+0000][1][safepoint    ] Total time for which application threads were stopped: 0.0001717 seconds, Stopping threads took: 0.0000139 seconds
[2019-06-24T09:22:10.029+0000][1][safepoint    ] Application time: 0.0214103 seconds
[2019-06-24T09:22:10.029+0000][1][safepoint    ] Entering safepoint region: Deoptimize
[2019-06-24T09:22:10.029+0000][1][safepoint    ] Leaving safepoint region
[2019-06-24T09:22:10.029+0000][1][safepoint    ] Total time for which application threads were stopped: 0.0000961 seconds, Stopping threads took: 0.0000089 seconds
[2019-06-24T09:22:10.060+0000][1][safepoint    ] Application time: 0.0306680 seconds
[2019-06-24T09:22:10.060+0000][1][safepoint    ] Entering safepoint region: Deoptimize
[2019-06-24T09:22:10.060+0000][1][safepoint    ] Leaving safepoint region
[2019-06-24T09:22:10.060+0000][1][safepoint    ] Total time for which application threads were stopped: 0.0001390 seconds, Stopping threads took: 0.0000142 seconds
[2019-06-24T09:22:10.070+0000][1][safepoint    ] Application time: 0.0103688 seconds
[2019-06-24T09:22:10.070+0000][1][safepoint    ] Entering safepoint region: Deoptimize
[2019-06-24T09:22:10.070+0000][1][safepoint    ] Leaving safepoint region
[2019-06-24T09:22:10.070+0000][1][safepoint    ] Total time for which application threads were stopped: 0.0001322 seconds, Stopping threads took: 0.0000132 seconds
[2019-06-24T09:22:10.394+0000][1][safepoint    ] Application time: 0.3236996 seconds
[2019-06-24T09:22:10.394+0000][1][safepoint    ] Entering safepoint region: Deoptimize
[2019-06-24T09:22:10.395+0000][1][safepoint    ] Leaving safepoint region
[2019-06-24T09:22:10.395+0000][1][safepoint    ] Total time for which application threads were stopped: 0.0003400 seconds, Stopping threads took: 0.0000106 seconds
[2019-06-24T09:22:10.601+0000][1][safepoint    ] Application time: 0.2067841 seconds
[2019-06-24T09:22:10.601+0000][1][safepoint    ] Entering safepoint region: RevokeBias
[2019-06-24T09:22:10.602+0000][1][safepoint    ] Leaving safepoint region
[2019-06-24T09:22:10.602+0000][1][safepoint    ] Total time for which application threads were stopped: 0.0001669 seconds, Stopping threads took: 0.0000748 seconds
[2019-06-24T09:22:10.681+0000][1][safepoint    ] Application time: 0.0795212 seconds
[2019-06-24T09:22:10.681+0000][1][safepoint    ] Entering safepoint region: Deoptimize
[2019-06-24T09:22:10.681+0000][1][safepoint    ] Leaving safepoint region
[2019-06-24T09:22:10.681+0000][1][safepoint    ] Total time for which application threads were stopped: 0.0001951 seconds, Stopping threads took: 0.0000104 seconds
[2019-06-24T09:22:10.786+0000][1][safepoint    ] Application time: 0.1048038 seconds
[2019-06-24T09:22:10.786+0000][1][safepoint    ] Entering safepoint region: Deoptimize
[2019-06-24T09:22:10.786+0000][1][safepoint    ] Leaving safepoint region
[2019-06-24T09:22:10.786+0000][1][safepoint    ] Total time for which application threads were stopped: 0.0001903 seconds, Stopping threads took: 0.0000125 seconds
[2019-06-24T09:22:10.787+0000][1][safepoint    ] Application time: 0.0001761 seconds
[2019-06-24T09:22:10.787+0000][1][safepoint    ] Entering safepoint region: Deoptimize
[2019-06-24T09:22:10.787+0000][1][safepoint    ] Leaving safepoint region
[2019-06-24T09:22:10.787+0000][1][safepoint    ] Total time for which application threads were stopped: 0.0001185 seconds, Stopping threads took: 0.0000087 seconds
[2019-06-24T09:22:10.801+0000][1][safepoint    ] Application time: 0.0145080 seconds
[2019-06-24T09:22:10.801+0000][1][safepoint    ] Entering safepoint region: Deoptimize
[2019-06-24T09:22:10.801+0000][1][safepoint    ] Leaving safepoint region
[2019-06-24T09:22:10.801+0000][1][safepoint    ] Total time for which application threads were stopped: 0.0001520 seconds, Stopping threads took: 0.0000098 seconds
[2019-06-24T09:22:10.810+0000][1][safepoint    ] Application time: 0.0081875 seconds
[2019-06-24T09:22:10.810+0000][1][safepoint    ] Entering safepoint region: Deoptimize
[2019-06-24T09:22:10.810+0000][1][safepoint    ] Leaving safepoint region
[2019-06-24T09:22:10.810+0000][1][safepoint    ] Total time for which application threads were stopped: 0.0001542 seconds, Stopping threads took: 0.0000098 seconds
[2019-06-24T09:22:10.815+0000][1][safepoint    ] Application time: 0.0052619 seconds
[2019-06-24T09:22:10.815+0000][1][safepoint    ] Entering safepoint region: RevokeBias
[2019-06-24T09:22:10.815+0000][1][safepoint    ] Leaving safepoint region
[2019-06-24T09:22:10.815+0000][1][safepoint    ] Total time for which application threads were stopped: 0.0000517 seconds, Stopping threads took: 0.0000176 seconds
[2019-06-24T09:22:10.815+0000][1][safepoint    ] Application time: 0.0001677 seconds
[2019-06-24T09:22:10.815+0000][1][safepoint    ] Entering safepoint region: RevokeBias
[2019-06-24T09:22:10.815+0000][1][safepoint    ] Leaving safepoint region
[2019-06-24T09:22:10.815+0000][1][safepoint    ] Total time for which application threads were stopped: 0.0000455 seconds, Stopping threads took: 0.0000200 seconds
[2019-06-24T09:22:10.816+0000][1][safepoint    ] Application time: 0.0001608 seconds
[2019-06-24T09:22:10.816+0000][1][safepoint    ] Entering safepoint region: RevokeBias
[2019-06-24T09:22:10.816+0000][1][safepoint    ] Leaving safepoint region
[2019-06-24T09:22:10.816+0000][1][safepoint    ] Total time for which application threads were stopped: 0.0000470 seconds, Stopping threads took: 0.0000227 seconds
[2019-06-24T09:22:10.816+0000][1][safepoint    ] Application time: 0.0002185 seconds
[2019-06-24T09:22:10.816+0000][1][safepoint    ] Entering safepoint region: RevokeBias
[2019-06-24T09:22:10.816+0000][1][safepoint    ] Leaving safepoint region
[2019-06-24T09:22:10.816+0000][1][safepoint    ] Total time for which application threads were stopped: 0.0000482 seconds, Stopping threads took: 0.0000255 seconds
[2019-06-24T09:22:10.817+0000][1][safepoint    ] Application time: 0.0011889 seconds
[2019-06-24T09:22:10.817+0000][1][safepoint    ] Entering safepoint region: RevokeBias
[2019-06-24T09:22:10.817+0000][1][safepoint    ] Leaving safepoint region
[2019-06-24T09:22:10.817+0000][1][safepoint    ] Total time for which application threads were stopped: 0.0000418 seconds, Stopping threads took: 0.0000124 seconds
[2019-06-24T09:22:10.822+0000][1][safepoint    ] Application time: 0.0051099 seconds
[2019-06-24T09:22:10.822+0000][1][safepoint    ] Entering safepoint region: Deoptimize
[2019-06-24T09:22:10.822+0000][1][safepoint    ] Leaving safepoint region
[2019-06-24T09:22:10.822+0000][1][safepoint    ] Total time for which application threads were stopped: 0.0001762 seconds, Stopping threads took: 0.0000099 seconds
[2019-06-24T09:22:10.903+0000][1][safepoint    ] Application time: 0.0800738 seconds
[2019-06-24T09:22:10.903+0000][1][safepoint    ] Entering safepoint region: GenCollectForAllocation
[2019-06-24T09:22:10.903+0000][1][gc,start     ] GC(0) Pause Young (Allocation Failure)
[2019-06-24T09:22:10.903+0000][1][gc,task      ] GC(0) Using 5 workers of 8 for evacuation
[2019-06-24T09:22:10.909+0000][1][gc,age       ] GC(0) Desired survivor size 4456448 bytes, new threshold 1 (max threshold 6)
[2019-06-24T09:22:10.909+0000][1][gc,age       ] GC(0) Age table with threshold 1 (max threshold 6)
[2019-06-24T09:22:10.909+0000][1][gc,age       ] GC(0) - age   1:    8017976 bytes,    8017976 total
[2019-06-24T09:22:10.909+0000][1][gc,heap      ] GC(0) ParNew: 69952K->7940K(78656K)
[2019-06-24T09:22:10.909+0000][1][gc,heap      ] GC(0) CMS: 0K->0K(174784K)
[2019-06-24T09:22:10.909+0000][1][gc,metaspace ] GC(0) Metaspace: 12116K->12116K(1060864K)
[2019-06-24T09:22:10.909+0000][1][gc           ] GC(0) Pause Young (Allocation Failure) 68M->7M(247M) 6.437ms
[2019-06-24T09:22:10.909+0000][1][gc,cpu       ] GC(0) User=0.04s Sys=0.00s Real=0.00s
[2019-06-24T09:22:10.909+0000][1][safepoint    ] Leaving safepoint region
[2019-06-24T09:22:10.909+0000][1][safepoint    ] Total time for which application threads were stopped: 0.0065766 seconds, Stopping threads took: 0.0000449 seconds
[2019-06-24T09:22:10.910+0000][1][safepoint    ] Application time: 0.0004280 seconds
[2019-06-24T09:22:10.910+0000][1][safepoint    ] Entering safepoint region: RevokeBias
[2019-06-24T09:22:10.910+0000][1][safepoint    ] Leaving safepoint region
[2019-06-24T09:22:10.910+0000][1][safepoint    ] Total time for which application threads were stopped: 0.0001562 seconds, Stopping threads took: 0.0001023 seconds
[2019-06-24T09:22:10.910+0000][1][safepoint    ] Application time: 0.0000897 seconds
[2019-06-24T09:22:10.910+0000][1][safepoint    ] Entering safepoint region: RevokeBias
[2019-06-24T09:22:10.910+0000][1][safepoint    ] Leaving safepoint region
[2019-06-24T09:22:10.910+0000][1][safepoint    ] Total time for which application threads were stopped: 0.0001694 seconds, Stopping threads took: 0.0001328 seconds
[2019-06-24T09:22:10.910+0000][1][safepoint    ] Application time: 0.0000530 seconds
[2019-06-24T09:22:10.910+0000][1][safepoint    ] Entering safepoint region: RevokeBias
[2019-06-24T09:22:10.910+0000][1][safepoint    ] Leaving safepoint region
[2019-06-24T09:22:10.910+0000][1][safepoint    ] Total time for which application threads were stopped: 0.0000527 seconds, Stopping threads took: 0.0000220 seconds
[2019-06-24T09:22:10.910+0000][1][safepoint    ] Application time: 0.0000367 seconds
[2019-06-24T09:22:10.910+0000][1][safepoint    ] Entering safepoint region: RevokeBias
[2019-06-24T09:22:10.910+0000][1][safepoint    ] Leaving safepoint region
[2019-06-24T09:22:10.910+0000][1][safepoint    ] Total time for which application threads were stopped: 0.0000751 seconds, Stopping threads took: 0.0000479 seconds
[2019-06-24T09:22:10.910+0000][1][safepoint    ] Application time: 0.0000400 seconds
[2019-06-24T09:22:10.910+0000][1][safepoint    ] Entering safepoint region: RevokeBias
[2019-06-24T09:22:10.910+0000][1][safepoint    ] Leaving safepoint region
[2019-06-24T09:22:10.910+0000][1][safepoint    ] Total time for which application threads were stopped: 0.0000675 seconds, Stopping threads took: 0.0000358 seconds
[2019-06-24T09:22:10.911+0000][1][safepoint    ] Application time: 0.0000387 seconds
[2019-06-24T09:22:10.911+0000][1][safepoint    ] Entering safepoint region: RevokeBias
[2019-06-24T09:22:10.911+0000][1][safepoint    ] Leaving safepoint region
[2019-06-24T09:22:10.911+0000][1][safepoint    ] Total time for which application threads were stopped: 0.0000358 seconds, Stopping threads took: 0.0000067 seconds
[2019-06-24T09:22:10.911+0000][1][safepoint    ] Application time: 0.0000417 seconds
[2019-06-24T09:22:10.911+0000][1][safepoint    ] Entering safepoint region: RevokeBias
[2019-06-24T09:22:10.911+0000][1][safepoint    ] Leaving safepoint region
[2019-06-24T09:22:10.911+0000][1][safepoint    ] Total time for which application threads were stopped: 0.0000339 seconds, Stopping threads took: 0.0000065 seconds
[2019-06-24T09:22:10.911+0000][1][safepoint    ] Application time: 0.0000350 seconds
[2019-06-24T09:22:10.911+0000][1][safepoint    ] Entering safepoint region: RevokeBias
[2019-06-24T09:22:10.911+0000][1][safepoint    ] Leaving safepoint region
[2019-06-24T09:22:10.911+0000][1][safepoint    ] Total time for which application threads were stopped: 0.0000333 seconds, Stopping threads took: 0.0000064 seconds
[2019-06-24T09:22:10.911+0000][1][safepoint    ] Application time: 0.0000529 seconds
[2019-06-24T09:22:10.911+0000][1][safepoint    ] Entering safepoint region: RevokeBias
[2019-06-24T09:22:10.911+0000][1][safepoint    ] Leaving safepoint region
[2019-06-24T09:22:10.911+0000][1][safepoint    ] Total time for which application threads were stopped: 0.0000669 seconds, Stopping threads took: 0.0000421 seconds
[2019-06-24T09:22:10.911+0000][1][safepoint    ] Application time: 0.0000359 seconds
[2019-06-24T09:22:10.911+0000][1][safepoint    ] Entering safepoint region: RevokeBias
[2019-06-24T09:22:10.911+0000][1][safepoint    ] Leaving safepoint region
[2019-06-24T09:22:10.911+0000][1][safepoint    ] Total time for which application threads were stopped: 0.0001249 seconds, Stopping threads took: 0.0000980 seconds
[2019-06-24T09:22:10.911+0000][1][safepoint    ] Application time: 0.0000405 seconds
[2019-06-24T09:22:10.911+0000][1][safepoint    ] Entering safepoint region: RevokeBias
[2019-06-24T09:22:10.911+0000][1][safepoint    ] Leaving safepoint region
[2019-06-24T09:22:10.911+0000][1][safepoint    ] Total time for which application threads were stopped: 0.0000424 seconds, Stopping threads took: 0.0000240 seconds
[2019-06-24T09:22:10.911+0000][1][safepoint    ] Application time: 0.0000338 seconds
[2019-06-24T09:22:10.911+0000][1][safepoint    ] Entering safepoint region: RevokeBias
[2019-06-24T09:22:10.911+0000][1][safepoint    ] Leaving safepoint region
[2019-06-24T09:22:10.911+0000][1][safepoint    ] Total time for which application threads were stopped: 0.0000452 seconds, Stopping threads took: 0.0000252 seconds
[2019-06-24T09:22:10.911+0000][1][safepoint    ] Application time: 0.0000326 seconds
[2019-06-24T09:22:10.911+0000][1][safepoint    ] Entering safepoint region: RevokeBias
[2019-06-24T09:22:10.911+0000][1][safepoint    ] Leaving safepoint region
[2019-06-24T09:22:10.911+0000][1][safepoint    ] Total time for which application threads were stopped: 0.0000375 seconds, Stopping threads took: 0.0000206 seconds
[2019-06-24T09:22:10.911+0000][1][safepoint    ] Application time: 0.0000462 seconds
[2019-06-24T09:22:10.911+0000][1][safepoint    ] Entering safepoint region: RevokeBias
[2019-06-24T09:22:10.911+0000][1][safepoint    ] Leaving safepoint region
[2019-06-24T09:22:10.911+0000][1][safepoint    ] Total time for which application threads were stopped: 0.0000922 seconds, Stopping threads took: 0.0000598 seconds
[2019-06-24T09:22:10.912+0000][1][safepoint    ] Application time: 0.0000339 seconds
[2019-06-24T09:22:10.912+0000][1][safepoint    ] Entering safepoint region: RevokeBias
[2019-06-24T09:22:10.912+0000][1][safepoint    ] Leaving safepoint region
[2019-06-24T09:22:10.912+0000][1][safepoint    ] Total time for which application threads were stopped: 0.0000595 seconds, Stopping threads took: 0.0000322 seconds
[2019-06-24T09:22:10.912+0000][1][safepoint    ] Application time: 0.0000376 seconds
[2019-06-24T09:22:10.912+0000][1][safepoint    ] Entering safepoint region: RevokeBias
[2019-06-24T09:22:10.912+0000][1][safepoint    ] Leaving safepoint region
[2019-06-24T09:22:10.912+0000][1][safepoint    ] Total time for which application threads were stopped: 0.0000462 seconds, Stopping threads took: 0.0000232 seconds
[2019-06-24T09:22:10.912+0000][1][safepoint    ] Application time: 0.0000324 seconds
[2019-06-24T09:22:10.912+0000][1][safepoint    ] Entering safepoint region: RevokeBias
[2019-06-24T09:22:10.912+0000][1][safepoint    ] Leaving safepoint region
[2019-06-24T09:22:10.912+0000][1][safepoint    ] Total time for which application threads were stopped: 0.0000271 seconds, Stopping threads took: 0.0000064 seconds
[2019-06-24T09:22:10.912+0000][1][safepoint    ] Application time: 0.0000380 seconds
[2019-06-24T09:22:10.912+0000][1][safepoint    ] Entering safepoint region: RevokeBias
[2019-06-24T09:22:10.912+0000][1][safepoint    ] Leaving safepoint region
[2019-06-24T09:22:10.912+0000][1][safepoint    ] Total time for which application threads were stopped: 0.0000602 seconds, Stopping threads took: 0.0000376 seconds
[2019-06-24T09:22:10.912+0000][1][safepoint    ] Application time: 0.0000345 seconds
[2019-06-24T09:22:10.912+0000][1][safepoint    ] Entering safepoint region: RevokeBias
[2019-06-24T09:22:10.912+0000][1][safepoint    ] Leaving safepoint region
[2019-06-24T09:22:10.912+0000][1][safepoint    ] Total time for which application threads were stopped: 0.0000378 seconds, Stopping threads took: 0.0000073 seconds
[2019-06-24T09:22:10.912+0000][1][safepoint    ] Application time: 0.0002811 seconds
[2019-06-24T09:22:10.912+0000][1][safepoint    ] Entering safepoint region: RevokeBias
[2019-06-24T09:22:10.912+0000][1][safepoint    ] Leaving safepoint region
[2019-06-24T09:22:10.912+0000][1][safepoint    ] Total time for which application threads were stopped: 0.0000402 seconds, Stopping threads took: 0.0000103 seconds
[2019-06-24T09:22:10.912+0000][1][safepoint    ] Application time: 0.0000422 seconds
[2019-06-24T09:22:10.912+0000][1][safepoint    ] Entering safepoint region: RevokeBias
[2019-06-24T09:22:10.912+0000][1][safepoint    ] Leaving safepoint region
[2019-06-24T09:22:10.912+0000][1][safepoint    ] Total time for which application threads were stopped: 0.0000578 seconds, Stopping threads took: 0.0000314 seconds
[2019-06-24T09:22:10.913+0000][1][safepoint    ] Application time: 0.0000710 seconds
[2019-06-24T09:22:10.913+0000][1][safepoint    ] Entering safepoint region: RevokeBias
[2019-06-24T09:22:10.913+0000][1][safepoint    ] Leaving safepoint region
[2019-06-24T09:22:10.913+0000][1][safepoint    ] Total time for which application threads were stopped: 0.0000546 seconds, Stopping threads took: 0.0000277 seconds
[2019-06-24T09:22:10.913+0000][1][safepoint    ] Application time: 0.0000350 seconds
[2019-06-24T09:22:10.913+0000][1][safepoint    ] Entering safepoint region: RevokeBias
[2019-06-24T09:22:10.913+0000][1][safepoint    ] Leaving safepoint region
[2019-06-24T09:22:10.913+0000][1][safepoint    ] Total time for which application threads were stopped: 0.0000764 seconds, Stopping threads took: 0.0000470 seconds
[2019-06-24T09:22:10.913+0000][1][safepoint    ] Application time: 0.0000498 seconds
[2019-06-24T09:22:10.913+0000][1][safepoint    ] Entering safepoint region: RevokeBias
[2019-06-24T09:22:10.913+0000][1][safepoint    ] Leaving safepoint region
[2019-06-24T09:22:10.913+0000][1][safepoint    ] Total time for which application threads were stopped: 0.0000872 seconds, Stopping threads took: 0.0000414 seconds
[2019-06-24T09:22:10.913+0000][1][safepoint    ] Application time: 0.0000366 seconds
[2019-06-24T09:22:10.913+0000][1][safepoint    ] Entering safepoint region: RevokeBias
[2019-06-24T09:22:10.913+0000][1][safepoint    ] Leaving safepoint region
[2019-06-24T09:22:10.913+0000][1][safepoint    ] Total time for which application threads were stopped: 0.0000654 seconds, Stopping threads took: 0.0000322 seconds
[2019-06-24T09:22:10.913+0000][1][safepoint    ] Application time: 0.0000399 seconds
[2019-06-24T09:22:10.913+0000][1][safepoint    ] Entering safepoint region: RevokeBias
[2019-06-24T09:22:10.913+0000][1][safepoint    ] Leaving safepoint region
[2019-06-24T09:22:10.913+0000][1][safepoint    ] Total time for which application threads were stopped: 0.0000800 seconds, Stopping threads took: 0.0000461 seconds
[2019-06-24T09:22:10.913+0000][1][safepoint    ] Application time: 0.0000357 seconds
[2019-06-24T09:22:10.913+0000][1][safepoint    ] Entering safepoint region: RevokeBias
[2019-06-24T09:22:10.913+0000][1][safepoint    ] Leaving safepoint region
[2019-06-24T09:22:10.913+0000][1][safepoint    ] Total time for which application threads were stopped: 0.0000520 seconds, Stopping threads took: 0.0000267 seconds
[2019-06-24T09:22:11.123+0000][1][safepoint    ] Application time: 0.2097971 seconds
[2019-06-24T09:22:11.123+0000][1][safepoint    ] Entering safepoint region: Deoptimize
[2019-06-24T09:22:11.123+0000][1][safepoint    ] Leaving safepoint region
[2019-06-24T09:22:11.123+0000][1][safepoint    ] Total time for which application threads were stopped: 0.0003769 seconds, Stopping threads took: 0.0000164 seconds
[2019-06-24T09:22:11.224+0000][1][safepoint    ] Application time: 0.1001264 seconds
[2019-06-24T09:22:11.224+0000][1][safepoint    ] Entering safepoint region: RevokeBias
[2019-06-24T09:22:11.224+0000][1][safepoint    ] Leaving safepoint region
[2019-06-24T09:22:11.224+0000][1][safepoint    ] Total time for which application threads were stopped: 0.0001051 seconds, Stopping threads took: 0.0000133 seconds
[2019-06-24T09:22:11.337+0000][1][safepoint    ] Application time: 0.1133465 seconds
[2019-06-24T09:22:11.337+0000][1][safepoint    ] Entering safepoint region: RevokeBias
[2019-06-24T09:22:11.337+0000][1][safepoint    ] Leaving safepoint region
[2019-06-24T09:22:11.337+0000][1][safepoint    ] Total time for which application threads were stopped: 0.0000994 seconds, Stopping threads took: 0.0000147 seconds
[2019-06-24T09:22:11.343+0000][1][safepoint    ] Application time: 0.0052922 seconds
[2019-06-24T09:22:11.343+0000][1][safepoint    ] Entering safepoint region: RevokeBias
[2019-06-24T09:22:11.343+0000][1][safepoint    ] Leaving safepoint region
[2019-06-24T09:22:11.343+0000][1][safepoint    ] Total time for which application threads were stopped: 0.0000892 seconds, Stopping threads took: 0.0000122 seconds
[2019-06-24T09:22:11.346+0000][1][safepoint    ] Application time: 0.0037538 seconds
[2019-06-24T09:22:11.346+0000][1][safepoint    ] Entering safepoint region: RevokeBias
[2019-06-24T09:22:11.347+0000][1][safepoint    ] Leaving safepoint region
[2019-06-24T09:22:11.347+0000][1][safepoint    ] Total time for which application threads were stopped: 0.0001067 seconds, Stopping threads took: 0.0000122 seconds
[2019-06-24T09:22:11.377+0000][1][safepoint    ] Application time: 0.0307939 seconds
[2019-06-24T09:22:11.377+0000][1][safepoint    ] Entering safepoint region: GenCollectForAllocation
[2019-06-24T09:22:11.377+0000][1][gc,start     ] GC(1) Pause Young (Allocation Failure)
[2019-06-24T09:22:11.377+0000][1][gc,task      ] GC(1) Using 5 workers of 8 for evacuation
[2019-06-24T09:22:11.389+0000][1][gc,age       ] GC(1) Desired survivor size 4456448 bytes, new threshold 6 (max threshold 6)
[2019-06-24T09:22:11.389+0000][1][gc,age       ] GC(1) Age table with threshold 6 (max threshold 6)
[2019-06-24T09:22:11.389+0000][1][gc,age       ] GC(1) - age   1:    2146384 bytes,    2146384 total
[2019-06-24T09:22:11.389+0000][1][gc,heap      ] GC(1) ParNew: 77892K->5255K(78656K)
[2019-06-24T09:22:11.389+0000][1][gc,heap      ] GC(1) CMS: 0K->6661K(174784K)
[2019-06-24T09:22:11.389+0000][1][gc,metaspace ] GC(1) Metaspace: 14769K->14769K(1062912K)
[2019-06-24T09:22:11.389+0000][1][gc           ] GC(1) Pause Young (Allocation Failure) 76M->11M(247M) 11.485ms
[2019-06-24T09:22:11.389+0000][1][gc,cpu       ] GC(1) User=0.06s Sys=0.00s Real=0.01s
[2019-06-24T09:22:11.389+0000][1][safepoint    ] Leaving safepoint region
[2019-06-24T09:22:11.389+0000][1][safepoint    ] Total time for which application threads were stopped: 0.0115873 seconds, Stopping threads took: 0.0000109 seconds
[2019-06-24T09:22:11.389+0000][1][safepoint    ] Application time: 0.0002365 seconds
[2019-06-24T09:22:11.389+0000][1][safepoint    ] Entering safepoint region: BulkRevokeBias
[2019-06-24T09:22:11.389+0000][1][safepoint    ] Leaving safepoint region
[2019-06-24T09:22:11.389+0000][1][safepoint    ] Total time for which application threads were stopped: 0.0001132 seconds, Stopping threads took: 0.0000400 seconds
[2019-06-24T09:22:11.390+0000][1][safepoint    ] Application time: 0.0001685 seconds
[2019-06-24T09:22:11.390+0000][1][safepoint    ] Entering safepoint region: RevokeBias
[2019-06-24T09:22:11.390+0000][1][safepoint    ] Leaving safepoint region
[2019-06-24T09:22:11.390+0000][1][safepoint    ] Total time for which application threads were stopped: 0.0000652 seconds, Stopping threads took: 0.0000303 seconds
[2019-06-24T09:22:11.390+0000][1][safepoint    ] Application time: 0.0001568 seconds
[2019-06-24T09:22:11.390+0000][1][safepoint    ] Entering safepoint region: RevokeBias
[2019-06-24T09:22:11.390+0000][1][safepoint    ] Leaving safepoint region
[2019-06-24T09:22:11.390+0000][1][safepoint    ] Total time for which application threads were stopped: 0.0000593 seconds, Stopping threads took: 0.0000293 seconds
[2019-06-24T09:22:11.390+0000][1][safepoint    ] Application time: 0.0001279 seconds
[2019-06-24T09:22:11.390+0000][1][safepoint    ] Entering safepoint region: RevokeBias
[2019-06-24T09:22:11.390+0000][1][safepoint    ] Leaving safepoint region
[2019-06-24T09:22:11.390+0000][1][safepoint    ] Total time for which application threads were stopped: 0.0000593 seconds, Stopping threads took: 0.0000301 seconds
[2019-06-24T09:22:11.390+0000][1][safepoint    ] Application time: 0.0001341 seconds
[2019-06-24T09:22:11.390+0000][1][safepoint    ] Entering safepoint region: RevokeBias
[2019-06-24T09:22:11.390+0000][1][safepoint    ] Leaving safepoint region
[2019-06-24T09:22:11.390+0000][1][safepoint    ] Total time for which application threads were stopped: 0.0000595 seconds, Stopping threads took: 0.0000296 seconds
[2019-06-24T09:22:11.390+0000][1][safepoint    ] Application time: 0.0001032 seconds
[2019-06-24T09:22:11.390+0000][1][safepoint    ] Entering safepoint region: RevokeBias
[2019-06-24T09:22:11.390+0000][1][safepoint    ] Leaving safepoint region
[2019-06-24T09:22:11.390+0000][1][safepoint    ] Total time for which application threads were stopped: 0.0000505 seconds, Stopping threads took: 0.0000282 seconds
[2019-06-24T09:22:11.391+0000][1][safepoint    ] Application time: 0.0000823 seconds
[2019-06-24T09:22:11.391+0000][1][safepoint    ] Entering safepoint region: RevokeBias
[2019-06-24T09:22:11.391+0000][1][safepoint    ] Leaving safepoint region
[2019-06-24T09:22:11.391+0000][1][safepoint    ] Total time for which application threads were stopped: 0.0000498 seconds, Stopping threads took: 0.0000280 seconds
[2019-06-24T09:22:11.391+0000][1][safepoint    ] Application time: 0.0000873 seconds
[2019-06-24T09:22:11.391+0000][1][safepoint    ] Entering safepoint region: RevokeBias
[2019-06-24T09:22:11.391+0000][1][safepoint    ] Leaving safepoint region
[2019-06-24T09:22:11.391+0000][1][safepoint    ] Total time for which application threads were stopped: 0.0000477 seconds, Stopping threads took: 0.0000272 seconds
[2019-06-24T09:22:11.391+0000][1][safepoint    ] Application time: 0.0000901 seconds
[2019-06-24T09:22:11.391+0000][1][safepoint    ] Entering safepoint region: RevokeBias
[2019-06-24T09:22:11.391+0000][1][safepoint    ] Leaving safepoint region
[2019-06-24T09:22:11.391+0000][1][safepoint    ] Total time for which application threads were stopped: 0.0000739 seconds, Stopping threads took: 0.0000431 seconds
[2019-06-24T09:22:11.391+0000][1][safepoint    ] Application time: 0.0000309 seconds
[2019-06-24T09:22:11.391+0000][1][safepoint    ] Entering safepoint region: RevokeBias
[2019-06-24T09:22:11.391+0000][1][safepoint    ] Leaving safepoint region
[2019-06-24T09:22:11.391+0000][1][safepoint    ] Total time for which application threads were stopped: 0.0000511 seconds, Stopping threads took: 0.0000273 seconds
[2019-06-24T09:22:11.391+0000][1][safepoint    ] Application time: 0.0000313 seconds
[2019-06-24T09:22:11.391+0000][1][safepoint    ] Entering safepoint region: BulkRevokeBias
[2019-06-24T09:22:11.391+0000][1][safepoint    ] Leaving safepoint region
[2019-06-24T09:22:11.391+0000][1][safepoint    ] Total time for which application threads were stopped: 0.0000687 seconds, Stopping threads took: 0.0000271 seconds
[2019-06-24T09:22:11.391+0000][1][safepoint    ] Application time: 0.0000289 seconds
[2019-06-24T09:22:11.391+0000][1][safepoint    ] Entering safepoint region: RevokeBias
[2019-06-24T09:22:11.391+0000][1][safepoint    ] Leaving safepoint region
[2019-06-24T09:22:11.391+0000][1][safepoint    ] Total time for which application threads were stopped: 0.0000541 seconds, Stopping threads took: 0.0000299 seconds
[2019-06-24T09:22:11.391+0000][1][safepoint    ] Application time: 0.0000305 seconds
[2019-06-24T09:22:11.391+0000][1][safepoint    ] Entering safepoint region: BulkRevokeBias
[2019-06-24T09:22:11.391+0000][1][safepoint    ] Leaving safepoint region
[2019-06-24T09:22:11.391+0000][1][safepoint    ] Total time for which application threads were stopped: 0.0000636 seconds, Stopping threads took: 0.0000269 seconds
[2019-06-24T09:22:11.499+0000][1][safepoint    ] Application time: 0.1077352 seconds
[2019-06-24T09:22:11.499+0000][1][safepoint    ] Entering safepoint region: GenCollectForAllocation
[2019-06-24T09:22:11.499+0000][1][gc,start     ] GC(2) Pause Young (Allocation Failure)
[2019-06-24T09:22:11.499+0000][1][gc,task      ] GC(2) Using 5 workers of 8 for evacuation
[2019-06-24T09:22:11.503+0000][1][gc,age       ] GC(2) Desired survivor size 4456448 bytes, new threshold 6 (max threshold 6)
[2019-06-24T09:22:11.503+0000][1][gc,age       ] GC(2) Age table with threshold 6 (max threshold 6)
[2019-06-24T09:22:11.503+0000][1][gc,age       ] GC(2) - age   1:    2775000 bytes,    2775000 total
[2019-06-24T09:22:11.503+0000][1][gc,age       ] GC(2) - age   2:    1207288 bytes,    3982288 total
[2019-06-24T09:22:11.503+0000][1][gc,heap      ] GC(2) ParNew: 75207K->4410K(78656K)
[2019-06-24T09:22:11.503+0000][1][gc,heap      ] GC(2) CMS: 6661K->6661K(174784K)
[2019-06-24T09:22:11.503+0000][1][gc,metaspace ] GC(2) Metaspace: 14908K->14908K(1062912K)
[2019-06-24T09:22:11.503+0000][1][gc           ] GC(2) Pause Young (Allocation Failure) 79M->10M(247M) 3.436ms
[2019-06-24T09:22:11.503+0000][1][gc,cpu       ] GC(2) User=0.02s Sys=0.00s Real=0.01s
[2019-06-24T09:22:11.503+0000][1][safepoint    ] Leaving safepoint region
[2019-06-24T09:22:11.503+0000][1][safepoint    ] Total time for which application threads were stopped: 0.0036770 seconds, Stopping threads took: 0.0000428 seconds
[2019-06-24T09:22:11.503+0000][1][safepoint    ] Application time: 0.0001268 seconds
[2019-06-24T09:22:11.503+0000][1][safepoint    ] Entering safepoint region: RevokeBias
[2019-06-24T09:22:11.503+0000][1][safepoint    ] Leaving safepoint region
[2019-06-24T09:22:11.503+0000][1][safepoint    ] Total time for which application threads were stopped: 0.0001016 seconds, Stopping threads took: 0.0000578 seconds
[2019-06-24T09:22:11.503+0000][1][safepoint    ] Application time: 0.0000382 seconds
[2019-06-24T09:22:11.503+0000][1][safepoint    ] Entering safepoint region: RevokeBias
[2019-06-24T09:22:11.503+0000][1][safepoint    ] Leaving safepoint region
[2019-06-24T09:22:11.503+0000][1][safepoint    ] Total time for which application threads were stopped: 0.0001454 seconds, Stopping threads took: 0.0001095 seconds
[2019-06-24T09:22:11.503+0000][1][safepoint    ] Application time: 0.0000895 seconds
[2019-06-24T09:22:11.503+0000][1][safepoint    ] Entering safepoint region: RevokeBias
[2019-06-24T09:22:11.503+0000][1][safepoint    ] Leaving safepoint region
[2019-06-24T09:22:11.503+0000][1][safepoint    ] Total time for which application threads were stopped: 0.0000604 seconds, Stopping threads took: 0.0000332 seconds
[2019-06-24T09:22:11.503+0000][1][safepoint    ] Application time: 0.0000370 seconds
[2019-06-24T09:22:11.503+0000][1][safepoint    ] Entering safepoint region: RevokeBias
[2019-06-24T09:22:11.503+0000][1][safepoint    ] Leaving safepoint region
[2019-06-24T09:22:11.503+0000][1][safepoint    ] Total time for which application threads were stopped: 0.0000290 seconds, Stopping threads took: 0.0000061 seconds
[2019-06-24T09:22:11.504+0000][1][safepoint    ] Application time: 0.0000830 seconds
[2019-06-24T09:22:11.504+0000][1][safepoint    ] Entering safepoint region: RevokeBias
[2019-06-24T09:22:11.504+0000][1][safepoint    ] Leaving safepoint region
[2019-06-24T09:22:11.504+0000][1][safepoint    ] Total time for which application threads were stopped: 0.0000845 seconds, Stopping threads took: 0.0000385 seconds
[2019-06-24T09:22:11.504+0000][1][safepoint    ] Application time: 0.0000722 seconds
[2019-06-24T09:22:11.504+0000][1][safepoint    ] Entering safepoint region: RevokeBias
[2019-06-24T09:22:11.504+0000][1][safepoint    ] Leaving safepoint region
[2019-06-24T09:22:11.504+0000][1][safepoint    ] Total time for which application threads were stopped: 0.0000798 seconds, Stopping threads took: 0.0000355 seconds
[2019-06-24T09:22:11.630+0000][1][safepoint    ] Application time: 0.1256696 seconds
[2019-06-24T09:22:11.630+0000][1][safepoint    ] Entering safepoint region: Deoptimize
[2019-06-24T09:22:11.630+0000][1][safepoint    ] Leaving safepoint region
[2019-06-24T09:22:11.630+0000][1][safepoint    ] Total time for which application threads were stopped: 0.0003362 seconds, Stopping threads took: 0.0000135 seconds
[2019-06-24T09:22:11.630+0000][1][safepoint    ] Application time: 0.0004669 seconds
[2019-06-24T09:22:11.630+0000][1][safepoint    ] Entering safepoint region: Deoptimize
[2019-06-24T09:22:11.631+0000][1][safepoint    ] Leaving safepoint region
[2019-06-24T09:22:11.631+0000][1][safepoint    ] Total time for which application threads were stopped: 0.0002703 seconds, Stopping threads took: 0.0000097 seconds
[2019-06-24T09:22:11.779+0000][1][safepoint    ] Application time: 0.1484989 seconds
[2019-06-24T09:22:11.779+0000][1][safepoint    ] Entering safepoint region: RevokeBias
[2019-06-24T09:22:11.779+0000][1][safepoint    ] Leaving safepoint region
[2019-06-24T09:22:11.779+0000][1][safepoint    ] Total time for which application threads were stopped: 0.0001156 seconds, Stopping threads took: 0.0000120 seconds
[2019-06-24T09:22:11.809+0000][1][safepoint    ] Application time: 0.0298124 seconds
[2019-06-24T09:22:11.809+0000][1][safepoint    ] Entering safepoint region: GenCollectForAllocation
[2019-06-24T09:22:11.809+0000][1][gc,start     ] GC(3) Pause Young (Allocation Failure)
[2019-06-24T09:22:11.809+0000][1][gc,task      ] GC(3) Using 5 workers of 8 for evacuation
[2019-06-24T09:22:11.813+0000][1][gc,age       ] GC(3) Desired survivor size 4456448 bytes, new threshold 3 (max threshold 6)
[2019-06-24T09:22:11.813+0000][1][gc,age       ] GC(3) Age table with threshold 3 (max threshold 6)
[2019-06-24T09:22:11.813+0000][1][gc,age       ] GC(3) - age   1:    3827472 bytes,    3827472 total
[2019-06-24T09:22:11.813+0000][1][gc,age       ] GC(3) - age   2:     318968 bytes,    4146440 total
[2019-06-24T09:22:11.813+0000][1][gc,age       ] GC(3) - age   3:    1204168 bytes,    5350608 total
[2019-06-24T09:22:11.813+0000][1][gc,heap      ] GC(3) ParNew: 74362K->6918K(78656K)
[2019-06-24T09:22:11.813+0000][1][gc,heap      ] GC(3) CMS: 6661K->6661K(174784K)
[2019-06-24T09:22:11.813+0000][1][gc,metaspace ] GC(3) Metaspace: 18351K->18351K(1067008K)
[2019-06-24T09:22:11.813+0000][1][gc           ] GC(3) Pause Young (Allocation Failure) 79M->13M(247M) 3.858ms
[2019-06-24T09:22:11.813+0000][1][gc,cpu       ] GC(3) User=0.03s Sys=0.00s Real=0.00s
[2019-06-24T09:22:11.813+0000][1][safepoint    ] Leaving safepoint region
[2019-06-24T09:22:11.813+0000][1][safepoint    ] Total time for which application threads were stopped: 0.0039841 seconds, Stopping threads took: 0.0000145 seconds
[2019-06-24T09:22:11.813+0000][1][safepoint    ] Application time: 0.0001786 seconds
[2019-06-24T09:22:11.814+0000][1][safepoint    ] Entering safepoint region: RevokeBias
[2019-06-24T09:22:11.814+0000][1][safepoint    ] Leaving safepoint region
[2019-06-24T09:22:11.814+0000][1][safepoint    ] Total time for which application threads were stopped: 0.0002225 seconds, Stopping threads took: 0.0001719 seconds
[2019-06-24T09:22:11.814+0000][1][safepoint    ] Application time: 0.0000880 seconds
[2019-06-24T09:22:11.814+0000][1][safepoint    ] Entering safepoint region: RevokeBias
[2019-06-24T09:22:11.814+0000][1][safepoint    ] Leaving safepoint region
[2019-06-24T09:22:11.814+0000][1][safepoint    ] Total time for which application threads were stopped: 0.0000491 seconds, Stopping threads took: 0.0000092 seconds
[2019-06-24T09:22:11.814+0000][1][safepoint    ] Application time: 0.0000531 seconds
[2019-06-24T09:22:11.814+0000][1][safepoint    ] Entering safepoint region: RevokeBias
[2019-06-24T09:22:11.814+0000][1][safepoint    ] Leaving safepoint region
[2019-06-24T09:22:11.814+0000][1][safepoint    ] Total time for which application threads were stopped: 0.0001951 seconds, Stopping threads took: 0.0001507 seconds
[2019-06-24T09:22:11.814+0000][1][safepoint    ] Application time: 0.0000428 seconds
[2019-06-24T09:22:11.814+0000][1][safepoint    ] Entering safepoint region: RevokeBias
[2019-06-24T09:22:11.814+0000][1][safepoint    ] Leaving safepoint region
[2019-06-24T09:22:11.814+0000][1][safepoint    ] Total time for which application threads were stopped: 0.0000732 seconds, Stopping threads took: 0.0000400 seconds
[2019-06-24T09:22:11.814+0000][1][safepoint    ] Application time: 0.0000487 seconds
[2019-06-24T09:22:11.814+0000][1][safepoint    ] Entering safepoint region: RevokeBias
[2019-06-24T09:22:11.814+0000][1][safepoint    ] Leaving safepoint region
[2019-06-24T09:22:11.814+0000][1][safepoint    ] Total time for which application threads were stopped: 0.0000830 seconds, Stopping threads took: 0.0000352 seconds
[2019-06-24T09:22:11.814+0000][1][safepoint    ] Application time: 0.0000431 seconds
[2019-06-24T09:22:11.814+0000][1][safepoint    ] Entering safepoint region: RevokeBias
[2019-06-24T09:22:11.814+0000][1][safepoint    ] Leaving safepoint region
[2019-06-24T09:22:11.814+0000][1][safepoint    ] Total time for which application threads were stopped: 0.0001277 seconds, Stopping threads took: 0.0000486 seconds
[2019-06-24T09:22:11.815+0000][1][safepoint    ] Application time: 0.0000449 seconds
[2019-06-24T09:22:11.815+0000][1][safepoint    ] Entering safepoint region: RevokeBias
[2019-06-24T09:22:11.815+0000][1][safepoint    ] Leaving safepoint region
[2019-06-24T09:22:11.815+0000][1][safepoint    ] Total time for which application threads were stopped: 0.0000532 seconds, Stopping threads took: 0.0000071 seconds
[2019-06-24T09:22:11.815+0000][1][safepoint    ] Application time: 0.0000391 seconds
[2019-06-24T09:22:11.815+0000][1][safepoint    ] Entering safepoint region: RevokeBias
[2019-06-24T09:22:11.815+0000][1][safepoint    ] Leaving safepoint region
[2019-06-24T09:22:11.815+0000][1][safepoint    ] Total time for which application threads were stopped: 0.0000510 seconds, Stopping threads took: 0.0000070 seconds
[2019-06-24T09:22:11.815+0000][1][safepoint    ] Application time: 0.0000383 seconds
[2019-06-24T09:22:11.815+0000][1][safepoint    ] Entering safepoint region: RevokeBias
[2019-06-24T09:22:11.815+0000][1][safepoint    ] Leaving safepoint region
[2019-06-24T09:22:11.815+0000][1][safepoint    ] Total time for which application threads were stopped: 0.0000606 seconds, Stopping threads took: 0.0000154 seconds
[2019-06-24T09:22:11.815+0000][1][safepoint    ] Application time: 0.0000361 seconds
[2019-06-24T09:22:11.815+0000][1][safepoint    ] Entering safepoint region: RevokeBias
[2019-06-24T09:22:11.815+0000][1][safepoint    ] Leaving safepoint region
[2019-06-24T09:22:11.815+0000][1][safepoint    ] Total time for which application threads were stopped: 0.0000695 seconds, Stopping threads took: 0.0000259 seconds
[2019-06-24T09:22:11.815+0000][1][safepoint    ] Application time: 0.0000404 seconds
[2019-06-24T09:22:11.815+0000][1][safepoint    ] Entering safepoint region: RevokeBias
[2019-06-24T09:22:11.815+0000][1][safepoint    ] Leaving safepoint region
[2019-06-24T09:22:11.815+0000][1][safepoint    ] Total time for which application threads were stopped: 0.0001033 seconds, Stopping threads took: 0.0000587 seconds
[2019-06-24T09:22:11.815+0000][1][safepoint    ] Application time: 0.0000382 seconds
[2019-06-24T09:22:11.815+0000][1][safepoint    ] Entering safepoint region: RevokeBias
[2019-06-24T09:22:11.815+0000][1][safepoint    ] Leaving safepoint region
[2019-06-24T09:22:11.815+0000][1][safepoint    ] Total time for which application threads were stopped: 0.0001231 seconds, Stopping threads took: 0.0000745 seconds
[2019-06-24T09:22:11.815+0000][1][safepoint    ] Application time: 0.0000452 seconds
[2019-06-24T09:22:11.815+0000][1][safepoint    ] Entering safepoint region: RevokeBias
[2019-06-24T09:22:11.815+0000][1][safepoint    ] Leaving safepoint region
[2019-06-24T09:22:11.815+0000][1][safepoint    ] Total time for which application threads were stopped: 0.0001080 seconds, Stopping threads took: 0.0000612 seconds
[2019-06-24T09:22:11.815+0000][1][safepoint    ] Application time: 0.0000371 seconds
[2019-06-24T09:22:11.816+0000][1][safepoint    ] Entering safepoint region: RevokeBias
[2019-06-24T09:22:11.816+0000][1][safepoint    ] Leaving safepoint region
[2019-06-24T09:22:11.816+0000][1][safepoint    ] Total time for which application threads were stopped: 0.0001634 seconds, Stopping threads took: 0.0000324 seconds
[2019-06-24T09:22:11.816+0000][1][safepoint    ] Application time: 0.0001769 seconds
[2019-06-24T09:22:11.816+0000][1][safepoint    ] Entering safepoint region: RevokeBias
[2019-06-24T09:22:11.816+0000][1][safepoint    ] Leaving safepoint region
[2019-06-24T09:22:11.816+0000][1][safepoint    ] Total time for which application threads were stopped: 0.0001575 seconds, Stopping threads took: 0.0001211 seconds
[2019-06-24T09:22:11.816+0000][1][safepoint    ] Application time: 0.0000381 seconds
[2019-06-24T09:22:11.816+0000][1][safepoint    ] Entering safepoint region: RevokeBias
[2019-06-24T09:22:11.816+0000][1][safepoint    ] Leaving safepoint region
[2019-06-24T09:22:11.816+0000][1][safepoint    ] Total time for which application threads were stopped: 0.0000346 seconds, Stopping threads took: 0.0000071 seconds
[2019-06-24T09:22:11.816+0000][1][safepoint    ] Application time: 0.0000412 seconds
[2019-06-24T09:22:11.816+0000][1][safepoint    ] Entering safepoint region: RevokeBias
[2019-06-24T09:22:11.816+0000][1][safepoint    ] Leaving safepoint region
[2019-06-24T09:22:11.816+0000][1][safepoint    ] Total time for which application threads were stopped: 0.0001123 seconds, Stopping threads took: 0.0000831 seconds
[2019-06-24T09:22:11.816+0000][1][safepoint    ] Application time: 0.0000414 seconds
[2019-06-24T09:22:11.816+0000][1][safepoint    ] Entering safepoint region: RevokeBias
[2019-06-24T09:22:11.816+0000][1][safepoint    ] Leaving safepoint region
[2019-06-24T09:22:11.816+0000][1][safepoint    ] Total time for which application threads were stopped: 0.0000329 seconds, Stopping threads took: 0.0000070 seconds
[2019-06-24T09:22:11.816+0000][1][safepoint    ] Application time: 0.0000379 seconds
[2019-06-24T09:22:11.816+0000][1][safepoint    ] Entering safepoint region: RevokeBias
[2019-06-24T09:22:11.816+0000][1][safepoint    ] Leaving safepoint region
[2019-06-24T09:22:11.816+0000][1][safepoint    ] Total time for which application threads were stopped: 0.0000396 seconds, Stopping threads took: 0.0000141 seconds
[2019-06-24T09:22:11.817+0000][1][safepoint    ] Application time: 0.0000418 seconds
[2019-06-24T09:22:11.817+0000][1][safepoint    ] Entering safepoint region: RevokeBias
[2019-06-24T09:22:11.817+0000][1][safepoint    ] Leaving safepoint region
[2019-06-24T09:22:11.817+0000][1][safepoint    ] Total time for which application threads were stopped: 0.0000504 seconds, Stopping threads took: 0.0000244 seconds
[2019-06-24T09:22:11.817+0000][1][safepoint    ] Application time: 0.0000380 seconds
[2019-06-24T09:22:11.817+0000][1][safepoint    ] Entering safepoint region: RevokeBias
[2019-06-24T09:22:11.817+0000][1][safepoint    ] Leaving safepoint region
[2019-06-24T09:22:11.817+0000][1][safepoint    ] Total time for which application threads were stopped: 0.0000319 seconds, Stopping threads took: 0.0000069 seconds
[2019-06-24T09:22:11.904+0000][1][safepoint    ] Application time: 0.0877969 seconds
[2019-06-24T09:22:11.905+0000][1][safepoint    ] Entering safepoint region: GenCollectForAllocation
[2019-06-24T09:22:11.905+0000][1][gc,start     ] GC(4) Pause Young (Allocation Failure)
[2019-06-24T09:22:11.905+0000][1][gc,task      ] GC(4) Using 5 workers of 8 for evacuation
[2019-06-24T09:22:11.909+0000][1][gc,age       ] GC(4) Desired survivor size 4456448 bytes, new threshold 2 (max threshold 6)
[2019-06-24T09:22:11.909+0000][1][gc,age       ] GC(4) Age table with threshold 2 (max threshold 6)
[2019-06-24T09:22:11.909+0000][1][gc,age       ] GC(4) - age   1:    1798360 bytes,    1798360 total
[2019-06-24T09:22:11.909+0000][1][gc,age       ] GC(4) - age   2:    3304688 bytes,    5103048 total
[2019-06-24T09:22:11.909+0000][1][gc,age       ] GC(4) - age   3:     318440 bytes,    5421488 total
[2019-06-24T09:22:11.909+0000][1][gc,heap      ] GC(4) ParNew: 76870K->7420K(78656K)
[2019-06-24T09:22:11.909+0000][1][gc,heap      ] GC(4) CMS: 6661K->7854K(174784K)
[2019-06-24T09:22:11.909+0000][1][gc,metaspace ] GC(4) Metaspace: 18558K->18558K(1067008K)
[2019-06-24T09:22:11.909+0000][1][gc           ] GC(4) Pause Young (Allocation Failure) 81M->14M(247M) 4.714ms
[2019-06-24T09:22:11.909+0000][1][gc,cpu       ] GC(4) User=0.04s Sys=0.00s Real=0.00s
[2019-06-24T09:22:11.909+0000][1][safepoint    ] Leaving safepoint region
[2019-06-24T09:22:11.909+0000][1][safepoint    ] Total time for which application threads were stopped: 0.0048427 seconds, Stopping threads took: 0.0000128 seconds
[2019-06-24T09:22:11.909+0000][1][safepoint    ] Application time: 0.0001004 seconds
[2019-06-24T09:22:11.910+0000][1][safepoint    ] Entering safepoint region: RevokeBias
[2019-06-24T09:22:11.910+0000][1][safepoint    ] Leaving safepoint region
[2019-06-24T09:22:11.910+0000][1][safepoint    ] Total time for which application threads were stopped: 0.0000912 seconds, Stopping threads took: 0.0000482 seconds
[2019-06-24T09:22:11.910+0000][1][safepoint    ] Application time: 0.0000416 seconds
[2019-06-24T09:22:11.910+0000][1][safepoint    ] Entering safepoint region: RevokeBias
[2019-06-24T09:22:11.910+0000][1][safepoint    ] Leaving safepoint region
[2019-06-24T09:22:11.910+0000][1][safepoint    ] Total time for which application threads were stopped: 0.0000572 seconds, Stopping threads took: 0.0000269 seconds
[2019-06-24T09:22:11.910+0000][1][safepoint    ] Application time: 0.0000533 seconds
[2019-06-24T09:22:11.910+0000][1][safepoint    ] Entering safepoint region: RevokeBias
[2019-06-24T09:22:11.910+0000][1][safepoint    ] Leaving safepoint region
[2019-06-24T09:22:11.910+0000][1][safepoint    ] Total time for which application threads were stopped: 0.0000529 seconds, Stopping threads took: 0.0000263 seconds
[2019-06-24T09:22:11.910+0000][1][safepoint    ] Application time: 0.0000524 seconds
[2019-06-24T09:22:11.910+0000][1][safepoint    ] Entering safepoint region: RevokeBias
[2019-06-24T09:22:11.910+0000][1][safepoint    ] Leaving safepoint region
[2019-06-24T09:22:11.910+0000][1][safepoint    ] Total time for which application threads were stopped: 0.0000639 seconds, Stopping threads took: 0.0000191 seconds
[2019-06-24T09:22:11.929+0000][1][safepoint    ] Application time: 0.0192937 seconds
[2019-06-24T09:22:11.929+0000][1][safepoint    ] Entering safepoint region: Deoptimize
[2019-06-24T09:22:11.929+0000][1][safepoint    ] Leaving safepoint region
[2019-06-24T09:22:11.930+0000][1][safepoint    ] Total time for which application threads were stopped: 0.0002457 seconds, Stopping threads took: 0.0000344 seconds
[2019-06-24T09:22:11.968+0000][1][safepoint    ] Application time: 0.0382660 seconds
[2019-06-24T09:22:11.968+0000][1][safepoint    ] Entering safepoint region: Deoptimize
[2019-06-24T09:22:11.968+0000][1][safepoint    ] Leaving safepoint region
[2019-06-24T09:22:11.968+0000][1][safepoint    ] Total time for which application threads were stopped: 0.0002701 seconds, Stopping threads took: 0.0000142 seconds
[2019-06-24T09:22:12.066+0000][1][safepoint    ] Application time: 0.0977695 seconds
[2019-06-24T09:22:12.066+0000][1][safepoint    ] Entering safepoint region: GenCollectForAllocation
[2019-06-24T09:22:12.066+0000][1][gc,start     ] GC(5) Pause Young (Allocation Failure)
[2019-06-24T09:22:12.066+0000][1][gc,task      ] GC(5) Using 5 workers of 8 for evacuation
[2019-06-24T09:22:12.071+0000][1][gc,age       ] GC(5) Desired survivor size 4456448 bytes, new threshold 6 (max threshold 6)
[2019-06-24T09:22:12.071+0000][1][gc,age       ] GC(5) Age table with threshold 6 (max threshold 6)
[2019-06-24T09:22:12.071+0000][1][gc,age       ] GC(5) - age   1:    2857712 bytes,    2857712 total
[2019-06-24T09:22:12.071+0000][1][gc,age       ] GC(5) - age   2:     446192 bytes,    3303904 total
[2019-06-24T09:22:12.071+0000][1][gc,heap      ] GC(5) ParNew: 77372K->6156K(78656K)
[2019-06-24T09:22:12.071+0000][1][gc,heap      ] GC(5) CMS: 7854K->11424K(174784K)
[2019-06-24T09:22:12.071+0000][1][gc,metaspace ] GC(5) Metaspace: 18914K->18914K(1067008K)
[2019-06-24T09:22:12.071+0000][1][gc           ] GC(5) Pause Young (Allocation Failure) 83M->17M(247M) 4.866ms
[2019-06-24T09:22:12.071+0000][1][gc,cpu       ] GC(5) User=0.04s Sys=0.00s Real=0.00s
[2019-06-24T09:22:12.071+0000][1][safepoint    ] Leaving safepoint region
[2019-06-24T09:22:12.071+0000][1][safepoint    ] Total time for which application threads were stopped: 0.0050029 seconds, Stopping threads took: 0.0000156 seconds
[2019-06-24T09:22:12.071+0000][1][safepoint    ] Application time: 0.0001972 seconds
[2019-06-24T09:22:12.071+0000][1][safepoint    ] Entering safepoint region: RevokeBias
[2019-06-24T09:22:12.071+0000][1][safepoint    ] Leaving safepoint region
[2019-06-24T09:22:12.071+0000][1][safepoint    ] Total time for which application threads were stopped: 0.0001541 seconds, Stopping threads took: 0.0001105 seconds
[2019-06-24T09:22:12.071+0000][1][safepoint    ] Application time: 0.0000782 seconds
[2019-06-24T09:22:12.071+0000][1][safepoint    ] Entering safepoint region: RevokeBias
[2019-06-24T09:22:12.072+0000][1][safepoint    ] Leaving safepoint region
[2019-06-24T09:22:12.072+0000][1][safepoint    ] Total time for which application threads were stopped: 0.0001420 seconds, Stopping threads took: 0.0001090 seconds
[2019-06-24T09:22:12.072+0000][1][safepoint    ] Application time: 0.0000545 seconds
[2019-06-24T09:22:12.072+0000][1][safepoint    ] Entering safepoint region: RevokeBias
[2019-06-24T09:22:12.072+0000][1][safepoint    ] Leaving safepoint region
[2019-06-24T09:22:12.072+0000][1][safepoint    ] Total time for which application threads were stopped: 0.0000366 seconds, Stopping threads took: 0.0000067 seconds
[2019-06-24T09:22:12.072+0000][1][safepoint    ] Application time: 0.0000381 seconds
[2019-06-24T09:22:12.072+0000][1][safepoint    ] Entering safepoint region: RevokeBias
[2019-06-24T09:22:12.072+0000][1][safepoint    ] Leaving safepoint region
[2019-06-24T09:22:12.072+0000][1][safepoint    ] Total time for which application threads were stopped: 0.0000581 seconds, Stopping threads took: 0.0000322 seconds
[2019-06-24T09:22:12.072+0000][1][safepoint    ] Application time: 0.0000410 seconds
[2019-06-24T09:22:12.072+0000][1][safepoint    ] Entering safepoint region: RevokeBias
[2019-06-24T09:22:12.072+0000][1][safepoint    ] Leaving safepoint region
[2019-06-24T09:22:12.072+0000][1][safepoint    ] Total time for which application threads were stopped: 0.0000831 seconds, Stopping threads took: 0.0000549 seconds
[2019-06-24T09:22:12.072+0000][1][safepoint    ] Application time: 0.0000388 seconds
[2019-06-24T09:22:12.072+0000][1][safepoint    ] Entering safepoint region: RevokeBias
[2019-06-24T09:22:12.072+0000][1][safepoint    ] Leaving safepoint region
[2019-06-24T09:22:12.072+0000][1][safepoint    ] Total time for which application threads were stopped: 0.0000618 seconds, Stopping threads took: 0.0000321 seconds
[2019-06-24T09:22:12.165+0000][1][safepoint    ] Application time: 0.0933980 seconds
[2019-06-24T09:22:12.165+0000][1][safepoint    ] Entering safepoint region: RevokeBias
[2019-06-24T09:22:12.165+0000][1][safepoint    ] Leaving safepoint region
[2019-06-24T09:22:12.166+0000][1][safepoint    ] Total time for which application threads were stopped: 0.0000793 seconds, Stopping threads took: 0.0000281 seconds
[2019-06-24T09:22:12.166+0000][1][safepoint    ] Application time: 0.0002324 seconds
[2019-06-24T09:22:12.166+0000][1][safepoint    ] Entering safepoint region: BulkRevokeBias
[2019-06-24T09:22:12.166+0000][1][safepoint    ] Leaving safepoint region
[2019-06-24T09:22:12.166+0000][1][safepoint    ] Total time for which application threads were stopped: 0.0000933 seconds, Stopping threads took: 0.0000091 seconds
[2019-06-24T09:22:12.197+0000][1][safepoint    ] Application time: 0.0309486 seconds
[2019-06-24T09:22:12.197+0000][1][safepoint    ] Entering safepoint region: GenCollectForAllocation
[2019-06-24T09:22:12.197+0000][1][gc,start     ] GC(6) Pause Young (Allocation Failure)
[2019-06-24T09:22:12.197+0000][1][gc,task      ] GC(6) Using 5 workers of 8 for evacuation
[2019-06-24T09:22:12.199+0000][1][gc,age       ] GC(6) Desired survivor size 4456448 bytes, new threshold 3 (max threshold 6)
[2019-06-24T09:22:12.199+0000][1][gc,age       ] GC(6) Age table with threshold 3 (max threshold 6)
[2019-06-24T09:22:12.199+0000][1][gc,age       ] GC(6) - age   1:    1846600 bytes,    1846600 total
[2019-06-24T09:22:12.199+0000][1][gc,age       ] GC(6) - age   2:    2194848 bytes,    4041448 total
[2019-06-24T09:22:12.199+0000][1][gc,age       ] GC(6) - age   3:     446192 bytes,    4487640 total
[2019-06-24T09:22:12.199+0000][1][gc,heap      ] GC(6) ParNew: 76108K->5974K(78656K)
[2019-06-24T09:22:12.199+0000][1][gc,heap      ] GC(6) CMS: 11424K->11424K(174784K)
[2019-06-24T09:22:12.199+0000][1][gc,metaspace ] GC(6) Metaspace: 19220K->19220K(1067008K)
[2019-06-24T09:22:12.199+0000][1][gc           ] GC(6) Pause Young (Allocation Failure) 85M->16M(247M) 2.517ms
[2019-06-24T09:22:12.199+0000][1][gc,cpu       ] GC(6) User=0.02s Sys=0.00s Real=0.00s
[2019-06-24T09:22:12.199+0000][1][safepoint    ] Leaving safepoint region
[2019-06-24T09:22:12.199+0000][1][safepoint    ] Total time for which application threads were stopped: 0.0026462 seconds, Stopping threads took: 0.0000376 seconds
[2019-06-24T09:22:12.200+0000][1][safepoint    ] Application time: 0.0002146 seconds
[2019-06-24T09:22:12.200+0000][1][safepoint    ] Entering safepoint region: BulkRevokeBias
[2019-06-24T09:22:12.200+0000][1][safepoint    ] Leaving safepoint region
[2019-06-24T09:22:12.200+0000][1][safepoint    ] Total time for which application threads were stopped: 0.0001257 seconds, Stopping threads took: 0.0000477 seconds
[2019-06-24T09:22:12.359+0000][1][safepoint    ] Application time: 0.1586622 seconds
[2019-06-24T09:22:12.359+0000][1][safepoint    ] Entering safepoint region: GenCollectForAllocation
[2019-06-24T09:22:12.359+0000][1][gc,start     ] GC(7) Pause Young (Allocation Failure)
[2019-06-24T09:22:12.359+0000][1][gc,task      ] GC(7) Using 5 workers of 8 for evacuation
[2019-06-24T09:22:12.361+0000][1][gc,age       ] GC(7) Desired survivor size 4456448 bytes, new threshold 6 (max threshold 6)
[2019-06-24T09:22:12.361+0000][1][gc,age       ] GC(7) Age table with threshold 6 (max threshold 6)
[2019-06-24T09:22:12.361+0000][1][gc,age       ] GC(7) - age   1:     694096 bytes,     694096 total
[2019-06-24T09:22:12.361+0000][1][gc,age       ] GC(7) - age   2:    1130512 bytes,    1824608 total
[2019-06-24T09:22:12.361+0000][1][gc,age       ] GC(7) - age   3:    2192840 bytes,    4017448 total
[2019-06-24T09:22:12.361+0000][1][gc,heap      ] GC(7) ParNew: 75926K->5666K(78656K)
[2019-06-24T09:22:12.361+0000][1][gc,heap      ] GC(7) CMS: 11424K->11864K(174784K)
[2019-06-24T09:22:12.361+0000][1][gc,metaspace ] GC(7) Metaspace: 20042K->20042K(1067008K)
[2019-06-24T09:22:12.361+0000][1][gc           ] GC(7) Pause Young (Allocation Failure) 85M->17M(247M) 2.433ms
[2019-06-24T09:22:12.361+0000][1][gc,cpu       ] GC(7) User=0.01s Sys=0.00s Real=0.00s
[2019-06-24T09:22:12.361+0000][1][safepoint    ] Leaving safepoint region
[2019-06-24T09:22:12.361+0000][1][safepoint    ] Total time for which application threads were stopped: 0.0025610 seconds, Stopping threads took: 0.0000163 seconds
[2019-06-24T09:22:12.368+0000][1][safepoint    ] Application time: 0.0066965 seconds
[2019-06-24T09:22:12.368+0000][1][safepoint    ] Entering safepoint region: CollectForMetadataAllocation
[2019-06-24T09:22:12.368+0000][1][safepoint    ] Leaving safepoint region
[2019-06-24T09:22:12.368+0000][1][safepoint    ] Total time for which application threads were stopped: 0.0001575 seconds, Stopping threads took: 0.0000154 seconds
[2019-06-24T09:22:12.483+0000][1][safepoint    ] Application time: 0.1150546 seconds
[2019-06-24T09:22:12.483+0000][1][safepoint    ] Entering safepoint region: GenCollectForAllocation
[2019-06-24T09:22:12.483+0000][1][gc,start     ] GC(8) Pause Young (Allocation Failure)
[2019-06-24T09:22:12.483+0000][1][gc,task      ] GC(8) Using 5 workers of 8 for evacuation
[2019-06-24T09:22:12.486+0000][1][gc,age       ] GC(8) Desired survivor size 4456448 bytes, new threshold 4 (max threshold 6)
[2019-06-24T09:22:12.486+0000][1][gc,age       ] GC(8) Age table with threshold 4 (max threshold 6)
[2019-06-24T09:22:12.486+0000][1][gc,age       ] GC(8) - age   1:     929480 bytes,     929480 total
[2019-06-24T09:22:12.486+0000][1][gc,age       ] GC(8) - age   2:     672640 bytes,    1602120 total
[2019-06-24T09:22:12.486+0000][1][gc,age       ] GC(8) - age   3:    1130416 bytes,    2732536 total
[2019-06-24T09:22:12.486+0000][1][gc,age       ] GC(8) - age   4:    2192552 bytes,    4925088 total
[2019-06-24T09:22:12.486+0000][1][gc,heap      ] GC(8) ParNew: 75618K->6551K(78656K)
[2019-06-24T09:22:12.486+0000][1][gc,heap      ] GC(8) CMS: 11864K->11864K(174784K)
[2019-06-24T09:22:12.486+0000][1][gc,metaspace ] GC(8) Metaspace: 20271K->20271K(1069056K)
[2019-06-24T09:22:12.486+0000][1][gc           ] GC(8) Pause Young (Allocation Failure) 85M->17M(247M) 2.807ms
[2019-06-24T09:22:12.486+0000][1][gc,cpu       ] GC(8) User=0.01s Sys=0.00s Real=0.00s
[2019-06-24T09:22:12.486+0000][1][safepoint    ] Leaving safepoint region
[2019-06-24T09:22:12.486+0000][1][safepoint    ] Total time for which application threads were stopped: 0.0029189 seconds, Stopping threads took: 0.0000126 seconds
[2019-06-24T09:22:12.486+0000][1][safepoint    ] Application time: 0.0001542 seconds
[2019-06-24T09:22:12.486+0000][1][safepoint    ] Entering safepoint region: CMS_Initial_Mark
[2019-06-24T09:22:12.486+0000][1][gc,start     ] GC(9) Pause Initial Mark
[2019-06-24T09:22:12.487+0000][1][gc           ] GC(9) Pause Initial Mark 19M->19M(247M) 0.673ms
[2019-06-24T09:22:12.487+0000][1][gc,cpu       ] GC(9) User=0.02s Sys=0.00s Real=0.00s
[2019-06-24T09:22:12.487+0000][1][safepoint    ] Leaving safepoint region
[2019-06-24T09:22:12.487+0000][1][safepoint    ] Total time for which application threads were stopped: 0.0007839 seconds, Stopping threads took: 0.0000423 seconds
[2019-06-24T09:22:12.487+0000][1][gc           ] GC(9) Concurrent Mark
[2019-06-24T09:22:12.487+0000][1][gc,task      ] GC(9) Using 2 workers of 2 for marking
[2019-06-24T09:22:12.498+0000][1][gc           ] GC(9) Concurrent Mark 10.721ms
[2019-06-24T09:22:12.498+0000][1][gc,cpu       ] GC(9) User=0.05s Sys=0.00s Real=0.01s
[2019-06-24T09:22:12.498+0000][1][gc           ] GC(9) Concurrent Preclean
[2019-06-24T09:22:12.499+0000][1][gc           ] GC(9) Concurrent Preclean 0.824ms
[2019-06-24T09:22:12.499+0000][1][gc,cpu       ] GC(9) User=0.02s Sys=0.00s Real=0.00s
[2019-06-24T09:22:12.499+0000][1][gc           ] GC(9) Concurrent Abortable Preclean
[2019-06-24T09:22:12.518+0000][1][safepoint    ] Application time: 0.0310662 seconds
[2019-06-24T09:22:12.518+0000][1][safepoint    ] Entering safepoint region: CollectForMetadataAllocation
[2019-06-24T09:22:12.518+0000][1][safepoint    ] Leaving safepoint region
[2019-06-24T09:22:12.518+0000][1][safepoint    ] Total time for which application threads were stopped: 0.0001395 seconds, Stopping threads took: 0.0000102 seconds
[2019-06-24T09:22:12.569+0000][1][safepoint    ] Application time: 0.0507552 seconds
[2019-06-24T09:22:12.569+0000][1][safepoint    ] Entering safepoint region: GenCollectForAllocation
[2019-06-24T09:22:12.569+0000][1][gc,start     ] GC(10) Pause Young (Allocation Failure)
[2019-06-24T09:22:12.569+0000][1][gc,task      ] GC(10) Using 5 workers of 8 for evacuation
[2019-06-24T09:22:12.573+0000][1][gc,age       ] GC(10) Desired survivor size 4456448 bytes, new threshold 6 (max threshold 6)
[2019-06-24T09:22:12.573+0000][1][gc,age       ] GC(10) Age table with threshold 6 (max threshold 6)
[2019-06-24T09:22:12.573+0000][1][gc,age       ] GC(10) - age   1:     474152 bytes,     474152 total
[2019-06-24T09:22:12.573+0000][1][gc,age       ] GC(10) - age   2:     322728 bytes,     796880 total
[2019-06-24T09:22:12.573+0000][1][gc,age       ] GC(10) - age   3:     672520 bytes,    1469400 total
[2019-06-24T09:22:12.573+0000][1][gc,age       ] GC(10) - age   4:    1130416 bytes,    2599816 total
[2019-06-24T09:22:12.573+0000][1][gc,heap      ] GC(10) ParNew: 76503K->5092K(78656K)
[2019-06-24T09:22:12.573+0000][1][gc,heap      ] GC(10) CMS: 11864K->14019K(174784K)
[2019-06-24T09:22:12.573+0000][1][gc,metaspace ] GC(10) Metaspace: 20386K->20386K(1069056K)
[2019-06-24T09:22:12.573+0000][1][gc           ] GC(10) Pause Young (Allocation Failure) 86M->18M(247M) 3.573ms
[2019-06-24T09:22:12.573+0000][1][gc,cpu       ] GC(10) User=0.03s Sys=0.00s Real=0.00s
[2019-06-24T09:22:12.573+0000][1][safepoint    ] Leaving safepoint region
[2019-06-24T09:22:12.573+0000][1][safepoint    ] Total time for which application threads were stopped: 0.0036686 seconds, Stopping threads took: 0.0000111 seconds
[2019-06-24T09:22:12.651+0000][1][safepoint    ] Application time: 0.0783010 seconds
[2019-06-24T09:22:12.651+0000][1][safepoint    ] Entering safepoint region: GenCollectForAllocation
[2019-06-24T09:22:12.651+0000][1][gc,start     ] GC(11) Pause Young (Allocation Failure)
[2019-06-24T09:22:12.651+0000][1][gc,task      ] GC(11) Using 5 workers of 8 for evacuation
[2019-06-24T09:22:12.654+0000][1][gc,age       ] GC(11) Desired survivor size 4456448 bytes, new threshold 6 (max threshold 6)
[2019-06-24T09:22:12.654+0000][1][gc,age       ] GC(11) Age table with threshold 6 (max threshold 6)
[2019-06-24T09:22:12.654+0000][1][gc,age       ] GC(11) - age   1:    1978904 bytes,    1978904 total
[2019-06-24T09:22:12.654+0000][1][gc,age       ] GC(11) - age   2:      99544 bytes,    2078448 total
[2019-06-24T09:22:12.654+0000][1][gc,age       ] GC(11) - age   3:     322728 bytes,    2401176 total
[2019-06-24T09:22:12.654+0000][1][gc,age       ] GC(11) - age   4:     672368 bytes,    3073544 total
[2019-06-24T09:22:12.654+0000][1][gc,age       ] GC(11) - age   5:    1130128 bytes,    4203672 total
[2019-06-24T09:22:12.654+0000][1][gc,heap      ] GC(11) ParNew: 75044K->4667K(78656K)
[2019-06-24T09:22:12.654+0000][1][gc,heap      ] GC(11) CMS: 14019K->14019K(174784K)
[2019-06-24T09:22:12.654+0000][1][gc,metaspace ] GC(11) Metaspace: 20467K->20467K(1069056K)
[2019-06-24T09:22:12.654+0000][1][gc           ] GC(11) Pause Young (Allocation Failure) 86M->18M(247M) 3.293ms
[2019-06-24T09:22:12.654+0000][1][gc,cpu       ] GC(11) User=0.01s Sys=0.00s Real=0.01s
[2019-06-24T09:22:12.655+0000][1][safepoint    ] Leaving safepoint region
[2019-06-24T09:22:12.655+0000][1][safepoint    ] Total time for which application threads were stopped: 0.0034872 seconds, Stopping threads took: 0.0000169 seconds
[2019-06-24T09:22:12.698+0000][1][safepoint    ] Application time: 0.0438397 seconds
[2019-06-24T09:22:12.698+0000][1][safepoint    ] Entering safepoint region: CollectForMetadataAllocation
[2019-06-24T09:22:12.699+0000][1][safepoint    ] Leaving safepoint region
[2019-06-24T09:22:12.699+0000][1][safepoint    ] Total time for which application threads were stopped: 0.0001591 seconds, Stopping threads took: 0.0000108 seconds
[2019-06-24T09:22:12.699+0000][1][gc           ] GC(9) Concurrent Abortable Preclean 199.910ms
[2019-06-24T09:22:12.699+0000][1][gc,cpu       ] GC(9) User=0.75s Sys=0.03s Real=0.20s
[2019-06-24T09:22:12.699+0000][1][safepoint    ] Application time: 0.0000662 seconds
[2019-06-24T09:22:12.699+0000][1][safepoint    ] Entering safepoint region: CMS_Final_Remark
[2019-06-24T09:22:12.699+0000][1][gc,start     ] GC(9) Pause Remark
[2019-06-24T09:22:12.708+0000][1][gc           ] GC(9) Pause Remark 53M->53M(247M) 9.366ms
[2019-06-24T09:22:12.708+0000][1][gc,cpu       ] GC(9) User=0.04s Sys=0.00s Real=0.01s
[2019-06-24T09:22:12.708+0000][1][safepoint    ] Leaving safepoint region
[2019-06-24T09:22:12.708+0000][1][safepoint    ] Total time for which application threads were stopped: 0.0095813 seconds, Stopping threads took: 0.0001232 seconds
[2019-06-24T09:22:12.708+0000][1][gc           ] GC(9) Concurrent Sweep
[2019-06-24T09:22:12.712+0000][1][gc           ] GC(9) Concurrent Sweep 4.055ms
[2019-06-24T09:22:12.712+0000][1][gc,cpu       ] GC(9) User=0.01s Sys=0.00s Real=0.00s
[2019-06-24T09:22:12.712+0000][1][gc           ] GC(9) Concurrent Reset
[2019-06-24T09:22:12.713+0000][1][gc           ] GC(9) Concurrent Reset 0.279ms
[2019-06-24T09:22:12.713+0000][1][gc,cpu       ] GC(9) User=0.00s Sys=0.00s Real=0.00s
[2019-06-24T09:22:12.713+0000][1][gc,heap      ] GC(9) Old: 11864K->13993K(174784K)
[2019-06-24T09:22:12.720+0000][1][safepoint    ] Application time: 0.0120692 seconds
[2019-06-24T09:22:12.720+0000][1][safepoint    ] Entering safepoint region: Deoptimize
[2019-06-24T09:22:12.721+0000][1][safepoint    ] Leaving safepoint region
[2019-06-24T09:22:12.721+0000][1][safepoint    ] Total time for which application threads were stopped: 0.0005057 seconds, Stopping threads took: 0.0000104 seconds
[2019-06-24T09:22:13.028+0000][1][safepoint    ] Application time: 0.3075445 seconds
[2019-06-24T09:22:13.028+0000][1][safepoint    ] Entering safepoint region: Deoptimize
[2019-06-24T09:22:13.029+0000][1][safepoint    ] Leaving safepoint region
[2019-06-24T09:22:13.029+0000][1][safepoint    ] Total time for which application threads were stopped: 0.0006824 seconds, Stopping threads took: 0.0000209 seconds
[2019-06-24T09:22:13.038+0000][1][safepoint    ] Application time: 0.0087797 seconds
[2019-06-24T09:22:13.038+0000][1][safepoint    ] Entering safepoint region: Deoptimize
[2019-06-24T09:22:13.038+0000][1][safepoint    ] Leaving safepoint region
[2019-06-24T09:22:13.038+0000][1][safepoint    ] Total time for which application threads were stopped: 0.0002572 seconds, Stopping threads took: 0.0000106 seconds
[2019-06-24T09:22:13.043+0000][1][safepoint    ] Application time: 0.0044509 seconds
[2019-06-24T09:22:13.043+0000][1][safepoint    ] Entering safepoint region: Deoptimize
[2019-06-24T09:22:13.043+0000][1][safepoint    ] Leaving safepoint region
[2019-06-24T09:22:13.043+0000][1][safepoint    ] Total time for which application threads were stopped: 0.0002624 seconds, Stopping threads took: 0.0000100 seconds
[2019-06-24T09:22:13.146+0000][1][safepoint    ] Application time: 0.1028532 seconds
[2019-06-24T09:22:13.146+0000][1][safepoint    ] Entering safepoint region: GenCollectForAllocation
[2019-06-24T09:22:13.146+0000][1][gc,start     ] GC(12) Pause Young (Allocation Failure)
[2019-06-24T09:22:13.146+0000][1][gc,task      ] GC(12) Using 5 workers of 8 for evacuation
[2019-06-24T09:22:13.152+0000][1][gc,age       ] GC(12) Desired survivor size 4456448 bytes, new threshold 3 (max threshold 6)
[2019-06-24T09:22:13.152+0000][1][gc,age       ] GC(12) Age table with threshold 3 (max threshold 6)
[2019-06-24T09:22:13.152+0000][1][gc,age       ] GC(12) - age   1:    4073384 bytes,    4073384 total
[2019-06-24T09:22:13.152+0000][1][gc,age       ] GC(12) - age   2:     344640 bytes,    4418024 total
[2019-06-24T09:22:13.152+0000][1][gc,age       ] GC(12) - age   3:      99280 bytes,    4517304 total
[2019-06-24T09:22:13.152+0000][1][gc,age       ] GC(12) - age   4:     322664 bytes,    4839968 total
[2019-06-24T09:22:13.152+0000][1][gc,age       ] GC(12) - age   5:     667072 bytes,    5507040 total
[2019-06-24T09:22:13.152+0000][1][gc,age       ] GC(12) - age   6:    1129968 bytes,    6637008 total
[2019-06-24T09:22:13.152+0000][1][gc,heap      ] GC(12) ParNew: 74619K->8318K(78656K)
[2019-06-24T09:22:13.152+0000][1][gc,heap      ] GC(12) CMS: 13993K->13993K(174784K)
[2019-06-24T09:22:13.152+0000][1][gc,metaspace ] GC(12) Metaspace: 26310K->26310K(1073152K)
[2019-06-24T09:22:13.152+0000][1][gc           ] GC(12) Pause Young (Allocation Failure) 86M->21M(247M) 6.479ms
[2019-06-24T09:22:13.152+0000][1][gc,cpu       ] GC(12) User=0.06s Sys=0.00s Real=0.00s
[2019-06-24T09:22:13.153+0000][1][safepoint    ] Leaving safepoint region
[2019-06-24T09:22:13.153+0000][1][safepoint    ] Total time for which application threads were stopped: 0.0066311 seconds, Stopping threads took: 0.0000212 seconds
[2019-06-24T09:22:13.310+0000][1][safepoint    ] Application time: 0.1574894 seconds
[2019-06-24T09:22:13.310+0000][1][safepoint    ] Entering safepoint region: RevokeBias
[2019-06-24T09:22:13.310+0000][1][safepoint    ] Leaving safepoint region
[2019-06-24T09:22:13.310+0000][1][safepoint    ] Total time for which application threads were stopped: 0.0002840 seconds, Stopping threads took: 0.0000174 seconds
[2019-06-24T09:22:13.709+0000][1][safepoint    ] Application time: 0.3986809 seconds
[2019-06-24T09:22:13.709+0000][1][safepoint    ] Entering safepoint region: GenCollectForAllocation
[2019-06-24T09:22:13.709+0000][1][gc,start     ] GC(13) Pause Young (Allocation Failure)
[2019-06-24T09:22:13.709+0000][1][gc,task      ] GC(13) Using 5 workers of 8 for evacuation
[2019-06-24T09:22:13.729+0000][1][gc,age       ] GC(13) Desired survivor size 4456448 bytes, new threshold 1 (max threshold 6)
[2019-06-24T09:22:13.729+0000][1][gc,age       ] GC(13) Age table with threshold 1 (max threshold 6)
[2019-06-24T09:22:13.729+0000][1][gc,age       ] GC(13) - age   1:    4921104 bytes,    4921104 total
[2019-06-24T09:22:13.729+0000][1][gc,age       ] GC(13) - age   2:    3647256 bytes,    8568360 total
[2019-06-24T09:22:13.729+0000][1][gc,age       ] GC(13) - age   3:     344384 bytes,    8912744 total
[2019-06-24T09:22:13.729+0000][1][gc,heap      ] GC(13) ParNew: 78270K->8704K(78656K)
[2019-06-24T09:22:13.729+0000][1][gc,heap      ] GC(13) CMS: 13993K->26275K(174784K)
[2019-06-24T09:22:13.729+0000][1][gc,metaspace ] GC(13) Metaspace: 26941K->26941K(1075200K)
[2019-06-24T09:22:13.729+0000][1][gc           ] GC(13) Pause Young (Allocation Failure) 90M->34M(247M) 19.778ms
[2019-06-24T09:22:13.729+0000][1][gc,cpu       ] GC(13) User=0.13s Sys=0.00s Real=0.02s
[2019-06-24T09:22:13.729+0000][1][safepoint    ] Leaving safepoint region
[2019-06-24T09:22:13.729+0000][1][safepoint    ] Total time for which application threads were stopped: 0.0199144 seconds, Stopping threads took: 0.0000176 seconds
[2019-06-24T09:22:14.076+0000][1][safepoint    ] Application time: 0.3469400 seconds
[2019-06-24T09:22:14.076+0000][1][safepoint    ] Entering safepoint region: GenCollectForAllocation
[2019-06-24T09:22:14.076+0000][1][gc,start     ] GC(14) Pause Young (Allocation Failure)
[2019-06-24T09:22:14.076+0000][1][gc,task      ] GC(14) Using 5 workers of 8 for evacuation
[2019-06-24T09:22:14.101+0000][1][gc,age       ] GC(14) Desired survivor size 4456448 bytes, new threshold 1 (max threshold 6)
[2019-06-24T09:22:14.101+0000][1][gc,age       ] GC(14) Age table with threshold 1 (max threshold 6)
[2019-06-24T09:22:14.101+0000][1][gc,age       ] GC(14) - age   1:    8912232 bytes,    8912232 total
[2019-06-24T09:22:14.101+0000][1][gc,heap      ] GC(14) ParNew: 78656K->8704K(78656K)
[2019-06-24T09:22:14.101+0000][1][gc,heap      ] GC(14) CMS: 26275K->39087K(174784K)
[2019-06-24T09:22:14.101+0000][1][gc,metaspace ] GC(14) Metaspace: 26975K->26975K(1075200K)
[2019-06-24T09:22:14.101+0000][1][gc           ] GC(14) Pause Young (Allocation Failure) 102M->46M(247M) 24.767ms
[2019-06-24T09:22:14.101+0000][1][gc,cpu       ] GC(14) User=0.17s Sys=0.00s Real=0.02s
[2019-06-24T09:22:14.101+0000][1][safepoint    ] Leaving safepoint region
[2019-06-24T09:22:14.101+0000][1][safepoint    ] Total time for which application threads were stopped: 0.0249254 seconds, Stopping threads took: 0.0000184 seconds
[2019-06-24T09:22:14.192+0000][1][safepoint    ] Application time: 0.0915255 seconds
[2019-06-24T09:22:14.192+0000][1][safepoint    ] Entering safepoint region: Deoptimize
[2019-06-24T09:22:14.193+0000][1][safepoint    ] Leaving safepoint region
[2019-06-24T09:22:14.193+0000][1][safepoint    ] Total time for which application threads were stopped: 0.0004069 seconds, Stopping threads took: 0.0000192 seconds
[2019-06-24T09:22:14.304+0000][1][safepoint    ] Application time: 0.1114323 seconds
[2019-06-24T09:22:14.304+0000][1][safepoint    ] Entering safepoint region: RevokeBias
[2019-06-24T09:22:14.304+0000][1][safepoint    ] Leaving safepoint region
[2019-06-24T09:22:14.305+0000][1][safepoint    ] Total time for which application threads were stopped: 0.0001255 seconds, Stopping threads took: 0.0000182 seconds
[2019-06-24T09:22:14.476+0000][1][safepoint    ] Application time: 0.1716271 seconds
[2019-06-24T09:22:14.476+0000][1][safepoint    ] Entering safepoint region: RevokeBias
[2019-06-24T09:22:14.476+0000][1][safepoint    ] Leaving safepoint region
[2019-06-24T09:22:14.476+0000][1][safepoint    ] Total time for which application threads were stopped: 0.0001137 seconds, Stopping threads took: 0.0000187 seconds
[2019-06-24T09:22:14.628+0000][1][safepoint    ] Application time: 0.1520007 seconds
[2019-06-24T09:22:14.628+0000][1][safepoint    ] Entering safepoint region: GenCollectForAllocation
[2019-06-24T09:22:14.628+0000][1][gc,start     ] GC(15) Pause Young (Allocation Failure)
[2019-06-24T09:22:14.629+0000][1][gc,task      ] GC(15) Using 5 workers of 8 for evacuation
[2019-06-24T09:22:14.645+0000][1][gc,age       ] GC(15) Desired survivor size 4456448 bytes, new threshold 1 (max threshold 6)
[2019-06-24T09:22:14.645+0000][1][gc,age       ] GC(15) Age table with threshold 1 (max threshold 6)
[2019-06-24T09:22:14.645+0000][1][gc,age       ] GC(15) - age   1:    6338080 bytes,    6338080 total
[2019-06-24T09:22:14.645+0000][1][gc,heap      ] GC(15) ParNew: 78656K->8704K(78656K)
[2019-06-24T09:22:14.645+0000][1][gc,heap      ] GC(15) CMS: 39087K->49227K(174784K)
[2019-06-24T09:22:14.645+0000][1][gc,metaspace ] GC(15) Metaspace: 32453K->32453K(1079296K)
[2019-06-24T09:22:14.645+0000][1][gc           ] GC(15) Pause Young (Allocation Failure) 114M->56M(247M) 16.693ms
[2019-06-24T09:22:14.645+0000][1][gc,cpu       ] GC(15) User=0.11s Sys=0.00s Real=0.02s
[2019-06-24T09:22:14.645+0000][1][safepoint    ] Leaving safepoint region
[2019-06-24T09:22:14.645+0000][1][safepoint    ] Total time for which application threads were stopped: 0.0168569 seconds, Stopping threads took: 0.0000172 seconds
[2019-06-24T09:22:14.759+0000][1][safepoint    ] Application time: 0.1137196 seconds
[2019-06-24T09:22:14.759+0000][1][safepoint    ] Entering safepoint region: GenCollectForAllocation
[2019-06-24T09:22:14.759+0000][1][gc,start     ] GC(16) Pause Young (Allocation Failure)
[2019-06-24T09:22:14.759+0000][1][gc,task      ] GC(16) Using 5 workers of 8 for evacuation
[2019-06-24T09:22:14.766+0000][1][gc,age       ] GC(16) Desired survivor size 4456448 bytes, new threshold 6 (max threshold 6)
[2019-06-24T09:22:14.766+0000][1][gc,age       ] GC(16) Age table with threshold 6 (max threshold 6)
[2019-06-24T09:22:14.766+0000][1][gc,age       ] GC(16) - age   1:     258880 bytes,     258880 total
[2019-06-24T09:22:14.766+0000][1][gc,heap      ] GC(16) ParNew: 78656K->6766K(78656K)
[2019-06-24T09:22:14.766+0000][1][gc,heap      ] GC(16) CMS: 49227K->55468K(174784K)
[2019-06-24T09:22:14.766+0000][1][gc,metaspace ] GC(16) Metaspace: 32820K->32820K(1079296K)
[2019-06-24T09:22:14.766+0000][1][gc           ] GC(16) Pause Young (Allocation Failure) 124M->60M(247M) 7.073ms
[2019-06-24T09:22:14.766+0000][1][gc,cpu       ] GC(16) User=0.04s Sys=0.00s Real=0.01s
[2019-06-24T09:22:14.766+0000][1][safepoint    ] Leaving safepoint region
[2019-06-24T09:22:14.766+0000][1][safepoint    ] Total time for which application threads were stopped: 0.0072070 seconds, Stopping threads took: 0.0000183 seconds
[2019-06-24T09:22:15.011+0000][1][safepoint    ] Application time: 0.2443959 seconds
[2019-06-24T09:22:15.011+0000][1][safepoint    ] Entering safepoint region: CollectForMetadataAllocation
[2019-06-24T09:22:15.011+0000][1][safepoint    ] Leaving safepoint region
[2019-06-24T09:22:15.011+0000][1][safepoint    ] Total time for which application threads were stopped: 0.0002166 seconds, Stopping threads took: 0.0000305 seconds
[2019-06-24T09:22:15.024+0000][1][safepoint    ] Application time: 0.0130644 seconds
[2019-06-24T09:22:15.024+0000][1][safepoint    ] Entering safepoint region: CollectForMetadataAllocation
[2019-06-24T09:22:15.024+0000][1][safepoint    ] Leaving safepoint region
[2019-06-24T09:22:15.024+0000][1][safepoint    ] Total time for which application threads were stopped: 0.0001639 seconds, Stopping threads took: 0.0000165 seconds
[2019-06-24T09:22:15.037+0000][1][safepoint    ] Application time: 0.0132172 seconds
[2019-06-24T09:22:15.037+0000][1][safepoint    ] Entering safepoint region: CollectForMetadataAllocation
[2019-06-24T09:22:15.038+0000][1][safepoint    ] Leaving safepoint region
[2019-06-24T09:22:15.038+0000][1][safepoint    ] Total time for which application threads were stopped: 0.0001410 seconds, Stopping threads took: 0.0000164 seconds
[2019-06-24T09:22:15.055+0000][1][safepoint    ] Application time: 0.0170334 seconds
[2019-06-24T09:22:15.055+0000][1][safepoint    ] Entering safepoint region: CollectForMetadataAllocation
[2019-06-24T09:22:15.055+0000][1][safepoint    ] Leaving safepoint region
[2019-06-24T09:22:15.055+0000][1][safepoint    ] Total time for which application threads were stopped: 0.0001803 seconds, Stopping threads took: 0.0000160 seconds
[2019-06-24T09:22:15.073+0000][1][safepoint    ] Application time: 0.0178346 seconds
[2019-06-24T09:22:15.073+0000][1][safepoint    ] Entering safepoint region: CollectForMetadataAllocation
[2019-06-24T09:22:15.073+0000][1][safepoint    ] Leaving safepoint region
[2019-06-24T09:22:15.073+0000][1][safepoint    ] Total time for which application threads were stopped: 0.0001813 seconds, Stopping threads took: 0.0000156 seconds
[2019-06-24T09:22:15.086+0000][1][safepoint    ] Application time: 0.0129331 seconds
[2019-06-24T09:22:15.086+0000][1][safepoint    ] Entering safepoint region: CollectForMetadataAllocation
[2019-06-24T09:22:15.086+0000][1][safepoint    ] Leaving safepoint region
[2019-06-24T09:22:15.086+0000][1][safepoint    ] Total time for which application threads were stopped: 0.0002336 seconds, Stopping threads took: 0.0000619 seconds
[2019-06-24T09:22:15.100+0000][1][safepoint    ] Application time: 0.0138096 seconds
[2019-06-24T09:22:15.100+0000][1][safepoint    ] Entering safepoint region: CollectForMetadataAllocation
[2019-06-24T09:22:15.100+0000][1][safepoint    ] Leaving safepoint region
[2019-06-24T09:22:15.100+0000][1][safepoint    ] Total time for which application threads were stopped: 0.0001539 seconds, Stopping threads took: 0.0000105 seconds
[2019-06-24T09:22:15.116+0000][1][safepoint    ] Application time: 0.0163034 seconds
[2019-06-24T09:22:15.116+0000][1][safepoint    ] Entering safepoint region: CollectForMetadataAllocation
[2019-06-24T09:22:15.117+0000][1][safepoint    ] Leaving safepoint region
[2019-06-24T09:22:15.117+0000][1][safepoint    ] Total time for which application threads were stopped: 0.0001789 seconds, Stopping threads took: 0.0000226 seconds
[2019-06-24T09:22:15.135+0000][1][safepoint    ] Application time: 0.0183617 seconds
[2019-06-24T09:22:15.135+0000][1][safepoint    ] Entering safepoint region: CollectForMetadataAllocation
[2019-06-24T09:22:15.135+0000][1][safepoint    ] Leaving safepoint region
[2019-06-24T09:22:15.135+0000][1][safepoint    ] Total time for which application threads were stopped: 0.0001571 seconds, Stopping threads took: 0.0000108 seconds
[2019-06-24T09:22:15.136+0000][1][safepoint    ] Application time: 0.0012820 seconds
[2019-06-24T09:22:15.136+0000][1][safepoint    ] Entering safepoint region: RevokeBias
[2019-06-24T09:22:15.137+0000][1][safepoint    ] Leaving safepoint region
[2019-06-24T09:22:15.137+0000][1][safepoint    ] Total time for which application threads were stopped: 0.0000830 seconds, Stopping threads took: 0.0000097 seconds
[2019-06-24T09:22:15.178+0000][1][safepoint    ] Application time: 0.0416731 seconds
[2019-06-24T09:22:15.178+0000][1][safepoint    ] Entering safepoint region: CollectForMetadataAllocation
[2019-06-24T09:22:15.178+0000][1][safepoint    ] Leaving safepoint region
[2019-06-24T09:22:15.178+0000][1][safepoint    ] Total time for which application threads were stopped: 0.0001688 seconds, Stopping threads took: 0.0000166 seconds
[2019-06-24T09:22:15.196+0000][1][safepoint    ] Application time: 0.0178728 seconds
[2019-06-24T09:22:15.196+0000][1][safepoint    ] Entering safepoint region: CollectForMetadataAllocation
[2019-06-24T09:22:15.196+0000][1][safepoint    ] Leaving safepoint region
[2019-06-24T09:22:15.196+0000][1][safepoint    ] Total time for which application threads were stopped: 0.0001484 seconds, Stopping threads took: 0.0000118 seconds
[2019-06-24T09:22:15.215+0000][1][safepoint    ] Application time: 0.0186383 seconds
[2019-06-24T09:22:15.215+0000][1][safepoint    ] Entering safepoint region: CollectForMetadataAllocation
[2019-06-24T09:22:15.215+0000][1][safepoint    ] Leaving safepoint region
[2019-06-24T09:22:15.215+0000][1][safepoint    ] Total time for which application threads were stopped: 0.0001670 seconds, Stopping threads took: 0.0000115 seconds
[2019-06-24T09:22:15.228+0000][1][safepoint    ] Application time: 0.0126508 seconds
[2019-06-24T09:22:15.228+0000][1][safepoint    ] Entering safepoint region: CollectForMetadataAllocation
[2019-06-24T09:22:15.228+0000][1][safepoint    ] Leaving safepoint region
[2019-06-24T09:22:15.228+0000][1][safepoint    ] Total time for which application threads were stopped: 0.0001622 seconds, Stopping threads took: 0.0000115 seconds
[2019-06-24T09:22:15.244+0000][1][safepoint    ] Application time: 0.0156423 seconds
[2019-06-24T09:22:15.244+0000][1][safepoint    ] Entering safepoint region: CollectForMetadataAllocation
[2019-06-24T09:22:15.244+0000][1][safepoint    ] Leaving safepoint region
[2019-06-24T09:22:15.244+0000][1][safepoint    ] Total time for which application threads were stopped: 0.0001362 seconds, Stopping threads took: 0.0000106 seconds
[2019-06-24T09:22:15.264+0000][1][safepoint    ] Application time: 0.0197616 seconds
[2019-06-24T09:22:15.264+0000][1][safepoint    ] Entering safepoint region: CollectForMetadataAllocation
[2019-06-24T09:22:15.264+0000][1][safepoint    ] Leaving safepoint region
[2019-06-24T09:22:15.264+0000][1][safepoint    ] Total time for which application threads were stopped: 0.0001445 seconds, Stopping threads took: 0.0000107 seconds
[2019-06-24T09:22:15.279+0000][1][safepoint    ] Application time: 0.0148479 seconds
[2019-06-24T09:22:15.279+0000][1][safepoint    ] Entering safepoint region: CollectForMetadataAllocation
[2019-06-24T09:22:15.279+0000][1][safepoint    ] Leaving safepoint region
[2019-06-24T09:22:15.279+0000][1][safepoint    ] Total time for which application threads were stopped: 0.0001397 seconds, Stopping threads took: 0.0000105 seconds
[2019-06-24T09:22:15.294+0000][1][safepoint    ] Application time: 0.0149464 seconds
[2019-06-24T09:22:15.294+0000][1][safepoint    ] Entering safepoint region: CollectForMetadataAllocation
[2019-06-24T09:22:15.294+0000][1][safepoint    ] Leaving safepoint region
[2019-06-24T09:22:15.294+0000][1][safepoint    ] Total time for which application threads were stopped: 0.0001414 seconds, Stopping threads took: 0.0000106 seconds
[2019-06-24T09:22:15.312+0000][1][safepoint    ] Application time: 0.0175612 seconds
[2019-06-24T09:22:15.312+0000][1][safepoint    ] Entering safepoint region: CollectForMetadataAllocation
[2019-06-24T09:22:15.312+0000][1][safepoint    ] Leaving safepoint region
[2019-06-24T09:22:15.312+0000][1][safepoint    ] Total time for which application threads were stopped: 0.0001352 seconds, Stopping threads took: 0.0000097 seconds
[2019-06-24T09:22:15.323+0000][1][safepoint    ] Application time: 0.0111819 seconds
[2019-06-24T09:22:15.323+0000][1][safepoint    ] Entering safepoint region: CollectForMetadataAllocation
[2019-06-24T09:22:15.323+0000][1][safepoint    ] Leaving safepoint region
[2019-06-24T09:22:15.323+0000][1][safepoint    ] Total time for which application threads were stopped: 0.0001313 seconds, Stopping threads took: 0.0000106 seconds
[2019-06-24T09:22:15.340+0000][1][safepoint    ] Application time: 0.0164955 seconds
[2019-06-24T09:22:15.340+0000][1][safepoint    ] Entering safepoint region: CollectForMetadataAllocation
[2019-06-24T09:22:15.340+0000][1][safepoint    ] Leaving safepoint region
[2019-06-24T09:22:15.340+0000][1][safepoint    ] Total time for which application threads were stopped: 0.0001371 seconds, Stopping threads took: 0.0000098 seconds
[2019-06-24T09:22:15.352+0000][1][safepoint    ] Application time: 0.0119178 seconds
[2019-06-24T09:22:15.352+0000][1][safepoint    ] Entering safepoint region: CollectForMetadataAllocation
[2019-06-24T09:22:15.352+0000][1][safepoint    ] Leaving safepoint region
[2019-06-24T09:22:15.352+0000][1][safepoint    ] Total time for which application threads were stopped: 0.0001672 seconds, Stopping threads took: 0.0000160 seconds
[2019-06-24T09:22:15.388+0000][1][safepoint    ] Application time: 0.0358591 seconds
[2019-06-24T09:22:15.388+0000][1][safepoint    ] Entering safepoint region: CollectForMetadataAllocation
[2019-06-24T09:22:15.388+0000][1][safepoint    ] Leaving safepoint region
[2019-06-24T09:22:15.388+0000][1][safepoint    ] Total time for which application threads were stopped: 0.0001882 seconds, Stopping threads took: 0.0000153 seconds
[2019-06-24T09:22:15.408+0000][1][safepoint    ] Application time: 0.0195858 seconds
[2019-06-24T09:22:15.408+0000][1][safepoint    ] Entering safepoint region: CollectForMetadataAllocation
[2019-06-24T09:22:15.408+0000][1][safepoint    ] Leaving safepoint region
[2019-06-24T09:22:15.408+0000][1][safepoint    ] Total time for which application threads were stopped: 0.0002033 seconds, Stopping threads took: 0.0000403 seconds
[2019-06-24T09:22:15.429+0000][1][safepoint    ] Application time: 0.0213509 seconds
[2019-06-24T09:22:15.429+0000][1][safepoint    ] Entering safepoint region: CollectForMetadataAllocation
[2019-06-24T09:22:15.430+0000][1][safepoint    ] Leaving safepoint region
[2019-06-24T09:22:15.430+0000][1][safepoint    ] Total time for which application threads were stopped: 0.0001832 seconds, Stopping threads took: 0.0000156 seconds
[2019-06-24T09:22:15.447+0000][1][safepoint    ] Application time: 0.0177915 seconds
[2019-06-24T09:22:15.447+0000][1][safepoint    ] Entering safepoint region: CollectForMetadataAllocation
[2019-06-24T09:22:15.448+0000][1][safepoint    ] Leaving safepoint region
[2019-06-24T09:22:15.448+0000][1][safepoint    ] Total time for which application threads were stopped: 0.0001885 seconds, Stopping threads took: 0.0000165 seconds
[2019-06-24T09:22:15.452+0000][1][safepoint    ] Application time: 0.0040773 seconds
[2019-06-24T09:22:15.452+0000][1][safepoint    ] Entering safepoint region: RevokeBias
[2019-06-24T09:22:15.452+0000][1][safepoint    ] Leaving safepoint region
[2019-06-24T09:22:15.452+0000][1][safepoint    ] Total time for which application threads were stopped: 0.0000774 seconds, Stopping threads took: 0.0000153 seconds
[2019-06-24T09:22:15.452+0000][1][safepoint    ] Application time: 0.0001187 seconds
[2019-06-24T09:22:15.452+0000][1][safepoint    ] Entering safepoint region: RevokeBias
[2019-06-24T09:22:15.452+0000][1][safepoint    ] Leaving safepoint region
[2019-06-24T09:22:15.452+0000][1][safepoint    ] Total time for which application threads were stopped: 0.0001837 seconds, Stopping threads took: 0.0001329 seconds
[2019-06-24T09:22:15.452+0000][1][safepoint    ] Application time: 0.0001982 seconds
[2019-06-24T09:22:15.452+0000][1][safepoint    ] Entering safepoint region: RevokeBias
[2019-06-24T09:22:15.452+0000][1][safepoint    ] Leaving safepoint region
[2019-06-24T09:22:15.452+0000][1][safepoint    ] Total time for which application threads were stopped: 0.0000725 seconds, Stopping threads took: 0.0000138 seconds
[2019-06-24T09:22:15.468+0000][1][safepoint    ] Application time: 0.0151222 seconds
[2019-06-24T09:22:15.468+0000][1][safepoint    ] Entering safepoint region: CollectForMetadataAllocation
[2019-06-24T09:22:15.468+0000][1][safepoint    ] Leaving safepoint region
[2019-06-24T09:22:15.468+0000][1][safepoint    ] Total time for which application threads were stopped: 0.0002029 seconds, Stopping threads took: 0.0000155 seconds
[2019-06-24T09:22:15.823+0000][1][safepoint    ] Application time: 0.3550036 seconds
[2019-06-24T09:22:15.823+0000][1][safepoint    ] Entering safepoint region: CollectForMetadataAllocation
[2019-06-24T09:22:15.823+0000][1][safepoint    ] Leaving safepoint region
[2019-06-24T09:22:15.823+0000][1][safepoint    ] Total time for which application threads were stopped: 0.0001940 seconds, Stopping threads took: 0.0000146 seconds
[2019-06-24T09:22:16.006+0000][1][safepoint    ] Application time: 0.1833382 seconds
[2019-06-24T09:22:16.006+0000][1][safepoint    ] Entering safepoint region: CollectForMetadataAllocation
[2019-06-24T09:22:16.007+0000][1][safepoint    ] Leaving safepoint region
[2019-06-24T09:22:16.007+0000][1][safepoint    ] Total time for which application threads were stopped: 0.0002130 seconds, Stopping threads took: 0.0000117 seconds
[2019-06-24T09:22:16.008+0000][1][safepoint    ] Application time: 0.0009856 seconds
[2019-06-24T09:22:16.008+0000][1][safepoint    ] Entering safepoint region: GenCollectForAllocation
[2019-06-24T09:22:16.008+0000][1][gc,start     ] GC(17) Pause Young (Allocation Failure)
[2019-06-24T09:22:16.008+0000][1][gc,task      ] GC(17) Using 5 workers of 8 for evacuation
[2019-06-24T09:22:16.012+0000][1][gc,age       ] GC(17) Desired survivor size 4456448 bytes, new threshold 6 (max threshold 6)
[2019-06-24T09:22:16.012+0000][1][gc,age       ] GC(17) Age table with threshold 6 (max threshold 6)
[2019-06-24T09:22:16.012+0000][1][gc,age       ] GC(17) - age   1:    3969040 bytes,    3969040 total
[2019-06-24T09:22:16.012+0000][1][gc,age       ] GC(17) - age   2:     257440 bytes,    4226480 total
[2019-06-24T09:22:16.012+0000][1][gc,heap      ] GC(17) ParNew: 76718K->4869K(78656K)
[2019-06-24T09:22:16.012+0000][1][gc,heap      ] GC(17) CMS: 55468K->55468K(174784K)
[2019-06-24T09:22:16.012+0000][1][gc,metaspace ] GC(17) Metaspace: 42312K->42312K(1089536K)
[2019-06-24T09:22:16.012+0000][1][gc           ] GC(17) Pause Young (Allocation Failure) 129M->58M(247M) 4.237ms
[2019-06-24T09:22:16.012+0000][1][gc,cpu       ] GC(17) User=0.03s Sys=0.00s Real=0.00s
[2019-06-24T09:22:16.012+0000][1][safepoint    ] Leaving safepoint region
[2019-06-24T09:22:16.012+0000][1][safepoint    ] Total time for which application threads were stopped: 0.0043484 seconds, Stopping threads took: 0.0000097 seconds
[2019-06-24T09:22:16.012+0000][1][safepoint    ] Application time: 0.0001563 seconds
[2019-06-24T09:22:16.012+0000][1][safepoint    ] Entering safepoint region: CMS_Initial_Mark
[2019-06-24T09:22:16.012+0000][1][gc,start     ] GC(18) Pause Initial Mark
[2019-06-24T09:22:16.014+0000][1][gc           ] GC(18) Pause Initial Mark 60M->60M(247M) 1.310ms
[2019-06-24T09:22:16.014+0000][1][gc,cpu       ] GC(18) User=0.01s Sys=0.00s Real=0.00s
[2019-06-24T09:22:16.014+0000][1][safepoint    ] Leaving safepoint region
[2019-06-24T09:22:16.014+0000][1][safepoint    ] Total time for which application threads were stopped: 0.0014321 seconds, Stopping threads took: 0.0000221 seconds
[2019-06-24T09:22:16.014+0000][1][gc           ] GC(18) Concurrent Mark
[2019-06-24T09:22:16.014+0000][1][gc,task      ] GC(18) Using 2 workers of 2 for marking
[2019-06-24T09:22:16.028+0000][1][safepoint    ] Application time: 0.0148229 seconds
[2019-06-24T09:22:16.028+0000][1][safepoint    ] Entering safepoint region: CollectForMetadataAllocation
[2019-06-24T09:22:16.029+0000][1][safepoint    ] Leaving safepoint region
[2019-06-24T09:22:16.029+0000][1][safepoint    ] Total time for which application threads were stopped: 0.0001550 seconds, Stopping threads took: 0.0000119 seconds
[2019-06-24T09:22:16.057+0000][1][gc           ] GC(18) Concurrent Mark 43.834ms
[2019-06-24T09:22:16.058+0000][1][gc,cpu       ] GC(18) User=0.20s Sys=0.00s Real=0.05s
[2019-06-24T09:22:16.058+0000][1][gc           ] GC(18) Concurrent Preclean
[2019-06-24T09:22:16.059+0000][1][gc           ] GC(18) Concurrent Preclean 1.356ms
[2019-06-24T09:22:16.059+0000][1][gc,cpu       ] GC(18) User=0.01s Sys=0.00s Real=0.00s
[2019-06-24T09:22:16.059+0000][1][gc           ] GC(18) Concurrent Abortable Preclean
[2019-06-24T09:22:16.226+0000][1][safepoint    ] Application time: 0.1976777 seconds
[2019-06-24T09:22:16.226+0000][1][safepoint    ] Entering safepoint region: CollectForMetadataAllocation
[2019-06-24T09:22:16.227+0000][1][safepoint    ] Leaving safepoint region
[2019-06-24T09:22:16.227+0000][1][safepoint    ] Total time for which application threads were stopped: 0.0002502 seconds, Stopping threads took: 0.0000234 seconds
[2019-06-24T09:22:16.248+0000][1][safepoint    ] Application time: 0.0212503 seconds
[2019-06-24T09:22:16.248+0000][1][safepoint    ] Entering safepoint region: CollectForMetadataAllocation
[2019-06-24T09:22:16.248+0000][1][safepoint    ] Leaving safepoint region
[2019-06-24T09:22:16.248+0000][1][safepoint    ] Total time for which application threads were stopped: 0.0001584 seconds, Stopping threads took: 0.0000124 seconds
[2019-06-24T09:22:16.260+0000][1][safepoint    ] Application time: 0.0117219 seconds
[2019-06-24T09:22:16.260+0000][1][safepoint    ] Entering safepoint region: CollectForMetadataAllocation
[2019-06-24T09:22:16.260+0000][1][safepoint    ] Leaving safepoint region
[2019-06-24T09:22:16.260+0000][1][safepoint    ] Total time for which application threads were stopped: 0.0001238 seconds, Stopping threads took: 0.0000119 seconds
[2019-06-24T09:22:16.293+0000][1][safepoint    ] Application time: 0.0331872 seconds
[2019-06-24T09:22:16.293+0000][1][safepoint    ] Entering safepoint region: CollectForMetadataAllocation
[2019-06-24T09:22:16.293+0000][1][safepoint    ] Leaving safepoint region
[2019-06-24T09:22:16.293+0000][1][safepoint    ] Total time for which application threads were stopped: 0.0002355 seconds, Stopping threads took: 0.0000110 seconds
[2019-06-24T09:22:16.305+0000][1][safepoint    ] Application time: 0.0116924 seconds
[2019-06-24T09:22:16.305+0000][1][safepoint    ] Entering safepoint region: CollectForMetadataAllocation
[2019-06-24T09:22:16.305+0000][1][safepoint    ] Leaving safepoint region
[2019-06-24T09:22:16.305+0000][1][safepoint    ] Total time for which application threads were stopped: 0.0001414 seconds, Stopping threads took: 0.0000106 seconds
[2019-06-24T09:22:16.306+0000][1][gc           ] GC(18) Concurrent Abortable Preclean 247.196ms
[2019-06-24T09:22:16.306+0000][1][gc,cpu       ] GC(18) User=1.06s Sys=0.03s Real=0.25s
[2019-06-24T09:22:16.306+0000][1][safepoint    ] Application time: 0.0009470 seconds
[2019-06-24T09:22:16.306+0000][1][safepoint    ] Entering safepoint region: CMS_Final_Remark
[2019-06-24T09:22:16.306+0000][1][gc,start     ] GC(18) Pause Remark
[2019-06-24T09:22:16.319+0000][1][gc           ] GC(18) Pause Remark 94M->94M(247M) 13.043ms
[2019-06-24T09:22:16.319+0000][1][gc,cpu       ] GC(18) User=0.05s Sys=0.00s Real=0.01s
[2019-06-24T09:22:16.319+0000][1][safepoint    ] Leaving safepoint region
[2019-06-24T09:22:16.319+0000][1][safepoint    ] Total time for which application threads were stopped: 0.0131791 seconds, Stopping threads took: 0.0000248 seconds
[2019-06-24T09:22:16.319+0000][1][gc           ] GC(18) Concurrent Sweep
[2019-06-24T09:22:16.337+0000][1][safepoint    ] Application time: 0.0176552 seconds
[2019-06-24T09:22:16.337+0000][1][safepoint    ] Entering safepoint region: RevokeBias
[2019-06-24T09:22:16.338+0000][1][safepoint    ] Leaving safepoint region
[2019-06-24T09:22:16.338+0000][1][safepoint    ] Total time for which application threads were stopped: 0.0007367 seconds, Stopping threads took: 0.0001404 seconds
[2019-06-24T09:22:16.347+0000][1][safepoint    ] Application time: 0.0092185 seconds
[2019-06-24T09:22:16.347+0000][1][safepoint    ] Entering safepoint region: CollectForMetadataAllocation
[2019-06-24T09:22:16.347+0000][1][safepoint    ] Leaving safepoint region
[2019-06-24T09:22:16.347+0000][1][safepoint    ] Total time for which application threads were stopped: 0.0001613 seconds, Stopping threads took: 0.0000102 seconds
[2019-06-24T09:22:16.355+0000][1][gc           ] GC(18) Concurrent Sweep 35.298ms
[2019-06-24T09:22:16.355+0000][1][gc,cpu       ] GC(18) User=0.14s Sys=0.00s Real=0.04s
[2019-06-24T09:22:16.355+0000][1][gc           ] GC(18) Concurrent Reset
[2019-06-24T09:22:16.355+0000][1][gc           ] GC(18) Concurrent Reset 0.359ms
[2019-06-24T09:22:16.355+0000][1][gc,cpu       ] GC(18) User=0.00s Sys=0.00s Real=0.00s
[2019-06-24T09:22:16.355+0000][1][gc,heap      ] GC(18) Old: 55468K->55246K(174784K)
[2019-06-24T09:22:16.375+0000][1][safepoint    ] Application time: 0.0275956 seconds
[2019-06-24T09:22:16.375+0000][1][safepoint    ] Entering safepoint region: RevokeBias
[2019-06-24T09:22:16.375+0000][1][safepoint    ] Leaving safepoint region
[2019-06-24T09:22:16.375+0000][1][safepoint    ] Total time for which application threads were stopped: 0.0000975 seconds, Stopping threads took: 0.0000152 seconds
[2019-06-24T09:22:16.388+0000][1][safepoint    ] Application time: 0.0125697 seconds
[2019-06-24T09:22:16.388+0000][1][safepoint    ] Entering safepoint region: RevokeBias
[2019-06-24T09:22:16.388+0000][1][safepoint    ] Leaving safepoint region
[2019-06-24T09:22:16.388+0000][1][safepoint    ] Total time for which application threads were stopped: 0.0000768 seconds, Stopping threads took: 0.0000150 seconds
[2019-06-24T09:22:16.393+0000][1][safepoint    ] Application time: 0.0047964 seconds
[2019-06-24T09:22:16.393+0000][1][safepoint    ] Entering safepoint region: RevokeBias
[2019-06-24T09:22:16.393+0000][1][safepoint    ] Leaving safepoint region
[2019-06-24T09:22:16.393+0000][1][safepoint    ] Total time for which application threads were stopped: 0.0000778 seconds, Stopping threads took: 0.0000142 seconds
[2019-06-24T09:22:16.527+0000][1][safepoint    ] Application time: 0.1346498 seconds
[2019-06-24T09:22:16.527+0000][1][safepoint    ] Entering safepoint region: RevokeBias
[2019-06-24T09:22:16.528+0000][1][safepoint    ] Leaving safepoint region
[2019-06-24T09:22:16.528+0000][1][safepoint    ] Total time for which application threads were stopped: 0.0004393 seconds, Stopping threads took: 0.0000645 seconds
[2019-06-24T09:22:16.528+0000][1][safepoint    ] Application time: 0.0000651 seconds
[2019-06-24T09:22:16.528+0000][1][safepoint    ] Entering safepoint region: RevokeBias
[2019-06-24T09:22:16.528+0000][1][safepoint    ] Leaving safepoint region
[2019-06-24T09:22:16.528+0000][1][safepoint    ] Total time for which application threads were stopped: 0.0000897 seconds, Stopping threads took: 0.0000263 seconds
[2019-06-24T09:22:16.528+0000][1][safepoint    ] Application time: 0.0001718 seconds
[2019-06-24T09:22:16.528+0000][1][safepoint    ] Entering safepoint region: RevokeBias
[2019-06-24T09:22:16.528+0000][1][safepoint    ] Leaving safepoint region
[2019-06-24T09:22:16.528+0000][1][safepoint    ] Total time for which application threads were stopped: 0.0001089 seconds, Stopping threads took: 0.0000338 seconds
[2019-06-24T09:22:16.528+0000][1][safepoint    ] Application time: 0.0000537 seconds
[2019-06-24T09:22:16.528+0000][1][safepoint    ] Entering safepoint region: RevokeBias
[2019-06-24T09:22:16.528+0000][1][safepoint    ] Leaving safepoint region
[2019-06-24T09:22:16.528+0000][1][safepoint    ] Total time for which application threads were stopped: 0.0000678 seconds, Stopping threads took: 0.0000118 seconds
[2019-06-24T09:22:16.582+0000][1][safepoint    ] Application time: 0.0539778 seconds
[2019-06-24T09:22:16.582+0000][1][safepoint    ] Entering safepoint region: RevokeBias
[2019-06-24T09:22:16.583+0000][1][safepoint    ] Leaving safepoint region
[2019-06-24T09:22:16.583+0000][1][safepoint    ] Total time for which application threads were stopped: 0.0001502 seconds, Stopping threads took: 0.0000176 seconds
[2019-06-24T09:22:16.583+0000][1][safepoint    ] Application time: 0.0000976 seconds
[2019-06-24T09:22:16.583+0000][1][safepoint    ] Entering safepoint region: RevokeBias
[2019-06-24T09:22:16.583+0000][1][safepoint    ] Leaving safepoint region
[2019-06-24T09:22:16.583+0000][1][safepoint    ] Total time for which application threads were stopped: 0.0000763 seconds, Stopping threads took: 0.0000277 seconds
[2019-06-24T09:22:16.583+0000][1][safepoint    ] Application time: 0.0000514 seconds
[2019-06-24T09:22:16.587+0000][1][safepoint    ] Entering safepoint region: RevokeBias
[2019-06-24T09:22:16.587+0000][1][safepoint    ] Leaving safepoint region
[2019-06-24T09:22:16.587+0000][1][safepoint    ] Total time for which application threads were stopped: 0.0040716 seconds, Stopping threads took: 0.0040112 seconds
[2019-06-24T09:22:16.587+0000][1][safepoint    ] Application time: 0.0001903 seconds
[2019-06-24T09:22:16.587+0000][1][safepoint    ] Entering safepoint region: RevokeBias
[2019-06-24T09:22:16.587+0000][1][safepoint    ] Leaving safepoint region
[2019-06-24T09:22:16.587+0000][1][safepoint    ] Total time for which application threads were stopped: 0.0002310 seconds, Stopping threads took: 0.0001815 seconds
[2019-06-24T09:22:16.588+0000][1][safepoint    ] Application time: 0.0002219 seconds
[2019-06-24T09:22:16.588+0000][1][safepoint    ] Entering safepoint region: RevokeBias
[2019-06-24T09:22:16.588+0000][1][safepoint    ] Leaving safepoint region
[2019-06-24T09:22:16.588+0000][1][safepoint    ] Total time for which application threads were stopped: 0.0000587 seconds, Stopping threads took: 0.0000122 seconds
[2019-06-24T09:22:16.588+0000][1][safepoint    ] Application time: 0.0002815 seconds
[2019-06-24T09:22:16.588+0000][1][safepoint    ] Entering safepoint region: RevokeBias
[2019-06-24T09:22:16.588+0000][1][safepoint    ] Leaving safepoint region
[2019-06-24T09:22:16.588+0000][1][safepoint    ] Total time for which application threads were stopped: 0.0001306 seconds, Stopping threads took: 0.0000828 seconds
[2019-06-24T09:22:16.588+0000][1][safepoint    ] Application time: 0.0001527 seconds
[2019-06-24T09:22:16.588+0000][1][safepoint    ] Entering safepoint region: RevokeBias
[2019-06-24T09:22:16.588+0000][1][safepoint    ] Leaving safepoint region
[2019-06-24T09:22:16.588+0000][1][safepoint    ] Total time for which application threads were stopped: 0.0000678 seconds, Stopping threads took: 0.0000319 seconds
[2019-06-24T09:22:16.588+0000][1][safepoint    ] Application time: 0.0000862 seconds
[2019-06-24T09:22:16.588+0000][1][safepoint    ] Entering safepoint region: RevokeBias
[2019-06-24T09:22:16.589+0000][1][safepoint    ] Leaving safepoint region
[2019-06-24T09:22:16.589+0000][1][safepoint    ] Total time for which application threads were stopped: 0.0000677 seconds, Stopping threads took: 0.0000271 seconds
[2019-06-24T09:22:16.589+0000][1][safepoint    ] Application time: 0.0000407 seconds
[2019-06-24T09:22:16.589+0000][1][safepoint    ] Entering safepoint region: RevokeBias
[2019-06-24T09:22:16.589+0000][1][safepoint    ] Leaving safepoint region
[2019-06-24T09:22:16.589+0000][1][safepoint    ] Total time for which application threads were stopped: 0.0000532 seconds, Stopping threads took: 0.0000105 seconds
[2019-06-24T09:22:16.589+0000][1][safepoint    ] Application time: 0.0000441 seconds
[2019-06-24T09:22:16.589+0000][1][safepoint    ] Entering safepoint region: RevokeBias
[2019-06-24T09:22:16.589+0000][1][safepoint    ] Leaving safepoint region
[2019-06-24T09:22:16.589+0000][1][safepoint    ] Total time for which application threads were stopped: 0.0000582 seconds, Stopping threads took: 0.0000110 seconds
[2019-06-24T09:22:16.589+0000][1][safepoint    ] Application time: 0.0000412 seconds
[2019-06-24T09:22:16.589+0000][1][safepoint    ] Entering safepoint region: RevokeBias
[2019-06-24T09:22:16.589+0000][1][safepoint    ] Leaving safepoint region
[2019-06-24T09:22:16.589+0000][1][safepoint    ] Total time for which application threads were stopped: 0.0000459 seconds, Stopping threads took: 0.0000105 seconds
[2019-06-24T09:22:16.589+0000][1][safepoint    ] Application time: 0.0000418 seconds
[2019-06-24T09:22:16.589+0000][1][safepoint    ] Entering safepoint region: RevokeBias
[2019-06-24T09:22:16.589+0000][1][safepoint    ] Leaving safepoint region
[2019-06-24T09:22:16.589+0000][1][safepoint    ] Total time for which application threads were stopped: 0.0000478 seconds, Stopping threads took: 0.0000105 seconds
[2019-06-24T09:22:16.589+0000][1][safepoint    ] Application time: 0.0000379 seconds
[2019-06-24T09:22:16.589+0000][1][safepoint    ] Entering safepoint region: RevokeBias
[2019-06-24T09:22:16.589+0000][1][safepoint    ] Leaving safepoint region
[2019-06-24T09:22:16.589+0000][1][safepoint    ] Total time for which application threads were stopped: 0.0000435 seconds, Stopping threads took: 0.0000133 seconds
[2019-06-24T09:22:16.589+0000][1][safepoint    ] Application time: 0.0000372 seconds
[2019-06-24T09:22:16.589+0000][1][safepoint    ] Entering safepoint region: RevokeBias
[2019-06-24T09:22:16.589+0000][1][safepoint    ] Leaving safepoint region
[2019-06-24T09:22:16.589+0000][1][safepoint    ] Total time for which application threads were stopped: 0.0000430 seconds, Stopping threads took: 0.0000100 seconds
[2019-06-24T09:22:16.589+0000][1][safepoint    ] Application time: 0.0000379 seconds
[2019-06-24T09:22:16.589+0000][1][safepoint    ] Entering safepoint region: RevokeBias
[2019-06-24T09:22:16.589+0000][1][safepoint    ] Leaving safepoint region
[2019-06-24T09:22:16.589+0000][1][safepoint    ] Total time for which application threads were stopped: 0.0000469 seconds, Stopping threads took: 0.0000103 seconds
[2019-06-24T09:22:16.589+0000][1][safepoint    ] Application time: 0.0000382 seconds
[2019-06-24T09:22:16.589+0000][1][safepoint    ] Entering safepoint region: RevokeBias
[2019-06-24T09:22:16.589+0000][1][safepoint    ] Leaving safepoint region
[2019-06-24T09:22:16.589+0000][1][safepoint    ] Total time for which application threads were stopped: 0.0000416 seconds, Stopping threads took: 0.0000099 seconds
[2019-06-24T09:22:16.589+0000][1][safepoint    ] Application time: 0.0000381 seconds
[2019-06-24T09:22:16.589+0000][1][safepoint    ] Entering safepoint region: RevokeBias
[2019-06-24T09:22:16.589+0000][1][safepoint    ] Leaving safepoint region
[2019-06-24T09:22:16.589+0000][1][safepoint    ] Total time for which application threads were stopped: 0.0000451 seconds, Stopping threads took: 0.0000105 seconds
[2019-06-24T09:22:16.590+0000][1][safepoint    ] Application time: 0.0000377 seconds
[2019-06-24T09:22:16.590+0000][1][safepoint    ] Entering safepoint region: RevokeBias
[2019-06-24T09:22:16.590+0000][1][safepoint    ] Leaving safepoint region
[2019-06-24T09:22:16.590+0000][1][safepoint    ] Total time for which application threads were stopped: 0.0000539 seconds, Stopping threads took: 0.0000105 seconds
[2019-06-24T09:22:16.590+0000][1][safepoint    ] Application time: 0.0000342 seconds
[2019-06-24T09:22:16.590+0000][1][safepoint    ] Entering safepoint region: RevokeBias
[2019-06-24T09:22:16.590+0000][1][safepoint    ] Leaving safepoint region
[2019-06-24T09:22:16.590+0000][1][safepoint    ] Total time for which application threads were stopped: 0.0000574 seconds, Stopping threads took: 0.0000107 seconds
[2019-06-24T09:22:16.590+0000][1][safepoint    ] Application time: 0.0000356 seconds
[2019-06-24T09:22:16.590+0000][1][safepoint    ] Entering safepoint region: RevokeBias
[2019-06-24T09:22:16.590+0000][1][safepoint    ] Leaving safepoint region
[2019-06-24T09:22:16.590+0000][1][safepoint    ] Total time for which application threads were stopped: 0.0000583 seconds, Stopping threads took: 0.0000209 seconds
[2019-06-24T09:22:16.590+0000][1][safepoint    ] Application time: 0.0000370 seconds
[2019-06-24T09:22:16.590+0000][1][safepoint    ] Entering safepoint region: RevokeBias
[2019-06-24T09:22:16.590+0000][1][safepoint    ] Leaving safepoint region
[2019-06-24T09:22:16.590+0000][1][safepoint    ] Total time for which application threads were stopped: 0.0000520 seconds, Stopping threads took: 0.0000198 seconds
[2019-06-24T09:22:16.590+0000][1][safepoint    ] Application time: 0.0000403 seconds
[2019-06-24T09:22:16.590+0000][1][safepoint    ] Entering safepoint region: RevokeBias
[2019-06-24T09:22:16.590+0000][1][safepoint    ] Leaving safepoint region
[2019-06-24T09:22:16.590+0000][1][safepoint    ] Total time for which application threads were stopped: 0.0000460 seconds, Stopping threads took: 0.0000102 seconds
[2019-06-24T09:22:16.590+0000][1][safepoint    ] Application time: 0.0000396 seconds
[2019-06-24T09:22:16.590+0000][1][safepoint    ] Entering safepoint region: RevokeBias
[2019-06-24T09:22:16.590+0000][1][safepoint    ] Leaving safepoint region
[2019-06-24T09:22:16.590+0000][1][safepoint    ] Total time for which application threads were stopped: 0.0000424 seconds, Stopping threads took: 0.0000096 seconds
[2019-06-24T09:22:16.590+0000][1][safepoint    ] Application time: 0.0000417 seconds
[2019-06-24T09:22:16.590+0000][1][safepoint    ] Entering safepoint region: RevokeBias
[2019-06-24T09:22:16.590+0000][1][safepoint    ] Leaving safepoint region
[2019-06-24T09:22:16.590+0000][1][safepoint    ] Total time for which application threads were stopped: 0.0000429 seconds, Stopping threads took: 0.0000101 seconds
[2019-06-24T09:22:16.590+0000][1][safepoint    ] Application time: 0.0000393 seconds
[2019-06-24T09:22:16.590+0000][1][safepoint    ] Entering safepoint region: RevokeBias
[2019-06-24T09:22:16.590+0000][1][safepoint    ] Leaving safepoint region
[2019-06-24T09:22:16.590+0000][1][safepoint    ] Total time for which application threads were stopped: 0.0000440 seconds, Stopping threads took: 0.0000103 seconds
[2019-06-24T09:22:16.590+0000][1][safepoint    ] Application time: 0.0000388 seconds
[2019-06-24T09:22:16.590+0000][1][safepoint    ] Entering safepoint region: BulkRevokeBias
[2019-06-24T09:22:16.591+0000][1][safepoint    ] Leaving safepoint region
[2019-06-24T09:22:16.591+0000][1][safepoint    ] Total time for which application threads were stopped: 0.0001284 seconds, Stopping threads took: 0.0000100 seconds
[2019-06-24T09:22:16.591+0000][1][safepoint    ] Application time: 0.0001563 seconds
[2019-06-24T09:22:16.591+0000][1][safepoint    ] Entering safepoint region: RevokeBias
[2019-06-24T09:22:16.591+0000][1][safepoint    ] Leaving safepoint region
[2019-06-24T09:22:16.591+0000][1][safepoint    ] Total time for which application threads were stopped: 0.0000571 seconds, Stopping threads took: 0.0000109 seconds
[2019-06-24T09:22:16.591+0000][1][safepoint    ] Application time: 0.0000616 seconds
[2019-06-24T09:22:16.591+0000][1][safepoint    ] Entering safepoint region: RevokeBias
[2019-06-24T09:22:16.591+0000][1][safepoint    ] Leaving safepoint region
[2019-06-24T09:22:16.591+0000][1][safepoint    ] Total time for which application threads were stopped: 0.0000439 seconds, Stopping threads took: 0.0000102 seconds
[2019-06-24T09:22:16.591+0000][1][safepoint    ] Application time: 0.0000911 seconds
[2019-06-24T09:22:16.591+0000][1][safepoint    ] Entering safepoint region: RevokeBias
[2019-06-24T09:22:16.591+0000][1][safepoint    ] Leaving safepoint region
[2019-06-24T09:22:16.591+0000][1][safepoint    ] Total time for which application threads were stopped: 0.0000485 seconds, Stopping threads took: 0.0000105 seconds
[2019-06-24T09:22:16.591+0000][1][safepoint    ] Application time: 0.0000641 seconds
[2019-06-24T09:22:16.591+0000][1][safepoint    ] Entering safepoint region: RevokeBias
[2019-06-24T09:22:16.591+0000][1][safepoint    ] Leaving safepoint region
[2019-06-24T09:22:16.591+0000][1][safepoint    ] Total time for which application threads were stopped: 0.0000847 seconds, Stopping threads took: 0.0000319 seconds
[2019-06-24T09:22:16.591+0000][1][safepoint    ] Application time: 0.0000604 seconds
[2019-06-24T09:22:16.591+0000][1][safepoint    ] Entering safepoint region: RevokeBias
[2019-06-24T09:22:16.591+0000][1][safepoint    ] Leaving safepoint region
[2019-06-24T09:22:16.591+0000][1][safepoint    ] Total time for which application threads were stopped: 0.0000634 seconds, Stopping threads took: 0.0000099 seconds
[2019-06-24T09:22:16.591+0000][1][safepoint    ] Application time: 0.0000506 seconds
[2019-06-24T09:22:16.591+0000][1][safepoint    ] Entering safepoint region: RevokeBias
[2019-06-24T09:22:16.591+0000][1][safepoint    ] Leaving safepoint region
[2019-06-24T09:22:16.591+0000][1][safepoint    ] Total time for which application threads were stopped: 0.0000604 seconds, Stopping threads took: 0.0000101 seconds
[2019-06-24T09:22:16.592+0000][1][safepoint    ] Application time: 0.0000711 seconds
[2019-06-24T09:22:16.592+0000][1][safepoint    ] Entering safepoint region: RevokeBias
[2019-06-24T09:22:16.592+0000][1][safepoint    ] Leaving safepoint region
[2019-06-24T09:22:16.592+0000][1][safepoint    ] Total time for which application threads were stopped: 0.0000445 seconds, Stopping threads took: 0.0000113 seconds
[2019-06-24T09:22:16.592+0000][1][safepoint    ] Application time: 0.0000640 seconds
[2019-06-24T09:22:16.592+0000][1][safepoint    ] Entering safepoint region: RevokeBias
[2019-06-24T09:22:16.592+0000][1][safepoint    ] Leaving safepoint region
[2019-06-24T09:22:16.592+0000][1][safepoint    ] Total time for which application threads were stopped: 0.0000723 seconds, Stopping threads took: 0.0000378 seconds
[2019-06-24T09:22:16.592+0000][1][safepoint    ] Application time: 0.0000347 seconds
[2019-06-24T09:22:16.592+0000][1][safepoint    ] Entering safepoint region: RevokeBias
[2019-06-24T09:22:16.592+0000][1][safepoint    ] Leaving safepoint region
[2019-06-24T09:22:16.592+0000][1][safepoint    ] Total time for which application threads were stopped: 0.0000675 seconds, Stopping threads took: 0.0000202 seconds
[2019-06-24T09:22:16.592+0000][1][safepoint    ] Application time: 0.0000672 seconds
[2019-06-24T09:22:16.592+0000][1][safepoint    ] Entering safepoint region: RevokeBias
[2019-06-24T09:22:16.592+0000][1][safepoint    ] Leaving safepoint region
[2019-06-24T09:22:16.592+0000][1][safepoint    ] Total time for which application threads were stopped: 0.0000616 seconds, Stopping threads took: 0.0000100 seconds
[2019-06-24T09:22:16.592+0000][1][safepoint    ] Application time: 0.0000418 seconds
[2019-06-24T09:22:16.592+0000][1][safepoint    ] Entering safepoint region: RevokeBias
[2019-06-24T09:22:16.592+0000][1][safepoint    ] Leaving safepoint region
[2019-06-24T09:22:16.592+0000][1][safepoint    ] Total time for which application threads were stopped: 0.0000503 seconds, Stopping threads took: 0.0000218 seconds
[2019-06-24T09:22:16.592+0000][1][safepoint    ] Application time: 0.0000355 seconds
[2019-06-24T09:22:16.592+0000][1][safepoint    ] Entering safepoint region: RevokeBias
[2019-06-24T09:22:16.592+0000][1][safepoint    ] Leaving safepoint region
[2019-06-24T09:22:16.592+0000][1][safepoint    ] Total time for which application threads were stopped: 0.0002138 seconds, Stopping threads took: 0.0001878 seconds
[2019-06-24T09:22:16.592+0000][1][safepoint    ] Application time: 0.0000336 seconds
[2019-06-24T09:22:16.592+0000][1][safepoint    ] Entering safepoint region: RevokeBias
[2019-06-24T09:22:16.592+0000][1][safepoint    ] Leaving safepoint region
[2019-06-24T09:22:16.593+0000][1][safepoint    ] Total time for which application threads were stopped: 0.0000469 seconds, Stopping threads took: 0.0000101 seconds
[2019-06-24T09:22:16.593+0000][1][safepoint    ] Application time: 0.0000377 seconds
[2019-06-24T09:22:16.593+0000][1][safepoint    ] Entering safepoint region: RevokeBias
[2019-06-24T09:22:16.593+0000][1][safepoint    ] Leaving safepoint region
[2019-06-24T09:22:16.593+0000][1][safepoint    ] Total time for which application threads were stopped: 0.0000521 seconds, Stopping threads took: 0.0000098 seconds
[2019-06-24T09:22:16.593+0000][1][safepoint    ] Application time: 0.0000365 seconds
[2019-06-24T09:22:16.593+0000][1][safepoint    ] Entering safepoint region: RevokeBias
[2019-06-24T09:22:16.593+0000][1][safepoint    ] Leaving safepoint region
[2019-06-24T09:22:16.593+0000][1][safepoint    ] Total time for which application threads were stopped: 0.0000564 seconds, Stopping threads took: 0.0000268 seconds
[2019-06-24T09:22:16.593+0000][1][safepoint    ] Application time: 0.0000361 seconds
[2019-06-24T09:22:16.593+0000][1][safepoint    ] Entering safepoint region: RevokeBias
[2019-06-24T09:22:16.593+0000][1][safepoint    ] Leaving safepoint region
[2019-06-24T09:22:16.593+0000][1][safepoint    ] Total time for which application threads were stopped: 0.0000391 seconds, Stopping threads took: 0.0000091 seconds
[2019-06-24T09:22:16.593+0000][1][safepoint    ] Application time: 0.0000357 seconds
[2019-06-24T09:22:16.593+0000][1][safepoint    ] Entering safepoint region: RevokeBias
[2019-06-24T09:22:16.593+0000][1][safepoint    ] Leaving safepoint region
[2019-06-24T09:22:16.593+0000][1][safepoint    ] Total time for which application threads were stopped: 0.0000405 seconds, Stopping threads took: 0.0000123 seconds
[2019-06-24T09:22:16.593+0000][1][safepoint    ] Application time: 0.0000358 seconds
[2019-06-24T09:22:16.593+0000][1][safepoint    ] Entering safepoint region: RevokeBias
[2019-06-24T09:22:16.593+0000][1][safepoint    ] Leaving safepoint region
[2019-06-24T09:22:16.593+0000][1][safepoint    ] Total time for which application threads were stopped: 0.0000554 seconds, Stopping threads took: 0.0000274 seconds
[2019-06-24T09:22:16.593+0000][1][safepoint    ] Application time: 0.0000355 seconds
[2019-06-24T09:22:16.593+0000][1][safepoint    ] Entering safepoint region: RevokeBias
[2019-06-24T09:22:16.593+0000][1][safepoint    ] Leaving safepoint region
[2019-06-24T09:22:16.593+0000][1][safepoint    ] Total time for which application threads were stopped: 0.0000413 seconds, Stopping threads took: 0.0000130 seconds
[2019-06-24T09:22:16.593+0000][1][safepoint    ] Application time: 0.0000367 seconds
[2019-06-24T09:22:16.593+0000][1][safepoint    ] Entering safepoint region: RevokeBias
[2019-06-24T09:22:16.593+0000][1][safepoint    ] Leaving safepoint region
[2019-06-24T09:22:16.593+0000][1][safepoint    ] Total time for which application threads were stopped: 0.0000406 seconds, Stopping threads took: 0.0000099 seconds
[2019-06-24T09:22:16.593+0000][1][safepoint    ] Application time: 0.0000358 seconds
[2019-06-24T09:22:16.593+0000][1][safepoint    ] Entering safepoint region: RevokeBias
[2019-06-24T09:22:16.593+0000][1][safepoint    ] Leaving safepoint region
[2019-06-24T09:22:16.593+0000][1][safepoint    ] Total time for which application threads were stopped: 0.0000419 seconds, Stopping threads took: 0.0000100 seconds
[2019-06-24T09:22:16.593+0000][1][safepoint    ] Application time: 0.0000355 seconds
[2019-06-24T09:22:16.593+0000][1][safepoint    ] Entering safepoint region: RevokeBias
[2019-06-24T09:22:16.593+0000][1][safepoint    ] Leaving safepoint region
[2019-06-24T09:22:16.593+0000][1][safepoint    ] Total time for which application threads were stopped: 0.0000423 seconds, Stopping threads took: 0.0000099 seconds
[2019-06-24T09:22:16.593+0000][1][safepoint    ] Application time: 0.0000371 seconds
[2019-06-24T09:22:16.593+0000][1][safepoint    ] Entering safepoint region: RevokeBias
[2019-06-24T09:22:16.593+0000][1][safepoint    ] Leaving safepoint region
[2019-06-24T09:22:16.593+0000][1][safepoint    ] Total time for which application threads were stopped: 0.0000447 seconds, Stopping threads took: 0.0000101 seconds
[2019-06-24T09:22:16.594+0000][1][safepoint    ] Application time: 0.0000392 seconds
[2019-06-24T09:22:16.594+0000][1][safepoint    ] Entering safepoint region: BulkRevokeBias
[2019-06-24T09:22:16.594+0000][1][safepoint    ] Leaving safepoint region
[2019-06-24T09:22:16.594+0000][1][safepoint    ] Total time for which application threads were stopped: 0.0001128 seconds, Stopping threads took: 0.0000102 seconds
[2019-06-24T09:22:16.594+0000][1][safepoint    ] Application time: 0.0002164 seconds
[2019-06-24T09:22:16.594+0000][1][safepoint    ] Entering safepoint region: RevokeBias
[2019-06-24T09:22:16.594+0000][1][safepoint    ] Leaving safepoint region
[2019-06-24T09:22:16.594+0000][1][safepoint    ] Total time for which application threads were stopped: 0.0000594 seconds, Stopping threads took: 0.0000113 seconds
[2019-06-24T09:22:16.594+0000][1][safepoint    ] Application time: 0.0000684 seconds
[2019-06-24T09:22:16.594+0000][1][safepoint    ] Entering safepoint region: RevokeBias
[2019-06-24T09:22:16.594+0000][1][safepoint    ] Leaving safepoint region
[2019-06-24T09:22:16.594+0000][1][safepoint    ] Total time for which application threads were stopped: 0.0001990 seconds, Stopping threads took: 0.0001595 seconds
[2019-06-24T09:22:16.594+0000][1][safepoint    ] Application time: 0.0001631 seconds
[2019-06-24T09:22:16.594+0000][1][safepoint    ] Entering safepoint region: RevokeBias
[2019-06-24T09:22:16.595+0000][1][safepoint    ] Leaving safepoint region
[2019-06-24T09:22:16.595+0000][1][safepoint    ] Total time for which application threads were stopped: 0.0001337 seconds, Stopping threads took: 0.0000600 seconds
[2019-06-24T09:22:16.595+0000][1][safepoint    ] Application time: 0.0000606 seconds
[2019-06-24T09:22:16.595+0000][1][safepoint    ] Entering safepoint region: RevokeBias
[2019-06-24T09:22:16.595+0000][1][safepoint    ] Leaving safepoint region
[2019-06-24T09:22:16.595+0000][1][safepoint    ] Total time for which application threads were stopped: 0.0001205 seconds, Stopping threads took: 0.0000623 seconds
[2019-06-24T09:22:16.595+0000][1][safepoint    ] Application time: 0.0000408 seconds
[2019-06-24T09:22:16.595+0000][1][safepoint    ] Entering safepoint region: RevokeBias
[2019-06-24T09:22:16.595+0000][1][safepoint    ] Leaving safepoint region
[2019-06-24T09:22:16.595+0000][1][safepoint    ] Total time for which application threads were stopped: 0.0000708 seconds, Stopping threads took: 0.0000322 seconds
[2019-06-24T09:22:16.595+0000][1][safepoint    ] Application time: 0.0000356 seconds
[2019-06-24T09:22:16.595+0000][1][safepoint    ] Entering safepoint region: RevokeBias
[2019-06-24T09:22:16.595+0000][1][safepoint    ] Leaving safepoint region
[2019-06-24T09:22:16.595+0000][1][safepoint    ] Total time for which application threads were stopped: 0.0000403 seconds, Stopping threads took: 0.0000065 seconds
[2019-06-24T09:22:16.595+0000][1][safepoint    ] Application time: 0.0001457 seconds
[2019-06-24T09:22:16.595+0000][1][safepoint    ] Entering safepoint region: RevokeBias
[2019-06-24T09:22:16.595+0000][1][safepoint    ] Leaving safepoint region
[2019-06-24T09:22:16.595+0000][1][safepoint    ] Total time for which application threads were stopped: 0.0001935 seconds, Stopping threads took: 0.0001728 seconds
[2019-06-24T09:22:16.596+0000][1][safepoint    ] Application time: 0.0002932 seconds
[2019-06-24T09:22:16.596+0000][1][safepoint    ] Entering safepoint region: RevokeBias
[2019-06-24T09:22:16.596+0000][1][safepoint    ] Leaving safepoint region
[2019-06-24T09:22:16.596+0000][1][safepoint    ] Total time for which application threads were stopped: 0.0000729 seconds, Stopping threads took: 0.0000111 seconds
[2019-06-24T09:22:16.596+0000][1][safepoint    ] Application time: 0.0001357 seconds
[2019-06-24T09:22:16.596+0000][1][safepoint    ] Entering safepoint region: RevokeBias
[2019-06-24T09:22:16.596+0000][1][safepoint    ] Leaving safepoint region
[2019-06-24T09:22:16.596+0000][1][safepoint    ] Total time for which application threads were stopped: 0.0000782 seconds, Stopping threads took: 0.0000316 seconds
[2019-06-24T09:22:16.596+0000][1][safepoint    ] Application time: 0.0003220 seconds
[2019-06-24T09:22:16.596+0000][1][safepoint    ] Entering safepoint region: RevokeBias
[2019-06-24T09:22:16.596+0000][1][safepoint    ] Leaving safepoint region
[2019-06-24T09:22:16.596+0000][1][safepoint    ] Total time for which application threads were stopped: 0.0000768 seconds, Stopping threads took: 0.0000120 seconds
[2019-06-24T09:22:16.597+0000][1][safepoint    ] Application time: 0.0003606 seconds
[2019-06-24T09:22:16.597+0000][1][safepoint    ] Entering safepoint region: RevokeBias
[2019-06-24T09:22:16.597+0000][1][safepoint    ] Leaving safepoint region
[2019-06-24T09:22:16.597+0000][1][safepoint    ] Total time for which application threads were stopped: 0.0000707 seconds, Stopping threads took: 0.0000326 seconds
[2019-06-24T09:22:16.597+0000][1][safepoint    ] Application time: 0.0002793 seconds
[2019-06-24T09:22:16.597+0000][1][safepoint    ] Entering safepoint region: RevokeBias
[2019-06-24T09:22:16.597+0000][1][safepoint    ] Leaving safepoint region
[2019-06-24T09:22:16.597+0000][1][safepoint    ] Total time for which application threads were stopped: 0.0000801 seconds, Stopping threads took: 0.0000142 seconds
[2019-06-24T09:22:16.598+0000][1][safepoint    ] Application time: 0.0002828 seconds
[2019-06-24T09:22:16.598+0000][1][safepoint    ] Entering safepoint region: RevokeBias
[2019-06-24T09:22:16.598+0000][1][safepoint    ] Leaving safepoint region
[2019-06-24T09:22:16.598+0000][1][safepoint    ] Total time for which application threads were stopped: 0.0002353 seconds, Stopping threads took: 0.0001680 seconds
[2019-06-24T09:22:16.598+0000][1][safepoint    ] Application time: 0.0001171 seconds
[2019-06-24T09:22:16.598+0000][1][safepoint    ] Entering safepoint region: RevokeBias
[2019-06-24T09:22:16.598+0000][1][safepoint    ] Leaving safepoint region
[2019-06-24T09:22:16.598+0000][1][safepoint    ] Total time for which application threads were stopped: 0.0001854 seconds, Stopping threads took: 0.0001278 seconds
[2019-06-24T09:22:16.598+0000][1][safepoint    ] Application time: 0.0000550 seconds
[2019-06-24T09:22:16.598+0000][1][safepoint    ] Entering safepoint region: RevokeBias
[2019-06-24T09:22:16.598+0000][1][safepoint    ] Leaving safepoint region
[2019-06-24T09:22:16.598+0000][1][safepoint    ] Total time for which application threads were stopped: 0.0000778 seconds, Stopping threads took: 0.0000295 seconds
[2019-06-24T09:22:16.599+0000][1][safepoint    ] Application time: 0.0002512 seconds
[2019-06-24T09:22:16.599+0000][1][safepoint    ] Entering safepoint region: RevokeBias
[2019-06-24T09:22:16.599+0000][1][safepoint    ] Leaving safepoint region
[2019-06-24T09:22:16.599+0000][1][safepoint    ] Total time for which application threads were stopped: 0.0000617 seconds, Stopping threads took: 0.0000106 seconds
[2019-06-24T09:22:16.600+0000][1][safepoint    ] Application time: 0.0015630 seconds
[2019-06-24T09:22:16.600+0000][1][safepoint    ] Entering safepoint region: RevokeBias
[2019-06-24T09:22:16.600+0000][1][safepoint    ] Leaving safepoint region
[2019-06-24T09:22:16.600+0000][1][safepoint    ] Total time for which application threads were stopped: 0.0001341 seconds, Stopping threads took: 0.0000564 seconds
[2019-06-24T09:22:16.600+0000][1][safepoint    ] Application time: 0.0001176 seconds
[2019-06-24T09:22:16.601+0000][1][safepoint    ] Entering safepoint region: RevokeBias
[2019-06-24T09:22:16.601+0000][1][safepoint    ] Leaving safepoint region
[2019-06-24T09:22:16.601+0000][1][safepoint    ] Total time for which application threads were stopped: 0.0000873 seconds, Stopping threads took: 0.0000421 seconds
[2019-06-24T09:22:16.601+0000][1][safepoint    ] Application time: 0.0000487 seconds
[2019-06-24T09:22:16.601+0000][1][safepoint    ] Entering safepoint region: RevokeBias
[2019-06-24T09:22:16.601+0000][1][safepoint    ] Leaving safepoint region
[2019-06-24T09:22:16.601+0000][1][safepoint    ] Total time for which application threads were stopped: 0.0000708 seconds, Stopping threads took: 0.0000291 seconds
[2019-06-24T09:22:16.603+0000][1][safepoint    ] Application time: 0.0021549 seconds
[2019-06-24T09:22:16.603+0000][1][safepoint    ] Entering safepoint region: RevokeBias
[2019-06-24T09:22:16.603+0000][1][safepoint    ] Leaving safepoint region
[2019-06-24T09:22:16.603+0000][1][safepoint    ] Total time for which application threads were stopped: 0.0001471 seconds, Stopping threads took: 0.0000404 seconds
[2019-06-24T09:22:16.603+0000][1][safepoint    ] Application time: 0.0000522 seconds
[2019-06-24T09:22:16.603+0000][1][safepoint    ] Entering safepoint region: RevokeBias
[2019-06-24T09:22:16.603+0000][1][safepoint    ] Leaving safepoint region
[2019-06-24T09:22:16.603+0000][1][safepoint    ] Total time for which application threads were stopped: 0.0000811 seconds, Stopping threads took: 0.0000107 seconds
[2019-06-24T09:22:16.604+0000][1][safepoint    ] Application time: 0.0002490 seconds
[2019-06-24T09:22:16.604+0000][1][safepoint    ] Entering safepoint region: RevokeBias
[2019-06-24T09:22:16.604+0000][1][safepoint    ] Leaving safepoint region
[2019-06-24T09:22:16.604+0000][1][safepoint    ] Total time for which application threads were stopped: 0.0001192 seconds, Stopping threads took: 0.0000338 seconds
[2019-06-24T09:22:16.631+0000][1][safepoint    ] Application time: 0.0272622 seconds
[2019-06-24T09:22:16.631+0000][1][safepoint    ] Entering safepoint region: GenCollectForAllocation
[2019-06-24T09:22:16.631+0000][1][gc,start     ] GC(19) Pause Young (Allocation Failure)
[2019-06-24T09:22:16.631+0000][1][gc,task      ] GC(19) Using 5 workers of 8 for evacuation
[2019-06-24T09:22:16.637+0000][1][gc,age       ] GC(19) Desired survivor size 4456448 bytes, new threshold 2 (max threshold 6)
[2019-06-24T09:22:16.637+0000][1][gc,age       ] GC(19) Age table with threshold 2 (max threshold 6)
[2019-06-24T09:22:16.637+0000][1][gc,age       ] GC(19) - age   1:    2960104 bytes,    2960104 total
[2019-06-24T09:22:16.637+0000][1][gc,age       ] GC(19) - age   2:    3867776 bytes,    6827880 total
[2019-06-24T09:22:16.637+0000][1][gc,age       ] GC(19) - age   3:     257040 bytes,    7084920 total
[2019-06-24T09:22:16.637+0000][1][gc,heap      ] GC(19) ParNew: 74821K->8472K(78656K)
[2019-06-24T09:22:16.637+0000][1][gc,heap      ] GC(19) CMS: 55246K->55246K(174784K)
[2019-06-24T09:22:16.637+0000][1][gc,metaspace ] GC(19) Metaspace: 47275K->47275K(1093632K)
[2019-06-24T09:22:16.637+0000][1][gc           ] GC(19) Pause Young (Allocation Failure) 127M->62M(247M) 5.564ms
[2019-06-24T09:22:16.637+0000][1][gc,cpu       ] GC(19) User=0.03s Sys=0.00s Real=0.01s
[2019-06-24T09:22:16.637+0000][1][safepoint    ] Leaving safepoint region
[2019-06-24T09:22:16.637+0000][1][safepoint    ] Total time for which application threads were stopped: 0.0057102 seconds, Stopping threads took: 0.0000193 seconds
[2019-06-24T09:22:16.652+0000][1][safepoint    ] Application time: 0.0157619 seconds
[2019-06-24T09:22:16.652+0000][1][safepoint    ] Entering safepoint region: RevokeBias
[2019-06-24T09:22:16.653+0000][1][safepoint    ] Leaving safepoint region
[2019-06-24T09:22:16.653+0000][1][safepoint    ] Total time for which application threads were stopped: 0.0000714 seconds, Stopping threads took: 0.0000181 seconds
[2019-06-24T09:22:17.114+0000][1][safepoint    ] Application time: 0.4613797 seconds
[2019-06-24T09:22:17.114+0000][1][safepoint    ] Entering safepoint region: GenCollectForAllocation
[2019-06-24T09:22:17.114+0000][1][gc,start     ] GC(20) Pause Young (Allocation Failure)
[2019-06-24T09:22:17.114+0000][1][gc,task      ] GC(20) Using 5 workers of 8 for evacuation
[2019-06-24T09:22:17.122+0000][1][gc,age       ] GC(20) Desired survivor size 4456448 bytes, new threshold 6 (max threshold 6)
[2019-06-24T09:22:17.122+0000][1][gc,age       ] GC(20) Age table with threshold 6 (max threshold 6)
[2019-06-24T09:22:17.122+0000][1][gc,age       ] GC(20) - age   1:    1494872 bytes,    1494872 total
[2019-06-24T09:22:17.122+0000][1][gc,age       ] GC(20) - age   2:    2899488 bytes,    4394360 total
[2019-06-24T09:22:17.122+0000][1][gc,heap      ] GC(20) ParNew: 78424K->7286K(78656K)
[2019-06-24T09:22:17.122+0000][1][gc,heap      ] GC(20) CMS: 55246K->59415K(174784K)
[2019-06-24T09:22:17.122+0000][1][gc,metaspace ] GC(20) Metaspace: 54114K->54114K(1099776K)
[2019-06-24T09:22:17.122+0000][1][gc           ] GC(20) Pause Young (Allocation Failure) 130M->65M(247M) 7.309ms
[2019-06-24T09:22:17.122+0000][1][gc,cpu       ] GC(20) User=0.03s Sys=0.00s Real=0.01s
[2019-06-24T09:22:17.122+0000][1][safepoint    ] Leaving safepoint region
[2019-06-24T09:22:17.122+0000][1][safepoint    ] Total time for which application threads were stopped: 0.0077903 seconds, Stopping threads took: 0.0000128 seconds
[2019-06-24T09:22:17.270+0000][1][safepoint    ] Application time: 0.1482180 seconds
[2019-06-24T09:22:17.270+0000][1][safepoint    ] Entering safepoint region: Deoptimize
[2019-06-24T09:22:17.271+0000][1][safepoint    ] Leaving safepoint region
[2019-06-24T09:22:17.271+0000][1][safepoint    ] Total time for which application threads were stopped: 0.0008610 seconds, Stopping threads took: 0.0000147 seconds
[2019-06-24T09:22:17.304+0000][1][safepoint    ] Application time: 0.0332363 seconds
[2019-06-24T09:22:17.304+0000][1][safepoint    ] Entering safepoint region: RevokeBias
[2019-06-24T09:22:17.304+0000][1][safepoint    ] Leaving safepoint region
[2019-06-24T09:22:17.304+0000][1][safepoint    ] Total time for which application threads were stopped: 0.0000871 seconds, Stopping threads took: 0.0000232 seconds
[2019-06-24T09:22:17.304+0000][1][safepoint    ] Application time: 0.0001159 seconds
[2019-06-24T09:22:17.304+0000][1][safepoint    ] Entering safepoint region: RevokeBias
[2019-06-24T09:22:17.304+0000][1][safepoint    ] Leaving safepoint region
[2019-06-24T09:22:17.304+0000][1][safepoint    ] Total time for which application threads were stopped: 0.0000434 seconds, Stopping threads took: 0.0000094 seconds
[2019-06-24T09:22:17.305+0000][1][safepoint    ] Application time: 0.0001157 seconds
[2019-06-24T09:22:17.305+0000][1][safepoint    ] Entering safepoint region: RevokeBias
[2019-06-24T09:22:17.305+0000][1][safepoint    ] Leaving safepoint region
[2019-06-24T09:22:17.305+0000][1][safepoint    ] Total time for which application threads were stopped: 0.0000465 seconds, Stopping threads took: 0.0000093 seconds
[2019-06-24T09:22:17.307+0000][1][safepoint    ] Application time: 0.0021862 seconds
[2019-06-24T09:22:17.307+0000][1][safepoint    ] Entering safepoint region: RevokeBias
[2019-06-24T09:22:17.307+0000][1][safepoint    ] Leaving safepoint region
[2019-06-24T09:22:17.307+0000][1][safepoint    ] Total time for which application threads were stopped: 0.0000786 seconds, Stopping threads took: 0.0000254 seconds
[2019-06-24T09:22:17.460+0000][1][safepoint    ] Application time: 0.1534811 seconds
[2019-06-24T09:22:17.460+0000][1][safepoint    ] Entering safepoint region: Deoptimize
[2019-06-24T09:22:17.462+0000][1][safepoint    ] Leaving safepoint region
[2019-06-24T09:22:17.462+0000][1][safepoint    ] Total time for which application threads were stopped: 0.0013494 seconds, Stopping threads took: 0.0000184 seconds
[2019-06-24T09:22:17.522+0000][1][safepoint    ] Application time: 0.0600035 seconds
[2019-06-24T09:22:17.522+0000][1][safepoint    ] Entering safepoint region: RevokeBias
[2019-06-24T09:22:17.522+0000][1][safepoint    ] Leaving safepoint region
[2019-06-24T09:22:17.522+0000][1][safepoint    ] Total time for which application threads were stopped: 0.0001472 seconds, Stopping threads took: 0.0000461 seconds
[2019-06-24T09:22:17.522+0000][1][safepoint    ] Application time: 0.0000948 seconds
[2019-06-24T09:22:17.522+0000][1][safepoint    ] Entering safepoint region: RevokeBias
[2019-06-24T09:22:17.522+0000][1][safepoint    ] Leaving safepoint region
[2019-06-24T09:22:17.522+0000][1][safepoint    ] Total time for which application threads were stopped: 0.0001590 seconds, Stopping threads took: 0.0000974 seconds
[2019-06-24T09:22:17.523+0000][1][safepoint    ] Application time: 0.0007099 seconds
[2019-06-24T09:22:17.523+0000][1][safepoint    ] Entering safepoint region: RevokeBias
[2019-06-24T09:22:17.523+0000][1][safepoint    ] Leaving safepoint region
[2019-06-24T09:22:17.523+0000][1][safepoint    ] Total time for which application threads were stopped: 0.0002267 seconds, Stopping threads took: 0.0001485 seconds
[2019-06-24T09:22:17.523+0000][1][safepoint    ] Application time: 0.0001088 seconds
[2019-06-24T09:22:17.523+0000][1][safepoint    ] Entering safepoint region: RevokeBias
[2019-06-24T09:22:17.523+0000][1][safepoint    ] Leaving safepoint region
[2019-06-24T09:22:17.523+0000][1][safepoint    ] Total time for which application threads were stopped: 0.0001040 seconds, Stopping threads took: 0.0000356 seconds
[2019-06-24T09:22:17.524+0000][1][safepoint    ] Application time: 0.0001250 seconds
[2019-06-24T09:22:17.524+0000][1][safepoint    ] Entering safepoint region: BulkRevokeBias
[2019-06-24T09:22:17.524+0000][1][safepoint    ] Leaving safepoint region
[2019-06-24T09:22:17.524+0000][1][safepoint    ] Total time for which application threads were stopped: 0.0001405 seconds, Stopping threads took: 0.0000506 seconds
[2019-06-24T09:22:17.769+0000][1][safepoint    ] Application time: 0.2454621 seconds
[2019-06-24T09:22:17.769+0000][1][safepoint    ] Entering safepoint region: BulkRevokeBias
[2019-06-24T09:22:17.769+0000][1][safepoint    ] Leaving safepoint region
[2019-06-24T09:22:17.769+0000][1][safepoint    ] Total time for which application threads were stopped: 0.0001267 seconds, Stopping threads took: 0.0000123 seconds
[2019-06-24T09:22:17.808+0000][1][safepoint    ] Application time: 0.0389145 seconds
[2019-06-24T09:22:17.808+0000][1][safepoint    ] Entering safepoint region: RevokeBias
[2019-06-24T09:22:17.808+0000][1][safepoint    ] Leaving safepoint region
[2019-06-24T09:22:17.808+0000][1][safepoint    ] Total time for which application threads were stopped: 0.0000570 seconds, Stopping threads took: 0.0000131 seconds
[2019-06-24T09:22:17.808+0000][1][safepoint    ] Application time: 0.0000392 seconds
[2019-06-24T09:22:17.808+0000][1][safepoint    ] Entering safepoint region: RevokeBias
[2019-06-24T09:22:17.808+0000][1][safepoint    ] Leaving safepoint region
[2019-06-24T09:22:17.809+0000][1][safepoint    ] Total time for which application threads were stopped: 0.0000321 seconds, Stopping threads took: 0.0000079 seconds
[2019-06-24T09:22:17.809+0000][1][safepoint    ] Application time: 0.0000605 seconds
[2019-06-24T09:22:17.809+0000][1][safepoint    ] Entering safepoint region: RevokeBias
[2019-06-24T09:22:17.809+0000][1][safepoint    ] Leaving safepoint region
[2019-06-24T09:22:17.809+0000][1][safepoint    ] Total time for which application threads were stopped: 0.0000298 seconds, Stopping threads took: 0.0000078 seconds
[2019-06-24T09:22:17.809+0000][1][safepoint    ] Application time: 0.0000877 seconds
[2019-06-24T09:22:17.809+0000][1][safepoint    ] Entering safepoint region: RevokeBias
[2019-06-24T09:22:17.809+0000][1][safepoint    ] Leaving safepoint region
[2019-06-24T09:22:17.809+0000][1][safepoint    ] Total time for which application threads were stopped: 0.0000303 seconds, Stopping threads took: 0.0000078 seconds
[2019-06-24T09:22:17.809+0000][1][safepoint    ] Application time: 0.0001637 seconds
[2019-06-24T09:22:17.809+0000][1][safepoint    ] Entering safepoint region: RevokeBias
[2019-06-24T09:22:17.809+0000][1][safepoint    ] Leaving safepoint region
[2019-06-24T09:22:17.809+0000][1][safepoint    ] Total time for which application threads were stopped: 0.0000306 seconds, Stopping threads took: 0.0000077 seconds
[2019-06-24T09:22:17.809+0000][1][safepoint    ] Application time: 0.0000617 seconds
[2019-06-24T09:22:17.809+0000][1][safepoint    ] Entering safepoint region: RevokeBias
[2019-06-24T09:22:17.809+0000][1][safepoint    ] Leaving safepoint region
[2019-06-24T09:22:17.809+0000][1][safepoint    ] Total time for which application threads were stopped: 0.0000293 seconds, Stopping threads took: 0.0000077 seconds
[2019-06-24T09:22:17.809+0000][1][safepoint    ] Application time: 0.0000371 seconds
[2019-06-24T09:22:17.809+0000][1][safepoint    ] Entering safepoint region: RevokeBias
[2019-06-24T09:22:17.809+0000][1][safepoint    ] Leaving safepoint region
[2019-06-24T09:22:17.809+0000][1][safepoint    ] Total time for which application threads were stopped: 0.0000302 seconds, Stopping threads took: 0.0000081 seconds
[2019-06-24T09:22:17.809+0000][1][safepoint    ] Application time: 0.0001054 seconds
[2019-06-24T09:22:17.809+0000][1][safepoint    ] Entering safepoint region: RevokeBias
[2019-06-24T09:22:17.809+0000][1][safepoint    ] Leaving safepoint region
[2019-06-24T09:22:17.809+0000][1][safepoint    ] Total time for which application threads were stopped: 0.0000286 seconds, Stopping threads took: 0.0000069 seconds
[2019-06-24T09:22:17.820+0000][1][safepoint    ] Application time: 0.0108806 seconds
[2019-06-24T09:22:17.820+0000][1][safepoint    ] Entering safepoint region: GenCollectForAllocation
[2019-06-24T09:22:17.820+0000][1][gc,start     ] GC(21) Pause Young (Allocation Failure)
[2019-06-24T09:22:17.820+0000][1][gc,task      ] GC(21) Using 5 workers of 8 for evacuation
[2019-06-24T09:22:17.827+0000][1][gc,age       ] GC(21) Desired survivor size 4456448 bytes, new threshold 2 (max threshold 6)
[2019-06-24T09:22:17.827+0000][1][gc,age       ] GC(21) Age table with threshold 2 (max threshold 6)
[2019-06-24T09:22:17.827+0000][1][gc,age       ] GC(21) - age   1:    3779784 bytes,    3779784 total
[2019-06-24T09:22:17.827+0000][1][gc,age       ] GC(21) - age   2:    1414456 bytes,    5194240 total
[2019-06-24T09:22:17.827+0000][1][gc,age       ] GC(21) - age   3:    2886456 bytes,    8080696 total
[2019-06-24T09:22:17.827+0000][1][gc,heap      ] GC(21) ParNew: 77238K->8704K(78656K)
[2019-06-24T09:22:17.827+0000][1][gc,heap      ] GC(21) CMS: 59415K->59523K(174784K)
[2019-06-24T09:22:17.827+0000][1][gc,metaspace ] GC(21) Metaspace: 62093K->62093K(1105920K)
[2019-06-24T09:22:17.827+0000][1][gc           ] GC(21) Pause Young (Allocation Failure) 133M->66M(247M) 6.822ms
[2019-06-24T09:22:17.827+0000][1][gc,cpu       ] GC(21) User=0.04s Sys=0.00s Real=0.01s
[2019-06-24T09:22:17.827+0000][1][safepoint    ] Leaving safepoint region
[2019-06-24T09:22:17.827+0000][1][safepoint    ] Total time for which application threads were stopped: 0.0069262 seconds, Stopping threads took: 0.0000126 seconds
[2019-06-24T09:22:17.849+0000][1][safepoint    ] Application time: 0.0223352 seconds
[2019-06-24T09:22:17.850+0000][1][safepoint    ] Entering safepoint region: Deoptimize
[2019-06-24T09:22:17.850+0000][1][safepoint    ] Leaving safepoint region
[2019-06-24T09:22:17.850+0000][1][safepoint    ] Total time for which application threads were stopped: 0.0004420 seconds, Stopping threads took: 0.0000123 seconds
[2019-06-24T09:22:17.855+0000][1][safepoint    ] Application time: 0.0055062 seconds
[2019-06-24T09:22:17.856+0000][1][safepoint    ] Entering safepoint region: RevokeBias
[2019-06-24T09:22:17.856+0000][1][safepoint    ] Leaving safepoint region
[2019-06-24T09:22:17.856+0000][1][safepoint    ] Total time for which application threads were stopped: 0.0000749 seconds, Stopping threads took: 0.0000259 seconds
[2019-06-24T09:22:17.856+0000][1][safepoint    ] Application time: 0.0004161 seconds
[2019-06-24T09:22:17.856+0000][1][safepoint    ] Entering safepoint region: RevokeBias
[2019-06-24T09:22:17.856+0000][1][safepoint    ] Leaving safepoint region
[2019-06-24T09:22:17.856+0000][1][safepoint    ] Total time for which application threads were stopped: 0.0000442 seconds, Stopping threads took: 0.0000097 seconds
[2019-06-24T09:22:17.857+0000][1][safepoint    ] Application time: 0.0006780 seconds
[2019-06-24T09:22:17.857+0000][1][safepoint    ] Entering safepoint region: RevokeBias
[2019-06-24T09:22:17.857+0000][1][safepoint    ] Leaving safepoint region
[2019-06-24T09:22:17.857+0000][1][safepoint    ] Total time for which application threads were stopped: 0.0000411 seconds, Stopping threads took: 0.0000095 seconds
[2019-06-24T09:22:17.857+0000][1][safepoint    ] Application time: 0.0003468 seconds
[2019-06-24T09:22:17.857+0000][1][safepoint    ] Entering safepoint region: RevokeBias
[2019-06-24T09:22:17.857+0000][1][safepoint    ] Leaving safepoint region
[2019-06-24T09:22:17.857+0000][1][safepoint    ] Total time for which application threads were stopped: 0.0000474 seconds, Stopping threads took: 0.0000101 seconds
[2019-06-24T09:22:17.857+0000][1][safepoint    ] Application time: 0.0001227 seconds
[2019-06-24T09:22:17.857+0000][1][safepoint    ] Entering safepoint region: RevokeBias
[2019-06-24T09:22:17.857+0000][1][safepoint    ] Leaving safepoint region
[2019-06-24T09:22:17.857+0000][1][safepoint    ] Total time for which application threads were stopped: 0.0000442 seconds, Stopping threads took: 0.0000095 seconds
[2019-06-24T09:22:17.858+0000][1][safepoint    ] Application time: 0.0001551 seconds
[2019-06-24T09:22:17.858+0000][1][safepoint    ] Entering safepoint region: RevokeBias
[2019-06-24T09:22:17.858+0000][1][safepoint    ] Leaving safepoint region
[2019-06-24T09:22:17.858+0000][1][safepoint    ] Total time for which application threads were stopped: 0.0000430 seconds, Stopping threads took: 0.0000095 seconds
[2019-06-24T09:22:17.858+0000][1][safepoint    ] Application time: 0.0001918 seconds
[2019-06-24T09:22:17.858+0000][1][safepoint    ] Entering safepoint region: RevokeBias
[2019-06-24T09:22:17.858+0000][1][safepoint    ] Leaving safepoint region
[2019-06-24T09:22:17.858+0000][1][safepoint    ] Total time for which application threads were stopped: 0.0000441 seconds, Stopping threads took: 0.0000097 seconds
[2019-06-24T09:22:17.858+0000][1][safepoint    ] Application time: 0.0001785 seconds
[2019-06-24T09:22:17.858+0000][1][safepoint    ] Entering safepoint region: RevokeBias
[2019-06-24T09:22:17.858+0000][1][safepoint    ] Leaving safepoint region
[2019-06-24T09:22:17.858+0000][1][safepoint    ] Total time for which application threads were stopped: 0.0000412 seconds, Stopping threads took: 0.0000098 seconds
[2019-06-24T09:22:17.858+0000][1][safepoint    ] Application time: 0.0001593 seconds
[2019-06-24T09:22:17.858+0000][1][safepoint    ] Entering safepoint region: RevokeBias
[2019-06-24T09:22:17.858+0000][1][safepoint    ] Leaving safepoint region
[2019-06-24T09:22:17.858+0000][1][safepoint    ] Total time for which application threads were stopped: 0.0000437 seconds, Stopping threads took: 0.0000098 seconds
[2019-06-24T09:22:17.858+0000][1][safepoint    ] Application time: 0.0000354 seconds
[2019-06-24T09:22:17.858+0000][1][safepoint    ] Entering safepoint region: RevokeBias
[2019-06-24T09:22:17.858+0000][1][safepoint    ] Leaving safepoint region
[2019-06-24T09:22:17.858+0000][1][safepoint    ] Total time for which application threads were stopped: 0.0000351 seconds, Stopping threads took: 0.0000073 seconds
[2019-06-24T09:22:17.859+0000][1][safepoint    ] Application time: 0.0004240 seconds
[2019-06-24T09:22:17.859+0000][1][safepoint    ] Entering safepoint region: RevokeBias
[2019-06-24T09:22:17.859+0000][1][safepoint    ] Leaving safepoint region
[2019-06-24T09:22:17.859+0000][1][safepoint    ] Total time for which application threads were stopped: 0.0000402 seconds, Stopping threads took: 0.0000094 seconds
[2019-06-24T09:22:17.860+0000][1][safepoint    ] Application time: 0.0007928 seconds
[2019-06-24T09:22:17.860+0000][1][safepoint    ] Entering safepoint region: RevokeBias
[2019-06-24T09:22:17.860+0000][1][safepoint    ] Leaving safepoint region
[2019-06-24T09:22:17.860+0000][1][safepoint    ] Total time for which application threads were stopped: 0.0000464 seconds, Stopping threads took: 0.0000095 seconds
[2019-06-24T09:22:17.860+0000][1][safepoint    ] Application time: 0.0001670 seconds
[2019-06-24T09:22:17.860+0000][1][safepoint    ] Entering safepoint region: RevokeBias
[2019-06-24T09:22:17.860+0000][1][safepoint    ] Leaving safepoint region
[2019-06-24T09:22:17.860+0000][1][safepoint    ] Total time for which application threads were stopped: 0.0000428 seconds, Stopping threads took: 0.0000094 seconds
[2019-06-24T09:22:17.861+0000][1][safepoint    ] Application time: 0.0014439 seconds
[2019-06-24T09:22:17.862+0000][1][safepoint    ] Entering safepoint region: RevokeBias
[2019-06-24T09:22:17.862+0000][1][safepoint    ] Leaving safepoint region
[2019-06-24T09:22:17.862+0000][1][safepoint    ] Total time for which application threads were stopped: 0.0000521 seconds, Stopping threads took: 0.0000213 seconds
[2019-06-24T09:22:17.862+0000][1][safepoint    ] Application time: 0.0001349 seconds
[2019-06-24T09:22:17.862+0000][1][safepoint    ] Entering safepoint region: RevokeBias
[2019-06-24T09:22:17.862+0000][1][safepoint    ] Leaving safepoint region
[2019-06-24T09:22:17.862+0000][1][safepoint    ] Total time for which application threads were stopped: 0.0000505 seconds, Stopping threads took: 0.0000100 seconds
[2019-06-24T09:22:17.862+0000][1][safepoint    ] Application time: 0.0002112 seconds
[2019-06-24T09:22:17.862+0000][1][safepoint    ] Entering safepoint region: RevokeBias
[2019-06-24T09:22:17.862+0000][1][safepoint    ] Leaving safepoint region
[2019-06-24T09:22:17.862+0000][1][safepoint    ] Total time for which application threads were stopped: 0.0000509 seconds, Stopping threads took: 0.0000195 seconds
[2019-06-24T09:22:17.863+0000][1][safepoint    ] Application time: 0.0006120 seconds
[2019-06-24T09:22:17.863+0000][1][safepoint    ] Entering safepoint region: RevokeBias
[2019-06-24T09:22:17.863+0000][1][safepoint    ] Leaving safepoint region
[2019-06-24T09:22:17.863+0000][1][safepoint    ] Total time for which application threads were stopped: 0.0001999 seconds, Stopping threads took: 0.0001550 seconds
[2019-06-24T09:22:17.863+0000][1][safepoint    ] Application time: 0.0003724 seconds
[2019-06-24T09:22:17.863+0000][1][safepoint    ] Entering safepoint region: RevokeBias
[2019-06-24T09:22:17.864+0000][1][safepoint    ] Leaving safepoint region
[2019-06-24T09:22:17.864+0000][1][safepoint    ] Total time for which application threads were stopped: 0.0002000 seconds, Stopping threads took: 0.0001597 seconds
[2019-06-24T09:22:17.864+0000][1][safepoint    ] Application time: 0.0003687 seconds
[2019-06-24T09:22:17.864+0000][1][safepoint    ] Entering safepoint region: RevokeBias
[2019-06-24T09:22:17.864+0000][1][safepoint    ] Leaving safepoint region
[2019-06-24T09:22:17.864+0000][1][safepoint    ] Total time for which application threads were stopped: 0.0001970 seconds, Stopping threads took: 0.0001628 seconds
[2019-06-24T09:22:17.864+0000][1][safepoint    ] Application time: 0.0001248 seconds
[2019-06-24T09:22:17.864+0000][1][safepoint    ] Entering safepoint region: RevokeBias
[2019-06-24T09:22:17.864+0000][1][safepoint    ] Leaving safepoint region
[2019-06-24T09:22:17.864+0000][1][safepoint    ] Total time for which application threads were stopped: 0.0000873 seconds, Stopping threads took: 0.0000136 seconds
[2019-06-24T09:22:17.865+0000][1][safepoint    ] Application time: 0.0003426 seconds
[2019-06-24T09:22:17.865+0000][1][safepoint    ] Entering safepoint region: RevokeBias
[2019-06-24T09:22:17.865+0000][1][safepoint    ] Leaving safepoint region
[2019-06-24T09:22:17.865+0000][1][safepoint    ] Total time for which application threads were stopped: 0.0001644 seconds, Stopping threads took: 0.0001089 seconds
[2019-06-24T09:22:17.865+0000][1][safepoint    ] Application time: 0.0001792 seconds
[2019-06-24T09:22:17.865+0000][1][safepoint    ] Entering safepoint region: RevokeBias
[2019-06-24T09:22:17.865+0000][1][safepoint    ] Leaving safepoint region
[2019-06-24T09:22:17.865+0000][1][safepoint    ] Total time for which application threads were stopped: 0.0000665 seconds, Stopping threads took: 0.0000251 seconds
[2019-06-24T09:22:17.865+0000][1][safepoint    ] Application time: 0.0002248 seconds
[2019-06-24T09:22:17.865+0000][1][safepoint    ] Entering safepoint region: RevokeBias
[2019-06-24T09:22:17.866+0000][1][safepoint    ] Leaving safepoint region
[2019-06-24T09:22:17.866+0000][1][safepoint    ] Total time for which application threads were stopped: 0.0001537 seconds, Stopping threads took: 0.0001222 seconds
[2019-06-24T09:22:17.866+0000][1][safepoint    ] Application time: 0.0000573 seconds
[2019-06-24T09:22:17.866+0000][1][safepoint    ] Entering safepoint region: RevokeBias
[2019-06-24T09:22:17.866+0000][1][safepoint    ] Leaving safepoint region
[2019-06-24T09:22:17.866+0000][1][safepoint    ] Total time for which application threads were stopped: 0.0000503 seconds, Stopping threads took: 0.0000284 seconds
[2019-06-24T09:22:17.866+0000][1][safepoint    ] Application time: 0.0001630 seconds
[2019-06-24T09:22:17.866+0000][1][safepoint    ] Entering safepoint region: RevokeBias
[2019-06-24T09:22:17.866+0000][1][safepoint    ] Leaving safepoint region
[2019-06-24T09:22:17.866+0000][1][safepoint    ] Total time for which application threads were stopped: 0.0002002 seconds, Stopping threads took: 0.0001598 seconds
[2019-06-24T09:22:17.866+0000][1][safepoint    ] Application time: 0.0002977 seconds
[2019-06-24T09:22:17.866+0000][1][safepoint    ] Entering safepoint region: RevokeBias
[2019-06-24T09:22:17.866+0000][1][safepoint    ] Leaving safepoint region
[2019-06-24T09:22:17.866+0000][1][safepoint    ] Total time for which application threads were stopped: 0.0000534 seconds, Stopping threads took: 0.0000244 seconds
[2019-06-24T09:22:17.867+0000][1][safepoint    ] Application time: 0.0001787 seconds
[2019-06-24T09:22:17.867+0000][1][safepoint    ] Entering safepoint region: RevokeBias
[2019-06-24T09:22:17.867+0000][1][safepoint    ] Leaving safepoint region
[2019-06-24T09:22:17.867+0000][1][safepoint    ] Total time for which application threads were stopped: 0.0001145 seconds, Stopping threads took: 0.0000814 seconds
[2019-06-24T09:22:17.867+0000][1][safepoint    ] Application time: 0.0001624 seconds
[2019-06-24T09:22:17.867+0000][1][safepoint    ] Entering safepoint region: RevokeBias
[2019-06-24T09:22:17.867+0000][1][safepoint    ] Leaving safepoint region
[2019-06-24T09:22:17.867+0000][1][safepoint    ] Total time for which application threads were stopped: 0.0001313 seconds, Stopping threads took: 0.0000819 seconds
[2019-06-24T09:22:17.867+0000][1][safepoint    ] Application time: 0.0003018 seconds
[2019-06-24T09:22:17.867+0000][1][safepoint    ] Entering safepoint region: RevokeBias
[2019-06-24T09:22:17.867+0000][1][safepoint    ] Leaving safepoint region
[2019-06-24T09:22:17.868+0000][1][safepoint    ] Total time for which application threads were stopped: 0.0001377 seconds, Stopping threads took: 0.0000910 seconds
[2019-06-24T09:22:17.868+0000][1][safepoint    ] Application time: 0.0001007 seconds
[2019-06-24T09:22:17.868+0000][1][safepoint    ] Entering safepoint region: RevokeBias
[2019-06-24T09:22:17.868+0000][1][safepoint    ] Leaving safepoint region
[2019-06-24T09:22:17.868+0000][1][safepoint    ] Total time for which application threads were stopped: 0.0000667 seconds, Stopping threads took: 0.0000390 seconds
[2019-06-24T09:22:17.868+0000][1][safepoint    ] Application time: 0.0001053 seconds
[2019-06-24T09:22:17.868+0000][1][safepoint    ] Entering safepoint region: RevokeBias
[2019-06-24T09:22:17.868+0000][1][safepoint    ] Leaving safepoint region
[2019-06-24T09:22:17.868+0000][1][safepoint    ] Total time for which application threads were stopped: 0.0000466 seconds, Stopping threads took: 0.0000100 seconds
[2019-06-24T09:22:17.868+0000][1][safepoint    ] Application time: 0.0001303 seconds
[2019-06-24T09:22:17.868+0000][1][safepoint    ] Entering safepoint region: RevokeBias
[2019-06-24T09:22:17.868+0000][1][safepoint    ] Leaving safepoint region
[2019-06-24T09:22:17.868+0000][1][safepoint    ] Total time for which application threads were stopped: 0.0000757 seconds, Stopping threads took: 0.0000388 seconds
[2019-06-24T09:22:17.868+0000][1][safepoint    ] Application time: 0.0002054 seconds
[2019-06-24T09:22:17.868+0000][1][safepoint    ] Entering safepoint region: RevokeBias
[2019-06-24T09:22:17.868+0000][1][safepoint    ] Leaving safepoint region
[2019-06-24T09:22:17.868+0000][1][safepoint    ] Total time for which application threads were stopped: 0.0000784 seconds, Stopping threads took: 0.0000273 seconds
[2019-06-24T09:22:17.869+0000][1][safepoint    ] Application time: 0.0001619 seconds
[2019-06-24T09:22:17.869+0000][1][safepoint    ] Entering safepoint region: RevokeBias
[2019-06-24T09:22:17.869+0000][1][safepoint    ] Leaving safepoint region
[2019-06-24T09:22:17.869+0000][1][safepoint    ] Total time for which application threads were stopped: 0.0001243 seconds, Stopping threads took: 0.0000694 seconds
[2019-06-24T09:22:17.869+0000][1][safepoint    ] Application time: 0.0001625 seconds
[2019-06-24T09:22:17.869+0000][1][safepoint    ] Entering safepoint region: RevokeBias
[2019-06-24T09:22:17.869+0000][1][safepoint    ] Leaving safepoint region
[2019-06-24T09:22:17.869+0000][1][safepoint    ] Total time for which application threads were stopped: 0.0001041 seconds, Stopping threads took: 0.0000550 seconds
[2019-06-24T09:22:17.871+0000][1][safepoint    ] Application time: 0.0015877 seconds
[2019-06-24T09:22:17.871+0000][1][safepoint    ] Entering safepoint region: RevokeBias
[2019-06-24T09:22:17.871+0000][1][safepoint    ] Leaving safepoint region
[2019-06-24T09:22:17.871+0000][1][safepoint    ] Total time for which application threads were stopped: 0.0001301 seconds, Stopping threads took: 0.0000620 seconds
[2019-06-24T09:22:17.873+0000][1][safepoint    ] Application time: 0.0023670 seconds
[2019-06-24T09:22:17.873+0000][1][safepoint    ] Entering safepoint region: RevokeBias
[2019-06-24T09:22:17.873+0000][1][safepoint    ] Leaving safepoint region
[2019-06-24T09:22:17.873+0000][1][safepoint    ] Total time for which application threads were stopped: 0.0000727 seconds, Stopping threads took: 0.0000122 seconds
[2019-06-24T09:22:17.873+0000][1][safepoint    ] Application time: 0.0001258 seconds
[2019-06-24T09:22:17.873+0000][1][safepoint    ] Entering safepoint region: RevokeBias
[2019-06-24T09:22:17.873+0000][1][safepoint    ] Leaving safepoint region
[2019-06-24T09:22:17.873+0000][1][safepoint    ] Total time for which application threads were stopped: 0.0000492 seconds, Stopping threads took: 0.0000112 seconds
[2019-06-24T09:22:17.874+0000][1][safepoint    ] Application time: 0.0001501 seconds
[2019-06-24T09:22:17.874+0000][1][safepoint    ] Entering safepoint region: RevokeBias
[2019-06-24T09:22:17.874+0000][1][safepoint    ] Leaving safepoint region
[2019-06-24T09:22:17.874+0000][1][safepoint    ] Total time for which application threads were stopped: 0.0000367 seconds, Stopping threads took: 0.0000082 seconds
[2019-06-24T09:22:17.874+0000][1][safepoint    ] Application time: 0.0001441 seconds
[2019-06-24T09:22:17.874+0000][1][safepoint    ] Entering safepoint region: RevokeBias
[2019-06-24T09:22:17.874+0000][1][safepoint    ] Leaving safepoint region
[2019-06-24T09:22:17.874+0000][1][safepoint    ] Total time for which application threads were stopped: 0.0000278 seconds, Stopping threads took: 0.0000072 seconds
[2019-06-24T09:22:17.874+0000][1][safepoint    ] Application time: 0.0002445 seconds
[2019-06-24T09:22:17.874+0000][1][safepoint    ] Entering safepoint region: RevokeBias
[2019-06-24T09:22:17.874+0000][1][safepoint    ] Leaving safepoint region
[2019-06-24T09:22:17.874+0000][1][safepoint    ] Total time for which application threads were stopped: 0.0000833 seconds, Stopping threads took: 0.0000318 seconds
[2019-06-24T09:22:17.877+0000][1][safepoint    ] Application time: 0.0027181 seconds
[2019-06-24T09:22:17.877+0000][1][safepoint    ] Entering safepoint region: RevokeBias
[2019-06-24T09:22:17.877+0000][1][safepoint    ] Leaving safepoint region
[2019-06-24T09:22:17.877+0000][1][safepoint    ] Total time for which application threads were stopped: 0.0000305 seconds, Stopping threads took: 0.0000102 seconds
[2019-06-24T09:22:17.883+0000][1][safepoint    ] Application time: 0.0060285 seconds
[2019-06-24T09:22:17.883+0000][1][safepoint    ] Entering safepoint region: RevokeBias
[2019-06-24T09:22:17.883+0000][1][safepoint    ] Leaving safepoint region
[2019-06-24T09:22:17.883+0000][1][safepoint    ] Total time for which application threads were stopped: 0.0000453 seconds, Stopping threads took: 0.0000121 seconds
[2019-06-24T09:22:17.883+0000][1][safepoint    ] Application time: 0.0000997 seconds
[2019-06-24T09:22:17.883+0000][1][safepoint    ] Entering safepoint region: BulkRevokeBias
[2019-06-24T09:22:17.883+0000][1][safepoint    ] Leaving safepoint region
[2019-06-24T09:22:17.883+0000][1][safepoint    ] Total time for which application threads were stopped: 0.0001211 seconds, Stopping threads took: 0.0000099 seconds
[2019-06-24T09:22:18.526+0000][1][safepoint    ] Application time: 0.6422786 seconds
[2019-06-24T09:22:18.526+0000][1][safepoint    ] Entering safepoint region: RevokeBias
[2019-06-24T09:22:18.526+0000][1][safepoint    ] Leaving safepoint region
[2019-06-24T09:22:18.526+0000][1][safepoint    ] Total time for which application threads were stopped: 0.0001360 seconds, Stopping threads took: 0.0000377 seconds
[2019-06-24T09:22:18.526+0000][1][safepoint    ] Application time: 0.0002862 seconds
[2019-06-24T09:22:18.526+0000][1][safepoint    ] Entering safepoint region: RevokeBias
[2019-06-24T09:22:18.526+0000][1][safepoint    ] Leaving safepoint region
[2019-06-24T09:22:18.526+0000][1][safepoint    ] Total time for which application threads were stopped: 0.0001098 seconds, Stopping threads took: 0.0000317 seconds
[2019-06-24T09:22:18.762+0000][1][safepoint    ] Application time: 0.2353360 seconds
[2019-06-24T09:22:18.762+0000][1][safepoint    ] Entering safepoint region: RevokeBias
[2019-06-24T09:22:18.762+0000][1][safepoint    ] Leaving safepoint region
[2019-06-24T09:22:18.762+0000][1][safepoint    ] Total time for which application threads were stopped: 0.0001285 seconds, Stopping threads took: 0.0000385 seconds
[2019-06-24T09:22:18.762+0000][1][safepoint    ] Application time: 0.0002750 seconds
[2019-06-24T09:22:18.762+0000][1][safepoint    ] Entering safepoint region: RevokeBias
[2019-06-24T09:22:18.762+0000][1][safepoint    ] Leaving safepoint region
[2019-06-24T09:22:18.762+0000][1][safepoint    ] Total time for which application threads were stopped: 0.0000905 seconds, Stopping threads took: 0.0000311 seconds
[2019-06-24T09:22:18.763+0000][1][safepoint    ] Application time: 0.0004181 seconds
[2019-06-24T09:22:18.763+0000][1][safepoint    ] Entering safepoint region: RevokeBias
[2019-06-24T09:22:18.763+0000][1][safepoint    ] Leaving safepoint region
[2019-06-24T09:22:18.763+0000][1][safepoint    ] Total time for which application threads were stopped: 0.0000902 seconds, Stopping threads took: 0.0000311 seconds
[2019-06-24T09:22:18.763+0000][1][safepoint    ] Application time: 0.0002621 seconds
[2019-06-24T09:22:18.763+0000][1][safepoint    ] Entering safepoint region: RevokeBias
[2019-06-24T09:22:18.763+0000][1][safepoint    ] Leaving safepoint region
[2019-06-24T09:22:18.763+0000][1][safepoint    ] Total time for which application threads were stopped: 0.0000904 seconds, Stopping threads took: 0.0000313 seconds
[2019-06-24T09:22:18.764+0000][1][safepoint    ] Application time: 0.0002659 seconds
[2019-06-24T09:22:18.764+0000][1][safepoint    ] Entering safepoint region: RevokeBias
[2019-06-24T09:22:18.764+0000][1][safepoint    ] Leaving safepoint region
[2019-06-24T09:22:18.764+0000][1][safepoint    ] Total time for which application threads were stopped: 0.0000908 seconds, Stopping threads took: 0.0000320 seconds
[2019-06-24T09:22:18.764+0000][1][safepoint    ] Application time: 0.0002649 seconds
[2019-06-24T09:22:18.764+0000][1][safepoint    ] Entering safepoint region: RevokeBias
[2019-06-24T09:22:18.764+0000][1][safepoint    ] Leaving safepoint region
[2019-06-24T09:22:18.764+0000][1][safepoint    ] Total time for which application threads were stopped: 0.0000900 seconds, Stopping threads took: 0.0000311 seconds
[2019-06-24T09:22:18.764+0000][1][safepoint    ] Application time: 0.0002687 seconds
[2019-06-24T09:22:18.765+0000][1][safepoint    ] Entering safepoint region: RevokeBias
[2019-06-24T09:22:18.765+0000][1][safepoint    ] Leaving safepoint region
[2019-06-24T09:22:18.765+0000][1][safepoint    ] Total time for which application threads were stopped: 0.0000910 seconds, Stopping threads took: 0.0000315 seconds
[2019-06-24T09:22:18.765+0000][1][safepoint    ] Application time: 0.0002385 seconds
[2019-06-24T09:22:18.765+0000][1][safepoint    ] Entering safepoint region: RevokeBias
[2019-06-24T09:22:18.765+0000][1][safepoint    ] Leaving safepoint region
[2019-06-24T09:22:18.765+0000][1][safepoint    ] Total time for which application threads were stopped: 0.0000911 seconds, Stopping threads took: 0.0000322 seconds
[2019-06-24T09:22:18.773+0000][1][safepoint    ] Application time: 0.0076107 seconds
[2019-06-24T09:22:18.773+0000][1][safepoint    ] Entering safepoint region: RevokeBias
[2019-06-24T09:22:18.773+0000][1][safepoint    ] Leaving safepoint region
[2019-06-24T09:22:18.773+0000][1][safepoint    ] Total time for which application threads were stopped: 0.0001113 seconds, Stopping threads took: 0.0000381 seconds
[2019-06-24T09:22:18.775+0000][1][safepoint    ] Application time: 0.0020963 seconds
[2019-06-24T09:22:18.775+0000][1][safepoint    ] Entering safepoint region: RevokeBias
[2019-06-24T09:22:18.775+0000][1][safepoint    ] Leaving safepoint region
[2019-06-24T09:22:18.776+0000][1][safepoint    ] Total time for which application threads were stopped: 0.0004666 seconds, Stopping threads took: 0.0003711 seconds
[2019-06-24T09:22:18.776+0000][1][safepoint    ] Application time: 0.0002573 seconds
[2019-06-24T09:22:18.776+0000][1][safepoint    ] Entering safepoint region: RevokeBias
[2019-06-24T09:22:18.776+0000][1][safepoint    ] Leaving safepoint region
[2019-06-24T09:22:18.776+0000][1][safepoint    ] Total time for which application threads were stopped: 0.0003666 seconds, Stopping threads took: 0.0002699 seconds
[2019-06-24T09:22:18.778+0000][1][safepoint    ] Application time: 0.0017428 seconds
[2019-06-24T09:22:18.778+0000][1][safepoint    ] Entering safepoint region: RevokeBias
[2019-06-24T09:22:18.778+0000][1][safepoint    ] Leaving safepoint region
[2019-06-24T09:22:18.778+0000][1][safepoint    ] Total time for which application threads were stopped: 0.0001515 seconds, Stopping threads took: 0.0000359 seconds
[2019-06-24T09:22:18.778+0000][1][safepoint    ] Application time: 0.0001599 seconds
[2019-06-24T09:22:18.779+0000][1][safepoint    ] Entering safepoint region: RevokeBias
[2019-06-24T09:22:18.779+0000][1][safepoint    ] Leaving safepoint region
[2019-06-24T09:22:18.779+0000][1][safepoint    ] Total time for which application threads were stopped: 0.0004377 seconds, Stopping threads took: 0.0003429 seconds
[2019-06-24T09:22:18.783+0000][1][safepoint    ] Application time: 0.0043492 seconds
[2019-06-24T09:22:18.783+0000][1][safepoint    ] Entering safepoint region: RevokeBias
[2019-06-24T09:22:18.783+0000][1][safepoint    ] Leaving safepoint region
[2019-06-24T09:22:18.783+0000][1][safepoint    ] Total time for which application threads were stopped: 0.0001123 seconds, Stopping threads took: 0.0000326 seconds
[2019-06-24T09:22:18.784+0000][1][safepoint    ] Application time: 0.0004479 seconds
[2019-06-24T09:22:18.784+0000][1][safepoint    ] Entering safepoint region: RevokeBias
[2019-06-24T09:22:18.784+0000][1][safepoint    ] Leaving safepoint region
[2019-06-24T09:22:18.784+0000][1][safepoint    ] Total time for which application threads were stopped: 0.0001130 seconds, Stopping threads took: 0.0000316 seconds
[2019-06-24T09:22:18.793+0000][1][safepoint    ] Application time: 0.0085834 seconds
[2019-06-24T09:22:18.793+0000][1][safepoint    ] Entering safepoint region: RevokeBias
[2019-06-24T09:22:18.793+0000][1][safepoint    ] Leaving safepoint region
[2019-06-24T09:22:18.793+0000][1][safepoint    ] Total time for which application threads were stopped: 0.0001247 seconds, Stopping threads took: 0.0000338 seconds
[2019-06-24T09:22:18.798+0000][1][safepoint    ] Application time: 0.0051455 seconds
[2019-06-24T09:22:18.798+0000][1][safepoint    ] Entering safepoint region: RevokeBias
[2019-06-24T09:22:18.798+0000][1][safepoint    ] Leaving safepoint region
[2019-06-24T09:22:18.798+0000][1][safepoint    ] Total time for which application threads were stopped: 0.0001205 seconds, Stopping threads took: 0.0000329 seconds
[2019-06-24T09:22:18.799+0000][1][safepoint    ] Application time: 0.0003831 seconds
[2019-06-24T09:22:18.799+0000][1][safepoint    ] Entering safepoint region: RevokeBias
[2019-06-24T09:22:18.799+0000][1][safepoint    ] Leaving safepoint region
[2019-06-24T09:22:18.799+0000][1][safepoint    ] Total time for which application threads were stopped: 0.0001169 seconds, Stopping threads took: 0.0000338 seconds
[2019-06-24T09:22:18.807+0000][1][safepoint    ] Application time: 0.0086874 seconds
[2019-06-24T09:22:18.808+0000][1][safepoint    ] Entering safepoint region: RevokeBias
[2019-06-24T09:22:18.808+0000][1][safepoint    ] Leaving safepoint region
[2019-06-24T09:22:18.808+0000][1][safepoint    ] Total time for which application threads were stopped: 0.0000837 seconds, Stopping threads took: 0.0000241 seconds
[2019-06-24T09:22:18.808+0000][1][safepoint    ] Application time: 0.0001544 seconds
[2019-06-24T09:22:18.808+0000][1][safepoint    ] Entering safepoint region: RevokeBias
[2019-06-24T09:22:18.808+0000][1][safepoint    ] Leaving safepoint region
[2019-06-24T09:22:18.808+0000][1][safepoint    ] Total time for which application threads were stopped: 0.0000742 seconds, Stopping threads took: 0.0000219 seconds
[2019-06-24T09:22:18.808+0000][1][safepoint    ] Application time: 0.0001976 seconds
[2019-06-24T09:22:18.808+0000][1][safepoint    ] Entering safepoint region: RevokeBias
[2019-06-24T09:22:18.808+0000][1][safepoint    ] Leaving safepoint region
[2019-06-24T09:22:18.808+0000][1][safepoint    ] Total time for which application threads were stopped: 0.0000751 seconds, Stopping threads took: 0.0000228 seconds
[2019-06-24T09:22:18.809+0000][1][safepoint    ] Application time: 0.0008437 seconds
[2019-06-24T09:22:18.809+0000][1][safepoint    ] Entering safepoint region: RevokeBias
[2019-06-24T09:22:18.809+0000][1][safepoint    ] Leaving safepoint region
[2019-06-24T09:22:18.809+0000][1][safepoint    ] Total time for which application threads were stopped: 0.0000842 seconds, Stopping threads took: 0.0000223 seconds
[2019-06-24T09:22:18.810+0000][1][safepoint    ] Application time: 0.0005650 seconds
[2019-06-24T09:22:18.810+0000][1][safepoint    ] Entering safepoint region: RevokeBias
[2019-06-24T09:22:18.810+0000][1][safepoint    ] Leaving safepoint region
[2019-06-24T09:22:18.810+0000][1][safepoint    ] Total time for which application threads were stopped: 0.0000801 seconds, Stopping threads took: 0.0000227 seconds
[2019-06-24T09:22:18.810+0000][1][safepoint    ] Application time: 0.0002378 seconds
[2019-06-24T09:22:18.810+0000][1][safepoint    ] Entering safepoint region: RevokeBias
[2019-06-24T09:22:18.810+0000][1][safepoint    ] Leaving safepoint region
[2019-06-24T09:22:18.810+0000][1][safepoint    ] Total time for which application threads were stopped: 0.0000816 seconds, Stopping threads took: 0.0000222 seconds
[2019-06-24T09:22:18.810+0000][1][safepoint    ] Application time: 0.0001011 seconds
[2019-06-24T09:22:18.810+0000][1][safepoint    ] Entering safepoint region: RevokeBias
[2019-06-24T09:22:18.810+0000][1][safepoint    ] Leaving safepoint region
[2019-06-24T09:22:18.810+0000][1][safepoint    ] Total time for which application threads were stopped: 0.0000652 seconds, Stopping threads took: 0.0000172 seconds
[2019-06-24T09:22:18.811+0000][1][safepoint    ] Application time: 0.0010011 seconds
[2019-06-24T09:22:18.811+0000][1][safepoint    ] Entering safepoint region: RevokeBias
[2019-06-24T09:22:18.812+0000][1][safepoint    ] Leaving safepoint region
[2019-06-24T09:22:18.812+0000][1][safepoint    ] Total time for which application threads were stopped: 0.0000821 seconds, Stopping threads took: 0.0000226 seconds
[2019-06-24T09:22:18.813+0000][1][safepoint    ] Application time: 0.0009752 seconds
[2019-06-24T09:22:18.813+0000][1][safepoint    ] Entering safepoint region: RevokeBias
[2019-06-24T09:22:18.813+0000][1][safepoint    ] Leaving safepoint region
[2019-06-24T09:22:18.813+0000][1][safepoint    ] Total time for which application threads were stopped: 0.0000659 seconds, Stopping threads took: 0.0000171 seconds
[2019-06-24T09:22:18.813+0000][1][safepoint    ] Application time: 0.0002103 seconds
[2019-06-24T09:22:18.813+0000][1][safepoint    ] Entering safepoint region: BulkRevokeBias
[2019-06-24T09:22:18.813+0000][1][safepoint    ] Leaving safepoint region
[2019-06-24T09:22:18.813+0000][1][safepoint    ] Total time for which application threads were stopped: 0.0001329 seconds, Stopping threads took: 0.0000172 seconds
[2019-06-24T09:22:18.814+0000][1][safepoint    ] Application time: 0.0006493 seconds
[2019-06-24T09:22:18.814+0000][1][safepoint    ] Entering safepoint region: RevokeBias
[2019-06-24T09:22:18.814+0000][1][safepoint    ] Leaving safepoint region
[2019-06-24T09:22:18.814+0000][1][safepoint    ] Total time for which application threads were stopped: 0.0000599 seconds, Stopping threads took: 0.0000159 seconds
[2019-06-24T09:22:18.814+0000][1][safepoint    ] Application time: 0.0004564 seconds
[2019-06-24T09:22:18.814+0000][1][safepoint    ] Entering safepoint region: RevokeBias
[2019-06-24T09:22:18.814+0000][1][safepoint    ] Leaving safepoint region
[2019-06-24T09:22:18.814+0000][1][safepoint    ] Total time for which application threads were stopped: 0.0000715 seconds, Stopping threads took: 0.0000327 seconds
[2019-06-24T09:22:18.815+0000][1][safepoint    ] Application time: 0.0006142 seconds
[2019-06-24T09:22:18.815+0000][1][safepoint    ] Entering safepoint region: RevokeBias
[2019-06-24T09:22:18.815+0000][1][safepoint    ] Leaving safepoint region
[2019-06-24T09:22:18.815+0000][1][safepoint    ] Total time for which application threads were stopped: 0.0002638 seconds, Stopping threads took: 0.0002135 seconds
[2019-06-24T09:22:18.816+0000][1][safepoint    ] Application time: 0.0010466 seconds
[2019-06-24T09:22:18.817+0000][1][safepoint    ] Entering safepoint region: RevokeBias
[2019-06-24T09:22:18.817+0000][1][safepoint    ] Leaving safepoint region
[2019-06-24T09:22:18.817+0000][1][safepoint    ] Total time for which application threads were stopped: 0.0002038 seconds, Stopping threads took: 0.0001614 seconds
[2019-06-24T09:22:18.817+0000][1][safepoint    ] Application time: 0.0002562 seconds
[2019-06-24T09:22:18.817+0000][1][safepoint    ] Entering safepoint region: RevokeBias
[2019-06-24T09:22:18.817+0000][1][safepoint    ] Leaving safepoint region
[2019-06-24T09:22:18.817+0000][1][safepoint    ] Total time for which application threads were stopped: 0.0000500 seconds, Stopping threads took: 0.0000155 seconds
[2019-06-24T09:22:18.817+0000][1][safepoint    ] Application time: 0.0002693 seconds
[2019-06-24T09:22:18.817+0000][1][safepoint    ] Entering safepoint region: RevokeBias
[2019-06-24T09:22:18.817+0000][1][safepoint    ] Leaving safepoint region
[2019-06-24T09:22:18.817+0000][1][safepoint    ] Total time for which application threads were stopped: 0.0000431 seconds, Stopping threads took: 0.0000125 seconds
[2019-06-24T09:22:18.817+0000][1][safepoint    ] Application time: 0.0001733 seconds
[2019-06-24T09:22:18.817+0000][1][safepoint    ] Entering safepoint region: RevokeBias
[2019-06-24T09:22:18.817+0000][1][safepoint    ] Leaving safepoint region
[2019-06-24T09:22:18.818+0000][1][safepoint    ] Total time for which application threads were stopped: 0.0000405 seconds, Stopping threads took: 0.0000132 seconds
[2019-06-24T09:22:18.818+0000][1][safepoint    ] Application time: 0.0006768 seconds
[2019-06-24T09:22:18.818+0000][1][safepoint    ] Entering safepoint region: RevokeBias
[2019-06-24T09:22:18.818+0000][1][safepoint    ] Leaving safepoint region
[2019-06-24T09:22:18.818+0000][1][safepoint    ] Total time for which application threads were stopped: 0.0000523 seconds, Stopping threads took: 0.0000134 seconds
[2019-06-24T09:22:18.818+0000][1][safepoint    ] Application time: 0.0001578 seconds
[2019-06-24T09:22:18.818+0000][1][safepoint    ] Entering safepoint region: BulkRevokeBias
[2019-06-24T09:22:18.819+0000][1][safepoint    ] Leaving safepoint region
[2019-06-24T09:22:18.819+0000][1][safepoint    ] Total time for which application threads were stopped: 0.0001342 seconds, Stopping threads took: 0.0000429 seconds
[2019-06-24T09:22:18.820+0000][1][safepoint    ] Application time: 0.0013120 seconds
[2019-06-24T09:22:18.820+0000][1][safepoint    ] Entering safepoint region: RevokeBias
[2019-06-24T09:22:18.820+0000][1][safepoint    ] Leaving safepoint region
[2019-06-24T09:22:18.820+0000][1][safepoint    ] Total time for which application threads were stopped: 0.0000496 seconds, Stopping threads took: 0.0000147 seconds
[2019-06-24T09:22:18.820+0000][1][safepoint    ] Application time: 0.0000729 seconds
[2019-06-24T09:22:18.820+0000][1][safepoint    ] Entering safepoint region: RevokeBias
[2019-06-24T09:22:18.820+0000][1][safepoint    ] Leaving safepoint region
[2019-06-24T09:22:18.820+0000][1][safepoint    ] Total time for which application threads were stopped: 0.0000365 seconds, Stopping threads took: 0.0000108 seconds
[2019-06-24T09:22:18.820+0000][1][safepoint    ] Application time: 0.0000537 seconds
[2019-06-24T09:22:18.820+0000][1][safepoint    ] Entering safepoint region: RevokeBias
[2019-06-24T09:22:18.820+0000][1][safepoint    ] Leaving safepoint region
[2019-06-24T09:22:18.820+0000][1][safepoint    ] Total time for which application threads were stopped: 0.0000345 seconds, Stopping threads took: 0.0000104 seconds
[2019-06-24T09:22:18.820+0000][1][safepoint    ] Application time: 0.0001979 seconds
[2019-06-24T09:22:18.820+0000][1][safepoint    ] Entering safepoint region: RevokeBias
[2019-06-24T09:22:18.821+0000][1][safepoint    ] Leaving safepoint region
[2019-06-24T09:22:18.821+0000][1][safepoint    ] Total time for which application threads were stopped: 0.0000783 seconds, Stopping threads took: 0.0000484 seconds
[2019-06-24T09:22:18.821+0000][1][safepoint    ] Application time: 0.0001255 seconds
[2019-06-24T09:22:18.821+0000][1][safepoint    ] Entering safepoint region: RevokeBias
[2019-06-24T09:22:18.821+0000][1][safepoint    ] Leaving safepoint region
[2019-06-24T09:22:18.821+0000][1][safepoint    ] Total time for which application threads were stopped: 0.0001001 seconds, Stopping threads took: 0.0000462 seconds
[2019-06-24T09:22:18.821+0000][1][safepoint    ] Application time: 0.0001149 seconds
[2019-06-24T09:22:18.821+0000][1][safepoint    ] Entering safepoint region: RevokeBias
[2019-06-24T09:22:18.821+0000][1][safepoint    ] Leaving safepoint region
[2019-06-24T09:22:18.821+0000][1][safepoint    ] Total time for which application threads were stopped: 0.0000744 seconds, Stopping threads took: 0.0000367 seconds
[2019-06-24T09:22:18.824+0000][1][gc,heap,exit ] Heap
[2019-06-24T09:22:18.824+0000][1][gc,heap,exit ]  par new generation   total 78656K, used 25981K [0x00000000f0000000, 0x00000000f5550000, 0x00000000f5550000)
[2019-06-24T09:22:18.824+0000][1][gc,heap,exit ]   eden space 69952K,  24% used [0x00000000f0000000, 0x00000000f10df470, 0x00000000f4450000)
[2019-06-24T09:22:18.824+0000][1][gc,heap,exit ]   from space 8704K, 100% used [0x00000000f4450000, 0x00000000f4cd0000, 0x00000000f4cd0000)
[2019-06-24T09:22:18.824+0000][1][gc,heap,exit ]   to   space 8704K,   0% used [0x00000000f4cd0000, 0x00000000f4cd0000, 0x00000000f5550000)
[2019-06-24T09:22:18.824+0000][1][gc,heap,exit ]  concurrent mark-sweep generation total 174784K, used 59523K [0x00000000f5550000, 0x0000000100000000, 0x0000000100000000)
[2019-06-24T09:22:18.824+0000][1][gc,heap,exit ]  Metaspace       used 63193K, capacity 67940K, committed 68176K, reserved 1107968K
[2019-06-24T09:22:18.824+0000][1][gc,heap,exit ]   class space    used 8603K, capacity 10559K, committed 10672K, reserved 1048576K
[2019-06-24T09:22:18.824+0000][1][safepoint    ] Application time: 0.0026607 seconds
[2019-06-24T09:22:18.824+0000][1][safepoint    ] Entering safepoint region: Halt
