[2019-06-24T09:23:37.809+0000][1][gc] Using Concurrent Mark Sweep
[2019-06-24T09:23:37.809+0000][1][gc,heap,coops] Heap address: 0x00000000f0000000, size: 256 MB, Compressed Oops mode: 32-bit
[2019-06-24T09:23:37.858+0000][1][safepoint    ] Entering safepoint region: EnableBiasedLocking
[2019-06-24T09:23:37.858+0000][1][safepoint    ] Leaving safepoint region
[2019-06-24T09:23:37.858+0000][1][safepoint    ] Total time for which application threads were stopped: 0.0001424 seconds, Stopping threads took: 0.0000654 seconds
[2019-06-24T09:23:37.861+0000][1][safepoint    ] Application time: 0.0028077 seconds
[2019-06-24T09:23:37.861+0000][1][safepoint    ] Entering safepoint region: RevokeBias
[2019-06-24T09:23:37.861+0000][1][safepoint    ] Leaving safepoint region
[2019-06-24T09:23:37.861+0000][1][safepoint    ] Total time for which application threads were stopped: 0.0000715 seconds, Stopping threads took: 0.0000261 seconds
[2019-06-24T09:23:37.869+0000][1][safepoint    ] Application time: 0.0080491 seconds
[2019-06-24T09:23:37.869+0000][1][safepoint    ] Entering safepoint region: Deoptimize
[2019-06-24T09:23:37.869+0000][1][safepoint    ] Leaving safepoint region
[2019-06-24T09:23:37.869+0000][1][safepoint    ] Total time for which application threads were stopped: 0.0000666 seconds, Stopping threads took: 0.0000147 seconds
[2019-06-24T09:23:37.991+0000][1][safepoint    ] Application time: 0.1218565 seconds
[2019-06-24T09:23:37.991+0000][1][safepoint    ] Entering safepoint region: RevokeBias
[2019-06-24T09:23:37.991+0000][1][safepoint    ] Leaving safepoint region
[2019-06-24T09:23:37.991+0000][1][safepoint    ] Total time for which application threads were stopped: 0.0000679 seconds, Stopping threads took: 0.0000097 seconds
[2019-06-24T09:23:38.022+0000][1][safepoint    ] Application time: 0.0305013 seconds
[2019-06-24T09:23:38.022+0000][1][safepoint    ] Entering safepoint region: Deoptimize
[2019-06-24T09:23:38.022+0000][1][safepoint    ] Leaving safepoint region
[2019-06-24T09:23:38.022+0000][1][safepoint    ] Total time for which application threads were stopped: 0.0000650 seconds, Stopping threads took: 0.0000085 seconds
[2019-06-24T09:23:38.307+0000][1][safepoint    ] Application time: 0.2852454 seconds
[2019-06-24T09:23:38.307+0000][1][safepoint    ] Entering safepoint region: Deoptimize
[2019-06-24T09:23:38.307+0000][1][safepoint    ] Leaving safepoint region
[2019-06-24T09:23:38.307+0000][1][safepoint    ] Total time for which application threads were stopped: 0.0001747 seconds, Stopping threads took: 0.0000151 seconds
[2019-06-24T09:23:38.331+0000][1][safepoint    ] Application time: 0.0236059 seconds
[2019-06-24T09:23:38.331+0000][1][safepoint    ] Entering safepoint region: Deoptimize
[2019-06-24T09:23:38.331+0000][1][safepoint    ] Leaving safepoint region
[2019-06-24T09:23:38.331+0000][1][safepoint    ] Total time for which application threads were stopped: 0.0001196 seconds, Stopping threads took: 0.0000115 seconds
[2019-06-24T09:23:38.360+0000][1][safepoint    ] Application time: 0.0283739 seconds
[2019-06-24T09:23:38.360+0000][1][safepoint    ] Entering safepoint region: Deoptimize
[2019-06-24T09:23:38.360+0000][1][safepoint    ] Leaving safepoint region
[2019-06-24T09:23:38.360+0000][1][safepoint    ] Total time for which application threads were stopped: 0.0001372 seconds, Stopping threads took: 0.0000137 seconds
[2019-06-24T09:23:38.371+0000][1][safepoint    ] Application time: 0.0110370 seconds
[2019-06-24T09:23:38.371+0000][1][safepoint    ] Entering safepoint region: Deoptimize
[2019-06-24T09:23:38.371+0000][1][safepoint    ] Leaving safepoint region
[2019-06-24T09:23:38.371+0000][1][safepoint    ] Total time for which application threads were stopped: 0.0001063 seconds, Stopping threads took: 0.0000124 seconds
[2019-06-24T09:23:38.735+0000][1][safepoint    ] Application time: 0.3637734 seconds
[2019-06-24T09:23:38.735+0000][1][safepoint    ] Entering safepoint region: Deoptimize
[2019-06-24T09:23:38.735+0000][1][safepoint    ] Leaving safepoint region
[2019-06-24T09:23:38.735+0000][1][safepoint    ] Total time for which application threads were stopped: 0.0001970 seconds, Stopping threads took: 0.0000093 seconds
[2019-06-24T09:23:39.004+0000][1][safepoint    ] Application time: 0.2695773 seconds
[2019-06-24T09:23:39.005+0000][1][safepoint    ] Entering safepoint region: RevokeBias
[2019-06-24T09:23:39.005+0000][1][safepoint    ] Leaving safepoint region
[2019-06-24T09:23:39.005+0000][1][safepoint    ] Total time for which application threads were stopped: 0.0001443 seconds, Stopping threads took: 0.0000096 seconds
[2019-06-24T09:23:39.085+0000][1][safepoint    ] Application time: 0.0806092 seconds
[2019-06-24T09:23:39.085+0000][1][safepoint    ] Entering safepoint region: Deoptimize
[2019-06-24T09:23:39.086+0000][1][safepoint    ] Leaving safepoint region
[2019-06-24T09:23:39.086+0000][1][safepoint    ] Total time for which application threads were stopped: 0.0002240 seconds, Stopping threads took: 0.0000127 seconds
[2019-06-24T09:23:39.198+0000][1][safepoint    ] Application time: 0.1128283 seconds
[2019-06-24T09:23:39.198+0000][1][safepoint    ] Entering safepoint region: Deoptimize
[2019-06-24T09:23:39.199+0000][1][safepoint    ] Leaving safepoint region
[2019-06-24T09:23:39.199+0000][1][safepoint    ] Total time for which application threads were stopped: 0.0002160 seconds, Stopping threads took: 0.0000143 seconds
[2019-06-24T09:23:39.199+0000][1][safepoint    ] Application time: 0.0000941 seconds
[2019-06-24T09:23:39.199+0000][1][safepoint    ] Entering safepoint region: Deoptimize
[2019-06-24T09:23:39.199+0000][1][safepoint    ] Leaving safepoint region
[2019-06-24T09:23:39.199+0000][1][safepoint    ] Total time for which application threads were stopped: 0.0001170 seconds, Stopping threads took: 0.0000094 seconds
[2019-06-24T09:23:39.213+0000][1][safepoint    ] Application time: 0.0141595 seconds
[2019-06-24T09:23:39.213+0000][1][safepoint    ] Entering safepoint region: Deoptimize
[2019-06-24T09:23:39.213+0000][1][safepoint    ] Leaving safepoint region
[2019-06-24T09:23:39.213+0000][1][safepoint    ] Total time for which application threads were stopped: 0.0001524 seconds, Stopping threads took: 0.0000101 seconds
[2019-06-24T09:23:39.222+0000][1][safepoint    ] Application time: 0.0082829 seconds
[2019-06-24T09:23:39.222+0000][1][safepoint    ] Entering safepoint region: Deoptimize
[2019-06-24T09:23:39.222+0000][1][safepoint    ] Leaving safepoint region
[2019-06-24T09:23:39.222+0000][1][safepoint    ] Total time for which application threads were stopped: 0.0001864 seconds, Stopping threads took: 0.0000098 seconds
[2019-06-24T09:23:39.227+0000][1][safepoint    ] Application time: 0.0050017 seconds
[2019-06-24T09:23:39.227+0000][1][safepoint    ] Entering safepoint region: RevokeBias
[2019-06-24T09:23:39.227+0000][1][safepoint    ] Leaving safepoint region
[2019-06-24T09:23:39.227+0000][1][safepoint    ] Total time for which application threads were stopped: 0.0000534 seconds, Stopping threads took: 0.0000184 seconds
[2019-06-24T09:23:39.227+0000][1][safepoint    ] Application time: 0.0001783 seconds
[2019-06-24T09:23:39.227+0000][1][safepoint    ] Entering safepoint region: RevokeBias
[2019-06-24T09:23:39.227+0000][1][safepoint    ] Leaving safepoint region
[2019-06-24T09:23:39.227+0000][1][safepoint    ] Total time for which application threads were stopped: 0.0000437 seconds, Stopping threads took: 0.0000175 seconds
[2019-06-24T09:23:39.227+0000][1][safepoint    ] Application time: 0.0001008 seconds
[2019-06-24T09:23:39.227+0000][1][safepoint    ] Entering safepoint region: RevokeBias
[2019-06-24T09:23:39.227+0000][1][safepoint    ] Leaving safepoint region
[2019-06-24T09:23:39.227+0000][1][safepoint    ] Total time for which application threads were stopped: 0.0000431 seconds, Stopping threads took: 0.0000175 seconds
[2019-06-24T09:23:39.227+0000][1][safepoint    ] Application time: 0.0001221 seconds
[2019-06-24T09:23:39.227+0000][1][safepoint    ] Entering safepoint region: RevokeBias
[2019-06-24T09:23:39.227+0000][1][safepoint    ] Leaving safepoint region
[2019-06-24T09:23:39.227+0000][1][safepoint    ] Total time for which application threads were stopped: 0.0000426 seconds, Stopping threads took: 0.0000171 seconds
[2019-06-24T09:23:39.229+0000][1][safepoint    ] Application time: 0.0014037 seconds
[2019-06-24T09:23:39.229+0000][1][safepoint    ] Entering safepoint region: RevokeBias
[2019-06-24T09:23:39.229+0000][1][safepoint    ] Leaving safepoint region
[2019-06-24T09:23:39.229+0000][1][safepoint    ] Total time for which application threads were stopped: 0.0000436 seconds, Stopping threads took: 0.0000122 seconds
[2019-06-24T09:23:39.234+0000][1][safepoint    ] Application time: 0.0052161 seconds
[2019-06-24T09:23:39.234+0000][1][safepoint    ] Entering safepoint region: Deoptimize
[2019-06-24T09:23:39.234+0000][1][safepoint    ] Leaving safepoint region
[2019-06-24T09:23:39.234+0000][1][safepoint    ] Total time for which application threads were stopped: 0.0001765 seconds, Stopping threads took: 0.0000098 seconds
[2019-06-24T09:23:39.319+0000][1][safepoint    ] Application time: 0.0850513 seconds
[2019-06-24T09:23:39.319+0000][1][safepoint    ] Entering safepoint region: GenCollectForAllocation
[2019-06-24T09:23:39.319+0000][1][gc,start     ] GC(0) Pause Young (Allocation Failure)
[2019-06-24T09:23:39.320+0000][1][gc,task      ] GC(0) Using 5 workers of 8 for evacuation
[2019-06-24T09:23:39.325+0000][1][gc,age       ] GC(0) Desired survivor size 4456448 bytes, new threshold 1 (max threshold 6)
[2019-06-24T09:23:39.325+0000][1][gc,age       ] GC(0) Age table with threshold 1 (max threshold 6)
[2019-06-24T09:23:39.325+0000][1][gc,age       ] GC(0) - age   1:    7942968 bytes,    7942968 total
[2019-06-24T09:23:39.325+0000][1][gc,heap      ] GC(0) ParNew: 69952K->7862K(78656K)
[2019-06-24T09:23:39.325+0000][1][gc,heap      ] GC(0) CMS: 0K->0K(174784K)
[2019-06-24T09:23:39.325+0000][1][gc,metaspace ] GC(0) Metaspace: 12022K->12022K(1060864K)
[2019-06-24T09:23:39.325+0000][1][gc           ] GC(0) Pause Young (Allocation Failure) 68M->7M(247M) 5.983ms
[2019-06-24T09:23:39.325+0000][1][gc,cpu       ] GC(0) User=0.03s Sys=0.00s Real=0.01s
[2019-06-24T09:23:39.325+0000][1][safepoint    ] Leaving safepoint region
[2019-06-24T09:23:39.325+0000][1][safepoint    ] Total time for which application threads were stopped: 0.0060876 seconds, Stopping threads took: 0.0000117 seconds
[2019-06-24T09:23:39.326+0000][1][safepoint    ] Application time: 0.0002433 seconds
[2019-06-24T09:23:39.326+0000][1][safepoint    ] Entering safepoint region: RevokeBias
[2019-06-24T09:23:39.326+0000][1][safepoint    ] Leaving safepoint region
[2019-06-24T09:23:39.326+0000][1][safepoint    ] Total time for which application threads were stopped: 0.0001159 seconds, Stopping threads took: 0.0000852 seconds
[2019-06-24T09:23:39.326+0000][1][safepoint    ] Application time: 0.0000385 seconds
[2019-06-24T09:23:39.326+0000][1][safepoint    ] Entering safepoint region: RevokeBias
[2019-06-24T09:23:39.326+0000][1][safepoint    ] Leaving safepoint region
[2019-06-24T09:23:39.326+0000][1][safepoint    ] Total time for which application threads were stopped: 0.0000433 seconds, Stopping threads took: 0.0000246 seconds
[2019-06-24T09:23:39.326+0000][1][safepoint    ] Application time: 0.0002452 seconds
[2019-06-24T09:23:39.326+0000][1][safepoint    ] Entering safepoint region: RevokeBias
[2019-06-24T09:23:39.326+0000][1][safepoint    ] Leaving safepoint region
[2019-06-24T09:23:39.326+0000][1][safepoint    ] Total time for which application threads were stopped: 0.0001506 seconds, Stopping threads took: 0.0001132 seconds
[2019-06-24T09:23:39.326+0000][1][safepoint    ] Application time: 0.0000379 seconds
[2019-06-24T09:23:39.326+0000][1][safepoint    ] Entering safepoint region: RevokeBias
[2019-06-24T09:23:39.327+0000][1][safepoint    ] Leaving safepoint region
[2019-06-24T09:23:39.327+0000][1][safepoint    ] Total time for which application threads were stopped: 0.0000873 seconds, Stopping threads took: 0.0000577 seconds
[2019-06-24T09:23:39.327+0000][1][safepoint    ] Application time: 0.0000970 seconds
[2019-06-24T09:23:39.327+0000][1][safepoint    ] Entering safepoint region: RevokeBias
[2019-06-24T09:23:39.327+0000][1][safepoint    ] Leaving safepoint region
[2019-06-24T09:23:39.327+0000][1][safepoint    ] Total time for which application threads were stopped: 0.0001091 seconds, Stopping threads took: 0.0000618 seconds
[2019-06-24T09:23:39.327+0000][1][safepoint    ] Application time: 0.0000845 seconds
[2019-06-24T09:23:39.327+0000][1][safepoint    ] Entering safepoint region: RevokeBias
[2019-06-24T09:23:39.327+0000][1][safepoint    ] Leaving safepoint region
[2019-06-24T09:23:39.327+0000][1][safepoint    ] Total time for which application threads were stopped: 0.0000949 seconds, Stopping threads took: 0.0000588 seconds
[2019-06-24T09:23:39.327+0000][1][safepoint    ] Application time: 0.0000546 seconds
[2019-06-24T09:23:39.327+0000][1][safepoint    ] Entering safepoint region: RevokeBias
[2019-06-24T09:23:39.327+0000][1][safepoint    ] Leaving safepoint region
[2019-06-24T09:23:39.327+0000][1][safepoint    ] Total time for which application threads were stopped: 0.0000858 seconds, Stopping threads took: 0.0000450 seconds
[2019-06-24T09:23:39.327+0000][1][safepoint    ] Application time: 0.0000378 seconds
[2019-06-24T09:23:39.327+0000][1][safepoint    ] Entering safepoint region: RevokeBias
[2019-06-24T09:23:39.327+0000][1][safepoint    ] Leaving safepoint region
[2019-06-24T09:23:39.327+0000][1][safepoint    ] Total time for which application threads were stopped: 0.0000404 seconds, Stopping threads took: 0.0000063 seconds
[2019-06-24T09:23:39.327+0000][1][safepoint    ] Application time: 0.0000453 seconds
[2019-06-24T09:23:39.327+0000][1][safepoint    ] Entering safepoint region: RevokeBias
[2019-06-24T09:23:39.327+0000][1][safepoint    ] Leaving safepoint region
[2019-06-24T09:23:39.327+0000][1][safepoint    ] Total time for which application threads were stopped: 0.0000594 seconds, Stopping threads took: 0.0000248 seconds
[2019-06-24T09:23:39.327+0000][1][safepoint    ] Application time: 0.0000366 seconds
[2019-06-24T09:23:39.327+0000][1][safepoint    ] Entering safepoint region: RevokeBias
[2019-06-24T09:23:39.327+0000][1][safepoint    ] Leaving safepoint region
[2019-06-24T09:23:39.327+0000][1][safepoint    ] Total time for which application threads were stopped: 0.0000393 seconds, Stopping threads took: 0.0000063 seconds
[2019-06-24T09:23:39.327+0000][1][safepoint    ] Application time: 0.0000420 seconds
[2019-06-24T09:23:39.328+0000][1][safepoint    ] Entering safepoint region: RevokeBias
[2019-06-24T09:23:39.328+0000][1][safepoint    ] Leaving safepoint region
[2019-06-24T09:23:39.328+0000][1][safepoint    ] Total time for which application threads were stopped: 0.0000509 seconds, Stopping threads took: 0.0000283 seconds
[2019-06-24T09:23:39.328+0000][1][safepoint    ] Application time: 0.0000349 seconds
[2019-06-24T09:23:39.328+0000][1][safepoint    ] Entering safepoint region: RevokeBias
[2019-06-24T09:23:39.328+0000][1][safepoint    ] Leaving safepoint region
[2019-06-24T09:23:39.328+0000][1][safepoint    ] Total time for which application threads were stopped: 0.0000418 seconds, Stopping threads took: 0.0000220 seconds
[2019-06-24T09:23:39.328+0000][1][safepoint    ] Application time: 0.0000496 seconds
[2019-06-24T09:23:39.328+0000][1][safepoint    ] Entering safepoint region: RevokeBias
[2019-06-24T09:23:39.328+0000][1][safepoint    ] Leaving safepoint region
[2019-06-24T09:23:39.328+0000][1][safepoint    ] Total time for which application threads were stopped: 0.0000250 seconds, Stopping threads took: 0.0000058 seconds
[2019-06-24T09:23:39.328+0000][1][safepoint    ] Application time: 0.0000299 seconds
[2019-06-24T09:23:39.328+0000][1][safepoint    ] Entering safepoint region: RevokeBias
[2019-06-24T09:23:39.328+0000][1][safepoint    ] Leaving safepoint region
[2019-06-24T09:23:39.328+0000][1][safepoint    ] Total time for which application threads were stopped: 0.0000247 seconds, Stopping threads took: 0.0000057 seconds
[2019-06-24T09:23:39.328+0000][1][safepoint    ] Application time: 0.0000437 seconds
[2019-06-24T09:23:39.328+0000][1][safepoint    ] Entering safepoint region: RevokeBias
[2019-06-24T09:23:39.328+0000][1][safepoint    ] Leaving safepoint region
[2019-06-24T09:23:39.328+0000][1][safepoint    ] Total time for which application threads were stopped: 0.0000849 seconds, Stopping threads took: 0.0000417 seconds
[2019-06-24T09:23:39.328+0000][1][safepoint    ] Application time: 0.0000347 seconds
[2019-06-24T09:23:39.328+0000][1][safepoint    ] Entering safepoint region: RevokeBias
[2019-06-24T09:23:39.328+0000][1][safepoint    ] Leaving safepoint region
[2019-06-24T09:23:39.328+0000][1][safepoint    ] Total time for which application threads were stopped: 0.0000584 seconds, Stopping threads took: 0.0000268 seconds
[2019-06-24T09:23:39.328+0000][1][safepoint    ] Application time: 0.0001156 seconds
[2019-06-24T09:23:39.328+0000][1][safepoint    ] Entering safepoint region: RevokeBias
[2019-06-24T09:23:39.328+0000][1][safepoint    ] Leaving safepoint region
[2019-06-24T09:23:39.328+0000][1][safepoint    ] Total time for which application threads were stopped: 0.0000541 seconds, Stopping threads took: 0.0000248 seconds
[2019-06-24T09:23:39.328+0000][1][safepoint    ] Application time: 0.0000383 seconds
[2019-06-24T09:23:39.328+0000][1][safepoint    ] Entering safepoint region: RevokeBias
[2019-06-24T09:23:39.328+0000][1][safepoint    ] Leaving safepoint region
[2019-06-24T09:23:39.328+0000][1][safepoint    ] Total time for which application threads were stopped: 0.0000688 seconds, Stopping threads took: 0.0000425 seconds
[2019-06-24T09:23:39.328+0000][1][safepoint    ] Application time: 0.0001251 seconds
[2019-06-24T09:23:39.329+0000][1][safepoint    ] Entering safepoint region: RevokeBias
[2019-06-24T09:23:39.329+0000][1][safepoint    ] Leaving safepoint region
[2019-06-24T09:23:39.329+0000][1][safepoint    ] Total time for which application threads were stopped: 0.0000652 seconds, Stopping threads took: 0.0000413 seconds
[2019-06-24T09:23:39.329+0000][1][safepoint    ] Application time: 0.0000325 seconds
[2019-06-24T09:23:39.329+0000][1][safepoint    ] Entering safepoint region: RevokeBias
[2019-06-24T09:23:39.329+0000][1][safepoint    ] Leaving safepoint region
[2019-06-24T09:23:39.329+0000][1][safepoint    ] Total time for which application threads were stopped: 0.0000265 seconds, Stopping threads took: 0.0000064 seconds
[2019-06-24T09:23:39.329+0000][1][safepoint    ] Application time: 0.0000541 seconds
[2019-06-24T09:23:39.329+0000][1][safepoint    ] Entering safepoint region: RevokeBias
[2019-06-24T09:23:39.329+0000][1][safepoint    ] Leaving safepoint region
[2019-06-24T09:23:39.329+0000][1][safepoint    ] Total time for which application threads were stopped: 0.0000592 seconds, Stopping threads took: 0.0000299 seconds
[2019-06-24T09:23:39.329+0000][1][safepoint    ] Application time: 0.0000336 seconds
[2019-06-24T09:23:39.329+0000][1][safepoint    ] Entering safepoint region: RevokeBias
[2019-06-24T09:23:39.329+0000][1][safepoint    ] Leaving safepoint region
[2019-06-24T09:23:39.329+0000][1][safepoint    ] Total time for which application threads were stopped: 0.0000585 seconds, Stopping threads took: 0.0000297 seconds
[2019-06-24T09:23:39.329+0000][1][safepoint    ] Application time: 0.0000511 seconds
[2019-06-24T09:23:39.329+0000][1][safepoint    ] Entering safepoint region: RevokeBias
[2019-06-24T09:23:39.329+0000][1][safepoint    ] Leaving safepoint region
[2019-06-24T09:23:39.329+0000][1][safepoint    ] Total time for which application threads were stopped: 0.0000554 seconds, Stopping threads took: 0.0000308 seconds
[2019-06-24T09:23:39.329+0000][1][safepoint    ] Application time: 0.0000344 seconds
[2019-06-24T09:23:39.329+0000][1][safepoint    ] Entering safepoint region: RevokeBias
[2019-06-24T09:23:39.329+0000][1][safepoint    ] Leaving safepoint region
[2019-06-24T09:23:39.329+0000][1][safepoint    ] Total time for which application threads were stopped: 0.0000439 seconds, Stopping threads took: 0.0000258 seconds
[2019-06-24T09:23:39.329+0000][1][safepoint    ] Application time: 0.0000395 seconds
[2019-06-24T09:23:39.329+0000][1][safepoint    ] Entering safepoint region: RevokeBias
[2019-06-24T09:23:39.329+0000][1][safepoint    ] Leaving safepoint region
[2019-06-24T09:23:39.329+0000][1][safepoint    ] Total time for which application threads were stopped: 0.0000646 seconds, Stopping threads took: 0.0000395 seconds
[2019-06-24T09:23:39.329+0000][1][safepoint    ] Application time: 0.0000351 seconds
[2019-06-24T09:23:39.329+0000][1][safepoint    ] Entering safepoint region: RevokeBias
[2019-06-24T09:23:39.329+0000][1][safepoint    ] Leaving safepoint region
[2019-06-24T09:23:39.329+0000][1][safepoint    ] Total time for which application threads were stopped: 0.0000388 seconds, Stopping threads took: 0.0000225 seconds
[2019-06-24T09:23:39.519+0000][1][safepoint    ] Application time: 0.1900254 seconds
[2019-06-24T09:23:39.519+0000][1][safepoint    ] Entering safepoint region: Deoptimize
[2019-06-24T09:23:39.520+0000][1][safepoint    ] Leaving safepoint region
[2019-06-24T09:23:39.520+0000][1][safepoint    ] Total time for which application threads were stopped: 0.0003930 seconds, Stopping threads took: 0.0000337 seconds
[2019-06-24T09:23:39.653+0000][1][safepoint    ] Application time: 0.1333890 seconds
[2019-06-24T09:23:39.653+0000][1][safepoint    ] Entering safepoint region: RevokeBias
[2019-06-24T09:23:39.653+0000][1][safepoint    ] Leaving safepoint region
[2019-06-24T09:23:39.653+0000][1][safepoint    ] Total time for which application threads were stopped: 0.0001851 seconds, Stopping threads took: 0.0000236 seconds
[2019-06-24T09:23:39.754+0000][1][safepoint    ] Application time: 0.1002771 seconds
[2019-06-24T09:23:39.754+0000][1][safepoint    ] Entering safepoint region: RevokeBias
[2019-06-24T09:23:39.754+0000][1][safepoint    ] Leaving safepoint region
[2019-06-24T09:23:39.754+0000][1][safepoint    ] Total time for which application threads were stopped: 0.0000807 seconds, Stopping threads took: 0.0000176 seconds
[2019-06-24T09:23:39.758+0000][1][safepoint    ] Application time: 0.0038581 seconds
[2019-06-24T09:23:39.758+0000][1][safepoint    ] Entering safepoint region: RevokeBias
[2019-06-24T09:23:39.758+0000][1][safepoint    ] Leaving safepoint region
[2019-06-24T09:23:39.758+0000][1][safepoint    ] Total time for which application threads were stopped: 0.0000954 seconds, Stopping threads took: 0.0000181 seconds
[2019-06-24T09:23:39.784+0000][1][safepoint    ] Application time: 0.0262362 seconds
[2019-06-24T09:23:39.784+0000][1][safepoint    ] Entering safepoint region: GenCollectForAllocation
[2019-06-24T09:23:39.784+0000][1][gc,start     ] GC(1) Pause Young (Allocation Failure)
[2019-06-24T09:23:39.784+0000][1][gc,task      ] GC(1) Using 5 workers of 8 for evacuation
[2019-06-24T09:23:39.798+0000][1][gc,age       ] GC(1) Desired survivor size 4456448 bytes, new threshold 6 (max threshold 6)
[2019-06-24T09:23:39.798+0000][1][gc,age       ] GC(1) Age table with threshold 6 (max threshold 6)
[2019-06-24T09:23:39.798+0000][1][gc,age       ] GC(1) - age   1:    2084744 bytes,    2084744 total
[2019-06-24T09:23:39.798+0000][1][gc,heap      ] GC(1) ParNew: 77814K->6235K(78656K)
[2019-06-24T09:23:39.798+0000][1][gc,heap      ] GC(1) CMS: 0K->6636K(174784K)
[2019-06-24T09:23:39.798+0000][1][gc,metaspace ] GC(1) Metaspace: 14678K->14678K(1062912K)
[2019-06-24T09:23:39.798+0000][1][gc           ] GC(1) Pause Young (Allocation Failure) 75M->12M(247M) 13.562ms
[2019-06-24T09:23:39.798+0000][1][gc,cpu       ] GC(1) User=0.09s Sys=0.00s Real=0.01s
[2019-06-24T09:23:39.798+0000][1][safepoint    ] Leaving safepoint region
[2019-06-24T09:23:39.798+0000][1][safepoint    ] Total time for which application threads were stopped: 0.0136720 seconds, Stopping threads took: 0.0000115 seconds
[2019-06-24T09:23:39.798+0000][1][safepoint    ] Application time: 0.0002711 seconds
[2019-06-24T09:23:39.798+0000][1][safepoint    ] Entering safepoint region: RevokeBias
[2019-06-24T09:23:39.798+0000][1][safepoint    ] Leaving safepoint region
[2019-06-24T09:23:39.798+0000][1][safepoint    ] Total time for which application threads were stopped: 0.0001707 seconds, Stopping threads took: 0.0000998 seconds
[2019-06-24T09:23:39.798+0000][1][safepoint    ] Application time: 0.0000691 seconds
[2019-06-24T09:23:39.798+0000][1][safepoint    ] Entering safepoint region: RevokeBias
[2019-06-24T09:23:39.798+0000][1][safepoint    ] Leaving safepoint region
[2019-06-24T09:23:39.798+0000][1][safepoint    ] Total time for which application threads were stopped: 0.0000817 seconds, Stopping threads took: 0.0000506 seconds
[2019-06-24T09:23:39.798+0000][1][safepoint    ] Application time: 0.0000440 seconds
[2019-06-24T09:23:39.799+0000][1][safepoint    ] Entering safepoint region: RevokeBias
[2019-06-24T09:23:39.799+0000][1][safepoint    ] Leaving safepoint region
[2019-06-24T09:23:39.799+0000][1][safepoint    ] Total time for which application threads were stopped: 0.0001075 seconds, Stopping threads took: 0.0000813 seconds
[2019-06-24T09:23:39.799+0000][1][safepoint    ] Application time: 0.0000368 seconds
[2019-06-24T09:23:39.799+0000][1][safepoint    ] Entering safepoint region: RevokeBias
[2019-06-24T09:23:39.799+0000][1][safepoint    ] Leaving safepoint region
[2019-06-24T09:23:39.799+0000][1][safepoint    ] Total time for which application threads were stopped: 0.0000528 seconds, Stopping threads took: 0.0000290 seconds
[2019-06-24T09:23:39.799+0000][1][safepoint    ] Application time: 0.0000414 seconds
[2019-06-24T09:23:39.799+0000][1][safepoint    ] Entering safepoint region: RevokeBias
[2019-06-24T09:23:39.799+0000][1][safepoint    ] Leaving safepoint region
[2019-06-24T09:23:39.799+0000][1][safepoint    ] Total time for which application threads were stopped: 0.0000621 seconds, Stopping threads took: 0.0000378 seconds
[2019-06-24T09:23:39.799+0000][1][safepoint    ] Application time: 0.0000336 seconds
[2019-06-24T09:23:39.799+0000][1][safepoint    ] Entering safepoint region: RevokeBias
[2019-06-24T09:23:39.799+0000][1][safepoint    ] Leaving safepoint region
[2019-06-24T09:23:39.799+0000][1][safepoint    ] Total time for which application threads were stopped: 0.0000745 seconds, Stopping threads took: 0.0000358 seconds
[2019-06-24T09:23:39.799+0000][1][safepoint    ] Application time: 0.0000409 seconds
[2019-06-24T09:23:39.799+0000][1][safepoint    ] Entering safepoint region: RevokeBias
[2019-06-24T09:23:39.799+0000][1][safepoint    ] Leaving safepoint region
[2019-06-24T09:23:39.799+0000][1][safepoint    ] Total time for which application threads were stopped: 0.0000610 seconds, Stopping threads took: 0.0000366 seconds
[2019-06-24T09:23:39.799+0000][1][safepoint    ] Application time: 0.0000349 seconds
[2019-06-24T09:23:39.799+0000][1][safepoint    ] Entering safepoint region: RevokeBias
[2019-06-24T09:23:39.799+0000][1][safepoint    ] Leaving safepoint region
[2019-06-24T09:23:39.799+0000][1][safepoint    ] Total time for which application threads were stopped: 0.0000741 seconds, Stopping threads took: 0.0000444 seconds
[2019-06-24T09:23:39.799+0000][1][safepoint    ] Application time: 0.0000394 seconds
[2019-06-24T09:23:39.799+0000][1][safepoint    ] Entering safepoint region: RevokeBias
[2019-06-24T09:23:39.799+0000][1][safepoint    ] Leaving safepoint region
[2019-06-24T09:23:39.799+0000][1][safepoint    ] Total time for which application threads were stopped: 0.0000612 seconds, Stopping threads took: 0.0000360 seconds
[2019-06-24T09:23:39.799+0000][1][safepoint    ] Application time: 0.0000356 seconds
[2019-06-24T09:23:39.799+0000][1][safepoint    ] Entering safepoint region: RevokeBias
[2019-06-24T09:23:39.799+0000][1][safepoint    ] Leaving safepoint region
[2019-06-24T09:23:39.799+0000][1][safepoint    ] Total time for which application threads were stopped: 0.0000598 seconds, Stopping threads took: 0.0000288 seconds
[2019-06-24T09:23:39.799+0000][1][safepoint    ] Application time: 0.0000391 seconds
[2019-06-24T09:23:39.799+0000][1][safepoint    ] Entering safepoint region: BulkRevokeBias
[2019-06-24T09:23:39.799+0000][1][safepoint    ] Leaving safepoint region
[2019-06-24T09:23:39.799+0000][1][safepoint    ] Total time for which application threads were stopped: 0.0000654 seconds, Stopping threads took: 0.0000233 seconds
[2019-06-24T09:23:39.800+0000][1][safepoint    ] Application time: 0.0000430 seconds
[2019-06-24T09:23:39.800+0000][1][safepoint    ] Entering safepoint region: RevokeBias
[2019-06-24T09:23:39.800+0000][1][safepoint    ] Leaving safepoint region
[2019-06-24T09:23:39.800+0000][1][safepoint    ] Total time for which application threads were stopped: 0.0000446 seconds, Stopping threads took: 0.0000205 seconds
[2019-06-24T09:23:39.800+0000][1][safepoint    ] Application time: 0.0000383 seconds
[2019-06-24T09:23:39.800+0000][1][safepoint    ] Entering safepoint region: BulkRevokeBias
[2019-06-24T09:23:39.800+0000][1][safepoint    ] Leaving safepoint region
[2019-06-24T09:23:39.800+0000][1][safepoint    ] Total time for which application threads were stopped: 0.0000662 seconds, Stopping threads took: 0.0000215 seconds
[2019-06-24T09:23:39.937+0000][1][safepoint    ] Application time: 0.1372077 seconds
[2019-06-24T09:23:39.937+0000][1][safepoint    ] Entering safepoint region: GenCollectForAllocation
[2019-06-24T09:23:39.937+0000][1][gc,start     ] GC(2) Pause Young (Allocation Failure)
[2019-06-24T09:23:39.937+0000][1][gc,task      ] GC(2) Using 5 workers of 8 for evacuation
[2019-06-24T09:23:39.941+0000][1][gc,age       ] GC(2) Desired survivor size 4456448 bytes, new threshold 6 (max threshold 6)
[2019-06-24T09:23:39.941+0000][1][gc,age       ] GC(2) Age table with threshold 6 (max threshold 6)
[2019-06-24T09:23:39.941+0000][1][gc,age       ] GC(2) - age   1:    2708736 bytes,    2708736 total
[2019-06-24T09:23:39.941+0000][1][gc,age       ] GC(2) - age   2:    1207472 bytes,    3916208 total
[2019-06-24T09:23:39.941+0000][1][gc,heap      ] GC(2) ParNew: 76187K->4700K(78656K)
[2019-06-24T09:23:39.941+0000][1][gc,heap      ] GC(2) CMS: 6636K->6636K(174784K)
[2019-06-24T09:23:39.941+0000][1][gc,metaspace ] GC(2) Metaspace: 14791K->14791K(1062912K)
[2019-06-24T09:23:39.941+0000][1][gc           ] GC(2) Pause Young (Allocation Failure) 80M->11M(247M) 3.583ms
[2019-06-24T09:23:39.941+0000][1][gc,cpu       ] GC(2) User=0.02s Sys=0.00s Real=0.00s
[2019-06-24T09:23:39.941+0000][1][safepoint    ] Leaving safepoint region
[2019-06-24T09:23:39.941+0000][1][safepoint    ] Total time for which application threads were stopped: 0.0037466 seconds, Stopping threads took: 0.0000206 seconds
[2019-06-24T09:23:39.941+0000][1][safepoint    ] Application time: 0.0002061 seconds
[2019-06-24T09:23:39.941+0000][1][safepoint    ] Entering safepoint region: RevokeBias
[2019-06-24T09:23:39.941+0000][1][safepoint    ] Leaving safepoint region
[2019-06-24T09:23:39.941+0000][1][safepoint    ] Total time for which application threads were stopped: 0.0001118 seconds, Stopping threads took: 0.0000456 seconds
[2019-06-24T09:23:39.941+0000][1][safepoint    ] Application time: 0.0000448 seconds
[2019-06-24T09:23:39.941+0000][1][safepoint    ] Entering safepoint region: RevokeBias
[2019-06-24T09:23:39.941+0000][1][safepoint    ] Leaving safepoint region
[2019-06-24T09:23:39.941+0000][1][safepoint    ] Total time for which application threads were stopped: 0.0000545 seconds, Stopping threads took: 0.0000079 seconds
[2019-06-24T09:23:39.941+0000][1][safepoint    ] Application time: 0.0000509 seconds
[2019-06-24T09:23:39.941+0000][1][safepoint    ] Entering safepoint region: RevokeBias
[2019-06-24T09:23:39.941+0000][1][safepoint    ] Leaving safepoint region
[2019-06-24T09:23:39.941+0000][1][safepoint    ] Total time for which application threads were stopped: 0.0000858 seconds, Stopping threads took: 0.0000402 seconds
[2019-06-24T09:23:39.941+0000][1][safepoint    ] Application time: 0.0000442 seconds
[2019-06-24T09:23:39.941+0000][1][safepoint    ] Entering safepoint region: RevokeBias
[2019-06-24T09:23:39.941+0000][1][safepoint    ] Leaving safepoint region
[2019-06-24T09:23:39.941+0000][1][safepoint    ] Total time for which application threads were stopped: 0.0000724 seconds, Stopping threads took: 0.0000327 seconds
[2019-06-24T09:23:39.942+0000][1][safepoint    ] Application time: 0.0000452 seconds
[2019-06-24T09:23:39.942+0000][1][safepoint    ] Entering safepoint region: RevokeBias
[2019-06-24T09:23:39.942+0000][1][safepoint    ] Leaving safepoint region
[2019-06-24T09:23:39.942+0000][1][safepoint    ] Total time for which application threads were stopped: 0.0000633 seconds, Stopping threads took: 0.0000203 seconds
[2019-06-24T09:23:39.942+0000][1][safepoint    ] Application time: 0.0000403 seconds
[2019-06-24T09:23:39.942+0000][1][safepoint    ] Entering safepoint region: RevokeBias
[2019-06-24T09:23:39.942+0000][1][safepoint    ] Leaving safepoint region
[2019-06-24T09:23:39.942+0000][1][safepoint    ] Total time for which application threads were stopped: 0.0000428 seconds, Stopping threads took: 0.0000068 seconds
[2019-06-24T09:23:40.063+0000][1][safepoint    ] Application time: 0.1215700 seconds
[2019-06-24T09:23:40.063+0000][1][safepoint    ] Entering safepoint region: Deoptimize
[2019-06-24T09:23:40.064+0000][1][safepoint    ] Leaving safepoint region
[2019-06-24T09:23:40.064+0000][1][safepoint    ] Total time for which application threads were stopped: 0.0003155 seconds, Stopping threads took: 0.0000128 seconds
[2019-06-24T09:23:40.064+0000][1][safepoint    ] Application time: 0.0004438 seconds
[2019-06-24T09:23:40.064+0000][1][safepoint    ] Entering safepoint region: Deoptimize
[2019-06-24T09:23:40.064+0000][1][safepoint    ] Leaving safepoint region
[2019-06-24T09:23:40.064+0000][1][safepoint    ] Total time for which application threads were stopped: 0.0002451 seconds, Stopping threads took: 0.0000094 seconds
[2019-06-24T09:23:40.212+0000][1][safepoint    ] Application time: 0.1472444 seconds
[2019-06-24T09:23:40.212+0000][1][safepoint    ] Entering safepoint region: RevokeBias
[2019-06-24T09:23:40.212+0000][1][safepoint    ] Leaving safepoint region
[2019-06-24T09:23:40.212+0000][1][safepoint    ] Total time for which application threads were stopped: 0.0001222 seconds, Stopping threads took: 0.0000125 seconds
[2019-06-24T09:23:40.234+0000][1][safepoint    ] Application time: 0.0220669 seconds
[2019-06-24T09:23:40.234+0000][1][safepoint    ] Entering safepoint region: GenCollectForAllocation
[2019-06-24T09:23:40.234+0000][1][gc,start     ] GC(3) Pause Young (Allocation Failure)
[2019-06-24T09:23:40.234+0000][1][gc,task      ] GC(3) Using 5 workers of 8 for evacuation
[2019-06-24T09:23:40.237+0000][1][gc,age       ] GC(3) Desired survivor size 4456448 bytes, new threshold 3 (max threshold 6)
[2019-06-24T09:23:40.237+0000][1][gc,age       ] GC(3) Age table with threshold 3 (max threshold 6)
[2019-06-24T09:23:40.237+0000][1][gc,age       ] GC(3) - age   1:    3268024 bytes,    3268024 total
[2019-06-24T09:23:40.237+0000][1][gc,age       ] GC(3) - age   2:     294320 bytes,    3562344 total
[2019-06-24T09:23:40.237+0000][1][gc,age       ] GC(3) - age   3:    1204064 bytes,    4766408 total
[2019-06-24T09:23:40.237+0000][1][gc,heap      ] GC(3) ParNew: 74652K->5689K(78656K)
[2019-06-24T09:23:40.237+0000][1][gc,heap      ] GC(3) CMS: 6636K->6636K(174784K)
[2019-06-24T09:23:40.237+0000][1][gc,metaspace ] GC(3) Metaspace: 18225K->18225K(1067008K)
[2019-06-24T09:23:40.237+0000][1][gc           ] GC(3) Pause Young (Allocation Failure) 79M->12M(247M) 3.220ms
[2019-06-24T09:23:40.237+0000][1][gc,cpu       ] GC(3) User=0.03s Sys=0.00s Real=0.01s
[2019-06-24T09:23:40.237+0000][1][safepoint    ] Leaving safepoint region
[2019-06-24T09:23:40.237+0000][1][safepoint    ] Total time for which application threads were stopped: 0.0033655 seconds, Stopping threads took: 0.0000179 seconds
[2019-06-24T09:23:40.237+0000][1][safepoint    ] Application time: 0.0002620 seconds
[2019-06-24T09:23:40.238+0000][1][safepoint    ] Entering safepoint region: RevokeBias
[2019-06-24T09:23:40.238+0000][1][safepoint    ] Leaving safepoint region
[2019-06-24T09:23:40.238+0000][1][safepoint    ] Total time for which application threads were stopped: 0.0002537 seconds, Stopping threads took: 0.0000538 seconds
[2019-06-24T09:23:40.238+0000][1][safepoint    ] Application time: 0.0000722 seconds
[2019-06-24T09:23:40.238+0000][1][safepoint    ] Entering safepoint region: RevokeBias
[2019-06-24T09:23:40.238+0000][1][safepoint    ] Leaving safepoint region
[2019-06-24T09:23:40.238+0000][1][safepoint    ] Total time for which application threads were stopped: 0.0000897 seconds, Stopping threads took: 0.0000381 seconds
[2019-06-24T09:23:40.238+0000][1][safepoint    ] Application time: 0.0001543 seconds
[2019-06-24T09:23:40.238+0000][1][safepoint    ] Entering safepoint region: RevokeBias
[2019-06-24T09:23:40.238+0000][1][safepoint    ] Leaving safepoint region
[2019-06-24T09:23:40.238+0000][1][safepoint    ] Total time for which application threads were stopped: 0.0002381 seconds, Stopping threads took: 0.0001921 seconds
[2019-06-24T09:23:40.238+0000][1][safepoint    ] Application time: 0.0000451 seconds
[2019-06-24T09:23:40.238+0000][1][safepoint    ] Entering safepoint region: RevokeBias
[2019-06-24T09:23:40.238+0000][1][safepoint    ] Leaving safepoint region
[2019-06-24T09:23:40.239+0000][1][safepoint    ] Total time for which application threads were stopped: 0.0000919 seconds, Stopping threads took: 0.0000256 seconds
[2019-06-24T09:23:40.239+0000][1][safepoint    ] Application time: 0.0000517 seconds
[2019-06-24T09:23:40.239+0000][1][safepoint    ] Entering safepoint region: RevokeBias
[2019-06-24T09:23:40.239+0000][1][safepoint    ] Leaving safepoint region
[2019-06-24T09:23:40.239+0000][1][safepoint    ] Total time for which application threads were stopped: 0.0000875 seconds, Stopping threads took: 0.0000356 seconds
[2019-06-24T09:23:40.239+0000][1][safepoint    ] Application time: 0.0000968 seconds
[2019-06-24T09:23:40.239+0000][1][safepoint    ] Entering safepoint region: RevokeBias
[2019-06-24T09:23:40.239+0000][1][safepoint    ] Leaving safepoint region
[2019-06-24T09:23:40.239+0000][1][safepoint    ] Total time for which application threads were stopped: 0.0000740 seconds, Stopping threads took: 0.0000262 seconds
[2019-06-24T09:23:40.239+0000][1][safepoint    ] Application time: 0.0001094 seconds
[2019-06-24T09:23:40.239+0000][1][safepoint    ] Entering safepoint region: RevokeBias
[2019-06-24T09:23:40.239+0000][1][safepoint    ] Leaving safepoint region
[2019-06-24T09:23:40.239+0000][1][safepoint    ] Total time for which application threads were stopped: 0.0001112 seconds, Stopping threads took: 0.0000536 seconds
[2019-06-24T09:23:40.239+0000][1][safepoint    ] Application time: 0.0001032 seconds
[2019-06-24T09:23:40.239+0000][1][safepoint    ] Entering safepoint region: RevokeBias
[2019-06-24T09:23:40.239+0000][1][safepoint    ] Leaving safepoint region
[2019-06-24T09:23:40.239+0000][1][safepoint    ] Total time for which application threads were stopped: 0.0001486 seconds, Stopping threads took: 0.0000938 seconds
[2019-06-24T09:23:40.239+0000][1][safepoint    ] Application time: 0.0001066 seconds
[2019-06-24T09:23:40.240+0000][1][safepoint    ] Entering safepoint region: RevokeBias
[2019-06-24T09:23:40.240+0000][1][safepoint    ] Leaving safepoint region
[2019-06-24T09:23:40.240+0000][1][safepoint    ] Total time for which application threads were stopped: 0.0001204 seconds, Stopping threads took: 0.0000499 seconds
[2019-06-24T09:23:40.240+0000][1][safepoint    ] Application time: 0.0001024 seconds
[2019-06-24T09:23:40.240+0000][1][safepoint    ] Entering safepoint region: RevokeBias
[2019-06-24T09:23:40.240+0000][1][safepoint    ] Leaving safepoint region
[2019-06-24T09:23:40.240+0000][1][safepoint    ] Total time for which application threads were stopped: 0.0000627 seconds, Stopping threads took: 0.0000095 seconds
[2019-06-24T09:23:40.240+0000][1][safepoint    ] Application time: 0.0000785 seconds
[2019-06-24T09:23:40.240+0000][1][safepoint    ] Entering safepoint region: RevokeBias
[2019-06-24T09:23:40.240+0000][1][safepoint    ] Leaving safepoint region
[2019-06-24T09:23:40.240+0000][1][safepoint    ] Total time for which application threads were stopped: 0.0000749 seconds, Stopping threads took: 0.0000142 seconds
[2019-06-24T09:23:40.240+0000][1][safepoint    ] Application time: 0.0000411 seconds
[2019-06-24T09:23:40.240+0000][1][safepoint    ] Entering safepoint region: RevokeBias
[2019-06-24T09:23:40.240+0000][1][safepoint    ] Leaving safepoint region
[2019-06-24T09:23:40.240+0000][1][safepoint    ] Total time for which application threads were stopped: 0.0000718 seconds, Stopping threads took: 0.0000187 seconds
[2019-06-24T09:23:40.240+0000][1][safepoint    ] Application time: 0.0001948 seconds
[2019-06-24T09:23:40.240+0000][1][safepoint    ] Entering safepoint region: RevokeBias
[2019-06-24T09:23:40.240+0000][1][safepoint    ] Leaving safepoint region
[2019-06-24T09:23:40.240+0000][1][safepoint    ] Total time for which application threads were stopped: 0.0000987 seconds, Stopping threads took: 0.0000342 seconds
[2019-06-24T09:23:40.240+0000][1][safepoint    ] Application time: 0.0000432 seconds
[2019-06-24T09:23:40.240+0000][1][safepoint    ] Entering safepoint region: RevokeBias
[2019-06-24T09:23:40.241+0000][1][safepoint    ] Leaving safepoint region
[2019-06-24T09:23:40.241+0000][1][safepoint    ] Total time for which application threads were stopped: 0.0000801 seconds, Stopping threads took: 0.0000276 seconds
[2019-06-24T09:23:40.241+0000][1][safepoint    ] Application time: 0.0000457 seconds
[2019-06-24T09:23:40.241+0000][1][safepoint    ] Entering safepoint region: RevokeBias
[2019-06-24T09:23:40.241+0000][1][safepoint    ] Leaving safepoint region
[2019-06-24T09:23:40.241+0000][1][safepoint    ] Total time for which application threads were stopped: 0.0001296 seconds, Stopping threads took: 0.0000792 seconds
[2019-06-24T09:23:40.241+0000][1][safepoint    ] Application time: 0.0000435 seconds
[2019-06-24T09:23:40.241+0000][1][safepoint    ] Entering safepoint region: RevokeBias
[2019-06-24T09:23:40.241+0000][1][safepoint    ] Leaving safepoint region
[2019-06-24T09:23:40.241+0000][1][safepoint    ] Total time for which application threads were stopped: 0.0000843 seconds, Stopping threads took: 0.0000270 seconds
[2019-06-24T09:23:40.241+0000][1][safepoint    ] Application time: 0.0000810 seconds
[2019-06-24T09:23:40.241+0000][1][safepoint    ] Entering safepoint region: RevokeBias
[2019-06-24T09:23:40.241+0000][1][safepoint    ] Leaving safepoint region
[2019-06-24T09:23:40.241+0000][1][safepoint    ] Total time for which application threads were stopped: 0.0001063 seconds, Stopping threads took: 0.0000545 seconds
[2019-06-24T09:23:40.241+0000][1][safepoint    ] Application time: 0.0000820 seconds
[2019-06-24T09:23:40.241+0000][1][safepoint    ] Entering safepoint region: RevokeBias
[2019-06-24T09:23:40.241+0000][1][safepoint    ] Leaving safepoint region
[2019-06-24T09:23:40.241+0000][1][safepoint    ] Total time for which application threads were stopped: 0.0000808 seconds, Stopping threads took: 0.0000325 seconds
[2019-06-24T09:23:40.241+0000][1][safepoint    ] Application time: 0.0000752 seconds
[2019-06-24T09:23:40.241+0000][1][safepoint    ] Entering safepoint region: RevokeBias
[2019-06-24T09:23:40.241+0000][1][safepoint    ] Leaving safepoint region
[2019-06-24T09:23:40.241+0000][1][safepoint    ] Total time for which application threads were stopped: 0.0000717 seconds, Stopping threads took: 0.0000267 seconds
[2019-06-24T09:23:40.242+0000][1][safepoint    ] Application time: 0.0000762 seconds
[2019-06-24T09:23:40.242+0000][1][safepoint    ] Entering safepoint region: RevokeBias
[2019-06-24T09:23:40.242+0000][1][safepoint    ] Leaving safepoint region
[2019-06-24T09:23:40.242+0000][1][safepoint    ] Total time for which application threads were stopped: 0.0000929 seconds, Stopping threads took: 0.0000501 seconds
[2019-06-24T09:23:40.242+0000][1][safepoint    ] Application time: 0.0000363 seconds
[2019-06-24T09:23:40.242+0000][1][safepoint    ] Entering safepoint region: RevokeBias
[2019-06-24T09:23:40.242+0000][1][safepoint    ] Leaving safepoint region
[2019-06-24T09:23:40.242+0000][1][safepoint    ] Total time for which application threads were stopped: 0.0000441 seconds, Stopping threads took: 0.0000069 seconds
[2019-06-24T09:23:40.325+0000][1][safepoint    ] Application time: 0.0836290 seconds
[2019-06-24T09:23:40.325+0000][1][safepoint    ] Entering safepoint region: GenCollectForAllocation
[2019-06-24T09:23:40.326+0000][1][gc,start     ] GC(4) Pause Young (Allocation Failure)
[2019-06-24T09:23:40.326+0000][1][gc,task      ] GC(4) Using 5 workers of 8 for evacuation
[2019-06-24T09:23:40.330+0000][1][gc,age       ] GC(4) Desired survivor size 4456448 bytes, new threshold 2 (max threshold 6)
[2019-06-24T09:23:40.330+0000][1][gc,age       ] GC(4) Age table with threshold 2 (max threshold 6)
[2019-06-24T09:23:40.330+0000][1][gc,age       ] GC(4) - age   1:    1547856 bytes,    1547856 total
[2019-06-24T09:23:40.330+0000][1][gc,age       ] GC(4) - age   2:    3228520 bytes,    4776376 total
[2019-06-24T09:23:40.330+0000][1][gc,age       ] GC(4) - age   3:     293792 bytes,    5070168 total
[2019-06-24T09:23:40.330+0000][1][gc,heap      ] GC(4) ParNew: 75641K->7479K(78656K)
[2019-06-24T09:23:40.330+0000][1][gc,heap      ] GC(4) CMS: 6636K->7829K(174784K)
[2019-06-24T09:23:40.330+0000][1][gc,metaspace ] GC(4) Metaspace: 18463K->18463K(1067008K)
[2019-06-24T09:23:40.330+0000][1][gc           ] GC(4) Pause Young (Allocation Failure) 80M->14M(247M) 4.381ms
[2019-06-24T09:23:40.330+0000][1][gc,cpu       ] GC(4) User=0.03s Sys=0.00s Real=0.00s
[2019-06-24T09:23:40.330+0000][1][safepoint    ] Leaving safepoint region
[2019-06-24T09:23:40.330+0000][1][safepoint    ] Total time for which application threads were stopped: 0.0045225 seconds, Stopping threads took: 0.0000259 seconds
[2019-06-24T09:23:40.330+0000][1][safepoint    ] Application time: 0.0001233 seconds
[2019-06-24T09:23:40.330+0000][1][safepoint    ] Entering safepoint region: RevokeBias
[2019-06-24T09:23:40.330+0000][1][safepoint    ] Leaving safepoint region
[2019-06-24T09:23:40.330+0000][1][safepoint    ] Total time for which application threads were stopped: 0.0001224 seconds, Stopping threads took: 0.0000410 seconds
[2019-06-24T09:23:40.330+0000][1][safepoint    ] Application time: 0.0000453 seconds
[2019-06-24T09:23:40.330+0000][1][safepoint    ] Entering safepoint region: RevokeBias
[2019-06-24T09:23:40.330+0000][1][safepoint    ] Leaving safepoint region
[2019-06-24T09:23:40.330+0000][1][safepoint    ] Total time for which application threads were stopped: 0.0000954 seconds, Stopping threads took: 0.0000371 seconds
[2019-06-24T09:23:40.330+0000][1][safepoint    ] Application time: 0.0000589 seconds
[2019-06-24T09:23:40.330+0000][1][safepoint    ] Entering safepoint region: RevokeBias
[2019-06-24T09:23:40.331+0000][1][safepoint    ] Leaving safepoint region
[2019-06-24T09:23:40.331+0000][1][safepoint    ] Total time for which application threads were stopped: 0.0001092 seconds, Stopping threads took: 0.0000623 seconds
[2019-06-24T09:23:40.331+0000][1][safepoint    ] Application time: 0.0000405 seconds
[2019-06-24T09:23:40.331+0000][1][safepoint    ] Entering safepoint region: RevokeBias
[2019-06-24T09:23:40.331+0000][1][safepoint    ] Leaving safepoint region
[2019-06-24T09:23:40.331+0000][1][safepoint    ] Total time for which application threads were stopped: 0.0000541 seconds, Stopping threads took: 0.0000283 seconds
[2019-06-24T09:23:40.348+0000][1][safepoint    ] Application time: 0.0168968 seconds
[2019-06-24T09:23:40.348+0000][1][safepoint    ] Entering safepoint region: Deoptimize
[2019-06-24T09:23:40.348+0000][1][safepoint    ] Leaving safepoint region
[2019-06-24T09:23:40.348+0000][1][safepoint    ] Total time for which application threads were stopped: 0.0002858 seconds, Stopping threads took: 0.0000110 seconds
[2019-06-24T09:23:40.382+0000][1][safepoint    ] Application time: 0.0338321 seconds
[2019-06-24T09:23:40.382+0000][1][safepoint    ] Entering safepoint region: Deoptimize
[2019-06-24T09:23:40.382+0000][1][safepoint    ] Leaving safepoint region
[2019-06-24T09:23:40.382+0000][1][safepoint    ] Total time for which application threads were stopped: 0.0002849 seconds, Stopping threads took: 0.0000120 seconds
[2019-06-24T09:23:40.455+0000][1][safepoint    ] Application time: 0.0730046 seconds
[2019-06-24T09:23:40.455+0000][1][safepoint    ] Entering safepoint region: GenCollectForAllocation
[2019-06-24T09:23:40.455+0000][1][gc,start     ] GC(5) Pause Young (Allocation Failure)
[2019-06-24T09:23:40.455+0000][1][gc,task      ] GC(5) Using 5 workers of 8 for evacuation
[2019-06-24T09:23:40.459+0000][1][gc,age       ] GC(5) Desired survivor size 4456448 bytes, new threshold 6 (max threshold 6)
[2019-06-24T09:23:40.460+0000][1][gc,age       ] GC(5) Age table with threshold 6 (max threshold 6)
[2019-06-24T09:23:40.460+0000][1][gc,age       ] GC(5) - age   1:    2219344 bytes,    2219344 total
[2019-06-24T09:23:40.460+0000][1][gc,age       ] GC(5) - age   2:     547488 bytes,    2766832 total
[2019-06-24T09:23:40.460+0000][1][gc,heap      ] GC(5) ParNew: 77431K->4565K(78656K)
[2019-06-24T09:23:40.460+0000][1][gc,heap      ] GC(5) CMS: 7829K->11294K(174784K)
[2019-06-24T09:23:40.460+0000][1][gc,metaspace ] GC(5) Metaspace: 18812K->18812K(1067008K)
[2019-06-24T09:23:40.460+0000][1][gc           ] GC(5) Pause Young (Allocation Failure) 83M->15M(247M) 4.421ms
[2019-06-24T09:23:40.460+0000][1][gc,cpu       ] GC(5) User=0.03s Sys=0.00s Real=0.00s
[2019-06-24T09:23:40.460+0000][1][safepoint    ] Leaving safepoint region
[2019-06-24T09:23:40.460+0000][1][safepoint    ] Total time for which application threads were stopped: 0.0045454 seconds, Stopping threads took: 0.0000153 seconds
[2019-06-24T09:23:40.460+0000][1][safepoint    ] Application time: 0.0001593 seconds
[2019-06-24T09:23:40.460+0000][1][safepoint    ] Entering safepoint region: RevokeBias
[2019-06-24T09:23:40.460+0000][1][safepoint    ] Leaving safepoint region
[2019-06-24T09:23:40.460+0000][1][safepoint    ] Total time for which application threads were stopped: 0.0002032 seconds, Stopping threads took: 0.0001397 seconds
[2019-06-24T09:23:40.460+0000][1][safepoint    ] Application time: 0.0000753 seconds
[2019-06-24T09:23:40.460+0000][1][safepoint    ] Entering safepoint region: RevokeBias
[2019-06-24T09:23:40.460+0000][1][safepoint    ] Leaving safepoint region
[2019-06-24T09:23:40.460+0000][1][safepoint    ] Total time for which application threads were stopped: 0.0001047 seconds, Stopping threads took: 0.0000571 seconds
[2019-06-24T09:23:40.460+0000][1][safepoint    ] Application time: 0.0000449 seconds
[2019-06-24T09:23:40.460+0000][1][safepoint    ] Entering safepoint region: RevokeBias
[2019-06-24T09:23:40.460+0000][1][safepoint    ] Leaving safepoint region
[2019-06-24T09:23:40.460+0000][1][safepoint    ] Total time for which application threads were stopped: 0.0000464 seconds, Stopping threads took: 0.0000069 seconds
[2019-06-24T09:23:40.460+0000][1][safepoint    ] Application time: 0.0000371 seconds
[2019-06-24T09:23:40.460+0000][1][safepoint    ] Entering safepoint region: RevokeBias
[2019-06-24T09:23:40.460+0000][1][safepoint    ] Leaving safepoint region
[2019-06-24T09:23:40.460+0000][1][safepoint    ] Total time for which application threads were stopped: 0.0000461 seconds, Stopping threads took: 0.0000067 seconds
[2019-06-24T09:23:40.460+0000][1][safepoint    ] Application time: 0.0000416 seconds
[2019-06-24T09:23:40.460+0000][1][safepoint    ] Entering safepoint region: RevokeBias
[2019-06-24T09:23:40.461+0000][1][safepoint    ] Leaving safepoint region
[2019-06-24T09:23:40.461+0000][1][safepoint    ] Total time for which application threads were stopped: 0.0000453 seconds, Stopping threads took: 0.0000065 seconds
[2019-06-24T09:23:40.461+0000][1][safepoint    ] Application time: 0.0000381 seconds
[2019-06-24T09:23:40.461+0000][1][safepoint    ] Entering safepoint region: RevokeBias
[2019-06-24T09:23:40.461+0000][1][safepoint    ] Leaving safepoint region
[2019-06-24T09:23:40.461+0000][1][safepoint    ] Total time for which application threads were stopped: 0.0000714 seconds, Stopping threads took: 0.0000282 seconds
[2019-06-24T09:23:40.533+0000][1][safepoint    ] Application time: 0.0719176 seconds
[2019-06-24T09:23:40.533+0000][1][safepoint    ] Entering safepoint region: RevokeBias
[2019-06-24T09:23:40.533+0000][1][safepoint    ] Leaving safepoint region
[2019-06-24T09:23:40.533+0000][1][safepoint    ] Total time for which application threads were stopped: 0.0000728 seconds, Stopping threads took: 0.0000114 seconds
[2019-06-24T09:23:40.533+0000][1][safepoint    ] Application time: 0.0001730 seconds
[2019-06-24T09:23:40.533+0000][1][safepoint    ] Entering safepoint region: BulkRevokeBias
[2019-06-24T09:23:40.533+0000][1][safepoint    ] Leaving safepoint region
[2019-06-24T09:23:40.533+0000][1][safepoint    ] Total time for which application threads were stopped: 0.0000929 seconds, Stopping threads took: 0.0000085 seconds
[2019-06-24T09:23:40.554+0000][1][safepoint    ] Application time: 0.0209430 seconds
[2019-06-24T09:23:40.554+0000][1][safepoint    ] Entering safepoint region: GenCollectForAllocation
[2019-06-24T09:23:40.554+0000][1][gc,start     ] GC(6) Pause Young (Allocation Failure)
[2019-06-24T09:23:40.554+0000][1][gc,task      ] GC(6) Using 5 workers of 8 for evacuation
[2019-06-24T09:23:40.556+0000][1][gc,age       ] GC(6) Desired survivor size 4456448 bytes, new threshold 6 (max threshold 6)
[2019-06-24T09:23:40.556+0000][1][gc,age       ] GC(6) Age table with threshold 6 (max threshold 6)
[2019-06-24T09:23:40.556+0000][1][gc,age       ] GC(6) - age   1:    1159664 bytes,    1159664 total
[2019-06-24T09:23:40.556+0000][1][gc,age       ] GC(6) - age   2:    2195016 bytes,    3354680 total
[2019-06-24T09:23:40.556+0000][1][gc,age       ] GC(6) - age   3:     547488 bytes,    3902168 total
[2019-06-24T09:23:40.556+0000][1][gc,heap      ] GC(6) ParNew: 74517K->4746K(78656K)
[2019-06-24T09:23:40.556+0000][1][gc,heap      ] GC(6) CMS: 11294K->11294K(174784K)
[2019-06-24T09:23:40.556+0000][1][gc,metaspace ] GC(6) Metaspace: 19120K->19120K(1067008K)
[2019-06-24T09:23:40.556+0000][1][gc           ] GC(6) Pause Young (Allocation Failure) 83M->15M(247M) 2.051ms
[2019-06-24T09:23:40.556+0000][1][gc,cpu       ] GC(6) User=0.02s Sys=0.00s Real=0.01s
[2019-06-24T09:23:40.556+0000][1][safepoint    ] Leaving safepoint region
[2019-06-24T09:23:40.556+0000][1][safepoint    ] Total time for which application threads were stopped: 0.0021539 seconds, Stopping threads took: 0.0000204 seconds
[2019-06-24T09:23:40.556+0000][1][safepoint    ] Application time: 0.0001084 seconds
[2019-06-24T09:23:40.556+0000][1][safepoint    ] Entering safepoint region: BulkRevokeBias
[2019-06-24T09:23:40.556+0000][1][safepoint    ] Leaving safepoint region
[2019-06-24T09:23:40.556+0000][1][safepoint    ] Total time for which application threads were stopped: 0.0001004 seconds, Stopping threads took: 0.0000423 seconds
[2019-06-24T09:23:40.660+0000][1][safepoint    ] Application time: 0.1041037 seconds
[2019-06-24T09:23:40.660+0000][1][safepoint    ] Entering safepoint region: GenCollectForAllocation
[2019-06-24T09:23:40.661+0000][1][gc,start     ] GC(7) Pause Young (Allocation Failure)
[2019-06-24T09:23:40.661+0000][1][gc,task      ] GC(7) Using 5 workers of 8 for evacuation
[2019-06-24T09:23:40.663+0000][1][gc,age       ] GC(7) Desired survivor size 4456448 bytes, new threshold 4 (max threshold 6)
[2019-06-24T09:23:40.663+0000][1][gc,age       ] GC(7) Age table with threshold 4 (max threshold 6)
[2019-06-24T09:23:40.663+0000][1][gc,age       ] GC(7) - age   1:     707392 bytes,     707392 total
[2019-06-24T09:23:40.663+0000][1][gc,age       ] GC(7) - age   2:    1130336 bytes,    1837728 total
[2019-06-24T09:23:40.663+0000][1][gc,age       ] GC(7) - age   3:    2193008 bytes,    4030736 total
[2019-06-24T09:23:40.663+0000][1][gc,age       ] GC(7) - age   4:     547488 bytes,    4578224 total
[2019-06-24T09:23:40.663+0000][1][gc,heap      ] GC(7) ParNew: 74698K->5745K(78656K)
[2019-06-24T09:23:40.663+0000][1][gc,heap      ] GC(7) CMS: 11294K->11294K(174784K)
[2019-06-24T09:23:40.663+0000][1][gc,metaspace ] GC(7) Metaspace: 19668K->19668K(1067008K)
[2019-06-24T09:23:40.663+0000][1][gc           ] GC(7) Pause Young (Allocation Failure) 83M->16M(247M) 2.576ms
[2019-06-24T09:23:40.663+0000][1][gc,cpu       ] GC(7) User=0.02s Sys=0.00s Real=0.01s
[2019-06-24T09:23:40.663+0000][1][safepoint    ] Leaving safepoint region
[2019-06-24T09:23:40.663+0000][1][safepoint    ] Total time for which application threads were stopped: 0.0026982 seconds, Stopping threads took: 0.0000124 seconds
[2019-06-24T09:23:40.704+0000][1][safepoint    ] Application time: 0.0409019 seconds
[2019-06-24T09:23:40.704+0000][1][safepoint    ] Entering safepoint region: CollectForMetadataAllocation
[2019-06-24T09:23:40.704+0000][1][safepoint    ] Leaving safepoint region
[2019-06-24T09:23:40.704+0000][1][safepoint    ] Total time for which application threads were stopped: 0.0002337 seconds, Stopping threads took: 0.0000119 seconds
[2019-06-24T09:23:40.820+0000][1][safepoint    ] Application time: 0.1154054 seconds
[2019-06-24T09:23:40.820+0000][1][safepoint    ] Entering safepoint region: GenCollectForAllocation
[2019-06-24T09:23:40.820+0000][1][gc,start     ] GC(8) Pause Young (Allocation Failure)
[2019-06-24T09:23:40.820+0000][1][gc,task      ] GC(8) Using 5 workers of 8 for evacuation
[2019-06-24T09:23:40.824+0000][1][gc,age       ] GC(8) Desired survivor size 4456448 bytes, new threshold 6 (max threshold 6)
[2019-06-24T09:23:40.824+0000][1][gc,age       ] GC(8) Age table with threshold 6 (max threshold 6)
[2019-06-24T09:23:40.824+0000][1][gc,age       ] GC(8) - age   1:     459032 bytes,     459032 total
[2019-06-24T09:23:40.824+0000][1][gc,age       ] GC(8) - age   2:     525584 bytes,     984616 total
[2019-06-24T09:23:40.824+0000][1][gc,age       ] GC(8) - age   3:    1130240 bytes,    2114856 total
[2019-06-24T09:23:40.824+0000][1][gc,age       ] GC(8) - age   4:    2192720 bytes,    4307576 total
[2019-06-24T09:23:40.824+0000][1][gc,heap      ] GC(8) ParNew: 75697K->5238K(78656K)
[2019-06-24T09:23:40.824+0000][1][gc,heap      ] GC(8) CMS: 11294K->11839K(174784K)
[2019-06-24T09:23:40.824+0000][1][gc,metaspace ] GC(8) Metaspace: 20169K->20169K(1069056K)
[2019-06-24T09:23:40.824+0000][1][gc           ] GC(8) Pause Young (Allocation Failure) 84M->16M(247M) 3.672ms
[2019-06-24T09:23:40.824+0000][1][gc,cpu       ] GC(8) User=0.03s Sys=0.00s Real=0.01s
[2019-06-24T09:23:40.824+0000][1][safepoint    ] Leaving safepoint region
[2019-06-24T09:23:40.824+0000][1][safepoint    ] Total time for which application threads were stopped: 0.0038662 seconds, Stopping threads took: 0.0000931 seconds
[2019-06-24T09:23:40.824+0000][1][safepoint    ] Application time: 0.0000972 seconds
[2019-06-24T09:23:40.824+0000][1][safepoint    ] Entering safepoint region: CMS_Initial_Mark
[2019-06-24T09:23:40.824+0000][1][gc,start     ] GC(9) Pause Initial Mark
[2019-06-24T09:23:40.825+0000][1][gc           ] GC(9) Pause Initial Mark 18M->18M(247M) 0.783ms
[2019-06-24T09:23:40.825+0000][1][gc,cpu       ] GC(9) User=0.00s Sys=0.00s Real=0.00s
[2019-06-24T09:23:40.825+0000][1][safepoint    ] Leaving safepoint region
[2019-06-24T09:23:40.825+0000][1][safepoint    ] Total time for which application threads were stopped: 0.0009164 seconds, Stopping threads took: 0.0000710 seconds
[2019-06-24T09:23:40.825+0000][1][gc           ] GC(9) Concurrent Mark
[2019-06-24T09:23:40.825+0000][1][gc,task      ] GC(9) Using 2 workers of 2 for marking
[2019-06-24T09:23:40.836+0000][1][gc           ] GC(9) Concurrent Mark 10.778ms
[2019-06-24T09:23:40.836+0000][1][gc,cpu       ] GC(9) User=0.07s Sys=0.00s Real=0.01s
[2019-06-24T09:23:40.836+0000][1][gc           ] GC(9) Concurrent Preclean
[2019-06-24T09:23:40.837+0000][1][gc           ] GC(9) Concurrent Preclean 0.903ms
[2019-06-24T09:23:40.837+0000][1][gc,cpu       ] GC(9) User=0.00s Sys=0.00s Real=0.00s
[2019-06-24T09:23:40.837+0000][1][gc           ] GC(9) Concurrent Abortable Preclean
[2019-06-24T09:23:40.925+0000][1][safepoint    ] Application time: 0.1000936 seconds
[2019-06-24T09:23:40.925+0000][1][safepoint    ] Entering safepoint region: GenCollectForAllocation
[2019-06-24T09:23:40.925+0000][1][gc,start     ] GC(10) Pause Young (Allocation Failure)
[2019-06-24T09:23:40.925+0000][1][gc,task      ] GC(10) Using 5 workers of 8 for evacuation
[2019-06-24T09:23:40.928+0000][1][gc,age       ] GC(10) Desired survivor size 4456448 bytes, new threshold 5 (max threshold 6)
[2019-06-24T09:23:40.928+0000][1][gc,age       ] GC(10) Age table with threshold 5 (max threshold 6)
[2019-06-24T09:23:40.928+0000][1][gc,age       ] GC(10) - age   1:     931856 bytes,     931856 total
[2019-06-24T09:23:40.928+0000][1][gc,age       ] GC(10) - age   2:     447176 bytes,    1379032 total
[2019-06-24T09:23:40.928+0000][1][gc,age       ] GC(10) - age   3:     525464 bytes,    1904496 total
[2019-06-24T09:23:40.928+0000][1][gc,age       ] GC(10) - age   4:    1130240 bytes,    3034736 total
[2019-06-24T09:23:40.928+0000][1][gc,age       ] GC(10) - age   5:    2193552 bytes,    5228288 total
[2019-06-24T09:23:40.928+0000][1][gc,heap      ] GC(10) ParNew: 75190K->5598K(78656K)
[2019-06-24T09:23:40.928+0000][1][gc,heap      ] GC(10) CMS: 11839K->11839K(174784K)
[2019-06-24T09:23:40.928+0000][1][gc,metaspace ] GC(10) Metaspace: 20293K->20293K(1069056K)
[2019-06-24T09:23:40.928+0000][1][gc           ] GC(10) Pause Young (Allocation Failure) 84M->17M(247M) 3.392ms
[2019-06-24T09:23:40.928+0000][1][gc,cpu       ] GC(10) User=0.02s Sys=0.00s Real=0.00s
[2019-06-24T09:23:40.928+0000][1][safepoint    ] Leaving safepoint region
[2019-06-24T09:23:40.928+0000][1][safepoint    ] Total time for which application threads were stopped: 0.0035638 seconds, Stopping threads took: 0.0000190 seconds
[2019-06-24T09:23:40.970+0000][1][safepoint    ] Application time: 0.0411315 seconds
[2019-06-24T09:23:40.970+0000][1][safepoint    ] Entering safepoint region: CollectForMetadataAllocation
[2019-06-24T09:23:40.970+0000][1][safepoint    ] Leaving safepoint region
[2019-06-24T09:23:40.970+0000][1][safepoint    ] Total time for which application threads were stopped: 0.0001788 seconds, Stopping threads took: 0.0000152 seconds
[2019-06-24T09:23:41.024+0000][1][safepoint    ] Application time: 0.0541505 seconds
[2019-06-24T09:23:41.024+0000][1][safepoint    ] Entering safepoint region: GenCollectForAllocation
[2019-06-24T09:23:41.024+0000][1][gc,start     ] GC(11) Pause Young (Allocation Failure)
[2019-06-24T09:23:41.024+0000][1][gc,task      ] GC(11) Using 5 workers of 8 for evacuation
[2019-06-24T09:23:41.031+0000][1][gc,age       ] GC(11) Desired survivor size 4456448 bytes, new threshold 6 (max threshold 6)
[2019-06-24T09:23:41.031+0000][1][gc,age       ] GC(11) Age table with threshold 6 (max threshold 6)
[2019-06-24T09:23:41.031+0000][1][gc,age       ] GC(11) - age   1:    1542384 bytes,    1542384 total
[2019-06-24T09:23:41.031+0000][1][gc,age       ] GC(11) - age   2:     126856 bytes,    1669240 total
[2019-06-24T09:23:41.031+0000][1][gc,age       ] GC(11) - age   3:     447176 bytes,    2116416 total
[2019-06-24T09:23:41.031+0000][1][gc,age       ] GC(11) - age   4:     525312 bytes,    2641728 total
[2019-06-24T09:23:41.031+0000][1][gc,age       ] GC(11) - age   5:    1129952 bytes,    3771680 total
[2019-06-24T09:23:41.031+0000][1][gc,heap      ] GC(11) ParNew: 75550K->6204K(78656K)
[2019-06-24T09:23:41.031+0000][1][gc,heap      ] GC(11) CMS: 11839K->13995K(174784K)
[2019-06-24T09:23:41.031+0000][1][gc,metaspace ] GC(11) Metaspace: 20378K->20378K(1069056K)
[2019-06-24T09:23:41.031+0000][1][gc           ] GC(11) Pause Young (Allocation Failure) 85M->19M(247M) 6.699ms
[2019-06-24T09:23:41.031+0000][1][gc,cpu       ] GC(11) User=0.05s Sys=0.00s Real=0.00s
[2019-06-24T09:23:41.031+0000][1][safepoint    ] Leaving safepoint region
[2019-06-24T09:23:41.031+0000][1][safepoint    ] Total time for which application threads were stopped: 0.0068497 seconds, Stopping threads took: 0.0000166 seconds
[2019-06-24T09:23:41.031+0000][1][gc           ] GC(9) Concurrent Abortable Preclean 194.347ms
[2019-06-24T09:23:41.031+0000][1][gc,cpu       ] GC(9) User=0.94s Sys=0.01s Real=0.19s
[2019-06-24T09:23:41.031+0000][1][safepoint    ] Application time: 0.0001250 seconds
[2019-06-24T09:23:41.031+0000][1][safepoint    ] Entering safepoint region: CMS_Final_Remark
[2019-06-24T09:23:41.031+0000][1][gc,start     ] GC(9) Pause Remark
[2019-06-24T09:23:41.041+0000][1][gc           ] GC(9) Pause Remark 21M->21M(247M) 9.526ms
[2019-06-24T09:23:41.041+0000][1][gc,cpu       ] GC(9) User=0.04s Sys=0.00s Real=0.01s
[2019-06-24T09:23:41.041+0000][1][safepoint    ] Leaving safepoint region
[2019-06-24T09:23:41.041+0000][1][safepoint    ] Total time for which application threads were stopped: 0.0097301 seconds, Stopping threads took: 0.0000645 seconds
[2019-06-24T09:23:41.041+0000][1][gc           ] GC(9) Concurrent Sweep
[2019-06-24T09:23:41.046+0000][1][gc           ] GC(9) Concurrent Sweep 5.549ms
[2019-06-24T09:23:41.046+0000][1][gc,cpu       ] GC(9) User=0.02s Sys=0.00s Real=0.01s
[2019-06-24T09:23:41.046+0000][1][gc           ] GC(9) Concurrent Reset
[2019-06-24T09:23:41.047+0000][1][gc           ] GC(9) Concurrent Reset 0.436ms
[2019-06-24T09:23:41.047+0000][1][gc,cpu       ] GC(9) User=0.02s Sys=0.00s Real=0.00s
[2019-06-24T09:23:41.047+0000][1][gc,heap      ] GC(9) Old: 11839K->13968K(174784K)
[2019-06-24T09:23:41.102+0000][1][safepoint    ] Application time: 0.0612019 seconds
[2019-06-24T09:23:41.102+0000][1][safepoint    ] Entering safepoint region: Deoptimize
[2019-06-24T09:23:41.103+0000][1][safepoint    ] Leaving safepoint region
[2019-06-24T09:23:41.103+0000][1][safepoint    ] Total time for which application threads were stopped: 0.0006881 seconds, Stopping threads took: 0.0000159 seconds
[2019-06-24T09:23:41.468+0000][1][safepoint    ] Application time: 0.3654046 seconds
[2019-06-24T09:23:41.468+0000][1][safepoint    ] Entering safepoint region: Deoptimize
[2019-06-24T09:23:41.469+0000][1][safepoint    ] Leaving safepoint region
[2019-06-24T09:23:41.469+0000][1][safepoint    ] Total time for which application threads were stopped: 0.0004247 seconds, Stopping threads took: 0.0000122 seconds
[2019-06-24T09:23:41.478+0000][1][safepoint    ] Application time: 0.0094027 seconds
[2019-06-24T09:23:41.478+0000][1][safepoint    ] Entering safepoint region: RevokeBias
[2019-06-24T09:23:41.478+0000][1][safepoint    ] Leaving safepoint region
[2019-06-24T09:23:41.478+0000][1][safepoint    ] Total time for which application threads were stopped: 0.0000638 seconds, Stopping threads took: 0.0000120 seconds
[2019-06-24T09:23:41.478+0000][1][safepoint    ] Application time: 0.0000623 seconds
[2019-06-24T09:23:41.478+0000][1][safepoint    ] Entering safepoint region: RevokeBias
[2019-06-24T09:23:41.478+0000][1][safepoint    ] Leaving safepoint region
[2019-06-24T09:23:41.478+0000][1][safepoint    ] Total time for which application threads were stopped: 0.0001490 seconds, Stopping threads took: 0.0001164 seconds
[2019-06-24T09:23:41.479+0000][1][safepoint    ] Application time: 0.0004385 seconds
[2019-06-24T09:23:41.479+0000][1][safepoint    ] Entering safepoint region: Deoptimize
[2019-06-24T09:23:41.479+0000][1][safepoint    ] Leaving safepoint region
[2019-06-24T09:23:41.479+0000][1][safepoint    ] Total time for which application threads were stopped: 0.0002457 seconds, Stopping threads took: 0.0000093 seconds
[2019-06-24T09:23:41.484+0000][1][safepoint    ] Application time: 0.0046099 seconds
[2019-06-24T09:23:41.484+0000][1][safepoint    ] Entering safepoint region: Deoptimize
[2019-06-24T09:23:41.484+0000][1][safepoint    ] Leaving safepoint region
[2019-06-24T09:23:41.484+0000][1][safepoint    ] Total time for which application threads were stopped: 0.0002639 seconds, Stopping threads took: 0.0000138 seconds
[2019-06-24T09:23:41.520+0000][1][safepoint    ] Application time: 0.0358297 seconds
[2019-06-24T09:23:41.520+0000][1][safepoint    ] Entering safepoint region: GenCollectForAllocation
[2019-06-24T09:23:41.520+0000][1][gc,start     ] GC(12) Pause Young (Allocation Failure)
[2019-06-24T09:23:41.520+0000][1][gc,task      ] GC(12) Using 5 workers of 8 for evacuation
[2019-06-24T09:23:41.523+0000][1][gc,age       ] GC(12) Desired survivor size 4456448 bytes, new threshold 6 (max threshold 6)
[2019-06-24T09:23:41.523+0000][1][gc,age       ] GC(12) Age table with threshold 6 (max threshold 6)
[2019-06-24T09:23:41.523+0000][1][gc,age       ] GC(12) - age   1:    2490096 bytes,    2490096 total
[2019-06-24T09:23:41.524+0000][1][gc,age       ] GC(12) - age   2:     345304 bytes,    2835400 total
[2019-06-24T09:23:41.524+0000][1][gc,age       ] GC(12) - age   3:     126560 bytes,    2961960 total
[2019-06-24T09:23:41.524+0000][1][gc,age       ] GC(12) - age   4:     446760 bytes,    3408720 total
[2019-06-24T09:23:41.524+0000][1][gc,age       ] GC(12) - age   5:     520368 bytes,    3929088 total
[2019-06-24T09:23:41.524+0000][1][gc,age       ] GC(12) - age   6:    1129792 bytes,    5058880 total
[2019-06-24T09:23:41.524+0000][1][gc,heap      ] GC(12) ParNew: 76156K->6022K(78656K)
[2019-06-24T09:23:41.524+0000][1][gc,heap      ] GC(12) CMS: 13968K->13968K(174784K)
[2019-06-24T09:23:41.524+0000][1][gc,metaspace ] GC(12) Metaspace: 26055K->26055K(1073152K)
[2019-06-24T09:23:41.524+0000][1][gc           ] GC(12) Pause Young (Allocation Failure) 88M->19M(247M) 3.732ms
[2019-06-24T09:23:41.524+0000][1][gc,cpu       ] GC(12) User=0.02s Sys=0.00s Real=0.01s
[2019-06-24T09:23:41.524+0000][1][safepoint    ] Leaving safepoint region
[2019-06-24T09:23:41.524+0000][1][safepoint    ] Total time for which application threads were stopped: 0.0038380 seconds, Stopping threads took: 0.0000163 seconds
[2019-06-24T09:23:41.977+0000][1][safepoint    ] Application time: 0.4538023 seconds
[2019-06-24T09:23:41.977+0000][1][safepoint    ] Entering safepoint region: Deoptimize
[2019-06-24T09:23:41.978+0000][1][safepoint    ] Leaving safepoint region
[2019-06-24T09:23:41.978+0000][1][safepoint    ] Total time for which application threads were stopped: 0.0006338 seconds, Stopping threads took: 0.0000304 seconds
[2019-06-24T09:23:42.215+0000][1][safepoint    ] Application time: 0.2370336 seconds
[2019-06-24T09:23:42.215+0000][1][safepoint    ] Entering safepoint region: GenCollectForAllocation
[2019-06-24T09:23:42.215+0000][1][gc,start     ] GC(13) Pause Young (Allocation Failure)
[2019-06-24T09:23:42.215+0000][1][gc,task      ] GC(13) Using 5 workers of 8 for evacuation
[2019-06-24T09:23:42.240+0000][1][gc,age       ] GC(13) Desired survivor size 4456448 bytes, new threshold 1 (max threshold 6)
[2019-06-24T09:23:42.240+0000][1][gc,age       ] GC(13) Age table with threshold 1 (max threshold 6)
[2019-06-24T09:23:42.240+0000][1][gc,age       ] GC(13) - age   1:    5153464 bytes,    5153464 total
[2019-06-24T09:23:42.240+0000][1][gc,age       ] GC(13) - age   2:    2320592 bytes,    7474056 total
[2019-06-24T09:23:42.240+0000][1][gc,age       ] GC(13) - age   3:     345104 bytes,    7819160 total
[2019-06-24T09:23:42.240+0000][1][gc,age       ] GC(13) - age   4:     126528 bytes,    7945688 total
[2019-06-24T09:23:42.240+0000][1][gc,age       ] GC(13) - age   5:     446760 bytes,    8392448 total
[2019-06-24T09:23:42.240+0000][1][gc,age       ] GC(13) - age   6:     520224 bytes,    8912672 total
[2019-06-24T09:23:42.240+0000][1][gc,heap      ] GC(13) ParNew: 75974K->8704K(78656K)
[2019-06-24T09:23:42.240+0000][1][gc,heap      ] GC(13) CMS: 13968K->24657K(174784K)
[2019-06-24T09:23:42.240+0000][1][gc,metaspace ] GC(13) Metaspace: 26932K->26932K(1075200K)
[2019-06-24T09:23:42.240+0000][1][gc           ] GC(13) Pause Young (Allocation Failure) 87M->32M(247M) 24.880ms
[2019-06-24T09:23:42.240+0000][1][gc,cpu       ] GC(13) User=0.17s Sys=0.00s Real=0.02s
[2019-06-24T09:23:42.240+0000][1][safepoint    ] Leaving safepoint region
[2019-06-24T09:23:42.240+0000][1][safepoint    ] Total time for which application threads were stopped: 0.0250343 seconds, Stopping threads took: 0.0000199 seconds
[2019-06-24T09:23:42.327+0000][1][safepoint    ] Application time: 0.0867275 seconds
[2019-06-24T09:23:42.327+0000][1][safepoint    ] Entering safepoint region: RevokeBias
[2019-06-24T09:23:42.327+0000][1][safepoint    ] Leaving safepoint region
[2019-06-24T09:23:42.327+0000][1][safepoint    ] Total time for which application threads were stopped: 0.0000754 seconds, Stopping threads took: 0.0000222 seconds
[2019-06-24T09:23:42.761+0000][1][safepoint    ] Application time: 0.4337639 seconds
[2019-06-24T09:23:42.761+0000][1][safepoint    ] Entering safepoint region: GenCollectForAllocation
[2019-06-24T09:23:42.761+0000][1][gc,start     ] GC(14) Pause Young (Allocation Failure)
[2019-06-24T09:23:42.761+0000][1][gc,task      ] GC(14) Using 5 workers of 8 for evacuation
[2019-06-24T09:23:42.794+0000][1][gc,age       ] GC(14) Desired survivor size 4456448 bytes, new threshold 1 (max threshold 6)
[2019-06-24T09:23:42.794+0000][1][gc,age       ] GC(14) Age table with threshold 1 (max threshold 6)
[2019-06-24T09:23:42.794+0000][1][gc,age       ] GC(14) - age   1:    8912736 bytes,    8912736 total
[2019-06-24T09:23:42.794+0000][1][gc,heap      ] GC(14) ParNew: 78656K->8704K(78656K)
[2019-06-24T09:23:42.794+0000][1][gc,heap      ] GC(14) CMS: 24657K->38088K(174784K)
[2019-06-24T09:23:42.794+0000][1][gc,metaspace ] GC(14) Metaspace: 26988K->26988K(1075200K)
[2019-06-24T09:23:42.794+0000][1][gc           ] GC(14) Pause Young (Allocation Failure) 100M->45M(247M) 33.447ms
[2019-06-24T09:23:42.794+0000][1][gc,cpu       ] GC(14) User=0.22s Sys=0.01s Real=0.03s
[2019-06-24T09:23:42.795+0000][1][safepoint    ] Leaving safepoint region
[2019-06-24T09:23:42.795+0000][1][safepoint    ] Total time for which application threads were stopped: 0.0336283 seconds, Stopping threads took: 0.0000138 seconds
[2019-06-24T09:23:43.303+0000][1][safepoint    ] Application time: 0.5079698 seconds
[2019-06-24T09:23:43.303+0000][1][safepoint    ] Entering safepoint region: GenCollectForAllocation
[2019-06-24T09:23:43.303+0000][1][gc,start     ] GC(15) Pause Young (Allocation Failure)
[2019-06-24T09:23:43.303+0000][1][gc,task      ] GC(15) Using 5 workers of 8 for evacuation
[2019-06-24T09:23:43.324+0000][1][gc,age       ] GC(15) Desired survivor size 4456448 bytes, new threshold 1 (max threshold 6)
[2019-06-24T09:23:43.324+0000][1][gc,age       ] GC(15) Age table with threshold 1 (max threshold 6)
[2019-06-24T09:23:43.324+0000][1][gc,age       ] GC(15) - age   1:    7143824 bytes,    7143824 total
[2019-06-24T09:23:43.324+0000][1][gc,heap      ] GC(15) ParNew: 78656K->8704K(78656K)
[2019-06-24T09:23:43.324+0000][1][gc,heap      ] GC(15) CMS: 38088K->48448K(174784K)
[2019-06-24T09:23:43.324+0000][1][gc,metaspace ] GC(15) Metaspace: 31024K->31024K(1077248K)
[2019-06-24T09:23:43.324+0000][1][gc           ] GC(15) Pause Young (Allocation Failure) 114M->55M(247M) 21.709ms
[2019-06-24T09:23:43.324+0000][1][gc,cpu       ] GC(15) User=0.14s Sys=0.00s Real=0.02s
[2019-06-24T09:23:43.324+0000][1][safepoint    ] Leaving safepoint region
[2019-06-24T09:23:43.324+0000][1][safepoint    ] Total time for which application threads were stopped: 0.0219133 seconds, Stopping threads took: 0.0000195 seconds
[2019-06-24T09:23:43.558+0000][1][safepoint    ] Application time: 0.2334681 seconds
[2019-06-24T09:23:43.558+0000][1][safepoint    ] Entering safepoint region: GenCollectForAllocation
[2019-06-24T09:23:43.558+0000][1][gc,start     ] GC(16) Pause Young (Allocation Failure)
[2019-06-24T09:23:43.558+0000][1][gc,task      ] GC(16) Using 5 workers of 8 for evacuation
[2019-06-24T09:23:43.567+0000][1][gc,age       ] GC(16) Desired survivor size 4456448 bytes, new threshold 6 (max threshold 6)
[2019-06-24T09:23:43.568+0000][1][gc,age       ] GC(16) Age table with threshold 6 (max threshold 6)
[2019-06-24T09:23:43.568+0000][1][gc,age       ] GC(16) - age   1:     498528 bytes,     498528 total
[2019-06-24T09:23:43.568+0000][1][gc,heap      ] GC(16) ParNew: 78656K->7329K(78656K)
[2019-06-24T09:23:43.568+0000][1][gc,heap      ] GC(16) CMS: 48448K->55450K(174784K)
[2019-06-24T09:23:43.568+0000][1][gc,metaspace ] GC(16) Metaspace: 32733K->32733K(1079296K)
[2019-06-24T09:23:43.568+0000][1][gc           ] GC(16) Pause Young (Allocation Failure) 124M->61M(247M) 9.566ms
[2019-06-24T09:23:43.568+0000][1][gc,cpu       ] GC(16) User=0.06s Sys=0.00s Real=0.01s
[2019-06-24T09:23:43.568+0000][1][safepoint    ] Leaving safepoint region
[2019-06-24T09:23:43.568+0000][1][safepoint    ] Total time for which application threads were stopped: 0.0097596 seconds, Stopping threads took: 0.0000199 seconds
[2019-06-24T09:23:43.796+0000][1][safepoint    ] Application time: 0.2278417 seconds
[2019-06-24T09:23:43.796+0000][1][safepoint    ] Entering safepoint region: CollectForMetadataAllocation
[2019-06-24T09:23:43.796+0000][1][safepoint    ] Leaving safepoint region
[2019-06-24T09:23:43.796+0000][1][safepoint    ] Total time for which application threads were stopped: 0.0002066 seconds, Stopping threads took: 0.0000162 seconds
[2019-06-24T09:23:43.830+0000][1][safepoint    ] Application time: 0.0338985 seconds
[2019-06-24T09:23:43.830+0000][1][safepoint    ] Entering safepoint region: CollectForMetadataAllocation
[2019-06-24T09:23:43.830+0000][1][safepoint    ] Leaving safepoint region
[2019-06-24T09:23:43.830+0000][1][safepoint    ] Total time for which application threads were stopped: 0.0001907 seconds, Stopping threads took: 0.0000134 seconds
[2019-06-24T09:23:43.845+0000][1][safepoint    ] Application time: 0.0146320 seconds
[2019-06-24T09:23:43.845+0000][1][safepoint    ] Entering safepoint region: CollectForMetadataAllocation
[2019-06-24T09:23:43.845+0000][1][safepoint    ] Leaving safepoint region
[2019-06-24T09:23:43.845+0000][1][safepoint    ] Total time for which application threads were stopped: 0.0002525 seconds, Stopping threads took: 0.0000115 seconds
[2019-06-24T09:23:43.862+0000][1][safepoint    ] Application time: 0.0169887 seconds
[2019-06-24T09:23:43.862+0000][1][safepoint    ] Entering safepoint region: CollectForMetadataAllocation
[2019-06-24T09:23:43.862+0000][1][safepoint    ] Leaving safepoint region
[2019-06-24T09:23:43.862+0000][1][safepoint    ] Total time for which application threads were stopped: 0.0001706 seconds, Stopping threads took: 0.0000114 seconds
[2019-06-24T09:23:43.884+0000][1][safepoint    ] Application time: 0.0217671 seconds
[2019-06-24T09:23:43.884+0000][1][safepoint    ] Entering safepoint region: CollectForMetadataAllocation
[2019-06-24T09:23:43.884+0000][1][safepoint    ] Leaving safepoint region
[2019-06-24T09:23:43.884+0000][1][safepoint    ] Total time for which application threads were stopped: 0.0001508 seconds, Stopping threads took: 0.0000121 seconds
[2019-06-24T09:23:43.902+0000][1][safepoint    ] Application time: 0.0175448 seconds
[2019-06-24T09:23:43.902+0000][1][safepoint    ] Entering safepoint region: CollectForMetadataAllocation
[2019-06-24T09:23:43.902+0000][1][safepoint    ] Leaving safepoint region
[2019-06-24T09:23:43.902+0000][1][safepoint    ] Total time for which application threads were stopped: 0.0001867 seconds, Stopping threads took: 0.0000177 seconds
[2019-06-24T09:23:43.927+0000][1][safepoint    ] Application time: 0.0254222 seconds
[2019-06-24T09:23:43.927+0000][1][safepoint    ] Entering safepoint region: CollectForMetadataAllocation
[2019-06-24T09:23:43.927+0000][1][safepoint    ] Leaving safepoint region
[2019-06-24T09:23:43.927+0000][1][safepoint    ] Total time for which application threads were stopped: 0.0001516 seconds, Stopping threads took: 0.0000113 seconds
[2019-06-24T09:23:43.946+0000][1][safepoint    ] Application time: 0.0184451 seconds
[2019-06-24T09:23:43.946+0000][1][safepoint    ] Entering safepoint region: CollectForMetadataAllocation
[2019-06-24T09:23:43.946+0000][1][safepoint    ] Leaving safepoint region
[2019-06-24T09:23:43.946+0000][1][safepoint    ] Total time for which application threads were stopped: 0.0002376 seconds, Stopping threads took: 0.0000205 seconds
[2019-06-24T09:23:43.970+0000][1][safepoint    ] Application time: 0.0238748 seconds
[2019-06-24T09:23:43.970+0000][1][safepoint    ] Entering safepoint region: CollectForMetadataAllocation
[2019-06-24T09:23:43.971+0000][1][safepoint    ] Leaving safepoint region
[2019-06-24T09:23:43.971+0000][1][safepoint    ] Total time for which application threads were stopped: 0.0003716 seconds, Stopping threads took: 0.0000214 seconds
[2019-06-24T09:23:44.010+0000][1][safepoint    ] Application time: 0.0390847 seconds
[2019-06-24T09:23:44.010+0000][1][safepoint    ] Entering safepoint region: RevokeBias
[2019-06-24T09:23:44.010+0000][1][safepoint    ] Leaving safepoint region
[2019-06-24T09:23:44.010+0000][1][safepoint    ] Total time for which application threads were stopped: 0.0001521 seconds, Stopping threads took: 0.0000487 seconds
[2019-06-24T09:23:44.011+0000][1][safepoint    ] Application time: 0.0007890 seconds
[2019-06-24T09:23:44.011+0000][1][safepoint    ] Entering safepoint region: CollectForMetadataAllocation
[2019-06-24T09:23:44.011+0000][1][safepoint    ] Leaving safepoint region
[2019-06-24T09:23:44.011+0000][1][safepoint    ] Total time for which application threads were stopped: 0.0001933 seconds, Stopping threads took: 0.0000422 seconds
[2019-06-24T09:23:44.050+0000][1][safepoint    ] Application time: 0.0386520 seconds
[2019-06-24T09:23:44.050+0000][1][safepoint    ] Entering safepoint region: RevokeBias
[2019-06-24T09:23:44.050+0000][1][safepoint    ] Leaving safepoint region
[2019-06-24T09:23:44.050+0000][1][safepoint    ] Total time for which application threads were stopped: 0.0001081 seconds, Stopping threads took: 0.0000115 seconds
[2019-06-24T09:23:44.059+0000][1][safepoint    ] Application time: 0.0091595 seconds
[2019-06-24T09:23:44.059+0000][1][safepoint    ] Entering safepoint region: CollectForMetadataAllocation
[2019-06-24T09:23:44.059+0000][1][safepoint    ] Leaving safepoint region
[2019-06-24T09:23:44.059+0000][1][safepoint    ] Total time for which application threads were stopped: 0.0001790 seconds, Stopping threads took: 0.0000127 seconds
[2019-06-24T09:23:44.077+0000][1][safepoint    ] Application time: 0.0183910 seconds
[2019-06-24T09:23:44.078+0000][1][safepoint    ] Entering safepoint region: CollectForMetadataAllocation
[2019-06-24T09:23:44.078+0000][1][safepoint    ] Leaving safepoint region
[2019-06-24T09:23:44.078+0000][1][safepoint    ] Total time for which application threads were stopped: 0.0001656 seconds, Stopping threads took: 0.0000130 seconds
[2019-06-24T09:23:44.097+0000][1][safepoint    ] Application time: 0.0194137 seconds
[2019-06-24T09:23:44.097+0000][1][safepoint    ] Entering safepoint region: CollectForMetadataAllocation
[2019-06-24T09:23:44.097+0000][1][safepoint    ] Leaving safepoint region
[2019-06-24T09:23:44.097+0000][1][safepoint    ] Total time for which application threads were stopped: 0.0001757 seconds, Stopping threads took: 0.0000124 seconds
[2019-06-24T09:23:44.113+0000][1][safepoint    ] Application time: 0.0157140 seconds
[2019-06-24T09:23:44.113+0000][1][safepoint    ] Entering safepoint region: CollectForMetadataAllocation
[2019-06-24T09:23:44.113+0000][1][safepoint    ] Leaving safepoint region
[2019-06-24T09:23:44.113+0000][1][safepoint    ] Total time for which application threads were stopped: 0.0001657 seconds, Stopping threads took: 0.0000129 seconds
[2019-06-24T09:23:44.134+0000][1][safepoint    ] Application time: 0.0203940 seconds
[2019-06-24T09:23:44.134+0000][1][safepoint    ] Entering safepoint region: CollectForMetadataAllocation
[2019-06-24T09:23:44.134+0000][1][safepoint    ] Leaving safepoint region
[2019-06-24T09:23:44.134+0000][1][safepoint    ] Total time for which application threads were stopped: 0.0001684 seconds, Stopping threads took: 0.0000120 seconds
[2019-06-24T09:23:44.160+0000][1][safepoint    ] Application time: 0.0257825 seconds
[2019-06-24T09:23:44.160+0000][1][safepoint    ] Entering safepoint region: CollectForMetadataAllocation
[2019-06-24T09:23:44.160+0000][1][safepoint    ] Leaving safepoint region
[2019-06-24T09:23:44.160+0000][1][safepoint    ] Total time for which application threads were stopped: 0.0001169 seconds, Stopping threads took: 0.0000117 seconds
[2019-06-24T09:23:44.189+0000][1][safepoint    ] Application time: 0.0295975 seconds
[2019-06-24T09:23:44.189+0000][1][safepoint    ] Entering safepoint region: CollectForMetadataAllocation
[2019-06-24T09:23:44.190+0000][1][safepoint    ] Leaving safepoint region
[2019-06-24T09:23:44.190+0000][1][safepoint    ] Total time for which application threads were stopped: 0.0001487 seconds, Stopping threads took: 0.0000113 seconds
[2019-06-24T09:23:44.211+0000][1][safepoint    ] Application time: 0.0216521 seconds
[2019-06-24T09:23:44.211+0000][1][safepoint    ] Entering safepoint region: CollectForMetadataAllocation
[2019-06-24T09:23:44.211+0000][1][safepoint    ] Leaving safepoint region
[2019-06-24T09:23:44.211+0000][1][safepoint    ] Total time for which application threads were stopped: 0.0001601 seconds, Stopping threads took: 0.0000126 seconds
[2019-06-24T09:23:44.227+0000][1][safepoint    ] Application time: 0.0157602 seconds
[2019-06-24T09:23:44.227+0000][1][safepoint    ] Entering safepoint region: CollectForMetadataAllocation
[2019-06-24T09:23:44.227+0000][1][safepoint    ] Leaving safepoint region
[2019-06-24T09:23:44.227+0000][1][safepoint    ] Total time for which application threads were stopped: 0.0001654 seconds, Stopping threads took: 0.0000126 seconds
[2019-06-24T09:23:44.243+0000][1][safepoint    ] Application time: 0.0159689 seconds
[2019-06-24T09:23:44.243+0000][1][safepoint    ] Entering safepoint region: CollectForMetadataAllocation
[2019-06-24T09:23:44.243+0000][1][safepoint    ] Leaving safepoint region
[2019-06-24T09:23:44.244+0000][1][safepoint    ] Total time for which application threads were stopped: 0.0001233 seconds, Stopping threads took: 0.0000143 seconds
[2019-06-24T09:23:44.267+0000][1][safepoint    ] Application time: 0.0238429 seconds
[2019-06-24T09:23:44.267+0000][1][safepoint    ] Entering safepoint region: CollectForMetadataAllocation
[2019-06-24T09:23:44.268+0000][1][safepoint    ] Leaving safepoint region
[2019-06-24T09:23:44.268+0000][1][safepoint    ] Total time for which application threads were stopped: 0.0002246 seconds, Stopping threads took: 0.0000161 seconds
[2019-06-24T09:23:44.279+0000][1][safepoint    ] Application time: 0.0117660 seconds
[2019-06-24T09:23:44.279+0000][1][safepoint    ] Entering safepoint region: CollectForMetadataAllocation
[2019-06-24T09:23:44.280+0000][1][safepoint    ] Leaving safepoint region
[2019-06-24T09:23:44.280+0000][1][safepoint    ] Total time for which application threads were stopped: 0.0001237 seconds, Stopping threads took: 0.0000132 seconds
[2019-06-24T09:23:44.315+0000][1][safepoint    ] Application time: 0.0355344 seconds
[2019-06-24T09:23:44.315+0000][1][safepoint    ] Entering safepoint region: CollectForMetadataAllocation
[2019-06-24T09:23:44.315+0000][1][safepoint    ] Leaving safepoint region
[2019-06-24T09:23:44.315+0000][1][safepoint    ] Total time for which application threads were stopped: 0.0001681 seconds, Stopping threads took: 0.0000302 seconds
[2019-06-24T09:23:44.344+0000][1][safepoint    ] Application time: 0.0283092 seconds
[2019-06-24T09:23:44.344+0000][1][safepoint    ] Entering safepoint region: CollectForMetadataAllocation
[2019-06-24T09:23:44.344+0000][1][safepoint    ] Leaving safepoint region
[2019-06-24T09:23:44.344+0000][1][safepoint    ] Total time for which application threads were stopped: 0.0002481 seconds, Stopping threads took: 0.0000886 seconds
[2019-06-24T09:23:44.364+0000][1][safepoint    ] Application time: 0.0201107 seconds
[2019-06-24T09:23:44.364+0000][1][safepoint    ] Entering safepoint region: CollectForMetadataAllocation
[2019-06-24T09:23:44.364+0000][1][safepoint    ] Leaving safepoint region
[2019-06-24T09:23:44.364+0000][1][safepoint    ] Total time for which application threads were stopped: 0.0001736 seconds, Stopping threads took: 0.0000293 seconds
[2019-06-24T09:23:44.383+0000][1][safepoint    ] Application time: 0.0189769 seconds
[2019-06-24T09:23:44.383+0000][1][safepoint    ] Entering safepoint region: CollectForMetadataAllocation
[2019-06-24T09:23:44.383+0000][1][safepoint    ] Leaving safepoint region
[2019-06-24T09:23:44.383+0000][1][safepoint    ] Total time for which application threads were stopped: 0.0001856 seconds, Stopping threads took: 0.0000175 seconds
[2019-06-24T09:23:44.395+0000][1][safepoint    ] Application time: 0.0117710 seconds
[2019-06-24T09:23:44.395+0000][1][safepoint    ] Entering safepoint region: RevokeBias
[2019-06-24T09:23:44.395+0000][1][safepoint    ] Leaving safepoint region
[2019-06-24T09:23:44.395+0000][1][safepoint    ] Total time for which application threads were stopped: 0.0001112 seconds, Stopping threads took: 0.0000413 seconds
[2019-06-24T09:23:44.396+0000][1][safepoint    ] Application time: 0.0001245 seconds
[2019-06-24T09:23:44.396+0000][1][safepoint    ] Entering safepoint region: RevokeBias
[2019-06-24T09:23:44.396+0000][1][safepoint    ] Leaving safepoint region
[2019-06-24T09:23:44.396+0000][1][safepoint    ] Total time for which application threads were stopped: 0.0000947 seconds, Stopping threads took: 0.0000456 seconds
[2019-06-24T09:23:44.397+0000][1][safepoint    ] Application time: 0.0012661 seconds
[2019-06-24T09:23:44.397+0000][1][safepoint    ] Entering safepoint region: CollectForMetadataAllocation
[2019-06-24T09:23:44.397+0000][1][safepoint    ] Leaving safepoint region
[2019-06-24T09:23:44.397+0000][1][safepoint    ] Total time for which application threads were stopped: 0.0001859 seconds, Stopping threads took: 0.0000145 seconds
[2019-06-24T09:23:44.615+0000][1][safepoint    ] Application time: 0.2177157 seconds
[2019-06-24T09:23:44.615+0000][1][safepoint    ] Entering safepoint region: GenCollectForAllocation
[2019-06-24T09:23:44.615+0000][1][gc,start     ] GC(17) Pause Young (Allocation Failure)
[2019-06-24T09:23:44.615+0000][1][gc,task      ] GC(17) Using 5 workers of 8 for evacuation
[2019-06-24T09:23:44.621+0000][1][gc,age       ] GC(17) Desired survivor size 4456448 bytes, new threshold 6 (max threshold 6)
[2019-06-24T09:23:44.621+0000][1][gc,age       ] GC(17) Age table with threshold 6 (max threshold 6)
[2019-06-24T09:23:44.621+0000][1][gc,age       ] GC(17) - age   1:    3657592 bytes,    3657592 total
[2019-06-24T09:23:44.621+0000][1][gc,age       ] GC(17) - age   2:     454360 bytes,    4111952 total
[2019-06-24T09:23:44.621+0000][1][gc,heap      ] GC(17) ParNew: 77281K->4616K(78656K)
[2019-06-24T09:23:44.621+0000][1][gc,heap      ] GC(17) CMS: 55450K->55450K(174784K)
[2019-06-24T09:23:44.621+0000][1][gc,metaspace ] GC(17) Metaspace: 41813K->41813K(1087488K)
[2019-06-24T09:23:44.621+0000][1][gc           ] GC(17) Pause Young (Allocation Failure) 129M->58M(247M) 6.198ms
[2019-06-24T09:23:44.621+0000][1][gc,cpu       ] GC(17) User=0.04s Sys=0.00s Real=0.00s
[2019-06-24T09:23:44.621+0000][1][safepoint    ] Leaving safepoint region
[2019-06-24T09:23:44.621+0000][1][safepoint    ] Total time for which application threads were stopped: 0.0063805 seconds, Stopping threads took: 0.0000214 seconds
[2019-06-24T09:23:44.621+0000][1][safepoint    ] Application time: 0.0001123 seconds
[2019-06-24T09:23:44.621+0000][1][safepoint    ] Entering safepoint region: CMS_Initial_Mark
[2019-06-24T09:23:44.621+0000][1][gc,start     ] GC(18) Pause Initial Mark
[2019-06-24T09:23:44.623+0000][1][gc           ] GC(18) Pause Initial Mark 58M->58M(247M) 1.405ms
[2019-06-24T09:23:44.623+0000][1][gc,cpu       ] GC(18) User=0.01s Sys=0.00s Real=0.01s
[2019-06-24T09:23:44.623+0000][1][safepoint    ] Leaving safepoint region
[2019-06-24T09:23:44.623+0000][1][safepoint    ] Total time for which application threads were stopped: 0.0015270 seconds, Stopping threads took: 0.0000261 seconds
[2019-06-24T09:23:44.623+0000][1][gc           ] GC(18) Concurrent Mark
[2019-06-24T09:23:44.623+0000][1][gc,task      ] GC(18) Using 2 workers of 2 for marking
[2019-06-24T09:23:44.628+0000][1][safepoint    ] Application time: 0.0049613 seconds
[2019-06-24T09:23:44.628+0000][1][safepoint    ] Entering safepoint region: CollectForMetadataAllocation
[2019-06-24T09:23:44.628+0000][1][safepoint    ] Leaving safepoint region
[2019-06-24T09:23:44.628+0000][1][safepoint    ] Total time for which application threads were stopped: 0.0002098 seconds, Stopping threads took: 0.0000194 seconds
[2019-06-24T09:23:44.633+0000][1][safepoint    ] Application time: 0.0050684 seconds
[2019-06-24T09:23:44.633+0000][1][safepoint    ] Entering safepoint region: RevokeBias
[2019-06-24T09:23:44.633+0000][1][safepoint    ] Leaving safepoint region
[2019-06-24T09:23:44.633+0000][1][safepoint    ] Total time for which application threads were stopped: 0.0000718 seconds, Stopping threads took: 0.0000177 seconds
[2019-06-24T09:23:44.688+0000][1][gc           ] GC(18) Concurrent Mark 64.905ms
[2019-06-24T09:23:44.688+0000][1][gc,cpu       ] GC(18) User=0.39s Sys=0.00s Real=0.06s
[2019-06-24T09:23:44.688+0000][1][gc           ] GC(18) Concurrent Preclean
[2019-06-24T09:23:44.690+0000][1][gc           ] GC(18) Concurrent Preclean 1.810ms
[2019-06-24T09:23:44.690+0000][1][gc,cpu       ] GC(18) User=0.00s Sys=0.00s Real=0.00s
[2019-06-24T09:23:44.690+0000][1][safepoint    ] Application time: 0.0565261 seconds
[2019-06-24T09:23:44.690+0000][1][safepoint    ] Entering safepoint region: CMS_Final_Remark
[2019-06-24T09:23:44.690+0000][1][gc,start     ] GC(18) Pause Remark
[2019-06-24T09:23:44.702+0000][1][gc           ] GC(18) Pause Remark 60M->60M(247M) 11.926ms
[2019-06-24T09:23:44.702+0000][1][gc,cpu       ] GC(18) User=0.04s Sys=0.00s Real=0.01s
[2019-06-24T09:23:44.702+0000][1][safepoint    ] Leaving safepoint region
[2019-06-24T09:23:44.702+0000][1][safepoint    ] Total time for which application threads were stopped: 0.0121641 seconds, Stopping threads took: 0.0001164 seconds
[2019-06-24T09:23:44.702+0000][1][gc           ] GC(18) Concurrent Sweep
[2019-06-24T09:23:44.735+0000][1][gc           ] GC(18) Concurrent Sweep 33.226ms
[2019-06-24T09:23:44.735+0000][1][gc,cpu       ] GC(18) User=0.15s Sys=0.00s Real=0.04s
[2019-06-24T09:23:44.735+0000][1][gc           ] GC(18) Concurrent Reset
[2019-06-24T09:23:44.736+0000][1][gc           ] GC(18) Concurrent Reset 0.312ms
[2019-06-24T09:23:44.736+0000][1][gc,cpu       ] GC(18) User=0.00s Sys=0.00s Real=0.00s
[2019-06-24T09:23:44.736+0000][1][gc,heap      ] GC(18) Old: 55450K->55236K(174784K)
[2019-06-24T09:23:45.348+0000][1][safepoint    ] Application time: 0.6461764 seconds
[2019-06-24T09:23:45.348+0000][1][safepoint    ] Entering safepoint region: ICBufferFull
[2019-06-24T09:23:45.349+0000][1][safepoint    ] Leaving safepoint region
[2019-06-24T09:23:45.349+0000][1][safepoint    ] Total time for which application threads were stopped: 0.0007869 seconds, Stopping threads took: 0.0000142 seconds
[2019-06-24T09:23:45.415+0000][1][safepoint    ] Application time: 0.0655748 seconds
[2019-06-24T09:23:45.415+0000][1][safepoint    ] Entering safepoint region: RevokeBias
[2019-06-24T09:23:45.415+0000][1][safepoint    ] Leaving safepoint region
[2019-06-24T09:23:45.415+0000][1][safepoint    ] Total time for which application threads were stopped: 0.0002476 seconds, Stopping threads took: 0.0001461 seconds
[2019-06-24T09:23:45.415+0000][1][safepoint    ] Application time: 0.0003732 seconds
[2019-06-24T09:23:45.415+0000][1][safepoint    ] Entering safepoint region: RevokeBias
[2019-06-24T09:23:45.415+0000][1][safepoint    ] Leaving safepoint region
[2019-06-24T09:23:45.415+0000][1][safepoint    ] Total time for which application threads were stopped: 0.0000770 seconds, Stopping threads took: 0.0000135 seconds
[2019-06-24T09:23:45.458+0000][1][safepoint    ] Application time: 0.0423216 seconds
[2019-06-24T09:23:45.458+0000][1][safepoint    ] Entering safepoint region: RevokeBias
[2019-06-24T09:23:45.458+0000][1][safepoint    ] Leaving safepoint region
[2019-06-24T09:23:45.458+0000][1][safepoint    ] Total time for which application threads were stopped: 0.0001303 seconds, Stopping threads took: 0.0000181 seconds
[2019-06-24T09:23:45.469+0000][1][safepoint    ] Application time: 0.0113328 seconds
[2019-06-24T09:23:45.469+0000][1][safepoint    ] Entering safepoint region: RevokeBias
[2019-06-24T09:23:45.469+0000][1][safepoint    ] Leaving safepoint region
[2019-06-24T09:23:45.469+0000][1][safepoint    ] Total time for which application threads were stopped: 0.0000874 seconds, Stopping threads took: 0.0000161 seconds
[2019-06-24T09:23:45.475+0000][1][safepoint    ] Application time: 0.0052189 seconds
[2019-06-24T09:23:45.475+0000][1][safepoint    ] Entering safepoint region: RevokeBias
[2019-06-24T09:23:45.475+0000][1][safepoint    ] Leaving safepoint region
[2019-06-24T09:23:45.475+0000][1][safepoint    ] Total time for which application threads were stopped: 0.0001349 seconds, Stopping threads took: 0.0000690 seconds
[2019-06-24T09:23:45.626+0000][1][safepoint    ] Application time: 0.1515194 seconds
[2019-06-24T09:23:45.626+0000][1][safepoint    ] Entering safepoint region: RevokeBias
[2019-06-24T09:23:45.627+0000][1][safepoint    ] Leaving safepoint region
[2019-06-24T09:23:45.627+0000][1][safepoint    ] Total time for which application threads were stopped: 0.0003750 seconds, Stopping threads took: 0.0000328 seconds
[2019-06-24T09:23:45.627+0000][1][safepoint    ] Application time: 0.0001068 seconds
[2019-06-24T09:23:45.627+0000][1][safepoint    ] Entering safepoint region: RevokeBias
[2019-06-24T09:23:45.627+0000][1][safepoint    ] Leaving safepoint region
[2019-06-24T09:23:45.627+0000][1][safepoint    ] Total time for which application threads were stopped: 0.0000600 seconds, Stopping threads took: 0.0000125 seconds
[2019-06-24T09:23:45.627+0000][1][safepoint    ] Application time: 0.0001925 seconds
[2019-06-24T09:23:45.627+0000][1][safepoint    ] Entering safepoint region: RevokeBias
[2019-06-24T09:23:45.627+0000][1][safepoint    ] Leaving safepoint region
[2019-06-24T09:23:45.627+0000][1][safepoint    ] Total time for which application threads were stopped: 0.0002794 seconds, Stopping threads took: 0.0002336 seconds
[2019-06-24T09:23:45.628+0000][1][safepoint    ] Application time: 0.0000869 seconds
[2019-06-24T09:23:45.628+0000][1][safepoint    ] Entering safepoint region: RevokeBias
[2019-06-24T09:23:45.628+0000][1][safepoint    ] Leaving safepoint region
[2019-06-24T09:23:45.628+0000][1][safepoint    ] Total time for which application threads were stopped: 0.0002995 seconds, Stopping threads took: 0.0002643 seconds
[2019-06-24T09:23:45.676+0000][1][safepoint    ] Application time: 0.0484482 seconds
[2019-06-24T09:23:45.676+0000][1][safepoint    ] Entering safepoint region: GenCollectForAllocation
[2019-06-24T09:23:45.676+0000][1][gc,start     ] GC(19) Pause Young (Allocation Failure)
[2019-06-24T09:23:45.676+0000][1][gc,task      ] GC(19) Using 5 workers of 8 for evacuation
[2019-06-24T09:23:45.682+0000][1][gc,age       ] GC(19) Desired survivor size 4456448 bytes, new threshold 2 (max threshold 6)
[2019-06-24T09:23:45.682+0000][1][gc,age       ] GC(19) Age table with threshold 2 (max threshold 6)
[2019-06-24T09:23:45.682+0000][1][gc,age       ] GC(19) - age   1:    3155048 bytes,    3155048 total
[2019-06-24T09:23:45.682+0000][1][gc,age       ] GC(19) - age   2:    3510344 bytes,    6665392 total
[2019-06-24T09:23:45.682+0000][1][gc,age       ] GC(19) - age   3:     452008 bytes,    7117400 total
[2019-06-24T09:23:45.682+0000][1][gc,heap      ] GC(19) ParNew: 74568K->8371K(78656K)
[2019-06-24T09:23:45.682+0000][1][gc,heap      ] GC(19) CMS: 55236K->55236K(174784K)
[2019-06-24T09:23:45.682+0000][1][gc,metaspace ] GC(19) Metaspace: 46658K->46658K(1091584K)
[2019-06-24T09:23:45.682+0000][1][gc           ] GC(19) Pause Young (Allocation Failure) 126M->62M(247M) 5.279ms
[2019-06-24T09:23:45.682+0000][1][gc,cpu       ] GC(19) User=0.03s Sys=0.00s Real=0.00s
[2019-06-24T09:23:45.682+0000][1][safepoint    ] Leaving safepoint region
[2019-06-24T09:23:45.682+0000][1][safepoint    ] Total time for which application threads were stopped: 0.0053908 seconds, Stopping threads took: 0.0000114 seconds
[2019-06-24T09:23:45.685+0000][1][safepoint    ] Application time: 0.0031540 seconds
[2019-06-24T09:23:45.685+0000][1][safepoint    ] Entering safepoint region: RevokeBias
[2019-06-24T09:23:45.685+0000][1][safepoint    ] Leaving safepoint region
[2019-06-24T09:23:45.685+0000][1][safepoint    ] Total time for which application threads were stopped: 0.0003582 seconds, Stopping threads took: 0.0002987 seconds
[2019-06-24T09:23:45.685+0000][1][safepoint    ] Application time: 0.0001759 seconds
[2019-06-24T09:23:45.686+0000][1][safepoint    ] Entering safepoint region: RevokeBias
[2019-06-24T09:23:45.686+0000][1][safepoint    ] Leaving safepoint region
[2019-06-24T09:23:45.686+0000][1][safepoint    ] Total time for which application threads were stopped: 0.0000914 seconds, Stopping threads took: 0.0000335 seconds
[2019-06-24T09:23:45.686+0000][1][safepoint    ] Application time: 0.0003063 seconds
[2019-06-24T09:23:45.686+0000][1][safepoint    ] Entering safepoint region: RevokeBias
[2019-06-24T09:23:45.686+0000][1][safepoint    ] Leaving safepoint region
[2019-06-24T09:23:45.686+0000][1][safepoint    ] Total time for which application threads were stopped: 0.0001399 seconds, Stopping threads took: 0.0001055 seconds
[2019-06-24T09:23:45.686+0000][1][safepoint    ] Application time: 0.0004072 seconds
[2019-06-24T09:23:45.687+0000][1][safepoint    ] Entering safepoint region: RevokeBias
[2019-06-24T09:23:45.687+0000][1][safepoint    ] Leaving safepoint region
[2019-06-24T09:23:45.687+0000][1][safepoint    ] Total time for which application threads were stopped: 0.0001637 seconds, Stopping threads took: 0.0001204 seconds
[2019-06-24T09:23:45.687+0000][1][safepoint    ] Application time: 0.0005249 seconds
[2019-06-24T09:23:45.687+0000][1][safepoint    ] Entering safepoint region: RevokeBias
[2019-06-24T09:23:45.687+0000][1][safepoint    ] Leaving safepoint region
[2019-06-24T09:23:45.687+0000][1][safepoint    ] Total time for which application threads were stopped: 0.0000780 seconds, Stopping threads took: 0.0000316 seconds
[2019-06-24T09:23:45.687+0000][1][safepoint    ] Application time: 0.0001696 seconds
[2019-06-24T09:23:45.688+0000][1][safepoint    ] Entering safepoint region: RevokeBias
[2019-06-24T09:23:45.688+0000][1][safepoint    ] Leaving safepoint region
[2019-06-24T09:23:45.688+0000][1][safepoint    ] Total time for which application threads were stopped: 0.0000677 seconds, Stopping threads took: 0.0000284 seconds
[2019-06-24T09:23:45.688+0000][1][safepoint    ] Application time: 0.0002209 seconds
[2019-06-24T09:23:45.688+0000][1][safepoint    ] Entering safepoint region: RevokeBias
[2019-06-24T09:23:45.688+0000][1][safepoint    ] Leaving safepoint region
[2019-06-24T09:23:45.688+0000][1][safepoint    ] Total time for which application threads were stopped: 0.0001494 seconds, Stopping threads took: 0.0000895 seconds
[2019-06-24T09:23:45.688+0000][1][safepoint    ] Application time: 0.0001347 seconds
[2019-06-24T09:23:45.688+0000][1][safepoint    ] Entering safepoint region: RevokeBias
[2019-06-24T09:23:45.688+0000][1][safepoint    ] Leaving safepoint region
[2019-06-24T09:23:45.688+0000][1][safepoint    ] Total time for which application threads were stopped: 0.0000484 seconds, Stopping threads took: 0.0000090 seconds
[2019-06-24T09:23:45.688+0000][1][safepoint    ] Application time: 0.0001281 seconds
[2019-06-24T09:23:45.688+0000][1][safepoint    ] Entering safepoint region: RevokeBias
[2019-06-24T09:23:45.688+0000][1][safepoint    ] Leaving safepoint region
[2019-06-24T09:23:45.688+0000][1][safepoint    ] Total time for which application threads were stopped: 0.0000494 seconds, Stopping threads took: 0.0000089 seconds
[2019-06-24T09:23:45.688+0000][1][safepoint    ] Application time: 0.0001281 seconds
[2019-06-24T09:23:45.688+0000][1][safepoint    ] Entering safepoint region: RevokeBias
[2019-06-24T09:23:45.689+0000][1][safepoint    ] Leaving safepoint region
[2019-06-24T09:23:45.689+0000][1][safepoint    ] Total time for which application threads were stopped: 0.0000489 seconds, Stopping threads took: 0.0000088 seconds
[2019-06-24T09:23:45.689+0000][1][safepoint    ] Application time: 0.0000766 seconds
[2019-06-24T09:23:45.689+0000][1][safepoint    ] Entering safepoint region: RevokeBias
[2019-06-24T09:23:45.689+0000][1][safepoint    ] Leaving safepoint region
[2019-06-24T09:23:45.689+0000][1][safepoint    ] Total time for which application threads were stopped: 0.0000375 seconds, Stopping threads took: 0.0000068 seconds
[2019-06-24T09:23:45.689+0000][1][safepoint    ] Application time: 0.0000693 seconds
[2019-06-24T09:23:45.689+0000][1][safepoint    ] Entering safepoint region: RevokeBias
[2019-06-24T09:23:45.689+0000][1][safepoint    ] Leaving safepoint region
[2019-06-24T09:23:45.689+0000][1][safepoint    ] Total time for which application threads were stopped: 0.0000368 seconds, Stopping threads took: 0.0000067 seconds
[2019-06-24T09:23:45.689+0000][1][safepoint    ] Application time: 0.0000278 seconds
[2019-06-24T09:23:45.689+0000][1][safepoint    ] Entering safepoint region: RevokeBias
[2019-06-24T09:23:45.689+0000][1][safepoint    ] Leaving safepoint region
[2019-06-24T09:23:45.689+0000][1][safepoint    ] Total time for which application threads were stopped: 0.0000435 seconds, Stopping threads took: 0.0000065 seconds
[2019-06-24T09:23:45.689+0000][1][safepoint    ] Application time: 0.0000278 seconds
[2019-06-24T09:23:45.689+0000][1][safepoint    ] Entering safepoint region: RevokeBias
[2019-06-24T09:23:45.689+0000][1][safepoint    ] Leaving safepoint region
[2019-06-24T09:23:45.689+0000][1][safepoint    ] Total time for which application threads were stopped: 0.0000364 seconds, Stopping threads took: 0.0000066 seconds
[2019-06-24T09:23:45.689+0000][1][safepoint    ] Application time: 0.0000280 seconds
[2019-06-24T09:23:45.689+0000][1][safepoint    ] Entering safepoint region: RevokeBias
[2019-06-24T09:23:45.689+0000][1][safepoint    ] Leaving safepoint region
[2019-06-24T09:23:45.689+0000][1][safepoint    ] Total time for which application threads were stopped: 0.0000361 seconds, Stopping threads took: 0.0000065 seconds
[2019-06-24T09:23:45.689+0000][1][safepoint    ] Application time: 0.0000275 seconds
[2019-06-24T09:23:45.689+0000][1][safepoint    ] Entering safepoint region: RevokeBias
[2019-06-24T09:23:45.689+0000][1][safepoint    ] Leaving safepoint region
[2019-06-24T09:23:45.689+0000][1][safepoint    ] Total time for which application threads were stopped: 0.0000355 seconds, Stopping threads took: 0.0000065 seconds
[2019-06-24T09:23:45.689+0000][1][safepoint    ] Application time: 0.0000271 seconds
[2019-06-24T09:23:45.689+0000][1][safepoint    ] Entering safepoint region: RevokeBias
[2019-06-24T09:23:45.689+0000][1][safepoint    ] Leaving safepoint region
[2019-06-24T09:23:45.689+0000][1][safepoint    ] Total time for which application threads were stopped: 0.0000348 seconds, Stopping threads took: 0.0000065 seconds
[2019-06-24T09:23:45.689+0000][1][safepoint    ] Application time: 0.0000278 seconds
[2019-06-24T09:23:45.689+0000][1][safepoint    ] Entering safepoint region: RevokeBias
[2019-06-24T09:23:45.689+0000][1][safepoint    ] Leaving safepoint region
[2019-06-24T09:23:45.689+0000][1][safepoint    ] Total time for which application threads were stopped: 0.0000566 seconds, Stopping threads took: 0.0000282 seconds
[2019-06-24T09:23:45.689+0000][1][safepoint    ] Application time: 0.0000320 seconds
[2019-06-24T09:23:45.689+0000][1][safepoint    ] Entering safepoint region: RevokeBias
[2019-06-24T09:23:45.689+0000][1][safepoint    ] Leaving safepoint region
[2019-06-24T09:23:45.689+0000][1][safepoint    ] Total time for which application threads were stopped: 0.0000348 seconds, Stopping threads took: 0.0000065 seconds
[2019-06-24T09:23:45.689+0000][1][safepoint    ] Application time: 0.0000323 seconds
[2019-06-24T09:23:45.689+0000][1][safepoint    ] Entering safepoint region: RevokeBias
[2019-06-24T09:23:45.689+0000][1][safepoint    ] Leaving safepoint region
[2019-06-24T09:23:45.689+0000][1][safepoint    ] Total time for which application threads were stopped: 0.0000819 seconds, Stopping threads took: 0.0000485 seconds
[2019-06-24T09:23:45.690+0000][1][safepoint    ] Application time: 0.0000339 seconds
[2019-06-24T09:23:45.690+0000][1][safepoint    ] Entering safepoint region: RevokeBias
[2019-06-24T09:23:45.690+0000][1][safepoint    ] Leaving safepoint region
[2019-06-24T09:23:45.690+0000][1][safepoint    ] Total time for which application threads were stopped: 0.0000357 seconds, Stopping threads took: 0.0000065 seconds
[2019-06-24T09:23:45.690+0000][1][safepoint    ] Application time: 0.0000281 seconds
[2019-06-24T09:23:45.690+0000][1][safepoint    ] Entering safepoint region: RevokeBias
[2019-06-24T09:23:45.690+0000][1][safepoint    ] Leaving safepoint region
[2019-06-24T09:23:45.690+0000][1][safepoint    ] Total time for which application threads were stopped: 0.0000349 seconds, Stopping threads took: 0.0000064 seconds
[2019-06-24T09:23:45.690+0000][1][safepoint    ] Application time: 0.0000281 seconds
[2019-06-24T09:23:45.690+0000][1][safepoint    ] Entering safepoint region: RevokeBias
[2019-06-24T09:23:45.690+0000][1][safepoint    ] Leaving safepoint region
[2019-06-24T09:23:45.690+0000][1][safepoint    ] Total time for which application threads were stopped: 0.0000388 seconds, Stopping threads took: 0.0000063 seconds
[2019-06-24T09:23:45.690+0000][1][safepoint    ] Application time: 0.0000293 seconds
[2019-06-24T09:23:45.690+0000][1][safepoint    ] Entering safepoint region: RevokeBias
[2019-06-24T09:23:45.690+0000][1][safepoint    ] Leaving safepoint region
[2019-06-24T09:23:45.690+0000][1][safepoint    ] Total time for which application threads were stopped: 0.0000354 seconds, Stopping threads took: 0.0000064 seconds
[2019-06-24T09:23:45.690+0000][1][safepoint    ] Application time: 0.0000278 seconds
[2019-06-24T09:23:45.690+0000][1][safepoint    ] Entering safepoint region: RevokeBias
[2019-06-24T09:23:45.690+0000][1][safepoint    ] Leaving safepoint region
[2019-06-24T09:23:45.690+0000][1][safepoint    ] Total time for which application threads were stopped: 0.0000350 seconds, Stopping threads took: 0.0000064 seconds
[2019-06-24T09:23:45.690+0000][1][safepoint    ] Application time: 0.0000279 seconds
[2019-06-24T09:23:45.690+0000][1][safepoint    ] Entering safepoint region: BulkRevokeBias
[2019-06-24T09:23:45.690+0000][1][safepoint    ] Leaving safepoint region
[2019-06-24T09:23:45.690+0000][1][safepoint    ] Total time for which application threads were stopped: 0.0000673 seconds, Stopping threads took: 0.0000064 seconds
[2019-06-24T09:23:45.690+0000][1][safepoint    ] Application time: 0.0000974 seconds
[2019-06-24T09:23:45.690+0000][1][safepoint    ] Entering safepoint region: RevokeBias
[2019-06-24T09:23:45.690+0000][1][safepoint    ] Leaving safepoint region
[2019-06-24T09:23:45.690+0000][1][safepoint    ] Total time for which application threads were stopped: 0.0000377 seconds, Stopping threads took: 0.0000064 seconds
[2019-06-24T09:23:45.690+0000][1][safepoint    ] Application time: 0.0000414 seconds
[2019-06-24T09:23:45.690+0000][1][safepoint    ] Entering safepoint region: RevokeBias
[2019-06-24T09:23:45.690+0000][1][safepoint    ] Leaving safepoint region
[2019-06-24T09:23:45.690+0000][1][safepoint    ] Total time for which application threads were stopped: 0.0000347 seconds, Stopping threads took: 0.0000064 seconds
[2019-06-24T09:23:45.690+0000][1][safepoint    ] Application time: 0.0000601 seconds
[2019-06-24T09:23:45.690+0000][1][safepoint    ] Entering safepoint region: RevokeBias
[2019-06-24T09:23:45.690+0000][1][safepoint    ] Leaving safepoint region
[2019-06-24T09:23:45.690+0000][1][safepoint    ] Total time for which application threads were stopped: 0.0000350 seconds, Stopping threads took: 0.0000064 seconds
[2019-06-24T09:23:45.690+0000][1][safepoint    ] Application time: 0.0000410 seconds
[2019-06-24T09:23:45.690+0000][1][safepoint    ] Entering safepoint region: RevokeBias
[2019-06-24T09:23:45.690+0000][1][safepoint    ] Leaving safepoint region
[2019-06-24T09:23:45.690+0000][1][safepoint    ] Total time for which application threads were stopped: 0.0000601 seconds, Stopping threads took: 0.0000275 seconds
[2019-06-24T09:23:45.691+0000][1][safepoint    ] Application time: 0.0000624 seconds
[2019-06-24T09:23:45.691+0000][1][safepoint    ] Entering safepoint region: RevokeBias
[2019-06-24T09:23:45.691+0000][1][safepoint    ] Leaving safepoint region
[2019-06-24T09:23:45.691+0000][1][safepoint    ] Total time for which application threads were stopped: 0.0000550 seconds, Stopping threads took: 0.0000068 seconds
[2019-06-24T09:23:45.691+0000][1][safepoint    ] Application time: 0.0000359 seconds
[2019-06-24T09:23:45.691+0000][1][safepoint    ] Entering safepoint region: RevokeBias
[2019-06-24T09:23:45.691+0000][1][safepoint    ] Leaving safepoint region
[2019-06-24T09:23:45.691+0000][1][safepoint    ] Total time for which application threads were stopped: 0.0000527 seconds, Stopping threads took: 0.0000064 seconds
[2019-06-24T09:23:45.691+0000][1][safepoint    ] Application time: 0.0000334 seconds
[2019-06-24T09:23:45.691+0000][1][safepoint    ] Entering safepoint region: RevokeBias
[2019-06-24T09:23:45.691+0000][1][safepoint    ] Leaving safepoint region
[2019-06-24T09:23:45.691+0000][1][safepoint    ] Total time for which application threads were stopped: 0.0000373 seconds, Stopping threads took: 0.0000068 seconds
[2019-06-24T09:23:45.691+0000][1][safepoint    ] Application time: 0.0000361 seconds
[2019-06-24T09:23:45.691+0000][1][safepoint    ] Entering safepoint region: RevokeBias
[2019-06-24T09:23:45.691+0000][1][safepoint    ] Leaving safepoint region
[2019-06-24T09:23:45.691+0000][1][safepoint    ] Total time for which application threads were stopped: 0.0000356 seconds, Stopping threads took: 0.0000097 seconds
[2019-06-24T09:23:45.691+0000][1][safepoint    ] Application time: 0.0000331 seconds
[2019-06-24T09:23:45.691+0000][1][safepoint    ] Entering safepoint region: RevokeBias
[2019-06-24T09:23:45.691+0000][1][safepoint    ] Leaving safepoint region
[2019-06-24T09:23:45.691+0000][1][safepoint    ] Total time for which application threads were stopped: 0.0000312 seconds, Stopping threads took: 0.0000065 seconds
[2019-06-24T09:23:45.691+0000][1][safepoint    ] Application time: 0.0000335 seconds
[2019-06-24T09:23:45.691+0000][1][safepoint    ] Entering safepoint region: RevokeBias
[2019-06-24T09:23:45.691+0000][1][safepoint    ] Leaving safepoint region
[2019-06-24T09:23:45.691+0000][1][safepoint    ] Total time for which application threads were stopped: 0.0000494 seconds, Stopping threads took: 0.0000064 seconds
[2019-06-24T09:23:45.691+0000][1][safepoint    ] Application time: 0.0000320 seconds
[2019-06-24T09:23:45.691+0000][1][safepoint    ] Entering safepoint region: RevokeBias
[2019-06-24T09:23:45.691+0000][1][safepoint    ] Leaving safepoint region
[2019-06-24T09:23:45.691+0000][1][safepoint    ] Total time for which application threads were stopped: 0.0000515 seconds, Stopping threads took: 0.0000063 seconds
[2019-06-24T09:23:45.691+0000][1][safepoint    ] Application time: 0.0000314 seconds
[2019-06-24T09:23:45.691+0000][1][safepoint    ] Entering safepoint region: RevokeBias
[2019-06-24T09:23:45.691+0000][1][safepoint    ] Leaving safepoint region
[2019-06-24T09:23:45.691+0000][1][safepoint    ] Total time for which application threads were stopped: 0.0000332 seconds, Stopping threads took: 0.0000064 seconds
[2019-06-24T09:23:45.691+0000][1][safepoint    ] Application time: 0.0000709 seconds
[2019-06-24T09:23:45.691+0000][1][safepoint    ] Entering safepoint region: RevokeBias
[2019-06-24T09:23:45.691+0000][1][safepoint    ] Leaving safepoint region
[2019-06-24T09:23:45.691+0000][1][safepoint    ] Total time for which application threads were stopped: 0.0001673 seconds, Stopping threads took: 0.0001426 seconds
[2019-06-24T09:23:45.691+0000][1][safepoint    ] Application time: 0.0000320 seconds
[2019-06-24T09:23:45.691+0000][1][safepoint    ] Entering safepoint region: RevokeBias
[2019-06-24T09:23:45.692+0000][1][safepoint    ] Leaving safepoint region
[2019-06-24T09:23:45.692+0000][1][safepoint    ] Total time for which application threads were stopped: 0.0000347 seconds, Stopping threads took: 0.0000065 seconds
[2019-06-24T09:23:45.692+0000][1][safepoint    ] Application time: 0.0000275 seconds
[2019-06-24T09:23:45.692+0000][1][safepoint    ] Entering safepoint region: RevokeBias
[2019-06-24T09:23:45.692+0000][1][safepoint    ] Leaving safepoint region
[2019-06-24T09:23:45.692+0000][1][safepoint    ] Total time for which application threads were stopped: 0.0000338 seconds, Stopping threads took: 0.0000063 seconds
[2019-06-24T09:23:45.692+0000][1][safepoint    ] Application time: 0.0000273 seconds
[2019-06-24T09:23:45.692+0000][1][safepoint    ] Entering safepoint region: RevokeBias
[2019-06-24T09:23:45.692+0000][1][safepoint    ] Leaving safepoint region
[2019-06-24T09:23:45.692+0000][1][safepoint    ] Total time for which application threads were stopped: 0.0000338 seconds, Stopping threads took: 0.0000064 seconds
[2019-06-24T09:23:45.692+0000][1][safepoint    ] Application time: 0.0000274 seconds
[2019-06-24T09:23:45.692+0000][1][safepoint    ] Entering safepoint region: RevokeBias
[2019-06-24T09:23:45.692+0000][1][safepoint    ] Leaving safepoint region
[2019-06-24T09:23:45.692+0000][1][safepoint    ] Total time for which application threads were stopped: 0.0000372 seconds, Stopping threads took: 0.0000063 seconds
[2019-06-24T09:23:45.692+0000][1][safepoint    ] Application time: 0.0000276 seconds
[2019-06-24T09:23:45.692+0000][1][safepoint    ] Entering safepoint region: RevokeBias
[2019-06-24T09:23:45.692+0000][1][safepoint    ] Leaving safepoint region
[2019-06-24T09:23:45.692+0000][1][safepoint    ] Total time for which application threads were stopped: 0.0000341 seconds, Stopping threads took: 0.0000064 seconds
[2019-06-24T09:23:45.692+0000][1][safepoint    ] Application time: 0.0000274 seconds
[2019-06-24T09:23:45.692+0000][1][safepoint    ] Entering safepoint region: RevokeBias
[2019-06-24T09:23:45.692+0000][1][safepoint    ] Leaving safepoint region
[2019-06-24T09:23:45.692+0000][1][safepoint    ] Total time for which application threads were stopped: 0.0000335 seconds, Stopping threads took: 0.0000064 seconds
[2019-06-24T09:23:45.692+0000][1][safepoint    ] Application time: 0.0000285 seconds
[2019-06-24T09:23:45.692+0000][1][safepoint    ] Entering safepoint region: RevokeBias
[2019-06-24T09:23:45.692+0000][1][safepoint    ] Leaving safepoint region
[2019-06-24T09:23:45.692+0000][1][safepoint    ] Total time for which application threads were stopped: 0.0000335 seconds, Stopping threads took: 0.0000064 seconds
[2019-06-24T09:23:45.692+0000][1][safepoint    ] Application time: 0.0000273 seconds
[2019-06-24T09:23:45.692+0000][1][safepoint    ] Entering safepoint region: RevokeBias
[2019-06-24T09:23:45.692+0000][1][safepoint    ] Leaving safepoint region
[2019-06-24T09:23:45.692+0000][1][safepoint    ] Total time for which application threads were stopped: 0.0000334 seconds, Stopping threads took: 0.0000064 seconds
[2019-06-24T09:23:45.692+0000][1][safepoint    ] Application time: 0.0000275 seconds
[2019-06-24T09:23:45.692+0000][1][safepoint    ] Entering safepoint region: RevokeBias
[2019-06-24T09:23:45.692+0000][1][safepoint    ] Leaving safepoint region
[2019-06-24T09:23:45.692+0000][1][safepoint    ] Total time for which application threads were stopped: 0.0000337 seconds, Stopping threads took: 0.0000064 seconds
[2019-06-24T09:23:45.692+0000][1][safepoint    ] Application time: 0.0000291 seconds
[2019-06-24T09:23:45.692+0000][1][safepoint    ] Entering safepoint region: RevokeBias
[2019-06-24T09:23:45.692+0000][1][safepoint    ] Leaving safepoint region
[2019-06-24T09:23:45.692+0000][1][safepoint    ] Total time for which application threads were stopped: 0.0000335 seconds, Stopping threads took: 0.0000063 seconds
[2019-06-24T09:23:45.692+0000][1][safepoint    ] Application time: 0.0000292 seconds
[2019-06-24T09:23:45.692+0000][1][safepoint    ] Entering safepoint region: BulkRevokeBias
[2019-06-24T09:23:45.692+0000][1][safepoint    ] Leaving safepoint region
[2019-06-24T09:23:45.692+0000][1][safepoint    ] Total time for which application threads were stopped: 0.0000701 seconds, Stopping threads took: 0.0000064 seconds
[2019-06-24T09:23:45.692+0000][1][safepoint    ] Application time: 0.0001539 seconds
[2019-06-24T09:23:45.692+0000][1][safepoint    ] Entering safepoint region: RevokeBias
[2019-06-24T09:23:45.692+0000][1][safepoint    ] Leaving safepoint region
[2019-06-24T09:23:45.692+0000][1][safepoint    ] Total time for which application threads were stopped: 0.0000412 seconds, Stopping threads took: 0.0000069 seconds
[2019-06-24T09:23:45.693+0000][1][safepoint    ] Application time: 0.0000463 seconds
[2019-06-24T09:23:45.693+0000][1][safepoint    ] Entering safepoint region: RevokeBias
[2019-06-24T09:23:45.693+0000][1][safepoint    ] Leaving safepoint region
[2019-06-24T09:23:45.693+0000][1][safepoint    ] Total time for which application threads were stopped: 0.0001536 seconds, Stopping threads took: 0.0001219 seconds
[2019-06-24T09:23:45.693+0000][1][safepoint    ] Application time: 0.0001118 seconds
[2019-06-24T09:23:45.693+0000][1][safepoint    ] Entering safepoint region: RevokeBias
[2019-06-24T09:23:45.693+0000][1][safepoint    ] Leaving safepoint region
[2019-06-24T09:23:45.693+0000][1][safepoint    ] Total time for which application threads were stopped: 0.0000691 seconds, Stopping threads took: 0.0000293 seconds
[2019-06-24T09:23:45.693+0000][1][safepoint    ] Application time: 0.0000912 seconds
[2019-06-24T09:23:45.693+0000][1][safepoint    ] Entering safepoint region: RevokeBias
[2019-06-24T09:23:45.693+0000][1][safepoint    ] Leaving safepoint region
[2019-06-24T09:23:45.693+0000][1][safepoint    ] Total time for which application threads were stopped: 0.0000977 seconds, Stopping threads took: 0.0000656 seconds
[2019-06-24T09:23:45.693+0000][1][safepoint    ] Application time: 0.0000408 seconds
[2019-06-24T09:23:45.693+0000][1][safepoint    ] Entering safepoint region: RevokeBias
[2019-06-24T09:23:45.693+0000][1][safepoint    ] Leaving safepoint region
[2019-06-24T09:23:45.693+0000][1][safepoint    ] Total time for which application threads were stopped: 0.0000803 seconds, Stopping threads took: 0.0000295 seconds
[2019-06-24T09:23:45.693+0000][1][safepoint    ] Application time: 0.0000388 seconds
[2019-06-24T09:23:45.693+0000][1][safepoint    ] Entering safepoint region: RevokeBias
[2019-06-24T09:23:45.693+0000][1][safepoint    ] Leaving safepoint region
[2019-06-24T09:23:45.693+0000][1][safepoint    ] Total time for which application threads were stopped: 0.0000642 seconds, Stopping threads took: 0.0000265 seconds
[2019-06-24T09:23:45.694+0000][1][safepoint    ] Application time: 0.0002390 seconds
[2019-06-24T09:23:45.694+0000][1][safepoint    ] Entering safepoint region: RevokeBias
[2019-06-24T09:23:45.694+0000][1][safepoint    ] Leaving safepoint region
[2019-06-24T09:23:45.694+0000][1][safepoint    ] Total time for which application threads were stopped: 0.0004006 seconds, Stopping threads took: 0.0003593 seconds
[2019-06-24T09:23:45.694+0000][1][safepoint    ] Application time: 0.0000791 seconds
[2019-06-24T09:23:45.694+0000][1][safepoint    ] Entering safepoint region: RevokeBias
[2019-06-24T09:23:45.694+0000][1][safepoint    ] Leaving safepoint region
[2019-06-24T09:23:45.694+0000][1][safepoint    ] Total time for which application threads were stopped: 0.0001933 seconds, Stopping threads took: 0.0001677 seconds
[2019-06-24T09:23:45.695+0000][1][safepoint    ] Application time: 0.0003482 seconds
[2019-06-24T09:23:45.695+0000][1][safepoint    ] Entering safepoint region: RevokeBias
[2019-06-24T09:23:45.695+0000][1][safepoint    ] Leaving safepoint region
[2019-06-24T09:23:45.695+0000][1][safepoint    ] Total time for which application threads were stopped: 0.0000629 seconds, Stopping threads took: 0.0000146 seconds
[2019-06-24T09:23:45.695+0000][1][safepoint    ] Application time: 0.0003135 seconds
[2019-06-24T09:23:45.695+0000][1][safepoint    ] Entering safepoint region: RevokeBias
[2019-06-24T09:23:45.695+0000][1][safepoint    ] Leaving safepoint region
[2019-06-24T09:23:45.695+0000][1][safepoint    ] Total time for which application threads were stopped: 0.0003890 seconds, Stopping threads took: 0.0003407 seconds
[2019-06-24T09:23:45.696+0000][1][safepoint    ] Application time: 0.0006642 seconds
[2019-06-24T09:23:45.696+0000][1][safepoint    ] Entering safepoint region: RevokeBias
[2019-06-24T09:23:45.696+0000][1][safepoint    ] Leaving safepoint region
[2019-06-24T09:23:45.696+0000][1][safepoint    ] Total time for which application threads were stopped: 0.0001108 seconds, Stopping threads took: 0.0000298 seconds
[2019-06-24T09:23:45.696+0000][1][safepoint    ] Application time: 0.0001828 seconds
[2019-06-24T09:23:45.697+0000][1][safepoint    ] Entering safepoint region: RevokeBias
[2019-06-24T09:23:45.697+0000][1][safepoint    ] Leaving safepoint region
[2019-06-24T09:23:45.697+0000][1][safepoint    ] Total time for which application threads were stopped: 0.0001656 seconds, Stopping threads took: 0.0001184 seconds
[2019-06-24T09:23:45.697+0000][1][safepoint    ] Application time: 0.0002790 seconds
[2019-06-24T09:23:45.697+0000][1][safepoint    ] Entering safepoint region: RevokeBias
[2019-06-24T09:23:45.697+0000][1][safepoint    ] Leaving safepoint region
[2019-06-24T09:23:45.697+0000][1][safepoint    ] Total time for which application threads were stopped: 0.0000895 seconds, Stopping threads took: 0.0000127 seconds
[2019-06-24T09:23:45.697+0000][1][safepoint    ] Application time: 0.0002657 seconds
[2019-06-24T09:23:45.697+0000][1][safepoint    ] Entering safepoint region: RevokeBias
[2019-06-24T09:23:45.697+0000][1][safepoint    ] Leaving safepoint region
[2019-06-24T09:23:45.697+0000][1][safepoint    ] Total time for which application threads were stopped: 0.0001574 seconds, Stopping threads took: 0.0000978 seconds
[2019-06-24T09:23:45.699+0000][1][safepoint    ] Application time: 0.0016138 seconds
[2019-06-24T09:23:45.699+0000][1][safepoint    ] Entering safepoint region: RevokeBias
[2019-06-24T09:23:45.699+0000][1][safepoint    ] Leaving safepoint region
[2019-06-24T09:23:45.699+0000][1][safepoint    ] Total time for which application threads were stopped: 0.0001131 seconds, Stopping threads took: 0.0000424 seconds
[2019-06-24T09:23:45.699+0000][1][safepoint    ] Application time: 0.0001119 seconds
[2019-06-24T09:23:45.699+0000][1][safepoint    ] Entering safepoint region: RevokeBias
[2019-06-24T09:23:45.700+0000][1][safepoint    ] Leaving safepoint region
[2019-06-24T09:23:45.700+0000][1][safepoint    ] Total time for which application threads were stopped: 0.0001260 seconds, Stopping threads took: 0.0000573 seconds
[2019-06-24T09:23:45.700+0000][1][safepoint    ] Application time: 0.0000924 seconds
[2019-06-24T09:23:45.700+0000][1][safepoint    ] Entering safepoint region: RevokeBias
[2019-06-24T09:23:45.700+0000][1][safepoint    ] Leaving safepoint region
[2019-06-24T09:23:45.700+0000][1][safepoint    ] Total time for which application threads were stopped: 0.0001247 seconds, Stopping threads took: 0.0000752 seconds
[2019-06-24T09:23:45.702+0000][1][safepoint    ] Application time: 0.0018012 seconds
[2019-06-24T09:23:45.702+0000][1][safepoint    ] Entering safepoint region: RevokeBias
[2019-06-24T09:23:45.702+0000][1][safepoint    ] Leaving safepoint region
[2019-06-24T09:23:45.702+0000][1][safepoint    ] Total time for which application threads were stopped: 0.0001437 seconds, Stopping threads took: 0.0000738 seconds
[2019-06-24T09:23:45.702+0000][1][safepoint    ] Application time: 0.0000836 seconds
[2019-06-24T09:23:45.702+0000][1][safepoint    ] Entering safepoint region: RevokeBias
[2019-06-24T09:23:45.702+0000][1][safepoint    ] Leaving safepoint region
[2019-06-24T09:23:45.702+0000][1][safepoint    ] Total time for which application threads were stopped: 0.0000576 seconds, Stopping threads took: 0.0000278 seconds
[2019-06-24T09:23:45.702+0000][1][safepoint    ] Application time: 0.0002344 seconds
[2019-06-24T09:23:45.702+0000][1][safepoint    ] Entering safepoint region: RevokeBias
[2019-06-24T09:23:45.702+0000][1][safepoint    ] Leaving safepoint region
[2019-06-24T09:23:45.702+0000][1][safepoint    ] Total time for which application threads were stopped: 0.0001302 seconds, Stopping threads took: 0.0000781 seconds
[2019-06-24T09:23:46.206+0000][1][safepoint    ] Application time: 0.5033145 seconds
[2019-06-24T09:23:46.206+0000][1][safepoint    ] Entering safepoint region: GenCollectForAllocation
[2019-06-24T09:23:46.206+0000][1][gc,start     ] GC(20) Pause Young (Allocation Failure)
[2019-06-24T09:23:46.206+0000][1][gc,task      ] GC(20) Using 5 workers of 8 for evacuation
[2019-06-24T09:23:46.214+0000][1][gc,age       ] GC(20) Desired survivor size 4456448 bytes, new threshold 2 (max threshold 6)
[2019-06-24T09:23:46.214+0000][1][gc,age       ] GC(20) Age table with threshold 2 (max threshold 6)
[2019-06-24T09:23:46.215+0000][1][gc,age       ] GC(20) - age   1:    1454504 bytes,    1454504 total
[2019-06-24T09:23:46.215+0000][1][gc,age       ] GC(20) - age   2:    3119088 bytes,    4573592 total
[2019-06-24T09:23:46.215+0000][1][gc,heap      ] GC(20) ParNew: 78323K->6084K(78656K)
[2019-06-24T09:23:46.215+0000][1][gc,heap      ] GC(20) CMS: 55236K->59233K(174784K)
[2019-06-24T09:23:46.215+0000][1][gc,metaspace ] GC(20) Metaspace: 53202K->53202K(1097728K)
[2019-06-24T09:23:46.215+0000][1][gc           ] GC(20) Pause Young (Allocation Failure) 130M->63M(247M) 8.814ms
[2019-06-24T09:23:46.215+0000][1][gc,cpu       ] GC(20) User=0.05s Sys=0.00s Real=0.01s
[2019-06-24T09:23:46.215+0000][1][safepoint    ] Leaving safepoint region
[2019-06-24T09:23:46.215+0000][1][safepoint    ] Total time for which application threads were stopped: 0.0089904 seconds, Stopping threads took: 0.0000145 seconds
[2019-06-24T09:23:46.215+0000][1][safepoint    ] Application time: 0.0005590 seconds
[2019-06-24T09:23:46.215+0000][1][safepoint    ] Entering safepoint region: RevokeBias
[2019-06-24T09:23:46.215+0000][1][safepoint    ] Leaving safepoint region
[2019-06-24T09:23:46.215+0000][1][safepoint    ] Total time for which application threads were stopped: 0.0000647 seconds, Stopping threads took: 0.0000234 seconds
[2019-06-24T09:23:46.453+0000][1][safepoint    ] Application time: 0.2377455 seconds
[2019-06-24T09:23:46.453+0000][1][safepoint    ] Entering safepoint region: Deoptimize
[2019-06-24T09:23:46.454+0000][1][safepoint    ] Leaving safepoint region
[2019-06-24T09:23:46.454+0000][1][safepoint    ] Total time for which application threads were stopped: 0.0008368 seconds, Stopping threads took: 0.0000135 seconds
[2019-06-24T09:23:46.486+0000][1][safepoint    ] Application time: 0.0321404 seconds
[2019-06-24T09:23:46.486+0000][1][safepoint    ] Entering safepoint region: RevokeBias
[2019-06-24T09:23:46.486+0000][1][safepoint    ] Leaving safepoint region
[2019-06-24T09:23:46.486+0000][1][safepoint    ] Total time for which application threads were stopped: 0.0001357 seconds, Stopping threads took: 0.0000748 seconds
[2019-06-24T09:23:46.486+0000][1][safepoint    ] Application time: 0.0001419 seconds
[2019-06-24T09:23:46.486+0000][1][safepoint    ] Entering safepoint region: RevokeBias
[2019-06-24T09:23:46.487+0000][1][safepoint    ] Leaving safepoint region
[2019-06-24T09:23:46.487+0000][1][safepoint    ] Total time for which application threads were stopped: 0.0001454 seconds, Stopping threads took: 0.0001080 seconds
[2019-06-24T09:23:46.487+0000][1][safepoint    ] Application time: 0.0001406 seconds
[2019-06-24T09:23:46.487+0000][1][safepoint    ] Entering safepoint region: RevokeBias
[2019-06-24T09:23:46.487+0000][1][safepoint    ] Leaving safepoint region
[2019-06-24T09:23:46.487+0000][1][safepoint    ] Total time for which application threads were stopped: 0.0000604 seconds, Stopping threads took: 0.0000114 seconds
[2019-06-24T09:23:46.489+0000][1][safepoint    ] Application time: 0.0020899 seconds
[2019-06-24T09:23:46.489+0000][1][safepoint    ] Entering safepoint region: RevokeBias
[2019-06-24T09:23:46.489+0000][1][safepoint    ] Leaving safepoint region
[2019-06-24T09:23:46.489+0000][1][safepoint    ] Total time for which application threads were stopped: 0.0000774 seconds, Stopping threads took: 0.0000155 seconds
[2019-06-24T09:23:46.621+0000][1][safepoint    ] Application time: 0.1315285 seconds
[2019-06-24T09:23:46.621+0000][1][safepoint    ] Entering safepoint region: RevokeBias
[2019-06-24T09:23:46.622+0000][1][safepoint    ] Leaving safepoint region
[2019-06-24T09:23:46.622+0000][1][safepoint    ] Total time for which application threads were stopped: 0.0010735 seconds, Stopping threads took: 0.0001100 seconds
[2019-06-24T09:23:46.622+0000][1][safepoint    ] Application time: 0.0006937 seconds
[2019-06-24T09:23:46.622+0000][1][safepoint    ] Entering safepoint region: BulkRevokeBias
[2019-06-24T09:23:46.623+0000][1][safepoint    ] Leaving safepoint region
[2019-06-24T09:23:46.623+0000][1][safepoint    ] Total time for which application threads were stopped: 0.0001831 seconds, Stopping threads took: 0.0000347 seconds
[2019-06-24T09:23:46.680+0000][1][safepoint    ] Application time: 0.0571113 seconds
[2019-06-24T09:23:46.680+0000][1][safepoint    ] Entering safepoint region: Deoptimize
[2019-06-24T09:23:46.680+0000][1][safepoint    ] Leaving safepoint region
[2019-06-24T09:23:46.680+0000][1][safepoint    ] Total time for which application threads were stopped: 0.0004413 seconds, Stopping threads took: 0.0000155 seconds
[2019-06-24T09:23:47.020+0000][1][safepoint    ] Application time: 0.3399809 seconds
[2019-06-24T09:23:47.020+0000][1][safepoint    ] Entering safepoint region: RevokeBias
[2019-06-24T09:23:47.020+0000][1][safepoint    ] Leaving safepoint region
[2019-06-24T09:23:47.020+0000][1][safepoint    ] Total time for which application threads were stopped: 0.0001086 seconds, Stopping threads took: 0.0000433 seconds
[2019-06-24T09:23:47.020+0000][1][safepoint    ] Application time: 0.0001227 seconds
[2019-06-24T09:23:47.020+0000][1][safepoint    ] Entering safepoint region: RevokeBias
[2019-06-24T09:23:47.020+0000][1][safepoint    ] Leaving safepoint region
[2019-06-24T09:23:47.020+0000][1][safepoint    ] Total time for which application threads were stopped: 0.0000350 seconds, Stopping threads took: 0.0000094 seconds
[2019-06-24T09:23:47.021+0000][1][safepoint    ] Application time: 0.0002023 seconds
[2019-06-24T09:23:47.021+0000][1][safepoint    ] Entering safepoint region: RevokeBias
[2019-06-24T09:23:47.021+0000][1][safepoint    ] Leaving safepoint region
[2019-06-24T09:23:47.021+0000][1][safepoint    ] Total time for which application threads were stopped: 0.0000365 seconds, Stopping threads took: 0.0000095 seconds
[2019-06-24T09:23:47.026+0000][1][safepoint    ] Application time: 0.0053152 seconds
[2019-06-24T09:23:47.026+0000][1][safepoint    ] Entering safepoint region: GenCollectForAllocation
[2019-06-24T09:23:47.026+0000][1][gc,start     ] GC(21) Pause Young (Allocation Failure)
[2019-06-24T09:23:47.026+0000][1][gc,task      ] GC(21) Using 5 workers of 8 for evacuation
[2019-06-24T09:23:47.035+0000][1][gc,age       ] GC(21) Desired survivor size 4456448 bytes, new threshold 2 (max threshold 6)
[2019-06-24T09:23:47.035+0000][1][gc,age       ] GC(21) Age table with threshold 2 (max threshold 6)
[2019-06-24T09:23:47.035+0000][1][gc,age       ] GC(21) - age   1:    3691896 bytes,    3691896 total
[2019-06-24T09:23:47.035+0000][1][gc,age       ] GC(21) - age   2:    1366928 bytes,    5058824 total
[2019-06-24T09:23:47.035+0000][1][gc,heap      ] GC(21) ParNew: 76036K->7793K(78656K)
[2019-06-24T09:23:47.035+0000][1][gc,heap      ] GC(21) CMS: 59233K->62354K(174784K)
[2019-06-24T09:23:47.035+0000][1][gc,metaspace ] GC(21) Metaspace: 60862K->60862K(1105920K)
[2019-06-24T09:23:47.035+0000][1][gc           ] GC(21) Pause Young (Allocation Failure) 132M->68M(247M) 8.661ms
[2019-06-24T09:23:47.035+0000][1][gc,cpu       ] GC(21) User=0.05s Sys=0.00s Real=0.01s
[2019-06-24T09:23:47.035+0000][1][safepoint    ] Leaving safepoint region
[2019-06-24T09:23:47.035+0000][1][safepoint    ] Total time for which application threads were stopped: 0.0087749 seconds, Stopping threads took: 0.0000120 seconds
[2019-06-24T09:23:47.045+0000][1][safepoint    ] Application time: 0.0097159 seconds
[2019-06-24T09:23:47.045+0000][1][safepoint    ] Entering safepoint region: RevokeBias
[2019-06-24T09:23:47.045+0000][1][safepoint    ] Leaving safepoint region
[2019-06-24T09:23:47.045+0000][1][safepoint    ] Total time for which application threads were stopped: 0.0000454 seconds, Stopping threads took: 0.0000120 seconds
[2019-06-24T09:23:47.045+0000][1][safepoint    ] Application time: 0.0001098 seconds
[2019-06-24T09:23:47.045+0000][1][safepoint    ] Entering safepoint region: RevokeBias
[2019-06-24T09:23:47.045+0000][1][safepoint    ] Leaving safepoint region
[2019-06-24T09:23:47.045+0000][1][safepoint    ] Total time for which application threads were stopped: 0.0000796 seconds, Stopping threads took: 0.0000095 seconds
[2019-06-24T09:23:47.134+0000][1][safepoint    ] Application time: 0.0895260 seconds
[2019-06-24T09:23:47.134+0000][1][safepoint    ] Entering safepoint region: Deoptimize
[2019-06-24T09:23:47.135+0000][1][safepoint    ] Leaving safepoint region
[2019-06-24T09:23:47.135+0000][1][safepoint    ] Total time for which application threads were stopped: 0.0006837 seconds, Stopping threads took: 0.0000237 seconds
[2019-06-24T09:23:47.144+0000][1][safepoint    ] Application time: 0.0085440 seconds
[2019-06-24T09:23:47.144+0000][1][safepoint    ] Entering safepoint region: BulkRevokeBias
[2019-06-24T09:23:47.144+0000][1][safepoint    ] Leaving safepoint region
[2019-06-24T09:23:47.144+0000][1][safepoint    ] Total time for which application threads were stopped: 0.0001233 seconds, Stopping threads took: 0.0000299 seconds
[2019-06-24T09:23:47.144+0000][1][safepoint    ] Application time: 0.0003694 seconds
[2019-06-24T09:23:47.144+0000][1][safepoint    ] Entering safepoint region: RevokeBias
[2019-06-24T09:23:47.144+0000][1][safepoint    ] Leaving safepoint region
[2019-06-24T09:23:47.144+0000][1][safepoint    ] Total time for which application threads were stopped: 0.0000505 seconds, Stopping threads took: 0.0000115 seconds
[2019-06-24T09:23:47.144+0000][1][safepoint    ] Application time: 0.0001414 seconds
[2019-06-24T09:23:47.144+0000][1][safepoint    ] Entering safepoint region: RevokeBias
[2019-06-24T09:23:47.144+0000][1][safepoint    ] Leaving safepoint region
[2019-06-24T09:23:47.145+0000][1][safepoint    ] Total time for which application threads were stopped: 0.0000663 seconds, Stopping threads took: 0.0000108 seconds
[2019-06-24T09:23:47.145+0000][1][safepoint    ] Application time: 0.0007445 seconds
[2019-06-24T09:23:47.145+0000][1][safepoint    ] Entering safepoint region: RevokeBias
[2019-06-24T09:23:47.145+0000][1][safepoint    ] Leaving safepoint region
[2019-06-24T09:23:47.145+0000][1][safepoint    ] Total time for which application threads were stopped: 0.0000763 seconds, Stopping threads took: 0.0000200 seconds
[2019-06-24T09:23:47.146+0000][1][safepoint    ] Application time: 0.0001119 seconds
[2019-06-24T09:23:47.146+0000][1][safepoint    ] Entering safepoint region: RevokeBias
[2019-06-24T09:23:47.146+0000][1][safepoint    ] Leaving safepoint region
[2019-06-24T09:23:47.146+0000][1][safepoint    ] Total time for which application threads were stopped: 0.0000689 seconds, Stopping threads took: 0.0000083 seconds
[2019-06-24T09:23:47.146+0000][1][safepoint    ] Application time: 0.0001736 seconds
[2019-06-24T09:23:47.146+0000][1][safepoint    ] Entering safepoint region: RevokeBias
[2019-06-24T09:23:47.146+0000][1][safepoint    ] Leaving safepoint region
[2019-06-24T09:23:47.146+0000][1][safepoint    ] Total time for which application threads were stopped: 0.0000545 seconds, Stopping threads took: 0.0000166 seconds
[2019-06-24T09:23:47.146+0000][1][safepoint    ] Application time: 0.0003629 seconds
[2019-06-24T09:23:47.146+0000][1][safepoint    ] Entering safepoint region: RevokeBias
[2019-06-24T09:23:47.146+0000][1][safepoint    ] Leaving safepoint region
[2019-06-24T09:23:47.146+0000][1][safepoint    ] Total time for which application threads were stopped: 0.0000519 seconds, Stopping threads took: 0.0000104 seconds
[2019-06-24T09:23:47.146+0000][1][safepoint    ] Application time: 0.0000400 seconds
[2019-06-24T09:23:47.146+0000][1][safepoint    ] Entering safepoint region: RevokeBias
[2019-06-24T09:23:47.146+0000][1][safepoint    ] Leaving safepoint region
[2019-06-24T09:23:47.146+0000][1][safepoint    ] Total time for which application threads were stopped: 0.0000422 seconds, Stopping threads took: 0.0000083 seconds
[2019-06-24T09:23:47.146+0000][1][safepoint    ] Application time: 0.0000750 seconds
[2019-06-24T09:23:47.146+0000][1][safepoint    ] Entering safepoint region: RevokeBias
[2019-06-24T09:23:47.147+0000][1][safepoint    ] Leaving safepoint region
[2019-06-24T09:23:47.147+0000][1][safepoint    ] Total time for which application threads were stopped: 0.0000413 seconds, Stopping threads took: 0.0000082 seconds
[2019-06-24T09:23:47.147+0000][1][safepoint    ] Application time: 0.0001514 seconds
[2019-06-24T09:23:47.147+0000][1][safepoint    ] Entering safepoint region: RevokeBias
[2019-06-24T09:23:47.147+0000][1][safepoint    ] Leaving safepoint region
[2019-06-24T09:23:47.147+0000][1][safepoint    ] Total time for which application threads were stopped: 0.0000444 seconds, Stopping threads took: 0.0000078 seconds
[2019-06-24T09:23:47.147+0000][1][safepoint    ] Application time: 0.0001687 seconds
[2019-06-24T09:23:47.147+0000][1][safepoint    ] Entering safepoint region: RevokeBias
[2019-06-24T09:23:47.147+0000][1][safepoint    ] Leaving safepoint region
[2019-06-24T09:23:47.147+0000][1][safepoint    ] Total time for which application threads were stopped: 0.0000598 seconds, Stopping threads took: 0.0000138 seconds
[2019-06-24T09:23:47.147+0000][1][safepoint    ] Application time: 0.0002115 seconds
[2019-06-24T09:23:47.147+0000][1][safepoint    ] Entering safepoint region: RevokeBias
[2019-06-24T09:23:47.147+0000][1][safepoint    ] Leaving safepoint region
[2019-06-24T09:23:47.147+0000][1][safepoint    ] Total time for which application threads were stopped: 0.0000488 seconds, Stopping threads took: 0.0000103 seconds
[2019-06-24T09:23:47.147+0000][1][safepoint    ] Application time: 0.0000831 seconds
[2019-06-24T09:23:47.147+0000][1][safepoint    ] Entering safepoint region: RevokeBias
[2019-06-24T09:23:47.147+0000][1][safepoint    ] Leaving safepoint region
[2019-06-24T09:23:47.147+0000][1][safepoint    ] Total time for which application threads were stopped: 0.0000392 seconds, Stopping threads took: 0.0000080 seconds
[2019-06-24T09:23:47.149+0000][1][safepoint    ] Application time: 0.0012647 seconds
[2019-06-24T09:23:47.149+0000][1][safepoint    ] Entering safepoint region: RevokeBias
[2019-06-24T09:23:47.149+0000][1][safepoint    ] Leaving safepoint region
[2019-06-24T09:23:47.149+0000][1][safepoint    ] Total time for which application threads were stopped: 0.0000433 seconds, Stopping threads took: 0.0000079 seconds
[2019-06-24T09:23:47.149+0000][1][safepoint    ] Application time: 0.0001295 seconds
[2019-06-24T09:23:47.149+0000][1][safepoint    ] Entering safepoint region: RevokeBias
[2019-06-24T09:23:47.149+0000][1][safepoint    ] Leaving safepoint region
[2019-06-24T09:23:47.149+0000][1][safepoint    ] Total time for which application threads were stopped: 0.0000381 seconds, Stopping threads took: 0.0000079 seconds
[2019-06-24T09:23:47.151+0000][1][safepoint    ] Application time: 0.0016270 seconds
[2019-06-24T09:23:47.151+0000][1][safepoint    ] Entering safepoint region: RevokeBias
[2019-06-24T09:23:47.151+0000][1][safepoint    ] Leaving safepoint region
[2019-06-24T09:23:47.151+0000][1][safepoint    ] Total time for which application threads were stopped: 0.0001499 seconds, Stopping threads took: 0.0001102 seconds
[2019-06-24T09:23:47.151+0000][1][safepoint    ] Application time: 0.0001388 seconds
[2019-06-24T09:23:47.151+0000][1][safepoint    ] Entering safepoint region: RevokeBias
[2019-06-24T09:23:47.151+0000][1][safepoint    ] Leaving safepoint region
[2019-06-24T09:23:47.151+0000][1][safepoint    ] Total time for which application threads were stopped: 0.0000582 seconds, Stopping threads took: 0.0000234 seconds
[2019-06-24T09:23:47.151+0000][1][safepoint    ] Application time: 0.0000469 seconds
[2019-06-24T09:23:47.151+0000][1][safepoint    ] Entering safepoint region: RevokeBias
[2019-06-24T09:23:47.151+0000][1][safepoint    ] Leaving safepoint region
[2019-06-24T09:23:47.151+0000][1][safepoint    ] Total time for which application threads were stopped: 0.0000510 seconds, Stopping threads took: 0.0000175 seconds
[2019-06-24T09:23:47.152+0000][1][safepoint    ] Application time: 0.0004716 seconds
[2019-06-24T09:23:47.152+0000][1][safepoint    ] Entering safepoint region: RevokeBias
[2019-06-24T09:23:47.152+0000][1][safepoint    ] Leaving safepoint region
[2019-06-24T09:23:47.152+0000][1][safepoint    ] Total time for which application threads were stopped: 0.0000468 seconds, Stopping threads took: 0.0000103 seconds
[2019-06-24T09:23:47.152+0000][1][safepoint    ] Application time: 0.0003005 seconds
[2019-06-24T09:23:47.152+0000][1][safepoint    ] Entering safepoint region: RevokeBias
[2019-06-24T09:23:47.152+0000][1][safepoint    ] Leaving safepoint region
[2019-06-24T09:23:47.152+0000][1][safepoint    ] Total time for which application threads were stopped: 0.0001016 seconds, Stopping threads took: 0.0000344 seconds
[2019-06-24T09:23:47.152+0000][1][safepoint    ] Application time: 0.0003733 seconds
[2019-06-24T09:23:47.153+0000][1][safepoint    ] Entering safepoint region: RevokeBias
[2019-06-24T09:23:47.153+0000][1][safepoint    ] Leaving safepoint region
[2019-06-24T09:23:47.153+0000][1][safepoint    ] Total time for which application threads were stopped: 0.0001675 seconds, Stopping threads took: 0.0000887 seconds
[2019-06-24T09:23:47.153+0000][1][safepoint    ] Application time: 0.0006957 seconds
[2019-06-24T09:23:47.154+0000][1][safepoint    ] Entering safepoint region: RevokeBias
[2019-06-24T09:23:47.154+0000][1][safepoint    ] Leaving safepoint region
[2019-06-24T09:23:47.154+0000][1][safepoint    ] Total time for which application threads were stopped: 0.0002094 seconds, Stopping threads took: 0.0001576 seconds
[2019-06-24T09:23:47.154+0000][1][safepoint    ] Application time: 0.0001176 seconds
[2019-06-24T09:23:47.155+0000][1][safepoint    ] Entering safepoint region: RevokeBias
[2019-06-24T09:23:47.155+0000][1][safepoint    ] Leaving safepoint region
[2019-06-24T09:23:47.155+0000][1][safepoint    ] Total time for which application threads were stopped: 0.0009350 seconds, Stopping threads took: 0.0008971 seconds
[2019-06-24T09:23:47.155+0000][1][safepoint    ] Application time: 0.0001687 seconds
[2019-06-24T09:23:47.155+0000][1][safepoint    ] Entering safepoint region: RevokeBias
[2019-06-24T09:23:47.155+0000][1][safepoint    ] Leaving safepoint region
[2019-06-24T09:23:47.155+0000][1][safepoint    ] Total time for which application threads were stopped: 0.0000808 seconds, Stopping threads took: 0.0000496 seconds
[2019-06-24T09:23:47.155+0000][1][safepoint    ] Application time: 0.0001545 seconds
[2019-06-24T09:23:47.155+0000][1][safepoint    ] Entering safepoint region: RevokeBias
[2019-06-24T09:23:47.155+0000][1][safepoint    ] Leaving safepoint region
[2019-06-24T09:23:47.155+0000][1][safepoint    ] Total time for which application threads were stopped: 0.0002116 seconds, Stopping threads took: 0.0001609 seconds
[2019-06-24T09:23:47.155+0000][1][safepoint    ] Application time: 0.0001103 seconds
[2019-06-24T09:23:47.156+0000][1][safepoint    ] Entering safepoint region: RevokeBias
[2019-06-24T09:23:47.156+0000][1][safepoint    ] Leaving safepoint region
[2019-06-24T09:23:47.156+0000][1][safepoint    ] Total time for which application threads were stopped: 0.0001465 seconds, Stopping threads took: 0.0000997 seconds
[2019-06-24T09:23:47.156+0000][1][safepoint    ] Application time: 0.0003101 seconds
[2019-06-24T09:23:47.156+0000][1][safepoint    ] Entering safepoint region: RevokeBias
[2019-06-24T09:23:47.156+0000][1][safepoint    ] Leaving safepoint region
[2019-06-24T09:23:47.156+0000][1][safepoint    ] Total time for which application threads were stopped: 0.0001664 seconds, Stopping threads took: 0.0001140 seconds
[2019-06-24T09:23:47.156+0000][1][safepoint    ] Application time: 0.0000608 seconds
[2019-06-24T09:23:47.156+0000][1][safepoint    ] Entering safepoint region: RevokeBias
[2019-06-24T09:23:47.156+0000][1][safepoint    ] Leaving safepoint region
[2019-06-24T09:23:47.156+0000][1][safepoint    ] Total time for which application threads were stopped: 0.0001232 seconds, Stopping threads took: 0.0000922 seconds
[2019-06-24T09:23:47.157+0000][1][safepoint    ] Application time: 0.0006361 seconds
[2019-06-24T09:23:47.158+0000][1][safepoint    ] Entering safepoint region: RevokeBias
[2019-06-24T09:23:47.158+0000][1][safepoint    ] Leaving safepoint region
[2019-06-24T09:23:47.158+0000][1][safepoint    ] Total time for which application threads were stopped: 0.0008683 seconds, Stopping threads took: 0.0008027 seconds
[2019-06-24T09:23:47.158+0000][1][safepoint    ] Application time: 0.0000830 seconds
[2019-06-24T09:23:47.158+0000][1][safepoint    ] Entering safepoint region: RevokeBias
[2019-06-24T09:23:47.158+0000][1][safepoint    ] Leaving safepoint region
[2019-06-24T09:23:47.158+0000][1][safepoint    ] Total time for which application threads were stopped: 0.0001205 seconds, Stopping threads took: 0.0000830 seconds
[2019-06-24T09:23:47.158+0000][1][safepoint    ] Application time: 0.0001891 seconds
[2019-06-24T09:23:47.158+0000][1][safepoint    ] Entering safepoint region: RevokeBias
[2019-06-24T09:23:47.159+0000][1][safepoint    ] Leaving safepoint region
[2019-06-24T09:23:47.159+0000][1][safepoint    ] Total time for which application threads were stopped: 0.0001588 seconds, Stopping threads took: 0.0000878 seconds
[2019-06-24T09:23:47.159+0000][1][safepoint    ] Application time: 0.0001054 seconds
[2019-06-24T09:23:47.159+0000][1][safepoint    ] Entering safepoint region: RevokeBias
[2019-06-24T09:23:47.159+0000][1][safepoint    ] Leaving safepoint region
[2019-06-24T09:23:47.159+0000][1][safepoint    ] Total time for which application threads were stopped: 0.0001415 seconds, Stopping threads took: 0.0000679 seconds
[2019-06-24T09:23:47.163+0000][1][safepoint    ] Application time: 0.0038709 seconds
[2019-06-24T09:23:47.163+0000][1][safepoint    ] Entering safepoint region: RevokeBias
[2019-06-24T09:23:47.163+0000][1][safepoint    ] Leaving safepoint region
[2019-06-24T09:23:47.163+0000][1][safepoint    ] Total time for which application threads were stopped: 0.0002033 seconds, Stopping threads took: 0.0001085 seconds
[2019-06-24T09:23:47.163+0000][1][safepoint    ] Application time: 0.0004986 seconds
[2019-06-24T09:23:47.164+0000][1][safepoint    ] Entering safepoint region: RevokeBias
[2019-06-24T09:23:47.164+0000][1][safepoint    ] Leaving safepoint region
[2019-06-24T09:23:47.164+0000][1][safepoint    ] Total time for which application threads were stopped: 0.0002677 seconds, Stopping threads took: 0.0001332 seconds
[2019-06-24T09:23:47.164+0000][1][safepoint    ] Application time: 0.0002536 seconds
[2019-06-24T09:23:47.164+0000][1][safepoint    ] Entering safepoint region: RevokeBias
[2019-06-24T09:23:47.164+0000][1][safepoint    ] Leaving safepoint region
[2019-06-24T09:23:47.164+0000][1][safepoint    ] Total time for which application threads were stopped: 0.0001560 seconds, Stopping threads took: 0.0000550 seconds
[2019-06-24T09:23:47.164+0000][1][safepoint    ] Application time: 0.0002362 seconds
[2019-06-24T09:23:47.164+0000][1][safepoint    ] Entering safepoint region: RevokeBias
[2019-06-24T09:23:47.165+0000][1][safepoint    ] Leaving safepoint region
[2019-06-24T09:23:47.165+0000][1][safepoint    ] Total time for which application threads were stopped: 0.0001076 seconds, Stopping threads took: 0.0000413 seconds
[2019-06-24T09:23:47.165+0000][1][safepoint    ] Application time: 0.0002636 seconds
[2019-06-24T09:23:47.165+0000][1][safepoint    ] Entering safepoint region: RevokeBias
[2019-06-24T09:23:47.165+0000][1][safepoint    ] Leaving safepoint region
[2019-06-24T09:23:47.165+0000][1][safepoint    ] Total time for which application threads were stopped: 0.0001414 seconds, Stopping threads took: 0.0001050 seconds
[2019-06-24T09:23:47.165+0000][1][safepoint    ] Application time: 0.0001974 seconds
[2019-06-24T09:23:47.165+0000][1][safepoint    ] Entering safepoint region: RevokeBias
[2019-06-24T09:23:47.165+0000][1][safepoint    ] Leaving safepoint region
[2019-06-24T09:23:47.165+0000][1][safepoint    ] Total time for which application threads were stopped: 0.0000798 seconds, Stopping threads took: 0.0000439 seconds
[2019-06-24T09:23:47.165+0000][1][safepoint    ] Application time: 0.0000724 seconds
[2019-06-24T09:23:47.165+0000][1][safepoint    ] Entering safepoint region: RevokeBias
[2019-06-24T09:23:47.165+0000][1][safepoint    ] Leaving safepoint region
[2019-06-24T09:23:47.165+0000][1][safepoint    ] Total time for which application threads were stopped: 0.0000554 seconds, Stopping threads took: 0.0000280 seconds
[2019-06-24T09:23:47.165+0000][1][safepoint    ] Application time: 0.0000762 seconds
[2019-06-24T09:23:47.165+0000][1][safepoint    ] Entering safepoint region: RevokeBias
[2019-06-24T09:23:47.166+0000][1][safepoint    ] Leaving safepoint region
[2019-06-24T09:23:47.166+0000][1][safepoint    ] Total time for which application threads were stopped: 0.0000397 seconds, Stopping threads took: 0.0000119 seconds
[2019-06-24T09:23:47.166+0000][1][safepoint    ] Application time: 0.0000764 seconds
[2019-06-24T09:23:47.166+0000][1][safepoint    ] Entering safepoint region: RevokeBias
[2019-06-24T09:23:47.166+0000][1][safepoint    ] Leaving safepoint region
[2019-06-24T09:23:47.166+0000][1][safepoint    ] Total time for which application threads were stopped: 0.0000693 seconds, Stopping threads took: 0.0000403 seconds
[2019-06-24T09:23:47.166+0000][1][safepoint    ] Application time: 0.0001048 seconds
[2019-06-24T09:23:47.166+0000][1][safepoint    ] Entering safepoint region: RevokeBias
[2019-06-24T09:23:47.166+0000][1][safepoint    ] Leaving safepoint region
[2019-06-24T09:23:47.166+0000][1][safepoint    ] Total time for which application threads were stopped: 0.0000412 seconds, Stopping threads took: 0.0000083 seconds
[2019-06-24T09:23:47.166+0000][1][safepoint    ] Application time: 0.0001208 seconds
[2019-06-24T09:23:47.166+0000][1][safepoint    ] Entering safepoint region: RevokeBias
[2019-06-24T09:23:47.166+0000][1][safepoint    ] Leaving safepoint region
[2019-06-24T09:23:47.166+0000][1][safepoint    ] Total time for which application threads were stopped: 0.0000633 seconds, Stopping threads took: 0.0000354 seconds
[2019-06-24T09:23:47.169+0000][1][safepoint    ] Application time: 0.0032702 seconds
[2019-06-24T09:23:47.169+0000][1][safepoint    ] Entering safepoint region: RevokeBias
[2019-06-24T09:23:47.169+0000][1][safepoint    ] Leaving safepoint region
[2019-06-24T09:23:47.169+0000][1][safepoint    ] Total time for which application threads were stopped: 0.0000394 seconds, Stopping threads took: 0.0000133 seconds
[2019-06-24T09:23:47.176+0000][1][safepoint    ] Application time: 0.0068596 seconds
[2019-06-24T09:23:47.176+0000][1][safepoint    ] Entering safepoint region: RevokeBias
[2019-06-24T09:23:47.176+0000][1][safepoint    ] Leaving safepoint region
[2019-06-24T09:23:47.176+0000][1][safepoint    ] Total time for which application threads were stopped: 0.0000501 seconds, Stopping threads took: 0.0000129 seconds
[2019-06-24T09:23:47.176+0000][1][safepoint    ] Application time: 0.0001208 seconds
[2019-06-24T09:23:47.176+0000][1][safepoint    ] Entering safepoint region: RevokeBias
[2019-06-24T09:23:47.177+0000][1][safepoint    ] Leaving safepoint region
[2019-06-24T09:23:47.177+0000][1][safepoint    ] Total time for which application threads were stopped: 0.0000348 seconds, Stopping threads took: 0.0000112 seconds
[2019-06-24T09:23:47.624+0000][1][safepoint    ] Application time: 0.4477143 seconds
[2019-06-24T09:23:47.624+0000][1][safepoint    ] Entering safepoint region: RevokeBias
[2019-06-24T09:23:47.624+0000][1][safepoint    ] Leaving safepoint region
[2019-06-24T09:23:47.624+0000][1][safepoint    ] Total time for which application threads were stopped: 0.0001415 seconds, Stopping threads took: 0.0000380 seconds
[2019-06-24T09:23:47.625+0000][1][safepoint    ] Application time: 0.0002650 seconds
[2019-06-24T09:23:47.625+0000][1][safepoint    ] Entering safepoint region: RevokeBias
[2019-06-24T09:23:47.625+0000][1][safepoint    ] Leaving safepoint region
[2019-06-24T09:23:47.625+0000][1][safepoint    ] Total time for which application threads were stopped: 0.0001154 seconds, Stopping threads took: 0.0000320 seconds
[2019-06-24T09:23:48.027+0000][1][safepoint    ] Application time: 0.4024468 seconds
[2019-06-24T09:23:48.028+0000][1][safepoint    ] Entering safepoint region: RevokeBias
[2019-06-24T09:23:48.028+0000][1][safepoint    ] Leaving safepoint region
[2019-06-24T09:23:48.028+0000][1][safepoint    ] Total time for which application threads were stopped: 0.0001863 seconds, Stopping threads took: 0.0000572 seconds
[2019-06-24T09:23:48.028+0000][1][safepoint    ] Application time: 0.0002956 seconds
[2019-06-24T09:23:48.028+0000][1][safepoint    ] Entering safepoint region: RevokeBias
[2019-06-24T09:23:48.028+0000][1][safepoint    ] Leaving safepoint region
[2019-06-24T09:23:48.028+0000][1][safepoint    ] Total time for which application threads were stopped: 0.0001084 seconds, Stopping threads took: 0.0000381 seconds
[2019-06-24T09:23:48.029+0000][1][safepoint    ] Application time: 0.0002938 seconds
[2019-06-24T09:23:48.029+0000][1][safepoint    ] Entering safepoint region: RevokeBias
[2019-06-24T09:23:48.029+0000][1][safepoint    ] Leaving safepoint region
[2019-06-24T09:23:48.029+0000][1][safepoint    ] Total time for which application threads were stopped: 0.0001113 seconds, Stopping threads took: 0.0000406 seconds
[2019-06-24T09:23:48.029+0000][1][safepoint    ] Application time: 0.0002966 seconds
[2019-06-24T09:23:48.029+0000][1][safepoint    ] Entering safepoint region: RevokeBias
[2019-06-24T09:23:48.029+0000][1][safepoint    ] Leaving safepoint region
[2019-06-24T09:23:48.029+0000][1][safepoint    ] Total time for which application threads were stopped: 0.0001090 seconds, Stopping threads took: 0.0000389 seconds
[2019-06-24T09:23:48.030+0000][1][safepoint    ] Application time: 0.0002923 seconds
[2019-06-24T09:23:48.030+0000][1][safepoint    ] Entering safepoint region: RevokeBias
[2019-06-24T09:23:48.030+0000][1][safepoint    ] Leaving safepoint region
[2019-06-24T09:23:48.030+0000][1][safepoint    ] Total time for which application threads were stopped: 0.0001079 seconds, Stopping threads took: 0.0000376 seconds
[2019-06-24T09:23:48.030+0000][1][safepoint    ] Application time: 0.0002995 seconds
[2019-06-24T09:23:48.030+0000][1][safepoint    ] Entering safepoint region: RevokeBias
[2019-06-24T09:23:48.030+0000][1][safepoint    ] Leaving safepoint region
[2019-06-24T09:23:48.030+0000][1][safepoint    ] Total time for which application threads were stopped: 0.0001081 seconds, Stopping threads took: 0.0000379 seconds
[2019-06-24T09:23:48.031+0000][1][safepoint    ] Application time: 0.0002533 seconds
[2019-06-24T09:23:48.031+0000][1][safepoint    ] Entering safepoint region: RevokeBias
[2019-06-24T09:23:48.031+0000][1][safepoint    ] Leaving safepoint region
[2019-06-24T09:23:48.031+0000][1][safepoint    ] Total time for which application threads were stopped: 0.0000947 seconds, Stopping threads took: 0.0000339 seconds
[2019-06-24T09:23:48.031+0000][1][safepoint    ] Application time: 0.0002154 seconds
[2019-06-24T09:23:48.031+0000][1][safepoint    ] Entering safepoint region: RevokeBias
[2019-06-24T09:23:48.031+0000][1][safepoint    ] Leaving safepoint region
[2019-06-24T09:23:48.031+0000][1][safepoint    ] Total time for which application threads were stopped: 0.0000772 seconds, Stopping threads took: 0.0000265 seconds
[2019-06-24T09:23:48.048+0000][1][safepoint    ] Application time: 0.0170763 seconds
[2019-06-24T09:23:48.048+0000][1][safepoint    ] Entering safepoint region: RevokeBias
[2019-06-24T09:23:48.048+0000][1][safepoint    ] Leaving safepoint region
[2019-06-24T09:23:48.048+0000][1][safepoint    ] Total time for which application threads were stopped: 0.0001253 seconds, Stopping threads took: 0.0000428 seconds
[2019-06-24T09:23:48.051+0000][1][safepoint    ] Application time: 0.0022760 seconds
[2019-06-24T09:23:48.051+0000][1][safepoint    ] Entering safepoint region: RevokeBias
[2019-06-24T09:23:48.051+0000][1][safepoint    ] Leaving safepoint region
[2019-06-24T09:23:48.051+0000][1][safepoint    ] Total time for which application threads were stopped: 0.0002365 seconds, Stopping threads took: 0.0001255 seconds
[2019-06-24T09:23:48.051+0000][1][safepoint    ] Application time: 0.0003647 seconds
[2019-06-24T09:23:48.052+0000][1][safepoint    ] Entering safepoint region: RevokeBias
[2019-06-24T09:23:48.052+0000][1][safepoint    ] Leaving safepoint region
[2019-06-24T09:23:48.052+0000][1][safepoint    ] Total time for which application threads were stopped: 0.0004344 seconds, Stopping threads took: 0.0003232 seconds
[2019-06-24T09:23:48.054+0000][1][safepoint    ] Application time: 0.0016578 seconds
[2019-06-24T09:23:48.054+0000][1][safepoint    ] Entering safepoint region: RevokeBias
[2019-06-24T09:23:48.054+0000][1][safepoint    ] Leaving safepoint region
[2019-06-24T09:23:48.054+0000][1][safepoint    ] Total time for which application threads were stopped: 0.0001970 seconds, Stopping threads took: 0.0000898 seconds
[2019-06-24T09:23:48.054+0000][1][safepoint    ] Application time: 0.0002346 seconds
[2019-06-24T09:23:48.054+0000][1][safepoint    ] Entering safepoint region: RevokeBias
[2019-06-24T09:23:48.054+0000][1][safepoint    ] Leaving safepoint region
[2019-06-24T09:23:48.054+0000][1][safepoint    ] Total time for which application threads were stopped: 0.0001347 seconds, Stopping threads took: 0.0000380 seconds
[2019-06-24T09:23:48.059+0000][1][safepoint    ] Application time: 0.0047558 seconds
[2019-06-24T09:23:48.059+0000][1][safepoint    ] Entering safepoint region: RevokeBias
[2019-06-24T09:23:48.059+0000][1][safepoint    ] Leaving safepoint region
[2019-06-24T09:23:48.059+0000][1][safepoint    ] Total time for which application threads were stopped: 0.0001291 seconds, Stopping threads took: 0.0000380 seconds
[2019-06-24T09:23:48.060+0000][1][safepoint    ] Application time: 0.0005026 seconds
[2019-06-24T09:23:48.060+0000][1][safepoint    ] Entering safepoint region: RevokeBias
[2019-06-24T09:23:48.060+0000][1][safepoint    ] Leaving safepoint region
[2019-06-24T09:23:48.060+0000][1][safepoint    ] Total time for which application threads were stopped: 0.0001294 seconds, Stopping threads took: 0.0000360 seconds
[2019-06-24T09:23:48.064+0000][1][safepoint    ] Application time: 0.0044290 seconds
[2019-06-24T09:23:48.065+0000][1][safepoint    ] Entering safepoint region: RevokeBias
[2019-06-24T09:23:48.065+0000][1][safepoint    ] Leaving safepoint region
[2019-06-24T09:23:48.065+0000][1][safepoint    ] Total time for which application threads were stopped: 0.0002378 seconds, Stopping threads took: 0.0001354 seconds
[2019-06-24T09:23:48.072+0000][1][safepoint    ] Application time: 0.0075669 seconds
[2019-06-24T09:23:48.072+0000][1][safepoint    ] Entering safepoint region: RevokeBias
[2019-06-24T09:23:48.073+0000][1][safepoint    ] Leaving safepoint region
[2019-06-24T09:23:48.073+0000][1][safepoint    ] Total time for which application threads were stopped: 0.0001580 seconds, Stopping threads took: 0.0000413 seconds
[2019-06-24T09:23:48.077+0000][1][safepoint    ] Application time: 0.0040641 seconds
[2019-06-24T09:23:48.077+0000][1][safepoint    ] Entering safepoint region: RevokeBias
[2019-06-24T09:23:48.077+0000][1][safepoint    ] Leaving safepoint region
[2019-06-24T09:23:48.077+0000][1][safepoint    ] Total time for which application threads were stopped: 0.0001498 seconds, Stopping threads took: 0.0000419 seconds
[2019-06-24T09:23:48.085+0000][1][safepoint    ] Application time: 0.0084456 seconds
[2019-06-24T09:23:48.085+0000][1][safepoint    ] Entering safepoint region: RevokeBias
[2019-06-24T09:23:48.086+0000][1][safepoint    ] Leaving safepoint region
[2019-06-24T09:23:48.086+0000][1][safepoint    ] Total time for which application threads were stopped: 0.0000994 seconds, Stopping threads took: 0.0000267 seconds
[2019-06-24T09:23:48.086+0000][1][safepoint    ] Application time: 0.0001747 seconds
[2019-06-24T09:23:48.086+0000][1][safepoint    ] Entering safepoint region: RevokeBias
[2019-06-24T09:23:48.086+0000][1][safepoint    ] Leaving safepoint region
[2019-06-24T09:23:48.086+0000][1][safepoint    ] Total time for which application threads were stopped: 0.0000834 seconds, Stopping threads took: 0.0000241 seconds
[2019-06-24T09:23:48.086+0000][1][safepoint    ] Application time: 0.0001767 seconds
[2019-06-24T09:23:48.086+0000][1][safepoint    ] Entering safepoint region: RevokeBias
[2019-06-24T09:23:48.086+0000][1][safepoint    ] Leaving safepoint region
[2019-06-24T09:23:48.086+0000][1][safepoint    ] Total time for which application threads were stopped: 0.0001126 seconds, Stopping threads took: 0.0000569 seconds
[2019-06-24T09:23:48.087+0000][1][safepoint    ] Application time: 0.0009070 seconds
[2019-06-24T09:23:48.087+0000][1][safepoint    ] Entering safepoint region: RevokeBias
[2019-06-24T09:23:48.087+0000][1][safepoint    ] Leaving safepoint region
[2019-06-24T09:23:48.087+0000][1][safepoint    ] Total time for which application threads were stopped: 0.0001115 seconds, Stopping threads took: 0.0000631 seconds
[2019-06-24T09:23:48.088+0000][1][safepoint    ] Application time: 0.0003954 seconds
[2019-06-24T09:23:48.088+0000][1][safepoint    ] Entering safepoint region: RevokeBias
[2019-06-24T09:23:48.088+0000][1][safepoint    ] Leaving safepoint region
[2019-06-24T09:23:48.088+0000][1][safepoint    ] Total time for which application threads were stopped: 0.0000535 seconds, Stopping threads took: 0.0000143 seconds
[2019-06-24T09:23:48.088+0000][1][safepoint    ] Application time: 0.0001899 seconds
[2019-06-24T09:23:48.088+0000][1][safepoint    ] Entering safepoint region: RevokeBias
[2019-06-24T09:23:48.088+0000][1][safepoint    ] Leaving safepoint region
[2019-06-24T09:23:48.088+0000][1][safepoint    ] Total time for which application threads were stopped: 0.0001112 seconds, Stopping threads took: 0.0000622 seconds
[2019-06-24T09:23:48.088+0000][1][safepoint    ] Application time: 0.0001489 seconds
[2019-06-24T09:23:48.088+0000][1][safepoint    ] Entering safepoint region: RevokeBias
[2019-06-24T09:23:48.088+0000][1][safepoint    ] Leaving safepoint region
[2019-06-24T09:23:48.088+0000][1][safepoint    ] Total time for which application threads were stopped: 0.0000636 seconds, Stopping threads took: 0.0000172 seconds
[2019-06-24T09:23:48.089+0000][1][safepoint    ] Application time: 0.0007605 seconds
[2019-06-24T09:23:48.089+0000][1][safepoint    ] Entering safepoint region: RevokeBias
[2019-06-24T09:23:48.089+0000][1][safepoint    ] Leaving safepoint region
[2019-06-24T09:23:48.089+0000][1][safepoint    ] Total time for which application threads were stopped: 0.0001854 seconds, Stopping threads took: 0.0001290 seconds
[2019-06-24T09:23:48.090+0000][1][safepoint    ] Application time: 0.0009092 seconds
[2019-06-24T09:23:48.090+0000][1][safepoint    ] Entering safepoint region: RevokeBias
[2019-06-24T09:23:48.090+0000][1][safepoint    ] Leaving safepoint region
[2019-06-24T09:23:48.090+0000][1][safepoint    ] Total time for which application threads were stopped: 0.0000677 seconds, Stopping threads took: 0.0000184 seconds
[2019-06-24T09:23:48.091+0000][1][safepoint    ] Application time: 0.0001791 seconds
[2019-06-24T09:23:48.091+0000][1][safepoint    ] Entering safepoint region: BulkRevokeBias
[2019-06-24T09:23:48.091+0000][1][safepoint    ] Leaving safepoint region
[2019-06-24T09:23:48.091+0000][1][safepoint    ] Total time for which application threads were stopped: 0.0002182 seconds, Stopping threads took: 0.0000431 seconds
[2019-06-24T09:23:48.091+0000][1][safepoint    ] Application time: 0.0005660 seconds
[2019-06-24T09:23:48.091+0000][1][safepoint    ] Entering safepoint region: RevokeBias
[2019-06-24T09:23:48.091+0000][1][safepoint    ] Leaving safepoint region
[2019-06-24T09:23:48.092+0000][1][safepoint    ] Total time for which application threads were stopped: 0.0000628 seconds, Stopping threads took: 0.0000176 seconds
[2019-06-24T09:23:48.092+0000][1][safepoint    ] Application time: 0.0003165 seconds
[2019-06-24T09:23:48.092+0000][1][safepoint    ] Entering safepoint region: RevokeBias
[2019-06-24T09:23:48.092+0000][1][safepoint    ] Leaving safepoint region
[2019-06-24T09:23:48.092+0000][1][safepoint    ] Total time for which application threads were stopped: 0.0001513 seconds, Stopping threads took: 0.0001037 seconds
[2019-06-24T09:23:48.093+0000][1][safepoint    ] Application time: 0.0006010 seconds
[2019-06-24T09:23:48.093+0000][1][safepoint    ] Entering safepoint region: RevokeBias
[2019-06-24T09:23:48.093+0000][1][safepoint    ] Leaving safepoint region
[2019-06-24T09:23:48.093+0000][1][safepoint    ] Total time for which application threads were stopped: 0.0000704 seconds, Stopping threads took: 0.0000141 seconds
[2019-06-24T09:23:48.093+0000][1][safepoint    ] Application time: 0.0000905 seconds
[2019-06-24T09:23:48.093+0000][1][safepoint    ] Entering safepoint region: BulkRevokeBias
[2019-06-24T09:23:48.093+0000][1][safepoint    ] Leaving safepoint region
[2019-06-24T09:23:48.093+0000][1][safepoint    ] Total time for which application threads were stopped: 0.0001863 seconds, Stopping threads took: 0.0000401 seconds
[2019-06-24T09:23:48.094+0000][1][safepoint    ] Application time: 0.0008774 seconds
[2019-06-24T09:23:48.094+0000][1][safepoint    ] Entering safepoint region: RevokeBias
[2019-06-24T09:23:48.094+0000][1][safepoint    ] Leaving safepoint region
[2019-06-24T09:23:48.094+0000][1][safepoint    ] Total time for which application threads were stopped: 0.0000456 seconds, Stopping threads took: 0.0000130 seconds
[2019-06-24T09:23:48.094+0000][1][safepoint    ] Application time: 0.0001509 seconds
[2019-06-24T09:23:48.094+0000][1][safepoint    ] Entering safepoint region: RevokeBias
[2019-06-24T09:23:48.094+0000][1][safepoint    ] Leaving safepoint region
[2019-06-24T09:23:48.094+0000][1][safepoint    ] Total time for which application threads were stopped: 0.0000343 seconds, Stopping threads took: 0.0000109 seconds
[2019-06-24T09:23:48.094+0000][1][safepoint    ] Application time: 0.0001446 seconds
[2019-06-24T09:23:48.094+0000][1][safepoint    ] Entering safepoint region: RevokeBias
[2019-06-24T09:23:48.094+0000][1][safepoint    ] Leaving safepoint region
[2019-06-24T09:23:48.094+0000][1][safepoint    ] Total time for which application threads were stopped: 0.0000346 seconds, Stopping threads took: 0.0000096 seconds
[2019-06-24T09:23:48.095+0000][1][safepoint    ] Application time: 0.0001244 seconds
[2019-06-24T09:23:48.095+0000][1][safepoint    ] Entering safepoint region: RevokeBias
[2019-06-24T09:23:48.095+0000][1][safepoint    ] Leaving safepoint region
[2019-06-24T09:23:48.095+0000][1][safepoint    ] Total time for which application threads were stopped: 0.0000358 seconds, Stopping threads took: 0.0000111 seconds
[2019-06-24T09:23:48.096+0000][1][safepoint    ] Application time: 0.0018897 seconds
[2019-06-24T09:23:48.097+0000][1][safepoint    ] Entering safepoint region: RevokeBias
[2019-06-24T09:23:48.097+0000][1][safepoint    ] Leaving safepoint region
[2019-06-24T09:23:48.097+0000][1][safepoint    ] Total time for which application threads were stopped: 0.0000532 seconds, Stopping threads took: 0.0000183 seconds
[2019-06-24T09:23:48.097+0000][1][safepoint    ] Application time: 0.0001576 seconds
[2019-06-24T09:23:48.097+0000][1][safepoint    ] Entering safepoint region: RevokeBias
[2019-06-24T09:23:48.097+0000][1][safepoint    ] Leaving safepoint region
[2019-06-24T09:23:48.097+0000][1][safepoint    ] Total time for which application threads were stopped: 0.0000458 seconds, Stopping threads took: 0.0000134 seconds
[2019-06-24T09:23:48.097+0000][1][safepoint    ] Application time: 0.0001073 seconds
[2019-06-24T09:23:48.097+0000][1][safepoint    ] Entering safepoint region: RevokeBias
[2019-06-24T09:23:48.097+0000][1][safepoint    ] Leaving safepoint region
[2019-06-24T09:23:48.097+0000][1][safepoint    ] Total time for which application threads were stopped: 0.0000407 seconds, Stopping threads took: 0.0000120 seconds
[2019-06-24T09:23:48.097+0000][1][safepoint    ] Application time: 0.0000693 seconds
[2019-06-24T09:23:48.097+0000][1][safepoint    ] Entering safepoint region: RevokeBias
[2019-06-24T09:23:48.097+0000][1][safepoint    ] Leaving safepoint region
[2019-06-24T09:23:48.097+0000][1][safepoint    ] Total time for which application threads were stopped: 0.0000984 seconds, Stopping threads took: 0.0000487 seconds
[2019-06-24T09:23:48.097+0000][1][safepoint    ] Application time: 0.0001283 seconds
[2019-06-24T09:23:48.097+0000][1][safepoint    ] Entering safepoint region: RevokeBias
[2019-06-24T09:23:48.098+0000][1][safepoint    ] Leaving safepoint region
[2019-06-24T09:23:48.098+0000][1][safepoint    ] Total time for which application threads were stopped: 0.0001977 seconds, Stopping threads took: 0.0001429 seconds
[2019-06-24T09:23:48.098+0000][1][safepoint    ] Application time: 0.0000436 seconds
[2019-06-24T09:23:48.098+0000][1][safepoint    ] Entering safepoint region: RevokeBias
[2019-06-24T09:23:48.098+0000][1][safepoint    ] Leaving safepoint region
[2019-06-24T09:23:48.098+0000][1][safepoint    ] Total time for which application threads were stopped: 0.0000491 seconds, Stopping threads took: 0.0000076 seconds
[2019-06-24T09:23:48.098+0000][1][safepoint    ] Application time: 0.0000974 seconds
[2019-06-24T09:23:48.098+0000][1][safepoint    ] Entering safepoint region: BulkRevokeBias
[2019-06-24T09:23:48.098+0000][1][safepoint    ] Leaving safepoint region
[2019-06-24T09:23:48.098+0000][1][safepoint    ] Total time for which application threads were stopped: 0.0001438 seconds, Stopping threads took: 0.0000360 seconds
[2019-06-24T09:23:48.098+0000][1][safepoint    ] Application time: 0.0000443 seconds
[2019-06-24T09:23:48.098+0000][1][safepoint    ] Entering safepoint region: RevokeBias
[2019-06-24T09:23:48.098+0000][1][safepoint    ] Leaving safepoint region
[2019-06-24T09:23:48.098+0000][1][safepoint    ] Total time for which application threads were stopped: 0.0000626 seconds, Stopping threads took: 0.0000330 seconds
[2019-06-24T09:23:48.098+0000][1][safepoint    ] Application time: 0.0001258 seconds
[2019-06-24T09:23:48.098+0000][1][safepoint    ] Entering safepoint region: RevokeBias
[2019-06-24T09:23:48.098+0000][1][safepoint    ] Leaving safepoint region
[2019-06-24T09:23:48.098+0000][1][safepoint    ] Total time for which application threads were stopped: 0.0000683 seconds, Stopping threads took: 0.0000412 seconds
[2019-06-24T09:23:48.101+0000][1][gc,heap,exit ] Heap
[2019-06-24T09:23:48.101+0000][1][gc,heap,exit ]  par new generation   total 78656K, used 30531K [0x00000000f0000000, 0x00000000f5550000, 0x00000000f5550000)
[2019-06-24T09:23:48.101+0000][1][gc,heap,exit ]   eden space 69952K,  32% used [0x00000000f0000000, 0x00000000f16345e8, 0x00000000f4450000)
[2019-06-24T09:23:48.101+0000][1][gc,heap,exit ]   from space 8704K,  89% used [0x00000000f4450000, 0x00000000f4bec680, 0x00000000f4cd0000)
[2019-06-24T09:23:48.101+0000][1][gc,heap,exit ]   to   space 8704K,   0% used [0x00000000f4cd0000, 0x00000000f4cd0000, 0x00000000f5550000)
[2019-06-24T09:23:48.101+0000][1][gc,heap,exit ]  concurrent mark-sweep generation total 174784K, used 62354K [0x00000000f5550000, 0x0000000100000000, 0x0000000100000000)
[2019-06-24T09:23:48.101+0000][1][gc,heap,exit ]  Metaspace       used 63129K, capacity 67864K, committed 68016K, reserved 1107968K
[2019-06-24T09:23:48.101+0000][1][gc,heap,exit ]   class space    used 8593K, capacity 10561K, committed 10612K, reserved 1048576K
[2019-06-24T09:23:48.101+0000][1][safepoint    ] Application time: 0.0025296 seconds
[2019-06-24T09:23:48.101+0000][1][safepoint    ] Entering safepoint region: Halt
