[2019-06-24T09:20:43.630+0000][1][gc] Using Concurrent Mark Sweep
[2019-06-24T09:20:43.630+0000][1][gc,heap,coops] Heap address: 0x00000000f0000000, size: 256 MB, Compressed Oops mode: 32-bit
[2019-06-24T09:20:43.675+0000][1][safepoint    ] Entering safepoint region: EnableBiasedLocking
[2019-06-24T09:20:43.675+0000][1][safepoint    ] Leaving safepoint region
[2019-06-24T09:20:43.675+0000][1][safepoint    ] Total time for which application threads were stopped: 0.0001200 seconds, Stopping threads took: 0.0000433 seconds
[2019-06-24T09:20:43.680+0000][1][safepoint    ] Application time: 0.0034562 seconds
[2019-06-24T09:20:43.680+0000][1][safepoint    ] Entering safepoint region: RevokeBias
[2019-06-24T09:20:43.680+0000][1][safepoint    ] Leaving safepoint region
[2019-06-24T09:20:43.680+0000][1][safepoint    ] Total time for which application threads were stopped: 0.0001020 seconds, Stopping threads took: 0.0000388 seconds
[2019-06-24T09:20:43.689+0000][1][safepoint    ] Application time: 0.0089447 seconds
[2019-06-24T09:20:43.689+0000][1][safepoint    ] Entering safepoint region: Deoptimize
[2019-06-24T09:20:43.690+0000][1][safepoint    ] Leaving safepoint region
[2019-06-24T09:20:43.690+0000][1][safepoint    ] Total time for which application threads were stopped: 0.0000493 seconds, Stopping threads took: 0.0000102 seconds
[2019-06-24T09:20:43.781+0000][1][safepoint    ] Application time: 0.0915002 seconds
[2019-06-24T09:20:43.781+0000][1][safepoint    ] Entering safepoint region: RevokeBias
[2019-06-24T09:20:43.781+0000][1][safepoint    ] Leaving safepoint region
[2019-06-24T09:20:43.781+0000][1][safepoint    ] Total time for which application threads were stopped: 0.0000794 seconds, Stopping threads took: 0.0000131 seconds
[2019-06-24T09:20:43.805+0000][1][safepoint    ] Application time: 0.0235556 seconds
[2019-06-24T09:20:43.805+0000][1][safepoint    ] Entering safepoint region: Deoptimize
[2019-06-24T09:20:43.805+0000][1][safepoint    ] Leaving safepoint region
[2019-06-24T09:20:43.805+0000][1][safepoint    ] Total time for which application threads were stopped: 0.0000660 seconds, Stopping threads took: 0.0000086 seconds
[2019-06-24T09:20:44.025+0000][1][safepoint    ] Application time: 0.2205696 seconds
[2019-06-24T09:20:44.025+0000][1][safepoint    ] Entering safepoint region: Deoptimize
[2019-06-24T09:20:44.026+0000][1][safepoint    ] Leaving safepoint region
[2019-06-24T09:20:44.026+0000][1][safepoint    ] Total time for which application threads were stopped: 0.0001289 seconds, Stopping threads took: 0.0000098 seconds
[2019-06-24T09:20:44.046+0000][1][safepoint    ] Application time: 0.0209203 seconds
[2019-06-24T09:20:44.047+0000][1][safepoint    ] Entering safepoint region: Deoptimize
[2019-06-24T09:20:44.047+0000][1][safepoint    ] Leaving safepoint region
[2019-06-24T09:20:44.047+0000][1][safepoint    ] Total time for which application threads were stopped: 0.0000907 seconds, Stopping threads took: 0.0000091 seconds
[2019-06-24T09:20:44.077+0000][1][safepoint    ] Application time: 0.0300079 seconds
[2019-06-24T09:20:44.077+0000][1][safepoint    ] Entering safepoint region: Deoptimize
[2019-06-24T09:20:44.077+0000][1][safepoint    ] Leaving safepoint region
[2019-06-24T09:20:44.077+0000][1][safepoint    ] Total time for which application threads were stopped: 0.0001074 seconds, Stopping threads took: 0.0000092 seconds
[2019-06-24T09:20:44.088+0000][1][safepoint    ] Application time: 0.0108260 seconds
[2019-06-24T09:20:44.088+0000][1][safepoint    ] Entering safepoint region: Deoptimize
[2019-06-24T09:20:44.088+0000][1][safepoint    ] Leaving safepoint region
[2019-06-24T09:20:44.088+0000][1][safepoint    ] Total time for which application threads were stopped: 0.0000967 seconds, Stopping threads took: 0.0000086 seconds
[2019-06-24T09:20:44.418+0000][1][safepoint    ] Application time: 0.3303781 seconds
[2019-06-24T09:20:44.418+0000][1][safepoint    ] Entering safepoint region: Deoptimize
[2019-06-24T09:20:44.418+0000][1][safepoint    ] Leaving safepoint region
[2019-06-24T09:20:44.418+0000][1][safepoint    ] Total time for which application threads were stopped: 0.0002414 seconds, Stopping threads took: 0.0000094 seconds
[2019-06-24T09:20:44.623+0000][1][safepoint    ] Application time: 0.2041186 seconds
[2019-06-24T09:20:44.623+0000][1][safepoint    ] Entering safepoint region: RevokeBias
[2019-06-24T09:20:44.623+0000][1][safepoint    ] Leaving safepoint region
[2019-06-24T09:20:44.623+0000][1][safepoint    ] Total time for which application threads were stopped: 0.0001821 seconds, Stopping threads took: 0.0000917 seconds
[2019-06-24T09:20:44.704+0000][1][safepoint    ] Application time: 0.0808356 seconds
[2019-06-24T09:20:44.704+0000][1][safepoint    ] Entering safepoint region: Deoptimize
[2019-06-24T09:20:44.704+0000][1][safepoint    ] Leaving safepoint region
[2019-06-24T09:20:44.704+0000][1][safepoint    ] Total time for which application threads were stopped: 0.0001656 seconds, Stopping threads took: 0.0000089 seconds
[2019-06-24T09:20:44.799+0000][1][safepoint    ] Application time: 0.0947638 seconds
[2019-06-24T09:20:44.799+0000][1][safepoint    ] Entering safepoint region: Deoptimize
[2019-06-24T09:20:44.799+0000][1][safepoint    ] Leaving safepoint region
[2019-06-24T09:20:44.799+0000][1][safepoint    ] Total time for which application threads were stopped: 0.0001958 seconds, Stopping threads took: 0.0000095 seconds
[2019-06-24T09:20:44.799+0000][1][safepoint    ] Application time: 0.0001398 seconds
[2019-06-24T09:20:44.799+0000][1][safepoint    ] Entering safepoint region: Deoptimize
[2019-06-24T09:20:44.799+0000][1][safepoint    ] Leaving safepoint region
[2019-06-24T09:20:44.799+0000][1][safepoint    ] Total time for which application threads were stopped: 0.0001111 seconds, Stopping threads took: 0.0000071 seconds
[2019-06-24T09:20:44.814+0000][1][safepoint    ] Application time: 0.0152362 seconds
[2019-06-24T09:20:44.814+0000][1][safepoint    ] Entering safepoint region: Deoptimize
[2019-06-24T09:20:44.815+0000][1][safepoint    ] Leaving safepoint region
[2019-06-24T09:20:44.815+0000][1][safepoint    ] Total time for which application threads were stopped: 0.0001902 seconds, Stopping threads took: 0.0000095 seconds
[2019-06-24T09:20:44.823+0000][1][safepoint    ] Application time: 0.0079890 seconds
[2019-06-24T09:20:44.823+0000][1][safepoint    ] Entering safepoint region: Deoptimize
[2019-06-24T09:20:44.823+0000][1][safepoint    ] Leaving safepoint region
[2019-06-24T09:20:44.823+0000][1][safepoint    ] Total time for which application threads were stopped: 0.0001569 seconds, Stopping threads took: 0.0000093 seconds
[2019-06-24T09:20:44.828+0000][1][safepoint    ] Application time: 0.0049161 seconds
[2019-06-24T09:20:44.828+0000][1][safepoint    ] Entering safepoint region: RevokeBias
[2019-06-24T09:20:44.828+0000][1][safepoint    ] Leaving safepoint region
[2019-06-24T09:20:44.828+0000][1][safepoint    ] Total time for which application threads were stopped: 0.0000534 seconds, Stopping threads took: 0.0000180 seconds
[2019-06-24T09:20:44.828+0000][1][safepoint    ] Application time: 0.0001388 seconds
[2019-06-24T09:20:44.828+0000][1][safepoint    ] Entering safepoint region: RevokeBias
[2019-06-24T09:20:44.828+0000][1][safepoint    ] Leaving safepoint region
[2019-06-24T09:20:44.828+0000][1][safepoint    ] Total time for which application threads were stopped: 0.0000441 seconds, Stopping threads took: 0.0000165 seconds
[2019-06-24T09:20:44.828+0000][1][safepoint    ] Application time: 0.0001319 seconds
[2019-06-24T09:20:44.828+0000][1][safepoint    ] Entering safepoint region: RevokeBias
[2019-06-24T09:20:44.828+0000][1][safepoint    ] Leaving safepoint region
[2019-06-24T09:20:44.828+0000][1][safepoint    ] Total time for which application threads were stopped: 0.0000437 seconds, Stopping threads took: 0.0000164 seconds
[2019-06-24T09:20:44.828+0000][1][safepoint    ] Application time: 0.0001916 seconds
[2019-06-24T09:20:44.828+0000][1][safepoint    ] Entering safepoint region: RevokeBias
[2019-06-24T09:20:44.828+0000][1][safepoint    ] Leaving safepoint region
[2019-06-24T09:20:44.828+0000][1][safepoint    ] Total time for which application threads were stopped: 0.0000574 seconds, Stopping threads took: 0.0000271 seconds
[2019-06-24T09:20:44.829+0000][1][safepoint    ] Application time: 0.0004314 seconds
[2019-06-24T09:20:44.829+0000][1][safepoint    ] Entering safepoint region: RevokeBias
[2019-06-24T09:20:44.829+0000][1][safepoint    ] Leaving safepoint region
[2019-06-24T09:20:44.829+0000][1][safepoint    ] Total time for which application threads were stopped: 0.0000285 seconds, Stopping threads took: 0.0000081 seconds
[2019-06-24T09:20:44.903+0000][1][safepoint    ] Application time: 0.0742813 seconds
[2019-06-24T09:20:44.903+0000][1][safepoint    ] Entering safepoint region: GenCollectForAllocation
[2019-06-24T09:20:44.903+0000][1][gc,start     ] GC(0) Pause Young (Allocation Failure)
[2019-06-24T09:20:44.904+0000][1][gc,task      ] GC(0) Using 5 workers of 8 for evacuation
[2019-06-24T09:20:44.909+0000][1][gc,age       ] GC(0) Desired survivor size 4456448 bytes, new threshold 1 (max threshold 6)
[2019-06-24T09:20:44.909+0000][1][gc,age       ] GC(0) Age table with threshold 1 (max threshold 6)
[2019-06-24T09:20:44.909+0000][1][gc,age       ] GC(0) - age   1:    7816504 bytes,    7816504 total
[2019-06-24T09:20:44.909+0000][1][gc,heap      ] GC(0) ParNew: 69952K->7736K(78656K)
[2019-06-24T09:20:44.909+0000][1][gc,heap      ] GC(0) CMS: 0K->0K(174784K)
[2019-06-24T09:20:44.909+0000][1][gc,metaspace ] GC(0) Metaspace: 12069K->12069K(1060864K)
[2019-06-24T09:20:44.909+0000][1][gc           ] GC(0) Pause Young (Allocation Failure) 68M->7M(247M) 5.674ms
[2019-06-24T09:20:44.909+0000][1][gc,cpu       ] GC(0) User=0.02s Sys=0.00s Real=0.00s
[2019-06-24T09:20:44.909+0000][1][safepoint    ] Leaving safepoint region
[2019-06-24T09:20:44.909+0000][1][safepoint    ] Total time for which application threads were stopped: 0.0058681 seconds, Stopping threads took: 0.0000982 seconds
[2019-06-24T09:20:44.909+0000][1][safepoint    ] Application time: 0.0002726 seconds
[2019-06-24T09:20:44.909+0000][1][safepoint    ] Entering safepoint region: RevokeBias
[2019-06-24T09:20:44.909+0000][1][safepoint    ] Leaving safepoint region
[2019-06-24T09:20:44.909+0000][1][safepoint    ] Total time for which application threads were stopped: 0.0001162 seconds, Stopping threads took: 0.0000612 seconds
[2019-06-24T09:20:44.910+0000][1][safepoint    ] Application time: 0.0000486 seconds
[2019-06-24T09:20:44.910+0000][1][safepoint    ] Entering safepoint region: RevokeBias
[2019-06-24T09:20:44.910+0000][1][safepoint    ] Leaving safepoint region
[2019-06-24T09:20:44.910+0000][1][safepoint    ] Total time for which application threads were stopped: 0.0000818 seconds, Stopping threads took: 0.0000488 seconds
[2019-06-24T09:20:44.910+0000][1][safepoint    ] Application time: 0.0001409 seconds
[2019-06-24T09:20:44.910+0000][1][safepoint    ] Entering safepoint region: RevokeBias
[2019-06-24T09:20:44.910+0000][1][safepoint    ] Leaving safepoint region
[2019-06-24T09:20:44.910+0000][1][safepoint    ] Total time for which application threads were stopped: 0.0001880 seconds, Stopping threads took: 0.0001521 seconds
[2019-06-24T09:20:44.910+0000][1][safepoint    ] Application time: 0.0000439 seconds
[2019-06-24T09:20:44.910+0000][1][safepoint    ] Entering safepoint region: RevokeBias
[2019-06-24T09:20:44.910+0000][1][safepoint    ] Leaving safepoint region
[2019-06-24T09:20:44.910+0000][1][safepoint    ] Total time for which application threads were stopped: 0.0000331 seconds, Stopping threads took: 0.0000073 seconds
[2019-06-24T09:20:44.910+0000][1][safepoint    ] Application time: 0.0000445 seconds
[2019-06-24T09:20:44.910+0000][1][safepoint    ] Entering safepoint region: RevokeBias
[2019-06-24T09:20:44.910+0000][1][safepoint    ] Leaving safepoint region
[2019-06-24T09:20:44.910+0000][1][safepoint    ] Total time for which application threads were stopped: 0.0000491 seconds, Stopping threads took: 0.0000238 seconds
[2019-06-24T09:20:44.910+0000][1][safepoint    ] Application time: 0.0000350 seconds
[2019-06-24T09:20:44.910+0000][1][safepoint    ] Entering safepoint region: RevokeBias
[2019-06-24T09:20:44.910+0000][1][safepoint    ] Leaving safepoint region
[2019-06-24T09:20:44.910+0000][1][safepoint    ] Total time for which application threads were stopped: 0.0000452 seconds, Stopping threads took: 0.0000200 seconds
[2019-06-24T09:20:44.910+0000][1][safepoint    ] Application time: 0.0000570 seconds
[2019-06-24T09:20:44.910+0000][1][safepoint    ] Entering safepoint region: RevokeBias
[2019-06-24T09:20:44.910+0000][1][safepoint    ] Leaving safepoint region
[2019-06-24T09:20:44.910+0000][1][safepoint    ] Total time for which application threads were stopped: 0.0000671 seconds, Stopping threads took: 0.0000368 seconds
[2019-06-24T09:20:44.910+0000][1][safepoint    ] Application time: 0.0000346 seconds
[2019-06-24T09:20:44.911+0000][1][safepoint    ] Entering safepoint region: RevokeBias
[2019-06-24T09:20:44.911+0000][1][safepoint    ] Leaving safepoint region
[2019-06-24T09:20:44.911+0000][1][safepoint    ] Total time for which application threads were stopped: 0.0001201 seconds, Stopping threads took: 0.0000850 seconds
[2019-06-24T09:20:44.911+0000][1][safepoint    ] Application time: 0.0000475 seconds
[2019-06-24T09:20:44.911+0000][1][safepoint    ] Entering safepoint region: RevokeBias
[2019-06-24T09:20:44.911+0000][1][safepoint    ] Leaving safepoint region
[2019-06-24T09:20:44.911+0000][1][safepoint    ] Total time for which application threads were stopped: 0.0000674 seconds, Stopping threads took: 0.0000335 seconds
[2019-06-24T09:20:44.911+0000][1][safepoint    ] Application time: 0.0000389 seconds
[2019-06-24T09:20:44.911+0000][1][safepoint    ] Entering safepoint region: RevokeBias
[2019-06-24T09:20:44.911+0000][1][safepoint    ] Leaving safepoint region
[2019-06-24T09:20:44.911+0000][1][safepoint    ] Total time for which application threads were stopped: 0.0000659 seconds, Stopping threads took: 0.0000410 seconds
[2019-06-24T09:20:44.911+0000][1][safepoint    ] Application time: 0.0001317 seconds
[2019-06-24T09:20:44.911+0000][1][safepoint    ] Entering safepoint region: RevokeBias
[2019-06-24T09:20:44.911+0000][1][safepoint    ] Leaving safepoint region
[2019-06-24T09:20:44.911+0000][1][safepoint    ] Total time for which application threads were stopped: 0.0001470 seconds, Stopping threads took: 0.0001022 seconds
[2019-06-24T09:20:44.911+0000][1][safepoint    ] Application time: 0.0000926 seconds
[2019-06-24T09:20:44.911+0000][1][safepoint    ] Entering safepoint region: RevokeBias
[2019-06-24T09:20:44.911+0000][1][safepoint    ] Leaving safepoint region
[2019-06-24T09:20:44.911+0000][1][safepoint    ] Total time for which application threads were stopped: 0.0001013 seconds, Stopping threads took: 0.0000758 seconds
[2019-06-24T09:20:44.911+0000][1][safepoint    ] Application time: 0.0000390 seconds
[2019-06-24T09:20:44.911+0000][1][safepoint    ] Entering safepoint region: RevokeBias
[2019-06-24T09:20:44.911+0000][1][safepoint    ] Leaving safepoint region
[2019-06-24T09:20:44.911+0000][1][safepoint    ] Total time for which application threads were stopped: 0.0000394 seconds, Stopping threads took: 0.0000105 seconds
[2019-06-24T09:20:44.912+0000][1][safepoint    ] Application time: 0.0000785 seconds
[2019-06-24T09:20:44.912+0000][1][safepoint    ] Entering safepoint region: RevokeBias
[2019-06-24T09:20:44.912+0000][1][safepoint    ] Leaving safepoint region
[2019-06-24T09:20:44.912+0000][1][safepoint    ] Total time for which application threads were stopped: 0.0001188 seconds, Stopping threads took: 0.0000715 seconds
[2019-06-24T09:20:44.912+0000][1][safepoint    ] Application time: 0.0000409 seconds
[2019-06-24T09:20:44.912+0000][1][safepoint    ] Entering safepoint region: RevokeBias
[2019-06-24T09:20:44.912+0000][1][safepoint    ] Leaving safepoint region
[2019-06-24T09:20:44.912+0000][1][safepoint    ] Total time for which application threads were stopped: 0.0000739 seconds, Stopping threads took: 0.0000306 seconds
[2019-06-24T09:20:44.912+0000][1][safepoint    ] Application time: 0.0000647 seconds
[2019-06-24T09:20:44.912+0000][1][safepoint    ] Entering safepoint region: RevokeBias
[2019-06-24T09:20:44.912+0000][1][safepoint    ] Leaving safepoint region
[2019-06-24T09:20:44.912+0000][1][safepoint    ] Total time for which application threads were stopped: 0.0000860 seconds, Stopping threads took: 0.0000464 seconds
[2019-06-24T09:20:44.912+0000][1][safepoint    ] Application time: 0.0000414 seconds
[2019-06-24T09:20:44.912+0000][1][safepoint    ] Entering safepoint region: RevokeBias
[2019-06-24T09:20:44.912+0000][1][safepoint    ] Leaving safepoint region
[2019-06-24T09:20:44.912+0000][1][safepoint    ] Total time for which application threads were stopped: 0.0000438 seconds, Stopping threads took: 0.0000101 seconds
[2019-06-24T09:20:44.912+0000][1][safepoint    ] Application time: 0.0000434 seconds
[2019-06-24T09:20:44.912+0000][1][safepoint    ] Entering safepoint region: RevokeBias
[2019-06-24T09:20:44.912+0000][1][safepoint    ] Leaving safepoint region
[2019-06-24T09:20:44.912+0000][1][safepoint    ] Total time for which application threads were stopped: 0.0000404 seconds, Stopping threads took: 0.0000094 seconds
[2019-06-24T09:20:44.912+0000][1][safepoint    ] Application time: 0.0000646 seconds
[2019-06-24T09:20:44.912+0000][1][safepoint    ] Entering safepoint region: RevokeBias
[2019-06-24T09:20:44.912+0000][1][safepoint    ] Leaving safepoint region
[2019-06-24T09:20:44.912+0000][1][safepoint    ] Total time for which application threads were stopped: 0.0000654 seconds, Stopping threads took: 0.0000291 seconds
[2019-06-24T09:20:44.913+0000][1][safepoint    ] Application time: 0.0002516 seconds
[2019-06-24T09:20:44.913+0000][1][safepoint    ] Entering safepoint region: RevokeBias
[2019-06-24T09:20:44.913+0000][1][safepoint    ] Leaving safepoint region
[2019-06-24T09:20:44.913+0000][1][safepoint    ] Total time for which application threads were stopped: 0.0000761 seconds, Stopping threads took: 0.0000360 seconds
[2019-06-24T09:20:44.913+0000][1][safepoint    ] Application time: 0.0000730 seconds
[2019-06-24T09:20:44.913+0000][1][safepoint    ] Entering safepoint region: RevokeBias
[2019-06-24T09:20:44.913+0000][1][safepoint    ] Leaving safepoint region
[2019-06-24T09:20:44.913+0000][1][safepoint    ] Total time for which application threads were stopped: 0.0000837 seconds, Stopping threads took: 0.0000374 seconds
[2019-06-24T09:20:44.913+0000][1][safepoint    ] Application time: 0.0001365 seconds
[2019-06-24T09:20:44.913+0000][1][safepoint    ] Entering safepoint region: RevokeBias
[2019-06-24T09:20:44.913+0000][1][safepoint    ] Leaving safepoint region
[2019-06-24T09:20:44.913+0000][1][safepoint    ] Total time for which application threads were stopped: 0.0001057 seconds, Stopping threads took: 0.0000715 seconds
[2019-06-24T09:20:44.913+0000][1][safepoint    ] Application time: 0.0000385 seconds
[2019-06-24T09:20:44.913+0000][1][safepoint    ] Entering safepoint region: RevokeBias
[2019-06-24T09:20:44.913+0000][1][safepoint    ] Leaving safepoint region
[2019-06-24T09:20:44.913+0000][1][safepoint    ] Total time for which application threads were stopped: 0.0000593 seconds, Stopping threads took: 0.0000287 seconds
[2019-06-24T09:20:44.913+0000][1][safepoint    ] Application time: 0.0000517 seconds
[2019-06-24T09:20:44.913+0000][1][safepoint    ] Entering safepoint region: RevokeBias
[2019-06-24T09:20:44.913+0000][1][safepoint    ] Leaving safepoint region
[2019-06-24T09:20:44.913+0000][1][safepoint    ] Total time for which application threads were stopped: 0.0000780 seconds, Stopping threads took: 0.0000454 seconds
[2019-06-24T09:20:44.913+0000][1][safepoint    ] Application time: 0.0000389 seconds
[2019-06-24T09:20:44.913+0000][1][safepoint    ] Entering safepoint region: RevokeBias
[2019-06-24T09:20:44.914+0000][1][safepoint    ] Leaving safepoint region
[2019-06-24T09:20:44.914+0000][1][safepoint    ] Total time for which application threads were stopped: 0.0000651 seconds, Stopping threads took: 0.0000277 seconds
[2019-06-24T09:20:44.914+0000][1][safepoint    ] Application time: 0.0000654 seconds
[2019-06-24T09:20:44.914+0000][1][safepoint    ] Entering safepoint region: RevokeBias
[2019-06-24T09:20:44.914+0000][1][safepoint    ] Leaving safepoint region
[2019-06-24T09:20:44.914+0000][1][safepoint    ] Total time for which application threads were stopped: 0.0000654 seconds, Stopping threads took: 0.0000381 seconds
[2019-06-24T09:20:44.914+0000][1][safepoint    ] Application time: 0.0000613 seconds
[2019-06-24T09:20:44.914+0000][1][safepoint    ] Entering safepoint region: RevokeBias
[2019-06-24T09:20:44.914+0000][1][safepoint    ] Leaving safepoint region
[2019-06-24T09:20:44.914+0000][1][safepoint    ] Total time for which application threads were stopped: 0.0001146 seconds, Stopping threads took: 0.0000829 seconds
[2019-06-24T09:20:45.099+0000][1][safepoint    ] Application time: 0.1846198 seconds
[2019-06-24T09:20:45.099+0000][1][safepoint    ] Entering safepoint region: Deoptimize
[2019-06-24T09:20:45.099+0000][1][safepoint    ] Leaving safepoint region
[2019-06-24T09:20:45.099+0000][1][safepoint    ] Total time for which application threads were stopped: 0.0003795 seconds, Stopping threads took: 0.0000165 seconds
[2019-06-24T09:20:45.195+0000][1][safepoint    ] Application time: 0.0962703 seconds
[2019-06-24T09:20:45.195+0000][1][safepoint    ] Entering safepoint region: RevokeBias
[2019-06-24T09:20:45.195+0000][1][safepoint    ] Leaving safepoint region
[2019-06-24T09:20:45.195+0000][1][safepoint    ] Total time for which application threads were stopped: 0.0000963 seconds, Stopping threads took: 0.0000122 seconds
[2019-06-24T09:20:45.315+0000][1][safepoint    ] Application time: 0.1192041 seconds
[2019-06-24T09:20:45.315+0000][1][safepoint    ] Entering safepoint region: GenCollectForAllocation
[2019-06-24T09:20:45.315+0000][1][gc,start     ] GC(1) Pause Young (Allocation Failure)
[2019-06-24T09:20:45.315+0000][1][gc,task      ] GC(1) Using 5 workers of 8 for evacuation
[2019-06-24T09:20:45.329+0000][1][gc,age       ] GC(1) Desired survivor size 4456448 bytes, new threshold 6 (max threshold 6)
[2019-06-24T09:20:45.329+0000][1][gc,age       ] GC(1) Age table with threshold 6 (max threshold 6)
[2019-06-24T09:20:45.329+0000][1][gc,age       ] GC(1) - age   1:    1945456 bytes,    1945456 total
[2019-06-24T09:20:45.329+0000][1][gc,heap      ] GC(1) ParNew: 77688K->5078K(78656K)
[2019-06-24T09:20:45.329+0000][1][gc,heap      ] GC(1) CMS: 0K->6658K(174784K)
[2019-06-24T09:20:45.329+0000][1][gc,metaspace ] GC(1) Metaspace: 14690K->14690K(1062912K)
[2019-06-24T09:20:45.329+0000][1][gc           ] GC(1) Pause Young (Allocation Failure) 75M->11M(247M) 14.360ms
[2019-06-24T09:20:45.329+0000][1][gc,cpu       ] GC(1) User=0.09s Sys=0.00s Real=0.01s
[2019-06-24T09:20:45.329+0000][1][safepoint    ] Leaving safepoint region
[2019-06-24T09:20:45.329+0000][1][safepoint    ] Total time for which application threads were stopped: 0.0144916 seconds, Stopping threads took: 0.0000127 seconds
[2019-06-24T09:20:45.329+0000][1][safepoint    ] Application time: 0.0001445 seconds
[2019-06-24T09:20:45.329+0000][1][safepoint    ] Entering safepoint region: RevokeBias
[2019-06-24T09:20:45.329+0000][1][safepoint    ] Leaving safepoint region
[2019-06-24T09:20:45.329+0000][1][safepoint    ] Total time for which application threads were stopped: 0.0001165 seconds, Stopping threads took: 0.0000439 seconds
[2019-06-24T09:20:45.329+0000][1][safepoint    ] Application time: 0.0000442 seconds
[2019-06-24T09:20:45.329+0000][1][safepoint    ] Entering safepoint region: RevokeBias
[2019-06-24T09:20:45.329+0000][1][safepoint    ] Leaving safepoint region
[2019-06-24T09:20:45.329+0000][1][safepoint    ] Total time for which application threads were stopped: 0.0000463 seconds, Stopping threads took: 0.0000197 seconds
[2019-06-24T09:20:45.330+0000][1][safepoint    ] Application time: 0.0000402 seconds
[2019-06-24T09:20:45.330+0000][1][safepoint    ] Entering safepoint region: RevokeBias
[2019-06-24T09:20:45.330+0000][1][safepoint    ] Leaving safepoint region
[2019-06-24T09:20:45.330+0000][1][safepoint    ] Total time for which application threads were stopped: 0.0000300 seconds, Stopping threads took: 0.0000064 seconds
[2019-06-24T09:20:45.330+0000][1][safepoint    ] Application time: 0.0000331 seconds
[2019-06-24T09:20:45.330+0000][1][safepoint    ] Entering safepoint region: RevokeBias
[2019-06-24T09:20:45.330+0000][1][safepoint    ] Leaving safepoint region
[2019-06-24T09:20:45.330+0000][1][safepoint    ] Total time for which application threads were stopped: 0.0000351 seconds, Stopping threads took: 0.0000061 seconds
[2019-06-24T09:20:45.330+0000][1][safepoint    ] Application time: 0.0000928 seconds
[2019-06-24T09:20:45.330+0000][1][safepoint    ] Entering safepoint region: RevokeBias
[2019-06-24T09:20:45.330+0000][1][safepoint    ] Leaving safepoint region
[2019-06-24T09:20:45.330+0000][1][safepoint    ] Total time for which application threads were stopped: 0.0001404 seconds, Stopping threads took: 0.0000952 seconds
[2019-06-24T09:20:45.330+0000][1][safepoint    ] Application time: 0.0000425 seconds
[2019-06-24T09:20:45.330+0000][1][safepoint    ] Entering safepoint region: RevokeBias
[2019-06-24T09:20:45.330+0000][1][safepoint    ] Leaving safepoint region
[2019-06-24T09:20:45.330+0000][1][safepoint    ] Total time for which application threads were stopped: 0.0000329 seconds, Stopping threads took: 0.0000070 seconds
[2019-06-24T09:20:45.330+0000][1][safepoint    ] Application time: 0.0000478 seconds
[2019-06-24T09:20:45.330+0000][1][safepoint    ] Entering safepoint region: RevokeBias
[2019-06-24T09:20:45.330+0000][1][safepoint    ] Leaving safepoint region
[2019-06-24T09:20:45.330+0000][1][safepoint    ] Total time for which application threads were stopped: 0.0000966 seconds, Stopping threads took: 0.0000590 seconds
[2019-06-24T09:20:45.330+0000][1][safepoint    ] Application time: 0.0000451 seconds
[2019-06-24T09:20:45.330+0000][1][safepoint    ] Entering safepoint region: RevokeBias
[2019-06-24T09:20:45.330+0000][1][safepoint    ] Leaving safepoint region
[2019-06-24T09:20:45.330+0000][1][safepoint    ] Total time for which application threads were stopped: 0.0001235 seconds, Stopping threads took: 0.0000910 seconds
[2019-06-24T09:20:45.330+0000][1][safepoint    ] Application time: 0.0000466 seconds
[2019-06-24T09:20:45.330+0000][1][safepoint    ] Entering safepoint region: RevokeBias
[2019-06-24T09:20:45.331+0000][1][safepoint    ] Leaving safepoint region
[2019-06-24T09:20:45.331+0000][1][safepoint    ] Total time for which application threads were stopped: 0.0001234 seconds, Stopping threads took: 0.0000401 seconds
[2019-06-24T09:20:45.331+0000][1][safepoint    ] Application time: 0.0000844 seconds
[2019-06-24T09:20:45.331+0000][1][safepoint    ] Entering safepoint region: RevokeBias
[2019-06-24T09:20:45.331+0000][1][safepoint    ] Leaving safepoint region
[2019-06-24T09:20:45.331+0000][1][safepoint    ] Total time for which application threads were stopped: 0.0001702 seconds, Stopping threads took: 0.0001019 seconds
[2019-06-24T09:20:45.331+0000][1][safepoint    ] Application time: 0.0000689 seconds
[2019-06-24T09:20:45.331+0000][1][safepoint    ] Entering safepoint region: BulkRevokeBias
[2019-06-24T09:20:45.331+0000][1][safepoint    ] Leaving safepoint region
[2019-06-24T09:20:45.331+0000][1][safepoint    ] Total time for which application threads were stopped: 0.0001052 seconds, Stopping threads took: 0.0000340 seconds
[2019-06-24T09:20:45.331+0000][1][safepoint    ] Application time: 0.0000708 seconds
[2019-06-24T09:20:45.331+0000][1][safepoint    ] Entering safepoint region: RevokeBias
[2019-06-24T09:20:45.331+0000][1][safepoint    ] Leaving safepoint region
[2019-06-24T09:20:45.331+0000][1][safepoint    ] Total time for which application threads were stopped: 0.0000929 seconds, Stopping threads took: 0.0000287 seconds
[2019-06-24T09:20:45.331+0000][1][safepoint    ] Application time: 0.0000721 seconds
[2019-06-24T09:20:45.331+0000][1][safepoint    ] Entering safepoint region: BulkRevokeBias
[2019-06-24T09:20:45.331+0000][1][safepoint    ] Leaving safepoint region
[2019-06-24T09:20:45.331+0000][1][safepoint    ] Total time for which application threads were stopped: 0.0001087 seconds, Stopping threads took: 0.0000298 seconds
[2019-06-24T09:20:45.364+0000][1][safepoint    ] Application time: 0.0321756 seconds
[2019-06-24T09:20:45.364+0000][1][safepoint    ] Entering safepoint region: RevokeBias
[2019-06-24T09:20:45.364+0000][1][safepoint    ] Leaving safepoint region
[2019-06-24T09:20:45.364+0000][1][safepoint    ] Total time for which application threads were stopped: 0.0000866 seconds, Stopping threads took: 0.0000147 seconds
[2019-06-24T09:20:45.366+0000][1][safepoint    ] Application time: 0.0024223 seconds
[2019-06-24T09:20:45.366+0000][1][safepoint    ] Entering safepoint region: RevokeBias
[2019-06-24T09:20:45.366+0000][1][safepoint    ] Leaving safepoint region
[2019-06-24T09:20:45.366+0000][1][safepoint    ] Total time for which application threads were stopped: 0.0000749 seconds, Stopping threads took: 0.0000144 seconds
[2019-06-24T09:20:45.464+0000][1][safepoint    ] Application time: 0.0976263 seconds
[2019-06-24T09:20:45.464+0000][1][safepoint    ] Entering safepoint region: GenCollectForAllocation
[2019-06-24T09:20:45.464+0000][1][gc,start     ] GC(2) Pause Young (Allocation Failure)
[2019-06-24T09:20:45.464+0000][1][gc,task      ] GC(2) Using 5 workers of 8 for evacuation
[2019-06-24T09:20:45.467+0000][1][gc,age       ] GC(2) Desired survivor size 4456448 bytes, new threshold 6 (max threshold 6)
[2019-06-24T09:20:45.467+0000][1][gc,age       ] GC(2) Age table with threshold 6 (max threshold 6)
[2019-06-24T09:20:45.467+0000][1][gc,age       ] GC(2) - age   1:    2662360 bytes,    2662360 total
[2019-06-24T09:20:45.467+0000][1][gc,age       ] GC(2) - age   2:    1205512 bytes,    3867872 total
[2019-06-24T09:20:45.467+0000][1][gc,heap      ] GC(2) ParNew: 75030K->4535K(78656K)
[2019-06-24T09:20:45.467+0000][1][gc,heap      ] GC(2) CMS: 6658K->6658K(174784K)
[2019-06-24T09:20:45.467+0000][1][gc,metaspace ] GC(2) Metaspace: 14844K->14844K(1062912K)
[2019-06-24T09:20:45.467+0000][1][gc           ] GC(2) Pause Young (Allocation Failure) 79M->10M(247M) 3.349ms
[2019-06-24T09:20:45.467+0000][1][gc,cpu       ] GC(2) User=0.02s Sys=0.00s Real=0.00s
[2019-06-24T09:20:45.467+0000][1][safepoint    ] Leaving safepoint region
[2019-06-24T09:20:45.467+0000][1][safepoint    ] Total time for which application threads were stopped: 0.0034833 seconds, Stopping threads took: 0.0000176 seconds
[2019-06-24T09:20:45.468+0000][1][safepoint    ] Application time: 0.0001511 seconds
[2019-06-24T09:20:45.468+0000][1][safepoint    ] Entering safepoint region: RevokeBias
[2019-06-24T09:20:45.468+0000][1][safepoint    ] Leaving safepoint region
[2019-06-24T09:20:45.468+0000][1][safepoint    ] Total time for which application threads were stopped: 0.0001200 seconds, Stopping threads took: 0.0000740 seconds
[2019-06-24T09:20:45.468+0000][1][safepoint    ] Application time: 0.0000923 seconds
[2019-06-24T09:20:45.468+0000][1][safepoint    ] Entering safepoint region: RevokeBias
[2019-06-24T09:20:45.468+0000][1][safepoint    ] Leaving safepoint region
[2019-06-24T09:20:45.468+0000][1][safepoint    ] Total time for which application threads were stopped: 0.0000753 seconds, Stopping threads took: 0.0000393 seconds
[2019-06-24T09:20:45.468+0000][1][safepoint    ] Application time: 0.0000963 seconds
[2019-06-24T09:20:45.468+0000][1][safepoint    ] Entering safepoint region: RevokeBias
[2019-06-24T09:20:45.468+0000][1][safepoint    ] Leaving safepoint region
[2019-06-24T09:20:45.468+0000][1][safepoint    ] Total time for which application threads were stopped: 0.0000744 seconds, Stopping threads took: 0.0000325 seconds
[2019-06-24T09:20:45.468+0000][1][safepoint    ] Application time: 0.0000798 seconds
[2019-06-24T09:20:45.468+0000][1][safepoint    ] Entering safepoint region: RevokeBias
[2019-06-24T09:20:45.468+0000][1][safepoint    ] Leaving safepoint region
[2019-06-24T09:20:45.468+0000][1][safepoint    ] Total time for which application threads were stopped: 0.0000777 seconds, Stopping threads took: 0.0000299 seconds
[2019-06-24T09:20:45.468+0000][1][safepoint    ] Application time: 0.0000854 seconds
[2019-06-24T09:20:45.468+0000][1][safepoint    ] Entering safepoint region: RevokeBias
[2019-06-24T09:20:45.468+0000][1][safepoint    ] Leaving safepoint region
[2019-06-24T09:20:45.468+0000][1][safepoint    ] Total time for which application threads were stopped: 0.0000553 seconds, Stopping threads took: 0.0000249 seconds
[2019-06-24T09:20:45.469+0000][1][safepoint    ] Application time: 0.0000785 seconds
[2019-06-24T09:20:45.469+0000][1][safepoint    ] Entering safepoint region: RevokeBias
[2019-06-24T09:20:45.469+0000][1][safepoint    ] Leaving safepoint region
[2019-06-24T09:20:45.469+0000][1][safepoint    ] Total time for which application threads were stopped: 0.0000385 seconds, Stopping threads took: 0.0000101 seconds
[2019-06-24T09:20:45.582+0000][1][safepoint    ] Application time: 0.1130399 seconds
[2019-06-24T09:20:45.582+0000][1][safepoint    ] Entering safepoint region: Deoptimize
[2019-06-24T09:20:45.582+0000][1][safepoint    ] Leaving safepoint region
[2019-06-24T09:20:45.582+0000][1][safepoint    ] Total time for which application threads were stopped: 0.0002774 seconds, Stopping threads took: 0.0000129 seconds
[2019-06-24T09:20:45.582+0000][1][safepoint    ] Application time: 0.0004372 seconds
[2019-06-24T09:20:45.582+0000][1][safepoint    ] Entering safepoint region: Deoptimize
[2019-06-24T09:20:45.583+0000][1][safepoint    ] Leaving safepoint region
[2019-06-24T09:20:45.583+0000][1][safepoint    ] Total time for which application threads were stopped: 0.0002449 seconds, Stopping threads took: 0.0000097 seconds
[2019-06-24T09:20:45.737+0000][1][safepoint    ] Application time: 0.1544326 seconds
[2019-06-24T09:20:45.737+0000][1][safepoint    ] Entering safepoint region: RevokeBias
[2019-06-24T09:20:45.737+0000][1][safepoint    ] Leaving safepoint region
[2019-06-24T09:20:45.737+0000][1][safepoint    ] Total time for which application threads were stopped: 0.0001238 seconds, Stopping threads took: 0.0000123 seconds
[2019-06-24T09:20:45.766+0000][1][safepoint    ] Application time: 0.0282918 seconds
[2019-06-24T09:20:45.766+0000][1][safepoint    ] Entering safepoint region: GenCollectForAllocation
[2019-06-24T09:20:45.766+0000][1][gc,start     ] GC(3) Pause Young (Allocation Failure)
[2019-06-24T09:20:45.766+0000][1][gc,task      ] GC(3) Using 5 workers of 8 for evacuation
[2019-06-24T09:20:45.770+0000][1][gc,age       ] GC(3) Desired survivor size 4456448 bytes, new threshold 3 (max threshold 6)
[2019-06-24T09:20:45.770+0000][1][gc,age       ] GC(3) Age table with threshold 3 (max threshold 6)
[2019-06-24T09:20:45.770+0000][1][gc,age       ] GC(3) - age   1:    3534232 bytes,    3534232 total
[2019-06-24T09:20:45.770+0000][1][gc,age       ] GC(3) - age   2:     320584 bytes,    3854816 total
[2019-06-24T09:20:45.770+0000][1][gc,age       ] GC(3) - age   3:    1202520 bytes,    5057336 total
[2019-06-24T09:20:45.770+0000][1][gc,heap      ] GC(3) ParNew: 74487K->7198K(78656K)
[2019-06-24T09:20:45.770+0000][1][gc,heap      ] GC(3) CMS: 6658K->6658K(174784K)
[2019-06-24T09:20:45.770+0000][1][gc,metaspace ] GC(3) Metaspace: 18299K->18299K(1067008K)
[2019-06-24T09:20:45.770+0000][1][gc           ] GC(3) Pause Young (Allocation Failure) 79M->13M(247M) 4.210ms
[2019-06-24T09:20:45.770+0000][1][gc,cpu       ] GC(3) User=0.03s Sys=0.00s Real=0.00s
[2019-06-24T09:20:45.770+0000][1][safepoint    ] Leaving safepoint region
[2019-06-24T09:20:45.770+0000][1][safepoint    ] Total time for which application threads were stopped: 0.0043656 seconds, Stopping threads took: 0.0000155 seconds
[2019-06-24T09:20:45.770+0000][1][safepoint    ] Application time: 0.0001592 seconds
[2019-06-24T09:20:45.770+0000][1][safepoint    ] Entering safepoint region: RevokeBias
[2019-06-24T09:20:45.770+0000][1][safepoint    ] Leaving safepoint region
[2019-06-24T09:20:45.770+0000][1][safepoint    ] Total time for which application threads were stopped: 0.0001453 seconds, Stopping threads took: 0.0000669 seconds
[2019-06-24T09:20:45.770+0000][1][safepoint    ] Application time: 0.0000491 seconds
[2019-06-24T09:20:45.770+0000][1][safepoint    ] Entering safepoint region: RevokeBias
[2019-06-24T09:20:45.770+0000][1][safepoint    ] Leaving safepoint region
[2019-06-24T09:20:45.770+0000][1][safepoint    ] Total time for which application threads were stopped: 0.0000790 seconds, Stopping threads took: 0.0000234 seconds
[2019-06-24T09:20:45.771+0000][1][safepoint    ] Application time: 0.0001410 seconds
[2019-06-24T09:20:45.771+0000][1][safepoint    ] Entering safepoint region: RevokeBias
[2019-06-24T09:20:45.771+0000][1][safepoint    ] Leaving safepoint region
[2019-06-24T09:20:45.771+0000][1][safepoint    ] Total time for which application threads were stopped: 0.0001633 seconds, Stopping threads took: 0.0000430 seconds
[2019-06-24T09:20:45.771+0000][1][safepoint    ] Application time: 0.0000507 seconds
[2019-06-24T09:20:45.771+0000][1][safepoint    ] Entering safepoint region: RevokeBias
[2019-06-24T09:20:45.771+0000][1][safepoint    ] Leaving safepoint region
[2019-06-24T09:20:45.771+0000][1][safepoint    ] Total time for which application threads were stopped: 0.0003374 seconds, Stopping threads took: 0.0002914 seconds
[2019-06-24T09:20:45.771+0000][1][safepoint    ] Application time: 0.0001837 seconds
[2019-06-24T09:20:45.771+0000][1][safepoint    ] Entering safepoint region: RevokeBias
[2019-06-24T09:20:45.772+0000][1][safepoint    ] Leaving safepoint region
[2019-06-24T09:20:45.772+0000][1][safepoint    ] Total time for which application threads were stopped: 0.0001374 seconds, Stopping threads took: 0.0000639 seconds
[2019-06-24T09:20:45.772+0000][1][safepoint    ] Application time: 0.0000476 seconds
[2019-06-24T09:20:45.772+0000][1][safepoint    ] Entering safepoint region: RevokeBias
[2019-06-24T09:20:45.772+0000][1][safepoint    ] Leaving safepoint region
[2019-06-24T09:20:45.772+0000][1][safepoint    ] Total time for which application threads were stopped: 0.0000952 seconds, Stopping threads took: 0.0000339 seconds
[2019-06-24T09:20:45.772+0000][1][safepoint    ] Application time: 0.0002299 seconds
[2019-06-24T09:20:45.772+0000][1][safepoint    ] Entering safepoint region: RevokeBias
[2019-06-24T09:20:45.772+0000][1][safepoint    ] Leaving safepoint region
[2019-06-24T09:20:45.772+0000][1][safepoint    ] Total time for which application threads were stopped: 0.0001764 seconds, Stopping threads took: 0.0001338 seconds
[2019-06-24T09:20:45.772+0000][1][safepoint    ] Application time: 0.0001323 seconds
[2019-06-24T09:20:45.772+0000][1][safepoint    ] Entering safepoint region: RevokeBias
[2019-06-24T09:20:45.772+0000][1][safepoint    ] Leaving safepoint region
[2019-06-24T09:20:45.772+0000][1][safepoint    ] Total time for which application threads were stopped: 0.0001770 seconds, Stopping threads took: 0.0001103 seconds
[2019-06-24T09:20:45.773+0000][1][safepoint    ] Application time: 0.0000550 seconds
[2019-06-24T09:20:45.773+0000][1][safepoint    ] Entering safepoint region: RevokeBias
[2019-06-24T09:20:45.773+0000][1][safepoint    ] Leaving safepoint region
[2019-06-24T09:20:45.773+0000][1][safepoint    ] Total time for which application threads were stopped: 0.0001774 seconds, Stopping threads took: 0.0001237 seconds
[2019-06-24T09:20:45.773+0000][1][safepoint    ] Application time: 0.0000556 seconds
[2019-06-24T09:20:45.773+0000][1][safepoint    ] Entering safepoint region: RevokeBias
[2019-06-24T09:20:45.773+0000][1][safepoint    ] Leaving safepoint region
[2019-06-24T09:20:45.773+0000][1][safepoint    ] Total time for which application threads were stopped: 0.0000832 seconds, Stopping threads took: 0.0000451 seconds
[2019-06-24T09:20:45.773+0000][1][safepoint    ] Application time: 0.0000496 seconds
[2019-06-24T09:20:45.773+0000][1][safepoint    ] Entering safepoint region: RevokeBias
[2019-06-24T09:20:45.773+0000][1][safepoint    ] Leaving safepoint region
[2019-06-24T09:20:45.773+0000][1][safepoint    ] Total time for which application threads were stopped: 0.0000716 seconds, Stopping threads took: 0.0000362 seconds
[2019-06-24T09:20:45.773+0000][1][safepoint    ] Application time: 0.0000524 seconds
[2019-06-24T09:20:45.773+0000][1][safepoint    ] Entering safepoint region: RevokeBias
[2019-06-24T09:20:45.773+0000][1][safepoint    ] Leaving safepoint region
[2019-06-24T09:20:45.773+0000][1][safepoint    ] Total time for which application threads were stopped: 0.0001043 seconds, Stopping threads took: 0.0000470 seconds
[2019-06-24T09:20:45.773+0000][1][safepoint    ] Application time: 0.0000466 seconds
[2019-06-24T09:20:45.773+0000][1][safepoint    ] Entering safepoint region: RevokeBias
[2019-06-24T09:20:45.773+0000][1][safepoint    ] Leaving safepoint region
[2019-06-24T09:20:45.773+0000][1][safepoint    ] Total time for which application threads were stopped: 0.0000701 seconds, Stopping threads took: 0.0000320 seconds
[2019-06-24T09:20:45.773+0000][1][safepoint    ] Application time: 0.0000467 seconds
[2019-06-24T09:20:45.773+0000][1][safepoint    ] Entering safepoint region: RevokeBias
[2019-06-24T09:20:45.773+0000][1][safepoint    ] Leaving safepoint region
[2019-06-24T09:20:45.773+0000][1][safepoint    ] Total time for which application threads were stopped: 0.0000742 seconds, Stopping threads took: 0.0000382 seconds
[2019-06-24T09:20:45.774+0000][1][safepoint    ] Application time: 0.0000416 seconds
[2019-06-24T09:20:45.774+0000][1][safepoint    ] Entering safepoint region: RevokeBias
[2019-06-24T09:20:45.774+0000][1][safepoint    ] Leaving safepoint region
[2019-06-24T09:20:45.774+0000][1][safepoint    ] Total time for which application threads were stopped: 0.0000555 seconds, Stopping threads took: 0.0000109 seconds
[2019-06-24T09:20:45.774+0000][1][safepoint    ] Application time: 0.0000452 seconds
[2019-06-24T09:20:45.774+0000][1][safepoint    ] Entering safepoint region: RevokeBias
[2019-06-24T09:20:45.774+0000][1][safepoint    ] Leaving safepoint region
[2019-06-24T09:20:45.774+0000][1][safepoint    ] Total time for which application threads were stopped: 0.0000609 seconds, Stopping threads took: 0.0000271 seconds
[2019-06-24T09:20:45.774+0000][1][safepoint    ] Application time: 0.0000509 seconds
[2019-06-24T09:20:45.774+0000][1][safepoint    ] Entering safepoint region: RevokeBias
[2019-06-24T09:20:45.774+0000][1][safepoint    ] Leaving safepoint region
[2019-06-24T09:20:45.774+0000][1][safepoint    ] Total time for which application threads were stopped: 0.0000950 seconds, Stopping threads took: 0.0000525 seconds
[2019-06-24T09:20:45.774+0000][1][safepoint    ] Application time: 0.0000797 seconds
[2019-06-24T09:20:45.774+0000][1][safepoint    ] Entering safepoint region: RevokeBias
[2019-06-24T09:20:45.774+0000][1][safepoint    ] Leaving safepoint region
[2019-06-24T09:20:45.774+0000][1][safepoint    ] Total time for which application threads were stopped: 0.0000810 seconds, Stopping threads took: 0.0000496 seconds
[2019-06-24T09:20:45.774+0000][1][safepoint    ] Application time: 0.0000431 seconds
[2019-06-24T09:20:45.774+0000][1][safepoint    ] Entering safepoint region: RevokeBias
[2019-06-24T09:20:45.774+0000][1][safepoint    ] Leaving safepoint region
[2019-06-24T09:20:45.774+0000][1][safepoint    ] Total time for which application threads were stopped: 0.0000833 seconds, Stopping threads took: 0.0000483 seconds
[2019-06-24T09:20:45.774+0000][1][safepoint    ] Application time: 0.0000453 seconds
[2019-06-24T09:20:45.774+0000][1][safepoint    ] Entering safepoint region: RevokeBias
[2019-06-24T09:20:45.774+0000][1][safepoint    ] Leaving safepoint region
[2019-06-24T09:20:45.774+0000][1][safepoint    ] Total time for which application threads were stopped: 0.0000793 seconds, Stopping threads took: 0.0000470 seconds
[2019-06-24T09:20:45.774+0000][1][safepoint    ] Application time: 0.0000427 seconds
[2019-06-24T09:20:45.774+0000][1][safepoint    ] Entering safepoint region: RevokeBias
[2019-06-24T09:20:45.774+0000][1][safepoint    ] Leaving safepoint region
[2019-06-24T09:20:45.775+0000][1][safepoint    ] Total time for which application threads were stopped: 0.0000993 seconds, Stopping threads took: 0.0000308 seconds
[2019-06-24T09:20:45.858+0000][1][safepoint    ] Application time: 0.0830829 seconds
[2019-06-24T09:20:45.858+0000][1][safepoint    ] Entering safepoint region: GenCollectForAllocation
[2019-06-24T09:20:45.858+0000][1][gc,start     ] GC(4) Pause Young (Allocation Failure)
[2019-06-24T09:20:45.858+0000][1][gc,task      ] GC(4) Using 5 workers of 8 for evacuation
[2019-06-24T09:20:45.862+0000][1][gc,age       ] GC(4) Desired survivor size 4456448 bytes, new threshold 2 (max threshold 6)
[2019-06-24T09:20:45.862+0000][1][gc,age       ] GC(4) Age table with threshold 2 (max threshold 6)
[2019-06-24T09:20:45.862+0000][1][gc,age       ] GC(4) - age   1:    1596456 bytes,    1596456 total
[2019-06-24T09:20:45.862+0000][1][gc,age       ] GC(4) - age   2:    3304896 bytes,    4901352 total
[2019-06-24T09:20:45.862+0000][1][gc,age       ] GC(4) - age   3:     320056 bytes,    5221408 total
[2019-06-24T09:20:45.862+0000][1][gc,heap      ] GC(4) ParNew: 77150K->7354K(78656K)
[2019-06-24T09:20:45.862+0000][1][gc,heap      ] GC(4) CMS: 6658K->7850K(174784K)
[2019-06-24T09:20:45.862+0000][1][gc,metaspace ] GC(4) Metaspace: 18502K->18502K(1067008K)
[2019-06-24T09:20:45.862+0000][1][gc           ] GC(4) Pause Young (Allocation Failure) 81M->14M(247M) 4.141ms
[2019-06-24T09:20:45.862+0000][1][gc,cpu       ] GC(4) User=0.03s Sys=0.00s Real=0.00s
[2019-06-24T09:20:45.862+0000][1][safepoint    ] Leaving safepoint region
[2019-06-24T09:20:45.862+0000][1][safepoint    ] Total time for which application threads were stopped: 0.0042784 seconds, Stopping threads took: 0.0000229 seconds
[2019-06-24T09:20:45.862+0000][1][safepoint    ] Application time: 0.0001087 seconds
[2019-06-24T09:20:45.862+0000][1][safepoint    ] Entering safepoint region: RevokeBias
[2019-06-24T09:20:45.862+0000][1][safepoint    ] Leaving safepoint region
[2019-06-24T09:20:45.862+0000][1][safepoint    ] Total time for which application threads were stopped: 0.0001370 seconds, Stopping threads took: 0.0000921 seconds
[2019-06-24T09:20:45.862+0000][1][safepoint    ] Application time: 0.0000408 seconds
[2019-06-24T09:20:45.862+0000][1][safepoint    ] Entering safepoint region: RevokeBias
[2019-06-24T09:20:45.862+0000][1][safepoint    ] Leaving safepoint region
[2019-06-24T09:20:45.862+0000][1][safepoint    ] Total time for which application threads were stopped: 0.0001182 seconds, Stopping threads took: 0.0000877 seconds
[2019-06-24T09:20:45.862+0000][1][safepoint    ] Application time: 0.0000452 seconds
[2019-06-24T09:20:45.862+0000][1][safepoint    ] Entering safepoint region: RevokeBias
[2019-06-24T09:20:45.862+0000][1][safepoint    ] Leaving safepoint region
[2019-06-24T09:20:45.863+0000][1][safepoint    ] Total time for which application threads were stopped: 0.0000947 seconds, Stopping threads took: 0.0000275 seconds
[2019-06-24T09:20:45.863+0000][1][safepoint    ] Application time: 0.0000360 seconds
[2019-06-24T09:20:45.863+0000][1][safepoint    ] Entering safepoint region: RevokeBias
[2019-06-24T09:20:45.863+0000][1][safepoint    ] Leaving safepoint region
[2019-06-24T09:20:45.863+0000][1][safepoint    ] Total time for which application threads were stopped: 0.0000616 seconds, Stopping threads took: 0.0000338 seconds
[2019-06-24T09:20:45.880+0000][1][safepoint    ] Application time: 0.0176570 seconds
[2019-06-24T09:20:45.880+0000][1][safepoint    ] Entering safepoint region: Deoptimize
[2019-06-24T09:20:45.881+0000][1][safepoint    ] Leaving safepoint region
[2019-06-24T09:20:45.881+0000][1][safepoint    ] Total time for which application threads were stopped: 0.0002692 seconds, Stopping threads took: 0.0000107 seconds
[2019-06-24T09:20:45.914+0000][1][safepoint    ] Application time: 0.0335538 seconds
[2019-06-24T09:20:45.914+0000][1][safepoint    ] Entering safepoint region: Deoptimize
[2019-06-24T09:20:45.914+0000][1][safepoint    ] Leaving safepoint region
[2019-06-24T09:20:45.914+0000][1][safepoint    ] Total time for which application threads were stopped: 0.0002718 seconds, Stopping threads took: 0.0000112 seconds
[2019-06-24T09:20:45.918+0000][1][safepoint    ] Application time: 0.0032719 seconds
[2019-06-24T09:20:45.918+0000][1][safepoint    ] Entering safepoint region: RevokeBias
[2019-06-24T09:20:45.918+0000][1][safepoint    ] Leaving safepoint region
[2019-06-24T09:20:45.918+0000][1][safepoint    ] Total time for which application threads were stopped: 0.0000784 seconds, Stopping threads took: 0.0000108 seconds
[2019-06-24T09:20:45.989+0000][1][safepoint    ] Application time: 0.0710803 seconds
[2019-06-24T09:20:45.989+0000][1][safepoint    ] Entering safepoint region: GenCollectForAllocation
[2019-06-24T09:20:45.989+0000][1][gc,start     ] GC(5) Pause Young (Allocation Failure)
[2019-06-24T09:20:45.989+0000][1][gc,task      ] GC(5) Using 5 workers of 8 for evacuation
[2019-06-24T09:20:45.993+0000][1][gc,age       ] GC(5) Desired survivor size 4456448 bytes, new threshold 6 (max threshold 6)
[2019-06-24T09:20:45.993+0000][1][gc,age       ] GC(5) Age table with threshold 6 (max threshold 6)
[2019-06-24T09:20:45.993+0000][1][gc,age       ] GC(5) - age   1:    2490376 bytes,    2490376 total
[2019-06-24T09:20:45.993+0000][1][gc,age       ] GC(5) - age   2:     446824 bytes,    2937200 total
[2019-06-24T09:20:45.993+0000][1][gc,heap      ] GC(5) ParNew: 77306K->5828K(78656K)
[2019-06-24T09:20:45.993+0000][1][gc,heap      ] GC(5) CMS: 7850K->11422K(174784K)
[2019-06-24T09:20:45.993+0000][1][gc,metaspace ] GC(5) Metaspace: 18857K->18857K(1067008K)
[2019-06-24T09:20:45.993+0000][1][gc           ] GC(5) Pause Young (Allocation Failure) 83M->16M(247M) 4.062ms
[2019-06-24T09:20:45.993+0000][1][gc,cpu       ] GC(5) User=0.03s Sys=0.00s Real=0.00s
[2019-06-24T09:20:45.993+0000][1][safepoint    ] Leaving safepoint region
[2019-06-24T09:20:45.993+0000][1][safepoint    ] Total time for which application threads were stopped: 0.0041794 seconds, Stopping threads took: 0.0000147 seconds
[2019-06-24T09:20:45.993+0000][1][safepoint    ] Application time: 0.0001229 seconds
[2019-06-24T09:20:45.993+0000][1][safepoint    ] Entering safepoint region: RevokeBias
[2019-06-24T09:20:45.993+0000][1][safepoint    ] Leaving safepoint region
[2019-06-24T09:20:45.993+0000][1][safepoint    ] Total time for which application threads were stopped: 0.0001224 seconds, Stopping threads took: 0.0000678 seconds
[2019-06-24T09:20:45.993+0000][1][safepoint    ] Application time: 0.0000690 seconds
[2019-06-24T09:20:45.994+0000][1][safepoint    ] Entering safepoint region: RevokeBias
[2019-06-24T09:20:45.994+0000][1][safepoint    ] Leaving safepoint region
[2019-06-24T09:20:45.994+0000][1][safepoint    ] Total time for which application threads were stopped: 0.0000979 seconds, Stopping threads took: 0.0000291 seconds
[2019-06-24T09:20:45.994+0000][1][safepoint    ] Application time: 0.0001301 seconds
[2019-06-24T09:20:45.994+0000][1][safepoint    ] Entering safepoint region: RevokeBias
[2019-06-24T09:20:45.994+0000][1][safepoint    ] Leaving safepoint region
[2019-06-24T09:20:45.994+0000][1][safepoint    ] Total time for which application threads were stopped: 0.0001343 seconds, Stopping threads took: 0.0000622 seconds
[2019-06-24T09:20:45.994+0000][1][safepoint    ] Application time: 0.0000624 seconds
[2019-06-24T09:20:45.994+0000][1][safepoint    ] Entering safepoint region: RevokeBias
[2019-06-24T09:20:45.994+0000][1][safepoint    ] Leaving safepoint region
[2019-06-24T09:20:45.994+0000][1][safepoint    ] Total time for which application threads were stopped: 0.0000797 seconds, Stopping threads took: 0.0000286 seconds
[2019-06-24T09:20:45.994+0000][1][safepoint    ] Application time: 0.0000733 seconds
[2019-06-24T09:20:45.994+0000][1][safepoint    ] Entering safepoint region: RevokeBias
[2019-06-24T09:20:45.994+0000][1][safepoint    ] Leaving safepoint region
[2019-06-24T09:20:45.994+0000][1][safepoint    ] Total time for which application threads were stopped: 0.0000518 seconds, Stopping threads took: 0.0000098 seconds
[2019-06-24T09:20:45.994+0000][1][safepoint    ] Application time: 0.0000379 seconds
[2019-06-24T09:20:45.994+0000][1][safepoint    ] Entering safepoint region: RevokeBias
[2019-06-24T09:20:45.994+0000][1][safepoint    ] Leaving safepoint region
[2019-06-24T09:20:45.994+0000][1][safepoint    ] Total time for which application threads were stopped: 0.0000453 seconds, Stopping threads took: 0.0000094 seconds
[2019-06-24T09:20:46.065+0000][1][safepoint    ] Application time: 0.0711383 seconds
[2019-06-24T09:20:46.065+0000][1][safepoint    ] Entering safepoint region: RevokeBias
[2019-06-24T09:20:46.066+0000][1][safepoint    ] Leaving safepoint region
[2019-06-24T09:20:46.066+0000][1][safepoint    ] Total time for which application threads were stopped: 0.0000699 seconds, Stopping threads took: 0.0000128 seconds
[2019-06-24T09:20:46.066+0000][1][safepoint    ] Application time: 0.0001428 seconds
[2019-06-24T09:20:46.066+0000][1][safepoint    ] Entering safepoint region: BulkRevokeBias
[2019-06-24T09:20:46.066+0000][1][safepoint    ] Leaving safepoint region
[2019-06-24T09:20:46.066+0000][1][safepoint    ] Total time for which application threads were stopped: 0.0000825 seconds, Stopping threads took: 0.0000079 seconds
[2019-06-24T09:20:46.088+0000][1][safepoint    ] Application time: 0.0221613 seconds
[2019-06-24T09:20:46.088+0000][1][safepoint    ] Entering safepoint region: GenCollectForAllocation
[2019-06-24T09:20:46.088+0000][1][gc,start     ] GC(6) Pause Young (Allocation Failure)
[2019-06-24T09:20:46.088+0000][1][gc,task      ] GC(6) Using 5 workers of 8 for evacuation
[2019-06-24T09:20:46.090+0000][1][gc,age       ] GC(6) Desired survivor size 4456448 bytes, new threshold 6 (max threshold 6)
[2019-06-24T09:20:46.090+0000][1][gc,age       ] GC(6) Age table with threshold 6 (max threshold 6)
[2019-06-24T09:20:46.090+0000][1][gc,age       ] GC(6) - age   1:    1474056 bytes,    1474056 total
[2019-06-24T09:20:46.090+0000][1][gc,age       ] GC(6) - age   2:    2194704 bytes,    3668760 total
[2019-06-24T09:20:46.090+0000][1][gc,age       ] GC(6) - age   3:     446824 bytes,    4115584 total
[2019-06-24T09:20:46.090+0000][1][gc,heap      ] GC(6) ParNew: 75780K->5192K(78656K)
[2019-06-24T09:20:46.090+0000][1][gc,heap      ] GC(6) CMS: 11422K->11422K(174784K)
[2019-06-24T09:20:46.090+0000][1][gc,metaspace ] GC(6) Metaspace: 19158K->19158K(1067008K)
[2019-06-24T09:20:46.090+0000][1][gc           ] GC(6) Pause Young (Allocation Failure) 85M->16M(247M) 2.138ms
[2019-06-24T09:20:46.090+0000][1][gc,cpu       ] GC(6) User=0.02s Sys=0.00s Real=0.00s
[2019-06-24T09:20:46.090+0000][1][safepoint    ] Leaving safepoint region
[2019-06-24T09:20:46.090+0000][1][safepoint    ] Total time for which application threads were stopped: 0.0022404 seconds, Stopping threads took: 0.0000114 seconds
[2019-06-24T09:20:46.090+0000][1][safepoint    ] Application time: 0.0001115 seconds
[2019-06-24T09:20:46.090+0000][1][safepoint    ] Entering safepoint region: BulkRevokeBias
[2019-06-24T09:20:46.091+0000][1][safepoint    ] Leaving safepoint region
[2019-06-24T09:20:46.091+0000][1][safepoint    ] Total time for which application threads were stopped: 0.0001610 seconds, Stopping threads took: 0.0000411 seconds
[2019-06-24T09:20:46.220+0000][1][safepoint    ] Application time: 0.1290986 seconds
[2019-06-24T09:20:46.220+0000][1][safepoint    ] Entering safepoint region: GenCollectForAllocation
[2019-06-24T09:20:46.220+0000][1][gc,start     ] GC(7) Pause Young (Allocation Failure)
[2019-06-24T09:20:46.220+0000][1][gc,task      ] GC(7) Using 5 workers of 8 for evacuation
[2019-06-24T09:20:46.222+0000][1][gc,age       ] GC(7) Desired survivor size 4456448 bytes, new threshold 6 (max threshold 6)
[2019-06-24T09:20:46.222+0000][1][gc,age       ] GC(7) Age table with threshold 6 (max threshold 6)
[2019-06-24T09:20:46.222+0000][1][gc,age       ] GC(7) - age   1:     681984 bytes,     681984 total
[2019-06-24T09:20:46.222+0000][1][gc,age       ] GC(7) - age   2:    1129440 bytes,    1811424 total
[2019-06-24T09:20:46.222+0000][1][gc,age       ] GC(7) - age   3:    2192696 bytes,    4004120 total
[2019-06-24T09:20:46.222+0000][1][gc,age       ] GC(7) - age   4:     446824 bytes,    4450944 total
[2019-06-24T09:20:46.222+0000][1][gc,heap      ] GC(7) ParNew: 75144K->5687K(78656K)
[2019-06-24T09:20:46.222+0000][1][gc,heap      ] GC(7) CMS: 11422K->11422K(174784K)
[2019-06-24T09:20:46.222+0000][1][gc,metaspace ] GC(7) Metaspace: 19985K->19985K(1067008K)
[2019-06-24T09:20:46.222+0000][1][gc           ] GC(7) Pause Young (Allocation Failure) 84M->16M(247M) 2.589ms
[2019-06-24T09:20:46.222+0000][1][gc,cpu       ] GC(7) User=0.01s Sys=0.00s Real=0.00s
[2019-06-24T09:20:46.222+0000][1][safepoint    ] Leaving safepoint region
[2019-06-24T09:20:46.222+0000][1][safepoint    ] Total time for which application threads were stopped: 0.0027397 seconds, Stopping threads took: 0.0000395 seconds
[2019-06-24T09:20:46.236+0000][1][safepoint    ] Application time: 0.0136561 seconds
[2019-06-24T09:20:46.236+0000][1][safepoint    ] Entering safepoint region: CollectForMetadataAllocation
[2019-06-24T09:20:46.236+0000][1][safepoint    ] Leaving safepoint region
[2019-06-24T09:20:46.236+0000][1][safepoint    ] Total time for which application threads were stopped: 0.0001761 seconds, Stopping threads took: 0.0000121 seconds
[2019-06-24T09:20:46.317+0000][1][safepoint    ] Application time: 0.0807049 seconds
[2019-06-24T09:20:46.317+0000][1][safepoint    ] Entering safepoint region: GenCollectForAllocation
[2019-06-24T09:20:46.317+0000][1][gc,start     ] GC(8) Pause Young (Allocation Failure)
[2019-06-24T09:20:46.317+0000][1][gc,task      ] GC(8) Using 5 workers of 8 for evacuation
[2019-06-24T09:20:46.319+0000][1][gc,age       ] GC(8) Desired survivor size 4456448 bytes, new threshold 4 (max threshold 6)
[2019-06-24T09:20:46.319+0000][1][gc,age       ] GC(8) Age table with threshold 4 (max threshold 6)
[2019-06-24T09:20:46.319+0000][1][gc,age       ] GC(8) - age   1:     612936 bytes,     612936 total
[2019-06-24T09:20:46.319+0000][1][gc,age       ] GC(8) - age   2:     660600 bytes,    1273536 total
[2019-06-24T09:20:46.319+0000][1][gc,age       ] GC(8) - age   3:    1129344 bytes,    2402880 total
[2019-06-24T09:20:46.320+0000][1][gc,age       ] GC(8) - age   4:    2192408 bytes,    4595288 total
[2019-06-24T09:20:46.320+0000][1][gc,age       ] GC(8) - age   5:     446824 bytes,    5042112 total
[2019-06-24T09:20:46.320+0000][1][gc,heap      ] GC(8) ParNew: 75639K->6074K(78656K)
[2019-06-24T09:20:46.320+0000][1][gc,heap      ] GC(8) CMS: 11422K->11422K(174784K)
[2019-06-24T09:20:46.320+0000][1][gc,metaspace ] GC(8) Metaspace: 20215K->20215K(1069056K)
[2019-06-24T09:20:46.320+0000][1][gc           ] GC(8) Pause Young (Allocation Failure) 85M->17M(247M) 2.473ms
[2019-06-24T09:20:46.320+0000][1][gc,cpu       ] GC(8) User=0.03s Sys=0.00s Real=0.00s
[2019-06-24T09:20:46.320+0000][1][safepoint    ] Leaving safepoint region
[2019-06-24T09:20:46.320+0000][1][safepoint    ] Total time for which application threads were stopped: 0.0025733 seconds, Stopping threads took: 0.0000121 seconds
[2019-06-24T09:20:46.320+0000][1][safepoint    ] Application time: 0.0001149 seconds
[2019-06-24T09:20:46.320+0000][1][safepoint    ] Entering safepoint region: CMS_Initial_Mark
[2019-06-24T09:20:46.320+0000][1][gc,start     ] GC(9) Pause Initial Mark
[2019-06-24T09:20:46.321+0000][1][gc           ] GC(9) Pause Initial Mark 18M->18M(247M) 0.706ms
[2019-06-24T09:20:46.321+0000][1][gc,cpu       ] GC(9) User=0.00s Sys=0.00s Real=0.00s
[2019-06-24T09:20:46.321+0000][1][safepoint    ] Leaving safepoint region
[2019-06-24T09:20:46.321+0000][1][safepoint    ] Total time for which application threads were stopped: 0.0008203 seconds, Stopping threads took: 0.0000415 seconds
[2019-06-24T09:20:46.321+0000][1][gc           ] GC(9) Concurrent Mark
[2019-06-24T09:20:46.321+0000][1][gc,task      ] GC(9) Using 2 workers of 2 for marking
[2019-06-24T09:20:46.329+0000][1][gc           ] GC(9) Concurrent Mark 8.681ms
[2019-06-24T09:20:46.329+0000][1][gc,cpu       ] GC(9) User=0.03s Sys=0.00s Real=0.01s
[2019-06-24T09:20:46.329+0000][1][gc           ] GC(9) Concurrent Preclean
[2019-06-24T09:20:46.330+0000][1][gc           ] GC(9) Concurrent Preclean 0.626ms
[2019-06-24T09:20:46.330+0000][1][gc,cpu       ] GC(9) User=0.00s Sys=0.00s Real=0.00s
[2019-06-24T09:20:46.330+0000][1][gc           ] GC(9) Concurrent Abortable Preclean
[2019-06-24T09:20:46.346+0000][1][safepoint    ] Application time: 0.0251576 seconds
[2019-06-24T09:20:46.346+0000][1][safepoint    ] Entering safepoint region: CollectForMetadataAllocation
[2019-06-24T09:20:46.346+0000][1][safepoint    ] Leaving safepoint region
[2019-06-24T09:20:46.346+0000][1][safepoint    ] Total time for which application threads were stopped: 0.0002180 seconds, Stopping threads took: 0.0000554 seconds
[2019-06-24T09:20:46.385+0000][1][safepoint    ] Application time: 0.0394817 seconds
[2019-06-24T09:20:46.386+0000][1][safepoint    ] Entering safepoint region: GenCollectForAllocation
[2019-06-24T09:20:46.386+0000][1][gc,start     ] GC(10) Pause Young (Allocation Failure)
[2019-06-24T09:20:46.386+0000][1][gc,task      ] GC(10) Using 5 workers of 8 for evacuation
[2019-06-24T09:20:46.390+0000][1][gc,age       ] GC(10) Desired survivor size 4456448 bytes, new threshold 6 (max threshold 6)
[2019-06-24T09:20:46.390+0000][1][gc,age       ] GC(10) Age table with threshold 6 (max threshold 6)
[2019-06-24T09:20:46.390+0000][1][gc,age       ] GC(10) - age   1:     992560 bytes,     992560 total
[2019-06-24T09:20:46.390+0000][1][gc,age       ] GC(10) - age   2:     338768 bytes,    1331328 total
[2019-06-24T09:20:46.390+0000][1][gc,age       ] GC(10) - age   3:     660480 bytes,    1991808 total
[2019-06-24T09:20:46.390+0000][1][gc,age       ] GC(10) - age   4:    1129344 bytes,    3121152 total
[2019-06-24T09:20:46.390+0000][1][gc,heap      ] GC(10) ParNew: 76026K->5957K(78656K)
[2019-06-24T09:20:46.390+0000][1][gc,heap      ] GC(10) CMS: 11422K->14017K(174784K)
[2019-06-24T09:20:46.390+0000][1][gc,metaspace ] GC(10) Metaspace: 20330K->20330K(1069056K)
[2019-06-24T09:20:46.390+0000][1][gc           ] GC(10) Pause Young (Allocation Failure) 85M->19M(247M) 4.283ms
[2019-06-24T09:20:46.390+0000][1][gc,cpu       ] GC(10) User=0.02s Sys=0.00s Real=0.00s
[2019-06-24T09:20:46.390+0000][1][safepoint    ] Leaving safepoint region
[2019-06-24T09:20:46.390+0000][1][safepoint    ] Total time for which application threads were stopped: 0.0044035 seconds, Stopping threads took: 0.0000159 seconds
[2019-06-24T09:20:46.467+0000][1][safepoint    ] Application time: 0.0775329 seconds
[2019-06-24T09:20:46.468+0000][1][safepoint    ] Entering safepoint region: GenCollectForAllocation
[2019-06-24T09:20:46.468+0000][1][gc,start     ] GC(11) Pause Young (Allocation Failure)
[2019-06-24T09:20:46.468+0000][1][gc,task      ] GC(11) Using 5 workers of 8 for evacuation
[2019-06-24T09:20:46.470+0000][1][gc,age       ] GC(11) Desired survivor size 4456448 bytes, new threshold 6 (max threshold 6)
[2019-06-24T09:20:46.470+0000][1][gc,age       ] GC(11) Age table with threshold 6 (max threshold 6)
[2019-06-24T09:20:46.470+0000][1][gc,age       ] GC(11) - age   1:    1882472 bytes,    1882472 total
[2019-06-24T09:20:46.470+0000][1][gc,age       ] GC(11) - age   2:      99160 bytes,    1981632 total
[2019-06-24T09:20:46.470+0000][1][gc,age       ] GC(11) - age   3:     338768 bytes,    2320400 total
[2019-06-24T09:20:46.470+0000][1][gc,age       ] GC(11) - age   4:     660328 bytes,    2980728 total
[2019-06-24T09:20:46.470+0000][1][gc,age       ] GC(11) - age   5:    1129056 bytes,    4109784 total
[2019-06-24T09:20:46.470+0000][1][gc,heap      ] GC(11) ParNew: 75909K->5140K(78656K)
[2019-06-24T09:20:46.470+0000][1][gc,heap      ] GC(11) CMS: 14017K->14017K(174784K)
[2019-06-24T09:20:46.470+0000][1][gc,metaspace ] GC(11) Metaspace: 20412K->20412K(1069056K)
[2019-06-24T09:20:46.470+0000][1][gc           ] GC(11) Pause Young (Allocation Failure) 87M->18M(247M) 2.707ms
[2019-06-24T09:20:46.470+0000][1][gc,cpu       ] GC(11) User=0.01s Sys=0.00s Real=0.00s
[2019-06-24T09:20:46.470+0000][1][safepoint    ] Leaving safepoint region
[2019-06-24T09:20:46.470+0000][1][safepoint    ] Total time for which application threads were stopped: 0.0028438 seconds, Stopping threads took: 0.0000173 seconds
[2019-06-24T09:20:46.527+0000][1][safepoint    ] Application time: 0.0565144 seconds
[2019-06-24T09:20:46.527+0000][1][safepoint    ] Entering safepoint region: CollectForMetadataAllocation
[2019-06-24T09:20:46.527+0000][1][safepoint    ] Leaving safepoint region
[2019-06-24T09:20:46.527+0000][1][safepoint    ] Total time for which application threads were stopped: 0.0001939 seconds, Stopping threads took: 0.0000152 seconds
[2019-06-24T09:20:46.527+0000][1][gc           ] GC(9) Concurrent Abortable Preclean 197.133ms
[2019-06-24T09:20:46.527+0000][1][gc,cpu       ] GC(9) User=0.91s Sys=0.03s Real=0.20s
[2019-06-24T09:20:46.527+0000][1][safepoint    ] Application time: 0.0001246 seconds
[2019-06-24T09:20:46.528+0000][1][safepoint    ] Entering safepoint region: CMS_Final_Remark
[2019-06-24T09:20:46.528+0000][1][gc,start     ] GC(9) Pause Remark
[2019-06-24T09:20:46.537+0000][1][gc           ] GC(9) Pause Remark 55M->55M(247M) 9.492ms
[2019-06-24T09:20:46.537+0000][1][gc,cpu       ] GC(9) User=0.05s Sys=0.00s Real=0.01s
[2019-06-24T09:20:46.537+0000][1][safepoint    ] Leaving safepoint region
[2019-06-24T09:20:46.537+0000][1][safepoint    ] Total time for which application threads were stopped: 0.0100784 seconds, Stopping threads took: 0.0004781 seconds
[2019-06-24T09:20:46.537+0000][1][gc           ] GC(9) Concurrent Sweep
[2019-06-24T09:20:46.544+0000][1][gc           ] GC(9) Concurrent Sweep 6.269ms
[2019-06-24T09:20:46.544+0000][1][gc,cpu       ] GC(9) User=0.03s Sys=0.00s Real=0.01s
[2019-06-24T09:20:46.544+0000][1][gc           ] GC(9) Concurrent Reset
[2019-06-24T09:20:46.544+0000][1][gc           ] GC(9) Concurrent Reset 0.351ms
[2019-06-24T09:20:46.544+0000][1][gc,cpu       ] GC(9) User=0.00s Sys=0.00s Real=0.00s
[2019-06-24T09:20:46.544+0000][1][gc,heap      ] GC(9) Old: 11422K->13991K(174784K)
[2019-06-24T09:20:46.545+0000][1][safepoint    ] Application time: 0.0075621 seconds
[2019-06-24T09:20:46.545+0000][1][safepoint    ] Entering safepoint region: Deoptimize
[2019-06-24T09:20:46.546+0000][1][safepoint    ] Leaving safepoint region
[2019-06-24T09:20:46.546+0000][1][safepoint    ] Total time for which application threads were stopped: 0.0006566 seconds, Stopping threads took: 0.0000158 seconds
[2019-06-24T09:20:46.872+0000][1][safepoint    ] Application time: 0.3259671 seconds
[2019-06-24T09:20:46.872+0000][1][safepoint    ] Entering safepoint region: Deoptimize
[2019-06-24T09:20:46.872+0000][1][safepoint    ] Leaving safepoint region
[2019-06-24T09:20:46.872+0000][1][safepoint    ] Total time for which application threads were stopped: 0.0005684 seconds, Stopping threads took: 0.0000206 seconds
[2019-06-24T09:20:46.884+0000][1][safepoint    ] Application time: 0.0119165 seconds
[2019-06-24T09:20:46.884+0000][1][safepoint    ] Entering safepoint region: RevokeBias
[2019-06-24T09:20:46.884+0000][1][safepoint    ] Leaving safepoint region
[2019-06-24T09:20:46.884+0000][1][safepoint    ] Total time for which application threads were stopped: 0.0001327 seconds, Stopping threads took: 0.0000691 seconds
[2019-06-24T09:20:46.884+0000][1][safepoint    ] Application time: 0.0000704 seconds
[2019-06-24T09:20:46.884+0000][1][safepoint    ] Entering safepoint region: RevokeBias
[2019-06-24T09:20:46.884+0000][1][safepoint    ] Leaving safepoint region
[2019-06-24T09:20:46.884+0000][1][safepoint    ] Total time for which application threads were stopped: 0.0000438 seconds, Stopping threads took: 0.0000113 seconds
[2019-06-24T09:20:46.885+0000][1][safepoint    ] Application time: 0.0003989 seconds
[2019-06-24T09:20:46.885+0000][1][safepoint    ] Entering safepoint region: Deoptimize
[2019-06-24T09:20:46.885+0000][1][safepoint    ] Leaving safepoint region
[2019-06-24T09:20:46.885+0000][1][safepoint    ] Total time for which application threads were stopped: 0.0003429 seconds, Stopping threads took: 0.0000113 seconds
[2019-06-24T09:20:46.890+0000][1][safepoint    ] Application time: 0.0046331 seconds
[2019-06-24T09:20:46.890+0000][1][safepoint    ] Entering safepoint region: Deoptimize
[2019-06-24T09:20:46.890+0000][1][safepoint    ] Leaving safepoint region
[2019-06-24T09:20:46.890+0000][1][safepoint    ] Total time for which application threads were stopped: 0.0004070 seconds, Stopping threads took: 0.0000147 seconds
[2019-06-24T09:20:47.000+0000][1][safepoint    ] Application time: 0.1097390 seconds
[2019-06-24T09:20:47.000+0000][1][safepoint    ] Entering safepoint region: GenCollectForAllocation
[2019-06-24T09:20:47.000+0000][1][gc,start     ] GC(12) Pause Young (Allocation Failure)
[2019-06-24T09:20:47.000+0000][1][gc,task      ] GC(12) Using 5 workers of 8 for evacuation
[2019-06-24T09:20:47.005+0000][1][gc,age       ] GC(12) Desired survivor size 4456448 bytes, new threshold 4 (max threshold 6)
[2019-06-24T09:20:47.005+0000][1][gc,age       ] GC(12) Age table with threshold 4 (max threshold 6)
[2019-06-24T09:20:47.005+0000][1][gc,age       ] GC(12) - age   1:    3751976 bytes,    3751976 total
[2019-06-24T09:20:47.005+0000][1][gc,age       ] GC(12) - age   2:     345416 bytes,    4097392 total
[2019-06-24T09:20:47.005+0000][1][gc,age       ] GC(12) - age   3:      98896 bytes,    4196288 total
[2019-06-24T09:20:47.005+0000][1][gc,age       ] GC(12) - age   4:     338704 bytes,    4534992 total
[2019-06-24T09:20:47.005+0000][1][gc,age       ] GC(12) - age   5:     655056 bytes,    5190048 total
[2019-06-24T09:20:47.005+0000][1][gc,age       ] GC(12) - age   6:    1128896 bytes,    6318944 total
[2019-06-24T09:20:47.005+0000][1][gc,heap      ] GC(12) ParNew: 75092K->7620K(78656K)
[2019-06-24T09:20:47.005+0000][1][gc,heap      ] GC(12) CMS: 13991K->13991K(174784K)
[2019-06-24T09:20:47.005+0000][1][gc,metaspace ] GC(12) Metaspace: 26249K->26249K(1073152K)
[2019-06-24T09:20:47.005+0000][1][gc           ] GC(12) Pause Young (Allocation Failure) 86M->21M(247M) 4.671ms
[2019-06-24T09:20:47.005+0000][1][gc,cpu       ] GC(12) User=0.03s Sys=0.00s Real=0.01s
[2019-06-24T09:20:47.005+0000][1][safepoint    ] Leaving safepoint region
[2019-06-24T09:20:47.005+0000][1][safepoint    ] Total time for which application threads were stopped: 0.0048082 seconds, Stopping threads took: 0.0000168 seconds
[2019-06-24T09:20:47.196+0000][1][safepoint    ] Application time: 0.1911619 seconds
[2019-06-24T09:20:47.196+0000][1][safepoint    ] Entering safepoint region: RevokeBias
[2019-06-24T09:20:47.196+0000][1][safepoint    ] Leaving safepoint region
[2019-06-24T09:20:47.196+0000][1][safepoint    ] Total time for which application threads were stopped: 0.0002820 seconds, Stopping threads took: 0.0000173 seconds
[2019-06-24T09:20:47.607+0000][1][safepoint    ] Application time: 0.4104833 seconds
[2019-06-24T09:20:47.607+0000][1][safepoint    ] Entering safepoint region: GenCollectForAllocation
[2019-06-24T09:20:47.607+0000][1][gc,start     ] GC(13) Pause Young (Allocation Failure)
[2019-06-24T09:20:47.607+0000][1][gc,task      ] GC(13) Using 5 workers of 8 for evacuation
[2019-06-24T09:20:47.627+0000][1][gc,age       ] GC(13) Desired survivor size 4456448 bytes, new threshold 1 (max threshold 6)
[2019-06-24T09:20:47.627+0000][1][gc,age       ] GC(13) Age table with threshold 1 (max threshold 6)
[2019-06-24T09:20:47.627+0000][1][gc,age       ] GC(13) - age   1:    5187432 bytes,    5187432 total
[2019-06-24T09:20:47.627+0000][1][gc,age       ] GC(13) - age   2:    3282672 bytes,    8470104 total
[2019-06-24T09:20:47.627+0000][1][gc,age       ] GC(13) - age   3:     345184 bytes,    8815288 total
[2019-06-24T09:20:47.627+0000][1][gc,age       ] GC(13) - age   4:      98896 bytes,    8914184 total
[2019-06-24T09:20:47.627+0000][1][gc,heap      ] GC(13) ParNew: 77572K->8704K(78656K)
[2019-06-24T09:20:47.627+0000][1][gc,heap      ] GC(13) CMS: 13991K->26185K(174784K)
[2019-06-24T09:20:47.627+0000][1][gc,metaspace ] GC(13) Metaspace: 26921K->26921K(1075200K)
[2019-06-24T09:20:47.627+0000][1][gc           ] GC(13) Pause Young (Allocation Failure) 89M->34M(247M) 19.643ms
[2019-06-24T09:20:47.627+0000][1][gc,cpu       ] GC(13) User=0.12s Sys=0.00s Real=0.02s
[2019-06-24T09:20:47.627+0000][1][safepoint    ] Leaving safepoint region
[2019-06-24T09:20:47.627+0000][1][safepoint    ] Total time for which application threads were stopped: 0.0198102 seconds, Stopping threads took: 0.0000190 seconds
[2019-06-24T09:20:47.992+0000][1][safepoint    ] Application time: 0.3656873 seconds
[2019-06-24T09:20:47.992+0000][1][safepoint    ] Entering safepoint region: GenCollectForAllocation
[2019-06-24T09:20:47.993+0000][1][gc,start     ] GC(14) Pause Young (Allocation Failure)
[2019-06-24T09:20:47.993+0000][1][gc,task      ] GC(14) Using 5 workers of 8 for evacuation
[2019-06-24T09:20:48.016+0000][1][gc,age       ] GC(14) Desired survivor size 4456448 bytes, new threshold 1 (max threshold 6)
[2019-06-24T09:20:48.016+0000][1][gc,age       ] GC(14) Age table with threshold 1 (max threshold 6)
[2019-06-24T09:20:48.016+0000][1][gc,age       ] GC(14) - age   1:    8912728 bytes,    8912728 total
[2019-06-24T09:20:48.016+0000][1][gc,heap      ] GC(14) ParNew: 78656K->8704K(78656K)
[2019-06-24T09:20:48.016+0000][1][gc,heap      ] GC(14) CMS: 26185K->38855K(174784K)
[2019-06-24T09:20:48.016+0000][1][gc,metaspace ] GC(14) Metaspace: 26955K->26955K(1075200K)
[2019-06-24T09:20:48.016+0000][1][gc           ] GC(14) Pause Young (Allocation Failure) 102M->46M(247M) 23.368ms
[2019-06-24T09:20:48.016+0000][1][gc,cpu       ] GC(14) User=0.18s Sys=0.00s Real=0.03s
[2019-06-24T09:20:48.016+0000][1][safepoint    ] Leaving safepoint region
[2019-06-24T09:20:48.016+0000][1][safepoint    ] Total time for which application threads were stopped: 0.0235303 seconds, Stopping threads took: 0.0000414 seconds
[2019-06-24T09:20:48.127+0000][1][safepoint    ] Application time: 0.1107585 seconds
[2019-06-24T09:20:48.127+0000][1][safepoint    ] Entering safepoint region: Deoptimize
[2019-06-24T09:20:48.127+0000][1][safepoint    ] Leaving safepoint region
[2019-06-24T09:20:48.127+0000][1][safepoint    ] Total time for which application threads were stopped: 0.0003991 seconds, Stopping threads took: 0.0000160 seconds
[2019-06-24T09:20:48.226+0000][1][safepoint    ] Application time: 0.0986841 seconds
[2019-06-24T09:20:48.226+0000][1][safepoint    ] Entering safepoint region: RevokeBias
[2019-06-24T09:20:48.226+0000][1][safepoint    ] Leaving safepoint region
[2019-06-24T09:20:48.226+0000][1][safepoint    ] Total time for which application threads were stopped: 0.0001121 seconds, Stopping threads took: 0.0000158 seconds
[2019-06-24T09:20:48.530+0000][1][safepoint    ] Application time: 0.3037045 seconds
[2019-06-24T09:20:48.530+0000][1][safepoint    ] Entering safepoint region: GenCollectForAllocation
[2019-06-24T09:20:48.530+0000][1][gc,start     ] GC(15) Pause Young (Allocation Failure)
[2019-06-24T09:20:48.530+0000][1][gc,task      ] GC(15) Using 5 workers of 8 for evacuation
[2019-06-24T09:20:48.547+0000][1][gc,age       ] GC(15) Desired survivor size 4456448 bytes, new threshold 1 (max threshold 6)
[2019-06-24T09:20:48.547+0000][1][gc,age       ] GC(15) Age table with threshold 1 (max threshold 6)
[2019-06-24T09:20:48.547+0000][1][gc,age       ] GC(15) - age   1:    6792536 bytes,    6792536 total
[2019-06-24T09:20:48.547+0000][1][gc,heap      ] GC(15) ParNew: 78656K->8704K(78656K)
[2019-06-24T09:20:48.547+0000][1][gc,heap      ] GC(15) CMS: 38855K->48745K(174784K)
[2019-06-24T09:20:48.547+0000][1][gc,metaspace ] GC(15) Metaspace: 32224K->32224K(1079296K)
[2019-06-24T09:20:48.547+0000][1][gc           ] GC(15) Pause Young (Allocation Failure) 114M->56M(247M) 17.235ms
[2019-06-24T09:20:48.547+0000][1][gc,cpu       ] GC(15) User=0.11s Sys=0.00s Real=0.02s
[2019-06-24T09:20:48.547+0000][1][safepoint    ] Leaving safepoint region
[2019-06-24T09:20:48.547+0000][1][safepoint    ] Total time for which application threads were stopped: 0.0174787 seconds, Stopping threads took: 0.0000161 seconds
[2019-06-24T09:20:48.669+0000][1][safepoint    ] Application time: 0.1216830 seconds
[2019-06-24T09:20:48.669+0000][1][safepoint    ] Entering safepoint region: GenCollectForAllocation
[2019-06-24T09:20:48.669+0000][1][gc,start     ] GC(16) Pause Young (Allocation Failure)
[2019-06-24T09:20:48.669+0000][1][gc,task      ] GC(16) Using 5 workers of 8 for evacuation
[2019-06-24T09:20:48.677+0000][1][gc,age       ] GC(16) Desired survivor size 4456448 bytes, new threshold 6 (max threshold 6)
[2019-06-24T09:20:48.677+0000][1][gc,age       ] GC(16) Age table with threshold 6 (max threshold 6)
[2019-06-24T09:20:48.677+0000][1][gc,age       ] GC(16) - age   1:     318368 bytes,     318368 total
[2019-06-24T09:20:48.677+0000][1][gc,heap      ] GC(16) ParNew: 78656K->7094K(78656K)
[2019-06-24T09:20:48.677+0000][1][gc,heap      ] GC(16) CMS: 48745K->55434K(174784K)
[2019-06-24T09:20:48.677+0000][1][gc,metaspace ] GC(16) Metaspace: 32812K->32812K(1079296K)
[2019-06-24T09:20:48.677+0000][1][gc           ] GC(16) Pause Young (Allocation Failure) 124M->61M(247M) 7.876ms
[2019-06-24T09:20:48.677+0000][1][gc,cpu       ] GC(16) User=0.05s Sys=0.00s Real=0.01s
[2019-06-24T09:20:48.677+0000][1][safepoint    ] Leaving safepoint region
[2019-06-24T09:20:48.677+0000][1][safepoint    ] Total time for which application threads were stopped: 0.0080484 seconds, Stopping threads took: 0.0000254 seconds
[2019-06-24T09:20:48.914+0000][1][safepoint    ] Application time: 0.2370628 seconds
[2019-06-24T09:20:48.914+0000][1][safepoint    ] Entering safepoint region: CollectForMetadataAllocation
[2019-06-24T09:20:48.914+0000][1][safepoint    ] Leaving safepoint region
[2019-06-24T09:20:48.914+0000][1][safepoint    ] Total time for which application threads were stopped: 0.0002907 seconds, Stopping threads took: 0.0000167 seconds
[2019-06-24T09:20:48.927+0000][1][safepoint    ] Application time: 0.0127136 seconds
[2019-06-24T09:20:48.927+0000][1][safepoint    ] Entering safepoint region: CollectForMetadataAllocation
[2019-06-24T09:20:48.927+0000][1][safepoint    ] Leaving safepoint region
[2019-06-24T09:20:48.927+0000][1][safepoint    ] Total time for which application threads were stopped: 0.0001784 seconds, Stopping threads took: 0.0000172 seconds
[2019-06-24T09:20:48.938+0000][1][safepoint    ] Application time: 0.0109218 seconds
[2019-06-24T09:20:48.938+0000][1][safepoint    ] Entering safepoint region: CollectForMetadataAllocation
[2019-06-24T09:20:48.939+0000][1][safepoint    ] Leaving safepoint region
[2019-06-24T09:20:48.939+0000][1][safepoint    ] Total time for which application threads were stopped: 0.0001660 seconds, Stopping threads took: 0.0000134 seconds
[2019-06-24T09:20:48.964+0000][1][safepoint    ] Application time: 0.0255953 seconds
[2019-06-24T09:20:48.964+0000][1][safepoint    ] Entering safepoint region: CollectForMetadataAllocation
[2019-06-24T09:20:48.964+0000][1][safepoint    ] Leaving safepoint region
[2019-06-24T09:20:48.964+0000][1][safepoint    ] Total time for which application threads were stopped: 0.0002004 seconds, Stopping threads took: 0.0000173 seconds
[2019-06-24T09:20:48.980+0000][1][safepoint    ] Application time: 0.0159195 seconds
[2019-06-24T09:20:48.980+0000][1][safepoint    ] Entering safepoint region: CollectForMetadataAllocation
[2019-06-24T09:20:48.981+0000][1][safepoint    ] Leaving safepoint region
[2019-06-24T09:20:48.981+0000][1][safepoint    ] Total time for which application threads were stopped: 0.0001847 seconds, Stopping threads took: 0.0000160 seconds
[2019-06-24T09:20:49.000+0000][1][safepoint    ] Application time: 0.0190071 seconds
[2019-06-24T09:20:49.000+0000][1][safepoint    ] Entering safepoint region: CollectForMetadataAllocation
[2019-06-24T09:20:49.000+0000][1][safepoint    ] Leaving safepoint region
[2019-06-24T09:20:49.000+0000][1][safepoint    ] Total time for which application threads were stopped: 0.0001933 seconds, Stopping threads took: 0.0000149 seconds
[2019-06-24T09:20:49.014+0000][1][safepoint    ] Application time: 0.0137167 seconds
[2019-06-24T09:20:49.014+0000][1][safepoint    ] Entering safepoint region: CollectForMetadataAllocation
[2019-06-24T09:20:49.014+0000][1][safepoint    ] Leaving safepoint region
[2019-06-24T09:20:49.014+0000][1][safepoint    ] Total time for which application threads were stopped: 0.0001944 seconds, Stopping threads took: 0.0000180 seconds
[2019-06-24T09:20:49.033+0000][1][safepoint    ] Application time: 0.0191033 seconds
[2019-06-24T09:20:49.033+0000][1][safepoint    ] Entering safepoint region: CollectForMetadataAllocation
[2019-06-24T09:20:49.033+0000][1][safepoint    ] Leaving safepoint region
[2019-06-24T09:20:49.033+0000][1][safepoint    ] Total time for which application threads were stopped: 0.0001389 seconds, Stopping threads took: 0.0000122 seconds
[2019-06-24T09:20:49.042+0000][1][safepoint    ] Application time: 0.0092925 seconds
[2019-06-24T09:20:49.042+0000][1][safepoint    ] Entering safepoint region: RevokeBias
[2019-06-24T09:20:49.042+0000][1][safepoint    ] Leaving safepoint region
[2019-06-24T09:20:49.043+0000][1][safepoint    ] Total time for which application threads were stopped: 0.0001302 seconds, Stopping threads took: 0.0000109 seconds
[2019-06-24T09:20:49.076+0000][1][safepoint    ] Application time: 0.0335654 seconds
[2019-06-24T09:20:49.076+0000][1][safepoint    ] Entering safepoint region: CollectForMetadataAllocation
[2019-06-24T09:20:49.076+0000][1][safepoint    ] Leaving safepoint region
[2019-06-24T09:20:49.076+0000][1][safepoint    ] Total time for which application threads were stopped: 0.0002183 seconds, Stopping threads took: 0.0000818 seconds
[2019-06-24T09:20:49.090+0000][1][safepoint    ] Application time: 0.0140820 seconds
[2019-06-24T09:20:49.090+0000][1][safepoint    ] Entering safepoint region: CollectForMetadataAllocation
[2019-06-24T09:20:49.091+0000][1][safepoint    ] Leaving safepoint region
[2019-06-24T09:20:49.091+0000][1][safepoint    ] Total time for which application threads were stopped: 0.0001555 seconds, Stopping threads took: 0.0000124 seconds
[2019-06-24T09:20:49.103+0000][1][safepoint    ] Application time: 0.0124914 seconds
[2019-06-24T09:20:49.103+0000][1][safepoint    ] Entering safepoint region: CollectForMetadataAllocation
[2019-06-24T09:20:49.103+0000][1][safepoint    ] Leaving safepoint region
[2019-06-24T09:20:49.103+0000][1][safepoint    ] Total time for which application threads were stopped: 0.0001462 seconds, Stopping threads took: 0.0000100 seconds
[2019-06-24T09:20:49.120+0000][1][safepoint    ] Application time: 0.0170558 seconds
[2019-06-24T09:20:49.120+0000][1][safepoint    ] Entering safepoint region: CollectForMetadataAllocation
[2019-06-24T09:20:49.121+0000][1][safepoint    ] Leaving safepoint region
[2019-06-24T09:20:49.121+0000][1][safepoint    ] Total time for which application threads were stopped: 0.0001495 seconds, Stopping threads took: 0.0000112 seconds
[2019-06-24T09:20:49.133+0000][1][safepoint    ] Application time: 0.0124511 seconds
[2019-06-24T09:20:49.133+0000][1][safepoint    ] Entering safepoint region: CollectForMetadataAllocation
[2019-06-24T09:20:49.133+0000][1][safepoint    ] Leaving safepoint region
[2019-06-24T09:20:49.133+0000][1][safepoint    ] Total time for which application threads were stopped: 0.0001650 seconds, Stopping threads took: 0.0000108 seconds
[2019-06-24T09:20:49.147+0000][1][safepoint    ] Application time: 0.0140204 seconds
[2019-06-24T09:20:49.147+0000][1][safepoint    ] Entering safepoint region: CollectForMetadataAllocation
[2019-06-24T09:20:49.147+0000][1][safepoint    ] Leaving safepoint region
[2019-06-24T09:20:49.147+0000][1][safepoint    ] Total time for which application threads were stopped: 0.0001827 seconds, Stopping threads took: 0.0000153 seconds
[2019-06-24T09:20:49.167+0000][1][safepoint    ] Application time: 0.0197994 seconds
[2019-06-24T09:20:49.167+0000][1][safepoint    ] Entering safepoint region: CollectForMetadataAllocation
[2019-06-24T09:20:49.167+0000][1][safepoint    ] Leaving safepoint region
[2019-06-24T09:20:49.167+0000][1][safepoint    ] Total time for which application threads were stopped: 0.0001505 seconds, Stopping threads took: 0.0000113 seconds
[2019-06-24T09:20:49.181+0000][1][safepoint    ] Application time: 0.0133249 seconds
[2019-06-24T09:20:49.181+0000][1][safepoint    ] Entering safepoint region: CollectForMetadataAllocation
[2019-06-24T09:20:49.181+0000][1][safepoint    ] Leaving safepoint region
[2019-06-24T09:20:49.181+0000][1][safepoint    ] Total time for which application threads were stopped: 0.0002207 seconds, Stopping threads took: 0.0000952 seconds
[2019-06-24T09:20:49.206+0000][1][safepoint    ] Application time: 0.0249490 seconds
[2019-06-24T09:20:49.206+0000][1][safepoint    ] Entering safepoint region: CollectForMetadataAllocation
[2019-06-24T09:20:49.206+0000][1][safepoint    ] Leaving safepoint region
[2019-06-24T09:20:49.206+0000][1][safepoint    ] Total time for which application threads were stopped: 0.0001487 seconds, Stopping threads took: 0.0000186 seconds
[2019-06-24T09:20:49.217+0000][1][safepoint    ] Application time: 0.0105667 seconds
[2019-06-24T09:20:49.217+0000][1][safepoint    ] Entering safepoint region: CollectForMetadataAllocation
[2019-06-24T09:20:49.217+0000][1][safepoint    ] Leaving safepoint region
[2019-06-24T09:20:49.217+0000][1][safepoint    ] Total time for which application threads were stopped: 0.0000990 seconds, Stopping threads took: 0.0000108 seconds
[2019-06-24T09:20:49.232+0000][1][safepoint    ] Application time: 0.0155591 seconds
[2019-06-24T09:20:49.232+0000][1][safepoint    ] Entering safepoint region: CollectForMetadataAllocation
[2019-06-24T09:20:49.233+0000][1][safepoint    ] Leaving safepoint region
[2019-06-24T09:20:49.233+0000][1][safepoint    ] Total time for which application threads were stopped: 0.0001367 seconds, Stopping threads took: 0.0000107 seconds
[2019-06-24T09:20:49.246+0000][1][safepoint    ] Application time: 0.0135660 seconds
[2019-06-24T09:20:49.246+0000][1][safepoint    ] Entering safepoint region: CollectForMetadataAllocation
[2019-06-24T09:20:49.246+0000][1][safepoint    ] Leaving safepoint region
[2019-06-24T09:20:49.246+0000][1][safepoint    ] Total time for which application threads were stopped: 0.0001176 seconds, Stopping threads took: 0.0000163 seconds
[2019-06-24T09:20:49.260+0000][1][safepoint    ] Application time: 0.0134896 seconds
[2019-06-24T09:20:49.260+0000][1][safepoint    ] Entering safepoint region: CollectForMetadataAllocation
[2019-06-24T09:20:49.260+0000][1][safepoint    ] Leaving safepoint region
[2019-06-24T09:20:49.260+0000][1][safepoint    ] Total time for which application threads were stopped: 0.0001612 seconds, Stopping threads took: 0.0000152 seconds
[2019-06-24T09:20:49.292+0000][1][safepoint    ] Application time: 0.0315447 seconds
[2019-06-24T09:20:49.292+0000][1][safepoint    ] Entering safepoint region: CollectForMetadataAllocation
[2019-06-24T09:20:49.292+0000][1][safepoint    ] Leaving safepoint region
[2019-06-24T09:20:49.292+0000][1][safepoint    ] Total time for which application threads were stopped: 0.0001756 seconds, Stopping threads took: 0.0000142 seconds
[2019-06-24T09:20:49.313+0000][1][safepoint    ] Application time: 0.0209200 seconds
[2019-06-24T09:20:49.313+0000][1][safepoint    ] Entering safepoint region: CollectForMetadataAllocation
[2019-06-24T09:20:49.313+0000][1][safepoint    ] Leaving safepoint region
[2019-06-24T09:20:49.313+0000][1][safepoint    ] Total time for which application threads were stopped: 0.0001823 seconds, Stopping threads took: 0.0000152 seconds
[2019-06-24T09:20:49.329+0000][1][safepoint    ] Application time: 0.0162062 seconds
[2019-06-24T09:20:49.329+0000][1][safepoint    ] Entering safepoint region: CollectForMetadataAllocation
[2019-06-24T09:20:49.329+0000][1][safepoint    ] Leaving safepoint region
[2019-06-24T09:20:49.329+0000][1][safepoint    ] Total time for which application threads were stopped: 0.0001408 seconds, Stopping threads took: 0.0000158 seconds
[2019-06-24T09:20:49.345+0000][1][safepoint    ] Application time: 0.0160783 seconds
[2019-06-24T09:20:49.345+0000][1][safepoint    ] Entering safepoint region: CollectForMetadataAllocation
[2019-06-24T09:20:49.346+0000][1][safepoint    ] Leaving safepoint region
[2019-06-24T09:20:49.346+0000][1][safepoint    ] Total time for which application threads were stopped: 0.0001925 seconds, Stopping threads took: 0.0000158 seconds
[2019-06-24T09:20:49.350+0000][1][safepoint    ] Application time: 0.0041412 seconds
[2019-06-24T09:20:49.350+0000][1][safepoint    ] Entering safepoint region: RevokeBias
[2019-06-24T09:20:49.350+0000][1][safepoint    ] Leaving safepoint region
[2019-06-24T09:20:49.350+0000][1][safepoint    ] Total time for which application threads were stopped: 0.0000999 seconds, Stopping threads took: 0.0000289 seconds
[2019-06-24T09:20:49.362+0000][1][safepoint    ] Application time: 0.0121300 seconds
[2019-06-24T09:20:49.362+0000][1][safepoint    ] Entering safepoint region: CollectForMetadataAllocation
[2019-06-24T09:20:49.362+0000][1][safepoint    ] Leaving safepoint region
[2019-06-24T09:20:49.362+0000][1][safepoint    ] Total time for which application threads were stopped: 0.0002078 seconds, Stopping threads took: 0.0000162 seconds
[2019-06-24T09:20:49.829+0000][1][safepoint    ] Application time: 0.4665619 seconds
[2019-06-24T09:20:49.829+0000][1][safepoint    ] Entering safepoint region: CollectForMetadataAllocation
[2019-06-24T09:20:49.829+0000][1][safepoint    ] Leaving safepoint region
[2019-06-24T09:20:49.829+0000][1][safepoint    ] Total time for which application threads were stopped: 0.0002148 seconds, Stopping threads took: 0.0000192 seconds
[2019-06-24T09:20:49.840+0000][1][safepoint    ] Application time: 0.0107331 seconds
[2019-06-24T09:20:49.840+0000][1][safepoint    ] Entering safepoint region: GenCollectForAllocation
[2019-06-24T09:20:49.840+0000][1][gc,start     ] GC(17) Pause Young (Allocation Failure)
[2019-06-24T09:20:49.840+0000][1][gc,task      ] GC(17) Using 5 workers of 8 for evacuation
[2019-06-24T09:20:49.844+0000][1][gc,age       ] GC(17) Desired survivor size 4456448 bytes, new threshold 6 (max threshold 6)
[2019-06-24T09:20:49.844+0000][1][gc,age       ] GC(17) Age table with threshold 6 (max threshold 6)
[2019-06-24T09:20:49.844+0000][1][gc,age       ] GC(17) - age   1:    3766928 bytes,    3766928 total
[2019-06-24T09:20:49.844+0000][1][gc,age       ] GC(17) - age   2:     279024 bytes,    4045952 total
[2019-06-24T09:20:49.844+0000][1][gc,heap      ] GC(17) ParNew: 77046K->4762K(78656K)
[2019-06-24T09:20:49.845+0000][1][gc,heap      ] GC(17) CMS: 55434K->55434K(174784K)
[2019-06-24T09:20:49.845+0000][1][gc,metaspace ] GC(17) Metaspace: 42183K->42183K(1087488K)
[2019-06-24T09:20:49.845+0000][1][gc           ] GC(17) Pause Young (Allocation Failure) 129M->58M(247M) 4.484ms
[2019-06-24T09:20:49.845+0000][1][gc,cpu       ] GC(17) User=0.03s Sys=0.00s Real=0.01s
[2019-06-24T09:20:49.845+0000][1][safepoint    ] Leaving safepoint region
[2019-06-24T09:20:49.845+0000][1][safepoint    ] Total time for which application threads were stopped: 0.0046215 seconds, Stopping threads took: 0.0000152 seconds
[2019-06-24T09:20:49.845+0000][1][safepoint    ] Application time: 0.0000926 seconds
[2019-06-24T09:20:49.845+0000][1][safepoint    ] Entering safepoint region: CMS_Initial_Mark
[2019-06-24T09:20:49.845+0000][1][gc,start     ] GC(18) Pause Initial Mark
[2019-06-24T09:20:49.846+0000][1][gc           ] GC(18) Pause Initial Mark 60M->60M(247M) 1.253ms
[2019-06-24T09:20:49.846+0000][1][gc,cpu       ] GC(18) User=0.01s Sys=0.00s Real=0.00s
[2019-06-24T09:20:49.846+0000][1][safepoint    ] Leaving safepoint region
[2019-06-24T09:20:49.846+0000][1][safepoint    ] Total time for which application threads were stopped: 0.0013712 seconds, Stopping threads took: 0.0000397 seconds
[2019-06-24T09:20:49.846+0000][1][gc           ] GC(18) Concurrent Mark
[2019-06-24T09:20:49.846+0000][1][gc,task      ] GC(18) Using 2 workers of 2 for marking
[2019-06-24T09:20:49.861+0000][1][safepoint    ] Application time: 0.0147407 seconds
[2019-06-24T09:20:49.861+0000][1][safepoint    ] Entering safepoint region: CollectForMetadataAllocation
[2019-06-24T09:20:49.861+0000][1][safepoint    ] Leaving safepoint region
[2019-06-24T09:20:49.861+0000][1][safepoint    ] Total time for which application threads were stopped: 0.0001543 seconds, Stopping threads took: 0.0000104 seconds
[2019-06-24T09:20:49.883+0000][1][safepoint    ] Application time: 0.0215028 seconds
[2019-06-24T09:20:49.883+0000][1][safepoint    ] Entering safepoint region: CollectForMetadataAllocation
[2019-06-24T09:20:49.883+0000][1][safepoint    ] Leaving safepoint region
[2019-06-24T09:20:49.883+0000][1][safepoint    ] Total time for which application threads were stopped: 0.0001526 seconds, Stopping threads took: 0.0000114 seconds
[2019-06-24T09:20:49.893+0000][1][gc           ] GC(18) Concurrent Mark 47.141ms
[2019-06-24T09:20:49.893+0000][1][gc,cpu       ] GC(18) User=0.17s Sys=0.00s Real=0.04s
[2019-06-24T09:20:49.893+0000][1][gc           ] GC(18) Concurrent Preclean
[2019-06-24T09:20:49.895+0000][1][gc           ] GC(18) Concurrent Preclean 1.405ms
[2019-06-24T09:20:49.895+0000][1][gc,cpu       ] GC(18) User=0.01s Sys=0.00s Real=0.01s
[2019-06-24T09:20:49.895+0000][1][gc           ] GC(18) Concurrent Abortable Preclean
[2019-06-24T09:20:50.076+0000][1][safepoint    ] Application time: 0.1932570 seconds
[2019-06-24T09:20:50.076+0000][1][safepoint    ] Entering safepoint region: CollectForMetadataAllocation
[2019-06-24T09:20:50.076+0000][1][safepoint    ] Leaving safepoint region
[2019-06-24T09:20:50.076+0000][1][safepoint    ] Total time for which application threads were stopped: 0.0002169 seconds, Stopping threads took: 0.0000122 seconds
[2019-06-24T09:20:50.098+0000][1][safepoint    ] Application time: 0.0216062 seconds
[2019-06-24T09:20:50.098+0000][1][safepoint    ] Entering safepoint region: CollectForMetadataAllocation
[2019-06-24T09:20:50.098+0000][1][safepoint    ] Leaving safepoint region
[2019-06-24T09:20:50.098+0000][1][safepoint    ] Total time for which application threads were stopped: 0.0001741 seconds, Stopping threads took: 0.0000161 seconds
[2019-06-24T09:20:50.109+0000][1][safepoint    ] Application time: 0.0110125 seconds
[2019-06-24T09:20:50.109+0000][1][safepoint    ] Entering safepoint region: CollectForMetadataAllocation
[2019-06-24T09:20:50.109+0000][1][safepoint    ] Leaving safepoint region
[2019-06-24T09:20:50.109+0000][1][safepoint    ] Total time for which application threads were stopped: 0.0001615 seconds, Stopping threads took: 0.0000112 seconds
[2019-06-24T09:20:50.144+0000][1][safepoint    ] Application time: 0.0351352 seconds
[2019-06-24T09:20:50.145+0000][1][safepoint    ] Entering safepoint region: CollectForMetadataAllocation
[2019-06-24T09:20:50.145+0000][1][safepoint    ] Leaving safepoint region
[2019-06-24T09:20:50.145+0000][1][safepoint    ] Total time for which application threads were stopped: 0.0002608 seconds, Stopping threads took: 0.0001409 seconds
[2019-06-24T09:20:50.164+0000][1][safepoint    ] Application time: 0.0196439 seconds
[2019-06-24T09:20:50.164+0000][1][safepoint    ] Entering safepoint region: CollectForMetadataAllocation
[2019-06-24T09:20:50.165+0000][1][safepoint    ] Leaving safepoint region
[2019-06-24T09:20:50.165+0000][1][safepoint    ] Total time for which application threads were stopped: 0.0001589 seconds, Stopping threads took: 0.0000112 seconds
[2019-06-24T09:20:50.166+0000][1][gc           ] GC(18) Concurrent Abortable Preclean 270.834ms
[2019-06-24T09:20:50.166+0000][1][gc,cpu       ] GC(18) User=1.17s Sys=0.03s Real=0.27s
[2019-06-24T09:20:50.166+0000][1][safepoint    ] Application time: 0.0011342 seconds
[2019-06-24T09:20:50.166+0000][1][safepoint    ] Entering safepoint region: CMS_Final_Remark
[2019-06-24T09:20:50.166+0000][1][gc,start     ] GC(18) Pause Remark
[2019-06-24T09:20:50.179+0000][1][gc           ] GC(18) Pause Remark 95M->95M(247M) 13.327ms
[2019-06-24T09:20:50.179+0000][1][gc,cpu       ] GC(18) User=0.06s Sys=0.00s Real=0.01s
[2019-06-24T09:20:50.179+0000][1][safepoint    ] Leaving safepoint region
[2019-06-24T09:20:50.179+0000][1][safepoint    ] Total time for which application threads were stopped: 0.0134383 seconds, Stopping threads took: 0.0000162 seconds
[2019-06-24T09:20:50.179+0000][1][gc           ] GC(18) Concurrent Sweep
[2019-06-24T09:20:50.200+0000][1][gc           ] GC(18) Concurrent Sweep 20.731ms
[2019-06-24T09:20:50.200+0000][1][gc,cpu       ] GC(18) User=0.07s Sys=0.00s Real=0.02s
[2019-06-24T09:20:50.200+0000][1][gc           ] GC(18) Concurrent Reset
[2019-06-24T09:20:50.200+0000][1][gc           ] GC(18) Concurrent Reset 0.304ms
[2019-06-24T09:20:50.200+0000][1][gc,cpu       ] GC(18) User=0.00s Sys=0.00s Real=0.00s
[2019-06-24T09:20:50.200+0000][1][gc,heap      ] GC(18) Old: 55434K->55218K(174784K)
[2019-06-24T09:20:50.237+0000][1][safepoint    ] Application time: 0.0582492 seconds
[2019-06-24T09:20:50.237+0000][1][safepoint    ] Entering safepoint region: RevokeBias
[2019-06-24T09:20:50.238+0000][1][safepoint    ] Leaving safepoint region
[2019-06-24T09:20:50.238+0000][1][safepoint    ] Total time for which application threads were stopped: 0.0006199 seconds, Stopping threads took: 0.0000109 seconds
[2019-06-24T09:20:50.243+0000][1][safepoint    ] Application time: 0.0052386 seconds
[2019-06-24T09:20:50.243+0000][1][safepoint    ] Entering safepoint region: RevokeBias
[2019-06-24T09:20:50.243+0000][1][safepoint    ] Leaving safepoint region
[2019-06-24T09:20:50.243+0000][1][safepoint    ] Total time for which application threads were stopped: 0.0000556 seconds, Stopping threads took: 0.0000093 seconds
[2019-06-24T09:20:50.388+0000][1][safepoint    ] Application time: 0.1444799 seconds
[2019-06-24T09:20:50.388+0000][1][safepoint    ] Entering safepoint region: RevokeBias
[2019-06-24T09:20:50.388+0000][1][safepoint    ] Leaving safepoint region
[2019-06-24T09:20:50.388+0000][1][safepoint    ] Total time for which application threads were stopped: 0.0004214 seconds, Stopping threads took: 0.0000460 seconds
[2019-06-24T09:20:50.388+0000][1][safepoint    ] Application time: 0.0001051 seconds
[2019-06-24T09:20:50.389+0000][1][safepoint    ] Entering safepoint region: RevokeBias
[2019-06-24T09:20:50.389+0000][1][safepoint    ] Leaving safepoint region
[2019-06-24T09:20:50.389+0000][1][safepoint    ] Total time for which application threads were stopped: 0.0000995 seconds, Stopping threads took: 0.0000355 seconds
[2019-06-24T09:20:50.389+0000][1][safepoint    ] Application time: 0.0002122 seconds
[2019-06-24T09:20:50.389+0000][1][safepoint    ] Entering safepoint region: RevokeBias
[2019-06-24T09:20:50.389+0000][1][safepoint    ] Leaving safepoint region
[2019-06-24T09:20:50.389+0000][1][safepoint    ] Total time for which application threads were stopped: 0.0002505 seconds, Stopping threads took: 0.0001952 seconds
[2019-06-24T09:20:50.389+0000][1][safepoint    ] Application time: 0.0000862 seconds
[2019-06-24T09:20:50.389+0000][1][safepoint    ] Entering safepoint region: RevokeBias
[2019-06-24T09:20:50.389+0000][1][safepoint    ] Leaving safepoint region
[2019-06-24T09:20:50.389+0000][1][safepoint    ] Total time for which application threads were stopped: 0.0002816 seconds, Stopping threads took: 0.0002396 seconds
[2019-06-24T09:20:50.442+0000][1][safepoint    ] Application time: 0.0528657 seconds
[2019-06-24T09:20:50.442+0000][1][safepoint    ] Entering safepoint region: RevokeBias
[2019-06-24T09:20:50.442+0000][1][safepoint    ] Leaving safepoint region
[2019-06-24T09:20:50.443+0000][1][safepoint    ] Total time for which application threads were stopped: 0.0001213 seconds, Stopping threads took: 0.0000181 seconds
[2019-06-24T09:20:50.443+0000][1][safepoint    ] Application time: 0.0001165 seconds
[2019-06-24T09:20:50.443+0000][1][safepoint    ] Entering safepoint region: RevokeBias
[2019-06-24T09:20:50.443+0000][1][safepoint    ] Leaving safepoint region
[2019-06-24T09:20:50.443+0000][1][safepoint    ] Total time for which application threads were stopped: 0.0002840 seconds, Stopping threads took: 0.0002226 seconds
[2019-06-24T09:20:50.443+0000][1][safepoint    ] Application time: 0.0000836 seconds
[2019-06-24T09:20:50.443+0000][1][safepoint    ] Entering safepoint region: RevokeBias
[2019-06-24T09:20:50.443+0000][1][safepoint    ] Leaving safepoint region
[2019-06-24T09:20:50.443+0000][1][safepoint    ] Total time for which application threads were stopped: 0.0001370 seconds, Stopping threads took: 0.0000909 seconds
[2019-06-24T09:20:50.443+0000][1][safepoint    ] Application time: 0.0002759 seconds
[2019-06-24T09:20:50.443+0000][1][safepoint    ] Entering safepoint region: RevokeBias
[2019-06-24T09:20:50.444+0000][1][safepoint    ] Leaving safepoint region
[2019-06-24T09:20:50.444+0000][1][safepoint    ] Total time for which application threads were stopped: 0.0001050 seconds, Stopping threads took: 0.0000378 seconds
[2019-06-24T09:20:50.444+0000][1][safepoint    ] Application time: 0.0002427 seconds
[2019-06-24T09:20:50.444+0000][1][safepoint    ] Entering safepoint region: RevokeBias
[2019-06-24T09:20:50.444+0000][1][safepoint    ] Leaving safepoint region
[2019-06-24T09:20:50.444+0000][1][safepoint    ] Total time for which application threads were stopped: 0.0001096 seconds, Stopping threads took: 0.0000230 seconds
[2019-06-24T09:20:50.444+0000][1][safepoint    ] Application time: 0.0000892 seconds
[2019-06-24T09:20:50.444+0000][1][safepoint    ] Entering safepoint region: RevokeBias
[2019-06-24T09:20:50.444+0000][1][safepoint    ] Leaving safepoint region
[2019-06-24T09:20:50.444+0000][1][safepoint    ] Total time for which application threads were stopped: 0.0001160 seconds, Stopping threads took: 0.0000667 seconds
[2019-06-24T09:20:50.444+0000][1][safepoint    ] Application time: 0.0002782 seconds
[2019-06-24T09:20:50.445+0000][1][safepoint    ] Entering safepoint region: RevokeBias
[2019-06-24T09:20:50.445+0000][1][safepoint    ] Leaving safepoint region
[2019-06-24T09:20:50.445+0000][1][safepoint    ] Total time for which application threads were stopped: 0.0000904 seconds, Stopping threads took: 0.0000271 seconds
[2019-06-24T09:20:50.445+0000][1][safepoint    ] Application time: 0.0000457 seconds
[2019-06-24T09:20:50.445+0000][1][safepoint    ] Entering safepoint region: RevokeBias
[2019-06-24T09:20:50.445+0000][1][safepoint    ] Leaving safepoint region
[2019-06-24T09:20:50.445+0000][1][safepoint    ] Total time for which application threads were stopped: 0.0002090 seconds, Stopping threads took: 0.0001516 seconds
[2019-06-24T09:20:50.445+0000][1][safepoint    ] Application time: 0.0000436 seconds
[2019-06-24T09:20:50.445+0000][1][safepoint    ] Entering safepoint region: RevokeBias
[2019-06-24T09:20:50.445+0000][1][safepoint    ] Leaving safepoint region
[2019-06-24T09:20:50.445+0000][1][safepoint    ] Total time for which application threads were stopped: 0.0001630 seconds, Stopping threads took: 0.0001266 seconds
[2019-06-24T09:20:50.445+0000][1][safepoint    ] Application time: 0.0000429 seconds
[2019-06-24T09:20:50.445+0000][1][safepoint    ] Entering safepoint region: RevokeBias
[2019-06-24T09:20:50.445+0000][1][safepoint    ] Leaving safepoint region
[2019-06-24T09:20:50.445+0000][1][safepoint    ] Total time for which application threads were stopped: 0.0000894 seconds, Stopping threads took: 0.0000498 seconds
[2019-06-24T09:20:50.445+0000][1][safepoint    ] Application time: 0.0000392 seconds
[2019-06-24T09:20:50.445+0000][1][safepoint    ] Entering safepoint region: RevokeBias
[2019-06-24T09:20:50.445+0000][1][safepoint    ] Leaving safepoint region
[2019-06-24T09:20:50.445+0000][1][safepoint    ] Total time for which application threads were stopped: 0.0000952 seconds, Stopping threads took: 0.0000473 seconds
[2019-06-24T09:20:50.445+0000][1][safepoint    ] Application time: 0.0000414 seconds
[2019-06-24T09:20:50.445+0000][1][safepoint    ] Entering safepoint region: RevokeBias
[2019-06-24T09:20:50.446+0000][1][safepoint    ] Leaving safepoint region
[2019-06-24T09:20:50.446+0000][1][safepoint    ] Total time for which application threads were stopped: 0.0000679 seconds, Stopping threads took: 0.0000300 seconds
[2019-06-24T09:20:50.446+0000][1][safepoint    ] Application time: 0.0000430 seconds
[2019-06-24T09:20:50.446+0000][1][safepoint    ] Entering safepoint region: RevokeBias
[2019-06-24T09:20:50.446+0000][1][safepoint    ] Leaving safepoint region
[2019-06-24T09:20:50.446+0000][1][safepoint    ] Total time for which application threads were stopped: 0.0000830 seconds, Stopping threads took: 0.0000337 seconds
[2019-06-24T09:20:50.446+0000][1][safepoint    ] Application time: 0.0000387 seconds
[2019-06-24T09:20:50.446+0000][1][safepoint    ] Entering safepoint region: RevokeBias
[2019-06-24T09:20:50.446+0000][1][safepoint    ] Leaving safepoint region
[2019-06-24T09:20:50.446+0000][1][safepoint    ] Total time for which application threads were stopped: 0.0000651 seconds, Stopping threads took: 0.0000213 seconds
[2019-06-24T09:20:50.446+0000][1][safepoint    ] Application time: 0.0000374 seconds
[2019-06-24T09:20:50.446+0000][1][safepoint    ] Entering safepoint region: RevokeBias
[2019-06-24T09:20:50.446+0000][1][safepoint    ] Leaving safepoint region
[2019-06-24T09:20:50.446+0000][1][safepoint    ] Total time for which application threads were stopped: 0.0000802 seconds, Stopping threads took: 0.0000371 seconds
[2019-06-24T09:20:50.446+0000][1][safepoint    ] Application time: 0.0000370 seconds
[2019-06-24T09:20:50.446+0000][1][safepoint    ] Entering safepoint region: RevokeBias
[2019-06-24T09:20:50.446+0000][1][safepoint    ] Leaving safepoint region
[2019-06-24T09:20:50.446+0000][1][safepoint    ] Total time for which application threads were stopped: 0.0000549 seconds, Stopping threads took: 0.0000104 seconds
[2019-06-24T09:20:50.446+0000][1][safepoint    ] Application time: 0.0000378 seconds
[2019-06-24T09:20:50.446+0000][1][safepoint    ] Entering safepoint region: RevokeBias
[2019-06-24T09:20:50.446+0000][1][safepoint    ] Leaving safepoint region
[2019-06-24T09:20:50.446+0000][1][safepoint    ] Total time for which application threads were stopped: 0.0000760 seconds, Stopping threads took: 0.0000320 seconds
[2019-06-24T09:20:50.446+0000][1][safepoint    ] Application time: 0.0000362 seconds
[2019-06-24T09:20:50.446+0000][1][safepoint    ] Entering safepoint region: RevokeBias
[2019-06-24T09:20:50.446+0000][1][safepoint    ] Leaving safepoint region
[2019-06-24T09:20:50.446+0000][1][safepoint    ] Total time for which application threads were stopped: 0.0000536 seconds, Stopping threads took: 0.0000103 seconds
[2019-06-24T09:20:50.446+0000][1][safepoint    ] Application time: 0.0000365 seconds
[2019-06-24T09:20:50.446+0000][1][safepoint    ] Entering safepoint region: RevokeBias
[2019-06-24T09:20:50.446+0000][1][safepoint    ] Leaving safepoint region
[2019-06-24T09:20:50.446+0000][1][safepoint    ] Total time for which application threads were stopped: 0.0000756 seconds, Stopping threads took: 0.0000305 seconds
[2019-06-24T09:20:50.447+0000][1][safepoint    ] Application time: 0.0000689 seconds
[2019-06-24T09:20:50.447+0000][1][safepoint    ] Entering safepoint region: RevokeBias
[2019-06-24T09:20:50.447+0000][1][safepoint    ] Leaving safepoint region
[2019-06-24T09:20:50.447+0000][1][safepoint    ] Total time for which application threads were stopped: 0.0000585 seconds, Stopping threads took: 0.0000110 seconds
[2019-06-24T09:20:50.447+0000][1][safepoint    ] Application time: 0.0000378 seconds
[2019-06-24T09:20:50.447+0000][1][safepoint    ] Entering safepoint region: RevokeBias
[2019-06-24T09:20:50.447+0000][1][safepoint    ] Leaving safepoint region
[2019-06-24T09:20:50.447+0000][1][safepoint    ] Total time for which application threads were stopped: 0.0000542 seconds, Stopping threads took: 0.0000105 seconds
[2019-06-24T09:20:50.447+0000][1][safepoint    ] Application time: 0.0000425 seconds
[2019-06-24T09:20:50.447+0000][1][safepoint    ] Entering safepoint region: RevokeBias
[2019-06-24T09:20:50.447+0000][1][safepoint    ] Leaving safepoint region
[2019-06-24T09:20:50.447+0000][1][safepoint    ] Total time for which application threads were stopped: 0.0000486 seconds, Stopping threads took: 0.0000095 seconds
[2019-06-24T09:20:50.447+0000][1][safepoint    ] Application time: 0.0000385 seconds
[2019-06-24T09:20:50.447+0000][1][safepoint    ] Entering safepoint region: RevokeBias
[2019-06-24T09:20:50.447+0000][1][safepoint    ] Leaving safepoint region
[2019-06-24T09:20:50.447+0000][1][safepoint    ] Total time for which application threads were stopped: 0.0001223 seconds, Stopping threads took: 0.0000832 seconds
[2019-06-24T09:20:50.447+0000][1][safepoint    ] Application time: 0.0000466 seconds
[2019-06-24T09:20:50.447+0000][1][safepoint    ] Entering safepoint region: RevokeBias
[2019-06-24T09:20:50.447+0000][1][safepoint    ] Leaving safepoint region
[2019-06-24T09:20:50.447+0000][1][safepoint    ] Total time for which application threads were stopped: 0.0000647 seconds, Stopping threads took: 0.0000314 seconds
[2019-06-24T09:20:50.447+0000][1][safepoint    ] Application time: 0.0000382 seconds
[2019-06-24T09:20:50.447+0000][1][safepoint    ] Entering safepoint region: RevokeBias
[2019-06-24T09:20:50.447+0000][1][safepoint    ] Leaving safepoint region
[2019-06-24T09:20:50.447+0000][1][safepoint    ] Total time for which application threads were stopped: 0.0001243 seconds, Stopping threads took: 0.0000787 seconds
[2019-06-24T09:20:50.447+0000][1][safepoint    ] Application time: 0.0000420 seconds
[2019-06-24T09:20:50.447+0000][1][safepoint    ] Entering safepoint region: BulkRevokeBias
[2019-06-24T09:20:50.447+0000][1][safepoint    ] Leaving safepoint region
[2019-06-24T09:20:50.447+0000][1][safepoint    ] Total time for which application threads were stopped: 0.0001035 seconds, Stopping threads took: 0.0000288 seconds
[2019-06-24T09:20:50.448+0000][1][safepoint    ] Application time: 0.0001256 seconds
[2019-06-24T09:20:50.448+0000][1][safepoint    ] Entering safepoint region: RevokeBias
[2019-06-24T09:20:50.448+0000][1][safepoint    ] Leaving safepoint region
[2019-06-24T09:20:50.448+0000][1][safepoint    ] Total time for which application threads were stopped: 0.0000679 seconds, Stopping threads took: 0.0000346 seconds
[2019-06-24T09:20:50.448+0000][1][safepoint    ] Application time: 0.0000560 seconds
[2019-06-24T09:20:50.448+0000][1][safepoint    ] Entering safepoint region: RevokeBias
[2019-06-24T09:20:50.448+0000][1][safepoint    ] Leaving safepoint region
[2019-06-24T09:20:50.448+0000][1][safepoint    ] Total time for which application threads were stopped: 0.0000385 seconds, Stopping threads took: 0.0000069 seconds
[2019-06-24T09:20:50.448+0000][1][safepoint    ] Application time: 0.0000682 seconds
[2019-06-24T09:20:50.448+0000][1][safepoint    ] Entering safepoint region: RevokeBias
[2019-06-24T09:20:50.448+0000][1][safepoint    ] Leaving safepoint region
[2019-06-24T09:20:50.448+0000][1][safepoint    ] Total time for which application threads were stopped: 0.0000366 seconds, Stopping threads took: 0.0000068 seconds
[2019-06-24T09:20:50.448+0000][1][safepoint    ] Application time: 0.0000550 seconds
[2019-06-24T09:20:50.448+0000][1][safepoint    ] Entering safepoint region: RevokeBias
[2019-06-24T09:20:50.448+0000][1][safepoint    ] Leaving safepoint region
[2019-06-24T09:20:50.448+0000][1][safepoint    ] Total time for which application threads were stopped: 0.0000877 seconds, Stopping threads took: 0.0000131 seconds
[2019-06-24T09:20:50.448+0000][1][safepoint    ] Application time: 0.0000508 seconds
[2019-06-24T09:20:50.448+0000][1][safepoint    ] Entering safepoint region: RevokeBias
[2019-06-24T09:20:50.448+0000][1][safepoint    ] Leaving safepoint region
[2019-06-24T09:20:50.448+0000][1][safepoint    ] Total time for which application threads were stopped: 0.0000887 seconds, Stopping threads took: 0.0000139 seconds
[2019-06-24T09:20:50.448+0000][1][safepoint    ] Application time: 0.0000434 seconds
[2019-06-24T09:20:50.448+0000][1][safepoint    ] Entering safepoint region: RevokeBias
[2019-06-24T09:20:50.448+0000][1][safepoint    ] Leaving safepoint region
[2019-06-24T09:20:50.448+0000][1][safepoint    ] Total time for which application threads were stopped: 0.0000808 seconds, Stopping threads took: 0.0000101 seconds
[2019-06-24T09:20:50.448+0000][1][safepoint    ] Application time: 0.0000454 seconds
[2019-06-24T09:20:50.448+0000][1][safepoint    ] Entering safepoint region: RevokeBias
[2019-06-24T09:20:50.448+0000][1][safepoint    ] Leaving safepoint region
[2019-06-24T09:20:50.448+0000][1][safepoint    ] Total time for which application threads were stopped: 0.0000511 seconds, Stopping threads took: 0.0000106 seconds
[2019-06-24T09:20:50.449+0000][1][safepoint    ] Application time: 0.0000419 seconds
[2019-06-24T09:20:50.449+0000][1][safepoint    ] Entering safepoint region: RevokeBias
[2019-06-24T09:20:50.449+0000][1][safepoint    ] Leaving safepoint region
[2019-06-24T09:20:50.449+0000][1][safepoint    ] Total time for which application threads were stopped: 0.0000499 seconds, Stopping threads took: 0.0000106 seconds
[2019-06-24T09:20:50.449+0000][1][safepoint    ] Application time: 0.0000394 seconds
[2019-06-24T09:20:50.449+0000][1][safepoint    ] Entering safepoint region: RevokeBias
[2019-06-24T09:20:50.449+0000][1][safepoint    ] Leaving safepoint region
[2019-06-24T09:20:50.449+0000][1][safepoint    ] Total time for which application threads were stopped: 0.0000789 seconds, Stopping threads took: 0.0000107 seconds
[2019-06-24T09:20:50.449+0000][1][safepoint    ] Application time: 0.0000416 seconds
[2019-06-24T09:20:50.449+0000][1][safepoint    ] Entering safepoint region: RevokeBias
[2019-06-24T09:20:50.449+0000][1][safepoint    ] Leaving safepoint region
[2019-06-24T09:20:50.449+0000][1][safepoint    ] Total time for which application threads were stopped: 0.0000778 seconds, Stopping threads took: 0.0000096 seconds
[2019-06-24T09:20:50.449+0000][1][safepoint    ] Application time: 0.0000353 seconds
[2019-06-24T09:20:50.449+0000][1][safepoint    ] Entering safepoint region: RevokeBias
[2019-06-24T09:20:50.449+0000][1][safepoint    ] Leaving safepoint region
[2019-06-24T09:20:50.449+0000][1][safepoint    ] Total time for which application threads were stopped: 0.0000565 seconds, Stopping threads took: 0.0000207 seconds
[2019-06-24T09:20:50.449+0000][1][safepoint    ] Application time: 0.0000390 seconds
[2019-06-24T09:20:50.449+0000][1][safepoint    ] Entering safepoint region: RevokeBias
[2019-06-24T09:20:50.449+0000][1][safepoint    ] Leaving safepoint region
[2019-06-24T09:20:50.449+0000][1][safepoint    ] Total time for which application threads were stopped: 0.0001912 seconds, Stopping threads took: 0.0001546 seconds
[2019-06-24T09:20:50.449+0000][1][safepoint    ] Application time: 0.0000393 seconds
[2019-06-24T09:20:50.449+0000][1][safepoint    ] Entering safepoint region: RevokeBias
[2019-06-24T09:20:50.449+0000][1][safepoint    ] Leaving safepoint region
[2019-06-24T09:20:50.449+0000][1][safepoint    ] Total time for which application threads were stopped: 0.0000507 seconds, Stopping threads took: 0.0000098 seconds
[2019-06-24T09:20:50.449+0000][1][safepoint    ] Application time: 0.0000367 seconds
[2019-06-24T09:20:50.449+0000][1][safepoint    ] Entering safepoint region: RevokeBias
[2019-06-24T09:20:50.449+0000][1][safepoint    ] Leaving safepoint region
[2019-06-24T09:20:50.449+0000][1][safepoint    ] Total time for which application threads were stopped: 0.0000490 seconds, Stopping threads took: 0.0000094 seconds
[2019-06-24T09:20:50.450+0000][1][safepoint    ] Application time: 0.0000367 seconds
[2019-06-24T09:20:50.450+0000][1][safepoint    ] Entering safepoint region: RevokeBias
[2019-06-24T09:20:50.450+0000][1][safepoint    ] Leaving safepoint region
[2019-06-24T09:20:50.450+0000][1][safepoint    ] Total time for which application threads were stopped: 0.0000485 seconds, Stopping threads took: 0.0000094 seconds
[2019-06-24T09:20:50.450+0000][1][safepoint    ] Application time: 0.0000381 seconds
[2019-06-24T09:20:50.450+0000][1][safepoint    ] Entering safepoint region: RevokeBias
[2019-06-24T09:20:50.450+0000][1][safepoint    ] Leaving safepoint region
[2019-06-24T09:20:50.450+0000][1][safepoint    ] Total time for which application threads were stopped: 0.0000486 seconds, Stopping threads took: 0.0000096 seconds
[2019-06-24T09:20:50.450+0000][1][safepoint    ] Application time: 0.0000368 seconds
[2019-06-24T09:20:50.450+0000][1][safepoint    ] Entering safepoint region: RevokeBias
[2019-06-24T09:20:50.450+0000][1][safepoint    ] Leaving safepoint region
[2019-06-24T09:20:50.450+0000][1][safepoint    ] Total time for which application threads were stopped: 0.0000802 seconds, Stopping threads took: 0.0000324 seconds
[2019-06-24T09:20:50.450+0000][1][safepoint    ] Application time: 0.0000367 seconds
[2019-06-24T09:20:50.450+0000][1][safepoint    ] Entering safepoint region: RevokeBias
[2019-06-24T09:20:50.450+0000][1][safepoint    ] Leaving safepoint region
[2019-06-24T09:20:50.450+0000][1][safepoint    ] Total time for which application threads were stopped: 0.0001455 seconds, Stopping threads took: 0.0001002 seconds
[2019-06-24T09:20:50.450+0000][1][safepoint    ] Application time: 0.0000386 seconds
[2019-06-24T09:20:50.450+0000][1][safepoint    ] Entering safepoint region: RevokeBias
[2019-06-24T09:20:50.450+0000][1][safepoint    ] Leaving safepoint region
[2019-06-24T09:20:50.450+0000][1][safepoint    ] Total time for which application threads were stopped: 0.0000517 seconds, Stopping threads took: 0.0000104 seconds
[2019-06-24T09:20:50.450+0000][1][safepoint    ] Application time: 0.0000366 seconds
[2019-06-24T09:20:50.450+0000][1][safepoint    ] Entering safepoint region: RevokeBias
[2019-06-24T09:20:50.450+0000][1][safepoint    ] Leaving safepoint region
[2019-06-24T09:20:50.450+0000][1][safepoint    ] Total time for which application threads were stopped: 0.0000686 seconds, Stopping threads took: 0.0000285 seconds
[2019-06-24T09:20:50.450+0000][1][safepoint    ] Application time: 0.0000363 seconds
[2019-06-24T09:20:50.450+0000][1][safepoint    ] Entering safepoint region: RevokeBias
[2019-06-24T09:20:50.450+0000][1][safepoint    ] Leaving safepoint region
[2019-06-24T09:20:50.450+0000][1][safepoint    ] Total time for which application threads were stopped: 0.0000624 seconds, Stopping threads took: 0.0000206 seconds
[2019-06-24T09:20:50.450+0000][1][safepoint    ] Application time: 0.0000394 seconds
[2019-06-24T09:20:50.450+0000][1][safepoint    ] Entering safepoint region: RevokeBias
[2019-06-24T09:20:50.451+0000][1][safepoint    ] Leaving safepoint region
[2019-06-24T09:20:50.451+0000][1][safepoint    ] Total time for which application threads were stopped: 0.0001129 seconds, Stopping threads took: 0.0000708 seconds
[2019-06-24T09:20:50.451+0000][1][safepoint    ] Application time: 0.0000938 seconds
[2019-06-24T09:20:50.451+0000][1][safepoint    ] Entering safepoint region: BulkRevokeBias
[2019-06-24T09:20:50.451+0000][1][safepoint    ] Leaving safepoint region
[2019-06-24T09:20:50.451+0000][1][safepoint    ] Total time for which application threads were stopped: 0.0001376 seconds, Stopping threads took: 0.0000327 seconds
[2019-06-24T09:20:50.451+0000][1][safepoint    ] Application time: 0.0002652 seconds
[2019-06-24T09:20:50.451+0000][1][safepoint    ] Entering safepoint region: RevokeBias
[2019-06-24T09:20:50.451+0000][1][safepoint    ] Leaving safepoint region
[2019-06-24T09:20:50.451+0000][1][safepoint    ] Total time for which application threads were stopped: 0.0000906 seconds, Stopping threads took: 0.0000361 seconds
[2019-06-24T09:20:50.451+0000][1][safepoint    ] Application time: 0.0001163 seconds
[2019-06-24T09:20:50.451+0000][1][safepoint    ] Entering safepoint region: RevokeBias
[2019-06-24T09:20:50.451+0000][1][safepoint    ] Leaving safepoint region
[2019-06-24T09:20:50.451+0000][1][safepoint    ] Total time for which application threads were stopped: 0.0001078 seconds, Stopping threads took: 0.0000564 seconds
[2019-06-24T09:20:50.451+0000][1][safepoint    ] Application time: 0.0000699 seconds
[2019-06-24T09:20:50.452+0000][1][safepoint    ] Entering safepoint region: RevokeBias
[2019-06-24T09:20:50.452+0000][1][safepoint    ] Leaving safepoint region
[2019-06-24T09:20:50.452+0000][1][safepoint    ] Total time for which application threads were stopped: 0.0000982 seconds, Stopping threads took: 0.0000554 seconds
[2019-06-24T09:20:50.452+0000][1][safepoint    ] Application time: 0.0000415 seconds
[2019-06-24T09:20:50.452+0000][1][safepoint    ] Entering safepoint region: RevokeBias
[2019-06-24T09:20:50.452+0000][1][safepoint    ] Leaving safepoint region
[2019-06-24T09:20:50.452+0000][1][safepoint    ] Total time for which application threads were stopped: 0.0000670 seconds, Stopping threads took: 0.0000288 seconds
[2019-06-24T09:20:50.452+0000][1][safepoint    ] Application time: 0.0000419 seconds
[2019-06-24T09:20:50.452+0000][1][safepoint    ] Entering safepoint region: RevokeBias
[2019-06-24T09:20:50.452+0000][1][safepoint    ] Leaving safepoint region
[2019-06-24T09:20:50.452+0000][1][safepoint    ] Total time for which application threads were stopped: 0.0001031 seconds, Stopping threads took: 0.0000559 seconds
[2019-06-24T09:20:50.452+0000][1][safepoint    ] Application time: 0.0000402 seconds
[2019-06-24T09:20:50.452+0000][1][safepoint    ] Entering safepoint region: RevokeBias
[2019-06-24T09:20:50.452+0000][1][safepoint    ] Leaving safepoint region
[2019-06-24T09:20:50.452+0000][1][safepoint    ] Total time for which application threads were stopped: 0.0001080 seconds, Stopping threads took: 0.0000539 seconds
[2019-06-24T09:20:50.452+0000][1][safepoint    ] Application time: 0.0000387 seconds
[2019-06-24T09:20:50.452+0000][1][safepoint    ] Entering safepoint region: RevokeBias
[2019-06-24T09:20:50.452+0000][1][safepoint    ] Leaving safepoint region
[2019-06-24T09:20:50.452+0000][1][safepoint    ] Total time for which application threads were stopped: 0.0000595 seconds, Stopping threads took: 0.0000097 seconds
[2019-06-24T09:20:50.452+0000][1][safepoint    ] Application time: 0.0000352 seconds
[2019-06-24T09:20:50.452+0000][1][safepoint    ] Entering safepoint region: RevokeBias
[2019-06-24T09:20:50.452+0000][1][safepoint    ] Leaving safepoint region
[2019-06-24T09:20:50.452+0000][1][safepoint    ] Total time for which application threads were stopped: 0.0000587 seconds, Stopping threads took: 0.0000097 seconds
[2019-06-24T09:20:50.452+0000][1][safepoint    ] Application time: 0.0000353 seconds
[2019-06-24T09:20:50.452+0000][1][safepoint    ] Entering safepoint region: RevokeBias
[2019-06-24T09:20:50.452+0000][1][safepoint    ] Leaving safepoint region
[2019-06-24T09:20:50.452+0000][1][safepoint    ] Total time for which application threads were stopped: 0.0000600 seconds, Stopping threads took: 0.0000097 seconds
[2019-06-24T09:20:50.452+0000][1][safepoint    ] Application time: 0.0000360 seconds
[2019-06-24T09:20:50.452+0000][1][safepoint    ] Entering safepoint region: RevokeBias
[2019-06-24T09:20:50.453+0000][1][safepoint    ] Leaving safepoint region
[2019-06-24T09:20:50.453+0000][1][safepoint    ] Total time for which application threads were stopped: 0.0000815 seconds, Stopping threads took: 0.0000289 seconds
[2019-06-24T09:20:50.453+0000][1][safepoint    ] Application time: 0.0000386 seconds
[2019-06-24T09:20:50.453+0000][1][safepoint    ] Entering safepoint region: BulkRevokeBias
[2019-06-24T09:20:50.453+0000][1][safepoint    ] Leaving safepoint region
[2019-06-24T09:20:50.453+0000][1][safepoint    ] Total time for which application threads were stopped: 0.0001330 seconds, Stopping threads took: 0.0000097 seconds
[2019-06-24T09:20:50.453+0000][1][safepoint    ] Application time: 0.0001126 seconds
[2019-06-24T09:20:50.453+0000][1][safepoint    ] Entering safepoint region: RevokeBias
[2019-06-24T09:20:50.453+0000][1][safepoint    ] Leaving safepoint region
[2019-06-24T09:20:50.453+0000][1][safepoint    ] Total time for which application threads were stopped: 0.0000742 seconds, Stopping threads took: 0.0000288 seconds
[2019-06-24T09:20:50.453+0000][1][safepoint    ] Application time: 0.0001685 seconds
[2019-06-24T09:20:50.453+0000][1][safepoint    ] Entering safepoint region: RevokeBias
[2019-06-24T09:20:50.453+0000][1][safepoint    ] Leaving safepoint region
[2019-06-24T09:20:50.453+0000][1][safepoint    ] Total time for which application threads were stopped: 0.0001106 seconds, Stopping threads took: 0.0000304 seconds
[2019-06-24T09:20:50.453+0000][1][safepoint    ] Application time: 0.0000536 seconds
[2019-06-24T09:20:50.453+0000][1][safepoint    ] Entering safepoint region: RevokeBias
[2019-06-24T09:20:50.453+0000][1][safepoint    ] Leaving safepoint region
[2019-06-24T09:20:50.453+0000][1][safepoint    ] Total time for which application threads were stopped: 0.0000861 seconds, Stopping threads took: 0.0000274 seconds
[2019-06-24T09:20:50.453+0000][1][safepoint    ] Application time: 0.0000378 seconds
[2019-06-24T09:20:50.453+0000][1][safepoint    ] Entering safepoint region: RevokeBias
[2019-06-24T09:20:50.454+0000][1][safepoint    ] Leaving safepoint region
[2019-06-24T09:20:50.454+0000][1][safepoint    ] Total time for which application threads were stopped: 0.0000777 seconds, Stopping threads took: 0.0000255 seconds
[2019-06-24T09:20:50.454+0000][1][safepoint    ] Application time: 0.0000409 seconds
[2019-06-24T09:20:50.454+0000][1][safepoint    ] Entering safepoint region: RevokeBias
[2019-06-24T09:20:50.454+0000][1][safepoint    ] Leaving safepoint region
[2019-06-24T09:20:50.454+0000][1][safepoint    ] Total time for which application threads were stopped: 0.0000748 seconds, Stopping threads took: 0.0000260 seconds
[2019-06-24T09:20:50.454+0000][1][safepoint    ] Application time: 0.0004026 seconds
[2019-06-24T09:20:50.454+0000][1][safepoint    ] Entering safepoint region: RevokeBias
[2019-06-24T09:20:50.454+0000][1][safepoint    ] Leaving safepoint region
[2019-06-24T09:20:50.454+0000][1][safepoint    ] Total time for which application threads were stopped: 0.0001647 seconds, Stopping threads took: 0.0000876 seconds
[2019-06-24T09:20:50.454+0000][1][safepoint    ] Application time: 0.0001152 seconds
[2019-06-24T09:20:50.454+0000][1][safepoint    ] Entering safepoint region: RevokeBias
[2019-06-24T09:20:50.455+0000][1][safepoint    ] Leaving safepoint region
[2019-06-24T09:20:50.455+0000][1][safepoint    ] Total time for which application threads were stopped: 0.0001099 seconds, Stopping threads took: 0.0000126 seconds
[2019-06-24T09:20:50.455+0000][1][safepoint    ] Application time: 0.0003918 seconds
[2019-06-24T09:20:50.455+0000][1][safepoint    ] Entering safepoint region: RevokeBias
[2019-06-24T09:20:50.455+0000][1][safepoint    ] Leaving safepoint region
[2019-06-24T09:20:50.455+0000][1][safepoint    ] Total time for which application threads were stopped: 0.0000755 seconds, Stopping threads took: 0.0000123 seconds
[2019-06-24T09:20:50.455+0000][1][safepoint    ] Application time: 0.0003561 seconds
[2019-06-24T09:20:50.456+0000][1][safepoint    ] Entering safepoint region: RevokeBias
[2019-06-24T09:20:50.456+0000][1][safepoint    ] Leaving safepoint region
[2019-06-24T09:20:50.456+0000][1][safepoint    ] Total time for which application threads were stopped: 0.0002882 seconds, Stopping threads took: 0.0002257 seconds
[2019-06-24T09:20:50.456+0000][1][safepoint    ] Application time: 0.0004163 seconds
[2019-06-24T09:20:50.456+0000][1][safepoint    ] Entering safepoint region: RevokeBias
[2019-06-24T09:20:50.456+0000][1][safepoint    ] Leaving safepoint region
[2019-06-24T09:20:50.456+0000][1][safepoint    ] Total time for which application threads were stopped: 0.0001240 seconds, Stopping threads took: 0.0000542 seconds
[2019-06-24T09:20:50.456+0000][1][safepoint    ] Application time: 0.0001123 seconds
[2019-06-24T09:20:50.456+0000][1][safepoint    ] Entering safepoint region: RevokeBias
[2019-06-24T09:20:50.456+0000][1][safepoint    ] Leaving safepoint region
[2019-06-24T09:20:50.456+0000][1][safepoint    ] Total time for which application threads were stopped: 0.0001051 seconds, Stopping threads took: 0.0000352 seconds
[2019-06-24T09:20:50.457+0000][1][safepoint    ] Application time: 0.0001947 seconds
[2019-06-24T09:20:50.457+0000][1][safepoint    ] Entering safepoint region: RevokeBias
[2019-06-24T09:20:50.457+0000][1][safepoint    ] Leaving safepoint region
[2019-06-24T09:20:50.457+0000][1][safepoint    ] Total time for which application threads were stopped: 0.0000717 seconds, Stopping threads took: 0.0000112 seconds
[2019-06-24T09:20:50.457+0000][1][safepoint    ] Application time: 0.0002131 seconds
[2019-06-24T09:20:50.457+0000][1][safepoint    ] Entering safepoint region: RevokeBias
[2019-06-24T09:20:50.457+0000][1][safepoint    ] Leaving safepoint region
[2019-06-24T09:20:50.457+0000][1][safepoint    ] Total time for which application threads were stopped: 0.0003470 seconds, Stopping threads took: 0.0002914 seconds
[2019-06-24T09:20:50.459+0000][1][safepoint    ] Application time: 0.0017792 seconds
[2019-06-24T09:20:50.459+0000][1][safepoint    ] Entering safepoint region: RevokeBias
[2019-06-24T09:20:50.459+0000][1][safepoint    ] Leaving safepoint region
[2019-06-24T09:20:50.459+0000][1][safepoint    ] Total time for which application threads were stopped: 0.0000979 seconds, Stopping threads took: 0.0000164 seconds
[2019-06-24T09:20:50.461+0000][1][safepoint    ] Application time: 0.0018663 seconds
[2019-06-24T09:20:50.461+0000][1][safepoint    ] Entering safepoint region: RevokeBias
[2019-06-24T09:20:50.461+0000][1][safepoint    ] Leaving safepoint region
[2019-06-24T09:20:50.461+0000][1][safepoint    ] Total time for which application threads were stopped: 0.0001206 seconds, Stopping threads took: 0.0000376 seconds
[2019-06-24T09:20:50.463+0000][1][safepoint    ] Application time: 0.0017678 seconds
[2019-06-24T09:20:50.463+0000][1][safepoint    ] Entering safepoint region: RevokeBias
[2019-06-24T09:20:50.463+0000][1][safepoint    ] Leaving safepoint region
[2019-06-24T09:20:50.463+0000][1][safepoint    ] Total time for which application threads were stopped: 0.0001518 seconds, Stopping threads took: 0.0000453 seconds
[2019-06-24T09:20:50.463+0000][1][safepoint    ] Application time: 0.0000474 seconds
[2019-06-24T09:20:50.463+0000][1][safepoint    ] Entering safepoint region: RevokeBias
[2019-06-24T09:20:50.463+0000][1][safepoint    ] Leaving safepoint region
[2019-06-24T09:20:50.463+0000][1][safepoint    ] Total time for which application threads were stopped: 0.0001267 seconds, Stopping threads took: 0.0000396 seconds
[2019-06-24T09:20:50.464+0000][1][safepoint    ] Application time: 0.0002347 seconds
[2019-06-24T09:20:50.464+0000][1][safepoint    ] Entering safepoint region: RevokeBias
[2019-06-24T09:20:50.464+0000][1][safepoint    ] Leaving safepoint region
[2019-06-24T09:20:50.464+0000][1][safepoint    ] Total time for which application threads were stopped: 0.0001585 seconds, Stopping threads took: 0.0000971 seconds
[2019-06-24T09:20:50.490+0000][1][safepoint    ] Application time: 0.0264375 seconds
[2019-06-24T09:20:50.490+0000][1][safepoint    ] Entering safepoint region: GenCollectForAllocation
[2019-06-24T09:20:50.490+0000][1][gc,start     ] GC(19) Pause Young (Allocation Failure)
[2019-06-24T09:20:50.491+0000][1][gc,task      ] GC(19) Using 5 workers of 8 for evacuation
[2019-06-24T09:20:50.496+0000][1][gc,age       ] GC(19) Desired survivor size 4456448 bytes, new threshold 2 (max threshold 6)
[2019-06-24T09:20:50.496+0000][1][gc,age       ] GC(19) Age table with threshold 2 (max threshold 6)
[2019-06-24T09:20:50.496+0000][1][gc,age       ] GC(19) - age   1:    3133752 bytes,    3133752 total
[2019-06-24T09:20:50.496+0000][1][gc,age       ] GC(19) - age   2:    3664456 bytes,    6798208 total
[2019-06-24T09:20:50.496+0000][1][gc,age       ] GC(19) - age   3:     278608 bytes,    7076816 total
[2019-06-24T09:20:50.496+0000][1][gc,heap      ] GC(19) ParNew: 74714K->8704K(78656K)
[2019-06-24T09:20:50.496+0000][1][gc,heap      ] GC(19) CMS: 55218K->55218K(174784K)
[2019-06-24T09:20:50.496+0000][1][gc,metaspace ] GC(19) Metaspace: 47208K->47208K(1093632K)
[2019-06-24T09:20:50.496+0000][1][gc           ] GC(19) Pause Young (Allocation Failure) 126M->62M(247M) 5.828ms
[2019-06-24T09:20:50.496+0000][1][gc,cpu       ] GC(19) User=0.04s Sys=0.01s Real=0.01s
[2019-06-24T09:20:50.496+0000][1][safepoint    ] Leaving safepoint region
[2019-06-24T09:20:50.496+0000][1][safepoint    ] Total time for which application threads were stopped: 0.0059937 seconds, Stopping threads took: 0.0000328 seconds
[2019-06-24T09:20:50.525+0000][1][safepoint    ] Application time: 0.0283710 seconds
[2019-06-24T09:20:50.525+0000][1][safepoint    ] Entering safepoint region: RevokeBias
[2019-06-24T09:20:50.525+0000][1][safepoint    ] Leaving safepoint region
[2019-06-24T09:20:50.525+0000][1][safepoint    ] Total time for which application threads were stopped: 0.0000656 seconds, Stopping threads took: 0.0000158 seconds
[2019-06-24T09:20:50.694+0000][1][safepoint    ] Application time: 0.1693332 seconds
[2019-06-24T09:20:50.694+0000][1][safepoint    ] Entering safepoint region: RevokeBias
[2019-06-24T09:20:50.694+0000][1][safepoint    ] Leaving safepoint region
[2019-06-24T09:20:50.694+0000][1][safepoint    ] Total time for which application threads were stopped: 0.0000915 seconds, Stopping threads took: 0.0000147 seconds
[2019-06-24T09:20:51.011+0000][1][safepoint    ] Application time: 0.3170193 seconds
[2019-06-24T09:20:51.011+0000][1][safepoint    ] Entering safepoint region: GenCollectForAllocation
[2019-06-24T09:20:51.012+0000][1][gc,start     ] GC(20) Pause Young (Allocation Failure)
[2019-06-24T09:20:51.012+0000][1][gc,task      ] GC(20) Using 5 workers of 8 for evacuation
[2019-06-24T09:20:51.022+0000][1][gc,age       ] GC(20) Desired survivor size 4456448 bytes, new threshold 2 (max threshold 6)
[2019-06-24T09:20:51.022+0000][1][gc,age       ] GC(20) Age table with threshold 2 (max threshold 6)
[2019-06-24T09:20:51.022+0000][1][gc,age       ] GC(20) - age   1:    1504992 bytes,    1504992 total
[2019-06-24T09:20:51.022+0000][1][gc,age       ] GC(20) - age   2:    3072112 bytes,    4577104 total
[2019-06-24T09:20:51.022+0000][1][gc,heap      ] GC(20) ParNew: 78656K->7246K(78656K)
[2019-06-24T09:20:51.022+0000][1][gc,heap      ] GC(20) CMS: 55218K->59172K(174784K)
[2019-06-24T09:20:51.022+0000][1][gc,metaspace ] GC(20) Metaspace: 53864K->53864K(1097728K)
[2019-06-24T09:20:51.022+0000][1][gc           ] GC(20) Pause Young (Allocation Failure) 130M->64M(247M) 9.806ms
[2019-06-24T09:20:51.022+0000][1][gc,cpu       ] GC(20) User=0.05s Sys=0.00s Real=0.01s
[2019-06-24T09:20:51.022+0000][1][safepoint    ] Leaving safepoint region
[2019-06-24T09:20:51.022+0000][1][safepoint    ] Total time for which application threads were stopped: 0.0104511 seconds, Stopping threads took: 0.0000169 seconds
[2019-06-24T09:20:51.046+0000][1][safepoint    ] Application time: 0.0242634 seconds
[2019-06-24T09:20:51.046+0000][1][safepoint    ] Entering safepoint region: RevokeBias
[2019-06-24T09:20:51.046+0000][1][safepoint    ] Leaving safepoint region
[2019-06-24T09:20:51.046+0000][1][safepoint    ] Total time for which application threads were stopped: 0.0000567 seconds, Stopping threads took: 0.0000130 seconds
[2019-06-24T09:20:51.175+0000][1][safepoint    ] Application time: 0.1292667 seconds
[2019-06-24T09:20:51.176+0000][1][safepoint    ] Entering safepoint region: Deoptimize
[2019-06-24T09:20:51.176+0000][1][safepoint    ] Leaving safepoint region
[2019-06-24T09:20:51.176+0000][1][safepoint    ] Total time for which application threads were stopped: 0.0008498 seconds, Stopping threads took: 0.0000129 seconds
[2019-06-24T09:20:51.209+0000][1][safepoint    ] Application time: 0.0329283 seconds
[2019-06-24T09:20:51.209+0000][1][safepoint    ] Entering safepoint region: RevokeBias
[2019-06-24T09:20:51.209+0000][1][safepoint    ] Leaving safepoint region
[2019-06-24T09:20:51.209+0000][1][safepoint    ] Total time for which application threads were stopped: 0.0000740 seconds, Stopping threads took: 0.0000120 seconds
[2019-06-24T09:20:51.210+0000][1][safepoint    ] Application time: 0.0001800 seconds
[2019-06-24T09:20:51.210+0000][1][safepoint    ] Entering safepoint region: RevokeBias
[2019-06-24T09:20:51.210+0000][1][safepoint    ] Leaving safepoint region
[2019-06-24T09:20:51.210+0000][1][safepoint    ] Total time for which application threads were stopped: 0.0000485 seconds, Stopping threads took: 0.0000097 seconds
[2019-06-24T09:20:51.210+0000][1][safepoint    ] Application time: 0.0001862 seconds
[2019-06-24T09:20:51.210+0000][1][safepoint    ] Entering safepoint region: RevokeBias
[2019-06-24T09:20:51.210+0000][1][safepoint    ] Leaving safepoint region
[2019-06-24T09:20:51.210+0000][1][safepoint    ] Total time for which application threads were stopped: 0.0000646 seconds, Stopping threads took: 0.0000232 seconds
[2019-06-24T09:20:51.212+0000][1][safepoint    ] Application time: 0.0021915 seconds
[2019-06-24T09:20:51.212+0000][1][safepoint    ] Entering safepoint region: RevokeBias
[2019-06-24T09:20:51.212+0000][1][safepoint    ] Leaving safepoint region
[2019-06-24T09:20:51.212+0000][1][safepoint    ] Total time for which application threads were stopped: 0.0000582 seconds, Stopping threads took: 0.0000104 seconds
[2019-06-24T09:20:51.297+0000][1][safepoint    ] Application time: 0.0851709 seconds
[2019-06-24T09:20:51.297+0000][1][safepoint    ] Entering safepoint region: RevokeBias
[2019-06-24T09:20:51.298+0000][1][safepoint    ] Leaving safepoint region
[2019-06-24T09:20:51.298+0000][1][safepoint    ] Total time for which application threads were stopped: 0.0008784 seconds, Stopping threads took: 0.0000288 seconds
[2019-06-24T09:20:51.319+0000][1][safepoint    ] Application time: 0.0205176 seconds
[2019-06-24T09:20:51.319+0000][1][safepoint    ] Entering safepoint region: RevokeBias
[2019-06-24T09:20:51.319+0000][1][safepoint    ] Leaving safepoint region
[2019-06-24T09:20:51.319+0000][1][safepoint    ] Total time for which application threads were stopped: 0.0000604 seconds, Stopping threads took: 0.0000170 seconds
[2019-06-24T09:20:51.364+0000][1][safepoint    ] Application time: 0.0449778 seconds
[2019-06-24T09:20:51.364+0000][1][safepoint    ] Entering safepoint region: RevokeBias
[2019-06-24T09:20:51.364+0000][1][safepoint    ] Leaving safepoint region
[2019-06-24T09:20:51.364+0000][1][safepoint    ] Total time for which application threads were stopped: 0.0001548 seconds, Stopping threads took: 0.0000983 seconds
[2019-06-24T09:20:51.382+0000][1][safepoint    ] Application time: 0.0183380 seconds
[2019-06-24T09:20:51.383+0000][1][safepoint    ] Entering safepoint region: RevokeBias
[2019-06-24T09:20:51.383+0000][1][safepoint    ] Leaving safepoint region
[2019-06-24T09:20:51.383+0000][1][safepoint    ] Total time for which application threads were stopped: 0.0002695 seconds, Stopping threads took: 0.0002077 seconds
[2019-06-24T09:20:51.383+0000][1][safepoint    ] Application time: 0.0006575 seconds
[2019-06-24T09:20:51.384+0000][1][safepoint    ] Entering safepoint region: RevokeBias
[2019-06-24T09:20:51.384+0000][1][safepoint    ] Leaving safepoint region
[2019-06-24T09:20:51.384+0000][1][safepoint    ] Total time for which application threads were stopped: 0.0004197 seconds, Stopping threads took: 0.0003674 seconds
[2019-06-24T09:20:51.384+0000][1][safepoint    ] Application time: 0.0001261 seconds
[2019-06-24T09:20:51.384+0000][1][safepoint    ] Entering safepoint region: RevokeBias
[2019-06-24T09:20:51.384+0000][1][safepoint    ] Leaving safepoint region
[2019-06-24T09:20:51.384+0000][1][safepoint    ] Total time for which application threads were stopped: 0.0001088 seconds, Stopping threads took: 0.0000384 seconds
[2019-06-24T09:20:51.385+0000][1][safepoint    ] Application time: 0.0006069 seconds
[2019-06-24T09:20:51.385+0000][1][safepoint    ] Entering safepoint region: RevokeBias
[2019-06-24T09:20:51.385+0000][1][safepoint    ] Leaving safepoint region
[2019-06-24T09:20:51.385+0000][1][safepoint    ] Total time for which application threads were stopped: 0.0005921 seconds, Stopping threads took: 0.0005179 seconds
[2019-06-24T09:20:51.392+0000][1][safepoint    ] Application time: 0.0062612 seconds
[2019-06-24T09:20:51.392+0000][1][safepoint    ] Entering safepoint region: Deoptimize
[2019-06-24T09:20:51.392+0000][1][safepoint    ] Leaving safepoint region
[2019-06-24T09:20:51.392+0000][1][safepoint    ] Total time for which application threads were stopped: 0.0004013 seconds, Stopping threads took: 0.0000131 seconds
[2019-06-24T09:20:51.418+0000][1][safepoint    ] Application time: 0.0262316 seconds
[2019-06-24T09:20:51.418+0000][1][safepoint    ] Entering safepoint region: RevokeBias
[2019-06-24T09:20:51.418+0000][1][safepoint    ] Leaving safepoint region
[2019-06-24T09:20:51.418+0000][1][safepoint    ] Total time for which application threads were stopped: 0.0000596 seconds, Stopping threads took: 0.0000145 seconds
[2019-06-24T09:20:51.726+0000][1][safepoint    ] Application time: 0.3076413 seconds
[2019-06-24T09:20:51.726+0000][1][safepoint    ] Entering safepoint region: BulkRevokeBias
[2019-06-24T09:20:51.726+0000][1][safepoint    ] Leaving safepoint region
[2019-06-24T09:20:51.726+0000][1][safepoint    ] Total time for which application threads were stopped: 0.0001909 seconds, Stopping threads took: 0.0000372 seconds
[2019-06-24T09:20:51.757+0000][1][safepoint    ] Application time: 0.0311664 seconds
[2019-06-24T09:20:51.758+0000][1][safepoint    ] Entering safepoint region: RevokeBias
[2019-06-24T09:20:51.758+0000][1][safepoint    ] Leaving safepoint region
[2019-06-24T09:20:51.758+0000][1][safepoint    ] Total time for which application threads were stopped: 0.0000996 seconds, Stopping threads took: 0.0000482 seconds
[2019-06-24T09:20:51.758+0000][1][safepoint    ] Application time: 0.0000537 seconds
[2019-06-24T09:20:51.758+0000][1][safepoint    ] Entering safepoint region: RevokeBias
[2019-06-24T09:20:51.758+0000][1][safepoint    ] Leaving safepoint region
[2019-06-24T09:20:51.758+0000][1][safepoint    ] Total time for which application threads were stopped: 0.0001216 seconds, Stopping threads took: 0.0000912 seconds
[2019-06-24T09:20:51.758+0000][1][safepoint    ] Application time: 0.0000710 seconds
[2019-06-24T09:20:51.758+0000][1][safepoint    ] Entering safepoint region: RevokeBias
[2019-06-24T09:20:51.758+0000][1][safepoint    ] Leaving safepoint region
[2019-06-24T09:20:51.758+0000][1][safepoint    ] Total time for which application threads were stopped: 0.0000315 seconds, Stopping threads took: 0.0000083 seconds
[2019-06-24T09:20:51.758+0000][1][safepoint    ] Application time: 0.0000374 seconds
[2019-06-24T09:20:51.758+0000][1][safepoint    ] Entering safepoint region: RevokeBias
[2019-06-24T09:20:51.758+0000][1][safepoint    ] Leaving safepoint region
[2019-06-24T09:20:51.758+0000][1][safepoint    ] Total time for which application threads were stopped: 0.0001584 seconds, Stopping threads took: 0.0001292 seconds
[2019-06-24T09:20:51.758+0000][1][safepoint    ] Application time: 0.0000665 seconds
[2019-06-24T09:20:51.758+0000][1][safepoint    ] Entering safepoint region: RevokeBias
[2019-06-24T09:20:51.758+0000][1][safepoint    ] Leaving safepoint region
[2019-06-24T09:20:51.758+0000][1][safepoint    ] Total time for which application threads were stopped: 0.0000287 seconds, Stopping threads took: 0.0000077 seconds
[2019-06-24T09:20:51.758+0000][1][safepoint    ] Application time: 0.0000639 seconds
[2019-06-24T09:20:51.758+0000][1][safepoint    ] Entering safepoint region: RevokeBias
[2019-06-24T09:20:51.758+0000][1][safepoint    ] Leaving safepoint region
[2019-06-24T09:20:51.758+0000][1][safepoint    ] Total time for which application threads were stopped: 0.0000509 seconds, Stopping threads took: 0.0000295 seconds
[2019-06-24T09:20:51.759+0000][1][safepoint    ] Application time: 0.0001278 seconds
[2019-06-24T09:20:51.759+0000][1][safepoint    ] Entering safepoint region: BulkRevokeBias
[2019-06-24T09:20:51.759+0000][1][safepoint    ] Leaving safepoint region
[2019-06-24T09:20:51.759+0000][1][safepoint    ] Total time for which application threads were stopped: 0.0001036 seconds, Stopping threads took: 0.0000235 seconds
[2019-06-24T09:20:51.766+0000][1][safepoint    ] Application time: 0.0074240 seconds
[2019-06-24T09:20:51.766+0000][1][safepoint    ] Entering safepoint region: GenCollectForAllocation
[2019-06-24T09:20:51.766+0000][1][gc,start     ] GC(21) Pause Young (Allocation Failure)
[2019-06-24T09:20:51.766+0000][1][gc,task      ] GC(21) Using 5 workers of 8 for evacuation
[2019-06-24T09:20:51.774+0000][1][gc,age       ] GC(21) Desired survivor size 4456448 bytes, new threshold 2 (max threshold 6)
[2019-06-24T09:20:51.774+0000][1][gc,age       ] GC(21) Age table with threshold 2 (max threshold 6)
[2019-06-24T09:20:51.774+0000][1][gc,age       ] GC(21) - age   1:    3829952 bytes,    3829952 total
[2019-06-24T09:20:51.774+0000][1][gc,age       ] GC(21) - age   2:    1437640 bytes,    5267592 total
[2019-06-24T09:20:51.774+0000][1][gc,heap      ] GC(21) ParNew: 77198K->7779K(78656K)
[2019-06-24T09:20:51.774+0000][1][gc,heap      ] GC(21) CMS: 59172K->62242K(174784K)
[2019-06-24T09:20:51.774+0000][1][gc,metaspace ] GC(21) Metaspace: 61869K->61869K(1105920K)
[2019-06-24T09:20:51.774+0000][1][gc           ] GC(21) Pause Young (Allocation Failure) 133M->68M(247M) 7.962ms
[2019-06-24T09:20:51.774+0000][1][gc,cpu       ] GC(21) User=0.05s Sys=0.00s Real=0.00s
[2019-06-24T09:20:51.774+0000][1][safepoint    ] Leaving safepoint region
[2019-06-24T09:20:51.774+0000][1][safepoint    ] Total time for which application threads were stopped: 0.0080665 seconds, Stopping threads took: 0.0000122 seconds
[2019-06-24T09:20:51.811+0000][1][safepoint    ] Application time: 0.0370703 seconds
[2019-06-24T09:20:51.811+0000][1][safepoint    ] Entering safepoint region: Deoptimize
[2019-06-24T09:20:51.812+0000][1][safepoint    ] Leaving safepoint region
[2019-06-24T09:20:51.812+0000][1][safepoint    ] Total time for which application threads were stopped: 0.0004284 seconds, Stopping threads took: 0.0000121 seconds
[2019-06-24T09:20:51.817+0000][1][safepoint    ] Application time: 0.0054724 seconds
[2019-06-24T09:20:51.817+0000][1][safepoint    ] Entering safepoint region: RevokeBias
[2019-06-24T09:20:51.817+0000][1][safepoint    ] Leaving safepoint region
[2019-06-24T09:20:51.817+0000][1][safepoint    ] Total time for which application threads were stopped: 0.0000732 seconds, Stopping threads took: 0.0000313 seconds
[2019-06-24T09:20:51.818+0000][1][safepoint    ] Application time: 0.0004163 seconds
[2019-06-24T09:20:51.818+0000][1][safepoint    ] Entering safepoint region: RevokeBias
[2019-06-24T09:20:51.818+0000][1][safepoint    ] Leaving safepoint region
[2019-06-24T09:20:51.818+0000][1][safepoint    ] Total time for which application threads were stopped: 0.0000430 seconds, Stopping threads took: 0.0000098 seconds
[2019-06-24T09:20:51.818+0000][1][safepoint    ] Application time: 0.0007070 seconds
[2019-06-24T09:20:51.819+0000][1][safepoint    ] Entering safepoint region: RevokeBias
[2019-06-24T09:20:51.819+0000][1][safepoint    ] Leaving safepoint region
[2019-06-24T09:20:51.819+0000][1][safepoint    ] Total time for which application threads were stopped: 0.0000430 seconds, Stopping threads took: 0.0000102 seconds
[2019-06-24T09:20:51.819+0000][1][safepoint    ] Application time: 0.0003499 seconds
[2019-06-24T09:20:51.819+0000][1][safepoint    ] Entering safepoint region: RevokeBias
[2019-06-24T09:20:51.819+0000][1][safepoint    ] Leaving safepoint region
[2019-06-24T09:20:51.819+0000][1][safepoint    ] Total time for which application threads were stopped: 0.0000469 seconds, Stopping threads took: 0.0000098 seconds
[2019-06-24T09:20:51.819+0000][1][safepoint    ] Application time: 0.0001286 seconds
[2019-06-24T09:20:51.819+0000][1][safepoint    ] Entering safepoint region: RevokeBias
[2019-06-24T09:20:51.819+0000][1][safepoint    ] Leaving safepoint region
[2019-06-24T09:20:51.819+0000][1][safepoint    ] Total time for which application threads were stopped: 0.0000449 seconds, Stopping threads took: 0.0000097 seconds
[2019-06-24T09:20:51.819+0000][1][safepoint    ] Application time: 0.0002253 seconds
[2019-06-24T09:20:51.819+0000][1][safepoint    ] Entering safepoint region: RevokeBias
[2019-06-24T09:20:51.819+0000][1][safepoint    ] Leaving safepoint region
[2019-06-24T09:20:51.819+0000][1][safepoint    ] Total time for which application threads were stopped: 0.0000455 seconds, Stopping threads took: 0.0000099 seconds
[2019-06-24T09:20:51.820+0000][1][safepoint    ] Application time: 0.0001775 seconds
[2019-06-24T09:20:51.820+0000][1][safepoint    ] Entering safepoint region: RevokeBias
[2019-06-24T09:20:51.820+0000][1][safepoint    ] Leaving safepoint region
[2019-06-24T09:20:51.820+0000][1][safepoint    ] Total time for which application threads were stopped: 0.0000421 seconds, Stopping threads took: 0.0000101 seconds
[2019-06-24T09:20:51.820+0000][1][safepoint    ] Application time: 0.0001540 seconds
[2019-06-24T09:20:51.820+0000][1][safepoint    ] Entering safepoint region: RevokeBias
[2019-06-24T09:20:51.820+0000][1][safepoint    ] Leaving safepoint region
[2019-06-24T09:20:51.820+0000][1][safepoint    ] Total time for which application threads were stopped: 0.0000443 seconds, Stopping threads took: 0.0000101 seconds
[2019-06-24T09:20:51.820+0000][1][safepoint    ] Application time: 0.0000385 seconds
[2019-06-24T09:20:51.820+0000][1][safepoint    ] Entering safepoint region: RevokeBias
[2019-06-24T09:20:51.820+0000][1][safepoint    ] Leaving safepoint region
[2019-06-24T09:20:51.820+0000][1][safepoint    ] Total time for which application threads were stopped: 0.0000376 seconds, Stopping threads took: 0.0000079 seconds
[2019-06-24T09:20:51.820+0000][1][safepoint    ] Application time: 0.0004115 seconds
[2019-06-24T09:20:51.820+0000][1][safepoint    ] Entering safepoint region: RevokeBias
[2019-06-24T09:20:51.820+0000][1][safepoint    ] Leaving safepoint region
[2019-06-24T09:20:51.821+0000][1][safepoint    ] Total time for which application threads were stopped: 0.0000426 seconds, Stopping threads took: 0.0000104 seconds
[2019-06-24T09:20:51.821+0000][1][safepoint    ] Application time: 0.0007417 seconds
[2019-06-24T09:20:51.821+0000][1][safepoint    ] Entering safepoint region: RevokeBias
[2019-06-24T09:20:51.821+0000][1][safepoint    ] Leaving safepoint region
[2019-06-24T09:20:51.821+0000][1][safepoint    ] Total time for which application threads were stopped: 0.0000541 seconds, Stopping threads took: 0.0000103 seconds
[2019-06-24T09:20:51.821+0000][1][safepoint    ] Application time: 0.0001208 seconds
[2019-06-24T09:20:51.821+0000][1][safepoint    ] Entering safepoint region: RevokeBias
[2019-06-24T09:20:51.822+0000][1][safepoint    ] Leaving safepoint region
[2019-06-24T09:20:51.822+0000][1][safepoint    ] Total time for which application threads were stopped: 0.0000474 seconds, Stopping threads took: 0.0000100 seconds
[2019-06-24T09:20:51.823+0000][1][safepoint    ] Application time: 0.0015483 seconds
[2019-06-24T09:20:51.823+0000][1][safepoint    ] Entering safepoint region: RevokeBias
[2019-06-24T09:20:51.823+0000][1][safepoint    ] Leaving safepoint region
[2019-06-24T09:20:51.823+0000][1][safepoint    ] Total time for which application threads were stopped: 0.0000554 seconds, Stopping threads took: 0.0000219 seconds
[2019-06-24T09:20:51.823+0000][1][safepoint    ] Application time: 0.0001444 seconds
[2019-06-24T09:20:51.823+0000][1][safepoint    ] Entering safepoint region: RevokeBias
[2019-06-24T09:20:51.823+0000][1][safepoint    ] Leaving safepoint region
[2019-06-24T09:20:51.823+0000][1][safepoint    ] Total time for which application threads were stopped: 0.0000469 seconds, Stopping threads took: 0.0000121 seconds
[2019-06-24T09:20:51.824+0000][1][safepoint    ] Application time: 0.0009294 seconds
[2019-06-24T09:20:51.824+0000][1][safepoint    ] Entering safepoint region: RevokeBias
[2019-06-24T09:20:51.824+0000][1][safepoint    ] Leaving safepoint region
[2019-06-24T09:20:51.825+0000][1][safepoint    ] Total time for which application threads were stopped: 0.0001939 seconds, Stopping threads took: 0.0001495 seconds
[2019-06-24T09:20:51.826+0000][1][safepoint    ] Application time: 0.0010939 seconds
[2019-06-24T09:20:51.826+0000][1][safepoint    ] Entering safepoint region: RevokeBias
[2019-06-24T09:20:51.826+0000][1][safepoint    ] Leaving safepoint region
[2019-06-24T09:20:51.826+0000][1][safepoint    ] Total time for which application threads were stopped: 0.0001625 seconds, Stopping threads took: 0.0000786 seconds
[2019-06-24T09:20:51.826+0000][1][safepoint    ] Application time: 0.0005812 seconds
[2019-06-24T09:20:51.826+0000][1][safepoint    ] Entering safepoint region: RevokeBias
[2019-06-24T09:20:51.827+0000][1][safepoint    ] Leaving safepoint region
[2019-06-24T09:20:51.827+0000][1][safepoint    ] Total time for which application threads were stopped: 0.0001778 seconds, Stopping threads took: 0.0001146 seconds
[2019-06-24T09:20:51.827+0000][1][safepoint    ] Application time: 0.0000401 seconds
[2019-06-24T09:20:51.827+0000][1][safepoint    ] Entering safepoint region: RevokeBias
[2019-06-24T09:20:51.827+0000][1][safepoint    ] Leaving safepoint region
[2019-06-24T09:20:51.827+0000][1][safepoint    ] Total time for which application threads were stopped: 0.0000914 seconds, Stopping threads took: 0.0000515 seconds
[2019-06-24T09:20:51.827+0000][1][safepoint    ] Application time: 0.0002490 seconds
[2019-06-24T09:20:51.827+0000][1][safepoint    ] Entering safepoint region: RevokeBias
[2019-06-24T09:20:51.827+0000][1][safepoint    ] Leaving safepoint region
[2019-06-24T09:20:51.827+0000][1][safepoint    ] Total time for which application threads were stopped: 0.0002561 seconds, Stopping threads took: 0.0002078 seconds
[2019-06-24T09:20:51.827+0000][1][safepoint    ] Application time: 0.0001179 seconds
[2019-06-24T09:20:51.827+0000][1][safepoint    ] Entering safepoint region: RevokeBias
[2019-06-24T09:20:51.827+0000][1][safepoint    ] Leaving safepoint region
[2019-06-24T09:20:51.828+0000][1][safepoint    ] Total time for which application threads were stopped: 0.0000869 seconds, Stopping threads took: 0.0000308 seconds
[2019-06-24T09:20:51.828+0000][1][safepoint    ] Application time: 0.0002430 seconds
[2019-06-24T09:20:51.828+0000][1][safepoint    ] Entering safepoint region: RevokeBias
[2019-06-24T09:20:51.828+0000][1][safepoint    ] Leaving safepoint region
[2019-06-24T09:20:51.828+0000][1][safepoint    ] Total time for which application threads were stopped: 0.0001261 seconds, Stopping threads took: 0.0000844 seconds
[2019-06-24T09:20:51.828+0000][1][safepoint    ] Application time: 0.0003453 seconds
[2019-06-24T09:20:51.828+0000][1][safepoint    ] Entering safepoint region: RevokeBias
[2019-06-24T09:20:51.828+0000][1][safepoint    ] Leaving safepoint region
[2019-06-24T09:20:51.828+0000][1][safepoint    ] Total time for which application threads were stopped: 0.0001383 seconds, Stopping threads took: 0.0000990 seconds
[2019-06-24T09:20:51.829+0000][1][safepoint    ] Application time: 0.0002334 seconds
[2019-06-24T09:20:51.829+0000][1][safepoint    ] Entering safepoint region: RevokeBias
[2019-06-24T09:20:51.829+0000][1][safepoint    ] Leaving safepoint region
[2019-06-24T09:20:51.829+0000][1][safepoint    ] Total time for which application threads were stopped: 0.0000630 seconds, Stopping threads took: 0.0000203 seconds
[2019-06-24T09:20:51.829+0000][1][safepoint    ] Application time: 0.0001498 seconds
[2019-06-24T09:20:51.829+0000][1][safepoint    ] Entering safepoint region: RevokeBias
[2019-06-24T09:20:51.829+0000][1][safepoint    ] Leaving safepoint region
[2019-06-24T09:20:51.829+0000][1][safepoint    ] Total time for which application threads were stopped: 0.0001281 seconds, Stopping threads took: 0.0000780 seconds
[2019-06-24T09:20:51.829+0000][1][safepoint    ] Application time: 0.0001658 seconds
[2019-06-24T09:20:51.829+0000][1][safepoint    ] Entering safepoint region: RevokeBias
[2019-06-24T09:20:51.829+0000][1][safepoint    ] Leaving safepoint region
[2019-06-24T09:20:51.829+0000][1][safepoint    ] Total time for which application threads were stopped: 0.0001401 seconds, Stopping threads took: 0.0000450 seconds
[2019-06-24T09:20:51.829+0000][1][safepoint    ] Application time: 0.0000852 seconds
[2019-06-24T09:20:51.830+0000][1][safepoint    ] Entering safepoint region: RevokeBias
[2019-06-24T09:20:51.830+0000][1][safepoint    ] Leaving safepoint region
[2019-06-24T09:20:51.830+0000][1][safepoint    ] Total time for which application threads were stopped: 0.0001471 seconds, Stopping threads took: 0.0001131 seconds
[2019-06-24T09:20:51.830+0000][1][safepoint    ] Application time: 0.0002994 seconds
[2019-06-24T09:20:51.830+0000][1][safepoint    ] Entering safepoint region: RevokeBias
[2019-06-24T09:20:51.830+0000][1][safepoint    ] Leaving safepoint region
[2019-06-24T09:20:51.830+0000][1][safepoint    ] Total time for which application threads were stopped: 0.0000909 seconds, Stopping threads took: 0.0000491 seconds
[2019-06-24T09:20:51.830+0000][1][safepoint    ] Application time: 0.0001897 seconds
[2019-06-24T09:20:51.830+0000][1][safepoint    ] Entering safepoint region: RevokeBias
[2019-06-24T09:20:51.830+0000][1][safepoint    ] Leaving safepoint region
[2019-06-24T09:20:51.830+0000][1][safepoint    ] Total time for which application threads were stopped: 0.0000869 seconds, Stopping threads took: 0.0000385 seconds
[2019-06-24T09:20:51.831+0000][1][safepoint    ] Application time: 0.0002226 seconds
[2019-06-24T09:20:51.831+0000][1][safepoint    ] Entering safepoint region: RevokeBias
[2019-06-24T09:20:51.831+0000][1][safepoint    ] Leaving safepoint region
[2019-06-24T09:20:51.831+0000][1][safepoint    ] Total time for which application threads were stopped: 0.0000806 seconds, Stopping threads took: 0.0000385 seconds
[2019-06-24T09:20:51.831+0000][1][safepoint    ] Application time: 0.0001256 seconds
[2019-06-24T09:20:51.831+0000][1][safepoint    ] Entering safepoint region: RevokeBias
[2019-06-24T09:20:51.831+0000][1][safepoint    ] Leaving safepoint region
[2019-06-24T09:20:51.831+0000][1][safepoint    ] Total time for which application threads were stopped: 0.0000792 seconds, Stopping threads took: 0.0000407 seconds
[2019-06-24T09:20:51.831+0000][1][safepoint    ] Application time: 0.0001525 seconds
[2019-06-24T09:20:51.831+0000][1][safepoint    ] Entering safepoint region: RevokeBias
[2019-06-24T09:20:51.831+0000][1][safepoint    ] Leaving safepoint region
[2019-06-24T09:20:51.831+0000][1][safepoint    ] Total time for which application threads were stopped: 0.0001120 seconds, Stopping threads took: 0.0000753 seconds
[2019-06-24T09:20:51.831+0000][1][safepoint    ] Application time: 0.0001207 seconds
[2019-06-24T09:20:51.831+0000][1][safepoint    ] Entering safepoint region: RevokeBias
[2019-06-24T09:20:51.831+0000][1][safepoint    ] Leaving safepoint region
[2019-06-24T09:20:51.831+0000][1][safepoint    ] Total time for which application threads were stopped: 0.0000623 seconds, Stopping threads took: 0.0000370 seconds
[2019-06-24T09:20:51.831+0000][1][safepoint    ] Application time: 0.0000862 seconds
[2019-06-24T09:20:51.832+0000][1][safepoint    ] Entering safepoint region: RevokeBias
[2019-06-24T09:20:51.832+0000][1][safepoint    ] Leaving safepoint region
[2019-06-24T09:20:51.832+0000][1][safepoint    ] Total time for which application threads were stopped: 0.0000552 seconds, Stopping threads took: 0.0000219 seconds
[2019-06-24T09:20:51.832+0000][1][safepoint    ] Application time: 0.0000816 seconds
[2019-06-24T09:20:51.832+0000][1][safepoint    ] Entering safepoint region: RevokeBias
[2019-06-24T09:20:51.832+0000][1][safepoint    ] Leaving safepoint region
[2019-06-24T09:20:51.832+0000][1][safepoint    ] Total time for which application threads were stopped: 0.0000451 seconds, Stopping threads took: 0.0000226 seconds
[2019-06-24T09:20:51.832+0000][1][safepoint    ] Application time: 0.0000786 seconds
[2019-06-24T09:20:51.832+0000][1][safepoint    ] Entering safepoint region: RevokeBias
[2019-06-24T09:20:51.832+0000][1][safepoint    ] Leaving safepoint region
[2019-06-24T09:20:51.832+0000][1][safepoint    ] Total time for which application threads were stopped: 0.0000318 seconds, Stopping threads took: 0.0000076 seconds
[2019-06-24T09:20:51.832+0000][1][safepoint    ] Application time: 0.0000597 seconds
[2019-06-24T09:20:51.832+0000][1][safepoint    ] Entering safepoint region: RevokeBias
[2019-06-24T09:20:51.832+0000][1][safepoint    ] Leaving safepoint region
[2019-06-24T09:20:51.832+0000][1][safepoint    ] Total time for which application threads were stopped: 0.0000473 seconds, Stopping threads took: 0.0000255 seconds
[2019-06-24T09:20:51.835+0000][1][safepoint    ] Application time: 0.0029415 seconds
[2019-06-24T09:20:51.835+0000][1][safepoint    ] Entering safepoint region: RevokeBias
[2019-06-24T09:20:51.835+0000][1][safepoint    ] Leaving safepoint region
[2019-06-24T09:20:51.835+0000][1][safepoint    ] Total time for which application threads were stopped: 0.0000375 seconds, Stopping threads took: 0.0000115 seconds
[2019-06-24T09:20:51.842+0000][1][safepoint    ] Application time: 0.0068919 seconds
[2019-06-24T09:20:51.842+0000][1][safepoint    ] Entering safepoint region: RevokeBias
[2019-06-24T09:20:51.842+0000][1][safepoint    ] Leaving safepoint region
[2019-06-24T09:20:51.842+0000][1][safepoint    ] Total time for which application threads were stopped: 0.0000583 seconds, Stopping threads took: 0.0000121 seconds
[2019-06-24T09:20:51.842+0000][1][safepoint    ] Application time: 0.0000708 seconds
[2019-06-24T09:20:51.842+0000][1][safepoint    ] Entering safepoint region: BulkRevokeBias
[2019-06-24T09:20:51.842+0000][1][safepoint    ] Leaving safepoint region
[2019-06-24T09:20:51.842+0000][1][safepoint    ] Total time for which application threads were stopped: 0.0001012 seconds, Stopping threads took: 0.0000081 seconds
[2019-06-24T09:20:52.386+0000][1][safepoint    ] Application time: 0.5441104 seconds
[2019-06-24T09:20:52.386+0000][1][safepoint    ] Entering safepoint region: RevokeBias
[2019-06-24T09:20:52.387+0000][1][safepoint    ] Leaving safepoint region
[2019-06-24T09:20:52.387+0000][1][safepoint    ] Total time for which application threads were stopped: 0.0002452 seconds, Stopping threads took: 0.0000719 seconds
[2019-06-24T09:20:52.387+0000][1][safepoint    ] Application time: 0.0002827 seconds
[2019-06-24T09:20:52.387+0000][1][safepoint    ] Entering safepoint region: RevokeBias
[2019-06-24T09:20:52.387+0000][1][safepoint    ] Leaving safepoint region
[2019-06-24T09:20:52.387+0000][1][safepoint    ] Total time for which application threads were stopped: 0.0001107 seconds, Stopping threads took: 0.0000278 seconds
[2019-06-24T09:20:52.717+0000][1][safepoint    ] Application time: 0.3299660 seconds
[2019-06-24T09:20:52.717+0000][1][safepoint    ] Entering safepoint region: RevokeBias
[2019-06-24T09:20:52.717+0000][1][safepoint    ] Leaving safepoint region
[2019-06-24T09:20:52.717+0000][1][safepoint    ] Total time for which application threads were stopped: 0.0001605 seconds, Stopping threads took: 0.0000499 seconds
[2019-06-24T09:20:52.718+0000][1][safepoint    ] Application time: 0.0002522 seconds
[2019-06-24T09:20:52.718+0000][1][safepoint    ] Entering safepoint region: RevokeBias
[2019-06-24T09:20:52.718+0000][1][safepoint    ] Leaving safepoint region
[2019-06-24T09:20:52.718+0000][1][safepoint    ] Total time for which application threads were stopped: 0.0000910 seconds, Stopping threads took: 0.0000317 seconds
[2019-06-24T09:20:52.718+0000][1][safepoint    ] Application time: 0.0002386 seconds
[2019-06-24T09:20:52.718+0000][1][safepoint    ] Entering safepoint region: RevokeBias
[2019-06-24T09:20:52.718+0000][1][safepoint    ] Leaving safepoint region
[2019-06-24T09:20:52.718+0000][1][safepoint    ] Total time for which application threads were stopped: 0.0000895 seconds, Stopping threads took: 0.0000305 seconds
[2019-06-24T09:20:52.718+0000][1][safepoint    ] Application time: 0.0002185 seconds
[2019-06-24T09:20:52.718+0000][1][safepoint    ] Entering safepoint region: RevokeBias
[2019-06-24T09:20:52.718+0000][1][safepoint    ] Leaving safepoint region
[2019-06-24T09:20:52.718+0000][1][safepoint    ] Total time for which application threads were stopped: 0.0000752 seconds, Stopping threads took: 0.0000264 seconds
[2019-06-24T09:20:52.719+0000][1][safepoint    ] Application time: 0.0003310 seconds
[2019-06-24T09:20:52.719+0000][1][safepoint    ] Entering safepoint region: RevokeBias
[2019-06-24T09:20:52.719+0000][1][safepoint    ] Leaving safepoint region
[2019-06-24T09:20:52.719+0000][1][safepoint    ] Total time for which application threads were stopped: 0.0000905 seconds, Stopping threads took: 0.0000310 seconds
[2019-06-24T09:20:52.719+0000][1][safepoint    ] Application time: 0.0002438 seconds
[2019-06-24T09:20:52.719+0000][1][safepoint    ] Entering safepoint region: RevokeBias
[2019-06-24T09:20:52.719+0000][1][safepoint    ] Leaving safepoint region
[2019-06-24T09:20:52.719+0000][1][safepoint    ] Total time for which application threads were stopped: 0.0000897 seconds, Stopping threads took: 0.0000312 seconds
[2019-06-24T09:20:52.720+0000][1][safepoint    ] Application time: 0.0002419 seconds
[2019-06-24T09:20:52.720+0000][1][safepoint    ] Entering safepoint region: RevokeBias
[2019-06-24T09:20:52.720+0000][1][safepoint    ] Leaving safepoint region
[2019-06-24T09:20:52.720+0000][1][safepoint    ] Total time for which application threads were stopped: 0.0000898 seconds, Stopping threads took: 0.0000306 seconds
[2019-06-24T09:20:52.720+0000][1][safepoint    ] Application time: 0.0001996 seconds
[2019-06-24T09:20:52.720+0000][1][safepoint    ] Entering safepoint region: RevokeBias
[2019-06-24T09:20:52.720+0000][1][safepoint    ] Leaving safepoint region
[2019-06-24T09:20:52.720+0000][1][safepoint    ] Total time for which application threads were stopped: 0.0000668 seconds, Stopping threads took: 0.0000230 seconds
[2019-06-24T09:20:52.730+0000][1][safepoint    ] Application time: 0.0099905 seconds
[2019-06-24T09:20:52.730+0000][1][safepoint    ] Entering safepoint region: RevokeBias
[2019-06-24T09:20:52.730+0000][1][safepoint    ] Leaving safepoint region
[2019-06-24T09:20:52.730+0000][1][safepoint    ] Total time for which application threads were stopped: 0.0000775 seconds, Stopping threads took: 0.0000272 seconds
[2019-06-24T09:20:52.732+0000][1][safepoint    ] Application time: 0.0018827 seconds
[2019-06-24T09:20:52.732+0000][1][safepoint    ] Entering safepoint region: RevokeBias
[2019-06-24T09:20:52.732+0000][1][safepoint    ] Leaving safepoint region
[2019-06-24T09:20:52.732+0000][1][safepoint    ] Total time for which application threads were stopped: 0.0002562 seconds, Stopping threads took: 0.0001681 seconds
[2019-06-24T09:20:52.733+0000][1][safepoint    ] Application time: 0.0003614 seconds
[2019-06-24T09:20:52.733+0000][1][safepoint    ] Entering safepoint region: RevokeBias
[2019-06-24T09:20:52.733+0000][1][safepoint    ] Leaving safepoint region
[2019-06-24T09:20:52.733+0000][1][safepoint    ] Total time for which application threads were stopped: 0.0001447 seconds, Stopping threads took: 0.0000721 seconds
[2019-06-24T09:20:52.735+0000][1][safepoint    ] Application time: 0.0016978 seconds
[2019-06-24T09:20:52.735+0000][1][safepoint    ] Entering safepoint region: RevokeBias
[2019-06-24T09:20:52.735+0000][1][safepoint    ] Leaving safepoint region
[2019-06-24T09:20:52.735+0000][1][safepoint    ] Total time for which application threads were stopped: 0.0003255 seconds, Stopping threads took: 0.0002208 seconds
[2019-06-24T09:20:52.735+0000][1][safepoint    ] Application time: 0.0002562 seconds
[2019-06-24T09:20:52.735+0000][1][safepoint    ] Entering safepoint region: RevokeBias
[2019-06-24T09:20:52.736+0000][1][safepoint    ] Leaving safepoint region
[2019-06-24T09:20:52.736+0000][1][safepoint    ] Total time for which application threads were stopped: 0.0001183 seconds, Stopping threads took: 0.0000322 seconds
[2019-06-24T09:20:52.740+0000][1][safepoint    ] Application time: 0.0039789 seconds
[2019-06-24T09:20:52.740+0000][1][safepoint    ] Entering safepoint region: RevokeBias
[2019-06-24T09:20:52.740+0000][1][safepoint    ] Leaving safepoint region
[2019-06-24T09:20:52.740+0000][1][safepoint    ] Total time for which application threads were stopped: 0.0001130 seconds, Stopping threads took: 0.0000322 seconds
[2019-06-24T09:20:52.751+0000][1][safepoint    ] Application time: 0.0116136 seconds
[2019-06-24T09:20:52.751+0000][1][safepoint    ] Entering safepoint region: RevokeBias
[2019-06-24T09:20:52.751+0000][1][safepoint    ] Leaving safepoint region
[2019-06-24T09:20:52.751+0000][1][safepoint    ] Total time for which application threads were stopped: 0.0000557 seconds, Stopping threads took: 0.0000163 seconds
[2019-06-24T09:20:52.752+0000][1][safepoint    ] Application time: 0.0001643 seconds
[2019-06-24T09:20:52.752+0000][1][safepoint    ] Entering safepoint region: RevokeBias
[2019-06-24T09:20:52.752+0000][1][safepoint    ] Leaving safepoint region
[2019-06-24T09:20:52.752+0000][1][safepoint    ] Total time for which application threads were stopped: 0.0001646 seconds, Stopping threads took: 0.0001341 seconds
[2019-06-24T09:20:52.752+0000][1][safepoint    ] Application time: 0.0001677 seconds
[2019-06-24T09:20:52.752+0000][1][safepoint    ] Entering safepoint region: RevokeBias
[2019-06-24T09:20:52.752+0000][1][safepoint    ] Leaving safepoint region
[2019-06-24T09:20:52.752+0000][1][safepoint    ] Total time for which application threads were stopped: 0.0000553 seconds, Stopping threads took: 0.0000281 seconds
[2019-06-24T09:20:52.753+0000][1][safepoint    ] Application time: 0.0005903 seconds
[2019-06-24T09:20:52.753+0000][1][safepoint    ] Entering safepoint region: RevokeBias
[2019-06-24T09:20:52.753+0000][1][safepoint    ] Leaving safepoint region
[2019-06-24T09:20:52.753+0000][1][safepoint    ] Total time for which application threads were stopped: 0.0000569 seconds, Stopping threads took: 0.0000261 seconds
[2019-06-24T09:20:52.753+0000][1][safepoint    ] Application time: 0.0001831 seconds
[2019-06-24T09:20:52.753+0000][1][safepoint    ] Entering safepoint region: RevokeBias
[2019-06-24T09:20:52.753+0000][1][safepoint    ] Leaving safepoint region
[2019-06-24T09:20:52.753+0000][1][safepoint    ] Total time for which application threads were stopped: 0.0000418 seconds, Stopping threads took: 0.0000114 seconds
[2019-06-24T09:20:52.753+0000][1][safepoint    ] Application time: 0.0001554 seconds
[2019-06-24T09:20:52.753+0000][1][safepoint    ] Entering safepoint region: RevokeBias
[2019-06-24T09:20:52.753+0000][1][safepoint    ] Leaving safepoint region
[2019-06-24T09:20:52.753+0000][1][safepoint    ] Total time for which application threads were stopped: 0.0000421 seconds, Stopping threads took: 0.0000112 seconds
[2019-06-24T09:20:52.754+0000][1][safepoint    ] Application time: 0.0004463 seconds
[2019-06-24T09:20:52.754+0000][1][safepoint    ] Entering safepoint region: RevokeBias
[2019-06-24T09:20:52.754+0000][1][safepoint    ] Leaving safepoint region
[2019-06-24T09:20:52.754+0000][1][safepoint    ] Total time for which application threads were stopped: 0.0000351 seconds, Stopping threads took: 0.0000091 seconds
[2019-06-24T09:20:52.754+0000][1][safepoint    ] Application time: 0.0005260 seconds
[2019-06-24T09:20:52.754+0000][1][safepoint    ] Entering safepoint region: RevokeBias
[2019-06-24T09:20:52.754+0000][1][safepoint    ] Leaving safepoint region
[2019-06-24T09:20:52.754+0000][1][safepoint    ] Total time for which application threads were stopped: 0.0000439 seconds, Stopping threads took: 0.0000114 seconds
[2019-06-24T09:20:52.754+0000][1][safepoint    ] Application time: 0.0000682 seconds
[2019-06-24T09:20:52.754+0000][1][safepoint    ] Entering safepoint region: BulkRevokeBias
[2019-06-24T09:20:52.755+0000][1][safepoint    ] Leaving safepoint region
[2019-06-24T09:20:52.755+0000][1][safepoint    ] Total time for which application threads were stopped: 0.0001546 seconds, Stopping threads took: 0.0000284 seconds
[2019-06-24T09:20:52.755+0000][1][safepoint    ] Application time: 0.0003965 seconds
[2019-06-24T09:20:52.755+0000][1][safepoint    ] Entering safepoint region: RevokeBias
[2019-06-24T09:20:52.755+0000][1][safepoint    ] Leaving safepoint region
[2019-06-24T09:20:52.755+0000][1][safepoint    ] Total time for which application threads were stopped: 0.0000436 seconds, Stopping threads took: 0.0000115 seconds
[2019-06-24T09:20:52.755+0000][1][safepoint    ] Application time: 0.0002925 seconds
[2019-06-24T09:20:52.755+0000][1][safepoint    ] Entering safepoint region: RevokeBias
[2019-06-24T09:20:52.755+0000][1][safepoint    ] Leaving safepoint region
[2019-06-24T09:20:52.755+0000][1][safepoint    ] Total time for which application threads were stopped: 0.0000966 seconds, Stopping threads took: 0.0000658 seconds
[2019-06-24T09:20:52.756+0000][1][safepoint    ] Application time: 0.0010101 seconds
[2019-06-24T09:20:52.756+0000][1][safepoint    ] Entering safepoint region: RevokeBias
[2019-06-24T09:20:52.757+0000][1][safepoint    ] Leaving safepoint region
[2019-06-24T09:20:52.757+0000][1][safepoint    ] Total time for which application threads were stopped: 0.0000440 seconds, Stopping threads took: 0.0000116 seconds
[2019-06-24T09:20:52.757+0000][1][safepoint    ] Application time: 0.0002061 seconds
[2019-06-24T09:20:52.757+0000][1][safepoint    ] Entering safepoint region: RevokeBias
[2019-06-24T09:20:52.757+0000][1][safepoint    ] Leaving safepoint region
[2019-06-24T09:20:52.757+0000][1][safepoint    ] Total time for which application threads were stopped: 0.0000354 seconds, Stopping threads took: 0.0000106 seconds
[2019-06-24T09:20:52.757+0000][1][safepoint    ] Application time: 0.0001932 seconds
[2019-06-24T09:20:52.757+0000][1][safepoint    ] Entering safepoint region: RevokeBias
[2019-06-24T09:20:52.757+0000][1][safepoint    ] Leaving safepoint region
[2019-06-24T09:20:52.757+0000][1][safepoint    ] Total time for which application threads were stopped: 0.0000469 seconds, Stopping threads took: 0.0000112 seconds
[2019-06-24T09:20:52.757+0000][1][safepoint    ] Application time: 0.0001089 seconds
[2019-06-24T09:20:52.757+0000][1][safepoint    ] Entering safepoint region: RevokeBias
[2019-06-24T09:20:52.757+0000][1][safepoint    ] Leaving safepoint region
[2019-06-24T09:20:52.757+0000][1][safepoint    ] Total time for which application threads were stopped: 0.0000386 seconds, Stopping threads took: 0.0000139 seconds
[2019-06-24T09:20:52.759+0000][1][safepoint    ] Application time: 0.0017502 seconds
[2019-06-24T09:20:52.759+0000][1][safepoint    ] Entering safepoint region: RevokeBias
[2019-06-24T09:20:52.759+0000][1][safepoint    ] Leaving safepoint region
[2019-06-24T09:20:52.759+0000][1][safepoint    ] Total time for which application threads were stopped: 0.0000715 seconds, Stopping threads took: 0.0000271 seconds
[2019-06-24T09:20:52.759+0000][1][safepoint    ] Application time: 0.0001285 seconds
[2019-06-24T09:20:52.759+0000][1][safepoint    ] Entering safepoint region: RevokeBias
[2019-06-24T09:20:52.759+0000][1][safepoint    ] Leaving safepoint region
[2019-06-24T09:20:52.759+0000][1][safepoint    ] Total time for which application threads were stopped: 0.0000414 seconds, Stopping threads took: 0.0000113 seconds
[2019-06-24T09:20:52.759+0000][1][safepoint    ] Application time: 0.0001144 seconds
[2019-06-24T09:20:52.759+0000][1][safepoint    ] Entering safepoint region: RevokeBias
[2019-06-24T09:20:52.759+0000][1][safepoint    ] Leaving safepoint region
[2019-06-24T09:20:52.759+0000][1][safepoint    ] Total time for which application threads were stopped: 0.0000438 seconds, Stopping threads took: 0.0000146 seconds
[2019-06-24T09:20:52.760+0000][1][safepoint    ] Application time: 0.0001442 seconds
[2019-06-24T09:20:52.760+0000][1][safepoint    ] Entering safepoint region: RevokeBias
[2019-06-24T09:20:52.760+0000][1][safepoint    ] Leaving safepoint region
[2019-06-24T09:20:52.760+0000][1][safepoint    ] Total time for which application threads were stopped: 0.0000656 seconds, Stopping threads took: 0.0000323 seconds
[2019-06-24T09:20:52.760+0000][1][safepoint    ] Application time: 0.0001788 seconds
[2019-06-24T09:20:52.760+0000][1][safepoint    ] Entering safepoint region: RevokeBias
[2019-06-24T09:20:52.760+0000][1][safepoint    ] Leaving safepoint region
[2019-06-24T09:20:52.760+0000][1][safepoint    ] Total time for which application threads were stopped: 0.0000664 seconds, Stopping threads took: 0.0000407 seconds
[2019-06-24T09:20:52.760+0000][1][safepoint    ] Application time: 0.0000906 seconds
[2019-06-24T09:20:52.760+0000][1][safepoint    ] Entering safepoint region: RevokeBias
[2019-06-24T09:20:52.760+0000][1][safepoint    ] Leaving safepoint region
[2019-06-24T09:20:52.760+0000][1][safepoint    ] Total time for which application threads were stopped: 0.0000532 seconds, Stopping threads took: 0.0000276 seconds
[2019-06-24T09:20:52.762+0000][1][gc,heap,exit ] Heap
[2019-06-24T09:20:52.762+0000][1][gc,heap,exit ]  par new generation   total 78656K, used 26375K [0x00000000f0000000, 0x00000000f5550000, 0x00000000f5550000)
[2019-06-24T09:20:52.762+0000][1][gc,heap,exit ]   eden space 69952K,  26% used [0x00000000f0000000, 0x00000000f1229230, 0x00000000f4450000)
[2019-06-24T09:20:52.763+0000][1][gc,heap,exit ]   from space 8704K,  89% used [0x00000000f4450000, 0x00000000f4be8c80, 0x00000000f4cd0000)
[2019-06-24T09:20:52.763+0000][1][gc,heap,exit ]   to   space 8704K,   0% used [0x00000000f4cd0000, 0x00000000f4cd0000, 0x00000000f5550000)
[2019-06-24T09:20:52.763+0000][1][gc,heap,exit ]  concurrent mark-sweep generation total 174784K, used 62242K [0x00000000f5550000, 0x0000000100000000, 0x0000000100000000)
[2019-06-24T09:20:52.763+0000][1][gc,heap,exit ]  Metaspace       used 63188K, capacity 67878K, committed 68092K, reserved 1107968K
[2019-06-24T09:20:52.763+0000][1][gc,heap,exit ]   class space    used 8604K, capacity 10561K, committed 10620K, reserved 1048576K
[2019-06-24T09:20:52.763+0000][1][safepoint    ] Application time: 0.0024678 seconds
[2019-06-24T09:20:52.763+0000][1][safepoint    ] Entering safepoint region: Halt
