[2019-06-24T09:24:21.932+0000][1][gc] Using Concurrent Mark Sweep
[2019-06-24T09:24:21.932+0000][1][gc,heap,coops] Heap address: 0x00000000f0000000, size: 256 MB, Compressed Oops mode: 32-bit
[2019-06-24T09:24:21.987+0000][1][safepoint    ] Entering safepoint region: EnableBiasedLocking
[2019-06-24T09:24:21.987+0000][1][safepoint    ] Leaving safepoint region
[2019-06-24T09:24:21.987+0000][1][safepoint    ] Total time for which application threads were stopped: 0.0001008 seconds, Stopping threads took: 0.0000412 seconds
[2019-06-24T09:24:21.991+0000][1][safepoint    ] Application time: 0.0029499 seconds
[2019-06-24T09:24:21.991+0000][1][safepoint    ] Entering safepoint region: RevokeBias
[2019-06-24T09:24:21.991+0000][1][safepoint    ] Leaving safepoint region
[2019-06-24T09:24:21.991+0000][1][safepoint    ] Total time for which application threads were stopped: 0.0000690 seconds, Stopping threads took: 0.0000213 seconds
[2019-06-24T09:24:22.000+0000][1][safepoint    ] Application time: 0.0090060 seconds
[2019-06-24T09:24:22.000+0000][1][safepoint    ] Entering safepoint region: Deoptimize
[2019-06-24T09:24:22.000+0000][1][safepoint    ] Leaving safepoint region
[2019-06-24T09:24:22.000+0000][1][safepoint    ] Total time for which application threads were stopped: 0.0000459 seconds, Stopping threads took: 0.0000086 seconds
[2019-06-24T09:24:22.101+0000][1][safepoint    ] Application time: 0.1009299 seconds
[2019-06-24T09:24:22.101+0000][1][safepoint    ] Entering safepoint region: RevokeBias
[2019-06-24T09:24:22.101+0000][1][safepoint    ] Leaving safepoint region
[2019-06-24T09:24:22.101+0000][1][safepoint    ] Total time for which application threads were stopped: 0.0000792 seconds, Stopping threads took: 0.0000235 seconds
[2019-06-24T09:24:22.106+0000][1][safepoint    ] Application time: 0.0054907 seconds
[2019-06-24T09:24:22.106+0000][1][safepoint    ] Entering safepoint region: Deoptimize
[2019-06-24T09:24:22.106+0000][1][safepoint    ] Leaving safepoint region
[2019-06-24T09:24:22.106+0000][1][safepoint    ] Total time for which application threads were stopped: 0.0000537 seconds, Stopping threads took: 0.0000075 seconds
[2019-06-24T09:24:22.128+0000][1][safepoint    ] Application time: 0.0215119 seconds
[2019-06-24T09:24:22.128+0000][1][safepoint    ] Entering safepoint region: Deoptimize
[2019-06-24T09:24:22.128+0000][1][safepoint    ] Leaving safepoint region
[2019-06-24T09:24:22.128+0000][1][safepoint    ] Total time for which application threads were stopped: 0.0000645 seconds, Stopping threads took: 0.0000085 seconds
[2019-06-24T09:24:22.361+0000][1][safepoint    ] Application time: 0.2334635 seconds
[2019-06-24T09:24:22.361+0000][1][safepoint    ] Entering safepoint region: Deoptimize
[2019-06-24T09:24:22.362+0000][1][safepoint    ] Leaving safepoint region
[2019-06-24T09:24:22.362+0000][1][safepoint    ] Total time for which application threads were stopped: 0.0001712 seconds, Stopping threads took: 0.0000145 seconds
[2019-06-24T09:24:22.383+0000][1][safepoint    ] Application time: 0.0211669 seconds
[2019-06-24T09:24:22.383+0000][1][safepoint    ] Entering safepoint region: Deoptimize
[2019-06-24T09:24:22.383+0000][1][safepoint    ] Leaving safepoint region
[2019-06-24T09:24:22.383+0000][1][safepoint    ] Total time for which application threads were stopped: 0.0001190 seconds, Stopping threads took: 0.0000132 seconds
[2019-06-24T09:24:22.406+0000][1][safepoint    ] Application time: 0.0233792 seconds
[2019-06-24T09:24:22.406+0000][1][safepoint    ] Entering safepoint region: Deoptimize
[2019-06-24T09:24:22.407+0000][1][safepoint    ] Leaving safepoint region
[2019-06-24T09:24:22.407+0000][1][safepoint    ] Total time for which application threads were stopped: 0.0002273 seconds, Stopping threads took: 0.0000136 seconds
[2019-06-24T09:24:22.416+0000][1][safepoint    ] Application time: 0.0095664 seconds
[2019-06-24T09:24:22.416+0000][1][safepoint    ] Entering safepoint region: Deoptimize
[2019-06-24T09:24:22.416+0000][1][safepoint    ] Leaving safepoint region
[2019-06-24T09:24:22.416+0000][1][safepoint    ] Total time for which application threads were stopped: 0.0001163 seconds, Stopping threads took: 0.0000162 seconds
[2019-06-24T09:24:22.758+0000][1][safepoint    ] Application time: 0.3414555 seconds
[2019-06-24T09:24:22.758+0000][1][safepoint    ] Entering safepoint region: Deoptimize
[2019-06-24T09:24:22.758+0000][1][safepoint    ] Leaving safepoint region
[2019-06-24T09:24:22.758+0000][1][safepoint    ] Total time for which application threads were stopped: 0.0002975 seconds, Stopping threads took: 0.0000139 seconds
[2019-06-24T09:24:22.956+0000][1][safepoint    ] Application time: 0.1978169 seconds
[2019-06-24T09:24:22.956+0000][1][safepoint    ] Entering safepoint region: RevokeBias
[2019-06-24T09:24:22.956+0000][1][safepoint    ] Leaving safepoint region
[2019-06-24T09:24:22.956+0000][1][safepoint    ] Total time for which application threads were stopped: 0.0001798 seconds, Stopping threads took: 0.0000684 seconds
[2019-06-24T09:24:23.038+0000][1][safepoint    ] Application time: 0.0815352 seconds
[2019-06-24T09:24:23.038+0000][1][safepoint    ] Entering safepoint region: Deoptimize
[2019-06-24T09:24:23.038+0000][1][safepoint    ] Leaving safepoint region
[2019-06-24T09:24:23.038+0000][1][safepoint    ] Total time for which application threads were stopped: 0.0002292 seconds, Stopping threads took: 0.0000134 seconds
[2019-06-24T09:24:23.148+0000][1][safepoint    ] Application time: 0.1102164 seconds
[2019-06-24T09:24:23.148+0000][1][safepoint    ] Entering safepoint region: Deoptimize
[2019-06-24T09:24:23.149+0000][1][safepoint    ] Leaving safepoint region
[2019-06-24T09:24:23.149+0000][1][safepoint    ] Total time for which application threads were stopped: 0.0002158 seconds, Stopping threads took: 0.0000127 seconds
[2019-06-24T09:24:23.149+0000][1][safepoint    ] Application time: 0.0000964 seconds
[2019-06-24T09:24:23.149+0000][1][safepoint    ] Entering safepoint region: Deoptimize
[2019-06-24T09:24:23.149+0000][1][safepoint    ] Leaving safepoint region
[2019-06-24T09:24:23.149+0000][1][safepoint    ] Total time for which application threads were stopped: 0.0001617 seconds, Stopping threads took: 0.0000088 seconds
[2019-06-24T09:24:23.163+0000][1][safepoint    ] Application time: 0.0142897 seconds
[2019-06-24T09:24:23.163+0000][1][safepoint    ] Entering safepoint region: Deoptimize
[2019-06-24T09:24:23.163+0000][1][safepoint    ] Leaving safepoint region
[2019-06-24T09:24:23.163+0000][1][safepoint    ] Total time for which application threads were stopped: 0.0001853 seconds, Stopping threads took: 0.0000130 seconds
[2019-06-24T09:24:23.172+0000][1][safepoint    ] Application time: 0.0083516 seconds
[2019-06-24T09:24:23.172+0000][1][safepoint    ] Entering safepoint region: Deoptimize
[2019-06-24T09:24:23.172+0000][1][safepoint    ] Leaving safepoint region
[2019-06-24T09:24:23.172+0000][1][safepoint    ] Total time for which application threads were stopped: 0.0001948 seconds, Stopping threads took: 0.0000130 seconds
[2019-06-24T09:24:23.177+0000][1][safepoint    ] Application time: 0.0047405 seconds
[2019-06-24T09:24:23.177+0000][1][safepoint    ] Entering safepoint region: RevokeBias
[2019-06-24T09:24:23.177+0000][1][safepoint    ] Leaving safepoint region
[2019-06-24T09:24:23.177+0000][1][safepoint    ] Total time for which application threads were stopped: 0.0000702 seconds, Stopping threads took: 0.0000217 seconds
[2019-06-24T09:24:23.177+0000][1][safepoint    ] Application time: 0.0002125 seconds
[2019-06-24T09:24:23.177+0000][1][safepoint    ] Entering safepoint region: RevokeBias
[2019-06-24T09:24:23.177+0000][1][safepoint    ] Leaving safepoint region
[2019-06-24T09:24:23.177+0000][1][safepoint    ] Total time for which application threads were stopped: 0.0000523 seconds, Stopping threads took: 0.0000189 seconds
[2019-06-24T09:24:23.177+0000][1][safepoint    ] Application time: 0.0001098 seconds
[2019-06-24T09:24:23.177+0000][1][safepoint    ] Entering safepoint region: RevokeBias
[2019-06-24T09:24:23.177+0000][1][safepoint    ] Leaving safepoint region
[2019-06-24T09:24:23.177+0000][1][safepoint    ] Total time for which application threads were stopped: 0.0000492 seconds, Stopping threads took: 0.0000188 seconds
[2019-06-24T09:24:23.177+0000][1][safepoint    ] Application time: 0.0001019 seconds
[2019-06-24T09:24:23.177+0000][1][safepoint    ] Entering safepoint region: RevokeBias
[2019-06-24T09:24:23.177+0000][1][safepoint    ] Leaving safepoint region
[2019-06-24T09:24:23.177+0000][1][safepoint    ] Total time for which application threads were stopped: 0.0000502 seconds, Stopping threads took: 0.0000192 seconds
[2019-06-24T09:24:23.178+0000][1][safepoint    ] Application time: 0.0001610 seconds
[2019-06-24T09:24:23.178+0000][1][safepoint    ] Entering safepoint region: RevokeBias
[2019-06-24T09:24:23.178+0000][1][safepoint    ] Leaving safepoint region
[2019-06-24T09:24:23.178+0000][1][safepoint    ] Total time for which application threads were stopped: 0.0000457 seconds, Stopping threads took: 0.0000189 seconds
[2019-06-24T09:24:23.178+0000][1][safepoint    ] Application time: 0.0003301 seconds
[2019-06-24T09:24:23.178+0000][1][safepoint    ] Entering safepoint region: RevokeBias
[2019-06-24T09:24:23.178+0000][1][safepoint    ] Leaving safepoint region
[2019-06-24T09:24:23.178+0000][1][safepoint    ] Total time for which application threads were stopped: 0.0000540 seconds, Stopping threads took: 0.0000194 seconds
[2019-06-24T09:24:23.179+0000][1][safepoint    ] Application time: 0.0009003 seconds
[2019-06-24T09:24:23.179+0000][1][safepoint    ] Entering safepoint region: RevokeBias
[2019-06-24T09:24:23.179+0000][1][safepoint    ] Leaving safepoint region
[2019-06-24T09:24:23.179+0000][1][safepoint    ] Total time for which application threads were stopped: 0.0000354 seconds, Stopping threads took: 0.0000100 seconds
[2019-06-24T09:24:23.184+0000][1][safepoint    ] Application time: 0.0047865 seconds
[2019-06-24T09:24:23.184+0000][1][safepoint    ] Entering safepoint region: Deoptimize
[2019-06-24T09:24:23.184+0000][1][safepoint    ] Leaving safepoint region
[2019-06-24T09:24:23.184+0000][1][safepoint    ] Total time for which application threads were stopped: 0.0001805 seconds, Stopping threads took: 0.0000111 seconds
[2019-06-24T09:24:23.257+0000][1][safepoint    ] Application time: 0.0726268 seconds
[2019-06-24T09:24:23.257+0000][1][safepoint    ] Entering safepoint region: GenCollectForAllocation
[2019-06-24T09:24:23.257+0000][1][gc,start     ] GC(0) Pause Young (Allocation Failure)
[2019-06-24T09:24:23.257+0000][1][gc,task      ] GC(0) Using 5 workers of 8 for evacuation
[2019-06-24T09:24:23.262+0000][1][gc,age       ] GC(0) Desired survivor size 4456448 bytes, new threshold 1 (max threshold 6)
[2019-06-24T09:24:23.262+0000][1][gc,age       ] GC(0) Age table with threshold 1 (max threshold 6)
[2019-06-24T09:24:23.262+0000][1][gc,age       ] GC(0) - age   1:    7827888 bytes,    7827888 total
[2019-06-24T09:24:23.262+0000][1][gc,heap      ] GC(0) ParNew: 69952K->7747K(78656K)
[2019-06-24T09:24:23.262+0000][1][gc,heap      ] GC(0) CMS: 0K->0K(174784K)
[2019-06-24T09:24:23.262+0000][1][gc,metaspace ] GC(0) Metaspace: 12003K->12003K(1060864K)
[2019-06-24T09:24:23.262+0000][1][gc           ] GC(0) Pause Young (Allocation Failure) 68M->7M(247M) 5.530ms
[2019-06-24T09:24:23.262+0000][1][gc,cpu       ] GC(0) User=0.02s Sys=0.00s Real=0.00s
[2019-06-24T09:24:23.262+0000][1][safepoint    ] Leaving safepoint region
[2019-06-24T09:24:23.262+0000][1][safepoint    ] Total time for which application threads were stopped: 0.0056358 seconds, Stopping threads took: 0.0000117 seconds
[2019-06-24T09:24:23.263+0000][1][safepoint    ] Application time: 0.0003450 seconds
[2019-06-24T09:24:23.263+0000][1][safepoint    ] Entering safepoint region: RevokeBias
[2019-06-24T09:24:23.263+0000][1][safepoint    ] Leaving safepoint region
[2019-06-24T09:24:23.263+0000][1][safepoint    ] Total time for which application threads were stopped: 0.0001056 seconds, Stopping threads took: 0.0000615 seconds
[2019-06-24T09:24:23.263+0000][1][safepoint    ] Application time: 0.0000623 seconds
[2019-06-24T09:24:23.263+0000][1][safepoint    ] Entering safepoint region: RevokeBias
[2019-06-24T09:24:23.263+0000][1][safepoint    ] Leaving safepoint region
[2019-06-24T09:24:23.263+0000][1][safepoint    ] Total time for which application threads were stopped: 0.0000713 seconds, Stopping threads took: 0.0000352 seconds
[2019-06-24T09:24:23.263+0000][1][safepoint    ] Application time: 0.0000932 seconds
[2019-06-24T09:24:23.263+0000][1][safepoint    ] Entering safepoint region: RevokeBias
[2019-06-24T09:24:23.263+0000][1][safepoint    ] Leaving safepoint region
[2019-06-24T09:24:23.263+0000][1][safepoint    ] Total time for which application threads were stopped: 0.0000842 seconds, Stopping threads took: 0.0000528 seconds
[2019-06-24T09:24:23.263+0000][1][safepoint    ] Application time: 0.0000465 seconds
[2019-06-24T09:24:23.263+0000][1][safepoint    ] Entering safepoint region: RevokeBias
[2019-06-24T09:24:23.263+0000][1][safepoint    ] Leaving safepoint region
[2019-06-24T09:24:23.263+0000][1][safepoint    ] Total time for which application threads were stopped: 0.0001561 seconds, Stopping threads took: 0.0001255 seconds
[2019-06-24T09:24:23.263+0000][1][safepoint    ] Application time: 0.0000489 seconds
[2019-06-24T09:24:23.263+0000][1][safepoint    ] Entering safepoint region: RevokeBias
[2019-06-24T09:24:23.263+0000][1][safepoint    ] Leaving safepoint region
[2019-06-24T09:24:23.263+0000][1][safepoint    ] Total time for which application threads were stopped: 0.0000586 seconds, Stopping threads took: 0.0000302 seconds
[2019-06-24T09:24:23.264+0000][1][safepoint    ] Application time: 0.0000411 seconds
[2019-06-24T09:24:23.264+0000][1][safepoint    ] Entering safepoint region: RevokeBias
[2019-06-24T09:24:23.264+0000][1][safepoint    ] Leaving safepoint region
[2019-06-24T09:24:23.264+0000][1][safepoint    ] Total time for which application threads were stopped: 0.0000310 seconds, Stopping threads took: 0.0000066 seconds
[2019-06-24T09:24:23.264+0000][1][safepoint    ] Application time: 0.0000528 seconds
[2019-06-24T09:24:23.265+0000][1][safepoint    ] Entering safepoint region: RevokeBias
[2019-06-24T09:24:23.265+0000][1][safepoint    ] Leaving safepoint region
[2019-06-24T09:24:23.265+0000][1][safepoint    ] Total time for which application threads were stopped: 0.0009229 seconds, Stopping threads took: 0.0008946 seconds
[2019-06-24T09:24:23.265+0000][1][safepoint    ] Application time: 0.0000381 seconds
[2019-06-24T09:24:23.265+0000][1][safepoint    ] Entering safepoint region: RevokeBias
[2019-06-24T09:24:23.265+0000][1][safepoint    ] Leaving safepoint region
[2019-06-24T09:24:23.265+0000][1][safepoint    ] Total time for which application threads were stopped: 0.0000721 seconds, Stopping threads took: 0.0000494 seconds
[2019-06-24T09:24:23.265+0000][1][safepoint    ] Application time: 0.0000419 seconds
[2019-06-24T09:24:23.265+0000][1][safepoint    ] Entering safepoint region: RevokeBias
[2019-06-24T09:24:23.265+0000][1][safepoint    ] Leaving safepoint region
[2019-06-24T09:24:23.265+0000][1][safepoint    ] Total time for which application threads were stopped: 0.0000621 seconds, Stopping threads took: 0.0000375 seconds
[2019-06-24T09:24:23.265+0000][1][safepoint    ] Application time: 0.0000353 seconds
[2019-06-24T09:24:23.265+0000][1][safepoint    ] Entering safepoint region: RevokeBias
[2019-06-24T09:24:23.265+0000][1][safepoint    ] Leaving safepoint region
[2019-06-24T09:24:23.265+0000][1][safepoint    ] Total time for which application threads were stopped: 0.0000578 seconds, Stopping threads took: 0.0000315 seconds
[2019-06-24T09:24:23.265+0000][1][safepoint    ] Application time: 0.0001045 seconds
[2019-06-24T09:24:23.265+0000][1][safepoint    ] Entering safepoint region: RevokeBias
[2019-06-24T09:24:23.265+0000][1][safepoint    ] Leaving safepoint region
[2019-06-24T09:24:23.265+0000][1][safepoint    ] Total time for which application threads were stopped: 0.0000531 seconds, Stopping threads took: 0.0000292 seconds
[2019-06-24T09:24:23.265+0000][1][safepoint    ] Application time: 0.0000403 seconds
[2019-06-24T09:24:23.265+0000][1][safepoint    ] Entering safepoint region: RevokeBias
[2019-06-24T09:24:23.265+0000][1][safepoint    ] Leaving safepoint region
[2019-06-24T09:24:23.265+0000][1][safepoint    ] Total time for which application threads were stopped: 0.0000518 seconds, Stopping threads took: 0.0000207 seconds
[2019-06-24T09:24:23.265+0000][1][safepoint    ] Application time: 0.0000480 seconds
[2019-06-24T09:24:23.265+0000][1][safepoint    ] Entering safepoint region: RevokeBias
[2019-06-24T09:24:23.265+0000][1][safepoint    ] Leaving safepoint region
[2019-06-24T09:24:23.265+0000][1][safepoint    ] Total time for which application threads were stopped: 0.0000671 seconds, Stopping threads took: 0.0000283 seconds
[2019-06-24T09:24:23.265+0000][1][safepoint    ] Application time: 0.0000444 seconds
[2019-06-24T09:24:23.265+0000][1][safepoint    ] Entering safepoint region: RevokeBias
[2019-06-24T09:24:23.265+0000][1][safepoint    ] Leaving safepoint region
[2019-06-24T09:24:23.265+0000][1][safepoint    ] Total time for which application threads were stopped: 0.0000599 seconds, Stopping threads took: 0.0000294 seconds
[2019-06-24T09:24:23.266+0000][1][safepoint    ] Application time: 0.0001423 seconds
[2019-06-24T09:24:23.266+0000][1][safepoint    ] Entering safepoint region: RevokeBias
[2019-06-24T09:24:23.266+0000][1][safepoint    ] Leaving safepoint region
[2019-06-24T09:24:23.266+0000][1][safepoint    ] Total time for which application threads were stopped: 0.0000961 seconds, Stopping threads took: 0.0000522 seconds
[2019-06-24T09:24:23.266+0000][1][safepoint    ] Application time: 0.0000391 seconds
[2019-06-24T09:24:23.266+0000][1][safepoint    ] Entering safepoint region: RevokeBias
[2019-06-24T09:24:23.266+0000][1][safepoint    ] Leaving safepoint region
[2019-06-24T09:24:23.266+0000][1][safepoint    ] Total time for which application threads were stopped: 0.0000537 seconds, Stopping threads took: 0.0000200 seconds
[2019-06-24T09:24:23.266+0000][1][safepoint    ] Application time: 0.0000478 seconds
[2019-06-24T09:24:23.266+0000][1][safepoint    ] Entering safepoint region: RevokeBias
[2019-06-24T09:24:23.266+0000][1][safepoint    ] Leaving safepoint region
[2019-06-24T09:24:23.266+0000][1][safepoint    ] Total time for which application threads were stopped: 0.0000448 seconds, Stopping threads took: 0.0000092 seconds
[2019-06-24T09:24:23.266+0000][1][safepoint    ] Application time: 0.0000323 seconds
[2019-06-24T09:24:23.266+0000][1][safepoint    ] Entering safepoint region: RevokeBias
[2019-06-24T09:24:23.266+0000][1][safepoint    ] Leaving safepoint region
[2019-06-24T09:24:23.266+0000][1][safepoint    ] Total time for which application threads were stopped: 0.0000686 seconds, Stopping threads took: 0.0000369 seconds
[2019-06-24T09:24:23.266+0000][1][safepoint    ] Application time: 0.0000704 seconds
[2019-06-24T09:24:23.266+0000][1][safepoint    ] Entering safepoint region: RevokeBias
[2019-06-24T09:24:23.266+0000][1][safepoint    ] Leaving safepoint region
[2019-06-24T09:24:23.266+0000][1][safepoint    ] Total time for which application threads were stopped: 0.0000736 seconds, Stopping threads took: 0.0000306 seconds
[2019-06-24T09:24:23.266+0000][1][safepoint    ] Application time: 0.0000359 seconds
[2019-06-24T09:24:23.266+0000][1][safepoint    ] Entering safepoint region: RevokeBias
[2019-06-24T09:24:23.266+0000][1][safepoint    ] Leaving safepoint region
[2019-06-24T09:24:23.266+0000][1][safepoint    ] Total time for which application threads were stopped: 0.0000635 seconds, Stopping threads took: 0.0000370 seconds
[2019-06-24T09:24:23.266+0000][1][safepoint    ] Application time: 0.0000488 seconds
[2019-06-24T09:24:23.266+0000][1][safepoint    ] Entering safepoint region: RevokeBias
[2019-06-24T09:24:23.266+0000][1][safepoint    ] Leaving safepoint region
[2019-06-24T09:24:23.266+0000][1][safepoint    ] Total time for which application threads were stopped: 0.0000973 seconds, Stopping threads took: 0.0000294 seconds
[2019-06-24T09:24:23.267+0000][1][safepoint    ] Application time: 0.0000957 seconds
[2019-06-24T09:24:23.267+0000][1][safepoint    ] Entering safepoint region: RevokeBias
[2019-06-24T09:24:23.267+0000][1][safepoint    ] Leaving safepoint region
[2019-06-24T09:24:23.267+0000][1][safepoint    ] Total time for which application threads were stopped: 0.0000922 seconds, Stopping threads took: 0.0000433 seconds
[2019-06-24T09:24:23.267+0000][1][safepoint    ] Application time: 0.0000557 seconds
[2019-06-24T09:24:23.267+0000][1][safepoint    ] Entering safepoint region: RevokeBias
[2019-06-24T09:24:23.267+0000][1][safepoint    ] Leaving safepoint region
[2019-06-24T09:24:23.267+0000][1][safepoint    ] Total time for which application threads were stopped: 0.0001299 seconds, Stopping threads took: 0.0000920 seconds
[2019-06-24T09:24:23.267+0000][1][safepoint    ] Application time: 0.0000757 seconds
[2019-06-24T09:24:23.267+0000][1][safepoint    ] Entering safepoint region: RevokeBias
[2019-06-24T09:24:23.267+0000][1][safepoint    ] Leaving safepoint region
[2019-06-24T09:24:23.267+0000][1][safepoint    ] Total time for which application threads were stopped: 0.0000520 seconds, Stopping threads took: 0.0000239 seconds
[2019-06-24T09:24:23.268+0000][1][safepoint    ] Application time: 0.0004254 seconds
[2019-06-24T09:24:23.268+0000][1][safepoint    ] Entering safepoint region: RevokeBias
[2019-06-24T09:24:23.268+0000][1][safepoint    ] Leaving safepoint region
[2019-06-24T09:24:23.268+0000][1][safepoint    ] Total time for which application threads were stopped: 0.0000836 seconds, Stopping threads took: 0.0000352 seconds
[2019-06-24T09:24:23.268+0000][1][safepoint    ] Application time: 0.0000392 seconds
[2019-06-24T09:24:23.268+0000][1][safepoint    ] Entering safepoint region: RevokeBias
[2019-06-24T09:24:23.268+0000][1][safepoint    ] Leaving safepoint region
[2019-06-24T09:24:23.268+0000][1][safepoint    ] Total time for which application threads were stopped: 0.0001017 seconds, Stopping threads took: 0.0000763 seconds
[2019-06-24T09:24:23.499+0000][1][safepoint    ] Application time: 0.2311976 seconds
[2019-06-24T09:24:23.499+0000][1][safepoint    ] Entering safepoint region: Deoptimize
[2019-06-24T09:24:23.499+0000][1][safepoint    ] Leaving safepoint region
[2019-06-24T09:24:23.499+0000][1][safepoint    ] Total time for which application threads were stopped: 0.0003288 seconds, Stopping threads took: 0.0000142 seconds
[2019-06-24T09:24:23.606+0000][1][safepoint    ] Application time: 0.1066540 seconds
[2019-06-24T09:24:23.606+0000][1][safepoint    ] Entering safepoint region: RevokeBias
[2019-06-24T09:24:23.606+0000][1][safepoint    ] Leaving safepoint region
[2019-06-24T09:24:23.606+0000][1][safepoint    ] Total time for which application threads were stopped: 0.0001155 seconds, Stopping threads took: 0.0000141 seconds
[2019-06-24T09:24:23.696+0000][1][safepoint    ] Application time: 0.0899748 seconds
[2019-06-24T09:24:23.696+0000][1][safepoint    ] Entering safepoint region: RevokeBias
[2019-06-24T09:24:23.696+0000][1][safepoint    ] Leaving safepoint region
[2019-06-24T09:24:23.696+0000][1][safepoint    ] Total time for which application threads were stopped: 0.0001011 seconds, Stopping threads took: 0.0000135 seconds
[2019-06-24T09:24:23.700+0000][1][safepoint    ] Application time: 0.0041066 seconds
[2019-06-24T09:24:23.700+0000][1][safepoint    ] Entering safepoint region: RevokeBias
[2019-06-24T09:24:23.701+0000][1][safepoint    ] Leaving safepoint region
[2019-06-24T09:24:23.701+0000][1][safepoint    ] Total time for which application threads were stopped: 0.0000956 seconds, Stopping threads took: 0.0000317 seconds
[2019-06-24T09:24:23.703+0000][1][safepoint    ] Application time: 0.0028024 seconds
[2019-06-24T09:24:23.703+0000][1][safepoint    ] Entering safepoint region: RevokeBias
[2019-06-24T09:24:23.703+0000][1][safepoint    ] Leaving safepoint region
[2019-06-24T09:24:23.703+0000][1][safepoint    ] Total time for which application threads were stopped: 0.0000797 seconds, Stopping threads took: 0.0000150 seconds
[2019-06-24T09:24:23.728+0000][1][safepoint    ] Application time: 0.0245181 seconds
[2019-06-24T09:24:23.728+0000][1][safepoint    ] Entering safepoint region: GenCollectForAllocation
[2019-06-24T09:24:23.728+0000][1][gc,start     ] GC(1) Pause Young (Allocation Failure)
[2019-06-24T09:24:23.728+0000][1][gc,task      ] GC(1) Using 5 workers of 8 for evacuation
[2019-06-24T09:24:23.742+0000][1][gc,age       ] GC(1) Desired survivor size 4456448 bytes, new threshold 6 (max threshold 6)
[2019-06-24T09:24:23.742+0000][1][gc,age       ] GC(1) Age table with threshold 6 (max threshold 6)
[2019-06-24T09:24:23.742+0000][1][gc,age       ] GC(1) - age   1:    1991992 bytes,    1991992 total
[2019-06-24T09:24:23.742+0000][1][gc,heap      ] GC(1) ParNew: 77699K->5098K(78656K)
[2019-06-24T09:24:23.742+0000][1][gc,heap      ] GC(1) CMS: 0K->6620K(174784K)
[2019-06-24T09:24:23.742+0000][1][gc,metaspace ] GC(1) Metaspace: 14657K->14657K(1062912K)
[2019-06-24T09:24:23.742+0000][1][gc           ] GC(1) Pause Young (Allocation Failure) 75M->11M(247M) 14.089ms
[2019-06-24T09:24:23.742+0000][1][gc,cpu       ] GC(1) User=0.10s Sys=0.00s Real=0.01s
[2019-06-24T09:24:23.742+0000][1][safepoint    ] Leaving safepoint region
[2019-06-24T09:24:23.742+0000][1][safepoint    ] Total time for which application threads were stopped: 0.0142151 seconds, Stopping threads took: 0.0000247 seconds
[2019-06-24T09:24:23.742+0000][1][safepoint    ] Application time: 0.0002071 seconds
[2019-06-24T09:24:23.743+0000][1][safepoint    ] Entering safepoint region: RevokeBias
[2019-06-24T09:24:23.743+0000][1][safepoint    ] Leaving safepoint region
[2019-06-24T09:24:23.743+0000][1][safepoint    ] Total time for which application threads were stopped: 0.0001575 seconds, Stopping threads took: 0.0000457 seconds
[2019-06-24T09:24:23.743+0000][1][safepoint    ] Application time: 0.0000549 seconds
[2019-06-24T09:24:23.743+0000][1][safepoint    ] Entering safepoint region: RevokeBias
[2019-06-24T09:24:23.743+0000][1][safepoint    ] Leaving safepoint region
[2019-06-24T09:24:23.743+0000][1][safepoint    ] Total time for which application threads were stopped: 0.0000691 seconds, Stopping threads took: 0.0000133 seconds
[2019-06-24T09:24:23.743+0000][1][safepoint    ] Application time: 0.0000936 seconds
[2019-06-24T09:24:23.743+0000][1][safepoint    ] Entering safepoint region: RevokeBias
[2019-06-24T09:24:23.743+0000][1][safepoint    ] Leaving safepoint region
[2019-06-24T09:24:23.743+0000][1][safepoint    ] Total time for which application threads were stopped: 0.0000694 seconds, Stopping threads took: 0.0000330 seconds
[2019-06-24T09:24:23.743+0000][1][safepoint    ] Application time: 0.0000810 seconds
[2019-06-24T09:24:23.743+0000][1][safepoint    ] Entering safepoint region: RevokeBias
[2019-06-24T09:24:23.743+0000][1][safepoint    ] Leaving safepoint region
[2019-06-24T09:24:23.743+0000][1][safepoint    ] Total time for which application threads were stopped: 0.0001093 seconds, Stopping threads took: 0.0000304 seconds
[2019-06-24T09:24:23.743+0000][1][safepoint    ] Application time: 0.0000913 seconds
[2019-06-24T09:24:23.743+0000][1][safepoint    ] Entering safepoint region: RevokeBias
[2019-06-24T09:24:23.743+0000][1][safepoint    ] Leaving safepoint region
[2019-06-24T09:24:23.743+0000][1][safepoint    ] Total time for which application threads were stopped: 0.0000892 seconds, Stopping threads took: 0.0000428 seconds
[2019-06-24T09:24:23.743+0000][1][safepoint    ] Application time: 0.0000715 seconds
[2019-06-24T09:24:23.744+0000][1][safepoint    ] Entering safepoint region: RevokeBias
[2019-06-24T09:24:23.744+0000][1][safepoint    ] Leaving safepoint region
[2019-06-24T09:24:23.744+0000][1][safepoint    ] Total time for which application threads were stopped: 0.0001648 seconds, Stopping threads took: 0.0000983 seconds
[2019-06-24T09:24:23.744+0000][1][safepoint    ] Application time: 0.0000886 seconds
[2019-06-24T09:24:23.744+0000][1][safepoint    ] Entering safepoint region: RevokeBias
[2019-06-24T09:24:23.744+0000][1][safepoint    ] Leaving safepoint region
[2019-06-24T09:24:23.744+0000][1][safepoint    ] Total time for which application threads were stopped: 0.0000950 seconds, Stopping threads took: 0.0000567 seconds
[2019-06-24T09:24:23.744+0000][1][safepoint    ] Application time: 0.0000677 seconds
[2019-06-24T09:24:23.744+0000][1][safepoint    ] Entering safepoint region: RevokeBias
[2019-06-24T09:24:23.744+0000][1][safepoint    ] Leaving safepoint region
[2019-06-24T09:24:23.744+0000][1][safepoint    ] Total time for which application threads were stopped: 0.0000486 seconds, Stopping threads took: 0.0000132 seconds
[2019-06-24T09:24:23.744+0000][1][safepoint    ] Application time: 0.0000458 seconds
[2019-06-24T09:24:23.744+0000][1][safepoint    ] Entering safepoint region: RevokeBias
[2019-06-24T09:24:23.744+0000][1][safepoint    ] Leaving safepoint region
[2019-06-24T09:24:23.744+0000][1][safepoint    ] Total time for which application threads were stopped: 0.0000424 seconds, Stopping threads took: 0.0000094 seconds
[2019-06-24T09:24:23.744+0000][1][safepoint    ] Application time: 0.0000364 seconds
[2019-06-24T09:24:23.744+0000][1][safepoint    ] Entering safepoint region: RevokeBias
[2019-06-24T09:24:23.744+0000][1][safepoint    ] Leaving safepoint region
[2019-06-24T09:24:23.744+0000][1][safepoint    ] Total time for which application threads were stopped: 0.0000420 seconds, Stopping threads took: 0.0000096 seconds
[2019-06-24T09:24:23.744+0000][1][safepoint    ] Application time: 0.0000401 seconds
[2019-06-24T09:24:23.744+0000][1][safepoint    ] Entering safepoint region: BulkRevokeBias
[2019-06-24T09:24:23.744+0000][1][safepoint    ] Leaving safepoint region
[2019-06-24T09:24:23.744+0000][1][safepoint    ] Total time for which application threads were stopped: 0.0001302 seconds, Stopping threads took: 0.0000539 seconds
[2019-06-24T09:24:23.744+0000][1][safepoint    ] Application time: 0.0000424 seconds
[2019-06-24T09:24:23.745+0000][1][safepoint    ] Entering safepoint region: RevokeBias
[2019-06-24T09:24:23.745+0000][1][safepoint    ] Leaving safepoint region
[2019-06-24T09:24:23.745+0000][1][safepoint    ] Total time for which application threads were stopped: 0.0001174 seconds, Stopping threads took: 0.0000640 seconds
[2019-06-24T09:24:23.745+0000][1][safepoint    ] Application time: 0.0000538 seconds
[2019-06-24T09:24:23.745+0000][1][safepoint    ] Entering safepoint region: BulkRevokeBias
[2019-06-24T09:24:23.745+0000][1][safepoint    ] Leaving safepoint region
[2019-06-24T09:24:23.745+0000][1][safepoint    ] Total time for which application threads were stopped: 0.0000966 seconds, Stopping threads took: 0.0000261 seconds
[2019-06-24T09:24:23.879+0000][1][safepoint    ] Application time: 0.1338718 seconds
[2019-06-24T09:24:23.879+0000][1][safepoint    ] Entering safepoint region: GenCollectForAllocation
[2019-06-24T09:24:23.879+0000][1][gc,start     ] GC(2) Pause Young (Allocation Failure)
[2019-06-24T09:24:23.879+0000][1][gc,task      ] GC(2) Using 5 workers of 8 for evacuation
[2019-06-24T09:24:23.882+0000][1][gc,age       ] GC(2) Desired survivor size 4456448 bytes, new threshold 6 (max threshold 6)
[2019-06-24T09:24:23.882+0000][1][gc,age       ] GC(2) Age table with threshold 6 (max threshold 6)
[2019-06-24T09:24:23.882+0000][1][gc,age       ] GC(2) - age   1:    2676144 bytes,    2676144 total
[2019-06-24T09:24:23.882+0000][1][gc,age       ] GC(2) - age   2:    1208336 bytes,    3884480 total
[2019-06-24T09:24:23.882+0000][1][gc,heap      ] GC(2) ParNew: 75050K->4578K(78656K)
[2019-06-24T09:24:23.882+0000][1][gc,heap      ] GC(2) CMS: 6620K->6620K(174784K)
[2019-06-24T09:24:23.882+0000][1][gc,metaspace ] GC(2) Metaspace: 14801K->14801K(1062912K)
[2019-06-24T09:24:23.882+0000][1][gc           ] GC(2) Pause Young (Allocation Failure) 79M->10M(247M) 3.319ms
[2019-06-24T09:24:23.882+0000][1][gc,cpu       ] GC(2) User=0.01s Sys=0.00s Real=0.00s
[2019-06-24T09:24:23.882+0000][1][safepoint    ] Leaving safepoint region
[2019-06-24T09:24:23.882+0000][1][safepoint    ] Total time for which application threads were stopped: 0.0034563 seconds, Stopping threads took: 0.0000113 seconds
[2019-06-24T09:24:23.882+0000][1][safepoint    ] Application time: 0.0002509 seconds
[2019-06-24T09:24:23.882+0000][1][safepoint    ] Entering safepoint region: RevokeBias
[2019-06-24T09:24:23.882+0000][1][safepoint    ] Leaving safepoint region
[2019-06-24T09:24:23.883+0000][1][safepoint    ] Total time for which application threads were stopped: 0.0001059 seconds, Stopping threads took: 0.0000256 seconds
[2019-06-24T09:24:23.883+0000][1][safepoint    ] Application time: 0.0000384 seconds
[2019-06-24T09:24:23.883+0000][1][safepoint    ] Entering safepoint region: RevokeBias
[2019-06-24T09:24:23.883+0000][1][safepoint    ] Leaving safepoint region
[2019-06-24T09:24:23.883+0000][1][safepoint    ] Total time for which application threads were stopped: 0.0000429 seconds, Stopping threads took: 0.0000071 seconds
[2019-06-24T09:24:23.883+0000][1][safepoint    ] Application time: 0.0000453 seconds
[2019-06-24T09:24:23.883+0000][1][safepoint    ] Entering safepoint region: RevokeBias
[2019-06-24T09:24:23.883+0000][1][safepoint    ] Leaving safepoint region
[2019-06-24T09:24:23.883+0000][1][safepoint    ] Total time for which application threads were stopped: 0.0000891 seconds, Stopping threads took: 0.0000403 seconds
[2019-06-24T09:24:23.883+0000][1][safepoint    ] Application time: 0.0000342 seconds
[2019-06-24T09:24:23.883+0000][1][safepoint    ] Entering safepoint region: RevokeBias
[2019-06-24T09:24:23.883+0000][1][safepoint    ] Leaving safepoint region
[2019-06-24T09:24:23.883+0000][1][safepoint    ] Total time for which application threads were stopped: 0.0000734 seconds, Stopping threads took: 0.0000325 seconds
[2019-06-24T09:24:23.883+0000][1][safepoint    ] Application time: 0.0000392 seconds
[2019-06-24T09:24:23.883+0000][1][safepoint    ] Entering safepoint region: RevokeBias
[2019-06-24T09:24:23.883+0000][1][safepoint    ] Leaving safepoint region
[2019-06-24T09:24:23.883+0000][1][safepoint    ] Total time for which application threads were stopped: 0.0000568 seconds, Stopping threads took: 0.0000305 seconds
[2019-06-24T09:24:23.883+0000][1][safepoint    ] Application time: 0.0000323 seconds
[2019-06-24T09:24:23.883+0000][1][safepoint    ] Entering safepoint region: RevokeBias
[2019-06-24T09:24:23.883+0000][1][safepoint    ] Leaving safepoint region
[2019-06-24T09:24:23.883+0000][1][safepoint    ] Total time for which application threads were stopped: 0.0000548 seconds, Stopping threads took: 0.0000300 seconds
[2019-06-24T09:24:24.005+0000][1][safepoint    ] Application time: 0.1219502 seconds
[2019-06-24T09:24:24.005+0000][1][safepoint    ] Entering safepoint region: Deoptimize
[2019-06-24T09:24:24.005+0000][1][safepoint    ] Leaving safepoint region
[2019-06-24T09:24:24.005+0000][1][safepoint    ] Total time for which application threads were stopped: 0.0002628 seconds, Stopping threads took: 0.0000107 seconds
[2019-06-24T09:24:24.006+0000][1][safepoint    ] Application time: 0.0004777 seconds
[2019-06-24T09:24:24.006+0000][1][safepoint    ] Entering safepoint region: Deoptimize
[2019-06-24T09:24:24.006+0000][1][safepoint    ] Leaving safepoint region
[2019-06-24T09:24:24.006+0000][1][safepoint    ] Total time for which application threads were stopped: 0.0001748 seconds, Stopping threads took: 0.0000091 seconds
[2019-06-24T09:24:24.175+0000][1][safepoint    ] Application time: 0.1686518 seconds
[2019-06-24T09:24:24.175+0000][1][safepoint    ] Entering safepoint region: GenCollectForAllocation
[2019-06-24T09:24:24.175+0000][1][gc,start     ] GC(3) Pause Young (Allocation Failure)
[2019-06-24T09:24:24.175+0000][1][gc,task      ] GC(3) Using 5 workers of 8 for evacuation
[2019-06-24T09:24:24.178+0000][1][gc,age       ] GC(3) Desired survivor size 4456448 bytes, new threshold 3 (max threshold 6)
[2019-06-24T09:24:24.178+0000][1][gc,age       ] GC(3) Age table with threshold 3 (max threshold 6)
[2019-06-24T09:24:24.178+0000][1][gc,age       ] GC(3) - age   1:    3676656 bytes,    3676656 total
[2019-06-24T09:24:24.178+0000][1][gc,age       ] GC(3) - age   2:     294256 bytes,    3970912 total
[2019-06-24T09:24:24.178+0000][1][gc,age       ] GC(3) - age   3:    1204928 bytes,    5175840 total
[2019-06-24T09:24:24.178+0000][1][gc,heap      ] GC(3) ParNew: 74530K->6864K(78656K)
[2019-06-24T09:24:24.178+0000][1][gc,heap      ] GC(3) CMS: 6620K->6620K(174784K)
[2019-06-24T09:24:24.178+0000][1][gc,metaspace ] GC(3) Metaspace: 18280K->18280K(1067008K)
[2019-06-24T09:24:24.178+0000][1][gc           ] GC(3) Pause Young (Allocation Failure) 79M->13M(247M) 3.308ms
[2019-06-24T09:24:24.178+0000][1][gc,cpu       ] GC(3) User=0.02s Sys=0.00s Real=0.00s
[2019-06-24T09:24:24.178+0000][1][safepoint    ] Leaving safepoint region
[2019-06-24T09:24:24.178+0000][1][safepoint    ] Total time for which application threads were stopped: 0.0034587 seconds, Stopping threads took: 0.0000128 seconds
[2019-06-24T09:24:24.178+0000][1][safepoint    ] Application time: 0.0002376 seconds
[2019-06-24T09:24:24.178+0000][1][safepoint    ] Entering safepoint region: RevokeBias
[2019-06-24T09:24:24.179+0000][1][safepoint    ] Leaving safepoint region
[2019-06-24T09:24:24.179+0000][1][safepoint    ] Total time for which application threads were stopped: 0.0002029 seconds, Stopping threads took: 0.0000689 seconds
[2019-06-24T09:24:24.179+0000][1][safepoint    ] Application time: 0.0001094 seconds
[2019-06-24T09:24:24.179+0000][1][safepoint    ] Entering safepoint region: RevokeBias
[2019-06-24T09:24:24.179+0000][1][safepoint    ] Leaving safepoint region
[2019-06-24T09:24:24.179+0000][1][safepoint    ] Total time for which application threads were stopped: 0.0003404 seconds, Stopping threads took: 0.0002915 seconds
[2019-06-24T09:24:24.179+0000][1][safepoint    ] Application time: 0.0001107 seconds
[2019-06-24T09:24:24.179+0000][1][safepoint    ] Entering safepoint region: RevokeBias
[2019-06-24T09:24:24.179+0000][1][safepoint    ] Leaving safepoint region
[2019-06-24T09:24:24.179+0000][1][safepoint    ] Total time for which application threads were stopped: 0.0002216 seconds, Stopping threads took: 0.0001534 seconds
[2019-06-24T09:24:24.180+0000][1][safepoint    ] Application time: 0.0001099 seconds
[2019-06-24T09:24:24.180+0000][1][safepoint    ] Entering safepoint region: RevokeBias
[2019-06-24T09:24:24.180+0000][1][safepoint    ] Leaving safepoint region
[2019-06-24T09:24:24.180+0000][1][safepoint    ] Total time for which application threads were stopped: 0.0000603 seconds, Stopping threads took: 0.0000242 seconds
[2019-06-24T09:24:24.180+0000][1][safepoint    ] Application time: 0.0000527 seconds
[2019-06-24T09:24:24.180+0000][1][safepoint    ] Entering safepoint region: RevokeBias
[2019-06-24T09:24:24.180+0000][1][safepoint    ] Leaving safepoint region
[2019-06-24T09:24:24.180+0000][1][safepoint    ] Total time for which application threads were stopped: 0.0000543 seconds, Stopping threads took: 0.0000091 seconds
[2019-06-24T09:24:24.180+0000][1][safepoint    ] Application time: 0.0000895 seconds
[2019-06-24T09:24:24.180+0000][1][safepoint    ] Entering safepoint region: RevokeBias
[2019-06-24T09:24:24.180+0000][1][safepoint    ] Leaving safepoint region
[2019-06-24T09:24:24.180+0000][1][safepoint    ] Total time for which application threads were stopped: 0.0000750 seconds, Stopping threads took: 0.0000430 seconds
[2019-06-24T09:24:24.180+0000][1][safepoint    ] Application time: 0.0000452 seconds
[2019-06-24T09:24:24.180+0000][1][safepoint    ] Entering safepoint region: RevokeBias
[2019-06-24T09:24:24.180+0000][1][safepoint    ] Leaving safepoint region
[2019-06-24T09:24:24.180+0000][1][safepoint    ] Total time for which application threads were stopped: 0.0000290 seconds, Stopping threads took: 0.0000062 seconds
[2019-06-24T09:24:24.180+0000][1][safepoint    ] Application time: 0.0000349 seconds
[2019-06-24T09:24:24.180+0000][1][safepoint    ] Entering safepoint region: RevokeBias
[2019-06-24T09:24:24.180+0000][1][safepoint    ] Leaving safepoint region
[2019-06-24T09:24:24.180+0000][1][safepoint    ] Total time for which application threads were stopped: 0.0000282 seconds, Stopping threads took: 0.0000061 seconds
[2019-06-24T09:24:24.180+0000][1][safepoint    ] Application time: 0.0000387 seconds
[2019-06-24T09:24:24.180+0000][1][safepoint    ] Entering safepoint region: RevokeBias
[2019-06-24T09:24:24.180+0000][1][safepoint    ] Leaving safepoint region
[2019-06-24T09:24:24.180+0000][1][safepoint    ] Total time for which application threads were stopped: 0.0000376 seconds, Stopping threads took: 0.0000143 seconds
[2019-06-24T09:24:24.180+0000][1][safepoint    ] Application time: 0.0000338 seconds
[2019-06-24T09:24:24.180+0000][1][safepoint    ] Entering safepoint region: RevokeBias
[2019-06-24T09:24:24.180+0000][1][safepoint    ] Leaving safepoint region
[2019-06-24T09:24:24.180+0000][1][safepoint    ] Total time for which application threads were stopped: 0.0000912 seconds, Stopping threads took: 0.0000687 seconds
[2019-06-24T09:24:24.180+0000][1][safepoint    ] Application time: 0.0000423 seconds
[2019-06-24T09:24:24.180+0000][1][safepoint    ] Entering safepoint region: RevokeBias
[2019-06-24T09:24:24.180+0000][1][safepoint    ] Leaving safepoint region
[2019-06-24T09:24:24.180+0000][1][safepoint    ] Total time for which application threads were stopped: 0.0000750 seconds, Stopping threads took: 0.0000405 seconds
[2019-06-24T09:24:24.181+0000][1][safepoint    ] Application time: 0.0000357 seconds
[2019-06-24T09:24:24.181+0000][1][safepoint    ] Entering safepoint region: RevokeBias
[2019-06-24T09:24:24.181+0000][1][safepoint    ] Leaving safepoint region
[2019-06-24T09:24:24.181+0000][1][safepoint    ] Total time for which application threads were stopped: 0.0000920 seconds, Stopping threads took: 0.0000550 seconds
[2019-06-24T09:24:24.181+0000][1][safepoint    ] Application time: 0.0001736 seconds
[2019-06-24T09:24:24.181+0000][1][safepoint    ] Entering safepoint region: RevokeBias
[2019-06-24T09:24:24.181+0000][1][safepoint    ] Leaving safepoint region
[2019-06-24T09:24:24.181+0000][1][safepoint    ] Total time for which application threads were stopped: 0.0000849 seconds, Stopping threads took: 0.0000542 seconds
[2019-06-24T09:24:24.181+0000][1][safepoint    ] Application time: 0.0000367 seconds
[2019-06-24T09:24:24.181+0000][1][safepoint    ] Entering safepoint region: RevokeBias
[2019-06-24T09:24:24.181+0000][1][safepoint    ] Leaving safepoint region
[2019-06-24T09:24:24.181+0000][1][safepoint    ] Total time for which application threads were stopped: 0.0001138 seconds, Stopping threads took: 0.0000852 seconds
[2019-06-24T09:24:24.181+0000][1][safepoint    ] Application time: 0.0000401 seconds
[2019-06-24T09:24:24.181+0000][1][safepoint    ] Entering safepoint region: RevokeBias
[2019-06-24T09:24:24.181+0000][1][safepoint    ] Leaving safepoint region
[2019-06-24T09:24:24.181+0000][1][safepoint    ] Total time for which application threads were stopped: 0.0000603 seconds, Stopping threads took: 0.0000324 seconds
[2019-06-24T09:24:24.181+0000][1][safepoint    ] Application time: 0.0000353 seconds
[2019-06-24T09:24:24.181+0000][1][safepoint    ] Entering safepoint region: RevokeBias
[2019-06-24T09:24:24.181+0000][1][safepoint    ] Leaving safepoint region
[2019-06-24T09:24:24.181+0000][1][safepoint    ] Total time for which application threads were stopped: 0.0000705 seconds, Stopping threads took: 0.0000424 seconds
[2019-06-24T09:24:24.181+0000][1][safepoint    ] Application time: 0.0000634 seconds
[2019-06-24T09:24:24.181+0000][1][safepoint    ] Entering safepoint region: RevokeBias
[2019-06-24T09:24:24.181+0000][1][safepoint    ] Leaving safepoint region
[2019-06-24T09:24:24.181+0000][1][safepoint    ] Total time for which application threads were stopped: 0.0000635 seconds, Stopping threads took: 0.0000351 seconds
[2019-06-24T09:24:24.182+0000][1][safepoint    ] Application time: 0.0000788 seconds
[2019-06-24T09:24:24.182+0000][1][safepoint    ] Entering safepoint region: RevokeBias
[2019-06-24T09:24:24.182+0000][1][safepoint    ] Leaving safepoint region
[2019-06-24T09:24:24.182+0000][1][safepoint    ] Total time for which application threads were stopped: 0.0000421 seconds, Stopping threads took: 0.0000101 seconds
[2019-06-24T09:24:24.182+0000][1][safepoint    ] Application time: 0.0000421 seconds
[2019-06-24T09:24:24.182+0000][1][safepoint    ] Entering safepoint region: RevokeBias
[2019-06-24T09:24:24.182+0000][1][safepoint    ] Leaving safepoint region
[2019-06-24T09:24:24.182+0000][1][safepoint    ] Total time for which application threads were stopped: 0.0000416 seconds, Stopping threads took: 0.0000140 seconds
[2019-06-24T09:24:24.182+0000][1][safepoint    ] Application time: 0.0000387 seconds
[2019-06-24T09:24:24.182+0000][1][safepoint    ] Entering safepoint region: RevokeBias
[2019-06-24T09:24:24.182+0000][1][safepoint    ] Leaving safepoint region
[2019-06-24T09:24:24.182+0000][1][safepoint    ] Total time for which application threads were stopped: 0.0000332 seconds, Stopping threads took: 0.0000064 seconds
[2019-06-24T09:24:24.182+0000][1][safepoint    ] Application time: 0.0000332 seconds
[2019-06-24T09:24:24.182+0000][1][safepoint    ] Entering safepoint region: RevokeBias
[2019-06-24T09:24:24.182+0000][1][safepoint    ] Leaving safepoint region
[2019-06-24T09:24:24.182+0000][1][safepoint    ] Total time for which application threads were stopped: 0.0000322 seconds, Stopping threads took: 0.0000063 seconds
[2019-06-24T09:24:24.277+0000][1][safepoint    ] Application time: 0.0955020 seconds
[2019-06-24T09:24:24.277+0000][1][safepoint    ] Entering safepoint region: GenCollectForAllocation
[2019-06-24T09:24:24.277+0000][1][gc,start     ] GC(4) Pause Young (Allocation Failure)
[2019-06-24T09:24:24.278+0000][1][gc,task      ] GC(4) Using 5 workers of 8 for evacuation
[2019-06-24T09:24:24.282+0000][1][gc,age       ] GC(4) Desired survivor size 4456448 bytes, new threshold 2 (max threshold 6)
[2019-06-24T09:24:24.282+0000][1][gc,age       ] GC(4) Age table with threshold 2 (max threshold 6)
[2019-06-24T09:24:24.282+0000][1][gc,age       ] GC(4) - age   1:    1684744 bytes,    1684744 total
[2019-06-24T09:24:24.282+0000][1][gc,age       ] GC(4) - age   2:    3330240 bytes,    5014984 total
[2019-06-24T09:24:24.282+0000][1][gc,age       ] GC(4) - age   3:     293728 bytes,    5308712 total
[2019-06-24T09:24:24.282+0000][1][gc,heap      ] GC(4) ParNew: 76816K->7026K(78656K)
[2019-06-24T09:24:24.282+0000][1][gc,heap      ] GC(4) CMS: 6620K->7852K(174784K)
[2019-06-24T09:24:24.282+0000][1][gc,metaspace ] GC(4) Metaspace: 18489K->18489K(1067008K)
[2019-06-24T09:24:24.282+0000][1][gc           ] GC(4) Pause Young (Allocation Failure) 81M->14M(247M) 4.141ms
[2019-06-24T09:24:24.282+0000][1][gc,cpu       ] GC(4) User=0.03s Sys=0.00s Real=0.00s
[2019-06-24T09:24:24.282+0000][1][safepoint    ] Leaving safepoint region
[2019-06-24T09:24:24.282+0000][1][safepoint    ] Total time for which application threads were stopped: 0.0042820 seconds, Stopping threads took: 0.0000147 seconds
[2019-06-24T09:24:24.282+0000][1][safepoint    ] Application time: 0.0001121 seconds
[2019-06-24T09:24:24.282+0000][1][safepoint    ] Entering safepoint region: RevokeBias
[2019-06-24T09:24:24.282+0000][1][safepoint    ] Leaving safepoint region
[2019-06-24T09:24:24.282+0000][1][safepoint    ] Total time for which application threads were stopped: 0.0000813 seconds, Stopping threads took: 0.0000384 seconds
[2019-06-24T09:24:24.282+0000][1][safepoint    ] Application time: 0.0000907 seconds
[2019-06-24T09:24:24.282+0000][1][safepoint    ] Entering safepoint region: RevokeBias
[2019-06-24T09:24:24.282+0000][1][safepoint    ] Leaving safepoint region
[2019-06-24T09:24:24.282+0000][1][safepoint    ] Total time for which application threads were stopped: 0.0000972 seconds, Stopping threads took: 0.0000426 seconds
[2019-06-24T09:24:24.282+0000][1][safepoint    ] Application time: 0.0000917 seconds
[2019-06-24T09:24:24.282+0000][1][safepoint    ] Entering safepoint region: RevokeBias
[2019-06-24T09:24:24.282+0000][1][safepoint    ] Leaving safepoint region
[2019-06-24T09:24:24.282+0000][1][safepoint    ] Total time for which application threads were stopped: 0.0000507 seconds, Stopping threads took: 0.0000106 seconds
[2019-06-24T09:24:24.282+0000][1][safepoint    ] Application time: 0.0000650 seconds
[2019-06-24T09:24:24.282+0000][1][safepoint    ] Entering safepoint region: RevokeBias
[2019-06-24T09:24:24.282+0000][1][safepoint    ] Leaving safepoint region
[2019-06-24T09:24:24.282+0000][1][safepoint    ] Total time for which application threads were stopped: 0.0000923 seconds, Stopping threads took: 0.0000315 seconds
[2019-06-24T09:24:24.304+0000][1][safepoint    ] Application time: 0.0220062 seconds
[2019-06-24T09:24:24.304+0000][1][safepoint    ] Entering safepoint region: Deoptimize
[2019-06-24T09:24:24.305+0000][1][safepoint    ] Leaving safepoint region
[2019-06-24T09:24:24.305+0000][1][safepoint    ] Total time for which application threads were stopped: 0.0003331 seconds, Stopping threads took: 0.0000166 seconds
[2019-06-24T09:24:24.349+0000][1][safepoint    ] Application time: 0.0439260 seconds
[2019-06-24T09:24:24.349+0000][1][safepoint    ] Entering safepoint region: Deoptimize
[2019-06-24T09:24:24.349+0000][1][safepoint    ] Leaving safepoint region
[2019-06-24T09:24:24.349+0000][1][safepoint    ] Total time for which application threads were stopped: 0.0002691 seconds, Stopping threads took: 0.0000160 seconds
[2019-06-24T09:24:24.353+0000][1][safepoint    ] Application time: 0.0042292 seconds
[2019-06-24T09:24:24.353+0000][1][safepoint    ] Entering safepoint region: RevokeBias
[2019-06-24T09:24:24.353+0000][1][safepoint    ] Leaving safepoint region
[2019-06-24T09:24:24.353+0000][1][safepoint    ] Total time for which application threads were stopped: 0.0000970 seconds, Stopping threads took: 0.0000151 seconds
[2019-06-24T09:24:24.448+0000][1][safepoint    ] Application time: 0.0943193 seconds
[2019-06-24T09:24:24.448+0000][1][safepoint    ] Entering safepoint region: GenCollectForAllocation
[2019-06-24T09:24:24.448+0000][1][gc,start     ] GC(5) Pause Young (Allocation Failure)
[2019-06-24T09:24:24.448+0000][1][gc,task      ] GC(5) Using 5 workers of 8 for evacuation
[2019-06-24T09:24:24.452+0000][1][gc,age       ] GC(5) Desired survivor size 4456448 bytes, new threshold 6 (max threshold 6)
[2019-06-24T09:24:24.452+0000][1][gc,age       ] GC(5) Age table with threshold 6 (max threshold 6)
[2019-06-24T09:24:24.452+0000][1][gc,age       ] GC(5) - age   1:    2741480 bytes,    2741480 total
[2019-06-24T09:24:24.452+0000][1][gc,age       ] GC(5) - age   2:     446048 bytes,    3187528 total
[2019-06-24T09:24:24.452+0000][1][gc,heap      ] GC(5) ParNew: 76978K->5983K(78656K)
[2019-06-24T09:24:24.452+0000][1][gc,heap      ] GC(5) CMS: 7852K->11422K(174784K)
[2019-06-24T09:24:24.452+0000][1][gc,metaspace ] GC(5) Metaspace: 18846K->18846K(1067008K)
[2019-06-24T09:24:24.452+0000][1][gc           ] GC(5) Pause Young (Allocation Failure) 82M->16M(247M) 4.560ms
[2019-06-24T09:24:24.452+0000][1][gc,cpu       ] GC(5) User=0.03s Sys=0.00s Real=0.00s
[2019-06-24T09:24:24.452+0000][1][safepoint    ] Leaving safepoint region
[2019-06-24T09:24:24.452+0000][1][safepoint    ] Total time for which application threads were stopped: 0.0046823 seconds, Stopping threads took: 0.0000170 seconds
[2019-06-24T09:24:24.453+0000][1][safepoint    ] Application time: 0.0001580 seconds
[2019-06-24T09:24:24.453+0000][1][safepoint    ] Entering safepoint region: RevokeBias
[2019-06-24T09:24:24.453+0000][1][safepoint    ] Leaving safepoint region
[2019-06-24T09:24:24.453+0000][1][safepoint    ] Total time for which application threads were stopped: 0.0000856 seconds, Stopping threads took: 0.0000441 seconds
[2019-06-24T09:24:24.453+0000][1][safepoint    ] Application time: 0.0001514 seconds
[2019-06-24T09:24:24.453+0000][1][safepoint    ] Entering safepoint region: RevokeBias
[2019-06-24T09:24:24.453+0000][1][safepoint    ] Leaving safepoint region
[2019-06-24T09:24:24.453+0000][1][safepoint    ] Total time for which application threads were stopped: 0.0000640 seconds, Stopping threads took: 0.0000319 seconds
[2019-06-24T09:24:24.453+0000][1][safepoint    ] Application time: 0.0000906 seconds
[2019-06-24T09:24:24.453+0000][1][safepoint    ] Entering safepoint region: RevokeBias
[2019-06-24T09:24:24.453+0000][1][safepoint    ] Leaving safepoint region
[2019-06-24T09:24:24.453+0000][1][safepoint    ] Total time for which application threads were stopped: 0.0000642 seconds, Stopping threads took: 0.0000322 seconds
[2019-06-24T09:24:24.453+0000][1][safepoint    ] Application time: 0.0000984 seconds
[2019-06-24T09:24:24.453+0000][1][safepoint    ] Entering safepoint region: RevokeBias
[2019-06-24T09:24:24.453+0000][1][safepoint    ] Leaving safepoint region
[2019-06-24T09:24:24.453+0000][1][safepoint    ] Total time for which application threads were stopped: 0.0001547 seconds, Stopping threads took: 0.0001196 seconds
[2019-06-24T09:24:24.454+0000][1][safepoint    ] Application time: 0.0000681 seconds
[2019-06-24T09:24:24.454+0000][1][safepoint    ] Entering safepoint region: RevokeBias
[2019-06-24T09:24:24.454+0000][1][safepoint    ] Leaving safepoint region
[2019-06-24T09:24:24.454+0000][1][safepoint    ] Total time for which application threads were stopped: 0.0000668 seconds, Stopping threads took: 0.0000392 seconds
[2019-06-24T09:24:24.454+0000][1][safepoint    ] Application time: 0.0000773 seconds
[2019-06-24T09:24:24.454+0000][1][safepoint    ] Entering safepoint region: RevokeBias
[2019-06-24T09:24:24.454+0000][1][safepoint    ] Leaving safepoint region
[2019-06-24T09:24:24.454+0000][1][safepoint    ] Total time for which application threads were stopped: 0.0001280 seconds, Stopping threads took: 0.0000993 seconds
[2019-06-24T09:24:24.574+0000][1][safepoint    ] Application time: 0.1205172 seconds
[2019-06-24T09:24:24.574+0000][1][safepoint    ] Entering safepoint region: GenCollectForAllocation
[2019-06-24T09:24:24.575+0000][1][gc,start     ] GC(6) Pause Young (Allocation Failure)
[2019-06-24T09:24:24.575+0000][1][gc,task      ] GC(6) Using 5 workers of 8 for evacuation
[2019-06-24T09:24:24.577+0000][1][gc,age       ] GC(6) Desired survivor size 4456448 bytes, new threshold 6 (max threshold 6)
[2019-06-24T09:24:24.577+0000][1][gc,age       ] GC(6) Age table with threshold 6 (max threshold 6)
[2019-06-24T09:24:24.577+0000][1][gc,age       ] GC(6) - age   1:    1792912 bytes,    1792912 total
[2019-06-24T09:24:24.577+0000][1][gc,age       ] GC(6) - age   2:    2196448 bytes,    3989360 total
[2019-06-24T09:24:24.577+0000][1][gc,age       ] GC(6) - age   3:     446048 bytes,    4435408 total
[2019-06-24T09:24:24.577+0000][1][gc,heap      ] GC(6) ParNew: 75935K->5220K(78656K)
[2019-06-24T09:24:24.577+0000][1][gc,heap      ] GC(6) CMS: 11422K->11422K(174784K)
[2019-06-24T09:24:24.577+0000][1][gc,metaspace ] GC(6) Metaspace: 19153K->19153K(1067008K)
[2019-06-24T09:24:24.577+0000][1][gc           ] GC(6) Pause Young (Allocation Failure) 85M->16M(247M) 2.211ms
[2019-06-24T09:24:24.577+0000][1][gc,cpu       ] GC(6) User=0.01s Sys=0.00s Real=0.00s
[2019-06-24T09:24:24.577+0000][1][safepoint    ] Leaving safepoint region
[2019-06-24T09:24:24.577+0000][1][safepoint    ] Total time for which application threads were stopped: 0.0023814 seconds, Stopping threads took: 0.0000331 seconds
[2019-06-24T09:24:24.577+0000][1][safepoint    ] Application time: 0.0002097 seconds
[2019-06-24T09:24:24.577+0000][1][safepoint    ] Entering safepoint region: RevokeBias
[2019-06-24T09:24:24.577+0000][1][safepoint    ] Leaving safepoint region
[2019-06-24T09:24:24.577+0000][1][safepoint    ] Total time for which application threads were stopped: 0.0001125 seconds, Stopping threads took: 0.0000676 seconds
[2019-06-24T09:24:24.577+0000][1][safepoint    ] Application time: 0.0000401 seconds
[2019-06-24T09:24:24.577+0000][1][safepoint    ] Entering safepoint region: BulkRevokeBias
[2019-06-24T09:24:24.577+0000][1][safepoint    ] Leaving safepoint region
[2019-06-24T09:24:24.577+0000][1][safepoint    ] Total time for which application threads were stopped: 0.0000565 seconds, Stopping threads took: 0.0000068 seconds
[2019-06-24T09:24:24.577+0000][1][safepoint    ] Application time: 0.0000442 seconds
[2019-06-24T09:24:24.577+0000][1][safepoint    ] Entering safepoint region: BulkRevokeBias
[2019-06-24T09:24:24.577+0000][1][safepoint    ] Leaving safepoint region
[2019-06-24T09:24:24.577+0000][1][safepoint    ] Total time for which application threads were stopped: 0.0000447 seconds, Stopping threads took: 0.0000066 seconds
[2019-06-24T09:24:24.732+0000][1][safepoint    ] Application time: 0.1546144 seconds
[2019-06-24T09:24:24.732+0000][1][safepoint    ] Entering safepoint region: GenCollectForAllocation
[2019-06-24T09:24:24.732+0000][1][gc,start     ] GC(7) Pause Young (Allocation Failure)
[2019-06-24T09:24:24.732+0000][1][gc,task      ] GC(7) Using 5 workers of 8 for evacuation
[2019-06-24T09:24:24.735+0000][1][gc,age       ] GC(7) Desired survivor size 4456448 bytes, new threshold 4 (max threshold 6)
[2019-06-24T09:24:24.735+0000][1][gc,age       ] GC(7) Age table with threshold 4 (max threshold 6)
[2019-06-24T09:24:24.735+0000][1][gc,age       ] GC(7) - age   1:     694840 bytes,     694840 total
[2019-06-24T09:24:24.735+0000][1][gc,age       ] GC(7) - age   2:    1130064 bytes,    1824904 total
[2019-06-24T09:24:24.735+0000][1][gc,age       ] GC(7) - age   3:    2194440 bytes,    4019344 total
[2019-06-24T09:24:24.735+0000][1][gc,age       ] GC(7) - age   4:     446048 bytes,    4465392 total
[2019-06-24T09:24:24.735+0000][1][gc,heap      ] GC(7) ParNew: 75172K->5795K(78656K)
[2019-06-24T09:24:24.735+0000][1][gc,heap      ] GC(7) CMS: 11422K->11422K(174784K)
[2019-06-24T09:24:24.735+0000][1][gc,metaspace ] GC(7) Metaspace: 19976K->19976K(1067008K)
[2019-06-24T09:24:24.735+0000][1][gc           ] GC(7) Pause Young (Allocation Failure) 84M->16M(247M) 2.818ms
[2019-06-24T09:24:24.735+0000][1][gc,cpu       ] GC(7) User=0.02s Sys=0.00s Real=0.01s
[2019-06-24T09:24:24.735+0000][1][safepoint    ] Leaving safepoint region
[2019-06-24T09:24:24.735+0000][1][safepoint    ] Total time for which application threads were stopped: 0.0029414 seconds, Stopping threads took: 0.0000138 seconds
[2019-06-24T09:24:24.748+0000][1][safepoint    ] Application time: 0.0128208 seconds
[2019-06-24T09:24:24.748+0000][1][safepoint    ] Entering safepoint region: CollectForMetadataAllocation
[2019-06-24T09:24:24.748+0000][1][safepoint    ] Leaving safepoint region
[2019-06-24T09:24:24.748+0000][1][safepoint    ] Total time for which application threads were stopped: 0.0002034 seconds, Stopping threads took: 0.0000401 seconds
[2019-06-24T09:24:24.833+0000][1][safepoint    ] Application time: 0.0850906 seconds
[2019-06-24T09:24:24.833+0000][1][safepoint    ] Entering safepoint region: GenCollectForAllocation
[2019-06-24T09:24:24.833+0000][1][gc,start     ] GC(8) Pause Young (Allocation Failure)
[2019-06-24T09:24:24.833+0000][1][gc,task      ] GC(8) Using 5 workers of 8 for evacuation
[2019-06-24T09:24:24.836+0000][1][gc,age       ] GC(8) Desired survivor size 4456448 bytes, new threshold 4 (max threshold 6)
[2019-06-24T09:24:24.836+0000][1][gc,age       ] GC(8) Age table with threshold 4 (max threshold 6)
[2019-06-24T09:24:24.836+0000][1][gc,age       ] GC(8) - age   1:     985088 bytes,     985088 total
[2019-06-24T09:24:24.836+0000][1][gc,age       ] GC(8) - age   2:     673384 bytes,    1658472 total
[2019-06-24T09:24:24.836+0000][1][gc,age       ] GC(8) - age   3:    1129968 bytes,    2788440 total
[2019-06-24T09:24:24.836+0000][1][gc,age       ] GC(8) - age   4:    2194152 bytes,    4982592 total
[2019-06-24T09:24:24.836+0000][1][gc,heap      ] GC(8) ParNew: 75747K->6118K(78656K)
[2019-06-24T09:24:24.836+0000][1][gc,heap      ] GC(8) CMS: 11422K->11862K(174784K)
[2019-06-24T09:24:24.836+0000][1][gc,metaspace ] GC(8) Metaspace: 20204K->20204K(1069056K)
[2019-06-24T09:24:24.836+0000][1][gc           ] GC(8) Pause Young (Allocation Failure) 85M->17M(247M) 3.138ms
[2019-06-24T09:24:24.836+0000][1][gc,cpu       ] GC(8) User=0.03s Sys=0.00s Real=0.01s
[2019-06-24T09:24:24.836+0000][1][safepoint    ] Leaving safepoint region
[2019-06-24T09:24:24.836+0000][1][safepoint    ] Total time for which application threads were stopped: 0.0032436 seconds, Stopping threads took: 0.0000121 seconds
[2019-06-24T09:24:24.836+0000][1][safepoint    ] Application time: 0.0000909 seconds
[2019-06-24T09:24:24.837+0000][1][safepoint    ] Entering safepoint region: CMS_Initial_Mark
[2019-06-24T09:24:24.837+0000][1][gc,start     ] GC(9) Pause Initial Mark
[2019-06-24T09:24:24.837+0000][1][gc           ] GC(9) Pause Initial Mark 18M->18M(247M) 0.724ms
[2019-06-24T09:24:24.837+0000][1][gc,cpu       ] GC(9) User=0.00s Sys=0.00s Real=0.00s
[2019-06-24T09:24:24.837+0000][1][safepoint    ] Leaving safepoint region
[2019-06-24T09:24:24.837+0000][1][safepoint    ] Total time for which application threads were stopped: 0.0009095 seconds, Stopping threads took: 0.0001131 seconds
[2019-06-24T09:24:24.837+0000][1][gc           ] GC(9) Concurrent Mark
[2019-06-24T09:24:24.838+0000][1][gc,task      ] GC(9) Using 2 workers of 2 for marking
[2019-06-24T09:24:24.849+0000][1][gc           ] GC(9) Concurrent Mark 11.774ms
[2019-06-24T09:24:24.849+0000][1][gc,cpu       ] GC(9) User=0.06s Sys=0.00s Real=0.01s
[2019-06-24T09:24:24.849+0000][1][gc           ] GC(9) Concurrent Preclean
[2019-06-24T09:24:24.850+0000][1][gc           ] GC(9) Concurrent Preclean 0.813ms
[2019-06-24T09:24:24.850+0000][1][gc,cpu       ] GC(9) User=0.01s Sys=0.00s Real=0.00s
[2019-06-24T09:24:24.850+0000][1][gc           ] GC(9) Concurrent Abortable Preclean
[2019-06-24T09:24:24.910+0000][1][safepoint    ] Application time: 0.0723505 seconds
[2019-06-24T09:24:24.910+0000][1][safepoint    ] Entering safepoint region: GenCollectForAllocation
[2019-06-24T09:24:24.910+0000][1][gc,start     ] GC(10) Pause Young (Allocation Failure)
[2019-06-24T09:24:24.910+0000][1][gc,task      ] GC(10) Using 5 workers of 8 for evacuation
[2019-06-24T09:24:24.914+0000][1][gc,age       ] GC(10) Desired survivor size 4456448 bytes, new threshold 6 (max threshold 6)
[2019-06-24T09:24:24.914+0000][1][gc,age       ] GC(10) Age table with threshold 6 (max threshold 6)
[2019-06-24T09:24:24.914+0000][1][gc,age       ] GC(10) - age   1:     543368 bytes,     543368 total
[2019-06-24T09:24:24.914+0000][1][gc,age       ] GC(10) - age   2:     326072 bytes,     869440 total
[2019-06-24T09:24:24.914+0000][1][gc,age       ] GC(10) - age   3:     673264 bytes,    1542704 total
[2019-06-24T09:24:24.914+0000][1][gc,age       ] GC(10) - age   4:    1129968 bytes,    2672672 total
[2019-06-24T09:24:24.914+0000][1][gc,heap      ] GC(10) ParNew: 76070K->5905K(78656K)
[2019-06-24T09:24:24.914+0000][1][gc,heap      ] GC(10) CMS: 11862K->14018K(174784K)
[2019-06-24T09:24:24.914+0000][1][gc,metaspace ] GC(10) Metaspace: 20313K->20313K(1069056K)
[2019-06-24T09:24:24.914+0000][1][gc           ] GC(10) Pause Young (Allocation Failure) 85M->19M(247M) 4.307ms
[2019-06-24T09:24:24.914+0000][1][gc,cpu       ] GC(10) User=0.03s Sys=0.00s Real=0.00s
[2019-06-24T09:24:24.914+0000][1][safepoint    ] Leaving safepoint region
[2019-06-24T09:24:24.914+0000][1][safepoint    ] Total time for which application threads were stopped: 0.0044349 seconds, Stopping threads took: 0.0000185 seconds
[2019-06-24T09:24:24.921+0000][1][safepoint    ] Application time: 0.0065163 seconds
[2019-06-24T09:24:24.921+0000][1][safepoint    ] Entering safepoint region: CollectForMetadataAllocation
[2019-06-24T09:24:24.921+0000][1][safepoint    ] Leaving safepoint region
[2019-06-24T09:24:24.921+0000][1][safepoint    ] Total time for which application threads were stopped: 0.0001926 seconds, Stopping threads took: 0.0000518 seconds
[2019-06-24T09:24:24.989+0000][1][safepoint    ] Application time: 0.0679809 seconds
[2019-06-24T09:24:24.989+0000][1][safepoint    ] Entering safepoint region: GenCollectForAllocation
[2019-06-24T09:24:24.989+0000][1][gc,start     ] GC(11) Pause Young (Allocation Failure)
[2019-06-24T09:24:24.989+0000][1][gc,task      ] GC(11) Using 5 workers of 8 for evacuation
[2019-06-24T09:24:24.992+0000][1][gc,age       ] GC(11) Desired survivor size 4456448 bytes, new threshold 6 (max threshold 6)
[2019-06-24T09:24:24.992+0000][1][gc,age       ] GC(11) Age table with threshold 6 (max threshold 6)
[2019-06-24T09:24:24.992+0000][1][gc,age       ] GC(11) - age   1:    1982920 bytes,    1982920 total
[2019-06-24T09:24:24.992+0000][1][gc,age       ] GC(11) - age   2:      99256 bytes,    2082176 total
[2019-06-24T09:24:24.992+0000][1][gc,age       ] GC(11) - age   3:     326072 bytes,    2408248 total
[2019-06-24T09:24:24.992+0000][1][gc,age       ] GC(11) - age   4:     673112 bytes,    3081360 total
[2019-06-24T09:24:24.992+0000][1][gc,age       ] GC(11) - age   5:    1129680 bytes,    4211040 total
[2019-06-24T09:24:24.992+0000][1][gc,heap      ] GC(11) ParNew: 75857K->5200K(78656K)
[2019-06-24T09:24:24.992+0000][1][gc,heap      ] GC(11) CMS: 14018K->14018K(174784K)
[2019-06-24T09:24:24.992+0000][1][gc,metaspace ] GC(11) Metaspace: 20395K->20395K(1069056K)
[2019-06-24T09:24:24.992+0000][1][gc           ] GC(11) Pause Young (Allocation Failure) 87M->18M(247M) 2.813ms
[2019-06-24T09:24:24.992+0000][1][gc,cpu       ] GC(11) User=0.02s Sys=0.00s Real=0.00s
[2019-06-24T09:24:24.992+0000][1][safepoint    ] Leaving safepoint region
[2019-06-24T09:24:24.992+0000][1][safepoint    ] Total time for which application threads were stopped: 0.0029295 seconds, Stopping threads took: 0.0000132 seconds
[2019-06-24T09:24:25.034+0000][1][safepoint    ] Application time: 0.0424913 seconds
[2019-06-24T09:24:25.035+0000][1][safepoint    ] Entering safepoint region: CollectForMetadataAllocation
[2019-06-24T09:24:25.035+0000][1][safepoint    ] Leaving safepoint region
[2019-06-24T09:24:25.035+0000][1][safepoint    ] Total time for which application threads were stopped: 0.0002083 seconds, Stopping threads took: 0.0000157 seconds
[2019-06-24T09:24:25.042+0000][1][safepoint    ] Application time: 0.0067708 seconds
[2019-06-24T09:24:25.042+0000][1][safepoint    ] Entering safepoint region: Deoptimize
[2019-06-24T09:24:25.042+0000][1][safepoint    ] Leaving safepoint region
[2019-06-24T09:24:25.042+0000][1][safepoint    ] Total time for which application threads were stopped: 0.0002681 seconds, Stopping threads took: 0.0000103 seconds
[2019-06-24T09:24:25.043+0000][1][gc           ] GC(9) Concurrent Abortable Preclean 192.372ms
[2019-06-24T09:24:25.043+0000][1][gc,cpu       ] GC(9) User=0.93s Sys=0.02s Real=0.20s
[2019-06-24T09:24:25.043+0000][1][safepoint    ] Application time: 0.0007783 seconds
[2019-06-24T09:24:25.043+0000][1][safepoint    ] Entering safepoint region: CMS_Final_Remark
[2019-06-24T09:24:25.043+0000][1][gc,start     ] GC(9) Pause Remark
[2019-06-24T09:24:25.053+0000][1][gc           ] GC(9) Pause Remark 54M->54M(247M) 9.917ms
[2019-06-24T09:24:25.053+0000][1][gc,cpu       ] GC(9) User=0.04s Sys=0.00s Real=0.00s
[2019-06-24T09:24:25.053+0000][1][safepoint    ] Leaving safepoint region
[2019-06-24T09:24:25.053+0000][1][safepoint    ] Total time for which application threads were stopped: 0.0100549 seconds, Stopping threads took: 0.0000241 seconds
[2019-06-24T09:24:25.053+0000][1][gc           ] GC(9) Concurrent Sweep
[2019-06-24T09:24:25.060+0000][1][gc           ] GC(9) Concurrent Sweep 6.809ms
[2019-06-24T09:24:25.060+0000][1][gc,cpu       ] GC(9) User=0.04s Sys=0.00s Real=0.01s
[2019-06-24T09:24:25.060+0000][1][gc           ] GC(9) Concurrent Reset
[2019-06-24T09:24:25.060+0000][1][gc           ] GC(9) Concurrent Reset 0.494ms
[2019-06-24T09:24:25.060+0000][1][gc,cpu       ] GC(9) User=0.00s Sys=0.00s Real=0.00s
[2019-06-24T09:24:25.060+0000][1][gc,heap      ] GC(9) Old: 11862K->13993K(174784K)
[2019-06-24T09:24:25.375+0000][1][safepoint    ] Application time: 0.3226638 seconds
[2019-06-24T09:24:25.375+0000][1][safepoint    ] Entering safepoint region: Deoptimize
[2019-06-24T09:24:25.376+0000][1][safepoint    ] Leaving safepoint region
[2019-06-24T09:24:25.376+0000][1][safepoint    ] Total time for which application threads were stopped: 0.0008357 seconds, Stopping threads took: 0.0000219 seconds
[2019-06-24T09:24:25.387+0000][1][safepoint    ] Application time: 0.0103819 seconds
[2019-06-24T09:24:25.387+0000][1][safepoint    ] Entering safepoint region: RevokeBias
[2019-06-24T09:24:25.387+0000][1][safepoint    ] Leaving safepoint region
[2019-06-24T09:24:25.387+0000][1][safepoint    ] Total time for which application threads were stopped: 0.0000765 seconds, Stopping threads took: 0.0000261 seconds
[2019-06-24T09:24:25.387+0000][1][safepoint    ] Application time: 0.0000817 seconds
[2019-06-24T09:24:25.387+0000][1][safepoint    ] Entering safepoint region: RevokeBias
[2019-06-24T09:24:25.387+0000][1][safepoint    ] Leaving safepoint region
[2019-06-24T09:24:25.387+0000][1][safepoint    ] Total time for which application threads were stopped: 0.0000420 seconds, Stopping threads took: 0.0000178 seconds
[2019-06-24T09:24:25.387+0000][1][safepoint    ] Application time: 0.0005278 seconds
[2019-06-24T09:24:25.387+0000][1][safepoint    ] Entering safepoint region: Deoptimize
[2019-06-24T09:24:25.388+0000][1][safepoint    ] Leaving safepoint region
[2019-06-24T09:24:25.388+0000][1][safepoint    ] Total time for which application threads were stopped: 0.0002892 seconds, Stopping threads took: 0.0000086 seconds
[2019-06-24T09:24:25.392+0000][1][safepoint    ] Application time: 0.0041734 seconds
[2019-06-24T09:24:25.392+0000][1][safepoint    ] Entering safepoint region: Deoptimize
[2019-06-24T09:24:25.392+0000][1][safepoint    ] Leaving safepoint region
[2019-06-24T09:24:25.392+0000][1][safepoint    ] Total time for which application threads were stopped: 0.0002651 seconds, Stopping threads took: 0.0000146 seconds
[2019-06-24T09:24:25.505+0000][1][safepoint    ] Application time: 0.1125543 seconds
[2019-06-24T09:24:25.505+0000][1][safepoint    ] Entering safepoint region: GenCollectForAllocation
[2019-06-24T09:24:25.505+0000][1][gc,start     ] GC(12) Pause Young (Allocation Failure)
[2019-06-24T09:24:25.505+0000][1][gc,task      ] GC(12) Using 5 workers of 8 for evacuation
[2019-06-24T09:24:25.510+0000][1][gc,age       ] GC(12) Desired survivor size 4456448 bytes, new threshold 4 (max threshold 6)
[2019-06-24T09:24:25.510+0000][1][gc,age       ] GC(12) Age table with threshold 4 (max threshold 6)
[2019-06-24T09:24:25.510+0000][1][gc,age       ] GC(12) - age   1:    3742704 bytes,    3742704 total
[2019-06-24T09:24:25.510+0000][1][gc,age       ] GC(12) - age   2:     344672 bytes,    4087376 total
[2019-06-24T09:24:25.511+0000][1][gc,age       ] GC(12) - age   3:      98992 bytes,    4186368 total
[2019-06-24T09:24:25.511+0000][1][gc,age       ] GC(12) - age   4:     326008 bytes,    4512376 total
[2019-06-24T09:24:25.511+0000][1][gc,age       ] GC(12) - age   5:     667816 bytes,    5180192 total
[2019-06-24T09:24:25.511+0000][1][gc,age       ] GC(12) - age   6:    1129520 bytes,    6309712 total
[2019-06-24T09:24:25.511+0000][1][gc,heap      ] GC(12) ParNew: 75152K->7021K(78656K)
[2019-06-24T09:24:25.511+0000][1][gc,heap      ] GC(12) CMS: 13993K->13993K(174784K)
[2019-06-24T09:24:25.511+0000][1][gc,metaspace ] GC(12) Metaspace: 26299K->26299K(1073152K)
[2019-06-24T09:24:25.511+0000][1][gc           ] GC(12) Pause Young (Allocation Failure) 87M->20M(247M) 5.714ms
[2019-06-24T09:24:25.511+0000][1][gc,cpu       ] GC(12) User=0.04s Sys=0.00s Real=0.00s
[2019-06-24T09:24:25.511+0000][1][safepoint    ] Leaving safepoint region
[2019-06-24T09:24:25.511+0000][1][safepoint    ] Total time for which application threads were stopped: 0.0058583 seconds, Stopping threads took: 0.0000181 seconds
[2019-06-24T09:24:26.062+0000][1][safepoint    ] Application time: 0.5517309 seconds
[2019-06-24T09:24:26.062+0000][1][safepoint    ] Entering safepoint region: RevokeBias
[2019-06-24T09:24:26.063+0000][1][safepoint    ] Leaving safepoint region
[2019-06-24T09:24:26.063+0000][1][safepoint    ] Total time for which application threads were stopped: 0.0004042 seconds, Stopping threads took: 0.0000195 seconds
[2019-06-24T09:24:26.152+0000][1][safepoint    ] Application time: 0.0887887 seconds
[2019-06-24T09:24:26.152+0000][1][safepoint    ] Entering safepoint region: GenCollectForAllocation
[2019-06-24T09:24:26.152+0000][1][gc,start     ] GC(13) Pause Young (Allocation Failure)
[2019-06-24T09:24:26.152+0000][1][gc,task      ] GC(13) Using 5 workers of 8 for evacuation
[2019-06-24T09:24:26.172+0000][1][gc,age       ] GC(13) Desired survivor size 4456448 bytes, new threshold 1 (max threshold 6)
[2019-06-24T09:24:26.172+0000][1][gc,age       ] GC(13) Age table with threshold 1 (max threshold 6)
[2019-06-24T09:24:26.172+0000][1][gc,age       ] GC(13) - age   1:    5183104 bytes,    5183104 total
[2019-06-24T09:24:26.172+0000][1][gc,age       ] GC(13) - age   2:    3286000 bytes,    8469104 total
[2019-06-24T09:24:26.172+0000][1][gc,age       ] GC(13) - age   3:     344640 bytes,    8813744 total
[2019-06-24T09:24:26.172+0000][1][gc,age       ] GC(13) - age   4:      98992 bytes,    8912736 total
[2019-06-24T09:24:26.172+0000][1][gc,heap      ] GC(13) ParNew: 76973K->8704K(78656K)
[2019-06-24T09:24:26.172+0000][1][gc,heap      ] GC(13) CMS: 13993K->26223K(174784K)
[2019-06-24T09:24:26.172+0000][1][gc,metaspace ] GC(13) Metaspace: 26880K->26880K(1075200K)
[2019-06-24T09:24:26.172+0000][1][gc           ] GC(13) Pause Young (Allocation Failure) 88M->34M(247M) 20.400ms
[2019-06-24T09:24:26.172+0000][1][gc,cpu       ] GC(13) User=0.14s Sys=0.00s Real=0.02s
[2019-06-24T09:24:26.172+0000][1][safepoint    ] Leaving safepoint region
[2019-06-24T09:24:26.172+0000][1][safepoint    ] Total time for which application threads were stopped: 0.0205391 seconds, Stopping threads took: 0.0000164 seconds
[2019-06-24T09:24:26.581+0000][1][safepoint    ] Application time: 0.4087294 seconds
[2019-06-24T09:24:26.581+0000][1][safepoint    ] Entering safepoint region: GenCollectForAllocation
[2019-06-24T09:24:26.581+0000][1][gc,start     ] GC(14) Pause Young (Allocation Failure)
[2019-06-24T09:24:26.581+0000][1][gc,task      ] GC(14) Using 5 workers of 8 for evacuation
[2019-06-24T09:24:26.607+0000][1][gc,age       ] GC(14) Desired survivor size 4456448 bytes, new threshold 1 (max threshold 6)
[2019-06-24T09:24:26.607+0000][1][gc,age       ] GC(14) Age table with threshold 1 (max threshold 6)
[2019-06-24T09:24:26.607+0000][1][gc,age       ] GC(14) - age   1:    8853960 bytes,    8853960 total
[2019-06-24T09:24:26.607+0000][1][gc,heap      ] GC(14) ParNew: 78656K->8704K(78656K)
[2019-06-24T09:24:26.607+0000][1][gc,heap      ] GC(14) CMS: 26223K->38967K(174784K)
[2019-06-24T09:24:26.607+0000][1][gc,metaspace ] GC(14) Metaspace: 26904K->26904K(1075200K)
[2019-06-24T09:24:26.607+0000][1][gc           ] GC(14) Pause Young (Allocation Failure) 102M->46M(247M) 25.602ms
[2019-06-24T09:24:26.607+0000][1][gc,cpu       ] GC(14) User=0.17s Sys=0.00s Real=0.03s
[2019-06-24T09:24:26.607+0000][1][safepoint    ] Leaving safepoint region
[2019-06-24T09:24:26.607+0000][1][safepoint    ] Total time for which application threads were stopped: 0.0257302 seconds, Stopping threads took: 0.0000181 seconds
[2019-06-24T09:24:26.721+0000][1][safepoint    ] Application time: 0.1140507 seconds
[2019-06-24T09:24:26.721+0000][1][safepoint    ] Entering safepoint region: Deoptimize
[2019-06-24T09:24:26.721+0000][1][safepoint    ] Leaving safepoint region
[2019-06-24T09:24:26.721+0000][1][safepoint    ] Total time for which application threads were stopped: 0.0004586 seconds, Stopping threads took: 0.0000195 seconds
[2019-06-24T09:24:27.163+0000][1][safepoint    ] Application time: 0.4418257 seconds
[2019-06-24T09:24:27.163+0000][1][safepoint    ] Entering safepoint region: GenCollectForAllocation
[2019-06-24T09:24:27.163+0000][1][gc,start     ] GC(15) Pause Young (Allocation Failure)
[2019-06-24T09:24:27.163+0000][1][gc,task      ] GC(15) Using 5 workers of 8 for evacuation
[2019-06-24T09:24:27.183+0000][1][gc,age       ] GC(15) Desired survivor size 4456448 bytes, new threshold 1 (max threshold 6)
[2019-06-24T09:24:27.183+0000][1][gc,age       ] GC(15) Age table with threshold 1 (max threshold 6)
[2019-06-24T09:24:27.183+0000][1][gc,age       ] GC(15) - age   1:    6231192 bytes,    6231192 total
[2019-06-24T09:24:27.183+0000][1][gc,heap      ] GC(15) ParNew: 78656K->8704K(78656K)
[2019-06-24T09:24:27.183+0000][1][gc,heap      ] GC(15) CMS: 38967K->49379K(174784K)
[2019-06-24T09:24:27.183+0000][1][gc,metaspace ] GC(15) Metaspace: 32045K->32045K(1079296K)
[2019-06-24T09:24:27.183+0000][1][gc           ] GC(15) Pause Young (Allocation Failure) 114M->56M(247M) 20.118ms
[2019-06-24T09:24:27.183+0000][1][gc,cpu       ] GC(15) User=0.14s Sys=0.00s Real=0.02s
[2019-06-24T09:24:27.184+0000][1][safepoint    ] Leaving safepoint region
[2019-06-24T09:24:27.184+0000][1][safepoint    ] Total time for which application threads were stopped: 0.0203397 seconds, Stopping threads took: 0.0000201 seconds
[2019-06-24T09:24:27.276+0000][1][safepoint    ] Application time: 0.0920712 seconds
[2019-06-24T09:24:27.276+0000][1][safepoint    ] Entering safepoint region: GenCollectForAllocation
[2019-06-24T09:24:27.276+0000][1][gc,start     ] GC(16) Pause Young (Allocation Failure)
[2019-06-24T09:24:27.276+0000][1][gc,task      ] GC(16) Using 5 workers of 8 for evacuation
[2019-06-24T09:24:27.284+0000][1][gc,age       ] GC(16) Desired survivor size 4456448 bytes, new threshold 6 (max threshold 6)
[2019-06-24T09:24:27.284+0000][1][gc,age       ] GC(16) Age table with threshold 6 (max threshold 6)
[2019-06-24T09:24:27.284+0000][1][gc,age       ] GC(16) - age   1:     335928 bytes,     335928 total
[2019-06-24T09:24:27.284+0000][1][gc,heap      ] GC(16) ParNew: 78656K->6673K(78656K)
[2019-06-24T09:24:27.284+0000][1][gc,heap      ] GC(16) CMS: 49379K->55480K(174784K)
[2019-06-24T09:24:27.284+0000][1][gc,metaspace ] GC(16) Metaspace: 32730K->32730K(1079296K)
[2019-06-24T09:24:27.284+0000][1][gc           ] GC(16) Pause Young (Allocation Failure) 125M->60M(247M) 8.133ms
[2019-06-24T09:24:27.284+0000][1][gc,cpu       ] GC(16) User=0.06s Sys=0.00s Real=0.01s
[2019-06-24T09:24:27.284+0000][1][safepoint    ] Leaving safepoint region
[2019-06-24T09:24:27.284+0000][1][safepoint    ] Total time for which application threads were stopped: 0.0082822 seconds, Stopping threads took: 0.0000188 seconds
[2019-06-24T09:24:27.555+0000][1][safepoint    ] Application time: 0.2708220 seconds
[2019-06-24T09:24:27.555+0000][1][safepoint    ] Entering safepoint region: CollectForMetadataAllocation
[2019-06-24T09:24:27.555+0000][1][safepoint    ] Leaving safepoint region
[2019-06-24T09:24:27.555+0000][1][safepoint    ] Total time for which application threads were stopped: 0.0002555 seconds, Stopping threads took: 0.0000135 seconds
[2019-06-24T09:24:27.574+0000][1][safepoint    ] Application time: 0.0187559 seconds
[2019-06-24T09:24:27.574+0000][1][safepoint    ] Entering safepoint region: CollectForMetadataAllocation
[2019-06-24T09:24:27.574+0000][1][safepoint    ] Leaving safepoint region
[2019-06-24T09:24:27.574+0000][1][safepoint    ] Total time for which application threads were stopped: 0.0001653 seconds, Stopping threads took: 0.0000119 seconds
[2019-06-24T09:24:27.592+0000][1][safepoint    ] Application time: 0.0177409 seconds
[2019-06-24T09:24:27.592+0000][1][safepoint    ] Entering safepoint region: CollectForMetadataAllocation
[2019-06-24T09:24:27.592+0000][1][safepoint    ] Leaving safepoint region
[2019-06-24T09:24:27.592+0000][1][safepoint    ] Total time for which application threads were stopped: 0.0002017 seconds, Stopping threads took: 0.0000167 seconds
[2019-06-24T09:24:27.611+0000][1][safepoint    ] Application time: 0.0184586 seconds
[2019-06-24T09:24:27.611+0000][1][safepoint    ] Entering safepoint region: CollectForMetadataAllocation
[2019-06-24T09:24:27.611+0000][1][safepoint    ] Leaving safepoint region
[2019-06-24T09:24:27.611+0000][1][safepoint    ] Total time for which application threads were stopped: 0.0002100 seconds, Stopping threads took: 0.0000178 seconds
[2019-06-24T09:24:27.633+0000][1][safepoint    ] Application time: 0.0223899 seconds
[2019-06-24T09:24:27.633+0000][1][safepoint    ] Entering safepoint region: CollectForMetadataAllocation
[2019-06-24T09:24:27.633+0000][1][safepoint    ] Leaving safepoint region
[2019-06-24T09:24:27.633+0000][1][safepoint    ] Total time for which application threads were stopped: 0.0001950 seconds, Stopping threads took: 0.0000160 seconds
[2019-06-24T09:24:27.648+0000][1][safepoint    ] Application time: 0.0142157 seconds
[2019-06-24T09:24:27.648+0000][1][safepoint    ] Entering safepoint region: CollectForMetadataAllocation
[2019-06-24T09:24:27.648+0000][1][safepoint    ] Leaving safepoint region
[2019-06-24T09:24:27.648+0000][1][safepoint    ] Total time for which application threads were stopped: 0.0002190 seconds, Stopping threads took: 0.0000167 seconds
[2019-06-24T09:24:27.663+0000][1][safepoint    ] Application time: 0.0146907 seconds
[2019-06-24T09:24:27.663+0000][1][safepoint    ] Entering safepoint region: CollectForMetadataAllocation
[2019-06-24T09:24:27.663+0000][1][safepoint    ] Leaving safepoint region
[2019-06-24T09:24:27.663+0000][1][safepoint    ] Total time for which application threads were stopped: 0.0002125 seconds, Stopping threads took: 0.0000190 seconds
[2019-06-24T09:24:27.685+0000][1][safepoint    ] Application time: 0.0216607 seconds
[2019-06-24T09:24:27.685+0000][1][safepoint    ] Entering safepoint region: CollectForMetadataAllocation
[2019-06-24T09:24:27.685+0000][1][safepoint    ] Leaving safepoint region
[2019-06-24T09:24:27.685+0000][1][safepoint    ] Total time for which application threads were stopped: 0.0002049 seconds, Stopping threads took: 0.0000167 seconds
[2019-06-24T09:24:27.698+0000][1][safepoint    ] Application time: 0.0128805 seconds
[2019-06-24T09:24:27.698+0000][1][safepoint    ] Entering safepoint region: RevokeBias
[2019-06-24T09:24:27.698+0000][1][safepoint    ] Leaving safepoint region
[2019-06-24T09:24:27.698+0000][1][safepoint    ] Total time for which application threads were stopped: 0.0001385 seconds, Stopping threads took: 0.0000172 seconds
[2019-06-24T09:24:27.734+0000][1][safepoint    ] Application time: 0.0362460 seconds
[2019-06-24T09:24:27.734+0000][1][safepoint    ] Entering safepoint region: RevokeBias
[2019-06-24T09:24:27.734+0000][1][safepoint    ] Leaving safepoint region
[2019-06-24T09:24:27.734+0000][1][safepoint    ] Total time for which application threads were stopped: 0.0002631 seconds, Stopping threads took: 0.0000156 seconds
[2019-06-24T09:24:27.741+0000][1][safepoint    ] Application time: 0.0067809 seconds
[2019-06-24T09:24:27.741+0000][1][safepoint    ] Entering safepoint region: CollectForMetadataAllocation
[2019-06-24T09:24:27.741+0000][1][safepoint    ] Leaving safepoint region
[2019-06-24T09:24:27.741+0000][1][safepoint    ] Total time for which application threads were stopped: 0.0001837 seconds, Stopping threads took: 0.0000146 seconds
[2019-06-24T09:24:27.761+0000][1][safepoint    ] Application time: 0.0191801 seconds
[2019-06-24T09:24:27.761+0000][1][safepoint    ] Entering safepoint region: CollectForMetadataAllocation
[2019-06-24T09:24:27.761+0000][1][safepoint    ] Leaving safepoint region
[2019-06-24T09:24:27.761+0000][1][safepoint    ] Total time for which application threads were stopped: 0.0002047 seconds, Stopping threads took: 0.0000186 seconds
[2019-06-24T09:24:27.780+0000][1][safepoint    ] Application time: 0.0194813 seconds
[2019-06-24T09:24:27.780+0000][1][safepoint    ] Entering safepoint region: CollectForMetadataAllocation
[2019-06-24T09:24:27.781+0000][1][safepoint    ] Leaving safepoint region
[2019-06-24T09:24:27.781+0000][1][safepoint    ] Total time for which application threads were stopped: 0.0002225 seconds, Stopping threads took: 0.0000199 seconds
[2019-06-24T09:24:27.802+0000][1][safepoint    ] Application time: 0.0218095 seconds
[2019-06-24T09:24:27.802+0000][1][safepoint    ] Entering safepoint region: CollectForMetadataAllocation
[2019-06-24T09:24:27.803+0000][1][safepoint    ] Leaving safepoint region
[2019-06-24T09:24:27.803+0000][1][safepoint    ] Total time for which application threads were stopped: 0.0002393 seconds, Stopping threads took: 0.0000489 seconds
[2019-06-24T09:24:27.824+0000][1][safepoint    ] Application time: 0.0208146 seconds
[2019-06-24T09:24:27.824+0000][1][safepoint    ] Entering safepoint region: CollectForMetadataAllocation
[2019-06-24T09:24:27.824+0000][1][safepoint    ] Leaving safepoint region
[2019-06-24T09:24:27.824+0000][1][safepoint    ] Total time for which application threads were stopped: 0.0002065 seconds, Stopping threads took: 0.0000167 seconds
[2019-06-24T09:24:27.839+0000][1][safepoint    ] Application time: 0.0149448 seconds
[2019-06-24T09:24:27.839+0000][1][safepoint    ] Entering safepoint region: CollectForMetadataAllocation
[2019-06-24T09:24:27.839+0000][1][safepoint    ] Leaving safepoint region
[2019-06-24T09:24:27.839+0000][1][safepoint    ] Total time for which application threads were stopped: 0.0001931 seconds, Stopping threads took: 0.0000182 seconds
[2019-06-24T09:24:27.861+0000][1][safepoint    ] Application time: 0.0216352 seconds
[2019-06-24T09:24:27.861+0000][1][safepoint    ] Entering safepoint region: CollectForMetadataAllocation
[2019-06-24T09:24:27.861+0000][1][safepoint    ] Leaving safepoint region
[2019-06-24T09:24:27.861+0000][1][safepoint    ] Total time for which application threads were stopped: 0.0002123 seconds, Stopping threads took: 0.0000195 seconds
[2019-06-24T09:24:27.875+0000][1][safepoint    ] Application time: 0.0143384 seconds
[2019-06-24T09:24:27.875+0000][1][safepoint    ] Entering safepoint region: CollectForMetadataAllocation
[2019-06-24T09:24:27.875+0000][1][safepoint    ] Leaving safepoint region
[2019-06-24T09:24:27.875+0000][1][safepoint    ] Total time for which application threads were stopped: 0.0001984 seconds, Stopping threads took: 0.0000169 seconds
[2019-06-24T09:24:27.897+0000][1][safepoint    ] Application time: 0.0217030 seconds
[2019-06-24T09:24:27.897+0000][1][safepoint    ] Entering safepoint region: CollectForMetadataAllocation
[2019-06-24T09:24:27.897+0000][1][safepoint    ] Leaving safepoint region
[2019-06-24T09:24:27.897+0000][1][safepoint    ] Total time for which application threads were stopped: 0.0001950 seconds, Stopping threads took: 0.0000177 seconds
[2019-06-24T09:24:27.916+0000][1][safepoint    ] Application time: 0.0186542 seconds
[2019-06-24T09:24:27.916+0000][1][safepoint    ] Entering safepoint region: CollectForMetadataAllocation
[2019-06-24T09:24:27.916+0000][1][safepoint    ] Leaving safepoint region
[2019-06-24T09:24:27.916+0000][1][safepoint    ] Total time for which application threads were stopped: 0.0001908 seconds, Stopping threads took: 0.0000175 seconds
[2019-06-24T09:24:27.934+0000][1][safepoint    ] Application time: 0.0180363 seconds
[2019-06-24T09:24:27.934+0000][1][safepoint    ] Entering safepoint region: CollectForMetadataAllocation
[2019-06-24T09:24:27.935+0000][1][safepoint    ] Leaving safepoint region
[2019-06-24T09:24:27.935+0000][1][safepoint    ] Total time for which application threads were stopped: 0.0001605 seconds, Stopping threads took: 0.0000109 seconds
[2019-06-24T09:24:27.960+0000][1][safepoint    ] Application time: 0.0258121 seconds
[2019-06-24T09:24:27.960+0000][1][safepoint    ] Entering safepoint region: CollectForMetadataAllocation
[2019-06-24T09:24:27.961+0000][1][safepoint    ] Leaving safepoint region
[2019-06-24T09:24:27.961+0000][1][safepoint    ] Total time for which application threads were stopped: 0.0001969 seconds, Stopping threads took: 0.0000168 seconds
[2019-06-24T09:24:27.981+0000][1][safepoint    ] Application time: 0.0208677 seconds
[2019-06-24T09:24:27.982+0000][1][safepoint    ] Entering safepoint region: CollectForMetadataAllocation
[2019-06-24T09:24:27.982+0000][1][safepoint    ] Leaving safepoint region
[2019-06-24T09:24:27.982+0000][1][safepoint    ] Total time for which application threads were stopped: 0.0001927 seconds, Stopping threads took: 0.0000156 seconds
[2019-06-24T09:24:28.003+0000][1][safepoint    ] Application time: 0.0209211 seconds
[2019-06-24T09:24:28.003+0000][1][safepoint    ] Entering safepoint region: CollectForMetadataAllocation
[2019-06-24T09:24:28.003+0000][1][safepoint    ] Leaving safepoint region
[2019-06-24T09:24:28.003+0000][1][safepoint    ] Total time for which application threads were stopped: 0.0002027 seconds, Stopping threads took: 0.0000166 seconds
[2019-06-24T09:24:28.026+0000][1][safepoint    ] Application time: 0.0230487 seconds
[2019-06-24T09:24:28.026+0000][1][safepoint    ] Entering safepoint region: CollectForMetadataAllocation
[2019-06-24T09:24:28.026+0000][1][safepoint    ] Leaving safepoint region
[2019-06-24T09:24:28.026+0000][1][safepoint    ] Total time for which application threads were stopped: 0.0002044 seconds, Stopping threads took: 0.0000204 seconds
[2019-06-24T09:24:28.040+0000][1][safepoint    ] Application time: 0.0142011 seconds
[2019-06-24T09:24:28.041+0000][1][safepoint    ] Entering safepoint region: CollectForMetadataAllocation
[2019-06-24T09:24:28.041+0000][1][safepoint    ] Leaving safepoint region
[2019-06-24T09:24:28.041+0000][1][safepoint    ] Total time for which application threads were stopped: 0.0002965 seconds, Stopping threads took: 0.0001233 seconds
[2019-06-24T09:24:28.056+0000][1][safepoint    ] Application time: 0.0152393 seconds
[2019-06-24T09:24:28.056+0000][1][safepoint    ] Entering safepoint region: RevokeBias
[2019-06-24T09:24:28.056+0000][1][safepoint    ] Leaving safepoint region
[2019-06-24T09:24:28.056+0000][1][safepoint    ] Total time for which application threads were stopped: 0.0000857 seconds, Stopping threads took: 0.0000412 seconds
[2019-06-24T09:24:28.056+0000][1][safepoint    ] Application time: 0.0000964 seconds
[2019-06-24T09:24:28.056+0000][1][safepoint    ] Entering safepoint region: RevokeBias
[2019-06-24T09:24:28.056+0000][1][safepoint    ] Leaving safepoint region
[2019-06-24T09:24:28.056+0000][1][safepoint    ] Total time for which application threads were stopped: 0.0000906 seconds, Stopping threads took: 0.0000401 seconds
[2019-06-24T09:24:28.059+0000][1][safepoint    ] Application time: 0.0024214 seconds
[2019-06-24T09:24:28.059+0000][1][safepoint    ] Entering safepoint region: CollectForMetadataAllocation
[2019-06-24T09:24:28.059+0000][1][safepoint    ] Leaving safepoint region
[2019-06-24T09:24:28.059+0000][1][safepoint    ] Total time for which application threads were stopped: 0.0001550 seconds, Stopping threads took: 0.0000112 seconds
[2019-06-24T09:24:28.076+0000][1][safepoint    ] Application time: 0.0167439 seconds
[2019-06-24T09:24:28.076+0000][1][safepoint    ] Entering safepoint region: CollectForMetadataAllocation
[2019-06-24T09:24:28.076+0000][1][safepoint    ] Leaving safepoint region
[2019-06-24T09:24:28.076+0000][1][safepoint    ] Total time for which application threads were stopped: 0.0001652 seconds, Stopping threads took: 0.0000107 seconds
[2019-06-24T09:24:28.507+0000][1][safepoint    ] Application time: 0.4310187 seconds
[2019-06-24T09:24:28.507+0000][1][safepoint    ] Entering safepoint region: CollectForMetadataAllocation
[2019-06-24T09:24:28.507+0000][1][safepoint    ] Leaving safepoint region
[2019-06-24T09:24:28.507+0000][1][safepoint    ] Total time for which application threads were stopped: 0.0002080 seconds, Stopping threads took: 0.0000177 seconds
[2019-06-24T09:24:28.509+0000][1][safepoint    ] Application time: 0.0019650 seconds
[2019-06-24T09:24:28.509+0000][1][safepoint    ] Entering safepoint region: GenCollectForAllocation
[2019-06-24T09:24:28.509+0000][1][gc,start     ] GC(17) Pause Young (Allocation Failure)
[2019-06-24T09:24:28.509+0000][1][gc,task      ] GC(17) Using 5 workers of 8 for evacuation
[2019-06-24T09:24:28.513+0000][1][gc,age       ] GC(17) Desired survivor size 4456448 bytes, new threshold 6 (max threshold 6)
[2019-06-24T09:24:28.513+0000][1][gc,age       ] GC(17) Age table with threshold 6 (max threshold 6)
[2019-06-24T09:24:28.513+0000][1][gc,age       ] GC(17) - age   1:    3762344 bytes,    3762344 total
[2019-06-24T09:24:28.513+0000][1][gc,age       ] GC(17) - age   2:     296392 bytes,    4058736 total
[2019-06-24T09:24:28.513+0000][1][gc,heap      ] GC(17) ParNew: 76625K->4843K(78656K)
[2019-06-24T09:24:28.513+0000][1][gc,heap      ] GC(17) CMS: 55480K->55480K(174784K)
[2019-06-24T09:24:28.513+0000][1][gc,metaspace ] GC(17) Metaspace: 42099K->42099K(1087488K)
[2019-06-24T09:24:28.513+0000][1][gc           ] GC(17) Pause Young (Allocation Failure) 129M->58M(247M) 4.071ms
[2019-06-24T09:24:28.513+0000][1][gc,cpu       ] GC(17) User=0.03s Sys=0.00s Real=0.00s
[2019-06-24T09:24:28.513+0000][1][safepoint    ] Leaving safepoint region
[2019-06-24T09:24:28.513+0000][1][safepoint    ] Total time for which application threads were stopped: 0.0041762 seconds, Stopping threads took: 0.0000119 seconds
[2019-06-24T09:24:28.514+0000][1][safepoint    ] Application time: 0.0002012 seconds
[2019-06-24T09:24:28.514+0000][1][safepoint    ] Entering safepoint region: CMS_Initial_Mark
[2019-06-24T09:24:28.514+0000][1][gc,start     ] GC(18) Pause Initial Mark
[2019-06-24T09:24:28.515+0000][1][gc           ] GC(18) Pause Initial Mark 60M->60M(247M) 1.346ms
[2019-06-24T09:24:28.515+0000][1][gc,cpu       ] GC(18) User=0.01s Sys=0.00s Real=0.01s
[2019-06-24T09:24:28.515+0000][1][safepoint    ] Leaving safepoint region
[2019-06-24T09:24:28.515+0000][1][safepoint    ] Total time for which application threads were stopped: 0.0014658 seconds, Stopping threads took: 0.0000406 seconds
[2019-06-24T09:24:28.515+0000][1][gc           ] GC(18) Concurrent Mark
[2019-06-24T09:24:28.515+0000][1][gc,task      ] GC(18) Using 2 workers of 2 for marking
[2019-06-24T09:24:28.532+0000][1][safepoint    ] Application time: 0.0170783 seconds
[2019-06-24T09:24:28.532+0000][1][safepoint    ] Entering safepoint region: CollectForMetadataAllocation
[2019-06-24T09:24:28.532+0000][1][safepoint    ] Leaving safepoint region
[2019-06-24T09:24:28.532+0000][1][safepoint    ] Total time for which application threads were stopped: 0.0002182 seconds, Stopping threads took: 0.0000171 seconds
[2019-06-24T09:24:28.562+0000][1][safepoint    ] Application time: 0.0296199 seconds
[2019-06-24T09:24:28.562+0000][1][safepoint    ] Entering safepoint region: CollectForMetadataAllocation
[2019-06-24T09:24:28.562+0000][1][safepoint    ] Leaving safepoint region
[2019-06-24T09:24:28.562+0000][1][safepoint    ] Total time for which application threads were stopped: 0.0001413 seconds, Stopping threads took: 0.0000236 seconds
[2019-06-24T09:24:28.569+0000][1][gc           ] GC(18) Concurrent Mark 54.319ms
[2019-06-24T09:24:28.569+0000][1][gc,cpu       ] GC(18) User=0.30s Sys=0.00s Real=0.05s
[2019-06-24T09:24:28.570+0000][1][gc           ] GC(18) Concurrent Preclean
[2019-06-24T09:24:28.571+0000][1][gc           ] GC(18) Concurrent Preclean 1.890ms
[2019-06-24T09:24:28.571+0000][1][gc,cpu       ] GC(18) User=0.02s Sys=0.00s Real=0.00s
[2019-06-24T09:24:28.571+0000][1][gc           ] GC(18) Concurrent Abortable Preclean
[2019-06-24T09:24:28.727+0000][1][safepoint    ] Application time: 0.1644684 seconds
[2019-06-24T09:24:28.727+0000][1][safepoint    ] Entering safepoint region: CollectForMetadataAllocation
[2019-06-24T09:24:28.727+0000][1][safepoint    ] Leaving safepoint region
[2019-06-24T09:24:28.727+0000][1][safepoint    ] Total time for which application threads were stopped: 0.0002246 seconds, Stopping threads took: 0.0000166 seconds
[2019-06-24T09:24:28.757+0000][1][safepoint    ] Application time: 0.0300616 seconds
[2019-06-24T09:24:28.757+0000][1][safepoint    ] Entering safepoint region: CollectForMetadataAllocation
[2019-06-24T09:24:28.757+0000][1][safepoint    ] Leaving safepoint region
[2019-06-24T09:24:28.757+0000][1][safepoint    ] Total time for which application threads were stopped: 0.0001357 seconds, Stopping threads took: 0.0000173 seconds
[2019-06-24T09:24:28.798+0000][1][safepoint    ] Application time: 0.0412984 seconds
[2019-06-24T09:24:28.799+0000][1][safepoint    ] Entering safepoint region: CollectForMetadataAllocation
[2019-06-24T09:24:28.799+0000][1][safepoint    ] Leaving safepoint region
[2019-06-24T09:24:28.799+0000][1][safepoint    ] Total time for which application threads were stopped: 0.0002063 seconds, Stopping threads took: 0.0000158 seconds
[2019-06-24T09:24:28.818+0000][1][safepoint    ] Application time: 0.0193502 seconds
[2019-06-24T09:24:28.818+0000][1][safepoint    ] Entering safepoint region: CollectForMetadataAllocation
[2019-06-24T09:24:28.818+0000][1][safepoint    ] Leaving safepoint region
[2019-06-24T09:24:28.818+0000][1][safepoint    ] Total time for which application threads were stopped: 0.0002135 seconds, Stopping threads took: 0.0000475 seconds
[2019-06-24T09:24:28.819+0000][1][gc           ] GC(18) Concurrent Abortable Preclean 247.792ms
[2019-06-24T09:24:28.819+0000][1][gc,cpu       ] GC(18) User=1.16s Sys=0.02s Real=0.25s
[2019-06-24T09:24:28.819+0000][1][safepoint    ] Application time: 0.0009583 seconds
[2019-06-24T09:24:28.819+0000][1][safepoint    ] Entering safepoint region: CMS_Final_Remark
[2019-06-24T09:24:28.819+0000][1][gc,start     ] GC(18) Pause Remark
[2019-06-24T09:24:28.838+0000][1][gc           ] GC(18) Pause Remark 94M->94M(247M) 18.240ms
[2019-06-24T09:24:28.838+0000][1][gc,cpu       ] GC(18) User=0.07s Sys=0.00s Real=0.02s
[2019-06-24T09:24:28.838+0000][1][safepoint    ] Leaving safepoint region
[2019-06-24T09:24:28.838+0000][1][safepoint    ] Total time for which application threads were stopped: 0.0184143 seconds, Stopping threads took: 0.0000584 seconds
[2019-06-24T09:24:28.838+0000][1][gc           ] GC(18) Concurrent Sweep
[2019-06-24T09:24:28.868+0000][1][gc           ] GC(18) Concurrent Sweep 30.615ms
[2019-06-24T09:24:28.868+0000][1][gc,cpu       ] GC(18) User=0.16s Sys=0.00s Real=0.03s
[2019-06-24T09:24:28.868+0000][1][gc           ] GC(18) Concurrent Reset
[2019-06-24T09:24:28.869+0000][1][gc           ] GC(18) Concurrent Reset 0.394ms
[2019-06-24T09:24:28.869+0000][1][gc,cpu       ] GC(18) User=0.01s Sys=0.00s Real=0.00s
[2019-06-24T09:24:28.869+0000][1][gc,heap      ] GC(18) Old: 55480K->55264K(174784K)
[2019-06-24T09:24:28.915+0000][1][safepoint    ] Application time: 0.0776822 seconds
[2019-06-24T09:24:28.915+0000][1][safepoint    ] Entering safepoint region: RevokeBias
[2019-06-24T09:24:28.916+0000][1][safepoint    ] Leaving safepoint region
[2019-06-24T09:24:28.916+0000][1][safepoint    ] Total time for which application threads were stopped: 0.0007044 seconds, Stopping threads took: 0.0000147 seconds
[2019-06-24T09:24:28.921+0000][1][safepoint    ] Application time: 0.0048569 seconds
[2019-06-24T09:24:28.921+0000][1][safepoint    ] Entering safepoint region: RevokeBias
[2019-06-24T09:24:28.921+0000][1][safepoint    ] Leaving safepoint region
[2019-06-24T09:24:28.921+0000][1][safepoint    ] Total time for which application threads were stopped: 0.0001342 seconds, Stopping threads took: 0.0000779 seconds
[2019-06-24T09:24:29.054+0000][1][safepoint    ] Application time: 0.1322775 seconds
[2019-06-24T09:24:29.054+0000][1][safepoint    ] Entering safepoint region: RevokeBias
[2019-06-24T09:24:29.054+0000][1][safepoint    ] Leaving safepoint region
[2019-06-24T09:24:29.054+0000][1][safepoint    ] Total time for which application threads were stopped: 0.0003884 seconds, Stopping threads took: 0.0000247 seconds
[2019-06-24T09:24:29.054+0000][1][safepoint    ] Application time: 0.0000957 seconds
[2019-06-24T09:24:29.054+0000][1][safepoint    ] Entering safepoint region: RevokeBias
[2019-06-24T09:24:29.054+0000][1][safepoint    ] Leaving safepoint region
[2019-06-24T09:24:29.054+0000][1][safepoint    ] Total time for which application threads were stopped: 0.0002808 seconds, Stopping threads took: 0.0002228 seconds
[2019-06-24T09:24:29.055+0000][1][safepoint    ] Application time: 0.0002123 seconds
[2019-06-24T09:24:29.055+0000][1][safepoint    ] Entering safepoint region: RevokeBias
[2019-06-24T09:24:29.055+0000][1][safepoint    ] Leaving safepoint region
[2019-06-24T09:24:29.055+0000][1][safepoint    ] Total time for which application threads were stopped: 0.0001209 seconds, Stopping threads took: 0.0000803 seconds
[2019-06-24T09:24:29.055+0000][1][safepoint    ] Application time: 0.0002278 seconds
[2019-06-24T09:24:29.055+0000][1][safepoint    ] Entering safepoint region: RevokeBias
[2019-06-24T09:24:29.055+0000][1][safepoint    ] Leaving safepoint region
[2019-06-24T09:24:29.055+0000][1][safepoint    ] Total time for which application threads were stopped: 0.0001374 seconds, Stopping threads took: 0.0000839 seconds
[2019-06-24T09:24:29.108+0000][1][safepoint    ] Application time: 0.0524694 seconds
[2019-06-24T09:24:29.108+0000][1][safepoint    ] Entering safepoint region: RevokeBias
[2019-06-24T09:24:29.108+0000][1][safepoint    ] Leaving safepoint region
[2019-06-24T09:24:29.108+0000][1][safepoint    ] Total time for which application threads were stopped: 0.0001164 seconds, Stopping threads took: 0.0000424 seconds
[2019-06-24T09:24:29.108+0000][1][safepoint    ] Application time: 0.0001623 seconds
[2019-06-24T09:24:29.108+0000][1][safepoint    ] Entering safepoint region: RevokeBias
[2019-06-24T09:24:29.108+0000][1][safepoint    ] Leaving safepoint region
[2019-06-24T09:24:29.108+0000][1][safepoint    ] Total time for which application threads were stopped: 0.0003787 seconds, Stopping threads took: 0.0003205 seconds
[2019-06-24T09:24:29.108+0000][1][safepoint    ] Application time: 0.0001158 seconds
[2019-06-24T09:24:29.108+0000][1][safepoint    ] Entering safepoint region: RevokeBias
[2019-06-24T09:24:29.108+0000][1][safepoint    ] Leaving safepoint region
[2019-06-24T09:24:29.109+0000][1][safepoint    ] Total time for which application threads were stopped: 0.0001011 seconds, Stopping threads took: 0.0000631 seconds
[2019-06-24T09:24:29.109+0000][1][safepoint    ] Application time: 0.0002909 seconds
[2019-06-24T09:24:29.109+0000][1][safepoint    ] Entering safepoint region: RevokeBias
[2019-06-24T09:24:29.109+0000][1][safepoint    ] Leaving safepoint region
[2019-06-24T09:24:29.109+0000][1][safepoint    ] Total time for which application threads were stopped: 0.0000880 seconds, Stopping threads took: 0.0000197 seconds
[2019-06-24T09:24:29.109+0000][1][safepoint    ] Application time: 0.0002745 seconds
[2019-06-24T09:24:29.109+0000][1][safepoint    ] Entering safepoint region: RevokeBias
[2019-06-24T09:24:29.109+0000][1][safepoint    ] Leaving safepoint region
[2019-06-24T09:24:29.109+0000][1][safepoint    ] Total time for which application threads were stopped: 0.0000716 seconds, Stopping threads took: 0.0000302 seconds
[2019-06-24T09:24:29.109+0000][1][safepoint    ] Application time: 0.0001382 seconds
[2019-06-24T09:24:29.109+0000][1][safepoint    ] Entering safepoint region: RevokeBias
[2019-06-24T09:24:29.110+0000][1][safepoint    ] Leaving safepoint region
[2019-06-24T09:24:29.110+0000][1][safepoint    ] Total time for which application threads were stopped: 0.0000872 seconds, Stopping threads took: 0.0000405 seconds
[2019-06-24T09:24:29.110+0000][1][safepoint    ] Application time: 0.0003147 seconds
[2019-06-24T09:24:29.110+0000][1][safepoint    ] Entering safepoint region: RevokeBias
[2019-06-24T09:24:29.110+0000][1][safepoint    ] Leaving safepoint region
[2019-06-24T09:24:29.110+0000][1][safepoint    ] Total time for which application threads were stopped: 0.0000739 seconds, Stopping threads took: 0.0000116 seconds
[2019-06-24T09:24:29.110+0000][1][safepoint    ] Application time: 0.0000865 seconds
[2019-06-24T09:24:29.110+0000][1][safepoint    ] Entering safepoint region: RevokeBias
[2019-06-24T09:24:29.110+0000][1][safepoint    ] Leaving safepoint region
[2019-06-24T09:24:29.110+0000][1][safepoint    ] Total time for which application threads were stopped: 0.0002037 seconds, Stopping threads took: 0.0001500 seconds
[2019-06-24T09:24:29.110+0000][1][safepoint    ] Application time: 0.0000440 seconds
[2019-06-24T09:24:29.110+0000][1][safepoint    ] Entering safepoint region: RevokeBias
[2019-06-24T09:24:29.110+0000][1][safepoint    ] Leaving safepoint region
[2019-06-24T09:24:29.110+0000][1][safepoint    ] Total time for which application threads were stopped: 0.0001256 seconds, Stopping threads took: 0.0000868 seconds
[2019-06-24T09:24:29.111+0000][1][safepoint    ] Application time: 0.0000722 seconds
[2019-06-24T09:24:29.111+0000][1][safepoint    ] Entering safepoint region: RevokeBias
[2019-06-24T09:24:29.111+0000][1][safepoint    ] Leaving safepoint region
[2019-06-24T09:24:29.111+0000][1][safepoint    ] Total time for which application threads were stopped: 0.0001623 seconds, Stopping threads took: 0.0001055 seconds
[2019-06-24T09:24:29.111+0000][1][safepoint    ] Application time: 0.0000456 seconds
[2019-06-24T09:24:29.111+0000][1][safepoint    ] Entering safepoint region: RevokeBias
[2019-06-24T09:24:29.111+0000][1][safepoint    ] Leaving safepoint region
[2019-06-24T09:24:29.111+0000][1][safepoint    ] Total time for which application threads were stopped: 0.0000615 seconds, Stopping threads took: 0.0000094 seconds
[2019-06-24T09:24:29.111+0000][1][safepoint    ] Application time: 0.0000423 seconds
[2019-06-24T09:24:29.111+0000][1][safepoint    ] Entering safepoint region: RevokeBias
[2019-06-24T09:24:29.111+0000][1][safepoint    ] Leaving safepoint region
[2019-06-24T09:24:29.111+0000][1][safepoint    ] Total time for which application threads were stopped: 0.0000667 seconds, Stopping threads took: 0.0000193 seconds
[2019-06-24T09:24:29.111+0000][1][safepoint    ] Application time: 0.0000423 seconds
[2019-06-24T09:24:29.111+0000][1][safepoint    ] Entering safepoint region: RevokeBias
[2019-06-24T09:24:29.111+0000][1][safepoint    ] Leaving safepoint region
[2019-06-24T09:24:29.111+0000][1][safepoint    ] Total time for which application threads were stopped: 0.0000762 seconds, Stopping threads took: 0.0000316 seconds
[2019-06-24T09:24:29.111+0000][1][safepoint    ] Application time: 0.0000432 seconds
[2019-06-24T09:24:29.111+0000][1][safepoint    ] Entering safepoint region: RevokeBias
[2019-06-24T09:24:29.111+0000][1][safepoint    ] Leaving safepoint region
[2019-06-24T09:24:29.111+0000][1][safepoint    ] Total time for which application threads were stopped: 0.0000735 seconds, Stopping threads took: 0.0000380 seconds
[2019-06-24T09:24:29.111+0000][1][safepoint    ] Application time: 0.0000419 seconds
[2019-06-24T09:24:29.111+0000][1][safepoint    ] Entering safepoint region: RevokeBias
[2019-06-24T09:24:29.111+0000][1][safepoint    ] Leaving safepoint region
[2019-06-24T09:24:29.111+0000][1][safepoint    ] Total time for which application threads were stopped: 0.0000507 seconds, Stopping threads took: 0.0000092 seconds
[2019-06-24T09:24:29.111+0000][1][safepoint    ] Application time: 0.0000404 seconds
[2019-06-24T09:24:29.111+0000][1][safepoint    ] Entering safepoint region: RevokeBias
[2019-06-24T09:24:29.111+0000][1][safepoint    ] Leaving safepoint region
[2019-06-24T09:24:29.111+0000][1][safepoint    ] Total time for which application threads were stopped: 0.0000493 seconds, Stopping threads took: 0.0000088 seconds
[2019-06-24T09:24:29.111+0000][1][safepoint    ] Application time: 0.0000381 seconds
[2019-06-24T09:24:29.111+0000][1][safepoint    ] Entering safepoint region: RevokeBias
[2019-06-24T09:24:29.112+0000][1][safepoint    ] Leaving safepoint region
[2019-06-24T09:24:29.112+0000][1][safepoint    ] Total time for which application threads were stopped: 0.0000533 seconds, Stopping threads took: 0.0000103 seconds
[2019-06-24T09:24:29.112+0000][1][safepoint    ] Application time: 0.0000367 seconds
[2019-06-24T09:24:29.112+0000][1][safepoint    ] Entering safepoint region: RevokeBias
[2019-06-24T09:24:29.112+0000][1][safepoint    ] Leaving safepoint region
[2019-06-24T09:24:29.112+0000][1][safepoint    ] Total time for which application threads were stopped: 0.0000492 seconds, Stopping threads took: 0.0000089 seconds
[2019-06-24T09:24:29.112+0000][1][safepoint    ] Application time: 0.0000369 seconds
[2019-06-24T09:24:29.112+0000][1][safepoint    ] Entering safepoint region: RevokeBias
[2019-06-24T09:24:29.112+0000][1][safepoint    ] Leaving safepoint region
[2019-06-24T09:24:29.112+0000][1][safepoint    ] Total time for which application threads were stopped: 0.0000505 seconds, Stopping threads took: 0.0000099 seconds
[2019-06-24T09:24:29.112+0000][1][safepoint    ] Application time: 0.0000372 seconds
[2019-06-24T09:24:29.112+0000][1][safepoint    ] Entering safepoint region: RevokeBias
[2019-06-24T09:24:29.112+0000][1][safepoint    ] Leaving safepoint region
[2019-06-24T09:24:29.112+0000][1][safepoint    ] Total time for which application threads were stopped: 0.0000539 seconds, Stopping threads took: 0.0000133 seconds
[2019-06-24T09:24:29.112+0000][1][safepoint    ] Application time: 0.0000392 seconds
[2019-06-24T09:24:29.112+0000][1][safepoint    ] Entering safepoint region: RevokeBias
[2019-06-24T09:24:29.112+0000][1][safepoint    ] Leaving safepoint region
[2019-06-24T09:24:29.112+0000][1][safepoint    ] Total time for which application threads were stopped: 0.0000483 seconds, Stopping threads took: 0.0000097 seconds
[2019-06-24T09:24:29.112+0000][1][safepoint    ] Application time: 0.0000414 seconds
[2019-06-24T09:24:29.112+0000][1][safepoint    ] Entering safepoint region: RevokeBias
[2019-06-24T09:24:29.112+0000][1][safepoint    ] Leaving safepoint region
[2019-06-24T09:24:29.112+0000][1][safepoint    ] Total time for which application threads were stopped: 0.0000572 seconds, Stopping threads took: 0.0000164 seconds
[2019-06-24T09:24:29.112+0000][1][safepoint    ] Application time: 0.0000402 seconds
[2019-06-24T09:24:29.112+0000][1][safepoint    ] Entering safepoint region: RevokeBias
[2019-06-24T09:24:29.112+0000][1][safepoint    ] Leaving safepoint region
[2019-06-24T09:24:29.112+0000][1][safepoint    ] Total time for which application threads were stopped: 0.0000530 seconds, Stopping threads took: 0.0000129 seconds
[2019-06-24T09:24:29.112+0000][1][safepoint    ] Application time: 0.0000437 seconds
[2019-06-24T09:24:29.112+0000][1][safepoint    ] Entering safepoint region: RevokeBias
[2019-06-24T09:24:29.112+0000][1][safepoint    ] Leaving safepoint region
[2019-06-24T09:24:29.112+0000][1][safepoint    ] Total time for which application threads were stopped: 0.0000502 seconds, Stopping threads took: 0.0000098 seconds
[2019-06-24T09:24:29.112+0000][1][safepoint    ] Application time: 0.0000410 seconds
[2019-06-24T09:24:29.112+0000][1][safepoint    ] Entering safepoint region: RevokeBias
[2019-06-24T09:24:29.112+0000][1][safepoint    ] Leaving safepoint region
[2019-06-24T09:24:29.112+0000][1][safepoint    ] Total time for which application threads were stopped: 0.0000519 seconds, Stopping threads took: 0.0000099 seconds
[2019-06-24T09:24:29.112+0000][1][safepoint    ] Application time: 0.0000404 seconds
[2019-06-24T09:24:29.112+0000][1][safepoint    ] Entering safepoint region: BulkRevokeBias
[2019-06-24T09:24:29.113+0000][1][safepoint    ] Leaving safepoint region
[2019-06-24T09:24:29.113+0000][1][safepoint    ] Total time for which application threads were stopped: 0.0001310 seconds, Stopping threads took: 0.0000310 seconds
[2019-06-24T09:24:29.113+0000][1][safepoint    ] Application time: 0.0001742 seconds
[2019-06-24T09:24:29.113+0000][1][safepoint    ] Entering safepoint region: RevokeBias
[2019-06-24T09:24:29.113+0000][1][safepoint    ] Leaving safepoint region
[2019-06-24T09:24:29.113+0000][1][safepoint    ] Total time for which application threads were stopped: 0.0000561 seconds, Stopping threads took: 0.0000102 seconds
[2019-06-24T09:24:29.113+0000][1][safepoint    ] Application time: 0.0000678 seconds
[2019-06-24T09:24:29.113+0000][1][safepoint    ] Entering safepoint region: RevokeBias
[2019-06-24T09:24:29.113+0000][1][safepoint    ] Leaving safepoint region
[2019-06-24T09:24:29.113+0000][1][safepoint    ] Total time for which application threads were stopped: 0.0000781 seconds, Stopping threads took: 0.0000357 seconds
[2019-06-24T09:24:29.113+0000][1][safepoint    ] Application time: 0.0000947 seconds
[2019-06-24T09:24:29.113+0000][1][safepoint    ] Entering safepoint region: RevokeBias
[2019-06-24T09:24:29.113+0000][1][safepoint    ] Leaving safepoint region
[2019-06-24T09:24:29.113+0000][1][safepoint    ] Total time for which application threads were stopped: 0.0000765 seconds, Stopping threads took: 0.0000340 seconds
[2019-06-24T09:24:29.113+0000][1][safepoint    ] Application time: 0.0000640 seconds
[2019-06-24T09:24:29.113+0000][1][safepoint    ] Entering safepoint region: RevokeBias
[2019-06-24T09:24:29.113+0000][1][safepoint    ] Leaving safepoint region
[2019-06-24T09:24:29.113+0000][1][safepoint    ] Total time for which application threads were stopped: 0.0000982 seconds, Stopping threads took: 0.0000343 seconds
[2019-06-24T09:24:29.113+0000][1][safepoint    ] Application time: 0.0000603 seconds
[2019-06-24T09:24:29.113+0000][1][safepoint    ] Entering safepoint region: RevokeBias
[2019-06-24T09:24:29.114+0000][1][safepoint    ] Leaving safepoint region
[2019-06-24T09:24:29.114+0000][1][safepoint    ] Total time for which application threads were stopped: 0.0000828 seconds, Stopping threads took: 0.0000101 seconds
[2019-06-24T09:24:29.114+0000][1][safepoint    ] Application time: 0.0000446 seconds
[2019-06-24T09:24:29.114+0000][1][safepoint    ] Entering safepoint region: RevokeBias
[2019-06-24T09:24:29.114+0000][1][safepoint    ] Leaving safepoint region
[2019-06-24T09:24:29.114+0000][1][safepoint    ] Total time for which application threads were stopped: 0.0001075 seconds, Stopping threads took: 0.0000361 seconds
[2019-06-24T09:24:29.114+0000][1][safepoint    ] Application time: 0.0001136 seconds
[2019-06-24T09:24:29.114+0000][1][safepoint    ] Entering safepoint region: RevokeBias
[2019-06-24T09:24:29.114+0000][1][safepoint    ] Leaving safepoint region
[2019-06-24T09:24:29.114+0000][1][safepoint    ] Total time for which application threads were stopped: 0.0000490 seconds, Stopping threads took: 0.0000099 seconds
[2019-06-24T09:24:29.114+0000][1][safepoint    ] Application time: 0.0000425 seconds
[2019-06-24T09:24:29.114+0000][1][safepoint    ] Entering safepoint region: RevokeBias
[2019-06-24T09:24:29.114+0000][1][safepoint    ] Leaving safepoint region
[2019-06-24T09:24:29.114+0000][1][safepoint    ] Total time for which application threads were stopped: 0.0000697 seconds, Stopping threads took: 0.0000368 seconds
[2019-06-24T09:24:29.114+0000][1][safepoint    ] Application time: 0.0000371 seconds
[2019-06-24T09:24:29.114+0000][1][safepoint    ] Entering safepoint region: RevokeBias
[2019-06-24T09:24:29.114+0000][1][safepoint    ] Leaving safepoint region
[2019-06-24T09:24:29.114+0000][1][safepoint    ] Total time for which application threads were stopped: 0.0001229 seconds, Stopping threads took: 0.0000860 seconds
[2019-06-24T09:24:29.114+0000][1][safepoint    ] Application time: 0.0000368 seconds
[2019-06-24T09:24:29.114+0000][1][safepoint    ] Entering safepoint region: RevokeBias
[2019-06-24T09:24:29.114+0000][1][safepoint    ] Leaving safepoint region
[2019-06-24T09:24:29.114+0000][1][safepoint    ] Total time for which application threads were stopped: 0.0000825 seconds, Stopping threads took: 0.0000323 seconds
[2019-06-24T09:24:29.114+0000][1][safepoint    ] Application time: 0.0000394 seconds
[2019-06-24T09:24:29.114+0000][1][safepoint    ] Entering safepoint region: RevokeBias
[2019-06-24T09:24:29.115+0000][1][safepoint    ] Leaving safepoint region
[2019-06-24T09:24:29.115+0000][1][safepoint    ] Total time for which application threads were stopped: 0.0001170 seconds, Stopping threads took: 0.0000343 seconds
[2019-06-24T09:24:29.115+0000][1][safepoint    ] Application time: 0.0000395 seconds
[2019-06-24T09:24:29.115+0000][1][safepoint    ] Entering safepoint region: RevokeBias
[2019-06-24T09:24:29.115+0000][1][safepoint    ] Leaving safepoint region
[2019-06-24T09:24:29.115+0000][1][safepoint    ] Total time for which application threads were stopped: 0.0000541 seconds, Stopping threads took: 0.0000275 seconds
[2019-06-24T09:24:29.115+0000][1][safepoint    ] Application time: 0.0000343 seconds
[2019-06-24T09:24:29.115+0000][1][safepoint    ] Entering safepoint region: RevokeBias
[2019-06-24T09:24:29.115+0000][1][safepoint    ] Leaving safepoint region
[2019-06-24T09:24:29.115+0000][1][safepoint    ] Total time for which application threads were stopped: 0.0000312 seconds, Stopping threads took: 0.0000066 seconds
[2019-06-24T09:24:29.115+0000][1][safepoint    ] Application time: 0.0000335 seconds
[2019-06-24T09:24:29.115+0000][1][safepoint    ] Entering safepoint region: RevokeBias
[2019-06-24T09:24:29.115+0000][1][safepoint    ] Leaving safepoint region
[2019-06-24T09:24:29.115+0000][1][safepoint    ] Total time for which application threads were stopped: 0.0002335 seconds, Stopping threads took: 0.0002079 seconds
[2019-06-24T09:24:29.115+0000][1][safepoint    ] Application time: 0.0000340 seconds
[2019-06-24T09:24:29.115+0000][1][safepoint    ] Entering safepoint region: RevokeBias
[2019-06-24T09:24:29.115+0000][1][safepoint    ] Leaving safepoint region
[2019-06-24T09:24:29.115+0000][1][safepoint    ] Total time for which application threads were stopped: 0.0000368 seconds, Stopping threads took: 0.0000066 seconds
[2019-06-24T09:24:29.115+0000][1][safepoint    ] Application time: 0.0000338 seconds
[2019-06-24T09:24:29.115+0000][1][safepoint    ] Entering safepoint region: RevokeBias
[2019-06-24T09:24:29.115+0000][1][safepoint    ] Leaving safepoint region
[2019-06-24T09:24:29.115+0000][1][safepoint    ] Total time for which application threads were stopped: 0.0000443 seconds, Stopping threads took: 0.0000152 seconds
[2019-06-24T09:24:29.115+0000][1][safepoint    ] Application time: 0.0000340 seconds
[2019-06-24T09:24:29.115+0000][1][safepoint    ] Entering safepoint region: RevokeBias
[2019-06-24T09:24:29.115+0000][1][safepoint    ] Leaving safepoint region
[2019-06-24T09:24:29.115+0000][1][safepoint    ] Total time for which application threads were stopped: 0.0000339 seconds, Stopping threads took: 0.0000063 seconds
[2019-06-24T09:24:29.115+0000][1][safepoint    ] Application time: 0.0000334 seconds
[2019-06-24T09:24:29.115+0000][1][safepoint    ] Entering safepoint region: RevokeBias
[2019-06-24T09:24:29.115+0000][1][safepoint    ] Leaving safepoint region
[2019-06-24T09:24:29.115+0000][1][safepoint    ] Total time for which application threads were stopped: 0.0000369 seconds, Stopping threads took: 0.0000065 seconds
[2019-06-24T09:24:29.115+0000][1][safepoint    ] Application time: 0.0000345 seconds
[2019-06-24T09:24:29.115+0000][1][safepoint    ] Entering safepoint region: RevokeBias
[2019-06-24T09:24:29.115+0000][1][safepoint    ] Leaving safepoint region
[2019-06-24T09:24:29.115+0000][1][safepoint    ] Total time for which application threads were stopped: 0.0000376 seconds, Stopping threads took: 0.0000065 seconds
[2019-06-24T09:24:29.115+0000][1][safepoint    ] Application time: 0.0000314 seconds
[2019-06-24T09:24:29.115+0000][1][safepoint    ] Entering safepoint region: RevokeBias
[2019-06-24T09:24:29.115+0000][1][safepoint    ] Leaving safepoint region
[2019-06-24T09:24:29.115+0000][1][safepoint    ] Total time for which application threads were stopped: 0.0000461 seconds, Stopping threads took: 0.0000065 seconds
[2019-06-24T09:24:29.116+0000][1][safepoint    ] Application time: 0.0000339 seconds
[2019-06-24T09:24:29.116+0000][1][safepoint    ] Entering safepoint region: RevokeBias
[2019-06-24T09:24:29.116+0000][1][safepoint    ] Leaving safepoint region
[2019-06-24T09:24:29.116+0000][1][safepoint    ] Total time for which application threads were stopped: 0.0000358 seconds, Stopping threads took: 0.0000065 seconds
[2019-06-24T09:24:29.116+0000][1][safepoint    ] Application time: 0.0000303 seconds
[2019-06-24T09:24:29.116+0000][1][safepoint    ] Entering safepoint region: RevokeBias
[2019-06-24T09:24:29.116+0000][1][safepoint    ] Leaving safepoint region
[2019-06-24T09:24:29.116+0000][1][safepoint    ] Total time for which application threads were stopped: 0.0000450 seconds, Stopping threads took: 0.0000065 seconds
[2019-06-24T09:24:29.116+0000][1][safepoint    ] Application time: 0.0000312 seconds
[2019-06-24T09:24:29.116+0000][1][safepoint    ] Entering safepoint region: RevokeBias
[2019-06-24T09:24:29.116+0000][1][safepoint    ] Leaving safepoint region
[2019-06-24T09:24:29.116+0000][1][safepoint    ] Total time for which application threads were stopped: 0.0000367 seconds, Stopping threads took: 0.0000064 seconds
[2019-06-24T09:24:29.116+0000][1][safepoint    ] Application time: 0.0000322 seconds
[2019-06-24T09:24:29.116+0000][1][safepoint    ] Entering safepoint region: BulkRevokeBias
[2019-06-24T09:24:29.116+0000][1][safepoint    ] Leaving safepoint region
[2019-06-24T09:24:29.116+0000][1][safepoint    ] Total time for which application threads were stopped: 0.0000945 seconds, Stopping threads took: 0.0000065 seconds
[2019-06-24T09:24:29.116+0000][1][safepoint    ] Application time: 0.0002242 seconds
[2019-06-24T09:24:29.116+0000][1][safepoint    ] Entering safepoint region: RevokeBias
[2019-06-24T09:24:29.116+0000][1][safepoint    ] Leaving safepoint region
[2019-06-24T09:24:29.116+0000][1][safepoint    ] Total time for which application threads were stopped: 0.0000603 seconds, Stopping threads took: 0.0000114 seconds
[2019-06-24T09:24:29.116+0000][1][safepoint    ] Application time: 0.0001720 seconds
[2019-06-24T09:24:29.116+0000][1][safepoint    ] Entering safepoint region: RevokeBias
[2019-06-24T09:24:29.117+0000][1][safepoint    ] Leaving safepoint region
[2019-06-24T09:24:29.117+0000][1][safepoint    ] Total time for which application threads were stopped: 0.0001393 seconds, Stopping threads took: 0.0001035 seconds
[2019-06-24T09:24:29.117+0000][1][safepoint    ] Application time: 0.0000401 seconds
[2019-06-24T09:24:29.117+0000][1][safepoint    ] Entering safepoint region: RevokeBias
[2019-06-24T09:24:29.117+0000][1][safepoint    ] Leaving safepoint region
[2019-06-24T09:24:29.117+0000][1][safepoint    ] Total time for which application threads were stopped: 0.0000546 seconds, Stopping threads took: 0.0000261 seconds
[2019-06-24T09:24:29.117+0000][1][safepoint    ] Application time: 0.0000392 seconds
[2019-06-24T09:24:29.117+0000][1][safepoint    ] Entering safepoint region: RevokeBias
[2019-06-24T09:24:29.117+0000][1][safepoint    ] Leaving safepoint region
[2019-06-24T09:24:29.117+0000][1][safepoint    ] Total time for which application threads were stopped: 0.0000526 seconds, Stopping threads took: 0.0000263 seconds
[2019-06-24T09:24:29.117+0000][1][safepoint    ] Application time: 0.0000388 seconds
[2019-06-24T09:24:29.117+0000][1][safepoint    ] Entering safepoint region: RevokeBias
[2019-06-24T09:24:29.117+0000][1][safepoint    ] Leaving safepoint region
[2019-06-24T09:24:29.117+0000][1][safepoint    ] Total time for which application threads were stopped: 0.0000496 seconds, Stopping threads took: 0.0000242 seconds
[2019-06-24T09:24:29.117+0000][1][safepoint    ] Application time: 0.0000383 seconds
[2019-06-24T09:24:29.117+0000][1][safepoint    ] Entering safepoint region: RevokeBias
[2019-06-24T09:24:29.117+0000][1][safepoint    ] Leaving safepoint region
[2019-06-24T09:24:29.117+0000][1][safepoint    ] Total time for which application threads were stopped: 0.0000703 seconds, Stopping threads took: 0.0000385 seconds
[2019-06-24T09:24:29.117+0000][1][safepoint    ] Application time: 0.0000370 seconds
[2019-06-24T09:24:29.117+0000][1][safepoint    ] Entering safepoint region: RevokeBias
[2019-06-24T09:24:29.117+0000][1][safepoint    ] Leaving safepoint region
[2019-06-24T09:24:29.117+0000][1][safepoint    ] Total time for which application threads were stopped: 0.0000904 seconds, Stopping threads took: 0.0000514 seconds
[2019-06-24T09:24:29.117+0000][1][safepoint    ] Application time: 0.0000400 seconds
[2019-06-24T09:24:29.117+0000][1][safepoint    ] Entering safepoint region: BulkRevokeBias
[2019-06-24T09:24:29.117+0000][1][safepoint    ] Leaving safepoint region
[2019-06-24T09:24:29.117+0000][1][safepoint    ] Total time for which application threads were stopped: 0.0001239 seconds, Stopping threads took: 0.0000425 seconds
[2019-06-24T09:24:29.117+0000][1][safepoint    ] Application time: 0.0001345 seconds
[2019-06-24T09:24:29.117+0000][1][safepoint    ] Entering safepoint region: RevokeBias
[2019-06-24T09:24:29.117+0000][1][safepoint    ] Leaving safepoint region
[2019-06-24T09:24:29.117+0000][1][safepoint    ] Total time for which application threads were stopped: 0.0000577 seconds, Stopping threads took: 0.0000254 seconds
[2019-06-24T09:24:29.118+0000][1][safepoint    ] Application time: 0.0001702 seconds
[2019-06-24T09:24:29.118+0000][1][safepoint    ] Entering safepoint region: RevokeBias
[2019-06-24T09:24:29.118+0000][1][safepoint    ] Leaving safepoint region
[2019-06-24T09:24:29.118+0000][1][safepoint    ] Total time for which application threads were stopped: 0.0000938 seconds, Stopping threads took: 0.0000405 seconds
[2019-06-24T09:24:29.118+0000][1][safepoint    ] Application time: 0.0000516 seconds
[2019-06-24T09:24:29.118+0000][1][safepoint    ] Entering safepoint region: RevokeBias
[2019-06-24T09:24:29.118+0000][1][safepoint    ] Leaving safepoint region
[2019-06-24T09:24:29.118+0000][1][safepoint    ] Total time for which application threads were stopped: 0.0000968 seconds, Stopping threads took: 0.0000443 seconds
[2019-06-24T09:24:29.118+0000][1][safepoint    ] Application time: 0.0000373 seconds
[2019-06-24T09:24:29.118+0000][1][safepoint    ] Entering safepoint region: RevokeBias
[2019-06-24T09:24:29.118+0000][1][safepoint    ] Leaving safepoint region
[2019-06-24T09:24:29.118+0000][1][safepoint    ] Total time for which application threads were stopped: 0.0001075 seconds, Stopping threads took: 0.0000576 seconds
[2019-06-24T09:24:29.118+0000][1][safepoint    ] Application time: 0.0000384 seconds
[2019-06-24T09:24:29.118+0000][1][safepoint    ] Entering safepoint region: RevokeBias
[2019-06-24T09:24:29.118+0000][1][safepoint    ] Leaving safepoint region
[2019-06-24T09:24:29.118+0000][1][safepoint    ] Total time for which application threads were stopped: 0.0000648 seconds, Stopping threads took: 0.0000270 seconds
[2019-06-24T09:24:29.119+0000][1][safepoint    ] Application time: 0.0003995 seconds
[2019-06-24T09:24:29.119+0000][1][safepoint    ] Entering safepoint region: RevokeBias
[2019-06-24T09:24:29.119+0000][1][safepoint    ] Leaving safepoint region
[2019-06-24T09:24:29.119+0000][1][safepoint    ] Total time for which application threads were stopped: 0.0000942 seconds, Stopping threads took: 0.0000356 seconds
[2019-06-24T09:24:29.119+0000][1][safepoint    ] Application time: 0.0001165 seconds
[2019-06-24T09:24:29.119+0000][1][safepoint    ] Entering safepoint region: RevokeBias
[2019-06-24T09:24:29.119+0000][1][safepoint    ] Leaving safepoint region
[2019-06-24T09:24:29.119+0000][1][safepoint    ] Total time for which application threads were stopped: 0.0000558 seconds, Stopping threads took: 0.0000247 seconds
[2019-06-24T09:24:29.119+0000][1][safepoint    ] Application time: 0.0002859 seconds
[2019-06-24T09:24:29.119+0000][1][safepoint    ] Entering safepoint region: RevokeBias
[2019-06-24T09:24:29.119+0000][1][safepoint    ] Leaving safepoint region
[2019-06-24T09:24:29.119+0000][1][safepoint    ] Total time for which application threads were stopped: 0.0001225 seconds, Stopping threads took: 0.0000712 seconds
[2019-06-24T09:24:29.120+0000][1][safepoint    ] Application time: 0.0003615 seconds
[2019-06-24T09:24:29.120+0000][1][safepoint    ] Entering safepoint region: RevokeBias
[2019-06-24T09:24:29.120+0000][1][safepoint    ] Leaving safepoint region
[2019-06-24T09:24:29.120+0000][1][safepoint    ] Total time for which application threads were stopped: 0.0002466 seconds, Stopping threads took: 0.0001975 seconds
[2019-06-24T09:24:29.120+0000][1][safepoint    ] Application time: 0.0004576 seconds
[2019-06-24T09:24:29.120+0000][1][safepoint    ] Entering safepoint region: RevokeBias
[2019-06-24T09:24:29.121+0000][1][safepoint    ] Leaving safepoint region
[2019-06-24T09:24:29.121+0000][1][safepoint    ] Total time for which application threads were stopped: 0.0000737 seconds, Stopping threads took: 0.0000089 seconds
[2019-06-24T09:24:29.121+0000][1][safepoint    ] Application time: 0.0001156 seconds
[2019-06-24T09:24:29.121+0000][1][safepoint    ] Entering safepoint region: RevokeBias
[2019-06-24T09:24:29.121+0000][1][safepoint    ] Leaving safepoint region
[2019-06-24T09:24:29.121+0000][1][safepoint    ] Total time for which application threads were stopped: 0.0000822 seconds, Stopping threads took: 0.0000288 seconds
[2019-06-24T09:24:29.121+0000][1][safepoint    ] Application time: 0.0001559 seconds
[2019-06-24T09:24:29.121+0000][1][safepoint    ] Entering safepoint region: RevokeBias
[2019-06-24T09:24:29.121+0000][1][safepoint    ] Leaving safepoint region
[2019-06-24T09:24:29.121+0000][1][safepoint    ] Total time for which application threads were stopped: 0.0000606 seconds, Stopping threads took: 0.0000130 seconds
[2019-06-24T09:24:29.121+0000][1][safepoint    ] Application time: 0.0002181 seconds
[2019-06-24T09:24:29.122+0000][1][safepoint    ] Entering safepoint region: RevokeBias
[2019-06-24T09:24:29.122+0000][1][safepoint    ] Leaving safepoint region
[2019-06-24T09:24:29.122+0000][1][safepoint    ] Total time for which application threads were stopped: 0.0003255 seconds, Stopping threads took: 0.0002797 seconds
[2019-06-24T09:24:29.123+0000][1][safepoint    ] Application time: 0.0016748 seconds
[2019-06-24T09:24:29.123+0000][1][safepoint    ] Entering safepoint region: RevokeBias
[2019-06-24T09:24:29.123+0000][1][safepoint    ] Leaving safepoint region
[2019-06-24T09:24:29.123+0000][1][safepoint    ] Total time for which application threads were stopped: 0.0002056 seconds, Stopping threads took: 0.0001411 seconds
[2019-06-24T09:24:29.124+0000][1][safepoint    ] Application time: 0.0000521 seconds
[2019-06-24T09:24:29.124+0000][1][safepoint    ] Entering safepoint region: RevokeBias
[2019-06-24T09:24:29.124+0000][1][safepoint    ] Leaving safepoint region
[2019-06-24T09:24:29.124+0000][1][safepoint    ] Total time for which application threads were stopped: 0.0001618 seconds, Stopping threads took: 0.0001100 seconds
[2019-06-24T09:24:29.126+0000][1][safepoint    ] Application time: 0.0020805 seconds
[2019-06-24T09:24:29.126+0000][1][safepoint    ] Entering safepoint region: RevokeBias
[2019-06-24T09:24:29.126+0000][1][safepoint    ] Leaving safepoint region
[2019-06-24T09:24:29.126+0000][1][safepoint    ] Total time for which application threads were stopped: 0.0001346 seconds, Stopping threads took: 0.0000731 seconds
[2019-06-24T09:24:29.126+0000][1][safepoint    ] Application time: 0.0000493 seconds
[2019-06-24T09:24:29.126+0000][1][safepoint    ] Entering safepoint region: RevokeBias
[2019-06-24T09:24:29.126+0000][1][safepoint    ] Leaving safepoint region
[2019-06-24T09:24:29.126+0000][1][safepoint    ] Total time for which application threads were stopped: 0.0001530 seconds, Stopping threads took: 0.0000825 seconds
[2019-06-24T09:24:29.126+0000][1][safepoint    ] Application time: 0.0002429 seconds
[2019-06-24T09:24:29.127+0000][1][safepoint    ] Entering safepoint region: RevokeBias
[2019-06-24T09:24:29.127+0000][1][safepoint    ] Leaving safepoint region
[2019-06-24T09:24:29.127+0000][1][safepoint    ] Total time for which application threads were stopped: 0.0000749 seconds, Stopping threads took: 0.0000315 seconds
[2019-06-24T09:24:29.143+0000][1][safepoint    ] Application time: 0.0163782 seconds
[2019-06-24T09:24:29.143+0000][1][safepoint    ] Entering safepoint region: GenCollectForAllocation
[2019-06-24T09:24:29.143+0000][1][gc,start     ] GC(19) Pause Young (Allocation Failure)
[2019-06-24T09:24:29.143+0000][1][gc,task      ] GC(19) Using 5 workers of 8 for evacuation
[2019-06-24T09:24:29.148+0000][1][gc,age       ] GC(19) Desired survivor size 4456448 bytes, new threshold 2 (max threshold 6)
[2019-06-24T09:24:29.148+0000][1][gc,age       ] GC(19) Age table with threshold 2 (max threshold 6)
[2019-06-24T09:24:29.148+0000][1][gc,age       ] GC(19) - age   1:    3116800 bytes,    3116800 total
[2019-06-24T09:24:29.148+0000][1][gc,age       ] GC(19) - age   2:    3660784 bytes,    6777584 total
[2019-06-24T09:24:29.148+0000][1][gc,age       ] GC(19) - age   3:     295944 bytes,    7073528 total
[2019-06-24T09:24:29.148+0000][1][gc,heap      ] GC(19) ParNew: 74795K->8704K(78656K)
[2019-06-24T09:24:29.148+0000][1][gc,heap      ] GC(19) CMS: 55264K->55264K(174784K)
[2019-06-24T09:24:29.148+0000][1][gc,metaspace ] GC(19) Metaspace: 47078K->47078K(1093632K)
[2019-06-24T09:24:29.148+0000][1][gc           ] GC(19) Pause Young (Allocation Failure) 127M->62M(247M) 5.120ms
[2019-06-24T09:24:29.148+0000][1][gc,cpu       ] GC(19) User=0.03s Sys=0.00s Real=0.00s
[2019-06-24T09:24:29.148+0000][1][safepoint    ] Leaving safepoint region
[2019-06-24T09:24:29.148+0000][1][safepoint    ] Total time for which application threads were stopped: 0.0052543 seconds, Stopping threads took: 0.0000121 seconds
[2019-06-24T09:24:29.179+0000][1][safepoint    ] Application time: 0.0309428 seconds
[2019-06-24T09:24:29.179+0000][1][safepoint    ] Entering safepoint region: RevokeBias
[2019-06-24T09:24:29.179+0000][1][safepoint    ] Leaving safepoint region
[2019-06-24T09:24:29.179+0000][1][safepoint    ] Total time for which application threads were stopped: 0.0000644 seconds, Stopping threads took: 0.0000143 seconds
[2019-06-24T09:24:29.358+0000][1][safepoint    ] Application time: 0.1784511 seconds
[2019-06-24T09:24:29.358+0000][1][safepoint    ] Entering safepoint region: RevokeBias
[2019-06-24T09:24:29.358+0000][1][safepoint    ] Leaving safepoint region
[2019-06-24T09:24:29.358+0000][1][safepoint    ] Total time for which application threads were stopped: 0.0000670 seconds, Stopping threads took: 0.0000254 seconds
[2019-06-24T09:24:29.398+0000][1][safepoint    ] Application time: 0.0400695 seconds
[2019-06-24T09:24:29.398+0000][1][safepoint    ] Entering safepoint region: RevokeBias
[2019-06-24T09:24:29.398+0000][1][safepoint    ] Leaving safepoint region
[2019-06-24T09:24:29.398+0000][1][safepoint    ] Total time for which application threads were stopped: 0.0000586 seconds, Stopping threads took: 0.0000126 seconds
[2019-06-24T09:24:29.404+0000][1][safepoint    ] Application time: 0.0055733 seconds
[2019-06-24T09:24:29.404+0000][1][safepoint    ] Entering safepoint region: RevokeBias
[2019-06-24T09:24:29.404+0000][1][safepoint    ] Leaving safepoint region
[2019-06-24T09:24:29.404+0000][1][safepoint    ] Total time for which application threads were stopped: 0.0000483 seconds, Stopping threads took: 0.0000120 seconds
[2019-06-24T09:24:29.414+0000][1][safepoint    ] Application time: 0.0107486 seconds
[2019-06-24T09:24:29.415+0000][1][safepoint    ] Entering safepoint region: RevokeBias
[2019-06-24T09:24:29.415+0000][1][safepoint    ] Leaving safepoint region
[2019-06-24T09:24:29.415+0000][1][safepoint    ] Total time for which application threads were stopped: 0.0000471 seconds, Stopping threads took: 0.0000121 seconds
[2019-06-24T09:24:29.424+0000][1][safepoint    ] Application time: 0.0095840 seconds
[2019-06-24T09:24:29.424+0000][1][safepoint    ] Entering safepoint region: RevokeBias
[2019-06-24T09:24:29.424+0000][1][safepoint    ] Leaving safepoint region
[2019-06-24T09:24:29.424+0000][1][safepoint    ] Total time for which application threads were stopped: 0.0000480 seconds, Stopping threads took: 0.0000123 seconds
[2019-06-24T09:24:29.643+0000][1][safepoint    ] Application time: 0.2183578 seconds
[2019-06-24T09:24:29.643+0000][1][safepoint    ] Entering safepoint region: GenCollectForAllocation
[2019-06-24T09:24:29.643+0000][1][gc,start     ] GC(20) Pause Young (Allocation Failure)
[2019-06-24T09:24:29.643+0000][1][gc,task      ] GC(20) Using 5 workers of 8 for evacuation
[2019-06-24T09:24:29.652+0000][1][gc,age       ] GC(20) Desired survivor size 4456448 bytes, new threshold 2 (max threshold 6)
[2019-06-24T09:24:29.652+0000][1][gc,age       ] GC(20) Age table with threshold 2 (max threshold 6)
[2019-06-24T09:24:29.652+0000][1][gc,age       ] GC(20) - age   1:    1481080 bytes,    1481080 total
[2019-06-24T09:24:29.652+0000][1][gc,age       ] GC(20) - age   2:    3055216 bytes,    4536296 total
[2019-06-24T09:24:29.652+0000][1][gc,heap      ] GC(20) ParNew: 78656K->7238K(78656K)
[2019-06-24T09:24:29.652+0000][1][gc,heap      ] GC(20) CMS: 55264K->59231K(174784K)
[2019-06-24T09:24:29.652+0000][1][gc,metaspace ] GC(20) Metaspace: 53655K->53655K(1097728K)
[2019-06-24T09:24:29.652+0000][1][gc           ] GC(20) Pause Young (Allocation Failure) 130M->64M(247M) 9.650ms
[2019-06-24T09:24:29.652+0000][1][gc,cpu       ] GC(20) User=0.05s Sys=0.00s Real=0.00s
[2019-06-24T09:24:29.652+0000][1][safepoint    ] Leaving safepoint region
[2019-06-24T09:24:29.652+0000][1][safepoint    ] Total time for which application threads were stopped: 0.0098393 seconds, Stopping threads took: 0.0000152 seconds
[2019-06-24T09:24:29.694+0000][1][safepoint    ] Application time: 0.0416819 seconds
[2019-06-24T09:24:29.694+0000][1][safepoint    ] Entering safepoint region: RevokeBias
[2019-06-24T09:24:29.695+0000][1][safepoint    ] Leaving safepoint region
[2019-06-24T09:24:29.695+0000][1][safepoint    ] Total time for which application threads were stopped: 0.0003911 seconds, Stopping threads took: 0.0000127 seconds
[2019-06-24T09:24:29.821+0000][1][safepoint    ] Application time: 0.1267594 seconds
[2019-06-24T09:24:29.821+0000][1][safepoint    ] Entering safepoint region: Deoptimize
[2019-06-24T09:24:29.822+0000][1][safepoint    ] Leaving safepoint region
[2019-06-24T09:24:29.822+0000][1][safepoint    ] Total time for which application threads were stopped: 0.0007855 seconds, Stopping threads took: 0.0000119 seconds
[2019-06-24T09:24:29.829+0000][1][safepoint    ] Application time: 0.0069782 seconds
[2019-06-24T09:24:29.829+0000][1][safepoint    ] Entering safepoint region: RevokeBias
[2019-06-24T09:24:29.829+0000][1][safepoint    ] Leaving safepoint region
[2019-06-24T09:24:29.829+0000][1][safepoint    ] Total time for which application threads were stopped: 0.0000519 seconds, Stopping threads took: 0.0000107 seconds
[2019-06-24T09:24:29.852+0000][1][safepoint    ] Application time: 0.0224947 seconds
[2019-06-24T09:24:29.852+0000][1][safepoint    ] Entering safepoint region: RevokeBias
[2019-06-24T09:24:29.852+0000][1][safepoint    ] Leaving safepoint region
[2019-06-24T09:24:29.852+0000][1][safepoint    ] Total time for which application threads were stopped: 0.0000704 seconds, Stopping threads took: 0.0000119 seconds
[2019-06-24T09:24:29.852+0000][1][safepoint    ] Application time: 0.0000793 seconds
[2019-06-24T09:24:29.852+0000][1][safepoint    ] Entering safepoint region: RevokeBias
[2019-06-24T09:24:29.852+0000][1][safepoint    ] Leaving safepoint region
[2019-06-24T09:24:29.852+0000][1][safepoint    ] Total time for which application threads were stopped: 0.0000385 seconds, Stopping threads took: 0.0000076 seconds
[2019-06-24T09:24:29.852+0000][1][safepoint    ] Application time: 0.0000856 seconds
[2019-06-24T09:24:29.852+0000][1][safepoint    ] Entering safepoint region: RevokeBias
[2019-06-24T09:24:29.852+0000][1][safepoint    ] Leaving safepoint region
[2019-06-24T09:24:29.852+0000][1][safepoint    ] Total time for which application threads were stopped: 0.0001527 seconds, Stopping threads took: 0.0001186 seconds
[2019-06-24T09:24:29.854+0000][1][safepoint    ] Application time: 0.0019795 seconds
[2019-06-24T09:24:29.854+0000][1][safepoint    ] Entering safepoint region: RevokeBias
[2019-06-24T09:24:29.854+0000][1][safepoint    ] Leaving safepoint region
[2019-06-24T09:24:29.854+0000][1][safepoint    ] Total time for which application threads were stopped: 0.0000519 seconds, Stopping threads took: 0.0000102 seconds
[2019-06-24T09:24:29.891+0000][1][safepoint    ] Application time: 0.0365966 seconds
[2019-06-24T09:24:29.891+0000][1][safepoint    ] Entering safepoint region: RevokeBias
[2019-06-24T09:24:29.892+0000][1][safepoint    ] Leaving safepoint region
[2019-06-24T09:24:29.892+0000][1][safepoint    ] Total time for which application threads were stopped: 0.0008336 seconds, Stopping threads took: 0.0000118 seconds
[2019-06-24T09:24:29.892+0000][1][safepoint    ] Application time: 0.0001882 seconds
[2019-06-24T09:24:29.892+0000][1][safepoint    ] Entering safepoint region: RevokeBias
[2019-06-24T09:24:29.892+0000][1][safepoint    ] Leaving safepoint region
[2019-06-24T09:24:29.892+0000][1][safepoint    ] Total time for which application threads were stopped: 0.0000348 seconds, Stopping threads took: 0.0000087 seconds
[2019-06-24T09:24:29.893+0000][1][safepoint    ] Application time: 0.0010727 seconds
[2019-06-24T09:24:29.893+0000][1][safepoint    ] Entering safepoint region: RevokeBias
[2019-06-24T09:24:29.893+0000][1][safepoint    ] Leaving safepoint region
[2019-06-24T09:24:29.893+0000][1][safepoint    ] Total time for which application threads were stopped: 0.0000407 seconds, Stopping threads took: 0.0000096 seconds
[2019-06-24T09:24:29.909+0000][1][safepoint    ] Application time: 0.0156274 seconds
[2019-06-24T09:24:29.909+0000][1][safepoint    ] Entering safepoint region: RevokeBias
[2019-06-24T09:24:29.909+0000][1][safepoint    ] Leaving safepoint region
[2019-06-24T09:24:29.909+0000][1][safepoint    ] Total time for which application threads were stopped: 0.0001676 seconds, Stopping threads took: 0.0001229 seconds
[2019-06-24T09:24:29.932+0000][1][safepoint    ] Application time: 0.0233012 seconds
[2019-06-24T09:24:29.932+0000][1][safepoint    ] Entering safepoint region: RevokeBias
[2019-06-24T09:24:29.932+0000][1][safepoint    ] Leaving safepoint region
[2019-06-24T09:24:29.932+0000][1][safepoint    ] Total time for which application threads were stopped: 0.0000456 seconds, Stopping threads took: 0.0000105 seconds
[2019-06-24T09:24:29.987+0000][1][safepoint    ] Application time: 0.0543181 seconds
[2019-06-24T09:24:29.987+0000][1][safepoint    ] Entering safepoint region: RevokeBias
[2019-06-24T09:24:29.987+0000][1][safepoint    ] Leaving safepoint region
[2019-06-24T09:24:29.987+0000][1][safepoint    ] Total time for which application threads were stopped: 0.0001336 seconds, Stopping threads took: 0.0000892 seconds
[2019-06-24T09:24:30.009+0000][1][safepoint    ] Application time: 0.0220064 seconds
[2019-06-24T09:24:30.009+0000][1][safepoint    ] Entering safepoint region: Deoptimize
[2019-06-24T09:24:30.009+0000][1][safepoint    ] Leaving safepoint region
[2019-06-24T09:24:30.009+0000][1][safepoint    ] Total time for which application threads were stopped: 0.0003495 seconds, Stopping threads took: 0.0000118 seconds
[2019-06-24T09:24:30.048+0000][1][safepoint    ] Application time: 0.0387216 seconds
[2019-06-24T09:24:30.048+0000][1][safepoint    ] Entering safepoint region: RevokeBias
[2019-06-24T09:24:30.048+0000][1][safepoint    ] Leaving safepoint region
[2019-06-24T09:24:30.048+0000][1][safepoint    ] Total time for which application threads were stopped: 0.0001195 seconds, Stopping threads took: 0.0000410 seconds
[2019-06-24T09:24:30.049+0000][1][safepoint    ] Application time: 0.0005057 seconds
[2019-06-24T09:24:30.049+0000][1][safepoint    ] Entering safepoint region: RevokeBias
[2019-06-24T09:24:30.049+0000][1][safepoint    ] Leaving safepoint region
[2019-06-24T09:24:30.049+0000][1][safepoint    ] Total time for which application threads were stopped: 0.0001154 seconds, Stopping threads took: 0.0000388 seconds
[2019-06-24T09:24:30.049+0000][1][safepoint    ] Application time: 0.0002679 seconds
[2019-06-24T09:24:30.049+0000][1][safepoint    ] Entering safepoint region: RevokeBias
[2019-06-24T09:24:30.049+0000][1][safepoint    ] Leaving safepoint region
[2019-06-24T09:24:30.049+0000][1][safepoint    ] Total time for which application threads were stopped: 0.0001474 seconds, Stopping threads took: 0.0000973 seconds
[2019-06-24T09:24:30.050+0000][1][safepoint    ] Application time: 0.0002901 seconds
[2019-06-24T09:24:30.050+0000][1][safepoint    ] Entering safepoint region: RevokeBias
[2019-06-24T09:24:30.050+0000][1][safepoint    ] Leaving safepoint region
[2019-06-24T09:24:30.050+0000][1][safepoint    ] Total time for which application threads were stopped: 0.0000720 seconds, Stopping threads took: 0.0000247 seconds
[2019-06-24T09:24:30.050+0000][1][safepoint    ] Application time: 0.0000929 seconds
[2019-06-24T09:24:30.050+0000][1][safepoint    ] Entering safepoint region: BulkRevokeBias
[2019-06-24T09:24:30.050+0000][1][safepoint    ] Leaving safepoint region
[2019-06-24T09:24:30.050+0000][1][safepoint    ] Total time for which application threads were stopped: 0.0001361 seconds, Stopping threads took: 0.0000362 seconds
[2019-06-24T09:24:30.325+0000][1][safepoint    ] Application time: 0.2747885 seconds
[2019-06-24T09:24:30.325+0000][1][safepoint    ] Entering safepoint region: BulkRevokeBias
[2019-06-24T09:24:30.325+0000][1][safepoint    ] Leaving safepoint region
[2019-06-24T09:24:30.325+0000][1][safepoint    ] Total time for which application threads were stopped: 0.0001353 seconds, Stopping threads took: 0.0000122 seconds
[2019-06-24T09:24:30.350+0000][1][safepoint    ] Application time: 0.0254621 seconds
[2019-06-24T09:24:30.350+0000][1][safepoint    ] Entering safepoint region: GenCollectForAllocation
[2019-06-24T09:24:30.350+0000][1][gc,start     ] GC(21) Pause Young (Allocation Failure)
[2019-06-24T09:24:30.350+0000][1][gc,task      ] GC(21) Using 5 workers of 8 for evacuation
[2019-06-24T09:24:30.358+0000][1][gc,age       ] GC(21) Desired survivor size 4456448 bytes, new threshold 2 (max threshold 6)
[2019-06-24T09:24:30.358+0000][1][gc,age       ] GC(21) Age table with threshold 2 (max threshold 6)
[2019-06-24T09:24:30.358+0000][1][gc,age       ] GC(21) - age   1:    3855584 bytes,    3855584 total
[2019-06-24T09:24:30.358+0000][1][gc,age       ] GC(21) - age   2:    1402520 bytes,    5258104 total
[2019-06-24T09:24:30.358+0000][1][gc,heap      ] GC(21) ParNew: 77190K->7727K(78656K)
[2019-06-24T09:24:30.358+0000][1][gc,heap      ] GC(21) CMS: 59231K->62283K(174784K)
[2019-06-24T09:24:30.358+0000][1][gc,metaspace ] GC(21) Metaspace: 61579K->61579K(1105920K)
[2019-06-24T09:24:30.358+0000][1][gc           ] GC(21) Pause Young (Allocation Failure) 133M->68M(247M) 7.836ms
[2019-06-24T09:24:30.358+0000][1][gc,cpu       ] GC(21) User=0.04s Sys=0.01s Real=0.01s
[2019-06-24T09:24:30.358+0000][1][safepoint    ] Leaving safepoint region
[2019-06-24T09:24:30.358+0000][1][safepoint    ] Total time for which application threads were stopped: 0.0079423 seconds, Stopping threads took: 0.0000123 seconds
[2019-06-24T09:24:30.409+0000][1][safepoint    ] Application time: 0.0507868 seconds
[2019-06-24T09:24:30.409+0000][1][safepoint    ] Entering safepoint region: Deoptimize
[2019-06-24T09:24:30.410+0000][1][safepoint    ] Leaving safepoint region
[2019-06-24T09:24:30.410+0000][1][safepoint    ] Total time for which application threads were stopped: 0.0004717 seconds, Stopping threads took: 0.0000124 seconds
[2019-06-24T09:24:30.415+0000][1][safepoint    ] Application time: 0.0054177 seconds
[2019-06-24T09:24:30.415+0000][1][safepoint    ] Entering safepoint region: RevokeBias
[2019-06-24T09:24:30.415+0000][1][safepoint    ] Leaving safepoint region
[2019-06-24T09:24:30.415+0000][1][safepoint    ] Total time for which application threads were stopped: 0.0000814 seconds, Stopping threads took: 0.0000298 seconds
[2019-06-24T09:24:30.416+0000][1][safepoint    ] Application time: 0.0004219 seconds
[2019-06-24T09:24:30.416+0000][1][safepoint    ] Entering safepoint region: RevokeBias
[2019-06-24T09:24:30.416+0000][1][safepoint    ] Leaving safepoint region
[2019-06-24T09:24:30.416+0000][1][safepoint    ] Total time for which application threads were stopped: 0.0000423 seconds, Stopping threads took: 0.0000090 seconds
[2019-06-24T09:24:30.416+0000][1][safepoint    ] Application time: 0.0007905 seconds
[2019-06-24T09:24:30.416+0000][1][safepoint    ] Entering safepoint region: RevokeBias
[2019-06-24T09:24:30.416+0000][1][safepoint    ] Leaving safepoint region
[2019-06-24T09:24:30.416+0000][1][safepoint    ] Total time for which application threads were stopped: 0.0000418 seconds, Stopping threads took: 0.0000091 seconds
[2019-06-24T09:24:30.417+0000][1][safepoint    ] Application time: 0.0003835 seconds
[2019-06-24T09:24:30.417+0000][1][safepoint    ] Entering safepoint region: RevokeBias
[2019-06-24T09:24:30.417+0000][1][safepoint    ] Leaving safepoint region
[2019-06-24T09:24:30.417+0000][1][safepoint    ] Total time for which application threads were stopped: 0.0000489 seconds, Stopping threads took: 0.0000093 seconds
[2019-06-24T09:24:30.417+0000][1][safepoint    ] Application time: 0.0001276 seconds
[2019-06-24T09:24:30.417+0000][1][safepoint    ] Entering safepoint region: RevokeBias
[2019-06-24T09:24:30.417+0000][1][safepoint    ] Leaving safepoint region
[2019-06-24T09:24:30.417+0000][1][safepoint    ] Total time for which application threads were stopped: 0.0000425 seconds, Stopping threads took: 0.0000089 seconds
[2019-06-24T09:24:30.417+0000][1][safepoint    ] Application time: 0.0002285 seconds
[2019-06-24T09:24:30.417+0000][1][safepoint    ] Entering safepoint region: RevokeBias
[2019-06-24T09:24:30.417+0000][1][safepoint    ] Leaving safepoint region
[2019-06-24T09:24:30.417+0000][1][safepoint    ] Total time for which application threads were stopped: 0.0000469 seconds, Stopping threads took: 0.0000090 seconds
[2019-06-24T09:24:30.418+0000][1][safepoint    ] Application time: 0.0001840 seconds
[2019-06-24T09:24:30.418+0000][1][safepoint    ] Entering safepoint region: RevokeBias
[2019-06-24T09:24:30.418+0000][1][safepoint    ] Leaving safepoint region
[2019-06-24T09:24:30.418+0000][1][safepoint    ] Total time for which application threads were stopped: 0.0000400 seconds, Stopping threads took: 0.0000092 seconds
[2019-06-24T09:24:30.418+0000][1][safepoint    ] Application time: 0.0001614 seconds
[2019-06-24T09:24:30.418+0000][1][safepoint    ] Entering safepoint region: RevokeBias
[2019-06-24T09:24:30.418+0000][1][safepoint    ] Leaving safepoint region
[2019-06-24T09:24:30.418+0000][1][safepoint    ] Total time for which application threads were stopped: 0.0000424 seconds, Stopping threads took: 0.0000093 seconds
[2019-06-24T09:24:30.418+0000][1][safepoint    ] Application time: 0.0000331 seconds
[2019-06-24T09:24:30.418+0000][1][safepoint    ] Entering safepoint region: RevokeBias
[2019-06-24T09:24:30.418+0000][1][safepoint    ] Leaving safepoint region
[2019-06-24T09:24:30.418+0000][1][safepoint    ] Total time for which application threads were stopped: 0.0000332 seconds, Stopping threads took: 0.0000069 seconds
[2019-06-24T09:24:30.418+0000][1][safepoint    ] Application time: 0.0004068 seconds
[2019-06-24T09:24:30.418+0000][1][safepoint    ] Entering safepoint region: RevokeBias
[2019-06-24T09:24:30.418+0000][1][safepoint    ] Leaving safepoint region
[2019-06-24T09:24:30.418+0000][1][safepoint    ] Total time for which application threads were stopped: 0.0000394 seconds, Stopping threads took: 0.0000091 seconds
[2019-06-24T09:24:30.419+0000][1][safepoint    ] Application time: 0.0007671 seconds
[2019-06-24T09:24:30.419+0000][1][safepoint    ] Entering safepoint region: RevokeBias
[2019-06-24T09:24:30.419+0000][1][safepoint    ] Leaving safepoint region
[2019-06-24T09:24:30.419+0000][1][safepoint    ] Total time for which application threads were stopped: 0.0000447 seconds, Stopping threads took: 0.0000093 seconds
[2019-06-24T09:24:30.419+0000][1][safepoint    ] Application time: 0.0001685 seconds
[2019-06-24T09:24:30.419+0000][1][safepoint    ] Entering safepoint region: RevokeBias
[2019-06-24T09:24:30.420+0000][1][safepoint    ] Leaving safepoint region
[2019-06-24T09:24:30.420+0000][1][safepoint    ] Total time for which application threads were stopped: 0.0000421 seconds, Stopping threads took: 0.0000089 seconds
[2019-06-24T09:24:30.421+0000][1][safepoint    ] Application time: 0.0015505 seconds
[2019-06-24T09:24:30.421+0000][1][safepoint    ] Entering safepoint region: RevokeBias
[2019-06-24T09:24:30.421+0000][1][safepoint    ] Leaving safepoint region
[2019-06-24T09:24:30.421+0000][1][safepoint    ] Total time for which application threads were stopped: 0.0000583 seconds, Stopping threads took: 0.0000266 seconds
[2019-06-24T09:24:30.421+0000][1][safepoint    ] Application time: 0.0001334 seconds
[2019-06-24T09:24:30.421+0000][1][safepoint    ] Entering safepoint region: RevokeBias
[2019-06-24T09:24:30.421+0000][1][safepoint    ] Leaving safepoint region
[2019-06-24T09:24:30.421+0000][1][safepoint    ] Total time for which application threads were stopped: 0.0000592 seconds, Stopping threads took: 0.0000255 seconds
[2019-06-24T09:24:30.422+0000][1][safepoint    ] Application time: 0.0007871 seconds
[2019-06-24T09:24:30.422+0000][1][safepoint    ] Entering safepoint region: RevokeBias
[2019-06-24T09:24:30.422+0000][1][safepoint    ] Leaving safepoint region
[2019-06-24T09:24:30.422+0000][1][safepoint    ] Total time for which application threads were stopped: 0.0002583 seconds, Stopping threads took: 0.0001873 seconds
[2019-06-24T09:24:30.423+0000][1][safepoint    ] Application time: 0.0004597 seconds
[2019-06-24T09:24:30.423+0000][1][safepoint    ] Entering safepoint region: RevokeBias
[2019-06-24T09:24:30.423+0000][1][safepoint    ] Leaving safepoint region
[2019-06-24T09:24:30.423+0000][1][safepoint    ] Total time for which application threads were stopped: 0.0001817 seconds, Stopping threads took: 0.0001007 seconds
[2019-06-24T09:24:30.423+0000][1][safepoint    ] Application time: 0.0001319 seconds
[2019-06-24T09:24:30.423+0000][1][safepoint    ] Entering safepoint region: RevokeBias
[2019-06-24T09:24:30.423+0000][1][safepoint    ] Leaving safepoint region
[2019-06-24T09:24:30.423+0000][1][safepoint    ] Total time for which application threads were stopped: 0.0001983 seconds, Stopping threads took: 0.0001464 seconds
[2019-06-24T09:24:30.424+0000][1][safepoint    ] Application time: 0.0002532 seconds
[2019-06-24T09:24:30.424+0000][1][safepoint    ] Entering safepoint region: RevokeBias
[2019-06-24T09:24:30.424+0000][1][safepoint    ] Leaving safepoint region
[2019-06-24T09:24:30.424+0000][1][safepoint    ] Total time for which application threads were stopped: 0.0001975 seconds, Stopping threads took: 0.0001247 seconds
[2019-06-24T09:24:30.424+0000][1][safepoint    ] Application time: 0.0001179 seconds
[2019-06-24T09:24:30.424+0000][1][safepoint    ] Entering safepoint region: RevokeBias
[2019-06-24T09:24:30.424+0000][1][safepoint    ] Leaving safepoint region
[2019-06-24T09:24:30.424+0000][1][safepoint    ] Total time for which application threads were stopped: 0.0001131 seconds, Stopping threads took: 0.0000394 seconds
[2019-06-24T09:24:30.425+0000][1][safepoint    ] Application time: 0.0004076 seconds
[2019-06-24T09:24:30.425+0000][1][safepoint    ] Entering safepoint region: RevokeBias
[2019-06-24T09:24:30.425+0000][1][safepoint    ] Leaving safepoint region
[2019-06-24T09:24:30.425+0000][1][safepoint    ] Total time for which application threads were stopped: 0.0001300 seconds, Stopping threads took: 0.0000789 seconds
[2019-06-24T09:24:30.427+0000][1][safepoint    ] Application time: 0.0019165 seconds
[2019-06-24T09:24:30.427+0000][1][safepoint    ] Entering safepoint region: RevokeBias
[2019-06-24T09:24:30.427+0000][1][safepoint    ] Leaving safepoint region
[2019-06-24T09:24:30.427+0000][1][safepoint    ] Total time for which application threads were stopped: 0.0001156 seconds, Stopping threads took: 0.0000454 seconds
[2019-06-24T09:24:30.427+0000][1][safepoint    ] Application time: 0.0000366 seconds
[2019-06-24T09:24:30.427+0000][1][safepoint    ] Entering safepoint region: RevokeBias
[2019-06-24T09:24:30.427+0000][1][safepoint    ] Leaving safepoint region
[2019-06-24T09:24:30.427+0000][1][safepoint    ] Total time for which application threads were stopped: 0.0000317 seconds, Stopping threads took: 0.0000075 seconds
[2019-06-24T09:24:30.427+0000][1][safepoint    ] Application time: 0.0001595 seconds
[2019-06-24T09:24:30.427+0000][1][safepoint    ] Entering safepoint region: RevokeBias
[2019-06-24T09:24:30.427+0000][1][safepoint    ] Leaving safepoint region
[2019-06-24T09:24:30.427+0000][1][safepoint    ] Total time for which application threads were stopped: 0.0002231 seconds, Stopping threads took: 0.0001486 seconds
[2019-06-24T09:24:30.428+0000][1][safepoint    ] Application time: 0.0003253 seconds
[2019-06-24T09:24:30.428+0000][1][safepoint    ] Entering safepoint region: RevokeBias
[2019-06-24T09:24:30.428+0000][1][safepoint    ] Leaving safepoint region
[2019-06-24T09:24:30.428+0000][1][safepoint    ] Total time for which application threads were stopped: 0.0000842 seconds, Stopping threads took: 0.0000336 seconds
[2019-06-24T09:24:30.431+0000][1][safepoint    ] Application time: 0.0028782 seconds
[2019-06-24T09:24:30.431+0000][1][safepoint    ] Entering safepoint region: RevokeBias
[2019-06-24T09:24:30.431+0000][1][safepoint    ] Leaving safepoint region
[2019-06-24T09:24:30.431+0000][1][safepoint    ] Total time for which application threads were stopped: 0.0002282 seconds, Stopping threads took: 0.0001079 seconds
[2019-06-24T09:24:30.431+0000][1][safepoint    ] Application time: 0.0000603 seconds
[2019-06-24T09:24:30.431+0000][1][safepoint    ] Entering safepoint region: RevokeBias
[2019-06-24T09:24:30.431+0000][1][safepoint    ] Leaving safepoint region
[2019-06-24T09:24:30.431+0000][1][safepoint    ] Total time for which application threads were stopped: 0.0002051 seconds, Stopping threads took: 0.0001487 seconds
[2019-06-24T09:24:30.432+0000][1][safepoint    ] Application time: 0.0005521 seconds
[2019-06-24T09:24:30.432+0000][1][safepoint    ] Entering safepoint region: RevokeBias
[2019-06-24T09:24:30.432+0000][1][safepoint    ] Leaving safepoint region
[2019-06-24T09:24:30.432+0000][1][safepoint    ] Total time for which application threads were stopped: 0.0001110 seconds, Stopping threads took: 0.0000390 seconds
[2019-06-24T09:24:30.432+0000][1][safepoint    ] Application time: 0.0001439 seconds
[2019-06-24T09:24:30.432+0000][1][safepoint    ] Entering safepoint region: RevokeBias
[2019-06-24T09:24:30.432+0000][1][safepoint    ] Leaving safepoint region
[2019-06-24T09:24:30.432+0000][1][safepoint    ] Total time for which application threads were stopped: 0.0001268 seconds, Stopping threads took: 0.0000933 seconds
[2019-06-24T09:24:30.433+0000][1][safepoint    ] Application time: 0.0005360 seconds
[2019-06-24T09:24:30.433+0000][1][safepoint    ] Entering safepoint region: RevokeBias
[2019-06-24T09:24:30.433+0000][1][safepoint    ] Leaving safepoint region
[2019-06-24T09:24:30.433+0000][1][safepoint    ] Total time for which application threads were stopped: 0.0001207 seconds, Stopping threads took: 0.0000504 seconds
[2019-06-24T09:24:30.433+0000][1][safepoint    ] Application time: 0.0000833 seconds
[2019-06-24T09:24:30.433+0000][1][safepoint    ] Entering safepoint region: RevokeBias
[2019-06-24T09:24:30.433+0000][1][safepoint    ] Leaving safepoint region
[2019-06-24T09:24:30.433+0000][1][safepoint    ] Total time for which application threads were stopped: 0.0001151 seconds, Stopping threads took: 0.0000859 seconds
[2019-06-24T09:24:30.434+0000][1][safepoint    ] Application time: 0.0007970 seconds
[2019-06-24T09:24:30.434+0000][1][safepoint    ] Entering safepoint region: RevokeBias
[2019-06-24T09:24:30.434+0000][1][safepoint    ] Leaving safepoint region
[2019-06-24T09:24:30.434+0000][1][safepoint    ] Total time for which application threads were stopped: 0.0000603 seconds, Stopping threads took: 0.0000083 seconds
[2019-06-24T09:24:30.434+0000][1][safepoint    ] Application time: 0.0001239 seconds
[2019-06-24T09:24:30.434+0000][1][safepoint    ] Entering safepoint region: RevokeBias
[2019-06-24T09:24:30.434+0000][1][safepoint    ] Leaving safepoint region
[2019-06-24T09:24:30.434+0000][1][safepoint    ] Total time for which application threads were stopped: 0.0000624 seconds, Stopping threads took: 0.0000352 seconds
[2019-06-24T09:24:30.434+0000][1][safepoint    ] Application time: 0.0001097 seconds
[2019-06-24T09:24:30.434+0000][1][safepoint    ] Entering safepoint region: RevokeBias
[2019-06-24T09:24:30.434+0000][1][safepoint    ] Leaving safepoint region
[2019-06-24T09:24:30.434+0000][1][safepoint    ] Total time for which application threads were stopped: 0.0000780 seconds, Stopping threads took: 0.0000402 seconds
[2019-06-24T09:24:30.438+0000][1][safepoint    ] Application time: 0.0031339 seconds
[2019-06-24T09:24:30.438+0000][1][safepoint    ] Entering safepoint region: RevokeBias
[2019-06-24T09:24:30.438+0000][1][safepoint    ] Leaving safepoint region
[2019-06-24T09:24:30.438+0000][1][safepoint    ] Total time for which application threads were stopped: 0.0000507 seconds, Stopping threads took: 0.0000270 seconds
[2019-06-24T09:24:30.444+0000][1][safepoint    ] Application time: 0.0063341 seconds
[2019-06-24T09:24:30.444+0000][1][safepoint    ] Entering safepoint region: RevokeBias
[2019-06-24T09:24:30.444+0000][1][safepoint    ] Leaving safepoint region
[2019-06-24T09:24:30.444+0000][1][safepoint    ] Total time for which application threads were stopped: 0.0000484 seconds, Stopping threads took: 0.0000122 seconds
[2019-06-24T09:24:30.444+0000][1][safepoint    ] Application time: 0.0000955 seconds
[2019-06-24T09:24:30.444+0000][1][safepoint    ] Entering safepoint region: BulkRevokeBias
[2019-06-24T09:24:30.444+0000][1][safepoint    ] Leaving safepoint region
[2019-06-24T09:24:30.444+0000][1][safepoint    ] Total time for which application threads were stopped: 0.0000992 seconds, Stopping threads took: 0.0000095 seconds
[2019-06-24T09:24:31.051+0000][1][safepoint    ] Application time: 0.6066588 seconds
[2019-06-24T09:24:31.051+0000][1][safepoint    ] Entering safepoint region: RevokeBias
[2019-06-24T09:24:31.051+0000][1][safepoint    ] Leaving safepoint region
[2019-06-24T09:24:31.051+0000][1][safepoint    ] Total time for which application threads were stopped: 0.0001834 seconds, Stopping threads took: 0.0000489 seconds
[2019-06-24T09:24:31.052+0000][1][safepoint    ] Application time: 0.0002830 seconds
[2019-06-24T09:24:31.052+0000][1][safepoint    ] Entering safepoint region: RevokeBias
[2019-06-24T09:24:31.052+0000][1][safepoint    ] Leaving safepoint region
[2019-06-24T09:24:31.052+0000][1][safepoint    ] Total time for which application threads were stopped: 0.0001091 seconds, Stopping threads took: 0.0000316 seconds
[2019-06-24T09:24:31.316+0000][1][safepoint    ] Application time: 0.2647023 seconds
[2019-06-24T09:24:31.317+0000][1][safepoint    ] Entering safepoint region: RevokeBias
[2019-06-24T09:24:31.317+0000][1][safepoint    ] Leaving safepoint region
[2019-06-24T09:24:31.317+0000][1][safepoint    ] Total time for which application threads were stopped: 0.0001432 seconds, Stopping threads took: 0.0000368 seconds
[2019-06-24T09:24:31.317+0000][1][safepoint    ] Application time: 0.0002150 seconds
[2019-06-24T09:24:31.317+0000][1][safepoint    ] Entering safepoint region: RevokeBias
[2019-06-24T09:24:31.317+0000][1][safepoint    ] Leaving safepoint region
[2019-06-24T09:24:31.317+0000][1][safepoint    ] Total time for which application threads were stopped: 0.0000918 seconds, Stopping threads took: 0.0000312 seconds
[2019-06-24T09:24:31.317+0000][1][safepoint    ] Application time: 0.0001860 seconds
[2019-06-24T09:24:31.317+0000][1][safepoint    ] Entering safepoint region: RevokeBias
[2019-06-24T09:24:31.317+0000][1][safepoint    ] Leaving safepoint region
[2019-06-24T09:24:31.317+0000][1][safepoint    ] Total time for which application threads were stopped: 0.0000908 seconds, Stopping threads took: 0.0000309 seconds
[2019-06-24T09:24:31.318+0000][1][safepoint    ] Application time: 0.0002030 seconds
[2019-06-24T09:24:31.318+0000][1][safepoint    ] Entering safepoint region: RevokeBias
[2019-06-24T09:24:31.318+0000][1][safepoint    ] Leaving safepoint region
[2019-06-24T09:24:31.318+0000][1][safepoint    ] Total time for which application threads were stopped: 0.0000911 seconds, Stopping threads took: 0.0000311 seconds
[2019-06-24T09:24:31.318+0000][1][safepoint    ] Application time: 0.0001843 seconds
[2019-06-24T09:24:31.318+0000][1][safepoint    ] Entering safepoint region: RevokeBias
[2019-06-24T09:24:31.318+0000][1][safepoint    ] Leaving safepoint region
[2019-06-24T09:24:31.318+0000][1][safepoint    ] Total time for which application threads were stopped: 0.0000901 seconds, Stopping threads took: 0.0000308 seconds
[2019-06-24T09:24:31.318+0000][1][safepoint    ] Application time: 0.0001811 seconds
[2019-06-24T09:24:31.318+0000][1][safepoint    ] Entering safepoint region: RevokeBias
[2019-06-24T09:24:31.318+0000][1][safepoint    ] Leaving safepoint region
[2019-06-24T09:24:31.318+0000][1][safepoint    ] Total time for which application threads were stopped: 0.0000913 seconds, Stopping threads took: 0.0000313 seconds
[2019-06-24T09:24:31.319+0000][1][safepoint    ] Application time: 0.0003137 seconds
[2019-06-24T09:24:31.319+0000][1][safepoint    ] Entering safepoint region: RevokeBias
[2019-06-24T09:24:31.319+0000][1][safepoint    ] Leaving safepoint region
[2019-06-24T09:24:31.319+0000][1][safepoint    ] Total time for which application threads were stopped: 0.0000904 seconds, Stopping threads took: 0.0000308 seconds
[2019-06-24T09:24:31.319+0000][1][safepoint    ] Application time: 0.0002012 seconds
[2019-06-24T09:24:31.319+0000][1][safepoint    ] Entering safepoint region: RevokeBias
[2019-06-24T09:24:31.319+0000][1][safepoint    ] Leaving safepoint region
[2019-06-24T09:24:31.319+0000][1][safepoint    ] Total time for which application threads were stopped: 0.0000669 seconds, Stopping threads took: 0.0000229 seconds
[2019-06-24T09:24:31.328+0000][1][safepoint    ] Application time: 0.0086400 seconds
[2019-06-24T09:24:31.328+0000][1][safepoint    ] Entering safepoint region: RevokeBias
[2019-06-24T09:24:31.328+0000][1][safepoint    ] Leaving safepoint region
[2019-06-24T09:24:31.328+0000][1][safepoint    ] Total time for which application threads were stopped: 0.0000878 seconds, Stopping threads took: 0.0000308 seconds
[2019-06-24T09:24:31.330+0000][1][safepoint    ] Application time: 0.0020775 seconds
[2019-06-24T09:24:31.330+0000][1][safepoint    ] Entering safepoint region: RevokeBias
[2019-06-24T09:24:31.330+0000][1][safepoint    ] Leaving safepoint region
[2019-06-24T09:24:31.330+0000][1][safepoint    ] Total time for which application threads were stopped: 0.0001582 seconds, Stopping threads took: 0.0000659 seconds
[2019-06-24T09:24:31.331+0000][1][safepoint    ] Application time: 0.0003043 seconds
[2019-06-24T09:24:31.331+0000][1][safepoint    ] Entering safepoint region: RevokeBias
[2019-06-24T09:24:31.331+0000][1][safepoint    ] Leaving safepoint region
[2019-06-24T09:24:31.331+0000][1][safepoint    ] Total time for which application threads were stopped: 0.0001058 seconds, Stopping threads took: 0.0000331 seconds
[2019-06-24T09:24:31.332+0000][1][safepoint    ] Application time: 0.0008571 seconds
[2019-06-24T09:24:31.332+0000][1][safepoint    ] Entering safepoint region: RevokeBias
[2019-06-24T09:24:31.332+0000][1][safepoint    ] Leaving safepoint region
[2019-06-24T09:24:31.332+0000][1][safepoint    ] Total time for which application threads were stopped: 0.0001180 seconds, Stopping threads took: 0.0000308 seconds
[2019-06-24T09:24:31.332+0000][1][safepoint    ] Application time: 0.0002146 seconds
[2019-06-24T09:24:31.332+0000][1][safepoint    ] Entering safepoint region: RevokeBias
[2019-06-24T09:24:31.332+0000][1][safepoint    ] Leaving safepoint region
[2019-06-24T09:24:31.332+0000][1][safepoint    ] Total time for which application threads were stopped: 0.0003122 seconds, Stopping threads took: 0.0002171 seconds
[2019-06-24T09:24:31.336+0000][1][safepoint    ] Application time: 0.0039369 seconds
[2019-06-24T09:24:31.336+0000][1][safepoint    ] Entering safepoint region: RevokeBias
[2019-06-24T09:24:31.336+0000][1][safepoint    ] Leaving safepoint region
[2019-06-24T09:24:31.336+0000][1][safepoint    ] Total time for which application threads were stopped: 0.0000504 seconds, Stopping threads took: 0.0000129 seconds
[2019-06-24T09:24:31.344+0000][1][safepoint    ] Application time: 0.0077602 seconds
[2019-06-24T09:24:31.344+0000][1][safepoint    ] Entering safepoint region: RevokeBias
[2019-06-24T09:24:31.344+0000][1][safepoint    ] Leaving safepoint region
[2019-06-24T09:24:31.344+0000][1][safepoint    ] Total time for which application threads were stopped: 0.0000623 seconds, Stopping threads took: 0.0000140 seconds
[2019-06-24T09:24:31.345+0000][1][safepoint    ] Application time: 0.0001569 seconds
[2019-06-24T09:24:31.345+0000][1][safepoint    ] Entering safepoint region: RevokeBias
[2019-06-24T09:24:31.345+0000][1][safepoint    ] Leaving safepoint region
[2019-06-24T09:24:31.345+0000][1][safepoint    ] Total time for which application threads were stopped: 0.0001314 seconds, Stopping threads took: 0.0001002 seconds
[2019-06-24T09:24:31.345+0000][1][safepoint    ] Application time: 0.0001673 seconds
[2019-06-24T09:24:31.345+0000][1][safepoint    ] Entering safepoint region: RevokeBias
[2019-06-24T09:24:31.345+0000][1][safepoint    ] Leaving safepoint region
[2019-06-24T09:24:31.345+0000][1][safepoint    ] Total time for which application threads were stopped: 0.0000399 seconds, Stopping threads took: 0.0000115 seconds
[2019-06-24T09:24:31.346+0000][1][safepoint    ] Application time: 0.0005878 seconds
[2019-06-24T09:24:31.346+0000][1][safepoint    ] Entering safepoint region: RevokeBias
[2019-06-24T09:24:31.346+0000][1][safepoint    ] Leaving safepoint region
[2019-06-24T09:24:31.346+0000][1][safepoint    ] Total time for which application threads were stopped: 0.0000540 seconds, Stopping threads took: 0.0000224 seconds
[2019-06-24T09:24:31.346+0000][1][safepoint    ] Application time: 0.0001778 seconds
[2019-06-24T09:24:31.346+0000][1][safepoint    ] Entering safepoint region: RevokeBias
[2019-06-24T09:24:31.346+0000][1][safepoint    ] Leaving safepoint region
[2019-06-24T09:24:31.346+0000][1][safepoint    ] Total time for which application threads were stopped: 0.0000427 seconds, Stopping threads took: 0.0000112 seconds
[2019-06-24T09:24:31.346+0000][1][safepoint    ] Application time: 0.0001412 seconds
[2019-06-24T09:24:31.346+0000][1][safepoint    ] Entering safepoint region: RevokeBias
[2019-06-24T09:24:31.346+0000][1][safepoint    ] Leaving safepoint region
[2019-06-24T09:24:31.346+0000][1][safepoint    ] Total time for which application threads were stopped: 0.0000431 seconds, Stopping threads took: 0.0000110 seconds
[2019-06-24T09:24:31.347+0000][1][safepoint    ] Application time: 0.0005202 seconds
[2019-06-24T09:24:31.347+0000][1][safepoint    ] Entering safepoint region: RevokeBias
[2019-06-24T09:24:31.347+0000][1][safepoint    ] Leaving safepoint region
[2019-06-24T09:24:31.347+0000][1][safepoint    ] Total time for which application threads were stopped: 0.0000467 seconds, Stopping threads took: 0.0000136 seconds
[2019-06-24T09:24:31.347+0000][1][safepoint    ] Application time: 0.0004782 seconds
[2019-06-24T09:24:31.347+0000][1][safepoint    ] Entering safepoint region: RevokeBias
[2019-06-24T09:24:31.347+0000][1][safepoint    ] Leaving safepoint region
[2019-06-24T09:24:31.347+0000][1][safepoint    ] Total time for which application threads were stopped: 0.0000367 seconds, Stopping threads took: 0.0000093 seconds
[2019-06-24T09:24:31.347+0000][1][safepoint    ] Application time: 0.0001856 seconds
[2019-06-24T09:24:31.347+0000][1][safepoint    ] Entering safepoint region: BulkRevokeBias
[2019-06-24T09:24:31.347+0000][1][safepoint    ] Leaving safepoint region
[2019-06-24T09:24:31.347+0000][1][safepoint    ] Total time for which application threads were stopped: 0.0001128 seconds, Stopping threads took: 0.0000267 seconds
[2019-06-24T09:24:31.348+0000][1][safepoint    ] Application time: 0.0001192 seconds
[2019-06-24T09:24:31.348+0000][1][safepoint    ] Entering safepoint region: RevokeBias
[2019-06-24T09:24:31.348+0000][1][safepoint    ] Leaving safepoint region
[2019-06-24T09:24:31.348+0000][1][safepoint    ] Total time for which application threads were stopped: 0.0000323 seconds, Stopping threads took: 0.0000112 seconds
[2019-06-24T09:24:31.348+0000][1][safepoint    ] Application time: 0.0004252 seconds
[2019-06-24T09:24:31.348+0000][1][safepoint    ] Entering safepoint region: RevokeBias
[2019-06-24T09:24:31.348+0000][1][safepoint    ] Leaving safepoint region
[2019-06-24T09:24:31.348+0000][1][safepoint    ] Total time for which application threads were stopped: 0.0000414 seconds, Stopping threads took: 0.0000114 seconds
[2019-06-24T09:24:31.348+0000][1][safepoint    ] Application time: 0.0002885 seconds
[2019-06-24T09:24:31.349+0000][1][safepoint    ] Entering safepoint region: RevokeBias
[2019-06-24T09:24:31.349+0000][1][safepoint    ] Leaving safepoint region
[2019-06-24T09:24:31.349+0000][1][safepoint    ] Total time for which application threads were stopped: 0.0001932 seconds, Stopping threads took: 0.0001611 seconds
[2019-06-24T09:24:31.350+0000][1][safepoint    ] Application time: 0.0010017 seconds
[2019-06-24T09:24:31.350+0000][1][safepoint    ] Entering safepoint region: RevokeBias
[2019-06-24T09:24:31.350+0000][1][safepoint    ] Leaving safepoint region
[2019-06-24T09:24:31.350+0000][1][safepoint    ] Total time for which application threads were stopped: 0.0000635 seconds, Stopping threads took: 0.0000366 seconds
[2019-06-24T09:24:31.350+0000][1][safepoint    ] Application time: 0.0001725 seconds
[2019-06-24T09:24:31.350+0000][1][safepoint    ] Entering safepoint region: RevokeBias
[2019-06-24T09:24:31.350+0000][1][safepoint    ] Leaving safepoint region
[2019-06-24T09:24:31.350+0000][1][safepoint    ] Total time for which application threads were stopped: 0.0000284 seconds, Stopping threads took: 0.0000086 seconds
[2019-06-24T09:24:31.350+0000][1][safepoint    ] Application time: 0.0001386 seconds
[2019-06-24T09:24:31.350+0000][1][safepoint    ] Entering safepoint region: RevokeBias
[2019-06-24T09:24:31.350+0000][1][safepoint    ] Leaving safepoint region
[2019-06-24T09:24:31.350+0000][1][safepoint    ] Total time for which application threads were stopped: 0.0000272 seconds, Stopping threads took: 0.0000074 seconds
[2019-06-24T09:24:31.350+0000][1][safepoint    ] Application time: 0.0001301 seconds
[2019-06-24T09:24:31.350+0000][1][safepoint    ] Entering safepoint region: RevokeBias
[2019-06-24T09:24:31.350+0000][1][safepoint    ] Leaving safepoint region
[2019-06-24T09:24:31.350+0000][1][safepoint    ] Total time for which application threads were stopped: 0.0000283 seconds, Stopping threads took: 0.0000091 seconds
[2019-06-24T09:24:31.352+0000][1][safepoint    ] Application time: 0.0015712 seconds
[2019-06-24T09:24:31.352+0000][1][safepoint    ] Entering safepoint region: RevokeBias
[2019-06-24T09:24:31.352+0000][1][safepoint    ] Leaving safepoint region
[2019-06-24T09:24:31.352+0000][1][safepoint    ] Total time for which application threads were stopped: 0.0000480 seconds, Stopping threads took: 0.0000169 seconds
[2019-06-24T09:24:31.352+0000][1][safepoint    ] Application time: 0.0001636 seconds
[2019-06-24T09:24:31.352+0000][1][safepoint    ] Entering safepoint region: RevokeBias
[2019-06-24T09:24:31.352+0000][1][safepoint    ] Leaving safepoint region
[2019-06-24T09:24:31.352+0000][1][safepoint    ] Total time for which application threads were stopped: 0.0000363 seconds, Stopping threads took: 0.0000105 seconds
[2019-06-24T09:24:31.352+0000][1][safepoint    ] Application time: 0.0001540 seconds
[2019-06-24T09:24:31.352+0000][1][safepoint    ] Entering safepoint region: RevokeBias
[2019-06-24T09:24:31.352+0000][1][safepoint    ] Leaving safepoint region
[2019-06-24T09:24:31.352+0000][1][safepoint    ] Total time for which application threads were stopped: 0.0000651 seconds, Stopping threads took: 0.0000333 seconds
[2019-06-24T09:24:31.353+0000][1][safepoint    ] Application time: 0.0001296 seconds
[2019-06-24T09:24:31.353+0000][1][safepoint    ] Entering safepoint region: RevokeBias
[2019-06-24T09:24:31.353+0000][1][safepoint    ] Leaving safepoint region
[2019-06-24T09:24:31.353+0000][1][safepoint    ] Total time for which application threads were stopped: 0.0000566 seconds, Stopping threads took: 0.0000276 seconds
[2019-06-24T09:24:31.353+0000][1][safepoint    ] Application time: 0.0001168 seconds
[2019-06-24T09:24:31.353+0000][1][safepoint    ] Entering safepoint region: RevokeBias
[2019-06-24T09:24:31.353+0000][1][safepoint    ] Leaving safepoint region
[2019-06-24T09:24:31.353+0000][1][safepoint    ] Total time for which application threads were stopped: 0.0000932 seconds, Stopping threads took: 0.0000462 seconds
[2019-06-24T09:24:31.353+0000][1][safepoint    ] Application time: 0.0002068 seconds
[2019-06-24T09:24:31.353+0000][1][safepoint    ] Entering safepoint region: RevokeBias
[2019-06-24T09:24:31.353+0000][1][safepoint    ] Leaving safepoint region
[2019-06-24T09:24:31.353+0000][1][safepoint    ] Total time for which application threads were stopped: 0.0000714 seconds, Stopping threads took: 0.0000371 seconds
[2019-06-24T09:24:31.356+0000][1][gc,heap,exit ] Heap
[2019-06-24T09:24:31.356+0000][1][gc,heap,exit ]  par new generation   total 78656K, used 27704K [0x00000000f0000000, 0x00000000f5550000, 0x00000000f5550000)
[2019-06-24T09:24:31.356+0000][1][gc,heap,exit ]   eden space 69952K,  28% used [0x00000000f0000000, 0x00000000f1382208, 0x00000000f4450000)
[2019-06-24T09:24:31.356+0000][1][gc,heap,exit ]   from space 8704K,  88% used [0x00000000f4450000, 0x00000000f4bdbe00, 0x00000000f4cd0000)
[2019-06-24T09:24:31.356+0000][1][gc,heap,exit ]   to   space 8704K,   0% used [0x00000000f4cd0000, 0x00000000f4cd0000, 0x00000000f5550000)
[2019-06-24T09:24:31.356+0000][1][gc,heap,exit ]  concurrent mark-sweep generation total 174784K, used 62283K [0x00000000f5550000, 0x0000000100000000, 0x0000000100000000)
[2019-06-24T09:24:31.356+0000][1][gc,heap,exit ]  Metaspace       used 63125K, capacity 67796K, committed 68044K, reserved 1107968K
[2019-06-24T09:24:31.356+0000][1][gc,heap,exit ]   class space    used 8593K, capacity 10561K, committed 10664K, reserved 1048576K
[2019-06-24T09:24:31.356+0000][1][safepoint    ] Application time: 0.0025556 seconds
[2019-06-24T09:24:31.356+0000][1][safepoint    ] Entering safepoint region: Halt
