[2019-06-24T09:55:07.412+0000][1][gc] Using Concurrent Mark Sweep
[2019-06-24T09:55:07.412+0000][1][gc,heap,coops] Heap address: 0x00000000f0000000, size: 256 MB, Compressed Oops mode: 32-bit
[2019-06-24T09:55:07.459+0000][1][safepoint    ] Entering safepoint region: EnableBiasedLocking
[2019-06-24T09:55:07.459+0000][1][safepoint    ] Leaving safepoint region
[2019-06-24T09:55:07.459+0000][1][safepoint    ] Total time for which application threads were stopped: 0.0001211 seconds, Stopping threads took: 0.0000438 seconds
[2019-06-24T09:55:07.462+0000][1][safepoint    ] Application time: 0.0026820 seconds
[2019-06-24T09:55:07.462+0000][1][safepoint    ] Entering safepoint region: RevokeBias
[2019-06-24T09:55:07.462+0000][1][safepoint    ] Leaving safepoint region
[2019-06-24T09:55:07.462+0000][1][safepoint    ] Total time for which application threads were stopped: 0.0001597 seconds, Stopping threads took: 0.0000991 seconds
[2019-06-24T09:55:07.471+0000][1][safepoint    ] Application time: 0.0087488 seconds
[2019-06-24T09:55:07.471+0000][1][safepoint    ] Entering safepoint region: Deoptimize
[2019-06-24T09:55:07.471+0000][1][safepoint    ] Leaving safepoint region
[2019-06-24T09:55:07.471+0000][1][safepoint    ] Total time for which application threads were stopped: 0.0000535 seconds, Stopping threads took: 0.0000120 seconds
[2019-06-24T09:55:07.567+0000][1][safepoint    ] Application time: 0.0963005 seconds
[2019-06-24T09:55:07.567+0000][1][safepoint    ] Entering safepoint region: RevokeBias
[2019-06-24T09:55:07.567+0000][1][safepoint    ] Leaving safepoint region
[2019-06-24T09:55:07.567+0000][1][safepoint    ] Total time for which application threads were stopped: 0.0000708 seconds, Stopping threads took: 0.0000093 seconds
[2019-06-24T09:55:07.569+0000][1][safepoint    ] Application time: 0.0016003 seconds
[2019-06-24T09:55:07.569+0000][1][safepoint    ] Entering safepoint region: Deoptimize
[2019-06-24T09:55:07.569+0000][1][safepoint    ] Leaving safepoint region
[2019-06-24T09:55:07.569+0000][1][safepoint    ] Total time for which application threads were stopped: 0.0000537 seconds, Stopping threads took: 0.0000074 seconds
[2019-06-24T09:55:07.592+0000][1][safepoint    ] Application time: 0.0234236 seconds
[2019-06-24T09:55:07.592+0000][1][safepoint    ] Entering safepoint region: Deoptimize
[2019-06-24T09:55:07.592+0000][1][safepoint    ] Leaving safepoint region
[2019-06-24T09:55:07.592+0000][1][safepoint    ] Total time for which application threads were stopped: 0.0000641 seconds, Stopping threads took: 0.0000094 seconds
[2019-06-24T09:55:07.823+0000][1][safepoint    ] Application time: 0.2303062 seconds
[2019-06-24T09:55:07.823+0000][1][safepoint    ] Entering safepoint region: Deoptimize
[2019-06-24T09:55:07.823+0000][1][safepoint    ] Leaving safepoint region
[2019-06-24T09:55:07.823+0000][1][safepoint    ] Total time for which application threads were stopped: 0.0001504 seconds, Stopping threads took: 0.0000196 seconds
[2019-06-24T09:55:07.844+0000][1][safepoint    ] Application time: 0.0208438 seconds
[2019-06-24T09:55:07.844+0000][1][safepoint    ] Entering safepoint region: Deoptimize
[2019-06-24T09:55:07.844+0000][1][safepoint    ] Leaving safepoint region
[2019-06-24T09:55:07.844+0000][1][safepoint    ] Total time for which application threads were stopped: 0.0000871 seconds, Stopping threads took: 0.0000089 seconds
[2019-06-24T09:55:07.868+0000][1][safepoint    ] Application time: 0.0247414 seconds
[2019-06-24T09:55:07.868+0000][1][safepoint    ] Entering safepoint region: Deoptimize
[2019-06-24T09:55:07.869+0000][1][safepoint    ] Leaving safepoint region
[2019-06-24T09:55:07.869+0000][1][safepoint    ] Total time for which application threads were stopped: 0.0001250 seconds, Stopping threads took: 0.0000096 seconds
[2019-06-24T09:55:07.879+0000][1][safepoint    ] Application time: 0.0100226 seconds
[2019-06-24T09:55:07.879+0000][1][safepoint    ] Entering safepoint region: Deoptimize
[2019-06-24T09:55:07.879+0000][1][safepoint    ] Leaving safepoint region
[2019-06-24T09:55:07.879+0000][1][safepoint    ] Total time for which application threads were stopped: 0.0001191 seconds, Stopping threads took: 0.0000087 seconds
[2019-06-24T09:55:08.200+0000][1][safepoint    ] Application time: 0.3210618 seconds
[2019-06-24T09:55:08.200+0000][1][safepoint    ] Entering safepoint region: Deoptimize
[2019-06-24T09:55:08.200+0000][1][safepoint    ] Leaving safepoint region
[2019-06-24T09:55:08.200+0000][1][safepoint    ] Total time for which application threads were stopped: 0.0002991 seconds, Stopping threads took: 0.0000102 seconds
[2019-06-24T09:55:08.411+0000][1][safepoint    ] Application time: 0.2104081 seconds
[2019-06-24T09:55:08.411+0000][1][safepoint    ] Entering safepoint region: RevokeBias
[2019-06-24T09:55:08.411+0000][1][safepoint    ] Leaving safepoint region
[2019-06-24T09:55:08.411+0000][1][safepoint    ] Total time for which application threads were stopped: 0.0001011 seconds, Stopping threads took: 0.0000097 seconds
[2019-06-24T09:55:08.489+0000][1][safepoint    ] Application time: 0.0779746 seconds
[2019-06-24T09:55:08.489+0000][1][safepoint    ] Entering safepoint region: Deoptimize
[2019-06-24T09:55:08.489+0000][1][safepoint    ] Leaving safepoint region
[2019-06-24T09:55:08.489+0000][1][safepoint    ] Total time for which application threads were stopped: 0.0001844 seconds, Stopping threads took: 0.0000091 seconds
[2019-06-24T09:55:08.588+0000][1][safepoint    ] Application time: 0.0989443 seconds
[2019-06-24T09:55:08.588+0000][1][safepoint    ] Entering safepoint region: Deoptimize
[2019-06-24T09:55:08.588+0000][1][safepoint    ] Leaving safepoint region
[2019-06-24T09:55:08.588+0000][1][safepoint    ] Total time for which application threads were stopped: 0.0001709 seconds, Stopping threads took: 0.0000097 seconds
[2019-06-24T09:55:08.588+0000][1][safepoint    ] Application time: 0.0001162 seconds
[2019-06-24T09:55:08.588+0000][1][safepoint    ] Entering safepoint region: Deoptimize
[2019-06-24T09:55:08.588+0000][1][safepoint    ] Leaving safepoint region
[2019-06-24T09:55:08.588+0000][1][safepoint    ] Total time for which application threads were stopped: 0.0001155 seconds, Stopping threads took: 0.0000066 seconds
[2019-06-24T09:55:08.603+0000][1][safepoint    ] Application time: 0.0145872 seconds
[2019-06-24T09:55:08.603+0000][1][safepoint    ] Entering safepoint region: Deoptimize
[2019-06-24T09:55:08.603+0000][1][safepoint    ] Leaving safepoint region
[2019-06-24T09:55:08.603+0000][1][safepoint    ] Total time for which application threads were stopped: 0.0001481 seconds, Stopping threads took: 0.0000096 seconds
[2019-06-24T09:55:08.611+0000][1][safepoint    ] Application time: 0.0083505 seconds
[2019-06-24T09:55:08.612+0000][1][safepoint    ] Entering safepoint region: Deoptimize
[2019-06-24T09:55:08.612+0000][1][safepoint    ] Leaving safepoint region
[2019-06-24T09:55:08.612+0000][1][safepoint    ] Total time for which application threads were stopped: 0.0001491 seconds, Stopping threads took: 0.0000100 seconds
[2019-06-24T09:55:08.617+0000][1][safepoint    ] Application time: 0.0054178 seconds
[2019-06-24T09:55:08.617+0000][1][safepoint    ] Entering safepoint region: RevokeBias
[2019-06-24T09:55:08.617+0000][1][safepoint    ] Leaving safepoint region
[2019-06-24T09:55:08.617+0000][1][safepoint    ] Total time for which application threads were stopped: 0.0000639 seconds, Stopping threads took: 0.0000238 seconds
[2019-06-24T09:55:08.617+0000][1][safepoint    ] Application time: 0.0000932 seconds
[2019-06-24T09:55:08.617+0000][1][safepoint    ] Entering safepoint region: RevokeBias
[2019-06-24T09:55:08.617+0000][1][safepoint    ] Leaving safepoint region
[2019-06-24T09:55:08.617+0000][1][safepoint    ] Total time for which application threads were stopped: 0.0000953 seconds, Stopping threads took: 0.0000714 seconds
[2019-06-24T09:55:08.617+0000][1][safepoint    ] Application time: 0.0000660 seconds
[2019-06-24T09:55:08.617+0000][1][safepoint    ] Entering safepoint region: RevokeBias
[2019-06-24T09:55:08.618+0000][1][safepoint    ] Leaving safepoint region
[2019-06-24T09:55:08.618+0000][1][safepoint    ] Total time for which application threads were stopped: 0.0000544 seconds, Stopping threads took: 0.0000312 seconds
[2019-06-24T09:55:08.618+0000][1][safepoint    ] Application time: 0.0000583 seconds
[2019-06-24T09:55:08.618+0000][1][safepoint    ] Entering safepoint region: RevokeBias
[2019-06-24T09:55:08.618+0000][1][safepoint    ] Leaving safepoint region
[2019-06-24T09:55:08.618+0000][1][safepoint    ] Total time for which application threads were stopped: 0.0000524 seconds, Stopping threads took: 0.0000296 seconds
[2019-06-24T09:55:08.618+0000][1][safepoint    ] Application time: 0.0001180 seconds
[2019-06-24T09:55:08.618+0000][1][safepoint    ] Entering safepoint region: RevokeBias
[2019-06-24T09:55:08.618+0000][1][safepoint    ] Leaving safepoint region
[2019-06-24T09:55:08.618+0000][1][safepoint    ] Total time for which application threads were stopped: 0.0000438 seconds, Stopping threads took: 0.0000218 seconds
[2019-06-24T09:55:08.618+0000][1][safepoint    ] Application time: 0.0002219 seconds
[2019-06-24T09:55:08.618+0000][1][safepoint    ] Entering safepoint region: RevokeBias
[2019-06-24T09:55:08.618+0000][1][safepoint    ] Leaving safepoint region
[2019-06-24T09:55:08.618+0000][1][safepoint    ] Total time for which application threads were stopped: 0.0000479 seconds, Stopping threads took: 0.0000220 seconds
[2019-06-24T09:55:08.620+0000][1][safepoint    ] Application time: 0.0014814 seconds
[2019-06-24T09:55:08.620+0000][1][safepoint    ] Entering safepoint region: RevokeBias
[2019-06-24T09:55:08.620+0000][1][safepoint    ] Leaving safepoint region
[2019-06-24T09:55:08.620+0000][1][safepoint    ] Total time for which application threads were stopped: 0.0000283 seconds, Stopping threads took: 0.0000074 seconds
[2019-06-24T09:55:08.625+0000][1][safepoint    ] Application time: 0.0051770 seconds
[2019-06-24T09:55:08.625+0000][1][safepoint    ] Entering safepoint region: Deoptimize
[2019-06-24T09:55:08.625+0000][1][safepoint    ] Leaving safepoint region
[2019-06-24T09:55:08.625+0000][1][safepoint    ] Total time for which application threads were stopped: 0.0001731 seconds, Stopping threads took: 0.0000099 seconds
[2019-06-24T09:55:08.708+0000][1][safepoint    ] Application time: 0.0828714 seconds
[2019-06-24T09:55:08.708+0000][1][safepoint    ] Entering safepoint region: GenCollectForAllocation
[2019-06-24T09:55:08.708+0000][1][gc,start     ] GC(0) Pause Young (Allocation Failure)
[2019-06-24T09:55:08.709+0000][1][gc,task      ] GC(0) Using 5 workers of 8 for evacuation
[2019-06-24T09:55:08.713+0000][1][gc,age       ] GC(0) Desired survivor size 4456448 bytes, new threshold 1 (max threshold 6)
[2019-06-24T09:55:08.713+0000][1][gc,age       ] GC(0) Age table with threshold 1 (max threshold 6)
[2019-06-24T09:55:08.713+0000][1][gc,age       ] GC(0) - age   1:    8028416 bytes,    8028416 total
[2019-06-24T09:55:08.713+0000][1][gc,heap      ] GC(0) ParNew: 69952K->7949K(78656K)
[2019-06-24T09:55:08.713+0000][1][gc,heap      ] GC(0) CMS: 0K->0K(174784K)
[2019-06-24T09:55:08.713+0000][1][gc,metaspace ] GC(0) Metaspace: 11944K->11944K(1060864K)
[2019-06-24T09:55:08.713+0000][1][gc           ] GC(0) Pause Young (Allocation Failure) 68M->7M(247M) 5.370ms
[2019-06-24T09:55:08.713+0000][1][gc,cpu       ] GC(0) User=0.03s Sys=0.00s Real=0.00s
[2019-06-24T09:55:08.713+0000][1][safepoint    ] Leaving safepoint region
[2019-06-24T09:55:08.713+0000][1][safepoint    ] Total time for which application threads were stopped: 0.0054911 seconds, Stopping threads took: 0.0000148 seconds
[2019-06-24T09:55:08.714+0000][1][safepoint    ] Application time: 0.0003766 seconds
[2019-06-24T09:55:08.714+0000][1][safepoint    ] Entering safepoint region: RevokeBias
[2019-06-24T09:55:08.714+0000][1][safepoint    ] Leaving safepoint region
[2019-06-24T09:55:08.714+0000][1][safepoint    ] Total time for which application threads were stopped: 0.0001613 seconds, Stopping threads took: 0.0001195 seconds
[2019-06-24T09:55:08.714+0000][1][safepoint    ] Application time: 0.0000896 seconds
[2019-06-24T09:55:08.714+0000][1][safepoint    ] Entering safepoint region: RevokeBias
[2019-06-24T09:55:08.714+0000][1][safepoint    ] Leaving safepoint region
[2019-06-24T09:55:08.714+0000][1][safepoint    ] Total time for which application threads were stopped: 0.0000890 seconds, Stopping threads took: 0.0000306 seconds
[2019-06-24T09:55:08.714+0000][1][safepoint    ] Application time: 0.0001254 seconds
[2019-06-24T09:55:08.714+0000][1][safepoint    ] Entering safepoint region: RevokeBias
[2019-06-24T09:55:08.714+0000][1][safepoint    ] Leaving safepoint region
[2019-06-24T09:55:08.714+0000][1][safepoint    ] Total time for which application threads were stopped: 0.0001194 seconds, Stopping threads took: 0.0000530 seconds
[2019-06-24T09:55:08.715+0000][1][safepoint    ] Application time: 0.0000405 seconds
[2019-06-24T09:55:08.715+0000][1][safepoint    ] Entering safepoint region: RevokeBias
[2019-06-24T09:55:08.715+0000][1][safepoint    ] Leaving safepoint region
[2019-06-24T09:55:08.715+0000][1][safepoint    ] Total time for which application threads were stopped: 0.0000810 seconds, Stopping threads took: 0.0000407 seconds
[2019-06-24T09:55:08.715+0000][1][safepoint    ] Application time: 0.0000694 seconds
[2019-06-24T09:55:08.715+0000][1][safepoint    ] Entering safepoint region: RevokeBias
[2019-06-24T09:55:08.715+0000][1][safepoint    ] Leaving safepoint region
[2019-06-24T09:55:08.715+0000][1][safepoint    ] Total time for which application threads were stopped: 0.0000409 seconds, Stopping threads took: 0.0000085 seconds
[2019-06-24T09:55:08.715+0000][1][safepoint    ] Application time: 0.0000361 seconds
[2019-06-24T09:55:08.715+0000][1][safepoint    ] Entering safepoint region: RevokeBias
[2019-06-24T09:55:08.715+0000][1][safepoint    ] Leaving safepoint region
[2019-06-24T09:55:08.715+0000][1][safepoint    ] Total time for which application threads were stopped: 0.0000497 seconds, Stopping threads took: 0.0000195 seconds
[2019-06-24T09:55:08.715+0000][1][safepoint    ] Application time: 0.0000382 seconds
[2019-06-24T09:55:08.715+0000][1][safepoint    ] Entering safepoint region: RevokeBias
[2019-06-24T09:55:08.715+0000][1][safepoint    ] Leaving safepoint region
[2019-06-24T09:55:08.715+0000][1][safepoint    ] Total time for which application threads were stopped: 0.0000349 seconds, Stopping threads took: 0.0000057 seconds
[2019-06-24T09:55:08.715+0000][1][safepoint    ] Application time: 0.0000327 seconds
[2019-06-24T09:55:08.715+0000][1][safepoint    ] Entering safepoint region: RevokeBias
[2019-06-24T09:55:08.715+0000][1][safepoint    ] Leaving safepoint region
[2019-06-24T09:55:08.715+0000][1][safepoint    ] Total time for which application threads were stopped: 0.0000347 seconds, Stopping threads took: 0.0000056 seconds
[2019-06-24T09:55:08.715+0000][1][safepoint    ] Application time: 0.0000365 seconds
[2019-06-24T09:55:08.715+0000][1][safepoint    ] Entering safepoint region: RevokeBias
[2019-06-24T09:55:08.715+0000][1][safepoint    ] Leaving safepoint region
[2019-06-24T09:55:08.715+0000][1][safepoint    ] Total time for which application threads were stopped: 0.0000348 seconds, Stopping threads took: 0.0000057 seconds
[2019-06-24T09:55:08.715+0000][1][safepoint    ] Application time: 0.0000313 seconds
[2019-06-24T09:55:08.715+0000][1][safepoint    ] Entering safepoint region: RevokeBias
[2019-06-24T09:55:08.715+0000][1][safepoint    ] Leaving safepoint region
[2019-06-24T09:55:08.715+0000][1][safepoint    ] Total time for which application threads were stopped: 0.0000570 seconds, Stopping threads took: 0.0000057 seconds
[2019-06-24T09:55:08.715+0000][1][safepoint    ] Application time: 0.0000363 seconds
[2019-06-24T09:55:08.715+0000][1][safepoint    ] Entering safepoint region: RevokeBias
[2019-06-24T09:55:08.715+0000][1][safepoint    ] Leaving safepoint region
[2019-06-24T09:55:08.715+0000][1][safepoint    ] Total time for which application threads were stopped: 0.0000358 seconds, Stopping threads took: 0.0000058 seconds
[2019-06-24T09:55:08.715+0000][1][safepoint    ] Application time: 0.0000333 seconds
[2019-06-24T09:55:08.715+0000][1][safepoint    ] Entering safepoint region: RevokeBias
[2019-06-24T09:55:08.715+0000][1][safepoint    ] Leaving safepoint region
[2019-06-24T09:55:08.715+0000][1][safepoint    ] Total time for which application threads were stopped: 0.0000534 seconds, Stopping threads took: 0.0000336 seconds
[2019-06-24T09:55:08.715+0000][1][safepoint    ] Application time: 0.0000384 seconds
[2019-06-24T09:55:08.715+0000][1][safepoint    ] Entering safepoint region: RevokeBias
[2019-06-24T09:55:08.715+0000][1][safepoint    ] Leaving safepoint region
[2019-06-24T09:55:08.715+0000][1][safepoint    ] Total time for which application threads were stopped: 0.0000514 seconds, Stopping threads took: 0.0000319 seconds
[2019-06-24T09:55:08.716+0000][1][safepoint    ] Application time: 0.0000344 seconds
[2019-06-24T09:55:08.716+0000][1][safepoint    ] Entering safepoint region: RevokeBias
[2019-06-24T09:55:08.716+0000][1][safepoint    ] Leaving safepoint region
[2019-06-24T09:55:08.716+0000][1][safepoint    ] Total time for which application threads were stopped: 0.0000613 seconds, Stopping threads took: 0.0000287 seconds
[2019-06-24T09:55:08.716+0000][1][safepoint    ] Application time: 0.0003562 seconds
[2019-06-24T09:55:08.716+0000][1][safepoint    ] Entering safepoint region: RevokeBias
[2019-06-24T09:55:08.716+0000][1][safepoint    ] Leaving safepoint region
[2019-06-24T09:55:08.716+0000][1][safepoint    ] Total time for which application threads were stopped: 0.0001022 seconds, Stopping threads took: 0.0000537 seconds
[2019-06-24T09:55:08.716+0000][1][safepoint    ] Application time: 0.0000602 seconds
[2019-06-24T09:55:08.716+0000][1][safepoint    ] Entering safepoint region: RevokeBias
[2019-06-24T09:55:08.716+0000][1][safepoint    ] Leaving safepoint region
[2019-06-24T09:55:08.716+0000][1][safepoint    ] Total time for which application threads were stopped: 0.0000740 seconds, Stopping threads took: 0.0000303 seconds
[2019-06-24T09:55:08.716+0000][1][safepoint    ] Application time: 0.0000531 seconds
[2019-06-24T09:55:08.716+0000][1][safepoint    ] Entering safepoint region: RevokeBias
[2019-06-24T09:55:08.716+0000][1][safepoint    ] Leaving safepoint region
[2019-06-24T09:55:08.716+0000][1][safepoint    ] Total time for which application threads were stopped: 0.0000520 seconds, Stopping threads took: 0.0000110 seconds
[2019-06-24T09:55:08.716+0000][1][safepoint    ] Application time: 0.0000417 seconds
[2019-06-24T09:55:08.716+0000][1][safepoint    ] Entering safepoint region: RevokeBias
[2019-06-24T09:55:08.716+0000][1][safepoint    ] Leaving safepoint region
[2019-06-24T09:55:08.716+0000][1][safepoint    ] Total time for which application threads were stopped: 0.0000506 seconds, Stopping threads took: 0.0000110 seconds
[2019-06-24T09:55:08.717+0000][1][safepoint    ] Application time: 0.0000488 seconds
[2019-06-24T09:55:08.717+0000][1][safepoint    ] Entering safepoint region: RevokeBias
[2019-06-24T09:55:08.717+0000][1][safepoint    ] Leaving safepoint region
[2019-06-24T09:55:08.717+0000][1][safepoint    ] Total time for which application threads were stopped: 0.0000727 seconds, Stopping threads took: 0.0000319 seconds
[2019-06-24T09:55:08.717+0000][1][safepoint    ] Application time: 0.0000400 seconds
[2019-06-24T09:55:08.717+0000][1][safepoint    ] Entering safepoint region: RevokeBias
[2019-06-24T09:55:08.717+0000][1][safepoint    ] Leaving safepoint region
[2019-06-24T09:55:08.717+0000][1][safepoint    ] Total time for which application threads were stopped: 0.0000776 seconds, Stopping threads took: 0.0000313 seconds
[2019-06-24T09:55:08.717+0000][1][safepoint    ] Application time: 0.0000437 seconds
[2019-06-24T09:55:08.717+0000][1][safepoint    ] Entering safepoint region: RevokeBias
[2019-06-24T09:55:08.717+0000][1][safepoint    ] Leaving safepoint region
[2019-06-24T09:55:08.717+0000][1][safepoint    ] Total time for which application threads were stopped: 0.0000926 seconds, Stopping threads took: 0.0000488 seconds
[2019-06-24T09:55:08.717+0000][1][safepoint    ] Application time: 0.0000406 seconds
[2019-06-24T09:55:08.717+0000][1][safepoint    ] Entering safepoint region: RevokeBias
[2019-06-24T09:55:08.717+0000][1][safepoint    ] Leaving safepoint region
[2019-06-24T09:55:08.717+0000][1][safepoint    ] Total time for which application threads were stopped: 0.0000825 seconds, Stopping threads took: 0.0000426 seconds
[2019-06-24T09:55:08.717+0000][1][safepoint    ] Application time: 0.0000576 seconds
[2019-06-24T09:55:08.717+0000][1][safepoint    ] Entering safepoint region: RevokeBias
[2019-06-24T09:55:08.717+0000][1][safepoint    ] Leaving safepoint region
[2019-06-24T09:55:08.717+0000][1][safepoint    ] Total time for which application threads were stopped: 0.0000957 seconds, Stopping threads took: 0.0000291 seconds
[2019-06-24T09:55:08.717+0000][1][safepoint    ] Application time: 0.0000437 seconds
[2019-06-24T09:55:08.717+0000][1][safepoint    ] Entering safepoint region: RevokeBias
[2019-06-24T09:55:08.717+0000][1][safepoint    ] Leaving safepoint region
[2019-06-24T09:55:08.717+0000][1][safepoint    ] Total time for which application threads were stopped: 0.0000672 seconds, Stopping threads took: 0.0000133 seconds
[2019-06-24T09:55:08.717+0000][1][safepoint    ] Application time: 0.0000649 seconds
[2019-06-24T09:55:08.717+0000][1][safepoint    ] Entering safepoint region: RevokeBias
[2019-06-24T09:55:08.718+0000][1][safepoint    ] Leaving safepoint region
[2019-06-24T09:55:08.718+0000][1][safepoint    ] Total time for which application threads were stopped: 0.0000774 seconds, Stopping threads took: 0.0000315 seconds
[2019-06-24T09:55:08.718+0000][1][safepoint    ] Application time: 0.0000396 seconds
[2019-06-24T09:55:08.718+0000][1][safepoint    ] Entering safepoint region: RevokeBias
[2019-06-24T09:55:08.718+0000][1][safepoint    ] Leaving safepoint region
[2019-06-24T09:55:08.718+0000][1][safepoint    ] Total time for which application threads were stopped: 0.0000564 seconds, Stopping threads took: 0.0000216 seconds
[2019-06-24T09:55:08.913+0000][1][safepoint    ] Application time: 0.1954979 seconds
[2019-06-24T09:55:08.913+0000][1][safepoint    ] Entering safepoint region: Deoptimize
[2019-06-24T09:55:08.913+0000][1][safepoint    ] Leaving safepoint region
[2019-06-24T09:55:08.913+0000][1][safepoint    ] Total time for which application threads were stopped: 0.0002783 seconds, Stopping threads took: 0.0000115 seconds
[2019-06-24T09:55:09.037+0000][1][safepoint    ] Application time: 0.1238716 seconds
[2019-06-24T09:55:09.037+0000][1][safepoint    ] Entering safepoint region: RevokeBias
[2019-06-24T09:55:09.038+0000][1][safepoint    ] Leaving safepoint region
[2019-06-24T09:55:09.038+0000][1][safepoint    ] Total time for which application threads were stopped: 0.0001558 seconds, Stopping threads took: 0.0000207 seconds
[2019-06-24T09:55:09.144+0000][1][safepoint    ] Application time: 0.1063094 seconds
[2019-06-24T09:55:09.144+0000][1][safepoint    ] Entering safepoint region: RevokeBias
[2019-06-24T09:55:09.144+0000][1][safepoint    ] Leaving safepoint region
[2019-06-24T09:55:09.144+0000][1][safepoint    ] Total time for which application threads were stopped: 0.0001664 seconds, Stopping threads took: 0.0000785 seconds
[2019-06-24T09:55:09.149+0000][1][safepoint    ] Application time: 0.0048517 seconds
[2019-06-24T09:55:09.149+0000][1][safepoint    ] Entering safepoint region: RevokeBias
[2019-06-24T09:55:09.149+0000][1][safepoint    ] Leaving safepoint region
[2019-06-24T09:55:09.149+0000][1][safepoint    ] Total time for which application threads were stopped: 0.0001039 seconds, Stopping threads took: 0.0000184 seconds
[2019-06-24T09:55:09.153+0000][1][safepoint    ] Application time: 0.0036930 seconds
[2019-06-24T09:55:09.153+0000][1][safepoint    ] Entering safepoint region: RevokeBias
[2019-06-24T09:55:09.153+0000][1][safepoint    ] Leaving safepoint region
[2019-06-24T09:55:09.153+0000][1][safepoint    ] Total time for which application threads were stopped: 0.0000965 seconds, Stopping threads took: 0.0000176 seconds
[2019-06-24T09:55:09.184+0000][1][safepoint    ] Application time: 0.0313196 seconds
[2019-06-24T09:55:09.184+0000][1][safepoint    ] Entering safepoint region: GenCollectForAllocation
[2019-06-24T09:55:09.184+0000][1][gc,start     ] GC(1) Pause Young (Allocation Failure)
[2019-06-24T09:55:09.184+0000][1][gc,task      ] GC(1) Using 5 workers of 8 for evacuation
[2019-06-24T09:55:09.197+0000][1][gc,age       ] GC(1) Desired survivor size 4456448 bytes, new threshold 6 (max threshold 6)
[2019-06-24T09:55:09.197+0000][1][gc,age       ] GC(1) Age table with threshold 6 (max threshold 6)
[2019-06-24T09:55:09.197+0000][1][gc,age       ] GC(1) - age   1:    2422240 bytes,    2422240 total
[2019-06-24T09:55:09.197+0000][1][gc,heap      ] GC(1) ParNew: 77901K->6334K(78656K)
[2019-06-24T09:55:09.197+0000][1][gc,heap      ] GC(1) CMS: 0K->6627K(174784K)
[2019-06-24T09:55:09.197+0000][1][gc,metaspace ] GC(1) Metaspace: 14617K->14617K(1062912K)
[2019-06-24T09:55:09.197+0000][1][gc           ] GC(1) Pause Young (Allocation Failure) 76M->12M(247M) 12.745ms
[2019-06-24T09:55:09.197+0000][1][gc,cpu       ] GC(1) User=0.09s Sys=0.00s Real=0.01s
[2019-06-24T09:55:09.197+0000][1][safepoint    ] Leaving safepoint region
[2019-06-24T09:55:09.197+0000][1][safepoint    ] Total time for which application threads were stopped: 0.0128959 seconds, Stopping threads took: 0.0000321 seconds
[2019-06-24T09:55:09.198+0000][1][safepoint    ] Application time: 0.0003124 seconds
[2019-06-24T09:55:09.198+0000][1][safepoint    ] Entering safepoint region: RevokeBias
[2019-06-24T09:55:09.198+0000][1][safepoint    ] Leaving safepoint region
[2019-06-24T09:55:09.198+0000][1][safepoint    ] Total time for which application threads were stopped: 0.0001526 seconds, Stopping threads took: 0.0000615 seconds
[2019-06-24T09:55:09.198+0000][1][safepoint    ] Application time: 0.0000485 seconds
[2019-06-24T09:55:09.198+0000][1][safepoint    ] Entering safepoint region: RevokeBias
[2019-06-24T09:55:09.198+0000][1][safepoint    ] Leaving safepoint region
[2019-06-24T09:55:09.198+0000][1][safepoint    ] Total time for which application threads were stopped: 0.0000536 seconds, Stopping threads took: 0.0000271 seconds
[2019-06-24T09:55:09.198+0000][1][safepoint    ] Application time: 0.0000843 seconds
[2019-06-24T09:55:09.198+0000][1][safepoint    ] Entering safepoint region: RevokeBias
[2019-06-24T09:55:09.198+0000][1][safepoint    ] Leaving safepoint region
[2019-06-24T09:55:09.198+0000][1][safepoint    ] Total time for which application threads were stopped: 0.0000839 seconds, Stopping threads took: 0.0000555 seconds
[2019-06-24T09:55:09.198+0000][1][safepoint    ] Application time: 0.0000703 seconds
[2019-06-24T09:55:09.198+0000][1][safepoint    ] Entering safepoint region: RevokeBias
[2019-06-24T09:55:09.198+0000][1][safepoint    ] Leaving safepoint region
[2019-06-24T09:55:09.198+0000][1][safepoint    ] Total time for which application threads were stopped: 0.0001489 seconds, Stopping threads took: 0.0001195 seconds
[2019-06-24T09:55:09.198+0000][1][safepoint    ] Application time: 0.0000439 seconds
[2019-06-24T09:55:09.198+0000][1][safepoint    ] Entering safepoint region: RevokeBias
[2019-06-24T09:55:09.198+0000][1][safepoint    ] Leaving safepoint region
[2019-06-24T09:55:09.198+0000][1][safepoint    ] Total time for which application threads were stopped: 0.0000652 seconds, Stopping threads took: 0.0000395 seconds
[2019-06-24T09:55:09.198+0000][1][safepoint    ] Application time: 0.0000363 seconds
[2019-06-24T09:55:09.198+0000][1][safepoint    ] Entering safepoint region: RevokeBias
[2019-06-24T09:55:09.199+0000][1][safepoint    ] Leaving safepoint region
[2019-06-24T09:55:09.199+0000][1][safepoint    ] Total time for which application threads were stopped: 0.0000964 seconds, Stopping threads took: 0.0000668 seconds
[2019-06-24T09:55:09.199+0000][1][safepoint    ] Application time: 0.0001962 seconds
[2019-06-24T09:55:09.199+0000][1][safepoint    ] Entering safepoint region: RevokeBias
[2019-06-24T09:55:09.199+0000][1][safepoint    ] Leaving safepoint region
[2019-06-24T09:55:09.199+0000][1][safepoint    ] Total time for which application threads were stopped: 0.0000756 seconds, Stopping threads took: 0.0000469 seconds
[2019-06-24T09:55:09.199+0000][1][safepoint    ] Application time: 0.0000373 seconds
[2019-06-24T09:55:09.199+0000][1][safepoint    ] Entering safepoint region: RevokeBias
[2019-06-24T09:55:09.199+0000][1][safepoint    ] Leaving safepoint region
[2019-06-24T09:55:09.199+0000][1][safepoint    ] Total time for which application threads were stopped: 0.0000626 seconds, Stopping threads took: 0.0000279 seconds
[2019-06-24T09:55:09.199+0000][1][safepoint    ] Application time: 0.0000426 seconds
[2019-06-24T09:55:09.199+0000][1][safepoint    ] Entering safepoint region: RevokeBias
[2019-06-24T09:55:09.199+0000][1][safepoint    ] Leaving safepoint region
[2019-06-24T09:55:09.199+0000][1][safepoint    ] Total time for which application threads were stopped: 0.0000591 seconds, Stopping threads took: 0.0000275 seconds
[2019-06-24T09:55:09.199+0000][1][safepoint    ] Application time: 0.0000363 seconds
[2019-06-24T09:55:09.199+0000][1][safepoint    ] Entering safepoint region: RevokeBias
[2019-06-24T09:55:09.199+0000][1][safepoint    ] Leaving safepoint region
[2019-06-24T09:55:09.199+0000][1][safepoint    ] Total time for which application threads were stopped: 0.0000683 seconds, Stopping threads took: 0.0000432 seconds
[2019-06-24T09:55:09.199+0000][1][safepoint    ] Application time: 0.0000418 seconds
[2019-06-24T09:55:09.199+0000][1][safepoint    ] Entering safepoint region: BulkRevokeBias
[2019-06-24T09:55:09.199+0000][1][safepoint    ] Leaving safepoint region
[2019-06-24T09:55:09.199+0000][1][safepoint    ] Total time for which application threads were stopped: 0.0001196 seconds, Stopping threads took: 0.0000753 seconds
[2019-06-24T09:55:09.199+0000][1][safepoint    ] Application time: 0.0000752 seconds
[2019-06-24T09:55:09.200+0000][1][safepoint    ] Entering safepoint region: RevokeBias
[2019-06-24T09:55:09.200+0000][1][safepoint    ] Leaving safepoint region
[2019-06-24T09:55:09.200+0000][1][safepoint    ] Total time for which application threads were stopped: 0.0001196 seconds, Stopping threads took: 0.0000899 seconds
[2019-06-24T09:55:09.200+0000][1][safepoint    ] Application time: 0.0000687 seconds
[2019-06-24T09:55:09.200+0000][1][safepoint    ] Entering safepoint region: BulkRevokeBias
[2019-06-24T09:55:09.200+0000][1][safepoint    ] Leaving safepoint region
[2019-06-24T09:55:09.200+0000][1][safepoint    ] Total time for which application threads were stopped: 0.0000946 seconds, Stopping threads took: 0.0000518 seconds
[2019-06-24T09:55:09.322+0000][1][safepoint    ] Application time: 0.1224158 seconds
[2019-06-24T09:55:09.322+0000][1][safepoint    ] Entering safepoint region: GenCollectForAllocation
[2019-06-24T09:55:09.322+0000][1][gc,start     ] GC(2) Pause Young (Allocation Failure)
[2019-06-24T09:55:09.322+0000][1][gc,task      ] GC(2) Using 5 workers of 8 for evacuation
[2019-06-24T09:55:09.326+0000][1][gc,age       ] GC(2) Desired survivor size 4456448 bytes, new threshold 6 (max threshold 6)
[2019-06-24T09:55:09.326+0000][1][gc,age       ] GC(2) Age table with threshold 6 (max threshold 6)
[2019-06-24T09:55:09.326+0000][1][gc,age       ] GC(2) - age   1:    2820336 bytes,    2820336 total
[2019-06-24T09:55:09.326+0000][1][gc,age       ] GC(2) - age   2:    1207008 bytes,    4027344 total
[2019-06-24T09:55:09.326+0000][1][gc,heap      ] GC(2) ParNew: 76286K->4968K(78656K)
[2019-06-24T09:55:09.326+0000][1][gc,heap      ] GC(2) CMS: 6627K->6627K(174784K)
[2019-06-24T09:55:09.326+0000][1][gc,metaspace ] GC(2) Metaspace: 14761K->14761K(1062912K)
[2019-06-24T09:55:09.326+0000][1][gc           ] GC(2) Pause Young (Allocation Failure) 80M->11M(247M) 3.543ms
[2019-06-24T09:55:09.326+0000][1][gc,cpu       ] GC(2) User=0.03s Sys=0.00s Real=0.01s
[2019-06-24T09:55:09.326+0000][1][safepoint    ] Leaving safepoint region
[2019-06-24T09:55:09.326+0000][1][safepoint    ] Total time for which application threads were stopped: 0.0036871 seconds, Stopping threads took: 0.0000170 seconds
[2019-06-24T09:55:09.326+0000][1][safepoint    ] Application time: 0.0001631 seconds
[2019-06-24T09:55:09.326+0000][1][safepoint    ] Entering safepoint region: RevokeBias
[2019-06-24T09:55:09.326+0000][1][safepoint    ] Leaving safepoint region
[2019-06-24T09:55:09.326+0000][1][safepoint    ] Total time for which application threads were stopped: 0.0001214 seconds, Stopping threads took: 0.0000591 seconds
[2019-06-24T09:55:09.326+0000][1][safepoint    ] Application time: 0.0000453 seconds
[2019-06-24T09:55:09.326+0000][1][safepoint    ] Entering safepoint region: RevokeBias
[2019-06-24T09:55:09.326+0000][1][safepoint    ] Leaving safepoint region
[2019-06-24T09:55:09.326+0000][1][safepoint    ] Total time for which application threads were stopped: 0.0000804 seconds, Stopping threads took: 0.0000306 seconds
[2019-06-24T09:55:09.326+0000][1][safepoint    ] Application time: 0.0001073 seconds
[2019-06-24T09:55:09.327+0000][1][safepoint    ] Entering safepoint region: RevokeBias
[2019-06-24T09:55:09.327+0000][1][safepoint    ] Leaving safepoint region
[2019-06-24T09:55:09.327+0000][1][safepoint    ] Total time for which application threads were stopped: 0.0000997 seconds, Stopping threads took: 0.0000490 seconds
[2019-06-24T09:55:09.327+0000][1][safepoint    ] Application time: 0.0000428 seconds
[2019-06-24T09:55:09.327+0000][1][safepoint    ] Entering safepoint region: RevokeBias
[2019-06-24T09:55:09.327+0000][1][safepoint    ] Leaving safepoint region
[2019-06-24T09:55:09.327+0000][1][safepoint    ] Total time for which application threads were stopped: 0.0000889 seconds, Stopping threads took: 0.0000389 seconds
[2019-06-24T09:55:09.327+0000][1][safepoint    ] Application time: 0.0000443 seconds
[2019-06-24T09:55:09.327+0000][1][safepoint    ] Entering safepoint region: RevokeBias
[2019-06-24T09:55:09.327+0000][1][safepoint    ] Leaving safepoint region
[2019-06-24T09:55:09.327+0000][1][safepoint    ] Total time for which application threads were stopped: 0.0000548 seconds, Stopping threads took: 0.0000084 seconds
[2019-06-24T09:55:09.327+0000][1][safepoint    ] Application time: 0.0000379 seconds
[2019-06-24T09:55:09.327+0000][1][safepoint    ] Entering safepoint region: RevokeBias
[2019-06-24T09:55:09.327+0000][1][safepoint    ] Leaving safepoint region
[2019-06-24T09:55:09.327+0000][1][safepoint    ] Total time for which application threads were stopped: 0.0000506 seconds, Stopping threads took: 0.0000081 seconds
[2019-06-24T09:55:09.360+0000][1][safepoint    ] Application time: 0.0325824 seconds
[2019-06-24T09:55:09.360+0000][1][safepoint    ] Entering safepoint region: RevokeBias
[2019-06-24T09:55:09.360+0000][1][safepoint    ] Leaving safepoint region
[2019-06-24T09:55:09.360+0000][1][safepoint    ] Total time for which application threads were stopped: 0.0000947 seconds, Stopping threads took: 0.0000169 seconds
[2019-06-24T09:55:09.441+0000][1][safepoint    ] Application time: 0.0816593 seconds
[2019-06-24T09:55:09.441+0000][1][safepoint    ] Entering safepoint region: Deoptimize
[2019-06-24T09:55:09.442+0000][1][safepoint    ] Leaving safepoint region
[2019-06-24T09:55:09.442+0000][1][safepoint    ] Total time for which application threads were stopped: 0.0002735 seconds, Stopping threads took: 0.0000116 seconds
[2019-06-24T09:55:09.442+0000][1][safepoint    ] Application time: 0.0004235 seconds
[2019-06-24T09:55:09.442+0000][1][safepoint    ] Entering safepoint region: Deoptimize
[2019-06-24T09:55:09.442+0000][1][safepoint    ] Leaving safepoint region
[2019-06-24T09:55:09.442+0000][1][safepoint    ] Total time for which application threads were stopped: 0.0002272 seconds, Stopping threads took: 0.0000091 seconds
[2019-06-24T09:55:09.619+0000][1][safepoint    ] Application time: 0.1762479 seconds
[2019-06-24T09:55:09.619+0000][1][safepoint    ] Entering safepoint region: GenCollectForAllocation
[2019-06-24T09:55:09.619+0000][1][gc,start     ] GC(3) Pause Young (Allocation Failure)
[2019-06-24T09:55:09.619+0000][1][gc,task      ] GC(3) Using 5 workers of 8 for evacuation
[2019-06-24T09:55:09.623+0000][1][gc,age       ] GC(3) Desired survivor size 4456448 bytes, new threshold 3 (max threshold 6)
[2019-06-24T09:55:09.623+0000][1][gc,age       ] GC(3) Age table with threshold 3 (max threshold 6)
[2019-06-24T09:55:09.623+0000][1][gc,age       ] GC(3) - age   1:    4107296 bytes,    4107296 total
[2019-06-24T09:55:09.623+0000][1][gc,age       ] GC(3) - age   2:     294112 bytes,    4401408 total
[2019-06-24T09:55:09.623+0000][1][gc,age       ] GC(3) - age   3:    1203608 bytes,    5605016 total
[2019-06-24T09:55:09.623+0000][1][gc,heap      ] GC(3) ParNew: 74920K->7231K(78656K)
[2019-06-24T09:55:09.623+0000][1][gc,heap      ] GC(3) CMS: 6627K->6627K(174784K)
[2019-06-24T09:55:09.623+0000][1][gc,metaspace ] GC(3) Metaspace: 18227K->18227K(1067008K)
[2019-06-24T09:55:09.623+0000][1][gc           ] GC(3) Pause Young (Allocation Failure) 79M->13M(247M) 3.958ms
[2019-06-24T09:55:09.623+0000][1][gc,cpu       ] GC(3) User=0.02s Sys=0.01s Real=0.01s
[2019-06-24T09:55:09.623+0000][1][safepoint    ] Leaving safepoint region
[2019-06-24T09:55:09.623+0000][1][safepoint    ] Total time for which application threads were stopped: 0.0041148 seconds, Stopping threads took: 0.0000127 seconds
[2019-06-24T09:55:09.623+0000][1][safepoint    ] Application time: 0.0002554 seconds
[2019-06-24T09:55:09.623+0000][1][safepoint    ] Entering safepoint region: RevokeBias
[2019-06-24T09:55:09.623+0000][1][safepoint    ] Leaving safepoint region
[2019-06-24T09:55:09.623+0000][1][safepoint    ] Total time for which application threads were stopped: 0.0001895 seconds, Stopping threads took: 0.0001377 seconds
[2019-06-24T09:55:09.623+0000][1][safepoint    ] Application time: 0.0000464 seconds
[2019-06-24T09:55:09.623+0000][1][safepoint    ] Entering safepoint region: RevokeBias
[2019-06-24T09:55:09.623+0000][1][safepoint    ] Leaving safepoint region
[2019-06-24T09:55:09.623+0000][1][safepoint    ] Total time for which application threads were stopped: 0.0000810 seconds, Stopping threads took: 0.0000075 seconds
[2019-06-24T09:55:09.623+0000][1][safepoint    ] Application time: 0.0000504 seconds
[2019-06-24T09:55:09.623+0000][1][safepoint    ] Entering safepoint region: RevokeBias
[2019-06-24T09:55:09.623+0000][1][safepoint    ] Leaving safepoint region
[2019-06-24T09:55:09.623+0000][1][safepoint    ] Total time for which application threads were stopped: 0.0000410 seconds, Stopping threads took: 0.0000072 seconds
[2019-06-24T09:55:09.624+0000][1][safepoint    ] Application time: 0.0000361 seconds
[2019-06-24T09:55:09.624+0000][1][safepoint    ] Entering safepoint region: RevokeBias
[2019-06-24T09:55:09.624+0000][1][safepoint    ] Leaving safepoint region
[2019-06-24T09:55:09.624+0000][1][safepoint    ] Total time for which application threads were stopped: 0.0000373 seconds, Stopping threads took: 0.0000065 seconds
[2019-06-24T09:55:09.624+0000][1][safepoint    ] Application time: 0.0000396 seconds
[2019-06-24T09:55:09.624+0000][1][safepoint    ] Entering safepoint region: RevokeBias
[2019-06-24T09:55:09.624+0000][1][safepoint    ] Leaving safepoint region
[2019-06-24T09:55:09.624+0000][1][safepoint    ] Total time for which application threads were stopped: 0.0000375 seconds, Stopping threads took: 0.0000064 seconds
[2019-06-24T09:55:09.624+0000][1][safepoint    ] Application time: 0.0000357 seconds
[2019-06-24T09:55:09.624+0000][1][safepoint    ] Entering safepoint region: RevokeBias
[2019-06-24T09:55:09.624+0000][1][safepoint    ] Leaving safepoint region
[2019-06-24T09:55:09.624+0000][1][safepoint    ] Total time for which application threads were stopped: 0.0000371 seconds, Stopping threads took: 0.0000064 seconds
[2019-06-24T09:55:09.624+0000][1][safepoint    ] Application time: 0.0000394 seconds
[2019-06-24T09:55:09.624+0000][1][safepoint    ] Entering safepoint region: RevokeBias
[2019-06-24T09:55:09.624+0000][1][safepoint    ] Leaving safepoint region
[2019-06-24T09:55:09.624+0000][1][safepoint    ] Total time for which application threads were stopped: 0.0000374 seconds, Stopping threads took: 0.0000064 seconds
[2019-06-24T09:55:09.624+0000][1][safepoint    ] Application time: 0.0000340 seconds
[2019-06-24T09:55:09.624+0000][1][safepoint    ] Entering safepoint region: RevokeBias
[2019-06-24T09:55:09.624+0000][1][safepoint    ] Leaving safepoint region
[2019-06-24T09:55:09.624+0000][1][safepoint    ] Total time for which application threads were stopped: 0.0000440 seconds, Stopping threads took: 0.0000127 seconds
[2019-06-24T09:55:09.624+0000][1][safepoint    ] Application time: 0.0000391 seconds
[2019-06-24T09:55:09.624+0000][1][safepoint    ] Entering safepoint region: RevokeBias
[2019-06-24T09:55:09.624+0000][1][safepoint    ] Leaving safepoint region
[2019-06-24T09:55:09.624+0000][1][safepoint    ] Total time for which application threads were stopped: 0.0000685 seconds, Stopping threads took: 0.0000373 seconds
[2019-06-24T09:55:09.624+0000][1][safepoint    ] Application time: 0.0000497 seconds
[2019-06-24T09:55:09.624+0000][1][safepoint    ] Entering safepoint region: RevokeBias
[2019-06-24T09:55:09.624+0000][1][safepoint    ] Leaving safepoint region
[2019-06-24T09:55:09.624+0000][1][safepoint    ] Total time for which application threads were stopped: 0.0000563 seconds, Stopping threads took: 0.0000245 seconds
[2019-06-24T09:55:09.624+0000][1][safepoint    ] Application time: 0.0000393 seconds
[2019-06-24T09:55:09.624+0000][1][safepoint    ] Entering safepoint region: RevokeBias
[2019-06-24T09:55:09.624+0000][1][safepoint    ] Leaving safepoint region
[2019-06-24T09:55:09.624+0000][1][safepoint    ] Total time for which application threads were stopped: 0.0000755 seconds, Stopping threads took: 0.0000434 seconds
[2019-06-24T09:55:09.624+0000][1][safepoint    ] Application time: 0.0000366 seconds
[2019-06-24T09:55:09.624+0000][1][safepoint    ] Entering safepoint region: RevokeBias
[2019-06-24T09:55:09.624+0000][1][safepoint    ] Leaving safepoint region
[2019-06-24T09:55:09.624+0000][1][safepoint    ] Total time for which application threads were stopped: 0.0000984 seconds, Stopping threads took: 0.0000518 seconds
[2019-06-24T09:55:09.625+0000][1][safepoint    ] Application time: 0.0001523 seconds
[2019-06-24T09:55:09.625+0000][1][safepoint    ] Entering safepoint region: RevokeBias
[2019-06-24T09:55:09.625+0000][1][safepoint    ] Leaving safepoint region
[2019-06-24T09:55:09.625+0000][1][safepoint    ] Total time for which application threads were stopped: 0.0001736 seconds, Stopping threads took: 0.0001437 seconds
[2019-06-24T09:55:09.625+0000][1][safepoint    ] Application time: 0.0000378 seconds
[2019-06-24T09:55:09.625+0000][1][safepoint    ] Entering safepoint region: RevokeBias
[2019-06-24T09:55:09.625+0000][1][safepoint    ] Leaving safepoint region
[2019-06-24T09:55:09.625+0000][1][safepoint    ] Total time for which application threads were stopped: 0.0000839 seconds, Stopping threads took: 0.0000551 seconds
[2019-06-24T09:55:09.625+0000][1][safepoint    ] Application time: 0.0000420 seconds
[2019-06-24T09:55:09.625+0000][1][safepoint    ] Entering safepoint region: RevokeBias
[2019-06-24T09:55:09.625+0000][1][safepoint    ] Leaving safepoint region
[2019-06-24T09:55:09.625+0000][1][safepoint    ] Total time for which application threads were stopped: 0.0000581 seconds, Stopping threads took: 0.0000305 seconds
[2019-06-24T09:55:09.625+0000][1][safepoint    ] Application time: 0.0000510 seconds
[2019-06-24T09:55:09.625+0000][1][safepoint    ] Entering safepoint region: RevokeBias
[2019-06-24T09:55:09.625+0000][1][safepoint    ] Leaving safepoint region
[2019-06-24T09:55:09.625+0000][1][safepoint    ] Total time for which application threads were stopped: 0.0000933 seconds, Stopping threads took: 0.0000596 seconds
[2019-06-24T09:55:09.625+0000][1][safepoint    ] Application time: 0.0000681 seconds
[2019-06-24T09:55:09.625+0000][1][safepoint    ] Entering safepoint region: RevokeBias
[2019-06-24T09:55:09.625+0000][1][safepoint    ] Leaving safepoint region
[2019-06-24T09:55:09.625+0000][1][safepoint    ] Total time for which application threads were stopped: 0.0000823 seconds, Stopping threads took: 0.0000464 seconds
[2019-06-24T09:55:09.625+0000][1][safepoint    ] Application time: 0.0000405 seconds
[2019-06-24T09:55:09.625+0000][1][safepoint    ] Entering safepoint region: RevokeBias
[2019-06-24T09:55:09.625+0000][1][safepoint    ] Leaving safepoint region
[2019-06-24T09:55:09.625+0000][1][safepoint    ] Total time for which application threads were stopped: 0.0000455 seconds, Stopping threads took: 0.0000125 seconds
[2019-06-24T09:55:09.626+0000][1][safepoint    ] Application time: 0.0000376 seconds
[2019-06-24T09:55:09.626+0000][1][safepoint    ] Entering safepoint region: RevokeBias
[2019-06-24T09:55:09.626+0000][1][safepoint    ] Leaving safepoint region
[2019-06-24T09:55:09.626+0000][1][safepoint    ] Total time for which application threads were stopped: 0.0000804 seconds, Stopping threads took: 0.0000444 seconds
[2019-06-24T09:55:09.626+0000][1][safepoint    ] Application time: 0.0000434 seconds
[2019-06-24T09:55:09.626+0000][1][safepoint    ] Entering safepoint region: RevokeBias
[2019-06-24T09:55:09.626+0000][1][safepoint    ] Leaving safepoint region
[2019-06-24T09:55:09.626+0000][1][safepoint    ] Total time for which application threads were stopped: 0.0000617 seconds, Stopping threads took: 0.0000342 seconds
[2019-06-24T09:55:09.626+0000][1][safepoint    ] Application time: 0.0000387 seconds
[2019-06-24T09:55:09.626+0000][1][safepoint    ] Entering safepoint region: RevokeBias
[2019-06-24T09:55:09.626+0000][1][safepoint    ] Leaving safepoint region
[2019-06-24T09:55:09.626+0000][1][safepoint    ] Total time for which application threads were stopped: 0.0000330 seconds, Stopping threads took: 0.0000069 seconds
[2019-06-24T09:55:09.709+0000][1][safepoint    ] Application time: 0.0829954 seconds
[2019-06-24T09:55:09.709+0000][1][safepoint    ] Entering safepoint region: GenCollectForAllocation
[2019-06-24T09:55:09.709+0000][1][gc,start     ] GC(4) Pause Young (Allocation Failure)
[2019-06-24T09:55:09.709+0000][1][gc,task      ] GC(4) Using 5 workers of 8 for evacuation
[2019-06-24T09:55:09.714+0000][1][gc,age       ] GC(4) Desired survivor size 4456448 bytes, new threshold 2 (max threshold 6)
[2019-06-24T09:55:09.714+0000][1][gc,age       ] GC(4) Age table with threshold 2 (max threshold 6)
[2019-06-24T09:55:09.714+0000][1][gc,age       ] GC(4) - age   1:    1986280 bytes,    1986280 total
[2019-06-24T09:55:09.714+0000][1][gc,age       ] GC(4) - age   2:    3330440 bytes,    5316720 total
[2019-06-24T09:55:09.714+0000][1][gc,age       ] GC(4) - age   3:     293584 bytes,    5610304 total
[2019-06-24T09:55:09.714+0000][1][gc,heap      ] GC(4) ParNew: 77183K->7653K(78656K)
[2019-06-24T09:55:09.714+0000][1][gc,heap      ] GC(4) CMS: 6627K->7822K(174784K)
[2019-06-24T09:55:09.714+0000][1][gc,metaspace ] GC(4) Metaspace: 18424K->18424K(1067008K)
[2019-06-24T09:55:09.714+0000][1][gc           ] GC(4) Pause Young (Allocation Failure) 81M->15M(247M) 4.820ms
[2019-06-24T09:55:09.714+0000][1][gc,cpu       ] GC(4) User=0.03s Sys=0.00s Real=0.00s
[2019-06-24T09:55:09.714+0000][1][safepoint    ] Leaving safepoint region
[2019-06-24T09:55:09.714+0000][1][safepoint    ] Total time for which application threads were stopped: 0.0050031 seconds, Stopping threads took: 0.0000188 seconds
[2019-06-24T09:55:09.714+0000][1][safepoint    ] Application time: 0.0001080 seconds
[2019-06-24T09:55:09.714+0000][1][safepoint    ] Entering safepoint region: RevokeBias
[2019-06-24T09:55:09.714+0000][1][safepoint    ] Leaving safepoint region
[2019-06-24T09:55:09.714+0000][1][safepoint    ] Total time for which application threads were stopped: 0.0002996 seconds, Stopping threads took: 0.0002380 seconds
[2019-06-24T09:55:09.714+0000][1][safepoint    ] Application time: 0.0000461 seconds
[2019-06-24T09:55:09.714+0000][1][safepoint    ] Entering safepoint region: RevokeBias
[2019-06-24T09:55:09.714+0000][1][safepoint    ] Leaving safepoint region
[2019-06-24T09:55:09.715+0000][1][safepoint    ] Total time for which application threads were stopped: 0.0001468 seconds, Stopping threads took: 0.0000721 seconds
[2019-06-24T09:55:09.715+0000][1][safepoint    ] Application time: 0.0000511 seconds
[2019-06-24T09:55:09.715+0000][1][safepoint    ] Entering safepoint region: RevokeBias
[2019-06-24T09:55:09.715+0000][1][safepoint    ] Leaving safepoint region
[2019-06-24T09:55:09.715+0000][1][safepoint    ] Total time for which application threads were stopped: 0.0000653 seconds, Stopping threads took: 0.0000096 seconds
[2019-06-24T09:55:09.715+0000][1][safepoint    ] Application time: 0.0000401 seconds
[2019-06-24T09:55:09.715+0000][1][safepoint    ] Entering safepoint region: RevokeBias
[2019-06-24T09:55:09.715+0000][1][safepoint    ] Leaving safepoint region
[2019-06-24T09:55:09.715+0000][1][safepoint    ] Total time for which application threads were stopped: 0.0000474 seconds, Stopping threads took: 0.0000094 seconds
[2019-06-24T09:55:09.729+0000][1][safepoint    ] Application time: 0.0144618 seconds
[2019-06-24T09:55:09.729+0000][1][safepoint    ] Entering safepoint region: Deoptimize
[2019-06-24T09:55:09.730+0000][1][safepoint    ] Leaving safepoint region
[2019-06-24T09:55:09.730+0000][1][safepoint    ] Total time for which application threads were stopped: 0.0003296 seconds, Stopping threads took: 0.0000148 seconds
[2019-06-24T09:55:09.764+0000][1][safepoint    ] Application time: 0.0345631 seconds
[2019-06-24T09:55:09.764+0000][1][safepoint    ] Entering safepoint region: Deoptimize
[2019-06-24T09:55:09.765+0000][1][safepoint    ] Leaving safepoint region
[2019-06-24T09:55:09.765+0000][1][safepoint    ] Total time for which application threads were stopped: 0.0004060 seconds, Stopping threads took: 0.0000166 seconds
[2019-06-24T09:55:09.852+0000][1][safepoint    ] Application time: 0.0878030 seconds
[2019-06-24T09:55:09.852+0000][1][safepoint    ] Entering safepoint region: GenCollectForAllocation
[2019-06-24T09:55:09.853+0000][1][gc,start     ] GC(5) Pause Young (Allocation Failure)
[2019-06-24T09:55:09.853+0000][1][gc,task      ] GC(5) Using 5 workers of 8 for evacuation
[2019-06-24T09:55:09.857+0000][1][gc,age       ] GC(5) Desired survivor size 4456448 bytes, new threshold 6 (max threshold 6)
[2019-06-24T09:55:09.857+0000][1][gc,age       ] GC(5) Age table with threshold 6 (max threshold 6)
[2019-06-24T09:55:09.857+0000][1][gc,age       ] GC(5) - age   1:    3323712 bytes,    3323712 total
[2019-06-24T09:55:09.857+0000][1][gc,age       ] GC(5) - age   2:     442960 bytes,    3766672 total
[2019-06-24T09:55:09.857+0000][1][gc,heap      ] GC(5) ParNew: 77605K->6183K(78656K)
[2019-06-24T09:55:09.857+0000][1][gc,heap      ] GC(5) CMS: 7822K->11393K(174784K)
[2019-06-24T09:55:09.857+0000][1][gc,metaspace ] GC(5) Metaspace: 18779K->18779K(1067008K)
[2019-06-24T09:55:09.857+0000][1][gc           ] GC(5) Pause Young (Allocation Failure) 83M->17M(247M) 4.438ms
[2019-06-24T09:55:09.857+0000][1][gc,cpu       ] GC(5) User=0.03s Sys=0.00s Real=0.01s
[2019-06-24T09:55:09.857+0000][1][safepoint    ] Leaving safepoint region
[2019-06-24T09:55:09.857+0000][1][safepoint    ] Total time for which application threads were stopped: 0.0045874 seconds, Stopping threads took: 0.0000207 seconds
[2019-06-24T09:55:09.857+0000][1][safepoint    ] Application time: 0.0002021 seconds
[2019-06-24T09:55:09.857+0000][1][safepoint    ] Entering safepoint region: RevokeBias
[2019-06-24T09:55:09.857+0000][1][safepoint    ] Leaving safepoint region
[2019-06-24T09:55:09.857+0000][1][safepoint    ] Total time for which application threads were stopped: 0.0001563 seconds, Stopping threads took: 0.0001168 seconds
[2019-06-24T09:55:09.858+0000][1][safepoint    ] Application time: 0.0000544 seconds
[2019-06-24T09:55:09.858+0000][1][safepoint    ] Entering safepoint region: RevokeBias
[2019-06-24T09:55:09.858+0000][1][safepoint    ] Leaving safepoint region
[2019-06-24T09:55:09.858+0000][1][safepoint    ] Total time for which application threads were stopped: 0.0000585 seconds, Stopping threads took: 0.0000314 seconds
[2019-06-24T09:55:09.858+0000][1][safepoint    ] Application time: 0.0000388 seconds
[2019-06-24T09:55:09.858+0000][1][safepoint    ] Entering safepoint region: RevokeBias
[2019-06-24T09:55:09.858+0000][1][safepoint    ] Leaving safepoint region
[2019-06-24T09:55:09.858+0000][1][safepoint    ] Total time for which application threads were stopped: 0.0000284 seconds, Stopping threads took: 0.0000059 seconds
[2019-06-24T09:55:09.858+0000][1][safepoint    ] Application time: 0.0000311 seconds
[2019-06-24T09:55:09.858+0000][1][safepoint    ] Entering safepoint region: RevokeBias
[2019-06-24T09:55:09.858+0000][1][safepoint    ] Leaving safepoint region
[2019-06-24T09:55:09.858+0000][1][safepoint    ] Total time for which application threads were stopped: 0.0000284 seconds, Stopping threads took: 0.0000059 seconds
[2019-06-24T09:55:09.858+0000][1][safepoint    ] Application time: 0.0000328 seconds
[2019-06-24T09:55:09.858+0000][1][safepoint    ] Entering safepoint region: RevokeBias
[2019-06-24T09:55:09.858+0000][1][safepoint    ] Leaving safepoint region
[2019-06-24T09:55:09.858+0000][1][safepoint    ] Total time for which application threads were stopped: 0.0000278 seconds, Stopping threads took: 0.0000056 seconds
[2019-06-24T09:55:09.858+0000][1][safepoint    ] Application time: 0.0000304 seconds
[2019-06-24T09:55:09.858+0000][1][safepoint    ] Entering safepoint region: RevokeBias
[2019-06-24T09:55:09.858+0000][1][safepoint    ] Leaving safepoint region
[2019-06-24T09:55:09.858+0000][1][safepoint    ] Total time for which application threads were stopped: 0.0000296 seconds, Stopping threads took: 0.0000056 seconds
[2019-06-24T09:55:09.932+0000][1][safepoint    ] Application time: 0.0744244 seconds
[2019-06-24T09:55:09.932+0000][1][safepoint    ] Entering safepoint region: RevokeBias
[2019-06-24T09:55:09.932+0000][1][safepoint    ] Leaving safepoint region
[2019-06-24T09:55:09.932+0000][1][safepoint    ] Total time for which application threads were stopped: 0.0000746 seconds, Stopping threads took: 0.0000161 seconds
[2019-06-24T09:55:09.933+0000][1][safepoint    ] Application time: 0.0001236 seconds
[2019-06-24T09:55:09.933+0000][1][safepoint    ] Entering safepoint region: BulkRevokeBias
[2019-06-24T09:55:09.933+0000][1][safepoint    ] Leaving safepoint region
[2019-06-24T09:55:09.933+0000][1][safepoint    ] Total time for which application threads were stopped: 0.0001085 seconds, Stopping threads took: 0.0000116 seconds
[2019-06-24T09:55:09.959+0000][1][safepoint    ] Application time: 0.0258746 seconds
[2019-06-24T09:55:09.959+0000][1][safepoint    ] Entering safepoint region: GenCollectForAllocation
[2019-06-24T09:55:09.959+0000][1][gc,start     ] GC(6) Pause Young (Allocation Failure)
[2019-06-24T09:55:09.959+0000][1][gc,task      ] GC(6) Using 5 workers of 8 for evacuation
[2019-06-24T09:55:09.961+0000][1][gc,age       ] GC(6) Desired survivor size 4456448 bytes, new threshold 2 (max threshold 6)
[2019-06-24T09:55:09.961+0000][1][gc,age       ] GC(6) Age table with threshold 2 (max threshold 6)
[2019-06-24T09:55:09.961+0000][1][gc,age       ] GC(6) - age   1:    2305176 bytes,    2305176 total
[2019-06-24T09:55:09.961+0000][1][gc,age       ] GC(6) - age   2:    2196000 bytes,    4501176 total
[2019-06-24T09:55:09.961+0000][1][gc,age       ] GC(6) - age   3:     442960 bytes,    4944136 total
[2019-06-24T09:55:09.961+0000][1][gc,heap      ] GC(6) ParNew: 76135K->5954K(78656K)
[2019-06-24T09:55:09.961+0000][1][gc,heap      ] GC(6) CMS: 11393K->11393K(174784K)
[2019-06-24T09:55:09.961+0000][1][gc,metaspace ] GC(6) Metaspace: 19086K->19086K(1067008K)
[2019-06-24T09:55:09.961+0000][1][gc           ] GC(6) Pause Young (Allocation Failure) 85M->16M(247M) 2.691ms
[2019-06-24T09:55:09.961+0000][1][gc,cpu       ] GC(6) User=0.01s Sys=0.00s Real=0.00s
[2019-06-24T09:55:09.961+0000][1][safepoint    ] Leaving safepoint region
[2019-06-24T09:55:09.961+0000][1][safepoint    ] Total time for which application threads were stopped: 0.0028143 seconds, Stopping threads took: 0.0000184 seconds
[2019-06-24T09:55:09.962+0000][1][safepoint    ] Application time: 0.0001634 seconds
[2019-06-24T09:55:09.962+0000][1][safepoint    ] Entering safepoint region: BulkRevokeBias
[2019-06-24T09:55:09.962+0000][1][safepoint    ] Leaving safepoint region
[2019-06-24T09:55:09.962+0000][1][safepoint    ] Total time for which application threads were stopped: 0.0001058 seconds, Stopping threads took: 0.0000406 seconds
[2019-06-24T09:55:10.118+0000][1][safepoint    ] Application time: 0.1564947 seconds
[2019-06-24T09:55:10.118+0000][1][safepoint    ] Entering safepoint region: CollectForMetadataAllocation
[2019-06-24T09:55:10.119+0000][1][safepoint    ] Leaving safepoint region
[2019-06-24T09:55:10.119+0000][1][safepoint    ] Total time for which application threads were stopped: 0.0002726 seconds, Stopping threads took: 0.0000173 seconds
[2019-06-24T09:55:10.122+0000][1][safepoint    ] Application time: 0.0034442 seconds
[2019-06-24T09:55:10.122+0000][1][safepoint    ] Entering safepoint region: GenCollectForAllocation
[2019-06-24T09:55:10.122+0000][1][gc,start     ] GC(7) Pause Young (Allocation Failure)
[2019-06-24T09:55:10.122+0000][1][gc,task      ] GC(7) Using 5 workers of 8 for evacuation
[2019-06-24T09:55:10.126+0000][1][gc,age       ] GC(7) Desired survivor size 4456448 bytes, new threshold 6 (max threshold 6)
[2019-06-24T09:55:10.126+0000][1][gc,age       ] GC(7) Age table with threshold 6 (max threshold 6)
[2019-06-24T09:55:10.126+0000][1][gc,age       ] GC(7) - age   1:     759696 bytes,     759696 total
[2019-06-24T09:55:10.126+0000][1][gc,age       ] GC(7) - age   2:    1129368 bytes,    1889064 total
[2019-06-24T09:55:10.126+0000][1][gc,heap      ] GC(7) ParNew: 75906K->4587K(78656K)
[2019-06-24T09:55:10.126+0000][1][gc,heap      ] GC(7) CMS: 11393K->13985K(174784K)
[2019-06-24T09:55:10.126+0000][1][gc,metaspace ] GC(7) Metaspace: 20111K->20111K(1069056K)
[2019-06-24T09:55:10.126+0000][1][gc           ] GC(7) Pause Young (Allocation Failure) 85M->18M(247M) 3.634ms
[2019-06-24T09:55:10.126+0000][1][gc,cpu       ] GC(7) User=0.03s Sys=0.00s Real=0.01s
[2019-06-24T09:55:10.126+0000][1][safepoint    ] Leaving safepoint region
[2019-06-24T09:55:10.126+0000][1][safepoint    ] Total time for which application threads were stopped: 0.0037571 seconds, Stopping threads took: 0.0000167 seconds
[2019-06-24T09:55:10.126+0000][1][safepoint    ] Application time: 0.0000912 seconds
[2019-06-24T09:55:10.126+0000][1][safepoint    ] Entering safepoint region: CMS_Initial_Mark
[2019-06-24T09:55:10.126+0000][1][gc,start     ] GC(8) Pause Initial Mark
[2019-06-24T09:55:10.126+0000][1][gc           ] GC(8) Pause Initial Mark 19M->19M(247M) 0.399ms
[2019-06-24T09:55:10.126+0000][1][gc,cpu       ] GC(8) User=0.00s Sys=0.00s Real=0.00s
[2019-06-24T09:55:10.126+0000][1][safepoint    ] Leaving safepoint region
[2019-06-24T09:55:10.126+0000][1][safepoint    ] Total time for which application threads were stopped: 0.0005202 seconds, Stopping threads took: 0.0000410 seconds
[2019-06-24T09:55:10.126+0000][1][gc           ] GC(8) Concurrent Mark
[2019-06-24T09:55:10.127+0000][1][gc,task      ] GC(8) Using 2 workers of 2 for marking
[2019-06-24T09:55:10.140+0000][1][gc           ] GC(8) Concurrent Mark 13.083ms
[2019-06-24T09:55:10.140+0000][1][gc,cpu       ] GC(8) User=0.09s Sys=0.01s Real=0.01s
[2019-06-24T09:55:10.140+0000][1][gc           ] GC(8) Concurrent Preclean
[2019-06-24T09:55:10.141+0000][1][gc           ] GC(8) Concurrent Preclean 0.924ms
[2019-06-24T09:55:10.141+0000][1][gc,cpu       ] GC(8) User=0.00s Sys=0.00s Real=0.00s
[2019-06-24T09:55:10.141+0000][1][gc           ] GC(8) Concurrent Abortable Preclean
[2019-06-24T09:55:10.208+0000][1][safepoint    ] Application time: 0.0811107 seconds
[2019-06-24T09:55:10.208+0000][1][safepoint    ] Entering safepoint region: GenCollectForAllocation
[2019-06-24T09:55:10.208+0000][1][gc,start     ] GC(9) Pause Young (Allocation Failure)
[2019-06-24T09:55:10.208+0000][1][gc,task      ] GC(9) Using 5 workers of 8 for evacuation
[2019-06-24T09:55:10.209+0000][1][gc,age       ] GC(9) Desired survivor size 4456448 bytes, new threshold 6 (max threshold 6)
[2019-06-24T09:55:10.209+0000][1][gc,age       ] GC(9) Age table with threshold 6 (max threshold 6)
[2019-06-24T09:55:10.209+0000][1][gc,age       ] GC(9) - age   1:    1020400 bytes,    1020400 total
[2019-06-24T09:55:10.209+0000][1][gc,age       ] GC(9) - age   2:     739096 bytes,    1759496 total
[2019-06-24T09:55:10.209+0000][1][gc,age       ] GC(9) - age   3:    1129368 bytes,    2888864 total
[2019-06-24T09:55:10.209+0000][1][gc,heap      ] GC(9) ParNew: 74539K->3605K(78656K)
[2019-06-24T09:55:10.210+0000][1][gc,heap      ] GC(9) CMS: 13985K->13985K(174784K)
[2019-06-24T09:55:10.210+0000][1][gc,metaspace ] GC(9) Metaspace: 20138K->20138K(1069056K)
[2019-06-24T09:55:10.210+0000][1][gc           ] GC(9) Pause Young (Allocation Failure) 86M->17M(247M) 1.856ms
[2019-06-24T09:55:10.210+0000][1][gc,cpu       ] GC(9) User=0.01s Sys=0.00s Real=0.00s
[2019-06-24T09:55:10.210+0000][1][safepoint    ] Leaving safepoint region
[2019-06-24T09:55:10.210+0000][1][safepoint    ] Total time for which application threads were stopped: 0.0019842 seconds, Stopping threads took: 0.0000186 seconds
[2019-06-24T09:55:10.276+0000][1][safepoint    ] Application time: 0.0664084 seconds
[2019-06-24T09:55:10.276+0000][1][safepoint    ] Entering safepoint region: GenCollectForAllocation
[2019-06-24T09:55:10.276+0000][1][gc,start     ] GC(10) Pause Young (Allocation Failure)
[2019-06-24T09:55:10.276+0000][1][gc,task      ] GC(10) Using 5 workers of 8 for evacuation
[2019-06-24T09:55:10.278+0000][1][gc,age       ] GC(10) Desired survivor size 4456448 bytes, new threshold 6 (max threshold 6)
[2019-06-24T09:55:10.278+0000][1][gc,age       ] GC(10) Age table with threshold 6 (max threshold 6)
[2019-06-24T09:55:10.278+0000][1][gc,age       ] GC(10) - age   1:     938808 bytes,     938808 total
[2019-06-24T09:55:10.278+0000][1][gc,age       ] GC(10) - age   2:     261304 bytes,    1200112 total
[2019-06-24T09:55:10.278+0000][1][gc,age       ] GC(10) - age   3:     738952 bytes,    1939064 total
[2019-06-24T09:55:10.278+0000][1][gc,age       ] GC(10) - age   4:    1129368 bytes,    3068432 total
[2019-06-24T09:55:10.278+0000][1][gc,heap      ] GC(10) ParNew: 73557K->3750K(78656K)
[2019-06-24T09:55:10.278+0000][1][gc,heap      ] GC(10) CMS: 13985K->13985K(174784K)
[2019-06-24T09:55:10.278+0000][1][gc,metaspace ] GC(10) Metaspace: 20246K->20246K(1069056K)
[2019-06-24T09:55:10.278+0000][1][gc           ] GC(10) Pause Young (Allocation Failure) 85M->17M(247M) 2.123ms
[2019-06-24T09:55:10.278+0000][1][gc,cpu       ] GC(10) User=0.01s Sys=0.00s Real=0.00s
[2019-06-24T09:55:10.278+0000][1][safepoint    ] Leaving safepoint region
[2019-06-24T09:55:10.278+0000][1][safepoint    ] Total time for which application threads were stopped: 0.0022468 seconds, Stopping threads took: 0.0000162 seconds
[2019-06-24T09:55:10.351+0000][1][safepoint    ] Application time: 0.0732049 seconds
[2019-06-24T09:55:10.352+0000][1][safepoint    ] Entering safepoint region: GenCollectForAllocation
[2019-06-24T09:55:10.352+0000][1][gc,start     ] GC(11) Pause Young (Allocation Failure)
[2019-06-24T09:55:10.352+0000][1][gc,task      ] GC(11) Using 5 workers of 8 for evacuation
[2019-06-24T09:55:10.354+0000][1][gc,age       ] GC(11) Desired survivor size 4456448 bytes, new threshold 5 (max threshold 6)
[2019-06-24T09:55:10.354+0000][1][gc,age       ] GC(11) Age table with threshold 5 (max threshold 6)
[2019-06-24T09:55:10.354+0000][1][gc,age       ] GC(11) - age   1:    2291944 bytes,    2291944 total
[2019-06-24T09:55:10.354+0000][1][gc,age       ] GC(11) - age   2:      99208 bytes,    2391152 total
[2019-06-24T09:55:10.354+0000][1][gc,age       ] GC(11) - age   3:     261304 bytes,    2652456 total
[2019-06-24T09:55:10.355+0000][1][gc,age       ] GC(11) - age   4:     738800 bytes,    3391256 total
[2019-06-24T09:55:10.355+0000][1][gc,age       ] GC(11) - age   5:    1129080 bytes,    4520336 total
[2019-06-24T09:55:10.355+0000][1][gc,heap      ] GC(11) ParNew: 73702K->5833K(78656K)
[2019-06-24T09:55:10.355+0000][1][gc,heap      ] GC(11) CMS: 13985K->13985K(174784K)
[2019-06-24T09:55:10.355+0000][1][gc,metaspace ] GC(11) Metaspace: 20332K->20332K(1069056K)
[2019-06-24T09:55:10.355+0000][1][gc           ] GC(11) Pause Young (Allocation Failure) 85M->19M(247M) 2.962ms
[2019-06-24T09:55:10.355+0000][1][gc,cpu       ] GC(11) User=0.02s Sys=0.00s Real=0.01s
[2019-06-24T09:55:10.355+0000][1][safepoint    ] Leaving safepoint region
[2019-06-24T09:55:10.355+0000][1][safepoint    ] Total time for which application threads were stopped: 0.0031335 seconds, Stopping threads took: 0.0000366 seconds
[2019-06-24T09:55:10.389+0000][1][safepoint    ] Application time: 0.0342317 seconds
[2019-06-24T09:55:10.389+0000][1][safepoint    ] Entering safepoint region: CollectForMetadataAllocation
[2019-06-24T09:55:10.389+0000][1][safepoint    ] Leaving safepoint region
[2019-06-24T09:55:10.389+0000][1][safepoint    ] Total time for which application threads were stopped: 0.0001860 seconds, Stopping threads took: 0.0000153 seconds
[2019-06-24T09:55:10.398+0000][1][safepoint    ] Application time: 0.0090813 seconds
[2019-06-24T09:55:10.398+0000][1][safepoint    ] Entering safepoint region: Deoptimize
[2019-06-24T09:55:10.399+0000][1][safepoint    ] Leaving safepoint region
[2019-06-24T09:55:10.399+0000][1][safepoint    ] Total time for which application threads were stopped: 0.0003681 seconds, Stopping threads took: 0.0000144 seconds
[2019-06-24T09:55:10.428+0000][1][safepoint    ] Application time: 0.0297614 seconds
[2019-06-24T09:55:10.428+0000][1][safepoint    ] Entering safepoint region: CollectForMetadataAllocation
[2019-06-24T09:55:10.429+0000][1][safepoint    ] Leaving safepoint region
[2019-06-24T09:55:10.429+0000][1][safepoint    ] Total time for which application threads were stopped: 0.0001958 seconds, Stopping threads took: 0.0000295 seconds
[2019-06-24T09:55:10.445+0000][1][safepoint    ] Application time: 0.0158770 seconds
[2019-06-24T09:55:10.445+0000][1][safepoint    ] Entering safepoint region: CollectForMetadataAllocation
[2019-06-24T09:55:10.445+0000][1][safepoint    ] Leaving safepoint region
[2019-06-24T09:55:10.445+0000][1][safepoint    ] Total time for which application threads were stopped: 0.0001936 seconds, Stopping threads took: 0.0000160 seconds
[2019-06-24T09:55:10.469+0000][1][safepoint    ] Application time: 0.0242170 seconds
[2019-06-24T09:55:10.469+0000][1][safepoint    ] Entering safepoint region: CollectForMetadataAllocation
[2019-06-24T09:55:10.469+0000][1][safepoint    ] Leaving safepoint region
[2019-06-24T09:55:10.469+0000][1][safepoint    ] Total time for which application threads were stopped: 0.0002008 seconds, Stopping threads took: 0.0000166 seconds
[2019-06-24T09:55:10.491+0000][1][safepoint    ] Application time: 0.0213348 seconds
[2019-06-24T09:55:10.491+0000][1][safepoint    ] Entering safepoint region: CollectForMetadataAllocation
[2019-06-24T09:55:10.491+0000][1][safepoint    ] Leaving safepoint region
[2019-06-24T09:55:10.491+0000][1][safepoint    ] Total time for which application threads were stopped: 0.0001210 seconds, Stopping threads took: 0.0000117 seconds
[2019-06-24T09:55:10.491+0000][1][gc           ] GC(8) Concurrent Abortable Preclean 350.152ms
[2019-06-24T09:55:10.491+0000][1][gc,cpu       ] GC(8) User=1.55s Sys=0.06s Real=0.35s
[2019-06-24T09:55:10.491+0000][1][safepoint    ] Application time: 0.0001078 seconds
[2019-06-24T09:55:10.491+0000][1][safepoint    ] Entering safepoint region: CMS_Final_Remark
[2019-06-24T09:55:10.491+0000][1][gc,start     ] GC(8) Pause Remark
[2019-06-24T09:55:10.501+0000][1][gc           ] GC(8) Pause Remark 56M->56M(247M) 10.315ms
[2019-06-24T09:55:10.501+0000][1][gc,cpu       ] GC(8) User=0.04s Sys=0.00s Real=0.01s
[2019-06-24T09:55:10.501+0000][1][safepoint    ] Leaving safepoint region
[2019-06-24T09:55:10.501+0000][1][safepoint    ] Total time for which application threads were stopped: 0.0104756 seconds, Stopping threads took: 0.0000461 seconds
[2019-06-24T09:55:10.501+0000][1][gc           ] GC(8) Concurrent Sweep
[2019-06-24T09:55:10.508+0000][1][gc           ] GC(8) Concurrent Sweep 6.580ms
[2019-06-24T09:55:10.508+0000][1][gc,cpu       ] GC(8) User=0.04s Sys=0.00s Real=0.01s
[2019-06-24T09:55:10.508+0000][1][gc           ] GC(8) Concurrent Reset
[2019-06-24T09:55:10.508+0000][1][gc           ] GC(8) Concurrent Reset 0.349ms
[2019-06-24T09:55:10.508+0000][1][gc,cpu       ] GC(8) User=0.00s Sys=0.00s Real=0.00s
[2019-06-24T09:55:10.508+0000][1][gc,heap      ] GC(8) Old: 13985K->13959K(174784K)
[2019-06-24T09:55:10.763+0000][1][safepoint    ] Application time: 0.2612214 seconds
[2019-06-24T09:55:10.763+0000][1][safepoint    ] Entering safepoint region: Deoptimize
[2019-06-24T09:55:10.763+0000][1][safepoint    ] Leaving safepoint region
[2019-06-24T09:55:10.763+0000][1][safepoint    ] Total time for which application threads were stopped: 0.0008374 seconds, Stopping threads took: 0.0000121 seconds
[2019-06-24T09:55:10.775+0000][1][safepoint    ] Application time: 0.0120446 seconds
[2019-06-24T09:55:10.776+0000][1][safepoint    ] Entering safepoint region: RevokeBias
[2019-06-24T09:55:10.776+0000][1][safepoint    ] Leaving safepoint region
[2019-06-24T09:55:10.776+0000][1][safepoint    ] Total time for which application threads were stopped: 0.0000774 seconds, Stopping threads took: 0.0000168 seconds
[2019-06-24T09:55:10.776+0000][1][safepoint    ] Application time: 0.0004645 seconds
[2019-06-24T09:55:10.776+0000][1][safepoint    ] Entering safepoint region: Deoptimize
[2019-06-24T09:55:10.776+0000][1][safepoint    ] Leaving safepoint region
[2019-06-24T09:55:10.776+0000][1][safepoint    ] Total time for which application threads were stopped: 0.0003807 seconds, Stopping threads took: 0.0000139 seconds
[2019-06-24T09:55:10.781+0000][1][safepoint    ] Application time: 0.0049022 seconds
[2019-06-24T09:55:10.781+0000][1][safepoint    ] Entering safepoint region: Deoptimize
[2019-06-24T09:55:10.782+0000][1][safepoint    ] Leaving safepoint region
[2019-06-24T09:55:10.782+0000][1][safepoint    ] Total time for which application threads were stopped: 0.0002785 seconds, Stopping threads took: 0.0000117 seconds
[2019-06-24T09:55:10.971+0000][1][safepoint    ] Application time: 0.1892967 seconds
[2019-06-24T09:55:10.971+0000][1][safepoint    ] Entering safepoint region: GenCollectForAllocation
[2019-06-24T09:55:10.971+0000][1][gc,start     ] GC(12) Pause Young (Allocation Failure)
[2019-06-24T09:55:10.971+0000][1][gc,task      ] GC(12) Using 5 workers of 8 for evacuation
[2019-06-24T09:55:10.977+0000][1][gc,age       ] GC(12) Desired survivor size 4456448 bytes, new threshold 1 (max threshold 6)
[2019-06-24T09:55:10.977+0000][1][gc,age       ] GC(12) Age table with threshold 1 (max threshold 6)
[2019-06-24T09:55:10.977+0000][1][gc,age       ] GC(12) - age   1:    5114112 bytes,    5114112 total
[2019-06-24T09:55:10.977+0000][1][gc,age       ] GC(12) - age   2:     344840 bytes,    5458952 total
[2019-06-24T09:55:10.977+0000][1][gc,age       ] GC(12) - age   3:      98912 bytes,    5557864 total
[2019-06-24T09:55:10.977+0000][1][gc,age       ] GC(12) - age   4:     261240 bytes,    5819104 total
[2019-06-24T09:55:10.977+0000][1][gc,age       ] GC(12) - age   5:     733440 bytes,    6552544 total
[2019-06-24T09:55:10.977+0000][1][gc,heap      ] GC(12) ParNew: 75785K->8470K(78656K)
[2019-06-24T09:55:10.977+0000][1][gc,heap      ] GC(12) CMS: 13959K->15067K(174784K)
[2019-06-24T09:55:10.977+0000][1][gc,metaspace ] GC(12) Metaspace: 26312K->26312K(1073152K)
[2019-06-24T09:55:10.977+0000][1][gc           ] GC(12) Pause Young (Allocation Failure) 87M->22M(247M) 6.197ms
[2019-06-24T09:55:10.977+0000][1][gc,cpu       ] GC(12) User=0.03s Sys=0.00s Real=0.01s
[2019-06-24T09:55:10.977+0000][1][safepoint    ] Leaving safepoint region
[2019-06-24T09:55:10.977+0000][1][safepoint    ] Total time for which application threads were stopped: 0.0063332 seconds, Stopping threads took: 0.0000182 seconds
[2019-06-24T09:55:11.220+0000][1][safepoint    ] Application time: 0.2429689 seconds
[2019-06-24T09:55:11.220+0000][1][safepoint    ] Entering safepoint region: Deoptimize
[2019-06-24T09:55:11.221+0000][1][safepoint    ] Leaving safepoint region
[2019-06-24T09:55:11.221+0000][1][safepoint    ] Total time for which application threads were stopped: 0.0005879 seconds, Stopping threads took: 0.0000171 seconds
[2019-06-24T09:55:11.604+0000][1][safepoint    ] Application time: 0.3828651 seconds
[2019-06-24T09:55:11.604+0000][1][safepoint    ] Entering safepoint region: GenCollectForAllocation
[2019-06-24T09:55:11.604+0000][1][gc,start     ] GC(13) Pause Young (Allocation Failure)
[2019-06-24T09:55:11.604+0000][1][gc,task      ] GC(13) Using 5 workers of 8 for evacuation
[2019-06-24T09:55:11.625+0000][1][gc,age       ] GC(13) Desired survivor size 4456448 bytes, new threshold 1 (max threshold 6)
[2019-06-24T09:55:11.625+0000][1][gc,age       ] GC(13) Age table with threshold 1 (max threshold 6)
[2019-06-24T09:55:11.625+0000][1][gc,age       ] GC(13) - age   1:    8912664 bytes,    8912664 total
[2019-06-24T09:55:11.625+0000][1][gc,heap      ] GC(13) ParNew: 78422K->8704K(78656K)
[2019-06-24T09:55:11.625+0000][1][gc,heap      ] GC(13) CMS: 15067K->25884K(174784K)
[2019-06-24T09:55:11.625+0000][1][gc,metaspace ] GC(13) Metaspace: 26829K->26829K(1075200K)
[2019-06-24T09:55:11.625+0000][1][gc           ] GC(13) Pause Young (Allocation Failure) 91M->33M(247M) 20.970ms
[2019-06-24T09:55:11.625+0000][1][gc,cpu       ] GC(13) User=0.14s Sys=0.00s Real=0.02s
[2019-06-24T09:55:11.625+0000][1][safepoint    ] Leaving safepoint region
[2019-06-24T09:55:11.625+0000][1][safepoint    ] Total time for which application threads were stopped: 0.0211339 seconds, Stopping threads took: 0.0000190 seconds
[2019-06-24T09:55:12.005+0000][1][safepoint    ] Application time: 0.3801642 seconds
[2019-06-24T09:55:12.005+0000][1][safepoint    ] Entering safepoint region: GenCollectForAllocation
[2019-06-24T09:55:12.005+0000][1][gc,start     ] GC(14) Pause Young (Allocation Failure)
[2019-06-24T09:55:12.005+0000][1][gc,task      ] GC(14) Using 5 workers of 8 for evacuation
[2019-06-24T09:55:12.026+0000][1][gc,age       ] GC(14) Desired survivor size 4456448 bytes, new threshold 1 (max threshold 6)
[2019-06-24T09:55:12.026+0000][1][gc,age       ] GC(14) Age table with threshold 1 (max threshold 6)
[2019-06-24T09:55:12.026+0000][1][gc,age       ] GC(14) - age   1:    7616136 bytes,    7616136 total
[2019-06-24T09:55:12.026+0000][1][gc,heap      ] GC(14) ParNew: 78656K->8704K(78656K)
[2019-06-24T09:55:12.026+0000][1][gc,heap      ] GC(14) CMS: 25884K->40568K(174784K)
[2019-06-24T09:55:12.026+0000][1][gc,metaspace ] GC(14) Metaspace: 26872K->26872K(1075200K)
[2019-06-24T09:55:12.026+0000][1][gc           ] GC(14) Pause Young (Allocation Failure) 102M->48M(247M) 20.519ms
[2019-06-24T09:55:12.026+0000][1][gc,cpu       ] GC(14) User=0.14s Sys=0.00s Real=0.02s
[2019-06-24T09:55:12.026+0000][1][safepoint    ] Leaving safepoint region
[2019-06-24T09:55:12.026+0000][1][safepoint    ] Total time for which application threads were stopped: 0.0206490 seconds, Stopping threads took: 0.0000163 seconds
[2019-06-24T09:55:12.094+0000][1][safepoint    ] Application time: 0.0684991 seconds
[2019-06-24T09:55:12.094+0000][1][safepoint    ] Entering safepoint region: RevokeBias
[2019-06-24T09:55:12.095+0000][1][safepoint    ] Leaving safepoint region
[2019-06-24T09:55:12.095+0000][1][safepoint    ] Total time for which application threads were stopped: 0.0001126 seconds, Stopping threads took: 0.0000449 seconds
[2019-06-24T09:55:12.475+0000][1][safepoint    ] Application time: 0.3806961 seconds
[2019-06-24T09:55:12.475+0000][1][safepoint    ] Entering safepoint region: RevokeBias
[2019-06-24T09:55:12.475+0000][1][safepoint    ] Leaving safepoint region
[2019-06-24T09:55:12.475+0000][1][safepoint    ] Total time for which application threads were stopped: 0.0001556 seconds, Stopping threads took: 0.0000179 seconds
[2019-06-24T09:55:12.637+0000][1][safepoint    ] Application time: 0.1615925 seconds
[2019-06-24T09:55:12.637+0000][1][safepoint    ] Entering safepoint region: GenCollectForAllocation
[2019-06-24T09:55:12.637+0000][1][gc,start     ] GC(15) Pause Young (Allocation Failure)
[2019-06-24T09:55:12.637+0000][1][gc,task      ] GC(15) Using 5 workers of 8 for evacuation
[2019-06-24T09:55:12.655+0000][1][gc,age       ] GC(15) Desired survivor size 4456448 bytes, new threshold 1 (max threshold 6)
[2019-06-24T09:55:12.655+0000][1][gc,age       ] GC(15) Age table with threshold 1 (max threshold 6)
[2019-06-24T09:55:12.655+0000][1][gc,age       ] GC(15) - age   1:    6718456 bytes,    6718456 total
[2019-06-24T09:55:12.655+0000][1][gc,heap      ] GC(15) ParNew: 78656K->8704K(78656K)
[2019-06-24T09:55:12.655+0000][1][gc,heap      ] GC(15) CMS: 40568K->49272K(174784K)
[2019-06-24T09:55:12.655+0000][1][gc,metaspace ] GC(15) Metaspace: 32642K->32642K(1079296K)
[2019-06-24T09:55:12.655+0000][1][gc           ] GC(15) Pause Young (Allocation Failure) 116M->56M(247M) 18.023ms
[2019-06-24T09:55:12.655+0000][1][gc,cpu       ] GC(15) User=0.11s Sys=0.00s Real=0.02s
[2019-06-24T09:55:12.655+0000][1][safepoint    ] Leaving safepoint region
[2019-06-24T09:55:12.655+0000][1][safepoint    ] Total time for which application threads were stopped: 0.0181822 seconds, Stopping threads took: 0.0000182 seconds
[2019-06-24T09:55:12.784+0000][1][safepoint    ] Application time: 0.1289853 seconds
[2019-06-24T09:55:12.784+0000][1][safepoint    ] Entering safepoint region: GenCollectForAllocation
[2019-06-24T09:55:12.784+0000][1][gc,start     ] GC(16) Pause Young (Allocation Failure)
[2019-06-24T09:55:12.784+0000][1][gc,task      ] GC(16) Using 5 workers of 8 for evacuation
[2019-06-24T09:55:12.794+0000][1][gc,age       ] GC(16) Desired survivor size 4456448 bytes, new threshold 6 (max threshold 6)
[2019-06-24T09:55:12.794+0000][1][gc,age       ] GC(16) Age table with threshold 6 (max threshold 6)
[2019-06-24T09:55:12.794+0000][1][gc,age       ] GC(16) - age   1:     207432 bytes,     207432 total
[2019-06-24T09:55:12.794+0000][1][gc,heap      ] GC(16) ParNew: 78656K->6811K(78656K)
[2019-06-24T09:55:12.794+0000][1][gc,heap      ] GC(16) CMS: 49272K->55877K(174784K)
[2019-06-24T09:55:12.794+0000][1][gc,metaspace ] GC(16) Metaspace: 32789K->32789K(1079296K)
[2019-06-24T09:55:12.794+0000][1][gc           ] GC(16) Pause Young (Allocation Failure) 124M->61M(247M) 9.513ms
[2019-06-24T09:55:12.794+0000][1][gc,cpu       ] GC(16) User=0.07s Sys=0.00s Real=0.00s
[2019-06-24T09:55:12.794+0000][1][safepoint    ] Leaving safepoint region
[2019-06-24T09:55:12.794+0000][1][safepoint    ] Total time for which application threads were stopped: 0.0096674 seconds, Stopping threads took: 0.0000180 seconds
[2019-06-24T09:55:13.105+0000][1][safepoint    ] Application time: 0.3110236 seconds
[2019-06-24T09:55:13.105+0000][1][safepoint    ] Entering safepoint region: CollectForMetadataAllocation
[2019-06-24T09:55:13.105+0000][1][safepoint    ] Leaving safepoint region
[2019-06-24T09:55:13.105+0000][1][safepoint    ] Total time for which application threads were stopped: 0.0001679 seconds, Stopping threads took: 0.0000114 seconds
[2019-06-24T09:55:13.133+0000][1][safepoint    ] Application time: 0.0273727 seconds
[2019-06-24T09:55:13.133+0000][1][safepoint    ] Entering safepoint region: CollectForMetadataAllocation
[2019-06-24T09:55:13.133+0000][1][safepoint    ] Leaving safepoint region
[2019-06-24T09:55:13.133+0000][1][safepoint    ] Total time for which application threads were stopped: 0.0001396 seconds, Stopping threads took: 0.0000107 seconds
[2019-06-24T09:55:13.151+0000][1][safepoint    ] Application time: 0.0177025 seconds
[2019-06-24T09:55:13.151+0000][1][safepoint    ] Entering safepoint region: CollectForMetadataAllocation
[2019-06-24T09:55:13.151+0000][1][safepoint    ] Leaving safepoint region
[2019-06-24T09:55:13.151+0000][1][safepoint    ] Total time for which application threads were stopped: 0.0001495 seconds, Stopping threads took: 0.0000104 seconds
[2019-06-24T09:55:13.154+0000][1][safepoint    ] Application time: 0.0035548 seconds
[2019-06-24T09:55:13.154+0000][1][safepoint    ] Entering safepoint region: RevokeBias
[2019-06-24T09:55:13.154+0000][1][safepoint    ] Leaving safepoint region
[2019-06-24T09:55:13.154+0000][1][safepoint    ] Total time for which application threads were stopped: 0.0001534 seconds, Stopping threads took: 0.0000755 seconds
[2019-06-24T09:55:13.166+0000][1][safepoint    ] Application time: 0.0112102 seconds
[2019-06-24T09:55:13.166+0000][1][safepoint    ] Entering safepoint region: CollectForMetadataAllocation
[2019-06-24T09:55:13.166+0000][1][safepoint    ] Leaving safepoint region
[2019-06-24T09:55:13.166+0000][1][safepoint    ] Total time for which application threads were stopped: 0.0001437 seconds, Stopping threads took: 0.0000110 seconds
[2019-06-24T09:55:13.183+0000][1][safepoint    ] Application time: 0.0176552 seconds
[2019-06-24T09:55:13.184+0000][1][safepoint    ] Entering safepoint region: RevokeBias
[2019-06-24T09:55:13.184+0000][1][safepoint    ] Leaving safepoint region
[2019-06-24T09:55:13.184+0000][1][safepoint    ] Total time for which application threads were stopped: 0.0000998 seconds, Stopping threads took: 0.0000118 seconds
[2019-06-24T09:55:13.193+0000][1][safepoint    ] Application time: 0.0098212 seconds
[2019-06-24T09:55:13.193+0000][1][safepoint    ] Entering safepoint region: CollectForMetadataAllocation
[2019-06-24T09:55:13.194+0000][1][safepoint    ] Leaving safepoint region
[2019-06-24T09:55:13.194+0000][1][safepoint    ] Total time for which application threads were stopped: 0.0001500 seconds, Stopping threads took: 0.0000098 seconds
[2019-06-24T09:55:13.210+0000][1][safepoint    ] Application time: 0.0166921 seconds
[2019-06-24T09:55:13.210+0000][1][safepoint    ] Entering safepoint region: CollectForMetadataAllocation
[2019-06-24T09:55:13.210+0000][1][safepoint    ] Leaving safepoint region
[2019-06-24T09:55:13.210+0000][1][safepoint    ] Total time for which application threads were stopped: 0.0000925 seconds, Stopping threads took: 0.0000103 seconds
[2019-06-24T09:55:13.235+0000][1][safepoint    ] Application time: 0.0247414 seconds
[2019-06-24T09:55:13.235+0000][1][safepoint    ] Entering safepoint region: CollectForMetadataAllocation
[2019-06-24T09:55:13.235+0000][1][safepoint    ] Leaving safepoint region
[2019-06-24T09:55:13.235+0000][1][safepoint    ] Total time for which application threads were stopped: 0.0001488 seconds, Stopping threads took: 0.0000107 seconds
[2019-06-24T09:55:13.248+0000][1][safepoint    ] Application time: 0.0127761 seconds
[2019-06-24T09:55:13.248+0000][1][safepoint    ] Entering safepoint region: CollectForMetadataAllocation
[2019-06-24T09:55:13.248+0000][1][safepoint    ] Leaving safepoint region
[2019-06-24T09:55:13.248+0000][1][safepoint    ] Total time for which application threads were stopped: 0.0000996 seconds, Stopping threads took: 0.0000107 seconds
[2019-06-24T09:55:13.257+0000][1][safepoint    ] Application time: 0.0085198 seconds
[2019-06-24T09:55:13.257+0000][1][safepoint    ] Entering safepoint region: CollectForMetadataAllocation
[2019-06-24T09:55:13.257+0000][1][safepoint    ] Leaving safepoint region
[2019-06-24T09:55:13.257+0000][1][safepoint    ] Total time for which application threads were stopped: 0.0001457 seconds, Stopping threads took: 0.0000099 seconds
[2019-06-24T09:55:13.283+0000][1][safepoint    ] Application time: 0.0261344 seconds
[2019-06-24T09:55:13.283+0000][1][safepoint    ] Entering safepoint region: CollectForMetadataAllocation
[2019-06-24T09:55:13.283+0000][1][safepoint    ] Leaving safepoint region
[2019-06-24T09:55:13.283+0000][1][safepoint    ] Total time for which application threads were stopped: 0.0001314 seconds, Stopping threads took: 0.0000098 seconds
[2019-06-24T09:55:13.295+0000][1][safepoint    ] Application time: 0.0113696 seconds
[2019-06-24T09:55:13.295+0000][1][safepoint    ] Entering safepoint region: CollectForMetadataAllocation
[2019-06-24T09:55:13.295+0000][1][safepoint    ] Leaving safepoint region
[2019-06-24T09:55:13.295+0000][1][safepoint    ] Total time for which application threads were stopped: 0.0001354 seconds, Stopping threads took: 0.0000099 seconds
[2019-06-24T09:55:13.312+0000][1][safepoint    ] Application time: 0.0167377 seconds
[2019-06-24T09:55:13.312+0000][1][safepoint    ] Entering safepoint region: CollectForMetadataAllocation
[2019-06-24T09:55:13.312+0000][1][safepoint    ] Leaving safepoint region
[2019-06-24T09:55:13.312+0000][1][safepoint    ] Total time for which application threads were stopped: 0.0001357 seconds, Stopping threads took: 0.0000104 seconds
[2019-06-24T09:55:13.322+0000][1][safepoint    ] Application time: 0.0107277 seconds
[2019-06-24T09:55:13.323+0000][1][safepoint    ] Entering safepoint region: CollectForMetadataAllocation
[2019-06-24T09:55:13.323+0000][1][safepoint    ] Leaving safepoint region
[2019-06-24T09:55:13.323+0000][1][safepoint    ] Total time for which application threads were stopped: 0.0001842 seconds, Stopping threads took: 0.0000369 seconds
[2019-06-24T09:55:13.342+0000][1][safepoint    ] Application time: 0.0196906 seconds
[2019-06-24T09:55:13.342+0000][1][safepoint    ] Entering safepoint region: CollectForMetadataAllocation
[2019-06-24T09:55:13.343+0000][1][safepoint    ] Leaving safepoint region
[2019-06-24T09:55:13.343+0000][1][safepoint    ] Total time for which application threads were stopped: 0.0001591 seconds, Stopping threads took: 0.0000099 seconds
[2019-06-24T09:55:13.353+0000][1][safepoint    ] Application time: 0.0103154 seconds
[2019-06-24T09:55:13.353+0000][1][safepoint    ] Entering safepoint region: CollectForMetadataAllocation
[2019-06-24T09:55:13.353+0000][1][safepoint    ] Leaving safepoint region
[2019-06-24T09:55:13.353+0000][1][safepoint    ] Total time for which application threads were stopped: 0.0001330 seconds, Stopping threads took: 0.0000095 seconds
[2019-06-24T09:55:13.384+0000][1][safepoint    ] Application time: 0.0313916 seconds
[2019-06-24T09:55:13.385+0000][1][safepoint    ] Entering safepoint region: CollectForMetadataAllocation
[2019-06-24T09:55:13.385+0000][1][safepoint    ] Leaving safepoint region
[2019-06-24T09:55:13.385+0000][1][safepoint    ] Total time for which application threads were stopped: 0.0001841 seconds, Stopping threads took: 0.0000236 seconds
[2019-06-24T09:55:13.404+0000][1][safepoint    ] Application time: 0.0189775 seconds
[2019-06-24T09:55:13.404+0000][1][safepoint    ] Entering safepoint region: CollectForMetadataAllocation
[2019-06-24T09:55:13.404+0000][1][safepoint    ] Leaving safepoint region
[2019-06-24T09:55:13.404+0000][1][safepoint    ] Total time for which application threads were stopped: 0.0001725 seconds, Stopping threads took: 0.0000146 seconds
[2019-06-24T09:55:13.427+0000][1][safepoint    ] Application time: 0.0235952 seconds
[2019-06-24T09:55:13.428+0000][1][safepoint    ] Entering safepoint region: CollectForMetadataAllocation
[2019-06-24T09:55:13.428+0000][1][safepoint    ] Leaving safepoint region
[2019-06-24T09:55:13.428+0000][1][safepoint    ] Total time for which application threads were stopped: 0.0001809 seconds, Stopping threads took: 0.0000167 seconds
[2019-06-24T09:55:13.448+0000][1][safepoint    ] Application time: 0.0207008 seconds
[2019-06-24T09:55:13.448+0000][1][safepoint    ] Entering safepoint region: CollectForMetadataAllocation
[2019-06-24T09:55:13.449+0000][1][safepoint    ] Leaving safepoint region
[2019-06-24T09:55:13.449+0000][1][safepoint    ] Total time for which application threads were stopped: 0.0001748 seconds, Stopping threads took: 0.0000145 seconds
[2019-06-24T09:55:13.461+0000][1][safepoint    ] Application time: 0.0122595 seconds
[2019-06-24T09:55:13.461+0000][1][safepoint    ] Entering safepoint region: CollectForMetadataAllocation
[2019-06-24T09:55:13.461+0000][1][safepoint    ] Leaving safepoint region
[2019-06-24T09:55:13.461+0000][1][safepoint    ] Total time for which application threads were stopped: 0.0002116 seconds, Stopping threads took: 0.0000238 seconds
[2019-06-24T09:55:13.469+0000][1][safepoint    ] Application time: 0.0079873 seconds
[2019-06-24T09:55:13.469+0000][1][safepoint    ] Entering safepoint region: RevokeBias
[2019-06-24T09:55:13.469+0000][1][safepoint    ] Leaving safepoint region
[2019-06-24T09:55:13.469+0000][1][safepoint    ] Total time for which application threads were stopped: 0.0001025 seconds, Stopping threads took: 0.0000373 seconds
[2019-06-24T09:55:13.469+0000][1][safepoint    ] Application time: 0.0001612 seconds
[2019-06-24T09:55:13.469+0000][1][safepoint    ] Entering safepoint region: RevokeBias
[2019-06-24T09:55:13.470+0000][1][safepoint    ] Leaving safepoint region
[2019-06-24T09:55:13.470+0000][1][safepoint    ] Total time for which application threads were stopped: 0.0000848 seconds, Stopping threads took: 0.0000373 seconds
[2019-06-24T09:55:13.488+0000][1][safepoint    ] Application time: 0.0186653 seconds
[2019-06-24T09:55:13.488+0000][1][safepoint    ] Entering safepoint region: CollectForMetadataAllocation
[2019-06-24T09:55:13.488+0000][1][safepoint    ] Leaving safepoint region
[2019-06-24T09:55:13.488+0000][1][safepoint    ] Total time for which application threads were stopped: 0.0001996 seconds, Stopping threads took: 0.0000167 seconds
[2019-06-24T09:55:13.975+0000][1][safepoint    ] Application time: 0.4861608 seconds
[2019-06-24T09:55:13.975+0000][1][safepoint    ] Entering safepoint region: CollectForMetadataAllocation
[2019-06-24T09:55:13.975+0000][1][safepoint    ] Leaving safepoint region
[2019-06-24T09:55:13.976+0000][1][safepoint    ] Total time for which application threads were stopped: 0.0008970 seconds, Stopping threads took: 0.0000120 seconds
[2019-06-24T09:55:13.992+0000][1][safepoint    ] Application time: 0.0167266 seconds
[2019-06-24T09:55:13.992+0000][1][safepoint    ] Entering safepoint region: GenCollectForAllocation
[2019-06-24T09:55:13.992+0000][1][gc,start     ] GC(17) Pause Young (Allocation Failure)
[2019-06-24T09:55:13.992+0000][1][gc,task      ] GC(17) Using 5 workers of 8 for evacuation
[2019-06-24T09:55:13.997+0000][1][gc,age       ] GC(17) Desired survivor size 4456448 bytes, new threshold 6 (max threshold 6)
[2019-06-24T09:55:13.997+0000][1][gc,age       ] GC(17) Age table with threshold 6 (max threshold 6)
[2019-06-24T09:55:13.997+0000][1][gc,age       ] GC(17) - age   1:    4053704 bytes,    4053704 total
[2019-06-24T09:55:13.997+0000][1][gc,age       ] GC(17) - age   2:     206200 bytes,    4259904 total
[2019-06-24T09:55:13.997+0000][1][gc,heap      ] GC(17) ParNew: 76763K->5222K(78656K)
[2019-06-24T09:55:13.997+0000][1][gc,heap      ] GC(17) CMS: 55877K->55877K(174784K)
[2019-06-24T09:55:13.997+0000][1][gc,metaspace ] GC(17) Metaspace: 42293K->42293K(1087488K)
[2019-06-24T09:55:13.997+0000][1][gc           ] GC(17) Pause Young (Allocation Failure) 129M->59M(247M) 4.378ms
[2019-06-24T09:55:13.997+0000][1][gc,cpu       ] GC(17) User=0.03s Sys=0.00s Real=0.01s
[2019-06-24T09:55:13.997+0000][1][safepoint    ] Leaving safepoint region
[2019-06-24T09:55:13.997+0000][1][safepoint    ] Total time for which application threads were stopped: 0.0044862 seconds, Stopping threads took: 0.0000119 seconds
[2019-06-24T09:55:13.997+0000][1][safepoint    ] Application time: 0.0002021 seconds
[2019-06-24T09:55:13.997+0000][1][safepoint    ] Entering safepoint region: CMS_Initial_Mark
[2019-06-24T09:55:13.997+0000][1][gc,start     ] GC(18) Pause Initial Mark
[2019-06-24T09:55:13.998+0000][1][gc           ] GC(18) Pause Initial Mark 61M->61M(247M) 1.291ms
[2019-06-24T09:55:13.998+0000][1][gc,cpu       ] GC(18) User=0.01s Sys=0.00s Real=0.00s
[2019-06-24T09:55:13.998+0000][1][safepoint    ] Leaving safepoint region
[2019-06-24T09:55:13.998+0000][1][safepoint    ] Total time for which application threads were stopped: 0.0013833 seconds, Stopping threads took: 0.0000264 seconds
[2019-06-24T09:55:13.999+0000][1][gc           ] GC(18) Concurrent Mark
[2019-06-24T09:55:13.999+0000][1][gc,task      ] GC(18) Using 2 workers of 2 for marking
[2019-06-24T09:55:14.003+0000][1][safepoint    ] Application time: 0.0041002 seconds
[2019-06-24T09:55:14.003+0000][1][safepoint    ] Entering safepoint region: CollectForMetadataAllocation
[2019-06-24T09:55:14.003+0000][1][safepoint    ] Leaving safepoint region
[2019-06-24T09:55:14.003+0000][1][safepoint    ] Total time for which application threads were stopped: 0.0001184 seconds, Stopping threads took: 0.0000115 seconds
[2019-06-24T09:55:14.006+0000][1][safepoint    ] Application time: 0.0028236 seconds
[2019-06-24T09:55:14.006+0000][1][safepoint    ] Entering safepoint region: RevokeBias
[2019-06-24T09:55:14.006+0000][1][safepoint    ] Leaving safepoint region
[2019-06-24T09:55:14.006+0000][1][safepoint    ] Total time for which application threads were stopped: 0.0000442 seconds, Stopping threads took: 0.0000104 seconds
[2019-06-24T09:55:14.006+0000][1][safepoint    ] Application time: 0.0001182 seconds
[2019-06-24T09:55:14.006+0000][1][safepoint    ] Entering safepoint region: RevokeBias
[2019-06-24T09:55:14.006+0000][1][safepoint    ] Leaving safepoint region
[2019-06-24T09:55:14.006+0000][1][safepoint    ] Total time for which application threads were stopped: 0.0000344 seconds, Stopping threads took: 0.0000089 seconds
[2019-06-24T09:55:14.022+0000][1][safepoint    ] Application time: 0.0160642 seconds
[2019-06-24T09:55:14.022+0000][1][safepoint    ] Entering safepoint region: CollectForMetadataAllocation
[2019-06-24T09:55:14.022+0000][1][safepoint    ] Leaving safepoint region
[2019-06-24T09:55:14.022+0000][1][safepoint    ] Total time for which application threads were stopped: 0.0001600 seconds, Stopping threads took: 0.0000116 seconds
[2019-06-24T09:55:14.048+0000][1][gc           ] GC(18) Concurrent Mark 49.742ms
[2019-06-24T09:55:14.048+0000][1][gc,cpu       ] GC(18) User=0.21s Sys=0.01s Real=0.05s
[2019-06-24T09:55:14.048+0000][1][gc           ] GC(18) Concurrent Preclean
[2019-06-24T09:55:14.050+0000][1][gc           ] GC(18) Concurrent Preclean 1.348ms
[2019-06-24T09:55:14.050+0000][1][gc,cpu       ] GC(18) User=0.00s Sys=0.00s Real=0.00s
[2019-06-24T09:55:14.050+0000][1][gc           ] GC(18) Concurrent Abortable Preclean
[2019-06-24T09:55:14.223+0000][1][safepoint    ] Application time: 0.2010903 seconds
[2019-06-24T09:55:14.223+0000][1][safepoint    ] Entering safepoint region: CollectForMetadataAllocation
[2019-06-24T09:55:14.223+0000][1][safepoint    ] Leaving safepoint region
[2019-06-24T09:55:14.224+0000][1][safepoint    ] Total time for which application threads were stopped: 0.0002754 seconds, Stopping threads took: 0.0000161 seconds
[2019-06-24T09:55:14.234+0000][1][safepoint    ] Application time: 0.0102518 seconds
[2019-06-24T09:55:14.234+0000][1][safepoint    ] Entering safepoint region: CollectForMetadataAllocation
[2019-06-24T09:55:14.234+0000][1][safepoint    ] Leaving safepoint region
[2019-06-24T09:55:14.234+0000][1][safepoint    ] Total time for which application threads were stopped: 0.0001943 seconds, Stopping threads took: 0.0000149 seconds
[2019-06-24T09:55:14.250+0000][1][safepoint    ] Application time: 0.0162782 seconds
[2019-06-24T09:55:14.250+0000][1][safepoint    ] Entering safepoint region: CollectForMetadataAllocation
[2019-06-24T09:55:14.251+0000][1][safepoint    ] Leaving safepoint region
[2019-06-24T09:55:14.251+0000][1][safepoint    ] Total time for which application threads were stopped: 0.0002167 seconds, Stopping threads took: 0.0000150 seconds
[2019-06-24T09:55:14.275+0000][1][safepoint    ] Application time: 0.0248678 seconds
[2019-06-24T09:55:14.275+0000][1][safepoint    ] Entering safepoint region: CollectForMetadataAllocation
[2019-06-24T09:55:14.276+0000][1][safepoint    ] Leaving safepoint region
[2019-06-24T09:55:14.276+0000][1][safepoint    ] Total time for which application threads were stopped: 0.0001747 seconds, Stopping threads took: 0.0000166 seconds
[2019-06-24T09:55:14.296+0000][1][safepoint    ] Application time: 0.0199575 seconds
[2019-06-24T09:55:14.296+0000][1][safepoint    ] Entering safepoint region: CollectForMetadataAllocation
[2019-06-24T09:55:14.296+0000][1][safepoint    ] Leaving safepoint region
[2019-06-24T09:55:14.296+0000][1][safepoint    ] Total time for which application threads were stopped: 0.0002051 seconds, Stopping threads took: 0.0000155 seconds
[2019-06-24T09:55:14.297+0000][1][gc           ] GC(18) Concurrent Abortable Preclean 246.936ms
[2019-06-24T09:55:14.297+0000][1][gc,cpu       ] GC(18) User=1.09s Sys=0.04s Real=0.25s
[2019-06-24T09:55:14.297+0000][1][safepoint    ] Application time: 0.0008849 seconds
[2019-06-24T09:55:14.297+0000][1][safepoint    ] Entering safepoint region: CMS_Final_Remark
[2019-06-24T09:55:14.297+0000][1][gc,start     ] GC(18) Pause Remark
[2019-06-24T09:55:14.310+0000][1][gc           ] GC(18) Pause Remark 94M->94M(247M) 13.277ms
[2019-06-24T09:55:14.310+0000][1][gc,cpu       ] GC(18) User=0.05s Sys=0.00s Real=0.01s
[2019-06-24T09:55:14.310+0000][1][safepoint    ] Leaving safepoint region
[2019-06-24T09:55:14.310+0000][1][safepoint    ] Total time for which application threads were stopped: 0.0136409 seconds, Stopping threads took: 0.0002459 seconds
[2019-06-24T09:55:14.310+0000][1][gc           ] GC(18) Concurrent Sweep
[2019-06-24T09:55:14.322+0000][1][safepoint    ] Application time: 0.0118852 seconds
[2019-06-24T09:55:14.322+0000][1][safepoint    ] Entering safepoint region: RevokeBias
[2019-06-24T09:55:14.323+0000][1][safepoint    ] Leaving safepoint region
[2019-06-24T09:55:14.323+0000][1][safepoint    ] Total time for which application threads were stopped: 0.0006185 seconds, Stopping threads took: 0.0000287 seconds
[2019-06-24T09:55:14.347+0000][1][gc           ] GC(18) Concurrent Sweep 36.358ms
[2019-06-24T09:55:14.347+0000][1][gc,cpu       ] GC(18) User=0.19s Sys=0.00s Real=0.04s
[2019-06-24T09:55:14.347+0000][1][gc           ] GC(18) Concurrent Reset
[2019-06-24T09:55:14.347+0000][1][gc           ] GC(18) Concurrent Reset 0.357ms
[2019-06-24T09:55:14.347+0000][1][gc,cpu       ] GC(18) User=0.01s Sys=0.00s Real=0.00s
[2019-06-24T09:55:14.347+0000][1][gc,heap      ] GC(18) Old: 55877K->55660K(174784K)
[2019-06-24T09:55:14.373+0000][1][safepoint    ] Application time: 0.0499404 seconds
[2019-06-24T09:55:14.373+0000][1][safepoint    ] Entering safepoint region: RevokeBias
[2019-06-24T09:55:14.373+0000][1][safepoint    ] Leaving safepoint region
[2019-06-24T09:55:14.373+0000][1][safepoint    ] Total time for which application threads were stopped: 0.0000835 seconds, Stopping threads took: 0.0000103 seconds
[2019-06-24T09:55:14.390+0000][1][safepoint    ] Application time: 0.0168150 seconds
[2019-06-24T09:55:14.390+0000][1][safepoint    ] Entering safepoint region: RevokeBias
[2019-06-24T09:55:14.390+0000][1][safepoint    ] Leaving safepoint region
[2019-06-24T09:55:14.390+0000][1][safepoint    ] Total time for which application threads were stopped: 0.0000587 seconds, Stopping threads took: 0.0000101 seconds
[2019-06-24T09:55:14.396+0000][1][safepoint    ] Application time: 0.0055853 seconds
[2019-06-24T09:55:14.396+0000][1][safepoint    ] Entering safepoint region: RevokeBias
[2019-06-24T09:55:14.396+0000][1][safepoint    ] Leaving safepoint region
[2019-06-24T09:55:14.396+0000][1][safepoint    ] Total time for which application threads were stopped: 0.0000642 seconds, Stopping threads took: 0.0000107 seconds
[2019-06-24T09:55:14.521+0000][1][safepoint    ] Application time: 0.1258770 seconds
[2019-06-24T09:55:14.522+0000][1][safepoint    ] Entering safepoint region: RevokeBias
[2019-06-24T09:55:14.522+0000][1][safepoint    ] Leaving safepoint region
[2019-06-24T09:55:14.522+0000][1][safepoint    ] Total time for which application threads were stopped: 0.0003555 seconds, Stopping threads took: 0.0000181 seconds
[2019-06-24T09:55:14.522+0000][1][safepoint    ] Application time: 0.0000633 seconds
[2019-06-24T09:55:14.522+0000][1][safepoint    ] Entering safepoint region: RevokeBias
[2019-06-24T09:55:14.522+0000][1][safepoint    ] Leaving safepoint region
[2019-06-24T09:55:14.522+0000][1][safepoint    ] Total time for which application threads were stopped: 0.0000693 seconds, Stopping threads took: 0.0000277 seconds
[2019-06-24T09:55:14.522+0000][1][safepoint    ] Application time: 0.0001642 seconds
[2019-06-24T09:55:14.522+0000][1][safepoint    ] Entering safepoint region: RevokeBias
[2019-06-24T09:55:14.522+0000][1][safepoint    ] Leaving safepoint region
[2019-06-24T09:55:14.522+0000][1][safepoint    ] Total time for which application threads were stopped: 0.0001954 seconds, Stopping threads took: 0.0001532 seconds
[2019-06-24T09:55:14.522+0000][1][safepoint    ] Application time: 0.0000760 seconds
[2019-06-24T09:55:14.523+0000][1][safepoint    ] Entering safepoint region: RevokeBias
[2019-06-24T09:55:14.523+0000][1][safepoint    ] Leaving safepoint region
[2019-06-24T09:55:14.523+0000][1][safepoint    ] Total time for which application threads were stopped: 0.0002594 seconds, Stopping threads took: 0.0002248 seconds
[2019-06-24T09:55:14.576+0000][1][safepoint    ] Application time: 0.0534737 seconds
[2019-06-24T09:55:14.576+0000][1][safepoint    ] Entering safepoint region: RevokeBias
[2019-06-24T09:55:14.576+0000][1][safepoint    ] Leaving safepoint region
[2019-06-24T09:55:14.576+0000][1][safepoint    ] Total time for which application threads were stopped: 0.0000792 seconds, Stopping threads took: 0.0000166 seconds
[2019-06-24T09:55:14.576+0000][1][safepoint    ] Application time: 0.0000623 seconds
[2019-06-24T09:55:14.577+0000][1][safepoint    ] Entering safepoint region: RevokeBias
[2019-06-24T09:55:14.577+0000][1][safepoint    ] Leaving safepoint region
[2019-06-24T09:55:14.577+0000][1][safepoint    ] Total time for which application threads were stopped: 0.0002410 seconds, Stopping threads took: 0.0001965 seconds
[2019-06-24T09:55:14.577+0000][1][safepoint    ] Application time: 0.0000450 seconds
[2019-06-24T09:55:14.577+0000][1][safepoint    ] Entering safepoint region: RevokeBias
[2019-06-24T09:55:14.577+0000][1][safepoint    ] Leaving safepoint region
[2019-06-24T09:55:14.577+0000][1][safepoint    ] Total time for which application threads were stopped: 0.0001024 seconds, Stopping threads took: 0.0000750 seconds
[2019-06-24T09:55:14.577+0000][1][safepoint    ] Application time: 0.0001156 seconds
[2019-06-24T09:55:14.577+0000][1][safepoint    ] Entering safepoint region: RevokeBias
[2019-06-24T09:55:14.577+0000][1][safepoint    ] Leaving safepoint region
[2019-06-24T09:55:14.577+0000][1][safepoint    ] Total time for which application threads were stopped: 0.0000453 seconds, Stopping threads took: 0.0000085 seconds
[2019-06-24T09:55:14.577+0000][1][safepoint    ] Application time: 0.0002555 seconds
[2019-06-24T09:55:14.577+0000][1][safepoint    ] Entering safepoint region: RevokeBias
[2019-06-24T09:55:14.577+0000][1][safepoint    ] Leaving safepoint region
[2019-06-24T09:55:14.577+0000][1][safepoint    ] Total time for which application threads were stopped: 0.0001549 seconds, Stopping threads took: 0.0000863 seconds
[2019-06-24T09:55:14.578+0000][1][safepoint    ] Application time: 0.0000622 seconds
[2019-06-24T09:55:14.578+0000][1][safepoint    ] Entering safepoint region: RevokeBias
[2019-06-24T09:55:14.578+0000][1][safepoint    ] Leaving safepoint region
[2019-06-24T09:55:14.578+0000][1][safepoint    ] Total time for which application threads were stopped: 0.0000895 seconds, Stopping threads took: 0.0000308 seconds
[2019-06-24T09:55:14.578+0000][1][safepoint    ] Application time: 0.0001373 seconds
[2019-06-24T09:55:14.578+0000][1][safepoint    ] Entering safepoint region: RevokeBias
[2019-06-24T09:55:14.578+0000][1][safepoint    ] Leaving safepoint region
[2019-06-24T09:55:14.578+0000][1][safepoint    ] Total time for which application threads were stopped: 0.0001487 seconds, Stopping threads took: 0.0000892 seconds
[2019-06-24T09:55:14.578+0000][1][safepoint    ] Application time: 0.0000417 seconds
[2019-06-24T09:55:14.578+0000][1][safepoint    ] Entering safepoint region: RevokeBias
[2019-06-24T09:55:14.578+0000][1][safepoint    ] Leaving safepoint region
[2019-06-24T09:55:14.578+0000][1][safepoint    ] Total time for which application threads were stopped: 0.0001267 seconds, Stopping threads took: 0.0000734 seconds
[2019-06-24T09:55:14.578+0000][1][safepoint    ] Application time: 0.0000410 seconds
[2019-06-24T09:55:14.578+0000][1][safepoint    ] Entering safepoint region: RevokeBias
[2019-06-24T09:55:14.578+0000][1][safepoint    ] Leaving safepoint region
[2019-06-24T09:55:14.578+0000][1][safepoint    ] Total time for which application threads were stopped: 0.0000608 seconds, Stopping threads took: 0.0000094 seconds
[2019-06-24T09:55:14.578+0000][1][safepoint    ] Application time: 0.0000427 seconds
[2019-06-24T09:55:14.578+0000][1][safepoint    ] Entering safepoint region: RevokeBias
[2019-06-24T09:55:14.578+0000][1][safepoint    ] Leaving safepoint region
[2019-06-24T09:55:14.578+0000][1][safepoint    ] Total time for which application threads were stopped: 0.0000968 seconds, Stopping threads took: 0.0000390 seconds
[2019-06-24T09:55:14.578+0000][1][safepoint    ] Application time: 0.0000704 seconds
[2019-06-24T09:55:14.579+0000][1][safepoint    ] Entering safepoint region: RevokeBias
[2019-06-24T09:55:14.579+0000][1][safepoint    ] Leaving safepoint region
[2019-06-24T09:55:14.579+0000][1][safepoint    ] Total time for which application threads were stopped: 0.0000716 seconds, Stopping threads took: 0.0000324 seconds
[2019-06-24T09:55:14.579+0000][1][safepoint    ] Application time: 0.0000453 seconds
[2019-06-24T09:55:14.579+0000][1][safepoint    ] Entering safepoint region: RevokeBias
[2019-06-24T09:55:14.579+0000][1][safepoint    ] Leaving safepoint region
[2019-06-24T09:55:14.579+0000][1][safepoint    ] Total time for which application threads were stopped: 0.0000534 seconds, Stopping threads took: 0.0000091 seconds
[2019-06-24T09:55:14.579+0000][1][safepoint    ] Application time: 0.0000366 seconds
[2019-06-24T09:55:14.579+0000][1][safepoint    ] Entering safepoint region: RevokeBias
[2019-06-24T09:55:14.579+0000][1][safepoint    ] Leaving safepoint region
[2019-06-24T09:55:14.579+0000][1][safepoint    ] Total time for which application threads were stopped: 0.0000516 seconds, Stopping threads took: 0.0000093 seconds
[2019-06-24T09:55:14.579+0000][1][safepoint    ] Application time: 0.0000356 seconds
[2019-06-24T09:55:14.579+0000][1][safepoint    ] Entering safepoint region: RevokeBias
[2019-06-24T09:55:14.579+0000][1][safepoint    ] Leaving safepoint region
[2019-06-24T09:55:14.579+0000][1][safepoint    ] Total time for which application threads were stopped: 0.0000525 seconds, Stopping threads took: 0.0000094 seconds
[2019-06-24T09:55:14.579+0000][1][safepoint    ] Application time: 0.0000399 seconds
[2019-06-24T09:55:14.579+0000][1][safepoint    ] Entering safepoint region: RevokeBias
[2019-06-24T09:55:14.579+0000][1][safepoint    ] Leaving safepoint region
[2019-06-24T09:55:14.579+0000][1][safepoint    ] Total time for which application threads were stopped: 0.0000513 seconds, Stopping threads took: 0.0000092 seconds
[2019-06-24T09:55:14.579+0000][1][safepoint    ] Application time: 0.0000325 seconds
[2019-06-24T09:55:14.579+0000][1][safepoint    ] Entering safepoint region: RevokeBias
[2019-06-24T09:55:14.579+0000][1][safepoint    ] Leaving safepoint region
[2019-06-24T09:55:14.579+0000][1][safepoint    ] Total time for which application threads were stopped: 0.0000515 seconds, Stopping threads took: 0.0000093 seconds
[2019-06-24T09:55:14.579+0000][1][safepoint    ] Application time: 0.0000328 seconds
[2019-06-24T09:55:14.579+0000][1][safepoint    ] Entering safepoint region: RevokeBias
[2019-06-24T09:55:14.579+0000][1][safepoint    ] Leaving safepoint region
[2019-06-24T09:55:14.579+0000][1][safepoint    ] Total time for which application threads were stopped: 0.0000558 seconds, Stopping threads took: 0.0000091 seconds
[2019-06-24T09:55:14.579+0000][1][safepoint    ] Application time: 0.0000331 seconds
[2019-06-24T09:55:14.579+0000][1][safepoint    ] Entering safepoint region: RevokeBias
[2019-06-24T09:55:14.579+0000][1][safepoint    ] Leaving safepoint region
[2019-06-24T09:55:14.579+0000][1][safepoint    ] Total time for which application threads were stopped: 0.0000600 seconds, Stopping threads took: 0.0000092 seconds
[2019-06-24T09:55:14.579+0000][1][safepoint    ] Application time: 0.0000339 seconds
[2019-06-24T09:55:14.579+0000][1][safepoint    ] Entering safepoint region: RevokeBias
[2019-06-24T09:55:14.579+0000][1][safepoint    ] Leaving safepoint region
[2019-06-24T09:55:14.579+0000][1][safepoint    ] Total time for which application threads were stopped: 0.0000577 seconds, Stopping threads took: 0.0000092 seconds
[2019-06-24T09:55:14.579+0000][1][safepoint    ] Application time: 0.0000348 seconds
[2019-06-24T09:55:14.580+0000][1][safepoint    ] Entering safepoint region: RevokeBias
[2019-06-24T09:55:14.580+0000][1][safepoint    ] Leaving safepoint region
[2019-06-24T09:55:14.580+0000][1][safepoint    ] Total time for which application threads were stopped: 0.0000551 seconds, Stopping threads took: 0.0000091 seconds
[2019-06-24T09:55:14.580+0000][1][safepoint    ] Application time: 0.0000348 seconds
[2019-06-24T09:55:14.580+0000][1][safepoint    ] Entering safepoint region: RevokeBias
[2019-06-24T09:55:14.580+0000][1][safepoint    ] Leaving safepoint region
[2019-06-24T09:55:14.580+0000][1][safepoint    ] Total time for which application threads were stopped: 0.0000539 seconds, Stopping threads took: 0.0000101 seconds
[2019-06-24T09:55:14.580+0000][1][safepoint    ] Application time: 0.0000347 seconds
[2019-06-24T09:55:14.580+0000][1][safepoint    ] Entering safepoint region: RevokeBias
[2019-06-24T09:55:14.580+0000][1][safepoint    ] Leaving safepoint region
[2019-06-24T09:55:14.580+0000][1][safepoint    ] Total time for which application threads were stopped: 0.0000517 seconds, Stopping threads took: 0.0000092 seconds
[2019-06-24T09:55:14.580+0000][1][safepoint    ] Application time: 0.0000339 seconds
[2019-06-24T09:55:14.580+0000][1][safepoint    ] Entering safepoint region: RevokeBias
[2019-06-24T09:55:14.580+0000][1][safepoint    ] Leaving safepoint region
[2019-06-24T09:55:14.580+0000][1][safepoint    ] Total time for which application threads were stopped: 0.0000517 seconds, Stopping threads took: 0.0000092 seconds
[2019-06-24T09:55:14.580+0000][1][safepoint    ] Application time: 0.0000354 seconds
[2019-06-24T09:55:14.580+0000][1][safepoint    ] Entering safepoint region: RevokeBias
[2019-06-24T09:55:14.580+0000][1][safepoint    ] Leaving safepoint region
[2019-06-24T09:55:14.580+0000][1][safepoint    ] Total time for which application threads were stopped: 0.0000507 seconds, Stopping threads took: 0.0000092 seconds
[2019-06-24T09:55:14.580+0000][1][safepoint    ] Application time: 0.0000379 seconds
[2019-06-24T09:55:14.580+0000][1][safepoint    ] Entering safepoint region: RevokeBias
[2019-06-24T09:55:14.580+0000][1][safepoint    ] Leaving safepoint region
[2019-06-24T09:55:14.580+0000][1][safepoint    ] Total time for which application threads were stopped: 0.0001050 seconds, Stopping threads took: 0.0000624 seconds
[2019-06-24T09:55:14.580+0000][1][safepoint    ] Application time: 0.0000382 seconds
[2019-06-24T09:55:14.580+0000][1][safepoint    ] Entering safepoint region: BulkRevokeBias
[2019-06-24T09:55:14.580+0000][1][safepoint    ] Leaving safepoint region
[2019-06-24T09:55:14.580+0000][1][safepoint    ] Total time for which application threads were stopped: 0.0002018 seconds, Stopping threads took: 0.0001008 seconds
[2019-06-24T09:55:14.581+0000][1][safepoint    ] Application time: 0.0001532 seconds
[2019-06-24T09:55:14.581+0000][1][safepoint    ] Entering safepoint region: RevokeBias
[2019-06-24T09:55:14.581+0000][1][safepoint    ] Leaving safepoint region
[2019-06-24T09:55:14.581+0000][1][safepoint    ] Total time for which application threads were stopped: 0.0000563 seconds, Stopping threads took: 0.0000095 seconds
[2019-06-24T09:55:14.581+0000][1][safepoint    ] Application time: 0.0000632 seconds
[2019-06-24T09:55:14.581+0000][1][safepoint    ] Entering safepoint region: RevokeBias
[2019-06-24T09:55:14.581+0000][1][safepoint    ] Leaving safepoint region
[2019-06-24T09:55:14.581+0000][1][safepoint    ] Total time for which application threads were stopped: 0.0000533 seconds, Stopping threads took: 0.0000092 seconds
[2019-06-24T09:55:14.581+0000][1][safepoint    ] Application time: 0.0000906 seconds
[2019-06-24T09:55:14.581+0000][1][safepoint    ] Entering safepoint region: RevokeBias
[2019-06-24T09:55:14.581+0000][1][safepoint    ] Leaving safepoint region
[2019-06-24T09:55:14.581+0000][1][safepoint    ] Total time for which application threads were stopped: 0.0000524 seconds, Stopping threads took: 0.0000095 seconds
[2019-06-24T09:55:14.581+0000][1][safepoint    ] Application time: 0.0000577 seconds
[2019-06-24T09:55:14.581+0000][1][safepoint    ] Entering safepoint region: RevokeBias
[2019-06-24T09:55:14.581+0000][1][safepoint    ] Leaving safepoint region
[2019-06-24T09:55:14.581+0000][1][safepoint    ] Total time for which application threads were stopped: 0.0000857 seconds, Stopping threads took: 0.0000335 seconds
[2019-06-24T09:55:14.581+0000][1][safepoint    ] Application time: 0.0000573 seconds
[2019-06-24T09:55:14.581+0000][1][safepoint    ] Entering safepoint region: RevokeBias
[2019-06-24T09:55:14.581+0000][1][safepoint    ] Leaving safepoint region
[2019-06-24T09:55:14.581+0000][1][safepoint    ] Total time for which application threads were stopped: 0.0000878 seconds, Stopping threads took: 0.0000101 seconds
[2019-06-24T09:55:14.581+0000][1][safepoint    ] Application time: 0.0000482 seconds
[2019-06-24T09:55:14.581+0000][1][safepoint    ] Entering safepoint region: RevokeBias
[2019-06-24T09:55:14.581+0000][1][safepoint    ] Leaving safepoint region
[2019-06-24T09:55:14.581+0000][1][safepoint    ] Total time for which application threads were stopped: 0.0000789 seconds, Stopping threads took: 0.0000094 seconds
[2019-06-24T09:55:14.581+0000][1][safepoint    ] Application time: 0.0000422 seconds
[2019-06-24T09:55:14.581+0000][1][safepoint    ] Entering safepoint region: RevokeBias
[2019-06-24T09:55:14.582+0000][1][safepoint    ] Leaving safepoint region
[2019-06-24T09:55:14.582+0000][1][safepoint    ] Total time for which application threads were stopped: 0.0000515 seconds, Stopping threads took: 0.0000102 seconds
[2019-06-24T09:55:14.582+0000][1][safepoint    ] Application time: 0.0000552 seconds
[2019-06-24T09:55:14.582+0000][1][safepoint    ] Entering safepoint region: RevokeBias
[2019-06-24T09:55:14.582+0000][1][safepoint    ] Leaving safepoint region
[2019-06-24T09:55:14.582+0000][1][safepoint    ] Total time for which application threads were stopped: 0.0001066 seconds, Stopping threads took: 0.0000612 seconds
[2019-06-24T09:55:14.582+0000][1][safepoint    ] Application time: 0.0000945 seconds
[2019-06-24T09:55:14.582+0000][1][safepoint    ] Entering safepoint region: RevokeBias
[2019-06-24T09:55:14.582+0000][1][safepoint    ] Leaving safepoint region
[2019-06-24T09:55:14.582+0000][1][safepoint    ] Total time for which application threads were stopped: 0.0000670 seconds, Stopping threads took: 0.0000252 seconds
[2019-06-24T09:55:14.582+0000][1][safepoint    ] Application time: 0.0000393 seconds
[2019-06-24T09:55:14.582+0000][1][safepoint    ] Entering safepoint region: RevokeBias
[2019-06-24T09:55:14.582+0000][1][safepoint    ] Leaving safepoint region
[2019-06-24T09:55:14.582+0000][1][safepoint    ] Total time for which application threads were stopped: 0.0000969 seconds, Stopping threads took: 0.0000243 seconds
[2019-06-24T09:55:14.582+0000][1][safepoint    ] Application time: 0.0000462 seconds
[2019-06-24T09:55:14.582+0000][1][safepoint    ] Entering safepoint region: RevokeBias
[2019-06-24T09:55:14.582+0000][1][safepoint    ] Leaving safepoint region
[2019-06-24T09:55:14.582+0000][1][safepoint    ] Total time for which application threads were stopped: 0.0000918 seconds, Stopping threads took: 0.0000203 seconds
[2019-06-24T09:55:14.582+0000][1][safepoint    ] Application time: 0.0000432 seconds
[2019-06-24T09:55:14.582+0000][1][safepoint    ] Entering safepoint region: RevokeBias
[2019-06-24T09:55:14.582+0000][1][safepoint    ] Leaving safepoint region
[2019-06-24T09:55:14.582+0000][1][safepoint    ] Total time for which application threads were stopped: 0.0000752 seconds, Stopping threads took: 0.0000368 seconds
[2019-06-24T09:55:14.582+0000][1][safepoint    ] Application time: 0.0000380 seconds
[2019-06-24T09:55:14.583+0000][1][safepoint    ] Entering safepoint region: RevokeBias
[2019-06-24T09:55:14.583+0000][1][safepoint    ] Leaving safepoint region
[2019-06-24T09:55:14.583+0000][1][safepoint    ] Total time for which application threads were stopped: 0.0002720 seconds, Stopping threads took: 0.0002316 seconds
[2019-06-24T09:55:14.583+0000][1][safepoint    ] Application time: 0.0000419 seconds
[2019-06-24T09:55:14.583+0000][1][safepoint    ] Entering safepoint region: RevokeBias
[2019-06-24T09:55:14.583+0000][1][safepoint    ] Leaving safepoint region
[2019-06-24T09:55:14.583+0000][1][safepoint    ] Total time for which application threads were stopped: 0.0000640 seconds, Stopping threads took: 0.0000200 seconds
[2019-06-24T09:55:14.583+0000][1][safepoint    ] Application time: 0.0000393 seconds
[2019-06-24T09:55:14.583+0000][1][safepoint    ] Entering safepoint region: RevokeBias
[2019-06-24T09:55:14.583+0000][1][safepoint    ] Leaving safepoint region
[2019-06-24T09:55:14.583+0000][1][safepoint    ] Total time for which application threads were stopped: 0.0000629 seconds, Stopping threads took: 0.0000202 seconds
[2019-06-24T09:55:14.583+0000][1][safepoint    ] Application time: 0.0000398 seconds
[2019-06-24T09:55:14.583+0000][1][safepoint    ] Entering safepoint region: RevokeBias
[2019-06-24T09:55:14.583+0000][1][safepoint    ] Leaving safepoint region
[2019-06-24T09:55:14.583+0000][1][safepoint    ] Total time for which application threads were stopped: 0.0000701 seconds, Stopping threads took: 0.0000241 seconds
[2019-06-24T09:55:14.583+0000][1][safepoint    ] Application time: 0.0000387 seconds
[2019-06-24T09:55:14.583+0000][1][safepoint    ] Entering safepoint region: RevokeBias
[2019-06-24T09:55:14.583+0000][1][safepoint    ] Leaving safepoint region
[2019-06-24T09:55:14.583+0000][1][safepoint    ] Total time for which application threads were stopped: 0.0000685 seconds, Stopping threads took: 0.0000245 seconds
[2019-06-24T09:55:14.583+0000][1][safepoint    ] Application time: 0.0000371 seconds
[2019-06-24T09:55:14.583+0000][1][safepoint    ] Entering safepoint region: RevokeBias
[2019-06-24T09:55:14.583+0000][1][safepoint    ] Leaving safepoint region
[2019-06-24T09:55:14.583+0000][1][safepoint    ] Total time for which application threads were stopped: 0.0000815 seconds, Stopping threads took: 0.0000385 seconds
[2019-06-24T09:55:14.583+0000][1][safepoint    ] Application time: 0.0000418 seconds
[2019-06-24T09:55:14.583+0000][1][safepoint    ] Entering safepoint region: RevokeBias
[2019-06-24T09:55:14.583+0000][1][safepoint    ] Leaving safepoint region
[2019-06-24T09:55:14.583+0000][1][safepoint    ] Total time for which application threads were stopped: 0.0000620 seconds, Stopping threads took: 0.0000194 seconds
[2019-06-24T09:55:14.583+0000][1][safepoint    ] Application time: 0.0000408 seconds
[2019-06-24T09:55:14.583+0000][1][safepoint    ] Entering safepoint region: RevokeBias
[2019-06-24T09:55:14.584+0000][1][safepoint    ] Leaving safepoint region
[2019-06-24T09:55:14.584+0000][1][safepoint    ] Total time for which application threads were stopped: 0.0000663 seconds, Stopping threads took: 0.0000243 seconds
[2019-06-24T09:55:14.584+0000][1][safepoint    ] Application time: 0.0000381 seconds
[2019-06-24T09:55:14.584+0000][1][safepoint    ] Entering safepoint region: RevokeBias
[2019-06-24T09:55:14.584+0000][1][safepoint    ] Leaving safepoint region
[2019-06-24T09:55:14.584+0000][1][safepoint    ] Total time for which application threads were stopped: 0.0000613 seconds, Stopping threads took: 0.0000199 seconds
[2019-06-24T09:55:14.584+0000][1][safepoint    ] Application time: 0.0000388 seconds
[2019-06-24T09:55:14.584+0000][1][safepoint    ] Entering safepoint region: RevokeBias
[2019-06-24T09:55:14.584+0000][1][safepoint    ] Leaving safepoint region
[2019-06-24T09:55:14.584+0000][1][safepoint    ] Total time for which application threads were stopped: 0.0000640 seconds, Stopping threads took: 0.0000197 seconds
[2019-06-24T09:55:14.584+0000][1][safepoint    ] Application time: 0.0000406 seconds
[2019-06-24T09:55:14.584+0000][1][safepoint    ] Entering safepoint region: RevokeBias
[2019-06-24T09:55:14.584+0000][1][safepoint    ] Leaving safepoint region
[2019-06-24T09:55:14.584+0000][1][safepoint    ] Total time for which application threads were stopped: 0.0000737 seconds, Stopping threads took: 0.0000272 seconds
[2019-06-24T09:55:14.584+0000][1][safepoint    ] Application time: 0.0000426 seconds
[2019-06-24T09:55:14.584+0000][1][safepoint    ] Entering safepoint region: BulkRevokeBias
[2019-06-24T09:55:14.584+0000][1][safepoint    ] Leaving safepoint region
[2019-06-24T09:55:14.584+0000][1][safepoint    ] Total time for which application threads were stopped: 0.0001313 seconds, Stopping threads took: 0.0000196 seconds
[2019-06-24T09:55:14.584+0000][1][safepoint    ] Application time: 0.0002772 seconds
[2019-06-24T09:55:14.584+0000][1][safepoint    ] Entering safepoint region: RevokeBias
[2019-06-24T09:55:14.584+0000][1][safepoint    ] Leaving safepoint region
[2019-06-24T09:55:14.584+0000][1][safepoint    ] Total time for which application threads were stopped: 0.0000928 seconds, Stopping threads took: 0.0000325 seconds
[2019-06-24T09:55:14.585+0000][1][safepoint    ] Application time: 0.0000655 seconds
[2019-06-24T09:55:14.585+0000][1][safepoint    ] Entering safepoint region: RevokeBias
[2019-06-24T09:55:14.585+0000][1][safepoint    ] Leaving safepoint region
[2019-06-24T09:55:14.585+0000][1][safepoint    ] Total time for which application threads were stopped: 0.0002051 seconds, Stopping threads took: 0.0001539 seconds
[2019-06-24T09:55:14.585+0000][1][safepoint    ] Application time: 0.0001658 seconds
[2019-06-24T09:55:14.585+0000][1][safepoint    ] Entering safepoint region: RevokeBias
[2019-06-24T09:55:14.585+0000][1][safepoint    ] Leaving safepoint region
[2019-06-24T09:55:14.585+0000][1][safepoint    ] Total time for which application threads were stopped: 0.0001132 seconds, Stopping threads took: 0.0000625 seconds
[2019-06-24T09:55:14.585+0000][1][safepoint    ] Application time: 0.0000857 seconds
[2019-06-24T09:55:14.585+0000][1][safepoint    ] Entering safepoint region: RevokeBias
[2019-06-24T09:55:14.585+0000][1][safepoint    ] Leaving safepoint region
[2019-06-24T09:55:14.585+0000][1][safepoint    ] Total time for which application threads were stopped: 0.0000950 seconds, Stopping threads took: 0.0000550 seconds
[2019-06-24T09:55:14.585+0000][1][safepoint    ] Application time: 0.0000364 seconds
[2019-06-24T09:55:14.585+0000][1][safepoint    ] Entering safepoint region: RevokeBias
[2019-06-24T09:55:14.585+0000][1][safepoint    ] Leaving safepoint region
[2019-06-24T09:55:14.585+0000][1][safepoint    ] Total time for which application threads were stopped: 0.0000864 seconds, Stopping threads took: 0.0000502 seconds
[2019-06-24T09:55:14.585+0000][1][safepoint    ] Application time: 0.0000348 seconds
[2019-06-24T09:55:14.585+0000][1][safepoint    ] Entering safepoint region: RevokeBias
[2019-06-24T09:55:14.586+0000][1][safepoint    ] Leaving safepoint region
[2019-06-24T09:55:14.586+0000][1][safepoint    ] Total time for which application threads were stopped: 0.0000562 seconds, Stopping threads took: 0.0000228 seconds
[2019-06-24T09:55:14.586+0000][1][safepoint    ] Application time: 0.0000446 seconds
[2019-06-24T09:55:14.586+0000][1][safepoint    ] Entering safepoint region: RevokeBias
[2019-06-24T09:55:14.586+0000][1][safepoint    ] Leaving safepoint region
[2019-06-24T09:55:14.586+0000][1][safepoint    ] Total time for which application threads were stopped: 0.0002259 seconds, Stopping threads took: 0.0002083 seconds
[2019-06-24T09:55:14.586+0000][1][safepoint    ] Application time: 0.0002245 seconds
[2019-06-24T09:55:14.586+0000][1][safepoint    ] Entering safepoint region: RevokeBias
[2019-06-24T09:55:14.586+0000][1][safepoint    ] Leaving safepoint region
[2019-06-24T09:55:14.586+0000][1][safepoint    ] Total time for which application threads were stopped: 0.0000704 seconds, Stopping threads took: 0.0000279 seconds
[2019-06-24T09:55:14.586+0000][1][safepoint    ] Application time: 0.0001082 seconds
[2019-06-24T09:55:14.586+0000][1][safepoint    ] Entering safepoint region: RevokeBias
[2019-06-24T09:55:14.586+0000][1][safepoint    ] Leaving safepoint region
[2019-06-24T09:55:14.586+0000][1][safepoint    ] Total time for which application threads were stopped: 0.0000732 seconds, Stopping threads took: 0.0000431 seconds
[2019-06-24T09:55:14.587+0000][1][safepoint    ] Application time: 0.0003081 seconds
[2019-06-24T09:55:14.587+0000][1][safepoint    ] Entering safepoint region: RevokeBias
[2019-06-24T09:55:14.587+0000][1][safepoint    ] Leaving safepoint region
[2019-06-24T09:55:14.587+0000][1][safepoint    ] Total time for which application threads were stopped: 0.0000883 seconds, Stopping threads took: 0.0000381 seconds
[2019-06-24T09:55:14.587+0000][1][safepoint    ] Application time: 0.0002516 seconds
[2019-06-24T09:55:14.587+0000][1][safepoint    ] Entering safepoint region: RevokeBias
[2019-06-24T09:55:14.587+0000][1][safepoint    ] Leaving safepoint region
[2019-06-24T09:55:14.587+0000][1][safepoint    ] Total time for which application threads were stopped: 0.0001290 seconds, Stopping threads took: 0.0000900 seconds
[2019-06-24T09:55:14.587+0000][1][safepoint    ] Application time: 0.0000800 seconds
[2019-06-24T09:55:14.587+0000][1][safepoint    ] Entering safepoint region: RevokeBias
[2019-06-24T09:55:14.587+0000][1][safepoint    ] Leaving safepoint region
[2019-06-24T09:55:14.587+0000][1][safepoint    ] Total time for which application threads were stopped: 0.0000928 seconds, Stopping threads took: 0.0000340 seconds
[2019-06-24T09:55:14.588+0000][1][safepoint    ] Application time: 0.0004412 seconds
[2019-06-24T09:55:14.588+0000][1][safepoint    ] Entering safepoint region: RevokeBias
[2019-06-24T09:55:14.588+0000][1][safepoint    ] Leaving safepoint region
[2019-06-24T09:55:14.588+0000][1][safepoint    ] Total time for which application threads were stopped: 0.0000797 seconds, Stopping threads took: 0.0000281 seconds
[2019-06-24T09:55:14.588+0000][1][safepoint    ] Application time: 0.0000916 seconds
[2019-06-24T09:55:14.588+0000][1][safepoint    ] Entering safepoint region: RevokeBias
[2019-06-24T09:55:14.588+0000][1][safepoint    ] Leaving safepoint region
[2019-06-24T09:55:14.588+0000][1][safepoint    ] Total time for which application threads were stopped: 0.0000675 seconds, Stopping threads took: 0.0000238 seconds
[2019-06-24T09:55:14.588+0000][1][safepoint    ] Application time: 0.0000390 seconds
[2019-06-24T09:55:14.588+0000][1][safepoint    ] Entering safepoint region: RevokeBias
[2019-06-24T09:55:14.588+0000][1][safepoint    ] Leaving safepoint region
[2019-06-24T09:55:14.588+0000][1][safepoint    ] Total time for which application threads were stopped: 0.0000452 seconds, Stopping threads took: 0.0000068 seconds
[2019-06-24T09:55:14.588+0000][1][safepoint    ] Application time: 0.0001847 seconds
[2019-06-24T09:55:14.589+0000][1][safepoint    ] Entering safepoint region: RevokeBias
[2019-06-24T09:55:14.589+0000][1][safepoint    ] Leaving safepoint region
[2019-06-24T09:55:14.589+0000][1][safepoint    ] Total time for which application threads were stopped: 0.0003806 seconds, Stopping threads took: 0.0003412 seconds
[2019-06-24T09:55:14.590+0000][1][safepoint    ] Application time: 0.0012458 seconds
[2019-06-24T09:55:14.590+0000][1][safepoint    ] Entering safepoint region: RevokeBias
[2019-06-24T09:55:14.590+0000][1][safepoint    ] Leaving safepoint region
[2019-06-24T09:55:14.590+0000][1][safepoint    ] Total time for which application threads were stopped: 0.0002909 seconds, Stopping threads took: 0.0002328 seconds
[2019-06-24T09:55:14.590+0000][1][safepoint    ] Application time: 0.0000906 seconds
[2019-06-24T09:55:14.591+0000][1][safepoint    ] Entering safepoint region: RevokeBias
[2019-06-24T09:55:14.591+0000][1][safepoint    ] Leaving safepoint region
[2019-06-24T09:55:14.591+0000][1][safepoint    ] Total time for which application threads were stopped: 0.0002709 seconds, Stopping threads took: 0.0002326 seconds
[2019-06-24T09:55:14.591+0000][1][safepoint    ] Application time: 0.0000461 seconds
[2019-06-24T09:55:14.591+0000][1][safepoint    ] Entering safepoint region: RevokeBias
[2019-06-24T09:55:14.591+0000][1][safepoint    ] Leaving safepoint region
[2019-06-24T09:55:14.591+0000][1][safepoint    ] Total time for which application threads were stopped: 0.0001390 seconds, Stopping threads took: 0.0001039 seconds
[2019-06-24T09:55:14.593+0000][1][safepoint    ] Application time: 0.0019245 seconds
[2019-06-24T09:55:14.593+0000][1][safepoint    ] Entering safepoint region: RevokeBias
[2019-06-24T09:55:14.593+0000][1][safepoint    ] Leaving safepoint region
[2019-06-24T09:55:14.593+0000][1][safepoint    ] Total time for which application threads were stopped: 0.0000911 seconds, Stopping threads took: 0.0000268 seconds
[2019-06-24T09:55:14.593+0000][1][safepoint    ] Application time: 0.0000437 seconds
[2019-06-24T09:55:14.593+0000][1][safepoint    ] Entering safepoint region: RevokeBias
[2019-06-24T09:55:14.593+0000][1][safepoint    ] Leaving safepoint region
[2019-06-24T09:55:14.593+0000][1][safepoint    ] Total time for which application threads were stopped: 0.0001599 seconds, Stopping threads took: 0.0001237 seconds
[2019-06-24T09:55:14.593+0000][1][safepoint    ] Application time: 0.0001972 seconds
[2019-06-24T09:55:14.594+0000][1][safepoint    ] Entering safepoint region: RevokeBias
[2019-06-24T09:55:14.594+0000][1][safepoint    ] Leaving safepoint region
[2019-06-24T09:55:14.594+0000][1][safepoint    ] Total time for which application threads were stopped: 0.0001475 seconds, Stopping threads took: 0.0001183 seconds
[2019-06-24T09:55:14.626+0000][1][safepoint    ] Application time: 0.0321118 seconds
[2019-06-24T09:55:14.626+0000][1][safepoint    ] Entering safepoint region: GenCollectForAllocation
[2019-06-24T09:55:14.626+0000][1][gc,start     ] GC(19) Pause Young (Allocation Failure)
[2019-06-24T09:55:14.626+0000][1][gc,task      ] GC(19) Using 5 workers of 8 for evacuation
[2019-06-24T09:55:14.633+0000][1][gc,age       ] GC(19) Desired survivor size 4456448 bytes, new threshold 2 (max threshold 6)
[2019-06-24T09:55:14.633+0000][1][gc,age       ] GC(19) Age table with threshold 2 (max threshold 6)
[2019-06-24T09:55:14.633+0000][1][gc,age       ] GC(19) - age   1:    2852016 bytes,    2852016 total
[2019-06-24T09:55:14.633+0000][1][gc,age       ] GC(19) - age   2:    3950832 bytes,    6802848 total
[2019-06-24T09:55:14.633+0000][1][gc,age       ] GC(19) - age   3:     206104 bytes,    7008952 total
[2019-06-24T09:55:14.633+0000][1][gc,heap      ] GC(19) ParNew: 75174K->8530K(78656K)
[2019-06-24T09:55:14.633+0000][1][gc,heap      ] GC(19) CMS: 55660K->55660K(174784K)
[2019-06-24T09:55:14.633+0000][1][gc,metaspace ] GC(19) Metaspace: 47236K->47236K(1093632K)
[2019-06-24T09:55:14.633+0000][1][gc           ] GC(19) Pause Young (Allocation Failure) 127M->62M(247M) 7.118ms
[2019-06-24T09:55:14.633+0000][1][gc,cpu       ] GC(19) User=0.04s Sys=0.00s Real=0.00s
[2019-06-24T09:55:14.633+0000][1][safepoint    ] Leaving safepoint region
[2019-06-24T09:55:14.633+0000][1][safepoint    ] Total time for which application threads were stopped: 0.0072576 seconds, Stopping threads took: 0.0000144 seconds
[2019-06-24T09:55:14.654+0000][1][safepoint    ] Application time: 0.0209164 seconds
[2019-06-24T09:55:14.654+0000][1][safepoint    ] Entering safepoint region: BulkRevokeBias
[2019-06-24T09:55:14.654+0000][1][safepoint    ] Leaving safepoint region
[2019-06-24T09:55:14.654+0000][1][safepoint    ] Total time for which application threads were stopped: 0.0003363 seconds, Stopping threads took: 0.0000730 seconds
[2019-06-24T09:55:15.150+0000][1][safepoint    ] Application time: 0.4961474 seconds
[2019-06-24T09:55:15.151+0000][1][safepoint    ] Entering safepoint region: GenCollectForAllocation
[2019-06-24T09:55:15.151+0000][1][gc,start     ] GC(20) Pause Young (Allocation Failure)
[2019-06-24T09:55:15.151+0000][1][gc,task      ] GC(20) Using 5 workers of 8 for evacuation
[2019-06-24T09:55:15.160+0000][1][gc,age       ] GC(20) Desired survivor size 4456448 bytes, new threshold 6 (max threshold 6)
[2019-06-24T09:55:15.160+0000][1][gc,age       ] GC(20) Age table with threshold 6 (max threshold 6)
[2019-06-24T09:55:15.160+0000][1][gc,age       ] GC(20) - age   1:    1566696 bytes,    1566696 total
[2019-06-24T09:55:15.160+0000][1][gc,age       ] GC(20) - age   2:    2781728 bytes,    4348424 total
[2019-06-24T09:55:15.160+0000][1][gc,heap      ] GC(20) ParNew: 78482K->7226K(78656K)
[2019-06-24T09:55:15.160+0000][1][gc,heap      ] GC(20) CMS: 55660K->59842K(174784K)
[2019-06-24T09:55:15.160+0000][1][gc,metaspace ] GC(20) Metaspace: 53860K->53860K(1097728K)
[2019-06-24T09:55:15.160+0000][1][gc           ] GC(20) Pause Young (Allocation Failure) 130M->65M(247M) 9.493ms
[2019-06-24T09:55:15.160+0000][1][gc,cpu       ] GC(20) User=0.06s Sys=0.00s Real=0.01s
[2019-06-24T09:55:15.160+0000][1][safepoint    ] Leaving safepoint region
[2019-06-24T09:55:15.160+0000][1][safepoint    ] Total time for which application threads were stopped: 0.0097526 seconds, Stopping threads took: 0.0000216 seconds
[2019-06-24T09:55:15.355+0000][1][safepoint    ] Application time: 0.1944975 seconds
[2019-06-24T09:55:15.355+0000][1][safepoint    ] Entering safepoint region: Deoptimize
[2019-06-24T09:55:15.356+0000][1][safepoint    ] Leaving safepoint region
[2019-06-24T09:55:15.356+0000][1][safepoint    ] Total time for which application threads were stopped: 0.0008702 seconds, Stopping threads took: 0.0000128 seconds
[2019-06-24T09:55:15.388+0000][1][safepoint    ] Application time: 0.0327332 seconds
[2019-06-24T09:55:15.388+0000][1][safepoint    ] Entering safepoint region: RevokeBias
[2019-06-24T09:55:15.389+0000][1][safepoint    ] Leaving safepoint region
[2019-06-24T09:55:15.389+0000][1][safepoint    ] Total time for which application threads were stopped: 0.0000844 seconds, Stopping threads took: 0.0000173 seconds
[2019-06-24T09:55:15.389+0000][1][safepoint    ] Application time: 0.0001515 seconds
[2019-06-24T09:55:15.389+0000][1][safepoint    ] Entering safepoint region: RevokeBias
[2019-06-24T09:55:15.389+0000][1][safepoint    ] Leaving safepoint region
[2019-06-24T09:55:15.389+0000][1][safepoint    ] Total time for which application threads were stopped: 0.0000610 seconds, Stopping threads took: 0.0000116 seconds
[2019-06-24T09:55:15.389+0000][1][safepoint    ] Application time: 0.0001708 seconds
[2019-06-24T09:55:15.389+0000][1][safepoint    ] Entering safepoint region: RevokeBias
[2019-06-24T09:55:15.389+0000][1][safepoint    ] Leaving safepoint region
[2019-06-24T09:55:15.389+0000][1][safepoint    ] Total time for which application threads were stopped: 0.0000573 seconds, Stopping threads took: 0.0000120 seconds
[2019-06-24T09:55:15.391+0000][1][safepoint    ] Application time: 0.0021889 seconds
[2019-06-24T09:55:15.391+0000][1][safepoint    ] Entering safepoint region: RevokeBias
[2019-06-24T09:55:15.391+0000][1][safepoint    ] Leaving safepoint region
[2019-06-24T09:55:15.391+0000][1][safepoint    ] Total time for which application threads were stopped: 0.0000536 seconds, Stopping threads took: 0.0000103 seconds
[2019-06-24T09:55:15.517+0000][1][safepoint    ] Application time: 0.1256951 seconds
[2019-06-24T09:55:15.517+0000][1][safepoint    ] Entering safepoint region: RevokeBias
[2019-06-24T09:55:15.518+0000][1][safepoint    ] Leaving safepoint region
[2019-06-24T09:55:15.518+0000][1][safepoint    ] Total time for which application threads were stopped: 0.0009592 seconds, Stopping threads took: 0.0000689 seconds
[2019-06-24T09:55:15.556+0000][1][safepoint    ] Application time: 0.0380182 seconds
[2019-06-24T09:55:15.556+0000][1][safepoint    ] Entering safepoint region: Deoptimize
[2019-06-24T09:55:15.557+0000][1][safepoint    ] Leaving safepoint region
[2019-06-24T09:55:15.557+0000][1][safepoint    ] Total time for which application threads were stopped: 0.0005045 seconds, Stopping threads took: 0.0000282 seconds
[2019-06-24T09:55:15.820+0000][1][safepoint    ] Application time: 0.2632281 seconds
[2019-06-24T09:55:15.820+0000][1][safepoint    ] Entering safepoint region: RevokeBias
[2019-06-24T09:55:15.820+0000][1][safepoint    ] Leaving safepoint region
[2019-06-24T09:55:15.820+0000][1][safepoint    ] Total time for which application threads were stopped: 0.0002111 seconds, Stopping threads took: 0.0001399 seconds
[2019-06-24T09:55:15.820+0000][1][safepoint    ] Application time: 0.0000471 seconds
[2019-06-24T09:55:15.820+0000][1][safepoint    ] Entering safepoint region: RevokeBias
[2019-06-24T09:55:15.820+0000][1][safepoint    ] Leaving safepoint region
[2019-06-24T09:55:15.820+0000][1][safepoint    ] Total time for which application threads were stopped: 0.0000277 seconds, Stopping threads took: 0.0000073 seconds
[2019-06-24T09:55:15.820+0000][1][safepoint    ] Application time: 0.0000360 seconds
[2019-06-24T09:55:15.820+0000][1][safepoint    ] Entering safepoint region: RevokeBias
[2019-06-24T09:55:15.820+0000][1][safepoint    ] Leaving safepoint region
[2019-06-24T09:55:15.820+0000][1][safepoint    ] Total time for which application threads were stopped: 0.0000354 seconds, Stopping threads took: 0.0000068 seconds
[2019-06-24T09:55:15.820+0000][1][safepoint    ] Application time: 0.0000444 seconds
[2019-06-24T09:55:15.820+0000][1][safepoint    ] Entering safepoint region: RevokeBias
[2019-06-24T09:55:15.820+0000][1][safepoint    ] Leaving safepoint region
[2019-06-24T09:55:15.820+0000][1][safepoint    ] Total time for which application threads were stopped: 0.0000263 seconds, Stopping threads took: 0.0000068 seconds
[2019-06-24T09:55:15.820+0000][1][safepoint    ] Application time: 0.0001225 seconds
[2019-06-24T09:55:15.821+0000][1][safepoint    ] Entering safepoint region: RevokeBias
[2019-06-24T09:55:15.821+0000][1][safepoint    ] Leaving safepoint region
[2019-06-24T09:55:15.821+0000][1][safepoint    ] Total time for which application threads were stopped: 0.0001282 seconds, Stopping threads took: 0.0001004 seconds
[2019-06-24T09:55:15.821+0000][1][safepoint    ] Application time: 0.0000909 seconds
[2019-06-24T09:55:15.821+0000][1][safepoint    ] Entering safepoint region: RevokeBias
[2019-06-24T09:55:15.821+0000][1][safepoint    ] Leaving safepoint region
[2019-06-24T09:55:15.821+0000][1][safepoint    ] Total time for which application threads were stopped: 0.0000282 seconds, Stopping threads took: 0.0000079 seconds
[2019-06-24T09:55:15.821+0000][1][safepoint    ] Application time: 0.0001441 seconds
[2019-06-24T09:55:15.821+0000][1][safepoint    ] Entering safepoint region: RevokeBias
[2019-06-24T09:55:15.821+0000][1][safepoint    ] Leaving safepoint region
[2019-06-24T09:55:15.821+0000][1][safepoint    ] Total time for which application threads were stopped: 0.0000247 seconds, Stopping threads took: 0.0000068 seconds
[2019-06-24T09:55:15.821+0000][1][safepoint    ] Application time: 0.0001633 seconds
[2019-06-24T09:55:15.821+0000][1][safepoint    ] Entering safepoint region: RevokeBias
[2019-06-24T09:55:15.821+0000][1][safepoint    ] Leaving safepoint region
[2019-06-24T09:55:15.821+0000][1][safepoint    ] Total time for which application threads were stopped: 0.0000242 seconds, Stopping threads took: 0.0000065 seconds
[2019-06-24T09:55:15.910+0000][1][safepoint    ] Application time: 0.0892351 seconds
[2019-06-24T09:55:15.910+0000][1][safepoint    ] Entering safepoint region: BulkRevokeBias
[2019-06-24T09:55:15.911+0000][1][safepoint    ] Leaving safepoint region
[2019-06-24T09:55:15.911+0000][1][safepoint    ] Total time for which application threads were stopped: 0.0001958 seconds, Stopping threads took: 0.0000197 seconds
[2019-06-24T09:55:15.944+0000][1][safepoint    ] Application time: 0.0331350 seconds
[2019-06-24T09:55:15.944+0000][1][safepoint    ] Entering safepoint region: GenCollectForAllocation
[2019-06-24T09:55:15.944+0000][1][gc,start     ] GC(21) Pause Young (Allocation Failure)
[2019-06-24T09:55:15.944+0000][1][gc,task      ] GC(21) Using 5 workers of 8 for evacuation
[2019-06-24T09:55:15.955+0000][1][gc,age       ] GC(21) Desired survivor size 4456448 bytes, new threshold 2 (max threshold 6)
[2019-06-24T09:55:15.955+0000][1][gc,age       ] GC(21) Age table with threshold 2 (max threshold 6)
[2019-06-24T09:55:15.955+0000][1][gc,age       ] GC(21) - age   1:    3820008 bytes,    3820008 total
[2019-06-24T09:55:15.955+0000][1][gc,age       ] GC(21) - age   2:    1499120 bytes,    5319128 total
[2019-06-24T09:55:15.955+0000][1][gc,age       ] GC(21) - age   3:    2765424 bytes,    8084552 total
[2019-06-24T09:55:15.955+0000][1][gc,heap      ] GC(21) ParNew: 77178K->8704K(78656K)
[2019-06-24T09:55:15.955+0000][1][gc,heap      ] GC(21) CMS: 59842K->59864K(174784K)
[2019-06-24T09:55:15.955+0000][1][gc,metaspace ] GC(21) Metaspace: 61799K->61799K(1105920K)
[2019-06-24T09:55:15.955+0000][1][gc           ] GC(21) Pause Young (Allocation Failure) 133M->66M(247M) 11.366ms
[2019-06-24T09:55:15.955+0000][1][gc,cpu       ] GC(21) User=0.08s Sys=0.00s Real=0.01s
[2019-06-24T09:55:15.955+0000][1][safepoint    ] Leaving safepoint region
[2019-06-24T09:55:15.955+0000][1][safepoint    ] Total time for which application threads were stopped: 0.0115404 seconds, Stopping threads took: 0.0000204 seconds
[2019-06-24T09:55:16.022+0000][1][safepoint    ] Application time: 0.0668128 seconds
[2019-06-24T09:55:16.022+0000][1][safepoint    ] Entering safepoint region: Deoptimize
[2019-06-24T09:55:16.023+0000][1][safepoint    ] Leaving safepoint region
[2019-06-24T09:55:16.023+0000][1][safepoint    ] Total time for which application threads were stopped: 0.0005299 seconds, Stopping threads took: 0.0000185 seconds
[2019-06-24T09:55:16.030+0000][1][safepoint    ] Application time: 0.0068929 seconds
[2019-06-24T09:55:16.030+0000][1][safepoint    ] Entering safepoint region: RevokeBias
[2019-06-24T09:55:16.030+0000][1][safepoint    ] Leaving safepoint region
[2019-06-24T09:55:16.030+0000][1][safepoint    ] Total time for which application threads were stopped: 0.0001579 seconds, Stopping threads took: 0.0000749 seconds
[2019-06-24T09:55:16.030+0000][1][safepoint    ] Application time: 0.0003748 seconds
[2019-06-24T09:55:16.030+0000][1][safepoint    ] Entering safepoint region: RevokeBias
[2019-06-24T09:55:16.030+0000][1][safepoint    ] Leaving safepoint region
[2019-06-24T09:55:16.030+0000][1][safepoint    ] Total time for which application threads were stopped: 0.0001488 seconds, Stopping threads took: 0.0000766 seconds
[2019-06-24T09:55:16.031+0000][1][safepoint    ] Application time: 0.0002445 seconds
[2019-06-24T09:55:16.031+0000][1][safepoint    ] Entering safepoint region: RevokeBias
[2019-06-24T09:55:16.031+0000][1][safepoint    ] Leaving safepoint region
[2019-06-24T09:55:16.031+0000][1][safepoint    ] Total time for which application threads were stopped: 0.0001120 seconds, Stopping threads took: 0.0000618 seconds
[2019-06-24T09:55:16.031+0000][1][safepoint    ] Application time: 0.0007393 seconds
[2019-06-24T09:55:16.032+0000][1][safepoint    ] Entering safepoint region: RevokeBias
[2019-06-24T09:55:16.032+0000][1][safepoint    ] Leaving safepoint region
[2019-06-24T09:55:16.032+0000][1][safepoint    ] Total time for which application threads were stopped: 0.0000918 seconds, Stopping threads took: 0.0000334 seconds
[2019-06-24T09:55:16.032+0000][1][safepoint    ] Application time: 0.0001051 seconds
[2019-06-24T09:55:16.032+0000][1][safepoint    ] Entering safepoint region: RevokeBias
[2019-06-24T09:55:16.032+0000][1][safepoint    ] Leaving safepoint region
[2019-06-24T09:55:16.032+0000][1][safepoint    ] Total time for which application threads were stopped: 0.0000963 seconds, Stopping threads took: 0.0000461 seconds
[2019-06-24T09:55:16.032+0000][1][safepoint    ] Application time: 0.0001896 seconds
[2019-06-24T09:55:16.032+0000][1][safepoint    ] Entering safepoint region: RevokeBias
[2019-06-24T09:55:16.032+0000][1][safepoint    ] Leaving safepoint region
[2019-06-24T09:55:16.032+0000][1][safepoint    ] Total time for which application threads were stopped: 0.0000565 seconds, Stopping threads took: 0.0000128 seconds
[2019-06-24T09:55:16.033+0000][1][safepoint    ] Application time: 0.0004756 seconds
[2019-06-24T09:55:16.033+0000][1][safepoint    ] Entering safepoint region: RevokeBias
[2019-06-24T09:55:16.033+0000][1][safepoint    ] Leaving safepoint region
[2019-06-24T09:55:16.033+0000][1][safepoint    ] Total time for which application threads were stopped: 0.0000668 seconds, Stopping threads took: 0.0000124 seconds
[2019-06-24T09:55:16.033+0000][1][safepoint    ] Application time: 0.0000867 seconds
[2019-06-24T09:55:16.033+0000][1][safepoint    ] Entering safepoint region: RevokeBias
[2019-06-24T09:55:16.033+0000][1][safepoint    ] Leaving safepoint region
[2019-06-24T09:55:16.033+0000][1][safepoint    ] Total time for which application threads were stopped: 0.0000638 seconds, Stopping threads took: 0.0000120 seconds
[2019-06-24T09:55:16.033+0000][1][safepoint    ] Application time: 0.0001709 seconds
[2019-06-24T09:55:16.033+0000][1][safepoint    ] Entering safepoint region: RevokeBias
[2019-06-24T09:55:16.033+0000][1][safepoint    ] Leaving safepoint region
[2019-06-24T09:55:16.033+0000][1][safepoint    ] Total time for which application threads were stopped: 0.0000761 seconds, Stopping threads took: 0.0000125 seconds
[2019-06-24T09:55:16.033+0000][1][safepoint    ] Application time: 0.0001330 seconds
[2019-06-24T09:55:16.033+0000][1][safepoint    ] Entering safepoint region: RevokeBias
[2019-06-24T09:55:16.033+0000][1][safepoint    ] Leaving safepoint region
[2019-06-24T09:55:16.033+0000][1][safepoint    ] Total time for which application threads were stopped: 0.0000627 seconds, Stopping threads took: 0.0000126 seconds
[2019-06-24T09:55:16.034+0000][1][safepoint    ] Application time: 0.0001876 seconds
[2019-06-24T09:55:16.034+0000][1][safepoint    ] Entering safepoint region: RevokeBias
[2019-06-24T09:55:16.034+0000][1][safepoint    ] Leaving safepoint region
[2019-06-24T09:55:16.034+0000][1][safepoint    ] Total time for which application threads were stopped: 0.0000635 seconds, Stopping threads took: 0.0000132 seconds
[2019-06-24T09:55:16.034+0000][1][safepoint    ] Application time: 0.0001662 seconds
[2019-06-24T09:55:16.034+0000][1][safepoint    ] Entering safepoint region: RevokeBias
[2019-06-24T09:55:16.034+0000][1][safepoint    ] Leaving safepoint region
[2019-06-24T09:55:16.034+0000][1][safepoint    ] Total time for which application threads were stopped: 0.0000898 seconds, Stopping threads took: 0.0000162 seconds
[2019-06-24T09:55:16.034+0000][1][safepoint    ] Application time: 0.0000436 seconds
[2019-06-24T09:55:16.034+0000][1][safepoint    ] Entering safepoint region: RevokeBias
[2019-06-24T09:55:16.034+0000][1][safepoint    ] Leaving safepoint region
[2019-06-24T09:55:16.034+0000][1][safepoint    ] Total time for which application threads were stopped: 0.0000643 seconds, Stopping threads took: 0.0000127 seconds
[2019-06-24T09:55:16.035+0000][1][safepoint    ] Application time: 0.0005327 seconds
[2019-06-24T09:55:16.035+0000][1][safepoint    ] Entering safepoint region: RevokeBias
[2019-06-24T09:55:16.035+0000][1][safepoint    ] Leaving safepoint region
[2019-06-24T09:55:16.035+0000][1][safepoint    ] Total time for which application threads were stopped: 0.0000668 seconds, Stopping threads took: 0.0000132 seconds
[2019-06-24T09:55:16.035+0000][1][safepoint    ] Application time: 0.0000770 seconds
[2019-06-24T09:55:16.035+0000][1][safepoint    ] Entering safepoint region: RevokeBias
[2019-06-24T09:55:16.035+0000][1][safepoint    ] Leaving safepoint region
[2019-06-24T09:55:16.035+0000][1][safepoint    ] Total time for which application threads were stopped: 0.0000646 seconds, Stopping threads took: 0.0000124 seconds
[2019-06-24T09:55:16.036+0000][1][safepoint    ] Application time: 0.0008260 seconds
[2019-06-24T09:55:16.036+0000][1][safepoint    ] Entering safepoint region: RevokeBias
[2019-06-24T09:55:16.036+0000][1][safepoint    ] Leaving safepoint region
[2019-06-24T09:55:16.036+0000][1][safepoint    ] Total time for which application threads were stopped: 0.0000724 seconds, Stopping threads took: 0.0000129 seconds
[2019-06-24T09:55:16.036+0000][1][safepoint    ] Application time: 0.0001646 seconds
[2019-06-24T09:55:16.036+0000][1][safepoint    ] Entering safepoint region: RevokeBias
[2019-06-24T09:55:16.036+0000][1][safepoint    ] Leaving safepoint region
[2019-06-24T09:55:16.036+0000][1][safepoint    ] Total time for which application threads were stopped: 0.0000832 seconds, Stopping threads took: 0.0000131 seconds
[2019-06-24T09:55:16.038+0000][1][safepoint    ] Application time: 0.0015138 seconds
[2019-06-24T09:55:16.038+0000][1][safepoint    ] Entering safepoint region: RevokeBias
[2019-06-24T09:55:16.038+0000][1][safepoint    ] Leaving safepoint region
[2019-06-24T09:55:16.038+0000][1][safepoint    ] Total time for which application threads were stopped: 0.0001568 seconds, Stopping threads took: 0.0001073 seconds
[2019-06-24T09:55:16.039+0000][1][safepoint    ] Application time: 0.0011493 seconds
[2019-06-24T09:55:16.039+0000][1][safepoint    ] Entering safepoint region: Deoptimize
[2019-06-24T09:55:16.039+0000][1][safepoint    ] Leaving safepoint region
[2019-06-24T09:55:16.039+0000][1][safepoint    ] Total time for which application threads were stopped: 0.0004102 seconds, Stopping threads took: 0.0000297 seconds
[2019-06-24T09:55:16.081+0000][1][safepoint    ] Application time: 0.0417900 seconds
[2019-06-24T09:55:16.081+0000][1][safepoint    ] Entering safepoint region: RevokeBias
[2019-06-24T09:55:16.081+0000][1][safepoint    ] Leaving safepoint region
[2019-06-24T09:55:16.081+0000][1][safepoint    ] Total time for which application threads were stopped: 0.0001753 seconds, Stopping threads took: 0.0001087 seconds
[2019-06-24T09:55:16.082+0000][1][safepoint    ] Application time: 0.0001396 seconds
[2019-06-24T09:55:16.082+0000][1][safepoint    ] Entering safepoint region: RevokeBias
[2019-06-24T09:55:16.082+0000][1][safepoint    ] Leaving safepoint region
[2019-06-24T09:55:16.082+0000][1][safepoint    ] Total time for which application threads were stopped: 0.0001300 seconds, Stopping threads took: 0.0000343 seconds
[2019-06-24T09:55:16.084+0000][1][safepoint    ] Application time: 0.0022313 seconds
[2019-06-24T09:55:16.084+0000][1][safepoint    ] Entering safepoint region: RevokeBias
[2019-06-24T09:55:16.084+0000][1][safepoint    ] Leaving safepoint region
[2019-06-24T09:55:16.084+0000][1][safepoint    ] Total time for which application threads were stopped: 0.0001841 seconds, Stopping threads took: 0.0001153 seconds
[2019-06-24T09:55:16.084+0000][1][safepoint    ] Application time: 0.0002536 seconds
[2019-06-24T09:55:16.085+0000][1][safepoint    ] Entering safepoint region: RevokeBias
[2019-06-24T09:55:16.085+0000][1][safepoint    ] Leaving safepoint region
[2019-06-24T09:55:16.085+0000][1][safepoint    ] Total time for which application threads were stopped: 0.0002260 seconds, Stopping threads took: 0.0001555 seconds
[2019-06-24T09:55:16.085+0000][1][safepoint    ] Application time: 0.0000582 seconds
[2019-06-24T09:55:16.085+0000][1][safepoint    ] Entering safepoint region: RevokeBias
[2019-06-24T09:55:16.085+0000][1][safepoint    ] Leaving safepoint region
[2019-06-24T09:55:16.085+0000][1][safepoint    ] Total time for which application threads were stopped: 0.0001355 seconds, Stopping threads took: 0.0000931 seconds
[2019-06-24T09:55:16.085+0000][1][safepoint    ] Application time: 0.0000782 seconds
[2019-06-24T09:55:16.085+0000][1][safepoint    ] Entering safepoint region: RevokeBias
[2019-06-24T09:55:16.085+0000][1][safepoint    ] Leaving safepoint region
[2019-06-24T09:55:16.085+0000][1][safepoint    ] Total time for which application threads were stopped: 0.0000597 seconds, Stopping threads took: 0.0000251 seconds
[2019-06-24T09:55:16.085+0000][1][safepoint    ] Application time: 0.0000825 seconds
[2019-06-24T09:55:16.085+0000][1][safepoint    ] Entering safepoint region: RevokeBias
[2019-06-24T09:55:16.085+0000][1][safepoint    ] Leaving safepoint region
[2019-06-24T09:55:16.085+0000][1][safepoint    ] Total time for which application threads were stopped: 0.0001274 seconds, Stopping threads took: 0.0000951 seconds
[2019-06-24T09:55:16.086+0000][1][safepoint    ] Application time: 0.0003045 seconds
[2019-06-24T09:55:16.086+0000][1][safepoint    ] Entering safepoint region: RevokeBias
[2019-06-24T09:55:16.086+0000][1][safepoint    ] Leaving safepoint region
[2019-06-24T09:55:16.086+0000][1][safepoint    ] Total time for which application threads were stopped: 0.0001390 seconds, Stopping threads took: 0.0000554 seconds
[2019-06-24T09:55:16.086+0000][1][safepoint    ] Application time: 0.0000680 seconds
[2019-06-24T09:55:16.086+0000][1][safepoint    ] Entering safepoint region: RevokeBias
[2019-06-24T09:55:16.086+0000][1][safepoint    ] Leaving safepoint region
[2019-06-24T09:55:16.086+0000][1][safepoint    ] Total time for which application threads were stopped: 0.0001297 seconds, Stopping threads took: 0.0000618 seconds
[2019-06-24T09:55:16.087+0000][1][safepoint    ] Application time: 0.0007550 seconds
[2019-06-24T09:55:16.087+0000][1][safepoint    ] Entering safepoint region: RevokeBias
[2019-06-24T09:55:16.087+0000][1][safepoint    ] Leaving safepoint region
[2019-06-24T09:55:16.087+0000][1][safepoint    ] Total time for which application threads were stopped: 0.0001479 seconds, Stopping threads took: 0.0000568 seconds
[2019-06-24T09:55:16.087+0000][1][safepoint    ] Application time: 0.0004342 seconds
[2019-06-24T09:55:16.087+0000][1][safepoint    ] Entering safepoint region: RevokeBias
[2019-06-24T09:55:16.088+0000][1][safepoint    ] Leaving safepoint region
[2019-06-24T09:55:16.088+0000][1][safepoint    ] Total time for which application threads were stopped: 0.0003127 seconds, Stopping threads took: 0.0000873 seconds
[2019-06-24T09:55:16.088+0000][1][safepoint    ] Application time: 0.0001454 seconds
[2019-06-24T09:55:16.088+0000][1][safepoint    ] Entering safepoint region: RevokeBias
[2019-06-24T09:55:16.088+0000][1][safepoint    ] Leaving safepoint region
[2019-06-24T09:55:16.088+0000][1][safepoint    ] Total time for which application threads were stopped: 0.0001105 seconds, Stopping threads took: 0.0000263 seconds
[2019-06-24T09:55:16.088+0000][1][safepoint    ] Application time: 0.0001667 seconds
[2019-06-24T09:55:16.088+0000][1][safepoint    ] Entering safepoint region: RevokeBias
[2019-06-24T09:55:16.088+0000][1][safepoint    ] Leaving safepoint region
[2019-06-24T09:55:16.088+0000][1][safepoint    ] Total time for which application threads were stopped: 0.0001125 seconds, Stopping threads took: 0.0000114 seconds
[2019-06-24T09:55:16.089+0000][1][safepoint    ] Application time: 0.0011125 seconds
[2019-06-24T09:55:16.089+0000][1][safepoint    ] Entering safepoint region: RevokeBias
[2019-06-24T09:55:16.089+0000][1][safepoint    ] Leaving safepoint region
[2019-06-24T09:55:16.090+0000][1][safepoint    ] Total time for which application threads were stopped: 0.0000978 seconds, Stopping threads took: 0.0000388 seconds
[2019-06-24T09:55:16.091+0000][1][safepoint    ] Application time: 0.0018650 seconds
[2019-06-24T09:55:16.092+0000][1][safepoint    ] Entering safepoint region: RevokeBias
[2019-06-24T09:55:16.092+0000][1][safepoint    ] Leaving safepoint region
[2019-06-24T09:55:16.092+0000][1][safepoint    ] Total time for which application threads were stopped: 0.0001898 seconds, Stopping threads took: 0.0001191 seconds
[2019-06-24T09:55:16.092+0000][1][safepoint    ] Application time: 0.0001743 seconds
[2019-06-24T09:55:16.092+0000][1][safepoint    ] Entering safepoint region: RevokeBias
[2019-06-24T09:55:16.092+0000][1][safepoint    ] Leaving safepoint region
[2019-06-24T09:55:16.092+0000][1][safepoint    ] Total time for which application threads were stopped: 0.0002159 seconds, Stopping threads took: 0.0001495 seconds
[2019-06-24T09:55:16.092+0000][1][safepoint    ] Application time: 0.0001130 seconds
[2019-06-24T09:55:16.092+0000][1][safepoint    ] Entering safepoint region: RevokeBias
[2019-06-24T09:55:16.092+0000][1][safepoint    ] Leaving safepoint region
[2019-06-24T09:55:16.092+0000][1][safepoint    ] Total time for which application threads were stopped: 0.0001069 seconds, Stopping threads took: 0.0000596 seconds
[2019-06-24T09:55:16.093+0000][1][safepoint    ] Application time: 0.0004152 seconds
[2019-06-24T09:55:16.093+0000][1][safepoint    ] Entering safepoint region: RevokeBias
[2019-06-24T09:55:16.093+0000][1][safepoint    ] Leaving safepoint region
[2019-06-24T09:55:16.093+0000][1][safepoint    ] Total time for which application threads were stopped: 0.0001075 seconds, Stopping threads took: 0.0000552 seconds
[2019-06-24T09:55:16.094+0000][1][safepoint    ] Application time: 0.0010743 seconds
[2019-06-24T09:55:16.094+0000][1][safepoint    ] Entering safepoint region: RevokeBias
[2019-06-24T09:55:16.094+0000][1][safepoint    ] Leaving safepoint region
[2019-06-24T09:55:16.094+0000][1][safepoint    ] Total time for which application threads were stopped: 0.0001898 seconds, Stopping threads took: 0.0001320 seconds
[2019-06-24T09:55:16.094+0000][1][safepoint    ] Application time: 0.0001135 seconds
[2019-06-24T09:55:16.094+0000][1][safepoint    ] Entering safepoint region: RevokeBias
[2019-06-24T09:55:16.094+0000][1][safepoint    ] Leaving safepoint region
[2019-06-24T09:55:16.094+0000][1][safepoint    ] Total time for which application threads were stopped: 0.0002417 seconds, Stopping threads took: 0.0000984 seconds
[2019-06-24T09:55:16.095+0000][1][safepoint    ] Application time: 0.0001329 seconds
[2019-06-24T09:55:16.095+0000][1][safepoint    ] Entering safepoint region: RevokeBias
[2019-06-24T09:55:16.095+0000][1][safepoint    ] Leaving safepoint region
[2019-06-24T09:55:16.095+0000][1][safepoint    ] Total time for which application threads were stopped: 0.0002077 seconds, Stopping threads took: 0.0001281 seconds
[2019-06-24T09:55:16.098+0000][1][safepoint    ] Application time: 0.0028580 seconds
[2019-06-24T09:55:16.098+0000][1][safepoint    ] Entering safepoint region: RevokeBias
[2019-06-24T09:55:16.098+0000][1][safepoint    ] Leaving safepoint region
[2019-06-24T09:55:16.098+0000][1][safepoint    ] Total time for which application threads were stopped: 0.0000740 seconds, Stopping threads took: 0.0000135 seconds
[2019-06-24T09:55:16.098+0000][1][safepoint    ] Application time: 0.0004133 seconds
[2019-06-24T09:55:16.098+0000][1][safepoint    ] Entering safepoint region: RevokeBias
[2019-06-24T09:55:16.098+0000][1][safepoint    ] Leaving safepoint region
[2019-06-24T09:55:16.098+0000][1][safepoint    ] Total time for which application threads were stopped: 0.0000633 seconds, Stopping threads took: 0.0000115 seconds
[2019-06-24T09:55:16.098+0000][1][safepoint    ] Application time: 0.0000800 seconds
[2019-06-24T09:55:16.099+0000][1][safepoint    ] Entering safepoint region: RevokeBias
[2019-06-24T09:55:16.099+0000][1][safepoint    ] Leaving safepoint region
[2019-06-24T09:55:16.099+0000][1][safepoint    ] Total time for which application threads were stopped: 0.0001912 seconds, Stopping threads took: 0.0001420 seconds
[2019-06-24T09:55:16.101+0000][1][safepoint    ] Application time: 0.0023243 seconds
[2019-06-24T09:55:16.101+0000][1][safepoint    ] Entering safepoint region: RevokeBias
[2019-06-24T09:55:16.101+0000][1][safepoint    ] Leaving safepoint region
[2019-06-24T09:55:16.101+0000][1][safepoint    ] Total time for which application threads were stopped: 0.0000607 seconds, Stopping threads took: 0.0000133 seconds
[2019-06-24T09:55:16.102+0000][1][safepoint    ] Application time: 0.0011396 seconds
[2019-06-24T09:55:16.102+0000][1][safepoint    ] Entering safepoint region: RevokeBias
[2019-06-24T09:55:16.102+0000][1][safepoint    ] Leaving safepoint region
[2019-06-24T09:55:16.102+0000][1][safepoint    ] Total time for which application threads were stopped: 0.0001279 seconds, Stopping threads took: 0.0000469 seconds
[2019-06-24T09:55:16.103+0000][1][safepoint    ] Application time: 0.0003116 seconds
[2019-06-24T09:55:16.103+0000][1][safepoint    ] Entering safepoint region: RevokeBias
[2019-06-24T09:55:16.103+0000][1][safepoint    ] Leaving safepoint region
[2019-06-24T09:55:16.103+0000][1][safepoint    ] Total time for which application threads were stopped: 0.0002511 seconds, Stopping threads took: 0.0000304 seconds
[2019-06-24T09:55:16.109+0000][1][safepoint    ] Application time: 0.0064668 seconds
[2019-06-24T09:55:16.110+0000][1][safepoint    ] Entering safepoint region: RevokeBias
[2019-06-24T09:55:16.110+0000][1][safepoint    ] Leaving safepoint region
[2019-06-24T09:55:16.110+0000][1][safepoint    ] Total time for which application threads were stopped: 0.0002187 seconds, Stopping threads took: 0.0001300 seconds
[2019-06-24T09:55:16.110+0000][1][safepoint    ] Application time: 0.0002973 seconds
[2019-06-24T09:55:16.110+0000][1][safepoint    ] Entering safepoint region: RevokeBias
[2019-06-24T09:55:16.110+0000][1][safepoint    ] Leaving safepoint region
[2019-06-24T09:55:16.110+0000][1][safepoint    ] Total time for which application threads were stopped: 0.0001681 seconds, Stopping threads took: 0.0000925 seconds
[2019-06-24T09:55:16.111+0000][1][safepoint    ] Application time: 0.0005044 seconds
[2019-06-24T09:55:16.111+0000][1][safepoint    ] Entering safepoint region: RevokeBias
[2019-06-24T09:55:16.111+0000][1][safepoint    ] Leaving safepoint region
[2019-06-24T09:55:16.111+0000][1][safepoint    ] Total time for which application threads were stopped: 0.0002002 seconds, Stopping threads took: 0.0001040 seconds
[2019-06-24T09:55:16.111+0000][1][safepoint    ] Application time: 0.0000532 seconds
[2019-06-24T09:55:16.111+0000][1][safepoint    ] Entering safepoint region: RevokeBias
[2019-06-24T09:55:16.111+0000][1][safepoint    ] Leaving safepoint region
[2019-06-24T09:55:16.111+0000][1][safepoint    ] Total time for which application threads were stopped: 0.0001315 seconds, Stopping threads took: 0.0000627 seconds
[2019-06-24T09:55:16.111+0000][1][safepoint    ] Application time: 0.0000529 seconds
[2019-06-24T09:55:16.111+0000][1][safepoint    ] Entering safepoint region: RevokeBias
[2019-06-24T09:55:16.111+0000][1][safepoint    ] Leaving safepoint region
[2019-06-24T09:55:16.111+0000][1][safepoint    ] Total time for which application threads were stopped: 0.0000945 seconds, Stopping threads took: 0.0000285 seconds
[2019-06-24T09:55:16.113+0000][1][safepoint    ] Application time: 0.0017844 seconds
[2019-06-24T09:55:16.113+0000][1][safepoint    ] Entering safepoint region: RevokeBias
[2019-06-24T09:55:16.113+0000][1][safepoint    ] Leaving safepoint region
[2019-06-24T09:55:16.113+0000][1][safepoint    ] Total time for which application threads were stopped: 0.0001951 seconds, Stopping threads took: 0.0000962 seconds
[2019-06-24T09:55:16.116+0000][1][safepoint    ] Application time: 0.0025340 seconds
[2019-06-24T09:55:16.116+0000][1][safepoint    ] Entering safepoint region: RevokeBias
[2019-06-24T09:55:16.116+0000][1][safepoint    ] Leaving safepoint region
[2019-06-24T09:55:16.116+0000][1][safepoint    ] Total time for which application threads were stopped: 0.0001779 seconds, Stopping threads took: 0.0000964 seconds
[2019-06-24T09:55:16.116+0000][1][safepoint    ] Application time: 0.0000620 seconds
[2019-06-24T09:55:16.116+0000][1][safepoint    ] Entering safepoint region: RevokeBias
[2019-06-24T09:55:16.116+0000][1][safepoint    ] Leaving safepoint region
[2019-06-24T09:55:16.116+0000][1][safepoint    ] Total time for which application threads were stopped: 0.0000774 seconds, Stopping threads took: 0.0000273 seconds
[2019-06-24T09:55:16.122+0000][1][safepoint    ] Application time: 0.0054813 seconds
[2019-06-24T09:55:16.122+0000][1][safepoint    ] Entering safepoint region: RevokeBias
[2019-06-24T09:55:16.122+0000][1][safepoint    ] Leaving safepoint region
[2019-06-24T09:55:16.122+0000][1][safepoint    ] Total time for which application threads were stopped: 0.0002001 seconds, Stopping threads took: 0.0000261 seconds
[2019-06-24T09:55:16.122+0000][1][safepoint    ] Application time: 0.0002251 seconds
[2019-06-24T09:55:16.122+0000][1][safepoint    ] Entering safepoint region: RevokeBias
[2019-06-24T09:55:16.123+0000][1][safepoint    ] Leaving safepoint region
[2019-06-24T09:55:16.123+0000][1][safepoint    ] Total time for which application threads were stopped: 0.0002518 seconds, Stopping threads took: 0.0000612 seconds
[2019-06-24T09:55:16.123+0000][1][safepoint    ] Application time: 0.0002590 seconds
[2019-06-24T09:55:16.123+0000][1][safepoint    ] Entering safepoint region: RevokeBias
[2019-06-24T09:55:16.123+0000][1][safepoint    ] Leaving safepoint region
[2019-06-24T09:55:16.123+0000][1][safepoint    ] Total time for which application threads were stopped: 0.0000659 seconds, Stopping threads took: 0.0000130 seconds
[2019-06-24T09:55:16.123+0000][1][safepoint    ] Application time: 0.0001059 seconds
[2019-06-24T09:55:16.123+0000][1][safepoint    ] Entering safepoint region: RevokeBias
[2019-06-24T09:55:16.123+0000][1][safepoint    ] Leaving safepoint region
[2019-06-24T09:55:16.123+0000][1][safepoint    ] Total time for which application threads were stopped: 0.0000479 seconds, Stopping threads took: 0.0000096 seconds
[2019-06-24T09:55:16.123+0000][1][safepoint    ] Application time: 0.0001094 seconds
[2019-06-24T09:55:16.123+0000][1][safepoint    ] Entering safepoint region: RevokeBias
[2019-06-24T09:55:16.123+0000][1][safepoint    ] Leaving safepoint region
[2019-06-24T09:55:16.123+0000][1][safepoint    ] Total time for which application threads were stopped: 0.0000616 seconds, Stopping threads took: 0.0000095 seconds
[2019-06-24T09:55:16.127+0000][1][safepoint    ] Application time: 0.0034584 seconds
[2019-06-24T09:55:16.127+0000][1][safepoint    ] Entering safepoint region: RevokeBias
[2019-06-24T09:55:16.127+0000][1][safepoint    ] Leaving safepoint region
[2019-06-24T09:55:16.127+0000][1][safepoint    ] Total time for which application threads were stopped: 0.0000738 seconds, Stopping threads took: 0.0000151 seconds
[2019-06-24T09:55:16.127+0000][1][safepoint    ] Application time: 0.0001541 seconds
[2019-06-24T09:55:16.127+0000][1][safepoint    ] Entering safepoint region: RevokeBias
[2019-06-24T09:55:16.127+0000][1][safepoint    ] Leaving safepoint region
[2019-06-24T09:55:16.127+0000][1][safepoint    ] Total time for which application threads were stopped: 0.0001195 seconds, Stopping threads took: 0.0000667 seconds
[2019-06-24T09:55:16.127+0000][1][safepoint    ] Application time: 0.0001531 seconds
[2019-06-24T09:55:16.127+0000][1][safepoint    ] Entering safepoint region: RevokeBias
[2019-06-24T09:55:16.127+0000][1][safepoint    ] Leaving safepoint region
[2019-06-24T09:55:16.127+0000][1][safepoint    ] Total time for which application threads were stopped: 0.0001794 seconds, Stopping threads took: 0.0001272 seconds
[2019-06-24T09:55:16.128+0000][1][safepoint    ] Application time: 0.0001726 seconds
[2019-06-24T09:55:16.128+0000][1][safepoint    ] Entering safepoint region: RevokeBias
[2019-06-24T09:55:16.128+0000][1][safepoint    ] Leaving safepoint region
[2019-06-24T09:55:16.128+0000][1][safepoint    ] Total time for which application threads were stopped: 0.0000995 seconds, Stopping threads took: 0.0000537 seconds
[2019-06-24T09:55:16.130+0000][1][safepoint    ] Application time: 0.0026183 seconds
[2019-06-24T09:55:16.131+0000][1][safepoint    ] Entering safepoint region: RevokeBias
[2019-06-24T09:55:16.131+0000][1][safepoint    ] Leaving safepoint region
[2019-06-24T09:55:16.131+0000][1][safepoint    ] Total time for which application threads were stopped: 0.0002235 seconds, Stopping threads took: 0.0001077 seconds
[2019-06-24T09:55:16.131+0000][1][safepoint    ] Application time: 0.0000926 seconds
[2019-06-24T09:55:16.131+0000][1][safepoint    ] Entering safepoint region: RevokeBias
[2019-06-24T09:55:16.131+0000][1][safepoint    ] Leaving safepoint region
[2019-06-24T09:55:16.131+0000][1][safepoint    ] Total time for which application threads were stopped: 0.0001220 seconds, Stopping threads took: 0.0000689 seconds
[2019-06-24T09:55:16.132+0000][1][safepoint    ] Application time: 0.0012725 seconds
[2019-06-24T09:55:16.132+0000][1][safepoint    ] Entering safepoint region: RevokeBias
[2019-06-24T09:55:16.132+0000][1][safepoint    ] Leaving safepoint region
[2019-06-24T09:55:16.132+0000][1][safepoint    ] Total time for which application threads were stopped: 0.0001715 seconds, Stopping threads took: 0.0001091 seconds
[2019-06-24T09:55:16.134+0000][1][safepoint    ] Application time: 0.0015494 seconds
[2019-06-24T09:55:16.134+0000][1][safepoint    ] Entering safepoint region: RevokeBias
[2019-06-24T09:55:16.134+0000][1][safepoint    ] Leaving safepoint region
[2019-06-24T09:55:16.134+0000][1][safepoint    ] Total time for which application threads were stopped: 0.0000910 seconds, Stopping threads took: 0.0000181 seconds
[2019-06-24T09:55:16.135+0000][1][safepoint    ] Application time: 0.0009420 seconds
[2019-06-24T09:55:16.135+0000][1][safepoint    ] Entering safepoint region: RevokeBias
[2019-06-24T09:55:16.135+0000][1][safepoint    ] Leaving safepoint region
[2019-06-24T09:55:16.135+0000][1][safepoint    ] Total time for which application threads were stopped: 0.0002238 seconds, Stopping threads took: 0.0001168 seconds
[2019-06-24T09:55:16.136+0000][1][safepoint    ] Application time: 0.0006640 seconds
[2019-06-24T09:55:16.136+0000][1][safepoint    ] Entering safepoint region: RevokeBias
[2019-06-24T09:55:16.136+0000][1][safepoint    ] Leaving safepoint region
[2019-06-24T09:55:16.136+0000][1][safepoint    ] Total time for which application threads were stopped: 0.0002105 seconds, Stopping threads took: 0.0001048 seconds
[2019-06-24T09:55:16.136+0000][1][safepoint    ] Application time: 0.0000844 seconds
[2019-06-24T09:55:16.140+0000][1][safepoint    ] Entering safepoint region: RevokeBias
[2019-06-24T09:55:16.140+0000][1][safepoint    ] Leaving safepoint region
[2019-06-24T09:55:16.140+0000][1][safepoint    ] Total time for which application threads were stopped: 0.0036102 seconds, Stopping threads took: 0.0035305 seconds
[2019-06-24T09:55:16.140+0000][1][safepoint    ] Application time: 0.0001324 seconds
[2019-06-24T09:55:16.140+0000][1][safepoint    ] Entering safepoint region: RevokeBias
[2019-06-24T09:55:16.140+0000][1][safepoint    ] Leaving safepoint region
[2019-06-24T09:55:16.140+0000][1][safepoint    ] Total time for which application threads were stopped: 0.0001044 seconds, Stopping threads took: 0.0000387 seconds
[2019-06-24T09:55:16.140+0000][1][safepoint    ] Application time: 0.0000759 seconds
[2019-06-24T09:55:16.140+0000][1][safepoint    ] Entering safepoint region: RevokeBias
[2019-06-24T09:55:16.140+0000][1][safepoint    ] Leaving safepoint region
[2019-06-24T09:55:16.140+0000][1][safepoint    ] Total time for which application threads were stopped: 0.0001002 seconds, Stopping threads took: 0.0000379 seconds
[2019-06-24T09:55:16.141+0000][1][safepoint    ] Application time: 0.0001197 seconds
[2019-06-24T09:55:16.141+0000][1][safepoint    ] Entering safepoint region: RevokeBias
[2019-06-24T09:55:16.141+0000][1][safepoint    ] Leaving safepoint region
[2019-06-24T09:55:16.141+0000][1][safepoint    ] Total time for which application threads were stopped: 0.0000881 seconds, Stopping threads took: 0.0000487 seconds
[2019-06-24T09:55:16.147+0000][1][safepoint    ] Application time: 0.0063367 seconds
[2019-06-24T09:55:16.147+0000][1][safepoint    ] Entering safepoint region: RevokeBias
[2019-06-24T09:55:16.147+0000][1][safepoint    ] Leaving safepoint region
[2019-06-24T09:55:16.147+0000][1][safepoint    ] Total time for which application threads were stopped: 0.0000834 seconds, Stopping threads took: 0.0000162 seconds
[2019-06-24T09:55:16.147+0000][1][safepoint    ] Application time: 0.0000576 seconds
[2019-06-24T09:55:16.147+0000][1][safepoint    ] Entering safepoint region: RevokeBias
[2019-06-24T09:55:16.147+0000][1][safepoint    ] Leaving safepoint region
[2019-06-24T09:55:16.147+0000][1][safepoint    ] Total time for which application threads were stopped: 0.0000504 seconds, Stopping threads took: 0.0000110 seconds
[2019-06-24T09:55:16.163+0000][1][safepoint    ] Application time: 0.0159415 seconds
[2019-06-24T09:55:16.163+0000][1][safepoint    ] Entering safepoint region: RevokeBias
[2019-06-24T09:55:16.163+0000][1][safepoint    ] Leaving safepoint region
[2019-06-24T09:55:16.163+0000][1][safepoint    ] Total time for which application threads were stopped: 0.0000695 seconds, Stopping threads took: 0.0000155 seconds
[2019-06-24T09:55:16.193+0000][1][safepoint    ] Application time: 0.0294039 seconds
[2019-06-24T09:55:16.193+0000][1][safepoint    ] Entering safepoint region: RevokeBias
[2019-06-24T09:55:16.193+0000][1][safepoint    ] Leaving safepoint region
[2019-06-24T09:55:16.193+0000][1][safepoint    ] Total time for which application threads were stopped: 0.0000933 seconds, Stopping threads took: 0.0000234 seconds
[2019-06-24T09:55:16.193+0000][1][safepoint    ] Application time: 0.0003251 seconds
[2019-06-24T09:55:16.193+0000][1][safepoint    ] Entering safepoint region: RevokeBias
[2019-06-24T09:55:16.193+0000][1][safepoint    ] Leaving safepoint region
[2019-06-24T09:55:16.193+0000][1][safepoint    ] Total time for which application threads were stopped: 0.0000671 seconds, Stopping threads took: 0.0000146 seconds
[2019-06-24T09:55:16.193+0000][1][safepoint    ] Application time: 0.0001207 seconds
[2019-06-24T09:55:16.193+0000][1][safepoint    ] Entering safepoint region: RevokeBias
[2019-06-24T09:55:16.193+0000][1][safepoint    ] Leaving safepoint region
[2019-06-24T09:55:16.193+0000][1][safepoint    ] Total time for which application threads were stopped: 0.0000704 seconds, Stopping threads took: 0.0000125 seconds
[2019-06-24T09:55:16.194+0000][1][safepoint    ] Application time: 0.0000995 seconds
[2019-06-24T09:55:16.194+0000][1][safepoint    ] Entering safepoint region: RevokeBias
[2019-06-24T09:55:16.194+0000][1][safepoint    ] Leaving safepoint region
[2019-06-24T09:55:16.194+0000][1][safepoint    ] Total time for which application threads were stopped: 0.0000595 seconds, Stopping threads took: 0.0000130 seconds
[2019-06-24T09:55:16.194+0000][1][safepoint    ] Application time: 0.0003023 seconds
[2019-06-24T09:55:16.194+0000][1][safepoint    ] Entering safepoint region: RevokeBias
[2019-06-24T09:55:16.194+0000][1][safepoint    ] Leaving safepoint region
[2019-06-24T09:55:16.194+0000][1][safepoint    ] Total time for which application threads were stopped: 0.0000622 seconds, Stopping threads took: 0.0000132 seconds
[2019-06-24T09:55:16.223+0000][1][safepoint    ] Application time: 0.0284758 seconds
[2019-06-24T09:55:16.223+0000][1][safepoint    ] Entering safepoint region: ICBufferFull
[2019-06-24T09:55:16.223+0000][1][safepoint    ] Leaving safepoint region
[2019-06-24T09:55:16.223+0000][1][safepoint    ] Total time for which application threads were stopped: 0.0002564 seconds, Stopping threads took: 0.0000202 seconds
[2019-06-24T09:55:16.231+0000][1][safepoint    ] Application time: 0.0077943 seconds
[2019-06-24T09:55:16.231+0000][1][safepoint    ] Entering safepoint region: RevokeBias
[2019-06-24T09:55:16.231+0000][1][safepoint    ] Leaving safepoint region
[2019-06-24T09:55:16.231+0000][1][safepoint    ] Total time for which application threads were stopped: 0.0001045 seconds, Stopping threads took: 0.0000217 seconds
[2019-06-24T09:55:16.235+0000][1][safepoint    ] Application time: 0.0046864 seconds
[2019-06-24T09:55:16.236+0000][1][safepoint    ] Entering safepoint region: RevokeBias
[2019-06-24T09:55:16.236+0000][1][safepoint    ] Leaving safepoint region
[2019-06-24T09:55:16.236+0000][1][safepoint    ] Total time for which application threads were stopped: 0.0001471 seconds, Stopping threads took: 0.0000491 seconds
[2019-06-24T09:55:16.238+0000][1][safepoint    ] Application time: 0.0021658 seconds
[2019-06-24T09:55:16.238+0000][1][safepoint    ] Entering safepoint region: RevokeBias
[2019-06-24T09:55:16.238+0000][1][safepoint    ] Leaving safepoint region
[2019-06-24T09:55:16.238+0000][1][safepoint    ] Total time for which application threads were stopped: 0.0001273 seconds, Stopping threads took: 0.0000538 seconds
[2019-06-24T09:55:16.238+0000][1][safepoint    ] Application time: 0.0002928 seconds
[2019-06-24T09:55:16.238+0000][1][safepoint    ] Entering safepoint region: RevokeBias
[2019-06-24T09:55:16.238+0000][1][safepoint    ] Leaving safepoint region
[2019-06-24T09:55:16.238+0000][1][safepoint    ] Total time for which application threads were stopped: 0.0000989 seconds, Stopping threads took: 0.0000419 seconds
[2019-06-24T09:55:16.239+0000][1][safepoint    ] Application time: 0.0001287 seconds
[2019-06-24T09:55:16.239+0000][1][safepoint    ] Entering safepoint region: RevokeBias
[2019-06-24T09:55:16.239+0000][1][safepoint    ] Leaving safepoint region
[2019-06-24T09:55:16.239+0000][1][safepoint    ] Total time for which application threads were stopped: 0.0000715 seconds, Stopping threads took: 0.0000259 seconds
[2019-06-24T09:55:16.239+0000][1][safepoint    ] Application time: 0.0000764 seconds
[2019-06-24T09:55:16.239+0000][1][safepoint    ] Entering safepoint region: RevokeBias
[2019-06-24T09:55:16.239+0000][1][safepoint    ] Leaving safepoint region
[2019-06-24T09:55:16.239+0000][1][safepoint    ] Total time for which application threads were stopped: 0.0001478 seconds, Stopping threads took: 0.0000661 seconds
[2019-06-24T09:55:16.239+0000][1][safepoint    ] Application time: 0.0002849 seconds
[2019-06-24T09:55:16.240+0000][1][safepoint    ] Entering safepoint region: RevokeBias
[2019-06-24T09:55:16.240+0000][1][safepoint    ] Leaving safepoint region
[2019-06-24T09:55:16.240+0000][1][safepoint    ] Total time for which application threads were stopped: 0.0010823 seconds, Stopping threads took: 0.0009648 seconds
[2019-06-24T09:55:16.242+0000][1][safepoint    ] Application time: 0.0016359 seconds
[2019-06-24T09:55:16.242+0000][1][safepoint    ] Entering safepoint region: RevokeBias
[2019-06-24T09:55:16.242+0000][1][safepoint    ] Leaving safepoint region
[2019-06-24T09:55:16.242+0000][1][safepoint    ] Total time for which application threads were stopped: 0.0001854 seconds, Stopping threads took: 0.0001123 seconds
[2019-06-24T09:55:16.243+0000][1][safepoint    ] Application time: 0.0004795 seconds
[2019-06-24T09:55:16.243+0000][1][safepoint    ] Entering safepoint region: RevokeBias
[2019-06-24T09:55:16.243+0000][1][safepoint    ] Leaving safepoint region
[2019-06-24T09:55:16.243+0000][1][safepoint    ] Total time for which application threads were stopped: 0.0001822 seconds, Stopping threads took: 0.0000767 seconds
[2019-06-24T09:55:16.244+0000][1][safepoint    ] Application time: 0.0008220 seconds
[2019-06-24T09:55:16.245+0000][1][safepoint    ] Entering safepoint region: RevokeBias
[2019-06-24T09:55:16.245+0000][1][safepoint    ] Leaving safepoint region
[2019-06-24T09:55:16.245+0000][1][safepoint    ] Total time for which application threads were stopped: 0.0012130 seconds, Stopping threads took: 0.0011367 seconds
[2019-06-24T09:55:16.245+0000][1][safepoint    ] Application time: 0.0002348 seconds
[2019-06-24T09:55:16.245+0000][1][safepoint    ] Entering safepoint region: RevokeBias
[2019-06-24T09:55:16.245+0000][1][safepoint    ] Leaving safepoint region
[2019-06-24T09:55:16.245+0000][1][safepoint    ] Total time for which application threads were stopped: 0.0001285 seconds, Stopping threads took: 0.0000591 seconds
[2019-06-24T09:55:16.245+0000][1][safepoint    ] Application time: 0.0001348 seconds
[2019-06-24T09:55:16.246+0000][1][safepoint    ] Entering safepoint region: RevokeBias
[2019-06-24T09:55:16.246+0000][1][safepoint    ] Leaving safepoint region
[2019-06-24T09:55:16.246+0000][1][safepoint    ] Total time for which application threads were stopped: 0.0001178 seconds, Stopping threads took: 0.0000506 seconds
[2019-06-24T09:55:16.246+0000][1][safepoint    ] Application time: 0.0004056 seconds
[2019-06-24T09:55:16.247+0000][1][safepoint    ] Entering safepoint region: RevokeBias
[2019-06-24T09:55:16.247+0000][1][safepoint    ] Leaving safepoint region
[2019-06-24T09:55:16.247+0000][1][safepoint    ] Total time for which application threads were stopped: 0.0007038 seconds, Stopping threads took: 0.0005598 seconds
[2019-06-24T09:55:16.247+0000][1][safepoint    ] Application time: 0.0001326 seconds
[2019-06-24T09:55:16.247+0000][1][safepoint    ] Entering safepoint region: RevokeBias
[2019-06-24T09:55:16.247+0000][1][safepoint    ] Leaving safepoint region
[2019-06-24T09:55:16.247+0000][1][safepoint    ] Total time for which application threads were stopped: 0.0001632 seconds, Stopping threads took: 0.0000964 seconds
[2019-06-24T09:55:16.247+0000][1][safepoint    ] Application time: 0.0001529 seconds
[2019-06-24T09:55:16.247+0000][1][safepoint    ] Entering safepoint region: RevokeBias
[2019-06-24T09:55:16.247+0000][1][safepoint    ] Leaving safepoint region
[2019-06-24T09:55:16.247+0000][1][safepoint    ] Total time for which application threads were stopped: 0.0001322 seconds, Stopping threads took: 0.0000571 seconds
[2019-06-24T09:55:16.248+0000][1][safepoint    ] Application time: 0.0002800 seconds
[2019-06-24T09:55:16.248+0000][1][safepoint    ] Entering safepoint region: RevokeBias
[2019-06-24T09:55:16.248+0000][1][safepoint    ] Leaving safepoint region
[2019-06-24T09:55:16.248+0000][1][safepoint    ] Total time for which application threads were stopped: 0.0001460 seconds, Stopping threads took: 0.0000570 seconds
[2019-06-24T09:55:16.251+0000][1][safepoint    ] Application time: 0.0027863 seconds
[2019-06-24T09:55:16.251+0000][1][safepoint    ] Entering safepoint region: RevokeBias
[2019-06-24T09:55:16.251+0000][1][safepoint    ] Leaving safepoint region
[2019-06-24T09:55:16.251+0000][1][safepoint    ] Total time for which application threads were stopped: 0.0001938 seconds, Stopping threads took: 0.0000779 seconds
[2019-06-24T09:55:16.251+0000][1][safepoint    ] Application time: 0.0001107 seconds
[2019-06-24T09:55:16.251+0000][1][safepoint    ] Entering safepoint region: RevokeBias
[2019-06-24T09:55:16.251+0000][1][safepoint    ] Leaving safepoint region
[2019-06-24T09:55:16.251+0000][1][safepoint    ] Total time for which application threads were stopped: 0.0001187 seconds, Stopping threads took: 0.0000473 seconds
[2019-06-24T09:55:16.251+0000][1][safepoint    ] Application time: 0.0000440 seconds
[2019-06-24T09:55:16.251+0000][1][safepoint    ] Entering safepoint region: RevokeBias
[2019-06-24T09:55:16.251+0000][1][safepoint    ] Leaving safepoint region
[2019-06-24T09:55:16.251+0000][1][safepoint    ] Total time for which application threads were stopped: 0.0000831 seconds, Stopping threads took: 0.0000281 seconds
[2019-06-24T09:55:16.255+0000][1][safepoint    ] Application time: 0.0036530 seconds
[2019-06-24T09:55:16.255+0000][1][safepoint    ] Entering safepoint region: RevokeBias
[2019-06-24T09:55:16.255+0000][1][safepoint    ] Leaving safepoint region
[2019-06-24T09:55:16.255+0000][1][safepoint    ] Total time for which application threads were stopped: 0.0001593 seconds, Stopping threads took: 0.0000651 seconds
[2019-06-24T09:55:16.255+0000][1][safepoint    ] Application time: 0.0001657 seconds
[2019-06-24T09:55:16.255+0000][1][safepoint    ] Entering safepoint region: RevokeBias
[2019-06-24T09:55:16.256+0000][1][safepoint    ] Leaving safepoint region
[2019-06-24T09:55:16.256+0000][1][safepoint    ] Total time for which application threads were stopped: 0.0001368 seconds, Stopping threads took: 0.0000536 seconds
[2019-06-24T09:55:16.256+0000][1][safepoint    ] Application time: 0.0004107 seconds
[2019-06-24T09:55:16.256+0000][1][safepoint    ] Entering safepoint region: RevokeBias
[2019-06-24T09:55:16.256+0000][1][safepoint    ] Leaving safepoint region
[2019-06-24T09:55:16.256+0000][1][safepoint    ] Total time for which application threads were stopped: 0.0001758 seconds, Stopping threads took: 0.0000887 seconds
[2019-06-24T09:55:16.256+0000][1][safepoint    ] Application time: 0.0001013 seconds
[2019-06-24T09:55:16.256+0000][1][safepoint    ] Entering safepoint region: RevokeBias
[2019-06-24T09:55:16.256+0000][1][safepoint    ] Leaving safepoint region
[2019-06-24T09:55:16.256+0000][1][safepoint    ] Total time for which application threads were stopped: 0.0000878 seconds, Stopping threads took: 0.0000436 seconds
[2019-06-24T09:55:16.259+0000][1][safepoint    ] Application time: 0.0025388 seconds
[2019-06-24T09:55:16.259+0000][1][safepoint    ] Entering safepoint region: RevokeBias
[2019-06-24T09:55:16.259+0000][1][safepoint    ] Leaving safepoint region
[2019-06-24T09:55:16.259+0000][1][safepoint    ] Total time for which application threads were stopped: 0.0002469 seconds, Stopping threads took: 0.0001414 seconds
[2019-06-24T09:55:16.260+0000][1][safepoint    ] Application time: 0.0004169 seconds
[2019-06-24T09:55:16.260+0000][1][safepoint    ] Entering safepoint region: RevokeBias
[2019-06-24T09:55:16.260+0000][1][safepoint    ] Leaving safepoint region
[2019-06-24T09:55:16.260+0000][1][safepoint    ] Total time for which application threads were stopped: 0.0001906 seconds, Stopping threads took: 0.0001066 seconds
[2019-06-24T09:55:16.260+0000][1][safepoint    ] Application time: 0.0000961 seconds
[2019-06-24T09:55:16.260+0000][1][safepoint    ] Entering safepoint region: RevokeBias
[2019-06-24T09:55:16.260+0000][1][safepoint    ] Leaving safepoint region
[2019-06-24T09:55:16.260+0000][1][safepoint    ] Total time for which application threads were stopped: 0.0001086 seconds, Stopping threads took: 0.0000405 seconds
[2019-06-24T09:55:16.261+0000][1][safepoint    ] Application time: 0.0003945 seconds
[2019-06-24T09:55:16.261+0000][1][safepoint    ] Entering safepoint region: RevokeBias
[2019-06-24T09:55:16.261+0000][1][safepoint    ] Leaving safepoint region
[2019-06-24T09:55:16.261+0000][1][safepoint    ] Total time for which application threads were stopped: 0.0000976 seconds, Stopping threads took: 0.0000275 seconds
[2019-06-24T09:55:16.261+0000][1][safepoint    ] Application time: 0.0001222 seconds
[2019-06-24T09:55:16.261+0000][1][safepoint    ] Entering safepoint region: RevokeBias
[2019-06-24T09:55:16.261+0000][1][safepoint    ] Leaving safepoint region
[2019-06-24T09:55:16.261+0000][1][safepoint    ] Total time for which application threads were stopped: 0.0001095 seconds, Stopping threads took: 0.0000447 seconds
[2019-06-24T09:55:16.261+0000][1][safepoint    ] Application time: 0.0004470 seconds
[2019-06-24T09:55:16.261+0000][1][safepoint    ] Entering safepoint region: RevokeBias
[2019-06-24T09:55:16.261+0000][1][safepoint    ] Leaving safepoint region
[2019-06-24T09:55:16.261+0000][1][safepoint    ] Total time for which application threads were stopped: 0.0001036 seconds, Stopping threads took: 0.0000210 seconds
[2019-06-24T09:55:16.262+0000][1][safepoint    ] Application time: 0.0001396 seconds
[2019-06-24T09:55:16.262+0000][1][safepoint    ] Entering safepoint region: RevokeBias
[2019-06-24T09:55:16.262+0000][1][safepoint    ] Leaving safepoint region
[2019-06-24T09:55:16.262+0000][1][safepoint    ] Total time for which application threads were stopped: 0.0000899 seconds, Stopping threads took: 0.0000169 seconds
[2019-06-24T09:55:16.262+0000][1][safepoint    ] Application time: 0.0001238 seconds
[2019-06-24T09:55:16.262+0000][1][safepoint    ] Entering safepoint region: RevokeBias
[2019-06-24T09:55:16.262+0000][1][safepoint    ] Leaving safepoint region
[2019-06-24T09:55:16.262+0000][1][safepoint    ] Total time for which application threads were stopped: 0.0000959 seconds, Stopping threads took: 0.0000450 seconds
[2019-06-24T09:55:16.262+0000][1][safepoint    ] Application time: 0.0002300 seconds
[2019-06-24T09:55:16.262+0000][1][safepoint    ] Entering safepoint region: RevokeBias
[2019-06-24T09:55:16.262+0000][1][safepoint    ] Leaving safepoint region
[2019-06-24T09:55:16.262+0000][1][safepoint    ] Total time for which application threads were stopped: 0.0000768 seconds, Stopping threads took: 0.0000167 seconds
[2019-06-24T09:55:16.262+0000][1][safepoint    ] Application time: 0.0000818 seconds
[2019-06-24T09:55:16.262+0000][1][safepoint    ] Entering safepoint region: RevokeBias
[2019-06-24T09:55:16.263+0000][1][safepoint    ] Leaving safepoint region
[2019-06-24T09:55:16.263+0000][1][safepoint    ] Total time for which application threads were stopped: 0.0001124 seconds, Stopping threads took: 0.0000654 seconds
[2019-06-24T09:55:16.263+0000][1][safepoint    ] Application time: 0.0000952 seconds
[2019-06-24T09:55:16.263+0000][1][safepoint    ] Entering safepoint region: RevokeBias
[2019-06-24T09:55:16.263+0000][1][safepoint    ] Leaving safepoint region
[2019-06-24T09:55:16.263+0000][1][safepoint    ] Total time for which application threads were stopped: 0.0001557 seconds, Stopping threads took: 0.0000500 seconds
[2019-06-24T09:55:16.263+0000][1][safepoint    ] Application time: 0.0003038 seconds
[2019-06-24T09:55:16.263+0000][1][safepoint    ] Entering safepoint region: RevokeBias
[2019-06-24T09:55:16.263+0000][1][safepoint    ] Leaving safepoint region
[2019-06-24T09:55:16.263+0000][1][safepoint    ] Total time for which application threads were stopped: 0.0001764 seconds, Stopping threads took: 0.0000609 seconds
[2019-06-24T09:55:16.264+0000][1][safepoint    ] Application time: 0.0008184 seconds
[2019-06-24T09:55:16.264+0000][1][safepoint    ] Entering safepoint region: RevokeBias
[2019-06-24T09:55:16.265+0000][1][safepoint    ] Leaving safepoint region
[2019-06-24T09:55:16.265+0000][1][safepoint    ] Total time for which application threads were stopped: 0.0003576 seconds, Stopping threads took: 0.0002838 seconds
[2019-06-24T09:55:16.265+0000][1][safepoint    ] Application time: 0.0002738 seconds
[2019-06-24T09:55:16.265+0000][1][safepoint    ] Entering safepoint region: RevokeBias
[2019-06-24T09:55:16.265+0000][1][safepoint    ] Leaving safepoint region
[2019-06-24T09:55:16.265+0000][1][safepoint    ] Total time for which application threads were stopped: 0.0000942 seconds, Stopping threads took: 0.0000402 seconds
[2019-06-24T09:55:16.265+0000][1][safepoint    ] Application time: 0.0000836 seconds
[2019-06-24T09:55:16.265+0000][1][safepoint    ] Entering safepoint region: RevokeBias
[2019-06-24T09:55:16.265+0000][1][safepoint    ] Leaving safepoint region
[2019-06-24T09:55:16.265+0000][1][safepoint    ] Total time for which application threads were stopped: 0.0001007 seconds, Stopping threads took: 0.0000544 seconds
[2019-06-24T09:55:16.265+0000][1][safepoint    ] Application time: 0.0001124 seconds
[2019-06-24T09:55:16.265+0000][1][safepoint    ] Entering safepoint region: RevokeBias
[2019-06-24T09:55:16.265+0000][1][safepoint    ] Leaving safepoint region
[2019-06-24T09:55:16.265+0000][1][safepoint    ] Total time for which application threads were stopped: 0.0000729 seconds, Stopping threads took: 0.0000288 seconds
[2019-06-24T09:55:16.266+0000][1][safepoint    ] Application time: 0.0002194 seconds
[2019-06-24T09:55:16.266+0000][1][safepoint    ] Entering safepoint region: RevokeBias
[2019-06-24T09:55:16.266+0000][1][safepoint    ] Leaving safepoint region
[2019-06-24T09:55:16.266+0000][1][safepoint    ] Total time for which application threads were stopped: 0.0001043 seconds, Stopping threads took: 0.0000435 seconds
[2019-06-24T09:55:16.266+0000][1][safepoint    ] Application time: 0.0001701 seconds
[2019-06-24T09:55:16.266+0000][1][safepoint    ] Entering safepoint region: RevokeBias
[2019-06-24T09:55:16.266+0000][1][safepoint    ] Leaving safepoint region
[2019-06-24T09:55:16.266+0000][1][safepoint    ] Total time for which application threads were stopped: 0.0000701 seconds, Stopping threads took: 0.0000260 seconds
[2019-06-24T09:55:16.266+0000][1][safepoint    ] Application time: 0.0002724 seconds
[2019-06-24T09:55:16.266+0000][1][safepoint    ] Entering safepoint region: RevokeBias
[2019-06-24T09:55:16.266+0000][1][safepoint    ] Leaving safepoint region
[2019-06-24T09:55:16.266+0000][1][safepoint    ] Total time for which application threads were stopped: 0.0000795 seconds, Stopping threads took: 0.0000264 seconds
[2019-06-24T09:55:16.267+0000][1][safepoint    ] Application time: 0.0003196 seconds
[2019-06-24T09:55:16.267+0000][1][safepoint    ] Entering safepoint region: RevokeBias
[2019-06-24T09:55:16.267+0000][1][safepoint    ] Leaving safepoint region
[2019-06-24T09:55:16.267+0000][1][safepoint    ] Total time for which application threads were stopped: 0.0000942 seconds, Stopping threads took: 0.0000191 seconds
[2019-06-24T09:55:16.270+0000][1][safepoint    ] Application time: 0.0026900 seconds
[2019-06-24T09:55:16.270+0000][1][safepoint    ] Entering safepoint region: RevokeBias
[2019-06-24T09:55:16.270+0000][1][safepoint    ] Leaving safepoint region
[2019-06-24T09:55:16.270+0000][1][safepoint    ] Total time for which application threads were stopped: 0.0001582 seconds, Stopping threads took: 0.0000446 seconds
[2019-06-24T09:55:16.280+0000][1][safepoint    ] Application time: 0.0099408 seconds
[2019-06-24T09:55:16.280+0000][1][safepoint    ] Entering safepoint region: RevokeBias
[2019-06-24T09:55:16.280+0000][1][safepoint    ] Leaving safepoint region
[2019-06-24T09:55:16.280+0000][1][safepoint    ] Total time for which application threads were stopped: 0.0001265 seconds, Stopping threads took: 0.0000284 seconds
[2019-06-24T09:55:16.282+0000][1][safepoint    ] Application time: 0.0019571 seconds
[2019-06-24T09:55:16.282+0000][1][safepoint    ] Entering safepoint region: BulkRevokeBias
[2019-06-24T09:55:16.282+0000][1][safepoint    ] Leaving safepoint region
[2019-06-24T09:55:16.282+0000][1][safepoint    ] Total time for which application threads were stopped: 0.0004539 seconds, Stopping threads took: 0.0000915 seconds
[2019-06-24T09:55:16.284+0000][1][safepoint    ] Application time: 0.0020599 seconds
[2019-06-24T09:55:16.284+0000][1][safepoint    ] Entering safepoint region: RevokeBias
[2019-06-24T09:55:16.285+0000][1][safepoint    ] Leaving safepoint region
[2019-06-24T09:55:16.285+0000][1][safepoint    ] Total time for which application threads were stopped: 0.0001311 seconds, Stopping threads took: 0.0000410 seconds
[2019-06-24T09:55:16.289+0000][1][safepoint    ] Application time: 0.0043821 seconds
[2019-06-24T09:55:16.289+0000][1][safepoint    ] Entering safepoint region: RevokeBias
[2019-06-24T09:55:16.289+0000][1][safepoint    ] Leaving safepoint region
[2019-06-24T09:55:16.289+0000][1][safepoint    ] Total time for which application threads were stopped: 0.0001352 seconds, Stopping threads took: 0.0000677 seconds
[2019-06-24T09:55:16.294+0000][1][safepoint    ] Application time: 0.0046902 seconds
[2019-06-24T09:55:16.294+0000][1][safepoint    ] Entering safepoint region: RevokeBias
[2019-06-24T09:55:16.294+0000][1][safepoint    ] Leaving safepoint region
[2019-06-24T09:55:16.294+0000][1][safepoint    ] Total time for which application threads were stopped: 0.0000798 seconds, Stopping threads took: 0.0000195 seconds
[2019-06-24T09:55:16.299+0000][1][safepoint    ] Application time: 0.0052672 seconds
[2019-06-24T09:55:16.299+0000][1][safepoint    ] Entering safepoint region: RevokeBias
[2019-06-24T09:55:16.299+0000][1][safepoint    ] Leaving safepoint region
[2019-06-24T09:55:16.299+0000][1][safepoint    ] Total time for which application threads were stopped: 0.0001120 seconds, Stopping threads took: 0.0000296 seconds
[2019-06-24T09:55:16.306+0000][1][safepoint    ] Application time: 0.0062749 seconds
[2019-06-24T09:55:16.306+0000][1][safepoint    ] Entering safepoint region: RevokeBias
[2019-06-24T09:55:16.306+0000][1][safepoint    ] Leaving safepoint region
[2019-06-24T09:55:16.306+0000][1][safepoint    ] Total time for which application threads were stopped: 0.0001713 seconds, Stopping threads took: 0.0000316 seconds
[2019-06-24T09:55:16.307+0000][1][safepoint    ] Application time: 0.0015733 seconds
[2019-06-24T09:55:16.308+0000][1][safepoint    ] Entering safepoint region: RevokeBias
[2019-06-24T09:55:16.308+0000][1][safepoint    ] Leaving safepoint region
[2019-06-24T09:55:16.308+0000][1][safepoint    ] Total time for which application threads were stopped: 0.0001908 seconds, Stopping threads took: 0.0000989 seconds
[2019-06-24T09:55:16.310+0000][1][safepoint    ] Application time: 0.0019474 seconds
[2019-06-24T09:55:16.310+0000][1][safepoint    ] Entering safepoint region: BulkRevokeBias
[2019-06-24T09:55:16.310+0000][1][safepoint    ] Leaving safepoint region
[2019-06-24T09:55:16.310+0000][1][safepoint    ] Total time for which application threads were stopped: 0.0005021 seconds, Stopping threads took: 0.0001078 seconds
[2019-06-24T09:55:16.312+0000][1][safepoint    ] Application time: 0.0012990 seconds
[2019-06-24T09:55:16.312+0000][1][safepoint    ] Entering safepoint region: RevokeBias
[2019-06-24T09:55:16.312+0000][1][safepoint    ] Leaving safepoint region
[2019-06-24T09:55:16.312+0000][1][safepoint    ] Total time for which application threads were stopped: 0.0001639 seconds, Stopping threads took: 0.0000629 seconds
[2019-06-24T09:55:16.312+0000][1][safepoint    ] Application time: 0.0005000 seconds
[2019-06-24T09:55:16.312+0000][1][safepoint    ] Entering safepoint region: RevokeBias
[2019-06-24T09:55:16.312+0000][1][safepoint    ] Leaving safepoint region
[2019-06-24T09:55:16.312+0000][1][safepoint    ] Total time for which application threads were stopped: 0.0001493 seconds, Stopping threads took: 0.0000554 seconds
[2019-06-24T09:55:16.313+0000][1][safepoint    ] Application time: 0.0005544 seconds
[2019-06-24T09:55:16.313+0000][1][safepoint    ] Entering safepoint region: RevokeBias
[2019-06-24T09:55:16.313+0000][1][safepoint    ] Leaving safepoint region
[2019-06-24T09:55:16.313+0000][1][safepoint    ] Total time for which application threads were stopped: 0.0001983 seconds, Stopping threads took: 0.0000834 seconds
[2019-06-24T09:55:16.313+0000][1][safepoint    ] Application time: 0.0002115 seconds
[2019-06-24T09:55:16.314+0000][1][safepoint    ] Entering safepoint region: RevokeBias
[2019-06-24T09:55:16.314+0000][1][safepoint    ] Leaving safepoint region
[2019-06-24T09:55:16.314+0000][1][safepoint    ] Total time for which application threads were stopped: 0.0001292 seconds, Stopping threads took: 0.0000637 seconds
[2019-06-24T09:55:16.314+0000][1][safepoint    ] Application time: 0.0003620 seconds
[2019-06-24T09:55:16.314+0000][1][safepoint    ] Entering safepoint region: RevokeBias
[2019-06-24T09:55:16.314+0000][1][safepoint    ] Leaving safepoint region
[2019-06-24T09:55:16.314+0000][1][safepoint    ] Total time for which application threads were stopped: 0.0002883 seconds, Stopping threads took: 0.0002144 seconds
[2019-06-24T09:55:16.315+0000][1][safepoint    ] Application time: 0.0009868 seconds
[2019-06-24T09:55:16.315+0000][1][safepoint    ] Entering safepoint region: RevokeBias
[2019-06-24T09:55:16.315+0000][1][safepoint    ] Leaving safepoint region
[2019-06-24T09:55:16.316+0000][1][safepoint    ] Total time for which application threads were stopped: 0.0001820 seconds, Stopping threads took: 0.0001001 seconds
[2019-06-24T09:55:16.316+0000][1][safepoint    ] Application time: 0.0004229 seconds
[2019-06-24T09:55:16.316+0000][1][safepoint    ] Entering safepoint region: RevokeBias
[2019-06-24T09:55:16.316+0000][1][safepoint    ] Leaving safepoint region
[2019-06-24T09:55:16.316+0000][1][safepoint    ] Total time for which application threads were stopped: 0.0001275 seconds, Stopping threads took: 0.0000576 seconds
[2019-06-24T09:55:16.319+0000][1][safepoint    ] Application time: 0.0025594 seconds
[2019-06-24T09:55:16.319+0000][1][safepoint    ] Entering safepoint region: RevokeBias
[2019-06-24T09:55:16.319+0000][1][safepoint    ] Leaving safepoint region
[2019-06-24T09:55:16.319+0000][1][safepoint    ] Total time for which application threads were stopped: 0.0001511 seconds, Stopping threads took: 0.0000652 seconds
[2019-06-24T09:55:16.319+0000][1][safepoint    ] Application time: 0.0004509 seconds
[2019-06-24T09:55:16.319+0000][1][safepoint    ] Entering safepoint region: RevokeBias
[2019-06-24T09:55:16.319+0000][1][safepoint    ] Leaving safepoint region
[2019-06-24T09:55:16.319+0000][1][safepoint    ] Total time for which application threads were stopped: 0.0001359 seconds, Stopping threads took: 0.0000567 seconds
[2019-06-24T09:55:16.320+0000][1][safepoint    ] Application time: 0.0009555 seconds
[2019-06-24T09:55:16.322+0000][1][safepoint    ] Entering safepoint region: RevokeBias
[2019-06-24T09:55:16.322+0000][1][safepoint    ] Leaving safepoint region
[2019-06-24T09:55:16.322+0000][1][safepoint    ] Total time for which application threads were stopped: 0.0019093 seconds, Stopping threads took: 0.0018042 seconds
[2019-06-24T09:55:16.323+0000][1][safepoint    ] Application time: 0.0004951 seconds
[2019-06-24T09:55:16.323+0000][1][safepoint    ] Entering safepoint region: RevokeBias
[2019-06-24T09:55:16.323+0000][1][safepoint    ] Leaving safepoint region
[2019-06-24T09:55:16.323+0000][1][safepoint    ] Total time for which application threads were stopped: 0.0001501 seconds, Stopping threads took: 0.0000581 seconds
[2019-06-24T09:55:16.324+0000][1][safepoint    ] Application time: 0.0009219 seconds
[2019-06-24T09:55:16.327+0000][1][safepoint    ] Entering safepoint region: RevokeBias
[2019-06-24T09:55:16.327+0000][1][safepoint    ] Leaving safepoint region
[2019-06-24T09:55:16.327+0000][1][safepoint    ] Total time for which application threads were stopped: 0.0025654 seconds, Stopping threads took: 0.0024789 seconds
[2019-06-24T09:55:16.327+0000][1][safepoint    ] Application time: 0.0004465 seconds
[2019-06-24T09:55:16.327+0000][1][safepoint    ] Entering safepoint region: RevokeBias
[2019-06-24T09:55:16.327+0000][1][safepoint    ] Leaving safepoint region
[2019-06-24T09:55:16.327+0000][1][safepoint    ] Total time for which application threads were stopped: 0.0002687 seconds, Stopping threads took: 0.0001867 seconds
[2019-06-24T09:55:16.335+0000][1][safepoint    ] Application time: 0.0071219 seconds
[2019-06-24T09:55:16.335+0000][1][safepoint    ] Entering safepoint region: RevokeBias
[2019-06-24T09:55:16.335+0000][1][safepoint    ] Leaving safepoint region
[2019-06-24T09:55:16.335+0000][1][safepoint    ] Total time for which application threads were stopped: 0.0001836 seconds, Stopping threads took: 0.0000841 seconds
[2019-06-24T09:55:16.335+0000][1][safepoint    ] Application time: 0.0004341 seconds
[2019-06-24T09:55:16.335+0000][1][safepoint    ] Entering safepoint region: RevokeBias
[2019-06-24T09:55:16.335+0000][1][safepoint    ] Leaving safepoint region
[2019-06-24T09:55:16.335+0000][1][safepoint    ] Total time for which application threads were stopped: 0.0001017 seconds, Stopping threads took: 0.0000503 seconds
[2019-06-24T09:55:16.387+0000][1][safepoint    ] Application time: 0.0512023 seconds
[2019-06-24T09:55:16.387+0000][1][safepoint    ] Entering safepoint region: RevokeBias
[2019-06-24T09:55:16.387+0000][1][safepoint    ] Leaving safepoint region
[2019-06-24T09:55:16.387+0000][1][safepoint    ] Total time for which application threads were stopped: 0.0000731 seconds, Stopping threads took: 0.0000225 seconds
[2019-06-24T09:55:16.390+0000][1][safepoint    ] Application time: 0.0032962 seconds
[2019-06-24T09:55:16.390+0000][1][safepoint    ] Entering safepoint region: RevokeBias
[2019-06-24T09:55:16.390+0000][1][safepoint    ] Leaving safepoint region
[2019-06-24T09:55:16.390+0000][1][safepoint    ] Total time for which application threads were stopped: 0.0000819 seconds, Stopping threads took: 0.0000166 seconds
[2019-06-24T09:55:16.390+0000][1][safepoint    ] Application time: 0.0000907 seconds
[2019-06-24T09:55:16.390+0000][1][safepoint    ] Entering safepoint region: RevokeBias
[2019-06-24T09:55:16.390+0000][1][safepoint    ] Leaving safepoint region
[2019-06-24T09:55:16.390+0000][1][safepoint    ] Total time for which application threads were stopped: 0.0001439 seconds, Stopping threads took: 0.0000949 seconds
[2019-06-24T09:55:16.392+0000][1][safepoint    ] Application time: 0.0020554 seconds
[2019-06-24T09:55:16.392+0000][1][safepoint    ] Entering safepoint region: RevokeBias
[2019-06-24T09:55:16.392+0000][1][safepoint    ] Leaving safepoint region
[2019-06-24T09:55:16.392+0000][1][safepoint    ] Total time for which application threads were stopped: 0.0000696 seconds, Stopping threads took: 0.0000148 seconds
[2019-06-24T09:55:16.393+0000][1][safepoint    ] Application time: 0.0001332 seconds
[2019-06-24T09:55:16.393+0000][1][safepoint    ] Entering safepoint region: RevokeBias
[2019-06-24T09:55:16.393+0000][1][safepoint    ] Leaving safepoint region
[2019-06-24T09:55:16.393+0000][1][safepoint    ] Total time for which application threads were stopped: 0.0000560 seconds, Stopping threads took: 0.0000127 seconds
[2019-06-24T09:55:16.393+0000][1][safepoint    ] Application time: 0.0001316 seconds
[2019-06-24T09:55:16.393+0000][1][safepoint    ] Entering safepoint region: RevokeBias
[2019-06-24T09:55:16.393+0000][1][safepoint    ] Leaving safepoint region
[2019-06-24T09:55:16.393+0000][1][safepoint    ] Total time for which application threads were stopped: 0.0000534 seconds, Stopping threads took: 0.0000114 seconds
[2019-06-24T09:55:16.393+0000][1][safepoint    ] Application time: 0.0000708 seconds
[2019-06-24T09:55:16.393+0000][1][safepoint    ] Entering safepoint region: RevokeBias
[2019-06-24T09:55:16.393+0000][1][safepoint    ] Leaving safepoint region
[2019-06-24T09:55:16.393+0000][1][safepoint    ] Total time for which application threads were stopped: 0.0000421 seconds, Stopping threads took: 0.0000086 seconds
[2019-06-24T09:55:16.393+0000][1][safepoint    ] Application time: 0.0000690 seconds
[2019-06-24T09:55:16.393+0000][1][safepoint    ] Entering safepoint region: RevokeBias
[2019-06-24T09:55:16.393+0000][1][safepoint    ] Leaving safepoint region
[2019-06-24T09:55:16.393+0000][1][safepoint    ] Total time for which application threads were stopped: 0.0000416 seconds, Stopping threads took: 0.0000083 seconds
[2019-06-24T09:55:16.393+0000][1][safepoint    ] Application time: 0.0000716 seconds
[2019-06-24T09:55:16.393+0000][1][safepoint    ] Entering safepoint region: RevokeBias
[2019-06-24T09:55:16.393+0000][1][safepoint    ] Leaving safepoint region
[2019-06-24T09:55:16.393+0000][1][safepoint    ] Total time for which application threads were stopped: 0.0001085 seconds, Stopping threads took: 0.0000758 seconds
[2019-06-24T09:55:16.393+0000][1][safepoint    ] Application time: 0.0000857 seconds
[2019-06-24T09:55:16.393+0000][1][safepoint    ] Entering safepoint region: RevokeBias
[2019-06-24T09:55:16.393+0000][1][safepoint    ] Leaving safepoint region
[2019-06-24T09:55:16.393+0000][1][safepoint    ] Total time for which application threads were stopped: 0.0000673 seconds, Stopping threads took: 0.0000348 seconds
[2019-06-24T09:55:16.394+0000][1][safepoint    ] Application time: 0.0000786 seconds
[2019-06-24T09:55:16.394+0000][1][safepoint    ] Entering safepoint region: RevokeBias
[2019-06-24T09:55:16.394+0000][1][safepoint    ] Leaving safepoint region
[2019-06-24T09:55:16.394+0000][1][safepoint    ] Total time for which application threads were stopped: 0.0000401 seconds, Stopping threads took: 0.0000084 seconds
[2019-06-24T09:55:16.425+0000][1][safepoint    ] Application time: 0.0314998 seconds
[2019-06-24T09:55:16.425+0000][1][safepoint    ] Entering safepoint region: RevokeBias
[2019-06-24T09:55:16.425+0000][1][safepoint    ] Leaving safepoint region
[2019-06-24T09:55:16.425+0000][1][safepoint    ] Total time for which application threads were stopped: 0.0001081 seconds, Stopping threads took: 0.0000281 seconds
[2019-06-24T09:55:16.433+0000][1][safepoint    ] Application time: 0.0079707 seconds
[2019-06-24T09:55:16.433+0000][1][safepoint    ] Entering safepoint region: RevokeBias
[2019-06-24T09:55:16.433+0000][1][safepoint    ] Leaving safepoint region
[2019-06-24T09:55:16.433+0000][1][safepoint    ] Total time for which application threads were stopped: 0.0000901 seconds, Stopping threads took: 0.0000236 seconds
[2019-06-24T09:55:16.436+0000][1][safepoint    ] Application time: 0.0029713 seconds
[2019-06-24T09:55:16.436+0000][1][safepoint    ] Entering safepoint region: RevokeBias
[2019-06-24T09:55:16.437+0000][1][safepoint    ] Leaving safepoint region
[2019-06-24T09:55:16.437+0000][1][safepoint    ] Total time for which application threads were stopped: 0.0001524 seconds, Stopping threads took: 0.0000759 seconds
[2019-06-24T09:55:16.438+0000][1][safepoint    ] Application time: 0.0010417 seconds
[2019-06-24T09:55:16.438+0000][1][safepoint    ] Entering safepoint region: RevokeBias
[2019-06-24T09:55:16.438+0000][1][safepoint    ] Leaving safepoint region
[2019-06-24T09:55:16.438+0000][1][safepoint    ] Total time for which application threads were stopped: 0.0000843 seconds, Stopping threads took: 0.0000199 seconds
[2019-06-24T09:55:16.481+0000][1][safepoint    ] Application time: 0.0434141 seconds
[2019-06-24T09:55:16.481+0000][1][safepoint    ] Entering safepoint region: RevokeBias
[2019-06-24T09:55:16.481+0000][1][safepoint    ] Leaving safepoint region
[2019-06-24T09:55:16.481+0000][1][safepoint    ] Total time for which application threads were stopped: 0.0001778 seconds, Stopping threads took: 0.0000732 seconds
[2019-06-24T09:55:16.494+0000][1][safepoint    ] Application time: 0.0125380 seconds
[2019-06-24T09:55:16.494+0000][1][safepoint    ] Entering safepoint region: RevokeBias
[2019-06-24T09:55:16.494+0000][1][safepoint    ] Leaving safepoint region
[2019-06-24T09:55:16.494+0000][1][safepoint    ] Total time for which application threads were stopped: 0.0001115 seconds, Stopping threads took: 0.0000225 seconds
[2019-06-24T09:55:16.494+0000][1][safepoint    ] Application time: 0.0000977 seconds
[2019-06-24T09:55:16.494+0000][1][safepoint    ] Entering safepoint region: RevokeBias
[2019-06-24T09:55:16.494+0000][1][safepoint    ] Leaving safepoint region
[2019-06-24T09:55:16.494+0000][1][safepoint    ] Total time for which application threads were stopped: 0.0000685 seconds, Stopping threads took: 0.0000135 seconds
[2019-06-24T09:55:16.494+0000][1][safepoint    ] Application time: 0.0000478 seconds
[2019-06-24T09:55:16.494+0000][1][safepoint    ] Entering safepoint region: RevokeBias
[2019-06-24T09:55:16.494+0000][1][safepoint    ] Leaving safepoint region
[2019-06-24T09:55:16.494+0000][1][safepoint    ] Total time for which application threads were stopped: 0.0000710 seconds, Stopping threads took: 0.0000253 seconds
[2019-06-24T09:55:16.496+0000][1][safepoint    ] Application time: 0.0011502 seconds
[2019-06-24T09:55:16.496+0000][1][safepoint    ] Entering safepoint region: RevokeBias
[2019-06-24T09:55:16.496+0000][1][safepoint    ] Leaving safepoint region
[2019-06-24T09:55:16.496+0000][1][safepoint    ] Total time for which application threads were stopped: 0.0000894 seconds, Stopping threads took: 0.0000189 seconds
[2019-06-24T09:55:16.496+0000][1][safepoint    ] Application time: 0.0002108 seconds
[2019-06-24T09:55:16.496+0000][1][safepoint    ] Entering safepoint region: RevokeBias
[2019-06-24T09:55:16.496+0000][1][safepoint    ] Leaving safepoint region
[2019-06-24T09:55:16.496+0000][1][safepoint    ] Total time for which application threads were stopped: 0.0001824 seconds, Stopping threads took: 0.0001188 seconds
[2019-06-24T09:55:16.496+0000][1][safepoint    ] Application time: 0.0000972 seconds
[2019-06-24T09:55:16.496+0000][1][safepoint    ] Entering safepoint region: RevokeBias
[2019-06-24T09:55:16.496+0000][1][safepoint    ] Leaving safepoint region
[2019-06-24T09:55:16.496+0000][1][safepoint    ] Total time for which application threads were stopped: 0.0000624 seconds, Stopping threads took: 0.0000134 seconds
[2019-06-24T09:55:16.514+0000][1][safepoint    ] Application time: 0.0181132 seconds
[2019-06-24T09:55:16.515+0000][1][safepoint    ] Entering safepoint region: RevokeBias
[2019-06-24T09:55:16.515+0000][1][safepoint    ] Leaving safepoint region
[2019-06-24T09:55:16.515+0000][1][safepoint    ] Total time for which application threads were stopped: 0.0001794 seconds, Stopping threads took: 0.0000789 seconds
[2019-06-24T09:55:16.519+0000][1][safepoint    ] Application time: 0.0043356 seconds
[2019-06-24T09:55:16.543+0000][1][safepoint    ] Entering safepoint region: RevokeBias
[2019-06-24T09:55:16.543+0000][1][safepoint    ] Leaving safepoint region
[2019-06-24T09:55:16.543+0000][1][safepoint    ] Total time for which application threads were stopped: 0.0237290 seconds, Stopping threads took: 0.0236400 seconds
[2019-06-24T09:55:16.544+0000][1][safepoint    ] Application time: 0.0016326 seconds
[2019-06-24T09:55:16.545+0000][1][safepoint    ] Entering safepoint region: BulkRevokeBias
[2019-06-24T09:55:16.545+0000][1][safepoint    ] Leaving safepoint region
[2019-06-24T09:55:16.545+0000][1][safepoint    ] Total time for which application threads were stopped: 0.0009161 seconds, Stopping threads took: 0.0006166 seconds
[2019-06-24T09:55:16.546+0000][1][safepoint    ] Application time: 0.0004221 seconds
[2019-06-24T09:55:16.546+0000][1][safepoint    ] Entering safepoint region: RevokeBias
[2019-06-24T09:55:16.546+0000][1][safepoint    ] Leaving safepoint region
[2019-06-24T09:55:16.546+0000][1][safepoint    ] Total time for which application threads were stopped: 0.0001510 seconds, Stopping threads took: 0.0000919 seconds
[2019-06-24T09:55:16.549+0000][1][safepoint    ] Application time: 0.0024717 seconds
[2019-06-24T09:55:16.549+0000][1][safepoint    ] Entering safepoint region: RevokeBias
[2019-06-24T09:55:16.549+0000][1][safepoint    ] Leaving safepoint region
[2019-06-24T09:55:16.549+0000][1][safepoint    ] Total time for which application threads were stopped: 0.0001545 seconds, Stopping threads took: 0.0000754 seconds
[2019-06-24T09:55:16.552+0000][1][safepoint    ] Application time: 0.0031713 seconds
[2019-06-24T09:55:16.552+0000][1][safepoint    ] Entering safepoint region: RevokeBias
[2019-06-24T09:55:16.552+0000][1][safepoint    ] Leaving safepoint region
[2019-06-24T09:55:16.552+0000][1][safepoint    ] Total time for which application threads were stopped: 0.0002112 seconds, Stopping threads took: 0.0000886 seconds
[2019-06-24T09:55:16.555+0000][1][safepoint    ] Application time: 0.0027010 seconds
[2019-06-24T09:55:16.555+0000][1][safepoint    ] Entering safepoint region: RevokeBias
[2019-06-24T09:55:16.555+0000][1][safepoint    ] Leaving safepoint region
[2019-06-24T09:55:16.555+0000][1][safepoint    ] Total time for which application threads were stopped: 0.0004113 seconds, Stopping threads took: 0.0003402 seconds
[2019-06-24T09:55:16.556+0000][1][safepoint    ] Application time: 0.0003274 seconds
[2019-06-24T09:55:16.556+0000][1][safepoint    ] Entering safepoint region: BulkRevokeBias
[2019-06-24T09:55:16.556+0000][1][safepoint    ] Leaving safepoint region
[2019-06-24T09:55:16.556+0000][1][safepoint    ] Total time for which application threads were stopped: 0.0005833 seconds, Stopping threads took: 0.0002657 seconds
[2019-06-24T09:55:16.562+0000][1][safepoint    ] Application time: 0.0052355 seconds
[2019-06-24T09:55:16.562+0000][1][safepoint    ] Entering safepoint region: RevokeBias
[2019-06-24T09:55:16.562+0000][1][safepoint    ] Leaving safepoint region
[2019-06-24T09:55:16.562+0000][1][safepoint    ] Total time for which application threads were stopped: 0.0000798 seconds, Stopping threads took: 0.0000193 seconds
[2019-06-24T09:55:16.562+0000][1][safepoint    ] Application time: 0.0002680 seconds
[2019-06-24T09:55:16.562+0000][1][safepoint    ] Entering safepoint region: RevokeBias
[2019-06-24T09:55:16.562+0000][1][safepoint    ] Leaving safepoint region
[2019-06-24T09:55:16.562+0000][1][safepoint    ] Total time for which application threads were stopped: 0.0000548 seconds, Stopping threads took: 0.0000138 seconds
[2019-06-24T09:55:16.562+0000][1][safepoint    ] Application time: 0.0000802 seconds
[2019-06-24T09:55:16.562+0000][1][safepoint    ] Entering safepoint region: RevokeBias
[2019-06-24T09:55:16.562+0000][1][safepoint    ] Leaving safepoint region
[2019-06-24T09:55:16.562+0000][1][safepoint    ] Total time for which application threads were stopped: 0.0000462 seconds, Stopping threads took: 0.0000115 seconds
[2019-06-24T09:55:16.562+0000][1][safepoint    ] Application time: 0.0001821 seconds
[2019-06-24T09:55:16.562+0000][1][safepoint    ] Entering safepoint region: RevokeBias
[2019-06-24T09:55:16.562+0000][1][safepoint    ] Leaving safepoint region
[2019-06-24T09:55:16.562+0000][1][safepoint    ] Total time for which application threads were stopped: 0.0000448 seconds, Stopping threads took: 0.0000109 seconds
[2019-06-24T09:55:16.564+0000][1][safepoint    ] Application time: 0.0015660 seconds
[2019-06-24T09:55:16.564+0000][1][safepoint    ] Entering safepoint region: RevokeBias
[2019-06-24T09:55:16.564+0000][1][safepoint    ] Leaving safepoint region
[2019-06-24T09:55:16.564+0000][1][safepoint    ] Total time for which application threads were stopped: 0.0000581 seconds, Stopping threads took: 0.0000156 seconds
[2019-06-24T09:55:16.564+0000][1][safepoint    ] Application time: 0.0002973 seconds
[2019-06-24T09:55:16.564+0000][1][safepoint    ] Entering safepoint region: RevokeBias
[2019-06-24T09:55:16.564+0000][1][safepoint    ] Leaving safepoint region
[2019-06-24T09:55:16.564+0000][1][safepoint    ] Total time for which application threads were stopped: 0.0000502 seconds, Stopping threads took: 0.0000136 seconds
[2019-06-24T09:55:16.569+0000][1][safepoint    ] Application time: 0.0046830 seconds
[2019-06-24T09:55:16.569+0000][1][safepoint    ] Entering safepoint region: RevokeBias
[2019-06-24T09:55:16.569+0000][1][safepoint    ] Leaving safepoint region
[2019-06-24T09:55:16.569+0000][1][safepoint    ] Total time for which application threads were stopped: 0.0000774 seconds, Stopping threads took: 0.0000184 seconds
[2019-06-24T09:55:16.569+0000][1][safepoint    ] Application time: 0.0000938 seconds
[2019-06-24T09:55:16.569+0000][1][safepoint    ] Entering safepoint region: RevokeBias
[2019-06-24T09:55:16.569+0000][1][safepoint    ] Leaving safepoint region
[2019-06-24T09:55:16.569+0000][1][safepoint    ] Total time for which application threads were stopped: 0.0000594 seconds, Stopping threads took: 0.0000135 seconds
[2019-06-24T09:55:16.629+0000][1][safepoint    ] Application time: 0.0597913 seconds
[2019-06-24T09:55:16.629+0000][1][safepoint    ] Entering safepoint region: Deoptimize
[2019-06-24T09:55:16.630+0000][1][safepoint    ] Leaving safepoint region
[2019-06-24T09:55:16.630+0000][1][safepoint    ] Total time for which application threads were stopped: 0.0005772 seconds, Stopping threads took: 0.0000397 seconds
[2019-06-24T09:55:16.690+0000][1][safepoint    ] Application time: 0.0597364 seconds
[2019-06-24T09:55:16.690+0000][1][safepoint    ] Entering safepoint region: RevokeBias
[2019-06-24T09:55:16.690+0000][1][safepoint    ] Leaving safepoint region
[2019-06-24T09:55:16.690+0000][1][safepoint    ] Total time for which application threads were stopped: 0.0001172 seconds, Stopping threads took: 0.0000213 seconds
[2019-06-24T09:55:16.690+0000][1][safepoint    ] Application time: 0.0000543 seconds
[2019-06-24T09:55:16.690+0000][1][safepoint    ] Entering safepoint region: RevokeBias
[2019-06-24T09:55:16.690+0000][1][safepoint    ] Leaving safepoint region
[2019-06-24T09:55:16.690+0000][1][safepoint    ] Total time for which application threads were stopped: 0.0000480 seconds, Stopping threads took: 0.0000111 seconds
[2019-06-24T09:55:16.699+0000][1][safepoint    ] Application time: 0.0087306 seconds
[2019-06-24T09:55:16.699+0000][1][safepoint    ] Entering safepoint region: RevokeBias
[2019-06-24T09:55:16.699+0000][1][safepoint    ] Leaving safepoint region
[2019-06-24T09:55:16.699+0000][1][safepoint    ] Total time for which application threads were stopped: 0.0001065 seconds, Stopping threads took: 0.0000538 seconds
[2019-06-24T09:55:16.699+0000][1][safepoint    ] Application time: 0.0000640 seconds
[2019-06-24T09:55:16.699+0000][1][safepoint    ] Entering safepoint region: BulkRevokeBias
[2019-06-24T09:55:16.699+0000][1][safepoint    ] Leaving safepoint region
[2019-06-24T09:55:16.699+0000][1][safepoint    ] Total time for which application threads were stopped: 0.0003680 seconds, Stopping threads took: 0.0001310 seconds
[2019-06-24T09:55:16.699+0000][1][safepoint    ] Application time: 0.0000534 seconds
[2019-06-24T09:55:16.699+0000][1][safepoint    ] Entering safepoint region: RevokeBias
[2019-06-24T09:55:16.699+0000][1][safepoint    ] Leaving safepoint region
[2019-06-24T09:55:16.699+0000][1][safepoint    ] Total time for which application threads were stopped: 0.0000443 seconds, Stopping threads took: 0.0000112 seconds
[2019-06-24T09:55:16.699+0000][1][safepoint    ] Application time: 0.0002173 seconds
[2019-06-24T09:55:16.699+0000][1][safepoint    ] Entering safepoint region: RevokeBias
[2019-06-24T09:55:16.700+0000][1][safepoint    ] Leaving safepoint region
[2019-06-24T09:55:16.700+0000][1][safepoint    ] Total time for which application threads were stopped: 0.0000459 seconds, Stopping threads took: 0.0000118 seconds
[2019-06-24T09:55:16.702+0000][1][safepoint    ] Application time: 0.0020112 seconds
[2019-06-24T09:55:16.702+0000][1][safepoint    ] Entering safepoint region: RevokeBias
[2019-06-24T09:55:16.702+0000][1][safepoint    ] Leaving safepoint region
[2019-06-24T09:55:16.702+0000][1][safepoint    ] Total time for which application threads were stopped: 0.0001559 seconds, Stopping threads took: 0.0001067 seconds
[2019-06-24T09:55:16.702+0000][1][safepoint    ] Application time: 0.0000595 seconds
[2019-06-24T09:55:16.702+0000][1][safepoint    ] Entering safepoint region: RevokeBias
[2019-06-24T09:55:16.702+0000][1][safepoint    ] Leaving safepoint region
[2019-06-24T09:55:16.702+0000][1][safepoint    ] Total time for which application threads were stopped: 0.0001253 seconds, Stopping threads took: 0.0000882 seconds
[2019-06-24T09:55:16.737+0000][1][safepoint    ] Application time: 0.0352135 seconds
[2019-06-24T09:55:16.737+0000][1][safepoint    ] Entering safepoint region: RevokeBias
[2019-06-24T09:55:16.737+0000][1][safepoint    ] Leaving safepoint region
[2019-06-24T09:55:16.737+0000][1][safepoint    ] Total time for which application threads were stopped: 0.0001420 seconds, Stopping threads took: 0.0000343 seconds
[2019-06-24T09:55:16.737+0000][1][safepoint    ] Application time: 0.0001050 seconds
[2019-06-24T09:55:16.738+0000][1][safepoint    ] Entering safepoint region: BulkRevokeBias
[2019-06-24T09:55:16.738+0000][1][safepoint    ] Leaving safepoint region
[2019-06-24T09:55:16.738+0000][1][safepoint    ] Total time for which application threads were stopped: 0.0004202 seconds, Stopping threads took: 0.0000650 seconds
[2019-06-24T09:55:16.738+0000][1][safepoint    ] Application time: 0.0002685 seconds
[2019-06-24T09:55:16.738+0000][1][safepoint    ] Entering safepoint region: RevokeBias
[2019-06-24T09:55:16.738+0000][1][safepoint    ] Leaving safepoint region
[2019-06-24T09:55:16.738+0000][1][safepoint    ] Total time for which application threads were stopped: 0.0001017 seconds, Stopping threads took: 0.0000424 seconds
[2019-06-24T09:55:16.761+0000][1][safepoint    ] Application time: 0.0225418 seconds
[2019-06-24T09:55:16.761+0000][1][safepoint    ] Entering safepoint region: RevokeBias
[2019-06-24T09:55:16.761+0000][1][safepoint    ] Leaving safepoint region
[2019-06-24T09:55:16.761+0000][1][safepoint    ] Total time for which application threads were stopped: 0.0001960 seconds, Stopping threads took: 0.0001115 seconds
[2019-06-24T09:55:16.774+0000][1][safepoint    ] Application time: 0.0132196 seconds
[2019-06-24T09:55:16.774+0000][1][safepoint    ] Entering safepoint region: RevokeBias
[2019-06-24T09:55:16.775+0000][1][safepoint    ] Leaving safepoint region
[2019-06-24T09:55:16.775+0000][1][safepoint    ] Total time for which application threads were stopped: 0.0001508 seconds, Stopping threads took: 0.0000284 seconds
[2019-06-24T09:55:16.776+0000][1][safepoint    ] Application time: 0.0011127 seconds
[2019-06-24T09:55:16.776+0000][1][safepoint    ] Entering safepoint region: RevokeBias
[2019-06-24T09:55:16.776+0000][1][safepoint    ] Leaving safepoint region
[2019-06-24T09:55:16.776+0000][1][safepoint    ] Total time for which application threads were stopped: 0.0000993 seconds, Stopping threads took: 0.0000230 seconds
[2019-06-24T09:55:16.901+0000][1][safepoint    ] Application time: 0.1247053 seconds
[2019-06-24T09:55:16.901+0000][1][safepoint    ] Entering safepoint region: RevokeBias
[2019-06-24T09:55:16.901+0000][1][safepoint    ] Leaving safepoint region
[2019-06-24T09:55:16.901+0000][1][safepoint    ] Total time for which application threads were stopped: 0.0001266 seconds, Stopping threads took: 0.0000394 seconds
[2019-06-24T09:55:16.901+0000][1][safepoint    ] Application time: 0.0000824 seconds
[2019-06-24T09:55:16.901+0000][1][safepoint    ] Entering safepoint region: RevokeBias
[2019-06-24T09:55:16.901+0000][1][safepoint    ] Leaving safepoint region
[2019-06-24T09:55:16.901+0000][1][safepoint    ] Total time for which application threads were stopped: 0.0000700 seconds, Stopping threads took: 0.0000180 seconds
[2019-06-24T09:55:16.901+0000][1][safepoint    ] Application time: 0.0000627 seconds
[2019-06-24T09:55:16.901+0000][1][safepoint    ] Entering safepoint region: RevokeBias
[2019-06-24T09:55:16.901+0000][1][safepoint    ] Leaving safepoint region
[2019-06-24T09:55:16.901+0000][1][safepoint    ] Total time for which application threads were stopped: 0.0000589 seconds, Stopping threads took: 0.0000145 seconds
[2019-06-24T09:55:16.901+0000][1][safepoint    ] Application time: 0.0001166 seconds
[2019-06-24T09:55:16.901+0000][1][safepoint    ] Entering safepoint region: RevokeBias
[2019-06-24T09:55:16.901+0000][1][safepoint    ] Leaving safepoint region
[2019-06-24T09:55:16.901+0000][1][safepoint    ] Total time for which application threads were stopped: 0.0000617 seconds, Stopping threads took: 0.0000148 seconds
[2019-06-24T09:55:16.901+0000][1][safepoint    ] Application time: 0.0000709 seconds
[2019-06-24T09:55:16.901+0000][1][safepoint    ] Entering safepoint region: RevokeBias
[2019-06-24T09:55:16.901+0000][1][safepoint    ] Leaving safepoint region
[2019-06-24T09:55:16.901+0000][1][safepoint    ] Total time for which application threads were stopped: 0.0000961 seconds, Stopping threads took: 0.0000485 seconds
[2019-06-24T09:55:16.901+0000][1][safepoint    ] Application time: 0.0000711 seconds
[2019-06-24T09:55:16.902+0000][1][safepoint    ] Entering safepoint region: RevokeBias
[2019-06-24T09:55:16.902+0000][1][safepoint    ] Leaving safepoint region
[2019-06-24T09:55:16.902+0000][1][safepoint    ] Total time for which application threads were stopped: 0.0002611 seconds, Stopping threads took: 0.0001868 seconds
[2019-06-24T09:55:16.902+0000][1][safepoint    ] Application time: 0.0000856 seconds
[2019-06-24T09:55:16.902+0000][1][safepoint    ] Entering safepoint region: RevokeBias
[2019-06-24T09:55:16.902+0000][1][safepoint    ] Leaving safepoint region
[2019-06-24T09:55:16.902+0000][1][safepoint    ] Total time for which application threads were stopped: 0.0001109 seconds, Stopping threads took: 0.0000551 seconds
[2019-06-24T09:55:16.902+0000][1][safepoint    ] Application time: 0.0000633 seconds
[2019-06-24T09:55:16.902+0000][1][safepoint    ] Entering safepoint region: RevokeBias
[2019-06-24T09:55:16.902+0000][1][safepoint    ] Leaving safepoint region
[2019-06-24T09:55:16.902+0000][1][safepoint    ] Total time for which application threads were stopped: 0.0000950 seconds, Stopping threads took: 0.0000497 seconds
[2019-06-24T09:55:17.103+0000][1][safepoint    ] Application time: 0.2009069 seconds
[2019-06-24T09:55:17.103+0000][1][safepoint    ] Entering safepoint region: RevokeBias
[2019-06-24T09:55:17.103+0000][1][safepoint    ] Leaving safepoint region
[2019-06-24T09:55:17.103+0000][1][safepoint    ] Total time for which application threads were stopped: 0.0001518 seconds, Stopping threads took: 0.0000315 seconds
[2019-06-24T09:55:17.103+0000][1][safepoint    ] Application time: 0.0001229 seconds
[2019-06-24T09:55:17.103+0000][1][safepoint    ] Entering safepoint region: RevokeBias
[2019-06-24T09:55:17.104+0000][1][safepoint    ] Leaving safepoint region
[2019-06-24T09:55:17.104+0000][1][safepoint    ] Total time for which application threads were stopped: 0.0000847 seconds, Stopping threads took: 0.0000221 seconds
[2019-06-24T09:55:17.104+0000][1][safepoint    ] Application time: 0.0007441 seconds
[2019-06-24T09:55:17.104+0000][1][safepoint    ] Entering safepoint region: RevokeBias
[2019-06-24T09:55:17.104+0000][1][safepoint    ] Leaving safepoint region
[2019-06-24T09:55:17.104+0000][1][safepoint    ] Total time for which application threads were stopped: 0.0001392 seconds, Stopping threads took: 0.0000642 seconds
[2019-06-24T09:55:18.105+0000][1][safepoint    ] Application time: 1.0002578 seconds
[2019-06-24T09:55:18.105+0000][1][safepoint    ] Entering safepoint region: Cleanup
[2019-06-24T09:55:18.105+0000][1][safepoint    ] Leaving safepoint region
[2019-06-24T09:55:18.105+0000][1][safepoint    ] Total time for which application threads were stopped: 0.0002237 seconds, Stopping threads took: 0.0000637 seconds
[2019-06-24T09:55:19.105+0000][1][safepoint    ] Application time: 1.0002745 seconds
[2019-06-24T09:55:19.106+0000][1][safepoint    ] Entering safepoint region: Cleanup
[2019-06-24T09:55:19.106+0000][1][safepoint    ] Leaving safepoint region
[2019-06-24T09:55:19.106+0000][1][safepoint    ] Total time for which application threads were stopped: 0.0002293 seconds, Stopping threads took: 0.0000640 seconds
[2019-06-24T09:55:20.106+0000][1][safepoint    ] Application time: 1.0002617 seconds
[2019-06-24T09:55:20.106+0000][1][safepoint    ] Entering safepoint region: Cleanup
[2019-06-24T09:55:20.106+0000][1][safepoint    ] Leaving safepoint region
[2019-06-24T09:55:20.106+0000][1][safepoint    ] Total time for which application threads were stopped: 0.0002123 seconds, Stopping threads took: 0.0000648 seconds
[2019-06-24T09:55:21.106+0000][1][safepoint    ] Application time: 1.0001447 seconds
[2019-06-24T09:55:21.107+0000][1][safepoint    ] Entering safepoint region: Cleanup
[2019-06-24T09:55:21.107+0000][1][safepoint    ] Leaving safepoint region
[2019-06-24T09:55:21.107+0000][1][safepoint    ] Total time for which application threads were stopped: 0.0000919 seconds, Stopping threads took: 0.0000243 seconds
[2019-06-24T09:55:22.107+0000][1][safepoint    ] Application time: 1.0001145 seconds
[2019-06-24T09:55:22.107+0000][1][safepoint    ] Entering safepoint region: Cleanup
[2019-06-24T09:55:22.108+0000][1][safepoint    ] Leaving safepoint region
[2019-06-24T09:55:22.108+0000][1][safepoint    ] Total time for which application threads were stopped: 0.0010596 seconds, Stopping threads took: 0.0008996 seconds
[2019-06-24T09:55:23.108+0000][1][safepoint    ] Application time: 1.0001952 seconds
[2019-06-24T09:55:23.108+0000][1][safepoint    ] Entering safepoint region: Cleanup
[2019-06-24T09:55:23.108+0000][1][safepoint    ] Leaving safepoint region
[2019-06-24T09:55:23.108+0000][1][safepoint    ] Total time for which application threads were stopped: 0.0002336 seconds, Stopping threads took: 0.0000634 seconds
[2019-06-24T09:55:23.794+0000][1][safepoint    ] Application time: 0.6855545 seconds
[2019-06-24T09:55:23.794+0000][1][safepoint    ] Entering safepoint region: RevokeBias
[2019-06-24T09:55:23.794+0000][1][safepoint    ] Leaving safepoint region
[2019-06-24T09:55:23.794+0000][1][safepoint    ] Total time for which application threads were stopped: 0.0000969 seconds, Stopping threads took: 0.0000219 seconds
[2019-06-24T09:55:24.794+0000][1][safepoint    ] Application time: 1.0001604 seconds
[2019-06-24T09:55:24.795+0000][1][safepoint    ] Entering safepoint region: Cleanup
[2019-06-24T09:55:24.795+0000][1][safepoint    ] Leaving safepoint region
[2019-06-24T09:55:24.795+0000][1][safepoint    ] Total time for which application threads were stopped: 0.0002966 seconds, Stopping threads took: 0.0001403 seconds
[2019-06-24T09:55:25.795+0000][1][safepoint    ] Application time: 1.0001535 seconds
[2019-06-24T09:55:25.795+0000][1][safepoint    ] Entering safepoint region: Cleanup
[2019-06-24T09:55:25.795+0000][1][safepoint    ] Leaving safepoint region
[2019-06-24T09:55:25.795+0000][1][safepoint    ] Total time for which application threads were stopped: 0.0003206 seconds, Stopping threads took: 0.0000949 seconds
[2019-06-24T09:55:26.796+0000][1][safepoint    ] Application time: 1.0002100 seconds
[2019-06-24T09:55:26.796+0000][1][safepoint    ] Entering safepoint region: Cleanup
[2019-06-24T09:55:26.796+0000][1][safepoint    ] Leaving safepoint region
[2019-06-24T09:55:26.796+0000][1][safepoint    ] Total time for which application threads were stopped: 0.0002808 seconds, Stopping threads took: 0.0000800 seconds
[2019-06-24T09:55:27.796+0000][1][safepoint    ] Application time: 1.0001964 seconds
[2019-06-24T09:55:27.796+0000][1][safepoint    ] Entering safepoint region: Cleanup
[2019-06-24T09:55:27.797+0000][1][safepoint    ] Leaving safepoint region
[2019-06-24T09:55:27.797+0000][1][safepoint    ] Total time for which application threads were stopped: 0.0002534 seconds, Stopping threads took: 0.0000665 seconds
[2019-06-24T09:55:28.797+0000][1][safepoint    ] Application time: 1.0002043 seconds
[2019-06-24T09:55:28.797+0000][1][safepoint    ] Entering safepoint region: Cleanup
[2019-06-24T09:55:28.797+0000][1][safepoint    ] Leaving safepoint region
[2019-06-24T09:55:28.797+0000][1][safepoint    ] Total time for which application threads were stopped: 0.0002596 seconds, Stopping threads took: 0.0001086 seconds
[2019-06-24T09:55:29.798+0000][1][safepoint    ] Application time: 1.0002682 seconds
[2019-06-24T09:55:29.798+0000][1][safepoint    ] Entering safepoint region: Cleanup
[2019-06-24T09:55:29.798+0000][1][safepoint    ] Leaving safepoint region
[2019-06-24T09:55:29.798+0000][1][safepoint    ] Total time for which application threads were stopped: 0.0002557 seconds, Stopping threads took: 0.0000645 seconds
[2019-06-24T09:55:30.798+0000][1][safepoint    ] Application time: 1.0001865 seconds
[2019-06-24T09:55:30.798+0000][1][safepoint    ] Entering safepoint region: Cleanup
[2019-06-24T09:55:30.798+0000][1][safepoint    ] Leaving safepoint region
[2019-06-24T09:55:30.799+0000][1][safepoint    ] Total time for which application threads were stopped: 0.0003836 seconds, Stopping threads took: 0.0000773 seconds
[2019-06-24T09:55:31.799+0000][1][safepoint    ] Application time: 1.0001459 seconds
[2019-06-24T09:55:31.799+0000][1][safepoint    ] Entering safepoint region: Cleanup
[2019-06-24T09:55:31.799+0000][1][safepoint    ] Leaving safepoint region
[2019-06-24T09:55:31.799+0000][1][safepoint    ] Total time for which application threads were stopped: 0.0003052 seconds, Stopping threads took: 0.0000977 seconds
[2019-06-24T09:55:32.799+0000][1][safepoint    ] Application time: 1.0002229 seconds
[2019-06-24T09:55:32.800+0000][1][safepoint    ] Entering safepoint region: Cleanup
[2019-06-24T09:55:32.801+0000][1][safepoint    ] Leaving safepoint region
[2019-06-24T09:55:32.801+0000][1][safepoint    ] Total time for which application threads were stopped: 0.0010747 seconds, Stopping threads took: 0.0008720 seconds
[2019-06-24T09:55:33.801+0000][1][safepoint    ] Application time: 1.0002368 seconds
[2019-06-24T09:55:33.801+0000][1][safepoint    ] Entering safepoint region: Cleanup
[2019-06-24T09:55:33.801+0000][1][safepoint    ] Leaving safepoint region
[2019-06-24T09:55:33.801+0000][1][safepoint    ] Total time for which application threads were stopped: 0.0002752 seconds, Stopping threads took: 0.0000640 seconds
[2019-06-24T09:55:34.802+0000][1][safepoint    ] Application time: 1.0002723 seconds
[2019-06-24T09:55:34.802+0000][1][safepoint    ] Entering safepoint region: Cleanup
[2019-06-24T09:55:34.802+0000][1][safepoint    ] Leaving safepoint region
[2019-06-24T09:55:34.802+0000][1][safepoint    ] Total time for which application threads were stopped: 0.0002967 seconds, Stopping threads took: 0.0000650 seconds
[2019-06-24T09:55:35.802+0000][1][safepoint    ] Application time: 1.0002660 seconds
[2019-06-24T09:55:35.803+0000][1][safepoint    ] Entering safepoint region: Cleanup
[2019-06-24T09:55:35.803+0000][1][safepoint    ] Leaving safepoint region
[2019-06-24T09:55:35.803+0000][1][safepoint    ] Total time for which application threads were stopped: 0.0004091 seconds, Stopping threads took: 0.0001578 seconds
[2019-06-24T09:55:35.929+0000][1][safepoint    ] Application time: 0.1261340 seconds
[2019-06-24T09:55:35.929+0000][1][safepoint    ] Entering safepoint region: GenCollectForAllocation
[2019-06-24T09:55:35.930+0000][1][gc,start     ] GC(22) Pause Young (Allocation Failure)
[2019-06-24T09:55:35.930+0000][1][gc,task      ] GC(22) Using 5 workers of 8 for evacuation
[2019-06-24T09:55:35.960+0000][1][gc,age       ] GC(22) Desired survivor size 4456448 bytes, new threshold 2 (max threshold 6)
[2019-06-24T09:55:35.960+0000][1][gc,age       ] GC(22) Age table with threshold 2 (max threshold 6)
[2019-06-24T09:55:35.960+0000][1][gc,age       ] GC(22) - age   1:    1973432 bytes,    1973432 total
[2019-06-24T09:55:35.960+0000][1][gc,age       ] GC(22) - age   2:    3749632 bytes,    5723064 total
[2019-06-24T09:55:35.960+0000][1][gc,heap      ] GC(22) ParNew: 78656K->8034K(78656K)
[2019-06-24T09:55:35.960+0000][1][gc,heap      ] GC(22) CMS: 59864K->64011K(174784K)
[2019-06-24T09:55:35.960+0000][1][gc,metaspace ] GC(22) Metaspace: 66983K->66983K(1110016K)
[2019-06-24T09:55:35.960+0000][1][gc           ] GC(22) Pause Young (Allocation Failure) 135M->70M(247M) 30.173ms
[2019-06-24T09:55:35.960+0000][1][gc,cpu       ] GC(22) User=0.15s Sys=0.00s Real=0.03s
[2019-06-24T09:55:35.960+0000][1][safepoint    ] Leaving safepoint region
[2019-06-24T09:55:35.960+0000][1][safepoint    ] Total time for which application threads were stopped: 0.0308153 seconds, Stopping threads took: 0.0002183 seconds
[2019-06-24T09:55:36.960+0000][1][safepoint    ] Application time: 1.0001966 seconds
[2019-06-24T09:55:36.960+0000][1][safepoint    ] Entering safepoint region: Cleanup
[2019-06-24T09:55:36.961+0000][1][safepoint    ] Leaving safepoint region
[2019-06-24T09:55:36.961+0000][1][safepoint    ] Total time for which application threads were stopped: 0.0004186 seconds, Stopping threads took: 0.0001184 seconds
[2019-06-24T09:55:37.961+0000][1][safepoint    ] Application time: 1.0001530 seconds
[2019-06-24T09:55:37.961+0000][1][safepoint    ] Entering safepoint region: Cleanup
[2019-06-24T09:55:37.961+0000][1][safepoint    ] Leaving safepoint region
[2019-06-24T09:55:37.961+0000][1][safepoint    ] Total time for which application threads were stopped: 0.0001062 seconds, Stopping threads took: 0.0000233 seconds
[2019-06-24T09:55:38.961+0000][1][safepoint    ] Application time: 1.0002225 seconds
[2019-06-24T09:55:38.961+0000][1][safepoint    ] Entering safepoint region: Cleanup
[2019-06-24T09:55:38.962+0000][1][safepoint    ] Leaving safepoint region
[2019-06-24T09:55:38.962+0000][1][safepoint    ] Total time for which application threads were stopped: 0.0002367 seconds, Stopping threads took: 0.0000642 seconds
[2019-06-24T09:55:39.962+0000][1][safepoint    ] Application time: 1.0002618 seconds
[2019-06-24T09:55:39.962+0000][1][safepoint    ] Entering safepoint region: Cleanup
[2019-06-24T09:55:39.962+0000][1][safepoint    ] Leaving safepoint region
[2019-06-24T09:55:39.962+0000][1][safepoint    ] Total time for which application threads were stopped: 0.0002846 seconds, Stopping threads took: 0.0000819 seconds
[2019-06-24T09:55:40.963+0000][1][safepoint    ] Application time: 1.0001756 seconds
[2019-06-24T09:55:40.963+0000][1][safepoint    ] Entering safepoint region: Cleanup
[2019-06-24T09:55:40.963+0000][1][safepoint    ] Leaving safepoint region
[2019-06-24T09:55:40.963+0000][1][safepoint    ] Total time for which application threads were stopped: 0.0002353 seconds, Stopping threads took: 0.0000861 seconds
[2019-06-24T09:55:41.963+0000][1][safepoint    ] Application time: 1.0001798 seconds
[2019-06-24T09:55:41.963+0000][1][safepoint    ] Entering safepoint region: Cleanup
[2019-06-24T09:55:41.963+0000][1][safepoint    ] Leaving safepoint region
[2019-06-24T09:55:41.963+0000][1][safepoint    ] Total time for which application threads were stopped: 0.0002924 seconds, Stopping threads took: 0.0000674 seconds
[2019-06-24T09:55:42.964+0000][1][safepoint    ] Application time: 1.0002747 seconds
[2019-06-24T09:55:42.964+0000][1][safepoint    ] Entering safepoint region: Cleanup
[2019-06-24T09:55:42.964+0000][1][safepoint    ] Leaving safepoint region
[2019-06-24T09:55:42.964+0000][1][safepoint    ] Total time for which application threads were stopped: 0.0003051 seconds, Stopping threads took: 0.0000678 seconds
[2019-06-24T09:55:43.965+0000][1][safepoint    ] Application time: 1.0002766 seconds
[2019-06-24T09:55:43.965+0000][1][safepoint    ] Entering safepoint region: Cleanup
[2019-06-24T09:55:43.965+0000][1][safepoint    ] Leaving safepoint region
[2019-06-24T09:55:43.965+0000][1][safepoint    ] Total time for which application threads were stopped: 0.0003090 seconds, Stopping threads took: 0.0000695 seconds
[2019-06-24T09:55:44.965+0000][1][safepoint    ] Application time: 1.0001585 seconds
[2019-06-24T09:55:44.965+0000][1][safepoint    ] Entering safepoint region: Cleanup
[2019-06-24T09:55:44.966+0000][1][safepoint    ] Leaving safepoint region
[2019-06-24T09:55:44.966+0000][1][safepoint    ] Total time for which application threads were stopped: 0.0003761 seconds, Stopping threads took: 0.0001014 seconds
[2019-06-24T09:55:45.966+0000][1][safepoint    ] Application time: 1.0001622 seconds
[2019-06-24T09:55:45.966+0000][1][safepoint    ] Entering safepoint region: Cleanup
[2019-06-24T09:55:45.966+0000][1][safepoint    ] Leaving safepoint region
[2019-06-24T09:55:45.966+0000][1][safepoint    ] Total time for which application threads were stopped: 0.0002897 seconds, Stopping threads took: 0.0000736 seconds
[2019-06-24T09:55:46.967+0000][1][safepoint    ] Application time: 1.0002922 seconds
[2019-06-24T09:55:46.967+0000][1][safepoint    ] Entering safepoint region: Cleanup
[2019-06-24T09:55:46.967+0000][1][safepoint    ] Leaving safepoint region
[2019-06-24T09:55:46.967+0000][1][safepoint    ] Total time for which application threads were stopped: 0.0002579 seconds, Stopping threads took: 0.0000659 seconds
[2019-06-24T09:55:47.967+0000][1][safepoint    ] Application time: 1.0001320 seconds
[2019-06-24T09:55:47.967+0000][1][safepoint    ] Entering safepoint region: Cleanup
[2019-06-24T09:55:47.967+0000][1][safepoint    ] Leaving safepoint region
[2019-06-24T09:55:47.967+0000][1][safepoint    ] Total time for which application threads were stopped: 0.0002628 seconds, Stopping threads took: 0.0000639 seconds
[2019-06-24T09:55:48.968+0000][1][safepoint    ] Application time: 1.0001439 seconds
[2019-06-24T09:55:48.968+0000][1][safepoint    ] Entering safepoint region: Cleanup
[2019-06-24T09:55:48.968+0000][1][safepoint    ] Leaving safepoint region
[2019-06-24T09:55:48.968+0000][1][safepoint    ] Total time for which application threads were stopped: 0.0002693 seconds, Stopping threads took: 0.0000652 seconds
[2019-06-24T09:55:49.968+0000][1][safepoint    ] Application time: 1.0001661 seconds
[2019-06-24T09:55:49.968+0000][1][safepoint    ] Entering safepoint region: Cleanup
[2019-06-24T09:55:49.969+0000][1][safepoint    ] Leaving safepoint region
[2019-06-24T09:55:49.969+0000][1][safepoint    ] Total time for which application threads were stopped: 0.0003773 seconds, Stopping threads took: 0.0000958 seconds
[2019-06-24T09:55:50.969+0000][1][safepoint    ] Application time: 1.0003597 seconds
[2019-06-24T09:55:50.969+0000][1][safepoint    ] Entering safepoint region: Cleanup
[2019-06-24T09:55:50.969+0000][1][safepoint    ] Leaving safepoint region
[2019-06-24T09:55:50.969+0000][1][safepoint    ] Total time for which application threads were stopped: 0.0000914 seconds, Stopping threads took: 0.0000209 seconds
[2019-06-24T09:55:51.969+0000][1][safepoint    ] Application time: 1.0001396 seconds
[2019-06-24T09:55:51.970+0000][1][safepoint    ] Entering safepoint region: Cleanup
[2019-06-24T09:55:51.970+0000][1][safepoint    ] Leaving safepoint region
[2019-06-24T09:55:51.970+0000][1][safepoint    ] Total time for which application threads were stopped: 0.0003733 seconds, Stopping threads took: 0.0000932 seconds
[2019-06-24T09:55:52.970+0000][1][safepoint    ] Application time: 1.0002688 seconds
[2019-06-24T09:55:52.970+0000][1][safepoint    ] Entering safepoint region: Cleanup
[2019-06-24T09:55:52.971+0000][1][safepoint    ] Leaving safepoint region
[2019-06-24T09:55:52.971+0000][1][safepoint    ] Total time for which application threads were stopped: 0.0003472 seconds, Stopping threads took: 0.0000661 seconds
[2019-06-24T09:55:53.971+0000][1][safepoint    ] Application time: 1.0002391 seconds
[2019-06-24T09:55:53.971+0000][1][safepoint    ] Entering safepoint region: Cleanup
[2019-06-24T09:55:53.971+0000][1][safepoint    ] Leaving safepoint region
[2019-06-24T09:55:53.971+0000][1][safepoint    ] Total time for which application threads were stopped: 0.0002676 seconds, Stopping threads took: 0.0000684 seconds
[2019-06-24T09:55:54.972+0000][1][safepoint    ] Application time: 1.0001656 seconds
[2019-06-24T09:55:54.972+0000][1][safepoint    ] Entering safepoint region: Cleanup
[2019-06-24T09:55:54.972+0000][1][safepoint    ] Leaving safepoint region
[2019-06-24T09:55:54.972+0000][1][safepoint    ] Total time for which application threads were stopped: 0.0002937 seconds, Stopping threads took: 0.0000858 seconds
[2019-06-24T09:55:55.373+0000][1][safepoint    ] Application time: 0.4011740 seconds
[2019-06-24T09:55:55.373+0000][1][safepoint    ] Entering safepoint region: RevokeBias
[2019-06-24T09:55:55.373+0000][1][safepoint    ] Leaving safepoint region
[2019-06-24T09:55:55.373+0000][1][safepoint    ] Total time for which application threads were stopped: 0.0001110 seconds, Stopping threads took: 0.0000272 seconds
[2019-06-24T09:55:55.374+0000][1][safepoint    ] Application time: 0.0001037 seconds
[2019-06-24T09:55:55.374+0000][1][safepoint    ] Entering safepoint region: RevokeBias
[2019-06-24T09:55:55.374+0000][1][safepoint    ] Leaving safepoint region
[2019-06-24T09:55:55.374+0000][1][safepoint    ] Total time for which application threads were stopped: 0.0000679 seconds, Stopping threads took: 0.0000122 seconds
[2019-06-24T09:55:55.375+0000][1][safepoint    ] Application time: 0.0015934 seconds
[2019-06-24T09:55:55.376+0000][1][safepoint    ] Entering safepoint region: RevokeBias
[2019-06-24T09:55:55.376+0000][1][safepoint    ] Leaving safepoint region
[2019-06-24T09:55:55.376+0000][1][safepoint    ] Total time for which application threads were stopped: 0.0004388 seconds, Stopping threads took: 0.0003026 seconds
[2019-06-24T09:55:55.376+0000][1][safepoint    ] Application time: 0.0001577 seconds
[2019-06-24T09:55:55.376+0000][1][safepoint    ] Entering safepoint region: RevokeBias
[2019-06-24T09:55:55.376+0000][1][safepoint    ] Leaving safepoint region
[2019-06-24T09:55:55.376+0000][1][safepoint    ] Total time for which application threads were stopped: 0.0001104 seconds, Stopping threads took: 0.0000236 seconds
[2019-06-24T09:55:55.376+0000][1][safepoint    ] Application time: 0.0003137 seconds
[2019-06-24T09:55:55.376+0000][1][safepoint    ] Entering safepoint region: RevokeBias
[2019-06-24T09:55:55.376+0000][1][safepoint    ] Leaving safepoint region
[2019-06-24T09:55:55.376+0000][1][safepoint    ] Total time for which application threads were stopped: 0.0001255 seconds, Stopping threads took: 0.0000312 seconds
[2019-06-24T09:55:55.379+0000][1][safepoint    ] Application time: 0.0020530 seconds
[2019-06-24T09:55:55.379+0000][1][safepoint    ] Entering safepoint region: RevokeBias
[2019-06-24T09:55:55.379+0000][1][safepoint    ] Leaving safepoint region
[2019-06-24T09:55:55.379+0000][1][safepoint    ] Total time for which application threads were stopped: 0.0000935 seconds, Stopping threads took: 0.0000309 seconds
[2019-06-24T09:55:55.383+0000][1][safepoint    ] Application time: 0.0039794 seconds
[2019-06-24T09:55:55.383+0000][1][safepoint    ] Entering safepoint region: RevokeBias
[2019-06-24T09:55:55.383+0000][1][safepoint    ] Leaving safepoint region
[2019-06-24T09:55:55.383+0000][1][safepoint    ] Total time for which application threads were stopped: 0.0007852 seconds, Stopping threads took: 0.0001459 seconds
[2019-06-24T09:55:55.384+0000][1][safepoint    ] Application time: 0.0000895 seconds
[2019-06-24T09:55:55.384+0000][1][safepoint    ] Entering safepoint region: RevokeBias
[2019-06-24T09:55:55.384+0000][1][safepoint    ] Leaving safepoint region
[2019-06-24T09:55:55.384+0000][1][safepoint    ] Total time for which application threads were stopped: 0.0000767 seconds, Stopping threads took: 0.0000148 seconds
[2019-06-24T09:55:55.384+0000][1][safepoint    ] Application time: 0.0002525 seconds
[2019-06-24T09:55:55.384+0000][1][safepoint    ] Entering safepoint region: RevokeBias
[2019-06-24T09:55:55.384+0000][1][safepoint    ] Leaving safepoint region
[2019-06-24T09:55:55.384+0000][1][safepoint    ] Total time for which application threads were stopped: 0.0001469 seconds, Stopping threads took: 0.0000952 seconds
[2019-06-24T09:55:55.385+0000][1][safepoint    ] Application time: 0.0008814 seconds
[2019-06-24T09:55:55.385+0000][1][safepoint    ] Entering safepoint region: RevokeBias
[2019-06-24T09:55:55.385+0000][1][safepoint    ] Leaving safepoint region
[2019-06-24T09:55:55.385+0000][1][safepoint    ] Total time for which application threads were stopped: 0.0000894 seconds, Stopping threads took: 0.0000158 seconds
[2019-06-24T09:55:55.385+0000][1][safepoint    ] Application time: 0.0001305 seconds
[2019-06-24T09:55:55.385+0000][1][safepoint    ] Entering safepoint region: RevokeBias
[2019-06-24T09:55:55.385+0000][1][safepoint    ] Leaving safepoint region
[2019-06-24T09:55:55.385+0000][1][safepoint    ] Total time for which application threads were stopped: 0.0001328 seconds, Stopping threads took: 0.0000510 seconds
[2019-06-24T09:55:55.385+0000][1][safepoint    ] Application time: 0.0000687 seconds
[2019-06-24T09:55:55.385+0000][1][safepoint    ] Entering safepoint region: RevokeBias
[2019-06-24T09:55:55.386+0000][1][safepoint    ] Leaving safepoint region
[2019-06-24T09:55:55.386+0000][1][safepoint    ] Total time for which application threads were stopped: 0.0000621 seconds, Stopping threads took: 0.0000169 seconds
[2019-06-24T09:55:55.386+0000][1][safepoint    ] Application time: 0.0000510 seconds
[2019-06-24T09:55:55.386+0000][1][safepoint    ] Entering safepoint region: RevokeBias
[2019-06-24T09:55:55.386+0000][1][safepoint    ] Leaving safepoint region
[2019-06-24T09:55:55.386+0000][1][safepoint    ] Total time for which application threads were stopped: 0.0000493 seconds, Stopping threads took: 0.0000093 seconds
[2019-06-24T09:55:55.386+0000][1][safepoint    ] Application time: 0.0003314 seconds
[2019-06-24T09:55:55.386+0000][1][safepoint    ] Entering safepoint region: RevokeBias
[2019-06-24T09:55:55.386+0000][1][safepoint    ] Leaving safepoint region
[2019-06-24T09:55:55.386+0000][1][safepoint    ] Total time for which application threads were stopped: 0.0001166 seconds, Stopping threads took: 0.0000451 seconds
[2019-06-24T09:55:55.386+0000][1][safepoint    ] Application time: 0.0001701 seconds
[2019-06-24T09:55:55.386+0000][1][safepoint    ] Entering safepoint region: RevokeBias
[2019-06-24T09:55:55.386+0000][1][safepoint    ] Leaving safepoint region
[2019-06-24T09:55:55.386+0000][1][safepoint    ] Total time for which application threads were stopped: 0.0001094 seconds, Stopping threads took: 0.0000567 seconds
[2019-06-24T09:55:55.387+0000][1][safepoint    ] Application time: 0.0003602 seconds
[2019-06-24T09:55:55.387+0000][1][safepoint    ] Entering safepoint region: RevokeBias
[2019-06-24T09:55:55.387+0000][1][safepoint    ] Leaving safepoint region
[2019-06-24T09:55:55.387+0000][1][safepoint    ] Total time for which application threads were stopped: 0.0002156 seconds, Stopping threads took: 0.0001567 seconds
[2019-06-24T09:55:55.387+0000][1][safepoint    ] Application time: 0.0000710 seconds
[2019-06-24T09:55:55.387+0000][1][safepoint    ] Entering safepoint region: RevokeBias
[2019-06-24T09:55:55.387+0000][1][safepoint    ] Leaving safepoint region
[2019-06-24T09:55:55.387+0000][1][safepoint    ] Total time for which application threads were stopped: 0.0000857 seconds, Stopping threads took: 0.0000386 seconds
[2019-06-24T09:55:55.388+0000][1][safepoint    ] Application time: 0.0005477 seconds
[2019-06-24T09:55:55.388+0000][1][safepoint    ] Entering safepoint region: RevokeBias
[2019-06-24T09:55:55.388+0000][1][safepoint    ] Leaving safepoint region
[2019-06-24T09:55:55.388+0000][1][safepoint    ] Total time for which application threads were stopped: 0.0001063 seconds, Stopping threads took: 0.0000376 seconds
[2019-06-24T09:55:55.388+0000][1][safepoint    ] Application time: 0.0001344 seconds
[2019-06-24T09:55:55.388+0000][1][safepoint    ] Entering safepoint region: RevokeBias
[2019-06-24T09:55:55.388+0000][1][safepoint    ] Leaving safepoint region
[2019-06-24T09:55:55.388+0000][1][safepoint    ] Total time for which application threads were stopped: 0.0001530 seconds, Stopping threads took: 0.0001033 seconds
[2019-06-24T09:55:55.388+0000][1][safepoint    ] Application time: 0.0001333 seconds
[2019-06-24T09:55:55.388+0000][1][safepoint    ] Entering safepoint region: RevokeBias
[2019-06-24T09:55:55.389+0000][1][safepoint    ] Leaving safepoint region
[2019-06-24T09:55:55.389+0000][1][safepoint    ] Total time for which application threads were stopped: 0.0001367 seconds, Stopping threads took: 0.0000889 seconds
[2019-06-24T09:55:55.389+0000][1][safepoint    ] Application time: 0.0001211 seconds
[2019-06-24T09:55:55.389+0000][1][safepoint    ] Entering safepoint region: RevokeBias
[2019-06-24T09:55:55.389+0000][1][safepoint    ] Leaving safepoint region
[2019-06-24T09:55:55.389+0000][1][safepoint    ] Total time for which application threads were stopped: 0.0000922 seconds, Stopping threads took: 0.0000417 seconds
[2019-06-24T09:55:55.389+0000][1][safepoint    ] Application time: 0.0007292 seconds
[2019-06-24T09:55:55.390+0000][1][safepoint    ] Entering safepoint region: RevokeBias
[2019-06-24T09:55:55.390+0000][1][safepoint    ] Leaving safepoint region
[2019-06-24T09:55:55.390+0000][1][safepoint    ] Total time for which application threads were stopped: 0.0000738 seconds, Stopping threads took: 0.0000256 seconds
[2019-06-24T09:55:55.566+0000][1][safepoint    ] Application time: 0.1765887 seconds
[2019-06-24T09:55:55.566+0000][1][safepoint    ] Entering safepoint region: RevokeBias
[2019-06-24T09:55:55.567+0000][1][safepoint    ] Leaving safepoint region
[2019-06-24T09:55:55.567+0000][1][safepoint    ] Total time for which application threads were stopped: 0.0004184 seconds, Stopping threads took: 0.0001190 seconds
[2019-06-24T09:55:55.567+0000][1][safepoint    ] Application time: 0.0007256 seconds
[2019-06-24T09:55:55.568+0000][1][safepoint    ] Entering safepoint region: RevokeBias
[2019-06-24T09:55:55.568+0000][1][safepoint    ] Leaving safepoint region
[2019-06-24T09:55:55.568+0000][1][safepoint    ] Total time for which application threads were stopped: 0.0002072 seconds, Stopping threads took: 0.0000475 seconds
[2019-06-24T09:55:55.568+0000][1][safepoint    ] Application time: 0.0005464 seconds
[2019-06-24T09:55:55.568+0000][1][safepoint    ] Entering safepoint region: RevokeBias
[2019-06-24T09:55:55.569+0000][1][safepoint    ] Leaving safepoint region
[2019-06-24T09:55:55.569+0000][1][safepoint    ] Total time for which application threads were stopped: 0.0002412 seconds, Stopping threads took: 0.0000729 seconds
[2019-06-24T09:55:55.569+0000][1][safepoint    ] Application time: 0.0002409 seconds
[2019-06-24T09:55:55.569+0000][1][safepoint    ] Entering safepoint region: RevokeBias
[2019-06-24T09:55:55.569+0000][1][safepoint    ] Leaving safepoint region
[2019-06-24T09:55:55.569+0000][1][safepoint    ] Total time for which application threads were stopped: 0.0002821 seconds, Stopping threads took: 0.0000865 seconds
[2019-06-24T09:55:55.570+0000][1][safepoint    ] Application time: 0.0003485 seconds
[2019-06-24T09:55:55.570+0000][1][safepoint    ] Entering safepoint region: RevokeBias
[2019-06-24T09:55:55.570+0000][1][safepoint    ] Leaving safepoint region
[2019-06-24T09:55:55.570+0000][1][safepoint    ] Total time for which application threads were stopped: 0.0003134 seconds, Stopping threads took: 0.0001198 seconds
[2019-06-24T09:55:55.571+0000][1][safepoint    ] Application time: 0.0007591 seconds
[2019-06-24T09:55:55.571+0000][1][safepoint    ] Entering safepoint region: RevokeBias
[2019-06-24T09:55:55.571+0000][1][safepoint    ] Leaving safepoint region
[2019-06-24T09:55:55.571+0000][1][safepoint    ] Total time for which application threads were stopped: 0.0003887 seconds, Stopping threads took: 0.0002296 seconds
[2019-06-24T09:55:55.572+0000][1][safepoint    ] Application time: 0.0003358 seconds
[2019-06-24T09:55:55.572+0000][1][safepoint    ] Entering safepoint region: RevokeBias
[2019-06-24T09:55:55.572+0000][1][safepoint    ] Leaving safepoint region
[2019-06-24T09:55:55.572+0000][1][safepoint    ] Total time for which application threads were stopped: 0.0005239 seconds, Stopping threads took: 0.0003478 seconds
[2019-06-24T09:55:55.572+0000][1][safepoint    ] Application time: 0.0002379 seconds
[2019-06-24T09:55:55.573+0000][1][safepoint    ] Entering safepoint region: RevokeBias
[2019-06-24T09:55:55.573+0000][1][safepoint    ] Leaving safepoint region
[2019-06-24T09:55:55.573+0000][1][safepoint    ] Total time for which application threads were stopped: 0.0003782 seconds, Stopping threads took: 0.0002056 seconds
[2019-06-24T09:55:55.575+0000][1][safepoint    ] Application time: 0.0020360 seconds
[2019-06-24T09:55:55.575+0000][1][safepoint    ] Entering safepoint region: RevokeBias
[2019-06-24T09:55:55.576+0000][1][safepoint    ] Leaving safepoint region
[2019-06-24T09:55:55.576+0000][1][safepoint    ] Total time for which application threads were stopped: 0.0008492 seconds, Stopping threads took: 0.0004594 seconds
[2019-06-24T09:55:55.577+0000][1][safepoint    ] Application time: 0.0008156 seconds
[2019-06-24T09:55:55.577+0000][1][safepoint    ] Entering safepoint region: RevokeBias
[2019-06-24T09:55:55.577+0000][1][safepoint    ] Leaving safepoint region
[2019-06-24T09:55:55.577+0000][1][safepoint    ] Total time for which application threads were stopped: 0.0005360 seconds, Stopping threads took: 0.0002014 seconds
[2019-06-24T09:55:55.578+0000][1][safepoint    ] Application time: 0.0000985 seconds
[2019-06-24T09:55:55.578+0000][1][safepoint    ] Entering safepoint region: RevokeBias
[2019-06-24T09:55:55.578+0000][1][safepoint    ] Leaving safepoint region
[2019-06-24T09:55:55.578+0000][1][safepoint    ] Total time for which application threads were stopped: 0.0003165 seconds, Stopping threads took: 0.0000594 seconds
[2019-06-24T09:55:55.580+0000][1][safepoint    ] Application time: 0.0023268 seconds
[2019-06-24T09:55:55.581+0000][1][safepoint    ] Entering safepoint region: RevokeBias
[2019-06-24T09:55:55.581+0000][1][safepoint    ] Leaving safepoint region
[2019-06-24T09:55:55.581+0000][1][safepoint    ] Total time for which application threads were stopped: 0.0007349 seconds, Stopping threads took: 0.0003883 seconds
[2019-06-24T09:55:55.583+0000][1][safepoint    ] Application time: 0.0014978 seconds
[2019-06-24T09:55:55.583+0000][1][safepoint    ] Entering safepoint region: RevokeBias
[2019-06-24T09:55:55.583+0000][1][safepoint    ] Leaving safepoint region
[2019-06-24T09:55:55.583+0000][1][safepoint    ] Total time for which application threads were stopped: 0.0005394 seconds, Stopping threads took: 0.0002904 seconds
[2019-06-24T09:55:55.586+0000][1][safepoint    ] Application time: 0.0027000 seconds
[2019-06-24T09:55:55.587+0000][1][safepoint    ] Entering safepoint region: RevokeBias
[2019-06-24T09:55:55.587+0000][1][safepoint    ] Leaving safepoint region
[2019-06-24T09:55:55.587+0000][1][safepoint    ] Total time for which application threads were stopped: 0.0005941 seconds, Stopping threads took: 0.0004050 seconds
[2019-06-24T09:55:55.599+0000][1][safepoint    ] Application time: 0.0123845 seconds
[2019-06-24T09:55:55.600+0000][1][safepoint    ] Entering safepoint region: RevokeBias
[2019-06-24T09:55:55.600+0000][1][safepoint    ] Leaving safepoint region
[2019-06-24T09:55:55.600+0000][1][safepoint    ] Total time for which application threads were stopped: 0.0005193 seconds, Stopping threads took: 0.0003302 seconds
[2019-06-24T09:55:55.603+0000][1][safepoint    ] Application time: 0.0030197 seconds
[2019-06-24T09:55:55.603+0000][1][safepoint    ] Entering safepoint region: RevokeBias
[2019-06-24T09:55:55.603+0000][1][safepoint    ] Leaving safepoint region
[2019-06-24T09:55:55.603+0000][1][safepoint    ] Total time for which application threads were stopped: 0.0001108 seconds, Stopping threads took: 0.0000282 seconds
[2019-06-24T09:55:55.616+0000][1][safepoint    ] Application time: 0.0126701 seconds
[2019-06-24T09:55:55.616+0000][1][safepoint    ] Entering safepoint region: RevokeBias
[2019-06-24T09:55:55.616+0000][1][safepoint    ] Leaving safepoint region
[2019-06-24T09:55:55.616+0000][1][safepoint    ] Total time for which application threads were stopped: 0.0001493 seconds, Stopping threads took: 0.0000741 seconds
[2019-06-24T09:55:55.617+0000][1][safepoint    ] Application time: 0.0012428 seconds
[2019-06-24T09:55:55.617+0000][1][safepoint    ] Entering safepoint region: RevokeBias
[2019-06-24T09:55:55.617+0000][1][safepoint    ] Leaving safepoint region
[2019-06-24T09:55:55.617+0000][1][safepoint    ] Total time for which application threads were stopped: 0.0001091 seconds, Stopping threads took: 0.0000498 seconds
[2019-06-24T09:55:55.619+0000][1][safepoint    ] Application time: 0.0011875 seconds
[2019-06-24T09:55:55.619+0000][1][safepoint    ] Entering safepoint region: RevokeBias
[2019-06-24T09:55:55.619+0000][1][safepoint    ] Leaving safepoint region
[2019-06-24T09:55:55.619+0000][1][safepoint    ] Total time for which application threads were stopped: 0.0001831 seconds, Stopping threads took: 0.0001289 seconds
[2019-06-24T09:55:55.619+0000][1][safepoint    ] Application time: 0.0003063 seconds
[2019-06-24T09:55:55.619+0000][1][safepoint    ] Entering safepoint region: RevokeBias
[2019-06-24T09:55:55.619+0000][1][safepoint    ] Leaving safepoint region
[2019-06-24T09:55:55.619+0000][1][safepoint    ] Total time for which application threads were stopped: 0.0002495 seconds, Stopping threads took: 0.0001367 seconds
[2019-06-24T09:55:55.625+0000][1][safepoint    ] Application time: 0.0054863 seconds
[2019-06-24T09:55:55.625+0000][1][safepoint    ] Entering safepoint region: RevokeBias
[2019-06-24T09:55:55.625+0000][1][safepoint    ] Leaving safepoint region
[2019-06-24T09:55:55.625+0000][1][safepoint    ] Total time for which application threads were stopped: 0.0000613 seconds, Stopping threads took: 0.0000164 seconds
[2019-06-24T09:55:55.625+0000][1][safepoint    ] Application time: 0.0001105 seconds
[2019-06-24T09:55:55.625+0000][1][safepoint    ] Entering safepoint region: RevokeBias
[2019-06-24T09:55:55.625+0000][1][safepoint    ] Leaving safepoint region
[2019-06-24T09:55:55.625+0000][1][safepoint    ] Total time for which application threads were stopped: 0.0000702 seconds, Stopping threads took: 0.0000371 seconds
[2019-06-24T09:55:55.627+0000][1][safepoint    ] Application time: 0.0015253 seconds
[2019-06-24T09:55:55.627+0000][1][safepoint    ] Entering safepoint region: RevokeBias
[2019-06-24T09:55:55.627+0000][1][safepoint    ] Leaving safepoint region
[2019-06-24T09:55:55.627+0000][1][safepoint    ] Total time for which application threads were stopped: 0.0000612 seconds, Stopping threads took: 0.0000180 seconds
[2019-06-24T09:55:55.631+0000][1][gc,heap,exit ] Heap
[2019-06-24T09:55:55.631+0000][1][gc,heap,exit ]  par new generation   total 78656K, used 30500K [0x00000000f0000000, 0x00000000f5550000, 0x00000000f5550000)
[2019-06-24T09:55:55.631+0000][1][gc,heap,exit ]   eden space 69952K,  32% used [0x00000000f0000000, 0x00000000f15f08f8, 0x00000000f4450000)
[2019-06-24T09:55:55.631+0000][1][gc,heap,exit ]   from space 8704K,  92% used [0x00000000f4cd0000, 0x00000000f54a8a70, 0x00000000f5550000)
[2019-06-24T09:55:55.631+0000][1][gc,heap,exit ]   to   space 8704K,   0% used [0x00000000f4450000, 0x00000000f4450000, 0x00000000f4cd0000)
[2019-06-24T09:55:55.631+0000][1][gc,heap,exit ]  concurrent mark-sweep generation total 174784K, used 64011K [0x00000000f5550000, 0x0000000100000000, 0x0000000100000000)
[2019-06-24T09:55:55.631+0000][1][gc,heap,exit ]  Metaspace       used 67339K, capacity 72344K, committed 72712K, reserved 1110016K
[2019-06-24T09:55:55.631+0000][1][gc,heap,exit ]   class space    used 9179K, capacity 11266K, committed 11380K, reserved 1048576K
[2019-06-24T09:55:55.631+0000][1][safepoint    ] Application time: 0.0038733 seconds
[2019-06-24T09:55:55.631+0000][1][safepoint    ] Entering safepoint region: Exit
