[2019-06-24T09:20:32.744+0000][1][gc] Using Concurrent Mark Sweep
[2019-06-24T09:20:32.744+0000][1][gc,heap,coops] Heap address: 0x00000000f0000000, size: 256 MB, Compressed Oops mode: 32-bit
[2019-06-24T09:20:32.798+0000][1][safepoint    ] Entering safepoint region: EnableBiasedLocking
[2019-06-24T09:20:32.798+0000][1][safepoint    ] Leaving safepoint region
[2019-06-24T09:20:32.798+0000][1][safepoint    ] Total time for which application threads were stopped: 0.0001245 seconds, Stopping threads took: 0.0000629 seconds
[2019-06-24T09:20:32.801+0000][1][safepoint    ] Application time: 0.0031020 seconds
[2019-06-24T09:20:32.801+0000][1][safepoint    ] Entering safepoint region: RevokeBias
[2019-06-24T09:20:32.801+0000][1][safepoint    ] Leaving safepoint region
[2019-06-24T09:20:32.801+0000][1][safepoint    ] Total time for which application threads were stopped: 0.0000800 seconds, Stopping threads took: 0.0000212 seconds
[2019-06-24T09:20:32.810+0000][1][safepoint    ] Application time: 0.0084590 seconds
[2019-06-24T09:20:32.810+0000][1][safepoint    ] Entering safepoint region: Deoptimize
[2019-06-24T09:20:32.810+0000][1][safepoint    ] Leaving safepoint region
[2019-06-24T09:20:32.810+0000][1][safepoint    ] Total time for which application threads were stopped: 0.0000485 seconds, Stopping threads took: 0.0000093 seconds
[2019-06-24T09:20:32.903+0000][1][safepoint    ] Application time: 0.0934430 seconds
[2019-06-24T09:20:32.903+0000][1][safepoint    ] Entering safepoint region: RevokeBias
[2019-06-24T09:20:32.903+0000][1][safepoint    ] Leaving safepoint region
[2019-06-24T09:20:32.903+0000][1][safepoint    ] Total time for which application threads were stopped: 0.0000809 seconds, Stopping threads took: 0.0000136 seconds
[2019-06-24T09:20:32.905+0000][1][safepoint    ] Application time: 0.0014469 seconds
[2019-06-24T09:20:32.905+0000][1][safepoint    ] Entering safepoint region: Deoptimize
[2019-06-24T09:20:32.905+0000][1][safepoint    ] Leaving safepoint region
[2019-06-24T09:20:32.905+0000][1][safepoint    ] Total time for which application threads were stopped: 0.0000496 seconds, Stopping threads took: 0.0000073 seconds
[2019-06-24T09:20:32.927+0000][1][safepoint    ] Application time: 0.0225643 seconds
[2019-06-24T09:20:32.927+0000][1][safepoint    ] Entering safepoint region: Deoptimize
[2019-06-24T09:20:32.928+0000][1][safepoint    ] Leaving safepoint region
[2019-06-24T09:20:32.928+0000][1][safepoint    ] Total time for which application threads were stopped: 0.0000720 seconds, Stopping threads took: 0.0000133 seconds
[2019-06-24T09:20:33.148+0000][1][safepoint    ] Application time: 0.2202192 seconds
[2019-06-24T09:20:33.148+0000][1][safepoint    ] Entering safepoint region: Deoptimize
[2019-06-24T09:20:33.148+0000][1][safepoint    ] Leaving safepoint region
[2019-06-24T09:20:33.148+0000][1][safepoint    ] Total time for which application threads were stopped: 0.0001793 seconds, Stopping threads took: 0.0000138 seconds
[2019-06-24T09:20:33.168+0000][1][safepoint    ] Application time: 0.0199689 seconds
[2019-06-24T09:20:33.168+0000][1][safepoint    ] Entering safepoint region: Deoptimize
[2019-06-24T09:20:33.168+0000][1][safepoint    ] Leaving safepoint region
[2019-06-24T09:20:33.168+0000][1][safepoint    ] Total time for which application threads were stopped: 0.0001030 seconds, Stopping threads took: 0.0000082 seconds
[2019-06-24T09:20:33.193+0000][1][safepoint    ] Application time: 0.0248715 seconds
[2019-06-24T09:20:33.193+0000][1][safepoint    ] Entering safepoint region: Deoptimize
[2019-06-24T09:20:33.193+0000][1][safepoint    ] Leaving safepoint region
[2019-06-24T09:20:33.193+0000][1][safepoint    ] Total time for which application threads were stopped: 0.0001535 seconds, Stopping threads took: 0.0000135 seconds
[2019-06-24T09:20:33.203+0000][1][safepoint    ] Application time: 0.0096676 seconds
[2019-06-24T09:20:33.203+0000][1][safepoint    ] Entering safepoint region: Deoptimize
[2019-06-24T09:20:33.203+0000][1][safepoint    ] Leaving safepoint region
[2019-06-24T09:20:33.203+0000][1][safepoint    ] Total time for which application threads were stopped: 0.0001171 seconds, Stopping threads took: 0.0000096 seconds
[2019-06-24T09:20:33.523+0000][1][safepoint    ] Application time: 0.3196890 seconds
[2019-06-24T09:20:33.523+0000][1][safepoint    ] Entering safepoint region: Deoptimize
[2019-06-24T09:20:33.523+0000][1][safepoint    ] Leaving safepoint region
[2019-06-24T09:20:33.523+0000][1][safepoint    ] Total time for which application threads were stopped: 0.0002600 seconds, Stopping threads took: 0.0000100 seconds
[2019-06-24T09:20:33.746+0000][1][safepoint    ] Application time: 0.2231028 seconds
[2019-06-24T09:20:33.746+0000][1][safepoint    ] Entering safepoint region: RevokeBias
[2019-06-24T09:20:33.746+0000][1][safepoint    ] Leaving safepoint region
[2019-06-24T09:20:33.746+0000][1][safepoint    ] Total time for which application threads were stopped: 0.0001081 seconds, Stopping threads took: 0.0000095 seconds
[2019-06-24T09:20:33.823+0000][1][safepoint    ] Application time: 0.0763191 seconds
[2019-06-24T09:20:33.823+0000][1][safepoint    ] Entering safepoint region: Deoptimize
[2019-06-24T09:20:33.823+0000][1][safepoint    ] Leaving safepoint region
[2019-06-24T09:20:33.823+0000][1][safepoint    ] Total time for which application threads were stopped: 0.0002252 seconds, Stopping threads took: 0.0000133 seconds
[2019-06-24T09:20:33.914+0000][1][safepoint    ] Application time: 0.0912022 seconds
[2019-06-24T09:20:33.914+0000][1][safepoint    ] Entering safepoint region: Deoptimize
[2019-06-24T09:20:33.914+0000][1][safepoint    ] Leaving safepoint region
[2019-06-24T09:20:33.914+0000][1][safepoint    ] Total time for which application threads were stopped: 0.0001857 seconds, Stopping threads took: 0.0000101 seconds
[2019-06-24T09:20:33.914+0000][1][safepoint    ] Application time: 0.0001035 seconds
[2019-06-24T09:20:33.914+0000][1][safepoint    ] Entering safepoint region: Deoptimize
[2019-06-24T09:20:33.915+0000][1][safepoint    ] Leaving safepoint region
[2019-06-24T09:20:33.915+0000][1][safepoint    ] Total time for which application threads were stopped: 0.0001910 seconds, Stopping threads took: 0.0000111 seconds
[2019-06-24T09:20:33.929+0000][1][safepoint    ] Application time: 0.0143784 seconds
[2019-06-24T09:20:33.929+0000][1][safepoint    ] Entering safepoint region: Deoptimize
[2019-06-24T09:20:33.929+0000][1][safepoint    ] Leaving safepoint region
[2019-06-24T09:20:33.929+0000][1][safepoint    ] Total time for which application threads were stopped: 0.0001606 seconds, Stopping threads took: 0.0000099 seconds
[2019-06-24T09:20:33.938+0000][1][safepoint    ] Application time: 0.0085414 seconds
[2019-06-24T09:20:33.938+0000][1][safepoint    ] Entering safepoint region: Deoptimize
[2019-06-24T09:20:33.938+0000][1][safepoint    ] Leaving safepoint region
[2019-06-24T09:20:33.938+0000][1][safepoint    ] Total time for which application threads were stopped: 0.0001742 seconds, Stopping threads took: 0.0000094 seconds
[2019-06-24T09:20:33.943+0000][1][safepoint    ] Application time: 0.0053490 seconds
[2019-06-24T09:20:33.943+0000][1][safepoint    ] Entering safepoint region: RevokeBias
[2019-06-24T09:20:33.943+0000][1][safepoint    ] Leaving safepoint region
[2019-06-24T09:20:33.943+0000][1][safepoint    ] Total time for which application threads were stopped: 0.0000561 seconds, Stopping threads took: 0.0000218 seconds
[2019-06-24T09:20:33.943+0000][1][safepoint    ] Application time: 0.0000737 seconds
[2019-06-24T09:20:33.943+0000][1][safepoint    ] Entering safepoint region: RevokeBias
[2019-06-24T09:20:33.943+0000][1][safepoint    ] Leaving safepoint region
[2019-06-24T09:20:33.943+0000][1][safepoint    ] Total time for which application threads were stopped: 0.0000435 seconds, Stopping threads took: 0.0000156 seconds
[2019-06-24T09:20:33.944+0000][1][safepoint    ] Application time: 0.0000589 seconds
[2019-06-24T09:20:33.944+0000][1][safepoint    ] Entering safepoint region: RevokeBias
[2019-06-24T09:20:33.944+0000][1][safepoint    ] Leaving safepoint region
[2019-06-24T09:20:33.944+0000][1][safepoint    ] Total time for which application threads were stopped: 0.0000492 seconds, Stopping threads took: 0.0000155 seconds
[2019-06-24T09:20:33.944+0000][1][safepoint    ] Application time: 0.0001369 seconds
[2019-06-24T09:20:33.944+0000][1][safepoint    ] Entering safepoint region: RevokeBias
[2019-06-24T09:20:33.944+0000][1][safepoint    ] Leaving safepoint region
[2019-06-24T09:20:33.944+0000][1][safepoint    ] Total time for which application threads were stopped: 0.0000470 seconds, Stopping threads took: 0.0000157 seconds
[2019-06-24T09:20:33.945+0000][1][safepoint    ] Application time: 0.0014467 seconds
[2019-06-24T09:20:33.945+0000][1][safepoint    ] Entering safepoint region: RevokeBias
[2019-06-24T09:20:33.945+0000][1][safepoint    ] Leaving safepoint region
[2019-06-24T09:20:33.945+0000][1][safepoint    ] Total time for which application threads were stopped: 0.0000271 seconds, Stopping threads took: 0.0000076 seconds
[2019-06-24T09:20:34.025+0000][1][safepoint    ] Application time: 0.0801593 seconds
[2019-06-24T09:20:34.026+0000][1][safepoint    ] Entering safepoint region: GenCollectForAllocation
[2019-06-24T09:20:34.026+0000][1][gc,start     ] GC(0) Pause Young (Allocation Failure)
[2019-06-24T09:20:34.026+0000][1][gc,task      ] GC(0) Using 5 workers of 8 for evacuation
[2019-06-24T09:20:34.031+0000][1][gc,age       ] GC(0) Desired survivor size 4456448 bytes, new threshold 1 (max threshold 6)
[2019-06-24T09:20:34.031+0000][1][gc,age       ] GC(0) Age table with threshold 1 (max threshold 6)
[2019-06-24T09:20:34.031+0000][1][gc,age       ] GC(0) - age   1:    8105312 bytes,    8105312 total
[2019-06-24T09:20:34.031+0000][1][gc,heap      ] GC(0) ParNew: 69952K->8025K(78656K)
[2019-06-24T09:20:34.031+0000][1][gc,heap      ] GC(0) CMS: 0K->0K(174784K)
[2019-06-24T09:20:34.031+0000][1][gc,metaspace ] GC(0) Metaspace: 11963K->11963K(1060864K)
[2019-06-24T09:20:34.031+0000][1][gc           ] GC(0) Pause Young (Allocation Failure) 68M->7M(247M) 5.779ms
[2019-06-24T09:20:34.031+0000][1][gc,cpu       ] GC(0) User=0.04s Sys=0.00s Real=0.00s
[2019-06-24T09:20:34.031+0000][1][safepoint    ] Leaving safepoint region
[2019-06-24T09:20:34.031+0000][1][safepoint    ] Total time for which application threads were stopped: 0.0059153 seconds, Stopping threads took: 0.0000265 seconds
[2019-06-24T09:20:34.032+0000][1][safepoint    ] Application time: 0.0004000 seconds
[2019-06-24T09:20:34.032+0000][1][safepoint    ] Entering safepoint region: RevokeBias
[2019-06-24T09:20:34.032+0000][1][safepoint    ] Leaving safepoint region
[2019-06-24T09:20:34.032+0000][1][safepoint    ] Total time for which application threads were stopped: 0.0001995 seconds, Stopping threads took: 0.0001404 seconds
[2019-06-24T09:20:34.032+0000][1][safepoint    ] Application time: 0.0001004 seconds
[2019-06-24T09:20:34.032+0000][1][safepoint    ] Entering safepoint region: RevokeBias
[2019-06-24T09:20:34.032+0000][1][safepoint    ] Leaving safepoint region
[2019-06-24T09:20:34.032+0000][1][safepoint    ] Total time for which application threads were stopped: 0.0001516 seconds, Stopping threads took: 0.0001097 seconds
[2019-06-24T09:20:34.032+0000][1][safepoint    ] Application time: 0.0000567 seconds
[2019-06-24T09:20:34.033+0000][1][safepoint    ] Entering safepoint region: RevokeBias
[2019-06-24T09:20:34.033+0000][1][safepoint    ] Leaving safepoint region
[2019-06-24T09:20:34.033+0000][1][safepoint    ] Total time for which application threads were stopped: 0.0001433 seconds, Stopping threads took: 0.0001046 seconds
[2019-06-24T09:20:34.033+0000][1][safepoint    ] Application time: 0.0000894 seconds
[2019-06-24T09:20:34.033+0000][1][safepoint    ] Entering safepoint region: RevokeBias
[2019-06-24T09:20:34.033+0000][1][safepoint    ] Leaving safepoint region
[2019-06-24T09:20:34.033+0000][1][safepoint    ] Total time for which application threads were stopped: 0.0000707 seconds, Stopping threads took: 0.0000345 seconds
[2019-06-24T09:20:34.033+0000][1][safepoint    ] Application time: 0.0000742 seconds
[2019-06-24T09:20:34.033+0000][1][safepoint    ] Entering safepoint region: RevokeBias
[2019-06-24T09:20:34.033+0000][1][safepoint    ] Leaving safepoint region
[2019-06-24T09:20:34.033+0000][1][safepoint    ] Total time for which application threads were stopped: 0.0000787 seconds, Stopping threads took: 0.0000461 seconds
[2019-06-24T09:20:34.033+0000][1][safepoint    ] Application time: 0.0000466 seconds
[2019-06-24T09:20:34.033+0000][1][safepoint    ] Entering safepoint region: RevokeBias
[2019-06-24T09:20:34.033+0000][1][safepoint    ] Leaving safepoint region
[2019-06-24T09:20:34.033+0000][1][safepoint    ] Total time for which application threads were stopped: 0.0000933 seconds, Stopping threads took: 0.0000645 seconds
[2019-06-24T09:20:34.033+0000][1][safepoint    ] Application time: 0.0000457 seconds
[2019-06-24T09:20:34.033+0000][1][safepoint    ] Entering safepoint region: RevokeBias
[2019-06-24T09:20:34.033+0000][1][safepoint    ] Leaving safepoint region
[2019-06-24T09:20:34.033+0000][1][safepoint    ] Total time for which application threads were stopped: 0.0000578 seconds, Stopping threads took: 0.0000228 seconds
[2019-06-24T09:20:34.033+0000][1][safepoint    ] Application time: 0.0000471 seconds
[2019-06-24T09:20:34.033+0000][1][safepoint    ] Entering safepoint region: RevokeBias
[2019-06-24T09:20:34.033+0000][1][safepoint    ] Leaving safepoint region
[2019-06-24T09:20:34.033+0000][1][safepoint    ] Total time for which application threads were stopped: 0.0000550 seconds, Stopping threads took: 0.0000214 seconds
[2019-06-24T09:20:34.033+0000][1][safepoint    ] Application time: 0.0001189 seconds
[2019-06-24T09:20:34.033+0000][1][safepoint    ] Entering safepoint region: RevokeBias
[2019-06-24T09:20:34.034+0000][1][safepoint    ] Leaving safepoint region
[2019-06-24T09:20:34.034+0000][1][safepoint    ] Total time for which application threads were stopped: 0.0000818 seconds, Stopping threads took: 0.0000371 seconds
[2019-06-24T09:20:34.034+0000][1][safepoint    ] Application time: 0.0000909 seconds
[2019-06-24T09:20:34.034+0000][1][safepoint    ] Entering safepoint region: RevokeBias
[2019-06-24T09:20:34.034+0000][1][safepoint    ] Leaving safepoint region
[2019-06-24T09:20:34.034+0000][1][safepoint    ] Total time for which application threads were stopped: 0.0000603 seconds, Stopping threads took: 0.0000256 seconds
[2019-06-24T09:20:34.034+0000][1][safepoint    ] Application time: 0.0000454 seconds
[2019-06-24T09:20:34.034+0000][1][safepoint    ] Entering safepoint region: RevokeBias
[2019-06-24T09:20:34.034+0000][1][safepoint    ] Leaving safepoint region
[2019-06-24T09:20:34.034+0000][1][safepoint    ] Total time for which application threads were stopped: 0.0000438 seconds, Stopping threads took: 0.0000237 seconds
[2019-06-24T09:20:34.034+0000][1][safepoint    ] Application time: 0.0000364 seconds
[2019-06-24T09:20:34.034+0000][1][safepoint    ] Entering safepoint region: RevokeBias
[2019-06-24T09:20:34.034+0000][1][safepoint    ] Leaving safepoint region
[2019-06-24T09:20:34.034+0000][1][safepoint    ] Total time for which application threads were stopped: 0.0000606 seconds, Stopping threads took: 0.0000346 seconds
[2019-06-24T09:20:34.034+0000][1][safepoint    ] Application time: 0.0003309 seconds
[2019-06-24T09:20:34.034+0000][1][safepoint    ] Entering safepoint region: RevokeBias
[2019-06-24T09:20:34.034+0000][1][safepoint    ] Leaving safepoint region
[2019-06-24T09:20:34.034+0000][1][safepoint    ] Total time for which application threads were stopped: 0.0000570 seconds, Stopping threads took: 0.0000344 seconds
[2019-06-24T09:20:34.034+0000][1][safepoint    ] Application time: 0.0000372 seconds
[2019-06-24T09:20:34.034+0000][1][safepoint    ] Entering safepoint region: RevokeBias
[2019-06-24T09:20:34.034+0000][1][safepoint    ] Leaving safepoint region
[2019-06-24T09:20:34.034+0000][1][safepoint    ] Total time for which application threads were stopped: 0.0000565 seconds, Stopping threads took: 0.0000318 seconds
[2019-06-24T09:20:34.035+0000][1][safepoint    ] Application time: 0.0000934 seconds
[2019-06-24T09:20:34.035+0000][1][safepoint    ] Entering safepoint region: RevokeBias
[2019-06-24T09:20:34.035+0000][1][safepoint    ] Leaving safepoint region
[2019-06-24T09:20:34.035+0000][1][safepoint    ] Total time for which application threads were stopped: 0.0000666 seconds, Stopping threads took: 0.0000399 seconds
[2019-06-24T09:20:34.035+0000][1][safepoint    ] Application time: 0.0000365 seconds
[2019-06-24T09:20:34.035+0000][1][safepoint    ] Entering safepoint region: RevokeBias
[2019-06-24T09:20:34.035+0000][1][safepoint    ] Leaving safepoint region
[2019-06-24T09:20:34.035+0000][1][safepoint    ] Total time for which application threads were stopped: 0.0000519 seconds, Stopping threads took: 0.0000307 seconds
[2019-06-24T09:20:34.035+0000][1][safepoint    ] Application time: 0.0000405 seconds
[2019-06-24T09:20:34.035+0000][1][safepoint    ] Entering safepoint region: RevokeBias
[2019-06-24T09:20:34.035+0000][1][safepoint    ] Leaving safepoint region
[2019-06-24T09:20:34.035+0000][1][safepoint    ] Total time for which application threads were stopped: 0.0000542 seconds, Stopping threads took: 0.0000313 seconds
[2019-06-24T09:20:34.035+0000][1][safepoint    ] Application time: 0.0000346 seconds
[2019-06-24T09:20:34.035+0000][1][safepoint    ] Entering safepoint region: RevokeBias
[2019-06-24T09:20:34.035+0000][1][safepoint    ] Leaving safepoint region
[2019-06-24T09:20:34.035+0000][1][safepoint    ] Total time for which application threads were stopped: 0.0000538 seconds, Stopping threads took: 0.0000301 seconds
[2019-06-24T09:20:34.035+0000][1][safepoint    ] Application time: 0.0000391 seconds
[2019-06-24T09:20:34.035+0000][1][safepoint    ] Entering safepoint region: RevokeBias
[2019-06-24T09:20:34.035+0000][1][safepoint    ] Leaving safepoint region
[2019-06-24T09:20:34.035+0000][1][safepoint    ] Total time for which application threads were stopped: 0.0000522 seconds, Stopping threads took: 0.0000300 seconds
[2019-06-24T09:20:34.035+0000][1][safepoint    ] Application time: 0.0000346 seconds
[2019-06-24T09:20:34.035+0000][1][safepoint    ] Entering safepoint region: RevokeBias
[2019-06-24T09:20:34.035+0000][1][safepoint    ] Leaving safepoint region
[2019-06-24T09:20:34.035+0000][1][safepoint    ] Total time for which application threads were stopped: 0.0000581 seconds, Stopping threads took: 0.0000310 seconds
[2019-06-24T09:20:34.035+0000][1][safepoint    ] Application time: 0.0000540 seconds
[2019-06-24T09:20:34.035+0000][1][safepoint    ] Entering safepoint region: RevokeBias
[2019-06-24T09:20:34.035+0000][1][safepoint    ] Leaving safepoint region
[2019-06-24T09:20:34.035+0000][1][safepoint    ] Total time for which application threads were stopped: 0.0000547 seconds, Stopping threads took: 0.0000313 seconds
[2019-06-24T09:20:34.035+0000][1][safepoint    ] Application time: 0.0000348 seconds
[2019-06-24T09:20:34.035+0000][1][safepoint    ] Entering safepoint region: RevokeBias
[2019-06-24T09:20:34.035+0000][1][safepoint    ] Leaving safepoint region
[2019-06-24T09:20:34.035+0000][1][safepoint    ] Total time for which application threads were stopped: 0.0000542 seconds, Stopping threads took: 0.0000298 seconds
[2019-06-24T09:20:34.035+0000][1][safepoint    ] Application time: 0.0000598 seconds
[2019-06-24T09:20:34.035+0000][1][safepoint    ] Entering safepoint region: RevokeBias
[2019-06-24T09:20:34.035+0000][1][safepoint    ] Leaving safepoint region
[2019-06-24T09:20:34.035+0000][1][safepoint    ] Total time for which application threads were stopped: 0.0000510 seconds, Stopping threads took: 0.0000301 seconds
[2019-06-24T09:20:34.036+0000][1][safepoint    ] Application time: 0.0000343 seconds
[2019-06-24T09:20:34.036+0000][1][safepoint    ] Entering safepoint region: RevokeBias
[2019-06-24T09:20:34.036+0000][1][safepoint    ] Leaving safepoint region
[2019-06-24T09:20:34.036+0000][1][safepoint    ] Total time for which application threads were stopped: 0.0000539 seconds, Stopping threads took: 0.0000300 seconds
[2019-06-24T09:20:34.036+0000][1][safepoint    ] Application time: 0.0000379 seconds
[2019-06-24T09:20:34.036+0000][1][safepoint    ] Entering safepoint region: RevokeBias
[2019-06-24T09:20:34.036+0000][1][safepoint    ] Leaving safepoint region
[2019-06-24T09:20:34.036+0000][1][safepoint    ] Total time for which application threads were stopped: 0.0000611 seconds, Stopping threads took: 0.0000351 seconds
[2019-06-24T09:20:34.036+0000][1][safepoint    ] Application time: 0.0000341 seconds
[2019-06-24T09:20:34.036+0000][1][safepoint    ] Entering safepoint region: RevokeBias
[2019-06-24T09:20:34.036+0000][1][safepoint    ] Leaving safepoint region
[2019-06-24T09:20:34.036+0000][1][safepoint    ] Total time for which application threads were stopped: 0.0000543 seconds, Stopping threads took: 0.0000309 seconds
[2019-06-24T09:20:34.224+0000][1][safepoint    ] Application time: 0.1883763 seconds
[2019-06-24T09:20:34.224+0000][1][safepoint    ] Entering safepoint region: Deoptimize
[2019-06-24T09:20:34.225+0000][1][safepoint    ] Leaving safepoint region
[2019-06-24T09:20:34.225+0000][1][safepoint    ] Total time for which application threads were stopped: 0.0003697 seconds, Stopping threads took: 0.0000174 seconds
[2019-06-24T09:20:34.322+0000][1][safepoint    ] Application time: 0.0969951 seconds
[2019-06-24T09:20:34.322+0000][1][safepoint    ] Entering safepoint region: RevokeBias
[2019-06-24T09:20:34.322+0000][1][safepoint    ] Leaving safepoint region
[2019-06-24T09:20:34.322+0000][1][safepoint    ] Total time for which application threads were stopped: 0.0001222 seconds, Stopping threads took: 0.0000351 seconds
[2019-06-24T09:20:34.435+0000][1][safepoint    ] Application time: 0.1134439 seconds
[2019-06-24T09:20:34.435+0000][1][safepoint    ] Entering safepoint region: RevokeBias
[2019-06-24T09:20:34.436+0000][1][safepoint    ] Leaving safepoint region
[2019-06-24T09:20:34.436+0000][1][safepoint    ] Total time for which application threads were stopped: 0.0002530 seconds, Stopping threads took: 0.0001304 seconds
[2019-06-24T09:20:34.441+0000][1][safepoint    ] Application time: 0.0052052 seconds
[2019-06-24T09:20:34.441+0000][1][safepoint    ] Entering safepoint region: RevokeBias
[2019-06-24T09:20:34.441+0000][1][safepoint    ] Leaving safepoint region
[2019-06-24T09:20:34.441+0000][1][safepoint    ] Total time for which application threads were stopped: 0.0001021 seconds, Stopping threads took: 0.0000188 seconds
[2019-06-24T09:20:34.443+0000][1][safepoint    ] Application time: 0.0024840 seconds
[2019-06-24T09:20:34.443+0000][1][safepoint    ] Entering safepoint region: RevokeBias
[2019-06-24T09:20:34.443+0000][1][safepoint    ] Leaving safepoint region
[2019-06-24T09:20:34.444+0000][1][safepoint    ] Total time for which application threads were stopped: 0.0000927 seconds, Stopping threads took: 0.0000179 seconds
[2019-06-24T09:20:34.469+0000][1][safepoint    ] Application time: 0.0255933 seconds
[2019-06-24T09:20:34.469+0000][1][safepoint    ] Entering safepoint region: GenCollectForAllocation
[2019-06-24T09:20:34.469+0000][1][gc,start     ] GC(1) Pause Young (Allocation Failure)
[2019-06-24T09:20:34.469+0000][1][gc,task      ] GC(1) Using 5 workers of 8 for evacuation
[2019-06-24T09:20:34.484+0000][1][gc,age       ] GC(1) Desired survivor size 4456448 bytes, new threshold 6 (max threshold 6)
[2019-06-24T09:20:34.484+0000][1][gc,age       ] GC(1) Age table with threshold 6 (max threshold 6)
[2019-06-24T09:20:34.484+0000][1][gc,age       ] GC(1) - age   1:    2434432 bytes,    2434432 total
[2019-06-24T09:20:34.484+0000][1][gc,heap      ] GC(1) ParNew: 77977K->6402K(78656K)
[2019-06-24T09:20:34.484+0000][1][gc,heap      ] GC(1) CMS: 0K->6632K(174784K)
[2019-06-24T09:20:34.484+0000][1][gc,metaspace ] GC(1) Metaspace: 14598K->14598K(1062912K)
[2019-06-24T09:20:34.484+0000][1][gc           ] GC(1) Pause Young (Allocation Failure) 76M->12M(247M) 14.891ms
[2019-06-24T09:20:34.484+0000][1][gc,cpu       ] GC(1) User=0.12s Sys=0.00s Real=0.02s
[2019-06-24T09:20:34.484+0000][1][safepoint    ] Leaving safepoint region
[2019-06-24T09:20:34.484+0000][1][safepoint    ] Total time for which application threads were stopped: 0.0150381 seconds, Stopping threads took: 0.0000170 seconds
[2019-06-24T09:20:34.485+0000][1][safepoint    ] Application time: 0.0002813 seconds
[2019-06-24T09:20:34.485+0000][1][safepoint    ] Entering safepoint region: RevokeBias
[2019-06-24T09:20:34.485+0000][1][safepoint    ] Leaving safepoint region
[2019-06-24T09:20:34.485+0000][1][safepoint    ] Total time for which application threads were stopped: 0.0001129 seconds, Stopping threads took: 0.0000418 seconds
[2019-06-24T09:20:34.485+0000][1][safepoint    ] Application time: 0.0001201 seconds
[2019-06-24T09:20:34.485+0000][1][safepoint    ] Entering safepoint region: RevokeBias
[2019-06-24T09:20:34.485+0000][1][safepoint    ] Leaving safepoint region
[2019-06-24T09:20:34.485+0000][1][safepoint    ] Total time for which application threads were stopped: 0.0000682 seconds, Stopping threads took: 0.0000247 seconds
[2019-06-24T09:20:34.485+0000][1][safepoint    ] Application time: 0.0000554 seconds
[2019-06-24T09:20:34.485+0000][1][safepoint    ] Entering safepoint region: RevokeBias
[2019-06-24T09:20:34.485+0000][1][safepoint    ] Leaving safepoint region
[2019-06-24T09:20:34.485+0000][1][safepoint    ] Total time for which application threads were stopped: 0.0000614 seconds, Stopping threads took: 0.0000316 seconds
[2019-06-24T09:20:34.485+0000][1][safepoint    ] Application time: 0.0000414 seconds
[2019-06-24T09:20:34.485+0000][1][safepoint    ] Entering safepoint region: RevokeBias
[2019-06-24T09:20:34.485+0000][1][safepoint    ] Leaving safepoint region
[2019-06-24T09:20:34.485+0000][1][safepoint    ] Total time for which application threads were stopped: 0.0000544 seconds, Stopping threads took: 0.0000276 seconds
[2019-06-24T09:20:34.485+0000][1][safepoint    ] Application time: 0.0000436 seconds
[2019-06-24T09:20:34.485+0000][1][safepoint    ] Entering safepoint region: RevokeBias
[2019-06-24T09:20:34.485+0000][1][safepoint    ] Leaving safepoint region
[2019-06-24T09:20:34.485+0000][1][safepoint    ] Total time for which application threads were stopped: 0.0000319 seconds, Stopping threads took: 0.0000067 seconds
[2019-06-24T09:20:34.485+0000][1][safepoint    ] Application time: 0.0000359 seconds
[2019-06-24T09:20:34.485+0000][1][safepoint    ] Entering safepoint region: RevokeBias
[2019-06-24T09:20:34.485+0000][1][safepoint    ] Leaving safepoint region
[2019-06-24T09:20:34.485+0000][1][safepoint    ] Total time for which application threads were stopped: 0.0000291 seconds, Stopping threads took: 0.0000061 seconds
[2019-06-24T09:20:34.485+0000][1][safepoint    ] Application time: 0.0000380 seconds
[2019-06-24T09:20:34.485+0000][1][safepoint    ] Entering safepoint region: RevokeBias
[2019-06-24T09:20:34.485+0000][1][safepoint    ] Leaving safepoint region
[2019-06-24T09:20:34.486+0000][1][safepoint    ] Total time for which application threads were stopped: 0.0001691 seconds, Stopping threads took: 0.0001427 seconds
[2019-06-24T09:20:34.486+0000][1][safepoint    ] Application time: 0.0000361 seconds
[2019-06-24T09:20:34.486+0000][1][safepoint    ] Entering safepoint region: RevokeBias
[2019-06-24T09:20:34.486+0000][1][safepoint    ] Leaving safepoint region
[2019-06-24T09:20:34.486+0000][1][safepoint    ] Total time for which application threads were stopped: 0.0000309 seconds, Stopping threads took: 0.0000061 seconds
[2019-06-24T09:20:34.486+0000][1][safepoint    ] Application time: 0.0000381 seconds
[2019-06-24T09:20:34.486+0000][1][safepoint    ] Entering safepoint region: RevokeBias
[2019-06-24T09:20:34.486+0000][1][safepoint    ] Leaving safepoint region
[2019-06-24T09:20:34.486+0000][1][safepoint    ] Total time for which application threads were stopped: 0.0000303 seconds, Stopping threads took: 0.0000060 seconds
[2019-06-24T09:20:34.486+0000][1][safepoint    ] Application time: 0.0000350 seconds
[2019-06-24T09:20:34.486+0000][1][safepoint    ] Entering safepoint region: RevokeBias
[2019-06-24T09:20:34.486+0000][1][safepoint    ] Leaving safepoint region
[2019-06-24T09:20:34.486+0000][1][safepoint    ] Total time for which application threads were stopped: 0.0000570 seconds, Stopping threads took: 0.0000296 seconds
[2019-06-24T09:20:34.486+0000][1][safepoint    ] Application time: 0.0000436 seconds
[2019-06-24T09:20:34.486+0000][1][safepoint    ] Entering safepoint region: BulkRevokeBias
[2019-06-24T09:20:34.486+0000][1][safepoint    ] Leaving safepoint region
[2019-06-24T09:20:34.486+0000][1][safepoint    ] Total time for which application threads were stopped: 0.0001141 seconds, Stopping threads took: 0.0000623 seconds
[2019-06-24T09:20:34.486+0000][1][safepoint    ] Application time: 0.0000368 seconds
[2019-06-24T09:20:34.486+0000][1][safepoint    ] Entering safepoint region: RevokeBias
[2019-06-24T09:20:34.486+0000][1][safepoint    ] Leaving safepoint region
[2019-06-24T09:20:34.486+0000][1][safepoint    ] Total time for which application threads were stopped: 0.0000559 seconds, Stopping threads took: 0.0000296 seconds
[2019-06-24T09:20:34.486+0000][1][safepoint    ] Application time: 0.0000426 seconds
[2019-06-24T09:20:34.486+0000][1][safepoint    ] Entering safepoint region: BulkRevokeBias
[2019-06-24T09:20:34.486+0000][1][safepoint    ] Leaving safepoint region
[2019-06-24T09:20:34.486+0000][1][safepoint    ] Total time for which application threads were stopped: 0.0000936 seconds, Stopping threads took: 0.0000441 seconds
[2019-06-24T09:20:34.609+0000][1][safepoint    ] Application time: 0.1223615 seconds
[2019-06-24T09:20:34.609+0000][1][safepoint    ] Entering safepoint region: GenCollectForAllocation
[2019-06-24T09:20:34.609+0000][1][gc,start     ] GC(2) Pause Young (Allocation Failure)
[2019-06-24T09:20:34.609+0000][1][gc,task      ] GC(2) Using 5 workers of 8 for evacuation
[2019-06-24T09:20:34.612+0000][1][gc,age       ] GC(2) Desired survivor size 4456448 bytes, new threshold 6 (max threshold 6)
[2019-06-24T09:20:34.612+0000][1][gc,age       ] GC(2) Age table with threshold 6 (max threshold 6)
[2019-06-24T09:20:34.612+0000][1][gc,age       ] GC(2) - age   1:    2820088 bytes,    2820088 total
[2019-06-24T09:20:34.612+0000][1][gc,age       ] GC(2) - age   2:    1206696 bytes,    4026784 total
[2019-06-24T09:20:34.612+0000][1][gc,heap      ] GC(2) ParNew: 76354K->5141K(78656K)
[2019-06-24T09:20:34.612+0000][1][gc,heap      ] GC(2) CMS: 6632K->6632K(174784K)
[2019-06-24T09:20:34.612+0000][1][gc,metaspace ] GC(2) Metaspace: 14733K->14733K(1062912K)
[2019-06-24T09:20:34.612+0000][1][gc           ] GC(2) Pause Young (Allocation Failure) 81M->11M(247M) 3.400ms
[2019-06-24T09:20:34.612+0000][1][gc,cpu       ] GC(2) User=0.03s Sys=0.00s Real=0.00s
[2019-06-24T09:20:34.612+0000][1][safepoint    ] Leaving safepoint region
[2019-06-24T09:20:34.612+0000][1][safepoint    ] Total time for which application threads were stopped: 0.0036324 seconds, Stopping threads took: 0.0001102 seconds
[2019-06-24T09:20:34.613+0000][1][safepoint    ] Application time: 0.0002666 seconds
[2019-06-24T09:20:34.613+0000][1][safepoint    ] Entering safepoint region: RevokeBias
[2019-06-24T09:20:34.613+0000][1][safepoint    ] Leaving safepoint region
[2019-06-24T09:20:34.613+0000][1][safepoint    ] Total time for which application threads were stopped: 0.0000965 seconds, Stopping threads took: 0.0000436 seconds
[2019-06-24T09:20:34.613+0000][1][safepoint    ] Application time: 0.0001001 seconds
[2019-06-24T09:20:34.613+0000][1][safepoint    ] Entering safepoint region: RevokeBias
[2019-06-24T09:20:34.613+0000][1][safepoint    ] Leaving safepoint region
[2019-06-24T09:20:34.613+0000][1][safepoint    ] Total time for which application threads were stopped: 0.0000605 seconds, Stopping threads took: 0.0000268 seconds
[2019-06-24T09:20:34.613+0000][1][safepoint    ] Application time: 0.0000995 seconds
[2019-06-24T09:20:34.613+0000][1][safepoint    ] Entering safepoint region: RevokeBias
[2019-06-24T09:20:34.613+0000][1][safepoint    ] Leaving safepoint region
[2019-06-24T09:20:34.613+0000][1][safepoint    ] Total time for which application threads were stopped: 0.0001055 seconds, Stopping threads took: 0.0000696 seconds
[2019-06-24T09:20:34.613+0000][1][safepoint    ] Application time: 0.0001036 seconds
[2019-06-24T09:20:34.613+0000][1][safepoint    ] Entering safepoint region: RevokeBias
[2019-06-24T09:20:34.613+0000][1][safepoint    ] Leaving safepoint region
[2019-06-24T09:20:34.613+0000][1][safepoint    ] Total time for which application threads were stopped: 0.0000549 seconds, Stopping threads took: 0.0000194 seconds
[2019-06-24T09:20:34.613+0000][1][safepoint    ] Application time: 0.0000445 seconds
[2019-06-24T09:20:34.613+0000][1][safepoint    ] Entering safepoint region: RevokeBias
[2019-06-24T09:20:34.613+0000][1][safepoint    ] Leaving safepoint region
[2019-06-24T09:20:34.613+0000][1][safepoint    ] Total time for which application threads were stopped: 0.0000488 seconds, Stopping threads took: 0.0000230 seconds
[2019-06-24T09:20:34.613+0000][1][safepoint    ] Application time: 0.0000380 seconds
[2019-06-24T09:20:34.613+0000][1][safepoint    ] Entering safepoint region: RevokeBias
[2019-06-24T09:20:34.613+0000][1][safepoint    ] Leaving safepoint region
[2019-06-24T09:20:34.613+0000][1][safepoint    ] Total time for which application threads were stopped: 0.0000523 seconds, Stopping threads took: 0.0000210 seconds
[2019-06-24T09:20:34.728+0000][1][safepoint    ] Application time: 0.1145852 seconds
[2019-06-24T09:20:34.728+0000][1][safepoint    ] Entering safepoint region: Deoptimize
[2019-06-24T09:20:34.728+0000][1][safepoint    ] Leaving safepoint region
[2019-06-24T09:20:34.728+0000][1][safepoint    ] Total time for which application threads were stopped: 0.0003551 seconds, Stopping threads took: 0.0000189 seconds
[2019-06-24T09:20:34.729+0000][1][safepoint    ] Application time: 0.0005084 seconds
[2019-06-24T09:20:34.729+0000][1][safepoint    ] Entering safepoint region: Deoptimize
[2019-06-24T09:20:34.729+0000][1][safepoint    ] Leaving safepoint region
[2019-06-24T09:20:34.729+0000][1][safepoint    ] Total time for which application threads were stopped: 0.0002915 seconds, Stopping threads took: 0.0000129 seconds
[2019-06-24T09:20:34.877+0000][1][safepoint    ] Application time: 0.1472778 seconds
[2019-06-24T09:20:34.877+0000][1][safepoint    ] Entering safepoint region: RevokeBias
[2019-06-24T09:20:34.877+0000][1][safepoint    ] Leaving safepoint region
[2019-06-24T09:20:34.877+0000][1][safepoint    ] Total time for which application threads were stopped: 0.0001408 seconds, Stopping threads took: 0.0000153 seconds
[2019-06-24T09:20:34.905+0000][1][safepoint    ] Application time: 0.0286363 seconds
[2019-06-24T09:20:34.905+0000][1][safepoint    ] Entering safepoint region: GenCollectForAllocation
[2019-06-24T09:20:34.905+0000][1][gc,start     ] GC(3) Pause Young (Allocation Failure)
[2019-06-24T09:20:34.906+0000][1][gc,task      ] GC(3) Using 5 workers of 8 for evacuation
[2019-06-24T09:20:34.909+0000][1][gc,age       ] GC(3) Desired survivor size 4456448 bytes, new threshold 3 (max threshold 6)
[2019-06-24T09:20:34.909+0000][1][gc,age       ] GC(3) Age table with threshold 3 (max threshold 6)
[2019-06-24T09:20:34.909+0000][1][gc,age       ] GC(3) - age   1:    3819896 bytes,    3819896 total
[2019-06-24T09:20:34.909+0000][1][gc,age       ] GC(3) - age   2:     294416 bytes,    4114312 total
[2019-06-24T09:20:34.909+0000][1][gc,age       ] GC(3) - age   3:    1203792 bytes,    5318104 total
[2019-06-24T09:20:34.909+0000][1][gc,heap      ] GC(3) ParNew: 75093K->7047K(78656K)
[2019-06-24T09:20:34.909+0000][1][gc,heap      ] GC(3) CMS: 6632K->6632K(174784K)
[2019-06-24T09:20:34.909+0000][1][gc,metaspace ] GC(3) Metaspace: 18162K->18162K(1067008K)
[2019-06-24T09:20:34.909+0000][1][gc           ] GC(3) Pause Young (Allocation Failure) 79M->13M(247M) 3.482ms
[2019-06-24T09:20:34.909+0000][1][gc,cpu       ] GC(3) User=0.03s Sys=0.00s Real=0.00s
[2019-06-24T09:20:34.909+0000][1][safepoint    ] Leaving safepoint region
[2019-06-24T09:20:34.909+0000][1][safepoint    ] Total time for which application threads were stopped: 0.0036307 seconds, Stopping threads took: 0.0000170 seconds
[2019-06-24T09:20:34.909+0000][1][safepoint    ] Application time: 0.0002805 seconds
[2019-06-24T09:20:34.909+0000][1][safepoint    ] Entering safepoint region: RevokeBias
[2019-06-24T09:20:34.909+0000][1][safepoint    ] Leaving safepoint region
[2019-06-24T09:20:34.910+0000][1][safepoint    ] Total time for which application threads were stopped: 0.0001595 seconds, Stopping threads took: 0.0000543 seconds
[2019-06-24T09:20:34.910+0000][1][safepoint    ] Application time: 0.0000489 seconds
[2019-06-24T09:20:34.910+0000][1][safepoint    ] Entering safepoint region: RevokeBias
[2019-06-24T09:20:34.910+0000][1][safepoint    ] Leaving safepoint region
[2019-06-24T09:20:34.910+0000][1][safepoint    ] Total time for which application threads were stopped: 0.0003720 seconds, Stopping threads took: 0.0003344 seconds
[2019-06-24T09:20:34.910+0000][1][safepoint    ] Application time: 0.0000532 seconds
[2019-06-24T09:20:34.910+0000][1][safepoint    ] Entering safepoint region: RevokeBias
[2019-06-24T09:20:34.910+0000][1][safepoint    ] Leaving safepoint region
[2019-06-24T09:20:34.910+0000][1][safepoint    ] Total time for which application threads were stopped: 0.0000990 seconds, Stopping threads took: 0.0000704 seconds
[2019-06-24T09:20:34.910+0000][1][safepoint    ] Application time: 0.0000370 seconds
[2019-06-24T09:20:34.910+0000][1][safepoint    ] Entering safepoint region: RevokeBias
[2019-06-24T09:20:34.910+0000][1][safepoint    ] Leaving safepoint region
[2019-06-24T09:20:34.910+0000][1][safepoint    ] Total time for which application threads were stopped: 0.0000320 seconds, Stopping threads took: 0.0000068 seconds
[2019-06-24T09:20:34.910+0000][1][safepoint    ] Application time: 0.0000389 seconds
[2019-06-24T09:20:34.910+0000][1][safepoint    ] Entering safepoint region: RevokeBias
[2019-06-24T09:20:34.910+0000][1][safepoint    ] Leaving safepoint region
[2019-06-24T09:20:34.910+0000][1][safepoint    ] Total time for which application threads were stopped: 0.0000294 seconds, Stopping threads took: 0.0000065 seconds
[2019-06-24T09:20:34.910+0000][1][safepoint    ] Application time: 0.0000352 seconds
[2019-06-24T09:20:34.910+0000][1][safepoint    ] Entering safepoint region: RevokeBias
[2019-06-24T09:20:34.910+0000][1][safepoint    ] Leaving safepoint region
[2019-06-24T09:20:34.910+0000][1][safepoint    ] Total time for which application threads were stopped: 0.0000931 seconds, Stopping threads took: 0.0000480 seconds
[2019-06-24T09:20:34.910+0000][1][safepoint    ] Application time: 0.0000382 seconds
[2019-06-24T09:20:34.911+0000][1][safepoint    ] Entering safepoint region: RevokeBias
[2019-06-24T09:20:34.911+0000][1][safepoint    ] Leaving safepoint region
[2019-06-24T09:20:34.911+0000][1][safepoint    ] Total time for which application threads were stopped: 0.0000679 seconds, Stopping threads took: 0.0000376 seconds
[2019-06-24T09:20:34.911+0000][1][safepoint    ] Application time: 0.0000358 seconds
[2019-06-24T09:20:34.911+0000][1][safepoint    ] Entering safepoint region: RevokeBias
[2019-06-24T09:20:34.911+0000][1][safepoint    ] Leaving safepoint region
[2019-06-24T09:20:34.911+0000][1][safepoint    ] Total time for which application threads were stopped: 0.0000493 seconds, Stopping threads took: 0.0000236 seconds
[2019-06-24T09:20:34.911+0000][1][safepoint    ] Application time: 0.0000391 seconds
[2019-06-24T09:20:34.911+0000][1][safepoint    ] Entering safepoint region: RevokeBias
[2019-06-24T09:20:34.911+0000][1][safepoint    ] Leaving safepoint region
[2019-06-24T09:20:34.911+0000][1][safepoint    ] Total time for which application threads were stopped: 0.0000546 seconds, Stopping threads took: 0.0000230 seconds
[2019-06-24T09:20:34.911+0000][1][safepoint    ] Application time: 0.0000336 seconds
[2019-06-24T09:20:34.911+0000][1][safepoint    ] Entering safepoint region: RevokeBias
[2019-06-24T09:20:34.911+0000][1][safepoint    ] Leaving safepoint region
[2019-06-24T09:20:34.911+0000][1][safepoint    ] Total time for which application threads were stopped: 0.0000611 seconds, Stopping threads took: 0.0000220 seconds
[2019-06-24T09:20:34.911+0000][1][safepoint    ] Application time: 0.0000381 seconds
[2019-06-24T09:20:34.911+0000][1][safepoint    ] Entering safepoint region: RevokeBias
[2019-06-24T09:20:34.911+0000][1][safepoint    ] Leaving safepoint region
[2019-06-24T09:20:34.911+0000][1][safepoint    ] Total time for which application threads were stopped: 0.0000602 seconds, Stopping threads took: 0.0000334 seconds
[2019-06-24T09:20:34.911+0000][1][safepoint    ] Application time: 0.0000369 seconds
[2019-06-24T09:20:34.911+0000][1][safepoint    ] Entering safepoint region: RevokeBias
[2019-06-24T09:20:34.911+0000][1][safepoint    ] Leaving safepoint region
[2019-06-24T09:20:34.911+0000][1][safepoint    ] Total time for which application threads were stopped: 0.0001649 seconds, Stopping threads took: 0.0001378 seconds
[2019-06-24T09:20:34.911+0000][1][safepoint    ] Application time: 0.0001398 seconds
[2019-06-24T09:20:34.911+0000][1][safepoint    ] Entering safepoint region: RevokeBias
[2019-06-24T09:20:34.911+0000][1][safepoint    ] Leaving safepoint region
[2019-06-24T09:20:34.911+0000][1][safepoint    ] Total time for which application threads were stopped: 0.0000517 seconds, Stopping threads took: 0.0000235 seconds
[2019-06-24T09:20:34.911+0000][1][safepoint    ] Application time: 0.0000374 seconds
[2019-06-24T09:20:34.911+0000][1][safepoint    ] Entering safepoint region: RevokeBias
[2019-06-24T09:20:34.912+0000][1][safepoint    ] Leaving safepoint region
[2019-06-24T09:20:34.912+0000][1][safepoint    ] Total time for which application threads were stopped: 0.0000863 seconds, Stopping threads took: 0.0000420 seconds
[2019-06-24T09:20:34.912+0000][1][safepoint    ] Application time: 0.0000402 seconds
[2019-06-24T09:20:34.912+0000][1][safepoint    ] Entering safepoint region: RevokeBias
[2019-06-24T09:20:34.912+0000][1][safepoint    ] Leaving safepoint region
[2019-06-24T09:20:34.912+0000][1][safepoint    ] Total time for which application threads were stopped: 0.0000896 seconds, Stopping threads took: 0.0000422 seconds
[2019-06-24T09:20:34.912+0000][1][safepoint    ] Application time: 0.0000345 seconds
[2019-06-24T09:20:34.912+0000][1][safepoint    ] Entering safepoint region: RevokeBias
[2019-06-24T09:20:34.912+0000][1][safepoint    ] Leaving safepoint region
[2019-06-24T09:20:34.912+0000][1][safepoint    ] Total time for which application threads were stopped: 0.0000324 seconds, Stopping threads took: 0.0000069 seconds
[2019-06-24T09:20:34.912+0000][1][safepoint    ] Application time: 0.0001070 seconds
[2019-06-24T09:20:34.912+0000][1][safepoint    ] Entering safepoint region: RevokeBias
[2019-06-24T09:20:34.912+0000][1][safepoint    ] Leaving safepoint region
[2019-06-24T09:20:34.912+0000][1][safepoint    ] Total time for which application threads were stopped: 0.0000514 seconds, Stopping threads took: 0.0000245 seconds
[2019-06-24T09:20:34.912+0000][1][safepoint    ] Application time: 0.0000386 seconds
[2019-06-24T09:20:34.912+0000][1][safepoint    ] Entering safepoint region: RevokeBias
[2019-06-24T09:20:34.912+0000][1][safepoint    ] Leaving safepoint region
[2019-06-24T09:20:34.912+0000][1][safepoint    ] Total time for which application threads were stopped: 0.0001417 seconds, Stopping threads took: 0.0001049 seconds
[2019-06-24T09:20:34.912+0000][1][safepoint    ] Application time: 0.0000369 seconds
[2019-06-24T09:20:34.912+0000][1][safepoint    ] Entering safepoint region: RevokeBias
[2019-06-24T09:20:34.912+0000][1][safepoint    ] Leaving safepoint region
[2019-06-24T09:20:34.912+0000][1][safepoint    ] Total time for which application threads were stopped: 0.0000618 seconds, Stopping threads took: 0.0000313 seconds
[2019-06-24T09:20:34.912+0000][1][safepoint    ] Application time: 0.0000389 seconds
[2019-06-24T09:20:34.912+0000][1][safepoint    ] Entering safepoint region: RevokeBias
[2019-06-24T09:20:34.912+0000][1][safepoint    ] Leaving safepoint region
[2019-06-24T09:20:34.912+0000][1][safepoint    ] Total time for which application threads were stopped: 0.0000369 seconds, Stopping threads took: 0.0000066 seconds
[2019-06-24T09:20:34.912+0000][1][safepoint    ] Application time: 0.0000355 seconds
[2019-06-24T09:20:34.912+0000][1][safepoint    ] Entering safepoint region: RevokeBias
[2019-06-24T09:20:34.912+0000][1][safepoint    ] Leaving safepoint region
[2019-06-24T09:20:34.912+0000][1][safepoint    ] Total time for which application threads were stopped: 0.0000444 seconds, Stopping threads took: 0.0000147 seconds
[2019-06-24T09:20:34.998+0000][1][safepoint    ] Application time: 0.0852694 seconds
[2019-06-24T09:20:34.998+0000][1][safepoint    ] Entering safepoint region: GenCollectForAllocation
[2019-06-24T09:20:34.998+0000][1][gc,start     ] GC(4) Pause Young (Allocation Failure)
[2019-06-24T09:20:34.998+0000][1][gc,task      ] GC(4) Using 5 workers of 8 for evacuation
[2019-06-24T09:20:35.003+0000][1][gc,age       ] GC(4) Desired survivor size 4456448 bytes, new threshold 2 (max threshold 6)
[2019-06-24T09:20:35.003+0000][1][gc,age       ] GC(4) Age table with threshold 2 (max threshold 6)
[2019-06-24T09:20:35.003+0000][1][gc,age       ] GC(4) - age   1:    1798560 bytes,    1798560 total
[2019-06-24T09:20:35.003+0000][1][gc,age       ] GC(4) - age   2:    3329256 bytes,    5127816 total
[2019-06-24T09:20:35.003+0000][1][gc,age       ] GC(4) - age   3:     293888 bytes,    5421704 total
[2019-06-24T09:20:35.003+0000][1][gc,heap      ] GC(4) ParNew: 76999K->7112K(78656K)
[2019-06-24T09:20:35.003+0000][1][gc,heap      ] GC(4) CMS: 6632K->7825K(174784K)
[2019-06-24T09:20:35.003+0000][1][gc,metaspace ] GC(4) Metaspace: 18372K->18372K(1067008K)
[2019-06-24T09:20:35.003+0000][1][gc           ] GC(4) Pause Young (Allocation Failure) 81M->14M(247M) 4.915ms
[2019-06-24T09:20:35.003+0000][1][gc,cpu       ] GC(4) User=0.05s Sys=0.00s Real=0.01s
[2019-06-24T09:20:35.003+0000][1][safepoint    ] Leaving safepoint region
[2019-06-24T09:20:35.003+0000][1][safepoint    ] Total time for which application threads were stopped: 0.0050638 seconds, Stopping threads took: 0.0000136 seconds
[2019-06-24T09:20:35.003+0000][1][safepoint    ] Application time: 0.0001247 seconds
[2019-06-24T09:20:35.003+0000][1][safepoint    ] Entering safepoint region: RevokeBias
[2019-06-24T09:20:35.003+0000][1][safepoint    ] Leaving safepoint region
[2019-06-24T09:20:35.003+0000][1][safepoint    ] Total time for which application threads were stopped: 0.0000871 seconds, Stopping threads took: 0.0000434 seconds
[2019-06-24T09:20:35.003+0000][1][safepoint    ] Application time: 0.0000446 seconds
[2019-06-24T09:20:35.003+0000][1][safepoint    ] Entering safepoint region: RevokeBias
[2019-06-24T09:20:35.003+0000][1][safepoint    ] Leaving safepoint region
[2019-06-24T09:20:35.003+0000][1][safepoint    ] Total time for which application threads were stopped: 0.0000574 seconds, Stopping threads took: 0.0000286 seconds
[2019-06-24T09:20:35.003+0000][1][safepoint    ] Application time: 0.0000485 seconds
[2019-06-24T09:20:35.003+0000][1][safepoint    ] Entering safepoint region: RevokeBias
[2019-06-24T09:20:35.003+0000][1][safepoint    ] Leaving safepoint region
[2019-06-24T09:20:35.003+0000][1][safepoint    ] Total time for which application threads were stopped: 0.0000579 seconds, Stopping threads took: 0.0000284 seconds
[2019-06-24T09:20:35.003+0000][1][safepoint    ] Application time: 0.0000416 seconds
[2019-06-24T09:20:35.003+0000][1][safepoint    ] Entering safepoint region: RevokeBias
[2019-06-24T09:20:35.003+0000][1][safepoint    ] Leaving safepoint region
[2019-06-24T09:20:35.003+0000][1][safepoint    ] Total time for which application threads were stopped: 0.0000539 seconds, Stopping threads took: 0.0000268 seconds
[2019-06-24T09:20:35.019+0000][1][safepoint    ] Application time: 0.0152273 seconds
[2019-06-24T09:20:35.019+0000][1][safepoint    ] Entering safepoint region: Deoptimize
[2019-06-24T09:20:35.019+0000][1][safepoint    ] Leaving safepoint region
[2019-06-24T09:20:35.019+0000][1][safepoint    ] Total time for which application threads were stopped: 0.0002790 seconds, Stopping threads took: 0.0000108 seconds
[2019-06-24T09:20:35.057+0000][1][safepoint    ] Application time: 0.0376289 seconds
[2019-06-24T09:20:35.057+0000][1][safepoint    ] Entering safepoint region: Deoptimize
[2019-06-24T09:20:35.057+0000][1][safepoint    ] Leaving safepoint region
[2019-06-24T09:20:35.057+0000][1][safepoint    ] Total time for which application threads were stopped: 0.0002847 seconds, Stopping threads took: 0.0000106 seconds
[2019-06-24T09:20:35.060+0000][1][safepoint    ] Application time: 0.0034896 seconds
[2019-06-24T09:20:35.060+0000][1][safepoint    ] Entering safepoint region: RevokeBias
[2019-06-24T09:20:35.060+0000][1][safepoint    ] Leaving safepoint region
[2019-06-24T09:20:35.061+0000][1][safepoint    ] Total time for which application threads were stopped: 0.0000718 seconds, Stopping threads took: 0.0000116 seconds
[2019-06-24T09:20:35.133+0000][1][safepoint    ] Application time: 0.0722063 seconds
[2019-06-24T09:20:35.133+0000][1][safepoint    ] Entering safepoint region: GenCollectForAllocation
[2019-06-24T09:20:35.133+0000][1][gc,start     ] GC(5) Pause Young (Allocation Failure)
[2019-06-24T09:20:35.133+0000][1][gc,task      ] GC(5) Using 5 workers of 8 for evacuation
[2019-06-24T09:20:35.137+0000][1][gc,age       ] GC(5) Desired survivor size 4456448 bytes, new threshold 6 (max threshold 6)
[2019-06-24T09:20:35.137+0000][1][gc,age       ] GC(5) Age table with threshold 6 (max threshold 6)
[2019-06-24T09:20:35.137+0000][1][gc,age       ] GC(5) - age   1:    2833328 bytes,    2833328 total
[2019-06-24T09:20:35.137+0000][1][gc,age       ] GC(5) - age   2:     442960 bytes,    3276288 total
[2019-06-24T09:20:35.137+0000][1][gc,heap      ] GC(5) ParNew: 77064K->6098K(78656K)
[2019-06-24T09:20:35.137+0000][1][gc,heap      ] GC(5) CMS: 7825K->11394K(174784K)
[2019-06-24T09:20:35.137+0000][1][gc,metaspace ] GC(5) Metaspace: 18721K->18721K(1067008K)
[2019-06-24T09:20:35.137+0000][1][gc           ] GC(5) Pause Young (Allocation Failure) 82M->17M(247M) 4.448ms
[2019-06-24T09:20:35.137+0000][1][gc,cpu       ] GC(5) User=0.03s Sys=0.00s Real=0.01s
[2019-06-24T09:20:35.137+0000][1][safepoint    ] Leaving safepoint region
[2019-06-24T09:20:35.137+0000][1][safepoint    ] Total time for which application threads were stopped: 0.0045693 seconds, Stopping threads took: 0.0000127 seconds
[2019-06-24T09:20:35.137+0000][1][safepoint    ] Application time: 0.0001233 seconds
[2019-06-24T09:20:35.138+0000][1][safepoint    ] Entering safepoint region: RevokeBias
[2019-06-24T09:20:35.138+0000][1][safepoint    ] Leaving safepoint region
[2019-06-24T09:20:35.138+0000][1][safepoint    ] Total time for which application threads were stopped: 0.0000926 seconds, Stopping threads took: 0.0000508 seconds
[2019-06-24T09:20:35.138+0000][1][safepoint    ] Application time: 0.0000433 seconds
[2019-06-24T09:20:35.138+0000][1][safepoint    ] Entering safepoint region: RevokeBias
[2019-06-24T09:20:35.138+0000][1][safepoint    ] Leaving safepoint region
[2019-06-24T09:20:35.138+0000][1][safepoint    ] Total time for which application threads were stopped: 0.0000593 seconds, Stopping threads took: 0.0000275 seconds
[2019-06-24T09:20:35.138+0000][1][safepoint    ] Application time: 0.0000546 seconds
[2019-06-24T09:20:35.138+0000][1][safepoint    ] Entering safepoint region: RevokeBias
[2019-06-24T09:20:35.138+0000][1][safepoint    ] Leaving safepoint region
[2019-06-24T09:20:35.138+0000][1][safepoint    ] Total time for which application threads were stopped: 0.0000525 seconds, Stopping threads took: 0.0000266 seconds
[2019-06-24T09:20:35.138+0000][1][safepoint    ] Application time: 0.0000389 seconds
[2019-06-24T09:20:35.138+0000][1][safepoint    ] Entering safepoint region: RevokeBias
[2019-06-24T09:20:35.138+0000][1][safepoint    ] Leaving safepoint region
[2019-06-24T09:20:35.138+0000][1][safepoint    ] Total time for which application threads were stopped: 0.0000680 seconds, Stopping threads took: 0.0000406 seconds
[2019-06-24T09:20:35.138+0000][1][safepoint    ] Application time: 0.0000443 seconds
[2019-06-24T09:20:35.138+0000][1][safepoint    ] Entering safepoint region: RevokeBias
[2019-06-24T09:20:35.138+0000][1][safepoint    ] Leaving safepoint region
[2019-06-24T09:20:35.138+0000][1][safepoint    ] Total time for which application threads were stopped: 0.0000560 seconds, Stopping threads took: 0.0000260 seconds
[2019-06-24T09:20:35.138+0000][1][safepoint    ] Application time: 0.0000398 seconds
[2019-06-24T09:20:35.138+0000][1][safepoint    ] Entering safepoint region: RevokeBias
[2019-06-24T09:20:35.138+0000][1][safepoint    ] Leaving safepoint region
[2019-06-24T09:20:35.138+0000][1][safepoint    ] Total time for which application threads were stopped: 0.0000561 seconds, Stopping threads took: 0.0000262 seconds
[2019-06-24T09:20:35.213+0000][1][safepoint    ] Application time: 0.0745377 seconds
[2019-06-24T09:20:35.213+0000][1][safepoint    ] Entering safepoint region: RevokeBias
[2019-06-24T09:20:35.213+0000][1][safepoint    ] Leaving safepoint region
[2019-06-24T09:20:35.213+0000][1][safepoint    ] Total time for which application threads were stopped: 0.0000625 seconds, Stopping threads took: 0.0000115 seconds
[2019-06-24T09:20:35.213+0000][1][safepoint    ] Application time: 0.0001323 seconds
[2019-06-24T09:20:35.213+0000][1][safepoint    ] Entering safepoint region: BulkRevokeBias
[2019-06-24T09:20:35.213+0000][1][safepoint    ] Leaving safepoint region
[2019-06-24T09:20:35.213+0000][1][safepoint    ] Total time for which application threads were stopped: 0.0000833 seconds, Stopping threads took: 0.0000078 seconds
[2019-06-24T09:20:35.237+0000][1][safepoint    ] Application time: 0.0237876 seconds
[2019-06-24T09:20:35.237+0000][1][safepoint    ] Entering safepoint region: GenCollectForAllocation
[2019-06-24T09:20:35.237+0000][1][gc,start     ] GC(6) Pause Young (Allocation Failure)
[2019-06-24T09:20:35.237+0000][1][gc,task      ] GC(6) Using 5 workers of 8 for evacuation
[2019-06-24T09:20:35.239+0000][1][gc,age       ] GC(6) Desired survivor size 4456448 bytes, new threshold 3 (max threshold 6)
[2019-06-24T09:20:35.239+0000][1][gc,age       ] GC(6) Age table with threshold 3 (max threshold 6)
[2019-06-24T09:20:35.239+0000][1][gc,age       ] GC(6) - age   1:    1872696 bytes,    1872696 total
[2019-06-24T09:20:35.239+0000][1][gc,age       ] GC(6) - age   2:    2194464 bytes,    4067160 total
[2019-06-24T09:20:35.239+0000][1][gc,age       ] GC(6) - age   3:     442960 bytes,    4510120 total
[2019-06-24T09:20:35.239+0000][1][gc,heap      ] GC(6) ParNew: 76050K->5863K(78656K)
[2019-06-24T09:20:35.239+0000][1][gc,heap      ] GC(6) CMS: 11394K->11394K(174784K)
[2019-06-24T09:20:35.239+0000][1][gc,metaspace ] GC(6) Metaspace: 19028K->19028K(1067008K)
[2019-06-24T09:20:35.239+0000][1][gc           ] GC(6) Pause Young (Allocation Failure) 85M->16M(247M) 2.526ms
[2019-06-24T09:20:35.239+0000][1][gc,cpu       ] GC(6) User=0.03s Sys=0.00s Real=0.00s
[2019-06-24T09:20:35.239+0000][1][safepoint    ] Leaving safepoint region
[2019-06-24T09:20:35.239+0000][1][safepoint    ] Total time for which application threads were stopped: 0.0026279 seconds, Stopping threads took: 0.0000115 seconds
[2019-06-24T09:20:35.240+0000][1][safepoint    ] Application time: 0.0001163 seconds
[2019-06-24T09:20:35.240+0000][1][safepoint    ] Entering safepoint region: BulkRevokeBias
[2019-06-24T09:20:35.240+0000][1][safepoint    ] Leaving safepoint region
[2019-06-24T09:20:35.240+0000][1][safepoint    ] Total time for which application threads were stopped: 0.0001133 seconds, Stopping threads took: 0.0000498 seconds
[2019-06-24T09:20:35.394+0000][1][safepoint    ] Application time: 0.1543097 seconds
[2019-06-24T09:20:35.394+0000][1][safepoint    ] Entering safepoint region: CollectForMetadataAllocation
[2019-06-24T09:20:35.394+0000][1][safepoint    ] Leaving safepoint region
[2019-06-24T09:20:35.394+0000][1][safepoint    ] Total time for which application threads were stopped: 0.0001953 seconds, Stopping threads took: 0.0000369 seconds
[2019-06-24T09:20:35.396+0000][1][safepoint    ] Application time: 0.0016099 seconds
[2019-06-24T09:20:35.396+0000][1][safepoint    ] Entering safepoint region: GenCollectForAllocation
[2019-06-24T09:20:35.396+0000][1][gc,start     ] GC(7) Pause Young (Allocation Failure)
[2019-06-24T09:20:35.396+0000][1][gc,task      ] GC(7) Using 5 workers of 8 for evacuation
[2019-06-24T09:20:35.398+0000][1][gc,age       ] GC(7) Desired survivor size 4456448 bytes, new threshold 6 (max threshold 6)
[2019-06-24T09:20:35.398+0000][1][gc,age       ] GC(7) Age table with threshold 6 (max threshold 6)
[2019-06-24T09:20:35.398+0000][1][gc,age       ] GC(7) - age   1:     729688 bytes,     729688 total
[2019-06-24T09:20:35.398+0000][1][gc,age       ] GC(7) - age   2:    1129608 bytes,    1859296 total
[2019-06-24T09:20:35.398+0000][1][gc,age       ] GC(7) - age   3:    2192560 bytes,    4051856 total
[2019-06-24T09:20:35.398+0000][1][gc,heap      ] GC(7) ParNew: 75815K->5166K(78656K)
[2019-06-24T09:20:35.398+0000][1][gc,heap      ] GC(7) CMS: 11394K->11831K(174784K)
[2019-06-24T09:20:35.398+0000][1][gc,metaspace ] GC(7) Metaspace: 20054K->20054K(1069056K)
[2019-06-24T09:20:35.398+0000][1][gc           ] GC(7) Pause Young (Allocation Failure) 85M->16M(247M) 2.180ms
[2019-06-24T09:20:35.398+0000][1][gc,cpu       ] GC(7) User=0.01s Sys=0.00s Real=0.00s
[2019-06-24T09:20:35.398+0000][1][safepoint    ] Leaving safepoint region
[2019-06-24T09:20:35.398+0000][1][safepoint    ] Total time for which application threads were stopped: 0.0022769 seconds, Stopping threads took: 0.0000112 seconds
[2019-06-24T09:20:35.398+0000][1][safepoint    ] Application time: 0.0001042 seconds
[2019-06-24T09:20:35.398+0000][1][safepoint    ] Entering safepoint region: CMS_Initial_Mark
[2019-06-24T09:20:35.398+0000][1][gc,start     ] GC(8) Pause Initial Mark
[2019-06-24T09:20:35.399+0000][1][gc           ] GC(8) Pause Initial Mark 17M->17M(247M) 0.689ms
[2019-06-24T09:20:35.399+0000][1][gc,cpu       ] GC(8) User=0.01s Sys=0.00s Real=0.00s
[2019-06-24T09:20:35.399+0000][1][safepoint    ] Leaving safepoint region
[2019-06-24T09:20:35.399+0000][1][safepoint    ] Total time for which application threads were stopped: 0.0008577 seconds, Stopping threads took: 0.0001033 seconds
[2019-06-24T09:20:35.399+0000][1][gc           ] GC(8) Concurrent Mark
[2019-06-24T09:20:35.399+0000][1][gc,task      ] GC(8) Using 2 workers of 2 for marking
[2019-06-24T09:20:35.409+0000][1][gc           ] GC(8) Concurrent Mark 9.658ms
[2019-06-24T09:20:35.409+0000][1][gc,cpu       ] GC(8) User=0.05s Sys=0.01s Real=0.01s
[2019-06-24T09:20:35.409+0000][1][gc           ] GC(8) Concurrent Preclean
[2019-06-24T09:20:35.410+0000][1][gc           ] GC(8) Concurrent Preclean 0.852ms
[2019-06-24T09:20:35.410+0000][1][gc,cpu       ] GC(8) User=0.00s Sys=0.00s Real=0.00s
[2019-06-24T09:20:35.410+0000][1][gc           ] GC(8) Concurrent Abortable Preclean
[2019-06-24T09:20:35.480+0000][1][safepoint    ] Application time: 0.0809702 seconds
[2019-06-24T09:20:35.480+0000][1][safepoint    ] Entering safepoint region: GenCollectForAllocation
[2019-06-24T09:20:35.480+0000][1][gc,start     ] GC(9) Pause Young (Allocation Failure)
[2019-06-24T09:20:35.480+0000][1][gc,task      ] GC(9) Using 5 workers of 8 for evacuation
[2019-06-24T09:20:35.483+0000][1][gc,age       ] GC(9) Desired survivor size 4456448 bytes, new threshold 4 (max threshold 6)
[2019-06-24T09:20:35.483+0000][1][gc,age       ] GC(9) Age table with threshold 4 (max threshold 6)
[2019-06-24T09:20:35.483+0000][1][gc,age       ] GC(9) - age   1:    1047368 bytes,    1047368 total
[2019-06-24T09:20:35.483+0000][1][gc,age       ] GC(9) - age   2:     710120 bytes,    1757488 total
[2019-06-24T09:20:35.483+0000][1][gc,age       ] GC(9) - age   3:    1129512 bytes,    2887000 total
[2019-06-24T09:20:35.483+0000][1][gc,age       ] GC(9) - age   4:    2192168 bytes,    5079168 total
[2019-06-24T09:20:35.483+0000][1][gc,heap      ] GC(9) ParNew: 75118K->5711K(78656K)
[2019-06-24T09:20:35.483+0000][1][gc,heap      ] GC(9) CMS: 11831K->11831K(174784K)
[2019-06-24T09:20:35.483+0000][1][gc,metaspace ] GC(9) Metaspace: 20081K->20081K(1069056K)
[2019-06-24T09:20:35.483+0000][1][gc           ] GC(9) Pause Young (Allocation Failure) 84M->17M(247M) 3.110ms
[2019-06-24T09:20:35.483+0000][1][gc,cpu       ] GC(9) User=0.03s Sys=0.00s Real=0.01s
[2019-06-24T09:20:35.483+0000][1][safepoint    ] Leaving safepoint region
[2019-06-24T09:20:35.483+0000][1][safepoint    ] Total time for which application threads were stopped: 0.0032289 seconds, Stopping threads took: 0.0000133 seconds
[2019-06-24T09:20:35.556+0000][1][safepoint    ] Application time: 0.0723509 seconds
[2019-06-24T09:20:35.556+0000][1][safepoint    ] Entering safepoint region: GenCollectForAllocation
[2019-06-24T09:20:35.556+0000][1][gc,start     ] GC(10) Pause Young (Allocation Failure)
[2019-06-24T09:20:35.556+0000][1][gc,task      ] GC(10) Using 5 workers of 8 for evacuation
[2019-06-24T09:20:35.560+0000][1][gc,age       ] GC(10) Desired survivor size 4456448 bytes, new threshold 6 (max threshold 6)
[2019-06-24T09:20:35.560+0000][1][gc,age       ] GC(10) Age table with threshold 6 (max threshold 6)
[2019-06-24T09:20:35.560+0000][1][gc,age       ] GC(10) - age   1:     930224 bytes,     930224 total
[2019-06-24T09:20:35.560+0000][1][gc,age       ] GC(10) - age   2:     290512 bytes,    1220736 total
[2019-06-24T09:20:35.560+0000][1][gc,age       ] GC(10) - age   3:     710000 bytes,    1930736 total
[2019-06-24T09:20:35.560+0000][1][gc,age       ] GC(10) - age   4:    1129512 bytes,    3060248 total
[2019-06-24T09:20:35.560+0000][1][gc,heap      ] GC(10) ParNew: 75663K->5212K(78656K)
[2019-06-24T09:20:35.560+0000][1][gc,heap      ] GC(10) CMS: 11831K->13986K(174784K)
[2019-06-24T09:20:35.560+0000][1][gc,metaspace ] GC(10) Metaspace: 20198K->20198K(1069056K)
[2019-06-24T09:20:35.560+0000][1][gc           ] GC(10) Pause Young (Allocation Failure) 85M->18M(247M) 3.997ms
[2019-06-24T09:20:35.560+0000][1][gc,cpu       ] GC(10) User=0.03s Sys=0.00s Real=0.00s
[2019-06-24T09:20:35.560+0000][1][safepoint    ] Leaving safepoint region
[2019-06-24T09:20:35.560+0000][1][safepoint    ] Total time for which application threads were stopped: 0.0041122 seconds, Stopping threads took: 0.0000228 seconds
[2019-06-24T09:20:35.560+0000][1][gc           ] GC(8) Concurrent Abortable Preclean 150.070ms
[2019-06-24T09:20:35.560+0000][1][gc,cpu       ] GC(8) User=0.74s Sys=0.00s Real=0.15s
[2019-06-24T09:20:35.560+0000][1][safepoint    ] Application time: 0.0000817 seconds
[2019-06-24T09:20:35.560+0000][1][safepoint    ] Entering safepoint region: CMS_Final_Remark
[2019-06-24T09:20:35.560+0000][1][gc,start     ] GC(8) Pause Remark
[2019-06-24T09:20:35.566+0000][1][gc           ] GC(8) Pause Remark 20M->20M(247M) 5.702ms
[2019-06-24T09:20:35.566+0000][1][gc,cpu       ] GC(8) User=0.02s Sys=0.00s Real=0.01s
[2019-06-24T09:20:35.566+0000][1][safepoint    ] Leaving safepoint region
[2019-06-24T09:20:35.566+0000][1][safepoint    ] Total time for which application threads were stopped: 0.0058286 seconds, Stopping threads took: 0.0000408 seconds
[2019-06-24T09:20:35.566+0000][1][gc           ] GC(8) Concurrent Sweep
[2019-06-24T09:20:35.573+0000][1][gc           ] GC(8) Concurrent Sweep 6.737ms
[2019-06-24T09:20:35.573+0000][1][gc,cpu       ] GC(8) User=0.03s Sys=0.00s Real=0.00s
[2019-06-24T09:20:35.573+0000][1][gc           ] GC(8) Concurrent Reset
[2019-06-24T09:20:35.573+0000][1][gc           ] GC(8) Concurrent Reset 0.462ms
[2019-06-24T09:20:35.573+0000][1][gc,cpu       ] GC(8) User=0.00s Sys=0.00s Real=0.00s
[2019-06-24T09:20:35.573+0000][1][gc,heap      ] GC(8) Old: 11831K->13960K(174784K)
[2019-06-24T09:20:35.679+0000][1][safepoint    ] Application time: 0.1133750 seconds
[2019-06-24T09:20:35.679+0000][1][safepoint    ] Entering safepoint region: GenCollectForAllocation
[2019-06-24T09:20:35.680+0000][1][gc,start     ] GC(11) Pause Young (Allocation Failure)
[2019-06-24T09:20:35.680+0000][1][gc,task      ] GC(11) Using 5 workers of 8 for evacuation
[2019-06-24T09:20:35.684+0000][1][gc,age       ] GC(11) Desired survivor size 4456448 bytes, new threshold 5 (max threshold 6)
[2019-06-24T09:20:35.684+0000][1][gc,age       ] GC(11) Age table with threshold 5 (max threshold 6)
[2019-06-24T09:20:35.684+0000][1][gc,age       ] GC(11) - age   1:    2228256 bytes,    2228256 total
[2019-06-24T09:20:35.684+0000][1][gc,age       ] GC(11) - age   2:      99208 bytes,    2327464 total
[2019-06-24T09:20:35.684+0000][1][gc,age       ] GC(11) - age   3:     290512 bytes,    2617976 total
[2019-06-24T09:20:35.684+0000][1][gc,age       ] GC(11) - age   4:     709848 bytes,    3327824 total
[2019-06-24T09:20:35.684+0000][1][gc,age       ] GC(11) - age   5:    1129224 bytes,    4457048 total
[2019-06-24T09:20:35.684+0000][1][gc,heap      ] GC(11) ParNew: 75164K->6123K(78656K)
[2019-06-24T09:20:35.684+0000][1][gc,heap      ] GC(11) CMS: 13960K->13960K(174784K)
[2019-06-24T09:20:35.684+0000][1][gc,metaspace ] GC(11) Metaspace: 20280K->20280K(1069056K)
[2019-06-24T09:20:35.684+0000][1][gc           ] GC(11) Pause Young (Allocation Failure) 87M->19M(247M) 4.145ms
[2019-06-24T09:20:35.684+0000][1][gc,cpu       ] GC(11) User=0.02s Sys=0.00s Real=0.01s
[2019-06-24T09:20:35.684+0000][1][safepoint    ] Leaving safepoint region
[2019-06-24T09:20:35.684+0000][1][safepoint    ] Total time for which application threads were stopped: 0.0047126 seconds, Stopping threads took: 0.0000206 seconds
[2019-06-24T09:20:35.747+0000][1][safepoint    ] Application time: 0.0625083 seconds
[2019-06-24T09:20:35.747+0000][1][safepoint    ] Entering safepoint region: Deoptimize
[2019-06-24T09:20:35.747+0000][1][safepoint    ] Leaving safepoint region
[2019-06-24T09:20:35.747+0000][1][safepoint    ] Total time for which application threads were stopped: 0.0002578 seconds, Stopping threads took: 0.0000120 seconds
[2019-06-24T09:20:36.106+0000][1][safepoint    ] Application time: 0.3589900 seconds
[2019-06-24T09:20:36.106+0000][1][safepoint    ] Entering safepoint region: Deoptimize
[2019-06-24T09:20:36.107+0000][1][safepoint    ] Leaving safepoint region
[2019-06-24T09:20:36.107+0000][1][safepoint    ] Total time for which application threads were stopped: 0.0006618 seconds, Stopping threads took: 0.0000764 seconds
[2019-06-24T09:20:36.119+0000][1][safepoint    ] Application time: 0.0125069 seconds
[2019-06-24T09:20:36.119+0000][1][safepoint    ] Entering safepoint region: RevokeBias
[2019-06-24T09:20:36.119+0000][1][safepoint    ] Leaving safepoint region
[2019-06-24T09:20:36.119+0000][1][safepoint    ] Total time for which application threads were stopped: 0.0001160 seconds, Stopping threads took: 0.0000449 seconds
[2019-06-24T09:20:36.119+0000][1][safepoint    ] Application time: 0.0000813 seconds
[2019-06-24T09:20:36.119+0000][1][safepoint    ] Entering safepoint region: RevokeBias
[2019-06-24T09:20:36.119+0000][1][safepoint    ] Leaving safepoint region
[2019-06-24T09:20:36.119+0000][1][safepoint    ] Total time for which application threads were stopped: 0.0000909 seconds, Stopping threads took: 0.0000524 seconds
[2019-06-24T09:20:36.120+0000][1][safepoint    ] Application time: 0.0004483 seconds
[2019-06-24T09:20:36.120+0000][1][safepoint    ] Entering safepoint region: Deoptimize
[2019-06-24T09:20:36.120+0000][1][safepoint    ] Leaving safepoint region
[2019-06-24T09:20:36.120+0000][1][safepoint    ] Total time for which application threads were stopped: 0.0002634 seconds, Stopping threads took: 0.0000114 seconds
[2019-06-24T09:20:36.125+0000][1][safepoint    ] Application time: 0.0045236 seconds
[2019-06-24T09:20:36.125+0000][1][safepoint    ] Entering safepoint region: Deoptimize
[2019-06-24T09:20:36.125+0000][1][safepoint    ] Leaving safepoint region
[2019-06-24T09:20:36.125+0000][1][safepoint    ] Total time for which application threads were stopped: 0.0003499 seconds, Stopping threads took: 0.0000154 seconds
[2019-06-24T09:20:36.314+0000][1][safepoint    ] Application time: 0.1888956 seconds
[2019-06-24T09:20:36.314+0000][1][safepoint    ] Entering safepoint region: GenCollectForAllocation
[2019-06-24T09:20:36.314+0000][1][gc,start     ] GC(12) Pause Young (Allocation Failure)
[2019-06-24T09:20:36.314+0000][1][gc,task      ] GC(12) Using 5 workers of 8 for evacuation
[2019-06-24T09:20:36.320+0000][1][gc,age       ] GC(12) Desired survivor size 4456448 bytes, new threshold 1 (max threshold 6)
[2019-06-24T09:20:36.320+0000][1][gc,age       ] GC(12) Age table with threshold 1 (max threshold 6)
[2019-06-24T09:20:36.320+0000][1][gc,age       ] GC(12) - age   1:    4970208 bytes,    4970208 total
[2019-06-24T09:20:36.320+0000][1][gc,age       ] GC(12) - age   2:     344840 bytes,    5315048 total
[2019-06-24T09:20:36.320+0000][1][gc,age       ] GC(12) - age   3:      98944 bytes,    5413992 total
[2019-06-24T09:20:36.320+0000][1][gc,age       ] GC(12) - age   4:     290512 bytes,    5704504 total
[2019-06-24T09:20:36.320+0000][1][gc,age       ] GC(12) - age   5:     704488 bytes,    6408992 total
[2019-06-24T09:20:36.320+0000][1][gc,heap      ] GC(12) ParNew: 76075K->7667K(78656K)
[2019-06-24T09:20:36.320+0000][1][gc,heap      ] GC(12) CMS: 13960K->15068K(174784K)
[2019-06-24T09:20:36.320+0000][1][gc,metaspace ] GC(12) Metaspace: 26350K->26350K(1073152K)
[2019-06-24T09:20:36.320+0000][1][gc           ] GC(12) Pause Young (Allocation Failure) 87M->22M(247M) 6.002ms
[2019-06-24T09:20:36.320+0000][1][gc,cpu       ] GC(12) User=0.04s Sys=0.00s Real=0.01s
[2019-06-24T09:20:36.320+0000][1][safepoint    ] Leaving safepoint region
[2019-06-24T09:20:36.320+0000][1][safepoint    ] Total time for which application threads were stopped: 0.0061272 seconds, Stopping threads took: 0.0000175 seconds
[2019-06-24T09:20:36.492+0000][1][safepoint    ] Application time: 0.1720773 seconds
[2019-06-24T09:20:36.492+0000][1][safepoint    ] Entering safepoint region: RevokeBias
[2019-06-24T09:20:36.492+0000][1][safepoint    ] Leaving safepoint region
[2019-06-24T09:20:36.493+0000][1][safepoint    ] Total time for which application threads were stopped: 0.0002307 seconds, Stopping threads took: 0.0000145 seconds
[2019-06-24T09:20:36.627+0000][1][safepoint    ] Application time: 0.1348564 seconds
[2019-06-24T09:20:36.627+0000][1][safepoint    ] Entering safepoint region: Deoptimize
[2019-06-24T09:20:36.628+0000][1][safepoint    ] Leaving safepoint region
[2019-06-24T09:20:36.628+0000][1][safepoint    ] Total time for which application threads were stopped: 0.0003796 seconds, Stopping threads took: 0.0000170 seconds
[2019-06-24T09:20:36.965+0000][1][safepoint    ] Application time: 0.3367320 seconds
[2019-06-24T09:20:36.965+0000][1][safepoint    ] Entering safepoint region: GenCollectForAllocation
[2019-06-24T09:20:36.965+0000][1][gc,start     ] GC(13) Pause Young (Allocation Failure)
[2019-06-24T09:20:36.965+0000][1][gc,task      ] GC(13) Using 5 workers of 8 for evacuation
[2019-06-24T09:20:36.983+0000][1][gc,age       ] GC(13) Desired survivor size 4456448 bytes, new threshold 1 (max threshold 6)
[2019-06-24T09:20:36.983+0000][1][gc,age       ] GC(13) Age table with threshold 1 (max threshold 6)
[2019-06-24T09:20:36.983+0000][1][gc,age       ] GC(13) - age   1:    8912736 bytes,    8912736 total
[2019-06-24T09:20:36.983+0000][1][gc,heap      ] GC(13) ParNew: 77619K->8704K(78656K)
[2019-06-24T09:20:36.983+0000][1][gc,heap      ] GC(13) CMS: 15068K->26389K(174784K)
[2019-06-24T09:20:36.983+0000][1][gc,metaspace ] GC(13) Metaspace: 26891K->26891K(1075200K)
[2019-06-24T09:20:36.983+0000][1][gc           ] GC(13) Pause Young (Allocation Failure) 90M->34M(247M) 18.461ms
[2019-06-24T09:20:36.983+0000][1][gc,cpu       ] GC(13) User=0.09s Sys=0.00s Real=0.02s
[2019-06-24T09:20:36.983+0000][1][safepoint    ] Leaving safepoint region
[2019-06-24T09:20:36.983+0000][1][safepoint    ] Total time for which application threads were stopped: 0.0185915 seconds, Stopping threads took: 0.0000182 seconds
[2019-06-24T09:20:37.427+0000][1][safepoint    ] Application time: 0.4436516 seconds
[2019-06-24T09:20:37.427+0000][1][safepoint    ] Entering safepoint region: GenCollectForAllocation
[2019-06-24T09:20:37.427+0000][1][gc,start     ] GC(14) Pause Young (Allocation Failure)
[2019-06-24T09:20:37.427+0000][1][gc,task      ] GC(14) Using 5 workers of 8 for evacuation
[2019-06-24T09:20:37.447+0000][1][gc,age       ] GC(14) Desired survivor size 4456448 bytes, new threshold 1 (max threshold 6)
[2019-06-24T09:20:37.447+0000][1][gc,age       ] GC(14) Age table with threshold 1 (max threshold 6)
[2019-06-24T09:20:37.447+0000][1][gc,age       ] GC(14) - age   1:    8220480 bytes,    8220480 total
[2019-06-24T09:20:37.447+0000][1][gc,heap      ] GC(14) ParNew: 78656K->8704K(78656K)
[2019-06-24T09:20:37.447+0000][1][gc,heap      ] GC(14) CMS: 26389K->40733K(174784K)
[2019-06-24T09:20:37.447+0000][1][gc,metaspace ] GC(14) Metaspace: 26918K->26918K(1075200K)
[2019-06-24T09:20:37.447+0000][1][gc           ] GC(14) Pause Young (Allocation Failure) 102M->48M(247M) 19.810ms
[2019-06-24T09:20:37.447+0000][1][gc,cpu       ] GC(14) User=0.14s Sys=0.00s Real=0.02s
[2019-06-24T09:20:37.447+0000][1][safepoint    ] Leaving safepoint region
[2019-06-24T09:20:37.447+0000][1][safepoint    ] Total time for which application threads were stopped: 0.0199391 seconds, Stopping threads took: 0.0000166 seconds
[2019-06-24T09:20:37.672+0000][1][safepoint    ] Application time: 0.2256453 seconds
[2019-06-24T09:20:37.673+0000][1][safepoint    ] Entering safepoint region: RevokeBias
[2019-06-24T09:20:37.673+0000][1][safepoint    ] Leaving safepoint region
[2019-06-24T09:20:37.673+0000][1][safepoint    ] Total time for which application threads were stopped: 0.0001510 seconds, Stopping threads took: 0.0000184 seconds
[2019-06-24T09:20:38.051+0000][1][safepoint    ] Application time: 0.3784675 seconds
[2019-06-24T09:20:38.051+0000][1][safepoint    ] Entering safepoint region: GenCollectForAllocation
[2019-06-24T09:20:38.051+0000][1][gc,start     ] GC(15) Pause Young (Allocation Failure)
[2019-06-24T09:20:38.051+0000][1][gc,task      ] GC(15) Using 5 workers of 8 for evacuation
[2019-06-24T09:20:38.068+0000][1][gc,age       ] GC(15) Desired survivor size 4456448 bytes, new threshold 1 (max threshold 6)
[2019-06-24T09:20:38.069+0000][1][gc,age       ] GC(15) Age table with threshold 1 (max threshold 6)
[2019-06-24T09:20:38.069+0000][1][gc,age       ] GC(15) - age   1:    6369672 bytes,    6369672 total
[2019-06-24T09:20:38.069+0000][1][gc,heap      ] GC(15) ParNew: 78656K->8704K(78656K)
[2019-06-24T09:20:38.069+0000][1][gc,heap      ] GC(15) CMS: 40733K->49581K(174784K)
[2019-06-24T09:20:38.069+0000][1][gc,metaspace ] GC(15) Metaspace: 32676K->32676K(1079296K)
[2019-06-24T09:20:38.069+0000][1][gc           ] GC(15) Pause Young (Allocation Failure) 116M->56M(247M) 17.293ms
[2019-06-24T09:20:38.069+0000][1][gc,cpu       ] GC(15) User=0.12s Sys=0.00s Real=0.02s
[2019-06-24T09:20:38.069+0000][1][safepoint    ] Leaving safepoint region
[2019-06-24T09:20:38.069+0000][1][safepoint    ] Total time for which application threads were stopped: 0.0174998 seconds, Stopping threads took: 0.0000182 seconds
[2019-06-24T09:20:38.142+0000][1][safepoint    ] Application time: 0.0730436 seconds
[2019-06-24T09:20:38.142+0000][1][safepoint    ] Entering safepoint region: GenCollectForAllocation
[2019-06-24T09:20:38.142+0000][1][gc,start     ] GC(16) Pause Young (Allocation Failure)
[2019-06-24T09:20:38.142+0000][1][gc,task      ] GC(16) Using 5 workers of 8 for evacuation
[2019-06-24T09:20:38.150+0000][1][gc,age       ] GC(16) Desired survivor size 4456448 bytes, new threshold 6 (max threshold 6)
[2019-06-24T09:20:38.150+0000][1][gc,age       ] GC(16) Age table with threshold 6 (max threshold 6)
[2019-06-24T09:20:38.151+0000][1][gc,age       ] GC(16) - age   1:     249872 bytes,     249872 total
[2019-06-24T09:20:38.151+0000][1][gc,heap      ] GC(16) ParNew: 78656K->6664K(78656K)
[2019-06-24T09:20:38.151+0000][1][gc,heap      ] GC(16) CMS: 49581K->55819K(174784K)
[2019-06-24T09:20:38.151+0000][1][gc,metaspace ] GC(16) Metaspace: 32820K->32820K(1079296K)
[2019-06-24T09:20:38.151+0000][1][gc           ] GC(16) Pause Young (Allocation Failure) 125M->61M(247M) 8.690ms
[2019-06-24T09:20:38.151+0000][1][gc,cpu       ] GC(16) User=0.07s Sys=0.01s Real=0.01s
[2019-06-24T09:20:38.151+0000][1][safepoint    ] Leaving safepoint region
[2019-06-24T09:20:38.151+0000][1][safepoint    ] Total time for which application threads were stopped: 0.0088562 seconds, Stopping threads took: 0.0000162 seconds
[2019-06-24T09:20:38.311+0000][1][safepoint    ] Application time: 0.1601808 seconds
[2019-06-24T09:20:38.311+0000][1][safepoint    ] Entering safepoint region: CollectForMetadataAllocation
[2019-06-24T09:20:38.311+0000][1][safepoint    ] Leaving safepoint region
[2019-06-24T09:20:38.311+0000][1][safepoint    ] Total time for which application threads were stopped: 0.0001746 seconds, Stopping threads took: 0.0000167 seconds
[2019-06-24T09:20:38.342+0000][1][safepoint    ] Application time: 0.0306346 seconds
[2019-06-24T09:20:38.342+0000][1][safepoint    ] Entering safepoint region: CollectForMetadataAllocation
[2019-06-24T09:20:38.342+0000][1][safepoint    ] Leaving safepoint region
[2019-06-24T09:20:38.342+0000][1][safepoint    ] Total time for which application threads were stopped: 0.0001500 seconds, Stopping threads took: 0.0000177 seconds
[2019-06-24T09:20:38.369+0000][1][safepoint    ] Application time: 0.0266210 seconds
[2019-06-24T09:20:38.369+0000][1][safepoint    ] Entering safepoint region: CollectForMetadataAllocation
[2019-06-24T09:20:38.369+0000][1][safepoint    ] Leaving safepoint region
[2019-06-24T09:20:38.369+0000][1][safepoint    ] Total time for which application threads were stopped: 0.0001478 seconds, Stopping threads took: 0.0000157 seconds
[2019-06-24T09:20:38.391+0000][1][safepoint    ] Application time: 0.0224324 seconds
[2019-06-24T09:20:38.391+0000][1][safepoint    ] Entering safepoint region: CollectForMetadataAllocation
[2019-06-24T09:20:38.391+0000][1][safepoint    ] Leaving safepoint region
[2019-06-24T09:20:38.391+0000][1][safepoint    ] Total time for which application threads were stopped: 0.0001969 seconds, Stopping threads took: 0.0000155 seconds
[2019-06-24T09:20:38.405+0000][1][safepoint    ] Application time: 0.0132407 seconds
[2019-06-24T09:20:38.405+0000][1][safepoint    ] Entering safepoint region: CollectForMetadataAllocation
[2019-06-24T09:20:38.405+0000][1][safepoint    ] Leaving safepoint region
[2019-06-24T09:20:38.405+0000][1][safepoint    ] Total time for which application threads were stopped: 0.0001882 seconds, Stopping threads took: 0.0000182 seconds
[2019-06-24T09:20:38.416+0000][1][safepoint    ] Application time: 0.0114583 seconds
[2019-06-24T09:20:38.416+0000][1][safepoint    ] Entering safepoint region: CollectForMetadataAllocation
[2019-06-24T09:20:38.416+0000][1][safepoint    ] Leaving safepoint region
[2019-06-24T09:20:38.416+0000][1][safepoint    ] Total time for which application threads were stopped: 0.0001328 seconds, Stopping threads took: 0.0000148 seconds
[2019-06-24T09:20:38.445+0000][1][safepoint    ] Application time: 0.0285378 seconds
[2019-06-24T09:20:38.445+0000][1][safepoint    ] Entering safepoint region: CollectForMetadataAllocation
[2019-06-24T09:20:38.445+0000][1][safepoint    ] Leaving safepoint region
[2019-06-24T09:20:38.445+0000][1][safepoint    ] Total time for which application threads were stopped: 0.0002169 seconds, Stopping threads took: 0.0000179 seconds
[2019-06-24T09:20:38.461+0000][1][safepoint    ] Application time: 0.0156134 seconds
[2019-06-24T09:20:38.461+0000][1][safepoint    ] Entering safepoint region: CollectForMetadataAllocation
[2019-06-24T09:20:38.461+0000][1][safepoint    ] Leaving safepoint region
[2019-06-24T09:20:38.461+0000][1][safepoint    ] Total time for which application threads were stopped: 0.0001956 seconds, Stopping threads took: 0.0000161 seconds
[2019-06-24T09:20:38.483+0000][1][safepoint    ] Application time: 0.0218278 seconds
[2019-06-24T09:20:38.483+0000][1][safepoint    ] Entering safepoint region: CollectForMetadataAllocation
[2019-06-24T09:20:38.483+0000][1][safepoint    ] Leaving safepoint region
[2019-06-24T09:20:38.483+0000][1][safepoint    ] Total time for which application threads were stopped: 0.0002260 seconds, Stopping threads took: 0.0000190 seconds
[2019-06-24T09:20:38.499+0000][1][safepoint    ] Application time: 0.0155356 seconds
[2019-06-24T09:20:38.499+0000][1][safepoint    ] Entering safepoint region: CollectForMetadataAllocation
[2019-06-24T09:20:38.499+0000][1][safepoint    ] Leaving safepoint region
[2019-06-24T09:20:38.499+0000][1][safepoint    ] Total time for which application threads were stopped: 0.0002207 seconds, Stopping threads took: 0.0000208 seconds
[2019-06-24T09:20:38.522+0000][1][safepoint    ] Application time: 0.0228475 seconds
[2019-06-24T09:20:38.522+0000][1][safepoint    ] Entering safepoint region: CollectForMetadataAllocation
[2019-06-24T09:20:38.522+0000][1][safepoint    ] Leaving safepoint region
[2019-06-24T09:20:38.522+0000][1][safepoint    ] Total time for which application threads were stopped: 0.0001879 seconds, Stopping threads took: 0.0000423 seconds
[2019-06-24T09:20:38.531+0000][1][safepoint    ] Application time: 0.0085924 seconds
[2019-06-24T09:20:38.531+0000][1][safepoint    ] Entering safepoint region: RevokeBias
[2019-06-24T09:20:38.531+0000][1][safepoint    ] Leaving safepoint region
[2019-06-24T09:20:38.531+0000][1][safepoint    ] Total time for which application threads were stopped: 0.0001392 seconds, Stopping threads took: 0.0000366 seconds
[2019-06-24T09:20:38.564+0000][1][safepoint    ] Application time: 0.0331590 seconds
[2019-06-24T09:20:38.564+0000][1][safepoint    ] Entering safepoint region: CollectForMetadataAllocation
[2019-06-24T09:20:38.564+0000][1][safepoint    ] Leaving safepoint region
[2019-06-24T09:20:38.564+0000][1][safepoint    ] Total time for which application threads were stopped: 0.0001384 seconds, Stopping threads took: 0.0000119 seconds
[2019-06-24T09:20:38.581+0000][1][safepoint    ] Application time: 0.0171319 seconds
[2019-06-24T09:20:38.581+0000][1][safepoint    ] Entering safepoint region: CollectForMetadataAllocation
[2019-06-24T09:20:38.582+0000][1][safepoint    ] Leaving safepoint region
[2019-06-24T09:20:38.582+0000][1][safepoint    ] Total time for which application threads were stopped: 0.0001621 seconds, Stopping threads took: 0.0000121 seconds
[2019-06-24T09:20:38.597+0000][1][safepoint    ] Application time: 0.0154887 seconds
[2019-06-24T09:20:38.597+0000][1][safepoint    ] Entering safepoint region: CollectForMetadataAllocation
[2019-06-24T09:20:38.597+0000][1][safepoint    ] Leaving safepoint region
[2019-06-24T09:20:38.597+0000][1][safepoint    ] Total time for which application threads were stopped: 0.0001511 seconds, Stopping threads took: 0.0000112 seconds
[2019-06-24T09:20:38.617+0000][1][safepoint    ] Application time: 0.0193780 seconds
[2019-06-24T09:20:38.617+0000][1][safepoint    ] Entering safepoint region: CollectForMetadataAllocation
[2019-06-24T09:20:38.617+0000][1][safepoint    ] Leaving safepoint region
[2019-06-24T09:20:38.617+0000][1][safepoint    ] Total time for which application threads were stopped: 0.0001625 seconds, Stopping threads took: 0.0000118 seconds
[2019-06-24T09:20:38.632+0000][1][safepoint    ] Application time: 0.0148152 seconds
[2019-06-24T09:20:38.632+0000][1][safepoint    ] Entering safepoint region: CollectForMetadataAllocation
[2019-06-24T09:20:38.632+0000][1][safepoint    ] Leaving safepoint region
[2019-06-24T09:20:38.632+0000][1][safepoint    ] Total time for which application threads were stopped: 0.0001474 seconds, Stopping threads took: 0.0000406 seconds
[2019-06-24T09:20:38.652+0000][1][safepoint    ] Application time: 0.0200483 seconds
[2019-06-24T09:20:38.652+0000][1][safepoint    ] Entering safepoint region: CollectForMetadataAllocation
[2019-06-24T09:20:38.652+0000][1][safepoint    ] Leaving safepoint region
[2019-06-24T09:20:38.652+0000][1][safepoint    ] Total time for which application threads were stopped: 0.0001589 seconds, Stopping threads took: 0.0000120 seconds
[2019-06-24T09:20:38.672+0000][1][safepoint    ] Application time: 0.0199664 seconds
[2019-06-24T09:20:38.672+0000][1][safepoint    ] Entering safepoint region: CollectForMetadataAllocation
[2019-06-24T09:20:38.672+0000][1][safepoint    ] Leaving safepoint region
[2019-06-24T09:20:38.672+0000][1][safepoint    ] Total time for which application threads were stopped: 0.0001488 seconds, Stopping threads took: 0.0000109 seconds
[2019-06-24T09:20:38.693+0000][1][safepoint    ] Application time: 0.0206962 seconds
[2019-06-24T09:20:38.693+0000][1][safepoint    ] Entering safepoint region: CollectForMetadataAllocation
[2019-06-24T09:20:38.693+0000][1][safepoint    ] Leaving safepoint region
[2019-06-24T09:20:38.693+0000][1][safepoint    ] Total time for which application threads were stopped: 0.0001552 seconds, Stopping threads took: 0.0000123 seconds
[2019-06-24T09:20:38.709+0000][1][safepoint    ] Application time: 0.0157306 seconds
[2019-06-24T09:20:38.709+0000][1][safepoint    ] Entering safepoint region: CollectForMetadataAllocation
[2019-06-24T09:20:38.709+0000][1][safepoint    ] Leaving safepoint region
[2019-06-24T09:20:38.709+0000][1][safepoint    ] Total time for which application threads were stopped: 0.0001563 seconds, Stopping threads took: 0.0000111 seconds
[2019-06-24T09:20:38.728+0000][1][safepoint    ] Application time: 0.0184022 seconds
[2019-06-24T09:20:38.728+0000][1][safepoint    ] Entering safepoint region: CollectForMetadataAllocation
[2019-06-24T09:20:38.728+0000][1][safepoint    ] Leaving safepoint region
[2019-06-24T09:20:38.728+0000][1][safepoint    ] Total time for which application threads were stopped: 0.0001533 seconds, Stopping threads took: 0.0000118 seconds
[2019-06-24T09:20:38.747+0000][1][safepoint    ] Application time: 0.0189303 seconds
[2019-06-24T09:20:38.747+0000][1][safepoint    ] Entering safepoint region: CollectForMetadataAllocation
[2019-06-24T09:20:38.747+0000][1][safepoint    ] Leaving safepoint region
[2019-06-24T09:20:38.747+0000][1][safepoint    ] Total time for which application threads were stopped: 0.0001565 seconds, Stopping threads took: 0.0000115 seconds
[2019-06-24T09:20:38.766+0000][1][safepoint    ] Application time: 0.0187384 seconds
[2019-06-24T09:20:38.766+0000][1][safepoint    ] Entering safepoint region: CollectForMetadataAllocation
[2019-06-24T09:20:38.766+0000][1][safepoint    ] Leaving safepoint region
[2019-06-24T09:20:38.766+0000][1][safepoint    ] Total time for which application threads were stopped: 0.0001475 seconds, Stopping threads took: 0.0000108 seconds
[2019-06-24T09:20:38.803+0000][1][safepoint    ] Application time: 0.0376859 seconds
[2019-06-24T09:20:38.804+0000][1][safepoint    ] Entering safepoint region: CollectForMetadataAllocation
[2019-06-24T09:20:38.804+0000][1][safepoint    ] Leaving safepoint region
[2019-06-24T09:20:38.804+0000][1][safepoint    ] Total time for which application threads were stopped: 0.0001782 seconds, Stopping threads took: 0.0000114 seconds
[2019-06-24T09:20:38.818+0000][1][safepoint    ] Application time: 0.0141111 seconds
[2019-06-24T09:20:38.818+0000][1][safepoint    ] Entering safepoint region: CollectForMetadataAllocation
[2019-06-24T09:20:38.818+0000][1][safepoint    ] Leaving safepoint region
[2019-06-24T09:20:38.818+0000][1][safepoint    ] Total time for which application threads were stopped: 0.0001476 seconds, Stopping threads took: 0.0000114 seconds
[2019-06-24T09:20:38.831+0000][1][safepoint    ] Application time: 0.0134658 seconds
[2019-06-24T09:20:38.831+0000][1][safepoint    ] Entering safepoint region: CollectForMetadataAllocation
[2019-06-24T09:20:38.832+0000][1][safepoint    ] Leaving safepoint region
[2019-06-24T09:20:38.832+0000][1][safepoint    ] Total time for which application threads were stopped: 0.0001021 seconds, Stopping threads took: 0.0000106 seconds
[2019-06-24T09:20:38.857+0000][1][safepoint    ] Application time: 0.0250904 seconds
[2019-06-24T09:20:38.857+0000][1][safepoint    ] Entering safepoint region: CollectForMetadataAllocation
[2019-06-24T09:20:38.857+0000][1][safepoint    ] Leaving safepoint region
[2019-06-24T09:20:38.857+0000][1][safepoint    ] Total time for which application threads were stopped: 0.0001626 seconds, Stopping threads took: 0.0000112 seconds
[2019-06-24T09:20:38.874+0000][1][safepoint    ] Application time: 0.0166848 seconds
[2019-06-24T09:20:38.874+0000][1][safepoint    ] Entering safepoint region: CollectForMetadataAllocation
[2019-06-24T09:20:38.874+0000][1][safepoint    ] Leaving safepoint region
[2019-06-24T09:20:38.874+0000][1][safepoint    ] Total time for which application threads were stopped: 0.0001521 seconds, Stopping threads took: 0.0000111 seconds
[2019-06-24T09:20:38.878+0000][1][safepoint    ] Application time: 0.0045216 seconds
[2019-06-24T09:20:38.878+0000][1][safepoint    ] Entering safepoint region: RevokeBias
[2019-06-24T09:20:38.878+0000][1][safepoint    ] Leaving safepoint region
[2019-06-24T09:20:38.879+0000][1][safepoint    ] Total time for which application threads were stopped: 0.0001405 seconds, Stopping threads took: 0.0000437 seconds
[2019-06-24T09:20:38.879+0000][1][safepoint    ] Application time: 0.0001153 seconds
[2019-06-24T09:20:38.879+0000][1][safepoint    ] Entering safepoint region: RevokeBias
[2019-06-24T09:20:38.879+0000][1][safepoint    ] Leaving safepoint region
[2019-06-24T09:20:38.879+0000][1][safepoint    ] Total time for which application threads were stopped: 0.0000919 seconds, Stopping threads took: 0.0000406 seconds
[2019-06-24T09:20:38.879+0000][1][safepoint    ] Application time: 0.0001119 seconds
[2019-06-24T09:20:38.879+0000][1][safepoint    ] Entering safepoint region: RevokeBias
[2019-06-24T09:20:38.879+0000][1][safepoint    ] Leaving safepoint region
[2019-06-24T09:20:38.879+0000][1][safepoint    ] Total time for which application threads were stopped: 0.0000746 seconds, Stopping threads took: 0.0000345 seconds
[2019-06-24T09:20:38.879+0000][1][safepoint    ] Application time: 0.0001803 seconds
[2019-06-24T09:20:38.879+0000][1][safepoint    ] Entering safepoint region: RevokeBias
[2019-06-24T09:20:38.879+0000][1][safepoint    ] Leaving safepoint region
[2019-06-24T09:20:38.879+0000][1][safepoint    ] Total time for which application threads were stopped: 0.0000846 seconds, Stopping threads took: 0.0000147 seconds
[2019-06-24T09:20:38.891+0000][1][safepoint    ] Application time: 0.0119449 seconds
[2019-06-24T09:20:38.891+0000][1][safepoint    ] Entering safepoint region: CollectForMetadataAllocation
[2019-06-24T09:20:38.891+0000][1][safepoint    ] Leaving safepoint region
[2019-06-24T09:20:38.891+0000][1][safepoint    ] Total time for which application threads were stopped: 0.0002076 seconds, Stopping threads took: 0.0000159 seconds
[2019-06-24T09:20:39.161+0000][1][safepoint    ] Application time: 0.2699635 seconds
[2019-06-24T09:20:39.161+0000][1][safepoint    ] Entering safepoint region: CollectForMetadataAllocation
[2019-06-24T09:20:39.162+0000][1][safepoint    ] Leaving safepoint region
[2019-06-24T09:20:39.162+0000][1][safepoint    ] Total time for which application threads were stopped: 0.0001685 seconds, Stopping threads took: 0.0000267 seconds
[2019-06-24T09:20:39.325+0000][1][safepoint    ] Application time: 0.1635341 seconds
[2019-06-24T09:20:39.325+0000][1][safepoint    ] Entering safepoint region: CollectForMetadataAllocation
[2019-06-24T09:20:39.325+0000][1][safepoint    ] Leaving safepoint region
[2019-06-24T09:20:39.325+0000][1][safepoint    ] Total time for which application threads were stopped: 0.0001156 seconds, Stopping threads took: 0.0000241 seconds
[2019-06-24T09:20:39.330+0000][1][safepoint    ] Application time: 0.0050759 seconds
[2019-06-24T09:20:39.330+0000][1][safepoint    ] Entering safepoint region: GenCollectForAllocation
[2019-06-24T09:20:39.331+0000][1][gc,start     ] GC(17) Pause Young (Allocation Failure)
[2019-06-24T09:20:39.331+0000][1][gc,task      ] GC(17) Using 5 workers of 8 for evacuation
[2019-06-24T09:20:39.334+0000][1][gc,age       ] GC(17) Desired survivor size 4456448 bytes, new threshold 6 (max threshold 6)
[2019-06-24T09:20:39.334+0000][1][gc,age       ] GC(17) Age table with threshold 6 (max threshold 6)
[2019-06-24T09:20:39.334+0000][1][gc,age       ] GC(17) - age   1:    4051864 bytes,    4051864 total
[2019-06-24T09:20:39.334+0000][1][gc,age       ] GC(17) - age   2:     204752 bytes,    4256616 total
[2019-06-24T09:20:39.334+0000][1][gc,heap      ] GC(17) ParNew: 76616K->5135K(78656K)
[2019-06-24T09:20:39.334+0000][1][gc,heap      ] GC(17) CMS: 55819K->55819K(174784K)
[2019-06-24T09:20:39.334+0000][1][gc,metaspace ] GC(17) Metaspace: 42307K->42307K(1089536K)
[2019-06-24T09:20:39.334+0000][1][gc           ] GC(17) Pause Young (Allocation Failure) 129M->59M(247M) 3.417ms
[2019-06-24T09:20:39.334+0000][1][gc,cpu       ] GC(17) User=0.02s Sys=0.00s Real=0.00s
[2019-06-24T09:20:39.334+0000][1][safepoint    ] Leaving safepoint region
[2019-06-24T09:20:39.334+0000][1][safepoint    ] Total time for which application threads were stopped: 0.0035631 seconds, Stopping threads took: 0.0000113 seconds
[2019-06-24T09:20:39.334+0000][1][safepoint    ] Application time: 0.0000822 seconds
[2019-06-24T09:20:39.334+0000][1][safepoint    ] Entering safepoint region: CMS_Initial_Mark
[2019-06-24T09:20:39.334+0000][1][gc,start     ] GC(18) Pause Initial Mark
[2019-06-24T09:20:39.335+0000][1][gc           ] GC(18) Pause Initial Mark 60M->60M(247M) 1.139ms
[2019-06-24T09:20:39.335+0000][1][gc,cpu       ] GC(18) User=0.00s Sys=0.00s Real=0.01s
[2019-06-24T09:20:39.335+0000][1][safepoint    ] Leaving safepoint region
[2019-06-24T09:20:39.335+0000][1][safepoint    ] Total time for which application threads were stopped: 0.0013024 seconds, Stopping threads took: 0.0001056 seconds
[2019-06-24T09:20:39.335+0000][1][gc           ] GC(18) Concurrent Mark
[2019-06-24T09:20:39.335+0000][1][gc,task      ] GC(18) Using 2 workers of 2 for marking
[2019-06-24T09:20:39.340+0000][1][safepoint    ] Application time: 0.0048925 seconds
[2019-06-24T09:20:39.340+0000][1][safepoint    ] Entering safepoint region: RevokeBias
[2019-06-24T09:20:39.340+0000][1][safepoint    ] Leaving safepoint region
[2019-06-24T09:20:39.340+0000][1][safepoint    ] Total time for which application threads were stopped: 0.0000473 seconds, Stopping threads took: 0.0000101 seconds
[2019-06-24T09:20:39.351+0000][1][safepoint    ] Application time: 0.0110478 seconds
[2019-06-24T09:20:39.351+0000][1][safepoint    ] Entering safepoint region: CollectForMetadataAllocation
[2019-06-24T09:20:39.352+0000][1][safepoint    ] Leaving safepoint region
[2019-06-24T09:20:39.352+0000][1][safepoint    ] Total time for which application threads were stopped: 0.0001526 seconds, Stopping threads took: 0.0000132 seconds
[2019-06-24T09:20:39.387+0000][1][gc           ] GC(18) Concurrent Mark 51.095ms
[2019-06-24T09:20:39.387+0000][1][gc,cpu       ] GC(18) User=0.30s Sys=0.00s Real=0.05s
[2019-06-24T09:20:39.387+0000][1][gc           ] GC(18) Concurrent Preclean
[2019-06-24T09:20:39.389+0000][1][gc           ] GC(18) Concurrent Preclean 1.913ms
[2019-06-24T09:20:39.389+0000][1][gc,cpu       ] GC(18) User=0.00s Sys=0.00s Real=0.00s
[2019-06-24T09:20:39.389+0000][1][gc           ] GC(18) Concurrent Abortable Preclean
[2019-06-24T09:20:39.562+0000][1][safepoint    ] Application time: 0.2103345 seconds
[2019-06-24T09:20:39.562+0000][1][safepoint    ] Entering safepoint region: CollectForMetadataAllocation
[2019-06-24T09:20:39.562+0000][1][safepoint    ] Leaving safepoint region
[2019-06-24T09:20:39.562+0000][1][safepoint    ] Total time for which application threads were stopped: 0.0002997 seconds, Stopping threads took: 0.0000176 seconds
[2019-06-24T09:20:39.594+0000][1][safepoint    ] Application time: 0.0318136 seconds
[2019-06-24T09:20:39.594+0000][1][safepoint    ] Entering safepoint region: CollectForMetadataAllocation
[2019-06-24T09:20:39.594+0000][1][safepoint    ] Leaving safepoint region
[2019-06-24T09:20:39.594+0000][1][safepoint    ] Total time for which application threads were stopped: 0.0002041 seconds, Stopping threads took: 0.0000162 seconds
[2019-06-24T09:20:39.614+0000][1][safepoint    ] Application time: 0.0191600 seconds
[2019-06-24T09:20:39.614+0000][1][safepoint    ] Entering safepoint region: CollectForMetadataAllocation
[2019-06-24T09:20:39.614+0000][1][safepoint    ] Leaving safepoint region
[2019-06-24T09:20:39.614+0000][1][safepoint    ] Total time for which application threads were stopped: 0.0001883 seconds, Stopping threads took: 0.0000161 seconds
[2019-06-24T09:20:39.651+0000][1][safepoint    ] Application time: 0.0376570 seconds
[2019-06-24T09:20:39.651+0000][1][safepoint    ] Entering safepoint region: CollectForMetadataAllocation
[2019-06-24T09:20:39.652+0000][1][safepoint    ] Leaving safepoint region
[2019-06-24T09:20:39.652+0000][1][safepoint    ] Total time for which application threads were stopped: 0.0002305 seconds, Stopping threads took: 0.0000227 seconds
[2019-06-24T09:20:39.675+0000][1][gc           ] GC(18) Concurrent Abortable Preclean 286.117ms
[2019-06-24T09:20:39.675+0000][1][gc,cpu       ] GC(18) User=1.32s Sys=0.03s Real=0.29s
[2019-06-24T09:20:39.675+0000][1][safepoint    ] Application time: 0.0231077 seconds
[2019-06-24T09:20:39.675+0000][1][safepoint    ] Entering safepoint region: CMS_Final_Remark
[2019-06-24T09:20:39.675+0000][1][gc,start     ] GC(18) Pause Remark
[2019-06-24T09:20:39.693+0000][1][gc           ] GC(18) Pause Remark 94M->94M(247M) 17.991ms
[2019-06-24T09:20:39.693+0000][1][gc,cpu       ] GC(18) User=0.06s Sys=0.00s Real=0.01s
[2019-06-24T09:20:39.693+0000][1][safepoint    ] Leaving safepoint region
[2019-06-24T09:20:39.693+0000][1][safepoint    ] Total time for which application threads were stopped: 0.0182851 seconds, Stopping threads took: 0.0001632 seconds
[2019-06-24T09:20:39.693+0000][1][gc           ] GC(18) Concurrent Sweep
[2019-06-24T09:20:39.707+0000][1][safepoint    ] Application time: 0.0135560 seconds
[2019-06-24T09:20:39.707+0000][1][safepoint    ] Entering safepoint region: CollectForMetadataAllocation
[2019-06-24T09:20:39.708+0000][1][safepoint    ] Leaving safepoint region
[2019-06-24T09:20:39.708+0000][1][safepoint    ] Total time for which application threads were stopped: 0.0008969 seconds, Stopping threads took: 0.0000353 seconds
[2019-06-24T09:20:39.729+0000][1][gc           ] GC(18) Concurrent Sweep 35.815ms
[2019-06-24T09:20:39.729+0000][1][gc,cpu       ] GC(18) User=0.17s Sys=0.01s Real=0.04s
[2019-06-24T09:20:39.729+0000][1][gc           ] GC(18) Concurrent Reset
[2019-06-24T09:20:39.729+0000][1][gc           ] GC(18) Concurrent Reset 0.378ms
[2019-06-24T09:20:39.730+0000][1][gc,cpu       ] GC(18) User=0.00s Sys=0.00s Real=0.00s
[2019-06-24T09:20:39.730+0000][1][gc,heap      ] GC(18) Old: 55819K->55602K(174784K)
[2019-06-24T09:20:39.752+0000][1][safepoint    ] Application time: 0.0447024 seconds
[2019-06-24T09:20:39.752+0000][1][safepoint    ] Entering safepoint region: RevokeBias
[2019-06-24T09:20:39.752+0000][1][safepoint    ] Leaving safepoint region
[2019-06-24T09:20:39.752+0000][1][safepoint    ] Total time for which application threads were stopped: 0.0001179 seconds, Stopping threads took: 0.0000140 seconds
[2019-06-24T09:20:39.757+0000][1][safepoint    ] Application time: 0.0047319 seconds
[2019-06-24T09:20:39.757+0000][1][safepoint    ] Entering safepoint region: RevokeBias
[2019-06-24T09:20:39.757+0000][1][safepoint    ] Leaving safepoint region
[2019-06-24T09:20:39.757+0000][1][safepoint    ] Total time for which application threads were stopped: 0.0000801 seconds, Stopping threads took: 0.0000128 seconds
[2019-06-24T09:20:39.896+0000][1][safepoint    ] Application time: 0.1381747 seconds
[2019-06-24T09:20:39.896+0000][1][safepoint    ] Entering safepoint region: RevokeBias
[2019-06-24T09:20:39.896+0000][1][safepoint    ] Leaving safepoint region
[2019-06-24T09:20:39.896+0000][1][safepoint    ] Total time for which application threads were stopped: 0.0003849 seconds, Stopping threads took: 0.0000341 seconds
[2019-06-24T09:20:39.896+0000][1][safepoint    ] Application time: 0.0000705 seconds
[2019-06-24T09:20:39.896+0000][1][safepoint    ] Entering safepoint region: RevokeBias
[2019-06-24T09:20:39.896+0000][1][safepoint    ] Leaving safepoint region
[2019-06-24T09:20:39.896+0000][1][safepoint    ] Total time for which application threads were stopped: 0.0000729 seconds, Stopping threads took: 0.0000292 seconds
[2019-06-24T09:20:39.896+0000][1][safepoint    ] Application time: 0.0001799 seconds
[2019-06-24T09:20:39.897+0000][1][safepoint    ] Entering safepoint region: RevokeBias
[2019-06-24T09:20:39.897+0000][1][safepoint    ] Leaving safepoint region
[2019-06-24T09:20:39.897+0000][1][safepoint    ] Total time for which application threads were stopped: 0.0003224 seconds, Stopping threads took: 0.0002730 seconds
[2019-06-24T09:20:39.897+0000][1][safepoint    ] Application time: 0.0000925 seconds
[2019-06-24T09:20:39.897+0000][1][safepoint    ] Entering safepoint region: RevokeBias
[2019-06-24T09:20:39.897+0000][1][safepoint    ] Leaving safepoint region
[2019-06-24T09:20:39.897+0000][1][safepoint    ] Total time for which application threads were stopped: 0.0002912 seconds, Stopping threads took: 0.0002463 seconds
[2019-06-24T09:20:39.954+0000][1][safepoint    ] Application time: 0.0569137 seconds
[2019-06-24T09:20:39.954+0000][1][safepoint    ] Entering safepoint region: RevokeBias
[2019-06-24T09:20:39.954+0000][1][safepoint    ] Leaving safepoint region
[2019-06-24T09:20:39.954+0000][1][safepoint    ] Total time for which application threads were stopped: 0.0001282 seconds, Stopping threads took: 0.0000167 seconds
[2019-06-24T09:20:39.954+0000][1][safepoint    ] Application time: 0.0001122 seconds
[2019-06-24T09:20:39.955+0000][1][safepoint    ] Entering safepoint region: RevokeBias
[2019-06-24T09:20:39.955+0000][1][safepoint    ] Leaving safepoint region
[2019-06-24T09:20:39.955+0000][1][safepoint    ] Total time for which application threads were stopped: 0.0004702 seconds, Stopping threads took: 0.0003796 seconds
[2019-06-24T09:20:39.955+0000][1][safepoint    ] Application time: 0.0000851 seconds
[2019-06-24T09:20:39.955+0000][1][safepoint    ] Entering safepoint region: RevokeBias
[2019-06-24T09:20:39.955+0000][1][safepoint    ] Leaving safepoint region
[2019-06-24T09:20:39.955+0000][1][safepoint    ] Total time for which application threads were stopped: 0.0001443 seconds, Stopping threads took: 0.0001028 seconds
[2019-06-24T09:20:39.955+0000][1][safepoint    ] Application time: 0.0003301 seconds
[2019-06-24T09:20:39.955+0000][1][safepoint    ] Entering safepoint region: RevokeBias
[2019-06-24T09:20:39.955+0000][1][safepoint    ] Leaving safepoint region
[2019-06-24T09:20:39.955+0000][1][safepoint    ] Total time for which application threads were stopped: 0.0000731 seconds, Stopping threads took: 0.0000122 seconds
[2019-06-24T09:20:39.956+0000][1][safepoint    ] Application time: 0.0002818 seconds
[2019-06-24T09:20:39.956+0000][1][safepoint    ] Entering safepoint region: RevokeBias
[2019-06-24T09:20:39.956+0000][1][safepoint    ] Leaving safepoint region
[2019-06-24T09:20:39.956+0000][1][safepoint    ] Total time for which application threads were stopped: 0.0001139 seconds, Stopping threads took: 0.0000440 seconds
[2019-06-24T09:20:39.956+0000][1][safepoint    ] Application time: 0.0001059 seconds
[2019-06-24T09:20:39.956+0000][1][safepoint    ] Entering safepoint region: RevokeBias
[2019-06-24T09:20:39.956+0000][1][safepoint    ] Leaving safepoint region
[2019-06-24T09:20:39.956+0000][1][safepoint    ] Total time for which application threads were stopped: 0.0001528 seconds, Stopping threads took: 0.0001074 seconds
[2019-06-24T09:20:39.956+0000][1][safepoint    ] Application time: 0.0003149 seconds
[2019-06-24T09:20:39.956+0000][1][safepoint    ] Entering safepoint region: RevokeBias
[2019-06-24T09:20:39.957+0000][1][safepoint    ] Leaving safepoint region
[2019-06-24T09:20:39.957+0000][1][safepoint    ] Total time for which application threads were stopped: 0.0000790 seconds, Stopping threads took: 0.0000119 seconds
[2019-06-24T09:20:39.957+0000][1][safepoint    ] Application time: 0.0000435 seconds
[2019-06-24T09:20:39.957+0000][1][safepoint    ] Entering safepoint region: RevokeBias
[2019-06-24T09:20:39.957+0000][1][safepoint    ] Leaving safepoint region
[2019-06-24T09:20:39.957+0000][1][safepoint    ] Total time for which application threads were stopped: 0.0000662 seconds, Stopping threads took: 0.0000108 seconds
[2019-06-24T09:20:39.957+0000][1][safepoint    ] Application time: 0.0000438 seconds
[2019-06-24T09:20:39.957+0000][1][safepoint    ] Entering safepoint region: RevokeBias
[2019-06-24T09:20:39.957+0000][1][safepoint    ] Leaving safepoint region
[2019-06-24T09:20:39.957+0000][1][safepoint    ] Total time for which application threads were stopped: 0.0000682 seconds, Stopping threads took: 0.0000142 seconds
[2019-06-24T09:20:39.957+0000][1][safepoint    ] Application time: 0.0000431 seconds
[2019-06-24T09:20:39.957+0000][1][safepoint    ] Entering safepoint region: RevokeBias
[2019-06-24T09:20:39.957+0000][1][safepoint    ] Leaving safepoint region
[2019-06-24T09:20:39.957+0000][1][safepoint    ] Total time for which application threads were stopped: 0.0002686 seconds, Stopping threads took: 0.0002009 seconds
[2019-06-24T09:20:39.957+0000][1][safepoint    ] Application time: 0.0000434 seconds
[2019-06-24T09:20:39.957+0000][1][safepoint    ] Entering safepoint region: RevokeBias
[2019-06-24T09:20:39.957+0000][1][safepoint    ] Leaving safepoint region
[2019-06-24T09:20:39.957+0000][1][safepoint    ] Total time for which application threads were stopped: 0.0001854 seconds, Stopping threads took: 0.0001445 seconds
[2019-06-24T09:20:39.957+0000][1][safepoint    ] Application time: 0.0000799 seconds
[2019-06-24T09:20:39.958+0000][1][safepoint    ] Entering safepoint region: RevokeBias
[2019-06-24T09:20:39.958+0000][1][safepoint    ] Leaving safepoint region
[2019-06-24T09:20:39.958+0000][1][safepoint    ] Total time for which application threads were stopped: 0.0000938 seconds, Stopping threads took: 0.0000428 seconds
[2019-06-24T09:20:39.958+0000][1][safepoint    ] Application time: 0.0000468 seconds
[2019-06-24T09:20:39.958+0000][1][safepoint    ] Entering safepoint region: RevokeBias
[2019-06-24T09:20:39.958+0000][1][safepoint    ] Leaving safepoint region
[2019-06-24T09:20:39.958+0000][1][safepoint    ] Total time for which application threads were stopped: 0.0000604 seconds, Stopping threads took: 0.0000320 seconds
[2019-06-24T09:20:39.958+0000][1][safepoint    ] Application time: 0.0000387 seconds
[2019-06-24T09:20:39.958+0000][1][safepoint    ] Entering safepoint region: RevokeBias
[2019-06-24T09:20:39.958+0000][1][safepoint    ] Leaving safepoint region
[2019-06-24T09:20:39.958+0000][1][safepoint    ] Total time for which application threads were stopped: 0.0000561 seconds, Stopping threads took: 0.0000239 seconds
[2019-06-24T09:20:39.958+0000][1][safepoint    ] Application time: 0.0000373 seconds
[2019-06-24T09:20:39.958+0000][1][safepoint    ] Entering safepoint region: RevokeBias
[2019-06-24T09:20:39.958+0000][1][safepoint    ] Leaving safepoint region
[2019-06-24T09:20:39.958+0000][1][safepoint    ] Total time for which application threads were stopped: 0.0000375 seconds, Stopping threads took: 0.0000073 seconds
[2019-06-24T09:20:39.958+0000][1][safepoint    ] Application time: 0.0000377 seconds
[2019-06-24T09:20:39.958+0000][1][safepoint    ] Entering safepoint region: RevokeBias
[2019-06-24T09:20:39.958+0000][1][safepoint    ] Leaving safepoint region
[2019-06-24T09:20:39.958+0000][1][safepoint    ] Total time for which application threads were stopped: 0.0000384 seconds, Stopping threads took: 0.0000073 seconds
[2019-06-24T09:20:39.958+0000][1][safepoint    ] Application time: 0.0000372 seconds
[2019-06-24T09:20:39.958+0000][1][safepoint    ] Entering safepoint region: RevokeBias
[2019-06-24T09:20:39.958+0000][1][safepoint    ] Leaving safepoint region
[2019-06-24T09:20:39.958+0000][1][safepoint    ] Total time for which application threads were stopped: 0.0000592 seconds, Stopping threads took: 0.0000308 seconds
[2019-06-24T09:20:39.958+0000][1][safepoint    ] Application time: 0.0000364 seconds
[2019-06-24T09:20:39.958+0000][1][safepoint    ] Entering safepoint region: RevokeBias
[2019-06-24T09:20:39.958+0000][1][safepoint    ] Leaving safepoint region
[2019-06-24T09:20:39.958+0000][1][safepoint    ] Total time for which application threads were stopped: 0.0000513 seconds, Stopping threads took: 0.0000232 seconds
[2019-06-24T09:20:39.958+0000][1][safepoint    ] Application time: 0.0000363 seconds
[2019-06-24T09:20:39.958+0000][1][safepoint    ] Entering safepoint region: RevokeBias
[2019-06-24T09:20:39.958+0000][1][safepoint    ] Leaving safepoint region
[2019-06-24T09:20:39.958+0000][1][safepoint    ] Total time for which application threads were stopped: 0.0000345 seconds, Stopping threads took: 0.0000068 seconds
[2019-06-24T09:20:39.958+0000][1][safepoint    ] Application time: 0.0000365 seconds
[2019-06-24T09:20:39.958+0000][1][safepoint    ] Entering safepoint region: RevokeBias
[2019-06-24T09:20:39.958+0000][1][safepoint    ] Leaving safepoint region
[2019-06-24T09:20:39.958+0000][1][safepoint    ] Total time for which application threads were stopped: 0.0000665 seconds, Stopping threads took: 0.0000300 seconds
[2019-06-24T09:20:39.958+0000][1][safepoint    ] Application time: 0.0000637 seconds
[2019-06-24T09:20:39.959+0000][1][safepoint    ] Entering safepoint region: RevokeBias
[2019-06-24T09:20:39.959+0000][1][safepoint    ] Leaving safepoint region
[2019-06-24T09:20:39.959+0000][1][safepoint    ] Total time for which application threads were stopped: 0.0000375 seconds, Stopping threads took: 0.0000075 seconds
[2019-06-24T09:20:39.959+0000][1][safepoint    ] Application time: 0.0000359 seconds
[2019-06-24T09:20:39.959+0000][1][safepoint    ] Entering safepoint region: RevokeBias
[2019-06-24T09:20:39.959+0000][1][safepoint    ] Leaving safepoint region
[2019-06-24T09:20:39.959+0000][1][safepoint    ] Total time for which application threads were stopped: 0.0000347 seconds, Stopping threads took: 0.0000066 seconds
[2019-06-24T09:20:39.959+0000][1][safepoint    ] Application time: 0.0000350 seconds
[2019-06-24T09:20:39.959+0000][1][safepoint    ] Entering safepoint region: RevokeBias
[2019-06-24T09:20:39.959+0000][1][safepoint    ] Leaving safepoint region
[2019-06-24T09:20:39.959+0000][1][safepoint    ] Total time for which application threads were stopped: 0.0000555 seconds, Stopping threads took: 0.0000279 seconds
[2019-06-24T09:20:39.959+0000][1][safepoint    ] Application time: 0.0000359 seconds
[2019-06-24T09:20:39.959+0000][1][safepoint    ] Entering safepoint region: RevokeBias
[2019-06-24T09:20:39.959+0000][1][safepoint    ] Leaving safepoint region
[2019-06-24T09:20:39.959+0000][1][safepoint    ] Total time for which application threads were stopped: 0.0000520 seconds, Stopping threads took: 0.0000236 seconds
[2019-06-24T09:20:39.959+0000][1][safepoint    ] Application time: 0.0000346 seconds
[2019-06-24T09:20:39.959+0000][1][safepoint    ] Entering safepoint region: RevokeBias
[2019-06-24T09:20:39.959+0000][1][safepoint    ] Leaving safepoint region
[2019-06-24T09:20:39.959+0000][1][safepoint    ] Total time for which application threads were stopped: 0.0000350 seconds, Stopping threads took: 0.0000066 seconds
[2019-06-24T09:20:39.959+0000][1][safepoint    ] Application time: 0.0000349 seconds
[2019-06-24T09:20:39.959+0000][1][safepoint    ] Entering safepoint region: BulkRevokeBias
[2019-06-24T09:20:39.959+0000][1][safepoint    ] Leaving safepoint region
[2019-06-24T09:20:39.959+0000][1][safepoint    ] Total time for which application threads were stopped: 0.0000867 seconds, Stopping threads took: 0.0000100 seconds
[2019-06-24T09:20:39.959+0000][1][safepoint    ] Application time: 0.0001308 seconds
[2019-06-24T09:20:39.959+0000][1][safepoint    ] Entering safepoint region: RevokeBias
[2019-06-24T09:20:39.959+0000][1][safepoint    ] Leaving safepoint region
[2019-06-24T09:20:39.959+0000][1][safepoint    ] Total time for which application threads were stopped: 0.0000639 seconds, Stopping threads took: 0.0000280 seconds
[2019-06-24T09:20:39.959+0000][1][safepoint    ] Application time: 0.0000553 seconds
[2019-06-24T09:20:39.959+0000][1][safepoint    ] Entering safepoint region: RevokeBias
[2019-06-24T09:20:39.959+0000][1][safepoint    ] Leaving safepoint region
[2019-06-24T09:20:39.959+0000][1][safepoint    ] Total time for which application threads were stopped: 0.0000588 seconds, Stopping threads took: 0.0000246 seconds
[2019-06-24T09:20:39.959+0000][1][safepoint    ] Application time: 0.0000770 seconds
[2019-06-24T09:20:39.959+0000][1][safepoint    ] Entering safepoint region: RevokeBias
[2019-06-24T09:20:39.960+0000][1][safepoint    ] Leaving safepoint region
[2019-06-24T09:20:39.960+0000][1][safepoint    ] Total time for which application threads were stopped: 0.0000612 seconds, Stopping threads took: 0.0000301 seconds
[2019-06-24T09:20:39.960+0000][1][safepoint    ] Application time: 0.0000543 seconds
[2019-06-24T09:20:39.960+0000][1][safepoint    ] Entering safepoint region: RevokeBias
[2019-06-24T09:20:39.960+0000][1][safepoint    ] Leaving safepoint region
[2019-06-24T09:20:39.960+0000][1][safepoint    ] Total time for which application threads were stopped: 0.0000680 seconds, Stopping threads took: 0.0000247 seconds
[2019-06-24T09:20:39.960+0000][1][safepoint    ] Application time: 0.0000618 seconds
[2019-06-24T09:20:39.960+0000][1][safepoint    ] Entering safepoint region: RevokeBias
[2019-06-24T09:20:39.960+0000][1][safepoint    ] Leaving safepoint region
[2019-06-24T09:20:39.960+0000][1][safepoint    ] Total time for which application threads were stopped: 0.0001076 seconds, Stopping threads took: 0.0000531 seconds
[2019-06-24T09:20:39.960+0000][1][safepoint    ] Application time: 0.0000428 seconds
[2019-06-24T09:20:39.960+0000][1][safepoint    ] Entering safepoint region: RevokeBias
[2019-06-24T09:20:39.960+0000][1][safepoint    ] Leaving safepoint region
[2019-06-24T09:20:39.960+0000][1][safepoint    ] Total time for which application threads were stopped: 0.0000727 seconds, Stopping threads took: 0.0000238 seconds
[2019-06-24T09:20:39.960+0000][1][safepoint    ] Application time: 0.0000843 seconds
[2019-06-24T09:20:39.960+0000][1][safepoint    ] Entering safepoint region: RevokeBias
[2019-06-24T09:20:39.960+0000][1][safepoint    ] Leaving safepoint region
[2019-06-24T09:20:39.960+0000][1][safepoint    ] Total time for which application threads were stopped: 0.0000667 seconds, Stopping threads took: 0.0000376 seconds
[2019-06-24T09:20:39.960+0000][1][safepoint    ] Application time: 0.0000395 seconds
[2019-06-24T09:20:39.960+0000][1][safepoint    ] Entering safepoint region: RevokeBias
[2019-06-24T09:20:39.960+0000][1][safepoint    ] Leaving safepoint region
[2019-06-24T09:20:39.960+0000][1][safepoint    ] Total time for which application threads were stopped: 0.0000408 seconds, Stopping threads took: 0.0000099 seconds
[2019-06-24T09:20:39.960+0000][1][safepoint    ] Application time: 0.0000448 seconds
[2019-06-24T09:20:39.960+0000][1][safepoint    ] Entering safepoint region: RevokeBias
[2019-06-24T09:20:39.960+0000][1][safepoint    ] Leaving safepoint region
[2019-06-24T09:20:39.960+0000][1][safepoint    ] Total time for which application threads were stopped: 0.0000662 seconds, Stopping threads took: 0.0000376 seconds
[2019-06-24T09:20:39.960+0000][1][safepoint    ] Application time: 0.0000364 seconds
[2019-06-24T09:20:39.960+0000][1][safepoint    ] Entering safepoint region: RevokeBias
[2019-06-24T09:20:39.960+0000][1][safepoint    ] Leaving safepoint region
[2019-06-24T09:20:39.960+0000][1][safepoint    ] Total time for which application threads were stopped: 0.0000627 seconds, Stopping threads took: 0.0000074 seconds
[2019-06-24T09:20:39.961+0000][1][safepoint    ] Application time: 0.0000460 seconds
[2019-06-24T09:20:39.961+0000][1][safepoint    ] Entering safepoint region: RevokeBias
[2019-06-24T09:20:39.961+0000][1][safepoint    ] Leaving safepoint region
[2019-06-24T09:20:39.961+0000][1][safepoint    ] Total time for which application threads were stopped: 0.0000569 seconds, Stopping threads took: 0.0000070 seconds
[2019-06-24T09:20:39.961+0000][1][safepoint    ] Application time: 0.0000446 seconds
[2019-06-24T09:20:39.961+0000][1][safepoint    ] Entering safepoint region: RevokeBias
[2019-06-24T09:20:39.961+0000][1][safepoint    ] Leaving safepoint region
[2019-06-24T09:20:39.961+0000][1][safepoint    ] Total time for which application threads were stopped: 0.0000527 seconds, Stopping threads took: 0.0000254 seconds
[2019-06-24T09:20:39.961+0000][1][safepoint    ] Application time: 0.0000394 seconds
[2019-06-24T09:20:39.961+0000][1][safepoint    ] Entering safepoint region: RevokeBias
[2019-06-24T09:20:39.961+0000][1][safepoint    ] Leaving safepoint region
[2019-06-24T09:20:39.961+0000][1][safepoint    ] Total time for which application threads were stopped: 0.0002114 seconds, Stopping threads took: 0.0001807 seconds
[2019-06-24T09:20:39.963+0000][1][safepoint    ] Application time: 0.0015223 seconds
[2019-06-24T09:20:39.963+0000][1][safepoint    ] Entering safepoint region: RevokeBias
[2019-06-24T09:20:39.963+0000][1][safepoint    ] Leaving safepoint region
[2019-06-24T09:20:39.963+0000][1][safepoint    ] Total time for which application threads were stopped: 0.0000881 seconds, Stopping threads took: 0.0000313 seconds
[2019-06-24T09:20:39.963+0000][1][safepoint    ] Application time: 0.0000409 seconds
[2019-06-24T09:20:39.963+0000][1][safepoint    ] Entering safepoint region: RevokeBias
[2019-06-24T09:20:39.963+0000][1][safepoint    ] Leaving safepoint region
[2019-06-24T09:20:39.963+0000][1][safepoint    ] Total time for which application threads were stopped: 0.0000422 seconds, Stopping threads took: 0.0000074 seconds
[2019-06-24T09:20:39.963+0000][1][safepoint    ] Application time: 0.0000839 seconds
[2019-06-24T09:20:39.963+0000][1][safepoint    ] Entering safepoint region: RevokeBias
[2019-06-24T09:20:39.963+0000][1][safepoint    ] Leaving safepoint region
[2019-06-24T09:20:39.963+0000][1][safepoint    ] Total time for which application threads were stopped: 0.0000633 seconds, Stopping threads took: 0.0000304 seconds
[2019-06-24T09:20:39.963+0000][1][safepoint    ] Application time: 0.0000973 seconds
[2019-06-24T09:20:39.963+0000][1][safepoint    ] Entering safepoint region: RevokeBias
[2019-06-24T09:20:39.963+0000][1][safepoint    ] Leaving safepoint region
[2019-06-24T09:20:39.963+0000][1][safepoint    ] Total time for which application threads were stopped: 0.0000479 seconds, Stopping threads took: 0.0000064 seconds
[2019-06-24T09:20:39.963+0000][1][safepoint    ] Application time: 0.0000863 seconds
[2019-06-24T09:20:39.963+0000][1][safepoint    ] Entering safepoint region: RevokeBias
[2019-06-24T09:20:39.963+0000][1][safepoint    ] Leaving safepoint region
[2019-06-24T09:20:39.963+0000][1][safepoint    ] Total time for which application threads were stopped: 0.0000387 seconds, Stopping threads took: 0.0000071 seconds
[2019-06-24T09:20:39.963+0000][1][safepoint    ] Application time: 0.0000818 seconds
[2019-06-24T09:20:39.963+0000][1][safepoint    ] Entering safepoint region: RevokeBias
[2019-06-24T09:20:39.963+0000][1][safepoint    ] Leaving safepoint region
[2019-06-24T09:20:39.963+0000][1][safepoint    ] Total time for which application threads were stopped: 0.0000368 seconds, Stopping threads took: 0.0000066 seconds
[2019-06-24T09:20:39.963+0000][1][safepoint    ] Application time: 0.0000301 seconds
[2019-06-24T09:20:39.963+0000][1][safepoint    ] Entering safepoint region: RevokeBias
[2019-06-24T09:20:39.963+0000][1][safepoint    ] Leaving safepoint region
[2019-06-24T09:20:39.963+0000][1][safepoint    ] Total time for which application threads were stopped: 0.0000479 seconds, Stopping threads took: 0.0000065 seconds
[2019-06-24T09:20:39.963+0000][1][safepoint    ] Application time: 0.0000320 seconds
[2019-06-24T09:20:39.963+0000][1][safepoint    ] Entering safepoint region: RevokeBias
[2019-06-24T09:20:39.963+0000][1][safepoint    ] Leaving safepoint region
[2019-06-24T09:20:39.963+0000][1][safepoint    ] Total time for which application threads were stopped: 0.0000375 seconds, Stopping threads took: 0.0000064 seconds
[2019-06-24T09:20:39.964+0000][1][safepoint    ] Application time: 0.0000308 seconds
[2019-06-24T09:20:39.964+0000][1][safepoint    ] Entering safepoint region: RevokeBias
[2019-06-24T09:20:39.964+0000][1][safepoint    ] Leaving safepoint region
[2019-06-24T09:20:39.964+0000][1][safepoint    ] Total time for which application threads were stopped: 0.0000365 seconds, Stopping threads took: 0.0000065 seconds
[2019-06-24T09:20:39.964+0000][1][safepoint    ] Application time: 0.0000308 seconds
[2019-06-24T09:20:39.964+0000][1][safepoint    ] Entering safepoint region: RevokeBias
[2019-06-24T09:20:39.964+0000][1][safepoint    ] Leaving safepoint region
[2019-06-24T09:20:39.964+0000][1][safepoint    ] Total time for which application threads were stopped: 0.0000349 seconds, Stopping threads took: 0.0000065 seconds
[2019-06-24T09:20:39.964+0000][1][safepoint    ] Application time: 0.0000311 seconds
[2019-06-24T09:20:39.964+0000][1][safepoint    ] Entering safepoint region: RevokeBias
[2019-06-24T09:20:39.964+0000][1][safepoint    ] Leaving safepoint region
[2019-06-24T09:20:39.964+0000][1][safepoint    ] Total time for which application threads were stopped: 0.0001082 seconds, Stopping threads took: 0.0000728 seconds
[2019-06-24T09:20:39.964+0000][1][safepoint    ] Application time: 0.0000373 seconds
[2019-06-24T09:20:39.964+0000][1][safepoint    ] Entering safepoint region: BulkRevokeBias
[2019-06-24T09:20:39.964+0000][1][safepoint    ] Leaving safepoint region
[2019-06-24T09:20:39.964+0000][1][safepoint    ] Total time for which application threads were stopped: 0.0001714 seconds, Stopping threads took: 0.0000904 seconds
[2019-06-24T09:20:39.964+0000][1][safepoint    ] Application time: 0.0002403 seconds
[2019-06-24T09:20:39.964+0000][1][safepoint    ] Entering safepoint region: RevokeBias
[2019-06-24T09:20:39.964+0000][1][safepoint    ] Leaving safepoint region
[2019-06-24T09:20:39.964+0000][1][safepoint    ] Total time for which application threads were stopped: 0.0000498 seconds, Stopping threads took: 0.0000081 seconds
[2019-06-24T09:20:39.964+0000][1][safepoint    ] Application time: 0.0000679 seconds
[2019-06-24T09:20:39.964+0000][1][safepoint    ] Entering safepoint region: RevokeBias
[2019-06-24T09:20:39.964+0000][1][safepoint    ] Leaving safepoint region
[2019-06-24T09:20:39.965+0000][1][safepoint    ] Total time for which application threads were stopped: 0.0000874 seconds, Stopping threads took: 0.0000487 seconds
[2019-06-24T09:20:39.965+0000][1][safepoint    ] Application time: 0.0000357 seconds
[2019-06-24T09:20:39.965+0000][1][safepoint    ] Entering safepoint region: RevokeBias
[2019-06-24T09:20:39.965+0000][1][safepoint    ] Leaving safepoint region
[2019-06-24T09:20:39.965+0000][1][safepoint    ] Total time for which application threads were stopped: 0.0001169 seconds, Stopping threads took: 0.0000839 seconds
[2019-06-24T09:20:39.965+0000][1][safepoint    ] Application time: 0.0000380 seconds
[2019-06-24T09:20:39.965+0000][1][safepoint    ] Entering safepoint region: RevokeBias
[2019-06-24T09:20:39.965+0000][1][safepoint    ] Leaving safepoint region
[2019-06-24T09:20:39.965+0000][1][safepoint    ] Total time for which application threads were stopped: 0.0000480 seconds, Stopping threads took: 0.0000213 seconds
[2019-06-24T09:20:39.965+0000][1][safepoint    ] Application time: 0.0000373 seconds
[2019-06-24T09:20:39.965+0000][1][safepoint    ] Entering safepoint region: RevokeBias
[2019-06-24T09:20:39.965+0000][1][safepoint    ] Leaving safepoint region
[2019-06-24T09:20:39.965+0000][1][safepoint    ] Total time for which application threads were stopped: 0.0000579 seconds, Stopping threads took: 0.0000260 seconds
[2019-06-24T09:20:39.965+0000][1][safepoint    ] Application time: 0.0000360 seconds
[2019-06-24T09:20:39.965+0000][1][safepoint    ] Entering safepoint region: RevokeBias
[2019-06-24T09:20:39.965+0000][1][safepoint    ] Leaving safepoint region
[2019-06-24T09:20:39.965+0000][1][safepoint    ] Total time for which application threads were stopped: 0.0000698 seconds, Stopping threads took: 0.0000317 seconds
[2019-06-24T09:20:39.965+0000][1][safepoint    ] Application time: 0.0000391 seconds
[2019-06-24T09:20:39.965+0000][1][safepoint    ] Entering safepoint region: BulkRevokeBias
[2019-06-24T09:20:39.965+0000][1][safepoint    ] Leaving safepoint region
[2019-06-24T09:20:39.965+0000][1][safepoint    ] Total time for which application threads were stopped: 0.0000998 seconds, Stopping threads took: 0.0000225 seconds
[2019-06-24T09:20:39.965+0000][1][safepoint    ] Application time: 0.0001300 seconds
[2019-06-24T09:20:39.965+0000][1][safepoint    ] Entering safepoint region: RevokeBias
[2019-06-24T09:20:39.965+0000][1][safepoint    ] Leaving safepoint region
[2019-06-24T09:20:39.965+0000][1][safepoint    ] Total time for which application threads were stopped: 0.0000643 seconds, Stopping threads took: 0.0000262 seconds
[2019-06-24T09:20:39.966+0000][1][safepoint    ] Application time: 0.0001380 seconds
[2019-06-24T09:20:39.966+0000][1][safepoint    ] Entering safepoint region: RevokeBias
[2019-06-24T09:20:39.966+0000][1][safepoint    ] Leaving safepoint region
[2019-06-24T09:20:39.966+0000][1][safepoint    ] Total time for which application threads were stopped: 0.0001082 seconds, Stopping threads took: 0.0000480 seconds
[2019-06-24T09:20:39.966+0000][1][safepoint    ] Application time: 0.0000515 seconds
[2019-06-24T09:20:39.966+0000][1][safepoint    ] Entering safepoint region: RevokeBias
[2019-06-24T09:20:39.966+0000][1][safepoint    ] Leaving safepoint region
[2019-06-24T09:20:39.966+0000][1][safepoint    ] Total time for which application threads were stopped: 0.0000642 seconds, Stopping threads took: 0.0000269 seconds
[2019-06-24T09:20:39.966+0000][1][safepoint    ] Application time: 0.0000360 seconds
[2019-06-24T09:20:39.966+0000][1][safepoint    ] Entering safepoint region: RevokeBias
[2019-06-24T09:20:39.966+0000][1][safepoint    ] Leaving safepoint region
[2019-06-24T09:20:39.966+0000][1][safepoint    ] Total time for which application threads were stopped: 0.0000691 seconds, Stopping threads took: 0.0000216 seconds
[2019-06-24T09:20:39.966+0000][1][safepoint    ] Application time: 0.0000357 seconds
[2019-06-24T09:20:39.966+0000][1][safepoint    ] Entering safepoint region: RevokeBias
[2019-06-24T09:20:39.966+0000][1][safepoint    ] Leaving safepoint region
[2019-06-24T09:20:39.966+0000][1][safepoint    ] Total time for which application threads were stopped: 0.0000814 seconds, Stopping threads took: 0.0000367 seconds
[2019-06-24T09:20:39.966+0000][1][safepoint    ] Application time: 0.0003598 seconds
[2019-06-24T09:20:39.967+0000][1][safepoint    ] Entering safepoint region: RevokeBias
[2019-06-24T09:20:39.967+0000][1][safepoint    ] Leaving safepoint region
[2019-06-24T09:20:39.967+0000][1][safepoint    ] Total time for which application threads were stopped: 0.0002471 seconds, Stopping threads took: 0.0001933 seconds
[2019-06-24T09:20:39.967+0000][1][safepoint    ] Application time: 0.0001577 seconds
[2019-06-24T09:20:39.967+0000][1][safepoint    ] Entering safepoint region: RevokeBias
[2019-06-24T09:20:39.967+0000][1][safepoint    ] Leaving safepoint region
[2019-06-24T09:20:39.967+0000][1][safepoint    ] Total time for which application threads were stopped: 0.0000844 seconds, Stopping threads took: 0.0000334 seconds
[2019-06-24T09:20:39.968+0000][1][safepoint    ] Application time: 0.0005970 seconds
[2019-06-24T09:20:39.968+0000][1][safepoint    ] Entering safepoint region: RevokeBias
[2019-06-24T09:20:39.968+0000][1][safepoint    ] Leaving safepoint region
[2019-06-24T09:20:39.968+0000][1][safepoint    ] Total time for which application threads were stopped: 0.0000719 seconds, Stopping threads took: 0.0000144 seconds
[2019-06-24T09:20:39.968+0000][1][safepoint    ] Application time: 0.0003883 seconds
[2019-06-24T09:20:39.968+0000][1][safepoint    ] Entering safepoint region: RevokeBias
[2019-06-24T09:20:39.968+0000][1][safepoint    ] Leaving safepoint region
[2019-06-24T09:20:39.968+0000][1][safepoint    ] Total time for which application threads were stopped: 0.0000776 seconds, Stopping threads took: 0.0000258 seconds
[2019-06-24T09:20:39.969+0000][1][safepoint    ] Application time: 0.0005162 seconds
[2019-06-24T09:20:39.969+0000][1][safepoint    ] Entering safepoint region: RevokeBias
[2019-06-24T09:20:39.969+0000][1][safepoint    ] Leaving safepoint region
[2019-06-24T09:20:39.969+0000][1][safepoint    ] Total time for which application threads were stopped: 0.0002870 seconds, Stopping threads took: 0.0002277 seconds
[2019-06-24T09:20:39.971+0000][1][safepoint    ] Application time: 0.0019177 seconds
[2019-06-24T09:20:39.971+0000][1][safepoint    ] Entering safepoint region: RevokeBias
[2019-06-24T09:20:39.971+0000][1][safepoint    ] Leaving safepoint region
[2019-06-24T09:20:39.971+0000][1][safepoint    ] Total time for which application threads were stopped: 0.0000902 seconds, Stopping threads took: 0.0000157 seconds
[2019-06-24T09:20:39.971+0000][1][safepoint    ] Application time: 0.0003007 seconds
[2019-06-24T09:20:39.971+0000][1][safepoint    ] Entering safepoint region: RevokeBias
[2019-06-24T09:20:39.972+0000][1][safepoint    ] Leaving safepoint region
[2019-06-24T09:20:39.972+0000][1][safepoint    ] Total time for which application threads were stopped: 0.0002944 seconds, Stopping threads took: 0.0002270 seconds
[2019-06-24T09:20:39.973+0000][1][safepoint    ] Application time: 0.0018591 seconds
[2019-06-24T09:20:39.974+0000][1][safepoint    ] Entering safepoint region: RevokeBias
[2019-06-24T09:20:39.974+0000][1][safepoint    ] Leaving safepoint region
[2019-06-24T09:20:39.974+0000][1][safepoint    ] Total time for which application threads were stopped: 0.0001941 seconds, Stopping threads took: 0.0001106 seconds
[2019-06-24T09:20:39.974+0000][1][safepoint    ] Application time: 0.0000561 seconds
[2019-06-24T09:20:39.974+0000][1][safepoint    ] Entering safepoint region: RevokeBias
[2019-06-24T09:20:39.974+0000][1][safepoint    ] Leaving safepoint region
[2019-06-24T09:20:39.974+0000][1][safepoint    ] Total time for which application threads were stopped: 0.0000876 seconds, Stopping threads took: 0.0000270 seconds
[2019-06-24T09:20:39.976+0000][1][safepoint    ] Application time: 0.0022233 seconds
[2019-06-24T09:20:39.976+0000][1][safepoint    ] Entering safepoint region: RevokeBias
[2019-06-24T09:20:39.976+0000][1][safepoint    ] Leaving safepoint region
[2019-06-24T09:20:39.976+0000][1][safepoint    ] Total time for which application threads were stopped: 0.0001343 seconds, Stopping threads took: 0.0000406 seconds
[2019-06-24T09:20:39.976+0000][1][safepoint    ] Application time: 0.0000543 seconds
[2019-06-24T09:20:39.976+0000][1][safepoint    ] Entering safepoint region: RevokeBias
[2019-06-24T09:20:39.976+0000][1][safepoint    ] Leaving safepoint region
[2019-06-24T09:20:39.976+0000][1][safepoint    ] Total time for which application threads were stopped: 0.0001164 seconds, Stopping threads took: 0.0000317 seconds
[2019-06-24T09:20:39.977+0000][1][safepoint    ] Application time: 0.0002639 seconds
[2019-06-24T09:20:39.977+0000][1][safepoint    ] Entering safepoint region: RevokeBias
[2019-06-24T09:20:39.977+0000][1][safepoint    ] Leaving safepoint region
[2019-06-24T09:20:39.977+0000][1][safepoint    ] Total time for which application threads were stopped: 0.0001008 seconds, Stopping threads took: 0.0000442 seconds
[2019-06-24T09:20:40.016+0000][1][safepoint    ] Application time: 0.0386800 seconds
[2019-06-24T09:20:40.016+0000][1][safepoint    ] Entering safepoint region: GenCollectForAllocation
[2019-06-24T09:20:40.016+0000][1][gc,start     ] GC(19) Pause Young (Allocation Failure)
[2019-06-24T09:20:40.016+0000][1][gc,task      ] GC(19) Using 5 workers of 8 for evacuation
[2019-06-24T09:20:40.022+0000][1][gc,age       ] GC(19) Desired survivor size 4456448 bytes, new threshold 2 (max threshold 6)
[2019-06-24T09:20:40.022+0000][1][gc,age       ] GC(19) Age table with threshold 2 (max threshold 6)
[2019-06-24T09:20:40.022+0000][1][gc,age       ] GC(19) - age   1:    2843624 bytes,    2843624 total
[2019-06-24T09:20:40.022+0000][1][gc,age       ] GC(19) - age   2:    3949888 bytes,    6793512 total
[2019-06-24T09:20:40.022+0000][1][gc,age       ] GC(19) - age   3:     204656 bytes,    6998168 total
[2019-06-24T09:20:40.022+0000][1][gc,heap      ] GC(19) ParNew: 75087K->8704K(78656K)
[2019-06-24T09:20:40.022+0000][1][gc,heap      ] GC(19) CMS: 55602K->55602K(174784K)
[2019-06-24T09:20:40.022+0000][1][gc,metaspace ] GC(19) Metaspace: 47231K->47231K(1093632K)
[2019-06-24T09:20:40.022+0000][1][gc           ] GC(19) Pause Young (Allocation Failure) 127M->62M(247M) 6.126ms
[2019-06-24T09:20:40.022+0000][1][gc,cpu       ] GC(19) User=0.04s Sys=0.00s Real=0.00s
[2019-06-24T09:20:40.022+0000][1][safepoint    ] Leaving safepoint region
[2019-06-24T09:20:40.022+0000][1][safepoint    ] Total time for which application threads were stopped: 0.0062626 seconds, Stopping threads took: 0.0000179 seconds
[2019-06-24T09:20:40.026+0000][1][safepoint    ] Application time: 0.0042263 seconds
[2019-06-24T09:20:40.026+0000][1][safepoint    ] Entering safepoint region: RevokeBias
[2019-06-24T09:20:40.026+0000][1][safepoint    ] Leaving safepoint region
[2019-06-24T09:20:40.026+0000][1][safepoint    ] Total time for which application threads were stopped: 0.0000774 seconds, Stopping threads took: 0.0000170 seconds
[2019-06-24T09:20:40.038+0000][1][safepoint    ] Application time: 0.0119275 seconds
[2019-06-24T09:20:40.038+0000][1][safepoint    ] Entering safepoint region: RevokeBias
[2019-06-24T09:20:40.038+0000][1][safepoint    ] Leaving safepoint region
[2019-06-24T09:20:40.038+0000][1][safepoint    ] Total time for which application threads were stopped: 0.0000714 seconds, Stopping threads took: 0.0000183 seconds
[2019-06-24T09:20:40.215+0000][1][safepoint    ] Application time: 0.1767896 seconds
[2019-06-24T09:20:40.215+0000][1][safepoint    ] Entering safepoint region: RevokeBias
[2019-06-24T09:20:40.215+0000][1][safepoint    ] Leaving safepoint region
[2019-06-24T09:20:40.215+0000][1][safepoint    ] Total time for which application threads were stopped: 0.0000817 seconds, Stopping threads took: 0.0000175 seconds
[2019-06-24T09:20:40.255+0000][1][safepoint    ] Application time: 0.0393917 seconds
[2019-06-24T09:20:40.255+0000][1][safepoint    ] Entering safepoint region: RevokeBias
[2019-06-24T09:20:40.255+0000][1][safepoint    ] Leaving safepoint region
[2019-06-24T09:20:40.255+0000][1][safepoint    ] Total time for which application threads were stopped: 0.0000753 seconds, Stopping threads took: 0.0000172 seconds
[2019-06-24T09:20:40.575+0000][1][safepoint    ] Application time: 0.3201586 seconds
[2019-06-24T09:20:40.575+0000][1][safepoint    ] Entering safepoint region: GenCollectForAllocation
[2019-06-24T09:20:40.575+0000][1][gc,start     ] GC(20) Pause Young (Allocation Failure)
[2019-06-24T09:20:40.575+0000][1][gc,task      ] GC(20) Using 5 workers of 8 for evacuation
[2019-06-24T09:20:40.587+0000][1][gc,age       ] GC(20) Desired survivor size 4456448 bytes, new threshold 6 (max threshold 6)
[2019-06-24T09:20:40.587+0000][1][gc,age       ] GC(20) Age table with threshold 6 (max threshold 6)
[2019-06-24T09:20:40.587+0000][1][gc,age       ] GC(20) - age   1:    1532080 bytes,    1532080 total
[2019-06-24T09:20:40.587+0000][1][gc,age       ] GC(20) - age   2:    2782936 bytes,    4315016 total
[2019-06-24T09:20:40.587+0000][1][gc,heap      ] GC(20) ParNew: 78656K->6011K(78656K)
[2019-06-24T09:20:40.587+0000][1][gc,heap      ] GC(20) CMS: 55602K->59780K(174784K)
[2019-06-24T09:20:40.587+0000][1][gc,metaspace ] GC(20) Metaspace: 54003K->54003K(1099776K)
[2019-06-24T09:20:40.587+0000][1][gc           ] GC(20) Pause Young (Allocation Failure) 131M->64M(247M) 11.554ms
[2019-06-24T09:20:40.587+0000][1][gc,cpu       ] GC(20) User=0.07s Sys=0.00s Real=0.01s
[2019-06-24T09:20:40.587+0000][1][safepoint    ] Leaving safepoint region
[2019-06-24T09:20:40.587+0000][1][safepoint    ] Total time for which application threads were stopped: 0.0121378 seconds, Stopping threads took: 0.0000182 seconds
[2019-06-24T09:20:40.747+0000][1][safepoint    ] Application time: 0.1597298 seconds
[2019-06-24T09:20:40.747+0000][1][safepoint    ] Entering safepoint region: Deoptimize
[2019-06-24T09:20:40.748+0000][1][safepoint    ] Leaving safepoint region
[2019-06-24T09:20:40.748+0000][1][safepoint    ] Total time for which application threads were stopped: 0.0008454 seconds, Stopping threads took: 0.0000213 seconds
[2019-06-24T09:20:40.755+0000][1][safepoint    ] Application time: 0.0072392 seconds
[2019-06-24T09:20:40.755+0000][1][safepoint    ] Entering safepoint region: RevokeBias
[2019-06-24T09:20:40.755+0000][1][safepoint    ] Leaving safepoint region
[2019-06-24T09:20:40.755+0000][1][safepoint    ] Total time for which application threads were stopped: 0.0000827 seconds, Stopping threads took: 0.0000181 seconds
[2019-06-24T09:20:40.782+0000][1][safepoint    ] Application time: 0.0268054 seconds
[2019-06-24T09:20:40.782+0000][1][safepoint    ] Entering safepoint region: RevokeBias
[2019-06-24T09:20:40.782+0000][1][safepoint    ] Leaving safepoint region
[2019-06-24T09:20:40.782+0000][1][safepoint    ] Total time for which application threads were stopped: 0.0001020 seconds, Stopping threads took: 0.0000200 seconds
[2019-06-24T09:20:40.782+0000][1][safepoint    ] Application time: 0.0000976 seconds
[2019-06-24T09:20:40.782+0000][1][safepoint    ] Entering safepoint region: RevokeBias
[2019-06-24T09:20:40.782+0000][1][safepoint    ] Leaving safepoint region
[2019-06-24T09:20:40.782+0000][1][safepoint    ] Total time for which application threads were stopped: 0.0001334 seconds, Stopping threads took: 0.0000828 seconds
[2019-06-24T09:20:40.782+0000][1][safepoint    ] Application time: 0.0001580 seconds
[2019-06-24T09:20:40.782+0000][1][safepoint    ] Entering safepoint region: RevokeBias
[2019-06-24T09:20:40.783+0000][1][safepoint    ] Leaving safepoint region
[2019-06-24T09:20:40.783+0000][1][safepoint    ] Total time for which application threads were stopped: 0.0001057 seconds, Stopping threads took: 0.0000231 seconds
[2019-06-24T09:20:40.785+0000][1][safepoint    ] Application time: 0.0023163 seconds
[2019-06-24T09:20:40.785+0000][1][safepoint    ] Entering safepoint region: RevokeBias
[2019-06-24T09:20:40.785+0000][1][safepoint    ] Leaving safepoint region
[2019-06-24T09:20:40.785+0000][1][safepoint    ] Total time for which application threads were stopped: 0.0000804 seconds, Stopping threads took: 0.0000162 seconds
[2019-06-24T09:20:40.889+0000][1][safepoint    ] Application time: 0.1043099 seconds
[2019-06-24T09:20:40.889+0000][1][safepoint    ] Entering safepoint region: RevokeBias
[2019-06-24T09:20:40.890+0000][1][safepoint    ] Leaving safepoint region
[2019-06-24T09:20:40.890+0000][1][safepoint    ] Total time for which application threads were stopped: 0.0009607 seconds, Stopping threads took: 0.0000947 seconds
[2019-06-24T09:20:40.890+0000][1][safepoint    ] Application time: 0.0000464 seconds
[2019-06-24T09:20:40.890+0000][1][safepoint    ] Entering safepoint region: RevokeBias
[2019-06-24T09:20:40.890+0000][1][safepoint    ] Leaving safepoint region
[2019-06-24T09:20:40.890+0000][1][safepoint    ] Total time for which application threads were stopped: 0.0000397 seconds, Stopping threads took: 0.0000079 seconds
[2019-06-24T09:20:40.891+0000][1][safepoint    ] Application time: 0.0005935 seconds
[2019-06-24T09:20:40.891+0000][1][safepoint    ] Entering safepoint region: RevokeBias
[2019-06-24T09:20:40.891+0000][1][safepoint    ] Leaving safepoint region
[2019-06-24T09:20:40.891+0000][1][safepoint    ] Total time for which application threads were stopped: 0.0000918 seconds, Stopping threads took: 0.0000230 seconds
[2019-06-24T09:20:40.896+0000][1][safepoint    ] Application time: 0.0052011 seconds
[2019-06-24T09:20:40.896+0000][1][safepoint    ] Entering safepoint region: RevokeBias
[2019-06-24T09:20:40.896+0000][1][safepoint    ] Leaving safepoint region
[2019-06-24T09:20:40.896+0000][1][safepoint    ] Total time for which application threads were stopped: 0.0000529 seconds, Stopping threads took: 0.0000115 seconds
[2019-06-24T09:20:40.903+0000][1][safepoint    ] Application time: 0.0061056 seconds
[2019-06-24T09:20:40.903+0000][1][safepoint    ] Entering safepoint region: RevokeBias
[2019-06-24T09:20:40.903+0000][1][safepoint    ] Leaving safepoint region
[2019-06-24T09:20:40.903+0000][1][safepoint    ] Total time for which application threads were stopped: 0.0000492 seconds, Stopping threads took: 0.0000114 seconds
[2019-06-24T09:20:40.904+0000][1][safepoint    ] Application time: 0.0018534 seconds
[2019-06-24T09:20:40.904+0000][1][safepoint    ] Entering safepoint region: RevokeBias
[2019-06-24T09:20:40.905+0000][1][safepoint    ] Leaving safepoint region
[2019-06-24T09:20:40.905+0000][1][safepoint    ] Total time for which application threads were stopped: 0.0000428 seconds, Stopping threads took: 0.0000101 seconds
[2019-06-24T09:20:40.922+0000][1][safepoint    ] Application time: 0.0172050 seconds
[2019-06-24T09:20:40.922+0000][1][safepoint    ] Entering safepoint region: RevokeBias
[2019-06-24T09:20:40.922+0000][1][safepoint    ] Leaving safepoint region
[2019-06-24T09:20:40.922+0000][1][safepoint    ] Total time for which application threads were stopped: 0.0000704 seconds, Stopping threads took: 0.0000124 seconds
[2019-06-24T09:20:40.940+0000][1][safepoint    ] Application time: 0.0182950 seconds
[2019-06-24T09:20:40.940+0000][1][safepoint    ] Entering safepoint region: Deoptimize
[2019-06-24T09:20:40.941+0000][1][safepoint    ] Leaving safepoint region
[2019-06-24T09:20:40.941+0000][1][safepoint    ] Total time for which application threads were stopped: 0.0003854 seconds, Stopping threads took: 0.0000117 seconds
[2019-06-24T09:20:41.264+0000][1][safepoint    ] Application time: 0.3234664 seconds
[2019-06-24T09:20:41.264+0000][1][safepoint    ] Entering safepoint region: BulkRevokeBias
[2019-06-24T09:20:41.264+0000][1][safepoint    ] Leaving safepoint region
[2019-06-24T09:20:41.264+0000][1][safepoint    ] Total time for which application threads were stopped: 0.0001677 seconds, Stopping threads took: 0.0000466 seconds
[2019-06-24T09:20:41.306+0000][1][safepoint    ] Application time: 0.0417587 seconds
[2019-06-24T09:20:41.306+0000][1][safepoint    ] Entering safepoint region: RevokeBias
[2019-06-24T09:20:41.306+0000][1][safepoint    ] Leaving safepoint region
[2019-06-24T09:20:41.306+0000][1][safepoint    ] Total time for which application threads were stopped: 0.0000565 seconds, Stopping threads took: 0.0000126 seconds
[2019-06-24T09:20:41.306+0000][1][safepoint    ] Application time: 0.0000693 seconds
[2019-06-24T09:20:41.306+0000][1][safepoint    ] Entering safepoint region: RevokeBias
[2019-06-24T09:20:41.306+0000][1][safepoint    ] Leaving safepoint region
[2019-06-24T09:20:41.306+0000][1][safepoint    ] Total time for which application threads were stopped: 0.0000319 seconds, Stopping threads took: 0.0000079 seconds
[2019-06-24T09:20:41.306+0000][1][safepoint    ] Application time: 0.0000435 seconds
[2019-06-24T09:20:41.306+0000][1][safepoint    ] Entering safepoint region: RevokeBias
[2019-06-24T09:20:41.306+0000][1][safepoint    ] Leaving safepoint region
[2019-06-24T09:20:41.306+0000][1][safepoint    ] Total time for which application threads were stopped: 0.0000331 seconds, Stopping threads took: 0.0000078 seconds
[2019-06-24T09:20:41.306+0000][1][safepoint    ] Application time: 0.0000882 seconds
[2019-06-24T09:20:41.306+0000][1][safepoint    ] Entering safepoint region: RevokeBias
[2019-06-24T09:20:41.306+0000][1][safepoint    ] Leaving safepoint region
[2019-06-24T09:20:41.306+0000][1][safepoint    ] Total time for which application threads were stopped: 0.0000288 seconds, Stopping threads took: 0.0000072 seconds
[2019-06-24T09:20:41.307+0000][1][safepoint    ] Application time: 0.0001253 seconds
[2019-06-24T09:20:41.307+0000][1][safepoint    ] Entering safepoint region: RevokeBias
[2019-06-24T09:20:41.307+0000][1][safepoint    ] Leaving safepoint region
[2019-06-24T09:20:41.307+0000][1][safepoint    ] Total time for which application threads were stopped: 0.0000302 seconds, Stopping threads took: 0.0000079 seconds
[2019-06-24T09:20:41.307+0000][1][safepoint    ] Application time: 0.0001014 seconds
[2019-06-24T09:20:41.307+0000][1][safepoint    ] Entering safepoint region: RevokeBias
[2019-06-24T09:20:41.307+0000][1][safepoint    ] Leaving safepoint region
[2019-06-24T09:20:41.307+0000][1][safepoint    ] Total time for which application threads were stopped: 0.0000320 seconds, Stopping threads took: 0.0000078 seconds
[2019-06-24T09:20:41.307+0000][1][safepoint    ] Application time: 0.0000320 seconds
[2019-06-24T09:20:41.307+0000][1][safepoint    ] Entering safepoint region: RevokeBias
[2019-06-24T09:20:41.307+0000][1][safepoint    ] Leaving safepoint region
[2019-06-24T09:20:41.307+0000][1][safepoint    ] Total time for which application threads were stopped: 0.0000276 seconds, Stopping threads took: 0.0000070 seconds
[2019-06-24T09:20:41.315+0000][1][safepoint    ] Application time: 0.0081733 seconds
[2019-06-24T09:20:41.315+0000][1][safepoint    ] Entering safepoint region: GenCollectForAllocation
[2019-06-24T09:20:41.315+0000][1][gc,start     ] GC(21) Pause Young (Allocation Failure)
[2019-06-24T09:20:41.315+0000][1][gc,task      ] GC(21) Using 5 workers of 8 for evacuation
[2019-06-24T09:20:41.322+0000][1][gc,age       ] GC(21) Desired survivor size 4456448 bytes, new threshold 2 (max threshold 6)
[2019-06-24T09:20:41.322+0000][1][gc,age       ] GC(21) Age table with threshold 2 (max threshold 6)
[2019-06-24T09:20:41.322+0000][1][gc,age       ] GC(21) - age   1:    3576928 bytes,    3576928 total
[2019-06-24T09:20:41.322+0000][1][gc,age       ] GC(21) - age   2:    1423240 bytes,    5000168 total
[2019-06-24T09:20:41.322+0000][1][gc,age       ] GC(21) - age   3:    2684624 bytes,    7684792 total
[2019-06-24T09:20:41.322+0000][1][gc,heap      ] GC(21) ParNew: 75963K->8704K(78656K)
[2019-06-24T09:20:41.322+0000][1][gc,heap      ] GC(21) CMS: 59780K->60152K(174784K)
[2019-06-24T09:20:41.322+0000][1][gc,metaspace ] GC(21) Metaspace: 61952K->61952K(1105920K)
[2019-06-24T09:20:41.322+0000][1][gc           ] GC(21) Pause Young (Allocation Failure) 132M->67M(247M) 7.327ms
[2019-06-24T09:20:41.322+0000][1][gc,cpu       ] GC(21) User=0.04s Sys=0.00s Real=0.00s
[2019-06-24T09:20:41.322+0000][1][safepoint    ] Leaving safepoint region
[2019-06-24T09:20:41.323+0000][1][safepoint    ] Total time for which application threads were stopped: 0.0074850 seconds, Stopping threads took: 0.0000269 seconds
[2019-06-24T09:20:41.353+0000][1][safepoint    ] Application time: 0.0300068 seconds
[2019-06-24T09:20:41.353+0000][1][safepoint    ] Entering safepoint region: Deoptimize
[2019-06-24T09:20:41.353+0000][1][safepoint    ] Leaving safepoint region
[2019-06-24T09:20:41.353+0000][1][safepoint    ] Total time for which application threads were stopped: 0.0004220 seconds, Stopping threads took: 0.0000122 seconds
[2019-06-24T09:20:41.359+0000][1][safepoint    ] Application time: 0.0059964 seconds
[2019-06-24T09:20:41.359+0000][1][safepoint    ] Entering safepoint region: RevokeBias
[2019-06-24T09:20:41.359+0000][1][safepoint    ] Leaving safepoint region
[2019-06-24T09:20:41.359+0000][1][safepoint    ] Total time for which application threads were stopped: 0.0001426 seconds, Stopping threads took: 0.0000570 seconds
[2019-06-24T09:20:41.360+0000][1][safepoint    ] Application time: 0.0004665 seconds
[2019-06-24T09:20:41.360+0000][1][safepoint    ] Entering safepoint region: RevokeBias
[2019-06-24T09:20:41.360+0000][1][safepoint    ] Leaving safepoint region
[2019-06-24T09:20:41.360+0000][1][safepoint    ] Total time for which application threads were stopped: 0.0000684 seconds, Stopping threads took: 0.0000227 seconds
[2019-06-24T09:20:41.360+0000][1][safepoint    ] Application time: 0.0006946 seconds
[2019-06-24T09:20:41.360+0000][1][safepoint    ] Entering safepoint region: RevokeBias
[2019-06-24T09:20:41.361+0000][1][safepoint    ] Leaving safepoint region
[2019-06-24T09:20:41.361+0000][1][safepoint    ] Total time for which application threads were stopped: 0.0000696 seconds, Stopping threads took: 0.0000142 seconds
[2019-06-24T09:20:41.361+0000][1][safepoint    ] Application time: 0.0003716 seconds
[2019-06-24T09:20:41.361+0000][1][safepoint    ] Entering safepoint region: RevokeBias
[2019-06-24T09:20:41.361+0000][1][safepoint    ] Leaving safepoint region
[2019-06-24T09:20:41.361+0000][1][safepoint    ] Total time for which application threads were stopped: 0.0000687 seconds, Stopping threads took: 0.0000122 seconds
[2019-06-24T09:20:41.361+0000][1][safepoint    ] Application time: 0.0000901 seconds
[2019-06-24T09:20:41.361+0000][1][safepoint    ] Entering safepoint region: RevokeBias
[2019-06-24T09:20:41.361+0000][1][safepoint    ] Leaving safepoint region
[2019-06-24T09:20:41.361+0000][1][safepoint    ] Total time for which application threads were stopped: 0.0000594 seconds, Stopping threads took: 0.0000109 seconds
[2019-06-24T09:20:41.361+0000][1][safepoint    ] Application time: 0.0001285 seconds
[2019-06-24T09:20:41.361+0000][1][safepoint    ] Entering safepoint region: BulkRevokeBias
[2019-06-24T09:20:41.361+0000][1][safepoint    ] Leaving safepoint region
[2019-06-24T09:20:41.361+0000][1][safepoint    ] Total time for which application threads were stopped: 0.0001469 seconds, Stopping threads took: 0.0000113 seconds
[2019-06-24T09:20:41.362+0000][1][safepoint    ] Application time: 0.0001295 seconds
[2019-06-24T09:20:41.362+0000][1][safepoint    ] Entering safepoint region: RevokeBias
[2019-06-24T09:20:41.362+0000][1][safepoint    ] Leaving safepoint region
[2019-06-24T09:20:41.362+0000][1][safepoint    ] Total time for which application threads were stopped: 0.0000672 seconds, Stopping threads took: 0.0000131 seconds
[2019-06-24T09:20:41.362+0000][1][safepoint    ] Application time: 0.0002163 seconds
[2019-06-24T09:20:41.362+0000][1][safepoint    ] Entering safepoint region: RevokeBias
[2019-06-24T09:20:41.362+0000][1][safepoint    ] Leaving safepoint region
[2019-06-24T09:20:41.362+0000][1][safepoint    ] Total time for which application threads were stopped: 0.0000564 seconds, Stopping threads took: 0.0000118 seconds
[2019-06-24T09:20:41.362+0000][1][safepoint    ] Application time: 0.0001984 seconds
[2019-06-24T09:20:41.362+0000][1][safepoint    ] Entering safepoint region: RevokeBias
[2019-06-24T09:20:41.362+0000][1][safepoint    ] Leaving safepoint region
[2019-06-24T09:20:41.362+0000][1][safepoint    ] Total time for which application threads were stopped: 0.0000634 seconds, Stopping threads took: 0.0000109 seconds
[2019-06-24T09:20:41.362+0000][1][safepoint    ] Application time: 0.0000908 seconds
[2019-06-24T09:20:41.362+0000][1][safepoint    ] Entering safepoint region: RevokeBias
[2019-06-24T09:20:41.362+0000][1][safepoint    ] Leaving safepoint region
[2019-06-24T09:20:41.362+0000][1][safepoint    ] Total time for which application threads were stopped: 0.0000597 seconds, Stopping threads took: 0.0000109 seconds
[2019-06-24T09:20:41.363+0000][1][safepoint    ] Application time: 0.0005059 seconds
[2019-06-24T09:20:41.363+0000][1][safepoint    ] Entering safepoint region: RevokeBias
[2019-06-24T09:20:41.363+0000][1][safepoint    ] Leaving safepoint region
[2019-06-24T09:20:41.363+0000][1][safepoint    ] Total time for which application threads were stopped: 0.0000753 seconds, Stopping threads took: 0.0000125 seconds
[2019-06-24T09:20:41.364+0000][1][safepoint    ] Application time: 0.0008558 seconds
[2019-06-24T09:20:41.364+0000][1][safepoint    ] Entering safepoint region: RevokeBias
[2019-06-24T09:20:41.364+0000][1][safepoint    ] Leaving safepoint region
[2019-06-24T09:20:41.364+0000][1][safepoint    ] Total time for which application threads were stopped: 0.0000699 seconds, Stopping threads took: 0.0000122 seconds
[2019-06-24T09:20:41.364+0000][1][safepoint    ] Application time: 0.0001352 seconds
[2019-06-24T09:20:41.364+0000][1][safepoint    ] Entering safepoint region: RevokeBias
[2019-06-24T09:20:41.364+0000][1][safepoint    ] Leaving safepoint region
[2019-06-24T09:20:41.364+0000][1][safepoint    ] Total time for which application threads were stopped: 0.0000672 seconds, Stopping threads took: 0.0000106 seconds
[2019-06-24T09:20:41.366+0000][1][safepoint    ] Application time: 0.0015242 seconds
[2019-06-24T09:20:41.366+0000][1][safepoint    ] Entering safepoint region: RevokeBias
[2019-06-24T09:20:41.366+0000][1][safepoint    ] Leaving safepoint region
[2019-06-24T09:20:41.366+0000][1][safepoint    ] Total time for which application threads were stopped: 0.0000643 seconds, Stopping threads took: 0.0000166 seconds
[2019-06-24T09:20:41.366+0000][1][safepoint    ] Application time: 0.0000860 seconds
[2019-06-24T09:20:41.366+0000][1][safepoint    ] Entering safepoint region: RevokeBias
[2019-06-24T09:20:41.366+0000][1][safepoint    ] Leaving safepoint region
[2019-06-24T09:20:41.366+0000][1][safepoint    ] Total time for which application threads were stopped: 0.0000953 seconds, Stopping threads took: 0.0000462 seconds
[2019-06-24T09:20:41.368+0000][1][safepoint    ] Application time: 0.0014935 seconds
[2019-06-24T09:20:41.368+0000][1][safepoint    ] Entering safepoint region: RevokeBias
[2019-06-24T09:20:41.368+0000][1][safepoint    ] Leaving safepoint region
[2019-06-24T09:20:41.368+0000][1][safepoint    ] Total time for which application threads were stopped: 0.0001041 seconds, Stopping threads took: 0.0000424 seconds
[2019-06-24T09:20:41.368+0000][1][safepoint    ] Application time: 0.0003453 seconds
[2019-06-24T09:20:41.368+0000][1][safepoint    ] Entering safepoint region: RevokeBias
[2019-06-24T09:20:41.368+0000][1][safepoint    ] Leaving safepoint region
[2019-06-24T09:20:41.368+0000][1][safepoint    ] Total time for which application threads were stopped: 0.0002111 seconds, Stopping threads took: 0.0001241 seconds
[2019-06-24T09:20:41.369+0000][1][safepoint    ] Application time: 0.0002642 seconds
[2019-06-24T09:20:41.369+0000][1][safepoint    ] Entering safepoint region: RevokeBias
[2019-06-24T09:20:41.369+0000][1][safepoint    ] Leaving safepoint region
[2019-06-24T09:20:41.369+0000][1][safepoint    ] Total time for which application threads were stopped: 0.0001409 seconds, Stopping threads took: 0.0000709 seconds
[2019-06-24T09:20:41.369+0000][1][safepoint    ] Application time: 0.0002504 seconds
[2019-06-24T09:20:41.369+0000][1][safepoint    ] Entering safepoint region: RevokeBias
[2019-06-24T09:20:41.369+0000][1][safepoint    ] Leaving safepoint region
[2019-06-24T09:20:41.369+0000][1][safepoint    ] Total time for which application threads were stopped: 0.0001728 seconds, Stopping threads took: 0.0000780 seconds
[2019-06-24T09:20:41.369+0000][1][safepoint    ] Application time: 0.0001174 seconds
[2019-06-24T09:20:41.369+0000][1][safepoint    ] Entering safepoint region: RevokeBias
[2019-06-24T09:20:41.369+0000][1][safepoint    ] Leaving safepoint region
[2019-06-24T09:20:41.369+0000][1][safepoint    ] Total time for which application threads were stopped: 0.0001060 seconds, Stopping threads took: 0.0000533 seconds
[2019-06-24T09:20:41.370+0000][1][safepoint    ] Application time: 0.0002553 seconds
[2019-06-24T09:20:41.370+0000][1][safepoint    ] Entering safepoint region: RevokeBias
[2019-06-24T09:20:41.370+0000][1][safepoint    ] Leaving safepoint region
[2019-06-24T09:20:41.370+0000][1][safepoint    ] Total time for which application threads were stopped: 0.0001117 seconds, Stopping threads took: 0.0000473 seconds
[2019-06-24T09:20:41.370+0000][1][safepoint    ] Application time: 0.0003537 seconds
[2019-06-24T09:20:41.370+0000][1][safepoint    ] Entering safepoint region: RevokeBias
[2019-06-24T09:20:41.370+0000][1][safepoint    ] Leaving safepoint region
[2019-06-24T09:20:41.370+0000][1][safepoint    ] Total time for which application threads were stopped: 0.0001157 seconds, Stopping threads took: 0.0000462 seconds
[2019-06-24T09:20:41.371+0000][1][safepoint    ] Application time: 0.0002203 seconds
[2019-06-24T09:20:41.371+0000][1][safepoint    ] Entering safepoint region: RevokeBias
[2019-06-24T09:20:41.371+0000][1][safepoint    ] Leaving safepoint region
[2019-06-24T09:20:41.371+0000][1][safepoint    ] Total time for which application threads were stopped: 0.0000938 seconds, Stopping threads took: 0.0000506 seconds
[2019-06-24T09:20:41.371+0000][1][safepoint    ] Application time: 0.0001964 seconds
[2019-06-24T09:20:41.371+0000][1][safepoint    ] Entering safepoint region: RevokeBias
[2019-06-24T09:20:41.371+0000][1][safepoint    ] Leaving safepoint region
[2019-06-24T09:20:41.371+0000][1][safepoint    ] Total time for which application threads were stopped: 0.0001237 seconds, Stopping threads took: 0.0000658 seconds
[2019-06-24T09:20:41.371+0000][1][safepoint    ] Application time: 0.0000950 seconds
[2019-06-24T09:20:41.371+0000][1][safepoint    ] Entering safepoint region: RevokeBias
[2019-06-24T09:20:41.371+0000][1][safepoint    ] Leaving safepoint region
[2019-06-24T09:20:41.371+0000][1][safepoint    ] Total time for which application threads were stopped: 0.0000473 seconds, Stopping threads took: 0.0000093 seconds
[2019-06-24T09:20:41.371+0000][1][safepoint    ] Application time: 0.0001302 seconds
[2019-06-24T09:20:41.371+0000][1][safepoint    ] Entering safepoint region: RevokeBias
[2019-06-24T09:20:41.371+0000][1][safepoint    ] Leaving safepoint region
[2019-06-24T09:20:41.371+0000][1][safepoint    ] Total time for which application threads were stopped: 0.0001141 seconds, Stopping threads took: 0.0000726 seconds
[2019-06-24T09:20:41.372+0000][1][safepoint    ] Application time: 0.0001720 seconds
[2019-06-24T09:20:41.372+0000][1][safepoint    ] Entering safepoint region: RevokeBias
[2019-06-24T09:20:41.372+0000][1][safepoint    ] Leaving safepoint region
[2019-06-24T09:20:41.372+0000][1][safepoint    ] Total time for which application threads were stopped: 0.0000872 seconds, Stopping threads took: 0.0000421 seconds
[2019-06-24T09:20:41.372+0000][1][safepoint    ] Application time: 0.0002637 seconds
[2019-06-24T09:20:41.375+0000][1][safepoint    ] Entering safepoint region: RevokeBias
[2019-06-24T09:20:41.375+0000][1][safepoint    ] Leaving safepoint region
[2019-06-24T09:20:41.375+0000][1][safepoint    ] Total time for which application threads were stopped: 0.0026446 seconds, Stopping threads took: 0.0025866 seconds
[2019-06-24T09:20:41.375+0000][1][safepoint    ] Application time: 0.0000681 seconds
[2019-06-24T09:20:41.375+0000][1][safepoint    ] Entering safepoint region: RevokeBias
[2019-06-24T09:20:41.375+0000][1][safepoint    ] Leaving safepoint region
[2019-06-24T09:20:41.375+0000][1][safepoint    ] Total time for which application threads were stopped: 0.0000640 seconds, Stopping threads took: 0.0000219 seconds
[2019-06-24T09:20:41.376+0000][1][safepoint    ] Application time: 0.0007223 seconds
[2019-06-24T09:20:41.376+0000][1][safepoint    ] Entering safepoint region: RevokeBias
[2019-06-24T09:20:41.376+0000][1][safepoint    ] Leaving safepoint region
[2019-06-24T09:20:41.376+0000][1][safepoint    ] Total time for which application threads were stopped: 0.0001020 seconds, Stopping threads took: 0.0000411 seconds
[2019-06-24T09:20:41.376+0000][1][safepoint    ] Application time: 0.0002973 seconds
[2019-06-24T09:20:41.376+0000][1][safepoint    ] Entering safepoint region: RevokeBias
[2019-06-24T09:20:41.376+0000][1][safepoint    ] Leaving safepoint region
[2019-06-24T09:20:41.376+0000][1][safepoint    ] Total time for which application threads were stopped: 0.0000677 seconds, Stopping threads took: 0.0000151 seconds
[2019-06-24T09:20:41.376+0000][1][safepoint    ] Application time: 0.0004517 seconds
[2019-06-24T09:20:41.377+0000][1][safepoint    ] Entering safepoint region: RevokeBias
[2019-06-24T09:20:41.377+0000][1][safepoint    ] Leaving safepoint region
[2019-06-24T09:20:41.377+0000][1][safepoint    ] Total time for which application threads were stopped: 0.0001093 seconds, Stopping threads took: 0.0000321 seconds
[2019-06-24T09:20:41.377+0000][1][safepoint    ] Application time: 0.0002531 seconds
[2019-06-24T09:20:41.377+0000][1][safepoint    ] Entering safepoint region: RevokeBias
[2019-06-24T09:20:41.377+0000][1][safepoint    ] Leaving safepoint region
[2019-06-24T09:20:41.377+0000][1][safepoint    ] Total time for which application threads were stopped: 0.0001801 seconds, Stopping threads took: 0.0000807 seconds
[2019-06-24T09:20:41.377+0000][1][safepoint    ] Application time: 0.0001480 seconds
[2019-06-24T09:20:41.377+0000][1][safepoint    ] Entering safepoint region: RevokeBias
[2019-06-24T09:20:41.377+0000][1][safepoint    ] Leaving safepoint region
[2019-06-24T09:20:41.377+0000][1][safepoint    ] Total time for which application threads were stopped: 0.0001094 seconds, Stopping threads took: 0.0000285 seconds
[2019-06-24T09:20:41.381+0000][1][safepoint    ] Application time: 0.0040852 seconds
[2019-06-24T09:20:41.382+0000][1][safepoint    ] Entering safepoint region: RevokeBias
[2019-06-24T09:20:41.382+0000][1][safepoint    ] Leaving safepoint region
[2019-06-24T09:20:41.382+0000][1][safepoint    ] Total time for which application threads were stopped: 0.0001212 seconds, Stopping threads took: 0.0000746 seconds
[2019-06-24T09:20:41.382+0000][1][safepoint    ] Application time: 0.0001204 seconds
[2019-06-24T09:20:41.382+0000][1][safepoint    ] Entering safepoint region: RevokeBias
[2019-06-24T09:20:41.382+0000][1][safepoint    ] Leaving safepoint region
[2019-06-24T09:20:41.382+0000][1][safepoint    ] Total time for which application threads were stopped: 0.0001211 seconds, Stopping threads took: 0.0000713 seconds
[2019-06-24T09:20:41.382+0000][1][safepoint    ] Application time: 0.0001247 seconds
[2019-06-24T09:20:41.382+0000][1][safepoint    ] Entering safepoint region: RevokeBias
[2019-06-24T09:20:41.382+0000][1][safepoint    ] Leaving safepoint region
[2019-06-24T09:20:41.382+0000][1][safepoint    ] Total time for which application threads were stopped: 0.0000410 seconds, Stopping threads took: 0.0000089 seconds
[2019-06-24T09:20:41.382+0000][1][safepoint    ] Application time: 0.0001048 seconds
[2019-06-24T09:20:41.382+0000][1][safepoint    ] Entering safepoint region: RevokeBias
[2019-06-24T09:20:41.382+0000][1][safepoint    ] Leaving safepoint region
[2019-06-24T09:20:41.382+0000][1][safepoint    ] Total time for which application threads were stopped: 0.0000361 seconds, Stopping threads took: 0.0000111 seconds
[2019-06-24T09:20:41.382+0000][1][safepoint    ] Application time: 0.0000355 seconds
[2019-06-24T09:20:41.382+0000][1][safepoint    ] Entering safepoint region: RevokeBias
[2019-06-24T09:20:41.382+0000][1][safepoint    ] Leaving safepoint region
[2019-06-24T09:20:41.382+0000][1][safepoint    ] Total time for which application threads were stopped: 0.0000300 seconds, Stopping threads took: 0.0000065 seconds
[2019-06-24T09:20:41.382+0000][1][safepoint    ] Application time: 0.0000706 seconds
[2019-06-24T09:20:41.382+0000][1][safepoint    ] Entering safepoint region: RevokeBias
[2019-06-24T09:20:41.383+0000][1][safepoint    ] Leaving safepoint region
[2019-06-24T09:20:41.383+0000][1][safepoint    ] Total time for which application threads were stopped: 0.0001156 seconds, Stopping threads took: 0.0000896 seconds
[2019-06-24T09:20:41.386+0000][1][safepoint    ] Application time: 0.0039050 seconds
[2019-06-24T09:20:41.387+0000][1][safepoint    ] Entering safepoint region: RevokeBias
[2019-06-24T09:20:41.387+0000][1][safepoint    ] Leaving safepoint region
[2019-06-24T09:20:41.387+0000][1][safepoint    ] Total time for which application threads were stopped: 0.0000380 seconds, Stopping threads took: 0.0000146 seconds
[2019-06-24T09:20:41.393+0000][1][safepoint    ] Application time: 0.0067902 seconds
[2019-06-24T09:20:41.393+0000][1][safepoint    ] Entering safepoint region: RevokeBias
[2019-06-24T09:20:41.393+0000][1][safepoint    ] Leaving safepoint region
[2019-06-24T09:20:41.393+0000][1][safepoint    ] Total time for which application threads were stopped: 0.0000462 seconds, Stopping threads took: 0.0000120 seconds
[2019-06-24T09:20:41.394+0000][1][safepoint    ] Application time: 0.0001316 seconds
[2019-06-24T09:20:41.394+0000][1][safepoint    ] Entering safepoint region: BulkRevokeBias
[2019-06-24T09:20:41.394+0000][1][safepoint    ] Leaving safepoint region
[2019-06-24T09:20:41.394+0000][1][safepoint    ] Total time for which application threads were stopped: 0.0001052 seconds, Stopping threads took: 0.0000097 seconds
[2019-06-24T09:20:41.892+0000][1][safepoint    ] Application time: 0.4984941 seconds
[2019-06-24T09:20:41.892+0000][1][safepoint    ] Entering safepoint region: RevokeBias
[2019-06-24T09:20:41.892+0000][1][safepoint    ] Leaving safepoint region
[2019-06-24T09:20:41.892+0000][1][safepoint    ] Total time for which application threads were stopped: 0.0000491 seconds, Stopping threads took: 0.0000106 seconds
[2019-06-24T09:20:41.892+0000][1][safepoint    ] Application time: 0.0001087 seconds
[2019-06-24T09:20:41.892+0000][1][safepoint    ] Entering safepoint region: RevokeBias
[2019-06-24T09:20:41.892+0000][1][safepoint    ] Leaving safepoint region
[2019-06-24T09:20:41.892+0000][1][safepoint    ] Total time for which application threads were stopped: 0.0000326 seconds, Stopping threads took: 0.0000090 seconds
[2019-06-24T09:20:42.255+0000][1][safepoint    ] Application time: 0.3630369 seconds
[2019-06-24T09:20:42.256+0000][1][safepoint    ] Entering safepoint region: RevokeBias
[2019-06-24T09:20:42.256+0000][1][safepoint    ] Leaving safepoint region
[2019-06-24T09:20:42.256+0000][1][safepoint    ] Total time for which application threads were stopped: 0.0001386 seconds, Stopping threads took: 0.0000412 seconds
[2019-06-24T09:20:42.256+0000][1][safepoint    ] Application time: 0.0002965 seconds
[2019-06-24T09:20:42.256+0000][1][safepoint    ] Entering safepoint region: RevokeBias
[2019-06-24T09:20:42.256+0000][1][safepoint    ] Leaving safepoint region
[2019-06-24T09:20:42.256+0000][1][safepoint    ] Total time for which application threads were stopped: 0.0000896 seconds, Stopping threads took: 0.0000314 seconds
[2019-06-24T09:20:42.256+0000][1][safepoint    ] Application time: 0.0002764 seconds
[2019-06-24T09:20:42.257+0000][1][safepoint    ] Entering safepoint region: RevokeBias
[2019-06-24T09:20:42.257+0000][1][safepoint    ] Leaving safepoint region
[2019-06-24T09:20:42.257+0000][1][safepoint    ] Total time for which application threads were stopped: 0.0000900 seconds, Stopping threads took: 0.0000309 seconds
[2019-06-24T09:20:42.257+0000][1][safepoint    ] Application time: 0.0002654 seconds
[2019-06-24T09:20:42.257+0000][1][safepoint    ] Entering safepoint region: RevokeBias
[2019-06-24T09:20:42.257+0000][1][safepoint    ] Leaving safepoint region
[2019-06-24T09:20:42.257+0000][1][safepoint    ] Total time for which application threads were stopped: 0.0001168 seconds, Stopping threads took: 0.0000383 seconds
[2019-06-24T09:20:42.257+0000][1][safepoint    ] Application time: 0.0002467 seconds
[2019-06-24T09:20:42.258+0000][1][safepoint    ] Entering safepoint region: RevokeBias
[2019-06-24T09:20:42.258+0000][1][safepoint    ] Leaving safepoint region
[2019-06-24T09:20:42.258+0000][1][safepoint    ] Total time for which application threads were stopped: 0.0003491 seconds, Stopping threads took: 0.0002815 seconds
[2019-06-24T09:20:42.258+0000][1][safepoint    ] Application time: 0.0002964 seconds
[2019-06-24T09:20:42.258+0000][1][safepoint    ] Entering safepoint region: RevokeBias
[2019-06-24T09:20:42.258+0000][1][safepoint    ] Leaving safepoint region
[2019-06-24T09:20:42.258+0000][1][safepoint    ] Total time for which application threads were stopped: 0.0000881 seconds, Stopping threads took: 0.0000301 seconds
[2019-06-24T09:20:42.258+0000][1][safepoint    ] Application time: 0.0002119 seconds
[2019-06-24T09:20:42.258+0000][1][safepoint    ] Entering safepoint region: RevokeBias
[2019-06-24T09:20:42.259+0000][1][safepoint    ] Leaving safepoint region
[2019-06-24T09:20:42.259+0000][1][safepoint    ] Total time for which application threads were stopped: 0.0001224 seconds, Stopping threads took: 0.0000735 seconds
[2019-06-24T09:20:42.259+0000][1][safepoint    ] Application time: 0.0002072 seconds
[2019-06-24T09:20:42.259+0000][1][safepoint    ] Entering safepoint region: RevokeBias
[2019-06-24T09:20:42.259+0000][1][safepoint    ] Leaving safepoint region
[2019-06-24T09:20:42.259+0000][1][safepoint    ] Total time for which application threads were stopped: 0.0000625 seconds, Stopping threads took: 0.0000211 seconds
[2019-06-24T09:20:42.268+0000][1][safepoint    ] Application time: 0.0087445 seconds
[2019-06-24T09:20:42.268+0000][1][safepoint    ] Entering safepoint region: RevokeBias
[2019-06-24T09:20:42.268+0000][1][safepoint    ] Leaving safepoint region
[2019-06-24T09:20:42.268+0000][1][safepoint    ] Total time for which application threads were stopped: 0.0001096 seconds, Stopping threads took: 0.0000371 seconds
[2019-06-24T09:20:42.270+0000][1][safepoint    ] Application time: 0.0019069 seconds
[2019-06-24T09:20:42.270+0000][1][safepoint    ] Entering safepoint region: RevokeBias
[2019-06-24T09:20:42.270+0000][1][safepoint    ] Leaving safepoint region
[2019-06-24T09:20:42.270+0000][1][safepoint    ] Total time for which application threads were stopped: 0.0002845 seconds, Stopping threads took: 0.0001899 seconds
[2019-06-24T09:20:42.271+0000][1][safepoint    ] Application time: 0.0004632 seconds
[2019-06-24T09:20:42.271+0000][1][safepoint    ] Entering safepoint region: RevokeBias
[2019-06-24T09:20:42.271+0000][1][safepoint    ] Leaving safepoint region
[2019-06-24T09:20:42.271+0000][1][safepoint    ] Total time for which application threads were stopped: 0.0002685 seconds, Stopping threads took: 0.0001793 seconds
[2019-06-24T09:20:42.272+0000][1][safepoint    ] Application time: 0.0010386 seconds
[2019-06-24T09:20:42.272+0000][1][safepoint    ] Entering safepoint region: RevokeBias
[2019-06-24T09:20:42.272+0000][1][safepoint    ] Leaving safepoint region
[2019-06-24T09:20:42.272+0000][1][safepoint    ] Total time for which application threads were stopped: 0.0001220 seconds, Stopping threads took: 0.0000323 seconds
[2019-06-24T09:20:42.272+0000][1][safepoint    ] Application time: 0.0001734 seconds
[2019-06-24T09:20:42.273+0000][1][safepoint    ] Entering safepoint region: RevokeBias
[2019-06-24T09:20:42.273+0000][1][safepoint    ] Leaving safepoint region
[2019-06-24T09:20:42.273+0000][1][safepoint    ] Total time for which application threads were stopped: 0.0004025 seconds, Stopping threads took: 0.0003116 seconds
[2019-06-24T09:20:42.277+0000][1][safepoint    ] Application time: 0.0040335 seconds
[2019-06-24T09:20:42.277+0000][1][safepoint    ] Entering safepoint region: RevokeBias
[2019-06-24T09:20:42.277+0000][1][safepoint    ] Leaving safepoint region
[2019-06-24T09:20:42.277+0000][1][safepoint    ] Total time for which application threads were stopped: 0.0001099 seconds, Stopping threads took: 0.0000329 seconds
[2019-06-24T09:20:42.285+0000][1][safepoint    ] Application time: 0.0080283 seconds
[2019-06-24T09:20:42.285+0000][1][safepoint    ] Entering safepoint region: RevokeBias
[2019-06-24T09:20:42.285+0000][1][safepoint    ] Leaving safepoint region
[2019-06-24T09:20:42.285+0000][1][safepoint    ] Total time for which application threads were stopped: 0.0000540 seconds, Stopping threads took: 0.0000151 seconds
[2019-06-24T09:20:42.285+0000][1][safepoint    ] Application time: 0.0000607 seconds
[2019-06-24T09:20:42.285+0000][1][safepoint    ] Entering safepoint region: RevokeBias
[2019-06-24T09:20:42.285+0000][1][safepoint    ] Leaving safepoint region
[2019-06-24T09:20:42.285+0000][1][safepoint    ] Total time for which application threads were stopped: 0.0000346 seconds, Stopping threads took: 0.0000093 seconds
[2019-06-24T09:20:42.285+0000][1][safepoint    ] Application time: 0.0000481 seconds
[2019-06-24T09:20:42.285+0000][1][safepoint    ] Entering safepoint region: RevokeBias
[2019-06-24T09:20:42.285+0000][1][safepoint    ] Leaving safepoint region
[2019-06-24T09:20:42.285+0000][1][safepoint    ] Total time for which application threads were stopped: 0.0000324 seconds, Stopping threads took: 0.0000090 seconds
[2019-06-24T09:20:42.286+0000][1][safepoint    ] Application time: 0.0004981 seconds
[2019-06-24T09:20:42.286+0000][1][safepoint    ] Entering safepoint region: RevokeBias
[2019-06-24T09:20:42.286+0000][1][safepoint    ] Leaving safepoint region
[2019-06-24T09:20:42.286+0000][1][safepoint    ] Total time for which application threads were stopped: 0.0001370 seconds, Stopping threads took: 0.0001000 seconds
[2019-06-24T09:20:42.286+0000][1][safepoint    ] Application time: 0.0000644 seconds
[2019-06-24T09:20:42.286+0000][1][safepoint    ] Entering safepoint region: RevokeBias
[2019-06-24T09:20:42.286+0000][1][safepoint    ] Leaving safepoint region
[2019-06-24T09:20:42.286+0000][1][safepoint    ] Total time for which application threads were stopped: 0.0001615 seconds, Stopping threads took: 0.0001272 seconds
[2019-06-24T09:20:42.286+0000][1][safepoint    ] Application time: 0.0000542 seconds
[2019-06-24T09:20:42.286+0000][1][safepoint    ] Entering safepoint region: RevokeBias
[2019-06-24T09:20:42.286+0000][1][safepoint    ] Leaving safepoint region
[2019-06-24T09:20:42.286+0000][1][safepoint    ] Total time for which application threads were stopped: 0.0000525 seconds, Stopping threads took: 0.0000245 seconds
[2019-06-24T09:20:42.287+0000][1][safepoint    ] Application time: 0.0004461 seconds
[2019-06-24T09:20:42.287+0000][1][safepoint    ] Entering safepoint region: RevokeBias
[2019-06-24T09:20:42.287+0000][1][safepoint    ] Leaving safepoint region
[2019-06-24T09:20:42.287+0000][1][safepoint    ] Total time for which application threads were stopped: 0.0000488 seconds, Stopping threads took: 0.0000137 seconds
[2019-06-24T09:20:42.288+0000][1][safepoint    ] Application time: 0.0005866 seconds
[2019-06-24T09:20:42.288+0000][1][safepoint    ] Entering safepoint region: RevokeBias
[2019-06-24T09:20:42.288+0000][1][safepoint    ] Leaving safepoint region
[2019-06-24T09:20:42.288+0000][1][safepoint    ] Total time for which application threads were stopped: 0.0000573 seconds, Stopping threads took: 0.0000164 seconds
[2019-06-24T09:20:42.288+0000][1][safepoint    ] Application time: 0.0001482 seconds
[2019-06-24T09:20:42.288+0000][1][safepoint    ] Entering safepoint region: BulkRevokeBias
[2019-06-24T09:20:42.288+0000][1][safepoint    ] Leaving safepoint region
[2019-06-24T09:20:42.288+0000][1][safepoint    ] Total time for which application threads were stopped: 0.0001452 seconds, Stopping threads took: 0.0000453 seconds
[2019-06-24T09:20:42.289+0000][1][safepoint    ] Application time: 0.0004735 seconds
[2019-06-24T09:20:42.289+0000][1][safepoint    ] Entering safepoint region: RevokeBias
[2019-06-24T09:20:42.289+0000][1][safepoint    ] Leaving safepoint region
[2019-06-24T09:20:42.289+0000][1][safepoint    ] Total time for which application threads were stopped: 0.0000384 seconds, Stopping threads took: 0.0000094 seconds
[2019-06-24T09:20:42.289+0000][1][safepoint    ] Application time: 0.0003048 seconds
[2019-06-24T09:20:42.289+0000][1][safepoint    ] Entering safepoint region: RevokeBias
[2019-06-24T09:20:42.289+0000][1][safepoint    ] Leaving safepoint region
[2019-06-24T09:20:42.289+0000][1][safepoint    ] Total time for which application threads were stopped: 0.0000675 seconds, Stopping threads took: 0.0000384 seconds
[2019-06-24T09:20:42.290+0000][1][safepoint    ] Application time: 0.0010363 seconds
[2019-06-24T09:20:42.290+0000][1][safepoint    ] Entering safepoint region: RevokeBias
[2019-06-24T09:20:42.290+0000][1][safepoint    ] Leaving safepoint region
[2019-06-24T09:20:42.290+0000][1][safepoint    ] Total time for which application threads were stopped: 0.0000611 seconds, Stopping threads took: 0.0000331 seconds
[2019-06-24T09:20:42.290+0000][1][safepoint    ] Application time: 0.0001716 seconds
[2019-06-24T09:20:42.290+0000][1][safepoint    ] Entering safepoint region: RevokeBias
[2019-06-24T09:20:42.290+0000][1][safepoint    ] Leaving safepoint region
[2019-06-24T09:20:42.290+0000][1][safepoint    ] Total time for which application threads were stopped: 0.0000311 seconds, Stopping threads took: 0.0000093 seconds
[2019-06-24T09:20:42.290+0000][1][safepoint    ] Application time: 0.0000793 seconds
[2019-06-24T09:20:42.290+0000][1][safepoint    ] Entering safepoint region: RevokeBias
[2019-06-24T09:20:42.290+0000][1][safepoint    ] Leaving safepoint region
[2019-06-24T09:20:42.290+0000][1][safepoint    ] Total time for which application threads were stopped: 0.0000272 seconds, Stopping threads took: 0.0000075 seconds
[2019-06-24T09:20:42.291+0000][1][safepoint    ] Application time: 0.0001718 seconds
[2019-06-24T09:20:42.291+0000][1][safepoint    ] Entering safepoint region: RevokeBias
[2019-06-24T09:20:42.291+0000][1][safepoint    ] Leaving safepoint region
[2019-06-24T09:20:42.291+0000][1][safepoint    ] Total time for which application threads were stopped: 0.0000375 seconds, Stopping threads took: 0.0000112 seconds
[2019-06-24T09:20:42.292+0000][1][safepoint    ] Application time: 0.0016552 seconds
[2019-06-24T09:20:42.292+0000][1][safepoint    ] Entering safepoint region: RevokeBias
[2019-06-24T09:20:42.292+0000][1][safepoint    ] Leaving safepoint region
[2019-06-24T09:20:42.292+0000][1][safepoint    ] Total time for which application threads were stopped: 0.0000543 seconds, Stopping threads took: 0.0000153 seconds
[2019-06-24T09:20:42.293+0000][1][safepoint    ] Application time: 0.0001168 seconds
[2019-06-24T09:20:42.293+0000][1][safepoint    ] Entering safepoint region: RevokeBias
[2019-06-24T09:20:42.293+0000][1][safepoint    ] Leaving safepoint region
[2019-06-24T09:20:42.293+0000][1][safepoint    ] Total time for which application threads were stopped: 0.0000389 seconds, Stopping threads took: 0.0000116 seconds
[2019-06-24T09:20:42.293+0000][1][safepoint    ] Application time: 0.0001149 seconds
[2019-06-24T09:20:42.293+0000][1][safepoint    ] Entering safepoint region: RevokeBias
[2019-06-24T09:20:42.293+0000][1][safepoint    ] Leaving safepoint region
[2019-06-24T09:20:42.293+0000][1][safepoint    ] Total time for which application threads were stopped: 0.0000416 seconds, Stopping threads took: 0.0000121 seconds
[2019-06-24T09:20:42.293+0000][1][safepoint    ] Application time: 0.0001074 seconds
[2019-06-24T09:20:42.293+0000][1][safepoint    ] Entering safepoint region: RevokeBias
[2019-06-24T09:20:42.293+0000][1][safepoint    ] Leaving safepoint region
[2019-06-24T09:20:42.293+0000][1][safepoint    ] Total time for which application threads were stopped: 0.0000663 seconds, Stopping threads took: 0.0000448 seconds
[2019-06-24T09:20:42.293+0000][1][safepoint    ] Application time: 0.0000606 seconds
[2019-06-24T09:20:42.293+0000][1][safepoint    ] Entering safepoint region: RevokeBias
[2019-06-24T09:20:42.293+0000][1][safepoint    ] Leaving safepoint region
[2019-06-24T09:20:42.293+0000][1][safepoint    ] Total time for which application threads were stopped: 0.0000913 seconds, Stopping threads took: 0.0000475 seconds
[2019-06-24T09:20:42.293+0000][1][safepoint    ] Application time: 0.0001074 seconds
[2019-06-24T09:20:42.293+0000][1][safepoint    ] Entering safepoint region: RevokeBias
[2019-06-24T09:20:42.293+0000][1][safepoint    ] Leaving safepoint region
[2019-06-24T09:20:42.293+0000][1][safepoint    ] Total time for which application threads were stopped: 0.0001033 seconds, Stopping threads took: 0.0000734 seconds
[2019-06-24T09:20:42.294+0000][1][safepoint    ] Application time: 0.0001471 seconds
[2019-06-24T09:20:42.294+0000][1][safepoint    ] Entering safepoint region: RevokeBias
[2019-06-24T09:20:42.294+0000][1][safepoint    ] Leaving safepoint region
[2019-06-24T09:20:42.294+0000][1][safepoint    ] Total time for which application threads were stopped: 0.0000737 seconds, Stopping threads took: 0.0000454 seconds
[2019-06-24T09:20:42.296+0000][1][gc,heap,exit ] Heap
[2019-06-24T09:20:42.296+0000][1][gc,heap,exit ]  par new generation   total 78656K, used 27712K [0x00000000f0000000, 0x00000000f5550000, 0x00000000f5550000)
[2019-06-24T09:20:42.296+0000][1][gc,heap,exit ]   eden space 69952K,  27% used [0x00000000f0000000, 0x00000000f12901a8, 0x00000000f4450000)
[2019-06-24T09:20:42.296+0000][1][gc,heap,exit ]   from space 8704K, 100% used [0x00000000f4450000, 0x00000000f4cd0000, 0x00000000f4cd0000)
[2019-06-24T09:20:42.296+0000][1][gc,heap,exit ]   to   space 8704K,   0% used [0x00000000f4cd0000, 0x00000000f4cd0000, 0x00000000f5550000)
[2019-06-24T09:20:42.296+0000][1][gc,heap,exit ]  concurrent mark-sweep generation total 174784K, used 60152K [0x00000000f5550000, 0x0000000100000000, 0x0000000100000000)
[2019-06-24T09:20:42.296+0000][1][gc,heap,exit ]  Metaspace       used 63123K, capacity 67810K, committed 67964K, reserved 1107968K
[2019-06-24T09:20:42.296+0000][1][gc,heap,exit ]   class space    used 8596K, capacity 10559K, committed 10620K, reserved 1048576K
[2019-06-24T09:20:42.296+0000][1][safepoint    ] Application time: 0.0026115 seconds
[2019-06-24T09:20:42.296+0000][1][safepoint    ] Entering safepoint region: Halt
