[2019-06-24T09:23:03.950+0000][1][gc] Using Concurrent Mark Sweep
[2019-06-24T09:23:03.950+0000][1][gc,heap,coops] Heap address: 0x00000000f0000000, size: 256 MB, Compressed Oops mode: 32-bit
[2019-06-24T09:23:03.992+0000][1][safepoint    ] Entering safepoint region: EnableBiasedLocking
[2019-06-24T09:23:03.992+0000][1][safepoint    ] Leaving safepoint region
[2019-06-24T09:23:03.992+0000][1][safepoint    ] Total time for which application threads were stopped: 0.0000979 seconds, Stopping threads took: 0.0000415 seconds
[2019-06-24T09:23:03.995+0000][1][safepoint    ] Application time: 0.0022439 seconds
[2019-06-24T09:23:03.995+0000][1][safepoint    ] Entering safepoint region: RevokeBias
[2019-06-24T09:23:03.995+0000][1][safepoint    ] Leaving safepoint region
[2019-06-24T09:23:03.995+0000][1][safepoint    ] Total time for which application threads were stopped: 0.0000737 seconds, Stopping threads took: 0.0000328 seconds
[2019-06-24T09:23:04.002+0000][1][safepoint    ] Application time: 0.0071893 seconds
[2019-06-24T09:23:04.002+0000][1][safepoint    ] Entering safepoint region: Deoptimize
[2019-06-24T09:23:04.002+0000][1][safepoint    ] Leaving safepoint region
[2019-06-24T09:23:04.002+0000][1][safepoint    ] Total time for which application threads were stopped: 0.0000455 seconds, Stopping threads took: 0.0000086 seconds
[2019-06-24T09:23:04.091+0000][1][safepoint    ] Application time: 0.0888907 seconds
[2019-06-24T09:23:04.091+0000][1][safepoint    ] Entering safepoint region: RevokeBias
[2019-06-24T09:23:04.091+0000][1][safepoint    ] Leaving safepoint region
[2019-06-24T09:23:04.091+0000][1][safepoint    ] Total time for which application threads were stopped: 0.0000653 seconds, Stopping threads took: 0.0000082 seconds
[2019-06-24T09:23:04.114+0000][1][safepoint    ] Application time: 0.0231490 seconds
[2019-06-24T09:23:04.114+0000][1][safepoint    ] Entering safepoint region: Deoptimize
[2019-06-24T09:23:04.114+0000][1][safepoint    ] Leaving safepoint region
[2019-06-24T09:23:04.114+0000][1][safepoint    ] Total time for which application threads were stopped: 0.0000769 seconds, Stopping threads took: 0.0000108 seconds
[2019-06-24T09:23:04.339+0000][1][safepoint    ] Application time: 0.2248126 seconds
[2019-06-24T09:23:04.339+0000][1][safepoint    ] Entering safepoint region: Deoptimize
[2019-06-24T09:23:04.339+0000][1][safepoint    ] Leaving safepoint region
[2019-06-24T09:23:04.339+0000][1][safepoint    ] Total time for which application threads were stopped: 0.0001314 seconds, Stopping threads took: 0.0000097 seconds
[2019-06-24T09:23:04.360+0000][1][safepoint    ] Application time: 0.0208408 seconds
[2019-06-24T09:23:04.360+0000][1][safepoint    ] Entering safepoint region: Deoptimize
[2019-06-24T09:23:04.360+0000][1][safepoint    ] Leaving safepoint region
[2019-06-24T09:23:04.360+0000][1][safepoint    ] Total time for which application threads were stopped: 0.0000887 seconds, Stopping threads took: 0.0000081 seconds
[2019-06-24T09:23:04.393+0000][1][safepoint    ] Application time: 0.0332809 seconds
[2019-06-24T09:23:04.393+0000][1][safepoint    ] Entering safepoint region: Deoptimize
[2019-06-24T09:23:04.394+0000][1][safepoint    ] Leaving safepoint region
[2019-06-24T09:23:04.394+0000][1][safepoint    ] Total time for which application threads were stopped: 0.0001126 seconds, Stopping threads took: 0.0000134 seconds
[2019-06-24T09:23:04.405+0000][1][safepoint    ] Application time: 0.0112267 seconds
[2019-06-24T09:23:04.405+0000][1][safepoint    ] Entering safepoint region: Deoptimize
[2019-06-24T09:23:04.405+0000][1][safepoint    ] Leaving safepoint region
[2019-06-24T09:23:04.405+0000][1][safepoint    ] Total time for which application threads were stopped: 0.0001336 seconds, Stopping threads took: 0.0000129 seconds
[2019-06-24T09:23:04.739+0000][1][safepoint    ] Application time: 0.3338844 seconds
[2019-06-24T09:23:04.739+0000][1][safepoint    ] Entering safepoint region: Deoptimize
[2019-06-24T09:23:04.739+0000][1][safepoint    ] Leaving safepoint region
[2019-06-24T09:23:04.739+0000][1][safepoint    ] Total time for which application threads were stopped: 0.0003147 seconds, Stopping threads took: 0.0000137 seconds
[2019-06-24T09:23:04.949+0000][1][safepoint    ] Application time: 0.2099936 seconds
[2019-06-24T09:23:04.949+0000][1][safepoint    ] Entering safepoint region: RevokeBias
[2019-06-24T09:23:04.949+0000][1][safepoint    ] Leaving safepoint region
[2019-06-24T09:23:04.949+0000][1][safepoint    ] Total time for which application threads were stopped: 0.0001886 seconds, Stopping threads took: 0.0000713 seconds
[2019-06-24T09:23:05.035+0000][1][safepoint    ] Application time: 0.0859127 seconds
[2019-06-24T09:23:05.035+0000][1][safepoint    ] Entering safepoint region: Deoptimize
[2019-06-24T09:23:05.036+0000][1][safepoint    ] Leaving safepoint region
[2019-06-24T09:23:05.036+0000][1][safepoint    ] Total time for which application threads were stopped: 0.0002338 seconds, Stopping threads took: 0.0000133 seconds
[2019-06-24T09:23:05.128+0000][1][safepoint    ] Application time: 0.0922737 seconds
[2019-06-24T09:23:05.128+0000][1][safepoint    ] Entering safepoint region: Deoptimize
[2019-06-24T09:23:05.128+0000][1][safepoint    ] Leaving safepoint region
[2019-06-24T09:23:05.128+0000][1][safepoint    ] Total time for which application threads were stopped: 0.0001862 seconds, Stopping threads took: 0.0000170 seconds
[2019-06-24T09:23:05.128+0000][1][safepoint    ] Application time: 0.0001346 seconds
[2019-06-24T09:23:05.128+0000][1][safepoint    ] Entering safepoint region: Deoptimize
[2019-06-24T09:23:05.128+0000][1][safepoint    ] Leaving safepoint region
[2019-06-24T09:23:05.128+0000][1][safepoint    ] Total time for which application threads were stopped: 0.0001149 seconds, Stopping threads took: 0.0000065 seconds
[2019-06-24T09:23:05.147+0000][1][safepoint    ] Application time: 0.0189624 seconds
[2019-06-24T09:23:05.147+0000][1][safepoint    ] Entering safepoint region: Deoptimize
[2019-06-24T09:23:05.148+0000][1][safepoint    ] Leaving safepoint region
[2019-06-24T09:23:05.148+0000][1][safepoint    ] Total time for which application threads were stopped: 0.0001535 seconds, Stopping threads took: 0.0000096 seconds
[2019-06-24T09:23:05.159+0000][1][safepoint    ] Application time: 0.0110676 seconds
[2019-06-24T09:23:05.159+0000][1][safepoint    ] Entering safepoint region: Deoptimize
[2019-06-24T09:23:05.159+0000][1][safepoint    ] Leaving safepoint region
[2019-06-24T09:23:05.159+0000][1][safepoint    ] Total time for which application threads were stopped: 0.0002114 seconds, Stopping threads took: 0.0000143 seconds
[2019-06-24T09:23:05.165+0000][1][safepoint    ] Application time: 0.0066116 seconds
[2019-06-24T09:23:05.166+0000][1][safepoint    ] Entering safepoint region: RevokeBias
[2019-06-24T09:23:05.166+0000][1][safepoint    ] Leaving safepoint region
[2019-06-24T09:23:05.166+0000][1][safepoint    ] Total time for which application threads were stopped: 0.0000580 seconds, Stopping threads took: 0.0000235 seconds
[2019-06-24T09:23:05.166+0000][1][safepoint    ] Application time: 0.0001544 seconds
[2019-06-24T09:23:05.166+0000][1][safepoint    ] Entering safepoint region: RevokeBias
[2019-06-24T09:23:05.166+0000][1][safepoint    ] Leaving safepoint region
[2019-06-24T09:23:05.166+0000][1][safepoint    ] Total time for which application threads were stopped: 0.0000484 seconds, Stopping threads took: 0.0000227 seconds
[2019-06-24T09:23:05.166+0000][1][safepoint    ] Application time: 0.0001313 seconds
[2019-06-24T09:23:05.166+0000][1][safepoint    ] Entering safepoint region: RevokeBias
[2019-06-24T09:23:05.166+0000][1][safepoint    ] Leaving safepoint region
[2019-06-24T09:23:05.166+0000][1][safepoint    ] Total time for which application threads were stopped: 0.0000475 seconds, Stopping threads took: 0.0000227 seconds
[2019-06-24T09:23:05.166+0000][1][safepoint    ] Application time: 0.0001657 seconds
[2019-06-24T09:23:05.166+0000][1][safepoint    ] Entering safepoint region: RevokeBias
[2019-06-24T09:23:05.166+0000][1][safepoint    ] Leaving safepoint region
[2019-06-24T09:23:05.166+0000][1][safepoint    ] Total time for which application threads were stopped: 0.0000476 seconds, Stopping threads took: 0.0000226 seconds
[2019-06-24T09:23:05.167+0000][1][safepoint    ] Application time: 0.0003511 seconds
[2019-06-24T09:23:05.167+0000][1][safepoint    ] Entering safepoint region: RevokeBias
[2019-06-24T09:23:05.167+0000][1][safepoint    ] Leaving safepoint region
[2019-06-24T09:23:05.167+0000][1][safepoint    ] Total time for which application threads were stopped: 0.0000513 seconds, Stopping threads took: 0.0000230 seconds
[2019-06-24T09:23:05.168+0000][1][safepoint    ] Application time: 0.0014768 seconds
[2019-06-24T09:23:05.168+0000][1][safepoint    ] Entering safepoint region: RevokeBias
[2019-06-24T09:23:05.168+0000][1][safepoint    ] Leaving safepoint region
[2019-06-24T09:23:05.168+0000][1][safepoint    ] Total time for which application threads were stopped: 0.0000307 seconds, Stopping threads took: 0.0000080 seconds
[2019-06-24T09:23:05.251+0000][1][safepoint    ] Application time: 0.0824571 seconds
[2019-06-24T09:23:05.251+0000][1][safepoint    ] Entering safepoint region: GenCollectForAllocation
[2019-06-24T09:23:05.251+0000][1][gc,start     ] GC(0) Pause Young (Allocation Failure)
[2019-06-24T09:23:05.252+0000][1][gc,task      ] GC(0) Using 5 workers of 8 for evacuation
[2019-06-24T09:23:05.257+0000][1][gc,age       ] GC(0) Desired survivor size 4456448 bytes, new threshold 1 (max threshold 6)
[2019-06-24T09:23:05.257+0000][1][gc,age       ] GC(0) Age table with threshold 1 (max threshold 6)
[2019-06-24T09:23:05.257+0000][1][gc,age       ] GC(0) - age   1:    7965456 bytes,    7965456 total
[2019-06-24T09:23:05.257+0000][1][gc,heap      ] GC(0) ParNew: 69952K->7884K(78656K)
[2019-06-24T09:23:05.257+0000][1][gc,heap      ] GC(0) CMS: 0K->0K(174784K)
[2019-06-24T09:23:05.257+0000][1][gc,metaspace ] GC(0) Metaspace: 11994K->11994K(1060864K)
[2019-06-24T09:23:05.257+0000][1][gc           ] GC(0) Pause Young (Allocation Failure) 68M->7M(247M) 5.969ms
[2019-06-24T09:23:05.257+0000][1][gc,cpu       ] GC(0) User=0.03s Sys=0.01s Real=0.01s
[2019-06-24T09:23:05.257+0000][1][safepoint    ] Leaving safepoint region
[2019-06-24T09:23:05.257+0000][1][safepoint    ] Total time for which application threads were stopped: 0.0063143 seconds, Stopping threads took: 0.0002430 seconds
[2019-06-24T09:23:05.257+0000][1][safepoint    ] Application time: 0.0002719 seconds
[2019-06-24T09:23:05.257+0000][1][safepoint    ] Entering safepoint region: RevokeBias
[2019-06-24T09:23:05.257+0000][1][safepoint    ] Leaving safepoint region
[2019-06-24T09:23:05.257+0000][1][safepoint    ] Total time for which application threads were stopped: 0.0001600 seconds, Stopping threads took: 0.0000717 seconds
[2019-06-24T09:23:05.258+0000][1][safepoint    ] Application time: 0.0000568 seconds
[2019-06-24T09:23:05.258+0000][1][safepoint    ] Entering safepoint region: RevokeBias
[2019-06-24T09:23:05.258+0000][1][safepoint    ] Leaving safepoint region
[2019-06-24T09:23:05.258+0000][1][safepoint    ] Total time for which application threads were stopped: 0.0001414 seconds, Stopping threads took: 0.0000724 seconds
[2019-06-24T09:23:05.258+0000][1][safepoint    ] Application time: 0.0004837 seconds
[2019-06-24T09:23:05.258+0000][1][safepoint    ] Entering safepoint region: RevokeBias
[2019-06-24T09:23:05.258+0000][1][safepoint    ] Leaving safepoint region
[2019-06-24T09:23:05.258+0000][1][safepoint    ] Total time for which application threads were stopped: 0.0001602 seconds, Stopping threads took: 0.0000673 seconds
[2019-06-24T09:23:05.259+0000][1][safepoint    ] Application time: 0.0001257 seconds
[2019-06-24T09:23:05.259+0000][1][safepoint    ] Entering safepoint region: RevokeBias
[2019-06-24T09:23:05.259+0000][1][safepoint    ] Leaving safepoint region
[2019-06-24T09:23:05.259+0000][1][safepoint    ] Total time for which application threads were stopped: 0.0000737 seconds, Stopping threads took: 0.0000147 seconds
[2019-06-24T09:23:05.259+0000][1][safepoint    ] Application time: 0.0000603 seconds
[2019-06-24T09:23:05.259+0000][1][safepoint    ] Entering safepoint region: RevokeBias
[2019-06-24T09:23:05.259+0000][1][safepoint    ] Leaving safepoint region
[2019-06-24T09:23:05.259+0000][1][safepoint    ] Total time for which application threads were stopped: 0.0000923 seconds, Stopping threads took: 0.0000524 seconds
[2019-06-24T09:23:05.259+0000][1][safepoint    ] Application time: 0.0000535 seconds
[2019-06-24T09:23:05.259+0000][1][safepoint    ] Entering safepoint region: RevokeBias
[2019-06-24T09:23:05.259+0000][1][safepoint    ] Leaving safepoint region
[2019-06-24T09:23:05.259+0000][1][safepoint    ] Total time for which application threads were stopped: 0.0001695 seconds, Stopping threads took: 0.0001277 seconds
[2019-06-24T09:23:05.259+0000][1][safepoint    ] Application time: 0.0000624 seconds
[2019-06-24T09:23:05.259+0000][1][safepoint    ] Entering safepoint region: RevokeBias
[2019-06-24T09:23:05.259+0000][1][safepoint    ] Leaving safepoint region
[2019-06-24T09:23:05.259+0000][1][safepoint    ] Total time for which application threads were stopped: 0.0000773 seconds, Stopping threads took: 0.0000375 seconds
[2019-06-24T09:23:05.259+0000][1][safepoint    ] Application time: 0.0000438 seconds
[2019-06-24T09:23:05.259+0000][1][safepoint    ] Entering safepoint region: RevokeBias
[2019-06-24T09:23:05.259+0000][1][safepoint    ] Leaving safepoint region
[2019-06-24T09:23:05.259+0000][1][safepoint    ] Total time for which application threads were stopped: 0.0000541 seconds, Stopping threads took: 0.0000125 seconds
[2019-06-24T09:23:05.259+0000][1][safepoint    ] Application time: 0.0000476 seconds
[2019-06-24T09:23:05.259+0000][1][safepoint    ] Entering safepoint region: RevokeBias
[2019-06-24T09:23:05.259+0000][1][safepoint    ] Leaving safepoint region
[2019-06-24T09:23:05.259+0000][1][safepoint    ] Total time for which application threads were stopped: 0.0000531 seconds, Stopping threads took: 0.0000109 seconds
[2019-06-24T09:23:05.259+0000][1][safepoint    ] Application time: 0.0000395 seconds
[2019-06-24T09:23:05.259+0000][1][safepoint    ] Entering safepoint region: RevokeBias
[2019-06-24T09:23:05.260+0000][1][safepoint    ] Leaving safepoint region
[2019-06-24T09:23:05.260+0000][1][safepoint    ] Total time for which application threads were stopped: 0.0000427 seconds, Stopping threads took: 0.0000093 seconds
[2019-06-24T09:23:05.260+0000][1][safepoint    ] Application time: 0.0000642 seconds
[2019-06-24T09:23:05.260+0000][1][safepoint    ] Entering safepoint region: RevokeBias
[2019-06-24T09:23:05.260+0000][1][safepoint    ] Leaving safepoint region
[2019-06-24T09:23:05.260+0000][1][safepoint    ] Total time for which application threads were stopped: 0.0000435 seconds, Stopping threads took: 0.0000099 seconds
[2019-06-24T09:23:05.260+0000][1][safepoint    ] Application time: 0.0000372 seconds
[2019-06-24T09:23:05.260+0000][1][safepoint    ] Entering safepoint region: RevokeBias
[2019-06-24T09:23:05.260+0000][1][safepoint    ] Leaving safepoint region
[2019-06-24T09:23:05.260+0000][1][safepoint    ] Total time for which application threads were stopped: 0.0000396 seconds, Stopping threads took: 0.0000088 seconds
[2019-06-24T09:23:05.260+0000][1][safepoint    ] Application time: 0.0000407 seconds
[2019-06-24T09:23:05.260+0000][1][safepoint    ] Entering safepoint region: RevokeBias
[2019-06-24T09:23:05.260+0000][1][safepoint    ] Leaving safepoint region
[2019-06-24T09:23:05.260+0000][1][safepoint    ] Total time for which application threads were stopped: 0.0000393 seconds, Stopping threads took: 0.0000088 seconds
[2019-06-24T09:23:05.260+0000][1][safepoint    ] Application time: 0.0000351 seconds
[2019-06-24T09:23:05.260+0000][1][safepoint    ] Entering safepoint region: RevokeBias
[2019-06-24T09:23:05.260+0000][1][safepoint    ] Leaving safepoint region
[2019-06-24T09:23:05.260+0000][1][safepoint    ] Total time for which application threads were stopped: 0.0000383 seconds, Stopping threads took: 0.0000100 seconds
[2019-06-24T09:23:05.260+0000][1][safepoint    ] Application time: 0.0000757 seconds
[2019-06-24T09:23:05.260+0000][1][safepoint    ] Entering safepoint region: RevokeBias
[2019-06-24T09:23:05.260+0000][1][safepoint    ] Leaving safepoint region
[2019-06-24T09:23:05.260+0000][1][safepoint    ] Total time for which application threads were stopped: 0.0000525 seconds, Stopping threads took: 0.0000188 seconds
[2019-06-24T09:23:05.260+0000][1][safepoint    ] Application time: 0.0000380 seconds
[2019-06-24T09:23:05.260+0000][1][safepoint    ] Entering safepoint region: RevokeBias
[2019-06-24T09:23:05.260+0000][1][safepoint    ] Leaving safepoint region
[2019-06-24T09:23:05.260+0000][1][safepoint    ] Total time for which application threads were stopped: 0.0000305 seconds, Stopping threads took: 0.0000064 seconds
[2019-06-24T09:23:05.260+0000][1][safepoint    ] Application time: 0.0000424 seconds
[2019-06-24T09:23:05.260+0000][1][safepoint    ] Entering safepoint region: RevokeBias
[2019-06-24T09:23:05.260+0000][1][safepoint    ] Leaving safepoint region
[2019-06-24T09:23:05.260+0000][1][safepoint    ] Total time for which application threads were stopped: 0.0000288 seconds, Stopping threads took: 0.0000062 seconds
[2019-06-24T09:23:05.260+0000][1][safepoint    ] Application time: 0.0000304 seconds
[2019-06-24T09:23:05.260+0000][1][safepoint    ] Entering safepoint region: RevokeBias
[2019-06-24T09:23:05.260+0000][1][safepoint    ] Leaving safepoint region
[2019-06-24T09:23:05.260+0000][1][safepoint    ] Total time for which application threads were stopped: 0.0000369 seconds, Stopping threads took: 0.0000088 seconds
[2019-06-24T09:23:05.260+0000][1][safepoint    ] Application time: 0.0000316 seconds
[2019-06-24T09:23:05.260+0000][1][safepoint    ] Entering safepoint region: RevokeBias
[2019-06-24T09:23:05.260+0000][1][safepoint    ] Leaving safepoint region
[2019-06-24T09:23:05.260+0000][1][safepoint    ] Total time for which application threads were stopped: 0.0000352 seconds, Stopping threads took: 0.0000060 seconds
[2019-06-24T09:23:05.260+0000][1][safepoint    ] Application time: 0.0000311 seconds
[2019-06-24T09:23:05.260+0000][1][safepoint    ] Entering safepoint region: RevokeBias
[2019-06-24T09:23:05.261+0000][1][safepoint    ] Leaving safepoint region
[2019-06-24T09:23:05.261+0000][1][safepoint    ] Total time for which application threads were stopped: 0.0000286 seconds, Stopping threads took: 0.0000061 seconds
[2019-06-24T09:23:05.261+0000][1][safepoint    ] Application time: 0.0002083 seconds
[2019-06-24T09:23:05.261+0000][1][safepoint    ] Entering safepoint region: RevokeBias
[2019-06-24T09:23:05.261+0000][1][safepoint    ] Leaving safepoint region
[2019-06-24T09:23:05.261+0000][1][safepoint    ] Total time for which application threads were stopped: 0.0000586 seconds, Stopping threads took: 0.0000332 seconds
[2019-06-24T09:23:05.261+0000][1][safepoint    ] Application time: 0.0000438 seconds
[2019-06-24T09:23:05.261+0000][1][safepoint    ] Entering safepoint region: RevokeBias
[2019-06-24T09:23:05.261+0000][1][safepoint    ] Leaving safepoint region
[2019-06-24T09:23:05.261+0000][1][safepoint    ] Total time for which application threads were stopped: 0.0000950 seconds, Stopping threads took: 0.0000639 seconds
[2019-06-24T09:23:05.261+0000][1][safepoint    ] Application time: 0.0000435 seconds
[2019-06-24T09:23:05.261+0000][1][safepoint    ] Entering safepoint region: RevokeBias
[2019-06-24T09:23:05.261+0000][1][safepoint    ] Leaving safepoint region
[2019-06-24T09:23:05.261+0000][1][safepoint    ] Total time for which application threads were stopped: 0.0000368 seconds, Stopping threads took: 0.0000064 seconds
[2019-06-24T09:23:05.261+0000][1][safepoint    ] Application time: 0.0000339 seconds
[2019-06-24T09:23:05.261+0000][1][safepoint    ] Entering safepoint region: RevokeBias
[2019-06-24T09:23:05.261+0000][1][safepoint    ] Leaving safepoint region
[2019-06-24T09:23:05.261+0000][1][safepoint    ] Total time for which application threads were stopped: 0.0000418 seconds, Stopping threads took: 0.0000237 seconds
[2019-06-24T09:23:05.261+0000][1][safepoint    ] Application time: 0.0000625 seconds
[2019-06-24T09:23:05.261+0000][1][safepoint    ] Entering safepoint region: RevokeBias
[2019-06-24T09:23:05.261+0000][1][safepoint    ] Leaving safepoint region
[2019-06-24T09:23:05.261+0000][1][safepoint    ] Total time for which application threads were stopped: 0.0000688 seconds, Stopping threads took: 0.0000504 seconds
[2019-06-24T09:23:05.261+0000][1][safepoint    ] Application time: 0.0000341 seconds
[2019-06-24T09:23:05.261+0000][1][safepoint    ] Entering safepoint region: RevokeBias
[2019-06-24T09:23:05.261+0000][1][safepoint    ] Leaving safepoint region
[2019-06-24T09:23:05.261+0000][1][safepoint    ] Total time for which application threads were stopped: 0.0000256 seconds, Stopping threads took: 0.0000100 seconds
[2019-06-24T09:23:05.466+0000][1][safepoint    ] Application time: 0.2042251 seconds
[2019-06-24T09:23:05.466+0000][1][safepoint    ] Entering safepoint region: Deoptimize
[2019-06-24T09:23:05.466+0000][1][safepoint    ] Leaving safepoint region
[2019-06-24T09:23:05.466+0000][1][safepoint    ] Total time for which application threads were stopped: 0.0003185 seconds, Stopping threads took: 0.0000186 seconds
[2019-06-24T09:23:05.609+0000][1][safepoint    ] Application time: 0.1430233 seconds
[2019-06-24T09:23:05.609+0000][1][safepoint    ] Entering safepoint region: RevokeBias
[2019-06-24T09:23:05.609+0000][1][safepoint    ] Leaving safepoint region
[2019-06-24T09:23:05.609+0000][1][safepoint    ] Total time for which application threads were stopped: 0.0001940 seconds, Stopping threads took: 0.0000507 seconds
[2019-06-24T09:23:05.706+0000][1][safepoint    ] Application time: 0.0968359 seconds
[2019-06-24T09:23:05.706+0000][1][safepoint    ] Entering safepoint region: RevokeBias
[2019-06-24T09:23:05.706+0000][1][safepoint    ] Leaving safepoint region
[2019-06-24T09:23:05.706+0000][1][safepoint    ] Total time for which application threads were stopped: 0.0000809 seconds, Stopping threads took: 0.0000115 seconds
[2019-06-24T09:23:05.710+0000][1][safepoint    ] Application time: 0.0034329 seconds
[2019-06-24T09:23:05.710+0000][1][safepoint    ] Entering safepoint region: RevokeBias
[2019-06-24T09:23:05.710+0000][1][safepoint    ] Leaving safepoint region
[2019-06-24T09:23:05.710+0000][1][safepoint    ] Total time for which application threads were stopped: 0.0000786 seconds, Stopping threads took: 0.0000280 seconds
[2019-06-24T09:23:05.712+0000][1][safepoint    ] Application time: 0.0022990 seconds
[2019-06-24T09:23:05.712+0000][1][safepoint    ] Entering safepoint region: RevokeBias
[2019-06-24T09:23:05.712+0000][1][safepoint    ] Leaving safepoint region
[2019-06-24T09:23:05.712+0000][1][safepoint    ] Total time for which application threads were stopped: 0.0000578 seconds, Stopping threads took: 0.0000107 seconds
[2019-06-24T09:23:05.733+0000][1][safepoint    ] Application time: 0.0211567 seconds
[2019-06-24T09:23:05.733+0000][1][safepoint    ] Entering safepoint region: GenCollectForAllocation
[2019-06-24T09:23:05.733+0000][1][gc,start     ] GC(1) Pause Young (Allocation Failure)
[2019-06-24T09:23:05.733+0000][1][gc,task      ] GC(1) Using 5 workers of 8 for evacuation
[2019-06-24T09:23:05.746+0000][1][gc,age       ] GC(1) Desired survivor size 4456448 bytes, new threshold 6 (max threshold 6)
[2019-06-24T09:23:05.746+0000][1][gc,age       ] GC(1) Age table with threshold 6 (max threshold 6)
[2019-06-24T09:23:05.746+0000][1][gc,age       ] GC(1) - age   1:    2142832 bytes,    2142832 total
[2019-06-24T09:23:05.746+0000][1][gc,heap      ] GC(1) ParNew: 77836K->5220K(78656K)
[2019-06-24T09:23:05.746+0000][1][gc,heap      ] GC(1) CMS: 0K->6641K(174784K)
[2019-06-24T09:23:05.746+0000][1][gc,metaspace ] GC(1) Metaspace: 14654K->14654K(1062912K)
[2019-06-24T09:23:05.746+0000][1][gc           ] GC(1) Pause Young (Allocation Failure) 76M->11M(247M) 12.217ms
[2019-06-24T09:23:05.746+0000][1][gc,cpu       ] GC(1) User=0.08s Sys=0.00s Real=0.02s
[2019-06-24T09:23:05.746+0000][1][safepoint    ] Leaving safepoint region
[2019-06-24T09:23:05.746+0000][1][safepoint    ] Total time for which application threads were stopped: 0.0123193 seconds, Stopping threads took: 0.0000111 seconds
[2019-06-24T09:23:05.746+0000][1][safepoint    ] Application time: 0.0002779 seconds
[2019-06-24T09:23:05.746+0000][1][safepoint    ] Entering safepoint region: RevokeBias
[2019-06-24T09:23:05.746+0000][1][safepoint    ] Leaving safepoint region
[2019-06-24T09:23:05.746+0000][1][safepoint    ] Total time for which application threads were stopped: 0.0001227 seconds, Stopping threads took: 0.0000792 seconds
[2019-06-24T09:23:05.746+0000][1][safepoint    ] Application time: 0.0000635 seconds
[2019-06-24T09:23:05.746+0000][1][safepoint    ] Entering safepoint region: BulkRevokeBias
[2019-06-24T09:23:05.746+0000][1][safepoint    ] Leaving safepoint region
[2019-06-24T09:23:05.746+0000][1][safepoint    ] Total time for which application threads were stopped: 0.0000712 seconds, Stopping threads took: 0.0000090 seconds
[2019-06-24T09:23:05.746+0000][1][safepoint    ] Application time: 0.0000859 seconds
[2019-06-24T09:23:05.746+0000][1][safepoint    ] Entering safepoint region: RevokeBias
[2019-06-24T09:23:05.746+0000][1][safepoint    ] Leaving safepoint region
[2019-06-24T09:23:05.746+0000][1][safepoint    ] Total time for which application threads were stopped: 0.0000934 seconds, Stopping threads took: 0.0000600 seconds
[2019-06-24T09:23:05.747+0000][1][safepoint    ] Application time: 0.0001228 seconds
[2019-06-24T09:23:05.747+0000][1][safepoint    ] Entering safepoint region: RevokeBias
[2019-06-24T09:23:05.747+0000][1][safepoint    ] Leaving safepoint region
[2019-06-24T09:23:05.747+0000][1][safepoint    ] Total time for which application threads were stopped: 0.0000750 seconds, Stopping threads took: 0.0000423 seconds
[2019-06-24T09:23:05.747+0000][1][safepoint    ] Application time: 0.0001065 seconds
[2019-06-24T09:23:05.747+0000][1][safepoint    ] Entering safepoint region: RevokeBias
[2019-06-24T09:23:05.747+0000][1][safepoint    ] Leaving safepoint region
[2019-06-24T09:23:05.747+0000][1][safepoint    ] Total time for which application threads were stopped: 0.0000962 seconds, Stopping threads took: 0.0000623 seconds
[2019-06-24T09:23:05.747+0000][1][safepoint    ] Application time: 0.0000721 seconds
[2019-06-24T09:23:05.747+0000][1][safepoint    ] Entering safepoint region: RevokeBias
[2019-06-24T09:23:05.747+0000][1][safepoint    ] Leaving safepoint region
[2019-06-24T09:23:05.747+0000][1][safepoint    ] Total time for which application threads were stopped: 0.0000567 seconds, Stopping threads took: 0.0000224 seconds
[2019-06-24T09:23:05.747+0000][1][safepoint    ] Application time: 0.0000968 seconds
[2019-06-24T09:23:05.747+0000][1][safepoint    ] Entering safepoint region: RevokeBias
[2019-06-24T09:23:05.747+0000][1][safepoint    ] Leaving safepoint region
[2019-06-24T09:23:05.747+0000][1][safepoint    ] Total time for which application threads were stopped: 0.0000782 seconds, Stopping threads took: 0.0000462 seconds
[2019-06-24T09:23:05.747+0000][1][safepoint    ] Application time: 0.0000797 seconds
[2019-06-24T09:23:05.747+0000][1][safepoint    ] Entering safepoint region: RevokeBias
[2019-06-24T09:23:05.747+0000][1][safepoint    ] Leaving safepoint region
[2019-06-24T09:23:05.747+0000][1][safepoint    ] Total time for which application threads were stopped: 0.0000704 seconds, Stopping threads took: 0.0000355 seconds
[2019-06-24T09:23:05.747+0000][1][safepoint    ] Application time: 0.0001064 seconds
[2019-06-24T09:23:05.748+0000][1][safepoint    ] Entering safepoint region: RevokeBias
[2019-06-24T09:23:05.748+0000][1][safepoint    ] Leaving safepoint region
[2019-06-24T09:23:05.748+0000][1][safepoint    ] Total time for which application threads were stopped: 0.0000682 seconds, Stopping threads took: 0.0000371 seconds
[2019-06-24T09:23:05.748+0000][1][safepoint    ] Application time: 0.0000757 seconds
[2019-06-24T09:23:05.748+0000][1][safepoint    ] Entering safepoint region: RevokeBias
[2019-06-24T09:23:05.748+0000][1][safepoint    ] Leaving safepoint region
[2019-06-24T09:23:05.748+0000][1][safepoint    ] Total time for which application threads were stopped: 0.0000684 seconds, Stopping threads took: 0.0000346 seconds
[2019-06-24T09:23:05.748+0000][1][safepoint    ] Application time: 0.0000641 seconds
[2019-06-24T09:23:05.748+0000][1][safepoint    ] Entering safepoint region: RevokeBias
[2019-06-24T09:23:05.748+0000][1][safepoint    ] Leaving safepoint region
[2019-06-24T09:23:05.748+0000][1][safepoint    ] Total time for which application threads were stopped: 0.0000696 seconds, Stopping threads took: 0.0000353 seconds
[2019-06-24T09:23:05.748+0000][1][safepoint    ] Application time: 0.0000467 seconds
[2019-06-24T09:23:05.748+0000][1][safepoint    ] Entering safepoint region: BulkRevokeBias
[2019-06-24T09:23:05.748+0000][1][safepoint    ] Leaving safepoint region
[2019-06-24T09:23:05.748+0000][1][safepoint    ] Total time for which application threads were stopped: 0.0000941 seconds, Stopping threads took: 0.0000271 seconds
[2019-06-24T09:23:05.748+0000][1][safepoint    ] Application time: 0.0000383 seconds
[2019-06-24T09:23:05.748+0000][1][safepoint    ] Entering safepoint region: RevokeBias
[2019-06-24T09:23:05.748+0000][1][safepoint    ] Leaving safepoint region
[2019-06-24T09:23:05.748+0000][1][safepoint    ] Total time for which application threads were stopped: 0.0000678 seconds, Stopping threads took: 0.0000337 seconds
[2019-06-24T09:23:05.748+0000][1][safepoint    ] Application time: 0.0000449 seconds
[2019-06-24T09:23:05.748+0000][1][safepoint    ] Entering safepoint region: BulkRevokeBias
[2019-06-24T09:23:05.748+0000][1][safepoint    ] Leaving safepoint region
[2019-06-24T09:23:05.748+0000][1][safepoint    ] Total time for which application threads were stopped: 0.0001797 seconds, Stopping threads took: 0.0001099 seconds
[2019-06-24T09:23:05.855+0000][1][safepoint    ] Application time: 0.1069497 seconds
[2019-06-24T09:23:05.855+0000][1][safepoint    ] Entering safepoint region: GenCollectForAllocation
[2019-06-24T09:23:05.856+0000][1][gc,start     ] GC(2) Pause Young (Allocation Failure)
[2019-06-24T09:23:05.856+0000][1][gc,task      ] GC(2) Using 5 workers of 8 for evacuation
[2019-06-24T09:23:05.859+0000][1][gc,age       ] GC(2) Desired survivor size 4456448 bytes, new threshold 6 (max threshold 6)
[2019-06-24T09:23:05.859+0000][1][gc,age       ] GC(2) Age table with threshold 6 (max threshold 6)
[2019-06-24T09:23:05.859+0000][1][gc,age       ] GC(2) - age   1:    2745856 bytes,    2745856 total
[2019-06-24T09:23:05.859+0000][1][gc,age       ] GC(2) - age   2:    1206416 bytes,    3952272 total
[2019-06-24T09:23:05.859+0000][1][gc,heap      ] GC(2) ParNew: 75172K->5143K(78656K)
[2019-06-24T09:23:05.859+0000][1][gc,heap      ] GC(2) CMS: 6641K->6641K(174784K)
[2019-06-24T09:23:05.859+0000][1][gc,metaspace ] GC(2) Metaspace: 14786K->14786K(1062912K)
[2019-06-24T09:23:05.859+0000][1][gc           ] GC(2) Pause Young (Allocation Failure) 79M->11M(247M) 3.345ms
[2019-06-24T09:23:05.859+0000][1][gc,cpu       ] GC(2) User=0.02s Sys=0.00s Real=0.00s
[2019-06-24T09:23:05.859+0000][1][safepoint    ] Leaving safepoint region
[2019-06-24T09:23:05.859+0000][1][safepoint    ] Total time for which application threads were stopped: 0.0035188 seconds, Stopping threads took: 0.0000203 seconds
[2019-06-24T09:23:05.859+0000][1][safepoint    ] Application time: 0.0002380 seconds
[2019-06-24T09:23:05.859+0000][1][safepoint    ] Entering safepoint region: RevokeBias
[2019-06-24T09:23:05.859+0000][1][safepoint    ] Leaving safepoint region
[2019-06-24T09:23:05.859+0000][1][safepoint    ] Total time for which application threads were stopped: 0.0000769 seconds, Stopping threads took: 0.0000309 seconds
[2019-06-24T09:23:05.859+0000][1][safepoint    ] Application time: 0.0001131 seconds
[2019-06-24T09:23:05.859+0000][1][safepoint    ] Entering safepoint region: RevokeBias
[2019-06-24T09:23:05.860+0000][1][safepoint    ] Leaving safepoint region
[2019-06-24T09:23:05.860+0000][1][safepoint    ] Total time for which application threads were stopped: 0.0000631 seconds, Stopping threads took: 0.0000271 seconds
[2019-06-24T09:23:05.860+0000][1][safepoint    ] Application time: 0.0001099 seconds
[2019-06-24T09:23:05.860+0000][1][safepoint    ] Entering safepoint region: RevokeBias
[2019-06-24T09:23:05.860+0000][1][safepoint    ] Leaving safepoint region
[2019-06-24T09:23:05.860+0000][1][safepoint    ] Total time for which application threads were stopped: 0.0000581 seconds, Stopping threads took: 0.0000243 seconds
[2019-06-24T09:23:05.860+0000][1][safepoint    ] Application time: 0.0001529 seconds
[2019-06-24T09:23:05.860+0000][1][safepoint    ] Entering safepoint region: RevokeBias
[2019-06-24T09:23:05.860+0000][1][safepoint    ] Leaving safepoint region
[2019-06-24T09:23:05.860+0000][1][safepoint    ] Total time for which application threads were stopped: 0.0002265 seconds, Stopping threads took: 0.0001860 seconds
[2019-06-24T09:23:05.860+0000][1][safepoint    ] Application time: 0.0001304 seconds
[2019-06-24T09:23:05.860+0000][1][safepoint    ] Entering safepoint region: RevokeBias
[2019-06-24T09:23:05.861+0000][1][safepoint    ] Leaving safepoint region
[2019-06-24T09:23:05.861+0000][1][safepoint    ] Total time for which application threads were stopped: 0.0002430 seconds, Stopping threads took: 0.0002010 seconds
[2019-06-24T09:23:05.861+0000][1][safepoint    ] Application time: 0.0001292 seconds
[2019-06-24T09:23:05.861+0000][1][safepoint    ] Entering safepoint region: RevokeBias
[2019-06-24T09:23:05.861+0000][1][safepoint    ] Leaving safepoint region
[2019-06-24T09:23:05.861+0000][1][safepoint    ] Total time for which application threads were stopped: 0.0001505 seconds, Stopping threads took: 0.0001035 seconds
[2019-06-24T09:23:05.969+0000][1][safepoint    ] Application time: 0.1085290 seconds
[2019-06-24T09:23:05.969+0000][1][safepoint    ] Entering safepoint region: Deoptimize
[2019-06-24T09:23:05.970+0000][1][safepoint    ] Leaving safepoint region
[2019-06-24T09:23:05.970+0000][1][safepoint    ] Total time for which application threads were stopped: 0.0002551 seconds, Stopping threads took: 0.0000117 seconds
[2019-06-24T09:23:05.970+0000][1][safepoint    ] Application time: 0.0003820 seconds
[2019-06-24T09:23:05.970+0000][1][safepoint    ] Entering safepoint region: Deoptimize
[2019-06-24T09:23:05.970+0000][1][safepoint    ] Leaving safepoint region
[2019-06-24T09:23:05.970+0000][1][safepoint    ] Total time for which application threads were stopped: 0.0001936 seconds, Stopping threads took: 0.0000080 seconds
[2019-06-24T09:23:06.138+0000][1][safepoint    ] Application time: 0.1672786 seconds
[2019-06-24T09:23:06.138+0000][1][safepoint    ] Entering safepoint region: GenCollectForAllocation
[2019-06-24T09:23:06.138+0000][1][gc,start     ] GC(3) Pause Young (Allocation Failure)
[2019-06-24T09:23:06.138+0000][1][gc,task      ] GC(3) Using 5 workers of 8 for evacuation
[2019-06-24T09:23:06.141+0000][1][gc,age       ] GC(3) Desired survivor size 4456448 bytes, new threshold 3 (max threshold 6)
[2019-06-24T09:23:06.141+0000][1][gc,age       ] GC(3) Age table with threshold 3 (max threshold 6)
[2019-06-24T09:23:06.141+0000][1][gc,age       ] GC(3) - age   1:    3518688 bytes,    3518688 total
[2019-06-24T09:23:06.141+0000][1][gc,age       ] GC(3) - age   2:     294072 bytes,    3812760 total
[2019-06-24T09:23:06.141+0000][1][gc,age       ] GC(3) - age   3:    1203008 bytes,    5015768 total
[2019-06-24T09:23:06.141+0000][1][gc,heap      ] GC(3) ParNew: 75095K->6355K(78656K)
[2019-06-24T09:23:06.141+0000][1][gc,heap      ] GC(3) CMS: 6641K->6641K(174784K)
[2019-06-24T09:23:06.141+0000][1][gc,metaspace ] GC(3) Metaspace: 18232K->18232K(1067008K)
[2019-06-24T09:23:06.141+0000][1][gc           ] GC(3) Pause Young (Allocation Failure) 79M->12M(247M) 3.198ms
[2019-06-24T09:23:06.141+0000][1][gc,cpu       ] GC(3) User=0.02s Sys=0.00s Real=0.00s
[2019-06-24T09:23:06.141+0000][1][safepoint    ] Leaving safepoint region
[2019-06-24T09:23:06.141+0000][1][safepoint    ] Total time for which application threads were stopped: 0.0033392 seconds, Stopping threads took: 0.0000122 seconds
[2019-06-24T09:23:06.141+0000][1][safepoint    ] Application time: 0.0001965 seconds
[2019-06-24T09:23:06.141+0000][1][safepoint    ] Entering safepoint region: RevokeBias
[2019-06-24T09:23:06.141+0000][1][safepoint    ] Leaving safepoint region
[2019-06-24T09:23:06.141+0000][1][safepoint    ] Total time for which application threads were stopped: 0.0001089 seconds, Stopping threads took: 0.0000602 seconds
[2019-06-24T09:23:06.141+0000][1][safepoint    ] Application time: 0.0000399 seconds
[2019-06-24T09:23:06.141+0000][1][safepoint    ] Entering safepoint region: RevokeBias
[2019-06-24T09:23:06.141+0000][1][safepoint    ] Leaving safepoint region
[2019-06-24T09:23:06.141+0000][1][safepoint    ] Total time for which application threads were stopped: 0.0000443 seconds, Stopping threads took: 0.0000065 seconds
[2019-06-24T09:23:06.141+0000][1][safepoint    ] Application time: 0.0000388 seconds
[2019-06-24T09:23:06.141+0000][1][safepoint    ] Entering safepoint region: RevokeBias
[2019-06-24T09:23:06.141+0000][1][safepoint    ] Leaving safepoint region
[2019-06-24T09:23:06.141+0000][1][safepoint    ] Total time for which application threads were stopped: 0.0000398 seconds, Stopping threads took: 0.0000062 seconds
[2019-06-24T09:23:06.141+0000][1][safepoint    ] Application time: 0.0000337 seconds
[2019-06-24T09:23:06.141+0000][1][safepoint    ] Entering safepoint region: RevokeBias
[2019-06-24T09:23:06.142+0000][1][safepoint    ] Leaving safepoint region
[2019-06-24T09:23:06.142+0000][1][safepoint    ] Total time for which application threads were stopped: 0.0000466 seconds, Stopping threads took: 0.0000062 seconds
[2019-06-24T09:23:06.142+0000][1][safepoint    ] Application time: 0.0000358 seconds
[2019-06-24T09:23:06.142+0000][1][safepoint    ] Entering safepoint region: RevokeBias
[2019-06-24T09:23:06.142+0000][1][safepoint    ] Leaving safepoint region
[2019-06-24T09:23:06.142+0000][1][safepoint    ] Total time for which application threads were stopped: 0.0000363 seconds, Stopping threads took: 0.0000057 seconds
[2019-06-24T09:23:06.142+0000][1][safepoint    ] Application time: 0.0000328 seconds
[2019-06-24T09:23:06.142+0000][1][safepoint    ] Entering safepoint region: RevokeBias
[2019-06-24T09:23:06.142+0000][1][safepoint    ] Leaving safepoint region
[2019-06-24T09:23:06.142+0000][1][safepoint    ] Total time for which application threads were stopped: 0.0000821 seconds, Stopping threads took: 0.0000451 seconds
[2019-06-24T09:23:06.142+0000][1][safepoint    ] Application time: 0.0000579 seconds
[2019-06-24T09:23:06.142+0000][1][safepoint    ] Entering safepoint region: RevokeBias
[2019-06-24T09:23:06.142+0000][1][safepoint    ] Leaving safepoint region
[2019-06-24T09:23:06.142+0000][1][safepoint    ] Total time for which application threads were stopped: 0.0001074 seconds, Stopping threads took: 0.0000093 seconds
[2019-06-24T09:23:06.142+0000][1][safepoint    ] Application time: 0.0000434 seconds
[2019-06-24T09:23:06.142+0000][1][safepoint    ] Entering safepoint region: RevokeBias
[2019-06-24T09:23:06.142+0000][1][safepoint    ] Leaving safepoint region
[2019-06-24T09:23:06.142+0000][1][safepoint    ] Total time for which application threads were stopped: 0.0002259 seconds, Stopping threads took: 0.0001923 seconds
[2019-06-24T09:23:06.142+0000][1][safepoint    ] Application time: 0.0000426 seconds
[2019-06-24T09:23:06.142+0000][1][safepoint    ] Entering safepoint region: RevokeBias
[2019-06-24T09:23:06.142+0000][1][safepoint    ] Leaving safepoint region
[2019-06-24T09:23:06.142+0000][1][safepoint    ] Total time for which application threads were stopped: 0.0001059 seconds, Stopping threads took: 0.0000574 seconds
[2019-06-24T09:23:06.142+0000][1][safepoint    ] Application time: 0.0000410 seconds
[2019-06-24T09:23:06.142+0000][1][safepoint    ] Entering safepoint region: RevokeBias
[2019-06-24T09:23:06.143+0000][1][safepoint    ] Leaving safepoint region
[2019-06-24T09:23:06.143+0000][1][safepoint    ] Total time for which application threads were stopped: 0.0000839 seconds, Stopping threads took: 0.0000411 seconds
[2019-06-24T09:23:06.143+0000][1][safepoint    ] Application time: 0.0000929 seconds
[2019-06-24T09:23:06.143+0000][1][safepoint    ] Entering safepoint region: RevokeBias
[2019-06-24T09:23:06.143+0000][1][safepoint    ] Leaving safepoint region
[2019-06-24T09:23:06.143+0000][1][safepoint    ] Total time for which application threads were stopped: 0.0001950 seconds, Stopping threads took: 0.0001588 seconds
[2019-06-24T09:23:06.143+0000][1][safepoint    ] Application time: 0.0000427 seconds
[2019-06-24T09:23:06.143+0000][1][safepoint    ] Entering safepoint region: RevokeBias
[2019-06-24T09:23:06.143+0000][1][safepoint    ] Leaving safepoint region
[2019-06-24T09:23:06.143+0000][1][safepoint    ] Total time for which application threads were stopped: 0.0001796 seconds, Stopping threads took: 0.0001436 seconds
[2019-06-24T09:23:06.143+0000][1][safepoint    ] Application time: 0.0001207 seconds
[2019-06-24T09:23:06.143+0000][1][safepoint    ] Entering safepoint region: RevokeBias
[2019-06-24T09:23:06.143+0000][1][safepoint    ] Leaving safepoint region
[2019-06-24T09:23:06.143+0000][1][safepoint    ] Total time for which application threads were stopped: 0.0001858 seconds, Stopping threads took: 0.0001457 seconds
[2019-06-24T09:23:06.143+0000][1][safepoint    ] Application time: 0.0000434 seconds
[2019-06-24T09:23:06.143+0000][1][safepoint    ] Entering safepoint region: RevokeBias
[2019-06-24T09:23:06.143+0000][1][safepoint    ] Leaving safepoint region
[2019-06-24T09:23:06.144+0000][1][safepoint    ] Total time for which application threads were stopped: 0.0000354 seconds, Stopping threads took: 0.0000073 seconds
[2019-06-24T09:23:06.144+0000][1][safepoint    ] Application time: 0.0000402 seconds
[2019-06-24T09:23:06.144+0000][1][safepoint    ] Entering safepoint region: RevokeBias
[2019-06-24T09:23:06.144+0000][1][safepoint    ] Leaving safepoint region
[2019-06-24T09:23:06.144+0000][1][safepoint    ] Total time for which application threads were stopped: 0.0000324 seconds, Stopping threads took: 0.0000068 seconds
[2019-06-24T09:23:06.144+0000][1][safepoint    ] Application time: 0.0000357 seconds
[2019-06-24T09:23:06.144+0000][1][safepoint    ] Entering safepoint region: RevokeBias
[2019-06-24T09:23:06.144+0000][1][safepoint    ] Leaving safepoint region
[2019-06-24T09:23:06.144+0000][1][safepoint    ] Total time for which application threads were stopped: 0.0000924 seconds, Stopping threads took: 0.0000480 seconds
[2019-06-24T09:23:06.144+0000][1][safepoint    ] Application time: 0.0001204 seconds
[2019-06-24T09:23:06.144+0000][1][safepoint    ] Entering safepoint region: RevokeBias
[2019-06-24T09:23:06.144+0000][1][safepoint    ] Leaving safepoint region
[2019-06-24T09:23:06.144+0000][1][safepoint    ] Total time for which application threads were stopped: 0.0001483 seconds, Stopping threads took: 0.0000986 seconds
[2019-06-24T09:23:06.144+0000][1][safepoint    ] Application time: 0.0000456 seconds
[2019-06-24T09:23:06.144+0000][1][safepoint    ] Entering safepoint region: RevokeBias
[2019-06-24T09:23:06.144+0000][1][safepoint    ] Leaving safepoint region
[2019-06-24T09:23:06.144+0000][1][safepoint    ] Total time for which application threads were stopped: 0.0000893 seconds, Stopping threads took: 0.0000441 seconds
[2019-06-24T09:23:06.144+0000][1][safepoint    ] Application time: 0.0000461 seconds
[2019-06-24T09:23:06.144+0000][1][safepoint    ] Entering safepoint region: RevokeBias
[2019-06-24T09:23:06.144+0000][1][safepoint    ] Leaving safepoint region
[2019-06-24T09:23:06.144+0000][1][safepoint    ] Total time for which application threads were stopped: 0.0000619 seconds, Stopping threads took: 0.0000214 seconds
[2019-06-24T09:23:06.144+0000][1][safepoint    ] Application time: 0.0000388 seconds
[2019-06-24T09:23:06.144+0000][1][safepoint    ] Entering safepoint region: RevokeBias
[2019-06-24T09:23:06.144+0000][1][safepoint    ] Leaving safepoint region
[2019-06-24T09:23:06.144+0000][1][safepoint    ] Total time for which application threads were stopped: 0.0000821 seconds, Stopping threads took: 0.0000450 seconds
[2019-06-24T09:23:06.144+0000][1][safepoint    ] Application time: 0.0000349 seconds
[2019-06-24T09:23:06.144+0000][1][safepoint    ] Entering safepoint region: RevokeBias
[2019-06-24T09:23:06.145+0000][1][safepoint    ] Leaving safepoint region
[2019-06-24T09:23:06.145+0000][1][safepoint    ] Total time for which application threads were stopped: 0.0000640 seconds, Stopping threads took: 0.0000282 seconds
[2019-06-24T09:23:06.232+0000][1][safepoint    ] Application time: 0.0872110 seconds
[2019-06-24T09:23:06.232+0000][1][safepoint    ] Entering safepoint region: GenCollectForAllocation
[2019-06-24T09:23:06.232+0000][1][gc,start     ] GC(4) Pause Young (Allocation Failure)
[2019-06-24T09:23:06.232+0000][1][gc,task      ] GC(4) Using 5 workers of 8 for evacuation
[2019-06-24T09:23:06.236+0000][1][gc,age       ] GC(4) Desired survivor size 4456448 bytes, new threshold 2 (max threshold 6)
[2019-06-24T09:23:06.236+0000][1][gc,age       ] GC(4) Age table with threshold 2 (max threshold 6)
[2019-06-24T09:23:06.236+0000][1][gc,age       ] GC(4) - age   1:    1587784 bytes,    1587784 total
[2019-06-24T09:23:06.236+0000][1][gc,age       ] GC(4) - age   2:    3328984 bytes,    4916768 total
[2019-06-24T09:23:06.236+0000][1][gc,age       ] GC(4) - age   3:     293544 bytes,    5210312 total
[2019-06-24T09:23:06.236+0000][1][gc,heap      ] GC(4) ParNew: 76307K->7598K(78656K)
[2019-06-24T09:23:06.236+0000][1][gc,heap      ] GC(4) CMS: 6641K->7833K(174784K)
[2019-06-24T09:23:06.236+0000][1][gc,metaspace ] GC(4) Metaspace: 18442K->18442K(1067008K)
[2019-06-24T09:23:06.236+0000][1][gc           ] GC(4) Pause Young (Allocation Failure) 81M->15M(247M) 4.457ms
[2019-06-24T09:23:06.236+0000][1][gc,cpu       ] GC(4) User=0.03s Sys=0.00s Real=0.01s
[2019-06-24T09:23:06.236+0000][1][safepoint    ] Leaving safepoint region
[2019-06-24T09:23:06.236+0000][1][safepoint    ] Total time for which application threads were stopped: 0.0046231 seconds, Stopping threads took: 0.0000175 seconds
[2019-06-24T09:23:06.237+0000][1][safepoint    ] Application time: 0.0001698 seconds
[2019-06-24T09:23:06.237+0000][1][safepoint    ] Entering safepoint region: RevokeBias
[2019-06-24T09:23:06.237+0000][1][safepoint    ] Leaving safepoint region
[2019-06-24T09:23:06.237+0000][1][safepoint    ] Total time for which application threads were stopped: 0.0000975 seconds, Stopping threads took: 0.0000450 seconds
[2019-06-24T09:23:06.237+0000][1][safepoint    ] Application time: 0.0000466 seconds
[2019-06-24T09:23:06.237+0000][1][safepoint    ] Entering safepoint region: RevokeBias
[2019-06-24T09:23:06.237+0000][1][safepoint    ] Leaving safepoint region
[2019-06-24T09:23:06.237+0000][1][safepoint    ] Total time for which application threads were stopped: 0.0000490 seconds, Stopping threads took: 0.0000098 seconds
[2019-06-24T09:23:06.237+0000][1][safepoint    ] Application time: 0.0000480 seconds
[2019-06-24T09:23:06.237+0000][1][safepoint    ] Entering safepoint region: RevokeBias
[2019-06-24T09:23:06.237+0000][1][safepoint    ] Leaving safepoint region
[2019-06-24T09:23:06.237+0000][1][safepoint    ] Total time for which application threads were stopped: 0.0000476 seconds, Stopping threads took: 0.0000097 seconds
[2019-06-24T09:23:06.237+0000][1][safepoint    ] Application time: 0.0000418 seconds
[2019-06-24T09:23:06.237+0000][1][safepoint    ] Entering safepoint region: RevokeBias
[2019-06-24T09:23:06.237+0000][1][safepoint    ] Leaving safepoint region
[2019-06-24T09:23:06.237+0000][1][safepoint    ] Total time for which application threads were stopped: 0.0000474 seconds, Stopping threads took: 0.0000099 seconds
[2019-06-24T09:23:06.263+0000][1][safepoint    ] Application time: 0.0254324 seconds
[2019-06-24T09:23:06.263+0000][1][safepoint    ] Entering safepoint region: Deoptimize
[2019-06-24T09:23:06.263+0000][1][safepoint    ] Leaving safepoint region
[2019-06-24T09:23:06.263+0000][1][safepoint    ] Total time for which application threads were stopped: 0.0003493 seconds, Stopping threads took: 0.0000160 seconds
[2019-06-24T09:23:06.313+0000][1][safepoint    ] Application time: 0.0500097 seconds
[2019-06-24T09:23:06.313+0000][1][safepoint    ] Entering safepoint region: Deoptimize
[2019-06-24T09:23:06.313+0000][1][safepoint    ] Leaving safepoint region
[2019-06-24T09:23:06.313+0000][1][safepoint    ] Total time for which application threads were stopped: 0.0003440 seconds, Stopping threads took: 0.0000160 seconds
[2019-06-24T09:23:06.402+0000][1][safepoint    ] Application time: 0.0887154 seconds
[2019-06-24T09:23:06.402+0000][1][safepoint    ] Entering safepoint region: GenCollectForAllocation
[2019-06-24T09:23:06.402+0000][1][gc,start     ] GC(5) Pause Young (Allocation Failure)
[2019-06-24T09:23:06.402+0000][1][gc,task      ] GC(5) Using 5 workers of 8 for evacuation
[2019-06-24T09:23:06.406+0000][1][gc,age       ] GC(5) Desired survivor size 4456448 bytes, new threshold 6 (max threshold 6)
[2019-06-24T09:23:06.406+0000][1][gc,age       ] GC(5) Age table with threshold 6 (max threshold 6)
[2019-06-24T09:23:06.406+0000][1][gc,age       ] GC(5) - age   1:    2195200 bytes,    2195200 total
[2019-06-24T09:23:06.406+0000][1][gc,age       ] GC(5) - age   2:     443608 bytes,    2638808 total
[2019-06-24T09:23:06.406+0000][1][gc,heap      ] GC(5) ParNew: 77550K->5845K(78656K)
[2019-06-24T09:23:06.406+0000][1][gc,heap      ] GC(5) CMS: 7833K->11402K(174784K)
[2019-06-24T09:23:06.406+0000][1][gc,metaspace ] GC(5) Metaspace: 18779K->18779K(1067008K)
[2019-06-24T09:23:06.406+0000][1][gc           ] GC(5) Pause Young (Allocation Failure) 83M->16M(247M) 4.131ms
[2019-06-24T09:23:06.406+0000][1][gc,cpu       ] GC(5) User=0.02s Sys=0.00s Real=0.01s
[2019-06-24T09:23:06.406+0000][1][safepoint    ] Leaving safepoint region
[2019-06-24T09:23:06.406+0000][1][safepoint    ] Total time for which application threads were stopped: 0.0042458 seconds, Stopping threads took: 0.0000105 seconds
[2019-06-24T09:23:06.407+0000][1][safepoint    ] Application time: 0.0001749 seconds
[2019-06-24T09:23:06.407+0000][1][safepoint    ] Entering safepoint region: RevokeBias
[2019-06-24T09:23:06.407+0000][1][safepoint    ] Leaving safepoint region
[2019-06-24T09:23:06.407+0000][1][safepoint    ] Total time for which application threads were stopped: 0.0001815 seconds, Stopping threads took: 0.0001221 seconds
[2019-06-24T09:23:06.407+0000][1][safepoint    ] Application time: 0.0000918 seconds
[2019-06-24T09:23:06.407+0000][1][safepoint    ] Entering safepoint region: RevokeBias
[2019-06-24T09:23:06.407+0000][1][safepoint    ] Leaving safepoint region
[2019-06-24T09:23:06.407+0000][1][safepoint    ] Total time for which application threads were stopped: 0.0001137 seconds, Stopping threads took: 0.0000832 seconds
[2019-06-24T09:23:06.407+0000][1][safepoint    ] Application time: 0.0000448 seconds
[2019-06-24T09:23:06.407+0000][1][safepoint    ] Entering safepoint region: RevokeBias
[2019-06-24T09:23:06.407+0000][1][safepoint    ] Leaving safepoint region
[2019-06-24T09:23:06.407+0000][1][safepoint    ] Total time for which application threads were stopped: 0.0000270 seconds, Stopping threads took: 0.0000064 seconds
[2019-06-24T09:23:06.407+0000][1][safepoint    ] Application time: 0.0000357 seconds
[2019-06-24T09:23:06.407+0000][1][safepoint    ] Entering safepoint region: RevokeBias
[2019-06-24T09:23:06.407+0000][1][safepoint    ] Leaving safepoint region
[2019-06-24T09:23:06.407+0000][1][safepoint    ] Total time for which application threads were stopped: 0.0000254 seconds, Stopping threads took: 0.0000060 seconds
[2019-06-24T09:23:06.407+0000][1][safepoint    ] Application time: 0.0000467 seconds
[2019-06-24T09:23:06.407+0000][1][safepoint    ] Entering safepoint region: RevokeBias
[2019-06-24T09:23:06.407+0000][1][safepoint    ] Leaving safepoint region
[2019-06-24T09:23:06.407+0000][1][safepoint    ] Total time for which application threads were stopped: 0.0000352 seconds, Stopping threads took: 0.0000111 seconds
[2019-06-24T09:23:06.407+0000][1][safepoint    ] Application time: 0.0000382 seconds
[2019-06-24T09:23:06.407+0000][1][safepoint    ] Entering safepoint region: RevokeBias
[2019-06-24T09:23:06.407+0000][1][safepoint    ] Leaving safepoint region
[2019-06-24T09:23:06.407+0000][1][safepoint    ] Total time for which application threads were stopped: 0.0000702 seconds, Stopping threads took: 0.0000383 seconds
[2019-06-24T09:23:06.491+0000][1][safepoint    ] Application time: 0.0841043 seconds
[2019-06-24T09:23:06.491+0000][1][safepoint    ] Entering safepoint region: RevokeBias
[2019-06-24T09:23:06.492+0000][1][safepoint    ] Leaving safepoint region
[2019-06-24T09:23:06.492+0000][1][safepoint    ] Total time for which application threads were stopped: 0.0000662 seconds, Stopping threads took: 0.0000103 seconds
[2019-06-24T09:23:06.492+0000][1][safepoint    ] Application time: 0.0001194 seconds
[2019-06-24T09:23:06.492+0000][1][safepoint    ] Entering safepoint region: BulkRevokeBias
[2019-06-24T09:23:06.492+0000][1][safepoint    ] Leaving safepoint region
[2019-06-24T09:23:06.492+0000][1][safepoint    ] Total time for which application threads were stopped: 0.0000769 seconds, Stopping threads took: 0.0000075 seconds
[2019-06-24T09:23:06.512+0000][1][safepoint    ] Application time: 0.0200437 seconds
[2019-06-24T09:23:06.512+0000][1][safepoint    ] Entering safepoint region: GenCollectForAllocation
[2019-06-24T09:23:06.512+0000][1][gc,start     ] GC(6) Pause Young (Allocation Failure)
[2019-06-24T09:23:06.512+0000][1][gc,task      ] GC(6) Using 5 workers of 8 for evacuation
[2019-06-24T09:23:06.514+0000][1][gc,age       ] GC(6) Desired survivor size 4456448 bytes, new threshold 6 (max threshold 6)
[2019-06-24T09:23:06.514+0000][1][gc,age       ] GC(6) Age table with threshold 6 (max threshold 6)
[2019-06-24T09:23:06.514+0000][1][gc,age       ] GC(6) - age   1:    1550936 bytes,    1550936 total
[2019-06-24T09:23:06.514+0000][1][gc,age       ] GC(6) - age   2:    2183640 bytes,    3734576 total
[2019-06-24T09:23:06.514+0000][1][gc,age       ] GC(6) - age   3:     443608 bytes,    4178184 total
[2019-06-24T09:23:06.514+0000][1][gc,heap      ] GC(6) ParNew: 75797K->5091K(78656K)
[2019-06-24T09:23:06.514+0000][1][gc,heap      ] GC(6) CMS: 11402K->11402K(174784K)
[2019-06-24T09:23:06.514+0000][1][gc,metaspace ] GC(6) Metaspace: 19097K->19097K(1067008K)
[2019-06-24T09:23:06.514+0000][1][gc           ] GC(6) Pause Young (Allocation Failure) 85M->16M(247M) 2.214ms
[2019-06-24T09:23:06.514+0000][1][gc,cpu       ] GC(6) User=0.01s Sys=0.00s Real=0.00s
[2019-06-24T09:23:06.514+0000][1][safepoint    ] Leaving safepoint region
[2019-06-24T09:23:06.514+0000][1][safepoint    ] Total time for which application threads were stopped: 0.0023305 seconds, Stopping threads took: 0.0000133 seconds
[2019-06-24T09:23:06.514+0000][1][safepoint    ] Application time: 0.0001071 seconds
[2019-06-24T09:23:06.514+0000][1][safepoint    ] Entering safepoint region: BulkRevokeBias
[2019-06-24T09:23:06.514+0000][1][safepoint    ] Leaving safepoint region
[2019-06-24T09:23:06.514+0000][1][safepoint    ] Total time for which application threads were stopped: 0.0001260 seconds, Stopping threads took: 0.0000539 seconds
[2019-06-24T09:23:06.615+0000][1][safepoint    ] Application time: 0.1005607 seconds
[2019-06-24T09:23:06.615+0000][1][safepoint    ] Entering safepoint region: GenCollectForAllocation
[2019-06-24T09:23:06.615+0000][1][gc,start     ] GC(7) Pause Young (Allocation Failure)
[2019-06-24T09:23:06.615+0000][1][gc,task      ] GC(7) Using 5 workers of 8 for evacuation
[2019-06-24T09:23:06.619+0000][1][gc,age       ] GC(7) Desired survivor size 4456448 bytes, new threshold 4 (max threshold 6)
[2019-06-24T09:23:06.619+0000][1][gc,age       ] GC(7) Age table with threshold 4 (max threshold 6)
[2019-06-24T09:23:06.619+0000][1][gc,age       ] GC(7) - age   1:     712792 bytes,     712792 total
[2019-06-24T09:23:06.619+0000][1][gc,age       ] GC(7) - age   2:    1142304 bytes,    1855096 total
[2019-06-24T09:23:06.619+0000][1][gc,age       ] GC(7) - age   3:    2181712 bytes,    4036808 total
[2019-06-24T09:23:06.619+0000][1][gc,age       ] GC(7) - age   4:     443608 bytes,    4480416 total
[2019-06-24T09:23:06.619+0000][1][gc,heap      ] GC(7) ParNew: 75043K->5942K(78656K)
[2019-06-24T09:23:06.619+0000][1][gc,heap      ] GC(7) CMS: 11402K->11402K(174784K)
[2019-06-24T09:23:06.619+0000][1][gc,metaspace ] GC(7) Metaspace: 19638K->19638K(1067008K)
[2019-06-24T09:23:06.619+0000][1][gc           ] GC(7) Pause Young (Allocation Failure) 84M->16M(247M) 4.158ms
[2019-06-24T09:23:06.619+0000][1][gc,cpu       ] GC(7) User=0.02s Sys=0.00s Real=0.00s
[2019-06-24T09:23:06.619+0000][1][safepoint    ] Leaving safepoint region
[2019-06-24T09:23:06.619+0000][1][safepoint    ] Total time for which application threads were stopped: 0.0043256 seconds, Stopping threads took: 0.0000138 seconds
[2019-06-24T09:23:06.664+0000][1][safepoint    ] Application time: 0.0449257 seconds
[2019-06-24T09:23:06.664+0000][1][safepoint    ] Entering safepoint region: CollectForMetadataAllocation
[2019-06-24T09:23:06.665+0000][1][safepoint    ] Leaving safepoint region
[2019-06-24T09:23:06.665+0000][1][safepoint    ] Total time for which application threads were stopped: 0.0002186 seconds, Stopping threads took: 0.0000168 seconds
[2019-06-24T09:23:06.745+0000][1][safepoint    ] Application time: 0.0800855 seconds
[2019-06-24T09:23:06.745+0000][1][safepoint    ] Entering safepoint region: GenCollectForAllocation
[2019-06-24T09:23:06.745+0000][1][gc,start     ] GC(8) Pause Young (Allocation Failure)
[2019-06-24T09:23:06.745+0000][1][gc,task      ] GC(8) Using 5 workers of 8 for evacuation
[2019-06-24T09:23:06.748+0000][1][gc,age       ] GC(8) Desired survivor size 4456448 bytes, new threshold 4 (max threshold 6)
[2019-06-24T09:23:06.748+0000][1][gc,age       ] GC(8) Age table with threshold 4 (max threshold 6)
[2019-06-24T09:23:06.748+0000][1][gc,age       ] GC(8) - age   1:     647672 bytes,     647672 total
[2019-06-24T09:23:06.748+0000][1][gc,age       ] GC(8) - age   2:     519088 bytes,    1166760 total
[2019-06-24T09:23:06.748+0000][1][gc,age       ] GC(8) - age   3:    1142208 bytes,    2308968 total
[2019-06-24T09:23:06.748+0000][1][gc,age       ] GC(8) - age   4:    2181424 bytes,    4490392 total
[2019-06-24T09:23:06.748+0000][1][gc,heap      ] GC(8) ParNew: 75894K->6390K(78656K)
[2019-06-24T09:23:06.748+0000][1][gc,heap      ] GC(8) CMS: 11402K->11839K(174784K)
[2019-06-24T09:23:06.748+0000][1][gc,metaspace ] GC(8) Metaspace: 20146K->20146K(1069056K)
[2019-06-24T09:23:06.748+0000][1][gc           ] GC(8) Pause Young (Allocation Failure) 85M->17M(247M) 3.300ms
[2019-06-24T09:23:06.748+0000][1][gc,cpu       ] GC(8) User=0.02s Sys=0.00s Real=0.00s
[2019-06-24T09:23:06.748+0000][1][safepoint    ] Leaving safepoint region
[2019-06-24T09:23:06.748+0000][1][safepoint    ] Total time for which application threads were stopped: 0.0034371 seconds, Stopping threads took: 0.0000150 seconds
[2019-06-24T09:23:06.748+0000][1][safepoint    ] Application time: 0.0000823 seconds
[2019-06-24T09:23:06.748+0000][1][safepoint    ] Entering safepoint region: CMS_Initial_Mark
[2019-06-24T09:23:06.748+0000][1][gc,start     ] GC(9) Pause Initial Mark
[2019-06-24T09:23:06.749+0000][1][gc           ] GC(9) Pause Initial Mark 19M->19M(247M) 0.773ms
[2019-06-24T09:23:06.749+0000][1][gc,cpu       ] GC(9) User=0.01s Sys=0.00s Real=0.00s
[2019-06-24T09:23:06.749+0000][1][safepoint    ] Leaving safepoint region
[2019-06-24T09:23:06.749+0000][1][safepoint    ] Total time for which application threads were stopped: 0.0009049 seconds, Stopping threads took: 0.0000507 seconds
[2019-06-24T09:23:06.749+0000][1][gc           ] GC(9) Concurrent Mark
[2019-06-24T09:23:06.751+0000][1][gc,task      ] GC(9) Using 2 workers of 2 for marking
[2019-06-24T09:23:06.762+0000][1][gc           ] GC(9) Concurrent Mark 12.698ms
[2019-06-24T09:23:06.762+0000][1][gc,cpu       ] GC(9) User=0.06s Sys=0.00s Real=0.01s
[2019-06-24T09:23:06.762+0000][1][gc           ] GC(9) Concurrent Preclean
[2019-06-24T09:23:06.763+0000][1][gc           ] GC(9) Concurrent Preclean 0.833ms
[2019-06-24T09:23:06.763+0000][1][gc,cpu       ] GC(9) User=0.02s Sys=0.00s Real=0.01s
[2019-06-24T09:23:06.763+0000][1][gc           ] GC(9) Concurrent Abortable Preclean
[2019-06-24T09:23:06.824+0000][1][safepoint    ] Application time: 0.0745604 seconds
[2019-06-24T09:23:06.824+0000][1][safepoint    ] Entering safepoint region: GenCollectForAllocation
[2019-06-24T09:23:06.824+0000][1][gc,start     ] GC(10) Pause Young (Allocation Failure)
[2019-06-24T09:23:06.824+0000][1][gc,task      ] GC(10) Using 5 workers of 8 for evacuation
[2019-06-24T09:23:06.828+0000][1][gc,age       ] GC(10) Desired survivor size 4456448 bytes, new threshold 6 (max threshold 6)
[2019-06-24T09:23:06.828+0000][1][gc,age       ] GC(10) Age table with threshold 6 (max threshold 6)
[2019-06-24T09:23:06.828+0000][1][gc,age       ] GC(10) - age   1:     913552 bytes,     913552 total
[2019-06-24T09:23:06.828+0000][1][gc,age       ] GC(10) - age   2:     480544 bytes,    1394096 total
[2019-06-24T09:23:06.828+0000][1][gc,age       ] GC(10) - age   3:     518968 bytes,    1913064 total
[2019-06-24T09:23:06.828+0000][1][gc,age       ] GC(10) - age   4:    1142208 bytes,    3055272 total
[2019-06-24T09:23:06.828+0000][1][gc,heap      ] GC(10) ParNew: 76342K->6240K(78656K)
[2019-06-24T09:23:06.828+0000][1][gc,heap      ] GC(10) CMS: 11839K->13983K(174784K)
[2019-06-24T09:23:06.828+0000][1][gc,metaspace ] GC(10) Metaspace: 20256K->20256K(1069056K)
[2019-06-24T09:23:06.828+0000][1][gc           ] GC(10) Pause Young (Allocation Failure) 86M->19M(247M) 4.471ms
[2019-06-24T09:23:06.828+0000][1][gc,cpu       ] GC(10) User=0.03s Sys=0.00s Real=0.00s
[2019-06-24T09:23:06.828+0000][1][safepoint    ] Leaving safepoint region
[2019-06-24T09:23:06.828+0000][1][safepoint    ] Total time for which application threads were stopped: 0.0046224 seconds, Stopping threads took: 0.0000300 seconds
[2019-06-24T09:23:06.871+0000][1][safepoint    ] Application time: 0.0423988 seconds
[2019-06-24T09:23:06.871+0000][1][safepoint    ] Entering safepoint region: CollectForMetadataAllocation
[2019-06-24T09:23:06.871+0000][1][safepoint    ] Leaving safepoint region
[2019-06-24T09:23:06.871+0000][1][safepoint    ] Total time for which application threads were stopped: 0.0002430 seconds, Stopping threads took: 0.0001037 seconds
[2019-06-24T09:23:06.913+0000][1][safepoint    ] Application time: 0.0420313 seconds
[2019-06-24T09:23:06.913+0000][1][safepoint    ] Entering safepoint region: GenCollectForAllocation
[2019-06-24T09:23:06.913+0000][1][gc,start     ] GC(11) Pause Young (Allocation Failure)
[2019-06-24T09:23:06.913+0000][1][gc,task      ] GC(11) Using 5 workers of 8 for evacuation
[2019-06-24T09:23:06.916+0000][1][gc,age       ] GC(11) Desired survivor size 4456448 bytes, new threshold 6 (max threshold 6)
[2019-06-24T09:23:06.916+0000][1][gc,age       ] GC(11) Age table with threshold 6 (max threshold 6)
[2019-06-24T09:23:06.916+0000][1][gc,age       ] GC(11) - age   1:    1820720 bytes,    1820720 total
[2019-06-24T09:23:06.916+0000][1][gc,age       ] GC(11) - age   2:      98808 bytes,    1919528 total
[2019-06-24T09:23:06.916+0000][1][gc,age       ] GC(11) - age   3:     480640 bytes,    2400168 total
[2019-06-24T09:23:06.916+0000][1][gc,age       ] GC(11) - age   4:     518840 bytes,    2919008 total
[2019-06-24T09:23:06.916+0000][1][gc,age       ] GC(11) - age   5:    1141920 bytes,    4060928 total
[2019-06-24T09:23:06.916+0000][1][gc,heap      ] GC(11) ParNew: 76192K->5119K(78656K)
[2019-06-24T09:23:06.916+0000][1][gc,heap      ] GC(11) CMS: 13983K->13983K(174784K)
[2019-06-24T09:23:06.916+0000][1][gc,metaspace ] GC(11) Metaspace: 20338K->20338K(1069056K)
[2019-06-24T09:23:06.916+0000][1][gc           ] GC(11) Pause Young (Allocation Failure) 88M->18M(247M) 3.228ms
[2019-06-24T09:23:06.916+0000][1][gc,cpu       ] GC(11) User=0.02s Sys=0.00s Real=0.01s
[2019-06-24T09:23:06.916+0000][1][safepoint    ] Leaving safepoint region
[2019-06-24T09:23:06.916+0000][1][safepoint    ] Total time for which application threads were stopped: 0.0033624 seconds, Stopping threads took: 0.0000120 seconds
[2019-06-24T09:23:06.917+0000][1][gc           ] GC(9) Concurrent Abortable Preclean 153.723ms
[2019-06-24T09:23:06.917+0000][1][gc,cpu       ] GC(9) User=0.73s Sys=0.01s Real=0.15s
[2019-06-24T09:23:06.917+0000][1][safepoint    ] Application time: 0.0001469 seconds
[2019-06-24T09:23:06.917+0000][1][safepoint    ] Entering safepoint region: CMS_Final_Remark
[2019-06-24T09:23:06.917+0000][1][gc,start     ] GC(9) Pause Remark
[2019-06-24T09:23:06.925+0000][1][gc           ] GC(9) Pause Remark 20M->20M(247M) 8.599ms
[2019-06-24T09:23:06.925+0000][1][gc,cpu       ] GC(9) User=0.04s Sys=0.00s Real=0.01s
[2019-06-24T09:23:06.925+0000][1][safepoint    ] Leaving safepoint region
[2019-06-24T09:23:06.925+0000][1][safepoint    ] Total time for which application threads were stopped: 0.0087719 seconds, Stopping threads took: 0.0000522 seconds
[2019-06-24T09:23:06.926+0000][1][gc           ] GC(9) Concurrent Sweep
[2019-06-24T09:23:06.932+0000][1][gc           ] GC(9) Concurrent Sweep 6.545ms
[2019-06-24T09:23:06.932+0000][1][gc,cpu       ] GC(9) User=0.04s Sys=0.00s Real=0.00s
[2019-06-24T09:23:06.932+0000][1][gc           ] GC(9) Concurrent Reset
[2019-06-24T09:23:06.933+0000][1][gc           ] GC(9) Concurrent Reset 0.540ms
[2019-06-24T09:23:06.933+0000][1][gc,cpu       ] GC(9) User=0.00s Sys=0.00s Real=0.00s
[2019-06-24T09:23:06.933+0000][1][gc,heap      ] GC(9) Old: 11839K->13958K(174784K)
[2019-06-24T09:23:06.978+0000][1][safepoint    ] Application time: 0.0524985 seconds
[2019-06-24T09:23:06.978+0000][1][safepoint    ] Entering safepoint region: Deoptimize
[2019-06-24T09:23:06.979+0000][1][safepoint    ] Leaving safepoint region
[2019-06-24T09:23:06.979+0000][1][safepoint    ] Total time for which application threads were stopped: 0.0006960 seconds, Stopping threads took: 0.0000110 seconds
[2019-06-24T09:23:07.316+0000][1][safepoint    ] Application time: 0.3369337 seconds
[2019-06-24T09:23:07.316+0000][1][safepoint    ] Entering safepoint region: Deoptimize
[2019-06-24T09:23:07.316+0000][1][safepoint    ] Leaving safepoint region
[2019-06-24T09:23:07.316+0000][1][safepoint    ] Total time for which application threads were stopped: 0.0005519 seconds, Stopping threads took: 0.0000126 seconds
[2019-06-24T09:23:07.329+0000][1][safepoint    ] Application time: 0.0123475 seconds
[2019-06-24T09:23:07.329+0000][1][safepoint    ] Entering safepoint region: Deoptimize
[2019-06-24T09:23:07.329+0000][1][safepoint    ] Leaving safepoint region
[2019-06-24T09:23:07.329+0000][1][safepoint    ] Total time for which application threads were stopped: 0.0002955 seconds, Stopping threads took: 0.0000116 seconds
[2019-06-24T09:23:07.333+0000][1][safepoint    ] Application time: 0.0045335 seconds
[2019-06-24T09:23:07.333+0000][1][safepoint    ] Entering safepoint region: Deoptimize
[2019-06-24T09:23:07.334+0000][1][safepoint    ] Leaving safepoint region
[2019-06-24T09:23:07.334+0000][1][safepoint    ] Total time for which application threads were stopped: 0.0002827 seconds, Stopping threads took: 0.0000107 seconds
[2019-06-24T09:23:07.416+0000][1][safepoint    ] Application time: 0.0826053 seconds
[2019-06-24T09:23:07.416+0000][1][safepoint    ] Entering safepoint region: GenCollectForAllocation
[2019-06-24T09:23:07.416+0000][1][gc,start     ] GC(12) Pause Young (Allocation Failure)
[2019-06-24T09:23:07.417+0000][1][gc,task      ] GC(12) Using 5 workers of 8 for evacuation
[2019-06-24T09:23:07.421+0000][1][gc,age       ] GC(12) Desired survivor size 4456448 bytes, new threshold 5 (max threshold 6)
[2019-06-24T09:23:07.421+0000][1][gc,age       ] GC(12) Age table with threshold 5 (max threshold 6)
[2019-06-24T09:23:07.421+0000][1][gc,age       ] GC(12) - age   1:    3311800 bytes,    3311800 total
[2019-06-24T09:23:07.421+0000][1][gc,age       ] GC(12) - age   2:     345304 bytes,    3657104 total
[2019-06-24T09:23:07.421+0000][1][gc,age       ] GC(12) - age   3:      98512 bytes,    3755616 total
[2019-06-24T09:23:07.421+0000][1][gc,age       ] GC(12) - age   4:     480128 bytes,    4235744 total
[2019-06-24T09:23:07.421+0000][1][gc,age       ] GC(12) - age   5:     513872 bytes,    4749616 total
[2019-06-24T09:23:07.421+0000][1][gc,age       ] GC(12) - age   6:    1142552 bytes,    5892168 total
[2019-06-24T09:23:07.421+0000][1][gc,heap      ] GC(12) ParNew: 75071K->7105K(78656K)
[2019-06-24T09:23:07.421+0000][1][gc,heap      ] GC(12) CMS: 13958K->13958K(174784K)
[2019-06-24T09:23:07.421+0000][1][gc,metaspace ] GC(12) Metaspace: 26183K->26183K(1073152K)
[2019-06-24T09:23:07.421+0000][1][gc           ] GC(12) Pause Young (Allocation Failure) 86M->20M(247M) 4.716ms
[2019-06-24T09:23:07.421+0000][1][gc,cpu       ] GC(12) User=0.03s Sys=0.00s Real=0.00s
[2019-06-24T09:23:07.421+0000][1][safepoint    ] Leaving safepoint region
[2019-06-24T09:23:07.421+0000][1][safepoint    ] Total time for which application threads were stopped: 0.0048405 seconds, Stopping threads took: 0.0000203 seconds
[2019-06-24T09:23:08.076+0000][1][safepoint    ] Application time: 0.6543066 seconds
[2019-06-24T09:23:08.076+0000][1][safepoint    ] Entering safepoint region: GenCollectForAllocation
[2019-06-24T09:23:08.076+0000][1][gc,start     ] GC(13) Pause Young (Allocation Failure)
[2019-06-24T09:23:08.076+0000][1][gc,task      ] GC(13) Using 5 workers of 8 for evacuation
[2019-06-24T09:23:08.094+0000][1][gc,age       ] GC(13) Desired survivor size 4456448 bytes, new threshold 1 (max threshold 6)
[2019-06-24T09:23:08.094+0000][1][gc,age       ] GC(13) Age table with threshold 1 (max threshold 6)
[2019-06-24T09:23:08.094+0000][1][gc,age       ] GC(13) - age   1:    5032064 bytes,    5032064 total
[2019-06-24T09:23:08.094+0000][1][gc,age       ] GC(13) - age   2:    2957240 bytes,    7989304 total
[2019-06-24T09:23:08.094+0000][1][gc,age       ] GC(13) - age   3:     345072 bytes,    8334376 total
[2019-06-24T09:23:08.094+0000][1][gc,age       ] GC(13) - age   4:      98512 bytes,    8432888 total
[2019-06-24T09:23:08.094+0000][1][gc,age       ] GC(13) - age   5:     480128 bytes,    8913016 total
[2019-06-24T09:23:08.094+0000][1][gc,heap      ] GC(13) ParNew: 77057K->8704K(78656K)
[2019-06-24T09:23:08.094+0000][1][gc,heap      ] GC(13) CMS: 13958K->25040K(174784K)
[2019-06-24T09:23:08.094+0000][1][gc,metaspace ] GC(13) Metaspace: 26821K->26821K(1075200K)
[2019-06-24T09:23:08.094+0000][1][gc           ] GC(13) Pause Young (Allocation Failure) 88M->32M(247M) 17.821ms
[2019-06-24T09:23:08.094+0000][1][gc,cpu       ] GC(13) User=0.11s Sys=0.00s Real=0.01s
[2019-06-24T09:23:08.094+0000][1][safepoint    ] Leaving safepoint region
[2019-06-24T09:23:08.094+0000][1][safepoint    ] Total time for which application threads were stopped: 0.0181705 seconds, Stopping threads took: 0.0000228 seconds
[2019-06-24T09:23:08.178+0000][1][safepoint    ] Application time: 0.0845704 seconds
[2019-06-24T09:23:08.178+0000][1][safepoint    ] Entering safepoint region: Deoptimize
[2019-06-24T09:23:08.179+0000][1][safepoint    ] Leaving safepoint region
[2019-06-24T09:23:08.179+0000][1][safepoint    ] Total time for which application threads were stopped: 0.0003533 seconds, Stopping threads took: 0.0000226 seconds
[2019-06-24T09:23:08.265+0000][1][safepoint    ] Application time: 0.0864695 seconds
[2019-06-24T09:23:08.265+0000][1][safepoint    ] Entering safepoint region: RevokeBias
[2019-06-24T09:23:08.265+0000][1][safepoint    ] Leaving safepoint region
[2019-06-24T09:23:08.265+0000][1][safepoint    ] Total time for which application threads were stopped: 0.0000928 seconds, Stopping threads took: 0.0000156 seconds
[2019-06-24T09:23:08.525+0000][1][safepoint    ] Application time: 0.2592713 seconds
[2019-06-24T09:23:08.525+0000][1][safepoint    ] Entering safepoint region: GenCollectForAllocation
[2019-06-24T09:23:08.525+0000][1][gc,start     ] GC(14) Pause Young (Allocation Failure)
[2019-06-24T09:23:08.525+0000][1][gc,task      ] GC(14) Using 5 workers of 8 for evacuation
[2019-06-24T09:23:08.549+0000][1][gc,age       ] GC(14) Desired survivor size 4456448 bytes, new threshold 1 (max threshold 6)
[2019-06-24T09:23:08.549+0000][1][gc,age       ] GC(14) Age table with threshold 1 (max threshold 6)
[2019-06-24T09:23:08.549+0000][1][gc,age       ] GC(14) - age   1:    8666704 bytes,    8666704 total
[2019-06-24T09:23:08.549+0000][1][gc,heap      ] GC(14) ParNew: 78656K->8704K(78656K)
[2019-06-24T09:23:08.549+0000][1][gc,heap      ] GC(14) CMS: 25040K->39206K(174784K)
[2019-06-24T09:23:08.549+0000][1][gc,metaspace ] GC(14) Metaspace: 26984K->26984K(1075200K)
[2019-06-24T09:23:08.549+0000][1][gc           ] GC(14) Pause Young (Allocation Failure) 101M->46M(247M) 24.698ms
[2019-06-24T09:23:08.549+0000][1][gc,cpu       ] GC(14) User=0.17s Sys=0.00s Real=0.02s
[2019-06-24T09:23:08.550+0000][1][safepoint    ] Leaving safepoint region
[2019-06-24T09:23:08.550+0000][1][safepoint    ] Total time for which application threads were stopped: 0.0248374 seconds, Stopping threads took: 0.0000186 seconds
[2019-06-24T09:23:08.997+0000][1][safepoint    ] Application time: 0.4476631 seconds
[2019-06-24T09:23:08.997+0000][1][safepoint    ] Entering safepoint region: RevokeBias
[2019-06-24T09:23:08.997+0000][1][safepoint    ] Leaving safepoint region
[2019-06-24T09:23:08.997+0000][1][safepoint    ] Total time for which application threads were stopped: 0.0001571 seconds, Stopping threads took: 0.0000188 seconds
[2019-06-24T09:23:09.040+0000][1][safepoint    ] Application time: 0.0425146 seconds
[2019-06-24T09:23:09.040+0000][1][safepoint    ] Entering safepoint region: RevokeBias
[2019-06-24T09:23:09.040+0000][1][safepoint    ] Leaving safepoint region
[2019-06-24T09:23:09.040+0000][1][safepoint    ] Total time for which application threads were stopped: 0.0000832 seconds, Stopping threads took: 0.0000159 seconds
[2019-06-24T09:23:09.049+0000][1][safepoint    ] Application time: 0.0086476 seconds
[2019-06-24T09:23:09.049+0000][1][safepoint    ] Entering safepoint region: RevokeBias
[2019-06-24T09:23:09.049+0000][1][safepoint    ] Leaving safepoint region
[2019-06-24T09:23:09.049+0000][1][safepoint    ] Total time for which application threads were stopped: 0.0000755 seconds, Stopping threads took: 0.0000152 seconds
[2019-06-24T09:23:09.097+0000][1][safepoint    ] Application time: 0.0479914 seconds
[2019-06-24T09:23:09.097+0000][1][safepoint    ] Entering safepoint region: GenCollectForAllocation
[2019-06-24T09:23:09.097+0000][1][gc,start     ] GC(15) Pause Young (Allocation Failure)
[2019-06-24T09:23:09.097+0000][1][gc,task      ] GC(15) Using 5 workers of 8 for evacuation
[2019-06-24T09:23:09.115+0000][1][gc,age       ] GC(15) Desired survivor size 4456448 bytes, new threshold 1 (max threshold 6)
[2019-06-24T09:23:09.115+0000][1][gc,age       ] GC(15) Age table with threshold 1 (max threshold 6)
[2019-06-24T09:23:09.115+0000][1][gc,age       ] GC(15) - age   1:    5623688 bytes,    5623688 total
[2019-06-24T09:23:09.115+0000][1][gc,heap      ] GC(15) ParNew: 78656K->8704K(78656K)
[2019-06-24T09:23:09.115+0000][1][gc,heap      ] GC(15) CMS: 39206K->50072K(174784K)
[2019-06-24T09:23:09.115+0000][1][gc,metaspace ] GC(15) Metaspace: 31407K->31407K(1079296K)
[2019-06-24T09:23:09.115+0000][1][gc           ] GC(15) Pause Young (Allocation Failure) 115M->57M(247M) 17.728ms
[2019-06-24T09:23:09.115+0000][1][gc,cpu       ] GC(15) User=0.13s Sys=0.00s Real=0.02s
[2019-06-24T09:23:09.115+0000][1][safepoint    ] Leaving safepoint region
[2019-06-24T09:23:09.115+0000][1][safepoint    ] Total time for which application threads were stopped: 0.0178954 seconds, Stopping threads took: 0.0000176 seconds
[2019-06-24T09:23:09.247+0000][1][safepoint    ] Application time: 0.1322418 seconds
[2019-06-24T09:23:09.247+0000][1][safepoint    ] Entering safepoint region: GenCollectForAllocation
[2019-06-24T09:23:09.247+0000][1][gc,start     ] GC(16) Pause Young (Allocation Failure)
[2019-06-24T09:23:09.247+0000][1][gc,task      ] GC(16) Using 5 workers of 8 for evacuation
[2019-06-24T09:23:09.254+0000][1][gc,age       ] GC(16) Desired survivor size 4456448 bytes, new threshold 6 (max threshold 6)
[2019-06-24T09:23:09.254+0000][1][gc,age       ] GC(16) Age table with threshold 6 (max threshold 6)
[2019-06-24T09:23:09.254+0000][1][gc,age       ] GC(16) - age   1:     433344 bytes,     433344 total
[2019-06-24T09:23:09.254+0000][1][gc,heap      ] GC(16) ParNew: 78656K->6190K(78656K)
[2019-06-24T09:23:09.254+0000][1][gc,heap      ] GC(16) CMS: 50072K->55602K(174784K)
[2019-06-24T09:23:09.254+0000][1][gc,metaspace ] GC(16) Metaspace: 32784K->32784K(1079296K)
[2019-06-24T09:23:09.254+0000][1][gc           ] GC(16) Pause Young (Allocation Failure) 125M->60M(247M) 6.614ms
[2019-06-24T09:23:09.254+0000][1][gc,cpu       ] GC(16) User=0.04s Sys=0.00s Real=0.00s
[2019-06-24T09:23:09.254+0000][1][safepoint    ] Leaving safepoint region
[2019-06-24T09:23:09.254+0000][1][safepoint    ] Total time for which application threads were stopped: 0.0067815 seconds, Stopping threads took: 0.0000187 seconds
[2019-06-24T09:23:09.451+0000][1][safepoint    ] Application time: 0.1975709 seconds
[2019-06-24T09:23:09.451+0000][1][safepoint    ] Entering safepoint region: CollectForMetadataAllocation
[2019-06-24T09:23:09.452+0000][1][safepoint    ] Leaving safepoint region
[2019-06-24T09:23:09.452+0000][1][safepoint    ] Total time for which application threads were stopped: 0.0001948 seconds, Stopping threads took: 0.0000171 seconds
[2019-06-24T09:23:09.477+0000][1][safepoint    ] Application time: 0.0252477 seconds
[2019-06-24T09:23:09.477+0000][1][safepoint    ] Entering safepoint region: CollectForMetadataAllocation
[2019-06-24T09:23:09.477+0000][1][safepoint    ] Leaving safepoint region
[2019-06-24T09:23:09.477+0000][1][safepoint    ] Total time for which application threads were stopped: 0.0001448 seconds, Stopping threads took: 0.0000155 seconds
[2019-06-24T09:23:09.497+0000][1][safepoint    ] Application time: 0.0199905 seconds
[2019-06-24T09:23:09.497+0000][1][safepoint    ] Entering safepoint region: CollectForMetadataAllocation
[2019-06-24T09:23:09.497+0000][1][safepoint    ] Leaving safepoint region
[2019-06-24T09:23:09.497+0000][1][safepoint    ] Total time for which application threads were stopped: 0.0001938 seconds, Stopping threads took: 0.0000164 seconds
[2019-06-24T09:23:09.510+0000][1][safepoint    ] Application time: 0.0131013 seconds
[2019-06-24T09:23:09.511+0000][1][safepoint    ] Entering safepoint region: CollectForMetadataAllocation
[2019-06-24T09:23:09.511+0000][1][safepoint    ] Leaving safepoint region
[2019-06-24T09:23:09.511+0000][1][safepoint    ] Total time for which application threads were stopped: 0.0001542 seconds, Stopping threads took: 0.0000180 seconds
[2019-06-24T09:23:09.527+0000][1][safepoint    ] Application time: 0.0163565 seconds
[2019-06-24T09:23:09.527+0000][1][safepoint    ] Entering safepoint region: CollectForMetadataAllocation
[2019-06-24T09:23:09.527+0000][1][safepoint    ] Leaving safepoint region
[2019-06-24T09:23:09.527+0000][1][safepoint    ] Total time for which application threads were stopped: 0.0001867 seconds, Stopping threads took: 0.0000160 seconds
[2019-06-24T09:23:09.544+0000][1][safepoint    ] Application time: 0.0168449 seconds
[2019-06-24T09:23:09.544+0000][1][safepoint    ] Entering safepoint region: CollectForMetadataAllocation
[2019-06-24T09:23:09.544+0000][1][safepoint    ] Leaving safepoint region
[2019-06-24T09:23:09.544+0000][1][safepoint    ] Total time for which application threads were stopped: 0.0001831 seconds, Stopping threads took: 0.0000147 seconds
[2019-06-24T09:23:09.564+0000][1][safepoint    ] Application time: 0.0198462 seconds
[2019-06-24T09:23:09.564+0000][1][safepoint    ] Entering safepoint region: CollectForMetadataAllocation
[2019-06-24T09:23:09.564+0000][1][safepoint    ] Leaving safepoint region
[2019-06-24T09:23:09.564+0000][1][safepoint    ] Total time for which application threads were stopped: 0.0001332 seconds, Stopping threads took: 0.0000195 seconds
[2019-06-24T09:23:09.585+0000][1][safepoint    ] Application time: 0.0204413 seconds
[2019-06-24T09:23:09.585+0000][1][safepoint    ] Entering safepoint region: CollectForMetadataAllocation
[2019-06-24T09:23:09.585+0000][1][safepoint    ] Leaving safepoint region
[2019-06-24T09:23:09.585+0000][1][safepoint    ] Total time for which application threads were stopped: 0.0002129 seconds, Stopping threads took: 0.0000176 seconds
[2019-06-24T09:23:09.599+0000][1][safepoint    ] Application time: 0.0142641 seconds
[2019-06-24T09:23:09.599+0000][1][safepoint    ] Entering safepoint region: CollectForMetadataAllocation
[2019-06-24T09:23:09.600+0000][1][safepoint    ] Leaving safepoint region
[2019-06-24T09:23:09.600+0000][1][safepoint    ] Total time for which application threads were stopped: 0.0001472 seconds, Stopping threads took: 0.0000165 seconds
[2019-06-24T09:23:09.622+0000][1][safepoint    ] Application time: 0.0223370 seconds
[2019-06-24T09:23:09.622+0000][1][safepoint    ] Entering safepoint region: CollectForMetadataAllocation
[2019-06-24T09:23:09.622+0000][1][safepoint    ] Leaving safepoint region
[2019-06-24T09:23:09.622+0000][1][safepoint    ] Total time for which application threads were stopped: 0.0002088 seconds, Stopping threads took: 0.0000165 seconds
[2019-06-24T09:23:09.633+0000][1][safepoint    ] Application time: 0.0104132 seconds
[2019-06-24T09:23:09.633+0000][1][safepoint    ] Entering safepoint region: RevokeBias
[2019-06-24T09:23:09.633+0000][1][safepoint    ] Leaving safepoint region
[2019-06-24T09:23:09.633+0000][1][safepoint    ] Total time for which application threads were stopped: 0.0001403 seconds, Stopping threads took: 0.0000282 seconds
[2019-06-24T09:23:09.667+0000][1][safepoint    ] Application time: 0.0338989 seconds
[2019-06-24T09:23:09.667+0000][1][safepoint    ] Entering safepoint region: RevokeBias
[2019-06-24T09:23:09.667+0000][1][safepoint    ] Leaving safepoint region
[2019-06-24T09:23:09.667+0000][1][safepoint    ] Total time for which application threads were stopped: 0.0001121 seconds, Stopping threads took: 0.0000144 seconds
[2019-06-24T09:23:09.674+0000][1][safepoint    ] Application time: 0.0073770 seconds
[2019-06-24T09:23:09.674+0000][1][safepoint    ] Entering safepoint region: CollectForMetadataAllocation
[2019-06-24T09:23:09.674+0000][1][safepoint    ] Leaving safepoint region
[2019-06-24T09:23:09.674+0000][1][safepoint    ] Total time for which application threads were stopped: 0.0001471 seconds, Stopping threads took: 0.0000121 seconds
[2019-06-24T09:23:09.693+0000][1][safepoint    ] Application time: 0.0187141 seconds
[2019-06-24T09:23:09.693+0000][1][safepoint    ] Entering safepoint region: CollectForMetadataAllocation
[2019-06-24T09:23:09.693+0000][1][safepoint    ] Leaving safepoint region
[2019-06-24T09:23:09.693+0000][1][safepoint    ] Total time for which application threads were stopped: 0.0001453 seconds, Stopping threads took: 0.0000105 seconds
[2019-06-24T09:23:09.718+0000][1][safepoint    ] Application time: 0.0245327 seconds
[2019-06-24T09:23:09.718+0000][1][safepoint    ] Entering safepoint region: CollectForMetadataAllocation
[2019-06-24T09:23:09.718+0000][1][safepoint    ] Leaving safepoint region
[2019-06-24T09:23:09.718+0000][1][safepoint    ] Total time for which application threads were stopped: 0.0001691 seconds, Stopping threads took: 0.0000106 seconds
[2019-06-24T09:23:09.733+0000][1][safepoint    ] Application time: 0.0149412 seconds
[2019-06-24T09:23:09.733+0000][1][safepoint    ] Entering safepoint region: CollectForMetadataAllocation
[2019-06-24T09:23:09.733+0000][1][safepoint    ] Leaving safepoint region
[2019-06-24T09:23:09.733+0000][1][safepoint    ] Total time for which application threads were stopped: 0.0001537 seconds, Stopping threads took: 0.0000117 seconds
[2019-06-24T09:23:09.753+0000][1][safepoint    ] Application time: 0.0198209 seconds
[2019-06-24T09:23:09.753+0000][1][safepoint    ] Entering safepoint region: CollectForMetadataAllocation
[2019-06-24T09:23:09.753+0000][1][safepoint    ] Leaving safepoint region
[2019-06-24T09:23:09.753+0000][1][safepoint    ] Total time for which application threads were stopped: 0.0001587 seconds, Stopping threads took: 0.0000112 seconds
[2019-06-24T09:23:09.767+0000][1][safepoint    ] Application time: 0.0134704 seconds
[2019-06-24T09:23:09.767+0000][1][safepoint    ] Entering safepoint region: CollectForMetadataAllocation
[2019-06-24T09:23:09.767+0000][1][safepoint    ] Leaving safepoint region
[2019-06-24T09:23:09.767+0000][1][safepoint    ] Total time for which application threads were stopped: 0.0001468 seconds, Stopping threads took: 0.0000118 seconds
[2019-06-24T09:23:09.785+0000][1][safepoint    ] Application time: 0.0181316 seconds
[2019-06-24T09:23:09.785+0000][1][safepoint    ] Entering safepoint region: CollectForMetadataAllocation
[2019-06-24T09:23:09.785+0000][1][safepoint    ] Leaving safepoint region
[2019-06-24T09:23:09.785+0000][1][safepoint    ] Total time for which application threads were stopped: 0.0001581 seconds, Stopping threads took: 0.0000229 seconds
[2019-06-24T09:23:09.800+0000][1][safepoint    ] Application time: 0.0146756 seconds
[2019-06-24T09:23:09.800+0000][1][safepoint    ] Entering safepoint region: CollectForMetadataAllocation
[2019-06-24T09:23:09.800+0000][1][safepoint    ] Leaving safepoint region
[2019-06-24T09:23:09.800+0000][1][safepoint    ] Total time for which application threads were stopped: 0.0001456 seconds, Stopping threads took: 0.0000110 seconds
[2019-06-24T09:23:09.828+0000][1][safepoint    ] Application time: 0.0279405 seconds
[2019-06-24T09:23:09.828+0000][1][safepoint    ] Entering safepoint region: CollectForMetadataAllocation
[2019-06-24T09:23:09.828+0000][1][safepoint    ] Leaving safepoint region
[2019-06-24T09:23:09.828+0000][1][safepoint    ] Total time for which application threads were stopped: 0.0001466 seconds, Stopping threads took: 0.0000102 seconds
[2019-06-24T09:23:09.840+0000][1][safepoint    ] Application time: 0.0117192 seconds
[2019-06-24T09:23:09.840+0000][1][safepoint    ] Entering safepoint region: CollectForMetadataAllocation
[2019-06-24T09:23:09.840+0000][1][safepoint    ] Leaving safepoint region
[2019-06-24T09:23:09.840+0000][1][safepoint    ] Total time for which application threads were stopped: 0.0001055 seconds, Stopping threads took: 0.0000106 seconds
[2019-06-24T09:23:09.862+0000][1][safepoint    ] Application time: 0.0216514 seconds
[2019-06-24T09:23:09.862+0000][1][safepoint    ] Entering safepoint region: CollectForMetadataAllocation
[2019-06-24T09:23:09.862+0000][1][safepoint    ] Leaving safepoint region
[2019-06-24T09:23:09.862+0000][1][safepoint    ] Total time for which application threads were stopped: 0.0002620 seconds, Stopping threads took: 0.0001307 seconds
[2019-06-24T09:23:09.880+0000][1][safepoint    ] Application time: 0.0179321 seconds
[2019-06-24T09:23:09.880+0000][1][safepoint    ] Entering safepoint region: CollectForMetadataAllocation
[2019-06-24T09:23:09.880+0000][1][safepoint    ] Leaving safepoint region
[2019-06-24T09:23:09.880+0000][1][safepoint    ] Total time for which application threads were stopped: 0.0001336 seconds, Stopping threads took: 0.0000284 seconds
[2019-06-24T09:23:09.892+0000][1][safepoint    ] Application time: 0.0123410 seconds
[2019-06-24T09:23:09.893+0000][1][safepoint    ] Entering safepoint region: CollectForMetadataAllocation
[2019-06-24T09:23:09.893+0000][1][safepoint    ] Leaving safepoint region
[2019-06-24T09:23:09.893+0000][1][safepoint    ] Total time for which application threads were stopped: 0.0002365 seconds, Stopping threads took: 0.0000884 seconds
[2019-06-24T09:23:09.927+0000][1][safepoint    ] Application time: 0.0341024 seconds
[2019-06-24T09:23:09.927+0000][1][safepoint    ] Entering safepoint region: CollectForMetadataAllocation
[2019-06-24T09:23:09.927+0000][1][safepoint    ] Leaving safepoint region
[2019-06-24T09:23:09.927+0000][1][safepoint    ] Total time for which application threads were stopped: 0.0001323 seconds, Stopping threads took: 0.0000112 seconds
[2019-06-24T09:23:09.940+0000][1][safepoint    ] Application time: 0.0132081 seconds
[2019-06-24T09:23:09.940+0000][1][safepoint    ] Entering safepoint region: CollectForMetadataAllocation
[2019-06-24T09:23:09.940+0000][1][safepoint    ] Leaving safepoint region
[2019-06-24T09:23:09.940+0000][1][safepoint    ] Total time for which application threads were stopped: 0.0001525 seconds, Stopping threads took: 0.0000105 seconds
[2019-06-24T09:23:09.963+0000][1][safepoint    ] Application time: 0.0229209 seconds
[2019-06-24T09:23:09.963+0000][1][safepoint    ] Entering safepoint region: CollectForMetadataAllocation
[2019-06-24T09:23:09.963+0000][1][safepoint    ] Leaving safepoint region
[2019-06-24T09:23:09.963+0000][1][safepoint    ] Total time for which application threads were stopped: 0.0001515 seconds, Stopping threads took: 0.0000110 seconds
[2019-06-24T09:23:09.980+0000][1][safepoint    ] Application time: 0.0169273 seconds
[2019-06-24T09:23:09.980+0000][1][safepoint    ] Entering safepoint region: CollectForMetadataAllocation
[2019-06-24T09:23:09.981+0000][1][safepoint    ] Leaving safepoint region
[2019-06-24T09:23:09.981+0000][1][safepoint    ] Total time for which application threads were stopped: 0.0001682 seconds, Stopping threads took: 0.0000136 seconds
[2019-06-24T09:23:09.998+0000][1][safepoint    ] Application time: 0.0168811 seconds
[2019-06-24T09:23:09.998+0000][1][safepoint    ] Entering safepoint region: CollectForMetadataAllocation
[2019-06-24T09:23:09.998+0000][1][safepoint    ] Leaving safepoint region
[2019-06-24T09:23:09.998+0000][1][safepoint    ] Total time for which application threads were stopped: 0.0001796 seconds, Stopping threads took: 0.0000122 seconds
[2019-06-24T09:23:10.298+0000][1][safepoint    ] Application time: 0.2997857 seconds
[2019-06-24T09:23:10.298+0000][1][safepoint    ] Entering safepoint region: GenCollectForAllocation
[2019-06-24T09:23:10.298+0000][1][gc,start     ] GC(17) Pause Young (Allocation Failure)
[2019-06-24T09:23:10.298+0000][1][gc,task      ] GC(17) Using 5 workers of 8 for evacuation
[2019-06-24T09:23:10.302+0000][1][gc,age       ] GC(17) Desired survivor size 4456448 bytes, new threshold 6 (max threshold 6)
[2019-06-24T09:23:10.302+0000][1][gc,age       ] GC(17) Age table with threshold 6 (max threshold 6)
[2019-06-24T09:23:10.302+0000][1][gc,age       ] GC(17) - age   1:    3681008 bytes,    3681008 total
[2019-06-24T09:23:10.302+0000][1][gc,age       ] GC(17) - age   2:     391760 bytes,    4072768 total
[2019-06-24T09:23:10.302+0000][1][gc,heap      ] GC(17) ParNew: 76142K->4880K(78656K)
[2019-06-24T09:23:10.302+0000][1][gc,heap      ] GC(17) CMS: 55602K->55602K(174784K)
[2019-06-24T09:23:10.302+0000][1][gc,metaspace ] GC(17) Metaspace: 42014K->42014K(1087488K)
[2019-06-24T09:23:10.302+0000][1][gc           ] GC(17) Pause Young (Allocation Failure) 128M->59M(247M) 4.112ms
[2019-06-24T09:23:10.302+0000][1][gc,cpu       ] GC(17) User=0.02s Sys=0.00s Real=0.00s
[2019-06-24T09:23:10.302+0000][1][safepoint    ] Leaving safepoint region
[2019-06-24T09:23:10.302+0000][1][safepoint    ] Total time for which application threads were stopped: 0.0042488 seconds, Stopping threads took: 0.0000117 seconds
[2019-06-24T09:23:10.302+0000][1][safepoint    ] Application time: 0.0000863 seconds
[2019-06-24T09:23:10.302+0000][1][safepoint    ] Entering safepoint region: CMS_Initial_Mark
[2019-06-24T09:23:10.302+0000][1][gc,start     ] GC(18) Pause Initial Mark
[2019-06-24T09:23:10.303+0000][1][gc           ] GC(18) Pause Initial Mark 59M->59M(247M) 1.384ms
[2019-06-24T09:23:10.303+0000][1][gc,cpu       ] GC(18) User=0.02s Sys=0.00s Real=0.01s
[2019-06-24T09:23:10.303+0000][1][safepoint    ] Leaving safepoint region
[2019-06-24T09:23:10.303+0000][1][safepoint    ] Total time for which application threads were stopped: 0.0015359 seconds, Stopping threads took: 0.0000576 seconds
[2019-06-24T09:23:10.304+0000][1][gc           ] GC(18) Concurrent Mark
[2019-06-24T09:23:10.304+0000][1][gc,task      ] GC(18) Using 2 workers of 2 for marking
[2019-06-24T09:23:10.304+0000][1][safepoint    ] Application time: 0.0009592 seconds
[2019-06-24T09:23:10.304+0000][1][safepoint    ] Entering safepoint region: CollectForMetadataAllocation
[2019-06-24T09:23:10.305+0000][1][safepoint    ] Leaving safepoint region
[2019-06-24T09:23:10.305+0000][1][safepoint    ] Total time for which application threads were stopped: 0.0001785 seconds, Stopping threads took: 0.0000129 seconds
[2019-06-24T09:23:10.344+0000][1][gc           ] GC(18) Concurrent Mark 40.706ms
[2019-06-24T09:23:10.344+0000][1][gc,cpu       ] GC(18) User=0.20s Sys=0.00s Real=0.04s
[2019-06-24T09:23:10.344+0000][1][gc           ] GC(18) Concurrent Preclean
[2019-06-24T09:23:10.346+0000][1][gc           ] GC(18) Concurrent Preclean 1.625ms
[2019-06-24T09:23:10.346+0000][1][gc,cpu       ] GC(18) User=0.01s Sys=0.00s Real=0.00s
[2019-06-24T09:23:10.346+0000][1][safepoint    ] Application time: 0.0413832 seconds
[2019-06-24T09:23:10.346+0000][1][safepoint    ] Entering safepoint region: CMS_Final_Remark
[2019-06-24T09:23:10.346+0000][1][gc,start     ] GC(18) Pause Remark
[2019-06-24T09:23:10.360+0000][1][gc           ] GC(18) Pause Remark 60M->60M(247M) 14.177ms
[2019-06-24T09:23:10.360+0000][1][gc,cpu       ] GC(18) User=0.04s Sys=0.00s Real=0.01s
[2019-06-24T09:23:10.360+0000][1][safepoint    ] Leaving safepoint region
[2019-06-24T09:23:10.360+0000][1][safepoint    ] Total time for which application threads were stopped: 0.0143484 seconds, Stopping threads took: 0.0000403 seconds
[2019-06-24T09:23:10.360+0000][1][gc           ] GC(18) Concurrent Sweep
[2019-06-24T09:23:10.389+0000][1][gc           ] GC(18) Concurrent Sweep 28.518ms
[2019-06-24T09:23:10.389+0000][1][gc,cpu       ] GC(18) User=0.09s Sys=0.00s Real=0.03s
[2019-06-24T09:23:10.389+0000][1][gc           ] GC(18) Concurrent Reset
[2019-06-24T09:23:10.389+0000][1][gc           ] GC(18) Concurrent Reset 0.293ms
[2019-06-24T09:23:10.389+0000][1][gc,cpu       ] GC(18) User=0.00s Sys=0.00s Real=0.00s
[2019-06-24T09:23:10.389+0000][1][gc,heap      ] GC(18) Old: 55602K->55366K(174784K)
[2019-06-24T09:23:10.491+0000][1][safepoint    ] Application time: 0.1305167 seconds
[2019-06-24T09:23:10.491+0000][1][safepoint    ] Entering safepoint region: RevokeBias
[2019-06-24T09:23:10.491+0000][1][safepoint    ] Leaving safepoint region
[2019-06-24T09:23:10.492+0000][1][safepoint    ] Total time for which application threads were stopped: 0.0005774 seconds, Stopping threads took: 0.0000276 seconds
[2019-06-24T09:23:10.790+0000][1][safepoint    ] Application time: 0.2983908 seconds
[2019-06-24T09:23:10.790+0000][1][safepoint    ] Entering safepoint region: RevokeBias
[2019-06-24T09:23:10.790+0000][1][safepoint    ] Leaving safepoint region
[2019-06-24T09:23:10.790+0000][1][safepoint    ] Total time for which application threads were stopped: 0.0002318 seconds, Stopping threads took: 0.0000867 seconds
[2019-06-24T09:23:10.827+0000][1][safepoint    ] Application time: 0.0365818 seconds
[2019-06-24T09:23:10.827+0000][1][safepoint    ] Entering safepoint region: RevokeBias
[2019-06-24T09:23:10.827+0000][1][safepoint    ] Leaving safepoint region
[2019-06-24T09:23:10.827+0000][1][safepoint    ] Total time for which application threads were stopped: 0.0000870 seconds, Stopping threads took: 0.0000126 seconds
[2019-06-24T09:23:10.842+0000][1][safepoint    ] Application time: 0.0153540 seconds
[2019-06-24T09:23:10.842+0000][1][safepoint    ] Entering safepoint region: RevokeBias
[2019-06-24T09:23:10.842+0000][1][safepoint    ] Leaving safepoint region
[2019-06-24T09:23:10.842+0000][1][safepoint    ] Total time for which application threads were stopped: 0.0000913 seconds, Stopping threads took: 0.0000164 seconds
[2019-06-24T09:23:10.847+0000][1][safepoint    ] Application time: 0.0049829 seconds
[2019-06-24T09:23:10.847+0000][1][safepoint    ] Entering safepoint region: RevokeBias
[2019-06-24T09:23:10.847+0000][1][safepoint    ] Leaving safepoint region
[2019-06-24T09:23:10.847+0000][1][safepoint    ] Total time for which application threads were stopped: 0.0000809 seconds, Stopping threads took: 0.0000142 seconds
[2019-06-24T09:23:10.981+0000][1][safepoint    ] Application time: 0.1330962 seconds
[2019-06-24T09:23:10.981+0000][1][safepoint    ] Entering safepoint region: RevokeBias
[2019-06-24T09:23:10.981+0000][1][safepoint    ] Leaving safepoint region
[2019-06-24T09:23:10.981+0000][1][safepoint    ] Total time for which application threads were stopped: 0.0003971 seconds, Stopping threads took: 0.0000416 seconds
[2019-06-24T09:23:10.981+0000][1][safepoint    ] Application time: 0.0001121 seconds
[2019-06-24T09:23:10.981+0000][1][safepoint    ] Entering safepoint region: RevokeBias
[2019-06-24T09:23:10.981+0000][1][safepoint    ] Leaving safepoint region
[2019-06-24T09:23:10.981+0000][1][safepoint    ] Total time for which application threads were stopped: 0.0000930 seconds, Stopping threads took: 0.0000336 seconds
[2019-06-24T09:23:10.981+0000][1][safepoint    ] Application time: 0.0001927 seconds
[2019-06-24T09:23:10.982+0000][1][safepoint    ] Entering safepoint region: RevokeBias
[2019-06-24T09:23:10.982+0000][1][safepoint    ] Leaving safepoint region
[2019-06-24T09:23:10.982+0000][1][safepoint    ] Total time for which application threads were stopped: 0.0002755 seconds, Stopping threads took: 0.0002198 seconds
[2019-06-24T09:23:10.982+0000][1][safepoint    ] Application time: 0.0001508 seconds
[2019-06-24T09:23:10.982+0000][1][safepoint    ] Entering safepoint region: RevokeBias
[2019-06-24T09:23:10.982+0000][1][safepoint    ] Leaving safepoint region
[2019-06-24T09:23:10.982+0000][1][safepoint    ] Total time for which application threads were stopped: 0.0002819 seconds, Stopping threads took: 0.0002438 seconds
[2019-06-24T09:23:11.036+0000][1][safepoint    ] Application time: 0.0538578 seconds
[2019-06-24T09:23:11.036+0000][1][safepoint    ] Entering safepoint region: RevokeBias
[2019-06-24T09:23:11.036+0000][1][safepoint    ] Leaving safepoint region
[2019-06-24T09:23:11.036+0000][1][safepoint    ] Total time for which application threads were stopped: 0.0000940 seconds, Stopping threads took: 0.0000171 seconds
[2019-06-24T09:23:11.036+0000][1][safepoint    ] Application time: 0.0000711 seconds
[2019-06-24T09:23:11.037+0000][1][safepoint    ] Entering safepoint region: RevokeBias
[2019-06-24T09:23:11.037+0000][1][safepoint    ] Leaving safepoint region
[2019-06-24T09:23:11.037+0000][1][safepoint    ] Total time for which application threads were stopped: 0.0002884 seconds, Stopping threads took: 0.0002322 seconds
[2019-06-24T09:23:11.037+0000][1][safepoint    ] Application time: 0.0000481 seconds
[2019-06-24T09:23:11.037+0000][1][safepoint    ] Entering safepoint region: RevokeBias
[2019-06-24T09:23:11.037+0000][1][safepoint    ] Leaving safepoint region
[2019-06-24T09:23:11.037+0000][1][safepoint    ] Total time for which application threads were stopped: 0.0000542 seconds, Stopping threads took: 0.0000093 seconds
[2019-06-24T09:23:11.037+0000][1][safepoint    ] Application time: 0.0001014 seconds
[2019-06-24T09:23:11.037+0000][1][safepoint    ] Entering safepoint region: RevokeBias
[2019-06-24T09:23:11.037+0000][1][safepoint    ] Leaving safepoint region
[2019-06-24T09:23:11.037+0000][1][safepoint    ] Total time for which application threads were stopped: 0.0001126 seconds, Stopping threads took: 0.0000775 seconds
[2019-06-24T09:23:11.037+0000][1][safepoint    ] Application time: 0.0002828 seconds
[2019-06-24T09:23:11.037+0000][1][safepoint    ] Entering safepoint region: RevokeBias
[2019-06-24T09:23:11.037+0000][1][safepoint    ] Leaving safepoint region
[2019-06-24T09:23:11.037+0000][1][safepoint    ] Total time for which application threads were stopped: 0.0001200 seconds, Stopping threads took: 0.0000649 seconds
[2019-06-24T09:23:11.037+0000][1][safepoint    ] Application time: 0.0000802 seconds
[2019-06-24T09:23:11.038+0000][1][safepoint    ] Entering safepoint region: RevokeBias
[2019-06-24T09:23:11.038+0000][1][safepoint    ] Leaving safepoint region
[2019-06-24T09:23:11.038+0000][1][safepoint    ] Total time for which application threads were stopped: 0.0000912 seconds, Stopping threads took: 0.0000455 seconds
[2019-06-24T09:23:11.038+0000][1][safepoint    ] Application time: 0.0001476 seconds
[2019-06-24T09:23:11.038+0000][1][safepoint    ] Entering safepoint region: RevokeBias
[2019-06-24T09:23:11.038+0000][1][safepoint    ] Leaving safepoint region
[2019-06-24T09:23:11.038+0000][1][safepoint    ] Total time for which application threads were stopped: 0.0000683 seconds, Stopping threads took: 0.0000273 seconds
[2019-06-24T09:23:11.038+0000][1][safepoint    ] Application time: 0.0000575 seconds
[2019-06-24T09:23:11.038+0000][1][safepoint    ] Entering safepoint region: RevokeBias
[2019-06-24T09:23:11.038+0000][1][safepoint    ] Leaving safepoint region
[2019-06-24T09:23:11.038+0000][1][safepoint    ] Total time for which application threads were stopped: 0.0001330 seconds, Stopping threads took: 0.0000664 seconds
[2019-06-24T09:23:11.038+0000][1][safepoint    ] Application time: 0.0000424 seconds
[2019-06-24T09:23:11.038+0000][1][safepoint    ] Entering safepoint region: RevokeBias
[2019-06-24T09:23:11.038+0000][1][safepoint    ] Leaving safepoint region
[2019-06-24T09:23:11.038+0000][1][safepoint    ] Total time for which application threads were stopped: 0.0000703 seconds, Stopping threads took: 0.0000102 seconds
[2019-06-24T09:23:11.038+0000][1][safepoint    ] Application time: 0.0000463 seconds
[2019-06-24T09:23:11.038+0000][1][safepoint    ] Entering safepoint region: RevokeBias
[2019-06-24T09:23:11.038+0000][1][safepoint    ] Leaving safepoint region
[2019-06-24T09:23:11.038+0000][1][safepoint    ] Total time for which application threads were stopped: 0.0000768 seconds, Stopping threads took: 0.0000292 seconds
[2019-06-24T09:23:11.038+0000][1][safepoint    ] Application time: 0.0000474 seconds
[2019-06-24T09:23:11.038+0000][1][safepoint    ] Entering safepoint region: RevokeBias
[2019-06-24T09:23:11.038+0000][1][safepoint    ] Leaving safepoint region
[2019-06-24T09:23:11.038+0000][1][safepoint    ] Total time for which application threads were stopped: 0.0000534 seconds, Stopping threads took: 0.0000100 seconds
[2019-06-24T09:23:11.038+0000][1][safepoint    ] Application time: 0.0000644 seconds
[2019-06-24T09:23:11.038+0000][1][safepoint    ] Entering safepoint region: RevokeBias
[2019-06-24T09:23:11.039+0000][1][safepoint    ] Leaving safepoint region
[2019-06-24T09:23:11.039+0000][1][safepoint    ] Total time for which application threads were stopped: 0.0000538 seconds, Stopping threads took: 0.0000097 seconds
[2019-06-24T09:23:11.039+0000][1][safepoint    ] Application time: 0.0000349 seconds
[2019-06-24T09:23:11.039+0000][1][safepoint    ] Entering safepoint region: RevokeBias
[2019-06-24T09:23:11.039+0000][1][safepoint    ] Leaving safepoint region
[2019-06-24T09:23:11.039+0000][1][safepoint    ] Total time for which application threads were stopped: 0.0000534 seconds, Stopping threads took: 0.0000100 seconds
[2019-06-24T09:23:11.039+0000][1][safepoint    ] Application time: 0.0000353 seconds
[2019-06-24T09:23:11.039+0000][1][safepoint    ] Entering safepoint region: RevokeBias
[2019-06-24T09:23:11.039+0000][1][safepoint    ] Leaving safepoint region
[2019-06-24T09:23:11.039+0000][1][safepoint    ] Total time for which application threads were stopped: 0.0000518 seconds, Stopping threads took: 0.0000099 seconds
[2019-06-24T09:23:11.039+0000][1][safepoint    ] Application time: 0.0000355 seconds
[2019-06-24T09:23:11.039+0000][1][safepoint    ] Entering safepoint region: RevokeBias
[2019-06-24T09:23:11.039+0000][1][safepoint    ] Leaving safepoint region
[2019-06-24T09:23:11.039+0000][1][safepoint    ] Total time for which application threads were stopped: 0.0000523 seconds, Stopping threads took: 0.0000100 seconds
[2019-06-24T09:23:11.039+0000][1][safepoint    ] Application time: 0.0000358 seconds
[2019-06-24T09:23:11.039+0000][1][safepoint    ] Entering safepoint region: RevokeBias
[2019-06-24T09:23:11.039+0000][1][safepoint    ] Leaving safepoint region
[2019-06-24T09:23:11.039+0000][1][safepoint    ] Total time for which application threads were stopped: 0.0000512 seconds, Stopping threads took: 0.0000102 seconds
[2019-06-24T09:23:11.039+0000][1][safepoint    ] Application time: 0.0000354 seconds
[2019-06-24T09:23:11.039+0000][1][safepoint    ] Entering safepoint region: RevokeBias
[2019-06-24T09:23:11.039+0000][1][safepoint    ] Leaving safepoint region
[2019-06-24T09:23:11.039+0000][1][safepoint    ] Total time for which application threads were stopped: 0.0000509 seconds, Stopping threads took: 0.0000099 seconds
[2019-06-24T09:23:11.039+0000][1][safepoint    ] Application time: 0.0000362 seconds
[2019-06-24T09:23:11.039+0000][1][safepoint    ] Entering safepoint region: RevokeBias
[2019-06-24T09:23:11.039+0000][1][safepoint    ] Leaving safepoint region
[2019-06-24T09:23:11.039+0000][1][safepoint    ] Total time for which application threads were stopped: 0.0000521 seconds, Stopping threads took: 0.0000099 seconds
[2019-06-24T09:23:11.039+0000][1][safepoint    ] Application time: 0.0000355 seconds
[2019-06-24T09:23:11.039+0000][1][safepoint    ] Entering safepoint region: RevokeBias
[2019-06-24T09:23:11.039+0000][1][safepoint    ] Leaving safepoint region
[2019-06-24T09:23:11.039+0000][1][safepoint    ] Total time for which application threads were stopped: 0.0000518 seconds, Stopping threads took: 0.0000097 seconds
[2019-06-24T09:23:11.039+0000][1][safepoint    ] Application time: 0.0000354 seconds
[2019-06-24T09:23:11.039+0000][1][safepoint    ] Entering safepoint region: RevokeBias
[2019-06-24T09:23:11.039+0000][1][safepoint    ] Leaving safepoint region
[2019-06-24T09:23:11.039+0000][1][safepoint    ] Total time for which application threads were stopped: 0.0000496 seconds, Stopping threads took: 0.0000095 seconds
[2019-06-24T09:23:11.039+0000][1][safepoint    ] Application time: 0.0000352 seconds
[2019-06-24T09:23:11.039+0000][1][safepoint    ] Entering safepoint region: RevokeBias
[2019-06-24T09:23:11.040+0000][1][safepoint    ] Leaving safepoint region
[2019-06-24T09:23:11.040+0000][1][safepoint    ] Total time for which application threads were stopped: 0.0000493 seconds, Stopping threads took: 0.0000096 seconds
[2019-06-24T09:23:11.040+0000][1][safepoint    ] Application time: 0.0000345 seconds
[2019-06-24T09:23:11.040+0000][1][safepoint    ] Entering safepoint region: RevokeBias
[2019-06-24T09:23:11.040+0000][1][safepoint    ] Leaving safepoint region
[2019-06-24T09:23:11.040+0000][1][safepoint    ] Total time for which application threads were stopped: 0.0000538 seconds, Stopping threads took: 0.0000097 seconds
[2019-06-24T09:23:11.040+0000][1][safepoint    ] Application time: 0.0000344 seconds
[2019-06-24T09:23:11.040+0000][1][safepoint    ] Entering safepoint region: RevokeBias
[2019-06-24T09:23:11.040+0000][1][safepoint    ] Leaving safepoint region
[2019-06-24T09:23:11.040+0000][1][safepoint    ] Total time for which application threads were stopped: 0.0000508 seconds, Stopping threads took: 0.0000097 seconds
[2019-06-24T09:23:11.040+0000][1][safepoint    ] Application time: 0.0000365 seconds
[2019-06-24T09:23:11.040+0000][1][safepoint    ] Entering safepoint region: RevokeBias
[2019-06-24T09:23:11.040+0000][1][safepoint    ] Leaving safepoint region
[2019-06-24T09:23:11.040+0000][1][safepoint    ] Total time for which application threads were stopped: 0.0000508 seconds, Stopping threads took: 0.0000099 seconds
[2019-06-24T09:23:11.040+0000][1][safepoint    ] Application time: 0.0000359 seconds
[2019-06-24T09:23:11.040+0000][1][safepoint    ] Entering safepoint region: RevokeBias
[2019-06-24T09:23:11.040+0000][1][safepoint    ] Leaving safepoint region
[2019-06-24T09:23:11.040+0000][1][safepoint    ] Total time for which application threads were stopped: 0.0000565 seconds, Stopping threads took: 0.0000101 seconds
[2019-06-24T09:23:11.040+0000][1][safepoint    ] Application time: 0.0000365 seconds
[2019-06-24T09:23:11.040+0000][1][safepoint    ] Entering safepoint region: BulkRevokeBias
[2019-06-24T09:23:11.040+0000][1][safepoint    ] Leaving safepoint region
[2019-06-24T09:23:11.040+0000][1][safepoint    ] Total time for which application threads were stopped: 0.0001176 seconds, Stopping threads took: 0.0000099 seconds
[2019-06-24T09:23:11.040+0000][1][safepoint    ] Application time: 0.0001603 seconds
[2019-06-24T09:23:11.040+0000][1][safepoint    ] Entering safepoint region: RevokeBias
[2019-06-24T09:23:11.040+0000][1][safepoint    ] Leaving safepoint region
[2019-06-24T09:23:11.040+0000][1][safepoint    ] Total time for which application threads were stopped: 0.0000645 seconds, Stopping threads took: 0.0000104 seconds
[2019-06-24T09:23:11.040+0000][1][safepoint    ] Application time: 0.0000636 seconds
[2019-06-24T09:23:11.040+0000][1][safepoint    ] Entering safepoint region: RevokeBias
[2019-06-24T09:23:11.040+0000][1][safepoint    ] Leaving safepoint region
[2019-06-24T09:23:11.041+0000][1][safepoint    ] Total time for which application threads were stopped: 0.0000603 seconds, Stopping threads took: 0.0000104 seconds
[2019-06-24T09:23:11.041+0000][1][safepoint    ] Application time: 0.0000864 seconds
[2019-06-24T09:23:11.041+0000][1][safepoint    ] Entering safepoint region: RevokeBias
[2019-06-24T09:23:11.041+0000][1][safepoint    ] Leaving safepoint region
[2019-06-24T09:23:11.041+0000][1][safepoint    ] Total time for which application threads were stopped: 0.0000606 seconds, Stopping threads took: 0.0000104 seconds
[2019-06-24T09:23:11.041+0000][1][safepoint    ] Application time: 0.0000576 seconds
[2019-06-24T09:23:11.041+0000][1][safepoint    ] Entering safepoint region: RevokeBias
[2019-06-24T09:23:11.041+0000][1][safepoint    ] Leaving safepoint region
[2019-06-24T09:23:11.041+0000][1][safepoint    ] Total time for which application threads were stopped: 0.0001170 seconds, Stopping threads took: 0.0000352 seconds
[2019-06-24T09:23:11.041+0000][1][safepoint    ] Application time: 0.0000419 seconds
[2019-06-24T09:23:11.041+0000][1][safepoint    ] Entering safepoint region: RevokeBias
[2019-06-24T09:23:11.041+0000][1][safepoint    ] Leaving safepoint region
[2019-06-24T09:23:11.041+0000][1][safepoint    ] Total time for which application threads were stopped: 0.0000970 seconds, Stopping threads took: 0.0000372 seconds
[2019-06-24T09:23:11.041+0000][1][safepoint    ] Application time: 0.0000201 seconds
[2019-06-24T09:23:11.041+0000][1][safepoint    ] Entering safepoint region: RevokeBias
[2019-06-24T09:23:11.041+0000][1][safepoint    ] Leaving safepoint region
[2019-06-24T09:23:11.041+0000][1][safepoint    ] Total time for which application threads were stopped: 0.0000826 seconds, Stopping threads took: 0.0000103 seconds
[2019-06-24T09:23:11.041+0000][1][safepoint    ] Application time: 0.0000468 seconds
[2019-06-24T09:23:11.041+0000][1][safepoint    ] Entering safepoint region: RevokeBias
[2019-06-24T09:23:11.041+0000][1][safepoint    ] Leaving safepoint region
[2019-06-24T09:23:11.041+0000][1][safepoint    ] Total time for which application threads were stopped: 0.0000803 seconds, Stopping threads took: 0.0000102 seconds
[2019-06-24T09:23:11.041+0000][1][safepoint    ] Application time: 0.0000482 seconds
[2019-06-24T09:23:11.041+0000][1][safepoint    ] Entering safepoint region: RevokeBias
[2019-06-24T09:23:11.041+0000][1][safepoint    ] Leaving safepoint region
[2019-06-24T09:23:11.041+0000][1][safepoint    ] Total time for which application threads were stopped: 0.0000523 seconds, Stopping threads took: 0.0000104 seconds
[2019-06-24T09:23:11.041+0000][1][safepoint    ] Application time: 0.0000393 seconds
[2019-06-24T09:23:11.041+0000][1][safepoint    ] Entering safepoint region: RevokeBias
[2019-06-24T09:23:11.042+0000][1][safepoint    ] Leaving safepoint region
[2019-06-24T09:23:11.042+0000][1][safepoint    ] Total time for which application threads were stopped: 0.0000500 seconds, Stopping threads took: 0.0000099 seconds
[2019-06-24T09:23:11.042+0000][1][safepoint    ] Application time: 0.0000380 seconds
[2019-06-24T09:23:11.042+0000][1][safepoint    ] Entering safepoint region: RevokeBias
[2019-06-24T09:23:11.042+0000][1][safepoint    ] Leaving safepoint region
[2019-06-24T09:23:11.042+0000][1][safepoint    ] Total time for which application threads were stopped: 0.0000783 seconds, Stopping threads took: 0.0000100 seconds
[2019-06-24T09:23:11.042+0000][1][safepoint    ] Application time: 0.0000363 seconds
[2019-06-24T09:23:11.042+0000][1][safepoint    ] Entering safepoint region: RevokeBias
[2019-06-24T09:23:11.042+0000][1][safepoint    ] Leaving safepoint region
[2019-06-24T09:23:11.042+0000][1][safepoint    ] Total time for which application threads were stopped: 0.0000738 seconds, Stopping threads took: 0.0000101 seconds
[2019-06-24T09:23:11.042+0000][1][safepoint    ] Application time: 0.0000395 seconds
[2019-06-24T09:23:11.042+0000][1][safepoint    ] Entering safepoint region: RevokeBias
[2019-06-24T09:23:11.042+0000][1][safepoint    ] Leaving safepoint region
[2019-06-24T09:23:11.042+0000][1][safepoint    ] Total time for which application threads were stopped: 0.0001281 seconds, Stopping threads took: 0.0000986 seconds
[2019-06-24T09:23:11.042+0000][1][safepoint    ] Application time: 0.0000364 seconds
[2019-06-24T09:23:11.042+0000][1][safepoint    ] Entering safepoint region: RevokeBias
[2019-06-24T09:23:11.042+0000][1][safepoint    ] Leaving safepoint region
[2019-06-24T09:23:11.042+0000][1][safepoint    ] Total time for which application threads were stopped: 0.0002419 seconds, Stopping threads took: 0.0002112 seconds
[2019-06-24T09:23:11.042+0000][1][safepoint    ] Application time: 0.0000354 seconds
[2019-06-24T09:23:11.042+0000][1][safepoint    ] Entering safepoint region: RevokeBias
[2019-06-24T09:23:11.043+0000][1][safepoint    ] Leaving safepoint region
[2019-06-24T09:23:11.043+0000][1][safepoint    ] Total time for which application threads were stopped: 0.0001882 seconds, Stopping threads took: 0.0001066 seconds
[2019-06-24T09:23:11.043+0000][1][safepoint    ] Application time: 0.0000781 seconds
[2019-06-24T09:23:11.043+0000][1][safepoint    ] Entering safepoint region: RevokeBias
[2019-06-24T09:23:11.043+0000][1][safepoint    ] Leaving safepoint region
[2019-06-24T09:23:11.043+0000][1][safepoint    ] Total time for which application threads were stopped: 0.0000468 seconds, Stopping threads took: 0.0000097 seconds
[2019-06-24T09:23:11.043+0000][1][safepoint    ] Application time: 0.0000764 seconds
[2019-06-24T09:23:11.043+0000][1][safepoint    ] Entering safepoint region: RevokeBias
[2019-06-24T09:23:11.043+0000][1][safepoint    ] Leaving safepoint region
[2019-06-24T09:23:11.043+0000][1][safepoint    ] Total time for which application threads were stopped: 0.0000589 seconds, Stopping threads took: 0.0000270 seconds
[2019-06-24T09:23:11.043+0000][1][safepoint    ] Application time: 0.0000764 seconds
[2019-06-24T09:23:11.043+0000][1][safepoint    ] Entering safepoint region: RevokeBias
[2019-06-24T09:23:11.043+0000][1][safepoint    ] Leaving safepoint region
[2019-06-24T09:23:11.043+0000][1][safepoint    ] Total time for which application threads were stopped: 0.0000569 seconds, Stopping threads took: 0.0000257 seconds
[2019-06-24T09:23:11.043+0000][1][safepoint    ] Application time: 0.0000838 seconds
[2019-06-24T09:23:11.043+0000][1][safepoint    ] Entering safepoint region: RevokeBias
[2019-06-24T09:23:11.043+0000][1][safepoint    ] Leaving safepoint region
[2019-06-24T09:23:11.043+0000][1][safepoint    ] Total time for which application threads were stopped: 0.0000518 seconds, Stopping threads took: 0.0000106 seconds
[2019-06-24T09:23:11.043+0000][1][safepoint    ] Application time: 0.0000826 seconds
[2019-06-24T09:23:11.043+0000][1][safepoint    ] Entering safepoint region: RevokeBias
[2019-06-24T09:23:11.043+0000][1][safepoint    ] Leaving safepoint region
[2019-06-24T09:23:11.043+0000][1][safepoint    ] Total time for which application threads were stopped: 0.0000617 seconds, Stopping threads took: 0.0000294 seconds
[2019-06-24T09:23:11.043+0000][1][safepoint    ] Application time: 0.0000794 seconds
[2019-06-24T09:23:11.043+0000][1][safepoint    ] Entering safepoint region: RevokeBias
[2019-06-24T09:23:11.043+0000][1][safepoint    ] Leaving safepoint region
[2019-06-24T09:23:11.043+0000][1][safepoint    ] Total time for which application threads were stopped: 0.0000484 seconds, Stopping threads took: 0.0000107 seconds
[2019-06-24T09:23:11.043+0000][1][safepoint    ] Application time: 0.0000389 seconds
[2019-06-24T09:23:11.043+0000][1][safepoint    ] Entering safepoint region: RevokeBias
[2019-06-24T09:23:11.044+0000][1][safepoint    ] Leaving safepoint region
[2019-06-24T09:23:11.044+0000][1][safepoint    ] Total time for which application threads were stopped: 0.0000456 seconds, Stopping threads took: 0.0000107 seconds
[2019-06-24T09:23:11.044+0000][1][safepoint    ] Application time: 0.0000356 seconds
[2019-06-24T09:23:11.044+0000][1][safepoint    ] Entering safepoint region: RevokeBias
[2019-06-24T09:23:11.044+0000][1][safepoint    ] Leaving safepoint region
[2019-06-24T09:23:11.044+0000][1][safepoint    ] Total time for which application threads were stopped: 0.0000447 seconds, Stopping threads took: 0.0000129 seconds
[2019-06-24T09:23:11.044+0000][1][safepoint    ] Application time: 0.0000379 seconds
[2019-06-24T09:23:11.044+0000][1][safepoint    ] Entering safepoint region: RevokeBias
[2019-06-24T09:23:11.044+0000][1][safepoint    ] Leaving safepoint region
[2019-06-24T09:23:11.044+0000][1][safepoint    ] Total time for which application threads were stopped: 0.0000470 seconds, Stopping threads took: 0.0000106 seconds
[2019-06-24T09:23:11.044+0000][1][safepoint    ] Application time: 0.0000386 seconds
[2019-06-24T09:23:11.044+0000][1][safepoint    ] Entering safepoint region: BulkRevokeBias
[2019-06-24T09:23:11.044+0000][1][safepoint    ] Leaving safepoint region
[2019-06-24T09:23:11.044+0000][1][safepoint    ] Total time for which application threads were stopped: 0.0001133 seconds, Stopping threads took: 0.0000103 seconds
[2019-06-24T09:23:11.044+0000][1][safepoint    ] Application time: 0.0002235 seconds
[2019-06-24T09:23:11.044+0000][1][safepoint    ] Entering safepoint region: RevokeBias
[2019-06-24T09:23:11.044+0000][1][safepoint    ] Leaving safepoint region
[2019-06-24T09:23:11.044+0000][1][safepoint    ] Total time for which application threads were stopped: 0.0000584 seconds, Stopping threads took: 0.0000119 seconds
[2019-06-24T09:23:11.044+0000][1][safepoint    ] Application time: 0.0000670 seconds
[2019-06-24T09:23:11.044+0000][1][safepoint    ] Entering safepoint region: RevokeBias
[2019-06-24T09:23:11.044+0000][1][safepoint    ] Leaving safepoint region
[2019-06-24T09:23:11.044+0000][1][safepoint    ] Total time for which application threads were stopped: 0.0000769 seconds, Stopping threads took: 0.0000275 seconds
[2019-06-24T09:23:11.045+0000][1][safepoint    ] Application time: 0.0001730 seconds
[2019-06-24T09:23:11.045+0000][1][safepoint    ] Entering safepoint region: RevokeBias
[2019-06-24T09:23:11.045+0000][1][safepoint    ] Leaving safepoint region
[2019-06-24T09:23:11.045+0000][1][safepoint    ] Total time for which application threads were stopped: 0.0000720 seconds, Stopping threads took: 0.0000350 seconds
[2019-06-24T09:23:11.045+0000][1][safepoint    ] Application time: 0.0000605 seconds
[2019-06-24T09:23:11.045+0000][1][safepoint    ] Entering safepoint region: RevokeBias
[2019-06-24T09:23:11.045+0000][1][safepoint    ] Leaving safepoint region
[2019-06-24T09:23:11.045+0000][1][safepoint    ] Total time for which application threads were stopped: 0.0001027 seconds, Stopping threads took: 0.0000760 seconds
[2019-06-24T09:23:11.045+0000][1][safepoint    ] Application time: 0.0000384 seconds
[2019-06-24T09:23:11.045+0000][1][safepoint    ] Entering safepoint region: RevokeBias
[2019-06-24T09:23:11.045+0000][1][safepoint    ] Leaving safepoint region
[2019-06-24T09:23:11.045+0000][1][safepoint    ] Total time for which application threads were stopped: 0.0000998 seconds, Stopping threads took: 0.0000603 seconds
[2019-06-24T09:23:11.045+0000][1][safepoint    ] Application time: 0.0000372 seconds
[2019-06-24T09:23:11.045+0000][1][safepoint    ] Entering safepoint region: RevokeBias
[2019-06-24T09:23:11.045+0000][1][safepoint    ] Leaving safepoint region
[2019-06-24T09:23:11.045+0000][1][safepoint    ] Total time for which application threads were stopped: 0.0000602 seconds, Stopping threads took: 0.0000243 seconds
[2019-06-24T09:23:11.045+0000][1][safepoint    ] Application time: 0.0001734 seconds
[2019-06-24T09:23:11.045+0000][1][safepoint    ] Entering safepoint region: RevokeBias
[2019-06-24T09:23:11.045+0000][1][safepoint    ] Leaving safepoint region
[2019-06-24T09:23:11.045+0000][1][safepoint    ] Total time for which application threads were stopped: 0.0001644 seconds, Stopping threads took: 0.0001414 seconds
[2019-06-24T09:23:11.046+0000][1][safepoint    ] Application time: 0.0003807 seconds
[2019-06-24T09:23:11.046+0000][1][safepoint    ] Entering safepoint region: RevokeBias
[2019-06-24T09:23:11.046+0000][1][safepoint    ] Leaving safepoint region
[2019-06-24T09:23:11.046+0000][1][safepoint    ] Total time for which application threads were stopped: 0.0000797 seconds, Stopping threads took: 0.0000294 seconds
[2019-06-24T09:23:11.046+0000][1][safepoint    ] Application time: 0.0001119 seconds
[2019-06-24T09:23:11.046+0000][1][safepoint    ] Entering safepoint region: RevokeBias
[2019-06-24T09:23:11.046+0000][1][safepoint    ] Leaving safepoint region
[2019-06-24T09:23:11.046+0000][1][safepoint    ] Total time for which application threads were stopped: 0.0000851 seconds, Stopping threads took: 0.0000429 seconds
[2019-06-24T09:23:11.046+0000][1][safepoint    ] Application time: 0.0001702 seconds
[2019-06-24T09:23:11.046+0000][1][safepoint    ] Entering safepoint region: RevokeBias
[2019-06-24T09:23:11.046+0000][1][safepoint    ] Leaving safepoint region
[2019-06-24T09:23:11.046+0000][1][safepoint    ] Total time for which application threads were stopped: 0.0000466 seconds, Stopping threads took: 0.0000104 seconds
[2019-06-24T09:23:11.047+0000][1][safepoint    ] Application time: 0.0003633 seconds
[2019-06-24T09:23:11.047+0000][1][safepoint    ] Entering safepoint region: RevokeBias
[2019-06-24T09:23:11.047+0000][1][safepoint    ] Leaving safepoint region
[2019-06-24T09:23:11.047+0000][1][safepoint    ] Total time for which application threads were stopped: 0.0000833 seconds, Stopping threads took: 0.0000140 seconds
[2019-06-24T09:23:11.047+0000][1][safepoint    ] Application time: 0.0004211 seconds
[2019-06-24T09:23:11.047+0000][1][safepoint    ] Entering safepoint region: RevokeBias
[2019-06-24T09:23:11.047+0000][1][safepoint    ] Leaving safepoint region
[2019-06-24T09:23:11.047+0000][1][safepoint    ] Total time for which application threads were stopped: 0.0000820 seconds, Stopping threads took: 0.0000283 seconds
[2019-06-24T09:23:11.048+0000][1][safepoint    ] Application time: 0.0001088 seconds
[2019-06-24T09:23:11.048+0000][1][safepoint    ] Entering safepoint region: RevokeBias
[2019-06-24T09:23:11.048+0000][1][safepoint    ] Leaving safepoint region
[2019-06-24T09:23:11.048+0000][1][safepoint    ] Total time for which application threads were stopped: 0.0000668 seconds, Stopping threads took: 0.0000285 seconds
[2019-06-24T09:23:11.048+0000][1][safepoint    ] Application time: 0.0003243 seconds
[2019-06-24T09:23:11.048+0000][1][safepoint    ] Entering safepoint region: RevokeBias
[2019-06-24T09:23:11.048+0000][1][safepoint    ] Leaving safepoint region
[2019-06-24T09:23:11.048+0000][1][safepoint    ] Total time for which application threads were stopped: 0.0000659 seconds, Stopping threads took: 0.0000162 seconds
[2019-06-24T09:23:11.048+0000][1][safepoint    ] Application time: 0.0002335 seconds
[2019-06-24T09:23:11.049+0000][1][safepoint    ] Entering safepoint region: RevokeBias
[2019-06-24T09:23:11.049+0000][1][safepoint    ] Leaving safepoint region
[2019-06-24T09:23:11.049+0000][1][safepoint    ] Total time for which application threads were stopped: 0.0003810 seconds, Stopping threads took: 0.0003299 seconds
[2019-06-24T09:23:11.049+0000][1][safepoint    ] Application time: 0.0006548 seconds
[2019-06-24T09:23:11.049+0000][1][safepoint    ] Entering safepoint region: GenCollectForAllocation
[2019-06-24T09:23:11.049+0000][1][gc,start     ] GC(19) Pause Young (Allocation Failure)
[2019-06-24T09:23:11.049+0000][1][gc,task      ] GC(19) Using 5 workers of 8 for evacuation
[2019-06-24T09:23:11.055+0000][1][gc,age       ] GC(19) Desired survivor size 4456448 bytes, new threshold 2 (max threshold 6)
[2019-06-24T09:23:11.055+0000][1][gc,age       ] GC(19) Age table with threshold 2 (max threshold 6)
[2019-06-24T09:23:11.055+0000][1][gc,age       ] GC(19) - age   1:    3182288 bytes,    3182288 total
[2019-06-24T09:23:11.055+0000][1][gc,age       ] GC(19) - age   2:    3533176 bytes,    6715464 total
[2019-06-24T09:23:11.055+0000][1][gc,age       ] GC(19) - age   3:     389920 bytes,    7105384 total
[2019-06-24T09:23:11.055+0000][1][gc,heap      ] GC(19) ParNew: 74832K->8704K(78656K)
[2019-06-24T09:23:11.055+0000][1][gc,heap      ] GC(19) CMS: 55366K->55366K(174784K)
[2019-06-24T09:23:11.055+0000][1][gc,metaspace ] GC(19) Metaspace: 46796K->46796K(1091584K)
[2019-06-24T09:23:11.055+0000][1][gc           ] GC(19) Pause Young (Allocation Failure) 127M->62M(247M) 5.410ms
[2019-06-24T09:23:11.055+0000][1][gc,cpu       ] GC(19) User=0.04s Sys=0.00s Real=0.01s
[2019-06-24T09:23:11.055+0000][1][safepoint    ] Leaving safepoint region
[2019-06-24T09:23:11.055+0000][1][safepoint    ] Total time for which application threads were stopped: 0.0055385 seconds, Stopping threads took: 0.0000308 seconds
[2019-06-24T09:23:11.056+0000][1][safepoint    ] Application time: 0.0015529 seconds
[2019-06-24T09:23:11.056+0000][1][safepoint    ] Entering safepoint region: RevokeBias
[2019-06-24T09:23:11.057+0000][1][safepoint    ] Leaving safepoint region
[2019-06-24T09:23:11.057+0000][1][safepoint    ] Total time for which application threads were stopped: 0.0001169 seconds, Stopping threads took: 0.0000418 seconds
[2019-06-24T09:23:11.057+0000][1][safepoint    ] Application time: 0.0000532 seconds
[2019-06-24T09:23:11.057+0000][1][safepoint    ] Entering safepoint region: RevokeBias
[2019-06-24T09:23:11.057+0000][1][safepoint    ] Leaving safepoint region
[2019-06-24T09:23:11.057+0000][1][safepoint    ] Total time for which application threads were stopped: 0.0001503 seconds, Stopping threads took: 0.0000997 seconds
[2019-06-24T09:23:11.058+0000][1][safepoint    ] Application time: 0.0011885 seconds
[2019-06-24T09:23:11.058+0000][1][safepoint    ] Entering safepoint region: RevokeBias
[2019-06-24T09:23:11.058+0000][1][safepoint    ] Leaving safepoint region
[2019-06-24T09:23:11.058+0000][1][safepoint    ] Total time for which application threads were stopped: 0.0000954 seconds, Stopping threads took: 0.0000334 seconds
[2019-06-24T09:23:11.058+0000][1][safepoint    ] Application time: 0.0001546 seconds
[2019-06-24T09:23:11.058+0000][1][safepoint    ] Entering safepoint region: RevokeBias
[2019-06-24T09:23:11.058+0000][1][safepoint    ] Leaving safepoint region
[2019-06-24T09:23:11.058+0000][1][safepoint    ] Total time for which application threads were stopped: 0.0001491 seconds, Stopping threads took: 0.0000653 seconds
[2019-06-24T09:23:11.059+0000][1][safepoint    ] Application time: 0.0000865 seconds
[2019-06-24T09:23:11.059+0000][1][safepoint    ] Entering safepoint region: RevokeBias
[2019-06-24T09:23:11.059+0000][1][safepoint    ] Leaving safepoint region
[2019-06-24T09:23:11.059+0000][1][safepoint    ] Total time for which application threads were stopped: 0.0000889 seconds, Stopping threads took: 0.0000413 seconds
[2019-06-24T09:23:11.061+0000][1][safepoint    ] Application time: 0.0026310 seconds
[2019-06-24T09:23:11.061+0000][1][safepoint    ] Entering safepoint region: RevokeBias
[2019-06-24T09:23:11.062+0000][1][safepoint    ] Leaving safepoint region
[2019-06-24T09:23:11.062+0000][1][safepoint    ] Total time for which application threads were stopped: 0.0001850 seconds, Stopping threads took: 0.0000970 seconds
[2019-06-24T09:23:11.062+0000][1][safepoint    ] Application time: 0.0000459 seconds
[2019-06-24T09:23:11.062+0000][1][safepoint    ] Entering safepoint region: RevokeBias
[2019-06-24T09:23:11.062+0000][1][safepoint    ] Leaving safepoint region
[2019-06-24T09:23:11.062+0000][1][safepoint    ] Total time for which application threads were stopped: 0.0000925 seconds, Stopping threads took: 0.0000285 seconds
[2019-06-24T09:23:11.062+0000][1][safepoint    ] Application time: 0.0002286 seconds
[2019-06-24T09:23:11.062+0000][1][safepoint    ] Entering safepoint region: RevokeBias
[2019-06-24T09:23:11.062+0000][1][safepoint    ] Leaving safepoint region
[2019-06-24T09:23:11.062+0000][1][safepoint    ] Total time for which application threads were stopped: 0.0000919 seconds, Stopping threads took: 0.0000376 seconds
[2019-06-24T09:23:11.105+0000][1][safepoint    ] Application time: 0.0428240 seconds
[2019-06-24T09:23:11.105+0000][1][safepoint    ] Entering safepoint region: RevokeBias
[2019-06-24T09:23:11.105+0000][1][safepoint    ] Leaving safepoint region
[2019-06-24T09:23:11.105+0000][1][safepoint    ] Total time for which application threads were stopped: 0.0000601 seconds, Stopping threads took: 0.0000128 seconds
[2019-06-24T09:23:11.439+0000][1][safepoint    ] Application time: 0.3342624 seconds
[2019-06-24T09:23:11.439+0000][1][safepoint    ] Entering safepoint region: RevokeBias
[2019-06-24T09:23:11.439+0000][1][safepoint    ] Leaving safepoint region
[2019-06-24T09:23:11.439+0000][1][safepoint    ] Total time for which application threads were stopped: 0.0000975 seconds, Stopping threads took: 0.0000303 seconds
[2019-06-24T09:23:11.511+0000][1][safepoint    ] Application time: 0.0712655 seconds
[2019-06-24T09:23:11.511+0000][1][safepoint    ] Entering safepoint region: GenCollectForAllocation
[2019-06-24T09:23:11.511+0000][1][gc,start     ] GC(20) Pause Young (Allocation Failure)
[2019-06-24T09:23:11.511+0000][1][gc,task      ] GC(20) Using 5 workers of 8 for evacuation
[2019-06-24T09:23:11.519+0000][1][gc,age       ] GC(20) Desired survivor size 4456448 bytes, new threshold 2 (max threshold 6)
[2019-06-24T09:23:11.519+0000][1][gc,age       ] GC(20) Age table with threshold 2 (max threshold 6)
[2019-06-24T09:23:11.519+0000][1][gc,age       ] GC(20) - age   1:    1441616 bytes,    1441616 total
[2019-06-24T09:23:11.519+0000][1][gc,age       ] GC(20) - age   2:    3139400 bytes,    4581016 total
[2019-06-24T09:23:11.519+0000][1][gc,heap      ] GC(20) ParNew: 78656K->7261K(78656K)
[2019-06-24T09:23:11.519+0000][1][gc,heap      ] GC(20) CMS: 55366K->59323K(174784K)
[2019-06-24T09:23:11.519+0000][1][gc,metaspace ] GC(20) Metaspace: 53347K->53347K(1097728K)
[2019-06-24T09:23:11.519+0000][1][gc           ] GC(20) Pause Young (Allocation Failure) 130M->65M(247M) 8.706ms
[2019-06-24T09:23:11.519+0000][1][gc,cpu       ] GC(20) User=0.05s Sys=0.00s Real=0.01s
[2019-06-24T09:23:11.520+0000][1][safepoint    ] Leaving safepoint region
[2019-06-24T09:23:11.520+0000][1][safepoint    ] Total time for which application threads were stopped: 0.0088289 seconds, Stopping threads took: 0.0000117 seconds
[2019-06-24T09:23:11.743+0000][1][safepoint    ] Application time: 0.2237785 seconds
[2019-06-24T09:23:11.743+0000][1][safepoint    ] Entering safepoint region: Deoptimize
[2019-06-24T09:23:11.744+0000][1][safepoint    ] Leaving safepoint region
[2019-06-24T09:23:11.744+0000][1][safepoint    ] Total time for which application threads were stopped: 0.0008520 seconds, Stopping threads took: 0.0000127 seconds
[2019-06-24T09:23:11.774+0000][1][safepoint    ] Application time: 0.0302125 seconds
[2019-06-24T09:23:11.774+0000][1][safepoint    ] Entering safepoint region: RevokeBias
[2019-06-24T09:23:11.775+0000][1][safepoint    ] Leaving safepoint region
[2019-06-24T09:23:11.775+0000][1][safepoint    ] Total time for which application threads were stopped: 0.0001218 seconds, Stopping threads took: 0.0000113 seconds
[2019-06-24T09:23:11.775+0000][1][safepoint    ] Application time: 0.0001841 seconds
[2019-06-24T09:23:11.775+0000][1][safepoint    ] Entering safepoint region: RevokeBias
[2019-06-24T09:23:11.775+0000][1][safepoint    ] Leaving safepoint region
[2019-06-24T09:23:11.775+0000][1][safepoint    ] Total time for which application threads were stopped: 0.0000736 seconds, Stopping threads took: 0.0000344 seconds
[2019-06-24T09:23:11.775+0000][1][safepoint    ] Application time: 0.0001222 seconds
[2019-06-24T09:23:11.775+0000][1][safepoint    ] Entering safepoint region: RevokeBias
[2019-06-24T09:23:11.775+0000][1][safepoint    ] Leaving safepoint region
[2019-06-24T09:23:11.775+0000][1][safepoint    ] Total time for which application threads were stopped: 0.0001282 seconds, Stopping threads took: 0.0000933 seconds
[2019-06-24T09:23:11.777+0000][1][safepoint    ] Application time: 0.0021022 seconds
[2019-06-24T09:23:11.777+0000][1][safepoint    ] Entering safepoint region: RevokeBias
[2019-06-24T09:23:11.777+0000][1][safepoint    ] Leaving safepoint region
[2019-06-24T09:23:11.777+0000][1][safepoint    ] Total time for which application threads were stopped: 0.0000535 seconds, Stopping threads took: 0.0000100 seconds
[2019-06-24T09:23:11.941+0000][1][safepoint    ] Application time: 0.1633653 seconds
[2019-06-24T09:23:11.941+0000][1][safepoint    ] Entering safepoint region: Deoptimize
[2019-06-24T09:23:11.942+0000][1][safepoint    ] Leaving safepoint region
[2019-06-24T09:23:11.942+0000][1][safepoint    ] Total time for which application threads were stopped: 0.0012064 seconds, Stopping threads took: 0.0000202 seconds
[2019-06-24T09:23:11.975+0000][1][safepoint    ] Application time: 0.0332102 seconds
[2019-06-24T09:23:11.975+0000][1][safepoint    ] Entering safepoint region: RevokeBias
[2019-06-24T09:23:11.975+0000][1][safepoint    ] Leaving safepoint region
[2019-06-24T09:23:11.975+0000][1][safepoint    ] Total time for which application threads were stopped: 0.0000909 seconds, Stopping threads took: 0.0000395 seconds
[2019-06-24T09:23:11.976+0000][1][safepoint    ] Application time: 0.0006819 seconds
[2019-06-24T09:23:11.976+0000][1][safepoint    ] Entering safepoint region: RevokeBias
[2019-06-24T09:23:11.976+0000][1][safepoint    ] Leaving safepoint region
[2019-06-24T09:23:11.976+0000][1][safepoint    ] Total time for which application threads were stopped: 0.0001755 seconds, Stopping threads took: 0.0001071 seconds
[2019-06-24T09:23:11.976+0000][1][safepoint    ] Application time: 0.0001315 seconds
[2019-06-24T09:23:11.976+0000][1][safepoint    ] Entering safepoint region: BulkRevokeBias
[2019-06-24T09:23:11.976+0000][1][safepoint    ] Leaving safepoint region
[2019-06-24T09:23:11.976+0000][1][safepoint    ] Total time for which application threads were stopped: 0.0001606 seconds, Stopping threads took: 0.0000879 seconds
[2019-06-24T09:23:11.977+0000][1][safepoint    ] Application time: 0.0001496 seconds
[2019-06-24T09:23:11.977+0000][1][safepoint    ] Entering safepoint region: RevokeBias
[2019-06-24T09:23:11.977+0000][1][safepoint    ] Leaving safepoint region
[2019-06-24T09:23:11.977+0000][1][safepoint    ] Total time for which application threads were stopped: 0.0000582 seconds, Stopping threads took: 0.0000330 seconds
[2019-06-24T09:23:12.243+0000][1][safepoint    ] Application time: 0.2662529 seconds
[2019-06-24T09:23:12.243+0000][1][safepoint    ] Entering safepoint region: RevokeBias
[2019-06-24T09:23:12.243+0000][1][safepoint    ] Leaving safepoint region
[2019-06-24T09:23:12.243+0000][1][safepoint    ] Total time for which application threads were stopped: 0.0000846 seconds, Stopping threads took: 0.0000139 seconds
[2019-06-24T09:23:12.243+0000][1][safepoint    ] Application time: 0.0001659 seconds
[2019-06-24T09:23:12.243+0000][1][safepoint    ] Entering safepoint region: RevokeBias
[2019-06-24T09:23:12.243+0000][1][safepoint    ] Leaving safepoint region
[2019-06-24T09:23:12.243+0000][1][safepoint    ] Total time for which application threads were stopped: 0.0000452 seconds, Stopping threads took: 0.0000189 seconds
[2019-06-24T09:23:12.244+0000][1][safepoint    ] Application time: 0.0002647 seconds
[2019-06-24T09:23:12.244+0000][1][safepoint    ] Entering safepoint region: RevokeBias
[2019-06-24T09:23:12.244+0000][1][safepoint    ] Leaving safepoint region
[2019-06-24T09:23:12.244+0000][1][safepoint    ] Total time for which application threads were stopped: 0.0000376 seconds, Stopping threads took: 0.0000108 seconds
[2019-06-24T09:23:12.258+0000][1][safepoint    ] Application time: 0.0142043 seconds
[2019-06-24T09:23:12.258+0000][1][safepoint    ] Entering safepoint region: RevokeBias
[2019-06-24T09:23:12.258+0000][1][safepoint    ] Leaving safepoint region
[2019-06-24T09:23:12.258+0000][1][safepoint    ] Total time for which application threads were stopped: 0.0000562 seconds, Stopping threads took: 0.0000117 seconds
[2019-06-24T09:23:12.258+0000][1][safepoint    ] Application time: 0.0001138 seconds
[2019-06-24T09:23:12.258+0000][1][safepoint    ] Entering safepoint region: BulkRevokeBias
[2019-06-24T09:23:12.258+0000][1][safepoint    ] Leaving safepoint region
[2019-06-24T09:23:12.258+0000][1][safepoint    ] Total time for which application threads were stopped: 0.0000885 seconds, Stopping threads took: 0.0000094 seconds
[2019-06-24T09:23:12.259+0000][1][safepoint    ] Application time: 0.0007940 seconds
[2019-06-24T09:23:12.259+0000][1][safepoint    ] Entering safepoint region: GenCollectForAllocation
[2019-06-24T09:23:12.259+0000][1][gc,start     ] GC(21) Pause Young (Allocation Failure)
[2019-06-24T09:23:12.259+0000][1][gc,task      ] GC(21) Using 5 workers of 8 for evacuation
[2019-06-24T09:23:12.266+0000][1][gc,age       ] GC(21) Desired survivor size 4456448 bytes, new threshold 2 (max threshold 6)
[2019-06-24T09:23:12.266+0000][1][gc,age       ] GC(21) Age table with threshold 2 (max threshold 6)
[2019-06-24T09:23:12.266+0000][1][gc,age       ] GC(21) - age   1:    3668488 bytes,    3668488 total
[2019-06-24T09:23:12.266+0000][1][gc,age       ] GC(21) - age   2:    1362928 bytes,    5031416 total
[2019-06-24T09:23:12.266+0000][1][gc,heap      ] GC(21) ParNew: 77213K->6815K(78656K)
[2019-06-24T09:23:12.266+0000][1][gc,heap      ] GC(21) CMS: 59323K->62464K(174784K)
[2019-06-24T09:23:12.267+0000][1][gc,metaspace ] GC(21) Metaspace: 61119K->61119K(1105920K)
[2019-06-24T09:23:12.267+0000][1][gc           ] GC(21) Pause Young (Allocation Failure) 133M->67M(247M) 7.508ms
[2019-06-24T09:23:12.267+0000][1][gc,cpu       ] GC(21) User=0.04s Sys=0.00s Real=0.01s
[2019-06-24T09:23:12.267+0000][1][safepoint    ] Leaving safepoint region
[2019-06-24T09:23:12.267+0000][1][safepoint    ] Total time for which application threads were stopped: 0.0076149 seconds, Stopping threads took: 0.0000176 seconds
[2019-06-24T09:23:12.338+0000][1][safepoint    ] Application time: 0.0711358 seconds
[2019-06-24T09:23:12.338+0000][1][safepoint    ] Entering safepoint region: Deoptimize
[2019-06-24T09:23:12.338+0000][1][safepoint    ] Leaving safepoint region
[2019-06-24T09:23:12.338+0000][1][safepoint    ] Total time for which application threads were stopped: 0.0004458 seconds, Stopping threads took: 0.0000117 seconds
[2019-06-24T09:23:12.344+0000][1][safepoint    ] Application time: 0.0057539 seconds
[2019-06-24T09:23:12.344+0000][1][safepoint    ] Entering safepoint region: RevokeBias
[2019-06-24T09:23:12.344+0000][1][safepoint    ] Leaving safepoint region
[2019-06-24T09:23:12.344+0000][1][safepoint    ] Total time for which application threads were stopped: 0.0001164 seconds, Stopping threads took: 0.0000451 seconds
[2019-06-24T09:23:12.345+0000][1][safepoint    ] Application time: 0.0004585 seconds
[2019-06-24T09:23:12.345+0000][1][safepoint    ] Entering safepoint region: RevokeBias
[2019-06-24T09:23:12.345+0000][1][safepoint    ] Leaving safepoint region
[2019-06-24T09:23:12.345+0000][1][safepoint    ] Total time for which application threads were stopped: 0.0000438 seconds, Stopping threads took: 0.0000098 seconds
[2019-06-24T09:23:12.345+0000][1][safepoint    ] Application time: 0.0006706 seconds
[2019-06-24T09:23:12.345+0000][1][safepoint    ] Entering safepoint region: RevokeBias
[2019-06-24T09:23:12.345+0000][1][safepoint    ] Leaving safepoint region
[2019-06-24T09:23:12.345+0000][1][safepoint    ] Total time for which application threads were stopped: 0.0000518 seconds, Stopping threads took: 0.0000099 seconds
[2019-06-24T09:23:12.346+0000][1][safepoint    ] Application time: 0.0002174 seconds
[2019-06-24T09:23:12.346+0000][1][safepoint    ] Entering safepoint region: RevokeBias
[2019-06-24T09:23:12.346+0000][1][safepoint    ] Leaving safepoint region
[2019-06-24T09:23:12.346+0000][1][safepoint    ] Total time for which application threads were stopped: 0.0000435 seconds, Stopping threads took: 0.0000097 seconds
[2019-06-24T09:23:12.346+0000][1][safepoint    ] Application time: 0.0004087 seconds
[2019-06-24T09:23:12.346+0000][1][safepoint    ] Entering safepoint region: RevokeBias
[2019-06-24T09:23:12.346+0000][1][safepoint    ] Leaving safepoint region
[2019-06-24T09:23:12.346+0000][1][safepoint    ] Total time for which application threads were stopped: 0.0000478 seconds, Stopping threads took: 0.0000097 seconds
[2019-06-24T09:23:12.346+0000][1][safepoint    ] Application time: 0.0001392 seconds
[2019-06-24T09:23:12.346+0000][1][safepoint    ] Entering safepoint region: RevokeBias
[2019-06-24T09:23:12.346+0000][1][safepoint    ] Leaving safepoint region
[2019-06-24T09:23:12.346+0000][1][safepoint    ] Total time for which application threads were stopped: 0.0000385 seconds, Stopping threads took: 0.0000076 seconds
[2019-06-24T09:23:12.346+0000][1][safepoint    ] Application time: 0.0000673 seconds
[2019-06-24T09:23:12.346+0000][1][safepoint    ] Entering safepoint region: RevokeBias
[2019-06-24T09:23:12.346+0000][1][safepoint    ] Leaving safepoint region
[2019-06-24T09:23:12.346+0000][1][safepoint    ] Total time for which application threads were stopped: 0.0000377 seconds, Stopping threads took: 0.0000069 seconds
[2019-06-24T09:23:12.347+0000][1][safepoint    ] Application time: 0.0001275 seconds
[2019-06-24T09:23:12.347+0000][1][safepoint    ] Entering safepoint region: RevokeBias
[2019-06-24T09:23:12.347+0000][1][safepoint    ] Leaving safepoint region
[2019-06-24T09:23:12.347+0000][1][safepoint    ] Total time for which application threads were stopped: 0.0000390 seconds, Stopping threads took: 0.0000076 seconds
[2019-06-24T09:23:12.347+0000][1][safepoint    ] Application time: 0.0001859 seconds
[2019-06-24T09:23:12.347+0000][1][safepoint    ] Entering safepoint region: RevokeBias
[2019-06-24T09:23:12.347+0000][1][safepoint    ] Leaving safepoint region
[2019-06-24T09:23:12.347+0000][1][safepoint    ] Total time for which application threads were stopped: 0.0000438 seconds, Stopping threads took: 0.0000095 seconds
[2019-06-24T09:23:12.347+0000][1][safepoint    ] Application time: 0.0001670 seconds
[2019-06-24T09:23:12.347+0000][1][safepoint    ] Entering safepoint region: RevokeBias
[2019-06-24T09:23:12.347+0000][1][safepoint    ] Leaving safepoint region
[2019-06-24T09:23:12.347+0000][1][safepoint    ] Total time for which application threads were stopped: 0.0000445 seconds, Stopping threads took: 0.0000096 seconds
[2019-06-24T09:23:12.347+0000][1][safepoint    ] Application time: 0.0000331 seconds
[2019-06-24T09:23:12.347+0000][1][safepoint    ] Entering safepoint region: RevokeBias
[2019-06-24T09:23:12.347+0000][1][safepoint    ] Leaving safepoint region
[2019-06-24T09:23:12.347+0000][1][safepoint    ] Total time for which application threads were stopped: 0.0000364 seconds, Stopping threads took: 0.0000071 seconds
[2019-06-24T09:23:12.348+0000][1][safepoint    ] Application time: 0.0003859 seconds
[2019-06-24T09:23:12.348+0000][1][safepoint    ] Entering safepoint region: RevokeBias
[2019-06-24T09:23:12.348+0000][1][safepoint    ] Leaving safepoint region
[2019-06-24T09:23:12.348+0000][1][safepoint    ] Total time for which application threads were stopped: 0.0000354 seconds, Stopping threads took: 0.0000068 seconds
[2019-06-24T09:23:12.348+0000][1][safepoint    ] Application time: 0.0006960 seconds
[2019-06-24T09:23:12.348+0000][1][safepoint    ] Entering safepoint region: RevokeBias
[2019-06-24T09:23:12.348+0000][1][safepoint    ] Leaving safepoint region
[2019-06-24T09:23:12.348+0000][1][safepoint    ] Total time for which application threads were stopped: 0.0000391 seconds, Stopping threads took: 0.0000068 seconds
[2019-06-24T09:23:12.349+0000][1][safepoint    ] Application time: 0.0001479 seconds
[2019-06-24T09:23:12.349+0000][1][safepoint    ] Entering safepoint region: RevokeBias
[2019-06-24T09:23:12.349+0000][1][safepoint    ] Leaving safepoint region
[2019-06-24T09:23:12.349+0000][1][safepoint    ] Total time for which application threads were stopped: 0.0000335 seconds, Stopping threads took: 0.0000065 seconds
[2019-06-24T09:23:12.350+0000][1][safepoint    ] Application time: 0.0015290 seconds
[2019-06-24T09:23:12.350+0000][1][safepoint    ] Entering safepoint region: RevokeBias
[2019-06-24T09:23:12.350+0000][1][safepoint    ] Leaving safepoint region
[2019-06-24T09:23:12.350+0000][1][safepoint    ] Total time for which application threads were stopped: 0.0000542 seconds, Stopping threads took: 0.0000207 seconds
[2019-06-24T09:23:12.350+0000][1][safepoint    ] Application time: 0.0000401 seconds
[2019-06-24T09:23:12.350+0000][1][safepoint    ] Entering safepoint region: RevokeBias
[2019-06-24T09:23:12.350+0000][1][safepoint    ] Leaving safepoint region
[2019-06-24T09:23:12.350+0000][1][safepoint    ] Total time for which application threads were stopped: 0.0000486 seconds, Stopping threads took: 0.0000071 seconds
[2019-06-24T09:23:12.351+0000][1][safepoint    ] Application time: 0.0008220 seconds
[2019-06-24T09:23:12.351+0000][1][safepoint    ] Entering safepoint region: RevokeBias
[2019-06-24T09:23:12.351+0000][1][safepoint    ] Leaving safepoint region
[2019-06-24T09:23:12.351+0000][1][safepoint    ] Total time for which application threads were stopped: 0.0000824 seconds, Stopping threads took: 0.0000421 seconds
[2019-06-24T09:23:12.352+0000][1][safepoint    ] Application time: 0.0010275 seconds
[2019-06-24T09:23:12.352+0000][1][safepoint    ] Entering safepoint region: RevokeBias
[2019-06-24T09:23:12.352+0000][1][safepoint    ] Leaving safepoint region
[2019-06-24T09:23:12.352+0000][1][safepoint    ] Total time for which application threads were stopped: 0.0000812 seconds, Stopping threads took: 0.0000272 seconds
[2019-06-24T09:23:12.355+0000][1][safepoint    ] Application time: 0.0023034 seconds
[2019-06-24T09:23:12.355+0000][1][safepoint    ] Entering safepoint region: RevokeBias
[2019-06-24T09:23:12.355+0000][1][safepoint    ] Leaving safepoint region
[2019-06-24T09:23:12.355+0000][1][safepoint    ] Total time for which application threads were stopped: 0.0001301 seconds, Stopping threads took: 0.0000739 seconds
[2019-06-24T09:23:12.357+0000][1][safepoint    ] Application time: 0.0020874 seconds
[2019-06-24T09:23:12.357+0000][1][safepoint    ] Entering safepoint region: RevokeBias
[2019-06-24T09:23:12.357+0000][1][safepoint    ] Leaving safepoint region
[2019-06-24T09:23:12.357+0000][1][safepoint    ] Total time for which application threads were stopped: 0.0002053 seconds, Stopping threads took: 0.0001503 seconds
[2019-06-24T09:23:12.357+0000][1][safepoint    ] Application time: 0.0002578 seconds
[2019-06-24T09:23:12.358+0000][1][safepoint    ] Entering safepoint region: RevokeBias
[2019-06-24T09:23:12.358+0000][1][safepoint    ] Leaving safepoint region
[2019-06-24T09:23:12.358+0000][1][safepoint    ] Total time for which application threads were stopped: 0.0000931 seconds, Stopping threads took: 0.0000572 seconds
[2019-06-24T09:23:12.358+0000][1][safepoint    ] Application time: 0.0001333 seconds
[2019-06-24T09:23:12.358+0000][1][safepoint    ] Entering safepoint region: RevokeBias
[2019-06-24T09:23:12.358+0000][1][safepoint    ] Leaving safepoint region
[2019-06-24T09:23:12.358+0000][1][safepoint    ] Total time for which application threads were stopped: 0.0000483 seconds, Stopping threads took: 0.0000130 seconds
[2019-06-24T09:23:12.358+0000][1][safepoint    ] Application time: 0.0003550 seconds
[2019-06-24T09:23:12.358+0000][1][safepoint    ] Entering safepoint region: RevokeBias
[2019-06-24T09:23:12.358+0000][1][safepoint    ] Leaving safepoint region
[2019-06-24T09:23:12.358+0000][1][safepoint    ] Total time for which application threads were stopped: 0.0001201 seconds, Stopping threads took: 0.0000740 seconds
[2019-06-24T09:23:12.359+0000][1][safepoint    ] Application time: 0.0002283 seconds
[2019-06-24T09:23:12.359+0000][1][safepoint    ] Entering safepoint region: RevokeBias
[2019-06-24T09:23:12.359+0000][1][safepoint    ] Leaving safepoint region
[2019-06-24T09:23:12.359+0000][1][safepoint    ] Total time for which application threads were stopped: 0.0002428 seconds, Stopping threads took: 0.0001696 seconds
[2019-06-24T09:23:12.359+0000][1][safepoint    ] Application time: 0.0001174 seconds
[2019-06-24T09:23:12.359+0000][1][safepoint    ] Entering safepoint region: RevokeBias
[2019-06-24T09:23:12.359+0000][1][safepoint    ] Leaving safepoint region
[2019-06-24T09:23:12.359+0000][1][safepoint    ] Total time for which application threads were stopped: 0.0000660 seconds, Stopping threads took: 0.0000334 seconds
[2019-06-24T09:23:12.359+0000][1][safepoint    ] Application time: 0.0001184 seconds
[2019-06-24T09:23:12.359+0000][1][safepoint    ] Entering safepoint region: RevokeBias
[2019-06-24T09:23:12.359+0000][1][safepoint    ] Leaving safepoint region
[2019-06-24T09:23:12.359+0000][1][safepoint    ] Total time for which application threads were stopped: 0.0000507 seconds, Stopping threads took: 0.0000080 seconds
[2019-06-24T09:23:12.359+0000][1][safepoint    ] Application time: 0.0002473 seconds
[2019-06-24T09:23:12.359+0000][1][safepoint    ] Entering safepoint region: RevokeBias
[2019-06-24T09:23:12.360+0000][1][safepoint    ] Leaving safepoint region
[2019-06-24T09:23:12.360+0000][1][safepoint    ] Total time for which application threads were stopped: 0.0000648 seconds, Stopping threads took: 0.0000237 seconds
[2019-06-24T09:23:12.360+0000][1][safepoint    ] Application time: 0.0002635 seconds
[2019-06-24T09:23:12.360+0000][1][safepoint    ] Entering safepoint region: RevokeBias
[2019-06-24T09:23:12.360+0000][1][safepoint    ] Leaving safepoint region
[2019-06-24T09:23:12.360+0000][1][safepoint    ] Total time for which application threads were stopped: 0.0000781 seconds, Stopping threads took: 0.0000273 seconds
[2019-06-24T09:23:12.360+0000][1][safepoint    ] Application time: 0.0001153 seconds
[2019-06-24T09:23:12.360+0000][1][safepoint    ] Entering safepoint region: RevokeBias
[2019-06-24T09:23:12.360+0000][1][safepoint    ] Leaving safepoint region
[2019-06-24T09:23:12.360+0000][1][safepoint    ] Total time for which application threads were stopped: 0.0002172 seconds, Stopping threads took: 0.0001751 seconds
[2019-06-24T09:23:12.361+0000][1][safepoint    ] Application time: 0.0003275 seconds
[2019-06-24T09:23:12.361+0000][1][safepoint    ] Entering safepoint region: RevokeBias
[2019-06-24T09:23:12.361+0000][1][safepoint    ] Leaving safepoint region
[2019-06-24T09:23:12.361+0000][1][safepoint    ] Total time for which application threads were stopped: 0.0001109 seconds, Stopping threads took: 0.0000545 seconds
[2019-06-24T09:23:12.361+0000][1][safepoint    ] Application time: 0.0000966 seconds
[2019-06-24T09:23:12.361+0000][1][safepoint    ] Entering safepoint region: RevokeBias
[2019-06-24T09:23:12.361+0000][1][safepoint    ] Leaving safepoint region
[2019-06-24T09:23:12.361+0000][1][safepoint    ] Total time for which application threads were stopped: 0.0001476 seconds, Stopping threads took: 0.0001025 seconds
[2019-06-24T09:23:12.361+0000][1][safepoint    ] Application time: 0.0001231 seconds
[2019-06-24T09:23:12.361+0000][1][safepoint    ] Entering safepoint region: RevokeBias
[2019-06-24T09:23:12.361+0000][1][safepoint    ] Leaving safepoint region
[2019-06-24T09:23:12.361+0000][1][safepoint    ] Total time for which application threads were stopped: 0.0000651 seconds, Stopping threads took: 0.0000288 seconds
[2019-06-24T09:23:12.361+0000][1][safepoint    ] Application time: 0.0001588 seconds
[2019-06-24T09:23:12.361+0000][1][safepoint    ] Entering safepoint region: RevokeBias
[2019-06-24T09:23:12.361+0000][1][safepoint    ] Leaving safepoint region
[2019-06-24T09:23:12.361+0000][1][safepoint    ] Total time for which application threads were stopped: 0.0000625 seconds, Stopping threads took: 0.0000221 seconds
[2019-06-24T09:23:12.362+0000][1][safepoint    ] Application time: 0.0000913 seconds
[2019-06-24T09:23:12.362+0000][1][safepoint    ] Entering safepoint region: RevokeBias
[2019-06-24T09:23:12.362+0000][1][safepoint    ] Leaving safepoint region
[2019-06-24T09:23:12.362+0000][1][safepoint    ] Total time for which application threads were stopped: 0.0000492 seconds, Stopping threads took: 0.0000107 seconds
[2019-06-24T09:23:12.362+0000][1][safepoint    ] Application time: 0.0001279 seconds
[2019-06-24T09:23:12.362+0000][1][safepoint    ] Entering safepoint region: RevokeBias
[2019-06-24T09:23:12.362+0000][1][safepoint    ] Leaving safepoint region
[2019-06-24T09:23:12.362+0000][1][safepoint    ] Total time for which application threads were stopped: 0.0001180 seconds, Stopping threads took: 0.0000722 seconds
[2019-06-24T09:23:12.362+0000][1][safepoint    ] Application time: 0.0004430 seconds
[2019-06-24T09:23:12.362+0000][1][safepoint    ] Entering safepoint region: RevokeBias
[2019-06-24T09:23:12.362+0000][1][safepoint    ] Leaving safepoint region
[2019-06-24T09:23:12.362+0000][1][safepoint    ] Total time for which application threads were stopped: 0.0001197 seconds, Stopping threads took: 0.0000741 seconds
[2019-06-24T09:23:12.363+0000][1][safepoint    ] Application time: 0.0002723 seconds
[2019-06-24T09:23:12.363+0000][1][safepoint    ] Entering safepoint region: RevokeBias
[2019-06-24T09:23:12.363+0000][1][safepoint    ] Leaving safepoint region
[2019-06-24T09:23:12.363+0000][1][safepoint    ] Total time for which application threads were stopped: 0.0000601 seconds, Stopping threads took: 0.0000200 seconds
[2019-06-24T09:23:12.363+0000][1][safepoint    ] Application time: 0.0001920 seconds
[2019-06-24T09:23:12.363+0000][1][safepoint    ] Entering safepoint region: RevokeBias
[2019-06-24T09:23:12.363+0000][1][safepoint    ] Leaving safepoint region
[2019-06-24T09:23:12.363+0000][1][safepoint    ] Total time for which application threads were stopped: 0.0001230 seconds, Stopping threads took: 0.0000831 seconds
[2019-06-24T09:23:12.363+0000][1][safepoint    ] Application time: 0.0001057 seconds
[2019-06-24T09:23:12.363+0000][1][safepoint    ] Entering safepoint region: RevokeBias
[2019-06-24T09:23:12.363+0000][1][safepoint    ] Leaving safepoint region
[2019-06-24T09:23:12.363+0000][1][safepoint    ] Total time for which application threads were stopped: 0.0000464 seconds, Stopping threads took: 0.0000127 seconds
[2019-06-24T09:23:12.363+0000][1][safepoint    ] Application time: 0.0000855 seconds
[2019-06-24T09:23:12.363+0000][1][safepoint    ] Entering safepoint region: RevokeBias
[2019-06-24T09:23:12.363+0000][1][safepoint    ] Leaving safepoint region
[2019-06-24T09:23:12.363+0000][1][safepoint    ] Total time for which application threads were stopped: 0.0000463 seconds, Stopping threads took: 0.0000239 seconds
[2019-06-24T09:23:12.364+0000][1][safepoint    ] Application time: 0.0000849 seconds
[2019-06-24T09:23:12.364+0000][1][safepoint    ] Entering safepoint region: RevokeBias
[2019-06-24T09:23:12.364+0000][1][safepoint    ] Leaving safepoint region
[2019-06-24T09:23:12.364+0000][1][safepoint    ] Total time for which application threads were stopped: 0.0000415 seconds, Stopping threads took: 0.0000177 seconds
[2019-06-24T09:23:12.364+0000][1][safepoint    ] Application time: 0.0001042 seconds
[2019-06-24T09:23:12.364+0000][1][safepoint    ] Entering safepoint region: RevokeBias
[2019-06-24T09:23:12.364+0000][1][safepoint    ] Leaving safepoint region
[2019-06-24T09:23:12.364+0000][1][safepoint    ] Total time for which application threads were stopped: 0.0000315 seconds, Stopping threads took: 0.0000076 seconds
[2019-06-24T09:23:12.364+0000][1][safepoint    ] Application time: 0.0000570 seconds
[2019-06-24T09:23:12.364+0000][1][safepoint    ] Entering safepoint region: RevokeBias
[2019-06-24T09:23:12.364+0000][1][safepoint    ] Leaving safepoint region
[2019-06-24T09:23:12.364+0000][1][safepoint    ] Total time for which application threads were stopped: 0.0000515 seconds, Stopping threads took: 0.0000285 seconds
[2019-06-24T09:23:12.364+0000][1][safepoint    ] Application time: 0.0002103 seconds
[2019-06-24T09:23:12.364+0000][1][safepoint    ] Entering safepoint region: RevokeBias
[2019-06-24T09:23:12.364+0000][1][safepoint    ] Leaving safepoint region
[2019-06-24T09:23:12.364+0000][1][safepoint    ] Total time for which application threads were stopped: 0.0000741 seconds, Stopping threads took: 0.0000317 seconds
[2019-06-24T09:23:12.367+0000][1][safepoint    ] Application time: 0.0027152 seconds
[2019-06-24T09:23:12.367+0000][1][safepoint    ] Entering safepoint region: RevokeBias
[2019-06-24T09:23:12.367+0000][1][safepoint    ] Leaving safepoint region
[2019-06-24T09:23:12.367+0000][1][safepoint    ] Total time for which application threads were stopped: 0.0000274 seconds, Stopping threads took: 0.0000088 seconds
[2019-06-24T09:23:12.373+0000][1][safepoint    ] Application time: 0.0062778 seconds
[2019-06-24T09:23:12.373+0000][1][safepoint    ] Entering safepoint region: RevokeBias
[2019-06-24T09:23:12.373+0000][1][safepoint    ] Leaving safepoint region
[2019-06-24T09:23:12.373+0000][1][safepoint    ] Total time for which application threads were stopped: 0.0000562 seconds, Stopping threads took: 0.0000122 seconds
[2019-06-24T09:23:12.373+0000][1][safepoint    ] Application time: 0.0000403 seconds
[2019-06-24T09:23:12.373+0000][1][safepoint    ] Entering safepoint region: BulkRevokeBias
[2019-06-24T09:23:12.373+0000][1][safepoint    ] Leaving safepoint region
[2019-06-24T09:23:12.373+0000][1][safepoint    ] Total time for which application threads were stopped: 0.0001142 seconds, Stopping threads took: 0.0000080 seconds
[2019-06-24T09:23:12.978+0000][1][safepoint    ] Application time: 0.6049661 seconds
[2019-06-24T09:23:12.979+0000][1][safepoint    ] Entering safepoint region: RevokeBias
[2019-06-24T09:23:12.979+0000][1][safepoint    ] Leaving safepoint region
[2019-06-24T09:23:12.979+0000][1][safepoint    ] Total time for which application threads were stopped: 0.0001423 seconds, Stopping threads took: 0.0000394 seconds
[2019-06-24T09:23:12.979+0000][1][safepoint    ] Application time: 0.0002865 seconds
[2019-06-24T09:23:12.979+0000][1][safepoint    ] Entering safepoint region: RevokeBias
[2019-06-24T09:23:12.979+0000][1][safepoint    ] Leaving safepoint region
[2019-06-24T09:23:12.979+0000][1][safepoint    ] Total time for which application threads were stopped: 0.0001085 seconds, Stopping threads took: 0.0000305 seconds
[2019-06-24T09:23:13.250+0000][1][safepoint    ] Application time: 0.2706026 seconds
[2019-06-24T09:23:13.250+0000][1][safepoint    ] Entering safepoint region: RevokeBias
[2019-06-24T09:23:13.250+0000][1][safepoint    ] Leaving safepoint region
[2019-06-24T09:23:13.250+0000][1][safepoint    ] Total time for which application threads were stopped: 0.0001568 seconds, Stopping threads took: 0.0000605 seconds
[2019-06-24T09:23:13.250+0000][1][safepoint    ] Application time: 0.0002625 seconds
[2019-06-24T09:23:13.250+0000][1][safepoint    ] Entering safepoint region: RevokeBias
[2019-06-24T09:23:13.251+0000][1][safepoint    ] Leaving safepoint region
[2019-06-24T09:23:13.251+0000][1][safepoint    ] Total time for which application threads were stopped: 0.0001901 seconds, Stopping threads took: 0.0001231 seconds
[2019-06-24T09:23:13.251+0000][1][safepoint    ] Application time: 0.0002194 seconds
[2019-06-24T09:23:13.251+0000][1][safepoint    ] Entering safepoint region: RevokeBias
[2019-06-24T09:23:13.251+0000][1][safepoint    ] Leaving safepoint region
[2019-06-24T09:23:13.251+0000][1][safepoint    ] Total time for which application threads were stopped: 0.0000742 seconds, Stopping threads took: 0.0000253 seconds
[2019-06-24T09:23:13.251+0000][1][safepoint    ] Application time: 0.0002517 seconds
[2019-06-24T09:23:13.251+0000][1][safepoint    ] Entering safepoint region: RevokeBias
[2019-06-24T09:23:13.251+0000][1][safepoint    ] Leaving safepoint region
[2019-06-24T09:23:13.251+0000][1][safepoint    ] Total time for which application threads were stopped: 0.0000912 seconds, Stopping threads took: 0.0000310 seconds
[2019-06-24T09:23:13.252+0000][1][safepoint    ] Application time: 0.0002563 seconds
[2019-06-24T09:23:13.252+0000][1][safepoint    ] Entering safepoint region: RevokeBias
[2019-06-24T09:23:13.252+0000][1][safepoint    ] Leaving safepoint region
[2019-06-24T09:23:13.252+0000][1][safepoint    ] Total time for which application threads were stopped: 0.0000908 seconds, Stopping threads took: 0.0000307 seconds
[2019-06-24T09:23:13.252+0000][1][safepoint    ] Application time: 0.0002585 seconds
[2019-06-24T09:23:13.252+0000][1][safepoint    ] Entering safepoint region: RevokeBias
[2019-06-24T09:23:13.252+0000][1][safepoint    ] Leaving safepoint region
[2019-06-24T09:23:13.252+0000][1][safepoint    ] Total time for which application threads were stopped: 0.0000905 seconds, Stopping threads took: 0.0000305 seconds
[2019-06-24T09:23:13.252+0000][1][safepoint    ] Application time: 0.0002552 seconds
[2019-06-24T09:23:13.253+0000][1][safepoint    ] Entering safepoint region: RevokeBias
[2019-06-24T09:23:13.253+0000][1][safepoint    ] Leaving safepoint region
[2019-06-24T09:23:13.253+0000][1][safepoint    ] Total time for which application threads were stopped: 0.0001148 seconds, Stopping threads took: 0.0000305 seconds
[2019-06-24T09:23:13.253+0000][1][safepoint    ] Application time: 0.0002634 seconds
[2019-06-24T09:23:13.253+0000][1][safepoint    ] Entering safepoint region: RevokeBias
[2019-06-24T09:23:13.253+0000][1][safepoint    ] Leaving safepoint region
[2019-06-24T09:23:13.253+0000][1][safepoint    ] Total time for which application threads were stopped: 0.0000905 seconds, Stopping threads took: 0.0000305 seconds
[2019-06-24T09:23:13.269+0000][1][safepoint    ] Application time: 0.0162835 seconds
[2019-06-24T09:23:13.269+0000][1][safepoint    ] Entering safepoint region: RevokeBias
[2019-06-24T09:23:13.269+0000][1][safepoint    ] Leaving safepoint region
[2019-06-24T09:23:13.269+0000][1][safepoint    ] Total time for which application threads were stopped: 0.0000899 seconds, Stopping threads took: 0.0000311 seconds
[2019-06-24T09:23:13.271+0000][1][safepoint    ] Application time: 0.0014350 seconds
[2019-06-24T09:23:13.271+0000][1][safepoint    ] Entering safepoint region: RevokeBias
[2019-06-24T09:23:13.271+0000][1][safepoint    ] Leaving safepoint region
[2019-06-24T09:23:13.271+0000][1][safepoint    ] Total time for which application threads were stopped: 0.0001416 seconds, Stopping threads took: 0.0000620 seconds
[2019-06-24T09:23:13.272+0000][1][safepoint    ] Application time: 0.0004766 seconds
[2019-06-24T09:23:13.272+0000][1][safepoint    ] Entering safepoint region: RevokeBias
[2019-06-24T09:23:13.272+0000][1][safepoint    ] Leaving safepoint region
[2019-06-24T09:23:13.272+0000][1][safepoint    ] Total time for which application threads were stopped: 0.0003334 seconds, Stopping threads took: 0.0002400 seconds
[2019-06-24T09:23:13.273+0000][1][safepoint    ] Application time: 0.0014030 seconds
[2019-06-24T09:23:13.274+0000][1][safepoint    ] Entering safepoint region: RevokeBias
[2019-06-24T09:23:13.274+0000][1][safepoint    ] Leaving safepoint region
[2019-06-24T09:23:13.274+0000][1][safepoint    ] Total time for which application threads were stopped: 0.0001657 seconds, Stopping threads took: 0.0000441 seconds
[2019-06-24T09:23:13.274+0000][1][safepoint    ] Application time: 0.0001958 seconds
[2019-06-24T09:23:13.274+0000][1][safepoint    ] Entering safepoint region: RevokeBias
[2019-06-24T09:23:13.274+0000][1][safepoint    ] Leaving safepoint region
[2019-06-24T09:23:13.274+0000][1][safepoint    ] Total time for which application threads were stopped: 0.0003022 seconds, Stopping threads took: 0.0002174 seconds
[2019-06-24T09:23:13.278+0000][1][safepoint    ] Application time: 0.0039622 seconds
[2019-06-24T09:23:13.278+0000][1][safepoint    ] Entering safepoint region: RevokeBias
[2019-06-24T09:23:13.278+0000][1][safepoint    ] Leaving safepoint region
[2019-06-24T09:23:13.278+0000][1][safepoint    ] Total time for which application threads were stopped: 0.0001108 seconds, Stopping threads took: 0.0000308 seconds
[2019-06-24T09:23:13.279+0000][1][safepoint    ] Application time: 0.0004760 seconds
[2019-06-24T09:23:13.279+0000][1][safepoint    ] Entering safepoint region: RevokeBias
[2019-06-24T09:23:13.279+0000][1][safepoint    ] Leaving safepoint region
[2019-06-24T09:23:13.279+0000][1][safepoint    ] Total time for which application threads were stopped: 0.0001150 seconds, Stopping threads took: 0.0000305 seconds
[2019-06-24T09:23:13.283+0000][1][safepoint    ] Application time: 0.0036127 seconds
[2019-06-24T09:23:13.283+0000][1][safepoint    ] Entering safepoint region: RevokeBias
[2019-06-24T09:23:13.283+0000][1][safepoint    ] Leaving safepoint region
[2019-06-24T09:23:13.283+0000][1][safepoint    ] Total time for which application threads were stopped: 0.0001243 seconds, Stopping threads took: 0.0000330 seconds
[2019-06-24T09:23:13.291+0000][1][safepoint    ] Application time: 0.0077440 seconds
[2019-06-24T09:23:13.291+0000][1][safepoint    ] Entering safepoint region: RevokeBias
[2019-06-24T09:23:13.291+0000][1][safepoint    ] Leaving safepoint region
[2019-06-24T09:23:13.291+0000][1][safepoint    ] Total time for which application threads were stopped: 0.0001055 seconds, Stopping threads took: 0.0000446 seconds
[2019-06-24T09:23:13.291+0000][1][safepoint    ] Application time: 0.0001669 seconds
[2019-06-24T09:23:13.291+0000][1][safepoint    ] Entering safepoint region: RevokeBias
[2019-06-24T09:23:13.291+0000][1][safepoint    ] Leaving safepoint region
[2019-06-24T09:23:13.291+0000][1][safepoint    ] Total time for which application threads were stopped: 0.0000730 seconds, Stopping threads took: 0.0000409 seconds
[2019-06-24T09:23:13.291+0000][1][safepoint    ] Application time: 0.0001577 seconds
[2019-06-24T09:23:13.291+0000][1][safepoint    ] Entering safepoint region: RevokeBias
[2019-06-24T09:23:13.291+0000][1][safepoint    ] Leaving safepoint region
[2019-06-24T09:23:13.291+0000][1][safepoint    ] Total time for which application threads were stopped: 0.0000551 seconds, Stopping threads took: 0.0000273 seconds
[2019-06-24T09:23:13.292+0000][1][safepoint    ] Application time: 0.0006057 seconds
[2019-06-24T09:23:13.292+0000][1][safepoint    ] Entering safepoint region: RevokeBias
[2019-06-24T09:23:13.292+0000][1][safepoint    ] Leaving safepoint region
[2019-06-24T09:23:13.292+0000][1][safepoint    ] Total time for which application threads were stopped: 0.0000636 seconds, Stopping threads took: 0.0000305 seconds
[2019-06-24T09:23:13.292+0000][1][safepoint    ] Application time: 0.0001813 seconds
[2019-06-24T09:23:13.292+0000][1][safepoint    ] Entering safepoint region: RevokeBias
[2019-06-24T09:23:13.292+0000][1][safepoint    ] Leaving safepoint region
[2019-06-24T09:23:13.292+0000][1][safepoint    ] Total time for which application threads were stopped: 0.0000675 seconds, Stopping threads took: 0.0000341 seconds
[2019-06-24T09:23:13.292+0000][1][safepoint    ] Application time: 0.0001644 seconds
[2019-06-24T09:23:13.293+0000][1][safepoint    ] Entering safepoint region: RevokeBias
[2019-06-24T09:23:13.293+0000][1][safepoint    ] Leaving safepoint region
[2019-06-24T09:23:13.293+0000][1][safepoint    ] Total time for which application threads were stopped: 0.0000621 seconds, Stopping threads took: 0.0000302 seconds
[2019-06-24T09:23:13.293+0000][1][safepoint    ] Application time: 0.0005079 seconds
[2019-06-24T09:23:13.293+0000][1][safepoint    ] Entering safepoint region: RevokeBias
[2019-06-24T09:23:13.293+0000][1][safepoint    ] Leaving safepoint region
[2019-06-24T09:23:13.293+0000][1][safepoint    ] Total time for which application threads were stopped: 0.0000631 seconds, Stopping threads took: 0.0000305 seconds
[2019-06-24T09:23:13.293+0000][1][safepoint    ] Application time: 0.0001642 seconds
[2019-06-24T09:23:13.293+0000][1][safepoint    ] Entering safepoint region: RevokeBias
[2019-06-24T09:23:13.293+0000][1][safepoint    ] Leaving safepoint region
[2019-06-24T09:23:13.293+0000][1][safepoint    ] Total time for which application threads were stopped: 0.0000593 seconds, Stopping threads took: 0.0000297 seconds
[2019-06-24T09:23:13.294+0000][1][safepoint    ] Application time: 0.0005263 seconds
[2019-06-24T09:23:13.294+0000][1][safepoint    ] Entering safepoint region: RevokeBias
[2019-06-24T09:23:13.294+0000][1][safepoint    ] Leaving safepoint region
[2019-06-24T09:23:13.294+0000][1][safepoint    ] Total time for which application threads were stopped: 0.0000476 seconds, Stopping threads took: 0.0000115 seconds
[2019-06-24T09:23:13.294+0000][1][safepoint    ] Application time: 0.0001600 seconds
[2019-06-24T09:23:13.294+0000][1][safepoint    ] Entering safepoint region: BulkRevokeBias
[2019-06-24T09:23:13.294+0000][1][safepoint    ] Leaving safepoint region
[2019-06-24T09:23:13.294+0000][1][safepoint    ] Total time for which application threads were stopped: 0.0001033 seconds, Stopping threads took: 0.0000114 seconds
[2019-06-24T09:23:13.295+0000][1][safepoint    ] Application time: 0.0003965 seconds
[2019-06-24T09:23:13.295+0000][1][safepoint    ] Entering safepoint region: RevokeBias
[2019-06-24T09:23:13.295+0000][1][safepoint    ] Leaving safepoint region
[2019-06-24T09:23:13.295+0000][1][safepoint    ] Total time for which application threads were stopped: 0.0000469 seconds, Stopping threads took: 0.0000094 seconds
[2019-06-24T09:23:13.295+0000][1][safepoint    ] Application time: 0.0002277 seconds
[2019-06-24T09:23:13.295+0000][1][safepoint    ] Entering safepoint region: RevokeBias
[2019-06-24T09:23:13.295+0000][1][safepoint    ] Leaving safepoint region
[2019-06-24T09:23:13.295+0000][1][safepoint    ] Total time for which application threads were stopped: 0.0000517 seconds, Stopping threads took: 0.0000230 seconds
[2019-06-24T09:23:13.296+0000][1][safepoint    ] Application time: 0.0004785 seconds
[2019-06-24T09:23:13.296+0000][1][safepoint    ] Entering safepoint region: RevokeBias
[2019-06-24T09:23:13.296+0000][1][safepoint    ] Leaving safepoint region
[2019-06-24T09:23:13.296+0000][1][safepoint    ] Total time for which application threads were stopped: 0.0001645 seconds, Stopping threads took: 0.0001251 seconds
[2019-06-24T09:23:13.296+0000][1][safepoint    ] Application time: 0.0001152 seconds
[2019-06-24T09:23:13.296+0000][1][safepoint    ] Entering safepoint region: RevokeBias
[2019-06-24T09:23:13.296+0000][1][safepoint    ] Leaving safepoint region
[2019-06-24T09:23:13.296+0000][1][safepoint    ] Total time for which application threads were stopped: 0.0002286 seconds, Stopping threads took: 0.0001947 seconds
[2019-06-24T09:23:13.296+0000][1][safepoint    ] Application time: 0.0003382 seconds
[2019-06-24T09:23:13.296+0000][1][safepoint    ] Entering safepoint region: RevokeBias
[2019-06-24T09:23:13.296+0000][1][safepoint    ] Leaving safepoint region
[2019-06-24T09:23:13.296+0000][1][safepoint    ] Total time for which application threads were stopped: 0.0000376 seconds, Stopping threads took: 0.0000117 seconds
[2019-06-24T09:23:13.297+0000][1][safepoint    ] Application time: 0.0005929 seconds
[2019-06-24T09:23:13.297+0000][1][safepoint    ] Entering safepoint region: RevokeBias
[2019-06-24T09:23:13.297+0000][1][safepoint    ] Leaving safepoint region
[2019-06-24T09:23:13.297+0000][1][safepoint    ] Total time for which application threads were stopped: 0.0001099 seconds, Stopping threads took: 0.0000823 seconds
[2019-06-24T09:23:13.297+0000][1][safepoint    ] Application time: 0.0001134 seconds
[2019-06-24T09:23:13.297+0000][1][safepoint    ] Entering safepoint region: RevokeBias
[2019-06-24T09:23:13.297+0000][1][safepoint    ] Leaving safepoint region
[2019-06-24T09:23:13.297+0000][1][safepoint    ] Total time for which application threads were stopped: 0.0000347 seconds, Stopping threads took: 0.0000123 seconds
[2019-06-24T09:23:13.297+0000][1][safepoint    ] Application time: 0.0000884 seconds
[2019-06-24T09:23:13.298+0000][1][safepoint    ] Entering safepoint region: RevokeBias
[2019-06-24T09:23:13.298+0000][1][safepoint    ] Leaving safepoint region
[2019-06-24T09:23:13.298+0000][1][safepoint    ] Total time for which application threads were stopped: 0.0000320 seconds, Stopping threads took: 0.0000087 seconds
[2019-06-24T09:23:13.298+0000][1][safepoint    ] Application time: 0.0000684 seconds
[2019-06-24T09:23:13.298+0000][1][safepoint    ] Entering safepoint region: RevokeBias
[2019-06-24T09:23:13.298+0000][1][safepoint    ] Leaving safepoint region
[2019-06-24T09:23:13.298+0000][1][safepoint    ] Total time for which application threads were stopped: 0.0000457 seconds, Stopping threads took: 0.0000269 seconds
[2019-06-24T09:23:13.298+0000][1][safepoint    ] Application time: 0.0005585 seconds
[2019-06-24T09:23:13.298+0000][1][safepoint    ] Entering safepoint region: RevokeBias
[2019-06-24T09:23:13.298+0000][1][safepoint    ] Leaving safepoint region
[2019-06-24T09:23:13.298+0000][1][safepoint    ] Total time for which application threads were stopped: 0.0000777 seconds, Stopping threads took: 0.0000443 seconds
[2019-06-24T09:23:13.299+0000][1][safepoint    ] Application time: 0.0006783 seconds
[2019-06-24T09:23:13.299+0000][1][safepoint    ] Entering safepoint region: RevokeBias
[2019-06-24T09:23:13.299+0000][1][safepoint    ] Leaving safepoint region
[2019-06-24T09:23:13.299+0000][1][safepoint    ] Total time for which application threads were stopped: 0.0000597 seconds, Stopping threads took: 0.0000149 seconds
[2019-06-24T09:23:13.300+0000][1][safepoint    ] Application time: 0.0006850 seconds
[2019-06-24T09:23:13.300+0000][1][safepoint    ] Entering safepoint region: RevokeBias
[2019-06-24T09:23:13.300+0000][1][safepoint    ] Leaving safepoint region
[2019-06-24T09:23:13.300+0000][1][safepoint    ] Total time for which application threads were stopped: 0.0000464 seconds, Stopping threads took: 0.0000154 seconds
[2019-06-24T09:23:13.300+0000][1][safepoint    ] Application time: 0.0001280 seconds
[2019-06-24T09:23:13.300+0000][1][safepoint    ] Entering safepoint region: RevokeBias
[2019-06-24T09:23:13.300+0000][1][safepoint    ] Leaving safepoint region
[2019-06-24T09:23:13.300+0000][1][safepoint    ] Total time for which application threads were stopped: 0.0000630 seconds, Stopping threads took: 0.0000369 seconds
[2019-06-24T09:23:13.300+0000][1][safepoint    ] Application time: 0.0000511 seconds
[2019-06-24T09:23:13.300+0000][1][safepoint    ] Entering safepoint region: RevokeBias
[2019-06-24T09:23:13.300+0000][1][safepoint    ] Leaving safepoint region
[2019-06-24T09:23:13.300+0000][1][safepoint    ] Total time for which application threads were stopped: 0.0000445 seconds, Stopping threads took: 0.0000137 seconds
[2019-06-24T09:23:13.300+0000][1][safepoint    ] Application time: 0.0002456 seconds
[2019-06-24T09:23:13.300+0000][1][safepoint    ] Entering safepoint region: RevokeBias
[2019-06-24T09:23:13.301+0000][1][safepoint    ] Leaving safepoint region
[2019-06-24T09:23:13.301+0000][1][safepoint    ] Total time for which application threads were stopped: 0.0000611 seconds, Stopping threads took: 0.0000314 seconds
[2019-06-24T09:23:13.301+0000][1][safepoint    ] Application time: 0.0000989 seconds
[2019-06-24T09:23:13.301+0000][1][safepoint    ] Entering safepoint region: RevokeBias
[2019-06-24T09:23:13.301+0000][1][safepoint    ] Leaving safepoint region
[2019-06-24T09:23:13.301+0000][1][safepoint    ] Total time for which application threads were stopped: 0.0000935 seconds, Stopping threads took: 0.0000435 seconds
[2019-06-24T09:23:13.301+0000][1][safepoint    ] Application time: 0.0000886 seconds
[2019-06-24T09:23:13.301+0000][1][safepoint    ] Entering safepoint region: RevokeBias
[2019-06-24T09:23:13.301+0000][1][safepoint    ] Leaving safepoint region
[2019-06-24T09:23:13.301+0000][1][safepoint    ] Total time for which application threads were stopped: 0.0001369 seconds, Stopping threads took: 0.0001073 seconds
[2019-06-24T09:23:13.303+0000][1][gc,heap,exit ] Heap
[2019-06-24T09:23:13.304+0000][1][gc,heap,exit ]  par new generation   total 78656K, used 29442K [0x00000000f0000000, 0x00000000f5550000, 0x00000000f5550000)
[2019-06-24T09:23:13.304+0000][1][gc,heap,exit ]   eden space 69952K,  32% used [0x00000000f0000000, 0x00000000f1618e98, 0x00000000f4450000)
[2019-06-24T09:23:13.304+0000][1][gc,heap,exit ]   from space 8704K,  78% used [0x00000000f4450000, 0x00000000f4af7d10, 0x00000000f4cd0000)
[2019-06-24T09:23:13.304+0000][1][gc,heap,exit ]   to   space 8704K,   0% used [0x00000000f4cd0000, 0x00000000f4cd0000, 0x00000000f5550000)
[2019-06-24T09:23:13.304+0000][1][gc,heap,exit ]  concurrent mark-sweep generation total 174784K, used 62464K [0x00000000f5550000, 0x0000000100000000, 0x0000000100000000)
[2019-06-24T09:23:13.304+0000][1][gc,heap,exit ]  Metaspace       used 63186K, capacity 67939K, committed 68300K, reserved 1107968K
[2019-06-24T09:23:13.304+0000][1][gc,heap,exit ]   class space    used 8599K, capacity 10560K, committed 10648K, reserved 1048576K
[2019-06-24T09:23:13.304+0000][1][safepoint    ] Application time: 0.0026577 seconds
[2019-06-24T09:23:13.304+0000][1][safepoint    ] Entering safepoint region: Halt
