[2019-06-24T09:22:20.254+0000][1][gc] Using Concurrent Mark Sweep
[2019-06-24T09:22:20.254+0000][1][gc,heap,coops] Heap address: 0x00000000f0000000, size: 256 MB, Compressed Oops mode: 32-bit
[2019-06-24T09:22:20.311+0000][1][safepoint    ] Entering safepoint region: EnableBiasedLocking
[2019-06-24T09:22:20.311+0000][1][safepoint    ] Leaving safepoint region
[2019-06-24T09:22:20.311+0000][1][safepoint    ] Total time for which application threads were stopped: 0.0000976 seconds, Stopping threads took: 0.0000352 seconds
[2019-06-24T09:22:20.315+0000][1][safepoint    ] Application time: 0.0030694 seconds
[2019-06-24T09:22:20.315+0000][1][safepoint    ] Entering safepoint region: RevokeBias
[2019-06-24T09:22:20.315+0000][1][safepoint    ] Leaving safepoint region
[2019-06-24T09:22:20.315+0000][1][safepoint    ] Total time for which application threads were stopped: 0.0001917 seconds, Stopping threads took: 0.0001352 seconds
[2019-06-24T09:22:20.325+0000][1][safepoint    ] Application time: 0.0101792 seconds
[2019-06-24T09:22:20.325+0000][1][safepoint    ] Entering safepoint region: Deoptimize
[2019-06-24T09:22:20.325+0000][1][safepoint    ] Leaving safepoint region
[2019-06-24T09:22:20.325+0000][1][safepoint    ] Total time for which application threads were stopped: 0.0000515 seconds, Stopping threads took: 0.0000100 seconds
[2019-06-24T09:22:20.419+0000][1][safepoint    ] Application time: 0.0939828 seconds
[2019-06-24T09:22:20.419+0000][1][safepoint    ] Entering safepoint region: RevokeBias
[2019-06-24T09:22:20.419+0000][1][safepoint    ] Leaving safepoint region
[2019-06-24T09:22:20.419+0000][1][safepoint    ] Total time for which application threads were stopped: 0.0001494 seconds, Stopping threads took: 0.0000894 seconds
[2019-06-24T09:22:20.444+0000][1][safepoint    ] Application time: 0.0248266 seconds
[2019-06-24T09:22:20.444+0000][1][safepoint    ] Entering safepoint region: Deoptimize
[2019-06-24T09:22:20.444+0000][1][safepoint    ] Leaving safepoint region
[2019-06-24T09:22:20.444+0000][1][safepoint    ] Total time for which application threads were stopped: 0.0000823 seconds, Stopping threads took: 0.0000149 seconds
[2019-06-24T09:22:20.665+0000][1][safepoint    ] Application time: 0.2212722 seconds
[2019-06-24T09:22:20.666+0000][1][safepoint    ] Entering safepoint region: Deoptimize
[2019-06-24T09:22:20.666+0000][1][safepoint    ] Leaving safepoint region
[2019-06-24T09:22:20.666+0000][1][safepoint    ] Total time for which application threads were stopped: 0.0001827 seconds, Stopping threads took: 0.0000138 seconds
[2019-06-24T09:22:20.686+0000][1][safepoint    ] Application time: 0.0200053 seconds
[2019-06-24T09:22:20.686+0000][1][safepoint    ] Entering safepoint region: Deoptimize
[2019-06-24T09:22:20.686+0000][1][safepoint    ] Leaving safepoint region
[2019-06-24T09:22:20.686+0000][1][safepoint    ] Total time for which application threads were stopped: 0.0000994 seconds, Stopping threads took: 0.0000083 seconds
[2019-06-24T09:22:20.720+0000][1][safepoint    ] Application time: 0.0343099 seconds
[2019-06-24T09:22:20.720+0000][1][safepoint    ] Entering safepoint region: Deoptimize
[2019-06-24T09:22:20.720+0000][1][safepoint    ] Leaving safepoint region
[2019-06-24T09:22:20.720+0000][1][safepoint    ] Total time for which application threads were stopped: 0.0001336 seconds, Stopping threads took: 0.0000090 seconds
[2019-06-24T09:22:20.732+0000][1][safepoint    ] Application time: 0.0112068 seconds
[2019-06-24T09:22:20.732+0000][1][safepoint    ] Entering safepoint region: Deoptimize
[2019-06-24T09:22:20.732+0000][1][safepoint    ] Leaving safepoint region
[2019-06-24T09:22:20.732+0000][1][safepoint    ] Total time for which application threads were stopped: 0.0001078 seconds, Stopping threads took: 0.0000084 seconds
[2019-06-24T09:22:21.094+0000][1][safepoint    ] Application time: 0.3619659 seconds
[2019-06-24T09:22:21.094+0000][1][safepoint    ] Entering safepoint region: Deoptimize
[2019-06-24T09:22:21.094+0000][1][safepoint    ] Leaving safepoint region
[2019-06-24T09:22:21.094+0000][1][safepoint    ] Total time for which application threads were stopped: 0.0003069 seconds, Stopping threads took: 0.0000120 seconds
[2019-06-24T09:22:21.310+0000][1][safepoint    ] Application time: 0.2159010 seconds
[2019-06-24T09:22:21.310+0000][1][safepoint    ] Entering safepoint region: RevokeBias
[2019-06-24T09:22:21.310+0000][1][safepoint    ] Leaving safepoint region
[2019-06-24T09:22:21.310+0000][1][safepoint    ] Total time for which application threads were stopped: 0.0001622 seconds, Stopping threads took: 0.0000174 seconds
[2019-06-24T09:22:21.401+0000][1][safepoint    ] Application time: 0.0913108 seconds
[2019-06-24T09:22:21.402+0000][1][safepoint    ] Entering safepoint region: Deoptimize
[2019-06-24T09:22:21.402+0000][1][safepoint    ] Leaving safepoint region
[2019-06-24T09:22:21.402+0000][1][safepoint    ] Total time for which application threads were stopped: 0.0001872 seconds, Stopping threads took: 0.0000087 seconds
[2019-06-24T09:22:21.503+0000][1][safepoint    ] Application time: 0.1008182 seconds
[2019-06-24T09:22:21.503+0000][1][safepoint    ] Entering safepoint region: Deoptimize
[2019-06-24T09:22:21.503+0000][1][safepoint    ] Leaving safepoint region
[2019-06-24T09:22:21.503+0000][1][safepoint    ] Total time for which application threads were stopped: 0.0001663 seconds, Stopping threads took: 0.0000088 seconds
[2019-06-24T09:22:21.503+0000][1][safepoint    ] Application time: 0.0001212 seconds
[2019-06-24T09:22:21.503+0000][1][safepoint    ] Entering safepoint region: Deoptimize
[2019-06-24T09:22:21.503+0000][1][safepoint    ] Leaving safepoint region
[2019-06-24T09:22:21.503+0000][1][safepoint    ] Total time for which application threads were stopped: 0.0001062 seconds, Stopping threads took: 0.0000072 seconds
[2019-06-24T09:22:21.518+0000][1][safepoint    ] Application time: 0.0150495 seconds
[2019-06-24T09:22:21.518+0000][1][safepoint    ] Entering safepoint region: Deoptimize
[2019-06-24T09:22:21.518+0000][1][safepoint    ] Leaving safepoint region
[2019-06-24T09:22:21.518+0000][1][safepoint    ] Total time for which application threads were stopped: 0.0001644 seconds, Stopping threads took: 0.0000198 seconds
[2019-06-24T09:22:21.526+0000][1][safepoint    ] Application time: 0.0082224 seconds
[2019-06-24T09:22:21.527+0000][1][safepoint    ] Entering safepoint region: Deoptimize
[2019-06-24T09:22:21.527+0000][1][safepoint    ] Leaving safepoint region
[2019-06-24T09:22:21.527+0000][1][safepoint    ] Total time for which application threads were stopped: 0.0002453 seconds, Stopping threads took: 0.0000183 seconds
[2019-06-24T09:22:21.532+0000][1][safepoint    ] Application time: 0.0051374 seconds
[2019-06-24T09:22:21.532+0000][1][safepoint    ] Entering safepoint region: RevokeBias
[2019-06-24T09:22:21.532+0000][1][safepoint    ] Leaving safepoint region
[2019-06-24T09:22:21.532+0000][1][safepoint    ] Total time for which application threads were stopped: 0.0000673 seconds, Stopping threads took: 0.0000203 seconds
[2019-06-24T09:22:21.532+0000][1][safepoint    ] Application time: 0.0002690 seconds
[2019-06-24T09:22:21.532+0000][1][safepoint    ] Entering safepoint region: RevokeBias
[2019-06-24T09:22:21.532+0000][1][safepoint    ] Leaving safepoint region
[2019-06-24T09:22:21.532+0000][1][safepoint    ] Total time for which application threads were stopped: 0.0000453 seconds, Stopping threads took: 0.0000167 seconds
[2019-06-24T09:22:21.533+0000][1][safepoint    ] Application time: 0.0001579 seconds
[2019-06-24T09:22:21.533+0000][1][safepoint    ] Entering safepoint region: RevokeBias
[2019-06-24T09:22:21.533+0000][1][safepoint    ] Leaving safepoint region
[2019-06-24T09:22:21.533+0000][1][safepoint    ] Total time for which application threads were stopped: 0.0000443 seconds, Stopping threads took: 0.0000168 seconds
[2019-06-24T09:22:21.533+0000][1][safepoint    ] Application time: 0.0001578 seconds
[2019-06-24T09:22:21.533+0000][1][safepoint    ] Entering safepoint region: RevokeBias
[2019-06-24T09:22:21.533+0000][1][safepoint    ] Leaving safepoint region
[2019-06-24T09:22:21.533+0000][1][safepoint    ] Total time for which application threads were stopped: 0.0000444 seconds, Stopping threads took: 0.0000168 seconds
[2019-06-24T09:22:21.533+0000][1][safepoint    ] Application time: 0.0002093 seconds
[2019-06-24T09:22:21.533+0000][1][safepoint    ] Entering safepoint region: RevokeBias
[2019-06-24T09:22:21.533+0000][1][safepoint    ] Leaving safepoint region
[2019-06-24T09:22:21.533+0000][1][safepoint    ] Total time for which application threads were stopped: 0.0000587 seconds, Stopping threads took: 0.0000283 seconds
[2019-06-24T09:22:21.533+0000][1][safepoint    ] Application time: 0.0003715 seconds
[2019-06-24T09:22:21.533+0000][1][safepoint    ] Entering safepoint region: RevokeBias
[2019-06-24T09:22:21.534+0000][1][safepoint    ] Leaving safepoint region
[2019-06-24T09:22:21.534+0000][1][safepoint    ] Total time for which application threads were stopped: 0.0000385 seconds, Stopping threads took: 0.0000110 seconds
[2019-06-24T09:22:21.539+0000][1][safepoint    ] Application time: 0.0055893 seconds
[2019-06-24T09:22:21.539+0000][1][safepoint    ] Entering safepoint region: Deoptimize
[2019-06-24T09:22:21.539+0000][1][safepoint    ] Leaving safepoint region
[2019-06-24T09:22:21.539+0000][1][safepoint    ] Total time for which application threads were stopped: 0.0002045 seconds, Stopping threads took: 0.0000100 seconds
[2019-06-24T09:22:21.585+0000][1][safepoint    ] Application time: 0.0456138 seconds
[2019-06-24T09:22:21.585+0000][1][safepoint    ] Entering safepoint region: RevokeBias
[2019-06-24T09:22:21.585+0000][1][safepoint    ] Leaving safepoint region
[2019-06-24T09:22:21.585+0000][1][safepoint    ] Total time for which application threads were stopped: 0.0000831 seconds, Stopping threads took: 0.0000370 seconds
[2019-06-24T09:22:21.614+0000][1][safepoint    ] Application time: 0.0292540 seconds
[2019-06-24T09:22:21.614+0000][1][safepoint    ] Entering safepoint region: GenCollectForAllocation
[2019-06-24T09:22:21.615+0000][1][gc,start     ] GC(0) Pause Young (Allocation Failure)
[2019-06-24T09:22:21.615+0000][1][gc,task      ] GC(0) Using 5 workers of 8 for evacuation
[2019-06-24T09:22:21.621+0000][1][gc,age       ] GC(0) Desired survivor size 4456448 bytes, new threshold 1 (max threshold 6)
[2019-06-24T09:22:21.621+0000][1][gc,age       ] GC(0) Age table with threshold 1 (max threshold 6)
[2019-06-24T09:22:21.621+0000][1][gc,age       ] GC(0) - age   1:    7871864 bytes,    7871864 total
[2019-06-24T09:22:21.621+0000][1][gc,heap      ] GC(0) ParNew: 69952K->7793K(78656K)
[2019-06-24T09:22:21.621+0000][1][gc,heap      ] GC(0) CMS: 0K->0K(174784K)
[2019-06-24T09:22:21.621+0000][1][gc,metaspace ] GC(0) Metaspace: 12071K->12071K(1060864K)
[2019-06-24T09:22:21.621+0000][1][gc           ] GC(0) Pause Young (Allocation Failure) 68M->7M(247M) 6.486ms
[2019-06-24T09:22:21.621+0000][1][gc,cpu       ] GC(0) User=0.03s Sys=0.00s Real=0.00s
[2019-06-24T09:22:21.621+0000][1][safepoint    ] Leaving safepoint region
[2019-06-24T09:22:21.621+0000][1][safepoint    ] Total time for which application threads were stopped: 0.0066544 seconds, Stopping threads took: 0.0000477 seconds
[2019-06-24T09:22:21.621+0000][1][safepoint    ] Application time: 0.0003114 seconds
[2019-06-24T09:22:21.621+0000][1][safepoint    ] Entering safepoint region: RevokeBias
[2019-06-24T09:22:21.622+0000][1][safepoint    ] Leaving safepoint region
[2019-06-24T09:22:21.622+0000][1][safepoint    ] Total time for which application threads were stopped: 0.0001264 seconds, Stopping threads took: 0.0000746 seconds
[2019-06-24T09:22:21.622+0000][1][safepoint    ] Application time: 0.0000513 seconds
[2019-06-24T09:22:21.622+0000][1][safepoint    ] Entering safepoint region: RevokeBias
[2019-06-24T09:22:21.622+0000][1][safepoint    ] Leaving safepoint region
[2019-06-24T09:22:21.622+0000][1][safepoint    ] Total time for which application threads were stopped: 0.0000593 seconds, Stopping threads took: 0.0000214 seconds
[2019-06-24T09:22:21.622+0000][1][safepoint    ] Application time: 0.0002467 seconds
[2019-06-24T09:22:21.622+0000][1][safepoint    ] Entering safepoint region: RevokeBias
[2019-06-24T09:22:21.622+0000][1][safepoint    ] Leaving safepoint region
[2019-06-24T09:22:21.622+0000][1][safepoint    ] Total time for which application threads were stopped: 0.0000978 seconds, Stopping threads took: 0.0000543 seconds
[2019-06-24T09:22:21.622+0000][1][safepoint    ] Application time: 0.0000785 seconds
[2019-06-24T09:22:21.622+0000][1][safepoint    ] Entering safepoint region: RevokeBias
[2019-06-24T09:22:21.622+0000][1][safepoint    ] Leaving safepoint region
[2019-06-24T09:22:21.622+0000][1][safepoint    ] Total time for which application threads were stopped: 0.0001053 seconds, Stopping threads took: 0.0000617 seconds
[2019-06-24T09:22:21.622+0000][1][safepoint    ] Application time: 0.0000437 seconds
[2019-06-24T09:22:21.622+0000][1][safepoint    ] Entering safepoint region: RevokeBias
[2019-06-24T09:22:21.622+0000][1][safepoint    ] Leaving safepoint region
[2019-06-24T09:22:21.622+0000][1][safepoint    ] Total time for which application threads were stopped: 0.0000640 seconds, Stopping threads took: 0.0000300 seconds
[2019-06-24T09:22:21.622+0000][1][safepoint    ] Application time: 0.0000395 seconds
[2019-06-24T09:22:21.622+0000][1][safepoint    ] Entering safepoint region: RevokeBias
[2019-06-24T09:22:21.622+0000][1][safepoint    ] Leaving safepoint region
[2019-06-24T09:22:21.622+0000][1][safepoint    ] Total time for which application threads were stopped: 0.0000388 seconds, Stopping threads took: 0.0000230 seconds
[2019-06-24T09:22:21.623+0000][1][safepoint    ] Application time: 0.0000761 seconds
[2019-06-24T09:22:21.623+0000][1][safepoint    ] Entering safepoint region: RevokeBias
[2019-06-24T09:22:21.623+0000][1][safepoint    ] Leaving safepoint region
[2019-06-24T09:22:21.623+0000][1][safepoint    ] Total time for which application threads were stopped: 0.0000991 seconds, Stopping threads took: 0.0000800 seconds
[2019-06-24T09:22:21.623+0000][1][safepoint    ] Application time: 0.0002103 seconds
[2019-06-24T09:22:21.623+0000][1][safepoint    ] Entering safepoint region: RevokeBias
[2019-06-24T09:22:21.623+0000][1][safepoint    ] Leaving safepoint region
[2019-06-24T09:22:21.623+0000][1][safepoint    ] Total time for which application threads were stopped: 0.0000639 seconds, Stopping threads took: 0.0000240 seconds
[2019-06-24T09:22:21.623+0000][1][safepoint    ] Application time: 0.0000523 seconds
[2019-06-24T09:22:21.623+0000][1][safepoint    ] Entering safepoint region: RevokeBias
[2019-06-24T09:22:21.623+0000][1][safepoint    ] Leaving safepoint region
[2019-06-24T09:22:21.623+0000][1][safepoint    ] Total time for which application threads were stopped: 0.0000387 seconds, Stopping threads took: 0.0000102 seconds
[2019-06-24T09:22:21.623+0000][1][safepoint    ] Application time: 0.0000395 seconds
[2019-06-24T09:22:21.623+0000][1][safepoint    ] Entering safepoint region: RevokeBias
[2019-06-24T09:22:21.623+0000][1][safepoint    ] Leaving safepoint region
[2019-06-24T09:22:21.623+0000][1][safepoint    ] Total time for which application threads were stopped: 0.0000481 seconds, Stopping threads took: 0.0000206 seconds
[2019-06-24T09:22:21.623+0000][1][safepoint    ] Application time: 0.0000915 seconds
[2019-06-24T09:22:21.623+0000][1][safepoint    ] Entering safepoint region: RevokeBias
[2019-06-24T09:22:21.623+0000][1][safepoint    ] Leaving safepoint region
[2019-06-24T09:22:21.623+0000][1][safepoint    ] Total time for which application threads were stopped: 0.0000860 seconds, Stopping threads took: 0.0000593 seconds
[2019-06-24T09:22:21.623+0000][1][safepoint    ] Application time: 0.0000427 seconds
[2019-06-24T09:22:21.623+0000][1][safepoint    ] Entering safepoint region: RevokeBias
[2019-06-24T09:22:21.623+0000][1][safepoint    ] Leaving safepoint region
[2019-06-24T09:22:21.623+0000][1][safepoint    ] Total time for which application threads were stopped: 0.0000408 seconds, Stopping threads took: 0.0000095 seconds
[2019-06-24T09:22:21.623+0000][1][safepoint    ] Application time: 0.0000486 seconds
[2019-06-24T09:22:21.624+0000][1][safepoint    ] Entering safepoint region: RevokeBias
[2019-06-24T09:22:21.624+0000][1][safepoint    ] Leaving safepoint region
[2019-06-24T09:22:21.624+0000][1][safepoint    ] Total time for which application threads were stopped: 0.0000630 seconds, Stopping threads took: 0.0000401 seconds
[2019-06-24T09:22:21.624+0000][1][safepoint    ] Application time: 0.0000371 seconds
[2019-06-24T09:22:21.624+0000][1][safepoint    ] Entering safepoint region: RevokeBias
[2019-06-24T09:22:21.624+0000][1][safepoint    ] Leaving safepoint region
[2019-06-24T09:22:21.624+0000][1][safepoint    ] Total time for which application threads were stopped: 0.0000690 seconds, Stopping threads took: 0.0000407 seconds
[2019-06-24T09:22:21.624+0000][1][safepoint    ] Application time: 0.0000725 seconds
[2019-06-24T09:22:21.624+0000][1][safepoint    ] Entering safepoint region: RevokeBias
[2019-06-24T09:22:21.624+0000][1][safepoint    ] Leaving safepoint region
[2019-06-24T09:22:21.624+0000][1][safepoint    ] Total time for which application threads were stopped: 0.0000813 seconds, Stopping threads took: 0.0000444 seconds
[2019-06-24T09:22:21.624+0000][1][safepoint    ] Application time: 0.0000377 seconds
[2019-06-24T09:22:21.624+0000][1][safepoint    ] Entering safepoint region: RevokeBias
[2019-06-24T09:22:21.624+0000][1][safepoint    ] Leaving safepoint region
[2019-06-24T09:22:21.624+0000][1][safepoint    ] Total time for which application threads were stopped: 0.0000698 seconds, Stopping threads took: 0.0000385 seconds
[2019-06-24T09:22:21.624+0000][1][safepoint    ] Application time: 0.0000443 seconds
[2019-06-24T09:22:21.624+0000][1][safepoint    ] Entering safepoint region: RevokeBias
[2019-06-24T09:22:21.624+0000][1][safepoint    ] Leaving safepoint region
[2019-06-24T09:22:21.624+0000][1][safepoint    ] Total time for which application threads were stopped: 0.0000459 seconds, Stopping threads took: 0.0000260 seconds
[2019-06-24T09:22:21.624+0000][1][safepoint    ] Application time: 0.0000395 seconds
[2019-06-24T09:22:21.624+0000][1][safepoint    ] Entering safepoint region: RevokeBias
[2019-06-24T09:22:21.624+0000][1][safepoint    ] Leaving safepoint region
[2019-06-24T09:22:21.624+0000][1][safepoint    ] Total time for which application threads were stopped: 0.0000860 seconds, Stopping threads took: 0.0000548 seconds
[2019-06-24T09:22:21.624+0000][1][safepoint    ] Application time: 0.0002185 seconds
[2019-06-24T09:22:21.624+0000][1][safepoint    ] Entering safepoint region: RevokeBias
[2019-06-24T09:22:21.625+0000][1][safepoint    ] Leaving safepoint region
[2019-06-24T09:22:21.625+0000][1][safepoint    ] Total time for which application threads were stopped: 0.0000836 seconds, Stopping threads took: 0.0000490 seconds
[2019-06-24T09:22:21.625+0000][1][safepoint    ] Application time: 0.0000402 seconds
[2019-06-24T09:22:21.625+0000][1][safepoint    ] Entering safepoint region: RevokeBias
[2019-06-24T09:22:21.625+0000][1][safepoint    ] Leaving safepoint region
[2019-06-24T09:22:21.625+0000][1][safepoint    ] Total time for which application threads were stopped: 0.0000740 seconds, Stopping threads took: 0.0000373 seconds
[2019-06-24T09:22:21.625+0000][1][safepoint    ] Application time: 0.0000883 seconds
[2019-06-24T09:22:21.625+0000][1][safepoint    ] Entering safepoint region: RevokeBias
[2019-06-24T09:22:21.625+0000][1][safepoint    ] Leaving safepoint region
[2019-06-24T09:22:21.625+0000][1][safepoint    ] Total time for which application threads were stopped: 0.0000891 seconds, Stopping threads took: 0.0000515 seconds
[2019-06-24T09:22:21.625+0000][1][safepoint    ] Application time: 0.0000464 seconds
[2019-06-24T09:22:21.625+0000][1][safepoint    ] Entering safepoint region: RevokeBias
[2019-06-24T09:22:21.625+0000][1][safepoint    ] Leaving safepoint region
[2019-06-24T09:22:21.625+0000][1][safepoint    ] Total time for which application threads were stopped: 0.0000554 seconds, Stopping threads took: 0.0000233 seconds
[2019-06-24T09:22:21.625+0000][1][safepoint    ] Application time: 0.0000568 seconds
[2019-06-24T09:22:21.625+0000][1][safepoint    ] Entering safepoint region: RevokeBias
[2019-06-24T09:22:21.625+0000][1][safepoint    ] Leaving safepoint region
[2019-06-24T09:22:21.625+0000][1][safepoint    ] Total time for which application threads were stopped: 0.0000825 seconds, Stopping threads took: 0.0000425 seconds
[2019-06-24T09:22:21.625+0000][1][safepoint    ] Application time: 0.0000396 seconds
[2019-06-24T09:22:21.625+0000][1][safepoint    ] Entering safepoint region: RevokeBias
[2019-06-24T09:22:21.625+0000][1][safepoint    ] Leaving safepoint region
[2019-06-24T09:22:21.625+0000][1][safepoint    ] Total time for which application threads were stopped: 0.0000757 seconds, Stopping threads took: 0.0000282 seconds
[2019-06-24T09:22:21.625+0000][1][safepoint    ] Application time: 0.0000441 seconds
[2019-06-24T09:22:21.625+0000][1][safepoint    ] Entering safepoint region: RevokeBias
[2019-06-24T09:22:21.625+0000][1][safepoint    ] Leaving safepoint region
[2019-06-24T09:22:21.625+0000][1][safepoint    ] Total time for which application threads were stopped: 0.0000537 seconds, Stopping threads took: 0.0000207 seconds
[2019-06-24T09:22:21.625+0000][1][safepoint    ] Application time: 0.0000383 seconds
[2019-06-24T09:22:21.625+0000][1][safepoint    ] Entering safepoint region: RevokeBias
[2019-06-24T09:22:21.625+0000][1][safepoint    ] Leaving safepoint region
[2019-06-24T09:22:21.626+0000][1][safepoint    ] Total time for which application threads were stopped: 0.0000373 seconds, Stopping threads took: 0.0000090 seconds
[2019-06-24T09:22:21.854+0000][1][safepoint    ] Application time: 0.2287469 seconds
[2019-06-24T09:22:21.854+0000][1][safepoint    ] Entering safepoint region: Deoptimize
[2019-06-24T09:22:21.855+0000][1][safepoint    ] Leaving safepoint region
[2019-06-24T09:22:21.855+0000][1][safepoint    ] Total time for which application threads were stopped: 0.0005927 seconds, Stopping threads took: 0.0000172 seconds
[2019-06-24T09:22:21.974+0000][1][safepoint    ] Application time: 0.1192071 seconds
[2019-06-24T09:22:21.974+0000][1][safepoint    ] Entering safepoint region: RevokeBias
[2019-06-24T09:22:21.974+0000][1][safepoint    ] Leaving safepoint region
[2019-06-24T09:22:21.974+0000][1][safepoint    ] Total time for which application threads were stopped: 0.0001535 seconds, Stopping threads took: 0.0000204 seconds
[2019-06-24T09:22:22.073+0000][1][safepoint    ] Application time: 0.0985472 seconds
[2019-06-24T09:22:22.073+0000][1][safepoint    ] Entering safepoint region: RevokeBias
[2019-06-24T09:22:22.073+0000][1][safepoint    ] Leaving safepoint region
[2019-06-24T09:22:22.073+0000][1][safepoint    ] Total time for which application threads were stopped: 0.0001150 seconds, Stopping threads took: 0.0000190 seconds
[2019-06-24T09:22:22.075+0000][1][safepoint    ] Application time: 0.0016852 seconds
[2019-06-24T09:22:22.075+0000][1][safepoint    ] Entering safepoint region: RevokeBias
[2019-06-24T09:22:22.075+0000][1][safepoint    ] Leaving safepoint region
[2019-06-24T09:22:22.075+0000][1][safepoint    ] Total time for which application threads were stopped: 0.0000846 seconds, Stopping threads took: 0.0000165 seconds
[2019-06-24T09:22:22.102+0000][1][safepoint    ] Application time: 0.0274078 seconds
[2019-06-24T09:22:22.102+0000][1][safepoint    ] Entering safepoint region: GenCollectForAllocation
[2019-06-24T09:22:22.102+0000][1][gc,start     ] GC(1) Pause Young (Allocation Failure)
[2019-06-24T09:22:22.102+0000][1][gc,task      ] GC(1) Using 5 workers of 8 for evacuation
[2019-06-24T09:22:22.117+0000][1][gc,age       ] GC(1) Desired survivor size 4456448 bytes, new threshold 6 (max threshold 6)
[2019-06-24T09:22:22.117+0000][1][gc,age       ] GC(1) Age table with threshold 6 (max threshold 6)
[2019-06-24T09:22:22.117+0000][1][gc,age       ] GC(1) - age   1:    1985144 bytes,    1985144 total
[2019-06-24T09:22:22.117+0000][1][gc,heap      ] GC(1) ParNew: 77745K->6160K(78656K)
[2019-06-24T09:22:22.117+0000][1][gc,heap      ] GC(1) CMS: 0K->6673K(174784K)
[2019-06-24T09:22:22.117+0000][1][gc,metaspace ] GC(1) Metaspace: 14763K->14763K(1062912K)
[2019-06-24T09:22:22.117+0000][1][gc           ] GC(1) Pause Young (Allocation Failure) 75M->12M(247M) 14.291ms
[2019-06-24T09:22:22.117+0000][1][gc,cpu       ] GC(1) User=0.10s Sys=0.00s Real=0.02s
[2019-06-24T09:22:22.117+0000][1][safepoint    ] Leaving safepoint region
[2019-06-24T09:22:22.117+0000][1][safepoint    ] Total time for which application threads were stopped: 0.0144325 seconds, Stopping threads took: 0.0000178 seconds
[2019-06-24T09:22:22.117+0000][1][safepoint    ] Application time: 0.0002277 seconds
[2019-06-24T09:22:22.117+0000][1][safepoint    ] Entering safepoint region: RevokeBias
[2019-06-24T09:22:22.117+0000][1][safepoint    ] Leaving safepoint region
[2019-06-24T09:22:22.117+0000][1][safepoint    ] Total time for which application threads were stopped: 0.0000840 seconds, Stopping threads took: 0.0000284 seconds
[2019-06-24T09:22:22.117+0000][1][safepoint    ] Application time: 0.0001553 seconds
[2019-06-24T09:22:22.117+0000][1][safepoint    ] Entering safepoint region: RevokeBias
[2019-06-24T09:22:22.117+0000][1][safepoint    ] Leaving safepoint region
[2019-06-24T09:22:22.117+0000][1][safepoint    ] Total time for which application threads were stopped: 0.0002126 seconds, Stopping threads took: 0.0001708 seconds
[2019-06-24T09:22:22.118+0000][1][safepoint    ] Application time: 0.0000867 seconds
[2019-06-24T09:22:22.118+0000][1][safepoint    ] Entering safepoint region: RevokeBias
[2019-06-24T09:22:22.118+0000][1][safepoint    ] Leaving safepoint region
[2019-06-24T09:22:22.118+0000][1][safepoint    ] Total time for which application threads were stopped: 0.0001439 seconds, Stopping threads took: 0.0000409 seconds
[2019-06-24T09:22:22.118+0000][1][safepoint    ] Application time: 0.0001375 seconds
[2019-06-24T09:22:22.118+0000][1][safepoint    ] Entering safepoint region: RevokeBias
[2019-06-24T09:22:22.118+0000][1][safepoint    ] Leaving safepoint region
[2019-06-24T09:22:22.118+0000][1][safepoint    ] Total time for which application threads were stopped: 0.0000906 seconds, Stopping threads took: 0.0000428 seconds
[2019-06-24T09:22:22.118+0000][1][safepoint    ] Application time: 0.0000422 seconds
[2019-06-24T09:22:22.118+0000][1][safepoint    ] Entering safepoint region: RevokeBias
[2019-06-24T09:22:22.118+0000][1][safepoint    ] Leaving safepoint region
[2019-06-24T09:22:22.118+0000][1][safepoint    ] Total time for which application threads were stopped: 0.0000542 seconds, Stopping threads took: 0.0000056 seconds
[2019-06-24T09:22:22.118+0000][1][safepoint    ] Application time: 0.0000347 seconds
[2019-06-24T09:22:22.118+0000][1][safepoint    ] Entering safepoint region: RevokeBias
[2019-06-24T09:22:22.118+0000][1][safepoint    ] Leaving safepoint region
[2019-06-24T09:22:22.118+0000][1][safepoint    ] Total time for which application threads were stopped: 0.0000442 seconds, Stopping threads took: 0.0000056 seconds
[2019-06-24T09:22:22.118+0000][1][safepoint    ] Application time: 0.0000387 seconds
[2019-06-24T09:22:22.118+0000][1][safepoint    ] Entering safepoint region: RevokeBias
[2019-06-24T09:22:22.118+0000][1][safepoint    ] Leaving safepoint region
[2019-06-24T09:22:22.118+0000][1][safepoint    ] Total time for which application threads were stopped: 0.0000443 seconds, Stopping threads took: 0.0000055 seconds
[2019-06-24T09:22:22.118+0000][1][safepoint    ] Application time: 0.0000336 seconds
[2019-06-24T09:22:22.118+0000][1][safepoint    ] Entering safepoint region: RevokeBias
[2019-06-24T09:22:22.118+0000][1][safepoint    ] Leaving safepoint region
[2019-06-24T09:22:22.118+0000][1][safepoint    ] Total time for which application threads were stopped: 0.0000434 seconds, Stopping threads took: 0.0000055 seconds
[2019-06-24T09:22:22.118+0000][1][safepoint    ] Application time: 0.0000383 seconds
[2019-06-24T09:22:22.118+0000][1][safepoint    ] Entering safepoint region: RevokeBias
[2019-06-24T09:22:22.119+0000][1][safepoint    ] Leaving safepoint region
[2019-06-24T09:22:22.119+0000][1][safepoint    ] Total time for which application threads were stopped: 0.0000912 seconds, Stopping threads took: 0.0000223 seconds
[2019-06-24T09:22:22.119+0000][1][safepoint    ] Application time: 0.0000407 seconds
[2019-06-24T09:22:22.119+0000][1][safepoint    ] Entering safepoint region: RevokeBias
[2019-06-24T09:22:22.119+0000][1][safepoint    ] Leaving safepoint region
[2019-06-24T09:22:22.119+0000][1][safepoint    ] Total time for which application threads were stopped: 0.0000458 seconds, Stopping threads took: 0.0000185 seconds
[2019-06-24T09:22:22.119+0000][1][safepoint    ] Application time: 0.0000394 seconds
[2019-06-24T09:22:22.119+0000][1][safepoint    ] Entering safepoint region: BulkRevokeBias
[2019-06-24T09:22:22.119+0000][1][safepoint    ] Leaving safepoint region
[2019-06-24T09:22:22.119+0000][1][safepoint    ] Total time for which application threads were stopped: 0.0000449 seconds, Stopping threads took: 0.0000055 seconds
[2019-06-24T09:22:22.119+0000][1][safepoint    ] Application time: 0.0000322 seconds
[2019-06-24T09:22:22.119+0000][1][safepoint    ] Entering safepoint region: RevokeBias
[2019-06-24T09:22:22.119+0000][1][safepoint    ] Leaving safepoint region
[2019-06-24T09:22:22.119+0000][1][safepoint    ] Total time for which application threads were stopped: 0.0000262 seconds, Stopping threads took: 0.0000056 seconds
[2019-06-24T09:22:22.119+0000][1][safepoint    ] Application time: 0.0000576 seconds
[2019-06-24T09:22:22.119+0000][1][safepoint    ] Entering safepoint region: BulkRevokeBias
[2019-06-24T09:22:22.119+0000][1][safepoint    ] Leaving safepoint region
[2019-06-24T09:22:22.119+0000][1][safepoint    ] Total time for which application threads were stopped: 0.0000393 seconds, Stopping threads took: 0.0000056 seconds
[2019-06-24T09:22:22.255+0000][1][safepoint    ] Application time: 0.1360393 seconds
[2019-06-24T09:22:22.255+0000][1][safepoint    ] Entering safepoint region: GenCollectForAllocation
[2019-06-24T09:22:22.255+0000][1][gc,start     ] GC(2) Pause Young (Allocation Failure)
[2019-06-24T09:22:22.255+0000][1][gc,task      ] GC(2) Using 5 workers of 8 for evacuation
[2019-06-24T09:22:22.258+0000][1][gc,age       ] GC(2) Desired survivor size 4456448 bytes, new threshold 6 (max threshold 6)
[2019-06-24T09:22:22.258+0000][1][gc,age       ] GC(2) Age table with threshold 6 (max threshold 6)
[2019-06-24T09:22:22.258+0000][1][gc,age       ] GC(2) - age   1:    2722280 bytes,    2722280 total
[2019-06-24T09:22:22.258+0000][1][gc,age       ] GC(2) - age   2:    1207128 bytes,    3929408 total
[2019-06-24T09:22:22.258+0000][1][gc,heap      ] GC(2) ParNew: 76112K->4950K(78656K)
[2019-06-24T09:22:22.258+0000][1][gc,heap      ] GC(2) CMS: 6673K->6673K(174784K)
[2019-06-24T09:22:22.258+0000][1][gc,metaspace ] GC(2) Metaspace: 14903K->14903K(1062912K)
[2019-06-24T09:22:22.258+0000][1][gc           ] GC(2) Pause Young (Allocation Failure) 80M->11M(247M) 3.189ms
[2019-06-24T09:22:22.258+0000][1][gc,cpu       ] GC(2) User=0.02s Sys=0.00s Real=0.00s
[2019-06-24T09:22:22.258+0000][1][safepoint    ] Leaving safepoint region
[2019-06-24T09:22:22.258+0000][1][safepoint    ] Total time for which application threads were stopped: 0.0033223 seconds, Stopping threads took: 0.0000141 seconds
[2019-06-24T09:22:22.258+0000][1][safepoint    ] Application time: 0.0001445 seconds
[2019-06-24T09:22:22.259+0000][1][safepoint    ] Entering safepoint region: RevokeBias
[2019-06-24T09:22:22.259+0000][1][safepoint    ] Leaving safepoint region
[2019-06-24T09:22:22.259+0000][1][safepoint    ] Total time for which application threads were stopped: 0.0002515 seconds, Stopping threads took: 0.0002135 seconds
[2019-06-24T09:22:22.259+0000][1][safepoint    ] Application time: 0.0001395 seconds
[2019-06-24T09:22:22.259+0000][1][safepoint    ] Entering safepoint region: RevokeBias
[2019-06-24T09:22:22.259+0000][1][safepoint    ] Leaving safepoint region
[2019-06-24T09:22:22.259+0000][1][safepoint    ] Total time for which application threads were stopped: 0.0000582 seconds, Stopping threads took: 0.0000108 seconds
[2019-06-24T09:22:22.259+0000][1][safepoint    ] Application time: 0.0001142 seconds
[2019-06-24T09:22:22.259+0000][1][safepoint    ] Entering safepoint region: RevokeBias
[2019-06-24T09:22:22.259+0000][1][safepoint    ] Leaving safepoint region
[2019-06-24T09:22:22.259+0000][1][safepoint    ] Total time for which application threads were stopped: 0.0001505 seconds, Stopping threads took: 0.0001159 seconds
[2019-06-24T09:22:22.259+0000][1][safepoint    ] Application time: 0.0001278 seconds
[2019-06-24T09:22:22.259+0000][1][safepoint    ] Entering safepoint region: RevokeBias
[2019-06-24T09:22:22.259+0000][1][safepoint    ] Leaving safepoint region
[2019-06-24T09:22:22.259+0000][1][safepoint    ] Total time for which application threads were stopped: 0.0000392 seconds, Stopping threads took: 0.0000084 seconds
[2019-06-24T09:22:22.260+0000][1][safepoint    ] Application time: 0.0001002 seconds
[2019-06-24T09:22:22.260+0000][1][safepoint    ] Entering safepoint region: RevokeBias
[2019-06-24T09:22:22.260+0000][1][safepoint    ] Leaving safepoint region
[2019-06-24T09:22:22.260+0000][1][safepoint    ] Total time for which application threads were stopped: 0.0001020 seconds, Stopping threads took: 0.0000628 seconds
[2019-06-24T09:22:22.260+0000][1][safepoint    ] Application time: 0.0000717 seconds
[2019-06-24T09:22:22.260+0000][1][safepoint    ] Entering safepoint region: RevokeBias
[2019-06-24T09:22:22.260+0000][1][safepoint    ] Leaving safepoint region
[2019-06-24T09:22:22.260+0000][1][safepoint    ] Total time for which application threads were stopped: 0.0000373 seconds, Stopping threads took: 0.0000063 seconds
[2019-06-24T09:22:22.403+0000][1][safepoint    ] Application time: 0.1436118 seconds
[2019-06-24T09:22:22.403+0000][1][safepoint    ] Entering safepoint region: Deoptimize
[2019-06-24T09:22:22.404+0000][1][safepoint    ] Leaving safepoint region
[2019-06-24T09:22:22.404+0000][1][safepoint    ] Total time for which application threads were stopped: 0.0003909 seconds, Stopping threads took: 0.0000167 seconds
[2019-06-24T09:22:22.404+0000][1][safepoint    ] Application time: 0.0005378 seconds
[2019-06-24T09:22:22.404+0000][1][safepoint    ] Entering safepoint region: Deoptimize
[2019-06-24T09:22:22.405+0000][1][safepoint    ] Leaving safepoint region
[2019-06-24T09:22:22.405+0000][1][safepoint    ] Total time for which application threads were stopped: 0.0002732 seconds, Stopping threads took: 0.0000127 seconds
[2019-06-24T09:22:22.585+0000][1][safepoint    ] Application time: 0.1801431 seconds
[2019-06-24T09:22:22.585+0000][1][safepoint    ] Entering safepoint region: GenCollectForAllocation
[2019-06-24T09:22:22.585+0000][1][gc,start     ] GC(3) Pause Young (Allocation Failure)
[2019-06-24T09:22:22.585+0000][1][gc,task      ] GC(3) Using 5 workers of 8 for evacuation
[2019-06-24T09:22:22.588+0000][1][gc,age       ] GC(3) Desired survivor size 4456448 bytes, new threshold 3 (max threshold 6)
[2019-06-24T09:22:22.588+0000][1][gc,age       ] GC(3) Age table with threshold 3 (max threshold 6)
[2019-06-24T09:22:22.588+0000][1][gc,age       ] GC(3) - age   1:    3619760 bytes,    3619760 total
[2019-06-24T09:22:22.588+0000][1][gc,age       ] GC(3) - age   2:     318936 bytes,    3938696 total
[2019-06-24T09:22:22.588+0000][1][gc,age       ] GC(3) - age   3:    1203952 bytes,    5142648 total
[2019-06-24T09:22:22.588+0000][1][gc,heap      ] GC(3) ParNew: 74902K->6237K(78656K)
[2019-06-24T09:22:22.588+0000][1][gc,heap      ] GC(3) CMS: 6673K->6673K(174784K)
[2019-06-24T09:22:22.588+0000][1][gc,metaspace ] GC(3) Metaspace: 18368K->18368K(1067008K)
[2019-06-24T09:22:22.588+0000][1][gc           ] GC(3) Pause Young (Allocation Failure) 79M->12M(247M) 3.068ms
[2019-06-24T09:22:22.588+0000][1][gc,cpu       ] GC(3) User=0.02s Sys=0.00s Real=0.00s
[2019-06-24T09:22:22.588+0000][1][safepoint    ] Leaving safepoint region
[2019-06-24T09:22:22.588+0000][1][safepoint    ] Total time for which application threads were stopped: 0.0032442 seconds, Stopping threads took: 0.0000397 seconds
[2019-06-24T09:22:22.588+0000][1][safepoint    ] Application time: 0.0003072 seconds
[2019-06-24T09:22:22.588+0000][1][safepoint    ] Entering safepoint region: RevokeBias
[2019-06-24T09:22:22.589+0000][1][safepoint    ] Leaving safepoint region
[2019-06-24T09:22:22.589+0000][1][safepoint    ] Total time for which application threads were stopped: 0.0001287 seconds, Stopping threads took: 0.0000400 seconds
[2019-06-24T09:22:22.589+0000][1][safepoint    ] Application time: 0.0001000 seconds
[2019-06-24T09:22:22.589+0000][1][safepoint    ] Entering safepoint region: RevokeBias
[2019-06-24T09:22:22.589+0000][1][safepoint    ] Leaving safepoint region
[2019-06-24T09:22:22.589+0000][1][safepoint    ] Total time for which application threads were stopped: 0.0002733 seconds, Stopping threads took: 0.0002347 seconds
[2019-06-24T09:22:22.589+0000][1][safepoint    ] Application time: 0.0001030 seconds
[2019-06-24T09:22:22.589+0000][1][safepoint    ] Entering safepoint region: RevokeBias
[2019-06-24T09:22:22.589+0000][1][safepoint    ] Leaving safepoint region
[2019-06-24T09:22:22.589+0000][1][safepoint    ] Total time for which application threads were stopped: 0.0003061 seconds, Stopping threads took: 0.0002709 seconds
[2019-06-24T09:22:22.590+0000][1][safepoint    ] Application time: 0.0001347 seconds
[2019-06-24T09:22:22.590+0000][1][safepoint    ] Entering safepoint region: RevokeBias
[2019-06-24T09:22:22.590+0000][1][safepoint    ] Leaving safepoint region
[2019-06-24T09:22:22.590+0000][1][safepoint    ] Total time for which application threads were stopped: 0.0001300 seconds, Stopping threads took: 0.0000947 seconds
[2019-06-24T09:22:22.590+0000][1][safepoint    ] Application time: 0.0001010 seconds
[2019-06-24T09:22:22.590+0000][1][safepoint    ] Entering safepoint region: RevokeBias
[2019-06-24T09:22:22.590+0000][1][safepoint    ] Leaving safepoint region
[2019-06-24T09:22:22.590+0000][1][safepoint    ] Total time for which application threads were stopped: 0.0001275 seconds, Stopping threads took: 0.0000905 seconds
[2019-06-24T09:22:22.590+0000][1][safepoint    ] Application time: 0.0000783 seconds
[2019-06-24T09:22:22.590+0000][1][safepoint    ] Entering safepoint region: RevokeBias
[2019-06-24T09:22:22.590+0000][1][safepoint    ] Leaving safepoint region
[2019-06-24T09:22:22.590+0000][1][safepoint    ] Total time for which application threads were stopped: 0.0000996 seconds, Stopping threads took: 0.0000698 seconds
[2019-06-24T09:22:22.590+0000][1][safepoint    ] Application time: 0.0001032 seconds
[2019-06-24T09:22:22.590+0000][1][safepoint    ] Entering safepoint region: RevokeBias
[2019-06-24T09:22:22.590+0000][1][safepoint    ] Leaving safepoint region
[2019-06-24T09:22:22.590+0000][1][safepoint    ] Total time for which application threads were stopped: 0.0000763 seconds, Stopping threads took: 0.0000471 seconds
[2019-06-24T09:22:22.590+0000][1][safepoint    ] Application time: 0.0000390 seconds
[2019-06-24T09:22:22.590+0000][1][safepoint    ] Entering safepoint region: RevokeBias
[2019-06-24T09:22:22.591+0000][1][safepoint    ] Leaving safepoint region
[2019-06-24T09:22:22.591+0000][1][safepoint    ] Total time for which application threads were stopped: 0.0001058 seconds, Stopping threads took: 0.0000712 seconds
[2019-06-24T09:22:22.591+0000][1][safepoint    ] Application time: 0.0001000 seconds
[2019-06-24T09:22:22.591+0000][1][safepoint    ] Entering safepoint region: RevokeBias
[2019-06-24T09:22:22.591+0000][1][safepoint    ] Leaving safepoint region
[2019-06-24T09:22:22.591+0000][1][safepoint    ] Total time for which application threads were stopped: 0.0001017 seconds, Stopping threads took: 0.0000713 seconds
[2019-06-24T09:22:22.591+0000][1][safepoint    ] Application time: 0.0001123 seconds
[2019-06-24T09:22:22.591+0000][1][safepoint    ] Entering safepoint region: RevokeBias
[2019-06-24T09:22:22.591+0000][1][safepoint    ] Leaving safepoint region
[2019-06-24T09:22:22.591+0000][1][safepoint    ] Total time for which application threads were stopped: 0.0000672 seconds, Stopping threads took: 0.0000391 seconds
[2019-06-24T09:22:22.591+0000][1][safepoint    ] Application time: 0.0001050 seconds
[2019-06-24T09:22:22.591+0000][1][safepoint    ] Entering safepoint region: RevokeBias
[2019-06-24T09:22:22.591+0000][1][safepoint    ] Leaving safepoint region
[2019-06-24T09:22:22.591+0000][1][safepoint    ] Total time for which application threads were stopped: 0.0001699 seconds, Stopping threads took: 0.0001321 seconds
[2019-06-24T09:22:22.591+0000][1][safepoint    ] Application time: 0.0000974 seconds
[2019-06-24T09:22:22.591+0000][1][safepoint    ] Entering safepoint region: RevokeBias
[2019-06-24T09:22:22.591+0000][1][safepoint    ] Leaving safepoint region
[2019-06-24T09:22:22.591+0000][1][safepoint    ] Total time for which application threads were stopped: 0.0000814 seconds, Stopping threads took: 0.0000511 seconds
[2019-06-24T09:22:22.592+0000][1][safepoint    ] Application time: 0.0001892 seconds
[2019-06-24T09:22:22.592+0000][1][safepoint    ] Entering safepoint region: RevokeBias
[2019-06-24T09:22:22.592+0000][1][safepoint    ] Leaving safepoint region
[2019-06-24T09:22:22.592+0000][1][safepoint    ] Total time for which application threads were stopped: 0.0000551 seconds, Stopping threads took: 0.0000123 seconds
[2019-06-24T09:22:22.592+0000][1][safepoint    ] Application time: 0.0000962 seconds
[2019-06-24T09:22:22.592+0000][1][safepoint    ] Entering safepoint region: RevokeBias
[2019-06-24T09:22:22.592+0000][1][safepoint    ] Leaving safepoint region
[2019-06-24T09:22:22.592+0000][1][safepoint    ] Total time for which application threads were stopped: 0.0000971 seconds, Stopping threads took: 0.0000396 seconds
[2019-06-24T09:22:22.592+0000][1][safepoint    ] Application time: 0.0000810 seconds
[2019-06-24T09:22:22.592+0000][1][safepoint    ] Entering safepoint region: RevokeBias
[2019-06-24T09:22:22.592+0000][1][safepoint    ] Leaving safepoint region
[2019-06-24T09:22:22.592+0000][1][safepoint    ] Total time for which application threads were stopped: 0.0000740 seconds, Stopping threads took: 0.0000378 seconds
[2019-06-24T09:22:22.592+0000][1][safepoint    ] Application time: 0.0000435 seconds
[2019-06-24T09:22:22.592+0000][1][safepoint    ] Entering safepoint region: RevokeBias
[2019-06-24T09:22:22.592+0000][1][safepoint    ] Leaving safepoint region
[2019-06-24T09:22:22.592+0000][1][safepoint    ] Total time for which application threads were stopped: 0.0000917 seconds, Stopping threads took: 0.0000363 seconds
[2019-06-24T09:22:22.592+0000][1][safepoint    ] Application time: 0.0000350 seconds
[2019-06-24T09:22:22.592+0000][1][safepoint    ] Entering safepoint region: RevokeBias
[2019-06-24T09:22:22.592+0000][1][safepoint    ] Leaving safepoint region
[2019-06-24T09:22:22.592+0000][1][safepoint    ] Total time for which application threads were stopped: 0.0000557 seconds, Stopping threads took: 0.0000069 seconds
[2019-06-24T09:22:22.592+0000][1][safepoint    ] Application time: 0.0001070 seconds
[2019-06-24T09:22:22.593+0000][1][safepoint    ] Entering safepoint region: RevokeBias
[2019-06-24T09:22:22.593+0000][1][safepoint    ] Leaving safepoint region
[2019-06-24T09:22:22.593+0000][1][safepoint    ] Total time for which application threads were stopped: 0.0001004 seconds, Stopping threads took: 0.0000665 seconds
[2019-06-24T09:22:22.593+0000][1][safepoint    ] Application time: 0.0000743 seconds
[2019-06-24T09:22:22.593+0000][1][safepoint    ] Entering safepoint region: RevokeBias
[2019-06-24T09:22:22.593+0000][1][safepoint    ] Leaving safepoint region
[2019-06-24T09:22:22.593+0000][1][safepoint    ] Total time for which application threads were stopped: 0.0000707 seconds, Stopping threads took: 0.0000383 seconds
[2019-06-24T09:22:22.593+0000][1][safepoint    ] Application time: 0.0000926 seconds
[2019-06-24T09:22:22.593+0000][1][safepoint    ] Entering safepoint region: RevokeBias
[2019-06-24T09:22:22.593+0000][1][safepoint    ] Leaving safepoint region
[2019-06-24T09:22:22.593+0000][1][safepoint    ] Total time for which application threads were stopped: 0.0000797 seconds, Stopping threads took: 0.0000506 seconds
[2019-06-24T09:22:22.593+0000][1][safepoint    ] Application time: 0.0000731 seconds
[2019-06-24T09:22:22.593+0000][1][safepoint    ] Entering safepoint region: RevokeBias
[2019-06-24T09:22:22.593+0000][1][safepoint    ] Leaving safepoint region
[2019-06-24T09:22:22.593+0000][1][safepoint    ] Total time for which application threads were stopped: 0.0000728 seconds, Stopping threads took: 0.0000435 seconds
[2019-06-24T09:22:22.691+0000][1][safepoint    ] Application time: 0.0980859 seconds
[2019-06-24T09:22:22.691+0000][1][safepoint    ] Entering safepoint region: GenCollectForAllocation
[2019-06-24T09:22:22.691+0000][1][gc,start     ] GC(4) Pause Young (Allocation Failure)
[2019-06-24T09:22:22.691+0000][1][gc,task      ] GC(4) Using 5 workers of 8 for evacuation
[2019-06-24T09:22:22.696+0000][1][gc,age       ] GC(4) Desired survivor size 4456448 bytes, new threshold 2 (max threshold 6)
[2019-06-24T09:22:22.696+0000][1][gc,age       ] GC(4) Age table with threshold 2 (max threshold 6)
[2019-06-24T09:22:22.696+0000][1][gc,age       ] GC(4) - age   1:    1658928 bytes,    1658928 total
[2019-06-24T09:22:22.696+0000][1][gc,age       ] GC(4) - age   2:    3305528 bytes,    4964456 total
[2019-06-24T09:22:22.696+0000][1][gc,age       ] GC(4) - age   3:     318408 bytes,    5282864 total
[2019-06-24T09:22:22.696+0000][1][gc,heap      ] GC(4) ParNew: 76189K->7920K(78656K)
[2019-06-24T09:22:22.696+0000][1][gc,heap      ] GC(4) CMS: 6673K->7866K(174784K)
[2019-06-24T09:22:22.696+0000][1][gc,metaspace ] GC(4) Metaspace: 18569K->18569K(1067008K)
[2019-06-24T09:22:22.696+0000][1][gc           ] GC(4) Pause Young (Allocation Failure) 80M->15M(247M) 4.704ms
[2019-06-24T09:22:22.696+0000][1][gc,cpu       ] GC(4) User=0.03s Sys=0.00s Real=0.01s
[2019-06-24T09:22:22.696+0000][1][safepoint    ] Leaving safepoint region
[2019-06-24T09:22:22.696+0000][1][safepoint    ] Total time for which application threads were stopped: 0.0048874 seconds, Stopping threads took: 0.0000198 seconds
[2019-06-24T09:22:22.696+0000][1][safepoint    ] Application time: 0.0001287 seconds
[2019-06-24T09:22:22.696+0000][1][safepoint    ] Entering safepoint region: RevokeBias
[2019-06-24T09:22:22.696+0000][1][safepoint    ] Leaving safepoint region
[2019-06-24T09:22:22.696+0000][1][safepoint    ] Total time for which application threads were stopped: 0.0001491 seconds, Stopping threads took: 0.0000417 seconds
[2019-06-24T09:22:22.696+0000][1][safepoint    ] Application time: 0.0000483 seconds
[2019-06-24T09:22:22.696+0000][1][safepoint    ] Entering safepoint region: RevokeBias
[2019-06-24T09:22:22.697+0000][1][safepoint    ] Leaving safepoint region
[2019-06-24T09:22:22.697+0000][1][safepoint    ] Total time for which application threads were stopped: 0.0000757 seconds, Stopping threads took: 0.0000272 seconds
[2019-06-24T09:22:22.697+0000][1][safepoint    ] Application time: 0.0000523 seconds
[2019-06-24T09:22:22.697+0000][1][safepoint    ] Entering safepoint region: RevokeBias
[2019-06-24T09:22:22.697+0000][1][safepoint    ] Leaving safepoint region
[2019-06-24T09:22:22.697+0000][1][safepoint    ] Total time for which application threads were stopped: 0.0000510 seconds, Stopping threads took: 0.0000094 seconds
[2019-06-24T09:22:22.697+0000][1][safepoint    ] Application time: 0.0000402 seconds
[2019-06-24T09:22:22.697+0000][1][safepoint    ] Entering safepoint region: RevokeBias
[2019-06-24T09:22:22.697+0000][1][safepoint    ] Leaving safepoint region
[2019-06-24T09:22:22.697+0000][1][safepoint    ] Total time for which application threads were stopped: 0.0000467 seconds, Stopping threads took: 0.0000091 seconds
[2019-06-24T09:22:22.713+0000][1][safepoint    ] Application time: 0.0164705 seconds
[2019-06-24T09:22:22.713+0000][1][safepoint    ] Entering safepoint region: Deoptimize
[2019-06-24T09:22:22.714+0000][1][safepoint    ] Leaving safepoint region
[2019-06-24T09:22:22.714+0000][1][safepoint    ] Total time for which application threads were stopped: 0.0004180 seconds, Stopping threads took: 0.0000158 seconds
[2019-06-24T09:22:22.753+0000][1][safepoint    ] Application time: 0.0397552 seconds
[2019-06-24T09:22:22.754+0000][1][safepoint    ] Entering safepoint region: Deoptimize
[2019-06-24T09:22:22.754+0000][1][safepoint    ] Leaving safepoint region
[2019-06-24T09:22:22.754+0000][1][safepoint    ] Total time for which application threads were stopped: 0.0002876 seconds, Stopping threads took: 0.0000158 seconds
[2019-06-24T09:22:22.758+0000][1][safepoint    ] Application time: 0.0038589 seconds
[2019-06-24T09:22:22.758+0000][1][safepoint    ] Entering safepoint region: RevokeBias
[2019-06-24T09:22:22.758+0000][1][safepoint    ] Leaving safepoint region
[2019-06-24T09:22:22.758+0000][1][safepoint    ] Total time for which application threads were stopped: 0.0000957 seconds, Stopping threads took: 0.0000342 seconds
[2019-06-24T09:22:22.803+0000][1][safepoint    ] Application time: 0.0450630 seconds
[2019-06-24T09:22:22.803+0000][1][safepoint    ] Entering safepoint region: RevokeBias
[2019-06-24T09:22:22.803+0000][1][safepoint    ] Leaving safepoint region
[2019-06-24T09:22:22.803+0000][1][safepoint    ] Total time for which application threads were stopped: 0.0000828 seconds, Stopping threads took: 0.0000165 seconds
[2019-06-24T09:22:22.804+0000][1][safepoint    ] Application time: 0.0006508 seconds
[2019-06-24T09:22:22.804+0000][1][safepoint    ] Entering safepoint region: RevokeBias
[2019-06-24T09:22:22.804+0000][1][safepoint    ] Leaving safepoint region
[2019-06-24T09:22:22.804+0000][1][safepoint    ] Total time for which application threads were stopped: 0.0000658 seconds, Stopping threads took: 0.0000227 seconds
[2019-06-24T09:22:22.804+0000][1][safepoint    ] Application time: 0.0005348 seconds
[2019-06-24T09:22:22.804+0000][1][safepoint    ] Entering safepoint region: RevokeBias
[2019-06-24T09:22:22.804+0000][1][safepoint    ] Leaving safepoint region
[2019-06-24T09:22:22.804+0000][1][safepoint    ] Total time for which application threads were stopped: 0.0000518 seconds, Stopping threads took: 0.0000119 seconds
[2019-06-24T09:22:22.842+0000][1][safepoint    ] Application time: 0.0372028 seconds
[2019-06-24T09:22:22.842+0000][1][safepoint    ] Entering safepoint region: GenCollectForAllocation
[2019-06-24T09:22:22.842+0000][1][gc,start     ] GC(5) Pause Young (Allocation Failure)
[2019-06-24T09:22:22.842+0000][1][gc,task      ] GC(5) Using 5 workers of 8 for evacuation
[2019-06-24T09:22:22.846+0000][1][gc,age       ] GC(5) Desired survivor size 4456448 bytes, new threshold 6 (max threshold 6)
[2019-06-24T09:22:22.846+0000][1][gc,age       ] GC(5) Age table with threshold 6 (max threshold 6)
[2019-06-24T09:22:22.846+0000][1][gc,age       ] GC(5) - age   1:    2660120 bytes,    2660120 total
[2019-06-24T09:22:22.846+0000][1][gc,age       ] GC(5) - age   2:     446112 bytes,    3106232 total
[2019-06-24T09:22:22.846+0000][1][gc,heap      ] GC(5) ParNew: 77872K->5963K(78656K)
[2019-06-24T09:22:22.846+0000][1][gc,heap      ] GC(5) CMS: 7866K->11437K(174784K)
[2019-06-24T09:22:22.846+0000][1][gc,metaspace ] GC(5) Metaspace: 18925K->18925K(1067008K)
[2019-06-24T09:22:22.846+0000][1][gc           ] GC(5) Pause Young (Allocation Failure) 83M->16M(247M) 4.387ms
[2019-06-24T09:22:22.846+0000][1][gc,cpu       ] GC(5) User=0.03s Sys=0.00s Real=0.01s
[2019-06-24T09:22:22.846+0000][1][safepoint    ] Leaving safepoint region
[2019-06-24T09:22:22.846+0000][1][safepoint    ] Total time for which application threads were stopped: 0.0045010 seconds, Stopping threads took: 0.0000153 seconds
[2019-06-24T09:22:22.846+0000][1][safepoint    ] Application time: 0.0001933 seconds
[2019-06-24T09:22:22.846+0000][1][safepoint    ] Entering safepoint region: RevokeBias
[2019-06-24T09:22:22.846+0000][1][safepoint    ] Leaving safepoint region
[2019-06-24T09:22:22.846+0000][1][safepoint    ] Total time for which application threads were stopped: 0.0001021 seconds, Stopping threads took: 0.0000389 seconds
[2019-06-24T09:22:22.847+0000][1][safepoint    ] Application time: 0.0000763 seconds
[2019-06-24T09:22:22.847+0000][1][safepoint    ] Entering safepoint region: RevokeBias
[2019-06-24T09:22:22.847+0000][1][safepoint    ] Leaving safepoint region
[2019-06-24T09:22:22.847+0000][1][safepoint    ] Total time for which application threads were stopped: 0.0001297 seconds, Stopping threads took: 0.0000890 seconds
[2019-06-24T09:22:22.847+0000][1][safepoint    ] Application time: 0.0000432 seconds
[2019-06-24T09:22:22.847+0000][1][safepoint    ] Entering safepoint region: RevokeBias
[2019-06-24T09:22:22.847+0000][1][safepoint    ] Leaving safepoint region
[2019-06-24T09:22:22.847+0000][1][safepoint    ] Total time for which application threads were stopped: 0.0000421 seconds, Stopping threads took: 0.0000089 seconds
[2019-06-24T09:22:22.847+0000][1][safepoint    ] Application time: 0.0000348 seconds
[2019-06-24T09:22:22.847+0000][1][safepoint    ] Entering safepoint region: RevokeBias
[2019-06-24T09:22:22.847+0000][1][safepoint    ] Leaving safepoint region
[2019-06-24T09:22:22.847+0000][1][safepoint    ] Total time for which application threads were stopped: 0.0000418 seconds, Stopping threads took: 0.0000090 seconds
[2019-06-24T09:22:22.847+0000][1][safepoint    ] Application time: 0.0000439 seconds
[2019-06-24T09:22:22.847+0000][1][safepoint    ] Entering safepoint region: RevokeBias
[2019-06-24T09:22:22.847+0000][1][safepoint    ] Leaving safepoint region
[2019-06-24T09:22:22.847+0000][1][safepoint    ] Total time for which application threads were stopped: 0.0000399 seconds, Stopping threads took: 0.0000083 seconds
[2019-06-24T09:22:22.847+0000][1][safepoint    ] Application time: 0.0000343 seconds
[2019-06-24T09:22:22.847+0000][1][safepoint    ] Entering safepoint region: RevokeBias
[2019-06-24T09:22:22.847+0000][1][safepoint    ] Leaving safepoint region
[2019-06-24T09:22:22.847+0000][1][safepoint    ] Total time for which application threads were stopped: 0.0000402 seconds, Stopping threads took: 0.0000089 seconds
[2019-06-24T09:22:22.950+0000][1][safepoint    ] Application time: 0.1024893 seconds
[2019-06-24T09:22:22.950+0000][1][safepoint    ] Entering safepoint region: GenCollectForAllocation
[2019-06-24T09:22:22.950+0000][1][gc,start     ] GC(6) Pause Young (Allocation Failure)
[2019-06-24T09:22:22.950+0000][1][gc,task      ] GC(6) Using 5 workers of 8 for evacuation
[2019-06-24T09:22:22.952+0000][1][gc,age       ] GC(6) Desired survivor size 4456448 bytes, new threshold 6 (max threshold 6)
[2019-06-24T09:22:22.952+0000][1][gc,age       ] GC(6) Age table with threshold 6 (max threshold 6)
[2019-06-24T09:22:22.952+0000][1][gc,age       ] GC(6) - age   1:    1693672 bytes,    1693672 total
[2019-06-24T09:22:22.952+0000][1][gc,age       ] GC(6) - age   2:    2196344 bytes,    3890016 total
[2019-06-24T09:22:22.952+0000][1][gc,age       ] GC(6) - age   3:     446112 bytes,    4336128 total
[2019-06-24T09:22:22.952+0000][1][gc,heap      ] GC(6) ParNew: 75915K->5277K(78656K)
[2019-06-24T09:22:22.952+0000][1][gc,heap      ] GC(6) CMS: 11437K->11437K(174784K)
[2019-06-24T09:22:22.952+0000][1][gc,metaspace ] GC(6) Metaspace: 19230K->19230K(1067008K)
[2019-06-24T09:22:22.952+0000][1][gc           ] GC(6) Pause Young (Allocation Failure) 85M->16M(247M) 2.498ms
[2019-06-24T09:22:22.952+0000][1][gc,cpu       ] GC(6) User=0.01s Sys=0.00s Real=0.00s
[2019-06-24T09:22:22.952+0000][1][safepoint    ] Leaving safepoint region
[2019-06-24T09:22:22.952+0000][1][safepoint    ] Total time for which application threads were stopped: 0.0026472 seconds, Stopping threads took: 0.0000196 seconds
[2019-06-24T09:22:22.952+0000][1][safepoint    ] Application time: 0.0001023 seconds
[2019-06-24T09:22:22.953+0000][1][safepoint    ] Entering safepoint region: RevokeBias
[2019-06-24T09:22:22.953+0000][1][safepoint    ] Leaving safepoint region
[2019-06-24T09:22:22.953+0000][1][safepoint    ] Total time for which application threads were stopped: 0.0001653 seconds, Stopping threads took: 0.0001176 seconds
[2019-06-24T09:22:22.953+0000][1][safepoint    ] Application time: 0.0000670 seconds
[2019-06-24T09:22:22.953+0000][1][safepoint    ] Entering safepoint region: BulkRevokeBias
[2019-06-24T09:22:22.953+0000][1][safepoint    ] Leaving safepoint region
[2019-06-24T09:22:22.953+0000][1][safepoint    ] Total time for which application threads were stopped: 0.0000743 seconds, Stopping threads took: 0.0000105 seconds
[2019-06-24T09:22:22.953+0000][1][safepoint    ] Application time: 0.0001133 seconds
[2019-06-24T09:22:22.953+0000][1][safepoint    ] Entering safepoint region: BulkRevokeBias
[2019-06-24T09:22:22.953+0000][1][safepoint    ] Leaving safepoint region
[2019-06-24T09:22:22.953+0000][1][safepoint    ] Total time for which application threads were stopped: 0.0001483 seconds, Stopping threads took: 0.0000841 seconds
[2019-06-24T09:22:23.085+0000][1][safepoint    ] Application time: 0.1316623 seconds
[2019-06-24T09:22:23.085+0000][1][safepoint    ] Entering safepoint region: GenCollectForAllocation
[2019-06-24T09:22:23.085+0000][1][gc,start     ] GC(7) Pause Young (Allocation Failure)
[2019-06-24T09:22:23.085+0000][1][gc,task      ] GC(7) Using 5 workers of 8 for evacuation
[2019-06-24T09:22:23.087+0000][1][gc,age       ] GC(7) Desired survivor size 4456448 bytes, new threshold 6 (max threshold 6)
[2019-06-24T09:22:23.087+0000][1][gc,age       ] GC(7) Age table with threshold 6 (max threshold 6)
[2019-06-24T09:22:23.087+0000][1][gc,age       ] GC(7) - age   1:     575496 bytes,     575496 total
[2019-06-24T09:22:23.087+0000][1][gc,age       ] GC(7) - age   2:    1130064 bytes,    1705560 total
[2019-06-24T09:22:23.087+0000][1][gc,age       ] GC(7) - age   3:    2194288 bytes,    3899848 total
[2019-06-24T09:22:23.087+0000][1][gc,age       ] GC(7) - age   4:     446112 bytes,    4345960 total
[2019-06-24T09:22:23.087+0000][1][gc,heap      ] GC(7) ParNew: 75229K->5649K(78656K)
[2019-06-24T09:22:23.087+0000][1][gc,heap      ] GC(7) CMS: 11437K->11437K(174784K)
[2019-06-24T09:22:23.087+0000][1][gc,metaspace ] GC(7) Metaspace: 19994K->19994K(1067008K)
[2019-06-24T09:22:23.087+0000][1][gc           ] GC(7) Pause Young (Allocation Failure) 84M->16M(247M) 2.454ms
[2019-06-24T09:22:23.087+0000][1][gc,cpu       ] GC(7) User=0.02s Sys=0.00s Real=0.00s
[2019-06-24T09:22:23.087+0000][1][safepoint    ] Leaving safepoint region
[2019-06-24T09:22:23.087+0000][1][safepoint    ] Total time for which application threads were stopped: 0.0026052 seconds, Stopping threads took: 0.0000286 seconds
[2019-06-24T09:22:23.102+0000][1][safepoint    ] Application time: 0.0143683 seconds
[2019-06-24T09:22:23.102+0000][1][safepoint    ] Entering safepoint region: CollectForMetadataAllocation
[2019-06-24T09:22:23.102+0000][1][safepoint    ] Leaving safepoint region
[2019-06-24T09:22:23.102+0000][1][safepoint    ] Total time for which application threads were stopped: 0.0001824 seconds, Stopping threads took: 0.0000103 seconds
[2019-06-24T09:22:23.200+0000][1][safepoint    ] Application time: 0.0981010 seconds
[2019-06-24T09:22:23.200+0000][1][safepoint    ] Entering safepoint region: GenCollectForAllocation
[2019-06-24T09:22:23.200+0000][1][gc,start     ] GC(8) Pause Young (Allocation Failure)
[2019-06-24T09:22:23.200+0000][1][gc,task      ] GC(8) Using 5 workers of 8 for evacuation
[2019-06-24T09:22:23.203+0000][1][gc,age       ] GC(8) Desired survivor size 4456448 bytes, new threshold 4 (max threshold 6)
[2019-06-24T09:22:23.203+0000][1][gc,age       ] GC(8) Age table with threshold 4 (max threshold 6)
[2019-06-24T09:22:23.203+0000][1][gc,age       ] GC(8) - age   1:    1006288 bytes,    1006288 total
[2019-06-24T09:22:23.203+0000][1][gc,age       ] GC(8) - age   2:     554456 bytes,    1560744 total
[2019-06-24T09:22:23.203+0000][1][gc,age       ] GC(8) - age   3:    1129968 bytes,    2690712 total
[2019-06-24T09:22:23.203+0000][1][gc,age       ] GC(8) - age   4:    2194000 bytes,    4884712 total
[2019-06-24T09:22:23.203+0000][1][gc,age       ] GC(8) - age   5:     446112 bytes,    5330824 total
[2019-06-24T09:22:23.203+0000][1][gc,heap      ] GC(8) ParNew: 75601K->7760K(78656K)
[2019-06-24T09:22:23.203+0000][1][gc,heap      ] GC(8) CMS: 11437K->11437K(174784K)
[2019-06-24T09:22:23.203+0000][1][gc,metaspace ] GC(8) Metaspace: 20282K->20282K(1069056K)
[2019-06-24T09:22:23.203+0000][1][gc           ] GC(8) Pause Young (Allocation Failure) 84M->18M(247M) 3.079ms
[2019-06-24T09:22:23.203+0000][1][gc,cpu       ] GC(8) User=0.02s Sys=0.00s Real=0.01s
[2019-06-24T09:22:23.203+0000][1][safepoint    ] Leaving safepoint region
[2019-06-24T09:22:23.203+0000][1][safepoint    ] Total time for which application threads were stopped: 0.0032372 seconds, Stopping threads took: 0.0000189 seconds
[2019-06-24T09:22:23.203+0000][1][safepoint    ] Application time: 0.0001317 seconds
[2019-06-24T09:22:23.204+0000][1][safepoint    ] Entering safepoint region: CMS_Initial_Mark
[2019-06-24T09:22:23.204+0000][1][gc,start     ] GC(9) Pause Initial Mark
[2019-06-24T09:22:23.204+0000][1][gc           ] GC(9) Pause Initial Mark 20M->20M(247M) 0.809ms
[2019-06-24T09:22:23.204+0000][1][gc,cpu       ] GC(9) User=0.01s Sys=0.00s Real=0.00s
[2019-06-24T09:22:23.204+0000][1][safepoint    ] Leaving safepoint region
[2019-06-24T09:22:23.204+0000][1][safepoint    ] Total time for which application threads were stopped: 0.0009152 seconds, Stopping threads took: 0.0000432 seconds
[2019-06-24T09:22:23.204+0000][1][gc           ] GC(9) Concurrent Mark
[2019-06-24T09:22:23.205+0000][1][gc,task      ] GC(9) Using 2 workers of 2 for marking
[2019-06-24T09:22:23.216+0000][1][gc           ] GC(9) Concurrent Mark 11.719ms
[2019-06-24T09:22:23.216+0000][1][gc,cpu       ] GC(9) User=0.07s Sys=0.00s Real=0.01s
[2019-06-24T09:22:23.216+0000][1][gc           ] GC(9) Concurrent Preclean
[2019-06-24T09:22:23.217+0000][1][gc           ] GC(9) Concurrent Preclean 0.876ms
[2019-06-24T09:22:23.217+0000][1][gc,cpu       ] GC(9) User=0.00s Sys=0.00s Real=0.00s
[2019-06-24T09:22:23.217+0000][1][gc           ] GC(9) Concurrent Abortable Preclean
[2019-06-24T09:22:23.231+0000][1][safepoint    ] Application time: 0.0269577 seconds
[2019-06-24T09:22:23.231+0000][1][safepoint    ] Entering safepoint region: CollectForMetadataAllocation
[2019-06-24T09:22:23.232+0000][1][safepoint    ] Leaving safepoint region
[2019-06-24T09:22:23.232+0000][1][safepoint    ] Total time for which application threads were stopped: 0.0001534 seconds, Stopping threads took: 0.0000166 seconds
[2019-06-24T09:22:23.280+0000][1][safepoint    ] Application time: 0.0486850 seconds
[2019-06-24T09:22:23.280+0000][1][safepoint    ] Entering safepoint region: GenCollectForAllocation
[2019-06-24T09:22:23.280+0000][1][gc,start     ] GC(10) Pause Young (Allocation Failure)
[2019-06-24T09:22:23.280+0000][1][gc,task      ] GC(10) Using 5 workers of 8 for evacuation
[2019-06-24T09:22:23.284+0000][1][gc,age       ] GC(10) Desired survivor size 4456448 bytes, new threshold 6 (max threshold 6)
[2019-06-24T09:22:23.285+0000][1][gc,age       ] GC(10) Age table with threshold 6 (max threshold 6)
[2019-06-24T09:22:23.285+0000][1][gc,age       ] GC(10) - age   1:     437648 bytes,     437648 total
[2019-06-24T09:22:23.285+0000][1][gc,age       ] GC(10) - age   2:     445232 bytes,     882880 total
[2019-06-24T09:22:23.285+0000][1][gc,age       ] GC(10) - age   3:     554336 bytes,    1437216 total
[2019-06-24T09:22:23.285+0000][1][gc,age       ] GC(10) - age   4:    1129968 bytes,    2567184 total
[2019-06-24T09:22:23.285+0000][1][gc,heap      ] GC(10) ParNew: 77712K->5300K(78656K)
[2019-06-24T09:22:23.285+0000][1][gc,heap      ] GC(10) CMS: 11437K->14033K(174784K)
[2019-06-24T09:22:23.285+0000][1][gc,metaspace ] GC(10) Metaspace: 20392K->20392K(1069056K)
[2019-06-24T09:22:23.285+0000][1][gc           ] GC(10) Pause Young (Allocation Failure) 87M->18M(247M) 4.228ms
[2019-06-24T09:22:23.285+0000][1][gc,cpu       ] GC(10) User=0.03s Sys=0.00s Real=0.01s
[2019-06-24T09:22:23.285+0000][1][safepoint    ] Leaving safepoint region
[2019-06-24T09:22:23.285+0000][1][safepoint    ] Total time for which application threads were stopped: 0.0043497 seconds, Stopping threads took: 0.0000160 seconds
[2019-06-24T09:22:23.361+0000][1][safepoint    ] Application time: 0.0764276 seconds
[2019-06-24T09:22:23.361+0000][1][safepoint    ] Entering safepoint region: GenCollectForAllocation
[2019-06-24T09:22:23.361+0000][1][gc,start     ] GC(11) Pause Young (Allocation Failure)
[2019-06-24T09:22:23.361+0000][1][gc,task      ] GC(11) Using 5 workers of 8 for evacuation
[2019-06-24T09:22:23.364+0000][1][gc,age       ] GC(11) Desired survivor size 4456448 bytes, new threshold 6 (max threshold 6)
[2019-06-24T09:22:23.364+0000][1][gc,age       ] GC(11) Age table with threshold 6 (max threshold 6)
[2019-06-24T09:22:23.364+0000][1][gc,age       ] GC(11) - age   1:    1979536 bytes,    1979536 total
[2019-06-24T09:22:23.364+0000][1][gc,age       ] GC(11) - age   2:      99256 bytes,    2078792 total
[2019-06-24T09:22:23.364+0000][1][gc,age       ] GC(11) - age   3:     445232 bytes,    2524024 total
[2019-06-24T09:22:23.364+0000][1][gc,age       ] GC(11) - age   4:     554184 bytes,    3078208 total
[2019-06-24T09:22:23.364+0000][1][gc,age       ] GC(11) - age   5:    1129680 bytes,    4207888 total
[2019-06-24T09:22:23.364+0000][1][gc,heap      ] GC(11) ParNew: 75252K->5160K(78656K)
[2019-06-24T09:22:23.364+0000][1][gc,heap      ] GC(11) CMS: 14033K->14033K(174784K)
[2019-06-24T09:22:23.364+0000][1][gc,metaspace ] GC(11) Metaspace: 20478K->20478K(1069056K)
[2019-06-24T09:22:23.364+0000][1][gc           ] GC(11) Pause Young (Allocation Failure) 87M->18M(247M) 2.924ms
[2019-06-24T09:22:23.364+0000][1][gc,cpu       ] GC(11) User=0.02s Sys=0.00s Real=0.01s
[2019-06-24T09:22:23.364+0000][1][safepoint    ] Leaving safepoint region
[2019-06-24T09:22:23.364+0000][1][safepoint    ] Total time for which application threads were stopped: 0.0030864 seconds, Stopping threads took: 0.0000170 seconds
[2019-06-24T09:22:23.401+0000][1][safepoint    ] Application time: 0.0372585 seconds
[2019-06-24T09:22:23.401+0000][1][safepoint    ] Entering safepoint region: CollectForMetadataAllocation
[2019-06-24T09:22:23.402+0000][1][safepoint    ] Leaving safepoint region
[2019-06-24T09:22:23.402+0000][1][safepoint    ] Total time for which application threads were stopped: 0.0001824 seconds, Stopping threads took: 0.0000158 seconds
[2019-06-24T09:22:23.402+0000][1][gc           ] GC(9) Concurrent Abortable Preclean 184.960ms
[2019-06-24T09:22:23.402+0000][1][gc,cpu       ] GC(9) User=0.83s Sys=0.02s Real=0.18s
[2019-06-24T09:22:23.402+0000][1][safepoint    ] Application time: 0.0004962 seconds
[2019-06-24T09:22:23.402+0000][1][safepoint    ] Entering safepoint region: CMS_Final_Remark
[2019-06-24T09:22:23.402+0000][1][gc,start     ] GC(9) Pause Remark
[2019-06-24T09:22:23.413+0000][1][gc           ] GC(9) Pause Remark 54M->54M(247M) 10.762ms
[2019-06-24T09:22:23.413+0000][1][gc,cpu       ] GC(9) User=0.05s Sys=0.00s Real=0.01s
[2019-06-24T09:22:23.413+0000][1][safepoint    ] Leaving safepoint region
[2019-06-24T09:22:23.413+0000][1][safepoint    ] Total time for which application threads were stopped: 0.0109093 seconds, Stopping threads took: 0.0000390 seconds
[2019-06-24T09:22:23.413+0000][1][gc           ] GC(9) Concurrent Sweep
[2019-06-24T09:22:23.419+0000][1][gc           ] GC(9) Concurrent Sweep 6.041ms
[2019-06-24T09:22:23.419+0000][1][gc,cpu       ] GC(9) User=0.02s Sys=0.00s Real=0.01s
[2019-06-24T09:22:23.419+0000][1][gc           ] GC(9) Concurrent Reset
[2019-06-24T09:22:23.420+0000][1][gc           ] GC(9) Concurrent Reset 0.392ms
[2019-06-24T09:22:23.420+0000][1][gc,cpu       ] GC(9) User=0.00s Sys=0.00s Real=0.00s
[2019-06-24T09:22:23.420+0000][1][gc,heap      ] GC(9) Old: 11437K->14007K(174784K)
[2019-06-24T09:22:23.423+0000][1][safepoint    ] Application time: 0.0094243 seconds
[2019-06-24T09:22:23.423+0000][1][safepoint    ] Entering safepoint region: Deoptimize
[2019-06-24T09:22:23.423+0000][1][safepoint    ] Leaving safepoint region
[2019-06-24T09:22:23.423+0000][1][safepoint    ] Total time for which application threads were stopped: 0.0006968 seconds, Stopping threads took: 0.0000121 seconds
[2019-06-24T09:22:23.434+0000][1][safepoint    ] Application time: 0.0106936 seconds
[2019-06-24T09:22:23.434+0000][1][safepoint    ] Entering safepoint region: RevokeBias
[2019-06-24T09:22:23.434+0000][1][safepoint    ] Leaving safepoint region
[2019-06-24T09:22:23.434+0000][1][safepoint    ] Total time for which application threads were stopped: 0.0000586 seconds, Stopping threads took: 0.0000107 seconds
[2019-06-24T09:22:23.760+0000][1][safepoint    ] Application time: 0.3263398 seconds
[2019-06-24T09:22:23.760+0000][1][safepoint    ] Entering safepoint region: Deoptimize
[2019-06-24T09:22:23.761+0000][1][safepoint    ] Leaving safepoint region
[2019-06-24T09:22:23.761+0000][1][safepoint    ] Total time for which application threads were stopped: 0.0004100 seconds, Stopping threads took: 0.0000130 seconds
[2019-06-24T09:22:23.770+0000][1][safepoint    ] Application time: 0.0094575 seconds
[2019-06-24T09:22:23.770+0000][1][safepoint    ] Entering safepoint region: Deoptimize
[2019-06-24T09:22:23.771+0000][1][safepoint    ] Leaving safepoint region
[2019-06-24T09:22:23.771+0000][1][safepoint    ] Total time for which application threads were stopped: 0.0003824 seconds, Stopping threads took: 0.0000147 seconds
[2019-06-24T09:22:23.774+0000][1][safepoint    ] Application time: 0.0036835 seconds
[2019-06-24T09:22:23.775+0000][1][safepoint    ] Entering safepoint region: Deoptimize
[2019-06-24T09:22:23.775+0000][1][safepoint    ] Leaving safepoint region
[2019-06-24T09:22:23.775+0000][1][safepoint    ] Total time for which application threads were stopped: 0.0003443 seconds, Stopping threads took: 0.0000146 seconds
[2019-06-24T09:22:23.914+0000][1][safepoint    ] Application time: 0.1393969 seconds
[2019-06-24T09:22:23.914+0000][1][safepoint    ] Entering safepoint region: GenCollectForAllocation
[2019-06-24T09:22:23.914+0000][1][gc,start     ] GC(12) Pause Young (Allocation Failure)
[2019-06-24T09:22:23.914+0000][1][gc,task      ] GC(12) Using 5 workers of 8 for evacuation
[2019-06-24T09:22:23.922+0000][1][gc,age       ] GC(12) Desired survivor size 4456448 bytes, new threshold 2 (max threshold 6)
[2019-06-24T09:22:23.922+0000][1][gc,age       ] GC(12) Age table with threshold 2 (max threshold 6)
[2019-06-24T09:22:23.922+0000][1][gc,age       ] GC(12) - age   1:    4120952 bytes,    4120952 total
[2019-06-24T09:22:23.922+0000][1][gc,age       ] GC(12) - age   2:     344776 bytes,    4465728 total
[2019-06-24T09:22:23.922+0000][1][gc,age       ] GC(12) - age   3:      98992 bytes,    4564720 total
[2019-06-24T09:22:23.922+0000][1][gc,age       ] GC(12) - age   4:     445168 bytes,    5009888 total
[2019-06-24T09:22:23.922+0000][1][gc,age       ] GC(12) - age   5:     548888 bytes,    5558776 total
[2019-06-24T09:22:23.922+0000][1][gc,age       ] GC(12) - age   6:    1129520 bytes,    6688296 total
[2019-06-24T09:22:23.922+0000][1][gc,heap      ] GC(12) ParNew: 75112K->7686K(78656K)
[2019-06-24T09:22:23.922+0000][1][gc,heap      ] GC(12) CMS: 14007K->14007K(174784K)
[2019-06-24T09:22:23.922+0000][1][gc,metaspace ] GC(12) Metaspace: 26400K->26400K(1073152K)
[2019-06-24T09:22:23.922+0000][1][gc           ] GC(12) Pause Young (Allocation Failure) 87M->21M(247M) 7.319ms
[2019-06-24T09:22:23.922+0000][1][gc,cpu       ] GC(12) User=0.05s Sys=0.00s Real=0.01s
[2019-06-24T09:22:23.922+0000][1][safepoint    ] Leaving safepoint region
[2019-06-24T09:22:23.922+0000][1][safepoint    ] Total time for which application threads were stopped: 0.0074750 seconds, Stopping threads took: 0.0000182 seconds
[2019-06-24T09:22:24.543+0000][1][safepoint    ] Application time: 0.6212713 seconds
[2019-06-24T09:22:24.543+0000][1][safepoint    ] Entering safepoint region: GenCollectForAllocation
[2019-06-24T09:22:24.543+0000][1][gc,start     ] GC(13) Pause Young (Allocation Failure)
[2019-06-24T09:22:24.543+0000][1][gc,task      ] GC(13) Using 5 workers of 8 for evacuation
[2019-06-24T09:22:24.561+0000][1][gc,age       ] GC(13) Desired survivor size 4456448 bytes, new threshold 1 (max threshold 6)
[2019-06-24T09:22:24.561+0000][1][gc,age       ] GC(13) Age table with threshold 1 (max threshold 6)
[2019-06-24T09:22:24.561+0000][1][gc,age       ] GC(13) - age   1:    5192512 bytes,    5192512 total
[2019-06-24T09:22:24.561+0000][1][gc,age       ] GC(13) - age   2:    3719800 bytes,    8912312 total
[2019-06-24T09:22:24.561+0000][1][gc,heap      ] GC(13) ParNew: 77638K->8704K(78656K)
[2019-06-24T09:22:24.561+0000][1][gc,heap      ] GC(13) CMS: 14007K->25528K(174784K)
[2019-06-24T09:22:24.561+0000][1][gc,metaspace ] GC(13) Metaspace: 26939K->26939K(1075200K)
[2019-06-24T09:22:24.561+0000][1][gc           ] GC(13) Pause Young (Allocation Failure) 89M->33M(247M) 17.383ms
[2019-06-24T09:22:24.561+0000][1][gc,cpu       ] GC(13) User=0.11s Sys=0.00s Real=0.01s
[2019-06-24T09:22:24.561+0000][1][safepoint    ] Leaving safepoint region
[2019-06-24T09:22:24.561+0000][1][safepoint    ] Total time for which application threads were stopped: 0.0177048 seconds, Stopping threads took: 0.0000267 seconds
[2019-06-24T09:22:24.607+0000][1][safepoint    ] Application time: 0.0463216 seconds
[2019-06-24T09:22:24.607+0000][1][safepoint    ] Entering safepoint region: Deoptimize
[2019-06-24T09:22:24.608+0000][1][safepoint    ] Leaving safepoint region
[2019-06-24T09:22:24.608+0000][1][safepoint    ] Total time for which application threads were stopped: 0.0003937 seconds, Stopping threads took: 0.0000164 seconds
[2019-06-24T09:22:24.761+0000][1][safepoint    ] Application time: 0.1533655 seconds
[2019-06-24T09:22:24.761+0000][1][safepoint    ] Entering safepoint region: RevokeBias
[2019-06-24T09:22:24.761+0000][1][safepoint    ] Leaving safepoint region
[2019-06-24T09:22:24.761+0000][1][safepoint    ] Total time for which application threads were stopped: 0.0000949 seconds, Stopping threads took: 0.0000167 seconds
[2019-06-24T09:22:24.993+0000][1][safepoint    ] Application time: 0.2316599 seconds
[2019-06-24T09:22:24.993+0000][1][safepoint    ] Entering safepoint region: GenCollectForAllocation
[2019-06-24T09:22:24.993+0000][1][gc,start     ] GC(14) Pause Young (Allocation Failure)
[2019-06-24T09:22:24.993+0000][1][gc,task      ] GC(14) Using 5 workers of 8 for evacuation
[2019-06-24T09:22:25.016+0000][1][gc,age       ] GC(14) Desired survivor size 4456448 bytes, new threshold 1 (max threshold 6)
[2019-06-24T09:22:25.016+0000][1][gc,age       ] GC(14) Age table with threshold 1 (max threshold 6)
[2019-06-24T09:22:25.016+0000][1][gc,age       ] GC(14) - age   1:    8912760 bytes,    8912760 total
[2019-06-24T09:22:25.016+0000][1][gc,heap      ] GC(14) ParNew: 78656K->8704K(78656K)
[2019-06-24T09:22:25.016+0000][1][gc,heap      ] GC(14) CMS: 25528K->39316K(174784K)
[2019-06-24T09:22:25.016+0000][1][gc,metaspace ] GC(14) Metaspace: 27083K->27083K(1075200K)
[2019-06-24T09:22:25.016+0000][1][gc           ] GC(14) Pause Young (Allocation Failure) 101M->46M(247M) 23.235ms
[2019-06-24T09:22:25.016+0000][1][gc,cpu       ] GC(14) User=0.14s Sys=0.00s Real=0.03s
[2019-06-24T09:22:25.016+0000][1][safepoint    ] Leaving safepoint region
[2019-06-24T09:22:25.016+0000][1][safepoint    ] Total time for which application threads were stopped: 0.0233575 seconds, Stopping threads took: 0.0000171 seconds
[2019-06-24T09:22:25.230+0000][1][safepoint    ] Application time: 0.2137001 seconds
[2019-06-24T09:22:25.230+0000][1][safepoint    ] Entering safepoint region: RevokeBias
[2019-06-24T09:22:25.230+0000][1][safepoint    ] Leaving safepoint region
[2019-06-24T09:22:25.230+0000][1][safepoint    ] Total time for which application threads were stopped: 0.0001239 seconds, Stopping threads took: 0.0000172 seconds
[2019-06-24T09:22:25.560+0000][1][safepoint    ] Application time: 0.3303605 seconds
[2019-06-24T09:22:25.560+0000][1][safepoint    ] Entering safepoint region: GenCollectForAllocation
[2019-06-24T09:22:25.561+0000][1][gc,start     ] GC(15) Pause Young (Allocation Failure)
[2019-06-24T09:22:25.561+0000][1][gc,task      ] GC(15) Using 5 workers of 8 for evacuation
[2019-06-24T09:22:25.578+0000][1][gc,age       ] GC(15) Desired survivor size 4456448 bytes, new threshold 1 (max threshold 6)
[2019-06-24T09:22:25.578+0000][1][gc,age       ] GC(15) Age table with threshold 1 (max threshold 6)
[2019-06-24T09:22:25.578+0000][1][gc,age       ] GC(15) - age   1:    6382600 bytes,    6382600 total
[2019-06-24T09:22:25.578+0000][1][gc,heap      ] GC(15) ParNew: 78656K->8704K(78656K)
[2019-06-24T09:22:25.578+0000][1][gc,heap      ] GC(15) CMS: 39316K->49264K(174784K)
[2019-06-24T09:22:25.578+0000][1][gc,metaspace ] GC(15) Metaspace: 32372K->32372K(1079296K)
[2019-06-24T09:22:25.578+0000][1][gc           ] GC(15) Pause Young (Allocation Failure) 115M->56M(247M) 17.104ms
[2019-06-24T09:22:25.578+0000][1][gc,cpu       ] GC(15) User=0.10s Sys=0.00s Real=0.02s
[2019-06-24T09:22:25.578+0000][1][safepoint    ] Leaving safepoint region
[2019-06-24T09:22:25.578+0000][1][safepoint    ] Total time for which application threads were stopped: 0.0172893 seconds, Stopping threads took: 0.0000183 seconds
[2019-06-24T09:22:25.695+0000][1][safepoint    ] Application time: 0.1177044 seconds
[2019-06-24T09:22:25.696+0000][1][safepoint    ] Entering safepoint region: GenCollectForAllocation
[2019-06-24T09:22:25.696+0000][1][gc,start     ] GC(16) Pause Young (Allocation Failure)
[2019-06-24T09:22:25.696+0000][1][gc,task      ] GC(16) Using 5 workers of 8 for evacuation
[2019-06-24T09:22:25.703+0000][1][gc,age       ] GC(16) Desired survivor size 4456448 bytes, new threshold 6 (max threshold 6)
[2019-06-24T09:22:25.703+0000][1][gc,age       ] GC(16) Age table with threshold 6 (max threshold 6)
[2019-06-24T09:22:25.703+0000][1][gc,age       ] GC(16) - age   1:     310256 bytes,     310256 total
[2019-06-24T09:22:25.703+0000][1][gc,heap      ] GC(16) ParNew: 78656K->6800K(78656K)
[2019-06-24T09:22:25.703+0000][1][gc,heap      ] GC(16) CMS: 49264K->55533K(174784K)
[2019-06-24T09:22:25.703+0000][1][gc,metaspace ] GC(16) Metaspace: 32840K->32840K(1079296K)
[2019-06-24T09:22:25.703+0000][1][gc           ] GC(16) Pause Young (Allocation Failure) 124M->60M(247M) 7.472ms
[2019-06-24T09:22:25.703+0000][1][gc,cpu       ] GC(16) User=0.06s Sys=0.00s Real=0.01s
[2019-06-24T09:22:25.703+0000][1][safepoint    ] Leaving safepoint region
[2019-06-24T09:22:25.703+0000][1][safepoint    ] Total time for which application threads were stopped: 0.0076095 seconds, Stopping threads took: 0.0000191 seconds
[2019-06-24T09:22:25.946+0000][1][safepoint    ] Application time: 0.2425664 seconds
[2019-06-24T09:22:25.946+0000][1][safepoint    ] Entering safepoint region: CollectForMetadataAllocation
[2019-06-24T09:22:25.946+0000][1][safepoint    ] Leaving safepoint region
[2019-06-24T09:22:25.946+0000][1][safepoint    ] Total time for which application threads were stopped: 0.0002065 seconds, Stopping threads took: 0.0000158 seconds
[2019-06-24T09:22:25.963+0000][1][safepoint    ] Application time: 0.0175552 seconds
[2019-06-24T09:22:25.964+0000][1][safepoint    ] Entering safepoint region: CollectForMetadataAllocation
[2019-06-24T09:22:25.964+0000][1][safepoint    ] Leaving safepoint region
[2019-06-24T09:22:25.964+0000][1][safepoint    ] Total time for which application threads were stopped: 0.0001501 seconds, Stopping threads took: 0.0000121 seconds
[2019-06-24T09:22:25.985+0000][1][safepoint    ] Application time: 0.0211040 seconds
[2019-06-24T09:22:25.985+0000][1][safepoint    ] Entering safepoint region: CollectForMetadataAllocation
[2019-06-24T09:22:25.985+0000][1][safepoint    ] Leaving safepoint region
[2019-06-24T09:22:25.985+0000][1][safepoint    ] Total time for which application threads were stopped: 0.0001635 seconds, Stopping threads took: 0.0000109 seconds
[2019-06-24T09:22:26.001+0000][1][safepoint    ] Application time: 0.0155861 seconds
[2019-06-24T09:22:26.001+0000][1][safepoint    ] Entering safepoint region: CollectForMetadataAllocation
[2019-06-24T09:22:26.001+0000][1][safepoint    ] Leaving safepoint region
[2019-06-24T09:22:26.001+0000][1][safepoint    ] Total time for which application threads were stopped: 0.0001564 seconds, Stopping threads took: 0.0000111 seconds
[2019-06-24T09:22:26.025+0000][1][safepoint    ] Application time: 0.0239802 seconds
[2019-06-24T09:22:26.025+0000][1][safepoint    ] Entering safepoint region: CollectForMetadataAllocation
[2019-06-24T09:22:26.025+0000][1][safepoint    ] Leaving safepoint region
[2019-06-24T09:22:26.025+0000][1][safepoint    ] Total time for which application threads were stopped: 0.0001371 seconds, Stopping threads took: 0.0000153 seconds
[2019-06-24T09:22:26.044+0000][1][safepoint    ] Application time: 0.0187434 seconds
[2019-06-24T09:22:26.044+0000][1][safepoint    ] Entering safepoint region: CollectForMetadataAllocation
[2019-06-24T09:22:26.044+0000][1][safepoint    ] Leaving safepoint region
[2019-06-24T09:22:26.044+0000][1][safepoint    ] Total time for which application threads were stopped: 0.0002112 seconds, Stopping threads took: 0.0000272 seconds
[2019-06-24T09:22:26.056+0000][1][safepoint    ] Application time: 0.0120649 seconds
[2019-06-24T09:22:26.056+0000][1][safepoint    ] Entering safepoint region: CollectForMetadataAllocation
[2019-06-24T09:22:26.056+0000][1][safepoint    ] Leaving safepoint region
[2019-06-24T09:22:26.056+0000][1][safepoint    ] Total time for which application threads were stopped: 0.0001796 seconds, Stopping threads took: 0.0000166 seconds
[2019-06-24T09:22:26.072+0000][1][safepoint    ] Application time: 0.0153427 seconds
[2019-06-24T09:22:26.072+0000][1][safepoint    ] Entering safepoint region: CollectForMetadataAllocation
[2019-06-24T09:22:26.072+0000][1][safepoint    ] Leaving safepoint region
[2019-06-24T09:22:26.072+0000][1][safepoint    ] Total time for which application threads were stopped: 0.0001834 seconds, Stopping threads took: 0.0000154 seconds
[2019-06-24T09:22:26.084+0000][1][safepoint    ] Application time: 0.0120192 seconds
[2019-06-24T09:22:26.084+0000][1][safepoint    ] Entering safepoint region: RevokeBias
[2019-06-24T09:22:26.084+0000][1][safepoint    ] Leaving safepoint region
[2019-06-24T09:22:26.084+0000][1][safepoint    ] Total time for which application threads were stopped: 0.0002294 seconds, Stopping threads took: 0.0001417 seconds
[2019-06-24T09:22:26.112+0000][1][safepoint    ] Application time: 0.0279797 seconds
[2019-06-24T09:22:26.112+0000][1][safepoint    ] Entering safepoint region: CollectForMetadataAllocation
[2019-06-24T09:22:26.112+0000][1][safepoint    ] Leaving safepoint region
[2019-06-24T09:22:26.112+0000][1][safepoint    ] Total time for which application threads were stopped: 0.0001527 seconds, Stopping threads took: 0.0000104 seconds
[2019-06-24T09:22:26.124+0000][1][safepoint    ] Application time: 0.0120366 seconds
[2019-06-24T09:22:26.124+0000][1][safepoint    ] Entering safepoint region: CollectForMetadataAllocation
[2019-06-24T09:22:26.124+0000][1][safepoint    ] Leaving safepoint region
[2019-06-24T09:22:26.124+0000][1][safepoint    ] Total time for which application threads were stopped: 0.0001599 seconds, Stopping threads took: 0.0000109 seconds
[2019-06-24T09:22:26.144+0000][1][safepoint    ] Application time: 0.0198604 seconds
[2019-06-24T09:22:26.144+0000][1][safepoint    ] Entering safepoint region: CollectForMetadataAllocation
[2019-06-24T09:22:26.145+0000][1][safepoint    ] Leaving safepoint region
[2019-06-24T09:22:26.145+0000][1][safepoint    ] Total time for which application threads were stopped: 0.0001379 seconds, Stopping threads took: 0.0000099 seconds
[2019-06-24T09:22:26.157+0000][1][safepoint    ] Application time: 0.0126692 seconds
[2019-06-24T09:22:26.157+0000][1][safepoint    ] Entering safepoint region: CollectForMetadataAllocation
[2019-06-24T09:22:26.157+0000][1][safepoint    ] Leaving safepoint region
[2019-06-24T09:22:26.157+0000][1][safepoint    ] Total time for which application threads were stopped: 0.0001959 seconds, Stopping threads took: 0.0000164 seconds
[2019-06-24T09:22:26.175+0000][1][safepoint    ] Application time: 0.0179377 seconds
[2019-06-24T09:22:26.175+0000][1][safepoint    ] Entering safepoint region: CollectForMetadataAllocation
[2019-06-24T09:22:26.176+0000][1][safepoint    ] Leaving safepoint region
[2019-06-24T09:22:26.176+0000][1][safepoint    ] Total time for which application threads were stopped: 0.0001571 seconds, Stopping threads took: 0.0000104 seconds
[2019-06-24T09:22:26.189+0000][1][safepoint    ] Application time: 0.0132040 seconds
[2019-06-24T09:22:26.189+0000][1][safepoint    ] Entering safepoint region: CollectForMetadataAllocation
[2019-06-24T09:22:26.189+0000][1][safepoint    ] Leaving safepoint region
[2019-06-24T09:22:26.189+0000][1][safepoint    ] Total time for which application threads were stopped: 0.0001384 seconds, Stopping threads took: 0.0000094 seconds
[2019-06-24T09:22:26.204+0000][1][safepoint    ] Application time: 0.0150184 seconds
[2019-06-24T09:22:26.204+0000][1][safepoint    ] Entering safepoint region: CollectForMetadataAllocation
[2019-06-24T09:22:26.204+0000][1][safepoint    ] Leaving safepoint region
[2019-06-24T09:22:26.204+0000][1][safepoint    ] Total time for which application threads were stopped: 0.0001497 seconds, Stopping threads took: 0.0000111 seconds
[2019-06-24T09:22:26.221+0000][1][safepoint    ] Application time: 0.0167524 seconds
[2019-06-24T09:22:26.221+0000][1][safepoint    ] Entering safepoint region: CollectForMetadataAllocation
[2019-06-24T09:22:26.221+0000][1][safepoint    ] Leaving safepoint region
[2019-06-24T09:22:26.221+0000][1][safepoint    ] Total time for which application threads were stopped: 0.0001550 seconds, Stopping threads took: 0.0000114 seconds
[2019-06-24T09:22:26.247+0000][1][safepoint    ] Application time: 0.0260410 seconds
[2019-06-24T09:22:26.247+0000][1][safepoint    ] Entering safepoint region: CollectForMetadataAllocation
[2019-06-24T09:22:26.247+0000][1][safepoint    ] Leaving safepoint region
[2019-06-24T09:22:26.247+0000][1][safepoint    ] Total time for which application threads were stopped: 0.0001450 seconds, Stopping threads took: 0.0000148 seconds
[2019-06-24T09:22:26.263+0000][1][safepoint    ] Application time: 0.0160713 seconds
[2019-06-24T09:22:26.263+0000][1][safepoint    ] Entering safepoint region: CollectForMetadataAllocation
[2019-06-24T09:22:26.264+0000][1][safepoint    ] Leaving safepoint region
[2019-06-24T09:22:26.264+0000][1][safepoint    ] Total time for which application threads were stopped: 0.0001478 seconds, Stopping threads took: 0.0000104 seconds
[2019-06-24T09:22:26.279+0000][1][safepoint    ] Application time: 0.0156683 seconds
[2019-06-24T09:22:26.279+0000][1][safepoint    ] Entering safepoint region: CollectForMetadataAllocation
[2019-06-24T09:22:26.279+0000][1][safepoint    ] Leaving safepoint region
[2019-06-24T09:22:26.279+0000][1][safepoint    ] Total time for which application threads were stopped: 0.0001328 seconds, Stopping threads took: 0.0000102 seconds
[2019-06-24T09:22:26.293+0000][1][safepoint    ] Application time: 0.0138578 seconds
[2019-06-24T09:22:26.293+0000][1][safepoint    ] Entering safepoint region: CollectForMetadataAllocation
[2019-06-24T09:22:26.293+0000][1][safepoint    ] Leaving safepoint region
[2019-06-24T09:22:26.293+0000][1][safepoint    ] Total time for which application threads were stopped: 0.0001462 seconds, Stopping threads took: 0.0000112 seconds
[2019-06-24T09:22:26.315+0000][1][safepoint    ] Application time: 0.0210261 seconds
[2019-06-24T09:22:26.315+0000][1][safepoint    ] Entering safepoint region: CollectForMetadataAllocation
[2019-06-24T09:22:26.315+0000][1][safepoint    ] Leaving safepoint region
[2019-06-24T09:22:26.315+0000][1][safepoint    ] Total time for which application threads were stopped: 0.0002261 seconds, Stopping threads took: 0.0000918 seconds
[2019-06-24T09:22:26.337+0000][1][safepoint    ] Application time: 0.0222638 seconds
[2019-06-24T09:22:26.337+0000][1][safepoint    ] Entering safepoint region: CollectForMetadataAllocation
[2019-06-24T09:22:26.337+0000][1][safepoint    ] Leaving safepoint region
[2019-06-24T09:22:26.337+0000][1][safepoint    ] Total time for which application threads were stopped: 0.0001507 seconds, Stopping threads took: 0.0000104 seconds
[2019-06-24T09:22:26.352+0000][1][safepoint    ] Application time: 0.0150077 seconds
[2019-06-24T09:22:26.352+0000][1][safepoint    ] Entering safepoint region: CollectForMetadataAllocation
[2019-06-24T09:22:26.352+0000][1][safepoint    ] Leaving safepoint region
[2019-06-24T09:22:26.352+0000][1][safepoint    ] Total time for which application threads were stopped: 0.0001561 seconds, Stopping threads took: 0.0000147 seconds
[2019-06-24T09:22:26.373+0000][1][safepoint    ] Application time: 0.0202860 seconds
[2019-06-24T09:22:26.373+0000][1][safepoint    ] Entering safepoint region: CollectForMetadataAllocation
[2019-06-24T09:22:26.373+0000][1][safepoint    ] Leaving safepoint region
[2019-06-24T09:22:26.373+0000][1][safepoint    ] Total time for which application threads were stopped: 0.0001559 seconds, Stopping threads took: 0.0000205 seconds
[2019-06-24T09:22:26.390+0000][1][safepoint    ] Application time: 0.0169211 seconds
[2019-06-24T09:22:26.390+0000][1][safepoint    ] Entering safepoint region: CollectForMetadataAllocation
[2019-06-24T09:22:26.390+0000][1][safepoint    ] Leaving safepoint region
[2019-06-24T09:22:26.390+0000][1][safepoint    ] Total time for which application threads were stopped: 0.0001518 seconds, Stopping threads took: 0.0000106 seconds
[2019-06-24T09:22:26.399+0000][1][safepoint    ] Application time: 0.0085078 seconds
[2019-06-24T09:22:26.399+0000][1][safepoint    ] Entering safepoint region: RevokeBias
[2019-06-24T09:22:26.399+0000][1][safepoint    ] Leaving safepoint region
[2019-06-24T09:22:26.399+0000][1][safepoint    ] Total time for which application threads were stopped: 0.0000640 seconds, Stopping threads took: 0.0000234 seconds
[2019-06-24T09:22:26.399+0000][1][safepoint    ] Application time: 0.0000580 seconds
[2019-06-24T09:22:26.399+0000][1][safepoint    ] Entering safepoint region: RevokeBias
[2019-06-24T09:22:26.399+0000][1][safepoint    ] Leaving safepoint region
[2019-06-24T09:22:26.399+0000][1][safepoint    ] Total time for which application threads were stopped: 0.0000325 seconds, Stopping threads took: 0.0000074 seconds
[2019-06-24T09:22:26.411+0000][1][safepoint    ] Application time: 0.0117916 seconds
[2019-06-24T09:22:26.411+0000][1][safepoint    ] Entering safepoint region: CollectForMetadataAllocation
[2019-06-24T09:22:26.411+0000][1][safepoint    ] Leaving safepoint region
[2019-06-24T09:22:26.411+0000][1][safepoint    ] Total time for which application threads were stopped: 0.0001581 seconds, Stopping threads took: 0.0000109 seconds
[2019-06-24T09:22:26.609+0000][1][safepoint    ] Application time: 0.1979404 seconds
[2019-06-24T09:22:26.609+0000][1][safepoint    ] Entering safepoint region: CollectForMetadataAllocation
[2019-06-24T09:22:26.609+0000][1][safepoint    ] Leaving safepoint region
[2019-06-24T09:22:26.609+0000][1][safepoint    ] Total time for which application threads were stopped: 0.0002663 seconds, Stopping threads took: 0.0001118 seconds
[2019-06-24T09:22:26.874+0000][1][safepoint    ] Application time: 0.2654401 seconds
[2019-06-24T09:22:26.875+0000][1][safepoint    ] Entering safepoint region: CollectForMetadataAllocation
[2019-06-24T09:22:26.875+0000][1][safepoint    ] Leaving safepoint region
[2019-06-24T09:22:26.875+0000][1][safepoint    ] Total time for which application threads were stopped: 0.0001682 seconds, Stopping threads took: 0.0000141 seconds
[2019-06-24T09:22:26.877+0000][1][safepoint    ] Application time: 0.0021622 seconds
[2019-06-24T09:22:26.877+0000][1][safepoint    ] Entering safepoint region: GenCollectForAllocation
[2019-06-24T09:22:26.877+0000][1][gc,start     ] GC(17) Pause Young (Allocation Failure)
[2019-06-24T09:22:26.877+0000][1][gc,task      ] GC(17) Using 5 workers of 8 for evacuation
[2019-06-24T09:22:26.881+0000][1][gc,age       ] GC(17) Desired survivor size 4456448 bytes, new threshold 6 (max threshold 6)
[2019-06-24T09:22:26.881+0000][1][gc,age       ] GC(17) Age table with threshold 6 (max threshold 6)
[2019-06-24T09:22:26.881+0000][1][gc,age       ] GC(17) - age   1:    3763888 bytes,    3763888 total
[2019-06-24T09:22:26.881+0000][1][gc,age       ] GC(17) - age   2:     271072 bytes,    4034960 total
[2019-06-24T09:22:26.881+0000][1][gc,heap      ] GC(17) ParNew: 76752K->4567K(78656K)
[2019-06-24T09:22:26.881+0000][1][gc,heap      ] GC(17) CMS: 55533K->55533K(174784K)
[2019-06-24T09:22:26.881+0000][1][gc,metaspace ] GC(17) Metaspace: 42204K->42204K(1089536K)
[2019-06-24T09:22:26.881+0000][1][gc           ] GC(17) Pause Young (Allocation Failure) 129M->58M(247M) 4.083ms
[2019-06-24T09:22:26.881+0000][1][gc,cpu       ] GC(17) User=0.03s Sys=0.00s Real=0.00s
[2019-06-24T09:22:26.881+0000][1][safepoint    ] Leaving safepoint region
[2019-06-24T09:22:26.881+0000][1][safepoint    ] Total time for which application threads were stopped: 0.0041907 seconds, Stopping threads took: 0.0000109 seconds
[2019-06-24T09:22:26.881+0000][1][safepoint    ] Application time: 0.0001014 seconds
[2019-06-24T09:22:26.881+0000][1][safepoint    ] Entering safepoint region: CMS_Initial_Mark
[2019-06-24T09:22:26.881+0000][1][gc,start     ] GC(18) Pause Initial Mark
[2019-06-24T09:22:26.883+0000][1][gc           ] GC(18) Pause Initial Mark 60M->60M(247M) 1.271ms
[2019-06-24T09:22:26.883+0000][1][gc,cpu       ] GC(18) User=0.01s Sys=0.00s Real=0.01s
[2019-06-24T09:22:26.883+0000][1][safepoint    ] Leaving safepoint region
[2019-06-24T09:22:26.883+0000][1][safepoint    ] Total time for which application threads were stopped: 0.0014296 seconds, Stopping threads took: 0.0000938 seconds
[2019-06-24T09:22:26.883+0000][1][gc           ] GC(18) Concurrent Mark
[2019-06-24T09:22:26.883+0000][1][gc,task      ] GC(18) Using 2 workers of 2 for marking
[2019-06-24T09:22:26.909+0000][1][safepoint    ] Application time: 0.0263764 seconds
[2019-06-24T09:22:26.909+0000][1][safepoint    ] Entering safepoint region: CollectForMetadataAllocation
[2019-06-24T09:22:26.909+0000][1][safepoint    ] Leaving safepoint region
[2019-06-24T09:22:26.909+0000][1][safepoint    ] Total time for which application threads were stopped: 0.0001390 seconds, Stopping threads took: 0.0000181 seconds
[2019-06-24T09:22:26.934+0000][1][gc           ] GC(18) Concurrent Mark 50.857ms
[2019-06-24T09:22:26.934+0000][1][gc,cpu       ] GC(18) User=0.26s Sys=0.00s Real=0.04s
[2019-06-24T09:22:26.934+0000][1][gc           ] GC(18) Concurrent Preclean
[2019-06-24T09:22:26.936+0000][1][gc           ] GC(18) Concurrent Preclean 1.909ms
[2019-06-24T09:22:26.936+0000][1][gc,cpu       ] GC(18) User=0.01s Sys=0.00s Real=0.01s
[2019-06-24T09:22:26.936+0000][1][gc           ] GC(18) Concurrent Abortable Preclean
[2019-06-24T09:22:27.103+0000][1][safepoint    ] Application time: 0.1934610 seconds
[2019-06-24T09:22:27.103+0000][1][safepoint    ] Entering safepoint region: CollectForMetadataAllocation
[2019-06-24T09:22:27.103+0000][1][safepoint    ] Leaving safepoint region
[2019-06-24T09:22:27.103+0000][1][safepoint    ] Total time for which application threads were stopped: 0.0002680 seconds, Stopping threads took: 0.0000164 seconds
[2019-06-24T09:22:27.123+0000][1][safepoint    ] Application time: 0.0201222 seconds
[2019-06-24T09:22:27.123+0000][1][safepoint    ] Entering safepoint region: CollectForMetadataAllocation
[2019-06-24T09:22:27.123+0000][1][safepoint    ] Leaving safepoint region
[2019-06-24T09:22:27.123+0000][1][safepoint    ] Total time for which application threads were stopped: 0.0001989 seconds, Stopping threads took: 0.0000165 seconds
[2019-06-24T09:22:27.135+0000][1][safepoint    ] Application time: 0.0112702 seconds
[2019-06-24T09:22:27.135+0000][1][safepoint    ] Entering safepoint region: CollectForMetadataAllocation
[2019-06-24T09:22:27.135+0000][1][safepoint    ] Leaving safepoint region
[2019-06-24T09:22:27.135+0000][1][safepoint    ] Total time for which application threads were stopped: 0.0001863 seconds, Stopping threads took: 0.0000156 seconds
[2019-06-24T09:22:27.163+0000][1][safepoint    ] Application time: 0.0284708 seconds
[2019-06-24T09:22:27.163+0000][1][safepoint    ] Entering safepoint region: CollectForMetadataAllocation
[2019-06-24T09:22:27.164+0000][1][safepoint    ] Leaving safepoint region
[2019-06-24T09:22:27.164+0000][1][safepoint    ] Total time for which application threads were stopped: 0.0002206 seconds, Stopping threads took: 0.0000153 seconds
[2019-06-24T09:22:27.200+0000][1][safepoint    ] Application time: 0.0364338 seconds
[2019-06-24T09:22:27.200+0000][1][safepoint    ] Entering safepoint region: CollectForMetadataAllocation
[2019-06-24T09:22:27.200+0000][1][safepoint    ] Leaving safepoint region
[2019-06-24T09:22:27.200+0000][1][safepoint    ] Total time for which application threads were stopped: 0.0001362 seconds, Stopping threads took: 0.0000103 seconds
[2019-06-24T09:22:27.201+0000][1][gc           ] GC(18) Concurrent Abortable Preclean 265.487ms
[2019-06-24T09:22:27.201+0000][1][gc,cpu       ] GC(18) User=1.16s Sys=0.02s Real=0.26s
[2019-06-24T09:22:27.201+0000][1][safepoint    ] Application time: 0.0009787 seconds
[2019-06-24T09:22:27.201+0000][1][safepoint    ] Entering safepoint region: CMS_Final_Remark
[2019-06-24T09:22:27.201+0000][1][gc,start     ] GC(18) Pause Remark
[2019-06-24T09:22:27.215+0000][1][gc           ] GC(18) Pause Remark 96M->96M(247M) 13.970ms
[2019-06-24T09:22:27.215+0000][1][gc,cpu       ] GC(18) User=0.05s Sys=0.00s Real=0.02s
[2019-06-24T09:22:27.215+0000][1][safepoint    ] Leaving safepoint region
[2019-06-24T09:22:27.215+0000][1][safepoint    ] Total time for which application threads were stopped: 0.0141108 seconds, Stopping threads took: 0.0000397 seconds
[2019-06-24T09:22:27.215+0000][1][gc           ] GC(18) Concurrent Sweep
[2019-06-24T09:22:27.237+0000][1][safepoint    ] Application time: 0.0213695 seconds
[2019-06-24T09:22:27.237+0000][1][safepoint    ] Entering safepoint region: CollectForMetadataAllocation
[2019-06-24T09:22:27.237+0000][1][safepoint    ] Leaving safepoint region
[2019-06-24T09:22:27.237+0000][1][safepoint    ] Total time for which application threads were stopped: 0.0006067 seconds, Stopping threads took: 0.0000112 seconds
[2019-06-24T09:22:27.238+0000][1][safepoint    ] Application time: 0.0003870 seconds
[2019-06-24T09:22:27.238+0000][1][safepoint    ] Entering safepoint region: CollectForMetadataAllocation
[2019-06-24T09:22:27.238+0000][1][safepoint    ] Leaving safepoint region
[2019-06-24T09:22:27.238+0000][1][safepoint    ] Total time for which application threads were stopped: 0.0001566 seconds, Stopping threads took: 0.0000094 seconds
[2019-06-24T09:22:27.250+0000][1][gc           ] GC(18) Concurrent Sweep 35.104ms
[2019-06-24T09:22:27.251+0000][1][gc,cpu       ] GC(18) User=0.14s Sys=0.01s Real=0.03s
[2019-06-24T09:22:27.251+0000][1][gc           ] GC(18) Concurrent Reset
[2019-06-24T09:22:27.251+0000][1][gc           ] GC(18) Concurrent Reset 0.318ms
[2019-06-24T09:22:27.251+0000][1][gc,cpu       ] GC(18) User=0.00s Sys=0.00s Real=0.00s
[2019-06-24T09:22:27.251+0000][1][gc,heap      ] GC(18) Old: 55533K->55304K(174784K)
[2019-06-24T09:22:27.258+0000][1][safepoint    ] Application time: 0.0199375 seconds
[2019-06-24T09:22:27.258+0000][1][safepoint    ] Entering safepoint region: RevokeBias
[2019-06-24T09:22:27.258+0000][1][safepoint    ] Leaving safepoint region
[2019-06-24T09:22:27.258+0000][1][safepoint    ] Total time for which application threads were stopped: 0.0000795 seconds, Stopping threads took: 0.0000111 seconds
[2019-06-24T09:22:27.262+0000][1][safepoint    ] Application time: 0.0043614 seconds
[2019-06-24T09:22:27.262+0000][1][safepoint    ] Entering safepoint region: RevokeBias
[2019-06-24T09:22:27.262+0000][1][safepoint    ] Leaving safepoint region
[2019-06-24T09:22:27.262+0000][1][safepoint    ] Total time for which application threads were stopped: 0.0000685 seconds, Stopping threads took: 0.0000108 seconds
[2019-06-24T09:22:27.396+0000][1][safepoint    ] Application time: 0.1334569 seconds
[2019-06-24T09:22:27.396+0000][1][safepoint    ] Entering safepoint region: RevokeBias
[2019-06-24T09:22:27.396+0000][1][safepoint    ] Leaving safepoint region
[2019-06-24T09:22:27.396+0000][1][safepoint    ] Total time for which application threads were stopped: 0.0003359 seconds, Stopping threads took: 0.0000253 seconds
[2019-06-24T09:22:27.396+0000][1][safepoint    ] Application time: 0.0000485 seconds
[2019-06-24T09:22:27.396+0000][1][safepoint    ] Entering safepoint region: RevokeBias
[2019-06-24T09:22:27.396+0000][1][safepoint    ] Leaving safepoint region
[2019-06-24T09:22:27.396+0000][1][safepoint    ] Total time for which application threads were stopped: 0.0000428 seconds, Stopping threads took: 0.0000071 seconds
[2019-06-24T09:22:27.396+0000][1][safepoint    ] Application time: 0.0001245 seconds
[2019-06-24T09:22:27.397+0000][1][safepoint    ] Entering safepoint region: RevokeBias
[2019-06-24T09:22:27.397+0000][1][safepoint    ] Leaving safepoint region
[2019-06-24T09:22:27.397+0000][1][safepoint    ] Total time for which application threads were stopped: 0.0001325 seconds, Stopping threads took: 0.0000833 seconds
[2019-06-24T09:22:27.397+0000][1][safepoint    ] Application time: 0.0000481 seconds
[2019-06-24T09:22:27.397+0000][1][safepoint    ] Entering safepoint region: RevokeBias
[2019-06-24T09:22:27.397+0000][1][safepoint    ] Leaving safepoint region
[2019-06-24T09:22:27.397+0000][1][safepoint    ] Total time for which application threads were stopped: 0.0003444 seconds, Stopping threads took: 0.0003047 seconds
[2019-06-24T09:22:27.450+0000][1][safepoint    ] Application time: 0.0533932 seconds
[2019-06-24T09:22:27.450+0000][1][safepoint    ] Entering safepoint region: RevokeBias
[2019-06-24T09:22:27.451+0000][1][safepoint    ] Leaving safepoint region
[2019-06-24T09:22:27.451+0000][1][safepoint    ] Total time for which application threads were stopped: 0.0000972 seconds, Stopping threads took: 0.0000379 seconds
[2019-06-24T09:22:27.451+0000][1][safepoint    ] Application time: 0.0000598 seconds
[2019-06-24T09:22:27.451+0000][1][safepoint    ] Entering safepoint region: RevokeBias
[2019-06-24T09:22:27.451+0000][1][safepoint    ] Leaving safepoint region
[2019-06-24T09:22:27.451+0000][1][safepoint    ] Total time for which application threads were stopped: 0.0000430 seconds, Stopping threads took: 0.0000076 seconds
[2019-06-24T09:22:27.451+0000][1][safepoint    ] Application time: 0.0000412 seconds
[2019-06-24T09:22:27.451+0000][1][safepoint    ] Entering safepoint region: RevokeBias
[2019-06-24T09:22:27.451+0000][1][safepoint    ] Leaving safepoint region
[2019-06-24T09:22:27.451+0000][1][safepoint    ] Total time for which application threads were stopped: 0.0000397 seconds, Stopping threads took: 0.0000069 seconds
[2019-06-24T09:22:27.451+0000][1][safepoint    ] Application time: 0.0000867 seconds
[2019-06-24T09:22:27.451+0000][1][safepoint    ] Entering safepoint region: RevokeBias
[2019-06-24T09:22:27.451+0000][1][safepoint    ] Leaving safepoint region
[2019-06-24T09:22:27.451+0000][1][safepoint    ] Total time for which application threads were stopped: 0.0002692 seconds, Stopping threads took: 0.0002296 seconds
[2019-06-24T09:22:27.451+0000][1][safepoint    ] Application time: 0.0001620 seconds
[2019-06-24T09:22:27.451+0000][1][safepoint    ] Entering safepoint region: RevokeBias
[2019-06-24T09:22:27.451+0000][1][safepoint    ] Leaving safepoint region
[2019-06-24T09:22:27.451+0000][1][safepoint    ] Total time for which application threads were stopped: 0.0000622 seconds, Stopping threads took: 0.0000304 seconds
[2019-06-24T09:22:27.452+0000][1][safepoint    ] Application time: 0.0003057 seconds
[2019-06-24T09:22:27.452+0000][1][safepoint    ] Entering safepoint region: RevokeBias
[2019-06-24T09:22:27.452+0000][1][safepoint    ] Leaving safepoint region
[2019-06-24T09:22:27.452+0000][1][safepoint    ] Total time for which application threads were stopped: 0.0001836 seconds, Stopping threads took: 0.0001501 seconds
[2019-06-24T09:22:27.452+0000][1][safepoint    ] Application time: 0.0001262 seconds
[2019-06-24T09:22:27.452+0000][1][safepoint    ] Entering safepoint region: RevokeBias
[2019-06-24T09:22:27.452+0000][1][safepoint    ] Leaving safepoint region
[2019-06-24T09:22:27.452+0000][1][safepoint    ] Total time for which application threads were stopped: 0.0001294 seconds, Stopping threads took: 0.0000909 seconds
[2019-06-24T09:22:27.452+0000][1][safepoint    ] Application time: 0.0000435 seconds
[2019-06-24T09:22:27.452+0000][1][safepoint    ] Entering safepoint region: RevokeBias
[2019-06-24T09:22:27.452+0000][1][safepoint    ] Leaving safepoint region
[2019-06-24T09:22:27.452+0000][1][safepoint    ] Total time for which application threads were stopped: 0.0000359 seconds, Stopping threads took: 0.0000072 seconds
[2019-06-24T09:22:27.452+0000][1][safepoint    ] Application time: 0.0000334 seconds
[2019-06-24T09:22:27.452+0000][1][safepoint    ] Entering safepoint region: RevokeBias
[2019-06-24T09:22:27.452+0000][1][safepoint    ] Leaving safepoint region
[2019-06-24T09:22:27.452+0000][1][safepoint    ] Total time for which application threads were stopped: 0.0000424 seconds, Stopping threads took: 0.0000068 seconds
[2019-06-24T09:22:27.452+0000][1][safepoint    ] Application time: 0.0000360 seconds
[2019-06-24T09:22:27.452+0000][1][safepoint    ] Entering safepoint region: RevokeBias
[2019-06-24T09:22:27.452+0000][1][safepoint    ] Leaving safepoint region
[2019-06-24T09:22:27.452+0000][1][safepoint    ] Total time for which application threads were stopped: 0.0000346 seconds, Stopping threads took: 0.0000069 seconds
[2019-06-24T09:22:27.452+0000][1][safepoint    ] Application time: 0.0000326 seconds
[2019-06-24T09:22:27.452+0000][1][safepoint    ] Entering safepoint region: RevokeBias
[2019-06-24T09:22:27.453+0000][1][safepoint    ] Leaving safepoint region
[2019-06-24T09:22:27.453+0000][1][safepoint    ] Total time for which application threads were stopped: 0.0000317 seconds, Stopping threads took: 0.0000061 seconds
[2019-06-24T09:22:27.453+0000][1][safepoint    ] Application time: 0.0000312 seconds
[2019-06-24T09:22:27.453+0000][1][safepoint    ] Entering safepoint region: RevokeBias
[2019-06-24T09:22:27.453+0000][1][safepoint    ] Leaving safepoint region
[2019-06-24T09:22:27.453+0000][1][safepoint    ] Total time for which application threads were stopped: 0.0000316 seconds, Stopping threads took: 0.0000062 seconds
[2019-06-24T09:22:27.453+0000][1][safepoint    ] Application time: 0.0000288 seconds
[2019-06-24T09:22:27.453+0000][1][safepoint    ] Entering safepoint region: RevokeBias
[2019-06-24T09:22:27.453+0000][1][safepoint    ] Leaving safepoint region
[2019-06-24T09:22:27.453+0000][1][safepoint    ] Total time for which application threads were stopped: 0.0000313 seconds, Stopping threads took: 0.0000061 seconds
[2019-06-24T09:22:27.453+0000][1][safepoint    ] Application time: 0.0000286 seconds
[2019-06-24T09:22:27.453+0000][1][safepoint    ] Entering safepoint region: RevokeBias
[2019-06-24T09:22:27.453+0000][1][safepoint    ] Leaving safepoint region
[2019-06-24T09:22:27.453+0000][1][safepoint    ] Total time for which application threads were stopped: 0.0000310 seconds, Stopping threads took: 0.0000060 seconds
[2019-06-24T09:22:27.453+0000][1][safepoint    ] Application time: 0.0000282 seconds
[2019-06-24T09:22:27.453+0000][1][safepoint    ] Entering safepoint region: RevokeBias
[2019-06-24T09:22:27.453+0000][1][safepoint    ] Leaving safepoint region
[2019-06-24T09:22:27.453+0000][1][safepoint    ] Total time for which application threads were stopped: 0.0000309 seconds, Stopping threads took: 0.0000061 seconds
[2019-06-24T09:22:27.453+0000][1][safepoint    ] Application time: 0.0000284 seconds
[2019-06-24T09:22:27.453+0000][1][safepoint    ] Entering safepoint region: RevokeBias
[2019-06-24T09:22:27.453+0000][1][safepoint    ] Leaving safepoint region
[2019-06-24T09:22:27.453+0000][1][safepoint    ] Total time for which application threads were stopped: 0.0000309 seconds, Stopping threads took: 0.0000061 seconds
[2019-06-24T09:22:27.453+0000][1][safepoint    ] Application time: 0.0000285 seconds
[2019-06-24T09:22:27.453+0000][1][safepoint    ] Entering safepoint region: RevokeBias
[2019-06-24T09:22:27.453+0000][1][safepoint    ] Leaving safepoint region
[2019-06-24T09:22:27.453+0000][1][safepoint    ] Total time for which application threads were stopped: 0.0000312 seconds, Stopping threads took: 0.0000061 seconds
[2019-06-24T09:22:27.453+0000][1][safepoint    ] Application time: 0.0000283 seconds
[2019-06-24T09:22:27.453+0000][1][safepoint    ] Entering safepoint region: RevokeBias
[2019-06-24T09:22:27.453+0000][1][safepoint    ] Leaving safepoint region
[2019-06-24T09:22:27.453+0000][1][safepoint    ] Total time for which application threads were stopped: 0.0000311 seconds, Stopping threads took: 0.0000061 seconds
[2019-06-24T09:22:27.453+0000][1][safepoint    ] Application time: 0.0000284 seconds
[2019-06-24T09:22:27.453+0000][1][safepoint    ] Entering safepoint region: RevokeBias
[2019-06-24T09:22:27.453+0000][1][safepoint    ] Leaving safepoint region
[2019-06-24T09:22:27.453+0000][1][safepoint    ] Total time for which application threads were stopped: 0.0000351 seconds, Stopping threads took: 0.0000061 seconds
[2019-06-24T09:22:27.453+0000][1][safepoint    ] Application time: 0.0000291 seconds
[2019-06-24T09:22:27.453+0000][1][safepoint    ] Entering safepoint region: RevokeBias
[2019-06-24T09:22:27.453+0000][1][safepoint    ] Leaving safepoint region
[2019-06-24T09:22:27.453+0000][1][safepoint    ] Total time for which application threads were stopped: 0.0000316 seconds, Stopping threads took: 0.0000063 seconds
[2019-06-24T09:22:27.453+0000][1][safepoint    ] Application time: 0.0000288 seconds
[2019-06-24T09:22:27.453+0000][1][safepoint    ] Entering safepoint region: RevokeBias
[2019-06-24T09:22:27.453+0000][1][safepoint    ] Leaving safepoint region
[2019-06-24T09:22:27.453+0000][1][safepoint    ] Total time for which application threads were stopped: 0.0000309 seconds, Stopping threads took: 0.0000060 seconds
[2019-06-24T09:22:27.453+0000][1][safepoint    ] Application time: 0.0000285 seconds
[2019-06-24T09:22:27.453+0000][1][safepoint    ] Entering safepoint region: RevokeBias
[2019-06-24T09:22:27.453+0000][1][safepoint    ] Leaving safepoint region
[2019-06-24T09:22:27.453+0000][1][safepoint    ] Total time for which application threads were stopped: 0.0000313 seconds, Stopping threads took: 0.0000061 seconds
[2019-06-24T09:22:27.453+0000][1][safepoint    ] Application time: 0.0000285 seconds
[2019-06-24T09:22:27.453+0000][1][safepoint    ] Entering safepoint region: RevokeBias
[2019-06-24T09:22:27.453+0000][1][safepoint    ] Leaving safepoint region
[2019-06-24T09:22:27.453+0000][1][safepoint    ] Total time for which application threads were stopped: 0.0000310 seconds, Stopping threads took: 0.0000061 seconds
[2019-06-24T09:22:27.453+0000][1][safepoint    ] Application time: 0.0000306 seconds
[2019-06-24T09:22:27.453+0000][1][safepoint    ] Entering safepoint region: RevokeBias
[2019-06-24T09:22:27.453+0000][1][safepoint    ] Leaving safepoint region
[2019-06-24T09:22:27.453+0000][1][safepoint    ] Total time for which application threads were stopped: 0.0000317 seconds, Stopping threads took: 0.0000061 seconds
[2019-06-24T09:22:27.453+0000][1][safepoint    ] Application time: 0.0000285 seconds
[2019-06-24T09:22:27.454+0000][1][safepoint    ] Entering safepoint region: RevokeBias
[2019-06-24T09:22:27.454+0000][1][safepoint    ] Leaving safepoint region
[2019-06-24T09:22:27.454+0000][1][safepoint    ] Total time for which application threads were stopped: 0.0000315 seconds, Stopping threads took: 0.0000060 seconds
[2019-06-24T09:22:27.454+0000][1][safepoint    ] Application time: 0.0000285 seconds
[2019-06-24T09:22:27.454+0000][1][safepoint    ] Entering safepoint region: BulkRevokeBias
[2019-06-24T09:22:27.454+0000][1][safepoint    ] Leaving safepoint region
[2019-06-24T09:22:27.454+0000][1][safepoint    ] Total time for which application threads were stopped: 0.0000723 seconds, Stopping threads took: 0.0000061 seconds
[2019-06-24T09:22:27.454+0000][1][safepoint    ] Application time: 0.0000976 seconds
[2019-06-24T09:22:27.454+0000][1][safepoint    ] Entering safepoint region: RevokeBias
[2019-06-24T09:22:27.454+0000][1][safepoint    ] Leaving safepoint region
[2019-06-24T09:22:27.454+0000][1][safepoint    ] Total time for which application threads were stopped: 0.0000370 seconds, Stopping threads took: 0.0000065 seconds
[2019-06-24T09:22:27.454+0000][1][safepoint    ] Application time: 0.0000455 seconds
[2019-06-24T09:22:27.454+0000][1][safepoint    ] Entering safepoint region: RevokeBias
[2019-06-24T09:22:27.454+0000][1][safepoint    ] Leaving safepoint region
[2019-06-24T09:22:27.454+0000][1][safepoint    ] Total time for which application threads were stopped: 0.0000331 seconds, Stopping threads took: 0.0000064 seconds
[2019-06-24T09:22:27.454+0000][1][safepoint    ] Application time: 0.0000634 seconds
[2019-06-24T09:22:27.454+0000][1][safepoint    ] Entering safepoint region: RevokeBias
[2019-06-24T09:22:27.454+0000][1][safepoint    ] Leaving safepoint region
[2019-06-24T09:22:27.454+0000][1][safepoint    ] Total time for which application threads were stopped: 0.0000374 seconds, Stopping threads took: 0.0000065 seconds
[2019-06-24T09:22:27.454+0000][1][safepoint    ] Application time: 0.0000437 seconds
[2019-06-24T09:22:27.454+0000][1][safepoint    ] Entering safepoint region: RevokeBias
[2019-06-24T09:22:27.454+0000][1][safepoint    ] Leaving safepoint region
[2019-06-24T09:22:27.454+0000][1][safepoint    ] Total time for which application threads were stopped: 0.0000517 seconds, Stopping threads took: 0.0000212 seconds
[2019-06-24T09:22:27.454+0000][1][safepoint    ] Application time: 0.0000454 seconds
[2019-06-24T09:22:27.454+0000][1][safepoint    ] Entering safepoint region: RevokeBias
[2019-06-24T09:22:27.454+0000][1][safepoint    ] Leaving safepoint region
[2019-06-24T09:22:27.454+0000][1][safepoint    ] Total time for which application threads were stopped: 0.0000742 seconds, Stopping threads took: 0.0000284 seconds
[2019-06-24T09:22:27.454+0000][1][safepoint    ] Application time: 0.0000375 seconds
[2019-06-24T09:22:27.454+0000][1][safepoint    ] Entering safepoint region: RevokeBias
[2019-06-24T09:22:27.454+0000][1][safepoint    ] Leaving safepoint region
[2019-06-24T09:22:27.454+0000][1][safepoint    ] Total time for which application threads were stopped: 0.0000472 seconds, Stopping threads took: 0.0000062 seconds
[2019-06-24T09:22:27.454+0000][1][safepoint    ] Application time: 0.0000150 seconds
[2019-06-24T09:22:27.454+0000][1][safepoint    ] Entering safepoint region: RevokeBias
[2019-06-24T09:22:27.454+0000][1][safepoint    ] Leaving safepoint region
[2019-06-24T09:22:27.454+0000][1][safepoint    ] Total time for which application threads were stopped: 0.0000400 seconds, Stopping threads took: 0.0000124 seconds
[2019-06-24T09:22:27.454+0000][1][safepoint    ] Application time: 0.0000351 seconds
[2019-06-24T09:22:27.454+0000][1][safepoint    ] Entering safepoint region: RevokeBias
[2019-06-24T09:22:27.455+0000][1][safepoint    ] Leaving safepoint region
[2019-06-24T09:22:27.455+0000][1][safepoint    ] Total time for which application threads were stopped: 0.0000603 seconds, Stopping threads took: 0.0000321 seconds
[2019-06-24T09:22:27.455+0000][1][safepoint    ] Application time: 0.0000769 seconds
[2019-06-24T09:22:27.455+0000][1][safepoint    ] Entering safepoint region: RevokeBias
[2019-06-24T09:22:27.455+0000][1][safepoint    ] Leaving safepoint region
[2019-06-24T09:22:27.455+0000][1][safepoint    ] Total time for which application threads were stopped: 0.0000474 seconds, Stopping threads took: 0.0000063 seconds
[2019-06-24T09:22:27.455+0000][1][safepoint    ] Application time: 0.0000365 seconds
[2019-06-24T09:22:27.455+0000][1][safepoint    ] Entering safepoint region: RevokeBias
[2019-06-24T09:22:27.455+0000][1][safepoint    ] Leaving safepoint region
[2019-06-24T09:22:27.455+0000][1][safepoint    ] Total time for which application threads were stopped: 0.0000478 seconds, Stopping threads took: 0.0000062 seconds
[2019-06-24T09:22:27.455+0000][1][safepoint    ] Application time: 0.0000391 seconds
[2019-06-24T09:22:27.455+0000][1][safepoint    ] Entering safepoint region: RevokeBias
[2019-06-24T09:22:27.455+0000][1][safepoint    ] Leaving safepoint region
[2019-06-24T09:22:27.455+0000][1][safepoint    ] Total time for which application threads were stopped: 0.0001834 seconds, Stopping threads took: 0.0001561 seconds
[2019-06-24T09:22:27.455+0000][1][safepoint    ] Application time: 0.0000341 seconds
[2019-06-24T09:22:27.455+0000][1][safepoint    ] Entering safepoint region: RevokeBias
[2019-06-24T09:22:27.455+0000][1][safepoint    ] Leaving safepoint region
[2019-06-24T09:22:27.455+0000][1][safepoint    ] Total time for which application threads were stopped: 0.0000330 seconds, Stopping threads took: 0.0000062 seconds
[2019-06-24T09:22:27.455+0000][1][safepoint    ] Application time: 0.0000267 seconds
[2019-06-24T09:22:27.455+0000][1][safepoint    ] Entering safepoint region: RevokeBias
[2019-06-24T09:22:27.455+0000][1][safepoint    ] Leaving safepoint region
[2019-06-24T09:22:27.455+0000][1][safepoint    ] Total time for which application threads were stopped: 0.0000367 seconds, Stopping threads took: 0.0000105 seconds
[2019-06-24T09:22:27.455+0000][1][safepoint    ] Application time: 0.0000266 seconds
[2019-06-24T09:22:27.455+0000][1][safepoint    ] Entering safepoint region: RevokeBias
[2019-06-24T09:22:27.455+0000][1][safepoint    ] Leaving safepoint region
[2019-06-24T09:22:27.455+0000][1][safepoint    ] Total time for which application threads were stopped: 0.0000309 seconds, Stopping threads took: 0.0000060 seconds
[2019-06-24T09:22:27.455+0000][1][safepoint    ] Application time: 0.0000268 seconds
[2019-06-24T09:22:27.455+0000][1][safepoint    ] Entering safepoint region: RevokeBias
[2019-06-24T09:22:27.455+0000][1][safepoint    ] Leaving safepoint region
[2019-06-24T09:22:27.455+0000][1][safepoint    ] Total time for which application threads were stopped: 0.0000308 seconds, Stopping threads took: 0.0000060 seconds
[2019-06-24T09:22:27.455+0000][1][safepoint    ] Application time: 0.0000267 seconds
[2019-06-24T09:22:27.455+0000][1][safepoint    ] Entering safepoint region: RevokeBias
[2019-06-24T09:22:27.455+0000][1][safepoint    ] Leaving safepoint region
[2019-06-24T09:22:27.455+0000][1][safepoint    ] Total time for which application threads were stopped: 0.0000308 seconds, Stopping threads took: 0.0000060 seconds
[2019-06-24T09:22:27.455+0000][1][safepoint    ] Application time: 0.0000266 seconds
[2019-06-24T09:22:27.455+0000][1][safepoint    ] Entering safepoint region: RevokeBias
[2019-06-24T09:22:27.455+0000][1][safepoint    ] Leaving safepoint region
[2019-06-24T09:22:27.455+0000][1][safepoint    ] Total time for which application threads were stopped: 0.0000307 seconds, Stopping threads took: 0.0000059 seconds
[2019-06-24T09:22:27.455+0000][1][safepoint    ] Application time: 0.0000266 seconds
[2019-06-24T09:22:27.455+0000][1][safepoint    ] Entering safepoint region: RevokeBias
[2019-06-24T09:22:27.455+0000][1][safepoint    ] Leaving safepoint region
[2019-06-24T09:22:27.455+0000][1][safepoint    ] Total time for which application threads were stopped: 0.0000307 seconds, Stopping threads took: 0.0000060 seconds
[2019-06-24T09:22:27.456+0000][1][safepoint    ] Application time: 0.0000271 seconds
[2019-06-24T09:22:27.456+0000][1][safepoint    ] Entering safepoint region: RevokeBias
[2019-06-24T09:22:27.456+0000][1][safepoint    ] Leaving safepoint region
[2019-06-24T09:22:27.456+0000][1][safepoint    ] Total time for which application threads were stopped: 0.0000309 seconds, Stopping threads took: 0.0000060 seconds
[2019-06-24T09:22:27.456+0000][1][safepoint    ] Application time: 0.0000267 seconds
[2019-06-24T09:22:27.456+0000][1][safepoint    ] Entering safepoint region: RevokeBias
[2019-06-24T09:22:27.456+0000][1][safepoint    ] Leaving safepoint region
[2019-06-24T09:22:27.456+0000][1][safepoint    ] Total time for which application threads were stopped: 0.0000307 seconds, Stopping threads took: 0.0000060 seconds
[2019-06-24T09:22:27.456+0000][1][safepoint    ] Application time: 0.0000267 seconds
[2019-06-24T09:22:27.456+0000][1][safepoint    ] Entering safepoint region: RevokeBias
[2019-06-24T09:22:27.456+0000][1][safepoint    ] Leaving safepoint region
[2019-06-24T09:22:27.456+0000][1][safepoint    ] Total time for which application threads were stopped: 0.0000308 seconds, Stopping threads took: 0.0000060 seconds
[2019-06-24T09:22:27.456+0000][1][safepoint    ] Application time: 0.0000281 seconds
[2019-06-24T09:22:27.456+0000][1][safepoint    ] Entering safepoint region: RevokeBias
[2019-06-24T09:22:27.456+0000][1][safepoint    ] Leaving safepoint region
[2019-06-24T09:22:27.456+0000][1][safepoint    ] Total time for which application threads were stopped: 0.0000307 seconds, Stopping threads took: 0.0000060 seconds
[2019-06-24T09:22:27.456+0000][1][safepoint    ] Application time: 0.0000266 seconds
[2019-06-24T09:22:27.456+0000][1][safepoint    ] Entering safepoint region: RevokeBias
[2019-06-24T09:22:27.456+0000][1][safepoint    ] Leaving safepoint region
[2019-06-24T09:22:27.456+0000][1][safepoint    ] Total time for which application threads were stopped: 0.0000348 seconds, Stopping threads took: 0.0000092 seconds
[2019-06-24T09:22:27.456+0000][1][safepoint    ] Application time: 0.0000267 seconds
[2019-06-24T09:22:27.456+0000][1][safepoint    ] Entering safepoint region: RevokeBias
[2019-06-24T09:22:27.456+0000][1][safepoint    ] Leaving safepoint region
[2019-06-24T09:22:27.456+0000][1][safepoint    ] Total time for which application threads were stopped: 0.0000307 seconds, Stopping threads took: 0.0000060 seconds
[2019-06-24T09:22:27.456+0000][1][safepoint    ] Application time: 0.0000277 seconds
[2019-06-24T09:22:27.456+0000][1][safepoint    ] Entering safepoint region: RevokeBias
[2019-06-24T09:22:27.456+0000][1][safepoint    ] Leaving safepoint region
[2019-06-24T09:22:27.456+0000][1][safepoint    ] Total time for which application threads were stopped: 0.0000308 seconds, Stopping threads took: 0.0000060 seconds
[2019-06-24T09:22:27.456+0000][1][safepoint    ] Application time: 0.0000285 seconds
[2019-06-24T09:22:27.456+0000][1][safepoint    ] Entering safepoint region: BulkRevokeBias
[2019-06-24T09:22:27.456+0000][1][safepoint    ] Leaving safepoint region
[2019-06-24T09:22:27.456+0000][1][safepoint    ] Total time for which application threads were stopped: 0.0000757 seconds, Stopping threads took: 0.0000060 seconds
[2019-06-24T09:22:27.456+0000][1][safepoint    ] Application time: 0.0001619 seconds
[2019-06-24T09:22:27.456+0000][1][safepoint    ] Entering safepoint region: RevokeBias
[2019-06-24T09:22:27.456+0000][1][safepoint    ] Leaving safepoint region
[2019-06-24T09:22:27.456+0000][1][safepoint    ] Total time for which application threads were stopped: 0.0000396 seconds, Stopping threads took: 0.0000067 seconds
[2019-06-24T09:22:27.456+0000][1][safepoint    ] Application time: 0.0000503 seconds
[2019-06-24T09:22:27.456+0000][1][safepoint    ] Entering safepoint region: RevokeBias
[2019-06-24T09:22:27.457+0000][1][safepoint    ] Leaving safepoint region
[2019-06-24T09:22:27.457+0000][1][safepoint    ] Total time for which application threads were stopped: 0.0001525 seconds, Stopping threads took: 0.0001222 seconds
[2019-06-24T09:22:27.457+0000][1][safepoint    ] Application time: 0.0001212 seconds
[2019-06-24T09:22:27.457+0000][1][safepoint    ] Entering safepoint region: RevokeBias
[2019-06-24T09:22:27.457+0000][1][safepoint    ] Leaving safepoint region
[2019-06-24T09:22:27.457+0000][1][safepoint    ] Total time for which application threads were stopped: 0.0000692 seconds, Stopping threads took: 0.0000282 seconds
[2019-06-24T09:22:27.457+0000][1][safepoint    ] Application time: 0.0000480 seconds
[2019-06-24T09:22:27.457+0000][1][safepoint    ] Entering safepoint region: RevokeBias
[2019-06-24T09:22:27.457+0000][1][safepoint    ] Leaving safepoint region
[2019-06-24T09:22:27.457+0000][1][safepoint    ] Total time for which application threads were stopped: 0.0000532 seconds, Stopping threads took: 0.0000300 seconds
[2019-06-24T09:22:27.457+0000][1][safepoint    ] Application time: 0.0000346 seconds
[2019-06-24T09:22:27.457+0000][1][safepoint    ] Entering safepoint region: RevokeBias
[2019-06-24T09:22:27.457+0000][1][safepoint    ] Leaving safepoint region
[2019-06-24T09:22:27.457+0000][1][safepoint    ] Total time for which application threads were stopped: 0.0000536 seconds, Stopping threads took: 0.0000311 seconds
[2019-06-24T09:22:27.457+0000][1][safepoint    ] Application time: 0.0000335 seconds
[2019-06-24T09:22:27.457+0000][1][safepoint    ] Entering safepoint region: RevokeBias
[2019-06-24T09:22:27.457+0000][1][safepoint    ] Leaving safepoint region
[2019-06-24T09:22:27.457+0000][1][safepoint    ] Total time for which application threads were stopped: 0.0000640 seconds, Stopping threads took: 0.0000314 seconds
[2019-06-24T09:22:27.457+0000][1][safepoint    ] Application time: 0.0000746 seconds
[2019-06-24T09:22:27.457+0000][1][safepoint    ] Entering safepoint region: RevokeBias
[2019-06-24T09:22:27.457+0000][1][safepoint    ] Leaving safepoint region
[2019-06-24T09:22:27.457+0000][1][safepoint    ] Total time for which application threads were stopped: 0.0001892 seconds, Stopping threads took: 0.0001692 seconds
[2019-06-24T09:22:27.458+0000][1][safepoint    ] Application time: 0.0003393 seconds
[2019-06-24T09:22:27.458+0000][1][safepoint    ] Entering safepoint region: RevokeBias
[2019-06-24T09:22:27.458+0000][1][safepoint    ] Leaving safepoint region
[2019-06-24T09:22:27.458+0000][1][safepoint    ] Total time for which application threads were stopped: 0.0000441 seconds, Stopping threads took: 0.0000075 seconds
[2019-06-24T09:22:27.458+0000][1][safepoint    ] Application time: 0.0000863 seconds
[2019-06-24T09:22:27.458+0000][1][safepoint    ] Entering safepoint region: RevokeBias
[2019-06-24T09:22:27.458+0000][1][safepoint    ] Leaving safepoint region
[2019-06-24T09:22:27.458+0000][1][safepoint    ] Total time for which application threads were stopped: 0.0000678 seconds, Stopping threads took: 0.0000334 seconds
[2019-06-24T09:22:27.458+0000][1][safepoint    ] Application time: 0.0001027 seconds
[2019-06-24T09:22:27.458+0000][1][safepoint    ] Entering safepoint region: RevokeBias
[2019-06-24T09:22:27.458+0000][1][safepoint    ] Leaving safepoint region
[2019-06-24T09:22:27.458+0000][1][safepoint    ] Total time for which application threads were stopped: 0.0000486 seconds, Stopping threads took: 0.0000233 seconds
[2019-06-24T09:22:27.458+0000][1][safepoint    ] Application time: 0.0002908 seconds
[2019-06-24T09:22:27.458+0000][1][safepoint    ] Entering safepoint region: RevokeBias
[2019-06-24T09:22:27.458+0000][1][safepoint    ] Leaving safepoint region
[2019-06-24T09:22:27.458+0000][1][safepoint    ] Total time for which application threads were stopped: 0.0000433 seconds, Stopping threads took: 0.0000072 seconds
[2019-06-24T09:22:27.459+0000][1][safepoint    ] Application time: 0.0002762 seconds
[2019-06-24T09:22:27.459+0000][1][safepoint    ] Entering safepoint region: RevokeBias
[2019-06-24T09:22:27.459+0000][1][safepoint    ] Leaving safepoint region
[2019-06-24T09:22:27.459+0000][1][safepoint    ] Total time for which application threads were stopped: 0.0001164 seconds, Stopping threads took: 0.0000848 seconds
[2019-06-24T09:22:27.459+0000][1][safepoint    ] Application time: 0.0004379 seconds
[2019-06-24T09:22:27.459+0000][1][safepoint    ] Entering safepoint region: RevokeBias
[2019-06-24T09:22:27.459+0000][1][safepoint    ] Leaving safepoint region
[2019-06-24T09:22:27.459+0000][1][safepoint    ] Total time for which application threads were stopped: 0.0001114 seconds, Stopping threads took: 0.0000663 seconds
[2019-06-24T09:22:27.460+0000][1][safepoint    ] Application time: 0.0000925 seconds
[2019-06-24T09:22:27.460+0000][1][safepoint    ] Entering safepoint region: RevokeBias
[2019-06-24T09:22:27.460+0000][1][safepoint    ] Leaving safepoint region
[2019-06-24T09:22:27.460+0000][1][safepoint    ] Total time for which application threads were stopped: 0.0000725 seconds, Stopping threads took: 0.0000351 seconds
[2019-06-24T09:22:27.460+0000][1][safepoint    ] Application time: 0.0000441 seconds
[2019-06-24T09:22:27.460+0000][1][safepoint    ] Entering safepoint region: RevokeBias
[2019-06-24T09:22:27.460+0000][1][safepoint    ] Leaving safepoint region
[2019-06-24T09:22:27.460+0000][1][safepoint    ] Total time for which application threads were stopped: 0.0003763 seconds, Stopping threads took: 0.0003423 seconds
[2019-06-24T09:22:27.460+0000][1][safepoint    ] Application time: 0.0001656 seconds
[2019-06-24T09:22:27.460+0000][1][safepoint    ] Entering safepoint region: RevokeBias
[2019-06-24T09:22:27.460+0000][1][safepoint    ] Leaving safepoint region
[2019-06-24T09:22:27.460+0000][1][safepoint    ] Total time for which application threads were stopped: 0.0001344 seconds, Stopping threads took: 0.0001072 seconds
[2019-06-24T09:22:27.461+0000][1][safepoint    ] Application time: 0.0002182 seconds
[2019-06-24T09:22:27.461+0000][1][safepoint    ] Entering safepoint region: RevokeBias
[2019-06-24T09:22:27.461+0000][1][safepoint    ] Leaving safepoint region
[2019-06-24T09:22:27.461+0000][1][safepoint    ] Total time for which application threads were stopped: 0.0000609 seconds, Stopping threads took: 0.0000330 seconds
[2019-06-24T09:22:27.462+0000][1][safepoint    ] Application time: 0.0009736 seconds
[2019-06-24T09:22:27.462+0000][1][safepoint    ] Entering safepoint region: RevokeBias
[2019-06-24T09:22:27.462+0000][1][safepoint    ] Leaving safepoint region
[2019-06-24T09:22:27.462+0000][1][safepoint    ] Total time for which application threads were stopped: 0.0000825 seconds, Stopping threads took: 0.0000340 seconds
[2019-06-24T09:22:27.462+0000][1][safepoint    ] Application time: 0.0000902 seconds
[2019-06-24T09:22:27.462+0000][1][safepoint    ] Entering safepoint region: RevokeBias
[2019-06-24T09:22:27.462+0000][1][safepoint    ] Leaving safepoint region
[2019-06-24T09:22:27.462+0000][1][safepoint    ] Total time for which application threads were stopped: 0.0000651 seconds, Stopping threads took: 0.0000309 seconds
[2019-06-24T09:22:27.462+0000][1][safepoint    ] Application time: 0.0000388 seconds
[2019-06-24T09:22:27.462+0000][1][safepoint    ] Entering safepoint region: RevokeBias
[2019-06-24T09:22:27.462+0000][1][safepoint    ] Leaving safepoint region
[2019-06-24T09:22:27.462+0000][1][safepoint    ] Total time for which application threads were stopped: 0.0000513 seconds, Stopping threads took: 0.0000268 seconds
[2019-06-24T09:22:27.464+0000][1][safepoint    ] Application time: 0.0015118 seconds
[2019-06-24T09:22:27.464+0000][1][safepoint    ] Entering safepoint region: RevokeBias
[2019-06-24T09:22:27.464+0000][1][safepoint    ] Leaving safepoint region
[2019-06-24T09:22:27.464+0000][1][safepoint    ] Total time for which application threads were stopped: 0.0001284 seconds, Stopping threads took: 0.0000541 seconds
[2019-06-24T09:22:27.464+0000][1][safepoint    ] Application time: 0.0000601 seconds
[2019-06-24T09:22:27.464+0000][1][safepoint    ] Entering safepoint region: RevokeBias
[2019-06-24T09:22:27.464+0000][1][safepoint    ] Leaving safepoint region
[2019-06-24T09:22:27.464+0000][1][safepoint    ] Total time for which application threads were stopped: 0.0000842 seconds, Stopping threads took: 0.0000318 seconds
[2019-06-24T09:22:27.464+0000][1][safepoint    ] Application time: 0.0003090 seconds
[2019-06-24T09:22:27.464+0000][1][safepoint    ] Entering safepoint region: RevokeBias
[2019-06-24T09:22:27.464+0000][1][safepoint    ] Leaving safepoint region
[2019-06-24T09:22:27.464+0000][1][safepoint    ] Total time for which application threads were stopped: 0.0001855 seconds, Stopping threads took: 0.0001398 seconds
[2019-06-24T09:22:27.485+0000][1][safepoint    ] Application time: 0.0210568 seconds
[2019-06-24T09:22:27.485+0000][1][safepoint    ] Entering safepoint region: GenCollectForAllocation
[2019-06-24T09:22:27.486+0000][1][gc,start     ] GC(19) Pause Young (Allocation Failure)
[2019-06-24T09:22:27.486+0000][1][gc,task      ] GC(19) Using 5 workers of 8 for evacuation
[2019-06-24T09:22:27.491+0000][1][gc,age       ] GC(19) Desired survivor size 4456448 bytes, new threshold 2 (max threshold 6)
[2019-06-24T09:22:27.491+0000][1][gc,age       ] GC(19) Age table with threshold 2 (max threshold 6)
[2019-06-24T09:22:27.491+0000][1][gc,age       ] GC(19) - age   1:    3122208 bytes,    3122208 total
[2019-06-24T09:22:27.491+0000][1][gc,age       ] GC(19) - age   2:    3662632 bytes,    6784840 total
[2019-06-24T09:22:27.491+0000][1][gc,age       ] GC(19) - age   3:     270784 bytes,    7055624 total
[2019-06-24T09:22:27.491+0000][1][gc,heap      ] GC(19) ParNew: 74519K->8146K(78656K)
[2019-06-24T09:22:27.491+0000][1][gc,heap      ] GC(19) CMS: 55304K->55304K(174784K)
[2019-06-24T09:22:27.491+0000][1][gc,metaspace ] GC(19) Metaspace: 47205K->47205K(1093632K)
[2019-06-24T09:22:27.491+0000][1][gc           ] GC(19) Pause Young (Allocation Failure) 126M->61M(247M) 5.481ms
[2019-06-24T09:22:27.491+0000][1][gc,cpu       ] GC(19) User=0.04s Sys=0.00s Real=0.00s
[2019-06-24T09:22:27.491+0000][1][safepoint    ] Leaving safepoint region
[2019-06-24T09:22:27.491+0000][1][safepoint    ] Total time for which application threads were stopped: 0.0056256 seconds, Stopping threads took: 0.0000161 seconds
[2019-06-24T09:22:27.515+0000][1][safepoint    ] Application time: 0.0238792 seconds
[2019-06-24T09:22:27.515+0000][1][safepoint    ] Entering safepoint region: RevokeBias
[2019-06-24T09:22:27.515+0000][1][safepoint    ] Leaving safepoint region
[2019-06-24T09:22:27.515+0000][1][safepoint    ] Total time for which application threads were stopped: 0.0000804 seconds, Stopping threads took: 0.0000173 seconds
[2019-06-24T09:22:27.997+0000][1][safepoint    ] Application time: 0.4823108 seconds
[2019-06-24T09:22:27.997+0000][1][safepoint    ] Entering safepoint region: GenCollectForAllocation
[2019-06-24T09:22:27.998+0000][1][gc,start     ] GC(20) Pause Young (Allocation Failure)
[2019-06-24T09:22:27.998+0000][1][gc,task      ] GC(20) Using 5 workers of 8 for evacuation
[2019-06-24T09:22:28.007+0000][1][gc,age       ] GC(20) Desired survivor size 4456448 bytes, new threshold 2 (max threshold 6)
[2019-06-24T09:22:28.007+0000][1][gc,age       ] GC(20) Age table with threshold 2 (max threshold 6)
[2019-06-24T09:22:28.007+0000][1][gc,age       ] GC(20) - age   1:    1470544 bytes,    1470544 total
[2019-06-24T09:22:28.007+0000][1][gc,age       ] GC(20) - age   2:    3080008 bytes,    4550552 total
[2019-06-24T09:22:28.007+0000][1][gc,heap      ] GC(20) ParNew: 78098K->6016K(78656K)
[2019-06-24T09:22:28.007+0000][1][gc,heap      ] GC(20) CMS: 55304K->59273K(174784K)
[2019-06-24T09:22:28.007+0000][1][gc,metaspace ] GC(20) Metaspace: 53852K->53852K(1097728K)
[2019-06-24T09:22:28.007+0000][1][gc           ] GC(20) Pause Young (Allocation Failure) 130M->63M(247M) 9.335ms
[2019-06-24T09:22:28.007+0000][1][gc,cpu       ] GC(20) User=0.08s Sys=0.00s Real=0.01s
[2019-06-24T09:22:28.007+0000][1][safepoint    ] Leaving safepoint region
[2019-06-24T09:22:28.007+0000][1][safepoint    ] Total time for which application threads were stopped: 0.0098590 seconds, Stopping threads took: 0.0000188 seconds
[2019-06-24T09:22:28.201+0000][1][safepoint    ] Application time: 0.1938441 seconds
[2019-06-24T09:22:28.201+0000][1][safepoint    ] Entering safepoint region: Deoptimize
[2019-06-24T09:22:28.202+0000][1][safepoint    ] Leaving safepoint region
[2019-06-24T09:22:28.202+0000][1][safepoint    ] Total time for which application threads were stopped: 0.0006899 seconds, Stopping threads took: 0.0000121 seconds
[2019-06-24T09:22:28.238+0000][1][safepoint    ] Application time: 0.0365052 seconds
[2019-06-24T09:22:28.238+0000][1][safepoint    ] Entering safepoint region: RevokeBias
[2019-06-24T09:22:28.239+0000][1][safepoint    ] Leaving safepoint region
[2019-06-24T09:22:28.239+0000][1][safepoint    ] Total time for which application threads were stopped: 0.0001167 seconds, Stopping threads took: 0.0000115 seconds
[2019-06-24T09:22:28.239+0000][1][safepoint    ] Application time: 0.0001689 seconds
[2019-06-24T09:22:28.239+0000][1][safepoint    ] Entering safepoint region: RevokeBias
[2019-06-24T09:22:28.239+0000][1][safepoint    ] Leaving safepoint region
[2019-06-24T09:22:28.239+0000][1][safepoint    ] Total time for which application threads were stopped: 0.0001729 seconds, Stopping threads took: 0.0001307 seconds
[2019-06-24T09:22:28.239+0000][1][safepoint    ] Application time: 0.0001872 seconds
[2019-06-24T09:22:28.239+0000][1][safepoint    ] Entering safepoint region: RevokeBias
[2019-06-24T09:22:28.239+0000][1][safepoint    ] Leaving safepoint region
[2019-06-24T09:22:28.239+0000][1][safepoint    ] Total time for which application threads were stopped: 0.0000516 seconds, Stopping threads took: 0.0000095 seconds
[2019-06-24T09:22:28.241+0000][1][safepoint    ] Application time: 0.0021961 seconds
[2019-06-24T09:22:28.241+0000][1][safepoint    ] Entering safepoint region: RevokeBias
[2019-06-24T09:22:28.241+0000][1][safepoint    ] Leaving safepoint region
[2019-06-24T09:22:28.241+0000][1][safepoint    ] Total time for which application threads were stopped: 0.0000618 seconds, Stopping threads took: 0.0000112 seconds
[2019-06-24T09:22:28.390+0000][1][safepoint    ] Application time: 0.1480120 seconds
[2019-06-24T09:22:28.390+0000][1][safepoint    ] Entering safepoint region: RevokeBias
[2019-06-24T09:22:28.391+0000][1][safepoint    ] Leaving safepoint region
[2019-06-24T09:22:28.391+0000][1][safepoint    ] Total time for which application threads were stopped: 0.0011696 seconds, Stopping threads took: 0.0002476 seconds
[2019-06-24T09:22:28.391+0000][1][safepoint    ] Application time: 0.0000497 seconds
[2019-06-24T09:22:28.391+0000][1][safepoint    ] Entering safepoint region: RevokeBias
[2019-06-24T09:22:28.391+0000][1][safepoint    ] Leaving safepoint region
[2019-06-24T09:22:28.391+0000][1][safepoint    ] Total time for which application threads were stopped: 0.0001922 seconds, Stopping threads took: 0.0001257 seconds
[2019-06-24T09:22:28.392+0000][1][safepoint    ] Application time: 0.0005336 seconds
[2019-06-24T09:22:28.392+0000][1][safepoint    ] Entering safepoint region: BulkRevokeBias
[2019-06-24T09:22:28.392+0000][1][safepoint    ] Leaving safepoint region
[2019-06-24T09:22:28.392+0000][1][safepoint    ] Total time for which application threads were stopped: 0.0002343 seconds, Stopping threads took: 0.0001136 seconds
[2019-06-24T09:22:28.392+0000][1][safepoint    ] Application time: 0.0001196 seconds
[2019-06-24T09:22:28.392+0000][1][safepoint    ] Entering safepoint region: RevokeBias
[2019-06-24T09:22:28.392+0000][1][safepoint    ] Leaving safepoint region
[2019-06-24T09:22:28.392+0000][1][safepoint    ] Total time for which application threads were stopped: 0.0001492 seconds, Stopping threads took: 0.0001140 seconds
[2019-06-24T09:22:28.428+0000][1][safepoint    ] Application time: 0.0364149 seconds
[2019-06-24T09:22:28.429+0000][1][safepoint    ] Entering safepoint region: Deoptimize
[2019-06-24T09:22:28.429+0000][1][safepoint    ] Leaving safepoint region
[2019-06-24T09:22:28.429+0000][1][safepoint    ] Total time for which application threads were stopped: 0.0003774 seconds, Stopping threads took: 0.0000124 seconds
[2019-06-24T09:22:28.559+0000][1][safepoint    ] Application time: 0.1298036 seconds
[2019-06-24T09:22:28.559+0000][1][safepoint    ] Entering safepoint region: RevokeBias
[2019-06-24T09:22:28.559+0000][1][safepoint    ] Leaving safepoint region
[2019-06-24T09:22:28.559+0000][1][safepoint    ] Total time for which application threads were stopped: 0.0000952 seconds, Stopping threads took: 0.0000184 seconds
[2019-06-24T09:22:28.752+0000][1][safepoint    ] Application time: 0.1931619 seconds
[2019-06-24T09:22:28.752+0000][1][safepoint    ] Entering safepoint region: RevokeBias
[2019-06-24T09:22:28.752+0000][1][safepoint    ] Leaving safepoint region
[2019-06-24T09:22:28.752+0000][1][safepoint    ] Total time for which application threads were stopped: 0.0000882 seconds, Stopping threads took: 0.0000131 seconds
[2019-06-24T09:22:28.752+0000][1][safepoint    ] Application time: 0.0000352 seconds
[2019-06-24T09:22:28.752+0000][1][safepoint    ] Entering safepoint region: BulkRevokeBias
[2019-06-24T09:22:28.752+0000][1][safepoint    ] Leaving safepoint region
[2019-06-24T09:22:28.752+0000][1][safepoint    ] Total time for which application threads were stopped: 0.0000888 seconds, Stopping threads took: 0.0000081 seconds
[2019-06-24T09:22:28.780+0000][1][safepoint    ] Application time: 0.0273767 seconds
[2019-06-24T09:22:28.780+0000][1][safepoint    ] Entering safepoint region: RevokeBias
[2019-06-24T09:22:28.780+0000][1][safepoint    ] Leaving safepoint region
[2019-06-24T09:22:28.780+0000][1][safepoint    ] Total time for which application threads were stopped: 0.0001872 seconds, Stopping threads took: 0.0001442 seconds
[2019-06-24T09:22:28.780+0000][1][safepoint    ] Application time: 0.0001247 seconds
[2019-06-24T09:22:28.780+0000][1][safepoint    ] Entering safepoint region: RevokeBias
[2019-06-24T09:22:28.780+0000][1][safepoint    ] Leaving safepoint region
[2019-06-24T09:22:28.780+0000][1][safepoint    ] Total time for which application threads were stopped: 0.0001327 seconds, Stopping threads took: 0.0001057 seconds
[2019-06-24T09:22:28.780+0000][1][safepoint    ] Application time: 0.0001377 seconds
[2019-06-24T09:22:28.780+0000][1][safepoint    ] Entering safepoint region: RevokeBias
[2019-06-24T09:22:28.780+0000][1][safepoint    ] Leaving safepoint region
[2019-06-24T09:22:28.780+0000][1][safepoint    ] Total time for which application threads were stopped: 0.0000409 seconds, Stopping threads took: 0.0000131 seconds
[2019-06-24T09:22:28.781+0000][1][safepoint    ] Application time: 0.0002313 seconds
[2019-06-24T09:22:28.781+0000][1][safepoint    ] Entering safepoint region: RevokeBias
[2019-06-24T09:22:28.781+0000][1][safepoint    ] Leaving safepoint region
[2019-06-24T09:22:28.781+0000][1][safepoint    ] Total time for which application threads were stopped: 0.0000666 seconds, Stopping threads took: 0.0000311 seconds
[2019-06-24T09:22:28.781+0000][1][safepoint    ] Application time: 0.0001275 seconds
[2019-06-24T09:22:28.781+0000][1][safepoint    ] Entering safepoint region: RevokeBias
[2019-06-24T09:22:28.781+0000][1][safepoint    ] Leaving safepoint region
[2019-06-24T09:22:28.781+0000][1][safepoint    ] Total time for which application threads were stopped: 0.0000500 seconds, Stopping threads took: 0.0000231 seconds
[2019-06-24T09:22:28.781+0000][1][safepoint    ] Application time: 0.0002663 seconds
[2019-06-24T09:22:28.781+0000][1][safepoint    ] Entering safepoint region: RevokeBias
[2019-06-24T09:22:28.781+0000][1][safepoint    ] Leaving safepoint region
[2019-06-24T09:22:28.781+0000][1][safepoint    ] Total time for which application threads were stopped: 0.0000546 seconds, Stopping threads took: 0.0000280 seconds
[2019-06-24T09:22:28.781+0000][1][safepoint    ] Application time: 0.0001192 seconds
[2019-06-24T09:22:28.781+0000][1][safepoint    ] Entering safepoint region: RevokeBias
[2019-06-24T09:22:28.781+0000][1][safepoint    ] Leaving safepoint region
[2019-06-24T09:22:28.781+0000][1][safepoint    ] Total time for which application threads were stopped: 0.0000473 seconds, Stopping threads took: 0.0000220 seconds
[2019-06-24T09:22:28.786+0000][1][safepoint    ] Application time: 0.0042264 seconds
[2019-06-24T09:22:28.786+0000][1][safepoint    ] Entering safepoint region: GenCollectForAllocation
[2019-06-24T09:22:28.786+0000][1][gc,start     ] GC(21) Pause Young (Allocation Failure)
[2019-06-24T09:22:28.786+0000][1][gc,task      ] GC(21) Using 5 workers of 8 for evacuation
[2019-06-24T09:22:28.794+0000][1][gc,age       ] GC(21) Desired survivor size 4456448 bytes, new threshold 2 (max threshold 6)
[2019-06-24T09:22:28.794+0000][1][gc,age       ] GC(21) Age table with threshold 2 (max threshold 6)
[2019-06-24T09:22:28.794+0000][1][gc,age       ] GC(21) - age   1:    3840112 bytes,    3840112 total
[2019-06-24T09:22:28.794+0000][1][gc,age       ] GC(21) - age   2:    1383656 bytes,    5223768 total
[2019-06-24T09:22:28.794+0000][1][gc,heap      ] GC(21) ParNew: 75968K->7739K(78656K)
[2019-06-24T09:22:28.794+0000][1][gc,heap      ] GC(21) CMS: 59273K->62351K(174784K)
[2019-06-24T09:22:28.794+0000][1][gc,metaspace ] GC(21) Metaspace: 61830K->61830K(1105920K)
[2019-06-24T09:22:28.794+0000][1][gc           ] GC(21) Pause Young (Allocation Failure) 132M->68M(247M) 7.835ms
[2019-06-24T09:22:28.794+0000][1][gc,cpu       ] GC(21) User=0.05s Sys=0.00s Real=0.00s
[2019-06-24T09:22:28.794+0000][1][safepoint    ] Leaving safepoint region
[2019-06-24T09:22:28.794+0000][1][safepoint    ] Total time for which application threads were stopped: 0.0079457 seconds, Stopping threads took: 0.0000123 seconds
[2019-06-24T09:22:28.832+0000][1][safepoint    ] Application time: 0.0381293 seconds
[2019-06-24T09:22:28.832+0000][1][safepoint    ] Entering safepoint region: Deoptimize
[2019-06-24T09:22:28.832+0000][1][safepoint    ] Leaving safepoint region
[2019-06-24T09:22:28.832+0000][1][safepoint    ] Total time for which application threads were stopped: 0.0004616 seconds, Stopping threads took: 0.0000120 seconds
[2019-06-24T09:22:28.838+0000][1][safepoint    ] Application time: 0.0054867 seconds
[2019-06-24T09:22:28.838+0000][1][safepoint    ] Entering safepoint region: RevokeBias
[2019-06-24T09:22:28.838+0000][1][safepoint    ] Leaving safepoint region
[2019-06-24T09:22:28.838+0000][1][safepoint    ] Total time for which application threads were stopped: 0.0001057 seconds, Stopping threads took: 0.0000327 seconds
[2019-06-24T09:22:28.838+0000][1][safepoint    ] Application time: 0.0003423 seconds
[2019-06-24T09:22:28.838+0000][1][safepoint    ] Entering safepoint region: RevokeBias
[2019-06-24T09:22:28.838+0000][1][safepoint    ] Leaving safepoint region
[2019-06-24T09:22:28.838+0000][1][safepoint    ] Total time for which application threads were stopped: 0.0000449 seconds, Stopping threads took: 0.0000102 seconds
[2019-06-24T09:22:28.839+0000][1][safepoint    ] Application time: 0.0002895 seconds
[2019-06-24T09:22:28.839+0000][1][safepoint    ] Entering safepoint region: RevokeBias
[2019-06-24T09:22:28.839+0000][1][safepoint    ] Leaving safepoint region
[2019-06-24T09:22:28.839+0000][1][safepoint    ] Total time for which application threads were stopped: 0.0000402 seconds, Stopping threads took: 0.0000091 seconds
[2019-06-24T09:22:28.839+0000][1][safepoint    ] Application time: 0.0006452 seconds
[2019-06-24T09:22:28.839+0000][1][safepoint    ] Entering safepoint region: RevokeBias
[2019-06-24T09:22:28.839+0000][1][safepoint    ] Leaving safepoint region
[2019-06-24T09:22:28.839+0000][1][safepoint    ] Total time for which application threads were stopped: 0.0000420 seconds, Stopping threads took: 0.0000091 seconds
[2019-06-24T09:22:28.840+0000][1][safepoint    ] Application time: 0.0002100 seconds
[2019-06-24T09:22:28.840+0000][1][safepoint    ] Entering safepoint region: RevokeBias
[2019-06-24T09:22:28.840+0000][1][safepoint    ] Leaving safepoint region
[2019-06-24T09:22:28.840+0000][1][safepoint    ] Total time for which application threads were stopped: 0.0000396 seconds, Stopping threads took: 0.0000092 seconds
[2019-06-24T09:22:28.840+0000][1][safepoint    ] Application time: 0.0003749 seconds
[2019-06-24T09:22:28.840+0000][1][safepoint    ] Entering safepoint region: RevokeBias
[2019-06-24T09:22:28.840+0000][1][safepoint    ] Leaving safepoint region
[2019-06-24T09:22:28.840+0000][1][safepoint    ] Total time for which application threads were stopped: 0.0000440 seconds, Stopping threads took: 0.0000092 seconds
[2019-06-24T09:22:28.840+0000][1][safepoint    ] Application time: 0.0001621 seconds
[2019-06-24T09:22:28.840+0000][1][safepoint    ] Entering safepoint region: RevokeBias
[2019-06-24T09:22:28.840+0000][1][safepoint    ] Leaving safepoint region
[2019-06-24T09:22:28.840+0000][1][safepoint    ] Total time for which application threads were stopped: 0.0000433 seconds, Stopping threads took: 0.0000092 seconds
[2019-06-24T09:22:28.840+0000][1][safepoint    ] Application time: 0.0001108 seconds
[2019-06-24T09:22:28.840+0000][1][safepoint    ] Entering safepoint region: RevokeBias
[2019-06-24T09:22:28.840+0000][1][safepoint    ] Leaving safepoint region
[2019-06-24T09:22:28.840+0000][1][safepoint    ] Total time for which application threads were stopped: 0.0000423 seconds, Stopping threads took: 0.0000090 seconds
[2019-06-24T09:22:28.841+0000][1][safepoint    ] Application time: 0.0001401 seconds
[2019-06-24T09:22:28.841+0000][1][safepoint    ] Entering safepoint region: RevokeBias
[2019-06-24T09:22:28.841+0000][1][safepoint    ] Leaving safepoint region
[2019-06-24T09:22:28.841+0000][1][safepoint    ] Total time for which application threads were stopped: 0.0000428 seconds, Stopping threads took: 0.0000093 seconds
[2019-06-24T09:22:28.841+0000][1][safepoint    ] Application time: 0.0002236 seconds
[2019-06-24T09:22:28.841+0000][1][safepoint    ] Entering safepoint region: RevokeBias
[2019-06-24T09:22:28.841+0000][1][safepoint    ] Leaving safepoint region
[2019-06-24T09:22:28.841+0000][1][safepoint    ] Total time for which application threads were stopped: 0.0000349 seconds, Stopping threads took: 0.0000079 seconds
[2019-06-24T09:22:28.841+0000][1][safepoint    ] Application time: 0.0001621 seconds
[2019-06-24T09:22:28.841+0000][1][safepoint    ] Entering safepoint region: RevokeBias
[2019-06-24T09:22:28.841+0000][1][safepoint    ] Leaving safepoint region
[2019-06-24T09:22:28.841+0000][1][safepoint    ] Total time for which application threads were stopped: 0.0000434 seconds, Stopping threads took: 0.0000098 seconds
[2019-06-24T09:22:28.841+0000][1][safepoint    ] Application time: 0.0000374 seconds
[2019-06-24T09:22:28.841+0000][1][safepoint    ] Entering safepoint region: RevokeBias
[2019-06-24T09:22:28.841+0000][1][safepoint    ] Leaving safepoint region
[2019-06-24T09:22:28.841+0000][1][safepoint    ] Total time for which application threads were stopped: 0.0000363 seconds, Stopping threads took: 0.0000075 seconds
[2019-06-24T09:22:28.842+0000][1][safepoint    ] Application time: 0.0004728 seconds
[2019-06-24T09:22:28.842+0000][1][safepoint    ] Entering safepoint region: RevokeBias
[2019-06-24T09:22:28.842+0000][1][safepoint    ] Leaving safepoint region
[2019-06-24T09:22:28.842+0000][1][safepoint    ] Total time for which application threads were stopped: 0.0000405 seconds, Stopping threads took: 0.0000096 seconds
[2019-06-24T09:22:28.843+0000][1][safepoint    ] Application time: 0.0007030 seconds
[2019-06-24T09:22:28.843+0000][1][safepoint    ] Entering safepoint region: RevokeBias
[2019-06-24T09:22:28.843+0000][1][safepoint    ] Leaving safepoint region
[2019-06-24T09:22:28.843+0000][1][safepoint    ] Total time for which application threads were stopped: 0.0000465 seconds, Stopping threads took: 0.0000095 seconds
[2019-06-24T09:22:28.843+0000][1][safepoint    ] Application time: 0.0001596 seconds
[2019-06-24T09:22:28.843+0000][1][safepoint    ] Entering safepoint region: RevokeBias
[2019-06-24T09:22:28.843+0000][1][safepoint    ] Leaving safepoint region
[2019-06-24T09:22:28.843+0000][1][safepoint    ] Total time for which application threads were stopped: 0.0000421 seconds, Stopping threads took: 0.0000093 seconds
[2019-06-24T09:22:28.843+0000][1][safepoint    ] Application time: 0.0001497 seconds
[2019-06-24T09:22:28.843+0000][1][safepoint    ] Entering safepoint region: RevokeBias
[2019-06-24T09:22:28.843+0000][1][safepoint    ] Leaving safepoint region
[2019-06-24T09:22:28.843+0000][1][safepoint    ] Total time for which application threads were stopped: 0.0000423 seconds, Stopping threads took: 0.0000092 seconds
[2019-06-24T09:22:28.843+0000][1][safepoint    ] Application time: 0.0001710 seconds
[2019-06-24T09:22:28.843+0000][1][safepoint    ] Entering safepoint region: RevokeBias
[2019-06-24T09:22:28.843+0000][1][safepoint    ] Leaving safepoint region
[2019-06-24T09:22:28.843+0000][1][safepoint    ] Total time for which application threads were stopped: 0.0000414 seconds, Stopping threads took: 0.0000091 seconds
[2019-06-24T09:22:28.843+0000][1][safepoint    ] Application time: 0.0001558 seconds
[2019-06-24T09:22:28.843+0000][1][safepoint    ] Entering safepoint region: RevokeBias
[2019-06-24T09:22:28.843+0000][1][safepoint    ] Leaving safepoint region
[2019-06-24T09:22:28.843+0000][1][safepoint    ] Total time for which application threads were stopped: 0.0000422 seconds, Stopping threads took: 0.0000092 seconds
[2019-06-24T09:22:28.845+0000][1][safepoint    ] Application time: 0.0014428 seconds
[2019-06-24T09:22:28.845+0000][1][safepoint    ] Entering safepoint region: RevokeBias
[2019-06-24T09:22:28.845+0000][1][safepoint    ] Leaving safepoint region
[2019-06-24T09:22:28.845+0000][1][safepoint    ] Total time for which application threads were stopped: 0.0000552 seconds, Stopping threads took: 0.0000264 seconds
[2019-06-24T09:22:28.845+0000][1][safepoint    ] Application time: 0.0001444 seconds
[2019-06-24T09:22:28.845+0000][1][safepoint    ] Entering safepoint region: RevokeBias
[2019-06-24T09:22:28.845+0000][1][safepoint    ] Leaving safepoint region
[2019-06-24T09:22:28.845+0000][1][safepoint    ] Total time for which application threads were stopped: 0.0000487 seconds, Stopping threads took: 0.0000094 seconds
[2019-06-24T09:22:28.846+0000][1][safepoint    ] Application time: 0.0007801 seconds
[2019-06-24T09:22:28.846+0000][1][safepoint    ] Entering safepoint region: RevokeBias
[2019-06-24T09:22:28.846+0000][1][safepoint    ] Leaving safepoint region
[2019-06-24T09:22:28.846+0000][1][safepoint    ] Total time for which application threads were stopped: 0.0001486 seconds, Stopping threads took: 0.0001125 seconds
[2019-06-24T09:22:28.846+0000][1][safepoint    ] Application time: 0.0002365 seconds
[2019-06-24T09:22:28.847+0000][1][safepoint    ] Entering safepoint region: RevokeBias
[2019-06-24T09:22:28.847+0000][1][safepoint    ] Leaving safepoint region
[2019-06-24T09:22:28.847+0000][1][safepoint    ] Total time for which application threads were stopped: 0.0000895 seconds, Stopping threads took: 0.0000460 seconds
[2019-06-24T09:22:28.847+0000][1][safepoint    ] Application time: 0.0002602 seconds
[2019-06-24T09:22:28.847+0000][1][safepoint    ] Entering safepoint region: RevokeBias
[2019-06-24T09:22:28.847+0000][1][safepoint    ] Leaving safepoint region
[2019-06-24T09:22:28.847+0000][1][safepoint    ] Total time for which application threads were stopped: 0.0001254 seconds, Stopping threads took: 0.0000748 seconds
[2019-06-24T09:22:28.847+0000][1][safepoint    ] Application time: 0.0003275 seconds
[2019-06-24T09:22:28.847+0000][1][safepoint    ] Entering safepoint region: RevokeBias
[2019-06-24T09:22:28.847+0000][1][safepoint    ] Leaving safepoint region
[2019-06-24T09:22:28.847+0000][1][safepoint    ] Total time for which application threads were stopped: 0.0001100 seconds, Stopping threads took: 0.0000368 seconds
[2019-06-24T09:22:28.848+0000][1][safepoint    ] Application time: 0.0002604 seconds
[2019-06-24T09:22:28.848+0000][1][safepoint    ] Entering safepoint region: RevokeBias
[2019-06-24T09:22:28.848+0000][1][safepoint    ] Leaving safepoint region
[2019-06-24T09:22:28.848+0000][1][safepoint    ] Total time for which application threads were stopped: 0.0002107 seconds, Stopping threads took: 0.0001521 seconds
[2019-06-24T09:22:28.848+0000][1][safepoint    ] Application time: 0.0002168 seconds
[2019-06-24T09:22:28.848+0000][1][safepoint    ] Entering safepoint region: RevokeBias
[2019-06-24T09:22:28.848+0000][1][safepoint    ] Leaving safepoint region
[2019-06-24T09:22:28.848+0000][1][safepoint    ] Total time for which application threads were stopped: 0.0002572 seconds, Stopping threads took: 0.0001712 seconds
[2019-06-24T09:22:28.849+0000][1][safepoint    ] Application time: 0.0008672 seconds
[2019-06-24T09:22:28.849+0000][1][safepoint    ] Entering safepoint region: RevokeBias
[2019-06-24T09:22:28.849+0000][1][safepoint    ] Leaving safepoint region
[2019-06-24T09:22:28.849+0000][1][safepoint    ] Total time for which application threads were stopped: 0.0001144 seconds, Stopping threads took: 0.0000585 seconds
[2019-06-24T09:22:28.850+0000][1][safepoint    ] Application time: 0.0002516 seconds
[2019-06-24T09:22:28.850+0000][1][safepoint    ] Entering safepoint region: RevokeBias
[2019-06-24T09:22:28.850+0000][1][safepoint    ] Leaving safepoint region
[2019-06-24T09:22:28.850+0000][1][safepoint    ] Total time for which application threads were stopped: 0.0001321 seconds, Stopping threads took: 0.0000796 seconds
[2019-06-24T09:22:28.850+0000][1][safepoint    ] Application time: 0.0001459 seconds
[2019-06-24T09:22:28.850+0000][1][safepoint    ] Entering safepoint region: RevokeBias
[2019-06-24T09:22:28.850+0000][1][safepoint    ] Leaving safepoint region
[2019-06-24T09:22:28.850+0000][1][safepoint    ] Total time for which application threads were stopped: 0.0001545 seconds, Stopping threads took: 0.0000981 seconds
[2019-06-24T09:22:28.850+0000][1][safepoint    ] Application time: 0.0002249 seconds
[2019-06-24T09:22:28.850+0000][1][safepoint    ] Entering safepoint region: RevokeBias
[2019-06-24T09:22:28.851+0000][1][safepoint    ] Leaving safepoint region
[2019-06-24T09:22:28.851+0000][1][safepoint    ] Total time for which application threads were stopped: 0.0001240 seconds, Stopping threads took: 0.0000732 seconds
[2019-06-24T09:22:28.851+0000][1][safepoint    ] Application time: 0.0003106 seconds
[2019-06-24T09:22:28.851+0000][1][safepoint    ] Entering safepoint region: RevokeBias
[2019-06-24T09:22:28.851+0000][1][safepoint    ] Leaving safepoint region
[2019-06-24T09:22:28.851+0000][1][safepoint    ] Total time for which application threads were stopped: 0.0001869 seconds, Stopping threads took: 0.0001519 seconds
[2019-06-24T09:22:28.851+0000][1][safepoint    ] Application time: 0.0003473 seconds
[2019-06-24T09:22:28.852+0000][1][safepoint    ] Entering safepoint region: RevokeBias
[2019-06-24T09:22:28.852+0000][1][safepoint    ] Leaving safepoint region
[2019-06-24T09:22:28.852+0000][1][safepoint    ] Total time for which application threads were stopped: 0.0001619 seconds, Stopping threads took: 0.0001152 seconds
[2019-06-24T09:22:28.852+0000][1][safepoint    ] Application time: 0.0001012 seconds
[2019-06-24T09:22:28.852+0000][1][safepoint    ] Entering safepoint region: RevokeBias
[2019-06-24T09:22:28.852+0000][1][safepoint    ] Leaving safepoint region
[2019-06-24T09:22:28.852+0000][1][safepoint    ] Total time for which application threads were stopped: 0.0000796 seconds, Stopping threads took: 0.0000469 seconds
[2019-06-24T09:22:28.852+0000][1][safepoint    ] Application time: 0.0001595 seconds
[2019-06-24T09:22:28.852+0000][1][safepoint    ] Entering safepoint region: RevokeBias
[2019-06-24T09:22:28.852+0000][1][safepoint    ] Leaving safepoint region
[2019-06-24T09:22:28.852+0000][1][safepoint    ] Total time for which application threads were stopped: 0.0000774 seconds, Stopping threads took: 0.0000278 seconds
[2019-06-24T09:22:28.852+0000][1][safepoint    ] Application time: 0.0001381 seconds
[2019-06-24T09:22:28.852+0000][1][safepoint    ] Entering safepoint region: RevokeBias
[2019-06-24T09:22:28.852+0000][1][safepoint    ] Leaving safepoint region
[2019-06-24T09:22:28.852+0000][1][safepoint    ] Total time for which application threads were stopped: 0.0001099 seconds, Stopping threads took: 0.0000430 seconds
[2019-06-24T09:22:28.853+0000][1][safepoint    ] Application time: 0.0001686 seconds
[2019-06-24T09:22:28.853+0000][1][safepoint    ] Entering safepoint region: RevokeBias
[2019-06-24T09:22:28.853+0000][1][safepoint    ] Leaving safepoint region
[2019-06-24T09:22:28.853+0000][1][safepoint    ] Total time for which application threads were stopped: 0.0000771 seconds, Stopping threads took: 0.0000396 seconds
[2019-06-24T09:22:28.853+0000][1][safepoint    ] Application time: 0.0000937 seconds
[2019-06-24T09:22:28.853+0000][1][safepoint    ] Entering safepoint region: RevokeBias
[2019-06-24T09:22:28.853+0000][1][safepoint    ] Leaving safepoint region
[2019-06-24T09:22:28.853+0000][1][safepoint    ] Total time for which application threads were stopped: 0.0000486 seconds, Stopping threads took: 0.0000246 seconds
[2019-06-24T09:22:28.853+0000][1][safepoint    ] Application time: 0.0000440 seconds
[2019-06-24T09:22:28.853+0000][1][safepoint    ] Entering safepoint region: RevokeBias
[2019-06-24T09:22:28.853+0000][1][safepoint    ] Leaving safepoint region
[2019-06-24T09:22:28.853+0000][1][safepoint    ] Total time for which application threads were stopped: 0.0000360 seconds, Stopping threads took: 0.0000070 seconds
[2019-06-24T09:22:28.853+0000][1][safepoint    ] Application time: 0.0000662 seconds
[2019-06-24T09:22:28.853+0000][1][safepoint    ] Entering safepoint region: RevokeBias
[2019-06-24T09:22:28.853+0000][1][safepoint    ] Leaving safepoint region
[2019-06-24T09:22:28.853+0000][1][safepoint    ] Total time for which application threads were stopped: 0.0000410 seconds, Stopping threads took: 0.0000197 seconds
[2019-06-24T09:22:28.853+0000][1][safepoint    ] Application time: 0.0000578 seconds
[2019-06-24T09:22:28.853+0000][1][safepoint    ] Entering safepoint region: RevokeBias
[2019-06-24T09:22:28.853+0000][1][safepoint    ] Leaving safepoint region
[2019-06-24T09:22:28.853+0000][1][safepoint    ] Total time for which application threads were stopped: 0.0000315 seconds, Stopping threads took: 0.0000076 seconds
[2019-06-24T09:22:28.853+0000][1][safepoint    ] Application time: 0.0000549 seconds
[2019-06-24T09:22:28.853+0000][1][safepoint    ] Entering safepoint region: RevokeBias
[2019-06-24T09:22:28.853+0000][1][safepoint    ] Leaving safepoint region
[2019-06-24T09:22:28.853+0000][1][safepoint    ] Total time for which application threads were stopped: 0.0000449 seconds, Stopping threads took: 0.0000238 seconds
[2019-06-24T09:22:28.853+0000][1][safepoint    ] Application time: 0.0001127 seconds
[2019-06-24T09:22:28.853+0000][1][safepoint    ] Entering safepoint region: RevokeBias
[2019-06-24T09:22:28.853+0000][1][safepoint    ] Leaving safepoint region
[2019-06-24T09:22:28.853+0000][1][safepoint    ] Total time for which application threads were stopped: 0.0000353 seconds, Stopping threads took: 0.0000074 seconds
[2019-06-24T09:22:28.854+0000][1][safepoint    ] Application time: 0.0001372 seconds
[2019-06-24T09:22:28.854+0000][1][safepoint    ] Entering safepoint region: RevokeBias
[2019-06-24T09:22:28.854+0000][1][safepoint    ] Leaving safepoint region
[2019-06-24T09:22:28.854+0000][1][safepoint    ] Total time for which application threads were stopped: 0.0000552 seconds, Stopping threads took: 0.0000234 seconds
[2019-06-24T09:22:28.856+0000][1][safepoint    ] Application time: 0.0026648 seconds
[2019-06-24T09:22:28.856+0000][1][safepoint    ] Entering safepoint region: RevokeBias
[2019-06-24T09:22:28.856+0000][1][safepoint    ] Leaving safepoint region
[2019-06-24T09:22:28.856+0000][1][safepoint    ] Total time for which application threads were stopped: 0.0000303 seconds, Stopping threads took: 0.0000097 seconds
[2019-06-24T09:22:28.862+0000][1][safepoint    ] Application time: 0.0058941 seconds
[2019-06-24T09:22:28.862+0000][1][safepoint    ] Entering safepoint region: RevokeBias
[2019-06-24T09:22:28.862+0000][1][safepoint    ] Leaving safepoint region
[2019-06-24T09:22:28.862+0000][1][safepoint    ] Total time for which application threads were stopped: 0.0000435 seconds, Stopping threads took: 0.0000111 seconds
[2019-06-24T09:22:28.862+0000][1][safepoint    ] Application time: 0.0000374 seconds
[2019-06-24T09:22:28.862+0000][1][safepoint    ] Entering safepoint region: BulkRevokeBias
[2019-06-24T09:22:28.862+0000][1][safepoint    ] Leaving safepoint region
[2019-06-24T09:22:28.862+0000][1][safepoint    ] Total time for which application threads were stopped: 0.0001110 seconds, Stopping threads took: 0.0000071 seconds
[2019-06-24T09:22:29.394+0000][1][safepoint    ] Application time: 0.5315873 seconds
[2019-06-24T09:22:29.394+0000][1][safepoint    ] Entering safepoint region: RevokeBias
[2019-06-24T09:22:29.394+0000][1][safepoint    ] Leaving safepoint region
[2019-06-24T09:22:29.394+0000][1][safepoint    ] Total time for which application threads were stopped: 0.0001860 seconds, Stopping threads took: 0.0000369 seconds
[2019-06-24T09:22:29.395+0000][1][safepoint    ] Application time: 0.0003380 seconds
[2019-06-24T09:22:29.395+0000][1][safepoint    ] Entering safepoint region: RevokeBias
[2019-06-24T09:22:29.395+0000][1][safepoint    ] Leaving safepoint region
[2019-06-24T09:22:29.395+0000][1][safepoint    ] Total time for which application threads were stopped: 0.0001121 seconds, Stopping threads took: 0.0000333 seconds
[2019-06-24T09:22:29.744+0000][1][safepoint    ] Application time: 0.3495014 seconds
[2019-06-24T09:22:29.744+0000][1][safepoint    ] Entering safepoint region: RevokeBias
[2019-06-24T09:22:29.745+0000][1][safepoint    ] Leaving safepoint region
[2019-06-24T09:22:29.745+0000][1][safepoint    ] Total time for which application threads were stopped: 0.0001318 seconds, Stopping threads took: 0.0000375 seconds
[2019-06-24T09:22:29.745+0000][1][safepoint    ] Application time: 0.0002650 seconds
[2019-06-24T09:22:29.745+0000][1][safepoint    ] Entering safepoint region: RevokeBias
[2019-06-24T09:22:29.745+0000][1][safepoint    ] Leaving safepoint region
[2019-06-24T09:22:29.745+0000][1][safepoint    ] Total time for which application threads were stopped: 0.0000891 seconds, Stopping threads took: 0.0000302 seconds
[2019-06-24T09:22:29.745+0000][1][safepoint    ] Application time: 0.0002595 seconds
[2019-06-24T09:22:29.745+0000][1][safepoint    ] Entering safepoint region: RevokeBias
[2019-06-24T09:22:29.745+0000][1][safepoint    ] Leaving safepoint region
[2019-06-24T09:22:29.745+0000][1][safepoint    ] Total time for which application threads were stopped: 0.0000909 seconds, Stopping threads took: 0.0000321 seconds
[2019-06-24T09:22:29.746+0000][1][safepoint    ] Application time: 0.0002638 seconds
[2019-06-24T09:22:29.746+0000][1][safepoint    ] Entering safepoint region: RevokeBias
[2019-06-24T09:22:29.746+0000][1][safepoint    ] Leaving safepoint region
[2019-06-24T09:22:29.746+0000][1][safepoint    ] Total time for which application threads were stopped: 0.0000896 seconds, Stopping threads took: 0.0000306 seconds
[2019-06-24T09:22:29.746+0000][1][safepoint    ] Application time: 0.0002399 seconds
[2019-06-24T09:22:29.746+0000][1][safepoint    ] Entering safepoint region: RevokeBias
[2019-06-24T09:22:29.746+0000][1][safepoint    ] Leaving safepoint region
[2019-06-24T09:22:29.746+0000][1][safepoint    ] Total time for which application threads were stopped: 0.0000895 seconds, Stopping threads took: 0.0000303 seconds
[2019-06-24T09:22:29.747+0000][1][safepoint    ] Application time: 0.0003232 seconds
[2019-06-24T09:22:29.747+0000][1][safepoint    ] Entering safepoint region: RevokeBias
[2019-06-24T09:22:29.747+0000][1][safepoint    ] Leaving safepoint region
[2019-06-24T09:22:29.747+0000][1][safepoint    ] Total time for which application threads were stopped: 0.0000765 seconds, Stopping threads took: 0.0000259 seconds
[2019-06-24T09:22:29.747+0000][1][safepoint    ] Application time: 0.0002798 seconds
[2019-06-24T09:22:29.747+0000][1][safepoint    ] Entering safepoint region: RevokeBias
[2019-06-24T09:22:29.747+0000][1][safepoint    ] Leaving safepoint region
[2019-06-24T09:22:29.747+0000][1][safepoint    ] Total time for which application threads were stopped: 0.0000895 seconds, Stopping threads took: 0.0000307 seconds
[2019-06-24T09:22:29.747+0000][1][safepoint    ] Application time: 0.0002562 seconds
[2019-06-24T09:22:29.748+0000][1][safepoint    ] Entering safepoint region: RevokeBias
[2019-06-24T09:22:29.748+0000][1][safepoint    ] Leaving safepoint region
[2019-06-24T09:22:29.748+0000][1][safepoint    ] Total time for which application threads were stopped: 0.0000898 seconds, Stopping threads took: 0.0000308 seconds
[2019-06-24T09:22:29.755+0000][1][safepoint    ] Application time: 0.0075238 seconds
[2019-06-24T09:22:29.755+0000][1][safepoint    ] Entering safepoint region: RevokeBias
[2019-06-24T09:22:29.755+0000][1][safepoint    ] Leaving safepoint region
[2019-06-24T09:22:29.755+0000][1][safepoint    ] Total time for which application threads were stopped: 0.0000872 seconds, Stopping threads took: 0.0000307 seconds
[2019-06-24T09:22:29.757+0000][1][safepoint    ] Application time: 0.0017890 seconds
[2019-06-24T09:22:29.757+0000][1][safepoint    ] Entering safepoint region: RevokeBias
[2019-06-24T09:22:29.758+0000][1][safepoint    ] Leaving safepoint region
[2019-06-24T09:22:29.758+0000][1][safepoint    ] Total time for which application threads were stopped: 0.0003749 seconds, Stopping threads took: 0.0002765 seconds
[2019-06-24T09:22:29.758+0000][1][safepoint    ] Application time: 0.0003173 seconds
[2019-06-24T09:22:29.758+0000][1][safepoint    ] Entering safepoint region: RevokeBias
[2019-06-24T09:22:29.758+0000][1][safepoint    ] Leaving safepoint region
[2019-06-24T09:22:29.758+0000][1][safepoint    ] Total time for which application threads were stopped: 0.0003543 seconds, Stopping threads took: 0.0002645 seconds
[2019-06-24T09:22:29.760+0000][1][safepoint    ] Application time: 0.0011813 seconds
[2019-06-24T09:22:29.760+0000][1][safepoint    ] Entering safepoint region: RevokeBias
[2019-06-24T09:22:29.760+0000][1][safepoint    ] Leaving safepoint region
[2019-06-24T09:22:29.760+0000][1][safepoint    ] Total time for which application threads were stopped: 0.0002844 seconds, Stopping threads took: 0.0001907 seconds
[2019-06-24T09:22:29.760+0000][1][safepoint    ] Application time: 0.0001549 seconds
[2019-06-24T09:22:29.760+0000][1][safepoint    ] Entering safepoint region: RevokeBias
[2019-06-24T09:22:29.760+0000][1][safepoint    ] Leaving safepoint region
[2019-06-24T09:22:29.760+0000][1][safepoint    ] Total time for which application threads were stopped: 0.0003119 seconds, Stopping threads took: 0.0002209 seconds
[2019-06-24T09:22:29.764+0000][1][safepoint    ] Application time: 0.0033879 seconds
[2019-06-24T09:22:29.764+0000][1][safepoint    ] Entering safepoint region: RevokeBias
[2019-06-24T09:22:29.764+0000][1][safepoint    ] Leaving safepoint region
[2019-06-24T09:22:29.764+0000][1][safepoint    ] Total time for which application threads were stopped: 0.0001133 seconds, Stopping threads took: 0.0000305 seconds
[2019-06-24T09:22:29.764+0000][1][safepoint    ] Application time: 0.0002619 seconds
[2019-06-24T09:22:29.764+0000][1][safepoint    ] Entering safepoint region: RevokeBias
[2019-06-24T09:22:29.764+0000][1][safepoint    ] Leaving safepoint region
[2019-06-24T09:22:29.764+0000][1][safepoint    ] Total time for which application threads were stopped: 0.0000365 seconds, Stopping threads took: 0.0000103 seconds
[2019-06-24T09:22:29.766+0000][1][safepoint    ] Application time: 0.0014055 seconds
[2019-06-24T09:22:29.766+0000][1][safepoint    ] Entering safepoint region: BulkRevokeBias
[2019-06-24T09:22:29.766+0000][1][safepoint    ] Leaving safepoint region
[2019-06-24T09:22:29.766+0000][1][safepoint    ] Total time for which application threads were stopped: 0.0001288 seconds, Stopping threads took: 0.0000114 seconds
[2019-06-24T09:22:29.772+0000][1][safepoint    ] Application time: 0.0056820 seconds
[2019-06-24T09:22:29.772+0000][1][safepoint    ] Entering safepoint region: RevokeBias
[2019-06-24T09:22:29.772+0000][1][safepoint    ] Leaving safepoint region
[2019-06-24T09:22:29.772+0000][1][safepoint    ] Total time for which application threads were stopped: 0.0000492 seconds, Stopping threads took: 0.0000133 seconds
[2019-06-24T09:22:29.772+0000][1][safepoint    ] Application time: 0.0000533 seconds
[2019-06-24T09:22:29.772+0000][1][safepoint    ] Entering safepoint region: RevokeBias
[2019-06-24T09:22:29.772+0000][1][safepoint    ] Leaving safepoint region
[2019-06-24T09:22:29.772+0000][1][safepoint    ] Total time for which application threads were stopped: 0.0001430 seconds, Stopping threads took: 0.0001122 seconds
[2019-06-24T09:22:29.772+0000][1][safepoint    ] Application time: 0.0000640 seconds
[2019-06-24T09:22:29.772+0000][1][safepoint    ] Entering safepoint region: RevokeBias
[2019-06-24T09:22:29.772+0000][1][safepoint    ] Leaving safepoint region
[2019-06-24T09:22:29.772+0000][1][safepoint    ] Total time for which application threads were stopped: 0.0001491 seconds, Stopping threads took: 0.0001189 seconds
[2019-06-24T09:22:29.773+0000][1][safepoint    ] Application time: 0.0005406 seconds
[2019-06-24T09:22:29.773+0000][1][safepoint    ] Entering safepoint region: RevokeBias
[2019-06-24T09:22:29.773+0000][1][safepoint    ] Leaving safepoint region
[2019-06-24T09:22:29.773+0000][1][safepoint    ] Total time for which application threads were stopped: 0.0000580 seconds, Stopping threads took: 0.0000287 seconds
[2019-06-24T09:22:29.773+0000][1][safepoint    ] Application time: 0.0000712 seconds
[2019-06-24T09:22:29.773+0000][1][safepoint    ] Entering safepoint region: RevokeBias
[2019-06-24T09:22:29.773+0000][1][safepoint    ] Leaving safepoint region
[2019-06-24T09:22:29.773+0000][1][safepoint    ] Total time for which application threads were stopped: 0.0000354 seconds, Stopping threads took: 0.0000092 seconds
[2019-06-24T09:22:29.773+0000][1][safepoint    ] Application time: 0.0000488 seconds
[2019-06-24T09:22:29.773+0000][1][safepoint    ] Entering safepoint region: RevokeBias
[2019-06-24T09:22:29.773+0000][1][safepoint    ] Leaving safepoint region
[2019-06-24T09:22:29.773+0000][1][safepoint    ] Total time for which application threads were stopped: 0.0000337 seconds, Stopping threads took: 0.0000088 seconds
[2019-06-24T09:22:29.773+0000][1][safepoint    ] Application time: 0.0003865 seconds
[2019-06-24T09:22:29.773+0000][1][safepoint    ] Entering safepoint region: RevokeBias
[2019-06-24T09:22:29.773+0000][1][safepoint    ] Leaving safepoint region
[2019-06-24T09:22:29.773+0000][1][safepoint    ] Total time for which application threads were stopped: 0.0001048 seconds, Stopping threads took: 0.0000759 seconds
[2019-06-24T09:22:29.774+0000][1][safepoint    ] Application time: 0.0004337 seconds
[2019-06-24T09:22:29.774+0000][1][safepoint    ] Entering safepoint region: RevokeBias
[2019-06-24T09:22:29.774+0000][1][safepoint    ] Leaving safepoint region
[2019-06-24T09:22:29.774+0000][1][safepoint    ] Total time for which application threads were stopped: 0.0000408 seconds, Stopping threads took: 0.0000100 seconds
[2019-06-24T09:22:29.774+0000][1][safepoint    ] Application time: 0.0000742 seconds
[2019-06-24T09:22:29.774+0000][1][safepoint    ] Entering safepoint region: BulkRevokeBias
[2019-06-24T09:22:29.774+0000][1][safepoint    ] Leaving safepoint region
[2019-06-24T09:22:29.774+0000][1][safepoint    ] Total time for which application threads were stopped: 0.0001448 seconds, Stopping threads took: 0.0000656 seconds
[2019-06-24T09:22:29.775+0000][1][safepoint    ] Application time: 0.0004765 seconds
[2019-06-24T09:22:29.775+0000][1][safepoint    ] Entering safepoint region: RevokeBias
[2019-06-24T09:22:29.775+0000][1][safepoint    ] Leaving safepoint region
[2019-06-24T09:22:29.775+0000][1][safepoint    ] Total time for which application threads were stopped: 0.0000384 seconds, Stopping threads took: 0.0000097 seconds
[2019-06-24T09:22:29.775+0000][1][safepoint    ] Application time: 0.0002436 seconds
[2019-06-24T09:22:29.775+0000][1][safepoint    ] Entering safepoint region: RevokeBias
[2019-06-24T09:22:29.775+0000][1][safepoint    ] Leaving safepoint region
[2019-06-24T09:22:29.775+0000][1][safepoint    ] Total time for which application threads were stopped: 0.0000782 seconds, Stopping threads took: 0.0000450 seconds
[2019-06-24T09:22:29.776+0000][1][safepoint    ] Application time: 0.0010434 seconds
[2019-06-24T09:22:29.776+0000][1][safepoint    ] Entering safepoint region: RevokeBias
[2019-06-24T09:22:29.776+0000][1][safepoint    ] Leaving safepoint region
[2019-06-24T09:22:29.776+0000][1][safepoint    ] Total time for which application threads were stopped: 0.0001397 seconds, Stopping threads took: 0.0001080 seconds
[2019-06-24T09:22:29.776+0000][1][safepoint    ] Application time: 0.0001512 seconds
[2019-06-24T09:22:29.776+0000][1][safepoint    ] Entering safepoint region: RevokeBias
[2019-06-24T09:22:29.776+0000][1][safepoint    ] Leaving safepoint region
[2019-06-24T09:22:29.776+0000][1][safepoint    ] Total time for which application threads were stopped: 0.0000348 seconds, Stopping threads took: 0.0000102 seconds
[2019-06-24T09:22:29.777+0000][1][safepoint    ] Application time: 0.0001875 seconds
[2019-06-24T09:22:29.777+0000][1][safepoint    ] Entering safepoint region: RevokeBias
[2019-06-24T09:22:29.777+0000][1][safepoint    ] Leaving safepoint region
[2019-06-24T09:22:29.777+0000][1][safepoint    ] Total time for which application threads were stopped: 0.0000385 seconds, Stopping threads took: 0.0000105 seconds
[2019-06-24T09:22:29.777+0000][1][safepoint    ] Application time: 0.0001175 seconds
[2019-06-24T09:22:29.777+0000][1][safepoint    ] Entering safepoint region: RevokeBias
[2019-06-24T09:22:29.777+0000][1][safepoint    ] Leaving safepoint region
[2019-06-24T09:22:29.777+0000][1][safepoint    ] Total time for which application threads were stopped: 0.0001319 seconds, Stopping threads took: 0.0001034 seconds
[2019-06-24T09:22:29.779+0000][1][safepoint    ] Application time: 0.0016241 seconds
[2019-06-24T09:22:29.779+0000][1][safepoint    ] Entering safepoint region: RevokeBias
[2019-06-24T09:22:29.779+0000][1][safepoint    ] Leaving safepoint region
[2019-06-24T09:22:29.779+0000][1][safepoint    ] Total time for which application threads were stopped: 0.0000749 seconds, Stopping threads took: 0.0000423 seconds
[2019-06-24T09:22:29.779+0000][1][safepoint    ] Application time: 0.0000771 seconds
[2019-06-24T09:22:29.779+0000][1][safepoint    ] Entering safepoint region: RevokeBias
[2019-06-24T09:22:29.779+0000][1][safepoint    ] Leaving safepoint region
[2019-06-24T09:22:29.779+0000][1][safepoint    ] Total time for which application threads were stopped: 0.0000337 seconds, Stopping threads took: 0.0000096 seconds
[2019-06-24T09:22:29.779+0000][1][safepoint    ] Application time: 0.0000531 seconds
[2019-06-24T09:22:29.779+0000][1][safepoint    ] Entering safepoint region: RevokeBias
[2019-06-24T09:22:29.779+0000][1][safepoint    ] Leaving safepoint region
[2019-06-24T09:22:29.779+0000][1][safepoint    ] Total time for which application threads were stopped: 0.0000316 seconds, Stopping threads took: 0.0000087 seconds
[2019-06-24T09:22:29.779+0000][1][safepoint    ] Application time: 0.0001954 seconds
[2019-06-24T09:22:29.779+0000][1][safepoint    ] Entering safepoint region: RevokeBias
[2019-06-24T09:22:29.779+0000][1][safepoint    ] Leaving safepoint region
[2019-06-24T09:22:29.779+0000][1][safepoint    ] Total time for which application threads were stopped: 0.0000610 seconds, Stopping threads took: 0.0000354 seconds
[2019-06-24T09:22:29.779+0000][1][safepoint    ] Application time: 0.0001031 seconds
[2019-06-24T09:22:29.779+0000][1][safepoint    ] Entering safepoint region: RevokeBias
[2019-06-24T09:22:29.779+0000][1][safepoint    ] Leaving safepoint region
[2019-06-24T09:22:29.779+0000][1][safepoint    ] Total time for which application threads were stopped: 0.0000625 seconds, Stopping threads took: 0.0000351 seconds
[2019-06-24T09:22:29.780+0000][1][safepoint    ] Application time: 0.0000829 seconds
[2019-06-24T09:22:29.780+0000][1][safepoint    ] Entering safepoint region: RevokeBias
[2019-06-24T09:22:29.780+0000][1][safepoint    ] Leaving safepoint region
[2019-06-24T09:22:29.780+0000][1][safepoint    ] Total time for which application threads were stopped: 0.0000581 seconds, Stopping threads took: 0.0000274 seconds
[2019-06-24T09:22:29.782+0000][1][gc,heap,exit ] Heap
[2019-06-24T09:22:29.782+0000][1][gc,heap,exit ]  par new generation   total 78656K, used 26364K [0x00000000f0000000, 0x00000000f5550000, 0x00000000f5550000)
[2019-06-24T09:22:29.782+0000][1][gc,heap,exit ]   eden space 69952K,  26% used [0x00000000f0000000, 0x00000000f12306a8, 0x00000000f4450000)
[2019-06-24T09:22:29.782+0000][1][gc,heap,exit ]   from space 8704K,  88% used [0x00000000f4450000, 0x00000000f4bdec80, 0x00000000f4cd0000)
[2019-06-24T09:22:29.782+0000][1][gc,heap,exit ]   to   space 8704K,   0% used [0x00000000f4cd0000, 0x00000000f4cd0000, 0x00000000f5550000)
[2019-06-24T09:22:29.782+0000][1][gc,heap,exit ]  concurrent mark-sweep generation total 174784K, used 62351K [0x00000000f5550000, 0x0000000100000000, 0x0000000100000000)
[2019-06-24T09:22:29.782+0000][1][gc,heap,exit ]  Metaspace       used 63241K, capacity 68005K, committed 68292K, reserved 1107968K
[2019-06-24T09:22:29.782+0000][1][gc,heap,exit ]   class space    used 8604K, capacity 10561K, committed 10660K, reserved 1048576K
[2019-06-24T09:22:29.782+0000][1][safepoint    ] Application time: 0.0026475 seconds
[2019-06-24T09:22:29.782+0000][1][safepoint    ] Entering safepoint region: Halt
