[2019-06-24T09:21:16.033+0000][1][gc] Using Concurrent Mark Sweep
[2019-06-24T09:21:16.034+0000][1][gc,heap,coops] Heap address: 0x00000000f0000000, size: 256 MB, Compressed Oops mode: 32-bit
[2019-06-24T09:21:16.079+0000][1][safepoint    ] Entering safepoint region: EnableBiasedLocking
[2019-06-24T09:21:16.079+0000][1][safepoint    ] Leaving safepoint region
[2019-06-24T09:21:16.079+0000][1][safepoint    ] Total time for which application threads were stopped: 0.0001810 seconds, Stopping threads took: 0.0001127 seconds
[2019-06-24T09:21:16.082+0000][1][safepoint    ] Application time: 0.0026590 seconds
[2019-06-24T09:21:16.082+0000][1][safepoint    ] Entering safepoint region: RevokeBias
[2019-06-24T09:21:16.082+0000][1][safepoint    ] Leaving safepoint region
[2019-06-24T09:21:16.082+0000][1][safepoint    ] Total time for which application threads were stopped: 0.0000879 seconds, Stopping threads took: 0.0000231 seconds
[2019-06-24T09:21:16.090+0000][1][safepoint    ] Application time: 0.0080581 seconds
[2019-06-24T09:21:16.090+0000][1][safepoint    ] Entering safepoint region: Deoptimize
[2019-06-24T09:21:16.090+0000][1][safepoint    ] Leaving safepoint region
[2019-06-24T09:21:16.090+0000][1][safepoint    ] Total time for which application threads were stopped: 0.0000514 seconds, Stopping threads took: 0.0000099 seconds
[2019-06-24T09:21:16.184+0000][1][safepoint    ] Application time: 0.0932523 seconds
[2019-06-24T09:21:16.184+0000][1][safepoint    ] Entering safepoint region: RevokeBias
[2019-06-24T09:21:16.184+0000][1][safepoint    ] Leaving safepoint region
[2019-06-24T09:21:16.184+0000][1][safepoint    ] Total time for which application threads were stopped: 0.0000939 seconds, Stopping threads took: 0.0000419 seconds
[2019-06-24T09:21:16.185+0000][1][safepoint    ] Application time: 0.0013661 seconds
[2019-06-24T09:21:16.185+0000][1][safepoint    ] Entering safepoint region: Deoptimize
[2019-06-24T09:21:16.185+0000][1][safepoint    ] Leaving safepoint region
[2019-06-24T09:21:16.185+0000][1][safepoint    ] Total time for which application threads were stopped: 0.0000495 seconds, Stopping threads took: 0.0000070 seconds
[2019-06-24T09:21:16.208+0000][1][safepoint    ] Application time: 0.0225232 seconds
[2019-06-24T09:21:16.208+0000][1][safepoint    ] Entering safepoint region: Deoptimize
[2019-06-24T09:21:16.208+0000][1][safepoint    ] Leaving safepoint region
[2019-06-24T09:21:16.208+0000][1][safepoint    ] Total time for which application threads were stopped: 0.0000681 seconds, Stopping threads took: 0.0000094 seconds
[2019-06-24T09:21:16.427+0000][1][safepoint    ] Application time: 0.2189682 seconds
[2019-06-24T09:21:16.427+0000][1][safepoint    ] Entering safepoint region: Deoptimize
[2019-06-24T09:21:16.427+0000][1][safepoint    ] Leaving safepoint region
[2019-06-24T09:21:16.427+0000][1][safepoint    ] Total time for which application threads were stopped: 0.0001554 seconds, Stopping threads took: 0.0000122 seconds
[2019-06-24T09:21:16.446+0000][1][safepoint    ] Application time: 0.0195185 seconds
[2019-06-24T09:21:16.446+0000][1][safepoint    ] Entering safepoint region: Deoptimize
[2019-06-24T09:21:16.447+0000][1][safepoint    ] Leaving safepoint region
[2019-06-24T09:21:16.447+0000][1][safepoint    ] Total time for which application threads were stopped: 0.0001422 seconds, Stopping threads took: 0.0000083 seconds
[2019-06-24T09:21:16.475+0000][1][safepoint    ] Application time: 0.0282393 seconds
[2019-06-24T09:21:16.475+0000][1][safepoint    ] Entering safepoint region: Deoptimize
[2019-06-24T09:21:16.475+0000][1][safepoint    ] Leaving safepoint region
[2019-06-24T09:21:16.475+0000][1][safepoint    ] Total time for which application threads were stopped: 0.0001189 seconds, Stopping threads took: 0.0000090 seconds
[2019-06-24T09:21:16.484+0000][1][safepoint    ] Application time: 0.0094076 seconds
[2019-06-24T09:21:16.484+0000][1][safepoint    ] Entering safepoint region: Deoptimize
[2019-06-24T09:21:16.485+0000][1][safepoint    ] Leaving safepoint region
[2019-06-24T09:21:16.485+0000][1][safepoint    ] Total time for which application threads were stopped: 0.0001434 seconds, Stopping threads took: 0.0000141 seconds
[2019-06-24T09:21:16.837+0000][1][safepoint    ] Application time: 0.3521444 seconds
[2019-06-24T09:21:16.837+0000][1][safepoint    ] Entering safepoint region: Deoptimize
[2019-06-24T09:21:16.837+0000][1][safepoint    ] Leaving safepoint region
[2019-06-24T09:21:16.837+0000][1][safepoint    ] Total time for which application threads were stopped: 0.0003004 seconds, Stopping threads took: 0.0000097 seconds
[2019-06-24T09:21:17.051+0000][1][safepoint    ] Application time: 0.2143401 seconds
[2019-06-24T09:21:17.051+0000][1][safepoint    ] Entering safepoint region: RevokeBias
[2019-06-24T09:21:17.052+0000][1][safepoint    ] Leaving safepoint region
[2019-06-24T09:21:17.052+0000][1][safepoint    ] Total time for which application threads were stopped: 0.0001498 seconds, Stopping threads took: 0.0000298 seconds
[2019-06-24T09:21:17.135+0000][1][safepoint    ] Application time: 0.0835664 seconds
[2019-06-24T09:21:17.135+0000][1][safepoint    ] Entering safepoint region: Deoptimize
[2019-06-24T09:21:17.135+0000][1][safepoint    ] Leaving safepoint region
[2019-06-24T09:21:17.135+0000][1][safepoint    ] Total time for which application threads were stopped: 0.0001870 seconds, Stopping threads took: 0.0000088 seconds
[2019-06-24T09:21:17.244+0000][1][safepoint    ] Application time: 0.1083090 seconds
[2019-06-24T09:21:17.244+0000][1][safepoint    ] Entering safepoint region: Deoptimize
[2019-06-24T09:21:17.244+0000][1][safepoint    ] Leaving safepoint region
[2019-06-24T09:21:17.244+0000][1][safepoint    ] Total time for which application threads were stopped: 0.0001753 seconds, Stopping threads took: 0.0000098 seconds
[2019-06-24T09:21:17.244+0000][1][safepoint    ] Application time: 0.0001274 seconds
[2019-06-24T09:21:17.244+0000][1][safepoint    ] Entering safepoint region: Deoptimize
[2019-06-24T09:21:17.244+0000][1][safepoint    ] Leaving safepoint region
[2019-06-24T09:21:17.244+0000][1][safepoint    ] Total time for which application threads were stopped: 0.0001098 seconds, Stopping threads took: 0.0000072 seconds
[2019-06-24T09:21:17.258+0000][1][safepoint    ] Application time: 0.0140744 seconds
[2019-06-24T09:21:17.258+0000][1][safepoint    ] Entering safepoint region: Deoptimize
[2019-06-24T09:21:17.259+0000][1][safepoint    ] Leaving safepoint region
[2019-06-24T09:21:17.259+0000][1][safepoint    ] Total time for which application threads were stopped: 0.0002268 seconds, Stopping threads took: 0.0000107 seconds
[2019-06-24T09:21:17.267+0000][1][safepoint    ] Application time: 0.0082047 seconds
[2019-06-24T09:21:17.267+0000][1][safepoint    ] Entering safepoint region: Deoptimize
[2019-06-24T09:21:17.267+0000][1][safepoint    ] Leaving safepoint region
[2019-06-24T09:21:17.267+0000][1][safepoint    ] Total time for which application threads were stopped: 0.0001800 seconds, Stopping threads took: 0.0000095 seconds
[2019-06-24T09:21:17.272+0000][1][safepoint    ] Application time: 0.0050158 seconds
[2019-06-24T09:21:17.272+0000][1][safepoint    ] Entering safepoint region: RevokeBias
[2019-06-24T09:21:17.272+0000][1][safepoint    ] Leaving safepoint region
[2019-06-24T09:21:17.272+0000][1][safepoint    ] Total time for which application threads were stopped: 0.0000583 seconds, Stopping threads took: 0.0000173 seconds
[2019-06-24T09:21:17.272+0000][1][safepoint    ] Application time: 0.0002380 seconds
[2019-06-24T09:21:17.272+0000][1][safepoint    ] Entering safepoint region: RevokeBias
[2019-06-24T09:21:17.272+0000][1][safepoint    ] Leaving safepoint region
[2019-06-24T09:21:17.272+0000][1][safepoint    ] Total time for which application threads were stopped: 0.0000472 seconds, Stopping threads took: 0.0000169 seconds
[2019-06-24T09:21:17.273+0000][1][safepoint    ] Application time: 0.0002092 seconds
[2019-06-24T09:21:17.273+0000][1][safepoint    ] Entering safepoint region: RevokeBias
[2019-06-24T09:21:17.273+0000][1][safepoint    ] Leaving safepoint region
[2019-06-24T09:21:17.273+0000][1][safepoint    ] Total time for which application threads were stopped: 0.0000410 seconds, Stopping threads took: 0.0000166 seconds
[2019-06-24T09:21:17.273+0000][1][safepoint    ] Application time: 0.0001810 seconds
[2019-06-24T09:21:17.273+0000][1][safepoint    ] Entering safepoint region: RevokeBias
[2019-06-24T09:21:17.273+0000][1][safepoint    ] Leaving safepoint region
[2019-06-24T09:21:17.273+0000][1][safepoint    ] Total time for which application threads were stopped: 0.0000419 seconds, Stopping threads took: 0.0000206 seconds
[2019-06-24T09:21:17.273+0000][1][safepoint    ] Application time: 0.0001749 seconds
[2019-06-24T09:21:17.273+0000][1][safepoint    ] Entering safepoint region: RevokeBias
[2019-06-24T09:21:17.273+0000][1][safepoint    ] Leaving safepoint region
[2019-06-24T09:21:17.273+0000][1][safepoint    ] Total time for which application threads were stopped: 0.0000586 seconds, Stopping threads took: 0.0000306 seconds
[2019-06-24T09:21:17.273+0000][1][safepoint    ] Application time: 0.0001664 seconds
[2019-06-24T09:21:17.273+0000][1][safepoint    ] Entering safepoint region: RevokeBias
[2019-06-24T09:21:17.273+0000][1][safepoint    ] Leaving safepoint region
[2019-06-24T09:21:17.273+0000][1][safepoint    ] Total time for which application threads were stopped: 0.0000640 seconds, Stopping threads took: 0.0000331 seconds
[2019-06-24T09:21:17.275+0000][1][safepoint    ] Application time: 0.0012670 seconds
[2019-06-24T09:21:17.275+0000][1][safepoint    ] Entering safepoint region: RevokeBias
[2019-06-24T09:21:17.275+0000][1][safepoint    ] Leaving safepoint region
[2019-06-24T09:21:17.275+0000][1][safepoint    ] Total time for which application threads were stopped: 0.0000322 seconds, Stopping threads took: 0.0000083 seconds
[2019-06-24T09:21:17.280+0000][1][safepoint    ] Application time: 0.0051322 seconds
[2019-06-24T09:21:17.280+0000][1][safepoint    ] Entering safepoint region: Deoptimize
[2019-06-24T09:21:17.280+0000][1][safepoint    ] Leaving safepoint region
[2019-06-24T09:21:17.280+0000][1][safepoint    ] Total time for which application threads were stopped: 0.0001738 seconds, Stopping threads took: 0.0000094 seconds
[2019-06-24T09:21:17.349+0000][1][safepoint    ] Application time: 0.0687967 seconds
[2019-06-24T09:21:17.349+0000][1][safepoint    ] Entering safepoint region: GenCollectForAllocation
[2019-06-24T09:21:17.349+0000][1][gc,start     ] GC(0) Pause Young (Allocation Failure)
[2019-06-24T09:21:17.350+0000][1][gc,task      ] GC(0) Using 5 workers of 8 for evacuation
[2019-06-24T09:21:17.354+0000][1][gc,age       ] GC(0) Desired survivor size 4456448 bytes, new threshold 1 (max threshold 6)
[2019-06-24T09:21:17.354+0000][1][gc,age       ] GC(0) Age table with threshold 1 (max threshold 6)
[2019-06-24T09:21:17.354+0000][1][gc,age       ] GC(0) - age   1:    7434584 bytes,    7434584 total
[2019-06-24T09:21:17.354+0000][1][gc,heap      ] GC(0) ParNew: 69952K->7356K(78656K)
[2019-06-24T09:21:17.354+0000][1][gc,heap      ] GC(0) CMS: 0K->0K(174784K)
[2019-06-24T09:21:17.354+0000][1][gc,metaspace ] GC(0) Metaspace: 12124K->12124K(1060864K)
[2019-06-24T09:21:17.354+0000][1][gc           ] GC(0) Pause Young (Allocation Failure) 68M->7M(247M) 5.235ms
[2019-06-24T09:21:17.354+0000][1][gc,cpu       ] GC(0) User=0.03s Sys=0.01s Real=0.00s
[2019-06-24T09:21:17.354+0000][1][safepoint    ] Leaving safepoint region
[2019-06-24T09:21:17.354+0000][1][safepoint    ] Total time for which application threads were stopped: 0.0053369 seconds, Stopping threads took: 0.0000127 seconds
[2019-06-24T09:21:17.355+0000][1][safepoint    ] Application time: 0.0003000 seconds
[2019-06-24T09:21:17.355+0000][1][safepoint    ] Entering safepoint region: RevokeBias
[2019-06-24T09:21:17.355+0000][1][safepoint    ] Leaving safepoint region
[2019-06-24T09:21:17.355+0000][1][safepoint    ] Total time for which application threads were stopped: 0.0000944 seconds, Stopping threads took: 0.0000560 seconds
[2019-06-24T09:21:17.355+0000][1][safepoint    ] Application time: 0.0000403 seconds
[2019-06-24T09:21:17.355+0000][1][safepoint    ] Entering safepoint region: RevokeBias
[2019-06-24T09:21:17.355+0000][1][safepoint    ] Leaving safepoint region
[2019-06-24T09:21:17.355+0000][1][safepoint    ] Total time for which application threads were stopped: 0.0001193 seconds, Stopping threads took: 0.0000880 seconds
[2019-06-24T09:21:17.355+0000][1][safepoint    ] Application time: 0.0001200 seconds
[2019-06-24T09:21:17.355+0000][1][safepoint    ] Entering safepoint region: RevokeBias
[2019-06-24T09:21:17.355+0000][1][safepoint    ] Leaving safepoint region
[2019-06-24T09:21:17.355+0000][1][safepoint    ] Total time for which application threads were stopped: 0.0001727 seconds, Stopping threads took: 0.0001446 seconds
[2019-06-24T09:21:17.355+0000][1][safepoint    ] Application time: 0.0001078 seconds
[2019-06-24T09:21:17.355+0000][1][safepoint    ] Entering safepoint region: RevokeBias
[2019-06-24T09:21:17.355+0000][1][safepoint    ] Leaving safepoint region
[2019-06-24T09:21:17.355+0000][1][safepoint    ] Total time for which application threads were stopped: 0.0000526 seconds, Stopping threads took: 0.0000270 seconds
[2019-06-24T09:21:17.355+0000][1][safepoint    ] Application time: 0.0000998 seconds
[2019-06-24T09:21:17.355+0000][1][safepoint    ] Entering safepoint region: RevokeBias
[2019-06-24T09:21:17.356+0000][1][safepoint    ] Leaving safepoint region
[2019-06-24T09:21:17.356+0000][1][safepoint    ] Total time for which application threads were stopped: 0.0001023 seconds, Stopping threads took: 0.0000694 seconds
[2019-06-24T09:21:17.356+0000][1][safepoint    ] Application time: 0.0000379 seconds
[2019-06-24T09:21:17.356+0000][1][safepoint    ] Entering safepoint region: RevokeBias
[2019-06-24T09:21:17.356+0000][1][safepoint    ] Leaving safepoint region
[2019-06-24T09:21:17.356+0000][1][safepoint    ] Total time for which application threads were stopped: 0.0000388 seconds, Stopping threads took: 0.0000126 seconds
[2019-06-24T09:21:17.356+0000][1][safepoint    ] Application time: 0.0001156 seconds
[2019-06-24T09:21:17.356+0000][1][safepoint    ] Entering safepoint region: RevokeBias
[2019-06-24T09:21:17.356+0000][1][safepoint    ] Leaving safepoint region
[2019-06-24T09:21:17.356+0000][1][safepoint    ] Total time for which application threads were stopped: 0.0001326 seconds, Stopping threads took: 0.0000760 seconds
[2019-06-24T09:21:17.356+0000][1][safepoint    ] Application time: 0.0000467 seconds
[2019-06-24T09:21:17.356+0000][1][safepoint    ] Entering safepoint region: RevokeBias
[2019-06-24T09:21:17.356+0000][1][safepoint    ] Leaving safepoint region
[2019-06-24T09:21:17.356+0000][1][safepoint    ] Total time for which application threads were stopped: 0.0000653 seconds, Stopping threads took: 0.0000226 seconds
[2019-06-24T09:21:17.356+0000][1][safepoint    ] Application time: 0.0000457 seconds
[2019-06-24T09:21:17.356+0000][1][safepoint    ] Entering safepoint region: RevokeBias
[2019-06-24T09:21:17.356+0000][1][safepoint    ] Leaving safepoint region
[2019-06-24T09:21:17.356+0000][1][safepoint    ] Total time for which application threads were stopped: 0.0000618 seconds, Stopping threads took: 0.0000271 seconds
[2019-06-24T09:21:17.356+0000][1][safepoint    ] Application time: 0.0000665 seconds
[2019-06-24T09:21:17.356+0000][1][safepoint    ] Entering safepoint region: RevokeBias
[2019-06-24T09:21:17.356+0000][1][safepoint    ] Leaving safepoint region
[2019-06-24T09:21:17.356+0000][1][safepoint    ] Total time for which application threads were stopped: 0.0000574 seconds, Stopping threads took: 0.0000293 seconds
[2019-06-24T09:21:17.356+0000][1][safepoint    ] Application time: 0.0000984 seconds
[2019-06-24T09:21:17.356+0000][1][safepoint    ] Entering safepoint region: RevokeBias
[2019-06-24T09:21:17.356+0000][1][safepoint    ] Leaving safepoint region
[2019-06-24T09:21:17.357+0000][1][safepoint    ] Total time for which application threads were stopped: 0.0000756 seconds, Stopping threads took: 0.0000441 seconds
[2019-06-24T09:21:17.357+0000][1][safepoint    ] Application time: 0.0000367 seconds
[2019-06-24T09:21:17.357+0000][1][safepoint    ] Entering safepoint region: RevokeBias
[2019-06-24T09:21:17.357+0000][1][safepoint    ] Leaving safepoint region
[2019-06-24T09:21:17.357+0000][1][safepoint    ] Total time for which application threads were stopped: 0.0000496 seconds, Stopping threads took: 0.0000179 seconds
[2019-06-24T09:21:17.357+0000][1][safepoint    ] Application time: 0.0000405 seconds
[2019-06-24T09:21:17.357+0000][1][safepoint    ] Entering safepoint region: RevokeBias
[2019-06-24T09:21:17.357+0000][1][safepoint    ] Leaving safepoint region
[2019-06-24T09:21:17.357+0000][1][safepoint    ] Total time for which application threads were stopped: 0.0000402 seconds, Stopping threads took: 0.0000098 seconds
[2019-06-24T09:21:17.357+0000][1][safepoint    ] Application time: 0.0000346 seconds
[2019-06-24T09:21:17.357+0000][1][safepoint    ] Entering safepoint region: RevokeBias
[2019-06-24T09:21:17.357+0000][1][safepoint    ] Leaving safepoint region
[2019-06-24T09:21:17.357+0000][1][safepoint    ] Total time for which application threads were stopped: 0.0000384 seconds, Stopping threads took: 0.0000090 seconds
[2019-06-24T09:21:17.357+0000][1][safepoint    ] Application time: 0.0002096 seconds
[2019-06-24T09:21:17.357+0000][1][safepoint    ] Entering safepoint region: RevokeBias
[2019-06-24T09:21:17.357+0000][1][safepoint    ] Leaving safepoint region
[2019-06-24T09:21:17.357+0000][1][safepoint    ] Total time for which application threads were stopped: 0.0000846 seconds, Stopping threads took: 0.0000470 seconds
[2019-06-24T09:21:17.357+0000][1][safepoint    ] Application time: 0.0000372 seconds
[2019-06-24T09:21:17.357+0000][1][safepoint    ] Entering safepoint region: RevokeBias
[2019-06-24T09:21:17.357+0000][1][safepoint    ] Leaving safepoint region
[2019-06-24T09:21:17.357+0000][1][safepoint    ] Total time for which application threads were stopped: 0.0000422 seconds, Stopping threads took: 0.0000096 seconds
[2019-06-24T09:21:17.357+0000][1][safepoint    ] Application time: 0.0000389 seconds
[2019-06-24T09:21:17.357+0000][1][safepoint    ] Entering safepoint region: RevokeBias
[2019-06-24T09:21:17.357+0000][1][safepoint    ] Leaving safepoint region
[2019-06-24T09:21:17.357+0000][1][safepoint    ] Total time for which application threads were stopped: 0.0000590 seconds, Stopping threads took: 0.0000259 seconds
[2019-06-24T09:21:17.357+0000][1][safepoint    ] Application time: 0.0000345 seconds
[2019-06-24T09:21:17.357+0000][1][safepoint    ] Entering safepoint region: RevokeBias
[2019-06-24T09:21:17.357+0000][1][safepoint    ] Leaving safepoint region
[2019-06-24T09:21:17.357+0000][1][safepoint    ] Total time for which application threads were stopped: 0.0000421 seconds, Stopping threads took: 0.0000092 seconds
[2019-06-24T09:21:17.357+0000][1][safepoint    ] Application time: 0.0000402 seconds
[2019-06-24T09:21:17.358+0000][1][safepoint    ] Entering safepoint region: RevokeBias
[2019-06-24T09:21:17.358+0000][1][safepoint    ] Leaving safepoint region
[2019-06-24T09:21:17.358+0000][1][safepoint    ] Total time for which application threads were stopped: 0.0000511 seconds, Stopping threads took: 0.0000276 seconds
[2019-06-24T09:21:17.358+0000][1][safepoint    ] Application time: 0.0000354 seconds
[2019-06-24T09:21:17.358+0000][1][safepoint    ] Entering safepoint region: RevokeBias
[2019-06-24T09:21:17.358+0000][1][safepoint    ] Leaving safepoint region
[2019-06-24T09:21:17.358+0000][1][safepoint    ] Total time for which application threads were stopped: 0.0000317 seconds, Stopping threads took: 0.0000092 seconds
[2019-06-24T09:21:17.358+0000][1][safepoint    ] Application time: 0.0000521 seconds
[2019-06-24T09:21:17.358+0000][1][safepoint    ] Entering safepoint region: RevokeBias
[2019-06-24T09:21:17.358+0000][1][safepoint    ] Leaving safepoint region
[2019-06-24T09:21:17.358+0000][1][safepoint    ] Total time for which application threads were stopped: 0.0000319 seconds, Stopping threads took: 0.0000094 seconds
[2019-06-24T09:21:17.358+0000][1][safepoint    ] Application time: 0.0000398 seconds
[2019-06-24T09:21:17.358+0000][1][safepoint    ] Entering safepoint region: RevokeBias
[2019-06-24T09:21:17.358+0000][1][safepoint    ] Leaving safepoint region
[2019-06-24T09:21:17.358+0000][1][safepoint    ] Total time for which application threads were stopped: 0.0000638 seconds, Stopping threads took: 0.0000336 seconds
[2019-06-24T09:21:17.358+0000][1][safepoint    ] Application time: 0.0000533 seconds
[2019-06-24T09:21:17.358+0000][1][safepoint    ] Entering safepoint region: RevokeBias
[2019-06-24T09:21:17.358+0000][1][safepoint    ] Leaving safepoint region
[2019-06-24T09:21:17.358+0000][1][safepoint    ] Total time for which application threads were stopped: 0.0000664 seconds, Stopping threads took: 0.0000354 seconds
[2019-06-24T09:21:17.358+0000][1][safepoint    ] Application time: 0.0000367 seconds
[2019-06-24T09:21:17.358+0000][1][safepoint    ] Entering safepoint region: RevokeBias
[2019-06-24T09:21:17.358+0000][1][safepoint    ] Leaving safepoint region
[2019-06-24T09:21:17.358+0000][1][safepoint    ] Total time for which application threads were stopped: 0.0000720 seconds, Stopping threads took: 0.0000313 seconds
[2019-06-24T09:21:17.358+0000][1][safepoint    ] Application time: 0.0000574 seconds
[2019-06-24T09:21:17.358+0000][1][safepoint    ] Entering safepoint region: RevokeBias
[2019-06-24T09:21:17.358+0000][1][safepoint    ] Leaving safepoint region
[2019-06-24T09:21:17.358+0000][1][safepoint    ] Total time for which application threads were stopped: 0.0000650 seconds, Stopping threads took: 0.0000265 seconds
[2019-06-24T09:21:17.358+0000][1][safepoint    ] Application time: 0.0000383 seconds
[2019-06-24T09:21:17.358+0000][1][safepoint    ] Entering safepoint region: RevokeBias
[2019-06-24T09:21:17.358+0000][1][safepoint    ] Leaving safepoint region
[2019-06-24T09:21:17.358+0000][1][safepoint    ] Total time for which application threads were stopped: 0.0000464 seconds, Stopping threads took: 0.0000094 seconds
[2019-06-24T09:21:17.572+0000][1][safepoint    ] Application time: 0.2140356 seconds
[2019-06-24T09:21:17.572+0000][1][safepoint    ] Entering safepoint region: Deoptimize
[2019-06-24T09:21:17.573+0000][1][safepoint    ] Leaving safepoint region
[2019-06-24T09:21:17.573+0000][1][safepoint    ] Total time for which application threads were stopped: 0.0003536 seconds, Stopping threads took: 0.0000138 seconds
[2019-06-24T09:21:17.700+0000][1][safepoint    ] Application time: 0.1270315 seconds
[2019-06-24T09:21:17.700+0000][1][safepoint    ] Entering safepoint region: RevokeBias
[2019-06-24T09:21:17.700+0000][1][safepoint    ] Leaving safepoint region
[2019-06-24T09:21:17.700+0000][1][safepoint    ] Total time for which application threads were stopped: 0.0001587 seconds, Stopping threads took: 0.0000379 seconds
[2019-06-24T09:21:17.817+0000][1][safepoint    ] Application time: 0.1168451 seconds
[2019-06-24T09:21:17.817+0000][1][safepoint    ] Entering safepoint region: GenCollectForAllocation
[2019-06-24T09:21:17.817+0000][1][gc,start     ] GC(1) Pause Young (Allocation Failure)
[2019-06-24T09:21:17.817+0000][1][gc,task      ] GC(1) Using 5 workers of 8 for evacuation
[2019-06-24T09:21:17.832+0000][1][gc,age       ] GC(1) Desired survivor size 4456448 bytes, new threshold 6 (max threshold 6)
[2019-06-24T09:21:17.832+0000][1][gc,age       ] GC(1) Age table with threshold 6 (max threshold 6)
[2019-06-24T09:21:17.832+0000][1][gc,age       ] GC(1) - age   1:    1804800 bytes,    1804800 total
[2019-06-24T09:21:17.832+0000][1][gc,heap      ] GC(1) ParNew: 77308K->5625K(78656K)
[2019-06-24T09:21:17.832+0000][1][gc,heap      ] GC(1) CMS: 0K->6673K(174784K)
[2019-06-24T09:21:17.832+0000][1][gc,metaspace ] GC(1) Metaspace: 14766K->14766K(1062912K)
[2019-06-24T09:21:17.832+0000][1][gc           ] GC(1) Pause Young (Allocation Failure) 75M->12M(247M) 15.404ms
[2019-06-24T09:21:17.832+0000][1][gc,cpu       ] GC(1) User=0.12s Sys=0.00s Real=0.01s
[2019-06-24T09:21:17.833+0000][1][safepoint    ] Leaving safepoint region
[2019-06-24T09:21:17.833+0000][1][safepoint    ] Total time for which application threads were stopped: 0.0155754 seconds, Stopping threads took: 0.0000178 seconds
[2019-06-24T09:21:17.833+0000][1][safepoint    ] Application time: 0.0001861 seconds
[2019-06-24T09:21:17.833+0000][1][safepoint    ] Entering safepoint region: RevokeBias
[2019-06-24T09:21:17.833+0000][1][safepoint    ] Leaving safepoint region
[2019-06-24T09:21:17.833+0000][1][safepoint    ] Total time for which application threads were stopped: 0.0001120 seconds, Stopping threads took: 0.0000172 seconds
[2019-06-24T09:21:17.833+0000][1][safepoint    ] Application time: 0.0000806 seconds
[2019-06-24T09:21:17.833+0000][1][safepoint    ] Entering safepoint region: RevokeBias
[2019-06-24T09:21:17.833+0000][1][safepoint    ] Leaving safepoint region
[2019-06-24T09:21:17.833+0000][1][safepoint    ] Total time for which application threads were stopped: 0.0001026 seconds, Stopping threads took: 0.0000581 seconds
[2019-06-24T09:21:17.833+0000][1][safepoint    ] Application time: 0.0000529 seconds
[2019-06-24T09:21:17.833+0000][1][safepoint    ] Entering safepoint region: RevokeBias
[2019-06-24T09:21:17.833+0000][1][safepoint    ] Leaving safepoint region
[2019-06-24T09:21:17.833+0000][1][safepoint    ] Total time for which application threads were stopped: 0.0000843 seconds, Stopping threads took: 0.0000475 seconds
[2019-06-24T09:21:17.833+0000][1][safepoint    ] Application time: 0.0000405 seconds
[2019-06-24T09:21:17.833+0000][1][safepoint    ] Entering safepoint region: RevokeBias
[2019-06-24T09:21:17.833+0000][1][safepoint    ] Leaving safepoint region
[2019-06-24T09:21:17.833+0000][1][safepoint    ] Total time for which application threads were stopped: 0.0000945 seconds, Stopping threads took: 0.0000489 seconds
[2019-06-24T09:21:17.833+0000][1][safepoint    ] Application time: 0.0000447 seconds
[2019-06-24T09:21:17.833+0000][1][safepoint    ] Entering safepoint region: RevokeBias
[2019-06-24T09:21:17.833+0000][1][safepoint    ] Leaving safepoint region
[2019-06-24T09:21:17.833+0000][1][safepoint    ] Total time for which application threads were stopped: 0.0000446 seconds, Stopping threads took: 0.0000066 seconds
[2019-06-24T09:21:17.834+0000][1][safepoint    ] Application time: 0.0000360 seconds
[2019-06-24T09:21:17.834+0000][1][safepoint    ] Entering safepoint region: RevokeBias
[2019-06-24T09:21:17.834+0000][1][safepoint    ] Leaving safepoint region
[2019-06-24T09:21:17.834+0000][1][safepoint    ] Total time for which application threads were stopped: 0.0000429 seconds, Stopping threads took: 0.0000064 seconds
[2019-06-24T09:21:17.834+0000][1][safepoint    ] Application time: 0.0000402 seconds
[2019-06-24T09:21:17.834+0000][1][safepoint    ] Entering safepoint region: RevokeBias
[2019-06-24T09:21:17.834+0000][1][safepoint    ] Leaving safepoint region
[2019-06-24T09:21:17.834+0000][1][safepoint    ] Total time for which application threads were stopped: 0.0000446 seconds, Stopping threads took: 0.0000063 seconds
[2019-06-24T09:21:17.834+0000][1][safepoint    ] Application time: 0.0000360 seconds
[2019-06-24T09:21:17.834+0000][1][safepoint    ] Entering safepoint region: RevokeBias
[2019-06-24T09:21:17.834+0000][1][safepoint    ] Leaving safepoint region
[2019-06-24T09:21:17.834+0000][1][safepoint    ] Total time for which application threads were stopped: 0.0000425 seconds, Stopping threads took: 0.0000063 seconds
[2019-06-24T09:21:17.834+0000][1][safepoint    ] Application time: 0.0000406 seconds
[2019-06-24T09:21:17.834+0000][1][safepoint    ] Entering safepoint region: RevokeBias
[2019-06-24T09:21:17.834+0000][1][safepoint    ] Leaving safepoint region
[2019-06-24T09:21:17.834+0000][1][safepoint    ] Total time for which application threads were stopped: 0.0000572 seconds, Stopping threads took: 0.0000062 seconds
[2019-06-24T09:21:17.834+0000][1][safepoint    ] Application time: 0.0000366 seconds
[2019-06-24T09:21:17.834+0000][1][safepoint    ] Entering safepoint region: RevokeBias
[2019-06-24T09:21:17.834+0000][1][safepoint    ] Leaving safepoint region
[2019-06-24T09:21:17.834+0000][1][safepoint    ] Total time for which application threads were stopped: 0.0001543 seconds, Stopping threads took: 0.0001084 seconds
[2019-06-24T09:21:17.834+0000][1][safepoint    ] Application time: 0.0000451 seconds
[2019-06-24T09:21:17.834+0000][1][safepoint    ] Entering safepoint region: BulkRevokeBias
[2019-06-24T09:21:17.834+0000][1][safepoint    ] Leaving safepoint region
[2019-06-24T09:21:17.834+0000][1][safepoint    ] Total time for which application threads were stopped: 0.0000852 seconds, Stopping threads took: 0.0000333 seconds
[2019-06-24T09:21:17.834+0000][1][safepoint    ] Application time: 0.0000400 seconds
[2019-06-24T09:21:17.834+0000][1][safepoint    ] Entering safepoint region: RevokeBias
[2019-06-24T09:21:17.834+0000][1][safepoint    ] Leaving safepoint region
[2019-06-24T09:21:17.834+0000][1][safepoint    ] Total time for which application threads were stopped: 0.0000669 seconds, Stopping threads took: 0.0000347 seconds
[2019-06-24T09:21:17.834+0000][1][safepoint    ] Application time: 0.0000466 seconds
[2019-06-24T09:21:17.835+0000][1][safepoint    ] Entering safepoint region: BulkRevokeBias
[2019-06-24T09:21:17.835+0000][1][safepoint    ] Leaving safepoint region
[2019-06-24T09:21:17.835+0000][1][safepoint    ] Total time for which application threads were stopped: 0.0001273 seconds, Stopping threads took: 0.0000720 seconds
[2019-06-24T09:21:17.966+0000][1][safepoint    ] Application time: 0.1310906 seconds
[2019-06-24T09:21:17.966+0000][1][safepoint    ] Entering safepoint region: GenCollectForAllocation
[2019-06-24T09:21:17.966+0000][1][gc,start     ] GC(2) Pause Young (Allocation Failure)
[2019-06-24T09:21:17.966+0000][1][gc,task      ] GC(2) Using 5 workers of 8 for evacuation
[2019-06-24T09:21:17.969+0000][1][gc,age       ] GC(2) Desired survivor size 4456448 bytes, new threshold 6 (max threshold 6)
[2019-06-24T09:21:17.969+0000][1][gc,age       ] GC(2) Age table with threshold 6 (max threshold 6)
[2019-06-24T09:21:17.969+0000][1][gc,age       ] GC(2) - age   1:    2538808 bytes,    2538808 total
[2019-06-24T09:21:17.969+0000][1][gc,age       ] GC(2) - age   2:    1208384 bytes,    3747192 total
[2019-06-24T09:21:17.969+0000][1][gc,heap      ] GC(2) ParNew: 75577K->4515K(78656K)
[2019-06-24T09:21:17.969+0000][1][gc,heap      ] GC(2) CMS: 6673K->6673K(174784K)
[2019-06-24T09:21:17.969+0000][1][gc,metaspace ] GC(2) Metaspace: 14883K->14883K(1062912K)
[2019-06-24T09:21:17.969+0000][1][gc           ] GC(2) Pause Young (Allocation Failure) 80M->10M(247M) 3.085ms
[2019-06-24T09:21:17.969+0000][1][gc,cpu       ] GC(2) User=0.03s Sys=0.00s Real=0.00s
[2019-06-24T09:21:17.969+0000][1][safepoint    ] Leaving safepoint region
[2019-06-24T09:21:17.969+0000][1][safepoint    ] Total time for which application threads were stopped: 0.0032123 seconds, Stopping threads took: 0.0000117 seconds
[2019-06-24T09:21:17.969+0000][1][safepoint    ] Application time: 0.0001838 seconds
[2019-06-24T09:21:17.969+0000][1][safepoint    ] Entering safepoint region: RevokeBias
[2019-06-24T09:21:17.969+0000][1][safepoint    ] Leaving safepoint region
[2019-06-24T09:21:17.969+0000][1][safepoint    ] Total time for which application threads were stopped: 0.0000890 seconds, Stopping threads took: 0.0000462 seconds
[2019-06-24T09:21:17.969+0000][1][safepoint    ] Application time: 0.0000938 seconds
[2019-06-24T09:21:17.969+0000][1][safepoint    ] Entering safepoint region: RevokeBias
[2019-06-24T09:21:17.969+0000][1][safepoint    ] Leaving safepoint region
[2019-06-24T09:21:17.969+0000][1][safepoint    ] Total time for which application threads were stopped: 0.0000686 seconds, Stopping threads took: 0.0000349 seconds
[2019-06-24T09:21:17.970+0000][1][safepoint    ] Application time: 0.0001382 seconds
[2019-06-24T09:21:17.970+0000][1][safepoint    ] Entering safepoint region: RevokeBias
[2019-06-24T09:21:17.970+0000][1][safepoint    ] Leaving safepoint region
[2019-06-24T09:21:17.970+0000][1][safepoint    ] Total time for which application threads were stopped: 0.0001623 seconds, Stopping threads took: 0.0001275 seconds
[2019-06-24T09:21:17.970+0000][1][safepoint    ] Application time: 0.0001002 seconds
[2019-06-24T09:21:17.970+0000][1][safepoint    ] Entering safepoint region: RevokeBias
[2019-06-24T09:21:17.970+0000][1][safepoint    ] Leaving safepoint region
[2019-06-24T09:21:17.970+0000][1][safepoint    ] Total time for which application threads were stopped: 0.0001596 seconds, Stopping threads took: 0.0001174 seconds
[2019-06-24T09:21:17.970+0000][1][safepoint    ] Application time: 0.0000864 seconds
[2019-06-24T09:21:17.970+0000][1][safepoint    ] Entering safepoint region: RevokeBias
[2019-06-24T09:21:17.970+0000][1][safepoint    ] Leaving safepoint region
[2019-06-24T09:21:17.970+0000][1][safepoint    ] Total time for which application threads were stopped: 0.0000539 seconds, Stopping threads took: 0.0000263 seconds
[2019-06-24T09:21:17.970+0000][1][safepoint    ] Application time: 0.0000766 seconds
[2019-06-24T09:21:17.970+0000][1][safepoint    ] Entering safepoint region: RevokeBias
[2019-06-24T09:21:17.970+0000][1][safepoint    ] Leaving safepoint region
[2019-06-24T09:21:17.970+0000][1][safepoint    ] Total time for which application threads were stopped: 0.0000752 seconds, Stopping threads took: 0.0000332 seconds
[2019-06-24T09:21:18.105+0000][1][safepoint    ] Application time: 0.1349209 seconds
[2019-06-24T09:21:18.105+0000][1][safepoint    ] Entering safepoint region: Deoptimize
[2019-06-24T09:21:18.106+0000][1][safepoint    ] Leaving safepoint region
[2019-06-24T09:21:18.106+0000][1][safepoint    ] Total time for which application threads were stopped: 0.0002932 seconds, Stopping threads took: 0.0000112 seconds
[2019-06-24T09:21:18.106+0000][1][safepoint    ] Application time: 0.0003935 seconds
[2019-06-24T09:21:18.106+0000][1][safepoint    ] Entering safepoint region: Deoptimize
[2019-06-24T09:21:18.106+0000][1][safepoint    ] Leaving safepoint region
[2019-06-24T09:21:18.106+0000][1][safepoint    ] Total time for which application threads were stopped: 0.0002002 seconds, Stopping threads took: 0.0000088 seconds
[2019-06-24T09:21:18.280+0000][1][safepoint    ] Application time: 0.1737259 seconds
[2019-06-24T09:21:18.280+0000][1][safepoint    ] Entering safepoint region: GenCollectForAllocation
[2019-06-24T09:21:18.280+0000][1][gc,start     ] GC(3) Pause Young (Allocation Failure)
[2019-06-24T09:21:18.280+0000][1][gc,task      ] GC(3) Using 5 workers of 8 for evacuation
[2019-06-24T09:21:18.283+0000][1][gc,age       ] GC(3) Desired survivor size 4456448 bytes, new threshold 3 (max threshold 6)
[2019-06-24T09:21:18.283+0000][1][gc,age       ] GC(3) Age table with threshold 3 (max threshold 6)
[2019-06-24T09:21:18.283+0000][1][gc,age       ] GC(3) - age   1:    3246384 bytes,    3246384 total
[2019-06-24T09:21:18.283+0000][1][gc,age       ] GC(3) - age   2:     335000 bytes,    3581384 total
[2019-06-24T09:21:18.283+0000][1][gc,age       ] GC(3) - age   3:    1205520 bytes,    4786904 total
[2019-06-24T09:21:18.283+0000][1][gc,heap      ] GC(3) ParNew: 74467K->6132K(78656K)
[2019-06-24T09:21:18.283+0000][1][gc,heap      ] GC(3) CMS: 6673K->6673K(174784K)
[2019-06-24T09:21:18.283+0000][1][gc,metaspace ] GC(3) Metaspace: 18256K->18256K(1067008K)
[2019-06-24T09:21:18.283+0000][1][gc           ] GC(3) Pause Young (Allocation Failure) 79M->12M(247M) 3.245ms
[2019-06-24T09:21:18.283+0000][1][gc,cpu       ] GC(3) User=0.02s Sys=0.00s Real=0.01s
[2019-06-24T09:21:18.283+0000][1][safepoint    ] Leaving safepoint region
[2019-06-24T09:21:18.283+0000][1][safepoint    ] Total time for which application threads were stopped: 0.0034621 seconds, Stopping threads took: 0.0000451 seconds
[2019-06-24T09:21:18.284+0000][1][safepoint    ] Application time: 0.0001664 seconds
[2019-06-24T09:21:18.284+0000][1][safepoint    ] Entering safepoint region: RevokeBias
[2019-06-24T09:21:18.284+0000][1][safepoint    ] Leaving safepoint region
[2019-06-24T09:21:18.284+0000][1][safepoint    ] Total time for which application threads were stopped: 0.0003303 seconds, Stopping threads took: 0.0002676 seconds
[2019-06-24T09:21:18.284+0000][1][safepoint    ] Application time: 0.0000463 seconds
[2019-06-24T09:21:18.284+0000][1][safepoint    ] Entering safepoint region: RevokeBias
[2019-06-24T09:21:18.284+0000][1][safepoint    ] Leaving safepoint region
[2019-06-24T09:21:18.284+0000][1][safepoint    ] Total time for which application threads were stopped: 0.0001103 seconds, Stopping threads took: 0.0000769 seconds
[2019-06-24T09:21:18.284+0000][1][safepoint    ] Application time: 0.0001102 seconds
[2019-06-24T09:21:18.284+0000][1][safepoint    ] Entering safepoint region: RevokeBias
[2019-06-24T09:21:18.284+0000][1][safepoint    ] Leaving safepoint region
[2019-06-24T09:21:18.284+0000][1][safepoint    ] Total time for which application threads were stopped: 0.0000699 seconds, Stopping threads took: 0.0000314 seconds
[2019-06-24T09:21:18.284+0000][1][safepoint    ] Application time: 0.0000807 seconds
[2019-06-24T09:21:18.285+0000][1][safepoint    ] Entering safepoint region: RevokeBias
[2019-06-24T09:21:18.285+0000][1][safepoint    ] Leaving safepoint region
[2019-06-24T09:21:18.285+0000][1][safepoint    ] Total time for which application threads were stopped: 0.0002083 seconds, Stopping threads took: 0.0001463 seconds
[2019-06-24T09:21:18.285+0000][1][safepoint    ] Application time: 0.0000771 seconds
[2019-06-24T09:21:18.285+0000][1][safepoint    ] Entering safepoint region: RevokeBias
[2019-06-24T09:21:18.285+0000][1][safepoint    ] Leaving safepoint region
[2019-06-24T09:21:18.285+0000][1][safepoint    ] Total time for which application threads were stopped: 0.0000665 seconds, Stopping threads took: 0.0000398 seconds
[2019-06-24T09:21:18.285+0000][1][safepoint    ] Application time: 0.0000370 seconds
[2019-06-24T09:21:18.285+0000][1][safepoint    ] Entering safepoint region: RevokeBias
[2019-06-24T09:21:18.285+0000][1][safepoint    ] Leaving safepoint region
[2019-06-24T09:21:18.285+0000][1][safepoint    ] Total time for which application threads were stopped: 0.0000284 seconds, Stopping threads took: 0.0000063 seconds
[2019-06-24T09:21:18.285+0000][1][safepoint    ] Application time: 0.0000539 seconds
[2019-06-24T09:21:18.285+0000][1][safepoint    ] Entering safepoint region: RevokeBias
[2019-06-24T09:21:18.285+0000][1][safepoint    ] Leaving safepoint region
[2019-06-24T09:21:18.285+0000][1][safepoint    ] Total time for which application threads were stopped: 0.0000792 seconds, Stopping threads took: 0.0000386 seconds
[2019-06-24T09:21:18.285+0000][1][safepoint    ] Application time: 0.0000405 seconds
[2019-06-24T09:21:18.285+0000][1][safepoint    ] Entering safepoint region: RevokeBias
[2019-06-24T09:21:18.285+0000][1][safepoint    ] Leaving safepoint region
[2019-06-24T09:21:18.285+0000][1][safepoint    ] Total time for which application threads were stopped: 0.0000610 seconds, Stopping threads took: 0.0000250 seconds
[2019-06-24T09:21:18.285+0000][1][safepoint    ] Application time: 0.0000385 seconds
[2019-06-24T09:21:18.285+0000][1][safepoint    ] Entering safepoint region: RevokeBias
[2019-06-24T09:21:18.285+0000][1][safepoint    ] Leaving safepoint region
[2019-06-24T09:21:18.285+0000][1][safepoint    ] Total time for which application threads were stopped: 0.0000405 seconds, Stopping threads took: 0.0000063 seconds
[2019-06-24T09:21:18.285+0000][1][safepoint    ] Application time: 0.0000357 seconds
[2019-06-24T09:21:18.285+0000][1][safepoint    ] Entering safepoint region: RevokeBias
[2019-06-24T09:21:18.285+0000][1][safepoint    ] Leaving safepoint region
[2019-06-24T09:21:18.285+0000][1][safepoint    ] Total time for which application threads were stopped: 0.0000752 seconds, Stopping threads took: 0.0000425 seconds
[2019-06-24T09:21:18.285+0000][1][safepoint    ] Application time: 0.0000394 seconds
[2019-06-24T09:21:18.286+0000][1][safepoint    ] Entering safepoint region: RevokeBias
[2019-06-24T09:21:18.286+0000][1][safepoint    ] Leaving safepoint region
[2019-06-24T09:21:18.286+0000][1][safepoint    ] Total time for which application threads were stopped: 0.0001831 seconds, Stopping threads took: 0.0001541 seconds
[2019-06-24T09:21:18.286+0000][1][safepoint    ] Application time: 0.0000375 seconds
[2019-06-24T09:21:18.286+0000][1][safepoint    ] Entering safepoint region: RevokeBias
[2019-06-24T09:21:18.286+0000][1][safepoint    ] Leaving safepoint region
[2019-06-24T09:21:18.286+0000][1][safepoint    ] Total time for which application threads were stopped: 0.0000712 seconds, Stopping threads took: 0.0000362 seconds
[2019-06-24T09:21:18.286+0000][1][safepoint    ] Application time: 0.0000460 seconds
[2019-06-24T09:21:18.286+0000][1][safepoint    ] Entering safepoint region: RevokeBias
[2019-06-24T09:21:18.286+0000][1][safepoint    ] Leaving safepoint region
[2019-06-24T09:21:18.286+0000][1][safepoint    ] Total time for which application threads were stopped: 0.0000792 seconds, Stopping threads took: 0.0000459 seconds
[2019-06-24T09:21:18.286+0000][1][safepoint    ] Application time: 0.0000526 seconds
[2019-06-24T09:21:18.286+0000][1][safepoint    ] Entering safepoint region: RevokeBias
[2019-06-24T09:21:18.286+0000][1][safepoint    ] Leaving safepoint region
[2019-06-24T09:21:18.286+0000][1][safepoint    ] Total time for which application threads were stopped: 0.0000552 seconds, Stopping threads took: 0.0000284 seconds
[2019-06-24T09:21:18.286+0000][1][safepoint    ] Application time: 0.0000447 seconds
[2019-06-24T09:21:18.286+0000][1][safepoint    ] Entering safepoint region: RevokeBias
[2019-06-24T09:21:18.286+0000][1][safepoint    ] Leaving safepoint region
[2019-06-24T09:21:18.286+0000][1][safepoint    ] Total time for which application threads were stopped: 0.0001106 seconds, Stopping threads took: 0.0000556 seconds
[2019-06-24T09:21:18.286+0000][1][safepoint    ] Application time: 0.0000392 seconds
[2019-06-24T09:21:18.286+0000][1][safepoint    ] Entering safepoint region: RevokeBias
[2019-06-24T09:21:18.286+0000][1][safepoint    ] Leaving safepoint region
[2019-06-24T09:21:18.286+0000][1][safepoint    ] Total time for which application threads were stopped: 0.0000928 seconds, Stopping threads took: 0.0000435 seconds
[2019-06-24T09:21:18.286+0000][1][safepoint    ] Application time: 0.0000451 seconds
[2019-06-24T09:21:18.287+0000][1][safepoint    ] Entering safepoint region: RevokeBias
[2019-06-24T09:21:18.287+0000][1][safepoint    ] Leaving safepoint region
[2019-06-24T09:21:18.287+0000][1][safepoint    ] Total time for which application threads were stopped: 0.0003184 seconds, Stopping threads took: 0.0002654 seconds
[2019-06-24T09:21:18.287+0000][1][safepoint    ] Application time: 0.0000494 seconds
[2019-06-24T09:21:18.287+0000][1][safepoint    ] Entering safepoint region: RevokeBias
[2019-06-24T09:21:18.287+0000][1][safepoint    ] Leaving safepoint region
[2019-06-24T09:21:18.287+0000][1][safepoint    ] Total time for which application threads were stopped: 0.0000699 seconds, Stopping threads took: 0.0000251 seconds
[2019-06-24T09:21:18.287+0000][1][safepoint    ] Application time: 0.0000454 seconds
[2019-06-24T09:21:18.287+0000][1][safepoint    ] Entering safepoint region: RevokeBias
[2019-06-24T09:21:18.287+0000][1][safepoint    ] Leaving safepoint region
[2019-06-24T09:21:18.287+0000][1][safepoint    ] Total time for which application threads were stopped: 0.0000487 seconds, Stopping threads took: 0.0000067 seconds
[2019-06-24T09:21:18.287+0000][1][safepoint    ] Application time: 0.0002321 seconds
[2019-06-24T09:21:18.287+0000][1][safepoint    ] Entering safepoint region: RevokeBias
[2019-06-24T09:21:18.287+0000][1][safepoint    ] Leaving safepoint region
[2019-06-24T09:21:18.287+0000][1][safepoint    ] Total time for which application threads were stopped: 0.0002328 seconds, Stopping threads took: 0.0001897 seconds
[2019-06-24T09:21:18.287+0000][1][safepoint    ] Application time: 0.0000390 seconds
[2019-06-24T09:21:18.287+0000][1][safepoint    ] Entering safepoint region: RevokeBias
[2019-06-24T09:21:18.288+0000][1][safepoint    ] Leaving safepoint region
[2019-06-24T09:21:18.288+0000][1][safepoint    ] Total time for which application threads were stopped: 0.0000454 seconds, Stopping threads took: 0.0000073 seconds
[2019-06-24T09:21:18.380+0000][1][safepoint    ] Application time: 0.0924891 seconds
[2019-06-24T09:21:18.380+0000][1][safepoint    ] Entering safepoint region: GenCollectForAllocation
[2019-06-24T09:21:18.380+0000][1][gc,start     ] GC(4) Pause Young (Allocation Failure)
[2019-06-24T09:21:18.380+0000][1][gc,task      ] GC(4) Using 5 workers of 8 for evacuation
[2019-06-24T09:21:18.384+0000][1][gc,age       ] GC(4) Desired survivor size 4456448 bytes, new threshold 2 (max threshold 6)
[2019-06-24T09:21:18.384+0000][1][gc,age       ] GC(4) Age table with threshold 2 (max threshold 6)
[2019-06-24T09:21:18.384+0000][1][gc,age       ] GC(4) - age   1:    1587752 bytes,    1587752 total
[2019-06-24T09:21:18.384+0000][1][gc,age       ] GC(4) - age   2:    3194192 bytes,    4781944 total
[2019-06-24T09:21:18.384+0000][1][gc,age       ] GC(4) - age   3:     318072 bytes,    5100016 total
[2019-06-24T09:21:18.384+0000][1][gc,heap      ] GC(4) ParNew: 76084K->7075K(78656K)
[2019-06-24T09:21:18.384+0000][1][gc,heap      ] GC(4) CMS: 6673K->7868K(174784K)
[2019-06-24T09:21:18.384+0000][1][gc,metaspace ] GC(4) Metaspace: 18611K->18611K(1067008K)
[2019-06-24T09:21:18.384+0000][1][gc           ] GC(4) Pause Young (Allocation Failure) 80M->14M(247M) 4.228ms
[2019-06-24T09:21:18.384+0000][1][gc,cpu       ] GC(4) User=0.03s Sys=0.00s Real=0.01s
[2019-06-24T09:21:18.384+0000][1][safepoint    ] Leaving safepoint region
[2019-06-24T09:21:18.384+0000][1][safepoint    ] Total time for which application threads were stopped: 0.0044034 seconds, Stopping threads took: 0.0000513 seconds
[2019-06-24T09:21:18.385+0000][1][safepoint    ] Application time: 0.0001256 seconds
[2019-06-24T09:21:18.385+0000][1][safepoint    ] Entering safepoint region: RevokeBias
[2019-06-24T09:21:18.385+0000][1][safepoint    ] Leaving safepoint region
[2019-06-24T09:21:18.385+0000][1][safepoint    ] Total time for which application threads were stopped: 0.0000883 seconds, Stopping threads took: 0.0000417 seconds
[2019-06-24T09:21:18.385+0000][1][safepoint    ] Application time: 0.0000383 seconds
[2019-06-24T09:21:18.385+0000][1][safepoint    ] Entering safepoint region: RevokeBias
[2019-06-24T09:21:18.385+0000][1][safepoint    ] Leaving safepoint region
[2019-06-24T09:21:18.385+0000][1][safepoint    ] Total time for which application threads were stopped: 0.0000702 seconds, Stopping threads took: 0.0000226 seconds
[2019-06-24T09:21:18.385+0000][1][safepoint    ] Application time: 0.0000602 seconds
[2019-06-24T09:21:18.385+0000][1][safepoint    ] Entering safepoint region: RevokeBias
[2019-06-24T09:21:18.385+0000][1][safepoint    ] Leaving safepoint region
[2019-06-24T09:21:18.385+0000][1][safepoint    ] Total time for which application threads were stopped: 0.0000379 seconds, Stopping threads took: 0.0000071 seconds
[2019-06-24T09:21:18.385+0000][1][safepoint    ] Application time: 0.0000366 seconds
[2019-06-24T09:21:18.385+0000][1][safepoint    ] Entering safepoint region: RevokeBias
[2019-06-24T09:21:18.385+0000][1][safepoint    ] Leaving safepoint region
[2019-06-24T09:21:18.385+0000][1][safepoint    ] Total time for which application threads were stopped: 0.0000396 seconds, Stopping threads took: 0.0000069 seconds
[2019-06-24T09:21:18.404+0000][1][safepoint    ] Application time: 0.0184951 seconds
[2019-06-24T09:21:18.404+0000][1][safepoint    ] Entering safepoint region: Deoptimize
[2019-06-24T09:21:18.404+0000][1][safepoint    ] Leaving safepoint region
[2019-06-24T09:21:18.404+0000][1][safepoint    ] Total time for which application threads were stopped: 0.0004317 seconds, Stopping threads took: 0.0000142 seconds
[2019-06-24T09:21:18.438+0000][1][safepoint    ] Application time: 0.0344385 seconds
[2019-06-24T09:21:18.439+0000][1][safepoint    ] Entering safepoint region: Deoptimize
[2019-06-24T09:21:18.439+0000][1][safepoint    ] Leaving safepoint region
[2019-06-24T09:21:18.439+0000][1][safepoint    ] Total time for which application threads were stopped: 0.0003613 seconds, Stopping threads took: 0.0000432 seconds
[2019-06-24T09:21:18.515+0000][1][safepoint    ] Application time: 0.0755997 seconds
[2019-06-24T09:21:18.515+0000][1][safepoint    ] Entering safepoint region: GenCollectForAllocation
[2019-06-24T09:21:18.515+0000][1][gc,start     ] GC(5) Pause Young (Allocation Failure)
[2019-06-24T09:21:18.515+0000][1][gc,task      ] GC(5) Using 5 workers of 8 for evacuation
[2019-06-24T09:21:18.519+0000][1][gc,age       ] GC(5) Desired survivor size 4456448 bytes, new threshold 6 (max threshold 6)
[2019-06-24T09:21:18.519+0000][1][gc,age       ] GC(5) Age table with threshold 6 (max threshold 6)
[2019-06-24T09:21:18.519+0000][1][gc,age       ] GC(5) - age   1:    2420144 bytes,    2420144 total
[2019-06-24T09:21:18.519+0000][1][gc,age       ] GC(5) - age   2:     557984 bytes,    2978128 total
[2019-06-24T09:21:18.519+0000][1][gc,heap      ] GC(5) ParNew: 77027K->5829K(78656K)
[2019-06-24T09:21:18.519+0000][1][gc,heap      ] GC(5) CMS: 7868K->11323K(174784K)
[2019-06-24T09:21:18.519+0000][1][gc,metaspace ] GC(5) Metaspace: 18967K->18967K(1067008K)
[2019-06-24T09:21:18.519+0000][1][gc           ] GC(5) Pause Young (Allocation Failure) 82M->16M(247M) 4.139ms
[2019-06-24T09:21:18.519+0000][1][gc,cpu       ] GC(5) User=0.03s Sys=0.00s Real=0.00s
[2019-06-24T09:21:18.519+0000][1][safepoint    ] Leaving safepoint region
[2019-06-24T09:21:18.519+0000][1][safepoint    ] Total time for which application threads were stopped: 0.0042758 seconds, Stopping threads took: 0.0000394 seconds
[2019-06-24T09:21:18.519+0000][1][safepoint    ] Application time: 0.0001824 seconds
[2019-06-24T09:21:18.519+0000][1][safepoint    ] Entering safepoint region: RevokeBias
[2019-06-24T09:21:18.519+0000][1][safepoint    ] Leaving safepoint region
[2019-06-24T09:21:18.519+0000][1][safepoint    ] Total time for which application threads were stopped: 0.0001504 seconds, Stopping threads took: 0.0000816 seconds
[2019-06-24T09:21:18.519+0000][1][safepoint    ] Application time: 0.0001191 seconds
[2019-06-24T09:21:18.519+0000][1][safepoint    ] Entering safepoint region: RevokeBias
[2019-06-24T09:21:18.519+0000][1][safepoint    ] Leaving safepoint region
[2019-06-24T09:21:18.519+0000][1][safepoint    ] Total time for which application threads were stopped: 0.0000832 seconds, Stopping threads took: 0.0000334 seconds
[2019-06-24T09:21:18.520+0000][1][safepoint    ] Application time: 0.0001151 seconds
[2019-06-24T09:21:18.520+0000][1][safepoint    ] Entering safepoint region: RevokeBias
[2019-06-24T09:21:18.520+0000][1][safepoint    ] Leaving safepoint region
[2019-06-24T09:21:18.520+0000][1][safepoint    ] Total time for which application threads were stopped: 0.0001539 seconds, Stopping threads took: 0.0001171 seconds
[2019-06-24T09:21:18.520+0000][1][safepoint    ] Application time: 0.0000372 seconds
[2019-06-24T09:21:18.520+0000][1][safepoint    ] Entering safepoint region: RevokeBias
[2019-06-24T09:21:18.520+0000][1][safepoint    ] Leaving safepoint region
[2019-06-24T09:21:18.520+0000][1][safepoint    ] Total time for which application threads were stopped: 0.0000340 seconds, Stopping threads took: 0.0000058 seconds
[2019-06-24T09:21:18.520+0000][1][safepoint    ] Application time: 0.0000375 seconds
[2019-06-24T09:21:18.520+0000][1][safepoint    ] Entering safepoint region: RevokeBias
[2019-06-24T09:21:18.520+0000][1][safepoint    ] Leaving safepoint region
[2019-06-24T09:21:18.520+0000][1][safepoint    ] Total time for which application threads were stopped: 0.0000347 seconds, Stopping threads took: 0.0000056 seconds
[2019-06-24T09:21:18.520+0000][1][safepoint    ] Application time: 0.0000323 seconds
[2019-06-24T09:21:18.520+0000][1][safepoint    ] Entering safepoint region: RevokeBias
[2019-06-24T09:21:18.520+0000][1][safepoint    ] Leaving safepoint region
[2019-06-24T09:21:18.520+0000][1][safepoint    ] Total time for which application threads were stopped: 0.0000555 seconds, Stopping threads took: 0.0000055 seconds
[2019-06-24T09:21:18.590+0000][1][safepoint    ] Application time: 0.0698008 seconds
[2019-06-24T09:21:18.590+0000][1][safepoint    ] Entering safepoint region: RevokeBias
[2019-06-24T09:21:18.590+0000][1][safepoint    ] Leaving safepoint region
[2019-06-24T09:21:18.590+0000][1][safepoint    ] Total time for which application threads were stopped: 0.0000642 seconds, Stopping threads took: 0.0000206 seconds
[2019-06-24T09:21:18.590+0000][1][safepoint    ] Application time: 0.0001557 seconds
[2019-06-24T09:21:18.590+0000][1][safepoint    ] Entering safepoint region: BulkRevokeBias
[2019-06-24T09:21:18.590+0000][1][safepoint    ] Leaving safepoint region
[2019-06-24T09:21:18.590+0000][1][safepoint    ] Total time for which application threads were stopped: 0.0000839 seconds, Stopping threads took: 0.0000090 seconds
[2019-06-24T09:21:18.612+0000][1][safepoint    ] Application time: 0.0218805 seconds
[2019-06-24T09:21:18.612+0000][1][safepoint    ] Entering safepoint region: GenCollectForAllocation
[2019-06-24T09:21:18.612+0000][1][gc,start     ] GC(6) Pause Young (Allocation Failure)
[2019-06-24T09:21:18.612+0000][1][gc,task      ] GC(6) Using 5 workers of 8 for evacuation
[2019-06-24T09:21:18.614+0000][1][gc,age       ] GC(6) Desired survivor size 4456448 bytes, new threshold 6 (max threshold 6)
[2019-06-24T09:21:18.614+0000][1][gc,age       ] GC(6) Age table with threshold 6 (max threshold 6)
[2019-06-24T09:21:18.614+0000][1][gc,age       ] GC(6) - age   1:    1414664 bytes,    1414664 total
[2019-06-24T09:21:18.614+0000][1][gc,age       ] GC(6) - age   2:    2195000 bytes,    3609664 total
[2019-06-24T09:21:18.614+0000][1][gc,age       ] GC(6) - age   3:     557984 bytes,    4167648 total
[2019-06-24T09:21:18.614+0000][1][gc,heap      ] GC(6) ParNew: 75781K->5154K(78656K)
[2019-06-24T09:21:18.614+0000][1][gc,heap      ] GC(6) CMS: 11323K->11323K(174784K)
[2019-06-24T09:21:18.614+0000][1][gc,metaspace ] GC(6) Metaspace: 19272K->19272K(1067008K)
[2019-06-24T09:21:18.614+0000][1][gc           ] GC(6) Pause Young (Allocation Failure) 85M->16M(247M) 2.332ms
[2019-06-24T09:21:18.614+0000][1][gc,cpu       ] GC(6) User=0.01s Sys=0.00s Real=0.01s
[2019-06-24T09:21:18.615+0000][1][safepoint    ] Leaving safepoint region
[2019-06-24T09:21:18.615+0000][1][safepoint    ] Total time for which application threads were stopped: 0.0024649 seconds, Stopping threads took: 0.0000114 seconds
[2019-06-24T09:21:18.615+0000][1][safepoint    ] Application time: 0.0002409 seconds
[2019-06-24T09:21:18.615+0000][1][safepoint    ] Entering safepoint region: BulkRevokeBias
[2019-06-24T09:21:18.615+0000][1][safepoint    ] Leaving safepoint region
[2019-06-24T09:21:18.615+0000][1][safepoint    ] Total time for which application threads were stopped: 0.0001898 seconds, Stopping threads took: 0.0000553 seconds
[2019-06-24T09:21:18.760+0000][1][safepoint    ] Application time: 0.1445841 seconds
[2019-06-24T09:21:18.760+0000][1][safepoint    ] Entering safepoint region: GenCollectForAllocation
[2019-06-24T09:21:18.760+0000][1][gc,start     ] GC(7) Pause Young (Allocation Failure)
[2019-06-24T09:21:18.760+0000][1][gc,task      ] GC(7) Using 5 workers of 8 for evacuation
[2019-06-24T09:21:18.762+0000][1][gc,age       ] GC(7) Desired survivor size 4456448 bytes, new threshold 6 (max threshold 6)
[2019-06-24T09:21:18.763+0000][1][gc,age       ] GC(7) Age table with threshold 6 (max threshold 6)
[2019-06-24T09:21:18.763+0000][1][gc,age       ] GC(7) - age   1:     569448 bytes,     569448 total
[2019-06-24T09:21:18.763+0000][1][gc,age       ] GC(7) - age   2:    1129856 bytes,    1699304 total
[2019-06-24T09:21:18.763+0000][1][gc,age       ] GC(7) - age   3:    2192992 bytes,    3892296 total
[2019-06-24T09:21:18.763+0000][1][gc,age       ] GC(7) - age   4:     557984 bytes,    4450280 total
[2019-06-24T09:21:18.763+0000][1][gc,heap      ] GC(7) ParNew: 75106K->6043K(78656K)
[2019-06-24T09:21:18.763+0000][1][gc,heap      ] GC(7) CMS: 11323K->11323K(174784K)
[2019-06-24T09:21:18.763+0000][1][gc,metaspace ] GC(7) Metaspace: 20015K->20015K(1067008K)
[2019-06-24T09:21:18.763+0000][1][gc           ] GC(7) Pause Young (Allocation Failure) 84M->16M(247M) 2.887ms
[2019-06-24T09:21:18.763+0000][1][gc,cpu       ] GC(7) User=0.02s Sys=0.01s Real=0.01s
[2019-06-24T09:21:18.763+0000][1][safepoint    ] Leaving safepoint region
[2019-06-24T09:21:18.763+0000][1][safepoint    ] Total time for which application threads were stopped: 0.0030533 seconds, Stopping threads took: 0.0000180 seconds
[2019-06-24T09:21:18.765+0000][1][safepoint    ] Application time: 0.0025365 seconds
[2019-06-24T09:21:18.765+0000][1][safepoint    ] Entering safepoint region: CollectForMetadataAllocation
[2019-06-24T09:21:18.765+0000][1][safepoint    ] Leaving safepoint region
[2019-06-24T09:21:18.766+0000][1][safepoint    ] Total time for which application threads were stopped: 0.0002239 seconds, Stopping threads took: 0.0000165 seconds
[2019-06-24T09:21:18.788+0000][1][safepoint    ] Application time: 0.0228773 seconds
[2019-06-24T09:21:18.788+0000][1][safepoint    ] Entering safepoint region: CollectForMetadataAllocation
[2019-06-24T09:21:18.789+0000][1][safepoint    ] Leaving safepoint region
[2019-06-24T09:21:18.789+0000][1][safepoint    ] Total time for which application threads were stopped: 0.0002299 seconds, Stopping threads took: 0.0000168 seconds
[2019-06-24T09:21:18.876+0000][1][safepoint    ] Application time: 0.0868172 seconds
[2019-06-24T09:21:18.876+0000][1][safepoint    ] Entering safepoint region: GenCollectForAllocation
[2019-06-24T09:21:18.876+0000][1][gc,start     ] GC(8) Pause Young (Allocation Failure)
[2019-06-24T09:21:18.876+0000][1][gc,task      ] GC(8) Using 5 workers of 8 for evacuation
[2019-06-24T09:21:18.878+0000][1][gc,age       ] GC(8) Desired survivor size 4456448 bytes, new threshold 4 (max threshold 6)
[2019-06-24T09:21:18.878+0000][1][gc,age       ] GC(8) Age table with threshold 4 (max threshold 6)
[2019-06-24T09:21:18.878+0000][1][gc,age       ] GC(8) - age   1:     659832 bytes,     659832 total
[2019-06-24T09:21:18.878+0000][1][gc,age       ] GC(8) - age   2:     549240 bytes,    1209072 total
[2019-06-24T09:21:18.878+0000][1][gc,age       ] GC(8) - age   3:    1129760 bytes,    2338832 total
[2019-06-24T09:21:18.878+0000][1][gc,age       ] GC(8) - age   4:    2192704 bytes,    4531536 total
[2019-06-24T09:21:18.878+0000][1][gc,age       ] GC(8) - age   5:     557984 bytes,    5089520 total
[2019-06-24T09:21:18.878+0000][1][gc,heap      ] GC(8) ParNew: 75995K->6195K(78656K)
[2019-06-24T09:21:18.878+0000][1][gc,heap      ] GC(8) CMS: 11323K->11323K(174784K)
[2019-06-24T09:21:18.878+0000][1][gc,metaspace ] GC(8) Metaspace: 20320K->20320K(1069056K)
[2019-06-24T09:21:18.878+0000][1][gc           ] GC(8) Pause Young (Allocation Failure) 85M->17M(247M) 2.747ms
[2019-06-24T09:21:18.878+0000][1][gc,cpu       ] GC(8) User=0.01s Sys=0.00s Real=0.00s
[2019-06-24T09:21:18.878+0000][1][safepoint    ] Leaving safepoint region
[2019-06-24T09:21:18.878+0000][1][safepoint    ] Total time for which application threads were stopped: 0.0028512 seconds, Stopping threads took: 0.0000119 seconds
[2019-06-24T09:21:18.879+0000][1][safepoint    ] Application time: 0.0001285 seconds
[2019-06-24T09:21:18.879+0000][1][safepoint    ] Entering safepoint region: CMS_Initial_Mark
[2019-06-24T09:21:18.879+0000][1][gc,start     ] GC(9) Pause Initial Mark
[2019-06-24T09:21:18.879+0000][1][gc           ] GC(9) Pause Initial Mark 18M->18M(247M) 0.817ms
[2019-06-24T09:21:18.879+0000][1][gc,cpu       ] GC(9) User=0.01s Sys=0.00s Real=0.00s
[2019-06-24T09:21:18.879+0000][1][safepoint    ] Leaving safepoint region
[2019-06-24T09:21:18.880+0000][1][safepoint    ] Total time for which application threads were stopped: 0.0009662 seconds, Stopping threads took: 0.0000746 seconds
[2019-06-24T09:21:18.880+0000][1][gc           ] GC(9) Concurrent Mark
[2019-06-24T09:21:18.880+0000][1][gc,task      ] GC(9) Using 2 workers of 2 for marking
[2019-06-24T09:21:18.890+0000][1][gc           ] GC(9) Concurrent Mark 10.605ms
[2019-06-24T09:21:18.890+0000][1][gc,cpu       ] GC(9) User=0.05s Sys=0.00s Real=0.01s
[2019-06-24T09:21:18.890+0000][1][gc           ] GC(9) Concurrent Preclean
[2019-06-24T09:21:18.891+0000][1][gc           ] GC(9) Concurrent Preclean 0.725ms
[2019-06-24T09:21:18.891+0000][1][gc,cpu       ] GC(9) User=0.01s Sys=0.00s Real=0.00s
[2019-06-24T09:21:18.891+0000][1][gc           ] GC(9) Concurrent Abortable Preclean
[2019-06-24T09:21:18.950+0000][1][safepoint    ] Application time: 0.0708558 seconds
[2019-06-24T09:21:18.950+0000][1][safepoint    ] Entering safepoint region: GenCollectForAllocation
[2019-06-24T09:21:18.951+0000][1][gc,start     ] GC(10) Pause Young (Allocation Failure)
[2019-06-24T09:21:18.951+0000][1][gc,task      ] GC(10) Using 5 workers of 8 for evacuation
[2019-06-24T09:21:18.955+0000][1][gc,age       ] GC(10) Desired survivor size 4456448 bytes, new threshold 6 (max threshold 6)
[2019-06-24T09:21:18.955+0000][1][gc,age       ] GC(10) Age table with threshold 6 (max threshold 6)
[2019-06-24T09:21:18.955+0000][1][gc,age       ] GC(10) - age   1:     921528 bytes,     921528 total
[2019-06-24T09:21:18.955+0000][1][gc,age       ] GC(10) - age   2:     450096 bytes,    1371624 total
[2019-06-24T09:21:18.955+0000][1][gc,age       ] GC(10) - age   3:     549120 bytes,    1920744 total
[2019-06-24T09:21:18.955+0000][1][gc,age       ] GC(10) - age   4:    1129760 bytes,    3050504 total
[2019-06-24T09:21:18.955+0000][1][gc,heap      ] GC(10) ParNew: 76147K->5170K(78656K)
[2019-06-24T09:21:18.955+0000][1][gc,heap      ] GC(10) CMS: 11323K->14033K(174784K)
[2019-06-24T09:21:18.955+0000][1][gc,metaspace ] GC(10) Metaspace: 20429K->20429K(1069056K)
[2019-06-24T09:21:18.955+0000][1][gc           ] GC(10) Pause Young (Allocation Failure) 85M->18M(247M) 4.372ms
[2019-06-24T09:21:18.955+0000][1][gc,cpu       ] GC(10) User=0.02s Sys=0.00s Real=0.01s
[2019-06-24T09:21:18.955+0000][1][safepoint    ] Leaving safepoint region
[2019-06-24T09:21:18.955+0000][1][safepoint    ] Total time for which application threads were stopped: 0.0045380 seconds, Stopping threads took: 0.0000333 seconds
[2019-06-24T09:21:19.035+0000][1][safepoint    ] Application time: 0.0803474 seconds
[2019-06-24T09:21:19.035+0000][1][safepoint    ] Entering safepoint region: GenCollectForAllocation
[2019-06-24T09:21:19.035+0000][1][gc,start     ] GC(11) Pause Young (Allocation Failure)
[2019-06-24T09:21:19.035+0000][1][gc,task      ] GC(11) Using 5 workers of 8 for evacuation
[2019-06-24T09:21:19.038+0000][1][gc,age       ] GC(11) Desired survivor size 4456448 bytes, new threshold 6 (max threshold 6)
[2019-06-24T09:21:19.038+0000][1][gc,age       ] GC(11) Age table with threshold 6 (max threshold 6)
[2019-06-24T09:21:19.038+0000][1][gc,age       ] GC(11) - age   1:    1857096 bytes,    1857096 total
[2019-06-24T09:21:19.038+0000][1][gc,age       ] GC(11) - age   2:      98808 bytes,    1955904 total
[2019-06-24T09:21:19.038+0000][1][gc,age       ] GC(11) - age   3:     450096 bytes,    2406000 total
[2019-06-24T09:21:19.038+0000][1][gc,age       ] GC(11) - age   4:     548968 bytes,    2954968 total
[2019-06-24T09:21:19.038+0000][1][gc,age       ] GC(11) - age   5:    1129472 bytes,    4084440 total
[2019-06-24T09:21:19.038+0000][1][gc,heap      ] GC(11) ParNew: 75122K->4990K(78656K)
[2019-06-24T09:21:19.038+0000][1][gc,heap      ] GC(11) CMS: 14033K->14033K(174784K)
[2019-06-24T09:21:19.038+0000][1][gc,metaspace ] GC(11) Metaspace: 20512K->20512K(1069056K)
[2019-06-24T09:21:19.038+0000][1][gc           ] GC(11) Pause Young (Allocation Failure) 87M->18M(247M) 2.745ms
[2019-06-24T09:21:19.038+0000][1][gc,cpu       ] GC(11) User=0.02s Sys=0.00s Real=0.00s
[2019-06-24T09:21:19.038+0000][1][safepoint    ] Leaving safepoint region
[2019-06-24T09:21:19.038+0000][1][safepoint    ] Total time for which application threads were stopped: 0.0028721 seconds, Stopping threads took: 0.0000220 seconds
[2019-06-24T09:21:19.038+0000][1][gc           ] GC(9) Concurrent Abortable Preclean 147.252ms
[2019-06-24T09:21:19.038+0000][1][gc,cpu       ] GC(9) User=0.66s Sys=0.02s Real=0.15s
[2019-06-24T09:21:19.038+0000][1][safepoint    ] Application time: 0.0001207 seconds
[2019-06-24T09:21:19.038+0000][1][safepoint    ] Entering safepoint region: CMS_Final_Remark
[2019-06-24T09:21:19.038+0000][1][gc,start     ] GC(9) Pause Remark
[2019-06-24T09:21:19.044+0000][1][gc           ] GC(9) Pause Remark 19M->19M(247M) 5.305ms
[2019-06-24T09:21:19.044+0000][1][gc,cpu       ] GC(9) User=0.01s Sys=0.01s Real=0.01s
[2019-06-24T09:21:19.044+0000][1][safepoint    ] Leaving safepoint region
[2019-06-24T09:21:19.044+0000][1][safepoint    ] Total time for which application threads were stopped: 0.0054519 seconds, Stopping threads took: 0.0000374 seconds
[2019-06-24T09:21:19.044+0000][1][gc           ] GC(9) Concurrent Sweep
[2019-06-24T09:21:19.050+0000][1][gc           ] GC(9) Concurrent Sweep 5.724ms
[2019-06-24T09:21:19.050+0000][1][gc,cpu       ] GC(9) User=0.02s Sys=0.00s Real=0.00s
[2019-06-24T09:21:19.050+0000][1][gc           ] GC(9) Concurrent Reset
[2019-06-24T09:21:19.050+0000][1][gc           ] GC(9) Concurrent Reset 0.477ms
[2019-06-24T09:21:19.050+0000][1][gc,cpu       ] GC(9) User=0.00s Sys=0.00s Real=0.00s
[2019-06-24T09:21:19.050+0000][1][gc,heap      ] GC(9) Old: 11323K->14007K(174784K)
[2019-06-24T09:21:19.096+0000][1][safepoint    ] Application time: 0.0522978 seconds
[2019-06-24T09:21:19.096+0000][1][safepoint    ] Entering safepoint region: Deoptimize
[2019-06-24T09:21:19.097+0000][1][safepoint    ] Leaving safepoint region
[2019-06-24T09:21:19.097+0000][1][safepoint    ] Total time for which application threads were stopped: 0.0006397 seconds, Stopping threads took: 0.0000164 seconds
[2019-06-24T09:21:19.424+0000][1][safepoint    ] Application time: 0.3273137 seconds
[2019-06-24T09:21:19.424+0000][1][safepoint    ] Entering safepoint region: Deoptimize
[2019-06-24T09:21:19.425+0000][1][safepoint    ] Leaving safepoint region
[2019-06-24T09:21:19.425+0000][1][safepoint    ] Total time for which application threads were stopped: 0.0005857 seconds, Stopping threads took: 0.0000151 seconds
[2019-06-24T09:21:19.434+0000][1][safepoint    ] Application time: 0.0089295 seconds
[2019-06-24T09:21:19.434+0000][1][safepoint    ] Entering safepoint region: RevokeBias
[2019-06-24T09:21:19.434+0000][1][safepoint    ] Leaving safepoint region
[2019-06-24T09:21:19.434+0000][1][safepoint    ] Total time for which application threads were stopped: 0.0000789 seconds, Stopping threads took: 0.0000166 seconds
[2019-06-24T09:21:19.434+0000][1][safepoint    ] Application time: 0.0003126 seconds
[2019-06-24T09:21:19.434+0000][1][safepoint    ] Entering safepoint region: Deoptimize
[2019-06-24T09:21:19.434+0000][1][safepoint    ] Leaving safepoint region
[2019-06-24T09:21:19.434+0000][1][safepoint    ] Total time for which application threads were stopped: 0.0003316 seconds, Stopping threads took: 0.0000113 seconds
[2019-06-24T09:21:19.438+0000][1][safepoint    ] Application time: 0.0033210 seconds
[2019-06-24T09:21:19.438+0000][1][safepoint    ] Entering safepoint region: Deoptimize
[2019-06-24T09:21:19.438+0000][1][safepoint    ] Leaving safepoint region
[2019-06-24T09:21:19.438+0000][1][safepoint    ] Total time for which application threads were stopped: 0.0003414 seconds, Stopping threads took: 0.0000144 seconds
[2019-06-24T09:21:19.518+0000][1][safepoint    ] Application time: 0.0794095 seconds
[2019-06-24T09:21:19.518+0000][1][safepoint    ] Entering safepoint region: GenCollectForAllocation
[2019-06-24T09:21:19.518+0000][1][gc,start     ] GC(12) Pause Young (Allocation Failure)
[2019-06-24T09:21:19.518+0000][1][gc,task      ] GC(12) Using 5 workers of 8 for evacuation
[2019-06-24T09:21:19.522+0000][1][gc,age       ] GC(12) Desired survivor size 4456448 bytes, new threshold 5 (max threshold 6)
[2019-06-24T09:21:19.522+0000][1][gc,age       ] GC(12) Age table with threshold 5 (max threshold 6)
[2019-06-24T09:21:19.522+0000][1][gc,age       ] GC(12) - age   1:    3438064 bytes,    3438064 total
[2019-06-24T09:21:19.522+0000][1][gc,age       ] GC(12) - age   2:     345232 bytes,    3783296 total
[2019-06-24T09:21:19.522+0000][1][gc,age       ] GC(12) - age   3:      98544 bytes,    3881840 total
[2019-06-24T09:21:19.522+0000][1][gc,age       ] GC(12) - age   4:     449968 bytes,    4331808 total
[2019-06-24T09:21:19.522+0000][1][gc,age       ] GC(12) - age   5:     543736 bytes,    4875544 total
[2019-06-24T09:21:19.522+0000][1][gc,age       ] GC(12) - age   6:    1129336 bytes,    6004880 total
[2019-06-24T09:21:19.522+0000][1][gc,heap      ] GC(12) ParNew: 74942K->7555K(78656K)
[2019-06-24T09:21:19.522+0000][1][gc,heap      ] GC(12) CMS: 14007K->14007K(174784K)
[2019-06-24T09:21:19.522+0000][1][gc,metaspace ] GC(12) Metaspace: 26360K->26360K(1073152K)
[2019-06-24T09:21:19.522+0000][1][gc           ] GC(12) Pause Young (Allocation Failure) 86M->21M(247M) 4.457ms
[2019-06-24T09:21:19.522+0000][1][gc,cpu       ] GC(12) User=0.02s Sys=0.00s Real=0.00s
[2019-06-24T09:21:19.522+0000][1][safepoint    ] Leaving safepoint region
[2019-06-24T09:21:19.522+0000][1][safepoint    ] Total time for which application threads were stopped: 0.0046765 seconds, Stopping threads took: 0.0001087 seconds
[2019-06-24T09:21:20.099+0000][1][safepoint    ] Application time: 0.5766031 seconds
[2019-06-24T09:21:20.099+0000][1][safepoint    ] Entering safepoint region: GenCollectForAllocation
[2019-06-24T09:21:20.099+0000][1][gc,start     ] GC(13) Pause Young (Allocation Failure)
[2019-06-24T09:21:20.099+0000][1][gc,task      ] GC(13) Using 5 workers of 8 for evacuation
[2019-06-24T09:21:20.119+0000][1][gc,age       ] GC(13) Desired survivor size 4456448 bytes, new threshold 1 (max threshold 6)
[2019-06-24T09:21:20.119+0000][1][gc,age       ] GC(13) Age table with threshold 1 (max threshold 6)
[2019-06-24T09:21:20.119+0000][1][gc,age       ] GC(13) - age   1:    4706504 bytes,    4706504 total
[2019-06-24T09:21:20.119+0000][1][gc,age       ] GC(13) - age   2:    3315288 bytes,    8021792 total
[2019-06-24T09:21:20.119+0000][1][gc,age       ] GC(13) - age   3:     345232 bytes,    8367024 total
[2019-06-24T09:21:20.119+0000][1][gc,age       ] GC(13) - age   4:      98544 bytes,    8465568 total
[2019-06-24T09:21:20.119+0000][1][gc,age       ] GC(13) - age   5:     449968 bytes,    8915536 total
[2019-06-24T09:21:20.120+0000][1][gc,heap      ] GC(13) ParNew: 77507K->8704K(78656K)
[2019-06-24T09:21:20.120+0000][1][gc,heap      ] GC(13) CMS: 14007K->25342K(174784K)
[2019-06-24T09:21:20.120+0000][1][gc,metaspace ] GC(13) Metaspace: 26944K->26944K(1075200K)
[2019-06-24T09:21:20.120+0000][1][gc           ] GC(13) Pause Young (Allocation Failure) 89M->33M(247M) 20.258ms
[2019-06-24T09:21:20.120+0000][1][gc,cpu       ] GC(13) User=0.13s Sys=0.00s Real=0.02s
[2019-06-24T09:21:20.120+0000][1][safepoint    ] Leaving safepoint region
[2019-06-24T09:21:20.120+0000][1][safepoint    ] Total time for which application threads were stopped: 0.0206234 seconds, Stopping threads took: 0.0000305 seconds
[2019-06-24T09:21:20.154+0000][1][safepoint    ] Application time: 0.0342407 seconds
[2019-06-24T09:21:20.154+0000][1][safepoint    ] Entering safepoint region: Deoptimize
[2019-06-24T09:21:20.154+0000][1][safepoint    ] Leaving safepoint region
[2019-06-24T09:21:20.154+0000][1][safepoint    ] Total time for which application threads were stopped: 0.0003978 seconds, Stopping threads took: 0.0000168 seconds
[2019-06-24T09:21:20.303+0000][1][safepoint    ] Application time: 0.1486983 seconds
[2019-06-24T09:21:20.303+0000][1][safepoint    ] Entering safepoint region: RevokeBias
[2019-06-24T09:21:20.303+0000][1][safepoint    ] Leaving safepoint region
[2019-06-24T09:21:20.303+0000][1][safepoint    ] Total time for which application threads were stopped: 0.0001095 seconds, Stopping threads took: 0.0000186 seconds
[2019-06-24T09:21:20.502+0000][1][safepoint    ] Application time: 0.1985726 seconds
[2019-06-24T09:21:20.502+0000][1][safepoint    ] Entering safepoint region: GenCollectForAllocation
[2019-06-24T09:21:20.502+0000][1][gc,start     ] GC(14) Pause Young (Allocation Failure)
[2019-06-24T09:21:20.502+0000][1][gc,task      ] GC(14) Using 5 workers of 8 for evacuation
[2019-06-24T09:21:20.523+0000][1][gc,age       ] GC(14) Desired survivor size 4456448 bytes, new threshold 1 (max threshold 6)
[2019-06-24T09:21:20.523+0000][1][gc,age       ] GC(14) Age table with threshold 1 (max threshold 6)
[2019-06-24T09:21:20.523+0000][1][gc,age       ] GC(14) - age   1:    8802808 bytes,    8802808 total
[2019-06-24T09:21:20.524+0000][1][gc,heap      ] GC(14) ParNew: 78656K->8704K(78656K)
[2019-06-24T09:21:20.524+0000][1][gc,heap      ] GC(14) CMS: 25342K->39118K(174784K)
[2019-06-24T09:21:20.524+0000][1][gc,metaspace ] GC(14) Metaspace: 27088K->27088K(1075200K)
[2019-06-24T09:21:20.524+0000][1][gc           ] GC(14) Pause Young (Allocation Failure) 101M->46M(247M) 21.697ms
[2019-06-24T09:21:20.524+0000][1][gc,cpu       ] GC(14) User=0.16s Sys=0.00s Real=0.03s
[2019-06-24T09:21:20.524+0000][1][safepoint    ] Leaving safepoint region
[2019-06-24T09:21:20.524+0000][1][safepoint    ] Total time for which application threads were stopped: 0.0218221 seconds, Stopping threads took: 0.0000171 seconds
[2019-06-24T09:21:20.716+0000][1][safepoint    ] Application time: 0.1924589 seconds
[2019-06-24T09:21:20.716+0000][1][safepoint    ] Entering safepoint region: RevokeBias
[2019-06-24T09:21:20.716+0000][1][safepoint    ] Leaving safepoint region
[2019-06-24T09:21:20.716+0000][1][safepoint    ] Total time for which application threads were stopped: 0.0001265 seconds, Stopping threads took: 0.0000467 seconds
[2019-06-24T09:21:21.022+0000][1][safepoint    ] Application time: 0.3054270 seconds
[2019-06-24T09:21:21.022+0000][1][safepoint    ] Entering safepoint region: GenCollectForAllocation
[2019-06-24T09:21:21.022+0000][1][gc,start     ] GC(15) Pause Young (Allocation Failure)
[2019-06-24T09:21:21.022+0000][1][gc,task      ] GC(15) Using 5 workers of 8 for evacuation
[2019-06-24T09:21:21.040+0000][1][gc,age       ] GC(15) Desired survivor size 4456448 bytes, new threshold 1 (max threshold 6)
[2019-06-24T09:21:21.040+0000][1][gc,age       ] GC(15) Age table with threshold 1 (max threshold 6)
[2019-06-24T09:21:21.040+0000][1][gc,age       ] GC(15) - age   1:    6892944 bytes,    6892944 total
[2019-06-24T09:21:21.040+0000][1][gc,heap      ] GC(15) ParNew: 78656K->8704K(78656K)
[2019-06-24T09:21:21.040+0000][1][gc,heap      ] GC(15) CMS: 39118K->48751K(174784K)
[2019-06-24T09:21:21.040+0000][1][gc,metaspace ] GC(15) Metaspace: 32073K->32073K(1079296K)
[2019-06-24T09:21:21.040+0000][1][gc           ] GC(15) Pause Young (Allocation Failure) 115M->56M(247M) 18.375ms
[2019-06-24T09:21:21.040+0000][1][gc,cpu       ] GC(15) User=0.13s Sys=0.00s Real=0.02s
[2019-06-24T09:21:21.040+0000][1][safepoint    ] Leaving safepoint region
[2019-06-24T09:21:21.040+0000][1][safepoint    ] Total time for which application threads were stopped: 0.0185705 seconds, Stopping threads took: 0.0000182 seconds
[2019-06-24T09:21:21.164+0000][1][safepoint    ] Application time: 0.1239619 seconds
[2019-06-24T09:21:21.164+0000][1][safepoint    ] Entering safepoint region: GenCollectForAllocation
[2019-06-24T09:21:21.164+0000][1][gc,start     ] GC(16) Pause Young (Allocation Failure)
[2019-06-24T09:21:21.164+0000][1][gc,task      ] GC(16) Using 5 workers of 8 for evacuation
[2019-06-24T09:21:21.173+0000][1][gc,age       ] GC(16) Desired survivor size 4456448 bytes, new threshold 6 (max threshold 6)
[2019-06-24T09:21:21.173+0000][1][gc,age       ] GC(16) Age table with threshold 6 (max threshold 6)
[2019-06-24T09:21:21.173+0000][1][gc,age       ] GC(16) - age   1:     347216 bytes,     347216 total
[2019-06-24T09:21:21.173+0000][1][gc,heap      ] GC(16) ParNew: 78656K->7143K(78656K)
[2019-06-24T09:21:21.173+0000][1][gc,heap      ] GC(16) CMS: 48751K->55515K(174784K)
[2019-06-24T09:21:21.173+0000][1][gc,metaspace ] GC(16) Metaspace: 32839K->32839K(1079296K)
[2019-06-24T09:21:21.173+0000][1][gc           ] GC(16) Pause Young (Allocation Failure) 124M->61M(247M) 8.604ms
[2019-06-24T09:21:21.173+0000][1][gc,cpu       ] GC(16) User=0.05s Sys=0.00s Real=0.00s
[2019-06-24T09:21:21.173+0000][1][safepoint    ] Leaving safepoint region
[2019-06-24T09:21:21.173+0000][1][safepoint    ] Total time for which application threads were stopped: 0.0087481 seconds, Stopping threads took: 0.0000162 seconds
[2019-06-24T09:21:21.373+0000][1][safepoint    ] Application time: 0.1997876 seconds
[2019-06-24T09:21:21.373+0000][1][safepoint    ] Entering safepoint region: CollectForMetadataAllocation
[2019-06-24T09:21:21.373+0000][1][safepoint    ] Leaving safepoint region
[2019-06-24T09:21:21.373+0000][1][safepoint    ] Total time for which application threads were stopped: 0.0002377 seconds, Stopping threads took: 0.0000155 seconds
[2019-06-24T09:21:21.397+0000][1][safepoint    ] Application time: 0.0242802 seconds
[2019-06-24T09:21:21.397+0000][1][safepoint    ] Entering safepoint region: CollectForMetadataAllocation
[2019-06-24T09:21:21.398+0000][1][safepoint    ] Leaving safepoint region
[2019-06-24T09:21:21.398+0000][1][safepoint    ] Total time for which application threads were stopped: 0.0001477 seconds, Stopping threads took: 0.0000146 seconds
[2019-06-24T09:21:21.419+0000][1][safepoint    ] Application time: 0.0212535 seconds
[2019-06-24T09:21:21.419+0000][1][safepoint    ] Entering safepoint region: CollectForMetadataAllocation
[2019-06-24T09:21:21.419+0000][1][safepoint    ] Leaving safepoint region
[2019-06-24T09:21:21.419+0000][1][safepoint    ] Total time for which application threads were stopped: 0.0001976 seconds, Stopping threads took: 0.0000169 seconds
[2019-06-24T09:21:21.437+0000][1][safepoint    ] Application time: 0.0183296 seconds
[2019-06-24T09:21:21.437+0000][1][safepoint    ] Entering safepoint region: CollectForMetadataAllocation
[2019-06-24T09:21:21.438+0000][1][safepoint    ] Leaving safepoint region
[2019-06-24T09:21:21.438+0000][1][safepoint    ] Total time for which application threads were stopped: 0.0001848 seconds, Stopping threads took: 0.0000163 seconds
[2019-06-24T09:21:21.452+0000][1][safepoint    ] Application time: 0.0145452 seconds
[2019-06-24T09:21:21.452+0000][1][safepoint    ] Entering safepoint region: CollectForMetadataAllocation
[2019-06-24T09:21:21.452+0000][1][safepoint    ] Leaving safepoint region
[2019-06-24T09:21:21.452+0000][1][safepoint    ] Total time for which application threads were stopped: 0.0001446 seconds, Stopping threads took: 0.0000320 seconds
[2019-06-24T09:21:21.485+0000][1][safepoint    ] Application time: 0.0329380 seconds
[2019-06-24T09:21:21.485+0000][1][safepoint    ] Entering safepoint region: CollectForMetadataAllocation
[2019-06-24T09:21:21.486+0000][1][safepoint    ] Leaving safepoint region
[2019-06-24T09:21:21.486+0000][1][safepoint    ] Total time for which application threads were stopped: 0.0001771 seconds, Stopping threads took: 0.0000163 seconds
[2019-06-24T09:21:21.500+0000][1][safepoint    ] Application time: 0.0142113 seconds
[2019-06-24T09:21:21.500+0000][1][safepoint    ] Entering safepoint region: CollectForMetadataAllocation
[2019-06-24T09:21:21.500+0000][1][safepoint    ] Leaving safepoint region
[2019-06-24T09:21:21.500+0000][1][safepoint    ] Total time for which application threads were stopped: 0.0001667 seconds, Stopping threads took: 0.0000147 seconds
[2019-06-24T09:21:21.514+0000][1][safepoint    ] Application time: 0.0137880 seconds
[2019-06-24T09:21:21.514+0000][1][safepoint    ] Entering safepoint region: CollectForMetadataAllocation
[2019-06-24T09:21:21.514+0000][1][safepoint    ] Leaving safepoint region
[2019-06-24T09:21:21.514+0000][1][safepoint    ] Total time for which application threads were stopped: 0.0002031 seconds, Stopping threads took: 0.0000166 seconds
[2019-06-24T09:21:21.529+0000][1][safepoint    ] Application time: 0.0146082 seconds
[2019-06-24T09:21:21.529+0000][1][safepoint    ] Entering safepoint region: CollectForMetadataAllocation
[2019-06-24T09:21:21.529+0000][1][safepoint    ] Leaving safepoint region
[2019-06-24T09:21:21.529+0000][1][safepoint    ] Total time for which application threads were stopped: 0.0001762 seconds, Stopping threads took: 0.0000152 seconds
[2019-06-24T09:21:21.558+0000][1][safepoint    ] Application time: 0.0287690 seconds
[2019-06-24T09:21:21.558+0000][1][safepoint    ] Entering safepoint region: CollectForMetadataAllocation
[2019-06-24T09:21:21.558+0000][1][safepoint    ] Leaving safepoint region
[2019-06-24T09:21:21.558+0000][1][safepoint    ] Total time for which application threads were stopped: 0.0001517 seconds, Stopping threads took: 0.0000100 seconds
[2019-06-24T09:21:21.560+0000][1][safepoint    ] Application time: 0.0018142 seconds
[2019-06-24T09:21:21.560+0000][1][safepoint    ] Entering safepoint region: RevokeBias
[2019-06-24T09:21:21.560+0000][1][safepoint    ] Leaving safepoint region
[2019-06-24T09:21:21.560+0000][1][safepoint    ] Total time for which application threads were stopped: 0.0000792 seconds, Stopping threads took: 0.0000178 seconds
[2019-06-24T09:21:21.586+0000][1][safepoint    ] Application time: 0.0261007 seconds
[2019-06-24T09:21:21.586+0000][1][safepoint    ] Entering safepoint region: CollectForMetadataAllocation
[2019-06-24T09:21:21.586+0000][1][safepoint    ] Leaving safepoint region
[2019-06-24T09:21:21.586+0000][1][safepoint    ] Total time for which application threads were stopped: 0.0001614 seconds, Stopping threads took: 0.0000206 seconds
[2019-06-24T09:21:21.602+0000][1][safepoint    ] Application time: 0.0160381 seconds
[2019-06-24T09:21:21.602+0000][1][safepoint    ] Entering safepoint region: CollectForMetadataAllocation
[2019-06-24T09:21:21.602+0000][1][safepoint    ] Leaving safepoint region
[2019-06-24T09:21:21.602+0000][1][safepoint    ] Total time for which application threads were stopped: 0.0002124 seconds, Stopping threads took: 0.0000166 seconds
[2019-06-24T09:21:21.625+0000][1][safepoint    ] Application time: 0.0229554 seconds
[2019-06-24T09:21:21.625+0000][1][safepoint    ] Entering safepoint region: CollectForMetadataAllocation
[2019-06-24T09:21:21.625+0000][1][safepoint    ] Leaving safepoint region
[2019-06-24T09:21:21.625+0000][1][safepoint    ] Total time for which application threads were stopped: 0.0001418 seconds, Stopping threads took: 0.0000105 seconds
[2019-06-24T09:21:21.638+0000][1][safepoint    ] Application time: 0.0123319 seconds
[2019-06-24T09:21:21.638+0000][1][safepoint    ] Entering safepoint region: CollectForMetadataAllocation
[2019-06-24T09:21:21.638+0000][1][safepoint    ] Leaving safepoint region
[2019-06-24T09:21:21.638+0000][1][safepoint    ] Total time for which application threads were stopped: 0.0001543 seconds, Stopping threads took: 0.0000110 seconds
[2019-06-24T09:21:21.655+0000][1][safepoint    ] Application time: 0.0173675 seconds
[2019-06-24T09:21:21.655+0000][1][safepoint    ] Entering safepoint region: CollectForMetadataAllocation
[2019-06-24T09:21:21.656+0000][1][safepoint    ] Leaving safepoint region
[2019-06-24T09:21:21.656+0000][1][safepoint    ] Total time for which application threads were stopped: 0.0001567 seconds, Stopping threads took: 0.0000107 seconds
[2019-06-24T09:21:21.673+0000][1][safepoint    ] Application time: 0.0179045 seconds
[2019-06-24T09:21:21.674+0000][1][safepoint    ] Entering safepoint region: CollectForMetadataAllocation
[2019-06-24T09:21:21.674+0000][1][safepoint    ] Leaving safepoint region
[2019-06-24T09:21:21.674+0000][1][safepoint    ] Total time for which application threads were stopped: 0.0001468 seconds, Stopping threads took: 0.0000108 seconds
[2019-06-24T09:21:21.695+0000][1][safepoint    ] Application time: 0.0216475 seconds
[2019-06-24T09:21:21.695+0000][1][safepoint    ] Entering safepoint region: CollectForMetadataAllocation
[2019-06-24T09:21:21.695+0000][1][safepoint    ] Leaving safepoint region
[2019-06-24T09:21:21.695+0000][1][safepoint    ] Total time for which application threads were stopped: 0.0001404 seconds, Stopping threads took: 0.0000109 seconds
[2019-06-24T09:21:21.712+0000][1][safepoint    ] Application time: 0.0164265 seconds
[2019-06-24T09:21:21.712+0000][1][safepoint    ] Entering safepoint region: CollectForMetadataAllocation
[2019-06-24T09:21:21.712+0000][1][safepoint    ] Leaving safepoint region
[2019-06-24T09:21:21.712+0000][1][safepoint    ] Total time for which application threads were stopped: 0.0001425 seconds, Stopping threads took: 0.0000104 seconds
[2019-06-24T09:21:21.724+0000][1][safepoint    ] Application time: 0.0123571 seconds
[2019-06-24T09:21:21.724+0000][1][safepoint    ] Entering safepoint region: CollectForMetadataAllocation
[2019-06-24T09:21:21.725+0000][1][safepoint    ] Leaving safepoint region
[2019-06-24T09:21:21.725+0000][1][safepoint    ] Total time for which application threads were stopped: 0.0001381 seconds, Stopping threads took: 0.0000102 seconds
[2019-06-24T09:21:21.739+0000][1][safepoint    ] Application time: 0.0146882 seconds
[2019-06-24T09:21:21.739+0000][1][safepoint    ] Entering safepoint region: CollectForMetadataAllocation
[2019-06-24T09:21:21.739+0000][1][safepoint    ] Leaving safepoint region
[2019-06-24T09:21:21.739+0000][1][safepoint    ] Total time for which application threads were stopped: 0.0001406 seconds, Stopping threads took: 0.0000101 seconds
[2019-06-24T09:21:21.756+0000][1][safepoint    ] Application time: 0.0163308 seconds
[2019-06-24T09:21:21.756+0000][1][safepoint    ] Entering safepoint region: CollectForMetadataAllocation
[2019-06-24T09:21:21.756+0000][1][safepoint    ] Leaving safepoint region
[2019-06-24T09:21:21.756+0000][1][safepoint    ] Total time for which application threads were stopped: 0.0001442 seconds, Stopping threads took: 0.0000104 seconds
[2019-06-24T09:21:21.772+0000][1][safepoint    ] Application time: 0.0158940 seconds
[2019-06-24T09:21:21.772+0000][1][safepoint    ] Entering safepoint region: CollectForMetadataAllocation
[2019-06-24T09:21:21.772+0000][1][safepoint    ] Leaving safepoint region
[2019-06-24T09:21:21.772+0000][1][safepoint    ] Total time for which application threads were stopped: 0.0001163 seconds, Stopping threads took: 0.0000098 seconds
[2019-06-24T09:21:21.791+0000][1][safepoint    ] Application time: 0.0188315 seconds
[2019-06-24T09:21:21.791+0000][1][safepoint    ] Entering safepoint region: CollectForMetadataAllocation
[2019-06-24T09:21:21.791+0000][1][safepoint    ] Leaving safepoint region
[2019-06-24T09:21:21.791+0000][1][safepoint    ] Total time for which application threads were stopped: 0.0001428 seconds, Stopping threads took: 0.0000100 seconds
[2019-06-24T09:21:21.816+0000][1][safepoint    ] Application time: 0.0250292 seconds
[2019-06-24T09:21:21.816+0000][1][safepoint    ] Entering safepoint region: CollectForMetadataAllocation
[2019-06-24T09:21:21.816+0000][1][safepoint    ] Leaving safepoint region
[2019-06-24T09:21:21.816+0000][1][safepoint    ] Total time for which application threads were stopped: 0.0001378 seconds, Stopping threads took: 0.0000107 seconds
[2019-06-24T09:21:21.836+0000][1][safepoint    ] Application time: 0.0195247 seconds
[2019-06-24T09:21:21.836+0000][1][safepoint    ] Entering safepoint region: CollectForMetadataAllocation
[2019-06-24T09:21:21.836+0000][1][safepoint    ] Leaving safepoint region
[2019-06-24T09:21:21.836+0000][1][safepoint    ] Total time for which application threads were stopped: 0.0001684 seconds, Stopping threads took: 0.0000292 seconds
[2019-06-24T09:21:21.856+0000][1][safepoint    ] Application time: 0.0198609 seconds
[2019-06-24T09:21:21.856+0000][1][safepoint    ] Entering safepoint region: CollectForMetadataAllocation
[2019-06-24T09:21:21.856+0000][1][safepoint    ] Leaving safepoint region
[2019-06-24T09:21:21.856+0000][1][safepoint    ] Total time for which application threads were stopped: 0.0001727 seconds, Stopping threads took: 0.0000208 seconds
[2019-06-24T09:21:21.885+0000][1][safepoint    ] Application time: 0.0294099 seconds
[2019-06-24T09:21:21.886+0000][1][safepoint    ] Entering safepoint region: CollectForMetadataAllocation
[2019-06-24T09:21:21.886+0000][1][safepoint    ] Leaving safepoint region
[2019-06-24T09:21:21.886+0000][1][safepoint    ] Total time for which application threads were stopped: 0.0001529 seconds, Stopping threads took: 0.0000102 seconds
[2019-06-24T09:21:21.891+0000][1][safepoint    ] Application time: 0.0051269 seconds
[2019-06-24T09:21:21.891+0000][1][safepoint    ] Entering safepoint region: RevokeBias
[2019-06-24T09:21:21.891+0000][1][safepoint    ] Leaving safepoint region
[2019-06-24T09:21:21.891+0000][1][safepoint    ] Total time for which application threads were stopped: 0.0000659 seconds, Stopping threads took: 0.0000205 seconds
[2019-06-24T09:21:21.902+0000][1][safepoint    ] Application time: 0.0114983 seconds
[2019-06-24T09:21:21.902+0000][1][safepoint    ] Entering safepoint region: CollectForMetadataAllocation
[2019-06-24T09:21:21.903+0000][1][safepoint    ] Leaving safepoint region
[2019-06-24T09:21:21.903+0000][1][safepoint    ] Total time for which application threads were stopped: 0.0002261 seconds, Stopping threads took: 0.0000208 seconds
[2019-06-24T09:21:22.107+0000][1][safepoint    ] Application time: 0.2040982 seconds
[2019-06-24T09:21:22.107+0000][1][safepoint    ] Entering safepoint region: CollectForMetadataAllocation
[2019-06-24T09:21:22.107+0000][1][safepoint    ] Leaving safepoint region
[2019-06-24T09:21:22.107+0000][1][safepoint    ] Total time for which application threads were stopped: 0.0002242 seconds, Stopping threads took: 0.0000497 seconds
[2019-06-24T09:21:22.362+0000][1][safepoint    ] Application time: 0.2552341 seconds
[2019-06-24T09:21:22.362+0000][1][safepoint    ] Entering safepoint region: GenCollectForAllocation
[2019-06-24T09:21:22.362+0000][1][gc,start     ] GC(17) Pause Young (Allocation Failure)
[2019-06-24T09:21:22.362+0000][1][gc,task      ] GC(17) Using 5 workers of 8 for evacuation
[2019-06-24T09:21:22.366+0000][1][gc,age       ] GC(17) Desired survivor size 4456448 bytes, new threshold 6 (max threshold 6)
[2019-06-24T09:21:22.366+0000][1][gc,age       ] GC(17) Age table with threshold 6 (max threshold 6)
[2019-06-24T09:21:22.366+0000][1][gc,age       ] GC(17) - age   1:    3762224 bytes,    3762224 total
[2019-06-24T09:21:22.366+0000][1][gc,age       ] GC(17) - age   2:     307520 bytes,    4069744 total
[2019-06-24T09:21:22.366+0000][1][gc,heap      ] GC(17) ParNew: 77095K->4808K(78656K)
[2019-06-24T09:21:22.366+0000][1][gc,heap      ] GC(17) CMS: 55515K->55515K(174784K)
[2019-06-24T09:21:22.366+0000][1][gc,metaspace ] GC(17) Metaspace: 42217K->42217K(1087488K)
[2019-06-24T09:21:22.366+0000][1][gc           ] GC(17) Pause Young (Allocation Failure) 129M->58M(247M) 3.640ms
[2019-06-24T09:21:22.366+0000][1][gc,cpu       ] GC(17) User=0.01s Sys=0.00s Real=0.01s
[2019-06-24T09:21:22.366+0000][1][safepoint    ] Leaving safepoint region
[2019-06-24T09:21:22.366+0000][1][safepoint    ] Total time for which application threads were stopped: 0.0037503 seconds, Stopping threads took: 0.0000114 seconds
[2019-06-24T09:21:22.366+0000][1][safepoint    ] Application time: 0.0001630 seconds
[2019-06-24T09:21:22.366+0000][1][safepoint    ] Entering safepoint region: CMS_Initial_Mark
[2019-06-24T09:21:22.366+0000][1][gc,start     ] GC(18) Pause Initial Mark
[2019-06-24T09:21:22.368+0000][1][gc           ] GC(18) Pause Initial Mark 60M->60M(247M) 1.177ms
[2019-06-24T09:21:22.368+0000][1][gc,cpu       ] GC(18) User=0.01s Sys=0.00s Real=0.00s
[2019-06-24T09:21:22.368+0000][1][safepoint    ] Leaving safepoint region
[2019-06-24T09:21:22.368+0000][1][safepoint    ] Total time for which application threads were stopped: 0.0012948 seconds, Stopping threads took: 0.0000474 seconds
[2019-06-24T09:21:22.368+0000][1][gc           ] GC(18) Concurrent Mark
[2019-06-24T09:21:22.368+0000][1][gc,task      ] GC(18) Using 2 workers of 2 for marking
[2019-06-24T09:21:22.380+0000][1][safepoint    ] Application time: 0.0124279 seconds
[2019-06-24T09:21:22.380+0000][1][safepoint    ] Entering safepoint region: CollectForMetadataAllocation
[2019-06-24T09:21:22.380+0000][1][safepoint    ] Leaving safepoint region
[2019-06-24T09:21:22.380+0000][1][safepoint    ] Total time for which application threads were stopped: 0.0001459 seconds, Stopping threads took: 0.0000120 seconds
[2019-06-24T09:21:22.416+0000][1][gc           ] GC(18) Concurrent Mark 48.286ms
[2019-06-24T09:21:22.416+0000][1][gc,cpu       ] GC(18) User=0.23s Sys=0.00s Real=0.05s
[2019-06-24T09:21:22.416+0000][1][gc           ] GC(18) Concurrent Preclean
[2019-06-24T09:21:22.418+0000][1][gc           ] GC(18) Concurrent Preclean 2.017ms
[2019-06-24T09:21:22.418+0000][1][gc,cpu       ] GC(18) User=0.00s Sys=0.00s Real=0.00s
[2019-06-24T09:21:22.418+0000][1][gc           ] GC(18) Concurrent Abortable Preclean
[2019-06-24T09:21:22.425+0000][1][safepoint    ] Application time: 0.0445272 seconds
[2019-06-24T09:21:22.425+0000][1][safepoint    ] Entering safepoint region: CollectForMetadataAllocation
[2019-06-24T09:21:22.425+0000][1][safepoint    ] Leaving safepoint region
[2019-06-24T09:21:22.425+0000][1][safepoint    ] Total time for which application threads were stopped: 0.0001537 seconds, Stopping threads took: 0.0000098 seconds
[2019-06-24T09:21:22.581+0000][1][safepoint    ] Application time: 0.1564962 seconds
[2019-06-24T09:21:22.581+0000][1][safepoint    ] Entering safepoint region: CollectForMetadataAllocation
[2019-06-24T09:21:22.582+0000][1][safepoint    ] Leaving safepoint region
[2019-06-24T09:21:22.582+0000][1][safepoint    ] Total time for which application threads were stopped: 0.0001946 seconds, Stopping threads took: 0.0000109 seconds
[2019-06-24T09:21:22.600+0000][1][safepoint    ] Application time: 0.0186717 seconds
[2019-06-24T09:21:22.600+0000][1][safepoint    ] Entering safepoint region: CollectForMetadataAllocation
[2019-06-24T09:21:22.601+0000][1][safepoint    ] Leaving safepoint region
[2019-06-24T09:21:22.601+0000][1][safepoint    ] Total time for which application threads were stopped: 0.0001665 seconds, Stopping threads took: 0.0000163 seconds
[2019-06-24T09:21:22.612+0000][1][safepoint    ] Application time: 0.0112036 seconds
[2019-06-24T09:21:22.612+0000][1][safepoint    ] Entering safepoint region: CollectForMetadataAllocation
[2019-06-24T09:21:22.612+0000][1][safepoint    ] Leaving safepoint region
[2019-06-24T09:21:22.612+0000][1][safepoint    ] Total time for which application threads were stopped: 0.0001535 seconds, Stopping threads took: 0.0000112 seconds
[2019-06-24T09:21:22.643+0000][1][safepoint    ] Application time: 0.0314663 seconds
[2019-06-24T09:21:22.643+0000][1][safepoint    ] Entering safepoint region: CollectForMetadataAllocation
[2019-06-24T09:21:22.644+0000][1][safepoint    ] Leaving safepoint region
[2019-06-24T09:21:22.644+0000][1][safepoint    ] Total time for which application threads were stopped: 0.0002174 seconds, Stopping threads took: 0.0000159 seconds
[2019-06-24T09:21:22.645+0000][1][gc           ] GC(18) Concurrent Abortable Preclean 226.633ms
[2019-06-24T09:21:22.645+0000][1][gc,cpu       ] GC(18) User=1.03s Sys=0.01s Real=0.23s
[2019-06-24T09:21:22.645+0000][1][safepoint    ] Application time: 0.0011453 seconds
[2019-06-24T09:21:22.645+0000][1][safepoint    ] Entering safepoint region: CMS_Final_Remark
[2019-06-24T09:21:22.645+0000][1][gc,start     ] GC(18) Pause Remark
[2019-06-24T09:21:22.665+0000][1][gc           ] GC(18) Pause Remark 94M->94M(247M) 20.077ms
[2019-06-24T09:21:22.665+0000][1][gc,cpu       ] GC(18) User=0.11s Sys=0.00s Real=0.02s
[2019-06-24T09:21:22.665+0000][1][safepoint    ] Leaving safepoint region
[2019-06-24T09:21:22.665+0000][1][safepoint    ] Total time for which application threads were stopped: 0.0203451 seconds, Stopping threads took: 0.0001551 seconds
[2019-06-24T09:21:22.665+0000][1][gc           ] GC(18) Concurrent Sweep
[2019-06-24T09:21:22.694+0000][1][safepoint    ] Application time: 0.0285882 seconds
[2019-06-24T09:21:22.694+0000][1][safepoint    ] Entering safepoint region: RevokeBias
[2019-06-24T09:21:22.694+0000][1][safepoint    ] Leaving safepoint region
[2019-06-24T09:21:22.694+0000][1][safepoint    ] Total time for which application threads were stopped: 0.0006126 seconds, Stopping threads took: 0.0000162 seconds
[2019-06-24T09:21:22.696+0000][1][safepoint    ] Application time: 0.0015834 seconds
[2019-06-24T09:21:22.696+0000][1][safepoint    ] Entering safepoint region: RevokeBias
[2019-06-24T09:21:22.696+0000][1][safepoint    ] Leaving safepoint region
[2019-06-24T09:21:22.696+0000][1][safepoint    ] Total time for which application threads were stopped: 0.0000891 seconds, Stopping threads took: 0.0000276 seconds
[2019-06-24T09:21:22.697+0000][1][safepoint    ] Application time: 0.0006711 seconds
[2019-06-24T09:21:22.697+0000][1][safepoint    ] Entering safepoint region: RevokeBias
[2019-06-24T09:21:22.697+0000][1][safepoint    ] Leaving safepoint region
[2019-06-24T09:21:22.697+0000][1][safepoint    ] Total time for which application threads were stopped: 0.0000847 seconds, Stopping threads took: 0.0000372 seconds
[2019-06-24T09:21:22.701+0000][1][gc           ] GC(18) Concurrent Sweep 35.213ms
[2019-06-24T09:21:22.701+0000][1][gc,cpu       ] GC(18) User=0.17s Sys=0.01s Real=0.03s
[2019-06-24T09:21:22.701+0000][1][gc           ] GC(18) Concurrent Reset
[2019-06-24T09:21:22.701+0000][1][gc           ] GC(18) Concurrent Reset 0.348ms
[2019-06-24T09:21:22.701+0000][1][gc,cpu       ] GC(18) User=0.01s Sys=0.00s Real=0.00s
[2019-06-24T09:21:22.701+0000][1][gc,heap      ] GC(18) Old: 55515K->55293K(174784K)
[2019-06-24T09:21:22.742+0000][1][safepoint    ] Application time: 0.0451487 seconds
[2019-06-24T09:21:22.742+0000][1][safepoint    ] Entering safepoint region: RevokeBias
[2019-06-24T09:21:22.742+0000][1][safepoint    ] Leaving safepoint region
[2019-06-24T09:21:22.742+0000][1][safepoint    ] Total time for which application threads were stopped: 0.0000794 seconds, Stopping threads took: 0.0000105 seconds
[2019-06-24T09:21:22.747+0000][1][safepoint    ] Application time: 0.0048064 seconds
[2019-06-24T09:21:22.747+0000][1][safepoint    ] Entering safepoint region: RevokeBias
[2019-06-24T09:21:22.747+0000][1][safepoint    ] Leaving safepoint region
[2019-06-24T09:21:22.747+0000][1][safepoint    ] Total time for which application threads were stopped: 0.0000672 seconds, Stopping threads took: 0.0000100 seconds
[2019-06-24T09:21:22.872+0000][1][safepoint    ] Application time: 0.1247596 seconds
[2019-06-24T09:21:22.872+0000][1][safepoint    ] Entering safepoint region: RevokeBias
[2019-06-24T09:21:22.872+0000][1][safepoint    ] Leaving safepoint region
[2019-06-24T09:21:22.872+0000][1][safepoint    ] Total time for which application threads were stopped: 0.0003885 seconds, Stopping threads took: 0.0000168 seconds
[2019-06-24T09:21:22.872+0000][1][safepoint    ] Application time: 0.0000860 seconds
[2019-06-24T09:21:22.872+0000][1][safepoint    ] Entering safepoint region: RevokeBias
[2019-06-24T09:21:22.872+0000][1][safepoint    ] Leaving safepoint region
[2019-06-24T09:21:22.872+0000][1][safepoint    ] Total time for which application threads were stopped: 0.0000716 seconds, Stopping threads took: 0.0000261 seconds
[2019-06-24T09:21:22.873+0000][1][safepoint    ] Application time: 0.0001661 seconds
[2019-06-24T09:21:22.873+0000][1][safepoint    ] Entering safepoint region: RevokeBias
[2019-06-24T09:21:22.873+0000][1][safepoint    ] Leaving safepoint region
[2019-06-24T09:21:22.873+0000][1][safepoint    ] Total time for which application threads were stopped: 0.0003978 seconds, Stopping threads took: 0.0003486 seconds
[2019-06-24T09:21:22.873+0000][1][safepoint    ] Application time: 0.0000927 seconds
[2019-06-24T09:21:22.873+0000][1][safepoint    ] Entering safepoint region: RevokeBias
[2019-06-24T09:21:22.874+0000][1][safepoint    ] Leaving safepoint region
[2019-06-24T09:21:22.874+0000][1][safepoint    ] Total time for which application threads were stopped: 0.0003395 seconds, Stopping threads took: 0.0002785 seconds
[2019-06-24T09:21:22.935+0000][1][safepoint    ] Application time: 0.0618646 seconds
[2019-06-24T09:21:22.936+0000][1][safepoint    ] Entering safepoint region: RevokeBias
[2019-06-24T09:21:22.936+0000][1][safepoint    ] Leaving safepoint region
[2019-06-24T09:21:22.936+0000][1][safepoint    ] Total time for which application threads were stopped: 0.0004138 seconds, Stopping threads took: 0.0003260 seconds
[2019-06-24T09:21:22.936+0000][1][safepoint    ] Application time: 0.0002212 seconds
[2019-06-24T09:21:22.936+0000][1][safepoint    ] Entering safepoint region: RevokeBias
[2019-06-24T09:21:22.936+0000][1][safepoint    ] Leaving safepoint region
[2019-06-24T09:21:22.936+0000][1][safepoint    ] Total time for which application threads were stopped: 0.0000822 seconds, Stopping threads took: 0.0000217 seconds
[2019-06-24T09:21:22.936+0000][1][safepoint    ] Application time: 0.0002493 seconds
[2019-06-24T09:21:22.937+0000][1][safepoint    ] Entering safepoint region: RevokeBias
[2019-06-24T09:21:22.937+0000][1][safepoint    ] Leaving safepoint region
[2019-06-24T09:21:22.937+0000][1][safepoint    ] Total time for which application threads were stopped: 0.0001508 seconds, Stopping threads took: 0.0001100 seconds
[2019-06-24T09:21:22.937+0000][1][safepoint    ] Application time: 0.0001712 seconds
[2019-06-24T09:21:22.937+0000][1][safepoint    ] Entering safepoint region: RevokeBias
[2019-06-24T09:21:22.937+0000][1][safepoint    ] Leaving safepoint region
[2019-06-24T09:21:22.937+0000][1][safepoint    ] Total time for which application threads were stopped: 0.0000556 seconds, Stopping threads took: 0.0000099 seconds
[2019-06-24T09:21:22.937+0000][1][safepoint    ] Application time: 0.0004377 seconds
[2019-06-24T09:21:22.937+0000][1][safepoint    ] Entering safepoint region: RevokeBias
[2019-06-24T09:21:22.937+0000][1][safepoint    ] Leaving safepoint region
[2019-06-24T09:21:22.937+0000][1][safepoint    ] Total time for which application threads were stopped: 0.0001013 seconds, Stopping threads took: 0.0000385 seconds
[2019-06-24T09:21:22.938+0000][1][safepoint    ] Application time: 0.0001373 seconds
[2019-06-24T09:21:22.938+0000][1][safepoint    ] Entering safepoint region: RevokeBias
[2019-06-24T09:21:22.938+0000][1][safepoint    ] Leaving safepoint region
[2019-06-24T09:21:22.938+0000][1][safepoint    ] Total time for which application threads were stopped: 0.0001516 seconds, Stopping threads took: 0.0000984 seconds
[2019-06-24T09:21:22.938+0000][1][safepoint    ] Application time: 0.0002090 seconds
[2019-06-24T09:21:22.938+0000][1][safepoint    ] Entering safepoint region: RevokeBias
[2019-06-24T09:21:22.938+0000][1][safepoint    ] Leaving safepoint region
[2019-06-24T09:21:22.938+0000][1][safepoint    ] Total time for which application threads were stopped: 0.0000631 seconds, Stopping threads took: 0.0000213 seconds
[2019-06-24T09:21:22.938+0000][1][safepoint    ] Application time: 0.0000883 seconds
[2019-06-24T09:21:22.938+0000][1][safepoint    ] Entering safepoint region: RevokeBias
[2019-06-24T09:21:22.938+0000][1][safepoint    ] Leaving safepoint region
[2019-06-24T09:21:22.938+0000][1][safepoint    ] Total time for which application threads were stopped: 0.0000552 seconds, Stopping threads took: 0.0000099 seconds
[2019-06-24T09:21:22.938+0000][1][safepoint    ] Application time: 0.0000868 seconds
[2019-06-24T09:21:22.938+0000][1][safepoint    ] Entering safepoint region: RevokeBias
[2019-06-24T09:21:22.938+0000][1][safepoint    ] Leaving safepoint region
[2019-06-24T09:21:22.938+0000][1][safepoint    ] Total time for which application threads were stopped: 0.0000509 seconds, Stopping threads took: 0.0000097 seconds
[2019-06-24T09:21:22.938+0000][1][safepoint    ] Application time: 0.0000419 seconds
[2019-06-24T09:21:22.938+0000][1][safepoint    ] Entering safepoint region: RevokeBias
[2019-06-24T09:21:22.939+0000][1][safepoint    ] Leaving safepoint region
[2019-06-24T09:21:22.939+0000][1][safepoint    ] Total time for which application threads were stopped: 0.0001000 seconds, Stopping threads took: 0.0000248 seconds
[2019-06-24T09:21:22.939+0000][1][safepoint    ] Application time: 0.0000910 seconds
[2019-06-24T09:21:22.939+0000][1][safepoint    ] Entering safepoint region: RevokeBias
[2019-06-24T09:21:22.939+0000][1][safepoint    ] Leaving safepoint region
[2019-06-24T09:21:22.939+0000][1][safepoint    ] Total time for which application threads were stopped: 0.0000723 seconds, Stopping threads took: 0.0000276 seconds
[2019-06-24T09:21:22.939+0000][1][safepoint    ] Application time: 0.0000868 seconds
[2019-06-24T09:21:22.939+0000][1][safepoint    ] Entering safepoint region: RevokeBias
[2019-06-24T09:21:22.939+0000][1][safepoint    ] Leaving safepoint region
[2019-06-24T09:21:22.939+0000][1][safepoint    ] Total time for which application threads were stopped: 0.0000509 seconds, Stopping threads took: 0.0000094 seconds
[2019-06-24T09:21:22.939+0000][1][safepoint    ] Application time: 0.0000897 seconds
[2019-06-24T09:21:22.939+0000][1][safepoint    ] Entering safepoint region: RevokeBias
[2019-06-24T09:21:22.939+0000][1][safepoint    ] Leaving safepoint region
[2019-06-24T09:21:22.939+0000][1][safepoint    ] Total time for which application threads were stopped: 0.0000521 seconds, Stopping threads took: 0.0000119 seconds
[2019-06-24T09:21:22.939+0000][1][safepoint    ] Application time: 0.0000778 seconds
[2019-06-24T09:21:22.939+0000][1][safepoint    ] Entering safepoint region: RevokeBias
[2019-06-24T09:21:22.939+0000][1][safepoint    ] Leaving safepoint region
[2019-06-24T09:21:22.939+0000][1][safepoint    ] Total time for which application threads were stopped: 0.0000653 seconds, Stopping threads took: 0.0000249 seconds
[2019-06-24T09:21:22.939+0000][1][safepoint    ] Application time: 0.0000650 seconds
[2019-06-24T09:21:22.939+0000][1][safepoint    ] Entering safepoint region: RevokeBias
[2019-06-24T09:21:22.939+0000][1][safepoint    ] Leaving safepoint region
[2019-06-24T09:21:22.939+0000][1][safepoint    ] Total time for which application threads were stopped: 0.0000491 seconds, Stopping threads took: 0.0000095 seconds
[2019-06-24T09:21:22.939+0000][1][safepoint    ] Application time: 0.0000641 seconds
[2019-06-24T09:21:22.939+0000][1][safepoint    ] Entering safepoint region: RevokeBias
[2019-06-24T09:21:22.939+0000][1][safepoint    ] Leaving safepoint region
[2019-06-24T09:21:22.939+0000][1][safepoint    ] Total time for which application threads were stopped: 0.0000489 seconds, Stopping threads took: 0.0000094 seconds
[2019-06-24T09:21:22.940+0000][1][safepoint    ] Application time: 0.0000611 seconds
[2019-06-24T09:21:22.940+0000][1][safepoint    ] Entering safepoint region: RevokeBias
[2019-06-24T09:21:22.940+0000][1][safepoint    ] Leaving safepoint region
[2019-06-24T09:21:22.940+0000][1][safepoint    ] Total time for which application threads were stopped: 0.0000503 seconds, Stopping threads took: 0.0000093 seconds
[2019-06-24T09:21:22.940+0000][1][safepoint    ] Application time: 0.0000359 seconds
[2019-06-24T09:21:22.940+0000][1][safepoint    ] Entering safepoint region: RevokeBias
[2019-06-24T09:21:22.940+0000][1][safepoint    ] Leaving safepoint region
[2019-06-24T09:21:22.940+0000][1][safepoint    ] Total time for which application threads were stopped: 0.0000483 seconds, Stopping threads took: 0.0000091 seconds
[2019-06-24T09:21:22.940+0000][1][safepoint    ] Application time: 0.0000347 seconds
[2019-06-24T09:21:22.940+0000][1][safepoint    ] Entering safepoint region: RevokeBias
[2019-06-24T09:21:22.940+0000][1][safepoint    ] Leaving safepoint region
[2019-06-24T09:21:22.940+0000][1][safepoint    ] Total time for which application threads were stopped: 0.0000477 seconds, Stopping threads took: 0.0000089 seconds
[2019-06-24T09:21:22.940+0000][1][safepoint    ] Application time: 0.0000302 seconds
[2019-06-24T09:21:22.940+0000][1][safepoint    ] Entering safepoint region: RevokeBias
[2019-06-24T09:21:22.940+0000][1][safepoint    ] Leaving safepoint region
[2019-06-24T09:21:22.940+0000][1][safepoint    ] Total time for which application threads were stopped: 0.0000478 seconds, Stopping threads took: 0.0000089 seconds
[2019-06-24T09:21:22.940+0000][1][safepoint    ] Application time: 0.0000301 seconds
[2019-06-24T09:21:22.940+0000][1][safepoint    ] Entering safepoint region: RevokeBias
[2019-06-24T09:21:22.940+0000][1][safepoint    ] Leaving safepoint region
[2019-06-24T09:21:22.940+0000][1][safepoint    ] Total time for which application threads were stopped: 0.0000489 seconds, Stopping threads took: 0.0000091 seconds
[2019-06-24T09:21:22.940+0000][1][safepoint    ] Application time: 0.0000302 seconds
[2019-06-24T09:21:22.940+0000][1][safepoint    ] Entering safepoint region: RevokeBias
[2019-06-24T09:21:22.940+0000][1][safepoint    ] Leaving safepoint region
[2019-06-24T09:21:22.940+0000][1][safepoint    ] Total time for which application threads were stopped: 0.0000475 seconds, Stopping threads took: 0.0000090 seconds
[2019-06-24T09:21:22.940+0000][1][safepoint    ] Application time: 0.0000302 seconds
[2019-06-24T09:21:22.940+0000][1][safepoint    ] Entering safepoint region: RevokeBias
[2019-06-24T09:21:22.940+0000][1][safepoint    ] Leaving safepoint region
[2019-06-24T09:21:22.940+0000][1][safepoint    ] Total time for which application threads were stopped: 0.0000479 seconds, Stopping threads took: 0.0000092 seconds
[2019-06-24T09:21:22.940+0000][1][safepoint    ] Application time: 0.0000316 seconds
[2019-06-24T09:21:22.940+0000][1][safepoint    ] Entering safepoint region: RevokeBias
[2019-06-24T09:21:22.940+0000][1][safepoint    ] Leaving safepoint region
[2019-06-24T09:21:22.940+0000][1][safepoint    ] Total time for which application threads were stopped: 0.0000474 seconds, Stopping threads took: 0.0000088 seconds
[2019-06-24T09:21:22.940+0000][1][safepoint    ] Application time: 0.0000353 seconds
[2019-06-24T09:21:22.940+0000][1][safepoint    ] Entering safepoint region: RevokeBias
[2019-06-24T09:21:22.940+0000][1][safepoint    ] Leaving safepoint region
[2019-06-24T09:21:22.940+0000][1][safepoint    ] Total time for which application threads were stopped: 0.0000779 seconds, Stopping threads took: 0.0000400 seconds
[2019-06-24T09:21:22.940+0000][1][safepoint    ] Application time: 0.0000362 seconds
[2019-06-24T09:21:22.941+0000][1][safepoint    ] Entering safepoint region: BulkRevokeBias
[2019-06-24T09:21:22.941+0000][1][safepoint    ] Leaving safepoint region
[2019-06-24T09:21:22.941+0000][1][safepoint    ] Total time for which application threads were stopped: 0.0001628 seconds, Stopping threads took: 0.0000640 seconds
[2019-06-24T09:21:22.941+0000][1][safepoint    ] Application time: 0.0001185 seconds
[2019-06-24T09:21:22.941+0000][1][safepoint    ] Entering safepoint region: RevokeBias
[2019-06-24T09:21:22.941+0000][1][safepoint    ] Leaving safepoint region
[2019-06-24T09:21:22.941+0000][1][safepoint    ] Total time for which application threads were stopped: 0.0000750 seconds, Stopping threads took: 0.0000288 seconds
[2019-06-24T09:21:22.941+0000][1][safepoint    ] Application time: 0.0000522 seconds
[2019-06-24T09:21:22.941+0000][1][safepoint    ] Entering safepoint region: RevokeBias
[2019-06-24T09:21:22.941+0000][1][safepoint    ] Leaving safepoint region
[2019-06-24T09:21:22.941+0000][1][safepoint    ] Total time for which application threads were stopped: 0.0000690 seconds, Stopping threads took: 0.0000274 seconds
[2019-06-24T09:21:22.941+0000][1][safepoint    ] Application time: 0.0000667 seconds
[2019-06-24T09:21:22.941+0000][1][safepoint    ] Entering safepoint region: RevokeBias
[2019-06-24T09:21:22.941+0000][1][safepoint    ] Leaving safepoint region
[2019-06-24T09:21:22.941+0000][1][safepoint    ] Total time for which application threads were stopped: 0.0000506 seconds, Stopping threads took: 0.0000096 seconds
[2019-06-24T09:21:22.941+0000][1][safepoint    ] Application time: 0.0000485 seconds
[2019-06-24T09:21:22.941+0000][1][safepoint    ] Entering safepoint region: RevokeBias
[2019-06-24T09:21:22.941+0000][1][safepoint    ] Leaving safepoint region
[2019-06-24T09:21:22.941+0000][1][safepoint    ] Total time for which application threads were stopped: 0.0000794 seconds, Stopping threads took: 0.0000336 seconds
[2019-06-24T09:21:22.941+0000][1][safepoint    ] Application time: 0.0000495 seconds
[2019-06-24T09:21:22.941+0000][1][safepoint    ] Entering safepoint region: RevokeBias
[2019-06-24T09:21:22.941+0000][1][safepoint    ] Leaving safepoint region
[2019-06-24T09:21:22.941+0000][1][safepoint    ] Total time for which application threads were stopped: 0.0000947 seconds, Stopping threads took: 0.0000261 seconds
[2019-06-24T09:21:22.941+0000][1][safepoint    ] Application time: 0.0000459 seconds
[2019-06-24T09:21:22.941+0000][1][safepoint    ] Entering safepoint region: RevokeBias
[2019-06-24T09:21:22.942+0000][1][safepoint    ] Leaving safepoint region
[2019-06-24T09:21:22.942+0000][1][safepoint    ] Total time for which application threads were stopped: 0.0000904 seconds, Stopping threads took: 0.0000244 seconds
[2019-06-24T09:21:22.942+0000][1][safepoint    ] Application time: 0.0000469 seconds
[2019-06-24T09:21:22.942+0000][1][safepoint    ] Entering safepoint region: RevokeBias
[2019-06-24T09:21:22.942+0000][1][safepoint    ] Leaving safepoint region
[2019-06-24T09:21:22.942+0000][1][safepoint    ] Total time for which application threads were stopped: 0.0000482 seconds, Stopping threads took: 0.0000094 seconds
[2019-06-24T09:21:22.942+0000][1][safepoint    ] Application time: 0.0000868 seconds
[2019-06-24T09:21:22.942+0000][1][safepoint    ] Entering safepoint region: RevokeBias
[2019-06-24T09:21:22.942+0000][1][safepoint    ] Leaving safepoint region
[2019-06-24T09:21:22.942+0000][1][safepoint    ] Total time for which application threads were stopped: 0.0000511 seconds, Stopping threads took: 0.0000126 seconds
[2019-06-24T09:21:22.942+0000][1][safepoint    ] Application time: 0.0000398 seconds
[2019-06-24T09:21:22.942+0000][1][safepoint    ] Entering safepoint region: RevokeBias
[2019-06-24T09:21:22.942+0000][1][safepoint    ] Leaving safepoint region
[2019-06-24T09:21:22.942+0000][1][safepoint    ] Total time for which application threads were stopped: 0.0000460 seconds, Stopping threads took: 0.0000097 seconds
[2019-06-24T09:21:22.942+0000][1][safepoint    ] Application time: 0.0000380 seconds
[2019-06-24T09:21:22.942+0000][1][safepoint    ] Entering safepoint region: RevokeBias
[2019-06-24T09:21:22.942+0000][1][safepoint    ] Leaving safepoint region
[2019-06-24T09:21:22.942+0000][1][safepoint    ] Total time for which application threads were stopped: 0.0000880 seconds, Stopping threads took: 0.0000246 seconds
[2019-06-24T09:21:22.942+0000][1][safepoint    ] Application time: 0.0000437 seconds
[2019-06-24T09:21:22.942+0000][1][safepoint    ] Entering safepoint region: RevokeBias
[2019-06-24T09:21:22.942+0000][1][safepoint    ] Leaving safepoint region
[2019-06-24T09:21:22.942+0000][1][safepoint    ] Total time for which application threads were stopped: 0.0000788 seconds, Stopping threads took: 0.0000096 seconds
[2019-06-24T09:21:22.942+0000][1][safepoint    ] Application time: 0.0000389 seconds
[2019-06-24T09:21:22.942+0000][1][safepoint    ] Entering safepoint region: RevokeBias
[2019-06-24T09:21:22.942+0000][1][safepoint    ] Leaving safepoint region
[2019-06-24T09:21:22.943+0000][1][safepoint    ] Total time for which application threads were stopped: 0.0002327 seconds, Stopping threads took: 0.0001702 seconds
[2019-06-24T09:21:22.943+0000][1][safepoint    ] Application time: 0.0000412 seconds
[2019-06-24T09:21:22.943+0000][1][safepoint    ] Entering safepoint region: RevokeBias
[2019-06-24T09:21:22.943+0000][1][safepoint    ] Leaving safepoint region
[2019-06-24T09:21:22.943+0000][1][safepoint    ] Total time for which application threads were stopped: 0.0000808 seconds, Stopping threads took: 0.0000398 seconds
[2019-06-24T09:21:22.943+0000][1][safepoint    ] Application time: 0.0000671 seconds
[2019-06-24T09:21:22.943+0000][1][safepoint    ] Entering safepoint region: RevokeBias
[2019-06-24T09:21:22.943+0000][1][safepoint    ] Leaving safepoint region
[2019-06-24T09:21:22.943+0000][1][safepoint    ] Total time for which application threads were stopped: 0.0001048 seconds, Stopping threads took: 0.0000618 seconds
[2019-06-24T09:21:22.943+0000][1][safepoint    ] Application time: 0.0000393 seconds
[2019-06-24T09:21:22.943+0000][1][safepoint    ] Entering safepoint region: RevokeBias
[2019-06-24T09:21:22.943+0000][1][safepoint    ] Leaving safepoint region
[2019-06-24T09:21:22.943+0000][1][safepoint    ] Total time for which application threads were stopped: 0.0000497 seconds, Stopping threads took: 0.0000095 seconds
[2019-06-24T09:21:22.943+0000][1][safepoint    ] Application time: 0.0000314 seconds
[2019-06-24T09:21:22.943+0000][1][safepoint    ] Entering safepoint region: RevokeBias
[2019-06-24T09:21:22.943+0000][1][safepoint    ] Leaving safepoint region
[2019-06-24T09:21:22.943+0000][1][safepoint    ] Total time for which application threads were stopped: 0.0000490 seconds, Stopping threads took: 0.0000095 seconds
[2019-06-24T09:21:22.943+0000][1][safepoint    ] Application time: 0.0000307 seconds
[2019-06-24T09:21:22.943+0000][1][safepoint    ] Entering safepoint region: RevokeBias
[2019-06-24T09:21:22.943+0000][1][safepoint    ] Leaving safepoint region
[2019-06-24T09:21:22.943+0000][1][safepoint    ] Total time for which application threads were stopped: 0.0000488 seconds, Stopping threads took: 0.0000097 seconds
[2019-06-24T09:21:22.943+0000][1][safepoint    ] Application time: 0.0000315 seconds
[2019-06-24T09:21:22.943+0000][1][safepoint    ] Entering safepoint region: RevokeBias
[2019-06-24T09:21:22.943+0000][1][safepoint    ] Leaving safepoint region
[2019-06-24T09:21:22.943+0000][1][safepoint    ] Total time for which application threads were stopped: 0.0000487 seconds, Stopping threads took: 0.0000095 seconds
[2019-06-24T09:21:22.943+0000][1][safepoint    ] Application time: 0.0000304 seconds
[2019-06-24T09:21:22.943+0000][1][safepoint    ] Entering safepoint region: RevokeBias
[2019-06-24T09:21:22.943+0000][1][safepoint    ] Leaving safepoint region
[2019-06-24T09:21:22.943+0000][1][safepoint    ] Total time for which application threads were stopped: 0.0000490 seconds, Stopping threads took: 0.0000095 seconds
[2019-06-24T09:21:22.943+0000][1][safepoint    ] Application time: 0.0000325 seconds
[2019-06-24T09:21:22.943+0000][1][safepoint    ] Entering safepoint region: RevokeBias
[2019-06-24T09:21:22.943+0000][1][safepoint    ] Leaving safepoint region
[2019-06-24T09:21:22.943+0000][1][safepoint    ] Total time for which application threads were stopped: 0.0000491 seconds, Stopping threads took: 0.0000096 seconds
[2019-06-24T09:21:22.943+0000][1][safepoint    ] Application time: 0.0000301 seconds
[2019-06-24T09:21:22.943+0000][1][safepoint    ] Entering safepoint region: RevokeBias
[2019-06-24T09:21:22.944+0000][1][safepoint    ] Leaving safepoint region
[2019-06-24T09:21:22.944+0000][1][safepoint    ] Total time for which application threads were stopped: 0.0000481 seconds, Stopping threads took: 0.0000095 seconds
[2019-06-24T09:21:22.944+0000][1][safepoint    ] Application time: 0.0000299 seconds
[2019-06-24T09:21:22.944+0000][1][safepoint    ] Entering safepoint region: RevokeBias
[2019-06-24T09:21:22.944+0000][1][safepoint    ] Leaving safepoint region
[2019-06-24T09:21:22.944+0000][1][safepoint    ] Total time for which application threads were stopped: 0.0000478 seconds, Stopping threads took: 0.0000093 seconds
[2019-06-24T09:21:22.944+0000][1][safepoint    ] Application time: 0.0000320 seconds
[2019-06-24T09:21:22.944+0000][1][safepoint    ] Entering safepoint region: RevokeBias
[2019-06-24T09:21:22.944+0000][1][safepoint    ] Leaving safepoint region
[2019-06-24T09:21:22.944+0000][1][safepoint    ] Total time for which application threads were stopped: 0.0000484 seconds, Stopping threads took: 0.0000095 seconds
[2019-06-24T09:21:22.944+0000][1][safepoint    ] Application time: 0.0000320 seconds
[2019-06-24T09:21:22.944+0000][1][safepoint    ] Entering safepoint region: BulkRevokeBias
[2019-06-24T09:21:22.944+0000][1][safepoint    ] Leaving safepoint region
[2019-06-24T09:21:22.944+0000][1][safepoint    ] Total time for which application threads were stopped: 0.0001045 seconds, Stopping threads took: 0.0000094 seconds
[2019-06-24T09:21:22.944+0000][1][safepoint    ] Application time: 0.0002097 seconds
[2019-06-24T09:21:22.944+0000][1][safepoint    ] Entering safepoint region: RevokeBias
[2019-06-24T09:21:22.944+0000][1][safepoint    ] Leaving safepoint region
[2019-06-24T09:21:22.944+0000][1][safepoint    ] Total time for which application threads were stopped: 0.0001094 seconds, Stopping threads took: 0.0000606 seconds
[2019-06-24T09:21:22.944+0000][1][safepoint    ] Application time: 0.0000978 seconds
[2019-06-24T09:21:22.944+0000][1][safepoint    ] Entering safepoint region: RevokeBias
[2019-06-24T09:21:22.944+0000][1][safepoint    ] Leaving safepoint region
[2019-06-24T09:21:22.944+0000][1][safepoint    ] Total time for which application threads were stopped: 0.0000813 seconds, Stopping threads took: 0.0000364 seconds
[2019-06-24T09:21:22.944+0000][1][safepoint    ] Application time: 0.0000630 seconds
[2019-06-24T09:21:22.945+0000][1][safepoint    ] Entering safepoint region: RevokeBias
[2019-06-24T09:21:22.945+0000][1][safepoint    ] Leaving safepoint region
[2019-06-24T09:21:22.945+0000][1][safepoint    ] Total time for which application threads were stopped: 0.0000735 seconds, Stopping threads took: 0.0000095 seconds
[2019-06-24T09:21:22.945+0000][1][safepoint    ] Application time: 0.0000819 seconds
[2019-06-24T09:21:22.945+0000][1][safepoint    ] Entering safepoint region: RevokeBias
[2019-06-24T09:21:22.945+0000][1][safepoint    ] Leaving safepoint region
[2019-06-24T09:21:22.945+0000][1][safepoint    ] Total time for which application threads were stopped: 0.0000677 seconds, Stopping threads took: 0.0000245 seconds
[2019-06-24T09:21:22.945+0000][1][safepoint    ] Application time: 0.0000652 seconds
[2019-06-24T09:21:22.945+0000][1][safepoint    ] Entering safepoint region: RevokeBias
[2019-06-24T09:21:22.945+0000][1][safepoint    ] Leaving safepoint region
[2019-06-24T09:21:22.945+0000][1][safepoint    ] Total time for which application threads were stopped: 0.0000975 seconds, Stopping threads took: 0.0000322 seconds
[2019-06-24T09:21:22.945+0000][1][safepoint    ] Application time: 0.0000356 seconds
[2019-06-24T09:21:22.945+0000][1][safepoint    ] Entering safepoint region: RevokeBias
[2019-06-24T09:21:22.945+0000][1][safepoint    ] Leaving safepoint region
[2019-06-24T09:21:22.945+0000][1][safepoint    ] Total time for which application threads were stopped: 0.0000723 seconds, Stopping threads took: 0.0000246 seconds
[2019-06-24T09:21:22.945+0000][1][safepoint    ] Application time: 0.0001444 seconds
[2019-06-24T09:21:22.945+0000][1][safepoint    ] Entering safepoint region: RevokeBias
[2019-06-24T09:21:22.945+0000][1][safepoint    ] Leaving safepoint region
[2019-06-24T09:21:22.945+0000][1][safepoint    ] Total time for which application threads were stopped: 0.0000608 seconds, Stopping threads took: 0.0000103 seconds
[2019-06-24T09:21:22.945+0000][1][safepoint    ] Application time: 0.0001685 seconds
[2019-06-24T09:21:22.946+0000][1][safepoint    ] Entering safepoint region: RevokeBias
[2019-06-24T09:21:22.946+0000][1][safepoint    ] Leaving safepoint region
[2019-06-24T09:21:22.946+0000][1][safepoint    ] Total time for which application threads were stopped: 0.0001286 seconds, Stopping threads took: 0.0000905 seconds
[2019-06-24T09:21:22.946+0000][1][safepoint    ] Application time: 0.0000473 seconds
[2019-06-24T09:21:22.946+0000][1][safepoint    ] Entering safepoint region: RevokeBias
[2019-06-24T09:21:22.946+0000][1][safepoint    ] Leaving safepoint region
[2019-06-24T09:21:22.946+0000][1][safepoint    ] Total time for which application threads were stopped: 0.0000747 seconds, Stopping threads took: 0.0000248 seconds
[2019-06-24T09:21:22.946+0000][1][safepoint    ] Application time: 0.0000373 seconds
[2019-06-24T09:21:22.946+0000][1][safepoint    ] Entering safepoint region: RevokeBias
[2019-06-24T09:21:22.946+0000][1][safepoint    ] Leaving safepoint region
[2019-06-24T09:21:22.946+0000][1][safepoint    ] Total time for which application threads were stopped: 0.0000679 seconds, Stopping threads took: 0.0000209 seconds
[2019-06-24T09:21:22.946+0000][1][safepoint    ] Application time: 0.0000860 seconds
[2019-06-24T09:21:22.946+0000][1][safepoint    ] Entering safepoint region: RevokeBias
[2019-06-24T09:21:22.946+0000][1][safepoint    ] Leaving safepoint region
[2019-06-24T09:21:22.946+0000][1][safepoint    ] Total time for which application threads were stopped: 0.0000742 seconds, Stopping threads took: 0.0000305 seconds
[2019-06-24T09:21:22.946+0000][1][safepoint    ] Application time: 0.0003089 seconds
[2019-06-24T09:21:22.947+0000][1][safepoint    ] Entering safepoint region: RevokeBias
[2019-06-24T09:21:22.947+0000][1][safepoint    ] Leaving safepoint region
[2019-06-24T09:21:22.947+0000][1][safepoint    ] Total time for which application threads were stopped: 0.0004194 seconds, Stopping threads took: 0.0003673 seconds
[2019-06-24T09:21:22.947+0000][1][safepoint    ] Application time: 0.0001472 seconds
[2019-06-24T09:21:22.947+0000][1][safepoint    ] Entering safepoint region: RevokeBias
[2019-06-24T09:21:22.947+0000][1][safepoint    ] Leaving safepoint region
[2019-06-24T09:21:22.947+0000][1][safepoint    ] Total time for which application threads were stopped: 0.0001684 seconds, Stopping threads took: 0.0001322 seconds
[2019-06-24T09:21:22.948+0000][1][safepoint    ] Application time: 0.0006039 seconds
[2019-06-24T09:21:22.948+0000][1][safepoint    ] Entering safepoint region: RevokeBias
[2019-06-24T09:21:22.948+0000][1][safepoint    ] Leaving safepoint region
[2019-06-24T09:21:22.948+0000][1][safepoint    ] Total time for which application threads were stopped: 0.0000698 seconds, Stopping threads took: 0.0000114 seconds
[2019-06-24T09:21:22.948+0000][1][safepoint    ] Application time: 0.0003816 seconds
[2019-06-24T09:21:22.948+0000][1][safepoint    ] Entering safepoint region: RevokeBias
[2019-06-24T09:21:22.948+0000][1][safepoint    ] Leaving safepoint region
[2019-06-24T09:21:22.948+0000][1][safepoint    ] Total time for which application threads were stopped: 0.0001802 seconds, Stopping threads took: 0.0001236 seconds
[2019-06-24T09:21:22.949+0000][1][safepoint    ] Application time: 0.0001515 seconds
[2019-06-24T09:21:22.949+0000][1][safepoint    ] Entering safepoint region: RevokeBias
[2019-06-24T09:21:22.949+0000][1][safepoint    ] Leaving safepoint region
[2019-06-24T09:21:22.949+0000][1][safepoint    ] Total time for which application threads were stopped: 0.0001034 seconds, Stopping threads took: 0.0000653 seconds
[2019-06-24T09:21:22.949+0000][1][safepoint    ] Application time: 0.0000980 seconds
[2019-06-24T09:21:22.949+0000][1][safepoint    ] Entering safepoint region: RevokeBias
[2019-06-24T09:21:22.949+0000][1][safepoint    ] Leaving safepoint region
[2019-06-24T09:21:22.949+0000][1][safepoint    ] Total time for which application threads were stopped: 0.0000668 seconds, Stopping threads took: 0.0000311 seconds
[2019-06-24T09:21:22.949+0000][1][safepoint    ] Application time: 0.0002570 seconds
[2019-06-24T09:21:22.949+0000][1][safepoint    ] Entering safepoint region: RevokeBias
[2019-06-24T09:21:22.949+0000][1][safepoint    ] Leaving safepoint region
[2019-06-24T09:21:22.949+0000][1][safepoint    ] Total time for which application threads were stopped: 0.0000659 seconds, Stopping threads took: 0.0000143 seconds
[2019-06-24T09:21:22.951+0000][1][safepoint    ] Application time: 0.0016618 seconds
[2019-06-24T09:21:22.951+0000][1][safepoint    ] Entering safepoint region: RevokeBias
[2019-06-24T09:21:22.951+0000][1][safepoint    ] Leaving safepoint region
[2019-06-24T09:21:22.951+0000][1][safepoint    ] Total time for which application threads were stopped: 0.0001648 seconds, Stopping threads took: 0.0000956 seconds
[2019-06-24T09:21:22.951+0000][1][safepoint    ] Application time: 0.0001794 seconds
[2019-06-24T09:21:22.951+0000][1][safepoint    ] Entering safepoint region: RevokeBias
[2019-06-24T09:21:22.951+0000][1][safepoint    ] Leaving safepoint region
[2019-06-24T09:21:22.951+0000][1][safepoint    ] Total time for which application threads were stopped: 0.0002004 seconds, Stopping threads took: 0.0001573 seconds
[2019-06-24T09:21:22.952+0000][1][safepoint    ] Application time: 0.0000994 seconds
[2019-06-24T09:21:22.952+0000][1][safepoint    ] Entering safepoint region: RevokeBias
[2019-06-24T09:21:22.952+0000][1][safepoint    ] Leaving safepoint region
[2019-06-24T09:21:22.952+0000][1][safepoint    ] Total time for which application threads were stopped: 0.0002492 seconds, Stopping threads took: 0.0001963 seconds
[2019-06-24T09:21:22.954+0000][1][safepoint    ] Application time: 0.0020713 seconds
[2019-06-24T09:21:22.954+0000][1][safepoint    ] Entering safepoint region: RevokeBias
[2019-06-24T09:21:22.954+0000][1][safepoint    ] Leaving safepoint region
[2019-06-24T09:21:22.954+0000][1][safepoint    ] Total time for which application threads were stopped: 0.0001016 seconds, Stopping threads took: 0.0000233 seconds
[2019-06-24T09:21:22.954+0000][1][safepoint    ] Application time: 0.0000774 seconds
[2019-06-24T09:21:22.954+0000][1][safepoint    ] Entering safepoint region: RevokeBias
[2019-06-24T09:21:22.954+0000][1][safepoint    ] Leaving safepoint region
[2019-06-24T09:21:22.954+0000][1][safepoint    ] Total time for which application threads were stopped: 0.0000875 seconds, Stopping threads took: 0.0000278 seconds
[2019-06-24T09:21:22.954+0000][1][safepoint    ] Application time: 0.0002082 seconds
[2019-06-24T09:21:22.955+0000][1][safepoint    ] Entering safepoint region: RevokeBias
[2019-06-24T09:21:22.955+0000][1][safepoint    ] Leaving safepoint region
[2019-06-24T09:21:22.955+0000][1][safepoint    ] Total time for which application threads were stopped: 0.0001622 seconds, Stopping threads took: 0.0001050 seconds
[2019-06-24T09:21:22.970+0000][1][safepoint    ] Application time: 0.0157871 seconds
[2019-06-24T09:21:22.970+0000][1][safepoint    ] Entering safepoint region: GenCollectForAllocation
[2019-06-24T09:21:22.971+0000][1][gc,start     ] GC(19) Pause Young (Allocation Failure)
[2019-06-24T09:21:22.971+0000][1][gc,task      ] GC(19) Using 5 workers of 8 for evacuation
[2019-06-24T09:21:22.976+0000][1][gc,age       ] GC(19) Desired survivor size 4456448 bytes, new threshold 2 (max threshold 6)
[2019-06-24T09:21:22.976+0000][1][gc,age       ] GC(19) Age table with threshold 2 (max threshold 6)
[2019-06-24T09:21:22.976+0000][1][gc,age       ] GC(19) - age   1:    3114984 bytes,    3114984 total
[2019-06-24T09:21:22.976+0000][1][gc,age       ] GC(19) - age   2:    3661200 bytes,    6776184 total
[2019-06-24T09:21:22.976+0000][1][gc,age       ] GC(19) - age   3:     307072 bytes,    7083256 total
[2019-06-24T09:21:22.976+0000][1][gc,heap      ] GC(19) ParNew: 74760K->8263K(78656K)
[2019-06-24T09:21:22.976+0000][1][gc,heap      ] GC(19) CMS: 55293K->55293K(174784K)
[2019-06-24T09:21:22.976+0000][1][gc,metaspace ] GC(19) Metaspace: 47161K->47161K(1093632K)
[2019-06-24T09:21:22.976+0000][1][gc           ] GC(19) Pause Young (Allocation Failure) 127M->62M(247M) 5.620ms
[2019-06-24T09:21:22.976+0000][1][gc,cpu       ] GC(19) User=0.03s Sys=0.00s Real=0.01s
[2019-06-24T09:21:22.976+0000][1][safepoint    ] Leaving safepoint region
[2019-06-24T09:21:22.976+0000][1][safepoint    ] Total time for which application threads were stopped: 0.0058136 seconds, Stopping threads took: 0.0000490 seconds
[2019-06-24T09:21:23.461+0000][1][safepoint    ] Application time: 0.4845376 seconds
[2019-06-24T09:21:23.461+0000][1][safepoint    ] Entering safepoint region: GenCollectForAllocation
[2019-06-24T09:21:23.461+0000][1][gc,start     ] GC(20) Pause Young (Allocation Failure)
[2019-06-24T09:21:23.461+0000][1][gc,task      ] GC(20) Using 5 workers of 8 for evacuation
[2019-06-24T09:21:23.472+0000][1][gc,age       ] GC(20) Desired survivor size 4456448 bytes, new threshold 2 (max threshold 6)
[2019-06-24T09:21:23.472+0000][1][gc,age       ] GC(20) Age table with threshold 2 (max threshold 6)
[2019-06-24T09:21:23.472+0000][1][gc,age       ] GC(20) - age   1:    1432152 bytes,    1432152 total
[2019-06-24T09:21:23.472+0000][1][gc,age       ] GC(20) - age   2:    3074704 bytes,    4506856 total
[2019-06-24T09:21:23.472+0000][1][gc,heap      ] GC(20) ParNew: 78215K->7258K(78656K)
[2019-06-24T09:21:23.472+0000][1][gc,heap      ] GC(20) CMS: 55293K->59298K(174784K)
[2019-06-24T09:21:23.472+0000][1][gc,metaspace ] GC(20) Metaspace: 53763K->53763K(1097728K)
[2019-06-24T09:21:23.472+0000][1][gc           ] GC(20) Pause Young (Allocation Failure) 130M->64M(247M) 11.149ms
[2019-06-24T09:21:23.472+0000][1][gc,cpu       ] GC(20) User=0.06s Sys=0.00s Real=0.01s
[2019-06-24T09:21:23.472+0000][1][safepoint    ] Leaving safepoint region
[2019-06-24T09:21:23.472+0000][1][safepoint    ] Total time for which application threads were stopped: 0.0114270 seconds, Stopping threads took: 0.0000207 seconds
[2019-06-24T09:21:23.663+0000][1][safepoint    ] Application time: 0.1910726 seconds
[2019-06-24T09:21:23.663+0000][1][safepoint    ] Entering safepoint region: Deoptimize
[2019-06-24T09:21:23.664+0000][1][safepoint    ] Leaving safepoint region
[2019-06-24T09:21:23.664+0000][1][safepoint    ] Total time for which application threads were stopped: 0.0006983 seconds, Stopping threads took: 0.0000120 seconds
[2019-06-24T09:21:23.700+0000][1][safepoint    ] Application time: 0.0363599 seconds
[2019-06-24T09:21:23.701+0000][1][safepoint    ] Entering safepoint region: RevokeBias
[2019-06-24T09:21:23.701+0000][1][safepoint    ] Leaving safepoint region
[2019-06-24T09:21:23.701+0000][1][safepoint    ] Total time for which application threads were stopped: 0.0000956 seconds, Stopping threads took: 0.0000334 seconds
[2019-06-24T09:21:23.701+0000][1][safepoint    ] Application time: 0.0001603 seconds
[2019-06-24T09:21:23.701+0000][1][safepoint    ] Entering safepoint region: RevokeBias
[2019-06-24T09:21:23.701+0000][1][safepoint    ] Leaving safepoint region
[2019-06-24T09:21:23.701+0000][1][safepoint    ] Total time for which application threads were stopped: 0.0000496 seconds, Stopping threads took: 0.0000097 seconds
[2019-06-24T09:21:23.701+0000][1][safepoint    ] Application time: 0.0001956 seconds
[2019-06-24T09:21:23.701+0000][1][safepoint    ] Entering safepoint region: RevokeBias
[2019-06-24T09:21:23.701+0000][1][safepoint    ] Leaving safepoint region
[2019-06-24T09:21:23.701+0000][1][safepoint    ] Total time for which application threads were stopped: 0.0000475 seconds, Stopping threads took: 0.0000113 seconds
[2019-06-24T09:21:23.704+0000][1][safepoint    ] Application time: 0.0029542 seconds
[2019-06-24T09:21:23.704+0000][1][safepoint    ] Entering safepoint region: RevokeBias
[2019-06-24T09:21:23.704+0000][1][safepoint    ] Leaving safepoint region
[2019-06-24T09:21:23.704+0000][1][safepoint    ] Total time for which application threads were stopped: 0.0001458 seconds, Stopping threads took: 0.0000984 seconds
[2019-06-24T09:21:23.866+0000][1][safepoint    ] Application time: 0.1621611 seconds
[2019-06-24T09:21:23.867+0000][1][safepoint    ] Entering safepoint region: RevokeBias
[2019-06-24T09:21:23.868+0000][1][safepoint    ] Leaving safepoint region
[2019-06-24T09:21:23.868+0000][1][safepoint    ] Total time for which application threads were stopped: 0.0010241 seconds, Stopping threads took: 0.0000307 seconds
[2019-06-24T09:21:23.868+0000][1][safepoint    ] Application time: 0.0000631 seconds
[2019-06-24T09:21:23.868+0000][1][safepoint    ] Entering safepoint region: BulkRevokeBias
[2019-06-24T09:21:23.868+0000][1][safepoint    ] Leaving safepoint region
[2019-06-24T09:21:23.868+0000][1][safepoint    ] Total time for which application threads were stopped: 0.0001491 seconds, Stopping threads took: 0.0000396 seconds
[2019-06-24T09:21:23.869+0000][1][safepoint    ] Application time: 0.0007228 seconds
[2019-06-24T09:21:23.869+0000][1][safepoint    ] Entering safepoint region: RevokeBias
[2019-06-24T09:21:23.869+0000][1][safepoint    ] Leaving safepoint region
[2019-06-24T09:21:23.869+0000][1][safepoint    ] Total time for which application threads were stopped: 0.0001029 seconds, Stopping threads took: 0.0000574 seconds
[2019-06-24T09:21:23.871+0000][1][safepoint    ] Application time: 0.0021369 seconds
[2019-06-24T09:21:23.871+0000][1][safepoint    ] Entering safepoint region: Deoptimize
[2019-06-24T09:21:23.871+0000][1][safepoint    ] Leaving safepoint region
[2019-06-24T09:21:23.871+0000][1][safepoint    ] Total time for which application threads were stopped: 0.0005265 seconds, Stopping threads took: 0.0000158 seconds
[2019-06-24T09:21:23.980+0000][1][safepoint    ] Application time: 0.1089667 seconds
[2019-06-24T09:21:23.980+0000][1][safepoint    ] Entering safepoint region: RevokeBias
[2019-06-24T09:21:23.980+0000][1][safepoint    ] Leaving safepoint region
[2019-06-24T09:21:23.980+0000][1][safepoint    ] Total time for which application threads were stopped: 0.0000714 seconds, Stopping threads took: 0.0000159 seconds
[2019-06-24T09:21:24.170+0000][1][safepoint    ] Application time: 0.1898095 seconds
[2019-06-24T09:21:24.170+0000][1][safepoint    ] Entering safepoint region: RevokeBias
[2019-06-24T09:21:24.170+0000][1][safepoint    ] Leaving safepoint region
[2019-06-24T09:21:24.170+0000][1][safepoint    ] Total time for which application threads were stopped: 0.0001289 seconds, Stopping threads took: 0.0000182 seconds
[2019-06-24T09:21:24.171+0000][1][safepoint    ] Application time: 0.0000989 seconds
[2019-06-24T09:21:24.171+0000][1][safepoint    ] Entering safepoint region: RevokeBias
[2019-06-24T09:21:24.171+0000][1][safepoint    ] Leaving safepoint region
[2019-06-24T09:21:24.171+0000][1][safepoint    ] Total time for which application threads were stopped: 0.0000385 seconds, Stopping threads took: 0.0000103 seconds
[2019-06-24T09:21:24.171+0000][1][safepoint    ] Application time: 0.0001148 seconds
[2019-06-24T09:21:24.171+0000][1][safepoint    ] Entering safepoint region: RevokeBias
[2019-06-24T09:21:24.171+0000][1][safepoint    ] Leaving safepoint region
[2019-06-24T09:21:24.171+0000][1][safepoint    ] Total time for which application threads were stopped: 0.0001216 seconds, Stopping threads took: 0.0000918 seconds
[2019-06-24T09:21:24.171+0000][1][safepoint    ] Application time: 0.0002045 seconds
[2019-06-24T09:21:24.171+0000][1][safepoint    ] Entering safepoint region: RevokeBias
[2019-06-24T09:21:24.171+0000][1][safepoint    ] Leaving safepoint region
[2019-06-24T09:21:24.171+0000][1][safepoint    ] Total time for which application threads were stopped: 0.0000496 seconds, Stopping threads took: 0.0000241 seconds
[2019-06-24T09:21:24.171+0000][1][safepoint    ] Application time: 0.0001105 seconds
[2019-06-24T09:21:24.171+0000][1][safepoint    ] Entering safepoint region: RevokeBias
[2019-06-24T09:21:24.171+0000][1][safepoint    ] Leaving safepoint region
[2019-06-24T09:21:24.171+0000][1][safepoint    ] Total time for which application threads were stopped: 0.0000470 seconds, Stopping threads took: 0.0000225 seconds
[2019-06-24T09:21:24.171+0000][1][safepoint    ] Application time: 0.0001211 seconds
[2019-06-24T09:21:24.171+0000][1][safepoint    ] Entering safepoint region: RevokeBias
[2019-06-24T09:21:24.171+0000][1][safepoint    ] Leaving safepoint region
[2019-06-24T09:21:24.171+0000][1][safepoint    ] Total time for which application threads were stopped: 0.0000369 seconds, Stopping threads took: 0.0000110 seconds
[2019-06-24T09:21:24.172+0000][1][safepoint    ] Application time: 0.0002313 seconds
[2019-06-24T09:21:24.172+0000][1][safepoint    ] Entering safepoint region: RevokeBias
[2019-06-24T09:21:24.172+0000][1][safepoint    ] Leaving safepoint region
[2019-06-24T09:21:24.172+0000][1][safepoint    ] Total time for which application threads were stopped: 0.0000524 seconds, Stopping threads took: 0.0000316 seconds
[2019-06-24T09:21:24.172+0000][1][safepoint    ] Application time: 0.0000916 seconds
[2019-06-24T09:21:24.172+0000][1][safepoint    ] Entering safepoint region: RevokeBias
[2019-06-24T09:21:24.172+0000][1][safepoint    ] Leaving safepoint region
[2019-06-24T09:21:24.172+0000][1][safepoint    ] Total time for which application threads were stopped: 0.0000773 seconds, Stopping threads took: 0.0000554 seconds
[2019-06-24T09:21:24.182+0000][1][safepoint    ] Application time: 0.0102171 seconds
[2019-06-24T09:21:24.182+0000][1][safepoint    ] Entering safepoint region: RevokeBias
[2019-06-24T09:21:24.182+0000][1][safepoint    ] Leaving safepoint region
[2019-06-24T09:21:24.182+0000][1][safepoint    ] Total time for which application threads were stopped: 0.0000474 seconds, Stopping threads took: 0.0000116 seconds
[2019-06-24T09:21:24.182+0000][1][safepoint    ] Application time: 0.0000397 seconds
[2019-06-24T09:21:24.182+0000][1][safepoint    ] Entering safepoint region: RevokeBias
[2019-06-24T09:21:24.182+0000][1][safepoint    ] Leaving safepoint region
[2019-06-24T09:21:24.182+0000][1][safepoint    ] Total time for which application threads were stopped: 0.0000279 seconds, Stopping threads took: 0.0000077 seconds
[2019-06-24T09:21:24.208+0000][1][safepoint    ] Application time: 0.0258729 seconds
[2019-06-24T09:21:24.208+0000][1][safepoint    ] Entering safepoint region: GenCollectForAllocation
[2019-06-24T09:21:24.208+0000][1][gc,start     ] GC(21) Pause Young (Allocation Failure)
[2019-06-24T09:21:24.208+0000][1][gc,task      ] GC(21) Using 5 workers of 8 for evacuation
[2019-06-24T09:21:24.217+0000][1][gc,age       ] GC(21) Desired survivor size 4456448 bytes, new threshold 2 (max threshold 6)
[2019-06-24T09:21:24.217+0000][1][gc,age       ] GC(21) Age table with threshold 2 (max threshold 6)
[2019-06-24T09:21:24.217+0000][1][gc,age       ] GC(21) - age   1:    3870048 bytes,    3870048 total
[2019-06-24T09:21:24.217+0000][1][gc,age       ] GC(21) - age   2:    1361992 bytes,    5232040 total
[2019-06-24T09:21:24.217+0000][1][gc,heap      ] GC(21) ParNew: 77210K->7700K(78656K)
[2019-06-24T09:21:24.217+0000][1][gc,heap      ] GC(21) CMS: 59298K->62370K(174784K)
[2019-06-24T09:21:24.217+0000][1][gc,metaspace ] GC(21) Metaspace: 61677K->61677K(1105920K)
[2019-06-24T09:21:24.217+0000][1][gc           ] GC(21) Pause Young (Allocation Failure) 133M->68M(247M) 8.640ms
[2019-06-24T09:21:24.217+0000][1][gc,cpu       ] GC(21) User=0.06s Sys=0.00s Real=0.01s
[2019-06-24T09:21:24.217+0000][1][safepoint    ] Leaving safepoint region
[2019-06-24T09:21:24.217+0000][1][safepoint    ] Total time for which application threads were stopped: 0.0087438 seconds, Stopping threads took: 0.0000129 seconds
[2019-06-24T09:21:24.264+0000][1][safepoint    ] Application time: 0.0467589 seconds
[2019-06-24T09:21:24.264+0000][1][safepoint    ] Entering safepoint region: Deoptimize
[2019-06-24T09:21:24.264+0000][1][safepoint    ] Leaving safepoint region
[2019-06-24T09:21:24.264+0000][1][safepoint    ] Total time for which application threads were stopped: 0.0005013 seconds, Stopping threads took: 0.0000120 seconds
[2019-06-24T09:21:24.270+0000][1][safepoint    ] Application time: 0.0056579 seconds
[2019-06-24T09:21:24.270+0000][1][safepoint    ] Entering safepoint region: BulkRevokeBias
[2019-06-24T09:21:24.270+0000][1][safepoint    ] Leaving safepoint region
[2019-06-24T09:21:24.270+0000][1][safepoint    ] Total time for which application threads were stopped: 0.0001324 seconds, Stopping threads took: 0.0000478 seconds
[2019-06-24T09:21:24.270+0000][1][safepoint    ] Application time: 0.0003026 seconds
[2019-06-24T09:21:24.270+0000][1][safepoint    ] Entering safepoint region: RevokeBias
[2019-06-24T09:21:24.270+0000][1][safepoint    ] Leaving safepoint region
[2019-06-24T09:21:24.271+0000][1][safepoint    ] Total time for which application threads were stopped: 0.0000621 seconds, Stopping threads took: 0.0000090 seconds
[2019-06-24T09:21:24.271+0000][1][safepoint    ] Application time: 0.0007313 seconds
[2019-06-24T09:21:24.271+0000][1][safepoint    ] Entering safepoint region: RevokeBias
[2019-06-24T09:21:24.271+0000][1][safepoint    ] Leaving safepoint region
[2019-06-24T09:21:24.271+0000][1][safepoint    ] Total time for which application threads were stopped: 0.0000431 seconds, Stopping threads took: 0.0000093 seconds
[2019-06-24T09:21:24.272+0000][1][safepoint    ] Application time: 0.0002021 seconds
[2019-06-24T09:21:24.272+0000][1][safepoint    ] Entering safepoint region: RevokeBias
[2019-06-24T09:21:24.272+0000][1][safepoint    ] Leaving safepoint region
[2019-06-24T09:21:24.272+0000][1][safepoint    ] Total time for which application threads were stopped: 0.0000407 seconds, Stopping threads took: 0.0000093 seconds
[2019-06-24T09:21:24.272+0000][1][safepoint    ] Application time: 0.0003702 seconds
[2019-06-24T09:21:24.272+0000][1][safepoint    ] Entering safepoint region: RevokeBias
[2019-06-24T09:21:24.272+0000][1][safepoint    ] Leaving safepoint region
[2019-06-24T09:21:24.272+0000][1][safepoint    ] Total time for which application threads were stopped: 0.0000452 seconds, Stopping threads took: 0.0000092 seconds
[2019-06-24T09:21:24.272+0000][1][safepoint    ] Application time: 0.0001353 seconds
[2019-06-24T09:21:24.272+0000][1][safepoint    ] Entering safepoint region: RevokeBias
[2019-06-24T09:21:24.272+0000][1][safepoint    ] Leaving safepoint region
[2019-06-24T09:21:24.272+0000][1][safepoint    ] Total time for which application threads were stopped: 0.0000429 seconds, Stopping threads took: 0.0000092 seconds
[2019-06-24T09:21:24.272+0000][1][safepoint    ] Application time: 0.0001646 seconds
[2019-06-24T09:21:24.272+0000][1][safepoint    ] Entering safepoint region: RevokeBias
[2019-06-24T09:21:24.272+0000][1][safepoint    ] Leaving safepoint region
[2019-06-24T09:21:24.272+0000][1][safepoint    ] Total time for which application threads were stopped: 0.0000506 seconds, Stopping threads took: 0.0000094 seconds
[2019-06-24T09:21:24.273+0000][1][safepoint    ] Application time: 0.0001974 seconds
[2019-06-24T09:21:24.273+0000][1][safepoint    ] Entering safepoint region: RevokeBias
[2019-06-24T09:21:24.273+0000][1][safepoint    ] Leaving safepoint region
[2019-06-24T09:21:24.273+0000][1][safepoint    ] Total time for which application threads were stopped: 0.0000424 seconds, Stopping threads took: 0.0000094 seconds
[2019-06-24T09:21:24.273+0000][1][safepoint    ] Application time: 0.0002346 seconds
[2019-06-24T09:21:24.273+0000][1][safepoint    ] Entering safepoint region: RevokeBias
[2019-06-24T09:21:24.273+0000][1][safepoint    ] Leaving safepoint region
[2019-06-24T09:21:24.273+0000][1][safepoint    ] Total time for which application threads were stopped: 0.0000402 seconds, Stopping threads took: 0.0000093 seconds
[2019-06-24T09:21:24.273+0000][1][safepoint    ] Application time: 0.0002205 seconds
[2019-06-24T09:21:24.273+0000][1][safepoint    ] Entering safepoint region: RevokeBias
[2019-06-24T09:21:24.273+0000][1][safepoint    ] Leaving safepoint region
[2019-06-24T09:21:24.273+0000][1][safepoint    ] Total time for which application threads were stopped: 0.0000429 seconds, Stopping threads took: 0.0000095 seconds
[2019-06-24T09:21:24.273+0000][1][safepoint    ] Application time: 0.0000351 seconds
[2019-06-24T09:21:24.273+0000][1][safepoint    ] Entering safepoint region: RevokeBias
[2019-06-24T09:21:24.273+0000][1][safepoint    ] Leaving safepoint region
[2019-06-24T09:21:24.273+0000][1][safepoint    ] Total time for which application threads were stopped: 0.0000338 seconds, Stopping threads took: 0.0000069 seconds
[2019-06-24T09:21:24.274+0000][1][safepoint    ] Application time: 0.0010222 seconds
[2019-06-24T09:21:24.274+0000][1][safepoint    ] Entering safepoint region: RevokeBias
[2019-06-24T09:21:24.274+0000][1][safepoint    ] Leaving safepoint region
[2019-06-24T09:21:24.274+0000][1][safepoint    ] Total time for which application threads were stopped: 0.0000463 seconds, Stopping threads took: 0.0000097 seconds
[2019-06-24T09:21:24.275+0000][1][safepoint    ] Application time: 0.0001029 seconds
[2019-06-24T09:21:24.275+0000][1][safepoint    ] Entering safepoint region: RevokeBias
[2019-06-24T09:21:24.275+0000][1][safepoint    ] Leaving safepoint region
[2019-06-24T09:21:24.275+0000][1][safepoint    ] Total time for which application threads were stopped: 0.0000432 seconds, Stopping threads took: 0.0000093 seconds
[2019-06-24T09:21:24.275+0000][1][safepoint    ] Application time: 0.0001483 seconds
[2019-06-24T09:21:24.275+0000][1][safepoint    ] Entering safepoint region: RevokeBias
[2019-06-24T09:21:24.275+0000][1][safepoint    ] Leaving safepoint region
[2019-06-24T09:21:24.275+0000][1][safepoint    ] Total time for which application threads were stopped: 0.0000415 seconds, Stopping threads took: 0.0000092 seconds
[2019-06-24T09:21:24.275+0000][1][safepoint    ] Application time: 0.0001654 seconds
[2019-06-24T09:21:24.275+0000][1][safepoint    ] Entering safepoint region: RevokeBias
[2019-06-24T09:21:24.275+0000][1][safepoint    ] Leaving safepoint region
[2019-06-24T09:21:24.275+0000][1][safepoint    ] Total time for which application threads were stopped: 0.0000410 seconds, Stopping threads took: 0.0000092 seconds
[2019-06-24T09:21:24.275+0000][1][safepoint    ] Application time: 0.0001504 seconds
[2019-06-24T09:21:24.275+0000][1][safepoint    ] Entering safepoint region: RevokeBias
[2019-06-24T09:21:24.275+0000][1][safepoint    ] Leaving safepoint region
[2019-06-24T09:21:24.275+0000][1][safepoint    ] Total time for which application threads were stopped: 0.0000416 seconds, Stopping threads took: 0.0000093 seconds
[2019-06-24T09:21:24.277+0000][1][safepoint    ] Application time: 0.0013825 seconds
[2019-06-24T09:21:24.277+0000][1][safepoint    ] Entering safepoint region: RevokeBias
[2019-06-24T09:21:24.277+0000][1][safepoint    ] Leaving safepoint region
[2019-06-24T09:21:24.277+0000][1][safepoint    ] Total time for which application threads were stopped: 0.0000575 seconds, Stopping threads took: 0.0000193 seconds
[2019-06-24T09:21:24.277+0000][1][safepoint    ] Application time: 0.0001336 seconds
[2019-06-24T09:21:24.277+0000][1][safepoint    ] Entering safepoint region: RevokeBias
[2019-06-24T09:21:24.277+0000][1][safepoint    ] Leaving safepoint region
[2019-06-24T09:21:24.277+0000][1][safepoint    ] Total time for which application threads were stopped: 0.0000493 seconds, Stopping threads took: 0.0000095 seconds
[2019-06-24T09:21:24.277+0000][1][safepoint    ] Application time: 0.0004602 seconds
[2019-06-24T09:21:24.277+0000][1][safepoint    ] Entering safepoint region: RevokeBias
[2019-06-24T09:21:24.277+0000][1][safepoint    ] Leaving safepoint region
[2019-06-24T09:21:24.277+0000][1][safepoint    ] Total time for which application threads were stopped: 0.0000280 seconds, Stopping threads took: 0.0000073 seconds
[2019-06-24T09:21:24.278+0000][1][safepoint    ] Application time: 0.0003929 seconds
[2019-06-24T09:21:24.278+0000][1][safepoint    ] Entering safepoint region: RevokeBias
[2019-06-24T09:21:24.278+0000][1][safepoint    ] Leaving safepoint region
[2019-06-24T09:21:24.278+0000][1][safepoint    ] Total time for which application threads were stopped: 0.0000698 seconds, Stopping threads took: 0.0000317 seconds
[2019-06-24T09:21:24.278+0000][1][safepoint    ] Application time: 0.0003064 seconds
[2019-06-24T09:21:24.278+0000][1][safepoint    ] Entering safepoint region: RevokeBias
[2019-06-24T09:21:24.278+0000][1][safepoint    ] Leaving safepoint region
[2019-06-24T09:21:24.278+0000][1][safepoint    ] Total time for which application threads were stopped: 0.0000816 seconds, Stopping threads took: 0.0000297 seconds
[2019-06-24T09:21:24.279+0000][1][safepoint    ] Application time: 0.0002129 seconds
[2019-06-24T09:21:24.279+0000][1][safepoint    ] Entering safepoint region: RevokeBias
[2019-06-24T09:21:24.279+0000][1][safepoint    ] Leaving safepoint region
[2019-06-24T09:21:24.279+0000][1][safepoint    ] Total time for which application threads were stopped: 0.0000911 seconds, Stopping threads took: 0.0000473 seconds
[2019-06-24T09:21:24.279+0000][1][safepoint    ] Application time: 0.0001214 seconds
[2019-06-24T09:21:24.279+0000][1][safepoint    ] Entering safepoint region: RevokeBias
[2019-06-24T09:21:24.279+0000][1][safepoint    ] Leaving safepoint region
[2019-06-24T09:21:24.279+0000][1][safepoint    ] Total time for which application threads were stopped: 0.0000691 seconds, Stopping threads took: 0.0000269 seconds
[2019-06-24T09:21:24.279+0000][1][safepoint    ] Application time: 0.0001643 seconds
[2019-06-24T09:21:24.279+0000][1][safepoint    ] Entering safepoint region: RevokeBias
[2019-06-24T09:21:24.279+0000][1][safepoint    ] Leaving safepoint region
[2019-06-24T09:21:24.279+0000][1][safepoint    ] Total time for which application threads were stopped: 0.0001615 seconds, Stopping threads took: 0.0001051 seconds
[2019-06-24T09:21:24.279+0000][1][safepoint    ] Application time: 0.0001085 seconds
[2019-06-24T09:21:24.279+0000][1][safepoint    ] Entering safepoint region: RevokeBias
[2019-06-24T09:21:24.279+0000][1][safepoint    ] Leaving safepoint region
[2019-06-24T09:21:24.279+0000][1][safepoint    ] Total time for which application threads were stopped: 0.0000575 seconds, Stopping threads took: 0.0000215 seconds
[2019-06-24T09:21:24.280+0000][1][safepoint    ] Application time: 0.0001408 seconds
[2019-06-24T09:21:24.280+0000][1][safepoint    ] Entering safepoint region: RevokeBias
[2019-06-24T09:21:24.280+0000][1][safepoint    ] Leaving safepoint region
[2019-06-24T09:21:24.280+0000][1][safepoint    ] Total time for which application threads were stopped: 0.0000824 seconds, Stopping threads took: 0.0000535 seconds
[2019-06-24T09:21:24.280+0000][1][safepoint    ] Application time: 0.0002175 seconds
[2019-06-24T09:21:24.280+0000][1][safepoint    ] Entering safepoint region: RevokeBias
[2019-06-24T09:21:24.280+0000][1][safepoint    ] Leaving safepoint region
[2019-06-24T09:21:24.280+0000][1][safepoint    ] Total time for which application threads were stopped: 0.0000987 seconds, Stopping threads took: 0.0000625 seconds
[2019-06-24T09:21:24.280+0000][1][safepoint    ] Application time: 0.0001044 seconds
[2019-06-24T09:21:24.280+0000][1][safepoint    ] Entering safepoint region: RevokeBias
[2019-06-24T09:21:24.280+0000][1][safepoint    ] Leaving safepoint region
[2019-06-24T09:21:24.280+0000][1][safepoint    ] Total time for which application threads were stopped: 0.0000538 seconds, Stopping threads took: 0.0000193 seconds
[2019-06-24T09:21:24.280+0000][1][safepoint    ] Application time: 0.0001181 seconds
[2019-06-24T09:21:24.280+0000][1][safepoint    ] Entering safepoint region: RevokeBias
[2019-06-24T09:21:24.280+0000][1][safepoint    ] Leaving safepoint region
[2019-06-24T09:21:24.280+0000][1][safepoint    ] Total time for which application threads were stopped: 0.0000650 seconds, Stopping threads took: 0.0000346 seconds
[2019-06-24T09:21:24.281+0000][1][safepoint    ] Application time: 0.0001759 seconds
[2019-06-24T09:21:24.281+0000][1][safepoint    ] Entering safepoint region: RevokeBias
[2019-06-24T09:21:24.281+0000][1][safepoint    ] Leaving safepoint region
[2019-06-24T09:21:24.281+0000][1][safepoint    ] Total time for which application threads were stopped: 0.0001142 seconds, Stopping threads took: 0.0000599 seconds
[2019-06-24T09:21:24.281+0000][1][safepoint    ] Application time: 0.0001241 seconds
[2019-06-24T09:21:24.281+0000][1][safepoint    ] Entering safepoint region: RevokeBias
[2019-06-24T09:21:24.281+0000][1][safepoint    ] Leaving safepoint region
[2019-06-24T09:21:24.281+0000][1][safepoint    ] Total time for which application threads were stopped: 0.0000519 seconds, Stopping threads took: 0.0000245 seconds
[2019-06-24T09:21:24.281+0000][1][safepoint    ] Application time: 0.0001825 seconds
[2019-06-24T09:21:24.281+0000][1][safepoint    ] Entering safepoint region: RevokeBias
[2019-06-24T09:21:24.281+0000][1][safepoint    ] Leaving safepoint region
[2019-06-24T09:21:24.281+0000][1][safepoint    ] Total time for which application threads were stopped: 0.0001400 seconds, Stopping threads took: 0.0000620 seconds
[2019-06-24T09:21:24.281+0000][1][safepoint    ] Application time: 0.0001451 seconds
[2019-06-24T09:21:24.282+0000][1][safepoint    ] Entering safepoint region: RevokeBias
[2019-06-24T09:21:24.282+0000][1][safepoint    ] Leaving safepoint region
[2019-06-24T09:21:24.282+0000][1][safepoint    ] Total time for which application threads were stopped: 0.0001419 seconds, Stopping threads took: 0.0000883 seconds
[2019-06-24T09:21:24.282+0000][1][safepoint    ] Application time: 0.0001718 seconds
[2019-06-24T09:21:24.282+0000][1][safepoint    ] Entering safepoint region: RevokeBias
[2019-06-24T09:21:24.282+0000][1][safepoint    ] Leaving safepoint region
[2019-06-24T09:21:24.282+0000][1][safepoint    ] Total time for which application threads were stopped: 0.0000995 seconds, Stopping threads took: 0.0000444 seconds
[2019-06-24T09:21:24.282+0000][1][safepoint    ] Application time: 0.0002069 seconds
[2019-06-24T09:21:24.282+0000][1][safepoint    ] Entering safepoint region: RevokeBias
[2019-06-24T09:21:24.282+0000][1][safepoint    ] Leaving safepoint region
[2019-06-24T09:21:24.282+0000][1][safepoint    ] Total time for which application threads were stopped: 0.0000978 seconds, Stopping threads took: 0.0000434 seconds
[2019-06-24T09:21:24.282+0000][1][safepoint    ] Application time: 0.0001328 seconds
[2019-06-24T09:21:24.282+0000][1][safepoint    ] Entering safepoint region: RevokeBias
[2019-06-24T09:21:24.283+0000][1][safepoint    ] Leaving safepoint region
[2019-06-24T09:21:24.283+0000][1][safepoint    ] Total time for which application threads were stopped: 0.0001884 seconds, Stopping threads took: 0.0000778 seconds
[2019-06-24T09:21:24.283+0000][1][safepoint    ] Application time: 0.0007099 seconds
[2019-06-24T09:21:24.283+0000][1][safepoint    ] Entering safepoint region: RevokeBias
[2019-06-24T09:21:24.283+0000][1][safepoint    ] Leaving safepoint region
[2019-06-24T09:21:24.283+0000][1][safepoint    ] Total time for which application threads were stopped: 0.0001108 seconds, Stopping threads took: 0.0000413 seconds
[2019-06-24T09:21:24.284+0000][1][safepoint    ] Application time: 0.0001428 seconds
[2019-06-24T09:21:24.284+0000][1][safepoint    ] Entering safepoint region: RevokeBias
[2019-06-24T09:21:24.284+0000][1][safepoint    ] Leaving safepoint region
[2019-06-24T09:21:24.284+0000][1][safepoint    ] Total time for which application threads were stopped: 0.0001052 seconds, Stopping threads took: 0.0000443 seconds
[2019-06-24T09:21:24.284+0000][1][safepoint    ] Application time: 0.0001027 seconds
[2019-06-24T09:21:24.284+0000][1][safepoint    ] Entering safepoint region: RevokeBias
[2019-06-24T09:21:24.284+0000][1][safepoint    ] Leaving safepoint region
[2019-06-24T09:21:24.284+0000][1][safepoint    ] Total time for which application threads were stopped: 0.0001233 seconds, Stopping threads took: 0.0000623 seconds
[2019-06-24T09:21:24.284+0000][1][safepoint    ] Application time: 0.0000780 seconds
[2019-06-24T09:21:24.284+0000][1][safepoint    ] Entering safepoint region: RevokeBias
[2019-06-24T09:21:24.284+0000][1][safepoint    ] Leaving safepoint region
[2019-06-24T09:21:24.284+0000][1][safepoint    ] Total time for which application threads were stopped: 0.0000969 seconds, Stopping threads took: 0.0000620 seconds
[2019-06-24T09:21:24.284+0000][1][safepoint    ] Application time: 0.0001277 seconds
[2019-06-24T09:21:24.284+0000][1][safepoint    ] Entering safepoint region: RevokeBias
[2019-06-24T09:21:24.284+0000][1][safepoint    ] Leaving safepoint region
[2019-06-24T09:21:24.284+0000][1][safepoint    ] Total time for which application threads were stopped: 0.0000838 seconds, Stopping threads took: 0.0000261 seconds
[2019-06-24T09:21:24.285+0000][1][safepoint    ] Application time: 0.0001641 seconds
[2019-06-24T09:21:24.285+0000][1][safepoint    ] Entering safepoint region: RevokeBias
[2019-06-24T09:21:24.285+0000][1][safepoint    ] Leaving safepoint region
[2019-06-24T09:21:24.285+0000][1][safepoint    ] Total time for which application threads were stopped: 0.0000892 seconds, Stopping threads took: 0.0000561 seconds
[2019-06-24T09:21:24.285+0000][1][safepoint    ] Application time: 0.0001195 seconds
[2019-06-24T09:21:24.285+0000][1][safepoint    ] Entering safepoint region: RevokeBias
[2019-06-24T09:21:24.285+0000][1][safepoint    ] Leaving safepoint region
[2019-06-24T09:21:24.285+0000][1][safepoint    ] Total time for which application threads were stopped: 0.0000644 seconds, Stopping threads took: 0.0000262 seconds
[2019-06-24T09:21:24.289+0000][1][safepoint    ] Application time: 0.0040412 seconds
[2019-06-24T09:21:24.289+0000][1][safepoint    ] Entering safepoint region: RevokeBias
[2019-06-24T09:21:24.289+0000][1][safepoint    ] Leaving safepoint region
[2019-06-24T09:21:24.289+0000][1][safepoint    ] Total time for which application threads were stopped: 0.0000431 seconds, Stopping threads took: 0.0000116 seconds
[2019-06-24T09:21:24.297+0000][1][safepoint    ] Application time: 0.0080637 seconds
[2019-06-24T09:21:24.297+0000][1][safepoint    ] Entering safepoint region: RevokeBias
[2019-06-24T09:21:24.297+0000][1][safepoint    ] Leaving safepoint region
[2019-06-24T09:21:24.297+0000][1][safepoint    ] Total time for which application threads were stopped: 0.0000460 seconds, Stopping threads took: 0.0000121 seconds
[2019-06-24T09:21:24.297+0000][1][safepoint    ] Application time: 0.0000988 seconds
[2019-06-24T09:21:24.297+0000][1][safepoint    ] Entering safepoint region: RevokeBias
[2019-06-24T09:21:24.297+0000][1][safepoint    ] Leaving safepoint region
[2019-06-24T09:21:24.297+0000][1][safepoint    ] Total time for which application threads were stopped: 0.0000293 seconds, Stopping threads took: 0.0000093 seconds
[2019-06-24T09:21:24.871+0000][1][safepoint    ] Application time: 0.5733477 seconds
[2019-06-24T09:21:24.871+0000][1][safepoint    ] Entering safepoint region: RevokeBias
[2019-06-24T09:21:24.871+0000][1][safepoint    ] Leaving safepoint region
[2019-06-24T09:21:24.871+0000][1][safepoint    ] Total time for which application threads were stopped: 0.0001712 seconds, Stopping threads took: 0.0000720 seconds
[2019-06-24T09:21:24.871+0000][1][safepoint    ] Application time: 0.0002157 seconds
[2019-06-24T09:21:24.871+0000][1][safepoint    ] Entering safepoint region: RevokeBias
[2019-06-24T09:21:24.871+0000][1][safepoint    ] Leaving safepoint region
[2019-06-24T09:21:24.871+0000][1][safepoint    ] Total time for which application threads were stopped: 0.0003101 seconds, Stopping threads took: 0.0002209 seconds
[2019-06-24T09:21:25.171+0000][1][safepoint    ] Application time: 0.2995603 seconds
[2019-06-24T09:21:25.171+0000][1][safepoint    ] Entering safepoint region: RevokeBias
[2019-06-24T09:21:25.171+0000][1][safepoint    ] Leaving safepoint region
[2019-06-24T09:21:25.171+0000][1][safepoint    ] Total time for which application threads were stopped: 0.0001260 seconds, Stopping threads took: 0.0000395 seconds
[2019-06-24T09:21:25.172+0000][1][safepoint    ] Application time: 0.0003119 seconds
[2019-06-24T09:21:25.172+0000][1][safepoint    ] Entering safepoint region: RevokeBias
[2019-06-24T09:21:25.172+0000][1][safepoint    ] Leaving safepoint region
[2019-06-24T09:21:25.172+0000][1][safepoint    ] Total time for which application threads were stopped: 0.0001060 seconds, Stopping threads took: 0.0000372 seconds
[2019-06-24T09:21:25.172+0000][1][safepoint    ] Application time: 0.0002609 seconds
[2019-06-24T09:21:25.172+0000][1][safepoint    ] Entering safepoint region: RevokeBias
[2019-06-24T09:21:25.172+0000][1][safepoint    ] Leaving safepoint region
[2019-06-24T09:21:25.172+0000][1][safepoint    ] Total time for which application threads were stopped: 0.0002728 seconds, Stopping threads took: 0.0002030 seconds
[2019-06-24T09:21:25.173+0000][1][safepoint    ] Application time: 0.0002562 seconds
[2019-06-24T09:21:25.173+0000][1][safepoint    ] Entering safepoint region: RevokeBias
[2019-06-24T09:21:25.173+0000][1][safepoint    ] Leaving safepoint region
[2019-06-24T09:21:25.173+0000][1][safepoint    ] Total time for which application threads were stopped: 0.0000918 seconds, Stopping threads took: 0.0000317 seconds
[2019-06-24T09:21:25.173+0000][1][safepoint    ] Application time: 0.0002541 seconds
[2019-06-24T09:21:25.173+0000][1][safepoint    ] Entering safepoint region: RevokeBias
[2019-06-24T09:21:25.173+0000][1][safepoint    ] Leaving safepoint region
[2019-06-24T09:21:25.173+0000][1][safepoint    ] Total time for which application threads were stopped: 0.0000930 seconds, Stopping threads took: 0.0000323 seconds
[2019-06-24T09:21:25.173+0000][1][safepoint    ] Application time: 0.0002575 seconds
[2019-06-24T09:21:25.174+0000][1][safepoint    ] Entering safepoint region: RevokeBias
[2019-06-24T09:21:25.174+0000][1][safepoint    ] Leaving safepoint region
[2019-06-24T09:21:25.174+0000][1][safepoint    ] Total time for which application threads were stopped: 0.0000931 seconds, Stopping threads took: 0.0000324 seconds
[2019-06-24T09:21:25.174+0000][1][safepoint    ] Application time: 0.0002414 seconds
[2019-06-24T09:21:25.174+0000][1][safepoint    ] Entering safepoint region: RevokeBias
[2019-06-24T09:21:25.174+0000][1][safepoint    ] Leaving safepoint region
[2019-06-24T09:21:25.174+0000][1][safepoint    ] Total time for which application threads were stopped: 0.0000920 seconds, Stopping threads took: 0.0000313 seconds
[2019-06-24T09:21:25.174+0000][1][safepoint    ] Application time: 0.0001920 seconds
[2019-06-24T09:21:25.174+0000][1][safepoint    ] Entering safepoint region: RevokeBias
[2019-06-24T09:21:25.174+0000][1][safepoint    ] Leaving safepoint region
[2019-06-24T09:21:25.174+0000][1][safepoint    ] Total time for which application threads were stopped: 0.0000694 seconds, Stopping threads took: 0.0000237 seconds
[2019-06-24T09:21:25.185+0000][1][safepoint    ] Application time: 0.0109360 seconds
[2019-06-24T09:21:25.185+0000][1][safepoint    ] Entering safepoint region: RevokeBias
[2019-06-24T09:21:25.185+0000][1][safepoint    ] Leaving safepoint region
[2019-06-24T09:21:25.185+0000][1][safepoint    ] Total time for which application threads were stopped: 0.0000670 seconds, Stopping threads took: 0.0000315 seconds
[2019-06-24T09:21:25.187+0000][1][safepoint    ] Application time: 0.0012447 seconds
[2019-06-24T09:21:25.187+0000][1][safepoint    ] Entering safepoint region: RevokeBias
[2019-06-24T09:21:25.187+0000][1][safepoint    ] Leaving safepoint region
[2019-06-24T09:21:25.187+0000][1][safepoint    ] Total time for which application threads were stopped: 0.0001996 seconds, Stopping threads took: 0.0001359 seconds
[2019-06-24T09:21:25.187+0000][1][safepoint    ] Application time: 0.0002276 seconds
[2019-06-24T09:21:25.187+0000][1][safepoint    ] Entering safepoint region: RevokeBias
[2019-06-24T09:21:25.187+0000][1][safepoint    ] Leaving safepoint region
[2019-06-24T09:21:25.187+0000][1][safepoint    ] Total time for which application threads were stopped: 0.0000862 seconds, Stopping threads took: 0.0000455 seconds
[2019-06-24T09:21:25.188+0000][1][safepoint    ] Application time: 0.0004032 seconds
[2019-06-24T09:21:25.188+0000][1][safepoint    ] Entering safepoint region: RevokeBias
[2019-06-24T09:21:25.188+0000][1][safepoint    ] Leaving safepoint region
[2019-06-24T09:21:25.188+0000][1][safepoint    ] Total time for which application threads were stopped: 0.0001952 seconds, Stopping threads took: 0.0001518 seconds
[2019-06-24T09:21:25.188+0000][1][safepoint    ] Application time: 0.0000646 seconds
[2019-06-24T09:21:25.188+0000][1][safepoint    ] Entering safepoint region: RevokeBias
[2019-06-24T09:21:25.188+0000][1][safepoint    ] Leaving safepoint region
[2019-06-24T09:21:25.188+0000][1][safepoint    ] Total time for which application threads were stopped: 0.0001457 seconds, Stopping threads took: 0.0001051 seconds
[2019-06-24T09:21:25.190+0000][1][safepoint    ] Application time: 0.0020491 seconds
[2019-06-24T09:21:25.190+0000][1][safepoint    ] Entering safepoint region: RevokeBias
[2019-06-24T09:21:25.190+0000][1][safepoint    ] Leaving safepoint region
[2019-06-24T09:21:25.190+0000][1][safepoint    ] Total time for which application threads were stopped: 0.0000478 seconds, Stopping threads took: 0.0000142 seconds
[2019-06-24T09:21:25.192+0000][1][safepoint    ] Application time: 0.0019730 seconds
[2019-06-24T09:21:25.192+0000][1][safepoint    ] Entering safepoint region: RevokeBias
[2019-06-24T09:21:25.192+0000][1][safepoint    ] Leaving safepoint region
[2019-06-24T09:21:25.192+0000][1][safepoint    ] Total time for which application threads were stopped: 0.0000644 seconds, Stopping threads took: 0.0000177 seconds
[2019-06-24T09:21:25.193+0000][1][safepoint    ] Application time: 0.0002135 seconds
[2019-06-24T09:21:25.193+0000][1][safepoint    ] Entering safepoint region: BulkRevokeBias
[2019-06-24T09:21:25.193+0000][1][safepoint    ] Leaving safepoint region
[2019-06-24T09:21:25.193+0000][1][safepoint    ] Total time for which application threads were stopped: 0.0001352 seconds, Stopping threads took: 0.0000159 seconds
[2019-06-24T09:21:25.202+0000][1][safepoint    ] Application time: 0.0096957 seconds
[2019-06-24T09:21:25.203+0000][1][safepoint    ] Entering safepoint region: RevokeBias
[2019-06-24T09:21:25.203+0000][1][safepoint    ] Leaving safepoint region
[2019-06-24T09:21:25.203+0000][1][safepoint    ] Total time for which application threads were stopped: 0.0000978 seconds, Stopping threads took: 0.0000338 seconds
[2019-06-24T09:21:25.203+0000][1][safepoint    ] Application time: 0.0001809 seconds
[2019-06-24T09:21:25.203+0000][1][safepoint    ] Entering safepoint region: RevokeBias
[2019-06-24T09:21:25.203+0000][1][safepoint    ] Leaving safepoint region
[2019-06-24T09:21:25.203+0000][1][safepoint    ] Total time for which application threads were stopped: 0.0000683 seconds, Stopping threads took: 0.0000201 seconds
[2019-06-24T09:21:25.203+0000][1][safepoint    ] Application time: 0.0001770 seconds
[2019-06-24T09:21:25.203+0000][1][safepoint    ] Entering safepoint region: RevokeBias
[2019-06-24T09:21:25.203+0000][1][safepoint    ] Leaving safepoint region
[2019-06-24T09:21:25.203+0000][1][safepoint    ] Total time for which application threads were stopped: 0.0002679 seconds, Stopping threads took: 0.0002146 seconds
[2019-06-24T09:21:25.204+0000][1][safepoint    ] Application time: 0.0008763 seconds
[2019-06-24T09:21:25.204+0000][1][safepoint    ] Entering safepoint region: RevokeBias
[2019-06-24T09:21:25.204+0000][1][safepoint    ] Leaving safepoint region
[2019-06-24T09:21:25.204+0000][1][safepoint    ] Total time for which application threads were stopped: 0.0000742 seconds, Stopping threads took: 0.0000202 seconds
[2019-06-24T09:21:25.205+0000][1][safepoint    ] Application time: 0.0002269 seconds
[2019-06-24T09:21:25.205+0000][1][safepoint    ] Entering safepoint region: RevokeBias
[2019-06-24T09:21:25.205+0000][1][safepoint    ] Leaving safepoint region
[2019-06-24T09:21:25.205+0000][1][safepoint    ] Total time for which application threads were stopped: 0.0000748 seconds, Stopping threads took: 0.0000203 seconds
[2019-06-24T09:21:25.205+0000][1][safepoint    ] Application time: 0.0001916 seconds
[2019-06-24T09:21:25.205+0000][1][safepoint    ] Entering safepoint region: RevokeBias
[2019-06-24T09:21:25.205+0000][1][safepoint    ] Leaving safepoint region
[2019-06-24T09:21:25.205+0000][1][safepoint    ] Total time for which application threads were stopped: 0.0000744 seconds, Stopping threads took: 0.0000199 seconds
[2019-06-24T09:21:25.206+0000][1][safepoint    ] Application time: 0.0007122 seconds
[2019-06-24T09:21:25.206+0000][1][safepoint    ] Entering safepoint region: RevokeBias
[2019-06-24T09:21:25.206+0000][1][safepoint    ] Leaving safepoint region
[2019-06-24T09:21:25.206+0000][1][safepoint    ] Total time for which application threads were stopped: 0.0001008 seconds, Stopping threads took: 0.0000478 seconds
[2019-06-24T09:21:25.207+0000][1][safepoint    ] Application time: 0.0008325 seconds
[2019-06-24T09:21:25.207+0000][1][safepoint    ] Entering safepoint region: RevokeBias
[2019-06-24T09:21:25.207+0000][1][safepoint    ] Leaving safepoint region
[2019-06-24T09:21:25.207+0000][1][safepoint    ] Total time for which application threads were stopped: 0.0000783 seconds, Stopping threads took: 0.0000209 seconds
[2019-06-24T09:21:25.207+0000][1][safepoint    ] Application time: 0.0002240 seconds
[2019-06-24T09:21:25.207+0000][1][safepoint    ] Entering safepoint region: BulkRevokeBias
[2019-06-24T09:21:25.207+0000][1][safepoint    ] Leaving safepoint region
[2019-06-24T09:21:25.207+0000][1][safepoint    ] Total time for which application threads were stopped: 0.0001841 seconds, Stopping threads took: 0.0000534 seconds
[2019-06-24T09:21:25.208+0000][1][safepoint    ] Application time: 0.0001814 seconds
[2019-06-24T09:21:25.208+0000][1][safepoint    ] Entering safepoint region: RevokeBias
[2019-06-24T09:21:25.208+0000][1][safepoint    ] Leaving safepoint region
[2019-06-24T09:21:25.208+0000][1][safepoint    ] Total time for which application threads were stopped: 0.0000564 seconds, Stopping threads took: 0.0000196 seconds
[2019-06-24T09:21:25.208+0000][1][safepoint    ] Application time: 0.0006777 seconds
[2019-06-24T09:21:25.208+0000][1][safepoint    ] Entering safepoint region: RevokeBias
[2019-06-24T09:21:25.208+0000][1][safepoint    ] Leaving safepoint region
[2019-06-24T09:21:25.208+0000][1][safepoint    ] Total time for which application threads were stopped: 0.0000744 seconds, Stopping threads took: 0.0000210 seconds
[2019-06-24T09:21:25.209+0000][1][safepoint    ] Application time: 0.0004938 seconds
[2019-06-24T09:21:25.209+0000][1][safepoint    ] Entering safepoint region: RevokeBias
[2019-06-24T09:21:25.209+0000][1][safepoint    ] Leaving safepoint region
[2019-06-24T09:21:25.209+0000][1][safepoint    ] Total time for which application threads were stopped: 0.0001104 seconds, Stopping threads took: 0.0000617 seconds
[2019-06-24T09:21:25.210+0000][1][safepoint    ] Application time: 0.0008671 seconds
[2019-06-24T09:21:25.210+0000][1][safepoint    ] Entering safepoint region: RevokeBias
[2019-06-24T09:21:25.210+0000][1][safepoint    ] Leaving safepoint region
[2019-06-24T09:21:25.210+0000][1][safepoint    ] Total time for which application threads were stopped: 0.0001682 seconds, Stopping threads took: 0.0001140 seconds
[2019-06-24T09:21:25.211+0000][1][safepoint    ] Application time: 0.0012393 seconds
[2019-06-24T09:21:25.212+0000][1][safepoint    ] Entering safepoint region: RevokeBias
[2019-06-24T09:21:25.212+0000][1][safepoint    ] Leaving safepoint region
[2019-06-24T09:21:25.212+0000][1][safepoint    ] Total time for which application threads were stopped: 0.0002002 seconds, Stopping threads took: 0.0001430 seconds
[2019-06-24T09:21:25.212+0000][1][safepoint    ] Application time: 0.0002866 seconds
[2019-06-24T09:21:25.212+0000][1][safepoint    ] Entering safepoint region: RevokeBias
[2019-06-24T09:21:25.212+0000][1][safepoint    ] Leaving safepoint region
[2019-06-24T09:21:25.212+0000][1][safepoint    ] Total time for which application threads were stopped: 0.0000871 seconds, Stopping threads took: 0.0000401 seconds
[2019-06-24T09:21:25.212+0000][1][safepoint    ] Application time: 0.0002642 seconds
[2019-06-24T09:21:25.212+0000][1][safepoint    ] Entering safepoint region: RevokeBias
[2019-06-24T09:21:25.212+0000][1][safepoint    ] Leaving safepoint region
[2019-06-24T09:21:25.212+0000][1][safepoint    ] Total time for which application threads were stopped: 0.0000958 seconds, Stopping threads took: 0.0000467 seconds
[2019-06-24T09:21:25.213+0000][1][safepoint    ] Application time: 0.0001804 seconds
[2019-06-24T09:21:25.213+0000][1][safepoint    ] Entering safepoint region: RevokeBias
[2019-06-24T09:21:25.213+0000][1][safepoint    ] Leaving safepoint region
[2019-06-24T09:21:25.213+0000][1][safepoint    ] Total time for which application threads were stopped: 0.0001209 seconds, Stopping threads took: 0.0000652 seconds
[2019-06-24T09:21:25.215+0000][1][safepoint    ] Application time: 0.0026452 seconds
[2019-06-24T09:21:25.216+0000][1][safepoint    ] Entering safepoint region: RevokeBias
[2019-06-24T09:21:25.216+0000][1][safepoint    ] Leaving safepoint region
[2019-06-24T09:21:25.216+0000][1][safepoint    ] Total time for which application threads were stopped: 0.0001341 seconds, Stopping threads took: 0.0000523 seconds
[2019-06-24T09:21:25.216+0000][1][safepoint    ] Application time: 0.0001773 seconds
[2019-06-24T09:21:25.216+0000][1][safepoint    ] Entering safepoint region: RevokeBias
[2019-06-24T09:21:25.216+0000][1][safepoint    ] Leaving safepoint region
[2019-06-24T09:21:25.216+0000][1][safepoint    ] Total time for which application threads were stopped: 0.0001187 seconds, Stopping threads took: 0.0000584 seconds
[2019-06-24T09:21:25.216+0000][1][safepoint    ] Application time: 0.0002035 seconds
[2019-06-24T09:21:25.216+0000][1][safepoint    ] Entering safepoint region: RevokeBias
[2019-06-24T09:21:25.217+0000][1][safepoint    ] Leaving safepoint region
[2019-06-24T09:21:25.217+0000][1][safepoint    ] Total time for which application threads were stopped: 0.0002505 seconds, Stopping threads took: 0.0001827 seconds
[2019-06-24T09:21:25.217+0000][1][safepoint    ] Application time: 0.0002185 seconds
[2019-06-24T09:21:25.217+0000][1][safepoint    ] Entering safepoint region: RevokeBias
[2019-06-24T09:21:25.217+0000][1][safepoint    ] Leaving safepoint region
[2019-06-24T09:21:25.217+0000][1][safepoint    ] Total time for which application threads were stopped: 0.0003184 seconds, Stopping threads took: 0.0002516 seconds
[2019-06-24T09:21:25.217+0000][1][safepoint    ] Application time: 0.0000946 seconds
[2019-06-24T09:21:25.217+0000][1][safepoint    ] Entering safepoint region: BulkRevokeBias
[2019-06-24T09:21:25.217+0000][1][safepoint    ] Leaving safepoint region
[2019-06-24T09:21:25.217+0000][1][safepoint    ] Total time for which application threads were stopped: 0.0001268 seconds, Stopping threads took: 0.0000353 seconds
[2019-06-24T09:21:25.217+0000][1][safepoint    ] Application time: 0.0000466 seconds
[2019-06-24T09:21:25.217+0000][1][safepoint    ] Entering safepoint region: RevokeBias
[2019-06-24T09:21:25.217+0000][1][safepoint    ] Leaving safepoint region
[2019-06-24T09:21:25.217+0000][1][safepoint    ] Total time for which application threads were stopped: 0.0000480 seconds, Stopping threads took: 0.0000188 seconds
[2019-06-24T09:21:25.218+0000][1][safepoint    ] Application time: 0.0003457 seconds
[2019-06-24T09:21:25.218+0000][1][safepoint    ] Entering safepoint region: RevokeBias
[2019-06-24T09:21:25.218+0000][1][safepoint    ] Leaving safepoint region
[2019-06-24T09:21:25.218+0000][1][safepoint    ] Total time for which application threads were stopped: 0.0000886 seconds, Stopping threads took: 0.0000505 seconds
[2019-06-24T09:21:25.221+0000][1][gc,heap,exit ] Heap
[2019-06-24T09:21:25.221+0000][1][gc,heap,exit ]  par new generation   total 78656K, used 27687K [0x00000000f0000000, 0x00000000f5550000, 0x00000000f5550000)
[2019-06-24T09:21:25.221+0000][1][gc,heap,exit ]   eden space 69952K,  28% used [0x00000000f0000000, 0x00000000f1384af8, 0x00000000f4450000)
[2019-06-24T09:21:25.221+0000][1][gc,heap,exit ]   from space 8704K,  88% used [0x00000000f4450000, 0x00000000f4bd53c0, 0x00000000f4cd0000)
[2019-06-24T09:21:25.221+0000][1][gc,heap,exit ]   to   space 8704K,   0% used [0x00000000f4cd0000, 0x00000000f4cd0000, 0x00000000f5550000)
[2019-06-24T09:21:25.221+0000][1][gc,heap,exit ]  concurrent mark-sweep generation total 174784K, used 62370K [0x00000000f5550000, 0x0000000100000000, 0x0000000100000000)
[2019-06-24T09:21:25.221+0000][1][gc,heap,exit ]  Metaspace       used 63218K, capacity 67941K, committed 68300K, reserved 1107968K
[2019-06-24T09:21:25.221+0000][1][gc,heap,exit ]   class space    used 8605K, capacity 10561K, committed 10660K, reserved 1048576K
[2019-06-24T09:21:25.221+0000][1][safepoint    ] Application time: 0.0034413 seconds
[2019-06-24T09:21:25.221+0000][1][safepoint    ] Entering safepoint region: Halt
