[2019-06-24T09:18:04.116+0000][1][gc] Using Concurrent Mark Sweep
[2019-06-24T09:18:04.116+0000][1][gc,heap,coops] Heap address: 0x00000000f0000000, size: 256 MB, Compressed Oops mode: 32-bit
[2019-06-24T09:18:04.170+0000][1][safepoint    ] Entering safepoint region: EnableBiasedLocking
[2019-06-24T09:18:04.170+0000][1][safepoint    ] Leaving safepoint region
[2019-06-24T09:18:04.170+0000][1][safepoint    ] Total time for which application threads were stopped: 0.0001346 seconds, Stopping threads took: 0.0000584 seconds
[2019-06-24T09:18:04.174+0000][1][safepoint    ] Application time: 0.0030288 seconds
[2019-06-24T09:18:04.174+0000][1][safepoint    ] Entering safepoint region: RevokeBias
[2019-06-24T09:18:04.174+0000][1][safepoint    ] Leaving safepoint region
[2019-06-24T09:18:04.174+0000][1][safepoint    ] Total time for which application threads were stopped: 0.0001487 seconds, Stopping threads took: 0.0000941 seconds
[2019-06-24T09:18:04.183+0000][1][safepoint    ] Application time: 0.0093168 seconds
[2019-06-24T09:18:04.183+0000][1][safepoint    ] Entering safepoint region: Deoptimize
[2019-06-24T09:18:04.183+0000][1][safepoint    ] Leaving safepoint region
[2019-06-24T09:18:04.183+0000][1][safepoint    ] Total time for which application threads were stopped: 0.0000500 seconds, Stopping threads took: 0.0000097 seconds
[2019-06-24T09:18:04.287+0000][1][safepoint    ] Application time: 0.1035335 seconds
[2019-06-24T09:18:04.287+0000][1][safepoint    ] Entering safepoint region: RevokeBias
[2019-06-24T09:18:04.287+0000][1][safepoint    ] Leaving safepoint region
[2019-06-24T09:18:04.287+0000][1][safepoint    ] Total time for which application threads were stopped: 0.0000800 seconds, Stopping threads took: 0.0000141 seconds
[2019-06-24T09:18:04.288+0000][1][safepoint    ] Application time: 0.0013156 seconds
[2019-06-24T09:18:04.288+0000][1][safepoint    ] Entering safepoint region: Deoptimize
[2019-06-24T09:18:04.288+0000][1][safepoint    ] Leaving safepoint region
[2019-06-24T09:18:04.288+0000][1][safepoint    ] Total time for which application threads were stopped: 0.0000521 seconds, Stopping threads took: 0.0000072 seconds
[2019-06-24T09:18:04.313+0000][1][safepoint    ] Application time: 0.0251257 seconds
[2019-06-24T09:18:04.313+0000][1][safepoint    ] Entering safepoint region: Deoptimize
[2019-06-24T09:18:04.313+0000][1][safepoint    ] Leaving safepoint region
[2019-06-24T09:18:04.314+0000][1][safepoint    ] Total time for which application threads were stopped: 0.0000632 seconds, Stopping threads took: 0.0000087 seconds
[2019-06-24T09:18:04.534+0000][1][safepoint    ] Application time: 0.2203840 seconds
[2019-06-24T09:18:04.534+0000][1][safepoint    ] Entering safepoint region: Deoptimize
[2019-06-24T09:18:04.534+0000][1][safepoint    ] Leaving safepoint region
[2019-06-24T09:18:04.534+0000][1][safepoint    ] Total time for which application threads were stopped: 0.0001771 seconds, Stopping threads took: 0.0000147 seconds
[2019-06-24T09:18:04.554+0000][1][safepoint    ] Application time: 0.0199530 seconds
[2019-06-24T09:18:04.554+0000][1][safepoint    ] Entering safepoint region: Deoptimize
[2019-06-24T09:18:04.554+0000][1][safepoint    ] Leaving safepoint region
[2019-06-24T09:18:04.554+0000][1][safepoint    ] Total time for which application threads were stopped: 0.0001349 seconds, Stopping threads took: 0.0000142 seconds
[2019-06-24T09:18:04.582+0000][1][safepoint    ] Application time: 0.0273433 seconds
[2019-06-24T09:18:04.582+0000][1][safepoint    ] Entering safepoint region: Deoptimize
[2019-06-24T09:18:04.582+0000][1][safepoint    ] Leaving safepoint region
[2019-06-24T09:18:04.582+0000][1][safepoint    ] Total time for which application threads were stopped: 0.0001268 seconds, Stopping threads took: 0.0000162 seconds
[2019-06-24T09:18:04.591+0000][1][safepoint    ] Application time: 0.0094270 seconds
[2019-06-24T09:18:04.591+0000][1][safepoint    ] Entering safepoint region: Deoptimize
[2019-06-24T09:18:04.591+0000][1][safepoint    ] Leaving safepoint region
[2019-06-24T09:18:04.591+0000][1][safepoint    ] Total time for which application threads were stopped: 0.0001064 seconds, Stopping threads took: 0.0000085 seconds
[2019-06-24T09:18:04.907+0000][1][safepoint    ] Application time: 0.3160910 seconds
[2019-06-24T09:18:04.907+0000][1][safepoint    ] Entering safepoint region: Deoptimize
[2019-06-24T09:18:04.908+0000][1][safepoint    ] Leaving safepoint region
[2019-06-24T09:18:04.908+0000][1][safepoint    ] Total time for which application threads were stopped: 0.0002132 seconds, Stopping threads took: 0.0000093 seconds
[2019-06-24T09:18:05.113+0000][1][safepoint    ] Application time: 0.2049220 seconds
[2019-06-24T09:18:05.113+0000][1][safepoint    ] Entering safepoint region: RevokeBias
[2019-06-24T09:18:05.113+0000][1][safepoint    ] Leaving safepoint region
[2019-06-24T09:18:05.113+0000][1][safepoint    ] Total time for which application threads were stopped: 0.0001326 seconds, Stopping threads took: 0.0000161 seconds
[2019-06-24T09:18:05.190+0000][1][safepoint    ] Application time: 0.0771423 seconds
[2019-06-24T09:18:05.190+0000][1][safepoint    ] Entering safepoint region: Deoptimize
[2019-06-24T09:18:05.190+0000][1][safepoint    ] Leaving safepoint region
[2019-06-24T09:18:05.190+0000][1][safepoint    ] Total time for which application threads were stopped: 0.0002409 seconds, Stopping threads took: 0.0000137 seconds
[2019-06-24T09:18:05.289+0000][1][safepoint    ] Application time: 0.0985789 seconds
[2019-06-24T09:18:05.289+0000][1][safepoint    ] Entering safepoint region: Deoptimize
[2019-06-24T09:18:05.289+0000][1][safepoint    ] Leaving safepoint region
[2019-06-24T09:18:05.289+0000][1][safepoint    ] Total time for which application threads were stopped: 0.0001759 seconds, Stopping threads took: 0.0000101 seconds
[2019-06-24T09:18:05.289+0000][1][safepoint    ] Application time: 0.0001203 seconds
[2019-06-24T09:18:05.289+0000][1][safepoint    ] Entering safepoint region: Deoptimize
[2019-06-24T09:18:05.289+0000][1][safepoint    ] Leaving safepoint region
[2019-06-24T09:18:05.289+0000][1][safepoint    ] Total time for which application threads were stopped: 0.0001020 seconds, Stopping threads took: 0.0000070 seconds
[2019-06-24T09:18:05.303+0000][1][safepoint    ] Application time: 0.0139130 seconds
[2019-06-24T09:18:05.303+0000][1][safepoint    ] Entering safepoint region: Deoptimize
[2019-06-24T09:18:05.303+0000][1][safepoint    ] Leaving safepoint region
[2019-06-24T09:18:05.303+0000][1][safepoint    ] Total time for which application threads were stopped: 0.0001500 seconds, Stopping threads took: 0.0000091 seconds
[2019-06-24T09:18:05.312+0000][1][safepoint    ] Application time: 0.0082097 seconds
[2019-06-24T09:18:05.312+0000][1][safepoint    ] Entering safepoint region: Deoptimize
[2019-06-24T09:18:05.312+0000][1][safepoint    ] Leaving safepoint region
[2019-06-24T09:18:05.312+0000][1][safepoint    ] Total time for which application threads were stopped: 0.0001816 seconds, Stopping threads took: 0.0000094 seconds
[2019-06-24T09:18:05.317+0000][1][safepoint    ] Application time: 0.0050559 seconds
[2019-06-24T09:18:05.317+0000][1][safepoint    ] Entering safepoint region: RevokeBias
[2019-06-24T09:18:05.317+0000][1][safepoint    ] Leaving safepoint region
[2019-06-24T09:18:05.317+0000][1][safepoint    ] Total time for which application threads were stopped: 0.0000538 seconds, Stopping threads took: 0.0000186 seconds
[2019-06-24T09:18:05.317+0000][1][safepoint    ] Application time: 0.0001697 seconds
[2019-06-24T09:18:05.317+0000][1][safepoint    ] Entering safepoint region: RevokeBias
[2019-06-24T09:18:05.317+0000][1][safepoint    ] Leaving safepoint region
[2019-06-24T09:18:05.317+0000][1][safepoint    ] Total time for which application threads were stopped: 0.0000420 seconds, Stopping threads took: 0.0000166 seconds
[2019-06-24T09:18:05.317+0000][1][safepoint    ] Application time: 0.0001701 seconds
[2019-06-24T09:18:05.317+0000][1][safepoint    ] Entering safepoint region: RevokeBias
[2019-06-24T09:18:05.317+0000][1][safepoint    ] Leaving safepoint region
[2019-06-24T09:18:05.317+0000][1][safepoint    ] Total time for which application threads were stopped: 0.0000392 seconds, Stopping threads took: 0.0000171 seconds
[2019-06-24T09:18:05.318+0000][1][safepoint    ] Application time: 0.0002323 seconds
[2019-06-24T09:18:05.318+0000][1][safepoint    ] Entering safepoint region: RevokeBias
[2019-06-24T09:18:05.318+0000][1][safepoint    ] Leaving safepoint region
[2019-06-24T09:18:05.318+0000][1][safepoint    ] Total time for which application threads were stopped: 0.0000609 seconds, Stopping threads took: 0.0000345 seconds
[2019-06-24T09:18:05.319+0000][1][safepoint    ] Application time: 0.0010453 seconds
[2019-06-24T09:18:05.319+0000][1][safepoint    ] Entering safepoint region: RevokeBias
[2019-06-24T09:18:05.319+0000][1][safepoint    ] Leaving safepoint region
[2019-06-24T09:18:05.319+0000][1][safepoint    ] Total time for which application threads were stopped: 0.0000316 seconds, Stopping threads took: 0.0000085 seconds
[2019-06-24T09:18:05.324+0000][1][safepoint    ] Application time: 0.0052384 seconds
[2019-06-24T09:18:05.324+0000][1][safepoint    ] Entering safepoint region: Deoptimize
[2019-06-24T09:18:05.324+0000][1][safepoint    ] Leaving safepoint region
[2019-06-24T09:18:05.324+0000][1][safepoint    ] Total time for which application threads were stopped: 0.0001724 seconds, Stopping threads took: 0.0000095 seconds
[2019-06-24T09:18:05.396+0000][1][safepoint    ] Application time: 0.0717532 seconds
[2019-06-24T09:18:05.396+0000][1][safepoint    ] Entering safepoint region: GenCollectForAllocation
[2019-06-24T09:18:05.396+0000][1][gc,start     ] GC(0) Pause Young (Allocation Failure)
[2019-06-24T09:18:05.397+0000][1][gc,task      ] GC(0) Using 5 workers of 8 for evacuation
[2019-06-24T09:18:05.401+0000][1][gc,age       ] GC(0) Desired survivor size 4456448 bytes, new threshold 1 (max threshold 6)
[2019-06-24T09:18:05.402+0000][1][gc,age       ] GC(0) Age table with threshold 1 (max threshold 6)
[2019-06-24T09:18:05.402+0000][1][gc,age       ] GC(0) - age   1:    7912984 bytes,    7912984 total
[2019-06-24T09:18:05.402+0000][1][gc,heap      ] GC(0) ParNew: 69952K->7835K(78656K)
[2019-06-24T09:18:05.402+0000][1][gc,heap      ] GC(0) CMS: 0K->0K(174784K)
[2019-06-24T09:18:05.402+0000][1][gc,metaspace ] GC(0) Metaspace: 12032K->12032K(1060864K)
[2019-06-24T09:18:05.402+0000][1][gc           ] GC(0) Pause Young (Allocation Failure) 68M->7M(247M) 5.396ms
[2019-06-24T09:18:05.402+0000][1][gc,cpu       ] GC(0) User=0.03s Sys=0.00s Real=0.00s
[2019-06-24T09:18:05.402+0000][1][safepoint    ] Leaving safepoint region
[2019-06-24T09:18:05.402+0000][1][safepoint    ] Total time for which application threads were stopped: 0.0055391 seconds, Stopping threads took: 0.0000436 seconds
[2019-06-24T09:18:05.402+0000][1][safepoint    ] Application time: 0.0003858 seconds
[2019-06-24T09:18:05.402+0000][1][safepoint    ] Entering safepoint region: RevokeBias
[2019-06-24T09:18:05.402+0000][1][safepoint    ] Leaving safepoint region
[2019-06-24T09:18:05.402+0000][1][safepoint    ] Total time for which application threads were stopped: 0.0001655 seconds, Stopping threads took: 0.0001234 seconds
[2019-06-24T09:18:05.402+0000][1][safepoint    ] Application time: 0.0000698 seconds
[2019-06-24T09:18:05.402+0000][1][safepoint    ] Entering safepoint region: RevokeBias
[2019-06-24T09:18:05.402+0000][1][safepoint    ] Leaving safepoint region
[2019-06-24T09:18:05.402+0000][1][safepoint    ] Total time for which application threads were stopped: 0.0000330 seconds, Stopping threads took: 0.0000066 seconds
[2019-06-24T09:18:05.402+0000][1][safepoint    ] Application time: 0.0001261 seconds
[2019-06-24T09:18:05.403+0000][1][safepoint    ] Entering safepoint region: RevokeBias
[2019-06-24T09:18:05.403+0000][1][safepoint    ] Leaving safepoint region
[2019-06-24T09:18:05.403+0000][1][safepoint    ] Total time for which application threads were stopped: 0.0001185 seconds, Stopping threads took: 0.0000923 seconds
[2019-06-24T09:18:05.403+0000][1][safepoint    ] Application time: 0.0000391 seconds
[2019-06-24T09:18:05.403+0000][1][safepoint    ] Entering safepoint region: RevokeBias
[2019-06-24T09:18:05.403+0000][1][safepoint    ] Leaving safepoint region
[2019-06-24T09:18:05.403+0000][1][safepoint    ] Total time for which application threads were stopped: 0.0000441 seconds, Stopping threads took: 0.0000210 seconds
[2019-06-24T09:18:05.403+0000][1][safepoint    ] Application time: 0.0000831 seconds
[2019-06-24T09:18:05.403+0000][1][safepoint    ] Entering safepoint region: RevokeBias
[2019-06-24T09:18:05.403+0000][1][safepoint    ] Leaving safepoint region
[2019-06-24T09:18:05.403+0000][1][safepoint    ] Total time for which application threads were stopped: 0.0000916 seconds, Stopping threads took: 0.0000502 seconds
[2019-06-24T09:18:05.403+0000][1][safepoint    ] Application time: 0.0000394 seconds
[2019-06-24T09:18:05.403+0000][1][safepoint    ] Entering safepoint region: RevokeBias
[2019-06-24T09:18:05.403+0000][1][safepoint    ] Leaving safepoint region
[2019-06-24T09:18:05.403+0000][1][safepoint    ] Total time for which application threads were stopped: 0.0000291 seconds, Stopping threads took: 0.0000065 seconds
[2019-06-24T09:18:05.403+0000][1][safepoint    ] Application time: 0.0000408 seconds
[2019-06-24T09:18:05.403+0000][1][safepoint    ] Entering safepoint region: RevokeBias
[2019-06-24T09:18:05.403+0000][1][safepoint    ] Leaving safepoint region
[2019-06-24T09:18:05.403+0000][1][safepoint    ] Total time for which application threads were stopped: 0.0000259 seconds, Stopping threads took: 0.0000058 seconds
[2019-06-24T09:18:05.403+0000][1][safepoint    ] Application time: 0.0000326 seconds
[2019-06-24T09:18:05.403+0000][1][safepoint    ] Entering safepoint region: RevokeBias
[2019-06-24T09:18:05.403+0000][1][safepoint    ] Leaving safepoint region
[2019-06-24T09:18:05.403+0000][1][safepoint    ] Total time for which application threads were stopped: 0.0000262 seconds, Stopping threads took: 0.0000058 seconds
[2019-06-24T09:18:05.403+0000][1][safepoint    ] Application time: 0.0001152 seconds
[2019-06-24T09:18:05.403+0000][1][safepoint    ] Entering safepoint region: RevokeBias
[2019-06-24T09:18:05.403+0000][1][safepoint    ] Leaving safepoint region
[2019-06-24T09:18:05.403+0000][1][safepoint    ] Total time for which application threads were stopped: 0.0000977 seconds, Stopping threads took: 0.0000665 seconds
[2019-06-24T09:18:05.404+0000][1][safepoint    ] Application time: 0.0002529 seconds
[2019-06-24T09:18:05.404+0000][1][safepoint    ] Entering safepoint region: RevokeBias
[2019-06-24T09:18:05.404+0000][1][safepoint    ] Leaving safepoint region
[2019-06-24T09:18:05.404+0000][1][safepoint    ] Total time for which application threads were stopped: 0.0000742 seconds, Stopping threads took: 0.0000321 seconds
[2019-06-24T09:18:05.404+0000][1][safepoint    ] Application time: 0.0000435 seconds
[2019-06-24T09:18:05.404+0000][1][safepoint    ] Entering safepoint region: RevokeBias
[2019-06-24T09:18:05.404+0000][1][safepoint    ] Leaving safepoint region
[2019-06-24T09:18:05.404+0000][1][safepoint    ] Total time for which application threads were stopped: 0.0000829 seconds, Stopping threads took: 0.0000423 seconds
[2019-06-24T09:18:05.404+0000][1][safepoint    ] Application time: 0.0000492 seconds
[2019-06-24T09:18:05.404+0000][1][safepoint    ] Entering safepoint region: RevokeBias
[2019-06-24T09:18:05.404+0000][1][safepoint    ] Leaving safepoint region
[2019-06-24T09:18:05.404+0000][1][safepoint    ] Total time for which application threads were stopped: 0.0001138 seconds, Stopping threads took: 0.0000627 seconds
[2019-06-24T09:18:05.404+0000][1][safepoint    ] Application time: 0.0000396 seconds
[2019-06-24T09:18:05.404+0000][1][safepoint    ] Entering safepoint region: RevokeBias
[2019-06-24T09:18:05.404+0000][1][safepoint    ] Leaving safepoint region
[2019-06-24T09:18:05.404+0000][1][safepoint    ] Total time for which application threads were stopped: 0.0000506 seconds, Stopping threads took: 0.0000201 seconds
[2019-06-24T09:18:05.404+0000][1][safepoint    ] Application time: 0.0000972 seconds
[2019-06-24T09:18:05.404+0000][1][safepoint    ] Entering safepoint region: RevokeBias
[2019-06-24T09:18:05.404+0000][1][safepoint    ] Leaving safepoint region
[2019-06-24T09:18:05.404+0000][1][safepoint    ] Total time for which application threads were stopped: 0.0001311 seconds, Stopping threads took: 0.0000829 seconds
[2019-06-24T09:18:05.404+0000][1][safepoint    ] Application time: 0.0000907 seconds
[2019-06-24T09:18:05.404+0000][1][safepoint    ] Entering safepoint region: RevokeBias
[2019-06-24T09:18:05.405+0000][1][safepoint    ] Leaving safepoint region
[2019-06-24T09:18:05.405+0000][1][safepoint    ] Total time for which application threads were stopped: 0.0000597 seconds, Stopping threads took: 0.0000224 seconds
[2019-06-24T09:18:05.405+0000][1][safepoint    ] Application time: 0.0000612 seconds
[2019-06-24T09:18:05.405+0000][1][safepoint    ] Entering safepoint region: RevokeBias
[2019-06-24T09:18:05.405+0000][1][safepoint    ] Leaving safepoint region
[2019-06-24T09:18:05.405+0000][1][safepoint    ] Total time for which application threads were stopped: 0.0000534 seconds, Stopping threads took: 0.0000207 seconds
[2019-06-24T09:18:05.405+0000][1][safepoint    ] Application time: 0.0000373 seconds
[2019-06-24T09:18:05.405+0000][1][safepoint    ] Entering safepoint region: RevokeBias
[2019-06-24T09:18:05.405+0000][1][safepoint    ] Leaving safepoint region
[2019-06-24T09:18:05.405+0000][1][safepoint    ] Total time for which application threads were stopped: 0.0000851 seconds, Stopping threads took: 0.0000269 seconds
[2019-06-24T09:18:05.405+0000][1][safepoint    ] Application time: 0.0000433 seconds
[2019-06-24T09:18:05.405+0000][1][safepoint    ] Entering safepoint region: RevokeBias
[2019-06-24T09:18:05.405+0000][1][safepoint    ] Leaving safepoint region
[2019-06-24T09:18:05.405+0000][1][safepoint    ] Total time for which application threads were stopped: 0.0000648 seconds, Stopping threads took: 0.0000254 seconds
[2019-06-24T09:18:05.405+0000][1][safepoint    ] Application time: 0.0000386 seconds
[2019-06-24T09:18:05.405+0000][1][safepoint    ] Entering safepoint region: RevokeBias
[2019-06-24T09:18:05.405+0000][1][safepoint    ] Leaving safepoint region
[2019-06-24T09:18:05.405+0000][1][safepoint    ] Total time for which application threads were stopped: 0.0000463 seconds, Stopping threads took: 0.0000097 seconds
[2019-06-24T09:18:05.405+0000][1][safepoint    ] Application time: 0.0000648 seconds
[2019-06-24T09:18:05.405+0000][1][safepoint    ] Entering safepoint region: RevokeBias
[2019-06-24T09:18:05.405+0000][1][safepoint    ] Leaving safepoint region
[2019-06-24T09:18:05.405+0000][1][safepoint    ] Total time for which application threads were stopped: 0.0000635 seconds, Stopping threads took: 0.0000302 seconds
[2019-06-24T09:18:05.405+0000][1][safepoint    ] Application time: 0.0000393 seconds
[2019-06-24T09:18:05.405+0000][1][safepoint    ] Entering safepoint region: RevokeBias
[2019-06-24T09:18:05.405+0000][1][safepoint    ] Leaving safepoint region
[2019-06-24T09:18:05.405+0000][1][safepoint    ] Total time for which application threads were stopped: 0.0000877 seconds, Stopping threads took: 0.0000459 seconds
[2019-06-24T09:18:05.405+0000][1][safepoint    ] Application time: 0.0000472 seconds
[2019-06-24T09:18:05.405+0000][1][safepoint    ] Entering safepoint region: RevokeBias
[2019-06-24T09:18:05.405+0000][1][safepoint    ] Leaving safepoint region
[2019-06-24T09:18:05.405+0000][1][safepoint    ] Total time for which application threads were stopped: 0.0000509 seconds, Stopping threads took: 0.0000104 seconds
[2019-06-24T09:18:05.406+0000][1][safepoint    ] Application time: 0.0000742 seconds
[2019-06-24T09:18:05.406+0000][1][safepoint    ] Entering safepoint region: RevokeBias
[2019-06-24T09:18:05.406+0000][1][safepoint    ] Leaving safepoint region
[2019-06-24T09:18:05.406+0000][1][safepoint    ] Total time for which application threads were stopped: 0.0000659 seconds, Stopping threads took: 0.0000298 seconds
[2019-06-24T09:18:05.406+0000][1][safepoint    ] Application time: 0.0000715 seconds
[2019-06-24T09:18:05.406+0000][1][safepoint    ] Entering safepoint region: RevokeBias
[2019-06-24T09:18:05.406+0000][1][safepoint    ] Leaving safepoint region
[2019-06-24T09:18:05.406+0000][1][safepoint    ] Total time for which application threads were stopped: 0.0001068 seconds, Stopping threads took: 0.0000726 seconds
[2019-06-24T09:18:05.406+0000][1][safepoint    ] Application time: 0.0000393 seconds
[2019-06-24T09:18:05.406+0000][1][safepoint    ] Entering safepoint region: RevokeBias
[2019-06-24T09:18:05.406+0000][1][safepoint    ] Leaving safepoint region
[2019-06-24T09:18:05.406+0000][1][safepoint    ] Total time for which application threads were stopped: 0.0000573 seconds, Stopping threads took: 0.0000271 seconds
[2019-06-24T09:18:05.406+0000][1][safepoint    ] Application time: 0.0000725 seconds
[2019-06-24T09:18:05.406+0000][1][safepoint    ] Entering safepoint region: RevokeBias
[2019-06-24T09:18:05.406+0000][1][safepoint    ] Leaving safepoint region
[2019-06-24T09:18:05.406+0000][1][safepoint    ] Total time for which application threads were stopped: 0.0000640 seconds, Stopping threads took: 0.0000302 seconds
[2019-06-24T09:18:05.406+0000][1][safepoint    ] Application time: 0.0000974 seconds
[2019-06-24T09:18:05.406+0000][1][safepoint    ] Entering safepoint region: RevokeBias
[2019-06-24T09:18:05.406+0000][1][safepoint    ] Leaving safepoint region
[2019-06-24T09:18:05.406+0000][1][safepoint    ] Total time for which application threads were stopped: 0.0000687 seconds, Stopping threads took: 0.0000295 seconds
[2019-06-24T09:18:05.585+0000][1][safepoint    ] Application time: 0.1791149 seconds
[2019-06-24T09:18:05.585+0000][1][safepoint    ] Entering safepoint region: Deoptimize
[2019-06-24T09:18:05.586+0000][1][safepoint    ] Leaving safepoint region
[2019-06-24T09:18:05.586+0000][1][safepoint    ] Total time for which application threads were stopped: 0.0003634 seconds, Stopping threads took: 0.0000161 seconds
[2019-06-24T09:18:05.687+0000][1][safepoint    ] Application time: 0.1014920 seconds
[2019-06-24T09:18:05.687+0000][1][safepoint    ] Entering safepoint region: RevokeBias
[2019-06-24T09:18:05.687+0000][1][safepoint    ] Leaving safepoint region
[2019-06-24T09:18:05.688+0000][1][safepoint    ] Total time for which application threads were stopped: 0.0001392 seconds, Stopping threads took: 0.0000399 seconds
[2019-06-24T09:18:05.798+0000][1][safepoint    ] Application time: 0.1101367 seconds
[2019-06-24T09:18:05.798+0000][1][safepoint    ] Entering safepoint region: RevokeBias
[2019-06-24T09:18:05.798+0000][1][safepoint    ] Leaving safepoint region
[2019-06-24T09:18:05.798+0000][1][safepoint    ] Total time for which application threads were stopped: 0.0001115 seconds, Stopping threads took: 0.0000193 seconds
[2019-06-24T09:18:05.801+0000][1][safepoint    ] Application time: 0.0031133 seconds
[2019-06-24T09:18:05.801+0000][1][safepoint    ] Entering safepoint region: RevokeBias
[2019-06-24T09:18:05.801+0000][1][safepoint    ] Leaving safepoint region
[2019-06-24T09:18:05.801+0000][1][safepoint    ] Total time for which application threads were stopped: 0.0000888 seconds, Stopping threads took: 0.0000189 seconds
[2019-06-24T09:18:05.825+0000][1][safepoint    ] Application time: 0.0237349 seconds
[2019-06-24T09:18:05.825+0000][1][safepoint    ] Entering safepoint region: GenCollectForAllocation
[2019-06-24T09:18:05.825+0000][1][gc,start     ] GC(1) Pause Young (Allocation Failure)
[2019-06-24T09:18:05.825+0000][1][gc,task      ] GC(1) Using 5 workers of 8 for evacuation
[2019-06-24T09:18:05.839+0000][1][gc,age       ] GC(1) Desired survivor size 4456448 bytes, new threshold 6 (max threshold 6)
[2019-06-24T09:18:05.839+0000][1][gc,age       ] GC(1) Age table with threshold 6 (max threshold 6)
[2019-06-24T09:18:05.839+0000][1][gc,age       ] GC(1) - age   1:    2040224 bytes,    2040224 total
[2019-06-24T09:18:05.839+0000][1][gc,heap      ] GC(1) ParNew: 77787K->6169K(78656K)
[2019-06-24T09:18:05.839+0000][1][gc,heap      ] GC(1) CMS: 0K->6651K(174784K)
[2019-06-24T09:18:05.839+0000][1][gc,metaspace ] GC(1) Metaspace: 14681K->14681K(1062912K)
[2019-06-24T09:18:05.839+0000][1][gc           ] GC(1) Pause Young (Allocation Failure) 75M->12M(247M) 13.678ms
[2019-06-24T09:18:05.839+0000][1][gc,cpu       ] GC(1) User=0.09s Sys=0.00s Real=0.01s
[2019-06-24T09:18:05.839+0000][1][safepoint    ] Leaving safepoint region
[2019-06-24T09:18:05.839+0000][1][safepoint    ] Total time for which application threads were stopped: 0.0138117 seconds, Stopping threads took: 0.0000334 seconds
[2019-06-24T09:18:05.839+0000][1][safepoint    ] Application time: 0.0002738 seconds
[2019-06-24T09:18:05.839+0000][1][safepoint    ] Entering safepoint region: RevokeBias
[2019-06-24T09:18:05.839+0000][1][safepoint    ] Leaving safepoint region
[2019-06-24T09:18:05.839+0000][1][safepoint    ] Total time for which application threads were stopped: 0.0002231 seconds, Stopping threads took: 0.0001755 seconds
[2019-06-24T09:18:05.839+0000][1][safepoint    ] Application time: 0.0001289 seconds
[2019-06-24T09:18:05.839+0000][1][safepoint    ] Entering safepoint region: RevokeBias
[2019-06-24T09:18:05.839+0000][1][safepoint    ] Leaving safepoint region
[2019-06-24T09:18:05.839+0000][1][safepoint    ] Total time for which application threads were stopped: 0.0000591 seconds, Stopping threads took: 0.0000219 seconds
[2019-06-24T09:18:05.839+0000][1][safepoint    ] Application time: 0.0000520 seconds
[2019-06-24T09:18:05.839+0000][1][safepoint    ] Entering safepoint region: RevokeBias
[2019-06-24T09:18:05.839+0000][1][safepoint    ] Leaving safepoint region
[2019-06-24T09:18:05.840+0000][1][safepoint    ] Total time for which application threads were stopped: 0.0000371 seconds, Stopping threads took: 0.0000066 seconds
[2019-06-24T09:18:05.840+0000][1][safepoint    ] Application time: 0.0000841 seconds
[2019-06-24T09:18:05.840+0000][1][safepoint    ] Entering safepoint region: RevokeBias
[2019-06-24T09:18:05.840+0000][1][safepoint    ] Leaving safepoint region
[2019-06-24T09:18:05.840+0000][1][safepoint    ] Total time for which application threads were stopped: 0.0000560 seconds, Stopping threads took: 0.0000129 seconds
[2019-06-24T09:18:05.840+0000][1][safepoint    ] Application time: 0.0000477 seconds
[2019-06-24T09:18:05.840+0000][1][safepoint    ] Entering safepoint region: RevokeBias
[2019-06-24T09:18:05.840+0000][1][safepoint    ] Leaving safepoint region
[2019-06-24T09:18:05.840+0000][1][safepoint    ] Total time for which application threads were stopped: 0.0001938 seconds, Stopping threads took: 0.0000985 seconds
[2019-06-24T09:18:05.840+0000][1][safepoint    ] Application time: 0.0000728 seconds
[2019-06-24T09:18:05.840+0000][1][safepoint    ] Entering safepoint region: RevokeBias
[2019-06-24T09:18:05.840+0000][1][safepoint    ] Leaving safepoint region
[2019-06-24T09:18:05.840+0000][1][safepoint    ] Total time for which application threads were stopped: 0.0001492 seconds, Stopping threads took: 0.0001018 seconds
[2019-06-24T09:18:05.840+0000][1][safepoint    ] Application time: 0.0000897 seconds
[2019-06-24T09:18:05.840+0000][1][safepoint    ] Entering safepoint region: RevokeBias
[2019-06-24T09:18:05.840+0000][1][safepoint    ] Leaving safepoint region
[2019-06-24T09:18:05.840+0000][1][safepoint    ] Total time for which application threads were stopped: 0.0001142 seconds, Stopping threads took: 0.0000743 seconds
[2019-06-24T09:18:05.840+0000][1][safepoint    ] Application time: 0.0000790 seconds
[2019-06-24T09:18:05.841+0000][1][safepoint    ] Entering safepoint region: RevokeBias
[2019-06-24T09:18:05.841+0000][1][safepoint    ] Leaving safepoint region
[2019-06-24T09:18:05.841+0000][1][safepoint    ] Total time for which application threads were stopped: 0.0000865 seconds, Stopping threads took: 0.0000499 seconds
[2019-06-24T09:18:05.841+0000][1][safepoint    ] Application time: 0.0001087 seconds
[2019-06-24T09:18:05.841+0000][1][safepoint    ] Entering safepoint region: RevokeBias
[2019-06-24T09:18:05.841+0000][1][safepoint    ] Leaving safepoint region
[2019-06-24T09:18:05.841+0000][1][safepoint    ] Total time for which application threads were stopped: 0.0000862 seconds, Stopping threads took: 0.0000476 seconds
[2019-06-24T09:18:05.841+0000][1][safepoint    ] Application time: 0.0000948 seconds
[2019-06-24T09:18:05.841+0000][1][safepoint    ] Entering safepoint region: RevokeBias
[2019-06-24T09:18:05.841+0000][1][safepoint    ] Leaving safepoint region
[2019-06-24T09:18:05.841+0000][1][safepoint    ] Total time for which application threads were stopped: 0.0000720 seconds, Stopping threads took: 0.0000330 seconds
[2019-06-24T09:18:05.841+0000][1][safepoint    ] Application time: 0.0000916 seconds
[2019-06-24T09:18:05.841+0000][1][safepoint    ] Entering safepoint region: BulkRevokeBias
[2019-06-24T09:18:05.841+0000][1][safepoint    ] Leaving safepoint region
[2019-06-24T09:18:05.841+0000][1][safepoint    ] Total time for which application threads were stopped: 0.0000899 seconds, Stopping threads took: 0.0000274 seconds
[2019-06-24T09:18:05.841+0000][1][safepoint    ] Application time: 0.0000895 seconds
[2019-06-24T09:18:05.841+0000][1][safepoint    ] Entering safepoint region: RevokeBias
[2019-06-24T09:18:05.841+0000][1][safepoint    ] Leaving safepoint region
[2019-06-24T09:18:05.841+0000][1][safepoint    ] Total time for which application threads were stopped: 0.0000911 seconds, Stopping threads took: 0.0000286 seconds
[2019-06-24T09:18:05.841+0000][1][safepoint    ] Application time: 0.0000510 seconds
[2019-06-24T09:18:05.842+0000][1][safepoint    ] Entering safepoint region: BulkRevokeBias
[2019-06-24T09:18:05.842+0000][1][safepoint    ] Leaving safepoint region
[2019-06-24T09:18:05.842+0000][1][safepoint    ] Total time for which application threads were stopped: 0.0001089 seconds, Stopping threads took: 0.0000273 seconds
[2019-06-24T09:18:05.952+0000][1][safepoint    ] Application time: 0.1107710 seconds
[2019-06-24T09:18:05.952+0000][1][safepoint    ] Entering safepoint region: GenCollectForAllocation
[2019-06-24T09:18:05.953+0000][1][gc,start     ] GC(2) Pause Young (Allocation Failure)
[2019-06-24T09:18:05.953+0000][1][gc,task      ] GC(2) Using 5 workers of 8 for evacuation
[2019-06-24T09:18:05.956+0000][1][gc,age       ] GC(2) Desired survivor size 4456448 bytes, new threshold 6 (max threshold 6)
[2019-06-24T09:18:05.956+0000][1][gc,age       ] GC(2) Age table with threshold 6 (max threshold 6)
[2019-06-24T09:18:05.956+0000][1][gc,age       ] GC(2) - age   1:    2709152 bytes,    2709152 total
[2019-06-24T09:18:05.956+0000][1][gc,age       ] GC(2) - age   2:    1208048 bytes,    3917200 total
[2019-06-24T09:18:05.956+0000][1][gc,heap      ] GC(2) ParNew: 76121K->4637K(78656K)
[2019-06-24T09:18:05.956+0000][1][gc,heap      ] GC(2) CMS: 6651K->6651K(174784K)
[2019-06-24T09:18:05.956+0000][1][gc,metaspace ] GC(2) Metaspace: 14818K->14818K(1062912K)
[2019-06-24T09:18:05.956+0000][1][gc           ] GC(2) Pause Young (Allocation Failure) 80M->11M(247M) 3.525ms
[2019-06-24T09:18:05.956+0000][1][gc,cpu       ] GC(2) User=0.02s Sys=0.00s Real=0.01s
[2019-06-24T09:18:05.956+0000][1][safepoint    ] Leaving safepoint region
[2019-06-24T09:18:05.956+0000][1][safepoint    ] Total time for which application threads were stopped: 0.0037086 seconds, Stopping threads took: 0.0000184 seconds
[2019-06-24T09:18:05.956+0000][1][safepoint    ] Application time: 0.0002669 seconds
[2019-06-24T09:18:05.957+0000][1][safepoint    ] Entering safepoint region: RevokeBias
[2019-06-24T09:18:05.957+0000][1][safepoint    ] Leaving safepoint region
[2019-06-24T09:18:05.957+0000][1][safepoint    ] Total time for which application threads were stopped: 0.0001841 seconds, Stopping threads took: 0.0001396 seconds
[2019-06-24T09:18:05.957+0000][1][safepoint    ] Application time: 0.0000922 seconds
[2019-06-24T09:18:05.957+0000][1][safepoint    ] Entering safepoint region: RevokeBias
[2019-06-24T09:18:05.957+0000][1][safepoint    ] Leaving safepoint region
[2019-06-24T09:18:05.957+0000][1][safepoint    ] Total time for which application threads were stopped: 0.0000431 seconds, Stopping threads took: 0.0000083 seconds
[2019-06-24T09:18:05.957+0000][1][safepoint    ] Application time: 0.0001133 seconds
[2019-06-24T09:18:05.957+0000][1][safepoint    ] Entering safepoint region: RevokeBias
[2019-06-24T09:18:05.957+0000][1][safepoint    ] Leaving safepoint region
[2019-06-24T09:18:05.957+0000][1][safepoint    ] Total time for which application threads were stopped: 0.0000759 seconds, Stopping threads took: 0.0000396 seconds
[2019-06-24T09:18:05.957+0000][1][safepoint    ] Application time: 0.0000442 seconds
[2019-06-24T09:18:05.957+0000][1][safepoint    ] Entering safepoint region: RevokeBias
[2019-06-24T09:18:05.957+0000][1][safepoint    ] Leaving safepoint region
[2019-06-24T09:18:05.957+0000][1][safepoint    ] Total time for which application threads were stopped: 0.0000344 seconds, Stopping threads took: 0.0000064 seconds
[2019-06-24T09:18:05.957+0000][1][safepoint    ] Application time: 0.0000433 seconds
[2019-06-24T09:18:05.957+0000][1][safepoint    ] Entering safepoint region: RevokeBias
[2019-06-24T09:18:05.957+0000][1][safepoint    ] Leaving safepoint region
[2019-06-24T09:18:05.957+0000][1][safepoint    ] Total time for which application threads were stopped: 0.0000552 seconds, Stopping threads took: 0.0000276 seconds
[2019-06-24T09:18:05.957+0000][1][safepoint    ] Application time: 0.0000365 seconds
[2019-06-24T09:18:05.957+0000][1][safepoint    ] Entering safepoint region: RevokeBias
[2019-06-24T09:18:05.957+0000][1][safepoint    ] Leaving safepoint region
[2019-06-24T09:18:05.957+0000][1][safepoint    ] Total time for which application threads were stopped: 0.0000566 seconds, Stopping threads took: 0.0000251 seconds
[2019-06-24T09:18:06.078+0000][1][safepoint    ] Application time: 0.1209683 seconds
[2019-06-24T09:18:06.078+0000][1][safepoint    ] Entering safepoint region: Deoptimize
[2019-06-24T09:18:06.079+0000][1][safepoint    ] Leaving safepoint region
[2019-06-24T09:18:06.079+0000][1][safepoint    ] Total time for which application threads were stopped: 0.0003210 seconds, Stopping threads took: 0.0000175 seconds
[2019-06-24T09:18:06.079+0000][1][safepoint    ] Application time: 0.0004072 seconds
[2019-06-24T09:18:06.079+0000][1][safepoint    ] Entering safepoint region: Deoptimize
[2019-06-24T09:18:06.079+0000][1][safepoint    ] Leaving safepoint region
[2019-06-24T09:18:06.079+0000][1][safepoint    ] Total time for which application threads were stopped: 0.0002866 seconds, Stopping threads took: 0.0000120 seconds
[2019-06-24T09:18:06.256+0000][1][safepoint    ] Application time: 0.1768795 seconds
[2019-06-24T09:18:06.256+0000][1][safepoint    ] Entering safepoint region: GenCollectForAllocation
[2019-06-24T09:18:06.256+0000][1][gc,start     ] GC(3) Pause Young (Allocation Failure)
[2019-06-24T09:18:06.256+0000][1][gc,task      ] GC(3) Using 5 workers of 8 for evacuation
[2019-06-24T09:18:06.260+0000][1][gc,age       ] GC(3) Desired survivor size 4456448 bytes, new threshold 3 (max threshold 6)
[2019-06-24T09:18:06.260+0000][1][gc,age       ] GC(3) Age table with threshold 3 (max threshold 6)
[2019-06-24T09:18:06.260+0000][1][gc,age       ] GC(3) - age   1:    3667840 bytes,    3667840 total
[2019-06-24T09:18:06.260+0000][1][gc,age       ] GC(3) - age   2:     318624 bytes,    3986464 total
[2019-06-24T09:18:06.260+0000][1][gc,age       ] GC(3) - age   3:    1205096 bytes,    5191560 total
[2019-06-24T09:18:06.260+0000][1][gc,heap      ] GC(3) ParNew: 74589K->7298K(78656K)
[2019-06-24T09:18:06.260+0000][1][gc,heap      ] GC(3) CMS: 6651K->6651K(174784K)
[2019-06-24T09:18:06.260+0000][1][gc,metaspace ] GC(3) Metaspace: 18263K->18263K(1067008K)
[2019-06-24T09:18:06.260+0000][1][gc           ] GC(3) Pause Young (Allocation Failure) 79M->13M(247M) 3.601ms
[2019-06-24T09:18:06.260+0000][1][gc,cpu       ] GC(3) User=0.02s Sys=0.00s Real=0.00s
[2019-06-24T09:18:06.260+0000][1][safepoint    ] Leaving safepoint region
[2019-06-24T09:18:06.260+0000][1][safepoint    ] Total time for which application threads were stopped: 0.0037881 seconds, Stopping threads took: 0.0000166 seconds
[2019-06-24T09:18:06.260+0000][1][safepoint    ] Application time: 0.0001853 seconds
[2019-06-24T09:18:06.260+0000][1][safepoint    ] Entering safepoint region: RevokeBias
[2019-06-24T09:18:06.260+0000][1][safepoint    ] Leaving safepoint region
[2019-06-24T09:18:06.260+0000][1][safepoint    ] Total time for which application threads were stopped: 0.0002068 seconds, Stopping threads took: 0.0001420 seconds
[2019-06-24T09:18:06.261+0000][1][safepoint    ] Application time: 0.0000752 seconds
[2019-06-24T09:18:06.261+0000][1][safepoint    ] Entering safepoint region: RevokeBias
[2019-06-24T09:18:06.261+0000][1][safepoint    ] Leaving safepoint region
[2019-06-24T09:18:06.261+0000][1][safepoint    ] Total time for which application threads were stopped: 0.0000635 seconds, Stopping threads took: 0.0000105 seconds
[2019-06-24T09:18:06.261+0000][1][safepoint    ] Application time: 0.0001072 seconds
[2019-06-24T09:18:06.261+0000][1][safepoint    ] Entering safepoint region: RevokeBias
[2019-06-24T09:18:06.261+0000][1][safepoint    ] Leaving safepoint region
[2019-06-24T09:18:06.261+0000][1][safepoint    ] Total time for which application threads were stopped: 0.0002149 seconds, Stopping threads took: 0.0000322 seconds
[2019-06-24T09:18:06.261+0000][1][safepoint    ] Application time: 0.0001080 seconds
[2019-06-24T09:18:06.261+0000][1][safepoint    ] Entering safepoint region: RevokeBias
[2019-06-24T09:18:06.261+0000][1][safepoint    ] Leaving safepoint region
[2019-06-24T09:18:06.261+0000][1][safepoint    ] Total time for which application threads were stopped: 0.0003031 seconds, Stopping threads took: 0.0002210 seconds
[2019-06-24T09:18:06.262+0000][1][safepoint    ] Application time: 0.0000913 seconds
[2019-06-24T09:18:06.262+0000][1][safepoint    ] Entering safepoint region: RevokeBias
[2019-06-24T09:18:06.262+0000][1][safepoint    ] Leaving safepoint region
[2019-06-24T09:18:06.262+0000][1][safepoint    ] Total time for which application threads were stopped: 0.0001023 seconds, Stopping threads took: 0.0000313 seconds
[2019-06-24T09:18:06.262+0000][1][safepoint    ] Application time: 0.0000694 seconds
[2019-06-24T09:18:06.262+0000][1][safepoint    ] Entering safepoint region: RevokeBias
[2019-06-24T09:18:06.262+0000][1][safepoint    ] Leaving safepoint region
[2019-06-24T09:18:06.262+0000][1][safepoint    ] Total time for which application threads were stopped: 0.0000962 seconds, Stopping threads took: 0.0000299 seconds
[2019-06-24T09:18:06.262+0000][1][safepoint    ] Application time: 0.0001147 seconds
[2019-06-24T09:18:06.262+0000][1][safepoint    ] Entering safepoint region: RevokeBias
[2019-06-24T09:18:06.262+0000][1][safepoint    ] Leaving safepoint region
[2019-06-24T09:18:06.262+0000][1][safepoint    ] Total time for which application threads were stopped: 0.0001020 seconds, Stopping threads took: 0.0000577 seconds
[2019-06-24T09:18:06.262+0000][1][safepoint    ] Application time: 0.0000771 seconds
[2019-06-24T09:18:06.262+0000][1][safepoint    ] Entering safepoint region: RevokeBias
[2019-06-24T09:18:06.262+0000][1][safepoint    ] Leaving safepoint region
[2019-06-24T09:18:06.262+0000][1][safepoint    ] Total time for which application threads were stopped: 0.0000659 seconds, Stopping threads took: 0.0000241 seconds
[2019-06-24T09:18:06.262+0000][1][safepoint    ] Application time: 0.0000528 seconds
[2019-06-24T09:18:06.262+0000][1][safepoint    ] Entering safepoint region: RevokeBias
[2019-06-24T09:18:06.262+0000][1][safepoint    ] Leaving safepoint region
[2019-06-24T09:18:06.262+0000][1][safepoint    ] Total time for which application threads were stopped: 0.0000809 seconds, Stopping threads took: 0.0000332 seconds
[2019-06-24T09:18:06.262+0000][1][safepoint    ] Application time: 0.0000455 seconds
[2019-06-24T09:18:06.263+0000][1][safepoint    ] Entering safepoint region: RevokeBias
[2019-06-24T09:18:06.263+0000][1][safepoint    ] Leaving safepoint region
[2019-06-24T09:18:06.263+0000][1][safepoint    ] Total time for which application threads were stopped: 0.0001101 seconds, Stopping threads took: 0.0000624 seconds
[2019-06-24T09:18:06.263+0000][1][safepoint    ] Application time: 0.0000497 seconds
[2019-06-24T09:18:06.263+0000][1][safepoint    ] Entering safepoint region: RevokeBias
[2019-06-24T09:18:06.263+0000][1][safepoint    ] Leaving safepoint region
[2019-06-24T09:18:06.263+0000][1][safepoint    ] Total time for which application threads were stopped: 0.0001850 seconds, Stopping threads took: 0.0001265 seconds
[2019-06-24T09:18:06.263+0000][1][safepoint    ] Application time: 0.0000411 seconds
[2019-06-24T09:18:06.263+0000][1][safepoint    ] Entering safepoint region: RevokeBias
[2019-06-24T09:18:06.263+0000][1][safepoint    ] Leaving safepoint region
[2019-06-24T09:18:06.263+0000][1][safepoint    ] Total time for which application threads were stopped: 0.0000591 seconds, Stopping threads took: 0.0000102 seconds
[2019-06-24T09:18:06.263+0000][1][safepoint    ] Application time: 0.0000453 seconds
[2019-06-24T09:18:06.263+0000][1][safepoint    ] Entering safepoint region: RevokeBias
[2019-06-24T09:18:06.263+0000][1][safepoint    ] Leaving safepoint region
[2019-06-24T09:18:06.263+0000][1][safepoint    ] Total time for which application threads were stopped: 0.0001040 seconds, Stopping threads took: 0.0000535 seconds
[2019-06-24T09:18:06.263+0000][1][safepoint    ] Application time: 0.0000453 seconds
[2019-06-24T09:18:06.263+0000][1][safepoint    ] Entering safepoint region: RevokeBias
[2019-06-24T09:18:06.263+0000][1][safepoint    ] Leaving safepoint region
[2019-06-24T09:18:06.263+0000][1][safepoint    ] Total time for which application threads were stopped: 0.0001025 seconds, Stopping threads took: 0.0000537 seconds
[2019-06-24T09:18:06.263+0000][1][safepoint    ] Application time: 0.0000812 seconds
[2019-06-24T09:18:06.263+0000][1][safepoint    ] Entering safepoint region: RevokeBias
[2019-06-24T09:18:06.264+0000][1][safepoint    ] Leaving safepoint region
[2019-06-24T09:18:06.264+0000][1][safepoint    ] Total time for which application threads were stopped: 0.0001464 seconds, Stopping threads took: 0.0000802 seconds
[2019-06-24T09:18:06.264+0000][1][safepoint    ] Application time: 0.0000921 seconds
[2019-06-24T09:18:06.264+0000][1][safepoint    ] Entering safepoint region: RevokeBias
[2019-06-24T09:18:06.264+0000][1][safepoint    ] Leaving safepoint region
[2019-06-24T09:18:06.264+0000][1][safepoint    ] Total time for which application threads were stopped: 0.0000939 seconds, Stopping threads took: 0.0000521 seconds
[2019-06-24T09:18:06.264+0000][1][safepoint    ] Application time: 0.0000873 seconds
[2019-06-24T09:18:06.264+0000][1][safepoint    ] Entering safepoint region: RevokeBias
[2019-06-24T09:18:06.264+0000][1][safepoint    ] Leaving safepoint region
[2019-06-24T09:18:06.264+0000][1][safepoint    ] Total time for which application threads were stopped: 0.0000911 seconds, Stopping threads took: 0.0000494 seconds
[2019-06-24T09:18:06.264+0000][1][safepoint    ] Application time: 0.0002397 seconds
[2019-06-24T09:18:06.264+0000][1][safepoint    ] Entering safepoint region: RevokeBias
[2019-06-24T09:18:06.264+0000][1][safepoint    ] Leaving safepoint region
[2019-06-24T09:18:06.264+0000][1][safepoint    ] Total time for which application threads were stopped: 0.0000726 seconds, Stopping threads took: 0.0000303 seconds
[2019-06-24T09:18:06.264+0000][1][safepoint    ] Application time: 0.0000797 seconds
[2019-06-24T09:18:06.264+0000][1][safepoint    ] Entering safepoint region: RevokeBias
[2019-06-24T09:18:06.264+0000][1][safepoint    ] Leaving safepoint region
[2019-06-24T09:18:06.264+0000][1][safepoint    ] Total time for which application threads were stopped: 0.0000911 seconds, Stopping threads took: 0.0000583 seconds
[2019-06-24T09:18:06.265+0000][1][safepoint    ] Application time: 0.0001256 seconds
[2019-06-24T09:18:06.265+0000][1][safepoint    ] Entering safepoint region: RevokeBias
[2019-06-24T09:18:06.265+0000][1][safepoint    ] Leaving safepoint region
[2019-06-24T09:18:06.265+0000][1][safepoint    ] Total time for which application threads were stopped: 0.0001578 seconds, Stopping threads took: 0.0001243 seconds
[2019-06-24T09:18:06.265+0000][1][safepoint    ] Application time: 0.0000579 seconds
[2019-06-24T09:18:06.265+0000][1][safepoint    ] Entering safepoint region: RevokeBias
[2019-06-24T09:18:06.265+0000][1][safepoint    ] Leaving safepoint region
[2019-06-24T09:18:06.265+0000][1][safepoint    ] Total time for which application threads were stopped: 0.0000628 seconds, Stopping threads took: 0.0000338 seconds
[2019-06-24T09:18:06.343+0000][1][safepoint    ] Application time: 0.0779097 seconds
[2019-06-24T09:18:06.343+0000][1][safepoint    ] Entering safepoint region: GenCollectForAllocation
[2019-06-24T09:18:06.343+0000][1][gc,start     ] GC(4) Pause Young (Allocation Failure)
[2019-06-24T09:18:06.343+0000][1][gc,task      ] GC(4) Using 5 workers of 8 for evacuation
[2019-06-24T09:18:06.347+0000][1][gc,age       ] GC(4) Desired survivor size 4456448 bytes, new threshold 2 (max threshold 6)
[2019-06-24T09:18:06.347+0000][1][gc,age       ] GC(4) Age table with threshold 2 (max threshold 6)
[2019-06-24T09:18:06.347+0000][1][gc,age       ] GC(4) - age   1:    1674424 bytes,    1674424 total
[2019-06-24T09:18:06.347+0000][1][gc,age       ] GC(4) - age   2:    3304472 bytes,    4978896 total
[2019-06-24T09:18:06.347+0000][1][gc,age       ] GC(4) - age   3:     318072 bytes,    5296968 total
[2019-06-24T09:18:06.347+0000][1][gc,heap      ] GC(4) ParNew: 77250K->8327K(78656K)
[2019-06-24T09:18:06.347+0000][1][gc,heap      ] GC(4) CMS: 6651K->7845K(174784K)
[2019-06-24T09:18:06.347+0000][1][gc,metaspace ] GC(4) Metaspace: 18477K->18477K(1067008K)
[2019-06-24T09:18:06.347+0000][1][gc           ] GC(4) Pause Young (Allocation Failure) 81M->15M(247M) 4.462ms
[2019-06-24T09:18:06.347+0000][1][gc,cpu       ] GC(4) User=0.03s Sys=0.00s Real=0.00s
[2019-06-24T09:18:06.347+0000][1][safepoint    ] Leaving safepoint region
[2019-06-24T09:18:06.347+0000][1][safepoint    ] Total time for which application threads were stopped: 0.0045986 seconds, Stopping threads took: 0.0000115 seconds
[2019-06-24T09:18:06.348+0000][1][safepoint    ] Application time: 0.0001214 seconds
[2019-06-24T09:18:06.348+0000][1][safepoint    ] Entering safepoint region: RevokeBias
[2019-06-24T09:18:06.348+0000][1][safepoint    ] Leaving safepoint region
[2019-06-24T09:18:06.348+0000][1][safepoint    ] Total time for which application threads were stopped: 0.0001100 seconds, Stopping threads took: 0.0000405 seconds
[2019-06-24T09:18:06.348+0000][1][safepoint    ] Application time: 0.0000773 seconds
[2019-06-24T09:18:06.348+0000][1][safepoint    ] Entering safepoint region: RevokeBias
[2019-06-24T09:18:06.348+0000][1][safepoint    ] Leaving safepoint region
[2019-06-24T09:18:06.348+0000][1][safepoint    ] Total time for which application threads were stopped: 0.0000583 seconds, Stopping threads took: 0.0000129 seconds
[2019-06-24T09:18:06.348+0000][1][safepoint    ] Application time: 0.0001043 seconds
[2019-06-24T09:18:06.348+0000][1][safepoint    ] Entering safepoint region: RevokeBias
[2019-06-24T09:18:06.348+0000][1][safepoint    ] Leaving safepoint region
[2019-06-24T09:18:06.348+0000][1][safepoint    ] Total time for which application threads were stopped: 0.0000681 seconds, Stopping threads took: 0.0000308 seconds
[2019-06-24T09:18:06.348+0000][1][safepoint    ] Application time: 0.0000793 seconds
[2019-06-24T09:18:06.348+0000][1][safepoint    ] Entering safepoint region: RevokeBias
[2019-06-24T09:18:06.348+0000][1][safepoint    ] Leaving safepoint region
[2019-06-24T09:18:06.348+0000][1][safepoint    ] Total time for which application threads were stopped: 0.0000642 seconds, Stopping threads took: 0.0000280 seconds
[2019-06-24T09:18:06.363+0000][1][safepoint    ] Application time: 0.0146590 seconds
[2019-06-24T09:18:06.363+0000][1][safepoint    ] Entering safepoint region: Deoptimize
[2019-06-24T09:18:06.363+0000][1][safepoint    ] Leaving safepoint region
[2019-06-24T09:18:06.363+0000][1][safepoint    ] Total time for which application threads were stopped: 0.0002581 seconds, Stopping threads took: 0.0000105 seconds
[2019-06-24T09:18:06.396+0000][1][safepoint    ] Application time: 0.0327970 seconds
[2019-06-24T09:18:06.396+0000][1][safepoint    ] Entering safepoint region: Deoptimize
[2019-06-24T09:18:06.396+0000][1][safepoint    ] Leaving safepoint region
[2019-06-24T09:18:06.396+0000][1][safepoint    ] Total time for which application threads were stopped: 0.0002900 seconds, Stopping threads took: 0.0000105 seconds
[2019-06-24T09:18:06.399+0000][1][safepoint    ] Application time: 0.0031488 seconds
[2019-06-24T09:18:06.399+0000][1][safepoint    ] Entering safepoint region: RevokeBias
[2019-06-24T09:18:06.400+0000][1][safepoint    ] Leaving safepoint region
[2019-06-24T09:18:06.400+0000][1][safepoint    ] Total time for which application threads were stopped: 0.0000824 seconds, Stopping threads took: 0.0000308 seconds
[2019-06-24T09:18:06.444+0000][1][safepoint    ] Application time: 0.0444206 seconds
[2019-06-24T09:18:06.444+0000][1][safepoint    ] Entering safepoint region: RevokeBias
[2019-06-24T09:18:06.444+0000][1][safepoint    ] Leaving safepoint region
[2019-06-24T09:18:06.444+0000][1][safepoint    ] Total time for which application threads were stopped: 0.0000614 seconds, Stopping threads took: 0.0000128 seconds
[2019-06-24T09:18:06.444+0000][1][safepoint    ] Application time: 0.0003296 seconds
[2019-06-24T09:18:06.444+0000][1][safepoint    ] Entering safepoint region: RevokeBias
[2019-06-24T09:18:06.444+0000][1][safepoint    ] Leaving safepoint region
[2019-06-24T09:18:06.444+0000][1][safepoint    ] Total time for which application threads were stopped: 0.0000550 seconds, Stopping threads took: 0.0000246 seconds
[2019-06-24T09:18:06.445+0000][1][safepoint    ] Application time: 0.0003465 seconds
[2019-06-24T09:18:06.445+0000][1][safepoint    ] Entering safepoint region: RevokeBias
[2019-06-24T09:18:06.445+0000][1][safepoint    ] Leaving safepoint region
[2019-06-24T09:18:06.445+0000][1][safepoint    ] Total time for which application threads were stopped: 0.0000582 seconds, Stopping threads took: 0.0000249 seconds
[2019-06-24T09:18:06.445+0000][1][safepoint    ] Application time: 0.0002652 seconds
[2019-06-24T09:18:06.445+0000][1][safepoint    ] Entering safepoint region: RevokeBias
[2019-06-24T09:18:06.445+0000][1][safepoint    ] Leaving safepoint region
[2019-06-24T09:18:06.445+0000][1][safepoint    ] Total time for which application threads were stopped: 0.0000358 seconds, Stopping threads took: 0.0000079 seconds
[2019-06-24T09:18:06.474+0000][1][safepoint    ] Application time: 0.0286220 seconds
[2019-06-24T09:18:06.474+0000][1][safepoint    ] Entering safepoint region: GenCollectForAllocation
[2019-06-24T09:18:06.474+0000][1][gc,start     ] GC(5) Pause Young (Allocation Failure)
[2019-06-24T09:18:06.474+0000][1][gc,task      ] GC(5) Using 5 workers of 8 for evacuation
[2019-06-24T09:18:06.478+0000][1][gc,age       ] GC(5) Desired survivor size 4456448 bytes, new threshold 6 (max threshold 6)
[2019-06-24T09:18:06.478+0000][1][gc,age       ] GC(5) Age table with threshold 6 (max threshold 6)
[2019-06-24T09:18:06.478+0000][1][gc,age       ] GC(5) - age   1:    2685816 bytes,    2685816 total
[2019-06-24T09:18:06.478+0000][1][gc,age       ] GC(5) - age   2:     443728 bytes,    3129544 total
[2019-06-24T09:18:06.478+0000][1][gc,heap      ] GC(5) ParNew: 78279K->6043K(78656K)
[2019-06-24T09:18:06.478+0000][1][gc,heap      ] GC(5) CMS: 7845K->11414K(174784K)
[2019-06-24T09:18:06.478+0000][1][gc,metaspace ] GC(5) Metaspace: 18825K->18825K(1067008K)
[2019-06-24T09:18:06.478+0000][1][gc           ] GC(5) Pause Young (Allocation Failure) 84M->17M(247M) 4.146ms
[2019-06-24T09:18:06.478+0000][1][gc,cpu       ] GC(5) User=0.02s Sys=0.00s Real=0.01s
[2019-06-24T09:18:06.478+0000][1][safepoint    ] Leaving safepoint region
[2019-06-24T09:18:06.478+0000][1][safepoint    ] Total time for which application threads were stopped: 0.0043624 seconds, Stopping threads took: 0.0001237 seconds
[2019-06-24T09:18:06.478+0000][1][safepoint    ] Application time: 0.0001340 seconds
[2019-06-24T09:18:06.478+0000][1][safepoint    ] Entering safepoint region: RevokeBias
[2019-06-24T09:18:06.479+0000][1][safepoint    ] Leaving safepoint region
[2019-06-24T09:18:06.479+0000][1][safepoint    ] Total time for which application threads were stopped: 0.0001357 seconds, Stopping threads took: 0.0000481 seconds
[2019-06-24T09:18:06.479+0000][1][safepoint    ] Application time: 0.0000787 seconds
[2019-06-24T09:18:06.479+0000][1][safepoint    ] Entering safepoint region: RevokeBias
[2019-06-24T09:18:06.479+0000][1][safepoint    ] Leaving safepoint region
[2019-06-24T09:18:06.479+0000][1][safepoint    ] Total time for which application threads were stopped: 0.0000587 seconds, Stopping threads took: 0.0000292 seconds
[2019-06-24T09:18:06.479+0000][1][safepoint    ] Application time: 0.0000452 seconds
[2019-06-24T09:18:06.479+0000][1][safepoint    ] Entering safepoint region: RevokeBias
[2019-06-24T09:18:06.479+0000][1][safepoint    ] Leaving safepoint region
[2019-06-24T09:18:06.479+0000][1][safepoint    ] Total time for which application threads were stopped: 0.0000522 seconds, Stopping threads took: 0.0000270 seconds
[2019-06-24T09:18:06.479+0000][1][safepoint    ] Application time: 0.0000842 seconds
[2019-06-24T09:18:06.479+0000][1][safepoint    ] Entering safepoint region: RevokeBias
[2019-06-24T09:18:06.479+0000][1][safepoint    ] Leaving safepoint region
[2019-06-24T09:18:06.479+0000][1][safepoint    ] Total time for which application threads were stopped: 0.0000574 seconds, Stopping threads took: 0.0000288 seconds
[2019-06-24T09:18:06.479+0000][1][safepoint    ] Application time: 0.0000718 seconds
[2019-06-24T09:18:06.479+0000][1][safepoint    ] Entering safepoint region: RevokeBias
[2019-06-24T09:18:06.479+0000][1][safepoint    ] Leaving safepoint region
[2019-06-24T09:18:06.479+0000][1][safepoint    ] Total time for which application threads were stopped: 0.0000493 seconds, Stopping threads took: 0.0000234 seconds
[2019-06-24T09:18:06.479+0000][1][safepoint    ] Application time: 0.0000847 seconds
[2019-06-24T09:18:06.479+0000][1][safepoint    ] Entering safepoint region: RevokeBias
[2019-06-24T09:18:06.479+0000][1][safepoint    ] Leaving safepoint region
[2019-06-24T09:18:06.479+0000][1][safepoint    ] Total time for which application threads were stopped: 0.0000594 seconds, Stopping threads took: 0.0000326 seconds
[2019-06-24T09:18:06.579+0000][1][safepoint    ] Application time: 0.0994706 seconds
[2019-06-24T09:18:06.579+0000][1][safepoint    ] Entering safepoint region: GenCollectForAllocation
[2019-06-24T09:18:06.579+0000][1][gc,start     ] GC(6) Pause Young (Allocation Failure)
[2019-06-24T09:18:06.579+0000][1][gc,task      ] GC(6) Using 5 workers of 8 for evacuation
[2019-06-24T09:18:06.581+0000][1][gc,age       ] GC(6) Desired survivor size 4456448 bytes, new threshold 6 (max threshold 6)
[2019-06-24T09:18:06.581+0000][1][gc,age       ] GC(6) Age table with threshold 6 (max threshold 6)
[2019-06-24T09:18:06.581+0000][1][gc,age       ] GC(6) - age   1:    1683064 bytes,    1683064 total
[2019-06-24T09:18:06.581+0000][1][gc,age       ] GC(6) - age   2:    2194776 bytes,    3877840 total
[2019-06-24T09:18:06.581+0000][1][gc,age       ] GC(6) - age   3:     443728 bytes,    4321568 total
[2019-06-24T09:18:06.581+0000][1][gc,heap      ] GC(6) ParNew: 75995K->5493K(78656K)
[2019-06-24T09:18:06.581+0000][1][gc,heap      ] GC(6) CMS: 11414K->11414K(174784K)
[2019-06-24T09:18:06.581+0000][1][gc,metaspace ] GC(6) Metaspace: 19131K->19131K(1067008K)
[2019-06-24T09:18:06.581+0000][1][gc           ] GC(6) Pause Young (Allocation Failure) 85M->16M(247M) 2.374ms
[2019-06-24T09:18:06.581+0000][1][gc,cpu       ] GC(6) User=0.01s Sys=0.00s Real=0.00s
[2019-06-24T09:18:06.581+0000][1][safepoint    ] Leaving safepoint region
[2019-06-24T09:18:06.581+0000][1][safepoint    ] Total time for which application threads were stopped: 0.0024850 seconds, Stopping threads took: 0.0000125 seconds
[2019-06-24T09:18:06.581+0000][1][safepoint    ] Application time: 0.0001297 seconds
[2019-06-24T09:18:06.582+0000][1][safepoint    ] Entering safepoint region: RevokeBias
[2019-06-24T09:18:06.582+0000][1][safepoint    ] Leaving safepoint region
[2019-06-24T09:18:06.582+0000][1][safepoint    ] Total time for which application threads were stopped: 0.0003077 seconds, Stopping threads took: 0.0002623 seconds
[2019-06-24T09:18:06.582+0000][1][safepoint    ] Application time: 0.0000523 seconds
[2019-06-24T09:18:06.582+0000][1][safepoint    ] Entering safepoint region: BulkRevokeBias
[2019-06-24T09:18:06.582+0000][1][safepoint    ] Leaving safepoint region
[2019-06-24T09:18:06.582+0000][1][safepoint    ] Total time for which application threads were stopped: 0.0001094 seconds, Stopping threads took: 0.0000489 seconds
[2019-06-24T09:18:06.582+0000][1][safepoint    ] Application time: 0.0000868 seconds
[2019-06-24T09:18:06.582+0000][1][safepoint    ] Entering safepoint region: BulkRevokeBias
[2019-06-24T09:18:06.582+0000][1][safepoint    ] Leaving safepoint region
[2019-06-24T09:18:06.582+0000][1][safepoint    ] Total time for which application threads were stopped: 0.0000822 seconds, Stopping threads took: 0.0000328 seconds
[2019-06-24T09:18:06.699+0000][1][safepoint    ] Application time: 0.1168143 seconds
[2019-06-24T09:18:06.699+0000][1][safepoint    ] Entering safepoint region: GenCollectForAllocation
[2019-06-24T09:18:06.699+0000][1][gc,start     ] GC(7) Pause Young (Allocation Failure)
[2019-06-24T09:18:06.699+0000][1][gc,task      ] GC(7) Using 5 workers of 8 for evacuation
[2019-06-24T09:18:06.701+0000][1][gc,age       ] GC(7) Desired survivor size 4456448 bytes, new threshold 6 (max threshold 6)
[2019-06-24T09:18:06.701+0000][1][gc,age       ] GC(7) Age table with threshold 6 (max threshold 6)
[2019-06-24T09:18:06.701+0000][1][gc,age       ] GC(7) - age   1:     571296 bytes,     571296 total
[2019-06-24T09:18:06.701+0000][1][gc,age       ] GC(7) - age   2:    1129416 bytes,    1700712 total
[2019-06-24T09:18:06.701+0000][1][gc,age       ] GC(7) - age   3:    2192768 bytes,    3893480 total
[2019-06-24T09:18:06.701+0000][1][gc,age       ] GC(7) - age   4:     443728 bytes,    4337208 total
[2019-06-24T09:18:06.701+0000][1][gc,heap      ] GC(7) ParNew: 75445K->5632K(78656K)
[2019-06-24T09:18:06.701+0000][1][gc,heap      ] GC(7) CMS: 11414K->11414K(174784K)
[2019-06-24T09:18:06.701+0000][1][gc,metaspace ] GC(7) Metaspace: 19883K->19883K(1067008K)
[2019-06-24T09:18:06.701+0000][1][gc           ] GC(7) Pause Young (Allocation Failure) 84M->16M(247M) 2.358ms
[2019-06-24T09:18:06.701+0000][1][gc,cpu       ] GC(7) User=0.01s Sys=0.00s Real=0.00s
[2019-06-24T09:18:06.701+0000][1][safepoint    ] Leaving safepoint region
[2019-06-24T09:18:06.701+0000][1][safepoint    ] Total time for which application threads were stopped: 0.0024668 seconds, Stopping threads took: 0.0000112 seconds
[2019-06-24T09:18:06.721+0000][1][safepoint    ] Application time: 0.0191975 seconds
[2019-06-24T09:18:06.721+0000][1][safepoint    ] Entering safepoint region: CollectForMetadataAllocation
[2019-06-24T09:18:06.721+0000][1][safepoint    ] Leaving safepoint region
[2019-06-24T09:18:06.721+0000][1][safepoint    ] Total time for which application threads were stopped: 0.0001909 seconds, Stopping threads took: 0.0000431 seconds
[2019-06-24T09:18:06.807+0000][1][safepoint    ] Application time: 0.0862232 seconds
[2019-06-24T09:18:06.807+0000][1][safepoint    ] Entering safepoint region: GenCollectForAllocation
[2019-06-24T09:18:06.807+0000][1][gc,start     ] GC(8) Pause Young (Allocation Failure)
[2019-06-24T09:18:06.807+0000][1][gc,task      ] GC(8) Using 5 workers of 8 for evacuation
[2019-06-24T09:18:06.810+0000][1][gc,age       ] GC(8) Desired survivor size 4456448 bytes, new threshold 4 (max threshold 6)
[2019-06-24T09:18:06.810+0000][1][gc,age       ] GC(8) Age table with threshold 4 (max threshold 6)
[2019-06-24T09:18:06.810+0000][1][gc,age       ] GC(8) - age   1:     961656 bytes,     961656 total
[2019-06-24T09:18:06.810+0000][1][gc,age       ] GC(8) - age   2:     550464 bytes,    1512120 total
[2019-06-24T09:18:06.810+0000][1][gc,age       ] GC(8) - age   3:    1129320 bytes,    2641440 total
[2019-06-24T09:18:06.810+0000][1][gc,age       ] GC(8) - age   4:    2192480 bytes,    4833920 total
[2019-06-24T09:18:06.810+0000][1][gc,age       ] GC(8) - age   5:     443728 bytes,    5277648 total
[2019-06-24T09:18:06.810+0000][1][gc,heap      ] GC(8) ParNew: 75584K->7032K(78656K)
[2019-06-24T09:18:06.810+0000][1][gc,heap      ] GC(8) CMS: 11414K->11414K(174784K)
[2019-06-24T09:18:06.810+0000][1][gc,metaspace ] GC(8) Metaspace: 20183K->20183K(1069056K)
[2019-06-24T09:18:06.810+0000][1][gc           ] GC(8) Pause Young (Allocation Failure) 84M->18M(247M) 3.055ms
[2019-06-24T09:18:06.810+0000][1][gc,cpu       ] GC(8) User=0.01s Sys=0.00s Real=0.00s
[2019-06-24T09:18:06.810+0000][1][safepoint    ] Leaving safepoint region
[2019-06-24T09:18:06.810+0000][1][safepoint    ] Total time for which application threads were stopped: 0.0031801 seconds, Stopping threads took: 0.0000155 seconds
[2019-06-24T09:18:06.810+0000][1][safepoint    ] Application time: 0.0001031 seconds
[2019-06-24T09:18:06.811+0000][1][safepoint    ] Entering safepoint region: CMS_Initial_Mark
[2019-06-24T09:18:06.811+0000][1][gc,start     ] GC(9) Pause Initial Mark
[2019-06-24T09:18:06.812+0000][1][gc           ] GC(9) Pause Initial Mark 19M->19M(247M) 0.956ms
[2019-06-24T09:18:06.812+0000][1][gc,cpu       ] GC(9) User=0.00s Sys=0.00s Real=0.00s
[2019-06-24T09:18:06.812+0000][1][safepoint    ] Leaving safepoint region
[2019-06-24T09:18:06.812+0000][1][safepoint    ] Total time for which application threads were stopped: 0.0011234 seconds, Stopping threads took: 0.0000777 seconds
[2019-06-24T09:18:06.812+0000][1][gc           ] GC(9) Concurrent Mark
[2019-06-24T09:18:06.812+0000][1][gc,task      ] GC(9) Using 2 workers of 2 for marking
[2019-06-24T09:18:06.823+0000][1][gc           ] GC(9) Concurrent Mark 11.762ms
[2019-06-24T09:18:06.823+0000][1][gc,cpu       ] GC(9) User=0.07s Sys=0.00s Real=0.02s
[2019-06-24T09:18:06.823+0000][1][gc           ] GC(9) Concurrent Preclean
[2019-06-24T09:18:06.824+0000][1][gc           ] GC(9) Concurrent Preclean 0.880ms
[2019-06-24T09:18:06.824+0000][1][gc,cpu       ] GC(9) User=0.00s Sys=0.00s Real=0.00s
[2019-06-24T09:18:06.824+0000][1][gc           ] GC(9) Concurrent Abortable Preclean
[2019-06-24T09:18:06.845+0000][1][safepoint    ] Application time: 0.0330438 seconds
[2019-06-24T09:18:06.845+0000][1][safepoint    ] Entering safepoint region: CollectForMetadataAllocation
[2019-06-24T09:18:06.845+0000][1][safepoint    ] Leaving safepoint region
[2019-06-24T09:18:06.845+0000][1][safepoint    ] Total time for which application threads were stopped: 0.0001840 seconds, Stopping threads took: 0.0000145 seconds
[2019-06-24T09:18:06.885+0000][1][safepoint    ] Application time: 0.0398778 seconds
[2019-06-24T09:18:06.885+0000][1][safepoint    ] Entering safepoint region: GenCollectForAllocation
[2019-06-24T09:18:06.885+0000][1][gc,start     ] GC(10) Pause Young (Allocation Failure)
[2019-06-24T09:18:06.885+0000][1][gc,task      ] GC(10) Using 5 workers of 8 for evacuation
[2019-06-24T09:18:06.889+0000][1][gc,age       ] GC(10) Desired survivor size 4456448 bytes, new threshold 6 (max threshold 6)
[2019-06-24T09:18:06.889+0000][1][gc,age       ] GC(10) Age table with threshold 6 (max threshold 6)
[2019-06-24T09:18:06.889+0000][1][gc,age       ] GC(10) - age   1:     332384 bytes,     332384 total
[2019-06-24T09:18:06.889+0000][1][gc,age       ] GC(10) - age   2:     449400 bytes,     781784 total
[2019-06-24T09:18:06.889+0000][1][gc,age       ] GC(10) - age   3:     550344 bytes,    1332128 total
[2019-06-24T09:18:06.889+0000][1][gc,age       ] GC(10) - age   4:    1129320 bytes,    2461448 total
[2019-06-24T09:18:06.889+0000][1][gc,heap      ] GC(10) ParNew: 76984K->5355K(78656K)
[2019-06-24T09:18:06.889+0000][1][gc,heap      ] GC(10) CMS: 11414K->14007K(174784K)
[2019-06-24T09:18:06.889+0000][1][gc,metaspace ] GC(10) Metaspace: 20302K->20302K(1069056K)
[2019-06-24T09:18:06.889+0000][1][gc           ] GC(10) Pause Young (Allocation Failure) 86M->18M(247M) 4.075ms
[2019-06-24T09:18:06.889+0000][1][gc,cpu       ] GC(10) User=0.03s Sys=0.00s Real=0.00s
[2019-06-24T09:18:06.889+0000][1][safepoint    ] Leaving safepoint region
[2019-06-24T09:18:06.889+0000][1][safepoint    ] Total time for which application threads were stopped: 0.0041913 seconds, Stopping threads took: 0.0000188 seconds
[2019-06-24T09:18:06.971+0000][1][safepoint    ] Application time: 0.0819454 seconds
[2019-06-24T09:18:06.971+0000][1][safepoint    ] Entering safepoint region: GenCollectForAllocation
[2019-06-24T09:18:06.971+0000][1][gc,start     ] GC(11) Pause Young (Allocation Failure)
[2019-06-24T09:18:06.971+0000][1][gc,task      ] GC(11) Using 5 workers of 8 for evacuation
[2019-06-24T09:18:06.974+0000][1][gc,age       ] GC(11) Desired survivor size 4456448 bytes, new threshold 6 (max threshold 6)
[2019-06-24T09:18:06.974+0000][1][gc,age       ] GC(11) Age table with threshold 6 (max threshold 6)
[2019-06-24T09:18:06.974+0000][1][gc,age       ] GC(11) - age   1:    1933160 bytes,    1933160 total
[2019-06-24T09:18:06.974+0000][1][gc,age       ] GC(11) - age   2:     100440 bytes,    2033600 total
[2019-06-24T09:18:06.974+0000][1][gc,age       ] GC(11) - age   3:     449400 bytes,    2483000 total
[2019-06-24T09:18:06.974+0000][1][gc,age       ] GC(11) - age   4:     550192 bytes,    3033192 total
[2019-06-24T09:18:06.974+0000][1][gc,age       ] GC(11) - age   5:    1129032 bytes,    4162224 total
[2019-06-24T09:18:06.974+0000][1][gc,heap      ] GC(11) ParNew: 75307K->5066K(78656K)
[2019-06-24T09:18:06.974+0000][1][gc,heap      ] GC(11) CMS: 14007K->14007K(174784K)
[2019-06-24T09:18:06.974+0000][1][gc,metaspace ] GC(11) Metaspace: 20384K->20384K(1069056K)
[2019-06-24T09:18:06.974+0000][1][gc           ] GC(11) Pause Young (Allocation Failure) 87M->18M(247M) 2.773ms
[2019-06-24T09:18:06.974+0000][1][gc,cpu       ] GC(11) User=0.01s Sys=0.00s Real=0.00s
[2019-06-24T09:18:06.974+0000][1][safepoint    ] Leaving safepoint region
[2019-06-24T09:18:06.974+0000][1][safepoint    ] Total time for which application threads were stopped: 0.0029582 seconds, Stopping threads took: 0.0000613 seconds
[2019-06-24T09:18:07.018+0000][1][safepoint    ] Application time: 0.0439737 seconds
[2019-06-24T09:18:07.018+0000][1][safepoint    ] Entering safepoint region: CollectForMetadataAllocation
[2019-06-24T09:18:07.018+0000][1][safepoint    ] Leaving safepoint region
[2019-06-24T09:18:07.018+0000][1][safepoint    ] Total time for which application threads were stopped: 0.0001886 seconds, Stopping threads took: 0.0000161 seconds
[2019-06-24T09:18:07.019+0000][1][gc           ] GC(9) Concurrent Abortable Preclean 194.417ms
[2019-06-24T09:18:07.019+0000][1][gc,cpu       ] GC(9) User=0.93s Sys=0.04s Real=0.19s
[2019-06-24T09:18:07.019+0000][1][safepoint    ] Application time: 0.0007255 seconds
[2019-06-24T09:18:07.019+0000][1][safepoint    ] Entering safepoint region: CMS_Final_Remark
[2019-06-24T09:18:07.019+0000][1][gc,start     ] GC(9) Pause Remark
[2019-06-24T09:18:07.030+0000][1][gc           ] GC(9) Pause Remark 54M->54M(247M) 10.712ms
[2019-06-24T09:18:07.030+0000][1][gc,cpu       ] GC(9) User=0.04s Sys=0.00s Real=0.01s
[2019-06-24T09:18:07.030+0000][1][safepoint    ] Leaving safepoint region
[2019-06-24T09:18:07.030+0000][1][safepoint    ] Total time for which application threads were stopped: 0.0108541 seconds, Stopping threads took: 0.0000383 seconds
[2019-06-24T09:18:07.030+0000][1][gc           ] GC(9) Concurrent Sweep
[2019-06-24T09:18:07.035+0000][1][safepoint    ] Application time: 0.0052260 seconds
[2019-06-24T09:18:07.035+0000][1][safepoint    ] Entering safepoint region: Deoptimize
[2019-06-24T09:18:07.036+0000][1][safepoint    ] Leaving safepoint region
[2019-06-24T09:18:07.036+0000][1][safepoint    ] Total time for which application threads were stopped: 0.0005932 seconds, Stopping threads took: 0.0000129 seconds
[2019-06-24T09:18:07.036+0000][1][gc           ] GC(9) Concurrent Sweep 6.651ms
[2019-06-24T09:18:07.037+0000][1][gc,cpu       ] GC(9) User=0.03s Sys=0.00s Real=0.01s
[2019-06-24T09:18:07.037+0000][1][gc           ] GC(9) Concurrent Reset
[2019-06-24T09:18:07.037+0000][1][gc           ] GC(9) Concurrent Reset 0.416ms
[2019-06-24T09:18:07.037+0000][1][gc,cpu       ] GC(9) User=0.00s Sys=0.00s Real=0.00s
[2019-06-24T09:18:07.037+0000][1][gc,heap      ] GC(9) Old: 11414K->13981K(174784K)
[2019-06-24T09:18:07.337+0000][1][safepoint    ] Application time: 0.3016118 seconds
[2019-06-24T09:18:07.337+0000][1][safepoint    ] Entering safepoint region: Deoptimize
[2019-06-24T09:18:07.338+0000][1][safepoint    ] Leaving safepoint region
[2019-06-24T09:18:07.338+0000][1][safepoint    ] Total time for which application threads were stopped: 0.0005574 seconds, Stopping threads took: 0.0000115 seconds
[2019-06-24T09:18:07.347+0000][1][safepoint    ] Application time: 0.0091750 seconds
[2019-06-24T09:18:07.347+0000][1][safepoint    ] Entering safepoint region: Deoptimize
[2019-06-24T09:18:07.347+0000][1][safepoint    ] Leaving safepoint region
[2019-06-24T09:18:07.347+0000][1][safepoint    ] Total time for which application threads were stopped: 0.0003345 seconds, Stopping threads took: 0.0000175 seconds
[2019-06-24T09:18:07.351+0000][1][safepoint    ] Application time: 0.0036009 seconds
[2019-06-24T09:18:07.351+0000][1][safepoint    ] Entering safepoint region: Deoptimize
[2019-06-24T09:18:07.351+0000][1][safepoint    ] Leaving safepoint region
[2019-06-24T09:18:07.351+0000][1][safepoint    ] Total time for which application threads were stopped: 0.0002626 seconds, Stopping threads took: 0.0000114 seconds
[2019-06-24T09:18:07.459+0000][1][safepoint    ] Application time: 0.1079030 seconds
[2019-06-24T09:18:07.459+0000][1][safepoint    ] Entering safepoint region: GenCollectForAllocation
[2019-06-24T09:18:07.459+0000][1][gc,start     ] GC(12) Pause Young (Allocation Failure)
[2019-06-24T09:18:07.459+0000][1][gc,task      ] GC(12) Using 5 workers of 8 for evacuation
[2019-06-24T09:18:07.464+0000][1][gc,age       ] GC(12) Desired survivor size 4456448 bytes, new threshold 2 (max threshold 6)
[2019-06-24T09:18:07.464+0000][1][gc,age       ] GC(12) Age table with threshold 2 (max threshold 6)
[2019-06-24T09:18:07.464+0000][1][gc,age       ] GC(12) - age   1:    4134032 bytes,    4134032 total
[2019-06-24T09:18:07.464+0000][1][gc,age       ] GC(12) - age   2:     345232 bytes,    4479264 total
[2019-06-24T09:18:07.464+0000][1][gc,age       ] GC(12) - age   3:     100176 bytes,    4579440 total
[2019-06-24T09:18:07.464+0000][1][gc,age       ] GC(12) - age   4:     449304 bytes,    5028744 total
[2019-06-24T09:18:07.464+0000][1][gc,age       ] GC(12) - age   5:     544928 bytes,    5573672 total
[2019-06-24T09:18:07.464+0000][1][gc,age       ] GC(12) - age   6:    1128872 bytes,    6702544 total
[2019-06-24T09:18:07.464+0000][1][gc,heap      ] GC(12) ParNew: 75018K->8119K(78656K)
[2019-06-24T09:18:07.464+0000][1][gc,heap      ] GC(12) CMS: 13981K->13981K(174784K)
[2019-06-24T09:18:07.464+0000][1][gc,metaspace ] GC(12) Metaspace: 26238K->26238K(1073152K)
[2019-06-24T09:18:07.464+0000][1][gc           ] GC(12) Pause Young (Allocation Failure) 86M->21M(247M) 4.610ms
[2019-06-24T09:18:07.464+0000][1][gc,cpu       ] GC(12) User=0.02s Sys=0.00s Real=0.01s
[2019-06-24T09:18:07.464+0000][1][safepoint    ] Leaving safepoint region
[2019-06-24T09:18:07.464+0000][1][safepoint    ] Total time for which application threads were stopped: 0.0047605 seconds, Stopping threads took: 0.0000533 seconds
[2019-06-24T09:18:08.082+0000][1][safepoint    ] Application time: 0.6182515 seconds
[2019-06-24T09:18:08.082+0000][1][safepoint    ] Entering safepoint region: RevokeBias
[2019-06-24T09:18:08.083+0000][1][safepoint    ] Leaving safepoint region
[2019-06-24T09:18:08.083+0000][1][safepoint    ] Total time for which application threads were stopped: 0.0003490 seconds, Stopping threads took: 0.0000185 seconds
[2019-06-24T09:18:08.214+0000][1][safepoint    ] Application time: 0.1316499 seconds
[2019-06-24T09:18:08.214+0000][1][safepoint    ] Entering safepoint region: GenCollectForAllocation
[2019-06-24T09:18:08.214+0000][1][gc,start     ] GC(13) Pause Young (Allocation Failure)
[2019-06-24T09:18:08.215+0000][1][gc,task      ] GC(13) Using 5 workers of 8 for evacuation
[2019-06-24T09:18:08.234+0000][1][gc,age       ] GC(13) Desired survivor size 4456448 bytes, new threshold 1 (max threshold 6)
[2019-06-24T09:18:08.234+0000][1][gc,age       ] GC(13) Age table with threshold 1 (max threshold 6)
[2019-06-24T09:18:08.234+0000][1][gc,age       ] GC(13) - age   1:    5348032 bytes,    5348032 total
[2019-06-24T09:18:08.234+0000][1][gc,age       ] GC(13) - age   2:    3564600 bytes,    8912632 total
[2019-06-24T09:18:08.234+0000][1][gc,heap      ] GC(13) ParNew: 78071K->8704K(78656K)
[2019-06-24T09:18:08.234+0000][1][gc,heap      ] GC(13) CMS: 13981K->26265K(174784K)
[2019-06-24T09:18:08.234+0000][1][gc,metaspace ] GC(13) Metaspace: 26859K->26859K(1075200K)
[2019-06-24T09:18:08.234+0000][1][gc           ] GC(13) Pause Young (Allocation Failure) 89M->34M(247M) 19.784ms
[2019-06-24T09:18:08.234+0000][1][gc,cpu       ] GC(13) User=0.14s Sys=0.00s Real=0.02s
[2019-06-24T09:18:08.234+0000][1][safepoint    ] Leaving safepoint region
[2019-06-24T09:18:08.234+0000][1][safepoint    ] Total time for which application threads were stopped: 0.0199257 seconds, Stopping threads took: 0.0000178 seconds
[2019-06-24T09:18:08.358+0000][1][safepoint    ] Application time: 0.1233017 seconds
[2019-06-24T09:18:08.358+0000][1][safepoint    ] Entering safepoint region: Deoptimize
[2019-06-24T09:18:08.358+0000][1][safepoint    ] Leaving safepoint region
[2019-06-24T09:18:08.358+0000][1][safepoint    ] Total time for which application threads were stopped: 0.0003648 seconds, Stopping threads took: 0.0000165 seconds
[2019-06-24T09:18:08.610+0000][1][safepoint    ] Application time: 0.2520728 seconds
[2019-06-24T09:18:08.610+0000][1][safepoint    ] Entering safepoint region: GenCollectForAllocation
[2019-06-24T09:18:08.610+0000][1][gc,start     ] GC(14) Pause Young (Allocation Failure)
[2019-06-24T09:18:08.610+0000][1][gc,task      ] GC(14) Using 5 workers of 8 for evacuation
[2019-06-24T09:18:08.637+0000][1][gc,age       ] GC(14) Desired survivor size 4456448 bytes, new threshold 1 (max threshold 6)
[2019-06-24T09:18:08.637+0000][1][gc,age       ] GC(14) Age table with threshold 1 (max threshold 6)
[2019-06-24T09:18:08.637+0000][1][gc,age       ] GC(14) - age   1:    8912720 bytes,    8912720 total
[2019-06-24T09:18:08.637+0000][1][gc,heap      ] GC(14) ParNew: 78656K->8704K(78656K)
[2019-06-24T09:18:08.637+0000][1][gc,heap      ] GC(14) CMS: 26265K->39069K(174784K)
[2019-06-24T09:18:08.637+0000][1][gc,metaspace ] GC(14) Metaspace: 26976K->26976K(1075200K)
[2019-06-24T09:18:08.637+0000][1][gc           ] GC(14) Pause Young (Allocation Failure) 102M->46M(247M) 26.858ms
[2019-06-24T09:18:08.637+0000][1][gc,cpu       ] GC(14) User=0.20s Sys=0.00s Real=0.03s
[2019-06-24T09:18:08.637+0000][1][safepoint    ] Leaving safepoint region
[2019-06-24T09:18:08.637+0000][1][safepoint    ] Total time for which application threads were stopped: 0.0270122 seconds, Stopping threads took: 0.0000190 seconds
[2019-06-24T09:18:08.835+0000][1][safepoint    ] Application time: 0.1974782 seconds
[2019-06-24T09:18:08.835+0000][1][safepoint    ] Entering safepoint region: RevokeBias
[2019-06-24T09:18:08.835+0000][1][safepoint    ] Leaving safepoint region
[2019-06-24T09:18:08.835+0000][1][safepoint    ] Total time for which application threads were stopped: 0.0001332 seconds, Stopping threads took: 0.0000158 seconds
[2019-06-24T09:18:09.148+0000][1][safepoint    ] Application time: 0.3128349 seconds
[2019-06-24T09:18:09.148+0000][1][safepoint    ] Entering safepoint region: GenCollectForAllocation
[2019-06-24T09:18:09.148+0000][1][gc,start     ] GC(15) Pause Young (Allocation Failure)
[2019-06-24T09:18:09.148+0000][1][gc,task      ] GC(15) Using 5 workers of 8 for evacuation
[2019-06-24T09:18:09.163+0000][1][gc,age       ] GC(15) Desired survivor size 4456448 bytes, new threshold 1 (max threshold 6)
[2019-06-24T09:18:09.164+0000][1][gc,age       ] GC(15) Age table with threshold 1 (max threshold 6)
[2019-06-24T09:18:09.164+0000][1][gc,age       ] GC(15) - age   1:    6337440 bytes,    6337440 total
[2019-06-24T09:18:09.164+0000][1][gc,heap      ] GC(15) ParNew: 78656K->8704K(78656K)
[2019-06-24T09:18:09.164+0000][1][gc,heap      ] GC(15) CMS: 39069K->49265K(174784K)
[2019-06-24T09:18:09.164+0000][1][gc,metaspace ] GC(15) Metaspace: 32374K->32374K(1079296K)
[2019-06-24T09:18:09.164+0000][1][gc           ] GC(15) Pause Young (Allocation Failure) 114M->56M(247M) 15.740ms
[2019-06-24T09:18:09.164+0000][1][gc,cpu       ] GC(15) User=0.09s Sys=0.00s Real=0.02s
[2019-06-24T09:18:09.164+0000][1][safepoint    ] Leaving safepoint region
[2019-06-24T09:18:09.164+0000][1][safepoint    ] Total time for which application threads were stopped: 0.0159352 seconds, Stopping threads took: 0.0000155 seconds
[2019-06-24T09:18:09.278+0000][1][safepoint    ] Application time: 0.1139386 seconds
[2019-06-24T09:18:09.278+0000][1][safepoint    ] Entering safepoint region: GenCollectForAllocation
[2019-06-24T09:18:09.278+0000][1][gc,start     ] GC(16) Pause Young (Allocation Failure)
[2019-06-24T09:18:09.278+0000][1][gc,task      ] GC(16) Using 5 workers of 8 for evacuation
[2019-06-24T09:18:09.285+0000][1][gc,age       ] GC(16) Desired survivor size 4456448 bytes, new threshold 6 (max threshold 6)
[2019-06-24T09:18:09.285+0000][1][gc,age       ] GC(16) Age table with threshold 6 (max threshold 6)
[2019-06-24T09:18:09.285+0000][1][gc,age       ] GC(16) - age   1:     300736 bytes,     300736 total
[2019-06-24T09:18:09.285+0000][1][gc,heap      ] GC(16) ParNew: 78656K->6771K(78656K)
[2019-06-24T09:18:09.285+0000][1][gc,heap      ] GC(16) CMS: 49265K->55505K(174784K)
[2019-06-24T09:18:09.285+0000][1][gc,metaspace ] GC(16) Metaspace: 32793K->32793K(1079296K)
[2019-06-24T09:18:09.285+0000][1][gc           ] GC(16) Pause Young (Allocation Failure) 124M->60M(247M) 7.374ms
[2019-06-24T09:18:09.285+0000][1][gc,cpu       ] GC(16) User=0.05s Sys=0.00s Real=0.01s
[2019-06-24T09:18:09.285+0000][1][safepoint    ] Leaving safepoint region
[2019-06-24T09:18:09.285+0000][1][safepoint    ] Total time for which application threads were stopped: 0.0075229 seconds, Stopping threads took: 0.0000178 seconds
[2019-06-24T09:18:09.509+0000][1][safepoint    ] Application time: 0.2234397 seconds
[2019-06-24T09:18:09.509+0000][1][safepoint    ] Entering safepoint region: CollectForMetadataAllocation
[2019-06-24T09:18:09.509+0000][1][safepoint    ] Leaving safepoint region
[2019-06-24T09:18:09.509+0000][1][safepoint    ] Total time for which application threads were stopped: 0.0002639 seconds, Stopping threads took: 0.0000181 seconds
[2019-06-24T09:18:09.522+0000][1][safepoint    ] Application time: 0.0134454 seconds
[2019-06-24T09:18:09.522+0000][1][safepoint    ] Entering safepoint region: CollectForMetadataAllocation
[2019-06-24T09:18:09.523+0000][1][safepoint    ] Leaving safepoint region
[2019-06-24T09:18:09.523+0000][1][safepoint    ] Total time for which application threads were stopped: 0.0002208 seconds, Stopping threads took: 0.0000155 seconds
[2019-06-24T09:18:09.538+0000][1][safepoint    ] Application time: 0.0157550 seconds
[2019-06-24T09:18:09.538+0000][1][safepoint    ] Entering safepoint region: CollectForMetadataAllocation
[2019-06-24T09:18:09.539+0000][1][safepoint    ] Leaving safepoint region
[2019-06-24T09:18:09.539+0000][1][safepoint    ] Total time for which application threads were stopped: 0.0002294 seconds, Stopping threads took: 0.0000160 seconds
[2019-06-24T09:18:09.551+0000][1][safepoint    ] Application time: 0.0122643 seconds
[2019-06-24T09:18:09.551+0000][1][safepoint    ] Entering safepoint region: CollectForMetadataAllocation
[2019-06-24T09:18:09.551+0000][1][safepoint    ] Leaving safepoint region
[2019-06-24T09:18:09.551+0000][1][safepoint    ] Total time for which application threads were stopped: 0.0001848 seconds, Stopping threads took: 0.0000151 seconds
[2019-06-24T09:18:09.580+0000][1][safepoint    ] Application time: 0.0292118 seconds
[2019-06-24T09:18:09.580+0000][1][safepoint    ] Entering safepoint region: CollectForMetadataAllocation
[2019-06-24T09:18:09.581+0000][1][safepoint    ] Leaving safepoint region
[2019-06-24T09:18:09.581+0000][1][safepoint    ] Total time for which application threads were stopped: 0.0001547 seconds, Stopping threads took: 0.0000177 seconds
[2019-06-24T09:18:09.601+0000][1][safepoint    ] Application time: 0.0199265 seconds
[2019-06-24T09:18:09.601+0000][1][safepoint    ] Entering safepoint region: CollectForMetadataAllocation
[2019-06-24T09:18:09.601+0000][1][safepoint    ] Leaving safepoint region
[2019-06-24T09:18:09.601+0000][1][safepoint    ] Total time for which application threads were stopped: 0.0001822 seconds, Stopping threads took: 0.0000248 seconds
[2019-06-24T09:18:09.619+0000][1][safepoint    ] Application time: 0.0178699 seconds
[2019-06-24T09:18:09.619+0000][1][safepoint    ] Entering safepoint region: CollectForMetadataAllocation
[2019-06-24T09:18:09.619+0000][1][safepoint    ] Leaving safepoint region
[2019-06-24T09:18:09.619+0000][1][safepoint    ] Total time for which application threads were stopped: 0.0001499 seconds, Stopping threads took: 0.0000122 seconds
[2019-06-24T09:18:09.634+0000][1][safepoint    ] Application time: 0.0154556 seconds
[2019-06-24T09:18:09.634+0000][1][safepoint    ] Entering safepoint region: CollectForMetadataAllocation
[2019-06-24T09:18:09.635+0000][1][safepoint    ] Leaving safepoint region
[2019-06-24T09:18:09.635+0000][1][safepoint    ] Total time for which application threads were stopped: 0.0002368 seconds, Stopping threads took: 0.0000337 seconds
[2019-06-24T09:18:09.644+0000][1][safepoint    ] Application time: 0.0090520 seconds
[2019-06-24T09:18:09.644+0000][1][safepoint    ] Entering safepoint region: RevokeBias
[2019-06-24T09:18:09.644+0000][1][safepoint    ] Leaving safepoint region
[2019-06-24T09:18:09.644+0000][1][safepoint    ] Total time for which application threads were stopped: 0.0001001 seconds, Stopping threads took: 0.0000118 seconds
[2019-06-24T09:18:09.674+0000][1][safepoint    ] Application time: 0.0305027 seconds
[2019-06-24T09:18:09.674+0000][1][safepoint    ] Entering safepoint region: CollectForMetadataAllocation
[2019-06-24T09:18:09.675+0000][1][safepoint    ] Leaving safepoint region
[2019-06-24T09:18:09.675+0000][1][safepoint    ] Total time for which application threads were stopped: 0.0002914 seconds, Stopping threads took: 0.0001090 seconds
[2019-06-24T09:18:09.691+0000][1][safepoint    ] Application time: 0.0159408 seconds
[2019-06-24T09:18:09.691+0000][1][safepoint    ] Entering safepoint region: CollectForMetadataAllocation
[2019-06-24T09:18:09.691+0000][1][safepoint    ] Leaving safepoint region
[2019-06-24T09:18:09.691+0000][1][safepoint    ] Total time for which application threads were stopped: 0.0001536 seconds, Stopping threads took: 0.0000111 seconds
[2019-06-24T09:18:09.710+0000][1][safepoint    ] Application time: 0.0189386 seconds
[2019-06-24T09:18:09.710+0000][1][safepoint    ] Entering safepoint region: CollectForMetadataAllocation
[2019-06-24T09:18:09.710+0000][1][safepoint    ] Leaving safepoint region
[2019-06-24T09:18:09.710+0000][1][safepoint    ] Total time for which application threads were stopped: 0.0002120 seconds, Stopping threads took: 0.0000144 seconds
[2019-06-24T09:18:09.725+0000][1][safepoint    ] Application time: 0.0152609 seconds
[2019-06-24T09:18:09.725+0000][1][safepoint    ] Entering safepoint region: CollectForMetadataAllocation
[2019-06-24T09:18:09.725+0000][1][safepoint    ] Leaving safepoint region
[2019-06-24T09:18:09.725+0000][1][safepoint    ] Total time for which application threads were stopped: 0.0001608 seconds, Stopping threads took: 0.0000112 seconds
[2019-06-24T09:18:09.746+0000][1][safepoint    ] Application time: 0.0202497 seconds
[2019-06-24T09:18:09.746+0000][1][safepoint    ] Entering safepoint region: CollectForMetadataAllocation
[2019-06-24T09:18:09.746+0000][1][safepoint    ] Leaving safepoint region
[2019-06-24T09:18:09.746+0000][1][safepoint    ] Total time for which application threads were stopped: 0.0001715 seconds, Stopping threads took: 0.0000117 seconds
[2019-06-24T09:18:09.764+0000][1][safepoint    ] Application time: 0.0182038 seconds
[2019-06-24T09:18:09.764+0000][1][safepoint    ] Entering safepoint region: CollectForMetadataAllocation
[2019-06-24T09:18:09.764+0000][1][safepoint    ] Leaving safepoint region
[2019-06-24T09:18:09.764+0000][1][safepoint    ] Total time for which application threads were stopped: 0.0001497 seconds, Stopping threads took: 0.0000108 seconds
[2019-06-24T09:18:09.784+0000][1][safepoint    ] Application time: 0.0202145 seconds
[2019-06-24T09:18:09.785+0000][1][safepoint    ] Entering safepoint region: CollectForMetadataAllocation
[2019-06-24T09:18:09.785+0000][1][safepoint    ] Leaving safepoint region
[2019-06-24T09:18:09.785+0000][1][safepoint    ] Total time for which application threads were stopped: 0.0004395 seconds, Stopping threads took: 0.0003002 seconds
[2019-06-24T09:18:09.802+0000][1][safepoint    ] Application time: 0.0170297 seconds
[2019-06-24T09:18:09.802+0000][1][safepoint    ] Entering safepoint region: CollectForMetadataAllocation
[2019-06-24T09:18:09.802+0000][1][safepoint    ] Leaving safepoint region
[2019-06-24T09:18:09.802+0000][1][safepoint    ] Total time for which application threads were stopped: 0.0001433 seconds, Stopping threads took: 0.0000101 seconds
[2019-06-24T09:18:09.816+0000][1][safepoint    ] Application time: 0.0140830 seconds
[2019-06-24T09:18:09.816+0000][1][safepoint    ] Entering safepoint region: CollectForMetadataAllocation
[2019-06-24T09:18:09.816+0000][1][safepoint    ] Leaving safepoint region
[2019-06-24T09:18:09.816+0000][1][safepoint    ] Total time for which application threads were stopped: 0.0001443 seconds, Stopping threads took: 0.0000105 seconds
[2019-06-24T09:18:09.832+0000][1][safepoint    ] Application time: 0.0157144 seconds
[2019-06-24T09:18:09.832+0000][1][safepoint    ] Entering safepoint region: CollectForMetadataAllocation
[2019-06-24T09:18:09.832+0000][1][safepoint    ] Leaving safepoint region
[2019-06-24T09:18:09.832+0000][1][safepoint    ] Total time for which application threads were stopped: 0.0001168 seconds, Stopping threads took: 0.0000107 seconds
[2019-06-24T09:18:09.845+0000][1][safepoint    ] Application time: 0.0128594 seconds
[2019-06-24T09:18:09.845+0000][1][safepoint    ] Entering safepoint region: CollectForMetadataAllocation
[2019-06-24T09:18:09.845+0000][1][safepoint    ] Leaving safepoint region
[2019-06-24T09:18:09.845+0000][1][safepoint    ] Total time for which application threads were stopped: 0.0001642 seconds, Stopping threads took: 0.0000365 seconds
[2019-06-24T09:18:09.862+0000][1][safepoint    ] Application time: 0.0168613 seconds
[2019-06-24T09:18:09.862+0000][1][safepoint    ] Entering safepoint region: CollectForMetadataAllocation
[2019-06-24T09:18:09.862+0000][1][safepoint    ] Leaving safepoint region
[2019-06-24T09:18:09.862+0000][1][safepoint    ] Total time for which application threads were stopped: 0.0001324 seconds, Stopping threads took: 0.0000109 seconds
[2019-06-24T09:18:09.893+0000][1][safepoint    ] Application time: 0.0307656 seconds
[2019-06-24T09:18:09.893+0000][1][safepoint    ] Entering safepoint region: CollectForMetadataAllocation
[2019-06-24T09:18:09.893+0000][1][safepoint    ] Leaving safepoint region
[2019-06-24T09:18:09.893+0000][1][safepoint    ] Total time for which application threads were stopped: 0.0001157 seconds, Stopping threads took: 0.0000261 seconds
[2019-06-24T09:18:09.910+0000][1][safepoint    ] Application time: 0.0168183 seconds
[2019-06-24T09:18:09.910+0000][1][safepoint    ] Entering safepoint region: CollectForMetadataAllocation
[2019-06-24T09:18:09.910+0000][1][safepoint    ] Leaving safepoint region
[2019-06-24T09:18:09.910+0000][1][safepoint    ] Total time for which application threads were stopped: 0.0001695 seconds, Stopping threads took: 0.0000364 seconds
[2019-06-24T09:18:09.931+0000][1][safepoint    ] Application time: 0.0209242 seconds
[2019-06-24T09:18:09.931+0000][1][safepoint    ] Entering safepoint region: CollectForMetadataAllocation
[2019-06-24T09:18:09.931+0000][1][safepoint    ] Leaving safepoint region
[2019-06-24T09:18:09.931+0000][1][safepoint    ] Total time for which application threads were stopped: 0.0001348 seconds, Stopping threads took: 0.0000116 seconds
[2019-06-24T09:18:09.945+0000][1][safepoint    ] Application time: 0.0134444 seconds
[2019-06-24T09:18:09.945+0000][1][safepoint    ] Entering safepoint region: CollectForMetadataAllocation
[2019-06-24T09:18:09.945+0000][1][safepoint    ] Leaving safepoint region
[2019-06-24T09:18:09.945+0000][1][safepoint    ] Total time for which application threads were stopped: 0.0001736 seconds, Stopping threads took: 0.0000211 seconds
[2019-06-24T09:18:09.963+0000][1][safepoint    ] Application time: 0.0180388 seconds
[2019-06-24T09:18:09.963+0000][1][safepoint    ] Entering safepoint region: CollectForMetadataAllocation
[2019-06-24T09:18:09.963+0000][1][safepoint    ] Leaving safepoint region
[2019-06-24T09:18:09.963+0000][1][safepoint    ] Total time for which application threads were stopped: 0.0001458 seconds, Stopping threads took: 0.0000098 seconds
[2019-06-24T09:18:09.964+0000][1][safepoint    ] Application time: 0.0010657 seconds
[2019-06-24T09:18:09.964+0000][1][safepoint    ] Entering safepoint region: RevokeBias
[2019-06-24T09:18:09.964+0000][1][safepoint    ] Leaving safepoint region
[2019-06-24T09:18:09.964+0000][1][safepoint    ] Total time for which application threads were stopped: 0.0000680 seconds, Stopping threads took: 0.0000253 seconds
[2019-06-24T09:18:09.965+0000][1][safepoint    ] Application time: 0.0000941 seconds
[2019-06-24T09:18:09.965+0000][1][safepoint    ] Entering safepoint region: RevokeBias
[2019-06-24T09:18:09.965+0000][1][safepoint    ] Leaving safepoint region
[2019-06-24T09:18:09.965+0000][1][safepoint    ] Total time for which application threads were stopped: 0.0000518 seconds, Stopping threads took: 0.0000228 seconds
[2019-06-24T09:18:09.982+0000][1][safepoint    ] Application time: 0.0169853 seconds
[2019-06-24T09:18:09.982+0000][1][safepoint    ] Entering safepoint region: CollectForMetadataAllocation
[2019-06-24T09:18:09.982+0000][1][safepoint    ] Leaving safepoint region
[2019-06-24T09:18:09.982+0000][1][safepoint    ] Total time for which application threads were stopped: 0.0001635 seconds, Stopping threads took: 0.0000106 seconds
[2019-06-24T09:18:10.266+0000][1][safepoint    ] Application time: 0.2841609 seconds
[2019-06-24T09:18:10.266+0000][1][safepoint    ] Entering safepoint region: CollectForMetadataAllocation
[2019-06-24T09:18:10.266+0000][1][safepoint    ] Leaving safepoint region
[2019-06-24T09:18:10.266+0000][1][safepoint    ] Total time for which application threads were stopped: 0.0001610 seconds, Stopping threads took: 0.0000109 seconds
[2019-06-24T09:18:10.431+0000][1][safepoint    ] Application time: 0.1647198 seconds
[2019-06-24T09:18:10.431+0000][1][safepoint    ] Entering safepoint region: CollectForMetadataAllocation
[2019-06-24T09:18:10.431+0000][1][safepoint    ] Leaving safepoint region
[2019-06-24T09:18:10.431+0000][1][safepoint    ] Total time for which application threads were stopped: 0.0001432 seconds, Stopping threads took: 0.0000100 seconds
[2019-06-24T09:18:10.432+0000][1][safepoint    ] Application time: 0.0013379 seconds
[2019-06-24T09:18:10.432+0000][1][safepoint    ] Entering safepoint region: GenCollectForAllocation
[2019-06-24T09:18:10.432+0000][1][gc,start     ] GC(17) Pause Young (Allocation Failure)
[2019-06-24T09:18:10.433+0000][1][gc,task      ] GC(17) Using 5 workers of 8 for evacuation
[2019-06-24T09:18:10.436+0000][1][gc,age       ] GC(17) Desired survivor size 4456448 bytes, new threshold 6 (max threshold 6)
[2019-06-24T09:18:10.436+0000][1][gc,age       ] GC(17) Age table with threshold 6 (max threshold 6)
[2019-06-24T09:18:10.436+0000][1][gc,age       ] GC(17) - age   1:    3973000 bytes,    3973000 total
[2019-06-24T09:18:10.436+0000][1][gc,age       ] GC(17) - age   2:     262144 bytes,    4235144 total
[2019-06-24T09:18:10.436+0000][1][gc,heap      ] GC(17) ParNew: 76723K->4894K(78656K)
[2019-06-24T09:18:10.436+0000][1][gc,heap      ] GC(17) CMS: 55505K->55505K(174784K)
[2019-06-24T09:18:10.436+0000][1][gc,metaspace ] GC(17) Metaspace: 42317K->42317K(1089536K)
[2019-06-24T09:18:10.436+0000][1][gc           ] GC(17) Pause Young (Allocation Failure) 129M->58M(247M) 3.740ms
[2019-06-24T09:18:10.436+0000][1][gc,cpu       ] GC(17) User=0.02s Sys=0.00s Real=0.01s
[2019-06-24T09:18:10.436+0000][1][safepoint    ] Leaving safepoint region
[2019-06-24T09:18:10.436+0000][1][safepoint    ] Total time for which application threads were stopped: 0.0038267 seconds, Stopping threads took: 0.0000075 seconds
[2019-06-24T09:18:10.436+0000][1][safepoint    ] Application time: 0.0000834 seconds
[2019-06-24T09:18:10.436+0000][1][safepoint    ] Entering safepoint region: CMS_Initial_Mark
[2019-06-24T09:18:10.437+0000][1][gc,start     ] GC(18) Pause Initial Mark
[2019-06-24T09:18:10.438+0000][1][gc           ] GC(18) Pause Initial Mark 60M->60M(247M) 1.084ms
[2019-06-24T09:18:10.438+0000][1][gc,cpu       ] GC(18) User=0.00s Sys=0.00s Real=0.00s
[2019-06-24T09:18:10.438+0000][1][safepoint    ] Leaving safepoint region
[2019-06-24T09:18:10.438+0000][1][safepoint    ] Total time for which application threads were stopped: 0.0012561 seconds, Stopping threads took: 0.0001179 seconds
[2019-06-24T09:18:10.438+0000][1][gc           ] GC(18) Concurrent Mark
[2019-06-24T09:18:10.438+0000][1][gc,task      ] GC(18) Using 2 workers of 2 for marking
[2019-06-24T09:18:10.439+0000][1][safepoint    ] Application time: 0.0013788 seconds
[2019-06-24T09:18:10.439+0000][1][safepoint    ] Entering safepoint region: RevokeBias
[2019-06-24T09:18:10.439+0000][1][safepoint    ] Leaving safepoint region
[2019-06-24T09:18:10.439+0000][1][safepoint    ] Total time for which application threads were stopped: 0.0000339 seconds, Stopping threads took: 0.0000085 seconds
[2019-06-24T09:18:10.455+0000][1][safepoint    ] Application time: 0.0158663 seconds
[2019-06-24T09:18:10.455+0000][1][safepoint    ] Entering safepoint region: CollectForMetadataAllocation
[2019-06-24T09:18:10.455+0000][1][safepoint    ] Leaving safepoint region
[2019-06-24T09:18:10.455+0000][1][safepoint    ] Total time for which application threads were stopped: 0.0001070 seconds, Stopping threads took: 0.0000103 seconds
[2019-06-24T09:18:10.492+0000][1][gc           ] GC(18) Concurrent Mark 54.768ms
[2019-06-24T09:18:10.493+0000][1][gc,cpu       ] GC(18) User=0.29s Sys=0.01s Real=0.05s
[2019-06-24T09:18:10.493+0000][1][gc           ] GC(18) Concurrent Preclean
[2019-06-24T09:18:10.495+0000][1][gc           ] GC(18) Concurrent Preclean 1.978ms
[2019-06-24T09:18:10.495+0000][1][gc,cpu       ] GC(18) User=0.02s Sys=0.00s Real=0.01s
[2019-06-24T09:18:10.495+0000][1][gc           ] GC(18) Concurrent Abortable Preclean
[2019-06-24T09:18:10.645+0000][1][safepoint    ] Application time: 0.1902185 seconds
[2019-06-24T09:18:10.645+0000][1][safepoint    ] Entering safepoint region: CollectForMetadataAllocation
[2019-06-24T09:18:10.646+0000][1][safepoint    ] Leaving safepoint region
[2019-06-24T09:18:10.646+0000][1][safepoint    ] Total time for which application threads were stopped: 0.0002470 seconds, Stopping threads took: 0.0000209 seconds
[2019-06-24T09:18:10.665+0000][1][safepoint    ] Application time: 0.0198073 seconds
[2019-06-24T09:18:10.665+0000][1][safepoint    ] Entering safepoint region: CollectForMetadataAllocation
[2019-06-24T09:18:10.666+0000][1][safepoint    ] Leaving safepoint region
[2019-06-24T09:18:10.666+0000][1][safepoint    ] Total time for which application threads were stopped: 0.0001887 seconds, Stopping threads took: 0.0000152 seconds
[2019-06-24T09:18:10.679+0000][1][safepoint    ] Application time: 0.0131205 seconds
[2019-06-24T09:18:10.679+0000][1][safepoint    ] Entering safepoint region: CollectForMetadataAllocation
[2019-06-24T09:18:10.679+0000][1][safepoint    ] Leaving safepoint region
[2019-06-24T09:18:10.679+0000][1][safepoint    ] Total time for which application threads were stopped: 0.0001972 seconds, Stopping threads took: 0.0000152 seconds
[2019-06-24T09:18:10.707+0000][1][safepoint    ] Application time: 0.0276505 seconds
[2019-06-24T09:18:10.707+0000][1][safepoint    ] Entering safepoint region: CollectForMetadataAllocation
[2019-06-24T09:18:10.707+0000][1][safepoint    ] Leaving safepoint region
[2019-06-24T09:18:10.707+0000][1][safepoint    ] Total time for which application threads were stopped: 0.0001876 seconds, Stopping threads took: 0.0000147 seconds
[2019-06-24T09:18:10.734+0000][1][gc           ] GC(18) Concurrent Abortable Preclean 239.401ms
[2019-06-24T09:18:10.734+0000][1][gc,cpu       ] GC(18) User=1.13s Sys=0.01s Real=0.23s
[2019-06-24T09:18:10.734+0000][1][safepoint    ] Application time: 0.0271628 seconds
[2019-06-24T09:18:10.734+0000][1][safepoint    ] Entering safepoint region: CMS_Final_Remark
[2019-06-24T09:18:10.734+0000][1][gc,start     ] GC(18) Pause Remark
[2019-06-24T09:18:10.751+0000][1][gc           ] GC(18) Pause Remark 95M->95M(247M) 16.697ms
[2019-06-24T09:18:10.751+0000][1][gc,cpu       ] GC(18) User=0.08s Sys=0.00s Real=0.02s
[2019-06-24T09:18:10.751+0000][1][safepoint    ] Leaving safepoint region
[2019-06-24T09:18:10.751+0000][1][safepoint    ] Total time for which application threads were stopped: 0.0168417 seconds, Stopping threads took: 0.0000304 seconds
[2019-06-24T09:18:10.751+0000][1][gc           ] GC(18) Concurrent Sweep
[2019-06-24T09:18:10.757+0000][1][safepoint    ] Application time: 0.0060909 seconds
[2019-06-24T09:18:10.758+0000][1][safepoint    ] Entering safepoint region: CollectForMetadataAllocation
[2019-06-24T09:18:10.758+0000][1][safepoint    ] Leaving safepoint region
[2019-06-24T09:18:10.758+0000][1][safepoint    ] Total time for which application threads were stopped: 0.0013987 seconds, Stopping threads took: 0.0005839 seconds
[2019-06-24T09:18:10.784+0000][1][gc           ] GC(18) Concurrent Sweep 33.126ms
[2019-06-24T09:18:10.784+0000][1][gc,cpu       ] GC(18) User=0.16s Sys=0.00s Real=0.04s
[2019-06-24T09:18:10.784+0000][1][gc           ] GC(18) Concurrent Reset
[2019-06-24T09:18:10.785+0000][1][gc           ] GC(18) Concurrent Reset 0.367ms
[2019-06-24T09:18:10.785+0000][1][gc,cpu       ] GC(18) User=0.00s Sys=0.00s Real=0.00s
[2019-06-24T09:18:10.785+0000][1][gc,heap      ] GC(18) Old: 55505K->55288K(174784K)
[2019-06-24T09:18:10.808+0000][1][safepoint    ] Application time: 0.0492695 seconds
[2019-06-24T09:18:10.808+0000][1][safepoint    ] Entering safepoint region: RevokeBias
[2019-06-24T09:18:10.808+0000][1][safepoint    ] Leaving safepoint region
[2019-06-24T09:18:10.808+0000][1][safepoint    ] Total time for which application threads were stopped: 0.0000848 seconds, Stopping threads took: 0.0000133 seconds
[2019-06-24T09:18:10.813+0000][1][safepoint    ] Application time: 0.0048137 seconds
[2019-06-24T09:18:10.813+0000][1][safepoint    ] Entering safepoint region: RevokeBias
[2019-06-24T09:18:10.813+0000][1][safepoint    ] Leaving safepoint region
[2019-06-24T09:18:10.813+0000][1][safepoint    ] Total time for which application threads were stopped: 0.0000656 seconds, Stopping threads took: 0.0000112 seconds
[2019-06-24T09:18:10.978+0000][1][safepoint    ] Application time: 0.1652017 seconds
[2019-06-24T09:18:10.978+0000][1][safepoint    ] Entering safepoint region: RevokeBias
[2019-06-24T09:18:10.979+0000][1][safepoint    ] Leaving safepoint region
[2019-06-24T09:18:10.979+0000][1][safepoint    ] Total time for which application threads were stopped: 0.0004892 seconds, Stopping threads took: 0.0000667 seconds
[2019-06-24T09:18:10.979+0000][1][safepoint    ] Application time: 0.0000650 seconds
[2019-06-24T09:18:10.979+0000][1][safepoint    ] Entering safepoint region: RevokeBias
[2019-06-24T09:18:10.979+0000][1][safepoint    ] Leaving safepoint region
[2019-06-24T09:18:10.979+0000][1][safepoint    ] Total time for which application threads were stopped: 0.0000832 seconds, Stopping threads took: 0.0000241 seconds
[2019-06-24T09:18:10.979+0000][1][safepoint    ] Application time: 0.0001739 seconds
[2019-06-24T09:18:10.979+0000][1][safepoint    ] Entering safepoint region: RevokeBias
[2019-06-24T09:18:10.979+0000][1][safepoint    ] Leaving safepoint region
[2019-06-24T09:18:10.979+0000][1][safepoint    ] Total time for which application threads were stopped: 0.0004216 seconds, Stopping threads took: 0.0003607 seconds
[2019-06-24T09:18:10.979+0000][1][safepoint    ] Application time: 0.0000590 seconds
[2019-06-24T09:18:10.980+0000][1][safepoint    ] Entering safepoint region: RevokeBias
[2019-06-24T09:18:10.980+0000][1][safepoint    ] Leaving safepoint region
[2019-06-24T09:18:10.980+0000][1][safepoint    ] Total time for which application threads were stopped: 0.0003837 seconds, Stopping threads took: 0.0003117 seconds
[2019-06-24T09:18:11.045+0000][1][safepoint    ] Application time: 0.0650976 seconds
[2019-06-24T09:18:11.045+0000][1][safepoint    ] Entering safepoint region: RevokeBias
[2019-06-24T09:18:11.045+0000][1][safepoint    ] Leaving safepoint region
[2019-06-24T09:18:11.045+0000][1][safepoint    ] Total time for which application threads were stopped: 0.0000932 seconds, Stopping threads took: 0.0000159 seconds
[2019-06-24T09:18:11.045+0000][1][safepoint    ] Application time: 0.0000711 seconds
[2019-06-24T09:18:11.045+0000][1][safepoint    ] Entering safepoint region: RevokeBias
[2019-06-24T09:18:11.045+0000][1][safepoint    ] Leaving safepoint region
[2019-06-24T09:18:11.045+0000][1][safepoint    ] Total time for which application threads were stopped: 0.0000642 seconds, Stopping threads took: 0.0000132 seconds
[2019-06-24T09:18:11.045+0000][1][safepoint    ] Application time: 0.0000482 seconds
[2019-06-24T09:18:11.045+0000][1][safepoint    ] Entering safepoint region: RevokeBias
[2019-06-24T09:18:11.045+0000][1][safepoint    ] Leaving safepoint region
[2019-06-24T09:18:11.045+0000][1][safepoint    ] Total time for which application threads were stopped: 0.0000909 seconds, Stopping threads took: 0.0000373 seconds
[2019-06-24T09:18:11.045+0000][1][safepoint    ] Application time: 0.0001009 seconds
[2019-06-24T09:18:11.046+0000][1][safepoint    ] Entering safepoint region: RevokeBias
[2019-06-24T09:18:11.046+0000][1][safepoint    ] Leaving safepoint region
[2019-06-24T09:18:11.046+0000][1][safepoint    ] Total time for which application threads were stopped: 0.0004352 seconds, Stopping threads took: 0.0003827 seconds
[2019-06-24T09:18:11.046+0000][1][safepoint    ] Application time: 0.0003947 seconds
[2019-06-24T09:18:11.046+0000][1][safepoint    ] Entering safepoint region: RevokeBias
[2019-06-24T09:18:11.046+0000][1][safepoint    ] Leaving safepoint region
[2019-06-24T09:18:11.046+0000][1][safepoint    ] Total time for which application threads were stopped: 0.0000727 seconds, Stopping threads took: 0.0000112 seconds
[2019-06-24T09:18:11.047+0000][1][safepoint    ] Application time: 0.0001143 seconds
[2019-06-24T09:18:11.047+0000][1][safepoint    ] Entering safepoint region: RevokeBias
[2019-06-24T09:18:11.047+0000][1][safepoint    ] Leaving safepoint region
[2019-06-24T09:18:11.047+0000][1][safepoint    ] Total time for which application threads were stopped: 0.0001605 seconds, Stopping threads took: 0.0001083 seconds
[2019-06-24T09:18:11.047+0000][1][safepoint    ] Application time: 0.0001377 seconds
[2019-06-24T09:18:11.047+0000][1][safepoint    ] Entering safepoint region: RevokeBias
[2019-06-24T09:18:11.047+0000][1][safepoint    ] Leaving safepoint region
[2019-06-24T09:18:11.047+0000][1][safepoint    ] Total time for which application threads were stopped: 0.0000718 seconds, Stopping threads took: 0.0000427 seconds
[2019-06-24T09:18:11.047+0000][1][safepoint    ] Application time: 0.0000346 seconds
[2019-06-24T09:18:11.047+0000][1][safepoint    ] Entering safepoint region: RevokeBias
[2019-06-24T09:18:11.047+0000][1][safepoint    ] Leaving safepoint region
[2019-06-24T09:18:11.047+0000][1][safepoint    ] Total time for which application threads were stopped: 0.0000689 seconds, Stopping threads took: 0.0000327 seconds
[2019-06-24T09:18:11.047+0000][1][safepoint    ] Application time: 0.0000328 seconds
[2019-06-24T09:18:11.047+0000][1][safepoint    ] Entering safepoint region: RevokeBias
[2019-06-24T09:18:11.047+0000][1][safepoint    ] Leaving safepoint region
[2019-06-24T09:18:11.047+0000][1][safepoint    ] Total time for which application threads were stopped: 0.0000515 seconds, Stopping threads took: 0.0000217 seconds
[2019-06-24T09:18:11.047+0000][1][safepoint    ] Application time: 0.0000342 seconds
[2019-06-24T09:18:11.047+0000][1][safepoint    ] Entering safepoint region: RevokeBias
[2019-06-24T09:18:11.047+0000][1][safepoint    ] Leaving safepoint region
[2019-06-24T09:18:11.047+0000][1][safepoint    ] Total time for which application threads were stopped: 0.0000587 seconds, Stopping threads took: 0.0000271 seconds
[2019-06-24T09:18:11.047+0000][1][safepoint    ] Application time: 0.0000349 seconds
[2019-06-24T09:18:11.047+0000][1][safepoint    ] Entering safepoint region: RevokeBias
[2019-06-24T09:18:11.047+0000][1][safepoint    ] Leaving safepoint region
[2019-06-24T09:18:11.047+0000][1][safepoint    ] Total time for which application threads were stopped: 0.0000475 seconds, Stopping threads took: 0.0000252 seconds
[2019-06-24T09:18:11.047+0000][1][safepoint    ] Application time: 0.0000339 seconds
[2019-06-24T09:18:11.047+0000][1][safepoint    ] Entering safepoint region: RevokeBias
[2019-06-24T09:18:11.047+0000][1][safepoint    ] Leaving safepoint region
[2019-06-24T09:18:11.047+0000][1][safepoint    ] Total time for which application threads were stopped: 0.0000332 seconds, Stopping threads took: 0.0000062 seconds
[2019-06-24T09:18:11.047+0000][1][safepoint    ] Application time: 0.0000333 seconds
[2019-06-24T09:18:11.048+0000][1][safepoint    ] Entering safepoint region: RevokeBias
[2019-06-24T09:18:11.048+0000][1][safepoint    ] Leaving safepoint region
[2019-06-24T09:18:11.048+0000][1][safepoint    ] Total time for which application threads were stopped: 0.0000595 seconds, Stopping threads took: 0.0000334 seconds
[2019-06-24T09:18:11.048+0000][1][safepoint    ] Application time: 0.0000322 seconds
[2019-06-24T09:18:11.048+0000][1][safepoint    ] Entering safepoint region: RevokeBias
[2019-06-24T09:18:11.048+0000][1][safepoint    ] Leaving safepoint region
[2019-06-24T09:18:11.048+0000][1][safepoint    ] Total time for which application threads were stopped: 0.0000323 seconds, Stopping threads took: 0.0000062 seconds
[2019-06-24T09:18:11.048+0000][1][safepoint    ] Application time: 0.0000325 seconds
[2019-06-24T09:18:11.048+0000][1][safepoint    ] Entering safepoint region: RevokeBias
[2019-06-24T09:18:11.048+0000][1][safepoint    ] Leaving safepoint region
[2019-06-24T09:18:11.048+0000][1][safepoint    ] Total time for which application threads were stopped: 0.0000316 seconds, Stopping threads took: 0.0000060 seconds
[2019-06-24T09:18:11.048+0000][1][safepoint    ] Application time: 0.0000321 seconds
[2019-06-24T09:18:11.048+0000][1][safepoint    ] Entering safepoint region: RevokeBias
[2019-06-24T09:18:11.048+0000][1][safepoint    ] Leaving safepoint region
[2019-06-24T09:18:11.048+0000][1][safepoint    ] Total time for which application threads were stopped: 0.0000321 seconds, Stopping threads took: 0.0000061 seconds
[2019-06-24T09:18:11.048+0000][1][safepoint    ] Application time: 0.0000325 seconds
[2019-06-24T09:18:11.048+0000][1][safepoint    ] Entering safepoint region: RevokeBias
[2019-06-24T09:18:11.048+0000][1][safepoint    ] Leaving safepoint region
[2019-06-24T09:18:11.048+0000][1][safepoint    ] Total time for which application threads were stopped: 0.0000330 seconds, Stopping threads took: 0.0000060 seconds
[2019-06-24T09:18:11.048+0000][1][safepoint    ] Application time: 0.0000322 seconds
[2019-06-24T09:18:11.048+0000][1][safepoint    ] Entering safepoint region: RevokeBias
[2019-06-24T09:18:11.048+0000][1][safepoint    ] Leaving safepoint region
[2019-06-24T09:18:11.048+0000][1][safepoint    ] Total time for which application threads were stopped: 0.0000322 seconds, Stopping threads took: 0.0000061 seconds
[2019-06-24T09:18:11.048+0000][1][safepoint    ] Application time: 0.0000327 seconds
[2019-06-24T09:18:11.048+0000][1][safepoint    ] Entering safepoint region: RevokeBias
[2019-06-24T09:18:11.048+0000][1][safepoint    ] Leaving safepoint region
[2019-06-24T09:18:11.048+0000][1][safepoint    ] Total time for which application threads were stopped: 0.0000319 seconds, Stopping threads took: 0.0000061 seconds
[2019-06-24T09:18:11.048+0000][1][safepoint    ] Application time: 0.0000325 seconds
[2019-06-24T09:18:11.048+0000][1][safepoint    ] Entering safepoint region: RevokeBias
[2019-06-24T09:18:11.048+0000][1][safepoint    ] Leaving safepoint region
[2019-06-24T09:18:11.048+0000][1][safepoint    ] Total time for which application threads were stopped: 0.0000392 seconds, Stopping threads took: 0.0000094 seconds
[2019-06-24T09:18:11.048+0000][1][safepoint    ] Application time: 0.0000332 seconds
[2019-06-24T09:18:11.048+0000][1][safepoint    ] Entering safepoint region: RevokeBias
[2019-06-24T09:18:11.048+0000][1][safepoint    ] Leaving safepoint region
[2019-06-24T09:18:11.048+0000][1][safepoint    ] Total time for which application threads were stopped: 0.0000323 seconds, Stopping threads took: 0.0000062 seconds
[2019-06-24T09:18:11.048+0000][1][safepoint    ] Application time: 0.0000286 seconds
[2019-06-24T09:18:11.048+0000][1][safepoint    ] Entering safepoint region: RevokeBias
[2019-06-24T09:18:11.048+0000][1][safepoint    ] Leaving safepoint region
[2019-06-24T09:18:11.048+0000][1][safepoint    ] Total time for which application threads were stopped: 0.0000319 seconds, Stopping threads took: 0.0000060 seconds
[2019-06-24T09:18:11.048+0000][1][safepoint    ] Application time: 0.0000322 seconds
[2019-06-24T09:18:11.048+0000][1][safepoint    ] Entering safepoint region: RevokeBias
[2019-06-24T09:18:11.048+0000][1][safepoint    ] Leaving safepoint region
[2019-06-24T09:18:11.048+0000][1][safepoint    ] Total time for which application threads were stopped: 0.0000535 seconds, Stopping threads took: 0.0000245 seconds
[2019-06-24T09:18:11.048+0000][1][safepoint    ] Application time: 0.0000340 seconds
[2019-06-24T09:18:11.048+0000][1][safepoint    ] Entering safepoint region: RevokeBias
[2019-06-24T09:18:11.048+0000][1][safepoint    ] Leaving safepoint region
[2019-06-24T09:18:11.048+0000][1][safepoint    ] Total time for which application threads were stopped: 0.0000330 seconds, Stopping threads took: 0.0000061 seconds
[2019-06-24T09:18:11.048+0000][1][safepoint    ] Application time: 0.0000322 seconds
[2019-06-24T09:18:11.048+0000][1][safepoint    ] Entering safepoint region: RevokeBias
[2019-06-24T09:18:11.049+0000][1][safepoint    ] Leaving safepoint region
[2019-06-24T09:18:11.049+0000][1][safepoint    ] Total time for which application threads were stopped: 0.0000487 seconds, Stopping threads took: 0.0000221 seconds
[2019-06-24T09:18:11.049+0000][1][safepoint    ] Application time: 0.0000337 seconds
[2019-06-24T09:18:11.049+0000][1][safepoint    ] Entering safepoint region: BulkRevokeBias
[2019-06-24T09:18:11.049+0000][1][safepoint    ] Leaving safepoint region
[2019-06-24T09:18:11.049+0000][1][safepoint    ] Total time for which application threads were stopped: 0.0000736 seconds, Stopping threads took: 0.0000061 seconds
[2019-06-24T09:18:11.049+0000][1][safepoint    ] Application time: 0.0001082 seconds
[2019-06-24T09:18:11.049+0000][1][safepoint    ] Entering safepoint region: RevokeBias
[2019-06-24T09:18:11.049+0000][1][safepoint    ] Leaving safepoint region
[2019-06-24T09:18:11.049+0000][1][safepoint    ] Total time for which application threads were stopped: 0.0000590 seconds, Stopping threads took: 0.0000245 seconds
[2019-06-24T09:18:11.049+0000][1][safepoint    ] Application time: 0.0000527 seconds
[2019-06-24T09:18:11.049+0000][1][safepoint    ] Entering safepoint region: RevokeBias
[2019-06-24T09:18:11.049+0000][1][safepoint    ] Leaving safepoint region
[2019-06-24T09:18:11.049+0000][1][safepoint    ] Total time for which application threads were stopped: 0.0000332 seconds, Stopping threads took: 0.0000063 seconds
[2019-06-24T09:18:11.049+0000][1][safepoint    ] Application time: 0.0000701 seconds
[2019-06-24T09:18:11.049+0000][1][safepoint    ] Entering safepoint region: RevokeBias
[2019-06-24T09:18:11.049+0000][1][safepoint    ] Leaving safepoint region
[2019-06-24T09:18:11.049+0000][1][safepoint    ] Total time for which application threads were stopped: 0.0000335 seconds, Stopping threads took: 0.0000064 seconds
[2019-06-24T09:18:11.049+0000][1][safepoint    ] Application time: 0.0000501 seconds
[2019-06-24T09:18:11.049+0000][1][safepoint    ] Entering safepoint region: RevokeBias
[2019-06-24T09:18:11.049+0000][1][safepoint    ] Leaving safepoint region
[2019-06-24T09:18:11.049+0000][1][safepoint    ] Total time for which application threads were stopped: 0.0000672 seconds, Stopping threads took: 0.0000306 seconds
[2019-06-24T09:18:11.049+0000][1][safepoint    ] Application time: 0.0000529 seconds
[2019-06-24T09:18:11.049+0000][1][safepoint    ] Entering safepoint region: RevokeBias
[2019-06-24T09:18:11.049+0000][1][safepoint    ] Leaving safepoint region
[2019-06-24T09:18:11.049+0000][1][safepoint    ] Total time for which application threads were stopped: 0.0000551 seconds, Stopping threads took: 0.0000063 seconds
[2019-06-24T09:18:11.049+0000][1][safepoint    ] Application time: 0.0000426 seconds
[2019-06-24T09:18:11.049+0000][1][safepoint    ] Entering safepoint region: RevokeBias
[2019-06-24T09:18:11.049+0000][1][safepoint    ] Leaving safepoint region
[2019-06-24T09:18:11.049+0000][1][safepoint    ] Total time for which application threads were stopped: 0.0000512 seconds, Stopping threads took: 0.0000062 seconds
[2019-06-24T09:18:11.049+0000][1][safepoint    ] Application time: 0.0000419 seconds
[2019-06-24T09:18:11.049+0000][1][safepoint    ] Entering safepoint region: RevokeBias
[2019-06-24T09:18:11.049+0000][1][safepoint    ] Leaving safepoint region
[2019-06-24T09:18:11.049+0000][1][safepoint    ] Total time for which application threads were stopped: 0.0000441 seconds, Stopping threads took: 0.0000094 seconds
[2019-06-24T09:18:11.050+0000][1][safepoint    ] Application time: 0.0000411 seconds
[2019-06-24T09:18:11.050+0000][1][safepoint    ] Entering safepoint region: RevokeBias
[2019-06-24T09:18:11.050+0000][1][safepoint    ] Leaving safepoint region
[2019-06-24T09:18:11.050+0000][1][safepoint    ] Total time for which application threads were stopped: 0.0000400 seconds, Stopping threads took: 0.0000118 seconds
[2019-06-24T09:18:11.050+0000][1][safepoint    ] Application time: 0.0000386 seconds
[2019-06-24T09:18:11.050+0000][1][safepoint    ] Entering safepoint region: RevokeBias
[2019-06-24T09:18:11.050+0000][1][safepoint    ] Leaving safepoint region
[2019-06-24T09:18:11.050+0000][1][safepoint    ] Total time for which application threads were stopped: 0.0000509 seconds, Stopping threads took: 0.0000085 seconds
[2019-06-24T09:18:11.050+0000][1][safepoint    ] Application time: 0.0000393 seconds
[2019-06-24T09:18:11.050+0000][1][safepoint    ] Entering safepoint region: RevokeBias
[2019-06-24T09:18:11.050+0000][1][safepoint    ] Leaving safepoint region
[2019-06-24T09:18:11.050+0000][1][safepoint    ] Total time for which application threads were stopped: 0.0000515 seconds, Stopping threads took: 0.0000066 seconds
[2019-06-24T09:18:11.050+0000][1][safepoint    ] Application time: 0.0000412 seconds
[2019-06-24T09:18:11.050+0000][1][safepoint    ] Entering safepoint region: RevokeBias
[2019-06-24T09:18:11.050+0000][1][safepoint    ] Leaving safepoint region
[2019-06-24T09:18:11.050+0000][1][safepoint    ] Total time for which application threads were stopped: 0.0000380 seconds, Stopping threads took: 0.0000127 seconds
[2019-06-24T09:18:11.050+0000][1][safepoint    ] Application time: 0.0000345 seconds
[2019-06-24T09:18:11.050+0000][1][safepoint    ] Entering safepoint region: RevokeBias
[2019-06-24T09:18:11.050+0000][1][safepoint    ] Leaving safepoint region
[2019-06-24T09:18:11.050+0000][1][safepoint    ] Total time for which application threads were stopped: 0.0002050 seconds, Stopping threads took: 0.0001768 seconds
[2019-06-24T09:18:11.050+0000][1][safepoint    ] Application time: 0.0000373 seconds
[2019-06-24T09:18:11.050+0000][1][safepoint    ] Entering safepoint region: RevokeBias
[2019-06-24T09:18:11.050+0000][1][safepoint    ] Leaving safepoint region
[2019-06-24T09:18:11.050+0000][1][safepoint    ] Total time for which application threads were stopped: 0.0000528 seconds, Stopping threads took: 0.0000236 seconds
[2019-06-24T09:18:11.050+0000][1][safepoint    ] Application time: 0.0000329 seconds
[2019-06-24T09:18:11.050+0000][1][safepoint    ] Entering safepoint region: RevokeBias
[2019-06-24T09:18:11.050+0000][1][safepoint    ] Leaving safepoint region
[2019-06-24T09:18:11.050+0000][1][safepoint    ] Total time for which application threads were stopped: 0.0000398 seconds, Stopping threads took: 0.0000061 seconds
[2019-06-24T09:18:11.050+0000][1][safepoint    ] Application time: 0.0000339 seconds
[2019-06-24T09:18:11.050+0000][1][safepoint    ] Entering safepoint region: RevokeBias
[2019-06-24T09:18:11.050+0000][1][safepoint    ] Leaving safepoint region
[2019-06-24T09:18:11.050+0000][1][safepoint    ] Total time for which application threads were stopped: 0.0000363 seconds, Stopping threads took: 0.0000096 seconds
[2019-06-24T09:18:11.050+0000][1][safepoint    ] Application time: 0.0000333 seconds
[2019-06-24T09:18:11.050+0000][1][safepoint    ] Entering safepoint region: RevokeBias
[2019-06-24T09:18:11.051+0000][1][safepoint    ] Leaving safepoint region
[2019-06-24T09:18:11.051+0000][1][safepoint    ] Total time for which application threads were stopped: 0.0000675 seconds, Stopping threads took: 0.0000389 seconds
[2019-06-24T09:18:11.051+0000][1][safepoint    ] Application time: 0.0000348 seconds
[2019-06-24T09:18:11.051+0000][1][safepoint    ] Entering safepoint region: RevokeBias
[2019-06-24T09:18:11.051+0000][1][safepoint    ] Leaving safepoint region
[2019-06-24T09:18:11.051+0000][1][safepoint    ] Total time for which application threads were stopped: 0.0000327 seconds, Stopping threads took: 0.0000061 seconds
[2019-06-24T09:18:11.051+0000][1][safepoint    ] Application time: 0.0000339 seconds
[2019-06-24T09:18:11.051+0000][1][safepoint    ] Entering safepoint region: RevokeBias
[2019-06-24T09:18:11.051+0000][1][safepoint    ] Leaving safepoint region
[2019-06-24T09:18:11.051+0000][1][safepoint    ] Total time for which application threads were stopped: 0.0000325 seconds, Stopping threads took: 0.0000060 seconds
[2019-06-24T09:18:11.051+0000][1][safepoint    ] Application time: 0.0000330 seconds
[2019-06-24T09:18:11.051+0000][1][safepoint    ] Entering safepoint region: RevokeBias
[2019-06-24T09:18:11.051+0000][1][safepoint    ] Leaving safepoint region
[2019-06-24T09:18:11.051+0000][1][safepoint    ] Total time for which application threads were stopped: 0.0000323 seconds, Stopping threads took: 0.0000059 seconds
[2019-06-24T09:18:11.051+0000][1][safepoint    ] Application time: 0.0000355 seconds
[2019-06-24T09:18:11.051+0000][1][safepoint    ] Entering safepoint region: RevokeBias
[2019-06-24T09:18:11.051+0000][1][safepoint    ] Leaving safepoint region
[2019-06-24T09:18:11.051+0000][1][safepoint    ] Total time for which application threads were stopped: 0.0000323 seconds, Stopping threads took: 0.0000060 seconds
[2019-06-24T09:18:11.051+0000][1][safepoint    ] Application time: 0.0000329 seconds
[2019-06-24T09:18:11.051+0000][1][safepoint    ] Entering safepoint region: RevokeBias
[2019-06-24T09:18:11.051+0000][1][safepoint    ] Leaving safepoint region
[2019-06-24T09:18:11.051+0000][1][safepoint    ] Total time for which application threads were stopped: 0.0000319 seconds, Stopping threads took: 0.0000061 seconds
[2019-06-24T09:18:11.051+0000][1][safepoint    ] Application time: 0.0000329 seconds
[2019-06-24T09:18:11.051+0000][1][safepoint    ] Entering safepoint region: RevokeBias
[2019-06-24T09:18:11.051+0000][1][safepoint    ] Leaving safepoint region
[2019-06-24T09:18:11.051+0000][1][safepoint    ] Total time for which application threads were stopped: 0.0000321 seconds, Stopping threads took: 0.0000059 seconds
[2019-06-24T09:18:11.051+0000][1][safepoint    ] Application time: 0.0000348 seconds
[2019-06-24T09:18:11.051+0000][1][safepoint    ] Entering safepoint region: RevokeBias
[2019-06-24T09:18:11.051+0000][1][safepoint    ] Leaving safepoint region
[2019-06-24T09:18:11.051+0000][1][safepoint    ] Total time for which application threads were stopped: 0.0000329 seconds, Stopping threads took: 0.0000060 seconds
[2019-06-24T09:18:11.051+0000][1][safepoint    ] Application time: 0.0000317 seconds
[2019-06-24T09:18:11.051+0000][1][safepoint    ] Entering safepoint region: BulkRevokeBias
[2019-06-24T09:18:11.051+0000][1][safepoint    ] Leaving safepoint region
[2019-06-24T09:18:11.051+0000][1][safepoint    ] Total time for which application threads were stopped: 0.0001083 seconds, Stopping threads took: 0.0000251 seconds
[2019-06-24T09:18:11.051+0000][1][safepoint    ] Application time: 0.0002531 seconds
[2019-06-24T09:18:11.052+0000][1][safepoint    ] Entering safepoint region: RevokeBias
[2019-06-24T09:18:11.052+0000][1][safepoint    ] Leaving safepoint region
[2019-06-24T09:18:11.052+0000][1][safepoint    ] Total time for which application threads were stopped: 0.0000491 seconds, Stopping threads took: 0.0000098 seconds
[2019-06-24T09:18:11.052+0000][1][safepoint    ] Application time: 0.0000571 seconds
[2019-06-24T09:18:11.052+0000][1][safepoint    ] Entering safepoint region: RevokeBias
[2019-06-24T09:18:11.052+0000][1][safepoint    ] Leaving safepoint region
[2019-06-24T09:18:11.052+0000][1][safepoint    ] Total time for which application threads were stopped: 0.0000404 seconds, Stopping threads took: 0.0000069 seconds
[2019-06-24T09:18:11.052+0000][1][safepoint    ] Application time: 0.0001310 seconds
[2019-06-24T09:18:11.052+0000][1][safepoint    ] Entering safepoint region: RevokeBias
[2019-06-24T09:18:11.052+0000][1][safepoint    ] Leaving safepoint region
[2019-06-24T09:18:11.052+0000][1][safepoint    ] Total time for which application threads were stopped: 0.0001334 seconds, Stopping threads took: 0.0000997 seconds
[2019-06-24T09:18:11.052+0000][1][safepoint    ] Application time: 0.0000489 seconds
[2019-06-24T09:18:11.052+0000][1][safepoint    ] Entering safepoint region: RevokeBias
[2019-06-24T09:18:11.052+0000][1][safepoint    ] Leaving safepoint region
[2019-06-24T09:18:11.052+0000][1][safepoint    ] Total time for which application threads were stopped: 0.0001378 seconds, Stopping threads took: 0.0001142 seconds
[2019-06-24T09:18:11.052+0000][1][safepoint    ] Application time: 0.0000341 seconds
[2019-06-24T09:18:11.052+0000][1][safepoint    ] Entering safepoint region: RevokeBias
[2019-06-24T09:18:11.052+0000][1][safepoint    ] Leaving safepoint region
[2019-06-24T09:18:11.052+0000][1][safepoint    ] Total time for which application threads were stopped: 0.0000471 seconds, Stopping threads took: 0.0000244 seconds
[2019-06-24T09:18:11.052+0000][1][safepoint    ] Application time: 0.0000321 seconds
[2019-06-24T09:18:11.052+0000][1][safepoint    ] Entering safepoint region: RevokeBias
[2019-06-24T09:18:11.052+0000][1][safepoint    ] Leaving safepoint region
[2019-06-24T09:18:11.052+0000][1][safepoint    ] Total time for which application threads were stopped: 0.0000921 seconds, Stopping threads took: 0.0000530 seconds
[2019-06-24T09:18:11.053+0000][1][safepoint    ] Application time: 0.0001914 seconds
[2019-06-24T09:18:11.053+0000][1][safepoint    ] Entering safepoint region: RevokeBias
[2019-06-24T09:18:11.053+0000][1][safepoint    ] Leaving safepoint region
[2019-06-24T09:18:11.053+0000][1][safepoint    ] Total time for which application threads were stopped: 0.0000705 seconds, Stopping threads took: 0.0000497 seconds
[2019-06-24T09:18:11.053+0000][1][safepoint    ] Application time: 0.0000827 seconds
[2019-06-24T09:18:11.053+0000][1][safepoint    ] Entering safepoint region: RevokeBias
[2019-06-24T09:18:11.053+0000][1][safepoint    ] Leaving safepoint region
[2019-06-24T09:18:11.053+0000][1][safepoint    ] Total time for which application threads were stopped: 0.0000622 seconds, Stopping threads took: 0.0000239 seconds
[2019-06-24T09:18:11.053+0000][1][safepoint    ] Application time: 0.0001058 seconds
[2019-06-24T09:18:11.053+0000][1][safepoint    ] Entering safepoint region: RevokeBias
[2019-06-24T09:18:11.053+0000][1][safepoint    ] Leaving safepoint region
[2019-06-24T09:18:11.053+0000][1][safepoint    ] Total time for which application threads were stopped: 0.0000804 seconds, Stopping threads took: 0.0000278 seconds
[2019-06-24T09:18:11.053+0000][1][safepoint    ] Application time: 0.0003798 seconds
[2019-06-24T09:18:11.053+0000][1][safepoint    ] Entering safepoint region: RevokeBias
[2019-06-24T09:18:11.054+0000][1][safepoint    ] Leaving safepoint region
[2019-06-24T09:18:11.054+0000][1][safepoint    ] Total time for which application threads were stopped: 0.0001317 seconds, Stopping threads took: 0.0000435 seconds
[2019-06-24T09:18:11.054+0000][1][safepoint    ] Application time: 0.0001892 seconds
[2019-06-24T09:18:11.054+0000][1][safepoint    ] Entering safepoint region: RevokeBias
[2019-06-24T09:18:11.054+0000][1][safepoint    ] Leaving safepoint region
[2019-06-24T09:18:11.054+0000][1][safepoint    ] Total time for which application threads were stopped: 0.0000623 seconds, Stopping threads took: 0.0000277 seconds
[2019-06-24T09:18:11.054+0000][1][safepoint    ] Application time: 0.0003289 seconds
[2019-06-24T09:18:11.054+0000][1][safepoint    ] Entering safepoint region: RevokeBias
[2019-06-24T09:18:11.054+0000][1][safepoint    ] Leaving safepoint region
[2019-06-24T09:18:11.054+0000][1][safepoint    ] Total time for which application threads were stopped: 0.0000767 seconds, Stopping threads took: 0.0000220 seconds
[2019-06-24T09:18:11.055+0000][1][safepoint    ] Application time: 0.0003135 seconds
[2019-06-24T09:18:11.055+0000][1][safepoint    ] Entering safepoint region: RevokeBias
[2019-06-24T09:18:11.055+0000][1][safepoint    ] Leaving safepoint region
[2019-06-24T09:18:11.055+0000][1][safepoint    ] Total time for which application threads were stopped: 0.0001504 seconds, Stopping threads took: 0.0000606 seconds
[2019-06-24T09:18:11.055+0000][1][safepoint    ] Application time: 0.0002604 seconds
[2019-06-24T09:18:11.055+0000][1][safepoint    ] Entering safepoint region: RevokeBias
[2019-06-24T09:18:11.055+0000][1][safepoint    ] Leaving safepoint region
[2019-06-24T09:18:11.055+0000][1][safepoint    ] Total time for which application threads were stopped: 0.0001787 seconds, Stopping threads took: 0.0001198 seconds
[2019-06-24T09:18:11.055+0000][1][safepoint    ] Application time: 0.0000629 seconds
[2019-06-24T09:18:11.055+0000][1][safepoint    ] Entering safepoint region: RevokeBias
[2019-06-24T09:18:11.055+0000][1][safepoint    ] Leaving safepoint region
[2019-06-24T09:18:11.055+0000][1][safepoint    ] Total time for which application threads were stopped: 0.0001454 seconds, Stopping threads took: 0.0001073 seconds
[2019-06-24T09:18:11.056+0000][1][safepoint    ] Application time: 0.0001049 seconds
[2019-06-24T09:18:11.056+0000][1][safepoint    ] Entering safepoint region: RevokeBias
[2019-06-24T09:18:11.056+0000][1][safepoint    ] Leaving safepoint region
[2019-06-24T09:18:11.056+0000][1][safepoint    ] Total time for which application threads were stopped: 0.0000893 seconds, Stopping threads took: 0.0000393 seconds
[2019-06-24T09:18:11.056+0000][1][safepoint    ] Application time: 0.0000668 seconds
[2019-06-24T09:18:11.056+0000][1][safepoint    ] Entering safepoint region: RevokeBias
[2019-06-24T09:18:11.056+0000][1][safepoint    ] Leaving safepoint region
[2019-06-24T09:18:11.056+0000][1][safepoint    ] Total time for which application threads were stopped: 0.0000703 seconds, Stopping threads took: 0.0000243 seconds
[2019-06-24T09:18:11.058+0000][1][safepoint    ] Application time: 0.0024750 seconds
[2019-06-24T09:18:11.058+0000][1][safepoint    ] Entering safepoint region: RevokeBias
[2019-06-24T09:18:11.058+0000][1][safepoint    ] Leaving safepoint region
[2019-06-24T09:18:11.058+0000][1][safepoint    ] Total time for which application threads were stopped: 0.0000666 seconds, Stopping threads took: 0.0000108 seconds
[2019-06-24T09:18:11.060+0000][1][safepoint    ] Application time: 0.0013381 seconds
[2019-06-24T09:18:11.060+0000][1][safepoint    ] Entering safepoint region: RevokeBias
[2019-06-24T09:18:11.060+0000][1][safepoint    ] Leaving safepoint region
[2019-06-24T09:18:11.060+0000][1][safepoint    ] Total time for which application threads were stopped: 0.0001111 seconds, Stopping threads took: 0.0000466 seconds
[2019-06-24T09:18:11.060+0000][1][safepoint    ] Application time: 0.0001437 seconds
[2019-06-24T09:18:11.060+0000][1][safepoint    ] Entering safepoint region: RevokeBias
[2019-06-24T09:18:11.060+0000][1][safepoint    ] Leaving safepoint region
[2019-06-24T09:18:11.060+0000][1][safepoint    ] Total time for which application threads were stopped: 0.0000623 seconds, Stopping threads took: 0.0000075 seconds
[2019-06-24T09:18:11.060+0000][1][safepoint    ] Application time: 0.0000854 seconds
[2019-06-24T09:18:11.061+0000][1][safepoint    ] Entering safepoint region: RevokeBias
[2019-06-24T09:18:11.061+0000][1][safepoint    ] Leaving safepoint region
[2019-06-24T09:18:11.061+0000][1][safepoint    ] Total time for which application threads were stopped: 0.0004882 seconds, Stopping threads took: 0.0004500 seconds
[2019-06-24T09:18:11.063+0000][1][safepoint    ] Application time: 0.0020339 seconds
[2019-06-24T09:18:11.063+0000][1][safepoint    ] Entering safepoint region: RevokeBias
[2019-06-24T09:18:11.063+0000][1][safepoint    ] Leaving safepoint region
[2019-06-24T09:18:11.063+0000][1][safepoint    ] Total time for which application threads were stopped: 0.0003257 seconds, Stopping threads took: 0.0002489 seconds
[2019-06-24T09:18:11.063+0000][1][safepoint    ] Application time: 0.0000486 seconds
[2019-06-24T09:18:11.063+0000][1][safepoint    ] Entering safepoint region: RevokeBias
[2019-06-24T09:18:11.063+0000][1][safepoint    ] Leaving safepoint region
[2019-06-24T09:18:11.063+0000][1][safepoint    ] Total time for which application threads were stopped: 0.0002426 seconds, Stopping threads took: 0.0001887 seconds
[2019-06-24T09:18:11.064+0000][1][safepoint    ] Application time: 0.0002483 seconds
[2019-06-24T09:18:11.064+0000][1][safepoint    ] Entering safepoint region: RevokeBias
[2019-06-24T09:18:11.064+0000][1][safepoint    ] Leaving safepoint region
[2019-06-24T09:18:11.064+0000][1][safepoint    ] Total time for which application threads were stopped: 0.0002979 seconds, Stopping threads took: 0.0002625 seconds
[2019-06-24T09:18:11.095+0000][1][safepoint    ] Application time: 0.0310412 seconds
[2019-06-24T09:18:11.095+0000][1][safepoint    ] Entering safepoint region: GenCollectForAllocation
[2019-06-24T09:18:11.095+0000][1][gc,start     ] GC(19) Pause Young (Allocation Failure)
[2019-06-24T09:18:11.095+0000][1][gc,task      ] GC(19) Using 5 workers of 8 for evacuation
[2019-06-24T09:18:11.100+0000][1][gc,age       ] GC(19) Desired survivor size 4456448 bytes, new threshold 2 (max threshold 6)
[2019-06-24T09:18:11.100+0000][1][gc,age       ] GC(19) Age table with threshold 2 (max threshold 6)
[2019-06-24T09:18:11.100+0000][1][gc,age       ] GC(19) - age   1:    2931552 bytes,    2931552 total
[2019-06-24T09:18:11.100+0000][1][gc,age       ] GC(19) - age   2:    3870848 bytes,    6802400 total
[2019-06-24T09:18:11.100+0000][1][gc,age       ] GC(19) - age   3:     261920 bytes,    7064320 total
[2019-06-24T09:18:11.100+0000][1][gc,heap      ] GC(19) ParNew: 74846K->8492K(78656K)
[2019-06-24T09:18:11.101+0000][1][gc,heap      ] GC(19) CMS: 55288K->55288K(174784K)
[2019-06-24T09:18:11.101+0000][1][gc,metaspace ] GC(19) Metaspace: 47196K->47196K(1093632K)
[2019-06-24T09:18:11.101+0000][1][gc           ] GC(19) Pause Young (Allocation Failure) 127M->62M(247M) 5.362ms
[2019-06-24T09:18:11.101+0000][1][gc,cpu       ] GC(19) User=0.03s Sys=0.00s Real=0.00s
[2019-06-24T09:18:11.101+0000][1][safepoint    ] Leaving safepoint region
[2019-06-24T09:18:11.101+0000][1][safepoint    ] Total time for which application threads were stopped: 0.0054973 seconds, Stopping threads took: 0.0000125 seconds
[2019-06-24T09:18:11.128+0000][1][safepoint    ] Application time: 0.0274154 seconds
[2019-06-24T09:18:11.128+0000][1][safepoint    ] Entering safepoint region: RevokeBias
[2019-06-24T09:18:11.128+0000][1][safepoint    ] Leaving safepoint region
[2019-06-24T09:18:11.128+0000][1][safepoint    ] Total time for which application threads were stopped: 0.0000496 seconds, Stopping threads took: 0.0000119 seconds
[2019-06-24T09:18:11.642+0000][1][safepoint    ] Application time: 0.5138973 seconds
[2019-06-24T09:18:11.642+0000][1][safepoint    ] Entering safepoint region: GenCollectForAllocation
[2019-06-24T09:18:11.643+0000][1][gc,start     ] GC(20) Pause Young (Allocation Failure)
[2019-06-24T09:18:11.643+0000][1][gc,task      ] GC(20) Using 5 workers of 8 for evacuation
[2019-06-24T09:18:11.655+0000][1][gc,age       ] GC(20) Desired survivor size 4456448 bytes, new threshold 6 (max threshold 6)
[2019-06-24T09:18:11.655+0000][1][gc,age       ] GC(20) Age table with threshold 6 (max threshold 6)
[2019-06-24T09:18:11.655+0000][1][gc,age       ] GC(20) - age   1:    1448248 bytes,    1448248 total
[2019-06-24T09:18:11.655+0000][1][gc,age       ] GC(20) - age   2:    2891424 bytes,    4339672 total
[2019-06-24T09:18:11.656+0000][1][gc,heap      ] GC(20) ParNew: 78444K->7270K(78656K)
[2019-06-24T09:18:11.656+0000][1][gc,heap      ] GC(20) CMS: 55288K->59465K(174784K)
[2019-06-24T09:18:11.656+0000][1][gc,metaspace ] GC(20) Metaspace: 53846K->53846K(1097728K)
[2019-06-24T09:18:11.656+0000][1][gc           ] GC(20) Pause Young (Allocation Failure) 130M->65M(247M) 12.742ms
[2019-06-24T09:18:11.656+0000][1][gc,cpu       ] GC(20) User=0.08s Sys=0.00s Real=0.01s
[2019-06-24T09:18:11.656+0000][1][safepoint    ] Leaving safepoint region
[2019-06-24T09:18:11.656+0000][1][safepoint    ] Total time for which application threads were stopped: 0.0136032 seconds, Stopping threads took: 0.0000247 seconds
[2019-06-24T09:18:11.692+0000][1][safepoint    ] Application time: 0.0368084 seconds
[2019-06-24T09:18:11.693+0000][1][safepoint    ] Entering safepoint region: RevokeBias
[2019-06-24T09:18:11.693+0000][1][safepoint    ] Leaving safepoint region
[2019-06-24T09:18:11.693+0000][1][safepoint    ] Total time for which application threads were stopped: 0.0000545 seconds, Stopping threads took: 0.0000138 seconds
[2019-06-24T09:18:11.820+0000][1][safepoint    ] Application time: 0.1275000 seconds
[2019-06-24T09:18:11.820+0000][1][safepoint    ] Entering safepoint region: Deoptimize
[2019-06-24T09:18:11.821+0000][1][safepoint    ] Leaving safepoint region
[2019-06-24T09:18:11.821+0000][1][safepoint    ] Total time for which application threads were stopped: 0.0007784 seconds, Stopping threads took: 0.0000118 seconds
[2019-06-24T09:18:11.852+0000][1][safepoint    ] Application time: 0.0306929 seconds
[2019-06-24T09:18:11.852+0000][1][safepoint    ] Entering safepoint region: RevokeBias
[2019-06-24T09:18:11.852+0000][1][safepoint    ] Leaving safepoint region
[2019-06-24T09:18:11.852+0000][1][safepoint    ] Total time for which application threads were stopped: 0.0000979 seconds, Stopping threads took: 0.0000327 seconds
[2019-06-24T09:18:11.852+0000][1][safepoint    ] Application time: 0.0000881 seconds
[2019-06-24T09:18:11.852+0000][1][safepoint    ] Entering safepoint region: RevokeBias
[2019-06-24T09:18:11.852+0000][1][safepoint    ] Leaving safepoint region
[2019-06-24T09:18:11.852+0000][1][safepoint    ] Total time for which application threads were stopped: 0.0001714 seconds, Stopping threads took: 0.0001337 seconds
[2019-06-24T09:18:11.852+0000][1][safepoint    ] Application time: 0.0001001 seconds
[2019-06-24T09:18:11.852+0000][1][safepoint    ] Entering safepoint region: RevokeBias
[2019-06-24T09:18:11.852+0000][1][safepoint    ] Leaving safepoint region
[2019-06-24T09:18:11.852+0000][1][safepoint    ] Total time for which application threads were stopped: 0.0000437 seconds, Stopping threads took: 0.0000078 seconds
[2019-06-24T09:18:11.854+0000][1][safepoint    ] Application time: 0.0020687 seconds
[2019-06-24T09:18:11.854+0000][1][safepoint    ] Entering safepoint region: RevokeBias
[2019-06-24T09:18:11.854+0000][1][safepoint    ] Leaving safepoint region
[2019-06-24T09:18:11.854+0000][1][safepoint    ] Total time for which application threads were stopped: 0.0001465 seconds, Stopping threads took: 0.0000960 seconds
[2019-06-24T09:18:11.971+0000][1][safepoint    ] Application time: 0.1165687 seconds
[2019-06-24T09:18:11.971+0000][1][safepoint    ] Entering safepoint region: RevokeBias
[2019-06-24T09:18:11.972+0000][1][safepoint    ] Leaving safepoint region
[2019-06-24T09:18:11.972+0000][1][safepoint    ] Total time for which application threads were stopped: 0.0010709 seconds, Stopping threads took: 0.0000656 seconds
[2019-06-24T09:18:11.972+0000][1][safepoint    ] Application time: 0.0001171 seconds
[2019-06-24T09:18:11.972+0000][1][safepoint    ] Entering safepoint region: RevokeBias
[2019-06-24T09:18:11.972+0000][1][safepoint    ] Leaving safepoint region
[2019-06-24T09:18:11.972+0000][1][safepoint    ] Total time for which application threads were stopped: 0.0001439 seconds, Stopping threads took: 0.0000601 seconds
[2019-06-24T09:18:11.973+0000][1][safepoint    ] Application time: 0.0007078 seconds
[2019-06-24T09:18:11.973+0000][1][safepoint    ] Entering safepoint region: BulkRevokeBias
[2019-06-24T09:18:11.973+0000][1][safepoint    ] Leaving safepoint region
[2019-06-24T09:18:11.973+0000][1][safepoint    ] Total time for which application threads were stopped: 0.0001677 seconds, Stopping threads took: 0.0000259 seconds
[2019-06-24T09:18:12.008+0000][1][safepoint    ] Application time: 0.0348706 seconds
[2019-06-24T09:18:12.008+0000][1][safepoint    ] Entering safepoint region: Deoptimize
[2019-06-24T09:18:12.009+0000][1][safepoint    ] Leaving safepoint region
[2019-06-24T09:18:12.009+0000][1][safepoint    ] Total time for which application threads were stopped: 0.0003878 seconds, Stopping threads took: 0.0000124 seconds
[2019-06-24T09:18:12.335+0000][1][safepoint    ] Application time: 0.3262458 seconds
[2019-06-24T09:18:12.335+0000][1][safepoint    ] Entering safepoint region: RevokeBias
[2019-06-24T09:18:12.335+0000][1][safepoint    ] Leaving safepoint region
[2019-06-24T09:18:12.335+0000][1][safepoint    ] Total time for which application threads were stopped: 0.0000919 seconds, Stopping threads took: 0.0000129 seconds
[2019-06-24T09:18:12.335+0000][1][safepoint    ] Application time: 0.0000432 seconds
[2019-06-24T09:18:12.335+0000][1][safepoint    ] Entering safepoint region: BulkRevokeBias
[2019-06-24T09:18:12.335+0000][1][safepoint    ] Leaving safepoint region
[2019-06-24T09:18:12.335+0000][1][safepoint    ] Total time for which application threads were stopped: 0.0000909 seconds, Stopping threads took: 0.0000078 seconds
[2019-06-24T09:18:12.364+0000][1][safepoint    ] Application time: 0.0288815 seconds
[2019-06-24T09:18:12.364+0000][1][safepoint    ] Entering safepoint region: RevokeBias
[2019-06-24T09:18:12.364+0000][1][safepoint    ] Leaving safepoint region
[2019-06-24T09:18:12.364+0000][1][safepoint    ] Total time for which application threads were stopped: 0.0000549 seconds, Stopping threads took: 0.0000122 seconds
[2019-06-24T09:18:12.364+0000][1][safepoint    ] Application time: 0.0001498 seconds
[2019-06-24T09:18:12.364+0000][1][safepoint    ] Entering safepoint region: RevokeBias
[2019-06-24T09:18:12.364+0000][1][safepoint    ] Leaving safepoint region
[2019-06-24T09:18:12.364+0000][1][safepoint    ] Total time for which application threads were stopped: 0.0000358 seconds, Stopping threads took: 0.0000094 seconds
[2019-06-24T09:18:12.364+0000][1][safepoint    ] Application time: 0.0001632 seconds
[2019-06-24T09:18:12.365+0000][1][safepoint    ] Entering safepoint region: RevokeBias
[2019-06-24T09:18:12.365+0000][1][safepoint    ] Leaving safepoint region
[2019-06-24T09:18:12.365+0000][1][safepoint    ] Total time for which application threads were stopped: 0.0000358 seconds, Stopping threads took: 0.0000096 seconds
[2019-06-24T09:18:12.365+0000][1][safepoint    ] Application time: 0.0002988 seconds
[2019-06-24T09:18:12.365+0000][1][safepoint    ] Entering safepoint region: RevokeBias
[2019-06-24T09:18:12.365+0000][1][safepoint    ] Leaving safepoint region
[2019-06-24T09:18:12.365+0000][1][safepoint    ] Total time for which application threads were stopped: 0.0001123 seconds, Stopping threads took: 0.0000822 seconds
[2019-06-24T09:18:12.365+0000][1][safepoint    ] Application time: 0.0001913 seconds
[2019-06-24T09:18:12.365+0000][1][safepoint    ] Entering safepoint region: RevokeBias
[2019-06-24T09:18:12.365+0000][1][safepoint    ] Leaving safepoint region
[2019-06-24T09:18:12.365+0000][1][safepoint    ] Total time for which application threads were stopped: 0.0000391 seconds, Stopping threads took: 0.0000111 seconds
[2019-06-24T09:18:12.369+0000][1][safepoint    ] Application time: 0.0035535 seconds
[2019-06-24T09:18:12.369+0000][1][safepoint    ] Entering safepoint region: GenCollectForAllocation
[2019-06-24T09:18:12.369+0000][1][gc,start     ] GC(21) Pause Young (Allocation Failure)
[2019-06-24T09:18:12.369+0000][1][gc,task      ] GC(21) Using 5 workers of 8 for evacuation
[2019-06-24T09:18:12.376+0000][1][gc,age       ] GC(21) Desired survivor size 4456448 bytes, new threshold 2 (max threshold 6)
[2019-06-24T09:18:12.376+0000][1][gc,age       ] GC(21) Age table with threshold 2 (max threshold 6)
[2019-06-24T09:18:12.376+0000][1][gc,age       ] GC(21) - age   1:    3777448 bytes,    3777448 total
[2019-06-24T09:18:12.376+0000][1][gc,age       ] GC(21) - age   2:    1371648 bytes,    5149096 total
[2019-06-24T09:18:12.376+0000][1][gc,age       ] GC(21) - age   3:    2877504 bytes,    8026600 total
[2019-06-24T09:18:12.376+0000][1][gc,heap      ] GC(21) ParNew: 77222K->8704K(78656K)
[2019-06-24T09:18:12.376+0000][1][gc,heap      ] GC(21) CMS: 59465K->59520K(174784K)
[2019-06-24T09:18:12.376+0000][1][gc,metaspace ] GC(21) Metaspace: 61777K->61777K(1105920K)
[2019-06-24T09:18:12.376+0000][1][gc           ] GC(21) Pause Young (Allocation Failure) 133M->66M(247M) 7.611ms
[2019-06-24T09:18:12.377+0000][1][gc,cpu       ] GC(21) User=0.04s Sys=0.00s Real=0.01s
[2019-06-24T09:18:12.377+0000][1][safepoint    ] Leaving safepoint region
[2019-06-24T09:18:12.377+0000][1][safepoint    ] Total time for which application threads were stopped: 0.0077170 seconds, Stopping threads took: 0.0000118 seconds
[2019-06-24T09:18:12.416+0000][1][safepoint    ] Application time: 0.0395921 seconds
[2019-06-24T09:18:12.416+0000][1][safepoint    ] Entering safepoint region: Deoptimize
[2019-06-24T09:18:12.417+0000][1][safepoint    ] Leaving safepoint region
[2019-06-24T09:18:12.417+0000][1][safepoint    ] Total time for which application threads were stopped: 0.0004087 seconds, Stopping threads took: 0.0000120 seconds
[2019-06-24T09:18:12.422+0000][1][safepoint    ] Application time: 0.0054988 seconds
[2019-06-24T09:18:12.422+0000][1][safepoint    ] Entering safepoint region: RevokeBias
[2019-06-24T09:18:12.422+0000][1][safepoint    ] Leaving safepoint region
[2019-06-24T09:18:12.422+0000][1][safepoint    ] Total time for which application threads were stopped: 0.0001536 seconds, Stopping threads took: 0.0000913 seconds
[2019-06-24T09:18:12.423+0000][1][safepoint    ] Application time: 0.0003601 seconds
[2019-06-24T09:18:12.423+0000][1][safepoint    ] Entering safepoint region: RevokeBias
[2019-06-24T09:18:12.423+0000][1][safepoint    ] Leaving safepoint region
[2019-06-24T09:18:12.423+0000][1][safepoint    ] Total time for which application threads were stopped: 0.0001563 seconds, Stopping threads took: 0.0001160 seconds
[2019-06-24T09:18:12.423+0000][1][safepoint    ] Application time: 0.0002023 seconds
[2019-06-24T09:18:12.423+0000][1][safepoint    ] Entering safepoint region: RevokeBias
[2019-06-24T09:18:12.423+0000][1][safepoint    ] Leaving safepoint region
[2019-06-24T09:18:12.423+0000][1][safepoint    ] Total time for which application threads were stopped: 0.0000343 seconds, Stopping threads took: 0.0000075 seconds
[2019-06-24T09:18:12.424+0000][1][safepoint    ] Application time: 0.0006623 seconds
[2019-06-24T09:18:12.424+0000][1][safepoint    ] Entering safepoint region: RevokeBias
[2019-06-24T09:18:12.424+0000][1][safepoint    ] Leaving safepoint region
[2019-06-24T09:18:12.424+0000][1][safepoint    ] Total time for which application threads were stopped: 0.0000400 seconds, Stopping threads took: 0.0000068 seconds
[2019-06-24T09:18:12.424+0000][1][safepoint    ] Application time: 0.0003561 seconds
[2019-06-24T09:18:12.424+0000][1][safepoint    ] Entering safepoint region: RevokeBias
[2019-06-24T09:18:12.424+0000][1][safepoint    ] Leaving safepoint region
[2019-06-24T09:18:12.424+0000][1][safepoint    ] Total time for which application threads were stopped: 0.0000477 seconds, Stopping threads took: 0.0000096 seconds
[2019-06-24T09:18:12.424+0000][1][safepoint    ] Application time: 0.0001153 seconds
[2019-06-24T09:18:12.424+0000][1][safepoint    ] Entering safepoint region: RevokeBias
[2019-06-24T09:18:12.424+0000][1][safepoint    ] Leaving safepoint region
[2019-06-24T09:18:12.424+0000][1][safepoint    ] Total time for which application threads were stopped: 0.0000477 seconds, Stopping threads took: 0.0000094 seconds
[2019-06-24T09:18:12.425+0000][1][safepoint    ] Application time: 0.0001522 seconds
[2019-06-24T09:18:12.425+0000][1][safepoint    ] Entering safepoint region: RevokeBias
[2019-06-24T09:18:12.425+0000][1][safepoint    ] Leaving safepoint region
[2019-06-24T09:18:12.425+0000][1][safepoint    ] Total time for which application threads were stopped: 0.0000427 seconds, Stopping threads took: 0.0000093 seconds
[2019-06-24T09:18:12.425+0000][1][safepoint    ] Application time: 0.0001944 seconds
[2019-06-24T09:18:12.425+0000][1][safepoint    ] Entering safepoint region: RevokeBias
[2019-06-24T09:18:12.425+0000][1][safepoint    ] Leaving safepoint region
[2019-06-24T09:18:12.425+0000][1][safepoint    ] Total time for which application threads were stopped: 0.0000475 seconds, Stopping threads took: 0.0000096 seconds
[2019-06-24T09:18:12.425+0000][1][safepoint    ] Application time: 0.0002283 seconds
[2019-06-24T09:18:12.425+0000][1][safepoint    ] Entering safepoint region: RevokeBias
[2019-06-24T09:18:12.425+0000][1][safepoint    ] Leaving safepoint region
[2019-06-24T09:18:12.425+0000][1][safepoint    ] Total time for which application threads were stopped: 0.0000421 seconds, Stopping threads took: 0.0000095 seconds
[2019-06-24T09:18:12.425+0000][1][safepoint    ] Application time: 0.0001652 seconds
[2019-06-24T09:18:12.425+0000][1][safepoint    ] Entering safepoint region: RevokeBias
[2019-06-24T09:18:12.425+0000][1][safepoint    ] Leaving safepoint region
[2019-06-24T09:18:12.425+0000][1][safepoint    ] Total time for which application threads were stopped: 0.0000453 seconds, Stopping threads took: 0.0000096 seconds
[2019-06-24T09:18:12.425+0000][1][safepoint    ] Application time: 0.0000872 seconds
[2019-06-24T09:18:12.426+0000][1][safepoint    ] Entering safepoint region: RevokeBias
[2019-06-24T09:18:12.426+0000][1][safepoint    ] Leaving safepoint region
[2019-06-24T09:18:12.426+0000][1][safepoint    ] Total time for which application threads were stopped: 0.0000462 seconds, Stopping threads took: 0.0000093 seconds
[2019-06-24T09:18:12.426+0000][1][safepoint    ] Application time: 0.0004396 seconds
[2019-06-24T09:18:12.426+0000][1][safepoint    ] Entering safepoint region: RevokeBias
[2019-06-24T09:18:12.426+0000][1][safepoint    ] Leaving safepoint region
[2019-06-24T09:18:12.426+0000][1][safepoint    ] Total time for which application threads were stopped: 0.0000424 seconds, Stopping threads took: 0.0000094 seconds
[2019-06-24T09:18:12.427+0000][1][safepoint    ] Application time: 0.0007707 seconds
[2019-06-24T09:18:12.427+0000][1][safepoint    ] Entering safepoint region: RevokeBias
[2019-06-24T09:18:12.427+0000][1][safepoint    ] Leaving safepoint region
[2019-06-24T09:18:12.427+0000][1][safepoint    ] Total time for which application threads were stopped: 0.0000486 seconds, Stopping threads took: 0.0000098 seconds
[2019-06-24T09:18:12.427+0000][1][safepoint    ] Application time: 0.0001153 seconds
[2019-06-24T09:18:12.427+0000][1][safepoint    ] Entering safepoint region: RevokeBias
[2019-06-24T09:18:12.427+0000][1][safepoint    ] Leaving safepoint region
[2019-06-24T09:18:12.427+0000][1][safepoint    ] Total time for which application threads were stopped: 0.0000429 seconds, Stopping threads took: 0.0000094 seconds
[2019-06-24T09:18:12.429+0000][1][safepoint    ] Application time: 0.0017169 seconds
[2019-06-24T09:18:12.429+0000][1][safepoint    ] Entering safepoint region: RevokeBias
[2019-06-24T09:18:12.429+0000][1][safepoint    ] Leaving safepoint region
[2019-06-24T09:18:12.429+0000][1][safepoint    ] Total time for which application threads were stopped: 0.0001371 seconds, Stopping threads took: 0.0000906 seconds
[2019-06-24T09:18:12.429+0000][1][safepoint    ] Application time: 0.0000886 seconds
[2019-06-24T09:18:12.429+0000][1][safepoint    ] Entering safepoint region: RevokeBias
[2019-06-24T09:18:12.429+0000][1][safepoint    ] Leaving safepoint region
[2019-06-24T09:18:12.429+0000][1][safepoint    ] Total time for which application threads were stopped: 0.0000615 seconds, Stopping threads took: 0.0000260 seconds
[2019-06-24T09:18:12.429+0000][1][safepoint    ] Application time: 0.0001251 seconds
[2019-06-24T09:18:12.429+0000][1][safepoint    ] Entering safepoint region: RevokeBias
[2019-06-24T09:18:12.429+0000][1][safepoint    ] Leaving safepoint region
[2019-06-24T09:18:12.429+0000][1][safepoint    ] Total time for which application threads were stopped: 0.0000746 seconds, Stopping threads took: 0.0000385 seconds
[2019-06-24T09:18:12.430+0000][1][safepoint    ] Application time: 0.0003224 seconds
[2019-06-24T09:18:12.430+0000][1][safepoint    ] Entering safepoint region: RevokeBias
[2019-06-24T09:18:12.430+0000][1][safepoint    ] Leaving safepoint region
[2019-06-24T09:18:12.430+0000][1][safepoint    ] Total time for which application threads were stopped: 0.0000611 seconds, Stopping threads took: 0.0000297 seconds
[2019-06-24T09:18:12.430+0000][1][safepoint    ] Application time: 0.0007172 seconds
[2019-06-24T09:18:12.431+0000][1][safepoint    ] Entering safepoint region: RevokeBias
[2019-06-24T09:18:12.431+0000][1][safepoint    ] Leaving safepoint region
[2019-06-24T09:18:12.431+0000][1][safepoint    ] Total time for which application threads were stopped: 0.0000781 seconds, Stopping threads took: 0.0000345 seconds
[2019-06-24T09:18:12.432+0000][1][safepoint    ] Application time: 0.0009574 seconds
[2019-06-24T09:18:12.432+0000][1][safepoint    ] Entering safepoint region: RevokeBias
[2019-06-24T09:18:12.432+0000][1][safepoint    ] Leaving safepoint region
[2019-06-24T09:18:12.432+0000][1][safepoint    ] Total time for which application threads were stopped: 0.0001923 seconds, Stopping threads took: 0.0001302 seconds
[2019-06-24T09:18:12.432+0000][1][safepoint    ] Application time: 0.0000845 seconds
[2019-06-24T09:18:12.432+0000][1][safepoint    ] Entering safepoint region: RevokeBias
[2019-06-24T09:18:12.432+0000][1][safepoint    ] Leaving safepoint region
[2019-06-24T09:18:12.432+0000][1][safepoint    ] Total time for which application threads were stopped: 0.0000524 seconds, Stopping threads took: 0.0000198 seconds
[2019-06-24T09:18:12.432+0000][1][safepoint    ] Application time: 0.0002635 seconds
[2019-06-24T09:18:12.432+0000][1][safepoint    ] Entering safepoint region: RevokeBias
[2019-06-24T09:18:12.432+0000][1][safepoint    ] Leaving safepoint region
[2019-06-24T09:18:12.432+0000][1][safepoint    ] Total time for which application threads were stopped: 0.0002102 seconds, Stopping threads took: 0.0001643 seconds
[2019-06-24T09:18:12.433+0000][1][safepoint    ] Application time: 0.0001950 seconds
[2019-06-24T09:18:12.433+0000][1][safepoint    ] Entering safepoint region: RevokeBias
[2019-06-24T09:18:12.433+0000][1][safepoint    ] Leaving safepoint region
[2019-06-24T09:18:12.433+0000][1][safepoint    ] Total time for which application threads were stopped: 0.0001665 seconds, Stopping threads took: 0.0001209 seconds
[2019-06-24T09:18:12.433+0000][1][safepoint    ] Application time: 0.0000707 seconds
[2019-06-24T09:18:12.433+0000][1][safepoint    ] Entering safepoint region: RevokeBias
[2019-06-24T09:18:12.433+0000][1][safepoint    ] Leaving safepoint region
[2019-06-24T09:18:12.433+0000][1][safepoint    ] Total time for which application threads were stopped: 0.0001255 seconds, Stopping threads took: 0.0000842 seconds
[2019-06-24T09:18:12.433+0000][1][safepoint    ] Application time: 0.0001994 seconds
[2019-06-24T09:18:12.433+0000][1][safepoint    ] Entering safepoint region: RevokeBias
[2019-06-24T09:18:12.433+0000][1][safepoint    ] Leaving safepoint region
[2019-06-24T09:18:12.433+0000][1][safepoint    ] Total time for which application threads were stopped: 0.0000642 seconds, Stopping threads took: 0.0000307 seconds
[2019-06-24T09:18:12.433+0000][1][safepoint    ] Application time: 0.0000861 seconds
[2019-06-24T09:18:12.434+0000][1][safepoint    ] Entering safepoint region: RevokeBias
[2019-06-24T09:18:12.434+0000][1][safepoint    ] Leaving safepoint region
[2019-06-24T09:18:12.434+0000][1][safepoint    ] Total time for which application threads were stopped: 0.0000990 seconds, Stopping threads took: 0.0000662 seconds
[2019-06-24T09:18:12.434+0000][1][safepoint    ] Application time: 0.0002465 seconds
[2019-06-24T09:18:12.434+0000][1][safepoint    ] Entering safepoint region: RevokeBias
[2019-06-24T09:18:12.434+0000][1][safepoint    ] Leaving safepoint region
[2019-06-24T09:18:12.434+0000][1][safepoint    ] Total time for which application threads were stopped: 0.0000811 seconds, Stopping threads took: 0.0000364 seconds
[2019-06-24T09:18:12.434+0000][1][safepoint    ] Application time: 0.0001132 seconds
[2019-06-24T09:18:12.434+0000][1][safepoint    ] Entering safepoint region: RevokeBias
[2019-06-24T09:18:12.434+0000][1][safepoint    ] Leaving safepoint region
[2019-06-24T09:18:12.434+0000][1][safepoint    ] Total time for which application threads were stopped: 0.0000884 seconds, Stopping threads took: 0.0000387 seconds
[2019-06-24T09:18:12.435+0000][1][safepoint    ] Application time: 0.0004551 seconds
[2019-06-24T09:18:12.435+0000][1][safepoint    ] Entering safepoint region: RevokeBias
[2019-06-24T09:18:12.435+0000][1][safepoint    ] Leaving safepoint region
[2019-06-24T09:18:12.435+0000][1][safepoint    ] Total time for which application threads were stopped: 0.0001365 seconds, Stopping threads took: 0.0000733 seconds
[2019-06-24T09:18:12.435+0000][1][safepoint    ] Application time: 0.0001724 seconds
[2019-06-24T09:18:12.435+0000][1][safepoint    ] Entering safepoint region: RevokeBias
[2019-06-24T09:18:12.435+0000][1][safepoint    ] Leaving safepoint region
[2019-06-24T09:18:12.435+0000][1][safepoint    ] Total time for which application threads were stopped: 0.0001769 seconds, Stopping threads took: 0.0001073 seconds
[2019-06-24T09:18:12.435+0000][1][safepoint    ] Application time: 0.0002150 seconds
[2019-06-24T09:18:12.440+0000][1][safepoint    ] Entering safepoint region: RevokeBias
[2019-06-24T09:18:12.440+0000][1][safepoint    ] Leaving safepoint region
[2019-06-24T09:18:12.440+0000][1][safepoint    ] Total time for which application threads were stopped: 0.0042591 seconds, Stopping threads took: 0.0041741 seconds
[2019-06-24T09:18:12.440+0000][1][safepoint    ] Application time: 0.0002815 seconds
[2019-06-24T09:18:12.440+0000][1][safepoint    ] Entering safepoint region: RevokeBias
[2019-06-24T09:18:12.440+0000][1][safepoint    ] Leaving safepoint region
[2019-06-24T09:18:12.440+0000][1][safepoint    ] Total time for which application threads were stopped: 0.0002318 seconds, Stopping threads took: 0.0001891 seconds
[2019-06-24T09:18:12.440+0000][1][safepoint    ] Application time: 0.0000728 seconds
[2019-06-24T09:18:12.440+0000][1][safepoint    ] Entering safepoint region: RevokeBias
[2019-06-24T09:18:12.440+0000][1][safepoint    ] Leaving safepoint region
[2019-06-24T09:18:12.440+0000][1][safepoint    ] Total time for which application threads were stopped: 0.0000609 seconds, Stopping threads took: 0.0000252 seconds
[2019-06-24T09:18:12.441+0000][1][safepoint    ] Application time: 0.0003809 seconds
[2019-06-24T09:18:12.441+0000][1][safepoint    ] Entering safepoint region: RevokeBias
[2019-06-24T09:18:12.441+0000][1][safepoint    ] Leaving safepoint region
[2019-06-24T09:18:12.441+0000][1][safepoint    ] Total time for which application threads were stopped: 0.0001622 seconds, Stopping threads took: 0.0000812 seconds
[2019-06-24T09:18:12.441+0000][1][safepoint    ] Application time: 0.0001688 seconds
[2019-06-24T09:18:12.441+0000][1][safepoint    ] Entering safepoint region: RevokeBias
[2019-06-24T09:18:12.441+0000][1][safepoint    ] Leaving safepoint region
[2019-06-24T09:18:12.441+0000][1][safepoint    ] Total time for which application threads were stopped: 0.0000752 seconds, Stopping threads took: 0.0000379 seconds
[2019-06-24T09:18:12.441+0000][1][safepoint    ] Application time: 0.0002183 seconds
[2019-06-24T09:18:12.441+0000][1][safepoint    ] Entering safepoint region: RevokeBias
[2019-06-24T09:18:12.442+0000][1][safepoint    ] Leaving safepoint region
[2019-06-24T09:18:12.442+0000][1][safepoint    ] Total time for which application threads were stopped: 0.0001366 seconds, Stopping threads took: 0.0000844 seconds
[2019-06-24T09:18:12.442+0000][1][safepoint    ] Application time: 0.0001445 seconds
[2019-06-24T09:18:12.442+0000][1][safepoint    ] Entering safepoint region: RevokeBias
[2019-06-24T09:18:12.442+0000][1][safepoint    ] Leaving safepoint region
[2019-06-24T09:18:12.442+0000][1][safepoint    ] Total time for which application threads were stopped: 0.0001664 seconds, Stopping threads took: 0.0001274 seconds
[2019-06-24T09:18:12.443+0000][1][safepoint    ] Application time: 0.0008949 seconds
[2019-06-24T09:18:12.443+0000][1][safepoint    ] Entering safepoint region: RevokeBias
[2019-06-24T09:18:12.443+0000][1][safepoint    ] Leaving safepoint region
[2019-06-24T09:18:12.443+0000][1][safepoint    ] Total time for which application threads were stopped: 0.0002621 seconds, Stopping threads took: 0.0002112 seconds
[2019-06-24T09:18:12.443+0000][1][safepoint    ] Application time: 0.0001301 seconds
[2019-06-24T09:18:12.443+0000][1][safepoint    ] Entering safepoint region: RevokeBias
[2019-06-24T09:18:12.443+0000][1][safepoint    ] Leaving safepoint region
[2019-06-24T09:18:12.443+0000][1][safepoint    ] Total time for which application threads were stopped: 0.0000759 seconds, Stopping threads took: 0.0000432 seconds
[2019-06-24T09:18:12.444+0000][1][safepoint    ] Application time: 0.0002878 seconds
[2019-06-24T09:18:12.444+0000][1][safepoint    ] Entering safepoint region: RevokeBias
[2019-06-24T09:18:12.444+0000][1][safepoint    ] Leaving safepoint region
[2019-06-24T09:18:12.444+0000][1][safepoint    ] Total time for which application threads were stopped: 0.0000585 seconds, Stopping threads took: 0.0000302 seconds
[2019-06-24T09:18:12.444+0000][1][safepoint    ] Application time: 0.0000995 seconds
[2019-06-24T09:18:12.444+0000][1][safepoint    ] Entering safepoint region: RevokeBias
[2019-06-24T09:18:12.444+0000][1][safepoint    ] Leaving safepoint region
[2019-06-24T09:18:12.444+0000][1][safepoint    ] Total time for which application threads were stopped: 0.0000370 seconds, Stopping threads took: 0.0000076 seconds
[2019-06-24T09:18:12.444+0000][1][safepoint    ] Application time: 0.0001355 seconds
[2019-06-24T09:18:12.444+0000][1][safepoint    ] Entering safepoint region: RevokeBias
[2019-06-24T09:18:12.444+0000][1][safepoint    ] Leaving safepoint region
[2019-06-24T09:18:12.444+0000][1][safepoint    ] Total time for which application threads were stopped: 0.0000732 seconds, Stopping threads took: 0.0000347 seconds
[2019-06-24T09:18:12.444+0000][1][safepoint    ] Application time: 0.0001326 seconds
[2019-06-24T09:18:12.444+0000][1][safepoint    ] Entering safepoint region: RevokeBias
[2019-06-24T09:18:12.444+0000][1][safepoint    ] Leaving safepoint region
[2019-06-24T09:18:12.444+0000][1][safepoint    ] Total time for which application threads were stopped: 0.0000733 seconds, Stopping threads took: 0.0000314 seconds
[2019-06-24T09:18:12.444+0000][1][safepoint    ] Application time: 0.0001453 seconds
[2019-06-24T09:18:12.444+0000][1][safepoint    ] Entering safepoint region: RevokeBias
[2019-06-24T09:18:12.445+0000][1][safepoint    ] Leaving safepoint region
[2019-06-24T09:18:12.445+0000][1][safepoint    ] Total time for which application threads were stopped: 0.0000806 seconds, Stopping threads took: 0.0000436 seconds
[2019-06-24T09:18:12.447+0000][1][safepoint    ] Application time: 0.0028706 seconds
[2019-06-24T09:18:12.447+0000][1][safepoint    ] Entering safepoint region: RevokeBias
[2019-06-24T09:18:12.447+0000][1][safepoint    ] Leaving safepoint region
[2019-06-24T09:18:12.447+0000][1][safepoint    ] Total time for which application threads were stopped: 0.0000491 seconds, Stopping threads took: 0.0000104 seconds
[2019-06-24T09:18:12.454+0000][1][safepoint    ] Application time: 0.0060077 seconds
[2019-06-24T09:18:12.454+0000][1][safepoint    ] Entering safepoint region: RevokeBias
[2019-06-24T09:18:12.454+0000][1][safepoint    ] Leaving safepoint region
[2019-06-24T09:18:12.454+0000][1][safepoint    ] Total time for which application threads were stopped: 0.0000457 seconds, Stopping threads took: 0.0000117 seconds
[2019-06-24T09:18:12.454+0000][1][safepoint    ] Application time: 0.0000951 seconds
[2019-06-24T09:18:12.454+0000][1][safepoint    ] Entering safepoint region: BulkRevokeBias
[2019-06-24T09:18:12.454+0000][1][safepoint    ] Leaving safepoint region
[2019-06-24T09:18:12.454+0000][1][safepoint    ] Total time for which application threads were stopped: 0.0001296 seconds, Stopping threads took: 0.0000096 seconds
[2019-06-24T09:18:12.975+0000][1][safepoint    ] Application time: 0.5215820 seconds
[2019-06-24T09:18:12.976+0000][1][safepoint    ] Entering safepoint region: RevokeBias
[2019-06-24T09:18:12.976+0000][1][safepoint    ] Leaving safepoint region
[2019-06-24T09:18:12.976+0000][1][safepoint    ] Total time for which application threads were stopped: 0.0001462 seconds, Stopping threads took: 0.0000384 seconds
[2019-06-24T09:18:12.976+0000][1][safepoint    ] Application time: 0.0003091 seconds
[2019-06-24T09:18:12.976+0000][1][safepoint    ] Entering safepoint region: RevokeBias
[2019-06-24T09:18:12.976+0000][1][safepoint    ] Leaving safepoint region
[2019-06-24T09:18:12.976+0000][1][safepoint    ] Total time for which application threads were stopped: 0.0001108 seconds, Stopping threads took: 0.0000323 seconds
[2019-06-24T09:18:13.327+0000][1][safepoint    ] Application time: 0.3510059 seconds
[2019-06-24T09:18:13.327+0000][1][safepoint    ] Entering safepoint region: RevokeBias
[2019-06-24T09:18:13.327+0000][1][safepoint    ] Leaving safepoint region
[2019-06-24T09:18:13.327+0000][1][safepoint    ] Total time for which application threads were stopped: 0.0001833 seconds, Stopping threads took: 0.0000561 seconds
[2019-06-24T09:18:13.328+0000][1][safepoint    ] Application time: 0.0002596 seconds
[2019-06-24T09:18:13.328+0000][1][safepoint    ] Entering safepoint region: RevokeBias
[2019-06-24T09:18:13.328+0000][1][safepoint    ] Leaving safepoint region
[2019-06-24T09:18:13.328+0000][1][safepoint    ] Total time for which application threads were stopped: 0.0001154 seconds, Stopping threads took: 0.0000329 seconds
[2019-06-24T09:18:13.328+0000][1][safepoint    ] Application time: 0.0002655 seconds
[2019-06-24T09:18:13.328+0000][1][safepoint    ] Entering safepoint region: RevokeBias
[2019-06-24T09:18:13.328+0000][1][safepoint    ] Leaving safepoint region
[2019-06-24T09:18:13.328+0000][1][safepoint    ] Total time for which application threads were stopped: 0.0001085 seconds, Stopping threads took: 0.0000420 seconds
[2019-06-24T09:18:13.329+0000][1][safepoint    ] Application time: 0.0002165 seconds
[2019-06-24T09:18:13.329+0000][1][safepoint    ] Entering safepoint region: RevokeBias
[2019-06-24T09:18:13.329+0000][1][safepoint    ] Leaving safepoint region
[2019-06-24T09:18:13.329+0000][1][safepoint    ] Total time for which application threads were stopped: 0.0001166 seconds, Stopping threads took: 0.0000393 seconds
[2019-06-24T09:18:13.329+0000][1][safepoint    ] Application time: 0.0002095 seconds
[2019-06-24T09:18:13.329+0000][1][safepoint    ] Entering safepoint region: RevokeBias
[2019-06-24T09:18:13.329+0000][1][safepoint    ] Leaving safepoint region
[2019-06-24T09:18:13.329+0000][1][safepoint    ] Total time for which application threads were stopped: 0.0001137 seconds, Stopping threads took: 0.0000383 seconds
[2019-06-24T09:18:13.329+0000][1][safepoint    ] Application time: 0.0002185 seconds
[2019-06-24T09:18:13.329+0000][1][safepoint    ] Entering safepoint region: RevokeBias
[2019-06-24T09:18:13.330+0000][1][safepoint    ] Leaving safepoint region
[2019-06-24T09:18:13.330+0000][1][safepoint    ] Total time for which application threads were stopped: 0.0001123 seconds, Stopping threads took: 0.0000388 seconds
[2019-06-24T09:18:13.330+0000][1][safepoint    ] Application time: 0.0001735 seconds
[2019-06-24T09:18:13.330+0000][1][safepoint    ] Entering safepoint region: RevokeBias
[2019-06-24T09:18:13.330+0000][1][safepoint    ] Leaving safepoint region
[2019-06-24T09:18:13.330+0000][1][safepoint    ] Total time for which application threads were stopped: 0.0001081 seconds, Stopping threads took: 0.0000402 seconds
[2019-06-24T09:18:13.330+0000][1][safepoint    ] Application time: 0.0001972 seconds
[2019-06-24T09:18:13.330+0000][1][safepoint    ] Entering safepoint region: RevokeBias
[2019-06-24T09:18:13.330+0000][1][safepoint    ] Leaving safepoint region
[2019-06-24T09:18:13.330+0000][1][safepoint    ] Total time for which application threads were stopped: 0.0000645 seconds, Stopping threads took: 0.0000215 seconds
[2019-06-24T09:18:13.338+0000][1][safepoint    ] Application time: 0.0080445 seconds
[2019-06-24T09:18:13.338+0000][1][safepoint    ] Entering safepoint region: RevokeBias
[2019-06-24T09:18:13.339+0000][1][safepoint    ] Leaving safepoint region
[2019-06-24T09:18:13.339+0000][1][safepoint    ] Total time for which application threads were stopped: 0.0001510 seconds, Stopping threads took: 0.0000333 seconds
[2019-06-24T09:18:13.341+0000][1][safepoint    ] Application time: 0.0019990 seconds
[2019-06-24T09:18:13.341+0000][1][safepoint    ] Entering safepoint region: RevokeBias
[2019-06-24T09:18:13.341+0000][1][safepoint    ] Leaving safepoint region
[2019-06-24T09:18:13.341+0000][1][safepoint    ] Total time for which application threads were stopped: 0.0001768 seconds, Stopping threads took: 0.0000865 seconds
[2019-06-24T09:18:13.341+0000][1][safepoint    ] Application time: 0.0004054 seconds
[2019-06-24T09:18:13.342+0000][1][safepoint    ] Entering safepoint region: RevokeBias
[2019-06-24T09:18:13.342+0000][1][safepoint    ] Leaving safepoint region
[2019-06-24T09:18:13.342+0000][1][safepoint    ] Total time for which application threads were stopped: 0.0004236 seconds, Stopping threads took: 0.0003097 seconds
[2019-06-24T09:18:13.343+0000][1][safepoint    ] Application time: 0.0016333 seconds
[2019-06-24T09:18:13.343+0000][1][safepoint    ] Entering safepoint region: RevokeBias
[2019-06-24T09:18:13.344+0000][1][safepoint    ] Leaving safepoint region
[2019-06-24T09:18:13.344+0000][1][safepoint    ] Total time for which application threads were stopped: 0.0001302 seconds, Stopping threads took: 0.0000345 seconds
[2019-06-24T09:18:13.344+0000][1][safepoint    ] Application time: 0.0002397 seconds
[2019-06-24T09:18:13.344+0000][1][safepoint    ] Entering safepoint region: RevokeBias
[2019-06-24T09:18:13.344+0000][1][safepoint    ] Leaving safepoint region
[2019-06-24T09:18:13.344+0000][1][safepoint    ] Total time for which application threads were stopped: 0.0001202 seconds, Stopping threads took: 0.0000326 seconds
[2019-06-24T09:18:13.348+0000][1][safepoint    ] Application time: 0.0041959 seconds
[2019-06-24T09:18:13.348+0000][1][safepoint    ] Entering safepoint region: RevokeBias
[2019-06-24T09:18:13.348+0000][1][safepoint    ] Leaving safepoint region
[2019-06-24T09:18:13.348+0000][1][safepoint    ] Total time for which application threads were stopped: 0.0001087 seconds, Stopping threads took: 0.0000317 seconds
[2019-06-24T09:18:13.353+0000][1][safepoint    ] Application time: 0.0041255 seconds
[2019-06-24T09:18:13.353+0000][1][safepoint    ] Entering safepoint region: RevokeBias
[2019-06-24T09:18:13.353+0000][1][safepoint    ] Leaving safepoint region
[2019-06-24T09:18:13.353+0000][1][safepoint    ] Total time for which application threads were stopped: 0.0001254 seconds, Stopping threads took: 0.0000344 seconds
[2019-06-24T09:18:13.357+0000][1][safepoint    ] Application time: 0.0038098 seconds
[2019-06-24T09:18:13.357+0000][1][safepoint    ] Entering safepoint region: RevokeBias
[2019-06-24T09:18:13.357+0000][1][safepoint    ] Leaving safepoint region
[2019-06-24T09:18:13.357+0000][1][safepoint    ] Total time for which application threads were stopped: 0.0000659 seconds, Stopping threads took: 0.0000291 seconds
[2019-06-24T09:18:13.358+0000][1][safepoint    ] Application time: 0.0016177 seconds
[2019-06-24T09:18:13.358+0000][1][safepoint    ] Entering safepoint region: RevokeBias
[2019-06-24T09:18:13.358+0000][1][safepoint    ] Leaving safepoint region
[2019-06-24T09:18:13.358+0000][1][safepoint    ] Total time for which application threads were stopped: 0.0000760 seconds, Stopping threads took: 0.0000345 seconds
[2019-06-24T09:18:13.359+0000][1][safepoint    ] Application time: 0.0001529 seconds
[2019-06-24T09:18:13.359+0000][1][safepoint    ] Entering safepoint region: RevokeBias
[2019-06-24T09:18:13.359+0000][1][safepoint    ] Leaving safepoint region
[2019-06-24T09:18:13.359+0000][1][safepoint    ] Total time for which application threads were stopped: 0.0000505 seconds, Stopping threads took: 0.0000249 seconds
[2019-06-24T09:18:13.362+0000][1][safepoint    ] Application time: 0.0031829 seconds
[2019-06-24T09:18:13.362+0000][1][safepoint    ] Entering safepoint region: RevokeBias
[2019-06-24T09:18:13.362+0000][1][safepoint    ] Leaving safepoint region
[2019-06-24T09:18:13.362+0000][1][safepoint    ] Total time for which application threads were stopped: 0.0000596 seconds, Stopping threads took: 0.0000138 seconds
[2019-06-24T09:18:13.362+0000][1][safepoint    ] Application time: 0.0000574 seconds
[2019-06-24T09:18:13.362+0000][1][safepoint    ] Entering safepoint region: RevokeBias
[2019-06-24T09:18:13.362+0000][1][safepoint    ] Leaving safepoint region
[2019-06-24T09:18:13.362+0000][1][safepoint    ] Total time for which application threads were stopped: 0.0000409 seconds, Stopping threads took: 0.0000090 seconds
[2019-06-24T09:18:13.362+0000][1][safepoint    ] Application time: 0.0000983 seconds
[2019-06-24T09:18:13.362+0000][1][safepoint    ] Entering safepoint region: RevokeBias
[2019-06-24T09:18:13.362+0000][1][safepoint    ] Leaving safepoint region
[2019-06-24T09:18:13.362+0000][1][safepoint    ] Total time for which application threads were stopped: 0.0000303 seconds, Stopping threads took: 0.0000086 seconds
[2019-06-24T09:18:13.363+0000][1][safepoint    ] Application time: 0.0007634 seconds
[2019-06-24T09:18:13.363+0000][1][safepoint    ] Entering safepoint region: RevokeBias
[2019-06-24T09:18:13.363+0000][1][safepoint    ] Leaving safepoint region
[2019-06-24T09:18:13.363+0000][1][safepoint    ] Total time for which application threads were stopped: 0.0000382 seconds, Stopping threads took: 0.0000090 seconds
[2019-06-24T09:18:13.363+0000][1][safepoint    ] Application time: 0.0001120 seconds
[2019-06-24T09:18:13.363+0000][1][safepoint    ] Entering safepoint region: RevokeBias
[2019-06-24T09:18:13.363+0000][1][safepoint    ] Leaving safepoint region
[2019-06-24T09:18:13.363+0000][1][safepoint    ] Total time for which application threads were stopped: 0.0000352 seconds, Stopping threads took: 0.0000087 seconds
[2019-06-24T09:18:13.363+0000][1][safepoint    ] Application time: 0.0000815 seconds
[2019-06-24T09:18:13.363+0000][1][safepoint    ] Entering safepoint region: RevokeBias
[2019-06-24T09:18:13.363+0000][1][safepoint    ] Leaving safepoint region
[2019-06-24T09:18:13.363+0000][1][safepoint    ] Total time for which application threads were stopped: 0.0000625 seconds, Stopping threads took: 0.0000362 seconds
[2019-06-24T09:18:13.364+0000][1][safepoint    ] Application time: 0.0005046 seconds
[2019-06-24T09:18:13.364+0000][1][safepoint    ] Entering safepoint region: RevokeBias
[2019-06-24T09:18:13.364+0000][1][safepoint    ] Leaving safepoint region
[2019-06-24T09:18:13.364+0000][1][safepoint    ] Total time for which application threads were stopped: 0.0000921 seconds, Stopping threads took: 0.0000637 seconds
[2019-06-24T09:18:13.365+0000][1][safepoint    ] Application time: 0.0005999 seconds
[2019-06-24T09:18:13.365+0000][1][safepoint    ] Entering safepoint region: RevokeBias
[2019-06-24T09:18:13.365+0000][1][safepoint    ] Leaving safepoint region
[2019-06-24T09:18:13.365+0000][1][safepoint    ] Total time for which application threads were stopped: 0.0000616 seconds, Stopping threads took: 0.0000283 seconds
[2019-06-24T09:18:13.365+0000][1][safepoint    ] Application time: 0.0000868 seconds
[2019-06-24T09:18:13.365+0000][1][safepoint    ] Entering safepoint region: BulkRevokeBias
[2019-06-24T09:18:13.365+0000][1][safepoint    ] Leaving safepoint region
[2019-06-24T09:18:13.365+0000][1][safepoint    ] Total time for which application threads were stopped: 0.0001164 seconds, Stopping threads took: 0.0000402 seconds
[2019-06-24T09:18:13.365+0000][1][safepoint    ] Application time: 0.0004609 seconds
[2019-06-24T09:18:13.365+0000][1][safepoint    ] Entering safepoint region: RevokeBias
[2019-06-24T09:18:13.365+0000][1][safepoint    ] Leaving safepoint region
[2019-06-24T09:18:13.365+0000][1][safepoint    ] Total time for which application threads were stopped: 0.0000578 seconds, Stopping threads took: 0.0000290 seconds
[2019-06-24T09:18:13.366+0000][1][safepoint    ] Application time: 0.0002826 seconds
[2019-06-24T09:18:13.366+0000][1][safepoint    ] Entering safepoint region: RevokeBias
[2019-06-24T09:18:13.366+0000][1][safepoint    ] Leaving safepoint region
[2019-06-24T09:18:13.366+0000][1][safepoint    ] Total time for which application threads were stopped: 0.0000547 seconds, Stopping threads took: 0.0000313 seconds
[2019-06-24T09:18:13.367+0000][1][safepoint    ] Application time: 0.0012875 seconds
[2019-06-24T09:18:13.367+0000][1][safepoint    ] Entering safepoint region: RevokeBias
[2019-06-24T09:18:13.367+0000][1][safepoint    ] Leaving safepoint region
[2019-06-24T09:18:13.367+0000][1][safepoint    ] Total time for which application threads were stopped: 0.0000755 seconds, Stopping threads took: 0.0000467 seconds
[2019-06-24T09:18:13.367+0000][1][safepoint    ] Application time: 0.0001800 seconds
[2019-06-24T09:18:13.367+0000][1][safepoint    ] Entering safepoint region: RevokeBias
[2019-06-24T09:18:13.367+0000][1][safepoint    ] Leaving safepoint region
[2019-06-24T09:18:13.367+0000][1][safepoint    ] Total time for which application threads were stopped: 0.0000482 seconds, Stopping threads took: 0.0000284 seconds
[2019-06-24T09:18:13.368+0000][1][safepoint    ] Application time: 0.0001670 seconds
[2019-06-24T09:18:13.368+0000][1][safepoint    ] Entering safepoint region: RevokeBias
[2019-06-24T09:18:13.368+0000][1][safepoint    ] Leaving safepoint region
[2019-06-24T09:18:13.368+0000][1][safepoint    ] Total time for which application threads were stopped: 0.0000578 seconds, Stopping threads took: 0.0000354 seconds
[2019-06-24T09:18:13.368+0000][1][safepoint    ] Application time: 0.0001460 seconds
[2019-06-24T09:18:13.368+0000][1][safepoint    ] Entering safepoint region: RevokeBias
[2019-06-24T09:18:13.368+0000][1][safepoint    ] Leaving safepoint region
[2019-06-24T09:18:13.368+0000][1][safepoint    ] Total time for which application threads were stopped: 0.0000542 seconds, Stopping threads took: 0.0000330 seconds
[2019-06-24T09:18:13.369+0000][1][safepoint    ] Application time: 0.0013306 seconds
[2019-06-24T09:18:13.369+0000][1][safepoint    ] Entering safepoint region: RevokeBias
[2019-06-24T09:18:13.369+0000][1][safepoint    ] Leaving safepoint region
[2019-06-24T09:18:13.369+0000][1][safepoint    ] Total time for which application threads were stopped: 0.0000699 seconds, Stopping threads took: 0.0000380 seconds
[2019-06-24T09:18:13.369+0000][1][safepoint    ] Application time: 0.0000580 seconds
[2019-06-24T09:18:13.369+0000][1][safepoint    ] Entering safepoint region: RevokeBias
[2019-06-24T09:18:13.369+0000][1][safepoint    ] Leaving safepoint region
[2019-06-24T09:18:13.369+0000][1][safepoint    ] Total time for which application threads were stopped: 0.0000494 seconds, Stopping threads took: 0.0000270 seconds
[2019-06-24T09:18:13.370+0000][1][safepoint    ] Application time: 0.0002245 seconds
[2019-06-24T09:18:13.370+0000][1][safepoint    ] Entering safepoint region: RevokeBias
[2019-06-24T09:18:13.370+0000][1][safepoint    ] Leaving safepoint region
[2019-06-24T09:18:13.370+0000][1][safepoint    ] Total time for which application threads were stopped: 0.0000503 seconds, Stopping threads took: 0.0000274 seconds
[2019-06-24T09:18:13.370+0000][1][safepoint    ] Application time: 0.0004111 seconds
[2019-06-24T09:18:13.370+0000][1][safepoint    ] Entering safepoint region: RevokeBias
[2019-06-24T09:18:13.370+0000][1][safepoint    ] Leaving safepoint region
[2019-06-24T09:18:13.370+0000][1][safepoint    ] Total time for which application threads were stopped: 0.0000394 seconds, Stopping threads took: 0.0000125 seconds
[2019-06-24T09:18:13.370+0000][1][safepoint    ] Application time: 0.0000651 seconds
[2019-06-24T09:18:13.370+0000][1][safepoint    ] Entering safepoint region: RevokeBias
[2019-06-24T09:18:13.370+0000][1][safepoint    ] Leaving safepoint region
[2019-06-24T09:18:13.370+0000][1][safepoint    ] Total time for which application threads were stopped: 0.0000293 seconds, Stopping threads took: 0.0000082 seconds
[2019-06-24T09:18:13.370+0000][1][safepoint    ] Application time: 0.0000421 seconds
[2019-06-24T09:18:13.370+0000][1][safepoint    ] Entering safepoint region: RevokeBias
[2019-06-24T09:18:13.370+0000][1][safepoint    ] Leaving safepoint region
[2019-06-24T09:18:13.370+0000][1][safepoint    ] Total time for which application threads were stopped: 0.0000270 seconds, Stopping threads took: 0.0000077 seconds
[2019-06-24T09:18:13.371+0000][1][safepoint    ] Application time: 0.0003234 seconds
[2019-06-24T09:18:13.371+0000][1][safepoint    ] Entering safepoint region: RevokeBias
[2019-06-24T09:18:13.371+0000][1][safepoint    ] Leaving safepoint region
[2019-06-24T09:18:13.371+0000][1][safepoint    ] Total time for which application threads were stopped: 0.0000431 seconds, Stopping threads took: 0.0000090 seconds
[2019-06-24T09:18:13.371+0000][1][safepoint    ] Application time: 0.0001048 seconds
[2019-06-24T09:18:13.371+0000][1][safepoint    ] Entering safepoint region: RevokeBias
[2019-06-24T09:18:13.371+0000][1][safepoint    ] Leaving safepoint region
[2019-06-24T09:18:13.371+0000][1][safepoint    ] Total time for which application threads were stopped: 0.0000839 seconds, Stopping threads took: 0.0000510 seconds
[2019-06-24T09:18:13.371+0000][1][safepoint    ] Application time: 0.0001371 seconds
[2019-06-24T09:18:13.371+0000][1][safepoint    ] Entering safepoint region: RevokeBias
[2019-06-24T09:18:13.371+0000][1][safepoint    ] Leaving safepoint region
[2019-06-24T09:18:13.371+0000][1][safepoint    ] Total time for which application threads were stopped: 0.0002011 seconds, Stopping threads took: 0.0001664 seconds
[2019-06-24T09:18:13.374+0000][1][gc,heap,exit ] Heap
[2019-06-24T09:18:13.374+0000][1][gc,heap,exit ]  par new generation   total 78656K, used 27750K [0x00000000f0000000, 0x00000000f5550000, 0x00000000f5550000)
[2019-06-24T09:18:13.374+0000][1][gc,heap,exit ]   eden space 69952K,  27% used [0x00000000f0000000, 0x00000000f1299a60, 0x00000000f4450000)
[2019-06-24T09:18:13.374+0000][1][gc,heap,exit ]   from space 8704K, 100% used [0x00000000f4450000, 0x00000000f4cd0000, 0x00000000f4cd0000)
[2019-06-24T09:18:13.374+0000][1][gc,heap,exit ]   to   space 8704K,   0% used [0x00000000f4cd0000, 0x00000000f4cd0000, 0x00000000f5550000)
[2019-06-24T09:18:13.374+0000][1][gc,heap,exit ]  concurrent mark-sweep generation total 174784K, used 59520K [0x00000000f5550000, 0x0000000100000000, 0x0000000100000000)
[2019-06-24T09:18:13.374+0000][1][gc,heap,exit ]  Metaspace       used 63200K, capacity 67941K, committed 68292K, reserved 1107968K
[2019-06-24T09:18:13.374+0000][1][gc,heap,exit ]   class space    used 8603K, capacity 10560K, committed 10648K, reserved 1048576K
[2019-06-24T09:18:13.374+0000][1][safepoint    ] Application time: 0.0024411 seconds
[2019-06-24T09:18:13.374+0000][1][safepoint    ] Entering safepoint region: Halt
