[2019-06-24T09:20:21.607+0000][1][gc] Using Concurrent Mark Sweep
[2019-06-24T09:20:21.607+0000][1][gc,heap,coops] Heap address: 0x00000000f0000000, size: 256 MB, Compressed Oops mode: 32-bit
[2019-06-24T09:20:21.653+0000][1][safepoint    ] Entering safepoint region: EnableBiasedLocking
[2019-06-24T09:20:21.653+0000][1][safepoint    ] Leaving safepoint region
[2019-06-24T09:20:21.653+0000][1][safepoint    ] Total time for which application threads were stopped: 0.0001303 seconds, Stopping threads took: 0.0000462 seconds
[2019-06-24T09:20:21.656+0000][1][safepoint    ] Application time: 0.0027957 seconds
[2019-06-24T09:20:21.656+0000][1][safepoint    ] Entering safepoint region: RevokeBias
[2019-06-24T09:20:21.656+0000][1][safepoint    ] Leaving safepoint region
[2019-06-24T09:20:21.656+0000][1][safepoint    ] Total time for which application threads were stopped: 0.0001764 seconds, Stopping threads took: 0.0001140 seconds
[2019-06-24T09:20:21.665+0000][1][safepoint    ] Application time: 0.0094006 seconds
[2019-06-24T09:20:21.665+0000][1][safepoint    ] Entering safepoint region: Deoptimize
[2019-06-24T09:20:21.666+0000][1][safepoint    ] Leaving safepoint region
[2019-06-24T09:20:21.666+0000][1][safepoint    ] Total time for which application threads were stopped: 0.0000538 seconds, Stopping threads took: 0.0000109 seconds
[2019-06-24T09:20:21.759+0000][1][safepoint    ] Application time: 0.0937412 seconds
[2019-06-24T09:20:21.759+0000][1][safepoint    ] Entering safepoint region: RevokeBias
[2019-06-24T09:20:21.759+0000][1][safepoint    ] Leaving safepoint region
[2019-06-24T09:20:21.759+0000][1][safepoint    ] Total time for which application threads were stopped: 0.0000936 seconds, Stopping threads took: 0.0000375 seconds
[2019-06-24T09:20:21.761+0000][1][safepoint    ] Application time: 0.0015248 seconds
[2019-06-24T09:20:21.761+0000][1][safepoint    ] Entering safepoint region: Deoptimize
[2019-06-24T09:20:21.761+0000][1][safepoint    ] Leaving safepoint region
[2019-06-24T09:20:21.761+0000][1][safepoint    ] Total time for which application threads were stopped: 0.0000488 seconds, Stopping threads took: 0.0000074 seconds
[2019-06-24T09:20:21.784+0000][1][safepoint    ] Application time: 0.0227290 seconds
[2019-06-24T09:20:21.784+0000][1][safepoint    ] Entering safepoint region: Deoptimize
[2019-06-24T09:20:21.784+0000][1][safepoint    ] Leaving safepoint region
[2019-06-24T09:20:21.784+0000][1][safepoint    ] Total time for which application threads were stopped: 0.0000629 seconds, Stopping threads took: 0.0000086 seconds
[2019-06-24T09:20:22.004+0000][1][safepoint    ] Application time: 0.2197495 seconds
[2019-06-24T09:20:22.004+0000][1][safepoint    ] Entering safepoint region: Deoptimize
[2019-06-24T09:20:22.004+0000][1][safepoint    ] Leaving safepoint region
[2019-06-24T09:20:22.004+0000][1][safepoint    ] Total time for which application threads were stopped: 0.0001499 seconds, Stopping threads took: 0.0000089 seconds
[2019-06-24T09:20:22.024+0000][1][safepoint    ] Application time: 0.0200363 seconds
[2019-06-24T09:20:22.024+0000][1][safepoint    ] Entering safepoint region: Deoptimize
[2019-06-24T09:20:22.024+0000][1][safepoint    ] Leaving safepoint region
[2019-06-24T09:20:22.024+0000][1][safepoint    ] Total time for which application threads were stopped: 0.0000987 seconds, Stopping threads took: 0.0000083 seconds
[2019-06-24T09:20:22.047+0000][1][safepoint    ] Application time: 0.0234026 seconds
[2019-06-24T09:20:22.047+0000][1][safepoint    ] Entering safepoint region: Deoptimize
[2019-06-24T09:20:22.048+0000][1][safepoint    ] Leaving safepoint region
[2019-06-24T09:20:22.048+0000][1][safepoint    ] Total time for which application threads were stopped: 0.0001568 seconds, Stopping threads took: 0.0000090 seconds
[2019-06-24T09:20:22.058+0000][1][safepoint    ] Application time: 0.0099618 seconds
[2019-06-24T09:20:22.058+0000][1][safepoint    ] Entering safepoint region: Deoptimize
[2019-06-24T09:20:22.058+0000][1][safepoint    ] Leaving safepoint region
[2019-06-24T09:20:22.058+0000][1][safepoint    ] Total time for which application threads were stopped: 0.0001116 seconds, Stopping threads took: 0.0000183 seconds
[2019-06-24T09:20:22.396+0000][1][safepoint    ] Application time: 0.3382156 seconds
[2019-06-24T09:20:22.396+0000][1][safepoint    ] Entering safepoint region: Deoptimize
[2019-06-24T09:20:22.396+0000][1][safepoint    ] Leaving safepoint region
[2019-06-24T09:20:22.396+0000][1][safepoint    ] Total time for which application threads were stopped: 0.0002824 seconds, Stopping threads took: 0.0000093 seconds
[2019-06-24T09:20:22.605+0000][1][safepoint    ] Application time: 0.2089206 seconds
[2019-06-24T09:20:22.605+0000][1][safepoint    ] Entering safepoint region: RevokeBias
[2019-06-24T09:20:22.605+0000][1][safepoint    ] Leaving safepoint region
[2019-06-24T09:20:22.605+0000][1][safepoint    ] Total time for which application threads were stopped: 0.0001351 seconds, Stopping threads took: 0.0000157 seconds
[2019-06-24T09:20:22.685+0000][1][safepoint    ] Application time: 0.0796272 seconds
[2019-06-24T09:20:22.685+0000][1][safepoint    ] Entering safepoint region: Deoptimize
[2019-06-24T09:20:22.685+0000][1][safepoint    ] Leaving safepoint region
[2019-06-24T09:20:22.685+0000][1][safepoint    ] Total time for which application threads were stopped: 0.0002132 seconds, Stopping threads took: 0.0000136 seconds
[2019-06-24T09:20:22.786+0000][1][safepoint    ] Application time: 0.1009213 seconds
[2019-06-24T09:20:22.786+0000][1][safepoint    ] Entering safepoint region: Deoptimize
[2019-06-24T09:20:22.786+0000][1][safepoint    ] Leaving safepoint region
[2019-06-24T09:20:22.786+0000][1][safepoint    ] Total time for which application threads were stopped: 0.0002247 seconds, Stopping threads took: 0.0000139 seconds
[2019-06-24T09:20:22.787+0000][1][safepoint    ] Application time: 0.0001314 seconds
[2019-06-24T09:20:22.787+0000][1][safepoint    ] Entering safepoint region: Deoptimize
[2019-06-24T09:20:22.787+0000][1][safepoint    ] Leaving safepoint region
[2019-06-24T09:20:22.787+0000][1][safepoint    ] Total time for which application threads were stopped: 0.0001712 seconds, Stopping threads took: 0.0000099 seconds
[2019-06-24T09:20:22.802+0000][1][safepoint    ] Application time: 0.0147801 seconds
[2019-06-24T09:20:22.802+0000][1][safepoint    ] Entering safepoint region: Deoptimize
[2019-06-24T09:20:22.802+0000][1][safepoint    ] Leaving safepoint region
[2019-06-24T09:20:22.802+0000][1][safepoint    ] Total time for which application threads were stopped: 0.0001938 seconds, Stopping threads took: 0.0000136 seconds
[2019-06-24T09:20:22.810+0000][1][safepoint    ] Application time: 0.0084736 seconds
[2019-06-24T09:20:22.810+0000][1][safepoint    ] Entering safepoint region: Deoptimize
[2019-06-24T09:20:22.810+0000][1][safepoint    ] Leaving safepoint region
[2019-06-24T09:20:22.810+0000][1][safepoint    ] Total time for which application threads were stopped: 0.0002045 seconds, Stopping threads took: 0.0000143 seconds
[2019-06-24T09:20:22.816+0000][1][safepoint    ] Application time: 0.0052162 seconds
[2019-06-24T09:20:22.816+0000][1][safepoint    ] Entering safepoint region: RevokeBias
[2019-06-24T09:20:22.816+0000][1][safepoint    ] Leaving safepoint region
[2019-06-24T09:20:22.816+0000][1][safepoint    ] Total time for which application threads were stopped: 0.0000721 seconds, Stopping threads took: 0.0000225 seconds
[2019-06-24T09:20:22.816+0000][1][safepoint    ] Application time: 0.0002279 seconds
[2019-06-24T09:20:22.816+0000][1][safepoint    ] Entering safepoint region: RevokeBias
[2019-06-24T09:20:22.816+0000][1][safepoint    ] Leaving safepoint region
[2019-06-24T09:20:22.816+0000][1][safepoint    ] Total time for which application threads were stopped: 0.0000600 seconds, Stopping threads took: 0.0000245 seconds
[2019-06-24T09:20:22.816+0000][1][safepoint    ] Application time: 0.0001210 seconds
[2019-06-24T09:20:22.816+0000][1][safepoint    ] Entering safepoint region: RevokeBias
[2019-06-24T09:20:22.816+0000][1][safepoint    ] Leaving safepoint region
[2019-06-24T09:20:22.816+0000][1][safepoint    ] Total time for which application threads were stopped: 0.0000623 seconds, Stopping threads took: 0.0000277 seconds
[2019-06-24T09:20:22.816+0000][1][safepoint    ] Application time: 0.0001120 seconds
[2019-06-24T09:20:22.816+0000][1][safepoint    ] Entering safepoint region: RevokeBias
[2019-06-24T09:20:22.817+0000][1][safepoint    ] Leaving safepoint region
[2019-06-24T09:20:22.817+0000][1][safepoint    ] Total time for which application threads were stopped: 0.0000532 seconds, Stopping threads took: 0.0000212 seconds
[2019-06-24T09:20:22.817+0000][1][safepoint    ] Application time: 0.0001849 seconds
[2019-06-24T09:20:22.817+0000][1][safepoint    ] Entering safepoint region: RevokeBias
[2019-06-24T09:20:22.817+0000][1][safepoint    ] Leaving safepoint region
[2019-06-24T09:20:22.817+0000][1][safepoint    ] Total time for which application threads were stopped: 0.0000572 seconds, Stopping threads took: 0.0000240 seconds
[2019-06-24T09:20:22.819+0000][1][safepoint    ] Application time: 0.0018017 seconds
[2019-06-24T09:20:22.819+0000][1][safepoint    ] Entering safepoint region: RevokeBias
[2019-06-24T09:20:22.819+0000][1][safepoint    ] Leaving safepoint region
[2019-06-24T09:20:22.819+0000][1][safepoint    ] Total time for which application threads were stopped: 0.0000461 seconds, Stopping threads took: 0.0000139 seconds
[2019-06-24T09:20:22.825+0000][1][safepoint    ] Application time: 0.0060590 seconds
[2019-06-24T09:20:22.825+0000][1][safepoint    ] Entering safepoint region: Deoptimize
[2019-06-24T09:20:22.825+0000][1][safepoint    ] Leaving safepoint region
[2019-06-24T09:20:22.825+0000][1][safepoint    ] Total time for which application threads were stopped: 0.0001951 seconds, Stopping threads took: 0.0000133 seconds
[2019-06-24T09:20:22.903+0000][1][safepoint    ] Application time: 0.0781044 seconds
[2019-06-24T09:20:22.903+0000][1][safepoint    ] Entering safepoint region: GenCollectForAllocation
[2019-06-24T09:20:22.903+0000][1][gc,start     ] GC(0) Pause Young (Allocation Failure)
[2019-06-24T09:20:22.904+0000][1][gc,task      ] GC(0) Using 5 workers of 8 for evacuation
[2019-06-24T09:20:22.909+0000][1][gc,age       ] GC(0) Desired survivor size 4456448 bytes, new threshold 1 (max threshold 6)
[2019-06-24T09:20:22.909+0000][1][gc,age       ] GC(0) Age table with threshold 1 (max threshold 6)
[2019-06-24T09:20:22.909+0000][1][gc,age       ] GC(0) - age   1:    7811872 bytes,    7811872 total
[2019-06-24T09:20:22.909+0000][1][gc,heap      ] GC(0) ParNew: 69952K->7730K(78656K)
[2019-06-24T09:20:22.909+0000][1][gc,heap      ] GC(0) CMS: 0K->0K(174784K)
[2019-06-24T09:20:22.909+0000][1][gc,metaspace ] GC(0) Metaspace: 11930K->11930K(1060864K)
[2019-06-24T09:20:22.909+0000][1][gc           ] GC(0) Pause Young (Allocation Failure) 68M->7M(247M) 5.520ms
[2019-06-24T09:20:22.909+0000][1][gc,cpu       ] GC(0) User=0.03s Sys=0.00s Real=0.00s
[2019-06-24T09:20:22.909+0000][1][safepoint    ] Leaving safepoint region
[2019-06-24T09:20:22.909+0000][1][safepoint    ] Total time for which application threads were stopped: 0.0056473 seconds, Stopping threads took: 0.0000174 seconds
[2019-06-24T09:20:22.909+0000][1][safepoint    ] Application time: 0.0003493 seconds
[2019-06-24T09:20:22.909+0000][1][safepoint    ] Entering safepoint region: RevokeBias
[2019-06-24T09:20:22.909+0000][1][safepoint    ] Leaving safepoint region
[2019-06-24T09:20:22.909+0000][1][safepoint    ] Total time for which application threads were stopped: 0.0000739 seconds, Stopping threads took: 0.0000368 seconds
[2019-06-24T09:20:22.909+0000][1][safepoint    ] Application time: 0.0000356 seconds
[2019-06-24T09:20:22.909+0000][1][safepoint    ] Entering safepoint region: RevokeBias
[2019-06-24T09:20:22.909+0000][1][safepoint    ] Leaving safepoint region
[2019-06-24T09:20:22.909+0000][1][safepoint    ] Total time for which application threads were stopped: 0.0000302 seconds, Stopping threads took: 0.0000063 seconds
[2019-06-24T09:20:22.909+0000][1][safepoint    ] Application time: 0.0001529 seconds
[2019-06-24T09:20:22.910+0000][1][safepoint    ] Entering safepoint region: RevokeBias
[2019-06-24T09:20:22.910+0000][1][safepoint    ] Leaving safepoint region
[2019-06-24T09:20:22.910+0000][1][safepoint    ] Total time for which application threads were stopped: 0.0001894 seconds, Stopping threads took: 0.0001594 seconds
[2019-06-24T09:20:22.910+0000][1][safepoint    ] Application time: 0.0000374 seconds
[2019-06-24T09:20:22.910+0000][1][safepoint    ] Entering safepoint region: RevokeBias
[2019-06-24T09:20:22.910+0000][1][safepoint    ] Leaving safepoint region
[2019-06-24T09:20:22.910+0000][1][safepoint    ] Total time for which application threads were stopped: 0.0001061 seconds, Stopping threads took: 0.0000784 seconds
[2019-06-24T09:20:22.910+0000][1][safepoint    ] Application time: 0.0000434 seconds
[2019-06-24T09:20:22.910+0000][1][safepoint    ] Entering safepoint region: RevokeBias
[2019-06-24T09:20:22.910+0000][1][safepoint    ] Leaving safepoint region
[2019-06-24T09:20:22.910+0000][1][safepoint    ] Total time for which application threads were stopped: 0.0000277 seconds, Stopping threads took: 0.0000065 seconds
[2019-06-24T09:20:22.910+0000][1][safepoint    ] Application time: 0.0000328 seconds
[2019-06-24T09:20:22.910+0000][1][safepoint    ] Entering safepoint region: RevokeBias
[2019-06-24T09:20:22.910+0000][1][safepoint    ] Leaving safepoint region
[2019-06-24T09:20:22.910+0000][1][safepoint    ] Total time for which application threads were stopped: 0.0000269 seconds, Stopping threads took: 0.0000061 seconds
[2019-06-24T09:20:22.910+0000][1][safepoint    ] Application time: 0.0000367 seconds
[2019-06-24T09:20:22.910+0000][1][safepoint    ] Entering safepoint region: RevokeBias
[2019-06-24T09:20:22.910+0000][1][safepoint    ] Leaving safepoint region
[2019-06-24T09:20:22.910+0000][1][safepoint    ] Total time for which application threads were stopped: 0.0000259 seconds, Stopping threads took: 0.0000057 seconds
[2019-06-24T09:20:22.910+0000][1][safepoint    ] Application time: 0.0000300 seconds
[2019-06-24T09:20:22.910+0000][1][safepoint    ] Entering safepoint region: RevokeBias
[2019-06-24T09:20:22.910+0000][1][safepoint    ] Leaving safepoint region
[2019-06-24T09:20:22.910+0000][1][safepoint    ] Total time for which application threads were stopped: 0.0000377 seconds, Stopping threads took: 0.0000182 seconds
[2019-06-24T09:20:22.910+0000][1][safepoint    ] Application time: 0.0001115 seconds
[2019-06-24T09:20:22.910+0000][1][safepoint    ] Entering safepoint region: RevokeBias
[2019-06-24T09:20:22.910+0000][1][safepoint    ] Leaving safepoint region
[2019-06-24T09:20:22.910+0000][1][safepoint    ] Total time for which application threads were stopped: 0.0000908 seconds, Stopping threads took: 0.0000573 seconds
[2019-06-24T09:20:22.911+0000][1][safepoint    ] Application time: 0.0003069 seconds
[2019-06-24T09:20:22.911+0000][1][safepoint    ] Entering safepoint region: RevokeBias
[2019-06-24T09:20:22.911+0000][1][safepoint    ] Leaving safepoint region
[2019-06-24T09:20:22.911+0000][1][safepoint    ] Total time for which application threads were stopped: 0.0000614 seconds, Stopping threads took: 0.0000223 seconds
[2019-06-24T09:20:22.911+0000][1][safepoint    ] Application time: 0.0000420 seconds
[2019-06-24T09:20:22.911+0000][1][safepoint    ] Entering safepoint region: RevokeBias
[2019-06-24T09:20:22.911+0000][1][safepoint    ] Leaving safepoint region
[2019-06-24T09:20:22.911+0000][1][safepoint    ] Total time for which application threads were stopped: 0.0000406 seconds, Stopping threads took: 0.0000096 seconds
[2019-06-24T09:20:22.911+0000][1][safepoint    ] Application time: 0.0000642 seconds
[2019-06-24T09:20:22.911+0000][1][safepoint    ] Entering safepoint region: RevokeBias
[2019-06-24T09:20:22.911+0000][1][safepoint    ] Leaving safepoint region
[2019-06-24T09:20:22.911+0000][1][safepoint    ] Total time for which application threads were stopped: 0.0000358 seconds, Stopping threads took: 0.0000089 seconds
[2019-06-24T09:20:22.911+0000][1][safepoint    ] Application time: 0.0000386 seconds
[2019-06-24T09:20:22.911+0000][1][safepoint    ] Entering safepoint region: RevokeBias
[2019-06-24T09:20:22.911+0000][1][safepoint    ] Leaving safepoint region
[2019-06-24T09:20:22.911+0000][1][safepoint    ] Total time for which application threads were stopped: 0.0000494 seconds, Stopping threads took: 0.0000197 seconds
[2019-06-24T09:20:22.911+0000][1][safepoint    ] Application time: 0.0000440 seconds
[2019-06-24T09:20:22.911+0000][1][safepoint    ] Entering safepoint region: RevokeBias
[2019-06-24T09:20:22.911+0000][1][safepoint    ] Leaving safepoint region
[2019-06-24T09:20:22.911+0000][1][safepoint    ] Total time for which application threads were stopped: 0.0000562 seconds, Stopping threads took: 0.0000204 seconds
[2019-06-24T09:20:22.911+0000][1][safepoint    ] Application time: 0.0000408 seconds
[2019-06-24T09:20:22.911+0000][1][safepoint    ] Entering safepoint region: RevokeBias
[2019-06-24T09:20:22.911+0000][1][safepoint    ] Leaving safepoint region
[2019-06-24T09:20:22.911+0000][1][safepoint    ] Total time for which application threads were stopped: 0.0000720 seconds, Stopping threads took: 0.0000323 seconds
[2019-06-24T09:20:22.911+0000][1][safepoint    ] Application time: 0.0000615 seconds
[2019-06-24T09:20:22.911+0000][1][safepoint    ] Entering safepoint region: RevokeBias
[2019-06-24T09:20:22.911+0000][1][safepoint    ] Leaving safepoint region
[2019-06-24T09:20:22.911+0000][1][safepoint    ] Total time for which application threads were stopped: 0.0000472 seconds, Stopping threads took: 0.0000202 seconds
[2019-06-24T09:20:22.912+0000][1][safepoint    ] Application time: 0.0000405 seconds
[2019-06-24T09:20:22.912+0000][1][safepoint    ] Entering safepoint region: RevokeBias
[2019-06-24T09:20:22.912+0000][1][safepoint    ] Leaving safepoint region
[2019-06-24T09:20:22.912+0000][1][safepoint    ] Total time for which application threads were stopped: 0.0000591 seconds, Stopping threads took: 0.0000267 seconds
[2019-06-24T09:20:22.912+0000][1][safepoint    ] Application time: 0.0000435 seconds
[2019-06-24T09:20:22.912+0000][1][safepoint    ] Entering safepoint region: RevokeBias
[2019-06-24T09:20:22.912+0000][1][safepoint    ] Leaving safepoint region
[2019-06-24T09:20:22.912+0000][1][safepoint    ] Total time for which application threads were stopped: 0.0000433 seconds, Stopping threads took: 0.0000193 seconds
[2019-06-24T09:20:22.912+0000][1][safepoint    ] Application time: 0.0000384 seconds
[2019-06-24T09:20:22.912+0000][1][safepoint    ] Entering safepoint region: RevokeBias
[2019-06-24T09:20:22.912+0000][1][safepoint    ] Leaving safepoint region
[2019-06-24T09:20:22.912+0000][1][safepoint    ] Total time for which application threads were stopped: 0.0000443 seconds, Stopping threads took: 0.0000191 seconds
[2019-06-24T09:20:22.912+0000][1][safepoint    ] Application time: 0.0000642 seconds
[2019-06-24T09:20:22.912+0000][1][safepoint    ] Entering safepoint region: RevokeBias
[2019-06-24T09:20:22.912+0000][1][safepoint    ] Leaving safepoint region
[2019-06-24T09:20:22.912+0000][1][safepoint    ] Total time for which application threads were stopped: 0.0000698 seconds, Stopping threads took: 0.0000270 seconds
[2019-06-24T09:20:22.912+0000][1][safepoint    ] Application time: 0.0000388 seconds
[2019-06-24T09:20:22.912+0000][1][safepoint    ] Entering safepoint region: RevokeBias
[2019-06-24T09:20:22.912+0000][1][safepoint    ] Leaving safepoint region
[2019-06-24T09:20:22.912+0000][1][safepoint    ] Total time for which application threads were stopped: 0.0000597 seconds, Stopping threads took: 0.0000206 seconds
[2019-06-24T09:20:22.912+0000][1][safepoint    ] Application time: 0.0000437 seconds
[2019-06-24T09:20:22.912+0000][1][safepoint    ] Entering safepoint region: RevokeBias
[2019-06-24T09:20:22.912+0000][1][safepoint    ] Leaving safepoint region
[2019-06-24T09:20:22.912+0000][1][safepoint    ] Total time for which application threads were stopped: 0.0000463 seconds, Stopping threads took: 0.0000099 seconds
[2019-06-24T09:20:22.912+0000][1][safepoint    ] Application time: 0.0000407 seconds
[2019-06-24T09:20:22.912+0000][1][safepoint    ] Entering safepoint region: RevokeBias
[2019-06-24T09:20:22.912+0000][1][safepoint    ] Leaving safepoint region
[2019-06-24T09:20:22.912+0000][1][safepoint    ] Total time for which application threads were stopped: 0.0000808 seconds, Stopping threads took: 0.0000376 seconds
[2019-06-24T09:20:22.912+0000][1][safepoint    ] Application time: 0.0000878 seconds
[2019-06-24T09:20:22.913+0000][1][safepoint    ] Entering safepoint region: RevokeBias
[2019-06-24T09:20:22.913+0000][1][safepoint    ] Leaving safepoint region
[2019-06-24T09:20:22.913+0000][1][safepoint    ] Total time for which application threads were stopped: 0.0001212 seconds, Stopping threads took: 0.0000905 seconds
[2019-06-24T09:20:22.913+0000][1][safepoint    ] Application time: 0.0000372 seconds
[2019-06-24T09:20:22.913+0000][1][safepoint    ] Entering safepoint region: RevokeBias
[2019-06-24T09:20:22.913+0000][1][safepoint    ] Leaving safepoint region
[2019-06-24T09:20:22.913+0000][1][safepoint    ] Total time for which application threads were stopped: 0.0000844 seconds, Stopping threads took: 0.0000457 seconds
[2019-06-24T09:20:22.913+0000][1][safepoint    ] Application time: 0.0001228 seconds
[2019-06-24T09:20:22.913+0000][1][safepoint    ] Entering safepoint region: RevokeBias
[2019-06-24T09:20:22.913+0000][1][safepoint    ] Leaving safepoint region
[2019-06-24T09:20:22.913+0000][1][safepoint    ] Total time for which application threads were stopped: 0.0000920 seconds, Stopping threads took: 0.0000497 seconds
[2019-06-24T09:20:22.913+0000][1][safepoint    ] Application time: 0.0000389 seconds
[2019-06-24T09:20:22.913+0000][1][safepoint    ] Entering safepoint region: RevokeBias
[2019-06-24T09:20:22.913+0000][1][safepoint    ] Leaving safepoint region
[2019-06-24T09:20:22.913+0000][1][safepoint    ] Total time for which application threads were stopped: 0.0001045 seconds, Stopping threads took: 0.0000786 seconds
[2019-06-24T09:20:23.125+0000][1][safepoint    ] Application time: 0.2115466 seconds
[2019-06-24T09:20:23.125+0000][1][safepoint    ] Entering safepoint region: Deoptimize
[2019-06-24T09:20:23.125+0000][1][safepoint    ] Leaving safepoint region
[2019-06-24T09:20:23.125+0000][1][safepoint    ] Total time for which application threads were stopped: 0.0002870 seconds, Stopping threads took: 0.0000105 seconds
[2019-06-24T09:20:23.251+0000][1][safepoint    ] Application time: 0.1264183 seconds
[2019-06-24T09:20:23.251+0000][1][safepoint    ] Entering safepoint region: RevokeBias
[2019-06-24T09:20:23.252+0000][1][safepoint    ] Leaving safepoint region
[2019-06-24T09:20:23.252+0000][1][safepoint    ] Total time for which application threads were stopped: 0.0001740 seconds, Stopping threads took: 0.0000224 seconds
[2019-06-24T09:20:23.366+0000][1][safepoint    ] Application time: 0.1143238 seconds
[2019-06-24T09:20:23.366+0000][1][safepoint    ] Entering safepoint region: RevokeBias
[2019-06-24T09:20:23.366+0000][1][safepoint    ] Leaving safepoint region
[2019-06-24T09:20:23.366+0000][1][safepoint    ] Total time for which application threads were stopped: 0.0001021 seconds, Stopping threads took: 0.0000164 seconds
[2019-06-24T09:20:23.369+0000][1][safepoint    ] Application time: 0.0028139 seconds
[2019-06-24T09:20:23.369+0000][1][safepoint    ] Entering safepoint region: RevokeBias
[2019-06-24T09:20:23.369+0000][1][safepoint    ] Leaving safepoint region
[2019-06-24T09:20:23.369+0000][1][safepoint    ] Total time for which application threads were stopped: 0.0000945 seconds, Stopping threads took: 0.0000319 seconds
[2019-06-24T09:20:23.372+0000][1][safepoint    ] Application time: 0.0027606 seconds
[2019-06-24T09:20:23.372+0000][1][safepoint    ] Entering safepoint region: RevokeBias
[2019-06-24T09:20:23.372+0000][1][safepoint    ] Leaving safepoint region
[2019-06-24T09:20:23.372+0000][1][safepoint    ] Total time for which application threads were stopped: 0.0000861 seconds, Stopping threads took: 0.0000151 seconds
[2019-06-24T09:20:23.390+0000][1][safepoint    ] Application time: 0.0184079 seconds
[2019-06-24T09:20:23.390+0000][1][safepoint    ] Entering safepoint region: GenCollectForAllocation
[2019-06-24T09:20:23.390+0000][1][gc,start     ] GC(1) Pause Young (Allocation Failure)
[2019-06-24T09:20:23.391+0000][1][gc,task      ] GC(1) Using 5 workers of 8 for evacuation
[2019-06-24T09:20:23.403+0000][1][gc,age       ] GC(1) Desired survivor size 4456448 bytes, new threshold 6 (max threshold 6)
[2019-06-24T09:20:23.403+0000][1][gc,age       ] GC(1) Age table with threshold 6 (max threshold 6)
[2019-06-24T09:20:23.403+0000][1][gc,age       ] GC(1) - age   1:    2012352 bytes,    2012352 total
[2019-06-24T09:20:23.403+0000][1][gc,heap      ] GC(1) ParNew: 77682K->5066K(78656K)
[2019-06-24T09:20:23.403+0000][1][gc,heap      ] GC(1) CMS: 0K->6611K(174784K)
[2019-06-24T09:20:23.403+0000][1][gc,metaspace ] GC(1) Metaspace: 14625K->14625K(1062912K)
[2019-06-24T09:20:23.403+0000][1][gc           ] GC(1) Pause Young (Allocation Failure) 75M->11M(247M) 12.932ms
[2019-06-24T09:20:23.403+0000][1][gc,cpu       ] GC(1) User=0.08s Sys=0.00s Real=0.02s
[2019-06-24T09:20:23.403+0000][1][safepoint    ] Leaving safepoint region
[2019-06-24T09:20:23.403+0000][1][safepoint    ] Total time for which application threads were stopped: 0.0131086 seconds, Stopping threads took: 0.0000249 seconds
[2019-06-24T09:20:23.404+0000][1][safepoint    ] Application time: 0.0001811 seconds
[2019-06-24T09:20:23.404+0000][1][safepoint    ] Entering safepoint region: RevokeBias
[2019-06-24T09:20:23.404+0000][1][safepoint    ] Leaving safepoint region
[2019-06-24T09:20:23.404+0000][1][safepoint    ] Total time for which application threads were stopped: 0.0001439 seconds, Stopping threads took: 0.0000342 seconds
[2019-06-24T09:20:23.404+0000][1][safepoint    ] Application time: 0.0000457 seconds
[2019-06-24T09:20:23.404+0000][1][safepoint    ] Entering safepoint region: RevokeBias
[2019-06-24T09:20:23.404+0000][1][safepoint    ] Leaving safepoint region
[2019-06-24T09:20:23.404+0000][1][safepoint    ] Total time for which application threads were stopped: 0.0000655 seconds, Stopping threads took: 0.0000092 seconds
[2019-06-24T09:20:23.404+0000][1][safepoint    ] Application time: 0.0002207 seconds
[2019-06-24T09:20:23.404+0000][1][safepoint    ] Entering safepoint region: RevokeBias
[2019-06-24T09:20:23.404+0000][1][safepoint    ] Leaving safepoint region
[2019-06-24T09:20:23.404+0000][1][safepoint    ] Total time for which application threads were stopped: 0.0000943 seconds, Stopping threads took: 0.0000545 seconds
[2019-06-24T09:20:23.404+0000][1][safepoint    ] Application time: 0.0000702 seconds
[2019-06-24T09:20:23.404+0000][1][safepoint    ] Entering safepoint region: RevokeBias
[2019-06-24T09:20:23.404+0000][1][safepoint    ] Leaving safepoint region
[2019-06-24T09:20:23.404+0000][1][safepoint    ] Total time for which application threads were stopped: 0.0000444 seconds, Stopping threads took: 0.0000082 seconds
[2019-06-24T09:20:23.405+0000][1][safepoint    ] Application time: 0.0000774 seconds
[2019-06-24T09:20:23.405+0000][1][safepoint    ] Entering safepoint region: RevokeBias
[2019-06-24T09:20:23.405+0000][1][safepoint    ] Leaving safepoint region
[2019-06-24T09:20:23.405+0000][1][safepoint    ] Total time for which application threads were stopped: 0.0000896 seconds, Stopping threads took: 0.0000276 seconds
[2019-06-24T09:20:23.405+0000][1][safepoint    ] Application time: 0.0000336 seconds
[2019-06-24T09:20:23.405+0000][1][safepoint    ] Entering safepoint region: RevokeBias
[2019-06-24T09:20:23.405+0000][1][safepoint    ] Leaving safepoint region
[2019-06-24T09:20:23.405+0000][1][safepoint    ] Total time for which application threads were stopped: 0.0000638 seconds, Stopping threads took: 0.0000082 seconds
[2019-06-24T09:20:23.405+0000][1][safepoint    ] Application time: 0.0000358 seconds
[2019-06-24T09:20:23.405+0000][1][safepoint    ] Entering safepoint region: RevokeBias
[2019-06-24T09:20:23.405+0000][1][safepoint    ] Leaving safepoint region
[2019-06-24T09:20:23.405+0000][1][safepoint    ] Total time for which application threads were stopped: 0.0000652 seconds, Stopping threads took: 0.0000085 seconds
[2019-06-24T09:20:23.405+0000][1][safepoint    ] Application time: 0.0000337 seconds
[2019-06-24T09:20:23.405+0000][1][safepoint    ] Entering safepoint region: RevokeBias
[2019-06-24T09:20:23.405+0000][1][safepoint    ] Leaving safepoint region
[2019-06-24T09:20:23.405+0000][1][safepoint    ] Total time for which application threads were stopped: 0.0000669 seconds, Stopping threads took: 0.0000089 seconds
[2019-06-24T09:20:23.405+0000][1][safepoint    ] Application time: 0.0000372 seconds
[2019-06-24T09:20:23.405+0000][1][safepoint    ] Entering safepoint region: RevokeBias
[2019-06-24T09:20:23.405+0000][1][safepoint    ] Leaving safepoint region
[2019-06-24T09:20:23.405+0000][1][safepoint    ] Total time for which application threads were stopped: 0.0000659 seconds, Stopping threads took: 0.0000085 seconds
[2019-06-24T09:20:23.405+0000][1][safepoint    ] Application time: 0.0000350 seconds
[2019-06-24T09:20:23.405+0000][1][safepoint    ] Entering safepoint region: RevokeBias
[2019-06-24T09:20:23.405+0000][1][safepoint    ] Leaving safepoint region
[2019-06-24T09:20:23.405+0000][1][safepoint    ] Total time for which application threads were stopped: 0.0000650 seconds, Stopping threads took: 0.0000085 seconds
[2019-06-24T09:20:23.405+0000][1][safepoint    ] Application time: 0.0000362 seconds
[2019-06-24T09:20:23.405+0000][1][safepoint    ] Entering safepoint region: BulkRevokeBias
[2019-06-24T09:20:23.405+0000][1][safepoint    ] Leaving safepoint region
[2019-06-24T09:20:23.405+0000][1][safepoint    ] Total time for which application threads were stopped: 0.0001119 seconds, Stopping threads took: 0.0000313 seconds
[2019-06-24T09:20:23.405+0000][1][safepoint    ] Application time: 0.0000341 seconds
[2019-06-24T09:20:23.405+0000][1][safepoint    ] Entering safepoint region: RevokeBias
[2019-06-24T09:20:23.406+0000][1][safepoint    ] Leaving safepoint region
[2019-06-24T09:20:23.406+0000][1][safepoint    ] Total time for which application threads were stopped: 0.0000664 seconds, Stopping threads took: 0.0000087 seconds
[2019-06-24T09:20:23.406+0000][1][safepoint    ] Application time: 0.0000392 seconds
[2019-06-24T09:20:23.406+0000][1][safepoint    ] Entering safepoint region: BulkRevokeBias
[2019-06-24T09:20:23.406+0000][1][safepoint    ] Leaving safepoint region
[2019-06-24T09:20:23.406+0000][1][safepoint    ] Total time for which application threads were stopped: 0.0000820 seconds, Stopping threads took: 0.0000091 seconds
[2019-06-24T09:20:23.541+0000][1][safepoint    ] Application time: 0.1349450 seconds
[2019-06-24T09:20:23.541+0000][1][safepoint    ] Entering safepoint region: GenCollectForAllocation
[2019-06-24T09:20:23.541+0000][1][gc,start     ] GC(2) Pause Young (Allocation Failure)
[2019-06-24T09:20:23.541+0000][1][gc,task      ] GC(2) Using 5 workers of 8 for evacuation
[2019-06-24T09:20:23.544+0000][1][gc,age       ] GC(2) Desired survivor size 4456448 bytes, new threshold 6 (max threshold 6)
[2019-06-24T09:20:23.544+0000][1][gc,age       ] GC(2) Age table with threshold 6 (max threshold 6)
[2019-06-24T09:20:23.544+0000][1][gc,age       ] GC(2) - age   1:    2683880 bytes,    2683880 total
[2019-06-24T09:20:23.544+0000][1][gc,age       ] GC(2) - age   2:    1207648 bytes,    3891528 total
[2019-06-24T09:20:23.544+0000][1][gc,heap      ] GC(2) ParNew: 75018K->5049K(78656K)
[2019-06-24T09:20:23.544+0000][1][gc,heap      ] GC(2) CMS: 6611K->6611K(174784K)
[2019-06-24T09:20:23.544+0000][1][gc,metaspace ] GC(2) Metaspace: 14751K->14751K(1062912K)
[2019-06-24T09:20:23.544+0000][1][gc           ] GC(2) Pause Young (Allocation Failure) 79M->11M(247M) 3.234ms
[2019-06-24T09:20:23.544+0000][1][gc,cpu       ] GC(2) User=0.02s Sys=0.00s Real=0.01s
[2019-06-24T09:20:23.544+0000][1][safepoint    ] Leaving safepoint region
[2019-06-24T09:20:23.544+0000][1][safepoint    ] Total time for which application threads were stopped: 0.0033975 seconds, Stopping threads took: 0.0000187 seconds
[2019-06-24T09:20:23.544+0000][1][safepoint    ] Application time: 0.0001270 seconds
[2019-06-24T09:20:23.544+0000][1][safepoint    ] Entering safepoint region: RevokeBias
[2019-06-24T09:20:23.544+0000][1][safepoint    ] Leaving safepoint region
[2019-06-24T09:20:23.544+0000][1][safepoint    ] Total time for which application threads were stopped: 0.0001025 seconds, Stopping threads took: 0.0000528 seconds
[2019-06-24T09:20:23.544+0000][1][safepoint    ] Application time: 0.0000695 seconds
[2019-06-24T09:20:23.544+0000][1][safepoint    ] Entering safepoint region: RevokeBias
[2019-06-24T09:20:23.544+0000][1][safepoint    ] Leaving safepoint region
[2019-06-24T09:20:23.544+0000][1][safepoint    ] Total time for which application threads were stopped: 0.0000857 seconds, Stopping threads took: 0.0000446 seconds
[2019-06-24T09:20:23.545+0000][1][safepoint    ] Application time: 0.0000823 seconds
[2019-06-24T09:20:23.545+0000][1][safepoint    ] Entering safepoint region: RevokeBias
[2019-06-24T09:20:23.545+0000][1][safepoint    ] Leaving safepoint region
[2019-06-24T09:20:23.545+0000][1][safepoint    ] Total time for which application threads were stopped: 0.0000650 seconds, Stopping threads took: 0.0000244 seconds
[2019-06-24T09:20:23.545+0000][1][safepoint    ] Application time: 0.0000703 seconds
[2019-06-24T09:20:23.545+0000][1][safepoint    ] Entering safepoint region: RevokeBias
[2019-06-24T09:20:23.545+0000][1][safepoint    ] Leaving safepoint region
[2019-06-24T09:20:23.545+0000][1][safepoint    ] Total time for which application threads were stopped: 0.0001005 seconds, Stopping threads took: 0.0000417 seconds
[2019-06-24T09:20:23.545+0000][1][safepoint    ] Application time: 0.0000862 seconds
[2019-06-24T09:20:23.545+0000][1][safepoint    ] Entering safepoint region: RevokeBias
[2019-06-24T09:20:23.545+0000][1][safepoint    ] Leaving safepoint region
[2019-06-24T09:20:23.545+0000][1][safepoint    ] Total time for which application threads were stopped: 0.0000479 seconds, Stopping threads took: 0.0000090 seconds
[2019-06-24T09:20:23.545+0000][1][safepoint    ] Application time: 0.0000683 seconds
[2019-06-24T09:20:23.545+0000][1][safepoint    ] Entering safepoint region: RevokeBias
[2019-06-24T09:20:23.545+0000][1][safepoint    ] Leaving safepoint region
[2019-06-24T09:20:23.545+0000][1][safepoint    ] Total time for which application threads were stopped: 0.0001341 seconds, Stopping threads took: 0.0000868 seconds
[2019-06-24T09:20:23.655+0000][1][safepoint    ] Application time: 0.1096775 seconds
[2019-06-24T09:20:23.655+0000][1][safepoint    ] Entering safepoint region: Deoptimize
[2019-06-24T09:20:23.655+0000][1][safepoint    ] Leaving safepoint region
[2019-06-24T09:20:23.655+0000][1][safepoint    ] Total time for which application threads were stopped: 0.0003612 seconds, Stopping threads took: 0.0000169 seconds
[2019-06-24T09:20:23.656+0000][1][safepoint    ] Application time: 0.0003772 seconds
[2019-06-24T09:20:23.656+0000][1][safepoint    ] Entering safepoint region: Deoptimize
[2019-06-24T09:20:23.656+0000][1][safepoint    ] Leaving safepoint region
[2019-06-24T09:20:23.656+0000][1][safepoint    ] Total time for which application threads were stopped: 0.0002659 seconds, Stopping threads took: 0.0000119 seconds
[2019-06-24T09:20:23.804+0000][1][safepoint    ] Application time: 0.1483871 seconds
[2019-06-24T09:20:23.804+0000][1][safepoint    ] Entering safepoint region: RevokeBias
[2019-06-24T09:20:23.804+0000][1][safepoint    ] Leaving safepoint region
[2019-06-24T09:20:23.804+0000][1][safepoint    ] Total time for which application threads were stopped: 0.0000866 seconds, Stopping threads took: 0.0000109 seconds
[2019-06-24T09:20:23.809+0000][1][safepoint    ] Application time: 0.0044964 seconds
[2019-06-24T09:20:23.809+0000][1][safepoint    ] Entering safepoint region: GenCollectForAllocation
[2019-06-24T09:20:23.809+0000][1][gc,start     ] GC(3) Pause Young (Allocation Failure)
[2019-06-24T09:20:23.809+0000][1][gc,task      ] GC(3) Using 5 workers of 8 for evacuation
[2019-06-24T09:20:23.812+0000][1][gc,age       ] GC(3) Desired survivor size 4456448 bytes, new threshold 3 (max threshold 6)
[2019-06-24T09:20:23.812+0000][1][gc,age       ] GC(3) Age table with threshold 3 (max threshold 6)
[2019-06-24T09:20:23.812+0000][1][gc,age       ] GC(3) - age   1:    3259816 bytes,    3259816 total
[2019-06-24T09:20:23.812+0000][1][gc,age       ] GC(3) - age   2:     294944 bytes,    3554760 total
[2019-06-24T09:20:23.812+0000][1][gc,age       ] GC(3) - age   3:    1204472 bytes,    4759232 total
[2019-06-24T09:20:23.812+0000][1][gc,heap      ] GC(3) ParNew: 75001K->6667K(78656K)
[2019-06-24T09:20:23.812+0000][1][gc,heap      ] GC(3) CMS: 6611K->6611K(174784K)
[2019-06-24T09:20:23.812+0000][1][gc,metaspace ] GC(3) Metaspace: 18134K->18134K(1067008K)
[2019-06-24T09:20:23.812+0000][1][gc           ] GC(3) Pause Young (Allocation Failure) 79M->12M(247M) 2.902ms
[2019-06-24T09:20:23.812+0000][1][gc,cpu       ] GC(3) User=0.02s Sys=0.00s Real=0.00s
[2019-06-24T09:20:23.812+0000][1][safepoint    ] Leaving safepoint region
[2019-06-24T09:20:23.812+0000][1][safepoint    ] Total time for which application threads were stopped: 0.0030178 seconds, Stopping threads took: 0.0000111 seconds
[2019-06-24T09:20:23.812+0000][1][safepoint    ] Application time: 0.0001802 seconds
[2019-06-24T09:20:23.812+0000][1][safepoint    ] Entering safepoint region: RevokeBias
[2019-06-24T09:20:23.812+0000][1][safepoint    ] Leaving safepoint region
[2019-06-24T09:20:23.812+0000][1][safepoint    ] Total time for which application threads were stopped: 0.0001375 seconds, Stopping threads took: 0.0000317 seconds
[2019-06-24T09:20:23.812+0000][1][safepoint    ] Application time: 0.0000824 seconds
[2019-06-24T09:20:23.813+0000][1][safepoint    ] Entering safepoint region: RevokeBias
[2019-06-24T09:20:23.813+0000][1][safepoint    ] Leaving safepoint region
[2019-06-24T09:20:23.813+0000][1][safepoint    ] Total time for which application threads were stopped: 0.0000710 seconds, Stopping threads took: 0.0000352 seconds
[2019-06-24T09:20:23.813+0000][1][safepoint    ] Application time: 0.0001762 seconds
[2019-06-24T09:20:23.813+0000][1][safepoint    ] Entering safepoint region: RevokeBias
[2019-06-24T09:20:23.813+0000][1][safepoint    ] Leaving safepoint region
[2019-06-24T09:20:23.813+0000][1][safepoint    ] Total time for which application threads were stopped: 0.0002286 seconds, Stopping threads took: 0.0001979 seconds
[2019-06-24T09:20:23.813+0000][1][safepoint    ] Application time: 0.0000884 seconds
[2019-06-24T09:20:23.813+0000][1][safepoint    ] Entering safepoint region: RevokeBias
[2019-06-24T09:20:23.813+0000][1][safepoint    ] Leaving safepoint region
[2019-06-24T09:20:23.813+0000][1][safepoint    ] Total time for which application threads were stopped: 0.0000373 seconds, Stopping threads took: 0.0000081 seconds
[2019-06-24T09:20:23.813+0000][1][safepoint    ] Application time: 0.0001797 seconds
[2019-06-24T09:20:23.813+0000][1][safepoint    ] Entering safepoint region: RevokeBias
[2019-06-24T09:20:23.813+0000][1][safepoint    ] Leaving safepoint region
[2019-06-24T09:20:23.813+0000][1][safepoint    ] Total time for which application threads were stopped: 0.0000761 seconds, Stopping threads took: 0.0000498 seconds
[2019-06-24T09:20:23.813+0000][1][safepoint    ] Application time: 0.0000360 seconds
[2019-06-24T09:20:23.813+0000][1][safepoint    ] Entering safepoint region: RevokeBias
[2019-06-24T09:20:23.813+0000][1][safepoint    ] Leaving safepoint region
[2019-06-24T09:20:23.813+0000][1][safepoint    ] Total time for which application threads were stopped: 0.0000292 seconds, Stopping threads took: 0.0000062 seconds
[2019-06-24T09:20:23.814+0000][1][safepoint    ] Application time: 0.0000332 seconds
[2019-06-24T09:20:23.814+0000][1][safepoint    ] Entering safepoint region: RevokeBias
[2019-06-24T09:20:23.814+0000][1][safepoint    ] Leaving safepoint region
[2019-06-24T09:20:23.814+0000][1][safepoint    ] Total time for which application threads were stopped: 0.0000286 seconds, Stopping threads took: 0.0000059 seconds
[2019-06-24T09:20:23.814+0000][1][safepoint    ] Application time: 0.0000362 seconds
[2019-06-24T09:20:23.814+0000][1][safepoint    ] Entering safepoint region: RevokeBias
[2019-06-24T09:20:23.814+0000][1][safepoint    ] Leaving safepoint region
[2019-06-24T09:20:23.814+0000][1][safepoint    ] Total time for which application threads were stopped: 0.0000388 seconds, Stopping threads took: 0.0000143 seconds
[2019-06-24T09:20:23.814+0000][1][safepoint    ] Application time: 0.0000344 seconds
[2019-06-24T09:20:23.814+0000][1][safepoint    ] Entering safepoint region: RevokeBias
[2019-06-24T09:20:23.814+0000][1][safepoint    ] Leaving safepoint region
[2019-06-24T09:20:23.814+0000][1][safepoint    ] Total time for which application threads were stopped: 0.0000772 seconds, Stopping threads took: 0.0000536 seconds
[2019-06-24T09:20:23.814+0000][1][safepoint    ] Application time: 0.0000366 seconds
[2019-06-24T09:20:23.814+0000][1][safepoint    ] Entering safepoint region: RevokeBias
[2019-06-24T09:20:23.814+0000][1][safepoint    ] Leaving safepoint region
[2019-06-24T09:20:23.814+0000][1][safepoint    ] Total time for which application threads were stopped: 0.0000299 seconds, Stopping threads took: 0.0000059 seconds
[2019-06-24T09:20:23.814+0000][1][safepoint    ] Application time: 0.0000389 seconds
[2019-06-24T09:20:23.814+0000][1][safepoint    ] Entering safepoint region: RevokeBias
[2019-06-24T09:20:23.814+0000][1][safepoint    ] Leaving safepoint region
[2019-06-24T09:20:23.814+0000][1][safepoint    ] Total time for which application threads were stopped: 0.0001642 seconds, Stopping threads took: 0.0001230 seconds
[2019-06-24T09:20:23.814+0000][1][safepoint    ] Application time: 0.0000446 seconds
[2019-06-24T09:20:23.814+0000][1][safepoint    ] Entering safepoint region: RevokeBias
[2019-06-24T09:20:23.814+0000][1][safepoint    ] Leaving safepoint region
[2019-06-24T09:20:23.814+0000][1][safepoint    ] Total time for which application threads were stopped: 0.0000694 seconds, Stopping threads took: 0.0000323 seconds
[2019-06-24T09:20:23.814+0000][1][safepoint    ] Application time: 0.0000357 seconds
[2019-06-24T09:20:23.814+0000][1][safepoint    ] Entering safepoint region: RevokeBias
[2019-06-24T09:20:23.814+0000][1][safepoint    ] Leaving safepoint region
[2019-06-24T09:20:23.814+0000][1][safepoint    ] Total time for which application threads were stopped: 0.0000345 seconds, Stopping threads took: 0.0000062 seconds
[2019-06-24T09:20:23.814+0000][1][safepoint    ] Application time: 0.0000378 seconds
[2019-06-24T09:20:23.814+0000][1][safepoint    ] Entering safepoint region: RevokeBias
[2019-06-24T09:20:23.814+0000][1][safepoint    ] Leaving safepoint region
[2019-06-24T09:20:23.814+0000][1][safepoint    ] Total time for which application threads were stopped: 0.0000814 seconds, Stopping threads took: 0.0000513 seconds
[2019-06-24T09:20:23.814+0000][1][safepoint    ] Application time: 0.0000367 seconds
[2019-06-24T09:20:23.815+0000][1][safepoint    ] Entering safepoint region: RevokeBias
[2019-06-24T09:20:23.815+0000][1][safepoint    ] Leaving safepoint region
[2019-06-24T09:20:23.815+0000][1][safepoint    ] Total time for which application threads were stopped: 0.0000525 seconds, Stopping threads took: 0.0000274 seconds
[2019-06-24T09:20:23.815+0000][1][safepoint    ] Application time: 0.0000404 seconds
[2019-06-24T09:20:23.815+0000][1][safepoint    ] Entering safepoint region: RevokeBias
[2019-06-24T09:20:23.815+0000][1][safepoint    ] Leaving safepoint region
[2019-06-24T09:20:23.815+0000][1][safepoint    ] Total time for which application threads were stopped: 0.0000514 seconds, Stopping threads took: 0.0000237 seconds
[2019-06-24T09:20:23.815+0000][1][safepoint    ] Application time: 0.0000360 seconds
[2019-06-24T09:20:23.815+0000][1][safepoint    ] Entering safepoint region: RevokeBias
[2019-06-24T09:20:23.815+0000][1][safepoint    ] Leaving safepoint region
[2019-06-24T09:20:23.815+0000][1][safepoint    ] Total time for which application threads were stopped: 0.0000487 seconds, Stopping threads took: 0.0000101 seconds
[2019-06-24T09:20:23.815+0000][1][safepoint    ] Application time: 0.0000430 seconds
[2019-06-24T09:20:23.815+0000][1][safepoint    ] Entering safepoint region: RevokeBias
[2019-06-24T09:20:23.815+0000][1][safepoint    ] Leaving safepoint region
[2019-06-24T09:20:23.815+0000][1][safepoint    ] Total time for which application threads were stopped: 0.0000668 seconds, Stopping threads took: 0.0000278 seconds
[2019-06-24T09:20:23.815+0000][1][safepoint    ] Application time: 0.0000369 seconds
[2019-06-24T09:20:23.815+0000][1][safepoint    ] Entering safepoint region: RevokeBias
[2019-06-24T09:20:23.815+0000][1][safepoint    ] Leaving safepoint region
[2019-06-24T09:20:23.815+0000][1][safepoint    ] Total time for which application threads were stopped: 0.0000748 seconds, Stopping threads took: 0.0000279 seconds
[2019-06-24T09:20:23.815+0000][1][safepoint    ] Application time: 0.0000386 seconds
[2019-06-24T09:20:23.815+0000][1][safepoint    ] Entering safepoint region: RevokeBias
[2019-06-24T09:20:23.815+0000][1][safepoint    ] Leaving safepoint region
[2019-06-24T09:20:23.815+0000][1][safepoint    ] Total time for which application threads were stopped: 0.0000745 seconds, Stopping threads took: 0.0000254 seconds
[2019-06-24T09:20:23.815+0000][1][safepoint    ] Application time: 0.0000343 seconds
[2019-06-24T09:20:23.815+0000][1][safepoint    ] Entering safepoint region: RevokeBias
[2019-06-24T09:20:23.815+0000][1][safepoint    ] Leaving safepoint region
[2019-06-24T09:20:23.815+0000][1][safepoint    ] Total time for which application threads were stopped: 0.0000425 seconds, Stopping threads took: 0.0000067 seconds
[2019-06-24T09:20:23.905+0000][1][safepoint    ] Application time: 0.0894798 seconds
[2019-06-24T09:20:23.905+0000][1][safepoint    ] Entering safepoint region: GenCollectForAllocation
[2019-06-24T09:20:23.905+0000][1][gc,start     ] GC(4) Pause Young (Allocation Failure)
[2019-06-24T09:20:23.905+0000][1][gc,task      ] GC(4) Using 5 workers of 8 for evacuation
[2019-06-24T09:20:23.909+0000][1][gc,age       ] GC(4) Desired survivor size 4456448 bytes, new threshold 2 (max threshold 6)
[2019-06-24T09:20:23.909+0000][1][gc,age       ] GC(4) Age table with threshold 2 (max threshold 6)
[2019-06-24T09:20:23.909+0000][1][gc,age       ] GC(4) - age   1:    1631728 bytes,    1631728 total
[2019-06-24T09:20:23.909+0000][1][gc,age       ] GC(4) - age   2:    3223416 bytes,    4855144 total
[2019-06-24T09:20:23.909+0000][1][gc,age       ] GC(4) - age   3:     294416 bytes,    5149560 total
[2019-06-24T09:20:23.909+0000][1][gc,heap      ] GC(4) ParNew: 76619K->7461K(78656K)
[2019-06-24T09:20:23.909+0000][1][gc,heap      ] GC(4) CMS: 6611K->7805K(174784K)
[2019-06-24T09:20:23.909+0000][1][gc,metaspace ] GC(4) Metaspace: 18424K->18424K(1067008K)
[2019-06-24T09:20:23.909+0000][1][gc           ] GC(4) Pause Young (Allocation Failure) 81M->14M(247M) 4.356ms
[2019-06-24T09:20:23.909+0000][1][gc,cpu       ] GC(4) User=0.03s Sys=0.00s Real=0.00s
[2019-06-24T09:20:23.909+0000][1][safepoint    ] Leaving safepoint region
[2019-06-24T09:20:23.909+0000][1][safepoint    ] Total time for which application threads were stopped: 0.0045304 seconds, Stopping threads took: 0.0000166 seconds
[2019-06-24T09:20:23.909+0000][1][safepoint    ] Application time: 0.0001642 seconds
[2019-06-24T09:20:23.910+0000][1][safepoint    ] Entering safepoint region: RevokeBias
[2019-06-24T09:20:23.910+0000][1][safepoint    ] Leaving safepoint region
[2019-06-24T09:20:23.910+0000][1][safepoint    ] Total time for which application threads were stopped: 0.0001115 seconds, Stopping threads took: 0.0000605 seconds
[2019-06-24T09:20:23.910+0000][1][safepoint    ] Application time: 0.0000475 seconds
[2019-06-24T09:20:23.910+0000][1][safepoint    ] Entering safepoint region: RevokeBias
[2019-06-24T09:20:23.910+0000][1][safepoint    ] Leaving safepoint region
[2019-06-24T09:20:23.910+0000][1][safepoint    ] Total time for which application threads were stopped: 0.0000692 seconds, Stopping threads took: 0.0000313 seconds
[2019-06-24T09:20:23.910+0000][1][safepoint    ] Application time: 0.0000515 seconds
[2019-06-24T09:20:23.910+0000][1][safepoint    ] Entering safepoint region: RevokeBias
[2019-06-24T09:20:23.910+0000][1][safepoint    ] Leaving safepoint region
[2019-06-24T09:20:23.910+0000][1][safepoint    ] Total time for which application threads were stopped: 0.0000927 seconds, Stopping threads took: 0.0000403 seconds
[2019-06-24T09:20:23.910+0000][1][safepoint    ] Application time: 0.0000415 seconds
[2019-06-24T09:20:23.910+0000][1][safepoint    ] Entering safepoint region: RevokeBias
[2019-06-24T09:20:23.910+0000][1][safepoint    ] Leaving safepoint region
[2019-06-24T09:20:23.910+0000][1][safepoint    ] Total time for which application threads were stopped: 0.0000874 seconds, Stopping threads took: 0.0000460 seconds
[2019-06-24T09:20:23.927+0000][1][safepoint    ] Application time: 0.0170376 seconds
[2019-06-24T09:20:23.927+0000][1][safepoint    ] Entering safepoint region: Deoptimize
[2019-06-24T09:20:23.927+0000][1][safepoint    ] Leaving safepoint region
[2019-06-24T09:20:23.927+0000][1][safepoint    ] Total time for which application threads were stopped: 0.0002824 seconds, Stopping threads took: 0.0000105 seconds
[2019-06-24T09:20:23.960+0000][1][safepoint    ] Application time: 0.0325548 seconds
[2019-06-24T09:20:23.960+0000][1][safepoint    ] Entering safepoint region: Deoptimize
[2019-06-24T09:20:23.960+0000][1][safepoint    ] Leaving safepoint region
[2019-06-24T09:20:23.960+0000][1][safepoint    ] Total time for which application threads were stopped: 0.0003065 seconds, Stopping threads took: 0.0000133 seconds
[2019-06-24T09:20:24.042+0000][1][safepoint    ] Application time: 0.0817667 seconds
[2019-06-24T09:20:24.042+0000][1][safepoint    ] Entering safepoint region: GenCollectForAllocation
[2019-06-24T09:20:24.042+0000][1][gc,start     ] GC(5) Pause Young (Allocation Failure)
[2019-06-24T09:20:24.042+0000][1][gc,task      ] GC(5) Using 5 workers of 8 for evacuation
[2019-06-24T09:20:24.046+0000][1][gc,age       ] GC(5) Desired survivor size 4456448 bytes, new threshold 6 (max threshold 6)
[2019-06-24T09:20:24.046+0000][1][gc,age       ] GC(5) Age table with threshold 6 (max threshold 6)
[2019-06-24T09:20:24.046+0000][1][gc,age       ] GC(5) - age   1:    2427824 bytes,    2427824 total
[2019-06-24T09:20:24.046+0000][1][gc,age       ] GC(5) - age   2:     553392 bytes,    2981216 total
[2019-06-24T09:20:24.046+0000][1][gc,heap      ] GC(5) ParNew: 77413K->5801K(78656K)
[2019-06-24T09:20:24.046+0000][1][gc,heap      ] GC(5) CMS: 7805K->11266K(174784K)
[2019-06-24T09:20:24.046+0000][1][gc,metaspace ] GC(5) Metaspace: 18773K->18773K(1067008K)
[2019-06-24T09:20:24.046+0000][1][gc           ] GC(5) Pause Young (Allocation Failure) 83M->16M(247M) 4.076ms
[2019-06-24T09:20:24.046+0000][1][gc,cpu       ] GC(5) User=0.03s Sys=0.00s Real=0.01s
[2019-06-24T09:20:24.046+0000][1][safepoint    ] Leaving safepoint region
[2019-06-24T09:20:24.046+0000][1][safepoint    ] Total time for which application threads were stopped: 0.0042477 seconds, Stopping threads took: 0.0000633 seconds
[2019-06-24T09:20:24.047+0000][1][safepoint    ] Application time: 0.0001937 seconds
[2019-06-24T09:20:24.047+0000][1][safepoint    ] Entering safepoint region: RevokeBias
[2019-06-24T09:20:24.047+0000][1][safepoint    ] Leaving safepoint region
[2019-06-24T09:20:24.047+0000][1][safepoint    ] Total time for which application threads were stopped: 0.0001239 seconds, Stopping threads took: 0.0000649 seconds
[2019-06-24T09:20:24.047+0000][1][safepoint    ] Application time: 0.0000418 seconds
[2019-06-24T09:20:24.047+0000][1][safepoint    ] Entering safepoint region: RevokeBias
[2019-06-24T09:20:24.047+0000][1][safepoint    ] Leaving safepoint region
[2019-06-24T09:20:24.047+0000][1][safepoint    ] Total time for which application threads were stopped: 0.0000492 seconds, Stopping threads took: 0.0000088 seconds
[2019-06-24T09:20:24.047+0000][1][safepoint    ] Application time: 0.0000475 seconds
[2019-06-24T09:20:24.047+0000][1][safepoint    ] Entering safepoint region: RevokeBias
[2019-06-24T09:20:24.047+0000][1][safepoint    ] Leaving safepoint region
[2019-06-24T09:20:24.047+0000][1][safepoint    ] Total time for which application threads were stopped: 0.0000739 seconds, Stopping threads took: 0.0000263 seconds
[2019-06-24T09:20:24.047+0000][1][safepoint    ] Application time: 0.0000868 seconds
[2019-06-24T09:20:24.047+0000][1][safepoint    ] Entering safepoint region: RevokeBias
[2019-06-24T09:20:24.047+0000][1][safepoint    ] Leaving safepoint region
[2019-06-24T09:20:24.047+0000][1][safepoint    ] Total time for which application threads were stopped: 0.0000778 seconds, Stopping threads took: 0.0000382 seconds
[2019-06-24T09:20:24.047+0000][1][safepoint    ] Application time: 0.0000456 seconds
[2019-06-24T09:20:24.047+0000][1][safepoint    ] Entering safepoint region: RevokeBias
[2019-06-24T09:20:24.047+0000][1][safepoint    ] Leaving safepoint region
[2019-06-24T09:20:24.047+0000][1][safepoint    ] Total time for which application threads were stopped: 0.0001506 seconds, Stopping threads took: 0.0001113 seconds
[2019-06-24T09:20:24.047+0000][1][safepoint    ] Application time: 0.0000723 seconds
[2019-06-24T09:20:24.047+0000][1][safepoint    ] Entering safepoint region: RevokeBias
[2019-06-24T09:20:24.048+0000][1][safepoint    ] Leaving safepoint region
[2019-06-24T09:20:24.048+0000][1][safepoint    ] Total time for which application threads were stopped: 0.0000845 seconds, Stopping threads took: 0.0000457 seconds
[2019-06-24T09:20:24.129+0000][1][safepoint    ] Application time: 0.0811257 seconds
[2019-06-24T09:20:24.129+0000][1][safepoint    ] Entering safepoint region: RevokeBias
[2019-06-24T09:20:24.129+0000][1][safepoint    ] Leaving safepoint region
[2019-06-24T09:20:24.129+0000][1][safepoint    ] Total time for which application threads were stopped: 0.0000730 seconds, Stopping threads took: 0.0000154 seconds
[2019-06-24T09:20:24.129+0000][1][safepoint    ] Application time: 0.0001928 seconds
[2019-06-24T09:20:24.129+0000][1][safepoint    ] Entering safepoint region: BulkRevokeBias
[2019-06-24T09:20:24.129+0000][1][safepoint    ] Leaving safepoint region
[2019-06-24T09:20:24.129+0000][1][safepoint    ] Total time for which application threads were stopped: 0.0001069 seconds, Stopping threads took: 0.0000110 seconds
[2019-06-24T09:20:24.151+0000][1][safepoint    ] Application time: 0.0215011 seconds
[2019-06-24T09:20:24.151+0000][1][safepoint    ] Entering safepoint region: GenCollectForAllocation
[2019-06-24T09:20:24.151+0000][1][gc,start     ] GC(6) Pause Young (Allocation Failure)
[2019-06-24T09:20:24.151+0000][1][gc,task      ] GC(6) Using 5 workers of 8 for evacuation
[2019-06-24T09:20:24.153+0000][1][gc,age       ] GC(6) Desired survivor size 4456448 bytes, new threshold 6 (max threshold 6)
[2019-06-24T09:20:24.153+0000][1][gc,age       ] GC(6) Age table with threshold 6 (max threshold 6)
[2019-06-24T09:20:24.153+0000][1][gc,age       ] GC(6) - age   1:    1404584 bytes,    1404584 total
[2019-06-24T09:20:24.153+0000][1][gc,age       ] GC(6) - age   2:    2195904 bytes,    3600488 total
[2019-06-24T09:20:24.153+0000][1][gc,age       ] GC(6) - age   3:     553392 bytes,    4153880 total
[2019-06-24T09:20:24.153+0000][1][gc,heap      ] GC(6) ParNew: 75753K->4979K(78656K)
[2019-06-24T09:20:24.153+0000][1][gc,heap      ] GC(6) CMS: 11266K->11266K(174784K)
[2019-06-24T09:20:24.153+0000][1][gc,metaspace ] GC(6) Metaspace: 19083K->19083K(1067008K)
[2019-06-24T09:20:24.153+0000][1][gc           ] GC(6) Pause Young (Allocation Failure) 84M->15M(247M) 2.337ms
[2019-06-24T09:20:24.153+0000][1][gc,cpu       ] GC(6) User=0.01s Sys=0.00s Real=0.00s
[2019-06-24T09:20:24.153+0000][1][safepoint    ] Leaving safepoint region
[2019-06-24T09:20:24.153+0000][1][safepoint    ] Total time for which application threads were stopped: 0.0024709 seconds, Stopping threads took: 0.0000150 seconds
[2019-06-24T09:20:24.153+0000][1][safepoint    ] Application time: 0.0001489 seconds
[2019-06-24T09:20:24.153+0000][1][safepoint    ] Entering safepoint region: BulkRevokeBias
[2019-06-24T09:20:24.153+0000][1][safepoint    ] Leaving safepoint region
[2019-06-24T09:20:24.153+0000][1][safepoint    ] Total time for which application threads were stopped: 0.0000876 seconds, Stopping threads took: 0.0000115 seconds
[2019-06-24T09:20:24.281+0000][1][safepoint    ] Application time: 0.1274905 seconds
[2019-06-24T09:20:24.281+0000][1][safepoint    ] Entering safepoint region: GenCollectForAllocation
[2019-06-24T09:20:24.281+0000][1][gc,start     ] GC(7) Pause Young (Allocation Failure)
[2019-06-24T09:20:24.281+0000][1][gc,task      ] GC(7) Using 5 workers of 8 for evacuation
[2019-06-24T09:20:24.283+0000][1][gc,age       ] GC(7) Desired survivor size 4456448 bytes, new threshold 6 (max threshold 6)
[2019-06-24T09:20:24.283+0000][1][gc,age       ] GC(7) Age table with threshold 6 (max threshold 6)
[2019-06-24T09:20:24.283+0000][1][gc,age       ] GC(7) - age   1:     555680 bytes,     555680 total
[2019-06-24T09:20:24.283+0000][1][gc,age       ] GC(7) - age   2:    1129816 bytes,    1685496 total
[2019-06-24T09:20:24.283+0000][1][gc,age       ] GC(7) - age   3:    2193896 bytes,    3879392 total
[2019-06-24T09:20:24.283+0000][1][gc,age       ] GC(7) - age   4:     553392 bytes,    4432784 total
[2019-06-24T09:20:24.283+0000][1][gc,heap      ] GC(7) ParNew: 74931K->5338K(78656K)
[2019-06-24T09:20:24.283+0000][1][gc,heap      ] GC(7) CMS: 11266K->11266K(174784K)
[2019-06-24T09:20:24.283+0000][1][gc,metaspace ] GC(7) Metaspace: 19738K->19738K(1067008K)
[2019-06-24T09:20:24.283+0000][1][gc           ] GC(7) Pause Young (Allocation Failure) 84M->16M(247M) 2.386ms
[2019-06-24T09:20:24.283+0000][1][gc,cpu       ] GC(7) User=0.01s Sys=0.00s Real=0.01s
[2019-06-24T09:20:24.283+0000][1][safepoint    ] Leaving safepoint region
[2019-06-24T09:20:24.283+0000][1][safepoint    ] Total time for which application threads were stopped: 0.0025339 seconds, Stopping threads took: 0.0000160 seconds
[2019-06-24T09:20:24.311+0000][1][safepoint    ] Application time: 0.0271397 seconds
[2019-06-24T09:20:24.311+0000][1][safepoint    ] Entering safepoint region: CollectForMetadataAllocation
[2019-06-24T09:20:24.311+0000][1][safepoint    ] Leaving safepoint region
[2019-06-24T09:20:24.311+0000][1][safepoint    ] Total time for which application threads were stopped: 0.0001861 seconds, Stopping threads took: 0.0000139 seconds
[2019-06-24T09:20:24.409+0000][1][safepoint    ] Application time: 0.0981319 seconds
[2019-06-24T09:20:24.409+0000][1][safepoint    ] Entering safepoint region: GenCollectForAllocation
[2019-06-24T09:20:24.409+0000][1][gc,start     ] GC(8) Pause Young (Allocation Failure)
[2019-06-24T09:20:24.409+0000][1][gc,task      ] GC(8) Using 5 workers of 8 for evacuation
[2019-06-24T09:20:24.412+0000][1][gc,age       ] GC(8) Desired survivor size 4456448 bytes, new threshold 4 (max threshold 6)
[2019-06-24T09:20:24.412+0000][1][gc,age       ] GC(8) Age table with threshold 4 (max threshold 6)
[2019-06-24T09:20:24.412+0000][1][gc,age       ] GC(8) - age   1:     808776 bytes,     808776 total
[2019-06-24T09:20:24.412+0000][1][gc,age       ] GC(8) - age   2:     536128 bytes,    1344904 total
[2019-06-24T09:20:24.412+0000][1][gc,age       ] GC(8) - age   3:    1129720 bytes,    2474624 total
[2019-06-24T09:20:24.412+0000][1][gc,age       ] GC(8) - age   4:    2193608 bytes,    4668232 total
[2019-06-24T09:20:24.412+0000][1][gc,age       ] GC(8) - age   5:     553392 bytes,    5221624 total
[2019-06-24T09:20:24.412+0000][1][gc,heap      ] GC(8) ParNew: 75290K->7123K(78656K)
[2019-06-24T09:20:24.412+0000][1][gc,heap      ] GC(8) CMS: 11266K->11266K(174784K)
[2019-06-24T09:20:24.412+0000][1][gc,metaspace ] GC(8) Metaspace: 20134K->20134K(1069056K)
[2019-06-24T09:20:24.412+0000][1][gc           ] GC(8) Pause Young (Allocation Failure) 84M->17M(247M) 2.931ms
[2019-06-24T09:20:24.412+0000][1][gc,cpu       ] GC(8) User=0.03s Sys=0.00s Real=0.00s
[2019-06-24T09:20:24.412+0000][1][safepoint    ] Leaving safepoint region
[2019-06-24T09:20:24.412+0000][1][safepoint    ] Total time for which application threads were stopped: 0.0030791 seconds, Stopping threads took: 0.0000176 seconds
[2019-06-24T09:20:24.412+0000][1][safepoint    ] Application time: 0.0001111 seconds
[2019-06-24T09:20:24.412+0000][1][safepoint    ] Entering safepoint region: CMS_Initial_Mark
[2019-06-24T09:20:24.412+0000][1][gc,start     ] GC(9) Pause Initial Mark
[2019-06-24T09:20:24.413+0000][1][gc           ] GC(9) Pause Initial Mark 19M->19M(247M) 0.819ms
[2019-06-24T09:20:24.413+0000][1][gc,cpu       ] GC(9) User=0.00s Sys=0.00s Real=0.00s
[2019-06-24T09:20:24.413+0000][1][safepoint    ] Leaving safepoint region
[2019-06-24T09:20:24.413+0000][1][safepoint    ] Total time for which application threads were stopped: 0.0009398 seconds, Stopping threads took: 0.0000300 seconds
[2019-06-24T09:20:24.413+0000][1][gc           ] GC(9) Concurrent Mark
[2019-06-24T09:20:24.413+0000][1][gc,task      ] GC(9) Using 2 workers of 2 for marking
[2019-06-24T09:20:24.423+0000][1][gc           ] GC(9) Concurrent Mark 9.325ms
[2019-06-24T09:20:24.423+0000][1][gc,cpu       ] GC(9) User=0.06s Sys=0.01s Real=0.02s
[2019-06-24T09:20:24.423+0000][1][gc           ] GC(9) Concurrent Preclean
[2019-06-24T09:20:24.423+0000][1][gc           ] GC(9) Concurrent Preclean 0.567ms
[2019-06-24T09:20:24.423+0000][1][gc,cpu       ] GC(9) User=0.00s Sys=0.00s Real=0.00s
[2019-06-24T09:20:24.423+0000][1][gc           ] GC(9) Concurrent Abortable Preclean
[2019-06-24T09:20:24.501+0000][1][safepoint    ] Application time: 0.0874573 seconds
[2019-06-24T09:20:24.501+0000][1][safepoint    ] Entering safepoint region: GenCollectForAllocation
[2019-06-24T09:20:24.501+0000][1][gc,start     ] GC(10) Pause Young (Allocation Failure)
[2019-06-24T09:20:24.501+0000][1][gc,task      ] GC(10) Using 5 workers of 8 for evacuation
[2019-06-24T09:20:24.504+0000][1][gc,age       ] GC(10) Desired survivor size 4456448 bytes, new threshold 6 (max threshold 6)
[2019-06-24T09:20:24.505+0000][1][gc,age       ] GC(10) Age table with threshold 6 (max threshold 6)
[2019-06-24T09:20:24.505+0000][1][gc,age       ] GC(10) - age   1:     123184 bytes,     123184 total
[2019-06-24T09:20:24.505+0000][1][gc,age       ] GC(10) - age   2:     463552 bytes,     586736 total
[2019-06-24T09:20:24.505+0000][1][gc,age       ] GC(10) - age   3:     536008 bytes,    1122744 total
[2019-06-24T09:20:24.505+0000][1][gc,age       ] GC(10) - age   4:    1129720 bytes,    2252464 total
[2019-06-24T09:20:24.505+0000][1][gc,heap      ] GC(10) ParNew: 77075K->5209K(78656K)
[2019-06-24T09:20:24.505+0000][1][gc,heap      ] GC(10) CMS: 11266K->13997K(174784K)
[2019-06-24T09:20:24.505+0000][1][gc,metaspace ] GC(10) Metaspace: 20243K->20243K(1069056K)
[2019-06-24T09:20:24.505+0000][1][gc           ] GC(10) Pause Young (Allocation Failure) 86M->18M(247M) 3.862ms
[2019-06-24T09:20:24.505+0000][1][gc,cpu       ] GC(10) User=0.02s Sys=0.00s Real=0.01s
[2019-06-24T09:20:24.505+0000][1][safepoint    ] Leaving safepoint region
[2019-06-24T09:20:24.505+0000][1][safepoint    ] Total time for which application threads were stopped: 0.0039718 seconds, Stopping threads took: 0.0000122 seconds
[2019-06-24T09:20:24.535+0000][1][safepoint    ] Application time: 0.0298963 seconds
[2019-06-24T09:20:24.535+0000][1][safepoint    ] Entering safepoint region: CollectForMetadataAllocation
[2019-06-24T09:20:24.535+0000][1][safepoint    ] Leaving safepoint region
[2019-06-24T09:20:24.535+0000][1][safepoint    ] Total time for which application threads were stopped: 0.0001530 seconds, Stopping threads took: 0.0000116 seconds
[2019-06-24T09:20:24.578+0000][1][safepoint    ] Application time: 0.0429345 seconds
[2019-06-24T09:20:24.578+0000][1][safepoint    ] Entering safepoint region: GenCollectForAllocation
[2019-06-24T09:20:24.578+0000][1][gc,start     ] GC(11) Pause Young (Allocation Failure)
[2019-06-24T09:20:24.578+0000][1][gc,task      ] GC(11) Using 5 workers of 8 for evacuation
[2019-06-24T09:20:24.580+0000][1][gc,age       ] GC(11) Desired survivor size 4456448 bytes, new threshold 6 (max threshold 6)
[2019-06-24T09:20:24.580+0000][1][gc,age       ] GC(11) Age table with threshold 6 (max threshold 6)
[2019-06-24T09:20:24.580+0000][1][gc,age       ] GC(11) - age   1:    1899832 bytes,    1899832 total
[2019-06-24T09:20:24.580+0000][1][gc,age       ] GC(11) - age   2:      99400 bytes,    1999232 total
[2019-06-24T09:20:24.580+0000][1][gc,age       ] GC(11) - age   3:     463552 bytes,    2462784 total
[2019-06-24T09:20:24.580+0000][1][gc,age       ] GC(11) - age   4:     535856 bytes,    2998640 total
[2019-06-24T09:20:24.580+0000][1][gc,age       ] GC(11) - age   5:    1129432 bytes,    4128072 total
[2019-06-24T09:20:24.580+0000][1][gc,heap      ] GC(11) ParNew: 75161K->4862K(78656K)
[2019-06-24T09:20:24.580+0000][1][gc,heap      ] GC(11) CMS: 13997K->13997K(174784K)
[2019-06-24T09:20:24.580+0000][1][gc,metaspace ] GC(11) Metaspace: 20325K->20325K(1069056K)
[2019-06-24T09:20:24.580+0000][1][gc           ] GC(11) Pause Young (Allocation Failure) 87M->18M(247M) 2.707ms
[2019-06-24T09:20:24.580+0000][1][gc,cpu       ] GC(11) User=0.02s Sys=0.00s Real=0.00s
[2019-06-24T09:20:24.581+0000][1][safepoint    ] Leaving safepoint region
[2019-06-24T09:20:24.581+0000][1][safepoint    ] Total time for which application threads were stopped: 0.0028168 seconds, Stopping threads took: 0.0000112 seconds
[2019-06-24T09:20:24.632+0000][1][safepoint    ] Application time: 0.0518378 seconds
[2019-06-24T09:20:24.632+0000][1][safepoint    ] Entering safepoint region: CollectForMetadataAllocation
[2019-06-24T09:20:24.633+0000][1][safepoint    ] Leaving safepoint region
[2019-06-24T09:20:24.633+0000][1][safepoint    ] Total time for which application threads were stopped: 0.0001610 seconds, Stopping threads took: 0.0000215 seconds
[2019-06-24T09:20:24.633+0000][1][gc           ] GC(9) Concurrent Abortable Preclean 209.396ms
[2019-06-24T09:20:24.633+0000][1][gc,cpu       ] GC(9) User=0.91s Sys=0.03s Real=0.20s
[2019-06-24T09:20:24.633+0000][1][safepoint    ] Application time: 0.0001264 seconds
[2019-06-24T09:20:24.633+0000][1][safepoint    ] Entering safepoint region: CMS_Final_Remark
[2019-06-24T09:20:24.633+0000][1][gc,start     ] GC(9) Pause Remark
[2019-06-24T09:20:24.644+0000][1][gc           ] GC(9) Pause Remark 55M->55M(247M) 11.615ms
[2019-06-24T09:20:24.644+0000][1][gc,cpu       ] GC(9) User=0.07s Sys=0.00s Real=0.02s
[2019-06-24T09:20:24.644+0000][1][safepoint    ] Leaving safepoint region
[2019-06-24T09:20:24.645+0000][1][safepoint    ] Total time for which application threads were stopped: 0.0117951 seconds, Stopping threads took: 0.0000833 seconds
[2019-06-24T09:20:24.645+0000][1][gc           ] GC(9) Concurrent Sweep
[2019-06-24T09:20:24.647+0000][1][safepoint    ] Application time: 0.0029225 seconds
[2019-06-24T09:20:24.647+0000][1][safepoint    ] Entering safepoint region: Deoptimize
[2019-06-24T09:20:24.648+0000][1][safepoint    ] Leaving safepoint region
[2019-06-24T09:20:24.648+0000][1][safepoint    ] Total time for which application threads were stopped: 0.0005297 seconds, Stopping threads took: 0.0000108 seconds
[2019-06-24T09:20:24.651+0000][1][gc           ] GC(9) Concurrent Sweep 6.857ms
[2019-06-24T09:20:24.651+0000][1][gc,cpu       ] GC(9) User=0.04s Sys=0.00s Real=0.00s
[2019-06-24T09:20:24.651+0000][1][gc           ] GC(9) Concurrent Reset
[2019-06-24T09:20:24.652+0000][1][gc           ] GC(9) Concurrent Reset 0.439ms
[2019-06-24T09:20:24.652+0000][1][gc,cpu       ] GC(9) User=0.00s Sys=0.00s Real=0.00s
[2019-06-24T09:20:24.652+0000][1][gc,heap      ] GC(9) Old: 11266K->13971K(174784K)
[2019-06-24T09:20:25.020+0000][1][safepoint    ] Application time: 0.3721467 seconds
[2019-06-24T09:20:25.020+0000][1][safepoint    ] Entering safepoint region: Deoptimize
[2019-06-24T09:20:25.021+0000][1][safepoint    ] Leaving safepoint region
[2019-06-24T09:20:25.021+0000][1][safepoint    ] Total time for which application threads were stopped: 0.0006103 seconds, Stopping threads took: 0.0000175 seconds
[2019-06-24T09:20:25.030+0000][1][safepoint    ] Application time: 0.0088923 seconds
[2019-06-24T09:20:25.030+0000][1][safepoint    ] Entering safepoint region: RevokeBias
[2019-06-24T09:20:25.030+0000][1][safepoint    ] Leaving safepoint region
[2019-06-24T09:20:25.030+0000][1][safepoint    ] Total time for which application threads were stopped: 0.0000886 seconds, Stopping threads took: 0.0000300 seconds
[2019-06-24T09:20:25.030+0000][1][safepoint    ] Application time: 0.0003925 seconds
[2019-06-24T09:20:25.030+0000][1][safepoint    ] Entering safepoint region: Deoptimize
[2019-06-24T09:20:25.031+0000][1][safepoint    ] Leaving safepoint region
[2019-06-24T09:20:25.031+0000][1][safepoint    ] Total time for which application threads were stopped: 0.0003147 seconds, Stopping threads took: 0.0000101 seconds
[2019-06-24T09:20:25.034+0000][1][safepoint    ] Application time: 0.0033300 seconds
[2019-06-24T09:20:25.034+0000][1][safepoint    ] Entering safepoint region: Deoptimize
[2019-06-24T09:20:25.034+0000][1][safepoint    ] Leaving safepoint region
[2019-06-24T09:20:25.034+0000][1][safepoint    ] Total time for which application threads were stopped: 0.0002869 seconds, Stopping threads took: 0.0000106 seconds
[2019-06-24T09:20:25.134+0000][1][safepoint    ] Application time: 0.0993543 seconds
[2019-06-24T09:20:25.134+0000][1][safepoint    ] Entering safepoint region: GenCollectForAllocation
[2019-06-24T09:20:25.134+0000][1][gc,start     ] GC(12) Pause Young (Allocation Failure)
[2019-06-24T09:20:25.134+0000][1][gc,task      ] GC(12) Using 5 workers of 8 for evacuation
[2019-06-24T09:20:25.139+0000][1][gc,age       ] GC(12) Desired survivor size 4456448 bytes, new threshold 3 (max threshold 6)
[2019-06-24T09:20:25.139+0000][1][gc,age       ] GC(12) Age table with threshold 3 (max threshold 6)
[2019-06-24T09:20:25.139+0000][1][gc,age       ] GC(12) - age   1:    4012280 bytes,    4012280 total
[2019-06-24T09:20:25.139+0000][1][gc,age       ] GC(12) - age   2:     345096 bytes,    4357376 total
[2019-06-24T09:20:25.139+0000][1][gc,age       ] GC(12) - age   3:      99136 bytes,    4456512 total
[2019-06-24T09:20:25.139+0000][1][gc,age       ] GC(12) - age   4:     463296 bytes,    4919808 total
[2019-06-24T09:20:25.139+0000][1][gc,age       ] GC(12) - age   5:     530752 bytes,    5450560 total
[2019-06-24T09:20:25.139+0000][1][gc,age       ] GC(12) - age   6:    1129272 bytes,    6579832 total
[2019-06-24T09:20:25.139+0000][1][gc,heap      ] GC(12) ParNew: 74814K->8197K(78656K)
[2019-06-24T09:20:25.139+0000][1][gc,heap      ] GC(12) CMS: 13971K->13971K(174784K)
[2019-06-24T09:20:25.139+0000][1][gc,metaspace ] GC(12) Metaspace: 26185K->26185K(1073152K)
[2019-06-24T09:20:25.139+0000][1][gc           ] GC(12) Pause Young (Allocation Failure) 86M->21M(247M) 5.202ms
[2019-06-24T09:20:25.139+0000][1][gc,cpu       ] GC(12) User=0.03s Sys=0.01s Real=0.01s
[2019-06-24T09:20:25.139+0000][1][safepoint    ] Leaving safepoint region
[2019-06-24T09:20:25.139+0000][1][safepoint    ] Total time for which application threads were stopped: 0.0053280 seconds, Stopping threads took: 0.0000226 seconds
[2019-06-24T09:20:25.504+0000][1][safepoint    ] Application time: 0.3651507 seconds
[2019-06-24T09:20:25.504+0000][1][safepoint    ] Entering safepoint region: RevokeBias
[2019-06-24T09:20:25.504+0000][1][safepoint    ] Leaving safepoint region
[2019-06-24T09:20:25.504+0000][1][safepoint    ] Total time for which application threads were stopped: 0.0002314 seconds, Stopping threads took: 0.0000116 seconds
[2019-06-24T09:20:25.843+0000][1][safepoint    ] Application time: 0.3384653 seconds
[2019-06-24T09:20:25.843+0000][1][safepoint    ] Entering safepoint region: GenCollectForAllocation
[2019-06-24T09:20:25.843+0000][1][gc,start     ] GC(13) Pause Young (Allocation Failure)
[2019-06-24T09:20:25.843+0000][1][gc,task      ] GC(13) Using 5 workers of 8 for evacuation
[2019-06-24T09:20:25.863+0000][1][gc,age       ] GC(13) Desired survivor size 4456448 bytes, new threshold 1 (max threshold 6)
[2019-06-24T09:20:25.863+0000][1][gc,age       ] GC(13) Age table with threshold 1 (max threshold 6)
[2019-06-24T09:20:25.863+0000][1][gc,age       ] GC(13) - age   1:    4778864 bytes,    4778864 total
[2019-06-24T09:20:25.863+0000][1][gc,age       ] GC(13) - age   2:    3789432 bytes,    8568296 total
[2019-06-24T09:20:25.863+0000][1][gc,age       ] GC(13) - age   3:     344896 bytes,    8913192 total
[2019-06-24T09:20:25.863+0000][1][gc,heap      ] GC(13) ParNew: 78149K->8704K(78656K)
[2019-06-24T09:20:25.863+0000][1][gc,heap      ] GC(13) CMS: 13971K->26204K(174784K)
[2019-06-24T09:20:25.863+0000][1][gc,metaspace ] GC(13) Metaspace: 26808K->26808K(1073152K)
[2019-06-24T09:20:25.863+0000][1][gc           ] GC(13) Pause Young (Allocation Failure) 89M->34M(247M) 20.145ms
[2019-06-24T09:20:25.863+0000][1][gc,cpu       ] GC(13) User=0.14s Sys=0.00s Real=0.02s
[2019-06-24T09:20:25.863+0000][1][safepoint    ] Leaving safepoint region
[2019-06-24T09:20:25.863+0000][1][safepoint    ] Total time for which application threads were stopped: 0.0202756 seconds, Stopping threads took: 0.0000194 seconds
[2019-06-24T09:20:26.059+0000][1][safepoint    ] Application time: 0.1956316 seconds
[2019-06-24T09:20:26.059+0000][1][safepoint    ] Entering safepoint region: Deoptimize
[2019-06-24T09:20:26.059+0000][1][safepoint    ] Leaving safepoint region
[2019-06-24T09:20:26.059+0000][1][safepoint    ] Total time for which application threads were stopped: 0.0002972 seconds, Stopping threads took: 0.0000116 seconds
[2019-06-24T09:20:26.338+0000][1][safepoint    ] Application time: 0.2785382 seconds
[2019-06-24T09:20:26.338+0000][1][safepoint    ] Entering safepoint region: GenCollectForAllocation
[2019-06-24T09:20:26.338+0000][1][gc,start     ] GC(14) Pause Young (Allocation Failure)
[2019-06-24T09:20:26.338+0000][1][gc,task      ] GC(14) Using 5 workers of 8 for evacuation
[2019-06-24T09:20:26.362+0000][1][gc,age       ] GC(14) Desired survivor size 4456448 bytes, new threshold 1 (max threshold 6)
[2019-06-24T09:20:26.362+0000][1][gc,age       ] GC(14) Age table with threshold 1 (max threshold 6)
[2019-06-24T09:20:26.362+0000][1][gc,age       ] GC(14) - age   1:    8912728 bytes,    8912728 total
[2019-06-24T09:20:26.362+0000][1][gc,heap      ] GC(14) ParNew: 78656K->8704K(78656K)
[2019-06-24T09:20:26.362+0000][1][gc,heap      ] GC(14) CMS: 26204K->38978K(174784K)
[2019-06-24T09:20:26.362+0000][1][gc,metaspace ] GC(14) Metaspace: 26940K->26940K(1075200K)
[2019-06-24T09:20:26.362+0000][1][gc           ] GC(14) Pause Young (Allocation Failure) 102M->46M(247M) 23.932ms
[2019-06-24T09:20:26.362+0000][1][gc,cpu       ] GC(14) User=0.19s Sys=0.00s Real=0.02s
[2019-06-24T09:20:26.362+0000][1][safepoint    ] Leaving safepoint region
[2019-06-24T09:20:26.362+0000][1][safepoint    ] Total time for which application threads were stopped: 0.0240855 seconds, Stopping threads took: 0.0000279 seconds
[2019-06-24T09:20:26.785+0000][1][safepoint    ] Application time: 0.4233264 seconds
[2019-06-24T09:20:26.785+0000][1][safepoint    ] Entering safepoint region: RevokeBias
[2019-06-24T09:20:26.785+0000][1][safepoint    ] Leaving safepoint region
[2019-06-24T09:20:26.785+0000][1][safepoint    ] Total time for which application threads were stopped: 0.0001433 seconds, Stopping threads took: 0.0000290 seconds
[2019-06-24T09:20:26.828+0000][1][safepoint    ] Application time: 0.0428560 seconds
[2019-06-24T09:20:26.828+0000][1][safepoint    ] Entering safepoint region: RevokeBias
[2019-06-24T09:20:26.828+0000][1][safepoint    ] Leaving safepoint region
[2019-06-24T09:20:26.828+0000][1][safepoint    ] Total time for which application threads were stopped: 0.0000942 seconds, Stopping threads took: 0.0000182 seconds
[2019-06-24T09:20:26.920+0000][1][safepoint    ] Application time: 0.0919591 seconds
[2019-06-24T09:20:26.920+0000][1][safepoint    ] Entering safepoint region: GenCollectForAllocation
[2019-06-24T09:20:26.920+0000][1][gc,start     ] GC(15) Pause Young (Allocation Failure)
[2019-06-24T09:20:26.921+0000][1][gc,task      ] GC(15) Using 5 workers of 8 for evacuation
[2019-06-24T09:20:26.937+0000][1][gc,age       ] GC(15) Desired survivor size 4456448 bytes, new threshold 1 (max threshold 6)
[2019-06-24T09:20:26.937+0000][1][gc,age       ] GC(15) Age table with threshold 1 (max threshold 6)
[2019-06-24T09:20:26.937+0000][1][gc,age       ] GC(15) - age   1:    6703296 bytes,    6703296 total
[2019-06-24T09:20:26.937+0000][1][gc,heap      ] GC(15) ParNew: 78656K->8704K(78656K)
[2019-06-24T09:20:26.937+0000][1][gc,heap      ] GC(15) CMS: 38978K->48888K(174784K)
[2019-06-24T09:20:26.937+0000][1][gc,metaspace ] GC(15) Metaspace: 31883K->31883K(1079296K)
[2019-06-24T09:20:26.937+0000][1][gc           ] GC(15) Pause Young (Allocation Failure) 114M->56M(247M) 16.854ms
[2019-06-24T09:20:26.937+0000][1][gc,cpu       ] GC(15) User=0.13s Sys=0.00s Real=0.02s
[2019-06-24T09:20:26.937+0000][1][safepoint    ] Leaving safepoint region
[2019-06-24T09:20:26.937+0000][1][safepoint    ] Total time for which application threads were stopped: 0.0170092 seconds, Stopping threads took: 0.0000177 seconds
[2019-06-24T09:20:27.063+0000][1][safepoint    ] Application time: 0.1253459 seconds
[2019-06-24T09:20:27.063+0000][1][safepoint    ] Entering safepoint region: GenCollectForAllocation
[2019-06-24T09:20:27.063+0000][1][gc,start     ] GC(16) Pause Young (Allocation Failure)
[2019-06-24T09:20:27.063+0000][1][gc,task      ] GC(16) Using 5 workers of 8 for evacuation
[2019-06-24T09:20:27.072+0000][1][gc,age       ] GC(16) Desired survivor size 4456448 bytes, new threshold 6 (max threshold 6)
[2019-06-24T09:20:27.072+0000][1][gc,age       ] GC(16) Age table with threshold 6 (max threshold 6)
[2019-06-24T09:20:27.072+0000][1][gc,age       ] GC(16) - age   1:     360640 bytes,     360640 total
[2019-06-24T09:20:27.072+0000][1][gc,heap      ] GC(16) ParNew: 78656K->7032K(78656K)
[2019-06-24T09:20:27.072+0000][1][gc,heap      ] GC(16) CMS: 48888K->55486K(174784K)
[2019-06-24T09:20:27.072+0000][1][gc,metaspace ] GC(16) Metaspace: 32735K->32735K(1079296K)
[2019-06-24T09:20:27.072+0000][1][gc           ] GC(16) Pause Young (Allocation Failure) 124M->61M(247M) 9.549ms
[2019-06-24T09:20:27.072+0000][1][gc,cpu       ] GC(16) User=0.07s Sys=0.00s Real=0.00s
[2019-06-24T09:20:27.072+0000][1][safepoint    ] Leaving safepoint region
[2019-06-24T09:20:27.073+0000][1][safepoint    ] Total time for which application threads were stopped: 0.0097036 seconds, Stopping threads took: 0.0000194 seconds
[2019-06-24T09:20:27.337+0000][1][safepoint    ] Application time: 0.2642704 seconds
[2019-06-24T09:20:27.337+0000][1][safepoint    ] Entering safepoint region: CollectForMetadataAllocation
[2019-06-24T09:20:27.337+0000][1][safepoint    ] Leaving safepoint region
[2019-06-24T09:20:27.337+0000][1][safepoint    ] Total time for which application threads were stopped: 0.0002191 seconds, Stopping threads took: 0.0000123 seconds
[2019-06-24T09:20:27.357+0000][1][safepoint    ] Application time: 0.0195505 seconds
[2019-06-24T09:20:27.357+0000][1][safepoint    ] Entering safepoint region: CollectForMetadataAllocation
[2019-06-24T09:20:27.357+0000][1][safepoint    ] Leaving safepoint region
[2019-06-24T09:20:27.357+0000][1][safepoint    ] Total time for which application threads were stopped: 0.0001819 seconds, Stopping threads took: 0.0000143 seconds
[2019-06-24T09:20:27.375+0000][1][safepoint    ] Application time: 0.0186110 seconds
[2019-06-24T09:20:27.375+0000][1][safepoint    ] Entering safepoint region: CollectForMetadataAllocation
[2019-06-24T09:20:27.376+0000][1][safepoint    ] Leaving safepoint region
[2019-06-24T09:20:27.376+0000][1][safepoint    ] Total time for which application threads were stopped: 0.0001590 seconds, Stopping threads took: 0.0000122 seconds
[2019-06-24T09:20:27.398+0000][1][safepoint    ] Application time: 0.0226254 seconds
[2019-06-24T09:20:27.398+0000][1][safepoint    ] Entering safepoint region: CollectForMetadataAllocation
[2019-06-24T09:20:27.398+0000][1][safepoint    ] Leaving safepoint region
[2019-06-24T09:20:27.398+0000][1][safepoint    ] Total time for which application threads were stopped: 0.0001488 seconds, Stopping threads took: 0.0000105 seconds
[2019-06-24T09:20:27.424+0000][1][safepoint    ] Application time: 0.0253652 seconds
[2019-06-24T09:20:27.424+0000][1][safepoint    ] Entering safepoint region: CollectForMetadataAllocation
[2019-06-24T09:20:27.424+0000][1][safepoint    ] Leaving safepoint region
[2019-06-24T09:20:27.424+0000][1][safepoint    ] Total time for which application threads were stopped: 0.0001042 seconds, Stopping threads took: 0.0000124 seconds
[2019-06-24T09:20:27.457+0000][1][safepoint    ] Application time: 0.0331103 seconds
[2019-06-24T09:20:27.457+0000][1][safepoint    ] Entering safepoint region: CollectForMetadataAllocation
[2019-06-24T09:20:27.457+0000][1][safepoint    ] Leaving safepoint region
[2019-06-24T09:20:27.457+0000][1][safepoint    ] Total time for which application threads were stopped: 0.0001597 seconds, Stopping threads took: 0.0000138 seconds
[2019-06-24T09:20:27.476+0000][1][safepoint    ] Application time: 0.0191400 seconds
[2019-06-24T09:20:27.476+0000][1][safepoint    ] Entering safepoint region: CollectForMetadataAllocation
[2019-06-24T09:20:27.477+0000][1][safepoint    ] Leaving safepoint region
[2019-06-24T09:20:27.477+0000][1][safepoint    ] Total time for which application threads were stopped: 0.0001523 seconds, Stopping threads took: 0.0000109 seconds
[2019-06-24T09:20:27.497+0000][1][safepoint    ] Application time: 0.0202351 seconds
[2019-06-24T09:20:27.497+0000][1][safepoint    ] Entering safepoint region: CollectForMetadataAllocation
[2019-06-24T09:20:27.497+0000][1][safepoint    ] Leaving safepoint region
[2019-06-24T09:20:27.497+0000][1][safepoint    ] Total time for which application threads were stopped: 0.0002288 seconds, Stopping threads took: 0.0000889 seconds
[2019-06-24T09:20:27.502+0000][1][safepoint    ] Application time: 0.0044837 seconds
[2019-06-24T09:20:27.502+0000][1][safepoint    ] Entering safepoint region: RevokeBias
[2019-06-24T09:20:27.502+0000][1][safepoint    ] Leaving safepoint region
[2019-06-24T09:20:27.502+0000][1][safepoint    ] Total time for which application threads were stopped: 0.0000974 seconds, Stopping threads took: 0.0000113 seconds
[2019-06-24T09:20:27.539+0000][1][safepoint    ] Application time: 0.0374701 seconds
[2019-06-24T09:20:27.539+0000][1][safepoint    ] Entering safepoint region: RevokeBias
[2019-06-24T09:20:27.539+0000][1][safepoint    ] Leaving safepoint region
[2019-06-24T09:20:27.539+0000][1][safepoint    ] Total time for which application threads were stopped: 0.0001026 seconds, Stopping threads took: 0.0000118 seconds
[2019-06-24T09:20:27.547+0000][1][safepoint    ] Application time: 0.0071500 seconds
[2019-06-24T09:20:27.547+0000][1][safepoint    ] Entering safepoint region: CollectForMetadataAllocation
[2019-06-24T09:20:27.547+0000][1][safepoint    ] Leaving safepoint region
[2019-06-24T09:20:27.547+0000][1][safepoint    ] Total time for which application threads were stopped: 0.0001583 seconds, Stopping threads took: 0.0000199 seconds
[2019-06-24T09:20:27.569+0000][1][safepoint    ] Application time: 0.0226639 seconds
[2019-06-24T09:20:27.569+0000][1][safepoint    ] Entering safepoint region: CollectForMetadataAllocation
[2019-06-24T09:20:27.570+0000][1][safepoint    ] Leaving safepoint region
[2019-06-24T09:20:27.570+0000][1][safepoint    ] Total time for which application threads were stopped: 0.0001453 seconds, Stopping threads took: 0.0000103 seconds
[2019-06-24T09:20:27.591+0000][1][safepoint    ] Application time: 0.0210012 seconds
[2019-06-24T09:20:27.591+0000][1][safepoint    ] Entering safepoint region: CollectForMetadataAllocation
[2019-06-24T09:20:27.591+0000][1][safepoint    ] Leaving safepoint region
[2019-06-24T09:20:27.591+0000][1][safepoint    ] Total time for which application threads were stopped: 0.0001926 seconds, Stopping threads took: 0.0000156 seconds
[2019-06-24T09:20:27.610+0000][1][safepoint    ] Application time: 0.0193285 seconds
[2019-06-24T09:20:27.610+0000][1][safepoint    ] Entering safepoint region: CollectForMetadataAllocation
[2019-06-24T09:20:27.610+0000][1][safepoint    ] Leaving safepoint region
[2019-06-24T09:20:27.610+0000][1][safepoint    ] Total time for which application threads were stopped: 0.0001797 seconds, Stopping threads took: 0.0000149 seconds
[2019-06-24T09:20:27.629+0000][1][safepoint    ] Application time: 0.0190405 seconds
[2019-06-24T09:20:27.629+0000][1][safepoint    ] Entering safepoint region: CollectForMetadataAllocation
[2019-06-24T09:20:27.630+0000][1][safepoint    ] Leaving safepoint region
[2019-06-24T09:20:27.630+0000][1][safepoint    ] Total time for which application threads were stopped: 0.0001930 seconds, Stopping threads took: 0.0000146 seconds
[2019-06-24T09:20:27.644+0000][1][safepoint    ] Application time: 0.0140817 seconds
[2019-06-24T09:20:27.644+0000][1][safepoint    ] Entering safepoint region: CollectForMetadataAllocation
[2019-06-24T09:20:27.644+0000][1][safepoint    ] Leaving safepoint region
[2019-06-24T09:20:27.644+0000][1][safepoint    ] Total time for which application threads were stopped: 0.0002122 seconds, Stopping threads took: 0.0000482 seconds
[2019-06-24T09:20:27.665+0000][1][safepoint    ] Application time: 0.0205249 seconds
[2019-06-24T09:20:27.665+0000][1][safepoint    ] Entering safepoint region: CollectForMetadataAllocation
[2019-06-24T09:20:27.665+0000][1][safepoint    ] Leaving safepoint region
[2019-06-24T09:20:27.665+0000][1][safepoint    ] Total time for which application threads were stopped: 0.0001878 seconds, Stopping threads took: 0.0000146 seconds
[2019-06-24T09:20:27.683+0000][1][safepoint    ] Application time: 0.0180314 seconds
[2019-06-24T09:20:27.683+0000][1][safepoint    ] Entering safepoint region: CollectForMetadataAllocation
[2019-06-24T09:20:27.683+0000][1][safepoint    ] Leaving safepoint region
[2019-06-24T09:20:27.683+0000][1][safepoint    ] Total time for which application threads were stopped: 0.0001899 seconds, Stopping threads took: 0.0000158 seconds
[2019-06-24T09:20:27.700+0000][1][safepoint    ] Application time: 0.0169465 seconds
[2019-06-24T09:20:27.700+0000][1][safepoint    ] Entering safepoint region: CollectForMetadataAllocation
[2019-06-24T09:20:27.700+0000][1][safepoint    ] Leaving safepoint region
[2019-06-24T09:20:27.700+0000][1][safepoint    ] Total time for which application threads were stopped: 0.0001905 seconds, Stopping threads took: 0.0000167 seconds
[2019-06-24T09:20:27.719+0000][1][safepoint    ] Application time: 0.0183486 seconds
[2019-06-24T09:20:27.719+0000][1][safepoint    ] Entering safepoint region: CollectForMetadataAllocation
[2019-06-24T09:20:27.719+0000][1][safepoint    ] Leaving safepoint region
[2019-06-24T09:20:27.719+0000][1][safepoint    ] Total time for which application threads were stopped: 0.0001887 seconds, Stopping threads took: 0.0000145 seconds
[2019-06-24T09:20:27.738+0000][1][safepoint    ] Application time: 0.0189095 seconds
[2019-06-24T09:20:27.738+0000][1][safepoint    ] Entering safepoint region: CollectForMetadataAllocation
[2019-06-24T09:20:27.738+0000][1][safepoint    ] Leaving safepoint region
[2019-06-24T09:20:27.738+0000][1][safepoint    ] Total time for which application threads were stopped: 0.0001996 seconds, Stopping threads took: 0.0000234 seconds
[2019-06-24T09:20:27.757+0000][1][safepoint    ] Application time: 0.0189430 seconds
[2019-06-24T09:20:27.757+0000][1][safepoint    ] Entering safepoint region: CollectForMetadataAllocation
[2019-06-24T09:20:27.757+0000][1][safepoint    ] Leaving safepoint region
[2019-06-24T09:20:27.757+0000][1][safepoint    ] Total time for which application threads were stopped: 0.0001211 seconds, Stopping threads took: 0.0000175 seconds
[2019-06-24T09:20:27.780+0000][1][safepoint    ] Application time: 0.0226120 seconds
[2019-06-24T09:20:27.780+0000][1][safepoint    ] Entering safepoint region: CollectForMetadataAllocation
[2019-06-24T09:20:27.780+0000][1][safepoint    ] Leaving safepoint region
[2019-06-24T09:20:27.780+0000][1][safepoint    ] Total time for which application threads were stopped: 0.0001981 seconds, Stopping threads took: 0.0000177 seconds
[2019-06-24T09:20:27.803+0000][1][safepoint    ] Application time: 0.0226056 seconds
[2019-06-24T09:20:27.803+0000][1][safepoint    ] Entering safepoint region: CollectForMetadataAllocation
[2019-06-24T09:20:27.803+0000][1][safepoint    ] Leaving safepoint region
[2019-06-24T09:20:27.803+0000][1][safepoint    ] Total time for which application threads were stopped: 0.0001983 seconds, Stopping threads took: 0.0000158 seconds
[2019-06-24T09:20:27.827+0000][1][safepoint    ] Application time: 0.0238485 seconds
[2019-06-24T09:20:27.827+0000][1][safepoint    ] Entering safepoint region: CollectForMetadataAllocation
[2019-06-24T09:20:27.827+0000][1][safepoint    ] Leaving safepoint region
[2019-06-24T09:20:27.827+0000][1][safepoint    ] Total time for which application threads were stopped: 0.0001988 seconds, Stopping threads took: 0.0000266 seconds
[2019-06-24T09:20:27.843+0000][1][safepoint    ] Application time: 0.0156948 seconds
[2019-06-24T09:20:27.843+0000][1][safepoint    ] Entering safepoint region: CollectForMetadataAllocation
[2019-06-24T09:20:27.843+0000][1][safepoint    ] Leaving safepoint region
[2019-06-24T09:20:27.843+0000][1][safepoint    ] Total time for which application threads were stopped: 0.0002037 seconds, Stopping threads took: 0.0000170 seconds
[2019-06-24T09:20:27.864+0000][1][safepoint    ] Application time: 0.0207101 seconds
[2019-06-24T09:20:27.864+0000][1][safepoint    ] Entering safepoint region: CollectForMetadataAllocation
[2019-06-24T09:20:27.864+0000][1][safepoint    ] Leaving safepoint region
[2019-06-24T09:20:27.864+0000][1][safepoint    ] Total time for which application threads were stopped: 0.0001895 seconds, Stopping threads took: 0.0000155 seconds
[2019-06-24T09:20:27.885+0000][1][safepoint    ] Application time: 0.0212093 seconds
[2019-06-24T09:20:27.885+0000][1][safepoint    ] Entering safepoint region: CollectForMetadataAllocation
[2019-06-24T09:20:27.885+0000][1][safepoint    ] Leaving safepoint region
[2019-06-24T09:20:27.885+0000][1][safepoint    ] Total time for which application threads were stopped: 0.0002380 seconds, Stopping threads took: 0.0000189 seconds
[2019-06-24T09:20:28.374+0000][1][safepoint    ] Application time: 0.4883080 seconds
[2019-06-24T09:20:28.374+0000][1][safepoint    ] Entering safepoint region: CollectForMetadataAllocation
[2019-06-24T09:20:28.374+0000][1][safepoint    ] Leaving safepoint region
[2019-06-24T09:20:28.374+0000][1][safepoint    ] Total time for which application threads were stopped: 0.0008295 seconds, Stopping threads took: 0.0000156 seconds
[2019-06-24T09:20:28.376+0000][1][safepoint    ] Application time: 0.0010562 seconds
[2019-06-24T09:20:28.376+0000][1][safepoint    ] Entering safepoint region: GenCollectForAllocation
[2019-06-24T09:20:28.376+0000][1][gc,start     ] GC(17) Pause Young (Allocation Failure)
[2019-06-24T09:20:28.376+0000][1][gc,task      ] GC(17) Using 5 workers of 8 for evacuation
[2019-06-24T09:20:28.380+0000][1][gc,age       ] GC(17) Desired survivor size 4456448 bytes, new threshold 6 (max threshold 6)
[2019-06-24T09:20:28.380+0000][1][gc,age       ] GC(17) Age table with threshold 6 (max threshold 6)
[2019-06-24T09:20:28.380+0000][1][gc,age       ] GC(17) - age   1:    3755152 bytes,    3755152 total
[2019-06-24T09:20:28.380+0000][1][gc,age       ] GC(17) - age   2:     320720 bytes,    4075872 total
[2019-06-24T09:20:28.380+0000][1][gc,heap      ] GC(17) ParNew: 76984K->4742K(78656K)
[2019-06-24T09:20:28.380+0000][1][gc,heap      ] GC(17) CMS: 55486K->55486K(174784K)
[2019-06-24T09:20:28.380+0000][1][gc,metaspace ] GC(17) Metaspace: 42066K->42066K(1087488K)
[2019-06-24T09:20:28.380+0000][1][gc           ] GC(17) Pause Young (Allocation Failure) 129M->58M(247M) 4.145ms
[2019-06-24T09:20:28.380+0000][1][gc,cpu       ] GC(17) User=0.02s Sys=0.00s Real=0.00s
[2019-06-24T09:20:28.380+0000][1][safepoint    ] Leaving safepoint region
[2019-06-24T09:20:28.380+0000][1][safepoint    ] Total time for which application threads were stopped: 0.0042673 seconds, Stopping threads took: 0.0000122 seconds
[2019-06-24T09:20:28.380+0000][1][safepoint    ] Application time: 0.0001981 seconds
[2019-06-24T09:20:28.380+0000][1][safepoint    ] Entering safepoint region: CMS_Initial_Mark
[2019-06-24T09:20:28.380+0000][1][gc,start     ] GC(18) Pause Initial Mark
[2019-06-24T09:20:28.381+0000][1][gc           ] GC(18) Pause Initial Mark 60M->60M(247M) 1.265ms
[2019-06-24T09:20:28.381+0000][1][gc,cpu       ] GC(18) User=0.00s Sys=0.00s Real=0.00s
[2019-06-24T09:20:28.381+0000][1][safepoint    ] Leaving safepoint region
[2019-06-24T09:20:28.381+0000][1][safepoint    ] Total time for which application threads were stopped: 0.0013522 seconds, Stopping threads took: 0.0000206 seconds
[2019-06-24T09:20:28.381+0000][1][gc           ] GC(18) Concurrent Mark
[2019-06-24T09:20:28.381+0000][1][gc,task      ] GC(18) Using 2 workers of 2 for marking
[2019-06-24T09:20:28.398+0000][1][safepoint    ] Application time: 0.0166561 seconds
[2019-06-24T09:20:28.398+0000][1][safepoint    ] Entering safepoint region: CollectForMetadataAllocation
[2019-06-24T09:20:28.398+0000][1][safepoint    ] Leaving safepoint region
[2019-06-24T09:20:28.398+0000][1][safepoint    ] Total time for which application threads were stopped: 0.0001588 seconds, Stopping threads took: 0.0000105 seconds
[2019-06-24T09:20:28.418+0000][1][safepoint    ] Application time: 0.0193979 seconds
[2019-06-24T09:20:28.418+0000][1][safepoint    ] Entering safepoint region: CollectForMetadataAllocation
[2019-06-24T09:20:28.418+0000][1][safepoint    ] Leaving safepoint region
[2019-06-24T09:20:28.418+0000][1][safepoint    ] Total time for which application threads were stopped: 0.0001083 seconds, Stopping threads took: 0.0000100 seconds
[2019-06-24T09:20:28.431+0000][1][gc           ] GC(18) Concurrent Mark 49.883ms
[2019-06-24T09:20:28.431+0000][1][gc,cpu       ] GC(18) User=0.26s Sys=0.01s Real=0.05s
[2019-06-24T09:20:28.431+0000][1][gc           ] GC(18) Concurrent Preclean
[2019-06-24T09:20:28.433+0000][1][gc           ] GC(18) Concurrent Preclean 2.007ms
[2019-06-24T09:20:28.433+0000][1][gc,cpu       ] GC(18) User=0.01s Sys=0.00s Real=0.00s
[2019-06-24T09:20:28.433+0000][1][gc           ] GC(18) Concurrent Abortable Preclean
[2019-06-24T09:20:28.611+0000][1][safepoint    ] Application time: 0.1935807 seconds
[2019-06-24T09:20:28.611+0000][1][safepoint    ] Entering safepoint region: CollectForMetadataAllocation
[2019-06-24T09:20:28.612+0000][1][safepoint    ] Leaving safepoint region
[2019-06-24T09:20:28.612+0000][1][safepoint    ] Total time for which application threads were stopped: 0.0002751 seconds, Stopping threads took: 0.0000183 seconds
[2019-06-24T09:20:28.625+0000][1][safepoint    ] Application time: 0.0132581 seconds
[2019-06-24T09:20:28.625+0000][1][safepoint    ] Entering safepoint region: CollectForMetadataAllocation
[2019-06-24T09:20:28.625+0000][1][safepoint    ] Leaving safepoint region
[2019-06-24T09:20:28.625+0000][1][safepoint    ] Total time for which application threads were stopped: 0.0001976 seconds, Stopping threads took: 0.0000159 seconds
[2019-06-24T09:20:28.647+0000][1][safepoint    ] Application time: 0.0218268 seconds
[2019-06-24T09:20:28.647+0000][1][safepoint    ] Entering safepoint region: CollectForMetadataAllocation
[2019-06-24T09:20:28.647+0000][1][safepoint    ] Leaving safepoint region
[2019-06-24T09:20:28.647+0000][1][safepoint    ] Total time for which application threads were stopped: 0.0001933 seconds, Stopping threads took: 0.0000167 seconds
[2019-06-24T09:20:28.665+0000][1][gc           ] GC(18) Concurrent Abortable Preclean 231.415ms
[2019-06-24T09:20:28.665+0000][1][gc,cpu       ] GC(18) User=1.07s Sys=0.01s Real=0.24s
[2019-06-24T09:20:28.665+0000][1][safepoint    ] Application time: 0.0176807 seconds
[2019-06-24T09:20:28.665+0000][1][safepoint    ] Entering safepoint region: CMS_Final_Remark
[2019-06-24T09:20:28.665+0000][1][gc,start     ] GC(18) Pause Remark
[2019-06-24T09:20:28.678+0000][1][gc           ] GC(18) Pause Remark 93M->93M(247M) 12.836ms
[2019-06-24T09:20:28.678+0000][1][gc,cpu       ] GC(18) User=0.05s Sys=0.00s Real=0.01s
[2019-06-24T09:20:28.678+0000][1][safepoint    ] Leaving safepoint region
[2019-06-24T09:20:28.678+0000][1][safepoint    ] Total time for which application threads were stopped: 0.0130216 seconds, Stopping threads took: 0.0000407 seconds
[2019-06-24T09:20:28.678+0000][1][gc           ] GC(18) Concurrent Sweep
[2019-06-24T09:20:28.701+0000][1][safepoint    ] Application time: 0.0230518 seconds
[2019-06-24T09:20:28.701+0000][1][safepoint    ] Entering safepoint region: CollectForMetadataAllocation
[2019-06-24T09:20:28.702+0000][1][safepoint    ] Leaving safepoint region
[2019-06-24T09:20:28.702+0000][1][safepoint    ] Total time for which application threads were stopped: 0.0008219 seconds, Stopping threads took: 0.0000170 seconds
[2019-06-24T09:20:28.703+0000][1][safepoint    ] Application time: 0.0014409 seconds
[2019-06-24T09:20:28.703+0000][1][safepoint    ] Entering safepoint region: CollectForMetadataAllocation
[2019-06-24T09:20:28.704+0000][1][safepoint    ] Leaving safepoint region
[2019-06-24T09:20:28.704+0000][1][safepoint    ] Total time for which application threads were stopped: 0.0001776 seconds, Stopping threads took: 0.0000162 seconds
[2019-06-24T09:20:28.713+0000][1][gc           ] GC(18) Concurrent Sweep 34.560ms
[2019-06-24T09:20:28.713+0000][1][gc,cpu       ] GC(18) User=0.13s Sys=0.01s Real=0.03s
[2019-06-24T09:20:28.713+0000][1][gc           ] GC(18) Concurrent Reset
[2019-06-24T09:20:28.713+0000][1][gc           ] GC(18) Concurrent Reset 0.356ms
[2019-06-24T09:20:28.713+0000][1][gc,cpu       ] GC(18) User=0.00s Sys=0.00s Real=0.00s
[2019-06-24T09:20:28.713+0000][1][gc,heap      ] GC(18) Old: 55486K->55270K(174784K)
[2019-06-24T09:20:28.728+0000][1][safepoint    ] Application time: 0.0240759 seconds
[2019-06-24T09:20:28.728+0000][1][safepoint    ] Entering safepoint region: RevokeBias
[2019-06-24T09:20:28.728+0000][1][safepoint    ] Leaving safepoint region
[2019-06-24T09:20:28.728+0000][1][safepoint    ] Total time for which application threads were stopped: 0.0001104 seconds, Stopping threads took: 0.0000574 seconds
[2019-06-24T09:20:28.763+0000][1][safepoint    ] Application time: 0.0352922 seconds
[2019-06-24T09:20:28.763+0000][1][safepoint    ] Entering safepoint region: RevokeBias
[2019-06-24T09:20:28.763+0000][1][safepoint    ] Leaving safepoint region
[2019-06-24T09:20:28.763+0000][1][safepoint    ] Total time for which application threads were stopped: 0.0001054 seconds, Stopping threads took: 0.0000158 seconds
[2019-06-24T09:20:28.777+0000][1][safepoint    ] Application time: 0.0132488 seconds
[2019-06-24T09:20:28.777+0000][1][safepoint    ] Entering safepoint region: RevokeBias
[2019-06-24T09:20:28.777+0000][1][safepoint    ] Leaving safepoint region
[2019-06-24T09:20:28.777+0000][1][safepoint    ] Total time for which application threads were stopped: 0.0000798 seconds, Stopping threads took: 0.0000155 seconds
[2019-06-24T09:20:28.781+0000][1][safepoint    ] Application time: 0.0047609 seconds
[2019-06-24T09:20:28.781+0000][1][safepoint    ] Entering safepoint region: RevokeBias
[2019-06-24T09:20:28.781+0000][1][safepoint    ] Leaving safepoint region
[2019-06-24T09:20:28.782+0000][1][safepoint    ] Total time for which application threads were stopped: 0.0000766 seconds, Stopping threads took: 0.0000145 seconds
[2019-06-24T09:20:28.911+0000][1][safepoint    ] Application time: 0.1297571 seconds
[2019-06-24T09:20:28.911+0000][1][safepoint    ] Entering safepoint region: RevokeBias
[2019-06-24T09:20:28.912+0000][1][safepoint    ] Leaving safepoint region
[2019-06-24T09:20:28.912+0000][1][safepoint    ] Total time for which application threads were stopped: 0.0004417 seconds, Stopping threads took: 0.0000344 seconds
[2019-06-24T09:20:28.912+0000][1][safepoint    ] Application time: 0.0000575 seconds
[2019-06-24T09:20:28.912+0000][1][safepoint    ] Entering safepoint region: RevokeBias
[2019-06-24T09:20:28.912+0000][1][safepoint    ] Leaving safepoint region
[2019-06-24T09:20:28.912+0000][1][safepoint    ] Total time for which application threads were stopped: 0.0000904 seconds, Stopping threads took: 0.0000325 seconds
[2019-06-24T09:20:28.912+0000][1][safepoint    ] Application time: 0.0001412 seconds
[2019-06-24T09:20:28.912+0000][1][safepoint    ] Entering safepoint region: RevokeBias
[2019-06-24T09:20:28.913+0000][1][safepoint    ] Leaving safepoint region
[2019-06-24T09:20:28.913+0000][1][safepoint    ] Total time for which application threads were stopped: 0.0004464 seconds, Stopping threads took: 0.0003876 seconds
[2019-06-24T09:20:28.913+0000][1][safepoint    ] Application time: 0.0000477 seconds
[2019-06-24T09:20:28.913+0000][1][safepoint    ] Entering safepoint region: RevokeBias
[2019-06-24T09:20:28.913+0000][1][safepoint    ] Leaving safepoint region
[2019-06-24T09:20:28.913+0000][1][safepoint    ] Total time for which application threads were stopped: 0.0003781 seconds, Stopping threads took: 0.0003368 seconds
[2019-06-24T09:20:28.978+0000][1][safepoint    ] Application time: 0.0646741 seconds
[2019-06-24T09:20:28.978+0000][1][safepoint    ] Entering safepoint region: RevokeBias
[2019-06-24T09:20:28.978+0000][1][safepoint    ] Leaving safepoint region
[2019-06-24T09:20:28.978+0000][1][safepoint    ] Total time for which application threads were stopped: 0.0000947 seconds, Stopping threads took: 0.0000168 seconds
[2019-06-24T09:20:28.978+0000][1][safepoint    ] Application time: 0.0001038 seconds
[2019-06-24T09:20:28.978+0000][1][safepoint    ] Entering safepoint region: RevokeBias
[2019-06-24T09:20:28.978+0000][1][safepoint    ] Leaving safepoint region
[2019-06-24T09:20:28.978+0000][1][safepoint    ] Total time for which application threads were stopped: 0.0003588 seconds, Stopping threads took: 0.0003027 seconds
[2019-06-24T09:20:28.978+0000][1][safepoint    ] Application time: 0.0000858 seconds
[2019-06-24T09:20:28.978+0000][1][safepoint    ] Entering safepoint region: RevokeBias
[2019-06-24T09:20:28.979+0000][1][safepoint    ] Leaving safepoint region
[2019-06-24T09:20:28.979+0000][1][safepoint    ] Total time for which application threads were stopped: 0.0001275 seconds, Stopping threads took: 0.0000530 seconds
[2019-06-24T09:20:28.979+0000][1][safepoint    ] Application time: 0.0003097 seconds
[2019-06-24T09:20:28.979+0000][1][safepoint    ] Entering safepoint region: RevokeBias
[2019-06-24T09:20:28.979+0000][1][safepoint    ] Leaving safepoint region
[2019-06-24T09:20:28.979+0000][1][safepoint    ] Total time for which application threads were stopped: 0.0000872 seconds, Stopping threads took: 0.0000302 seconds
[2019-06-24T09:20:28.979+0000][1][safepoint    ] Application time: 0.0002105 seconds
[2019-06-24T09:20:28.979+0000][1][safepoint    ] Entering safepoint region: RevokeBias
[2019-06-24T09:20:28.979+0000][1][safepoint    ] Leaving safepoint region
[2019-06-24T09:20:28.979+0000][1][safepoint    ] Total time for which application threads were stopped: 0.0000632 seconds, Stopping threads took: 0.0000134 seconds
[2019-06-24T09:20:28.980+0000][1][safepoint    ] Application time: 0.0003380 seconds
[2019-06-24T09:20:28.980+0000][1][safepoint    ] Entering safepoint region: RevokeBias
[2019-06-24T09:20:28.980+0000][1][safepoint    ] Leaving safepoint region
[2019-06-24T09:20:28.980+0000][1][safepoint    ] Total time for which application threads were stopped: 0.0001102 seconds, Stopping threads took: 0.0000534 seconds
[2019-06-24T09:20:28.980+0000][1][safepoint    ] Application time: 0.0001727 seconds
[2019-06-24T09:20:28.980+0000][1][safepoint    ] Entering safepoint region: RevokeBias
[2019-06-24T09:20:28.980+0000][1][safepoint    ] Leaving safepoint region
[2019-06-24T09:20:28.980+0000][1][safepoint    ] Total time for which application threads were stopped: 0.0001640 seconds, Stopping threads took: 0.0001071 seconds
[2019-06-24T09:20:28.980+0000][1][safepoint    ] Application time: 0.0000768 seconds
[2019-06-24T09:20:28.980+0000][1][safepoint    ] Entering safepoint region: RevokeBias
[2019-06-24T09:20:28.980+0000][1][safepoint    ] Leaving safepoint region
[2019-06-24T09:20:28.980+0000][1][safepoint    ] Total time for which application threads were stopped: 0.0001212 seconds, Stopping threads took: 0.0000804 seconds
[2019-06-24T09:20:28.980+0000][1][safepoint    ] Application time: 0.0000759 seconds
[2019-06-24T09:20:28.980+0000][1][safepoint    ] Entering safepoint region: RevokeBias
[2019-06-24T09:20:28.980+0000][1][safepoint    ] Leaving safepoint region
[2019-06-24T09:20:28.980+0000][1][safepoint    ] Total time for which application threads were stopped: 0.0000682 seconds, Stopping threads took: 0.0000260 seconds
[2019-06-24T09:20:28.981+0000][1][safepoint    ] Application time: 0.0000872 seconds
[2019-06-24T09:20:28.981+0000][1][safepoint    ] Entering safepoint region: RevokeBias
[2019-06-24T09:20:28.981+0000][1][safepoint    ] Leaving safepoint region
[2019-06-24T09:20:28.981+0000][1][safepoint    ] Total time for which application threads were stopped: 0.0001000 seconds, Stopping threads took: 0.0000484 seconds
[2019-06-24T09:20:28.981+0000][1][safepoint    ] Application time: 0.0000399 seconds
[2019-06-24T09:20:28.981+0000][1][safepoint    ] Entering safepoint region: RevokeBias
[2019-06-24T09:20:28.981+0000][1][safepoint    ] Leaving safepoint region
[2019-06-24T09:20:28.981+0000][1][safepoint    ] Total time for which application threads were stopped: 0.0000513 seconds, Stopping threads took: 0.0000094 seconds
[2019-06-24T09:20:28.981+0000][1][safepoint    ] Application time: 0.0000847 seconds
[2019-06-24T09:20:28.981+0000][1][safepoint    ] Entering safepoint region: RevokeBias
[2019-06-24T09:20:28.981+0000][1][safepoint    ] Leaving safepoint region
[2019-06-24T09:20:28.981+0000][1][safepoint    ] Total time for which application threads were stopped: 0.0000632 seconds, Stopping threads took: 0.0000234 seconds
[2019-06-24T09:20:28.981+0000][1][safepoint    ] Application time: 0.0000699 seconds
[2019-06-24T09:20:28.981+0000][1][safepoint    ] Entering safepoint region: RevokeBias
[2019-06-24T09:20:28.981+0000][1][safepoint    ] Leaving safepoint region
[2019-06-24T09:20:28.981+0000][1][safepoint    ] Total time for which application threads were stopped: 0.0000569 seconds, Stopping threads took: 0.0000183 seconds
[2019-06-24T09:20:28.981+0000][1][safepoint    ] Application time: 0.0000603 seconds
[2019-06-24T09:20:28.981+0000][1][safepoint    ] Entering safepoint region: RevokeBias
[2019-06-24T09:20:28.981+0000][1][safepoint    ] Leaving safepoint region
[2019-06-24T09:20:28.981+0000][1][safepoint    ] Total time for which application threads were stopped: 0.0000613 seconds, Stopping threads took: 0.0000230 seconds
[2019-06-24T09:20:28.981+0000][1][safepoint    ] Application time: 0.0000359 seconds
[2019-06-24T09:20:28.981+0000][1][safepoint    ] Entering safepoint region: RevokeBias
[2019-06-24T09:20:28.981+0000][1][safepoint    ] Leaving safepoint region
[2019-06-24T09:20:28.981+0000][1][safepoint    ] Total time for which application threads were stopped: 0.0000462 seconds, Stopping threads took: 0.0000085 seconds
[2019-06-24T09:20:28.981+0000][1][safepoint    ] Application time: 0.0000346 seconds
[2019-06-24T09:20:28.981+0000][1][safepoint    ] Entering safepoint region: RevokeBias
[2019-06-24T09:20:28.981+0000][1][safepoint    ] Leaving safepoint region
[2019-06-24T09:20:28.981+0000][1][safepoint    ] Total time for which application threads were stopped: 0.0000490 seconds, Stopping threads took: 0.0000110 seconds
[2019-06-24T09:20:28.981+0000][1][safepoint    ] Application time: 0.0000347 seconds
[2019-06-24T09:20:28.981+0000][1][safepoint    ] Entering safepoint region: RevokeBias
[2019-06-24T09:20:28.982+0000][1][safepoint    ] Leaving safepoint region
[2019-06-24T09:20:28.982+0000][1][safepoint    ] Total time for which application threads were stopped: 0.0000600 seconds, Stopping threads took: 0.0000229 seconds
[2019-06-24T09:20:28.982+0000][1][safepoint    ] Application time: 0.0000359 seconds
[2019-06-24T09:20:28.982+0000][1][safepoint    ] Entering safepoint region: RevokeBias
[2019-06-24T09:20:28.982+0000][1][safepoint    ] Leaving safepoint region
[2019-06-24T09:20:28.982+0000][1][safepoint    ] Total time for which application threads were stopped: 0.0000551 seconds, Stopping threads took: 0.0000181 seconds
[2019-06-24T09:20:28.982+0000][1][safepoint    ] Application time: 0.0000366 seconds
[2019-06-24T09:20:28.982+0000][1][safepoint    ] Entering safepoint region: RevokeBias
[2019-06-24T09:20:28.982+0000][1][safepoint    ] Leaving safepoint region
[2019-06-24T09:20:28.982+0000][1][safepoint    ] Total time for which application threads were stopped: 0.0000531 seconds, Stopping threads took: 0.0000094 seconds
[2019-06-24T09:20:28.982+0000][1][safepoint    ] Application time: 0.0000364 seconds
[2019-06-24T09:20:28.982+0000][1][safepoint    ] Entering safepoint region: RevokeBias
[2019-06-24T09:20:28.982+0000][1][safepoint    ] Leaving safepoint region
[2019-06-24T09:20:28.982+0000][1][safepoint    ] Total time for which application threads were stopped: 0.0000766 seconds, Stopping threads took: 0.0000355 seconds
[2019-06-24T09:20:28.982+0000][1][safepoint    ] Application time: 0.0000370 seconds
[2019-06-24T09:20:28.982+0000][1][safepoint    ] Entering safepoint region: RevokeBias
[2019-06-24T09:20:28.982+0000][1][safepoint    ] Leaving safepoint region
[2019-06-24T09:20:28.982+0000][1][safepoint    ] Total time for which application threads were stopped: 0.0000665 seconds, Stopping threads took: 0.0000306 seconds
[2019-06-24T09:20:28.982+0000][1][safepoint    ] Application time: 0.0000362 seconds
[2019-06-24T09:20:28.982+0000][1][safepoint    ] Entering safepoint region: RevokeBias
[2019-06-24T09:20:28.982+0000][1][safepoint    ] Leaving safepoint region
[2019-06-24T09:20:28.982+0000][1][safepoint    ] Total time for which application threads were stopped: 0.0000492 seconds, Stopping threads took: 0.0000096 seconds
[2019-06-24T09:20:28.982+0000][1][safepoint    ] Application time: 0.0000404 seconds
[2019-06-24T09:20:28.982+0000][1][safepoint    ] Entering safepoint region: RevokeBias
[2019-06-24T09:20:28.982+0000][1][safepoint    ] Leaving safepoint region
[2019-06-24T09:20:28.982+0000][1][safepoint    ] Total time for which application threads were stopped: 0.0000710 seconds, Stopping threads took: 0.0000292 seconds
[2019-06-24T09:20:28.982+0000][1][safepoint    ] Application time: 0.0000471 seconds
[2019-06-24T09:20:28.982+0000][1][safepoint    ] Entering safepoint region: RevokeBias
[2019-06-24T09:20:28.982+0000][1][safepoint    ] Leaving safepoint region
[2019-06-24T09:20:28.982+0000][1][safepoint    ] Total time for which application threads were stopped: 0.0000623 seconds, Stopping threads took: 0.0000215 seconds
[2019-06-24T09:20:28.982+0000][1][safepoint    ] Application time: 0.0000364 seconds
[2019-06-24T09:20:28.982+0000][1][safepoint    ] Entering safepoint region: RevokeBias
[2019-06-24T09:20:28.983+0000][1][safepoint    ] Leaving safepoint region
[2019-06-24T09:20:28.983+0000][1][safepoint    ] Total time for which application threads were stopped: 0.0001097 seconds, Stopping threads took: 0.0000354 seconds
[2019-06-24T09:20:28.983+0000][1][safepoint    ] Application time: 0.0000397 seconds
[2019-06-24T09:20:28.983+0000][1][safepoint    ] Entering safepoint region: BulkRevokeBias
[2019-06-24T09:20:28.983+0000][1][safepoint    ] Leaving safepoint region
[2019-06-24T09:20:28.983+0000][1][safepoint    ] Total time for which application threads were stopped: 0.0001179 seconds, Stopping threads took: 0.0000204 seconds
[2019-06-24T09:20:28.983+0000][1][safepoint    ] Application time: 0.0001866 seconds
[2019-06-24T09:20:28.983+0000][1][safepoint    ] Entering safepoint region: RevokeBias
[2019-06-24T09:20:28.983+0000][1][safepoint    ] Leaving safepoint region
[2019-06-24T09:20:28.983+0000][1][safepoint    ] Total time for which application threads were stopped: 0.0000677 seconds, Stopping threads took: 0.0000214 seconds
[2019-06-24T09:20:28.983+0000][1][safepoint    ] Application time: 0.0001135 seconds
[2019-06-24T09:20:28.983+0000][1][safepoint    ] Entering safepoint region: RevokeBias
[2019-06-24T09:20:28.983+0000][1][safepoint    ] Leaving safepoint region
[2019-06-24T09:20:28.983+0000][1][safepoint    ] Total time for which application threads were stopped: 0.0000695 seconds, Stopping threads took: 0.0000224 seconds
[2019-06-24T09:20:28.983+0000][1][safepoint    ] Application time: 0.0001404 seconds
[2019-06-24T09:20:28.983+0000][1][safepoint    ] Entering safepoint region: RevokeBias
[2019-06-24T09:20:28.983+0000][1][safepoint    ] Leaving safepoint region
[2019-06-24T09:20:28.983+0000][1][safepoint    ] Total time for which application threads were stopped: 0.0000680 seconds, Stopping threads took: 0.0000216 seconds
[2019-06-24T09:20:28.984+0000][1][safepoint    ] Application time: 0.0001009 seconds
[2019-06-24T09:20:28.984+0000][1][safepoint    ] Entering safepoint region: RevokeBias
[2019-06-24T09:20:28.984+0000][1][safepoint    ] Leaving safepoint region
[2019-06-24T09:20:28.984+0000][1][safepoint    ] Total time for which application threads were stopped: 0.0001204 seconds, Stopping threads took: 0.0000788 seconds
[2019-06-24T09:20:28.984+0000][1][safepoint    ] Application time: 0.0000900 seconds
[2019-06-24T09:20:28.984+0000][1][safepoint    ] Entering safepoint region: RevokeBias
[2019-06-24T09:20:28.984+0000][1][safepoint    ] Leaving safepoint region
[2019-06-24T09:20:28.984+0000][1][safepoint    ] Total time for which application threads were stopped: 0.0001486 seconds, Stopping threads took: 0.0000898 seconds
[2019-06-24T09:20:28.984+0000][1][safepoint    ] Application time: 0.0000718 seconds
[2019-06-24T09:20:28.984+0000][1][safepoint    ] Entering safepoint region: RevokeBias
[2019-06-24T09:20:28.984+0000][1][safepoint    ] Leaving safepoint region
[2019-06-24T09:20:28.984+0000][1][safepoint    ] Total time for which application threads were stopped: 0.0000996 seconds, Stopping threads took: 0.0000501 seconds
[2019-06-24T09:20:28.984+0000][1][safepoint    ] Application time: 0.0000418 seconds
[2019-06-24T09:20:28.984+0000][1][safepoint    ] Entering safepoint region: RevokeBias
[2019-06-24T09:20:28.984+0000][1][safepoint    ] Leaving safepoint region
[2019-06-24T09:20:28.984+0000][1][safepoint    ] Total time for which application threads were stopped: 0.0000516 seconds, Stopping threads took: 0.0000233 seconds
[2019-06-24T09:20:28.984+0000][1][safepoint    ] Application time: 0.0000388 seconds
[2019-06-24T09:20:28.984+0000][1][safepoint    ] Entering safepoint region: RevokeBias
[2019-06-24T09:20:28.984+0000][1][safepoint    ] Leaving safepoint region
[2019-06-24T09:20:28.984+0000][1][safepoint    ] Total time for which application threads were stopped: 0.0000516 seconds, Stopping threads took: 0.0000255 seconds
[2019-06-24T09:20:28.984+0000][1][safepoint    ] Application time: 0.0000347 seconds
[2019-06-24T09:20:28.984+0000][1][safepoint    ] Entering safepoint region: RevokeBias
[2019-06-24T09:20:28.984+0000][1][safepoint    ] Leaving safepoint region
[2019-06-24T09:20:28.984+0000][1][safepoint    ] Total time for which application threads were stopped: 0.0000480 seconds, Stopping threads took: 0.0000228 seconds
[2019-06-24T09:20:28.984+0000][1][safepoint    ] Application time: 0.0000340 seconds
[2019-06-24T09:20:28.984+0000][1][safepoint    ] Entering safepoint region: RevokeBias
[2019-06-24T09:20:28.984+0000][1][safepoint    ] Leaving safepoint region
[2019-06-24T09:20:28.984+0000][1][safepoint    ] Total time for which application threads were stopped: 0.0000472 seconds, Stopping threads took: 0.0000221 seconds
[2019-06-24T09:20:28.985+0000][1][safepoint    ] Application time: 0.0000351 seconds
[2019-06-24T09:20:28.985+0000][1][safepoint    ] Entering safepoint region: RevokeBias
[2019-06-24T09:20:28.985+0000][1][safepoint    ] Leaving safepoint region
[2019-06-24T09:20:28.985+0000][1][safepoint    ] Total time for which application threads were stopped: 0.0000505 seconds, Stopping threads took: 0.0000261 seconds
[2019-06-24T09:20:28.985+0000][1][safepoint    ] Application time: 0.0000352 seconds
[2019-06-24T09:20:28.985+0000][1][safepoint    ] Entering safepoint region: RevokeBias
[2019-06-24T09:20:28.985+0000][1][safepoint    ] Leaving safepoint region
[2019-06-24T09:20:28.985+0000][1][safepoint    ] Total time for which application threads were stopped: 0.0000532 seconds, Stopping threads took: 0.0000242 seconds
[2019-06-24T09:20:28.985+0000][1][safepoint    ] Application time: 0.0000331 seconds
[2019-06-24T09:20:28.985+0000][1][safepoint    ] Entering safepoint region: RevokeBias
[2019-06-24T09:20:28.985+0000][1][safepoint    ] Leaving safepoint region
[2019-06-24T09:20:28.985+0000][1][safepoint    ] Total time for which application threads were stopped: 0.0000676 seconds, Stopping threads took: 0.0000248 seconds
[2019-06-24T09:20:28.985+0000][1][safepoint    ] Application time: 0.0000383 seconds
[2019-06-24T09:20:28.985+0000][1][safepoint    ] Entering safepoint region: RevokeBias
[2019-06-24T09:20:28.985+0000][1][safepoint    ] Leaving safepoint region
[2019-06-24T09:20:28.985+0000][1][safepoint    ] Total time for which application threads were stopped: 0.0000734 seconds, Stopping threads took: 0.0000290 seconds
[2019-06-24T09:20:28.985+0000][1][safepoint    ] Application time: 0.0000382 seconds
[2019-06-24T09:20:28.985+0000][1][safepoint    ] Entering safepoint region: RevokeBias
[2019-06-24T09:20:28.985+0000][1][safepoint    ] Leaving safepoint region
[2019-06-24T09:20:28.985+0000][1][safepoint    ] Total time for which application threads were stopped: 0.0000463 seconds, Stopping threads took: 0.0000220 seconds
[2019-06-24T09:20:28.985+0000][1][safepoint    ] Application time: 0.0000324 seconds
[2019-06-24T09:20:28.985+0000][1][safepoint    ] Entering safepoint region: RevokeBias
[2019-06-24T09:20:28.985+0000][1][safepoint    ] Leaving safepoint region
[2019-06-24T09:20:28.985+0000][1][safepoint    ] Total time for which application threads were stopped: 0.0001853 seconds, Stopping threads took: 0.0001612 seconds
[2019-06-24T09:20:28.985+0000][1][safepoint    ] Application time: 0.0000322 seconds
[2019-06-24T09:20:28.985+0000][1][safepoint    ] Entering safepoint region: RevokeBias
[2019-06-24T09:20:28.985+0000][1][safepoint    ] Leaving safepoint region
[2019-06-24T09:20:28.985+0000][1][safepoint    ] Total time for which application threads were stopped: 0.0000550 seconds, Stopping threads took: 0.0000275 seconds
[2019-06-24T09:20:28.985+0000][1][safepoint    ] Application time: 0.0000328 seconds
[2019-06-24T09:20:28.985+0000][1][safepoint    ] Entering safepoint region: RevokeBias
[2019-06-24T09:20:28.985+0000][1][safepoint    ] Leaving safepoint region
[2019-06-24T09:20:28.985+0000][1][safepoint    ] Total time for which application threads were stopped: 0.0000501 seconds, Stopping threads took: 0.0000219 seconds
[2019-06-24T09:20:28.985+0000][1][safepoint    ] Application time: 0.0000336 seconds
[2019-06-24T09:20:28.985+0000][1][safepoint    ] Entering safepoint region: RevokeBias
[2019-06-24T09:20:28.986+0000][1][safepoint    ] Leaving safepoint region
[2019-06-24T09:20:28.986+0000][1][safepoint    ] Total time for which application threads were stopped: 0.0000535 seconds, Stopping threads took: 0.0000264 seconds
[2019-06-24T09:20:28.986+0000][1][safepoint    ] Application time: 0.0000352 seconds
[2019-06-24T09:20:28.986+0000][1][safepoint    ] Entering safepoint region: RevokeBias
[2019-06-24T09:20:28.986+0000][1][safepoint    ] Leaving safepoint region
[2019-06-24T09:20:28.986+0000][1][safepoint    ] Total time for which application threads were stopped: 0.0000535 seconds, Stopping threads took: 0.0000271 seconds
[2019-06-24T09:20:28.986+0000][1][safepoint    ] Application time: 0.0000336 seconds
[2019-06-24T09:20:28.986+0000][1][safepoint    ] Entering safepoint region: RevokeBias
[2019-06-24T09:20:28.986+0000][1][safepoint    ] Leaving safepoint region
[2019-06-24T09:20:28.986+0000][1][safepoint    ] Total time for which application threads were stopped: 0.0000560 seconds, Stopping threads took: 0.0000296 seconds
[2019-06-24T09:20:28.986+0000][1][safepoint    ] Application time: 0.0000345 seconds
[2019-06-24T09:20:28.986+0000][1][safepoint    ] Entering safepoint region: RevokeBias
[2019-06-24T09:20:28.986+0000][1][safepoint    ] Leaving safepoint region
[2019-06-24T09:20:28.986+0000][1][safepoint    ] Total time for which application threads were stopped: 0.0000488 seconds, Stopping threads took: 0.0000206 seconds
[2019-06-24T09:20:28.986+0000][1][safepoint    ] Application time: 0.0000369 seconds
[2019-06-24T09:20:28.986+0000][1][safepoint    ] Entering safepoint region: RevokeBias
[2019-06-24T09:20:28.986+0000][1][safepoint    ] Leaving safepoint region
[2019-06-24T09:20:28.986+0000][1][safepoint    ] Total time for which application threads were stopped: 0.0000480 seconds, Stopping threads took: 0.0000217 seconds
[2019-06-24T09:20:28.986+0000][1][safepoint    ] Application time: 0.0000366 seconds
[2019-06-24T09:20:28.986+0000][1][safepoint    ] Entering safepoint region: BulkRevokeBias
[2019-06-24T09:20:28.986+0000][1][safepoint    ] Leaving safepoint region
[2019-06-24T09:20:28.986+0000][1][safepoint    ] Total time for which application threads were stopped: 0.0001010 seconds, Stopping threads took: 0.0000254 seconds
[2019-06-24T09:20:28.986+0000][1][safepoint    ] Application time: 0.0002480 seconds
[2019-06-24T09:20:28.986+0000][1][safepoint    ] Entering safepoint region: RevokeBias
[2019-06-24T09:20:28.986+0000][1][safepoint    ] Leaving safepoint region
[2019-06-24T09:20:28.986+0000][1][safepoint    ] Total time for which application threads were stopped: 0.0000629 seconds, Stopping threads took: 0.0000264 seconds
[2019-06-24T09:20:28.986+0000][1][safepoint    ] Application time: 0.0000499 seconds
[2019-06-24T09:20:28.987+0000][1][safepoint    ] Entering safepoint region: RevokeBias
[2019-06-24T09:20:28.987+0000][1][safepoint    ] Leaving safepoint region
[2019-06-24T09:20:28.987+0000][1][safepoint    ] Total time for which application threads were stopped: 0.0001008 seconds, Stopping threads took: 0.0000664 seconds
[2019-06-24T09:20:28.987+0000][1][safepoint    ] Application time: 0.0000703 seconds
[2019-06-24T09:20:28.987+0000][1][safepoint    ] Entering safepoint region: RevokeBias
[2019-06-24T09:20:28.987+0000][1][safepoint    ] Leaving safepoint region
[2019-06-24T09:20:28.987+0000][1][safepoint    ] Total time for which application threads were stopped: 0.0001197 seconds, Stopping threads took: 0.0000761 seconds
[2019-06-24T09:20:28.987+0000][1][safepoint    ] Application time: 0.0000357 seconds
[2019-06-24T09:20:28.987+0000][1][safepoint    ] Entering safepoint region: RevokeBias
[2019-06-24T09:20:28.987+0000][1][safepoint    ] Leaving safepoint region
[2019-06-24T09:20:28.987+0000][1][safepoint    ] Total time for which application threads were stopped: 0.0000774 seconds, Stopping threads took: 0.0000400 seconds
[2019-06-24T09:20:28.987+0000][1][safepoint    ] Application time: 0.0000339 seconds
[2019-06-24T09:20:28.987+0000][1][safepoint    ] Entering safepoint region: RevokeBias
[2019-06-24T09:20:28.987+0000][1][safepoint    ] Leaving safepoint region
[2019-06-24T09:20:28.987+0000][1][safepoint    ] Total time for which application threads were stopped: 0.0000596 seconds, Stopping threads took: 0.0000234 seconds
[2019-06-24T09:20:28.987+0000][1][safepoint    ] Application time: 0.0000633 seconds
[2019-06-24T09:20:28.987+0000][1][safepoint    ] Entering safepoint region: RevokeBias
[2019-06-24T09:20:28.987+0000][1][safepoint    ] Leaving safepoint region
[2019-06-24T09:20:28.987+0000][1][safepoint    ] Total time for which application threads were stopped: 0.0000590 seconds, Stopping threads took: 0.0000308 seconds
[2019-06-24T09:20:28.987+0000][1][safepoint    ] Application time: 0.0000609 seconds
[2019-06-24T09:20:28.987+0000][1][safepoint    ] Entering safepoint region: RevokeBias
[2019-06-24T09:20:28.987+0000][1][safepoint    ] Leaving safepoint region
[2019-06-24T09:20:28.987+0000][1][safepoint    ] Total time for which application threads were stopped: 0.0000868 seconds, Stopping threads took: 0.0000578 seconds
[2019-06-24T09:20:28.987+0000][1][safepoint    ] Application time: 0.0000675 seconds
[2019-06-24T09:20:28.987+0000][1][safepoint    ] Entering safepoint region: RevokeBias
[2019-06-24T09:20:28.987+0000][1][safepoint    ] Leaving safepoint region
[2019-06-24T09:20:28.987+0000][1][safepoint    ] Total time for which application threads were stopped: 0.0000657 seconds, Stopping threads took: 0.0000221 seconds
[2019-06-24T09:20:28.988+0000][1][safepoint    ] Application time: 0.0000683 seconds
[2019-06-24T09:20:28.988+0000][1][safepoint    ] Entering safepoint region: RevokeBias
[2019-06-24T09:20:28.988+0000][1][safepoint    ] Leaving safepoint region
[2019-06-24T09:20:28.988+0000][1][safepoint    ] Total time for which application threads were stopped: 0.0000851 seconds, Stopping threads took: 0.0000507 seconds
[2019-06-24T09:20:28.988+0000][1][safepoint    ] Application time: 0.0000706 seconds
[2019-06-24T09:20:28.988+0000][1][safepoint    ] Entering safepoint region: RevokeBias
[2019-06-24T09:20:28.988+0000][1][safepoint    ] Leaving safepoint region
[2019-06-24T09:20:28.988+0000][1][safepoint    ] Total time for which application threads were stopped: 0.0001194 seconds, Stopping threads took: 0.0000742 seconds
[2019-06-24T09:20:28.988+0000][1][safepoint    ] Application time: 0.0001387 seconds
[2019-06-24T09:20:28.988+0000][1][safepoint    ] Entering safepoint region: RevokeBias
[2019-06-24T09:20:28.988+0000][1][safepoint    ] Leaving safepoint region
[2019-06-24T09:20:28.988+0000][1][safepoint    ] Total time for which application threads were stopped: 0.0001045 seconds, Stopping threads took: 0.0000450 seconds
[2019-06-24T09:20:28.988+0000][1][safepoint    ] Application time: 0.0000527 seconds
[2019-06-24T09:20:28.988+0000][1][safepoint    ] Entering safepoint region: RevokeBias
[2019-06-24T09:20:28.988+0000][1][safepoint    ] Leaving safepoint region
[2019-06-24T09:20:28.988+0000][1][safepoint    ] Total time for which application threads were stopped: 0.0000526 seconds, Stopping threads took: 0.0000226 seconds
[2019-06-24T09:20:28.988+0000][1][safepoint    ] Application time: 0.0000342 seconds
[2019-06-24T09:20:28.988+0000][1][safepoint    ] Entering safepoint region: RevokeBias
[2019-06-24T09:20:28.988+0000][1][safepoint    ] Leaving safepoint region
[2019-06-24T09:20:28.988+0000][1][safepoint    ] Total time for which application threads were stopped: 0.0000793 seconds, Stopping threads took: 0.0000388 seconds
[2019-06-24T09:20:28.988+0000][1][safepoint    ] Application time: 0.0000342 seconds
[2019-06-24T09:20:28.988+0000][1][safepoint    ] Entering safepoint region: RevokeBias
[2019-06-24T09:20:28.988+0000][1][safepoint    ] Leaving safepoint region
[2019-06-24T09:20:28.988+0000][1][safepoint    ] Total time for which application threads were stopped: 0.0000570 seconds, Stopping threads took: 0.0000222 seconds
[2019-06-24T09:20:28.989+0000][1][safepoint    ] Application time: 0.0002521 seconds
[2019-06-24T09:20:28.989+0000][1][safepoint    ] Entering safepoint region: RevokeBias
[2019-06-24T09:20:28.989+0000][1][safepoint    ] Leaving safepoint region
[2019-06-24T09:20:28.989+0000][1][safepoint    ] Total time for which application threads were stopped: 0.0000868 seconds, Stopping threads took: 0.0000510 seconds
[2019-06-24T09:20:28.989+0000][1][safepoint    ] Application time: 0.0000886 seconds
[2019-06-24T09:20:28.989+0000][1][safepoint    ] Entering safepoint region: RevokeBias
[2019-06-24T09:20:28.989+0000][1][safepoint    ] Leaving safepoint region
[2019-06-24T09:20:28.989+0000][1][safepoint    ] Total time for which application threads were stopped: 0.0000541 seconds, Stopping threads took: 0.0000287 seconds
[2019-06-24T09:20:28.989+0000][1][safepoint    ] Application time: 0.0001334 seconds
[2019-06-24T09:20:28.989+0000][1][safepoint    ] Entering safepoint region: RevokeBias
[2019-06-24T09:20:28.989+0000][1][safepoint    ] Leaving safepoint region
[2019-06-24T09:20:28.989+0000][1][safepoint    ] Total time for which application threads were stopped: 0.0000581 seconds, Stopping threads took: 0.0000233 seconds
[2019-06-24T09:20:28.989+0000][1][safepoint    ] Application time: 0.0002487 seconds
[2019-06-24T09:20:28.989+0000][1][safepoint    ] Entering safepoint region: RevokeBias
[2019-06-24T09:20:28.989+0000][1][safepoint    ] Leaving safepoint region
[2019-06-24T09:20:28.989+0000][1][safepoint    ] Total time for which application threads were stopped: 0.0000852 seconds, Stopping threads took: 0.0000396 seconds
[2019-06-24T09:20:28.990+0000][1][safepoint    ] Application time: 0.0003068 seconds
[2019-06-24T09:20:28.990+0000][1][safepoint    ] Entering safepoint region: RevokeBias
[2019-06-24T09:20:28.990+0000][1][safepoint    ] Leaving safepoint region
[2019-06-24T09:20:28.990+0000][1][safepoint    ] Total time for which application threads were stopped: 0.0002498 seconds, Stopping threads took: 0.0002065 seconds
[2019-06-24T09:20:28.990+0000][1][safepoint    ] Application time: 0.0000513 seconds
[2019-06-24T09:20:28.990+0000][1][safepoint    ] Entering safepoint region: BulkRevokeBias
[2019-06-24T09:20:28.990+0000][1][safepoint    ] Leaving safepoint region
[2019-06-24T09:20:28.990+0000][1][safepoint    ] Total time for which application threads were stopped: 0.0002400 seconds, Stopping threads took: 0.0001817 seconds
[2019-06-24T09:20:28.990+0000][1][safepoint    ] Application time: 0.0001150 seconds
[2019-06-24T09:20:28.991+0000][1][safepoint    ] Entering safepoint region: RevokeBias
[2019-06-24T09:20:28.991+0000][1][safepoint    ] Leaving safepoint region
[2019-06-24T09:20:28.991+0000][1][safepoint    ] Total time for which application threads were stopped: 0.0001024 seconds, Stopping threads took: 0.0000505 seconds
[2019-06-24T09:20:28.991+0000][1][safepoint    ] Application time: 0.0001601 seconds
[2019-06-24T09:20:28.991+0000][1][safepoint    ] Entering safepoint region: RevokeBias
[2019-06-24T09:20:28.991+0000][1][safepoint    ] Leaving safepoint region
[2019-06-24T09:20:28.991+0000][1][safepoint    ] Total time for which application threads were stopped: 0.0000583 seconds, Stopping threads took: 0.0000257 seconds
[2019-06-24T09:20:28.992+0000][1][safepoint    ] Application time: 0.0011592 seconds
[2019-06-24T09:20:28.992+0000][1][safepoint    ] Entering safepoint region: RevokeBias
[2019-06-24T09:20:28.992+0000][1][safepoint    ] Leaving safepoint region
[2019-06-24T09:20:28.992+0000][1][safepoint    ] Total time for which application threads were stopped: 0.0000886 seconds, Stopping threads took: 0.0000281 seconds
[2019-06-24T09:20:28.992+0000][1][safepoint    ] Application time: 0.0000492 seconds
[2019-06-24T09:20:28.992+0000][1][safepoint    ] Entering safepoint region: RevokeBias
[2019-06-24T09:20:28.992+0000][1][safepoint    ] Leaving safepoint region
[2019-06-24T09:20:28.992+0000][1][safepoint    ] Total time for which application threads were stopped: 0.0001398 seconds, Stopping threads took: 0.0000906 seconds
[2019-06-24T09:20:28.994+0000][1][safepoint    ] Application time: 0.0014908 seconds
[2019-06-24T09:20:28.994+0000][1][safepoint    ] Entering safepoint region: RevokeBias
[2019-06-24T09:20:28.994+0000][1][safepoint    ] Leaving safepoint region
[2019-06-24T09:20:28.994+0000][1][safepoint    ] Total time for which application threads were stopped: 0.0001472 seconds, Stopping threads took: 0.0000916 seconds
[2019-06-24T09:20:28.994+0000][1][safepoint    ] Application time: 0.0000426 seconds
[2019-06-24T09:20:28.994+0000][1][safepoint    ] Entering safepoint region: RevokeBias
[2019-06-24T09:20:28.994+0000][1][safepoint    ] Leaving safepoint region
[2019-06-24T09:20:28.994+0000][1][safepoint    ] Total time for which application threads were stopped: 0.0000343 seconds, Stopping threads took: 0.0000072 seconds
[2019-06-24T09:20:28.994+0000][1][safepoint    ] Application time: 0.0001861 seconds
[2019-06-24T09:20:28.994+0000][1][safepoint    ] Entering safepoint region: RevokeBias
[2019-06-24T09:20:28.995+0000][1][safepoint    ] Leaving safepoint region
[2019-06-24T09:20:28.995+0000][1][safepoint    ] Total time for which application threads were stopped: 0.0002551 seconds, Stopping threads took: 0.0002127 seconds
[2019-06-24T09:20:29.002+0000][1][safepoint    ] Application time: 0.0071839 seconds
[2019-06-24T09:20:29.002+0000][1][safepoint    ] Entering safepoint region: GenCollectForAllocation
[2019-06-24T09:20:29.002+0000][1][gc,start     ] GC(19) Pause Young (Allocation Failure)
[2019-06-24T09:20:29.002+0000][1][gc,task      ] GC(19) Using 5 workers of 8 for evacuation
[2019-06-24T09:20:29.007+0000][1][gc,age       ] GC(19) Desired survivor size 4456448 bytes, new threshold 2 (max threshold 6)
[2019-06-24T09:20:29.007+0000][1][gc,age       ] GC(19) Age table with threshold 2 (max threshold 6)
[2019-06-24T09:20:29.007+0000][1][gc,age       ] GC(19) - age   1:    3096024 bytes,    3096024 total
[2019-06-24T09:20:29.007+0000][1][gc,age       ] GC(19) - age   2:    3654216 bytes,    6750240 total
[2019-06-24T09:20:29.007+0000][1][gc,age       ] GC(19) - age   3:     320240 bytes,    7070480 total
[2019-06-24T09:20:29.007+0000][1][gc,heap      ] GC(19) ParNew: 74694K->8259K(78656K)
[2019-06-24T09:20:29.007+0000][1][gc,heap      ] GC(19) CMS: 55270K->55270K(174784K)
[2019-06-24T09:20:29.007+0000][1][gc,metaspace ] GC(19) Metaspace: 46927K->46927K(1091584K)
[2019-06-24T09:20:29.007+0000][1][gc           ] GC(19) Pause Young (Allocation Failure) 126M->62M(247M) 5.180ms
[2019-06-24T09:20:29.007+0000][1][gc,cpu       ] GC(19) User=0.03s Sys=0.00s Real=0.01s
[2019-06-24T09:20:29.007+0000][1][safepoint    ] Leaving safepoint region
[2019-06-24T09:20:29.007+0000][1][safepoint    ] Total time for which application threads were stopped: 0.0052805 seconds, Stopping threads took: 0.0000104 seconds
[2019-06-24T09:20:29.212+0000][1][safepoint    ] Application time: 0.2052756 seconds
[2019-06-24T09:20:29.212+0000][1][safepoint    ] Entering safepoint region: RevokeBias
[2019-06-24T09:20:29.212+0000][1][safepoint    ] Leaving safepoint region
[2019-06-24T09:20:29.212+0000][1][safepoint    ] Total time for which application threads were stopped: 0.0000564 seconds, Stopping threads took: 0.0000114 seconds
[2019-06-24T09:20:29.310+0000][1][safepoint    ] Application time: 0.0979777 seconds
[2019-06-24T09:20:29.310+0000][1][safepoint    ] Entering safepoint region: RevokeBias
[2019-06-24T09:20:29.311+0000][1][safepoint    ] Leaving safepoint region
[2019-06-24T09:20:29.311+0000][1][safepoint    ] Total time for which application threads were stopped: 0.0000999 seconds, Stopping threads took: 0.0000249 seconds
[2019-06-24T09:20:29.311+0000][1][safepoint    ] Application time: 0.0001459 seconds
[2019-06-24T09:20:29.311+0000][1][safepoint    ] Entering safepoint region: RevokeBias
[2019-06-24T09:20:29.311+0000][1][safepoint    ] Leaving safepoint region
[2019-06-24T09:20:29.311+0000][1][safepoint    ] Total time for which application threads were stopped: 0.0000343 seconds, Stopping threads took: 0.0000086 seconds
[2019-06-24T09:20:29.311+0000][1][safepoint    ] Application time: 0.0001279 seconds
[2019-06-24T09:20:29.311+0000][1][safepoint    ] Entering safepoint region: RevokeBias
[2019-06-24T09:20:29.311+0000][1][safepoint    ] Leaving safepoint region
[2019-06-24T09:20:29.311+0000][1][safepoint    ] Total time for which application threads were stopped: 0.0000351 seconds, Stopping threads took: 0.0000088 seconds
[2019-06-24T09:20:29.311+0000][1][safepoint    ] Application time: 0.0001347 seconds
[2019-06-24T09:20:29.311+0000][1][safepoint    ] Entering safepoint region: RevokeBias
[2019-06-24T09:20:29.311+0000][1][safepoint    ] Leaving safepoint region
[2019-06-24T09:20:29.311+0000][1][safepoint    ] Total time for which application threads were stopped: 0.0000349 seconds, Stopping threads took: 0.0000088 seconds
[2019-06-24T09:20:29.497+0000][1][safepoint    ] Application time: 0.1861089 seconds
[2019-06-24T09:20:29.497+0000][1][safepoint    ] Entering safepoint region: GenCollectForAllocation
[2019-06-24T09:20:29.497+0000][1][gc,start     ] GC(20) Pause Young (Allocation Failure)
[2019-06-24T09:20:29.497+0000][1][gc,task      ] GC(20) Using 5 workers of 8 for evacuation
[2019-06-24T09:20:29.506+0000][1][gc,age       ] GC(20) Desired survivor size 4456448 bytes, new threshold 2 (max threshold 6)
[2019-06-24T09:20:29.506+0000][1][gc,age       ] GC(20) Age table with threshold 2 (max threshold 6)
[2019-06-24T09:20:29.506+0000][1][gc,age       ] GC(20) - age   1:    1472984 bytes,    1472984 total
[2019-06-24T09:20:29.506+0000][1][gc,age       ] GC(20) - age   2:    3035432 bytes,    4508416 total
[2019-06-24T09:20:29.506+0000][1][gc,heap      ] GC(20) ParNew: 78211K->7246K(78656K)
[2019-06-24T09:20:29.507+0000][1][gc,heap      ] GC(20) CMS: 55270K->59256K(174784K)
[2019-06-24T09:20:29.507+0000][1][gc,metaspace ] GC(20) Metaspace: 53422K->53422K(1097728K)
[2019-06-24T09:20:29.507+0000][1][gc           ] GC(20) Pause Young (Allocation Failure) 130M->64M(247M) 9.158ms
[2019-06-24T09:20:29.507+0000][1][gc,cpu       ] GC(20) User=0.05s Sys=0.00s Real=0.01s
[2019-06-24T09:20:29.507+0000][1][safepoint    ] Leaving safepoint region
[2019-06-24T09:20:29.507+0000][1][safepoint    ] Total time for which application threads were stopped: 0.0093395 seconds, Stopping threads took: 0.0000204 seconds
[2019-06-24T09:20:29.697+0000][1][safepoint    ] Application time: 0.1904944 seconds
[2019-06-24T09:20:29.697+0000][1][safepoint    ] Entering safepoint region: Deoptimize
[2019-06-24T09:20:29.698+0000][1][safepoint    ] Leaving safepoint region
[2019-06-24T09:20:29.698+0000][1][safepoint    ] Total time for which application threads were stopped: 0.0008837 seconds, Stopping threads took: 0.0000113 seconds
[2019-06-24T09:20:29.728+0000][1][safepoint    ] Application time: 0.0302006 seconds
[2019-06-24T09:20:29.728+0000][1][safepoint    ] Entering safepoint region: RevokeBias
[2019-06-24T09:20:29.728+0000][1][safepoint    ] Leaving safepoint region
[2019-06-24T09:20:29.728+0000][1][safepoint    ] Total time for which application threads were stopped: 0.0001727 seconds, Stopping threads took: 0.0001077 seconds
[2019-06-24T09:20:29.729+0000][1][safepoint    ] Application time: 0.0001490 seconds
[2019-06-24T09:20:29.729+0000][1][safepoint    ] Entering safepoint region: RevokeBias
[2019-06-24T09:20:29.729+0000][1][safepoint    ] Leaving safepoint region
[2019-06-24T09:20:29.729+0000][1][safepoint    ] Total time for which application threads were stopped: 0.0000490 seconds, Stopping threads took: 0.0000094 seconds
[2019-06-24T09:20:29.729+0000][1][safepoint    ] Application time: 0.0000995 seconds
[2019-06-24T09:20:29.729+0000][1][safepoint    ] Entering safepoint region: RevokeBias
[2019-06-24T09:20:29.729+0000][1][safepoint    ] Leaving safepoint region
[2019-06-24T09:20:29.729+0000][1][safepoint    ] Total time for which application threads were stopped: 0.0000378 seconds, Stopping threads took: 0.0000079 seconds
[2019-06-24T09:20:29.731+0000][1][safepoint    ] Application time: 0.0021386 seconds
[2019-06-24T09:20:29.731+0000][1][safepoint    ] Entering safepoint region: RevokeBias
[2019-06-24T09:20:29.731+0000][1][safepoint    ] Leaving safepoint region
[2019-06-24T09:20:29.731+0000][1][safepoint    ] Total time for which application threads were stopped: 0.0000664 seconds, Stopping threads took: 0.0000246 seconds
[2019-06-24T09:20:29.839+0000][1][safepoint    ] Application time: 0.1078244 seconds
[2019-06-24T09:20:29.839+0000][1][safepoint    ] Entering safepoint region: RevokeBias
[2019-06-24T09:20:29.840+0000][1][safepoint    ] Leaving safepoint region
[2019-06-24T09:20:29.840+0000][1][safepoint    ] Total time for which application threads were stopped: 0.0009852 seconds, Stopping threads took: 0.0000129 seconds
[2019-06-24T09:20:29.884+0000][1][safepoint    ] Application time: 0.0441738 seconds
[2019-06-24T09:20:29.884+0000][1][safepoint    ] Entering safepoint region: Deoptimize
[2019-06-24T09:20:29.885+0000][1][safepoint    ] Leaving safepoint region
[2019-06-24T09:20:29.885+0000][1][safepoint    ] Total time for which application threads were stopped: 0.0004488 seconds, Stopping threads took: 0.0000137 seconds
[2019-06-24T09:20:29.906+0000][1][safepoint    ] Application time: 0.0213895 seconds
[2019-06-24T09:20:29.906+0000][1][safepoint    ] Entering safepoint region: RevokeBias
[2019-06-24T09:20:29.906+0000][1][safepoint    ] Leaving safepoint region
[2019-06-24T09:20:29.906+0000][1][safepoint    ] Total time for which application threads were stopped: 0.0001215 seconds, Stopping threads took: 0.0000487 seconds
[2019-06-24T09:20:29.906+0000][1][safepoint    ] Application time: 0.0001009 seconds
[2019-06-24T09:20:29.906+0000][1][safepoint    ] Entering safepoint region: RevokeBias
[2019-06-24T09:20:29.906+0000][1][safepoint    ] Leaving safepoint region
[2019-06-24T09:20:29.906+0000][1][safepoint    ] Total time for which application threads were stopped: 0.0000565 seconds, Stopping threads took: 0.0000195 seconds
[2019-06-24T09:20:29.907+0000][1][safepoint    ] Application time: 0.0007453 seconds
[2019-06-24T09:20:29.907+0000][1][safepoint    ] Entering safepoint region: RevokeBias
[2019-06-24T09:20:29.907+0000][1][safepoint    ] Leaving safepoint region
[2019-06-24T09:20:29.907+0000][1][safepoint    ] Total time for which application threads were stopped: 0.0001311 seconds, Stopping threads took: 0.0000559 seconds
[2019-06-24T09:20:29.907+0000][1][safepoint    ] Application time: 0.0000835 seconds
[2019-06-24T09:20:29.907+0000][1][safepoint    ] Entering safepoint region: RevokeBias
[2019-06-24T09:20:29.907+0000][1][safepoint    ] Leaving safepoint region
[2019-06-24T09:20:29.907+0000][1][safepoint    ] Total time for which application threads were stopped: 0.0001147 seconds, Stopping threads took: 0.0000834 seconds
[2019-06-24T09:20:29.908+0000][1][safepoint    ] Application time: 0.0001192 seconds
[2019-06-24T09:20:29.908+0000][1][safepoint    ] Entering safepoint region: RevokeBias
[2019-06-24T09:20:29.908+0000][1][safepoint    ] Leaving safepoint region
[2019-06-24T09:20:29.908+0000][1][safepoint    ] Total time for which application threads were stopped: 0.0001082 seconds, Stopping threads took: 0.0000495 seconds
[2019-06-24T09:20:29.908+0000][1][safepoint    ] Application time: 0.0003247 seconds
[2019-06-24T09:20:29.908+0000][1][safepoint    ] Entering safepoint region: RevokeBias
[2019-06-24T09:20:29.908+0000][1][safepoint    ] Leaving safepoint region
[2019-06-24T09:20:29.908+0000][1][safepoint    ] Total time for which application threads were stopped: 0.0001459 seconds, Stopping threads took: 0.0001021 seconds
[2019-06-24T09:20:30.195+0000][1][safepoint    ] Application time: 0.2869878 seconds
[2019-06-24T09:20:30.195+0000][1][safepoint    ] Entering safepoint region: RevokeBias
[2019-06-24T09:20:30.195+0000][1][safepoint    ] Leaving safepoint region
[2019-06-24T09:20:30.195+0000][1][safepoint    ] Total time for which application threads were stopped: 0.0001459 seconds, Stopping threads took: 0.0000396 seconds
[2019-06-24T09:20:30.196+0000][1][safepoint    ] Application time: 0.0001785 seconds
[2019-06-24T09:20:30.196+0000][1][safepoint    ] Entering safepoint region: RevokeBias
[2019-06-24T09:20:30.196+0000][1][safepoint    ] Leaving safepoint region
[2019-06-24T09:20:30.196+0000][1][safepoint    ] Total time for which application threads were stopped: 0.0001221 seconds, Stopping threads took: 0.0000911 seconds
[2019-06-24T09:20:30.196+0000][1][safepoint    ] Application time: 0.0000401 seconds
[2019-06-24T09:20:30.196+0000][1][safepoint    ] Entering safepoint region: RevokeBias
[2019-06-24T09:20:30.196+0000][1][safepoint    ] Leaving safepoint region
[2019-06-24T09:20:30.196+0000][1][safepoint    ] Total time for which application threads were stopped: 0.0000272 seconds, Stopping threads took: 0.0000072 seconds
[2019-06-24T09:20:30.196+0000][1][safepoint    ] Application time: 0.0001193 seconds
[2019-06-24T09:20:30.196+0000][1][safepoint    ] Entering safepoint region: RevokeBias
[2019-06-24T09:20:30.196+0000][1][safepoint    ] Leaving safepoint region
[2019-06-24T09:20:30.196+0000][1][safepoint    ] Total time for which application threads were stopped: 0.0000396 seconds, Stopping threads took: 0.0000204 seconds
[2019-06-24T09:20:30.196+0000][1][safepoint    ] Application time: 0.0001926 seconds
[2019-06-24T09:20:30.196+0000][1][safepoint    ] Entering safepoint region: RevokeBias
[2019-06-24T09:20:30.196+0000][1][safepoint    ] Leaving safepoint region
[2019-06-24T09:20:30.196+0000][1][safepoint    ] Total time for which application threads were stopped: 0.0000370 seconds, Stopping threads took: 0.0000092 seconds
[2019-06-24T09:20:30.196+0000][1][safepoint    ] Application time: 0.0001608 seconds
[2019-06-24T09:20:30.196+0000][1][safepoint    ] Entering safepoint region: RevokeBias
[2019-06-24T09:20:30.196+0000][1][safepoint    ] Leaving safepoint region
[2019-06-24T09:20:30.196+0000][1][safepoint    ] Total time for which application threads were stopped: 0.0000480 seconds, Stopping threads took: 0.0000231 seconds
[2019-06-24T09:20:30.196+0000][1][safepoint    ] Application time: 0.0000530 seconds
[2019-06-24T09:20:30.196+0000][1][safepoint    ] Entering safepoint region: RevokeBias
[2019-06-24T09:20:30.197+0000][1][safepoint    ] Leaving safepoint region
[2019-06-24T09:20:30.197+0000][1][safepoint    ] Total time for which application threads were stopped: 0.0000290 seconds, Stopping threads took: 0.0000075 seconds
[2019-06-24T09:20:30.197+0000][1][safepoint    ] Application time: 0.0002148 seconds
[2019-06-24T09:20:30.197+0000][1][safepoint    ] Entering safepoint region: RevokeBias
[2019-06-24T09:20:30.197+0000][1][safepoint    ] Leaving safepoint region
[2019-06-24T09:20:30.197+0000][1][safepoint    ] Total time for which application threads were stopped: 0.0000358 seconds, Stopping threads took: 0.0000091 seconds
[2019-06-24T09:20:30.197+0000][1][safepoint    ] Application time: 0.0001033 seconds
[2019-06-24T09:20:30.197+0000][1][safepoint    ] Entering safepoint region: BulkRevokeBias
[2019-06-24T09:20:30.197+0000][1][safepoint    ] Leaving safepoint region
[2019-06-24T09:20:30.197+0000][1][safepoint    ] Total time for which application threads were stopped: 0.0001276 seconds, Stopping threads took: 0.0000342 seconds
[2019-06-24T09:20:30.213+0000][1][safepoint    ] Application time: 0.0158693 seconds
[2019-06-24T09:20:30.213+0000][1][safepoint    ] Entering safepoint region: BulkRevokeBias
[2019-06-24T09:20:30.213+0000][1][safepoint    ] Leaving safepoint region
[2019-06-24T09:20:30.213+0000][1][safepoint    ] Total time for which application threads were stopped: 0.0001008 seconds, Stopping threads took: 0.0000115 seconds
[2019-06-24T09:20:30.227+0000][1][safepoint    ] Application time: 0.0139659 seconds
[2019-06-24T09:20:30.227+0000][1][safepoint    ] Entering safepoint region: GenCollectForAllocation
[2019-06-24T09:20:30.227+0000][1][gc,start     ] GC(21) Pause Young (Allocation Failure)
[2019-06-24T09:20:30.227+0000][1][gc,task      ] GC(21) Using 5 workers of 8 for evacuation
[2019-06-24T09:20:30.235+0000][1][gc,age       ] GC(21) Desired survivor size 4456448 bytes, new threshold 2 (max threshold 6)
[2019-06-24T09:20:30.235+0000][1][gc,age       ] GC(21) Age table with threshold 2 (max threshold 6)
[2019-06-24T09:20:30.235+0000][1][gc,age       ] GC(21) - age   1:    3714056 bytes,    3714056 total
[2019-06-24T09:20:30.235+0000][1][gc,age       ] GC(21) - age   2:    1406600 bytes,    5120656 total
[2019-06-24T09:20:30.235+0000][1][gc,heap      ] GC(21) ParNew: 77198K->6735K(78656K)
[2019-06-24T09:20:30.235+0000][1][gc,heap      ] GC(21) CMS: 59256K->62288K(174784K)
[2019-06-24T09:20:30.235+0000][1][gc,metaspace ] GC(21) Metaspace: 61333K->61333K(1105920K)
[2019-06-24T09:20:30.235+0000][1][gc           ] GC(21) Pause Young (Allocation Failure) 133M->67M(247M) 8.046ms
[2019-06-24T09:20:30.235+0000][1][gc,cpu       ] GC(21) User=0.04s Sys=0.00s Real=0.01s
[2019-06-24T09:20:30.235+0000][1][safepoint    ] Leaving safepoint region
[2019-06-24T09:20:30.235+0000][1][safepoint    ] Total time for which application threads were stopped: 0.0081560 seconds, Stopping threads took: 0.0000117 seconds
[2019-06-24T09:20:30.294+0000][1][safepoint    ] Application time: 0.0591411 seconds
[2019-06-24T09:20:30.294+0000][1][safepoint    ] Entering safepoint region: Deoptimize
[2019-06-24T09:20:30.295+0000][1][safepoint    ] Leaving safepoint region
[2019-06-24T09:20:30.295+0000][1][safepoint    ] Total time for which application threads were stopped: 0.0004989 seconds, Stopping threads took: 0.0000120 seconds
[2019-06-24T09:20:30.300+0000][1][safepoint    ] Application time: 0.0054736 seconds
[2019-06-24T09:20:30.300+0000][1][safepoint    ] Entering safepoint region: RevokeBias
[2019-06-24T09:20:30.301+0000][1][safepoint    ] Leaving safepoint region
[2019-06-24T09:20:30.301+0000][1][safepoint    ] Total time for which application threads were stopped: 0.0001107 seconds, Stopping threads took: 0.0000325 seconds
[2019-06-24T09:20:30.301+0000][1][safepoint    ] Application time: 0.0004650 seconds
[2019-06-24T09:20:30.301+0000][1][safepoint    ] Entering safepoint region: RevokeBias
[2019-06-24T09:20:30.301+0000][1][safepoint    ] Leaving safepoint region
[2019-06-24T09:20:30.301+0000][1][safepoint    ] Total time for which application threads were stopped: 0.0000410 seconds, Stopping threads took: 0.0000096 seconds
[2019-06-24T09:20:30.302+0000][1][safepoint    ] Application time: 0.0006969 seconds
[2019-06-24T09:20:30.302+0000][1][safepoint    ] Entering safepoint region: RevokeBias
[2019-06-24T09:20:30.302+0000][1][safepoint    ] Leaving safepoint region
[2019-06-24T09:20:30.302+0000][1][safepoint    ] Total time for which application threads were stopped: 0.0000405 seconds, Stopping threads took: 0.0000092 seconds
[2019-06-24T09:20:30.302+0000][1][safepoint    ] Application time: 0.0003704 seconds
[2019-06-24T09:20:30.302+0000][1][safepoint    ] Entering safepoint region: RevokeBias
[2019-06-24T09:20:30.302+0000][1][safepoint    ] Leaving safepoint region
[2019-06-24T09:20:30.302+0000][1][safepoint    ] Total time for which application threads were stopped: 0.0000458 seconds, Stopping threads took: 0.0000091 seconds
[2019-06-24T09:20:30.302+0000][1][safepoint    ] Application time: 0.0001340 seconds
[2019-06-24T09:20:30.302+0000][1][safepoint    ] Entering safepoint region: RevokeBias
[2019-06-24T09:20:30.302+0000][1][safepoint    ] Leaving safepoint region
[2019-06-24T09:20:30.302+0000][1][safepoint    ] Total time for which application threads were stopped: 0.0000376 seconds, Stopping threads took: 0.0000075 seconds
[2019-06-24T09:20:30.303+0000][1][safepoint    ] Application time: 0.0002203 seconds
[2019-06-24T09:20:30.303+0000][1][safepoint    ] Entering safepoint region: RevokeBias
[2019-06-24T09:20:30.303+0000][1][safepoint    ] Leaving safepoint region
[2019-06-24T09:20:30.303+0000][1][safepoint    ] Total time for which application threads were stopped: 0.0000443 seconds, Stopping threads took: 0.0000093 seconds
[2019-06-24T09:20:30.303+0000][1][safepoint    ] Application time: 0.0002470 seconds
[2019-06-24T09:20:30.303+0000][1][safepoint    ] Entering safepoint region: RevokeBias
[2019-06-24T09:20:30.303+0000][1][safepoint    ] Leaving safepoint region
[2019-06-24T09:20:30.303+0000][1][safepoint    ] Total time for which application threads were stopped: 0.0000402 seconds, Stopping threads took: 0.0000097 seconds
[2019-06-24T09:20:30.303+0000][1][safepoint    ] Application time: 0.0001620 seconds
[2019-06-24T09:20:30.303+0000][1][safepoint    ] Entering safepoint region: RevokeBias
[2019-06-24T09:20:30.303+0000][1][safepoint    ] Leaving safepoint region
[2019-06-24T09:20:30.303+0000][1][safepoint    ] Total time for which application threads were stopped: 0.0000426 seconds, Stopping threads took: 0.0000095 seconds
[2019-06-24T09:20:30.303+0000][1][safepoint    ] Application time: 0.0000388 seconds
[2019-06-24T09:20:30.303+0000][1][safepoint    ] Entering safepoint region: RevokeBias
[2019-06-24T09:20:30.303+0000][1][safepoint    ] Leaving safepoint region
[2019-06-24T09:20:30.303+0000][1][safepoint    ] Total time for which application threads were stopped: 0.0000363 seconds, Stopping threads took: 0.0000075 seconds
[2019-06-24T09:20:30.304+0000][1][safepoint    ] Application time: 0.0004814 seconds
[2019-06-24T09:20:30.304+0000][1][safepoint    ] Entering safepoint region: RevokeBias
[2019-06-24T09:20:30.304+0000][1][safepoint    ] Leaving safepoint region
[2019-06-24T09:20:30.304+0000][1][safepoint    ] Total time for which application threads were stopped: 0.0000402 seconds, Stopping threads took: 0.0000096 seconds
[2019-06-24T09:20:30.305+0000][1][safepoint    ] Application time: 0.0007315 seconds
[2019-06-24T09:20:30.305+0000][1][safepoint    ] Entering safepoint region: RevokeBias
[2019-06-24T09:20:30.305+0000][1][safepoint    ] Leaving safepoint region
[2019-06-24T09:20:30.305+0000][1][safepoint    ] Total time for which application threads were stopped: 0.0000471 seconds, Stopping threads took: 0.0000098 seconds
[2019-06-24T09:20:30.305+0000][1][safepoint    ] Application time: 0.0001184 seconds
[2019-06-24T09:20:30.305+0000][1][safepoint    ] Entering safepoint region: RevokeBias
[2019-06-24T09:20:30.305+0000][1][safepoint    ] Leaving safepoint region
[2019-06-24T09:20:30.305+0000][1][safepoint    ] Total time for which application threads were stopped: 0.0000420 seconds, Stopping threads took: 0.0000092 seconds
[2019-06-24T09:20:30.306+0000][1][safepoint    ] Application time: 0.0013775 seconds
[2019-06-24T09:20:30.306+0000][1][safepoint    ] Entering safepoint region: RevokeBias
[2019-06-24T09:20:30.306+0000][1][safepoint    ] Leaving safepoint region
[2019-06-24T09:20:30.306+0000][1][safepoint    ] Total time for which application threads were stopped: 0.0000636 seconds, Stopping threads took: 0.0000345 seconds
[2019-06-24T09:20:30.306+0000][1][safepoint    ] Application time: 0.0000816 seconds
[2019-06-24T09:20:30.307+0000][1][safepoint    ] Entering safepoint region: RevokeBias
[2019-06-24T09:20:30.307+0000][1][safepoint    ] Leaving safepoint region
[2019-06-24T09:20:30.307+0000][1][safepoint    ] Total time for which application threads were stopped: 0.0000636 seconds, Stopping threads took: 0.0000341 seconds
[2019-06-24T09:20:30.307+0000][1][safepoint    ] Application time: 0.0007292 seconds
[2019-06-24T09:20:30.307+0000][1][safepoint    ] Entering safepoint region: RevokeBias
[2019-06-24T09:20:30.307+0000][1][safepoint    ] Leaving safepoint region
[2019-06-24T09:20:30.307+0000][1][safepoint    ] Total time for which application threads were stopped: 0.0000648 seconds, Stopping threads took: 0.0000238 seconds
[2019-06-24T09:20:30.308+0000][1][safepoint    ] Application time: 0.0006453 seconds
[2019-06-24T09:20:30.308+0000][1][safepoint    ] Entering safepoint region: RevokeBias
[2019-06-24T09:20:30.308+0000][1][safepoint    ] Leaving safepoint region
[2019-06-24T09:20:30.308+0000][1][safepoint    ] Total time for which application threads were stopped: 0.0001240 seconds, Stopping threads took: 0.0000449 seconds
[2019-06-24T09:20:30.308+0000][1][safepoint    ] Application time: 0.0001681 seconds
[2019-06-24T09:20:30.308+0000][1][safepoint    ] Entering safepoint region: RevokeBias
[2019-06-24T09:20:30.309+0000][1][safepoint    ] Leaving safepoint region
[2019-06-24T09:20:30.309+0000][1][safepoint    ] Total time for which application threads were stopped: 0.0001199 seconds, Stopping threads took: 0.0000827 seconds
[2019-06-24T09:20:30.309+0000][1][safepoint    ] Application time: 0.0004003 seconds
[2019-06-24T09:20:30.309+0000][1][safepoint    ] Entering safepoint region: RevokeBias
[2019-06-24T09:20:30.309+0000][1][safepoint    ] Leaving safepoint region
[2019-06-24T09:20:30.309+0000][1][safepoint    ] Total time for which application threads were stopped: 0.0001687 seconds, Stopping threads took: 0.0001121 seconds
[2019-06-24T09:20:30.309+0000][1][safepoint    ] Application time: 0.0001539 seconds
[2019-06-24T09:20:30.309+0000][1][safepoint    ] Entering safepoint region: RevokeBias
[2019-06-24T09:20:30.309+0000][1][safepoint    ] Leaving safepoint region
[2019-06-24T09:20:30.309+0000][1][safepoint    ] Total time for which application threads were stopped: 0.0000521 seconds, Stopping threads took: 0.0000114 seconds
[2019-06-24T09:20:30.310+0000][1][safepoint    ] Application time: 0.0008729 seconds
[2019-06-24T09:20:30.310+0000][1][safepoint    ] Entering safepoint region: RevokeBias
[2019-06-24T09:20:30.310+0000][1][safepoint    ] Leaving safepoint region
[2019-06-24T09:20:30.310+0000][1][safepoint    ] Total time for which application threads were stopped: 0.0001589 seconds, Stopping threads took: 0.0000769 seconds
[2019-06-24T09:20:30.311+0000][1][safepoint    ] Application time: 0.0003315 seconds
[2019-06-24T09:20:30.311+0000][1][safepoint    ] Entering safepoint region: RevokeBias
[2019-06-24T09:20:30.311+0000][1][safepoint    ] Leaving safepoint region
[2019-06-24T09:20:30.311+0000][1][safepoint    ] Total time for which application threads were stopped: 0.0001000 seconds, Stopping threads took: 0.0000517 seconds
[2019-06-24T09:20:30.315+0000][1][safepoint    ] Application time: 0.0041475 seconds
[2019-06-24T09:20:30.315+0000][1][safepoint    ] Entering safepoint region: RevokeBias
[2019-06-24T09:20:30.315+0000][1][safepoint    ] Leaving safepoint region
[2019-06-24T09:20:30.315+0000][1][safepoint    ] Total time for which application threads were stopped: 0.0002687 seconds, Stopping threads took: 0.0001326 seconds
[2019-06-24T09:20:30.316+0000][1][safepoint    ] Application time: 0.0001813 seconds
[2019-06-24T09:20:30.316+0000][1][safepoint    ] Entering safepoint region: RevokeBias
[2019-06-24T09:20:30.316+0000][1][safepoint    ] Leaving safepoint region
[2019-06-24T09:20:30.316+0000][1][safepoint    ] Total time for which application threads were stopped: 0.0002084 seconds, Stopping threads took: 0.0001605 seconds
[2019-06-24T09:20:30.317+0000][1][safepoint    ] Application time: 0.0012974 seconds
[2019-06-24T09:20:30.317+0000][1][safepoint    ] Entering safepoint region: RevokeBias
[2019-06-24T09:20:30.317+0000][1][safepoint    ] Leaving safepoint region
[2019-06-24T09:20:30.317+0000][1][safepoint    ] Total time for which application threads were stopped: 0.0002290 seconds, Stopping threads took: 0.0001410 seconds
[2019-06-24T09:20:30.327+0000][1][safepoint    ] Application time: 0.0094622 seconds
[2019-06-24T09:20:30.327+0000][1][safepoint    ] Entering safepoint region: RevokeBias
[2019-06-24T09:20:30.327+0000][1][safepoint    ] Leaving safepoint region
[2019-06-24T09:20:30.327+0000][1][safepoint    ] Total time for which application threads were stopped: 0.0002815 seconds, Stopping threads took: 0.0001229 seconds
[2019-06-24T09:20:30.328+0000][1][safepoint    ] Application time: 0.0005510 seconds
[2019-06-24T09:20:30.328+0000][1][safepoint    ] Entering safepoint region: RevokeBias
[2019-06-24T09:20:30.328+0000][1][safepoint    ] Leaving safepoint region
[2019-06-24T09:20:30.328+0000][1][safepoint    ] Total time for which application threads were stopped: 0.0002221 seconds, Stopping threads took: 0.0001241 seconds
[2019-06-24T09:20:30.328+0000][1][safepoint    ] Application time: 0.0001961 seconds
[2019-06-24T09:20:30.328+0000][1][safepoint    ] Entering safepoint region: RevokeBias
[2019-06-24T09:20:30.328+0000][1][safepoint    ] Leaving safepoint region
[2019-06-24T09:20:30.328+0000][1][safepoint    ] Total time for which application threads were stopped: 0.0001533 seconds, Stopping threads took: 0.0000966 seconds
[2019-06-24T09:20:30.332+0000][1][safepoint    ] Application time: 0.0041247 seconds
[2019-06-24T09:20:30.332+0000][1][safepoint    ] Entering safepoint region: RevokeBias
[2019-06-24T09:20:30.333+0000][1][safepoint    ] Leaving safepoint region
[2019-06-24T09:20:30.333+0000][1][safepoint    ] Total time for which application threads were stopped: 0.0000884 seconds, Stopping threads took: 0.0000116 seconds
[2019-06-24T09:20:30.333+0000][1][safepoint    ] Application time: 0.0001929 seconds
[2019-06-24T09:20:30.333+0000][1][safepoint    ] Entering safepoint region: RevokeBias
[2019-06-24T09:20:30.333+0000][1][safepoint    ] Leaving safepoint region
[2019-06-24T09:20:30.333+0000][1][safepoint    ] Total time for which application threads were stopped: 0.0000563 seconds, Stopping threads took: 0.0000237 seconds
[2019-06-24T09:20:30.333+0000][1][safepoint    ] Application time: 0.0001146 seconds
[2019-06-24T09:20:30.333+0000][1][safepoint    ] Entering safepoint region: RevokeBias
[2019-06-24T09:20:30.333+0000][1][safepoint    ] Leaving safepoint region
[2019-06-24T09:20:30.333+0000][1][safepoint    ] Total time for which application threads were stopped: 0.0000490 seconds, Stopping threads took: 0.0000081 seconds
[2019-06-24T09:20:30.333+0000][1][safepoint    ] Application time: 0.0000819 seconds
[2019-06-24T09:20:30.333+0000][1][safepoint    ] Entering safepoint region: RevokeBias
[2019-06-24T09:20:30.333+0000][1][safepoint    ] Leaving safepoint region
[2019-06-24T09:20:30.333+0000][1][safepoint    ] Total time for which application threads were stopped: 0.0000802 seconds, Stopping threads took: 0.0000527 seconds
[2019-06-24T09:20:30.333+0000][1][safepoint    ] Application time: 0.0000971 seconds
[2019-06-24T09:20:30.333+0000][1][safepoint    ] Entering safepoint region: RevokeBias
[2019-06-24T09:20:30.333+0000][1][safepoint    ] Leaving safepoint region
[2019-06-24T09:20:30.333+0000][1][safepoint    ] Total time for which application threads were stopped: 0.0001363 seconds, Stopping threads took: 0.0000956 seconds
[2019-06-24T09:20:30.337+0000][1][safepoint    ] Application time: 0.0031681 seconds
[2019-06-24T09:20:30.337+0000][1][safepoint    ] Entering safepoint region: RevokeBias
[2019-06-24T09:20:30.337+0000][1][safepoint    ] Leaving safepoint region
[2019-06-24T09:20:30.337+0000][1][safepoint    ] Total time for which application threads were stopped: 0.0000347 seconds, Stopping threads took: 0.0000113 seconds
[2019-06-24T09:20:30.343+0000][1][safepoint    ] Application time: 0.0060871 seconds
[2019-06-24T09:20:30.343+0000][1][safepoint    ] Entering safepoint region: RevokeBias
[2019-06-24T09:20:30.343+0000][1][safepoint    ] Leaving safepoint region
[2019-06-24T09:20:30.343+0000][1][safepoint    ] Total time for which application threads were stopped: 0.0000476 seconds, Stopping threads took: 0.0000131 seconds
[2019-06-24T09:20:30.343+0000][1][safepoint    ] Application time: 0.0001274 seconds
[2019-06-24T09:20:30.343+0000][1][safepoint    ] Entering safepoint region: BulkRevokeBias
[2019-06-24T09:20:30.343+0000][1][safepoint    ] Leaving safepoint region
[2019-06-24T09:20:30.343+0000][1][safepoint    ] Total time for which application threads were stopped: 0.0001122 seconds, Stopping threads took: 0.0000092 seconds
[2019-06-24T09:20:30.910+0000][1][safepoint    ] Application time: 0.5663686 seconds
[2019-06-24T09:20:30.910+0000][1][safepoint    ] Entering safepoint region: RevokeBias
[2019-06-24T09:20:30.910+0000][1][safepoint    ] Leaving safepoint region
[2019-06-24T09:20:30.910+0000][1][safepoint    ] Total time for which application threads were stopped: 0.0001778 seconds, Stopping threads took: 0.0000376 seconds
[2019-06-24T09:20:30.910+0000][1][safepoint    ] Application time: 0.0002768 seconds
[2019-06-24T09:20:30.910+0000][1][safepoint    ] Entering safepoint region: RevokeBias
[2019-06-24T09:20:30.910+0000][1][safepoint    ] Leaving safepoint region
[2019-06-24T09:20:30.910+0000][1][safepoint    ] Total time for which application threads were stopped: 0.0001350 seconds, Stopping threads took: 0.0000395 seconds
[2019-06-24T09:20:31.204+0000][1][safepoint    ] Application time: 0.2941718 seconds
[2019-06-24T09:20:31.205+0000][1][safepoint    ] Entering safepoint region: RevokeBias
[2019-06-24T09:20:31.205+0000][1][safepoint    ] Leaving safepoint region
[2019-06-24T09:20:31.205+0000][1][safepoint    ] Total time for which application threads were stopped: 0.0001264 seconds, Stopping threads took: 0.0000372 seconds
[2019-06-24T09:20:31.205+0000][1][safepoint    ] Application time: 0.0001607 seconds
[2019-06-24T09:20:31.205+0000][1][safepoint    ] Entering safepoint region: RevokeBias
[2019-06-24T09:20:31.205+0000][1][safepoint    ] Leaving safepoint region
[2019-06-24T09:20:31.205+0000][1][safepoint    ] Total time for which application threads were stopped: 0.0000767 seconds, Stopping threads took: 0.0000265 seconds
[2019-06-24T09:20:31.205+0000][1][safepoint    ] Application time: 0.0001325 seconds
[2019-06-24T09:20:31.205+0000][1][safepoint    ] Entering safepoint region: RevokeBias
[2019-06-24T09:20:31.205+0000][1][safepoint    ] Leaving safepoint region
[2019-06-24T09:20:31.205+0000][1][safepoint    ] Total time for which application threads were stopped: 0.0000733 seconds, Stopping threads took: 0.0000258 seconds
[2019-06-24T09:20:31.205+0000][1][safepoint    ] Application time: 0.0001304 seconds
[2019-06-24T09:20:31.205+0000][1][safepoint    ] Entering safepoint region: RevokeBias
[2019-06-24T09:20:31.205+0000][1][safepoint    ] Leaving safepoint region
[2019-06-24T09:20:31.205+0000][1][safepoint    ] Total time for which application threads were stopped: 0.0000728 seconds, Stopping threads took: 0.0000260 seconds
[2019-06-24T09:20:31.206+0000][1][safepoint    ] Application time: 0.0001294 seconds
[2019-06-24T09:20:31.206+0000][1][safepoint    ] Entering safepoint region: RevokeBias
[2019-06-24T09:20:31.206+0000][1][safepoint    ] Leaving safepoint region
[2019-06-24T09:20:31.206+0000][1][safepoint    ] Total time for which application threads were stopped: 0.0000727 seconds, Stopping threads took: 0.0000253 seconds
[2019-06-24T09:20:31.206+0000][1][safepoint    ] Application time: 0.0001380 seconds
[2019-06-24T09:20:31.206+0000][1][safepoint    ] Entering safepoint region: RevokeBias
[2019-06-24T09:20:31.206+0000][1][safepoint    ] Leaving safepoint region
[2019-06-24T09:20:31.206+0000][1][safepoint    ] Total time for which application threads were stopped: 0.0000732 seconds, Stopping threads took: 0.0000250 seconds
[2019-06-24T09:20:31.206+0000][1][safepoint    ] Application time: 0.0001286 seconds
[2019-06-24T09:20:31.206+0000][1][safepoint    ] Entering safepoint region: RevokeBias
[2019-06-24T09:20:31.206+0000][1][safepoint    ] Leaving safepoint region
[2019-06-24T09:20:31.206+0000][1][safepoint    ] Total time for which application threads were stopped: 0.0000713 seconds, Stopping threads took: 0.0000248 seconds
[2019-06-24T09:20:31.206+0000][1][safepoint    ] Application time: 0.0001259 seconds
[2019-06-24T09:20:31.207+0000][1][safepoint    ] Entering safepoint region: RevokeBias
[2019-06-24T09:20:31.207+0000][1][safepoint    ] Leaving safepoint region
[2019-06-24T09:20:31.207+0000][1][safepoint    ] Total time for which application threads were stopped: 0.0000839 seconds, Stopping threads took: 0.0000360 seconds
[2019-06-24T09:20:31.216+0000][1][safepoint    ] Application time: 0.0094894 seconds
[2019-06-24T09:20:31.216+0000][1][safepoint    ] Entering safepoint region: RevokeBias
[2019-06-24T09:20:31.216+0000][1][safepoint    ] Leaving safepoint region
[2019-06-24T09:20:31.216+0000][1][safepoint    ] Total time for which application threads were stopped: 0.0001256 seconds, Stopping threads took: 0.0000462 seconds
[2019-06-24T09:20:31.218+0000][1][safepoint    ] Application time: 0.0020420 seconds
[2019-06-24T09:20:31.219+0000][1][safepoint    ] Entering safepoint region: RevokeBias
[2019-06-24T09:20:31.219+0000][1][safepoint    ] Leaving safepoint region
[2019-06-24T09:20:31.219+0000][1][safepoint    ] Total time for which application threads were stopped: 0.0004187 seconds, Stopping threads took: 0.0003180 seconds
[2019-06-24T09:20:31.219+0000][1][safepoint    ] Application time: 0.0003280 seconds
[2019-06-24T09:20:31.219+0000][1][safepoint    ] Entering safepoint region: RevokeBias
[2019-06-24T09:20:31.220+0000][1][safepoint    ] Leaving safepoint region
[2019-06-24T09:20:31.220+0000][1][safepoint    ] Total time for which application threads were stopped: 0.0002183 seconds, Stopping threads took: 0.0001258 seconds
[2019-06-24T09:20:31.221+0000][1][safepoint    ] Application time: 0.0014865 seconds
[2019-06-24T09:20:31.221+0000][1][safepoint    ] Entering safepoint region: RevokeBias
[2019-06-24T09:20:31.221+0000][1][safepoint    ] Leaving safepoint region
[2019-06-24T09:20:31.221+0000][1][safepoint    ] Total time for which application threads were stopped: 0.0003139 seconds, Stopping threads took: 0.0002084 seconds
[2019-06-24T09:20:31.222+0000][1][safepoint    ] Application time: 0.0001524 seconds
[2019-06-24T09:20:31.222+0000][1][safepoint    ] Entering safepoint region: RevokeBias
[2019-06-24T09:20:31.222+0000][1][safepoint    ] Leaving safepoint region
[2019-06-24T09:20:31.222+0000][1][safepoint    ] Total time for which application threads were stopped: 0.0000968 seconds, Stopping threads took: 0.0000265 seconds
[2019-06-24T09:20:31.226+0000][1][safepoint    ] Application time: 0.0040305 seconds
[2019-06-24T09:20:31.226+0000][1][safepoint    ] Entering safepoint region: RevokeBias
[2019-06-24T09:20:31.226+0000][1][safepoint    ] Leaving safepoint region
[2019-06-24T09:20:31.226+0000][1][safepoint    ] Total time for which application threads were stopped: 0.0001145 seconds, Stopping threads took: 0.0000308 seconds
[2019-06-24T09:20:31.239+0000][1][safepoint    ] Application time: 0.0128954 seconds
[2019-06-24T09:20:31.239+0000][1][safepoint    ] Entering safepoint region: RevokeBias
[2019-06-24T09:20:31.239+0000][1][safepoint    ] Leaving safepoint region
[2019-06-24T09:20:31.239+0000][1][safepoint    ] Total time for which application threads were stopped: 0.0000649 seconds, Stopping threads took: 0.0000244 seconds
[2019-06-24T09:20:31.239+0000][1][safepoint    ] Application time: 0.0000601 seconds
[2019-06-24T09:20:31.239+0000][1][safepoint    ] Entering safepoint region: RevokeBias
[2019-06-24T09:20:31.239+0000][1][safepoint    ] Leaving safepoint region
[2019-06-24T09:20:31.239+0000][1][safepoint    ] Total time for which application threads were stopped: 0.0000333 seconds, Stopping threads took: 0.0000093 seconds
[2019-06-24T09:20:31.239+0000][1][safepoint    ] Application time: 0.0000517 seconds
[2019-06-24T09:20:31.239+0000][1][safepoint    ] Entering safepoint region: RevokeBias
[2019-06-24T09:20:31.239+0000][1][safepoint    ] Leaving safepoint region
[2019-06-24T09:20:31.239+0000][1][safepoint    ] Total time for which application threads were stopped: 0.0000326 seconds, Stopping threads took: 0.0000091 seconds
[2019-06-24T09:20:31.240+0000][1][safepoint    ] Application time: 0.0005135 seconds
[2019-06-24T09:20:31.240+0000][1][safepoint    ] Entering safepoint region: RevokeBias
[2019-06-24T09:20:31.240+0000][1][safepoint    ] Leaving safepoint region
[2019-06-24T09:20:31.240+0000][1][safepoint    ] Total time for which application threads were stopped: 0.0000390 seconds, Stopping threads took: 0.0000100 seconds
[2019-06-24T09:20:31.240+0000][1][safepoint    ] Application time: 0.0000640 seconds
[2019-06-24T09:20:31.240+0000][1][safepoint    ] Entering safepoint region: RevokeBias
[2019-06-24T09:20:31.240+0000][1][safepoint    ] Leaving safepoint region
[2019-06-24T09:20:31.240+0000][1][safepoint    ] Total time for which application threads were stopped: 0.0000366 seconds, Stopping threads took: 0.0000096 seconds
[2019-06-24T09:20:31.240+0000][1][safepoint    ] Application time: 0.0000468 seconds
[2019-06-24T09:20:31.240+0000][1][safepoint    ] Entering safepoint region: RevokeBias
[2019-06-24T09:20:31.240+0000][1][safepoint    ] Leaving safepoint region
[2019-06-24T09:20:31.240+0000][1][safepoint    ] Total time for which application threads were stopped: 0.0000345 seconds, Stopping threads took: 0.0000091 seconds
[2019-06-24T09:20:31.240+0000][1][safepoint    ] Application time: 0.0003856 seconds
[2019-06-24T09:20:31.240+0000][1][safepoint    ] Entering safepoint region: RevokeBias
[2019-06-24T09:20:31.240+0000][1][safepoint    ] Leaving safepoint region
[2019-06-24T09:20:31.240+0000][1][safepoint    ] Total time for which application threads were stopped: 0.0000382 seconds, Stopping threads took: 0.0000103 seconds
[2019-06-24T09:20:31.241+0000][1][safepoint    ] Application time: 0.0004310 seconds
[2019-06-24T09:20:31.241+0000][1][safepoint    ] Entering safepoint region: RevokeBias
[2019-06-24T09:20:31.241+0000][1][safepoint    ] Leaving safepoint region
[2019-06-24T09:20:31.241+0000][1][safepoint    ] Total time for which application threads were stopped: 0.0000399 seconds, Stopping threads took: 0.0000105 seconds
[2019-06-24T09:20:31.241+0000][1][safepoint    ] Application time: 0.0000778 seconds
[2019-06-24T09:20:31.241+0000][1][safepoint    ] Entering safepoint region: BulkRevokeBias
[2019-06-24T09:20:31.241+0000][1][safepoint    ] Leaving safepoint region
[2019-06-24T09:20:31.241+0000][1][safepoint    ] Total time for which application threads were stopped: 0.0001056 seconds, Stopping threads took: 0.0000320 seconds
[2019-06-24T09:20:31.241+0000][1][safepoint    ] Application time: 0.0003187 seconds
[2019-06-24T09:20:31.241+0000][1][safepoint    ] Entering safepoint region: RevokeBias
[2019-06-24T09:20:31.241+0000][1][safepoint    ] Leaving safepoint region
[2019-06-24T09:20:31.241+0000][1][safepoint    ] Total time for which application threads were stopped: 0.0000392 seconds, Stopping threads took: 0.0000099 seconds
[2019-06-24T09:20:31.242+0000][1][safepoint    ] Application time: 0.0001832 seconds
[2019-06-24T09:20:31.242+0000][1][safepoint    ] Entering safepoint region: RevokeBias
[2019-06-24T09:20:31.242+0000][1][safepoint    ] Leaving safepoint region
[2019-06-24T09:20:31.242+0000][1][safepoint    ] Total time for which application threads were stopped: 0.0000508 seconds, Stopping threads took: 0.0000266 seconds
[2019-06-24T09:20:31.243+0000][1][safepoint    ] Application time: 0.0011122 seconds
[2019-06-24T09:20:31.243+0000][1][safepoint    ] Entering safepoint region: RevokeBias
[2019-06-24T09:20:31.243+0000][1][safepoint    ] Leaving safepoint region
[2019-06-24T09:20:31.243+0000][1][safepoint    ] Total time for which application threads were stopped: 0.0000695 seconds, Stopping threads took: 0.0000405 seconds
[2019-06-24T09:20:31.243+0000][1][safepoint    ] Application time: 0.0001097 seconds
[2019-06-24T09:20:31.243+0000][1][safepoint    ] Entering safepoint region: RevokeBias
[2019-06-24T09:20:31.243+0000][1][safepoint    ] Leaving safepoint region
[2019-06-24T09:20:31.243+0000][1][safepoint    ] Total time for which application threads were stopped: 0.0000295 seconds, Stopping threads took: 0.0000090 seconds
[2019-06-24T09:20:31.243+0000][1][safepoint    ] Application time: 0.0000827 seconds
[2019-06-24T09:20:31.243+0000][1][safepoint    ] Entering safepoint region: RevokeBias
[2019-06-24T09:20:31.243+0000][1][safepoint    ] Leaving safepoint region
[2019-06-24T09:20:31.243+0000][1][safepoint    ] Total time for which application threads were stopped: 0.0000306 seconds, Stopping threads took: 0.0000087 seconds
[2019-06-24T09:20:31.243+0000][1][safepoint    ] Application time: 0.0000642 seconds
[2019-06-24T09:20:31.243+0000][1][safepoint    ] Entering safepoint region: RevokeBias
[2019-06-24T09:20:31.243+0000][1][safepoint    ] Leaving safepoint region
[2019-06-24T09:20:31.243+0000][1][safepoint    ] Total time for which application threads were stopped: 0.0000277 seconds, Stopping threads took: 0.0000087 seconds
[2019-06-24T09:20:31.245+0000][1][safepoint    ] Application time: 0.0014919 seconds
[2019-06-24T09:20:31.245+0000][1][safepoint    ] Entering safepoint region: RevokeBias
[2019-06-24T09:20:31.245+0000][1][safepoint    ] Leaving safepoint region
[2019-06-24T09:20:31.245+0000][1][safepoint    ] Total time for which application threads were stopped: 0.0000426 seconds, Stopping threads took: 0.0000114 seconds
[2019-06-24T09:20:31.245+0000][1][safepoint    ] Application time: 0.0000549 seconds
[2019-06-24T09:20:31.245+0000][1][safepoint    ] Entering safepoint region: RevokeBias
[2019-06-24T09:20:31.245+0000][1][safepoint    ] Leaving safepoint region
[2019-06-24T09:20:31.245+0000][1][safepoint    ] Total time for which application threads were stopped: 0.0000316 seconds, Stopping threads took: 0.0000091 seconds
[2019-06-24T09:20:31.245+0000][1][safepoint    ] Application time: 0.0000439 seconds
[2019-06-24T09:20:31.245+0000][1][safepoint    ] Entering safepoint region: RevokeBias
[2019-06-24T09:20:31.245+0000][1][safepoint    ] Leaving safepoint region
[2019-06-24T09:20:31.245+0000][1][safepoint    ] Total time for which application threads were stopped: 0.0000289 seconds, Stopping threads took: 0.0000086 seconds
[2019-06-24T09:20:31.245+0000][1][safepoint    ] Application time: 0.0001840 seconds
[2019-06-24T09:20:31.245+0000][1][safepoint    ] Entering safepoint region: RevokeBias
[2019-06-24T09:20:31.245+0000][1][safepoint    ] Leaving safepoint region
[2019-06-24T09:20:31.245+0000][1][safepoint    ] Total time for which application threads were stopped: 0.0001284 seconds, Stopping threads took: 0.0000920 seconds
[2019-06-24T09:20:31.246+0000][1][safepoint    ] Application time: 0.0001003 seconds
[2019-06-24T09:20:31.246+0000][1][safepoint    ] Entering safepoint region: RevokeBias
[2019-06-24T09:20:31.246+0000][1][safepoint    ] Leaving safepoint region
[2019-06-24T09:20:31.246+0000][1][safepoint    ] Total time for which application threads were stopped: 0.0000749 seconds, Stopping threads took: 0.0000267 seconds
[2019-06-24T09:20:31.246+0000][1][safepoint    ] Application time: 0.0000590 seconds
[2019-06-24T09:20:31.246+0000][1][safepoint    ] Entering safepoint region: RevokeBias
[2019-06-24T09:20:31.246+0000][1][safepoint    ] Leaving safepoint region
[2019-06-24T09:20:31.246+0000][1][safepoint    ] Total time for which application threads were stopped: 0.0000831 seconds, Stopping threads took: 0.0000545 seconds
[2019-06-24T09:20:31.248+0000][1][gc,heap,exit ] Heap
[2019-06-24T09:20:31.248+0000][1][gc,heap,exit ]  par new generation   total 78656K, used 28120K [0x00000000f0000000, 0x00000000f5550000, 0x00000000f5550000)
[2019-06-24T09:20:31.248+0000][1][gc,heap,exit ]   eden space 69952K,  30% used [0x00000000f0000000, 0x00000000f14e26f0, 0x00000000f4450000)
[2019-06-24T09:20:31.248+0000][1][gc,heap,exit ]   from space 8704K,  77% used [0x00000000f4450000, 0x00000000f4ae3c28, 0x00000000f4cd0000)
[2019-06-24T09:20:31.248+0000][1][gc,heap,exit ]   to   space 8704K,   0% used [0x00000000f4cd0000, 0x00000000f4cd0000, 0x00000000f5550000)
[2019-06-24T09:20:31.248+0000][1][gc,heap,exit ]  concurrent mark-sweep generation total 174784K, used 62288K [0x00000000f5550000, 0x0000000100000000, 0x0000000100000000)
[2019-06-24T09:20:31.248+0000][1][gc,heap,exit ]  Metaspace       used 63130K, capacity 67876K, committed 68300K, reserved 1107968K
[2019-06-24T09:20:31.248+0000][1][gc,heap,exit ]   class space    used 8592K, capacity 10560K, committed 10684K, reserved 1048576K
[2019-06-24T09:20:31.248+0000][1][safepoint    ] Application time: 0.0023673 seconds
[2019-06-24T09:20:31.248+0000][1][safepoint    ] Entering safepoint region: Halt
