[2019-06-24T09:24:11.317+0000][1][gc] Using Concurrent Mark Sweep
[2019-06-24T09:24:11.317+0000][1][gc,heap,coops] Heap address: 0x00000000f0000000, size: 256 MB, Compressed Oops mode: 32-bit
[2019-06-24T09:24:11.362+0000][1][safepoint    ] Entering safepoint region: EnableBiasedLocking
[2019-06-24T09:24:11.363+0000][1][safepoint    ] Leaving safepoint region
[2019-06-24T09:24:11.363+0000][1][safepoint    ] Total time for which application threads were stopped: 0.0001669 seconds, Stopping threads took: 0.0000437 seconds
[2019-06-24T09:24:11.367+0000][1][safepoint    ] Application time: 0.0040098 seconds
[2019-06-24T09:24:11.367+0000][1][safepoint    ] Entering safepoint region: RevokeBias
[2019-06-24T09:24:11.367+0000][1][safepoint    ] Leaving safepoint region
[2019-06-24T09:24:11.367+0000][1][safepoint    ] Total time for which application threads were stopped: 0.0000819 seconds, Stopping threads took: 0.0000313 seconds
[2019-06-24T09:24:11.376+0000][1][safepoint    ] Application time: 0.0090805 seconds
[2019-06-24T09:24:11.376+0000][1][safepoint    ] Entering safepoint region: Deoptimize
[2019-06-24T09:24:11.376+0000][1][safepoint    ] Leaving safepoint region
[2019-06-24T09:24:11.376+0000][1][safepoint    ] Total time for which application threads were stopped: 0.0000475 seconds, Stopping threads took: 0.0000096 seconds
[2019-06-24T09:24:11.469+0000][1][safepoint    ] Application time: 0.0930548 seconds
[2019-06-24T09:24:11.469+0000][1][safepoint    ] Entering safepoint region: RevokeBias
[2019-06-24T09:24:11.469+0000][1][safepoint    ] Leaving safepoint region
[2019-06-24T09:24:11.469+0000][1][safepoint    ] Total time for which application threads were stopped: 0.0000698 seconds, Stopping threads took: 0.0000096 seconds
[2019-06-24T09:24:11.493+0000][1][safepoint    ] Application time: 0.0236585 seconds
[2019-06-24T09:24:11.493+0000][1][safepoint    ] Entering safepoint region: Deoptimize
[2019-06-24T09:24:11.493+0000][1][safepoint    ] Leaving safepoint region
[2019-06-24T09:24:11.493+0000][1][safepoint    ] Total time for which application threads were stopped: 0.0000635 seconds, Stopping threads took: 0.0000082 seconds
[2019-06-24T09:24:11.711+0000][1][safepoint    ] Application time: 0.2181033 seconds
[2019-06-24T09:24:11.711+0000][1][safepoint    ] Entering safepoint region: Deoptimize
[2019-06-24T09:24:11.711+0000][1][safepoint    ] Leaving safepoint region
[2019-06-24T09:24:11.711+0000][1][safepoint    ] Total time for which application threads were stopped: 0.0001466 seconds, Stopping threads took: 0.0000097 seconds
[2019-06-24T09:24:11.731+0000][1][safepoint    ] Application time: 0.0199813 seconds
[2019-06-24T09:24:11.731+0000][1][safepoint    ] Entering safepoint region: Deoptimize
[2019-06-24T09:24:11.731+0000][1][safepoint    ] Leaving safepoint region
[2019-06-24T09:24:11.731+0000][1][safepoint    ] Total time for which application threads were stopped: 0.0001058 seconds, Stopping threads took: 0.0000088 seconds
[2019-06-24T09:24:11.760+0000][1][safepoint    ] Application time: 0.0290358 seconds
[2019-06-24T09:24:11.760+0000][1][safepoint    ] Entering safepoint region: Deoptimize
[2019-06-24T09:24:11.761+0000][1][safepoint    ] Leaving safepoint region
[2019-06-24T09:24:11.761+0000][1][safepoint    ] Total time for which application threads were stopped: 0.0001423 seconds, Stopping threads took: 0.0000138 seconds
[2019-06-24T09:24:11.770+0000][1][safepoint    ] Application time: 0.0097788 seconds
[2019-06-24T09:24:11.770+0000][1][safepoint    ] Entering safepoint region: Deoptimize
[2019-06-24T09:24:11.771+0000][1][safepoint    ] Leaving safepoint region
[2019-06-24T09:24:11.771+0000][1][safepoint    ] Total time for which application threads were stopped: 0.0001263 seconds, Stopping threads took: 0.0000083 seconds
[2019-06-24T09:24:12.099+0000][1][safepoint    ] Application time: 0.3285659 seconds
[2019-06-24T09:24:12.099+0000][1][safepoint    ] Entering safepoint region: Deoptimize
[2019-06-24T09:24:12.099+0000][1][safepoint    ] Leaving safepoint region
[2019-06-24T09:24:12.099+0000][1][safepoint    ] Total time for which application threads were stopped: 0.0002817 seconds, Stopping threads took: 0.0000197 seconds
[2019-06-24T09:24:12.313+0000][1][safepoint    ] Application time: 0.2130993 seconds
[2019-06-24T09:24:12.313+0000][1][safepoint    ] Entering safepoint region: RevokeBias
[2019-06-24T09:24:12.313+0000][1][safepoint    ] Leaving safepoint region
[2019-06-24T09:24:12.313+0000][1][safepoint    ] Total time for which application threads were stopped: 0.0001101 seconds, Stopping threads took: 0.0000099 seconds
[2019-06-24T09:24:12.393+0000][1][safepoint    ] Application time: 0.0799112 seconds
[2019-06-24T09:24:12.393+0000][1][safepoint    ] Entering safepoint region: Deoptimize
[2019-06-24T09:24:12.393+0000][1][safepoint    ] Leaving safepoint region
[2019-06-24T09:24:12.393+0000][1][safepoint    ] Total time for which application threads were stopped: 0.0001848 seconds, Stopping threads took: 0.0000091 seconds
[2019-06-24T09:24:12.500+0000][1][safepoint    ] Application time: 0.1067850 seconds
[2019-06-24T09:24:12.500+0000][1][safepoint    ] Entering safepoint region: Deoptimize
[2019-06-24T09:24:12.500+0000][1][safepoint    ] Leaving safepoint region
[2019-06-24T09:24:12.500+0000][1][safepoint    ] Total time for which application threads were stopped: 0.0001780 seconds, Stopping threads took: 0.0000183 seconds
[2019-06-24T09:24:12.500+0000][1][safepoint    ] Application time: 0.0000971 seconds
[2019-06-24T09:24:12.500+0000][1][safepoint    ] Entering safepoint region: Deoptimize
[2019-06-24T09:24:12.500+0000][1][safepoint    ] Leaving safepoint region
[2019-06-24T09:24:12.500+0000][1][safepoint    ] Total time for which application threads were stopped: 0.0001048 seconds, Stopping threads took: 0.0000064 seconds
[2019-06-24T09:24:12.515+0000][1][safepoint    ] Application time: 0.0149026 seconds
[2019-06-24T09:24:12.515+0000][1][safepoint    ] Entering safepoint region: Deoptimize
[2019-06-24T09:24:12.515+0000][1][safepoint    ] Leaving safepoint region
[2019-06-24T09:24:12.515+0000][1][safepoint    ] Total time for which application threads were stopped: 0.0001500 seconds, Stopping threads took: 0.0000098 seconds
[2019-06-24T09:24:12.523+0000][1][safepoint    ] Application time: 0.0081925 seconds
[2019-06-24T09:24:12.523+0000][1][safepoint    ] Entering safepoint region: Deoptimize
[2019-06-24T09:24:12.524+0000][1][safepoint    ] Leaving safepoint region
[2019-06-24T09:24:12.524+0000][1][safepoint    ] Total time for which application threads were stopped: 0.0001736 seconds, Stopping threads took: 0.0000094 seconds
[2019-06-24T09:24:12.529+0000][1][safepoint    ] Application time: 0.0051135 seconds
[2019-06-24T09:24:12.529+0000][1][safepoint    ] Entering safepoint region: RevokeBias
[2019-06-24T09:24:12.529+0000][1][safepoint    ] Leaving safepoint region
[2019-06-24T09:24:12.529+0000][1][safepoint    ] Total time for which application threads were stopped: 0.0000669 seconds, Stopping threads took: 0.0000224 seconds
[2019-06-24T09:24:12.529+0000][1][safepoint    ] Application time: 0.0002356 seconds
[2019-06-24T09:24:12.529+0000][1][safepoint    ] Entering safepoint region: RevokeBias
[2019-06-24T09:24:12.529+0000][1][safepoint    ] Leaving safepoint region
[2019-06-24T09:24:12.529+0000][1][safepoint    ] Total time for which application threads were stopped: 0.0000455 seconds, Stopping threads took: 0.0000219 seconds
[2019-06-24T09:24:12.529+0000][1][safepoint    ] Application time: 0.0001279 seconds
[2019-06-24T09:24:12.529+0000][1][safepoint    ] Entering safepoint region: RevokeBias
[2019-06-24T09:24:12.529+0000][1][safepoint    ] Leaving safepoint region
[2019-06-24T09:24:12.529+0000][1][safepoint    ] Total time for which application threads were stopped: 0.0000413 seconds, Stopping threads took: 0.0000184 seconds
[2019-06-24T09:24:12.529+0000][1][safepoint    ] Application time: 0.0000873 seconds
[2019-06-24T09:24:12.529+0000][1][safepoint    ] Entering safepoint region: RevokeBias
[2019-06-24T09:24:12.529+0000][1][safepoint    ] Leaving safepoint region
[2019-06-24T09:24:12.529+0000][1][safepoint    ] Total time for which application threads were stopped: 0.0000494 seconds, Stopping threads took: 0.0000249 seconds
[2019-06-24T09:24:12.530+0000][1][safepoint    ] Application time: 0.0001854 seconds
[2019-06-24T09:24:12.530+0000][1][safepoint    ] Entering safepoint region: RevokeBias
[2019-06-24T09:24:12.530+0000][1][safepoint    ] Leaving safepoint region
[2019-06-24T09:24:12.530+0000][1][safepoint    ] Total time for which application threads were stopped: 0.0000464 seconds, Stopping threads took: 0.0000259 seconds
[2019-06-24T09:24:12.531+0000][1][safepoint    ] Application time: 0.0015232 seconds
[2019-06-24T09:24:12.531+0000][1][safepoint    ] Entering safepoint region: RevokeBias
[2019-06-24T09:24:12.531+0000][1][safepoint    ] Leaving safepoint region
[2019-06-24T09:24:12.531+0000][1][safepoint    ] Total time for which application threads were stopped: 0.0000341 seconds, Stopping threads took: 0.0000091 seconds
[2019-06-24T09:24:12.537+0000][1][safepoint    ] Application time: 0.0056886 seconds
[2019-06-24T09:24:12.537+0000][1][safepoint    ] Entering safepoint region: Deoptimize
[2019-06-24T09:24:12.537+0000][1][safepoint    ] Leaving safepoint region
[2019-06-24T09:24:12.537+0000][1][safepoint    ] Total time for which application threads were stopped: 0.0001910 seconds, Stopping threads took: 0.0000094 seconds
[2019-06-24T09:24:12.610+0000][1][safepoint    ] Application time: 0.0725701 seconds
[2019-06-24T09:24:12.610+0000][1][safepoint    ] Entering safepoint region: GenCollectForAllocation
[2019-06-24T09:24:12.610+0000][1][gc,start     ] GC(0) Pause Young (Allocation Failure)
[2019-06-24T09:24:12.611+0000][1][gc,task      ] GC(0) Using 5 workers of 8 for evacuation
[2019-06-24T09:24:12.617+0000][1][gc,age       ] GC(0) Desired survivor size 4456448 bytes, new threshold 1 (max threshold 6)
[2019-06-24T09:24:12.617+0000][1][gc,age       ] GC(0) Age table with threshold 1 (max threshold 6)
[2019-06-24T09:24:12.617+0000][1][gc,age       ] GC(0) - age   1:    7818992 bytes,    7818992 total
[2019-06-24T09:24:12.617+0000][1][gc,heap      ] GC(0) ParNew: 69952K->7742K(78656K)
[2019-06-24T09:24:12.617+0000][1][gc,heap      ] GC(0) CMS: 0K->0K(174784K)
[2019-06-24T09:24:12.617+0000][1][gc,metaspace ] GC(0) Metaspace: 12106K->12106K(1060864K)
[2019-06-24T09:24:12.617+0000][1][gc           ] GC(0) Pause Young (Allocation Failure) 68M->7M(247M) 6.989ms
[2019-06-24T09:24:12.617+0000][1][gc,cpu       ] GC(0) User=0.04s Sys=0.00s Real=0.01s
[2019-06-24T09:24:12.617+0000][1][safepoint    ] Leaving safepoint region
[2019-06-24T09:24:12.617+0000][1][safepoint    ] Total time for which application threads were stopped: 0.0071201 seconds, Stopping threads took: 0.0000162 seconds
[2019-06-24T09:24:12.617+0000][1][safepoint    ] Application time: 0.0003292 seconds
[2019-06-24T09:24:12.617+0000][1][safepoint    ] Entering safepoint region: RevokeBias
[2019-06-24T09:24:12.617+0000][1][safepoint    ] Leaving safepoint region
[2019-06-24T09:24:12.617+0000][1][safepoint    ] Total time for which application threads were stopped: 0.0001418 seconds, Stopping threads took: 0.0001017 seconds
[2019-06-24T09:24:12.617+0000][1][safepoint    ] Application time: 0.0000390 seconds
[2019-06-24T09:24:12.617+0000][1][safepoint    ] Entering safepoint region: RevokeBias
[2019-06-24T09:24:12.617+0000][1][safepoint    ] Leaving safepoint region
[2019-06-24T09:24:12.618+0000][1][safepoint    ] Total time for which application threads were stopped: 0.0000666 seconds, Stopping threads took: 0.0000441 seconds
[2019-06-24T09:24:12.618+0000][1][safepoint    ] Application time: 0.0000404 seconds
[2019-06-24T09:24:12.618+0000][1][safepoint    ] Entering safepoint region: RevokeBias
[2019-06-24T09:24:12.618+0000][1][safepoint    ] Leaving safepoint region
[2019-06-24T09:24:12.618+0000][1][safepoint    ] Total time for which application threads were stopped: 0.0000257 seconds, Stopping threads took: 0.0000060 seconds
[2019-06-24T09:24:12.618+0000][1][safepoint    ] Application time: 0.0000301 seconds
[2019-06-24T09:24:12.618+0000][1][safepoint    ] Entering safepoint region: RevokeBias
[2019-06-24T09:24:12.618+0000][1][safepoint    ] Leaving safepoint region
[2019-06-24T09:24:12.618+0000][1][safepoint    ] Total time for which application threads were stopped: 0.0000367 seconds, Stopping threads took: 0.0000168 seconds
[2019-06-24T09:24:12.618+0000][1][safepoint    ] Application time: 0.0000343 seconds
[2019-06-24T09:24:12.618+0000][1][safepoint    ] Entering safepoint region: RevokeBias
[2019-06-24T09:24:12.618+0000][1][safepoint    ] Leaving safepoint region
[2019-06-24T09:24:12.618+0000][1][safepoint    ] Total time for which application threads were stopped: 0.0000258 seconds, Stopping threads took: 0.0000058 seconds
[2019-06-24T09:24:12.618+0000][1][safepoint    ] Application time: 0.0000303 seconds
[2019-06-24T09:24:12.618+0000][1][safepoint    ] Entering safepoint region: RevokeBias
[2019-06-24T09:24:12.618+0000][1][safepoint    ] Leaving safepoint region
[2019-06-24T09:24:12.618+0000][1][safepoint    ] Total time for which application threads were stopped: 0.0000401 seconds, Stopping threads took: 0.0000214 seconds
[2019-06-24T09:24:12.618+0000][1][safepoint    ] Application time: 0.0000357 seconds
[2019-06-24T09:24:12.618+0000][1][safepoint    ] Entering safepoint region: RevokeBias
[2019-06-24T09:24:12.618+0000][1][safepoint    ] Leaving safepoint region
[2019-06-24T09:24:12.618+0000][1][safepoint    ] Total time for which application threads were stopped: 0.0000244 seconds, Stopping threads took: 0.0000058 seconds
[2019-06-24T09:24:12.618+0000][1][safepoint    ] Application time: 0.0000314 seconds
[2019-06-24T09:24:12.618+0000][1][safepoint    ] Entering safepoint region: RevokeBias
[2019-06-24T09:24:12.618+0000][1][safepoint    ] Leaving safepoint region
[2019-06-24T09:24:12.618+0000][1][safepoint    ] Total time for which application threads were stopped: 0.0000240 seconds, Stopping threads took: 0.0000057 seconds
[2019-06-24T09:24:12.618+0000][1][safepoint    ] Application time: 0.0000707 seconds
[2019-06-24T09:24:12.618+0000][1][safepoint    ] Entering safepoint region: RevokeBias
[2019-06-24T09:24:12.618+0000][1][safepoint    ] Leaving safepoint region
[2019-06-24T09:24:12.618+0000][1][safepoint    ] Total time for which application threads were stopped: 0.0000619 seconds, Stopping threads took: 0.0000406 seconds
[2019-06-24T09:24:12.618+0000][1][safepoint    ] Application time: 0.0000314 seconds
[2019-06-24T09:24:12.618+0000][1][safepoint    ] Entering safepoint region: RevokeBias
[2019-06-24T09:24:12.618+0000][1][safepoint    ] Leaving safepoint region
[2019-06-24T09:24:12.618+0000][1][safepoint    ] Total time for which application threads were stopped: 0.0000405 seconds, Stopping threads took: 0.0000212 seconds
[2019-06-24T09:24:12.618+0000][1][safepoint    ] Application time: 0.0000359 seconds
[2019-06-24T09:24:12.618+0000][1][safepoint    ] Entering safepoint region: RevokeBias
[2019-06-24T09:24:12.618+0000][1][safepoint    ] Leaving safepoint region
[2019-06-24T09:24:12.618+0000][1][safepoint    ] Total time for which application threads were stopped: 0.0000660 seconds, Stopping threads took: 0.0000444 seconds
[2019-06-24T09:24:12.618+0000][1][safepoint    ] Application time: 0.0000314 seconds
[2019-06-24T09:24:12.618+0000][1][safepoint    ] Entering safepoint region: RevokeBias
[2019-06-24T09:24:12.618+0000][1][safepoint    ] Leaving safepoint region
[2019-06-24T09:24:12.618+0000][1][safepoint    ] Total time for which application threads were stopped: 0.0000605 seconds, Stopping threads took: 0.0000401 seconds
[2019-06-24T09:24:12.619+0000][1][safepoint    ] Application time: 0.0001672 seconds
[2019-06-24T09:24:12.619+0000][1][safepoint    ] Entering safepoint region: RevokeBias
[2019-06-24T09:24:12.619+0000][1][safepoint    ] Leaving safepoint region
[2019-06-24T09:24:12.619+0000][1][safepoint    ] Total time for which application threads were stopped: 0.0000715 seconds, Stopping threads took: 0.0000352 seconds
[2019-06-24T09:24:12.619+0000][1][safepoint    ] Application time: 0.0000647 seconds
[2019-06-24T09:24:12.619+0000][1][safepoint    ] Entering safepoint region: RevokeBias
[2019-06-24T09:24:12.619+0000][1][safepoint    ] Leaving safepoint region
[2019-06-24T09:24:12.619+0000][1][safepoint    ] Total time for which application threads were stopped: 0.0000665 seconds, Stopping threads took: 0.0000383 seconds
[2019-06-24T09:24:12.619+0000][1][safepoint    ] Application time: 0.0000476 seconds
[2019-06-24T09:24:12.619+0000][1][safepoint    ] Entering safepoint region: RevokeBias
[2019-06-24T09:24:12.619+0000][1][safepoint    ] Leaving safepoint region
[2019-06-24T09:24:12.619+0000][1][safepoint    ] Total time for which application threads were stopped: 0.0000500 seconds, Stopping threads took: 0.0000224 seconds
[2019-06-24T09:24:12.619+0000][1][safepoint    ] Application time: 0.0000386 seconds
[2019-06-24T09:24:12.619+0000][1][safepoint    ] Entering safepoint region: RevokeBias
[2019-06-24T09:24:12.619+0000][1][safepoint    ] Leaving safepoint region
[2019-06-24T09:24:12.619+0000][1][safepoint    ] Total time for which application threads were stopped: 0.0000598 seconds, Stopping threads took: 0.0000370 seconds
[2019-06-24T09:24:12.619+0000][1][safepoint    ] Application time: 0.0002303 seconds
[2019-06-24T09:24:12.619+0000][1][safepoint    ] Entering safepoint region: RevokeBias
[2019-06-24T09:24:12.619+0000][1][safepoint    ] Leaving safepoint region
[2019-06-24T09:24:12.619+0000][1][safepoint    ] Total time for which application threads were stopped: 0.0000648 seconds, Stopping threads took: 0.0000323 seconds
[2019-06-24T09:24:12.619+0000][1][safepoint    ] Application time: 0.0000426 seconds
[2019-06-24T09:24:12.619+0000][1][safepoint    ] Entering safepoint region: RevokeBias
[2019-06-24T09:24:12.619+0000][1][safepoint    ] Leaving safepoint region
[2019-06-24T09:24:12.619+0000][1][safepoint    ] Total time for which application threads were stopped: 0.0000432 seconds, Stopping threads took: 0.0000200 seconds
[2019-06-24T09:24:12.620+0000][1][safepoint    ] Application time: 0.0000833 seconds
[2019-06-24T09:24:12.620+0000][1][safepoint    ] Entering safepoint region: RevokeBias
[2019-06-24T09:24:12.620+0000][1][safepoint    ] Leaving safepoint region
[2019-06-24T09:24:12.620+0000][1][safepoint    ] Total time for which application threads were stopped: 0.0000582 seconds, Stopping threads took: 0.0000292 seconds
[2019-06-24T09:24:12.620+0000][1][safepoint    ] Application time: 0.0000406 seconds
[2019-06-24T09:24:12.620+0000][1][safepoint    ] Entering safepoint region: RevokeBias
[2019-06-24T09:24:12.620+0000][1][safepoint    ] Leaving safepoint region
[2019-06-24T09:24:12.620+0000][1][safepoint    ] Total time for which application threads were stopped: 0.0000515 seconds, Stopping threads took: 0.0000263 seconds
[2019-06-24T09:24:12.620+0000][1][safepoint    ] Application time: 0.0000528 seconds
[2019-06-24T09:24:12.620+0000][1][safepoint    ] Entering safepoint region: RevokeBias
[2019-06-24T09:24:12.620+0000][1][safepoint    ] Leaving safepoint region
[2019-06-24T09:24:12.620+0000][1][safepoint    ] Total time for which application threads were stopped: 0.0000531 seconds, Stopping threads took: 0.0000272 seconds
[2019-06-24T09:24:12.620+0000][1][safepoint    ] Application time: 0.0000367 seconds
[2019-06-24T09:24:12.620+0000][1][safepoint    ] Entering safepoint region: RevokeBias
[2019-06-24T09:24:12.620+0000][1][safepoint    ] Leaving safepoint region
[2019-06-24T09:24:12.620+0000][1][safepoint    ] Total time for which application threads were stopped: 0.0000682 seconds, Stopping threads took: 0.0000264 seconds
[2019-06-24T09:24:12.620+0000][1][safepoint    ] Application time: 0.0000448 seconds
[2019-06-24T09:24:12.620+0000][1][safepoint    ] Entering safepoint region: RevokeBias
[2019-06-24T09:24:12.620+0000][1][safepoint    ] Leaving safepoint region
[2019-06-24T09:24:12.620+0000][1][safepoint    ] Total time for which application threads were stopped: 0.0000442 seconds, Stopping threads took: 0.0000232 seconds
[2019-06-24T09:24:12.620+0000][1][safepoint    ] Application time: 0.0000374 seconds
[2019-06-24T09:24:12.620+0000][1][safepoint    ] Entering safepoint region: RevokeBias
[2019-06-24T09:24:12.620+0000][1][safepoint    ] Leaving safepoint region
[2019-06-24T09:24:12.620+0000][1][safepoint    ] Total time for which application threads were stopped: 0.0000579 seconds, Stopping threads took: 0.0000355 seconds
[2019-06-24T09:24:12.620+0000][1][safepoint    ] Application time: 0.0000821 seconds
[2019-06-24T09:24:12.620+0000][1][safepoint    ] Entering safepoint region: RevokeBias
[2019-06-24T09:24:12.620+0000][1][safepoint    ] Leaving safepoint region
[2019-06-24T09:24:12.620+0000][1][safepoint    ] Total time for which application threads were stopped: 0.0001153 seconds, Stopping threads took: 0.0000811 seconds
[2019-06-24T09:24:12.620+0000][1][safepoint    ] Application time: 0.0000396 seconds
[2019-06-24T09:24:12.621+0000][1][safepoint    ] Entering safepoint region: RevokeBias
[2019-06-24T09:24:12.621+0000][1][safepoint    ] Leaving safepoint region
[2019-06-24T09:24:12.621+0000][1][safepoint    ] Total time for which application threads were stopped: 0.0000709 seconds, Stopping threads took: 0.0000429 seconds
[2019-06-24T09:24:12.805+0000][1][safepoint    ] Application time: 0.1840120 seconds
[2019-06-24T09:24:12.805+0000][1][safepoint    ] Entering safepoint region: Deoptimize
[2019-06-24T09:24:12.805+0000][1][safepoint    ] Leaving safepoint region
[2019-06-24T09:24:12.805+0000][1][safepoint    ] Total time for which application threads were stopped: 0.0003567 seconds, Stopping threads took: 0.0000162 seconds
[2019-06-24T09:24:12.930+0000][1][safepoint    ] Application time: 0.1250116 seconds
[2019-06-24T09:24:12.930+0000][1][safepoint    ] Entering safepoint region: RevokeBias
[2019-06-24T09:24:12.930+0000][1][safepoint    ] Leaving safepoint region
[2019-06-24T09:24:12.930+0000][1][safepoint    ] Total time for which application threads were stopped: 0.0001337 seconds, Stopping threads took: 0.0000129 seconds
[2019-06-24T09:24:13.006+0000][1][safepoint    ] Application time: 0.0758455 seconds
[2019-06-24T09:24:13.006+0000][1][safepoint    ] Entering safepoint region: RevokeBias
[2019-06-24T09:24:13.006+0000][1][safepoint    ] Leaving safepoint region
[2019-06-24T09:24:13.006+0000][1][safepoint    ] Total time for which application threads were stopped: 0.0001022 seconds, Stopping threads took: 0.0000257 seconds
[2019-06-24T09:24:13.009+0000][1][safepoint    ] Application time: 0.0032241 seconds
[2019-06-24T09:24:13.009+0000][1][safepoint    ] Entering safepoint region: RevokeBias
[2019-06-24T09:24:13.009+0000][1][safepoint    ] Leaving safepoint region
[2019-06-24T09:24:13.009+0000][1][safepoint    ] Total time for which application threads were stopped: 0.0000779 seconds, Stopping threads took: 0.0000155 seconds
[2019-06-24T09:24:13.012+0000][1][safepoint    ] Application time: 0.0022943 seconds
[2019-06-24T09:24:13.012+0000][1][safepoint    ] Entering safepoint region: RevokeBias
[2019-06-24T09:24:13.012+0000][1][safepoint    ] Leaving safepoint region
[2019-06-24T09:24:13.012+0000][1][safepoint    ] Total time for which application threads were stopped: 0.0000753 seconds, Stopping threads took: 0.0000151 seconds
[2019-06-24T09:24:13.031+0000][1][safepoint    ] Application time: 0.0193815 seconds
[2019-06-24T09:24:13.031+0000][1][safepoint    ] Entering safepoint region: GenCollectForAllocation
[2019-06-24T09:24:13.031+0000][1][gc,start     ] GC(1) Pause Young (Allocation Failure)
[2019-06-24T09:24:13.031+0000][1][gc,task      ] GC(1) Using 5 workers of 8 for evacuation
[2019-06-24T09:24:13.044+0000][1][gc,age       ] GC(1) Desired survivor size 4456448 bytes, new threshold 6 (max threshold 6)
[2019-06-24T09:24:13.044+0000][1][gc,age       ] GC(1) Age table with threshold 6 (max threshold 6)
[2019-06-24T09:24:13.044+0000][1][gc,age       ] GC(1) - age   1:    2012888 bytes,    2012888 total
[2019-06-24T09:24:13.044+0000][1][gc,heap      ] GC(1) ParNew: 77694K->5075K(78656K)
[2019-06-24T09:24:13.044+0000][1][gc,heap      ] GC(1) CMS: 0K->6676K(174784K)
[2019-06-24T09:24:13.044+0000][1][gc,metaspace ] GC(1) Metaspace: 14733K->14733K(1062912K)
[2019-06-24T09:24:13.044+0000][1][gc           ] GC(1) Pause Young (Allocation Failure) 75M->11M(247M) 12.575ms
[2019-06-24T09:24:13.044+0000][1][gc,cpu       ] GC(1) User=0.08s Sys=0.00s Real=0.02s
[2019-06-24T09:24:13.044+0000][1][safepoint    ] Leaving safepoint region
[2019-06-24T09:24:13.044+0000][1][safepoint    ] Total time for which application threads were stopped: 0.0127013 seconds, Stopping threads took: 0.0000169 seconds
[2019-06-24T09:24:13.044+0000][1][safepoint    ] Application time: 0.0001941 seconds
[2019-06-24T09:24:13.044+0000][1][safepoint    ] Entering safepoint region: RevokeBias
[2019-06-24T09:24:13.044+0000][1][safepoint    ] Leaving safepoint region
[2019-06-24T09:24:13.044+0000][1][safepoint    ] Total time for which application threads were stopped: 0.0000976 seconds, Stopping threads took: 0.0000120 seconds
[2019-06-24T09:24:13.044+0000][1][safepoint    ] Application time: 0.0000442 seconds
[2019-06-24T09:24:13.044+0000][1][safepoint    ] Entering safepoint region: RevokeBias
[2019-06-24T09:24:13.044+0000][1][safepoint    ] Leaving safepoint region
[2019-06-24T09:24:13.045+0000][1][safepoint    ] Total time for which application threads were stopped: 0.0000844 seconds, Stopping threads took: 0.0000550 seconds
[2019-06-24T09:24:13.045+0000][1][safepoint    ] Application time: 0.0000503 seconds
[2019-06-24T09:24:13.045+0000][1][safepoint    ] Entering safepoint region: RevokeBias
[2019-06-24T09:24:13.045+0000][1][safepoint    ] Leaving safepoint region
[2019-06-24T09:24:13.045+0000][1][safepoint    ] Total time for which application threads were stopped: 0.0000286 seconds, Stopping threads took: 0.0000058 seconds
[2019-06-24T09:24:13.045+0000][1][safepoint    ] Application time: 0.0000669 seconds
[2019-06-24T09:24:13.045+0000][1][safepoint    ] Entering safepoint region: RevokeBias
[2019-06-24T09:24:13.045+0000][1][safepoint    ] Leaving safepoint region
[2019-06-24T09:24:13.045+0000][1][safepoint    ] Total time for which application threads were stopped: 0.0000580 seconds, Stopping threads took: 0.0000250 seconds
[2019-06-24T09:24:13.045+0000][1][safepoint    ] Application time: 0.0000743 seconds
[2019-06-24T09:24:13.045+0000][1][safepoint    ] Entering safepoint region: RevokeBias
[2019-06-24T09:24:13.045+0000][1][safepoint    ] Leaving safepoint region
[2019-06-24T09:24:13.045+0000][1][safepoint    ] Total time for which application threads were stopped: 0.0000934 seconds, Stopping threads took: 0.0000304 seconds
[2019-06-24T09:24:13.045+0000][1][safepoint    ] Application time: 0.0000666 seconds
[2019-06-24T09:24:13.045+0000][1][safepoint    ] Entering safepoint region: RevokeBias
[2019-06-24T09:24:13.045+0000][1][safepoint    ] Leaving safepoint region
[2019-06-24T09:24:13.045+0000][1][safepoint    ] Total time for which application threads were stopped: 0.0001090 seconds, Stopping threads took: 0.0000604 seconds
[2019-06-24T09:24:13.045+0000][1][safepoint    ] Application time: 0.0000837 seconds
[2019-06-24T09:24:13.045+0000][1][safepoint    ] Entering safepoint region: RevokeBias
[2019-06-24T09:24:13.045+0000][1][safepoint    ] Leaving safepoint region
[2019-06-24T09:24:13.045+0000][1][safepoint    ] Total time for which application threads were stopped: 0.0000988 seconds, Stopping threads took: 0.0000422 seconds
[2019-06-24T09:24:13.045+0000][1][safepoint    ] Application time: 0.0000576 seconds
[2019-06-24T09:24:13.045+0000][1][safepoint    ] Entering safepoint region: RevokeBias
[2019-06-24T09:24:13.045+0000][1][safepoint    ] Leaving safepoint region
[2019-06-24T09:24:13.046+0000][1][safepoint    ] Total time for which application threads were stopped: 0.0001154 seconds, Stopping threads took: 0.0000846 seconds
[2019-06-24T09:24:13.046+0000][1][safepoint    ] Application time: 0.0000631 seconds
[2019-06-24T09:24:13.046+0000][1][safepoint    ] Entering safepoint region: RevokeBias
[2019-06-24T09:24:13.046+0000][1][safepoint    ] Leaving safepoint region
[2019-06-24T09:24:13.046+0000][1][safepoint    ] Total time for which application threads were stopped: 0.0000932 seconds, Stopping threads took: 0.0000558 seconds
[2019-06-24T09:24:13.046+0000][1][safepoint    ] Application time: 0.0000325 seconds
[2019-06-24T09:24:13.046+0000][1][safepoint    ] Entering safepoint region: RevokeBias
[2019-06-24T09:24:13.046+0000][1][safepoint    ] Leaving safepoint region
[2019-06-24T09:24:13.046+0000][1][safepoint    ] Total time for which application threads were stopped: 0.0000628 seconds, Stopping threads took: 0.0000296 seconds
[2019-06-24T09:24:13.046+0000][1][safepoint    ] Application time: 0.0000404 seconds
[2019-06-24T09:24:13.046+0000][1][safepoint    ] Entering safepoint region: BulkRevokeBias
[2019-06-24T09:24:13.046+0000][1][safepoint    ] Leaving safepoint region
[2019-06-24T09:24:13.046+0000][1][safepoint    ] Total time for which application threads were stopped: 0.0000842 seconds, Stopping threads took: 0.0000381 seconds
[2019-06-24T09:24:13.046+0000][1][safepoint    ] Application time: 0.0000333 seconds
[2019-06-24T09:24:13.046+0000][1][safepoint    ] Entering safepoint region: RevokeBias
[2019-06-24T09:24:13.046+0000][1][safepoint    ] Leaving safepoint region
[2019-06-24T09:24:13.046+0000][1][safepoint    ] Total time for which application threads were stopped: 0.0000509 seconds, Stopping threads took: 0.0000090 seconds
[2019-06-24T09:24:13.046+0000][1][safepoint    ] Application time: 0.0000371 seconds
[2019-06-24T09:24:13.046+0000][1][safepoint    ] Entering safepoint region: BulkRevokeBias
[2019-06-24T09:24:13.046+0000][1][safepoint    ] Leaving safepoint region
[2019-06-24T09:24:13.046+0000][1][safepoint    ] Total time for which application threads were stopped: 0.0000787 seconds, Stopping threads took: 0.0000328 seconds
[2019-06-24T09:24:13.166+0000][1][safepoint    ] Application time: 0.1201080 seconds
[2019-06-24T09:24:13.166+0000][1][safepoint    ] Entering safepoint region: GenCollectForAllocation
[2019-06-24T09:24:13.166+0000][1][gc,start     ] GC(2) Pause Young (Allocation Failure)
[2019-06-24T09:24:13.166+0000][1][gc,task      ] GC(2) Using 5 workers of 8 for evacuation
[2019-06-24T09:24:13.170+0000][1][gc,age       ] GC(2) Desired survivor size 4456448 bytes, new threshold 6 (max threshold 6)
[2019-06-24T09:24:13.170+0000][1][gc,age       ] GC(2) Age table with threshold 6 (max threshold 6)
[2019-06-24T09:24:13.170+0000][1][gc,age       ] GC(2) - age   1:    2732552 bytes,    2732552 total
[2019-06-24T09:24:13.170+0000][1][gc,age       ] GC(2) - age   2:    1207896 bytes,    3940448 total
[2019-06-24T09:24:13.170+0000][1][gc,heap      ] GC(2) ParNew: 75027K->4704K(78656K)
[2019-06-24T09:24:13.170+0000][1][gc,heap      ] GC(2) CMS: 6676K->6676K(174784K)
[2019-06-24T09:24:13.170+0000][1][gc,metaspace ] GC(2) Metaspace: 14864K->14864K(1062912K)
[2019-06-24T09:24:13.170+0000][1][gc           ] GC(2) Pause Young (Allocation Failure) 79M->11M(247M) 3.427ms
[2019-06-24T09:24:13.170+0000][1][gc,cpu       ] GC(2) User=0.01s Sys=0.01s Real=0.00s
[2019-06-24T09:24:13.170+0000][1][safepoint    ] Leaving safepoint region
[2019-06-24T09:24:13.170+0000][1][safepoint    ] Total time for which application threads were stopped: 0.0035656 seconds, Stopping threads took: 0.0000131 seconds
[2019-06-24T09:24:13.170+0000][1][safepoint    ] Application time: 0.0001681 seconds
[2019-06-24T09:24:13.170+0000][1][safepoint    ] Entering safepoint region: RevokeBias
[2019-06-24T09:24:13.170+0000][1][safepoint    ] Leaving safepoint region
[2019-06-24T09:24:13.170+0000][1][safepoint    ] Total time for which application threads were stopped: 0.0001286 seconds, Stopping threads took: 0.0000845 seconds
[2019-06-24T09:24:13.170+0000][1][safepoint    ] Application time: 0.0000917 seconds
[2019-06-24T09:24:13.170+0000][1][safepoint    ] Entering safepoint region: RevokeBias
[2019-06-24T09:24:13.170+0000][1][safepoint    ] Leaving safepoint region
[2019-06-24T09:24:13.170+0000][1][safepoint    ] Total time for which application threads were stopped: 0.0000563 seconds, Stopping threads took: 0.0000121 seconds
[2019-06-24T09:24:13.170+0000][1][safepoint    ] Application time: 0.0000575 seconds
[2019-06-24T09:24:13.170+0000][1][safepoint    ] Entering safepoint region: RevokeBias
[2019-06-24T09:24:13.171+0000][1][safepoint    ] Leaving safepoint region
[2019-06-24T09:24:13.171+0000][1][safepoint    ] Total time for which application threads were stopped: 0.0000820 seconds, Stopping threads took: 0.0000176 seconds
[2019-06-24T09:24:13.171+0000][1][safepoint    ] Application time: 0.0001157 seconds
[2019-06-24T09:24:13.171+0000][1][safepoint    ] Entering safepoint region: RevokeBias
[2019-06-24T09:24:13.171+0000][1][safepoint    ] Leaving safepoint region
[2019-06-24T09:24:13.171+0000][1][safepoint    ] Total time for which application threads were stopped: 0.0001888 seconds, Stopping threads took: 0.0001392 seconds
[2019-06-24T09:24:13.171+0000][1][safepoint    ] Application time: 0.0000878 seconds
[2019-06-24T09:24:13.171+0000][1][safepoint    ] Entering safepoint region: RevokeBias
[2019-06-24T09:24:13.171+0000][1][safepoint    ] Leaving safepoint region
[2019-06-24T09:24:13.171+0000][1][safepoint    ] Total time for which application threads were stopped: 0.0000895 seconds, Stopping threads took: 0.0000478 seconds
[2019-06-24T09:24:13.171+0000][1][safepoint    ] Application time: 0.0000798 seconds
[2019-06-24T09:24:13.171+0000][1][safepoint    ] Entering safepoint region: RevokeBias
[2019-06-24T09:24:13.171+0000][1][safepoint    ] Leaving safepoint region
[2019-06-24T09:24:13.171+0000][1][safepoint    ] Total time for which application threads were stopped: 0.0000700 seconds, Stopping threads took: 0.0000430 seconds
[2019-06-24T09:24:13.298+0000][1][safepoint    ] Application time: 0.1267815 seconds
[2019-06-24T09:24:13.298+0000][1][safepoint    ] Entering safepoint region: Deoptimize
[2019-06-24T09:24:13.298+0000][1][safepoint    ] Leaving safepoint region
[2019-06-24T09:24:13.298+0000][1][safepoint    ] Total time for which application threads were stopped: 0.0003647 seconds, Stopping threads took: 0.0000180 seconds
[2019-06-24T09:24:13.299+0000][1][safepoint    ] Application time: 0.0004506 seconds
[2019-06-24T09:24:13.299+0000][1][safepoint    ] Entering safepoint region: Deoptimize
[2019-06-24T09:24:13.299+0000][1][safepoint    ] Leaving safepoint region
[2019-06-24T09:24:13.299+0000][1][safepoint    ] Total time for which application threads were stopped: 0.0002772 seconds, Stopping threads took: 0.0000120 seconds
[2019-06-24T09:24:13.467+0000][1][safepoint    ] Application time: 0.1677854 seconds
[2019-06-24T09:24:13.467+0000][1][safepoint    ] Entering safepoint region: RevokeBias
[2019-06-24T09:24:13.467+0000][1][safepoint    ] Leaving safepoint region
[2019-06-24T09:24:13.467+0000][1][safepoint    ] Total time for which application threads were stopped: 0.0001248 seconds, Stopping threads took: 0.0000166 seconds
[2019-06-24T09:24:13.472+0000][1][safepoint    ] Application time: 0.0048668 seconds
[2019-06-24T09:24:13.472+0000][1][safepoint    ] Entering safepoint region: GenCollectForAllocation
[2019-06-24T09:24:13.472+0000][1][gc,start     ] GC(3) Pause Young (Allocation Failure)
[2019-06-24T09:24:13.472+0000][1][gc,task      ] GC(3) Using 5 workers of 8 for evacuation
[2019-06-24T09:24:13.475+0000][1][gc,age       ] GC(3) Desired survivor size 4456448 bytes, new threshold 3 (max threshold 6)
[2019-06-24T09:24:13.475+0000][1][gc,age       ] GC(3) Age table with threshold 3 (max threshold 6)
[2019-06-24T09:24:13.475+0000][1][gc,age       ] GC(3) - age   1:    3623336 bytes,    3623336 total
[2019-06-24T09:24:13.475+0000][1][gc,age       ] GC(3) - age   2:     318696 bytes,    3942032 total
[2019-06-24T09:24:13.475+0000][1][gc,age       ] GC(3) - age   3:    1204776 bytes,    5146808 total
[2019-06-24T09:24:13.475+0000][1][gc,heap      ] GC(3) ParNew: 74656K->6549K(78656K)
[2019-06-24T09:24:13.475+0000][1][gc,heap      ] GC(3) CMS: 6676K->6676K(174784K)
[2019-06-24T09:24:13.475+0000][1][gc,metaspace ] GC(3) Metaspace: 18320K->18320K(1067008K)
[2019-06-24T09:24:13.475+0000][1][gc           ] GC(3) Pause Young (Allocation Failure) 79M->12M(247M) 3.055ms
[2019-06-24T09:24:13.475+0000][1][gc,cpu       ] GC(3) User=0.02s Sys=0.00s Real=0.01s
[2019-06-24T09:24:13.475+0000][1][safepoint    ] Leaving safepoint region
[2019-06-24T09:24:13.475+0000][1][safepoint    ] Total time for which application threads were stopped: 0.0031937 seconds, Stopping threads took: 0.0000429 seconds
[2019-06-24T09:24:13.475+0000][1][safepoint    ] Application time: 0.0002571 seconds
[2019-06-24T09:24:13.476+0000][1][safepoint    ] Entering safepoint region: RevokeBias
[2019-06-24T09:24:13.476+0000][1][safepoint    ] Leaving safepoint region
[2019-06-24T09:24:13.476+0000][1][safepoint    ] Total time for which application threads were stopped: 0.0001263 seconds, Stopping threads took: 0.0000447 seconds
[2019-06-24T09:24:13.476+0000][1][safepoint    ] Application time: 0.0000948 seconds
[2019-06-24T09:24:13.476+0000][1][safepoint    ] Entering safepoint region: RevokeBias
[2019-06-24T09:24:13.476+0000][1][safepoint    ] Leaving safepoint region
[2019-06-24T09:24:13.476+0000][1][safepoint    ] Total time for which application threads were stopped: 0.0004162 seconds, Stopping threads took: 0.0003729 seconds
[2019-06-24T09:24:13.476+0000][1][safepoint    ] Application time: 0.0001266 seconds
[2019-06-24T09:24:13.476+0000][1][safepoint    ] Entering safepoint region: RevokeBias
[2019-06-24T09:24:13.477+0000][1][safepoint    ] Leaving safepoint region
[2019-06-24T09:24:13.477+0000][1][safepoint    ] Total time for which application threads were stopped: 0.0001822 seconds, Stopping threads took: 0.0001380 seconds
[2019-06-24T09:24:13.477+0000][1][safepoint    ] Application time: 0.0000395 seconds
[2019-06-24T09:24:13.477+0000][1][safepoint    ] Entering safepoint region: RevokeBias
[2019-06-24T09:24:13.477+0000][1][safepoint    ] Leaving safepoint region
[2019-06-24T09:24:13.477+0000][1][safepoint    ] Total time for which application threads were stopped: 0.0000370 seconds, Stopping threads took: 0.0000064 seconds
[2019-06-24T09:24:13.477+0000][1][safepoint    ] Application time: 0.0000372 seconds
[2019-06-24T09:24:13.477+0000][1][safepoint    ] Entering safepoint region: RevokeBias
[2019-06-24T09:24:13.477+0000][1][safepoint    ] Leaving safepoint region
[2019-06-24T09:24:13.477+0000][1][safepoint    ] Total time for which application threads were stopped: 0.0000346 seconds, Stopping threads took: 0.0000061 seconds
[2019-06-24T09:24:13.477+0000][1][safepoint    ] Application time: 0.0000368 seconds
[2019-06-24T09:24:13.477+0000][1][safepoint    ] Entering safepoint region: RevokeBias
[2019-06-24T09:24:13.477+0000][1][safepoint    ] Leaving safepoint region
[2019-06-24T09:24:13.477+0000][1][safepoint    ] Total time for which application threads were stopped: 0.0000351 seconds, Stopping threads took: 0.0000060 seconds
[2019-06-24T09:24:13.477+0000][1][safepoint    ] Application time: 0.0001175 seconds
[2019-06-24T09:24:13.477+0000][1][safepoint    ] Entering safepoint region: RevokeBias
[2019-06-24T09:24:13.477+0000][1][safepoint    ] Leaving safepoint region
[2019-06-24T09:24:13.477+0000][1][safepoint    ] Total time for which application threads were stopped: 0.0001835 seconds, Stopping threads took: 0.0001178 seconds
[2019-06-24T09:24:13.477+0000][1][safepoint    ] Application time: 0.0000344 seconds
[2019-06-24T09:24:13.477+0000][1][safepoint    ] Entering safepoint region: RevokeBias
[2019-06-24T09:24:13.477+0000][1][safepoint    ] Leaving safepoint region
[2019-06-24T09:24:13.477+0000][1][safepoint    ] Total time for which application threads were stopped: 0.0001470 seconds, Stopping threads took: 0.0000987 seconds
[2019-06-24T09:24:13.477+0000][1][safepoint    ] Application time: 0.0000396 seconds
[2019-06-24T09:24:13.477+0000][1][safepoint    ] Entering safepoint region: RevokeBias
[2019-06-24T09:24:13.477+0000][1][safepoint    ] Leaving safepoint region
[2019-06-24T09:24:13.477+0000][1][safepoint    ] Total time for which application threads were stopped: 0.0000862 seconds, Stopping threads took: 0.0000469 seconds
[2019-06-24T09:24:13.477+0000][1][safepoint    ] Application time: 0.0000345 seconds
[2019-06-24T09:24:13.477+0000][1][safepoint    ] Entering safepoint region: RevokeBias
[2019-06-24T09:24:13.478+0000][1][safepoint    ] Leaving safepoint region
[2019-06-24T09:24:13.478+0000][1][safepoint    ] Total time for which application threads were stopped: 0.0000806 seconds, Stopping threads took: 0.0000328 seconds
[2019-06-24T09:24:13.478+0000][1][safepoint    ] Application time: 0.0001034 seconds
[2019-06-24T09:24:13.478+0000][1][safepoint    ] Entering safepoint region: RevokeBias
[2019-06-24T09:24:13.478+0000][1][safepoint    ] Leaving safepoint region
[2019-06-24T09:24:13.478+0000][1][safepoint    ] Total time for which application threads were stopped: 0.0001897 seconds, Stopping threads took: 0.0001176 seconds
[2019-06-24T09:24:13.478+0000][1][safepoint    ] Application time: 0.0000423 seconds
[2019-06-24T09:24:13.478+0000][1][safepoint    ] Entering safepoint region: RevokeBias
[2019-06-24T09:24:13.478+0000][1][safepoint    ] Leaving safepoint region
[2019-06-24T09:24:13.478+0000][1][safepoint    ] Total time for which application threads were stopped: 0.0000856 seconds, Stopping threads took: 0.0000242 seconds
[2019-06-24T09:24:13.478+0000][1][safepoint    ] Application time: 0.0000553 seconds
[2019-06-24T09:24:13.478+0000][1][safepoint    ] Entering safepoint region: RevokeBias
[2019-06-24T09:24:13.478+0000][1][safepoint    ] Leaving safepoint region
[2019-06-24T09:24:13.478+0000][1][safepoint    ] Total time for which application threads were stopped: 0.0000874 seconds, Stopping threads took: 0.0000443 seconds
[2019-06-24T09:24:13.478+0000][1][safepoint    ] Application time: 0.0000354 seconds
[2019-06-24T09:24:13.478+0000][1][safepoint    ] Entering safepoint region: RevokeBias
[2019-06-24T09:24:13.478+0000][1][safepoint    ] Leaving safepoint region
[2019-06-24T09:24:13.478+0000][1][safepoint    ] Total time for which application threads were stopped: 0.0000464 seconds, Stopping threads took: 0.0000066 seconds
[2019-06-24T09:24:13.478+0000][1][safepoint    ] Application time: 0.0000387 seconds
[2019-06-24T09:24:13.478+0000][1][safepoint    ] Entering safepoint region: RevokeBias
[2019-06-24T09:24:13.478+0000][1][safepoint    ] Leaving safepoint region
[2019-06-24T09:24:13.478+0000][1][safepoint    ] Total time for which application threads were stopped: 0.0000713 seconds, Stopping threads took: 0.0000361 seconds
[2019-06-24T09:24:13.478+0000][1][safepoint    ] Application time: 0.0000368 seconds
[2019-06-24T09:24:13.479+0000][1][safepoint    ] Entering safepoint region: RevokeBias
[2019-06-24T09:24:13.479+0000][1][safepoint    ] Leaving safepoint region
[2019-06-24T09:24:13.479+0000][1][safepoint    ] Total time for which application threads were stopped: 0.0001823 seconds, Stopping threads took: 0.0001492 seconds
[2019-06-24T09:24:13.479+0000][1][safepoint    ] Application time: 0.0000356 seconds
[2019-06-24T09:24:13.479+0000][1][safepoint    ] Entering safepoint region: RevokeBias
[2019-06-24T09:24:13.479+0000][1][safepoint    ] Leaving safepoint region
[2019-06-24T09:24:13.479+0000][1][safepoint    ] Total time for which application threads were stopped: 0.0000682 seconds, Stopping threads took: 0.0000349 seconds
[2019-06-24T09:24:13.479+0000][1][safepoint    ] Application time: 0.0000423 seconds
[2019-06-24T09:24:13.479+0000][1][safepoint    ] Entering safepoint region: RevokeBias
[2019-06-24T09:24:13.479+0000][1][safepoint    ] Leaving safepoint region
[2019-06-24T09:24:13.479+0000][1][safepoint    ] Total time for which application threads were stopped: 0.0000387 seconds, Stopping threads took: 0.0000101 seconds
[2019-06-24T09:24:13.479+0000][1][safepoint    ] Application time: 0.0000362 seconds
[2019-06-24T09:24:13.479+0000][1][safepoint    ] Entering safepoint region: RevokeBias
[2019-06-24T09:24:13.479+0000][1][safepoint    ] Leaving safepoint region
[2019-06-24T09:24:13.479+0000][1][safepoint    ] Total time for which application threads were stopped: 0.0000518 seconds, Stopping threads took: 0.0000252 seconds
[2019-06-24T09:24:13.479+0000][1][safepoint    ] Application time: 0.0000375 seconds
[2019-06-24T09:24:13.479+0000][1][safepoint    ] Entering safepoint region: RevokeBias
[2019-06-24T09:24:13.479+0000][1][safepoint    ] Leaving safepoint region
[2019-06-24T09:24:13.479+0000][1][safepoint    ] Total time for which application threads were stopped: 0.0001152 seconds, Stopping threads took: 0.0000724 seconds
[2019-06-24T09:24:13.479+0000][1][safepoint    ] Application time: 0.0000351 seconds
[2019-06-24T09:24:13.479+0000][1][safepoint    ] Entering safepoint region: RevokeBias
[2019-06-24T09:24:13.479+0000][1][safepoint    ] Leaving safepoint region
[2019-06-24T09:24:13.479+0000][1][safepoint    ] Total time for which application threads were stopped: 0.0001127 seconds, Stopping threads took: 0.0000709 seconds
[2019-06-24T09:24:13.571+0000][1][safepoint    ] Application time: 0.0919041 seconds
[2019-06-24T09:24:13.571+0000][1][safepoint    ] Entering safepoint region: GenCollectForAllocation
[2019-06-24T09:24:13.571+0000][1][gc,start     ] GC(4) Pause Young (Allocation Failure)
[2019-06-24T09:24:13.571+0000][1][gc,task      ] GC(4) Using 5 workers of 8 for evacuation
[2019-06-24T09:24:13.576+0000][1][gc,age       ] GC(4) Desired survivor size 4456448 bytes, new threshold 2 (max threshold 6)
[2019-06-24T09:24:13.576+0000][1][gc,age       ] GC(4) Age table with threshold 2 (max threshold 6)
[2019-06-24T09:24:13.576+0000][1][gc,age       ] GC(4) - age   1:    1677704 bytes,    1677704 total
[2019-06-24T09:24:13.576+0000][1][gc,age       ] GC(4) - age   2:    3304056 bytes,    4981760 total
[2019-06-24T09:24:13.576+0000][1][gc,age       ] GC(4) - age   3:     318168 bytes,    5299928 total
[2019-06-24T09:24:13.576+0000][1][gc,heap      ] GC(4) ParNew: 76501K->6427K(78656K)
[2019-06-24T09:24:13.576+0000][1][gc,heap      ] GC(4) CMS: 6676K->7870K(174784K)
[2019-06-24T09:24:13.576+0000][1][gc,metaspace ] GC(4) Metaspace: 18529K->18529K(1067008K)
[2019-06-24T09:24:13.576+0000][1][gc           ] GC(4) Pause Young (Allocation Failure) 81M->13M(247M) 4.856ms
[2019-06-24T09:24:13.576+0000][1][gc,cpu       ] GC(4) User=0.02s Sys=0.00s Real=0.01s
[2019-06-24T09:24:13.576+0000][1][safepoint    ] Leaving safepoint region
[2019-06-24T09:24:13.576+0000][1][safepoint    ] Total time for which application threads were stopped: 0.0050807 seconds, Stopping threads took: 0.0000630 seconds
[2019-06-24T09:24:13.576+0000][1][safepoint    ] Application time: 0.0001544 seconds
[2019-06-24T09:24:13.576+0000][1][safepoint    ] Entering safepoint region: RevokeBias
[2019-06-24T09:24:13.577+0000][1][safepoint    ] Leaving safepoint region
[2019-06-24T09:24:13.577+0000][1][safepoint    ] Total time for which application threads were stopped: 0.0000830 seconds, Stopping threads took: 0.0000158 seconds
[2019-06-24T09:24:13.577+0000][1][safepoint    ] Application time: 0.0000782 seconds
[2019-06-24T09:24:13.577+0000][1][safepoint    ] Entering safepoint region: RevokeBias
[2019-06-24T09:24:13.577+0000][1][safepoint    ] Leaving safepoint region
[2019-06-24T09:24:13.577+0000][1][safepoint    ] Total time for which application threads were stopped: 0.0001158 seconds, Stopping threads took: 0.0000494 seconds
[2019-06-24T09:24:13.577+0000][1][safepoint    ] Application time: 0.0000540 seconds
[2019-06-24T09:24:13.577+0000][1][safepoint    ] Entering safepoint region: RevokeBias
[2019-06-24T09:24:13.577+0000][1][safepoint    ] Leaving safepoint region
[2019-06-24T09:24:13.577+0000][1][safepoint    ] Total time for which application threads were stopped: 0.0000908 seconds, Stopping threads took: 0.0000325 seconds
[2019-06-24T09:24:13.577+0000][1][safepoint    ] Application time: 0.0000639 seconds
[2019-06-24T09:24:13.577+0000][1][safepoint    ] Entering safepoint region: RevokeBias
[2019-06-24T09:24:13.577+0000][1][safepoint    ] Leaving safepoint region
[2019-06-24T09:24:13.577+0000][1][safepoint    ] Total time for which application threads were stopped: 0.0000608 seconds, Stopping threads took: 0.0000101 seconds
[2019-06-24T09:24:13.602+0000][1][safepoint    ] Application time: 0.0246814 seconds
[2019-06-24T09:24:13.602+0000][1][safepoint    ] Entering safepoint region: Deoptimize
[2019-06-24T09:24:13.602+0000][1][safepoint    ] Leaving safepoint region
[2019-06-24T09:24:13.602+0000][1][safepoint    ] Total time for which application threads were stopped: 0.0003785 seconds, Stopping threads took: 0.0000163 seconds
[2019-06-24T09:24:13.649+0000][1][safepoint    ] Application time: 0.0472044 seconds
[2019-06-24T09:24:13.649+0000][1][safepoint    ] Entering safepoint region: Deoptimize
[2019-06-24T09:24:13.650+0000][1][safepoint    ] Leaving safepoint region
[2019-06-24T09:24:13.650+0000][1][safepoint    ] Total time for which application threads were stopped: 0.0003257 seconds, Stopping threads took: 0.0000181 seconds
[2019-06-24T09:24:13.654+0000][1][safepoint    ] Application time: 0.0042403 seconds
[2019-06-24T09:24:13.654+0000][1][safepoint    ] Entering safepoint region: RevokeBias
[2019-06-24T09:24:13.654+0000][1][safepoint    ] Leaving safepoint region
[2019-06-24T09:24:13.654+0000][1][safepoint    ] Total time for which application threads were stopped: 0.0000756 seconds, Stopping threads took: 0.0000154 seconds
[2019-06-24T09:24:13.753+0000][1][safepoint    ] Application time: 0.0990295 seconds
[2019-06-24T09:24:13.753+0000][1][safepoint    ] Entering safepoint region: GenCollectForAllocation
[2019-06-24T09:24:13.753+0000][1][gc,start     ] GC(5) Pause Young (Allocation Failure)
[2019-06-24T09:24:13.753+0000][1][gc,task      ] GC(5) Using 5 workers of 8 for evacuation
[2019-06-24T09:24:13.757+0000][1][gc,age       ] GC(5) Desired survivor size 4456448 bytes, new threshold 6 (max threshold 6)
[2019-06-24T09:24:13.757+0000][1][gc,age       ] GC(5) Age table with threshold 6 (max threshold 6)
[2019-06-24T09:24:13.757+0000][1][gc,age       ] GC(5) - age   1:    2736104 bytes,    2736104 total
[2019-06-24T09:24:13.757+0000][1][gc,age       ] GC(5) - age   2:     446280 bytes,    3182384 total
[2019-06-24T09:24:13.757+0000][1][gc,heap      ] GC(5) ParNew: 76379K->5909K(78656K)
[2019-06-24T09:24:13.757+0000][1][gc,heap      ] GC(5) CMS: 7870K->11439K(174784K)
[2019-06-24T09:24:13.757+0000][1][gc,metaspace ] GC(5) Metaspace: 18877K->18877K(1067008K)
[2019-06-24T09:24:13.757+0000][1][gc           ] GC(5) Pause Young (Allocation Failure) 82M->16M(247M) 4.099ms
[2019-06-24T09:24:13.757+0000][1][gc,cpu       ] GC(5) User=0.02s Sys=0.00s Real=0.01s
[2019-06-24T09:24:13.757+0000][1][safepoint    ] Leaving safepoint region
[2019-06-24T09:24:13.757+0000][1][safepoint    ] Total time for which application threads were stopped: 0.0042130 seconds, Stopping threads took: 0.0000124 seconds
[2019-06-24T09:24:13.758+0000][1][safepoint    ] Application time: 0.0002122 seconds
[2019-06-24T09:24:13.758+0000][1][safepoint    ] Entering safepoint region: RevokeBias
[2019-06-24T09:24:13.758+0000][1][safepoint    ] Leaving safepoint region
[2019-06-24T09:24:13.758+0000][1][safepoint    ] Total time for which application threads were stopped: 0.0000845 seconds, Stopping threads took: 0.0000446 seconds
[2019-06-24T09:24:13.758+0000][1][safepoint    ] Application time: 0.0001222 seconds
[2019-06-24T09:24:13.758+0000][1][safepoint    ] Entering safepoint region: RevokeBias
[2019-06-24T09:24:13.758+0000][1][safepoint    ] Leaving safepoint region
[2019-06-24T09:24:13.758+0000][1][safepoint    ] Total time for which application threads were stopped: 0.0000635 seconds, Stopping threads took: 0.0000316 seconds
[2019-06-24T09:24:13.758+0000][1][safepoint    ] Application time: 0.0001281 seconds
[2019-06-24T09:24:13.758+0000][1][safepoint    ] Entering safepoint region: RevokeBias
[2019-06-24T09:24:13.758+0000][1][safepoint    ] Leaving safepoint region
[2019-06-24T09:24:13.758+0000][1][safepoint    ] Total time for which application threads were stopped: 0.0000630 seconds, Stopping threads took: 0.0000319 seconds
[2019-06-24T09:24:13.758+0000][1][safepoint    ] Application time: 0.0000852 seconds
[2019-06-24T09:24:13.758+0000][1][safepoint    ] Entering safepoint region: RevokeBias
[2019-06-24T09:24:13.758+0000][1][safepoint    ] Leaving safepoint region
[2019-06-24T09:24:13.758+0000][1][safepoint    ] Total time for which application threads were stopped: 0.0000794 seconds, Stopping threads took: 0.0000300 seconds
[2019-06-24T09:24:13.758+0000][1][safepoint    ] Application time: 0.0000757 seconds
[2019-06-24T09:24:13.759+0000][1][safepoint    ] Entering safepoint region: RevokeBias
[2019-06-24T09:24:13.759+0000][1][safepoint    ] Leaving safepoint region
[2019-06-24T09:24:13.759+0000][1][safepoint    ] Total time for which application threads were stopped: 0.0001053 seconds, Stopping threads took: 0.0000645 seconds
[2019-06-24T09:24:13.759+0000][1][safepoint    ] Application time: 0.0000684 seconds
[2019-06-24T09:24:13.759+0000][1][safepoint    ] Entering safepoint region: RevokeBias
[2019-06-24T09:24:13.759+0000][1][safepoint    ] Leaving safepoint region
[2019-06-24T09:24:13.759+0000][1][safepoint    ] Total time for which application threads were stopped: 0.0000642 seconds, Stopping threads took: 0.0000274 seconds
[2019-06-24T09:24:13.839+0000][1][safepoint    ] Application time: 0.0804942 seconds
[2019-06-24T09:24:13.839+0000][1][safepoint    ] Entering safepoint region: RevokeBias
[2019-06-24T09:24:13.839+0000][1][safepoint    ] Leaving safepoint region
[2019-06-24T09:24:13.839+0000][1][safepoint    ] Total time for which application threads were stopped: 0.0000854 seconds, Stopping threads took: 0.0000159 seconds
[2019-06-24T09:24:13.839+0000][1][safepoint    ] Application time: 0.0001139 seconds
[2019-06-24T09:24:13.839+0000][1][safepoint    ] Entering safepoint region: BulkRevokeBias
[2019-06-24T09:24:13.840+0000][1][safepoint    ] Leaving safepoint region
[2019-06-24T09:24:13.840+0000][1][safepoint    ] Total time for which application threads were stopped: 0.0000888 seconds, Stopping threads took: 0.0000099 seconds
[2019-06-24T09:24:13.863+0000][1][safepoint    ] Application time: 0.0233772 seconds
[2019-06-24T09:24:13.863+0000][1][safepoint    ] Entering safepoint region: GenCollectForAllocation
[2019-06-24T09:24:13.863+0000][1][gc,start     ] GC(6) Pause Young (Allocation Failure)
[2019-06-24T09:24:13.863+0000][1][gc,task      ] GC(6) Using 5 workers of 8 for evacuation
[2019-06-24T09:24:13.866+0000][1][gc,age       ] GC(6) Desired survivor size 4456448 bytes, new threshold 6 (max threshold 6)
[2019-06-24T09:24:13.866+0000][1][gc,age       ] GC(6) Age table with threshold 6 (max threshold 6)
[2019-06-24T09:24:13.866+0000][1][gc,age       ] GC(6) - age   1:    1805552 bytes,    1805552 total
[2019-06-24T09:24:13.866+0000][1][gc,age       ] GC(6) - age   2:    2196064 bytes,    4001616 total
[2019-06-24T09:24:13.866+0000][1][gc,age       ] GC(6) - age   3:     446280 bytes,    4447896 total
[2019-06-24T09:24:13.866+0000][1][gc,heap      ] GC(6) ParNew: 75861K->5956K(78656K)
[2019-06-24T09:24:13.866+0000][1][gc,heap      ] GC(6) CMS: 11439K->11439K(174784K)
[2019-06-24T09:24:13.866+0000][1][gc,metaspace ] GC(6) Metaspace: 19183K->19183K(1067008K)
[2019-06-24T09:24:13.866+0000][1][gc           ] GC(6) Pause Young (Allocation Failure) 85M->16M(247M) 2.691ms
[2019-06-24T09:24:13.866+0000][1][gc,cpu       ] GC(6) User=0.01s Sys=0.00s Real=0.00s
[2019-06-24T09:24:13.866+0000][1][safepoint    ] Leaving safepoint region
[2019-06-24T09:24:13.866+0000][1][safepoint    ] Total time for which application threads were stopped: 0.0028215 seconds, Stopping threads took: 0.0000153 seconds
[2019-06-24T09:24:13.866+0000][1][safepoint    ] Application time: 0.0000948 seconds
[2019-06-24T09:24:13.866+0000][1][safepoint    ] Entering safepoint region: BulkRevokeBias
[2019-06-24T09:24:13.866+0000][1][safepoint    ] Leaving safepoint region
[2019-06-24T09:24:13.866+0000][1][safepoint    ] Total time for which application threads were stopped: 0.0001136 seconds, Stopping threads took: 0.0000392 seconds
[2019-06-24T09:24:14.003+0000][1][safepoint    ] Application time: 0.1369690 seconds
[2019-06-24T09:24:14.003+0000][1][safepoint    ] Entering safepoint region: CollectForMetadataAllocation
[2019-06-24T09:24:14.003+0000][1][safepoint    ] Leaving safepoint region
[2019-06-24T09:24:14.003+0000][1][safepoint    ] Total time for which application threads were stopped: 0.0002711 seconds, Stopping threads took: 0.0000606 seconds
[2019-06-24T09:24:14.006+0000][1][safepoint    ] Application time: 0.0027775 seconds
[2019-06-24T09:24:14.006+0000][1][safepoint    ] Entering safepoint region: GenCollectForAllocation
[2019-06-24T09:24:14.006+0000][1][gc,start     ] GC(7) Pause Young (Allocation Failure)
[2019-06-24T09:24:14.006+0000][1][gc,task      ] GC(7) Using 5 workers of 8 for evacuation
[2019-06-24T09:24:14.009+0000][1][gc,age       ] GC(7) Desired survivor size 4456448 bytes, new threshold 4 (max threshold 6)
[2019-06-24T09:24:14.009+0000][1][gc,age       ] GC(7) Age table with threshold 4 (max threshold 6)
[2019-06-24T09:24:14.009+0000][1][gc,age       ] GC(7) - age   1:     728488 bytes,     728488 total
[2019-06-24T09:24:14.009+0000][1][gc,age       ] GC(7) - age   2:    1129856 bytes,    1858344 total
[2019-06-24T09:24:14.009+0000][1][gc,age       ] GC(7) - age   3:    2194056 bytes,    4052400 total
[2019-06-24T09:24:14.009+0000][1][gc,age       ] GC(7) - age   4:     446280 bytes,    4498680 total
[2019-06-24T09:24:14.009+0000][1][gc,heap      ] GC(7) ParNew: 75908K->5777K(78656K)
[2019-06-24T09:24:14.009+0000][1][gc,heap      ] GC(7) CMS: 11439K->11439K(174784K)
[2019-06-24T09:24:14.009+0000][1][gc,metaspace ] GC(7) Metaspace: 20132K->20132K(1069056K)
[2019-06-24T09:24:14.009+0000][1][gc           ] GC(7) Pause Young (Allocation Failure) 85M->16M(247M) 3.084ms
[2019-06-24T09:24:14.009+0000][1][gc,cpu       ] GC(7) User=0.02s Sys=0.00s Real=0.00s
[2019-06-24T09:24:14.009+0000][1][safepoint    ] Leaving safepoint region
[2019-06-24T09:24:14.009+0000][1][safepoint    ] Total time for which application threads were stopped: 0.0032244 seconds, Stopping threads took: 0.0000149 seconds
[2019-06-24T09:24:14.009+0000][1][safepoint    ] Application time: 0.0001035 seconds
[2019-06-24T09:24:14.010+0000][1][safepoint    ] Entering safepoint region: CMS_Initial_Mark
[2019-06-24T09:24:14.010+0000][1][gc,start     ] GC(8) Pause Initial Mark
[2019-06-24T09:24:14.010+0000][1][gc           ] GC(8) Pause Initial Mark 18M->18M(247M) 0.604ms
[2019-06-24T09:24:14.010+0000][1][gc,cpu       ] GC(8) User=0.01s Sys=0.00s Real=0.00s
[2019-06-24T09:24:14.010+0000][1][safepoint    ] Leaving safepoint region
[2019-06-24T09:24:14.010+0000][1][safepoint    ] Total time for which application threads were stopped: 0.0007320 seconds, Stopping threads took: 0.0000514 seconds
[2019-06-24T09:24:14.010+0000][1][gc           ] GC(8) Concurrent Mark
[2019-06-24T09:24:14.011+0000][1][gc,task      ] GC(8) Using 2 workers of 2 for marking
[2019-06-24T09:24:14.022+0000][1][gc           ] GC(8) Concurrent Mark 11.505ms
[2019-06-24T09:24:14.022+0000][1][gc,cpu       ] GC(8) User=0.06s Sys=0.00s Real=0.01s
[2019-06-24T09:24:14.022+0000][1][gc           ] GC(8) Concurrent Preclean
[2019-06-24T09:24:14.023+0000][1][gc           ] GC(8) Concurrent Preclean 0.865ms
[2019-06-24T09:24:14.023+0000][1][gc,cpu       ] GC(8) User=0.01s Sys=0.01s Real=0.01s
[2019-06-24T09:24:14.023+0000][1][gc           ] GC(8) Concurrent Abortable Preclean
[2019-06-24T09:24:14.091+0000][1][safepoint    ] Application time: 0.0810934 seconds
[2019-06-24T09:24:14.091+0000][1][safepoint    ] Entering safepoint region: GenCollectForAllocation
[2019-06-24T09:24:14.091+0000][1][gc,start     ] GC(9) Pause Young (Allocation Failure)
[2019-06-24T09:24:14.091+0000][1][gc,task      ] GC(9) Using 5 workers of 8 for evacuation
[2019-06-24T09:24:14.095+0000][1][gc,age       ] GC(9) Desired survivor size 4456448 bytes, new threshold 4 (max threshold 6)
[2019-06-24T09:24:14.095+0000][1][gc,age       ] GC(9) Age table with threshold 4 (max threshold 6)
[2019-06-24T09:24:14.095+0000][1][gc,age       ] GC(9) - age   1:    1051080 bytes,    1051080 total
[2019-06-24T09:24:14.095+0000][1][gc,age       ] GC(9) - age   2:     702664 bytes,    1753744 total
[2019-06-24T09:24:14.095+0000][1][gc,age       ] GC(9) - age   3:    1129760 bytes,    2883504 total
[2019-06-24T09:24:14.095+0000][1][gc,age       ] GC(9) - age   4:    2193768 bytes,    5077272 total
[2019-06-24T09:24:14.095+0000][1][gc,heap      ] GC(9) ParNew: 75729K->5761K(78656K)
[2019-06-24T09:24:14.095+0000][1][gc,heap      ] GC(9) CMS: 11439K->11879K(174784K)
[2019-06-24T09:24:14.095+0000][1][gc,metaspace ] GC(9) Metaspace: 20232K->20232K(1069056K)
[2019-06-24T09:24:14.095+0000][1][gc           ] GC(9) Pause Young (Allocation Failure) 85M->17M(247M) 3.474ms
[2019-06-24T09:24:14.095+0000][1][gc,cpu       ] GC(9) User=0.03s Sys=0.00s Real=0.01s
[2019-06-24T09:24:14.095+0000][1][safepoint    ] Leaving safepoint region
[2019-06-24T09:24:14.095+0000][1][safepoint    ] Total time for which application threads were stopped: 0.0035902 seconds, Stopping threads took: 0.0000152 seconds
[2019-06-24T09:24:14.117+0000][1][safepoint    ] Application time: 0.0217543 seconds
[2019-06-24T09:24:14.117+0000][1][safepoint    ] Entering safepoint region: CollectForMetadataAllocation
[2019-06-24T09:24:14.117+0000][1][safepoint    ] Leaving safepoint region
[2019-06-24T09:24:14.117+0000][1][safepoint    ] Total time for which application threads were stopped: 0.0001456 seconds, Stopping threads took: 0.0000110 seconds
[2019-06-24T09:24:14.162+0000][1][safepoint    ] Application time: 0.0450822 seconds
[2019-06-24T09:24:14.162+0000][1][safepoint    ] Entering safepoint region: GenCollectForAllocation
[2019-06-24T09:24:14.162+0000][1][gc,start     ] GC(10) Pause Young (Allocation Failure)
[2019-06-24T09:24:14.162+0000][1][gc,task      ] GC(10) Using 5 workers of 8 for evacuation
[2019-06-24T09:24:14.166+0000][1][gc,age       ] GC(10) Desired survivor size 4456448 bytes, new threshold 6 (max threshold 6)
[2019-06-24T09:24:14.166+0000][1][gc,age       ] GC(10) Age table with threshold 6 (max threshold 6)
[2019-06-24T09:24:14.166+0000][1][gc,age       ] GC(10) - age   1:     699576 bytes,     699576 total
[2019-06-24T09:24:14.166+0000][1][gc,age       ] GC(10) - age   2:     296576 bytes,     996152 total
[2019-06-24T09:24:14.166+0000][1][gc,age       ] GC(10) - age   3:     702544 bytes,    1698696 total
[2019-06-24T09:24:14.166+0000][1][gc,age       ] GC(10) - age   4:    1129760 bytes,    2828456 total
[2019-06-24T09:24:14.166+0000][1][gc,heap      ] GC(10) ParNew: 75713K->5221K(78656K)
[2019-06-24T09:24:14.166+0000][1][gc,heap      ] GC(10) CMS: 11879K->14035K(174784K)
[2019-06-24T09:24:14.166+0000][1][gc,metaspace ] GC(10) Metaspace: 20350K->20350K(1069056K)
[2019-06-24T09:24:14.166+0000][1][gc           ] GC(10) Pause Young (Allocation Failure) 85M->18M(247M) 3.482ms
[2019-06-24T09:24:14.166+0000][1][gc,cpu       ] GC(10) User=0.03s Sys=0.00s Real=0.01s
[2019-06-24T09:24:14.166+0000][1][safepoint    ] Leaving safepoint region
[2019-06-24T09:24:14.166+0000][1][safepoint    ] Total time for which application threads were stopped: 0.0036163 seconds, Stopping threads took: 0.0000137 seconds
[2019-06-24T09:24:14.170+0000][1][gc           ] GC(8) Concurrent Abortable Preclean 146.861ms
[2019-06-24T09:24:14.170+0000][1][gc,cpu       ] GC(8) User=0.70s Sys=0.02s Real=0.14s
[2019-06-24T09:24:14.170+0000][1][safepoint    ] Application time: 0.0041055 seconds
[2019-06-24T09:24:14.170+0000][1][safepoint    ] Entering safepoint region: CMS_Final_Remark
[2019-06-24T09:24:14.170+0000][1][gc,start     ] GC(8) Pause Remark
[2019-06-24T09:24:14.176+0000][1][gc           ] GC(8) Pause Remark 24M->24M(247M) 5.666ms
[2019-06-24T09:24:14.176+0000][1][gc,cpu       ] GC(8) User=0.01s Sys=0.00s Real=0.01s
[2019-06-24T09:24:14.176+0000][1][safepoint    ] Leaving safepoint region
[2019-06-24T09:24:14.176+0000][1][safepoint    ] Total time for which application threads were stopped: 0.0058020 seconds, Stopping threads took: 0.0000459 seconds
[2019-06-24T09:24:14.176+0000][1][gc           ] GC(8) Concurrent Sweep
[2019-06-24T09:24:14.183+0000][1][gc           ] GC(8) Concurrent Sweep 7.041ms
[2019-06-24T09:24:14.183+0000][1][gc,cpu       ] GC(8) User=0.05s Sys=0.00s Real=0.01s
[2019-06-24T09:24:14.183+0000][1][gc           ] GC(8) Concurrent Reset
[2019-06-24T09:24:14.183+0000][1][gc           ] GC(8) Concurrent Reset 0.482ms
[2019-06-24T09:24:14.183+0000][1][gc,cpu       ] GC(8) User=0.00s Sys=0.00s Real=0.00s
[2019-06-24T09:24:14.183+0000][1][gc,heap      ] GC(8) Old: 11439K->14009K(174784K)
[2019-06-24T09:24:14.256+0000][1][safepoint    ] Application time: 0.0799803 seconds
[2019-06-24T09:24:14.256+0000][1][safepoint    ] Entering safepoint region: GenCollectForAllocation
[2019-06-24T09:24:14.256+0000][1][gc,start     ] GC(11) Pause Young (Allocation Failure)
[2019-06-24T09:24:14.256+0000][1][gc,task      ] GC(11) Using 5 workers of 8 for evacuation
[2019-06-24T09:24:14.259+0000][1][gc,age       ] GC(11) Desired survivor size 4456448 bytes, new threshold 6 (max threshold 6)
[2019-06-24T09:24:14.259+0000][1][gc,age       ] GC(11) Age table with threshold 6 (max threshold 6)
[2019-06-24T09:24:14.259+0000][1][gc,age       ] GC(11) - age   1:    2152408 bytes,    2152408 total
[2019-06-24T09:24:14.259+0000][1][gc,age       ] GC(11) - age   2:      99264 bytes,    2251672 total
[2019-06-24T09:24:14.259+0000][1][gc,age       ] GC(11) - age   3:     296576 bytes,    2548248 total
[2019-06-24T09:24:14.259+0000][1][gc,age       ] GC(11) - age   4:     702392 bytes,    3250640 total
[2019-06-24T09:24:14.259+0000][1][gc,age       ] GC(11) - age   5:    1129472 bytes,    4380112 total
[2019-06-24T09:24:14.259+0000][1][gc,heap      ] GC(11) ParNew: 75173K->4916K(78656K)
[2019-06-24T09:24:14.259+0000][1][gc,heap      ] GC(11) CMS: 14009K->14009K(174784K)
[2019-06-24T09:24:14.259+0000][1][gc,metaspace ] GC(11) Metaspace: 20433K->20433K(1069056K)
[2019-06-24T09:24:14.259+0000][1][gc           ] GC(11) Pause Young (Allocation Failure) 87M->18M(247M) 3.056ms
[2019-06-24T09:24:14.259+0000][1][gc,cpu       ] GC(11) User=0.03s Sys=0.00s Real=0.00s
[2019-06-24T09:24:14.259+0000][1][safepoint    ] Leaving safepoint region
[2019-06-24T09:24:14.259+0000][1][safepoint    ] Total time for which application threads were stopped: 0.0034636 seconds, Stopping threads took: 0.0000122 seconds
[2019-06-24T09:24:14.310+0000][1][safepoint    ] Application time: 0.0508743 seconds
[2019-06-24T09:24:14.310+0000][1][safepoint    ] Entering safepoint region: Deoptimize
[2019-06-24T09:24:14.310+0000][1][safepoint    ] Leaving safepoint region
[2019-06-24T09:24:14.310+0000][1][safepoint    ] Total time for which application threads were stopped: 0.0002707 seconds, Stopping threads took: 0.0000102 seconds
[2019-06-24T09:24:14.678+0000][1][safepoint    ] Application time: 0.3673314 seconds
[2019-06-24T09:24:14.678+0000][1][safepoint    ] Entering safepoint region: Deoptimize
[2019-06-24T09:24:14.678+0000][1][safepoint    ] Leaving safepoint region
[2019-06-24T09:24:14.678+0000][1][safepoint    ] Total time for which application threads were stopped: 0.0007248 seconds, Stopping threads took: 0.0000165 seconds
[2019-06-24T09:24:14.690+0000][1][safepoint    ] Application time: 0.0120307 seconds
[2019-06-24T09:24:14.690+0000][1][safepoint    ] Entering safepoint region: RevokeBias
[2019-06-24T09:24:14.691+0000][1][safepoint    ] Leaving safepoint region
[2019-06-24T09:24:14.691+0000][1][safepoint    ] Total time for which application threads were stopped: 0.0001383 seconds, Stopping threads took: 0.0000590 seconds
[2019-06-24T09:24:14.691+0000][1][safepoint    ] Application time: 0.0006270 seconds
[2019-06-24T09:24:14.691+0000][1][safepoint    ] Entering safepoint region: Deoptimize
[2019-06-24T09:24:14.692+0000][1][safepoint    ] Leaving safepoint region
[2019-06-24T09:24:14.692+0000][1][safepoint    ] Total time for which application threads were stopped: 0.0003640 seconds, Stopping threads took: 0.0000639 seconds
[2019-06-24T09:24:14.697+0000][1][safepoint    ] Application time: 0.0053419 seconds
[2019-06-24T09:24:14.697+0000][1][safepoint    ] Entering safepoint region: Deoptimize
[2019-06-24T09:24:14.697+0000][1][safepoint    ] Leaving safepoint region
[2019-06-24T09:24:14.697+0000][1][safepoint    ] Total time for which application threads were stopped: 0.0004642 seconds, Stopping threads took: 0.0000166 seconds
[2019-06-24T09:24:14.862+0000][1][safepoint    ] Application time: 0.1648404 seconds
[2019-06-24T09:24:14.862+0000][1][safepoint    ] Entering safepoint region: GenCollectForAllocation
[2019-06-24T09:24:14.863+0000][1][gc,start     ] GC(12) Pause Young (Allocation Failure)
[2019-06-24T09:24:14.863+0000][1][gc,task      ] GC(12) Using 5 workers of 8 for evacuation
[2019-06-24T09:24:14.869+0000][1][gc,age       ] GC(12) Desired survivor size 4456448 bytes, new threshold 1 (max threshold 6)
[2019-06-24T09:24:14.869+0000][1][gc,age       ] GC(12) Age table with threshold 1 (max threshold 6)
[2019-06-24T09:24:14.869+0000][1][gc,age       ] GC(12) - age   1:    4817728 bytes,    4817728 total
[2019-06-24T09:24:14.869+0000][1][gc,age       ] GC(12) - age   2:     344656 bytes,    5162384 total
[2019-06-24T09:24:14.869+0000][1][gc,age       ] GC(12) - age   3:      99000 bytes,    5261384 total
[2019-06-24T09:24:14.869+0000][1][gc,age       ] GC(12) - age   4:     296576 bytes,    5557960 total
[2019-06-24T09:24:14.869+0000][1][gc,age       ] GC(12) - age   5:     697032 bytes,    6254992 total
[2019-06-24T09:24:14.869+0000][1][gc,age       ] GC(12) - age   6:    1129312 bytes,    7384304 total
[2019-06-24T09:24:14.869+0000][1][gc,heap      ] GC(12) ParNew: 74868K->8416K(78656K)
[2019-06-24T09:24:14.869+0000][1][gc,heap      ] GC(12) CMS: 14009K->14009K(174784K)
[2019-06-24T09:24:14.869+0000][1][gc,metaspace ] GC(12) Metaspace: 26452K->26452K(1073152K)
[2019-06-24T09:24:14.869+0000][1][gc           ] GC(12) Pause Young (Allocation Failure) 86M->21M(247M) 6.473ms
[2019-06-24T09:24:14.869+0000][1][gc,cpu       ] GC(12) User=0.04s Sys=0.00s Real=0.00s
[2019-06-24T09:24:14.869+0000][1][safepoint    ] Leaving safepoint region
[2019-06-24T09:24:14.869+0000][1][safepoint    ] Total time for which application threads were stopped: 0.0066786 seconds, Stopping threads took: 0.0000322 seconds
[2019-06-24T09:24:15.524+0000][1][safepoint    ] Application time: 0.6552786 seconds
[2019-06-24T09:24:15.524+0000][1][safepoint    ] Entering safepoint region: GenCollectForAllocation
[2019-06-24T09:24:15.525+0000][1][gc,start     ] GC(13) Pause Young (Allocation Failure)
[2019-06-24T09:24:15.525+0000][1][gc,task      ] GC(13) Using 5 workers of 8 for evacuation
[2019-06-24T09:24:15.541+0000][1][gc,age       ] GC(13) Desired survivor size 4456448 bytes, new threshold 1 (max threshold 6)
[2019-06-24T09:24:15.541+0000][1][gc,age       ] GC(13) Age table with threshold 1 (max threshold 6)
[2019-06-24T09:24:15.541+0000][1][gc,age       ] GC(13) - age   1:    8909968 bytes,    8909968 total
[2019-06-24T09:24:15.541+0000][1][gc,heap      ] GC(13) ParNew: 78368K->8704K(78656K)
[2019-06-24T09:24:15.541+0000][1][gc,heap      ] GC(13) CMS: 14009K->25989K(174784K)
[2019-06-24T09:24:15.541+0000][1][gc,metaspace ] GC(13) Metaspace: 26912K->26912K(1075200K)
[2019-06-24T09:24:15.541+0000][1][gc           ] GC(13) Pause Young (Allocation Failure) 90M->33M(247M) 16.260ms
[2019-06-24T09:24:15.541+0000][1][gc,cpu       ] GC(13) User=0.09s Sys=0.00s Real=0.01s
[2019-06-24T09:24:15.541+0000][1][safepoint    ] Leaving safepoint region
[2019-06-24T09:24:15.541+0000][1][safepoint    ] Total time for which application threads were stopped: 0.0166415 seconds, Stopping threads took: 0.0000444 seconds
[2019-06-24T09:24:15.555+0000][1][safepoint    ] Application time: 0.0136923 seconds
[2019-06-24T09:24:15.555+0000][1][safepoint    ] Entering safepoint region: Deoptimize
[2019-06-24T09:24:15.555+0000][1][safepoint    ] Leaving safepoint region
[2019-06-24T09:24:15.555+0000][1][safepoint    ] Total time for which application threads were stopped: 0.0003622 seconds, Stopping threads took: 0.0000167 seconds
[2019-06-24T09:24:15.684+0000][1][safepoint    ] Application time: 0.1292150 seconds
[2019-06-24T09:24:15.684+0000][1][safepoint    ] Entering safepoint region: RevokeBias
[2019-06-24T09:24:15.685+0000][1][safepoint    ] Leaving safepoint region
[2019-06-24T09:24:15.685+0000][1][safepoint    ] Total time for which application threads were stopped: 0.0001498 seconds, Stopping threads took: 0.0000626 seconds
[2019-06-24T09:24:15.898+0000][1][safepoint    ] Application time: 0.2137003 seconds
[2019-06-24T09:24:15.898+0000][1][safepoint    ] Entering safepoint region: GenCollectForAllocation
[2019-06-24T09:24:15.899+0000][1][gc,start     ] GC(14) Pause Young (Allocation Failure)
[2019-06-24T09:24:15.899+0000][1][gc,task      ] GC(14) Using 5 workers of 8 for evacuation
[2019-06-24T09:24:15.921+0000][1][gc,age       ] GC(14) Desired survivor size 4456448 bytes, new threshold 1 (max threshold 6)
[2019-06-24T09:24:15.921+0000][1][gc,age       ] GC(14) Age table with threshold 1 (max threshold 6)
[2019-06-24T09:24:15.921+0000][1][gc,age       ] GC(14) - age   1:    8141320 bytes,    8141320 total
[2019-06-24T09:24:15.921+0000][1][gc,heap      ] GC(14) ParNew: 78656K->8704K(78656K)
[2019-06-24T09:24:15.921+0000][1][gc,heap      ] GC(14) CMS: 25989K->41300K(174784K)
[2019-06-24T09:24:15.921+0000][1][gc,metaspace ] GC(14) Metaspace: 27056K->27056K(1075200K)
[2019-06-24T09:24:15.921+0000][1][gc           ] GC(14) Pause Young (Allocation Failure) 102M->48M(247M) 22.677ms
[2019-06-24T09:24:15.921+0000][1][gc,cpu       ] GC(14) User=0.15s Sys=0.00s Real=0.02s
[2019-06-24T09:24:15.921+0000][1][safepoint    ] Leaving safepoint region
[2019-06-24T09:24:15.921+0000][1][safepoint    ] Total time for which application threads were stopped: 0.0229174 seconds, Stopping threads took: 0.0000527 seconds
[2019-06-24T09:24:16.081+0000][1][safepoint    ] Application time: 0.1601159 seconds
[2019-06-24T09:24:16.081+0000][1][safepoint    ] Entering safepoint region: RevokeBias
[2019-06-24T09:24:16.082+0000][1][safepoint    ] Leaving safepoint region
[2019-06-24T09:24:16.082+0000][1][safepoint    ] Total time for which application threads were stopped: 0.0001157 seconds, Stopping threads took: 0.0000162 seconds
[2019-06-24T09:24:16.422+0000][1][safepoint    ] Application time: 0.3407403 seconds
[2019-06-24T09:24:16.422+0000][1][safepoint    ] Entering safepoint region: GenCollectForAllocation
[2019-06-24T09:24:16.423+0000][1][gc,start     ] GC(15) Pause Young (Allocation Failure)
[2019-06-24T09:24:16.423+0000][1][gc,task      ] GC(15) Using 5 workers of 8 for evacuation
[2019-06-24T09:24:16.438+0000][1][gc,age       ] GC(15) Desired survivor size 4456448 bytes, new threshold 1 (max threshold 6)
[2019-06-24T09:24:16.438+0000][1][gc,age       ] GC(15) Age table with threshold 1 (max threshold 6)
[2019-06-24T09:24:16.438+0000][1][gc,age       ] GC(15) - age   1:    6292976 bytes,    6292976 total
[2019-06-24T09:24:16.438+0000][1][gc,heap      ] GC(15) ParNew: 78656K->8704K(78656K)
[2019-06-24T09:24:16.438+0000][1][gc,heap      ] GC(15) CMS: 41300K->50065K(174784K)
[2019-06-24T09:24:16.438+0000][1][gc,metaspace ] GC(15) Metaspace: 32805K->32805K(1079296K)
[2019-06-24T09:24:16.438+0000][1][gc           ] GC(15) Pause Young (Allocation Failure) 117M->57M(247M) 15.257ms
[2019-06-24T09:24:16.438+0000][1][gc,cpu       ] GC(15) User=0.09s Sys=0.00s Real=0.01s
[2019-06-24T09:24:16.438+0000][1][safepoint    ] Leaving safepoint region
[2019-06-24T09:24:16.438+0000][1][safepoint    ] Total time for which application threads were stopped: 0.0156071 seconds, Stopping threads took: 0.0001079 seconds
[2019-06-24T09:24:16.583+0000][1][safepoint    ] Application time: 0.1452557 seconds
[2019-06-24T09:24:16.583+0000][1][safepoint    ] Entering safepoint region: GenCollectForAllocation
[2019-06-24T09:24:16.583+0000][1][gc,start     ] GC(16) Pause Young (Allocation Failure)
[2019-06-24T09:24:16.583+0000][1][gc,task      ] GC(16) Using 5 workers of 8 for evacuation
[2019-06-24T09:24:16.590+0000][1][gc,age       ] GC(16) Desired survivor size 4456448 bytes, new threshold 6 (max threshold 6)
[2019-06-24T09:24:16.590+0000][1][gc,age       ] GC(16) Age table with threshold 6 (max threshold 6)
[2019-06-24T09:24:16.590+0000][1][gc,age       ] GC(16) - age   1:     637184 bytes,     637184 total
[2019-06-24T09:24:16.590+0000][1][gc,heap      ] GC(16) ParNew: 78656K->6604K(78656K)
[2019-06-24T09:24:16.590+0000][1][gc,heap      ] GC(16) CMS: 50065K->56223K(174784K)
[2019-06-24T09:24:16.590+0000][1][gc,metaspace ] GC(16) Metaspace: 33133K->33133K(1079296K)
[2019-06-24T09:24:16.590+0000][1][gc           ] GC(16) Pause Young (Allocation Failure) 125M->61M(247M) 6.362ms
[2019-06-24T09:24:16.590+0000][1][gc,cpu       ] GC(16) User=0.04s Sys=0.00s Real=0.00s
[2019-06-24T09:24:16.590+0000][1][safepoint    ] Leaving safepoint region
[2019-06-24T09:24:16.590+0000][1][safepoint    ] Total time for which application threads were stopped: 0.0065103 seconds, Stopping threads took: 0.0000115 seconds
[2019-06-24T09:24:16.709+0000][1][safepoint    ] Application time: 0.1191322 seconds
[2019-06-24T09:24:16.709+0000][1][safepoint    ] Entering safepoint region: CollectForMetadataAllocation
[2019-06-24T09:24:16.709+0000][1][safepoint    ] Leaving safepoint region
[2019-06-24T09:24:16.709+0000][1][safepoint    ] Total time for which application threads were stopped: 0.0001405 seconds, Stopping threads took: 0.0000266 seconds
[2019-06-24T09:24:16.734+0000][1][safepoint    ] Application time: 0.0246271 seconds
[2019-06-24T09:24:16.734+0000][1][safepoint    ] Entering safepoint region: CollectForMetadataAllocation
[2019-06-24T09:24:16.734+0000][1][safepoint    ] Leaving safepoint region
[2019-06-24T09:24:16.734+0000][1][safepoint    ] Total time for which application threads were stopped: 0.0001843 seconds, Stopping threads took: 0.0000172 seconds
[2019-06-24T09:24:16.757+0000][1][safepoint    ] Application time: 0.0231520 seconds
[2019-06-24T09:24:16.757+0000][1][safepoint    ] Entering safepoint region: CollectForMetadataAllocation
[2019-06-24T09:24:16.757+0000][1][safepoint    ] Leaving safepoint region
[2019-06-24T09:24:16.757+0000][1][safepoint    ] Total time for which application threads were stopped: 0.0001931 seconds, Stopping threads took: 0.0000152 seconds
[2019-06-24T09:24:16.770+0000][1][safepoint    ] Application time: 0.0125489 seconds
[2019-06-24T09:24:16.770+0000][1][safepoint    ] Entering safepoint region: CollectForMetadataAllocation
[2019-06-24T09:24:16.770+0000][1][safepoint    ] Leaving safepoint region
[2019-06-24T09:24:16.770+0000][1][safepoint    ] Total time for which application threads were stopped: 0.0001809 seconds, Stopping threads took: 0.0000141 seconds
[2019-06-24T09:24:16.786+0000][1][safepoint    ] Application time: 0.0156941 seconds
[2019-06-24T09:24:16.786+0000][1][safepoint    ] Entering safepoint region: CollectForMetadataAllocation
[2019-06-24T09:24:16.786+0000][1][safepoint    ] Leaving safepoint region
[2019-06-24T09:24:16.786+0000][1][safepoint    ] Total time for which application threads were stopped: 0.0001868 seconds, Stopping threads took: 0.0000174 seconds
[2019-06-24T09:24:16.798+0000][1][safepoint    ] Application time: 0.0122439 seconds
[2019-06-24T09:24:16.798+0000][1][safepoint    ] Entering safepoint region: CollectForMetadataAllocation
[2019-06-24T09:24:16.798+0000][1][safepoint    ] Leaving safepoint region
[2019-06-24T09:24:16.798+0000][1][safepoint    ] Total time for which application threads were stopped: 0.0002176 seconds, Stopping threads took: 0.0000136 seconds
[2019-06-24T09:24:16.817+0000][1][safepoint    ] Application time: 0.0186606 seconds
[2019-06-24T09:24:16.817+0000][1][safepoint    ] Entering safepoint region: CollectForMetadataAllocation
[2019-06-24T09:24:16.817+0000][1][safepoint    ] Leaving safepoint region
[2019-06-24T09:24:16.817+0000][1][safepoint    ] Total time for which application threads were stopped: 0.0001868 seconds, Stopping threads took: 0.0000158 seconds
[2019-06-24T09:24:16.836+0000][1][safepoint    ] Application time: 0.0186976 seconds
[2019-06-24T09:24:16.836+0000][1][safepoint    ] Entering safepoint region: CollectForMetadataAllocation
[2019-06-24T09:24:16.836+0000][1][safepoint    ] Leaving safepoint region
[2019-06-24T09:24:16.836+0000][1][safepoint    ] Total time for which application threads were stopped: 0.0002243 seconds, Stopping threads took: 0.0000194 seconds
[2019-06-24T09:24:16.863+0000][1][safepoint    ] Application time: 0.0265726 seconds
[2019-06-24T09:24:16.863+0000][1][safepoint    ] Entering safepoint region: CollectForMetadataAllocation
[2019-06-24T09:24:16.863+0000][1][safepoint    ] Leaving safepoint region
[2019-06-24T09:24:16.863+0000][1][safepoint    ] Total time for which application threads were stopped: 0.0001860 seconds, Stopping threads took: 0.0000143 seconds
[2019-06-24T09:24:16.883+0000][1][safepoint    ] Application time: 0.0194745 seconds
[2019-06-24T09:24:16.883+0000][1][safepoint    ] Entering safepoint region: CollectForMetadataAllocation
[2019-06-24T09:24:16.883+0000][1][safepoint    ] Leaving safepoint region
[2019-06-24T09:24:16.883+0000][1][safepoint    ] Total time for which application threads were stopped: 0.0001934 seconds, Stopping threads took: 0.0000151 seconds
[2019-06-24T09:24:16.884+0000][1][safepoint    ] Application time: 0.0013044 seconds
[2019-06-24T09:24:16.884+0000][1][safepoint    ] Entering safepoint region: RevokeBias
[2019-06-24T09:24:16.884+0000][1][safepoint    ] Leaving safepoint region
[2019-06-24T09:24:16.884+0000][1][safepoint    ] Total time for which application threads were stopped: 0.0001045 seconds, Stopping threads took: 0.0000121 seconds
[2019-06-24T09:24:16.918+0000][1][safepoint    ] Application time: 0.0336812 seconds
[2019-06-24T09:24:16.918+0000][1][safepoint    ] Entering safepoint region: CollectForMetadataAllocation
[2019-06-24T09:24:16.918+0000][1][safepoint    ] Leaving safepoint region
[2019-06-24T09:24:16.918+0000][1][safepoint    ] Total time for which application threads were stopped: 0.0002026 seconds, Stopping threads took: 0.0000146 seconds
[2019-06-24T09:24:16.935+0000][1][safepoint    ] Application time: 0.0168483 seconds
[2019-06-24T09:24:16.935+0000][1][safepoint    ] Entering safepoint region: CollectForMetadataAllocation
[2019-06-24T09:24:16.935+0000][1][safepoint    ] Leaving safepoint region
[2019-06-24T09:24:16.935+0000][1][safepoint    ] Total time for which application threads were stopped: 0.0001989 seconds, Stopping threads took: 0.0000158 seconds
[2019-06-24T09:24:16.949+0000][1][safepoint    ] Application time: 0.0136475 seconds
[2019-06-24T09:24:16.949+0000][1][safepoint    ] Entering safepoint region: CollectForMetadataAllocation
[2019-06-24T09:24:16.949+0000][1][safepoint    ] Leaving safepoint region
[2019-06-24T09:24:16.949+0000][1][safepoint    ] Total time for which application threads were stopped: 0.0001897 seconds, Stopping threads took: 0.0000146 seconds
[2019-06-24T09:24:16.968+0000][1][safepoint    ] Application time: 0.0186968 seconds
[2019-06-24T09:24:16.968+0000][1][safepoint    ] Entering safepoint region: CollectForMetadataAllocation
[2019-06-24T09:24:16.968+0000][1][safepoint    ] Leaving safepoint region
[2019-06-24T09:24:16.968+0000][1][safepoint    ] Total time for which application threads were stopped: 0.0001418 seconds, Stopping threads took: 0.0000103 seconds
[2019-06-24T09:24:16.981+0000][1][safepoint    ] Application time: 0.0126060 seconds
[2019-06-24T09:24:16.981+0000][1][safepoint    ] Entering safepoint region: CollectForMetadataAllocation
[2019-06-24T09:24:16.981+0000][1][safepoint    ] Leaving safepoint region
[2019-06-24T09:24:16.981+0000][1][safepoint    ] Total time for which application threads were stopped: 0.0001688 seconds, Stopping threads took: 0.0000117 seconds
[2019-06-24T09:24:17.004+0000][1][safepoint    ] Application time: 0.0230078 seconds
[2019-06-24T09:24:17.004+0000][1][safepoint    ] Entering safepoint region: CollectForMetadataAllocation
[2019-06-24T09:24:17.004+0000][1][safepoint    ] Leaving safepoint region
[2019-06-24T09:24:17.004+0000][1][safepoint    ] Total time for which application threads were stopped: 0.0001024 seconds, Stopping threads took: 0.0000098 seconds
[2019-06-24T09:24:17.019+0000][1][safepoint    ] Application time: 0.0149437 seconds
[2019-06-24T09:24:17.019+0000][1][safepoint    ] Entering safepoint region: CollectForMetadataAllocation
[2019-06-24T09:24:17.019+0000][1][safepoint    ] Leaving safepoint region
[2019-06-24T09:24:17.019+0000][1][safepoint    ] Total time for which application threads were stopped: 0.0001355 seconds, Stopping threads took: 0.0000098 seconds
[2019-06-24T09:24:17.033+0000][1][safepoint    ] Application time: 0.0141747 seconds
[2019-06-24T09:24:17.033+0000][1][safepoint    ] Entering safepoint region: CollectForMetadataAllocation
[2019-06-24T09:24:17.034+0000][1][safepoint    ] Leaving safepoint region
[2019-06-24T09:24:17.034+0000][1][safepoint    ] Total time for which application threads were stopped: 0.0001394 seconds, Stopping threads took: 0.0000185 seconds
[2019-06-24T09:24:17.046+0000][1][safepoint    ] Application time: 0.0122967 seconds
[2019-06-24T09:24:17.046+0000][1][safepoint    ] Entering safepoint region: CollectForMetadataAllocation
[2019-06-24T09:24:17.046+0000][1][safepoint    ] Leaving safepoint region
[2019-06-24T09:24:17.046+0000][1][safepoint    ] Total time for which application threads were stopped: 0.0001322 seconds, Stopping threads took: 0.0000099 seconds
[2019-06-24T09:24:17.060+0000][1][safepoint    ] Application time: 0.0139276 seconds
[2019-06-24T09:24:17.060+0000][1][safepoint    ] Entering safepoint region: CollectForMetadataAllocation
[2019-06-24T09:24:17.060+0000][1][safepoint    ] Leaving safepoint region
[2019-06-24T09:24:17.060+0000][1][safepoint    ] Total time for which application threads were stopped: 0.0002335 seconds, Stopping threads took: 0.0001073 seconds
[2019-06-24T09:24:17.075+0000][1][safepoint    ] Application time: 0.0143637 seconds
[2019-06-24T09:24:17.075+0000][1][safepoint    ] Entering safepoint region: CollectForMetadataAllocation
[2019-06-24T09:24:17.075+0000][1][safepoint    ] Leaving safepoint region
[2019-06-24T09:24:17.075+0000][1][safepoint    ] Total time for which application threads were stopped: 0.0001308 seconds, Stopping threads took: 0.0000099 seconds
[2019-06-24T09:24:17.088+0000][1][safepoint    ] Application time: 0.0133349 seconds
[2019-06-24T09:24:17.088+0000][1][safepoint    ] Entering safepoint region: CollectForMetadataAllocation
[2019-06-24T09:24:17.088+0000][1][safepoint    ] Leaving safepoint region
[2019-06-24T09:24:17.088+0000][1][safepoint    ] Total time for which application threads were stopped: 0.0001201 seconds, Stopping threads took: 0.0000180 seconds
[2019-06-24T09:24:17.114+0000][1][safepoint    ] Application time: 0.0259510 seconds
[2019-06-24T09:24:17.114+0000][1][safepoint    ] Entering safepoint region: CollectForMetadataAllocation
[2019-06-24T09:24:17.114+0000][1][safepoint    ] Leaving safepoint region
[2019-06-24T09:24:17.114+0000][1][safepoint    ] Total time for which application threads were stopped: 0.0001876 seconds, Stopping threads took: 0.0000157 seconds
[2019-06-24T09:24:17.134+0000][1][safepoint    ] Application time: 0.0194528 seconds
[2019-06-24T09:24:17.134+0000][1][safepoint    ] Entering safepoint region: CollectForMetadataAllocation
[2019-06-24T09:24:17.134+0000][1][safepoint    ] Leaving safepoint region
[2019-06-24T09:24:17.134+0000][1][safepoint    ] Total time for which application threads were stopped: 0.0001751 seconds, Stopping threads took: 0.0000143 seconds
[2019-06-24T09:24:17.149+0000][1][safepoint    ] Application time: 0.0147349 seconds
[2019-06-24T09:24:17.149+0000][1][safepoint    ] Entering safepoint region: CollectForMetadataAllocation
[2019-06-24T09:24:17.149+0000][1][safepoint    ] Leaving safepoint region
[2019-06-24T09:24:17.149+0000][1][safepoint    ] Total time for which application threads were stopped: 0.0001827 seconds, Stopping threads took: 0.0000150 seconds
[2019-06-24T09:24:17.170+0000][1][safepoint    ] Application time: 0.0213597 seconds
[2019-06-24T09:24:17.171+0000][1][safepoint    ] Entering safepoint region: CollectForMetadataAllocation
[2019-06-24T09:24:17.171+0000][1][safepoint    ] Leaving safepoint region
[2019-06-24T09:24:17.171+0000][1][safepoint    ] Total time for which application threads were stopped: 0.0001805 seconds, Stopping threads took: 0.0000153 seconds
[2019-06-24T09:24:17.191+0000][1][safepoint    ] Application time: 0.0200139 seconds
[2019-06-24T09:24:17.191+0000][1][safepoint    ] Entering safepoint region: CollectForMetadataAllocation
[2019-06-24T09:24:17.191+0000][1][safepoint    ] Leaving safepoint region
[2019-06-24T09:24:17.191+0000][1][safepoint    ] Total time for which application threads were stopped: 0.0001614 seconds, Stopping threads took: 0.0000159 seconds
[2019-06-24T09:24:17.205+0000][1][safepoint    ] Application time: 0.0141321 seconds
[2019-06-24T09:24:17.205+0000][1][safepoint    ] Entering safepoint region: CollectForMetadataAllocation
[2019-06-24T09:24:17.205+0000][1][safepoint    ] Leaving safepoint region
[2019-06-24T09:24:17.205+0000][1][safepoint    ] Total time for which application threads were stopped: 0.0001706 seconds, Stopping threads took: 0.0000121 seconds
[2019-06-24T09:24:17.486+0000][1][safepoint    ] Application time: 0.2807223 seconds
[2019-06-24T09:24:17.486+0000][1][safepoint    ] Entering safepoint region: CollectForMetadataAllocation
[2019-06-24T09:24:17.486+0000][1][safepoint    ] Leaving safepoint region
[2019-06-24T09:24:17.486+0000][1][safepoint    ] Total time for which application threads were stopped: 0.0001525 seconds, Stopping threads took: 0.0000109 seconds
[2019-06-24T09:24:17.664+0000][1][safepoint    ] Application time: 0.1776692 seconds
[2019-06-24T09:24:17.664+0000][1][safepoint    ] Entering safepoint region: CollectForMetadataAllocation
[2019-06-24T09:24:17.664+0000][1][safepoint    ] Leaving safepoint region
[2019-06-24T09:24:17.664+0000][1][safepoint    ] Total time for which application threads were stopped: 0.0001526 seconds, Stopping threads took: 0.0000111 seconds
[2019-06-24T09:24:17.705+0000][1][safepoint    ] Application time: 0.0407467 seconds
[2019-06-24T09:24:17.705+0000][1][safepoint    ] Entering safepoint region: GenCollectForAllocation
[2019-06-24T09:24:17.705+0000][1][gc,start     ] GC(17) Pause Young (Allocation Failure)
[2019-06-24T09:24:17.705+0000][1][gc,task      ] GC(17) Using 5 workers of 8 for evacuation
[2019-06-24T09:24:17.709+0000][1][gc,age       ] GC(17) Desired survivor size 4456448 bytes, new threshold 6 (max threshold 6)
[2019-06-24T09:24:17.709+0000][1][gc,age       ] GC(17) Age table with threshold 6 (max threshold 6)
[2019-06-24T09:24:17.709+0000][1][gc,age       ] GC(17) - age   1:    3654224 bytes,    3654224 total
[2019-06-24T09:24:17.709+0000][1][gc,age       ] GC(17) - age   2:     571736 bytes,    4225960 total
[2019-06-24T09:24:17.709+0000][1][gc,heap      ] GC(17) ParNew: 76556K->5303K(78656K)
[2019-06-24T09:24:17.709+0000][1][gc,heap      ] GC(17) CMS: 56223K->56223K(174784K)
[2019-06-24T09:24:17.709+0000][1][gc,metaspace ] GC(17) Metaspace: 42693K->42693K(1089536K)
[2019-06-24T09:24:17.709+0000][1][gc           ] GC(17) Pause Young (Allocation Failure) 129M->60M(247M) 4.191ms
[2019-06-24T09:24:17.709+0000][1][gc,cpu       ] GC(17) User=0.02s Sys=0.00s Real=0.00s
[2019-06-24T09:24:17.709+0000][1][safepoint    ] Leaving safepoint region
[2019-06-24T09:24:17.709+0000][1][safepoint    ] Total time for which application threads were stopped: 0.0043778 seconds, Stopping threads took: 0.0000891 seconds
[2019-06-24T09:24:17.709+0000][1][safepoint    ] Application time: 0.0001036 seconds
[2019-06-24T09:24:17.709+0000][1][safepoint    ] Entering safepoint region: CMS_Initial_Mark
[2019-06-24T09:24:17.709+0000][1][gc,start     ] GC(18) Pause Initial Mark
[2019-06-24T09:24:17.711+0000][1][gc           ] GC(18) Pause Initial Mark 61M->61M(247M) 1.392ms
[2019-06-24T09:24:17.711+0000][1][gc,cpu       ] GC(18) User=0.01s Sys=0.00s Real=0.00s
[2019-06-24T09:24:17.711+0000][1][safepoint    ] Leaving safepoint region
[2019-06-24T09:24:17.711+0000][1][safepoint    ] Total time for which application threads were stopped: 0.0015578 seconds, Stopping threads took: 0.0000923 seconds
[2019-06-24T09:24:17.711+0000][1][gc           ] GC(18) Concurrent Mark
[2019-06-24T09:24:17.711+0000][1][gc,task      ] GC(18) Using 2 workers of 2 for marking
[2019-06-24T09:24:17.750+0000][1][gc           ] GC(18) Concurrent Mark 38.813ms
[2019-06-24T09:24:17.750+0000][1][gc,cpu       ] GC(18) User=0.16s Sys=0.00s Real=0.04s
[2019-06-24T09:24:17.750+0000][1][gc           ] GC(18) Concurrent Preclean
[2019-06-24T09:24:17.751+0000][1][gc           ] GC(18) Concurrent Preclean 1.121ms
[2019-06-24T09:24:17.751+0000][1][gc,cpu       ] GC(18) User=0.01s Sys=0.00s Real=0.00s
[2019-06-24T09:24:17.751+0000][1][gc           ] GC(18) Concurrent Abortable Preclean
[2019-06-24T09:24:17.807+0000][1][safepoint    ] Application time: 0.0961154 seconds
[2019-06-24T09:24:17.807+0000][1][safepoint    ] Entering safepoint region: CollectForMetadataAllocation
[2019-06-24T09:24:17.807+0000][1][safepoint    ] Leaving safepoint region
[2019-06-24T09:24:17.807+0000][1][safepoint    ] Total time for which application threads were stopped: 0.0001811 seconds, Stopping threads took: 0.0000112 seconds
[2019-06-24T09:24:17.887+0000][1][safepoint    ] Application time: 0.0798773 seconds
[2019-06-24T09:24:17.887+0000][1][safepoint    ] Entering safepoint region: CollectForMetadataAllocation
[2019-06-24T09:24:17.887+0000][1][safepoint    ] Leaving safepoint region
[2019-06-24T09:24:17.887+0000][1][safepoint    ] Total time for which application threads were stopped: 0.0001864 seconds, Stopping threads took: 0.0000183 seconds
[2019-06-24T09:24:17.887+0000][1][safepoint    ] Application time: 0.0000728 seconds
[2019-06-24T09:24:17.887+0000][1][safepoint    ] Entering safepoint region: CollectForMetadataAllocation
[2019-06-24T09:24:17.888+0000][1][safepoint    ] Leaving safepoint region
[2019-06-24T09:24:17.888+0000][1][safepoint    ] Total time for which application threads were stopped: 0.0000689 seconds, Stopping threads took: 0.0000448 seconds
[2019-06-24T09:24:17.896+0000][1][safepoint    ] Application time: 0.0084070 seconds
[2019-06-24T09:24:17.896+0000][1][safepoint    ] Entering safepoint region: CollectForMetadataAllocation
[2019-06-24T09:24:17.896+0000][1][safepoint    ] Leaving safepoint region
[2019-06-24T09:24:17.896+0000][1][safepoint    ] Total time for which application threads were stopped: 0.0001528 seconds, Stopping threads took: 0.0000134 seconds
[2019-06-24T09:24:17.910+0000][1][safepoint    ] Application time: 0.0137605 seconds
[2019-06-24T09:24:17.910+0000][1][safepoint    ] Entering safepoint region: CollectForMetadataAllocation
[2019-06-24T09:24:17.910+0000][1][safepoint    ] Leaving safepoint region
[2019-06-24T09:24:17.910+0000][1][safepoint    ] Total time for which application threads were stopped: 0.0001705 seconds, Stopping threads took: 0.0000134 seconds
[2019-06-24T09:24:17.940+0000][1][safepoint    ] Application time: 0.0302350 seconds
[2019-06-24T09:24:17.940+0000][1][safepoint    ] Entering safepoint region: CollectForMetadataAllocation
[2019-06-24T09:24:17.941+0000][1][safepoint    ] Leaving safepoint region
[2019-06-24T09:24:17.941+0000][1][safepoint    ] Total time for which application threads were stopped: 0.0001593 seconds, Stopping threads took: 0.0000117 seconds
[2019-06-24T09:24:17.968+0000][1][safepoint    ] Application time: 0.0276703 seconds
[2019-06-24T09:24:17.968+0000][1][safepoint    ] Entering safepoint region: CollectForMetadataAllocation
[2019-06-24T09:24:17.968+0000][1][safepoint    ] Leaving safepoint region
[2019-06-24T09:24:17.968+0000][1][safepoint    ] Total time for which application threads were stopped: 0.0001341 seconds, Stopping threads took: 0.0000103 seconds
[2019-06-24T09:24:17.988+0000][1][safepoint    ] Application time: 0.0198983 seconds
[2019-06-24T09:24:17.988+0000][1][safepoint    ] Entering safepoint region: CollectForMetadataAllocation
[2019-06-24T09:24:17.988+0000][1][safepoint    ] Leaving safepoint region
[2019-06-24T09:24:17.988+0000][1][safepoint    ] Total time for which application threads were stopped: 0.0001718 seconds, Stopping threads took: 0.0000108 seconds
[2019-06-24T09:24:17.990+0000][1][gc           ] GC(18) Concurrent Abortable Preclean 238.524ms
[2019-06-24T09:24:17.990+0000][1][gc,cpu       ] GC(18) User=1.17s Sys=0.02s Real=0.24s
[2019-06-24T09:24:17.990+0000][1][safepoint    ] Application time: 0.0011159 seconds
[2019-06-24T09:24:17.990+0000][1][safepoint    ] Entering safepoint region: CMS_Final_Remark
[2019-06-24T09:24:17.990+0000][1][gc,start     ] GC(18) Pause Remark
[2019-06-24T09:24:18.002+0000][1][gc           ] GC(18) Pause Remark 95M->95M(247M) 12.736ms
[2019-06-24T09:24:18.002+0000][1][gc,cpu       ] GC(18) User=0.03s Sys=0.00s Real=0.01s
[2019-06-24T09:24:18.003+0000][1][safepoint    ] Leaving safepoint region
[2019-06-24T09:24:18.003+0000][1][safepoint    ] Total time for which application threads were stopped: 0.0128998 seconds, Stopping threads took: 0.0000387 seconds
[2019-06-24T09:24:18.003+0000][1][gc           ] GC(18) Concurrent Sweep
[2019-06-24T09:24:18.028+0000][1][gc           ] GC(18) Concurrent Sweep 25.090ms
[2019-06-24T09:24:18.028+0000][1][gc,cpu       ] GC(18) User=0.14s Sys=0.00s Real=0.02s
[2019-06-24T09:24:18.028+0000][1][gc           ] GC(18) Concurrent Reset
[2019-06-24T09:24:18.028+0000][1][gc           ] GC(18) Concurrent Reset 0.386ms
[2019-06-24T09:24:18.028+0000][1][gc,cpu       ] GC(18) User=0.00s Sys=0.00s Real=0.00s
[2019-06-24T09:24:18.028+0000][1][gc,heap      ] GC(18) Old: 56223K->56006K(174784K)
[2019-06-24T09:24:18.033+0000][1][safepoint    ] Application time: 0.0308073 seconds
[2019-06-24T09:24:18.033+0000][1][safepoint    ] Entering safepoint region: RevokeBias
[2019-06-24T09:24:18.034+0000][1][safepoint    ] Leaving safepoint region
[2019-06-24T09:24:18.034+0000][1][safepoint    ] Total time for which application threads were stopped: 0.0006645 seconds, Stopping threads took: 0.0000116 seconds
[2019-06-24T09:24:18.040+0000][1][safepoint    ] Application time: 0.0055436 seconds
[2019-06-24T09:24:18.040+0000][1][safepoint    ] Entering safepoint region: RevokeBias
[2019-06-24T09:24:18.040+0000][1][safepoint    ] Leaving safepoint region
[2019-06-24T09:24:18.040+0000][1][safepoint    ] Total time for which application threads were stopped: 0.0000629 seconds, Stopping threads took: 0.0000102 seconds
[2019-06-24T09:24:18.169+0000][1][safepoint    ] Application time: 0.1295715 seconds
[2019-06-24T09:24:18.169+0000][1][safepoint    ] Entering safepoint region: RevokeBias
[2019-06-24T09:24:18.170+0000][1][safepoint    ] Leaving safepoint region
[2019-06-24T09:24:18.170+0000][1][safepoint    ] Total time for which application threads were stopped: 0.0003661 seconds, Stopping threads took: 0.0000372 seconds
[2019-06-24T09:24:18.170+0000][1][safepoint    ] Application time: 0.0001010 seconds
[2019-06-24T09:24:18.170+0000][1][safepoint    ] Entering safepoint region: RevokeBias
[2019-06-24T09:24:18.170+0000][1][safepoint    ] Leaving safepoint region
[2019-06-24T09:24:18.170+0000][1][safepoint    ] Total time for which application threads were stopped: 0.0003451 seconds, Stopping threads took: 0.0002930 seconds
[2019-06-24T09:24:18.170+0000][1][safepoint    ] Application time: 0.0001997 seconds
[2019-06-24T09:24:18.170+0000][1][safepoint    ] Entering safepoint region: RevokeBias
[2019-06-24T09:24:18.170+0000][1][safepoint    ] Leaving safepoint region
[2019-06-24T09:24:18.171+0000][1][safepoint    ] Total time for which application threads were stopped: 0.0001652 seconds, Stopping threads took: 0.0001026 seconds
[2019-06-24T09:24:18.171+0000][1][safepoint    ] Application time: 0.0000919 seconds
[2019-06-24T09:24:18.171+0000][1][safepoint    ] Entering safepoint region: RevokeBias
[2019-06-24T09:24:18.171+0000][1][safepoint    ] Leaving safepoint region
[2019-06-24T09:24:18.171+0000][1][safepoint    ] Total time for which application threads were stopped: 0.0001309 seconds, Stopping threads took: 0.0000819 seconds
[2019-06-24T09:24:18.223+0000][1][safepoint    ] Application time: 0.0519220 seconds
[2019-06-24T09:24:18.223+0000][1][safepoint    ] Entering safepoint region: RevokeBias
[2019-06-24T09:24:18.223+0000][1][safepoint    ] Leaving safepoint region
[2019-06-24T09:24:18.223+0000][1][safepoint    ] Total time for which application threads were stopped: 0.0000954 seconds, Stopping threads took: 0.0000271 seconds
[2019-06-24T09:24:18.223+0000][1][safepoint    ] Application time: 0.0001580 seconds
[2019-06-24T09:24:18.223+0000][1][safepoint    ] Entering safepoint region: RevokeBias
[2019-06-24T09:24:18.223+0000][1][safepoint    ] Leaving safepoint region
[2019-06-24T09:24:18.223+0000][1][safepoint    ] Total time for which application threads were stopped: 0.0002608 seconds, Stopping threads took: 0.0001930 seconds
[2019-06-24T09:24:18.223+0000][1][safepoint    ] Application time: 0.0001071 seconds
[2019-06-24T09:24:18.223+0000][1][safepoint    ] Entering safepoint region: RevokeBias
[2019-06-24T09:24:18.223+0000][1][safepoint    ] Leaving safepoint region
[2019-06-24T09:24:18.224+0000][1][safepoint    ] Total time for which application threads were stopped: 0.0000933 seconds, Stopping threads took: 0.0000492 seconds
[2019-06-24T09:24:18.224+0000][1][safepoint    ] Application time: 0.0001625 seconds
[2019-06-24T09:24:18.224+0000][1][safepoint    ] Entering safepoint region: RevokeBias
[2019-06-24T09:24:18.224+0000][1][safepoint    ] Leaving safepoint region
[2019-06-24T09:24:18.224+0000][1][safepoint    ] Total time for which application threads were stopped: 0.0000719 seconds, Stopping threads took: 0.0000108 seconds
[2019-06-24T09:24:18.224+0000][1][safepoint    ] Application time: 0.0003822 seconds
[2019-06-24T09:24:18.224+0000][1][safepoint    ] Entering safepoint region: RevokeBias
[2019-06-24T09:24:18.224+0000][1][safepoint    ] Leaving safepoint region
[2019-06-24T09:24:18.224+0000][1][safepoint    ] Total time for which application threads were stopped: 0.0000915 seconds, Stopping threads took: 0.0000398 seconds
[2019-06-24T09:24:18.224+0000][1][safepoint    ] Application time: 0.0001240 seconds
[2019-06-24T09:24:18.224+0000][1][safepoint    ] Entering safepoint region: RevokeBias
[2019-06-24T09:24:18.224+0000][1][safepoint    ] Leaving safepoint region
[2019-06-24T09:24:18.224+0000][1][safepoint    ] Total time for which application threads were stopped: 0.0000985 seconds, Stopping threads took: 0.0000675 seconds
[2019-06-24T09:24:18.225+0000][1][safepoint    ] Application time: 0.0001943 seconds
[2019-06-24T09:24:18.225+0000][1][safepoint    ] Entering safepoint region: RevokeBias
[2019-06-24T09:24:18.225+0000][1][safepoint    ] Leaving safepoint region
[2019-06-24T09:24:18.225+0000][1][safepoint    ] Total time for which application threads were stopped: 0.0000425 seconds, Stopping threads took: 0.0000066 seconds
[2019-06-24T09:24:18.225+0000][1][safepoint    ] Application time: 0.0001363 seconds
[2019-06-24T09:24:18.225+0000][1][safepoint    ] Entering safepoint region: RevokeBias
[2019-06-24T09:24:18.225+0000][1][safepoint    ] Leaving safepoint region
[2019-06-24T09:24:18.225+0000][1][safepoint    ] Total time for which application threads were stopped: 0.0000478 seconds, Stopping threads took: 0.0000085 seconds
[2019-06-24T09:24:18.225+0000][1][safepoint    ] Application time: 0.0000894 seconds
[2019-06-24T09:24:18.225+0000][1][safepoint    ] Entering safepoint region: RevokeBias
[2019-06-24T09:24:18.225+0000][1][safepoint    ] Leaving safepoint region
[2019-06-24T09:24:18.225+0000][1][safepoint    ] Total time for which application threads were stopped: 0.0000370 seconds, Stopping threads took: 0.0000064 seconds
[2019-06-24T09:24:18.225+0000][1][safepoint    ] Application time: 0.0000894 seconds
[2019-06-24T09:24:18.225+0000][1][safepoint    ] Entering safepoint region: RevokeBias
[2019-06-24T09:24:18.225+0000][1][safepoint    ] Leaving safepoint region
[2019-06-24T09:24:18.225+0000][1][safepoint    ] Total time for which application threads were stopped: 0.0000341 seconds, Stopping threads took: 0.0000061 seconds
[2019-06-24T09:24:18.225+0000][1][safepoint    ] Application time: 0.0000903 seconds
[2019-06-24T09:24:18.225+0000][1][safepoint    ] Entering safepoint region: RevokeBias
[2019-06-24T09:24:18.225+0000][1][safepoint    ] Leaving safepoint region
[2019-06-24T09:24:18.225+0000][1][safepoint    ] Total time for which application threads were stopped: 0.0000341 seconds, Stopping threads took: 0.0000063 seconds
[2019-06-24T09:24:18.225+0000][1][safepoint    ] Application time: 0.0000291 seconds
[2019-06-24T09:24:18.225+0000][1][safepoint    ] Entering safepoint region: RevokeBias
[2019-06-24T09:24:18.225+0000][1][safepoint    ] Leaving safepoint region
[2019-06-24T09:24:18.225+0000][1][safepoint    ] Total time for which application threads were stopped: 0.0000333 seconds, Stopping threads took: 0.0000062 seconds
[2019-06-24T09:24:18.225+0000][1][safepoint    ] Application time: 0.0000269 seconds
[2019-06-24T09:24:18.225+0000][1][safepoint    ] Entering safepoint region: RevokeBias
[2019-06-24T09:24:18.226+0000][1][safepoint    ] Leaving safepoint region
[2019-06-24T09:24:18.226+0000][1][safepoint    ] Total time for which application threads were stopped: 0.0000329 seconds, Stopping threads took: 0.0000063 seconds
[2019-06-24T09:24:18.226+0000][1][safepoint    ] Application time: 0.0000325 seconds
[2019-06-24T09:24:18.226+0000][1][safepoint    ] Entering safepoint region: RevokeBias
[2019-06-24T09:24:18.226+0000][1][safepoint    ] Leaving safepoint region
[2019-06-24T09:24:18.226+0000][1][safepoint    ] Total time for which application threads were stopped: 0.0000353 seconds, Stopping threads took: 0.0000068 seconds
[2019-06-24T09:24:18.226+0000][1][safepoint    ] Application time: 0.0000325 seconds
[2019-06-24T09:24:18.226+0000][1][safepoint    ] Entering safepoint region: RevokeBias
[2019-06-24T09:24:18.226+0000][1][safepoint    ] Leaving safepoint region
[2019-06-24T09:24:18.226+0000][1][safepoint    ] Total time for which application threads were stopped: 0.0000357 seconds, Stopping threads took: 0.0000068 seconds
[2019-06-24T09:24:18.226+0000][1][safepoint    ] Application time: 0.0000348 seconds
[2019-06-24T09:24:18.226+0000][1][safepoint    ] Entering safepoint region: RevokeBias
[2019-06-24T09:24:18.226+0000][1][safepoint    ] Leaving safepoint region
[2019-06-24T09:24:18.226+0000][1][safepoint    ] Total time for which application threads were stopped: 0.0000355 seconds, Stopping threads took: 0.0000068 seconds
[2019-06-24T09:24:18.226+0000][1][safepoint    ] Application time: 0.0000279 seconds
[2019-06-24T09:24:18.226+0000][1][safepoint    ] Entering safepoint region: RevokeBias
[2019-06-24T09:24:18.226+0000][1][safepoint    ] Leaving safepoint region
[2019-06-24T09:24:18.226+0000][1][safepoint    ] Total time for which application threads were stopped: 0.0000839 seconds, Stopping threads took: 0.0000571 seconds
[2019-06-24T09:24:18.226+0000][1][safepoint    ] Application time: 0.0000319 seconds
[2019-06-24T09:24:18.226+0000][1][safepoint    ] Entering safepoint region: RevokeBias
[2019-06-24T09:24:18.226+0000][1][safepoint    ] Leaving safepoint region
[2019-06-24T09:24:18.226+0000][1][safepoint    ] Total time for which application threads were stopped: 0.0001151 seconds, Stopping threads took: 0.0000816 seconds
[2019-06-24T09:24:18.226+0000][1][safepoint    ] Application time: 0.0000331 seconds
[2019-06-24T09:24:18.226+0000][1][safepoint    ] Entering safepoint region: RevokeBias
[2019-06-24T09:24:18.226+0000][1][safepoint    ] Leaving safepoint region
[2019-06-24T09:24:18.226+0000][1][safepoint    ] Total time for which application threads were stopped: 0.0000345 seconds, Stopping threads took: 0.0000063 seconds
[2019-06-24T09:24:18.226+0000][1][safepoint    ] Application time: 0.0000314 seconds
[2019-06-24T09:24:18.226+0000][1][safepoint    ] Entering safepoint region: RevokeBias
[2019-06-24T09:24:18.226+0000][1][safepoint    ] Leaving safepoint region
[2019-06-24T09:24:18.226+0000][1][safepoint    ] Total time for which application threads were stopped: 0.0000332 seconds, Stopping threads took: 0.0000063 seconds
[2019-06-24T09:24:18.226+0000][1][safepoint    ] Application time: 0.0000276 seconds
[2019-06-24T09:24:18.226+0000][1][safepoint    ] Entering safepoint region: RevokeBias
[2019-06-24T09:24:18.226+0000][1][safepoint    ] Leaving safepoint region
[2019-06-24T09:24:18.226+0000][1][safepoint    ] Total time for which application threads were stopped: 0.0000728 seconds, Stopping threads took: 0.0000430 seconds
[2019-06-24T09:24:18.226+0000][1][safepoint    ] Application time: 0.0000328 seconds
[2019-06-24T09:24:18.226+0000][1][safepoint    ] Entering safepoint region: RevokeBias
[2019-06-24T09:24:18.226+0000][1][safepoint    ] Leaving safepoint region
[2019-06-24T09:24:18.226+0000][1][safepoint    ] Total time for which application threads were stopped: 0.0000571 seconds, Stopping threads took: 0.0000305 seconds
[2019-06-24T09:24:18.227+0000][1][safepoint    ] Application time: 0.0000738 seconds
[2019-06-24T09:24:18.227+0000][1][safepoint    ] Entering safepoint region: RevokeBias
[2019-06-24T09:24:18.227+0000][1][safepoint    ] Leaving safepoint region
[2019-06-24T09:24:18.227+0000][1][safepoint    ] Total time for which application threads were stopped: 0.0000339 seconds, Stopping threads took: 0.0000064 seconds
[2019-06-24T09:24:18.227+0000][1][safepoint    ] Application time: 0.0000334 seconds
[2019-06-24T09:24:18.227+0000][1][safepoint    ] Entering safepoint region: RevokeBias
[2019-06-24T09:24:18.227+0000][1][safepoint    ] Leaving safepoint region
[2019-06-24T09:24:18.227+0000][1][safepoint    ] Total time for which application threads were stopped: 0.0000326 seconds, Stopping threads took: 0.0000063 seconds
[2019-06-24T09:24:18.227+0000][1][safepoint    ] Application time: 0.0000275 seconds
[2019-06-24T09:24:18.227+0000][1][safepoint    ] Entering safepoint region: RevokeBias
[2019-06-24T09:24:18.227+0000][1][safepoint    ] Leaving safepoint region
[2019-06-24T09:24:18.227+0000][1][safepoint    ] Total time for which application threads were stopped: 0.0000718 seconds, Stopping threads took: 0.0000422 seconds
[2019-06-24T09:24:18.227+0000][1][safepoint    ] Application time: 0.0000334 seconds
[2019-06-24T09:24:18.227+0000][1][safepoint    ] Entering safepoint region: BulkRevokeBias
[2019-06-24T09:24:18.227+0000][1][safepoint    ] Leaving safepoint region
[2019-06-24T09:24:18.227+0000][1][safepoint    ] Total time for which application threads were stopped: 0.0000677 seconds, Stopping threads took: 0.0000063 seconds
[2019-06-24T09:24:18.227+0000][1][safepoint    ] Application time: 0.0001052 seconds
[2019-06-24T09:24:18.227+0000][1][safepoint    ] Entering safepoint region: RevokeBias
[2019-06-24T09:24:18.227+0000][1][safepoint    ] Leaving safepoint region
[2019-06-24T09:24:18.227+0000][1][safepoint    ] Total time for which application threads were stopped: 0.0000354 seconds, Stopping threads took: 0.0000062 seconds
[2019-06-24T09:24:18.227+0000][1][safepoint    ] Application time: 0.0000467 seconds
[2019-06-24T09:24:18.227+0000][1][safepoint    ] Entering safepoint region: RevokeBias
[2019-06-24T09:24:18.227+0000][1][safepoint    ] Leaving safepoint region
[2019-06-24T09:24:18.227+0000][1][safepoint    ] Total time for which application threads were stopped: 0.0000336 seconds, Stopping threads took: 0.0000062 seconds
[2019-06-24T09:24:18.227+0000][1][safepoint    ] Application time: 0.0000583 seconds
[2019-06-24T09:24:18.227+0000][1][safepoint    ] Entering safepoint region: RevokeBias
[2019-06-24T09:24:18.227+0000][1][safepoint    ] Leaving safepoint region
[2019-06-24T09:24:18.227+0000][1][safepoint    ] Total time for which application threads were stopped: 0.0000329 seconds, Stopping threads took: 0.0000062 seconds
[2019-06-24T09:24:18.227+0000][1][safepoint    ] Application time: 0.0000415 seconds
[2019-06-24T09:24:18.227+0000][1][safepoint    ] Entering safepoint region: RevokeBias
[2019-06-24T09:24:18.227+0000][1][safepoint    ] Leaving safepoint region
[2019-06-24T09:24:18.227+0000][1][safepoint    ] Total time for which application threads were stopped: 0.0000322 seconds, Stopping threads took: 0.0000062 seconds
[2019-06-24T09:24:18.227+0000][1][safepoint    ] Application time: 0.0000541 seconds
[2019-06-24T09:24:18.227+0000][1][safepoint    ] Entering safepoint region: RevokeBias
[2019-06-24T09:24:18.227+0000][1][safepoint    ] Leaving safepoint region
[2019-06-24T09:24:18.227+0000][1][safepoint    ] Total time for which application threads were stopped: 0.0000511 seconds, Stopping threads took: 0.0000062 seconds
[2019-06-24T09:24:18.227+0000][1][safepoint    ] Application time: 0.0000378 seconds
[2019-06-24T09:24:18.227+0000][1][safepoint    ] Entering safepoint region: RevokeBias
[2019-06-24T09:24:18.227+0000][1][safepoint    ] Leaving safepoint region
[2019-06-24T09:24:18.228+0000][1][safepoint    ] Total time for which application threads were stopped: 0.0000493 seconds, Stopping threads took: 0.0000063 seconds
[2019-06-24T09:24:18.228+0000][1][safepoint    ] Application time: 0.0000575 seconds
[2019-06-24T09:24:18.228+0000][1][safepoint    ] Entering safepoint region: RevokeBias
[2019-06-24T09:24:18.228+0000][1][safepoint    ] Leaving safepoint region
[2019-06-24T09:24:18.228+0000][1][safepoint    ] Total time for which application threads were stopped: 0.0000361 seconds, Stopping threads took: 0.0000096 seconds
[2019-06-24T09:24:18.228+0000][1][safepoint    ] Application time: 0.0000355 seconds
[2019-06-24T09:24:18.228+0000][1][safepoint    ] Entering safepoint region: RevokeBias
[2019-06-24T09:24:18.228+0000][1][safepoint    ] Leaving safepoint region
[2019-06-24T09:24:18.228+0000][1][safepoint    ] Total time for which application threads were stopped: 0.0000310 seconds, Stopping threads took: 0.0000066 seconds
[2019-06-24T09:24:18.228+0000][1][safepoint    ] Application time: 0.0000277 seconds
[2019-06-24T09:24:18.228+0000][1][safepoint    ] Entering safepoint region: RevokeBias
[2019-06-24T09:24:18.228+0000][1][safepoint    ] Leaving safepoint region
[2019-06-24T09:24:18.228+0000][1][safepoint    ] Total time for which application threads were stopped: 0.0000462 seconds, Stopping threads took: 0.0000063 seconds
[2019-06-24T09:24:18.228+0000][1][safepoint    ] Application time: 0.0000368 seconds
[2019-06-24T09:24:18.228+0000][1][safepoint    ] Entering safepoint region: RevokeBias
[2019-06-24T09:24:18.228+0000][1][safepoint    ] Leaving safepoint region
[2019-06-24T09:24:18.228+0000][1][safepoint    ] Total time for which application threads were stopped: 0.0000498 seconds, Stopping threads took: 0.0000063 seconds
[2019-06-24T09:24:18.228+0000][1][safepoint    ] Application time: 0.0000317 seconds
[2019-06-24T09:24:18.228+0000][1][safepoint    ] Entering safepoint region: RevokeBias
[2019-06-24T09:24:18.228+0000][1][safepoint    ] Leaving safepoint region
[2019-06-24T09:24:18.228+0000][1][safepoint    ] Total time for which application threads were stopped: 0.0002068 seconds, Stopping threads took: 0.0001822 seconds
[2019-06-24T09:24:18.228+0000][1][safepoint    ] Application time: 0.0000325 seconds
[2019-06-24T09:24:18.228+0000][1][safepoint    ] Entering safepoint region: RevokeBias
[2019-06-24T09:24:18.228+0000][1][safepoint    ] Leaving safepoint region
[2019-06-24T09:24:18.228+0000][1][safepoint    ] Total time for which application threads were stopped: 0.0000329 seconds, Stopping threads took: 0.0000063 seconds
[2019-06-24T09:24:18.228+0000][1][safepoint    ] Application time: 0.0000285 seconds
[2019-06-24T09:24:18.228+0000][1][safepoint    ] Entering safepoint region: RevokeBias
[2019-06-24T09:24:18.228+0000][1][safepoint    ] Leaving safepoint region
[2019-06-24T09:24:18.228+0000][1][safepoint    ] Total time for which application threads were stopped: 0.0000322 seconds, Stopping threads took: 0.0000061 seconds
[2019-06-24T09:24:18.228+0000][1][safepoint    ] Application time: 0.0000282 seconds
[2019-06-24T09:24:18.228+0000][1][safepoint    ] Entering safepoint region: RevokeBias
[2019-06-24T09:24:18.228+0000][1][safepoint    ] Leaving safepoint region
[2019-06-24T09:24:18.228+0000][1][safepoint    ] Total time for which application threads were stopped: 0.0000316 seconds, Stopping threads took: 0.0000062 seconds
[2019-06-24T09:24:18.228+0000][1][safepoint    ] Application time: 0.0000285 seconds
[2019-06-24T09:24:18.228+0000][1][safepoint    ] Entering safepoint region: RevokeBias
[2019-06-24T09:24:18.228+0000][1][safepoint    ] Leaving safepoint region
[2019-06-24T09:24:18.228+0000][1][safepoint    ] Total time for which application threads were stopped: 0.0000319 seconds, Stopping threads took: 0.0000061 seconds
[2019-06-24T09:24:18.228+0000][1][safepoint    ] Application time: 0.0000282 seconds
[2019-06-24T09:24:18.228+0000][1][safepoint    ] Entering safepoint region: RevokeBias
[2019-06-24T09:24:18.228+0000][1][safepoint    ] Leaving safepoint region
[2019-06-24T09:24:18.228+0000][1][safepoint    ] Total time for which application threads were stopped: 0.0000314 seconds, Stopping threads took: 0.0000062 seconds
[2019-06-24T09:24:18.229+0000][1][safepoint    ] Application time: 0.0000284 seconds
[2019-06-24T09:24:18.229+0000][1][safepoint    ] Entering safepoint region: RevokeBias
[2019-06-24T09:24:18.229+0000][1][safepoint    ] Leaving safepoint region
[2019-06-24T09:24:18.229+0000][1][safepoint    ] Total time for which application threads were stopped: 0.0000321 seconds, Stopping threads took: 0.0000062 seconds
[2019-06-24T09:24:18.229+0000][1][safepoint    ] Application time: 0.0000281 seconds
[2019-06-24T09:24:18.229+0000][1][safepoint    ] Entering safepoint region: RevokeBias
[2019-06-24T09:24:18.229+0000][1][safepoint    ] Leaving safepoint region
[2019-06-24T09:24:18.229+0000][1][safepoint    ] Total time for which application threads were stopped: 0.0000312 seconds, Stopping threads took: 0.0000061 seconds
[2019-06-24T09:24:18.229+0000][1][safepoint    ] Application time: 0.0000282 seconds
[2019-06-24T09:24:18.229+0000][1][safepoint    ] Entering safepoint region: RevokeBias
[2019-06-24T09:24:18.229+0000][1][safepoint    ] Leaving safepoint region
[2019-06-24T09:24:18.229+0000][1][safepoint    ] Total time for which application threads were stopped: 0.0000319 seconds, Stopping threads took: 0.0000061 seconds
[2019-06-24T09:24:18.229+0000][1][safepoint    ] Application time: 0.0000294 seconds
[2019-06-24T09:24:18.229+0000][1][safepoint    ] Entering safepoint region: RevokeBias
[2019-06-24T09:24:18.229+0000][1][safepoint    ] Leaving safepoint region
[2019-06-24T09:24:18.229+0000][1][safepoint    ] Total time for which application threads were stopped: 0.0000313 seconds, Stopping threads took: 0.0000061 seconds
[2019-06-24T09:24:18.229+0000][1][safepoint    ] Application time: 0.0000285 seconds
[2019-06-24T09:24:18.229+0000][1][safepoint    ] Entering safepoint region: RevokeBias
[2019-06-24T09:24:18.229+0000][1][safepoint    ] Leaving safepoint region
[2019-06-24T09:24:18.229+0000][1][safepoint    ] Total time for which application threads were stopped: 0.0000320 seconds, Stopping threads took: 0.0000062 seconds
[2019-06-24T09:24:18.229+0000][1][safepoint    ] Application time: 0.0000288 seconds
[2019-06-24T09:24:18.229+0000][1][safepoint    ] Entering safepoint region: RevokeBias
[2019-06-24T09:24:18.229+0000][1][safepoint    ] Leaving safepoint region
[2019-06-24T09:24:18.229+0000][1][safepoint    ] Total time for which application threads were stopped: 0.0000313 seconds, Stopping threads took: 0.0000061 seconds
[2019-06-24T09:24:18.229+0000][1][safepoint    ] Application time: 0.0000292 seconds
[2019-06-24T09:24:18.229+0000][1][safepoint    ] Entering safepoint region: RevokeBias
[2019-06-24T09:24:18.229+0000][1][safepoint    ] Leaving safepoint region
[2019-06-24T09:24:18.229+0000][1][safepoint    ] Total time for which application threads were stopped: 0.0000317 seconds, Stopping threads took: 0.0000061 seconds
[2019-06-24T09:24:18.229+0000][1][safepoint    ] Application time: 0.0000304 seconds
[2019-06-24T09:24:18.229+0000][1][safepoint    ] Entering safepoint region: BulkRevokeBias
[2019-06-24T09:24:18.229+0000][1][safepoint    ] Leaving safepoint region
[2019-06-24T09:24:18.229+0000][1][safepoint    ] Total time for which application threads were stopped: 0.0000707 seconds, Stopping threads took: 0.0000061 seconds
[2019-06-24T09:24:18.229+0000][1][safepoint    ] Application time: 0.0002054 seconds
[2019-06-24T09:24:18.229+0000][1][safepoint    ] Entering safepoint region: RevokeBias
[2019-06-24T09:24:18.229+0000][1][safepoint    ] Leaving safepoint region
[2019-06-24T09:24:18.229+0000][1][safepoint    ] Total time for which application threads were stopped: 0.0000760 seconds, Stopping threads took: 0.0000368 seconds
[2019-06-24T09:24:18.229+0000][1][safepoint    ] Application time: 0.0000532 seconds
[2019-06-24T09:24:18.230+0000][1][safepoint    ] Entering safepoint region: RevokeBias
[2019-06-24T09:24:18.230+0000][1][safepoint    ] Leaving safepoint region
[2019-06-24T09:24:18.230+0000][1][safepoint    ] Total time for which application threads were stopped: 0.0001409 seconds, Stopping threads took: 0.0001104 seconds
[2019-06-24T09:24:18.230+0000][1][safepoint    ] Application time: 0.0001614 seconds
[2019-06-24T09:24:18.230+0000][1][safepoint    ] Entering safepoint region: RevokeBias
[2019-06-24T09:24:18.230+0000][1][safepoint    ] Leaving safepoint region
[2019-06-24T09:24:18.230+0000][1][safepoint    ] Total time for which application threads were stopped: 0.0000747 seconds, Stopping threads took: 0.0000308 seconds
[2019-06-24T09:24:18.230+0000][1][safepoint    ] Application time: 0.0001262 seconds
[2019-06-24T09:24:18.230+0000][1][safepoint    ] Entering safepoint region: RevokeBias
[2019-06-24T09:24:18.230+0000][1][safepoint    ] Leaving safepoint region
[2019-06-24T09:24:18.230+0000][1][safepoint    ] Total time for which application threads were stopped: 0.0000811 seconds, Stopping threads took: 0.0000335 seconds
[2019-06-24T09:24:18.230+0000][1][safepoint    ] Application time: 0.0001105 seconds
[2019-06-24T09:24:18.230+0000][1][safepoint    ] Entering safepoint region: RevokeBias
[2019-06-24T09:24:18.230+0000][1][safepoint    ] Leaving safepoint region
[2019-06-24T09:24:18.230+0000][1][safepoint    ] Total time for which application threads were stopped: 0.0000717 seconds, Stopping threads took: 0.0000337 seconds
[2019-06-24T09:24:18.230+0000][1][safepoint    ] Application time: 0.0000665 seconds
[2019-06-24T09:24:18.230+0000][1][safepoint    ] Entering safepoint region: RevokeBias
[2019-06-24T09:24:18.230+0000][1][safepoint    ] Leaving safepoint region
[2019-06-24T09:24:18.230+0000][1][safepoint    ] Total time for which application threads were stopped: 0.0000494 seconds, Stopping threads took: 0.0000162 seconds
[2019-06-24T09:24:18.231+0000][1][safepoint    ] Application time: 0.0002943 seconds
[2019-06-24T09:24:18.231+0000][1][safepoint    ] Entering safepoint region: RevokeBias
[2019-06-24T09:24:18.231+0000][1][safepoint    ] Leaving safepoint region
[2019-06-24T09:24:18.231+0000][1][safepoint    ] Total time for which application threads were stopped: 0.0000572 seconds, Stopping threads took: 0.0000218 seconds
[2019-06-24T09:24:18.231+0000][1][safepoint    ] Application time: 0.0002496 seconds
[2019-06-24T09:24:18.231+0000][1][safepoint    ] Entering safepoint region: RevokeBias
[2019-06-24T09:24:18.231+0000][1][safepoint    ] Leaving safepoint region
[2019-06-24T09:24:18.231+0000][1][safepoint    ] Total time for which application threads were stopped: 0.0002104 seconds, Stopping threads took: 0.0001640 seconds
[2019-06-24T09:24:18.231+0000][1][safepoint    ] Application time: 0.0001087 seconds
[2019-06-24T09:24:18.231+0000][1][safepoint    ] Entering safepoint region: RevokeBias
[2019-06-24T09:24:18.231+0000][1][safepoint    ] Leaving safepoint region
[2019-06-24T09:24:18.231+0000][1][safepoint    ] Total time for which application threads were stopped: 0.0000707 seconds, Stopping threads took: 0.0000269 seconds
[2019-06-24T09:24:18.232+0000][1][safepoint    ] Application time: 0.0000900 seconds
[2019-06-24T09:24:18.232+0000][1][safepoint    ] Entering safepoint region: RevokeBias
[2019-06-24T09:24:18.232+0000][1][safepoint    ] Leaving safepoint region
[2019-06-24T09:24:18.232+0000][1][safepoint    ] Total time for which application threads were stopped: 0.0000495 seconds, Stopping threads took: 0.0000221 seconds
[2019-06-24T09:24:18.232+0000][1][safepoint    ] Application time: 0.0002006 seconds
[2019-06-24T09:24:18.232+0000][1][safepoint    ] Entering safepoint region: RevokeBias
[2019-06-24T09:24:18.232+0000][1][safepoint    ] Leaving safepoint region
[2019-06-24T09:24:18.232+0000][1][safepoint    ] Total time for which application threads were stopped: 0.0000616 seconds, Stopping threads took: 0.0000084 seconds
[2019-06-24T09:24:18.232+0000][1][safepoint    ] Application time: 0.0000968 seconds
[2019-06-24T09:24:18.232+0000][1][safepoint    ] Entering safepoint region: RevokeBias
[2019-06-24T09:24:18.232+0000][1][safepoint    ] Leaving safepoint region
[2019-06-24T09:24:18.232+0000][1][safepoint    ] Total time for which application threads were stopped: 0.0000505 seconds, Stopping threads took: 0.0000079 seconds
[2019-06-24T09:24:18.232+0000][1][safepoint    ] Application time: 0.0000725 seconds
[2019-06-24T09:24:18.233+0000][1][safepoint    ] Entering safepoint region: RevokeBias
[2019-06-24T09:24:18.233+0000][1][safepoint    ] Leaving safepoint region
[2019-06-24T09:24:18.233+0000][1][safepoint    ] Total time for which application threads were stopped: 0.0003681 seconds, Stopping threads took: 0.0003267 seconds
[2019-06-24T09:24:18.233+0000][1][safepoint    ] Application time: 0.0006343 seconds
[2019-06-24T09:24:18.233+0000][1][safepoint    ] Entering safepoint region: RevokeBias
[2019-06-24T09:24:18.233+0000][1][safepoint    ] Leaving safepoint region
[2019-06-24T09:24:18.233+0000][1][safepoint    ] Total time for which application threads were stopped: 0.0000620 seconds, Stopping threads took: 0.0000115 seconds
[2019-06-24T09:24:18.233+0000][1][safepoint    ] Application time: 0.0000968 seconds
[2019-06-24T09:24:18.233+0000][1][safepoint    ] Entering safepoint region: RevokeBias
[2019-06-24T09:24:18.233+0000][1][safepoint    ] Leaving safepoint region
[2019-06-24T09:24:18.233+0000][1][safepoint    ] Total time for which application threads were stopped: 0.0000649 seconds, Stopping threads took: 0.0000267 seconds
[2019-06-24T09:24:18.234+0000][1][safepoint    ] Application time: 0.0000731 seconds
[2019-06-24T09:24:18.234+0000][1][safepoint    ] Entering safepoint region: RevokeBias
[2019-06-24T09:24:18.234+0000][1][safepoint    ] Leaving safepoint region
[2019-06-24T09:24:18.234+0000][1][safepoint    ] Total time for which application threads were stopped: 0.0000396 seconds, Stopping threads took: 0.0000071 seconds
[2019-06-24T09:24:18.234+0000][1][safepoint    ] Application time: 0.0001574 seconds
[2019-06-24T09:24:18.234+0000][1][safepoint    ] Entering safepoint region: RevokeBias
[2019-06-24T09:24:18.234+0000][1][safepoint    ] Leaving safepoint region
[2019-06-24T09:24:18.234+0000][1][safepoint    ] Total time for which application threads were stopped: 0.0002699 seconds, Stopping threads took: 0.0002323 seconds
[2019-06-24T09:24:18.235+0000][1][safepoint    ] Application time: 0.0011969 seconds
[2019-06-24T09:24:18.235+0000][1][safepoint    ] Entering safepoint region: RevokeBias
[2019-06-24T09:24:18.235+0000][1][safepoint    ] Leaving safepoint region
[2019-06-24T09:24:18.235+0000][1][safepoint    ] Total time for which application threads were stopped: 0.0000697 seconds, Stopping threads took: 0.0000129 seconds
[2019-06-24T09:24:18.235+0000][1][safepoint    ] Application time: 0.0000876 seconds
[2019-06-24T09:24:18.235+0000][1][safepoint    ] Entering safepoint region: RevokeBias
[2019-06-24T09:24:18.235+0000][1][safepoint    ] Leaving safepoint region
[2019-06-24T09:24:18.236+0000][1][safepoint    ] Total time for which application threads were stopped: 0.0000719 seconds, Stopping threads took: 0.0000319 seconds
[2019-06-24T09:24:18.236+0000][1][safepoint    ] Application time: 0.0000397 seconds
[2019-06-24T09:24:18.236+0000][1][safepoint    ] Entering safepoint region: RevokeBias
[2019-06-24T09:24:18.236+0000][1][safepoint    ] Leaving safepoint region
[2019-06-24T09:24:18.236+0000][1][safepoint    ] Total time for which application threads were stopped: 0.0000402 seconds, Stopping threads took: 0.0000071 seconds
[2019-06-24T09:24:18.237+0000][1][safepoint    ] Application time: 0.0017496 seconds
[2019-06-24T09:24:18.237+0000][1][safepoint    ] Entering safepoint region: RevokeBias
[2019-06-24T09:24:18.238+0000][1][safepoint    ] Leaving safepoint region
[2019-06-24T09:24:18.238+0000][1][safepoint    ] Total time for which application threads were stopped: 0.0001373 seconds, Stopping threads took: 0.0000570 seconds
[2019-06-24T09:24:18.238+0000][1][safepoint    ] Application time: 0.0000475 seconds
[2019-06-24T09:24:18.238+0000][1][safepoint    ] Entering safepoint region: RevokeBias
[2019-06-24T09:24:18.238+0000][1][safepoint    ] Leaving safepoint region
[2019-06-24T09:24:18.238+0000][1][safepoint    ] Total time for which application threads were stopped: 0.0000811 seconds, Stopping threads took: 0.0000282 seconds
[2019-06-24T09:24:18.238+0000][1][safepoint    ] Application time: 0.0002389 seconds
[2019-06-24T09:24:18.238+0000][1][safepoint    ] Entering safepoint region: RevokeBias
[2019-06-24T09:24:18.238+0000][1][safepoint    ] Leaving safepoint region
[2019-06-24T09:24:18.238+0000][1][safepoint    ] Total time for which application threads were stopped: 0.0000713 seconds, Stopping threads took: 0.0000410 seconds
[2019-06-24T09:24:18.280+0000][1][safepoint    ] Application time: 0.0416420 seconds
[2019-06-24T09:24:18.280+0000][1][safepoint    ] Entering safepoint region: RevokeBias
[2019-06-24T09:24:18.280+0000][1][safepoint    ] Leaving safepoint region
[2019-06-24T09:24:18.280+0000][1][safepoint    ] Total time for which application threads were stopped: 0.0000610 seconds, Stopping threads took: 0.0000126 seconds
[2019-06-24T09:24:18.282+0000][1][safepoint    ] Application time: 0.0019422 seconds
[2019-06-24T09:24:18.282+0000][1][safepoint    ] Entering safepoint region: GenCollectForAllocation
[2019-06-24T09:24:18.282+0000][1][gc,start     ] GC(19) Pause Young (Allocation Failure)
[2019-06-24T09:24:18.282+0000][1][gc,task      ] GC(19) Using 5 workers of 8 for evacuation
[2019-06-24T09:24:18.287+0000][1][gc,age       ] GC(19) Desired survivor size 4456448 bytes, new threshold 2 (max threshold 6)
[2019-06-24T09:24:18.287+0000][1][gc,age       ] GC(19) Age table with threshold 2 (max threshold 6)
[2019-06-24T09:24:18.287+0000][1][gc,age       ] GC(19) - age   1:    2834968 bytes,    2834968 total
[2019-06-24T09:24:18.287+0000][1][gc,age       ] GC(19) - age   2:    3514920 bytes,    6349888 total
[2019-06-24T09:24:18.287+0000][1][gc,age       ] GC(19) - age   3:     571664 bytes,    6921552 total
[2019-06-24T09:24:18.287+0000][1][gc,heap      ] GC(19) ParNew: 75255K->8489K(78656K)
[2019-06-24T09:24:18.287+0000][1][gc,heap      ] GC(19) CMS: 56006K->56006K(174784K)
[2019-06-24T09:24:18.287+0000][1][gc,metaspace ] GC(19) Metaspace: 47509K->47509K(1093632K)
[2019-06-24T09:24:18.287+0000][1][gc           ] GC(19) Pause Young (Allocation Failure) 128M->62M(247M) 5.482ms
[2019-06-24T09:24:18.287+0000][1][gc,cpu       ] GC(19) User=0.04s Sys=0.00s Real=0.01s
[2019-06-24T09:24:18.287+0000][1][safepoint    ] Leaving safepoint region
[2019-06-24T09:24:18.287+0000][1][safepoint    ] Total time for which application threads were stopped: 0.0055879 seconds, Stopping threads took: 0.0000123 seconds
[2019-06-24T09:24:18.434+0000][1][safepoint    ] Application time: 0.1464701 seconds
[2019-06-24T09:24:18.434+0000][1][safepoint    ] Entering safepoint region: RevokeBias
[2019-06-24T09:24:18.434+0000][1][safepoint    ] Leaving safepoint region
[2019-06-24T09:24:18.434+0000][1][safepoint    ] Total time for which application threads were stopped: 0.0001179 seconds, Stopping threads took: 0.0000492 seconds
[2019-06-24T09:24:18.782+0000][1][safepoint    ] Application time: 0.3477738 seconds
[2019-06-24T09:24:18.782+0000][1][safepoint    ] Entering safepoint region: GenCollectForAllocation
[2019-06-24T09:24:18.782+0000][1][gc,start     ] GC(20) Pause Young (Allocation Failure)
[2019-06-24T09:24:18.782+0000][1][gc,task      ] GC(20) Using 5 workers of 8 for evacuation
[2019-06-24T09:24:18.791+0000][1][gc,age       ] GC(20) Desired survivor size 4456448 bytes, new threshold 6 (max threshold 6)
[2019-06-24T09:24:18.791+0000][1][gc,age       ] GC(20) Age table with threshold 6 (max threshold 6)
[2019-06-24T09:24:18.791+0000][1][gc,age       ] GC(20) - age   1:    1556560 bytes,    1556560 total
[2019-06-24T09:24:18.791+0000][1][gc,age       ] GC(20) - age   2:    2793976 bytes,    4350536 total
[2019-06-24T09:24:18.791+0000][1][gc,heap      ] GC(20) ParNew: 78441K->7144K(78656K)
[2019-06-24T09:24:18.791+0000][1][gc,heap      ] GC(20) CMS: 56006K->60144K(174784K)
[2019-06-24T09:24:18.791+0000][1][gc,metaspace ] GC(20) Metaspace: 54770K->54770K(1099776K)
[2019-06-24T09:24:18.791+0000][1][gc           ] GC(20) Pause Young (Allocation Failure) 131M->65M(247M) 8.989ms
[2019-06-24T09:24:18.791+0000][1][gc,cpu       ] GC(20) User=0.05s Sys=0.00s Real=0.01s
[2019-06-24T09:24:18.791+0000][1][safepoint    ] Leaving safepoint region
[2019-06-24T09:24:18.791+0000][1][safepoint    ] Total time for which application threads were stopped: 0.0094382 seconds, Stopping threads took: 0.0000122 seconds
[2019-06-24T09:24:18.903+0000][1][safepoint    ] Application time: 0.1117256 seconds
[2019-06-24T09:24:18.903+0000][1][safepoint    ] Entering safepoint region: Deoptimize
[2019-06-24T09:24:18.904+0000][1][safepoint    ] Leaving safepoint region
[2019-06-24T09:24:18.904+0000][1][safepoint    ] Total time for which application threads were stopped: 0.0007773 seconds, Stopping threads took: 0.0000139 seconds
[2019-06-24T09:24:18.936+0000][1][safepoint    ] Application time: 0.0319037 seconds
[2019-06-24T09:24:18.936+0000][1][safepoint    ] Entering safepoint region: RevokeBias
[2019-06-24T09:24:18.936+0000][1][safepoint    ] Leaving safepoint region
[2019-06-24T09:24:18.936+0000][1][safepoint    ] Total time for which application threads were stopped: 0.0000834 seconds, Stopping threads took: 0.0000138 seconds
[2019-06-24T09:24:18.936+0000][1][safepoint    ] Application time: 0.0000835 seconds
[2019-06-24T09:24:18.936+0000][1][safepoint    ] Entering safepoint region: RevokeBias
[2019-06-24T09:24:18.936+0000][1][safepoint    ] Leaving safepoint region
[2019-06-24T09:24:18.936+0000][1][safepoint    ] Total time for which application threads were stopped: 0.0001651 seconds, Stopping threads took: 0.0001232 seconds
[2019-06-24T09:24:18.936+0000][1][safepoint    ] Application time: 0.0001026 seconds
[2019-06-24T09:24:18.936+0000][1][safepoint    ] Entering safepoint region: RevokeBias
[2019-06-24T09:24:18.936+0000][1][safepoint    ] Leaving safepoint region
[2019-06-24T09:24:18.936+0000][1][safepoint    ] Total time for which application threads were stopped: 0.0000385 seconds, Stopping threads took: 0.0000081 seconds
[2019-06-24T09:24:18.938+0000][1][safepoint    ] Application time: 0.0022852 seconds
[2019-06-24T09:24:18.939+0000][1][safepoint    ] Entering safepoint region: RevokeBias
[2019-06-24T09:24:18.939+0000][1][safepoint    ] Leaving safepoint region
[2019-06-24T09:24:18.939+0000][1][safepoint    ] Total time for which application threads were stopped: 0.0000659 seconds, Stopping threads took: 0.0000143 seconds
[2019-06-24T09:24:19.089+0000][1][safepoint    ] Application time: 0.1502005 seconds
[2019-06-24T09:24:19.089+0000][1][safepoint    ] Entering safepoint region: Deoptimize
[2019-06-24T09:24:19.090+0000][1][safepoint    ] Leaving safepoint region
[2019-06-24T09:24:19.090+0000][1][safepoint    ] Total time for which application threads were stopped: 0.0011476 seconds, Stopping threads took: 0.0000126 seconds
[2019-06-24T09:24:19.164+0000][1][safepoint    ] Application time: 0.0737219 seconds
[2019-06-24T09:24:19.164+0000][1][safepoint    ] Entering safepoint region: RevokeBias
[2019-06-24T09:24:19.164+0000][1][safepoint    ] Leaving safepoint region
[2019-06-24T09:24:19.164+0000][1][safepoint    ] Total time for which application threads were stopped: 0.0001970 seconds, Stopping threads took: 0.0001273 seconds
[2019-06-24T09:24:19.164+0000][1][safepoint    ] Application time: 0.0000561 seconds
[2019-06-24T09:24:19.164+0000][1][safepoint    ] Entering safepoint region: RevokeBias
[2019-06-24T09:24:19.164+0000][1][safepoint    ] Leaving safepoint region
[2019-06-24T09:24:19.164+0000][1][safepoint    ] Total time for which application threads were stopped: 0.0001168 seconds, Stopping threads took: 0.0000497 seconds
[2019-06-24T09:24:19.165+0000][1][safepoint    ] Application time: 0.0006679 seconds
[2019-06-24T09:24:19.165+0000][1][safepoint    ] Entering safepoint region: BulkRevokeBias
[2019-06-24T09:24:19.165+0000][1][safepoint    ] Leaving safepoint region
[2019-06-24T09:24:19.165+0000][1][safepoint    ] Total time for which application threads were stopped: 0.0001473 seconds, Stopping threads took: 0.0000338 seconds
[2019-06-24T09:24:19.165+0000][1][safepoint    ] Application time: 0.0001946 seconds
[2019-06-24T09:24:19.165+0000][1][safepoint    ] Entering safepoint region: RevokeBias
[2019-06-24T09:24:19.165+0000][1][safepoint    ] Leaving safepoint region
[2019-06-24T09:24:19.165+0000][1][safepoint    ] Total time for which application threads were stopped: 0.0000747 seconds, Stopping threads took: 0.0000395 seconds
[2019-06-24T09:24:19.209+0000][1][safepoint    ] Application time: 0.0440797 seconds
[2019-06-24T09:24:19.209+0000][1][safepoint    ] Entering safepoint region: RevokeBias
[2019-06-24T09:24:19.209+0000][1][safepoint    ] Leaving safepoint region
[2019-06-24T09:24:19.210+0000][1][safepoint    ] Total time for which application threads were stopped: 0.0000921 seconds, Stopping threads took: 0.0000150 seconds
[2019-06-24T09:24:19.422+0000][1][safepoint    ] Application time: 0.2123947 seconds
[2019-06-24T09:24:19.422+0000][1][safepoint    ] Entering safepoint region: RevokeBias
[2019-06-24T09:24:19.422+0000][1][safepoint    ] Leaving safepoint region
[2019-06-24T09:24:19.422+0000][1][safepoint    ] Total time for which application threads were stopped: 0.0000663 seconds, Stopping threads took: 0.0000122 seconds
[2019-06-24T09:24:19.422+0000][1][safepoint    ] Application time: 0.0000402 seconds
[2019-06-24T09:24:19.422+0000][1][safepoint    ] Entering safepoint region: BulkRevokeBias
[2019-06-24T09:24:19.422+0000][1][safepoint    ] Leaving safepoint region
[2019-06-24T09:24:19.422+0000][1][safepoint    ] Total time for which application threads were stopped: 0.0000892 seconds, Stopping threads took: 0.0000084 seconds
[2019-06-24T09:24:19.463+0000][1][safepoint    ] Application time: 0.0411126 seconds
[2019-06-24T09:24:19.463+0000][1][safepoint    ] Entering safepoint region: RevokeBias
[2019-06-24T09:24:19.463+0000][1][safepoint    ] Leaving safepoint region
[2019-06-24T09:24:19.463+0000][1][safepoint    ] Total time for which application threads were stopped: 0.0000620 seconds, Stopping threads took: 0.0000128 seconds
[2019-06-24T09:24:19.463+0000][1][safepoint    ] Application time: 0.0000827 seconds
[2019-06-24T09:24:19.463+0000][1][safepoint    ] Entering safepoint region: RevokeBias
[2019-06-24T09:24:19.464+0000][1][safepoint    ] Leaving safepoint region
[2019-06-24T09:24:19.464+0000][1][safepoint    ] Total time for which application threads were stopped: 0.0000537 seconds, Stopping threads took: 0.0000240 seconds
[2019-06-24T09:24:19.464+0000][1][safepoint    ] Application time: 0.0001395 seconds
[2019-06-24T09:24:19.464+0000][1][safepoint    ] Entering safepoint region: RevokeBias
[2019-06-24T09:24:19.464+0000][1][safepoint    ] Leaving safepoint region
[2019-06-24T09:24:19.464+0000][1][safepoint    ] Total time for which application threads were stopped: 0.0000536 seconds, Stopping threads took: 0.0000232 seconds
[2019-06-24T09:24:19.464+0000][1][safepoint    ] Application time: 0.0002266 seconds
[2019-06-24T09:24:19.464+0000][1][safepoint    ] Entering safepoint region: RevokeBias
[2019-06-24T09:24:19.464+0000][1][safepoint    ] Leaving safepoint region
[2019-06-24T09:24:19.464+0000][1][safepoint    ] Total time for which application threads were stopped: 0.0000346 seconds, Stopping threads took: 0.0000078 seconds
[2019-06-24T09:24:19.464+0000][1][safepoint    ] Application time: 0.0001019 seconds
[2019-06-24T09:24:19.464+0000][1][safepoint    ] Entering safepoint region: RevokeBias
[2019-06-24T09:24:19.464+0000][1][safepoint    ] Leaving safepoint region
[2019-06-24T09:24:19.464+0000][1][safepoint    ] Total time for which application threads were stopped: 0.0000640 seconds, Stopping threads took: 0.0000376 seconds
[2019-06-24T09:24:19.464+0000][1][safepoint    ] Application time: 0.0002770 seconds
[2019-06-24T09:24:19.464+0000][1][safepoint    ] Entering safepoint region: RevokeBias
[2019-06-24T09:24:19.465+0000][1][safepoint    ] Leaving safepoint region
[2019-06-24T09:24:19.465+0000][1][safepoint    ] Total time for which application threads were stopped: 0.0000347 seconds, Stopping threads took: 0.0000076 seconds
[2019-06-24T09:24:19.465+0000][1][safepoint    ] Application time: 0.0001210 seconds
[2019-06-24T09:24:19.465+0000][1][safepoint    ] Entering safepoint region: RevokeBias
[2019-06-24T09:24:19.465+0000][1][safepoint    ] Leaving safepoint region
[2019-06-24T09:24:19.465+0000][1][safepoint    ] Total time for which application threads were stopped: 0.0000440 seconds, Stopping threads took: 0.0000181 seconds
[2019-06-24T09:24:19.505+0000][1][safepoint    ] Application time: 0.0402772 seconds
[2019-06-24T09:24:19.505+0000][1][safepoint    ] Entering safepoint region: Deoptimize
[2019-06-24T09:24:19.506+0000][1][safepoint    ] Leaving safepoint region
[2019-06-24T09:24:19.506+0000][1][safepoint    ] Total time for which application threads were stopped: 0.0005080 seconds, Stopping threads took: 0.0000182 seconds
[2019-06-24T09:24:19.511+0000][1][safepoint    ] Application time: 0.0059453 seconds
[2019-06-24T09:24:19.512+0000][1][safepoint    ] Entering safepoint region: GenCollectForAllocation
[2019-06-24T09:24:19.512+0000][1][gc,start     ] GC(21) Pause Young (Allocation Failure)
[2019-06-24T09:24:19.512+0000][1][gc,task      ] GC(21) Using 5 workers of 8 for evacuation
[2019-06-24T09:24:19.519+0000][1][gc,age       ] GC(21) Desired survivor size 4456448 bytes, new threshold 2 (max threshold 6)
[2019-06-24T09:24:19.519+0000][1][gc,age       ] GC(21) Age table with threshold 2 (max threshold 6)
[2019-06-24T09:24:19.519+0000][1][gc,age       ] GC(21) - age   1:    3657504 bytes,    3657504 total
[2019-06-24T09:24:19.519+0000][1][gc,age       ] GC(21) - age   2:    1464744 bytes,    5122248 total
[2019-06-24T09:24:19.519+0000][1][gc,age       ] GC(21) - age   3:    2734208 bytes,    7856456 total
[2019-06-24T09:24:19.519+0000][1][gc,heap      ] GC(21) ParNew: 77096K->8704K(78656K)
[2019-06-24T09:24:19.519+0000][1][gc,heap      ] GC(21) CMS: 60144K->60335K(174784K)
[2019-06-24T09:24:19.519+0000][1][gc,metaspace ] GC(21) Metaspace: 62862K->62862K(1107968K)
[2019-06-24T09:24:19.519+0000][1][gc           ] GC(21) Pause Young (Allocation Failure) 134M->67M(247M) 7.072ms
[2019-06-24T09:24:19.519+0000][1][gc,cpu       ] GC(21) User=0.04s Sys=0.00s Real=0.01s
[2019-06-24T09:24:19.519+0000][1][safepoint    ] Leaving safepoint region
[2019-06-24T09:24:19.519+0000][1][safepoint    ] Total time for which application threads were stopped: 0.0072582 seconds, Stopping threads took: 0.0000961 seconds
[2019-06-24T09:24:19.519+0000][1][safepoint    ] Application time: 0.0001578 seconds
[2019-06-24T09:24:19.519+0000][1][safepoint    ] Entering safepoint region: RevokeBias
[2019-06-24T09:24:19.519+0000][1][safepoint    ] Leaving safepoint region
[2019-06-24T09:24:19.519+0000][1][safepoint    ] Total time for which application threads were stopped: 0.0000687 seconds, Stopping threads took: 0.0000226 seconds
[2019-06-24T09:24:19.519+0000][1][safepoint    ] Application time: 0.0003255 seconds
[2019-06-24T09:24:19.519+0000][1][safepoint    ] Entering safepoint region: RevokeBias
[2019-06-24T09:24:19.519+0000][1][safepoint    ] Leaving safepoint region
[2019-06-24T09:24:19.519+0000][1][safepoint    ] Total time for which application threads were stopped: 0.0000629 seconds, Stopping threads took: 0.0000274 seconds
[2019-06-24T09:24:19.519+0000][1][safepoint    ] Application time: 0.0000479 seconds
[2019-06-24T09:24:19.520+0000][1][safepoint    ] Entering safepoint region: RevokeBias
[2019-06-24T09:24:19.520+0000][1][safepoint    ] Leaving safepoint region
[2019-06-24T09:24:19.520+0000][1][safepoint    ] Total time for which application threads were stopped: 0.0000364 seconds, Stopping threads took: 0.0000072 seconds
[2019-06-24T09:24:19.520+0000][1][safepoint    ] Application time: 0.0000866 seconds
[2019-06-24T09:24:19.520+0000][1][safepoint    ] Entering safepoint region: RevokeBias
[2019-06-24T09:24:19.520+0000][1][safepoint    ] Leaving safepoint region
[2019-06-24T09:24:19.520+0000][1][safepoint    ] Total time for which application threads were stopped: 0.0000610 seconds, Stopping threads took: 0.0000302 seconds
[2019-06-24T09:24:19.520+0000][1][safepoint    ] Application time: 0.0000813 seconds
[2019-06-24T09:24:19.520+0000][1][safepoint    ] Entering safepoint region: RevokeBias
[2019-06-24T09:24:19.520+0000][1][safepoint    ] Leaving safepoint region
[2019-06-24T09:24:19.520+0000][1][safepoint    ] Total time for which application threads were stopped: 0.0000470 seconds, Stopping threads took: 0.0000172 seconds
[2019-06-24T09:24:19.520+0000][1][safepoint    ] Application time: 0.0000799 seconds
[2019-06-24T09:24:19.520+0000][1][safepoint    ] Entering safepoint region: RevokeBias
[2019-06-24T09:24:19.520+0000][1][safepoint    ] Leaving safepoint region
[2019-06-24T09:24:19.520+0000][1][safepoint    ] Total time for which application threads were stopped: 0.0000363 seconds, Stopping threads took: 0.0000083 seconds
[2019-06-24T09:24:19.520+0000][1][safepoint    ] Application time: 0.0000818 seconds
[2019-06-24T09:24:19.520+0000][1][safepoint    ] Entering safepoint region: RevokeBias
[2019-06-24T09:24:19.520+0000][1][safepoint    ] Leaving safepoint region
[2019-06-24T09:24:19.520+0000][1][safepoint    ] Total time for which application threads were stopped: 0.0000525 seconds, Stopping threads took: 0.0000083 seconds
[2019-06-24T09:24:19.520+0000][1][safepoint    ] Application time: 0.0000314 seconds
[2019-06-24T09:24:19.520+0000][1][safepoint    ] Entering safepoint region: RevokeBias
[2019-06-24T09:24:19.520+0000][1][safepoint    ] Leaving safepoint region
[2019-06-24T09:24:19.520+0000][1][safepoint    ] Total time for which application threads were stopped: 0.0000310 seconds, Stopping threads took: 0.0000065 seconds
[2019-06-24T09:24:19.520+0000][1][safepoint    ] Application time: 0.0000287 seconds
[2019-06-24T09:24:19.520+0000][1][safepoint    ] Entering safepoint region: RevokeBias
[2019-06-24T09:24:19.520+0000][1][safepoint    ] Leaving safepoint region
[2019-06-24T09:24:19.520+0000][1][safepoint    ] Total time for which application threads were stopped: 0.0000309 seconds, Stopping threads took: 0.0000062 seconds
[2019-06-24T09:24:19.520+0000][1][safepoint    ] Application time: 0.0000297 seconds
[2019-06-24T09:24:19.520+0000][1][safepoint    ] Entering safepoint region: RevokeBias
[2019-06-24T09:24:19.520+0000][1][safepoint    ] Leaving safepoint region
[2019-06-24T09:24:19.520+0000][1][safepoint    ] Total time for which application threads were stopped: 0.0000300 seconds, Stopping threads took: 0.0000063 seconds
[2019-06-24T09:24:19.520+0000][1][safepoint    ] Application time: 0.0000275 seconds
[2019-06-24T09:24:19.520+0000][1][safepoint    ] Entering safepoint region: RevokeBias
[2019-06-24T09:24:19.520+0000][1][safepoint    ] Leaving safepoint region
[2019-06-24T09:24:19.520+0000][1][safepoint    ] Total time for which application threads were stopped: 0.0000299 seconds, Stopping threads took: 0.0000063 seconds
[2019-06-24T09:24:19.520+0000][1][safepoint    ] Application time: 0.0000288 seconds
[2019-06-24T09:24:19.520+0000][1][safepoint    ] Entering safepoint region: BulkRevokeBias
[2019-06-24T09:24:19.521+0000][1][safepoint    ] Leaving safepoint region
[2019-06-24T09:24:19.521+0000][1][safepoint    ] Total time for which application threads were stopped: 0.0000720 seconds, Stopping threads took: 0.0000063 seconds
[2019-06-24T09:24:19.521+0000][1][safepoint    ] Application time: 0.0001699 seconds
[2019-06-24T09:24:19.521+0000][1][safepoint    ] Entering safepoint region: RevokeBias
[2019-06-24T09:24:19.521+0000][1][safepoint    ] Leaving safepoint region
[2019-06-24T09:24:19.521+0000][1][safepoint    ] Total time for which application threads were stopped: 0.0000308 seconds, Stopping threads took: 0.0000064 seconds
[2019-06-24T09:24:19.521+0000][1][safepoint    ] Application time: 0.0007342 seconds
[2019-06-24T09:24:19.522+0000][1][safepoint    ] Entering safepoint region: RevokeBias
[2019-06-24T09:24:19.522+0000][1][safepoint    ] Leaving safepoint region
[2019-06-24T09:24:19.522+0000][1][safepoint    ] Total time for which application threads were stopped: 0.0000332 seconds, Stopping threads took: 0.0000065 seconds
[2019-06-24T09:24:19.522+0000][1][safepoint    ] Application time: 0.0003426 seconds
[2019-06-24T09:24:19.522+0000][1][safepoint    ] Entering safepoint region: RevokeBias
[2019-06-24T09:24:19.522+0000][1][safepoint    ] Leaving safepoint region
[2019-06-24T09:24:19.522+0000][1][safepoint    ] Total time for which application threads were stopped: 0.0000489 seconds, Stopping threads took: 0.0000145 seconds
[2019-06-24T09:24:19.522+0000][1][safepoint    ] Application time: 0.0000375 seconds
[2019-06-24T09:24:19.522+0000][1][safepoint    ] Entering safepoint region: RevokeBias
[2019-06-24T09:24:19.522+0000][1][safepoint    ] Leaving safepoint region
[2019-06-24T09:24:19.522+0000][1][safepoint    ] Total time for which application threads were stopped: 0.0000355 seconds, Stopping threads took: 0.0000070 seconds
[2019-06-24T09:24:19.522+0000][1][safepoint    ] Application time: 0.0002117 seconds
[2019-06-24T09:24:19.522+0000][1][safepoint    ] Entering safepoint region: RevokeBias
[2019-06-24T09:24:19.522+0000][1][safepoint    ] Leaving safepoint region
[2019-06-24T09:24:19.522+0000][1][safepoint    ] Total time for which application threads were stopped: 0.0000463 seconds, Stopping threads took: 0.0000125 seconds
[2019-06-24T09:24:19.523+0000][1][safepoint    ] Application time: 0.0002032 seconds
[2019-06-24T09:24:19.523+0000][1][safepoint    ] Entering safepoint region: RevokeBias
[2019-06-24T09:24:19.523+0000][1][safepoint    ] Leaving safepoint region
[2019-06-24T09:24:19.523+0000][1][safepoint    ] Total time for which application threads were stopped: 0.0000367 seconds, Stopping threads took: 0.0000082 seconds
[2019-06-24T09:24:19.523+0000][1][safepoint    ] Application time: 0.0001478 seconds
[2019-06-24T09:24:19.523+0000][1][safepoint    ] Entering safepoint region: RevokeBias
[2019-06-24T09:24:19.523+0000][1][safepoint    ] Leaving safepoint region
[2019-06-24T09:24:19.523+0000][1][safepoint    ] Total time for which application threads were stopped: 0.0000353 seconds, Stopping threads took: 0.0000067 seconds
[2019-06-24T09:24:19.523+0000][1][safepoint    ] Application time: 0.0000340 seconds
[2019-06-24T09:24:19.523+0000][1][safepoint    ] Entering safepoint region: RevokeBias
[2019-06-24T09:24:19.523+0000][1][safepoint    ] Leaving safepoint region
[2019-06-24T09:24:19.523+0000][1][safepoint    ] Total time for which application threads were stopped: 0.0000335 seconds, Stopping threads took: 0.0000065 seconds
[2019-06-24T09:24:19.523+0000][1][safepoint    ] Application time: 0.0005219 seconds
[2019-06-24T09:24:19.523+0000][1][safepoint    ] Entering safepoint region: RevokeBias
[2019-06-24T09:24:19.523+0000][1][safepoint    ] Leaving safepoint region
[2019-06-24T09:24:19.523+0000][1][safepoint    ] Total time for which application threads were stopped: 0.0000352 seconds, Stopping threads took: 0.0000074 seconds
[2019-06-24T09:24:19.524+0000][1][safepoint    ] Application time: 0.0009011 seconds
[2019-06-24T09:24:19.524+0000][1][safepoint    ] Entering safepoint region: RevokeBias
[2019-06-24T09:24:19.524+0000][1][safepoint    ] Leaving safepoint region
[2019-06-24T09:24:19.524+0000][1][safepoint    ] Total time for which application threads were stopped: 0.0000448 seconds, Stopping threads took: 0.0000076 seconds
[2019-06-24T09:24:19.524+0000][1][safepoint    ] Application time: 0.0000955 seconds
[2019-06-24T09:24:19.524+0000][1][safepoint    ] Entering safepoint region: RevokeBias
[2019-06-24T09:24:19.525+0000][1][safepoint    ] Leaving safepoint region
[2019-06-24T09:24:19.525+0000][1][safepoint    ] Total time for which application threads were stopped: 0.0000370 seconds, Stopping threads took: 0.0000074 seconds
[2019-06-24T09:24:19.526+0000][1][safepoint    ] Application time: 0.0013084 seconds
[2019-06-24T09:24:19.526+0000][1][safepoint    ] Entering safepoint region: RevokeBias
[2019-06-24T09:24:19.526+0000][1][safepoint    ] Leaving safepoint region
[2019-06-24T09:24:19.526+0000][1][safepoint    ] Total time for which application threads were stopped: 0.0000581 seconds, Stopping threads took: 0.0000267 seconds
[2019-06-24T09:24:19.526+0000][1][safepoint    ] Application time: 0.0000385 seconds
[2019-06-24T09:24:19.526+0000][1][safepoint    ] Entering safepoint region: RevokeBias
[2019-06-24T09:24:19.526+0000][1][safepoint    ] Leaving safepoint region
[2019-06-24T09:24:19.526+0000][1][safepoint    ] Total time for which application threads were stopped: 0.0000619 seconds, Stopping threads took: 0.0000332 seconds
[2019-06-24T09:24:19.527+0000][1][safepoint    ] Application time: 0.0009772 seconds
[2019-06-24T09:24:19.527+0000][1][safepoint    ] Entering safepoint region: RevokeBias
[2019-06-24T09:24:19.527+0000][1][safepoint    ] Leaving safepoint region
[2019-06-24T09:24:19.527+0000][1][safepoint    ] Total time for which application threads were stopped: 0.0001128 seconds, Stopping threads took: 0.0000599 seconds
[2019-06-24T09:24:19.527+0000][1][safepoint    ] Application time: 0.0001060 seconds
[2019-06-24T09:24:19.527+0000][1][safepoint    ] Entering safepoint region: RevokeBias
[2019-06-24T09:24:19.527+0000][1][safepoint    ] Leaving safepoint region
[2019-06-24T09:24:19.527+0000][1][safepoint    ] Total time for which application threads were stopped: 0.0001526 seconds, Stopping threads took: 0.0001079 seconds
[2019-06-24T09:24:19.528+0000][1][safepoint    ] Application time: 0.0001599 seconds
[2019-06-24T09:24:19.528+0000][1][safepoint    ] Entering safepoint region: RevokeBias
[2019-06-24T09:24:19.528+0000][1][safepoint    ] Leaving safepoint region
[2019-06-24T09:24:19.528+0000][1][safepoint    ] Total time for which application threads were stopped: 0.0001667 seconds, Stopping threads took: 0.0001192 seconds
[2019-06-24T09:24:19.528+0000][1][safepoint    ] Application time: 0.0002761 seconds
[2019-06-24T09:24:19.528+0000][1][safepoint    ] Entering safepoint region: RevokeBias
[2019-06-24T09:24:19.528+0000][1][safepoint    ] Leaving safepoint region
[2019-06-24T09:24:19.528+0000][1][safepoint    ] Total time for which application threads were stopped: 0.0001867 seconds, Stopping threads took: 0.0000737 seconds
[2019-06-24T09:24:19.529+0000][1][safepoint    ] Application time: 0.0007666 seconds
[2019-06-24T09:24:19.529+0000][1][safepoint    ] Entering safepoint region: RevokeBias
[2019-06-24T09:24:19.529+0000][1][safepoint    ] Leaving safepoint region
[2019-06-24T09:24:19.529+0000][1][safepoint    ] Total time for which application threads were stopped: 0.0000816 seconds, Stopping threads took: 0.0000347 seconds
[2019-06-24T09:24:19.529+0000][1][safepoint    ] Application time: 0.0000879 seconds
[2019-06-24T09:24:19.529+0000][1][safepoint    ] Entering safepoint region: RevokeBias
[2019-06-24T09:24:19.529+0000][1][safepoint    ] Leaving safepoint region
[2019-06-24T09:24:19.529+0000][1][safepoint    ] Total time for which application threads were stopped: 0.0000508 seconds, Stopping threads took: 0.0000244 seconds
[2019-06-24T09:24:19.530+0000][1][safepoint    ] Application time: 0.0001922 seconds
[2019-06-24T09:24:19.530+0000][1][safepoint    ] Entering safepoint region: RevokeBias
[2019-06-24T09:24:19.530+0000][1][safepoint    ] Leaving safepoint region
[2019-06-24T09:24:19.530+0000][1][safepoint    ] Total time for which application threads were stopped: 0.0000999 seconds, Stopping threads took: 0.0000550 seconds
[2019-06-24T09:24:19.530+0000][1][safepoint    ] Application time: 0.0000749 seconds
[2019-06-24T09:24:19.531+0000][1][safepoint    ] Entering safepoint region: RevokeBias
[2019-06-24T09:24:19.531+0000][1][safepoint    ] Leaving safepoint region
[2019-06-24T09:24:19.531+0000][1][safepoint    ] Total time for which application threads were stopped: 0.0009156 seconds, Stopping threads took: 0.0008655 seconds
[2019-06-24T09:24:19.531+0000][1][safepoint    ] Application time: 0.0002388 seconds
[2019-06-24T09:24:19.531+0000][1][safepoint    ] Entering safepoint region: RevokeBias
[2019-06-24T09:24:19.531+0000][1][safepoint    ] Leaving safepoint region
[2019-06-24T09:24:19.531+0000][1][safepoint    ] Total time for which application threads were stopped: 0.0000936 seconds, Stopping threads took: 0.0000312 seconds
[2019-06-24T09:24:19.531+0000][1][safepoint    ] Application time: 0.0001523 seconds
[2019-06-24T09:24:19.531+0000][1][safepoint    ] Entering safepoint region: RevokeBias
[2019-06-24T09:24:19.531+0000][1][safepoint    ] Leaving safepoint region
[2019-06-24T09:24:19.531+0000][1][safepoint    ] Total time for which application threads were stopped: 0.0000892 seconds, Stopping threads took: 0.0000250 seconds
[2019-06-24T09:24:19.531+0000][1][safepoint    ] Application time: 0.0001537 seconds
[2019-06-24T09:24:19.532+0000][1][safepoint    ] Entering safepoint region: RevokeBias
[2019-06-24T09:24:19.532+0000][1][safepoint    ] Leaving safepoint region
[2019-06-24T09:24:19.532+0000][1][safepoint    ] Total time for which application threads were stopped: 0.0001504 seconds, Stopping threads took: 0.0000918 seconds
[2019-06-24T09:24:19.532+0000][1][safepoint    ] Application time: 0.0001765 seconds
[2019-06-24T09:24:19.535+0000][1][safepoint    ] Entering safepoint region: RevokeBias
[2019-06-24T09:24:19.535+0000][1][safepoint    ] Leaving safepoint region
[2019-06-24T09:24:19.535+0000][1][safepoint    ] Total time for which application threads were stopped: 0.0028695 seconds, Stopping threads took: 0.0028176 seconds
[2019-06-24T09:24:19.537+0000][1][safepoint    ] Application time: 0.0022110 seconds
[2019-06-24T09:24:19.537+0000][1][safepoint    ] Entering safepoint region: RevokeBias
[2019-06-24T09:24:19.537+0000][1][safepoint    ] Leaving safepoint region
[2019-06-24T09:24:19.537+0000][1][safepoint    ] Total time for which application threads were stopped: 0.0001171 seconds, Stopping threads took: 0.0000420 seconds
[2019-06-24T09:24:19.537+0000][1][safepoint    ] Application time: 0.0004329 seconds
[2019-06-24T09:24:19.538+0000][1][safepoint    ] Entering safepoint region: RevokeBias
[2019-06-24T09:24:19.538+0000][1][safepoint    ] Leaving safepoint region
[2019-06-24T09:24:19.538+0000][1][safepoint    ] Total time for which application threads were stopped: 0.0001185 seconds, Stopping threads took: 0.0000477 seconds
[2019-06-24T09:24:19.538+0000][1][safepoint    ] Application time: 0.0001907 seconds
[2019-06-24T09:24:19.538+0000][1][safepoint    ] Entering safepoint region: RevokeBias
[2019-06-24T09:24:19.538+0000][1][safepoint    ] Leaving safepoint region
[2019-06-24T09:24:19.538+0000][1][safepoint    ] Total time for which application threads were stopped: 0.0000893 seconds, Stopping threads took: 0.0000615 seconds
[2019-06-24T09:24:19.538+0000][1][safepoint    ] Application time: 0.0001430 seconds
[2019-06-24T09:24:19.538+0000][1][safepoint    ] Entering safepoint region: RevokeBias
[2019-06-24T09:24:19.538+0000][1][safepoint    ] Leaving safepoint region
[2019-06-24T09:24:19.538+0000][1][safepoint    ] Total time for which application threads were stopped: 0.0000629 seconds, Stopping threads took: 0.0000235 seconds
[2019-06-24T09:24:19.538+0000][1][safepoint    ] Application time: 0.0001316 seconds
[2019-06-24T09:24:19.538+0000][1][safepoint    ] Entering safepoint region: RevokeBias
[2019-06-24T09:24:19.538+0000][1][safepoint    ] Leaving safepoint region
[2019-06-24T09:24:19.538+0000][1][safepoint    ] Total time for which application threads were stopped: 0.0001099 seconds, Stopping threads took: 0.0000605 seconds
[2019-06-24T09:24:19.539+0000][1][safepoint    ] Application time: 0.0001344 seconds
[2019-06-24T09:24:19.539+0000][1][safepoint    ] Entering safepoint region: RevokeBias
[2019-06-24T09:24:19.539+0000][1][safepoint    ] Leaving safepoint region
[2019-06-24T09:24:19.539+0000][1][safepoint    ] Total time for which application threads were stopped: 0.0000592 seconds, Stopping threads took: 0.0000253 seconds
[2019-06-24T09:24:19.539+0000][1][safepoint    ] Application time: 0.0000494 seconds
[2019-06-24T09:24:19.539+0000][1][safepoint    ] Entering safepoint region: RevokeBias
[2019-06-24T09:24:19.539+0000][1][safepoint    ] Leaving safepoint region
[2019-06-24T09:24:19.539+0000][1][safepoint    ] Total time for which application threads were stopped: 0.0001285 seconds, Stopping threads took: 0.0000757 seconds
[2019-06-24T09:24:19.539+0000][1][safepoint    ] Application time: 0.0001805 seconds
[2019-06-24T09:24:19.539+0000][1][safepoint    ] Entering safepoint region: RevokeBias
[2019-06-24T09:24:19.539+0000][1][safepoint    ] Leaving safepoint region
[2019-06-24T09:24:19.539+0000][1][safepoint    ] Total time for which application threads were stopped: 0.0000939 seconds, Stopping threads took: 0.0000457 seconds
[2019-06-24T09:24:19.543+0000][1][safepoint    ] Application time: 0.0043530 seconds
[2019-06-24T09:24:19.544+0000][1][safepoint    ] Entering safepoint region: RevokeBias
[2019-06-24T09:24:19.544+0000][1][safepoint    ] Leaving safepoint region
[2019-06-24T09:24:19.544+0000][1][safepoint    ] Total time for which application threads were stopped: 0.0000669 seconds, Stopping threads took: 0.0000115 seconds
[2019-06-24T09:24:19.551+0000][1][safepoint    ] Application time: 0.0078033 seconds
[2019-06-24T09:24:19.551+0000][1][safepoint    ] Entering safepoint region: RevokeBias
[2019-06-24T09:24:19.551+0000][1][safepoint    ] Leaving safepoint region
[2019-06-24T09:24:19.551+0000][1][safepoint    ] Total time for which application threads were stopped: 0.0000463 seconds, Stopping threads took: 0.0000120 seconds
[2019-06-24T09:24:19.552+0000][1][safepoint    ] Application time: 0.0000932 seconds
[2019-06-24T09:24:19.552+0000][1][safepoint    ] Entering safepoint region: BulkRevokeBias
[2019-06-24T09:24:19.552+0000][1][safepoint    ] Leaving safepoint region
[2019-06-24T09:24:19.552+0000][1][safepoint    ] Total time for which application threads were stopped: 0.0001080 seconds, Stopping threads took: 0.0000094 seconds
[2019-06-24T09:24:20.167+0000][1][safepoint    ] Application time: 0.6154426 seconds
[2019-06-24T09:24:20.167+0000][1][safepoint    ] Entering safepoint region: RevokeBias
[2019-06-24T09:24:20.167+0000][1][safepoint    ] Leaving safepoint region
[2019-06-24T09:24:20.167+0000][1][safepoint    ] Total time for which application threads were stopped: 0.0001566 seconds, Stopping threads took: 0.0000509 seconds
[2019-06-24T09:24:20.168+0000][1][safepoint    ] Application time: 0.0002329 seconds
[2019-06-24T09:24:20.168+0000][1][safepoint    ] Entering safepoint region: RevokeBias
[2019-06-24T09:24:20.168+0000][1][safepoint    ] Leaving safepoint region
[2019-06-24T09:24:20.168+0000][1][safepoint    ] Total time for which application threads were stopped: 0.0002744 seconds, Stopping threads took: 0.0001889 seconds
[2019-06-24T09:24:20.414+0000][1][safepoint    ] Application time: 0.2456640 seconds
[2019-06-24T09:24:20.414+0000][1][safepoint    ] Entering safepoint region: RevokeBias
[2019-06-24T09:24:20.414+0000][1][safepoint    ] Leaving safepoint region
[2019-06-24T09:24:20.414+0000][1][safepoint    ] Total time for which application threads were stopped: 0.0001380 seconds, Stopping threads took: 0.0000387 seconds
[2019-06-24T09:24:20.414+0000][1][safepoint    ] Application time: 0.0002629 seconds
[2019-06-24T09:24:20.414+0000][1][safepoint    ] Entering safepoint region: RevokeBias
[2019-06-24T09:24:20.414+0000][1][safepoint    ] Leaving safepoint region
[2019-06-24T09:24:20.414+0000][1][safepoint    ] Total time for which application threads were stopped: 0.0000885 seconds, Stopping threads took: 0.0000306 seconds
[2019-06-24T09:24:20.415+0000][1][safepoint    ] Application time: 0.0003147 seconds
[2019-06-24T09:24:20.415+0000][1][safepoint    ] Entering safepoint region: RevokeBias
[2019-06-24T09:24:20.415+0000][1][safepoint    ] Leaving safepoint region
[2019-06-24T09:24:20.415+0000][1][safepoint    ] Total time for which application threads were stopped: 0.0000878 seconds, Stopping threads took: 0.0000305 seconds
[2019-06-24T09:24:20.415+0000][1][safepoint    ] Application time: 0.0002537 seconds
[2019-06-24T09:24:20.415+0000][1][safepoint    ] Entering safepoint region: RevokeBias
[2019-06-24T09:24:20.415+0000][1][safepoint    ] Leaving safepoint region
[2019-06-24T09:24:20.415+0000][1][safepoint    ] Total time for which application threads were stopped: 0.0000883 seconds, Stopping threads took: 0.0000307 seconds
[2019-06-24T09:24:20.415+0000][1][safepoint    ] Application time: 0.0002568 seconds
[2019-06-24T09:24:20.416+0000][1][safepoint    ] Entering safepoint region: RevokeBias
[2019-06-24T09:24:20.416+0000][1][safepoint    ] Leaving safepoint region
[2019-06-24T09:24:20.416+0000][1][safepoint    ] Total time for which application threads were stopped: 0.0001192 seconds, Stopping threads took: 0.0000583 seconds
[2019-06-24T09:24:20.416+0000][1][safepoint    ] Application time: 0.0002542 seconds
[2019-06-24T09:24:20.416+0000][1][safepoint    ] Entering safepoint region: RevokeBias
[2019-06-24T09:24:20.416+0000][1][safepoint    ] Leaving safepoint region
[2019-06-24T09:24:20.416+0000][1][safepoint    ] Total time for which application threads were stopped: 0.0000883 seconds, Stopping threads took: 0.0000307 seconds
[2019-06-24T09:24:20.416+0000][1][safepoint    ] Application time: 0.0002043 seconds
[2019-06-24T09:24:20.416+0000][1][safepoint    ] Entering safepoint region: RevokeBias
[2019-06-24T09:24:20.416+0000][1][safepoint    ] Leaving safepoint region
[2019-06-24T09:24:20.416+0000][1][safepoint    ] Total time for which application threads were stopped: 0.0000677 seconds, Stopping threads took: 0.0000230 seconds
[2019-06-24T09:24:20.417+0000][1][safepoint    ] Application time: 0.0001510 seconds
[2019-06-24T09:24:20.417+0000][1][safepoint    ] Entering safepoint region: RevokeBias
[2019-06-24T09:24:20.417+0000][1][safepoint    ] Leaving safepoint region
[2019-06-24T09:24:20.417+0000][1][safepoint    ] Total time for which application threads were stopped: 0.0000777 seconds, Stopping threads took: 0.0000216 seconds
[2019-06-24T09:24:20.426+0000][1][safepoint    ] Application time: 0.0088666 seconds
[2019-06-24T09:24:20.426+0000][1][safepoint    ] Entering safepoint region: RevokeBias
[2019-06-24T09:24:20.426+0000][1][safepoint    ] Leaving safepoint region
[2019-06-24T09:24:20.426+0000][1][safepoint    ] Total time for which application threads were stopped: 0.0001083 seconds, Stopping threads took: 0.0000372 seconds
[2019-06-24T09:24:20.428+0000][1][safepoint    ] Application time: 0.0021373 seconds
[2019-06-24T09:24:20.428+0000][1][safepoint    ] Entering safepoint region: RevokeBias
[2019-06-24T09:24:20.428+0000][1][safepoint    ] Leaving safepoint region
[2019-06-24T09:24:20.428+0000][1][safepoint    ] Total time for which application threads were stopped: 0.0002781 seconds, Stopping threads took: 0.0001830 seconds
[2019-06-24T09:24:20.429+0000][1][safepoint    ] Application time: 0.0003263 seconds
[2019-06-24T09:24:20.429+0000][1][safepoint    ] Entering safepoint region: RevokeBias
[2019-06-24T09:24:20.429+0000][1][safepoint    ] Leaving safepoint region
[2019-06-24T09:24:20.429+0000][1][safepoint    ] Total time for which application threads were stopped: 0.0003416 seconds, Stopping threads took: 0.0002483 seconds
[2019-06-24T09:24:20.430+0000][1][safepoint    ] Application time: 0.0012777 seconds
[2019-06-24T09:24:20.430+0000][1][safepoint    ] Entering safepoint region: RevokeBias
[2019-06-24T09:24:20.431+0000][1][safepoint    ] Leaving safepoint region
[2019-06-24T09:24:20.431+0000][1][safepoint    ] Total time for which application threads were stopped: 0.0002408 seconds, Stopping threads took: 0.0000930 seconds
[2019-06-24T09:24:20.431+0000][1][safepoint    ] Application time: 0.0002208 seconds
[2019-06-24T09:24:20.431+0000][1][safepoint    ] Entering safepoint region: RevokeBias
[2019-06-24T09:24:20.431+0000][1][safepoint    ] Leaving safepoint region
[2019-06-24T09:24:20.431+0000][1][safepoint    ] Total time for which application threads were stopped: 0.0002891 seconds, Stopping threads took: 0.0001970 seconds
[2019-06-24T09:24:20.436+0000][1][safepoint    ] Application time: 0.0045809 seconds
[2019-06-24T09:24:20.436+0000][1][safepoint    ] Entering safepoint region: RevokeBias
[2019-06-24T09:24:20.436+0000][1][safepoint    ] Leaving safepoint region
[2019-06-24T09:24:20.436+0000][1][safepoint    ] Total time for which application threads were stopped: 0.0001189 seconds, Stopping threads took: 0.0000334 seconds
[2019-06-24T09:24:20.445+0000][1][safepoint    ] Application time: 0.0090136 seconds
[2019-06-24T09:24:20.445+0000][1][safepoint    ] Entering safepoint region: RevokeBias
[2019-06-24T09:24:20.445+0000][1][safepoint    ] Leaving safepoint region
[2019-06-24T09:24:20.445+0000][1][safepoint    ] Total time for which application threads were stopped: 0.0000761 seconds, Stopping threads took: 0.0000384 seconds
[2019-06-24T09:24:20.445+0000][1][safepoint    ] Application time: 0.0001361 seconds
[2019-06-24T09:24:20.445+0000][1][safepoint    ] Entering safepoint region: RevokeBias
[2019-06-24T09:24:20.445+0000][1][safepoint    ] Leaving safepoint region
[2019-06-24T09:24:20.445+0000][1][safepoint    ] Total time for which application threads were stopped: 0.0001302 seconds, Stopping threads took: 0.0001001 seconds
[2019-06-24T09:24:20.445+0000][1][safepoint    ] Application time: 0.0001286 seconds
[2019-06-24T09:24:20.446+0000][1][safepoint    ] Entering safepoint region: RevokeBias
[2019-06-24T09:24:20.446+0000][1][safepoint    ] Leaving safepoint region
[2019-06-24T09:24:20.446+0000][1][safepoint    ] Total time for which application threads were stopped: 0.0000536 seconds, Stopping threads took: 0.0000269 seconds
[2019-06-24T09:24:20.447+0000][1][safepoint    ] Application time: 0.0009264 seconds
[2019-06-24T09:24:20.447+0000][1][safepoint    ] Entering safepoint region: RevokeBias
[2019-06-24T09:24:20.447+0000][1][safepoint    ] Leaving safepoint region
[2019-06-24T09:24:20.447+0000][1][safepoint    ] Total time for which application threads were stopped: 0.0000758 seconds, Stopping threads took: 0.0000388 seconds
[2019-06-24T09:24:20.447+0000][1][safepoint    ] Application time: 0.0001339 seconds
[2019-06-24T09:24:20.447+0000][1][safepoint    ] Entering safepoint region: RevokeBias
[2019-06-24T09:24:20.447+0000][1][safepoint    ] Leaving safepoint region
[2019-06-24T09:24:20.447+0000][1][safepoint    ] Total time for which application threads were stopped: 0.0000613 seconds, Stopping threads took: 0.0000292 seconds
[2019-06-24T09:24:20.447+0000][1][safepoint    ] Application time: 0.0001235 seconds
[2019-06-24T09:24:20.447+0000][1][safepoint    ] Entering safepoint region: RevokeBias
[2019-06-24T09:24:20.447+0000][1][safepoint    ] Leaving safepoint region
[2019-06-24T09:24:20.447+0000][1][safepoint    ] Total time for which application threads were stopped: 0.0000639 seconds, Stopping threads took: 0.0000330 seconds
[2019-06-24T09:24:20.448+0000][1][safepoint    ] Application time: 0.0006108 seconds
[2019-06-24T09:24:20.448+0000][1][safepoint    ] Entering safepoint region: RevokeBias
[2019-06-24T09:24:20.448+0000][1][safepoint    ] Leaving safepoint region
[2019-06-24T09:24:20.448+0000][1][safepoint    ] Total time for which application threads were stopped: 0.0001014 seconds, Stopping threads took: 0.0000727 seconds
[2019-06-24T09:24:20.448+0000][1][safepoint    ] Application time: 0.0005732 seconds
[2019-06-24T09:24:20.448+0000][1][safepoint    ] Entering safepoint region: RevokeBias
[2019-06-24T09:24:20.448+0000][1][safepoint    ] Leaving safepoint region
[2019-06-24T09:24:20.448+0000][1][safepoint    ] Total time for which application threads were stopped: 0.0000649 seconds, Stopping threads took: 0.0000358 seconds
[2019-06-24T09:24:20.449+0000][1][safepoint    ] Application time: 0.0000784 seconds
[2019-06-24T09:24:20.449+0000][1][safepoint    ] Entering safepoint region: BulkRevokeBias
[2019-06-24T09:24:20.449+0000][1][safepoint    ] Leaving safepoint region
[2019-06-24T09:24:20.449+0000][1][safepoint    ] Total time for which application threads were stopped: 0.0001396 seconds, Stopping threads took: 0.0000440 seconds
[2019-06-24T09:24:20.449+0000][1][safepoint    ] Application time: 0.0000480 seconds
[2019-06-24T09:24:20.449+0000][1][safepoint    ] Entering safepoint region: RevokeBias
[2019-06-24T09:24:20.449+0000][1][safepoint    ] Leaving safepoint region
[2019-06-24T09:24:20.449+0000][1][safepoint    ] Total time for which application threads were stopped: 0.0000520 seconds, Stopping threads took: 0.0000322 seconds
[2019-06-24T09:24:20.449+0000][1][safepoint    ] Application time: 0.0003799 seconds
[2019-06-24T09:24:20.449+0000][1][safepoint    ] Entering safepoint region: RevokeBias
[2019-06-24T09:24:20.449+0000][1][safepoint    ] Leaving safepoint region
[2019-06-24T09:24:20.449+0000][1][safepoint    ] Total time for which application threads were stopped: 0.0000683 seconds, Stopping threads took: 0.0000379 seconds
[2019-06-24T09:24:20.450+0000][1][safepoint    ] Application time: 0.0002436 seconds
[2019-06-24T09:24:20.450+0000][1][safepoint    ] Entering safepoint region: RevokeBias
[2019-06-24T09:24:20.450+0000][1][safepoint    ] Leaving safepoint region
[2019-06-24T09:24:20.450+0000][1][safepoint    ] Total time for which application threads were stopped: 0.0001794 seconds, Stopping threads took: 0.0001447 seconds
[2019-06-24T09:24:20.451+0000][1][safepoint    ] Application time: 0.0013242 seconds
[2019-06-24T09:24:20.451+0000][1][safepoint    ] Entering safepoint region: RevokeBias
[2019-06-24T09:24:20.451+0000][1][safepoint    ] Leaving safepoint region
[2019-06-24T09:24:20.451+0000][1][safepoint    ] Total time for which application threads were stopped: 0.0000453 seconds, Stopping threads took: 0.0000111 seconds
[2019-06-24T09:24:20.451+0000][1][safepoint    ] Application time: 0.0001950 seconds
[2019-06-24T09:24:20.451+0000][1][safepoint    ] Entering safepoint region: RevokeBias
[2019-06-24T09:24:20.451+0000][1][safepoint    ] Leaving safepoint region
[2019-06-24T09:24:20.451+0000][1][safepoint    ] Total time for which application threads were stopped: 0.0000376 seconds, Stopping threads took: 0.0000109 seconds
[2019-06-24T09:24:20.452+0000][1][safepoint    ] Application time: 0.0001860 seconds
[2019-06-24T09:24:20.452+0000][1][safepoint    ] Entering safepoint region: RevokeBias
[2019-06-24T09:24:20.452+0000][1][safepoint    ] Leaving safepoint region
[2019-06-24T09:24:20.452+0000][1][safepoint    ] Total time for which application threads were stopped: 0.0000398 seconds, Stopping threads took: 0.0000106 seconds
[2019-06-24T09:24:20.452+0000][1][safepoint    ] Application time: 0.0001565 seconds
[2019-06-24T09:24:20.452+0000][1][safepoint    ] Entering safepoint region: RevokeBias
[2019-06-24T09:24:20.452+0000][1][safepoint    ] Leaving safepoint region
[2019-06-24T09:24:20.452+0000][1][safepoint    ] Total time for which application threads were stopped: 0.0000695 seconds, Stopping threads took: 0.0000422 seconds
[2019-06-24T09:24:20.454+0000][1][safepoint    ] Application time: 0.0019971 seconds
[2019-06-24T09:24:20.454+0000][1][safepoint    ] Entering safepoint region: RevokeBias
[2019-06-24T09:24:20.454+0000][1][safepoint    ] Leaving safepoint region
[2019-06-24T09:24:20.454+0000][1][safepoint    ] Total time for which application threads were stopped: 0.0000500 seconds, Stopping threads took: 0.0000124 seconds
[2019-06-24T09:24:20.454+0000][1][safepoint    ] Application time: 0.0001394 seconds
[2019-06-24T09:24:20.454+0000][1][safepoint    ] Entering safepoint region: RevokeBias
[2019-06-24T09:24:20.454+0000][1][safepoint    ] Leaving safepoint region
[2019-06-24T09:24:20.454+0000][1][safepoint    ] Total time for which application threads were stopped: 0.0001345 seconds, Stopping threads took: 0.0001026 seconds
[2019-06-24T09:24:20.454+0000][1][safepoint    ] Application time: 0.0000455 seconds
[2019-06-24T09:24:20.454+0000][1][safepoint    ] Entering safepoint region: RevokeBias
[2019-06-24T09:24:20.454+0000][1][safepoint    ] Leaving safepoint region
[2019-06-24T09:24:20.454+0000][1][safepoint    ] Total time for which application threads were stopped: 0.0000649 seconds, Stopping threads took: 0.0000399 seconds
[2019-06-24T09:24:20.455+0000][1][safepoint    ] Application time: 0.0001011 seconds
[2019-06-24T09:24:20.455+0000][1][safepoint    ] Entering safepoint region: RevokeBias
[2019-06-24T09:24:20.455+0000][1][safepoint    ] Leaving safepoint region
[2019-06-24T09:24:20.455+0000][1][safepoint    ] Total time for which application threads were stopped: 0.0000603 seconds, Stopping threads took: 0.0000278 seconds
[2019-06-24T09:24:20.455+0000][1][safepoint    ] Application time: 0.0000964 seconds
[2019-06-24T09:24:20.455+0000][1][safepoint    ] Entering safepoint region: RevokeBias
[2019-06-24T09:24:20.455+0000][1][safepoint    ] Leaving safepoint region
[2019-06-24T09:24:20.455+0000][1][safepoint    ] Total time for which application threads were stopped: 0.0000570 seconds, Stopping threads took: 0.0000342 seconds
[2019-06-24T09:24:20.455+0000][1][safepoint    ] Application time: 0.0001526 seconds
[2019-06-24T09:24:20.455+0000][1][safepoint    ] Entering safepoint region: RevokeBias
[2019-06-24T09:24:20.455+0000][1][safepoint    ] Leaving safepoint region
[2019-06-24T09:24:20.455+0000][1][safepoint    ] Total time for which application threads were stopped: 0.0000715 seconds, Stopping threads took: 0.0000402 seconds
[2019-06-24T09:24:20.458+0000][1][gc,heap,exit ] Heap
[2019-06-24T09:24:20.458+0000][1][gc,heap,exit ]  par new generation   total 78656K, used 23245K [0x00000000f0000000, 0x00000000f5550000, 0x00000000f5550000)
[2019-06-24T09:24:20.458+0000][1][gc,heap,exit ]   eden space 69952K,  20% used [0x00000000f0000000, 0x00000000f0e334e0, 0x00000000f4450000)
[2019-06-24T09:24:20.458+0000][1][gc,heap,exit ]   from space 8704K, 100% used [0x00000000f4450000, 0x00000000f4cd0000, 0x00000000f4cd0000)
[2019-06-24T09:24:20.458+0000][1][gc,heap,exit ]   to   space 8704K,   0% used [0x00000000f4cd0000, 0x00000000f4cd0000, 0x00000000f5550000)
[2019-06-24T09:24:20.458+0000][1][gc,heap,exit ]  concurrent mark-sweep generation total 174784K, used 60335K [0x00000000f5550000, 0x0000000100000000, 0x0000000100000000)
[2019-06-24T09:24:20.458+0000][1][gc,heap,exit ]  Metaspace       used 63187K, capacity 67941K, committed 68300K, reserved 1107968K
[2019-06-24T09:24:20.458+0000][1][gc,heap,exit ]   class space    used 8604K, capacity 10561K, committed 10688K, reserved 1048576K
[2019-06-24T09:24:20.458+0000][1][safepoint    ] Application time: 0.0028264 seconds
[2019-06-24T09:24:20.458+0000][1][safepoint    ] Entering safepoint region: Halt
