[2019-06-24T09:24:43.917+0000][1][gc] Using Concurrent Mark Sweep
[2019-06-24T09:24:43.917+0000][1][gc,heap,coops] Heap address: 0x00000000f0000000, size: 256 MB, Compressed Oops mode: 32-bit
[2019-06-24T09:24:43.971+0000][1][safepoint    ] Entering safepoint region: EnableBiasedLocking
[2019-06-24T09:24:43.971+0000][1][safepoint    ] Leaving safepoint region
[2019-06-24T09:24:43.971+0000][1][safepoint    ] Total time for which application threads were stopped: 0.0001525 seconds, Stopping threads took: 0.0000943 seconds
[2019-06-24T09:24:43.974+0000][1][safepoint    ] Application time: 0.0026385 seconds
[2019-06-24T09:24:43.974+0000][1][safepoint    ] Entering safepoint region: RevokeBias
[2019-06-24T09:24:43.974+0000][1][safepoint    ] Leaving safepoint region
[2019-06-24T09:24:43.974+0000][1][safepoint    ] Total time for which application threads were stopped: 0.0001303 seconds, Stopping threads took: 0.0000768 seconds
[2019-06-24T09:24:43.982+0000][1][safepoint    ] Application time: 0.0079234 seconds
[2019-06-24T09:24:43.982+0000][1][safepoint    ] Entering safepoint region: Deoptimize
[2019-06-24T09:24:43.982+0000][1][safepoint    ] Leaving safepoint region
[2019-06-24T09:24:43.982+0000][1][safepoint    ] Total time for which application threads were stopped: 0.0000471 seconds, Stopping threads took: 0.0000095 seconds
[2019-06-24T09:24:44.074+0000][1][safepoint    ] Application time: 0.0921236 seconds
[2019-06-24T09:24:44.074+0000][1][safepoint    ] Entering safepoint region: RevokeBias
[2019-06-24T09:24:44.074+0000][1][safepoint    ] Leaving safepoint region
[2019-06-24T09:24:44.074+0000][1][safepoint    ] Total time for which application threads were stopped: 0.0000679 seconds, Stopping threads took: 0.0000094 seconds
[2019-06-24T09:24:44.076+0000][1][safepoint    ] Application time: 0.0014552 seconds
[2019-06-24T09:24:44.076+0000][1][safepoint    ] Entering safepoint region: Deoptimize
[2019-06-24T09:24:44.076+0000][1][safepoint    ] Leaving safepoint region
[2019-06-24T09:24:44.076+0000][1][safepoint    ] Total time for which application threads were stopped: 0.0000505 seconds, Stopping threads took: 0.0000072 seconds
[2019-06-24T09:24:44.098+0000][1][safepoint    ] Application time: 0.0225364 seconds
[2019-06-24T09:24:44.099+0000][1][safepoint    ] Entering safepoint region: Deoptimize
[2019-06-24T09:24:44.099+0000][1][safepoint    ] Leaving safepoint region
[2019-06-24T09:24:44.099+0000][1][safepoint    ] Total time for which application threads were stopped: 0.0000667 seconds, Stopping threads took: 0.0000108 seconds
[2019-06-24T09:24:44.321+0000][1][safepoint    ] Application time: 0.2224699 seconds
[2019-06-24T09:24:44.321+0000][1][safepoint    ] Entering safepoint region: Deoptimize
[2019-06-24T09:24:44.321+0000][1][safepoint    ] Leaving safepoint region
[2019-06-24T09:24:44.321+0000][1][safepoint    ] Total time for which application threads were stopped: 0.0001372 seconds, Stopping threads took: 0.0000092 seconds
[2019-06-24T09:24:44.345+0000][1][safepoint    ] Application time: 0.0236235 seconds
[2019-06-24T09:24:44.345+0000][1][safepoint    ] Entering safepoint region: Deoptimize
[2019-06-24T09:24:44.345+0000][1][safepoint    ] Leaving safepoint region
[2019-06-24T09:24:44.345+0000][1][safepoint    ] Total time for which application threads were stopped: 0.0000966 seconds, Stopping threads took: 0.0000086 seconds
[2019-06-24T09:24:44.380+0000][1][safepoint    ] Application time: 0.0352501 seconds
[2019-06-24T09:24:44.380+0000][1][safepoint    ] Entering safepoint region: Deoptimize
[2019-06-24T09:24:44.380+0000][1][safepoint    ] Leaving safepoint region
[2019-06-24T09:24:44.380+0000][1][safepoint    ] Total time for which application threads were stopped: 0.0001280 seconds, Stopping threads took: 0.0000090 seconds
[2019-06-24T09:24:44.393+0000][1][safepoint    ] Application time: 0.0124245 seconds
[2019-06-24T09:24:44.393+0000][1][safepoint    ] Entering safepoint region: Deoptimize
[2019-06-24T09:24:44.393+0000][1][safepoint    ] Leaving safepoint region
[2019-06-24T09:24:44.393+0000][1][safepoint    ] Total time for which application threads were stopped: 0.0001164 seconds, Stopping threads took: 0.0000085 seconds
[2019-06-24T09:24:44.726+0000][1][safepoint    ] Application time: 0.3331680 seconds
[2019-06-24T09:24:44.726+0000][1][safepoint    ] Entering safepoint region: Deoptimize
[2019-06-24T09:24:44.727+0000][1][safepoint    ] Leaving safepoint region
[2019-06-24T09:24:44.727+0000][1][safepoint    ] Total time for which application threads were stopped: 0.0004054 seconds, Stopping threads took: 0.0000141 seconds
[2019-06-24T09:24:44.941+0000][1][safepoint    ] Application time: 0.2147078 seconds
[2019-06-24T09:24:44.941+0000][1][safepoint    ] Entering safepoint region: RevokeBias
[2019-06-24T09:24:44.941+0000][1][safepoint    ] Leaving safepoint region
[2019-06-24T09:24:44.942+0000][1][safepoint    ] Total time for which application threads were stopped: 0.0001367 seconds, Stopping threads took: 0.0000167 seconds
[2019-06-24T09:24:45.029+0000][1][safepoint    ] Application time: 0.0876144 seconds
[2019-06-24T09:24:45.029+0000][1][safepoint    ] Entering safepoint region: Deoptimize
[2019-06-24T09:24:45.029+0000][1][safepoint    ] Leaving safepoint region
[2019-06-24T09:24:45.029+0000][1][safepoint    ] Total time for which application threads were stopped: 0.0002467 seconds, Stopping threads took: 0.0000126 seconds
[2019-06-24T09:24:45.140+0000][1][safepoint    ] Application time: 0.1109572 seconds
[2019-06-24T09:24:45.140+0000][1][safepoint    ] Entering safepoint region: Deoptimize
[2019-06-24T09:24:45.141+0000][1][safepoint    ] Leaving safepoint region
[2019-06-24T09:24:45.141+0000][1][safepoint    ] Total time for which application threads were stopped: 0.0002303 seconds, Stopping threads took: 0.0000146 seconds
[2019-06-24T09:24:45.141+0000][1][safepoint    ] Application time: 0.0001006 seconds
[2019-06-24T09:24:45.141+0000][1][safepoint    ] Entering safepoint region: Deoptimize
[2019-06-24T09:24:45.141+0000][1][safepoint    ] Leaving safepoint region
[2019-06-24T09:24:45.141+0000][1][safepoint    ] Total time for which application threads were stopped: 0.0001781 seconds, Stopping threads took: 0.0000316 seconds
[2019-06-24T09:24:45.155+0000][1][safepoint    ] Application time: 0.0138854 seconds
[2019-06-24T09:24:45.155+0000][1][safepoint    ] Entering safepoint region: Deoptimize
[2019-06-24T09:24:45.155+0000][1][safepoint    ] Leaving safepoint region
[2019-06-24T09:24:45.155+0000][1][safepoint    ] Total time for which application threads were stopped: 0.0001511 seconds, Stopping threads took: 0.0000109 seconds
[2019-06-24T09:24:45.163+0000][1][safepoint    ] Application time: 0.0079244 seconds
[2019-06-24T09:24:45.163+0000][1][safepoint    ] Entering safepoint region: Deoptimize
[2019-06-24T09:24:45.163+0000][1][safepoint    ] Leaving safepoint region
[2019-06-24T09:24:45.163+0000][1][safepoint    ] Total time for which application threads were stopped: 0.0001611 seconds, Stopping threads took: 0.0000089 seconds
[2019-06-24T09:24:45.168+0000][1][safepoint    ] Application time: 0.0049932 seconds
[2019-06-24T09:24:45.168+0000][1][safepoint    ] Entering safepoint region: RevokeBias
[2019-06-24T09:24:45.168+0000][1][safepoint    ] Leaving safepoint region
[2019-06-24T09:24:45.168+0000][1][safepoint    ] Total time for which application threads were stopped: 0.0000551 seconds, Stopping threads took: 0.0000181 seconds
[2019-06-24T09:24:45.168+0000][1][safepoint    ] Application time: 0.0001116 seconds
[2019-06-24T09:24:45.168+0000][1][safepoint    ] Entering safepoint region: RevokeBias
[2019-06-24T09:24:45.168+0000][1][safepoint    ] Leaving safepoint region
[2019-06-24T09:24:45.168+0000][1][safepoint    ] Total time for which application threads were stopped: 0.0000420 seconds, Stopping threads took: 0.0000165 seconds
[2019-06-24T09:24:45.169+0000][1][safepoint    ] Application time: 0.0001035 seconds
[2019-06-24T09:24:45.169+0000][1][safepoint    ] Entering safepoint region: RevokeBias
[2019-06-24T09:24:45.169+0000][1][safepoint    ] Leaving safepoint region
[2019-06-24T09:24:45.169+0000][1][safepoint    ] Total time for which application threads were stopped: 0.0000414 seconds, Stopping threads took: 0.0000167 seconds
[2019-06-24T09:24:45.169+0000][1][safepoint    ] Application time: 0.0001640 seconds
[2019-06-24T09:24:45.169+0000][1][safepoint    ] Entering safepoint region: RevokeBias
[2019-06-24T09:24:45.169+0000][1][safepoint    ] Leaving safepoint region
[2019-06-24T09:24:45.169+0000][1][safepoint    ] Total time for which application threads were stopped: 0.0000421 seconds, Stopping threads took: 0.0000168 seconds
[2019-06-24T09:24:45.170+0000][1][safepoint    ] Application time: 0.0013633 seconds
[2019-06-24T09:24:45.170+0000][1][safepoint    ] Entering safepoint region: RevokeBias
[2019-06-24T09:24:45.170+0000][1][safepoint    ] Leaving safepoint region
[2019-06-24T09:24:45.170+0000][1][safepoint    ] Total time for which application threads were stopped: 0.0000322 seconds, Stopping threads took: 0.0000081 seconds
[2019-06-24T09:24:45.175+0000][1][safepoint    ] Application time: 0.0052052 seconds
[2019-06-24T09:24:45.175+0000][1][safepoint    ] Entering safepoint region: Deoptimize
[2019-06-24T09:24:45.176+0000][1][safepoint    ] Leaving safepoint region
[2019-06-24T09:24:45.176+0000][1][safepoint    ] Total time for which application threads were stopped: 0.0001909 seconds, Stopping threads took: 0.0000103 seconds
[2019-06-24T09:24:45.253+0000][1][safepoint    ] Application time: 0.0771383 seconds
[2019-06-24T09:24:45.253+0000][1][safepoint    ] Entering safepoint region: GenCollectForAllocation
[2019-06-24T09:24:45.253+0000][1][gc,start     ] GC(0) Pause Young (Allocation Failure)
[2019-06-24T09:24:45.254+0000][1][gc,task      ] GC(0) Using 5 workers of 8 for evacuation
[2019-06-24T09:24:45.259+0000][1][gc,age       ] GC(0) Desired survivor size 4456448 bytes, new threshold 1 (max threshold 6)
[2019-06-24T09:24:45.259+0000][1][gc,age       ] GC(0) Age table with threshold 1 (max threshold 6)
[2019-06-24T09:24:45.259+0000][1][gc,age       ] GC(0) - age   1:    7843360 bytes,    7843360 total
[2019-06-24T09:24:45.259+0000][1][gc,heap      ] GC(0) ParNew: 69952K->7763K(78656K)
[2019-06-24T09:24:45.259+0000][1][gc,heap      ] GC(0) CMS: 0K->0K(174784K)
[2019-06-24T09:24:45.259+0000][1][gc,metaspace ] GC(0) Metaspace: 12065K->12065K(1060864K)
[2019-06-24T09:24:45.259+0000][1][gc           ] GC(0) Pause Young (Allocation Failure) 68M->7M(247M) 6.143ms
[2019-06-24T09:24:45.259+0000][1][gc,cpu       ] GC(0) User=0.04s Sys=0.00s Real=0.01s
[2019-06-24T09:24:45.259+0000][1][safepoint    ] Leaving safepoint region
[2019-06-24T09:24:45.259+0000][1][safepoint    ] Total time for which application threads were stopped: 0.0062881 seconds, Stopping threads took: 0.0000406 seconds
[2019-06-24T09:24:45.259+0000][1][safepoint    ] Application time: 0.0003196 seconds
[2019-06-24T09:24:45.260+0000][1][safepoint    ] Entering safepoint region: RevokeBias
[2019-06-24T09:24:45.260+0000][1][safepoint    ] Leaving safepoint region
[2019-06-24T09:24:45.260+0000][1][safepoint    ] Total time for which application threads were stopped: 0.0000979 seconds, Stopping threads took: 0.0000525 seconds
[2019-06-24T09:24:45.260+0000][1][safepoint    ] Application time: 0.0000888 seconds
[2019-06-24T09:24:45.260+0000][1][safepoint    ] Entering safepoint region: RevokeBias
[2019-06-24T09:24:45.260+0000][1][safepoint    ] Leaving safepoint region
[2019-06-24T09:24:45.260+0000][1][safepoint    ] Total time for which application threads were stopped: 0.0000674 seconds, Stopping threads took: 0.0000277 seconds
[2019-06-24T09:24:45.260+0000][1][safepoint    ] Application time: 0.0001529 seconds
[2019-06-24T09:24:45.260+0000][1][safepoint    ] Entering safepoint region: RevokeBias
[2019-06-24T09:24:45.260+0000][1][safepoint    ] Leaving safepoint region
[2019-06-24T09:24:45.260+0000][1][safepoint    ] Total time for which application threads were stopped: 0.0001714 seconds, Stopping threads took: 0.0001272 seconds
[2019-06-24T09:24:45.260+0000][1][safepoint    ] Application time: 0.0000441 seconds
[2019-06-24T09:24:45.260+0000][1][safepoint    ] Entering safepoint region: RevokeBias
[2019-06-24T09:24:45.260+0000][1][safepoint    ] Leaving safepoint region
[2019-06-24T09:24:45.260+0000][1][safepoint    ] Total time for which application threads were stopped: 0.0000761 seconds, Stopping threads took: 0.0000426 seconds
[2019-06-24T09:24:45.260+0000][1][safepoint    ] Application time: 0.0001092 seconds
[2019-06-24T09:24:45.260+0000][1][safepoint    ] Entering safepoint region: RevokeBias
[2019-06-24T09:24:45.261+0000][1][safepoint    ] Leaving safepoint region
[2019-06-24T09:24:45.261+0000][1][safepoint    ] Total time for which application threads were stopped: 0.0001360 seconds, Stopping threads took: 0.0001014 seconds
[2019-06-24T09:24:45.261+0000][1][safepoint    ] Application time: 0.0000821 seconds
[2019-06-24T09:24:45.261+0000][1][safepoint    ] Entering safepoint region: RevokeBias
[2019-06-24T09:24:45.261+0000][1][safepoint    ] Leaving safepoint region
[2019-06-24T09:24:45.261+0000][1][safepoint    ] Total time for which application threads were stopped: 0.0000747 seconds, Stopping threads took: 0.0000360 seconds
[2019-06-24T09:24:45.261+0000][1][safepoint    ] Application time: 0.0000463 seconds
[2019-06-24T09:24:45.261+0000][1][safepoint    ] Entering safepoint region: RevokeBias
[2019-06-24T09:24:45.261+0000][1][safepoint    ] Leaving safepoint region
[2019-06-24T09:24:45.261+0000][1][safepoint    ] Total time for which application threads were stopped: 0.0000509 seconds, Stopping threads took: 0.0000264 seconds
[2019-06-24T09:24:45.261+0000][1][safepoint    ] Application time: 0.0000877 seconds
[2019-06-24T09:24:45.261+0000][1][safepoint    ] Entering safepoint region: RevokeBias
[2019-06-24T09:24:45.261+0000][1][safepoint    ] Leaving safepoint region
[2019-06-24T09:24:45.261+0000][1][safepoint    ] Total time for which application threads were stopped: 0.0000613 seconds, Stopping threads took: 0.0000298 seconds
[2019-06-24T09:24:45.261+0000][1][safepoint    ] Application time: 0.0000579 seconds
[2019-06-24T09:24:45.261+0000][1][safepoint    ] Entering safepoint region: RevokeBias
[2019-06-24T09:24:45.261+0000][1][safepoint    ] Leaving safepoint region
[2019-06-24T09:24:45.261+0000][1][safepoint    ] Total time for which application threads were stopped: 0.0000576 seconds, Stopping threads took: 0.0000282 seconds
[2019-06-24T09:24:45.261+0000][1][safepoint    ] Application time: 0.0000376 seconds
[2019-06-24T09:24:45.261+0000][1][safepoint    ] Entering safepoint region: RevokeBias
[2019-06-24T09:24:45.261+0000][1][safepoint    ] Leaving safepoint region
[2019-06-24T09:24:45.261+0000][1][safepoint    ] Total time for which application threads were stopped: 0.0000514 seconds, Stopping threads took: 0.0000295 seconds
[2019-06-24T09:24:45.261+0000][1][safepoint    ] Application time: 0.0000521 seconds
[2019-06-24T09:24:45.261+0000][1][safepoint    ] Entering safepoint region: RevokeBias
[2019-06-24T09:24:45.261+0000][1][safepoint    ] Leaving safepoint region
[2019-06-24T09:24:45.261+0000][1][safepoint    ] Total time for which application threads were stopped: 0.0000918 seconds, Stopping threads took: 0.0000541 seconds
[2019-06-24T09:24:45.261+0000][1][safepoint    ] Application time: 0.0000369 seconds
[2019-06-24T09:24:45.261+0000][1][safepoint    ] Entering safepoint region: RevokeBias
[2019-06-24T09:24:45.262+0000][1][safepoint    ] Leaving safepoint region
[2019-06-24T09:24:45.262+0000][1][safepoint    ] Total time for which application threads were stopped: 0.0000588 seconds, Stopping threads took: 0.0000251 seconds
[2019-06-24T09:24:45.262+0000][1][safepoint    ] Application time: 0.0000435 seconds
[2019-06-24T09:24:45.262+0000][1][safepoint    ] Entering safepoint region: RevokeBias
[2019-06-24T09:24:45.262+0000][1][safepoint    ] Leaving safepoint region
[2019-06-24T09:24:45.262+0000][1][safepoint    ] Total time for which application threads were stopped: 0.0000473 seconds, Stopping threads took: 0.0000230 seconds
[2019-06-24T09:24:45.262+0000][1][safepoint    ] Application time: 0.0000337 seconds
[2019-06-24T09:24:45.262+0000][1][safepoint    ] Entering safepoint region: RevokeBias
[2019-06-24T09:24:45.262+0000][1][safepoint    ] Leaving safepoint region
[2019-06-24T09:24:45.262+0000][1][safepoint    ] Total time for which application threads were stopped: 0.0000577 seconds, Stopping threads took: 0.0000337 seconds
[2019-06-24T09:24:45.262+0000][1][safepoint    ] Application time: 0.0000645 seconds
[2019-06-24T09:24:45.262+0000][1][safepoint    ] Entering safepoint region: RevokeBias
[2019-06-24T09:24:45.262+0000][1][safepoint    ] Leaving safepoint region
[2019-06-24T09:24:45.262+0000][1][safepoint    ] Total time for which application threads were stopped: 0.0000843 seconds, Stopping threads took: 0.0000497 seconds
[2019-06-24T09:24:45.262+0000][1][safepoint    ] Application time: 0.0000407 seconds
[2019-06-24T09:24:45.262+0000][1][safepoint    ] Entering safepoint region: RevokeBias
[2019-06-24T09:24:45.262+0000][1][safepoint    ] Leaving safepoint region
[2019-06-24T09:24:45.262+0000][1][safepoint    ] Total time for which application threads were stopped: 0.0000823 seconds, Stopping threads took: 0.0000500 seconds
[2019-06-24T09:24:45.262+0000][1][safepoint    ] Application time: 0.0000424 seconds
[2019-06-24T09:24:45.262+0000][1][safepoint    ] Entering safepoint region: RevokeBias
[2019-06-24T09:24:45.262+0000][1][safepoint    ] Leaving safepoint region
[2019-06-24T09:24:45.262+0000][1][safepoint    ] Total time for which application threads were stopped: 0.0000986 seconds, Stopping threads took: 0.0000618 seconds
[2019-06-24T09:24:45.262+0000][1][safepoint    ] Application time: 0.0000421 seconds
[2019-06-24T09:24:45.262+0000][1][safepoint    ] Entering safepoint region: RevokeBias
[2019-06-24T09:24:45.262+0000][1][safepoint    ] Leaving safepoint region
[2019-06-24T09:24:45.262+0000][1][safepoint    ] Total time for which application threads were stopped: 0.0000750 seconds, Stopping threads took: 0.0000293 seconds
[2019-06-24T09:24:45.262+0000][1][safepoint    ] Application time: 0.0000629 seconds
[2019-06-24T09:24:45.263+0000][1][safepoint    ] Entering safepoint region: RevokeBias
[2019-06-24T09:24:45.263+0000][1][safepoint    ] Leaving safepoint region
[2019-06-24T09:24:45.263+0000][1][safepoint    ] Total time for which application threads were stopped: 0.0001536 seconds, Stopping threads took: 0.0001209 seconds
[2019-06-24T09:24:45.263+0000][1][safepoint    ] Application time: 0.0000327 seconds
[2019-06-24T09:24:45.263+0000][1][safepoint    ] Entering safepoint region: RevokeBias
[2019-06-24T09:24:45.263+0000][1][safepoint    ] Leaving safepoint region
[2019-06-24T09:24:45.263+0000][1][safepoint    ] Total time for which application threads were stopped: 0.0000327 seconds, Stopping threads took: 0.0000065 seconds
[2019-06-24T09:24:45.263+0000][1][safepoint    ] Application time: 0.0000575 seconds
[2019-06-24T09:24:45.263+0000][1][safepoint    ] Entering safepoint region: RevokeBias
[2019-06-24T09:24:45.263+0000][1][safepoint    ] Leaving safepoint region
[2019-06-24T09:24:45.263+0000][1][safepoint    ] Total time for which application threads were stopped: 0.0000335 seconds, Stopping threads took: 0.0000066 seconds
[2019-06-24T09:24:45.263+0000][1][safepoint    ] Application time: 0.0000309 seconds
[2019-06-24T09:24:45.263+0000][1][safepoint    ] Entering safepoint region: RevokeBias
[2019-06-24T09:24:45.263+0000][1][safepoint    ] Leaving safepoint region
[2019-06-24T09:24:45.263+0000][1][safepoint    ] Total time for which application threads were stopped: 0.0000310 seconds, Stopping threads took: 0.0000062 seconds
[2019-06-24T09:24:45.263+0000][1][safepoint    ] Application time: 0.0000396 seconds
[2019-06-24T09:24:45.263+0000][1][safepoint    ] Entering safepoint region: RevokeBias
[2019-06-24T09:24:45.263+0000][1][safepoint    ] Leaving safepoint region
[2019-06-24T09:24:45.263+0000][1][safepoint    ] Total time for which application threads were stopped: 0.0000313 seconds, Stopping threads took: 0.0000063 seconds
[2019-06-24T09:24:45.263+0000][1][safepoint    ] Application time: 0.0000290 seconds
[2019-06-24T09:24:45.263+0000][1][safepoint    ] Entering safepoint region: RevokeBias
[2019-06-24T09:24:45.263+0000][1][safepoint    ] Leaving safepoint region
[2019-06-24T09:24:45.263+0000][1][safepoint    ] Total time for which application threads were stopped: 0.0000387 seconds, Stopping threads took: 0.0000133 seconds
[2019-06-24T09:24:45.263+0000][1][safepoint    ] Application time: 0.0000337 seconds
[2019-06-24T09:24:45.263+0000][1][safepoint    ] Entering safepoint region: RevokeBias
[2019-06-24T09:24:45.263+0000][1][safepoint    ] Leaving safepoint region
[2019-06-24T09:24:45.263+0000][1][safepoint    ] Total time for which application threads were stopped: 0.0000313 seconds, Stopping threads took: 0.0000063 seconds
[2019-06-24T09:24:45.263+0000][1][safepoint    ] Application time: 0.0000289 seconds
[2019-06-24T09:24:45.263+0000][1][safepoint    ] Entering safepoint region: RevokeBias
[2019-06-24T09:24:45.263+0000][1][safepoint    ] Leaving safepoint region
[2019-06-24T09:24:45.263+0000][1][safepoint    ] Total time for which application threads were stopped: 0.0000304 seconds, Stopping threads took: 0.0000062 seconds
[2019-06-24T09:24:45.485+0000][1][safepoint    ] Application time: 0.2219920 seconds
[2019-06-24T09:24:45.485+0000][1][safepoint    ] Entering safepoint region: Deoptimize
[2019-06-24T09:24:45.486+0000][1][safepoint    ] Leaving safepoint region
[2019-06-24T09:24:45.486+0000][1][safepoint    ] Total time for which application threads were stopped: 0.0004553 seconds, Stopping threads took: 0.0000172 seconds
[2019-06-24T09:24:45.597+0000][1][safepoint    ] Application time: 0.1113408 seconds
[2019-06-24T09:24:45.597+0000][1][safepoint    ] Entering safepoint region: RevokeBias
[2019-06-24T09:24:45.597+0000][1][safepoint    ] Leaving safepoint region
[2019-06-24T09:24:45.597+0000][1][safepoint    ] Total time for which application threads were stopped: 0.0002071 seconds, Stopping threads took: 0.0001017 seconds
[2019-06-24T09:24:45.697+0000][1][safepoint    ] Application time: 0.0999027 seconds
[2019-06-24T09:24:45.697+0000][1][safepoint    ] Entering safepoint region: RevokeBias
[2019-06-24T09:24:45.697+0000][1][safepoint    ] Leaving safepoint region
[2019-06-24T09:24:45.697+0000][1][safepoint    ] Total time for which application threads were stopped: 0.0001279 seconds, Stopping threads took: 0.0000195 seconds
[2019-06-24T09:24:45.703+0000][1][safepoint    ] Application time: 0.0051617 seconds
[2019-06-24T09:24:45.703+0000][1][safepoint    ] Entering safepoint region: RevokeBias
[2019-06-24T09:24:45.703+0000][1][safepoint    ] Leaving safepoint region
[2019-06-24T09:24:45.703+0000][1][safepoint    ] Total time for which application threads were stopped: 0.0000944 seconds, Stopping threads took: 0.0000196 seconds
[2019-06-24T09:24:45.730+0000][1][safepoint    ] Application time: 0.0275283 seconds
[2019-06-24T09:24:45.730+0000][1][safepoint    ] Entering safepoint region: GenCollectForAllocation
[2019-06-24T09:24:45.730+0000][1][gc,start     ] GC(1) Pause Young (Allocation Failure)
[2019-06-24T09:24:45.730+0000][1][gc,task      ] GC(1) Using 5 workers of 8 for evacuation
[2019-06-24T09:24:45.744+0000][1][gc,age       ] GC(1) Desired survivor size 4456448 bytes, new threshold 6 (max threshold 6)
[2019-06-24T09:24:45.744+0000][1][gc,age       ] GC(1) Age table with threshold 6 (max threshold 6)
[2019-06-24T09:24:45.744+0000][1][gc,age       ] GC(1) - age   1:    1984928 bytes,    1984928 total
[2019-06-24T09:24:45.744+0000][1][gc,heap      ] GC(1) ParNew: 77715K->6134K(78656K)
[2019-06-24T09:24:45.744+0000][1][gc,heap      ] GC(1) CMS: 0K->6651K(174784K)
[2019-06-24T09:24:45.744+0000][1][gc,metaspace ] GC(1) Metaspace: 14728K->14728K(1062912K)
[2019-06-24T09:24:45.744+0000][1][gc           ] GC(1) Pause Young (Allocation Failure) 75M->12M(247M) 13.628ms
[2019-06-24T09:24:45.744+0000][1][gc,cpu       ] GC(1) User=0.10s Sys=0.00s Real=0.02s
[2019-06-24T09:24:45.744+0000][1][safepoint    ] Leaving safepoint region
[2019-06-24T09:24:45.744+0000][1][safepoint    ] Total time for which application threads were stopped: 0.0137628 seconds, Stopping threads took: 0.0000169 seconds
[2019-06-24T09:24:45.744+0000][1][safepoint    ] Application time: 0.0002137 seconds
[2019-06-24T09:24:45.744+0000][1][safepoint    ] Entering safepoint region: RevokeBias
[2019-06-24T09:24:45.744+0000][1][safepoint    ] Leaving safepoint region
[2019-06-24T09:24:45.744+0000][1][safepoint    ] Total time for which application threads were stopped: 0.0001729 seconds, Stopping threads took: 0.0000589 seconds
[2019-06-24T09:24:45.745+0000][1][safepoint    ] Application time: 0.0001016 seconds
[2019-06-24T09:24:45.745+0000][1][safepoint    ] Entering safepoint region: RevokeBias
[2019-06-24T09:24:45.745+0000][1][safepoint    ] Leaving safepoint region
[2019-06-24T09:24:45.745+0000][1][safepoint    ] Total time for which application threads were stopped: 0.0000965 seconds, Stopping threads took: 0.0000332 seconds
[2019-06-24T09:24:45.745+0000][1][safepoint    ] Application time: 0.0000877 seconds
[2019-06-24T09:24:45.745+0000][1][safepoint    ] Entering safepoint region: RevokeBias
[2019-06-24T09:24:45.745+0000][1][safepoint    ] Leaving safepoint region
[2019-06-24T09:24:45.745+0000][1][safepoint    ] Total time for which application threads were stopped: 0.0001536 seconds, Stopping threads took: 0.0001049 seconds
[2019-06-24T09:24:45.745+0000][1][safepoint    ] Application time: 0.0000439 seconds
[2019-06-24T09:24:45.745+0000][1][safepoint    ] Entering safepoint region: RevokeBias
[2019-06-24T09:24:45.745+0000][1][safepoint    ] Leaving safepoint region
[2019-06-24T09:24:45.745+0000][1][safepoint    ] Total time for which application threads were stopped: 0.0000507 seconds, Stopping threads took: 0.0000194 seconds
[2019-06-24T09:24:45.745+0000][1][safepoint    ] Application time: 0.0000437 seconds
[2019-06-24T09:24:45.745+0000][1][safepoint    ] Entering safepoint region: RevokeBias
[2019-06-24T09:24:45.745+0000][1][safepoint    ] Leaving safepoint region
[2019-06-24T09:24:45.745+0000][1][safepoint    ] Total time for which application threads were stopped: 0.0000544 seconds, Stopping threads took: 0.0000093 seconds
[2019-06-24T09:24:45.745+0000][1][safepoint    ] Application time: 0.0000878 seconds
[2019-06-24T09:24:45.745+0000][1][safepoint    ] Entering safepoint region: RevokeBias
[2019-06-24T09:24:45.745+0000][1][safepoint    ] Leaving safepoint region
[2019-06-24T09:24:45.745+0000][1][safepoint    ] Total time for which application threads were stopped: 0.0000773 seconds, Stopping threads took: 0.0000482 seconds
[2019-06-24T09:24:45.745+0000][1][safepoint    ] Application time: 0.0000410 seconds
[2019-06-24T09:24:45.745+0000][1][safepoint    ] Entering safepoint region: RevokeBias
[2019-06-24T09:24:45.745+0000][1][safepoint    ] Leaving safepoint region
[2019-06-24T09:24:45.745+0000][1][safepoint    ] Total time for which application threads were stopped: 0.0000790 seconds, Stopping threads took: 0.0000429 seconds
[2019-06-24T09:24:45.745+0000][1][safepoint    ] Application time: 0.0000334 seconds
[2019-06-24T09:24:45.746+0000][1][safepoint    ] Entering safepoint region: RevokeBias
[2019-06-24T09:24:45.746+0000][1][safepoint    ] Leaving safepoint region
[2019-06-24T09:24:45.746+0000][1][safepoint    ] Total time for which application threads were stopped: 0.0000719 seconds, Stopping threads took: 0.0000373 seconds
[2019-06-24T09:24:45.746+0000][1][safepoint    ] Application time: 0.0000389 seconds
[2019-06-24T09:24:45.746+0000][1][safepoint    ] Entering safepoint region: RevokeBias
[2019-06-24T09:24:45.746+0000][1][safepoint    ] Leaving safepoint region
[2019-06-24T09:24:45.746+0000][1][safepoint    ] Total time for which application threads were stopped: 0.0000600 seconds, Stopping threads took: 0.0000249 seconds
[2019-06-24T09:24:45.746+0000][1][safepoint    ] Application time: 0.0000360 seconds
[2019-06-24T09:24:45.746+0000][1][safepoint    ] Entering safepoint region: RevokeBias
[2019-06-24T09:24:45.746+0000][1][safepoint    ] Leaving safepoint region
[2019-06-24T09:24:45.746+0000][1][safepoint    ] Total time for which application threads were stopped: 0.0000684 seconds, Stopping threads took: 0.0000396 seconds
[2019-06-24T09:24:45.746+0000][1][safepoint    ] Application time: 0.0000397 seconds
[2019-06-24T09:24:45.746+0000][1][safepoint    ] Entering safepoint region: BulkRevokeBias
[2019-06-24T09:24:45.746+0000][1][safepoint    ] Leaving safepoint region
[2019-06-24T09:24:45.746+0000][1][safepoint    ] Total time for which application threads were stopped: 0.0000701 seconds, Stopping threads took: 0.0000263 seconds
[2019-06-24T09:24:45.746+0000][1][safepoint    ] Application time: 0.0000369 seconds
[2019-06-24T09:24:45.746+0000][1][safepoint    ] Entering safepoint region: RevokeBias
[2019-06-24T09:24:45.746+0000][1][safepoint    ] Leaving safepoint region
[2019-06-24T09:24:45.746+0000][1][safepoint    ] Total time for which application threads were stopped: 0.0000505 seconds, Stopping threads took: 0.0000262 seconds
[2019-06-24T09:24:45.746+0000][1][safepoint    ] Application time: 0.0000507 seconds
[2019-06-24T09:24:45.746+0000][1][safepoint    ] Entering safepoint region: BulkRevokeBias
[2019-06-24T09:24:45.746+0000][1][safepoint    ] Leaving safepoint region
[2019-06-24T09:24:45.746+0000][1][safepoint    ] Total time for which application threads were stopped: 0.0000692 seconds, Stopping threads took: 0.0000254 seconds
[2019-06-24T09:24:45.883+0000][1][safepoint    ] Application time: 0.1367322 seconds
[2019-06-24T09:24:45.883+0000][1][safepoint    ] Entering safepoint region: GenCollectForAllocation
[2019-06-24T09:24:45.883+0000][1][gc,start     ] GC(2) Pause Young (Allocation Failure)
[2019-06-24T09:24:45.883+0000][1][gc,task      ] GC(2) Using 5 workers of 8 for evacuation
[2019-06-24T09:24:45.886+0000][1][gc,age       ] GC(2) Desired survivor size 4456448 bytes, new threshold 6 (max threshold 6)
[2019-06-24T09:24:45.886+0000][1][gc,age       ] GC(2) Age table with threshold 6 (max threshold 6)
[2019-06-24T09:24:45.886+0000][1][gc,age       ] GC(2) - age   1:    2710448 bytes,    2710448 total
[2019-06-24T09:24:45.886+0000][1][gc,age       ] GC(2) - age   2:    1206936 bytes,    3917384 total
[2019-06-24T09:24:45.886+0000][1][gc,heap      ] GC(2) ParNew: 76086K->4582K(78656K)
[2019-06-24T09:24:45.886+0000][1][gc,heap      ] GC(2) CMS: 6651K->6651K(174784K)
[2019-06-24T09:24:45.886+0000][1][gc,metaspace ] GC(2) Metaspace: 14856K->14856K(1062912K)
[2019-06-24T09:24:45.886+0000][1][gc           ] GC(2) Pause Young (Allocation Failure) 80M->10M(247M) 3.207ms
[2019-06-24T09:24:45.886+0000][1][gc,cpu       ] GC(2) User=0.02s Sys=0.00s Real=0.00s
[2019-06-24T09:24:45.886+0000][1][safepoint    ] Leaving safepoint region
[2019-06-24T09:24:45.886+0000][1][safepoint    ] Total time for which application threads were stopped: 0.0033337 seconds, Stopping threads took: 0.0000112 seconds
[2019-06-24T09:24:45.886+0000][1][safepoint    ] Application time: 0.0001145 seconds
[2019-06-24T09:24:45.886+0000][1][safepoint    ] Entering safepoint region: RevokeBias
[2019-06-24T09:24:45.887+0000][1][safepoint    ] Leaving safepoint region
[2019-06-24T09:24:45.887+0000][1][safepoint    ] Total time for which application threads were stopped: 0.0001121 seconds, Stopping threads took: 0.0000171 seconds
[2019-06-24T09:24:45.887+0000][1][safepoint    ] Application time: 0.0000673 seconds
[2019-06-24T09:24:45.887+0000][1][safepoint    ] Entering safepoint region: RevokeBias
[2019-06-24T09:24:45.887+0000][1][safepoint    ] Leaving safepoint region
[2019-06-24T09:24:45.887+0000][1][safepoint    ] Total time for which application threads were stopped: 0.0000532 seconds, Stopping threads took: 0.0000095 seconds
[2019-06-24T09:24:45.887+0000][1][safepoint    ] Application time: 0.0000629 seconds
[2019-06-24T09:24:45.887+0000][1][safepoint    ] Entering safepoint region: RevokeBias
[2019-06-24T09:24:45.887+0000][1][safepoint    ] Leaving safepoint region
[2019-06-24T09:24:45.887+0000][1][safepoint    ] Total time for which application threads were stopped: 0.0000454 seconds, Stopping threads took: 0.0000088 seconds
[2019-06-24T09:24:45.887+0000][1][safepoint    ] Application time: 0.0001113 seconds
[2019-06-24T09:24:45.887+0000][1][safepoint    ] Entering safepoint region: RevokeBias
[2019-06-24T09:24:45.887+0000][1][safepoint    ] Leaving safepoint region
[2019-06-24T09:24:45.887+0000][1][safepoint    ] Total time for which application threads were stopped: 0.0001029 seconds, Stopping threads took: 0.0000541 seconds
[2019-06-24T09:24:45.887+0000][1][safepoint    ] Application time: 0.0001147 seconds
[2019-06-24T09:24:45.887+0000][1][safepoint    ] Entering safepoint region: RevokeBias
[2019-06-24T09:24:45.887+0000][1][safepoint    ] Leaving safepoint region
[2019-06-24T09:24:45.887+0000][1][safepoint    ] Total time for which application threads were stopped: 0.0000709 seconds, Stopping threads took: 0.0000338 seconds
[2019-06-24T09:24:45.887+0000][1][safepoint    ] Application time: 0.0001088 seconds
[2019-06-24T09:24:45.887+0000][1][safepoint    ] Entering safepoint region: RevokeBias
[2019-06-24T09:24:45.888+0000][1][safepoint    ] Leaving safepoint region
[2019-06-24T09:24:45.888+0000][1][safepoint    ] Total time for which application threads were stopped: 0.0001562 seconds, Stopping threads took: 0.0000936 seconds
[2019-06-24T09:24:46.017+0000][1][safepoint    ] Application time: 0.1295853 seconds
[2019-06-24T09:24:46.017+0000][1][safepoint    ] Entering safepoint region: Deoptimize
[2019-06-24T09:24:46.018+0000][1][safepoint    ] Leaving safepoint region
[2019-06-24T09:24:46.018+0000][1][safepoint    ] Total time for which application threads were stopped: 0.0003611 seconds, Stopping threads took: 0.0000170 seconds
[2019-06-24T09:24:46.018+0000][1][safepoint    ] Application time: 0.0003667 seconds
[2019-06-24T09:24:46.018+0000][1][safepoint    ] Entering safepoint region: Deoptimize
[2019-06-24T09:24:46.018+0000][1][safepoint    ] Leaving safepoint region
[2019-06-24T09:24:46.018+0000][1][safepoint    ] Total time for which application threads were stopped: 0.0002589 seconds, Stopping threads took: 0.0000115 seconds
[2019-06-24T09:24:46.193+0000][1][safepoint    ] Application time: 0.1748924 seconds
[2019-06-24T09:24:46.193+0000][1][safepoint    ] Entering safepoint region: GenCollectForAllocation
[2019-06-24T09:24:46.193+0000][1][gc,start     ] GC(3) Pause Young (Allocation Failure)
[2019-06-24T09:24:46.193+0000][1][gc,task      ] GC(3) Using 5 workers of 8 for evacuation
[2019-06-24T09:24:46.196+0000][1][gc,age       ] GC(3) Desired survivor size 4456448 bytes, new threshold 3 (max threshold 6)
[2019-06-24T09:24:46.196+0000][1][gc,age       ] GC(3) Age table with threshold 3 (max threshold 6)
[2019-06-24T09:24:46.196+0000][1][gc,age       ] GC(3) - age   1:    3606696 bytes,    3606696 total
[2019-06-24T09:24:46.196+0000][1][gc,age       ] GC(3) - age   2:     318784 bytes,    3925480 total
[2019-06-24T09:24:46.196+0000][1][gc,age       ] GC(3) - age   3:    1203944 bytes,    5129424 total
[2019-06-24T09:24:46.197+0000][1][gc,heap      ] GC(3) ParNew: 74534K->6091K(78656K)
[2019-06-24T09:24:46.197+0000][1][gc,heap      ] GC(3) CMS: 6651K->6651K(174784K)
[2019-06-24T09:24:46.197+0000][1][gc,metaspace ] GC(3) Metaspace: 18313K->18313K(1067008K)
[2019-06-24T09:24:46.197+0000][1][gc           ] GC(3) Pause Young (Allocation Failure) 79M->12M(247M) 3.312ms
[2019-06-24T09:24:46.197+0000][1][gc,cpu       ] GC(3) User=0.01s Sys=0.00s Real=0.01s
[2019-06-24T09:24:46.197+0000][1][safepoint    ] Leaving safepoint region
[2019-06-24T09:24:46.197+0000][1][safepoint    ] Total time for which application threads were stopped: 0.0034669 seconds, Stopping threads took: 0.0000130 seconds
[2019-06-24T09:24:46.197+0000][1][safepoint    ] Application time: 0.0002412 seconds
[2019-06-24T09:24:46.197+0000][1][safepoint    ] Entering safepoint region: RevokeBias
[2019-06-24T09:24:46.197+0000][1][safepoint    ] Leaving safepoint region
[2019-06-24T09:24:46.197+0000][1][safepoint    ] Total time for which application threads were stopped: 0.0001690 seconds, Stopping threads took: 0.0001131 seconds
[2019-06-24T09:24:46.197+0000][1][safepoint    ] Application time: 0.0000432 seconds
[2019-06-24T09:24:46.197+0000][1][safepoint    ] Entering safepoint region: BulkRevokeBias
[2019-06-24T09:24:46.197+0000][1][safepoint    ] Leaving safepoint region
[2019-06-24T09:24:46.197+0000][1][safepoint    ] Total time for which application threads were stopped: 0.0000843 seconds, Stopping threads took: 0.0000169 seconds
[2019-06-24T09:24:46.197+0000][1][safepoint    ] Application time: 0.0001169 seconds
[2019-06-24T09:24:46.197+0000][1][safepoint    ] Entering safepoint region: RevokeBias
[2019-06-24T09:24:46.197+0000][1][safepoint    ] Leaving safepoint region
[2019-06-24T09:24:46.197+0000][1][safepoint    ] Total time for which application threads were stopped: 0.0000768 seconds, Stopping threads took: 0.0000324 seconds
[2019-06-24T09:24:46.198+0000][1][safepoint    ] Application time: 0.0001296 seconds
[2019-06-24T09:24:46.198+0000][1][safepoint    ] Entering safepoint region: RevokeBias
[2019-06-24T09:24:46.198+0000][1][safepoint    ] Leaving safepoint region
[2019-06-24T09:24:46.198+0000][1][safepoint    ] Total time for which application threads were stopped: 0.0002416 seconds, Stopping threads took: 0.0001889 seconds
[2019-06-24T09:24:46.198+0000][1][safepoint    ] Application time: 0.0000472 seconds
[2019-06-24T09:24:46.198+0000][1][safepoint    ] Entering safepoint region: RevokeBias
[2019-06-24T09:24:46.198+0000][1][safepoint    ] Leaving safepoint region
[2019-06-24T09:24:46.198+0000][1][safepoint    ] Total time for which application threads were stopped: 0.0001328 seconds, Stopping threads took: 0.0000894 seconds
[2019-06-24T09:24:46.198+0000][1][safepoint    ] Application time: 0.0001038 seconds
[2019-06-24T09:24:46.198+0000][1][safepoint    ] Entering safepoint region: RevokeBias
[2019-06-24T09:24:46.198+0000][1][safepoint    ] Leaving safepoint region
[2019-06-24T09:24:46.198+0000][1][safepoint    ] Total time for which application threads were stopped: 0.0001607 seconds, Stopping threads took: 0.0001137 seconds
[2019-06-24T09:24:46.198+0000][1][safepoint    ] Application time: 0.0000453 seconds
[2019-06-24T09:24:46.198+0000][1][safepoint    ] Entering safepoint region: RevokeBias
[2019-06-24T09:24:46.198+0000][1][safepoint    ] Leaving safepoint region
[2019-06-24T09:24:46.198+0000][1][safepoint    ] Total time for which application threads were stopped: 0.0000993 seconds, Stopping threads took: 0.0000596 seconds
[2019-06-24T09:24:46.199+0000][1][safepoint    ] Application time: 0.0001279 seconds
[2019-06-24T09:24:46.199+0000][1][safepoint    ] Entering safepoint region: RevokeBias
[2019-06-24T09:24:46.199+0000][1][safepoint    ] Leaving safepoint region
[2019-06-24T09:24:46.199+0000][1][safepoint    ] Total time for which application threads were stopped: 0.0000509 seconds, Stopping threads took: 0.0000107 seconds
[2019-06-24T09:24:46.199+0000][1][safepoint    ] Application time: 0.0000933 seconds
[2019-06-24T09:24:46.199+0000][1][safepoint    ] Entering safepoint region: RevokeBias
[2019-06-24T09:24:46.199+0000][1][safepoint    ] Leaving safepoint region
[2019-06-24T09:24:46.199+0000][1][safepoint    ] Total time for which application threads were stopped: 0.0000866 seconds, Stopping threads took: 0.0000347 seconds
[2019-06-24T09:24:46.199+0000][1][safepoint    ] Application time: 0.0001015 seconds
[2019-06-24T09:24:46.199+0000][1][safepoint    ] Entering safepoint region: RevokeBias
[2019-06-24T09:24:46.199+0000][1][safepoint    ] Leaving safepoint region
[2019-06-24T09:24:46.199+0000][1][safepoint    ] Total time for which application threads were stopped: 0.0000832 seconds, Stopping threads took: 0.0000339 seconds
[2019-06-24T09:24:46.199+0000][1][safepoint    ] Application time: 0.0000668 seconds
[2019-06-24T09:24:46.199+0000][1][safepoint    ] Entering safepoint region: RevokeBias
[2019-06-24T09:24:46.199+0000][1][safepoint    ] Leaving safepoint region
[2019-06-24T09:24:46.199+0000][1][safepoint    ] Total time for which application threads were stopped: 0.0000708 seconds, Stopping threads took: 0.0000269 seconds
[2019-06-24T09:24:46.199+0000][1][safepoint    ] Application time: 0.0001009 seconds
[2019-06-24T09:24:46.199+0000][1][safepoint    ] Entering safepoint region: RevokeBias
[2019-06-24T09:24:46.199+0000][1][safepoint    ] Leaving safepoint region
[2019-06-24T09:24:46.199+0000][1][safepoint    ] Total time for which application threads were stopped: 0.0001465 seconds, Stopping threads took: 0.0000748 seconds
[2019-06-24T09:24:46.200+0000][1][safepoint    ] Application time: 0.0000665 seconds
[2019-06-24T09:24:46.200+0000][1][safepoint    ] Entering safepoint region: RevokeBias
[2019-06-24T09:24:46.200+0000][1][safepoint    ] Leaving safepoint region
[2019-06-24T09:24:46.200+0000][1][safepoint    ] Total time for which application threads were stopped: 0.0000690 seconds, Stopping threads took: 0.0000230 seconds
[2019-06-24T09:24:46.200+0000][1][safepoint    ] Application time: 0.0000488 seconds
[2019-06-24T09:24:46.200+0000][1][safepoint    ] Entering safepoint region: RevokeBias
[2019-06-24T09:24:46.200+0000][1][safepoint    ] Leaving safepoint region
[2019-06-24T09:24:46.200+0000][1][safepoint    ] Total time for which application threads were stopped: 0.0000725 seconds, Stopping threads took: 0.0000314 seconds
[2019-06-24T09:24:46.200+0000][1][safepoint    ] Application time: 0.0000416 seconds
[2019-06-24T09:24:46.200+0000][1][safepoint    ] Entering safepoint region: RevokeBias
[2019-06-24T09:24:46.200+0000][1][safepoint    ] Leaving safepoint region
[2019-06-24T09:24:46.200+0000][1][safepoint    ] Total time for which application threads were stopped: 0.0000500 seconds, Stopping threads took: 0.0000106 seconds
[2019-06-24T09:24:46.200+0000][1][safepoint    ] Application time: 0.0002299 seconds
[2019-06-24T09:24:46.200+0000][1][safepoint    ] Entering safepoint region: RevokeBias
[2019-06-24T09:24:46.200+0000][1][safepoint    ] Leaving safepoint region
[2019-06-24T09:24:46.200+0000][1][safepoint    ] Total time for which application threads were stopped: 0.0000943 seconds, Stopping threads took: 0.0000517 seconds
[2019-06-24T09:24:46.200+0000][1][safepoint    ] Application time: 0.0000599 seconds
[2019-06-24T09:24:46.200+0000][1][safepoint    ] Entering safepoint region: RevokeBias
[2019-06-24T09:24:46.200+0000][1][safepoint    ] Leaving safepoint region
[2019-06-24T09:24:46.200+0000][1][safepoint    ] Total time for which application threads were stopped: 0.0000711 seconds, Stopping threads took: 0.0000297 seconds
[2019-06-24T09:24:46.200+0000][1][safepoint    ] Application time: 0.0000453 seconds
[2019-06-24T09:24:46.201+0000][1][safepoint    ] Entering safepoint region: RevokeBias
[2019-06-24T09:24:46.201+0000][1][safepoint    ] Leaving safepoint region
[2019-06-24T09:24:46.201+0000][1][safepoint    ] Total time for which application threads were stopped: 0.0000966 seconds, Stopping threads took: 0.0000559 seconds
[2019-06-24T09:24:46.201+0000][1][safepoint    ] Application time: 0.0000497 seconds
[2019-06-24T09:24:46.201+0000][1][safepoint    ] Entering safepoint region: RevokeBias
[2019-06-24T09:24:46.201+0000][1][safepoint    ] Leaving safepoint region
[2019-06-24T09:24:46.201+0000][1][safepoint    ] Total time for which application threads were stopped: 0.0000717 seconds, Stopping threads took: 0.0000282 seconds
[2019-06-24T09:24:46.201+0000][1][safepoint    ] Application time: 0.0000452 seconds
[2019-06-24T09:24:46.201+0000][1][safepoint    ] Entering safepoint region: RevokeBias
[2019-06-24T09:24:46.201+0000][1][safepoint    ] Leaving safepoint region
[2019-06-24T09:24:46.201+0000][1][safepoint    ] Total time for which application threads were stopped: 0.0000970 seconds, Stopping threads took: 0.0000448 seconds
[2019-06-24T09:24:46.201+0000][1][safepoint    ] Application time: 0.0000453 seconds
[2019-06-24T09:24:46.201+0000][1][safepoint    ] Entering safepoint region: RevokeBias
[2019-06-24T09:24:46.201+0000][1][safepoint    ] Leaving safepoint region
[2019-06-24T09:24:46.201+0000][1][safepoint    ] Total time for which application threads were stopped: 0.0000689 seconds, Stopping threads took: 0.0000269 seconds
[2019-06-24T09:24:46.201+0000][1][safepoint    ] Application time: 0.0000421 seconds
[2019-06-24T09:24:46.201+0000][1][safepoint    ] Entering safepoint region: RevokeBias
[2019-06-24T09:24:46.201+0000][1][safepoint    ] Leaving safepoint region
[2019-06-24T09:24:46.201+0000][1][safepoint    ] Total time for which application threads were stopped: 0.0000747 seconds, Stopping threads took: 0.0000329 seconds
[2019-06-24T09:24:46.281+0000][1][safepoint    ] Application time: 0.0800086 seconds
[2019-06-24T09:24:46.281+0000][1][safepoint    ] Entering safepoint region: GenCollectForAllocation
[2019-06-24T09:24:46.281+0000][1][gc,start     ] GC(4) Pause Young (Allocation Failure)
[2019-06-24T09:24:46.281+0000][1][gc,task      ] GC(4) Using 5 workers of 8 for evacuation
[2019-06-24T09:24:46.286+0000][1][gc,age       ] GC(4) Desired survivor size 4456448 bytes, new threshold 2 (max threshold 6)
[2019-06-24T09:24:46.286+0000][1][gc,age       ] GC(4) Age table with threshold 2 (max threshold 6)
[2019-06-24T09:24:46.286+0000][1][gc,age       ] GC(4) - age   1:    1657064 bytes,    1657064 total
[2019-06-24T09:24:46.286+0000][1][gc,age       ] GC(4) - age   2:    3304752 bytes,    4961816 total
[2019-06-24T09:24:46.286+0000][1][gc,age       ] GC(4) - age   3:     318256 bytes,    5280072 total
[2019-06-24T09:24:46.286+0000][1][gc,heap      ] GC(4) ParNew: 76043K->8071K(78656K)
[2019-06-24T09:24:46.286+0000][1][gc,heap      ] GC(4) CMS: 6651K->7844K(174784K)
[2019-06-24T09:24:46.286+0000][1][gc,metaspace ] GC(4) Metaspace: 18516K->18516K(1067008K)
[2019-06-24T09:24:46.286+0000][1][gc           ] GC(4) Pause Young (Allocation Failure) 80M->15M(247M) 4.441ms
[2019-06-24T09:24:46.286+0000][1][gc,cpu       ] GC(4) User=0.03s Sys=0.00s Real=0.01s
[2019-06-24T09:24:46.286+0000][1][safepoint    ] Leaving safepoint region
[2019-06-24T09:24:46.286+0000][1][safepoint    ] Total time for which application threads were stopped: 0.0046043 seconds, Stopping threads took: 0.0000119 seconds
[2019-06-24T09:24:46.286+0000][1][safepoint    ] Application time: 0.0001758 seconds
[2019-06-24T09:24:46.286+0000][1][safepoint    ] Entering safepoint region: RevokeBias
[2019-06-24T09:24:46.286+0000][1][safepoint    ] Leaving safepoint region
[2019-06-24T09:24:46.286+0000][1][safepoint    ] Total time for which application threads were stopped: 0.0000877 seconds, Stopping threads took: 0.0000258 seconds
[2019-06-24T09:24:46.286+0000][1][safepoint    ] Application time: 0.0000475 seconds
[2019-06-24T09:24:46.286+0000][1][safepoint    ] Entering safepoint region: RevokeBias
[2019-06-24T09:24:46.286+0000][1][safepoint    ] Leaving safepoint region
[2019-06-24T09:24:46.286+0000][1][safepoint    ] Total time for which application threads were stopped: 0.0000624 seconds, Stopping threads took: 0.0000262 seconds
[2019-06-24T09:24:46.286+0000][1][safepoint    ] Application time: 0.0000478 seconds
[2019-06-24T09:24:46.286+0000][1][safepoint    ] Entering safepoint region: RevokeBias
[2019-06-24T09:24:46.286+0000][1][safepoint    ] Leaving safepoint region
[2019-06-24T09:24:46.286+0000][1][safepoint    ] Total time for which application threads were stopped: 0.0000939 seconds, Stopping threads took: 0.0000434 seconds
[2019-06-24T09:24:46.286+0000][1][safepoint    ] Application time: 0.0000433 seconds
[2019-06-24T09:24:46.286+0000][1][safepoint    ] Entering safepoint region: RevokeBias
[2019-06-24T09:24:46.287+0000][1][safepoint    ] Leaving safepoint region
[2019-06-24T09:24:46.287+0000][1][safepoint    ] Total time for which application threads were stopped: 0.0001229 seconds, Stopping threads took: 0.0000642 seconds
[2019-06-24T09:24:46.312+0000][1][safepoint    ] Application time: 0.0251188 seconds
[2019-06-24T09:24:46.312+0000][1][safepoint    ] Entering safepoint region: Deoptimize
[2019-06-24T09:24:46.312+0000][1][safepoint    ] Leaving safepoint region
[2019-06-24T09:24:46.312+0000][1][safepoint    ] Total time for which application threads were stopped: 0.0002964 seconds, Stopping threads took: 0.0000181 seconds
[2019-06-24T09:24:46.362+0000][1][safepoint    ] Application time: 0.0498474 seconds
[2019-06-24T09:24:46.362+0000][1][safepoint    ] Entering safepoint region: Deoptimize
[2019-06-24T09:24:46.362+0000][1][safepoint    ] Leaving safepoint region
[2019-06-24T09:24:46.362+0000][1][safepoint    ] Total time for which application threads were stopped: 0.0003668 seconds, Stopping threads took: 0.0000156 seconds
[2019-06-24T09:24:46.367+0000][1][safepoint    ] Application time: 0.0044178 seconds
[2019-06-24T09:24:46.367+0000][1][safepoint    ] Entering safepoint region: RevokeBias
[2019-06-24T09:24:46.367+0000][1][safepoint    ] Leaving safepoint region
[2019-06-24T09:24:46.367+0000][1][safepoint    ] Total time for which application threads were stopped: 0.0001006 seconds, Stopping threads took: 0.0000376 seconds
[2019-06-24T09:24:46.427+0000][1][safepoint    ] Application time: 0.0596553 seconds
[2019-06-24T09:24:46.427+0000][1][safepoint    ] Entering safepoint region: RevokeBias
[2019-06-24T09:24:46.427+0000][1][safepoint    ] Leaving safepoint region
[2019-06-24T09:24:46.427+0000][1][safepoint    ] Total time for which application threads were stopped: 0.0000940 seconds, Stopping threads took: 0.0000315 seconds
[2019-06-24T09:24:46.427+0000][1][safepoint    ] Application time: 0.0005217 seconds
[2019-06-24T09:24:46.427+0000][1][safepoint    ] Entering safepoint region: RevokeBias
[2019-06-24T09:24:46.427+0000][1][safepoint    ] Leaving safepoint region
[2019-06-24T09:24:46.427+0000][1][safepoint    ] Total time for which application threads were stopped: 0.0000547 seconds, Stopping threads took: 0.0000127 seconds
[2019-06-24T09:24:46.428+0000][1][safepoint    ] Application time: 0.0004075 seconds
[2019-06-24T09:24:46.428+0000][1][safepoint    ] Entering safepoint region: RevokeBias
[2019-06-24T09:24:46.428+0000][1][safepoint    ] Leaving safepoint region
[2019-06-24T09:24:46.428+0000][1][safepoint    ] Total time for which application threads were stopped: 0.0000475 seconds, Stopping threads took: 0.0000104 seconds
[2019-06-24T09:24:46.428+0000][1][safepoint    ] Application time: 0.0004661 seconds
[2019-06-24T09:24:46.428+0000][1][safepoint    ] Entering safepoint region: RevokeBias
[2019-06-24T09:24:46.428+0000][1][safepoint    ] Leaving safepoint region
[2019-06-24T09:24:46.428+0000][1][safepoint    ] Total time for which application threads were stopped: 0.0000460 seconds, Stopping threads took: 0.0000101 seconds
[2019-06-24T09:24:46.465+0000][1][safepoint    ] Application time: 0.0367799 seconds
[2019-06-24T09:24:46.465+0000][1][safepoint    ] Entering safepoint region: GenCollectForAllocation
[2019-06-24T09:24:46.465+0000][1][gc,start     ] GC(5) Pause Young (Allocation Failure)
[2019-06-24T09:24:46.465+0000][1][gc,task      ] GC(5) Using 5 workers of 8 for evacuation
[2019-06-24T09:24:46.470+0000][1][gc,age       ] GC(5) Desired survivor size 4456448 bytes, new threshold 6 (max threshold 6)
[2019-06-24T09:24:46.470+0000][1][gc,age       ] GC(5) Age table with threshold 6 (max threshold 6)
[2019-06-24T09:24:46.470+0000][1][gc,age       ] GC(5) - age   1:    2638936 bytes,    2638936 total
[2019-06-24T09:24:46.470+0000][1][gc,age       ] GC(5) - age   2:     445920 bytes,    3084856 total
[2019-06-24T09:24:46.470+0000][1][gc,heap      ] GC(5) ParNew: 78023K->6281K(78656K)
[2019-06-24T09:24:46.470+0000][1][gc,heap      ] GC(5) CMS: 7844K->11414K(174784K)
[2019-06-24T09:24:46.470+0000][1][gc,metaspace ] GC(5) Metaspace: 18873K->18873K(1067008K)
[2019-06-24T09:24:46.470+0000][1][gc           ] GC(5) Pause Young (Allocation Failure) 83M->17M(247M) 4.658ms
[2019-06-24T09:24:46.470+0000][1][gc,cpu       ] GC(5) User=0.03s Sys=0.00s Real=0.00s
[2019-06-24T09:24:46.470+0000][1][safepoint    ] Leaving safepoint region
[2019-06-24T09:24:46.470+0000][1][safepoint    ] Total time for which application threads were stopped: 0.0047985 seconds, Stopping threads took: 0.0000170 seconds
[2019-06-24T09:24:46.470+0000][1][safepoint    ] Application time: 0.0001369 seconds
[2019-06-24T09:24:46.470+0000][1][safepoint    ] Entering safepoint region: RevokeBias
[2019-06-24T09:24:46.470+0000][1][safepoint    ] Leaving safepoint region
[2019-06-24T09:24:46.470+0000][1][safepoint    ] Total time for which application threads were stopped: 0.0000944 seconds, Stopping threads took: 0.0000415 seconds
[2019-06-24T09:24:46.470+0000][1][safepoint    ] Application time: 0.0000628 seconds
[2019-06-24T09:24:46.470+0000][1][safepoint    ] Entering safepoint region: RevokeBias
[2019-06-24T09:24:46.470+0000][1][safepoint    ] Leaving safepoint region
[2019-06-24T09:24:46.470+0000][1][safepoint    ] Total time for which application threads were stopped: 0.0000679 seconds, Stopping threads took: 0.0000248 seconds
[2019-06-24T09:24:46.470+0000][1][safepoint    ] Application time: 0.0000441 seconds
[2019-06-24T09:24:46.470+0000][1][safepoint    ] Entering safepoint region: RevokeBias
[2019-06-24T09:24:46.470+0000][1][safepoint    ] Leaving safepoint region
[2019-06-24T09:24:46.470+0000][1][safepoint    ] Total time for which application threads were stopped: 0.0000562 seconds, Stopping threads took: 0.0000236 seconds
[2019-06-24T09:24:46.470+0000][1][safepoint    ] Application time: 0.0000342 seconds
[2019-06-24T09:24:46.471+0000][1][safepoint    ] Entering safepoint region: RevokeBias
[2019-06-24T09:24:46.471+0000][1][safepoint    ] Leaving safepoint region
[2019-06-24T09:24:46.471+0000][1][safepoint    ] Total time for which application threads were stopped: 0.0000567 seconds, Stopping threads took: 0.0000238 seconds
[2019-06-24T09:24:46.471+0000][1][safepoint    ] Application time: 0.0001026 seconds
[2019-06-24T09:24:46.471+0000][1][safepoint    ] Entering safepoint region: RevokeBias
[2019-06-24T09:24:46.471+0000][1][safepoint    ] Leaving safepoint region
[2019-06-24T09:24:46.471+0000][1][safepoint    ] Total time for which application threads were stopped: 0.0000560 seconds, Stopping threads took: 0.0000251 seconds
[2019-06-24T09:24:46.471+0000][1][safepoint    ] Application time: 0.0001152 seconds
[2019-06-24T09:24:46.471+0000][1][safepoint    ] Entering safepoint region: RevokeBias
[2019-06-24T09:24:46.471+0000][1][safepoint    ] Leaving safepoint region
[2019-06-24T09:24:46.471+0000][1][safepoint    ] Total time for which application threads were stopped: 0.0000593 seconds, Stopping threads took: 0.0000255 seconds
[2019-06-24T09:24:46.557+0000][1][safepoint    ] Application time: 0.0860628 seconds
[2019-06-24T09:24:46.557+0000][1][safepoint    ] Entering safepoint region: RevokeBias
[2019-06-24T09:24:46.557+0000][1][safepoint    ] Leaving safepoint region
[2019-06-24T09:24:46.557+0000][1][safepoint    ] Total time for which application threads were stopped: 0.0000947 seconds, Stopping threads took: 0.0000200 seconds
[2019-06-24T09:24:46.557+0000][1][safepoint    ] Application time: 0.0001758 seconds
[2019-06-24T09:24:46.557+0000][1][safepoint    ] Entering safepoint region: BulkRevokeBias
[2019-06-24T09:24:46.557+0000][1][safepoint    ] Leaving safepoint region
[2019-06-24T09:24:46.557+0000][1][safepoint    ] Total time for which application threads were stopped: 0.0001306 seconds, Stopping threads took: 0.0000127 seconds
[2019-06-24T09:24:46.585+0000][1][safepoint    ] Application time: 0.0271206 seconds
[2019-06-24T09:24:46.585+0000][1][safepoint    ] Entering safepoint region: GenCollectForAllocation
[2019-06-24T09:24:46.585+0000][1][gc,start     ] GC(6) Pause Young (Allocation Failure)
[2019-06-24T09:24:46.585+0000][1][gc,task      ] GC(6) Using 5 workers of 8 for evacuation
[2019-06-24T09:24:46.587+0000][1][gc,age       ] GC(6) Desired survivor size 4456448 bytes, new threshold 6 (max threshold 6)
[2019-06-24T09:24:46.587+0000][1][gc,age       ] GC(6) Age table with threshold 6 (max threshold 6)
[2019-06-24T09:24:46.587+0000][1][gc,age       ] GC(6) - age   1:    1671656 bytes,    1671656 total
[2019-06-24T09:24:46.587+0000][1][gc,age       ] GC(6) - age   2:    2196304 bytes,    3867960 total
[2019-06-24T09:24:46.587+0000][1][gc,age       ] GC(6) - age   3:     445920 bytes,    4313880 total
[2019-06-24T09:24:46.587+0000][1][gc,heap      ] GC(6) ParNew: 76233K->5071K(78656K)
[2019-06-24T09:24:46.587+0000][1][gc,heap      ] GC(6) CMS: 11414K->11414K(174784K)
[2019-06-24T09:24:46.587+0000][1][gc,metaspace ] GC(6) Metaspace: 19181K->19181K(1067008K)
[2019-06-24T09:24:46.587+0000][1][gc           ] GC(6) Pause Young (Allocation Failure) 85M->16M(247M) 2.615ms
[2019-06-24T09:24:46.587+0000][1][gc,cpu       ] GC(6) User=0.03s Sys=0.00s Real=0.00s
[2019-06-24T09:24:46.587+0000][1][safepoint    ] Leaving safepoint region
[2019-06-24T09:24:46.587+0000][1][safepoint    ] Total time for which application threads were stopped: 0.0027706 seconds, Stopping threads took: 0.0000186 seconds
[2019-06-24T09:24:46.588+0000][1][safepoint    ] Application time: 0.0001120 seconds
[2019-06-24T09:24:46.588+0000][1][safepoint    ] Entering safepoint region: BulkRevokeBias
[2019-06-24T09:24:46.588+0000][1][safepoint    ] Leaving safepoint region
[2019-06-24T09:24:46.588+0000][1][safepoint    ] Total time for which application threads were stopped: 0.0001684 seconds, Stopping threads took: 0.0000400 seconds
[2019-06-24T09:24:46.708+0000][1][safepoint    ] Application time: 0.1204374 seconds
[2019-06-24T09:24:46.708+0000][1][safepoint    ] Entering safepoint region: GenCollectForAllocation
[2019-06-24T09:24:46.708+0000][1][gc,start     ] GC(7) Pause Young (Allocation Failure)
[2019-06-24T09:24:46.708+0000][1][gc,task      ] GC(7) Using 5 workers of 8 for evacuation
[2019-06-24T09:24:46.711+0000][1][gc,age       ] GC(7) Desired survivor size 4456448 bytes, new threshold 6 (max threshold 6)
[2019-06-24T09:24:46.711+0000][1][gc,age       ] GC(7) Age table with threshold 6 (max threshold 6)
[2019-06-24T09:24:46.711+0000][1][gc,age       ] GC(7) - age   1:     571752 bytes,     571752 total
[2019-06-24T09:24:46.711+0000][1][gc,age       ] GC(7) - age   2:    1130184 bytes,    1701936 total
[2019-06-24T09:24:46.711+0000][1][gc,age       ] GC(7) - age   3:    2194296 bytes,    3896232 total
[2019-06-24T09:24:46.711+0000][1][gc,age       ] GC(7) - age   4:     445920 bytes,    4342152 total
[2019-06-24T09:24:46.711+0000][1][gc,heap      ] GC(7) ParNew: 75023K->6174K(78656K)
[2019-06-24T09:24:46.711+0000][1][gc,heap      ] GC(7) CMS: 11414K->11414K(174784K)
[2019-06-24T09:24:46.711+0000][1][gc,metaspace ] GC(7) Metaspace: 19936K->19936K(1067008K)
[2019-06-24T09:24:46.711+0000][1][gc           ] GC(7) Pause Young (Allocation Failure) 84M->17M(247M) 2.490ms
[2019-06-24T09:24:46.711+0000][1][gc,cpu       ] GC(7) User=0.01s Sys=0.00s Real=0.00s
[2019-06-24T09:24:46.711+0000][1][safepoint    ] Leaving safepoint region
[2019-06-24T09:24:46.711+0000][1][safepoint    ] Total time for which application threads were stopped: 0.0026406 seconds, Stopping threads took: 0.0000162 seconds
[2019-06-24T09:24:46.723+0000][1][safepoint    ] Application time: 0.0125126 seconds
[2019-06-24T09:24:46.723+0000][1][safepoint    ] Entering safepoint region: CollectForMetadataAllocation
[2019-06-24T09:24:46.724+0000][1][safepoint    ] Leaving safepoint region
[2019-06-24T09:24:46.724+0000][1][safepoint    ] Total time for which application threads were stopped: 0.0001525 seconds, Stopping threads took: 0.0000098 seconds
[2019-06-24T09:24:46.803+0000][1][safepoint    ] Application time: 0.0798359 seconds
[2019-06-24T09:24:46.803+0000][1][safepoint    ] Entering safepoint region: GenCollectForAllocation
[2019-06-24T09:24:46.804+0000][1][gc,start     ] GC(8) Pause Young (Allocation Failure)
[2019-06-24T09:24:46.804+0000][1][gc,task      ] GC(8) Using 5 workers of 8 for evacuation
[2019-06-24T09:24:46.807+0000][1][gc,age       ] GC(8) Desired survivor size 4456448 bytes, new threshold 4 (max threshold 6)
[2019-06-24T09:24:46.807+0000][1][gc,age       ] GC(8) Age table with threshold 4 (max threshold 6)
[2019-06-24T09:24:46.807+0000][1][gc,age       ] GC(8) - age   1:     988528 bytes,     988528 total
[2019-06-24T09:24:46.807+0000][1][gc,age       ] GC(8) - age   2:     551384 bytes,    1539912 total
[2019-06-24T09:24:46.807+0000][1][gc,age       ] GC(8) - age   3:    1130088 bytes,    2670000 total
[2019-06-24T09:24:46.807+0000][1][gc,age       ] GC(8) - age   4:    2194008 bytes,    4864008 total
[2019-06-24T09:24:46.807+0000][1][gc,age       ] GC(8) - age   5:     445920 bytes,    5309928 total
[2019-06-24T09:24:46.807+0000][1][gc,heap      ] GC(8) ParNew: 76126K->7065K(78656K)
[2019-06-24T09:24:46.807+0000][1][gc,heap      ] GC(8) CMS: 11414K->11414K(174784K)
[2019-06-24T09:24:46.807+0000][1][gc,metaspace ] GC(8) Metaspace: 20230K->20230K(1069056K)
[2019-06-24T09:24:46.807+0000][1][gc           ] GC(8) Pause Young (Allocation Failure) 85M->18M(247M) 3.278ms
[2019-06-24T09:24:46.807+0000][1][gc,cpu       ] GC(8) User=0.02s Sys=0.00s Real=0.00s
[2019-06-24T09:24:46.807+0000][1][safepoint    ] Leaving safepoint region
[2019-06-24T09:24:46.807+0000][1][safepoint    ] Total time for which application threads were stopped: 0.0034272 seconds, Stopping threads took: 0.0000183 seconds
[2019-06-24T09:24:46.807+0000][1][safepoint    ] Application time: 0.0001543 seconds
[2019-06-24T09:24:46.807+0000][1][safepoint    ] Entering safepoint region: CMS_Initial_Mark
[2019-06-24T09:24:46.807+0000][1][gc,start     ] GC(9) Pause Initial Mark
[2019-06-24T09:24:46.808+0000][1][gc           ] GC(9) Pause Initial Mark 19M->19M(247M) 0.786ms
[2019-06-24T09:24:46.808+0000][1][gc,cpu       ] GC(9) User=0.01s Sys=0.00s Real=0.00s
[2019-06-24T09:24:46.808+0000][1][safepoint    ] Leaving safepoint region
[2019-06-24T09:24:46.808+0000][1][safepoint    ] Total time for which application threads were stopped: 0.0009065 seconds, Stopping threads took: 0.0000466 seconds
[2019-06-24T09:24:46.808+0000][1][gc           ] GC(9) Concurrent Mark
[2019-06-24T09:24:46.808+0000][1][gc,task      ] GC(9) Using 2 workers of 2 for marking
[2019-06-24T09:24:46.819+0000][1][gc           ] GC(9) Concurrent Mark 10.747ms
[2019-06-24T09:24:46.819+0000][1][gc,cpu       ] GC(9) User=0.06s Sys=0.00s Real=0.01s
[2019-06-24T09:24:46.819+0000][1][gc           ] GC(9) Concurrent Preclean
[2019-06-24T09:24:46.820+0000][1][gc           ] GC(9) Concurrent Preclean 0.856ms
[2019-06-24T09:24:46.820+0000][1][gc,cpu       ] GC(9) User=0.00s Sys=0.00s Real=0.00s
[2019-06-24T09:24:46.820+0000][1][gc           ] GC(9) Concurrent Abortable Preclean
[2019-06-24T09:24:46.836+0000][1][safepoint    ] Application time: 0.0276233 seconds
[2019-06-24T09:24:46.836+0000][1][safepoint    ] Entering safepoint region: CollectForMetadataAllocation
[2019-06-24T09:24:46.836+0000][1][safepoint    ] Leaving safepoint region
[2019-06-24T09:24:46.836+0000][1][safepoint    ] Total time for which application threads were stopped: 0.0001539 seconds, Stopping threads took: 0.0000114 seconds
[2019-06-24T09:24:46.878+0000][1][safepoint    ] Application time: 0.0422057 seconds
[2019-06-24T09:24:46.878+0000][1][safepoint    ] Entering safepoint region: GenCollectForAllocation
[2019-06-24T09:24:46.878+0000][1][gc,start     ] GC(10) Pause Young (Allocation Failure)
[2019-06-24T09:24:46.878+0000][1][gc,task      ] GC(10) Using 5 workers of 8 for evacuation
[2019-06-24T09:24:46.882+0000][1][gc,age       ] GC(10) Desired survivor size 4456448 bytes, new threshold 6 (max threshold 6)
[2019-06-24T09:24:46.882+0000][1][gc,age       ] GC(10) Age table with threshold 6 (max threshold 6)
[2019-06-24T09:24:46.882+0000][1][gc,age       ] GC(10) - age   1:     384536 bytes,     384536 total
[2019-06-24T09:24:46.882+0000][1][gc,age       ] GC(10) - age   2:     448632 bytes,     833168 total
[2019-06-24T09:24:46.882+0000][1][gc,age       ] GC(10) - age   3:     551240 bytes,    1384408 total
[2019-06-24T09:24:46.882+0000][1][gc,age       ] GC(10) - age   4:    1129960 bytes,    2514368 total
[2019-06-24T09:24:46.882+0000][1][gc,heap      ] GC(10) ParNew: 77017K->5278K(78656K)
[2019-06-24T09:24:46.882+0000][1][gc,heap      ] GC(10) CMS: 11414K->14037K(174784K)
[2019-06-24T09:24:46.882+0000][1][gc,metaspace ] GC(10) Metaspace: 20339K->20339K(1069056K)
[2019-06-24T09:24:46.882+0000][1][gc           ] GC(10) Pause Young (Allocation Failure) 86M->18M(247M) 3.604ms
[2019-06-24T09:24:46.882+0000][1][gc,cpu       ] GC(10) User=0.02s Sys=0.00s Real=0.00s
[2019-06-24T09:24:46.882+0000][1][safepoint    ] Leaving safepoint region
[2019-06-24T09:24:46.882+0000][1][safepoint    ] Total time for which application threads were stopped: 0.0037262 seconds, Stopping threads took: 0.0000130 seconds
[2019-06-24T09:24:46.990+0000][1][safepoint    ] Application time: 0.1080103 seconds
[2019-06-24T09:24:46.990+0000][1][safepoint    ] Entering safepoint region: GenCollectForAllocation
[2019-06-24T09:24:46.990+0000][1][gc,start     ] GC(11) Pause Young (Allocation Failure)
[2019-06-24T09:24:46.990+0000][1][gc,task      ] GC(11) Using 5 workers of 8 for evacuation
[2019-06-24T09:24:46.993+0000][1][gc,age       ] GC(11) Desired survivor size 4456448 bytes, new threshold 6 (max threshold 6)
[2019-06-24T09:24:46.993+0000][1][gc,age       ] GC(11) Age table with threshold 6 (max threshold 6)
[2019-06-24T09:24:46.993+0000][1][gc,age       ] GC(11) - age   1:    1977328 bytes,    1977328 total
[2019-06-24T09:24:46.993+0000][1][gc,age       ] GC(11) - age   2:      99264 bytes,    2076592 total
[2019-06-24T09:24:46.993+0000][1][gc,age       ] GC(11) - age   3:     448632 bytes,    2525224 total
[2019-06-24T09:24:46.993+0000][1][gc,age       ] GC(11) - age   4:     551088 bytes,    3076312 total
[2019-06-24T09:24:46.993+0000][1][gc,age       ] GC(11) - age   5:    1129672 bytes,    4205984 total
[2019-06-24T09:24:46.993+0000][1][gc,heap      ] GC(11) ParNew: 75230K->5178K(78656K)
[2019-06-24T09:24:46.993+0000][1][gc,heap      ] GC(11) CMS: 14037K->14037K(174784K)
[2019-06-24T09:24:46.993+0000][1][gc,metaspace ] GC(11) Metaspace: 20421K->20421K(1069056K)
[2019-06-24T09:24:46.993+0000][1][gc           ] GC(11) Pause Young (Allocation Failure) 87M->18M(247M) 3.466ms
[2019-06-24T09:24:46.993+0000][1][gc,cpu       ] GC(11) User=0.02s Sys=0.00s Real=0.00s
[2019-06-24T09:24:46.993+0000][1][safepoint    ] Leaving safepoint region
[2019-06-24T09:24:46.993+0000][1][safepoint    ] Total time for which application threads were stopped: 0.0036287 seconds, Stopping threads took: 0.0000200 seconds
[2019-06-24T09:24:47.047+0000][1][safepoint    ] Application time: 0.0538937 seconds
[2019-06-24T09:24:47.047+0000][1][safepoint    ] Entering safepoint region: CollectForMetadataAllocation
[2019-06-24T09:24:47.048+0000][1][safepoint    ] Leaving safepoint region
[2019-06-24T09:24:47.048+0000][1][safepoint    ] Total time for which application threads were stopped: 0.0001398 seconds, Stopping threads took: 0.0000156 seconds
[2019-06-24T09:24:47.048+0000][1][gc           ] GC(9) Concurrent Abortable Preclean 227.856ms
[2019-06-24T09:24:47.048+0000][1][gc,cpu       ] GC(9) User=1.07s Sys=0.01s Real=0.23s
[2019-06-24T09:24:47.048+0000][1][safepoint    ] Application time: 0.0000908 seconds
[2019-06-24T09:24:47.048+0000][1][safepoint    ] Entering safepoint region: CMS_Final_Remark
[2019-06-24T09:24:47.048+0000][1][gc,start     ] GC(9) Pause Remark
[2019-06-24T09:24:47.060+0000][1][gc           ] GC(9) Pause Remark 54M->54M(247M) 12.361ms
[2019-06-24T09:24:47.060+0000][1][gc,cpu       ] GC(9) User=0.06s Sys=0.00s Real=0.01s
[2019-06-24T09:24:47.060+0000][1][safepoint    ] Leaving safepoint region
[2019-06-24T09:24:47.060+0000][1][safepoint    ] Total time for which application threads were stopped: 0.0125563 seconds, Stopping threads took: 0.0000752 seconds
[2019-06-24T09:24:47.060+0000][1][gc           ] GC(9) Concurrent Sweep
[2019-06-24T09:24:47.067+0000][1][gc           ] GC(9) Concurrent Sweep 6.799ms
[2019-06-24T09:24:47.067+0000][1][gc,cpu       ] GC(9) User=0.04s Sys=0.00s Real=0.01s
[2019-06-24T09:24:47.067+0000][1][gc           ] GC(9) Concurrent Reset
[2019-06-24T09:24:47.068+0000][1][gc           ] GC(9) Concurrent Reset 0.383ms
[2019-06-24T09:24:47.068+0000][1][gc,cpu       ] GC(9) User=0.00s Sys=0.00s Real=0.00s
[2019-06-24T09:24:47.068+0000][1][gc,heap      ] GC(9) Old: 11414K->14011K(174784K)
[2019-06-24T09:24:47.073+0000][1][safepoint    ] Application time: 0.0130595 seconds
[2019-06-24T09:24:47.073+0000][1][safepoint    ] Entering safepoint region: Deoptimize
[2019-06-24T09:24:47.074+0000][1][safepoint    ] Leaving safepoint region
[2019-06-24T09:24:47.074+0000][1][safepoint    ] Total time for which application threads were stopped: 0.0007281 seconds, Stopping threads took: 0.0000159 seconds
[2019-06-24T09:24:47.410+0000][1][safepoint    ] Application time: 0.3357652 seconds
[2019-06-24T09:24:47.410+0000][1][safepoint    ] Entering safepoint region: Deoptimize
[2019-06-24T09:24:47.410+0000][1][safepoint    ] Leaving safepoint region
[2019-06-24T09:24:47.410+0000][1][safepoint    ] Total time for which application threads were stopped: 0.0004945 seconds, Stopping threads took: 0.0000122 seconds
[2019-06-24T09:24:47.420+0000][1][safepoint    ] Application time: 0.0091286 seconds
[2019-06-24T09:24:47.420+0000][1][safepoint    ] Entering safepoint region: Deoptimize
[2019-06-24T09:24:47.420+0000][1][safepoint    ] Leaving safepoint region
[2019-06-24T09:24:47.420+0000][1][safepoint    ] Total time for which application threads were stopped: 0.0002642 seconds, Stopping threads took: 0.0000106 seconds
[2019-06-24T09:24:47.423+0000][1][safepoint    ] Application time: 0.0034115 seconds
[2019-06-24T09:24:47.423+0000][1][safepoint    ] Entering safepoint region: Deoptimize
[2019-06-24T09:24:47.424+0000][1][safepoint    ] Leaving safepoint region
[2019-06-24T09:24:47.424+0000][1][safepoint    ] Total time for which application threads were stopped: 0.0002672 seconds, Stopping threads took: 0.0000101 seconds
[2019-06-24T09:24:47.528+0000][1][safepoint    ] Application time: 0.1047677 seconds
[2019-06-24T09:24:47.528+0000][1][safepoint    ] Entering safepoint region: GenCollectForAllocation
[2019-06-24T09:24:47.528+0000][1][gc,start     ] GC(12) Pause Young (Allocation Failure)
[2019-06-24T09:24:47.528+0000][1][gc,task      ] GC(12) Using 5 workers of 8 for evacuation
[2019-06-24T09:24:47.533+0000][1][gc,age       ] GC(12) Desired survivor size 4456448 bytes, new threshold 2 (max threshold 6)
[2019-06-24T09:24:47.533+0000][1][gc,age       ] GC(12) Age table with threshold 2 (max threshold 6)
[2019-06-24T09:24:47.533+0000][1][gc,age       ] GC(12) - age   1:    4280768 bytes,    4280768 total
[2019-06-24T09:24:47.533+0000][1][gc,age       ] GC(12) - age   2:     344840 bytes,    4625608 total
[2019-06-24T09:24:47.533+0000][1][gc,age       ] GC(12) - age   3:      99000 bytes,    4724608 total
[2019-06-24T09:24:47.533+0000][1][gc,age       ] GC(12) - age   4:     448536 bytes,    5173144 total
[2019-06-24T09:24:47.533+0000][1][gc,age       ] GC(12) - age   5:     545824 bytes,    5718968 total
[2019-06-24T09:24:47.533+0000][1][gc,age       ] GC(12) - age   6:    1129512 bytes,    6848480 total
[2019-06-24T09:24:47.533+0000][1][gc,heap      ] GC(12) ParNew: 75130K->8213K(78656K)
[2019-06-24T09:24:47.533+0000][1][gc,heap      ] GC(12) CMS: 14011K->14011K(174784K)
[2019-06-24T09:24:47.533+0000][1][gc,metaspace ] GC(12) Metaspace: 26291K->26291K(1073152K)
[2019-06-24T09:24:47.533+0000][1][gc           ] GC(12) Pause Young (Allocation Failure) 87M->21M(247M) 5.014ms
[2019-06-24T09:24:47.533+0000][1][gc,cpu       ] GC(12) User=0.03s Sys=0.00s Real=0.00s
[2019-06-24T09:24:47.533+0000][1][safepoint    ] Leaving safepoint region
[2019-06-24T09:24:47.533+0000][1][safepoint    ] Total time for which application threads were stopped: 0.0051514 seconds, Stopping threads took: 0.0000425 seconds
[2019-06-24T09:24:48.009+0000][1][safepoint    ] Application time: 0.4753116 seconds
[2019-06-24T09:24:48.009+0000][1][safepoint    ] Entering safepoint region: RevokeBias
[2019-06-24T09:24:48.009+0000][1][safepoint    ] Leaving safepoint region
[2019-06-24T09:24:48.009+0000][1][safepoint    ] Total time for which application threads were stopped: 0.0003004 seconds, Stopping threads took: 0.0000132 seconds
[2019-06-24T09:24:48.170+0000][1][safepoint    ] Application time: 0.1610193 seconds
[2019-06-24T09:24:48.170+0000][1][safepoint    ] Entering safepoint region: GenCollectForAllocation
[2019-06-24T09:24:48.170+0000][1][gc,start     ] GC(13) Pause Young (Allocation Failure)
[2019-06-24T09:24:48.170+0000][1][gc,task      ] GC(13) Using 5 workers of 8 for evacuation
[2019-06-24T09:24:48.190+0000][1][gc,age       ] GC(13) Desired survivor size 4456448 bytes, new threshold 1 (max threshold 6)
[2019-06-24T09:24:48.190+0000][1][gc,age       ] GC(13) Age table with threshold 1 (max threshold 6)
[2019-06-24T09:24:48.190+0000][1][gc,age       ] GC(13) - age   1:    5176088 bytes,    5176088 total
[2019-06-24T09:24:48.190+0000][1][gc,age       ] GC(13) - age   2:    3736592 bytes,    8912680 total
[2019-06-24T09:24:48.190+0000][1][gc,heap      ] GC(13) ParNew: 78165K->8704K(78656K)
[2019-06-24T09:24:48.190+0000][1][gc,heap      ] GC(13) CMS: 14011K->26268K(174784K)
[2019-06-24T09:24:48.190+0000][1][gc,metaspace ] GC(13) Metaspace: 26889K->26889K(1075200K)
[2019-06-24T09:24:48.190+0000][1][gc           ] GC(13) Pause Young (Allocation Failure) 90M->34M(247M) 19.535ms
[2019-06-24T09:24:48.190+0000][1][gc,cpu       ] GC(13) User=0.11s Sys=0.00s Real=0.02s
[2019-06-24T09:24:48.190+0000][1][safepoint    ] Leaving safepoint region
[2019-06-24T09:24:48.190+0000][1][safepoint    ] Total time for which application threads were stopped: 0.0196715 seconds, Stopping threads took: 0.0000220 seconds
[2019-06-24T09:24:48.317+0000][1][safepoint    ] Application time: 0.1274126 seconds
[2019-06-24T09:24:48.317+0000][1][safepoint    ] Entering safepoint region: Deoptimize
[2019-06-24T09:24:48.318+0000][1][safepoint    ] Leaving safepoint region
[2019-06-24T09:24:48.318+0000][1][safepoint    ] Total time for which application threads were stopped: 0.0003261 seconds, Stopping threads took: 0.0000124 seconds
[2019-06-24T09:24:48.606+0000][1][safepoint    ] Application time: 0.2878987 seconds
[2019-06-24T09:24:48.606+0000][1][safepoint    ] Entering safepoint region: GenCollectForAllocation
[2019-06-24T09:24:48.606+0000][1][gc,start     ] GC(14) Pause Young (Allocation Failure)
[2019-06-24T09:24:48.606+0000][1][gc,task      ] GC(14) Using 5 workers of 8 for evacuation
[2019-06-24T09:24:48.633+0000][1][gc,age       ] GC(14) Desired survivor size 4456448 bytes, new threshold 1 (max threshold 6)
[2019-06-24T09:24:48.633+0000][1][gc,age       ] GC(14) Age table with threshold 1 (max threshold 6)
[2019-06-24T09:24:48.633+0000][1][gc,age       ] GC(14) - age   1:    8912728 bytes,    8912728 total
[2019-06-24T09:24:48.633+0000][1][gc,heap      ] GC(14) ParNew: 78656K->8704K(78656K)
[2019-06-24T09:24:48.633+0000][1][gc,heap      ] GC(14) CMS: 26268K->38900K(174784K)
[2019-06-24T09:24:48.634+0000][1][gc,metaspace ] GC(14) Metaspace: 27005K->27005K(1075200K)
[2019-06-24T09:24:48.634+0000][1][gc           ] GC(14) Pause Young (Allocation Failure) 102M->46M(247M) 27.836ms
[2019-06-24T09:24:48.634+0000][1][gc,cpu       ] GC(14) User=0.19s Sys=0.00s Real=0.02s
[2019-06-24T09:24:48.634+0000][1][safepoint    ] Leaving safepoint region
[2019-06-24T09:24:48.634+0000][1][safepoint    ] Total time for which application threads were stopped: 0.0279582 seconds, Stopping threads took: 0.0000137 seconds
[2019-06-24T09:24:48.881+0000][1][safepoint    ] Application time: 0.2477112 seconds
[2019-06-24T09:24:48.881+0000][1][safepoint    ] Entering safepoint region: RevokeBias
[2019-06-24T09:24:48.881+0000][1][safepoint    ] Leaving safepoint region
[2019-06-24T09:24:48.881+0000][1][safepoint    ] Total time for which application threads were stopped: 0.0000980 seconds, Stopping threads took: 0.0000130 seconds
[2019-06-24T09:24:49.228+0000][1][safepoint    ] Application time: 0.3461875 seconds
[2019-06-24T09:24:49.228+0000][1][safepoint    ] Entering safepoint region: GenCollectForAllocation
[2019-06-24T09:24:49.228+0000][1][gc,start     ] GC(15) Pause Young (Allocation Failure)
[2019-06-24T09:24:49.228+0000][1][gc,task      ] GC(15) Using 5 workers of 8 for evacuation
[2019-06-24T09:24:49.242+0000][1][gc,age       ] GC(15) Desired survivor size 4456448 bytes, new threshold 1 (max threshold 6)
[2019-06-24T09:24:49.242+0000][1][gc,age       ] GC(15) Age table with threshold 1 (max threshold 6)
[2019-06-24T09:24:49.242+0000][1][gc,age       ] GC(15) - age   1:    6235232 bytes,    6235232 total
[2019-06-24T09:24:49.242+0000][1][gc,heap      ] GC(15) ParNew: 78656K->8704K(78656K)
[2019-06-24T09:24:49.242+0000][1][gc,heap      ] GC(15) CMS: 38900K->49359K(174784K)
[2019-06-24T09:24:49.242+0000][1][gc,metaspace ] GC(15) Metaspace: 32115K->32115K(1079296K)
[2019-06-24T09:24:49.242+0000][1][gc           ] GC(15) Pause Young (Allocation Failure) 114M->56M(247M) 14.151ms
[2019-06-24T09:24:49.242+0000][1][gc,cpu       ] GC(15) User=0.07s Sys=0.00s Real=0.01s
[2019-06-24T09:24:49.242+0000][1][safepoint    ] Leaving safepoint region
[2019-06-24T09:24:49.242+0000][1][safepoint    ] Total time for which application threads were stopped: 0.0143074 seconds, Stopping threads took: 0.0000126 seconds
[2019-06-24T09:24:49.365+0000][1][safepoint    ] Application time: 0.1227098 seconds
[2019-06-24T09:24:49.365+0000][1][safepoint    ] Entering safepoint region: GenCollectForAllocation
[2019-06-24T09:24:49.365+0000][1][gc,start     ] GC(16) Pause Young (Allocation Failure)
[2019-06-24T09:24:49.365+0000][1][gc,task      ] GC(16) Using 5 workers of 8 for evacuation
[2019-06-24T09:24:49.374+0000][1][gc,age       ] GC(16) Desired survivor size 4456448 bytes, new threshold 6 (max threshold 6)
[2019-06-24T09:24:49.374+0000][1][gc,age       ] GC(16) Age table with threshold 6 (max threshold 6)
[2019-06-24T09:24:49.374+0000][1][gc,age       ] GC(16) - age   1:     341440 bytes,     341440 total
[2019-06-24T09:24:49.374+0000][1][gc,heap      ] GC(16) ParNew: 78656K->6693K(78656K)
[2019-06-24T09:24:49.374+0000][1][gc,heap      ] GC(16) CMS: 49359K->55470K(174784K)
[2019-06-24T09:24:49.374+0000][1][gc,metaspace ] GC(16) Metaspace: 32842K->32842K(1079296K)
[2019-06-24T09:24:49.374+0000][1][gc           ] GC(16) Pause Young (Allocation Failure) 125M->60M(247M) 9.010ms
[2019-06-24T09:24:49.374+0000][1][gc,cpu       ] GC(16) User=0.06s Sys=0.00s Real=0.00s
[2019-06-24T09:24:49.374+0000][1][safepoint    ] Leaving safepoint region
[2019-06-24T09:24:49.374+0000][1][safepoint    ] Total time for which application threads were stopped: 0.0091674 seconds, Stopping threads took: 0.0000153 seconds
[2019-06-24T09:24:49.626+0000][1][safepoint    ] Application time: 0.2516619 seconds
[2019-06-24T09:24:49.626+0000][1][safepoint    ] Entering safepoint region: CollectForMetadataAllocation
[2019-06-24T09:24:49.626+0000][1][safepoint    ] Leaving safepoint region
[2019-06-24T09:24:49.626+0000][1][safepoint    ] Total time for which application threads were stopped: 0.0002417 seconds, Stopping threads took: 0.0000161 seconds
[2019-06-24T09:24:49.651+0000][1][safepoint    ] Application time: 0.0254878 seconds
[2019-06-24T09:24:49.651+0000][1][safepoint    ] Entering safepoint region: CollectForMetadataAllocation
[2019-06-24T09:24:49.652+0000][1][safepoint    ] Leaving safepoint region
[2019-06-24T09:24:49.652+0000][1][safepoint    ] Total time for which application threads were stopped: 0.0001578 seconds, Stopping threads took: 0.0000118 seconds
[2019-06-24T09:24:49.681+0000][1][safepoint    ] Application time: 0.0297543 seconds
[2019-06-24T09:24:49.681+0000][1][safepoint    ] Entering safepoint region: CollectForMetadataAllocation
[2019-06-24T09:24:49.681+0000][1][safepoint    ] Leaving safepoint region
[2019-06-24T09:24:49.681+0000][1][safepoint    ] Total time for which application threads were stopped: 0.0001208 seconds, Stopping threads took: 0.0000113 seconds
[2019-06-24T09:24:49.700+0000][1][safepoint    ] Application time: 0.0185527 seconds
[2019-06-24T09:24:49.700+0000][1][safepoint    ] Entering safepoint region: CollectForMetadataAllocation
[2019-06-24T09:24:49.700+0000][1][safepoint    ] Leaving safepoint region
[2019-06-24T09:24:49.700+0000][1][safepoint    ] Total time for which application threads were stopped: 0.0001628 seconds, Stopping threads took: 0.0000121 seconds
[2019-06-24T09:24:49.716+0000][1][safepoint    ] Application time: 0.0155660 seconds
[2019-06-24T09:24:49.716+0000][1][safepoint    ] Entering safepoint region: CollectForMetadataAllocation
[2019-06-24T09:24:49.716+0000][1][safepoint    ] Leaving safepoint region
[2019-06-24T09:24:49.716+0000][1][safepoint    ] Total time for which application threads were stopped: 0.0001596 seconds, Stopping threads took: 0.0000114 seconds
[2019-06-24T09:24:49.734+0000][1][safepoint    ] Application time: 0.0176111 seconds
[2019-06-24T09:24:49.734+0000][1][safepoint    ] Entering safepoint region: CollectForMetadataAllocation
[2019-06-24T09:24:49.734+0000][1][safepoint    ] Leaving safepoint region
[2019-06-24T09:24:49.734+0000][1][safepoint    ] Total time for which application threads were stopped: 0.0001811 seconds, Stopping threads took: 0.0000228 seconds
[2019-06-24T09:24:49.753+0000][1][safepoint    ] Application time: 0.0191570 seconds
[2019-06-24T09:24:49.753+0000][1][safepoint    ] Entering safepoint region: CollectForMetadataAllocation
[2019-06-24T09:24:49.753+0000][1][safepoint    ] Leaving safepoint region
[2019-06-24T09:24:49.753+0000][1][safepoint    ] Total time for which application threads were stopped: 0.0001707 seconds, Stopping threads took: 0.0000281 seconds
[2019-06-24T09:24:49.766+0000][1][safepoint    ] Application time: 0.0132397 seconds
[2019-06-24T09:24:49.767+0000][1][safepoint    ] Entering safepoint region: CollectForMetadataAllocation
[2019-06-24T09:24:49.767+0000][1][safepoint    ] Leaving safepoint region
[2019-06-24T09:24:49.767+0000][1][safepoint    ] Total time for which application threads were stopped: 0.0001780 seconds, Stopping threads took: 0.0000220 seconds
[2019-06-24T09:24:49.787+0000][1][safepoint    ] Application time: 0.0206024 seconds
[2019-06-24T09:24:49.787+0000][1][safepoint    ] Entering safepoint region: CollectForMetadataAllocation
[2019-06-24T09:24:49.788+0000][1][safepoint    ] Leaving safepoint region
[2019-06-24T09:24:49.788+0000][1][safepoint    ] Total time for which application threads were stopped: 0.0001744 seconds, Stopping threads took: 0.0000122 seconds
[2019-06-24T09:24:49.788+0000][1][safepoint    ] Application time: 0.0006164 seconds
[2019-06-24T09:24:49.788+0000][1][safepoint    ] Entering safepoint region: RevokeBias
[2019-06-24T09:24:49.788+0000][1][safepoint    ] Leaving safepoint region
[2019-06-24T09:24:49.788+0000][1][safepoint    ] Total time for which application threads were stopped: 0.0001293 seconds, Stopping threads took: 0.0000093 seconds
[2019-06-24T09:24:49.826+0000][1][safepoint    ] Application time: 0.0380442 seconds
[2019-06-24T09:24:49.826+0000][1][safepoint    ] Entering safepoint region: CollectForMetadataAllocation
[2019-06-24T09:24:49.827+0000][1][safepoint    ] Leaving safepoint region
[2019-06-24T09:24:49.827+0000][1][safepoint    ] Total time for which application threads were stopped: 0.0001730 seconds, Stopping threads took: 0.0000123 seconds
[2019-06-24T09:24:49.845+0000][1][safepoint    ] Application time: 0.0187760 seconds
[2019-06-24T09:24:49.845+0000][1][safepoint    ] Entering safepoint region: CollectForMetadataAllocation
[2019-06-24T09:24:49.846+0000][1][safepoint    ] Leaving safepoint region
[2019-06-24T09:24:49.846+0000][1][safepoint    ] Total time for which application threads were stopped: 0.0001586 seconds, Stopping threads took: 0.0000111 seconds
[2019-06-24T09:24:49.860+0000][1][safepoint    ] Application time: 0.0147102 seconds
[2019-06-24T09:24:49.860+0000][1][safepoint    ] Entering safepoint region: CollectForMetadataAllocation
[2019-06-24T09:24:49.860+0000][1][safepoint    ] Leaving safepoint region
[2019-06-24T09:24:49.860+0000][1][safepoint    ] Total time for which application threads were stopped: 0.0001675 seconds, Stopping threads took: 0.0000109 seconds
[2019-06-24T09:24:49.878+0000][1][safepoint    ] Application time: 0.0174590 seconds
[2019-06-24T09:24:49.878+0000][1][safepoint    ] Entering safepoint region: CollectForMetadataAllocation
[2019-06-24T09:24:49.878+0000][1][safepoint    ] Leaving safepoint region
[2019-06-24T09:24:49.878+0000][1][safepoint    ] Total time for which application threads were stopped: 0.0001487 seconds, Stopping threads took: 0.0000111 seconds
[2019-06-24T09:24:49.893+0000][1][safepoint    ] Application time: 0.0153618 seconds
[2019-06-24T09:24:49.894+0000][1][safepoint    ] Entering safepoint region: CollectForMetadataAllocation
[2019-06-24T09:24:49.894+0000][1][safepoint    ] Leaving safepoint region
[2019-06-24T09:24:49.894+0000][1][safepoint    ] Total time for which application threads were stopped: 0.0002467 seconds, Stopping threads took: 0.0001051 seconds
[2019-06-24T09:24:49.917+0000][1][safepoint    ] Application time: 0.0228980 seconds
[2019-06-24T09:24:49.917+0000][1][safepoint    ] Entering safepoint region: CollectForMetadataAllocation
[2019-06-24T09:24:49.917+0000][1][safepoint    ] Leaving safepoint region
[2019-06-24T09:24:49.917+0000][1][safepoint    ] Total time for which application threads were stopped: 0.0001519 seconds, Stopping threads took: 0.0000112 seconds
[2019-06-24T09:24:49.928+0000][1][safepoint    ] Application time: 0.0116454 seconds
[2019-06-24T09:24:49.929+0000][1][safepoint    ] Entering safepoint region: CollectForMetadataAllocation
[2019-06-24T09:24:49.929+0000][1][safepoint    ] Leaving safepoint region
[2019-06-24T09:24:49.929+0000][1][safepoint    ] Total time for which application threads were stopped: 0.0001565 seconds, Stopping threads took: 0.0000120 seconds
[2019-06-24T09:24:49.946+0000][1][safepoint    ] Application time: 0.0169640 seconds
[2019-06-24T09:24:49.946+0000][1][safepoint    ] Entering safepoint region: CollectForMetadataAllocation
[2019-06-24T09:24:49.946+0000][1][safepoint    ] Leaving safepoint region
[2019-06-24T09:24:49.946+0000][1][safepoint    ] Total time for which application threads were stopped: 0.0001333 seconds, Stopping threads took: 0.0000107 seconds
[2019-06-24T09:24:49.970+0000][1][safepoint    ] Application time: 0.0239330 seconds
[2019-06-24T09:24:49.970+0000][1][safepoint    ] Entering safepoint region: CollectForMetadataAllocation
[2019-06-24T09:24:49.970+0000][1][safepoint    ] Leaving safepoint region
[2019-06-24T09:24:49.970+0000][1][safepoint    ] Total time for which application threads were stopped: 0.0001106 seconds, Stopping threads took: 0.0000107 seconds
[2019-06-24T09:24:49.984+0000][1][safepoint    ] Application time: 0.0139856 seconds
[2019-06-24T09:24:49.984+0000][1][safepoint    ] Entering safepoint region: CollectForMetadataAllocation
[2019-06-24T09:24:49.984+0000][1][safepoint    ] Leaving safepoint region
[2019-06-24T09:24:49.984+0000][1][safepoint    ] Total time for which application threads were stopped: 0.0001482 seconds, Stopping threads took: 0.0000111 seconds
[2019-06-24T09:24:49.998+0000][1][safepoint    ] Application time: 0.0142208 seconds
[2019-06-24T09:24:49.998+0000][1][safepoint    ] Entering safepoint region: CollectForMetadataAllocation
[2019-06-24T09:24:49.998+0000][1][safepoint    ] Leaving safepoint region
[2019-06-24T09:24:49.998+0000][1][safepoint    ] Total time for which application threads were stopped: 0.0001035 seconds, Stopping threads took: 0.0000103 seconds
[2019-06-24T09:24:50.022+0000][1][safepoint    ] Application time: 0.0233733 seconds
[2019-06-24T09:24:50.022+0000][1][safepoint    ] Entering safepoint region: CollectForMetadataAllocation
[2019-06-24T09:24:50.022+0000][1][safepoint    ] Leaving safepoint region
[2019-06-24T09:24:50.022+0000][1][safepoint    ] Total time for which application threads were stopped: 0.0001423 seconds, Stopping threads took: 0.0000108 seconds
[2019-06-24T09:24:50.045+0000][1][safepoint    ] Application time: 0.0225486 seconds
[2019-06-24T09:24:50.045+0000][1][safepoint    ] Entering safepoint region: CollectForMetadataAllocation
[2019-06-24T09:24:50.045+0000][1][safepoint    ] Leaving safepoint region
[2019-06-24T09:24:50.045+0000][1][safepoint    ] Total time for which application threads were stopped: 0.0001511 seconds, Stopping threads took: 0.0000115 seconds
[2019-06-24T09:24:50.064+0000][1][safepoint    ] Application time: 0.0195135 seconds
[2019-06-24T09:24:50.064+0000][1][safepoint    ] Entering safepoint region: CollectForMetadataAllocation
[2019-06-24T09:24:50.064+0000][1][safepoint    ] Leaving safepoint region
[2019-06-24T09:24:50.064+0000][1][safepoint    ] Total time for which application threads were stopped: 0.0001558 seconds, Stopping threads took: 0.0000103 seconds
[2019-06-24T09:24:50.082+0000][1][safepoint    ] Application time: 0.0174663 seconds
[2019-06-24T09:24:50.082+0000][1][safepoint    ] Entering safepoint region: CollectForMetadataAllocation
[2019-06-24T09:24:50.082+0000][1][safepoint    ] Leaving safepoint region
[2019-06-24T09:24:50.082+0000][1][safepoint    ] Total time for which application threads were stopped: 0.0001590 seconds, Stopping threads took: 0.0000209 seconds
[2019-06-24T09:24:50.102+0000][1][safepoint    ] Application time: 0.0200650 seconds
[2019-06-24T09:24:50.102+0000][1][safepoint    ] Entering safepoint region: CollectForMetadataAllocation
[2019-06-24T09:24:50.102+0000][1][safepoint    ] Leaving safepoint region
[2019-06-24T09:24:50.102+0000][1][safepoint    ] Total time for which application threads were stopped: 0.0001544 seconds, Stopping threads took: 0.0000108 seconds
[2019-06-24T09:24:50.119+0000][1][safepoint    ] Application time: 0.0170146 seconds
[2019-06-24T09:24:50.120+0000][1][safepoint    ] Entering safepoint region: CollectForMetadataAllocation
[2019-06-24T09:24:50.120+0000][1][safepoint    ] Leaving safepoint region
[2019-06-24T09:24:50.120+0000][1][safepoint    ] Total time for which application threads were stopped: 0.0003445 seconds, Stopping threads took: 0.0001802 seconds
[2019-06-24T09:24:50.350+0000][1][safepoint    ] Application time: 0.2304411 seconds
[2019-06-24T09:24:50.350+0000][1][safepoint    ] Entering safepoint region: CollectForMetadataAllocation
[2019-06-24T09:24:50.351+0000][1][safepoint    ] Leaving safepoint region
[2019-06-24T09:24:50.351+0000][1][safepoint    ] Total time for which application threads were stopped: 0.0003063 seconds, Stopping threads took: 0.0000166 seconds
[2019-06-24T09:24:50.609+0000][1][safepoint    ] Application time: 0.2585868 seconds
[2019-06-24T09:24:50.609+0000][1][safepoint    ] Entering safepoint region: CollectForMetadataAllocation
[2019-06-24T09:24:50.609+0000][1][safepoint    ] Leaving safepoint region
[2019-06-24T09:24:50.609+0000][1][safepoint    ] Total time for which application threads were stopped: 0.0001661 seconds, Stopping threads took: 0.0000117 seconds
[2019-06-24T09:24:50.612+0000][1][safepoint    ] Application time: 0.0025979 seconds
[2019-06-24T09:24:50.612+0000][1][safepoint    ] Entering safepoint region: GenCollectForAllocation
[2019-06-24T09:24:50.612+0000][1][gc,start     ] GC(17) Pause Young (Allocation Failure)
[2019-06-24T09:24:50.612+0000][1][gc,task      ] GC(17) Using 5 workers of 8 for evacuation
[2019-06-24T09:24:50.617+0000][1][gc,age       ] GC(17) Desired survivor size 4456448 bytes, new threshold 6 (max threshold 6)
[2019-06-24T09:24:50.617+0000][1][gc,age       ] GC(17) Age table with threshold 6 (max threshold 6)
[2019-06-24T09:24:50.617+0000][1][gc,age       ] GC(17) - age   1:    3763240 bytes,    3763240 total
[2019-06-24T09:24:50.617+0000][1][gc,age       ] GC(17) - age   2:     302000 bytes,    4065240 total
[2019-06-24T09:24:50.617+0000][1][gc,heap      ] GC(17) ParNew: 76645K->4860K(78656K)
[2019-06-24T09:24:50.617+0000][1][gc,heap      ] GC(17) CMS: 55470K->55470K(174784K)
[2019-06-24T09:24:50.617+0000][1][gc,metaspace ] GC(17) Metaspace: 42213K->42213K(1089536K)
[2019-06-24T09:24:50.617+0000][1][gc           ] GC(17) Pause Young (Allocation Failure) 129M->58M(247M) 4.589ms
[2019-06-24T09:24:50.617+0000][1][gc,cpu       ] GC(17) User=0.03s Sys=0.00s Real=0.01s
[2019-06-24T09:24:50.617+0000][1][safepoint    ] Leaving safepoint region
[2019-06-24T09:24:50.617+0000][1][safepoint    ] Total time for which application threads were stopped: 0.0047278 seconds, Stopping threads took: 0.0000162 seconds
[2019-06-24T09:24:50.617+0000][1][safepoint    ] Application time: 0.0001235 seconds
[2019-06-24T09:24:50.617+0000][1][safepoint    ] Entering safepoint region: CMS_Initial_Mark
[2019-06-24T09:24:50.617+0000][1][gc,start     ] GC(18) Pause Initial Mark
[2019-06-24T09:24:50.618+0000][1][gc           ] GC(18) Pause Initial Mark 60M->60M(247M) 1.310ms
[2019-06-24T09:24:50.618+0000][1][gc,cpu       ] GC(18) User=0.01s Sys=0.00s Real=0.00s
[2019-06-24T09:24:50.618+0000][1][safepoint    ] Leaving safepoint region
[2019-06-24T09:24:50.618+0000][1][safepoint    ] Total time for which application threads were stopped: 0.0014322 seconds, Stopping threads took: 0.0000541 seconds
[2019-06-24T09:24:50.618+0000][1][gc           ] GC(18) Concurrent Mark
[2019-06-24T09:24:50.618+0000][1][gc,task      ] GC(18) Using 2 workers of 2 for marking
[2019-06-24T09:24:50.620+0000][1][safepoint    ] Application time: 0.0017831 seconds
[2019-06-24T09:24:50.620+0000][1][safepoint    ] Entering safepoint region: RevokeBias
[2019-06-24T09:24:50.620+0000][1][safepoint    ] Leaving safepoint region
[2019-06-24T09:24:50.620+0000][1][safepoint    ] Total time for which application threads were stopped: 0.0000734 seconds, Stopping threads took: 0.0000346 seconds
[2019-06-24T09:24:50.647+0000][1][safepoint    ] Application time: 0.0268441 seconds
[2019-06-24T09:24:50.647+0000][1][safepoint    ] Entering safepoint region: CollectForMetadataAllocation
[2019-06-24T09:24:50.647+0000][1][safepoint    ] Leaving safepoint region
[2019-06-24T09:24:50.647+0000][1][safepoint    ] Total time for which application threads were stopped: 0.0001623 seconds, Stopping threads took: 0.0000175 seconds
[2019-06-24T09:24:50.669+0000][1][gc           ] GC(18) Concurrent Mark 50.539ms
[2019-06-24T09:24:50.669+0000][1][gc,cpu       ] GC(18) User=0.25s Sys=0.00s Real=0.05s
[2019-06-24T09:24:50.669+0000][1][gc           ] GC(18) Concurrent Preclean
[2019-06-24T09:24:50.671+0000][1][gc           ] GC(18) Concurrent Preclean 2.069ms
[2019-06-24T09:24:50.671+0000][1][gc,cpu       ] GC(18) User=0.02s Sys=0.00s Real=0.00s
[2019-06-24T09:24:50.671+0000][1][gc           ] GC(18) Concurrent Abortable Preclean
[2019-06-24T09:24:50.836+0000][1][safepoint    ] Application time: 0.1890533 seconds
[2019-06-24T09:24:50.836+0000][1][safepoint    ] Entering safepoint region: CollectForMetadataAllocation
[2019-06-24T09:24:50.837+0000][1][safepoint    ] Leaving safepoint region
[2019-06-24T09:24:50.837+0000][1][safepoint    ] Total time for which application threads were stopped: 0.0002038 seconds, Stopping threads took: 0.0000164 seconds
[2019-06-24T09:24:50.863+0000][1][safepoint    ] Application time: 0.0266261 seconds
[2019-06-24T09:24:50.863+0000][1][safepoint    ] Entering safepoint region: CollectForMetadataAllocation
[2019-06-24T09:24:50.863+0000][1][safepoint    ] Leaving safepoint region
[2019-06-24T09:24:50.863+0000][1][safepoint    ] Total time for which application threads were stopped: 0.0001939 seconds, Stopping threads took: 0.0000157 seconds
[2019-06-24T09:24:50.872+0000][1][safepoint    ] Application time: 0.0085051 seconds
[2019-06-24T09:24:50.872+0000][1][safepoint    ] Entering safepoint region: CollectForMetadataAllocation
[2019-06-24T09:24:50.872+0000][1][safepoint    ] Leaving safepoint region
[2019-06-24T09:24:50.872+0000][1][safepoint    ] Total time for which application threads were stopped: 0.0002050 seconds, Stopping threads took: 0.0000178 seconds
[2019-06-24T09:24:50.905+0000][1][safepoint    ] Application time: 0.0325757 seconds
[2019-06-24T09:24:50.905+0000][1][safepoint    ] Entering safepoint region: CollectForMetadataAllocation
[2019-06-24T09:24:50.905+0000][1][safepoint    ] Leaving safepoint region
[2019-06-24T09:24:50.905+0000][1][safepoint    ] Total time for which application threads were stopped: 0.0001939 seconds, Stopping threads took: 0.0000152 seconds
[2019-06-24T09:24:50.916+0000][1][safepoint    ] Application time: 0.0111601 seconds
[2019-06-24T09:24:50.916+0000][1][safepoint    ] Entering safepoint region: CollectForMetadataAllocation
[2019-06-24T09:24:50.916+0000][1][safepoint    ] Leaving safepoint region
[2019-06-24T09:24:50.916+0000][1][safepoint    ] Total time for which application threads were stopped: 0.0001788 seconds, Stopping threads took: 0.0000152 seconds
[2019-06-24T09:24:50.917+0000][1][gc           ] GC(18) Concurrent Abortable Preclean 246.204ms
[2019-06-24T09:24:50.917+0000][1][gc,cpu       ] GC(18) User=1.14s Sys=0.02s Real=0.25s
[2019-06-24T09:24:50.917+0000][1][safepoint    ] Application time: 0.0009226 seconds
[2019-06-24T09:24:50.917+0000][1][safepoint    ] Entering safepoint region: CMS_Final_Remark
[2019-06-24T09:24:50.917+0000][1][gc,start     ] GC(18) Pause Remark
[2019-06-24T09:24:50.936+0000][1][gc           ] GC(18) Pause Remark 94M->94M(247M) 18.806ms
[2019-06-24T09:24:50.936+0000][1][gc,cpu       ] GC(18) User=0.06s Sys=0.00s Real=0.02s
[2019-06-24T09:24:50.936+0000][1][safepoint    ] Leaving safepoint region
[2019-06-24T09:24:50.936+0000][1][safepoint    ] Total time for which application threads were stopped: 0.0189914 seconds, Stopping threads took: 0.0000624 seconds
[2019-06-24T09:24:50.936+0000][1][gc           ] GC(18) Concurrent Sweep
[2019-06-24T09:24:50.970+0000][1][gc           ] GC(18) Concurrent Sweep 33.426ms
[2019-06-24T09:24:50.970+0000][1][gc,cpu       ] GC(18) User=0.17s Sys=0.00s Real=0.03s
[2019-06-24T09:24:50.970+0000][1][gc           ] GC(18) Concurrent Reset
[2019-06-24T09:24:50.970+0000][1][gc           ] GC(18) Concurrent Reset 0.401ms
[2019-06-24T09:24:50.970+0000][1][gc,cpu       ] GC(18) User=0.00s Sys=0.00s Real=0.00s
[2019-06-24T09:24:50.970+0000][1][gc,heap      ] GC(18) Old: 55470K->55254K(174784K)
[2019-06-24T09:24:51.014+0000][1][safepoint    ] Application time: 0.0776946 seconds
[2019-06-24T09:24:51.014+0000][1][safepoint    ] Entering safepoint region: RevokeBias
[2019-06-24T09:24:51.015+0000][1][safepoint    ] Leaving safepoint region
[2019-06-24T09:24:51.015+0000][1][safepoint    ] Total time for which application threads were stopped: 0.0008174 seconds, Stopping threads took: 0.0000156 seconds
[2019-06-24T09:24:51.020+0000][1][safepoint    ] Application time: 0.0048592 seconds
[2019-06-24T09:24:51.020+0000][1][safepoint    ] Entering safepoint region: RevokeBias
[2019-06-24T09:24:51.020+0000][1][safepoint    ] Leaving safepoint region
[2019-06-24T09:24:51.020+0000][1][safepoint    ] Total time for which application threads were stopped: 0.0001194 seconds, Stopping threads took: 0.0000465 seconds
[2019-06-24T09:24:51.149+0000][1][safepoint    ] Application time: 0.1292589 seconds
[2019-06-24T09:24:51.149+0000][1][safepoint    ] Entering safepoint region: RevokeBias
[2019-06-24T09:24:51.150+0000][1][safepoint    ] Leaving safepoint region
[2019-06-24T09:24:51.150+0000][1][safepoint    ] Total time for which application threads were stopped: 0.0004101 seconds, Stopping threads took: 0.0000310 seconds
[2019-06-24T09:24:51.150+0000][1][safepoint    ] Application time: 0.0001044 seconds
[2019-06-24T09:24:51.150+0000][1][safepoint    ] Entering safepoint region: RevokeBias
[2019-06-24T09:24:51.150+0000][1][safepoint    ] Leaving safepoint region
[2019-06-24T09:24:51.150+0000][1][safepoint    ] Total time for which application threads were stopped: 0.0000689 seconds, Stopping threads took: 0.0000094 seconds
[2019-06-24T09:24:51.150+0000][1][safepoint    ] Application time: 0.0002136 seconds
[2019-06-24T09:24:51.150+0000][1][safepoint    ] Entering safepoint region: RevokeBias
[2019-06-24T09:24:51.151+0000][1][safepoint    ] Leaving safepoint region
[2019-06-24T09:24:51.151+0000][1][safepoint    ] Total time for which application threads were stopped: 0.0004081 seconds, Stopping threads took: 0.0002935 seconds
[2019-06-24T09:24:51.151+0000][1][safepoint    ] Application time: 0.0000587 seconds
[2019-06-24T09:24:51.151+0000][1][safepoint    ] Entering safepoint region: RevokeBias
[2019-06-24T09:24:51.151+0000][1][safepoint    ] Leaving safepoint region
[2019-06-24T09:24:51.151+0000][1][safepoint    ] Total time for which application threads were stopped: 0.0000728 seconds, Stopping threads took: 0.0000118 seconds
[2019-06-24T09:24:51.205+0000][1][safepoint    ] Application time: 0.0546032 seconds
[2019-06-24T09:24:51.205+0000][1][safepoint    ] Entering safepoint region: RevokeBias
[2019-06-24T09:24:51.205+0000][1][safepoint    ] Leaving safepoint region
[2019-06-24T09:24:51.205+0000][1][safepoint    ] Total time for which application threads were stopped: 0.0000944 seconds, Stopping threads took: 0.0000161 seconds
[2019-06-24T09:24:51.206+0000][1][safepoint    ] Application time: 0.0001294 seconds
[2019-06-24T09:24:51.206+0000][1][safepoint    ] Entering safepoint region: RevokeBias
[2019-06-24T09:24:51.206+0000][1][safepoint    ] Leaving safepoint region
[2019-06-24T09:24:51.206+0000][1][safepoint    ] Total time for which application threads were stopped: 0.0002674 seconds, Stopping threads took: 0.0002001 seconds
[2019-06-24T09:24:51.206+0000][1][safepoint    ] Application time: 0.0001097 seconds
[2019-06-24T09:24:51.206+0000][1][safepoint    ] Entering safepoint region: RevokeBias
[2019-06-24T09:24:51.206+0000][1][safepoint    ] Leaving safepoint region
[2019-06-24T09:24:51.206+0000][1][safepoint    ] Total time for which application threads were stopped: 0.0001147 seconds, Stopping threads took: 0.0000734 seconds
[2019-06-24T09:24:51.206+0000][1][safepoint    ] Application time: 0.0003145 seconds
[2019-06-24T09:24:51.206+0000][1][safepoint    ] Entering safepoint region: RevokeBias
[2019-06-24T09:24:51.207+0000][1][safepoint    ] Leaving safepoint region
[2019-06-24T09:24:51.207+0000][1][safepoint    ] Total time for which application threads were stopped: 0.0001369 seconds, Stopping threads took: 0.0000781 seconds
[2019-06-24T09:24:51.207+0000][1][safepoint    ] Application time: 0.0002654 seconds
[2019-06-24T09:24:51.207+0000][1][safepoint    ] Entering safepoint region: RevokeBias
[2019-06-24T09:24:51.207+0000][1][safepoint    ] Leaving safepoint region
[2019-06-24T09:24:51.207+0000][1][safepoint    ] Total time for which application threads were stopped: 0.0000484 seconds, Stopping threads took: 0.0000088 seconds
[2019-06-24T09:24:51.207+0000][1][safepoint    ] Application time: 0.0001128 seconds
[2019-06-24T09:24:51.207+0000][1][safepoint    ] Entering safepoint region: RevokeBias
[2019-06-24T09:24:51.207+0000][1][safepoint    ] Leaving safepoint region
[2019-06-24T09:24:51.207+0000][1][safepoint    ] Total time for which application threads were stopped: 0.0001275 seconds, Stopping threads took: 0.0000870 seconds
[2019-06-24T09:24:51.208+0000][1][safepoint    ] Application time: 0.0003767 seconds
[2019-06-24T09:24:51.208+0000][1][safepoint    ] Entering safepoint region: RevokeBias
[2019-06-24T09:24:51.208+0000][1][safepoint    ] Leaving safepoint region
[2019-06-24T09:24:51.208+0000][1][safepoint    ] Total time for which application threads were stopped: 0.0001943 seconds, Stopping threads took: 0.0001456 seconds
[2019-06-24T09:24:51.208+0000][1][safepoint    ] Application time: 0.0000760 seconds
[2019-06-24T09:24:51.208+0000][1][safepoint    ] Entering safepoint region: RevokeBias
[2019-06-24T09:24:51.208+0000][1][safepoint    ] Leaving safepoint region
[2019-06-24T09:24:51.208+0000][1][safepoint    ] Total time for which application threads were stopped: 0.0000961 seconds, Stopping threads took: 0.0000662 seconds
[2019-06-24T09:24:51.208+0000][1][safepoint    ] Application time: 0.0000716 seconds
[2019-06-24T09:24:51.208+0000][1][safepoint    ] Entering safepoint region: RevokeBias
[2019-06-24T09:24:51.208+0000][1][safepoint    ] Leaving safepoint region
[2019-06-24T09:24:51.208+0000][1][safepoint    ] Total time for which application threads were stopped: 0.0000541 seconds, Stopping threads took: 0.0000260 seconds
[2019-06-24T09:24:51.208+0000][1][safepoint    ] Application time: 0.0000379 seconds
[2019-06-24T09:24:51.208+0000][1][safepoint    ] Entering safepoint region: RevokeBias
[2019-06-24T09:24:51.208+0000][1][safepoint    ] Leaving safepoint region
[2019-06-24T09:24:51.208+0000][1][safepoint    ] Total time for which application threads were stopped: 0.0000505 seconds, Stopping threads took: 0.0000249 seconds
[2019-06-24T09:24:51.208+0000][1][safepoint    ] Application time: 0.0000356 seconds
[2019-06-24T09:24:51.208+0000][1][safepoint    ] Entering safepoint region: RevokeBias
[2019-06-24T09:24:51.208+0000][1][safepoint    ] Leaving safepoint region
[2019-06-24T09:24:51.208+0000][1][safepoint    ] Total time for which application threads were stopped: 0.0000347 seconds, Stopping threads took: 0.0000069 seconds
[2019-06-24T09:24:51.208+0000][1][safepoint    ] Application time: 0.0000337 seconds
[2019-06-24T09:24:51.208+0000][1][safepoint    ] Entering safepoint region: RevokeBias
[2019-06-24T09:24:51.208+0000][1][safepoint    ] Leaving safepoint region
[2019-06-24T09:24:51.208+0000][1][safepoint    ] Total time for which application threads were stopped: 0.0000580 seconds, Stopping threads took: 0.0000216 seconds
[2019-06-24T09:24:51.208+0000][1][safepoint    ] Application time: 0.0000322 seconds
[2019-06-24T09:24:51.208+0000][1][safepoint    ] Entering safepoint region: RevokeBias
[2019-06-24T09:24:51.208+0000][1][safepoint    ] Leaving safepoint region
[2019-06-24T09:24:51.208+0000][1][safepoint    ] Total time for which application threads were stopped: 0.0000501 seconds, Stopping threads took: 0.0000225 seconds
[2019-06-24T09:24:51.209+0000][1][safepoint    ] Application time: 0.0000318 seconds
[2019-06-24T09:24:51.209+0000][1][safepoint    ] Entering safepoint region: RevokeBias
[2019-06-24T09:24:51.209+0000][1][safepoint    ] Leaving safepoint region
[2019-06-24T09:24:51.209+0000][1][safepoint    ] Total time for which application threads were stopped: 0.0000490 seconds, Stopping threads took: 0.0000230 seconds
[2019-06-24T09:24:51.209+0000][1][safepoint    ] Application time: 0.0000321 seconds
[2019-06-24T09:24:51.209+0000][1][safepoint    ] Entering safepoint region: RevokeBias
[2019-06-24T09:24:51.209+0000][1][safepoint    ] Leaving safepoint region
[2019-06-24T09:24:51.209+0000][1][safepoint    ] Total time for which application threads were stopped: 0.0000542 seconds, Stopping threads took: 0.0000285 seconds
[2019-06-24T09:24:51.209+0000][1][safepoint    ] Application time: 0.0000318 seconds
[2019-06-24T09:24:51.209+0000][1][safepoint    ] Entering safepoint region: RevokeBias
[2019-06-24T09:24:51.209+0000][1][safepoint    ] Leaving safepoint region
[2019-06-24T09:24:51.209+0000][1][safepoint    ] Total time for which application threads were stopped: 0.0000523 seconds, Stopping threads took: 0.0000269 seconds
[2019-06-24T09:24:51.209+0000][1][safepoint    ] Application time: 0.0000321 seconds
[2019-06-24T09:24:51.209+0000][1][safepoint    ] Entering safepoint region: RevokeBias
[2019-06-24T09:24:51.209+0000][1][safepoint    ] Leaving safepoint region
[2019-06-24T09:24:51.209+0000][1][safepoint    ] Total time for which application threads were stopped: 0.0000528 seconds, Stopping threads took: 0.0000233 seconds
[2019-06-24T09:24:51.209+0000][1][safepoint    ] Application time: 0.0000351 seconds
[2019-06-24T09:24:51.209+0000][1][safepoint    ] Entering safepoint region: RevokeBias
[2019-06-24T09:24:51.209+0000][1][safepoint    ] Leaving safepoint region
[2019-06-24T09:24:51.209+0000][1][safepoint    ] Total time for which application threads were stopped: 0.0000568 seconds, Stopping threads took: 0.0000272 seconds
[2019-06-24T09:24:51.209+0000][1][safepoint    ] Application time: 0.0000404 seconds
[2019-06-24T09:24:51.209+0000][1][safepoint    ] Entering safepoint region: RevokeBias
[2019-06-24T09:24:51.209+0000][1][safepoint    ] Leaving safepoint region
[2019-06-24T09:24:51.209+0000][1][safepoint    ] Total time for which application threads were stopped: 0.0000323 seconds, Stopping threads took: 0.0000063 seconds
[2019-06-24T09:24:51.209+0000][1][safepoint    ] Application time: 0.0000390 seconds
[2019-06-24T09:24:51.209+0000][1][safepoint    ] Entering safepoint region: RevokeBias
[2019-06-24T09:24:51.209+0000][1][safepoint    ] Leaving safepoint region
[2019-06-24T09:24:51.209+0000][1][safepoint    ] Total time for which application threads were stopped: 0.0000519 seconds, Stopping threads took: 0.0000261 seconds
[2019-06-24T09:24:51.209+0000][1][safepoint    ] Application time: 0.0000341 seconds
[2019-06-24T09:24:51.209+0000][1][safepoint    ] Entering safepoint region: RevokeBias
[2019-06-24T09:24:51.209+0000][1][safepoint    ] Leaving safepoint region
[2019-06-24T09:24:51.209+0000][1][safepoint    ] Total time for which application threads were stopped: 0.0000341 seconds, Stopping threads took: 0.0000062 seconds
[2019-06-24T09:24:51.209+0000][1][safepoint    ] Application time: 0.0000326 seconds
[2019-06-24T09:24:51.209+0000][1][safepoint    ] Entering safepoint region: RevokeBias
[2019-06-24T09:24:51.209+0000][1][safepoint    ] Leaving safepoint region
[2019-06-24T09:24:51.209+0000][1][safepoint    ] Total time for which application threads were stopped: 0.0000651 seconds, Stopping threads took: 0.0000302 seconds
[2019-06-24T09:24:51.209+0000][1][safepoint    ] Application time: 0.0000337 seconds
[2019-06-24T09:24:51.209+0000][1][safepoint    ] Entering safepoint region: RevokeBias
[2019-06-24T09:24:51.209+0000][1][safepoint    ] Leaving safepoint region
[2019-06-24T09:24:51.209+0000][1][safepoint    ] Total time for which application threads were stopped: 0.0000549 seconds, Stopping threads took: 0.0000275 seconds
[2019-06-24T09:24:51.209+0000][1][safepoint    ] Application time: 0.0000346 seconds
[2019-06-24T09:24:51.210+0000][1][safepoint    ] Entering safepoint region: RevokeBias
[2019-06-24T09:24:51.210+0000][1][safepoint    ] Leaving safepoint region
[2019-06-24T09:24:51.210+0000][1][safepoint    ] Total time for which application threads were stopped: 0.0000357 seconds, Stopping threads took: 0.0000089 seconds
[2019-06-24T09:24:51.210+0000][1][safepoint    ] Application time: 0.0000341 seconds
[2019-06-24T09:24:51.210+0000][1][safepoint    ] Entering safepoint region: RevokeBias
[2019-06-24T09:24:51.210+0000][1][safepoint    ] Leaving safepoint region
[2019-06-24T09:24:51.210+0000][1][safepoint    ] Total time for which application threads were stopped: 0.0000478 seconds, Stopping threads took: 0.0000218 seconds
[2019-06-24T09:24:51.210+0000][1][safepoint    ] Application time: 0.0000355 seconds
[2019-06-24T09:24:51.210+0000][1][safepoint    ] Entering safepoint region: BulkRevokeBias
[2019-06-24T09:24:51.210+0000][1][safepoint    ] Leaving safepoint region
[2019-06-24T09:24:51.210+0000][1][safepoint    ] Total time for which application threads were stopped: 0.0000735 seconds, Stopping threads took: 0.0000063 seconds
[2019-06-24T09:24:51.210+0000][1][safepoint    ] Application time: 0.0001385 seconds
[2019-06-24T09:24:51.210+0000][1][safepoint    ] Entering safepoint region: RevokeBias
[2019-06-24T09:24:51.210+0000][1][safepoint    ] Leaving safepoint region
[2019-06-24T09:24:51.210+0000][1][safepoint    ] Total time for which application threads were stopped: 0.0000377 seconds, Stopping threads took: 0.0000063 seconds
[2019-06-24T09:24:51.210+0000][1][safepoint    ] Application time: 0.0000596 seconds
[2019-06-24T09:24:51.210+0000][1][safepoint    ] Entering safepoint region: RevokeBias
[2019-06-24T09:24:51.210+0000][1][safepoint    ] Leaving safepoint region
[2019-06-24T09:24:51.210+0000][1][safepoint    ] Total time for which application threads were stopped: 0.0000551 seconds, Stopping threads took: 0.0000281 seconds
[2019-06-24T09:24:51.210+0000][1][safepoint    ] Application time: 0.0000864 seconds
[2019-06-24T09:24:51.210+0000][1][safepoint    ] Entering safepoint region: RevokeBias
[2019-06-24T09:24:51.210+0000][1][safepoint    ] Leaving safepoint region
[2019-06-24T09:24:51.210+0000][1][safepoint    ] Total time for which application threads were stopped: 0.0000334 seconds, Stopping threads took: 0.0000062 seconds
[2019-06-24T09:24:51.210+0000][1][safepoint    ] Application time: 0.0000551 seconds
[2019-06-24T09:24:51.210+0000][1][safepoint    ] Entering safepoint region: RevokeBias
[2019-06-24T09:24:51.210+0000][1][safepoint    ] Leaving safepoint region
[2019-06-24T09:24:51.210+0000][1][safepoint    ] Total time for which application threads were stopped: 0.0000589 seconds, Stopping threads took: 0.0000276 seconds
[2019-06-24T09:24:51.210+0000][1][safepoint    ] Application time: 0.0000539 seconds
[2019-06-24T09:24:51.210+0000][1][safepoint    ] Entering safepoint region: RevokeBias
[2019-06-24T09:24:51.210+0000][1][safepoint    ] Leaving safepoint region
[2019-06-24T09:24:51.210+0000][1][safepoint    ] Total time for which application threads were stopped: 0.0000538 seconds, Stopping threads took: 0.0000063 seconds
[2019-06-24T09:24:51.211+0000][1][safepoint    ] Application time: 0.0000741 seconds
[2019-06-24T09:24:51.211+0000][1][safepoint    ] Entering safepoint region: RevokeBias
[2019-06-24T09:24:51.211+0000][1][safepoint    ] Leaving safepoint region
[2019-06-24T09:24:51.211+0000][1][safepoint    ] Total time for which application threads were stopped: 0.0000594 seconds, Stopping threads took: 0.0000065 seconds
[2019-06-24T09:24:51.211+0000][1][safepoint    ] Application time: 0.0000392 seconds
[2019-06-24T09:24:51.211+0000][1][safepoint    ] Entering safepoint region: RevokeBias
[2019-06-24T09:24:51.211+0000][1][safepoint    ] Leaving safepoint region
[2019-06-24T09:24:51.211+0000][1][safepoint    ] Total time for which application threads were stopped: 0.0000356 seconds, Stopping threads took: 0.0000070 seconds
[2019-06-24T09:24:51.211+0000][1][safepoint    ] Application time: 0.0000677 seconds
[2019-06-24T09:24:51.211+0000][1][safepoint    ] Entering safepoint region: RevokeBias
[2019-06-24T09:24:51.211+0000][1][safepoint    ] Leaving safepoint region
[2019-06-24T09:24:51.211+0000][1][safepoint    ] Total time for which application threads were stopped: 0.0000379 seconds, Stopping threads took: 0.0000076 seconds
[2019-06-24T09:24:51.211+0000][1][safepoint    ] Application time: 0.0000362 seconds
[2019-06-24T09:24:51.211+0000][1][safepoint    ] Entering safepoint region: RevokeBias
[2019-06-24T09:24:51.211+0000][1][safepoint    ] Leaving safepoint region
[2019-06-24T09:24:51.211+0000][1][safepoint    ] Total time for which application threads were stopped: 0.0000327 seconds, Stopping threads took: 0.0000066 seconds
[2019-06-24T09:24:51.211+0000][1][safepoint    ] Application time: 0.0000357 seconds
[2019-06-24T09:24:51.211+0000][1][safepoint    ] Entering safepoint region: RevokeBias
[2019-06-24T09:24:51.211+0000][1][safepoint    ] Leaving safepoint region
[2019-06-24T09:24:51.211+0000][1][safepoint    ] Total time for which application threads were stopped: 0.0000510 seconds, Stopping threads took: 0.0000064 seconds
[2019-06-24T09:24:51.211+0000][1][safepoint    ] Application time: 0.0000380 seconds
[2019-06-24T09:24:51.211+0000][1][safepoint    ] Entering safepoint region: RevokeBias
[2019-06-24T09:24:51.211+0000][1][safepoint    ] Leaving safepoint region
[2019-06-24T09:24:51.211+0000][1][safepoint    ] Total time for which application threads were stopped: 0.0000558 seconds, Stopping threads took: 0.0000064 seconds
[2019-06-24T09:24:51.211+0000][1][safepoint    ] Application time: 0.0000422 seconds
[2019-06-24T09:24:51.211+0000][1][safepoint    ] Entering safepoint region: RevokeBias
[2019-06-24T09:24:51.211+0000][1][safepoint    ] Leaving safepoint region
[2019-06-24T09:24:51.211+0000][1][safepoint    ] Total time for which application threads were stopped: 0.0002693 seconds, Stopping threads took: 0.0002266 seconds
[2019-06-24T09:24:51.212+0000][1][safepoint    ] Application time: 0.0000686 seconds
[2019-06-24T09:24:51.212+0000][1][safepoint    ] Entering safepoint region: RevokeBias
[2019-06-24T09:24:51.212+0000][1][safepoint    ] Leaving safepoint region
[2019-06-24T09:24:51.212+0000][1][safepoint    ] Total time for which application threads were stopped: 0.0000621 seconds, Stopping threads took: 0.0000120 seconds
[2019-06-24T09:24:51.212+0000][1][safepoint    ] Application time: 0.0002175 seconds
[2019-06-24T09:24:51.212+0000][1][safepoint    ] Entering safepoint region: RevokeBias
[2019-06-24T09:24:51.212+0000][1][safepoint    ] Leaving safepoint region
[2019-06-24T09:24:51.212+0000][1][safepoint    ] Total time for which application threads were stopped: 0.0000798 seconds, Stopping threads took: 0.0000297 seconds
[2019-06-24T09:24:51.212+0000][1][safepoint    ] Application time: 0.0001103 seconds
[2019-06-24T09:24:51.212+0000][1][safepoint    ] Entering safepoint region: RevokeBias
[2019-06-24T09:24:51.212+0000][1][safepoint    ] Leaving safepoint region
[2019-06-24T09:24:51.212+0000][1][safepoint    ] Total time for which application threads were stopped: 0.0000642 seconds, Stopping threads took: 0.0000120 seconds
[2019-06-24T09:24:51.212+0000][1][safepoint    ] Application time: 0.0000456 seconds
[2019-06-24T09:24:51.212+0000][1][safepoint    ] Entering safepoint region: RevokeBias
[2019-06-24T09:24:51.212+0000][1][safepoint    ] Leaving safepoint region
[2019-06-24T09:24:51.212+0000][1][safepoint    ] Total time for which application threads were stopped: 0.0000607 seconds, Stopping threads took: 0.0000150 seconds
[2019-06-24T09:24:51.212+0000][1][safepoint    ] Application time: 0.0000416 seconds
[2019-06-24T09:24:51.212+0000][1][safepoint    ] Entering safepoint region: RevokeBias
[2019-06-24T09:24:51.212+0000][1][safepoint    ] Leaving safepoint region
[2019-06-24T09:24:51.212+0000][1][safepoint    ] Total time for which application threads were stopped: 0.0000392 seconds, Stopping threads took: 0.0000070 seconds
[2019-06-24T09:24:51.212+0000][1][safepoint    ] Application time: 0.0000344 seconds
[2019-06-24T09:24:51.212+0000][1][safepoint    ] Entering safepoint region: RevokeBias
[2019-06-24T09:24:51.212+0000][1][safepoint    ] Leaving safepoint region
[2019-06-24T09:24:51.212+0000][1][safepoint    ] Total time for which application threads were stopped: 0.0001081 seconds, Stopping threads took: 0.0000762 seconds
[2019-06-24T09:24:51.213+0000][1][safepoint    ] Application time: 0.0000356 seconds
[2019-06-24T09:24:51.213+0000][1][safepoint    ] Entering safepoint region: RevokeBias
[2019-06-24T09:24:51.213+0000][1][safepoint    ] Leaving safepoint region
[2019-06-24T09:24:51.213+0000][1][safepoint    ] Total time for which application threads were stopped: 0.0000609 seconds, Stopping threads took: 0.0000282 seconds
[2019-06-24T09:24:51.213+0000][1][safepoint    ] Application time: 0.0000466 seconds
[2019-06-24T09:24:51.213+0000][1][safepoint    ] Entering safepoint region: RevokeBias
[2019-06-24T09:24:51.213+0000][1][safepoint    ] Leaving safepoint region
[2019-06-24T09:24:51.213+0000][1][safepoint    ] Total time for which application threads were stopped: 0.0000575 seconds, Stopping threads took: 0.0000125 seconds
[2019-06-24T09:24:51.213+0000][1][safepoint    ] Application time: 0.0000387 seconds
[2019-06-24T09:24:51.213+0000][1][safepoint    ] Entering safepoint region: RevokeBias
[2019-06-24T09:24:51.213+0000][1][safepoint    ] Leaving safepoint region
[2019-06-24T09:24:51.213+0000][1][safepoint    ] Total time for which application threads were stopped: 0.0000713 seconds, Stopping threads took: 0.0000335 seconds
[2019-06-24T09:24:51.213+0000][1][safepoint    ] Application time: 0.0000357 seconds
[2019-06-24T09:24:51.213+0000][1][safepoint    ] Entering safepoint region: RevokeBias
[2019-06-24T09:24:51.213+0000][1][safepoint    ] Leaving safepoint region
[2019-06-24T09:24:51.213+0000][1][safepoint    ] Total time for which application threads were stopped: 0.0000562 seconds, Stopping threads took: 0.0000226 seconds
[2019-06-24T09:24:51.213+0000][1][safepoint    ] Application time: 0.0000363 seconds
[2019-06-24T09:24:51.213+0000][1][safepoint    ] Entering safepoint region: RevokeBias
[2019-06-24T09:24:51.213+0000][1][safepoint    ] Leaving safepoint region
[2019-06-24T09:24:51.213+0000][1][safepoint    ] Total time for which application threads were stopped: 0.0000557 seconds, Stopping threads took: 0.0000250 seconds
[2019-06-24T09:24:51.213+0000][1][safepoint    ] Application time: 0.0000360 seconds
[2019-06-24T09:24:51.213+0000][1][safepoint    ] Entering safepoint region: BulkRevokeBias
[2019-06-24T09:24:51.213+0000][1][safepoint    ] Leaving safepoint region
[2019-06-24T09:24:51.213+0000][1][safepoint    ] Total time for which application threads were stopped: 0.0001051 seconds, Stopping threads took: 0.0000192 seconds
[2019-06-24T09:24:51.213+0000][1][safepoint    ] Application time: 0.0002359 seconds
[2019-06-24T09:24:51.214+0000][1][safepoint    ] Entering safepoint region: RevokeBias
[2019-06-24T09:24:51.214+0000][1][safepoint    ] Leaving safepoint region
[2019-06-24T09:24:51.214+0000][1][safepoint    ] Total time for which application threads were stopped: 0.0000674 seconds, Stopping threads took: 0.0000251 seconds
[2019-06-24T09:24:51.214+0000][1][safepoint    ] Application time: 0.0000675 seconds
[2019-06-24T09:24:51.214+0000][1][safepoint    ] Entering safepoint region: RevokeBias
[2019-06-24T09:24:51.214+0000][1][safepoint    ] Leaving safepoint region
[2019-06-24T09:24:51.214+0000][1][safepoint    ] Total time for which application threads were stopped: 0.0001096 seconds, Stopping threads took: 0.0000638 seconds
[2019-06-24T09:24:51.214+0000][1][safepoint    ] Application time: 0.0000376 seconds
[2019-06-24T09:24:51.214+0000][1][safepoint    ] Entering safepoint region: RevokeBias
[2019-06-24T09:24:51.214+0000][1][safepoint    ] Leaving safepoint region
[2019-06-24T09:24:51.214+0000][1][safepoint    ] Total time for which application threads were stopped: 0.0000799 seconds, Stopping threads took: 0.0000502 seconds
[2019-06-24T09:24:51.214+0000][1][safepoint    ] Application time: 0.0000376 seconds
[2019-06-24T09:24:51.214+0000][1][safepoint    ] Entering safepoint region: RevokeBias
[2019-06-24T09:24:51.214+0000][1][safepoint    ] Leaving safepoint region
[2019-06-24T09:24:51.214+0000][1][safepoint    ] Total time for which application threads were stopped: 0.0000578 seconds, Stopping threads took: 0.0000308 seconds
[2019-06-24T09:24:51.214+0000][1][safepoint    ] Application time: 0.0000369 seconds
[2019-06-24T09:24:51.214+0000][1][safepoint    ] Entering safepoint region: RevokeBias
[2019-06-24T09:24:51.214+0000][1][safepoint    ] Leaving safepoint region
[2019-06-24T09:24:51.214+0000][1][safepoint    ] Total time for which application threads were stopped: 0.0000584 seconds, Stopping threads took: 0.0000267 seconds
[2019-06-24T09:24:51.214+0000][1][safepoint    ] Application time: 0.0000335 seconds
[2019-06-24T09:24:51.214+0000][1][safepoint    ] Entering safepoint region: RevokeBias
[2019-06-24T09:24:51.214+0000][1][safepoint    ] Leaving safepoint region
[2019-06-24T09:24:51.214+0000][1][safepoint    ] Total time for which application threads were stopped: 0.0000749 seconds, Stopping threads took: 0.0000387 seconds
[2019-06-24T09:24:51.214+0000][1][safepoint    ] Application time: 0.0000363 seconds
[2019-06-24T09:24:51.214+0000][1][safepoint    ] Entering safepoint region: RevokeBias
[2019-06-24T09:24:51.214+0000][1][safepoint    ] Leaving safepoint region
[2019-06-24T09:24:51.214+0000][1][safepoint    ] Total time for which application threads were stopped: 0.0000878 seconds, Stopping threads took: 0.0000498 seconds
[2019-06-24T09:24:51.214+0000][1][safepoint    ] Application time: 0.0000410 seconds
[2019-06-24T09:24:51.214+0000][1][safepoint    ] Entering safepoint region: RevokeBias
[2019-06-24T09:24:51.215+0000][1][safepoint    ] Leaving safepoint region
[2019-06-24T09:24:51.215+0000][1][safepoint    ] Total time for which application threads were stopped: 0.0000962 seconds, Stopping threads took: 0.0000592 seconds
[2019-06-24T09:24:51.215+0000][1][safepoint    ] Application time: 0.0000796 seconds
[2019-06-24T09:24:51.215+0000][1][safepoint    ] Entering safepoint region: RevokeBias
[2019-06-24T09:24:51.215+0000][1][safepoint    ] Leaving safepoint region
[2019-06-24T09:24:51.215+0000][1][safepoint    ] Total time for which application threads were stopped: 0.0000387 seconds, Stopping threads took: 0.0000064 seconds
[2019-06-24T09:24:51.215+0000][1][safepoint    ] Application time: 0.0000393 seconds
[2019-06-24T09:24:51.215+0000][1][safepoint    ] Entering safepoint region: RevokeBias
[2019-06-24T09:24:51.215+0000][1][safepoint    ] Leaving safepoint region
[2019-06-24T09:24:51.215+0000][1][safepoint    ] Total time for which application threads were stopped: 0.0000737 seconds, Stopping threads took: 0.0000312 seconds
[2019-06-24T09:24:51.215+0000][1][safepoint    ] Application time: 0.0003675 seconds
[2019-06-24T09:24:51.215+0000][1][safepoint    ] Entering safepoint region: RevokeBias
[2019-06-24T09:24:51.215+0000][1][safepoint    ] Leaving safepoint region
[2019-06-24T09:24:51.215+0000][1][safepoint    ] Total time for which application threads were stopped: 0.0000790 seconds, Stopping threads took: 0.0000412 seconds
[2019-06-24T09:24:51.215+0000][1][safepoint    ] Application time: 0.0002440 seconds
[2019-06-24T09:24:51.216+0000][1][safepoint    ] Entering safepoint region: RevokeBias
[2019-06-24T09:24:51.216+0000][1][safepoint    ] Leaving safepoint region
[2019-06-24T09:24:51.216+0000][1][safepoint    ] Total time for which application threads were stopped: 0.0001142 seconds, Stopping threads took: 0.0000549 seconds
[2019-06-24T09:24:51.216+0000][1][safepoint    ] Application time: 0.0000590 seconds
[2019-06-24T09:24:51.216+0000][1][safepoint    ] Entering safepoint region: RevokeBias
[2019-06-24T09:24:51.216+0000][1][safepoint    ] Leaving safepoint region
[2019-06-24T09:24:51.216+0000][1][safepoint    ] Total time for which application threads were stopped: 0.0001119 seconds, Stopping threads took: 0.0000553 seconds
[2019-06-24T09:24:51.216+0000][1][safepoint    ] Application time: 0.0000373 seconds
[2019-06-24T09:24:51.216+0000][1][safepoint    ] Entering safepoint region: RevokeBias
[2019-06-24T09:24:51.216+0000][1][safepoint    ] Leaving safepoint region
[2019-06-24T09:24:51.216+0000][1][safepoint    ] Total time for which application threads were stopped: 0.0000562 seconds, Stopping threads took: 0.0000210 seconds
[2019-06-24T09:24:51.216+0000][1][safepoint    ] Application time: 0.0000347 seconds
[2019-06-24T09:24:51.216+0000][1][safepoint    ] Entering safepoint region: RevokeBias
[2019-06-24T09:24:51.216+0000][1][safepoint    ] Leaving safepoint region
[2019-06-24T09:24:51.216+0000][1][safepoint    ] Total time for which application threads were stopped: 0.0000535 seconds, Stopping threads took: 0.0000197 seconds
[2019-06-24T09:24:51.216+0000][1][safepoint    ] Application time: 0.0003134 seconds
[2019-06-24T09:24:51.216+0000][1][safepoint    ] Entering safepoint region: RevokeBias
[2019-06-24T09:24:51.217+0000][1][safepoint    ] Leaving safepoint region
[2019-06-24T09:24:51.217+0000][1][safepoint    ] Total time for which application threads were stopped: 0.0001776 seconds, Stopping threads took: 0.0001232 seconds
[2019-06-24T09:24:51.217+0000][1][safepoint    ] Application time: 0.0000931 seconds
[2019-06-24T09:24:51.217+0000][1][safepoint    ] Entering safepoint region: RevokeBias
[2019-06-24T09:24:51.217+0000][1][safepoint    ] Leaving safepoint region
[2019-06-24T09:24:51.217+0000][1][safepoint    ] Total time for which application threads were stopped: 0.0000981 seconds, Stopping threads took: 0.0000584 seconds
[2019-06-24T09:24:51.217+0000][1][safepoint    ] Application time: 0.0001009 seconds
[2019-06-24T09:24:51.217+0000][1][safepoint    ] Entering safepoint region: RevokeBias
[2019-06-24T09:24:51.217+0000][1][safepoint    ] Leaving safepoint region
[2019-06-24T09:24:51.217+0000][1][safepoint    ] Total time for which application threads were stopped: 0.0000924 seconds, Stopping threads took: 0.0000442 seconds
[2019-06-24T09:24:51.217+0000][1][safepoint    ] Application time: 0.0000780 seconds
[2019-06-24T09:24:51.217+0000][1][safepoint    ] Entering safepoint region: RevokeBias
[2019-06-24T09:24:51.217+0000][1][safepoint    ] Leaving safepoint region
[2019-06-24T09:24:51.217+0000][1][safepoint    ] Total time for which application threads were stopped: 0.0000769 seconds, Stopping threads took: 0.0000289 seconds
[2019-06-24T09:24:51.218+0000][1][safepoint    ] Application time: 0.0004039 seconds
[2019-06-24T09:24:51.218+0000][1][safepoint    ] Entering safepoint region: RevokeBias
[2019-06-24T09:24:51.218+0000][1][safepoint    ] Leaving safepoint region
[2019-06-24T09:24:51.218+0000][1][safepoint    ] Total time for which application threads were stopped: 0.0001135 seconds, Stopping threads took: 0.0000462 seconds
[2019-06-24T09:24:51.218+0000][1][safepoint    ] Application time: 0.0003414 seconds
[2019-06-24T09:24:51.218+0000][1][safepoint    ] Entering safepoint region: RevokeBias
[2019-06-24T09:24:51.218+0000][1][safepoint    ] Leaving safepoint region
[2019-06-24T09:24:51.218+0000][1][safepoint    ] Total time for which application threads were stopped: 0.0003032 seconds, Stopping threads took: 0.0002511 seconds
[2019-06-24T09:24:51.218+0000][1][safepoint    ] Application time: 0.0000512 seconds
[2019-06-24T09:24:51.219+0000][1][safepoint    ] Entering safepoint region: RevokeBias
[2019-06-24T09:24:51.219+0000][1][safepoint    ] Leaving safepoint region
[2019-06-24T09:24:51.219+0000][1][safepoint    ] Total time for which application threads were stopped: 0.0003214 seconds, Stopping threads took: 0.0002758 seconds
[2019-06-24T09:24:51.219+0000][1][safepoint    ] Application time: 0.0000999 seconds
[2019-06-24T09:24:51.219+0000][1][safepoint    ] Entering safepoint region: RevokeBias
[2019-06-24T09:24:51.219+0000][1][safepoint    ] Leaving safepoint region
[2019-06-24T09:24:51.219+0000][1][safepoint    ] Total time for which application threads were stopped: 0.0001317 seconds, Stopping threads took: 0.0000880 seconds
[2019-06-24T09:24:51.219+0000][1][safepoint    ] Application time: 0.0000524 seconds
[2019-06-24T09:24:51.219+0000][1][safepoint    ] Entering safepoint region: RevokeBias
[2019-06-24T09:24:51.219+0000][1][safepoint    ] Leaving safepoint region
[2019-06-24T09:24:51.219+0000][1][safepoint    ] Total time for which application threads were stopped: 0.0000792 seconds, Stopping threads took: 0.0000338 seconds
[2019-06-24T09:24:51.219+0000][1][safepoint    ] Application time: 0.0001864 seconds
[2019-06-24T09:24:51.219+0000][1][safepoint    ] Entering safepoint region: RevokeBias
[2019-06-24T09:24:51.219+0000][1][safepoint    ] Leaving safepoint region
[2019-06-24T09:24:51.219+0000][1][safepoint    ] Total time for which application threads were stopped: 0.0000727 seconds, Stopping threads took: 0.0000363 seconds
[2019-06-24T09:24:51.220+0000][1][safepoint    ] Application time: 0.0002468 seconds
[2019-06-24T09:24:51.220+0000][1][safepoint    ] Entering safepoint region: BulkRevokeBias
[2019-06-24T09:24:51.220+0000][1][safepoint    ] Leaving safepoint region
[2019-06-24T09:24:51.220+0000][1][safepoint    ] Total time for which application threads were stopped: 0.0001830 seconds, Stopping threads took: 0.0000876 seconds
[2019-06-24T09:24:51.221+0000][1][safepoint    ] Application time: 0.0012414 seconds
[2019-06-24T09:24:51.221+0000][1][safepoint    ] Entering safepoint region: RevokeBias
[2019-06-24T09:24:51.221+0000][1][safepoint    ] Leaving safepoint region
[2019-06-24T09:24:51.221+0000][1][safepoint    ] Total time for which application threads were stopped: 0.0001265 seconds, Stopping threads took: 0.0000351 seconds
[2019-06-24T09:24:51.221+0000][1][safepoint    ] Application time: 0.0000619 seconds
[2019-06-24T09:24:51.221+0000][1][safepoint    ] Entering safepoint region: RevokeBias
[2019-06-24T09:24:51.221+0000][1][safepoint    ] Leaving safepoint region
[2019-06-24T09:24:51.221+0000][1][safepoint    ] Total time for which application threads were stopped: 0.0001210 seconds, Stopping threads took: 0.0000556 seconds
[2019-06-24T09:24:51.224+0000][1][safepoint    ] Application time: 0.0024556 seconds
[2019-06-24T09:24:51.224+0000][1][safepoint    ] Entering safepoint region: RevokeBias
[2019-06-24T09:24:51.224+0000][1][safepoint    ] Leaving safepoint region
[2019-06-24T09:24:51.224+0000][1][safepoint    ] Total time for which application threads were stopped: 0.0001303 seconds, Stopping threads took: 0.0000477 seconds
[2019-06-24T09:24:51.224+0000][1][safepoint    ] Application time: 0.0000409 seconds
[2019-06-24T09:24:51.224+0000][1][safepoint    ] Entering safepoint region: RevokeBias
[2019-06-24T09:24:51.224+0000][1][safepoint    ] Leaving safepoint region
[2019-06-24T09:24:51.224+0000][1][safepoint    ] Total time for which application threads were stopped: 0.0000609 seconds, Stopping threads took: 0.0000095 seconds
[2019-06-24T09:24:51.224+0000][1][safepoint    ] Application time: 0.0002454 seconds
[2019-06-24T09:24:51.225+0000][1][safepoint    ] Entering safepoint region: RevokeBias
[2019-06-24T09:24:51.225+0000][1][safepoint    ] Leaving safepoint region
[2019-06-24T09:24:51.225+0000][1][safepoint    ] Total time for which application threads were stopped: 0.0002271 seconds, Stopping threads took: 0.0001716 seconds
[2019-06-24T09:24:51.249+0000][1][safepoint    ] Application time: 0.0244343 seconds
[2019-06-24T09:24:51.249+0000][1][safepoint    ] Entering safepoint region: GenCollectForAllocation
[2019-06-24T09:24:51.249+0000][1][gc,start     ] GC(19) Pause Young (Allocation Failure)
[2019-06-24T09:24:51.249+0000][1][gc,task      ] GC(19) Using 5 workers of 8 for evacuation
[2019-06-24T09:24:51.255+0000][1][gc,age       ] GC(19) Desired survivor size 4456448 bytes, new threshold 2 (max threshold 6)
[2019-06-24T09:24:51.255+0000][1][gc,age       ] GC(19) Age table with threshold 2 (max threshold 6)
[2019-06-24T09:24:51.255+0000][1][gc,age       ] GC(19) - age   1:    3115128 bytes,    3115128 total
[2019-06-24T09:24:51.255+0000][1][gc,age       ] GC(19) - age   2:    3661056 bytes,    6776184 total
[2019-06-24T09:24:51.255+0000][1][gc,age       ] GC(19) - age   3:     301384 bytes,    7077568 total
[2019-06-24T09:24:51.255+0000][1][gc,heap      ] GC(19) ParNew: 74812K->8704K(78656K)
[2019-06-24T09:24:51.255+0000][1][gc,heap      ] GC(19) CMS: 55254K->55254K(174784K)
[2019-06-24T09:24:51.255+0000][1][gc,metaspace ] GC(19) Metaspace: 47197K->47197K(1093632K)
[2019-06-24T09:24:51.255+0000][1][gc           ] GC(19) Pause Young (Allocation Failure) 127M->62M(247M) 6.005ms
[2019-06-24T09:24:51.255+0000][1][gc,cpu       ] GC(19) User=0.05s Sys=0.00s Real=0.01s
[2019-06-24T09:24:51.255+0000][1][safepoint    ] Leaving safepoint region
[2019-06-24T09:24:51.255+0000][1][safepoint    ] Total time for which application threads were stopped: 0.0061417 seconds, Stopping threads took: 0.0000274 seconds
[2019-06-24T09:24:51.434+0000][1][safepoint    ] Application time: 0.1789815 seconds
[2019-06-24T09:24:51.434+0000][1][safepoint    ] Entering safepoint region: RevokeBias
[2019-06-24T09:24:51.434+0000][1][safepoint    ] Leaving safepoint region
[2019-06-24T09:24:51.435+0000][1][safepoint    ] Total time for which application threads were stopped: 0.0001044 seconds, Stopping threads took: 0.0000201 seconds
[2019-06-24T09:24:51.717+0000][1][safepoint    ] Application time: 0.2819997 seconds
[2019-06-24T09:24:51.717+0000][1][safepoint    ] Entering safepoint region: GenCollectForAllocation
[2019-06-24T09:24:51.717+0000][1][gc,start     ] GC(20) Pause Young (Allocation Failure)
[2019-06-24T09:24:51.717+0000][1][gc,task      ] GC(20) Using 5 workers of 8 for evacuation
[2019-06-24T09:24:51.725+0000][1][gc,age       ] GC(20) Desired survivor size 4456448 bytes, new threshold 2 (max threshold 6)
[2019-06-24T09:24:51.725+0000][1][gc,age       ] GC(20) Age table with threshold 2 (max threshold 6)
[2019-06-24T09:24:51.725+0000][1][gc,age       ] GC(20) - age   1:    1481032 bytes,    1481032 total
[2019-06-24T09:24:51.725+0000][1][gc,age       ] GC(20) - age   2:    3053864 bytes,    4534896 total
[2019-06-24T09:24:51.725+0000][1][gc,heap      ] GC(20) ParNew: 78656K->7243K(78656K)
[2019-06-24T09:24:51.725+0000][1][gc,heap      ] GC(20) CMS: 55254K->59228K(174784K)
[2019-06-24T09:24:51.725+0000][1][gc,metaspace ] GC(20) Metaspace: 53762K->53762K(1099776K)
[2019-06-24T09:24:51.725+0000][1][gc           ] GC(20) Pause Young (Allocation Failure) 130M->64M(247M) 8.018ms
[2019-06-24T09:24:51.725+0000][1][gc,cpu       ] GC(20) User=0.04s Sys=0.00s Real=0.01s
[2019-06-24T09:24:51.725+0000][1][safepoint    ] Leaving safepoint region
[2019-06-24T09:24:51.725+0000][1][safepoint    ] Total time for which application threads were stopped: 0.0081750 seconds, Stopping threads took: 0.0000141 seconds
[2019-06-24T09:24:51.896+0000][1][safepoint    ] Application time: 0.1708252 seconds
[2019-06-24T09:24:51.896+0000][1][safepoint    ] Entering safepoint region: Deoptimize
[2019-06-24T09:24:51.896+0000][1][safepoint    ] Leaving safepoint region
[2019-06-24T09:24:51.896+0000][1][safepoint    ] Total time for which application threads were stopped: 0.0008183 seconds, Stopping threads took: 0.0000132 seconds
[2019-06-24T09:24:51.930+0000][1][safepoint    ] Application time: 0.0333282 seconds
[2019-06-24T09:24:51.930+0000][1][safepoint    ] Entering safepoint region: RevokeBias
[2019-06-24T09:24:51.930+0000][1][safepoint    ] Leaving safepoint region
[2019-06-24T09:24:51.930+0000][1][safepoint    ] Total time for which application threads were stopped: 0.0001096 seconds, Stopping threads took: 0.0000174 seconds
[2019-06-24T09:24:51.930+0000][1][safepoint    ] Application time: 0.0001395 seconds
[2019-06-24T09:24:51.930+0000][1][safepoint    ] Entering safepoint region: RevokeBias
[2019-06-24T09:24:51.930+0000][1][safepoint    ] Leaving safepoint region
[2019-06-24T09:24:51.930+0000][1][safepoint    ] Total time for which application threads were stopped: 0.0001154 seconds, Stopping threads took: 0.0000786 seconds
[2019-06-24T09:24:51.930+0000][1][safepoint    ] Application time: 0.0001482 seconds
[2019-06-24T09:24:51.930+0000][1][safepoint    ] Entering safepoint region: RevokeBias
[2019-06-24T09:24:51.930+0000][1][safepoint    ] Leaving safepoint region
[2019-06-24T09:24:51.930+0000][1][safepoint    ] Total time for which application threads were stopped: 0.0000544 seconds, Stopping threads took: 0.0000129 seconds
[2019-06-24T09:24:51.933+0000][1][safepoint    ] Application time: 0.0028456 seconds
[2019-06-24T09:24:51.933+0000][1][safepoint    ] Entering safepoint region: RevokeBias
[2019-06-24T09:24:51.933+0000][1][safepoint    ] Leaving safepoint region
[2019-06-24T09:24:51.933+0000][1][safepoint    ] Total time for which application threads were stopped: 0.0000628 seconds, Stopping threads took: 0.0000147 seconds
[2019-06-24T09:24:52.104+0000][1][safepoint    ] Application time: 0.1703939 seconds
[2019-06-24T09:24:52.104+0000][1][safepoint    ] Entering safepoint region: Deoptimize
[2019-06-24T09:24:52.105+0000][1][safepoint    ] Leaving safepoint region
[2019-06-24T09:24:52.105+0000][1][safepoint    ] Total time for which application threads were stopped: 0.0012470 seconds, Stopping threads took: 0.0000135 seconds
[2019-06-24T09:24:52.144+0000][1][safepoint    ] Application time: 0.0385008 seconds
[2019-06-24T09:24:52.144+0000][1][safepoint    ] Entering safepoint region: RevokeBias
[2019-06-24T09:24:52.144+0000][1][safepoint    ] Leaving safepoint region
[2019-06-24T09:24:52.144+0000][1][safepoint    ] Total time for which application threads were stopped: 0.0001090 seconds, Stopping threads took: 0.0000326 seconds
[2019-06-24T09:24:52.144+0000][1][safepoint    ] Application time: 0.0006997 seconds
[2019-06-24T09:24:52.145+0000][1][safepoint    ] Entering safepoint region: RevokeBias
[2019-06-24T09:24:52.145+0000][1][safepoint    ] Leaving safepoint region
[2019-06-24T09:24:52.145+0000][1][safepoint    ] Total time for which application threads were stopped: 0.0001954 seconds, Stopping threads took: 0.0000989 seconds
[2019-06-24T09:24:52.145+0000][1][safepoint    ] Application time: 0.0005710 seconds
[2019-06-24T09:24:52.145+0000][1][safepoint    ] Entering safepoint region: RevokeBias
[2019-06-24T09:24:52.145+0000][1][safepoint    ] Leaving safepoint region
[2019-06-24T09:24:52.145+0000][1][safepoint    ] Total time for which application threads were stopped: 0.0000904 seconds, Stopping threads took: 0.0000288 seconds
[2019-06-24T09:24:52.415+0000][1][safepoint    ] Application time: 0.2693414 seconds
[2019-06-24T09:24:52.415+0000][1][safepoint    ] Entering safepoint region: BulkRevokeBias
[2019-06-24T09:24:52.415+0000][1][safepoint    ] Leaving safepoint region
[2019-06-24T09:24:52.415+0000][1][safepoint    ] Total time for which application threads were stopped: 0.0001818 seconds, Stopping threads took: 0.0000190 seconds
[2019-06-24T09:24:52.444+0000][1][safepoint    ] Application time: 0.0294433 seconds
[2019-06-24T09:24:52.444+0000][1][safepoint    ] Entering safepoint region: GenCollectForAllocation
[2019-06-24T09:24:52.444+0000][1][gc,start     ] GC(21) Pause Young (Allocation Failure)
[2019-06-24T09:24:52.444+0000][1][gc,task      ] GC(21) Using 5 workers of 8 for evacuation
[2019-06-24T09:24:52.453+0000][1][gc,age       ] GC(21) Desired survivor size 4456448 bytes, new threshold 2 (max threshold 6)
[2019-06-24T09:24:52.453+0000][1][gc,age       ] GC(21) Age table with threshold 2 (max threshold 6)
[2019-06-24T09:24:52.453+0000][1][gc,age       ] GC(21) - age   1:    3741800 bytes,    3741800 total
[2019-06-24T09:24:52.453+0000][1][gc,age       ] GC(21) - age   2:    1424464 bytes,    5166264 total
[2019-06-24T09:24:52.453+0000][1][gc,heap      ] GC(21) ParNew: 77195K->8695K(78656K)
[2019-06-24T09:24:52.453+0000][1][gc,heap      ] GC(21) CMS: 59228K->62282K(174784K)
[2019-06-24T09:24:52.453+0000][1][gc,metaspace ] GC(21) Metaspace: 61706K->61706K(1105920K)
[2019-06-24T09:24:52.453+0000][1][gc           ] GC(21) Pause Young (Allocation Failure) 133M->69M(247M) 8.923ms
[2019-06-24T09:24:52.453+0000][1][gc,cpu       ] GC(21) User=0.06s Sys=0.00s Real=0.00s
[2019-06-24T09:24:52.453+0000][1][safepoint    ] Leaving safepoint region
[2019-06-24T09:24:52.453+0000][1][safepoint    ] Total time for which application threads were stopped: 0.0090548 seconds, Stopping threads took: 0.0000166 seconds
[2019-06-24T09:24:52.499+0000][1][safepoint    ] Application time: 0.0452244 seconds
[2019-06-24T09:24:52.499+0000][1][safepoint    ] Entering safepoint region: Deoptimize
[2019-06-24T09:24:52.499+0000][1][safepoint    ] Leaving safepoint region
[2019-06-24T09:24:52.499+0000][1][safepoint    ] Total time for which application threads were stopped: 0.0004238 seconds, Stopping threads took: 0.0000120 seconds
[2019-06-24T09:24:52.505+0000][1][safepoint    ] Application time: 0.0056146 seconds
[2019-06-24T09:24:52.505+0000][1][safepoint    ] Entering safepoint region: RevokeBias
[2019-06-24T09:24:52.505+0000][1][safepoint    ] Leaving safepoint region
[2019-06-24T09:24:52.505+0000][1][safepoint    ] Total time for which application threads were stopped: 0.0000868 seconds, Stopping threads took: 0.0000262 seconds
[2019-06-24T09:24:52.505+0000][1][safepoint    ] Application time: 0.0004394 seconds
[2019-06-24T09:24:52.505+0000][1][safepoint    ] Entering safepoint region: RevokeBias
[2019-06-24T09:24:52.505+0000][1][safepoint    ] Leaving safepoint region
[2019-06-24T09:24:52.505+0000][1][safepoint    ] Total time for which application threads were stopped: 0.0000415 seconds, Stopping threads took: 0.0000093 seconds
[2019-06-24T09:24:52.506+0000][1][safepoint    ] Application time: 0.0006462 seconds
[2019-06-24T09:24:52.506+0000][1][safepoint    ] Entering safepoint region: RevokeBias
[2019-06-24T09:24:52.506+0000][1][safepoint    ] Leaving safepoint region
[2019-06-24T09:24:52.506+0000][1][safepoint    ] Total time for which application threads were stopped: 0.0000456 seconds, Stopping threads took: 0.0000097 seconds
[2019-06-24T09:24:52.506+0000][1][safepoint    ] Application time: 0.0002091 seconds
[2019-06-24T09:24:52.506+0000][1][safepoint    ] Entering safepoint region: RevokeBias
[2019-06-24T09:24:52.506+0000][1][safepoint    ] Leaving safepoint region
[2019-06-24T09:24:52.506+0000][1][safepoint    ] Total time for which application threads were stopped: 0.0000422 seconds, Stopping threads took: 0.0000101 seconds
[2019-06-24T09:24:52.507+0000][1][safepoint    ] Application time: 0.0003492 seconds
[2019-06-24T09:24:52.507+0000][1][safepoint    ] Entering safepoint region: RevokeBias
[2019-06-24T09:24:52.507+0000][1][safepoint    ] Leaving safepoint region
[2019-06-24T09:24:52.507+0000][1][safepoint    ] Total time for which application threads were stopped: 0.0000465 seconds, Stopping threads took: 0.0000097 seconds
[2019-06-24T09:24:52.507+0000][1][safepoint    ] Application time: 0.0001420 seconds
[2019-06-24T09:24:52.507+0000][1][safepoint    ] Entering safepoint region: RevokeBias
[2019-06-24T09:24:52.507+0000][1][safepoint    ] Leaving safepoint region
[2019-06-24T09:24:52.507+0000][1][safepoint    ] Total time for which application threads were stopped: 0.0000453 seconds, Stopping threads took: 0.0000097 seconds
[2019-06-24T09:24:52.507+0000][1][safepoint    ] Application time: 0.0001752 seconds
[2019-06-24T09:24:52.507+0000][1][safepoint    ] Entering safepoint region: RevokeBias
[2019-06-24T09:24:52.507+0000][1][safepoint    ] Leaving safepoint region
[2019-06-24T09:24:52.507+0000][1][safepoint    ] Total time for which application threads were stopped: 0.0000441 seconds, Stopping threads took: 0.0000095 seconds
[2019-06-24T09:24:52.507+0000][1][safepoint    ] Application time: 0.0002067 seconds
[2019-06-24T09:24:52.507+0000][1][safepoint    ] Entering safepoint region: RevokeBias
[2019-06-24T09:24:52.508+0000][1][safepoint    ] Leaving safepoint region
[2019-06-24T09:24:52.508+0000][1][safepoint    ] Total time for which application threads were stopped: 0.0000450 seconds, Stopping threads took: 0.0000100 seconds
[2019-06-24T09:24:52.508+0000][1][safepoint    ] Application time: 0.0002102 seconds
[2019-06-24T09:24:52.508+0000][1][safepoint    ] Entering safepoint region: RevokeBias
[2019-06-24T09:24:52.508+0000][1][safepoint    ] Leaving safepoint region
[2019-06-24T09:24:52.508+0000][1][safepoint    ] Total time for which application threads were stopped: 0.0000337 seconds, Stopping threads took: 0.0000071 seconds
[2019-06-24T09:24:52.508+0000][1][safepoint    ] Application time: 0.0001912 seconds
[2019-06-24T09:24:52.508+0000][1][safepoint    ] Entering safepoint region: RevokeBias
[2019-06-24T09:24:52.508+0000][1][safepoint    ] Leaving safepoint region
[2019-06-24T09:24:52.508+0000][1][safepoint    ] Total time for which application threads were stopped: 0.0000350 seconds, Stopping threads took: 0.0000070 seconds
[2019-06-24T09:24:52.508+0000][1][safepoint    ] Application time: 0.0001059 seconds
[2019-06-24T09:24:52.508+0000][1][safepoint    ] Entering safepoint region: RevokeBias
[2019-06-24T09:24:52.508+0000][1][safepoint    ] Leaving safepoint region
[2019-06-24T09:24:52.508+0000][1][safepoint    ] Total time for which application threads were stopped: 0.0000338 seconds, Stopping threads took: 0.0000067 seconds
[2019-06-24T09:24:52.509+0000][1][safepoint    ] Application time: 0.0003823 seconds
[2019-06-24T09:24:52.509+0000][1][safepoint    ] Entering safepoint region: RevokeBias
[2019-06-24T09:24:52.509+0000][1][safepoint    ] Leaving safepoint region
[2019-06-24T09:24:52.509+0000][1][safepoint    ] Total time for which application threads were stopped: 0.0000319 seconds, Stopping threads took: 0.0000068 seconds
[2019-06-24T09:24:52.509+0000][1][safepoint    ] Application time: 0.0001044 seconds
[2019-06-24T09:24:52.509+0000][1][safepoint    ] Entering safepoint region: RevokeBias
[2019-06-24T09:24:52.509+0000][1][safepoint    ] Leaving safepoint region
[2019-06-24T09:24:52.509+0000][1][safepoint    ] Total time for which application threads were stopped: 0.0000433 seconds, Stopping threads took: 0.0000095 seconds
[2019-06-24T09:24:52.509+0000][1][safepoint    ] Application time: 0.0007063 seconds
[2019-06-24T09:24:52.510+0000][1][safepoint    ] Entering safepoint region: RevokeBias
[2019-06-24T09:24:52.510+0000][1][safepoint    ] Leaving safepoint region
[2019-06-24T09:24:52.510+0000][1][safepoint    ] Total time for which application threads were stopped: 0.0000484 seconds, Stopping threads took: 0.0000099 seconds
[2019-06-24T09:24:52.510+0000][1][safepoint    ] Application time: 0.0001155 seconds
[2019-06-24T09:24:52.510+0000][1][safepoint    ] Entering safepoint region: RevokeBias
[2019-06-24T09:24:52.510+0000][1][safepoint    ] Leaving safepoint region
[2019-06-24T09:24:52.510+0000][1][safepoint    ] Total time for which application threads were stopped: 0.0000421 seconds, Stopping threads took: 0.0000094 seconds
[2019-06-24T09:24:52.511+0000][1][safepoint    ] Application time: 0.0009573 seconds
[2019-06-24T09:24:52.511+0000][1][safepoint    ] Entering safepoint region: RevokeBias
[2019-06-24T09:24:52.511+0000][1][safepoint    ] Leaving safepoint region
[2019-06-24T09:24:52.511+0000][1][safepoint    ] Total time for which application threads were stopped: 0.0000823 seconds, Stopping threads took: 0.0000380 seconds
[2019-06-24T09:24:52.511+0000][1][safepoint    ] Application time: 0.0005683 seconds
[2019-06-24T09:24:52.511+0000][1][safepoint    ] Entering safepoint region: RevokeBias
[2019-06-24T09:24:52.511+0000][1][safepoint    ] Leaving safepoint region
[2019-06-24T09:24:52.511+0000][1][safepoint    ] Total time for which application threads were stopped: 0.0000422 seconds, Stopping threads took: 0.0000105 seconds
[2019-06-24T09:24:52.512+0000][1][safepoint    ] Application time: 0.0001380 seconds
[2019-06-24T09:24:52.512+0000][1][safepoint    ] Entering safepoint region: RevokeBias
[2019-06-24T09:24:52.512+0000][1][safepoint    ] Leaving safepoint region
[2019-06-24T09:24:52.512+0000][1][safepoint    ] Total time for which application threads were stopped: 0.0001369 seconds, Stopping threads took: 0.0000970 seconds
[2019-06-24T09:24:52.513+0000][1][safepoint    ] Application time: 0.0008560 seconds
[2019-06-24T09:24:52.513+0000][1][safepoint    ] Entering safepoint region: RevokeBias
[2019-06-24T09:24:52.513+0000][1][safepoint    ] Leaving safepoint region
[2019-06-24T09:24:52.513+0000][1][safepoint    ] Total time for which application threads were stopped: 0.0000827 seconds, Stopping threads took: 0.0000450 seconds
[2019-06-24T09:24:52.513+0000][1][safepoint    ] Application time: 0.0003859 seconds
[2019-06-24T09:24:52.513+0000][1][safepoint    ] Entering safepoint region: RevokeBias
[2019-06-24T09:24:52.513+0000][1][safepoint    ] Leaving safepoint region
[2019-06-24T09:24:52.513+0000][1][safepoint    ] Total time for which application threads were stopped: 0.0001709 seconds, Stopping threads took: 0.0001314 seconds
[2019-06-24T09:24:52.514+0000][1][safepoint    ] Application time: 0.0005373 seconds
[2019-06-24T09:24:52.514+0000][1][safepoint    ] Entering safepoint region: RevokeBias
[2019-06-24T09:24:52.514+0000][1][safepoint    ] Leaving safepoint region
[2019-06-24T09:24:52.514+0000][1][safepoint    ] Total time for which application threads were stopped: 0.0001412 seconds, Stopping threads took: 0.0000941 seconds
[2019-06-24T09:24:52.514+0000][1][safepoint    ] Application time: 0.0001582 seconds
[2019-06-24T09:24:52.514+0000][1][safepoint    ] Entering safepoint region: RevokeBias
[2019-06-24T09:24:52.514+0000][1][safepoint    ] Leaving safepoint region
[2019-06-24T09:24:52.514+0000][1][safepoint    ] Total time for which application threads were stopped: 0.0001042 seconds, Stopping threads took: 0.0000448 seconds
[2019-06-24T09:24:52.514+0000][1][safepoint    ] Application time: 0.0001249 seconds
[2019-06-24T09:24:52.514+0000][1][safepoint    ] Entering safepoint region: RevokeBias
[2019-06-24T09:24:52.515+0000][1][safepoint    ] Leaving safepoint region
[2019-06-24T09:24:52.515+0000][1][safepoint    ] Total time for which application threads were stopped: 0.0001130 seconds, Stopping threads took: 0.0000289 seconds
[2019-06-24T09:24:52.515+0000][1][safepoint    ] Application time: 0.0004642 seconds
[2019-06-24T09:24:52.515+0000][1][safepoint    ] Entering safepoint region: RevokeBias
[2019-06-24T09:24:52.515+0000][1][safepoint    ] Leaving safepoint region
[2019-06-24T09:24:52.515+0000][1][safepoint    ] Total time for which application threads were stopped: 0.0001603 seconds, Stopping threads took: 0.0001201 seconds
[2019-06-24T09:24:52.516+0000][1][safepoint    ] Application time: 0.0005615 seconds
[2019-06-24T09:24:52.516+0000][1][safepoint    ] Entering safepoint region: RevokeBias
[2019-06-24T09:24:52.516+0000][1][safepoint    ] Leaving safepoint region
[2019-06-24T09:24:52.516+0000][1][safepoint    ] Total time for which application threads were stopped: 0.0000750 seconds, Stopping threads took: 0.0000249 seconds
[2019-06-24T09:24:52.516+0000][1][safepoint    ] Application time: 0.0000906 seconds
[2019-06-24T09:24:52.516+0000][1][safepoint    ] Entering safepoint region: RevokeBias
[2019-06-24T09:24:52.516+0000][1][safepoint    ] Leaving safepoint region
[2019-06-24T09:24:52.516+0000][1][safepoint    ] Total time for which application threads were stopped: 0.0000955 seconds, Stopping threads took: 0.0000658 seconds
[2019-06-24T09:24:52.517+0000][1][safepoint    ] Application time: 0.0005011 seconds
[2019-06-24T09:24:52.517+0000][1][safepoint    ] Entering safepoint region: RevokeBias
[2019-06-24T09:24:52.517+0000][1][safepoint    ] Leaving safepoint region
[2019-06-24T09:24:52.517+0000][1][safepoint    ] Total time for which application threads were stopped: 0.0001696 seconds, Stopping threads took: 0.0000851 seconds
[2019-06-24T09:24:52.517+0000][1][safepoint    ] Application time: 0.0000641 seconds
[2019-06-24T09:24:52.517+0000][1][safepoint    ] Entering safepoint region: RevokeBias
[2019-06-24T09:24:52.517+0000][1][safepoint    ] Leaving safepoint region
[2019-06-24T09:24:52.517+0000][1][safepoint    ] Total time for which application threads were stopped: 0.0000878 seconds, Stopping threads took: 0.0000610 seconds
[2019-06-24T09:24:52.517+0000][1][safepoint    ] Application time: 0.0003005 seconds
[2019-06-24T09:24:52.517+0000][1][safepoint    ] Entering safepoint region: RevokeBias
[2019-06-24T09:24:52.517+0000][1][safepoint    ] Leaving safepoint region
[2019-06-24T09:24:52.517+0000][1][safepoint    ] Total time for which application threads were stopped: 0.0001436 seconds, Stopping threads took: 0.0000455 seconds
[2019-06-24T09:24:52.517+0000][1][safepoint    ] Application time: 0.0000706 seconds
[2019-06-24T09:24:52.519+0000][1][safepoint    ] Entering safepoint region: RevokeBias
[2019-06-24T09:24:52.519+0000][1][safepoint    ] Leaving safepoint region
[2019-06-24T09:24:52.519+0000][1][safepoint    ] Total time for which application threads were stopped: 0.0012162 seconds, Stopping threads took: 0.0011749 seconds
[2019-06-24T09:24:52.519+0000][1][safepoint    ] Application time: 0.0002701 seconds
[2019-06-24T09:24:52.519+0000][1][safepoint    ] Entering safepoint region: RevokeBias
[2019-06-24T09:24:52.519+0000][1][safepoint    ] Leaving safepoint region
[2019-06-24T09:24:52.519+0000][1][safepoint    ] Total time for which application threads were stopped: 0.0000748 seconds, Stopping threads took: 0.0000239 seconds
[2019-06-24T09:24:52.520+0000][1][safepoint    ] Application time: 0.0005608 seconds
[2019-06-24T09:24:52.520+0000][1][safepoint    ] Entering safepoint region: RevokeBias
[2019-06-24T09:24:52.520+0000][1][safepoint    ] Leaving safepoint region
[2019-06-24T09:24:52.520+0000][1][safepoint    ] Total time for which application threads were stopped: 0.0001107 seconds, Stopping threads took: 0.0000561 seconds
[2019-06-24T09:24:52.520+0000][1][safepoint    ] Application time: 0.0001654 seconds
[2019-06-24T09:24:52.520+0000][1][safepoint    ] Entering safepoint region: RevokeBias
[2019-06-24T09:24:52.520+0000][1][safepoint    ] Leaving safepoint region
[2019-06-24T09:24:52.520+0000][1][safepoint    ] Total time for which application threads were stopped: 0.0000794 seconds, Stopping threads took: 0.0000379 seconds
[2019-06-24T09:24:52.520+0000][1][safepoint    ] Application time: 0.0001195 seconds
[2019-06-24T09:24:52.520+0000][1][safepoint    ] Entering safepoint region: RevokeBias
[2019-06-24T09:24:52.520+0000][1][safepoint    ] Leaving safepoint region
[2019-06-24T09:24:52.520+0000][1][safepoint    ] Total time for which application threads were stopped: 0.0000583 seconds, Stopping threads took: 0.0000232 seconds
[2019-06-24T09:24:52.520+0000][1][safepoint    ] Application time: 0.0001057 seconds
[2019-06-24T09:24:52.520+0000][1][safepoint    ] Entering safepoint region: RevokeBias
[2019-06-24T09:24:52.520+0000][1][safepoint    ] Leaving safepoint region
[2019-06-24T09:24:52.520+0000][1][safepoint    ] Total time for which application threads were stopped: 0.0001085 seconds, Stopping threads took: 0.0000821 seconds
[2019-06-24T09:24:52.521+0000][1][safepoint    ] Application time: 0.0000806 seconds
[2019-06-24T09:24:52.521+0000][1][safepoint    ] Entering safepoint region: RevokeBias
[2019-06-24T09:24:52.521+0000][1][safepoint    ] Leaving safepoint region
[2019-06-24T09:24:52.521+0000][1][safepoint    ] Total time for which application threads were stopped: 0.0000507 seconds, Stopping threads took: 0.0000237 seconds
[2019-06-24T09:24:52.521+0000][1][safepoint    ] Application time: 0.0001088 seconds
[2019-06-24T09:24:52.521+0000][1][safepoint    ] Entering safepoint region: RevokeBias
[2019-06-24T09:24:52.521+0000][1][safepoint    ] Leaving safepoint region
[2019-06-24T09:24:52.521+0000][1][safepoint    ] Total time for which application threads were stopped: 0.0000485 seconds, Stopping threads took: 0.0000204 seconds
[2019-06-24T09:24:52.521+0000][1][safepoint    ] Application time: 0.0000632 seconds
[2019-06-24T09:24:52.521+0000][1][safepoint    ] Entering safepoint region: RevokeBias
[2019-06-24T09:24:52.521+0000][1][safepoint    ] Leaving safepoint region
[2019-06-24T09:24:52.521+0000][1][safepoint    ] Total time for which application threads were stopped: 0.0000455 seconds, Stopping threads took: 0.0000206 seconds
[2019-06-24T09:24:52.521+0000][1][safepoint    ] Application time: 0.0003171 seconds
[2019-06-24T09:24:52.521+0000][1][safepoint    ] Entering safepoint region: RevokeBias
[2019-06-24T09:24:52.521+0000][1][safepoint    ] Leaving safepoint region
[2019-06-24T09:24:52.521+0000][1][safepoint    ] Total time for which application threads were stopped: 0.0000924 seconds, Stopping threads took: 0.0000464 seconds
[2019-06-24T09:24:52.521+0000][1][safepoint    ] Application time: 0.0000388 seconds
[2019-06-24T09:24:52.521+0000][1][safepoint    ] Entering safepoint region: RevokeBias
[2019-06-24T09:24:52.521+0000][1][safepoint    ] Leaving safepoint region
[2019-06-24T09:24:52.521+0000][1][safepoint    ] Total time for which application threads were stopped: 0.0000808 seconds, Stopping threads took: 0.0000381 seconds
[2019-06-24T09:24:52.521+0000][1][safepoint    ] Application time: 0.0000363 seconds
[2019-06-24T09:24:52.522+0000][1][safepoint    ] Entering safepoint region: RevokeBias
[2019-06-24T09:24:52.522+0000][1][safepoint    ] Leaving safepoint region
[2019-06-24T09:24:52.522+0000][1][safepoint    ] Total time for which application threads were stopped: 0.0000648 seconds, Stopping threads took: 0.0000303 seconds
[2019-06-24T09:24:52.522+0000][1][safepoint    ] Application time: 0.0000391 seconds
[2019-06-24T09:24:52.522+0000][1][safepoint    ] Entering safepoint region: RevokeBias
[2019-06-24T09:24:52.522+0000][1][safepoint    ] Leaving safepoint region
[2019-06-24T09:24:52.522+0000][1][safepoint    ] Total time for which application threads were stopped: 0.0000610 seconds, Stopping threads took: 0.0000246 seconds
[2019-06-24T09:24:52.522+0000][1][safepoint    ] Application time: 0.0000355 seconds
[2019-06-24T09:24:52.522+0000][1][safepoint    ] Entering safepoint region: RevokeBias
[2019-06-24T09:24:52.522+0000][1][safepoint    ] Leaving safepoint region
[2019-06-24T09:24:52.522+0000][1][safepoint    ] Total time for which application threads were stopped: 0.0000385 seconds, Stopping threads took: 0.0000068 seconds
[2019-06-24T09:24:52.522+0000][1][safepoint    ] Application time: 0.0000313 seconds
[2019-06-24T09:24:52.522+0000][1][safepoint    ] Entering safepoint region: RevokeBias
[2019-06-24T09:24:52.522+0000][1][safepoint    ] Leaving safepoint region
[2019-06-24T09:24:52.522+0000][1][safepoint    ] Total time for which application threads were stopped: 0.0000380 seconds, Stopping threads took: 0.0000068 seconds
[2019-06-24T09:24:52.522+0000][1][safepoint    ] Application time: 0.0000313 seconds
[2019-06-24T09:24:52.522+0000][1][safepoint    ] Entering safepoint region: RevokeBias
[2019-06-24T09:24:52.522+0000][1][safepoint    ] Leaving safepoint region
[2019-06-24T09:24:52.522+0000][1][safepoint    ] Total time for which application threads were stopped: 0.0000378 seconds, Stopping threads took: 0.0000067 seconds
[2019-06-24T09:24:52.522+0000][1][safepoint    ] Application time: 0.0000342 seconds
[2019-06-24T09:24:52.522+0000][1][safepoint    ] Entering safepoint region: RevokeBias
[2019-06-24T09:24:52.522+0000][1][safepoint    ] Leaving safepoint region
[2019-06-24T09:24:52.522+0000][1][safepoint    ] Total time for which application threads were stopped: 0.0000412 seconds, Stopping threads took: 0.0000230 seconds
[2019-06-24T09:24:52.522+0000][1][safepoint    ] Application time: 0.0000359 seconds
[2019-06-24T09:24:52.522+0000][1][safepoint    ] Entering safepoint region: RevokeBias
[2019-06-24T09:24:52.522+0000][1][safepoint    ] Leaving safepoint region
[2019-06-24T09:24:52.522+0000][1][safepoint    ] Total time for which application threads were stopped: 0.0000646 seconds, Stopping threads took: 0.0000384 seconds
[2019-06-24T09:24:52.522+0000][1][safepoint    ] Application time: 0.0000355 seconds
[2019-06-24T09:24:52.522+0000][1][safepoint    ] Entering safepoint region: RevokeBias
[2019-06-24T09:24:52.522+0000][1][safepoint    ] Leaving safepoint region
[2019-06-24T09:24:52.522+0000][1][safepoint    ] Total time for which application threads were stopped: 0.0000770 seconds, Stopping threads took: 0.0000375 seconds
[2019-06-24T09:24:52.522+0000][1][safepoint    ] Application time: 0.0000362 seconds
[2019-06-24T09:24:52.522+0000][1][safepoint    ] Entering safepoint region: RevokeBias
[2019-06-24T09:24:52.522+0000][1][safepoint    ] Leaving safepoint region
[2019-06-24T09:24:52.522+0000][1][safepoint    ] Total time for which application threads were stopped: 0.0000409 seconds, Stopping threads took: 0.0000227 seconds
[2019-06-24T09:24:52.522+0000][1][safepoint    ] Application time: 0.0000350 seconds
[2019-06-24T09:24:52.522+0000][1][safepoint    ] Entering safepoint region: BulkRevokeBias
[2019-06-24T09:24:52.523+0000][1][safepoint    ] Leaving safepoint region
[2019-06-24T09:24:52.523+0000][1][safepoint    ] Total time for which application threads were stopped: 0.0001370 seconds, Stopping threads took: 0.0000199 seconds
[2019-06-24T09:24:52.525+0000][1][safepoint    ] Application time: 0.0026794 seconds
[2019-06-24T09:24:52.525+0000][1][safepoint    ] Entering safepoint region: RevokeBias
[2019-06-24T09:24:52.525+0000][1][safepoint    ] Leaving safepoint region
[2019-06-24T09:24:52.525+0000][1][safepoint    ] Total time for which application threads were stopped: 0.0000514 seconds, Stopping threads took: 0.0000176 seconds
[2019-06-24T09:24:52.531+0000][1][safepoint    ] Application time: 0.0059028 seconds
[2019-06-24T09:24:52.531+0000][1][safepoint    ] Entering safepoint region: RevokeBias
[2019-06-24T09:24:52.531+0000][1][safepoint    ] Leaving safepoint region
[2019-06-24T09:24:52.531+0000][1][safepoint    ] Total time for which application threads were stopped: 0.0001283 seconds, Stopping threads took: 0.0000928 seconds
[2019-06-24T09:24:52.531+0000][1][safepoint    ] Application time: 0.0001077 seconds
[2019-06-24T09:24:52.531+0000][1][safepoint    ] Entering safepoint region: BulkRevokeBias
[2019-06-24T09:24:52.532+0000][1][safepoint    ] Leaving safepoint region
[2019-06-24T09:24:52.532+0000][1][safepoint    ] Total time for which application threads were stopped: 0.0001172 seconds, Stopping threads took: 0.0000093 seconds
[2019-06-24T09:24:53.147+0000][1][safepoint    ] Application time: 0.6150727 seconds
[2019-06-24T09:24:53.147+0000][1][safepoint    ] Entering safepoint region: RevokeBias
[2019-06-24T09:24:53.147+0000][1][safepoint    ] Leaving safepoint region
[2019-06-24T09:24:53.147+0000][1][safepoint    ] Total time for which application threads were stopped: 0.0001550 seconds, Stopping threads took: 0.0000373 seconds
[2019-06-24T09:24:53.147+0000][1][safepoint    ] Application time: 0.0002651 seconds
[2019-06-24T09:24:53.147+0000][1][safepoint    ] Entering safepoint region: RevokeBias
[2019-06-24T09:24:53.147+0000][1][safepoint    ] Leaving safepoint region
[2019-06-24T09:24:53.147+0000][1][safepoint    ] Total time for which application threads were stopped: 0.0001333 seconds, Stopping threads took: 0.0000720 seconds
[2019-06-24T09:24:53.406+0000][1][safepoint    ] Application time: 0.2582205 seconds
[2019-06-24T09:24:53.406+0000][1][safepoint    ] Entering safepoint region: RevokeBias
[2019-06-24T09:24:53.406+0000][1][safepoint    ] Leaving safepoint region
[2019-06-24T09:24:53.406+0000][1][safepoint    ] Total time for which application threads were stopped: 0.0001280 seconds, Stopping threads took: 0.0000370 seconds
[2019-06-24T09:24:53.406+0000][1][safepoint    ] Application time: 0.0002665 seconds
[2019-06-24T09:24:53.406+0000][1][safepoint    ] Entering safepoint region: RevokeBias
[2019-06-24T09:24:53.406+0000][1][safepoint    ] Leaving safepoint region
[2019-06-24T09:24:53.406+0000][1][safepoint    ] Total time for which application threads were stopped: 0.0000889 seconds, Stopping threads took: 0.0000307 seconds
[2019-06-24T09:24:53.407+0000][1][safepoint    ] Application time: 0.0002606 seconds
[2019-06-24T09:24:53.407+0000][1][safepoint    ] Entering safepoint region: RevokeBias
[2019-06-24T09:24:53.407+0000][1][safepoint    ] Leaving safepoint region
[2019-06-24T09:24:53.407+0000][1][safepoint    ] Total time for which application threads were stopped: 0.0000774 seconds, Stopping threads took: 0.0000267 seconds
[2019-06-24T09:24:53.407+0000][1][safepoint    ] Application time: 0.0002501 seconds
[2019-06-24T09:24:53.407+0000][1][safepoint    ] Entering safepoint region: RevokeBias
[2019-06-24T09:24:53.407+0000][1][safepoint    ] Leaving safepoint region
[2019-06-24T09:24:53.407+0000][1][safepoint    ] Total time for which application threads were stopped: 0.0000890 seconds, Stopping threads took: 0.0000307 seconds
[2019-06-24T09:24:53.407+0000][1][safepoint    ] Application time: 0.0002252 seconds
[2019-06-24T09:24:53.407+0000][1][safepoint    ] Entering safepoint region: RevokeBias
[2019-06-24T09:24:53.407+0000][1][safepoint    ] Leaving safepoint region
[2019-06-24T09:24:53.407+0000][1][safepoint    ] Total time for which application threads were stopped: 0.0000908 seconds, Stopping threads took: 0.0000311 seconds
[2019-06-24T09:24:53.408+0000][1][safepoint    ] Application time: 0.0002220 seconds
[2019-06-24T09:24:53.408+0000][1][safepoint    ] Entering safepoint region: RevokeBias
[2019-06-24T09:24:53.408+0000][1][safepoint    ] Leaving safepoint region
[2019-06-24T09:24:53.408+0000][1][safepoint    ] Total time for which application threads were stopped: 0.0000906 seconds, Stopping threads took: 0.0000310 seconds
[2019-06-24T09:24:53.408+0000][1][safepoint    ] Application time: 0.0002096 seconds
[2019-06-24T09:24:53.408+0000][1][safepoint    ] Entering safepoint region: RevokeBias
[2019-06-24T09:24:53.408+0000][1][safepoint    ] Leaving safepoint region
[2019-06-24T09:24:53.408+0000][1][safepoint    ] Total time for which application threads were stopped: 0.0000899 seconds, Stopping threads took: 0.0000310 seconds
[2019-06-24T09:24:53.408+0000][1][safepoint    ] Application time: 0.0001456 seconds
[2019-06-24T09:24:53.408+0000][1][safepoint    ] Entering safepoint region: RevokeBias
[2019-06-24T09:24:53.408+0000][1][safepoint    ] Leaving safepoint region
[2019-06-24T09:24:53.408+0000][1][safepoint    ] Total time for which application threads were stopped: 0.0000673 seconds, Stopping threads took: 0.0000227 seconds
[2019-06-24T09:24:53.419+0000][1][safepoint    ] Application time: 0.0102681 seconds
[2019-06-24T09:24:53.419+0000][1][safepoint    ] Entering safepoint region: RevokeBias
[2019-06-24T09:24:53.419+0000][1][safepoint    ] Leaving safepoint region
[2019-06-24T09:24:53.419+0000][1][safepoint    ] Total time for which application threads were stopped: 0.0001056 seconds, Stopping threads took: 0.0000352 seconds
[2019-06-24T09:24:53.421+0000][1][safepoint    ] Application time: 0.0019219 seconds
[2019-06-24T09:24:53.421+0000][1][safepoint    ] Entering safepoint region: RevokeBias
[2019-06-24T09:24:53.421+0000][1][safepoint    ] Leaving safepoint region
[2019-06-24T09:24:53.421+0000][1][safepoint    ] Total time for which application threads were stopped: 0.0003731 seconds, Stopping threads took: 0.0002841 seconds
[2019-06-24T09:24:53.422+0000][1][safepoint    ] Application time: 0.0002944 seconds
[2019-06-24T09:24:53.422+0000][1][safepoint    ] Entering safepoint region: RevokeBias
[2019-06-24T09:24:53.422+0000][1][safepoint    ] Leaving safepoint region
[2019-06-24T09:24:53.422+0000][1][safepoint    ] Total time for which application threads were stopped: 0.0001259 seconds, Stopping threads took: 0.0000578 seconds
[2019-06-24T09:24:53.424+0000][1][safepoint    ] Application time: 0.0018004 seconds
[2019-06-24T09:24:53.424+0000][1][safepoint    ] Entering safepoint region: RevokeBias
[2019-06-24T09:24:53.424+0000][1][safepoint    ] Leaving safepoint region
[2019-06-24T09:24:53.424+0000][1][safepoint    ] Total time for which application threads were stopped: 0.0003634 seconds, Stopping threads took: 0.0002680 seconds
[2019-06-24T09:24:53.424+0000][1][safepoint    ] Application time: 0.0002381 seconds
[2019-06-24T09:24:53.424+0000][1][safepoint    ] Entering safepoint region: RevokeBias
[2019-06-24T09:24:53.424+0000][1][safepoint    ] Leaving safepoint region
[2019-06-24T09:24:53.425+0000][1][safepoint    ] Total time for which application threads were stopped: 0.0001163 seconds, Stopping threads took: 0.0000327 seconds
[2019-06-24T09:24:53.428+0000][1][safepoint    ] Application time: 0.0039085 seconds
[2019-06-24T09:24:53.429+0000][1][safepoint    ] Entering safepoint region: RevokeBias
[2019-06-24T09:24:53.429+0000][1][safepoint    ] Leaving safepoint region
[2019-06-24T09:24:53.429+0000][1][safepoint    ] Total time for which application threads were stopped: 0.0001072 seconds, Stopping threads took: 0.0000300 seconds
[2019-06-24T09:24:53.447+0000][1][safepoint    ] Application time: 0.0184385 seconds
[2019-06-24T09:24:53.447+0000][1][safepoint    ] Entering safepoint region: RevokeBias
[2019-06-24T09:24:53.447+0000][1][safepoint    ] Leaving safepoint region
[2019-06-24T09:24:53.447+0000][1][safepoint    ] Total time for which application threads were stopped: 0.0001257 seconds, Stopping threads took: 0.0000354 seconds
[2019-06-24T09:24:53.448+0000][1][safepoint    ] Application time: 0.0002606 seconds
[2019-06-24T09:24:53.448+0000][1][safepoint    ] Entering safepoint region: RevokeBias
[2019-06-24T09:24:53.448+0000][1][safepoint    ] Leaving safepoint region
[2019-06-24T09:24:53.448+0000][1][safepoint    ] Total time for which application threads were stopped: 0.0001065 seconds, Stopping threads took: 0.0000314 seconds
[2019-06-24T09:24:53.448+0000][1][safepoint    ] Application time: 0.0002558 seconds
[2019-06-24T09:24:53.448+0000][1][safepoint    ] Entering safepoint region: RevokeBias
[2019-06-24T09:24:53.448+0000][1][safepoint    ] Leaving safepoint region
[2019-06-24T09:24:53.448+0000][1][safepoint    ] Total time for which application threads were stopped: 0.0003219 seconds, Stopping threads took: 0.0002389 seconds
[2019-06-24T09:24:53.450+0000][1][safepoint    ] Application time: 0.0012982 seconds
[2019-06-24T09:24:53.450+0000][1][safepoint    ] Entering safepoint region: RevokeBias
[2019-06-24T09:24:53.450+0000][1][safepoint    ] Leaving safepoint region
[2019-06-24T09:24:53.450+0000][1][safepoint    ] Total time for which application threads were stopped: 0.0001190 seconds, Stopping threads took: 0.0000321 seconds
[2019-06-24T09:24:53.450+0000][1][safepoint    ] Application time: 0.0002930 seconds
[2019-06-24T09:24:53.450+0000][1][safepoint    ] Entering safepoint region: RevokeBias
[2019-06-24T09:24:53.450+0000][1][safepoint    ] Leaving safepoint region
[2019-06-24T09:24:53.450+0000][1][safepoint    ] Total time for which application threads were stopped: 0.0001161 seconds, Stopping threads took: 0.0000313 seconds
[2019-06-24T09:24:53.451+0000][1][safepoint    ] Application time: 0.0002601 seconds
[2019-06-24T09:24:53.451+0000][1][safepoint    ] Entering safepoint region: RevokeBias
[2019-06-24T09:24:53.451+0000][1][safepoint    ] Leaving safepoint region
[2019-06-24T09:24:53.451+0000][1][safepoint    ] Total time for which application threads were stopped: 0.0001185 seconds, Stopping threads took: 0.0000314 seconds
[2019-06-24T09:24:53.452+0000][1][safepoint    ] Application time: 0.0011146 seconds
[2019-06-24T09:24:53.452+0000][1][safepoint    ] Entering safepoint region: RevokeBias
[2019-06-24T09:24:53.452+0000][1][safepoint    ] Leaving safepoint region
[2019-06-24T09:24:53.452+0000][1][safepoint    ] Total time for which application threads were stopped: 0.0001168 seconds, Stopping threads took: 0.0000312 seconds
[2019-06-24T09:24:53.453+0000][1][safepoint    ] Application time: 0.0011431 seconds
[2019-06-24T09:24:53.453+0000][1][safepoint    ] Entering safepoint region: RevokeBias
[2019-06-24T09:24:53.454+0000][1][safepoint    ] Leaving safepoint region
[2019-06-24T09:24:53.454+0000][1][safepoint    ] Total time for which application threads were stopped: 0.0003053 seconds, Stopping threads took: 0.0002117 seconds
[2019-06-24T09:24:53.454+0000][1][safepoint    ] Application time: 0.0003368 seconds
[2019-06-24T09:24:53.454+0000][1][safepoint    ] Entering safepoint region: BulkRevokeBias
[2019-06-24T09:24:53.454+0000][1][safepoint    ] Leaving safepoint region
[2019-06-24T09:24:53.454+0000][1][safepoint    ] Total time for which application threads were stopped: 0.0003067 seconds, Stopping threads took: 0.0000871 seconds
[2019-06-24T09:24:53.455+0000][1][safepoint    ] Application time: 0.0009462 seconds
[2019-06-24T09:24:53.455+0000][1][safepoint    ] Entering safepoint region: RevokeBias
[2019-06-24T09:24:53.455+0000][1][safepoint    ] Leaving safepoint region
[2019-06-24T09:24:53.455+0000][1][safepoint    ] Total time for which application threads were stopped: 0.0001130 seconds, Stopping threads took: 0.0000300 seconds
[2019-06-24T09:24:53.456+0000][1][safepoint    ] Application time: 0.0006454 seconds
[2019-06-24T09:24:53.456+0000][1][safepoint    ] Entering safepoint region: RevokeBias
[2019-06-24T09:24:53.456+0000][1][safepoint    ] Leaving safepoint region
[2019-06-24T09:24:53.456+0000][1][safepoint    ] Total time for which application threads were stopped: 0.0001400 seconds, Stopping threads took: 0.0000655 seconds
[2019-06-24T09:24:53.459+0000][1][safepoint    ] Application time: 0.0027396 seconds
[2019-06-24T09:24:53.459+0000][1][safepoint    ] Entering safepoint region: RevokeBias
[2019-06-24T09:24:53.459+0000][1][safepoint    ] Leaving safepoint region
[2019-06-24T09:24:53.459+0000][1][safepoint    ] Total time for which application threads were stopped: 0.0003136 seconds, Stopping threads took: 0.0002284 seconds
[2019-06-24T09:24:53.460+0000][1][safepoint    ] Application time: 0.0003977 seconds
[2019-06-24T09:24:53.460+0000][1][safepoint    ] Entering safepoint region: RevokeBias
[2019-06-24T09:24:53.460+0000][1][safepoint    ] Leaving safepoint region
[2019-06-24T09:24:53.460+0000][1][safepoint    ] Total time for which application threads were stopped: 0.0000993 seconds, Stopping threads took: 0.0000299 seconds
[2019-06-24T09:24:53.460+0000][1][safepoint    ] Application time: 0.0003653 seconds
[2019-06-24T09:24:53.461+0000][1][safepoint    ] Entering safepoint region: RevokeBias
[2019-06-24T09:24:53.461+0000][1][safepoint    ] Leaving safepoint region
[2019-06-24T09:24:53.461+0000][1][safepoint    ] Total time for which application threads were stopped: 0.0001478 seconds, Stopping threads took: 0.0000746 seconds
[2019-06-24T09:24:53.461+0000][1][safepoint    ] Application time: 0.0002695 seconds
[2019-06-24T09:24:53.461+0000][1][safepoint    ] Entering safepoint region: RevokeBias
[2019-06-24T09:24:53.461+0000][1][safepoint    ] Leaving safepoint region
[2019-06-24T09:24:53.461+0000][1][safepoint    ] Total time for which application threads were stopped: 0.0001107 seconds, Stopping threads took: 0.0000397 seconds
[2019-06-24T09:24:53.465+0000][1][safepoint    ] Application time: 0.0038913 seconds
[2019-06-24T09:24:53.465+0000][1][safepoint    ] Entering safepoint region: RevokeBias
[2019-06-24T09:24:53.465+0000][1][safepoint    ] Leaving safepoint region
[2019-06-24T09:24:53.465+0000][1][safepoint    ] Total time for which application threads were stopped: 0.0001397 seconds, Stopping threads took: 0.0000777 seconds
[2019-06-24T09:24:53.465+0000][1][safepoint    ] Application time: 0.0001809 seconds
[2019-06-24T09:24:53.466+0000][1][safepoint    ] Entering safepoint region: RevokeBias
[2019-06-24T09:24:53.466+0000][1][safepoint    ] Leaving safepoint region
[2019-06-24T09:24:53.466+0000][1][safepoint    ] Total time for which application threads were stopped: 0.0002061 seconds, Stopping threads took: 0.0001480 seconds
[2019-06-24T09:24:53.466+0000][1][safepoint    ] Application time: 0.0000514 seconds
[2019-06-24T09:24:53.466+0000][1][safepoint    ] Entering safepoint region: RevokeBias
[2019-06-24T09:24:53.466+0000][1][safepoint    ] Leaving safepoint region
[2019-06-24T09:24:53.466+0000][1][safepoint    ] Total time for which application threads were stopped: 0.0000734 seconds, Stopping threads took: 0.0000287 seconds
[2019-06-24T09:24:53.466+0000][1][safepoint    ] Application time: 0.0000255 seconds
[2019-06-24T09:24:53.466+0000][1][safepoint    ] Entering safepoint region: RevokeBias
[2019-06-24T09:24:53.466+0000][1][safepoint    ] Leaving safepoint region
[2019-06-24T09:24:53.466+0000][1][safepoint    ] Total time for which application threads were stopped: 0.0000799 seconds, Stopping threads took: 0.0000226 seconds
[2019-06-24T09:24:53.466+0000][1][safepoint    ] Application time: 0.0001519 seconds
[2019-06-24T09:24:53.466+0000][1][safepoint    ] Entering safepoint region: RevokeBias
[2019-06-24T09:24:53.466+0000][1][safepoint    ] Leaving safepoint region
[2019-06-24T09:24:53.466+0000][1][safepoint    ] Total time for which application threads were stopped: 0.0001021 seconds, Stopping threads took: 0.0000581 seconds
[2019-06-24T09:24:53.467+0000][1][safepoint    ] Application time: 0.0002216 seconds
[2019-06-24T09:24:53.467+0000][1][safepoint    ] Entering safepoint region: RevokeBias
[2019-06-24T09:24:53.467+0000][1][safepoint    ] Leaving safepoint region
[2019-06-24T09:24:53.467+0000][1][safepoint    ] Total time for which application threads were stopped: 0.0001053 seconds, Stopping threads took: 0.0000587 seconds
[2019-06-24T09:24:53.467+0000][1][safepoint    ] Application time: 0.0005629 seconds
[2019-06-24T09:24:53.467+0000][1][safepoint    ] Entering safepoint region: RevokeBias
[2019-06-24T09:24:53.467+0000][1][safepoint    ] Leaving safepoint region
[2019-06-24T09:24:53.467+0000][1][safepoint    ] Total time for which application threads were stopped: 0.0001215 seconds, Stopping threads took: 0.0000657 seconds
[2019-06-24T09:24:53.472+0000][1][gc,heap,exit ] Heap
[2019-06-24T09:24:53.472+0000][1][gc,heap,exit ]  par new generation   total 78656K, used 27290K [0x00000000f0000000, 0x00000000f5550000, 0x00000000f5550000)
[2019-06-24T09:24:53.472+0000][1][gc,heap,exit ]   eden space 69952K,  26% used [0x00000000f0000000, 0x00000000f1228c80, 0x00000000f4450000)
[2019-06-24T09:24:53.472+0000][1][gc,heap,exit ]   from space 8704K,  99% used [0x00000000f4450000, 0x00000000f4ccdc38, 0x00000000f4cd0000)
[2019-06-24T09:24:53.472+0000][1][gc,heap,exit ]   to   space 8704K,   0% used [0x00000000f4cd0000, 0x00000000f4cd0000, 0x00000000f5550000)
[2019-06-24T09:24:53.472+0000][1][gc,heap,exit ]  concurrent mark-sweep generation total 174784K, used 62282K [0x00000000f5550000, 0x0000000100000000, 0x0000000100000000)
[2019-06-24T09:24:53.472+0000][1][gc,heap,exit ]  Metaspace       used 63211K, capacity 67940K, committed 68156K, reserved 1107968K
[2019-06-24T09:24:53.472+0000][1][gc,heap,exit ]   class space    used 8604K, capacity 10559K, committed 10568K, reserved 1048576K
[2019-06-24T09:24:53.472+0000][1][safepoint    ] Application time: 0.0050137 seconds
[2019-06-24T09:24:53.473+0000][1][safepoint    ] Entering safepoint region: Halt
