[2019-06-24T09:56:00.529+0000][1][gc] Using Concurrent Mark Sweep
[2019-06-24T09:56:00.529+0000][1][gc,heap,coops] Heap address: 0x00000000f0000000, size: 256 MB, Compressed Oops mode: 32-bit
[2019-06-24T09:56:00.571+0000][1][safepoint    ] Entering safepoint region: EnableBiasedLocking
[2019-06-24T09:56:00.571+0000][1][safepoint    ] Leaving safepoint region
[2019-06-24T09:56:00.571+0000][1][safepoint    ] Total time for which application threads were stopped: 0.0000980 seconds, Stopping threads took: 0.0000419 seconds
[2019-06-24T09:56:00.574+0000][1][safepoint    ] Application time: 0.0024090 seconds
[2019-06-24T09:56:00.574+0000][1][safepoint    ] Entering safepoint region: RevokeBias
[2019-06-24T09:56:00.574+0000][1][safepoint    ] Leaving safepoint region
[2019-06-24T09:56:00.574+0000][1][safepoint    ] Total time for which application threads were stopped: 0.0000815 seconds, Stopping threads took: 0.0000360 seconds
[2019-06-24T09:56:00.582+0000][1][safepoint    ] Application time: 0.0076652 seconds
[2019-06-24T09:56:00.582+0000][1][safepoint    ] Entering safepoint region: Deoptimize
[2019-06-24T09:56:00.582+0000][1][safepoint    ] Leaving safepoint region
[2019-06-24T09:56:00.582+0000][1][safepoint    ] Total time for which application threads were stopped: 0.0000510 seconds, Stopping threads took: 0.0000092 seconds
[2019-06-24T09:56:00.681+0000][1][safepoint    ] Application time: 0.0998472 seconds
[2019-06-24T09:56:00.682+0000][1][safepoint    ] Entering safepoint region: RevokeBias
[2019-06-24T09:56:00.682+0000][1][safepoint    ] Leaving safepoint region
[2019-06-24T09:56:00.682+0000][1][safepoint    ] Total time for which application threads were stopped: 0.0000953 seconds, Stopping threads took: 0.0000353 seconds
[2019-06-24T09:56:00.683+0000][1][safepoint    ] Application time: 0.0018479 seconds
[2019-06-24T09:56:00.683+0000][1][safepoint    ] Entering safepoint region: Deoptimize
[2019-06-24T09:56:00.684+0000][1][safepoint    ] Leaving safepoint region
[2019-06-24T09:56:00.684+0000][1][safepoint    ] Total time for which application threads were stopped: 0.0000601 seconds, Stopping threads took: 0.0000084 seconds
[2019-06-24T09:56:00.714+0000][1][safepoint    ] Application time: 0.0299879 seconds
[2019-06-24T09:56:00.714+0000][1][safepoint    ] Entering safepoint region: Deoptimize
[2019-06-24T09:56:00.714+0000][1][safepoint    ] Leaving safepoint region
[2019-06-24T09:56:00.714+0000][1][safepoint    ] Total time for which application threads were stopped: 0.0000685 seconds, Stopping threads took: 0.0000085 seconds
[2019-06-24T09:56:00.973+0000][1][safepoint    ] Application time: 0.2589912 seconds
[2019-06-24T09:56:00.973+0000][1][safepoint    ] Entering safepoint region: Deoptimize
[2019-06-24T09:56:00.973+0000][1][safepoint    ] Leaving safepoint region
[2019-06-24T09:56:00.973+0000][1][safepoint    ] Total time for which application threads were stopped: 0.0001352 seconds, Stopping threads took: 0.0000096 seconds
[2019-06-24T09:56:00.993+0000][1][safepoint    ] Application time: 0.0207084 seconds
[2019-06-24T09:56:00.994+0000][1][safepoint    ] Entering safepoint region: Deoptimize
[2019-06-24T09:56:00.994+0000][1][safepoint    ] Leaving safepoint region
[2019-06-24T09:56:00.994+0000][1][safepoint    ] Total time for which application threads were stopped: 0.0000925 seconds, Stopping threads took: 0.0000097 seconds
[2019-06-24T09:56:01.022+0000][1][safepoint    ] Application time: 0.0281368 seconds
[2019-06-24T09:56:01.022+0000][1][safepoint    ] Entering safepoint region: Deoptimize
[2019-06-24T09:56:01.022+0000][1][safepoint    ] Leaving safepoint region
[2019-06-24T09:56:01.022+0000][1][safepoint    ] Total time for which application threads were stopped: 0.0001187 seconds, Stopping threads took: 0.0000096 seconds
[2019-06-24T09:56:01.032+0000][1][safepoint    ] Application time: 0.0099312 seconds
[2019-06-24T09:56:01.032+0000][1][safepoint    ] Entering safepoint region: Deoptimize
[2019-06-24T09:56:01.032+0000][1][safepoint    ] Leaving safepoint region
[2019-06-24T09:56:01.032+0000][1][safepoint    ] Total time for which application threads were stopped: 0.0001536 seconds, Stopping threads took: 0.0000090 seconds
[2019-06-24T09:56:01.375+0000][1][safepoint    ] Application time: 0.3428276 seconds
[2019-06-24T09:56:01.375+0000][1][safepoint    ] Entering safepoint region: Deoptimize
[2019-06-24T09:56:01.375+0000][1][safepoint    ] Leaving safepoint region
[2019-06-24T09:56:01.375+0000][1][safepoint    ] Total time for which application threads were stopped: 0.0002454 seconds, Stopping threads took: 0.0000117 seconds
[2019-06-24T09:56:01.649+0000][1][safepoint    ] Application time: 0.2743197 seconds
[2019-06-24T09:56:01.650+0000][1][safepoint    ] Entering safepoint region: RevokeBias
[2019-06-24T09:56:01.650+0000][1][safepoint    ] Leaving safepoint region
[2019-06-24T09:56:01.650+0000][1][safepoint    ] Total time for which application threads were stopped: 0.0001598 seconds, Stopping threads took: 0.0000548 seconds
[2019-06-24T09:56:01.742+0000][1][safepoint    ] Application time: 0.0925970 seconds
[2019-06-24T09:56:01.742+0000][1][safepoint    ] Entering safepoint region: Deoptimize
[2019-06-24T09:56:01.743+0000][1][safepoint    ] Leaving safepoint region
[2019-06-24T09:56:01.743+0000][1][safepoint    ] Total time for which application threads were stopped: 0.0002042 seconds, Stopping threads took: 0.0000088 seconds
[2019-06-24T09:56:01.834+0000][1][safepoint    ] Application time: 0.0911624 seconds
[2019-06-24T09:56:01.834+0000][1][safepoint    ] Entering safepoint region: Deoptimize
[2019-06-24T09:56:01.834+0000][1][safepoint    ] Leaving safepoint region
[2019-06-24T09:56:01.834+0000][1][safepoint    ] Total time for which application threads were stopped: 0.0001865 seconds, Stopping threads took: 0.0000105 seconds
[2019-06-24T09:56:01.834+0000][1][safepoint    ] Application time: 0.0001019 seconds
[2019-06-24T09:56:01.834+0000][1][safepoint    ] Entering safepoint region: Deoptimize
[2019-06-24T09:56:01.834+0000][1][safepoint    ] Leaving safepoint region
[2019-06-24T09:56:01.834+0000][1][safepoint    ] Total time for which application threads were stopped: 0.0001090 seconds, Stopping threads took: 0.0000068 seconds
[2019-06-24T09:56:01.848+0000][1][safepoint    ] Application time: 0.0142323 seconds
[2019-06-24T09:56:01.848+0000][1][safepoint    ] Entering safepoint region: Deoptimize
[2019-06-24T09:56:01.849+0000][1][safepoint    ] Leaving safepoint region
[2019-06-24T09:56:01.849+0000][1][safepoint    ] Total time for which application threads were stopped: 0.0001469 seconds, Stopping threads took: 0.0000098 seconds
[2019-06-24T09:56:01.857+0000][1][safepoint    ] Application time: 0.0084103 seconds
[2019-06-24T09:56:01.857+0000][1][safepoint    ] Entering safepoint region: Deoptimize
[2019-06-24T09:56:01.857+0000][1][safepoint    ] Leaving safepoint region
[2019-06-24T09:56:01.857+0000][1][safepoint    ] Total time for which application threads were stopped: 0.0001594 seconds, Stopping threads took: 0.0000108 seconds
[2019-06-24T09:56:01.862+0000][1][safepoint    ] Application time: 0.0050766 seconds
[2019-06-24T09:56:01.862+0000][1][safepoint    ] Entering safepoint region: RevokeBias
[2019-06-24T09:56:01.862+0000][1][safepoint    ] Leaving safepoint region
[2019-06-24T09:56:01.862+0000][1][safepoint    ] Total time for which application threads were stopped: 0.0000548 seconds, Stopping threads took: 0.0000222 seconds
[2019-06-24T09:56:01.862+0000][1][safepoint    ] Application time: 0.0000658 seconds
[2019-06-24T09:56:01.862+0000][1][safepoint    ] Entering safepoint region: RevokeBias
[2019-06-24T09:56:01.862+0000][1][safepoint    ] Leaving safepoint region
[2019-06-24T09:56:01.862+0000][1][safepoint    ] Total time for which application threads were stopped: 0.0000665 seconds, Stopping threads took: 0.0000215 seconds
[2019-06-24T09:56:01.863+0000][1][safepoint    ] Application time: 0.0001010 seconds
[2019-06-24T09:56:01.863+0000][1][safepoint    ] Entering safepoint region: RevokeBias
[2019-06-24T09:56:01.863+0000][1][safepoint    ] Leaving safepoint region
[2019-06-24T09:56:01.863+0000][1][safepoint    ] Total time for which application threads were stopped: 0.0000445 seconds, Stopping threads took: 0.0000219 seconds
[2019-06-24T09:56:01.863+0000][1][safepoint    ] Application time: 0.0001890 seconds
[2019-06-24T09:56:01.863+0000][1][safepoint    ] Entering safepoint region: RevokeBias
[2019-06-24T09:56:01.863+0000][1][safepoint    ] Leaving safepoint region
[2019-06-24T09:56:01.863+0000][1][safepoint    ] Total time for which application threads were stopped: 0.0000417 seconds, Stopping threads took: 0.0000192 seconds
[2019-06-24T09:56:01.864+0000][1][safepoint    ] Application time: 0.0013536 seconds
[2019-06-24T09:56:01.864+0000][1][safepoint    ] Entering safepoint region: RevokeBias
[2019-06-24T09:56:01.864+0000][1][safepoint    ] Leaving safepoint region
[2019-06-24T09:56:01.864+0000][1][safepoint    ] Total time for which application threads were stopped: 0.0000281 seconds, Stopping threads took: 0.0000073 seconds
[2019-06-24T09:56:01.870+0000][1][safepoint    ] Application time: 0.0055714 seconds
[2019-06-24T09:56:01.870+0000][1][safepoint    ] Entering safepoint region: Deoptimize
[2019-06-24T09:56:01.870+0000][1][safepoint    ] Leaving safepoint region
[2019-06-24T09:56:01.870+0000][1][safepoint    ] Total time for which application threads were stopped: 0.0002295 seconds, Stopping threads took: 0.0000129 seconds
[2019-06-24T09:56:01.944+0000][1][safepoint    ] Application time: 0.0743321 seconds
[2019-06-24T09:56:01.945+0000][1][safepoint    ] Entering safepoint region: GenCollectForAllocation
[2019-06-24T09:56:01.945+0000][1][gc,start     ] GC(0) Pause Young (Allocation Failure)
[2019-06-24T09:56:01.945+0000][1][gc,task      ] GC(0) Using 5 workers of 8 for evacuation
[2019-06-24T09:56:01.950+0000][1][gc,age       ] GC(0) Desired survivor size 4456448 bytes, new threshold 1 (max threshold 6)
[2019-06-24T09:56:01.950+0000][1][gc,age       ] GC(0) Age table with threshold 1 (max threshold 6)
[2019-06-24T09:56:01.950+0000][1][gc,age       ] GC(0) - age   1:    7869312 bytes,    7869312 total
[2019-06-24T09:56:01.950+0000][1][gc,heap      ] GC(0) ParNew: 69952K->7788K(78656K)
[2019-06-24T09:56:01.950+0000][1][gc,heap      ] GC(0) CMS: 0K->0K(174784K)
[2019-06-24T09:56:01.950+0000][1][gc,metaspace ] GC(0) Metaspace: 12074K->12074K(1060864K)
[2019-06-24T09:56:01.950+0000][1][gc           ] GC(0) Pause Young (Allocation Failure) 68M->7M(247M) 5.563ms
[2019-06-24T09:56:01.950+0000][1][gc,cpu       ] GC(0) User=0.03s Sys=0.01s Real=0.00s
[2019-06-24T09:56:01.950+0000][1][safepoint    ] Leaving safepoint region
[2019-06-24T09:56:01.950+0000][1][safepoint    ] Total time for which application threads were stopped: 0.0056944 seconds, Stopping threads took: 0.0000372 seconds
[2019-06-24T09:56:01.951+0000][1][safepoint    ] Application time: 0.0003990 seconds
[2019-06-24T09:56:01.951+0000][1][safepoint    ] Entering safepoint region: RevokeBias
[2019-06-24T09:56:01.951+0000][1][safepoint    ] Leaving safepoint region
[2019-06-24T09:56:01.951+0000][1][safepoint    ] Total time for which application threads were stopped: 0.0001863 seconds, Stopping threads took: 0.0001319 seconds
[2019-06-24T09:56:01.951+0000][1][safepoint    ] Application time: 0.0001367 seconds
[2019-06-24T09:56:01.951+0000][1][safepoint    ] Entering safepoint region: RevokeBias
[2019-06-24T09:56:01.951+0000][1][safepoint    ] Leaving safepoint region
[2019-06-24T09:56:01.951+0000][1][safepoint    ] Total time for which application threads were stopped: 0.0000728 seconds, Stopping threads took: 0.0000259 seconds
[2019-06-24T09:56:01.951+0000][1][safepoint    ] Application time: 0.0001020 seconds
[2019-06-24T09:56:01.951+0000][1][safepoint    ] Entering safepoint region: RevokeBias
[2019-06-24T09:56:01.951+0000][1][safepoint    ] Leaving safepoint region
[2019-06-24T09:56:01.951+0000][1][safepoint    ] Total time for which application threads were stopped: 0.0001508 seconds, Stopping threads took: 0.0001121 seconds
[2019-06-24T09:56:01.951+0000][1][safepoint    ] Application time: 0.0000426 seconds
[2019-06-24T09:56:01.951+0000][1][safepoint    ] Entering safepoint region: RevokeBias
[2019-06-24T09:56:01.951+0000][1][safepoint    ] Leaving safepoint region
[2019-06-24T09:56:01.951+0000][1][safepoint    ] Total time for which application threads were stopped: 0.0000435 seconds, Stopping threads took: 0.0000166 seconds
[2019-06-24T09:56:01.952+0000][1][safepoint    ] Application time: 0.0000457 seconds
[2019-06-24T09:56:01.952+0000][1][safepoint    ] Entering safepoint region: RevokeBias
[2019-06-24T09:56:01.952+0000][1][safepoint    ] Leaving safepoint region
[2019-06-24T09:56:01.952+0000][1][safepoint    ] Total time for which application threads were stopped: 0.0000367 seconds, Stopping threads took: 0.0000101 seconds
[2019-06-24T09:56:01.952+0000][1][safepoint    ] Application time: 0.0000359 seconds
[2019-06-24T09:56:01.952+0000][1][safepoint    ] Entering safepoint region: RevokeBias
[2019-06-24T09:56:01.952+0000][1][safepoint    ] Leaving safepoint region
[2019-06-24T09:56:01.952+0000][1][safepoint    ] Total time for which application threads were stopped: 0.0000337 seconds, Stopping threads took: 0.0000069 seconds
[2019-06-24T09:56:01.952+0000][1][safepoint    ] Application time: 0.0000403 seconds
[2019-06-24T09:56:01.952+0000][1][safepoint    ] Entering safepoint region: RevokeBias
[2019-06-24T09:56:01.952+0000][1][safepoint    ] Leaving safepoint region
[2019-06-24T09:56:01.952+0000][1][safepoint    ] Total time for which application threads were stopped: 0.0000325 seconds, Stopping threads took: 0.0000069 seconds
[2019-06-24T09:56:01.952+0000][1][safepoint    ] Application time: 0.0000344 seconds
[2019-06-24T09:56:01.952+0000][1][safepoint    ] Entering safepoint region: RevokeBias
[2019-06-24T09:56:01.952+0000][1][safepoint    ] Leaving safepoint region
[2019-06-24T09:56:01.952+0000][1][safepoint    ] Total time for which application threads were stopped: 0.0000451 seconds, Stopping threads took: 0.0000062 seconds
[2019-06-24T09:56:01.952+0000][1][safepoint    ] Application time: 0.0000519 seconds
[2019-06-24T09:56:01.952+0000][1][safepoint    ] Entering safepoint region: RevokeBias
[2019-06-24T09:56:01.952+0000][1][safepoint    ] Leaving safepoint region
[2019-06-24T09:56:01.952+0000][1][safepoint    ] Total time for which application threads were stopped: 0.0000349 seconds, Stopping threads took: 0.0000067 seconds
[2019-06-24T09:56:01.952+0000][1][safepoint    ] Application time: 0.0000350 seconds
[2019-06-24T09:56:01.952+0000][1][safepoint    ] Entering safepoint region: RevokeBias
[2019-06-24T09:56:01.952+0000][1][safepoint    ] Leaving safepoint region
[2019-06-24T09:56:01.952+0000][1][safepoint    ] Total time for which application threads were stopped: 0.0000292 seconds, Stopping threads took: 0.0000065 seconds
[2019-06-24T09:56:01.952+0000][1][safepoint    ] Application time: 0.0000383 seconds
[2019-06-24T09:56:01.952+0000][1][safepoint    ] Entering safepoint region: RevokeBias
[2019-06-24T09:56:01.952+0000][1][safepoint    ] Leaving safepoint region
[2019-06-24T09:56:01.952+0000][1][safepoint    ] Total time for which application threads were stopped: 0.0000283 seconds, Stopping threads took: 0.0000065 seconds
[2019-06-24T09:56:01.952+0000][1][safepoint    ] Application time: 0.0000335 seconds
[2019-06-24T09:56:01.952+0000][1][safepoint    ] Entering safepoint region: RevokeBias
[2019-06-24T09:56:01.952+0000][1][safepoint    ] Leaving safepoint region
[2019-06-24T09:56:01.952+0000][1][safepoint    ] Total time for which application threads were stopped: 0.0000275 seconds, Stopping threads took: 0.0000066 seconds
[2019-06-24T09:56:01.952+0000][1][safepoint    ] Application time: 0.0000557 seconds
[2019-06-24T09:56:01.952+0000][1][safepoint    ] Entering safepoint region: RevokeBias
[2019-06-24T09:56:01.952+0000][1][safepoint    ] Leaving safepoint region
[2019-06-24T09:56:01.952+0000][1][safepoint    ] Total time for which application threads were stopped: 0.0001369 seconds, Stopping threads took: 0.0000849 seconds
[2019-06-24T09:56:01.952+0000][1][safepoint    ] Application time: 0.0000438 seconds
[2019-06-24T09:56:01.952+0000][1][safepoint    ] Entering safepoint region: RevokeBias
[2019-06-24T09:56:01.952+0000][1][safepoint    ] Leaving safepoint region
[2019-06-24T09:56:01.952+0000][1][safepoint    ] Total time for which application threads were stopped: 0.0000575 seconds, Stopping threads took: 0.0000156 seconds
[2019-06-24T09:56:01.953+0000][1][safepoint    ] Application time: 0.0000630 seconds
[2019-06-24T09:56:01.953+0000][1][safepoint    ] Entering safepoint region: RevokeBias
[2019-06-24T09:56:01.953+0000][1][safepoint    ] Leaving safepoint region
[2019-06-24T09:56:01.953+0000][1][safepoint    ] Total time for which application threads were stopped: 0.0000525 seconds, Stopping threads took: 0.0000152 seconds
[2019-06-24T09:56:01.953+0000][1][safepoint    ] Application time: 0.0000411 seconds
[2019-06-24T09:56:01.953+0000][1][safepoint    ] Entering safepoint region: RevokeBias
[2019-06-24T09:56:01.953+0000][1][safepoint    ] Leaving safepoint region
[2019-06-24T09:56:01.953+0000][1][safepoint    ] Total time for which application threads were stopped: 0.0000849 seconds, Stopping threads took: 0.0000396 seconds
[2019-06-24T09:56:01.953+0000][1][safepoint    ] Application time: 0.0001077 seconds
[2019-06-24T09:56:01.953+0000][1][safepoint    ] Entering safepoint region: RevokeBias
[2019-06-24T09:56:01.953+0000][1][safepoint    ] Leaving safepoint region
[2019-06-24T09:56:01.953+0000][1][safepoint    ] Total time for which application threads were stopped: 0.0000963 seconds, Stopping threads took: 0.0000538 seconds
[2019-06-24T09:56:01.953+0000][1][safepoint    ] Application time: 0.0000422 seconds
[2019-06-24T09:56:01.953+0000][1][safepoint    ] Entering safepoint region: RevokeBias
[2019-06-24T09:56:01.953+0000][1][safepoint    ] Leaving safepoint region
[2019-06-24T09:56:01.953+0000][1][safepoint    ] Total time for which application threads were stopped: 0.0000654 seconds, Stopping threads took: 0.0000311 seconds
[2019-06-24T09:56:01.953+0000][1][safepoint    ] Application time: 0.0000559 seconds
[2019-06-24T09:56:01.953+0000][1][safepoint    ] Entering safepoint region: RevokeBias
[2019-06-24T09:56:01.953+0000][1][safepoint    ] Leaving safepoint region
[2019-06-24T09:56:01.953+0000][1][safepoint    ] Total time for which application threads were stopped: 0.0000771 seconds, Stopping threads took: 0.0000440 seconds
[2019-06-24T09:56:01.953+0000][1][safepoint    ] Application time: 0.0000398 seconds
[2019-06-24T09:56:01.953+0000][1][safepoint    ] Entering safepoint region: RevokeBias
[2019-06-24T09:56:01.953+0000][1][safepoint    ] Leaving safepoint region
[2019-06-24T09:56:01.953+0000][1][safepoint    ] Total time for which application threads were stopped: 0.0000388 seconds, Stopping threads took: 0.0000082 seconds
[2019-06-24T09:56:01.954+0000][1][safepoint    ] Application time: 0.0001651 seconds
[2019-06-24T09:56:01.954+0000][1][safepoint    ] Entering safepoint region: RevokeBias
[2019-06-24T09:56:01.954+0000][1][safepoint    ] Leaving safepoint region
[2019-06-24T09:56:01.954+0000][1][safepoint    ] Total time for which application threads were stopped: 0.0000909 seconds, Stopping threads took: 0.0000450 seconds
[2019-06-24T09:56:01.954+0000][1][safepoint    ] Application time: 0.0000463 seconds
[2019-06-24T09:56:01.954+0000][1][safepoint    ] Entering safepoint region: RevokeBias
[2019-06-24T09:56:01.954+0000][1][safepoint    ] Leaving safepoint region
[2019-06-24T09:56:01.954+0000][1][safepoint    ] Total time for which application threads were stopped: 0.0000638 seconds, Stopping threads took: 0.0000239 seconds
[2019-06-24T09:56:01.954+0000][1][safepoint    ] Application time: 0.0002523 seconds
[2019-06-24T09:56:01.954+0000][1][safepoint    ] Entering safepoint region: RevokeBias
[2019-06-24T09:56:01.954+0000][1][safepoint    ] Leaving safepoint region
[2019-06-24T09:56:01.954+0000][1][safepoint    ] Total time for which application threads were stopped: 0.0001167 seconds, Stopping threads took: 0.0000788 seconds
[2019-06-24T09:56:01.954+0000][1][safepoint    ] Application time: 0.0000394 seconds
[2019-06-24T09:56:01.954+0000][1][safepoint    ] Entering safepoint region: RevokeBias
[2019-06-24T09:56:01.954+0000][1][safepoint    ] Leaving safepoint region
[2019-06-24T09:56:01.954+0000][1][safepoint    ] Total time for which application threads were stopped: 0.0000750 seconds, Stopping threads took: 0.0000419 seconds
[2019-06-24T09:56:01.955+0000][1][safepoint    ] Application time: 0.0003141 seconds
[2019-06-24T09:56:01.955+0000][1][safepoint    ] Entering safepoint region: RevokeBias
[2019-06-24T09:56:01.955+0000][1][safepoint    ] Leaving safepoint region
[2019-06-24T09:56:01.955+0000][1][safepoint    ] Total time for which application threads were stopped: 0.0000905 seconds, Stopping threads took: 0.0000587 seconds
[2019-06-24T09:56:01.955+0000][1][safepoint    ] Application time: 0.0000828 seconds
[2019-06-24T09:56:01.955+0000][1][safepoint    ] Entering safepoint region: RevokeBias
[2019-06-24T09:56:01.955+0000][1][safepoint    ] Leaving safepoint region
[2019-06-24T09:56:01.955+0000][1][safepoint    ] Total time for which application threads were stopped: 0.0000581 seconds, Stopping threads took: 0.0000287 seconds
[2019-06-24T09:56:02.226+0000][1][safepoint    ] Application time: 0.2710483 seconds
[2019-06-24T09:56:02.226+0000][1][safepoint    ] Entering safepoint region: Deoptimize
[2019-06-24T09:56:02.227+0000][1][safepoint    ] Leaving safepoint region
[2019-06-24T09:56:02.227+0000][1][safepoint    ] Total time for which application threads were stopped: 0.0005165 seconds, Stopping threads took: 0.0000185 seconds
[2019-06-24T09:56:02.414+0000][1][safepoint    ] Application time: 0.1870113 seconds
[2019-06-24T09:56:02.414+0000][1][safepoint    ] Entering safepoint region: RevokeBias
[2019-06-24T09:56:02.414+0000][1][safepoint    ] Leaving safepoint region
[2019-06-24T09:56:02.414+0000][1][safepoint    ] Total time for which application threads were stopped: 0.0001399 seconds, Stopping threads took: 0.0000147 seconds
[2019-06-24T09:56:02.523+0000][1][safepoint    ] Application time: 0.1093377 seconds
[2019-06-24T09:56:02.523+0000][1][safepoint    ] Entering safepoint region: RevokeBias
[2019-06-24T09:56:02.523+0000][1][safepoint    ] Leaving safepoint region
[2019-06-24T09:56:02.523+0000][1][safepoint    ] Total time for which application threads were stopped: 0.0001821 seconds, Stopping threads took: 0.0000855 seconds
[2019-06-24T09:56:02.529+0000][1][safepoint    ] Application time: 0.0051837 seconds
[2019-06-24T09:56:02.529+0000][1][safepoint    ] Entering safepoint region: RevokeBias
[2019-06-24T09:56:02.529+0000][1][safepoint    ] Leaving safepoint region
[2019-06-24T09:56:02.529+0000][1][safepoint    ] Total time for which application threads were stopped: 0.0000937 seconds, Stopping threads took: 0.0000169 seconds
[2019-06-24T09:56:02.532+0000][1][safepoint    ] Application time: 0.0034996 seconds
[2019-06-24T09:56:02.532+0000][1][safepoint    ] Entering safepoint region: RevokeBias
[2019-06-24T09:56:02.532+0000][1][safepoint    ] Leaving safepoint region
[2019-06-24T09:56:02.532+0000][1][safepoint    ] Total time for which application threads were stopped: 0.0001074 seconds, Stopping threads took: 0.0000357 seconds
[2019-06-24T09:56:02.557+0000][1][safepoint    ] Application time: 0.0247992 seconds
[2019-06-24T09:56:02.557+0000][1][safepoint    ] Entering safepoint region: GenCollectForAllocation
[2019-06-24T09:56:02.557+0000][1][gc,start     ] GC(1) Pause Young (Allocation Failure)
[2019-06-24T09:56:02.557+0000][1][gc,task      ] GC(1) Using 5 workers of 8 for evacuation
[2019-06-24T09:56:02.573+0000][1][gc,age       ] GC(1) Desired survivor size 4456448 bytes, new threshold 6 (max threshold 6)
[2019-06-24T09:56:02.573+0000][1][gc,age       ] GC(1) Age table with threshold 6 (max threshold 6)
[2019-06-24T09:56:02.573+0000][1][gc,age       ] GC(1) - age   1:    1986192 bytes,    1986192 total
[2019-06-24T09:56:02.573+0000][1][gc,heap      ] GC(1) ParNew: 77740K->6156K(78656K)
[2019-06-24T09:56:02.573+0000][1][gc,heap      ] GC(1) CMS: 0K->6658K(174784K)
[2019-06-24T09:56:02.573+0000][1][gc,metaspace ] GC(1) Metaspace: 14735K->14735K(1062912K)
[2019-06-24T09:56:02.573+0000][1][gc           ] GC(1) Pause Young (Allocation Failure) 75M->12M(247M) 15.610ms
[2019-06-24T09:56:02.573+0000][1][gc,cpu       ] GC(1) User=0.09s Sys=0.00s Real=0.01s
[2019-06-24T09:56:02.573+0000][1][safepoint    ] Leaving safepoint region
[2019-06-24T09:56:02.573+0000][1][safepoint    ] Total time for which application threads were stopped: 0.0157682 seconds, Stopping threads took: 0.0000190 seconds
[2019-06-24T09:56:02.573+0000][1][safepoint    ] Application time: 0.0003418 seconds
[2019-06-24T09:56:02.573+0000][1][safepoint    ] Entering safepoint region: RevokeBias
[2019-06-24T09:56:02.573+0000][1][safepoint    ] Leaving safepoint region
[2019-06-24T09:56:02.573+0000][1][safepoint    ] Total time for which application threads were stopped: 0.0001609 seconds, Stopping threads took: 0.0000849 seconds
[2019-06-24T09:56:02.574+0000][1][safepoint    ] Application time: 0.0000526 seconds
[2019-06-24T09:56:02.574+0000][1][safepoint    ] Entering safepoint region: RevokeBias
[2019-06-24T09:56:02.574+0000][1][safepoint    ] Leaving safepoint region
[2019-06-24T09:56:02.574+0000][1][safepoint    ] Total time for which application threads were stopped: 0.0000649 seconds, Stopping threads took: 0.0000105 seconds
[2019-06-24T09:56:02.574+0000][1][safepoint    ] Application time: 0.0000500 seconds
[2019-06-24T09:56:02.574+0000][1][safepoint    ] Entering safepoint region: BulkRevokeBias
[2019-06-24T09:56:02.574+0000][1][safepoint    ] Leaving safepoint region
[2019-06-24T09:56:02.574+0000][1][safepoint    ] Total time for which application threads were stopped: 0.0001019 seconds, Stopping threads took: 0.0000355 seconds
[2019-06-24T09:56:02.574+0000][1][safepoint    ] Application time: 0.0001858 seconds
[2019-06-24T09:56:02.574+0000][1][safepoint    ] Entering safepoint region: RevokeBias
[2019-06-24T09:56:02.574+0000][1][safepoint    ] Leaving safepoint region
[2019-06-24T09:56:02.574+0000][1][safepoint    ] Total time for which application threads were stopped: 0.0001383 seconds, Stopping threads took: 0.0000898 seconds
[2019-06-24T09:56:02.574+0000][1][safepoint    ] Application time: 0.0000598 seconds
[2019-06-24T09:56:02.574+0000][1][safepoint    ] Entering safepoint region: RevokeBias
[2019-06-24T09:56:02.574+0000][1][safepoint    ] Leaving safepoint region
[2019-06-24T09:56:02.574+0000][1][safepoint    ] Total time for which application threads were stopped: 0.0000698 seconds, Stopping threads took: 0.0000297 seconds
[2019-06-24T09:56:02.574+0000][1][safepoint    ] Application time: 0.0000489 seconds
[2019-06-24T09:56:02.574+0000][1][safepoint    ] Entering safepoint region: RevokeBias
[2019-06-24T09:56:02.574+0000][1][safepoint    ] Leaving safepoint region
[2019-06-24T09:56:02.574+0000][1][safepoint    ] Total time for which application threads were stopped: 0.0000617 seconds, Stopping threads took: 0.0000114 seconds
[2019-06-24T09:56:02.575+0000][1][safepoint    ] Application time: 0.0000797 seconds
[2019-06-24T09:56:02.575+0000][1][safepoint    ] Entering safepoint region: RevokeBias
[2019-06-24T09:56:02.575+0000][1][safepoint    ] Leaving safepoint region
[2019-06-24T09:56:02.575+0000][1][safepoint    ] Total time for which application threads were stopped: 0.0001010 seconds, Stopping threads took: 0.0000542 seconds
[2019-06-24T09:56:02.575+0000][1][safepoint    ] Application time: 0.0001104 seconds
[2019-06-24T09:56:02.575+0000][1][safepoint    ] Entering safepoint region: RevokeBias
[2019-06-24T09:56:02.575+0000][1][safepoint    ] Leaving safepoint region
[2019-06-24T09:56:02.575+0000][1][safepoint    ] Total time for which application threads were stopped: 0.0001323 seconds, Stopping threads took: 0.0000610 seconds
[2019-06-24T09:56:02.575+0000][1][safepoint    ] Application time: 0.0000862 seconds
[2019-06-24T09:56:02.575+0000][1][safepoint    ] Entering safepoint region: RevokeBias
[2019-06-24T09:56:02.575+0000][1][safepoint    ] Leaving safepoint region
[2019-06-24T09:56:02.575+0000][1][safepoint    ] Total time for which application threads were stopped: 0.0000804 seconds, Stopping threads took: 0.0000311 seconds
[2019-06-24T09:56:02.575+0000][1][safepoint    ] Application time: 0.0000972 seconds
[2019-06-24T09:56:02.575+0000][1][safepoint    ] Entering safepoint region: RevokeBias
[2019-06-24T09:56:02.575+0000][1][safepoint    ] Leaving safepoint region
[2019-06-24T09:56:02.575+0000][1][safepoint    ] Total time for which application threads were stopped: 0.0000731 seconds, Stopping threads took: 0.0000312 seconds
[2019-06-24T09:56:02.575+0000][1][safepoint    ] Application time: 0.0000837 seconds
[2019-06-24T09:56:02.575+0000][1][safepoint    ] Entering safepoint region: RevokeBias
[2019-06-24T09:56:02.575+0000][1][safepoint    ] Leaving safepoint region
[2019-06-24T09:56:02.575+0000][1][safepoint    ] Total time for which application threads were stopped: 0.0000559 seconds, Stopping threads took: 0.0000114 seconds
[2019-06-24T09:56:02.576+0000][1][safepoint    ] Application time: 0.0000940 seconds
[2019-06-24T09:56:02.576+0000][1][safepoint    ] Entering safepoint region: BulkRevokeBias
[2019-06-24T09:56:02.576+0000][1][safepoint    ] Leaving safepoint region
[2019-06-24T09:56:02.576+0000][1][safepoint    ] Total time for which application threads were stopped: 0.0000997 seconds, Stopping threads took: 0.0000291 seconds
[2019-06-24T09:56:02.576+0000][1][safepoint    ] Application time: 0.0000418 seconds
[2019-06-24T09:56:02.576+0000][1][safepoint    ] Entering safepoint region: RevokeBias
[2019-06-24T09:56:02.576+0000][1][safepoint    ] Leaving safepoint region
[2019-06-24T09:56:02.576+0000][1][safepoint    ] Total time for which application threads were stopped: 0.0000832 seconds, Stopping threads took: 0.0000315 seconds
[2019-06-24T09:56:02.576+0000][1][safepoint    ] Application time: 0.0000490 seconds
[2019-06-24T09:56:02.576+0000][1][safepoint    ] Entering safepoint region: BulkRevokeBias
[2019-06-24T09:56:02.576+0000][1][safepoint    ] Leaving safepoint region
[2019-06-24T09:56:02.576+0000][1][safepoint    ] Total time for which application threads were stopped: 0.0001095 seconds, Stopping threads took: 0.0000309 seconds
[2019-06-24T09:56:02.711+0000][1][safepoint    ] Application time: 0.1352277 seconds
[2019-06-24T09:56:02.711+0000][1][safepoint    ] Entering safepoint region: GenCollectForAllocation
[2019-06-24T09:56:02.711+0000][1][gc,start     ] GC(2) Pause Young (Allocation Failure)
[2019-06-24T09:56:02.711+0000][1][gc,task      ] GC(2) Using 5 workers of 8 for evacuation
[2019-06-24T09:56:02.714+0000][1][gc,age       ] GC(2) Desired survivor size 4456448 bytes, new threshold 6 (max threshold 6)
[2019-06-24T09:56:02.714+0000][1][gc,age       ] GC(2) Age table with threshold 6 (max threshold 6)
[2019-06-24T09:56:02.714+0000][1][gc,age       ] GC(2) - age   1:    2658904 bytes,    2658904 total
[2019-06-24T09:56:02.714+0000][1][gc,age       ] GC(2) - age   2:    1208192 bytes,    3867096 total
[2019-06-24T09:56:02.714+0000][1][gc,heap      ] GC(2) ParNew: 76108K->4595K(78656K)
[2019-06-24T09:56:02.715+0000][1][gc,heap      ] GC(2) CMS: 6658K->6658K(174784K)
[2019-06-24T09:56:02.715+0000][1][gc,metaspace ] GC(2) Metaspace: 14881K->14881K(1062912K)
[2019-06-24T09:56:02.715+0000][1][gc           ] GC(2) Pause Young (Allocation Failure) 80M->10M(247M) 3.133ms
[2019-06-24T09:56:02.715+0000][1][gc,cpu       ] GC(2) User=0.02s Sys=0.00s Real=0.01s
[2019-06-24T09:56:02.715+0000][1][safepoint    ] Leaving safepoint region
[2019-06-24T09:56:02.715+0000][1][safepoint    ] Total time for which application threads were stopped: 0.0032908 seconds, Stopping threads took: 0.0000393 seconds
[2019-06-24T09:56:02.715+0000][1][safepoint    ] Application time: 0.0002194 seconds
[2019-06-24T09:56:02.715+0000][1][safepoint    ] Entering safepoint region: RevokeBias
[2019-06-24T09:56:02.715+0000][1][safepoint    ] Leaving safepoint region
[2019-06-24T09:56:02.715+0000][1][safepoint    ] Total time for which application threads were stopped: 0.0000704 seconds, Stopping threads took: 0.0000217 seconds
[2019-06-24T09:56:02.715+0000][1][safepoint    ] Application time: 0.0000952 seconds
[2019-06-24T09:56:02.715+0000][1][safepoint    ] Entering safepoint region: RevokeBias
[2019-06-24T09:56:02.715+0000][1][safepoint    ] Leaving safepoint region
[2019-06-24T09:56:02.715+0000][1][safepoint    ] Total time for which application threads were stopped: 0.0000719 seconds, Stopping threads took: 0.0000273 seconds
[2019-06-24T09:56:02.715+0000][1][safepoint    ] Application time: 0.0001036 seconds
[2019-06-24T09:56:02.715+0000][1][safepoint    ] Entering safepoint region: RevokeBias
[2019-06-24T09:56:02.715+0000][1][safepoint    ] Leaving safepoint region
[2019-06-24T09:56:02.715+0000][1][safepoint    ] Total time for which application threads were stopped: 0.0000802 seconds, Stopping threads took: 0.0000439 seconds
[2019-06-24T09:56:02.715+0000][1][safepoint    ] Application time: 0.0000911 seconds
[2019-06-24T09:56:02.715+0000][1][safepoint    ] Entering safepoint region: RevokeBias
[2019-06-24T09:56:02.715+0000][1][safepoint    ] Leaving safepoint region
[2019-06-24T09:56:02.715+0000][1][safepoint    ] Total time for which application threads were stopped: 0.0000622 seconds, Stopping threads took: 0.0000264 seconds
[2019-06-24T09:56:02.716+0000][1][safepoint    ] Application time: 0.0000944 seconds
[2019-06-24T09:56:02.716+0000][1][safepoint    ] Entering safepoint region: RevokeBias
[2019-06-24T09:56:02.716+0000][1][safepoint    ] Leaving safepoint region
[2019-06-24T09:56:02.716+0000][1][safepoint    ] Total time for which application threads were stopped: 0.0000686 seconds, Stopping threads took: 0.0000330 seconds
[2019-06-24T09:56:02.716+0000][1][safepoint    ] Application time: 0.0000833 seconds
[2019-06-24T09:56:02.716+0000][1][safepoint    ] Entering safepoint region: RevokeBias
[2019-06-24T09:56:02.716+0000][1][safepoint    ] Leaving safepoint region
[2019-06-24T09:56:02.716+0000][1][safepoint    ] Total time for which application threads were stopped: 0.0000690 seconds, Stopping threads took: 0.0000358 seconds
[2019-06-24T09:56:02.861+0000][1][safepoint    ] Application time: 0.1450568 seconds
[2019-06-24T09:56:02.861+0000][1][safepoint    ] Entering safepoint region: Deoptimize
[2019-06-24T09:56:02.861+0000][1][safepoint    ] Leaving safepoint region
[2019-06-24T09:56:02.861+0000][1][safepoint    ] Total time for which application threads were stopped: 0.0003321 seconds, Stopping threads took: 0.0000243 seconds
[2019-06-24T09:56:02.862+0000][1][safepoint    ] Application time: 0.0004909 seconds
[2019-06-24T09:56:02.862+0000][1][safepoint    ] Entering safepoint region: Deoptimize
[2019-06-24T09:56:02.862+0000][1][safepoint    ] Leaving safepoint region
[2019-06-24T09:56:02.862+0000][1][safepoint    ] Total time for which application threads were stopped: 0.0002294 seconds, Stopping threads took: 0.0000111 seconds
[2019-06-24T09:56:03.068+0000][1][safepoint    ] Application time: 0.2057589 seconds
[2019-06-24T09:56:03.068+0000][1][safepoint    ] Entering safepoint region: RevokeBias
[2019-06-24T09:56:03.068+0000][1][safepoint    ] Leaving safepoint region
[2019-06-24T09:56:03.068+0000][1][safepoint    ] Total time for which application threads were stopped: 0.0001464 seconds, Stopping threads took: 0.0000196 seconds
[2019-06-24T09:56:03.119+0000][1][safepoint    ] Application time: 0.0509533 seconds
[2019-06-24T09:56:03.119+0000][1][safepoint    ] Entering safepoint region: GenCollectForAllocation
[2019-06-24T09:56:03.119+0000][1][gc,start     ] GC(3) Pause Young (Allocation Failure)
[2019-06-24T09:56:03.119+0000][1][gc,task      ] GC(3) Using 5 workers of 8 for evacuation
[2019-06-24T09:56:03.123+0000][1][gc,age       ] GC(3) Desired survivor size 4456448 bytes, new threshold 3 (max threshold 6)
[2019-06-24T09:56:03.123+0000][1][gc,age       ] GC(3) Age table with threshold 3 (max threshold 6)
[2019-06-24T09:56:03.123+0000][1][gc,age       ] GC(3) - age   1:    3556384 bytes,    3556384 total
[2019-06-24T09:56:03.123+0000][1][gc,age       ] GC(3) - age   2:     318680 bytes,    3875064 total
[2019-06-24T09:56:03.123+0000][1][gc,age       ] GC(3) - age   3:    1205472 bytes,    5080536 total
[2019-06-24T09:56:03.123+0000][1][gc,heap      ] GC(3) ParNew: 74547K->6842K(78656K)
[2019-06-24T09:56:03.123+0000][1][gc,heap      ] GC(3) CMS: 6658K->6658K(174784K)
[2019-06-24T09:56:03.123+0000][1][gc,metaspace ] GC(3) Metaspace: 18342K->18342K(1067008K)
[2019-06-24T09:56:03.123+0000][1][gc           ] GC(3) Pause Young (Allocation Failure) 79M->13M(247M) 4.019ms
[2019-06-24T09:56:03.123+0000][1][gc,cpu       ] GC(3) User=0.02s Sys=0.00s Real=0.01s
[2019-06-24T09:56:03.123+0000][1][safepoint    ] Leaving safepoint region
[2019-06-24T09:56:03.123+0000][1][safepoint    ] Total time for which application threads were stopped: 0.0041805 seconds, Stopping threads took: 0.0000198 seconds
[2019-06-24T09:56:03.123+0000][1][safepoint    ] Application time: 0.0001567 seconds
[2019-06-24T09:56:03.123+0000][1][safepoint    ] Entering safepoint region: RevokeBias
[2019-06-24T09:56:03.123+0000][1][safepoint    ] Leaving safepoint region
[2019-06-24T09:56:03.124+0000][1][safepoint    ] Total time for which application threads were stopped: 0.0001569 seconds, Stopping threads took: 0.0000830 seconds
[2019-06-24T09:56:03.124+0000][1][safepoint    ] Application time: 0.0000597 seconds
[2019-06-24T09:56:03.124+0000][1][safepoint    ] Entering safepoint region: RevokeBias
[2019-06-24T09:56:03.124+0000][1][safepoint    ] Leaving safepoint region
[2019-06-24T09:56:03.124+0000][1][safepoint    ] Total time for which application threads were stopped: 0.0001078 seconds, Stopping threads took: 0.0000373 seconds
[2019-06-24T09:56:03.124+0000][1][safepoint    ] Application time: 0.0001289 seconds
[2019-06-24T09:56:03.124+0000][1][safepoint    ] Entering safepoint region: BulkRevokeBias
[2019-06-24T09:56:03.124+0000][1][safepoint    ] Leaving safepoint region
[2019-06-24T09:56:03.124+0000][1][safepoint    ] Total time for which application threads were stopped: 0.0004574 seconds, Stopping threads took: 0.0003279 seconds
[2019-06-24T09:56:03.124+0000][1][safepoint    ] Application time: 0.0000796 seconds
[2019-06-24T09:56:03.124+0000][1][safepoint    ] Entering safepoint region: RevokeBias
[2019-06-24T09:56:03.125+0000][1][safepoint    ] Leaving safepoint region
[2019-06-24T09:56:03.125+0000][1][safepoint    ] Total time for which application threads were stopped: 0.0001217 seconds, Stopping threads took: 0.0000680 seconds
[2019-06-24T09:56:03.125+0000][1][safepoint    ] Application time: 0.0000718 seconds
[2019-06-24T09:56:03.125+0000][1][safepoint    ] Entering safepoint region: RevokeBias
[2019-06-24T09:56:03.125+0000][1][safepoint    ] Leaving safepoint region
[2019-06-24T09:56:03.125+0000][1][safepoint    ] Total time for which application threads were stopped: 0.0000931 seconds, Stopping threads took: 0.0000322 seconds
[2019-06-24T09:56:03.125+0000][1][safepoint    ] Application time: 0.0000570 seconds
[2019-06-24T09:56:03.125+0000][1][safepoint    ] Entering safepoint region: RevokeBias
[2019-06-24T09:56:03.125+0000][1][safepoint    ] Leaving safepoint region
[2019-06-24T09:56:03.125+0000][1][safepoint    ] Total time for which application threads were stopped: 0.0000947 seconds, Stopping threads took: 0.0000403 seconds
[2019-06-24T09:56:03.125+0000][1][safepoint    ] Application time: 0.0000574 seconds
[2019-06-24T09:56:03.125+0000][1][safepoint    ] Entering safepoint region: RevokeBias
[2019-06-24T09:56:03.125+0000][1][safepoint    ] Leaving safepoint region
[2019-06-24T09:56:03.125+0000][1][safepoint    ] Total time for which application threads were stopped: 0.0000721 seconds, Stopping threads took: 0.0000113 seconds
[2019-06-24T09:56:03.125+0000][1][safepoint    ] Application time: 0.0001652 seconds
[2019-06-24T09:56:03.125+0000][1][safepoint    ] Entering safepoint region: RevokeBias
[2019-06-24T09:56:03.125+0000][1][safepoint    ] Leaving safepoint region
[2019-06-24T09:56:03.125+0000][1][safepoint    ] Total time for which application threads were stopped: 0.0000776 seconds, Stopping threads took: 0.0000141 seconds
[2019-06-24T09:56:03.125+0000][1][safepoint    ] Application time: 0.0000652 seconds
[2019-06-24T09:56:03.125+0000][1][safepoint    ] Entering safepoint region: RevokeBias
[2019-06-24T09:56:03.126+0000][1][safepoint    ] Leaving safepoint region
[2019-06-24T09:56:03.126+0000][1][safepoint    ] Total time for which application threads were stopped: 0.0000846 seconds, Stopping threads took: 0.0000290 seconds
[2019-06-24T09:56:03.126+0000][1][safepoint    ] Application time: 0.0000552 seconds
[2019-06-24T09:56:03.126+0000][1][safepoint    ] Entering safepoint region: RevokeBias
[2019-06-24T09:56:03.126+0000][1][safepoint    ] Leaving safepoint region
[2019-06-24T09:56:03.126+0000][1][safepoint    ] Total time for which application threads were stopped: 0.0000783 seconds, Stopping threads took: 0.0000162 seconds
[2019-06-24T09:56:03.126+0000][1][safepoint    ] Application time: 0.0000646 seconds
[2019-06-24T09:56:03.126+0000][1][safepoint    ] Entering safepoint region: RevokeBias
[2019-06-24T09:56:03.126+0000][1][safepoint    ] Leaving safepoint region
[2019-06-24T09:56:03.126+0000][1][safepoint    ] Total time for which application threads were stopped: 0.0000703 seconds, Stopping threads took: 0.0000145 seconds
[2019-06-24T09:56:03.126+0000][1][safepoint    ] Application time: 0.0000432 seconds
[2019-06-24T09:56:03.126+0000][1][safepoint    ] Entering safepoint region: RevokeBias
[2019-06-24T09:56:03.126+0000][1][safepoint    ] Leaving safepoint region
[2019-06-24T09:56:03.126+0000][1][safepoint    ] Total time for which application threads were stopped: 0.0001050 seconds, Stopping threads took: 0.0000500 seconds
[2019-06-24T09:56:03.126+0000][1][safepoint    ] Application time: 0.0000652 seconds
[2019-06-24T09:56:03.127+0000][1][safepoint    ] Entering safepoint region: RevokeBias
[2019-06-24T09:56:03.127+0000][1][safepoint    ] Leaving safepoint region
[2019-06-24T09:56:03.127+0000][1][safepoint    ] Total time for which application threads were stopped: 0.0011135 seconds, Stopping threads took: 0.0010178 seconds
[2019-06-24T09:56:03.127+0000][1][safepoint    ] Application time: 0.0000687 seconds
[2019-06-24T09:56:03.129+0000][1][safepoint    ] Entering safepoint region: RevokeBias
[2019-06-24T09:56:03.129+0000][1][safepoint    ] Leaving safepoint region
[2019-06-24T09:56:03.129+0000][1][safepoint    ] Total time for which application threads were stopped: 0.0021612 seconds, Stopping threads took: 0.0019364 seconds
[2019-06-24T09:56:03.130+0000][1][safepoint    ] Application time: 0.0007161 seconds
[2019-06-24T09:56:03.131+0000][1][safepoint    ] Entering safepoint region: RevokeBias
[2019-06-24T09:56:03.131+0000][1][safepoint    ] Leaving safepoint region
[2019-06-24T09:56:03.131+0000][1][safepoint    ] Total time for which application threads were stopped: 0.0006278 seconds, Stopping threads took: 0.0003998 seconds
[2019-06-24T09:56:03.131+0000][1][safepoint    ] Application time: 0.0000724 seconds
[2019-06-24T09:56:03.131+0000][1][safepoint    ] Entering safepoint region: RevokeBias
[2019-06-24T09:56:03.131+0000][1][safepoint    ] Leaving safepoint region
[2019-06-24T09:56:03.131+0000][1][safepoint    ] Total time for which application threads were stopped: 0.0000924 seconds, Stopping threads took: 0.0000390 seconds
[2019-06-24T09:56:03.131+0000][1][safepoint    ] Application time: 0.0001099 seconds
[2019-06-24T09:56:03.131+0000][1][safepoint    ] Entering safepoint region: RevokeBias
[2019-06-24T09:56:03.131+0000][1][safepoint    ] Leaving safepoint region
[2019-06-24T09:56:03.131+0000][1][safepoint    ] Total time for which application threads were stopped: 0.0000768 seconds, Stopping threads took: 0.0000331 seconds
[2019-06-24T09:56:03.131+0000][1][safepoint    ] Application time: 0.0000589 seconds
[2019-06-24T09:56:03.132+0000][1][safepoint    ] Entering safepoint region: RevokeBias
[2019-06-24T09:56:03.132+0000][1][safepoint    ] Leaving safepoint region
[2019-06-24T09:56:03.132+0000][1][safepoint    ] Total time for which application threads were stopped: 0.0000728 seconds, Stopping threads took: 0.0000337 seconds
[2019-06-24T09:56:03.132+0000][1][safepoint    ] Application time: 0.0000469 seconds
[2019-06-24T09:56:03.132+0000][1][safepoint    ] Entering safepoint region: RevokeBias
[2019-06-24T09:56:03.132+0000][1][safepoint    ] Leaving safepoint region
[2019-06-24T09:56:03.132+0000][1][safepoint    ] Total time for which application threads were stopped: 0.0001160 seconds, Stopping threads took: 0.0000639 seconds
[2019-06-24T09:56:03.132+0000][1][safepoint    ] Application time: 0.0000546 seconds
[2019-06-24T09:56:03.132+0000][1][safepoint    ] Entering safepoint region: RevokeBias
[2019-06-24T09:56:03.132+0000][1][safepoint    ] Leaving safepoint region
[2019-06-24T09:56:03.132+0000][1][safepoint    ] Total time for which application threads were stopped: 0.0000766 seconds, Stopping threads took: 0.0000390 seconds
[2019-06-24T09:56:03.132+0000][1][safepoint    ] Application time: 0.0000439 seconds
[2019-06-24T09:56:03.132+0000][1][safepoint    ] Entering safepoint region: RevokeBias
[2019-06-24T09:56:03.132+0000][1][safepoint    ] Leaving safepoint region
[2019-06-24T09:56:03.132+0000][1][safepoint    ] Total time for which application threads were stopped: 0.0000952 seconds, Stopping threads took: 0.0000442 seconds
[2019-06-24T09:56:03.275+0000][1][safepoint    ] Application time: 0.1429854 seconds
[2019-06-24T09:56:03.275+0000][1][safepoint    ] Entering safepoint region: GenCollectForAllocation
[2019-06-24T09:56:03.275+0000][1][gc,start     ] GC(4) Pause Young (Allocation Failure)
[2019-06-24T09:56:03.275+0000][1][gc,task      ] GC(4) Using 5 workers of 8 for evacuation
[2019-06-24T09:56:03.279+0000][1][gc,age       ] GC(4) Desired survivor size 4456448 bytes, new threshold 2 (max threshold 6)
[2019-06-24T09:56:03.279+0000][1][gc,age       ] GC(4) Age table with threshold 2 (max threshold 6)
[2019-06-24T09:56:03.279+0000][1][gc,age       ] GC(4) - age   1:    1635592 bytes,    1635592 total
[2019-06-24T09:56:03.279+0000][1][gc,age       ] GC(4) - age   2:    3304592 bytes,    4940184 total
[2019-06-24T09:56:03.279+0000][1][gc,age       ] GC(4) - age   3:     318104 bytes,    5258288 total
[2019-06-24T09:56:03.279+0000][1][gc,heap      ] GC(4) ParNew: 76794K->7773K(78656K)
[2019-06-24T09:56:03.279+0000][1][gc,heap      ] GC(4) CMS: 6658K->7853K(174784K)
[2019-06-24T09:56:03.279+0000][1][gc,metaspace ] GC(4) Metaspace: 18546K->18546K(1067008K)
[2019-06-24T09:56:03.279+0000][1][gc           ] GC(4) Pause Young (Allocation Failure) 81M->15M(247M) 4.249ms
[2019-06-24T09:56:03.280+0000][1][gc,cpu       ] GC(4) User=0.03s Sys=0.00s Real=0.00s
[2019-06-24T09:56:03.280+0000][1][safepoint    ] Leaving safepoint region
[2019-06-24T09:56:03.280+0000][1][safepoint    ] Total time for which application threads were stopped: 0.0044348 seconds, Stopping threads took: 0.0000597 seconds
[2019-06-24T09:56:03.280+0000][1][safepoint    ] Application time: 0.0001175 seconds
[2019-06-24T09:56:03.280+0000][1][safepoint    ] Entering safepoint region: RevokeBias
[2019-06-24T09:56:03.280+0000][1][safepoint    ] Leaving safepoint region
[2019-06-24T09:56:03.280+0000][1][safepoint    ] Total time for which application threads were stopped: 0.0001313 seconds, Stopping threads took: 0.0000766 seconds
[2019-06-24T09:56:03.280+0000][1][safepoint    ] Application time: 0.0000422 seconds
[2019-06-24T09:56:03.280+0000][1][safepoint    ] Entering safepoint region: RevokeBias
[2019-06-24T09:56:03.280+0000][1][safepoint    ] Leaving safepoint region
[2019-06-24T09:56:03.280+0000][1][safepoint    ] Total time for which application threads were stopped: 0.0000401 seconds, Stopping threads took: 0.0000070 seconds
[2019-06-24T09:56:03.280+0000][1][safepoint    ] Application time: 0.0000665 seconds
[2019-06-24T09:56:03.280+0000][1][safepoint    ] Entering safepoint region: RevokeBias
[2019-06-24T09:56:03.280+0000][1][safepoint    ] Leaving safepoint region
[2019-06-24T09:56:03.280+0000][1][safepoint    ] Total time for which application threads were stopped: 0.0000651 seconds, Stopping threads took: 0.0000303 seconds
[2019-06-24T09:56:03.280+0000][1][safepoint    ] Application time: 0.0000406 seconds
[2019-06-24T09:56:03.280+0000][1][safepoint    ] Entering safepoint region: RevokeBias
[2019-06-24T09:56:03.280+0000][1][safepoint    ] Leaving safepoint region
[2019-06-24T09:56:03.280+0000][1][safepoint    ] Total time for which application threads were stopped: 0.0000503 seconds, Stopping threads took: 0.0000068 seconds
[2019-06-24T09:56:03.309+0000][1][safepoint    ] Application time: 0.0292110 seconds
[2019-06-24T09:56:03.309+0000][1][safepoint    ] Entering safepoint region: Deoptimize
[2019-06-24T09:56:03.310+0000][1][safepoint    ] Leaving safepoint region
[2019-06-24T09:56:03.310+0000][1][safepoint    ] Total time for which application threads were stopped: 0.0003956 seconds, Stopping threads took: 0.0000187 seconds
[2019-06-24T09:56:03.349+0000][1][safepoint    ] Application time: 0.0395535 seconds
[2019-06-24T09:56:03.349+0000][1][safepoint    ] Entering safepoint region: Deoptimize
[2019-06-24T09:56:03.350+0000][1][safepoint    ] Leaving safepoint region
[2019-06-24T09:56:03.350+0000][1][safepoint    ] Total time for which application threads were stopped: 0.0004013 seconds, Stopping threads took: 0.0000177 seconds
[2019-06-24T09:56:03.445+0000][1][safepoint    ] Application time: 0.0956430 seconds
[2019-06-24T09:56:03.446+0000][1][safepoint    ] Entering safepoint region: GenCollectForAllocation
[2019-06-24T09:56:03.446+0000][1][gc,start     ] GC(5) Pause Young (Allocation Failure)
[2019-06-24T09:56:03.446+0000][1][gc,task      ] GC(5) Using 5 workers of 8 for evacuation
[2019-06-24T09:56:03.450+0000][1][gc,age       ] GC(5) Desired survivor size 4456448 bytes, new threshold 6 (max threshold 6)
[2019-06-24T09:56:03.450+0000][1][gc,age       ] GC(5) Age table with threshold 6 (max threshold 6)
[2019-06-24T09:56:03.450+0000][1][gc,age       ] GC(5) - age   1:    2492976 bytes,    2492976 total
[2019-06-24T09:56:03.450+0000][1][gc,age       ] GC(5) - age   2:     446176 bytes,    2939152 total
[2019-06-24T09:56:03.450+0000][1][gc,heap      ] GC(5) ParNew: 77725K->6213K(78656K)
[2019-06-24T09:56:03.450+0000][1][gc,heap      ] GC(5) CMS: 7853K->11422K(174784K)
[2019-06-24T09:56:03.450+0000][1][gc,metaspace ] GC(5) Metaspace: 18904K->18904K(1067008K)
[2019-06-24T09:56:03.450+0000][1][gc           ] GC(5) Pause Young (Allocation Failure) 83M->17M(247M) 4.341ms
[2019-06-24T09:56:03.450+0000][1][gc,cpu       ] GC(5) User=0.02s Sys=0.00s Real=0.00s
[2019-06-24T09:56:03.450+0000][1][safepoint    ] Leaving safepoint region
[2019-06-24T09:56:03.450+0000][1][safepoint    ] Total time for which application threads were stopped: 0.0044889 seconds, Stopping threads took: 0.0000166 seconds
[2019-06-24T09:56:03.450+0000][1][safepoint    ] Application time: 0.0001424 seconds
[2019-06-24T09:56:03.450+0000][1][safepoint    ] Entering safepoint region: RevokeBias
[2019-06-24T09:56:03.450+0000][1][safepoint    ] Leaving safepoint region
[2019-06-24T09:56:03.450+0000][1][safepoint    ] Total time for which application threads were stopped: 0.0001736 seconds, Stopping threads took: 0.0000981 seconds
[2019-06-24T09:56:03.450+0000][1][safepoint    ] Application time: 0.0000455 seconds
[2019-06-24T09:56:03.451+0000][1][safepoint    ] Entering safepoint region: RevokeBias
[2019-06-24T09:56:03.451+0000][1][safepoint    ] Leaving safepoint region
[2019-06-24T09:56:03.451+0000][1][safepoint    ] Total time for which application threads were stopped: 0.0001799 seconds, Stopping threads took: 0.0001274 seconds
[2019-06-24T09:56:03.451+0000][1][safepoint    ] Application time: 0.0000510 seconds
[2019-06-24T09:56:03.451+0000][1][safepoint    ] Entering safepoint region: RevokeBias
[2019-06-24T09:56:03.451+0000][1][safepoint    ] Leaving safepoint region
[2019-06-24T09:56:03.451+0000][1][safepoint    ] Total time for which application threads were stopped: 0.0000455 seconds, Stopping threads took: 0.0000090 seconds
[2019-06-24T09:56:03.451+0000][1][safepoint    ] Application time: 0.0000937 seconds
[2019-06-24T09:56:03.451+0000][1][safepoint    ] Entering safepoint region: RevokeBias
[2019-06-24T09:56:03.451+0000][1][safepoint    ] Leaving safepoint region
[2019-06-24T09:56:03.451+0000][1][safepoint    ] Total time for which application threads were stopped: 0.0000578 seconds, Stopping threads took: 0.0000257 seconds
[2019-06-24T09:56:03.451+0000][1][safepoint    ] Application time: 0.0000454 seconds
[2019-06-24T09:56:03.451+0000][1][safepoint    ] Entering safepoint region: RevokeBias
[2019-06-24T09:56:03.451+0000][1][safepoint    ] Leaving safepoint region
[2019-06-24T09:56:03.451+0000][1][safepoint    ] Total time for which application threads were stopped: 0.0000392 seconds, Stopping threads took: 0.0000084 seconds
[2019-06-24T09:56:03.451+0000][1][safepoint    ] Application time: 0.0000354 seconds
[2019-06-24T09:56:03.451+0000][1][safepoint    ] Entering safepoint region: RevokeBias
[2019-06-24T09:56:03.451+0000][1][safepoint    ] Leaving safepoint region
[2019-06-24T09:56:03.451+0000][1][safepoint    ] Total time for which application threads were stopped: 0.0000385 seconds, Stopping threads took: 0.0000082 seconds
[2019-06-24T09:56:03.526+0000][1][safepoint    ] Application time: 0.0752941 seconds
[2019-06-24T09:56:03.526+0000][1][safepoint    ] Entering safepoint region: RevokeBias
[2019-06-24T09:56:03.527+0000][1][safepoint    ] Leaving safepoint region
[2019-06-24T09:56:03.527+0000][1][safepoint    ] Total time for which application threads were stopped: 0.0001361 seconds, Stopping threads took: 0.0000360 seconds
[2019-06-24T09:56:03.527+0000][1][safepoint    ] Application time: 0.0001540 seconds
[2019-06-24T09:56:03.527+0000][1][safepoint    ] Entering safepoint region: BulkRevokeBias
[2019-06-24T09:56:03.527+0000][1][safepoint    ] Leaving safepoint region
[2019-06-24T09:56:03.527+0000][1][safepoint    ] Total time for which application threads were stopped: 0.0001161 seconds, Stopping threads took: 0.0000110 seconds
[2019-06-24T09:56:03.550+0000][1][safepoint    ] Application time: 0.0232984 seconds
[2019-06-24T09:56:03.550+0000][1][safepoint    ] Entering safepoint region: GenCollectForAllocation
[2019-06-24T09:56:03.550+0000][1][gc,start     ] GC(6) Pause Young (Allocation Failure)
[2019-06-24T09:56:03.550+0000][1][gc,task      ] GC(6) Using 5 workers of 8 for evacuation
[2019-06-24T09:56:03.553+0000][1][gc,age       ] GC(6) Desired survivor size 4456448 bytes, new threshold 6 (max threshold 6)
[2019-06-24T09:56:03.553+0000][1][gc,age       ] GC(6) Age table with threshold 6 (max threshold 6)
[2019-06-24T09:56:03.553+0000][1][gc,age       ] GC(6) - age   1:    1481680 bytes,    1481680 total
[2019-06-24T09:56:03.553+0000][1][gc,age       ] GC(6) - age   2:    2196632 bytes,    3678312 total
[2019-06-24T09:56:03.553+0000][1][gc,age       ] GC(6) - age   3:     446176 bytes,    4124488 total
[2019-06-24T09:56:03.553+0000][1][gc,heap      ] GC(6) ParNew: 76165K->4824K(78656K)
[2019-06-24T09:56:03.553+0000][1][gc,heap      ] GC(6) CMS: 11422K->11422K(174784K)
[2019-06-24T09:56:03.553+0000][1][gc,metaspace ] GC(6) Metaspace: 19211K->19211K(1067008K)
[2019-06-24T09:56:03.553+0000][1][gc           ] GC(6) Pause Young (Allocation Failure) 85M->15M(247M) 2.429ms
[2019-06-24T09:56:03.553+0000][1][gc,cpu       ] GC(6) User=0.02s Sys=0.00s Real=0.00s
[2019-06-24T09:56:03.553+0000][1][safepoint    ] Leaving safepoint region
[2019-06-24T09:56:03.553+0000][1][safepoint    ] Total time for which application threads were stopped: 0.0025769 seconds, Stopping threads took: 0.0000149 seconds
[2019-06-24T09:56:03.553+0000][1][safepoint    ] Application time: 0.0001248 seconds
[2019-06-24T09:56:03.553+0000][1][safepoint    ] Entering safepoint region: BulkRevokeBias
[2019-06-24T09:56:03.553+0000][1][safepoint    ] Leaving safepoint region
[2019-06-24T09:56:03.553+0000][1][safepoint    ] Total time for which application threads were stopped: 0.0001322 seconds, Stopping threads took: 0.0000480 seconds
[2019-06-24T09:56:03.705+0000][1][safepoint    ] Application time: 0.1521424 seconds
[2019-06-24T09:56:03.705+0000][1][safepoint    ] Entering safepoint region: GenCollectForAllocation
[2019-06-24T09:56:03.705+0000][1][gc,start     ] GC(7) Pause Young (Allocation Failure)
[2019-06-24T09:56:03.705+0000][1][gc,task      ] GC(7) Using 5 workers of 8 for evacuation
[2019-06-24T09:56:03.709+0000][1][gc,age       ] GC(7) Desired survivor size 4456448 bytes, new threshold 4 (max threshold 6)
[2019-06-24T09:56:03.709+0000][1][gc,age       ] GC(7) Age table with threshold 4 (max threshold 6)
[2019-06-24T09:56:03.709+0000][1][gc,age       ] GC(7) - age   1:     696376 bytes,     696376 total
[2019-06-24T09:56:03.709+0000][1][gc,age       ] GC(7) - age   2:    1129912 bytes,    1826288 total
[2019-06-24T09:56:03.709+0000][1][gc,age       ] GC(7) - age   3:    2194624 bytes,    4020912 total
[2019-06-24T09:56:03.709+0000][1][gc,age       ] GC(7) - age   4:     446176 bytes,    4467088 total
[2019-06-24T09:56:03.709+0000][1][gc,heap      ] GC(7) ParNew: 74776K->6062K(78656K)
[2019-06-24T09:56:03.709+0000][1][gc,heap      ] GC(7) CMS: 11422K->11422K(174784K)
[2019-06-24T09:56:03.709+0000][1][gc,metaspace ] GC(7) Metaspace: 20036K->20036K(1067008K)
[2019-06-24T09:56:03.709+0000][1][gc           ] GC(7) Pause Young (Allocation Failure) 84M->17M(247M) 3.643ms
[2019-06-24T09:56:03.709+0000][1][gc,cpu       ] GC(7) User=0.03s Sys=0.00s Real=0.00s
[2019-06-24T09:56:03.709+0000][1][safepoint    ] Leaving safepoint region
[2019-06-24T09:56:03.709+0000][1][safepoint    ] Total time for which application threads were stopped: 0.0038044 seconds, Stopping threads took: 0.0000234 seconds
[2019-06-24T09:56:03.717+0000][1][safepoint    ] Application time: 0.0075137 seconds
[2019-06-24T09:56:03.717+0000][1][safepoint    ] Entering safepoint region: CollectForMetadataAllocation
[2019-06-24T09:56:03.717+0000][1][safepoint    ] Leaving safepoint region
[2019-06-24T09:56:03.717+0000][1][safepoint    ] Total time for which application threads were stopped: 0.0002230 seconds, Stopping threads took: 0.0000350 seconds
[2019-06-24T09:56:03.828+0000][1][safepoint    ] Application time: 0.1113534 seconds
[2019-06-24T09:56:03.828+0000][1][safepoint    ] Entering safepoint region: GenCollectForAllocation
[2019-06-24T09:56:03.828+0000][1][gc,start     ] GC(8) Pause Young (Allocation Failure)
[2019-06-24T09:56:03.828+0000][1][gc,task      ] GC(8) Using 5 workers of 8 for evacuation
[2019-06-24T09:56:03.832+0000][1][gc,age       ] GC(8) Desired survivor size 4456448 bytes, new threshold 4 (max threshold 6)
[2019-06-24T09:56:03.832+0000][1][gc,age       ] GC(8) Age table with threshold 4 (max threshold 6)
[2019-06-24T09:56:03.832+0000][1][gc,age       ] GC(8) - age   1:     815424 bytes,     815424 total
[2019-06-24T09:56:03.832+0000][1][gc,age       ] GC(8) - age   2:     675312 bytes,    1490736 total
[2019-06-24T09:56:03.832+0000][1][gc,age       ] GC(8) - age   3:    1129816 bytes,    2620552 total
[2019-06-24T09:56:03.832+0000][1][gc,age       ] GC(8) - age   4:    2194336 bytes,    4814888 total
[2019-06-24T09:56:03.832+0000][1][gc,heap      ] GC(8) ParNew: 76014K->5859K(78656K)
[2019-06-24T09:56:03.832+0000][1][gc,heap      ] GC(8) CMS: 11422K->11862K(174784K)
[2019-06-24T09:56:03.832+0000][1][gc,metaspace ] GC(8) Metaspace: 20263K->20263K(1069056K)
[2019-06-24T09:56:03.832+0000][1][gc           ] GC(8) Pause Young (Allocation Failure) 85M->17M(247M) 3.812ms
[2019-06-24T09:56:03.832+0000][1][gc,cpu       ] GC(8) User=0.02s Sys=0.00s Real=0.00s
[2019-06-24T09:56:03.832+0000][1][safepoint    ] Leaving safepoint region
[2019-06-24T09:56:03.832+0000][1][safepoint    ] Total time for which application threads were stopped: 0.0039694 seconds, Stopping threads took: 0.0000182 seconds
[2019-06-24T09:56:03.832+0000][1][safepoint    ] Application time: 0.0000921 seconds
[2019-06-24T09:56:03.832+0000][1][safepoint    ] Entering safepoint region: CMS_Initial_Mark
[2019-06-24T09:56:03.832+0000][1][gc,start     ] GC(9) Pause Initial Mark
[2019-06-24T09:56:03.834+0000][1][gc           ] GC(9) Pause Initial Mark 18M->18M(247M) 1.229ms
[2019-06-24T09:56:03.834+0000][1][gc,cpu       ] GC(9) User=0.01s Sys=0.00s Real=0.00s
[2019-06-24T09:56:03.834+0000][1][safepoint    ] Leaving safepoint region
[2019-06-24T09:56:03.834+0000][1][safepoint    ] Total time for which application threads were stopped: 0.0013620 seconds, Stopping threads took: 0.0000464 seconds
[2019-06-24T09:56:03.834+0000][1][gc           ] GC(9) Concurrent Mark
[2019-06-24T09:56:03.834+0000][1][gc,task      ] GC(9) Using 2 workers of 2 for marking
[2019-06-24T09:56:03.845+0000][1][gc           ] GC(9) Concurrent Mark 11.154ms
[2019-06-24T09:56:03.845+0000][1][gc,cpu       ] GC(9) User=0.06s Sys=0.00s Real=0.02s
[2019-06-24T09:56:03.845+0000][1][gc           ] GC(9) Concurrent Preclean
[2019-06-24T09:56:03.846+0000][1][gc           ] GC(9) Concurrent Preclean 0.812ms
[2019-06-24T09:56:03.846+0000][1][gc,cpu       ] GC(9) User=0.00s Sys=0.00s Real=0.00s
[2019-06-24T09:56:03.846+0000][1][gc           ] GC(9) Concurrent Abortable Preclean
[2019-06-24T09:56:03.864+0000][1][safepoint    ] Application time: 0.0299890 seconds
[2019-06-24T09:56:03.864+0000][1][safepoint    ] Entering safepoint region: CollectForMetadataAllocation
[2019-06-24T09:56:03.864+0000][1][safepoint    ] Leaving safepoint region
[2019-06-24T09:56:03.864+0000][1][safepoint    ] Total time for which application threads were stopped: 0.0001868 seconds, Stopping threads took: 0.0000148 seconds
[2019-06-24T09:56:03.909+0000][1][safepoint    ] Application time: 0.0451515 seconds
[2019-06-24T09:56:03.909+0000][1][safepoint    ] Entering safepoint region: GenCollectForAllocation
[2019-06-24T09:56:03.909+0000][1][gc,start     ] GC(10) Pause Young (Allocation Failure)
[2019-06-24T09:56:03.909+0000][1][gc,task      ] GC(10) Using 5 workers of 8 for evacuation
[2019-06-24T09:56:03.913+0000][1][gc,age       ] GC(10) Desired survivor size 4456448 bytes, new threshold 6 (max threshold 6)
[2019-06-24T09:56:03.914+0000][1][gc,age       ] GC(10) Age table with threshold 6 (max threshold 6)
[2019-06-24T09:56:03.914+0000][1][gc,age       ] GC(10) - age   1:     302120 bytes,     302120 total
[2019-06-24T09:56:03.914+0000][1][gc,age       ] GC(10) - age   2:     324296 bytes,     626416 total
[2019-06-24T09:56:03.914+0000][1][gc,age       ] GC(10) - age   3:     675192 bytes,    1301608 total
[2019-06-24T09:56:03.914+0000][1][gc,age       ] GC(10) - age   4:    1129816 bytes,    2431424 total
[2019-06-24T09:56:03.914+0000][1][gc,heap      ] GC(10) ParNew: 75811K->4055K(78656K)
[2019-06-24T09:56:03.914+0000][1][gc,heap      ] GC(10) CMS: 11862K->14019K(174784K)
[2019-06-24T09:56:03.914+0000][1][gc,metaspace ] GC(10) Metaspace: 20371K->20371K(1069056K)
[2019-06-24T09:56:03.914+0000][1][gc           ] GC(10) Pause Young (Allocation Failure) 85M->17M(247M) 4.423ms
[2019-06-24T09:56:03.914+0000][1][gc,cpu       ] GC(10) User=0.02s Sys=0.01s Real=0.00s
[2019-06-24T09:56:03.914+0000][1][safepoint    ] Leaving safepoint region
[2019-06-24T09:56:03.914+0000][1][safepoint    ] Total time for which application threads were stopped: 0.0045644 seconds, Stopping threads took: 0.0000165 seconds
[2019-06-24T09:56:04.030+0000][1][safepoint    ] Application time: 0.1166288 seconds
[2019-06-24T09:56:04.030+0000][1][safepoint    ] Entering safepoint region: GenCollectForAllocation
[2019-06-24T09:56:04.031+0000][1][gc,start     ] GC(11) Pause Young (Allocation Failure)
[2019-06-24T09:56:04.031+0000][1][gc,task      ] GC(11) Using 5 workers of 8 for evacuation
[2019-06-24T09:56:04.037+0000][1][gc,age       ] GC(11) Desired survivor size 4456448 bytes, new threshold 6 (max threshold 6)
[2019-06-24T09:56:04.037+0000][1][gc,age       ] GC(11) Age table with threshold 6 (max threshold 6)
[2019-06-24T09:56:04.037+0000][1][gc,age       ] GC(11) - age   1:    1929416 bytes,    1929416 total
[2019-06-24T09:56:04.037+0000][1][gc,age       ] GC(11) - age   2:      99208 bytes,    2028624 total
[2019-06-24T09:56:04.037+0000][1][gc,age       ] GC(11) - age   3:     324296 bytes,    2352920 total
[2019-06-24T09:56:04.037+0000][1][gc,age       ] GC(11) - age   4:     675040 bytes,    3027960 total
[2019-06-24T09:56:04.037+0000][1][gc,age       ] GC(11) - age   5:    1129528 bytes,    4157488 total
[2019-06-24T09:56:04.037+0000][1][gc,heap      ] GC(11) ParNew: 74007K->5041K(78656K)
[2019-06-24T09:56:04.037+0000][1][gc,heap      ] GC(11) CMS: 14019K->14019K(174784K)
[2019-06-24T09:56:04.037+0000][1][gc,metaspace ] GC(11) Metaspace: 20453K->20453K(1069056K)
[2019-06-24T09:56:04.037+0000][1][gc           ] GC(11) Pause Young (Allocation Failure) 85M->18M(247M) 6.503ms
[2019-06-24T09:56:04.037+0000][1][gc,cpu       ] GC(11) User=0.03s Sys=0.00s Real=0.01s
[2019-06-24T09:56:04.037+0000][1][safepoint    ] Leaving safepoint region
[2019-06-24T09:56:04.037+0000][1][safepoint    ] Total time for which application threads were stopped: 0.0067490 seconds, Stopping threads took: 0.0000233 seconds
[2019-06-24T09:56:04.103+0000][1][safepoint    ] Application time: 0.0654409 seconds
[2019-06-24T09:56:04.103+0000][1][safepoint    ] Entering safepoint region: CollectForMetadataAllocation
[2019-06-24T09:56:04.103+0000][1][safepoint    ] Leaving safepoint region
[2019-06-24T09:56:04.103+0000][1][safepoint    ] Total time for which application threads were stopped: 0.0001531 seconds, Stopping threads took: 0.0000329 seconds
[2019-06-24T09:56:04.117+0000][1][safepoint    ] Application time: 0.0145800 seconds
[2019-06-24T09:56:04.117+0000][1][safepoint    ] Entering safepoint region: Deoptimize
[2019-06-24T09:56:04.118+0000][1][safepoint    ] Leaving safepoint region
[2019-06-24T09:56:04.118+0000][1][safepoint    ] Total time for which application threads were stopped: 0.0003264 seconds, Stopping threads took: 0.0000131 seconds
[2019-06-24T09:56:04.119+0000][1][gc           ] GC(9) Concurrent Abortable Preclean 272.654ms
[2019-06-24T09:56:04.119+0000][1][gc,cpu       ] GC(9) User=1.23s Sys=0.03s Real=0.27s
[2019-06-24T09:56:04.119+0000][1][safepoint    ] Application time: 0.0008547 seconds
[2019-06-24T09:56:04.119+0000][1][safepoint    ] Entering safepoint region: CMS_Final_Remark
[2019-06-24T09:56:04.119+0000][1][gc,start     ] GC(9) Pause Remark
[2019-06-24T09:56:04.132+0000][1][gc           ] GC(9) Pause Remark 55M->55M(247M) 13.292ms
[2019-06-24T09:56:04.132+0000][1][gc,cpu       ] GC(9) User=0.06s Sys=0.01s Real=0.01s
[2019-06-24T09:56:04.132+0000][1][safepoint    ] Leaving safepoint region
[2019-06-24T09:56:04.132+0000][1][safepoint    ] Total time for which application threads were stopped: 0.0135171 seconds, Stopping threads took: 0.0001147 seconds
[2019-06-24T09:56:04.132+0000][1][gc           ] GC(9) Concurrent Sweep
[2019-06-24T09:56:04.140+0000][1][gc           ] GC(9) Concurrent Sweep 7.953ms
[2019-06-24T09:56:04.140+0000][1][gc,cpu       ] GC(9) User=0.04s Sys=0.00s Real=0.01s
[2019-06-24T09:56:04.140+0000][1][gc           ] GC(9) Concurrent Reset
[2019-06-24T09:56:04.141+0000][1][gc           ] GC(9) Concurrent Reset 0.464ms
[2019-06-24T09:56:04.141+0000][1][gc,cpu       ] GC(9) User=0.00s Sys=0.00s Real=0.00s
[2019-06-24T09:56:04.141+0000][1][gc,heap      ] GC(9) Old: 11862K->13993K(174784K)
[2019-06-24T09:56:04.483+0000][1][safepoint    ] Application time: 0.3507380 seconds
[2019-06-24T09:56:04.483+0000][1][safepoint    ] Entering safepoint region: Deoptimize
[2019-06-24T09:56:04.484+0000][1][safepoint    ] Leaving safepoint region
[2019-06-24T09:56:04.484+0000][1][safepoint    ] Total time for which application threads were stopped: 0.0008483 seconds, Stopping threads took: 0.0000275 seconds
[2019-06-24T09:56:04.493+0000][1][safepoint    ] Application time: 0.0093427 seconds
[2019-06-24T09:56:04.493+0000][1][safepoint    ] Entering safepoint region: Deoptimize
[2019-06-24T09:56:04.493+0000][1][safepoint    ] Leaving safepoint region
[2019-06-24T09:56:04.493+0000][1][safepoint    ] Total time for which application threads were stopped: 0.0002563 seconds, Stopping threads took: 0.0000107 seconds
[2019-06-24T09:56:04.497+0000][1][safepoint    ] Application time: 0.0032500 seconds
[2019-06-24T09:56:04.497+0000][1][safepoint    ] Entering safepoint region: Deoptimize
[2019-06-24T09:56:04.497+0000][1][safepoint    ] Leaving safepoint region
[2019-06-24T09:56:04.497+0000][1][safepoint    ] Total time for which application threads were stopped: 0.0002693 seconds, Stopping threads took: 0.0000106 seconds
[2019-06-24T09:56:04.581+0000][1][safepoint    ] Application time: 0.0839123 seconds
[2019-06-24T09:56:04.581+0000][1][safepoint    ] Entering safepoint region: GenCollectForAllocation
[2019-06-24T09:56:04.581+0000][1][gc,start     ] GC(12) Pause Young (Allocation Failure)
[2019-06-24T09:56:04.581+0000][1][gc,task      ] GC(12) Using 5 workers of 8 for evacuation
[2019-06-24T09:56:04.586+0000][1][gc,age       ] GC(12) Desired survivor size 4456448 bytes, new threshold 5 (max threshold 6)
[2019-06-24T09:56:04.586+0000][1][gc,age       ] GC(12) Age table with threshold 5 (max threshold 6)
[2019-06-24T09:56:04.586+0000][1][gc,age       ] GC(12) - age   1:    3517512 bytes,    3517512 total
[2019-06-24T09:56:04.586+0000][1][gc,age       ] GC(12) - age   2:     344976 bytes,    3862488 total
[2019-06-24T09:56:04.586+0000][1][gc,age       ] GC(12) - age   3:      98944 bytes,    3961432 total
[2019-06-24T09:56:04.586+0000][1][gc,age       ] GC(12) - age   4:     324232 bytes,    4285664 total
[2019-06-24T09:56:04.586+0000][1][gc,age       ] GC(12) - age   5:     669744 bytes,    4955408 total
[2019-06-24T09:56:04.586+0000][1][gc,age       ] GC(12) - age   6:    1129368 bytes,    6084776 total
[2019-06-24T09:56:04.587+0000][1][gc,heap      ] GC(12) ParNew: 74993K->7874K(78656K)
[2019-06-24T09:56:04.587+0000][1][gc,heap      ] GC(12) CMS: 13993K->13993K(174784K)
[2019-06-24T09:56:04.587+0000][1][gc,metaspace ] GC(12) Metaspace: 26260K->26260K(1073152K)
[2019-06-24T09:56:04.587+0000][1][gc           ] GC(12) Pause Young (Allocation Failure) 86M->21M(247M) 5.565ms
[2019-06-24T09:56:04.587+0000][1][gc,cpu       ] GC(12) User=0.04s Sys=0.00s Real=0.01s
[2019-06-24T09:56:04.587+0000][1][safepoint    ] Leaving safepoint region
[2019-06-24T09:56:04.587+0000][1][safepoint    ] Total time for which application threads were stopped: 0.0057125 seconds, Stopping threads took: 0.0000265 seconds
[2019-06-24T09:56:04.840+0000][1][safepoint    ] Application time: 0.2528740 seconds
[2019-06-24T09:56:04.840+0000][1][safepoint    ] Entering safepoint region: RevokeBias
[2019-06-24T09:56:04.841+0000][1][safepoint    ] Leaving safepoint region
[2019-06-24T09:56:04.841+0000][1][safepoint    ] Total time for which application threads were stopped: 0.0012327 seconds, Stopping threads took: 0.0000310 seconds
[2019-06-24T09:56:05.528+0000][1][safepoint    ] Application time: 0.6874910 seconds
[2019-06-24T09:56:05.528+0000][1][safepoint    ] Entering safepoint region: GenCollectForAllocation
[2019-06-24T09:56:05.529+0000][1][gc,start     ] GC(13) Pause Young (Allocation Failure)
[2019-06-24T09:56:05.529+0000][1][gc,task      ] GC(13) Using 5 workers of 8 for evacuation
[2019-06-24T09:56:05.561+0000][1][gc,age       ] GC(13) Desired survivor size 4456448 bytes, new threshold 1 (max threshold 6)
[2019-06-24T09:56:05.561+0000][1][gc,age       ] GC(13) Age table with threshold 1 (max threshold 6)
[2019-06-24T09:56:05.561+0000][1][gc,age       ] GC(13) - age   1:    5065592 bytes,    5065592 total
[2019-06-24T09:56:05.561+0000][1][gc,age       ] GC(13) - age   2:    3080736 bytes,    8146328 total
[2019-06-24T09:56:05.561+0000][1][gc,age       ] GC(13) - age   3:     344744 bytes,    8491072 total
[2019-06-24T09:56:05.561+0000][1][gc,age       ] GC(13) - age   4:      98944 bytes,    8590016 total
[2019-06-24T09:56:05.561+0000][1][gc,age       ] GC(13) - age   5:     324232 bytes,    8914248 total
[2019-06-24T09:56:05.561+0000][1][gc,heap      ] GC(13) ParNew: 77826K->8704K(78656K)
[2019-06-24T09:56:05.561+0000][1][gc,heap      ] GC(13) CMS: 13993K->26168K(174784K)
[2019-06-24T09:56:05.561+0000][1][gc,metaspace ] GC(13) Metaspace: 26918K->26918K(1075200K)
[2019-06-24T09:56:05.561+0000][1][gc           ] GC(13) Pause Young (Allocation Failure) 89M->34M(247M) 32.203ms
[2019-06-24T09:56:05.561+0000][1][gc,cpu       ] GC(13) User=0.19s Sys=0.00s Real=0.03s
[2019-06-24T09:56:05.561+0000][1][safepoint    ] Leaving safepoint region
[2019-06-24T09:56:05.561+0000][1][safepoint    ] Total time for which application threads were stopped: 0.0323677 seconds, Stopping threads took: 0.0000162 seconds
[2019-06-24T09:56:06.042+0000][1][safepoint    ] Application time: 0.4808357 seconds
[2019-06-24T09:56:06.042+0000][1][safepoint    ] Entering safepoint region: GenCollectForAllocation
[2019-06-24T09:56:06.042+0000][1][gc,start     ] GC(14) Pause Young (Allocation Failure)
[2019-06-24T09:56:06.042+0000][1][gc,task      ] GC(14) Using 5 workers of 8 for evacuation
[2019-06-24T09:56:06.066+0000][1][gc,age       ] GC(14) Desired survivor size 4456448 bytes, new threshold 1 (max threshold 6)
[2019-06-24T09:56:06.066+0000][1][gc,age       ] GC(14) Age table with threshold 1 (max threshold 6)
[2019-06-24T09:56:06.066+0000][1][gc,age       ] GC(14) - age   1:    8912688 bytes,    8912688 total
[2019-06-24T09:56:06.066+0000][1][gc,heap      ] GC(14) ParNew: 78656K->8704K(78656K)
[2019-06-24T09:56:06.066+0000][1][gc,heap      ] GC(14) CMS: 26168K->38823K(174784K)
[2019-06-24T09:56:06.066+0000][1][gc,metaspace ] GC(14) Metaspace: 26950K->26950K(1075200K)
[2019-06-24T09:56:06.066+0000][1][gc           ] GC(14) Pause Young (Allocation Failure) 102M->46M(247M) 24.309ms
[2019-06-24T09:56:06.066+0000][1][gc,cpu       ] GC(14) User=0.17s Sys=0.00s Real=0.03s
[2019-06-24T09:56:06.066+0000][1][safepoint    ] Leaving safepoint region
[2019-06-24T09:56:06.066+0000][1][safepoint    ] Total time for which application threads were stopped: 0.0244396 seconds, Stopping threads took: 0.0000275 seconds
[2019-06-24T09:56:06.244+0000][1][safepoint    ] Application time: 0.1774972 seconds
[2019-06-24T09:56:06.244+0000][1][safepoint    ] Entering safepoint region: Deoptimize
[2019-06-24T09:56:06.244+0000][1][safepoint    ] Leaving safepoint region
[2019-06-24T09:56:06.244+0000][1][safepoint    ] Total time for which application threads were stopped: 0.0004467 seconds, Stopping threads took: 0.0000219 seconds
[2019-06-24T09:56:06.426+0000][1][safepoint    ] Application time: 0.1822094 seconds
[2019-06-24T09:56:06.426+0000][1][safepoint    ] Entering safepoint region: RevokeBias
[2019-06-24T09:56:06.427+0000][1][safepoint    ] Leaving safepoint region
[2019-06-24T09:56:06.427+0000][1][safepoint    ] Total time for which application threads were stopped: 0.0001542 seconds, Stopping threads took: 0.0000162 seconds
[2019-06-24T09:56:06.730+0000][1][safepoint    ] Application time: 0.3035371 seconds
[2019-06-24T09:56:06.730+0000][1][safepoint    ] Entering safepoint region: RevokeBias
[2019-06-24T09:56:06.730+0000][1][safepoint    ] Leaving safepoint region
[2019-06-24T09:56:06.730+0000][1][safepoint    ] Total time for which application threads were stopped: 0.0001384 seconds, Stopping threads took: 0.0000198 seconds
[2019-06-24T09:56:06.733+0000][1][safepoint    ] Application time: 0.0027409 seconds
[2019-06-24T09:56:06.733+0000][1][safepoint    ] Entering safepoint region: RevokeBias
[2019-06-24T09:56:06.733+0000][1][safepoint    ] Leaving safepoint region
[2019-06-24T09:56:06.733+0000][1][safepoint    ] Total time for which application threads were stopped: 0.0000813 seconds, Stopping threads took: 0.0000173 seconds
[2019-06-24T09:56:06.967+0000][1][safepoint    ] Application time: 0.2335049 seconds
[2019-06-24T09:56:06.967+0000][1][safepoint    ] Entering safepoint region: GenCollectForAllocation
[2019-06-24T09:56:06.967+0000][1][gc,start     ] GC(15) Pause Young (Allocation Failure)
[2019-06-24T09:56:06.967+0000][1][gc,task      ] GC(15) Using 5 workers of 8 for evacuation
[2019-06-24T09:56:06.993+0000][1][gc,age       ] GC(15) Desired survivor size 4456448 bytes, new threshold 1 (max threshold 6)
[2019-06-24T09:56:06.993+0000][1][gc,age       ] GC(15) Age table with threshold 1 (max threshold 6)
[2019-06-24T09:56:06.993+0000][1][gc,age       ] GC(15) - age   1:    6560128 bytes,    6560128 total
[2019-06-24T09:56:06.993+0000][1][gc,heap      ] GC(15) ParNew: 78656K->8704K(78656K)
[2019-06-24T09:56:06.993+0000][1][gc,heap      ] GC(15) CMS: 38823K->48859K(174784K)
[2019-06-24T09:56:06.993+0000][1][gc,metaspace ] GC(15) Metaspace: 32081K->32081K(1079296K)
[2019-06-24T09:56:06.993+0000][1][gc           ] GC(15) Pause Young (Allocation Failure) 114M->56M(247M) 26.481ms
[2019-06-24T09:56:06.993+0000][1][gc,cpu       ] GC(15) User=0.16s Sys=0.00s Real=0.02s
[2019-06-24T09:56:06.993+0000][1][safepoint    ] Leaving safepoint region
[2019-06-24T09:56:06.993+0000][1][safepoint    ] Total time for which application threads were stopped: 0.0267298 seconds, Stopping threads took: 0.0000201 seconds
[2019-06-24T09:56:07.214+0000][1][safepoint    ] Application time: 0.2203465 seconds
[2019-06-24T09:56:07.214+0000][1][safepoint    ] Entering safepoint region: GenCollectForAllocation
[2019-06-24T09:56:07.214+0000][1][gc,start     ] GC(16) Pause Young (Allocation Failure)
[2019-06-24T09:56:07.214+0000][1][gc,task      ] GC(16) Using 5 workers of 8 for evacuation
[2019-06-24T09:56:07.229+0000][1][gc,age       ] GC(16) Desired survivor size 4456448 bytes, new threshold 6 (max threshold 6)
[2019-06-24T09:56:07.229+0000][1][gc,age       ] GC(16) Age table with threshold 6 (max threshold 6)
[2019-06-24T09:56:07.229+0000][1][gc,age       ] GC(16) - age   1:     342848 bytes,     342848 total
[2019-06-24T09:56:07.229+0000][1][gc,heap      ] GC(16) ParNew: 78656K->6921K(78656K)
[2019-06-24T09:56:07.229+0000][1][gc,heap      ] GC(16) CMS: 48859K->55313K(174784K)
[2019-06-24T09:56:07.229+0000][1][gc,metaspace ] GC(16) Metaspace: 32781K->32781K(1079296K)
[2019-06-24T09:56:07.229+0000][1][gc           ] GC(16) Pause Young (Allocation Failure) 124M->60M(247M) 15.052ms
[2019-06-24T09:56:07.229+0000][1][gc,cpu       ] GC(16) User=0.09s Sys=0.00s Real=0.02s
[2019-06-24T09:56:07.229+0000][1][safepoint    ] Leaving safepoint region
[2019-06-24T09:56:07.229+0000][1][safepoint    ] Total time for which application threads were stopped: 0.0152993 seconds, Stopping threads took: 0.0000235 seconds
[2019-06-24T09:56:07.584+0000][1][safepoint    ] Application time: 0.3547206 seconds
[2019-06-24T09:56:07.584+0000][1][safepoint    ] Entering safepoint region: CollectForMetadataAllocation
[2019-06-24T09:56:07.584+0000][1][safepoint    ] Leaving safepoint region
[2019-06-24T09:56:07.584+0000][1][safepoint    ] Total time for which application threads were stopped: 0.0001715 seconds, Stopping threads took: 0.0000122 seconds
[2019-06-24T09:56:07.634+0000][1][safepoint    ] Application time: 0.0497932 seconds
[2019-06-24T09:56:07.634+0000][1][safepoint    ] Entering safepoint region: CollectForMetadataAllocation
[2019-06-24T09:56:07.634+0000][1][safepoint    ] Leaving safepoint region
[2019-06-24T09:56:07.634+0000][1][safepoint    ] Total time for which application threads were stopped: 0.0002053 seconds, Stopping threads took: 0.0000189 seconds
[2019-06-24T09:56:07.664+0000][1][safepoint    ] Application time: 0.0302950 seconds
[2019-06-24T09:56:07.665+0000][1][safepoint    ] Entering safepoint region: CollectForMetadataAllocation
[2019-06-24T09:56:07.665+0000][1][safepoint    ] Leaving safepoint region
[2019-06-24T09:56:07.665+0000][1][safepoint    ] Total time for which application threads were stopped: 0.0003179 seconds, Stopping threads took: 0.0000484 seconds
[2019-06-24T09:56:07.698+0000][1][safepoint    ] Application time: 0.0335463 seconds
[2019-06-24T09:56:07.699+0000][1][safepoint    ] Entering safepoint region: CollectForMetadataAllocation
[2019-06-24T09:56:07.699+0000][1][safepoint    ] Leaving safepoint region
[2019-06-24T09:56:07.699+0000][1][safepoint    ] Total time for which application threads were stopped: 0.0002038 seconds, Stopping threads took: 0.0000223 seconds
[2019-06-24T09:56:07.734+0000][1][safepoint    ] Application time: 0.0349669 seconds
[2019-06-24T09:56:07.734+0000][1][safepoint    ] Entering safepoint region: CollectForMetadataAllocation
[2019-06-24T09:56:07.734+0000][1][safepoint    ] Leaving safepoint region
[2019-06-24T09:56:07.734+0000][1][safepoint    ] Total time for which application threads were stopped: 0.0001726 seconds, Stopping threads took: 0.0000148 seconds
[2019-06-24T09:56:07.766+0000][1][safepoint    ] Application time: 0.0323468 seconds
[2019-06-24T09:56:07.766+0000][1][safepoint    ] Entering safepoint region: CollectForMetadataAllocation
[2019-06-24T09:56:07.767+0000][1][safepoint    ] Leaving safepoint region
[2019-06-24T09:56:07.767+0000][1][safepoint    ] Total time for which application threads were stopped: 0.0002455 seconds, Stopping threads took: 0.0000143 seconds
[2019-06-24T09:56:07.796+0000][1][safepoint    ] Application time: 0.0290431 seconds
[2019-06-24T09:56:07.796+0000][1][safepoint    ] Entering safepoint region: CollectForMetadataAllocation
[2019-06-24T09:56:07.796+0000][1][safepoint    ] Leaving safepoint region
[2019-06-24T09:56:07.796+0000][1][safepoint    ] Total time for which application threads were stopped: 0.0002112 seconds, Stopping threads took: 0.0000204 seconds
[2019-06-24T09:56:07.824+0000][1][safepoint    ] Application time: 0.0280557 seconds
[2019-06-24T09:56:07.824+0000][1][safepoint    ] Entering safepoint region: CollectForMetadataAllocation
[2019-06-24T09:56:07.824+0000][1][safepoint    ] Leaving safepoint region
[2019-06-24T09:56:07.824+0000][1][safepoint    ] Total time for which application threads were stopped: 0.0003643 seconds, Stopping threads took: 0.0000252 seconds
[2019-06-24T09:56:07.842+0000][1][safepoint    ] Application time: 0.0177012 seconds
[2019-06-24T09:56:07.842+0000][1][safepoint    ] Entering safepoint region: RevokeBias
[2019-06-24T09:56:07.842+0000][1][safepoint    ] Leaving safepoint region
[2019-06-24T09:56:07.842+0000][1][safepoint    ] Total time for which application threads were stopped: 0.0001142 seconds, Stopping threads took: 0.0000126 seconds
[2019-06-24T09:56:07.853+0000][1][safepoint    ] Application time: 0.0111833 seconds
[2019-06-24T09:56:07.854+0000][1][safepoint    ] Entering safepoint region: CollectForMetadataAllocation
[2019-06-24T09:56:07.854+0000][1][safepoint    ] Leaving safepoint region
[2019-06-24T09:56:07.854+0000][1][safepoint    ] Total time for which application threads were stopped: 0.0003480 seconds, Stopping threads took: 0.0001300 seconds
[2019-06-24T09:56:07.896+0000][1][safepoint    ] Application time: 0.0420932 seconds
[2019-06-24T09:56:07.896+0000][1][safepoint    ] Entering safepoint region: CollectForMetadataAllocation
[2019-06-24T09:56:07.896+0000][1][safepoint    ] Leaving safepoint region
[2019-06-24T09:56:07.896+0000][1][safepoint    ] Total time for which application threads were stopped: 0.0002401 seconds, Stopping threads took: 0.0000199 seconds
[2019-06-24T09:56:07.929+0000][1][safepoint    ] Application time: 0.0326703 seconds
[2019-06-24T09:56:07.929+0000][1][safepoint    ] Entering safepoint region: CollectForMetadataAllocation
[2019-06-24T09:56:07.929+0000][1][safepoint    ] Leaving safepoint region
[2019-06-24T09:56:07.929+0000][1][safepoint    ] Total time for which application threads were stopped: 0.0001689 seconds, Stopping threads took: 0.0000134 seconds
[2019-06-24T09:56:07.946+0000][1][safepoint    ] Application time: 0.0165066 seconds
[2019-06-24T09:56:07.946+0000][1][safepoint    ] Entering safepoint region: CollectForMetadataAllocation
[2019-06-24T09:56:07.946+0000][1][safepoint    ] Leaving safepoint region
[2019-06-24T09:56:07.946+0000][1][safepoint    ] Total time for which application threads were stopped: 0.0001594 seconds, Stopping threads took: 0.0000127 seconds
[2019-06-24T09:56:07.968+0000][1][safepoint    ] Application time: 0.0225272 seconds
[2019-06-24T09:56:07.968+0000][1][safepoint    ] Entering safepoint region: CollectForMetadataAllocation
[2019-06-24T09:56:07.969+0000][1][safepoint    ] Leaving safepoint region
[2019-06-24T09:56:07.969+0000][1][safepoint    ] Total time for which application threads were stopped: 0.0002019 seconds, Stopping threads took: 0.0000164 seconds
[2019-06-24T09:56:07.988+0000][1][safepoint    ] Application time: 0.0188816 seconds
[2019-06-24T09:56:07.988+0000][1][safepoint    ] Entering safepoint region: CollectForMetadataAllocation
[2019-06-24T09:56:07.988+0000][1][safepoint    ] Leaving safepoint region
[2019-06-24T09:56:07.988+0000][1][safepoint    ] Total time for which application threads were stopped: 0.0001897 seconds, Stopping threads took: 0.0000160 seconds
[2019-06-24T09:56:08.014+0000][1][safepoint    ] Application time: 0.0259729 seconds
[2019-06-24T09:56:08.014+0000][1][safepoint    ] Entering safepoint region: CollectForMetadataAllocation
[2019-06-24T09:56:08.014+0000][1][safepoint    ] Leaving safepoint region
[2019-06-24T09:56:08.014+0000][1][safepoint    ] Total time for which application threads were stopped: 0.0001903 seconds, Stopping threads took: 0.0000387 seconds
[2019-06-24T09:56:08.040+0000][1][safepoint    ] Application time: 0.0256716 seconds
[2019-06-24T09:56:08.040+0000][1][safepoint    ] Entering safepoint region: CollectForMetadataAllocation
[2019-06-24T09:56:08.040+0000][1][safepoint    ] Leaving safepoint region
[2019-06-24T09:56:08.040+0000][1][safepoint    ] Total time for which application threads were stopped: 0.0001763 seconds, Stopping threads took: 0.0000153 seconds
[2019-06-24T09:56:08.061+0000][1][safepoint    ] Application time: 0.0215515 seconds
[2019-06-24T09:56:08.061+0000][1][safepoint    ] Entering safepoint region: CollectForMetadataAllocation
[2019-06-24T09:56:08.062+0000][1][safepoint    ] Leaving safepoint region
[2019-06-24T09:56:08.062+0000][1][safepoint    ] Total time for which application threads were stopped: 0.0001616 seconds, Stopping threads took: 0.0000130 seconds
[2019-06-24T09:56:08.088+0000][1][safepoint    ] Application time: 0.0258872 seconds
[2019-06-24T09:56:08.088+0000][1][safepoint    ] Entering safepoint region: CollectForMetadataAllocation
[2019-06-24T09:56:08.088+0000][1][safepoint    ] Leaving safepoint region
[2019-06-24T09:56:08.088+0000][1][safepoint    ] Total time for which application threads were stopped: 0.0002080 seconds, Stopping threads took: 0.0000153 seconds
[2019-06-24T09:56:08.106+0000][1][safepoint    ] Application time: 0.0180391 seconds
[2019-06-24T09:56:08.106+0000][1][safepoint    ] Entering safepoint region: CollectForMetadataAllocation
[2019-06-24T09:56:08.106+0000][1][safepoint    ] Leaving safepoint region
[2019-06-24T09:56:08.106+0000][1][safepoint    ] Total time for which application threads were stopped: 0.0001727 seconds, Stopping threads took: 0.0000128 seconds
[2019-06-24T09:56:08.131+0000][1][safepoint    ] Application time: 0.0246709 seconds
[2019-06-24T09:56:08.131+0000][1][safepoint    ] Entering safepoint region: CollectForMetadataAllocation
[2019-06-24T09:56:08.131+0000][1][safepoint    ] Leaving safepoint region
[2019-06-24T09:56:08.131+0000][1][safepoint    ] Total time for which application threads were stopped: 0.0001615 seconds, Stopping threads took: 0.0000124 seconds
[2019-06-24T09:56:08.160+0000][1][safepoint    ] Application time: 0.0286921 seconds
[2019-06-24T09:56:08.160+0000][1][safepoint    ] Entering safepoint region: CollectForMetadataAllocation
[2019-06-24T09:56:08.160+0000][1][safepoint    ] Leaving safepoint region
[2019-06-24T09:56:08.160+0000][1][safepoint    ] Total time for which application threads were stopped: 0.0002920 seconds, Stopping threads took: 0.0000373 seconds
[2019-06-24T09:56:08.221+0000][1][safepoint    ] Application time: 0.0611475 seconds
[2019-06-24T09:56:08.221+0000][1][safepoint    ] Entering safepoint region: CollectForMetadataAllocation
[2019-06-24T09:56:08.221+0000][1][safepoint    ] Leaving safepoint region
[2019-06-24T09:56:08.221+0000][1][safepoint    ] Total time for which application threads were stopped: 0.0002510 seconds, Stopping threads took: 0.0000194 seconds
[2019-06-24T09:56:08.261+0000][1][safepoint    ] Application time: 0.0399172 seconds
[2019-06-24T09:56:08.261+0000][1][safepoint    ] Entering safepoint region: CollectForMetadataAllocation
[2019-06-24T09:56:08.262+0000][1][safepoint    ] Leaving safepoint region
[2019-06-24T09:56:08.262+0000][1][safepoint    ] Total time for which application threads were stopped: 0.0001921 seconds, Stopping threads took: 0.0000221 seconds
[2019-06-24T09:56:08.295+0000][1][safepoint    ] Application time: 0.0334538 seconds
[2019-06-24T09:56:08.295+0000][1][safepoint    ] Entering safepoint region: CollectForMetadataAllocation
[2019-06-24T09:56:08.295+0000][1][safepoint    ] Leaving safepoint region
[2019-06-24T09:56:08.295+0000][1][safepoint    ] Total time for which application threads were stopped: 0.0001899 seconds, Stopping threads took: 0.0000235 seconds
[2019-06-24T09:56:08.320+0000][1][safepoint    ] Application time: 0.0247804 seconds
[2019-06-24T09:56:08.320+0000][1][safepoint    ] Entering safepoint region: CollectForMetadataAllocation
[2019-06-24T09:56:08.321+0000][1][safepoint    ] Leaving safepoint region
[2019-06-24T09:56:08.321+0000][1][safepoint    ] Total time for which application threads were stopped: 0.0004360 seconds, Stopping threads took: 0.0000859 seconds
[2019-06-24T09:56:08.335+0000][1][safepoint    ] Application time: 0.0143184 seconds
[2019-06-24T09:56:08.335+0000][1][safepoint    ] Entering safepoint region: RevokeBias
[2019-06-24T09:56:08.335+0000][1][safepoint    ] Leaving safepoint region
[2019-06-24T09:56:08.335+0000][1][safepoint    ] Total time for which application threads were stopped: 0.0001728 seconds, Stopping threads took: 0.0000681 seconds
[2019-06-24T09:56:08.361+0000][1][safepoint    ] Application time: 0.0257450 seconds
[2019-06-24T09:56:08.361+0000][1][safepoint    ] Entering safepoint region: CollectForMetadataAllocation
[2019-06-24T09:56:08.361+0000][1][safepoint    ] Leaving safepoint region
[2019-06-24T09:56:08.361+0000][1][safepoint    ] Total time for which application threads were stopped: 0.0002536 seconds, Stopping threads took: 0.0000204 seconds
[2019-06-24T09:56:08.605+0000][1][safepoint    ] Application time: 0.2439974 seconds
[2019-06-24T09:56:08.605+0000][1][safepoint    ] Entering safepoint region: CollectForMetadataAllocation
[2019-06-24T09:56:08.606+0000][1][safepoint    ] Leaving safepoint region
[2019-06-24T09:56:08.606+0000][1][safepoint    ] Total time for which application threads were stopped: 0.0003299 seconds, Stopping threads took: 0.0000266 seconds
[2019-06-24T09:56:08.984+0000][1][safepoint    ] Application time: 0.3786914 seconds
[2019-06-24T09:56:08.984+0000][1][safepoint    ] Entering safepoint region: GenCollectForAllocation
[2019-06-24T09:56:08.985+0000][1][gc,start     ] GC(17) Pause Young (Allocation Failure)
[2019-06-24T09:56:08.985+0000][1][gc,task      ] GC(17) Using 5 workers of 8 for evacuation
[2019-06-24T09:56:08.991+0000][1][gc,age       ] GC(17) Desired survivor size 4456448 bytes, new threshold 6 (max threshold 6)
[2019-06-24T09:56:08.991+0000][1][gc,age       ] GC(17) Age table with threshold 6 (max threshold 6)
[2019-06-24T09:56:08.991+0000][1][gc,age       ] GC(17) - age   1:    3762880 bytes,    3762880 total
[2019-06-24T09:56:08.991+0000][1][gc,age       ] GC(17) - age   2:     303264 bytes,    4066144 total
[2019-06-24T09:56:08.991+0000][1][gc,heap      ] GC(17) ParNew: 76873K->5020K(78656K)
[2019-06-24T09:56:08.992+0000][1][gc,heap      ] GC(17) CMS: 55313K->55313K(174784K)
[2019-06-24T09:56:08.992+0000][1][gc,metaspace ] GC(17) Metaspace: 42166K->42166K(1087488K)
[2019-06-24T09:56:08.992+0000][1][gc           ] GC(17) Pause Young (Allocation Failure) 129M->58M(247M) 6.990ms
[2019-06-24T09:56:08.992+0000][1][gc,cpu       ] GC(17) User=0.05s Sys=0.00s Real=0.00s
[2019-06-24T09:56:08.992+0000][1][safepoint    ] Leaving safepoint region
[2019-06-24T09:56:08.992+0000][1][safepoint    ] Total time for which application threads were stopped: 0.0071417 seconds, Stopping threads took: 0.0000152 seconds
[2019-06-24T09:56:08.992+0000][1][safepoint    ] Application time: 0.0002244 seconds
[2019-06-24T09:56:08.992+0000][1][safepoint    ] Entering safepoint region: CMS_Initial_Mark
[2019-06-24T09:56:08.992+0000][1][gc,start     ] GC(18) Pause Initial Mark
[2019-06-24T09:56:08.994+0000][1][gc           ] GC(18) Pause Initial Mark 60M->60M(247M) 2.343ms
[2019-06-24T09:56:08.994+0000][1][gc,cpu       ] GC(18) User=0.01s Sys=0.00s Real=0.00s
[2019-06-24T09:56:08.994+0000][1][safepoint    ] Leaving safepoint region
[2019-06-24T09:56:08.994+0000][1][safepoint    ] Total time for which application threads were stopped: 0.0025163 seconds, Stopping threads took: 0.0000344 seconds
[2019-06-24T09:56:08.994+0000][1][gc           ] GC(18) Concurrent Mark
[2019-06-24T09:56:08.994+0000][1][gc,task      ] GC(18) Using 2 workers of 2 for marking
[2019-06-24T09:56:09.011+0000][1][safepoint    ] Application time: 0.0166286 seconds
[2019-06-24T09:56:09.011+0000][1][safepoint    ] Entering safepoint region: CollectForMetadataAllocation
[2019-06-24T09:56:09.011+0000][1][safepoint    ] Leaving safepoint region
[2019-06-24T09:56:09.011+0000][1][safepoint    ] Total time for which application threads were stopped: 0.0001375 seconds, Stopping threads took: 0.0000141 seconds
[2019-06-24T09:56:09.061+0000][1][gc           ] GC(18) Concurrent Mark 66.951ms
[2019-06-24T09:56:09.061+0000][1][gc,cpu       ] GC(18) User=0.34s Sys=0.01s Real=0.07s
[2019-06-24T09:56:09.061+0000][1][gc           ] GC(18) Concurrent Preclean
[2019-06-24T09:56:09.063+0000][1][gc           ] GC(18) Concurrent Preclean 1.573ms
[2019-06-24T09:56:09.063+0000][1][gc,cpu       ] GC(18) User=0.02s Sys=0.00s Real=0.01s
[2019-06-24T09:56:09.063+0000][1][gc           ] GC(18) Concurrent Abortable Preclean
[2019-06-24T09:56:09.077+0000][1][safepoint    ] Application time: 0.0661282 seconds
[2019-06-24T09:56:09.077+0000][1][safepoint    ] Entering safepoint region: CollectForMetadataAllocation
[2019-06-24T09:56:09.078+0000][1][safepoint    ] Leaving safepoint region
[2019-06-24T09:56:09.078+0000][1][safepoint    ] Total time for which application threads were stopped: 0.0001624 seconds, Stopping threads took: 0.0000126 seconds
[2019-06-24T09:56:09.078+0000][1][safepoint    ] Application time: 0.0000867 seconds
[2019-06-24T09:56:09.078+0000][1][safepoint    ] Entering safepoint region: CollectForMetadataAllocation
[2019-06-24T09:56:09.078+0000][1][safepoint    ] Leaving safepoint region
[2019-06-24T09:56:09.078+0000][1][safepoint    ] Total time for which application threads were stopped: 0.0000260 seconds, Stopping threads took: 0.0000077 seconds
[2019-06-24T09:56:09.346+0000][1][safepoint    ] Application time: 0.2680402 seconds
[2019-06-24T09:56:09.346+0000][1][safepoint    ] Entering safepoint region: CollectForMetadataAllocation
[2019-06-24T09:56:09.346+0000][1][safepoint    ] Leaving safepoint region
[2019-06-24T09:56:09.346+0000][1][safepoint    ] Total time for which application threads were stopped: 0.0003321 seconds, Stopping threads took: 0.0000204 seconds
[2019-06-24T09:56:09.390+0000][1][safepoint    ] Application time: 0.0437971 seconds
[2019-06-24T09:56:09.390+0000][1][safepoint    ] Entering safepoint region: CollectForMetadataAllocation
[2019-06-24T09:56:09.390+0000][1][safepoint    ] Leaving safepoint region
[2019-06-24T09:56:09.390+0000][1][safepoint    ] Total time for which application threads were stopped: 0.0002923 seconds, Stopping threads took: 0.0000559 seconds
[2019-06-24T09:56:09.420+0000][1][safepoint    ] Application time: 0.0297059 seconds
[2019-06-24T09:56:09.420+0000][1][safepoint    ] Entering safepoint region: CollectForMetadataAllocation
[2019-06-24T09:56:09.421+0000][1][safepoint    ] Leaving safepoint region
[2019-06-24T09:56:09.421+0000][1][safepoint    ] Total time for which application threads were stopped: 0.0004554 seconds, Stopping threads took: 0.0000408 seconds
[2019-06-24T09:56:09.472+0000][1][safepoint    ] Application time: 0.0509484 seconds
[2019-06-24T09:56:09.472+0000][1][safepoint    ] Entering safepoint region: CollectForMetadataAllocation
[2019-06-24T09:56:09.472+0000][1][safepoint    ] Leaving safepoint region
[2019-06-24T09:56:09.472+0000][1][safepoint    ] Total time for which application threads were stopped: 0.0006209 seconds, Stopping threads took: 0.0000444 seconds
[2019-06-24T09:56:09.502+0000][1][safepoint    ] Application time: 0.0300266 seconds
[2019-06-24T09:56:09.502+0000][1][safepoint    ] Entering safepoint region: CollectForMetadataAllocation
[2019-06-24T09:56:09.503+0000][1][safepoint    ] Leaving safepoint region
[2019-06-24T09:56:09.503+0000][1][safepoint    ] Total time for which application threads were stopped: 0.0005633 seconds, Stopping threads took: 0.0000322 seconds
[2019-06-24T09:56:09.505+0000][1][gc           ] GC(18) Concurrent Abortable Preclean 441.746ms
[2019-06-24T09:56:09.505+0000][1][gc,cpu       ] GC(18) User=2.07s Sys=0.04s Real=0.44s
[2019-06-24T09:56:09.505+0000][1][safepoint    ] Application time: 0.0021295 seconds
[2019-06-24T09:56:09.506+0000][1][safepoint    ] Entering safepoint region: CMS_Final_Remark
[2019-06-24T09:56:09.506+0000][1][gc,start     ] GC(18) Pause Remark
[2019-06-24T09:56:09.529+0000][1][gc           ] GC(18) Pause Remark 95M->95M(247M) 22.459ms
[2019-06-24T09:56:09.529+0000][1][gc,cpu       ] GC(18) User=0.07s Sys=0.01s Real=0.02s
[2019-06-24T09:56:09.529+0000][1][safepoint    ] Leaving safepoint region
[2019-06-24T09:56:09.529+0000][1][safepoint    ] Total time for which application threads were stopped: 0.0237916 seconds, Stopping threads took: 0.0011769 seconds
[2019-06-24T09:56:09.529+0000][1][gc           ] GC(18) Concurrent Sweep
[2019-06-24T09:56:09.560+0000][1][safepoint    ] Application time: 0.0314122 seconds
[2019-06-24T09:56:09.560+0000][1][safepoint    ] Entering safepoint region: RevokeBias
[2019-06-24T09:56:09.561+0000][1][safepoint    ] Leaving safepoint region
[2019-06-24T09:56:09.561+0000][1][safepoint    ] Total time for which application threads were stopped: 0.0007864 seconds, Stopping threads took: 0.0000197 seconds
[2019-06-24T09:56:09.564+0000][1][safepoint    ] Application time: 0.0026475 seconds
[2019-06-24T09:56:09.564+0000][1][safepoint    ] Entering safepoint region: RevokeBias
[2019-06-24T09:56:09.564+0000][1][safepoint    ] Leaving safepoint region
[2019-06-24T09:56:09.564+0000][1][safepoint    ] Total time for which application threads were stopped: 0.0000859 seconds, Stopping threads took: 0.0000131 seconds
[2019-06-24T09:56:09.569+0000][1][safepoint    ] Application time: 0.0054147 seconds
[2019-06-24T09:56:09.569+0000][1][safepoint    ] Entering safepoint region: CollectForMetadataAllocation
[2019-06-24T09:56:09.570+0000][1][safepoint    ] Leaving safepoint region
[2019-06-24T09:56:09.570+0000][1][safepoint    ] Total time for which application threads were stopped: 0.0004117 seconds, Stopping threads took: 0.0000211 seconds
[2019-06-24T09:56:09.573+0000][1][gc           ] GC(18) Concurrent Sweep 44.134ms
[2019-06-24T09:56:09.573+0000][1][gc,cpu       ] GC(18) User=0.19s Sys=0.00s Real=0.04s
[2019-06-24T09:56:09.573+0000][1][gc           ] GC(18) Concurrent Reset
[2019-06-24T09:56:09.574+0000][1][gc           ] GC(18) Concurrent Reset 0.782ms
[2019-06-24T09:56:09.574+0000][1][gc,cpu       ] GC(18) User=0.01s Sys=0.00s Real=0.00s
[2019-06-24T09:56:09.574+0000][1][gc,heap      ] GC(18) Old: 55313K->55097K(174784K)
[2019-06-24T09:56:09.631+0000][1][safepoint    ] Application time: 0.0611487 seconds
[2019-06-24T09:56:09.631+0000][1][safepoint    ] Entering safepoint region: RevokeBias
[2019-06-24T09:56:09.631+0000][1][safepoint    ] Leaving safepoint region
[2019-06-24T09:56:09.631+0000][1][safepoint    ] Total time for which application threads were stopped: 0.0001623 seconds, Stopping threads took: 0.0000577 seconds
[2019-06-24T09:56:09.680+0000][1][safepoint    ] Application time: 0.0488701 seconds
[2019-06-24T09:56:09.680+0000][1][safepoint    ] Entering safepoint region: RevokeBias
[2019-06-24T09:56:09.680+0000][1][safepoint    ] Leaving safepoint region
[2019-06-24T09:56:09.680+0000][1][safepoint    ] Total time for which application threads were stopped: 0.0001026 seconds, Stopping threads took: 0.0000202 seconds
[2019-06-24T09:56:09.686+0000][1][safepoint    ] Application time: 0.0057080 seconds
[2019-06-24T09:56:09.686+0000][1][safepoint    ] Entering safepoint region: RevokeBias
[2019-06-24T09:56:09.686+0000][1][safepoint    ] Leaving safepoint region
[2019-06-24T09:56:09.686+0000][1][safepoint    ] Total time for which application threads were stopped: 0.0001543 seconds, Stopping threads took: 0.0000165 seconds
[2019-06-24T09:56:09.912+0000][1][safepoint    ] Application time: 0.2260560 seconds
[2019-06-24T09:56:09.912+0000][1][safepoint    ] Entering safepoint region: RevokeBias
[2019-06-24T09:56:09.913+0000][1][safepoint    ] Leaving safepoint region
[2019-06-24T09:56:09.913+0000][1][safepoint    ] Total time for which application threads were stopped: 0.0004437 seconds, Stopping threads took: 0.0000611 seconds
[2019-06-24T09:56:09.913+0000][1][safepoint    ] Application time: 0.0001212 seconds
[2019-06-24T09:56:09.913+0000][1][safepoint    ] Entering safepoint region: RevokeBias
[2019-06-24T09:56:09.913+0000][1][safepoint    ] Leaving safepoint region
[2019-06-24T09:56:09.913+0000][1][safepoint    ] Total time for which application threads were stopped: 0.0004502 seconds, Stopping threads took: 0.0003649 seconds
[2019-06-24T09:56:09.914+0000][1][safepoint    ] Application time: 0.0009703 seconds
[2019-06-24T09:56:09.914+0000][1][safepoint    ] Entering safepoint region: RevokeBias
[2019-06-24T09:56:09.915+0000][1][safepoint    ] Leaving safepoint region
[2019-06-24T09:56:09.915+0000][1][safepoint    ] Total time for which application threads were stopped: 0.0001650 seconds, Stopping threads took: 0.0000451 seconds
[2019-06-24T09:56:09.915+0000][1][safepoint    ] Application time: 0.0000964 seconds
[2019-06-24T09:56:09.915+0000][1][safepoint    ] Entering safepoint region: RevokeBias
[2019-06-24T09:56:09.915+0000][1][safepoint    ] Leaving safepoint region
[2019-06-24T09:56:09.915+0000][1][safepoint    ] Total time for which application threads were stopped: 0.0001133 seconds, Stopping threads took: 0.0000479 seconds
[2019-06-24T09:56:09.994+0000][1][safepoint    ] Application time: 0.0787189 seconds
[2019-06-24T09:56:09.994+0000][1][safepoint    ] Entering safepoint region: RevokeBias
[2019-06-24T09:56:09.994+0000][1][safepoint    ] Leaving safepoint region
[2019-06-24T09:56:09.994+0000][1][safepoint    ] Total time for which application threads were stopped: 0.0001249 seconds, Stopping threads took: 0.0000250 seconds
[2019-06-24T09:56:09.994+0000][1][safepoint    ] Application time: 0.0001196 seconds
[2019-06-24T09:56:09.994+0000][1][safepoint    ] Entering safepoint region: RevokeBias
[2019-06-24T09:56:09.994+0000][1][safepoint    ] Leaving safepoint region
[2019-06-24T09:56:09.994+0000][1][safepoint    ] Total time for which application threads were stopped: 0.0004821 seconds, Stopping threads took: 0.0004027 seconds
[2019-06-24T09:56:09.994+0000][1][safepoint    ] Application time: 0.0000639 seconds
[2019-06-24T09:56:09.995+0000][1][safepoint    ] Entering safepoint region: RevokeBias
[2019-06-24T09:56:09.995+0000][1][safepoint    ] Leaving safepoint region
[2019-06-24T09:56:09.995+0000][1][safepoint    ] Total time for which application threads were stopped: 0.0002295 seconds, Stopping threads took: 0.0001467 seconds
[2019-06-24T09:56:09.995+0000][1][safepoint    ] Application time: 0.0003423 seconds
[2019-06-24T09:56:09.995+0000][1][safepoint    ] Entering safepoint region: RevokeBias
[2019-06-24T09:56:09.995+0000][1][safepoint    ] Leaving safepoint region
[2019-06-24T09:56:09.995+0000][1][safepoint    ] Total time for which application threads were stopped: 0.0000832 seconds, Stopping threads took: 0.0000139 seconds
[2019-06-24T09:56:09.995+0000][1][safepoint    ] Application time: 0.0002649 seconds
[2019-06-24T09:56:09.995+0000][1][safepoint    ] Entering safepoint region: RevokeBias
[2019-06-24T09:56:09.995+0000][1][safepoint    ] Leaving safepoint region
[2019-06-24T09:56:09.996+0000][1][safepoint    ] Total time for which application threads were stopped: 0.0000907 seconds, Stopping threads took: 0.0000389 seconds
[2019-06-24T09:56:09.996+0000][1][safepoint    ] Application time: 0.0001257 seconds
[2019-06-24T09:56:09.996+0000][1][safepoint    ] Entering safepoint region: RevokeBias
[2019-06-24T09:56:09.996+0000][1][safepoint    ] Leaving safepoint region
[2019-06-24T09:56:09.996+0000][1][safepoint    ] Total time for which application threads were stopped: 0.0001155 seconds, Stopping threads took: 0.0000668 seconds
[2019-06-24T09:56:09.996+0000][1][safepoint    ] Application time: 0.0003860 seconds
[2019-06-24T09:56:09.996+0000][1][safepoint    ] Entering safepoint region: RevokeBias
[2019-06-24T09:56:09.996+0000][1][safepoint    ] Leaving safepoint region
[2019-06-24T09:56:09.996+0000][1][safepoint    ] Total time for which application threads were stopped: 0.0000799 seconds, Stopping threads took: 0.0000131 seconds
[2019-06-24T09:56:09.996+0000][1][safepoint    ] Application time: 0.0000782 seconds
[2019-06-24T09:56:09.997+0000][1][safepoint    ] Entering safepoint region: RevokeBias
[2019-06-24T09:56:09.997+0000][1][safepoint    ] Leaving safepoint region
[2019-06-24T09:56:09.997+0000][1][safepoint    ] Total time for which application threads were stopped: 0.0002588 seconds, Stopping threads took: 0.0001790 seconds
[2019-06-24T09:56:09.997+0000][1][safepoint    ] Application time: 0.0000538 seconds
[2019-06-24T09:56:09.997+0000][1][safepoint    ] Entering safepoint region: RevokeBias
[2019-06-24T09:56:09.997+0000][1][safepoint    ] Leaving safepoint region
[2019-06-24T09:56:09.997+0000][1][safepoint    ] Total time for which application threads were stopped: 0.0001414 seconds, Stopping threads took: 0.0000953 seconds
[2019-06-24T09:56:09.997+0000][1][safepoint    ] Application time: 0.0000512 seconds
[2019-06-24T09:56:09.997+0000][1][safepoint    ] Entering safepoint region: RevokeBias
[2019-06-24T09:56:09.997+0000][1][safepoint    ] Leaving safepoint region
[2019-06-24T09:56:09.997+0000][1][safepoint    ] Total time for which application threads were stopped: 0.0000863 seconds, Stopping threads took: 0.0000299 seconds
[2019-06-24T09:56:09.997+0000][1][safepoint    ] Application time: 0.0000476 seconds
[2019-06-24T09:56:09.997+0000][1][safepoint    ] Entering safepoint region: RevokeBias
[2019-06-24T09:56:09.997+0000][1][safepoint    ] Leaving safepoint region
[2019-06-24T09:56:09.997+0000][1][safepoint    ] Total time for which application threads were stopped: 0.0000891 seconds, Stopping threads took: 0.0000361 seconds
[2019-06-24T09:56:09.997+0000][1][safepoint    ] Application time: 0.0000502 seconds
[2019-06-24T09:56:09.997+0000][1][safepoint    ] Entering safepoint region: RevokeBias
[2019-06-24T09:56:09.997+0000][1][safepoint    ] Leaving safepoint region
[2019-06-24T09:56:09.997+0000][1][safepoint    ] Total time for which application threads were stopped: 0.0000734 seconds, Stopping threads took: 0.0000306 seconds
[2019-06-24T09:56:09.997+0000][1][safepoint    ] Application time: 0.0000487 seconds
[2019-06-24T09:56:09.997+0000][1][safepoint    ] Entering safepoint region: RevokeBias
[2019-06-24T09:56:09.997+0000][1][safepoint    ] Leaving safepoint region
[2019-06-24T09:56:09.997+0000][1][safepoint    ] Total time for which application threads were stopped: 0.0000848 seconds, Stopping threads took: 0.0000310 seconds
[2019-06-24T09:56:09.998+0000][1][safepoint    ] Application time: 0.0000450 seconds
[2019-06-24T09:56:09.998+0000][1][safepoint    ] Entering safepoint region: RevokeBias
[2019-06-24T09:56:09.998+0000][1][safepoint    ] Leaving safepoint region
[2019-06-24T09:56:09.998+0000][1][safepoint    ] Total time for which application threads were stopped: 0.0000906 seconds, Stopping threads took: 0.0000392 seconds
[2019-06-24T09:56:09.998+0000][1][safepoint    ] Application time: 0.0000436 seconds
[2019-06-24T09:56:09.998+0000][1][safepoint    ] Entering safepoint region: RevokeBias
[2019-06-24T09:56:09.998+0000][1][safepoint    ] Leaving safepoint region
[2019-06-24T09:56:09.998+0000][1][safepoint    ] Total time for which application threads were stopped: 0.0000636 seconds, Stopping threads took: 0.0000144 seconds
[2019-06-24T09:56:09.998+0000][1][safepoint    ] Application time: 0.0000440 seconds
[2019-06-24T09:56:09.998+0000][1][safepoint    ] Entering safepoint region: RevokeBias
[2019-06-24T09:56:09.998+0000][1][safepoint    ] Leaving safepoint region
[2019-06-24T09:56:09.998+0000][1][safepoint    ] Total time for which application threads were stopped: 0.0000607 seconds, Stopping threads took: 0.0000116 seconds
[2019-06-24T09:56:09.998+0000][1][safepoint    ] Application time: 0.0000450 seconds
[2019-06-24T09:56:09.998+0000][1][safepoint    ] Entering safepoint region: RevokeBias
[2019-06-24T09:56:09.998+0000][1][safepoint    ] Leaving safepoint region
[2019-06-24T09:56:09.998+0000][1][safepoint    ] Total time for which application threads were stopped: 0.0000830 seconds, Stopping threads took: 0.0000304 seconds
[2019-06-24T09:56:09.998+0000][1][safepoint    ] Application time: 0.0000434 seconds
[2019-06-24T09:56:09.998+0000][1][safepoint    ] Entering safepoint region: RevokeBias
[2019-06-24T09:56:09.998+0000][1][safepoint    ] Leaving safepoint region
[2019-06-24T09:56:09.998+0000][1][safepoint    ] Total time for which application threads were stopped: 0.0000885 seconds, Stopping threads took: 0.0000352 seconds
[2019-06-24T09:56:09.998+0000][1][safepoint    ] Application time: 0.0000521 seconds
[2019-06-24T09:56:09.998+0000][1][safepoint    ] Entering safepoint region: RevokeBias
[2019-06-24T09:56:09.998+0000][1][safepoint    ] Leaving safepoint region
[2019-06-24T09:56:09.998+0000][1][safepoint    ] Total time for which application threads were stopped: 0.0000630 seconds, Stopping threads took: 0.0000113 seconds
[2019-06-24T09:56:09.998+0000][1][safepoint    ] Application time: 0.0000438 seconds
[2019-06-24T09:56:09.998+0000][1][safepoint    ] Entering safepoint region: RevokeBias
[2019-06-24T09:56:09.999+0000][1][safepoint    ] Leaving safepoint region
[2019-06-24T09:56:09.999+0000][1][safepoint    ] Total time for which application threads were stopped: 0.0001240 seconds, Stopping threads took: 0.0000237 seconds
[2019-06-24T09:56:09.999+0000][1][safepoint    ] Application time: 0.0000485 seconds
[2019-06-24T09:56:09.999+0000][1][safepoint    ] Entering safepoint region: RevokeBias
[2019-06-24T09:56:09.999+0000][1][safepoint    ] Leaving safepoint region
[2019-06-24T09:56:09.999+0000][1][safepoint    ] Total time for which application threads were stopped: 0.0000707 seconds, Stopping threads took: 0.0000120 seconds
[2019-06-24T09:56:09.999+0000][1][safepoint    ] Application time: 0.0000431 seconds
[2019-06-24T09:56:09.999+0000][1][safepoint    ] Entering safepoint region: RevokeBias
[2019-06-24T09:56:09.999+0000][1][safepoint    ] Leaving safepoint region
[2019-06-24T09:56:09.999+0000][1][safepoint    ] Total time for which application threads were stopped: 0.0000662 seconds, Stopping threads took: 0.0000114 seconds
[2019-06-24T09:56:09.999+0000][1][safepoint    ] Application time: 0.0000886 seconds
[2019-06-24T09:56:09.999+0000][1][safepoint    ] Entering safepoint region: RevokeBias
[2019-06-24T09:56:09.999+0000][1][safepoint    ] Leaving safepoint region
[2019-06-24T09:56:09.999+0000][1][safepoint    ] Total time for which application threads were stopped: 0.0000914 seconds, Stopping threads took: 0.0000393 seconds
[2019-06-24T09:56:09.999+0000][1][safepoint    ] Application time: 0.0000916 seconds
[2019-06-24T09:56:09.999+0000][1][safepoint    ] Entering safepoint region: RevokeBias
[2019-06-24T09:56:09.999+0000][1][safepoint    ] Leaving safepoint region
[2019-06-24T09:56:09.999+0000][1][safepoint    ] Total time for which application threads were stopped: 0.0000877 seconds, Stopping threads took: 0.0000304 seconds
[2019-06-24T09:56:09.999+0000][1][safepoint    ] Application time: 0.0000873 seconds
[2019-06-24T09:56:09.999+0000][1][safepoint    ] Entering safepoint region: RevokeBias
[2019-06-24T09:56:09.999+0000][1][safepoint    ] Leaving safepoint region
[2019-06-24T09:56:09.999+0000][1][safepoint    ] Total time for which application threads were stopped: 0.0000845 seconds, Stopping threads took: 0.0000307 seconds
[2019-06-24T09:56:10.000+0000][1][safepoint    ] Application time: 0.0000929 seconds
[2019-06-24T09:56:10.000+0000][1][safepoint    ] Entering safepoint region: BulkRevokeBias
[2019-06-24T09:56:10.000+0000][1][safepoint    ] Leaving safepoint region
[2019-06-24T09:56:10.000+0000][1][safepoint    ] Total time for which application threads were stopped: 0.0001359 seconds, Stopping threads took: 0.0000127 seconds
[2019-06-24T09:56:10.000+0000][1][safepoint    ] Application time: 0.0001524 seconds
[2019-06-24T09:56:10.000+0000][1][safepoint    ] Entering safepoint region: RevokeBias
[2019-06-24T09:56:10.000+0000][1][safepoint    ] Leaving safepoint region
[2019-06-24T09:56:10.000+0000][1][safepoint    ] Total time for which application threads were stopped: 0.0000708 seconds, Stopping threads took: 0.0000119 seconds
[2019-06-24T09:56:10.000+0000][1][safepoint    ] Application time: 0.0000632 seconds
[2019-06-24T09:56:10.000+0000][1][safepoint    ] Entering safepoint region: RevokeBias
[2019-06-24T09:56:10.000+0000][1][safepoint    ] Leaving safepoint region
[2019-06-24T09:56:10.000+0000][1][safepoint    ] Total time for which application threads were stopped: 0.0000647 seconds, Stopping threads took: 0.0000115 seconds
[2019-06-24T09:56:10.000+0000][1][safepoint    ] Application time: 0.0000831 seconds
[2019-06-24T09:56:10.000+0000][1][safepoint    ] Entering safepoint region: RevokeBias
[2019-06-24T09:56:10.000+0000][1][safepoint    ] Leaving safepoint region
[2019-06-24T09:56:10.000+0000][1][safepoint    ] Total time for which application threads were stopped: 0.0000678 seconds, Stopping threads took: 0.0000122 seconds
[2019-06-24T09:56:10.000+0000][1][safepoint    ] Application time: 0.0000582 seconds
[2019-06-24T09:56:10.000+0000][1][safepoint    ] Entering safepoint region: RevokeBias
[2019-06-24T09:56:10.000+0000][1][safepoint    ] Leaving safepoint region
[2019-06-24T09:56:10.000+0000][1][safepoint    ] Total time for which application threads were stopped: 0.0000924 seconds, Stopping threads took: 0.0000328 seconds
[2019-06-24T09:56:10.001+0000][1][safepoint    ] Application time: 0.0000515 seconds
[2019-06-24T09:56:10.001+0000][1][safepoint    ] Entering safepoint region: RevokeBias
[2019-06-24T09:56:10.001+0000][1][safepoint    ] Leaving safepoint region
[2019-06-24T09:56:10.001+0000][1][safepoint    ] Total time for which application threads were stopped: 0.0000978 seconds, Stopping threads took: 0.0000118 seconds
[2019-06-24T09:56:10.001+0000][1][safepoint    ] Application time: 0.0000814 seconds
[2019-06-24T09:56:10.001+0000][1][safepoint    ] Entering safepoint region: RevokeBias
[2019-06-24T09:56:10.001+0000][1][safepoint    ] Leaving safepoint region
[2019-06-24T09:56:10.001+0000][1][safepoint    ] Total time for which application threads were stopped: 0.0001729 seconds, Stopping threads took: 0.0000861 seconds
[2019-06-24T09:56:10.001+0000][1][safepoint    ] Application time: 0.0000964 seconds
[2019-06-24T09:56:10.001+0000][1][safepoint    ] Entering safepoint region: RevokeBias
[2019-06-24T09:56:10.001+0000][1][safepoint    ] Leaving safepoint region
[2019-06-24T09:56:10.001+0000][1][safepoint    ] Total time for which application threads were stopped: 0.0001404 seconds, Stopping threads took: 0.0000906 seconds
[2019-06-24T09:56:10.001+0000][1][safepoint    ] Application time: 0.0000911 seconds
[2019-06-24T09:56:10.001+0000][1][safepoint    ] Entering safepoint region: RevokeBias
[2019-06-24T09:56:10.001+0000][1][safepoint    ] Leaving safepoint region
[2019-06-24T09:56:10.001+0000][1][safepoint    ] Total time for which application threads were stopped: 0.0000641 seconds, Stopping threads took: 0.0000249 seconds
[2019-06-24T09:56:10.001+0000][1][safepoint    ] Application time: 0.0000750 seconds
[2019-06-24T09:56:10.001+0000][1][safepoint    ] Entering safepoint region: RevokeBias
[2019-06-24T09:56:10.002+0000][1][safepoint    ] Leaving safepoint region
[2019-06-24T09:56:10.002+0000][1][safepoint    ] Total time for which application threads were stopped: 0.0000992 seconds, Stopping threads took: 0.0000369 seconds
[2019-06-24T09:56:10.002+0000][1][safepoint    ] Application time: 0.0000830 seconds
[2019-06-24T09:56:10.002+0000][1][safepoint    ] Entering safepoint region: RevokeBias
[2019-06-24T09:56:10.002+0000][1][safepoint    ] Leaving safepoint region
[2019-06-24T09:56:10.002+0000][1][safepoint    ] Total time for which application threads were stopped: 0.0001628 seconds, Stopping threads took: 0.0000411 seconds
[2019-06-24T09:56:10.002+0000][1][safepoint    ] Application time: 0.0000573 seconds
[2019-06-24T09:56:10.002+0000][1][safepoint    ] Entering safepoint region: RevokeBias
[2019-06-24T09:56:10.002+0000][1][safepoint    ] Leaving safepoint region
[2019-06-24T09:56:10.002+0000][1][safepoint    ] Total time for which application threads were stopped: 0.0002878 seconds, Stopping threads took: 0.0002321 seconds
[2019-06-24T09:56:10.002+0000][1][safepoint    ] Application time: 0.0000762 seconds
[2019-06-24T09:56:10.002+0000][1][safepoint    ] Entering safepoint region: RevokeBias
[2019-06-24T09:56:10.002+0000][1][safepoint    ] Leaving safepoint region
[2019-06-24T09:56:10.002+0000][1][safepoint    ] Total time for which application threads were stopped: 0.0001376 seconds, Stopping threads took: 0.0000847 seconds
[2019-06-24T09:56:10.003+0000][1][safepoint    ] Application time: 0.0000982 seconds
[2019-06-24T09:56:10.003+0000][1][safepoint    ] Entering safepoint region: RevokeBias
[2019-06-24T09:56:10.003+0000][1][safepoint    ] Leaving safepoint region
[2019-06-24T09:56:10.003+0000][1][safepoint    ] Total time for which application threads were stopped: 0.0001016 seconds, Stopping threads took: 0.0000373 seconds
[2019-06-24T09:56:10.003+0000][1][safepoint    ] Application time: 0.0000464 seconds
[2019-06-24T09:56:10.003+0000][1][safepoint    ] Entering safepoint region: RevokeBias
[2019-06-24T09:56:10.003+0000][1][safepoint    ] Leaving safepoint region
[2019-06-24T09:56:10.003+0000][1][safepoint    ] Total time for which application threads were stopped: 0.0000571 seconds, Stopping threads took: 0.0000092 seconds
[2019-06-24T09:56:10.003+0000][1][safepoint    ] Application time: 0.0000437 seconds
[2019-06-24T09:56:10.003+0000][1][safepoint    ] Entering safepoint region: RevokeBias
[2019-06-24T09:56:10.003+0000][1][safepoint    ] Leaving safepoint region
[2019-06-24T09:56:10.003+0000][1][safepoint    ] Total time for which application threads were stopped: 0.0000505 seconds, Stopping threads took: 0.0000083 seconds
[2019-06-24T09:56:10.003+0000][1][safepoint    ] Application time: 0.0000447 seconds
[2019-06-24T09:56:10.003+0000][1][safepoint    ] Entering safepoint region: RevokeBias
[2019-06-24T09:56:10.003+0000][1][safepoint    ] Leaving safepoint region
[2019-06-24T09:56:10.003+0000][1][safepoint    ] Total time for which application threads were stopped: 0.0000504 seconds, Stopping threads took: 0.0000089 seconds
[2019-06-24T09:56:10.003+0000][1][safepoint    ] Application time: 0.0000444 seconds
[2019-06-24T09:56:10.003+0000][1][safepoint    ] Entering safepoint region: RevokeBias
[2019-06-24T09:56:10.003+0000][1][safepoint    ] Leaving safepoint region
[2019-06-24T09:56:10.003+0000][1][safepoint    ] Total time for which application threads were stopped: 0.0000717 seconds, Stopping threads took: 0.0000096 seconds
[2019-06-24T09:56:10.003+0000][1][safepoint    ] Application time: 0.0000677 seconds
[2019-06-24T09:56:10.003+0000][1][safepoint    ] Entering safepoint region: RevokeBias
[2019-06-24T09:56:10.003+0000][1][safepoint    ] Leaving safepoint region
[2019-06-24T09:56:10.003+0000][1][safepoint    ] Total time for which application threads were stopped: 0.0001594 seconds, Stopping threads took: 0.0000519 seconds
[2019-06-24T09:56:10.004+0000][1][safepoint    ] Application time: 0.0000781 seconds
[2019-06-24T09:56:10.004+0000][1][safepoint    ] Entering safepoint region: RevokeBias
[2019-06-24T09:56:10.004+0000][1][safepoint    ] Leaving safepoint region
[2019-06-24T09:56:10.004+0000][1][safepoint    ] Total time for which application threads were stopped: 0.0001801 seconds, Stopping threads took: 0.0000460 seconds
[2019-06-24T09:56:10.004+0000][1][safepoint    ] Application time: 0.0001021 seconds
[2019-06-24T09:56:10.004+0000][1][safepoint    ] Entering safepoint region: RevokeBias
[2019-06-24T09:56:10.004+0000][1][safepoint    ] Leaving safepoint region
[2019-06-24T09:56:10.004+0000][1][safepoint    ] Total time for which application threads were stopped: 0.0001753 seconds, Stopping threads took: 0.0000417 seconds
[2019-06-24T09:56:10.004+0000][1][safepoint    ] Application time: 0.0001014 seconds
[2019-06-24T09:56:10.004+0000][1][safepoint    ] Entering safepoint region: RevokeBias
[2019-06-24T09:56:10.004+0000][1][safepoint    ] Leaving safepoint region
[2019-06-24T09:56:10.004+0000][1][safepoint    ] Total time for which application threads were stopped: 0.0001500 seconds, Stopping threads took: 0.0000814 seconds
[2019-06-24T09:56:10.004+0000][1][safepoint    ] Application time: 0.0000840 seconds
[2019-06-24T09:56:10.004+0000][1][safepoint    ] Entering safepoint region: RevokeBias
[2019-06-24T09:56:10.005+0000][1][safepoint    ] Leaving safepoint region
[2019-06-24T09:56:10.005+0000][1][safepoint    ] Total time for which application threads were stopped: 0.0001294 seconds, Stopping threads took: 0.0000489 seconds
[2019-06-24T09:56:10.005+0000][1][safepoint    ] Application time: 0.0000566 seconds
[2019-06-24T09:56:10.005+0000][1][safepoint    ] Entering safepoint region: RevokeBias
[2019-06-24T09:56:10.005+0000][1][safepoint    ] Leaving safepoint region
[2019-06-24T09:56:10.005+0000][1][safepoint    ] Total time for which application threads were stopped: 0.0000822 seconds, Stopping threads took: 0.0000237 seconds
[2019-06-24T09:56:10.005+0000][1][safepoint    ] Application time: 0.0000666 seconds
[2019-06-24T09:56:10.005+0000][1][safepoint    ] Entering safepoint region: BulkRevokeBias
[2019-06-24T09:56:10.005+0000][1][safepoint    ] Leaving safepoint region
[2019-06-24T09:56:10.005+0000][1][safepoint    ] Total time for which application threads were stopped: 0.0002269 seconds, Stopping threads took: 0.0000163 seconds
[2019-06-24T09:56:10.006+0000][1][safepoint    ] Application time: 0.0005953 seconds
[2019-06-24T09:56:10.006+0000][1][safepoint    ] Entering safepoint region: RevokeBias
[2019-06-24T09:56:10.006+0000][1][safepoint    ] Leaving safepoint region
[2019-06-24T09:56:10.006+0000][1][safepoint    ] Total time for which application threads were stopped: 0.0002308 seconds, Stopping threads took: 0.0000988 seconds
[2019-06-24T09:56:10.006+0000][1][safepoint    ] Application time: 0.0001253 seconds
[2019-06-24T09:56:10.006+0000][1][safepoint    ] Entering safepoint region: RevokeBias
[2019-06-24T09:56:10.006+0000][1][safepoint    ] Leaving safepoint region
[2019-06-24T09:56:10.006+0000][1][safepoint    ] Total time for which application threads were stopped: 0.0001942 seconds, Stopping threads took: 0.0001139 seconds
[2019-06-24T09:56:10.006+0000][1][safepoint    ] Application time: 0.0000675 seconds
[2019-06-24T09:56:10.007+0000][1][safepoint    ] Entering safepoint region: RevokeBias
[2019-06-24T09:56:10.007+0000][1][safepoint    ] Leaving safepoint region
[2019-06-24T09:56:10.007+0000][1][safepoint    ] Total time for which application threads were stopped: 0.0002004 seconds, Stopping threads took: 0.0001431 seconds
[2019-06-24T09:56:10.007+0000][1][safepoint    ] Application time: 0.0000940 seconds
[2019-06-24T09:56:10.007+0000][1][safepoint    ] Entering safepoint region: RevokeBias
[2019-06-24T09:56:10.007+0000][1][safepoint    ] Leaving safepoint region
[2019-06-24T09:56:10.007+0000][1][safepoint    ] Total time for which application threads were stopped: 0.0001022 seconds, Stopping threads took: 0.0000417 seconds
[2019-06-24T09:56:10.007+0000][1][safepoint    ] Application time: 0.0000717 seconds
[2019-06-24T09:56:10.007+0000][1][safepoint    ] Entering safepoint region: RevokeBias
[2019-06-24T09:56:10.007+0000][1][safepoint    ] Leaving safepoint region
[2019-06-24T09:56:10.007+0000][1][safepoint    ] Total time for which application threads were stopped: 0.0001150 seconds, Stopping threads took: 0.0000478 seconds
[2019-06-24T09:56:10.007+0000][1][safepoint    ] Application time: 0.0000590 seconds
[2019-06-24T09:56:10.007+0000][1][safepoint    ] Entering safepoint region: RevokeBias
[2019-06-24T09:56:10.007+0000][1][safepoint    ] Leaving safepoint region
[2019-06-24T09:56:10.007+0000][1][safepoint    ] Total time for which application threads were stopped: 0.0001002 seconds, Stopping threads took: 0.0000570 seconds
[2019-06-24T09:56:10.007+0000][1][safepoint    ] Application time: 0.0000932 seconds
[2019-06-24T09:56:10.007+0000][1][safepoint    ] Entering safepoint region: RevokeBias
[2019-06-24T09:56:10.007+0000][1][safepoint    ] Leaving safepoint region
[2019-06-24T09:56:10.007+0000][1][safepoint    ] Total time for which application threads were stopped: 0.0001214 seconds, Stopping threads took: 0.0000730 seconds
[2019-06-24T09:56:10.008+0000][1][safepoint    ] Application time: 0.0000485 seconds
[2019-06-24T09:56:10.008+0000][1][safepoint    ] Entering safepoint region: RevokeBias
[2019-06-24T09:56:10.008+0000][1][safepoint    ] Leaving safepoint region
[2019-06-24T09:56:10.008+0000][1][safepoint    ] Total time for which application threads were stopped: 0.0001114 seconds, Stopping threads took: 0.0000461 seconds
[2019-06-24T09:56:10.008+0000][1][safepoint    ] Application time: 0.0000519 seconds
[2019-06-24T09:56:10.008+0000][1][safepoint    ] Entering safepoint region: RevokeBias
[2019-06-24T09:56:10.008+0000][1][safepoint    ] Leaving safepoint region
[2019-06-24T09:56:10.008+0000][1][safepoint    ] Total time for which application threads were stopped: 0.0001175 seconds, Stopping threads took: 0.0000291 seconds
[2019-06-24T09:56:10.008+0000][1][safepoint    ] Application time: 0.0000536 seconds
[2019-06-24T09:56:10.008+0000][1][safepoint    ] Entering safepoint region: RevokeBias
[2019-06-24T09:56:10.008+0000][1][safepoint    ] Leaving safepoint region
[2019-06-24T09:56:10.008+0000][1][safepoint    ] Total time for which application threads were stopped: 0.0001317 seconds, Stopping threads took: 0.0000611 seconds
[2019-06-24T09:56:10.008+0000][1][safepoint    ] Application time: 0.0000567 seconds
[2019-06-24T09:56:10.008+0000][1][safepoint    ] Entering safepoint region: RevokeBias
[2019-06-24T09:56:10.008+0000][1][safepoint    ] Leaving safepoint region
[2019-06-24T09:56:10.008+0000][1][safepoint    ] Total time for which application threads were stopped: 0.0000879 seconds, Stopping threads took: 0.0000332 seconds
[2019-06-24T09:56:10.008+0000][1][safepoint    ] Application time: 0.0000911 seconds
[2019-06-24T09:56:10.008+0000][1][safepoint    ] Entering safepoint region: BulkRevokeBias
[2019-06-24T09:56:10.009+0000][1][safepoint    ] Leaving safepoint region
[2019-06-24T09:56:10.009+0000][1][safepoint    ] Total time for which application threads were stopped: 0.0003030 seconds, Stopping threads took: 0.0001043 seconds
[2019-06-24T09:56:10.009+0000][1][safepoint    ] Application time: 0.0001319 seconds
[2019-06-24T09:56:10.009+0000][1][safepoint    ] Entering safepoint region: RevokeBias
[2019-06-24T09:56:10.009+0000][1][safepoint    ] Leaving safepoint region
[2019-06-24T09:56:10.009+0000][1][safepoint    ] Total time for which application threads were stopped: 0.0002473 seconds, Stopping threads took: 0.0001789 seconds
[2019-06-24T09:56:10.009+0000][1][safepoint    ] Application time: 0.0002604 seconds
[2019-06-24T09:56:10.009+0000][1][safepoint    ] Entering safepoint region: RevokeBias
[2019-06-24T09:56:10.009+0000][1][safepoint    ] Leaving safepoint region
[2019-06-24T09:56:10.009+0000][1][safepoint    ] Total time for which application threads were stopped: 0.0000904 seconds, Stopping threads took: 0.0000378 seconds
[2019-06-24T09:56:10.010+0000][1][safepoint    ] Application time: 0.0000803 seconds
[2019-06-24T09:56:10.010+0000][1][safepoint    ] Entering safepoint region: RevokeBias
[2019-06-24T09:56:10.010+0000][1][safepoint    ] Leaving safepoint region
[2019-06-24T09:56:10.010+0000][1][safepoint    ] Total time for which application threads were stopped: 0.0000898 seconds, Stopping threads took: 0.0000446 seconds
[2019-06-24T09:56:10.010+0000][1][safepoint    ] Application time: 0.0000838 seconds
[2019-06-24T09:56:10.010+0000][1][safepoint    ] Entering safepoint region: RevokeBias
[2019-06-24T09:56:10.010+0000][1][safepoint    ] Leaving safepoint region
[2019-06-24T09:56:10.010+0000][1][safepoint    ] Total time for which application threads were stopped: 0.0000839 seconds, Stopping threads took: 0.0000363 seconds
[2019-06-24T09:56:10.010+0000][1][safepoint    ] Application time: 0.0000822 seconds
[2019-06-24T09:56:10.010+0000][1][safepoint    ] Entering safepoint region: RevokeBias
[2019-06-24T09:56:10.010+0000][1][safepoint    ] Leaving safepoint region
[2019-06-24T09:56:10.010+0000][1][safepoint    ] Total time for which application threads were stopped: 0.0001216 seconds, Stopping threads took: 0.0000567 seconds
[2019-06-24T09:56:10.011+0000][1][safepoint    ] Application time: 0.0005233 seconds
[2019-06-24T09:56:10.011+0000][1][safepoint    ] Entering safepoint region: RevokeBias
[2019-06-24T09:56:10.011+0000][1][safepoint    ] Leaving safepoint region
[2019-06-24T09:56:10.011+0000][1][safepoint    ] Total time for which application threads were stopped: 0.0002019 seconds, Stopping threads took: 0.0001433 seconds
[2019-06-24T09:56:10.011+0000][1][safepoint    ] Application time: 0.0001531 seconds
[2019-06-24T09:56:10.011+0000][1][safepoint    ] Entering safepoint region: RevokeBias
[2019-06-24T09:56:10.011+0000][1][safepoint    ] Leaving safepoint region
[2019-06-24T09:56:10.011+0000][1][safepoint    ] Total time for which application threads were stopped: 0.0000893 seconds, Stopping threads took: 0.0000528 seconds
[2019-06-24T09:56:10.011+0000][1][safepoint    ] Application time: 0.0002854 seconds
[2019-06-24T09:56:10.011+0000][1][safepoint    ] Entering safepoint region: RevokeBias
[2019-06-24T09:56:10.011+0000][1][safepoint    ] Leaving safepoint region
[2019-06-24T09:56:10.011+0000][1][safepoint    ] Total time for which application threads were stopped: 0.0000699 seconds, Stopping threads took: 0.0000285 seconds
[2019-06-24T09:56:10.012+0000][1][safepoint    ] Application time: 0.0004182 seconds
[2019-06-24T09:56:10.012+0000][1][safepoint    ] Entering safepoint region: RevokeBias
[2019-06-24T09:56:10.012+0000][1][safepoint    ] Leaving safepoint region
[2019-06-24T09:56:10.012+0000][1][safepoint    ] Total time for which application threads were stopped: 0.0000866 seconds, Stopping threads took: 0.0000311 seconds
[2019-06-24T09:56:10.012+0000][1][safepoint    ] Application time: 0.0004685 seconds
[2019-06-24T09:56:10.013+0000][1][safepoint    ] Entering safepoint region: RevokeBias
[2019-06-24T09:56:10.013+0000][1][safepoint    ] Leaving safepoint region
[2019-06-24T09:56:10.013+0000][1][safepoint    ] Total time for which application threads were stopped: 0.0002814 seconds, Stopping threads took: 0.0002320 seconds
[2019-06-24T09:56:10.013+0000][1][safepoint    ] Application time: 0.0001304 seconds
[2019-06-24T09:56:10.013+0000][1][safepoint    ] Entering safepoint region: RevokeBias
[2019-06-24T09:56:10.013+0000][1][safepoint    ] Leaving safepoint region
[2019-06-24T09:56:10.013+0000][1][safepoint    ] Total time for which application threads were stopped: 0.0002325 seconds, Stopping threads took: 0.0001985 seconds
[2019-06-24T09:56:10.013+0000][1][safepoint    ] Application time: 0.0002282 seconds
[2019-06-24T09:56:10.013+0000][1][safepoint    ] Entering safepoint region: RevokeBias
[2019-06-24T09:56:10.013+0000][1][safepoint    ] Leaving safepoint region
[2019-06-24T09:56:10.013+0000][1][safepoint    ] Total time for which application threads were stopped: 0.0000732 seconds, Stopping threads took: 0.0000236 seconds
[2019-06-24T09:56:10.015+0000][1][safepoint    ] Application time: 0.0018759 seconds
[2019-06-24T09:56:10.015+0000][1][safepoint    ] Entering safepoint region: RevokeBias
[2019-06-24T09:56:10.015+0000][1][safepoint    ] Leaving safepoint region
[2019-06-24T09:56:10.015+0000][1][safepoint    ] Total time for which application threads were stopped: 0.0000888 seconds, Stopping threads took: 0.0000260 seconds
[2019-06-24T09:56:10.016+0000][1][safepoint    ] Application time: 0.0000538 seconds
[2019-06-24T09:56:10.016+0000][1][safepoint    ] Entering safepoint region: RevokeBias
[2019-06-24T09:56:10.016+0000][1][safepoint    ] Leaving safepoint region
[2019-06-24T09:56:10.016+0000][1][safepoint    ] Total time for which application threads were stopped: 0.0000720 seconds, Stopping threads took: 0.0000286 seconds
[2019-06-24T09:56:10.018+0000][1][safepoint    ] Application time: 0.0022536 seconds
[2019-06-24T09:56:10.018+0000][1][safepoint    ] Entering safepoint region: RevokeBias
[2019-06-24T09:56:10.018+0000][1][safepoint    ] Leaving safepoint region
[2019-06-24T09:56:10.018+0000][1][safepoint    ] Total time for which application threads were stopped: 0.0002385 seconds, Stopping threads took: 0.0001732 seconds
[2019-06-24T09:56:10.018+0000][1][safepoint    ] Application time: 0.0000846 seconds
[2019-06-24T09:56:10.018+0000][1][safepoint    ] Entering safepoint region: RevokeBias
[2019-06-24T09:56:10.018+0000][1][safepoint    ] Leaving safepoint region
[2019-06-24T09:56:10.018+0000][1][safepoint    ] Total time for which application threads were stopped: 0.0000621 seconds, Stopping threads took: 0.0000248 seconds
[2019-06-24T09:56:10.019+0000][1][safepoint    ] Application time: 0.0003125 seconds
[2019-06-24T09:56:10.019+0000][1][safepoint    ] Entering safepoint region: RevokeBias
[2019-06-24T09:56:10.019+0000][1][safepoint    ] Leaving safepoint region
[2019-06-24T09:56:10.019+0000][1][safepoint    ] Total time for which application threads were stopped: 0.0000840 seconds, Stopping threads took: 0.0000350 seconds
[2019-06-24T09:56:10.046+0000][1][safepoint    ] Application time: 0.0271184 seconds
[2019-06-24T09:56:10.046+0000][1][safepoint    ] Entering safepoint region: GenCollectForAllocation
[2019-06-24T09:56:10.046+0000][1][gc,start     ] GC(19) Pause Young (Allocation Failure)
[2019-06-24T09:56:10.046+0000][1][gc,task      ] GC(19) Using 5 workers of 8 for evacuation
[2019-06-24T09:56:10.052+0000][1][gc,age       ] GC(19) Desired survivor size 4456448 bytes, new threshold 2 (max threshold 6)
[2019-06-24T09:56:10.052+0000][1][gc,age       ] GC(19) Age table with threshold 2 (max threshold 6)
[2019-06-24T09:56:10.052+0000][1][gc,age       ] GC(19) - age   1:    3117096 bytes,    3117096 total
[2019-06-24T09:56:10.052+0000][1][gc,age       ] GC(19) - age   2:    3661240 bytes,    6778336 total
[2019-06-24T09:56:10.052+0000][1][gc,age       ] GC(19) - age   3:     302752 bytes,    7081088 total
[2019-06-24T09:56:10.053+0000][1][gc,heap      ] GC(19) ParNew: 74972K->7538K(78656K)
[2019-06-24T09:56:10.053+0000][1][gc,heap      ] GC(19) CMS: 55097K->55097K(174784K)
[2019-06-24T09:56:10.053+0000][1][gc,metaspace ] GC(19) Metaspace: 47152K->47152K(1093632K)
[2019-06-24T09:56:10.053+0000][1][gc           ] GC(19) Pause Young (Allocation Failure) 127M->61M(247M) 6.660ms
[2019-06-24T09:56:10.053+0000][1][gc,cpu       ] GC(19) User=0.04s Sys=0.00s Real=0.00s
[2019-06-24T09:56:10.053+0000][1][safepoint    ] Leaving safepoint region
[2019-06-24T09:56:10.053+0000][1][safepoint    ] Total time for which application threads were stopped: 0.0068272 seconds, Stopping threads took: 0.0000139 seconds
[2019-06-24T09:56:10.106+0000][1][safepoint    ] Application time: 0.0529469 seconds
[2019-06-24T09:56:10.106+0000][1][safepoint    ] Entering safepoint region: RevokeBias
[2019-06-24T09:56:10.106+0000][1][safepoint    ] Leaving safepoint region
[2019-06-24T09:56:10.106+0000][1][safepoint    ] Total time for which application threads were stopped: 0.0001263 seconds, Stopping threads took: 0.0000250 seconds
[2019-06-24T09:56:10.383+0000][1][safepoint    ] Application time: 0.2775958 seconds
[2019-06-24T09:56:10.384+0000][1][safepoint    ] Entering safepoint region: RevokeBias
[2019-06-24T09:56:10.384+0000][1][safepoint    ] Leaving safepoint region
[2019-06-24T09:56:10.384+0000][1][safepoint    ] Total time for which application threads were stopped: 0.0001136 seconds, Stopping threads took: 0.0000260 seconds
[2019-06-24T09:56:10.901+0000][1][safepoint    ] Application time: 0.5173650 seconds
[2019-06-24T09:56:10.901+0000][1][safepoint    ] Entering safepoint region: GenCollectForAllocation
[2019-06-24T09:56:10.901+0000][1][gc,start     ] GC(20) Pause Young (Allocation Failure)
[2019-06-24T09:56:10.901+0000][1][gc,task      ] GC(20) Using 5 workers of 8 for evacuation
[2019-06-24T09:56:10.925+0000][1][gc,age       ] GC(20) Desired survivor size 4456448 bytes, new threshold 2 (max threshold 6)
[2019-06-24T09:56:10.925+0000][1][gc,age       ] GC(20) Age table with threshold 2 (max threshold 6)
[2019-06-24T09:56:10.925+0000][1][gc,age       ] GC(20) - age   1:    1612688 bytes,    1612688 total
[2019-06-24T09:56:10.925+0000][1][gc,age       ] GC(20) - age   2:    3056944 bytes,    4669632 total
[2019-06-24T09:56:10.925+0000][1][gc,heap      ] GC(20) ParNew: 77490K->8460K(78656K)
[2019-06-24T09:56:10.925+0000][1][gc,heap      ] GC(20) CMS: 55097K->59072K(174784K)
[2019-06-24T09:56:10.925+0000][1][gc,metaspace ] GC(20) Metaspace: 53570K->53570K(1097728K)
[2019-06-24T09:56:10.925+0000][1][gc           ] GC(20) Pause Young (Allocation Failure) 129M->65M(247M) 23.932ms
[2019-06-24T09:56:10.925+0000][1][gc,cpu       ] GC(20) User=0.09s Sys=0.00s Real=0.03s
[2019-06-24T09:56:10.925+0000][1][safepoint    ] Leaving safepoint region
[2019-06-24T09:56:10.925+0000][1][safepoint    ] Total time for which application threads were stopped: 0.0242751 seconds, Stopping threads took: 0.0000709 seconds
[2019-06-24T09:56:10.926+0000][1][safepoint    ] Application time: 0.0010634 seconds
[2019-06-24T09:56:10.927+0000][1][safepoint    ] Entering safepoint region: RevokeBias
[2019-06-24T09:56:10.927+0000][1][safepoint    ] Leaving safepoint region
[2019-06-24T09:56:10.927+0000][1][safepoint    ] Total time for which application threads were stopped: 0.0004505 seconds, Stopping threads took: 0.0001340 seconds
[2019-06-24T09:56:10.927+0000][1][safepoint    ] Application time: 0.0002172 seconds
[2019-06-24T09:56:10.927+0000][1][safepoint    ] Entering safepoint region: RevokeBias
[2019-06-24T09:56:10.928+0000][1][safepoint    ] Leaving safepoint region
[2019-06-24T09:56:10.928+0000][1][safepoint    ] Total time for which application threads were stopped: 0.0001977 seconds, Stopping threads took: 0.0000233 seconds
[2019-06-24T09:56:10.928+0000][1][safepoint    ] Application time: 0.0000663 seconds
[2019-06-24T09:56:10.928+0000][1][safepoint    ] Entering safepoint region: RevokeBias
[2019-06-24T09:56:10.928+0000][1][safepoint    ] Leaving safepoint region
[2019-06-24T09:56:10.928+0000][1][safepoint    ] Total time for which application threads were stopped: 0.0001102 seconds, Stopping threads took: 0.0000180 seconds
[2019-06-24T09:56:10.928+0000][1][safepoint    ] Application time: 0.0000618 seconds
[2019-06-24T09:56:10.928+0000][1][safepoint    ] Entering safepoint region: RevokeBias
[2019-06-24T09:56:10.928+0000][1][safepoint    ] Leaving safepoint region
[2019-06-24T09:56:10.928+0000][1][safepoint    ] Total time for which application threads were stopped: 0.0001175 seconds, Stopping threads took: 0.0000181 seconds
[2019-06-24T09:56:10.928+0000][1][safepoint    ] Application time: 0.0000627 seconds
[2019-06-24T09:56:10.928+0000][1][safepoint    ] Entering safepoint region: RevokeBias
[2019-06-24T09:56:10.928+0000][1][safepoint    ] Leaving safepoint region
[2019-06-24T09:56:10.928+0000][1][safepoint    ] Total time for which application threads were stopped: 0.0001123 seconds, Stopping threads took: 0.0000195 seconds
[2019-06-24T09:56:10.928+0000][1][safepoint    ] Application time: 0.0000604 seconds
[2019-06-24T09:56:10.928+0000][1][safepoint    ] Entering safepoint region: RevokeBias
[2019-06-24T09:56:10.928+0000][1][safepoint    ] Leaving safepoint region
[2019-06-24T09:56:10.928+0000][1][safepoint    ] Total time for which application threads were stopped: 0.0001036 seconds, Stopping threads took: 0.0000154 seconds
[2019-06-24T09:56:10.928+0000][1][safepoint    ] Application time: 0.0000503 seconds
[2019-06-24T09:56:10.928+0000][1][safepoint    ] Entering safepoint region: RevokeBias
[2019-06-24T09:56:10.929+0000][1][safepoint    ] Leaving safepoint region
[2019-06-24T09:56:10.929+0000][1][safepoint    ] Total time for which application threads were stopped: 0.0000751 seconds, Stopping threads took: 0.0000133 seconds
[2019-06-24T09:56:10.929+0000][1][safepoint    ] Application time: 0.0000522 seconds
[2019-06-24T09:56:10.929+0000][1][safepoint    ] Entering safepoint region: RevokeBias
[2019-06-24T09:56:10.929+0000][1][safepoint    ] Leaving safepoint region
[2019-06-24T09:56:10.929+0000][1][safepoint    ] Total time for which application threads were stopped: 0.0000756 seconds, Stopping threads took: 0.0000144 seconds
[2019-06-24T09:56:10.929+0000][1][safepoint    ] Application time: 0.0000510 seconds
[2019-06-24T09:56:10.929+0000][1][safepoint    ] Entering safepoint region: RevokeBias
[2019-06-24T09:56:10.929+0000][1][safepoint    ] Leaving safepoint region
[2019-06-24T09:56:10.929+0000][1][safepoint    ] Total time for which application threads were stopped: 0.0000944 seconds, Stopping threads took: 0.0000302 seconds
[2019-06-24T09:56:10.929+0000][1][safepoint    ] Application time: 0.0001524 seconds
[2019-06-24T09:56:10.929+0000][1][safepoint    ] Entering safepoint region: RevokeBias
[2019-06-24T09:56:10.929+0000][1][safepoint    ] Leaving safepoint region
[2019-06-24T09:56:10.929+0000][1][safepoint    ] Total time for which application threads were stopped: 0.0000945 seconds, Stopping threads took: 0.0000168 seconds
[2019-06-24T09:56:10.929+0000][1][safepoint    ] Application time: 0.0000607 seconds
[2019-06-24T09:56:10.929+0000][1][safepoint    ] Entering safepoint region: RevokeBias
[2019-06-24T09:56:10.929+0000][1][safepoint    ] Leaving safepoint region
[2019-06-24T09:56:10.929+0000][1][safepoint    ] Total time for which application threads were stopped: 0.0001659 seconds, Stopping threads took: 0.0000155 seconds
[2019-06-24T09:56:10.929+0000][1][safepoint    ] Application time: 0.0000683 seconds
[2019-06-24T09:56:10.930+0000][1][safepoint    ] Entering safepoint region: RevokeBias
[2019-06-24T09:56:10.930+0000][1][safepoint    ] Leaving safepoint region
[2019-06-24T09:56:10.930+0000][1][safepoint    ] Total time for which application threads were stopped: 0.0001767 seconds, Stopping threads took: 0.0000186 seconds
[2019-06-24T09:56:10.930+0000][1][safepoint    ] Application time: 0.0000603 seconds
[2019-06-24T09:56:10.930+0000][1][safepoint    ] Entering safepoint region: RevokeBias
[2019-06-24T09:56:10.930+0000][1][safepoint    ] Leaving safepoint region
[2019-06-24T09:56:10.930+0000][1][safepoint    ] Total time for which application threads were stopped: 0.0000962 seconds, Stopping threads took: 0.0000164 seconds
[2019-06-24T09:56:10.930+0000][1][safepoint    ] Application time: 0.0000527 seconds
[2019-06-24T09:56:10.930+0000][1][safepoint    ] Entering safepoint region: RevokeBias
[2019-06-24T09:56:10.930+0000][1][safepoint    ] Leaving safepoint region
[2019-06-24T09:56:10.930+0000][1][safepoint    ] Total time for which application threads were stopped: 0.0000772 seconds, Stopping threads took: 0.0000147 seconds
[2019-06-24T09:56:10.930+0000][1][safepoint    ] Application time: 0.0000493 seconds
[2019-06-24T09:56:10.930+0000][1][safepoint    ] Entering safepoint region: RevokeBias
[2019-06-24T09:56:10.930+0000][1][safepoint    ] Leaving safepoint region
[2019-06-24T09:56:10.930+0000][1][safepoint    ] Total time for which application threads were stopped: 0.0000742 seconds, Stopping threads took: 0.0000139 seconds
[2019-06-24T09:56:10.930+0000][1][safepoint    ] Application time: 0.0000372 seconds
[2019-06-24T09:56:10.930+0000][1][safepoint    ] Entering safepoint region: RevokeBias
[2019-06-24T09:56:10.930+0000][1][safepoint    ] Leaving safepoint region
[2019-06-24T09:56:10.930+0000][1][safepoint    ] Total time for which application threads were stopped: 0.0000710 seconds, Stopping threads took: 0.0000130 seconds
[2019-06-24T09:56:10.930+0000][1][safepoint    ] Application time: 0.0000345 seconds
[2019-06-24T09:56:10.930+0000][1][safepoint    ] Entering safepoint region: RevokeBias
[2019-06-24T09:56:10.930+0000][1][safepoint    ] Leaving safepoint region
[2019-06-24T09:56:10.930+0000][1][safepoint    ] Total time for which application threads were stopped: 0.0000710 seconds, Stopping threads took: 0.0000131 seconds
[2019-06-24T09:56:10.931+0000][1][safepoint    ] Application time: 0.0000684 seconds
[2019-06-24T09:56:10.931+0000][1][safepoint    ] Entering safepoint region: BulkRevokeBias
[2019-06-24T09:56:10.931+0000][1][safepoint    ] Leaving safepoint region
[2019-06-24T09:56:10.931+0000][1][safepoint    ] Total time for which application threads were stopped: 0.0001496 seconds, Stopping threads took: 0.0000393 seconds
[2019-06-24T09:56:10.938+0000][1][safepoint    ] Application time: 0.0073913 seconds
[2019-06-24T09:56:10.938+0000][1][safepoint    ] Entering safepoint region: RevokeBias
[2019-06-24T09:56:10.939+0000][1][safepoint    ] Leaving safepoint region
[2019-06-24T09:56:10.939+0000][1][safepoint    ] Total time for which application threads were stopped: 0.0003737 seconds, Stopping threads took: 0.0002344 seconds
[2019-06-24T09:56:11.257+0000][1][safepoint    ] Application time: 0.3181239 seconds
[2019-06-24T09:56:11.257+0000][1][safepoint    ] Entering safepoint region: Deoptimize
[2019-06-24T09:56:11.258+0000][1][safepoint    ] Leaving safepoint region
[2019-06-24T09:56:11.258+0000][1][safepoint    ] Total time for which application threads were stopped: 0.0008931 seconds, Stopping threads took: 0.0000154 seconds
[2019-06-24T09:56:11.299+0000][1][safepoint    ] Application time: 0.0410677 seconds
[2019-06-24T09:56:11.299+0000][1][safepoint    ] Entering safepoint region: RevokeBias
[2019-06-24T09:56:11.299+0000][1][safepoint    ] Leaving safepoint region
[2019-06-24T09:56:11.299+0000][1][safepoint    ] Total time for which application threads were stopped: 0.0000969 seconds, Stopping threads took: 0.0000198 seconds
[2019-06-24T09:56:11.299+0000][1][safepoint    ] Application time: 0.0001276 seconds
[2019-06-24T09:56:11.299+0000][1][safepoint    ] Entering safepoint region: RevokeBias
[2019-06-24T09:56:11.299+0000][1][safepoint    ] Leaving safepoint region
[2019-06-24T09:56:11.299+0000][1][safepoint    ] Total time for which application threads were stopped: 0.0000513 seconds, Stopping threads took: 0.0000123 seconds
[2019-06-24T09:56:11.299+0000][1][safepoint    ] Application time: 0.0001541 seconds
[2019-06-24T09:56:11.299+0000][1][safepoint    ] Entering safepoint region: RevokeBias
[2019-06-24T09:56:11.299+0000][1][safepoint    ] Leaving safepoint region
[2019-06-24T09:56:11.299+0000][1][safepoint    ] Total time for which application threads were stopped: 0.0000436 seconds, Stopping threads took: 0.0000093 seconds
[2019-06-24T09:56:11.302+0000][1][safepoint    ] Application time: 0.0024003 seconds
[2019-06-24T09:56:11.302+0000][1][safepoint    ] Entering safepoint region: RevokeBias
[2019-06-24T09:56:11.302+0000][1][safepoint    ] Leaving safepoint region
[2019-06-24T09:56:11.302+0000][1][safepoint    ] Total time for which application threads were stopped: 0.0000589 seconds, Stopping threads took: 0.0000131 seconds
[2019-06-24T09:56:11.567+0000][1][safepoint    ] Application time: 0.2657679 seconds
[2019-06-24T09:56:11.568+0000][1][safepoint    ] Entering safepoint region: Deoptimize
[2019-06-24T09:56:11.569+0000][1][safepoint    ] Leaving safepoint region
[2019-06-24T09:56:11.569+0000][1][safepoint    ] Total time for which application threads were stopped: 0.0012923 seconds, Stopping threads took: 0.0000152 seconds
[2019-06-24T09:56:11.942+0000][1][safepoint    ] Application time: 0.3729098 seconds
[2019-06-24T09:56:11.942+0000][1][safepoint    ] Entering safepoint region: RevokeBias
[2019-06-24T09:56:11.942+0000][1][safepoint    ] Leaving safepoint region
[2019-06-24T09:56:11.942+0000][1][safepoint    ] Total time for which application threads were stopped: 0.0004923 seconds, Stopping threads took: 0.0001442 seconds
[2019-06-24T09:56:11.947+0000][1][safepoint    ] Application time: 0.0041836 seconds
[2019-06-24T09:56:11.947+0000][1][safepoint    ] Entering safepoint region: RevokeBias
[2019-06-24T09:56:11.947+0000][1][safepoint    ] Leaving safepoint region
[2019-06-24T09:56:11.947+0000][1][safepoint    ] Total time for which application threads were stopped: 0.0001156 seconds, Stopping threads took: 0.0000581 seconds
[2019-06-24T09:56:11.947+0000][1][safepoint    ] Application time: 0.0001389 seconds
[2019-06-24T09:56:11.947+0000][1][safepoint    ] Entering safepoint region: RevokeBias
[2019-06-24T09:56:11.947+0000][1][safepoint    ] Leaving safepoint region
[2019-06-24T09:56:11.947+0000][1][safepoint    ] Total time for which application threads were stopped: 0.0000861 seconds, Stopping threads took: 0.0000480 seconds
[2019-06-24T09:56:12.125+0000][1][safepoint    ] Application time: 0.1784107 seconds
[2019-06-24T09:56:12.126+0000][1][safepoint    ] Entering safepoint region: BulkRevokeBias
[2019-06-24T09:56:12.126+0000][1][safepoint    ] Leaving safepoint region
[2019-06-24T09:56:12.126+0000][1][safepoint    ] Total time for which application threads were stopped: 0.0002440 seconds, Stopping threads took: 0.0000444 seconds
[2019-06-24T09:56:12.127+0000][1][safepoint    ] Application time: 0.0011208 seconds
[2019-06-24T09:56:12.127+0000][1][safepoint    ] Entering safepoint region: GenCollectForAllocation
[2019-06-24T09:56:12.127+0000][1][gc,start     ] GC(21) Pause Young (Allocation Failure)
[2019-06-24T09:56:12.127+0000][1][gc,task      ] GC(21) Using 5 workers of 8 for evacuation
[2019-06-24T09:56:12.141+0000][1][gc,age       ] GC(21) Desired survivor size 4456448 bytes, new threshold 2 (max threshold 6)
[2019-06-24T09:56:12.141+0000][1][gc,age       ] GC(21) Age table with threshold 2 (max threshold 6)
[2019-06-24T09:56:12.141+0000][1][gc,age       ] GC(21) - age   1:    3703288 bytes,    3703288 total
[2019-06-24T09:56:12.141+0000][1][gc,age       ] GC(21) - age   2:    1432592 bytes,    5135880 total
[2019-06-24T09:56:12.141+0000][1][gc,heap      ] GC(21) ParNew: 78412K->7084K(78656K)
[2019-06-24T09:56:12.141+0000][1][gc,heap      ] GC(21) CMS: 59072K->62125K(174784K)
[2019-06-24T09:56:12.141+0000][1][gc,metaspace ] GC(21) Metaspace: 61282K->61282K(1105920K)
[2019-06-24T09:56:12.141+0000][1][gc           ] GC(21) Pause Young (Allocation Failure) 134M->67M(247M) 13.945ms
[2019-06-24T09:56:12.141+0000][1][gc,cpu       ] GC(21) User=0.07s Sys=0.00s Real=0.01s
[2019-06-24T09:56:12.141+0000][1][safepoint    ] Leaving safepoint region
[2019-06-24T09:56:12.141+0000][1][safepoint    ] Total time for which application threads were stopped: 0.0142752 seconds, Stopping threads took: 0.0000431 seconds
[2019-06-24T09:56:12.268+0000][1][safepoint    ] Application time: 0.1267270 seconds
[2019-06-24T09:56:12.268+0000][1][safepoint    ] Entering safepoint region: Deoptimize
[2019-06-24T09:56:12.269+0000][1][safepoint    ] Leaving safepoint region
[2019-06-24T09:56:12.269+0000][1][safepoint    ] Total time for which application threads were stopped: 0.0005729 seconds, Stopping threads took: 0.0000233 seconds
[2019-06-24T09:56:12.280+0000][1][safepoint    ] Application time: 0.0118198 seconds
[2019-06-24T09:56:12.281+0000][1][safepoint    ] Entering safepoint region: RevokeBias
[2019-06-24T09:56:12.281+0000][1][safepoint    ] Leaving safepoint region
[2019-06-24T09:56:12.281+0000][1][safepoint    ] Total time for which application threads were stopped: 0.0001925 seconds, Stopping threads took: 0.0000943 seconds
[2019-06-24T09:56:12.281+0000][1][safepoint    ] Application time: 0.0006138 seconds
[2019-06-24T09:56:12.281+0000][1][safepoint    ] Entering safepoint region: RevokeBias
[2019-06-24T09:56:12.282+0000][1][safepoint    ] Leaving safepoint region
[2019-06-24T09:56:12.282+0000][1][safepoint    ] Total time for which application threads were stopped: 0.0001556 seconds, Stopping threads took: 0.0001007 seconds
[2019-06-24T09:56:12.282+0000][1][safepoint    ] Application time: 0.0008306 seconds
[2019-06-24T09:56:12.282+0000][1][safepoint    ] Entering safepoint region: RevokeBias
[2019-06-24T09:56:12.282+0000][1][safepoint    ] Leaving safepoint region
[2019-06-24T09:56:12.282+0000][1][safepoint    ] Total time for which application threads were stopped: 0.0000648 seconds, Stopping threads took: 0.0000137 seconds
[2019-06-24T09:56:12.283+0000][1][safepoint    ] Application time: 0.0004126 seconds
[2019-06-24T09:56:12.283+0000][1][safepoint    ] Entering safepoint region: RevokeBias
[2019-06-24T09:56:12.283+0000][1][safepoint    ] Leaving safepoint region
[2019-06-24T09:56:12.283+0000][1][safepoint    ] Total time for which application threads were stopped: 0.0000663 seconds, Stopping threads took: 0.0000122 seconds
[2019-06-24T09:56:12.283+0000][1][safepoint    ] Application time: 0.0000532 seconds
[2019-06-24T09:56:12.283+0000][1][safepoint    ] Entering safepoint region: RevokeBias
[2019-06-24T09:56:12.283+0000][1][safepoint    ] Leaving safepoint region
[2019-06-24T09:56:12.283+0000][1][safepoint    ] Total time for which application threads were stopped: 0.0000665 seconds, Stopping threads took: 0.0000102 seconds
[2019-06-24T09:56:12.283+0000][1][safepoint    ] Application time: 0.0001856 seconds
[2019-06-24T09:56:12.283+0000][1][safepoint    ] Entering safepoint region: RevokeBias
[2019-06-24T09:56:12.283+0000][1][safepoint    ] Leaving safepoint region
[2019-06-24T09:56:12.283+0000][1][safepoint    ] Total time for which application threads were stopped: 0.0000605 seconds, Stopping threads took: 0.0000109 seconds
[2019-06-24T09:56:12.284+0000][1][safepoint    ] Application time: 0.0002200 seconds
[2019-06-24T09:56:12.284+0000][1][safepoint    ] Entering safepoint region: RevokeBias
[2019-06-24T09:56:12.284+0000][1][safepoint    ] Leaving safepoint region
[2019-06-24T09:56:12.284+0000][1][safepoint    ] Total time for which application threads were stopped: 0.0000546 seconds, Stopping threads took: 0.0000111 seconds
[2019-06-24T09:56:12.284+0000][1][safepoint    ] Application time: 0.0001717 seconds
[2019-06-24T09:56:12.284+0000][1][safepoint    ] Entering safepoint region: RevokeBias
[2019-06-24T09:56:12.284+0000][1][safepoint    ] Leaving safepoint region
[2019-06-24T09:56:12.284+0000][1][safepoint    ] Total time for which application threads were stopped: 0.0000534 seconds, Stopping threads took: 0.0000107 seconds
[2019-06-24T09:56:12.284+0000][1][safepoint    ] Application time: 0.0000458 seconds
[2019-06-24T09:56:12.284+0000][1][safepoint    ] Entering safepoint region: RevokeBias
[2019-06-24T09:56:12.284+0000][1][safepoint    ] Leaving safepoint region
[2019-06-24T09:56:12.284+0000][1][safepoint    ] Total time for which application threads were stopped: 0.0000476 seconds, Stopping threads took: 0.0000098 seconds
[2019-06-24T09:56:12.285+0000][1][safepoint    ] Application time: 0.0005363 seconds
[2019-06-24T09:56:12.285+0000][1][safepoint    ] Entering safepoint region: RevokeBias
[2019-06-24T09:56:12.285+0000][1][safepoint    ] Leaving safepoint region
[2019-06-24T09:56:12.285+0000][1][safepoint    ] Total time for which application threads were stopped: 0.0000542 seconds, Stopping threads took: 0.0000115 seconds
[2019-06-24T09:56:12.286+0000][1][safepoint    ] Application time: 0.0013334 seconds
[2019-06-24T09:56:12.286+0000][1][safepoint    ] Entering safepoint region: RevokeBias
[2019-06-24T09:56:12.286+0000][1][safepoint    ] Leaving safepoint region
[2019-06-24T09:56:12.286+0000][1][safepoint    ] Total time for which application threads were stopped: 0.0001603 seconds, Stopping threads took: 0.0000233 seconds
[2019-06-24T09:56:12.287+0000][1][safepoint    ] Application time: 0.0005027 seconds
[2019-06-24T09:56:12.287+0000][1][safepoint    ] Entering safepoint region: RevokeBias
[2019-06-24T09:56:12.287+0000][1][safepoint    ] Leaving safepoint region
[2019-06-24T09:56:12.287+0000][1][safepoint    ] Total time for which application threads were stopped: 0.0002010 seconds, Stopping threads took: 0.0000175 seconds
[2019-06-24T09:56:12.293+0000][1][safepoint    ] Application time: 0.0060723 seconds
[2019-06-24T09:56:12.293+0000][1][safepoint    ] Entering safepoint region: Deoptimize
[2019-06-24T09:56:12.295+0000][1][safepoint    ] Leaving safepoint region
[2019-06-24T09:56:12.295+0000][1][safepoint    ] Total time for which application threads were stopped: 0.0016934 seconds, Stopping threads took: 0.0000421 seconds
[2019-06-24T09:56:12.356+0000][1][safepoint    ] Application time: 0.0612395 seconds
[2019-06-24T09:56:12.357+0000][1][safepoint    ] Entering safepoint region: RevokeBias
[2019-06-24T09:56:12.357+0000][1][safepoint    ] Leaving safepoint region
[2019-06-24T09:56:12.357+0000][1][safepoint    ] Total time for which application threads were stopped: 0.0008122 seconds, Stopping threads took: 0.0006729 seconds
[2019-06-24T09:56:12.360+0000][1][safepoint    ] Application time: 0.0024835 seconds
[2019-06-24T09:56:12.360+0000][1][safepoint    ] Entering safepoint region: RevokeBias
[2019-06-24T09:56:12.360+0000][1][safepoint    ] Leaving safepoint region
[2019-06-24T09:56:12.360+0000][1][safepoint    ] Total time for which application threads were stopped: 0.0003083 seconds, Stopping threads took: 0.0001238 seconds
[2019-06-24T09:56:12.361+0000][1][safepoint    ] Application time: 0.0005074 seconds
[2019-06-24T09:56:12.361+0000][1][safepoint    ] Entering safepoint region: RevokeBias
[2019-06-24T09:56:12.361+0000][1][safepoint    ] Leaving safepoint region
[2019-06-24T09:56:12.361+0000][1][safepoint    ] Total time for which application threads were stopped: 0.0002131 seconds, Stopping threads took: 0.0001285 seconds
[2019-06-24T09:56:12.361+0000][1][safepoint    ] Application time: 0.0001537 seconds
[2019-06-24T09:56:12.361+0000][1][safepoint    ] Entering safepoint region: RevokeBias
[2019-06-24T09:56:12.361+0000][1][safepoint    ] Leaving safepoint region
[2019-06-24T09:56:12.361+0000][1][safepoint    ] Total time for which application threads were stopped: 0.0000992 seconds, Stopping threads took: 0.0000520 seconds
[2019-06-24T09:56:12.361+0000][1][safepoint    ] Application time: 0.0000949 seconds
[2019-06-24T09:56:12.361+0000][1][safepoint    ] Entering safepoint region: RevokeBias
[2019-06-24T09:56:12.361+0000][1][safepoint    ] Leaving safepoint region
[2019-06-24T09:56:12.361+0000][1][safepoint    ] Total time for which application threads were stopped: 0.0001737 seconds, Stopping threads took: 0.0001249 seconds
[2019-06-24T09:56:12.361+0000][1][safepoint    ] Application time: 0.0001171 seconds
[2019-06-24T09:56:12.362+0000][1][safepoint    ] Entering safepoint region: RevokeBias
[2019-06-24T09:56:12.362+0000][1][safepoint    ] Leaving safepoint region
[2019-06-24T09:56:12.362+0000][1][safepoint    ] Total time for which application threads were stopped: 0.0001684 seconds, Stopping threads took: 0.0001036 seconds
[2019-06-24T09:56:12.362+0000][1][safepoint    ] Application time: 0.0001505 seconds
[2019-06-24T09:56:12.362+0000][1][safepoint    ] Entering safepoint region: RevokeBias
[2019-06-24T09:56:12.362+0000][1][safepoint    ] Leaving safepoint region
[2019-06-24T09:56:12.362+0000][1][safepoint    ] Total time for which application threads were stopped: 0.0000847 seconds, Stopping threads took: 0.0000423 seconds
[2019-06-24T09:56:12.363+0000][1][safepoint    ] Application time: 0.0011294 seconds
[2019-06-24T09:56:12.363+0000][1][safepoint    ] Entering safepoint region: RevokeBias
[2019-06-24T09:56:12.363+0000][1][safepoint    ] Leaving safepoint region
[2019-06-24T09:56:12.363+0000][1][safepoint    ] Total time for which application threads were stopped: 0.0001413 seconds, Stopping threads took: 0.0000641 seconds
[2019-06-24T09:56:12.364+0000][1][safepoint    ] Application time: 0.0004450 seconds
[2019-06-24T09:56:12.364+0000][1][safepoint    ] Entering safepoint region: RevokeBias
[2019-06-24T09:56:12.364+0000][1][safepoint    ] Leaving safepoint region
[2019-06-24T09:56:12.364+0000][1][safepoint    ] Total time for which application threads were stopped: 0.0001328 seconds, Stopping threads took: 0.0000571 seconds
[2019-06-24T09:56:12.364+0000][1][safepoint    ] Application time: 0.0001339 seconds
[2019-06-24T09:56:12.364+0000][1][safepoint    ] Entering safepoint region: RevokeBias
[2019-06-24T09:56:12.364+0000][1][safepoint    ] Leaving safepoint region
[2019-06-24T09:56:12.364+0000][1][safepoint    ] Total time for which application threads were stopped: 0.0001532 seconds, Stopping threads took: 0.0001155 seconds
[2019-06-24T09:56:12.367+0000][1][safepoint    ] Application time: 0.0025802 seconds
[2019-06-24T09:56:12.367+0000][1][safepoint    ] Entering safepoint region: RevokeBias
[2019-06-24T09:56:12.367+0000][1][safepoint    ] Leaving safepoint region
[2019-06-24T09:56:12.367+0000][1][safepoint    ] Total time for which application threads were stopped: 0.0001895 seconds, Stopping threads took: 0.0001249 seconds
[2019-06-24T09:56:12.369+0000][1][safepoint    ] Application time: 0.0016551 seconds
[2019-06-24T09:56:12.369+0000][1][safepoint    ] Entering safepoint region: RevokeBias
[2019-06-24T09:56:12.369+0000][1][safepoint    ] Leaving safepoint region
[2019-06-24T09:56:12.369+0000][1][safepoint    ] Total time for which application threads were stopped: 0.0001420 seconds, Stopping threads took: 0.0000819 seconds
[2019-06-24T09:56:12.369+0000][1][safepoint    ] Application time: 0.0004864 seconds
[2019-06-24T09:56:12.369+0000][1][safepoint    ] Entering safepoint region: RevokeBias
[2019-06-24T09:56:12.369+0000][1][safepoint    ] Leaving safepoint region
[2019-06-24T09:56:12.369+0000][1][safepoint    ] Total time for which application threads were stopped: 0.0001112 seconds, Stopping threads took: 0.0000518 seconds
[2019-06-24T09:56:12.371+0000][1][safepoint    ] Application time: 0.0019522 seconds
[2019-06-24T09:56:12.372+0000][1][safepoint    ] Entering safepoint region: RevokeBias
[2019-06-24T09:56:12.372+0000][1][safepoint    ] Leaving safepoint region
[2019-06-24T09:56:12.372+0000][1][safepoint    ] Total time for which application threads were stopped: 0.0003025 seconds, Stopping threads took: 0.0001524 seconds
[2019-06-24T09:56:12.375+0000][1][safepoint    ] Application time: 0.0028367 seconds
[2019-06-24T09:56:12.375+0000][1][safepoint    ] Entering safepoint region: RevokeBias
[2019-06-24T09:56:12.375+0000][1][safepoint    ] Leaving safepoint region
[2019-06-24T09:56:12.375+0000][1][safepoint    ] Total time for which application threads were stopped: 0.0006921 seconds, Stopping threads took: 0.0006220 seconds
[2019-06-24T09:56:12.376+0000][1][safepoint    ] Application time: 0.0002461 seconds
[2019-06-24T09:56:12.376+0000][1][safepoint    ] Entering safepoint region: RevokeBias
[2019-06-24T09:56:12.376+0000][1][safepoint    ] Leaving safepoint region
[2019-06-24T09:56:12.376+0000][1][safepoint    ] Total time for which application threads were stopped: 0.0002502 seconds, Stopping threads took: 0.0000705 seconds
[2019-06-24T09:56:12.376+0000][1][safepoint    ] Application time: 0.0001476 seconds
[2019-06-24T09:56:12.376+0000][1][safepoint    ] Entering safepoint region: RevokeBias
[2019-06-24T09:56:12.376+0000][1][safepoint    ] Leaving safepoint region
[2019-06-24T09:56:12.376+0000][1][safepoint    ] Total time for which application threads were stopped: 0.0002403 seconds, Stopping threads took: 0.0000604 seconds
[2019-06-24T09:56:12.377+0000][1][safepoint    ] Application time: 0.0003211 seconds
[2019-06-24T09:56:12.377+0000][1][safepoint    ] Entering safepoint region: RevokeBias
[2019-06-24T09:56:12.377+0000][1][safepoint    ] Leaving safepoint region
[2019-06-24T09:56:12.377+0000][1][safepoint    ] Total time for which application threads were stopped: 0.0001061 seconds, Stopping threads took: 0.0000157 seconds
[2019-06-24T09:56:12.377+0000][1][safepoint    ] Application time: 0.0000754 seconds
[2019-06-24T09:56:12.377+0000][1][safepoint    ] Entering safepoint region: RevokeBias
[2019-06-24T09:56:12.377+0000][1][safepoint    ] Leaving safepoint region
[2019-06-24T09:56:12.377+0000][1][safepoint    ] Total time for which application threads were stopped: 0.0000862 seconds, Stopping threads took: 0.0000121 seconds
[2019-06-24T09:56:12.378+0000][1][safepoint    ] Application time: 0.0007139 seconds
[2019-06-24T09:56:12.378+0000][1][safepoint    ] Entering safepoint region: RevokeBias
[2019-06-24T09:56:12.378+0000][1][safepoint    ] Leaving safepoint region
[2019-06-24T09:56:12.378+0000][1][safepoint    ] Total time for which application threads were stopped: 0.0000818 seconds, Stopping threads took: 0.0000163 seconds
[2019-06-24T09:56:12.378+0000][1][safepoint    ] Application time: 0.0000986 seconds
[2019-06-24T09:56:12.378+0000][1][safepoint    ] Entering safepoint region: RevokeBias
[2019-06-24T09:56:12.378+0000][1][safepoint    ] Leaving safepoint region
[2019-06-24T09:56:12.378+0000][1][safepoint    ] Total time for which application threads were stopped: 0.0000728 seconds, Stopping threads took: 0.0000143 seconds
[2019-06-24T09:56:12.384+0000][1][safepoint    ] Application time: 0.0060271 seconds
[2019-06-24T09:56:12.384+0000][1][safepoint    ] Entering safepoint region: RevokeBias
[2019-06-24T09:56:12.384+0000][1][safepoint    ] Leaving safepoint region
[2019-06-24T09:56:12.384+0000][1][safepoint    ] Total time for which application threads were stopped: 0.0000980 seconds, Stopping threads took: 0.0000343 seconds
[2019-06-24T09:56:12.386+0000][1][safepoint    ] Application time: 0.0020321 seconds
[2019-06-24T09:56:12.387+0000][1][safepoint    ] Entering safepoint region: RevokeBias
[2019-06-24T09:56:12.387+0000][1][safepoint    ] Leaving safepoint region
[2019-06-24T09:56:12.387+0000][1][safepoint    ] Total time for which application threads were stopped: 0.0006953 seconds, Stopping threads took: 0.0004936 seconds
[2019-06-24T09:56:12.391+0000][1][safepoint    ] Application time: 0.0038101 seconds
[2019-06-24T09:56:12.391+0000][1][safepoint    ] Entering safepoint region: RevokeBias
[2019-06-24T09:56:12.391+0000][1][safepoint    ] Leaving safepoint region
[2019-06-24T09:56:12.391+0000][1][safepoint    ] Total time for which application threads were stopped: 0.0001702 seconds, Stopping threads took: 0.0000613 seconds
[2019-06-24T09:56:12.391+0000][1][safepoint    ] Application time: 0.0002541 seconds
[2019-06-24T09:56:12.391+0000][1][safepoint    ] Entering safepoint region: RevokeBias
[2019-06-24T09:56:12.392+0000][1][safepoint    ] Leaving safepoint region
[2019-06-24T09:56:12.392+0000][1][safepoint    ] Total time for which application threads were stopped: 0.0002469 seconds, Stopping threads took: 0.0001752 seconds
[2019-06-24T09:56:12.392+0000][1][safepoint    ] Application time: 0.0001989 seconds
[2019-06-24T09:56:12.392+0000][1][safepoint    ] Entering safepoint region: RevokeBias
[2019-06-24T09:56:12.392+0000][1][safepoint    ] Leaving safepoint region
[2019-06-24T09:56:12.392+0000][1][safepoint    ] Total time for which application threads were stopped: 0.0002072 seconds, Stopping threads took: 0.0000916 seconds
[2019-06-24T09:56:12.395+0000][1][safepoint    ] Application time: 0.0033759 seconds
[2019-06-24T09:56:12.396+0000][1][safepoint    ] Entering safepoint region: RevokeBias
[2019-06-24T09:56:12.396+0000][1][safepoint    ] Leaving safepoint region
[2019-06-24T09:56:12.396+0000][1][safepoint    ] Total time for which application threads were stopped: 0.0004593 seconds, Stopping threads took: 0.0001454 seconds
[2019-06-24T09:56:12.396+0000][1][safepoint    ] Application time: 0.0001227 seconds
[2019-06-24T09:56:12.399+0000][1][safepoint    ] Entering safepoint region: RevokeBias
[2019-06-24T09:56:12.399+0000][1][safepoint    ] Leaving safepoint region
[2019-06-24T09:56:12.399+0000][1][safepoint    ] Total time for which application threads were stopped: 0.0026432 seconds, Stopping threads took: 0.0025760 seconds
[2019-06-24T09:56:12.399+0000][1][safepoint    ] Application time: 0.0007613 seconds
[2019-06-24T09:56:12.400+0000][1][safepoint    ] Entering safepoint region: RevokeBias
[2019-06-24T09:56:12.400+0000][1][safepoint    ] Leaving safepoint region
[2019-06-24T09:56:12.400+0000][1][safepoint    ] Total time for which application threads were stopped: 0.0001463 seconds, Stopping threads took: 0.0000670 seconds
[2019-06-24T09:56:12.400+0000][1][safepoint    ] Application time: 0.0003186 seconds
[2019-06-24T09:56:12.400+0000][1][safepoint    ] Entering safepoint region: RevokeBias
[2019-06-24T09:56:12.400+0000][1][safepoint    ] Leaving safepoint region
[2019-06-24T09:56:12.400+0000][1][safepoint    ] Total time for which application threads were stopped: 0.0001702 seconds, Stopping threads took: 0.0000628 seconds
[2019-06-24T09:56:12.401+0000][1][safepoint    ] Application time: 0.0005557 seconds
[2019-06-24T09:56:12.401+0000][1][safepoint    ] Entering safepoint region: RevokeBias
[2019-06-24T09:56:12.401+0000][1][safepoint    ] Leaving safepoint region
[2019-06-24T09:56:12.401+0000][1][safepoint    ] Total time for which application threads were stopped: 0.0002266 seconds, Stopping threads took: 0.0001411 seconds
[2019-06-24T09:56:12.401+0000][1][safepoint    ] Application time: 0.0000617 seconds
[2019-06-24T09:56:12.401+0000][1][safepoint    ] Entering safepoint region: RevokeBias
[2019-06-24T09:56:12.401+0000][1][safepoint    ] Leaving safepoint region
[2019-06-24T09:56:12.401+0000][1][safepoint    ] Total time for which application threads were stopped: 0.0001346 seconds, Stopping threads took: 0.0000483 seconds
[2019-06-24T09:56:12.405+0000][1][safepoint    ] Application time: 0.0037045 seconds
[2019-06-24T09:56:12.406+0000][1][safepoint    ] Entering safepoint region: RevokeBias
[2019-06-24T09:56:12.406+0000][1][safepoint    ] Leaving safepoint region
[2019-06-24T09:56:12.406+0000][1][safepoint    ] Total time for which application threads were stopped: 0.0013115 seconds, Stopping threads took: 0.0010762 seconds
[2019-06-24T09:56:12.407+0000][1][safepoint    ] Application time: 0.0001755 seconds
[2019-06-24T09:56:12.408+0000][1][safepoint    ] Entering safepoint region: RevokeBias
[2019-06-24T09:56:12.408+0000][1][safepoint    ] Leaving safepoint region
[2019-06-24T09:56:12.408+0000][1][safepoint    ] Total time for which application threads were stopped: 0.0010846 seconds, Stopping threads took: 0.0009946 seconds
[2019-06-24T09:56:12.413+0000][1][safepoint    ] Application time: 0.0054967 seconds
[2019-06-24T09:56:12.413+0000][1][safepoint    ] Entering safepoint region: RevokeBias
[2019-06-24T09:56:12.413+0000][1][safepoint    ] Leaving safepoint region
[2019-06-24T09:56:12.413+0000][1][safepoint    ] Total time for which application threads were stopped: 0.0001389 seconds, Stopping threads took: 0.0000254 seconds
[2019-06-24T09:56:12.413+0000][1][safepoint    ] Application time: 0.0001144 seconds
[2019-06-24T09:56:12.414+0000][1][safepoint    ] Entering safepoint region: RevokeBias
[2019-06-24T09:56:12.414+0000][1][safepoint    ] Leaving safepoint region
[2019-06-24T09:56:12.414+0000][1][safepoint    ] Total time for which application threads were stopped: 0.0001158 seconds, Stopping threads took: 0.0000299 seconds
[2019-06-24T09:56:12.414+0000][1][safepoint    ] Application time: 0.0001629 seconds
[2019-06-24T09:56:12.414+0000][1][safepoint    ] Entering safepoint region: RevokeBias
[2019-06-24T09:56:12.414+0000][1][safepoint    ] Leaving safepoint region
[2019-06-24T09:56:12.414+0000][1][safepoint    ] Total time for which application threads were stopped: 0.0000781 seconds, Stopping threads took: 0.0000158 seconds
[2019-06-24T09:56:12.414+0000][1][safepoint    ] Application time: 0.0000928 seconds
[2019-06-24T09:56:12.414+0000][1][safepoint    ] Entering safepoint region: RevokeBias
[2019-06-24T09:56:12.414+0000][1][safepoint    ] Leaving safepoint region
[2019-06-24T09:56:12.414+0000][1][safepoint    ] Total time for which application threads were stopped: 0.0000825 seconds, Stopping threads took: 0.0000155 seconds
[2019-06-24T09:56:12.417+0000][1][safepoint    ] Application time: 0.0030678 seconds
[2019-06-24T09:56:12.417+0000][1][safepoint    ] Entering safepoint region: RevokeBias
[2019-06-24T09:56:12.417+0000][1][safepoint    ] Leaving safepoint region
[2019-06-24T09:56:12.417+0000][1][safepoint    ] Total time for which application threads were stopped: 0.0000990 seconds, Stopping threads took: 0.0000229 seconds
[2019-06-24T09:56:12.417+0000][1][safepoint    ] Application time: 0.0001332 seconds
[2019-06-24T09:56:12.418+0000][1][safepoint    ] Entering safepoint region: RevokeBias
[2019-06-24T09:56:12.418+0000][1][safepoint    ] Leaving safepoint region
[2019-06-24T09:56:12.418+0000][1][safepoint    ] Total time for which application threads were stopped: 0.0001060 seconds, Stopping threads took: 0.0000501 seconds
[2019-06-24T09:56:12.418+0000][1][safepoint    ] Application time: 0.0001134 seconds
[2019-06-24T09:56:12.418+0000][1][safepoint    ] Entering safepoint region: RevokeBias
[2019-06-24T09:56:12.418+0000][1][safepoint    ] Leaving safepoint region
[2019-06-24T09:56:12.418+0000][1][safepoint    ] Total time for which application threads were stopped: 0.0001322 seconds, Stopping threads took: 0.0000809 seconds
[2019-06-24T09:56:12.418+0000][1][safepoint    ] Application time: 0.0001008 seconds
[2019-06-24T09:56:12.418+0000][1][safepoint    ] Entering safepoint region: RevokeBias
[2019-06-24T09:56:12.418+0000][1][safepoint    ] Leaving safepoint region
[2019-06-24T09:56:12.418+0000][1][safepoint    ] Total time for which application threads were stopped: 0.0001486 seconds, Stopping threads took: 0.0000864 seconds
[2019-06-24T09:56:12.424+0000][1][safepoint    ] Application time: 0.0059078 seconds
[2019-06-24T09:56:12.425+0000][1][safepoint    ] Entering safepoint region: RevokeBias
[2019-06-24T09:56:12.425+0000][1][safepoint    ] Leaving safepoint region
[2019-06-24T09:56:12.425+0000][1][safepoint    ] Total time for which application threads were stopped: 0.0012280 seconds, Stopping threads took: 0.0010995 seconds
[2019-06-24T09:56:12.426+0000][1][safepoint    ] Application time: 0.0002070 seconds
[2019-06-24T09:56:12.426+0000][1][safepoint    ] Entering safepoint region: RevokeBias
[2019-06-24T09:56:12.426+0000][1][safepoint    ] Leaving safepoint region
[2019-06-24T09:56:12.426+0000][1][safepoint    ] Total time for which application threads were stopped: 0.0001136 seconds, Stopping threads took: 0.0000212 seconds
[2019-06-24T09:56:12.428+0000][1][safepoint    ] Application time: 0.0020449 seconds
[2019-06-24T09:56:12.428+0000][1][safepoint    ] Entering safepoint region: RevokeBias
[2019-06-24T09:56:12.428+0000][1][safepoint    ] Leaving safepoint region
[2019-06-24T09:56:12.428+0000][1][safepoint    ] Total time for which application threads were stopped: 0.0005175 seconds, Stopping threads took: 0.0002432 seconds
[2019-06-24T09:56:12.430+0000][1][safepoint    ] Application time: 0.0015825 seconds
[2019-06-24T09:56:12.430+0000][1][safepoint    ] Entering safepoint region: RevokeBias
[2019-06-24T09:56:12.430+0000][1][safepoint    ] Leaving safepoint region
[2019-06-24T09:56:12.430+0000][1][safepoint    ] Total time for which application threads were stopped: 0.0002263 seconds, Stopping threads took: 0.0001060 seconds
[2019-06-24T09:56:12.431+0000][1][safepoint    ] Application time: 0.0002857 seconds
[2019-06-24T09:56:12.431+0000][1][safepoint    ] Entering safepoint region: RevokeBias
[2019-06-24T09:56:12.431+0000][1][safepoint    ] Leaving safepoint region
[2019-06-24T09:56:12.431+0000][1][safepoint    ] Total time for which application threads were stopped: 0.0002925 seconds, Stopping threads took: 0.0001952 seconds
[2019-06-24T09:56:12.431+0000][1][safepoint    ] Application time: 0.0001003 seconds
[2019-06-24T09:56:12.431+0000][1][safepoint    ] Entering safepoint region: RevokeBias
[2019-06-24T09:56:12.431+0000][1][safepoint    ] Leaving safepoint region
[2019-06-24T09:56:12.431+0000][1][safepoint    ] Total time for which application threads were stopped: 0.0001013 seconds, Stopping threads took: 0.0000318 seconds
[2019-06-24T09:56:12.431+0000][1][safepoint    ] Application time: 0.0001275 seconds
[2019-06-24T09:56:12.431+0000][1][safepoint    ] Entering safepoint region: RevokeBias
[2019-06-24T09:56:12.431+0000][1][safepoint    ] Leaving safepoint region
[2019-06-24T09:56:12.431+0000][1][safepoint    ] Total time for which application threads were stopped: 0.0001657 seconds, Stopping threads took: 0.0000898 seconds
[2019-06-24T09:56:12.433+0000][1][safepoint    ] Application time: 0.0010256 seconds
[2019-06-24T09:56:12.433+0000][1][safepoint    ] Entering safepoint region: RevokeBias
[2019-06-24T09:56:12.433+0000][1][safepoint    ] Leaving safepoint region
[2019-06-24T09:56:12.433+0000][1][safepoint    ] Total time for which application threads were stopped: 0.0001397 seconds, Stopping threads took: 0.0000587 seconds
[2019-06-24T09:56:12.444+0000][1][safepoint    ] Application time: 0.0108820 seconds
[2019-06-24T09:56:12.444+0000][1][safepoint    ] Entering safepoint region: RevokeBias
[2019-06-24T09:56:12.444+0000][1][safepoint    ] Leaving safepoint region
[2019-06-24T09:56:12.444+0000][1][safepoint    ] Total time for which application threads were stopped: 0.0002398 seconds, Stopping threads took: 0.0000563 seconds
[2019-06-24T09:56:12.444+0000][1][safepoint    ] Application time: 0.0000687 seconds
[2019-06-24T09:56:12.444+0000][1][safepoint    ] Entering safepoint region: RevokeBias
[2019-06-24T09:56:12.444+0000][1][safepoint    ] Leaving safepoint region
[2019-06-24T09:56:12.444+0000][1][safepoint    ] Total time for which application threads were stopped: 0.0000947 seconds, Stopping threads took: 0.0000166 seconds
[2019-06-24T09:56:12.465+0000][1][safepoint    ] Application time: 0.0204740 seconds
[2019-06-24T09:56:12.465+0000][1][safepoint    ] Entering safepoint region: RevokeBias
[2019-06-24T09:56:12.465+0000][1][safepoint    ] Leaving safepoint region
[2019-06-24T09:56:12.465+0000][1][safepoint    ] Total time for which application threads were stopped: 0.0001130 seconds, Stopping threads took: 0.0000285 seconds
[2019-06-24T09:56:12.488+0000][1][safepoint    ] Application time: 0.0226550 seconds
[2019-06-24T09:56:12.488+0000][1][safepoint    ] Entering safepoint region: RevokeBias
[2019-06-24T09:56:12.488+0000][1][safepoint    ] Leaving safepoint region
[2019-06-24T09:56:12.488+0000][1][safepoint    ] Total time for which application threads were stopped: 0.0004269 seconds, Stopping threads took: 0.0001555 seconds
[2019-06-24T09:56:12.489+0000][1][safepoint    ] Application time: 0.0009517 seconds
[2019-06-24T09:56:12.489+0000][1][safepoint    ] Entering safepoint region: RevokeBias
[2019-06-24T09:56:12.489+0000][1][safepoint    ] Leaving safepoint region
[2019-06-24T09:56:12.489+0000][1][safepoint    ] Total time for which application threads were stopped: 0.0003288 seconds, Stopping threads took: 0.0000619 seconds
[2019-06-24T09:56:12.490+0000][1][safepoint    ] Application time: 0.0002732 seconds
[2019-06-24T09:56:12.490+0000][1][safepoint    ] Entering safepoint region: RevokeBias
[2019-06-24T09:56:12.490+0000][1][safepoint    ] Leaving safepoint region
[2019-06-24T09:56:12.490+0000][1][safepoint    ] Total time for which application threads were stopped: 0.0002683 seconds, Stopping threads took: 0.0000462 seconds
[2019-06-24T09:56:12.490+0000][1][safepoint    ] Application time: 0.0001148 seconds
[2019-06-24T09:56:12.490+0000][1][safepoint    ] Entering safepoint region: RevokeBias
[2019-06-24T09:56:12.490+0000][1][safepoint    ] Leaving safepoint region
[2019-06-24T09:56:12.490+0000][1][safepoint    ] Total time for which application threads were stopped: 0.0001220 seconds, Stopping threads took: 0.0000286 seconds
[2019-06-24T09:56:12.491+0000][1][safepoint    ] Application time: 0.0005446 seconds
[2019-06-24T09:56:12.491+0000][1][safepoint    ] Entering safepoint region: RevokeBias
[2019-06-24T09:56:12.491+0000][1][safepoint    ] Leaving safepoint region
[2019-06-24T09:56:12.491+0000][1][safepoint    ] Total time for which application threads were stopped: 0.0003754 seconds, Stopping threads took: 0.0002741 seconds
[2019-06-24T09:56:12.546+0000][1][safepoint    ] Application time: 0.0546404 seconds
[2019-06-24T09:56:12.546+0000][1][safepoint    ] Entering safepoint region: RevokeBias
[2019-06-24T09:56:12.546+0000][1][safepoint    ] Leaving safepoint region
[2019-06-24T09:56:12.546+0000][1][safepoint    ] Total time for which application threads were stopped: 0.0002109 seconds, Stopping threads took: 0.0000450 seconds
[2019-06-24T09:56:12.551+0000][1][safepoint    ] Application time: 0.0047161 seconds
[2019-06-24T09:56:12.551+0000][1][safepoint    ] Entering safepoint region: RevokeBias
[2019-06-24T09:56:12.551+0000][1][safepoint    ] Leaving safepoint region
[2019-06-24T09:56:12.551+0000][1][safepoint    ] Total time for which application threads were stopped: 0.0002072 seconds, Stopping threads took: 0.0000659 seconds
[2019-06-24T09:56:12.554+0000][1][safepoint    ] Application time: 0.0025961 seconds
[2019-06-24T09:56:12.554+0000][1][safepoint    ] Entering safepoint region: RevokeBias
[2019-06-24T09:56:12.555+0000][1][safepoint    ] Leaving safepoint region
[2019-06-24T09:56:12.555+0000][1][safepoint    ] Total time for which application threads were stopped: 0.0006501 seconds, Stopping threads took: 0.0002076 seconds
[2019-06-24T09:56:12.556+0000][1][safepoint    ] Application time: 0.0009974 seconds
[2019-06-24T09:56:12.556+0000][1][safepoint    ] Entering safepoint region: RevokeBias
[2019-06-24T09:56:12.556+0000][1][safepoint    ] Leaving safepoint region
[2019-06-24T09:56:12.556+0000][1][safepoint    ] Total time for which application threads were stopped: 0.0003182 seconds, Stopping threads took: 0.0001384 seconds
[2019-06-24T09:56:12.556+0000][1][safepoint    ] Application time: 0.0002251 seconds
[2019-06-24T09:56:12.556+0000][1][safepoint    ] Entering safepoint region: RevokeBias
[2019-06-24T09:56:12.557+0000][1][safepoint    ] Leaving safepoint region
[2019-06-24T09:56:12.557+0000][1][safepoint    ] Total time for which application threads were stopped: 0.0002860 seconds, Stopping threads took: 0.0001050 seconds
[2019-06-24T09:56:12.557+0000][1][safepoint    ] Application time: 0.0001063 seconds
[2019-06-24T09:56:12.557+0000][1][safepoint    ] Entering safepoint region: RevokeBias
[2019-06-24T09:56:12.557+0000][1][safepoint    ] Leaving safepoint region
[2019-06-24T09:56:12.557+0000][1][safepoint    ] Total time for which application threads were stopped: 0.0001523 seconds, Stopping threads took: 0.0000595 seconds
[2019-06-24T09:56:12.559+0000][1][safepoint    ] Application time: 0.0018367 seconds
[2019-06-24T09:56:12.565+0000][1][safepoint    ] Entering safepoint region: RevokeBias
[2019-06-24T09:56:12.565+0000][1][safepoint    ] Leaving safepoint region
[2019-06-24T09:56:12.565+0000][1][safepoint    ] Total time for which application threads were stopped: 0.0062726 seconds, Stopping threads took: 0.0061643 seconds
[2019-06-24T09:56:12.565+0000][1][safepoint    ] Application time: 0.0002997 seconds
[2019-06-24T09:56:12.566+0000][1][safepoint    ] Entering safepoint region: RevokeBias
[2019-06-24T09:56:12.566+0000][1][safepoint    ] Leaving safepoint region
[2019-06-24T09:56:12.566+0000][1][safepoint    ] Total time for which application threads were stopped: 0.0001710 seconds, Stopping threads took: 0.0000579 seconds
[2019-06-24T09:56:12.571+0000][1][safepoint    ] Application time: 0.0051595 seconds
[2019-06-24T09:56:12.571+0000][1][safepoint    ] Entering safepoint region: RevokeBias
[2019-06-24T09:56:12.571+0000][1][safepoint    ] Leaving safepoint region
[2019-06-24T09:56:12.571+0000][1][safepoint    ] Total time for which application threads were stopped: 0.0004734 seconds, Stopping threads took: 0.0002049 seconds
[2019-06-24T09:56:12.572+0000][1][safepoint    ] Application time: 0.0002890 seconds
[2019-06-24T09:56:12.572+0000][1][safepoint    ] Entering safepoint region: RevokeBias
[2019-06-24T09:56:12.572+0000][1][safepoint    ] Leaving safepoint region
[2019-06-24T09:56:12.572+0000][1][safepoint    ] Total time for which application threads were stopped: 0.0003665 seconds, Stopping threads took: 0.0001578 seconds
[2019-06-24T09:56:12.573+0000][1][safepoint    ] Application time: 0.0007523 seconds
[2019-06-24T09:56:12.574+0000][1][safepoint    ] Entering safepoint region: RevokeBias
[2019-06-24T09:56:12.574+0000][1][safepoint    ] Leaving safepoint region
[2019-06-24T09:56:12.574+0000][1][safepoint    ] Total time for which application threads were stopped: 0.0014656 seconds, Stopping threads took: 0.0013447 seconds
[2019-06-24T09:56:12.579+0000][1][safepoint    ] Application time: 0.0044048 seconds
[2019-06-24T09:56:12.579+0000][1][safepoint    ] Entering safepoint region: RevokeBias
[2019-06-24T09:56:12.579+0000][1][safepoint    ] Leaving safepoint region
[2019-06-24T09:56:12.579+0000][1][safepoint    ] Total time for which application threads were stopped: 0.0001886 seconds, Stopping threads took: 0.0001113 seconds
[2019-06-24T09:56:12.579+0000][1][safepoint    ] Application time: 0.0001210 seconds
[2019-06-24T09:56:12.579+0000][1][safepoint    ] Entering safepoint region: RevokeBias
[2019-06-24T09:56:12.579+0000][1][safepoint    ] Leaving safepoint region
[2019-06-24T09:56:12.579+0000][1][safepoint    ] Total time for which application threads were stopped: 0.0001346 seconds, Stopping threads took: 0.0000768 seconds
[2019-06-24T09:56:12.580+0000][1][safepoint    ] Application time: 0.0007346 seconds
[2019-06-24T09:56:12.580+0000][1][safepoint    ] Entering safepoint region: RevokeBias
[2019-06-24T09:56:12.580+0000][1][safepoint    ] Leaving safepoint region
[2019-06-24T09:56:12.580+0000][1][safepoint    ] Total time for which application threads were stopped: 0.0001965 seconds, Stopping threads took: 0.0000838 seconds
[2019-06-24T09:56:12.581+0000][1][safepoint    ] Application time: 0.0004608 seconds
[2019-06-24T09:56:12.581+0000][1][safepoint    ] Entering safepoint region: RevokeBias
[2019-06-24T09:56:12.581+0000][1][safepoint    ] Leaving safepoint region
[2019-06-24T09:56:12.581+0000][1][safepoint    ] Total time for which application threads were stopped: 0.0002049 seconds, Stopping threads took: 0.0000655 seconds
[2019-06-24T09:56:12.581+0000][1][safepoint    ] Application time: 0.0001174 seconds
[2019-06-24T09:56:12.581+0000][1][safepoint    ] Entering safepoint region: RevokeBias
[2019-06-24T09:56:12.581+0000][1][safepoint    ] Leaving safepoint region
[2019-06-24T09:56:12.581+0000][1][safepoint    ] Total time for which application threads were stopped: 0.0000987 seconds, Stopping threads took: 0.0000169 seconds
[2019-06-24T09:56:12.582+0000][1][safepoint    ] Application time: 0.0002253 seconds
[2019-06-24T09:56:12.582+0000][1][safepoint    ] Entering safepoint region: RevokeBias
[2019-06-24T09:56:12.582+0000][1][safepoint    ] Leaving safepoint region
[2019-06-24T09:56:12.582+0000][1][safepoint    ] Total time for which application threads were stopped: 0.0003021 seconds, Stopping threads took: 0.0001825 seconds
[2019-06-24T09:56:12.595+0000][1][safepoint    ] Application time: 0.0126699 seconds
[2019-06-24T09:56:12.595+0000][1][safepoint    ] Entering safepoint region: RevokeBias
[2019-06-24T09:56:12.595+0000][1][safepoint    ] Leaving safepoint region
[2019-06-24T09:56:12.595+0000][1][safepoint    ] Total time for which application threads were stopped: 0.0001718 seconds, Stopping threads took: 0.0000326 seconds
[2019-06-24T09:56:12.595+0000][1][safepoint    ] Application time: 0.0005442 seconds
[2019-06-24T09:56:12.596+0000][1][safepoint    ] Entering safepoint region: RevokeBias
[2019-06-24T09:56:12.596+0000][1][safepoint    ] Leaving safepoint region
[2019-06-24T09:56:12.596+0000][1][safepoint    ] Total time for which application threads were stopped: 0.0005810 seconds, Stopping threads took: 0.0005038 seconds
[2019-06-24T09:56:12.599+0000][1][safepoint    ] Application time: 0.0032778 seconds
[2019-06-24T09:56:12.599+0000][1][safepoint    ] Entering safepoint region: RevokeBias
[2019-06-24T09:56:12.600+0000][1][safepoint    ] Leaving safepoint region
[2019-06-24T09:56:12.600+0000][1][safepoint    ] Total time for which application threads were stopped: 0.0004063 seconds, Stopping threads took: 0.0001800 seconds
[2019-06-24T09:56:12.601+0000][1][safepoint    ] Application time: 0.0009063 seconds
[2019-06-24T09:56:12.601+0000][1][safepoint    ] Entering safepoint region: RevokeBias
[2019-06-24T09:56:12.601+0000][1][safepoint    ] Leaving safepoint region
[2019-06-24T09:56:12.601+0000][1][safepoint    ] Total time for which application threads were stopped: 0.0003040 seconds, Stopping threads took: 0.0001862 seconds
[2019-06-24T09:56:12.601+0000][1][safepoint    ] Application time: 0.0003784 seconds
[2019-06-24T09:56:12.602+0000][1][safepoint    ] Entering safepoint region: RevokeBias
[2019-06-24T09:56:12.602+0000][1][safepoint    ] Leaving safepoint region
[2019-06-24T09:56:12.602+0000][1][safepoint    ] Total time for which application threads were stopped: 0.0004109 seconds, Stopping threads took: 0.0003070 seconds
[2019-06-24T09:56:12.602+0000][1][safepoint    ] Application time: 0.0001320 seconds
[2019-06-24T09:56:12.602+0000][1][safepoint    ] Entering safepoint region: RevokeBias
[2019-06-24T09:56:12.602+0000][1][safepoint    ] Leaving safepoint region
[2019-06-24T09:56:12.602+0000][1][safepoint    ] Total time for which application threads were stopped: 0.0001443 seconds, Stopping threads took: 0.0000558 seconds
[2019-06-24T09:56:12.602+0000][1][safepoint    ] Application time: 0.0001629 seconds
[2019-06-24T09:56:12.608+0000][1][safepoint    ] Entering safepoint region: RevokeBias
[2019-06-24T09:56:12.608+0000][1][safepoint    ] Leaving safepoint region
[2019-06-24T09:56:12.608+0000][1][safepoint    ] Total time for which application threads were stopped: 0.0054901 seconds, Stopping threads took: 0.0053639 seconds
[2019-06-24T09:56:12.609+0000][1][safepoint    ] Application time: 0.0007972 seconds
[2019-06-24T09:56:12.609+0000][1][safepoint    ] Entering safepoint region: RevokeBias
[2019-06-24T09:56:12.609+0000][1][safepoint    ] Leaving safepoint region
[2019-06-24T09:56:12.609+0000][1][safepoint    ] Total time for which application threads were stopped: 0.0002075 seconds, Stopping threads took: 0.0000855 seconds
[2019-06-24T09:56:12.610+0000][1][safepoint    ] Application time: 0.0007744 seconds
[2019-06-24T09:56:12.610+0000][1][safepoint    ] Entering safepoint region: RevokeBias
[2019-06-24T09:56:12.610+0000][1][safepoint    ] Leaving safepoint region
[2019-06-24T09:56:12.610+0000][1][safepoint    ] Total time for which application threads were stopped: 0.0006667 seconds, Stopping threads took: 0.0003617 seconds
[2019-06-24T09:56:12.612+0000][1][safepoint    ] Application time: 0.0011246 seconds
[2019-06-24T09:56:12.612+0000][1][safepoint    ] Entering safepoint region: RevokeBias
[2019-06-24T09:56:12.612+0000][1][safepoint    ] Leaving safepoint region
[2019-06-24T09:56:12.612+0000][1][safepoint    ] Total time for which application threads were stopped: 0.0002117 seconds, Stopping threads took: 0.0000637 seconds
[2019-06-24T09:56:12.613+0000][1][safepoint    ] Application time: 0.0009623 seconds
[2019-06-24T09:56:12.613+0000][1][safepoint    ] Entering safepoint region: RevokeBias
[2019-06-24T09:56:12.613+0000][1][safepoint    ] Leaving safepoint region
[2019-06-24T09:56:12.613+0000][1][safepoint    ] Total time for which application threads were stopped: 0.0002018 seconds, Stopping threads took: 0.0000396 seconds
[2019-06-24T09:56:12.616+0000][1][safepoint    ] Application time: 0.0032048 seconds
[2019-06-24T09:56:12.616+0000][1][safepoint    ] Entering safepoint region: RevokeBias
[2019-06-24T09:56:12.616+0000][1][safepoint    ] Leaving safepoint region
[2019-06-24T09:56:12.616+0000][1][safepoint    ] Total time for which application threads were stopped: 0.0001789 seconds, Stopping threads took: 0.0000788 seconds
[2019-06-24T09:56:12.618+0000][1][safepoint    ] Application time: 0.0011894 seconds
[2019-06-24T09:56:12.618+0000][1][safepoint    ] Entering safepoint region: RevokeBias
[2019-06-24T09:56:12.618+0000][1][safepoint    ] Leaving safepoint region
[2019-06-24T09:56:12.618+0000][1][safepoint    ] Total time for which application threads were stopped: 0.0001256 seconds, Stopping threads took: 0.0000280 seconds
[2019-06-24T09:56:12.620+0000][1][safepoint    ] Application time: 0.0019391 seconds
[2019-06-24T09:56:12.620+0000][1][safepoint    ] Entering safepoint region: BulkRevokeBias
[2019-06-24T09:56:12.621+0000][1][safepoint    ] Leaving safepoint region
[2019-06-24T09:56:12.621+0000][1][safepoint    ] Total time for which application threads were stopped: 0.0010463 seconds, Stopping threads took: 0.0000678 seconds
[2019-06-24T09:56:12.623+0000][1][safepoint    ] Application time: 0.0020201 seconds
[2019-06-24T09:56:12.623+0000][1][safepoint    ] Entering safepoint region: RevokeBias
[2019-06-24T09:56:12.623+0000][1][safepoint    ] Leaving safepoint region
[2019-06-24T09:56:12.623+0000][1][safepoint    ] Total time for which application threads were stopped: 0.0003282 seconds, Stopping threads took: 0.0000695 seconds
[2019-06-24T09:56:12.629+0000][1][safepoint    ] Application time: 0.0058863 seconds
[2019-06-24T09:56:12.629+0000][1][safepoint    ] Entering safepoint region: RevokeBias
[2019-06-24T09:56:12.630+0000][1][safepoint    ] Leaving safepoint region
[2019-06-24T09:56:12.630+0000][1][safepoint    ] Total time for which application threads were stopped: 0.0001554 seconds, Stopping threads took: 0.0000502 seconds
[2019-06-24T09:56:12.631+0000][1][safepoint    ] Application time: 0.0012617 seconds
[2019-06-24T09:56:12.631+0000][1][safepoint    ] Entering safepoint region: RevokeBias
[2019-06-24T09:56:12.631+0000][1][safepoint    ] Leaving safepoint region
[2019-06-24T09:56:12.631+0000][1][safepoint    ] Total time for which application threads were stopped: 0.0001042 seconds, Stopping threads took: 0.0000208 seconds
[2019-06-24T09:56:12.636+0000][1][safepoint    ] Application time: 0.0049724 seconds
[2019-06-24T09:56:12.636+0000][1][safepoint    ] Entering safepoint region: RevokeBias
[2019-06-24T09:56:12.636+0000][1][safepoint    ] Leaving safepoint region
[2019-06-24T09:56:12.636+0000][1][safepoint    ] Total time for which application threads were stopped: 0.0001499 seconds, Stopping threads took: 0.0000231 seconds
[2019-06-24T09:56:12.644+0000][1][safepoint    ] Application time: 0.0080679 seconds
[2019-06-24T09:56:12.644+0000][1][safepoint    ] Entering safepoint region: RevokeBias
[2019-06-24T09:56:12.644+0000][1][safepoint    ] Leaving safepoint region
[2019-06-24T09:56:12.644+0000][1][safepoint    ] Total time for which application threads were stopped: 0.0001548 seconds, Stopping threads took: 0.0000734 seconds
[2019-06-24T09:56:12.645+0000][1][safepoint    ] Application time: 0.0008283 seconds
[2019-06-24T09:56:12.645+0000][1][safepoint    ] Entering safepoint region: RevokeBias
[2019-06-24T09:56:12.645+0000][1][safepoint    ] Leaving safepoint region
[2019-06-24T09:56:12.645+0000][1][safepoint    ] Total time for which application threads were stopped: 0.0001827 seconds, Stopping threads took: 0.0000808 seconds
[2019-06-24T09:56:12.646+0000][1][safepoint    ] Application time: 0.0007177 seconds
[2019-06-24T09:56:12.647+0000][1][safepoint    ] Entering safepoint region: BulkRevokeBias
[2019-06-24T09:56:12.647+0000][1][safepoint    ] Leaving safepoint region
[2019-06-24T09:56:12.647+0000][1][safepoint    ] Total time for which application threads were stopped: 0.0009830 seconds, Stopping threads took: 0.0003533 seconds
[2019-06-24T09:56:12.648+0000][1][safepoint    ] Application time: 0.0006995 seconds
[2019-06-24T09:56:12.648+0000][1][safepoint    ] Entering safepoint region: RevokeBias
[2019-06-24T09:56:12.648+0000][1][safepoint    ] Leaving safepoint region
[2019-06-24T09:56:12.648+0000][1][safepoint    ] Total time for which application threads were stopped: 0.0001764 seconds, Stopping threads took: 0.0000581 seconds
[2019-06-24T09:56:12.649+0000][1][safepoint    ] Application time: 0.0007327 seconds
[2019-06-24T09:56:12.649+0000][1][safepoint    ] Entering safepoint region: RevokeBias
[2019-06-24T09:56:12.649+0000][1][safepoint    ] Leaving safepoint region
[2019-06-24T09:56:12.649+0000][1][safepoint    ] Total time for which application threads were stopped: 0.0001351 seconds, Stopping threads took: 0.0000534 seconds
[2019-06-24T09:56:12.650+0000][1][safepoint    ] Application time: 0.0006439 seconds
[2019-06-24T09:56:12.650+0000][1][safepoint    ] Entering safepoint region: RevokeBias
[2019-06-24T09:56:12.650+0000][1][safepoint    ] Leaving safepoint region
[2019-06-24T09:56:12.650+0000][1][safepoint    ] Total time for which application threads were stopped: 0.0001233 seconds, Stopping threads took: 0.0000241 seconds
[2019-06-24T09:56:12.651+0000][1][safepoint    ] Application time: 0.0006741 seconds
[2019-06-24T09:56:12.651+0000][1][safepoint    ] Entering safepoint region: RevokeBias
[2019-06-24T09:56:12.651+0000][1][safepoint    ] Leaving safepoint region
[2019-06-24T09:56:12.651+0000][1][safepoint    ] Total time for which application threads were stopped: 0.0001769 seconds, Stopping threads took: 0.0000719 seconds
[2019-06-24T09:56:12.652+0000][1][safepoint    ] Application time: 0.0010322 seconds
[2019-06-24T09:56:12.652+0000][1][safepoint    ] Entering safepoint region: RevokeBias
[2019-06-24T09:56:12.652+0000][1][safepoint    ] Leaving safepoint region
[2019-06-24T09:56:12.652+0000][1][safepoint    ] Total time for which application threads were stopped: 0.0001572 seconds, Stopping threads took: 0.0000689 seconds
[2019-06-24T09:56:12.652+0000][1][safepoint    ] Application time: 0.0003077 seconds
[2019-06-24T09:56:12.652+0000][1][safepoint    ] Entering safepoint region: RevokeBias
[2019-06-24T09:56:12.652+0000][1][safepoint    ] Leaving safepoint region
[2019-06-24T09:56:12.652+0000][1][safepoint    ] Total time for which application threads were stopped: 0.0001377 seconds, Stopping threads took: 0.0000573 seconds
[2019-06-24T09:56:12.653+0000][1][safepoint    ] Application time: 0.0005019 seconds
[2019-06-24T09:56:12.653+0000][1][safepoint    ] Entering safepoint region: RevokeBias
[2019-06-24T09:56:12.653+0000][1][safepoint    ] Leaving safepoint region
[2019-06-24T09:56:12.653+0000][1][safepoint    ] Total time for which application threads were stopped: 0.0001394 seconds, Stopping threads took: 0.0000509 seconds
[2019-06-24T09:56:12.658+0000][1][safepoint    ] Application time: 0.0047772 seconds
[2019-06-24T09:56:12.658+0000][1][safepoint    ] Entering safepoint region: RevokeBias
[2019-06-24T09:56:12.658+0000][1][safepoint    ] Leaving safepoint region
[2019-06-24T09:56:12.658+0000][1][safepoint    ] Total time for which application threads were stopped: 0.0003475 seconds, Stopping threads took: 0.0000852 seconds
[2019-06-24T09:56:12.660+0000][1][safepoint    ] Application time: 0.0018958 seconds
[2019-06-24T09:56:12.660+0000][1][safepoint    ] Entering safepoint region: RevokeBias
[2019-06-24T09:56:12.660+0000][1][safepoint    ] Leaving safepoint region
[2019-06-24T09:56:12.660+0000][1][safepoint    ] Total time for which application threads were stopped: 0.0001944 seconds, Stopping threads took: 0.0000887 seconds
[2019-06-24T09:56:12.661+0000][1][safepoint    ] Application time: 0.0007719 seconds
[2019-06-24T09:56:12.661+0000][1][safepoint    ] Entering safepoint region: RevokeBias
[2019-06-24T09:56:12.661+0000][1][safepoint    ] Leaving safepoint region
[2019-06-24T09:56:12.661+0000][1][safepoint    ] Total time for which application threads were stopped: 0.0001515 seconds, Stopping threads took: 0.0000430 seconds
[2019-06-24T09:56:12.662+0000][1][safepoint    ] Application time: 0.0006065 seconds
[2019-06-24T09:56:12.662+0000][1][safepoint    ] Entering safepoint region: RevokeBias
[2019-06-24T09:56:12.662+0000][1][safepoint    ] Leaving safepoint region
[2019-06-24T09:56:12.662+0000][1][safepoint    ] Total time for which application threads were stopped: 0.0002241 seconds, Stopping threads took: 0.0000697 seconds
[2019-06-24T09:56:12.663+0000][1][safepoint    ] Application time: 0.0003182 seconds
[2019-06-24T09:56:12.663+0000][1][safepoint    ] Entering safepoint region: RevokeBias
[2019-06-24T09:56:12.663+0000][1][safepoint    ] Leaving safepoint region
[2019-06-24T09:56:12.663+0000][1][safepoint    ] Total time for which application threads were stopped: 0.0001470 seconds, Stopping threads took: 0.0000373 seconds
[2019-06-24T09:56:12.664+0000][1][safepoint    ] Application time: 0.0007518 seconds
[2019-06-24T09:56:12.664+0000][1][safepoint    ] Entering safepoint region: RevokeBias
[2019-06-24T09:56:12.664+0000][1][safepoint    ] Leaving safepoint region
[2019-06-24T09:56:12.664+0000][1][safepoint    ] Total time for which application threads were stopped: 0.0001790 seconds, Stopping threads took: 0.0000807 seconds
[2019-06-24T09:56:12.664+0000][1][safepoint    ] Application time: 0.0003525 seconds
[2019-06-24T09:56:12.664+0000][1][safepoint    ] Entering safepoint region: RevokeBias
[2019-06-24T09:56:12.664+0000][1][safepoint    ] Leaving safepoint region
[2019-06-24T09:56:12.664+0000][1][safepoint    ] Total time for which application threads were stopped: 0.0001317 seconds, Stopping threads took: 0.0000531 seconds
[2019-06-24T09:56:12.669+0000][1][safepoint    ] Application time: 0.0050256 seconds
[2019-06-24T09:56:12.670+0000][1][safepoint    ] Entering safepoint region: RevokeBias
[2019-06-24T09:56:12.670+0000][1][safepoint    ] Leaving safepoint region
[2019-06-24T09:56:12.670+0000][1][safepoint    ] Total time for which application threads were stopped: 0.0001797 seconds, Stopping threads took: 0.0000823 seconds
[2019-06-24T09:56:12.719+0000][1][safepoint    ] Application time: 0.0493332 seconds
[2019-06-24T09:56:12.719+0000][1][safepoint    ] Entering safepoint region: RevokeBias
[2019-06-24T09:56:12.719+0000][1][safepoint    ] Leaving safepoint region
[2019-06-24T09:56:12.719+0000][1][safepoint    ] Total time for which application threads were stopped: 0.0001234 seconds, Stopping threads took: 0.0000415 seconds
[2019-06-24T09:56:12.727+0000][1][safepoint    ] Application time: 0.0082146 seconds
[2019-06-24T09:56:12.728+0000][1][safepoint    ] Entering safepoint region: RevokeBias
[2019-06-24T09:56:12.728+0000][1][safepoint    ] Leaving safepoint region
[2019-06-24T09:56:12.728+0000][1][safepoint    ] Total time for which application threads were stopped: 0.0001635 seconds, Stopping threads took: 0.0000672 seconds
[2019-06-24T09:56:12.728+0000][1][safepoint    ] Application time: 0.0000829 seconds
[2019-06-24T09:56:12.728+0000][1][safepoint    ] Entering safepoint region: RevokeBias
[2019-06-24T09:56:12.728+0000][1][safepoint    ] Leaving safepoint region
[2019-06-24T09:56:12.728+0000][1][safepoint    ] Total time for which application threads were stopped: 0.0000931 seconds, Stopping threads took: 0.0000196 seconds
[2019-06-24T09:56:12.731+0000][1][safepoint    ] Application time: 0.0032460 seconds
[2019-06-24T09:56:12.731+0000][1][safepoint    ] Entering safepoint region: RevokeBias
[2019-06-24T09:56:12.731+0000][1][safepoint    ] Leaving safepoint region
[2019-06-24T09:56:12.731+0000][1][safepoint    ] Total time for which application threads were stopped: 0.0001160 seconds, Stopping threads took: 0.0000259 seconds
[2019-06-24T09:56:12.731+0000][1][safepoint    ] Application time: 0.0000630 seconds
[2019-06-24T09:56:12.731+0000][1][safepoint    ] Entering safepoint region: RevokeBias
[2019-06-24T09:56:12.731+0000][1][safepoint    ] Leaving safepoint region
[2019-06-24T09:56:12.731+0000][1][safepoint    ] Total time for which application threads were stopped: 0.0001457 seconds, Stopping threads took: 0.0000772 seconds
[2019-06-24T09:56:12.732+0000][1][safepoint    ] Application time: 0.0000562 seconds
[2019-06-24T09:56:12.732+0000][1][safepoint    ] Entering safepoint region: RevokeBias
[2019-06-24T09:56:12.732+0000][1][safepoint    ] Leaving safepoint region
[2019-06-24T09:56:12.732+0000][1][safepoint    ] Total time for which application threads were stopped: 0.0001694 seconds, Stopping threads took: 0.0001042 seconds
[2019-06-24T09:56:12.732+0000][1][safepoint    ] Application time: 0.0000534 seconds
[2019-06-24T09:56:12.732+0000][1][safepoint    ] Entering safepoint region: RevokeBias
[2019-06-24T09:56:12.732+0000][1][safepoint    ] Leaving safepoint region
[2019-06-24T09:56:12.732+0000][1][safepoint    ] Total time for which application threads were stopped: 0.0000789 seconds, Stopping threads took: 0.0000167 seconds
[2019-06-24T09:56:12.732+0000][1][safepoint    ] Application time: 0.0000470 seconds
[2019-06-24T09:56:12.732+0000][1][safepoint    ] Entering safepoint region: RevokeBias
[2019-06-24T09:56:12.732+0000][1][safepoint    ] Leaving safepoint region
[2019-06-24T09:56:12.732+0000][1][safepoint    ] Total time for which application threads were stopped: 0.0000768 seconds, Stopping threads took: 0.0000167 seconds
[2019-06-24T09:56:12.732+0000][1][safepoint    ] Application time: 0.0000459 seconds
[2019-06-24T09:56:12.732+0000][1][safepoint    ] Entering safepoint region: RevokeBias
[2019-06-24T09:56:12.732+0000][1][safepoint    ] Leaving safepoint region
[2019-06-24T09:56:12.732+0000][1][safepoint    ] Total time for which application threads were stopped: 0.0000752 seconds, Stopping threads took: 0.0000161 seconds
[2019-06-24T09:56:12.732+0000][1][safepoint    ] Application time: 0.0000442 seconds
[2019-06-24T09:56:12.732+0000][1][safepoint    ] Entering safepoint region: RevokeBias
[2019-06-24T09:56:12.732+0000][1][safepoint    ] Leaving safepoint region
[2019-06-24T09:56:12.732+0000][1][safepoint    ] Total time for which application threads were stopped: 0.0000749 seconds, Stopping threads took: 0.0000158 seconds
[2019-06-24T09:56:12.732+0000][1][safepoint    ] Application time: 0.0000448 seconds
[2019-06-24T09:56:12.732+0000][1][safepoint    ] Entering safepoint region: RevokeBias
[2019-06-24T09:56:12.732+0000][1][safepoint    ] Leaving safepoint region
[2019-06-24T09:56:12.732+0000][1][safepoint    ] Total time for which application threads were stopped: 0.0000870 seconds, Stopping threads took: 0.0000278 seconds
[2019-06-24T09:56:12.779+0000][1][safepoint    ] Application time: 0.0467899 seconds
[2019-06-24T09:56:12.779+0000][1][safepoint    ] Entering safepoint region: RevokeBias
[2019-06-24T09:56:12.779+0000][1][safepoint    ] Leaving safepoint region
[2019-06-24T09:56:12.779+0000][1][safepoint    ] Total time for which application threads were stopped: 0.0001429 seconds, Stopping threads took: 0.0000585 seconds
[2019-06-24T09:56:12.784+0000][1][safepoint    ] Application time: 0.0049748 seconds
[2019-06-24T09:56:12.785+0000][1][safepoint    ] Entering safepoint region: RevokeBias
[2019-06-24T09:56:12.785+0000][1][safepoint    ] Leaving safepoint region
[2019-06-24T09:56:12.785+0000][1][safepoint    ] Total time for which application threads were stopped: 0.0001614 seconds, Stopping threads took: 0.0000760 seconds
[2019-06-24T09:56:12.785+0000][1][safepoint    ] Application time: 0.0006128 seconds
[2019-06-24T09:56:12.785+0000][1][safepoint    ] Entering safepoint region: RevokeBias
[2019-06-24T09:56:12.785+0000][1][safepoint    ] Leaving safepoint region
[2019-06-24T09:56:12.785+0000][1][safepoint    ] Total time for which application threads were stopped: 0.0001151 seconds, Stopping threads took: 0.0000261 seconds
[2019-06-24T09:56:12.796+0000][1][safepoint    ] Application time: 0.0108536 seconds
[2019-06-24T09:56:12.796+0000][1][safepoint    ] Entering safepoint region: RevokeBias
[2019-06-24T09:56:12.797+0000][1][safepoint    ] Leaving safepoint region
[2019-06-24T09:56:12.797+0000][1][safepoint    ] Total time for which application threads were stopped: 0.0002134 seconds, Stopping threads took: 0.0000592 seconds
[2019-06-24T09:56:12.799+0000][1][safepoint    ] Application time: 0.0018912 seconds
[2019-06-24T09:56:12.799+0000][1][safepoint    ] Entering safepoint region: RevokeBias
[2019-06-24T09:56:12.799+0000][1][safepoint    ] Leaving safepoint region
[2019-06-24T09:56:12.799+0000][1][safepoint    ] Total time for which application threads were stopped: 0.0002177 seconds, Stopping threads took: 0.0000988 seconds
[2019-06-24T09:56:12.807+0000][1][safepoint    ] Application time: 0.0081071 seconds
[2019-06-24T09:56:12.807+0000][1][safepoint    ] Entering safepoint region: RevokeBias
[2019-06-24T09:56:12.807+0000][1][safepoint    ] Leaving safepoint region
[2019-06-24T09:56:12.807+0000][1][safepoint    ] Total time for which application threads were stopped: 0.0001584 seconds, Stopping threads took: 0.0000374 seconds
[2019-06-24T09:56:12.825+0000][1][safepoint    ] Application time: 0.0175368 seconds
[2019-06-24T09:56:12.825+0000][1][safepoint    ] Entering safepoint region: RevokeBias
[2019-06-24T09:56:12.825+0000][1][safepoint    ] Leaving safepoint region
[2019-06-24T09:56:12.825+0000][1][safepoint    ] Total time for which application threads were stopped: 0.0001827 seconds, Stopping threads took: 0.0000392 seconds
[2019-06-24T09:56:12.825+0000][1][safepoint    ] Application time: 0.0004320 seconds
[2019-06-24T09:56:12.825+0000][1][safepoint    ] Entering safepoint region: RevokeBias
[2019-06-24T09:56:12.826+0000][1][safepoint    ] Leaving safepoint region
[2019-06-24T09:56:12.826+0000][1][safepoint    ] Total time for which application threads were stopped: 0.0001366 seconds, Stopping threads took: 0.0000267 seconds
[2019-06-24T09:56:12.826+0000][1][safepoint    ] Application time: 0.0000732 seconds
[2019-06-24T09:56:12.826+0000][1][safepoint    ] Entering safepoint region: RevokeBias
[2019-06-24T09:56:12.826+0000][1][safepoint    ] Leaving safepoint region
[2019-06-24T09:56:12.826+0000][1][safepoint    ] Total time for which application threads were stopped: 0.0001742 seconds, Stopping threads took: 0.0000217 seconds
[2019-06-24T09:56:12.827+0000][1][safepoint    ] Application time: 0.0008102 seconds
[2019-06-24T09:56:12.827+0000][1][safepoint    ] Entering safepoint region: RevokeBias
[2019-06-24T09:56:12.827+0000][1][safepoint    ] Leaving safepoint region
[2019-06-24T09:56:12.827+0000][1][safepoint    ] Total time for which application threads were stopped: 0.0005054 seconds, Stopping threads took: 0.0001324 seconds
[2019-06-24T09:56:12.830+0000][1][safepoint    ] Application time: 0.0028122 seconds
[2019-06-24T09:56:12.830+0000][1][safepoint    ] Entering safepoint region: RevokeBias
[2019-06-24T09:56:12.830+0000][1][safepoint    ] Leaving safepoint region
[2019-06-24T09:56:12.830+0000][1][safepoint    ] Total time for which application threads were stopped: 0.0001447 seconds, Stopping threads took: 0.0000337 seconds
[2019-06-24T09:56:12.831+0000][1][safepoint    ] Application time: 0.0004584 seconds
[2019-06-24T09:56:12.831+0000][1][safepoint    ] Entering safepoint region: RevokeBias
[2019-06-24T09:56:12.831+0000][1][safepoint    ] Leaving safepoint region
[2019-06-24T09:56:12.831+0000][1][safepoint    ] Total time for which application threads were stopped: 0.0001097 seconds, Stopping threads took: 0.0000230 seconds
[2019-06-24T09:56:12.841+0000][1][safepoint    ] Application time: 0.0097392 seconds
[2019-06-24T09:56:12.841+0000][1][safepoint    ] Entering safepoint region: RevokeBias
[2019-06-24T09:56:12.841+0000][1][safepoint    ] Leaving safepoint region
[2019-06-24T09:56:12.841+0000][1][safepoint    ] Total time for which application threads were stopped: 0.0001400 seconds, Stopping threads took: 0.0000284 seconds
[2019-06-24T09:56:12.841+0000][1][safepoint    ] Application time: 0.0000803 seconds
[2019-06-24T09:56:12.841+0000][1][safepoint    ] Entering safepoint region: RevokeBias
[2019-06-24T09:56:12.841+0000][1][safepoint    ] Leaving safepoint region
[2019-06-24T09:56:12.841+0000][1][safepoint    ] Total time for which application threads were stopped: 0.0000922 seconds, Stopping threads took: 0.0000172 seconds
[2019-06-24T09:56:12.920+0000][1][safepoint    ] Application time: 0.0787753 seconds
[2019-06-24T09:56:12.920+0000][1][safepoint    ] Entering safepoint region: Deoptimize
[2019-06-24T09:56:12.921+0000][1][safepoint    ] Leaving safepoint region
[2019-06-24T09:56:12.921+0000][1][safepoint    ] Total time for which application threads were stopped: 0.0012389 seconds, Stopping threads took: 0.0000319 seconds
[2019-06-24T09:56:13.002+0000][1][safepoint    ] Application time: 0.0812372 seconds
[2019-06-24T09:56:13.002+0000][1][safepoint    ] Entering safepoint region: RevokeBias
[2019-06-24T09:56:13.003+0000][1][safepoint    ] Leaving safepoint region
[2019-06-24T09:56:13.003+0000][1][safepoint    ] Total time for which application threads were stopped: 0.0001717 seconds, Stopping threads took: 0.0000248 seconds
[2019-06-24T09:56:13.003+0000][1][safepoint    ] Application time: 0.0001016 seconds
[2019-06-24T09:56:13.003+0000][1][safepoint    ] Entering safepoint region: RevokeBias
[2019-06-24T09:56:13.003+0000][1][safepoint    ] Leaving safepoint region
[2019-06-24T09:56:13.003+0000][1][safepoint    ] Total time for which application threads were stopped: 0.0001611 seconds, Stopping threads took: 0.0000720 seconds
[2019-06-24T09:56:13.017+0000][1][safepoint    ] Application time: 0.0142343 seconds
[2019-06-24T09:56:13.017+0000][1][safepoint    ] Entering safepoint region: RevokeBias
[2019-06-24T09:56:13.017+0000][1][safepoint    ] Leaving safepoint region
[2019-06-24T09:56:13.017+0000][1][safepoint    ] Total time for which application threads were stopped: 0.0000947 seconds, Stopping threads took: 0.0000229 seconds
[2019-06-24T09:56:13.017+0000][1][safepoint    ] Application time: 0.0000791 seconds
[2019-06-24T09:56:13.017+0000][1][safepoint    ] Entering safepoint region: RevokeBias
[2019-06-24T09:56:13.017+0000][1][safepoint    ] Leaving safepoint region
[2019-06-24T09:56:13.017+0000][1][safepoint    ] Total time for which application threads were stopped: 0.0001358 seconds, Stopping threads took: 0.0000853 seconds
[2019-06-24T09:56:13.018+0000][1][safepoint    ] Application time: 0.0001120 seconds
[2019-06-24T09:56:13.018+0000][1][safepoint    ] Entering safepoint region: RevokeBias
[2019-06-24T09:56:13.018+0000][1][safepoint    ] Leaving safepoint region
[2019-06-24T09:56:13.018+0000][1][safepoint    ] Total time for which application threads were stopped: 0.0000698 seconds, Stopping threads took: 0.0000222 seconds
[2019-06-24T09:56:13.018+0000][1][safepoint    ] Application time: 0.0002907 seconds
[2019-06-24T09:56:13.018+0000][1][safepoint    ] Entering safepoint region: RevokeBias
[2019-06-24T09:56:13.018+0000][1][safepoint    ] Leaving safepoint region
[2019-06-24T09:56:13.018+0000][1][safepoint    ] Total time for which application threads were stopped: 0.0000592 seconds, Stopping threads took: 0.0000129 seconds
[2019-06-24T09:56:13.021+0000][1][safepoint    ] Application time: 0.0027997 seconds
[2019-06-24T09:56:13.021+0000][1][safepoint    ] Entering safepoint region: RevokeBias
[2019-06-24T09:56:13.021+0000][1][safepoint    ] Leaving safepoint region
[2019-06-24T09:56:13.021+0000][1][safepoint    ] Total time for which application threads were stopped: 0.0002352 seconds, Stopping threads took: 0.0000514 seconds
[2019-06-24T09:56:13.021+0000][1][safepoint    ] Application time: 0.0001634 seconds
[2019-06-24T09:56:13.021+0000][1][safepoint    ] Entering safepoint region: RevokeBias
[2019-06-24T09:56:13.022+0000][1][safepoint    ] Leaving safepoint region
[2019-06-24T09:56:13.022+0000][1][safepoint    ] Total time for which application threads were stopped: 0.0001969 seconds, Stopping threads took: 0.0000369 seconds
[2019-06-24T09:56:13.093+0000][1][safepoint    ] Application time: 0.0717821 seconds
[2019-06-24T09:56:13.093+0000][1][safepoint    ] Entering safepoint region: RevokeBias
[2019-06-24T09:56:13.094+0000][1][safepoint    ] Leaving safepoint region
[2019-06-24T09:56:13.094+0000][1][safepoint    ] Total time for which application threads were stopped: 0.0001866 seconds, Stopping threads took: 0.0000446 seconds
[2019-06-24T09:56:13.094+0000][1][safepoint    ] Application time: 0.0002230 seconds
[2019-06-24T09:56:13.094+0000][1][safepoint    ] Entering safepoint region: RevokeBias
[2019-06-24T09:56:13.094+0000][1][safepoint    ] Leaving safepoint region
[2019-06-24T09:56:13.094+0000][1][safepoint    ] Total time for which application threads were stopped: 0.0001149 seconds, Stopping threads took: 0.0000234 seconds
[2019-06-24T09:56:13.096+0000][1][safepoint    ] Application time: 0.0021823 seconds
[2019-06-24T09:56:13.096+0000][1][safepoint    ] Entering safepoint region: RevokeBias
[2019-06-24T09:56:13.096+0000][1][safepoint    ] Leaving safepoint region
[2019-06-24T09:56:13.096+0000][1][safepoint    ] Total time for which application threads were stopped: 0.0001683 seconds, Stopping threads took: 0.0000714 seconds
[2019-06-24T09:56:13.110+0000][1][safepoint    ] Application time: 0.0135022 seconds
[2019-06-24T09:56:13.110+0000][1][safepoint    ] Entering safepoint region: RevokeBias
[2019-06-24T09:56:13.111+0000][1][safepoint    ] Leaving safepoint region
[2019-06-24T09:56:13.111+0000][1][safepoint    ] Total time for which application threads were stopped: 0.0005917 seconds, Stopping threads took: 0.0001763 seconds
[2019-06-24T09:56:13.111+0000][1][safepoint    ] Application time: 0.0002548 seconds
[2019-06-24T09:56:13.111+0000][1][safepoint    ] Entering safepoint region: RevokeBias
[2019-06-24T09:56:13.111+0000][1][safepoint    ] Leaving safepoint region
[2019-06-24T09:56:13.111+0000][1][safepoint    ] Total time for which application threads were stopped: 0.0004499 seconds, Stopping threads took: 0.0001029 seconds
[2019-06-24T09:56:13.112+0000][1][safepoint    ] Application time: 0.0001552 seconds
[2019-06-24T09:56:13.112+0000][1][safepoint    ] Entering safepoint region: RevokeBias
[2019-06-24T09:56:13.112+0000][1][safepoint    ] Leaving safepoint region
[2019-06-24T09:56:13.112+0000][1][safepoint    ] Total time for which application threads were stopped: 0.0003298 seconds, Stopping threads took: 0.0000770 seconds
[2019-06-24T09:56:13.112+0000][1][safepoint    ] Application time: 0.0001305 seconds
[2019-06-24T09:56:13.112+0000][1][safepoint    ] Entering safepoint region: RevokeBias
[2019-06-24T09:56:13.112+0000][1][safepoint    ] Leaving safepoint region
[2019-06-24T09:56:13.112+0000][1][safepoint    ] Total time for which application threads were stopped: 0.0002262 seconds, Stopping threads took: 0.0001110 seconds
[2019-06-24T09:56:13.112+0000][1][safepoint    ] Application time: 0.0000713 seconds
[2019-06-24T09:56:13.112+0000][1][safepoint    ] Entering safepoint region: RevokeBias
[2019-06-24T09:56:13.113+0000][1][safepoint    ] Leaving safepoint region
[2019-06-24T09:56:13.113+0000][1][safepoint    ] Total time for which application threads were stopped: 0.0001140 seconds, Stopping threads took: 0.0000410 seconds
[2019-06-24T09:56:13.113+0000][1][safepoint    ] Application time: 0.0000804 seconds
[2019-06-24T09:56:13.113+0000][1][safepoint    ] Entering safepoint region: RevokeBias
[2019-06-24T09:56:13.113+0000][1][safepoint    ] Leaving safepoint region
[2019-06-24T09:56:13.113+0000][1][safepoint    ] Total time for which application threads were stopped: 0.0001159 seconds, Stopping threads took: 0.0000397 seconds
[2019-06-24T09:56:13.113+0000][1][safepoint    ] Application time: 0.0000661 seconds
[2019-06-24T09:56:13.113+0000][1][safepoint    ] Entering safepoint region: RevokeBias
[2019-06-24T09:56:13.113+0000][1][safepoint    ] Leaving safepoint region
[2019-06-24T09:56:13.113+0000][1][safepoint    ] Total time for which application threads were stopped: 0.0001051 seconds, Stopping threads took: 0.0000385 seconds
[2019-06-24T09:56:13.113+0000][1][safepoint    ] Application time: 0.0000666 seconds
[2019-06-24T09:56:13.113+0000][1][safepoint    ] Entering safepoint region: RevokeBias
[2019-06-24T09:56:13.113+0000][1][safepoint    ] Leaving safepoint region
[2019-06-24T09:56:13.113+0000][1][safepoint    ] Total time for which application threads were stopped: 0.0001050 seconds, Stopping threads took: 0.0000387 seconds
[2019-06-24T09:56:13.314+0000][1][safepoint    ] Application time: 0.2005173 seconds
[2019-06-24T09:56:13.314+0000][1][safepoint    ] Entering safepoint region: RevokeBias
[2019-06-24T09:56:13.314+0000][1][safepoint    ] Leaving safepoint region
[2019-06-24T09:56:13.314+0000][1][safepoint    ] Total time for which application threads were stopped: 0.0001466 seconds, Stopping threads took: 0.0000330 seconds
[2019-06-24T09:56:13.314+0000][1][safepoint    ] Application time: 0.0000708 seconds
[2019-06-24T09:56:13.314+0000][1][safepoint    ] Entering safepoint region: BulkRevokeBias
[2019-06-24T09:56:13.314+0000][1][safepoint    ] Leaving safepoint region
[2019-06-24T09:56:13.314+0000][1][safepoint    ] Total time for which application threads were stopped: 0.0004129 seconds, Stopping threads took: 0.0000187 seconds
[2019-06-24T09:56:13.315+0000][1][safepoint    ] Application time: 0.0001222 seconds
[2019-06-24T09:56:13.315+0000][1][safepoint    ] Entering safepoint region: BulkRevokeBias
[2019-06-24T09:56:13.315+0000][1][safepoint    ] Leaving safepoint region
[2019-06-24T09:56:13.315+0000][1][safepoint    ] Total time for which application threads were stopped: 0.0003953 seconds, Stopping threads took: 0.0000177 seconds
[2019-06-24T09:56:13.315+0000][1][safepoint    ] Application time: 0.0002591 seconds
[2019-06-24T09:56:13.315+0000][1][safepoint    ] Entering safepoint region: RevokeBias
[2019-06-24T09:56:13.315+0000][1][safepoint    ] Leaving safepoint region
[2019-06-24T09:56:13.315+0000][1][safepoint    ] Total time for which application threads were stopped: 0.0000935 seconds, Stopping threads took: 0.0000180 seconds
[2019-06-24T09:56:13.344+0000][1][safepoint    ] Application time: 0.0282353 seconds
[2019-06-24T09:56:13.344+0000][1][safepoint    ] Entering safepoint region: RevokeBias
[2019-06-24T09:56:13.344+0000][1][safepoint    ] Leaving safepoint region
[2019-06-24T09:56:13.344+0000][1][safepoint    ] Total time for which application threads were stopped: 0.0004321 seconds, Stopping threads took: 0.0000872 seconds
[2019-06-24T09:56:13.352+0000][1][safepoint    ] Application time: 0.0077940 seconds
[2019-06-24T09:56:13.352+0000][1][safepoint    ] Entering safepoint region: RevokeBias
[2019-06-24T09:56:13.352+0000][1][safepoint    ] Leaving safepoint region
[2019-06-24T09:56:13.352+0000][1][safepoint    ] Total time for which application threads were stopped: 0.0001129 seconds, Stopping threads took: 0.0000353 seconds
[2019-06-24T09:56:13.352+0000][1][safepoint    ] Application time: 0.0000557 seconds
[2019-06-24T09:56:13.352+0000][1][safepoint    ] Entering safepoint region: RevokeBias
[2019-06-24T09:56:13.352+0000][1][safepoint    ] Leaving safepoint region
[2019-06-24T09:56:13.352+0000][1][safepoint    ] Total time for which application threads were stopped: 0.0000641 seconds, Stopping threads took: 0.0000130 seconds
[2019-06-24T09:56:13.352+0000][1][safepoint    ] Application time: 0.0000492 seconds
[2019-06-24T09:56:13.352+0000][1][safepoint    ] Entering safepoint region: RevokeBias
[2019-06-24T09:56:13.352+0000][1][safepoint    ] Leaving safepoint region
[2019-06-24T09:56:13.352+0000][1][safepoint    ] Total time for which application threads were stopped: 0.0000628 seconds, Stopping threads took: 0.0000123 seconds
[2019-06-24T09:56:13.355+0000][1][safepoint    ] Application time: 0.0028250 seconds
[2019-06-24T09:56:13.355+0000][1][safepoint    ] Entering safepoint region: RevokeBias
[2019-06-24T09:56:13.356+0000][1][safepoint    ] Leaving safepoint region
[2019-06-24T09:56:13.356+0000][1][safepoint    ] Total time for which application threads were stopped: 0.0001944 seconds, Stopping threads took: 0.0000614 seconds
[2019-06-24T09:56:13.357+0000][1][safepoint    ] Application time: 0.0017725 seconds
[2019-06-24T09:56:13.357+0000][1][safepoint    ] Entering safepoint region: RevokeBias
[2019-06-24T09:56:13.358+0000][1][safepoint    ] Leaving safepoint region
[2019-06-24T09:56:13.358+0000][1][safepoint    ] Total time for which application threads were stopped: 0.0002063 seconds, Stopping threads took: 0.0000802 seconds
[2019-06-24T09:56:13.367+0000][1][safepoint    ] Application time: 0.0093315 seconds
[2019-06-24T09:56:13.367+0000][1][safepoint    ] Entering safepoint region: RevokeBias
[2019-06-24T09:56:13.367+0000][1][safepoint    ] Leaving safepoint region
[2019-06-24T09:56:13.367+0000][1][safepoint    ] Total time for which application threads were stopped: 0.0001079 seconds, Stopping threads took: 0.0000226 seconds
[2019-06-24T09:56:13.368+0000][1][safepoint    ] Application time: 0.0009280 seconds
[2019-06-24T09:56:13.368+0000][1][safepoint    ] Entering safepoint region: RevokeBias
[2019-06-24T09:56:13.368+0000][1][safepoint    ] Leaving safepoint region
[2019-06-24T09:56:13.368+0000][1][safepoint    ] Total time for which application threads were stopped: 0.0000908 seconds, Stopping threads took: 0.0000182 seconds
[2019-06-24T09:56:13.370+0000][1][safepoint    ] Application time: 0.0013598 seconds
[2019-06-24T09:56:13.370+0000][1][safepoint    ] Entering safepoint region: RevokeBias
[2019-06-24T09:56:13.370+0000][1][safepoint    ] Leaving safepoint region
[2019-06-24T09:56:13.370+0000][1][safepoint    ] Total time for which application threads were stopped: 0.0002070 seconds, Stopping threads took: 0.0001197 seconds
[2019-06-24T09:56:13.400+0000][1][safepoint    ] Application time: 0.0299562 seconds
[2019-06-24T09:56:13.400+0000][1][safepoint    ] Entering safepoint region: RevokeBias
[2019-06-24T09:56:13.400+0000][1][safepoint    ] Leaving safepoint region
[2019-06-24T09:56:13.400+0000][1][safepoint    ] Total time for which application threads were stopped: 0.0001417 seconds, Stopping threads took: 0.0000321 seconds
[2019-06-24T09:56:13.401+0000][1][safepoint    ] Application time: 0.0010410 seconds
[2019-06-24T09:56:13.401+0000][1][safepoint    ] Entering safepoint region: RevokeBias
[2019-06-24T09:56:13.401+0000][1][safepoint    ] Leaving safepoint region
[2019-06-24T09:56:13.401+0000][1][safepoint    ] Total time for which application threads were stopped: 0.0001769 seconds, Stopping threads took: 0.0000745 seconds
[2019-06-24T09:56:13.800+0000][1][safepoint    ] Application time: 0.3985786 seconds
[2019-06-24T09:56:13.800+0000][1][safepoint    ] Entering safepoint region: RevokeBias
[2019-06-24T09:56:13.800+0000][1][safepoint    ] Leaving safepoint region
[2019-06-24T09:56:13.800+0000][1][safepoint    ] Total time for which application threads were stopped: 0.0004732 seconds, Stopping threads took: 0.0002896 seconds
[2019-06-24T09:56:13.802+0000][1][safepoint    ] Application time: 0.0016881 seconds
[2019-06-24T09:56:13.802+0000][1][safepoint    ] Entering safepoint region: BulkRevokeBias
[2019-06-24T09:56:13.803+0000][1][safepoint    ] Leaving safepoint region
[2019-06-24T09:56:13.803+0000][1][safepoint    ] Total time for which application threads were stopped: 0.0008902 seconds, Stopping threads took: 0.0001228 seconds
[2019-06-24T09:56:13.996+0000][1][safepoint    ] Application time: 0.1931078 seconds
[2019-06-24T09:56:13.996+0000][1][safepoint    ] Entering safepoint region: BulkRevokeBias
[2019-06-24T09:56:13.997+0000][1][safepoint    ] Leaving safepoint region
[2019-06-24T09:56:13.997+0000][1][safepoint    ] Total time for which application threads were stopped: 0.0008119 seconds, Stopping threads took: 0.0000588 seconds
[2019-06-24T09:56:14.002+0000][1][safepoint    ] Application time: 0.0053229 seconds
[2019-06-24T09:56:14.003+0000][1][safepoint    ] Entering safepoint region: RevokeBias
[2019-06-24T09:56:14.003+0000][1][safepoint    ] Leaving safepoint region
[2019-06-24T09:56:14.003+0000][1][safepoint    ] Total time for which application threads were stopped: 0.0002277 seconds, Stopping threads took: 0.0000636 seconds
[2019-06-24T09:56:15.003+0000][1][safepoint    ] Application time: 1.0001739 seconds
[2019-06-24T09:56:15.003+0000][1][safepoint    ] Entering safepoint region: Cleanup
[2019-06-24T09:56:15.003+0000][1][safepoint    ] Leaving safepoint region
[2019-06-24T09:56:15.003+0000][1][safepoint    ] Total time for which application threads were stopped: 0.0001086 seconds, Stopping threads took: 0.0000271 seconds
[2019-06-24T09:56:16.003+0000][1][safepoint    ] Application time: 1.0001646 seconds
[2019-06-24T09:56:16.003+0000][1][safepoint    ] Entering safepoint region: Cleanup
[2019-06-24T09:56:16.004+0000][1][safepoint    ] Leaving safepoint region
[2019-06-24T09:56:16.004+0000][1][safepoint    ] Total time for which application threads were stopped: 0.0002978 seconds, Stopping threads took: 0.0000966 seconds
[2019-06-24T09:56:17.004+0000][1][safepoint    ] Application time: 1.0002476 seconds
[2019-06-24T09:56:17.004+0000][1][safepoint    ] Entering safepoint region: Cleanup
[2019-06-24T09:56:17.004+0000][1][safepoint    ] Leaving safepoint region
[2019-06-24T09:56:17.004+0000][1][safepoint    ] Total time for which application threads were stopped: 0.0002529 seconds, Stopping threads took: 0.0000697 seconds
[2019-06-24T09:56:18.005+0000][1][safepoint    ] Application time: 1.0002402 seconds
[2019-06-24T09:56:18.005+0000][1][safepoint    ] Entering safepoint region: Cleanup
[2019-06-24T09:56:18.005+0000][1][safepoint    ] Leaving safepoint region
[2019-06-24T09:56:18.005+0000][1][safepoint    ] Total time for which application threads were stopped: 0.0002593 seconds, Stopping threads took: 0.0000811 seconds
[2019-06-24T09:56:19.005+0000][1][safepoint    ] Application time: 1.0001247 seconds
[2019-06-24T09:56:19.005+0000][1][safepoint    ] Entering safepoint region: Cleanup
[2019-06-24T09:56:19.005+0000][1][safepoint    ] Leaving safepoint region
[2019-06-24T09:56:19.005+0000][1][safepoint    ] Total time for which application threads were stopped: 0.0001137 seconds, Stopping threads took: 0.0000365 seconds
[2019-06-24T09:56:20.006+0000][1][safepoint    ] Application time: 1.0002548 seconds
[2019-06-24T09:56:20.006+0000][1][safepoint    ] Entering safepoint region: Cleanup
[2019-06-24T09:56:20.006+0000][1][safepoint    ] Leaving safepoint region
[2019-06-24T09:56:20.006+0000][1][safepoint    ] Total time for which application threads were stopped: 0.0003413 seconds, Stopping threads took: 0.0000660 seconds
[2019-06-24T09:56:21.006+0000][1][safepoint    ] Application time: 1.0002677 seconds
[2019-06-24T09:56:21.007+0000][1][safepoint    ] Entering safepoint region: Cleanup
[2019-06-24T09:56:21.007+0000][1][safepoint    ] Leaving safepoint region
[2019-06-24T09:56:21.007+0000][1][safepoint    ] Total time for which application threads were stopped: 0.0002987 seconds, Stopping threads took: 0.0001090 seconds
[2019-06-24T09:56:22.007+0000][1][safepoint    ] Application time: 1.0002175 seconds
[2019-06-24T09:56:22.007+0000][1][safepoint    ] Entering safepoint region: Cleanup
[2019-06-24T09:56:22.007+0000][1][safepoint    ] Leaving safepoint region
[2019-06-24T09:56:22.008+0000][1][safepoint    ] Total time for which application threads were stopped: 0.0002758 seconds, Stopping threads took: 0.0000965 seconds
[2019-06-24T09:56:23.008+0000][1][safepoint    ] Application time: 1.0002286 seconds
[2019-06-24T09:56:23.008+0000][1][safepoint    ] Entering safepoint region: Cleanup
[2019-06-24T09:56:23.008+0000][1][safepoint    ] Leaving safepoint region
[2019-06-24T09:56:23.008+0000][1][safepoint    ] Total time for which application threads were stopped: 0.0002046 seconds, Stopping threads took: 0.0000455 seconds
[2019-06-24T09:56:24.008+0000][1][safepoint    ] Application time: 1.0001549 seconds
[2019-06-24T09:56:24.008+0000][1][safepoint    ] Entering safepoint region: Cleanup
[2019-06-24T09:56:24.008+0000][1][safepoint    ] Leaving safepoint region
[2019-06-24T09:56:24.009+0000][1][safepoint    ] Total time for which application threads were stopped: 0.0001981 seconds, Stopping threads took: 0.0000464 seconds
[2019-06-24T09:56:25.009+0000][1][safepoint    ] Application time: 1.0001537 seconds
[2019-06-24T09:56:25.009+0000][1][safepoint    ] Entering safepoint region: Cleanup
[2019-06-24T09:56:25.009+0000][1][safepoint    ] Leaving safepoint region
[2019-06-24T09:56:25.009+0000][1][safepoint    ] Total time for which application threads were stopped: 0.0001524 seconds, Stopping threads took: 0.0000360 seconds
[2019-06-24T09:56:26.009+0000][1][safepoint    ] Application time: 1.0002507 seconds
[2019-06-24T09:56:26.009+0000][1][safepoint    ] Entering safepoint region: Cleanup
[2019-06-24T09:56:26.010+0000][1][safepoint    ] Leaving safepoint region
[2019-06-24T09:56:26.010+0000][1][safepoint    ] Total time for which application threads were stopped: 0.0003099 seconds, Stopping threads took: 0.0000661 seconds
[2019-06-24T09:56:27.010+0000][1][safepoint    ] Application time: 1.0002771 seconds
[2019-06-24T09:56:27.010+0000][1][safepoint    ] Entering safepoint region: Cleanup
[2019-06-24T09:56:27.010+0000][1][safepoint    ] Leaving safepoint region
[2019-06-24T09:56:27.010+0000][1][safepoint    ] Total time for which application threads were stopped: 0.0002694 seconds, Stopping threads took: 0.0000679 seconds
[2019-06-24T09:56:28.011+0000][1][safepoint    ] Application time: 1.0002551 seconds
[2019-06-24T09:56:28.011+0000][1][safepoint    ] Entering safepoint region: Cleanup
[2019-06-24T09:56:28.011+0000][1][safepoint    ] Leaving safepoint region
[2019-06-24T09:56:28.011+0000][1][safepoint    ] Total time for which application threads were stopped: 0.0002227 seconds, Stopping threads took: 0.0000588 seconds
[2019-06-24T09:56:29.011+0000][1][safepoint    ] Application time: 1.0001374 seconds
[2019-06-24T09:56:29.011+0000][1][safepoint    ] Entering safepoint region: Cleanup
[2019-06-24T09:56:29.011+0000][1][safepoint    ] Leaving safepoint region
[2019-06-24T09:56:29.011+0000][1][safepoint    ] Total time for which application threads were stopped: 0.0002468 seconds, Stopping threads took: 0.0000678 seconds
[2019-06-24T09:56:30.012+0000][1][safepoint    ] Application time: 1.0001907 seconds
[2019-06-24T09:56:30.012+0000][1][safepoint    ] Entering safepoint region: Cleanup
[2019-06-24T09:56:30.012+0000][1][safepoint    ] Leaving safepoint region
[2019-06-24T09:56:30.012+0000][1][safepoint    ] Total time for which application threads were stopped: 0.0002621 seconds, Stopping threads took: 0.0000669 seconds
[2019-06-24T09:56:31.012+0000][1][safepoint    ] Application time: 1.0002561 seconds
[2019-06-24T09:56:31.012+0000][1][safepoint    ] Entering safepoint region: Cleanup
[2019-06-24T09:56:31.013+0000][1][safepoint    ] Leaving safepoint region
[2019-06-24T09:56:31.013+0000][1][safepoint    ] Total time for which application threads were stopped: 0.0002953 seconds, Stopping threads took: 0.0000957 seconds
[2019-06-24T09:56:32.013+0000][1][safepoint    ] Application time: 1.0002081 seconds
[2019-06-24T09:56:32.013+0000][1][safepoint    ] Entering safepoint region: Cleanup
[2019-06-24T09:56:32.013+0000][1][safepoint    ] Leaving safepoint region
[2019-06-24T09:56:32.013+0000][1][safepoint    ] Total time for which application threads were stopped: 0.0002512 seconds, Stopping threads took: 0.0000666 seconds
[2019-06-24T09:56:32.135+0000][1][safepoint    ] Application time: 0.1211561 seconds
[2019-06-24T09:56:32.135+0000][1][safepoint    ] Entering safepoint region: GenCollectForAllocation
[2019-06-24T09:56:32.135+0000][1][gc,start     ] GC(22) Pause Young (Allocation Failure)
[2019-06-24T09:56:32.135+0000][1][gc,task      ] GC(22) Using 5 workers of 8 for evacuation
[2019-06-24T09:56:32.143+0000][1][gc,age       ] GC(22) Desired survivor size 4456448 bytes, new threshold 2 (max threshold 6)
[2019-06-24T09:56:32.143+0000][1][gc,age       ] GC(22) Age table with threshold 2 (max threshold 6)
[2019-06-24T09:56:32.143+0000][1][gc,age       ] GC(22) - age   1:    2186496 bytes,    2186496 total
[2019-06-24T09:56:32.143+0000][1][gc,age       ] GC(22) - age   2:    3609600 bytes,    5796096 total
[2019-06-24T09:56:32.143+0000][1][gc,heap      ] GC(22) ParNew: 77036K->8219K(78656K)
[2019-06-24T09:56:32.143+0000][1][gc,heap      ] GC(22) CMS: 62125K->63538K(174784K)
[2019-06-24T09:56:32.143+0000][1][gc,metaspace ] GC(22) Metaspace: 66935K->66935K(1110016K)
[2019-06-24T09:56:32.143+0000][1][gc           ] GC(22) Pause Young (Allocation Failure) 135M->70M(247M) 8.251ms
[2019-06-24T09:56:32.143+0000][1][gc,cpu       ] GC(22) User=0.04s Sys=0.00s Real=0.01s
[2019-06-24T09:56:32.143+0000][1][safepoint    ] Leaving safepoint region
[2019-06-24T09:56:32.143+0000][1][safepoint    ] Total time for which application threads were stopped: 0.0084479 seconds, Stopping threads took: 0.0000262 seconds
[2019-06-24T09:56:33.143+0000][1][safepoint    ] Application time: 1.0002961 seconds
[2019-06-24T09:56:33.143+0000][1][safepoint    ] Entering safepoint region: Cleanup
[2019-06-24T09:56:33.144+0000][1][safepoint    ] Leaving safepoint region
[2019-06-24T09:56:33.144+0000][1][safepoint    ] Total time for which application threads were stopped: 0.0002918 seconds, Stopping threads took: 0.0000661 seconds
[2019-06-24T09:56:34.144+0000][1][safepoint    ] Application time: 1.0002548 seconds
[2019-06-24T09:56:34.144+0000][1][safepoint    ] Entering safepoint region: Cleanup
[2019-06-24T09:56:34.144+0000][1][safepoint    ] Leaving safepoint region
[2019-06-24T09:56:34.144+0000][1][safepoint    ] Total time for which application threads were stopped: 0.0002440 seconds, Stopping threads took: 0.0000583 seconds
[2019-06-24T09:56:35.145+0000][1][safepoint    ] Application time: 1.0002704 seconds
[2019-06-24T09:56:35.145+0000][1][safepoint    ] Entering safepoint region: Cleanup
[2019-06-24T09:56:35.145+0000][1][safepoint    ] Leaving safepoint region
[2019-06-24T09:56:35.145+0000][1][safepoint    ] Total time for which application threads were stopped: 0.0002631 seconds, Stopping threads took: 0.0000659 seconds
[2019-06-24T09:56:36.145+0000][1][safepoint    ] Application time: 1.0001891 seconds
[2019-06-24T09:56:36.145+0000][1][safepoint    ] Entering safepoint region: Cleanup
[2019-06-24T09:56:36.146+0000][1][safepoint    ] Leaving safepoint region
[2019-06-24T09:56:36.146+0000][1][safepoint    ] Total time for which application threads were stopped: 0.0002947 seconds, Stopping threads took: 0.0000650 seconds
[2019-06-24T09:56:37.146+0000][1][safepoint    ] Application time: 1.0002066 seconds
[2019-06-24T09:56:37.146+0000][1][safepoint    ] Entering safepoint region: Cleanup
[2019-06-24T09:56:37.146+0000][1][safepoint    ] Leaving safepoint region
[2019-06-24T09:56:37.146+0000][1][safepoint    ] Total time for which application threads were stopped: 0.0003431 seconds, Stopping threads took: 0.0001625 seconds
[2019-06-24T09:56:38.147+0000][1][safepoint    ] Application time: 1.0002903 seconds
[2019-06-24T09:56:38.147+0000][1][safepoint    ] Entering safepoint region: Cleanup
[2019-06-24T09:56:38.147+0000][1][safepoint    ] Leaving safepoint region
[2019-06-24T09:56:38.147+0000][1][safepoint    ] Total time for which application threads were stopped: 0.0002351 seconds, Stopping threads took: 0.0000580 seconds
[2019-06-24T09:56:39.147+0000][1][safepoint    ] Application time: 1.0002509 seconds
[2019-06-24T09:56:39.147+0000][1][safepoint    ] Entering safepoint region: Cleanup
[2019-06-24T09:56:39.148+0000][1][safepoint    ] Leaving safepoint region
[2019-06-24T09:56:39.148+0000][1][safepoint    ] Total time for which application threads were stopped: 0.0002523 seconds, Stopping threads took: 0.0000689 seconds
[2019-06-24T09:56:40.148+0000][1][safepoint    ] Application time: 1.0002871 seconds
[2019-06-24T09:56:40.148+0000][1][safepoint    ] Entering safepoint region: Cleanup
[2019-06-24T09:56:40.148+0000][1][safepoint    ] Leaving safepoint region
[2019-06-24T09:56:40.148+0000][1][safepoint    ] Total time for which application threads were stopped: 0.0002496 seconds, Stopping threads took: 0.0000660 seconds
[2019-06-24T09:56:41.149+0000][1][safepoint    ] Application time: 1.0002246 seconds
[2019-06-24T09:56:41.149+0000][1][safepoint    ] Entering safepoint region: Cleanup
[2019-06-24T09:56:41.149+0000][1][safepoint    ] Leaving safepoint region
[2019-06-24T09:56:41.149+0000][1][safepoint    ] Total time for which application threads were stopped: 0.0003075 seconds, Stopping threads took: 0.0000605 seconds
[2019-06-24T09:56:42.149+0000][1][safepoint    ] Application time: 1.0002629 seconds
[2019-06-24T09:56:42.149+0000][1][safepoint    ] Entering safepoint region: Cleanup
[2019-06-24T09:56:42.150+0000][1][safepoint    ] Leaving safepoint region
[2019-06-24T09:56:42.150+0000][1][safepoint    ] Total time for which application threads were stopped: 0.0003350 seconds, Stopping threads took: 0.0001200 seconds
[2019-06-24T09:56:43.150+0000][1][safepoint    ] Application time: 1.0002541 seconds
[2019-06-24T09:56:43.150+0000][1][safepoint    ] Entering safepoint region: Cleanup
[2019-06-24T09:56:43.150+0000][1][safepoint    ] Leaving safepoint region
[2019-06-24T09:56:43.150+0000][1][safepoint    ] Total time for which application threads were stopped: 0.0002829 seconds, Stopping threads took: 0.0000779 seconds
[2019-06-24T09:56:44.151+0000][1][safepoint    ] Application time: 1.0003303 seconds
[2019-06-24T09:56:44.151+0000][1][safepoint    ] Entering safepoint region: Cleanup
[2019-06-24T09:56:44.151+0000][1][safepoint    ] Leaving safepoint region
[2019-06-24T09:56:44.151+0000][1][safepoint    ] Total time for which application threads were stopped: 0.0003477 seconds, Stopping threads took: 0.0000850 seconds
[2019-06-24T09:56:45.152+0000][1][safepoint    ] Application time: 1.0002494 seconds
[2019-06-24T09:56:45.152+0000][1][safepoint    ] Entering safepoint region: Cleanup
[2019-06-24T09:56:45.152+0000][1][safepoint    ] Leaving safepoint region
[2019-06-24T09:56:45.152+0000][1][safepoint    ] Total time for which application threads were stopped: 0.0003026 seconds, Stopping threads took: 0.0000875 seconds
[2019-06-24T09:56:46.152+0000][1][safepoint    ] Application time: 1.0002689 seconds
[2019-06-24T09:56:46.152+0000][1][safepoint    ] Entering safepoint region: Cleanup
[2019-06-24T09:56:46.153+0000][1][safepoint    ] Leaving safepoint region
[2019-06-24T09:56:46.153+0000][1][safepoint    ] Total time for which application threads were stopped: 0.0002975 seconds, Stopping threads took: 0.0000948 seconds
[2019-06-24T09:56:47.153+0000][1][safepoint    ] Application time: 1.0002719 seconds
[2019-06-24T09:56:47.153+0000][1][safepoint    ] Entering safepoint region: Cleanup
[2019-06-24T09:56:47.153+0000][1][safepoint    ] Leaving safepoint region
[2019-06-24T09:56:47.153+0000][1][safepoint    ] Total time for which application threads were stopped: 0.0003402 seconds, Stopping threads took: 0.0001085 seconds
[2019-06-24T09:56:48.154+0000][1][safepoint    ] Application time: 1.0002621 seconds
[2019-06-24T09:56:48.154+0000][1][safepoint    ] Entering safepoint region: Cleanup
[2019-06-24T09:56:48.154+0000][1][safepoint    ] Leaving safepoint region
[2019-06-24T09:56:48.154+0000][1][safepoint    ] Total time for which application threads were stopped: 0.0003398 seconds, Stopping threads took: 0.0001070 seconds
[2019-06-24T09:56:49.155+0000][1][safepoint    ] Application time: 1.0002989 seconds
[2019-06-24T09:56:49.155+0000][1][safepoint    ] Entering safepoint region: Cleanup
[2019-06-24T09:56:49.155+0000][1][safepoint    ] Leaving safepoint region
[2019-06-24T09:56:49.155+0000][1][safepoint    ] Total time for which application threads were stopped: 0.0002949 seconds, Stopping threads took: 0.0000931 seconds
[2019-06-24T09:56:50.155+0000][1][safepoint    ] Application time: 1.0002097 seconds
[2019-06-24T09:56:50.155+0000][1][safepoint    ] Entering safepoint region: Cleanup
[2019-06-24T09:56:50.156+0000][1][safepoint    ] Leaving safepoint region
[2019-06-24T09:56:50.156+0000][1][safepoint    ] Total time for which application threads were stopped: 0.0003030 seconds, Stopping threads took: 0.0000846 seconds
[2019-06-24T09:56:51.156+0000][1][safepoint    ] Application time: 1.0002354 seconds
[2019-06-24T09:56:51.156+0000][1][safepoint    ] Entering safepoint region: Cleanup
[2019-06-24T09:56:51.156+0000][1][safepoint    ] Leaving safepoint region
[2019-06-24T09:56:51.156+0000][1][safepoint    ] Total time for which application threads were stopped: 0.0002649 seconds, Stopping threads took: 0.0000648 seconds
[2019-06-24T09:56:52.157+0000][1][safepoint    ] Application time: 1.0002607 seconds
[2019-06-24T09:56:52.157+0000][1][safepoint    ] Entering safepoint region: Cleanup
[2019-06-24T09:56:52.157+0000][1][safepoint    ] Leaving safepoint region
[2019-06-24T09:56:52.157+0000][1][safepoint    ] Total time for which application threads were stopped: 0.0002658 seconds, Stopping threads took: 0.0000592 seconds
[2019-06-24T09:56:53.157+0000][1][safepoint    ] Application time: 1.0002053 seconds
[2019-06-24T09:56:53.157+0000][1][safepoint    ] Entering safepoint region: Cleanup
[2019-06-24T09:56:53.158+0000][1][safepoint    ] Leaving safepoint region
[2019-06-24T09:56:53.158+0000][1][safepoint    ] Total time for which application threads were stopped: 0.0003249 seconds, Stopping threads took: 0.0000675 seconds
[2019-06-24T09:56:54.158+0000][1][safepoint    ] Application time: 1.0002644 seconds
[2019-06-24T09:56:54.158+0000][1][safepoint    ] Entering safepoint region: Cleanup
[2019-06-24T09:56:54.158+0000][1][safepoint    ] Leaving safepoint region
[2019-06-24T09:56:54.158+0000][1][safepoint    ] Total time for which application threads were stopped: 0.0002745 seconds, Stopping threads took: 0.0000676 seconds
[2019-06-24T09:56:55.159+0000][1][safepoint    ] Application time: 1.0002779 seconds
[2019-06-24T09:56:55.159+0000][1][safepoint    ] Entering safepoint region: Cleanup
[2019-06-24T09:56:55.159+0000][1][safepoint    ] Leaving safepoint region
[2019-06-24T09:56:55.159+0000][1][safepoint    ] Total time for which application threads were stopped: 0.0002819 seconds, Stopping threads took: 0.0000685 seconds
[2019-06-24T09:56:56.159+0000][1][safepoint    ] Application time: 1.0002598 seconds
[2019-06-24T09:56:56.159+0000][1][safepoint    ] Entering safepoint region: Cleanup
[2019-06-24T09:56:56.160+0000][1][safepoint    ] Leaving safepoint region
[2019-06-24T09:56:56.160+0000][1][safepoint    ] Total time for which application threads were stopped: 0.0002303 seconds, Stopping threads took: 0.0000572 seconds
[2019-06-24T09:56:57.160+0000][1][safepoint    ] Application time: 1.0002699 seconds
[2019-06-24T09:56:57.160+0000][1][safepoint    ] Entering safepoint region: Cleanup
[2019-06-24T09:56:57.160+0000][1][safepoint    ] Leaving safepoint region
[2019-06-24T09:56:57.160+0000][1][safepoint    ] Total time for which application threads were stopped: 0.0002585 seconds, Stopping threads took: 0.0000661 seconds
[2019-06-24T09:56:58.161+0000][1][safepoint    ] Application time: 1.0002760 seconds
[2019-06-24T09:56:58.161+0000][1][safepoint    ] Entering safepoint region: Cleanup
[2019-06-24T09:56:58.161+0000][1][safepoint    ] Leaving safepoint region
[2019-06-24T09:56:58.161+0000][1][safepoint    ] Total time for which application threads were stopped: 0.0003273 seconds, Stopping threads took: 0.0001015 seconds
[2019-06-24T09:56:59.161+0000][1][safepoint    ] Application time: 1.0002734 seconds
[2019-06-24T09:56:59.162+0000][1][safepoint    ] Entering safepoint region: Cleanup
[2019-06-24T09:56:59.162+0000][1][safepoint    ] Leaving safepoint region
[2019-06-24T09:56:59.162+0000][1][safepoint    ] Total time for which application threads were stopped: 0.0003178 seconds, Stopping threads took: 0.0000692 seconds
[2019-06-24T09:57:00.162+0000][1][safepoint    ] Application time: 1.0002611 seconds
[2019-06-24T09:57:00.162+0000][1][safepoint    ] Entering safepoint region: Cleanup
[2019-06-24T09:57:00.162+0000][1][safepoint    ] Leaving safepoint region
[2019-06-24T09:57:00.163+0000][1][safepoint    ] Total time for which application threads were stopped: 0.0003928 seconds, Stopping threads took: 0.0000686 seconds
[2019-06-24T09:57:01.163+0000][1][safepoint    ] Application time: 1.0002119 seconds
[2019-06-24T09:57:01.163+0000][1][safepoint    ] Entering safepoint region: Cleanup
[2019-06-24T09:57:01.163+0000][1][safepoint    ] Leaving safepoint region
[2019-06-24T09:57:01.163+0000][1][safepoint    ] Total time for which application threads were stopped: 0.0002636 seconds, Stopping threads took: 0.0000623 seconds
[2019-06-24T09:57:02.163+0000][1][safepoint    ] Application time: 1.0001863 seconds
[2019-06-24T09:57:02.164+0000][1][safepoint    ] Entering safepoint region: Cleanup
[2019-06-24T09:57:02.164+0000][1][safepoint    ] Leaving safepoint region
[2019-06-24T09:57:02.164+0000][1][safepoint    ] Total time for which application threads were stopped: 0.0002335 seconds, Stopping threads took: 0.0000531 seconds
[2019-06-24T09:57:03.164+0000][1][safepoint    ] Application time: 1.0001853 seconds
[2019-06-24T09:57:03.164+0000][1][safepoint    ] Entering safepoint region: Cleanup
[2019-06-24T09:57:03.164+0000][1][safepoint    ] Leaving safepoint region
[2019-06-24T09:57:03.164+0000][1][safepoint    ] Total time for which application threads were stopped: 0.0002830 seconds, Stopping threads took: 0.0000583 seconds
[2019-06-24T09:57:04.165+0000][1][safepoint    ] Application time: 1.0002219 seconds
[2019-06-24T09:57:04.165+0000][1][safepoint    ] Entering safepoint region: Cleanup
[2019-06-24T09:57:04.165+0000][1][safepoint    ] Leaving safepoint region
[2019-06-24T09:57:04.165+0000][1][safepoint    ] Total time for which application threads were stopped: 0.0002853 seconds, Stopping threads took: 0.0000603 seconds
[2019-06-24T09:57:05.165+0000][1][safepoint    ] Application time: 1.0002554 seconds
[2019-06-24T09:57:05.165+0000][1][safepoint    ] Entering safepoint region: Cleanup
[2019-06-24T09:57:05.166+0000][1][safepoint    ] Leaving safepoint region
[2019-06-24T09:57:05.166+0000][1][safepoint    ] Total time for which application threads were stopped: 0.0003177 seconds, Stopping threads took: 0.0000677 seconds
[2019-06-24T09:57:06.166+0000][1][safepoint    ] Application time: 1.0002772 seconds
[2019-06-24T09:57:06.166+0000][1][safepoint    ] Entering safepoint region: Cleanup
[2019-06-24T09:57:06.166+0000][1][safepoint    ] Leaving safepoint region
[2019-06-24T09:57:06.166+0000][1][safepoint    ] Total time for which application threads were stopped: 0.0002852 seconds, Stopping threads took: 0.0000689 seconds
[2019-06-24T09:57:07.167+0000][1][safepoint    ] Application time: 1.0001957 seconds
[2019-06-24T09:57:07.167+0000][1][safepoint    ] Entering safepoint region: Cleanup
[2019-06-24T09:57:07.167+0000][1][safepoint    ] Leaving safepoint region
[2019-06-24T09:57:07.167+0000][1][safepoint    ] Total time for which application threads were stopped: 0.0002522 seconds, Stopping threads took: 0.0000595 seconds
[2019-06-24T09:57:08.167+0000][1][safepoint    ] Application time: 1.0002377 seconds
[2019-06-24T09:57:08.168+0000][1][safepoint    ] Entering safepoint region: Cleanup
[2019-06-24T09:57:08.168+0000][1][safepoint    ] Leaving safepoint region
[2019-06-24T09:57:08.168+0000][1][safepoint    ] Total time for which application threads were stopped: 0.0002772 seconds, Stopping threads took: 0.0000664 seconds
[2019-06-24T09:57:09.168+0000][1][safepoint    ] Application time: 1.0002560 seconds
[2019-06-24T09:57:09.168+0000][1][safepoint    ] Entering safepoint region: Cleanup
[2019-06-24T09:57:09.168+0000][1][safepoint    ] Leaving safepoint region
[2019-06-24T09:57:09.168+0000][1][safepoint    ] Total time for which application threads were stopped: 0.0002358 seconds, Stopping threads took: 0.0000585 seconds
[2019-06-24T09:57:10.169+0000][1][safepoint    ] Application time: 1.0002587 seconds
[2019-06-24T09:57:10.169+0000][1][safepoint    ] Entering safepoint region: Cleanup
[2019-06-24T09:57:10.169+0000][1][safepoint    ] Leaving safepoint region
[2019-06-24T09:57:10.169+0000][1][safepoint    ] Total time for which application threads were stopped: 0.0002690 seconds, Stopping threads took: 0.0000672 seconds
[2019-06-24T09:57:11.169+0000][1][safepoint    ] Application time: 1.0001864 seconds
[2019-06-24T09:57:11.169+0000][1][safepoint    ] Entering safepoint region: Cleanup
[2019-06-24T09:57:11.170+0000][1][safepoint    ] Leaving safepoint region
[2019-06-24T09:57:11.170+0000][1][safepoint    ] Total time for which application threads were stopped: 0.0002289 seconds, Stopping threads took: 0.0000582 seconds
[2019-06-24T09:57:12.170+0000][1][safepoint    ] Application time: 1.0002389 seconds
[2019-06-24T09:57:12.170+0000][1][safepoint    ] Entering safepoint region: Cleanup
[2019-06-24T09:57:12.170+0000][1][safepoint    ] Leaving safepoint region
[2019-06-24T09:57:12.170+0000][1][safepoint    ] Total time for which application threads were stopped: 0.0001122 seconds, Stopping threads took: 0.0000329 seconds
[2019-06-24T09:57:20.171+0000][1][safepoint    ] Application time: 8.0012682 seconds
[2019-06-24T09:57:20.173+0000][1][safepoint    ] Entering safepoint region: Cleanup
[2019-06-24T09:57:20.173+0000][1][safepoint    ] Leaving safepoint region
[2019-06-24T09:57:20.173+0000][1][safepoint    ] Total time for which application threads were stopped: 0.0003253 seconds, Stopping threads took: 0.0001180 seconds
[2019-06-24T09:57:21.173+0000][1][safepoint    ] Application time: 1.0001436 seconds
[2019-06-24T09:57:21.173+0000][1][safepoint    ] Entering safepoint region: Cleanup
[2019-06-24T09:57:21.173+0000][1][safepoint    ] Leaving safepoint region
[2019-06-24T09:57:21.173+0000][1][safepoint    ] Total time for which application threads were stopped: 0.0002706 seconds, Stopping threads took: 0.0000654 seconds
[2019-06-24T09:57:27.175+0000][1][safepoint    ] Application time: 6.0013639 seconds
[2019-06-24T09:57:27.176+0000][1][safepoint    ] Entering safepoint region: Cleanup
[2019-06-24T09:57:27.176+0000][1][safepoint    ] Leaving safepoint region
[2019-06-24T09:57:27.176+0000][1][safepoint    ] Total time for which application threads were stopped: 0.0002853 seconds, Stopping threads took: 0.0001042 seconds
[2019-06-24T09:57:29.177+0000][1][safepoint    ] Application time: 2.0005047 seconds
[2019-06-24T09:57:29.177+0000][1][safepoint    ] Entering safepoint region: Cleanup
[2019-06-24T09:57:29.177+0000][1][safepoint    ] Leaving safepoint region
[2019-06-24T09:57:29.177+0000][1][safepoint    ] Total time for which application threads were stopped: 0.0002734 seconds, Stopping threads took: 0.0000656 seconds
[2019-06-24T09:57:30.177+0000][1][safepoint    ] Application time: 1.0001957 seconds
[2019-06-24T09:57:30.178+0000][1][safepoint    ] Entering safepoint region: Cleanup
[2019-06-24T09:57:30.178+0000][1][safepoint    ] Leaving safepoint region
[2019-06-24T09:57:30.178+0000][1][safepoint    ] Total time for which application threads were stopped: 0.0002694 seconds, Stopping threads took: 0.0000656 seconds
[2019-06-24T09:57:34.179+0000][1][safepoint    ] Application time: 4.0008693 seconds
[2019-06-24T09:57:34.179+0000][1][safepoint    ] Entering safepoint region: Cleanup
[2019-06-24T09:57:34.179+0000][1][safepoint    ] Leaving safepoint region
[2019-06-24T09:57:34.179+0000][1][safepoint    ] Total time for which application threads were stopped: 0.0002662 seconds, Stopping threads took: 0.0000662 seconds
[2019-06-24T09:57:35.179+0000][1][safepoint    ] Application time: 1.0001389 seconds
[2019-06-24T09:57:35.179+0000][1][safepoint    ] Entering safepoint region: Cleanup
[2019-06-24T09:57:35.180+0000][1][safepoint    ] Leaving safepoint region
[2019-06-24T09:57:35.180+0000][1][safepoint    ] Total time for which application threads were stopped: 0.0002603 seconds, Stopping threads took: 0.0000597 seconds
[2019-06-24T09:57:36.180+0000][1][safepoint    ] Application time: 1.0002408 seconds
[2019-06-24T09:57:36.180+0000][1][safepoint    ] Entering safepoint region: Cleanup
[2019-06-24T09:57:36.180+0000][1][safepoint    ] Leaving safepoint region
[2019-06-24T09:57:36.180+0000][1][safepoint    ] Total time for which application threads were stopped: 0.0002678 seconds, Stopping threads took: 0.0000636 seconds
[2019-06-24T09:57:37.180+0000][1][safepoint    ] Application time: 1.0001833 seconds
[2019-06-24T09:57:37.181+0000][1][safepoint    ] Entering safepoint region: Cleanup
[2019-06-24T09:57:37.181+0000][1][safepoint    ] Leaving safepoint region
[2019-06-24T09:57:37.181+0000][1][safepoint    ] Total time for which application threads were stopped: 0.0002450 seconds, Stopping threads took: 0.0000582 seconds
[2019-06-24T09:57:40.182+0000][1][safepoint    ] Application time: 3.0007320 seconds
[2019-06-24T09:57:40.182+0000][1][safepoint    ] Entering safepoint region: Cleanup
[2019-06-24T09:57:40.182+0000][1][safepoint    ] Leaving safepoint region
[2019-06-24T09:57:40.182+0000][1][safepoint    ] Total time for which application threads were stopped: 0.0003285 seconds, Stopping threads took: 0.0000656 seconds
[2019-06-24T09:57:41.182+0000][1][safepoint    ] Application time: 1.0002713 seconds
[2019-06-24T09:57:41.183+0000][1][safepoint    ] Entering safepoint region: Cleanup
[2019-06-24T09:57:41.183+0000][1][safepoint    ] Leaving safepoint region
[2019-06-24T09:57:41.183+0000][1][safepoint    ] Total time for which application threads were stopped: 0.0004682 seconds, Stopping threads took: 0.0001709 seconds
[2019-06-24T09:57:42.183+0000][1][safepoint    ] Application time: 1.0002762 seconds
[2019-06-24T09:57:42.183+0000][1][safepoint    ] Entering safepoint region: Cleanup
[2019-06-24T09:57:42.184+0000][1][safepoint    ] Leaving safepoint region
[2019-06-24T09:57:42.184+0000][1][safepoint    ] Total time for which application threads were stopped: 0.0002890 seconds, Stopping threads took: 0.0000666 seconds
[2019-06-24T09:57:44.184+0000][1][safepoint    ] Application time: 2.0004834 seconds
[2019-06-24T09:57:44.184+0000][1][safepoint    ] Entering safepoint region: Cleanup
[2019-06-24T09:57:44.185+0000][1][safepoint    ] Leaving safepoint region
[2019-06-24T09:57:44.185+0000][1][safepoint    ] Total time for which application threads were stopped: 0.0002682 seconds, Stopping threads took: 0.0000666 seconds
[2019-06-24T09:57:45.185+0000][1][safepoint    ] Application time: 1.0002404 seconds
[2019-06-24T09:57:45.185+0000][1][safepoint    ] Entering safepoint region: Cleanup
[2019-06-24T09:57:45.185+0000][1][safepoint    ] Leaving safepoint region
[2019-06-24T09:57:45.185+0000][1][safepoint    ] Total time for which application threads were stopped: 0.0002711 seconds, Stopping threads took: 0.0000587 seconds
[2019-06-24T09:57:48.186+0000][1][safepoint    ] Application time: 3.0007538 seconds
[2019-06-24T09:57:48.186+0000][1][safepoint    ] Entering safepoint region: Cleanup
[2019-06-24T09:57:48.186+0000][1][safepoint    ] Leaving safepoint region
[2019-06-24T09:57:48.186+0000][1][safepoint    ] Total time for which application threads were stopped: 0.0002893 seconds, Stopping threads took: 0.0000579 seconds
[2019-06-24T09:57:51.187+0000][1][safepoint    ] Application time: 3.0007604 seconds
[2019-06-24T09:57:51.187+0000][1][safepoint    ] Entering safepoint region: Cleanup
[2019-06-24T09:57:51.188+0000][1][safepoint    ] Leaving safepoint region
[2019-06-24T09:57:51.188+0000][1][safepoint    ] Total time for which application threads were stopped: 0.0002417 seconds, Stopping threads took: 0.0000589 seconds
[2019-06-24T09:57:53.188+0000][1][safepoint    ] Application time: 2.0004561 seconds
[2019-06-24T09:57:53.188+0000][1][safepoint    ] Entering safepoint region: Cleanup
[2019-06-24T09:57:53.188+0000][1][safepoint    ] Leaving safepoint region
[2019-06-24T09:57:53.188+0000][1][safepoint    ] Total time for which application threads were stopped: 0.0002720 seconds, Stopping threads took: 0.0000791 seconds
[2019-06-24T09:57:54.189+0000][1][safepoint    ] Application time: 1.0002596 seconds
[2019-06-24T09:57:54.189+0000][1][safepoint    ] Entering safepoint region: Cleanup
[2019-06-24T09:57:54.189+0000][1][safepoint    ] Leaving safepoint region
[2019-06-24T09:57:54.189+0000][1][safepoint    ] Total time for which application threads were stopped: 0.0002972 seconds, Stopping threads took: 0.0000965 seconds
[2019-06-24T09:57:55.189+0000][1][safepoint    ] Application time: 1.0001881 seconds
[2019-06-24T09:57:55.189+0000][1][safepoint    ] Entering safepoint region: Cleanup
[2019-06-24T09:57:55.190+0000][1][safepoint    ] Leaving safepoint region
[2019-06-24T09:57:55.190+0000][1][safepoint    ] Total time for which application threads were stopped: 0.0002418 seconds, Stopping threads took: 0.0000587 seconds
[2019-06-24T09:57:56.190+0000][1][safepoint    ] Application time: 1.0002565 seconds
[2019-06-24T09:57:56.190+0000][1][safepoint    ] Entering safepoint region: Cleanup
[2019-06-24T09:57:56.190+0000][1][safepoint    ] Leaving safepoint region
[2019-06-24T09:57:56.190+0000][1][safepoint    ] Total time for which application threads were stopped: 0.0002761 seconds, Stopping threads took: 0.0000675 seconds
[2019-06-24T09:57:57.191+0000][1][safepoint    ] Application time: 1.0002820 seconds
[2019-06-24T09:57:57.191+0000][1][safepoint    ] Entering safepoint region: Cleanup
[2019-06-24T09:57:57.191+0000][1][safepoint    ] Leaving safepoint region
[2019-06-24T09:57:57.191+0000][1][safepoint    ] Total time for which application threads were stopped: 0.0002578 seconds, Stopping threads took: 0.0000647 seconds
[2019-06-24T09:57:58.191+0000][1][safepoint    ] Application time: 1.0001923 seconds
[2019-06-24T09:57:58.191+0000][1][safepoint    ] Entering safepoint region: Cleanup
[2019-06-24T09:57:58.192+0000][1][safepoint    ] Leaving safepoint region
[2019-06-24T09:57:58.192+0000][1][safepoint    ] Total time for which application threads were stopped: 0.0003155 seconds, Stopping threads took: 0.0000850 seconds
[2019-06-24T09:58:01.192+0000][1][safepoint    ] Application time: 3.0006286 seconds
[2019-06-24T09:58:01.193+0000][1][safepoint    ] Entering safepoint region: Cleanup
[2019-06-24T09:58:01.193+0000][1][safepoint    ] Leaving safepoint region
[2019-06-24T09:58:01.193+0000][1][safepoint    ] Total time for which application threads were stopped: 0.0003185 seconds, Stopping threads took: 0.0000860 seconds
[2019-06-24T09:58:03.193+0000][1][safepoint    ] Application time: 2.0004946 seconds
[2019-06-24T09:58:03.193+0000][1][safepoint    ] Entering safepoint region: Cleanup
[2019-06-24T09:58:03.194+0000][1][safepoint    ] Leaving safepoint region
[2019-06-24T09:58:03.194+0000][1][safepoint    ] Total time for which application threads were stopped: 0.0001499 seconds, Stopping threads took: 0.0000370 seconds
[2019-06-24T09:58:04.194+0000][1][safepoint    ] Application time: 1.0002464 seconds
[2019-06-24T09:58:04.194+0000][1][safepoint    ] Entering safepoint region: Cleanup
[2019-06-24T09:58:04.194+0000][1][safepoint    ] Leaving safepoint region
[2019-06-24T09:58:04.194+0000][1][safepoint    ] Total time for which application threads were stopped: 0.0002395 seconds, Stopping threads took: 0.0000596 seconds
[2019-06-24T09:58:05.194+0000][1][safepoint    ] Application time: 1.0001467 seconds
[2019-06-24T09:58:05.195+0000][1][safepoint    ] Entering safepoint region: Cleanup
[2019-06-24T09:58:05.195+0000][1][safepoint    ] Leaving safepoint region
[2019-06-24T09:58:05.195+0000][1][safepoint    ] Total time for which application threads were stopped: 0.0003326 seconds, Stopping threads took: 0.0000988 seconds
[2019-06-24T09:58:06.195+0000][1][safepoint    ] Application time: 1.0002471 seconds
[2019-06-24T09:58:06.195+0000][1][safepoint    ] Entering safepoint region: Cleanup
[2019-06-24T09:58:06.195+0000][1][safepoint    ] Leaving safepoint region
[2019-06-24T09:58:06.195+0000][1][safepoint    ] Total time for which application threads were stopped: 0.0002421 seconds, Stopping threads took: 0.0000562 seconds
[2019-06-24T09:58:07.196+0000][1][safepoint    ] Application time: 1.0002614 seconds
[2019-06-24T09:58:07.196+0000][1][safepoint    ] Entering safepoint region: Cleanup
[2019-06-24T09:58:07.196+0000][1][safepoint    ] Leaving safepoint region
[2019-06-24T09:58:07.196+0000][1][safepoint    ] Total time for which application threads were stopped: 0.0002896 seconds, Stopping threads took: 0.0000651 seconds
[2019-06-24T09:58:08.196+0000][1][safepoint    ] Application time: 1.0002720 seconds
[2019-06-24T09:58:08.197+0000][1][safepoint    ] Entering safepoint region: Cleanup
[2019-06-24T09:58:08.197+0000][1][safepoint    ] Leaving safepoint region
[2019-06-24T09:58:08.197+0000][1][safepoint    ] Total time for which application threads were stopped: 0.0002689 seconds, Stopping threads took: 0.0000654 seconds
[2019-06-24T09:58:12.198+0000][1][safepoint    ] Application time: 4.0006207 seconds
[2019-06-24T09:58:12.198+0000][1][safepoint    ] Entering safepoint region: Cleanup
[2019-06-24T09:58:12.198+0000][1][safepoint    ] Leaving safepoint region
[2019-06-24T09:58:12.198+0000][1][safepoint    ] Total time for which application threads were stopped: 0.0002899 seconds, Stopping threads took: 0.0000650 seconds
[2019-06-24T09:58:17.199+0000][1][safepoint    ] Application time: 5.0009243 seconds
[2019-06-24T09:58:17.199+0000][1][safepoint    ] Entering safepoint region: Cleanup
[2019-06-24T09:58:17.199+0000][1][safepoint    ] Leaving safepoint region
[2019-06-24T09:58:17.199+0000][1][safepoint    ] Total time for which application threads were stopped: 0.0003151 seconds, Stopping threads took: 0.0000844 seconds
[2019-06-24T09:58:18.200+0000][1][safepoint    ] Application time: 1.0002529 seconds
[2019-06-24T09:58:18.200+0000][1][safepoint    ] Entering safepoint region: Cleanup
[2019-06-24T09:58:18.200+0000][1][safepoint    ] Leaving safepoint region
[2019-06-24T09:58:18.200+0000][1][safepoint    ] Total time for which application threads were stopped: 0.0002377 seconds, Stopping threads took: 0.0000705 seconds
[2019-06-24T09:58:19.200+0000][1][safepoint    ] Application time: 1.0002400 seconds
[2019-06-24T09:58:19.200+0000][1][safepoint    ] Entering safepoint region: Cleanup
[2019-06-24T09:58:19.201+0000][1][safepoint    ] Leaving safepoint region
[2019-06-24T09:58:19.201+0000][1][safepoint    ] Total time for which application threads were stopped: 0.0003424 seconds, Stopping threads took: 0.0000758 seconds
[2019-06-24T09:58:31.203+0000][1][safepoint    ] Application time: 12.0021555 seconds
[2019-06-24T09:58:31.203+0000][1][safepoint    ] Entering safepoint region: Cleanup
[2019-06-24T09:58:31.203+0000][1][safepoint    ] Leaving safepoint region
[2019-06-24T09:58:31.203+0000][1][safepoint    ] Total time for which application threads were stopped: 0.0003444 seconds, Stopping threads took: 0.0001184 seconds
[2019-06-24T09:58:31.214+0000][1][safepoint    ] Application time: 0.0103135 seconds
[2019-06-24T09:58:31.214+0000][1][safepoint    ] Entering safepoint region: GenCollectForAllocation
[2019-06-24T09:58:31.214+0000][1][gc,start     ] GC(23) Pause Young (Allocation Failure)
[2019-06-24T09:58:31.214+0000][1][gc,task      ] GC(23) Using 5 workers of 8 for evacuation
[2019-06-24T09:58:31.224+0000][1][gc,age       ] GC(23) Desired survivor size 4456448 bytes, new threshold 6 (max threshold 6)
[2019-06-24T09:58:31.224+0000][1][gc,age       ] GC(23) Age table with threshold 6 (max threshold 6)
[2019-06-24T09:58:31.224+0000][1][gc,age       ] GC(23) - age   1:      14312 bytes,      14312 total
[2019-06-24T09:58:31.224+0000][1][gc,age       ] GC(23) - age   2:    2152648 bytes,    2166960 total
[2019-06-24T09:58:31.224+0000][1][gc,heap      ] GC(23) ParNew: 78113K->5386K(78656K)
[2019-06-24T09:58:31.224+0000][1][gc,heap      ] GC(23) CMS: 63538K->67197K(174784K)
[2019-06-24T09:58:31.224+0000][1][gc,metaspace ] GC(23) Metaspace: 67277K->67277K(1110016K)
[2019-06-24T09:58:31.224+0000][1][gc           ] GC(23) Pause Young (Allocation Failure) 138M->70M(247M) 9.719ms
[2019-06-24T09:58:31.224+0000][1][gc,cpu       ] GC(23) User=0.04s Sys=0.00s Real=0.02s
[2019-06-24T09:58:31.224+0000][1][safepoint    ] Leaving safepoint region
[2019-06-24T09:58:31.224+0000][1][safepoint    ] Total time for which application threads were stopped: 0.0100743 seconds, Stopping threads took: 0.0000590 seconds
[2019-06-24T09:58:38.225+0000][1][safepoint    ] Application time: 7.0014792 seconds
[2019-06-24T09:58:38.226+0000][1][safepoint    ] Entering safepoint region: Cleanup
[2019-06-24T09:58:38.227+0000][1][safepoint    ] Leaving safepoint region
[2019-06-24T09:58:38.227+0000][1][safepoint    ] Total time for which application threads were stopped: 0.0002942 seconds, Stopping threads took: 0.0000674 seconds
[2019-06-24T09:58:40.227+0000][1][safepoint    ] Application time: 2.0004881 seconds
[2019-06-24T09:58:40.227+0000][1][safepoint    ] Entering safepoint region: Cleanup
[2019-06-24T09:58:40.227+0000][1][safepoint    ] Leaving safepoint region
[2019-06-24T09:58:40.227+0000][1][safepoint    ] Total time for which application threads were stopped: 0.0002407 seconds, Stopping threads took: 0.0000597 seconds
[2019-06-24T09:58:48.229+0000][1][safepoint    ] Application time: 8.0017926 seconds
[2019-06-24T09:58:48.230+0000][1][safepoint    ] Entering safepoint region: Cleanup
[2019-06-24T09:58:48.231+0000][1][safepoint    ] Leaving safepoint region
[2019-06-24T09:58:48.231+0000][1][safepoint    ] Total time for which application threads were stopped: 0.0003736 seconds, Stopping threads took: 0.0001674 seconds
[2019-06-24T09:58:58.232+0000][1][safepoint    ] Application time: 10.0016577 seconds
[2019-06-24T09:58:58.233+0000][1][safepoint    ] Entering safepoint region: Cleanup
[2019-06-24T09:58:58.233+0000][1][safepoint    ] Leaving safepoint region
[2019-06-24T09:58:58.233+0000][1][safepoint    ] Total time for which application threads were stopped: 0.0001576 seconds, Stopping threads took: 0.0000487 seconds
[2019-06-24T09:58:59.233+0000][1][safepoint    ] Application time: 1.0002559 seconds
[2019-06-24T09:58:59.233+0000][1][safepoint    ] Entering safepoint region: Cleanup
[2019-06-24T09:58:59.233+0000][1][safepoint    ] Leaving safepoint region
[2019-06-24T09:58:59.233+0000][1][safepoint    ] Total time for which application threads were stopped: 0.0002707 seconds, Stopping threads took: 0.0000660 seconds
[2019-06-24T09:59:02.234+0000][1][safepoint    ] Application time: 3.0007476 seconds
[2019-06-24T09:59:02.234+0000][1][safepoint    ] Entering safepoint region: Cleanup
[2019-06-24T09:59:02.235+0000][1][safepoint    ] Leaving safepoint region
[2019-06-24T09:59:02.235+0000][1][safepoint    ] Total time for which application threads were stopped: 0.0003770 seconds, Stopping threads took: 0.0000653 seconds
[2019-06-24T09:59:04.235+0000][1][safepoint    ] Application time: 2.0004909 seconds
[2019-06-24T09:59:04.235+0000][1][safepoint    ] Entering safepoint region: Cleanup
[2019-06-24T09:59:04.236+0000][1][safepoint    ] Leaving safepoint region
[2019-06-24T09:59:04.236+0000][1][safepoint    ] Total time for which application threads were stopped: 0.0006979 seconds, Stopping threads took: 0.0004676 seconds
[2019-06-24T09:59:11.237+0000][1][safepoint    ] Application time: 7.0013477 seconds
[2019-06-24T09:59:11.238+0000][1][safepoint    ] Entering safepoint region: Cleanup
[2019-06-24T09:59:11.239+0000][1][safepoint    ] Leaving safepoint region
[2019-06-24T09:59:11.239+0000][1][safepoint    ] Total time for which application threads were stopped: 0.0005076 seconds, Stopping threads took: 0.0001543 seconds
[2019-06-24T09:59:14.240+0000][1][safepoint    ] Application time: 3.0007277 seconds
[2019-06-24T09:59:14.240+0000][1][safepoint    ] Entering safepoint region: Cleanup
[2019-06-24T09:59:14.240+0000][1][safepoint    ] Leaving safepoint region
[2019-06-24T09:59:14.240+0000][1][safepoint    ] Total time for which application threads were stopped: 0.0002364 seconds, Stopping threads took: 0.0000588 seconds
[2019-06-24T09:59:15.240+0000][1][safepoint    ] Application time: 1.0002506 seconds
[2019-06-24T09:59:15.240+0000][1][safepoint    ] Entering safepoint region: Cleanup
[2019-06-24T09:59:15.241+0000][1][safepoint    ] Leaving safepoint region
[2019-06-24T09:59:15.241+0000][1][safepoint    ] Total time for which application threads were stopped: 0.0002527 seconds, Stopping threads took: 0.0000679 seconds
[2019-06-24T09:59:17.241+0000][1][safepoint    ] Application time: 2.0004070 seconds
[2019-06-24T09:59:17.242+0000][1][safepoint    ] Entering safepoint region: Cleanup
[2019-06-24T09:59:17.242+0000][1][safepoint    ] Leaving safepoint region
[2019-06-24T09:59:17.242+0000][1][safepoint    ] Total time for which application threads were stopped: 0.0003007 seconds, Stopping threads took: 0.0001146 seconds
[2019-06-24T09:59:20.243+0000][1][safepoint    ] Application time: 3.0005539 seconds
[2019-06-24T09:59:20.243+0000][1][safepoint    ] Entering safepoint region: Cleanup
[2019-06-24T09:59:20.244+0000][1][safepoint    ] Leaving safepoint region
[2019-06-24T09:59:20.244+0000][1][safepoint    ] Total time for which application threads were stopped: 0.0013221 seconds, Stopping threads took: 0.0010649 seconds
[2019-06-24T09:59:23.245+0000][1][safepoint    ] Application time: 3.0007420 seconds
[2019-06-24T09:59:23.245+0000][1][safepoint    ] Entering safepoint region: Cleanup
[2019-06-24T09:59:23.245+0000][1][safepoint    ] Leaving safepoint region
[2019-06-24T09:59:23.245+0000][1][safepoint    ] Total time for which application threads were stopped: 0.0002799 seconds, Stopping threads took: 0.0000677 seconds
[2019-06-24T09:59:28.247+0000][1][safepoint    ] Application time: 5.0010898 seconds
[2019-06-24T09:59:28.248+0000][1][safepoint    ] Entering safepoint region: Cleanup
[2019-06-24T09:59:28.248+0000][1][safepoint    ] Leaving safepoint region
[2019-06-24T09:59:28.248+0000][1][safepoint    ] Total time for which application threads were stopped: 0.0003370 seconds, Stopping threads took: 0.0001228 seconds
[2019-06-24T09:59:30.249+0000][1][safepoint    ] Application time: 2.0004179 seconds
[2019-06-24T09:59:30.249+0000][1][safepoint    ] Entering safepoint region: Cleanup
[2019-06-24T09:59:30.249+0000][1][safepoint    ] Leaving safepoint region
[2019-06-24T09:59:30.249+0000][1][safepoint    ] Total time for which application threads were stopped: 0.0002500 seconds, Stopping threads took: 0.0000613 seconds
[2019-06-24T09:59:36.250+0000][1][safepoint    ] Application time: 6.0013634 seconds
[2019-06-24T09:59:36.252+0000][1][safepoint    ] Entering safepoint region: Cleanup
[2019-06-24T09:59:36.252+0000][1][safepoint    ] Leaving safepoint region
[2019-06-24T09:59:36.252+0000][1][safepoint    ] Total time for which application threads were stopped: 0.0003803 seconds, Stopping threads took: 0.0001648 seconds
[2019-06-24T09:59:50.255+0000][1][safepoint    ] Application time: 14.0030492 seconds
[2019-06-24T09:59:50.255+0000][1][safepoint    ] Entering safepoint region: Cleanup
[2019-06-24T09:59:50.255+0000][1][safepoint    ] Leaving safepoint region
[2019-06-24T09:59:50.255+0000][1][safepoint    ] Total time for which application threads were stopped: 0.0003299 seconds, Stopping threads took: 0.0000904 seconds
[2019-06-24T09:59:54.256+0000][1][safepoint    ] Application time: 4.0009777 seconds
[2019-06-24T09:59:54.257+0000][1][safepoint    ] Entering safepoint region: Cleanup
[2019-06-24T09:59:54.257+0000][1][safepoint    ] Leaving safepoint region
[2019-06-24T09:59:54.257+0000][1][safepoint    ] Total time for which application threads were stopped: 0.0002337 seconds, Stopping threads took: 0.0000903 seconds
[2019-06-24T09:59:59.258+0000][1][safepoint    ] Application time: 5.0010568 seconds
[2019-06-24T09:59:59.258+0000][1][safepoint    ] Entering safepoint region: Cleanup
[2019-06-24T09:59:59.258+0000][1][safepoint    ] Leaving safepoint region
[2019-06-24T09:59:59.258+0000][1][safepoint    ] Total time for which application threads were stopped: 0.0003338 seconds, Stopping threads took: 0.0000880 seconds
[2019-06-24T10:00:03.259+0000][1][safepoint    ] Application time: 4.0006947 seconds
[2019-06-24T10:00:03.260+0000][1][safepoint    ] Entering safepoint region: Cleanup
[2019-06-24T10:00:03.260+0000][1][safepoint    ] Leaving safepoint region
[2019-06-24T10:00:03.260+0000][1][safepoint    ] Total time for which application threads were stopped: 0.0002927 seconds, Stopping threads took: 0.0000911 seconds
[2019-06-24T10:00:05.261+0000][1][safepoint    ] Application time: 2.0004987 seconds
[2019-06-24T10:00:05.261+0000][1][safepoint    ] Entering safepoint region: Cleanup
[2019-06-24T10:00:05.261+0000][1][safepoint    ] Leaving safepoint region
[2019-06-24T10:00:05.261+0000][1][safepoint    ] Total time for which application threads were stopped: 0.0003220 seconds, Stopping threads took: 0.0000914 seconds
[2019-06-24T10:00:08.262+0000][1][safepoint    ] Application time: 3.0006304 seconds
[2019-06-24T10:00:08.262+0000][1][safepoint    ] Entering safepoint region: Cleanup
[2019-06-24T10:00:08.262+0000][1][safepoint    ] Leaving safepoint region
[2019-06-24T10:00:08.262+0000][1][safepoint    ] Total time for which application threads were stopped: 0.0003106 seconds, Stopping threads took: 0.0001077 seconds
[2019-06-24T10:00:09.263+0000][1][safepoint    ] Application time: 1.0002814 seconds
[2019-06-24T10:00:09.263+0000][1][safepoint    ] Entering safepoint region: Cleanup
[2019-06-24T10:00:09.263+0000][1][safepoint    ] Leaving safepoint region
[2019-06-24T10:00:09.263+0000][1][safepoint    ] Total time for which application threads were stopped: 0.0002871 seconds, Stopping threads took: 0.0000781 seconds
[2019-06-24T10:00:11.264+0000][1][safepoint    ] Application time: 2.0004753 seconds
[2019-06-24T10:00:11.264+0000][1][safepoint    ] Entering safepoint region: Cleanup
[2019-06-24T10:00:11.264+0000][1][safepoint    ] Leaving safepoint region
[2019-06-24T10:00:11.264+0000][1][safepoint    ] Total time for which application threads were stopped: 0.0002926 seconds, Stopping threads took: 0.0000800 seconds
[2019-06-24T10:00:12.264+0000][1][safepoint    ] Application time: 1.0001842 seconds
[2019-06-24T10:00:12.264+0000][1][safepoint    ] Entering safepoint region: Cleanup
[2019-06-24T10:00:12.265+0000][1][safepoint    ] Leaving safepoint region
[2019-06-24T10:00:12.265+0000][1][safepoint    ] Total time for which application threads were stopped: 0.0002881 seconds, Stopping threads took: 0.0000805 seconds
[2019-06-24T10:00:13.265+0000][1][safepoint    ] Application time: 1.0002625 seconds
[2019-06-24T10:00:13.265+0000][1][safepoint    ] Entering safepoint region: Cleanup
[2019-06-24T10:00:13.265+0000][1][safepoint    ] Leaving safepoint region
[2019-06-24T10:00:13.265+0000][1][safepoint    ] Total time for which application threads were stopped: 0.0003233 seconds, Stopping threads took: 0.0000885 seconds
[2019-06-24T10:00:14.266+0000][1][safepoint    ] Application time: 1.0002726 seconds
[2019-06-24T10:00:14.266+0000][1][safepoint    ] Entering safepoint region: Cleanup
[2019-06-24T10:00:14.266+0000][1][safepoint    ] Leaving safepoint region
[2019-06-24T10:00:14.266+0000][1][safepoint    ] Total time for which application threads were stopped: 0.0003046 seconds, Stopping threads took: 0.0000931 seconds
[2019-06-24T10:00:19.267+0000][1][safepoint    ] Application time: 5.0008431 seconds
[2019-06-24T10:00:19.267+0000][1][safepoint    ] Entering safepoint region: Cleanup
[2019-06-24T10:00:19.267+0000][1][safepoint    ] Leaving safepoint region
[2019-06-24T10:00:19.267+0000][1][safepoint    ] Total time for which application threads were stopped: 0.0002407 seconds, Stopping threads took: 0.0000584 seconds
[2019-06-24T10:00:20.268+0000][1][safepoint    ] Application time: 1.0001711 seconds
[2019-06-24T10:00:20.268+0000][1][safepoint    ] Entering safepoint region: Cleanup
[2019-06-24T10:00:20.268+0000][1][safepoint    ] Leaving safepoint region
[2019-06-24T10:00:20.268+0000][1][safepoint    ] Total time for which application threads were stopped: 0.0002352 seconds, Stopping threads took: 0.0000569 seconds
[2019-06-24T10:00:21.268+0000][1][safepoint    ] Application time: 1.0002506 seconds
[2019-06-24T10:00:21.268+0000][1][safepoint    ] Entering safepoint region: Cleanup
[2019-06-24T10:00:21.268+0000][1][safepoint    ] Leaving safepoint region
[2019-06-24T10:00:21.269+0000][1][safepoint    ] Total time for which application threads were stopped: 0.0002767 seconds, Stopping threads took: 0.0000585 seconds
[2019-06-24T10:00:22.269+0000][1][safepoint    ] Application time: 1.0002658 seconds
[2019-06-24T10:00:22.269+0000][1][safepoint    ] Entering safepoint region: Cleanup
[2019-06-24T10:00:22.269+0000][1][safepoint    ] Leaving safepoint region
[2019-06-24T10:00:22.269+0000][1][safepoint    ] Total time for which application threads were stopped: 0.0002703 seconds, Stopping threads took: 0.0000589 seconds
[2019-06-24T10:00:23.270+0000][1][safepoint    ] Application time: 1.0002540 seconds
[2019-06-24T10:00:23.270+0000][1][safepoint    ] Entering safepoint region: Cleanup
[2019-06-24T10:00:23.270+0000][1][safepoint    ] Leaving safepoint region
[2019-06-24T10:00:23.270+0000][1][safepoint    ] Total time for which application threads were stopped: 0.0002592 seconds, Stopping threads took: 0.0000700 seconds
[2019-06-24T10:00:24.270+0000][1][safepoint    ] Application time: 1.0002533 seconds
[2019-06-24T10:00:24.270+0000][1][safepoint    ] Entering safepoint region: Cleanup
[2019-06-24T10:00:24.270+0000][1][safepoint    ] Leaving safepoint region
[2019-06-24T10:00:24.271+0000][1][safepoint    ] Total time for which application threads were stopped: 0.0003139 seconds, Stopping threads took: 0.0000590 seconds
[2019-06-24T10:00:25.271+0000][1][safepoint    ] Application time: 1.0001412 seconds
[2019-06-24T10:00:25.271+0000][1][safepoint    ] Entering safepoint region: Cleanup
[2019-06-24T10:00:25.271+0000][1][safepoint    ] Leaving safepoint region
[2019-06-24T10:00:25.271+0000][1][safepoint    ] Total time for which application threads were stopped: 0.0002546 seconds, Stopping threads took: 0.0000803 seconds
[2019-06-24T10:00:26.271+0000][1][safepoint    ] Application time: 1.0002249 seconds
[2019-06-24T10:00:26.271+0000][1][safepoint    ] Entering safepoint region: Cleanup
[2019-06-24T10:00:26.272+0000][1][safepoint    ] Leaving safepoint region
[2019-06-24T10:00:26.272+0000][1][safepoint    ] Total time for which application threads were stopped: 0.0002424 seconds, Stopping threads took: 0.0000583 seconds
[2019-06-24T10:00:27.272+0000][1][safepoint    ] Application time: 1.0002688 seconds
[2019-06-24T10:00:27.272+0000][1][safepoint    ] Entering safepoint region: Cleanup
[2019-06-24T10:00:27.272+0000][1][safepoint    ] Leaving safepoint region
[2019-06-24T10:00:27.272+0000][1][safepoint    ] Total time for which application threads were stopped: 0.0002687 seconds, Stopping threads took: 0.0000668 seconds
[2019-06-24T10:00:29.273+0000][1][safepoint    ] Application time: 2.0004795 seconds
[2019-06-24T10:00:29.273+0000][1][safepoint    ] Entering safepoint region: Cleanup
[2019-06-24T10:00:29.273+0000][1][safepoint    ] Leaving safepoint region
[2019-06-24T10:00:29.273+0000][1][safepoint    ] Total time for which application threads were stopped: 0.0002452 seconds, Stopping threads took: 0.0000588 seconds
[2019-06-24T10:00:30.274+0000][1][safepoint    ] Application time: 1.0002670 seconds
[2019-06-24T10:00:30.274+0000][1][safepoint    ] Entering safepoint region: Cleanup
[2019-06-24T10:00:30.274+0000][1][safepoint    ] Leaving safepoint region
[2019-06-24T10:00:30.274+0000][1][safepoint    ] Total time for which application threads were stopped: 0.0002703 seconds, Stopping threads took: 0.0000665 seconds
[2019-06-24T10:00:32.409+0000][1][safepoint    ] Application time: 2.1351543 seconds
[2019-06-24T10:00:32.409+0000][1][safepoint    ] Entering safepoint region: GenCollectForAllocation
[2019-06-24T10:00:32.409+0000][1][gc,start     ] GC(24) Pause Young (Allocation Failure)
[2019-06-24T10:00:32.409+0000][1][gc,task      ] GC(24) Using 5 workers of 8 for evacuation
[2019-06-24T10:00:32.412+0000][1][gc,age       ] GC(24) Desired survivor size 4456448 bytes, new threshold 6 (max threshold 6)
[2019-06-24T10:00:32.412+0000][1][gc,age       ] GC(24) Age table with threshold 6 (max threshold 6)
[2019-06-24T10:00:32.412+0000][1][gc,age       ] GC(24) - age   1:       8200 bytes,       8200 total
[2019-06-24T10:00:32.412+0000][1][gc,age       ] GC(24) - age   2:      10752 bytes,      18952 total
[2019-06-24T10:00:32.412+0000][1][gc,age       ] GC(24) - age   3:    2152616 bytes,    2171568 total
[2019-06-24T10:00:32.412+0000][1][gc,heap      ] GC(24) ParNew: 75338K->3001K(78656K)
[2019-06-24T10:00:32.412+0000][1][gc,heap      ] GC(24) CMS: 67197K->67197K(174784K)
[2019-06-24T10:00:32.412+0000][1][gc,metaspace ] GC(24) Metaspace: 67566K->67566K(1112064K)
[2019-06-24T10:00:32.412+0000][1][gc           ] GC(24) Pause Young (Allocation Failure) 139M->68M(247M) 3.066ms
[2019-06-24T10:00:32.412+0000][1][gc,cpu       ] GC(24) User=0.01s Sys=0.00s Real=0.00s
[2019-06-24T10:00:32.412+0000][1][safepoint    ] Leaving safepoint region
[2019-06-24T10:00:32.413+0000][1][safepoint    ] Total time for which application threads were stopped: 0.0033274 seconds, Stopping threads took: 0.0001054 seconds
[2019-06-24T10:00:35.413+0000][1][safepoint    ] Application time: 3.0002872 seconds
[2019-06-24T10:00:35.414+0000][1][safepoint    ] Entering safepoint region: Cleanup
[2019-06-24T10:00:35.414+0000][1][safepoint    ] Leaving safepoint region
[2019-06-24T10:00:35.414+0000][1][safepoint    ] Total time for which application threads were stopped: 0.0001402 seconds, Stopping threads took: 0.0000363 seconds
[2019-06-24T10:00:38.414+0000][1][safepoint    ] Application time: 3.0002359 seconds
[2019-06-24T10:00:38.414+0000][1][safepoint    ] Entering safepoint region: Cleanup
[2019-06-24T10:00:38.414+0000][1][safepoint    ] Leaving safepoint region
[2019-06-24T10:00:38.414+0000][1][safepoint    ] Total time for which application threads were stopped: 0.0001458 seconds, Stopping threads took: 0.0000313 seconds
[2019-06-24T10:00:40.530+0000][1][safepoint    ] Application time: 2.1154820 seconds
[2019-06-24T10:00:40.531+0000][1][safepoint    ] Entering safepoint region: RevokeBias
[2019-06-24T10:00:40.531+0000][1][safepoint    ] Leaving safepoint region
[2019-06-24T10:00:40.531+0000][1][safepoint    ] Total time for which application threads were stopped: 0.0001467 seconds, Stopping threads took: 0.0000403 seconds
[2019-06-24T10:00:40.610+0000][1][safepoint    ] Application time: 0.0795780 seconds
[2019-06-24T10:00:40.610+0000][1][safepoint    ] Entering safepoint region: RevokeBias
[2019-06-24T10:00:40.610+0000][1][safepoint    ] Leaving safepoint region
[2019-06-24T10:00:40.611+0000][1][safepoint    ] Total time for which application threads were stopped: 0.0001988 seconds, Stopping threads took: 0.0000332 seconds
[2019-06-24T10:00:41.495+0000][1][safepoint    ] Application time: 0.8848273 seconds
[2019-06-24T10:00:41.495+0000][1][safepoint    ] Entering safepoint region: RevokeBias
[2019-06-24T10:00:41.496+0000][1][safepoint    ] Leaving safepoint region
[2019-06-24T10:00:41.496+0000][1][safepoint    ] Total time for which application threads were stopped: 0.0001626 seconds, Stopping threads took: 0.0000282 seconds
[2019-06-24T10:00:42.496+0000][1][safepoint    ] Application time: 1.0001344 seconds
[2019-06-24T10:00:42.496+0000][1][safepoint    ] Entering safepoint region: Cleanup
[2019-06-24T10:00:42.496+0000][1][safepoint    ] Leaving safepoint region
[2019-06-24T10:00:42.496+0000][1][safepoint    ] Total time for which application threads were stopped: 0.0003623 seconds, Stopping threads took: 0.0000816 seconds
[2019-06-24T10:00:42.500+0000][1][safepoint    ] Application time: 0.0039953 seconds
[2019-06-24T10:00:42.500+0000][1][safepoint    ] Entering safepoint region: RevokeBias
[2019-06-24T10:00:42.500+0000][1][safepoint    ] Leaving safepoint region
[2019-06-24T10:00:42.500+0000][1][safepoint    ] Total time for which application threads were stopped: 0.0001517 seconds, Stopping threads took: 0.0000370 seconds
[2019-06-24T10:00:43.501+0000][1][safepoint    ] Application time: 1.0001052 seconds
[2019-06-24T10:00:43.501+0000][1][safepoint    ] Entering safepoint region: Cleanup
[2019-06-24T10:00:43.501+0000][1][safepoint    ] Leaving safepoint region
[2019-06-24T10:00:43.501+0000][1][safepoint    ] Total time for which application threads were stopped: 0.0002809 seconds, Stopping threads took: 0.0000780 seconds
[2019-06-24T10:00:43.501+0000][1][safepoint    ] Application time: 0.0001568 seconds
[2019-06-24T10:00:43.501+0000][1][safepoint    ] Entering safepoint region: RevokeBias
[2019-06-24T10:00:43.501+0000][1][safepoint    ] Leaving safepoint region
[2019-06-24T10:00:43.501+0000][1][safepoint    ] Total time for which application threads were stopped: 0.0001577 seconds, Stopping threads took: 0.0000288 seconds
[2019-06-24T10:00:44.501+0000][1][safepoint    ] Application time: 1.0001926 seconds
[2019-06-24T10:00:44.502+0000][1][safepoint    ] Entering safepoint region: Cleanup
[2019-06-24T10:00:44.502+0000][1][safepoint    ] Leaving safepoint region
[2019-06-24T10:00:44.502+0000][1][safepoint    ] Total time for which application threads were stopped: 0.0002814 seconds, Stopping threads took: 0.0000657 seconds
[2019-06-24T10:00:45.502+0000][1][safepoint    ] Application time: 1.0001532 seconds
[2019-06-24T10:00:45.504+0000][1][safepoint    ] Entering safepoint region: Cleanup
[2019-06-24T10:00:45.504+0000][1][safepoint    ] Leaving safepoint region
[2019-06-24T10:00:45.504+0000][1][safepoint    ] Total time for which application threads were stopped: 0.0005384 seconds, Stopping threads took: 0.0002724 seconds
[2019-06-24T10:00:45.505+0000][1][safepoint    ] Application time: 0.0010629 seconds
[2019-06-24T10:00:45.505+0000][1][safepoint    ] Entering safepoint region: RevokeBias
[2019-06-24T10:00:45.505+0000][1][safepoint    ] Leaving safepoint region
[2019-06-24T10:00:45.505+0000][1][safepoint    ] Total time for which application threads were stopped: 0.0001751 seconds, Stopping threads took: 0.0000276 seconds
[2019-06-24T10:00:46.505+0000][1][safepoint    ] Application time: 0.9992093 seconds
[2019-06-24T10:00:46.505+0000][1][safepoint    ] Entering safepoint region: RevokeBias
[2019-06-24T10:00:46.505+0000][1][safepoint    ] Leaving safepoint region
[2019-06-24T10:00:46.505+0000][1][safepoint    ] Total time for which application threads were stopped: 0.0001135 seconds, Stopping threads took: 0.0000347 seconds
[2019-06-24T10:00:47.509+0000][1][safepoint    ] Application time: 1.0037993 seconds
[2019-06-24T10:00:47.509+0000][1][safepoint    ] Entering safepoint region: RevokeBias
[2019-06-24T10:00:47.509+0000][1][safepoint    ] Leaving safepoint region
[2019-06-24T10:00:47.509+0000][1][safepoint    ] Total time for which application threads were stopped: 0.0002256 seconds, Stopping threads took: 0.0000544 seconds
[2019-06-24T10:00:48.509+0000][1][safepoint    ] Application time: 1.0001467 seconds
[2019-06-24T10:00:48.509+0000][1][safepoint    ] Entering safepoint region: Cleanup
[2019-06-24T10:00:48.509+0000][1][safepoint    ] Leaving safepoint region
[2019-06-24T10:00:48.509+0000][1][safepoint    ] Total time for which application threads were stopped: 0.0002603 seconds, Stopping threads took: 0.0000853 seconds
[2019-06-24T10:00:48.511+0000][1][safepoint    ] Application time: 0.0014135 seconds
[2019-06-24T10:00:48.511+0000][1][safepoint    ] Entering safepoint region: RevokeBias
[2019-06-24T10:00:48.511+0000][1][safepoint    ] Leaving safepoint region
[2019-06-24T10:00:48.511+0000][1][safepoint    ] Total time for which application threads were stopped: 0.0003596 seconds, Stopping threads took: 0.0000786 seconds
[2019-06-24T10:00:49.511+0000][1][safepoint    ] Application time: 1.0001709 seconds
[2019-06-24T10:00:49.512+0000][1][safepoint    ] Entering safepoint region: Cleanup
[2019-06-24T10:00:49.512+0000][1][safepoint    ] Leaving safepoint region
[2019-06-24T10:00:49.512+0000][1][safepoint    ] Total time for which application threads were stopped: 0.0004028 seconds, Stopping threads took: 0.0002211 seconds
[2019-06-24T10:00:49.513+0000][1][safepoint    ] Application time: 0.0011401 seconds
[2019-06-24T10:00:49.513+0000][1][safepoint    ] Entering safepoint region: RevokeBias
[2019-06-24T10:00:49.514+0000][1][safepoint    ] Leaving safepoint region
[2019-06-24T10:00:49.514+0000][1][safepoint    ] Total time for which application threads were stopped: 0.0003763 seconds, Stopping threads took: 0.0001060 seconds
[2019-06-24T10:00:50.510+0000][1][safepoint    ] Application time: 0.9963829 seconds
[2019-06-24T10:00:50.510+0000][1][safepoint    ] Entering safepoint region: RevokeBias
[2019-06-24T10:00:50.510+0000][1][safepoint    ] Leaving safepoint region
[2019-06-24T10:00:50.510+0000][1][safepoint    ] Total time for which application threads were stopped: 0.0001903 seconds, Stopping threads took: 0.0000396 seconds
[2019-06-24T10:00:51.510+0000][1][safepoint    ] Application time: 1.0001129 seconds
[2019-06-24T10:00:51.511+0000][1][safepoint    ] Entering safepoint region: Cleanup
[2019-06-24T10:00:51.511+0000][1][safepoint    ] Leaving safepoint region
[2019-06-24T10:00:51.511+0000][1][safepoint    ] Total time for which application threads were stopped: 0.0002591 seconds, Stopping threads took: 0.0001627 seconds
[2019-06-24T10:00:51.511+0000][1][safepoint    ] Application time: 0.0002693 seconds
[2019-06-24T10:00:51.511+0000][1][safepoint    ] Entering safepoint region: RevokeBias
[2019-06-24T10:00:51.511+0000][1][safepoint    ] Leaving safepoint region
[2019-06-24T10:00:51.511+0000][1][safepoint    ] Total time for which application threads were stopped: 0.0002313 seconds, Stopping threads took: 0.0000879 seconds
[2019-06-24T10:00:52.511+0000][1][safepoint    ] Application time: 1.0001622 seconds
[2019-06-24T10:00:52.512+0000][1][safepoint    ] Entering safepoint region: Cleanup
[2019-06-24T10:00:52.512+0000][1][safepoint    ] Leaving safepoint region
[2019-06-24T10:00:52.512+0000][1][safepoint    ] Total time for which application threads were stopped: 0.0004347 seconds, Stopping threads took: 0.0001191 seconds
[2019-06-24T10:00:52.515+0000][1][safepoint    ] Application time: 0.0025523 seconds
[2019-06-24T10:00:52.515+0000][1][safepoint    ] Entering safepoint region: RevokeBias
[2019-06-24T10:00:52.515+0000][1][safepoint    ] Leaving safepoint region
[2019-06-24T10:00:52.515+0000][1][safepoint    ] Total time for which application threads were stopped: 0.0001368 seconds, Stopping threads took: 0.0000276 seconds
[2019-06-24T10:00:53.517+0000][1][safepoint    ] Application time: 1.0020649 seconds
[2019-06-24T10:00:53.517+0000][1][safepoint    ] Entering safepoint region: RevokeBias
[2019-06-24T10:00:53.517+0000][1][safepoint    ] Leaving safepoint region
[2019-06-24T10:00:53.517+0000][1][safepoint    ] Total time for which application threads were stopped: 0.0002462 seconds, Stopping threads took: 0.0001313 seconds
[2019-06-24T10:00:54.517+0000][1][safepoint    ] Application time: 1.0001135 seconds
[2019-06-24T10:00:54.518+0000][1][safepoint    ] Entering safepoint region: Cleanup
[2019-06-24T10:00:54.518+0000][1][safepoint    ] Leaving safepoint region
[2019-06-24T10:00:54.518+0000][1][safepoint    ] Total time for which application threads were stopped: 0.0009594 seconds, Stopping threads took: 0.0008435 seconds
[2019-06-24T10:00:54.519+0000][1][safepoint    ] Application time: 0.0002806 seconds
[2019-06-24T10:00:54.519+0000][1][safepoint    ] Entering safepoint region: RevokeBias
[2019-06-24T10:00:54.519+0000][1][safepoint    ] Leaving safepoint region
[2019-06-24T10:00:54.519+0000][1][safepoint    ] Total time for which application threads were stopped: 0.0001328 seconds, Stopping threads took: 0.0000227 seconds
[2019-06-24T10:00:55.519+0000][1][safepoint    ] Application time: 1.0001375 seconds
[2019-06-24T10:00:55.519+0000][1][safepoint    ] Entering safepoint region: Cleanup
[2019-06-24T10:00:55.519+0000][1][safepoint    ] Leaving safepoint region
[2019-06-24T10:00:55.519+0000][1][safepoint    ] Total time for which application threads were stopped: 0.0003983 seconds, Stopping threads took: 0.0001119 seconds
[2019-06-24T10:00:55.521+0000][1][safepoint    ] Application time: 0.0015551 seconds
[2019-06-24T10:00:55.521+0000][1][safepoint    ] Entering safepoint region: RevokeBias
[2019-06-24T10:00:55.522+0000][1][safepoint    ] Leaving safepoint region
[2019-06-24T10:00:55.522+0000][1][safepoint    ] Total time for which application threads were stopped: 0.0004637 seconds, Stopping threads took: 0.0002660 seconds
[2019-06-24T10:00:56.522+0000][1][safepoint    ] Application time: 1.0001513 seconds
[2019-06-24T10:00:56.522+0000][1][safepoint    ] Entering safepoint region: Cleanup
[2019-06-24T10:00:56.522+0000][1][safepoint    ] Leaving safepoint region
[2019-06-24T10:00:56.522+0000][1][safepoint    ] Total time for which application threads were stopped: 0.0002585 seconds, Stopping threads took: 0.0001138 seconds
[2019-06-24T10:00:56.523+0000][1][safepoint    ] Application time: 0.0007054 seconds
[2019-06-24T10:00:56.523+0000][1][safepoint    ] Entering safepoint region: RevokeBias
[2019-06-24T10:00:56.523+0000][1][safepoint    ] Leaving safepoint region
[2019-06-24T10:00:56.523+0000][1][safepoint    ] Total time for which application threads were stopped: 0.0002131 seconds, Stopping threads took: 0.0000508 seconds
[2019-06-24T10:00:57.523+0000][1][safepoint    ] Application time: 1.0001471 seconds
[2019-06-24T10:00:57.524+0000][1][safepoint    ] Entering safepoint region: Cleanup
[2019-06-24T10:00:57.524+0000][1][safepoint    ] Leaving safepoint region
[2019-06-24T10:00:57.524+0000][1][safepoint    ] Total time for which application threads were stopped: 0.0005260 seconds, Stopping threads took: 0.0002027 seconds
[2019-06-24T10:00:57.525+0000][1][safepoint    ] Application time: 0.0007725 seconds
[2019-06-24T10:00:57.525+0000][1][safepoint    ] Entering safepoint region: RevokeBias
[2019-06-24T10:00:57.525+0000][1][safepoint    ] Leaving safepoint region
[2019-06-24T10:00:57.525+0000][1][safepoint    ] Total time for which application threads were stopped: 0.0001931 seconds, Stopping threads took: 0.0000341 seconds
[2019-06-24T10:00:58.525+0000][1][safepoint    ] Application time: 1.0001533 seconds
[2019-06-24T10:00:58.526+0000][1][safepoint    ] Entering safepoint region: Cleanup
[2019-06-24T10:00:58.526+0000][1][safepoint    ] Leaving safepoint region
[2019-06-24T10:00:58.526+0000][1][safepoint    ] Total time for which application threads were stopped: 0.0005216 seconds, Stopping threads took: 0.0002242 seconds
[2019-06-24T10:00:58.527+0000][1][safepoint    ] Application time: 0.0012312 seconds
[2019-06-24T10:00:58.528+0000][1][safepoint    ] Entering safepoint region: RevokeBias
[2019-06-24T10:00:58.528+0000][1][safepoint    ] Leaving safepoint region
[2019-06-24T10:00:58.528+0000][1][safepoint    ] Total time for which application threads were stopped: 0.0005402 seconds, Stopping threads took: 0.0002756 seconds
[2019-06-24T10:00:59.528+0000][1][safepoint    ] Application time: 1.0002099 seconds
[2019-06-24T10:00:59.528+0000][1][safepoint    ] Entering safepoint region: Cleanup
[2019-06-24T10:00:59.528+0000][1][safepoint    ] Leaving safepoint region
[2019-06-24T10:00:59.528+0000][1][safepoint    ] Total time for which application threads were stopped: 0.0002451 seconds, Stopping threads took: 0.0000693 seconds
[2019-06-24T10:00:59.532+0000][1][safepoint    ] Application time: 0.0031117 seconds
[2019-06-24T10:00:59.532+0000][1][safepoint    ] Entering safepoint region: RevokeBias
[2019-06-24T10:00:59.532+0000][1][safepoint    ] Leaving safepoint region
[2019-06-24T10:00:59.532+0000][1][safepoint    ] Total time for which application threads were stopped: 0.0001323 seconds, Stopping threads took: 0.0000297 seconds
[2019-06-24T10:01:00.532+0000][1][safepoint    ] Application time: 1.0001350 seconds
[2019-06-24T10:01:00.532+0000][1][safepoint    ] Entering safepoint region: Cleanup
[2019-06-24T10:01:00.532+0000][1][safepoint    ] Leaving safepoint region
[2019-06-24T10:01:00.532+0000][1][safepoint    ] Total time for which application threads were stopped: 0.0003246 seconds, Stopping threads took: 0.0000772 seconds
[2019-06-24T10:01:01.530+0000][1][safepoint    ] Application time: 0.9980005 seconds
[2019-06-24T10:01:01.531+0000][1][safepoint    ] Entering safepoint region: BulkRevokeBias
[2019-06-24T10:01:01.531+0000][1][safepoint    ] Leaving safepoint region
[2019-06-24T10:01:01.531+0000][1][safepoint    ] Total time for which application threads were stopped: 0.0006008 seconds, Stopping threads took: 0.0001147 seconds
[2019-06-24T10:01:02.531+0000][1][safepoint    ] Application time: 1.0001586 seconds
[2019-06-24T10:01:02.531+0000][1][safepoint    ] Entering safepoint region: Cleanup
[2019-06-24T10:01:02.532+0000][1][safepoint    ] Leaving safepoint region
[2019-06-24T10:01:02.532+0000][1][safepoint    ] Total time for which application threads were stopped: 0.0004077 seconds, Stopping threads took: 0.0001077 seconds
[2019-06-24T10:01:02.533+0000][1][safepoint    ] Application time: 0.0009561 seconds
[2019-06-24T10:01:02.533+0000][1][safepoint    ] Entering safepoint region: RevokeBias
[2019-06-24T10:01:02.533+0000][1][safepoint    ] Leaving safepoint region
[2019-06-24T10:01:02.533+0000][1][safepoint    ] Total time for which application threads were stopped: 0.0002383 seconds, Stopping threads took: 0.0000549 seconds
[2019-06-24T10:01:03.533+0000][1][safepoint    ] Application time: 0.9997370 seconds
[2019-06-24T10:01:03.533+0000][1][safepoint    ] Entering safepoint region: RevokeBias
[2019-06-24T10:01:03.533+0000][1][safepoint    ] Leaving safepoint region
[2019-06-24T10:01:03.533+0000][1][safepoint    ] Total time for which application threads were stopped: 0.0002051 seconds, Stopping threads took: 0.0000634 seconds
[2019-06-24T10:01:04.533+0000][1][safepoint    ] Application time: 0.9998843 seconds
[2019-06-24T10:01:04.533+0000][1][safepoint    ] Entering safepoint region: RevokeBias
[2019-06-24T10:01:04.534+0000][1][safepoint    ] Leaving safepoint region
[2019-06-24T10:01:04.534+0000][1][safepoint    ] Total time for which application threads were stopped: 0.0005608 seconds, Stopping threads took: 0.0002210 seconds
[2019-06-24T10:01:05.534+0000][1][safepoint    ] Application time: 1.0002621 seconds
[2019-06-24T10:01:05.534+0000][1][safepoint    ] Entering safepoint region: Cleanup
[2019-06-24T10:01:05.535+0000][1][safepoint    ] Leaving safepoint region
[2019-06-24T10:01:05.535+0000][1][safepoint    ] Total time for which application threads were stopped: 0.0005018 seconds, Stopping threads took: 0.0001023 seconds
[2019-06-24T10:01:05.536+0000][1][safepoint    ] Application time: 0.0013669 seconds
[2019-06-24T10:01:05.536+0000][1][safepoint    ] Entering safepoint region: RevokeBias
[2019-06-24T10:01:05.536+0000][1][safepoint    ] Leaving safepoint region
[2019-06-24T10:01:05.536+0000][1][safepoint    ] Total time for which application threads were stopped: 0.0002540 seconds, Stopping threads took: 0.0000655 seconds
[2019-06-24T10:01:06.537+0000][1][safepoint    ] Application time: 1.0000458 seconds
[2019-06-24T10:01:06.537+0000][1][safepoint    ] Entering safepoint region: RevokeBias
[2019-06-24T10:01:06.537+0000][1][safepoint    ] Leaving safepoint region
[2019-06-24T10:01:06.537+0000][1][safepoint    ] Total time for which application threads were stopped: 0.0001400 seconds, Stopping threads took: 0.0000412 seconds
[2019-06-24T10:01:07.537+0000][1][safepoint    ] Application time: 1.0001498 seconds
[2019-06-24T10:01:07.537+0000][1][safepoint    ] Entering safepoint region: Cleanup
[2019-06-24T10:01:07.537+0000][1][safepoint    ] Leaving safepoint region
[2019-06-24T10:01:07.537+0000][1][safepoint    ] Total time for which application threads were stopped: 0.0003569 seconds, Stopping threads took: 0.0000953 seconds
[2019-06-24T10:01:07.539+0000][1][safepoint    ] Application time: 0.0010968 seconds
[2019-06-24T10:01:07.539+0000][1][safepoint    ] Entering safepoint region: RevokeBias
[2019-06-24T10:01:07.539+0000][1][safepoint    ] Leaving safepoint region
[2019-06-24T10:01:07.539+0000][1][safepoint    ] Total time for which application threads were stopped: 0.0001263 seconds, Stopping threads took: 0.0000356 seconds
[2019-06-24T10:01:08.537+0000][1][safepoint    ] Application time: 0.9979606 seconds
[2019-06-24T10:01:08.537+0000][1][safepoint    ] Entering safepoint region: RevokeBias
[2019-06-24T10:01:08.537+0000][1][safepoint    ] Leaving safepoint region
[2019-06-24T10:01:08.537+0000][1][safepoint    ] Total time for which application threads were stopped: 0.0001141 seconds, Stopping threads took: 0.0000252 seconds
[2019-06-24T10:01:09.537+0000][1][safepoint    ] Application time: 1.0001657 seconds
[2019-06-24T10:01:09.537+0000][1][safepoint    ] Entering safepoint region: Cleanup
[2019-06-24T10:01:09.537+0000][1][safepoint    ] Leaving safepoint region
[2019-06-24T10:01:09.537+0000][1][safepoint    ] Total time for which application threads were stopped: 0.0002176 seconds, Stopping threads took: 0.0000606 seconds
[2019-06-24T10:01:09.539+0000][1][safepoint    ] Application time: 0.0012234 seconds
[2019-06-24T10:01:09.539+0000][1][safepoint    ] Entering safepoint region: RevokeBias
[2019-06-24T10:01:09.539+0000][1][safepoint    ] Leaving safepoint region
[2019-06-24T10:01:09.539+0000][1][safepoint    ] Total time for which application threads were stopped: 0.0001132 seconds, Stopping threads took: 0.0000273 seconds
[2019-06-24T10:01:10.539+0000][1][safepoint    ] Application time: 0.9998852 seconds
[2019-06-24T10:01:10.539+0000][1][safepoint    ] Entering safepoint region: RevokeBias
[2019-06-24T10:01:10.539+0000][1][safepoint    ] Leaving safepoint region
[2019-06-24T10:01:10.539+0000][1][safepoint    ] Total time for which application threads were stopped: 0.0001777 seconds, Stopping threads took: 0.0000771 seconds
[2019-06-24T10:01:11.539+0000][1][safepoint    ] Application time: 1.0001454 seconds
[2019-06-24T10:01:11.539+0000][1][safepoint    ] Entering safepoint region: Cleanup
[2019-06-24T10:01:11.539+0000][1][safepoint    ] Leaving safepoint region
[2019-06-24T10:01:11.539+0000][1][safepoint    ] Total time for which application threads were stopped: 0.0003278 seconds, Stopping threads took: 0.0000882 seconds
[2019-06-24T10:01:11.543+0000][1][safepoint    ] Application time: 0.0033708 seconds
[2019-06-24T10:01:11.543+0000][1][safepoint    ] Entering safepoint region: RevokeBias
[2019-06-24T10:01:11.543+0000][1][safepoint    ] Leaving safepoint region
[2019-06-24T10:01:11.543+0000][1][safepoint    ] Total time for which application threads were stopped: 0.0001628 seconds, Stopping threads took: 0.0000365 seconds
[2019-06-24T10:01:12.543+0000][1][safepoint    ] Application time: 1.0001168 seconds
[2019-06-24T10:01:12.543+0000][1][safepoint    ] Entering safepoint region: Cleanup
[2019-06-24T10:01:12.544+0000][1][safepoint    ] Leaving safepoint region
[2019-06-24T10:01:12.544+0000][1][safepoint    ] Total time for which application threads were stopped: 0.0002357 seconds, Stopping threads took: 0.0001196 seconds
[2019-06-24T10:01:12.544+0000][1][safepoint    ] Application time: 0.0001470 seconds
[2019-06-24T10:01:12.544+0000][1][safepoint    ] Entering safepoint region: RevokeBias
[2019-06-24T10:01:12.544+0000][1][safepoint    ] Leaving safepoint region
[2019-06-24T10:01:12.544+0000][1][safepoint    ] Total time for which application threads were stopped: 0.0001187 seconds, Stopping threads took: 0.0000240 seconds
[2019-06-24T10:01:13.544+0000][1][safepoint    ] Application time: 1.0001396 seconds
[2019-06-24T10:01:13.544+0000][1][safepoint    ] Entering safepoint region: Cleanup
[2019-06-24T10:01:13.545+0000][1][safepoint    ] Leaving safepoint region
[2019-06-24T10:01:13.545+0000][1][safepoint    ] Total time for which application threads were stopped: 0.0003870 seconds, Stopping threads took: 0.0000980 seconds
[2019-06-24T10:01:13.546+0000][1][safepoint    ] Application time: 0.0010433 seconds
[2019-06-24T10:01:13.546+0000][1][safepoint    ] Entering safepoint region: RevokeBias
[2019-06-24T10:01:13.546+0000][1][safepoint    ] Leaving safepoint region
[2019-06-24T10:01:13.546+0000][1][safepoint    ] Total time for which application threads were stopped: 0.0002406 seconds, Stopping threads took: 0.0000731 seconds
[2019-06-24T10:01:14.546+0000][1][safepoint    ] Application time: 1.0001517 seconds
[2019-06-24T10:01:14.546+0000][1][safepoint    ] Entering safepoint region: Cleanup
[2019-06-24T10:01:14.547+0000][1][safepoint    ] Leaving safepoint region
[2019-06-24T10:01:14.547+0000][1][safepoint    ] Total time for which application threads were stopped: 0.0002673 seconds, Stopping threads took: 0.0000890 seconds
[2019-06-24T10:01:14.547+0000][1][safepoint    ] Application time: 0.0005182 seconds
[2019-06-24T10:01:14.547+0000][1][safepoint    ] Entering safepoint region: RevokeBias
[2019-06-24T10:01:14.547+0000][1][safepoint    ] Leaving safepoint region
[2019-06-24T10:01:14.547+0000][1][safepoint    ] Total time for which application threads were stopped: 0.0002372 seconds, Stopping threads took: 0.0001593 seconds
[2019-06-24T10:01:15.548+0000][1][safepoint    ] Application time: 1.0001488 seconds
[2019-06-24T10:01:15.548+0000][1][safepoint    ] Entering safepoint region: Cleanup
[2019-06-24T10:01:15.548+0000][1][safepoint    ] Leaving safepoint region
[2019-06-24T10:01:15.548+0000][1][safepoint    ] Total time for which application threads were stopped: 0.0002045 seconds, Stopping threads took: 0.0000878 seconds
[2019-06-24T10:01:15.548+0000][1][safepoint    ] Application time: 0.0005944 seconds
[2019-06-24T10:01:15.549+0000][1][safepoint    ] Entering safepoint region: RevokeBias
[2019-06-24T10:01:15.549+0000][1][safepoint    ] Leaving safepoint region
[2019-06-24T10:01:15.549+0000][1][safepoint    ] Total time for which application threads were stopped: 0.0001388 seconds, Stopping threads took: 0.0000243 seconds
[2019-06-24T10:01:16.549+0000][1][safepoint    ] Application time: 1.0001095 seconds
[2019-06-24T10:01:16.549+0000][1][safepoint    ] Entering safepoint region: Cleanup
[2019-06-24T10:01:16.549+0000][1][safepoint    ] Leaving safepoint region
[2019-06-24T10:01:16.549+0000][1][safepoint    ] Total time for which application threads were stopped: 0.0001673 seconds, Stopping threads took: 0.0000668 seconds
[2019-06-24T10:01:17.549+0000][1][safepoint    ] Application time: 1.0001698 seconds
[2019-06-24T10:01:17.549+0000][1][safepoint    ] Entering safepoint region: Cleanup
[2019-06-24T10:01:17.550+0000][1][safepoint    ] Leaving safepoint region
[2019-06-24T10:01:17.550+0000][1][safepoint    ] Total time for which application threads were stopped: 0.0003507 seconds, Stopping threads took: 0.0000976 seconds
[2019-06-24T10:01:17.552+0000][1][safepoint    ] Application time: 0.0019656 seconds
[2019-06-24T10:01:17.552+0000][1][safepoint    ] Entering safepoint region: RevokeBias
[2019-06-24T10:01:17.552+0000][1][safepoint    ] Leaving safepoint region
[2019-06-24T10:01:17.552+0000][1][safepoint    ] Total time for which application threads were stopped: 0.0001179 seconds, Stopping threads took: 0.0000289 seconds
[2019-06-24T10:01:18.552+0000][1][safepoint    ] Application time: 1.0001694 seconds
[2019-06-24T10:01:18.552+0000][1][safepoint    ] Entering safepoint region: Cleanup
[2019-06-24T10:01:18.553+0000][1][safepoint    ] Leaving safepoint region
[2019-06-24T10:01:18.553+0000][1][safepoint    ] Total time for which application threads were stopped: 0.0005421 seconds, Stopping threads took: 0.0002388 seconds
[2019-06-24T10:01:18.553+0000][1][safepoint    ] Application time: 0.0002919 seconds
[2019-06-24T10:01:18.553+0000][1][safepoint    ] Entering safepoint region: RevokeBias
[2019-06-24T10:01:18.553+0000][1][safepoint    ] Leaving safepoint region
[2019-06-24T10:01:18.553+0000][1][safepoint    ] Total time for which application threads were stopped: 0.0001121 seconds, Stopping threads took: 0.0000187 seconds
[2019-06-24T10:01:18.676+0000][1][safepoint    ] Application time: 0.1226849 seconds
[2019-06-24T10:01:18.676+0000][1][safepoint    ] Entering safepoint region: GenCollectForAllocation
[2019-06-24T10:01:18.676+0000][1][gc,start     ] GC(25) Pause Young (Allocation Failure)
[2019-06-24T10:01:18.676+0000][1][gc,task      ] GC(25) Using 5 workers of 8 for evacuation
[2019-06-24T10:01:18.679+0000][1][gc,age       ] GC(25) Desired survivor size 4456448 bytes, new threshold 6 (max threshold 6)
[2019-06-24T10:01:18.679+0000][1][gc,age       ] GC(25) Age table with threshold 6 (max threshold 6)
[2019-06-24T10:01:18.679+0000][1][gc,age       ] GC(25) - age   1:     130904 bytes,     130904 total
[2019-06-24T10:01:18.679+0000][1][gc,age       ] GC(25) - age   2:       3872 bytes,     134776 total
[2019-06-24T10:01:18.679+0000][1][gc,age       ] GC(25) - age   3:      10112 bytes,     144888 total
[2019-06-24T10:01:18.679+0000][1][gc,age       ] GC(25) - age   4:    2084144 bytes,    2229032 total
[2019-06-24T10:01:18.679+0000][1][gc,heap      ] GC(25) ParNew: 72953K->3295K(78656K)
[2019-06-24T10:01:18.679+0000][1][gc,heap      ] GC(25) CMS: 67197K->67197K(174784K)
[2019-06-24T10:01:18.679+0000][1][gc,metaspace ] GC(25) Metaspace: 67828K->67828K(1112064K)
[2019-06-24T10:01:18.679+0000][1][gc           ] GC(25) Pause Young (Allocation Failure) 136M->68M(247M) 2.687ms
[2019-06-24T10:01:18.679+0000][1][gc,cpu       ] GC(25) User=0.01s Sys=0.01s Real=0.00s
[2019-06-24T10:01:18.679+0000][1][safepoint    ] Leaving safepoint region
[2019-06-24T10:01:18.679+0000][1][safepoint    ] Total time for which application threads were stopped: 0.0028751 seconds, Stopping threads took: 0.0000282 seconds
[2019-06-24T10:01:19.553+0000][1][safepoint    ] Application time: 0.8743997 seconds
[2019-06-24T10:01:19.553+0000][1][safepoint    ] Entering safepoint region: RevokeBias
[2019-06-24T10:01:19.554+0000][1][safepoint    ] Leaving safepoint region
[2019-06-24T10:01:19.554+0000][1][safepoint    ] Total time for which application threads were stopped: 0.0003054 seconds, Stopping threads took: 0.0000997 seconds
[2019-06-24T10:01:20.554+0000][1][safepoint    ] Application time: 1.0001936 seconds
[2019-06-24T10:01:20.554+0000][1][safepoint    ] Entering safepoint region: Cleanup
[2019-06-24T10:01:20.555+0000][1][safepoint    ] Leaving safepoint region
[2019-06-24T10:01:20.555+0000][1][safepoint    ] Total time for which application threads were stopped: 0.0006679 seconds, Stopping threads took: 0.0002826 seconds
[2019-06-24T10:01:20.556+0000][1][safepoint    ] Application time: 0.0009483 seconds
[2019-06-24T10:01:20.556+0000][1][safepoint    ] Entering safepoint region: RevokeBias
[2019-06-24T10:01:20.556+0000][1][safepoint    ] Leaving safepoint region
[2019-06-24T10:01:20.556+0000][1][safepoint    ] Total time for which application threads were stopped: 0.0004632 seconds, Stopping threads took: 0.0002627 seconds
[2019-06-24T10:01:21.556+0000][1][safepoint    ] Application time: 0.9997361 seconds
[2019-06-24T10:01:21.556+0000][1][safepoint    ] Entering safepoint region: RevokeBias
[2019-06-24T10:01:21.556+0000][1][safepoint    ] Leaving safepoint region
[2019-06-24T10:01:21.557+0000][1][safepoint    ] Total time for which application threads were stopped: 0.0004499 seconds, Stopping threads took: 0.0000955 seconds
[2019-06-24T10:01:22.557+0000][1][safepoint    ] Application time: 1.0001801 seconds
[2019-06-24T10:01:22.557+0000][1][safepoint    ] Entering safepoint region: Cleanup
[2019-06-24T10:01:22.557+0000][1][safepoint    ] Leaving safepoint region
[2019-06-24T10:01:22.558+0000][1][safepoint    ] Total time for which application threads were stopped: 0.0006330 seconds, Stopping threads took: 0.0003566 seconds
[2019-06-24T10:01:22.558+0000][1][safepoint    ] Application time: 0.0005185 seconds
[2019-06-24T10:01:22.558+0000][1][safepoint    ] Entering safepoint region: BulkRevokeBias
[2019-06-24T10:01:22.559+0000][1][safepoint    ] Leaving safepoint region
[2019-06-24T10:01:22.559+0000][1][safepoint    ] Total time for which application threads were stopped: 0.0010037 seconds, Stopping threads took: 0.0000292 seconds
[2019-06-24T10:01:23.559+0000][1][safepoint    ] Application time: 1.0001593 seconds
[2019-06-24T10:01:23.559+0000][1][safepoint    ] Entering safepoint region: Cleanup
[2019-06-24T10:01:23.560+0000][1][safepoint    ] Leaving safepoint region
[2019-06-24T10:01:23.560+0000][1][safepoint    ] Total time for which application threads were stopped: 0.0001855 seconds, Stopping threads took: 0.0000919 seconds
[2019-06-24T10:01:24.560+0000][1][safepoint    ] Application time: 1.0001258 seconds
[2019-06-24T10:01:24.560+0000][1][safepoint    ] Entering safepoint region: Cleanup
[2019-06-24T10:01:24.560+0000][1][safepoint    ] Leaving safepoint region
[2019-06-24T10:01:24.561+0000][1][safepoint    ] Total time for which application threads were stopped: 0.0007199 seconds, Stopping threads took: 0.0004216 seconds
[2019-06-24T10:01:25.561+0000][1][safepoint    ] Application time: 1.0001802 seconds
[2019-06-24T10:01:25.561+0000][1][safepoint    ] Entering safepoint region: Cleanup
[2019-06-24T10:01:25.561+0000][1][safepoint    ] Leaving safepoint region
[2019-06-24T10:01:25.561+0000][1][safepoint    ] Total time for which application threads were stopped: 0.0003161 seconds, Stopping threads took: 0.0001491 seconds
[2019-06-24T10:01:26.561+0000][1][safepoint    ] Application time: 1.0002287 seconds
[2019-06-24T10:01:26.562+0000][1][safepoint    ] Entering safepoint region: Cleanup
[2019-06-24T10:01:26.562+0000][1][safepoint    ] Leaving safepoint region
[2019-06-24T10:01:26.562+0000][1][safepoint    ] Total time for which application threads were stopped: 0.0004548 seconds, Stopping threads took: 0.0001743 seconds
[2019-06-24T10:01:27.562+0000][1][safepoint    ] Application time: 1.0001933 seconds
[2019-06-24T10:01:27.563+0000][1][safepoint    ] Entering safepoint region: Cleanup
[2019-06-24T10:01:27.563+0000][1][safepoint    ] Leaving safepoint region
[2019-06-24T10:01:27.563+0000][1][safepoint    ] Total time for which application threads were stopped: 0.0004852 seconds, Stopping threads took: 0.0002211 seconds
[2019-06-24T10:01:28.563+0000][1][safepoint    ] Application time: 1.0001889 seconds
[2019-06-24T10:01:28.563+0000][1][safepoint    ] Entering safepoint region: Cleanup
[2019-06-24T10:01:28.564+0000][1][safepoint    ] Leaving safepoint region
[2019-06-24T10:01:28.564+0000][1][safepoint    ] Total time for which application threads were stopped: 0.0003045 seconds, Stopping threads took: 0.0000949 seconds
[2019-06-24T10:01:29.564+0000][1][safepoint    ] Application time: 1.0002198 seconds
[2019-06-24T10:01:29.564+0000][1][safepoint    ] Entering safepoint region: Cleanup
[2019-06-24T10:01:29.564+0000][1][safepoint    ] Leaving safepoint region
[2019-06-24T10:01:29.564+0000][1][safepoint    ] Total time for which application threads were stopped: 0.0004013 seconds, Stopping threads took: 0.0001035 seconds
[2019-06-24T10:01:30.565+0000][1][safepoint    ] Application time: 1.0001651 seconds
[2019-06-24T10:01:30.565+0000][1][safepoint    ] Entering safepoint region: Cleanup
[2019-06-24T10:01:30.565+0000][1][safepoint    ] Leaving safepoint region
[2019-06-24T10:01:30.565+0000][1][safepoint    ] Total time for which application threads were stopped: 0.0003787 seconds, Stopping threads took: 0.0000958 seconds
[2019-06-24T10:01:31.565+0000][1][safepoint    ] Application time: 1.0001257 seconds
[2019-06-24T10:01:31.565+0000][1][safepoint    ] Entering safepoint region: Cleanup
[2019-06-24T10:01:31.565+0000][1][safepoint    ] Leaving safepoint region
[2019-06-24T10:01:31.566+0000][1][safepoint    ] Total time for which application threads were stopped: 0.0001178 seconds, Stopping threads took: 0.0000391 seconds
[2019-06-24T10:01:32.566+0000][1][safepoint    ] Application time: 1.0001163 seconds
[2019-06-24T10:01:32.566+0000][1][safepoint    ] Entering safepoint region: Cleanup
[2019-06-24T10:01:32.566+0000][1][safepoint    ] Leaving safepoint region
[2019-06-24T10:01:32.566+0000][1][safepoint    ] Total time for which application threads were stopped: 0.0002237 seconds, Stopping threads took: 0.0000598 seconds
[2019-06-24T10:01:33.566+0000][1][safepoint    ] Application time: 1.0001492 seconds
[2019-06-24T10:01:33.567+0000][1][safepoint    ] Entering safepoint region: Cleanup
[2019-06-24T10:01:33.567+0000][1][safepoint    ] Leaving safepoint region
[2019-06-24T10:01:33.567+0000][1][safepoint    ] Total time for which application threads were stopped: 0.0005299 seconds, Stopping threads took: 0.0002922 seconds
[2019-06-24T10:01:34.567+0000][1][safepoint    ] Application time: 1.0001590 seconds
[2019-06-24T10:01:34.567+0000][1][safepoint    ] Entering safepoint region: Cleanup
[2019-06-24T10:01:34.567+0000][1][safepoint    ] Leaving safepoint region
[2019-06-24T10:01:34.567+0000][1][safepoint    ] Total time for which application threads were stopped: 0.0002565 seconds, Stopping threads took: 0.0000661 seconds
[2019-06-24T10:01:35.568+0000][1][safepoint    ] Application time: 1.0001388 seconds
[2019-06-24T10:01:35.568+0000][1][safepoint    ] Entering safepoint region: Cleanup
[2019-06-24T10:01:35.568+0000][1][safepoint    ] Leaving safepoint region
[2019-06-24T10:01:35.568+0000][1][safepoint    ] Total time for which application threads were stopped: 0.0002512 seconds, Stopping threads took: 0.0000884 seconds
[2019-06-24T10:01:36.568+0000][1][safepoint    ] Application time: 1.0001335 seconds
[2019-06-24T10:01:36.568+0000][1][safepoint    ] Entering safepoint region: Cleanup
[2019-06-24T10:01:36.568+0000][1][safepoint    ] Leaving safepoint region
[2019-06-24T10:01:36.568+0000][1][safepoint    ] Total time for which application threads were stopped: 0.0002346 seconds, Stopping threads took: 0.0000660 seconds
[2019-06-24T10:01:37.569+0000][1][safepoint    ] Application time: 1.0001365 seconds
[2019-06-24T10:01:37.569+0000][1][safepoint    ] Entering safepoint region: Cleanup
[2019-06-24T10:01:37.569+0000][1][safepoint    ] Leaving safepoint region
[2019-06-24T10:01:37.569+0000][1][safepoint    ] Total time for which application threads were stopped: 0.0002773 seconds, Stopping threads took: 0.0000650 seconds
[2019-06-24T10:01:38.569+0000][1][safepoint    ] Application time: 1.0001065 seconds
[2019-06-24T10:01:38.569+0000][1][safepoint    ] Entering safepoint region: Cleanup
[2019-06-24T10:01:38.569+0000][1][safepoint    ] Leaving safepoint region
[2019-06-24T10:01:38.569+0000][1][safepoint    ] Total time for which application threads were stopped: 0.0001555 seconds, Stopping threads took: 0.0000522 seconds
[2019-06-24T10:01:39.570+0000][1][safepoint    ] Application time: 1.0002480 seconds
[2019-06-24T10:01:39.570+0000][1][safepoint    ] Entering safepoint region: Cleanup
[2019-06-24T10:01:39.570+0000][1][safepoint    ] Leaving safepoint region
[2019-06-24T10:01:39.570+0000][1][safepoint    ] Total time for which application threads were stopped: 0.0002237 seconds, Stopping threads took: 0.0000660 seconds
[2019-06-24T10:01:40.570+0000][1][safepoint    ] Application time: 1.0002638 seconds
[2019-06-24T10:01:40.570+0000][1][safepoint    ] Entering safepoint region: Cleanup
[2019-06-24T10:01:40.571+0000][1][safepoint    ] Leaving safepoint region
[2019-06-24T10:01:40.571+0000][1][safepoint    ] Total time for which application threads were stopped: 0.0002997 seconds, Stopping threads took: 0.0000669 seconds
[2019-06-24T10:01:41.571+0000][1][safepoint    ] Application time: 1.0001433 seconds
[2019-06-24T10:01:41.571+0000][1][safepoint    ] Entering safepoint region: Cleanup
[2019-06-24T10:01:41.571+0000][1][safepoint    ] Leaving safepoint region
[2019-06-24T10:01:41.571+0000][1][safepoint    ] Total time for which application threads were stopped: 0.0002433 seconds, Stopping threads took: 0.0000663 seconds
[2019-06-24T10:01:42.572+0000][1][safepoint    ] Application time: 1.0002710 seconds
[2019-06-24T10:01:42.572+0000][1][safepoint    ] Entering safepoint region: Cleanup
[2019-06-24T10:01:42.572+0000][1][safepoint    ] Leaving safepoint region
[2019-06-24T10:01:42.572+0000][1][safepoint    ] Total time for which application threads were stopped: 0.0002484 seconds, Stopping threads took: 0.0000793 seconds
[2019-06-24T10:01:43.572+0000][1][safepoint    ] Application time: 1.0001372 seconds
[2019-06-24T10:01:43.572+0000][1][safepoint    ] Entering safepoint region: Cleanup
[2019-06-24T10:01:43.572+0000][1][safepoint    ] Leaving safepoint region
[2019-06-24T10:01:43.572+0000][1][safepoint    ] Total time for which application threads were stopped: 0.0002538 seconds, Stopping threads took: 0.0000663 seconds
[2019-06-24T10:01:44.573+0000][1][safepoint    ] Application time: 1.0002801 seconds
[2019-06-24T10:01:44.573+0000][1][safepoint    ] Entering safepoint region: Cleanup
[2019-06-24T10:01:44.573+0000][1][safepoint    ] Leaving safepoint region
[2019-06-24T10:01:44.573+0000][1][safepoint    ] Total time for which application threads were stopped: 0.0002418 seconds, Stopping threads took: 0.0000643 seconds
[2019-06-24T10:01:45.573+0000][1][safepoint    ] Application time: 1.0001901 seconds
[2019-06-24T10:01:45.573+0000][1][safepoint    ] Entering safepoint region: Cleanup
[2019-06-24T10:01:45.574+0000][1][safepoint    ] Leaving safepoint region
[2019-06-24T10:01:45.574+0000][1][safepoint    ] Total time for which application threads were stopped: 0.0002359 seconds, Stopping threads took: 0.0000649 seconds
[2019-06-24T10:01:46.574+0000][1][safepoint    ] Application time: 1.0002297 seconds
[2019-06-24T10:01:46.574+0000][1][safepoint    ] Entering safepoint region: Cleanup
[2019-06-24T10:01:46.574+0000][1][safepoint    ] Leaving safepoint region
[2019-06-24T10:01:46.574+0000][1][safepoint    ] Total time for which application threads were stopped: 0.0002599 seconds, Stopping threads took: 0.0000696 seconds
[2019-06-24T10:01:47.575+0000][1][safepoint    ] Application time: 1.0001469 seconds
[2019-06-24T10:01:47.575+0000][1][safepoint    ] Entering safepoint region: Cleanup
[2019-06-24T10:01:47.575+0000][1][safepoint    ] Leaving safepoint region
[2019-06-24T10:01:47.575+0000][1][safepoint    ] Total time for which application threads were stopped: 0.0002028 seconds, Stopping threads took: 0.0000542 seconds
[2019-06-24T10:01:48.575+0000][1][safepoint    ] Application time: 1.0002662 seconds
[2019-06-24T10:01:48.575+0000][1][safepoint    ] Entering safepoint region: Cleanup
[2019-06-24T10:01:48.575+0000][1][safepoint    ] Leaving safepoint region
[2019-06-24T10:01:48.575+0000][1][safepoint    ] Total time for which application threads were stopped: 0.0002773 seconds, Stopping threads took: 0.0000644 seconds
[2019-06-24T10:01:49.576+0000][1][safepoint    ] Application time: 1.0002756 seconds
[2019-06-24T10:01:49.576+0000][1][safepoint    ] Entering safepoint region: Cleanup
[2019-06-24T10:01:49.576+0000][1][safepoint    ] Leaving safepoint region
[2019-06-24T10:01:49.576+0000][1][safepoint    ] Total time for which application threads were stopped: 0.0002639 seconds, Stopping threads took: 0.0000661 seconds
[2019-06-24T10:01:50.576+0000][1][safepoint    ] Application time: 1.0001445 seconds
[2019-06-24T10:01:50.576+0000][1][safepoint    ] Entering safepoint region: Cleanup
[2019-06-24T10:01:50.577+0000][1][safepoint    ] Leaving safepoint region
[2019-06-24T10:01:50.577+0000][1][safepoint    ] Total time for which application threads were stopped: 0.0002569 seconds, Stopping threads took: 0.0000734 seconds
[2019-06-24T10:01:51.577+0000][1][safepoint    ] Application time: 1.0001101 seconds
[2019-06-24T10:01:51.577+0000][1][safepoint    ] Entering safepoint region: Cleanup
[2019-06-24T10:01:51.577+0000][1][safepoint    ] Leaving safepoint region
[2019-06-24T10:01:51.577+0000][1][safepoint    ] Total time for which application threads were stopped: 0.0001898 seconds, Stopping threads took: 0.0000580 seconds
[2019-06-24T10:01:52.577+0000][1][safepoint    ] Application time: 1.0001045 seconds
[2019-06-24T10:01:52.577+0000][1][safepoint    ] Entering safepoint region: Cleanup
[2019-06-24T10:01:52.577+0000][1][safepoint    ] Leaving safepoint region
[2019-06-24T10:01:52.577+0000][1][safepoint    ] Total time for which application threads were stopped: 0.0001482 seconds, Stopping threads took: 0.0000434 seconds
[2019-06-24T10:01:53.578+0000][1][safepoint    ] Application time: 1.0000926 seconds
[2019-06-24T10:01:53.578+0000][1][safepoint    ] Entering safepoint region: Cleanup
[2019-06-24T10:01:53.578+0000][1][safepoint    ] Leaving safepoint region
[2019-06-24T10:01:53.578+0000][1][safepoint    ] Total time for which application threads were stopped: 0.0001240 seconds, Stopping threads took: 0.0000331 seconds
[2019-06-24T10:01:54.578+0000][1][safepoint    ] Application time: 1.0002485 seconds
[2019-06-24T10:01:54.578+0000][1][safepoint    ] Entering safepoint region: Cleanup
[2019-06-24T10:01:54.578+0000][1][safepoint    ] Leaving safepoint region
[2019-06-24T10:01:54.578+0000][1][safepoint    ] Total time for which application threads were stopped: 0.0002547 seconds, Stopping threads took: 0.0000995 seconds
[2019-06-24T10:01:55.579+0000][1][safepoint    ] Application time: 1.0002823 seconds
[2019-06-24T10:01:55.579+0000][1][safepoint    ] Entering safepoint region: Cleanup
[2019-06-24T10:01:55.579+0000][1][safepoint    ] Leaving safepoint region
[2019-06-24T10:01:55.579+0000][1][safepoint    ] Total time for which application threads were stopped: 0.0002465 seconds, Stopping threads took: 0.0000581 seconds
[2019-06-24T10:01:56.579+0000][1][safepoint    ] Application time: 1.0002305 seconds
[2019-06-24T10:01:56.579+0000][1][safepoint    ] Entering safepoint region: Cleanup
[2019-06-24T10:01:56.580+0000][1][safepoint    ] Leaving safepoint region
[2019-06-24T10:01:56.580+0000][1][safepoint    ] Total time for which application threads were stopped: 0.0002355 seconds, Stopping threads took: 0.0000641 seconds
[2019-06-24T10:01:57.580+0000][1][safepoint    ] Application time: 1.0001675 seconds
[2019-06-24T10:01:57.580+0000][1][safepoint    ] Entering safepoint region: Cleanup
[2019-06-24T10:01:57.580+0000][1][safepoint    ] Leaving safepoint region
[2019-06-24T10:01:57.580+0000][1][safepoint    ] Total time for which application threads were stopped: 0.0002987 seconds, Stopping threads took: 0.0001052 seconds
[2019-06-24T10:01:58.581+0000][1][safepoint    ] Application time: 1.0002654 seconds
[2019-06-24T10:01:58.581+0000][1][safepoint    ] Entering safepoint region: Cleanup
[2019-06-24T10:01:58.581+0000][1][safepoint    ] Leaving safepoint region
[2019-06-24T10:01:58.581+0000][1][safepoint    ] Total time for which application threads were stopped: 0.0002838 seconds, Stopping threads took: 0.0000863 seconds
[2019-06-24T10:01:59.581+0000][1][safepoint    ] Application time: 1.0002711 seconds
[2019-06-24T10:01:59.581+0000][1][safepoint    ] Entering safepoint region: Cleanup
[2019-06-24T10:01:59.582+0000][1][safepoint    ] Leaving safepoint region
[2019-06-24T10:01:59.582+0000][1][safepoint    ] Total time for which application threads were stopped: 0.0002870 seconds, Stopping threads took: 0.0000937 seconds
[2019-06-24T10:02:00.582+0000][1][safepoint    ] Application time: 1.0001884 seconds
[2019-06-24T10:02:00.582+0000][1][safepoint    ] Entering safepoint region: Cleanup
[2019-06-24T10:02:00.582+0000][1][safepoint    ] Leaving safepoint region
[2019-06-24T10:02:00.582+0000][1][safepoint    ] Total time for which application threads were stopped: 0.0002487 seconds, Stopping threads took: 0.0000855 seconds
[2019-06-24T10:02:01.583+0000][1][safepoint    ] Application time: 1.0002180 seconds
[2019-06-24T10:02:01.583+0000][1][safepoint    ] Entering safepoint region: Cleanup
[2019-06-24T10:02:01.583+0000][1][safepoint    ] Leaving safepoint region
[2019-06-24T10:02:01.583+0000][1][safepoint    ] Total time for which application threads were stopped: 0.0002380 seconds, Stopping threads took: 0.0000746 seconds
[2019-06-24T10:02:02.583+0000][1][safepoint    ] Application time: 1.0001675 seconds
[2019-06-24T10:02:02.583+0000][1][safepoint    ] Entering safepoint region: Cleanup
[2019-06-24T10:02:02.583+0000][1][safepoint    ] Leaving safepoint region
[2019-06-24T10:02:02.583+0000][1][safepoint    ] Total time for which application threads were stopped: 0.0002403 seconds, Stopping threads took: 0.0000746 seconds
[2019-06-24T10:02:03.584+0000][1][safepoint    ] Application time: 1.0001271 seconds
[2019-06-24T10:02:03.584+0000][1][safepoint    ] Entering safepoint region: Cleanup
[2019-06-24T10:02:03.584+0000][1][safepoint    ] Leaving safepoint region
[2019-06-24T10:02:03.584+0000][1][safepoint    ] Total time for which application threads were stopped: 0.0002293 seconds, Stopping threads took: 0.0000754 seconds
[2019-06-24T10:02:04.584+0000][1][safepoint    ] Application time: 1.0002085 seconds
[2019-06-24T10:02:04.584+0000][1][safepoint    ] Entering safepoint region: Cleanup
[2019-06-24T10:02:04.585+0000][1][safepoint    ] Leaving safepoint region
[2019-06-24T10:02:04.585+0000][1][safepoint    ] Total time for which application threads were stopped: 0.0003132 seconds, Stopping threads took: 0.0001269 seconds
[2019-06-24T10:02:05.585+0000][1][safepoint    ] Application time: 1.0001448 seconds
[2019-06-24T10:02:05.585+0000][1][safepoint    ] Entering safepoint region: Cleanup
[2019-06-24T10:02:05.585+0000][1][safepoint    ] Leaving safepoint region
[2019-06-24T10:02:05.585+0000][1][safepoint    ] Total time for which application threads were stopped: 0.0001075 seconds, Stopping threads took: 0.0000303 seconds
[2019-06-24T10:02:06.585+0000][1][safepoint    ] Application time: 1.0001559 seconds
[2019-06-24T10:02:06.585+0000][1][safepoint    ] Entering safepoint region: Cleanup
[2019-06-24T10:02:06.585+0000][1][safepoint    ] Leaving safepoint region
[2019-06-24T10:02:06.585+0000][1][safepoint    ] Total time for which application threads were stopped: 0.0001870 seconds, Stopping threads took: 0.0000633 seconds
[2019-06-24T10:02:07.586+0000][1][safepoint    ] Application time: 1.0002298 seconds
[2019-06-24T10:02:07.586+0000][1][safepoint    ] Entering safepoint region: Cleanup
[2019-06-24T10:02:07.586+0000][1][safepoint    ] Leaving safepoint region
[2019-06-24T10:02:07.586+0000][1][safepoint    ] Total time for which application threads were stopped: 0.0002507 seconds, Stopping threads took: 0.0000656 seconds
[2019-06-24T10:02:08.586+0000][1][safepoint    ] Application time: 1.0002219 seconds
[2019-06-24T10:02:08.586+0000][1][safepoint    ] Entering safepoint region: Cleanup
[2019-06-24T10:02:08.587+0000][1][safepoint    ] Leaving safepoint region
[2019-06-24T10:02:08.587+0000][1][safepoint    ] Total time for which application threads were stopped: 0.0003083 seconds, Stopping threads took: 0.0001580 seconds
[2019-06-24T10:02:09.587+0000][1][safepoint    ] Application time: 1.0001244 seconds
[2019-06-24T10:02:09.587+0000][1][safepoint    ] Entering safepoint region: Cleanup
[2019-06-24T10:02:09.587+0000][1][safepoint    ] Leaving safepoint region
[2019-06-24T10:02:09.587+0000][1][safepoint    ] Total time for which application threads were stopped: 0.0002396 seconds, Stopping threads took: 0.0000577 seconds
[2019-06-24T10:02:10.587+0000][1][safepoint    ] Application time: 1.0001757 seconds
[2019-06-24T10:02:10.588+0000][1][safepoint    ] Entering safepoint region: Cleanup
[2019-06-24T10:02:10.588+0000][1][safepoint    ] Leaving safepoint region
[2019-06-24T10:02:10.588+0000][1][safepoint    ] Total time for which application threads were stopped: 0.0001590 seconds, Stopping threads took: 0.0000438 seconds
[2019-06-24T10:02:11.588+0000][1][safepoint    ] Application time: 1.0002886 seconds
[2019-06-24T10:02:11.588+0000][1][safepoint    ] Entering safepoint region: Cleanup
[2019-06-24T10:02:11.589+0000][1][safepoint    ] Leaving safepoint region
[2019-06-24T10:02:11.589+0000][1][safepoint    ] Total time for which application threads were stopped: 0.0005670 seconds, Stopping threads took: 0.0002251 seconds
[2019-06-24T10:02:12.589+0000][1][safepoint    ] Application time: 1.0002280 seconds
[2019-06-24T10:02:12.589+0000][1][safepoint    ] Entering safepoint region: Cleanup
[2019-06-24T10:02:12.589+0000][1][safepoint    ] Leaving safepoint region
[2019-06-24T10:02:12.589+0000][1][safepoint    ] Total time for which application threads were stopped: 0.0001479 seconds, Stopping threads took: 0.0000452 seconds
[2019-06-24T10:02:13.590+0000][1][safepoint    ] Application time: 1.0001699 seconds
[2019-06-24T10:02:13.590+0000][1][safepoint    ] Entering safepoint region: Cleanup
[2019-06-24T10:02:13.590+0000][1][safepoint    ] Leaving safepoint region
[2019-06-24T10:02:13.590+0000][1][safepoint    ] Total time for which application threads were stopped: 0.0003003 seconds, Stopping threads took: 0.0001071 seconds
[2019-06-24T10:02:14.590+0000][1][safepoint    ] Application time: 1.0001797 seconds
[2019-06-24T10:02:14.590+0000][1][safepoint    ] Entering safepoint region: Cleanup
[2019-06-24T10:02:14.591+0000][1][safepoint    ] Leaving safepoint region
[2019-06-24T10:02:14.591+0000][1][safepoint    ] Total time for which application threads were stopped: 0.0003285 seconds, Stopping threads took: 0.0000810 seconds
[2019-06-24T10:02:15.591+0000][1][safepoint    ] Application time: 1.0001489 seconds
[2019-06-24T10:02:15.591+0000][1][safepoint    ] Entering safepoint region: Cleanup
[2019-06-24T10:02:15.591+0000][1][safepoint    ] Leaving safepoint region
[2019-06-24T10:02:15.591+0000][1][safepoint    ] Total time for which application threads were stopped: 0.0002431 seconds, Stopping threads took: 0.0000853 seconds
[2019-06-24T10:02:16.591+0000][1][safepoint    ] Application time: 1.0000993 seconds
[2019-06-24T10:02:16.591+0000][1][safepoint    ] Entering safepoint region: Cleanup
[2019-06-24T10:02:16.591+0000][1][safepoint    ] Leaving safepoint region
[2019-06-24T10:02:16.591+0000][1][safepoint    ] Total time for which application threads were stopped: 0.0000903 seconds, Stopping threads took: 0.0000255 seconds
[2019-06-24T10:02:16.633+0000][1][safepoint    ] Application time: 0.0417131 seconds
[2019-06-24T10:02:16.633+0000][1][safepoint    ] Entering safepoint region: GenCollectForAllocation
[2019-06-24T10:02:16.633+0000][1][gc,start     ] GC(26) Pause Young (Allocation Failure)
[2019-06-24T10:02:16.633+0000][1][gc,task      ] GC(26) Using 5 workers of 8 for evacuation
[2019-06-24T10:02:16.636+0000][1][gc,age       ] GC(26) Desired survivor size 4456448 bytes, new threshold 6 (max threshold 6)
[2019-06-24T10:02:16.636+0000][1][gc,age       ] GC(26) Age table with threshold 6 (max threshold 6)
[2019-06-24T10:02:16.636+0000][1][gc,age       ] GC(26) - age   1:      12296 bytes,      12296 total
[2019-06-24T10:02:16.636+0000][1][gc,age       ] GC(26) - age   2:     115360 bytes,     127656 total
[2019-06-24T10:02:16.636+0000][1][gc,age       ] GC(26) - age   3:       3840 bytes,     131496 total
[2019-06-24T10:02:16.636+0000][1][gc,age       ] GC(26) - age   4:      10112 bytes,     141608 total
[2019-06-24T10:02:16.636+0000][1][gc,age       ] GC(26) - age   5:    2083008 bytes,    2224616 total
[2019-06-24T10:02:16.636+0000][1][gc,heap      ] GC(26) ParNew: 73247K->3435K(78656K)
[2019-06-24T10:02:16.636+0000][1][gc,heap      ] GC(26) CMS: 67197K->67197K(174784K)
[2019-06-24T10:02:16.636+0000][1][gc,metaspace ] GC(26) Metaspace: 67949K->67949K(1112064K)
[2019-06-24T10:02:16.636+0000][1][gc           ] GC(26) Pause Young (Allocation Failure) 137M->68M(247M) 3.063ms
[2019-06-24T10:02:16.636+0000][1][gc,cpu       ] GC(26) User=0.02s Sys=0.00s Real=0.01s
[2019-06-24T10:02:16.636+0000][1][safepoint    ] Leaving safepoint region
[2019-06-24T10:02:16.636+0000][1][safepoint    ] Total time for which application threads were stopped: 0.0032294 seconds, Stopping threads took: 0.0000213 seconds
[2019-06-24T10:02:17.637+0000][1][safepoint    ] Application time: 1.0001910 seconds
[2019-06-24T10:02:17.637+0000][1][safepoint    ] Entering safepoint region: Cleanup
[2019-06-24T10:02:17.637+0000][1][safepoint    ] Leaving safepoint region
[2019-06-24T10:02:17.637+0000][1][safepoint    ] Total time for which application threads were stopped: 0.0002699 seconds, Stopping threads took: 0.0000827 seconds
[2019-06-24T10:02:18.637+0000][1][safepoint    ] Application time: 1.0002038 seconds
[2019-06-24T10:02:18.637+0000][1][safepoint    ] Entering safepoint region: Cleanup
[2019-06-24T10:02:18.638+0000][1][safepoint    ] Leaving safepoint region
[2019-06-24T10:02:18.638+0000][1][safepoint    ] Total time for which application threads were stopped: 0.0002668 seconds, Stopping threads took: 0.0000846 seconds
[2019-06-24T10:02:19.638+0000][1][safepoint    ] Application time: 1.0001963 seconds
[2019-06-24T10:02:19.638+0000][1][safepoint    ] Entering safepoint region: Cleanup
[2019-06-24T10:02:19.638+0000][1][safepoint    ] Leaving safepoint region
[2019-06-24T10:02:19.638+0000][1][safepoint    ] Total time for which application threads were stopped: 0.0002684 seconds, Stopping threads took: 0.0000825 seconds
[2019-06-24T10:02:20.639+0000][1][safepoint    ] Application time: 1.0002007 seconds
[2019-06-24T10:02:20.639+0000][1][safepoint    ] Entering safepoint region: Cleanup
[2019-06-24T10:02:20.639+0000][1][safepoint    ] Leaving safepoint region
[2019-06-24T10:02:20.639+0000][1][safepoint    ] Total time for which application threads were stopped: 0.0002660 seconds, Stopping threads took: 0.0000826 seconds
[2019-06-24T10:02:21.639+0000][1][safepoint    ] Application time: 1.0001424 seconds
[2019-06-24T10:02:21.639+0000][1][safepoint    ] Entering safepoint region: Cleanup
[2019-06-24T10:02:21.639+0000][1][safepoint    ] Leaving safepoint region
[2019-06-24T10:02:21.639+0000][1][safepoint    ] Total time for which application threads were stopped: 0.0001064 seconds, Stopping threads took: 0.0000325 seconds
[2019-06-24T10:02:22.639+0000][1][safepoint    ] Application time: 1.0001507 seconds
[2019-06-24T10:02:22.640+0000][1][safepoint    ] Entering safepoint region: Cleanup
[2019-06-24T10:02:22.640+0000][1][safepoint    ] Leaving safepoint region
[2019-06-24T10:02:22.640+0000][1][safepoint    ] Total time for which application threads were stopped: 0.0002227 seconds, Stopping threads took: 0.0000633 seconds
[2019-06-24T10:02:23.640+0000][1][safepoint    ] Application time: 1.0002118 seconds
[2019-06-24T10:02:23.640+0000][1][safepoint    ] Entering safepoint region: Cleanup
[2019-06-24T10:02:23.640+0000][1][safepoint    ] Leaving safepoint region
[2019-06-24T10:02:23.640+0000][1][safepoint    ] Total time for which application threads were stopped: 0.0002310 seconds, Stopping threads took: 0.0000667 seconds
[2019-06-24T10:02:24.641+0000][1][safepoint    ] Application time: 1.0001903 seconds
[2019-06-24T10:02:24.641+0000][1][safepoint    ] Entering safepoint region: Cleanup
[2019-06-24T10:02:24.641+0000][1][safepoint    ] Leaving safepoint region
[2019-06-24T10:02:24.641+0000][1][safepoint    ] Total time for which application threads were stopped: 0.0002530 seconds, Stopping threads took: 0.0000928 seconds
[2019-06-24T10:02:25.655+0000][1][safepoint    ] Application time: 1.0138522 seconds
[2019-06-24T10:02:25.655+0000][1][safepoint    ] Entering safepoint region: Cleanup
[2019-06-24T10:02:25.655+0000][1][safepoint    ] Leaving safepoint region
[2019-06-24T10:02:25.655+0000][1][safepoint    ] Total time for which application threads were stopped: 0.0003237 seconds, Stopping threads took: 0.0000607 seconds
[2019-06-24T10:02:26.655+0000][1][safepoint    ] Application time: 1.0001349 seconds
[2019-06-24T10:02:26.655+0000][1][safepoint    ] Entering safepoint region: Cleanup
[2019-06-24T10:02:26.656+0000][1][safepoint    ] Leaving safepoint region
[2019-06-24T10:02:26.656+0000][1][safepoint    ] Total time for which application threads were stopped: 0.0004556 seconds, Stopping threads took: 0.0000820 seconds
[2019-06-24T10:02:27.656+0000][1][safepoint    ] Application time: 1.0001447 seconds
[2019-06-24T10:02:27.656+0000][1][safepoint    ] Entering safepoint region: Cleanup
[2019-06-24T10:02:27.657+0000][1][safepoint    ] Leaving safepoint region
[2019-06-24T10:02:27.657+0000][1][safepoint    ] Total time for which application threads were stopped: 0.0003141 seconds, Stopping threads took: 0.0000799 seconds
[2019-06-24T10:02:28.657+0000][1][safepoint    ] Application time: 1.0001424 seconds
[2019-06-24T10:02:28.657+0000][1][safepoint    ] Entering safepoint region: Cleanup
[2019-06-24T10:02:28.657+0000][1][safepoint    ] Leaving safepoint region
[2019-06-24T10:02:28.657+0000][1][safepoint    ] Total time for which application threads were stopped: 0.0002810 seconds, Stopping threads took: 0.0000640 seconds
[2019-06-24T10:02:29.657+0000][1][safepoint    ] Application time: 1.0001805 seconds
[2019-06-24T10:02:29.658+0000][1][safepoint    ] Entering safepoint region: Cleanup
[2019-06-24T10:02:29.659+0000][1][safepoint    ] Leaving safepoint region
[2019-06-24T10:02:29.659+0000][1][safepoint    ] Total time for which application threads were stopped: 0.0010997 seconds, Stopping threads took: 0.0003061 seconds
[2019-06-24T10:02:30.659+0000][1][safepoint    ] Application time: 1.0002220 seconds
[2019-06-24T10:02:30.659+0000][1][safepoint    ] Entering safepoint region: Cleanup
[2019-06-24T10:02:30.659+0000][1][safepoint    ] Leaving safepoint region
[2019-06-24T10:02:30.659+0000][1][safepoint    ] Total time for which application threads were stopped: 0.0002276 seconds, Stopping threads took: 0.0000637 seconds
[2019-06-24T10:02:31.660+0000][1][safepoint    ] Application time: 1.0001258 seconds
[2019-06-24T10:02:31.660+0000][1][safepoint    ] Entering safepoint region: Cleanup
[2019-06-24T10:02:31.660+0000][1][safepoint    ] Leaving safepoint region
[2019-06-24T10:02:31.660+0000][1][safepoint    ] Total time for which application threads were stopped: 0.0002285 seconds, Stopping threads took: 0.0000655 seconds
[2019-06-24T10:02:32.660+0000][1][safepoint    ] Application time: 1.0001538 seconds
[2019-06-24T10:02:32.660+0000][1][safepoint    ] Entering safepoint region: Cleanup
[2019-06-24T10:02:32.661+0000][1][safepoint    ] Leaving safepoint region
[2019-06-24T10:02:32.661+0000][1][safepoint    ] Total time for which application threads were stopped: 0.0004345 seconds, Stopping threads took: 0.0001060 seconds
[2019-06-24T10:02:33.661+0000][1][safepoint    ] Application time: 1.0001539 seconds
[2019-06-24T10:02:33.661+0000][1][safepoint    ] Entering safepoint region: Cleanup
[2019-06-24T10:02:33.661+0000][1][safepoint    ] Leaving safepoint region
[2019-06-24T10:02:33.661+0000][1][safepoint    ] Total time for which application threads were stopped: 0.0002435 seconds, Stopping threads took: 0.0000661 seconds
[2019-06-24T10:02:34.661+0000][1][safepoint    ] Application time: 1.0001270 seconds
[2019-06-24T10:02:34.662+0000][1][safepoint    ] Entering safepoint region: Cleanup
[2019-06-24T10:02:34.662+0000][1][safepoint    ] Leaving safepoint region
[2019-06-24T10:02:34.662+0000][1][safepoint    ] Total time for which application threads were stopped: 0.0002500 seconds, Stopping threads took: 0.0000650 seconds
[2019-06-24T10:02:35.662+0000][1][safepoint    ] Application time: 1.0001766 seconds
[2019-06-24T10:02:35.662+0000][1][safepoint    ] Entering safepoint region: Cleanup
[2019-06-24T10:02:35.663+0000][1][safepoint    ] Leaving safepoint region
[2019-06-24T10:02:35.663+0000][1][safepoint    ] Total time for which application threads were stopped: 0.0005714 seconds, Stopping threads took: 0.0001777 seconds
[2019-06-24T10:02:36.663+0000][1][safepoint    ] Application time: 1.0001423 seconds
[2019-06-24T10:02:36.663+0000][1][safepoint    ] Entering safepoint region: Cleanup
[2019-06-24T10:02:36.663+0000][1][safepoint    ] Leaving safepoint region
[2019-06-24T10:02:36.663+0000][1][safepoint    ] Total time for which application threads were stopped: 0.0002662 seconds, Stopping threads took: 0.0000668 seconds
[2019-06-24T10:02:37.664+0000][1][safepoint    ] Application time: 1.0001861 seconds
[2019-06-24T10:02:37.664+0000][1][safepoint    ] Entering safepoint region: Cleanup
[2019-06-24T10:02:37.664+0000][1][safepoint    ] Leaving safepoint region
[2019-06-24T10:02:37.664+0000][1][safepoint    ] Total time for which application threads were stopped: 0.0003266 seconds, Stopping threads took: 0.0000637 seconds
[2019-06-24T10:02:38.664+0000][1][safepoint    ] Application time: 1.0002002 seconds
[2019-06-24T10:02:38.664+0000][1][safepoint    ] Entering safepoint region: Cleanup
[2019-06-24T10:02:38.665+0000][1][safepoint    ] Leaving safepoint region
[2019-06-24T10:02:38.665+0000][1][safepoint    ] Total time for which application threads were stopped: 0.0003207 seconds, Stopping threads took: 0.0000634 seconds
[2019-06-24T10:02:39.665+0000][1][safepoint    ] Application time: 1.0002163 seconds
[2019-06-24T10:02:39.665+0000][1][safepoint    ] Entering safepoint region: Cleanup
[2019-06-24T10:02:39.665+0000][1][safepoint    ] Leaving safepoint region
[2019-06-24T10:02:39.665+0000][1][safepoint    ] Total time for which application threads were stopped: 0.0002973 seconds, Stopping threads took: 0.0000633 seconds
[2019-06-24T10:02:40.666+0000][1][safepoint    ] Application time: 1.0001449 seconds
[2019-06-24T10:02:40.666+0000][1][safepoint    ] Entering safepoint region: Cleanup
[2019-06-24T10:02:40.666+0000][1][safepoint    ] Leaving safepoint region
[2019-06-24T10:02:40.666+0000][1][safepoint    ] Total time for which application threads were stopped: 0.0003760 seconds, Stopping threads took: 0.0001198 seconds
[2019-06-24T10:02:41.666+0000][1][safepoint    ] Application time: 1.0002226 seconds
[2019-06-24T10:02:41.667+0000][1][safepoint    ] Entering safepoint region: Cleanup
[2019-06-24T10:02:41.668+0000][1][safepoint    ] Leaving safepoint region
[2019-06-24T10:02:41.668+0000][1][safepoint    ] Total time for which application threads were stopped: 0.0012251 seconds, Stopping threads took: 0.0009687 seconds
[2019-06-24T10:02:42.668+0000][1][safepoint    ] Application time: 1.0001861 seconds
[2019-06-24T10:02:42.668+0000][1][safepoint    ] Entering safepoint region: Cleanup
[2019-06-24T10:02:42.668+0000][1][safepoint    ] Leaving safepoint region
[2019-06-24T10:02:42.668+0000][1][safepoint    ] Total time for which application threads were stopped: 0.0003035 seconds, Stopping threads took: 0.0000656 seconds
[2019-06-24T10:02:43.669+0000][1][safepoint    ] Application time: 1.0002853 seconds
[2019-06-24T10:02:43.669+0000][1][safepoint    ] Entering safepoint region: Cleanup
[2019-06-24T10:02:43.669+0000][1][safepoint    ] Leaving safepoint region
[2019-06-24T10:02:43.669+0000][1][safepoint    ] Total time for which application threads were stopped: 0.0003511 seconds, Stopping threads took: 0.0000750 seconds
[2019-06-24T10:02:44.669+0000][1][safepoint    ] Application time: 1.0002725 seconds
[2019-06-24T10:02:44.670+0000][1][safepoint    ] Entering safepoint region: Cleanup
[2019-06-24T10:02:44.670+0000][1][safepoint    ] Leaving safepoint region
[2019-06-24T10:02:44.670+0000][1][safepoint    ] Total time for which application threads were stopped: 0.0002660 seconds, Stopping threads took: 0.0000652 seconds
[2019-06-24T10:02:45.670+0000][1][safepoint    ] Application time: 1.0002621 seconds
[2019-06-24T10:02:45.670+0000][1][safepoint    ] Entering safepoint region: Cleanup
[2019-06-24T10:02:45.671+0000][1][safepoint    ] Leaving safepoint region
[2019-06-24T10:02:45.671+0000][1][safepoint    ] Total time for which application threads were stopped: 0.0004245 seconds, Stopping threads took: 0.0000909 seconds
[2019-06-24T10:02:46.671+0000][1][safepoint    ] Application time: 1.0001915 seconds
[2019-06-24T10:02:46.671+0000][1][safepoint    ] Entering safepoint region: Cleanup
[2019-06-24T10:02:46.671+0000][1][safepoint    ] Leaving safepoint region
[2019-06-24T10:02:46.671+0000][1][safepoint    ] Total time for which application threads were stopped: 0.0002606 seconds, Stopping threads took: 0.0000799 seconds
[2019-06-24T10:02:47.672+0000][1][safepoint    ] Application time: 1.0001861 seconds
[2019-06-24T10:02:47.672+0000][1][safepoint    ] Entering safepoint region: Cleanup
[2019-06-24T10:02:47.672+0000][1][safepoint    ] Leaving safepoint region
[2019-06-24T10:02:47.672+0000][1][safepoint    ] Total time for which application threads were stopped: 0.0002626 seconds, Stopping threads took: 0.0000564 seconds
[2019-06-24T10:02:48.672+0000][1][safepoint    ] Application time: 1.0002669 seconds
[2019-06-24T10:02:48.672+0000][1][safepoint    ] Entering safepoint region: Cleanup
[2019-06-24T10:02:48.672+0000][1][safepoint    ] Leaving safepoint region
[2019-06-24T10:02:48.673+0000][1][safepoint    ] Total time for which application threads were stopped: 0.0002770 seconds, Stopping threads took: 0.0000587 seconds
[2019-06-24T10:02:49.673+0000][1][safepoint    ] Application time: 1.0003516 seconds
[2019-06-24T10:02:49.673+0000][1][safepoint    ] Entering safepoint region: Cleanup
[2019-06-24T10:02:49.673+0000][1][safepoint    ] Leaving safepoint region
[2019-06-24T10:02:49.673+0000][1][safepoint    ] Total time for which application threads were stopped: 0.0003144 seconds, Stopping threads took: 0.0000793 seconds
[2019-06-24T10:02:50.674+0000][1][safepoint    ] Application time: 1.0001899 seconds
[2019-06-24T10:02:50.674+0000][1][safepoint    ] Entering safepoint region: Cleanup
[2019-06-24T10:02:50.674+0000][1][safepoint    ] Leaving safepoint region
[2019-06-24T10:02:50.674+0000][1][safepoint    ] Total time for which application threads were stopped: 0.0002009 seconds, Stopping threads took: 0.0000567 seconds
[2019-06-24T10:02:51.674+0000][1][safepoint    ] Application time: 1.0002647 seconds
[2019-06-24T10:02:51.674+0000][1][safepoint    ] Entering safepoint region: Cleanup
[2019-06-24T10:02:51.675+0000][1][safepoint    ] Leaving safepoint region
[2019-06-24T10:02:51.675+0000][1][safepoint    ] Total time for which application threads were stopped: 0.0003969 seconds, Stopping threads took: 0.0000784 seconds
[2019-06-24T10:02:52.675+0000][1][safepoint    ] Application time: 1.0002061 seconds
[2019-06-24T10:02:52.675+0000][1][safepoint    ] Entering safepoint region: Cleanup
[2019-06-24T10:02:52.675+0000][1][safepoint    ] Leaving safepoint region
[2019-06-24T10:02:52.675+0000][1][safepoint    ] Total time for which application threads were stopped: 0.0002278 seconds, Stopping threads took: 0.0000640 seconds
[2019-06-24T10:02:53.676+0000][1][safepoint    ] Application time: 1.0002608 seconds
[2019-06-24T10:02:53.676+0000][1][safepoint    ] Entering safepoint region: Cleanup
[2019-06-24T10:02:53.676+0000][1][safepoint    ] Leaving safepoint region
[2019-06-24T10:02:53.676+0000][1][safepoint    ] Total time for which application threads were stopped: 0.0002320 seconds, Stopping threads took: 0.0000640 seconds
[2019-06-24T10:02:54.676+0000][1][safepoint    ] Application time: 1.0001994 seconds
[2019-06-24T10:02:54.676+0000][1][safepoint    ] Entering safepoint region: Cleanup
[2019-06-24T10:02:54.676+0000][1][safepoint    ] Leaving safepoint region
[2019-06-24T10:02:54.677+0000][1][safepoint    ] Total time for which application threads were stopped: 0.0002284 seconds, Stopping threads took: 0.0000661 seconds
[2019-06-24T10:02:55.677+0000][1][safepoint    ] Application time: 1.0002079 seconds
[2019-06-24T10:02:55.677+0000][1][safepoint    ] Entering safepoint region: Cleanup
[2019-06-24T10:02:55.677+0000][1][safepoint    ] Leaving safepoint region
[2019-06-24T10:02:55.677+0000][1][safepoint    ] Total time for which application threads were stopped: 0.0002063 seconds, Stopping threads took: 0.0000579 seconds
[2019-06-24T10:02:56.677+0000][1][safepoint    ] Application time: 1.0000996 seconds
[2019-06-24T10:02:56.677+0000][1][safepoint    ] Entering safepoint region: Cleanup
[2019-06-24T10:02:56.678+0000][1][safepoint    ] Leaving safepoint region
[2019-06-24T10:02:56.678+0000][1][safepoint    ] Total time for which application threads were stopped: 0.0003101 seconds, Stopping threads took: 0.0002359 seconds
[2019-06-24T10:02:57.678+0000][1][safepoint    ] Application time: 1.0000824 seconds
[2019-06-24T10:02:57.678+0000][1][safepoint    ] Entering safepoint region: Cleanup
[2019-06-24T10:02:57.678+0000][1][safepoint    ] Leaving safepoint region
[2019-06-24T10:02:57.678+0000][1][safepoint    ] Total time for which application threads were stopped: 0.0001050 seconds, Stopping threads took: 0.0000307 seconds
[2019-06-24T10:02:58.678+0000][1][safepoint    ] Application time: 1.0001194 seconds
[2019-06-24T10:02:58.678+0000][1][safepoint    ] Entering safepoint region: Cleanup
[2019-06-24T10:02:58.678+0000][1][safepoint    ] Leaving safepoint region
[2019-06-24T10:02:58.678+0000][1][safepoint    ] Total time for which application threads were stopped: 0.0001004 seconds, Stopping threads took: 0.0000283 seconds
[2019-06-24T10:02:59.678+0000][1][safepoint    ] Application time: 1.0000797 seconds
[2019-06-24T10:02:59.678+0000][1][safepoint    ] Entering safepoint region: Cleanup
[2019-06-24T10:02:59.678+0000][1][safepoint    ] Leaving safepoint region
[2019-06-24T10:02:59.678+0000][1][safepoint    ] Total time for which application threads were stopped: 0.0000769 seconds, Stopping threads took: 0.0000237 seconds
[2019-06-24T10:03:00.678+0000][1][safepoint    ] Application time: 1.0000943 seconds
[2019-06-24T10:03:00.679+0000][1][safepoint    ] Entering safepoint region: Cleanup
[2019-06-24T10:03:00.679+0000][1][safepoint    ] Leaving safepoint region
[2019-06-24T10:03:00.679+0000][1][safepoint    ] Total time for which application threads were stopped: 0.0001929 seconds, Stopping threads took: 0.0001044 seconds
[2019-06-24T10:03:01.679+0000][1][safepoint    ] Application time: 1.0000867 seconds
[2019-06-24T10:03:01.679+0000][1][safepoint    ] Entering safepoint region: Cleanup
[2019-06-24T10:03:01.679+0000][1][safepoint    ] Leaving safepoint region
[2019-06-24T10:03:01.679+0000][1][safepoint    ] Total time for which application threads were stopped: 0.0001191 seconds, Stopping threads took: 0.0000343 seconds
[2019-06-24T10:03:02.679+0000][1][safepoint    ] Application time: 1.0000859 seconds
[2019-06-24T10:03:02.679+0000][1][safepoint    ] Entering safepoint region: Cleanup
[2019-06-24T10:03:02.679+0000][1][safepoint    ] Leaving safepoint region
[2019-06-24T10:03:02.679+0000][1][safepoint    ] Total time for which application threads were stopped: 0.0001133 seconds, Stopping threads took: 0.0000295 seconds
[2019-06-24T10:03:03.679+0000][1][safepoint    ] Application time: 1.0001132 seconds
[2019-06-24T10:03:03.679+0000][1][safepoint    ] Entering safepoint region: Cleanup
[2019-06-24T10:03:03.679+0000][1][safepoint    ] Leaving safepoint region
[2019-06-24T10:03:03.679+0000][1][safepoint    ] Total time for which application threads were stopped: 0.0000736 seconds, Stopping threads took: 0.0000195 seconds
[2019-06-24T10:03:04.679+0000][1][safepoint    ] Application time: 1.0000790 seconds
[2019-06-24T10:03:04.680+0000][1][safepoint    ] Entering safepoint region: Cleanup
[2019-06-24T10:03:04.680+0000][1][safepoint    ] Leaving safepoint region
[2019-06-24T10:03:04.680+0000][1][safepoint    ] Total time for which application threads were stopped: 0.0001085 seconds, Stopping threads took: 0.0000280 seconds
[2019-06-24T10:03:05.680+0000][1][safepoint    ] Application time: 1.0000962 seconds
[2019-06-24T10:03:05.680+0000][1][safepoint    ] Entering safepoint region: Cleanup
[2019-06-24T10:03:05.680+0000][1][safepoint    ] Leaving safepoint region
[2019-06-24T10:03:05.680+0000][1][safepoint    ] Total time for which application threads were stopped: 0.0001444 seconds, Stopping threads took: 0.0000376 seconds
[2019-06-24T10:03:06.195+0000][1][safepoint    ] Application time: 0.5154167 seconds
[2019-06-24T10:03:06.195+0000][1][safepoint    ] Entering safepoint region: BulkRevokeBias
[2019-06-24T10:03:06.196+0000][1][safepoint    ] Leaving safepoint region
[2019-06-24T10:03:06.196+0000][1][safepoint    ] Total time for which application threads were stopped: 0.0008986 seconds, Stopping threads took: 0.0000803 seconds
[2019-06-24T10:03:06.197+0000][1][safepoint    ] Application time: 0.0006069 seconds
[2019-06-24T10:03:06.197+0000][1][safepoint    ] Entering safepoint region: RevokeBias
[2019-06-24T10:03:06.197+0000][1][safepoint    ] Leaving safepoint region
[2019-06-24T10:03:06.197+0000][1][safepoint    ] Total time for which application threads were stopped: 0.0001774 seconds, Stopping threads took: 0.0000715 seconds
[2019-06-24T10:03:06.197+0000][1][safepoint    ] Application time: 0.0002229 seconds
[2019-06-24T10:03:06.197+0000][1][safepoint    ] Entering safepoint region: RevokeBias
[2019-06-24T10:03:06.198+0000][1][safepoint    ] Leaving safepoint region
[2019-06-24T10:03:06.198+0000][1][safepoint    ] Total time for which application threads were stopped: 0.0002437 seconds, Stopping threads took: 0.0000990 seconds
[2019-06-24T10:03:06.198+0000][1][safepoint    ] Application time: 0.0002990 seconds
[2019-06-24T10:03:06.198+0000][1][safepoint    ] Entering safepoint region: RevokeBias
[2019-06-24T10:03:06.198+0000][1][safepoint    ] Leaving safepoint region
[2019-06-24T10:03:06.198+0000][1][safepoint    ] Total time for which application threads were stopped: 0.0001948 seconds, Stopping threads took: 0.0000676 seconds
[2019-06-24T10:03:06.199+0000][1][safepoint    ] Application time: 0.0005789 seconds
[2019-06-24T10:03:06.199+0000][1][safepoint    ] Entering safepoint region: RevokeBias
[2019-06-24T10:03:06.199+0000][1][safepoint    ] Leaving safepoint region
[2019-06-24T10:03:06.199+0000][1][safepoint    ] Total time for which application threads were stopped: 0.0002470 seconds, Stopping threads took: 0.0000978 seconds
[2019-06-24T10:03:06.200+0000][1][safepoint    ] Application time: 0.0004159 seconds
[2019-06-24T10:03:06.200+0000][1][safepoint    ] Entering safepoint region: RevokeBias
[2019-06-24T10:03:06.200+0000][1][safepoint    ] Leaving safepoint region
[2019-06-24T10:03:06.200+0000][1][safepoint    ] Total time for which application threads were stopped: 0.0004444 seconds, Stopping threads took: 0.0001362 seconds
[2019-06-24T10:03:06.203+0000][1][safepoint    ] Application time: 0.0026742 seconds
[2019-06-24T10:03:06.203+0000][1][safepoint    ] Entering safepoint region: RevokeBias
[2019-06-24T10:03:06.203+0000][1][safepoint    ] Leaving safepoint region
[2019-06-24T10:03:06.203+0000][1][safepoint    ] Total time for which application threads were stopped: 0.0001751 seconds, Stopping threads took: 0.0000803 seconds
[2019-06-24T10:03:06.203+0000][1][safepoint    ] Application time: 0.0000898 seconds
[2019-06-24T10:03:06.203+0000][1][safepoint    ] Entering safepoint region: RevokeBias
[2019-06-24T10:03:06.203+0000][1][safepoint    ] Leaving safepoint region
[2019-06-24T10:03:06.203+0000][1][safepoint    ] Total time for which application threads were stopped: 0.0001305 seconds, Stopping threads took: 0.0000472 seconds
[2019-06-24T10:03:06.204+0000][1][safepoint    ] Application time: 0.0009669 seconds
[2019-06-24T10:03:06.204+0000][1][safepoint    ] Entering safepoint region: RevokeBias
[2019-06-24T10:03:06.204+0000][1][safepoint    ] Leaving safepoint region
[2019-06-24T10:03:06.204+0000][1][safepoint    ] Total time for which application threads were stopped: 0.0001854 seconds, Stopping threads took: 0.0000836 seconds
[2019-06-24T10:03:07.205+0000][1][safepoint    ] Application time: 1.0001290 seconds
[2019-06-24T10:03:07.205+0000][1][safepoint    ] Entering safepoint region: Cleanup
[2019-06-24T10:03:07.205+0000][1][safepoint    ] Leaving safepoint region
[2019-06-24T10:03:07.205+0000][1][safepoint    ] Total time for which application threads were stopped: 0.0002758 seconds, Stopping threads took: 0.0000526 seconds
[2019-06-24T10:03:08.205+0000][1][safepoint    ] Application time: 1.0001878 seconds
[2019-06-24T10:03:08.205+0000][1][safepoint    ] Entering safepoint region: Cleanup
[2019-06-24T10:03:08.205+0000][1][safepoint    ] Leaving safepoint region
[2019-06-24T10:03:08.205+0000][1][safepoint    ] Total time for which application threads were stopped: 0.0002137 seconds, Stopping threads took: 0.0000564 seconds
[2019-06-24T10:03:09.206+0000][1][safepoint    ] Application time: 1.0001756 seconds
[2019-06-24T10:03:09.206+0000][1][safepoint    ] Entering safepoint region: Cleanup
[2019-06-24T10:03:09.206+0000][1][safepoint    ] Leaving safepoint region
[2019-06-24T10:03:09.206+0000][1][safepoint    ] Total time for which application threads were stopped: 0.0002247 seconds, Stopping threads took: 0.0000563 seconds
[2019-06-24T10:03:10.206+0000][1][safepoint    ] Application time: 1.0001615 seconds
[2019-06-24T10:03:10.206+0000][1][safepoint    ] Entering safepoint region: Cleanup
[2019-06-24T10:03:10.207+0000][1][safepoint    ] Leaving safepoint region
[2019-06-24T10:03:10.207+0000][1][safepoint    ] Total time for which application threads were stopped: 0.0004722 seconds, Stopping threads took: 0.0000982 seconds
[2019-06-24T10:03:11.207+0000][1][safepoint    ] Application time: 1.0001823 seconds
[2019-06-24T10:03:11.207+0000][1][safepoint    ] Entering safepoint region: Cleanup
[2019-06-24T10:03:11.207+0000][1][safepoint    ] Leaving safepoint region
[2019-06-24T10:03:11.207+0000][1][safepoint    ] Total time for which application threads were stopped: 0.0002952 seconds, Stopping threads took: 0.0000695 seconds
[2019-06-24T10:03:12.208+0000][1][safepoint    ] Application time: 1.0001360 seconds
[2019-06-24T10:03:12.208+0000][1][safepoint    ] Entering safepoint region: Cleanup
[2019-06-24T10:03:12.208+0000][1][safepoint    ] Leaving safepoint region
[2019-06-24T10:03:12.208+0000][1][safepoint    ] Total time for which application threads were stopped: 0.0000987 seconds, Stopping threads took: 0.0000246 seconds
[2019-06-24T10:03:13.208+0000][1][safepoint    ] Application time: 1.0001253 seconds
[2019-06-24T10:03:13.208+0000][1][safepoint    ] Entering safepoint region: Cleanup
[2019-06-24T10:03:13.208+0000][1][safepoint    ] Leaving safepoint region
[2019-06-24T10:03:13.208+0000][1][safepoint    ] Total time for which application threads were stopped: 0.0001749 seconds, Stopping threads took: 0.0000412 seconds
[2019-06-24T10:03:14.208+0000][1][safepoint    ] Application time: 1.0001379 seconds
[2019-06-24T10:03:14.208+0000][1][safepoint    ] Entering safepoint region: Cleanup
[2019-06-24T10:03:14.209+0000][1][safepoint    ] Leaving safepoint region
[2019-06-24T10:03:14.209+0000][1][safepoint    ] Total time for which application threads were stopped: 0.0003780 seconds, Stopping threads took: 0.0000909 seconds
[2019-06-24T10:03:15.209+0000][1][safepoint    ] Application time: 1.0001413 seconds
[2019-06-24T10:03:15.209+0000][1][safepoint    ] Entering safepoint region: Cleanup
[2019-06-24T10:03:15.209+0000][1][safepoint    ] Leaving safepoint region
[2019-06-24T10:03:15.209+0000][1][safepoint    ] Total time for which application threads were stopped: 0.0002424 seconds, Stopping threads took: 0.0000603 seconds
[2019-06-24T10:03:16.209+0000][1][safepoint    ] Application time: 1.0001397 seconds
[2019-06-24T10:03:16.209+0000][1][safepoint    ] Entering safepoint region: Cleanup
[2019-06-24T10:03:16.210+0000][1][safepoint    ] Leaving safepoint region
[2019-06-24T10:03:16.210+0000][1][safepoint    ] Total time for which application threads were stopped: 0.0000941 seconds, Stopping threads took: 0.0000242 seconds
[2019-06-24T10:03:17.210+0000][1][safepoint    ] Application time: 1.0001613 seconds
[2019-06-24T10:03:17.210+0000][1][safepoint    ] Entering safepoint region: Cleanup
[2019-06-24T10:03:17.210+0000][1][safepoint    ] Leaving safepoint region
[2019-06-24T10:03:17.210+0000][1][safepoint    ] Total time for which application threads were stopped: 0.0001945 seconds, Stopping threads took: 0.0000660 seconds
[2019-06-24T10:03:18.210+0000][1][safepoint    ] Application time: 1.0001474 seconds
[2019-06-24T10:03:18.210+0000][1][safepoint    ] Entering safepoint region: Cleanup
[2019-06-24T10:03:18.210+0000][1][safepoint    ] Leaving safepoint region
[2019-06-24T10:03:18.211+0000][1][safepoint    ] Total time for which application threads were stopped: 0.0002366 seconds, Stopping threads took: 0.0000386 seconds
[2019-06-24T10:03:19.211+0000][1][safepoint    ] Application time: 1.0001365 seconds
[2019-06-24T10:03:19.211+0000][1][safepoint    ] Entering safepoint region: Cleanup
[2019-06-24T10:03:19.211+0000][1][safepoint    ] Leaving safepoint region
[2019-06-24T10:03:19.211+0000][1][safepoint    ] Total time for which application threads were stopped: 0.0002946 seconds, Stopping threads took: 0.0000664 seconds
[2019-06-24T10:03:20.211+0000][1][safepoint    ] Application time: 1.0002527 seconds
[2019-06-24T10:03:20.212+0000][1][safepoint    ] Entering safepoint region: Cleanup
[2019-06-24T10:03:20.212+0000][1][safepoint    ] Leaving safepoint region
[2019-06-24T10:03:20.212+0000][1][safepoint    ] Total time for which application threads were stopped: 0.0003054 seconds, Stopping threads took: 0.0000656 seconds
[2019-06-24T10:03:21.212+0000][1][safepoint    ] Application time: 1.0002658 seconds
[2019-06-24T10:03:21.212+0000][1][safepoint    ] Entering safepoint region: Cleanup
[2019-06-24T10:03:21.212+0000][1][safepoint    ] Leaving safepoint region
[2019-06-24T10:03:21.213+0000][1][safepoint    ] Total time for which application threads were stopped: 0.0003017 seconds, Stopping threads took: 0.0000671 seconds
[2019-06-24T10:03:22.213+0000][1][safepoint    ] Application time: 1.0002468 seconds
[2019-06-24T10:03:22.213+0000][1][safepoint    ] Entering safepoint region: Cleanup
[2019-06-24T10:03:22.213+0000][1][safepoint    ] Leaving safepoint region
[2019-06-24T10:03:22.213+0000][1][safepoint    ] Total time for which application threads were stopped: 0.0001698 seconds, Stopping threads took: 0.0000392 seconds
[2019-06-24T10:03:23.213+0000][1][safepoint    ] Application time: 1.0002647 seconds
[2019-06-24T10:03:23.214+0000][1][safepoint    ] Entering safepoint region: Cleanup
[2019-06-24T10:03:23.214+0000][1][safepoint    ] Leaving safepoint region
[2019-06-24T10:03:23.214+0000][1][safepoint    ] Total time for which application threads were stopped: 0.0002719 seconds, Stopping threads took: 0.0000642 seconds
[2019-06-24T10:03:24.214+0000][1][safepoint    ] Application time: 1.0002046 seconds
[2019-06-24T10:03:24.214+0000][1][safepoint    ] Entering safepoint region: Cleanup
[2019-06-24T10:03:24.215+0000][1][safepoint    ] Leaving safepoint region
[2019-06-24T10:03:24.215+0000][1][safepoint    ] Total time for which application threads were stopped: 0.0006209 seconds, Stopping threads took: 0.0001038 seconds
[2019-06-24T10:03:25.215+0000][1][safepoint    ] Application time: 1.0002837 seconds
[2019-06-24T10:03:25.215+0000][1][safepoint    ] Entering safepoint region: Cleanup
[2019-06-24T10:03:25.215+0000][1][safepoint    ] Leaving safepoint region
[2019-06-24T10:03:25.215+0000][1][safepoint    ] Total time for which application threads were stopped: 0.0002628 seconds, Stopping threads took: 0.0000655 seconds
[2019-06-24T10:03:26.216+0000][1][safepoint    ] Application time: 1.0002647 seconds
[2019-06-24T10:03:26.216+0000][1][safepoint    ] Entering safepoint region: Cleanup
[2019-06-24T10:03:26.216+0000][1][safepoint    ] Leaving safepoint region
[2019-06-24T10:03:26.216+0000][1][safepoint    ] Total time for which application threads were stopped: 0.0002687 seconds, Stopping threads took: 0.0000686 seconds
[2019-06-24T10:03:27.216+0000][1][safepoint    ] Application time: 1.0002707 seconds
[2019-06-24T10:03:27.217+0000][1][safepoint    ] Entering safepoint region: Cleanup
[2019-06-24T10:03:27.217+0000][1][safepoint    ] Leaving safepoint region
[2019-06-24T10:03:27.217+0000][1][safepoint    ] Total time for which application threads were stopped: 0.0003311 seconds, Stopping threads took: 0.0000641 seconds
[2019-06-24T10:03:28.217+0000][1][safepoint    ] Application time: 1.0001448 seconds
[2019-06-24T10:03:28.217+0000][1][safepoint    ] Entering safepoint region: Cleanup
[2019-06-24T10:03:28.217+0000][1][safepoint    ] Leaving safepoint region
[2019-06-24T10:03:28.217+0000][1][safepoint    ] Total time for which application threads were stopped: 0.0002580 seconds, Stopping threads took: 0.0000646 seconds
[2019-06-24T10:03:29.218+0000][1][safepoint    ] Application time: 1.0002303 seconds
[2019-06-24T10:03:29.218+0000][1][safepoint    ] Entering safepoint region: Cleanup
[2019-06-24T10:03:29.218+0000][1][safepoint    ] Leaving safepoint region
[2019-06-24T10:03:29.218+0000][1][safepoint    ] Total time for which application threads were stopped: 0.0002288 seconds, Stopping threads took: 0.0000568 seconds
[2019-06-24T10:03:30.218+0000][1][safepoint    ] Application time: 1.0002596 seconds
[2019-06-24T10:03:30.218+0000][1][safepoint    ] Entering safepoint region: Cleanup
[2019-06-24T10:03:30.219+0000][1][safepoint    ] Leaving safepoint region
[2019-06-24T10:03:30.219+0000][1][safepoint    ] Total time for which application threads were stopped: 0.0003374 seconds, Stopping threads took: 0.0001382 seconds
[2019-06-24T10:03:31.219+0000][1][safepoint    ] Application time: 1.0002142 seconds
[2019-06-24T10:03:31.219+0000][1][safepoint    ] Entering safepoint region: Cleanup
[2019-06-24T10:03:31.219+0000][1][safepoint    ] Leaving safepoint region
[2019-06-24T10:03:31.219+0000][1][safepoint    ] Total time for which application threads were stopped: 0.0002634 seconds, Stopping threads took: 0.0000885 seconds
[2019-06-24T10:03:32.220+0000][1][safepoint    ] Application time: 1.0001325 seconds
[2019-06-24T10:03:32.220+0000][1][safepoint    ] Entering safepoint region: Cleanup
[2019-06-24T10:03:32.220+0000][1][safepoint    ] Leaving safepoint region
[2019-06-24T10:03:32.220+0000][1][safepoint    ] Total time for which application threads were stopped: 0.0002293 seconds, Stopping threads took: 0.0000605 seconds
[2019-06-24T10:03:33.220+0000][1][safepoint    ] Application time: 1.0001857 seconds
[2019-06-24T10:03:33.220+0000][1][safepoint    ] Entering safepoint region: Cleanup
[2019-06-24T10:03:33.220+0000][1][safepoint    ] Leaving safepoint region
[2019-06-24T10:03:33.220+0000][1][safepoint    ] Total time for which application threads were stopped: 0.0002602 seconds, Stopping threads took: 0.0000868 seconds
[2019-06-24T10:03:34.221+0000][1][safepoint    ] Application time: 1.0002531 seconds
[2019-06-24T10:03:34.221+0000][1][safepoint    ] Entering safepoint region: Cleanup
[2019-06-24T10:03:34.221+0000][1][safepoint    ] Leaving safepoint region
[2019-06-24T10:03:34.221+0000][1][safepoint    ] Total time for which application threads were stopped: 0.0002336 seconds, Stopping threads took: 0.0000595 seconds
[2019-06-24T10:03:35.221+0000][1][safepoint    ] Application time: 1.0002511 seconds
[2019-06-24T10:03:35.221+0000][1][safepoint    ] Entering safepoint region: Cleanup
[2019-06-24T10:03:35.222+0000][1][safepoint    ] Leaving safepoint region
[2019-06-24T10:03:35.222+0000][1][safepoint    ] Total time for which application threads were stopped: 0.0002318 seconds, Stopping threads took: 0.0000577 seconds
[2019-06-24T10:03:36.222+0000][1][safepoint    ] Application time: 1.0002501 seconds
[2019-06-24T10:03:36.222+0000][1][safepoint    ] Entering safepoint region: Cleanup
[2019-06-24T10:03:36.222+0000][1][safepoint    ] Leaving safepoint region
[2019-06-24T10:03:36.222+0000][1][safepoint    ] Total time for which application threads were stopped: 0.0002752 seconds, Stopping threads took: 0.0000568 seconds
[2019-06-24T10:03:37.223+0000][1][safepoint    ] Application time: 1.0002622 seconds
[2019-06-24T10:03:37.223+0000][1][safepoint    ] Entering safepoint region: Cleanup
[2019-06-24T10:03:37.223+0000][1][safepoint    ] Leaving safepoint region
[2019-06-24T10:03:37.223+0000][1][safepoint    ] Total time for which application threads were stopped: 0.0002317 seconds, Stopping threads took: 0.0000580 seconds
[2019-06-24T10:03:38.223+0000][1][safepoint    ] Application time: 1.0002735 seconds
[2019-06-24T10:03:38.223+0000][1][safepoint    ] Entering safepoint region: Cleanup
[2019-06-24T10:03:38.224+0000][1][safepoint    ] Leaving safepoint region
[2019-06-24T10:03:38.224+0000][1][safepoint    ] Total time for which application threads were stopped: 0.0002583 seconds, Stopping threads took: 0.0000650 seconds
[2019-06-24T10:03:39.224+0000][1][safepoint    ] Application time: 1.0002330 seconds
[2019-06-24T10:03:39.224+0000][1][safepoint    ] Entering safepoint region: Cleanup
[2019-06-24T10:03:39.224+0000][1][safepoint    ] Leaving safepoint region
[2019-06-24T10:03:39.224+0000][1][safepoint    ] Total time for which application threads were stopped: 0.0002323 seconds, Stopping threads took: 0.0000595 seconds
[2019-06-24T10:03:40.224+0000][1][safepoint    ] Application time: 1.0001609 seconds
[2019-06-24T10:03:40.225+0000][1][safepoint    ] Entering safepoint region: Cleanup
[2019-06-24T10:03:40.225+0000][1][safepoint    ] Leaving safepoint region
[2019-06-24T10:03:40.225+0000][1][safepoint    ] Total time for which application threads were stopped: 0.0002326 seconds, Stopping threads took: 0.0000596 seconds
[2019-06-24T10:03:41.225+0000][1][safepoint    ] Application time: 1.0001934 seconds
[2019-06-24T10:03:41.225+0000][1][safepoint    ] Entering safepoint region: Cleanup
[2019-06-24T10:03:41.225+0000][1][safepoint    ] Leaving safepoint region
[2019-06-24T10:03:41.225+0000][1][safepoint    ] Total time for which application threads were stopped: 0.0002961 seconds, Stopping threads took: 0.0001029 seconds
[2019-06-24T10:03:42.226+0000][1][safepoint    ] Application time: 1.0002107 seconds
[2019-06-24T10:03:42.226+0000][1][safepoint    ] Entering safepoint region: Cleanup
[2019-06-24T10:03:42.226+0000][1][safepoint    ] Leaving safepoint region
[2019-06-24T10:03:42.226+0000][1][safepoint    ] Total time for which application threads were stopped: 0.0002550 seconds, Stopping threads took: 0.0000659 seconds
[2019-06-24T10:03:43.226+0000][1][safepoint    ] Application time: 1.0002039 seconds
[2019-06-24T10:03:43.226+0000][1][safepoint    ] Entering safepoint region: Cleanup
[2019-06-24T10:03:43.227+0000][1][safepoint    ] Leaving safepoint region
[2019-06-24T10:03:43.227+0000][1][safepoint    ] Total time for which application threads were stopped: 0.0002818 seconds, Stopping threads took: 0.0000579 seconds
[2019-06-24T10:03:44.227+0000][1][safepoint    ] Application time: 1.0001328 seconds
[2019-06-24T10:03:44.227+0000][1][safepoint    ] Entering safepoint region: Cleanup
[2019-06-24T10:03:44.227+0000][1][safepoint    ] Leaving safepoint region
[2019-06-24T10:03:44.227+0000][1][safepoint    ] Total time for which application threads were stopped: 0.0002608 seconds, Stopping threads took: 0.0000669 seconds
[2019-06-24T10:03:45.227+0000][1][safepoint    ] Application time: 1.0001970 seconds
[2019-06-24T10:03:45.227+0000][1][safepoint    ] Entering safepoint region: Cleanup
[2019-06-24T10:03:45.228+0000][1][safepoint    ] Leaving safepoint region
[2019-06-24T10:03:45.228+0000][1][safepoint    ] Total time for which application threads were stopped: 0.0002267 seconds, Stopping threads took: 0.0000546 seconds
[2019-06-24T10:03:46.228+0000][1][safepoint    ] Application time: 1.0002621 seconds
[2019-06-24T10:03:46.228+0000][1][safepoint    ] Entering safepoint region: Cleanup
[2019-06-24T10:03:46.228+0000][1][safepoint    ] Leaving safepoint region
[2019-06-24T10:03:46.228+0000][1][safepoint    ] Total time for which application threads were stopped: 0.0002566 seconds, Stopping threads took: 0.0000656 seconds
[2019-06-24T10:03:47.229+0000][1][safepoint    ] Application time: 1.0002461 seconds
[2019-06-24T10:03:47.229+0000][1][safepoint    ] Entering safepoint region: Cleanup
[2019-06-24T10:03:47.229+0000][1][safepoint    ] Leaving safepoint region
[2019-06-24T10:03:47.229+0000][1][safepoint    ] Total time for which application threads were stopped: 0.0002389 seconds, Stopping threads took: 0.0000557 seconds
[2019-06-24T10:03:48.229+0000][1][safepoint    ] Application time: 1.0002030 seconds
[2019-06-24T10:03:48.229+0000][1][safepoint    ] Entering safepoint region: Cleanup
[2019-06-24T10:03:48.229+0000][1][safepoint    ] Leaving safepoint region
[2019-06-24T10:03:48.229+0000][1][safepoint    ] Total time for which application threads were stopped: 0.0002285 seconds, Stopping threads took: 0.0000562 seconds
[2019-06-24T10:03:49.230+0000][1][safepoint    ] Application time: 1.0002418 seconds
[2019-06-24T10:03:49.230+0000][1][safepoint    ] Entering safepoint region: Cleanup
[2019-06-24T10:03:49.230+0000][1][safepoint    ] Leaving safepoint region
[2019-06-24T10:03:49.230+0000][1][safepoint    ] Total time for which application threads were stopped: 0.0002278 seconds, Stopping threads took: 0.0000569 seconds
[2019-06-24T10:03:50.230+0000][1][safepoint    ] Application time: 1.0002500 seconds
[2019-06-24T10:03:50.231+0000][1][safepoint    ] Entering safepoint region: Cleanup
[2019-06-24T10:03:50.231+0000][1][safepoint    ] Leaving safepoint region
[2019-06-24T10:03:50.231+0000][1][safepoint    ] Total time for which application threads were stopped: 0.0002384 seconds, Stopping threads took: 0.0000621 seconds
[2019-06-24T10:03:51.231+0000][1][safepoint    ] Application time: 1.0002567 seconds
[2019-06-24T10:03:51.231+0000][1][safepoint    ] Entering safepoint region: Cleanup
[2019-06-24T10:03:51.231+0000][1][safepoint    ] Leaving safepoint region
[2019-06-24T10:03:51.231+0000][1][safepoint    ] Total time for which application threads were stopped: 0.0002630 seconds, Stopping threads took: 0.0000881 seconds
[2019-06-24T10:03:52.232+0000][1][safepoint    ] Application time: 1.0002413 seconds
[2019-06-24T10:03:52.232+0000][1][safepoint    ] Entering safepoint region: Cleanup
[2019-06-24T10:03:52.232+0000][1][safepoint    ] Leaving safepoint region
[2019-06-24T10:03:52.232+0000][1][safepoint    ] Total time for which application threads were stopped: 0.0002560 seconds, Stopping threads took: 0.0000646 seconds
[2019-06-24T10:03:53.232+0000][1][safepoint    ] Application time: 1.0001584 seconds
[2019-06-24T10:03:53.232+0000][1][safepoint    ] Entering safepoint region: Cleanup
[2019-06-24T10:03:53.233+0000][1][safepoint    ] Leaving safepoint region
[2019-06-24T10:03:53.233+0000][1][safepoint    ] Total time for which application threads were stopped: 0.0003073 seconds, Stopping threads took: 0.0001039 seconds
[2019-06-24T10:03:54.233+0000][1][safepoint    ] Application time: 1.0002865 seconds
[2019-06-24T10:03:54.233+0000][1][safepoint    ] Entering safepoint region: Cleanup
[2019-06-24T10:03:54.233+0000][1][safepoint    ] Leaving safepoint region
[2019-06-24T10:03:54.233+0000][1][safepoint    ] Total time for which application threads were stopped: 0.0002638 seconds, Stopping threads took: 0.0000671 seconds
[2019-06-24T10:03:55.234+0000][1][safepoint    ] Application time: 1.0002775 seconds
[2019-06-24T10:03:55.234+0000][1][safepoint    ] Entering safepoint region: Cleanup
[2019-06-24T10:03:55.234+0000][1][safepoint    ] Leaving safepoint region
[2019-06-24T10:03:55.234+0000][1][safepoint    ] Total time for which application threads were stopped: 0.0002634 seconds, Stopping threads took: 0.0000667 seconds
[2019-06-24T10:03:56.234+0000][1][safepoint    ] Application time: 1.0002598 seconds
[2019-06-24T10:03:56.235+0000][1][safepoint    ] Entering safepoint region: Cleanup
[2019-06-24T10:03:56.235+0000][1][safepoint    ] Leaving safepoint region
[2019-06-24T10:03:56.235+0000][1][safepoint    ] Total time for which application threads were stopped: 0.0002674 seconds, Stopping threads took: 0.0000737 seconds
[2019-06-24T10:03:57.235+0000][1][safepoint    ] Application time: 1.0001747 seconds
[2019-06-24T10:03:57.235+0000][1][safepoint    ] Entering safepoint region: Cleanup
[2019-06-24T10:03:57.235+0000][1][safepoint    ] Leaving safepoint region
[2019-06-24T10:03:57.235+0000][1][safepoint    ] Total time for which application threads were stopped: 0.0002628 seconds, Stopping threads took: 0.0000657 seconds
[2019-06-24T10:03:58.236+0000][1][safepoint    ] Application time: 1.0002628 seconds
[2019-06-24T10:03:58.236+0000][1][safepoint    ] Entering safepoint region: Cleanup
[2019-06-24T10:03:58.236+0000][1][safepoint    ] Leaving safepoint region
[2019-06-24T10:03:58.236+0000][1][safepoint    ] Total time for which application threads were stopped: 0.0003016 seconds, Stopping threads took: 0.0000845 seconds
[2019-06-24T10:03:59.236+0000][1][safepoint    ] Application time: 1.0002617 seconds
[2019-06-24T10:03:59.237+0000][1][safepoint    ] Entering safepoint region: Cleanup
[2019-06-24T10:03:59.237+0000][1][safepoint    ] Leaving safepoint region
[2019-06-24T10:03:59.237+0000][1][safepoint    ] Total time for which application threads were stopped: 0.0002645 seconds, Stopping threads took: 0.0000567 seconds
[2019-06-24T10:04:00.237+0000][1][safepoint    ] Application time: 1.0001916 seconds
[2019-06-24T10:04:00.237+0000][1][safepoint    ] Entering safepoint region: Cleanup
[2019-06-24T10:04:00.237+0000][1][safepoint    ] Leaving safepoint region
[2019-06-24T10:04:00.237+0000][1][safepoint    ] Total time for which application threads were stopped: 0.0002605 seconds, Stopping threads took: 0.0000595 seconds
[2019-06-24T10:04:01.238+0000][1][safepoint    ] Application time: 1.0001812 seconds
[2019-06-24T10:04:01.238+0000][1][safepoint    ] Entering safepoint region: Cleanup
[2019-06-24T10:04:01.238+0000][1][safepoint    ] Leaving safepoint region
[2019-06-24T10:04:01.238+0000][1][safepoint    ] Total time for which application threads were stopped: 0.0002984 seconds, Stopping threads took: 0.0000591 seconds
[2019-06-24T10:04:02.238+0000][1][safepoint    ] Application time: 1.0002298 seconds
[2019-06-24T10:04:02.238+0000][1][safepoint    ] Entering safepoint region: Cleanup
[2019-06-24T10:04:02.239+0000][1][safepoint    ] Leaving safepoint region
[2019-06-24T10:04:02.239+0000][1][safepoint    ] Total time for which application threads were stopped: 0.0003925 seconds, Stopping threads took: 0.0000670 seconds
[2019-06-24T10:04:03.239+0000][1][safepoint    ] Application time: 1.0002655 seconds
[2019-06-24T10:04:03.239+0000][1][safepoint    ] Entering safepoint region: Cleanup
[2019-06-24T10:04:03.239+0000][1][safepoint    ] Leaving safepoint region
[2019-06-24T10:04:03.239+0000][1][safepoint    ] Total time for which application threads were stopped: 0.0002656 seconds, Stopping threads took: 0.0000579 seconds
[2019-06-24T10:04:04.240+0000][1][safepoint    ] Application time: 1.0002412 seconds
[2019-06-24T10:04:04.240+0000][1][safepoint    ] Entering safepoint region: Cleanup
[2019-06-24T10:04:04.240+0000][1][safepoint    ] Leaving safepoint region
[2019-06-24T10:04:04.240+0000][1][safepoint    ] Total time for which application threads were stopped: 0.0002606 seconds, Stopping threads took: 0.0000575 seconds
[2019-06-24T10:04:05.240+0000][1][safepoint    ] Application time: 1.0002636 seconds
[2019-06-24T10:04:05.241+0000][1][safepoint    ] Entering safepoint region: Cleanup
[2019-06-24T10:04:05.241+0000][1][safepoint    ] Leaving safepoint region
[2019-06-24T10:04:05.241+0000][1][safepoint    ] Total time for which application threads were stopped: 0.0002653 seconds, Stopping threads took: 0.0000588 seconds
[2019-06-24T10:04:06.241+0000][1][safepoint    ] Application time: 1.0002033 seconds
[2019-06-24T10:04:06.241+0000][1][safepoint    ] Entering safepoint region: Cleanup
[2019-06-24T10:04:06.241+0000][1][safepoint    ] Leaving safepoint region
[2019-06-24T10:04:06.241+0000][1][safepoint    ] Total time for which application threads were stopped: 0.0002288 seconds, Stopping threads took: 0.0000584 seconds
[2019-06-24T10:04:07.242+0000][1][safepoint    ] Application time: 1.0002612 seconds
[2019-06-24T10:04:07.242+0000][1][safepoint    ] Entering safepoint region: Cleanup
[2019-06-24T10:04:07.242+0000][1][safepoint    ] Leaving safepoint region
[2019-06-24T10:04:07.242+0000][1][safepoint    ] Total time for which application threads were stopped: 0.0002540 seconds, Stopping threads took: 0.0000582 seconds
[2019-06-24T10:04:08.242+0000][1][safepoint    ] Application time: 1.0002578 seconds
[2019-06-24T10:04:08.242+0000][1][safepoint    ] Entering safepoint region: Cleanup
[2019-06-24T10:04:08.243+0000][1][safepoint    ] Leaving safepoint region
[2019-06-24T10:04:08.243+0000][1][safepoint    ] Total time for which application threads were stopped: 0.0002979 seconds, Stopping threads took: 0.0000581 seconds
[2019-06-24T10:04:09.243+0000][1][safepoint    ] Application time: 1.0001378 seconds
[2019-06-24T10:04:09.243+0000][1][safepoint    ] Entering safepoint region: Cleanup
[2019-06-24T10:04:09.243+0000][1][safepoint    ] Leaving safepoint region
[2019-06-24T10:04:09.243+0000][1][safepoint    ] Total time for which application threads were stopped: 0.0002228 seconds, Stopping threads took: 0.0000589 seconds
[2019-06-24T10:04:10.243+0000][1][safepoint    ] Application time: 1.0002512 seconds
[2019-06-24T10:04:10.244+0000][1][safepoint    ] Entering safepoint region: Cleanup
[2019-06-24T10:04:10.244+0000][1][safepoint    ] Leaving safepoint region
[2019-06-24T10:04:10.244+0000][1][safepoint    ] Total time for which application threads were stopped: 0.0002542 seconds, Stopping threads took: 0.0000576 seconds
[2019-06-24T10:04:11.244+0000][1][safepoint    ] Application time: 1.0001931 seconds
[2019-06-24T10:04:11.244+0000][1][safepoint    ] Entering safepoint region: Cleanup
[2019-06-24T10:04:11.244+0000][1][safepoint    ] Leaving safepoint region
[2019-06-24T10:04:11.244+0000][1][safepoint    ] Total time for which application threads were stopped: 0.0002510 seconds, Stopping threads took: 0.0000582 seconds
[2019-06-24T10:04:12.245+0000][1][safepoint    ] Application time: 1.0002507 seconds
[2019-06-24T10:04:12.245+0000][1][safepoint    ] Entering safepoint region: Cleanup
[2019-06-24T10:04:12.245+0000][1][safepoint    ] Leaving safepoint region
[2019-06-24T10:04:12.245+0000][1][safepoint    ] Total time for which application threads were stopped: 0.0002512 seconds, Stopping threads took: 0.0000582 seconds
[2019-06-24T10:04:12.652+0000][1][safepoint    ] Application time: 0.4071934 seconds
[2019-06-24T10:04:12.652+0000][1][safepoint    ] Entering safepoint region: GenCollectForAllocation
[2019-06-24T10:04:12.652+0000][1][gc,start     ] GC(27) Pause Young (Allocation Failure)
[2019-06-24T10:04:12.652+0000][1][gc,task      ] GC(27) Using 5 workers of 8 for evacuation
[2019-06-24T10:04:12.655+0000][1][gc,age       ] GC(27) Desired survivor size 4456448 bytes, new threshold 6 (max threshold 6)
[2019-06-24T10:04:12.655+0000][1][gc,age       ] GC(27) Age table with threshold 6 (max threshold 6)
[2019-06-24T10:04:12.655+0000][1][gc,age       ] GC(27) - age   1:      75296 bytes,      75296 total
[2019-06-24T10:04:12.655+0000][1][gc,age       ] GC(27) - age   2:       3312 bytes,      78608 total
[2019-06-24T10:04:12.655+0000][1][gc,age       ] GC(27) - age   3:     115256 bytes,     193864 total
[2019-06-24T10:04:12.655+0000][1][gc,age       ] GC(27) - age   4:       3840 bytes,     197704 total
[2019-06-24T10:04:12.655+0000][1][gc,age       ] GC(27) - age   5:      10112 bytes,     207816 total
[2019-06-24T10:04:12.655+0000][1][gc,age       ] GC(27) - age   6:    2082216 bytes,    2290032 total
[2019-06-24T10:04:12.655+0000][1][gc,heap      ] GC(27) ParNew: 73387K->3899K(78656K)
[2019-06-24T10:04:12.655+0000][1][gc,heap      ] GC(27) CMS: 67197K->67197K(174784K)
[2019-06-24T10:04:12.655+0000][1][gc,metaspace ] GC(27) Metaspace: 68029K->68029K(1112064K)
[2019-06-24T10:04:12.655+0000][1][gc           ] GC(27) Pause Young (Allocation Failure) 137M->69M(247M) 2.874ms
[2019-06-24T10:04:12.655+0000][1][gc,cpu       ] GC(27) User=0.02s Sys=0.00s Real=0.01s
[2019-06-24T10:04:12.655+0000][1][safepoint    ] Leaving safepoint region
[2019-06-24T10:04:12.655+0000][1][safepoint    ] Total time for which application threads were stopped: 0.0030424 seconds, Stopping threads took: 0.0000241 seconds
[2019-06-24T10:04:13.656+0000][1][safepoint    ] Application time: 1.0002576 seconds
[2019-06-24T10:04:13.656+0000][1][safepoint    ] Entering safepoint region: Cleanup
[2019-06-24T10:04:13.656+0000][1][safepoint    ] Leaving safepoint region
[2019-06-24T10:04:13.656+0000][1][safepoint    ] Total time for which application threads were stopped: 0.0003154 seconds, Stopping threads took: 0.0000656 seconds
[2019-06-24T10:04:14.656+0000][1][safepoint    ] Application time: 1.0002755 seconds
[2019-06-24T10:04:14.656+0000][1][safepoint    ] Entering safepoint region: Cleanup
[2019-06-24T10:04:14.657+0000][1][safepoint    ] Leaving safepoint region
[2019-06-24T10:04:14.657+0000][1][safepoint    ] Total time for which application threads were stopped: 0.0002986 seconds, Stopping threads took: 0.0000665 seconds
[2019-06-24T10:04:15.657+0000][1][safepoint    ] Application time: 1.0002072 seconds
[2019-06-24T10:04:15.657+0000][1][safepoint    ] Entering safepoint region: Cleanup
[2019-06-24T10:04:15.657+0000][1][safepoint    ] Leaving safepoint region
[2019-06-24T10:04:15.657+0000][1][safepoint    ] Total time for which application threads were stopped: 0.0003024 seconds, Stopping threads took: 0.0000634 seconds
[2019-06-24T10:04:16.658+0000][1][safepoint    ] Application time: 1.0002761 seconds
[2019-06-24T10:04:16.658+0000][1][safepoint    ] Entering safepoint region: Cleanup
[2019-06-24T10:04:16.658+0000][1][safepoint    ] Leaving safepoint region
[2019-06-24T10:04:16.658+0000][1][safepoint    ] Total time for which application threads were stopped: 0.0002968 seconds, Stopping threads took: 0.0000652 seconds
[2019-06-24T10:04:17.658+0000][1][safepoint    ] Application time: 1.0001465 seconds
[2019-06-24T10:04:17.658+0000][1][safepoint    ] Entering safepoint region: Cleanup
[2019-06-24T10:04:17.659+0000][1][safepoint    ] Leaving safepoint region
[2019-06-24T10:04:17.659+0000][1][safepoint    ] Total time for which application threads were stopped: 0.0001632 seconds, Stopping threads took: 0.0000483 seconds
[2019-06-24T10:04:18.659+0000][1][safepoint    ] Application time: 1.0001452 seconds
[2019-06-24T10:04:18.659+0000][1][safepoint    ] Entering safepoint region: Cleanup
[2019-06-24T10:04:18.659+0000][1][safepoint    ] Leaving safepoint region
[2019-06-24T10:04:18.659+0000][1][safepoint    ] Total time for which application threads were stopped: 0.0002936 seconds, Stopping threads took: 0.0000647 seconds
[2019-06-24T10:04:19.659+0000][1][safepoint    ] Application time: 1.0001866 seconds
[2019-06-24T10:04:19.659+0000][1][safepoint    ] Entering safepoint region: Cleanup
[2019-06-24T10:04:19.660+0000][1][safepoint    ] Leaving safepoint region
[2019-06-24T10:04:19.660+0000][1][safepoint    ] Total time for which application threads were stopped: 0.0002561 seconds, Stopping threads took: 0.0000568 seconds
[2019-06-24T10:04:20.660+0000][1][safepoint    ] Application time: 1.0001404 seconds
[2019-06-24T10:04:20.660+0000][1][safepoint    ] Entering safepoint region: Cleanup
[2019-06-24T10:04:20.660+0000][1][safepoint    ] Leaving safepoint region
[2019-06-24T10:04:20.660+0000][1][safepoint    ] Total time for which application threads were stopped: 0.0001118 seconds, Stopping threads took: 0.0000279 seconds
[2019-06-24T10:04:21.660+0000][1][safepoint    ] Application time: 1.0001571 seconds
[2019-06-24T10:04:21.660+0000][1][safepoint    ] Entering safepoint region: Cleanup
[2019-06-24T10:04:21.660+0000][1][safepoint    ] Leaving safepoint region
[2019-06-24T10:04:21.661+0000][1][safepoint    ] Total time for which application threads were stopped: 0.0002122 seconds, Stopping threads took: 0.0000585 seconds
[2019-06-24T10:04:22.661+0000][1][safepoint    ] Application time: 1.0000862 seconds
[2019-06-24T10:04:22.661+0000][1][safepoint    ] Entering safepoint region: Cleanup
[2019-06-24T10:04:22.661+0000][1][safepoint    ] Leaving safepoint region
[2019-06-24T10:04:22.661+0000][1][safepoint    ] Total time for which application threads were stopped: 0.0001357 seconds, Stopping threads took: 0.0000593 seconds
[2019-06-24T10:04:23.661+0000][1][safepoint    ] Application time: 1.0001966 seconds
[2019-06-24T10:04:23.661+0000][1][safepoint    ] Entering safepoint region: Cleanup
[2019-06-24T10:04:23.661+0000][1][safepoint    ] Leaving safepoint region
[2019-06-24T10:04:23.661+0000][1][safepoint    ] Total time for which application threads were stopped: 0.0002544 seconds, Stopping threads took: 0.0000649 seconds
[2019-06-24T10:04:24.662+0000][1][safepoint    ] Application time: 1.0002016 seconds
[2019-06-24T10:04:24.662+0000][1][safepoint    ] Entering safepoint region: Cleanup
[2019-06-24T10:04:24.662+0000][1][safepoint    ] Leaving safepoint region
[2019-06-24T10:04:24.662+0000][1][safepoint    ] Total time for which application threads were stopped: 0.0002504 seconds, Stopping threads took: 0.0000652 seconds
[2019-06-24T10:04:25.662+0000][1][safepoint    ] Application time: 1.0000982 seconds
[2019-06-24T10:04:25.662+0000][1][safepoint    ] Entering safepoint region: Cleanup
[2019-06-24T10:04:25.662+0000][1][safepoint    ] Leaving safepoint region
[2019-06-24T10:04:25.662+0000][1][safepoint    ] Total time for which application threads were stopped: 0.0000965 seconds, Stopping threads took: 0.0000243 seconds
[2019-06-24T10:04:26.663+0000][1][safepoint    ] Application time: 1.0003138 seconds
[2019-06-24T10:04:26.663+0000][1][safepoint    ] Entering safepoint region: Cleanup
[2019-06-24T10:04:26.663+0000][1][safepoint    ] Leaving safepoint region
[2019-06-24T10:04:26.663+0000][1][safepoint    ] Total time for which application threads were stopped: 0.0002544 seconds, Stopping threads took: 0.0000661 seconds
[2019-06-24T10:04:27.663+0000][1][safepoint    ] Application time: 1.0001479 seconds
[2019-06-24T10:04:27.663+0000][1][safepoint    ] Entering safepoint region: Cleanup
[2019-06-24T10:04:27.664+0000][1][safepoint    ] Leaving safepoint region
[2019-06-24T10:04:27.665+0000][1][safepoint    ] Total time for which application threads were stopped: 0.0012727 seconds, Stopping threads took: 0.0010283 seconds
[2019-06-24T10:04:28.665+0000][1][safepoint    ] Application time: 1.0002830 seconds
[2019-06-24T10:04:28.665+0000][1][safepoint    ] Entering safepoint region: Cleanup
[2019-06-24T10:04:28.665+0000][1][safepoint    ] Leaving safepoint region
[2019-06-24T10:04:28.665+0000][1][safepoint    ] Total time for which application threads were stopped: 0.0002824 seconds, Stopping threads took: 0.0000990 seconds
[2019-06-24T10:04:29.666+0000][1][safepoint    ] Application time: 1.0002684 seconds
[2019-06-24T10:04:29.666+0000][1][safepoint    ] Entering safepoint region: Cleanup
[2019-06-24T10:04:29.666+0000][1][safepoint    ] Leaving safepoint region
[2019-06-24T10:04:29.666+0000][1][safepoint    ] Total time for which application threads were stopped: 0.0002668 seconds, Stopping threads took: 0.0000679 seconds
[2019-06-24T10:04:30.666+0000][1][safepoint    ] Application time: 1.0001356 seconds
[2019-06-24T10:04:30.666+0000][1][safepoint    ] Entering safepoint region: Cleanup
[2019-06-24T10:04:30.666+0000][1][safepoint    ] Leaving safepoint region
[2019-06-24T10:04:30.666+0000][1][safepoint    ] Total time for which application threads were stopped: 0.0001100 seconds, Stopping threads took: 0.0000217 seconds
[2019-06-24T10:04:31.667+0000][1][safepoint    ] Application time: 1.0003044 seconds
[2019-06-24T10:04:31.667+0000][1][safepoint    ] Entering safepoint region: Cleanup
[2019-06-24T10:04:31.667+0000][1][safepoint    ] Leaving safepoint region
[2019-06-24T10:04:31.667+0000][1][safepoint    ] Total time for which application threads were stopped: 0.0002448 seconds, Stopping threads took: 0.0000594 seconds
[2019-06-24T10:04:32.667+0000][1][safepoint    ] Application time: 1.0002452 seconds
[2019-06-24T10:04:32.667+0000][1][safepoint    ] Entering safepoint region: Cleanup
[2019-06-24T10:04:32.668+0000][1][safepoint    ] Leaving safepoint region
[2019-06-24T10:04:32.668+0000][1][safepoint    ] Total time for which application threads were stopped: 0.0007563 seconds, Stopping threads took: 0.0004907 seconds
[2019-06-24T10:04:33.668+0000][1][safepoint    ] Application time: 1.0001364 seconds
[2019-06-24T10:04:33.668+0000][1][safepoint    ] Entering safepoint region: Cleanup
[2019-06-24T10:04:33.668+0000][1][safepoint    ] Leaving safepoint region
[2019-06-24T10:04:33.668+0000][1][safepoint    ] Total time for which application threads were stopped: 0.0000914 seconds, Stopping threads took: 0.0000230 seconds
[2019-06-24T10:04:34.669+0000][1][safepoint    ] Application time: 1.0002381 seconds
[2019-06-24T10:04:34.669+0000][1][safepoint    ] Entering safepoint region: Cleanup
[2019-06-24T10:04:34.669+0000][1][safepoint    ] Leaving safepoint region
[2019-06-24T10:04:34.669+0000][1][safepoint    ] Total time for which application threads were stopped: 0.0002491 seconds, Stopping threads took: 0.0000673 seconds
[2019-06-24T10:04:35.669+0000][1][safepoint    ] Application time: 1.0001571 seconds
[2019-06-24T10:04:35.669+0000][1][safepoint    ] Entering safepoint region: Cleanup
[2019-06-24T10:04:35.669+0000][1][safepoint    ] Leaving safepoint region
[2019-06-24T10:04:35.670+0000][1][safepoint    ] Total time for which application threads were stopped: 0.0002471 seconds, Stopping threads took: 0.0000662 seconds
[2019-06-24T10:04:36.670+0000][1][safepoint    ] Application time: 1.0002588 seconds
[2019-06-24T10:04:36.670+0000][1][safepoint    ] Entering safepoint region: Cleanup
[2019-06-24T10:04:36.670+0000][1][safepoint    ] Leaving safepoint region
[2019-06-24T10:04:36.670+0000][1][safepoint    ] Total time for which application threads were stopped: 0.0002589 seconds, Stopping threads took: 0.0000677 seconds
[2019-06-24T10:04:37.670+0000][1][safepoint    ] Application time: 1.0001523 seconds
[2019-06-24T10:04:37.670+0000][1][safepoint    ] Entering safepoint region: Cleanup
[2019-06-24T10:04:37.671+0000][1][safepoint    ] Leaving safepoint region
[2019-06-24T10:04:37.671+0000][1][safepoint    ] Total time for which application threads were stopped: 0.0001069 seconds, Stopping threads took: 0.0000400 seconds
[2019-06-24T10:04:38.671+0000][1][safepoint    ] Application time: 1.0001356 seconds
[2019-06-24T10:04:38.671+0000][1][safepoint    ] Entering safepoint region: Cleanup
[2019-06-24T10:04:38.671+0000][1][safepoint    ] Leaving safepoint region
[2019-06-24T10:04:38.671+0000][1][safepoint    ] Total time for which application threads were stopped: 0.0002474 seconds, Stopping threads took: 0.0000649 seconds
[2019-06-24T10:04:39.671+0000][1][safepoint    ] Application time: 1.0001307 seconds
[2019-06-24T10:04:39.671+0000][1][safepoint    ] Entering safepoint region: Cleanup
[2019-06-24T10:04:39.672+0000][1][safepoint    ] Leaving safepoint region
[2019-06-24T10:04:39.672+0000][1][safepoint    ] Total time for which application threads were stopped: 0.0002499 seconds, Stopping threads took: 0.0000650 seconds
[2019-06-24T10:04:40.672+0000][1][safepoint    ] Application time: 1.0002629 seconds
[2019-06-24T10:04:40.672+0000][1][safepoint    ] Entering safepoint region: Cleanup
[2019-06-24T10:04:40.672+0000][1][safepoint    ] Leaving safepoint region
[2019-06-24T10:04:40.672+0000][1][safepoint    ] Total time for which application threads were stopped: 0.0002479 seconds, Stopping threads took: 0.0000638 seconds
[2019-06-24T10:04:41.672+0000][1][safepoint    ] Application time: 1.0001406 seconds
[2019-06-24T10:04:41.672+0000][1][safepoint    ] Entering safepoint region: Cleanup
[2019-06-24T10:04:41.673+0000][1][safepoint    ] Leaving safepoint region
[2019-06-24T10:04:41.673+0000][1][safepoint    ] Total time for which application threads were stopped: 0.0000920 seconds, Stopping threads took: 0.0000224 seconds
[2019-06-24T10:04:42.673+0000][1][safepoint    ] Application time: 1.0002456 seconds
[2019-06-24T10:04:42.673+0000][1][safepoint    ] Entering safepoint region: Cleanup
[2019-06-24T10:04:42.673+0000][1][safepoint    ] Leaving safepoint region
[2019-06-24T10:04:42.673+0000][1][safepoint    ] Total time for which application threads were stopped: 0.0002505 seconds, Stopping threads took: 0.0000648 seconds
[2019-06-24T10:04:43.673+0000][1][safepoint    ] Application time: 1.0002701 seconds
[2019-06-24T10:04:43.674+0000][1][safepoint    ] Entering safepoint region: Cleanup
[2019-06-24T10:04:43.674+0000][1][safepoint    ] Leaving safepoint region
[2019-06-24T10:04:43.674+0000][1][safepoint    ] Total time for which application threads were stopped: 0.0002951 seconds, Stopping threads took: 0.0000850 seconds
[2019-06-24T10:04:44.674+0000][1][safepoint    ] Application time: 1.0001449 seconds
[2019-06-24T10:04:44.674+0000][1][safepoint    ] Entering safepoint region: Cleanup
[2019-06-24T10:04:44.674+0000][1][safepoint    ] Leaving safepoint region
[2019-06-24T10:04:44.675+0000][1][safepoint    ] Total time for which application threads were stopped: 0.0003572 seconds, Stopping threads took: 0.0000781 seconds
[2019-06-24T10:04:45.675+0000][1][safepoint    ] Application time: 1.0001328 seconds
[2019-06-24T10:04:45.675+0000][1][safepoint    ] Entering safepoint region: Cleanup
[2019-06-24T10:04:45.675+0000][1][safepoint    ] Leaving safepoint region
[2019-06-24T10:04:45.675+0000][1][safepoint    ] Total time for which application threads were stopped: 0.0002201 seconds, Stopping threads took: 0.0000574 seconds
[2019-06-24T10:04:46.675+0000][1][safepoint    ] Application time: 1.0001622 seconds
[2019-06-24T10:04:46.676+0000][1][safepoint    ] Entering safepoint region: Cleanup
[2019-06-24T10:04:46.676+0000][1][safepoint    ] Leaving safepoint region
[2019-06-24T10:04:46.676+0000][1][safepoint    ] Total time for which application threads were stopped: 0.0004339 seconds, Stopping threads took: 0.0001952 seconds
[2019-06-24T10:04:47.676+0000][1][safepoint    ] Application time: 1.0002412 seconds
[2019-06-24T10:04:47.676+0000][1][safepoint    ] Entering safepoint region: Cleanup
[2019-06-24T10:04:47.676+0000][1][safepoint    ] Leaving safepoint region
[2019-06-24T10:04:47.677+0000][1][safepoint    ] Total time for which application threads were stopped: 0.0002475 seconds, Stopping threads took: 0.0000666 seconds
[2019-06-24T10:04:48.677+0000][1][safepoint    ] Application time: 1.0000992 seconds
[2019-06-24T10:04:48.677+0000][1][safepoint    ] Entering safepoint region: Cleanup
[2019-06-24T10:04:48.677+0000][1][safepoint    ] Leaving safepoint region
[2019-06-24T10:04:48.677+0000][1][safepoint    ] Total time for which application threads were stopped: 0.0000883 seconds, Stopping threads took: 0.0000239 seconds
[2019-06-24T10:04:49.677+0000][1][safepoint    ] Application time: 1.0002140 seconds
[2019-06-24T10:04:49.677+0000][1][safepoint    ] Entering safepoint region: Cleanup
[2019-06-24T10:04:49.677+0000][1][safepoint    ] Leaving safepoint region
[2019-06-24T10:04:49.677+0000][1][safepoint    ] Total time for which application threads were stopped: 0.0002504 seconds, Stopping threads took: 0.0000645 seconds
[2019-06-24T10:04:50.678+0000][1][safepoint    ] Application time: 1.0001669 seconds
[2019-06-24T10:04:50.678+0000][1][safepoint    ] Entering safepoint region: Cleanup
[2019-06-24T10:04:50.678+0000][1][safepoint    ] Leaving safepoint region
[2019-06-24T10:04:50.678+0000][1][safepoint    ] Total time for which application threads were stopped: 0.0002559 seconds, Stopping threads took: 0.0000676 seconds
[2019-06-24T10:04:51.678+0000][1][safepoint    ] Application time: 1.0001441 seconds
[2019-06-24T10:04:51.678+0000][1][safepoint    ] Entering safepoint region: Cleanup
[2019-06-24T10:04:51.678+0000][1][safepoint    ] Leaving safepoint region
[2019-06-24T10:04:51.679+0000][1][safepoint    ] Total time for which application threads were stopped: 0.0008212 seconds, Stopping threads took: 0.0000217 seconds
[2019-06-24T10:04:52.679+0000][1][safepoint    ] Application time: 1.0002487 seconds
[2019-06-24T10:04:52.679+0000][1][safepoint    ] Entering safepoint region: Cleanup
[2019-06-24T10:04:52.680+0000][1][safepoint    ] Leaving safepoint region
[2019-06-24T10:04:52.680+0000][1][safepoint    ] Total time for which application threads were stopped: 0.0003036 seconds, Stopping threads took: 0.0000874 seconds
[2019-06-24T10:04:53.680+0000][1][safepoint    ] Application time: 1.0002910 seconds
[2019-06-24T10:04:53.680+0000][1][safepoint    ] Entering safepoint region: Cleanup
[2019-06-24T10:04:53.680+0000][1][safepoint    ] Leaving safepoint region
[2019-06-24T10:04:53.680+0000][1][safepoint    ] Total time for which application threads were stopped: 0.0003232 seconds, Stopping threads took: 0.0000649 seconds
[2019-06-24T10:04:54.681+0000][1][safepoint    ] Application time: 1.0002668 seconds
[2019-06-24T10:04:54.681+0000][1][safepoint    ] Entering safepoint region: Cleanup
[2019-06-24T10:04:54.681+0000][1][safepoint    ] Leaving safepoint region
[2019-06-24T10:04:54.681+0000][1][safepoint    ] Total time for which application threads were stopped: 0.0002605 seconds, Stopping threads took: 0.0000655 seconds
[2019-06-24T10:04:55.681+0000][1][safepoint    ] Application time: 1.0002574 seconds
[2019-06-24T10:04:55.682+0000][1][safepoint    ] Entering safepoint region: Cleanup
[2019-06-24T10:04:55.682+0000][1][safepoint    ] Leaving safepoint region
[2019-06-24T10:04:55.682+0000][1][safepoint    ] Total time for which application threads were stopped: 0.0002967 seconds, Stopping threads took: 0.0000853 seconds
[2019-06-24T10:04:56.682+0000][1][safepoint    ] Application time: 1.0002734 seconds
[2019-06-24T10:04:56.682+0000][1][safepoint    ] Entering safepoint region: Cleanup
[2019-06-24T10:04:56.682+0000][1][safepoint    ] Leaving safepoint region
[2019-06-24T10:04:56.683+0000][1][safepoint    ] Total time for which application threads were stopped: 0.0003214 seconds, Stopping threads took: 0.0000744 seconds
[2019-06-24T10:04:57.683+0000][1][safepoint    ] Application time: 1.0002860 seconds
[2019-06-24T10:04:57.683+0000][1][safepoint    ] Entering safepoint region: Cleanup
[2019-06-24T10:04:57.683+0000][1][safepoint    ] Leaving safepoint region
[2019-06-24T10:04:57.683+0000][1][safepoint    ] Total time for which application threads were stopped: 0.0002589 seconds, Stopping threads took: 0.0000694 seconds
[2019-06-24T10:04:58.684+0000][1][safepoint    ] Application time: 1.0002676 seconds
[2019-06-24T10:04:58.684+0000][1][safepoint    ] Entering safepoint region: Cleanup
[2019-06-24T10:04:58.684+0000][1][safepoint    ] Leaving safepoint region
[2019-06-24T10:04:58.684+0000][1][safepoint    ] Total time for which application threads were stopped: 0.0003804 seconds, Stopping threads took: 0.0000886 seconds
[2019-06-24T10:04:59.684+0000][1][safepoint    ] Application time: 1.0002300 seconds
[2019-06-24T10:04:59.685+0000][1][safepoint    ] Entering safepoint region: Cleanup
[2019-06-24T10:04:59.685+0000][1][safepoint    ] Leaving safepoint region
[2019-06-24T10:04:59.685+0000][1][safepoint    ] Total time for which application threads were stopped: 0.0003173 seconds, Stopping threads took: 0.0001211 seconds
[2019-06-24T10:05:00.685+0000][1][safepoint    ] Application time: 1.0002755 seconds
[2019-06-24T10:05:00.685+0000][1][safepoint    ] Entering safepoint region: Cleanup
[2019-06-24T10:05:00.685+0000][1][safepoint    ] Leaving safepoint region
[2019-06-24T10:05:00.686+0000][1][safepoint    ] Total time for which application threads were stopped: 0.0003079 seconds, Stopping threads took: 0.0000906 seconds
[2019-06-24T10:05:01.686+0000][1][safepoint    ] Application time: 1.0002855 seconds
[2019-06-24T10:05:01.686+0000][1][safepoint    ] Entering safepoint region: Cleanup
[2019-06-24T10:05:01.686+0000][1][safepoint    ] Leaving safepoint region
[2019-06-24T10:05:01.686+0000][1][safepoint    ] Total time for which application threads were stopped: 0.0003051 seconds, Stopping threads took: 0.0000904 seconds
[2019-06-24T10:05:02.687+0000][1][safepoint    ] Application time: 1.0002587 seconds
[2019-06-24T10:05:02.687+0000][1][safepoint    ] Entering safepoint region: Cleanup
[2019-06-24T10:05:02.687+0000][1][safepoint    ] Leaving safepoint region
[2019-06-24T10:05:02.687+0000][1][safepoint    ] Total time for which application threads were stopped: 0.0002951 seconds, Stopping threads took: 0.0000899 seconds
[2019-06-24T10:05:03.687+0000][1][safepoint    ] Application time: 1.0002453 seconds
[2019-06-24T10:05:03.687+0000][1][safepoint    ] Entering safepoint region: Cleanup
[2019-06-24T10:05:03.688+0000][1][safepoint    ] Leaving safepoint region
[2019-06-24T10:05:03.688+0000][1][safepoint    ] Total time for which application threads were stopped: 0.0003121 seconds, Stopping threads took: 0.0000917 seconds
[2019-06-24T10:05:04.688+0000][1][safepoint    ] Application time: 1.0002136 seconds
[2019-06-24T10:05:04.688+0000][1][safepoint    ] Entering safepoint region: Cleanup
[2019-06-24T10:05:04.688+0000][1][safepoint    ] Leaving safepoint region
[2019-06-24T10:05:04.688+0000][1][safepoint    ] Total time for which application threads were stopped: 0.0002576 seconds, Stopping threads took: 0.0000682 seconds
[2019-06-24T10:05:05.689+0000][1][safepoint    ] Application time: 1.0001377 seconds
[2019-06-24T10:05:05.689+0000][1][safepoint    ] Entering safepoint region: Cleanup
[2019-06-24T10:05:05.689+0000][1][safepoint    ] Leaving safepoint region
[2019-06-24T10:05:05.689+0000][1][safepoint    ] Total time for which application threads were stopped: 0.0000819 seconds, Stopping threads took: 0.0000217 seconds
[2019-06-24T10:05:06.689+0000][1][safepoint    ] Application time: 1.0002527 seconds
[2019-06-24T10:05:06.689+0000][1][safepoint    ] Entering safepoint region: Cleanup
[2019-06-24T10:05:06.689+0000][1][safepoint    ] Leaving safepoint region
[2019-06-24T10:05:06.689+0000][1][safepoint    ] Total time for which application threads were stopped: 0.0002735 seconds, Stopping threads took: 0.0000688 seconds
[2019-06-24T10:05:07.690+0000][1][safepoint    ] Application time: 1.0002378 seconds
[2019-06-24T10:05:07.690+0000][1][safepoint    ] Entering safepoint region: Cleanup
[2019-06-24T10:05:07.690+0000][1][safepoint    ] Leaving safepoint region
[2019-06-24T10:05:07.690+0000][1][safepoint    ] Total time for which application threads were stopped: 0.0002625 seconds, Stopping threads took: 0.0000709 seconds
[2019-06-24T10:05:08.690+0000][1][safepoint    ] Application time: 1.0002822 seconds
[2019-06-24T10:05:08.690+0000][1][safepoint    ] Entering safepoint region: Cleanup
[2019-06-24T10:05:08.691+0000][1][safepoint    ] Leaving safepoint region
[2019-06-24T10:05:08.691+0000][1][safepoint    ] Total time for which application threads were stopped: 0.0003075 seconds, Stopping threads took: 0.0000592 seconds
[2019-06-24T10:05:09.691+0000][1][safepoint    ] Application time: 1.0001626 seconds
[2019-06-24T10:05:09.691+0000][1][safepoint    ] Entering safepoint region: Cleanup
[2019-06-24T10:05:09.691+0000][1][safepoint    ] Leaving safepoint region
[2019-06-24T10:05:09.691+0000][1][safepoint    ] Total time for which application threads were stopped: 0.0001497 seconds, Stopping threads took: 0.0000382 seconds
[2019-06-24T10:05:10.691+0000][1][safepoint    ] Application time: 1.0000965 seconds
[2019-06-24T10:05:10.691+0000][1][safepoint    ] Entering safepoint region: Cleanup
[2019-06-24T10:05:10.691+0000][1][safepoint    ] Leaving safepoint region
[2019-06-24T10:05:10.691+0000][1][safepoint    ] Total time for which application threads were stopped: 0.0000987 seconds, Stopping threads took: 0.0000303 seconds
[2019-06-24T10:05:11.692+0000][1][safepoint    ] Application time: 1.0001694 seconds
[2019-06-24T10:05:11.692+0000][1][safepoint    ] Entering safepoint region: Cleanup
[2019-06-24T10:05:11.692+0000][1][safepoint    ] Leaving safepoint region
[2019-06-24T10:05:11.692+0000][1][safepoint    ] Total time for which application threads were stopped: 0.0003218 seconds, Stopping threads took: 0.0000856 seconds
[2019-06-24T10:05:12.692+0000][1][safepoint    ] Application time: 1.0002873 seconds
[2019-06-24T10:05:12.692+0000][1][safepoint    ] Entering safepoint region: Cleanup
[2019-06-24T10:05:12.693+0000][1][safepoint    ] Leaving safepoint region
[2019-06-24T10:05:12.693+0000][1][safepoint    ] Total time for which application threads were stopped: 0.0003331 seconds, Stopping threads took: 0.0000921 seconds
[2019-06-24T10:05:13.693+0000][1][safepoint    ] Application time: 1.0002173 seconds
[2019-06-24T10:05:13.693+0000][1][safepoint    ] Entering safepoint region: Cleanup
[2019-06-24T10:05:13.693+0000][1][safepoint    ] Leaving safepoint region
[2019-06-24T10:05:13.693+0000][1][safepoint    ] Total time for which application threads were stopped: 0.0003208 seconds, Stopping threads took: 0.0001065 seconds
[2019-06-24T10:05:14.694+0000][1][safepoint    ] Application time: 1.0001995 seconds
[2019-06-24T10:05:14.694+0000][1][safepoint    ] Entering safepoint region: Cleanup
[2019-06-24T10:05:14.694+0000][1][safepoint    ] Leaving safepoint region
[2019-06-24T10:05:14.694+0000][1][safepoint    ] Total time for which application threads were stopped: 0.0003202 seconds, Stopping threads took: 0.0001218 seconds
[2019-06-24T10:05:15.694+0000][1][safepoint    ] Application time: 1.0002681 seconds
[2019-06-24T10:05:15.695+0000][1][safepoint    ] Entering safepoint region: Cleanup
[2019-06-24T10:05:15.695+0000][1][safepoint    ] Leaving safepoint region
[2019-06-24T10:05:15.695+0000][1][safepoint    ] Total time for which application threads were stopped: 0.0003082 seconds, Stopping threads took: 0.0001003 seconds
[2019-06-24T10:05:16.695+0000][1][safepoint    ] Application time: 1.0001976 seconds
[2019-06-24T10:05:16.695+0000][1][safepoint    ] Entering safepoint region: Cleanup
[2019-06-24T10:05:16.696+0000][1][safepoint    ] Leaving safepoint region
[2019-06-24T10:05:16.696+0000][1][safepoint    ] Total time for which application threads were stopped: 0.0002927 seconds, Stopping threads took: 0.0000877 seconds
[2019-06-24T10:05:17.696+0000][1][safepoint    ] Application time: 1.0002022 seconds
[2019-06-24T10:05:17.696+0000][1][safepoint    ] Entering safepoint region: Cleanup
[2019-06-24T10:05:17.696+0000][1][safepoint    ] Leaving safepoint region
[2019-06-24T10:05:17.696+0000][1][safepoint    ] Total time for which application threads were stopped: 0.0003334 seconds, Stopping threads took: 0.0001321 seconds
[2019-06-24T10:05:18.697+0000][1][safepoint    ] Application time: 1.0002140 seconds
[2019-06-24T10:05:18.697+0000][1][safepoint    ] Entering safepoint region: Cleanup
[2019-06-24T10:05:18.697+0000][1][safepoint    ] Leaving safepoint region
[2019-06-24T10:05:18.697+0000][1][safepoint    ] Total time for which application threads were stopped: 0.0003221 seconds, Stopping threads took: 0.0000843 seconds
[2019-06-24T10:05:19.697+0000][1][safepoint    ] Application time: 1.0002210 seconds
[2019-06-24T10:05:19.697+0000][1][safepoint    ] Entering safepoint region: Cleanup
[2019-06-24T10:05:19.698+0000][1][safepoint    ] Leaving safepoint region
[2019-06-24T10:05:19.698+0000][1][safepoint    ] Total time for which application threads were stopped: 0.0002929 seconds, Stopping threads took: 0.0001107 seconds
[2019-06-24T10:05:20.698+0000][1][safepoint    ] Application time: 1.0002642 seconds
[2019-06-24T10:05:20.698+0000][1][safepoint    ] Entering safepoint region: Cleanup
[2019-06-24T10:05:20.699+0000][1][safepoint    ] Leaving safepoint region
[2019-06-24T10:05:20.699+0000][1][safepoint    ] Total time for which application threads were stopped: 0.0012165 seconds, Stopping threads took: 0.0009625 seconds
[2019-06-24T10:05:21.700+0000][1][safepoint    ] Application time: 1.0002832 seconds
[2019-06-24T10:05:21.700+0000][1][safepoint    ] Entering safepoint region: Cleanup
[2019-06-24T10:05:21.700+0000][1][safepoint    ] Leaving safepoint region
[2019-06-24T10:05:21.700+0000][1][safepoint    ] Total time for which application threads were stopped: 0.0002620 seconds, Stopping threads took: 0.0000669 seconds
[2019-06-24T10:05:22.700+0000][1][safepoint    ] Application time: 1.0002622 seconds
[2019-06-24T10:05:22.700+0000][1][safepoint    ] Entering safepoint region: Cleanup
[2019-06-24T10:05:22.701+0000][1][safepoint    ] Leaving safepoint region
[2019-06-24T10:05:22.701+0000][1][safepoint    ] Total time for which application threads were stopped: 0.0002471 seconds, Stopping threads took: 0.0000647 seconds
[2019-06-24T10:05:23.701+0000][1][safepoint    ] Application time: 1.0002738 seconds
[2019-06-24T10:05:23.701+0000][1][safepoint    ] Entering safepoint region: Cleanup
[2019-06-24T10:05:23.701+0000][1][safepoint    ] Leaving safepoint region
[2019-06-24T10:05:23.701+0000][1][safepoint    ] Total time for which application threads were stopped: 0.0002496 seconds, Stopping threads took: 0.0000647 seconds
[2019-06-24T10:05:24.702+0000][1][safepoint    ] Application time: 1.0002705 seconds
[2019-06-24T10:05:24.702+0000][1][safepoint    ] Entering safepoint region: Cleanup
[2019-06-24T10:05:24.702+0000][1][safepoint    ] Leaving safepoint region
[2019-06-24T10:05:24.702+0000][1][safepoint    ] Total time for which application threads were stopped: 0.0002509 seconds, Stopping threads took: 0.0000659 seconds
[2019-06-24T10:05:25.702+0000][1][safepoint    ] Application time: 1.0002704 seconds
[2019-06-24T10:05:25.702+0000][1][safepoint    ] Entering safepoint region: Cleanup
[2019-06-24T10:05:25.704+0000][1][safepoint    ] Leaving safepoint region
[2019-06-24T10:05:25.704+0000][1][safepoint    ] Total time for which application threads were stopped: 0.0012694 seconds, Stopping threads took: 0.0010132 seconds
[2019-06-24T10:05:26.704+0000][1][safepoint    ] Application time: 1.0002450 seconds
[2019-06-24T10:05:26.704+0000][1][safepoint    ] Entering safepoint region: Cleanup
[2019-06-24T10:05:26.704+0000][1][safepoint    ] Leaving safepoint region
[2019-06-24T10:05:26.704+0000][1][safepoint    ] Total time for which application threads were stopped: 0.0002438 seconds, Stopping threads took: 0.0000575 seconds
[2019-06-24T10:05:27.705+0000][1][safepoint    ] Application time: 1.0002556 seconds
[2019-06-24T10:05:27.705+0000][1][safepoint    ] Entering safepoint region: Cleanup
[2019-06-24T10:05:27.705+0000][1][safepoint    ] Leaving safepoint region
[2019-06-24T10:05:27.705+0000][1][safepoint    ] Total time for which application threads were stopped: 0.0002955 seconds, Stopping threads took: 0.0001008 seconds
[2019-06-24T10:05:28.705+0000][1][safepoint    ] Application time: 1.0002544 seconds
[2019-06-24T10:05:28.705+0000][1][safepoint    ] Entering safepoint region: Cleanup
[2019-06-24T10:05:28.706+0000][1][safepoint    ] Leaving safepoint region
[2019-06-24T10:05:28.706+0000][1][safepoint    ] Total time for which application threads were stopped: 0.0002253 seconds, Stopping threads took: 0.0000570 seconds
[2019-06-24T10:05:29.706+0000][1][safepoint    ] Application time: 1.0002608 seconds
[2019-06-24T10:05:29.706+0000][1][safepoint    ] Entering safepoint region: Cleanup
[2019-06-24T10:05:29.706+0000][1][safepoint    ] Leaving safepoint region
[2019-06-24T10:05:29.706+0000][1][safepoint    ] Total time for which application threads were stopped: 0.0002329 seconds, Stopping threads took: 0.0000622 seconds
[2019-06-24T10:05:30.706+0000][1][safepoint    ] Application time: 1.0001364 seconds
[2019-06-24T10:05:30.706+0000][1][safepoint    ] Entering safepoint region: Cleanup
[2019-06-24T10:05:30.706+0000][1][safepoint    ] Leaving safepoint region
[2019-06-24T10:05:30.706+0000][1][safepoint    ] Total time for which application threads were stopped: 0.0001006 seconds, Stopping threads took: 0.0000220 seconds
[2019-06-24T10:05:31.707+0000][1][safepoint    ] Application time: 1.0001978 seconds
[2019-06-24T10:05:31.707+0000][1][safepoint    ] Entering safepoint region: Cleanup
[2019-06-24T10:05:31.707+0000][1][safepoint    ] Leaving safepoint region
[2019-06-24T10:05:31.707+0000][1][safepoint    ] Total time for which application threads were stopped: 0.0002415 seconds, Stopping threads took: 0.0000576 seconds
[2019-06-24T10:05:32.707+0000][1][safepoint    ] Application time: 1.0002188 seconds
[2019-06-24T10:05:32.707+0000][1][safepoint    ] Entering safepoint region: Cleanup
[2019-06-24T10:05:32.708+0000][1][safepoint    ] Leaving safepoint region
[2019-06-24T10:05:32.708+0000][1][safepoint    ] Total time for which application threads were stopped: 0.0002486 seconds, Stopping threads took: 0.0000661 seconds
[2019-06-24T10:05:33.708+0000][1][safepoint    ] Application time: 1.0002495 seconds
[2019-06-24T10:05:33.708+0000][1][safepoint    ] Entering safepoint region: Cleanup
[2019-06-24T10:05:33.708+0000][1][safepoint    ] Leaving safepoint region
[2019-06-24T10:05:33.708+0000][1][safepoint    ] Total time for which application threads were stopped: 0.0002218 seconds, Stopping threads took: 0.0000576 seconds
[2019-06-24T10:05:34.708+0000][1][safepoint    ] Application time: 1.0001531 seconds
[2019-06-24T10:05:34.708+0000][1][safepoint    ] Entering safepoint region: Cleanup
[2019-06-24T10:05:34.709+0000][1][safepoint    ] Leaving safepoint region
[2019-06-24T10:05:34.709+0000][1][safepoint    ] Total time for which application threads were stopped: 0.0000950 seconds, Stopping threads took: 0.0000232 seconds
[2019-06-24T10:05:35.709+0000][1][safepoint    ] Application time: 1.0001627 seconds
[2019-06-24T10:05:35.709+0000][1][safepoint    ] Entering safepoint region: Cleanup
[2019-06-24T10:05:35.709+0000][1][safepoint    ] Leaving safepoint region
[2019-06-24T10:05:35.709+0000][1][safepoint    ] Total time for which application threads were stopped: 0.0003008 seconds, Stopping threads took: 0.0000903 seconds
[2019-06-24T10:05:36.709+0000][1][safepoint    ] Application time: 1.0001844 seconds
[2019-06-24T10:05:36.709+0000][1][safepoint    ] Entering safepoint region: Cleanup
[2019-06-24T10:05:36.710+0000][1][safepoint    ] Leaving safepoint region
[2019-06-24T10:05:36.710+0000][1][safepoint    ] Total time for which application threads were stopped: 0.0002364 seconds, Stopping threads took: 0.0000782 seconds
[2019-06-24T10:05:37.710+0000][1][safepoint    ] Application time: 1.0002446 seconds
[2019-06-24T10:05:37.710+0000][1][safepoint    ] Entering safepoint region: Cleanup
[2019-06-24T10:05:37.710+0000][1][safepoint    ] Leaving safepoint region
[2019-06-24T10:05:37.710+0000][1][safepoint    ] Total time for which application threads were stopped: 0.0003181 seconds, Stopping threads took: 0.0001048 seconds
[2019-06-24T10:05:38.711+0000][1][safepoint    ] Application time: 1.0002147 seconds
[2019-06-24T10:05:38.711+0000][1][safepoint    ] Entering safepoint region: Cleanup
[2019-06-24T10:05:38.711+0000][1][safepoint    ] Leaving safepoint region
[2019-06-24T10:05:38.711+0000][1][safepoint    ] Total time for which application threads were stopped: 0.0006099 seconds, Stopping threads took: 0.0004091 seconds
[2019-06-24T10:05:39.712+0000][1][safepoint    ] Application time: 1.0001369 seconds
[2019-06-24T10:05:39.712+0000][1][safepoint    ] Entering safepoint region: Cleanup
[2019-06-24T10:05:39.712+0000][1][safepoint    ] Leaving safepoint region
[2019-06-24T10:05:39.712+0000][1][safepoint    ] Total time for which application threads were stopped: 0.0000943 seconds, Stopping threads took: 0.0000318 seconds
[2019-06-24T10:05:40.712+0000][1][safepoint    ] Application time: 1.0002478 seconds
[2019-06-24T10:05:40.712+0000][1][safepoint    ] Entering safepoint region: Cleanup
[2019-06-24T10:05:40.712+0000][1][safepoint    ] Leaving safepoint region
[2019-06-24T10:05:40.712+0000][1][safepoint    ] Total time for which application threads were stopped: 0.0002755 seconds, Stopping threads took: 0.0000982 seconds
[2019-06-24T10:05:41.713+0000][1][safepoint    ] Application time: 1.0002624 seconds
[2019-06-24T10:05:41.713+0000][1][safepoint    ] Entering safepoint region: Cleanup
[2019-06-24T10:05:41.713+0000][1][safepoint    ] Leaving safepoint region
[2019-06-24T10:05:41.713+0000][1][safepoint    ] Total time for which application threads were stopped: 0.0002463 seconds, Stopping threads took: 0.0000634 seconds
[2019-06-24T10:05:42.713+0000][1][safepoint    ] Application time: 1.0001431 seconds
[2019-06-24T10:05:42.713+0000][1][safepoint    ] Entering safepoint region: Cleanup
[2019-06-24T10:05:42.713+0000][1][safepoint    ] Leaving safepoint region
[2019-06-24T10:05:42.713+0000][1][safepoint    ] Total time for which application threads were stopped: 0.0001123 seconds, Stopping threads took: 0.0000282 seconds
[2019-06-24T10:05:43.714+0000][1][safepoint    ] Application time: 1.0002499 seconds
[2019-06-24T10:05:43.714+0000][1][safepoint    ] Entering safepoint region: Cleanup
[2019-06-24T10:05:43.715+0000][1][safepoint    ] Leaving safepoint region
[2019-06-24T10:05:43.715+0000][1][safepoint    ] Total time for which application threads were stopped: 0.0012695 seconds, Stopping threads took: 0.0010276 seconds
[2019-06-24T10:05:44.715+0000][1][safepoint    ] Application time: 1.0001422 seconds
[2019-06-24T10:05:44.715+0000][1][safepoint    ] Entering safepoint region: Cleanup
[2019-06-24T10:05:44.715+0000][1][safepoint    ] Leaving safepoint region
[2019-06-24T10:05:44.715+0000][1][safepoint    ] Total time for which application threads were stopped: 0.0000755 seconds, Stopping threads took: 0.0000208 seconds
[2019-06-24T10:05:45.715+0000][1][safepoint    ] Application time: 1.0002460 seconds
[2019-06-24T10:05:45.716+0000][1][safepoint    ] Entering safepoint region: Cleanup
[2019-06-24T10:05:45.716+0000][1][safepoint    ] Leaving safepoint region
[2019-06-24T10:05:45.716+0000][1][safepoint    ] Total time for which application threads were stopped: 0.0002443 seconds, Stopping threads took: 0.0000631 seconds
[2019-06-24T10:05:46.716+0000][1][safepoint    ] Application time: 1.0001423 seconds
[2019-06-24T10:05:46.716+0000][1][safepoint    ] Entering safepoint region: Cleanup
[2019-06-24T10:05:46.716+0000][1][safepoint    ] Leaving safepoint region
[2019-06-24T10:05:46.716+0000][1][safepoint    ] Total time for which application threads were stopped: 0.0000810 seconds, Stopping threads took: 0.0000206 seconds
[2019-06-24T10:05:47.716+0000][1][safepoint    ] Application time: 1.0001290 seconds
[2019-06-24T10:05:47.716+0000][1][safepoint    ] Entering safepoint region: Cleanup
[2019-06-24T10:05:47.717+0000][1][safepoint    ] Leaving safepoint region
[2019-06-24T10:05:47.717+0000][1][safepoint    ] Total time for which application threads were stopped: 0.0003545 seconds, Stopping threads took: 0.0001175 seconds
[2019-06-24T10:05:48.717+0000][1][safepoint    ] Application time: 1.0001944 seconds
[2019-06-24T10:05:48.717+0000][1][safepoint    ] Entering safepoint region: Cleanup
[2019-06-24T10:05:48.718+0000][1][safepoint    ] Leaving safepoint region
[2019-06-24T10:05:48.718+0000][1][safepoint    ] Total time for which application threads were stopped: 0.0012501 seconds, Stopping threads took: 0.0009514 seconds
[2019-06-24T10:05:49.719+0000][1][safepoint    ] Application time: 1.0003169 seconds
[2019-06-24T10:05:49.719+0000][1][safepoint    ] Entering safepoint region: Cleanup
[2019-06-24T10:05:49.719+0000][1][safepoint    ] Leaving safepoint region
[2019-06-24T10:05:49.719+0000][1][safepoint    ] Total time for which application threads were stopped: 0.0003203 seconds, Stopping threads took: 0.0000646 seconds
[2019-06-24T10:05:50.719+0000][1][safepoint    ] Application time: 1.0001413 seconds
[2019-06-24T10:05:50.719+0000][1][safepoint    ] Entering safepoint region: Cleanup
[2019-06-24T10:05:50.719+0000][1][safepoint    ] Leaving safepoint region
[2019-06-24T10:05:50.719+0000][1][safepoint    ] Total time for which application threads were stopped: 0.0000845 seconds, Stopping threads took: 0.0000203 seconds
[2019-06-24T10:05:51.720+0000][1][safepoint    ] Application time: 1.0002309 seconds
[2019-06-24T10:05:51.720+0000][1][safepoint    ] Entering safepoint region: Cleanup
[2019-06-24T10:05:51.720+0000][1][safepoint    ] Leaving safepoint region
[2019-06-24T10:05:51.720+0000][1][safepoint    ] Total time for which application threads were stopped: 0.0001455 seconds, Stopping threads took: 0.0000376 seconds
[2019-06-24T10:05:52.720+0000][1][safepoint    ] Application time: 1.0002005 seconds
[2019-06-24T10:05:52.720+0000][1][safepoint    ] Entering safepoint region: Cleanup
[2019-06-24T10:05:52.720+0000][1][safepoint    ] Leaving safepoint region
[2019-06-24T10:05:52.720+0000][1][safepoint    ] Total time for which application threads were stopped: 0.0002430 seconds, Stopping threads took: 0.0000632 seconds
[2019-06-24T10:05:53.721+0000][1][safepoint    ] Application time: 1.0001491 seconds
[2019-06-24T10:05:53.721+0000][1][safepoint    ] Entering safepoint region: Cleanup
[2019-06-24T10:05:53.721+0000][1][safepoint    ] Leaving safepoint region
[2019-06-24T10:05:53.721+0000][1][safepoint    ] Total time for which application threads were stopped: 0.0003815 seconds, Stopping threads took: 0.0002901 seconds
[2019-06-24T10:05:54.721+0000][1][safepoint    ] Application time: 1.0002485 seconds
[2019-06-24T10:05:54.721+0000][1][safepoint    ] Entering safepoint region: Cleanup
[2019-06-24T10:05:54.722+0000][1][safepoint    ] Leaving safepoint region
[2019-06-24T10:05:54.722+0000][1][safepoint    ] Total time for which application threads were stopped: 0.0002701 seconds, Stopping threads took: 0.0000959 seconds
[2019-06-24T10:05:55.722+0000][1][safepoint    ] Application time: 1.0003055 seconds
[2019-06-24T10:05:55.722+0000][1][safepoint    ] Entering safepoint region: Cleanup
[2019-06-24T10:05:55.722+0000][1][safepoint    ] Leaving safepoint region
[2019-06-24T10:05:55.722+0000][1][safepoint    ] Total time for which application threads were stopped: 0.0000918 seconds, Stopping threads took: 0.0000241 seconds
[2019-06-24T10:05:56.722+0000][1][safepoint    ] Application time: 1.0001692 seconds
[2019-06-24T10:05:56.722+0000][1][safepoint    ] Entering safepoint region: Cleanup
[2019-06-24T10:05:56.723+0000][1][safepoint    ] Leaving safepoint region
[2019-06-24T10:05:56.723+0000][1][safepoint    ] Total time for which application threads were stopped: 0.0003122 seconds, Stopping threads took: 0.0001348 seconds
[2019-06-24T10:05:57.723+0000][1][safepoint    ] Application time: 1.0002031 seconds
[2019-06-24T10:05:57.723+0000][1][safepoint    ] Entering safepoint region: Cleanup
[2019-06-24T10:05:57.723+0000][1][safepoint    ] Leaving safepoint region
[2019-06-24T10:05:57.723+0000][1][safepoint    ] Total time for which application threads were stopped: 0.0002708 seconds, Stopping threads took: 0.0000663 seconds
[2019-06-24T10:05:58.724+0000][1][safepoint    ] Application time: 1.0001451 seconds
[2019-06-24T10:05:58.724+0000][1][safepoint    ] Entering safepoint region: Cleanup
[2019-06-24T10:05:58.725+0000][1][safepoint    ] Leaving safepoint region
[2019-06-24T10:05:58.725+0000][1][safepoint    ] Total time for which application threads were stopped: 0.0010350 seconds, Stopping threads took: 0.0008272 seconds
[2019-06-24T10:05:59.725+0000][1][safepoint    ] Application time: 1.0002474 seconds
[2019-06-24T10:05:59.725+0000][1][safepoint    ] Entering safepoint region: Cleanup
[2019-06-24T10:05:59.725+0000][1][safepoint    ] Leaving safepoint region
[2019-06-24T10:05:59.725+0000][1][safepoint    ] Total time for which application threads were stopped: 0.0002207 seconds, Stopping threads took: 0.0000574 seconds
[2019-06-24T10:06:00.726+0000][1][safepoint    ] Application time: 1.0001958 seconds
[2019-06-24T10:06:00.726+0000][1][safepoint    ] Entering safepoint region: Cleanup
[2019-06-24T10:06:00.726+0000][1][safepoint    ] Leaving safepoint region
[2019-06-24T10:06:00.726+0000][1][safepoint    ] Total time for which application threads were stopped: 0.0002452 seconds, Stopping threads took: 0.0000638 seconds
[2019-06-24T10:06:01.726+0000][1][safepoint    ] Application time: 1.0001347 seconds
[2019-06-24T10:06:01.726+0000][1][safepoint    ] Entering safepoint region: Cleanup
[2019-06-24T10:06:01.726+0000][1][safepoint    ] Leaving safepoint region
[2019-06-24T10:06:01.726+0000][1][safepoint    ] Total time for which application threads were stopped: 0.0002460 seconds, Stopping threads took: 0.0000629 seconds
[2019-06-24T10:06:02.727+0000][1][safepoint    ] Application time: 1.0001897 seconds
[2019-06-24T10:06:02.727+0000][1][safepoint    ] Entering safepoint region: Cleanup
[2019-06-24T10:06:02.727+0000][1][safepoint    ] Leaving safepoint region
[2019-06-24T10:06:02.727+0000][1][safepoint    ] Total time for which application threads were stopped: 0.0002446 seconds, Stopping threads took: 0.0000633 seconds
[2019-06-24T10:06:03.727+0000][1][safepoint    ] Application time: 1.0001841 seconds
[2019-06-24T10:06:03.727+0000][1][safepoint    ] Entering safepoint region: Cleanup
[2019-06-24T10:06:03.728+0000][1][safepoint    ] Leaving safepoint region
[2019-06-24T10:06:03.728+0000][1][safepoint    ] Total time for which application threads were stopped: 0.0010940 seconds, Stopping threads took: 0.0008312 seconds
[2019-06-24T10:06:04.729+0000][1][safepoint    ] Application time: 1.0002486 seconds
[2019-06-24T10:06:04.729+0000][1][safepoint    ] Entering safepoint region: Cleanup
[2019-06-24T10:06:04.729+0000][1][safepoint    ] Leaving safepoint region
[2019-06-24T10:06:04.729+0000][1][safepoint    ] Total time for which application threads were stopped: 0.0002154 seconds, Stopping threads took: 0.0000562 seconds
[2019-06-24T10:06:05.729+0000][1][safepoint    ] Application time: 1.0000913 seconds
[2019-06-24T10:06:05.729+0000][1][safepoint    ] Entering safepoint region: Cleanup
[2019-06-24T10:06:05.729+0000][1][safepoint    ] Leaving safepoint region
[2019-06-24T10:06:05.729+0000][1][safepoint    ] Total time for which application threads were stopped: 0.0001015 seconds, Stopping threads took: 0.0000250 seconds
[2019-06-24T10:06:06.729+0000][1][safepoint    ] Application time: 1.0002333 seconds
[2019-06-24T10:06:06.730+0000][1][safepoint    ] Entering safepoint region: Cleanup
[2019-06-24T10:06:06.730+0000][1][safepoint    ] Leaving safepoint region
[2019-06-24T10:06:06.730+0000][1][safepoint    ] Total time for which application threads were stopped: 0.0002157 seconds, Stopping threads took: 0.0000554 seconds
[2019-06-24T10:06:07.730+0000][1][safepoint    ] Application time: 1.0002601 seconds
[2019-06-24T10:06:07.730+0000][1][safepoint    ] Entering safepoint region: Cleanup
[2019-06-24T10:06:07.730+0000][1][safepoint    ] Leaving safepoint region
[2019-06-24T10:06:07.731+0000][1][safepoint    ] Total time for which application threads were stopped: 0.0003764 seconds, Stopping threads took: 0.0000956 seconds
[2019-06-24T10:06:08.731+0000][1][safepoint    ] Application time: 1.0002300 seconds
[2019-06-24T10:06:08.731+0000][1][safepoint    ] Entering safepoint region: Cleanup
[2019-06-24T10:06:08.732+0000][1][safepoint    ] Leaving safepoint region
[2019-06-24T10:06:08.732+0000][1][safepoint    ] Total time for which application threads were stopped: 0.0012410 seconds, Stopping threads took: 0.0009192 seconds
[2019-06-24T10:06:09.732+0000][1][safepoint    ] Application time: 1.0001721 seconds
[2019-06-24T10:06:09.733+0000][1][safepoint    ] Entering safepoint region: Cleanup
[2019-06-24T10:06:09.733+0000][1][safepoint    ] Leaving safepoint region
[2019-06-24T10:06:09.733+0000][1][safepoint    ] Total time for which application threads were stopped: 0.0002475 seconds, Stopping threads took: 0.0000648 seconds
[2019-06-24T10:06:10.733+0000][1][safepoint    ] Application time: 1.0001375 seconds
[2019-06-24T10:06:10.733+0000][1][safepoint    ] Entering safepoint region: Cleanup
[2019-06-24T10:06:10.733+0000][1][safepoint    ] Leaving safepoint region
[2019-06-24T10:06:10.733+0000][1][safepoint    ] Total time for which application threads were stopped: 0.0002380 seconds, Stopping threads took: 0.0000662 seconds
[2019-06-24T10:06:11.734+0000][1][safepoint    ] Application time: 1.0002579 seconds
[2019-06-24T10:06:11.734+0000][1][safepoint    ] Entering safepoint region: Cleanup
[2019-06-24T10:06:11.734+0000][1][safepoint    ] Leaving safepoint region
[2019-06-24T10:06:11.734+0000][1][safepoint    ] Total time for which application threads were stopped: 0.0002453 seconds, Stopping threads took: 0.0000640 seconds
[2019-06-24T10:06:12.734+0000][1][safepoint    ] Application time: 1.0002600 seconds
[2019-06-24T10:06:12.734+0000][1][safepoint    ] Entering safepoint region: Cleanup
[2019-06-24T10:06:12.735+0000][1][safepoint    ] Leaving safepoint region
[2019-06-24T10:06:12.735+0000][1][safepoint    ] Total time for which application threads were stopped: 0.0003346 seconds, Stopping threads took: 0.0000642 seconds
[2019-06-24T10:06:12.992+0000][1][safepoint    ] Application time: 0.2571241 seconds
[2019-06-24T10:06:12.992+0000][1][safepoint    ] Entering safepoint region: GenCollectForAllocation
[2019-06-24T10:06:12.992+0000][1][gc,start     ] GC(28) Pause Young (Allocation Failure)
[2019-06-24T10:06:12.992+0000][1][gc,task      ] GC(28) Using 5 workers of 8 for evacuation
[2019-06-24T10:06:12.999+0000][1][gc,age       ] GC(28) Desired survivor size 4456448 bytes, new threshold 6 (max threshold 6)
[2019-06-24T10:06:12.999+0000][1][gc,age       ] GC(28) Age table with threshold 6 (max threshold 6)
[2019-06-24T10:06:12.999+0000][1][gc,age       ] GC(28) - age   1:       6424 bytes,       6424 total
[2019-06-24T10:06:12.999+0000][1][gc,age       ] GC(28) - age   2:      71872 bytes,      78296 total
[2019-06-24T10:06:12.999+0000][1][gc,age       ] GC(28) - age   3:       3312 bytes,      81608 total
[2019-06-24T10:06:12.999+0000][1][gc,age       ] GC(28) - age   4:     113688 bytes,     195296 total
[2019-06-24T10:06:12.999+0000][1][gc,age       ] GC(28) - age   5:       3840 bytes,     199136 total
[2019-06-24T10:06:12.999+0000][1][gc,age       ] GC(28) - age   6:      10112 bytes,     209248 total
[2019-06-24T10:06:12.999+0000][1][gc,heap      ] GC(28) ParNew: 73851K->1380K(78656K)
[2019-06-24T10:06:12.999+0000][1][gc,heap      ] GC(28) CMS: 67197K->69271K(174784K)
[2019-06-24T10:06:12.999+0000][1][gc,metaspace ] GC(28) Metaspace: 68042K->68042K(1112064K)
[2019-06-24T10:06:12.999+0000][1][gc           ] GC(28) Pause Young (Allocation Failure) 137M->68M(247M) 6.566ms
[2019-06-24T10:06:12.999+0000][1][gc,cpu       ] GC(28) User=0.03s Sys=0.00s Real=0.01s
[2019-06-24T10:06:12.999+0000][1][safepoint    ] Leaving safepoint region
[2019-06-24T10:06:12.999+0000][1][safepoint    ] Total time for which application threads were stopped: 0.0068600 seconds, Stopping threads took: 0.0000496 seconds
[2019-06-24T10:06:14.792+0000][1][safepoint    ] Application time: 1.7933654 seconds
[2019-06-24T10:06:14.792+0000][1][safepoint    ] Entering safepoint region: Cleanup
[2019-06-24T10:06:14.793+0000][1][safepoint    ] Leaving safepoint region
[2019-06-24T10:06:14.793+0000][1][safepoint    ] Total time for which application threads were stopped: 0.0002648 seconds, Stopping threads took: 0.0000627 seconds
[2019-06-24T10:06:15.793+0000][1][safepoint    ] Application time: 1.0002631 seconds
[2019-06-24T10:06:15.793+0000][1][safepoint    ] Entering safepoint region: Cleanup
[2019-06-24T10:06:15.793+0000][1][safepoint    ] Leaving safepoint region
[2019-06-24T10:06:15.793+0000][1][safepoint    ] Total time for which application threads were stopped: 0.0002634 seconds, Stopping threads took: 0.0000748 seconds
[2019-06-24T10:06:16.794+0000][1][safepoint    ] Application time: 1.0002604 seconds
[2019-06-24T10:06:16.794+0000][1][safepoint    ] Entering safepoint region: Cleanup
[2019-06-24T10:06:16.794+0000][1][safepoint    ] Leaving safepoint region
[2019-06-24T10:06:16.794+0000][1][safepoint    ] Total time for which application threads were stopped: 0.0002403 seconds, Stopping threads took: 0.0000627 seconds
[2019-06-24T10:06:17.794+0000][1][safepoint    ] Application time: 1.0002353 seconds
[2019-06-24T10:06:17.794+0000][1][safepoint    ] Entering safepoint region: Cleanup
[2019-06-24T10:06:17.794+0000][1][safepoint    ] Leaving safepoint region
[2019-06-24T10:06:17.794+0000][1][safepoint    ] Total time for which application threads were stopped: 0.0001048 seconds, Stopping threads took: 0.0000256 seconds
[2019-06-24T10:06:18.795+0000][1][safepoint    ] Application time: 1.0002089 seconds
[2019-06-24T10:06:18.795+0000][1][safepoint    ] Entering safepoint region: Cleanup
[2019-06-24T10:06:18.795+0000][1][safepoint    ] Leaving safepoint region
[2019-06-24T10:06:18.795+0000][1][safepoint    ] Total time for which application threads were stopped: 0.0002746 seconds, Stopping threads took: 0.0000758 seconds
[2019-06-24T10:06:19.795+0000][1][safepoint    ] Application time: 1.0000988 seconds
[2019-06-24T10:06:19.795+0000][1][safepoint    ] Entering safepoint region: Cleanup
[2019-06-24T10:06:19.795+0000][1][safepoint    ] Leaving safepoint region
[2019-06-24T10:06:19.795+0000][1][safepoint    ] Total time for which application threads were stopped: 0.0001518 seconds, Stopping threads took: 0.0000460 seconds
[2019-06-24T10:06:20.796+0000][1][safepoint    ] Application time: 1.0002447 seconds
[2019-06-24T10:06:20.796+0000][1][safepoint    ] Entering safepoint region: Cleanup
[2019-06-24T10:06:20.796+0000][1][safepoint    ] Leaving safepoint region
[2019-06-24T10:06:20.796+0000][1][safepoint    ] Total time for which application threads were stopped: 0.0003034 seconds, Stopping threads took: 0.0000931 seconds
[2019-06-24T10:06:21.796+0000][1][safepoint    ] Application time: 1.0002592 seconds
[2019-06-24T10:06:21.796+0000][1][safepoint    ] Entering safepoint region: Cleanup
[2019-06-24T10:06:21.797+0000][1][safepoint    ] Leaving safepoint region
[2019-06-24T10:06:21.797+0000][1][safepoint    ] Total time for which application threads were stopped: 0.0002883 seconds, Stopping threads took: 0.0000809 seconds
[2019-06-24T10:06:22.797+0000][1][safepoint    ] Application time: 1.0001820 seconds
[2019-06-24T10:06:22.797+0000][1][safepoint    ] Entering safepoint region: Cleanup
[2019-06-24T10:06:22.797+0000][1][safepoint    ] Leaving safepoint region
[2019-06-24T10:06:22.797+0000][1][safepoint    ] Total time for which application threads were stopped: 0.0004471 seconds, Stopping threads took: 0.0001914 seconds
[2019-06-24T10:06:23.798+0000][1][safepoint    ] Application time: 1.0002680 seconds
[2019-06-24T10:06:23.798+0000][1][safepoint    ] Entering safepoint region: Cleanup
[2019-06-24T10:06:23.798+0000][1][safepoint    ] Leaving safepoint region
[2019-06-24T10:06:23.798+0000][1][safepoint    ] Total time for which application threads were stopped: 0.0002390 seconds, Stopping threads took: 0.0000624 seconds
[2019-06-24T10:06:24.798+0000][1][safepoint    ] Application time: 1.0000954 seconds
[2019-06-24T10:06:24.798+0000][1][safepoint    ] Entering safepoint region: Cleanup
[2019-06-24T10:06:24.798+0000][1][safepoint    ] Leaving safepoint region
[2019-06-24T10:06:24.798+0000][1][safepoint    ] Total time for which application threads were stopped: 0.0000800 seconds, Stopping threads took: 0.0000227 seconds
[2019-06-24T10:06:25.799+0000][1][safepoint    ] Application time: 1.0002913 seconds
[2019-06-24T10:06:25.799+0000][1][safepoint    ] Entering safepoint region: Cleanup
[2019-06-24T10:06:25.800+0000][1][safepoint    ] Leaving safepoint region
[2019-06-24T10:06:25.800+0000][1][safepoint    ] Total time for which application threads were stopped: 0.0012652 seconds, Stopping threads took: 0.0010177 seconds
[2019-06-24T10:06:26.800+0000][1][safepoint    ] Application time: 1.0002942 seconds
[2019-06-24T10:06:26.801+0000][1][safepoint    ] Entering safepoint region: Cleanup
[2019-06-24T10:06:26.801+0000][1][safepoint    ] Leaving safepoint region
[2019-06-24T10:06:26.801+0000][1][safepoint    ] Total time for which application threads were stopped: 0.0002800 seconds, Stopping threads took: 0.0000647 seconds
[2019-06-24T10:06:27.801+0000][1][safepoint    ] Application time: 1.0001624 seconds
[2019-06-24T10:06:27.801+0000][1][safepoint    ] Entering safepoint region: Cleanup
[2019-06-24T10:06:27.801+0000][1][safepoint    ] Leaving safepoint region
[2019-06-24T10:06:27.801+0000][1][safepoint    ] Total time for which application threads were stopped: 0.0003373 seconds, Stopping threads took: 0.0001577 seconds
[2019-06-24T10:06:28.802+0000][1][safepoint    ] Application time: 1.0001986 seconds
[2019-06-24T10:06:28.802+0000][1][safepoint    ] Entering safepoint region: Cleanup
[2019-06-24T10:06:28.802+0000][1][safepoint    ] Leaving safepoint region
[2019-06-24T10:06:28.802+0000][1][safepoint    ] Total time for which application threads were stopped: 0.0002665 seconds, Stopping threads took: 0.0000961 seconds
[2019-06-24T10:06:29.802+0000][1][safepoint    ] Application time: 1.0001706 seconds
[2019-06-24T10:06:29.802+0000][1][safepoint    ] Entering safepoint region: Cleanup
[2019-06-24T10:06:29.803+0000][1][safepoint    ] Leaving safepoint region
[2019-06-24T10:06:29.803+0000][1][safepoint    ] Total time for which application threads were stopped: 0.0002885 seconds, Stopping threads took: 0.0000562 seconds
[2019-06-24T10:06:30.803+0000][1][safepoint    ] Application time: 1.0001518 seconds
[2019-06-24T10:06:30.803+0000][1][safepoint    ] Entering safepoint region: Cleanup
[2019-06-24T10:06:30.803+0000][1][safepoint    ] Leaving safepoint region
[2019-06-24T10:06:30.803+0000][1][safepoint    ] Total time for which application threads were stopped: 0.0002710 seconds, Stopping threads took: 0.0000786 seconds
[2019-06-24T10:06:31.803+0000][1][safepoint    ] Application time: 1.0001872 seconds
[2019-06-24T10:06:31.804+0000][1][safepoint    ] Entering safepoint region: Cleanup
[2019-06-24T10:06:31.804+0000][1][safepoint    ] Leaving safepoint region
[2019-06-24T10:06:31.804+0000][1][safepoint    ] Total time for which application threads were stopped: 0.0002462 seconds, Stopping threads took: 0.0000661 seconds
[2019-06-24T10:06:32.804+0000][1][safepoint    ] Application time: 1.0001764 seconds
[2019-06-24T10:06:32.804+0000][1][safepoint    ] Entering safepoint region: Cleanup
[2019-06-24T10:06:32.804+0000][1][safepoint    ] Leaving safepoint region
[2019-06-24T10:06:32.804+0000][1][safepoint    ] Total time for which application threads were stopped: 0.0003373 seconds, Stopping threads took: 0.0001353 seconds
[2019-06-24T10:06:33.805+0000][1][safepoint    ] Application time: 1.0002154 seconds
[2019-06-24T10:06:33.805+0000][1][safepoint    ] Entering safepoint region: Cleanup
[2019-06-24T10:06:33.805+0000][1][safepoint    ] Leaving safepoint region
[2019-06-24T10:06:33.805+0000][1][safepoint    ] Total time for which application threads were stopped: 0.0002539 seconds, Stopping threads took: 0.0000590 seconds
[2019-06-24T10:06:34.805+0000][1][safepoint    ] Application time: 1.0002803 seconds
[2019-06-24T10:06:34.806+0000][1][safepoint    ] Entering safepoint region: Cleanup
[2019-06-24T10:06:34.806+0000][1][safepoint    ] Leaving safepoint region
[2019-06-24T10:06:34.806+0000][1][safepoint    ] Total time for which application threads were stopped: 0.0002690 seconds, Stopping threads took: 0.0000949 seconds
[2019-06-24T10:06:35.806+0000][1][safepoint    ] Application time: 1.0001357 seconds
[2019-06-24T10:06:35.806+0000][1][safepoint    ] Entering safepoint region: Cleanup
[2019-06-24T10:06:35.806+0000][1][safepoint    ] Leaving safepoint region
[2019-06-24T10:06:35.806+0000][1][safepoint    ] Total time for which application threads were stopped: 0.0000791 seconds, Stopping threads took: 0.0000209 seconds
[2019-06-24T10:06:36.806+0000][1][safepoint    ] Application time: 1.0002530 seconds
[2019-06-24T10:06:36.807+0000][1][safepoint    ] Entering safepoint region: Cleanup
[2019-06-24T10:06:36.807+0000][1][safepoint    ] Leaving safepoint region
[2019-06-24T10:06:36.807+0000][1][safepoint    ] Total time for which application threads were stopped: 0.0003368 seconds, Stopping threads took: 0.0001456 seconds
[2019-06-24T10:06:37.807+0000][1][safepoint    ] Application time: 1.0000687 seconds
[2019-06-24T10:06:37.807+0000][1][safepoint    ] Entering safepoint region: Cleanup
[2019-06-24T10:06:37.807+0000][1][safepoint    ] Leaving safepoint region
[2019-06-24T10:06:37.807+0000][1][safepoint    ] Total time for which application threads were stopped: 0.0000963 seconds, Stopping threads took: 0.0000267 seconds
[2019-06-24T10:06:38.807+0000][1][safepoint    ] Application time: 1.0001215 seconds
[2019-06-24T10:06:38.807+0000][1][safepoint    ] Entering safepoint region: Cleanup
[2019-06-24T10:06:38.807+0000][1][safepoint    ] Leaving safepoint region
[2019-06-24T10:06:38.807+0000][1][safepoint    ] Total time for which application threads were stopped: 0.0001066 seconds, Stopping threads took: 0.0000404 seconds
[2019-06-24T10:06:39.807+0000][1][safepoint    ] Application time: 1.0000786 seconds
[2019-06-24T10:06:39.807+0000][1][safepoint    ] Entering safepoint region: Cleanup
[2019-06-24T10:06:39.807+0000][1][safepoint    ] Leaving safepoint region
[2019-06-24T10:06:39.807+0000][1][safepoint    ] Total time for which application threads were stopped: 0.0000862 seconds, Stopping threads took: 0.0000311 seconds
[2019-06-24T10:06:40.808+0000][1][safepoint    ] Application time: 1.0000828 seconds
[2019-06-24T10:06:40.808+0000][1][safepoint    ] Entering safepoint region: Cleanup
[2019-06-24T10:06:40.808+0000][1][safepoint    ] Leaving safepoint region
[2019-06-24T10:06:40.808+0000][1][safepoint    ] Total time for which application threads were stopped: 0.0001192 seconds, Stopping threads took: 0.0000292 seconds
[2019-06-24T10:06:41.808+0000][1][safepoint    ] Application time: 1.0000917 seconds
[2019-06-24T10:06:41.808+0000][1][safepoint    ] Entering safepoint region: Cleanup
[2019-06-24T10:06:41.808+0000][1][safepoint    ] Leaving safepoint region
[2019-06-24T10:06:41.808+0000][1][safepoint    ] Total time for which application threads were stopped: 0.0001294 seconds, Stopping threads took: 0.0000298 seconds
[2019-06-24T10:06:42.808+0000][1][safepoint    ] Application time: 1.0000863 seconds
[2019-06-24T10:06:42.808+0000][1][safepoint    ] Entering safepoint region: Cleanup
[2019-06-24T10:06:42.808+0000][1][safepoint    ] Leaving safepoint region
[2019-06-24T10:06:42.808+0000][1][safepoint    ] Total time for which application threads were stopped: 0.0001203 seconds, Stopping threads took: 0.0000303 seconds
[2019-06-24T10:06:43.808+0000][1][safepoint    ] Application time: 1.0001190 seconds
[2019-06-24T10:06:43.809+0000][1][safepoint    ] Entering safepoint region: Cleanup
[2019-06-24T10:06:43.809+0000][1][safepoint    ] Leaving safepoint region
[2019-06-24T10:06:43.809+0000][1][safepoint    ] Total time for which application threads were stopped: 0.0000891 seconds, Stopping threads took: 0.0000243 seconds
[2019-06-24T10:06:44.809+0000][1][safepoint    ] Application time: 1.0000872 seconds
[2019-06-24T10:06:44.809+0000][1][safepoint    ] Entering safepoint region: Cleanup
[2019-06-24T10:06:44.809+0000][1][safepoint    ] Leaving safepoint region
[2019-06-24T10:06:44.809+0000][1][safepoint    ] Total time for which application threads were stopped: 0.0001234 seconds, Stopping threads took: 0.0000321 seconds
[2019-06-24T10:06:45.809+0000][1][safepoint    ] Application time: 1.0000861 seconds
[2019-06-24T10:06:45.809+0000][1][safepoint    ] Entering safepoint region: Cleanup
[2019-06-24T10:06:45.809+0000][1][safepoint    ] Leaving safepoint region
[2019-06-24T10:06:45.809+0000][1][safepoint    ] Total time for which application threads were stopped: 0.0001143 seconds, Stopping threads took: 0.0000290 seconds
[2019-06-24T10:06:46.809+0000][1][safepoint    ] Application time: 1.0001265 seconds
[2019-06-24T10:06:46.809+0000][1][safepoint    ] Entering safepoint region: Cleanup
[2019-06-24T10:06:46.809+0000][1][safepoint    ] Leaving safepoint region
[2019-06-24T10:06:46.809+0000][1][safepoint    ] Total time for which application threads were stopped: 0.0000959 seconds, Stopping threads took: 0.0000321 seconds
[2019-06-24T10:06:47.525+0000][1][safepoint    ] Application time: 0.7155692 seconds
[2019-06-24T10:06:47.525+0000][1][safepoint    ] Entering safepoint region: RevokeBias
[2019-06-24T10:06:47.525+0000][1][safepoint    ] Leaving safepoint region
[2019-06-24T10:06:47.525+0000][1][safepoint    ] Total time for which application threads were stopped: 0.0003351 seconds, Stopping threads took: 0.0000711 seconds
[2019-06-24T10:06:47.526+0000][1][safepoint    ] Application time: 0.0010150 seconds
[2019-06-24T10:06:47.526+0000][1][safepoint    ] Entering safepoint region: RevokeBias
[2019-06-24T10:06:47.527+0000][1][safepoint    ] Leaving safepoint region
[2019-06-24T10:06:47.527+0000][1][safepoint    ] Total time for which application threads were stopped: 0.0002049 seconds, Stopping threads took: 0.0000707 seconds
[2019-06-24T10:06:48.527+0000][1][safepoint    ] Application time: 1.0001306 seconds
[2019-06-24T10:06:48.527+0000][1][safepoint    ] Entering safepoint region: Cleanup
[2019-06-24T10:06:48.527+0000][1][safepoint    ] Leaving safepoint region
[2019-06-24T10:06:48.527+0000][1][safepoint    ] Total time for which application threads were stopped: 0.0001829 seconds, Stopping threads took: 0.0001078 seconds
[2019-06-24T10:06:49.527+0000][1][safepoint    ] Application time: 1.0001637 seconds
[2019-06-24T10:06:49.527+0000][1][safepoint    ] Entering safepoint region: Cleanup
[2019-06-24T10:06:49.528+0000][1][safepoint    ] Leaving safepoint region
[2019-06-24T10:06:49.528+0000][1][safepoint    ] Total time for which application threads were stopped: 0.0002380 seconds, Stopping threads took: 0.0000657 seconds
[2019-06-24T10:06:50.528+0000][1][safepoint    ] Application time: 1.0001963 seconds
[2019-06-24T10:06:50.528+0000][1][safepoint    ] Entering safepoint region: Cleanup
[2019-06-24T10:06:50.528+0000][1][safepoint    ] Leaving safepoint region
[2019-06-24T10:06:50.528+0000][1][safepoint    ] Total time for which application threads were stopped: 0.0002343 seconds, Stopping threads took: 0.0000625 seconds
[2019-06-24T10:06:51.528+0000][1][safepoint    ] Application time: 1.0001631 seconds
[2019-06-24T10:06:51.528+0000][1][safepoint    ] Entering safepoint region: Cleanup
[2019-06-24T10:06:51.529+0000][1][safepoint    ] Leaving safepoint region
[2019-06-24T10:06:51.529+0000][1][safepoint    ] Total time for which application threads were stopped: 0.0002244 seconds, Stopping threads took: 0.0000604 seconds
[2019-06-24T10:06:52.529+0000][1][safepoint    ] Application time: 1.0002265 seconds
[2019-06-24T10:06:52.529+0000][1][safepoint    ] Entering safepoint region: Cleanup
[2019-06-24T10:06:52.529+0000][1][safepoint    ] Leaving safepoint region
[2019-06-24T10:06:52.529+0000][1][safepoint    ] Total time for which application threads were stopped: 0.0002405 seconds, Stopping threads took: 0.0000634 seconds
[2019-06-24T10:06:53.529+0000][1][safepoint    ] Application time: 1.0001948 seconds
[2019-06-24T10:06:53.530+0000][1][safepoint    ] Entering safepoint region: Cleanup
[2019-06-24T10:06:53.530+0000][1][safepoint    ] Leaving safepoint region
[2019-06-24T10:06:53.530+0000][1][safepoint    ] Total time for which application threads were stopped: 0.0003668 seconds, Stopping threads took: 0.0000862 seconds
[2019-06-24T10:06:54.530+0000][1][safepoint    ] Application time: 1.0002754 seconds
[2019-06-24T10:06:54.530+0000][1][safepoint    ] Entering safepoint region: Cleanup
[2019-06-24T10:06:54.531+0000][1][safepoint    ] Leaving safepoint region
[2019-06-24T10:06:54.531+0000][1][safepoint    ] Total time for which application threads were stopped: 0.0003373 seconds, Stopping threads took: 0.0000637 seconds
[2019-06-24T10:06:55.531+0000][1][safepoint    ] Application time: 1.0002228 seconds
[2019-06-24T10:06:55.531+0000][1][safepoint    ] Entering safepoint region: Cleanup
[2019-06-24T10:06:55.531+0000][1][safepoint    ] Leaving safepoint region
[2019-06-24T10:06:55.531+0000][1][safepoint    ] Total time for which application threads were stopped: 0.0002379 seconds, Stopping threads took: 0.0000633 seconds
[2019-06-24T10:06:56.532+0000][1][safepoint    ] Application time: 1.0002486 seconds
[2019-06-24T10:06:56.532+0000][1][safepoint    ] Entering safepoint region: Cleanup
[2019-06-24T10:06:56.532+0000][1][safepoint    ] Leaving safepoint region
[2019-06-24T10:06:56.532+0000][1][safepoint    ] Total time for which application threads were stopped: 0.0002813 seconds, Stopping threads took: 0.0000725 seconds
[2019-06-24T10:06:57.532+0000][1][safepoint    ] Application time: 1.0002819 seconds
[2019-06-24T10:06:57.533+0000][1][safepoint    ] Entering safepoint region: Cleanup
[2019-06-24T10:06:57.533+0000][1][safepoint    ] Leaving safepoint region
[2019-06-24T10:06:57.533+0000][1][safepoint    ] Total time for which application threads were stopped: 0.0002820 seconds, Stopping threads took: 0.0000746 seconds
[2019-06-24T10:06:58.533+0000][1][safepoint    ] Application time: 1.0001573 seconds
[2019-06-24T10:06:58.533+0000][1][safepoint    ] Entering safepoint region: Cleanup
[2019-06-24T10:06:58.533+0000][1][safepoint    ] Leaving safepoint region
[2019-06-24T10:06:58.533+0000][1][safepoint    ] Total time for which application threads were stopped: 0.0001073 seconds, Stopping threads took: 0.0000294 seconds
[2019-06-24T10:06:59.533+0000][1][safepoint    ] Application time: 1.0001836 seconds
[2019-06-24T10:06:59.533+0000][1][safepoint    ] Entering safepoint region: Cleanup
[2019-06-24T10:06:59.534+0000][1][safepoint    ] Leaving safepoint region
[2019-06-24T10:06:59.534+0000][1][safepoint    ] Total time for which application threads were stopped: 0.0003368 seconds, Stopping threads took: 0.0000878 seconds
[2019-06-24T10:07:00.534+0000][1][safepoint    ] Application time: 1.0001795 seconds
[2019-06-24T10:07:00.534+0000][1][safepoint    ] Entering safepoint region: Cleanup
[2019-06-24T10:07:00.534+0000][1][safepoint    ] Leaving safepoint region
[2019-06-24T10:07:00.534+0000][1][safepoint    ] Total time for which application threads were stopped: 0.0000954 seconds, Stopping threads took: 0.0000251 seconds
[2019-06-24T10:07:01.534+0000][1][safepoint    ] Application time: 1.0000923 seconds
[2019-06-24T10:07:01.534+0000][1][safepoint    ] Entering safepoint region: Cleanup
[2019-06-24T10:07:01.534+0000][1][safepoint    ] Leaving safepoint region
[2019-06-24T10:07:01.534+0000][1][safepoint    ] Total time for which application threads were stopped: 0.0000994 seconds, Stopping threads took: 0.0000271 seconds
[2019-06-24T10:07:02.535+0000][1][safepoint    ] Application time: 1.0002640 seconds
[2019-06-24T10:07:02.535+0000][1][safepoint    ] Entering safepoint region: Cleanup
[2019-06-24T10:07:02.535+0000][1][safepoint    ] Leaving safepoint region
[2019-06-24T10:07:02.535+0000][1][safepoint    ] Total time for which application threads were stopped: 0.0002389 seconds, Stopping threads took: 0.0000653 seconds
[2019-06-24T10:07:03.535+0000][1][safepoint    ] Application time: 1.0002594 seconds
[2019-06-24T10:07:03.535+0000][1][safepoint    ] Entering safepoint region: Cleanup
[2019-06-24T10:07:03.536+0000][1][safepoint    ] Leaving safepoint region
[2019-06-24T10:07:03.536+0000][1][safepoint    ] Total time for which application threads were stopped: 0.0002986 seconds, Stopping threads took: 0.0001211 seconds
[2019-06-24T10:07:04.536+0000][1][safepoint    ] Application time: 1.0002530 seconds
[2019-06-24T10:07:04.536+0000][1][safepoint    ] Entering safepoint region: Cleanup
[2019-06-24T10:07:04.536+0000][1][safepoint    ] Leaving safepoint region
[2019-06-24T10:07:04.536+0000][1][safepoint    ] Total time for which application threads were stopped: 0.0002369 seconds, Stopping threads took: 0.0000641 seconds
[2019-06-24T10:07:05.537+0000][1][safepoint    ] Application time: 1.0002631 seconds
[2019-06-24T10:07:05.537+0000][1][safepoint    ] Entering safepoint region: Cleanup
[2019-06-24T10:07:05.537+0000][1][safepoint    ] Leaving safepoint region
[2019-06-24T10:07:05.537+0000][1][safepoint    ] Total time for which application threads were stopped: 0.0002533 seconds, Stopping threads took: 0.0000636 seconds
[2019-06-24T10:07:06.537+0000][1][safepoint    ] Application time: 1.0002795 seconds
[2019-06-24T10:07:06.538+0000][1][safepoint    ] Entering safepoint region: Cleanup
[2019-06-24T10:07:06.538+0000][1][safepoint    ] Leaving safepoint region
[2019-06-24T10:07:06.538+0000][1][safepoint    ] Total time for which application threads were stopped: 0.0002473 seconds, Stopping threads took: 0.0000629 seconds
[2019-06-24T10:07:07.538+0000][1][safepoint    ] Application time: 1.0002597 seconds
[2019-06-24T10:07:07.538+0000][1][safepoint    ] Entering safepoint region: Cleanup
[2019-06-24T10:07:07.538+0000][1][safepoint    ] Leaving safepoint region
[2019-06-24T10:07:07.538+0000][1][safepoint    ] Total time for which application threads were stopped: 0.0002449 seconds, Stopping threads took: 0.0000634 seconds
[2019-06-24T10:07:08.539+0000][1][safepoint    ] Application time: 1.0001654 seconds
[2019-06-24T10:07:08.539+0000][1][safepoint    ] Entering safepoint region: Cleanup
[2019-06-24T10:07:08.539+0000][1][safepoint    ] Leaving safepoint region
[2019-06-24T10:07:08.539+0000][1][safepoint    ] Total time for which application threads were stopped: 0.0002400 seconds, Stopping threads took: 0.0000679 seconds
[2019-06-24T10:07:09.539+0000][1][safepoint    ] Application time: 1.0002405 seconds
[2019-06-24T10:07:09.539+0000][1][safepoint    ] Entering safepoint region: Cleanup
[2019-06-24T10:07:09.540+0000][1][safepoint    ] Leaving safepoint region
[2019-06-24T10:07:09.540+0000][1][safepoint    ] Total time for which application threads were stopped: 0.0002451 seconds, Stopping threads took: 0.0000633 seconds
[2019-06-24T10:07:10.540+0000][1][safepoint    ] Application time: 1.0002425 seconds
[2019-06-24T10:07:10.540+0000][1][safepoint    ] Entering safepoint region: Cleanup
[2019-06-24T10:07:10.540+0000][1][safepoint    ] Leaving safepoint region
[2019-06-24T10:07:10.540+0000][1][safepoint    ] Total time for which application threads were stopped: 0.0002448 seconds, Stopping threads took: 0.0000646 seconds
[2019-06-24T10:07:11.540+0000][1][safepoint    ] Application time: 1.0001982 seconds
[2019-06-24T10:07:11.541+0000][1][safepoint    ] Entering safepoint region: Cleanup
[2019-06-24T10:07:11.541+0000][1][safepoint    ] Leaving safepoint region
[2019-06-24T10:07:11.541+0000][1][safepoint    ] Total time for which application threads were stopped: 0.0002461 seconds, Stopping threads took: 0.0000632 seconds
[2019-06-24T10:07:12.541+0000][1][safepoint    ] Application time: 1.0001360 seconds
[2019-06-24T10:07:12.541+0000][1][safepoint    ] Entering safepoint region: Cleanup
[2019-06-24T10:07:12.541+0000][1][safepoint    ] Leaving safepoint region
[2019-06-24T10:07:12.541+0000][1][safepoint    ] Total time for which application threads were stopped: 0.0003457 seconds, Stopping threads took: 0.0000902 seconds
[2019-06-24T10:07:13.542+0000][1][safepoint    ] Application time: 1.0002727 seconds
[2019-06-24T10:07:13.542+0000][1][safepoint    ] Entering safepoint region: Cleanup
[2019-06-24T10:07:13.542+0000][1][safepoint    ] Leaving safepoint region
[2019-06-24T10:07:13.542+0000][1][safepoint    ] Total time for which application threads were stopped: 0.0002839 seconds, Stopping threads took: 0.0000999 seconds
[2019-06-24T10:07:14.542+0000][1][safepoint    ] Application time: 1.0002541 seconds
[2019-06-24T10:07:14.543+0000][1][safepoint    ] Entering safepoint region: Cleanup
[2019-06-24T10:07:14.543+0000][1][safepoint    ] Leaving safepoint region
[2019-06-24T10:07:14.543+0000][1][safepoint    ] Total time for which application threads were stopped: 0.0002193 seconds, Stopping threads took: 0.0000626 seconds
[2019-06-24T10:07:15.543+0000][1][safepoint    ] Application time: 1.0002496 seconds
[2019-06-24T10:07:15.543+0000][1][safepoint    ] Entering safepoint region: Cleanup
[2019-06-24T10:07:15.543+0000][1][safepoint    ] Leaving safepoint region
[2019-06-24T10:07:15.543+0000][1][safepoint    ] Total time for which application threads were stopped: 0.0002720 seconds, Stopping threads took: 0.0000557 seconds
[2019-06-24T10:07:16.544+0000][1][safepoint    ] Application time: 1.0002716 seconds
[2019-06-24T10:07:16.544+0000][1][safepoint    ] Entering safepoint region: Cleanup
[2019-06-24T10:07:16.544+0000][1][safepoint    ] Leaving safepoint region
[2019-06-24T10:07:16.544+0000][1][safepoint    ] Total time for which application threads were stopped: 0.0002779 seconds, Stopping threads took: 0.0000571 seconds
[2019-06-24T10:07:17.544+0000][1][safepoint    ] Application time: 1.0001269 seconds
[2019-06-24T10:07:17.544+0000][1][safepoint    ] Entering safepoint region: Cleanup
[2019-06-24T10:07:17.545+0000][1][safepoint    ] Leaving safepoint region
[2019-06-24T10:07:17.545+0000][1][safepoint    ] Total time for which application threads were stopped: 0.0002202 seconds, Stopping threads took: 0.0000533 seconds
[2019-06-24T10:07:18.545+0000][1][safepoint    ] Application time: 1.0002611 seconds
[2019-06-24T10:07:18.545+0000][1][safepoint    ] Entering safepoint region: Cleanup
[2019-06-24T10:07:18.545+0000][1][safepoint    ] Leaving safepoint region
[2019-06-24T10:07:18.545+0000][1][safepoint    ] Total time for which application threads were stopped: 0.0002468 seconds, Stopping threads took: 0.0000640 seconds
[2019-06-24T10:07:19.546+0000][1][safepoint    ] Application time: 1.0002551 seconds
[2019-06-24T10:07:19.546+0000][1][safepoint    ] Entering safepoint region: Cleanup
[2019-06-24T10:07:19.546+0000][1][safepoint    ] Leaving safepoint region
[2019-06-24T10:07:19.546+0000][1][safepoint    ] Total time for which application threads were stopped: 0.0002405 seconds, Stopping threads took: 0.0000637 seconds
[2019-06-24T10:07:20.546+0000][1][safepoint    ] Application time: 1.0002435 seconds
[2019-06-24T10:07:20.546+0000][1][safepoint    ] Entering safepoint region: Cleanup
[2019-06-24T10:07:20.547+0000][1][safepoint    ] Leaving safepoint region
[2019-06-24T10:07:20.547+0000][1][safepoint    ] Total time for which application threads were stopped: 0.0003323 seconds, Stopping threads took: 0.0000707 seconds
[2019-06-24T10:07:21.547+0000][1][safepoint    ] Application time: 1.0002620 seconds
[2019-06-24T10:07:21.547+0000][1][safepoint    ] Entering safepoint region: Cleanup
[2019-06-24T10:07:21.547+0000][1][safepoint    ] Leaving safepoint region
[2019-06-24T10:07:21.547+0000][1][safepoint    ] Total time for which application threads were stopped: 0.0003134 seconds, Stopping threads took: 0.0001052 seconds
[2019-06-24T10:07:22.548+0000][1][safepoint    ] Application time: 1.0002710 seconds
[2019-06-24T10:07:22.548+0000][1][safepoint    ] Entering safepoint region: Cleanup
[2019-06-24T10:07:22.548+0000][1][safepoint    ] Leaving safepoint region
[2019-06-24T10:07:22.548+0000][1][safepoint    ] Total time for which application threads were stopped: 0.0002879 seconds, Stopping threads took: 0.0000821 seconds
[2019-06-24T10:07:23.548+0000][1][safepoint    ] Application time: 1.0002432 seconds
[2019-06-24T10:07:23.548+0000][1][safepoint    ] Entering safepoint region: Cleanup
[2019-06-24T10:07:23.549+0000][1][safepoint    ] Leaving safepoint region
[2019-06-24T10:07:23.549+0000][1][safepoint    ] Total time for which application threads were stopped: 0.0003110 seconds, Stopping threads took: 0.0001190 seconds
[2019-06-24T10:07:24.549+0000][1][safepoint    ] Application time: 1.0001347 seconds
[2019-06-24T10:07:24.549+0000][1][safepoint    ] Entering safepoint region: Cleanup
[2019-06-24T10:07:24.549+0000][1][safepoint    ] Leaving safepoint region
[2019-06-24T10:07:24.549+0000][1][safepoint    ] Total time for which application threads were stopped: 0.0001081 seconds, Stopping threads took: 0.0000362 seconds
[2019-06-24T10:07:25.549+0000][1][safepoint    ] Application time: 1.0001151 seconds
[2019-06-24T10:07:25.549+0000][1][safepoint    ] Entering safepoint region: Cleanup
[2019-06-24T10:07:25.549+0000][1][safepoint    ] Leaving safepoint region
[2019-06-24T10:07:25.549+0000][1][safepoint    ] Total time for which application threads were stopped: 0.0000860 seconds, Stopping threads took: 0.0000222 seconds
[2019-06-24T10:07:26.549+0000][1][safepoint    ] Application time: 1.0000816 seconds
[2019-06-24T10:07:26.549+0000][1][safepoint    ] Entering safepoint region: Cleanup
[2019-06-24T10:07:26.550+0000][1][safepoint    ] Leaving safepoint region
[2019-06-24T10:07:26.550+0000][1][safepoint    ] Total time for which application threads were stopped: 0.0001126 seconds, Stopping threads took: 0.0000280 seconds
[2019-06-24T10:07:27.550+0000][1][safepoint    ] Application time: 1.0002429 seconds
[2019-06-24T10:07:27.550+0000][1][safepoint    ] Entering safepoint region: Cleanup
[2019-06-24T10:07:27.550+0000][1][safepoint    ] Leaving safepoint region
[2019-06-24T10:07:27.550+0000][1][safepoint    ] Total time for which application threads were stopped: 0.0002487 seconds, Stopping threads took: 0.0000657 seconds
[2019-06-24T10:07:28.551+0000][1][safepoint    ] Application time: 1.0003198 seconds
[2019-06-24T10:07:28.551+0000][1][safepoint    ] Entering safepoint region: Cleanup
[2019-06-24T10:07:28.551+0000][1][safepoint    ] Leaving safepoint region
[2019-06-24T10:07:28.551+0000][1][safepoint    ] Total time for which application threads were stopped: 0.0002465 seconds, Stopping threads took: 0.0000664 seconds
[2019-06-24T10:07:29.551+0000][1][safepoint    ] Application time: 1.0001811 seconds
[2019-06-24T10:07:29.551+0000][1][safepoint    ] Entering safepoint region: Cleanup
[2019-06-24T10:07:29.551+0000][1][safepoint    ] Leaving safepoint region
[2019-06-24T10:07:29.551+0000][1][safepoint    ] Total time for which application threads were stopped: 0.0002148 seconds, Stopping threads took: 0.0000574 seconds
[2019-06-24T10:07:30.552+0000][1][safepoint    ] Application time: 1.0002249 seconds
[2019-06-24T10:07:30.552+0000][1][safepoint    ] Entering safepoint region: Cleanup
[2019-06-24T10:07:30.552+0000][1][safepoint    ] Leaving safepoint region
[2019-06-24T10:07:30.552+0000][1][safepoint    ] Total time for which application threads were stopped: 0.0002462 seconds, Stopping threads took: 0.0000661 seconds
[2019-06-24T10:07:31.552+0000][1][safepoint    ] Application time: 1.0002651 seconds
[2019-06-24T10:07:31.552+0000][1][safepoint    ] Entering safepoint region: Cleanup
[2019-06-24T10:07:31.553+0000][1][safepoint    ] Leaving safepoint region
[2019-06-24T10:07:31.553+0000][1][safepoint    ] Total time for which application threads were stopped: 0.0002470 seconds, Stopping threads took: 0.0000660 seconds
[2019-06-24T10:07:32.553+0000][1][safepoint    ] Application time: 1.0002699 seconds
[2019-06-24T10:07:32.553+0000][1][safepoint    ] Entering safepoint region: Cleanup
[2019-06-24T10:07:32.553+0000][1][safepoint    ] Leaving safepoint region
[2019-06-24T10:07:32.553+0000][1][safepoint    ] Total time for which application threads were stopped: 0.0002379 seconds, Stopping threads took: 0.0000647 seconds
[2019-06-24T10:07:33.554+0000][1][safepoint    ] Application time: 1.0002702 seconds
[2019-06-24T10:07:33.554+0000][1][safepoint    ] Entering safepoint region: Cleanup
[2019-06-24T10:07:33.554+0000][1][safepoint    ] Leaving safepoint region
[2019-06-24T10:07:33.554+0000][1][safepoint    ] Total time for which application threads were stopped: 0.0002892 seconds, Stopping threads took: 0.0000698 seconds
[2019-06-24T10:07:34.554+0000][1][safepoint    ] Application time: 1.0002771 seconds
[2019-06-24T10:07:34.555+0000][1][safepoint    ] Entering safepoint region: Cleanup
[2019-06-24T10:07:34.555+0000][1][safepoint    ] Leaving safepoint region
[2019-06-24T10:07:34.555+0000][1][safepoint    ] Total time for which application threads were stopped: 0.0002477 seconds, Stopping threads took: 0.0000726 seconds
[2019-06-24T10:07:35.555+0000][1][safepoint    ] Application time: 1.0002200 seconds
[2019-06-24T10:07:35.555+0000][1][safepoint    ] Entering safepoint region: Cleanup
[2019-06-24T10:07:35.555+0000][1][safepoint    ] Leaving safepoint region
[2019-06-24T10:07:35.555+0000][1][safepoint    ] Total time for which application threads were stopped: 0.0002674 seconds, Stopping threads took: 0.0000757 seconds
[2019-06-24T10:07:36.556+0000][1][safepoint    ] Application time: 1.0002696 seconds
[2019-06-24T10:07:36.556+0000][1][safepoint    ] Entering safepoint region: Cleanup
[2019-06-24T10:07:36.556+0000][1][safepoint    ] Leaving safepoint region
[2019-06-24T10:07:36.556+0000][1][safepoint    ] Total time for which application threads were stopped: 0.0002367 seconds, Stopping threads took: 0.0000647 seconds
[2019-06-24T10:07:37.556+0000][1][safepoint    ] Application time: 1.0002626 seconds
[2019-06-24T10:07:37.556+0000][1][safepoint    ] Entering safepoint region: Cleanup
[2019-06-24T10:07:37.557+0000][1][safepoint    ] Leaving safepoint region
[2019-06-24T10:07:37.557+0000][1][safepoint    ] Total time for which application threads were stopped: 0.0002570 seconds, Stopping threads took: 0.0000655 seconds
[2019-06-24T10:07:38.557+0000][1][safepoint    ] Application time: 1.0001439 seconds
[2019-06-24T10:07:38.557+0000][1][safepoint    ] Entering safepoint region: Cleanup
[2019-06-24T10:07:38.557+0000][1][safepoint    ] Leaving safepoint region
[2019-06-24T10:07:38.557+0000][1][safepoint    ] Total time for which application threads were stopped: 0.0001004 seconds, Stopping threads took: 0.0000260 seconds
[2019-06-24T10:07:39.557+0000][1][safepoint    ] Application time: 1.0001865 seconds
[2019-06-24T10:07:39.557+0000][1][safepoint    ] Entering safepoint region: Cleanup
[2019-06-24T10:07:39.558+0000][1][safepoint    ] Leaving safepoint region
[2019-06-24T10:07:39.558+0000][1][safepoint    ] Total time for which application threads were stopped: 0.0002060 seconds, Stopping threads took: 0.0000565 seconds
[2019-06-24T10:07:40.558+0000][1][safepoint    ] Application time: 1.0001211 seconds
[2019-06-24T10:07:40.558+0000][1][safepoint    ] Entering safepoint region: Cleanup
[2019-06-24T10:07:40.558+0000][1][safepoint    ] Leaving safepoint region
[2019-06-24T10:07:40.558+0000][1][safepoint    ] Total time for which application threads were stopped: 0.0002179 seconds, Stopping threads took: 0.0000651 seconds
[2019-06-24T10:07:41.558+0000][1][safepoint    ] Application time: 1.0002609 seconds
[2019-06-24T10:07:41.558+0000][1][safepoint    ] Entering safepoint region: Cleanup
[2019-06-24T10:07:41.559+0000][1][safepoint    ] Leaving safepoint region
[2019-06-24T10:07:41.559+0000][1][safepoint    ] Total time for which application threads were stopped: 0.0003746 seconds, Stopping threads took: 0.0001559 seconds
[2019-06-24T10:07:42.559+0000][1][safepoint    ] Application time: 1.0002510 seconds
[2019-06-24T10:07:42.559+0000][1][safepoint    ] Entering safepoint region: Cleanup
[2019-06-24T10:07:42.559+0000][1][safepoint    ] Leaving safepoint region
[2019-06-24T10:07:42.559+0000][1][safepoint    ] Total time for which application threads were stopped: 0.0002393 seconds, Stopping threads took: 0.0000638 seconds
[2019-06-24T10:07:43.560+0000][1][safepoint    ] Application time: 1.0002236 seconds
[2019-06-24T10:07:43.560+0000][1][safepoint    ] Entering safepoint region: Cleanup
[2019-06-24T10:07:43.560+0000][1][safepoint    ] Leaving safepoint region
[2019-06-24T10:07:43.560+0000][1][safepoint    ] Total time for which application threads were stopped: 0.0002559 seconds, Stopping threads took: 0.0000560 seconds
[2019-06-24T10:07:44.560+0000][1][safepoint    ] Application time: 1.0001338 seconds
[2019-06-24T10:07:44.560+0000][1][safepoint    ] Entering safepoint region: Cleanup
[2019-06-24T10:07:44.561+0000][1][safepoint    ] Leaving safepoint region
[2019-06-24T10:07:44.561+0000][1][safepoint    ] Total time for which application threads were stopped: 0.0002589 seconds, Stopping threads took: 0.0000937 seconds
[2019-06-24T10:07:45.561+0000][1][safepoint    ] Application time: 1.0002665 seconds
[2019-06-24T10:07:45.561+0000][1][safepoint    ] Entering safepoint region: Cleanup
[2019-06-24T10:07:45.562+0000][1][safepoint    ] Leaving safepoint region
[2019-06-24T10:07:45.562+0000][1][safepoint    ] Total time for which application threads were stopped: 0.0012816 seconds, Stopping threads took: 0.0009887 seconds
[2019-06-24T10:07:46.563+0000][1][safepoint    ] Application time: 1.0002669 seconds
[2019-06-24T10:07:46.563+0000][1][safepoint    ] Entering safepoint region: Cleanup
[2019-06-24T10:07:46.563+0000][1][safepoint    ] Leaving safepoint region
[2019-06-24T10:07:46.563+0000][1][safepoint    ] Total time for which application threads were stopped: 0.0002399 seconds, Stopping threads took: 0.0000658 seconds
[2019-06-24T10:07:47.563+0000][1][safepoint    ] Application time: 1.0002756 seconds
[2019-06-24T10:07:47.563+0000][1][safepoint    ] Entering safepoint region: Cleanup
[2019-06-24T10:07:47.564+0000][1][safepoint    ] Leaving safepoint region
[2019-06-24T10:07:47.564+0000][1][safepoint    ] Total time for which application threads were stopped: 0.0002373 seconds, Stopping threads took: 0.0000644 seconds
[2019-06-24T10:07:48.564+0000][1][safepoint    ] Application time: 1.0002013 seconds
[2019-06-24T10:07:48.564+0000][1][safepoint    ] Entering safepoint region: Cleanup
[2019-06-24T10:07:48.564+0000][1][safepoint    ] Leaving safepoint region
[2019-06-24T10:07:48.564+0000][1][safepoint    ] Total time for which application threads were stopped: 0.0002929 seconds, Stopping threads took: 0.0000880 seconds
[2019-06-24T10:07:49.564+0000][1][safepoint    ] Application time: 1.0001480 seconds
[2019-06-24T10:07:49.564+0000][1][safepoint    ] Entering safepoint region: Cleanup
[2019-06-24T10:07:49.565+0000][1][safepoint    ] Leaving safepoint region
[2019-06-24T10:07:49.565+0000][1][safepoint    ] Total time for which application threads were stopped: 0.0001272 seconds, Stopping threads took: 0.0000444 seconds
[2019-06-24T10:07:50.565+0000][1][safepoint    ] Application time: 1.0002542 seconds
[2019-06-24T10:07:50.565+0000][1][safepoint    ] Entering safepoint region: Cleanup
[2019-06-24T10:07:50.565+0000][1][safepoint    ] Leaving safepoint region
[2019-06-24T10:07:50.565+0000][1][safepoint    ] Total time for which application threads were stopped: 0.0002657 seconds, Stopping threads took: 0.0000774 seconds
[2019-06-24T10:07:51.566+0000][1][safepoint    ] Application time: 1.0002656 seconds
[2019-06-24T10:07:51.566+0000][1][safepoint    ] Entering safepoint region: Cleanup
[2019-06-24T10:07:51.566+0000][1][safepoint    ] Leaving safepoint region
[2019-06-24T10:07:51.566+0000][1][safepoint    ] Total time for which application threads were stopped: 0.0002602 seconds, Stopping threads took: 0.0000587 seconds
[2019-06-24T10:07:52.566+0000][1][safepoint    ] Application time: 1.0002394 seconds
[2019-06-24T10:07:52.566+0000][1][safepoint    ] Entering safepoint region: Cleanup
[2019-06-24T10:07:52.566+0000][1][safepoint    ] Leaving safepoint region
[2019-06-24T10:07:52.566+0000][1][safepoint    ] Total time for which application threads were stopped: 0.0001424 seconds, Stopping threads took: 0.0000314 seconds
[2019-06-24T10:07:53.567+0000][1][safepoint    ] Application time: 1.0001914 seconds
[2019-06-24T10:07:53.567+0000][1][safepoint    ] Entering safepoint region: Cleanup
[2019-06-24T10:07:53.567+0000][1][safepoint    ] Leaving safepoint region
[2019-06-24T10:07:53.567+0000][1][safepoint    ] Total time for which application threads were stopped: 0.0003267 seconds, Stopping threads took: 0.0000643 seconds
[2019-06-24T10:07:54.567+0000][1][safepoint    ] Application time: 1.0001373 seconds
[2019-06-24T10:07:54.567+0000][1][safepoint    ] Entering safepoint region: Cleanup
[2019-06-24T10:07:54.567+0000][1][safepoint    ] Leaving safepoint region
[2019-06-24T10:07:54.568+0000][1][safepoint    ] Total time for which application threads were stopped: 0.0002459 seconds, Stopping threads took: 0.0000577 seconds
[2019-06-24T10:07:55.568+0000][1][safepoint    ] Application time: 1.0001478 seconds
[2019-06-24T10:07:55.568+0000][1][safepoint    ] Entering safepoint region: Cleanup
[2019-06-24T10:07:55.568+0000][1][safepoint    ] Leaving safepoint region
[2019-06-24T10:07:55.568+0000][1][safepoint    ] Total time for which application threads were stopped: 0.0003034 seconds, Stopping threads took: 0.0000786 seconds
[2019-06-24T10:07:56.568+0000][1][safepoint    ] Application time: 1.0001404 seconds
[2019-06-24T10:07:56.568+0000][1][safepoint    ] Entering safepoint region: Cleanup
[2019-06-24T10:07:56.569+0000][1][safepoint    ] Leaving safepoint region
[2019-06-24T10:07:56.569+0000][1][safepoint    ] Total time for which application threads were stopped: 0.0002411 seconds, Stopping threads took: 0.0000585 seconds
[2019-06-24T10:07:57.569+0000][1][safepoint    ] Application time: 1.0002122 seconds
[2019-06-24T10:07:57.569+0000][1][safepoint    ] Entering safepoint region: Cleanup
[2019-06-24T10:07:57.569+0000][1][safepoint    ] Leaving safepoint region
[2019-06-24T10:07:57.569+0000][1][safepoint    ] Total time for which application threads were stopped: 0.0002407 seconds, Stopping threads took: 0.0000658 seconds
[2019-06-24T10:07:58.570+0000][1][safepoint    ] Application time: 1.0002151 seconds
[2019-06-24T10:07:58.570+0000][1][safepoint    ] Entering safepoint region: Cleanup
[2019-06-24T10:07:58.570+0000][1][safepoint    ] Leaving safepoint region
[2019-06-24T10:07:58.570+0000][1][safepoint    ] Total time for which application threads were stopped: 0.0002088 seconds, Stopping threads took: 0.0000557 seconds
[2019-06-24T10:07:59.570+0000][1][safepoint    ] Application time: 1.0001931 seconds
[2019-06-24T10:07:59.570+0000][1][safepoint    ] Entering safepoint region: Cleanup
[2019-06-24T10:07:59.570+0000][1][safepoint    ] Leaving safepoint region
[2019-06-24T10:07:59.570+0000][1][safepoint    ] Total time for which application threads were stopped: 0.0002861 seconds, Stopping threads took: 0.0000567 seconds
[2019-06-24T10:08:00.571+0000][1][safepoint    ] Application time: 1.0002795 seconds
[2019-06-24T10:08:00.571+0000][1][safepoint    ] Entering safepoint region: Cleanup
[2019-06-24T10:08:00.572+0000][1][safepoint    ] Leaving safepoint region
[2019-06-24T10:08:00.572+0000][1][safepoint    ] Total time for which application threads were stopped: 0.0012893 seconds, Stopping threads took: 0.0010028 seconds
[2019-06-24T10:08:01.573+0000][1][safepoint    ] Application time: 1.0002736 seconds
[2019-06-24T10:08:01.573+0000][1][safepoint    ] Entering safepoint region: Cleanup
[2019-06-24T10:08:01.573+0000][1][safepoint    ] Leaving safepoint region
[2019-06-24T10:08:01.573+0000][1][safepoint    ] Total time for which application threads were stopped: 0.0002849 seconds, Stopping threads took: 0.0000827 seconds
[2019-06-24T10:08:02.573+0000][1][safepoint    ] Application time: 1.0002538 seconds
[2019-06-24T10:08:02.573+0000][1][safepoint    ] Entering safepoint region: Cleanup
[2019-06-24T10:08:02.574+0000][1][safepoint    ] Leaving safepoint region
[2019-06-24T10:08:02.574+0000][1][safepoint    ] Total time for which application threads were stopped: 0.0002492 seconds, Stopping threads took: 0.0000737 seconds
[2019-06-24T10:08:03.574+0000][1][safepoint    ] Application time: 1.0002249 seconds
[2019-06-24T10:08:03.574+0000][1][safepoint    ] Entering safepoint region: Cleanup
[2019-06-24T10:08:03.574+0000][1][safepoint    ] Leaving safepoint region
[2019-06-24T10:08:03.574+0000][1][safepoint    ] Total time for which application threads were stopped: 0.0001741 seconds, Stopping threads took: 0.0000502 seconds
[2019-06-24T10:08:04.574+0000][1][safepoint    ] Application time: 1.0001824 seconds
[2019-06-24T10:08:04.575+0000][1][safepoint    ] Entering safepoint region: Cleanup
[2019-06-24T10:08:04.575+0000][1][safepoint    ] Leaving safepoint region
[2019-06-24T10:08:04.575+0000][1][safepoint    ] Total time for which application threads were stopped: 0.0002647 seconds, Stopping threads took: 0.0001143 seconds
[2019-06-24T10:08:05.575+0000][1][safepoint    ] Application time: 1.0002650 seconds
[2019-06-24T10:08:05.575+0000][1][safepoint    ] Entering safepoint region: Cleanup
[2019-06-24T10:08:05.576+0000][1][safepoint    ] Leaving safepoint region
[2019-06-24T10:08:05.576+0000][1][safepoint    ] Total time for which application threads were stopped: 0.0012362 seconds, Stopping threads took: 0.0010050 seconds
[2019-06-24T10:08:06.577+0000][1][safepoint    ] Application time: 1.0001890 seconds
[2019-06-24T10:08:06.577+0000][1][safepoint    ] Entering safepoint region: Cleanup
[2019-06-24T10:08:06.577+0000][1][safepoint    ] Leaving safepoint region
[2019-06-24T10:08:06.577+0000][1][safepoint    ] Total time for which application threads were stopped: 0.0002189 seconds, Stopping threads took: 0.0000602 seconds
[2019-06-24T10:08:07.577+0000][1][safepoint    ] Application time: 1.0002577 seconds
[2019-06-24T10:08:07.577+0000][1][safepoint    ] Entering safepoint region: Cleanup
[2019-06-24T10:08:07.578+0000][1][safepoint    ] Leaving safepoint region
[2019-06-24T10:08:07.578+0000][1][safepoint    ] Total time for which application threads were stopped: 0.0002480 seconds, Stopping threads took: 0.0000669 seconds
[2019-06-24T10:08:08.921+0000][1][safepoint    ] Application time: 1.3430807 seconds
[2019-06-24T10:08:08.921+0000][1][safepoint    ] Entering safepoint region: Cleanup
[2019-06-24T10:08:08.921+0000][1][safepoint    ] Leaving safepoint region
[2019-06-24T10:08:08.921+0000][1][safepoint    ] Total time for which application threads were stopped: 0.0001572 seconds, Stopping threads took: 0.0000367 seconds
[2019-06-24T10:08:09.921+0000][1][safepoint    ] Application time: 1.0002182 seconds
[2019-06-24T10:08:09.921+0000][1][safepoint    ] Entering safepoint region: Cleanup
[2019-06-24T10:08:09.921+0000][1][safepoint    ] Leaving safepoint region
[2019-06-24T10:08:09.921+0000][1][safepoint    ] Total time for which application threads were stopped: 0.0002187 seconds, Stopping threads took: 0.0000597 seconds
[2019-06-24T10:08:10.922+0000][1][safepoint    ] Application time: 1.0002584 seconds
[2019-06-24T10:08:10.922+0000][1][safepoint    ] Entering safepoint region: Cleanup
[2019-06-24T10:08:10.922+0000][1][safepoint    ] Leaving safepoint region
[2019-06-24T10:08:10.922+0000][1][safepoint    ] Total time for which application threads were stopped: 0.0002405 seconds, Stopping threads took: 0.0000646 seconds
[2019-06-24T10:08:11.922+0000][1][safepoint    ] Application time: 1.0001926 seconds
[2019-06-24T10:08:11.922+0000][1][safepoint    ] Entering safepoint region: Cleanup
[2019-06-24T10:08:11.923+0000][1][safepoint    ] Leaving safepoint region
[2019-06-24T10:08:11.923+0000][1][safepoint    ] Total time for which application threads were stopped: 0.0002847 seconds, Stopping threads took: 0.0000591 seconds
[2019-06-24T10:08:12.917+0000][1][safepoint    ] Application time: 0.9942755 seconds
[2019-06-24T10:08:12.917+0000][1][safepoint    ] Entering safepoint region: GenCollectForAllocation
[2019-06-24T10:08:12.917+0000][1][gc,start     ] GC(29) Pause Young (Allocation Failure)
[2019-06-24T10:08:12.917+0000][1][gc,task      ] GC(29) Using 5 workers of 8 for evacuation
[2019-06-24T10:08:12.921+0000][1][gc,age       ] GC(29) Desired survivor size 4456448 bytes, new threshold 6 (max threshold 6)
[2019-06-24T10:08:12.921+0000][1][gc,age       ] GC(29) Age table with threshold 6 (max threshold 6)
[2019-06-24T10:08:12.921+0000][1][gc,age       ] GC(29) - age   1:      77784 bytes,      77784 total
[2019-06-24T10:08:12.921+0000][1][gc,age       ] GC(29) - age   2:       2864 bytes,      80648 total
[2019-06-24T10:08:12.921+0000][1][gc,age       ] GC(29) - age   3:      64784 bytes,     145432 total
[2019-06-24T10:08:12.921+0000][1][gc,age       ] GC(29) - age   4:       3192 bytes,     148624 total
[2019-06-24T10:08:12.921+0000][1][gc,age       ] GC(29) - age   5:     113544 bytes,     262168 total
[2019-06-24T10:08:12.921+0000][1][gc,age       ] GC(29) - age   6:       3840 bytes,     266008 total
[2019-06-24T10:08:12.921+0000][1][gc,heap      ] GC(29) ParNew: 71332K->383K(78656K)
[2019-06-24T10:08:12.921+0000][1][gc,heap      ] GC(29) CMS: 69271K->69281K(174784K)
[2019-06-24T10:08:12.921+0000][1][gc,metaspace ] GC(29) Metaspace: 68081K->68081K(1112064K)
[2019-06-24T10:08:12.921+0000][1][gc           ] GC(29) Pause Young (Allocation Failure) 137M->68M(247M) 3.707ms
[2019-06-24T10:08:12.921+0000][1][gc,cpu       ] GC(29) User=0.02s Sys=0.00s Real=0.00s
[2019-06-24T10:08:12.921+0000][1][safepoint    ] Leaving safepoint region
[2019-06-24T10:08:12.921+0000][1][safepoint    ] Total time for which application threads were stopped: 0.0041138 seconds, Stopping threads took: 0.0000536 seconds
[2019-06-24T10:08:13.921+0000][1][safepoint    ] Application time: 1.0002173 seconds
[2019-06-24T10:08:13.922+0000][1][safepoint    ] Entering safepoint region: Cleanup
[2019-06-24T10:08:13.922+0000][1][safepoint    ] Leaving safepoint region
[2019-06-24T10:08:13.922+0000][1][safepoint    ] Total time for which application threads were stopped: 0.0002058 seconds, Stopping threads took: 0.0000538 seconds
[2019-06-24T10:08:14.922+0000][1][safepoint    ] Application time: 1.0002544 seconds
[2019-06-24T10:08:14.922+0000][1][safepoint    ] Entering safepoint region: Cleanup
[2019-06-24T10:08:14.922+0000][1][safepoint    ] Leaving safepoint region
[2019-06-24T10:08:14.922+0000][1][safepoint    ] Total time for which application threads were stopped: 0.0002360 seconds, Stopping threads took: 0.0000627 seconds
[2019-06-24T10:08:15.923+0000][1][safepoint    ] Application time: 1.0001468 seconds
[2019-06-24T10:08:15.923+0000][1][safepoint    ] Entering safepoint region: Cleanup
[2019-06-24T10:08:15.923+0000][1][safepoint    ] Leaving safepoint region
[2019-06-24T10:08:15.923+0000][1][safepoint    ] Total time for which application threads were stopped: 0.0000951 seconds, Stopping threads took: 0.0000234 seconds
[2019-06-24T10:08:16.923+0000][1][safepoint    ] Application time: 1.0002431 seconds
[2019-06-24T10:08:16.923+0000][1][safepoint    ] Entering safepoint region: Cleanup
[2019-06-24T10:08:16.923+0000][1][safepoint    ] Leaving safepoint region
[2019-06-24T10:08:16.923+0000][1][safepoint    ] Total time for which application threads were stopped: 0.0002644 seconds, Stopping threads took: 0.0000632 seconds
[2019-06-24T10:08:17.923+0000][1][safepoint    ] Application time: 1.0001415 seconds
[2019-06-24T10:08:17.924+0000][1][safepoint    ] Entering safepoint region: Cleanup
[2019-06-24T10:08:17.924+0000][1][safepoint    ] Leaving safepoint region
[2019-06-24T10:08:17.924+0000][1][safepoint    ] Total time for which application threads were stopped: 0.0000967 seconds, Stopping threads took: 0.0000210 seconds
[2019-06-24T10:08:18.924+0000][1][safepoint    ] Application time: 1.0002111 seconds
[2019-06-24T10:08:18.924+0000][1][safepoint    ] Entering safepoint region: Cleanup
[2019-06-24T10:08:18.924+0000][1][safepoint    ] Leaving safepoint region
[2019-06-24T10:08:18.924+0000][1][safepoint    ] Total time for which application threads were stopped: 0.0002696 seconds, Stopping threads took: 0.0000661 seconds
[2019-06-24T10:08:19.925+0000][1][safepoint    ] Application time: 1.0002719 seconds
[2019-06-24T10:08:19.925+0000][1][safepoint    ] Entering safepoint region: Cleanup
[2019-06-24T10:08:19.925+0000][1][safepoint    ] Leaving safepoint region
[2019-06-24T10:08:19.925+0000][1][safepoint    ] Total time for which application threads were stopped: 0.0002973 seconds, Stopping threads took: 0.0000671 seconds
[2019-06-24T10:08:20.925+0000][1][safepoint    ] Application time: 1.0002577 seconds
[2019-06-24T10:08:20.925+0000][1][safepoint    ] Entering safepoint region: Cleanup
[2019-06-24T10:08:20.926+0000][1][safepoint    ] Leaving safepoint region
[2019-06-24T10:08:20.926+0000][1][safepoint    ] Total time for which application threads were stopped: 0.0002380 seconds, Stopping threads took: 0.0000665 seconds
[2019-06-24T10:08:21.926+0000][1][safepoint    ] Application time: 1.0001950 seconds
[2019-06-24T10:08:21.926+0000][1][safepoint    ] Entering safepoint region: Cleanup
[2019-06-24T10:08:21.926+0000][1][safepoint    ] Leaving safepoint region
[2019-06-24T10:08:21.926+0000][1][safepoint    ] Total time for which application threads were stopped: 0.0002386 seconds, Stopping threads took: 0.0000622 seconds
[2019-06-24T10:08:22.926+0000][1][safepoint    ] Application time: 1.0001804 seconds
[2019-06-24T10:08:22.927+0000][1][safepoint    ] Entering safepoint region: Cleanup
[2019-06-24T10:08:22.927+0000][1][safepoint    ] Leaving safepoint region
[2019-06-24T10:08:22.927+0000][1][safepoint    ] Total time for which application threads were stopped: 0.0001752 seconds, Stopping threads took: 0.0000562 seconds
[2019-06-24T10:08:23.927+0000][1][safepoint    ] Application time: 1.0001213 seconds
[2019-06-24T10:08:23.927+0000][1][safepoint    ] Entering safepoint region: Cleanup
[2019-06-24T10:08:23.927+0000][1][safepoint    ] Leaving safepoint region
[2019-06-24T10:08:23.927+0000][1][safepoint    ] Total time for which application threads were stopped: 0.0000729 seconds, Stopping threads took: 0.0000218 seconds
[2019-06-24T10:08:24.927+0000][1][safepoint    ] Application time: 1.0001805 seconds
[2019-06-24T10:08:24.927+0000][1][safepoint    ] Entering safepoint region: Cleanup
[2019-06-24T10:08:24.927+0000][1][safepoint    ] Leaving safepoint region
[2019-06-24T10:08:24.927+0000][1][safepoint    ] Total time for which application threads were stopped: 0.0002254 seconds, Stopping threads took: 0.0000629 seconds
[2019-06-24T10:08:25.928+0000][1][safepoint    ] Application time: 1.0002660 seconds
[2019-06-24T10:08:25.928+0000][1][safepoint    ] Entering safepoint region: Cleanup
[2019-06-24T10:08:25.928+0000][1][safepoint    ] Leaving safepoint region
[2019-06-24T10:08:25.928+0000][1][safepoint    ] Total time for which application threads were stopped: 0.0002224 seconds, Stopping threads took: 0.0000627 seconds
[2019-06-24T10:08:26.928+0000][1][safepoint    ] Application time: 1.0002418 seconds
[2019-06-24T10:08:26.928+0000][1][safepoint    ] Entering safepoint region: Cleanup
[2019-06-24T10:08:26.929+0000][1][safepoint    ] Leaving safepoint region
[2019-06-24T10:08:26.929+0000][1][safepoint    ] Total time for which application threads were stopped: 0.0002297 seconds, Stopping threads took: 0.0000649 seconds
[2019-06-24T10:08:27.929+0000][1][safepoint    ] Application time: 1.0001425 seconds
[2019-06-24T10:08:27.929+0000][1][safepoint    ] Entering safepoint region: Cleanup
[2019-06-24T10:08:27.929+0000][1][safepoint    ] Leaving safepoint region
[2019-06-24T10:08:27.929+0000][1][safepoint    ] Total time for which application threads were stopped: 0.0000747 seconds, Stopping threads took: 0.0000206 seconds
[2019-06-24T10:08:29.803+0000][1][safepoint    ] Application time: 1.8736140 seconds
[2019-06-24T10:08:29.803+0000][1][safepoint    ] Entering safepoint region: Cleanup
[2019-06-24T10:08:29.803+0000][1][safepoint    ] Leaving safepoint region
[2019-06-24T10:08:29.803+0000][1][safepoint    ] Total time for which application threads were stopped: 0.0002384 seconds, Stopping threads took: 0.0000631 seconds
[2019-06-24T10:08:30.803+0000][1][safepoint    ] Application time: 1.0002648 seconds
[2019-06-24T10:08:30.803+0000][1][safepoint    ] Entering safepoint region: Cleanup
[2019-06-24T10:08:30.804+0000][1][safepoint    ] Leaving safepoint region
[2019-06-24T10:08:30.804+0000][1][safepoint    ] Total time for which application threads were stopped: 0.0002380 seconds, Stopping threads took: 0.0000642 seconds
[2019-06-24T10:08:31.804+0000][1][safepoint    ] Application time: 1.0002676 seconds
[2019-06-24T10:08:31.804+0000][1][safepoint    ] Entering safepoint region: Cleanup
[2019-06-24T10:08:31.804+0000][1][safepoint    ] Leaving safepoint region
[2019-06-24T10:08:31.804+0000][1][safepoint    ] Total time for which application threads were stopped: 0.0002411 seconds, Stopping threads took: 0.0000670 seconds
[2019-06-24T10:08:32.805+0000][1][safepoint    ] Application time: 1.0002668 seconds
[2019-06-24T10:08:32.805+0000][1][safepoint    ] Entering safepoint region: Cleanup
[2019-06-24T10:08:32.805+0000][1][safepoint    ] Leaving safepoint region
[2019-06-24T10:08:32.805+0000][1][safepoint    ] Total time for which application threads were stopped: 0.0002409 seconds, Stopping threads took: 0.0000639 seconds
[2019-06-24T10:08:33.805+0000][1][safepoint    ] Application time: 1.0002496 seconds
[2019-06-24T10:08:33.805+0000][1][safepoint    ] Entering safepoint region: Cleanup
[2019-06-24T10:08:33.805+0000][1][safepoint    ] Leaving safepoint region
[2019-06-24T10:08:33.806+0000][1][safepoint    ] Total time for which application threads were stopped: 0.0002089 seconds, Stopping threads took: 0.0000574 seconds
[2019-06-24T10:08:34.806+0000][1][safepoint    ] Application time: 1.0002685 seconds
[2019-06-24T10:08:34.806+0000][1][safepoint    ] Entering safepoint region: Cleanup
[2019-06-24T10:08:34.806+0000][1][safepoint    ] Leaving safepoint region
[2019-06-24T10:08:34.806+0000][1][safepoint    ] Total time for which application threads were stopped: 0.0002387 seconds, Stopping threads took: 0.0000634 seconds
[2019-06-24T10:08:35.806+0000][1][safepoint    ] Application time: 1.0002318 seconds
[2019-06-24T10:08:35.807+0000][1][safepoint    ] Entering safepoint region: Cleanup
[2019-06-24T10:08:35.807+0000][1][safepoint    ] Leaving safepoint region
[2019-06-24T10:08:35.807+0000][1][safepoint    ] Total time for which application threads were stopped: 0.0002743 seconds, Stopping threads took: 0.0001036 seconds
[2019-06-24T10:08:36.807+0000][1][safepoint    ] Application time: 1.0002456 seconds
[2019-06-24T10:08:36.807+0000][1][safepoint    ] Entering safepoint region: Cleanup
[2019-06-24T10:08:36.807+0000][1][safepoint    ] Leaving safepoint region
[2019-06-24T10:08:36.808+0000][1][safepoint    ] Total time for which application threads were stopped: 0.0002404 seconds, Stopping threads took: 0.0000665 seconds
[2019-06-24T10:08:37.808+0000][1][safepoint    ] Application time: 1.0001479 seconds
[2019-06-24T10:08:37.808+0000][1][safepoint    ] Entering safepoint region: Cleanup
[2019-06-24T10:08:37.808+0000][1][safepoint    ] Leaving safepoint region
[2019-06-24T10:08:37.808+0000][1][safepoint    ] Total time for which application threads were stopped: 0.0000799 seconds, Stopping threads took: 0.0000211 seconds
[2019-06-24T10:08:38.808+0000][1][safepoint    ] Application time: 1.0002479 seconds
[2019-06-24T10:08:38.808+0000][1][safepoint    ] Entering safepoint region: Cleanup
[2019-06-24T10:08:38.808+0000][1][safepoint    ] Leaving safepoint region
[2019-06-24T10:08:38.808+0000][1][safepoint    ] Total time for which application threads were stopped: 0.0002414 seconds, Stopping threads took: 0.0000665 seconds
[2019-06-24T10:08:39.809+0000][1][safepoint    ] Application time: 1.0001881 seconds
[2019-06-24T10:08:39.809+0000][1][safepoint    ] Entering safepoint region: Cleanup
[2019-06-24T10:08:39.809+0000][1][safepoint    ] Leaving safepoint region
[2019-06-24T10:08:39.809+0000][1][safepoint    ] Total time for which application threads were stopped: 0.0002375 seconds, Stopping threads took: 0.0000643 seconds
[2019-06-24T10:08:40.809+0000][1][safepoint    ] Application time: 1.0002477 seconds
[2019-06-24T10:08:40.809+0000][1][safepoint    ] Entering safepoint region: Cleanup
[2019-06-24T10:08:40.809+0000][1][safepoint    ] Leaving safepoint region
[2019-06-24T10:08:40.810+0000][1][safepoint    ] Total time for which application threads were stopped: 0.0001797 seconds, Stopping threads took: 0.0000503 seconds
[2019-06-24T10:08:41.810+0000][1][safepoint    ] Application time: 1.0002616 seconds
[2019-06-24T10:08:41.810+0000][1][safepoint    ] Entering safepoint region: Cleanup
[2019-06-24T10:08:41.810+0000][1][safepoint    ] Leaving safepoint region
[2019-06-24T10:08:41.810+0000][1][safepoint    ] Total time for which application threads were stopped: 0.0002384 seconds, Stopping threads took: 0.0000670 seconds
[2019-06-24T10:08:42.810+0000][1][safepoint    ] Application time: 1.0001929 seconds
[2019-06-24T10:08:42.811+0000][1][safepoint    ] Entering safepoint region: Cleanup
[2019-06-24T10:08:42.811+0000][1][safepoint    ] Leaving safepoint region
[2019-06-24T10:08:42.811+0000][1][safepoint    ] Total time for which application threads were stopped: 0.0002297 seconds, Stopping threads took: 0.0000657 seconds
[2019-06-24T10:08:43.811+0000][1][safepoint    ] Application time: 1.0001777 seconds
[2019-06-24T10:08:43.811+0000][1][safepoint    ] Entering safepoint region: Cleanup
[2019-06-24T10:08:43.811+0000][1][safepoint    ] Leaving safepoint region
[2019-06-24T10:08:43.811+0000][1][safepoint    ] Total time for which application threads were stopped: 0.0002109 seconds, Stopping threads took: 0.0000550 seconds
[2019-06-24T10:08:44.812+0000][1][safepoint    ] Application time: 1.0002354 seconds
[2019-06-24T10:08:44.812+0000][1][safepoint    ] Entering safepoint region: Cleanup
[2019-06-24T10:08:44.812+0000][1][safepoint    ] Leaving safepoint region
[2019-06-24T10:08:44.812+0000][1][safepoint    ] Total time for which application threads were stopped: 0.0002408 seconds, Stopping threads took: 0.0000630 seconds
[2019-06-24T10:08:45.812+0000][1][safepoint    ] Application time: 1.0002444 seconds
[2019-06-24T10:08:45.812+0000][1][safepoint    ] Entering safepoint region: Cleanup
[2019-06-24T10:08:45.812+0000][1][safepoint    ] Leaving safepoint region
[2019-06-24T10:08:45.812+0000][1][safepoint    ] Total time for which application threads were stopped: 0.0002258 seconds, Stopping threads took: 0.0000608 seconds
[2019-06-24T10:08:46.813+0000][1][safepoint    ] Application time: 1.0001876 seconds
[2019-06-24T10:08:46.813+0000][1][safepoint    ] Entering safepoint region: Cleanup
[2019-06-24T10:08:46.813+0000][1][safepoint    ] Leaving safepoint region
[2019-06-24T10:08:46.813+0000][1][safepoint    ] Total time for which application threads were stopped: 0.0002433 seconds, Stopping threads took: 0.0000842 seconds
[2019-06-24T10:08:47.813+0000][1][safepoint    ] Application time: 1.0003096 seconds
[2019-06-24T10:08:47.813+0000][1][safepoint    ] Entering safepoint region: Cleanup
[2019-06-24T10:08:47.814+0000][1][safepoint    ] Leaving safepoint region
[2019-06-24T10:08:47.814+0000][1][safepoint    ] Total time for which application threads were stopped: 0.0001347 seconds, Stopping threads took: 0.0000265 seconds
[2019-06-24T10:08:48.814+0000][1][safepoint    ] Application time: 1.0001604 seconds
[2019-06-24T10:08:48.814+0000][1][safepoint    ] Entering safepoint region: Cleanup
[2019-06-24T10:08:48.814+0000][1][safepoint    ] Leaving safepoint region
[2019-06-24T10:08:48.814+0000][1][safepoint    ] Total time for which application threads were stopped: 0.0001922 seconds, Stopping threads took: 0.0000540 seconds
[2019-06-24T10:08:49.814+0000][1][safepoint    ] Application time: 1.0002464 seconds
[2019-06-24T10:08:49.815+0000][1][safepoint    ] Entering safepoint region: Cleanup
[2019-06-24T10:08:49.815+0000][1][safepoint    ] Leaving safepoint region
[2019-06-24T10:08:49.815+0000][1][safepoint    ] Total time for which application threads were stopped: 0.0003089 seconds, Stopping threads took: 0.0001352 seconds
[2019-06-24T10:08:50.815+0000][1][safepoint    ] Application time: 1.0002536 seconds
[2019-06-24T10:08:50.815+0000][1][safepoint    ] Entering safepoint region: Cleanup
[2019-06-24T10:08:50.815+0000][1][safepoint    ] Leaving safepoint region
[2019-06-24T10:08:50.815+0000][1][safepoint    ] Total time for which application threads were stopped: 0.0002301 seconds, Stopping threads took: 0.0000616 seconds
[2019-06-24T10:08:51.816+0000][1][safepoint    ] Application time: 1.0002250 seconds
[2019-06-24T10:08:51.816+0000][1][safepoint    ] Entering safepoint region: Cleanup
[2019-06-24T10:08:51.816+0000][1][safepoint    ] Leaving safepoint region
[2019-06-24T10:08:51.816+0000][1][safepoint    ] Total time for which application threads were stopped: 0.0003082 seconds, Stopping threads took: 0.0001222 seconds
[2019-06-24T10:08:52.816+0000][1][safepoint    ] Application time: 1.0002372 seconds
[2019-06-24T10:08:52.816+0000][1][safepoint    ] Entering safepoint region: Cleanup
[2019-06-24T10:08:52.817+0000][1][safepoint    ] Leaving safepoint region
[2019-06-24T10:08:52.817+0000][1][safepoint    ] Total time for which application threads were stopped: 0.0003204 seconds, Stopping threads took: 0.0001012 seconds
[2019-06-24T10:08:53.817+0000][1][safepoint    ] Application time: 1.0002008 seconds
[2019-06-24T10:08:53.817+0000][1][safepoint    ] Entering safepoint region: Cleanup
[2019-06-24T10:08:53.817+0000][1][safepoint    ] Leaving safepoint region
[2019-06-24T10:08:53.817+0000][1][safepoint    ] Total time for which application threads were stopped: 0.0002918 seconds, Stopping threads took: 0.0001004 seconds
[2019-06-24T10:08:54.818+0000][1][safepoint    ] Application time: 1.0002600 seconds
[2019-06-24T10:08:54.818+0000][1][safepoint    ] Entering safepoint region: Cleanup
[2019-06-24T10:08:54.818+0000][1][safepoint    ] Leaving safepoint region
[2019-06-24T10:08:54.818+0000][1][safepoint    ] Total time for which application threads were stopped: 0.0003081 seconds, Stopping threads took: 0.0001012 seconds
[2019-06-24T10:08:55.818+0000][1][safepoint    ] Application time: 1.0002335 seconds
[2019-06-24T10:08:55.819+0000][1][safepoint    ] Entering safepoint region: Cleanup
[2019-06-24T10:08:55.819+0000][1][safepoint    ] Leaving safepoint region
[2019-06-24T10:08:55.819+0000][1][safepoint    ] Total time for which application threads were stopped: 0.0003210 seconds, Stopping threads took: 0.0001116 seconds
[2019-06-24T10:08:56.819+0000][1][safepoint    ] Application time: 1.0002479 seconds
[2019-06-24T10:08:56.819+0000][1][safepoint    ] Entering safepoint region: Cleanup
[2019-06-24T10:08:56.820+0000][1][safepoint    ] Leaving safepoint region
[2019-06-24T10:08:56.820+0000][1][safepoint    ] Total time for which application threads were stopped: 0.0002538 seconds, Stopping threads took: 0.0000637 seconds
[2019-06-24T10:08:57.820+0000][1][safepoint    ] Application time: 1.0001887 seconds
[2019-06-24T10:08:57.820+0000][1][safepoint    ] Entering safepoint region: Cleanup
[2019-06-24T10:08:57.820+0000][1][safepoint    ] Leaving safepoint region
[2019-06-24T10:08:57.820+0000][1][safepoint    ] Total time for which application threads were stopped: 0.0003072 seconds, Stopping threads took: 0.0000794 seconds
[2019-06-24T10:08:58.820+0000][1][safepoint    ] Application time: 1.0001484 seconds
[2019-06-24T10:08:58.820+0000][1][safepoint    ] Entering safepoint region: Cleanup
[2019-06-24T10:08:58.821+0000][1][safepoint    ] Leaving safepoint region
[2019-06-24T10:08:58.821+0000][1][safepoint    ] Total time for which application threads were stopped: 0.0000897 seconds, Stopping threads took: 0.0000240 seconds
[2019-06-24T10:08:59.821+0000][1][safepoint    ] Application time: 1.0002463 seconds
[2019-06-24T10:08:59.821+0000][1][safepoint    ] Entering safepoint region: Cleanup
[2019-06-24T10:08:59.821+0000][1][safepoint    ] Leaving safepoint region
[2019-06-24T10:08:59.821+0000][1][safepoint    ] Total time for which application threads were stopped: 0.0002407 seconds, Stopping threads took: 0.0000668 seconds
[2019-06-24T10:09:00.821+0000][1][safepoint    ] Application time: 1.0002315 seconds
[2019-06-24T10:09:00.822+0000][1][safepoint    ] Entering safepoint region: Cleanup
[2019-06-24T10:09:00.822+0000][1][safepoint    ] Leaving safepoint region
[2019-06-24T10:09:00.822+0000][1][safepoint    ] Total time for which application threads were stopped: 0.0002152 seconds, Stopping threads took: 0.0000588 seconds
[2019-06-24T10:09:01.822+0000][1][safepoint    ] Application time: 1.0002566 seconds
[2019-06-24T10:09:01.822+0000][1][safepoint    ] Entering safepoint region: Cleanup
[2019-06-24T10:09:01.822+0000][1][safepoint    ] Leaving safepoint region
[2019-06-24T10:09:01.822+0000][1][safepoint    ] Total time for which application threads were stopped: 0.0002776 seconds, Stopping threads took: 0.0001035 seconds
[2019-06-24T10:09:02.823+0000][1][safepoint    ] Application time: 1.0001236 seconds
[2019-06-24T10:09:02.823+0000][1][safepoint    ] Entering safepoint region: Cleanup
[2019-06-24T10:09:02.823+0000][1][safepoint    ] Leaving safepoint region
[2019-06-24T10:09:02.823+0000][1][safepoint    ] Total time for which application threads were stopped: 0.0002271 seconds, Stopping threads took: 0.0000542 seconds
[2019-06-24T10:09:03.823+0000][1][safepoint    ] Application time: 1.0001961 seconds
[2019-06-24T10:09:03.823+0000][1][safepoint    ] Entering safepoint region: Cleanup
[2019-06-24T10:09:03.824+0000][1][safepoint    ] Leaving safepoint region
[2019-06-24T10:09:03.824+0000][1][safepoint    ] Total time for which application threads were stopped: 0.0010581 seconds, Stopping threads took: 0.0008560 seconds
[2019-06-24T10:09:04.825+0000][1][safepoint    ] Application time: 1.0002488 seconds
[2019-06-24T10:09:04.825+0000][1][safepoint    ] Entering safepoint region: Cleanup
[2019-06-24T10:09:04.825+0000][1][safepoint    ] Leaving safepoint region
[2019-06-24T10:09:04.825+0000][1][safepoint    ] Total time for which application threads were stopped: 0.0001158 seconds, Stopping threads took: 0.0000309 seconds
[2019-06-24T10:09:05.825+0000][1][safepoint    ] Application time: 1.0002580 seconds
[2019-06-24T10:09:05.825+0000][1][safepoint    ] Entering safepoint region: Cleanup
[2019-06-24T10:09:05.825+0000][1][safepoint    ] Leaving safepoint region
[2019-06-24T10:09:05.825+0000][1][safepoint    ] Total time for which application threads were stopped: 0.0002583 seconds, Stopping threads took: 0.0000652 seconds
[2019-06-24T10:09:06.826+0000][1][safepoint    ] Application time: 1.0002438 seconds
[2019-06-24T10:09:06.826+0000][1][safepoint    ] Entering safepoint region: Cleanup
[2019-06-24T10:09:06.826+0000][1][safepoint    ] Leaving safepoint region
[2019-06-24T10:09:06.826+0000][1][safepoint    ] Total time for which application threads were stopped: 0.0002396 seconds, Stopping threads took: 0.0000873 seconds
[2019-06-24T10:09:07.826+0000][1][safepoint    ] Application time: 1.0002659 seconds
[2019-06-24T10:09:07.826+0000][1][safepoint    ] Entering safepoint region: Cleanup
[2019-06-24T10:09:07.827+0000][1][safepoint    ] Leaving safepoint region
[2019-06-24T10:09:07.827+0000][1][safepoint    ] Total time for which application threads were stopped: 0.0004036 seconds, Stopping threads took: 0.0001586 seconds
[2019-06-24T10:09:08.827+0000][1][safepoint    ] Application time: 1.0001268 seconds
[2019-06-24T10:09:08.827+0000][1][safepoint    ] Entering safepoint region: Cleanup
[2019-06-24T10:09:08.827+0000][1][safepoint    ] Leaving safepoint region
[2019-06-24T10:09:08.827+0000][1][safepoint    ] Total time for which application threads were stopped: 0.0002251 seconds, Stopping threads took: 0.0000689 seconds
[2019-06-24T10:09:09.828+0000][1][safepoint    ] Application time: 1.0002456 seconds
[2019-06-24T10:09:09.828+0000][1][safepoint    ] Entering safepoint region: Cleanup
[2019-06-24T10:09:09.828+0000][1][safepoint    ] Leaving safepoint region
[2019-06-24T10:09:09.828+0000][1][safepoint    ] Total time for which application threads were stopped: 0.0002130 seconds, Stopping threads took: 0.0000579 seconds
[2019-06-24T10:09:10.828+0000][1][safepoint    ] Application time: 1.0001539 seconds
[2019-06-24T10:09:10.828+0000][1][safepoint    ] Entering safepoint region: Cleanup
[2019-06-24T10:09:10.828+0000][1][safepoint    ] Leaving safepoint region
[2019-06-24T10:09:10.828+0000][1][safepoint    ] Total time for which application threads were stopped: 0.0002725 seconds, Stopping threads took: 0.0000769 seconds
[2019-06-24T10:09:11.829+0000][1][safepoint    ] Application time: 1.0002525 seconds
[2019-06-24T10:09:11.829+0000][1][safepoint    ] Entering safepoint region: Cleanup
[2019-06-24T10:09:11.829+0000][1][safepoint    ] Leaving safepoint region
[2019-06-24T10:09:11.829+0000][1][safepoint    ] Total time for which application threads were stopped: 0.0002902 seconds, Stopping threads took: 0.0001213 seconds
[2019-06-24T10:09:12.829+0000][1][safepoint    ] Application time: 1.0001158 seconds
[2019-06-24T10:09:12.829+0000][1][safepoint    ] Entering safepoint region: Cleanup
[2019-06-24T10:09:12.830+0000][1][safepoint    ] Leaving safepoint region
[2019-06-24T10:09:12.830+0000][1][safepoint    ] Total time for which application threads were stopped: 0.0001827 seconds, Stopping threads took: 0.0000524 seconds
[2019-06-24T10:09:13.830+0000][1][safepoint    ] Application time: 1.0001310 seconds
[2019-06-24T10:09:13.830+0000][1][safepoint    ] Entering safepoint region: Cleanup
[2019-06-24T10:09:13.831+0000][1][safepoint    ] Leaving safepoint region
[2019-06-24T10:09:13.831+0000][1][safepoint    ] Total time for which application threads were stopped: 0.0011331 seconds, Stopping threads took: 0.0009156 seconds
[2019-06-24T10:09:14.831+0000][1][safepoint    ] Application time: 1.0001847 seconds
[2019-06-24T10:09:14.831+0000][1][safepoint    ] Entering safepoint region: Cleanup
[2019-06-24T10:09:14.832+0000][1][safepoint    ] Leaving safepoint region
[2019-06-24T10:09:14.832+0000][1][safepoint    ] Total time for which application threads were stopped: 0.0002287 seconds, Stopping threads took: 0.0000665 seconds
[2019-06-24T10:09:15.832+0000][1][safepoint    ] Application time: 1.0002274 seconds
[2019-06-24T10:09:15.832+0000][1][safepoint    ] Entering safepoint region: Cleanup
[2019-06-24T10:09:15.832+0000][1][safepoint    ] Leaving safepoint region
[2019-06-24T10:09:15.832+0000][1][safepoint    ] Total time for which application threads were stopped: 0.0002273 seconds, Stopping threads took: 0.0000660 seconds
[2019-06-24T10:09:16.832+0000][1][safepoint    ] Application time: 1.0001824 seconds
[2019-06-24T10:09:16.833+0000][1][safepoint    ] Entering safepoint region: Cleanup
[2019-06-24T10:09:16.833+0000][1][safepoint    ] Leaving safepoint region
[2019-06-24T10:09:16.833+0000][1][safepoint    ] Total time for which application threads were stopped: 0.0002809 seconds, Stopping threads took: 0.0000817 seconds
[2019-06-24T10:09:17.833+0000][1][safepoint    ] Application time: 1.0001802 seconds
[2019-06-24T10:09:17.833+0000][1][safepoint    ] Entering safepoint region: Cleanup
[2019-06-24T10:09:17.833+0000][1][safepoint    ] Leaving safepoint region
[2019-06-24T10:09:17.833+0000][1][safepoint    ] Total time for which application threads were stopped: 0.0003345 seconds, Stopping threads took: 0.0000660 seconds
[2019-06-24T10:09:18.834+0000][1][safepoint    ] Application time: 1.0001392 seconds
[2019-06-24T10:09:18.834+0000][1][safepoint    ] Entering safepoint region: Cleanup
[2019-06-24T10:09:18.834+0000][1][safepoint    ] Leaving safepoint region
[2019-06-24T10:09:18.834+0000][1][safepoint    ] Total time for which application threads were stopped: 0.0001445 seconds, Stopping threads took: 0.0000474 seconds
[2019-06-24T10:09:19.834+0000][1][safepoint    ] Application time: 1.0001852 seconds
[2019-06-24T10:09:19.834+0000][1][safepoint    ] Entering safepoint region: Cleanup
[2019-06-24T10:09:19.834+0000][1][safepoint    ] Leaving safepoint region
[2019-06-24T10:09:19.834+0000][1][safepoint    ] Total time for which application threads were stopped: 0.0002653 seconds, Stopping threads took: 0.0000949 seconds
[2019-06-24T10:09:20.835+0000][1][safepoint    ] Application time: 1.0001993 seconds
[2019-06-24T10:09:20.835+0000][1][safepoint    ] Entering safepoint region: Cleanup
[2019-06-24T10:09:20.835+0000][1][safepoint    ] Leaving safepoint region
[2019-06-24T10:09:20.835+0000][1][safepoint    ] Total time for which application threads were stopped: 0.0002991 seconds, Stopping threads took: 0.0001050 seconds
[2019-06-24T10:09:21.835+0000][1][safepoint    ] Application time: 1.0001831 seconds
[2019-06-24T10:09:21.835+0000][1][safepoint    ] Entering safepoint region: Cleanup
[2019-06-24T10:09:21.836+0000][1][safepoint    ] Leaving safepoint region
[2019-06-24T10:09:21.836+0000][1][safepoint    ] Total time for which application threads were stopped: 0.0003692 seconds, Stopping threads took: 0.0001082 seconds
[2019-06-24T10:09:22.836+0000][1][safepoint    ] Application time: 1.0002236 seconds
[2019-06-24T10:09:22.836+0000][1][safepoint    ] Entering safepoint region: Cleanup
[2019-06-24T10:09:22.836+0000][1][safepoint    ] Leaving safepoint region
[2019-06-24T10:09:22.836+0000][1][safepoint    ] Total time for which application threads were stopped: 0.0003041 seconds, Stopping threads took: 0.0000806 seconds
[2019-06-24T10:09:23.837+0000][1][safepoint    ] Application time: 1.0001889 seconds
[2019-06-24T10:09:23.837+0000][1][safepoint    ] Entering safepoint region: Cleanup
[2019-06-24T10:09:23.838+0000][1][safepoint    ] Leaving safepoint region
[2019-06-24T10:09:23.838+0000][1][safepoint    ] Total time for which application threads were stopped: 0.0011451 seconds, Stopping threads took: 0.0009278 seconds
[2019-06-24T10:09:24.838+0000][1][safepoint    ] Application time: 1.0002192 seconds
[2019-06-24T10:09:24.838+0000][1][safepoint    ] Entering safepoint region: Cleanup
[2019-06-24T10:09:24.838+0000][1][safepoint    ] Leaving safepoint region
[2019-06-24T10:09:24.839+0000][1][safepoint    ] Total time for which application threads were stopped: 0.0003081 seconds, Stopping threads took: 0.0000643 seconds
[2019-06-24T10:09:25.839+0000][1][safepoint    ] Application time: 1.0001388 seconds
[2019-06-24T10:09:25.839+0000][1][safepoint    ] Entering safepoint region: Cleanup
[2019-06-24T10:09:25.839+0000][1][safepoint    ] Leaving safepoint region
[2019-06-24T10:09:25.839+0000][1][safepoint    ] Total time for which application threads were stopped: 0.0001984 seconds, Stopping threads took: 0.0000576 seconds
[2019-06-24T10:09:26.839+0000][1][safepoint    ] Application time: 1.0002585 seconds
[2019-06-24T10:09:26.839+0000][1][safepoint    ] Entering safepoint region: Cleanup
[2019-06-24T10:09:26.840+0000][1][safepoint    ] Leaving safepoint region
[2019-06-24T10:09:26.840+0000][1][safepoint    ] Total time for which application threads were stopped: 0.0002343 seconds, Stopping threads took: 0.0000645 seconds
[2019-06-24T10:09:27.840+0000][1][safepoint    ] Application time: 1.0002712 seconds
[2019-06-24T10:09:27.840+0000][1][safepoint    ] Entering safepoint region: Cleanup
[2019-06-24T10:09:27.840+0000][1][safepoint    ] Leaving safepoint region
[2019-06-24T10:09:27.840+0000][1][safepoint    ] Total time for which application threads were stopped: 0.0002308 seconds, Stopping threads took: 0.0000655 seconds
[2019-06-24T10:09:28.841+0000][1][safepoint    ] Application time: 1.0002916 seconds
[2019-06-24T10:09:28.841+0000][1][safepoint    ] Entering safepoint region: Cleanup
[2019-06-24T10:09:28.841+0000][1][safepoint    ] Leaving safepoint region
[2019-06-24T10:09:28.841+0000][1][safepoint    ] Total time for which application threads were stopped: 0.0001167 seconds, Stopping threads took: 0.0000296 seconds
[2019-06-24T10:09:29.841+0000][1][safepoint    ] Application time: 1.0002480 seconds
[2019-06-24T10:09:29.841+0000][1][safepoint    ] Entering safepoint region: Cleanup
[2019-06-24T10:09:29.841+0000][1][safepoint    ] Leaving safepoint region
[2019-06-24T10:09:29.841+0000][1][safepoint    ] Total time for which application threads were stopped: 0.0002362 seconds, Stopping threads took: 0.0000664 seconds
[2019-06-24T10:09:30.842+0000][1][safepoint    ] Application time: 1.0001067 seconds
[2019-06-24T10:09:30.842+0000][1][safepoint    ] Entering safepoint region: Cleanup
[2019-06-24T10:09:30.842+0000][1][safepoint    ] Leaving safepoint region
[2019-06-24T10:09:30.842+0000][1][safepoint    ] Total time for which application threads were stopped: 0.0001944 seconds, Stopping threads took: 0.0000584 seconds
[2019-06-24T10:09:31.842+0000][1][safepoint    ] Application time: 1.0002479 seconds
[2019-06-24T10:09:31.842+0000][1][safepoint    ] Entering safepoint region: Cleanup
[2019-06-24T10:09:31.842+0000][1][safepoint    ] Leaving safepoint region
[2019-06-24T10:09:31.843+0000][1][safepoint    ] Total time for which application threads were stopped: 0.0003459 seconds, Stopping threads took: 0.0000660 seconds
[2019-06-24T10:09:32.843+0000][1][safepoint    ] Application time: 1.0002842 seconds
[2019-06-24T10:09:32.843+0000][1][safepoint    ] Entering safepoint region: Cleanup
[2019-06-24T10:09:32.843+0000][1][safepoint    ] Leaving safepoint region
[2019-06-24T10:09:32.843+0000][1][safepoint    ] Total time for which application threads were stopped: 0.0002304 seconds, Stopping threads took: 0.0000661 seconds
[2019-06-24T10:09:33.844+0000][1][safepoint    ] Application time: 1.0002423 seconds
[2019-06-24T10:09:33.844+0000][1][safepoint    ] Entering safepoint region: Cleanup
[2019-06-24T10:09:33.844+0000][1][safepoint    ] Leaving safepoint region
[2019-06-24T10:09:33.844+0000][1][safepoint    ] Total time for which application threads were stopped: 0.0002315 seconds, Stopping threads took: 0.0000660 seconds
[2019-06-24T10:09:34.844+0000][1][safepoint    ] Application time: 1.0002614 seconds
[2019-06-24T10:09:34.844+0000][1][safepoint    ] Entering safepoint region: Cleanup
[2019-06-24T10:09:34.844+0000][1][safepoint    ] Leaving safepoint region
[2019-06-24T10:09:34.845+0000][1][safepoint    ] Total time for which application threads were stopped: 0.0002377 seconds, Stopping threads took: 0.0000661 seconds
[2019-06-24T10:09:35.845+0000][1][safepoint    ] Application time: 1.0002616 seconds
[2019-06-24T10:09:35.845+0000][1][safepoint    ] Entering safepoint region: Cleanup
[2019-06-24T10:09:35.845+0000][1][safepoint    ] Leaving safepoint region
[2019-06-24T10:09:35.845+0000][1][safepoint    ] Total time for which application threads were stopped: 0.0002418 seconds, Stopping threads took: 0.0000668 seconds
[2019-06-24T10:09:36.845+0000][1][safepoint    ] Application time: 1.0002765 seconds
[2019-06-24T10:09:36.846+0000][1][safepoint    ] Entering safepoint region: Cleanup
[2019-06-24T10:09:36.846+0000][1][safepoint    ] Leaving safepoint region
[2019-06-24T10:09:36.846+0000][1][safepoint    ] Total time for which application threads were stopped: 0.0002370 seconds, Stopping threads took: 0.0000660 seconds
[2019-06-24T10:09:37.846+0000][1][safepoint    ] Application time: 1.0001850 seconds
[2019-06-24T10:09:37.846+0000][1][safepoint    ] Entering safepoint region: Cleanup
[2019-06-24T10:09:37.846+0000][1][safepoint    ] Leaving safepoint region
[2019-06-24T10:09:37.846+0000][1][safepoint    ] Total time for which application threads were stopped: 0.0002646 seconds, Stopping threads took: 0.0000544 seconds
[2019-06-24T10:09:38.847+0000][1][safepoint    ] Application time: 1.0002422 seconds
[2019-06-24T10:09:38.847+0000][1][safepoint    ] Entering safepoint region: Cleanup
[2019-06-24T10:09:38.848+0000][1][safepoint    ] Leaving safepoint region
[2019-06-24T10:09:38.848+0000][1][safepoint    ] Total time for which application threads were stopped: 0.0011594 seconds, Stopping threads took: 0.0008958 seconds
[2019-06-24T10:09:39.848+0000][1][safepoint    ] Application time: 1.0001335 seconds
[2019-06-24T10:09:39.848+0000][1][safepoint    ] Entering safepoint region: Cleanup
[2019-06-24T10:09:39.848+0000][1][safepoint    ] Leaving safepoint region
[2019-06-24T10:09:39.848+0000][1][safepoint    ] Total time for which application threads were stopped: 0.0002590 seconds, Stopping threads took: 0.0000552 seconds
[2019-06-24T10:09:40.849+0000][1][safepoint    ] Application time: 1.0001720 seconds
[2019-06-24T10:09:40.849+0000][1][safepoint    ] Entering safepoint region: Cleanup
[2019-06-24T10:09:40.849+0000][1][safepoint    ] Leaving safepoint region
[2019-06-24T10:09:40.849+0000][1][safepoint    ] Total time for which application threads were stopped: 0.0002271 seconds, Stopping threads took: 0.0000536 seconds
[2019-06-24T10:09:41.849+0000][1][safepoint    ] Application time: 1.0001865 seconds
[2019-06-24T10:09:41.849+0000][1][safepoint    ] Entering safepoint region: Cleanup
[2019-06-24T10:09:41.850+0000][1][safepoint    ] Leaving safepoint region
[2019-06-24T10:09:41.850+0000][1][safepoint    ] Total time for which application threads were stopped: 0.0002462 seconds, Stopping threads took: 0.0000554 seconds
[2019-06-24T10:09:42.850+0000][1][safepoint    ] Application time: 1.0001812 seconds
[2019-06-24T10:09:42.850+0000][1][safepoint    ] Entering safepoint region: Cleanup
[2019-06-24T10:09:42.850+0000][1][safepoint    ] Leaving safepoint region
[2019-06-24T10:09:42.850+0000][1][safepoint    ] Total time for which application threads were stopped: 0.0003579 seconds, Stopping threads took: 0.0001216 seconds
[2019-06-24T10:09:43.851+0000][1][safepoint    ] Application time: 1.0002288 seconds
[2019-06-24T10:09:43.851+0000][1][safepoint    ] Entering safepoint region: Cleanup
[2019-06-24T10:09:43.852+0000][1][safepoint    ] Leaving safepoint region
[2019-06-24T10:09:43.852+0000][1][safepoint    ] Total time for which application threads were stopped: 0.0011208 seconds, Stopping threads took: 0.0008936 seconds
[2019-06-24T10:09:44.852+0000][1][safepoint    ] Application time: 1.0001611 seconds
[2019-06-24T10:09:44.852+0000][1][safepoint    ] Entering safepoint region: Cleanup
[2019-06-24T10:09:44.852+0000][1][safepoint    ] Leaving safepoint region
[2019-06-24T10:09:44.852+0000][1][safepoint    ] Total time for which application threads were stopped: 0.0002850 seconds, Stopping threads took: 0.0000801 seconds
[2019-06-24T10:09:45.853+0000][1][safepoint    ] Application time: 1.0001555 seconds
[2019-06-24T10:09:45.853+0000][1][safepoint    ] Entering safepoint region: Cleanup
[2019-06-24T10:09:45.853+0000][1][safepoint    ] Leaving safepoint region
[2019-06-24T10:09:45.853+0000][1][safepoint    ] Total time for which application threads were stopped: 0.0002863 seconds, Stopping threads took: 0.0000820 seconds
[2019-06-24T10:09:46.853+0000][1][safepoint    ] Application time: 1.0001525 seconds
[2019-06-24T10:09:46.853+0000][1][safepoint    ] Entering safepoint region: Cleanup
[2019-06-24T10:09:46.853+0000][1][safepoint    ] Leaving safepoint region
[2019-06-24T10:09:46.854+0000][1][safepoint    ] Total time for which application threads were stopped: 0.0002774 seconds, Stopping threads took: 0.0000783 seconds
[2019-06-24T10:09:47.854+0000][1][safepoint    ] Application time: 1.0001412 seconds
[2019-06-24T10:09:47.854+0000][1][safepoint    ] Entering safepoint region: Cleanup
[2019-06-24T10:09:47.854+0000][1][safepoint    ] Leaving safepoint region
[2019-06-24T10:09:47.854+0000][1][safepoint    ] Total time for which application threads were stopped: 0.0001239 seconds, Stopping threads took: 0.0000273 seconds
[2019-06-24T10:09:48.854+0000][1][safepoint    ] Application time: 1.0001153 seconds
[2019-06-24T10:09:48.855+0000][1][safepoint    ] Entering safepoint region: Cleanup
[2019-06-24T10:09:48.855+0000][1][safepoint    ] Leaving safepoint region
[2019-06-24T10:09:48.855+0000][1][safepoint    ] Total time for which application threads were stopped: 0.0002312 seconds, Stopping threads took: 0.0000825 seconds
[2019-06-24T10:09:49.855+0000][1][safepoint    ] Application time: 1.0001457 seconds
[2019-06-24T10:09:49.855+0000][1][safepoint    ] Entering safepoint region: Cleanup
[2019-06-24T10:09:49.856+0000][1][safepoint    ] Leaving safepoint region
[2019-06-24T10:09:49.856+0000][1][safepoint    ] Total time for which application threads were stopped: 0.0005372 seconds, Stopping threads took: 0.0001562 seconds
[2019-06-24T10:09:50.856+0000][1][safepoint    ] Application time: 1.0002072 seconds
[2019-06-24T10:09:50.856+0000][1][safepoint    ] Entering safepoint region: Cleanup
[2019-06-24T10:09:50.856+0000][1][safepoint    ] Leaving safepoint region
[2019-06-24T10:09:50.856+0000][1][safepoint    ] Total time for which application threads were stopped: 0.0002189 seconds, Stopping threads took: 0.0000661 seconds
[2019-06-24T10:09:51.856+0000][1][safepoint    ] Application time: 1.0001137 seconds
[2019-06-24T10:09:51.857+0000][1][safepoint    ] Entering safepoint region: Cleanup
[2019-06-24T10:09:51.857+0000][1][safepoint    ] Leaving safepoint region
[2019-06-24T10:09:51.857+0000][1][safepoint    ] Total time for which application threads were stopped: 0.0001847 seconds, Stopping threads took: 0.0000562 seconds
[2019-06-24T10:09:52.857+0000][1][safepoint    ] Application time: 1.0002008 seconds
[2019-06-24T10:09:52.857+0000][1][safepoint    ] Entering safepoint region: Cleanup
[2019-06-24T10:09:52.857+0000][1][safepoint    ] Leaving safepoint region
[2019-06-24T10:09:52.857+0000][1][safepoint    ] Total time for which application threads were stopped: 0.0002240 seconds, Stopping threads took: 0.0000751 seconds
[2019-06-24T10:09:53.857+0000][1][safepoint    ] Application time: 1.0001762 seconds
[2019-06-24T10:09:53.858+0000][1][safepoint    ] Entering safepoint region: Cleanup
[2019-06-24T10:09:53.858+0000][1][safepoint    ] Leaving safepoint region
[2019-06-24T10:09:53.858+0000][1][safepoint    ] Total time for which application threads were stopped: 0.0002220 seconds, Stopping threads took: 0.0000649 seconds
[2019-06-24T10:09:54.858+0000][1][safepoint    ] Application time: 1.0001922 seconds
[2019-06-24T10:09:54.858+0000][1][safepoint    ] Entering safepoint region: Cleanup
[2019-06-24T10:09:54.858+0000][1][safepoint    ] Leaving safepoint region
[2019-06-24T10:09:54.858+0000][1][safepoint    ] Total time for which application threads were stopped: 0.0002171 seconds, Stopping threads took: 0.0000642 seconds
[2019-06-24T10:09:55.859+0000][1][safepoint    ] Application time: 1.0001533 seconds
[2019-06-24T10:09:55.859+0000][1][safepoint    ] Entering safepoint region: Cleanup
[2019-06-24T10:09:55.859+0000][1][safepoint    ] Leaving safepoint region
[2019-06-24T10:09:55.859+0000][1][safepoint    ] Total time for which application threads were stopped: 0.0003235 seconds, Stopping threads took: 0.0000907 seconds
[2019-06-24T10:09:57.028+0000][1][safepoint    ] Application time: 1.1690599 seconds
[2019-06-24T10:09:57.028+0000][1][safepoint    ] Entering safepoint region: Cleanup
[2019-06-24T10:09:57.029+0000][1][safepoint    ] Leaving safepoint region
[2019-06-24T10:09:57.029+0000][1][safepoint    ] Total time for which application threads were stopped: 0.0002648 seconds, Stopping threads took: 0.0001008 seconds
[2019-06-24T10:09:58.029+0000][1][safepoint    ] Application time: 1.0001551 seconds
[2019-06-24T10:09:58.029+0000][1][safepoint    ] Entering safepoint region: Cleanup
[2019-06-24T10:09:58.029+0000][1][safepoint    ] Leaving safepoint region
[2019-06-24T10:09:58.029+0000][1][safepoint    ] Total time for which application threads were stopped: 0.0003553 seconds, Stopping threads took: 0.0001853 seconds
[2019-06-24T10:09:59.030+0000][1][safepoint    ] Application time: 1.0002918 seconds
[2019-06-24T10:09:59.030+0000][1][safepoint    ] Entering safepoint region: Cleanup
[2019-06-24T10:09:59.030+0000][1][safepoint    ] Leaving safepoint region
[2019-06-24T10:09:59.030+0000][1][safepoint    ] Total time for which application threads were stopped: 0.0002262 seconds, Stopping threads took: 0.0000660 seconds
[2019-06-24T10:10:00.030+0000][1][safepoint    ] Application time: 1.0001895 seconds
[2019-06-24T10:10:00.030+0000][1][safepoint    ] Entering safepoint region: Cleanup
[2019-06-24T10:10:00.031+0000][1][safepoint    ] Leaving safepoint region
[2019-06-24T10:10:00.031+0000][1][safepoint    ] Total time for which application threads were stopped: 0.0003056 seconds, Stopping threads took: 0.0000668 seconds
[2019-06-24T10:10:01.031+0000][1][safepoint    ] Application time: 1.0001314 seconds
[2019-06-24T10:10:01.031+0000][1][safepoint    ] Entering safepoint region: Cleanup
[2019-06-24T10:10:01.031+0000][1][safepoint    ] Leaving safepoint region
[2019-06-24T10:10:01.031+0000][1][safepoint    ] Total time for which application threads were stopped: 0.0002233 seconds, Stopping threads took: 0.0000665 seconds
[2019-06-24T10:10:02.031+0000][1][safepoint    ] Application time: 1.0002303 seconds
[2019-06-24T10:10:02.031+0000][1][safepoint    ] Entering safepoint region: Cleanup
[2019-06-24T10:10:02.032+0000][1][safepoint    ] Leaving safepoint region
[2019-06-24T10:10:02.032+0000][1][safepoint    ] Total time for which application threads were stopped: 0.0002202 seconds, Stopping threads took: 0.0000651 seconds
[2019-06-24T10:10:03.032+0000][1][safepoint    ] Application time: 1.0001864 seconds
[2019-06-24T10:10:03.032+0000][1][safepoint    ] Entering safepoint region: Cleanup
[2019-06-24T10:10:03.032+0000][1][safepoint    ] Leaving safepoint region
[2019-06-24T10:10:03.032+0000][1][safepoint    ] Total time for which application threads were stopped: 0.0003157 seconds, Stopping threads took: 0.0001465 seconds
[2019-06-24T10:10:04.033+0000][1][safepoint    ] Application time: 1.0002740 seconds
[2019-06-24T10:10:04.033+0000][1][safepoint    ] Entering safepoint region: Cleanup
[2019-06-24T10:10:04.033+0000][1][safepoint    ] Leaving safepoint region
[2019-06-24T10:10:04.033+0000][1][safepoint    ] Total time for which application threads were stopped: 0.0002232 seconds, Stopping threads took: 0.0000654 seconds
[2019-06-24T10:10:05.033+0000][1][safepoint    ] Application time: 1.0001586 seconds
[2019-06-24T10:10:05.033+0000][1][safepoint    ] Entering safepoint region: Cleanup
[2019-06-24T10:10:05.034+0000][1][safepoint    ] Leaving safepoint region
[2019-06-24T10:10:05.034+0000][1][safepoint    ] Total time for which application threads were stopped: 0.0003530 seconds, Stopping threads took: 0.0000926 seconds
[2019-06-24T10:10:06.034+0000][1][safepoint    ] Application time: 1.0002903 seconds
[2019-06-24T10:10:06.034+0000][1][safepoint    ] Entering safepoint region: Cleanup
[2019-06-24T10:10:06.034+0000][1][safepoint    ] Leaving safepoint region
[2019-06-24T10:10:06.034+0000][1][safepoint    ] Total time for which application threads were stopped: 0.0002271 seconds, Stopping threads took: 0.0000663 seconds
[2019-06-24T10:10:07.035+0000][1][safepoint    ] Application time: 1.0003005 seconds
[2019-06-24T10:10:07.035+0000][1][safepoint    ] Entering safepoint region: Cleanup
[2019-06-24T10:10:07.035+0000][1][safepoint    ] Leaving safepoint region
[2019-06-24T10:10:07.035+0000][1][safepoint    ] Total time for which application threads were stopped: 0.0002225 seconds, Stopping threads took: 0.0000670 seconds
[2019-06-24T10:10:08.035+0000][1][safepoint    ] Application time: 1.0002895 seconds
[2019-06-24T10:10:08.035+0000][1][safepoint    ] Entering safepoint region: Cleanup
[2019-06-24T10:10:08.036+0000][1][safepoint    ] Leaving safepoint region
[2019-06-24T10:10:08.036+0000][1][safepoint    ] Total time for which application threads were stopped: 0.0002650 seconds, Stopping threads took: 0.0000965 seconds
[2019-06-24T10:10:09.036+0000][1][safepoint    ] Application time: 1.0002377 seconds
[2019-06-24T10:10:09.036+0000][1][safepoint    ] Entering safepoint region: Cleanup
[2019-06-24T10:10:09.036+0000][1][safepoint    ] Leaving safepoint region
[2019-06-24T10:10:09.036+0000][1][safepoint    ] Total time for which application threads were stopped: 0.0002281 seconds, Stopping threads took: 0.0000679 seconds
[2019-06-24T10:10:10.037+0000][1][safepoint    ] Application time: 1.0002140 seconds
[2019-06-24T10:10:10.037+0000][1][safepoint    ] Entering safepoint region: Cleanup
[2019-06-24T10:10:10.037+0000][1][safepoint    ] Leaving safepoint region
[2019-06-24T10:10:10.037+0000][1][safepoint    ] Total time for which application threads were stopped: 0.0002257 seconds, Stopping threads took: 0.0000659 seconds
[2019-06-24T10:10:11.379+0000][1][safepoint    ] Application time: 1.3424704 seconds
[2019-06-24T10:10:11.380+0000][1][safepoint    ] Entering safepoint region: Cleanup
[2019-06-24T10:10:11.380+0000][1][safepoint    ] Leaving safepoint region
[2019-06-24T10:10:11.380+0000][1][safepoint    ] Total time for which application threads were stopped: 0.0002243 seconds, Stopping threads took: 0.0000656 seconds
[2019-06-24T10:10:12.380+0000][1][safepoint    ] Application time: 1.0001710 seconds
[2019-06-24T10:10:12.380+0000][1][safepoint    ] Entering safepoint region: Cleanup
[2019-06-24T10:10:12.380+0000][1][safepoint    ] Leaving safepoint region
[2019-06-24T10:10:12.380+0000][1][safepoint    ] Total time for which application threads were stopped: 0.0002110 seconds, Stopping threads took: 0.0000619 seconds
[2019-06-24T10:10:13.048+0000][1][safepoint    ] Application time: 0.6677880 seconds
[2019-06-24T10:10:13.048+0000][1][safepoint    ] Entering safepoint region: GenCollectForAllocation
[2019-06-24T10:10:13.048+0000][1][gc,start     ] GC(30) Pause Young (Allocation Failure)
[2019-06-24T10:10:13.048+0000][1][gc,task      ] GC(30) Using 5 workers of 8 for evacuation
[2019-06-24T10:10:13.050+0000][1][gc,age       ] GC(30) Desired survivor size 4456448 bytes, new threshold 6 (max threshold 6)
[2019-06-24T10:10:13.050+0000][1][gc,age       ] GC(30) Age table with threshold 6 (max threshold 6)
[2019-06-24T10:10:13.050+0000][1][gc,age       ] GC(30) - age   1:       4888 bytes,       4888 total
[2019-06-24T10:10:13.050+0000][1][gc,age       ] GC(30) - age   2:      73464 bytes,      78352 total
[2019-06-24T10:10:13.050+0000][1][gc,age       ] GC(30) - age   3:       2864 bytes,      81216 total
[2019-06-24T10:10:13.050+0000][1][gc,age       ] GC(30) - age   4:      64784 bytes,     146000 total
[2019-06-24T10:10:13.050+0000][1][gc,age       ] GC(30) - age   5:       3192 bytes,     149192 total
[2019-06-24T10:10:13.050+0000][1][gc,age       ] GC(30) - age   6:     113544 bytes,     262736 total
[2019-06-24T10:10:13.050+0000][1][gc,heap      ] GC(30) ParNew: 70335K->465K(78656K)
[2019-06-24T10:10:13.050+0000][1][gc,heap      ] GC(30) CMS: 69281K->69285K(174784K)
[2019-06-24T10:10:13.050+0000][1][gc,metaspace ] GC(30) Metaspace: 68084K->68084K(1112064K)
[2019-06-24T10:10:13.050+0000][1][gc           ] GC(30) Pause Young (Allocation Failure) 136M->68M(247M) 1.551ms
[2019-06-24T10:10:13.050+0000][1][gc,cpu       ] GC(30) User=0.00s Sys=0.00s Real=0.00s
[2019-06-24T10:10:13.050+0000][1][safepoint    ] Leaving safepoint region
[2019-06-24T10:10:13.050+0000][1][safepoint    ] Total time for which application threads were stopped: 0.0017392 seconds, Stopping threads took: 0.0000365 seconds
[2019-06-24T10:10:14.050+0000][1][safepoint    ] Application time: 1.0002461 seconds
[2019-06-24T10:10:14.050+0000][1][safepoint    ] Entering safepoint region: Cleanup
[2019-06-24T10:10:14.050+0000][1][safepoint    ] Leaving safepoint region
[2019-06-24T10:10:14.051+0000][1][safepoint    ] Total time for which application threads were stopped: 0.0003048 seconds, Stopping threads took: 0.0000651 seconds
[2019-06-24T10:10:15.051+0000][1][safepoint    ] Application time: 1.0001301 seconds
[2019-06-24T10:10:15.051+0000][1][safepoint    ] Entering safepoint region: Cleanup
[2019-06-24T10:10:15.051+0000][1][safepoint    ] Leaving safepoint region
[2019-06-24T10:10:15.051+0000][1][safepoint    ] Total time for which application threads were stopped: 0.0002043 seconds, Stopping threads took: 0.0000616 seconds
[2019-06-24T10:10:16.051+0000][1][safepoint    ] Application time: 1.0002419 seconds
[2019-06-24T10:10:16.051+0000][1][safepoint    ] Entering safepoint region: Cleanup
[2019-06-24T10:10:16.052+0000][1][safepoint    ] Leaving safepoint region
[2019-06-24T10:10:16.052+0000][1][safepoint    ] Total time for which application threads were stopped: 0.0001981 seconds, Stopping threads took: 0.0000574 seconds
[2019-06-24T10:10:17.052+0000][1][safepoint    ] Application time: 1.0002124 seconds
[2019-06-24T10:10:17.052+0000][1][safepoint    ] Entering safepoint region: Cleanup
[2019-06-24T10:10:17.052+0000][1][safepoint    ] Leaving safepoint region
[2019-06-24T10:10:17.052+0000][1][safepoint    ] Total time for which application threads were stopped: 0.0001728 seconds, Stopping threads took: 0.0000501 seconds
[2019-06-24T10:10:18.052+0000][1][safepoint    ] Application time: 1.0001853 seconds
[2019-06-24T10:10:18.053+0000][1][safepoint    ] Entering safepoint region: Cleanup
[2019-06-24T10:10:18.053+0000][1][safepoint    ] Leaving safepoint region
[2019-06-24T10:10:18.053+0000][1][safepoint    ] Total time for which application threads were stopped: 0.0003268 seconds, Stopping threads took: 0.0001658 seconds
[2019-06-24T10:10:19.053+0000][1][safepoint    ] Application time: 1.0002536 seconds
[2019-06-24T10:10:19.053+0000][1][safepoint    ] Entering safepoint region: Cleanup
[2019-06-24T10:10:19.053+0000][1][safepoint    ] Leaving safepoint region
[2019-06-24T10:10:19.053+0000][1][safepoint    ] Total time for which application threads were stopped: 0.0001971 seconds, Stopping threads took: 0.0000587 seconds
[2019-06-24T10:10:20.054+0000][1][safepoint    ] Application time: 1.0002016 seconds
[2019-06-24T10:10:20.054+0000][1][safepoint    ] Entering safepoint region: Cleanup
[2019-06-24T10:10:20.054+0000][1][safepoint    ] Leaving safepoint region
[2019-06-24T10:10:20.054+0000][1][safepoint    ] Total time for which application threads were stopped: 0.0002222 seconds, Stopping threads took: 0.0000668 seconds
[2019-06-24T10:10:21.054+0000][1][safepoint    ] Application time: 1.0002548 seconds
[2019-06-24T10:10:21.054+0000][1][safepoint    ] Entering safepoint region: Cleanup
[2019-06-24T10:10:21.055+0000][1][safepoint    ] Leaving safepoint region
[2019-06-24T10:10:21.055+0000][1][safepoint    ] Total time for which application threads were stopped: 0.0003493 seconds, Stopping threads took: 0.0000803 seconds
[2019-06-24T10:10:22.055+0000][1][safepoint    ] Application time: 1.0001434 seconds
[2019-06-24T10:10:22.055+0000][1][safepoint    ] Entering safepoint region: Cleanup
[2019-06-24T10:10:22.055+0000][1][safepoint    ] Leaving safepoint region
[2019-06-24T10:10:22.055+0000][1][safepoint    ] Total time for which application threads were stopped: 0.0002146 seconds, Stopping threads took: 0.0000632 seconds
[2019-06-24T10:10:23.056+0000][1][safepoint    ] Application time: 1.0002615 seconds
[2019-06-24T10:10:23.056+0000][1][safepoint    ] Entering safepoint region: Cleanup
[2019-06-24T10:10:23.056+0000][1][safepoint    ] Leaving safepoint region
[2019-06-24T10:10:23.056+0000][1][safepoint    ] Total time for which application threads were stopped: 0.0002159 seconds, Stopping threads took: 0.0000622 seconds
[2019-06-24T10:10:23.059+0000][1][safepoint    ] Application time: 0.0029320 seconds
[2019-06-24T10:10:23.059+0000][1][safepoint    ] Entering safepoint region: RevokeBias
[2019-06-24T10:10:23.059+0000][1][safepoint    ] Leaving safepoint region
[2019-06-24T10:10:23.059+0000][1][safepoint    ] Total time for which application threads were stopped: 0.0003037 seconds, Stopping threads took: 0.0000560 seconds
[2019-06-24T10:10:24.059+0000][1][safepoint    ] Application time: 1.0002885 seconds
[2019-06-24T10:10:24.060+0000][1][safepoint    ] Entering safepoint region: Cleanup
[2019-06-24T10:10:24.060+0000][1][safepoint    ] Leaving safepoint region
[2019-06-24T10:10:24.060+0000][1][safepoint    ] Total time for which application threads were stopped: 0.0002472 seconds, Stopping threads took: 0.0000950 seconds
[2019-06-24T10:10:25.060+0000][1][safepoint    ] Application time: 1.0002515 seconds
[2019-06-24T10:10:25.060+0000][1][safepoint    ] Entering safepoint region: Cleanup
[2019-06-24T10:10:25.060+0000][1][safepoint    ] Leaving safepoint region
[2019-06-24T10:10:25.060+0000][1][safepoint    ] Total time for which application threads were stopped: 0.0001328 seconds, Stopping threads took: 0.0000386 seconds
[2019-06-24T10:10:26.061+0000][1][safepoint    ] Application time: 1.0002540 seconds
[2019-06-24T10:10:26.061+0000][1][safepoint    ] Entering safepoint region: Cleanup
[2019-06-24T10:10:26.061+0000][1][safepoint    ] Leaving safepoint region
[2019-06-24T10:10:26.061+0000][1][safepoint    ] Total time for which application threads were stopped: 0.0002250 seconds, Stopping threads took: 0.0000676 seconds
[2019-06-24T10:10:27.061+0000][1][safepoint    ] Application time: 1.0002572 seconds
[2019-06-24T10:10:27.061+0000][1][safepoint    ] Entering safepoint region: Cleanup
[2019-06-24T10:10:27.062+0000][1][safepoint    ] Leaving safepoint region
[2019-06-24T10:10:27.062+0000][1][safepoint    ] Total time for which application threads were stopped: 0.0002247 seconds, Stopping threads took: 0.0000657 seconds
[2019-06-24T10:10:28.062+0000][1][safepoint    ] Application time: 1.0002660 seconds
[2019-06-24T10:10:28.062+0000][1][safepoint    ] Entering safepoint region: Cleanup
[2019-06-24T10:10:28.062+0000][1][safepoint    ] Leaving safepoint region
[2019-06-24T10:10:28.062+0000][1][safepoint    ] Total time for which application threads were stopped: 0.0002607 seconds, Stopping threads took: 0.0001022 seconds
[2019-06-24T10:10:29.063+0000][1][safepoint    ] Application time: 1.0002750 seconds
[2019-06-24T10:10:29.063+0000][1][safepoint    ] Entering safepoint region: Cleanup
[2019-06-24T10:10:29.063+0000][1][safepoint    ] Leaving safepoint region
[2019-06-24T10:10:29.063+0000][1][safepoint    ] Total time for which application threads were stopped: 0.0002227 seconds, Stopping threads took: 0.0000668 seconds
[2019-06-24T10:10:30.063+0000][1][safepoint    ] Application time: 1.0001897 seconds
[2019-06-24T10:10:30.063+0000][1][safepoint    ] Entering safepoint region: Cleanup
[2019-06-24T10:10:30.063+0000][1][safepoint    ] Leaving safepoint region
[2019-06-24T10:10:30.063+0000][1][safepoint    ] Total time for which application threads were stopped: 0.0002098 seconds, Stopping threads took: 0.0000644 seconds
[2019-06-24T10:10:31.064+0000][1][safepoint    ] Application time: 1.0002508 seconds
[2019-06-24T10:10:31.064+0000][1][safepoint    ] Entering safepoint region: Cleanup
[2019-06-24T10:10:31.064+0000][1][safepoint    ] Leaving safepoint region
[2019-06-24T10:10:31.064+0000][1][safepoint    ] Total time for which application threads were stopped: 0.0001947 seconds, Stopping threads took: 0.0000566 seconds
[2019-06-24T10:10:32.064+0000][1][safepoint    ] Application time: 1.0002608 seconds
[2019-06-24T10:10:32.064+0000][1][safepoint    ] Entering safepoint region: Cleanup
[2019-06-24T10:10:32.065+0000][1][safepoint    ] Leaving safepoint region
[2019-06-24T10:10:32.065+0000][1][safepoint    ] Total time for which application threads were stopped: 0.0001906 seconds, Stopping threads took: 0.0000573 seconds
[2019-06-24T10:10:33.065+0000][1][safepoint    ] Application time: 1.0001518 seconds
[2019-06-24T10:10:33.065+0000][1][safepoint    ] Entering safepoint region: Cleanup
[2019-06-24T10:10:33.065+0000][1][safepoint    ] Leaving safepoint region
[2019-06-24T10:10:33.065+0000][1][safepoint    ] Total time for which application threads were stopped: 0.0002165 seconds, Stopping threads took: 0.0000650 seconds
[2019-06-24T10:10:34.413+0000][1][safepoint    ] Application time: 1.3480167 seconds
[2019-06-24T10:10:34.413+0000][1][safepoint    ] Entering safepoint region: Cleanup
[2019-06-24T10:10:34.413+0000][1][safepoint    ] Leaving safepoint region
[2019-06-24T10:10:34.413+0000][1][safepoint    ] Total time for which application threads were stopped: 0.0002235 seconds, Stopping threads took: 0.0000648 seconds
[2019-06-24T10:10:35.414+0000][1][safepoint    ] Application time: 1.0001776 seconds
[2019-06-24T10:10:35.414+0000][1][safepoint    ] Entering safepoint region: Cleanup
[2019-06-24T10:10:35.414+0000][1][safepoint    ] Leaving safepoint region
[2019-06-24T10:10:35.414+0000][1][safepoint    ] Total time for which application threads were stopped: 0.0003493 seconds, Stopping threads took: 0.0001846 seconds
[2019-06-24T10:10:36.414+0000][1][safepoint    ] Application time: 1.0002060 seconds
[2019-06-24T10:10:36.415+0000][1][safepoint    ] Entering safepoint region: Cleanup
[2019-06-24T10:10:36.415+0000][1][safepoint    ] Leaving safepoint region
[2019-06-24T10:10:36.415+0000][1][safepoint    ] Total time for which application threads were stopped: 0.0002346 seconds, Stopping threads took: 0.0000670 seconds
[2019-06-24T10:10:37.415+0000][1][safepoint    ] Application time: 1.0002808 seconds
[2019-06-24T10:10:37.415+0000][1][safepoint    ] Entering safepoint region: Cleanup
[2019-06-24T10:10:37.415+0000][1][safepoint    ] Leaving safepoint region
[2019-06-24T10:10:37.415+0000][1][safepoint    ] Total time for which application threads were stopped: 0.0002257 seconds, Stopping threads took: 0.0000787 seconds
[2019-06-24T10:10:38.416+0000][1][safepoint    ] Application time: 1.0002652 seconds
[2019-06-24T10:10:38.416+0000][1][safepoint    ] Entering safepoint region: Cleanup
[2019-06-24T10:10:38.416+0000][1][safepoint    ] Leaving safepoint region
[2019-06-24T10:10:38.416+0000][1][safepoint    ] Total time for which application threads were stopped: 0.0002951 seconds, Stopping threads took: 0.0001337 seconds
[2019-06-24T10:10:39.416+0000][1][safepoint    ] Application time: 1.0002617 seconds
[2019-06-24T10:10:39.417+0000][1][safepoint    ] Entering safepoint region: Cleanup
[2019-06-24T10:10:39.417+0000][1][safepoint    ] Leaving safepoint region
[2019-06-24T10:10:39.417+0000][1][safepoint    ] Total time for which application threads were stopped: 0.0002601 seconds, Stopping threads took: 0.0001040 seconds
[2019-06-24T10:10:40.417+0000][1][safepoint    ] Application time: 1.0002183 seconds
[2019-06-24T10:10:40.417+0000][1][safepoint    ] Entering safepoint region: Cleanup
[2019-06-24T10:10:40.417+0000][1][safepoint    ] Leaving safepoint region
[2019-06-24T10:10:40.417+0000][1][safepoint    ] Total time for which application threads were stopped: 0.0002449 seconds, Stopping threads took: 0.0000785 seconds
[2019-06-24T10:10:41.418+0000][1][safepoint    ] Application time: 1.0002499 seconds
[2019-06-24T10:10:41.418+0000][1][safepoint    ] Entering safepoint region: Cleanup
[2019-06-24T10:10:41.418+0000][1][safepoint    ] Leaving safepoint region
[2019-06-24T10:10:41.418+0000][1][safepoint    ] Total time for which application threads were stopped: 0.0002219 seconds, Stopping threads took: 0.0000870 seconds
[2019-06-24T10:10:42.418+0000][1][safepoint    ] Application time: 1.0001948 seconds
[2019-06-24T10:10:42.418+0000][1][safepoint    ] Entering safepoint region: Cleanup
[2019-06-24T10:10:42.419+0000][1][safepoint    ] Leaving safepoint region
[2019-06-24T10:10:42.419+0000][1][safepoint    ] Total time for which application threads were stopped: 0.0003318 seconds, Stopping threads took: 0.0000635 seconds
[2019-06-24T10:10:43.419+0000][1][safepoint    ] Application time: 1.0002478 seconds
[2019-06-24T10:10:43.419+0000][1][safepoint    ] Entering safepoint region: Cleanup
[2019-06-24T10:10:43.419+0000][1][safepoint    ] Leaving safepoint region
[2019-06-24T10:10:43.419+0000][1][safepoint    ] Total time for which application threads were stopped: 0.0001928 seconds, Stopping threads took: 0.0000563 seconds
[2019-06-24T10:10:44.420+0000][1][safepoint    ] Application time: 1.0002542 seconds
[2019-06-24T10:10:44.420+0000][1][safepoint    ] Entering safepoint region: Cleanup
[2019-06-24T10:10:44.420+0000][1][safepoint    ] Leaving safepoint region
[2019-06-24T10:10:44.420+0000][1][safepoint    ] Total time for which application threads were stopped: 0.0001971 seconds, Stopping threads took: 0.0000581 seconds
[2019-06-24T10:10:45.420+0000][1][safepoint    ] Application time: 1.0001356 seconds
[2019-06-24T10:10:45.420+0000][1][safepoint    ] Entering safepoint region: Cleanup
[2019-06-24T10:10:45.420+0000][1][safepoint    ] Leaving safepoint region
[2019-06-24T10:10:45.420+0000][1][safepoint    ] Total time for which application threads were stopped: 0.0002206 seconds, Stopping threads took: 0.0000632 seconds
[2019-06-24T10:10:46.421+0000][1][safepoint    ] Application time: 1.0002365 seconds
[2019-06-24T10:10:46.421+0000][1][safepoint    ] Entering safepoint region: Cleanup
[2019-06-24T10:10:46.421+0000][1][safepoint    ] Leaving safepoint region
[2019-06-24T10:10:46.421+0000][1][safepoint    ] Total time for which application threads were stopped: 0.0002187 seconds, Stopping threads took: 0.0000643 seconds
[2019-06-24T10:10:47.421+0000][1][safepoint    ] Application time: 1.0002681 seconds
[2019-06-24T10:10:47.421+0000][1][safepoint    ] Entering safepoint region: Cleanup
[2019-06-24T10:10:47.422+0000][1][safepoint    ] Leaving safepoint region
[2019-06-24T10:10:47.422+0000][1][safepoint    ] Total time for which application threads were stopped: 0.0002229 seconds, Stopping threads took: 0.0000640 seconds
[2019-06-24T10:10:48.422+0000][1][safepoint    ] Application time: 1.0002559 seconds
[2019-06-24T10:10:48.422+0000][1][safepoint    ] Entering safepoint region: Cleanup
[2019-06-24T10:10:48.422+0000][1][safepoint    ] Leaving safepoint region
[2019-06-24T10:10:48.422+0000][1][safepoint    ] Total time for which application threads were stopped: 0.0002506 seconds, Stopping threads took: 0.0000963 seconds
[2019-06-24T10:10:49.423+0000][1][safepoint    ] Application time: 1.0003189 seconds
[2019-06-24T10:10:49.423+0000][1][safepoint    ] Entering safepoint region: Cleanup
[2019-06-24T10:10:49.423+0000][1][safepoint    ] Leaving safepoint region
[2019-06-24T10:10:49.423+0000][1][safepoint    ] Total time for which application threads were stopped: 0.0001924 seconds, Stopping threads took: 0.0000560 seconds
[2019-06-24T10:10:50.423+0000][1][safepoint    ] Application time: 1.0001493 seconds
[2019-06-24T10:10:50.423+0000][1][safepoint    ] Entering safepoint region: Cleanup
[2019-06-24T10:10:50.423+0000][1][safepoint    ] Leaving safepoint region
[2019-06-24T10:10:50.423+0000][1][safepoint    ] Total time for which application threads were stopped: 0.0002045 seconds, Stopping threads took: 0.0000587 seconds
[2019-06-24T10:10:51.424+0000][1][safepoint    ] Application time: 1.0002576 seconds
[2019-06-24T10:10:51.424+0000][1][safepoint    ] Entering safepoint region: Cleanup
[2019-06-24T10:10:51.424+0000][1][safepoint    ] Leaving safepoint region
[2019-06-24T10:10:51.424+0000][1][safepoint    ] Total time for which application threads were stopped: 0.0002162 seconds, Stopping threads took: 0.0000617 seconds
[2019-06-24T10:10:52.424+0000][1][safepoint    ] Application time: 1.0002729 seconds
[2019-06-24T10:10:52.424+0000][1][safepoint    ] Entering safepoint region: Cleanup
[2019-06-24T10:10:52.425+0000][1][safepoint    ] Leaving safepoint region
[2019-06-24T10:10:52.425+0000][1][safepoint    ] Total time for which application threads were stopped: 0.0002188 seconds, Stopping threads took: 0.0000641 seconds
[2019-06-24T10:10:53.425+0000][1][safepoint    ] Application time: 1.0002258 seconds
[2019-06-24T10:10:53.425+0000][1][safepoint    ] Entering safepoint region: Cleanup
[2019-06-24T10:10:53.425+0000][1][safepoint    ] Leaving safepoint region
[2019-06-24T10:10:53.425+0000][1][safepoint    ] Total time for which application threads were stopped: 0.0001859 seconds, Stopping threads took: 0.0000548 seconds
[2019-06-24T10:10:54.425+0000][1][safepoint    ] Application time: 1.0002600 seconds
[2019-06-24T10:10:54.426+0000][1][safepoint    ] Entering safepoint region: Cleanup
[2019-06-24T10:10:54.426+0000][1][safepoint    ] Leaving safepoint region
[2019-06-24T10:10:54.426+0000][1][safepoint    ] Total time for which application threads were stopped: 0.0002436 seconds, Stopping threads took: 0.0000965 seconds
[2019-06-24T10:10:55.426+0000][1][safepoint    ] Application time: 1.0001262 seconds
[2019-06-24T10:10:55.426+0000][1][safepoint    ] Entering safepoint region: Cleanup
[2019-06-24T10:10:55.426+0000][1][safepoint    ] Leaving safepoint region
[2019-06-24T10:10:55.426+0000][1][safepoint    ] Total time for which application threads were stopped: 0.0002418 seconds, Stopping threads took: 0.0000944 seconds
[2019-06-24T10:10:56.427+0000][1][safepoint    ] Application time: 1.0002660 seconds
[2019-06-24T10:10:56.427+0000][1][safepoint    ] Entering safepoint region: Cleanup
[2019-06-24T10:10:56.427+0000][1][safepoint    ] Leaving safepoint region
[2019-06-24T10:10:56.427+0000][1][safepoint    ] Total time for which application threads were stopped: 0.0002130 seconds, Stopping threads took: 0.0000670 seconds
[2019-06-24T10:10:57.427+0000][1][safepoint    ] Application time: 1.0001908 seconds
[2019-06-24T10:10:57.427+0000][1][safepoint    ] Entering safepoint region: Cleanup
[2019-06-24T10:10:57.427+0000][1][safepoint    ] Leaving safepoint region
[2019-06-24T10:10:57.427+0000][1][safepoint    ] Total time for which application threads were stopped: 0.0002169 seconds, Stopping threads took: 0.0000623 seconds
[2019-06-24T10:10:58.428+0000][1][safepoint    ] Application time: 1.0002350 seconds
[2019-06-24T10:10:58.428+0000][1][safepoint    ] Entering safepoint region: Cleanup
[2019-06-24T10:10:58.428+0000][1][safepoint    ] Leaving safepoint region
[2019-06-24T10:10:58.428+0000][1][safepoint    ] Total time for which application threads were stopped: 0.0002553 seconds, Stopping threads took: 0.0000989 seconds
[2019-06-24T10:10:59.428+0000][1][safepoint    ] Application time: 1.0002492 seconds
[2019-06-24T10:10:59.428+0000][1][safepoint    ] Entering safepoint region: Cleanup
[2019-06-24T10:10:59.429+0000][1][safepoint    ] Leaving safepoint region
[2019-06-24T10:10:59.429+0000][1][safepoint    ] Total time for which application threads were stopped: 0.0002111 seconds, Stopping threads took: 0.0000558 seconds
[2019-06-24T10:11:00.429+0000][1][safepoint    ] Application time: 1.0002380 seconds
[2019-06-24T10:11:00.429+0000][1][safepoint    ] Entering safepoint region: Cleanup
[2019-06-24T10:11:00.429+0000][1][safepoint    ] Leaving safepoint region
[2019-06-24T10:11:00.429+0000][1][safepoint    ] Total time for which application threads were stopped: 0.0001674 seconds, Stopping threads took: 0.0000457 seconds
[2019-06-24T10:11:01.459+0000][1][safepoint    ] Application time: 1.0301577 seconds
[2019-06-24T10:11:01.459+0000][1][safepoint    ] Entering safepoint region: Cleanup
[2019-06-24T10:11:01.461+0000][1][safepoint    ] Leaving safepoint region
[2019-06-24T10:11:01.461+0000][1][safepoint    ] Total time for which application threads were stopped: 0.0011742 seconds, Stopping threads took: 0.0008901 seconds
[2019-06-24T10:11:02.461+0000][1][safepoint    ] Application time: 1.0002296 seconds
[2019-06-24T10:11:02.461+0000][1][safepoint    ] Entering safepoint region: Cleanup
[2019-06-24T10:11:02.461+0000][1][safepoint    ] Leaving safepoint region
[2019-06-24T10:11:02.461+0000][1][safepoint    ] Total time for which application threads were stopped: 0.0001973 seconds, Stopping threads took: 0.0000552 seconds
[2019-06-24T10:11:03.461+0000][1][safepoint    ] Application time: 1.0002248 seconds
[2019-06-24T10:11:03.462+0000][1][safepoint    ] Entering safepoint region: Cleanup
[2019-06-24T10:11:03.462+0000][1][safepoint    ] Leaving safepoint region
[2019-06-24T10:11:03.462+0000][1][safepoint    ] Total time for which application threads were stopped: 0.0002155 seconds, Stopping threads took: 0.0000607 seconds
[2019-06-24T10:11:04.462+0000][1][safepoint    ] Application time: 1.0001856 seconds
[2019-06-24T10:11:04.462+0000][1][safepoint    ] Entering safepoint region: Cleanup
[2019-06-24T10:11:04.462+0000][1][safepoint    ] Leaving safepoint region
[2019-06-24T10:11:04.462+0000][1][safepoint    ] Total time for which application threads were stopped: 0.0002188 seconds, Stopping threads took: 0.0000607 seconds
[2019-06-24T10:11:05.463+0000][1][safepoint    ] Application time: 1.0002163 seconds
[2019-06-24T10:11:05.463+0000][1][safepoint    ] Entering safepoint region: Cleanup
[2019-06-24T10:11:05.463+0000][1][safepoint    ] Leaving safepoint region
[2019-06-24T10:11:05.463+0000][1][safepoint    ] Total time for which application threads were stopped: 0.0003993 seconds, Stopping threads took: 0.0001986 seconds
[2019-06-24T10:11:06.463+0000][1][safepoint    ] Application time: 1.0002613 seconds
[2019-06-24T10:11:06.464+0000][1][safepoint    ] Entering safepoint region: Cleanup
[2019-06-24T10:11:06.465+0000][1][safepoint    ] Leaving safepoint region
[2019-06-24T10:11:06.465+0000][1][safepoint    ] Total time for which application threads were stopped: 0.0011271 seconds, Stopping threads took: 0.0008264 seconds
[2019-06-24T10:11:07.465+0000][1][safepoint    ] Application time: 1.0002273 seconds
[2019-06-24T10:11:07.465+0000][1][safepoint    ] Entering safepoint region: Cleanup
[2019-06-24T10:11:07.465+0000][1][safepoint    ] Leaving safepoint region
[2019-06-24T10:11:07.465+0000][1][safepoint    ] Total time for which application threads were stopped: 0.0001968 seconds, Stopping threads took: 0.0000554 seconds
[2019-06-24T10:11:08.465+0000][1][safepoint    ] Application time: 1.0002497 seconds
[2019-06-24T10:11:08.466+0000][1][safepoint    ] Entering safepoint region: Cleanup
[2019-06-24T10:11:08.466+0000][1][safepoint    ] Leaving safepoint region
[2019-06-24T10:11:08.466+0000][1][safepoint    ] Total time for which application threads were stopped: 0.0002669 seconds, Stopping threads took: 0.0000638 seconds
[2019-06-24T10:11:09.466+0000][1][safepoint    ] Application time: 1.0001544 seconds
[2019-06-24T10:11:09.466+0000][1][safepoint    ] Entering safepoint region: Cleanup
[2019-06-24T10:11:09.466+0000][1][safepoint    ] Leaving safepoint region
[2019-06-24T10:11:09.467+0000][1][safepoint    ] Total time for which application threads were stopped: 0.0003282 seconds, Stopping threads took: 0.0001226 seconds
[2019-06-24T10:11:10.467+0000][1][safepoint    ] Application time: 1.0002144 seconds
[2019-06-24T10:11:10.467+0000][1][safepoint    ] Entering safepoint region: Cleanup
[2019-06-24T10:11:10.467+0000][1][safepoint    ] Leaving safepoint region
[2019-06-24T10:11:10.467+0000][1][safepoint    ] Total time for which application threads were stopped: 0.0002936 seconds, Stopping threads took: 0.0000652 seconds
[2019-06-24T10:11:11.468+0000][1][safepoint    ] Application time: 1.0002530 seconds
[2019-06-24T10:11:11.468+0000][1][safepoint    ] Entering safepoint region: Cleanup
[2019-06-24T10:11:11.469+0000][1][safepoint    ] Leaving safepoint region
[2019-06-24T10:11:11.469+0000][1][safepoint    ] Total time for which application threads were stopped: 0.0010932 seconds, Stopping threads took: 0.0008642 seconds
[2019-06-24T10:11:12.469+0000][1][safepoint    ] Application time: 1.0002581 seconds
[2019-06-24T10:11:12.469+0000][1][safepoint    ] Entering safepoint region: Cleanup
[2019-06-24T10:11:12.469+0000][1][safepoint    ] Leaving safepoint region
[2019-06-24T10:11:12.469+0000][1][safepoint    ] Total time for which application threads were stopped: 0.0002249 seconds, Stopping threads took: 0.0000626 seconds
[2019-06-24T10:11:13.470+0000][1][safepoint    ] Application time: 1.0002472 seconds
[2019-06-24T10:11:13.470+0000][1][safepoint    ] Entering safepoint region: Cleanup
[2019-06-24T10:11:13.470+0000][1][safepoint    ] Leaving safepoint region
[2019-06-24T10:11:13.470+0000][1][safepoint    ] Total time for which application threads were stopped: 0.0002358 seconds, Stopping threads took: 0.0000557 seconds
[2019-06-24T10:11:14.470+0000][1][safepoint    ] Application time: 1.0002580 seconds
[2019-06-24T10:11:14.470+0000][1][safepoint    ] Entering safepoint region: Cleanup
[2019-06-24T10:11:14.471+0000][1][safepoint    ] Leaving safepoint region
[2019-06-24T10:11:14.471+0000][1][safepoint    ] Total time for which application threads were stopped: 0.0003383 seconds, Stopping threads took: 0.0000741 seconds
[2019-06-24T10:11:15.471+0000][1][safepoint    ] Application time: 1.0001054 seconds
[2019-06-24T10:11:15.471+0000][1][safepoint    ] Entering safepoint region: Cleanup
[2019-06-24T10:11:15.471+0000][1][safepoint    ] Leaving safepoint region
[2019-06-24T10:11:15.471+0000][1][safepoint    ] Total time for which application threads were stopped: 0.0001184 seconds, Stopping threads took: 0.0000348 seconds
[2019-06-24T10:11:16.471+0000][1][safepoint    ] Application time: 1.0002322 seconds
[2019-06-24T10:11:16.471+0000][1][safepoint    ] Entering safepoint region: Cleanup
[2019-06-24T10:11:16.472+0000][1][safepoint    ] Leaving safepoint region
[2019-06-24T10:11:16.472+0000][1][safepoint    ] Total time for which application threads were stopped: 0.0003065 seconds, Stopping threads took: 0.0001040 seconds
[2019-06-24T10:11:17.472+0000][1][safepoint    ] Application time: 1.0002571 seconds
[2019-06-24T10:11:17.472+0000][1][safepoint    ] Entering safepoint region: Cleanup
[2019-06-24T10:11:17.472+0000][1][safepoint    ] Leaving safepoint region
[2019-06-24T10:11:17.472+0000][1][safepoint    ] Total time for which application threads were stopped: 0.0002819 seconds, Stopping threads took: 0.0000834 seconds
[2019-06-24T10:11:18.473+0000][1][safepoint    ] Application time: 1.0002709 seconds
[2019-06-24T10:11:18.473+0000][1][safepoint    ] Entering safepoint region: Cleanup
[2019-06-24T10:11:18.473+0000][1][safepoint    ] Leaving safepoint region
[2019-06-24T10:11:18.473+0000][1][safepoint    ] Total time for which application threads were stopped: 0.0002213 seconds, Stopping threads took: 0.0000548 seconds
[2019-06-24T10:11:19.473+0000][1][safepoint    ] Application time: 1.0001665 seconds
[2019-06-24T10:11:19.473+0000][1][safepoint    ] Entering safepoint region: Cleanup
[2019-06-24T10:11:19.473+0000][1][safepoint    ] Leaving safepoint region
[2019-06-24T10:11:19.473+0000][1][safepoint    ] Total time for which application threads were stopped: 0.0002273 seconds, Stopping threads took: 0.0000914 seconds
[2019-06-24T10:11:20.474+0000][1][safepoint    ] Application time: 1.0002527 seconds
[2019-06-24T10:11:20.474+0000][1][safepoint    ] Entering safepoint region: Cleanup
[2019-06-24T10:11:20.474+0000][1][safepoint    ] Leaving safepoint region
[2019-06-24T10:11:20.474+0000][1][safepoint    ] Total time for which application threads were stopped: 0.0003027 seconds, Stopping threads took: 0.0001033 seconds
[2019-06-24T10:11:21.475+0000][1][safepoint    ] Application time: 1.0003223 seconds
[2019-06-24T10:11:21.475+0000][1][safepoint    ] Entering safepoint region: Cleanup
[2019-06-24T10:11:21.475+0000][1][safepoint    ] Leaving safepoint region
[2019-06-24T10:11:21.475+0000][1][safepoint    ] Total time for which application threads were stopped: 0.0002465 seconds, Stopping threads took: 0.0000745 seconds
[2019-06-24T10:11:22.475+0000][1][safepoint    ] Application time: 1.0002404 seconds
[2019-06-24T10:11:22.475+0000][1][safepoint    ] Entering safepoint region: Cleanup
[2019-06-24T10:11:22.475+0000][1][safepoint    ] Leaving safepoint region
[2019-06-24T10:11:22.476+0000][1][safepoint    ] Total time for which application threads were stopped: 0.0002415 seconds, Stopping threads took: 0.0000658 seconds
[2019-06-24T10:11:23.476+0000][1][safepoint    ] Application time: 1.0002642 seconds
[2019-06-24T10:11:23.476+0000][1][safepoint    ] Entering safepoint region: Cleanup
[2019-06-24T10:11:23.476+0000][1][safepoint    ] Leaving safepoint region
[2019-06-24T10:11:23.476+0000][1][safepoint    ] Total time for which application threads were stopped: 0.0002394 seconds, Stopping threads took: 0.0000647 seconds
[2019-06-24T10:11:24.476+0000][1][safepoint    ] Application time: 1.0002660 seconds
[2019-06-24T10:11:24.477+0000][1][safepoint    ] Entering safepoint region: Cleanup
[2019-06-24T10:11:24.478+0000][1][safepoint    ] Leaving safepoint region
[2019-06-24T10:11:24.478+0000][1][safepoint    ] Total time for which application threads were stopped: 0.0012897 seconds, Stopping threads took: 0.0009949 seconds
[2019-06-24T10:11:25.478+0000][1][safepoint    ] Application time: 1.0002600 seconds
[2019-06-24T10:11:25.478+0000][1][safepoint    ] Entering safepoint region: Cleanup
[2019-06-24T10:11:25.479+0000][1][safepoint    ] Leaving safepoint region
[2019-06-24T10:11:25.479+0000][1][safepoint    ] Total time for which application threads were stopped: 0.0003553 seconds, Stopping threads took: 0.0000903 seconds
[2019-06-24T10:11:26.479+0000][1][safepoint    ] Application time: 1.0001477 seconds
[2019-06-24T10:11:26.479+0000][1][safepoint    ] Entering safepoint region: Cleanup
[2019-06-24T10:11:26.479+0000][1][safepoint    ] Leaving safepoint region
[2019-06-24T10:11:26.479+0000][1][safepoint    ] Total time for which application threads were stopped: 0.0003013 seconds, Stopping threads took: 0.0000677 seconds
[2019-06-24T10:11:27.480+0000][1][safepoint    ] Application time: 1.0002718 seconds
[2019-06-24T10:11:27.480+0000][1][safepoint    ] Entering safepoint region: Cleanup
[2019-06-24T10:11:27.480+0000][1][safepoint    ] Leaving safepoint region
[2019-06-24T10:11:27.480+0000][1][safepoint    ] Total time for which application threads were stopped: 0.0002383 seconds, Stopping threads took: 0.0000647 seconds
[2019-06-24T10:11:28.480+0000][1][safepoint    ] Application time: 1.0002767 seconds
[2019-06-24T10:11:28.480+0000][1][safepoint    ] Entering safepoint region: Cleanup
[2019-06-24T10:11:28.481+0000][1][safepoint    ] Leaving safepoint region
[2019-06-24T10:11:28.481+0000][1][safepoint    ] Total time for which application threads were stopped: 0.0002507 seconds, Stopping threads took: 0.0000651 seconds
[2019-06-24T10:11:29.481+0000][1][safepoint    ] Application time: 1.0002744 seconds
[2019-06-24T10:11:29.481+0000][1][safepoint    ] Entering safepoint region: Cleanup
[2019-06-24T10:11:29.482+0000][1][safepoint    ] Leaving safepoint region
[2019-06-24T10:11:29.482+0000][1][safepoint    ] Total time for which application threads were stopped: 0.0011587 seconds, Stopping threads took: 0.0008857 seconds
[2019-06-24T10:11:30.483+0000][1][safepoint    ] Application time: 1.0003191 seconds
[2019-06-24T10:11:30.483+0000][1][safepoint    ] Entering safepoint region: Cleanup
[2019-06-24T10:11:30.483+0000][1][safepoint    ] Leaving safepoint region
[2019-06-24T10:11:30.483+0000][1][safepoint    ] Total time for which application threads were stopped: 0.0002301 seconds, Stopping threads took: 0.0000642 seconds
[2019-06-24T10:11:32.139+0000][1][safepoint    ] Application time: 1.6563289 seconds
[2019-06-24T10:11:32.139+0000][1][safepoint    ] Entering safepoint region: Cleanup
[2019-06-24T10:11:32.140+0000][1][safepoint    ] Leaving safepoint region
[2019-06-24T10:11:32.140+0000][1][safepoint    ] Total time for which application threads were stopped: 0.0002264 seconds, Stopping threads took: 0.0000633 seconds
[2019-06-24T10:11:33.140+0000][1][safepoint    ] Application time: 1.0001383 seconds
[2019-06-24T10:11:33.140+0000][1][safepoint    ] Entering safepoint region: Cleanup
[2019-06-24T10:11:33.140+0000][1][safepoint    ] Leaving safepoint region
[2019-06-24T10:11:33.140+0000][1][safepoint    ] Total time for which application threads were stopped: 0.0001259 seconds, Stopping threads took: 0.0000283 seconds
[2019-06-24T10:11:34.140+0000][1][safepoint    ] Application time: 1.0002157 seconds
[2019-06-24T10:11:34.140+0000][1][safepoint    ] Entering safepoint region: Cleanup
[2019-06-24T10:11:34.140+0000][1][safepoint    ] Leaving safepoint region
[2019-06-24T10:11:34.140+0000][1][safepoint    ] Total time for which application threads were stopped: 0.0002256 seconds, Stopping threads took: 0.0000618 seconds
[2019-06-24T10:11:35.141+0000][1][safepoint    ] Application time: 1.0002221 seconds
[2019-06-24T10:11:35.141+0000][1][safepoint    ] Entering safepoint region: Cleanup
[2019-06-24T10:11:35.141+0000][1][safepoint    ] Leaving safepoint region
[2019-06-24T10:11:35.141+0000][1][safepoint    ] Total time for which application threads were stopped: 0.0001574 seconds, Stopping threads took: 0.0000432 seconds
[2019-06-24T10:11:36.141+0000][1][safepoint    ] Application time: 1.0002547 seconds
[2019-06-24T10:11:36.141+0000][1][safepoint    ] Entering safepoint region: Cleanup
[2019-06-24T10:11:36.142+0000][1][safepoint    ] Leaving safepoint region
[2019-06-24T10:11:36.142+0000][1][safepoint    ] Total time for which application threads were stopped: 0.0002261 seconds, Stopping threads took: 0.0000622 seconds
[2019-06-24T10:11:37.142+0000][1][safepoint    ] Application time: 1.0002769 seconds
[2019-06-24T10:11:37.142+0000][1][safepoint    ] Entering safepoint region: Cleanup
[2019-06-24T10:11:37.142+0000][1][safepoint    ] Leaving safepoint region
[2019-06-24T10:11:37.142+0000][1][safepoint    ] Total time for which application threads were stopped: 0.0002255 seconds, Stopping threads took: 0.0000629 seconds
[2019-06-24T10:11:38.143+0000][1][safepoint    ] Application time: 1.0002612 seconds
[2019-06-24T10:11:38.143+0000][1][safepoint    ] Entering safepoint region: Cleanup
[2019-06-24T10:11:38.143+0000][1][safepoint    ] Leaving safepoint region
[2019-06-24T10:11:38.143+0000][1][safepoint    ] Total time for which application threads were stopped: 0.0001214 seconds, Stopping threads took: 0.0000332 seconds
[2019-06-24T10:11:39.143+0000][1][safepoint    ] Application time: 1.0001598 seconds
[2019-06-24T10:11:39.143+0000][1][safepoint    ] Entering safepoint region: Cleanup
[2019-06-24T10:11:39.143+0000][1][safepoint    ] Leaving safepoint region
[2019-06-24T10:11:39.143+0000][1][safepoint    ] Total time for which application threads were stopped: 0.0002205 seconds, Stopping threads took: 0.0000649 seconds
[2019-06-24T10:11:40.144+0000][1][safepoint    ] Application time: 1.0002610 seconds
[2019-06-24T10:11:40.144+0000][1][safepoint    ] Entering safepoint region: Cleanup
[2019-06-24T10:11:40.144+0000][1][safepoint    ] Leaving safepoint region
[2019-06-24T10:11:40.144+0000][1][safepoint    ] Total time for which application threads were stopped: 0.0002525 seconds, Stopping threads took: 0.0000958 seconds
[2019-06-24T10:11:41.144+0000][1][safepoint    ] Application time: 1.0002709 seconds
[2019-06-24T10:11:41.144+0000][1][safepoint    ] Entering safepoint region: Cleanup
[2019-06-24T10:11:41.145+0000][1][safepoint    ] Leaving safepoint region
[2019-06-24T10:11:41.145+0000][1][safepoint    ] Total time for which application threads were stopped: 0.0002268 seconds, Stopping threads took: 0.0000620 seconds
[2019-06-24T10:11:42.145+0000][1][safepoint    ] Application time: 1.0002672 seconds
[2019-06-24T10:11:42.145+0000][1][safepoint    ] Entering safepoint region: Cleanup
[2019-06-24T10:11:42.145+0000][1][safepoint    ] Leaving safepoint region
[2019-06-24T10:11:42.145+0000][1][safepoint    ] Total time for which application threads were stopped: 0.0002253 seconds, Stopping threads took: 0.0000623 seconds
[2019-06-24T10:11:43.145+0000][1][safepoint    ] Application time: 1.0001541 seconds
[2019-06-24T10:11:43.146+0000][1][safepoint    ] Entering safepoint region: Cleanup
[2019-06-24T10:11:43.146+0000][1][safepoint    ] Leaving safepoint region
[2019-06-24T10:11:43.146+0000][1][safepoint    ] Total time for which application threads were stopped: 0.0001144 seconds, Stopping threads took: 0.0000456 seconds
[2019-06-24T10:11:44.146+0000][1][safepoint    ] Application time: 1.0002565 seconds
[2019-06-24T10:11:44.146+0000][1][safepoint    ] Entering safepoint region: Cleanup
[2019-06-24T10:11:44.146+0000][1][safepoint    ] Leaving safepoint region
[2019-06-24T10:11:44.146+0000][1][safepoint    ] Total time for which application threads were stopped: 0.0002247 seconds, Stopping threads took: 0.0000627 seconds
[2019-06-24T10:11:45.147+0000][1][safepoint    ] Application time: 1.0003289 seconds
[2019-06-24T10:11:45.147+0000][1][safepoint    ] Entering safepoint region: Cleanup
[2019-06-24T10:11:45.147+0000][1][safepoint    ] Leaving safepoint region
[2019-06-24T10:11:45.147+0000][1][safepoint    ] Total time for which application threads were stopped: 0.0002500 seconds, Stopping threads took: 0.0000914 seconds
[2019-06-24T10:11:46.147+0000][1][safepoint    ] Application time: 1.0002039 seconds
[2019-06-24T10:11:46.147+0000][1][safepoint    ] Entering safepoint region: Cleanup
[2019-06-24T10:11:46.147+0000][1][safepoint    ] Leaving safepoint region
[2019-06-24T10:11:46.147+0000][1][safepoint    ] Total time for which application threads were stopped: 0.0002053 seconds, Stopping threads took: 0.0000574 seconds
[2019-06-24T10:11:47.148+0000][1][safepoint    ] Application time: 1.0002568 seconds
[2019-06-24T10:11:47.148+0000][1][safepoint    ] Entering safepoint region: Cleanup
[2019-06-24T10:11:47.148+0000][1][safepoint    ] Leaving safepoint region
[2019-06-24T10:11:47.148+0000][1][safepoint    ] Total time for which application threads were stopped: 0.0002327 seconds, Stopping threads took: 0.0000644 seconds
[2019-06-24T10:11:48.148+0000][1][safepoint    ] Application time: 1.0001569 seconds
[2019-06-24T10:11:48.149+0000][1][safepoint    ] Entering safepoint region: Cleanup
[2019-06-24T10:11:48.149+0000][1][safepoint    ] Leaving safepoint region
[2019-06-24T10:11:48.149+0000][1][safepoint    ] Total time for which application threads were stopped: 0.0003640 seconds, Stopping threads took: 0.0001930 seconds
[2019-06-24T10:11:49.149+0000][1][safepoint    ] Application time: 1.0002562 seconds
[2019-06-24T10:11:49.149+0000][1][safepoint    ] Entering safepoint region: Cleanup
[2019-06-24T10:11:49.149+0000][1][safepoint    ] Leaving safepoint region
[2019-06-24T10:11:49.149+0000][1][safepoint    ] Total time for which application threads were stopped: 0.0002051 seconds, Stopping threads took: 0.0000565 seconds
[2019-06-24T10:11:50.150+0000][1][safepoint    ] Application time: 1.0002574 seconds
[2019-06-24T10:11:50.150+0000][1][safepoint    ] Entering safepoint region: Cleanup
[2019-06-24T10:11:50.150+0000][1][safepoint    ] Leaving safepoint region
[2019-06-24T10:11:50.150+0000][1][safepoint    ] Total time for which application threads were stopped: 0.0002308 seconds, Stopping threads took: 0.0000637 seconds
[2019-06-24T10:11:51.150+0000][1][safepoint    ] Application time: 1.0002593 seconds
[2019-06-24T10:11:51.151+0000][1][safepoint    ] Entering safepoint region: Cleanup
[2019-06-24T10:11:51.151+0000][1][safepoint    ] Leaving safepoint region
[2019-06-24T10:11:51.151+0000][1][safepoint    ] Total time for which application threads were stopped: 0.0003282 seconds, Stopping threads took: 0.0001661 seconds
[2019-06-24T10:11:52.151+0000][1][safepoint    ] Application time: 1.0002296 seconds
[2019-06-24T10:11:52.151+0000][1][safepoint    ] Entering safepoint region: Cleanup
[2019-06-24T10:11:52.151+0000][1][safepoint    ] Leaving safepoint region
[2019-06-24T10:11:52.151+0000][1][safepoint    ] Total time for which application threads were stopped: 0.0002286 seconds, Stopping threads took: 0.0000643 seconds
[2019-06-24T10:11:53.152+0000][1][safepoint    ] Application time: 1.0002602 seconds
[2019-06-24T10:11:53.152+0000][1][safepoint    ] Entering safepoint region: Cleanup
[2019-06-24T10:11:53.152+0000][1][safepoint    ] Leaving safepoint region
[2019-06-24T10:11:53.152+0000][1][safepoint    ] Total time for which application threads were stopped: 0.0002067 seconds, Stopping threads took: 0.0000579 seconds
[2019-06-24T10:11:54.152+0000][1][safepoint    ] Application time: 1.0002530 seconds
[2019-06-24T10:11:54.152+0000][1][safepoint    ] Entering safepoint region: Cleanup
[2019-06-24T10:11:54.153+0000][1][safepoint    ] Leaving safepoint region
[2019-06-24T10:11:54.153+0000][1][safepoint    ] Total time for which application threads were stopped: 0.0002290 seconds, Stopping threads took: 0.0000633 seconds
[2019-06-24T10:11:55.153+0000][1][safepoint    ] Application time: 1.0001848 seconds
[2019-06-24T10:11:55.153+0000][1][safepoint    ] Entering safepoint region: Cleanup
[2019-06-24T10:11:55.153+0000][1][safepoint    ] Leaving safepoint region
[2019-06-24T10:11:55.153+0000][1][safepoint    ] Total time for which application threads were stopped: 0.0002151 seconds, Stopping threads took: 0.0000555 seconds
[2019-06-24T10:11:56.153+0000][1][safepoint    ] Application time: 1.0002651 seconds
[2019-06-24T10:11:56.154+0000][1][safepoint    ] Entering safepoint region: Cleanup
[2019-06-24T10:11:56.154+0000][1][safepoint    ] Leaving safepoint region
[2019-06-24T10:11:56.154+0000][1][safepoint    ] Total time for which application threads were stopped: 0.0002363 seconds, Stopping threads took: 0.0000641 seconds
[2019-06-24T10:11:57.154+0000][1][safepoint    ] Application time: 1.0002616 seconds
[2019-06-24T10:11:57.154+0000][1][safepoint    ] Entering safepoint region: Cleanup
[2019-06-24T10:11:57.154+0000][1][safepoint    ] Leaving safepoint region
[2019-06-24T10:11:57.154+0000][1][safepoint    ] Total time for which application threads were stopped: 0.0002237 seconds, Stopping threads took: 0.0000625 seconds
[2019-06-24T10:11:58.155+0000][1][safepoint    ] Application time: 1.0002747 seconds
[2019-06-24T10:11:58.155+0000][1][safepoint    ] Entering safepoint region: Cleanup
[2019-06-24T10:11:58.155+0000][1][safepoint    ] Leaving safepoint region
[2019-06-24T10:11:58.155+0000][1][safepoint    ] Total time for which application threads were stopped: 0.0002290 seconds, Stopping threads took: 0.0000634 seconds
[2019-06-24T10:11:59.155+0000][1][safepoint    ] Application time: 1.0002608 seconds
[2019-06-24T10:11:59.155+0000][1][safepoint    ] Entering safepoint region: Cleanup
[2019-06-24T10:11:59.156+0000][1][safepoint    ] Leaving safepoint region
[2019-06-24T10:11:59.156+0000][1][safepoint    ] Total time for which application threads were stopped: 0.0002409 seconds, Stopping threads took: 0.0000629 seconds
[2019-06-24T10:12:00.156+0000][1][safepoint    ] Application time: 1.0002776 seconds
[2019-06-24T10:12:00.156+0000][1][safepoint    ] Entering safepoint region: Cleanup
[2019-06-24T10:12:00.156+0000][1][safepoint    ] Leaving safepoint region
[2019-06-24T10:12:00.156+0000][1][safepoint    ] Total time for which application threads were stopped: 0.0003452 seconds, Stopping threads took: 0.0000852 seconds
[2019-06-24T10:12:01.157+0000][1][safepoint    ] Application time: 1.0002032 seconds
[2019-06-24T10:12:01.157+0000][1][safepoint    ] Entering safepoint region: Cleanup
[2019-06-24T10:12:01.157+0000][1][safepoint    ] Leaving safepoint region
[2019-06-24T10:12:01.157+0000][1][safepoint    ] Total time for which application threads were stopped: 0.0002275 seconds, Stopping threads took: 0.0000627 seconds
[2019-06-24T10:12:02.157+0000][1][safepoint    ] Application time: 1.0002688 seconds
[2019-06-24T10:12:02.157+0000][1][safepoint    ] Entering safepoint region: Cleanup
[2019-06-24T10:12:02.158+0000][1][safepoint    ] Leaving safepoint region
[2019-06-24T10:12:02.158+0000][1][safepoint    ] Total time for which application threads were stopped: 0.0002275 seconds, Stopping threads took: 0.0000627 seconds
[2019-06-24T10:12:03.158+0000][1][safepoint    ] Application time: 1.0002733 seconds
[2019-06-24T10:12:03.158+0000][1][safepoint    ] Entering safepoint region: Cleanup
[2019-06-24T10:12:03.158+0000][1][safepoint    ] Leaving safepoint region
[2019-06-24T10:12:03.158+0000][1][safepoint    ] Total time for which application threads were stopped: 0.0002311 seconds, Stopping threads took: 0.0000642 seconds
[2019-06-24T10:12:04.159+0000][1][safepoint    ] Application time: 1.0002855 seconds
[2019-06-24T10:12:04.159+0000][1][safepoint    ] Entering safepoint region: Cleanup
[2019-06-24T10:12:04.159+0000][1][safepoint    ] Leaving safepoint region
[2019-06-24T10:12:04.159+0000][1][safepoint    ] Total time for which application threads were stopped: 0.0002358 seconds, Stopping threads took: 0.0000640 seconds
[2019-06-24T10:12:05.159+0000][1][safepoint    ] Application time: 1.0002238 seconds
[2019-06-24T10:12:05.159+0000][1][safepoint    ] Entering safepoint region: Cleanup
[2019-06-24T10:12:05.160+0000][1][safepoint    ] Leaving safepoint region
[2019-06-24T10:12:05.160+0000][1][safepoint    ] Total time for which application threads were stopped: 0.0003701 seconds, Stopping threads took: 0.0001023 seconds
[2019-06-24T10:12:06.160+0000][1][safepoint    ] Application time: 1.0002607 seconds
[2019-06-24T10:12:06.160+0000][1][safepoint    ] Entering safepoint region: Cleanup
[2019-06-24T10:12:06.160+0000][1][safepoint    ] Leaving safepoint region
[2019-06-24T10:12:06.160+0000][1][safepoint    ] Total time for which application threads were stopped: 0.0002073 seconds, Stopping threads took: 0.0000563 seconds
[2019-06-24T10:12:07.161+0000][1][safepoint    ] Application time: 1.0002547 seconds
[2019-06-24T10:12:07.161+0000][1][safepoint    ] Entering safepoint region: Cleanup
[2019-06-24T10:12:07.161+0000][1][safepoint    ] Leaving safepoint region
[2019-06-24T10:12:07.161+0000][1][safepoint    ] Total time for which application threads were stopped: 0.0002419 seconds, Stopping threads took: 0.0000650 seconds
[2019-06-24T10:12:08.161+0000][1][safepoint    ] Application time: 1.0002589 seconds
[2019-06-24T10:12:08.161+0000][1][safepoint    ] Entering safepoint region: Cleanup
[2019-06-24T10:12:08.162+0000][1][safepoint    ] Leaving safepoint region
[2019-06-24T10:12:08.162+0000][1][safepoint    ] Total time for which application threads were stopped: 0.0002269 seconds, Stopping threads took: 0.0000640 seconds
[2019-06-24T10:12:09.199+0000][1][safepoint    ] Application time: 1.0368474 seconds
[2019-06-24T10:12:09.199+0000][1][safepoint    ] Entering safepoint region: Cleanup
[2019-06-24T10:12:09.199+0000][1][safepoint    ] Leaving safepoint region
[2019-06-24T10:12:09.199+0000][1][safepoint    ] Total time for which application threads were stopped: 0.0002119 seconds, Stopping threads took: 0.0000582 seconds
[2019-06-24T10:12:10.199+0000][1][safepoint    ] Application time: 1.0002455 seconds
[2019-06-24T10:12:10.199+0000][1][safepoint    ] Entering safepoint region: Cleanup
[2019-06-24T10:12:10.199+0000][1][safepoint    ] Leaving safepoint region
[2019-06-24T10:12:10.199+0000][1][safepoint    ] Total time for which application threads were stopped: 0.0002269 seconds, Stopping threads took: 0.0000636 seconds
[2019-06-24T10:12:11.200+0000][1][safepoint    ] Application time: 1.0002455 seconds
[2019-06-24T10:12:11.200+0000][1][safepoint    ] Entering safepoint region: Cleanup
[2019-06-24T10:12:11.200+0000][1][safepoint    ] Leaving safepoint region
[2019-06-24T10:12:11.200+0000][1][safepoint    ] Total time for which application threads were stopped: 0.0002081 seconds, Stopping threads took: 0.0000558 seconds
[2019-06-24T10:12:12.200+0000][1][safepoint    ] Application time: 1.0002454 seconds
[2019-06-24T10:12:12.200+0000][1][safepoint    ] Entering safepoint region: Cleanup
[2019-06-24T10:12:12.201+0000][1][safepoint    ] Leaving safepoint region
[2019-06-24T10:12:12.201+0000][1][safepoint    ] Total time for which application threads were stopped: 0.0002445 seconds, Stopping threads took: 0.0000552 seconds
[2019-06-24T10:12:13.201+0000][1][safepoint    ] Application time: 1.0001635 seconds
[2019-06-24T10:12:13.201+0000][1][safepoint    ] Entering safepoint region: Cleanup
[2019-06-24T10:12:13.201+0000][1][safepoint    ] Leaving safepoint region
[2019-06-24T10:12:13.201+0000][1][safepoint    ] Total time for which application threads were stopped: 0.0002082 seconds, Stopping threads took: 0.0000539 seconds
[2019-06-24T10:12:14.201+0000][1][safepoint    ] Application time: 1.0001998 seconds
[2019-06-24T10:12:14.202+0000][1][safepoint    ] Entering safepoint region: Cleanup
[2019-06-24T10:12:14.202+0000][1][safepoint    ] Leaving safepoint region
[2019-06-24T10:12:14.202+0000][1][safepoint    ] Total time for which application threads were stopped: 0.0002857 seconds, Stopping threads took: 0.0000615 seconds
[2019-06-24T10:12:15.202+0000][1][safepoint    ] Application time: 1.0002675 seconds
[2019-06-24T10:12:15.202+0000][1][safepoint    ] Entering safepoint region: Cleanup
[2019-06-24T10:12:15.202+0000][1][safepoint    ] Leaving safepoint region
[2019-06-24T10:12:15.203+0000][1][safepoint    ] Total time for which application threads were stopped: 0.0003824 seconds, Stopping threads took: 0.0000615 seconds
[2019-06-24T10:12:16.203+0000][1][safepoint    ] Application time: 1.0001416 seconds
[2019-06-24T10:12:16.203+0000][1][safepoint    ] Entering safepoint region: Cleanup
[2019-06-24T10:12:16.203+0000][1][safepoint    ] Leaving safepoint region
[2019-06-24T10:12:16.203+0000][1][safepoint    ] Total time for which application threads were stopped: 0.0002428 seconds, Stopping threads took: 0.0000570 seconds
[2019-06-24T10:12:17.203+0000][1][safepoint    ] Application time: 1.0002392 seconds
[2019-06-24T10:12:17.204+0000][1][safepoint    ] Entering safepoint region: Cleanup
[2019-06-24T10:12:17.204+0000][1][safepoint    ] Leaving safepoint region
[2019-06-24T10:12:17.204+0000][1][safepoint    ] Total time for which application threads were stopped: 0.0002345 seconds, Stopping threads took: 0.0000643 seconds
[2019-06-24T10:12:18.183+0000][1][safepoint    ] Application time: 0.9795363 seconds
[2019-06-24T10:12:18.183+0000][1][safepoint    ] Entering safepoint region: GenCollectForAllocation
[2019-06-24T10:12:18.184+0000][1][gc,start     ] GC(31) Pause Young (Allocation Failure)
[2019-06-24T10:12:18.184+0000][1][gc,task      ] GC(31) Using 5 workers of 8 for evacuation
[2019-06-24T10:12:18.188+0000][1][gc,age       ] GC(31) Desired survivor size 4456448 bytes, new threshold 6 (max threshold 6)
[2019-06-24T10:12:18.188+0000][1][gc,age       ] GC(31) Age table with threshold 6 (max threshold 6)
[2019-06-24T10:12:18.188+0000][1][gc,age       ] GC(31) - age   1:       5248 bytes,       5248 total
[2019-06-24T10:12:18.188+0000][1][gc,age       ] GC(31) - age   2:        560 bytes,       5808 total
[2019-06-24T10:12:18.188+0000][1][gc,age       ] GC(31) - age   3:      73296 bytes,      79104 total
[2019-06-24T10:12:18.188+0000][1][gc,age       ] GC(31) - age   4:       2864 bytes,      81968 total
[2019-06-24T10:12:18.188+0000][1][gc,age       ] GC(31) - age   5:      64264 bytes,     146232 total
[2019-06-24T10:12:18.188+0000][1][gc,age       ] GC(31) - age   6:       3192 bytes,     149424 total
[2019-06-24T10:12:18.188+0000][1][gc,heap      ] GC(31) ParNew: 70417K->236K(78656K)
[2019-06-24T10:12:18.188+0000][1][gc,heap      ] GC(31) CMS: 69285K->69396K(174784K)
[2019-06-24T10:12:18.188+0000][1][gc,metaspace ] GC(31) Metaspace: 68089K->68089K(1112064K)
[2019-06-24T10:12:18.188+0000][1][gc           ] GC(31) Pause Young (Allocation Failure) 136M->68M(247M) 4.298ms
[2019-06-24T10:12:18.188+0000][1][gc,cpu       ] GC(31) User=0.01s Sys=0.00s Real=0.00s
[2019-06-24T10:12:18.188+0000][1][safepoint    ] Leaving safepoint region
[2019-06-24T10:12:18.188+0000][1][safepoint    ] Total time for which application threads were stopped: 0.0048608 seconds, Stopping threads took: 0.0000823 seconds
[2019-06-24T10:12:19.189+0000][1][safepoint    ] Application time: 1.0002373 seconds
[2019-06-24T10:12:19.189+0000][1][safepoint    ] Entering safepoint region: Cleanup
[2019-06-24T10:12:19.189+0000][1][safepoint    ] Leaving safepoint region
[2019-06-24T10:12:19.189+0000][1][safepoint    ] Total time for which application threads were stopped: 0.0002574 seconds, Stopping threads took: 0.0000669 seconds
[2019-06-24T10:12:20.189+0000][1][safepoint    ] Application time: 1.0002685 seconds
[2019-06-24T10:12:20.189+0000][1][safepoint    ] Entering safepoint region: Cleanup
[2019-06-24T10:12:20.190+0000][1][safepoint    ] Leaving safepoint region
[2019-06-24T10:12:20.190+0000][1][safepoint    ] Total time for which application threads were stopped: 0.0002370 seconds, Stopping threads took: 0.0000630 seconds
[2019-06-24T10:12:21.190+0000][1][safepoint    ] Application time: 1.0002228 seconds
[2019-06-24T10:12:21.190+0000][1][safepoint    ] Entering safepoint region: Cleanup
[2019-06-24T10:12:21.190+0000][1][safepoint    ] Leaving safepoint region
[2019-06-24T10:12:21.190+0000][1][safepoint    ] Total time for which application threads were stopped: 0.0002644 seconds, Stopping threads took: 0.0000956 seconds
[2019-06-24T10:12:22.191+0000][1][safepoint    ] Application time: 1.0003052 seconds
[2019-06-24T10:12:22.191+0000][1][safepoint    ] Entering safepoint region: Cleanup
[2019-06-24T10:12:22.191+0000][1][safepoint    ] Leaving safepoint region
[2019-06-24T10:12:22.191+0000][1][safepoint    ] Total time for which application threads were stopped: 0.0002140 seconds, Stopping threads took: 0.0000574 seconds
[2019-06-24T10:12:23.191+0000][1][safepoint    ] Application time: 1.0001477 seconds
[2019-06-24T10:12:23.191+0000][1][safepoint    ] Entering safepoint region: Cleanup
[2019-06-24T10:12:23.191+0000][1][safepoint    ] Leaving safepoint region
[2019-06-24T10:12:23.191+0000][1][safepoint    ] Total time for which application threads were stopped: 0.0003125 seconds, Stopping threads took: 0.0000765 seconds
[2019-06-24T10:12:24.192+0000][1][safepoint    ] Application time: 1.0002515 seconds
[2019-06-24T10:12:24.192+0000][1][safepoint    ] Entering safepoint region: Cleanup
[2019-06-24T10:12:24.193+0000][1][safepoint    ] Leaving safepoint region
[2019-06-24T10:12:24.193+0000][1][safepoint    ] Total time for which application threads were stopped: 0.0012405 seconds, Stopping threads took: 0.0009000 seconds
[2019-06-24T10:12:25.193+0000][1][safepoint    ] Application time: 1.0002146 seconds
[2019-06-24T10:12:25.194+0000][1][safepoint    ] Entering safepoint region: Cleanup
[2019-06-24T10:12:25.194+0000][1][safepoint    ] Leaving safepoint region
[2019-06-24T10:12:25.194+0000][1][safepoint    ] Total time for which application threads were stopped: 0.0002388 seconds, Stopping threads took: 0.0000662 seconds
[2019-06-24T10:12:26.194+0000][1][safepoint    ] Application time: 1.0002653 seconds
[2019-06-24T10:12:26.194+0000][1][safepoint    ] Entering safepoint region: Cleanup
[2019-06-24T10:12:26.194+0000][1][safepoint    ] Leaving safepoint region
[2019-06-24T10:12:26.194+0000][1][safepoint    ] Total time for which application threads were stopped: 0.0002966 seconds, Stopping threads took: 0.0000866 seconds
[2019-06-24T10:12:27.195+0000][1][safepoint    ] Application time: 1.0002748 seconds
[2019-06-24T10:12:27.195+0000][1][safepoint    ] Entering safepoint region: Cleanup
[2019-06-24T10:12:27.195+0000][1][safepoint    ] Leaving safepoint region
[2019-06-24T10:12:27.195+0000][1][safepoint    ] Total time for which application threads were stopped: 0.0002765 seconds, Stopping threads took: 0.0000634 seconds
[2019-06-24T10:12:28.195+0000][1][safepoint    ] Application time: 1.0002600 seconds
[2019-06-24T10:12:28.196+0000][1][safepoint    ] Entering safepoint region: Cleanup
[2019-06-24T10:12:28.196+0000][1][safepoint    ] Leaving safepoint region
[2019-06-24T10:12:28.196+0000][1][safepoint    ] Total time for which application threads were stopped: 0.0002445 seconds, Stopping threads took: 0.0000572 seconds
[2019-06-24T10:12:29.196+0000][1][safepoint    ] Application time: 1.0002496 seconds
[2019-06-24T10:12:29.196+0000][1][safepoint    ] Entering safepoint region: Cleanup
[2019-06-24T10:12:29.196+0000][1][safepoint    ] Leaving safepoint region
[2019-06-24T10:12:29.196+0000][1][safepoint    ] Total time for which application threads were stopped: 0.0002648 seconds, Stopping threads took: 0.0000577 seconds
[2019-06-24T10:12:30.197+0000][1][safepoint    ] Application time: 1.0001369 seconds
[2019-06-24T10:12:30.197+0000][1][safepoint    ] Entering safepoint region: Cleanup
[2019-06-24T10:12:30.197+0000][1][safepoint    ] Leaving safepoint region
[2019-06-24T10:12:30.197+0000][1][safepoint    ] Total time for which application threads were stopped: 0.0002388 seconds, Stopping threads took: 0.0000654 seconds
[2019-06-24T10:12:31.197+0000][1][safepoint    ] Application time: 1.0002533 seconds
[2019-06-24T10:12:31.197+0000][1][safepoint    ] Entering safepoint region: Cleanup
[2019-06-24T10:12:31.198+0000][1][safepoint    ] Leaving safepoint region
[2019-06-24T10:12:31.198+0000][1][safepoint    ] Total time for which application threads were stopped: 0.0003106 seconds, Stopping threads took: 0.0000866 seconds
[2019-06-24T10:12:32.198+0000][1][safepoint    ] Application time: 1.0002628 seconds
[2019-06-24T10:12:32.198+0000][1][safepoint    ] Entering safepoint region: Cleanup
[2019-06-24T10:12:32.198+0000][1][safepoint    ] Leaving safepoint region
[2019-06-24T10:12:32.198+0000][1][safepoint    ] Total time for which application threads were stopped: 0.0002820 seconds, Stopping threads took: 0.0000656 seconds
[2019-06-24T10:12:33.199+0000][1][safepoint    ] Application time: 1.0002727 seconds
[2019-06-24T10:12:33.199+0000][1][safepoint    ] Entering safepoint region: Cleanup
[2019-06-24T10:12:33.199+0000][1][safepoint    ] Leaving safepoint region
[2019-06-24T10:12:33.199+0000][1][safepoint    ] Total time for which application threads were stopped: 0.0003232 seconds, Stopping threads took: 0.0000659 seconds
[2019-06-24T10:12:34.199+0000][1][safepoint    ] Application time: 1.0002775 seconds
[2019-06-24T10:12:34.200+0000][1][safepoint    ] Entering safepoint region: Cleanup
[2019-06-24T10:12:34.200+0000][1][safepoint    ] Leaving safepoint region
[2019-06-24T10:12:34.200+0000][1][safepoint    ] Total time for which application threads were stopped: 0.0003112 seconds, Stopping threads took: 0.0001067 seconds
[2019-06-24T10:12:35.200+0000][1][safepoint    ] Application time: 1.0002700 seconds
[2019-06-24T10:12:35.200+0000][1][safepoint    ] Entering safepoint region: Cleanup
[2019-06-24T10:12:35.200+0000][1][safepoint    ] Leaving safepoint region
[2019-06-24T10:12:35.201+0000][1][safepoint    ] Total time for which application threads were stopped: 0.0002447 seconds, Stopping threads took: 0.0000656 seconds
[2019-06-24T10:12:36.201+0000][1][safepoint    ] Application time: 1.0001498 seconds
[2019-06-24T10:12:36.201+0000][1][safepoint    ] Entering safepoint region: Cleanup
[2019-06-24T10:12:36.201+0000][1][safepoint    ] Leaving safepoint region
[2019-06-24T10:12:36.201+0000][1][safepoint    ] Total time for which application threads were stopped: 0.0001439 seconds, Stopping threads took: 0.0000563 seconds
[2019-06-24T10:12:37.201+0000][1][safepoint    ] Application time: 1.0001180 seconds
[2019-06-24T10:12:37.201+0000][1][safepoint    ] Entering safepoint region: Cleanup
[2019-06-24T10:12:37.201+0000][1][safepoint    ] Leaving safepoint region
[2019-06-24T10:12:37.201+0000][1][safepoint    ] Total time for which application threads were stopped: 0.0001015 seconds, Stopping threads took: 0.0000429 seconds
[2019-06-24T10:12:38.201+0000][1][safepoint    ] Application time: 1.0000836 seconds
[2019-06-24T10:12:38.201+0000][1][safepoint    ] Entering safepoint region: Cleanup
[2019-06-24T10:12:38.201+0000][1][safepoint    ] Leaving safepoint region
[2019-06-24T10:12:38.201+0000][1][safepoint    ] Total time for which application threads were stopped: 0.0001283 seconds, Stopping threads took: 0.0000318 seconds
[2019-06-24T10:12:39.202+0000][1][safepoint    ] Application time: 1.0000965 seconds
[2019-06-24T10:12:39.202+0000][1][safepoint    ] Entering safepoint region: Cleanup
[2019-06-24T10:12:39.202+0000][1][safepoint    ] Leaving safepoint region
[2019-06-24T10:12:39.202+0000][1][safepoint    ] Total time for which application threads were stopped: 0.0001278 seconds, Stopping threads took: 0.0000349 seconds
[2019-06-24T10:12:40.202+0000][1][safepoint    ] Application time: 1.0000979 seconds
[2019-06-24T10:12:40.202+0000][1][safepoint    ] Entering safepoint region: Cleanup
[2019-06-24T10:12:40.202+0000][1][safepoint    ] Leaving safepoint region
[2019-06-24T10:12:40.202+0000][1][safepoint    ] Total time for which application threads were stopped: 0.0001261 seconds, Stopping threads took: 0.0000366 seconds
[2019-06-24T10:12:41.202+0000][1][safepoint    ] Application time: 1.0000881 seconds
[2019-06-24T10:12:41.202+0000][1][safepoint    ] Entering safepoint region: Cleanup
[2019-06-24T10:12:41.202+0000][1][safepoint    ] Leaving safepoint region
[2019-06-24T10:12:41.202+0000][1][safepoint    ] Total time for which application threads were stopped: 0.0001198 seconds, Stopping threads took: 0.0000264 seconds
[2019-06-24T10:12:42.202+0000][1][safepoint    ] Application time: 1.0000958 seconds
[2019-06-24T10:12:42.203+0000][1][safepoint    ] Entering safepoint region: Cleanup
[2019-06-24T10:12:42.203+0000][1][safepoint    ] Leaving safepoint region
[2019-06-24T10:12:42.203+0000][1][safepoint    ] Total time for which application threads were stopped: 0.0001681 seconds, Stopping threads took: 0.0000497 seconds
[2019-06-24T10:12:43.203+0000][1][safepoint    ] Application time: 1.0000957 seconds
[2019-06-24T10:12:43.203+0000][1][safepoint    ] Entering safepoint region: Cleanup
[2019-06-24T10:12:43.203+0000][1][safepoint    ] Leaving safepoint region
[2019-06-24T10:12:43.203+0000][1][safepoint    ] Total time for which application threads were stopped: 0.0001452 seconds, Stopping threads took: 0.0000398 seconds
[2019-06-24T10:12:44.203+0000][1][safepoint    ] Application time: 1.0000964 seconds
[2019-06-24T10:12:44.203+0000][1][safepoint    ] Entering safepoint region: Cleanup
[2019-06-24T10:12:44.203+0000][1][safepoint    ] Leaving safepoint region
[2019-06-24T10:12:44.203+0000][1][safepoint    ] Total time for which application threads were stopped: 0.0001364 seconds, Stopping threads took: 0.0000355 seconds
[2019-06-24T10:12:45.203+0000][1][safepoint    ] Application time: 1.0001228 seconds
[2019-06-24T10:12:45.203+0000][1][safepoint    ] Entering safepoint region: Cleanup
[2019-06-24T10:12:45.204+0000][1][safepoint    ] Leaving safepoint region
[2019-06-24T10:12:45.204+0000][1][safepoint    ] Total time for which application threads were stopped: 0.0000841 seconds, Stopping threads took: 0.0000236 seconds
[2019-06-24T10:12:46.204+0000][1][safepoint    ] Application time: 1.0000865 seconds
[2019-06-24T10:12:46.204+0000][1][safepoint    ] Entering safepoint region: Cleanup
[2019-06-24T10:12:46.204+0000][1][safepoint    ] Leaving safepoint region
[2019-06-24T10:12:46.204+0000][1][safepoint    ] Total time for which application threads were stopped: 0.0001498 seconds, Stopping threads took: 0.0000366 seconds
[2019-06-24T10:12:47.204+0000][1][safepoint    ] Application time: 1.0000985 seconds
[2019-06-24T10:12:47.204+0000][1][safepoint    ] Entering safepoint region: Cleanup
[2019-06-24T10:12:47.204+0000][1][safepoint    ] Leaving safepoint region
[2019-06-24T10:12:47.204+0000][1][safepoint    ] Total time for which application threads were stopped: 0.0001385 seconds, Stopping threads took: 0.0000356 seconds
[2019-06-24T10:12:48.204+0000][1][safepoint    ] Application time: 1.0001004 seconds
[2019-06-24T10:12:48.204+0000][1][safepoint    ] Entering safepoint region: Cleanup
[2019-06-24T10:12:48.204+0000][1][safepoint    ] Leaving safepoint region
[2019-06-24T10:12:48.204+0000][1][safepoint    ] Total time for which application threads were stopped: 0.0001356 seconds, Stopping threads took: 0.0000403 seconds
[2019-06-24T10:12:49.205+0000][1][safepoint    ] Application time: 1.0001191 seconds
[2019-06-24T10:12:49.205+0000][1][safepoint    ] Entering safepoint region: Cleanup
[2019-06-24T10:12:49.205+0000][1][safepoint    ] Leaving safepoint region
[2019-06-24T10:12:49.205+0000][1][safepoint    ] Total time for which application threads were stopped: 0.0001031 seconds, Stopping threads took: 0.0000352 seconds
[2019-06-24T10:12:49.587+0000][1][safepoint    ] Application time: 0.3818883 seconds
[2019-06-24T10:12:49.587+0000][1][safepoint    ] Entering safepoint region: RevokeBias
[2019-06-24T10:12:49.587+0000][1][safepoint    ] Leaving safepoint region
[2019-06-24T10:12:49.587+0000][1][safepoint    ] Total time for which application threads were stopped: 0.0002147 seconds, Stopping threads took: 0.0000503 seconds
[2019-06-24T10:12:49.587+0000][1][safepoint    ] Application time: 0.0003200 seconds
[2019-06-24T10:12:49.587+0000][1][safepoint    ] Entering safepoint region: RevokeBias
[2019-06-24T10:12:49.588+0000][1][safepoint    ] Leaving safepoint region
[2019-06-24T10:12:49.588+0000][1][safepoint    ] Total time for which application threads were stopped: 0.0002102 seconds, Stopping threads took: 0.0000671 seconds
[2019-06-24T10:12:49.588+0000][1][safepoint    ] Application time: 0.0008277 seconds
[2019-06-24T10:12:49.589+0000][1][safepoint    ] Entering safepoint region: RevokeBias
[2019-06-24T10:12:49.589+0000][1][safepoint    ] Leaving safepoint region
[2019-06-24T10:12:49.589+0000][1][safepoint    ] Total time for which application threads were stopped: 0.0002553 seconds, Stopping threads took: 0.0001075 seconds
[2019-06-24T10:12:49.591+0000][1][safepoint    ] Application time: 0.0023533 seconds
[2019-06-24T10:12:49.591+0000][1][safepoint    ] Entering safepoint region: RevokeBias
[2019-06-24T10:12:49.591+0000][1][safepoint    ] Leaving safepoint region
[2019-06-24T10:12:49.591+0000][1][safepoint    ] Total time for which application threads were stopped: 0.0002023 seconds, Stopping threads took: 0.0000673 seconds
[2019-06-24T10:12:49.591+0000][1][safepoint    ] Application time: 0.0000890 seconds
[2019-06-24T10:12:49.592+0000][1][safepoint    ] Entering safepoint region: RevokeBias
[2019-06-24T10:12:49.592+0000][1][safepoint    ] Leaving safepoint region
[2019-06-24T10:12:49.592+0000][1][safepoint    ] Total time for which application threads were stopped: 0.0002440 seconds, Stopping threads took: 0.0001216 seconds
[2019-06-24T10:12:49.592+0000][1][safepoint    ] Application time: 0.0004937 seconds
[2019-06-24T10:12:49.592+0000][1][safepoint    ] Entering safepoint region: RevokeBias
[2019-06-24T10:12:49.592+0000][1][safepoint    ] Leaving safepoint region
[2019-06-24T10:12:49.592+0000][1][safepoint    ] Total time for which application threads were stopped: 0.0002736 seconds, Stopping threads took: 0.0001687 seconds
[2019-06-24T10:12:49.593+0000][1][safepoint    ] Application time: 0.0000877 seconds
[2019-06-24T10:12:49.593+0000][1][safepoint    ] Entering safepoint region: BulkRevokeBias
[2019-06-24T10:12:49.593+0000][1][safepoint    ] Leaving safepoint region
[2019-06-24T10:12:49.593+0000][1][safepoint    ] Total time for which application threads were stopped: 0.0005770 seconds, Stopping threads took: 0.0001019 seconds
[2019-06-24T10:12:50.593+0000][1][safepoint    ] Application time: 1.0000983 seconds
[2019-06-24T10:12:50.593+0000][1][safepoint    ] Entering safepoint region: Cleanup
[2019-06-24T10:12:50.593+0000][1][safepoint    ] Leaving safepoint region
[2019-06-24T10:12:50.593+0000][1][safepoint    ] Total time for which application threads were stopped: 0.0000958 seconds, Stopping threads took: 0.0000229 seconds
[2019-06-24T10:12:51.594+0000][1][safepoint    ] Application time: 1.0002402 seconds
[2019-06-24T10:12:51.594+0000][1][safepoint    ] Entering safepoint region: Cleanup
[2019-06-24T10:12:51.594+0000][1][safepoint    ] Leaving safepoint region
[2019-06-24T10:12:51.594+0000][1][safepoint    ] Total time for which application threads were stopped: 0.0001254 seconds, Stopping threads took: 0.0000428 seconds
[2019-06-24T10:12:52.594+0000][1][safepoint    ] Application time: 1.0001130 seconds
[2019-06-24T10:12:52.594+0000][1][safepoint    ] Entering safepoint region: Cleanup
[2019-06-24T10:12:52.594+0000][1][safepoint    ] Leaving safepoint region
[2019-06-24T10:12:52.594+0000][1][safepoint    ] Total time for which application threads were stopped: 0.0002275 seconds, Stopping threads took: 0.0000622 seconds
[2019-06-24T10:12:53.595+0000][1][safepoint    ] Application time: 1.0001910 seconds
[2019-06-24T10:12:53.595+0000][1][safepoint    ] Entering safepoint region: Cleanup
[2019-06-24T10:12:53.595+0000][1][safepoint    ] Leaving safepoint region
[2019-06-24T10:12:53.595+0000][1][safepoint    ] Total time for which application threads were stopped: 0.0003091 seconds, Stopping threads took: 0.0000802 seconds
[2019-06-24T10:12:54.595+0000][1][safepoint    ] Application time: 1.0002447 seconds
[2019-06-24T10:12:54.595+0000][1][safepoint    ] Entering safepoint region: Cleanup
[2019-06-24T10:12:54.596+0000][1][safepoint    ] Leaving safepoint region
[2019-06-24T10:12:54.596+0000][1][safepoint    ] Total time for which application threads were stopped: 0.0002388 seconds, Stopping threads took: 0.0000654 seconds
[2019-06-24T10:12:55.596+0000][1][safepoint    ] Application time: 1.0001998 seconds
[2019-06-24T10:12:55.596+0000][1][safepoint    ] Entering safepoint region: Cleanup
[2019-06-24T10:12:55.596+0000][1][safepoint    ] Leaving safepoint region
[2019-06-24T10:12:55.596+0000][1][safepoint    ] Total time for which application threads were stopped: 0.0002773 seconds, Stopping threads took: 0.0000635 seconds
[2019-06-24T10:12:56.596+0000][1][safepoint    ] Application time: 1.0001334 seconds
[2019-06-24T10:12:56.597+0000][1][safepoint    ] Entering safepoint region: Cleanup
[2019-06-24T10:12:56.597+0000][1][safepoint    ] Leaving safepoint region
[2019-06-24T10:12:56.597+0000][1][safepoint    ] Total time for which application threads were stopped: 0.0003360 seconds, Stopping threads took: 0.0000938 seconds
[2019-06-24T10:12:57.597+0000][1][safepoint    ] Application time: 1.0001862 seconds
[2019-06-24T10:12:57.597+0000][1][safepoint    ] Entering safepoint region: Cleanup
[2019-06-24T10:12:57.597+0000][1][safepoint    ] Leaving safepoint region
[2019-06-24T10:12:57.598+0000][1][safepoint    ] Total time for which application threads were stopped: 0.0003745 seconds, Stopping threads took: 0.0001297 seconds
[2019-06-24T10:12:58.598+0000][1][safepoint    ] Application time: 1.0001589 seconds
[2019-06-24T10:12:58.598+0000][1][safepoint    ] Entering safepoint region: Cleanup
[2019-06-24T10:12:58.598+0000][1][safepoint    ] Leaving safepoint region
[2019-06-24T10:12:58.598+0000][1][safepoint    ] Total time for which application threads were stopped: 0.0003762 seconds, Stopping threads took: 0.0001000 seconds
[2019-06-24T10:12:59.599+0000][1][safepoint    ] Application time: 1.0002614 seconds
[2019-06-24T10:12:59.599+0000][1][safepoint    ] Entering safepoint region: Cleanup
[2019-06-24T10:12:59.599+0000][1][safepoint    ] Leaving safepoint region
[2019-06-24T10:12:59.599+0000][1][safepoint    ] Total time for which application threads were stopped: 0.0004148 seconds, Stopping threads took: 0.0000919 seconds
[2019-06-24T10:13:00.599+0000][1][safepoint    ] Application time: 1.0002032 seconds
[2019-06-24T10:13:00.600+0000][1][safepoint    ] Entering safepoint region: Cleanup
[2019-06-24T10:13:00.600+0000][1][safepoint    ] Leaving safepoint region
[2019-06-24T10:13:00.600+0000][1][safepoint    ] Total time for which application threads were stopped: 0.0002616 seconds, Stopping threads took: 0.0000994 seconds
[2019-06-24T10:13:01.600+0000][1][safepoint    ] Application time: 1.0002356 seconds
[2019-06-24T10:13:01.600+0000][1][safepoint    ] Entering safepoint region: Cleanup
[2019-06-24T10:13:01.600+0000][1][safepoint    ] Leaving safepoint region
[2019-06-24T10:13:01.600+0000][1][safepoint    ] Total time for which application threads were stopped: 0.0003054 seconds, Stopping threads took: 0.0001059 seconds
[2019-06-24T10:13:02.601+0000][1][safepoint    ] Application time: 1.0002198 seconds
[2019-06-24T10:13:02.601+0000][1][safepoint    ] Entering safepoint region: Cleanup
[2019-06-24T10:13:02.601+0000][1][safepoint    ] Leaving safepoint region
[2019-06-24T10:13:02.601+0000][1][safepoint    ] Total time for which application threads were stopped: 0.0002368 seconds, Stopping threads took: 0.0000645 seconds
[2019-06-24T10:13:03.601+0000][1][safepoint    ] Application time: 1.0002370 seconds
[2019-06-24T10:13:03.601+0000][1][safepoint    ] Entering safepoint region: Cleanup
[2019-06-24T10:13:03.602+0000][1][safepoint    ] Leaving safepoint region
[2019-06-24T10:13:03.602+0000][1][safepoint    ] Total time for which application threads were stopped: 0.0002383 seconds, Stopping threads took: 0.0000639 seconds
[2019-06-24T10:13:04.602+0000][1][safepoint    ] Application time: 1.0001930 seconds
[2019-06-24T10:13:04.602+0000][1][safepoint    ] Entering safepoint region: Cleanup
[2019-06-24T10:13:04.602+0000][1][safepoint    ] Leaving safepoint region
[2019-06-24T10:13:04.602+0000][1][safepoint    ] Total time for which application threads were stopped: 0.0002926 seconds, Stopping threads took: 0.0000906 seconds
[2019-06-24T10:13:05.603+0000][1][safepoint    ] Application time: 1.0002203 seconds
[2019-06-24T10:13:05.603+0000][1][safepoint    ] Entering safepoint region: Cleanup
[2019-06-24T10:13:05.604+0000][1][safepoint    ] Leaving safepoint region
[2019-06-24T10:13:05.604+0000][1][safepoint    ] Total time for which application threads were stopped: 0.0011535 seconds, Stopping threads took: 0.0008897 seconds
[2019-06-24T10:13:06.604+0000][1][safepoint    ] Application time: 1.0001432 seconds
[2019-06-24T10:13:06.604+0000][1][safepoint    ] Entering safepoint region: Cleanup
[2019-06-24T10:13:06.604+0000][1][safepoint    ] Leaving safepoint region
[2019-06-24T10:13:06.604+0000][1][safepoint    ] Total time for which application threads were stopped: 0.0002155 seconds, Stopping threads took: 0.0000603 seconds
[2019-06-24T10:13:07.605+0000][1][safepoint    ] Application time: 1.0001515 seconds
[2019-06-24T10:13:07.605+0000][1][safepoint    ] Entering safepoint region: Cleanup
[2019-06-24T10:13:07.605+0000][1][safepoint    ] Leaving safepoint region
[2019-06-24T10:13:07.605+0000][1][safepoint    ] Total time for which application threads were stopped: 0.0003465 seconds, Stopping threads took: 0.0000721 seconds
[2019-06-24T10:13:08.605+0000][1][safepoint    ] Application time: 1.0002082 seconds
[2019-06-24T10:13:08.605+0000][1][safepoint    ] Entering safepoint region: Cleanup
[2019-06-24T10:13:08.606+0000][1][safepoint    ] Leaving safepoint region
[2019-06-24T10:13:08.606+0000][1][safepoint    ] Total time for which application threads were stopped: 0.0002248 seconds, Stopping threads took: 0.0000624 seconds
[2019-06-24T10:13:09.606+0000][1][safepoint    ] Application time: 1.0002610 seconds
[2019-06-24T10:13:09.606+0000][1][safepoint    ] Entering safepoint region: Cleanup
[2019-06-24T10:13:09.606+0000][1][safepoint    ] Leaving safepoint region
[2019-06-24T10:13:09.606+0000][1][safepoint    ] Total time for which application threads were stopped: 0.0003085 seconds, Stopping threads took: 0.0000712 seconds
[2019-06-24T10:13:10.607+0000][1][safepoint    ] Application time: 1.0002997 seconds
[2019-06-24T10:13:10.607+0000][1][safepoint    ] Entering safepoint region: Cleanup
[2019-06-24T10:13:10.608+0000][1][safepoint    ] Leaving safepoint region
[2019-06-24T10:13:10.608+0000][1][safepoint    ] Total time for which application threads were stopped: 0.0011572 seconds, Stopping threads took: 0.0009697 seconds
[2019-06-24T10:13:11.608+0000][1][safepoint    ] Application time: 1.0001096 seconds
[2019-06-24T10:13:11.608+0000][1][safepoint    ] Entering safepoint region: Cleanup
[2019-06-24T10:13:11.608+0000][1][safepoint    ] Leaving safepoint region
[2019-06-24T10:13:11.608+0000][1][safepoint    ] Total time for which application threads were stopped: 0.0001248 seconds, Stopping threads took: 0.0000330 seconds
[2019-06-24T10:13:12.609+0000][1][safepoint    ] Application time: 1.0003014 seconds
[2019-06-24T10:13:12.609+0000][1][safepoint    ] Entering safepoint region: Cleanup
[2019-06-24T10:13:12.610+0000][1][safepoint    ] Leaving safepoint region
[2019-06-24T10:13:12.610+0000][1][safepoint    ] Total time for which application threads were stopped: 0.0008207 seconds, Stopping threads took: 0.0003281 seconds
[2019-06-24T10:13:13.686+0000][1][safepoint    ] Application time: 1.0765085 seconds
[2019-06-24T10:13:13.686+0000][1][safepoint    ] Entering safepoint region: Cleanup
[2019-06-24T10:13:13.687+0000][1][safepoint    ] Leaving safepoint region
[2019-06-24T10:13:13.687+0000][1][safepoint    ] Total time for which application threads were stopped: 0.0003045 seconds, Stopping threads took: 0.0000968 seconds
[2019-06-24T10:13:14.687+0000][1][safepoint    ] Application time: 1.0001597 seconds
[2019-06-24T10:13:14.687+0000][1][safepoint    ] Entering safepoint region: Cleanup
[2019-06-24T10:13:14.687+0000][1][safepoint    ] Leaving safepoint region
[2019-06-24T10:13:14.687+0000][1][safepoint    ] Total time for which application threads were stopped: 0.0002794 seconds, Stopping threads took: 0.0000793 seconds
[2019-06-24T10:13:15.687+0000][1][safepoint    ] Application time: 1.0001047 seconds
[2019-06-24T10:13:15.688+0000][1][safepoint    ] Entering safepoint region: Cleanup
[2019-06-24T10:13:15.688+0000][1][safepoint    ] Leaving safepoint region
[2019-06-24T10:13:15.688+0000][1][safepoint    ] Total time for which application threads were stopped: 0.0000903 seconds, Stopping threads took: 0.0000248 seconds
[2019-06-24T10:13:16.688+0000][1][safepoint    ] Application time: 1.0001669 seconds
[2019-06-24T10:13:16.688+0000][1][safepoint    ] Entering safepoint region: Cleanup
[2019-06-24T10:13:16.688+0000][1][safepoint    ] Leaving safepoint region
[2019-06-24T10:13:16.688+0000][1][safepoint    ] Total time for which application threads were stopped: 0.0002758 seconds, Stopping threads took: 0.0000702 seconds
[2019-06-24T10:13:17.688+0000][1][safepoint    ] Application time: 1.0002128 seconds
[2019-06-24T10:13:17.689+0000][1][safepoint    ] Entering safepoint region: Cleanup
[2019-06-24T10:13:17.689+0000][1][safepoint    ] Leaving safepoint region
[2019-06-24T10:13:17.689+0000][1][safepoint    ] Total time for which application threads were stopped: 0.0005658 seconds, Stopping threads took: 0.0001423 seconds
[2019-06-24T10:13:18.689+0000][1][safepoint    ] Application time: 1.0001785 seconds
[2019-06-24T10:13:18.690+0000][1][safepoint    ] Entering safepoint region: Cleanup
[2019-06-24T10:13:18.690+0000][1][safepoint    ] Leaving safepoint region
[2019-06-24T10:13:18.690+0000][1][safepoint    ] Total time for which application threads were stopped: 0.0002243 seconds, Stopping threads took: 0.0000585 seconds
[2019-06-24T10:13:19.690+0000][1][safepoint    ] Application time: 1.0001858 seconds
[2019-06-24T10:13:19.690+0000][1][safepoint    ] Entering safepoint region: Cleanup
[2019-06-24T10:13:19.690+0000][1][safepoint    ] Leaving safepoint region
[2019-06-24T10:13:19.690+0000][1][safepoint    ] Total time for which application threads were stopped: 0.0002367 seconds, Stopping threads took: 0.0000645 seconds
[2019-06-24T10:13:20.691+0000][1][safepoint    ] Application time: 1.0001610 seconds
[2019-06-24T10:13:20.691+0000][1][safepoint    ] Entering safepoint region: Cleanup
[2019-06-24T10:13:20.691+0000][1][safepoint    ] Leaving safepoint region
[2019-06-24T10:13:20.691+0000][1][safepoint    ] Total time for which application threads were stopped: 0.0000856 seconds, Stopping threads took: 0.0000244 seconds
[2019-06-24T10:13:21.691+0000][1][safepoint    ] Application time: 1.0001266 seconds
[2019-06-24T10:13:21.691+0000][1][safepoint    ] Entering safepoint region: Cleanup
[2019-06-24T10:13:21.691+0000][1][safepoint    ] Leaving safepoint region
[2019-06-24T10:13:21.691+0000][1][safepoint    ] Total time for which application threads were stopped: 0.0002755 seconds, Stopping threads took: 0.0000629 seconds
[2019-06-24T10:13:22.691+0000][1][safepoint    ] Application time: 1.0001479 seconds
[2019-06-24T10:13:22.692+0000][1][safepoint    ] Entering safepoint region: Cleanup
[2019-06-24T10:13:22.692+0000][1][safepoint    ] Leaving safepoint region
[2019-06-24T10:13:22.692+0000][1][safepoint    ] Total time for which application threads were stopped: 0.0003167 seconds, Stopping threads took: 0.0000954 seconds
[2019-06-24T10:13:23.692+0000][1][safepoint    ] Application time: 1.0002672 seconds
[2019-06-24T10:13:23.692+0000][1][safepoint    ] Entering safepoint region: Cleanup
[2019-06-24T10:13:23.692+0000][1][safepoint    ] Leaving safepoint region
[2019-06-24T10:13:23.693+0000][1][safepoint    ] Total time for which application threads were stopped: 0.0003210 seconds, Stopping threads took: 0.0000671 seconds
[2019-06-24T10:13:24.693+0000][1][safepoint    ] Application time: 1.0002104 seconds
[2019-06-24T10:13:24.693+0000][1][safepoint    ] Entering safepoint region: Cleanup
[2019-06-24T10:13:24.693+0000][1][safepoint    ] Leaving safepoint region
[2019-06-24T10:13:24.693+0000][1][safepoint    ] Total time for which application threads were stopped: 0.0003289 seconds, Stopping threads took: 0.0000734 seconds
[2019-06-24T10:13:25.694+0000][1][safepoint    ] Application time: 1.0002770 seconds
[2019-06-24T10:13:25.694+0000][1][safepoint    ] Entering safepoint region: Cleanup
[2019-06-24T10:13:25.694+0000][1][safepoint    ] Leaving safepoint region
[2019-06-24T10:13:25.694+0000][1][safepoint    ] Total time for which application threads were stopped: 0.0002956 seconds, Stopping threads took: 0.0000632 seconds
[2019-06-24T10:13:26.694+0000][1][safepoint    ] Application time: 1.0002511 seconds
[2019-06-24T10:13:26.694+0000][1][safepoint    ] Entering safepoint region: Cleanup
[2019-06-24T10:13:26.695+0000][1][safepoint    ] Leaving safepoint region
[2019-06-24T10:13:26.695+0000][1][safepoint    ] Total time for which application threads were stopped: 0.0003932 seconds, Stopping threads took: 0.0000667 seconds
[2019-06-24T10:13:27.695+0000][1][safepoint    ] Application time: 1.0001700 seconds
[2019-06-24T10:13:27.695+0000][1][safepoint    ] Entering safepoint region: Cleanup
[2019-06-24T10:13:27.695+0000][1][safepoint    ] Leaving safepoint region
[2019-06-24T10:13:27.695+0000][1][safepoint    ] Total time for which application threads were stopped: 0.0002683 seconds, Stopping threads took: 0.0000590 seconds
[2019-06-24T10:13:28.696+0000][1][safepoint    ] Application time: 1.0002859 seconds
[2019-06-24T10:13:28.696+0000][1][safepoint    ] Entering safepoint region: Cleanup
[2019-06-24T10:13:28.696+0000][1][safepoint    ] Leaving safepoint region
[2019-06-24T10:13:28.696+0000][1][safepoint    ] Total time for which application threads were stopped: 0.0001767 seconds, Stopping threads took: 0.0000476 seconds
[2019-06-24T10:13:29.696+0000][1][safepoint    ] Application time: 1.0002721 seconds
[2019-06-24T10:13:29.696+0000][1][safepoint    ] Entering safepoint region: Cleanup
[2019-06-24T10:13:29.696+0000][1][safepoint    ] Leaving safepoint region
[2019-06-24T10:13:29.696+0000][1][safepoint    ] Total time for which application threads were stopped: 0.0001516 seconds, Stopping threads took: 0.0000405 seconds
[2019-06-24T10:13:30.697+0000][1][safepoint    ] Application time: 1.0002507 seconds
[2019-06-24T10:13:30.697+0000][1][safepoint    ] Entering safepoint region: Cleanup
[2019-06-24T10:13:30.697+0000][1][safepoint    ] Leaving safepoint region
[2019-06-24T10:13:30.697+0000][1][safepoint    ] Total time for which application threads were stopped: 0.0002385 seconds, Stopping threads took: 0.0000661 seconds
[2019-06-24T10:13:31.697+0000][1][safepoint    ] Application time: 1.0001281 seconds
[2019-06-24T10:13:31.697+0000][1][safepoint    ] Entering safepoint region: Cleanup
[2019-06-24T10:13:31.698+0000][1][safepoint    ] Leaving safepoint region
[2019-06-24T10:13:31.698+0000][1][safepoint    ] Total time for which application threads were stopped: 0.0001942 seconds, Stopping threads took: 0.0000512 seconds
[2019-06-24T10:13:32.698+0000][1][safepoint    ] Application time: 1.0001555 seconds
[2019-06-24T10:13:32.698+0000][1][safepoint    ] Entering safepoint region: Cleanup
[2019-06-24T10:13:32.698+0000][1][safepoint    ] Leaving safepoint region
[2019-06-24T10:13:32.698+0000][1][safepoint    ] Total time for which application threads were stopped: 0.0003253 seconds, Stopping threads took: 0.0000945 seconds
[2019-06-24T10:13:33.698+0000][1][safepoint    ] Application time: 1.0001432 seconds
[2019-06-24T10:13:33.698+0000][1][safepoint    ] Entering safepoint region: Cleanup
[2019-06-24T10:13:33.699+0000][1][safepoint    ] Leaving safepoint region
[2019-06-24T10:13:33.699+0000][1][safepoint    ] Total time for which application threads were stopped: 0.0001371 seconds, Stopping threads took: 0.0000369 seconds
[2019-06-24T10:13:34.699+0000][1][safepoint    ] Application time: 1.0001417 seconds
[2019-06-24T10:13:34.699+0000][1][safepoint    ] Entering safepoint region: Cleanup
[2019-06-24T10:13:34.700+0000][1][safepoint    ] Leaving safepoint region
[2019-06-24T10:13:34.700+0000][1][safepoint    ] Total time for which application threads were stopped: 0.0009825 seconds, Stopping threads took: 0.0008495 seconds
[2019-06-24T10:13:35.700+0000][1][safepoint    ] Application time: 1.0000895 seconds
[2019-06-24T10:13:35.700+0000][1][safepoint    ] Entering safepoint region: Cleanup
[2019-06-24T10:13:35.700+0000][1][safepoint    ] Leaving safepoint region
[2019-06-24T10:13:35.700+0000][1][safepoint    ] Total time for which application threads were stopped: 0.0001282 seconds, Stopping threads took: 0.0000321 seconds
[2019-06-24T10:13:36.700+0000][1][safepoint    ] Application time: 1.0001984 seconds
[2019-06-24T10:13:36.700+0000][1][safepoint    ] Entering safepoint region: Cleanup
[2019-06-24T10:13:36.701+0000][1][safepoint    ] Leaving safepoint region
[2019-06-24T10:13:36.701+0000][1][safepoint    ] Total time for which application threads were stopped: 0.0002519 seconds, Stopping threads took: 0.0000706 seconds
[2019-06-24T10:13:37.701+0000][1][safepoint    ] Application time: 1.0001449 seconds
[2019-06-24T10:13:37.701+0000][1][safepoint    ] Entering safepoint region: Cleanup
[2019-06-24T10:13:37.701+0000][1][safepoint    ] Leaving safepoint region
[2019-06-24T10:13:37.701+0000][1][safepoint    ] Total time for which application threads were stopped: 0.0002938 seconds, Stopping threads took: 0.0000776 seconds
[2019-06-24T10:13:38.701+0000][1][safepoint    ] Application time: 1.0001525 seconds
[2019-06-24T10:13:38.702+0000][1][safepoint    ] Entering safepoint region: Cleanup
[2019-06-24T10:13:38.702+0000][1][safepoint    ] Leaving safepoint region
[2019-06-24T10:13:38.702+0000][1][safepoint    ] Total time for which application threads were stopped: 0.0003577 seconds, Stopping threads took: 0.0000897 seconds
[2019-06-24T10:13:39.702+0000][1][safepoint    ] Application time: 1.0001723 seconds
[2019-06-24T10:13:39.702+0000][1][safepoint    ] Entering safepoint region: Cleanup
[2019-06-24T10:13:39.703+0000][1][safepoint    ] Leaving safepoint region
[2019-06-24T10:13:39.704+0000][1][safepoint    ] Total time for which application threads were stopped: 0.0013256 seconds, Stopping threads took: 0.0010227 seconds
[2019-06-24T10:13:40.704+0000][1][safepoint    ] Application time: 1.0002052 seconds
[2019-06-24T10:13:40.704+0000][1][safepoint    ] Entering safepoint region: Cleanup
[2019-06-24T10:13:40.704+0000][1][safepoint    ] Leaving safepoint region
[2019-06-24T10:13:40.704+0000][1][safepoint    ] Total time for which application threads were stopped: 0.0003299 seconds, Stopping threads took: 0.0000641 seconds
[2019-06-24T10:13:41.705+0000][1][safepoint    ] Application time: 1.0003181 seconds
[2019-06-24T10:13:41.705+0000][1][safepoint    ] Entering safepoint region: Cleanup
[2019-06-24T10:13:41.705+0000][1][safepoint    ] Leaving safepoint region
[2019-06-24T10:13:41.705+0000][1][safepoint    ] Total time for which application threads were stopped: 0.0003303 seconds, Stopping threads took: 0.0000669 seconds
[2019-06-24T10:13:42.705+0000][1][safepoint    ] Application time: 1.0002704 seconds
[2019-06-24T10:13:42.706+0000][1][safepoint    ] Entering safepoint region: Cleanup
[2019-06-24T10:13:42.706+0000][1][safepoint    ] Leaving safepoint region
[2019-06-24T10:13:42.706+0000][1][safepoint    ] Total time for which application threads were stopped: 0.0002114 seconds, Stopping threads took: 0.0000445 seconds
[2019-06-24T10:13:43.706+0000][1][safepoint    ] Application time: 1.0001361 seconds
[2019-06-24T10:13:43.706+0000][1][safepoint    ] Entering safepoint region: Cleanup
[2019-06-24T10:13:43.706+0000][1][safepoint    ] Leaving safepoint region
[2019-06-24T10:13:43.706+0000][1][safepoint    ] Total time for which application threads were stopped: 0.0001236 seconds, Stopping threads took: 0.0000353 seconds
[2019-06-24T10:13:44.706+0000][1][safepoint    ] Application time: 1.0002409 seconds
[2019-06-24T10:13:44.707+0000][1][safepoint    ] Entering safepoint region: Cleanup
[2019-06-24T10:13:44.707+0000][1][safepoint    ] Leaving safepoint region
[2019-06-24T10:13:44.707+0000][1][safepoint    ] Total time for which application threads were stopped: 0.0003932 seconds, Stopping threads took: 0.0001054 seconds
[2019-06-24T10:13:45.707+0000][1][safepoint    ] Application time: 1.0002662 seconds
[2019-06-24T10:13:45.707+0000][1][safepoint    ] Entering safepoint region: Cleanup
[2019-06-24T10:13:45.708+0000][1][safepoint    ] Leaving safepoint region
[2019-06-24T10:13:45.708+0000][1][safepoint    ] Total time for which application threads were stopped: 0.0002745 seconds, Stopping threads took: 0.0000655 seconds
[2019-06-24T10:13:46.708+0000][1][safepoint    ] Application time: 1.0002426 seconds
[2019-06-24T10:13:46.708+0000][1][safepoint    ] Entering safepoint region: Cleanup
[2019-06-24T10:13:46.708+0000][1][safepoint    ] Leaving safepoint region
[2019-06-24T10:13:46.708+0000][1][safepoint    ] Total time for which application threads were stopped: 0.0002685 seconds, Stopping threads took: 0.0000636 seconds
[2019-06-24T10:13:47.709+0000][1][safepoint    ] Application time: 1.0002791 seconds
[2019-06-24T10:13:47.709+0000][1][safepoint    ] Entering safepoint region: Cleanup
[2019-06-24T10:13:47.709+0000][1][safepoint    ] Leaving safepoint region
[2019-06-24T10:13:47.709+0000][1][safepoint    ] Total time for which application threads were stopped: 0.0001646 seconds, Stopping threads took: 0.0000325 seconds
[2019-06-24T10:13:48.709+0000][1][safepoint    ] Application time: 1.0001656 seconds
[2019-06-24T10:13:48.709+0000][1][safepoint    ] Entering safepoint region: Cleanup
[2019-06-24T10:13:48.709+0000][1][safepoint    ] Leaving safepoint region
[2019-06-24T10:13:48.709+0000][1][safepoint    ] Total time for which application threads were stopped: 0.0002305 seconds, Stopping threads took: 0.0000539 seconds
[2019-06-24T10:13:49.710+0000][1][safepoint    ] Application time: 1.0002621 seconds
[2019-06-24T10:13:49.710+0000][1][safepoint    ] Entering safepoint region: Cleanup
[2019-06-24T10:13:49.710+0000][1][safepoint    ] Leaving safepoint region
[2019-06-24T10:13:49.710+0000][1][safepoint    ] Total time for which application threads were stopped: 0.0002765 seconds, Stopping threads took: 0.0000664 seconds
[2019-06-24T10:13:50.710+0000][1][safepoint    ] Application time: 1.0002717 seconds
[2019-06-24T10:13:50.711+0000][1][safepoint    ] Entering safepoint region: Cleanup
[2019-06-24T10:13:50.711+0000][1][safepoint    ] Leaving safepoint region
[2019-06-24T10:13:50.711+0000][1][safepoint    ] Total time for which application threads were stopped: 0.0003590 seconds, Stopping threads took: 0.0000873 seconds
[2019-06-24T10:13:51.711+0000][1][safepoint    ] Application time: 1.0002315 seconds
[2019-06-24T10:13:51.711+0000][1][safepoint    ] Entering safepoint region: Cleanup
[2019-06-24T10:13:51.712+0000][1][safepoint    ] Leaving safepoint region
[2019-06-24T10:13:51.712+0000][1][safepoint    ] Total time for which application threads were stopped: 0.0003021 seconds, Stopping threads took: 0.0000601 seconds
[2019-06-24T10:13:52.712+0000][1][safepoint    ] Application time: 1.0002393 seconds
[2019-06-24T10:13:52.712+0000][1][safepoint    ] Entering safepoint region: Cleanup
[2019-06-24T10:13:52.712+0000][1][safepoint    ] Leaving safepoint region
[2019-06-24T10:13:52.712+0000][1][safepoint    ] Total time for which application threads were stopped: 0.0001637 seconds, Stopping threads took: 0.0000371 seconds
[2019-06-24T10:13:53.712+0000][1][safepoint    ] Application time: 1.0002146 seconds
[2019-06-24T10:13:53.713+0000][1][safepoint    ] Entering safepoint region: Cleanup
[2019-06-24T10:13:53.713+0000][1][safepoint    ] Leaving safepoint region
[2019-06-24T10:13:53.713+0000][1][safepoint    ] Total time for which application threads were stopped: 0.0003003 seconds, Stopping threads took: 0.0000756 seconds
[2019-06-24T10:13:54.713+0000][1][safepoint    ] Application time: 1.0002076 seconds
[2019-06-24T10:13:54.713+0000][1][safepoint    ] Entering safepoint region: Cleanup
[2019-06-24T10:13:54.713+0000][1][safepoint    ] Leaving safepoint region
[2019-06-24T10:13:54.713+0000][1][safepoint    ] Total time for which application threads were stopped: 0.0003075 seconds, Stopping threads took: 0.0000632 seconds
[2019-06-24T10:13:55.714+0000][1][safepoint    ] Application time: 1.0001830 seconds
[2019-06-24T10:13:55.714+0000][1][safepoint    ] Entering safepoint region: Cleanup
[2019-06-24T10:13:55.714+0000][1][safepoint    ] Leaving safepoint region
[2019-06-24T10:13:55.714+0000][1][safepoint    ] Total time for which application threads were stopped: 0.0004754 seconds, Stopping threads took: 0.0001939 seconds
[2019-06-24T10:13:56.715+0000][1][safepoint    ] Application time: 1.0002157 seconds
[2019-06-24T10:13:56.715+0000][1][safepoint    ] Entering safepoint region: Cleanup
[2019-06-24T10:13:56.715+0000][1][safepoint    ] Leaving safepoint region
[2019-06-24T10:13:56.715+0000][1][safepoint    ] Total time for which application threads were stopped: 0.0002145 seconds, Stopping threads took: 0.0000602 seconds
[2019-06-24T10:13:57.715+0000][1][safepoint    ] Application time: 1.0002053 seconds
[2019-06-24T10:13:57.715+0000][1][safepoint    ] Entering safepoint region: Cleanup
[2019-06-24T10:13:57.715+0000][1][safepoint    ] Leaving safepoint region
[2019-06-24T10:13:57.715+0000][1][safepoint    ] Total time for which application threads were stopped: 0.0001442 seconds, Stopping threads took: 0.0000382 seconds
[2019-06-24T10:13:58.294+0000][1][safepoint    ] Application time: 0.5785531 seconds
[2019-06-24T10:13:58.294+0000][1][safepoint    ] Entering safepoint region: GenCollectForAllocation
[2019-06-24T10:13:58.294+0000][1][gc,start     ] GC(32) Pause Young (Allocation Failure)
[2019-06-24T10:13:58.294+0000][1][gc,task      ] GC(32) Using 5 workers of 8 for evacuation
[2019-06-24T10:13:58.296+0000][1][gc,age       ] GC(32) Desired survivor size 4456448 bytes, new threshold 6 (max threshold 6)
[2019-06-24T10:13:58.296+0000][1][gc,age       ] GC(32) Age table with threshold 6 (max threshold 6)
[2019-06-24T10:13:58.296+0000][1][gc,age       ] GC(32) - age   1:      75056 bytes,      75056 total
[2019-06-24T10:13:58.296+0000][1][gc,age       ] GC(32) - age   2:       1760 bytes,      76816 total
[2019-06-24T10:13:58.296+0000][1][gc,age       ] GC(32) - age   3:        496 bytes,      77312 total
[2019-06-24T10:13:58.296+0000][1][gc,age       ] GC(32) - age   4:      65312 bytes,     142624 total
[2019-06-24T10:13:58.296+0000][1][gc,age       ] GC(32) - age   5:       2864 bytes,     145488 total
[2019-06-24T10:13:58.296+0000][1][gc,age       ] GC(32) - age   6:      64192 bytes,     209680 total
[2019-06-24T10:13:58.296+0000][1][gc,heap      ] GC(32) ParNew: 70188K->272K(78656K)
[2019-06-24T10:13:58.296+0000][1][gc,heap      ] GC(32) CMS: 69396K->69399K(174784K)
[2019-06-24T10:13:58.296+0000][1][gc,metaspace ] GC(32) Metaspace: 68137K->68137K(1112064K)
[2019-06-24T10:13:58.296+0000][1][gc           ] GC(32) Pause Young (Allocation Failure) 136M->68M(247M) 1.763ms
[2019-06-24T10:13:58.296+0000][1][gc,cpu       ] GC(32) User=0.01s Sys=0.00s Real=0.01s
[2019-06-24T10:13:58.296+0000][1][safepoint    ] Leaving safepoint region
[2019-06-24T10:13:58.296+0000][1][safepoint    ] Total time for which application threads were stopped: 0.0020678 seconds, Stopping threads took: 0.0001382 seconds
[2019-06-24T10:13:59.296+0000][1][safepoint    ] Application time: 1.0002668 seconds
[2019-06-24T10:13:59.296+0000][1][safepoint    ] Entering safepoint region: Cleanup
[2019-06-24T10:13:59.297+0000][1][safepoint    ] Leaving safepoint region
[2019-06-24T10:13:59.297+0000][1][safepoint    ] Total time for which application threads were stopped: 0.0002418 seconds, Stopping threads took: 0.0000649 seconds
[2019-06-24T10:14:00.297+0000][1][safepoint    ] Application time: 1.0002035 seconds
[2019-06-24T10:14:00.297+0000][1][safepoint    ] Entering safepoint region: Cleanup
[2019-06-24T10:14:00.297+0000][1][safepoint    ] Leaving safepoint region
[2019-06-24T10:14:00.297+0000][1][safepoint    ] Total time for which application threads were stopped: 0.0002394 seconds, Stopping threads took: 0.0000641 seconds
[2019-06-24T10:14:01.297+0000][1][safepoint    ] Application time: 1.0001855 seconds
[2019-06-24T10:14:01.298+0000][1][safepoint    ] Entering safepoint region: Cleanup
[2019-06-24T10:14:01.298+0000][1][safepoint    ] Leaving safepoint region
[2019-06-24T10:14:01.298+0000][1][safepoint    ] Total time for which application threads were stopped: 0.0002526 seconds, Stopping threads took: 0.0000671 seconds
[2019-06-24T10:14:02.298+0000][1][safepoint    ] Application time: 1.0001954 seconds
[2019-06-24T10:14:02.298+0000][1][safepoint    ] Entering safepoint region: Cleanup
[2019-06-24T10:14:02.298+0000][1][safepoint    ] Leaving safepoint region
[2019-06-24T10:14:02.299+0000][1][safepoint    ] Total time for which application threads were stopped: 0.0003807 seconds, Stopping threads took: 0.0000621 seconds
[2019-06-24T10:14:03.744+0000][1][safepoint    ] Application time: 1.4455218 seconds
[2019-06-24T10:14:03.744+0000][1][safepoint    ] Entering safepoint region: Cleanup
[2019-06-24T10:14:03.745+0000][1][safepoint    ] Leaving safepoint region
[2019-06-24T10:14:03.745+0000][1][safepoint    ] Total time for which application threads were stopped: 0.0003693 seconds, Stopping threads took: 0.0001347 seconds
[2019-06-24T10:14:04.745+0000][1][safepoint    ] Application time: 1.0002489 seconds
[2019-06-24T10:14:04.745+0000][1][safepoint    ] Entering safepoint region: Cleanup
[2019-06-24T10:14:04.745+0000][1][safepoint    ] Leaving safepoint region
[2019-06-24T10:14:04.745+0000][1][safepoint    ] Total time for which application threads were stopped: 0.0002484 seconds, Stopping threads took: 0.0000672 seconds
[2019-06-24T10:14:05.746+0000][1][safepoint    ] Application time: 1.0002674 seconds
[2019-06-24T10:14:05.746+0000][1][safepoint    ] Entering safepoint region: Cleanup
[2019-06-24T10:14:05.746+0000][1][safepoint    ] Leaving safepoint region
[2019-06-24T10:14:05.746+0000][1][safepoint    ] Total time for which application threads were stopped: 0.0003655 seconds, Stopping threads took: 0.0000767 seconds
[2019-06-24T10:14:06.746+0000][1][safepoint    ] Application time: 1.0002598 seconds
[2019-06-24T10:14:06.747+0000][1][safepoint    ] Entering safepoint region: Cleanup
[2019-06-24T10:14:06.747+0000][1][safepoint    ] Leaving safepoint region
[2019-06-24T10:14:06.747+0000][1][safepoint    ] Total time for which application threads were stopped: 0.0002642 seconds, Stopping threads took: 0.0001045 seconds
[2019-06-24T10:14:07.747+0000][1][safepoint    ] Application time: 1.0001788 seconds
[2019-06-24T10:14:07.747+0000][1][safepoint    ] Entering safepoint region: Cleanup
[2019-06-24T10:14:07.747+0000][1][safepoint    ] Leaving safepoint region
[2019-06-24T10:14:07.747+0000][1][safepoint    ] Total time for which application threads were stopped: 0.0002260 seconds, Stopping threads took: 0.0000638 seconds
[2019-06-24T10:14:08.748+0000][1][safepoint    ] Application time: 1.0002473 seconds
[2019-06-24T10:14:08.748+0000][1][safepoint    ] Entering safepoint region: Cleanup
[2019-06-24T10:14:08.748+0000][1][safepoint    ] Leaving safepoint region
[2019-06-24T10:14:08.748+0000][1][safepoint    ] Total time for which application threads were stopped: 0.0002770 seconds, Stopping threads took: 0.0001190 seconds
[2019-06-24T10:14:09.748+0000][1][safepoint    ] Application time: 1.0001789 seconds
[2019-06-24T10:14:09.748+0000][1][safepoint    ] Entering safepoint region: Cleanup
[2019-06-24T10:14:09.749+0000][1][safepoint    ] Leaving safepoint region
[2019-06-24T10:14:09.749+0000][1][safepoint    ] Total time for which application threads were stopped: 0.0002344 seconds, Stopping threads took: 0.0000762 seconds
[2019-06-24T10:14:10.749+0000][1][safepoint    ] Application time: 1.0001932 seconds
[2019-06-24T10:14:10.749+0000][1][safepoint    ] Entering safepoint region: Cleanup
[2019-06-24T10:14:10.749+0000][1][safepoint    ] Leaving safepoint region
[2019-06-24T10:14:10.749+0000][1][safepoint    ] Total time for which application threads were stopped: 0.0002362 seconds, Stopping threads took: 0.0000785 seconds
[2019-06-24T10:14:11.750+0000][1][safepoint    ] Application time: 1.0002739 seconds
[2019-06-24T10:14:11.750+0000][1][safepoint    ] Entering safepoint region: Cleanup
[2019-06-24T10:14:11.750+0000][1][safepoint    ] Leaving safepoint region
[2019-06-24T10:14:11.750+0000][1][safepoint    ] Total time for which application threads were stopped: 0.0002870 seconds, Stopping threads took: 0.0000852 seconds
[2019-06-24T10:14:12.750+0000][1][safepoint    ] Application time: 1.0002760 seconds
[2019-06-24T10:14:12.750+0000][1][safepoint    ] Entering safepoint region: Cleanup
[2019-06-24T10:14:12.751+0000][1][safepoint    ] Leaving safepoint region
[2019-06-24T10:14:12.751+0000][1][safepoint    ] Total time for which application threads were stopped: 0.0003164 seconds, Stopping threads took: 0.0000659 seconds
[2019-06-24T10:14:13.751+0000][1][safepoint    ] Application time: 1.0002522 seconds
[2019-06-24T10:14:13.751+0000][1][safepoint    ] Entering safepoint region: Cleanup
[2019-06-24T10:14:13.751+0000][1][safepoint    ] Leaving safepoint region
[2019-06-24T10:14:13.751+0000][1][safepoint    ] Total time for which application threads were stopped: 0.0002310 seconds, Stopping threads took: 0.0000652 seconds
[2019-06-24T10:14:14.752+0000][1][safepoint    ] Application time: 1.0002693 seconds
[2019-06-24T10:14:14.752+0000][1][safepoint    ] Entering safepoint region: Cleanup
[2019-06-24T10:14:14.752+0000][1][safepoint    ] Leaving safepoint region
[2019-06-24T10:14:14.752+0000][1][safepoint    ] Total time for which application threads were stopped: 0.0002336 seconds, Stopping threads took: 0.0000662 seconds
[2019-06-24T10:14:15.752+0000][1][safepoint    ] Application time: 1.0002494 seconds
[2019-06-24T10:14:15.752+0000][1][safepoint    ] Entering safepoint region: Cleanup
[2019-06-24T10:14:15.753+0000][1][safepoint    ] Leaving safepoint region
[2019-06-24T10:14:15.753+0000][1][safepoint    ] Total time for which application threads were stopped: 0.0002473 seconds, Stopping threads took: 0.0000646 seconds
[2019-06-24T10:14:16.753+0000][1][safepoint    ] Application time: 1.0002651 seconds
[2019-06-24T10:14:16.753+0000][1][safepoint    ] Entering safepoint region: Cleanup
[2019-06-24T10:14:16.753+0000][1][safepoint    ] Leaving safepoint region
[2019-06-24T10:14:16.753+0000][1][safepoint    ] Total time for which application threads were stopped: 0.0002824 seconds, Stopping threads took: 0.0001030 seconds
[2019-06-24T10:14:17.753+0000][1][safepoint    ] Application time: 1.0001463 seconds
[2019-06-24T10:14:17.754+0000][1][safepoint    ] Entering safepoint region: Cleanup
[2019-06-24T10:14:17.754+0000][1][safepoint    ] Leaving safepoint region
[2019-06-24T10:14:17.754+0000][1][safepoint    ] Total time for which application threads were stopped: 0.0001032 seconds, Stopping threads took: 0.0000230 seconds
[2019-06-24T10:14:18.754+0000][1][safepoint    ] Application time: 1.0002403 seconds
[2019-06-24T10:14:18.754+0000][1][safepoint    ] Entering safepoint region: Cleanup
[2019-06-24T10:14:18.754+0000][1][safepoint    ] Leaving safepoint region
[2019-06-24T10:14:18.754+0000][1][safepoint    ] Total time for which application threads were stopped: 0.0003067 seconds, Stopping threads took: 0.0001038 seconds
[2019-06-24T10:14:19.755+0000][1][safepoint    ] Application time: 1.0001982 seconds
[2019-06-24T10:14:19.755+0000][1][safepoint    ] Entering safepoint region: Cleanup
[2019-06-24T10:14:19.755+0000][1][safepoint    ] Leaving safepoint region
[2019-06-24T10:14:19.755+0000][1][safepoint    ] Total time for which application threads were stopped: 0.0001289 seconds, Stopping threads took: 0.0000335 seconds
[2019-06-24T10:14:20.755+0000][1][safepoint    ] Application time: 1.0001201 seconds
[2019-06-24T10:14:20.755+0000][1][safepoint    ] Entering safepoint region: Cleanup
[2019-06-24T10:14:20.755+0000][1][safepoint    ] Leaving safepoint region
[2019-06-24T10:14:20.755+0000][1][safepoint    ] Total time for which application threads were stopped: 0.0001199 seconds, Stopping threads took: 0.0000404 seconds
[2019-06-24T10:14:21.755+0000][1][safepoint    ] Application time: 1.0001625 seconds
[2019-06-24T10:14:21.755+0000][1][safepoint    ] Entering safepoint region: Cleanup
[2019-06-24T10:14:21.755+0000][1][safepoint    ] Leaving safepoint region
[2019-06-24T10:14:21.756+0000][1][safepoint    ] Total time for which application threads were stopped: 0.0002336 seconds, Stopping threads took: 0.0000629 seconds
[2019-06-24T10:14:22.756+0000][1][safepoint    ] Application time: 1.0002261 seconds
[2019-06-24T10:14:22.756+0000][1][safepoint    ] Entering safepoint region: Cleanup
[2019-06-24T10:14:22.756+0000][1][safepoint    ] Leaving safepoint region
[2019-06-24T10:14:22.756+0000][1][safepoint    ] Total time for which application threads were stopped: 0.0002282 seconds, Stopping threads took: 0.0000620 seconds
[2019-06-24T10:14:23.756+0000][1][safepoint    ] Application time: 1.0001754 seconds
[2019-06-24T10:14:23.756+0000][1][safepoint    ] Entering safepoint region: Cleanup
[2019-06-24T10:14:23.756+0000][1][safepoint    ] Leaving safepoint region
[2019-06-24T10:14:23.756+0000][1][safepoint    ] Total time for which application threads were stopped: 0.0001200 seconds, Stopping threads took: 0.0000260 seconds
[2019-06-24T10:14:24.757+0000][1][safepoint    ] Application time: 1.0002611 seconds
[2019-06-24T10:14:24.757+0000][1][safepoint    ] Entering safepoint region: Cleanup
[2019-06-24T10:14:24.757+0000][1][safepoint    ] Leaving safepoint region
[2019-06-24T10:14:24.757+0000][1][safepoint    ] Total time for which application threads were stopped: 0.0002557 seconds, Stopping threads took: 0.0000947 seconds
[2019-06-24T10:14:25.757+0000][1][safepoint    ] Application time: 1.0001839 seconds
[2019-06-24T10:14:25.757+0000][1][safepoint    ] Entering safepoint region: Cleanup
[2019-06-24T10:14:25.758+0000][1][safepoint    ] Leaving safepoint region
[2019-06-24T10:14:25.758+0000][1][safepoint    ] Total time for which application threads were stopped: 0.0002286 seconds, Stopping threads took: 0.0000616 seconds
[2019-06-24T10:14:26.758+0000][1][safepoint    ] Application time: 1.0002711 seconds
[2019-06-24T10:14:26.758+0000][1][safepoint    ] Entering safepoint region: Cleanup
[2019-06-24T10:14:26.758+0000][1][safepoint    ] Leaving safepoint region
[2019-06-24T10:14:26.758+0000][1][safepoint    ] Total time for which application threads were stopped: 0.0002689 seconds, Stopping threads took: 0.0001006 seconds
[2019-06-24T10:14:27.759+0000][1][safepoint    ] Application time: 1.0001585 seconds
[2019-06-24T10:14:27.759+0000][1][safepoint    ] Entering safepoint region: Cleanup
[2019-06-24T10:14:27.759+0000][1][safepoint    ] Leaving safepoint region
[2019-06-24T10:14:27.759+0000][1][safepoint    ] Total time for which application threads were stopped: 0.0004554 seconds, Stopping threads took: 0.0002811 seconds
[2019-06-24T10:14:28.759+0000][1][safepoint    ] Application time: 1.0002043 seconds
[2019-06-24T10:14:28.760+0000][1][safepoint    ] Entering safepoint region: Cleanup
[2019-06-24T10:14:28.760+0000][1][safepoint    ] Leaving safepoint region
[2019-06-24T10:14:28.760+0000][1][safepoint    ] Total time for which application threads were stopped: 0.0003088 seconds, Stopping threads took: 0.0000657 seconds
[2019-06-24T10:14:29.760+0000][1][safepoint    ] Application time: 1.0002845 seconds
[2019-06-24T10:14:29.760+0000][1][safepoint    ] Entering safepoint region: Cleanup
[2019-06-24T10:14:29.760+0000][1][safepoint    ] Leaving safepoint region
[2019-06-24T10:14:29.760+0000][1][safepoint    ] Total time for which application threads were stopped: 0.0002277 seconds, Stopping threads took: 0.0000624 seconds
[2019-06-24T10:14:30.761+0000][1][safepoint    ] Application time: 1.0001379 seconds
[2019-06-24T10:14:30.761+0000][1][safepoint    ] Entering safepoint region: Cleanup
[2019-06-24T10:14:30.761+0000][1][safepoint    ] Leaving safepoint region
[2019-06-24T10:14:30.761+0000][1][safepoint    ] Total time for which application threads were stopped: 0.0000813 seconds, Stopping threads took: 0.0000224 seconds
[2019-06-24T10:14:31.761+0000][1][safepoint    ] Application time: 1.0001810 seconds
[2019-06-24T10:14:31.761+0000][1][safepoint    ] Entering safepoint region: Cleanup
[2019-06-24T10:14:31.761+0000][1][safepoint    ] Leaving safepoint region
[2019-06-24T10:14:31.761+0000][1][safepoint    ] Total time for which application threads were stopped: 0.0002392 seconds, Stopping threads took: 0.0000651 seconds
[2019-06-24T10:14:32.762+0000][1][safepoint    ] Application time: 1.0001967 seconds
[2019-06-24T10:14:32.762+0000][1][safepoint    ] Entering safepoint region: Cleanup
[2019-06-24T10:14:32.762+0000][1][safepoint    ] Leaving safepoint region
[2019-06-24T10:14:32.762+0000][1][safepoint    ] Total time for which application threads were stopped: 0.0002369 seconds, Stopping threads took: 0.0000635 seconds
[2019-06-24T10:14:33.762+0000][1][safepoint    ] Application time: 1.0002437 seconds
[2019-06-24T10:14:33.762+0000][1][safepoint    ] Entering safepoint region: Cleanup
[2019-06-24T10:14:33.763+0000][1][safepoint    ] Leaving safepoint region
[2019-06-24T10:14:33.763+0000][1][safepoint    ] Total time for which application threads were stopped: 0.0003405 seconds, Stopping threads took: 0.0000639 seconds
[2019-06-24T10:14:34.763+0000][1][safepoint    ] Application time: 1.0001669 seconds
[2019-06-24T10:14:34.763+0000][1][safepoint    ] Entering safepoint region: Cleanup
[2019-06-24T10:14:34.763+0000][1][safepoint    ] Leaving safepoint region
[2019-06-24T10:14:34.763+0000][1][safepoint    ] Total time for which application threads were stopped: 0.0002572 seconds, Stopping threads took: 0.0000899 seconds
[2019-06-24T10:14:35.763+0000][1][safepoint    ] Application time: 1.0001346 seconds
[2019-06-24T10:14:35.763+0000][1][safepoint    ] Entering safepoint region: Cleanup
[2019-06-24T10:14:35.763+0000][1][safepoint    ] Leaving safepoint region
[2019-06-24T10:14:35.763+0000][1][safepoint    ] Total time for which application threads were stopped: 0.0000849 seconds, Stopping threads took: 0.0000223 seconds
[2019-06-24T10:14:36.764+0000][1][safepoint    ] Application time: 1.0002420 seconds
[2019-06-24T10:14:36.764+0000][1][safepoint    ] Entering safepoint region: Cleanup
[2019-06-24T10:14:36.764+0000][1][safepoint    ] Leaving safepoint region
[2019-06-24T10:14:36.764+0000][1][safepoint    ] Total time for which application threads were stopped: 0.0002465 seconds, Stopping threads took: 0.0000617 seconds
[2019-06-24T10:14:37.764+0000][1][safepoint    ] Application time: 1.0002680 seconds
[2019-06-24T10:14:37.765+0000][1][safepoint    ] Entering safepoint region: Cleanup
[2019-06-24T10:14:37.765+0000][1][safepoint    ] Leaving safepoint region
[2019-06-24T10:14:37.765+0000][1][safepoint    ] Total time for which application threads were stopped: 0.0001390 seconds, Stopping threads took: 0.0000317 seconds
[2019-06-24T10:14:38.765+0000][1][safepoint    ] Application time: 1.0002498 seconds
[2019-06-24T10:14:38.765+0000][1][safepoint    ] Entering safepoint region: Cleanup
[2019-06-24T10:14:38.765+0000][1][safepoint    ] Leaving safepoint region
[2019-06-24T10:14:38.765+0000][1][safepoint    ] Total time for which application threads were stopped: 0.0002389 seconds, Stopping threads took: 0.0000650 seconds
[2019-06-24T10:14:39.766+0000][1][safepoint    ] Application time: 1.0002704 seconds
[2019-06-24T10:14:39.766+0000][1][safepoint    ] Entering safepoint region: Cleanup
[2019-06-24T10:14:39.766+0000][1][safepoint    ] Leaving safepoint region
[2019-06-24T10:14:39.766+0000][1][safepoint    ] Total time for which application threads were stopped: 0.0002570 seconds, Stopping threads took: 0.0000931 seconds
[2019-06-24T10:14:40.951+0000][1][safepoint    ] Application time: 1.1855162 seconds
[2019-06-24T10:14:40.952+0000][1][safepoint    ] Entering safepoint region: Cleanup
[2019-06-24T10:14:40.952+0000][1][safepoint    ] Leaving safepoint region
[2019-06-24T10:14:40.952+0000][1][safepoint    ] Total time for which application threads were stopped: 0.0000996 seconds, Stopping threads took: 0.0000257 seconds
[2019-06-24T10:14:41.952+0000][1][safepoint    ] Application time: 1.0001647 seconds
[2019-06-24T10:14:41.952+0000][1][safepoint    ] Entering safepoint region: Cleanup
[2019-06-24T10:14:41.952+0000][1][safepoint    ] Leaving safepoint region
[2019-06-24T10:14:41.952+0000][1][safepoint    ] Total time for which application threads were stopped: 0.0002281 seconds, Stopping threads took: 0.0000647 seconds
[2019-06-24T10:14:42.952+0000][1][safepoint    ] Application time: 1.0001577 seconds
[2019-06-24T10:14:42.953+0000][1][safepoint    ] Entering safepoint region: Cleanup
[2019-06-24T10:14:42.953+0000][1][safepoint    ] Leaving safepoint region
[2019-06-24T10:14:42.953+0000][1][safepoint    ] Total time for which application threads were stopped: 0.0002630 seconds, Stopping threads took: 0.0000942 seconds
[2019-06-24T10:14:43.953+0000][1][safepoint    ] Application time: 1.0002700 seconds
[2019-06-24T10:14:43.953+0000][1][safepoint    ] Entering safepoint region: Cleanup
[2019-06-24T10:14:43.953+0000][1][safepoint    ] Leaving safepoint region
[2019-06-24T10:14:43.953+0000][1][safepoint    ] Total time for which application threads were stopped: 0.0002343 seconds, Stopping threads took: 0.0000654 seconds
[2019-06-24T10:14:44.954+0000][1][safepoint    ] Application time: 1.0002570 seconds
[2019-06-24T10:14:44.954+0000][1][safepoint    ] Entering safepoint region: Cleanup
[2019-06-24T10:14:44.954+0000][1][safepoint    ] Leaving safepoint region
[2019-06-24T10:14:44.954+0000][1][safepoint    ] Total time for which application threads were stopped: 0.0002270 seconds, Stopping threads took: 0.0000822 seconds
[2019-06-24T10:14:45.954+0000][1][safepoint    ] Application time: 1.0002453 seconds
[2019-06-24T10:14:45.954+0000][1][safepoint    ] Entering safepoint region: Cleanup
[2019-06-24T10:14:45.955+0000][1][safepoint    ] Leaving safepoint region
[2019-06-24T10:14:45.955+0000][1][safepoint    ] Total time for which application threads were stopped: 0.0002871 seconds, Stopping threads took: 0.0000569 seconds
[2019-06-24T10:14:46.955+0000][1][safepoint    ] Application time: 1.0000919 seconds
[2019-06-24T10:14:46.955+0000][1][safepoint    ] Entering safepoint region: Cleanup
[2019-06-24T10:14:46.955+0000][1][safepoint    ] Leaving safepoint region
[2019-06-24T10:14:46.955+0000][1][safepoint    ] Total time for which application threads were stopped: 0.0000877 seconds, Stopping threads took: 0.0000222 seconds
[2019-06-24T10:14:47.955+0000][1][safepoint    ] Application time: 1.0002367 seconds
[2019-06-24T10:14:47.955+0000][1][safepoint    ] Entering safepoint region: Cleanup
[2019-06-24T10:14:47.955+0000][1][safepoint    ] Leaving safepoint region
[2019-06-24T10:14:47.956+0000][1][safepoint    ] Total time for which application threads were stopped: 0.0002294 seconds, Stopping threads took: 0.0000640 seconds
[2019-06-24T10:14:48.956+0000][1][safepoint    ] Application time: 1.0001948 seconds
[2019-06-24T10:14:48.956+0000][1][safepoint    ] Entering safepoint region: Cleanup
[2019-06-24T10:14:48.956+0000][1][safepoint    ] Leaving safepoint region
[2019-06-24T10:14:48.956+0000][1][safepoint    ] Total time for which application threads were stopped: 0.0002292 seconds, Stopping threads took: 0.0000641 seconds
[2019-06-24T10:14:49.956+0000][1][safepoint    ] Application time: 1.0002581 seconds
[2019-06-24T10:14:49.956+0000][1][safepoint    ] Entering safepoint region: Cleanup
[2019-06-24T10:14:49.957+0000][1][safepoint    ] Leaving safepoint region
[2019-06-24T10:14:49.957+0000][1][safepoint    ] Total time for which application threads were stopped: 0.0002244 seconds, Stopping threads took: 0.0000630 seconds
[2019-06-24T10:14:50.957+0000][1][safepoint    ] Application time: 1.0002537 seconds
[2019-06-24T10:14:50.957+0000][1][safepoint    ] Entering safepoint region: Cleanup
[2019-06-24T10:14:50.957+0000][1][safepoint    ] Leaving safepoint region
[2019-06-24T10:14:50.957+0000][1][safepoint    ] Total time for which application threads were stopped: 0.0002243 seconds, Stopping threads took: 0.0000629 seconds
[2019-06-24T10:14:51.958+0000][1][safepoint    ] Application time: 1.0001985 seconds
[2019-06-24T10:14:51.958+0000][1][safepoint    ] Entering safepoint region: Cleanup
[2019-06-24T10:14:51.958+0000][1][safepoint    ] Leaving safepoint region
[2019-06-24T10:14:51.958+0000][1][safepoint    ] Total time for which application threads were stopped: 0.0002210 seconds, Stopping threads took: 0.0000620 seconds
[2019-06-24T10:14:52.958+0000][1][safepoint    ] Application time: 1.0003579 seconds
[2019-06-24T10:14:52.958+0000][1][safepoint    ] Entering safepoint region: Cleanup
[2019-06-24T10:14:52.958+0000][1][safepoint    ] Leaving safepoint region
[2019-06-24T10:14:52.958+0000][1][safepoint    ] Total time for which application threads were stopped: 0.0000930 seconds, Stopping threads took: 0.0000255 seconds
[2019-06-24T10:14:53.959+0000][1][safepoint    ] Application time: 1.0002564 seconds
[2019-06-24T10:14:53.959+0000][1][safepoint    ] Entering safepoint region: Cleanup
[2019-06-24T10:14:53.959+0000][1][safepoint    ] Leaving safepoint region
[2019-06-24T10:14:53.959+0000][1][safepoint    ] Total time for which application threads were stopped: 0.0002395 seconds, Stopping threads took: 0.0000642 seconds
[2019-06-24T10:14:54.959+0000][1][safepoint    ] Application time: 1.0002077 seconds
[2019-06-24T10:14:54.959+0000][1][safepoint    ] Entering safepoint region: Cleanup
[2019-06-24T10:14:54.960+0000][1][safepoint    ] Leaving safepoint region
[2019-06-24T10:14:54.960+0000][1][safepoint    ] Total time for which application threads were stopped: 0.0002592 seconds, Stopping threads took: 0.0000963 seconds
[2019-06-24T10:14:55.960+0000][1][safepoint    ] Application time: 1.0002685 seconds
[2019-06-24T10:14:55.960+0000][1][safepoint    ] Entering safepoint region: Cleanup
[2019-06-24T10:14:55.960+0000][1][safepoint    ] Leaving safepoint region
[2019-06-24T10:14:55.960+0000][1][safepoint    ] Total time for which application threads were stopped: 0.0002503 seconds, Stopping threads took: 0.0000657 seconds
[2019-06-24T10:14:56.961+0000][1][safepoint    ] Application time: 1.0001979 seconds
[2019-06-24T10:14:56.961+0000][1][safepoint    ] Entering safepoint region: Cleanup
[2019-06-24T10:14:56.961+0000][1][safepoint    ] Leaving safepoint region
[2019-06-24T10:14:56.961+0000][1][safepoint    ] Total time for which application threads were stopped: 0.0002693 seconds, Stopping threads took: 0.0000661 seconds
[2019-06-24T10:14:57.961+0000][1][safepoint    ] Application time: 1.0002528 seconds
[2019-06-24T10:14:57.961+0000][1][safepoint    ] Entering safepoint region: Cleanup
[2019-06-24T10:14:57.961+0000][1][safepoint    ] Leaving safepoint region
[2019-06-24T10:14:57.962+0000][1][safepoint    ] Total time for which application threads were stopped: 0.0002521 seconds, Stopping threads took: 0.0000790 seconds
[2019-06-24T10:14:58.962+0000][1][safepoint    ] Application time: 1.0002024 seconds
[2019-06-24T10:14:58.962+0000][1][safepoint    ] Entering safepoint region: Cleanup
[2019-06-24T10:14:58.962+0000][1][safepoint    ] Leaving safepoint region
[2019-06-24T10:14:58.962+0000][1][safepoint    ] Total time for which application threads were stopped: 0.0002626 seconds, Stopping threads took: 0.0000646 seconds
[2019-06-24T10:14:59.962+0000][1][safepoint    ] Application time: 1.0002514 seconds
[2019-06-24T10:14:59.963+0000][1][safepoint    ] Entering safepoint region: Cleanup
[2019-06-24T10:14:59.963+0000][1][safepoint    ] Leaving safepoint region
[2019-06-24T10:14:59.963+0000][1][safepoint    ] Total time for which application threads were stopped: 0.0000758 seconds, Stopping threads took: 0.0000198 seconds
[2019-06-24T10:15:00.963+0000][1][safepoint    ] Application time: 1.0001109 seconds
[2019-06-24T10:15:00.963+0000][1][safepoint    ] Entering safepoint region: Cleanup
[2019-06-24T10:15:00.963+0000][1][safepoint    ] Leaving safepoint region
[2019-06-24T10:15:00.963+0000][1][safepoint    ] Total time for which application threads were stopped: 0.0002296 seconds, Stopping threads took: 0.0000644 seconds
[2019-06-24T10:15:01.963+0000][1][safepoint    ] Application time: 1.0002376 seconds
[2019-06-24T10:15:01.963+0000][1][safepoint    ] Entering safepoint region: Cleanup
[2019-06-24T10:15:01.964+0000][1][safepoint    ] Leaving safepoint region
[2019-06-24T10:15:01.964+0000][1][safepoint    ] Total time for which application threads were stopped: 0.0001350 seconds, Stopping threads took: 0.0000350 seconds
[2019-06-24T10:15:02.964+0000][1][safepoint    ] Application time: 1.0002545 seconds
[2019-06-24T10:15:02.964+0000][1][safepoint    ] Entering safepoint region: Cleanup
[2019-06-24T10:15:02.964+0000][1][safepoint    ] Leaving safepoint region
[2019-06-24T10:15:02.964+0000][1][safepoint    ] Total time for which application threads were stopped: 0.0002405 seconds, Stopping threads took: 0.0000649 seconds
[2019-06-24T10:15:03.965+0000][1][safepoint    ] Application time: 1.0002754 seconds
[2019-06-24T10:15:03.965+0000][1][safepoint    ] Entering safepoint region: Cleanup
[2019-06-24T10:15:03.965+0000][1][safepoint    ] Leaving safepoint region
[2019-06-24T10:15:03.965+0000][1][safepoint    ] Total time for which application threads were stopped: 0.0002332 seconds, Stopping threads took: 0.0000632 seconds
[2019-06-24T10:15:04.965+0000][1][safepoint    ] Application time: 1.0001718 seconds
[2019-06-24T10:15:04.965+0000][1][safepoint    ] Entering safepoint region: Cleanup
[2019-06-24T10:15:04.965+0000][1][safepoint    ] Leaving safepoint region
[2019-06-24T10:15:04.965+0000][1][safepoint    ] Total time for which application threads were stopped: 0.0002413 seconds, Stopping threads took: 0.0000625 seconds
[2019-06-24T10:15:05.966+0000][1][safepoint    ] Application time: 1.0003894 seconds
[2019-06-24T10:15:05.966+0000][1][safepoint    ] Entering safepoint region: Cleanup
[2019-06-24T10:15:05.966+0000][1][safepoint    ] Leaving safepoint region
[2019-06-24T10:15:05.966+0000][1][safepoint    ] Total time for which application threads were stopped: 0.0001035 seconds, Stopping threads took: 0.0000290 seconds
[2019-06-24T10:15:06.966+0000][1][safepoint    ] Application time: 1.0002510 seconds
[2019-06-24T10:15:06.966+0000][1][safepoint    ] Entering safepoint region: Cleanup
[2019-06-24T10:15:06.967+0000][1][safepoint    ] Leaving safepoint region
[2019-06-24T10:15:06.967+0000][1][safepoint    ] Total time for which application threads were stopped: 0.0003264 seconds, Stopping threads took: 0.0000654 seconds
[2019-06-24T10:15:07.967+0000][1][safepoint    ] Application time: 1.0002133 seconds
[2019-06-24T10:15:07.967+0000][1][safepoint    ] Entering safepoint region: Cleanup
[2019-06-24T10:15:07.967+0000][1][safepoint    ] Leaving safepoint region
[2019-06-24T10:15:07.967+0000][1][safepoint    ] Total time for which application threads were stopped: 0.0002982 seconds, Stopping threads took: 0.0000666 seconds
[2019-06-24T10:15:08.968+0000][1][safepoint    ] Application time: 1.0001498 seconds
[2019-06-24T10:15:08.968+0000][1][safepoint    ] Entering safepoint region: Cleanup
[2019-06-24T10:15:08.968+0000][1][safepoint    ] Leaving safepoint region
[2019-06-24T10:15:08.968+0000][1][safepoint    ] Total time for which application threads were stopped: 0.0002446 seconds, Stopping threads took: 0.0000650 seconds
[2019-06-24T10:15:09.968+0000][1][safepoint    ] Application time: 1.0002668 seconds
[2019-06-24T10:15:09.968+0000][1][safepoint    ] Entering safepoint region: Cleanup
[2019-06-24T10:15:09.969+0000][1][safepoint    ] Leaving safepoint region
[2019-06-24T10:15:09.969+0000][1][safepoint    ] Total time for which application threads were stopped: 0.0002461 seconds, Stopping threads took: 0.0000648 seconds
[2019-06-24T10:15:10.969+0000][1][safepoint    ] Application time: 1.0002606 seconds
[2019-06-24T10:15:10.969+0000][1][safepoint    ] Entering safepoint region: Cleanup
[2019-06-24T10:15:10.969+0000][1][safepoint    ] Leaving safepoint region
[2019-06-24T10:15:10.969+0000][1][safepoint    ] Total time for which application threads were stopped: 0.0002634 seconds, Stopping threads took: 0.0000922 seconds
[2019-06-24T10:15:11.970+0000][1][safepoint    ] Application time: 1.0002553 seconds
[2019-06-24T10:15:11.970+0000][1][safepoint    ] Entering safepoint region: Cleanup
[2019-06-24T10:15:11.970+0000][1][safepoint    ] Leaving safepoint region
[2019-06-24T10:15:11.970+0000][1][safepoint    ] Total time for which application threads were stopped: 0.0002670 seconds, Stopping threads took: 0.0000830 seconds
[2019-06-24T10:15:12.970+0000][1][safepoint    ] Application time: 1.0001554 seconds
[2019-06-24T10:15:12.970+0000][1][safepoint    ] Entering safepoint region: Cleanup
[2019-06-24T10:15:12.970+0000][1][safepoint    ] Leaving safepoint region
[2019-06-24T10:15:12.971+0000][1][safepoint    ] Total time for which application threads were stopped: 0.0003082 seconds, Stopping threads took: 0.0000652 seconds
[2019-06-24T10:15:13.971+0000][1][safepoint    ] Application time: 1.0001023 seconds
[2019-06-24T10:15:13.971+0000][1][safepoint    ] Entering safepoint region: Cleanup
[2019-06-24T10:15:13.971+0000][1][safepoint    ] Leaving safepoint region
[2019-06-24T10:15:13.971+0000][1][safepoint    ] Total time for which application threads were stopped: 0.0000960 seconds, Stopping threads took: 0.0000258 seconds
[2019-06-24T10:15:14.971+0000][1][safepoint    ] Application time: 1.0001646 seconds
[2019-06-24T10:15:14.971+0000][1][safepoint    ] Entering safepoint region: Cleanup
[2019-06-24T10:15:14.971+0000][1][safepoint    ] Leaving safepoint region
[2019-06-24T10:15:14.971+0000][1][safepoint    ] Total time for which application threads were stopped: 0.0002396 seconds, Stopping threads took: 0.0000653 seconds
[2019-06-24T10:15:15.972+0000][1][safepoint    ] Application time: 1.0001334 seconds
[2019-06-24T10:15:15.972+0000][1][safepoint    ] Entering safepoint region: Cleanup
[2019-06-24T10:15:15.972+0000][1][safepoint    ] Leaving safepoint region
[2019-06-24T10:15:15.972+0000][1][safepoint    ] Total time for which application threads were stopped: 0.0002352 seconds, Stopping threads took: 0.0000647 seconds
[2019-06-24T10:15:16.972+0000][1][safepoint    ] Application time: 1.0002546 seconds
[2019-06-24T10:15:16.972+0000][1][safepoint    ] Entering safepoint region: Cleanup
[2019-06-24T10:15:16.972+0000][1][safepoint    ] Leaving safepoint region
[2019-06-24T10:15:16.973+0000][1][safepoint    ] Total time for which application threads were stopped: 0.0002388 seconds, Stopping threads took: 0.0000657 seconds
[2019-06-24T10:15:17.973+0000][1][safepoint    ] Application time: 1.0002580 seconds
[2019-06-24T10:15:17.973+0000][1][safepoint    ] Entering safepoint region: Cleanup
[2019-06-24T10:15:17.973+0000][1][safepoint    ] Leaving safepoint region
[2019-06-24T10:15:17.973+0000][1][safepoint    ] Total time for which application threads were stopped: 0.0002349 seconds, Stopping threads took: 0.0000625 seconds
[2019-06-24T10:15:18.974+0000][1][safepoint    ] Application time: 1.0003058 seconds
[2019-06-24T10:15:18.974+0000][1][safepoint    ] Entering safepoint region: Cleanup
[2019-06-24T10:15:18.974+0000][1][safepoint    ] Leaving safepoint region
[2019-06-24T10:15:18.974+0000][1][safepoint    ] Total time for which application threads were stopped: 0.0000978 seconds, Stopping threads took: 0.0000243 seconds
[2019-06-24T10:15:19.974+0000][1][safepoint    ] Application time: 1.0002118 seconds
[2019-06-24T10:15:19.974+0000][1][safepoint    ] Entering safepoint region: Cleanup
[2019-06-24T10:15:19.974+0000][1][safepoint    ] Leaving safepoint region
[2019-06-24T10:15:19.974+0000][1][safepoint    ] Total time for which application threads were stopped: 0.0002692 seconds, Stopping threads took: 0.0000628 seconds
[2019-06-24T10:15:20.975+0000][1][safepoint    ] Application time: 1.0003248 seconds
[2019-06-24T10:15:20.975+0000][1][safepoint    ] Entering safepoint region: Cleanup
[2019-06-24T10:15:20.975+0000][1][safepoint    ] Leaving safepoint region
[2019-06-24T10:15:20.975+0000][1][safepoint    ] Total time for which application threads were stopped: 0.0003433 seconds, Stopping threads took: 0.0001466 seconds
[2019-06-24T10:15:21.975+0000][1][safepoint    ] Application time: 1.0002085 seconds
[2019-06-24T10:15:21.975+0000][1][safepoint    ] Entering safepoint region: Cleanup
[2019-06-24T10:15:21.976+0000][1][safepoint    ] Leaving safepoint region
[2019-06-24T10:15:21.976+0000][1][safepoint    ] Total time for which application threads were stopped: 0.0002840 seconds, Stopping threads took: 0.0000837 seconds
[2019-06-24T10:15:22.976+0000][1][safepoint    ] Application time: 1.0003311 seconds
[2019-06-24T10:15:22.976+0000][1][safepoint    ] Entering safepoint region: Cleanup
[2019-06-24T10:15:22.976+0000][1][safepoint    ] Leaving safepoint region
[2019-06-24T10:15:22.976+0000][1][safepoint    ] Total time for which application threads were stopped: 0.0001017 seconds, Stopping threads took: 0.0000264 seconds
[2019-06-24T10:15:23.977+0000][1][safepoint    ] Application time: 1.0002378 seconds
[2019-06-24T10:15:23.977+0000][1][safepoint    ] Entering safepoint region: Cleanup
[2019-06-24T10:15:23.977+0000][1][safepoint    ] Leaving safepoint region
[2019-06-24T10:15:23.977+0000][1][safepoint    ] Total time for which application threads were stopped: 0.0002119 seconds, Stopping threads took: 0.0000572 seconds
[2019-06-24T10:15:24.977+0000][1][safepoint    ] Application time: 1.0001808 seconds
[2019-06-24T10:15:24.977+0000][1][safepoint    ] Entering safepoint region: Cleanup
[2019-06-24T10:15:24.977+0000][1][safepoint    ] Leaving safepoint region
[2019-06-24T10:15:24.977+0000][1][safepoint    ] Total time for which application threads were stopped: 0.0002190 seconds, Stopping threads took: 0.0000581 seconds
[2019-06-24T10:15:25.978+0000][1][safepoint    ] Application time: 1.0001741 seconds
[2019-06-24T10:15:25.978+0000][1][safepoint    ] Entering safepoint region: Cleanup
[2019-06-24T10:15:25.978+0000][1][safepoint    ] Leaving safepoint region
[2019-06-24T10:15:25.978+0000][1][safepoint    ] Total time for which application threads were stopped: 0.0002100 seconds, Stopping threads took: 0.0000560 seconds
[2019-06-24T10:15:26.978+0000][1][safepoint    ] Application time: 1.0002266 seconds
[2019-06-24T10:15:26.978+0000][1][safepoint    ] Entering safepoint region: Cleanup
[2019-06-24T10:15:26.978+0000][1][safepoint    ] Leaving safepoint region
[2019-06-24T10:15:26.978+0000][1][safepoint    ] Total time for which application threads were stopped: 0.0002291 seconds, Stopping threads took: 0.0000640 seconds
[2019-06-24T10:15:27.979+0000][1][safepoint    ] Application time: 1.0001466 seconds
[2019-06-24T10:15:27.979+0000][1][safepoint    ] Entering safepoint region: Cleanup
[2019-06-24T10:15:27.979+0000][1][safepoint    ] Leaving safepoint region
[2019-06-24T10:15:27.979+0000][1][safepoint    ] Total time for which application threads were stopped: 0.0002284 seconds, Stopping threads took: 0.0000629 seconds
[2019-06-24T10:15:28.979+0000][1][safepoint    ] Application time: 1.0001953 seconds
[2019-06-24T10:15:28.979+0000][1][safepoint    ] Entering safepoint region: Cleanup
[2019-06-24T10:15:28.980+0000][1][safepoint    ] Leaving safepoint region
[2019-06-24T10:15:28.980+0000][1][safepoint    ] Total time for which application threads were stopped: 0.0002286 seconds, Stopping threads took: 0.0000640 seconds
[2019-06-24T10:15:29.980+0000][1][safepoint    ] Application time: 1.0002605 seconds
[2019-06-24T10:15:29.980+0000][1][safepoint    ] Entering safepoint region: Cleanup
[2019-06-24T10:15:29.980+0000][1][safepoint    ] Leaving safepoint region
[2019-06-24T10:15:29.980+0000][1][safepoint    ] Total time for which application threads were stopped: 0.0002549 seconds, Stopping threads took: 0.0000956 seconds
[2019-06-24T10:15:30.981+0000][1][safepoint    ] Application time: 1.0002622 seconds
[2019-06-24T10:15:30.981+0000][1][safepoint    ] Entering safepoint region: Cleanup
[2019-06-24T10:15:30.981+0000][1][safepoint    ] Leaving safepoint region
[2019-06-24T10:15:30.981+0000][1][safepoint    ] Total time for which application threads were stopped: 0.0002348 seconds, Stopping threads took: 0.0000771 seconds
[2019-06-24T10:15:31.981+0000][1][safepoint    ] Application time: 1.0002754 seconds
[2019-06-24T10:15:31.981+0000][1][safepoint    ] Entering safepoint region: Cleanup
[2019-06-24T10:15:31.981+0000][1][safepoint    ] Leaving safepoint region
[2019-06-24T10:15:31.981+0000][1][safepoint    ] Total time for which application threads were stopped: 0.0000989 seconds, Stopping threads took: 0.0000311 seconds
[2019-06-24T10:15:32.982+0000][1][safepoint    ] Application time: 1.0002146 seconds
[2019-06-24T10:15:32.982+0000][1][safepoint    ] Entering safepoint region: Cleanup
[2019-06-24T10:15:32.982+0000][1][safepoint    ] Leaving safepoint region
[2019-06-24T10:15:32.982+0000][1][safepoint    ] Total time for which application threads were stopped: 0.0002267 seconds, Stopping threads took: 0.0000637 seconds
[2019-06-24T10:15:33.982+0000][1][safepoint    ] Application time: 1.0002674 seconds
[2019-06-24T10:15:33.982+0000][1][safepoint    ] Entering safepoint region: Cleanup
[2019-06-24T10:15:33.983+0000][1][safepoint    ] Leaving safepoint region
[2019-06-24T10:15:33.983+0000][1][safepoint    ] Total time for which application threads were stopped: 0.0003176 seconds, Stopping threads took: 0.0000635 seconds
[2019-06-24T10:15:34.983+0000][1][safepoint    ] Application time: 1.0001857 seconds
[2019-06-24T10:15:34.983+0000][1][safepoint    ] Entering safepoint region: Cleanup
[2019-06-24T10:15:34.983+0000][1][safepoint    ] Leaving safepoint region
[2019-06-24T10:15:34.983+0000][1][safepoint    ] Total time for which application threads were stopped: 0.0002276 seconds, Stopping threads took: 0.0000632 seconds
[2019-06-24T10:15:35.983+0000][1][safepoint    ] Application time: 1.0001368 seconds
[2019-06-24T10:15:35.984+0000][1][safepoint    ] Entering safepoint region: Cleanup
[2019-06-24T10:15:35.984+0000][1][safepoint    ] Leaving safepoint region
[2019-06-24T10:15:35.984+0000][1][safepoint    ] Total time for which application threads were stopped: 0.0000884 seconds, Stopping threads took: 0.0000326 seconds
[2019-06-24T10:15:36.984+0000][1][safepoint    ] Application time: 1.0001890 seconds
[2019-06-24T10:15:36.985+0000][1][safepoint    ] Entering safepoint region: Cleanup
[2019-06-24T10:15:36.985+0000][1][safepoint    ] Leaving safepoint region
[2019-06-24T10:15:36.985+0000][1][safepoint    ] Total time for which application threads were stopped: 0.0002357 seconds, Stopping threads took: 0.0000657 seconds
[2019-06-24T10:15:37.985+0000][1][safepoint    ] Application time: 1.0002379 seconds
[2019-06-24T10:15:37.985+0000][1][safepoint    ] Entering safepoint region: Cleanup
[2019-06-24T10:15:37.985+0000][1][safepoint    ] Leaving safepoint region
[2019-06-24T10:15:37.985+0000][1][safepoint    ] Total time for which application threads were stopped: 0.0002323 seconds, Stopping threads took: 0.0000640 seconds
[2019-06-24T10:15:38.986+0000][1][safepoint    ] Application time: 1.0002648 seconds
[2019-06-24T10:15:38.986+0000][1][safepoint    ] Entering safepoint region: Cleanup
[2019-06-24T10:15:38.986+0000][1][safepoint    ] Leaving safepoint region
[2019-06-24T10:15:38.986+0000][1][safepoint    ] Total time for which application threads were stopped: 0.0002358 seconds, Stopping threads took: 0.0000652 seconds
[2019-06-24T10:15:39.986+0000][1][safepoint    ] Application time: 1.0002453 seconds
[2019-06-24T10:15:39.987+0000][1][safepoint    ] Entering safepoint region: Cleanup
[2019-06-24T10:15:39.987+0000][1][safepoint    ] Leaving safepoint region
[2019-06-24T10:15:39.987+0000][1][safepoint    ] Total time for which application threads were stopped: 0.0002141 seconds, Stopping threads took: 0.0000634 seconds
[2019-06-24T10:15:40.987+0000][1][safepoint    ] Application time: 1.0002670 seconds
[2019-06-24T10:15:40.987+0000][1][safepoint    ] Entering safepoint region: Cleanup
[2019-06-24T10:15:40.987+0000][1][safepoint    ] Leaving safepoint region
[2019-06-24T10:15:40.987+0000][1][safepoint    ] Total time for which application threads were stopped: 0.0002351 seconds, Stopping threads took: 0.0000656 seconds
[2019-06-24T10:15:41.988+0000][1][safepoint    ] Application time: 1.0003639 seconds
[2019-06-24T10:15:41.988+0000][1][safepoint    ] Entering safepoint region: Cleanup
[2019-06-24T10:15:41.988+0000][1][safepoint    ] Leaving safepoint region
[2019-06-24T10:15:41.988+0000][1][safepoint    ] Total time for which application threads were stopped: 0.0002080 seconds, Stopping threads took: 0.0000573 seconds
[2019-06-24T10:15:42.988+0000][1][safepoint    ] Application time: 1.0002482 seconds
[2019-06-24T10:15:42.989+0000][1][safepoint    ] Entering safepoint region: Cleanup
[2019-06-24T10:15:42.989+0000][1][safepoint    ] Leaving safepoint region
[2019-06-24T10:15:42.989+0000][1][safepoint    ] Total time for which application threads were stopped: 0.0002167 seconds, Stopping threads took: 0.0000572 seconds
[2019-06-24T10:15:43.989+0000][1][safepoint    ] Application time: 1.0002643 seconds
[2019-06-24T10:15:43.989+0000][1][safepoint    ] Entering safepoint region: Cleanup
[2019-06-24T10:15:43.989+0000][1][safepoint    ] Leaving safepoint region
[2019-06-24T10:15:43.989+0000][1][safepoint    ] Total time for which application threads were stopped: 0.0002475 seconds, Stopping threads took: 0.0000654 seconds
[2019-06-24T10:15:44.990+0000][1][safepoint    ] Application time: 1.0002757 seconds
[2019-06-24T10:15:44.990+0000][1][safepoint    ] Entering safepoint region: Cleanup
[2019-06-24T10:15:44.990+0000][1][safepoint    ] Leaving safepoint region
[2019-06-24T10:15:44.990+0000][1][safepoint    ] Total time for which application threads were stopped: 0.0001877 seconds, Stopping threads took: 0.0000467 seconds
[2019-06-24T10:15:45.990+0000][1][safepoint    ] Application time: 1.0001206 seconds
[2019-06-24T10:15:45.990+0000][1][safepoint    ] Entering safepoint region: Cleanup
[2019-06-24T10:15:45.990+0000][1][safepoint    ] Leaving safepoint region
[2019-06-24T10:15:45.990+0000][1][safepoint    ] Total time for which application threads were stopped: 0.0002303 seconds, Stopping threads took: 0.0000638 seconds
[2019-06-24T10:15:46.991+0000][1][safepoint    ] Application time: 1.0002828 seconds
[2019-06-24T10:15:46.991+0000][1][safepoint    ] Entering safepoint region: Cleanup
[2019-06-24T10:15:46.991+0000][1][safepoint    ] Leaving safepoint region
[2019-06-24T10:15:46.991+0000][1][safepoint    ] Total time for which application threads were stopped: 0.0002323 seconds, Stopping threads took: 0.0000652 seconds
[2019-06-24T10:15:47.991+0000][1][safepoint    ] Application time: 1.0002503 seconds
[2019-06-24T10:15:47.992+0000][1][safepoint    ] Entering safepoint region: Cleanup
[2019-06-24T10:15:47.992+0000][1][safepoint    ] Leaving safepoint region
[2019-06-24T10:15:47.992+0000][1][safepoint    ] Total time for which application threads were stopped: 0.0002692 seconds, Stopping threads took: 0.0001067 seconds
[2019-06-24T10:15:48.992+0000][1][safepoint    ] Application time: 1.0002330 seconds
[2019-06-24T10:15:48.992+0000][1][safepoint    ] Entering safepoint region: Cleanup
[2019-06-24T10:15:48.992+0000][1][safepoint    ] Leaving safepoint region
[2019-06-24T10:15:48.992+0000][1][safepoint    ] Total time for which application threads were stopped: 0.0001760 seconds, Stopping threads took: 0.0000564 seconds
[2019-06-24T10:15:49.993+0000][1][safepoint    ] Application time: 1.0002299 seconds
[2019-06-24T10:15:49.993+0000][1][safepoint    ] Entering safepoint region: Cleanup
[2019-06-24T10:15:49.993+0000][1][safepoint    ] Leaving safepoint region
[2019-06-24T10:15:49.993+0000][1][safepoint    ] Total time for which application threads were stopped: 0.0002360 seconds, Stopping threads took: 0.0000783 seconds
[2019-06-24T10:15:50.993+0000][1][safepoint    ] Application time: 1.0002608 seconds
[2019-06-24T10:15:50.993+0000][1][safepoint    ] Entering safepoint region: Cleanup
[2019-06-24T10:15:50.993+0000][1][safepoint    ] Leaving safepoint region
[2019-06-24T10:15:50.994+0000][1][safepoint    ] Total time for which application threads were stopped: 0.0002463 seconds, Stopping threads took: 0.0000647 seconds
[2019-06-24T10:15:51.994+0000][1][safepoint    ] Application time: 1.0001814 seconds
[2019-06-24T10:15:51.994+0000][1][safepoint    ] Entering safepoint region: Cleanup
[2019-06-24T10:15:51.994+0000][1][safepoint    ] Leaving safepoint region
[2019-06-24T10:15:51.994+0000][1][safepoint    ] Total time for which application threads were stopped: 0.0002343 seconds, Stopping threads took: 0.0000663 seconds
[2019-06-24T10:15:52.994+0000][1][safepoint    ] Application time: 1.0001880 seconds
[2019-06-24T10:15:52.994+0000][1][safepoint    ] Entering safepoint region: Cleanup
[2019-06-24T10:15:52.995+0000][1][safepoint    ] Leaving safepoint region
[2019-06-24T10:15:52.995+0000][1][safepoint    ] Total time for which application threads were stopped: 0.0003486 seconds, Stopping threads took: 0.0000679 seconds
[2019-06-24T10:15:53.995+0000][1][safepoint    ] Application time: 1.0002281 seconds
[2019-06-24T10:15:53.995+0000][1][safepoint    ] Entering safepoint region: Cleanup
[2019-06-24T10:15:53.995+0000][1][safepoint    ] Leaving safepoint region
[2019-06-24T10:15:53.995+0000][1][safepoint    ] Total time for which application threads were stopped: 0.0002462 seconds, Stopping threads took: 0.0000648 seconds
[2019-06-24T10:15:54.996+0000][1][safepoint    ] Application time: 1.0002745 seconds
[2019-06-24T10:15:54.996+0000][1][safepoint    ] Entering safepoint region: Cleanup
[2019-06-24T10:15:54.996+0000][1][safepoint    ] Leaving safepoint region
[2019-06-24T10:15:54.996+0000][1][safepoint    ] Total time for which application threads were stopped: 0.0002436 seconds, Stopping threads took: 0.0000659 seconds
[2019-06-24T10:15:55.996+0000][1][safepoint    ] Application time: 1.0002718 seconds
[2019-06-24T10:15:55.996+0000][1][safepoint    ] Entering safepoint region: Cleanup
[2019-06-24T10:15:55.997+0000][1][safepoint    ] Leaving safepoint region
[2019-06-24T10:15:55.997+0000][1][safepoint    ] Total time for which application threads were stopped: 0.0003343 seconds, Stopping threads took: 0.0000655 seconds
[2019-06-24T10:15:56.997+0000][1][safepoint    ] Application time: 1.0002815 seconds
[2019-06-24T10:15:56.997+0000][1][safepoint    ] Entering safepoint region: Cleanup
[2019-06-24T10:15:56.997+0000][1][safepoint    ] Leaving safepoint region
[2019-06-24T10:15:56.997+0000][1][safepoint    ] Total time for which application threads were stopped: 0.0002334 seconds, Stopping threads took: 0.0000645 seconds
[2019-06-24T10:15:57.998+0000][1][safepoint    ] Application time: 1.0001433 seconds
[2019-06-24T10:15:57.998+0000][1][safepoint    ] Entering safepoint region: Cleanup
[2019-06-24T10:15:57.998+0000][1][safepoint    ] Leaving safepoint region
[2019-06-24T10:15:57.998+0000][1][safepoint    ] Total time for which application threads were stopped: 0.0002763 seconds, Stopping threads took: 0.0000688 seconds
[2019-06-24T10:15:58.998+0000][1][safepoint    ] Application time: 1.0001366 seconds
[2019-06-24T10:15:58.998+0000][1][safepoint    ] Entering safepoint region: Cleanup
[2019-06-24T10:15:58.998+0000][1][safepoint    ] Leaving safepoint region
[2019-06-24T10:15:58.998+0000][1][safepoint    ] Total time for which application threads were stopped: 0.0000849 seconds, Stopping threads took: 0.0000205 seconds
[2019-06-24T10:15:59.999+0000][1][safepoint    ] Application time: 1.0002498 seconds
[2019-06-24T10:15:59.999+0000][1][safepoint    ] Entering safepoint region: Cleanup
[2019-06-24T10:15:59.999+0000][1][safepoint    ] Leaving safepoint region
[2019-06-24T10:15:59.999+0000][1][safepoint    ] Total time for which application threads were stopped: 0.0002433 seconds, Stopping threads took: 0.0000654 seconds
[2019-06-24T10:16:00.999+0000][1][safepoint    ] Application time: 1.0002686 seconds
[2019-06-24T10:16:00.999+0000][1][safepoint    ] Entering safepoint region: Cleanup
[2019-06-24T10:16:01.000+0000][1][safepoint    ] Leaving safepoint region
[2019-06-24T10:16:01.000+0000][1][safepoint    ] Total time for which application threads were stopped: 0.0002401 seconds, Stopping threads took: 0.0000639 seconds
[2019-06-24T10:16:02.000+0000][1][safepoint    ] Application time: 1.0002741 seconds
[2019-06-24T10:16:02.000+0000][1][safepoint    ] Entering safepoint region: Cleanup
[2019-06-24T10:16:02.000+0000][1][safepoint    ] Leaving safepoint region
[2019-06-24T10:16:02.000+0000][1][safepoint    ] Total time for which application threads were stopped: 0.0002694 seconds, Stopping threads took: 0.0000795 seconds
[2019-06-24T10:16:02.878+0000][1][safepoint    ] Application time: 0.8777128 seconds
[2019-06-24T10:16:02.878+0000][1][safepoint    ] Entering safepoint region: GenCollectForAllocation
[2019-06-24T10:16:02.878+0000][1][gc,start     ] GC(33) Pause Young (Allocation Failure)
[2019-06-24T10:16:02.879+0000][1][gc,task      ] GC(33) Using 5 workers of 8 for evacuation
[2019-06-24T10:16:02.882+0000][1][gc,age       ] GC(33) Desired survivor size 4456448 bytes, new threshold 6 (max threshold 6)
[2019-06-24T10:16:02.882+0000][1][gc,age       ] GC(33) Age table with threshold 6 (max threshold 6)
[2019-06-24T10:16:02.882+0000][1][gc,age       ] GC(33) - age   1:       4528 bytes,       4528 total
[2019-06-24T10:16:02.882+0000][1][gc,age       ] GC(33) - age   2:      70720 bytes,      75248 total
[2019-06-24T10:16:02.882+0000][1][gc,age       ] GC(33) - age   3:       1760 bytes,      77008 total
[2019-06-24T10:16:02.882+0000][1][gc,age       ] GC(33) - age   4:        496 bytes,      77504 total
[2019-06-24T10:16:02.882+0000][1][gc,age       ] GC(33) - age   5:      65312 bytes,     142816 total
[2019-06-24T10:16:02.882+0000][1][gc,age       ] GC(33) - age   6:       2864 bytes,     145680 total
[2019-06-24T10:16:02.882+0000][1][gc,heap      ] GC(33) ParNew: 70194K->268K(78656K)
[2019-06-24T10:16:02.882+0000][1][gc,heap      ] GC(33) CMS: 69399K->69466K(174784K)
[2019-06-24T10:16:02.882+0000][1][gc,metaspace ] GC(33) Metaspace: 68146K->68146K(1112064K)
[2019-06-24T10:16:02.882+0000][1][gc           ] GC(33) Pause Young (Allocation Failure) 136M->68M(247M) 3.432ms
[2019-06-24T10:16:02.882+0000][1][gc,cpu       ] GC(33) User=0.01s Sys=0.00s Real=0.00s
[2019-06-24T10:16:02.882+0000][1][safepoint    ] Leaving safepoint region
[2019-06-24T10:16:02.882+0000][1][safepoint    ] Total time for which application threads were stopped: 0.0039261 seconds, Stopping threads took: 0.0000621 seconds
[2019-06-24T10:16:03.882+0000][1][safepoint    ] Application time: 1.0001591 seconds
[2019-06-24T10:16:03.882+0000][1][safepoint    ] Entering safepoint region: Cleanup
[2019-06-24T10:16:03.882+0000][1][safepoint    ] Leaving safepoint region
[2019-06-24T10:16:03.882+0000][1][safepoint    ] Total time for which application threads were stopped: 0.0000995 seconds, Stopping threads took: 0.0000321 seconds
[2019-06-24T10:16:04.883+0000][1][safepoint    ] Application time: 1.0002518 seconds
[2019-06-24T10:16:04.883+0000][1][safepoint    ] Entering safepoint region: Cleanup
[2019-06-24T10:16:04.883+0000][1][safepoint    ] Leaving safepoint region
[2019-06-24T10:16:04.883+0000][1][safepoint    ] Total time for which application threads were stopped: 0.0002148 seconds, Stopping threads took: 0.0000566 seconds
[2019-06-24T10:16:05.883+0000][1][safepoint    ] Application time: 1.0002819 seconds
[2019-06-24T10:16:05.883+0000][1][safepoint    ] Entering safepoint region: Cleanup
[2019-06-24T10:16:05.884+0000][1][safepoint    ] Leaving safepoint region
[2019-06-24T10:16:05.884+0000][1][safepoint    ] Total time for which application threads were stopped: 0.0002409 seconds, Stopping threads took: 0.0000640 seconds
[2019-06-24T10:16:06.884+0000][1][safepoint    ] Application time: 1.0002626 seconds
[2019-06-24T10:16:06.884+0000][1][safepoint    ] Entering safepoint region: Cleanup
[2019-06-24T10:16:06.884+0000][1][safepoint    ] Leaving safepoint region
[2019-06-24T10:16:06.884+0000][1][safepoint    ] Total time for which application threads were stopped: 0.0002731 seconds, Stopping threads took: 0.0000984 seconds
[2019-06-24T10:16:07.885+0000][1][safepoint    ] Application time: 1.0001799 seconds
[2019-06-24T10:16:07.885+0000][1][safepoint    ] Entering safepoint region: Cleanup
[2019-06-24T10:16:07.885+0000][1][safepoint    ] Leaving safepoint region
[2019-06-24T10:16:07.885+0000][1][safepoint    ] Total time for which application threads were stopped: 0.0003276 seconds, Stopping threads took: 0.0000635 seconds
[2019-06-24T10:16:08.885+0000][1][safepoint    ] Application time: 1.0001483 seconds
[2019-06-24T10:16:08.885+0000][1][safepoint    ] Entering safepoint region: Cleanup
[2019-06-24T10:16:08.885+0000][1][safepoint    ] Leaving safepoint region
[2019-06-24T10:16:08.885+0000][1][safepoint    ] Total time for which application threads were stopped: 0.0000802 seconds, Stopping threads took: 0.0000200 seconds
[2019-06-24T10:16:09.885+0000][1][safepoint    ] Application time: 1.0001868 seconds
[2019-06-24T10:16:09.886+0000][1][safepoint    ] Entering safepoint region: Cleanup
[2019-06-24T10:16:09.886+0000][1][safepoint    ] Leaving safepoint region
[2019-06-24T10:16:09.886+0000][1][safepoint    ] Total time for which application threads were stopped: 0.0003722 seconds, Stopping threads took: 0.0001501 seconds
[2019-06-24T10:16:10.886+0000][1][safepoint    ] Application time: 1.0002133 seconds
[2019-06-24T10:16:10.886+0000][1][safepoint    ] Entering safepoint region: Cleanup
[2019-06-24T10:16:10.887+0000][1][safepoint    ] Leaving safepoint region
[2019-06-24T10:16:10.887+0000][1][safepoint    ] Total time for which application threads were stopped: 0.0003095 seconds, Stopping threads took: 0.0000664 seconds
[2019-06-24T10:16:11.887+0000][1][safepoint    ] Application time: 1.0001284 seconds
[2019-06-24T10:16:11.887+0000][1][safepoint    ] Entering safepoint region: Cleanup
[2019-06-24T10:16:11.887+0000][1][safepoint    ] Leaving safepoint region
[2019-06-24T10:16:11.887+0000][1][safepoint    ] Total time for which application threads were stopped: 0.0002963 seconds, Stopping threads took: 0.0000599 seconds
[2019-06-24T10:16:12.887+0000][1][safepoint    ] Application time: 1.0002325 seconds
[2019-06-24T10:16:12.888+0000][1][safepoint    ] Entering safepoint region: Cleanup
[2019-06-24T10:16:12.888+0000][1][safepoint    ] Leaving safepoint region
[2019-06-24T10:16:12.888+0000][1][safepoint    ] Total time for which application threads were stopped: 0.0002463 seconds, Stopping threads took: 0.0000592 seconds
[2019-06-24T10:16:13.903+0000][1][safepoint    ] Application time: 1.0150388 seconds
[2019-06-24T10:16:13.903+0000][1][safepoint    ] Entering safepoint region: Cleanup
[2019-06-24T10:16:13.903+0000][1][safepoint    ] Leaving safepoint region
[2019-06-24T10:16:13.903+0000][1][safepoint    ] Total time for which application threads were stopped: 0.0002778 seconds, Stopping threads took: 0.0000860 seconds
[2019-06-24T10:16:14.903+0000][1][safepoint    ] Application time: 1.0001568 seconds
[2019-06-24T10:16:14.903+0000][1][safepoint    ] Entering safepoint region: Cleanup
[2019-06-24T10:16:14.904+0000][1][safepoint    ] Leaving safepoint region
[2019-06-24T10:16:14.904+0000][1][safepoint    ] Total time for which application threads were stopped: 0.0000855 seconds, Stopping threads took: 0.0000202 seconds
[2019-06-24T10:16:15.904+0000][1][safepoint    ] Application time: 1.0001610 seconds
[2019-06-24T10:16:15.904+0000][1][safepoint    ] Entering safepoint region: Cleanup
[2019-06-24T10:16:15.904+0000][1][safepoint    ] Leaving safepoint region
[2019-06-24T10:16:15.904+0000][1][safepoint    ] Total time for which application threads were stopped: 0.0002143 seconds, Stopping threads took: 0.0000579 seconds
[2019-06-24T10:16:16.904+0000][1][safepoint    ] Application time: 1.0001780 seconds
[2019-06-24T10:16:16.904+0000][1][safepoint    ] Entering safepoint region: Cleanup
[2019-06-24T10:16:16.905+0000][1][safepoint    ] Leaving safepoint region
[2019-06-24T10:16:16.905+0000][1][safepoint    ] Total time for which application threads were stopped: 0.0002443 seconds, Stopping threads took: 0.0000648 seconds
[2019-06-24T10:16:17.905+0000][1][safepoint    ] Application time: 1.0002610 seconds
[2019-06-24T10:16:17.905+0000][1][safepoint    ] Entering safepoint region: Cleanup
[2019-06-24T10:16:17.905+0000][1][safepoint    ] Leaving safepoint region
[2019-06-24T10:16:17.905+0000][1][safepoint    ] Total time for which application threads were stopped: 0.0002131 seconds, Stopping threads took: 0.0000573 seconds
[2019-06-24T10:16:18.906+0000][1][safepoint    ] Application time: 1.0002899 seconds
[2019-06-24T10:16:18.906+0000][1][safepoint    ] Entering safepoint region: Cleanup
[2019-06-24T10:16:18.906+0000][1][safepoint    ] Leaving safepoint region
[2019-06-24T10:16:18.906+0000][1][safepoint    ] Total time for which application threads were stopped: 0.0002458 seconds, Stopping threads took: 0.0000700 seconds
[2019-06-24T10:16:19.906+0000][1][safepoint    ] Application time: 1.0002634 seconds
[2019-06-24T10:16:19.906+0000][1][safepoint    ] Entering safepoint region: Cleanup
[2019-06-24T10:16:19.907+0000][1][safepoint    ] Leaving safepoint region
[2019-06-24T10:16:19.907+0000][1][safepoint    ] Total time for which application threads were stopped: 0.0003173 seconds, Stopping threads took: 0.0000629 seconds
[2019-06-24T10:16:20.907+0000][1][safepoint    ] Application time: 1.0001351 seconds
[2019-06-24T10:16:20.907+0000][1][safepoint    ] Entering safepoint region: Cleanup
[2019-06-24T10:16:20.907+0000][1][safepoint    ] Leaving safepoint region
[2019-06-24T10:16:20.907+0000][1][safepoint    ] Total time for which application threads were stopped: 0.0003013 seconds, Stopping threads took: 0.0000620 seconds
[2019-06-24T10:16:21.907+0000][1][safepoint    ] Application time: 1.0001432 seconds
[2019-06-24T10:16:21.907+0000][1][safepoint    ] Entering safepoint region: Cleanup
[2019-06-24T10:16:21.908+0000][1][safepoint    ] Leaving safepoint region
[2019-06-24T10:16:21.908+0000][1][safepoint    ] Total time for which application threads were stopped: 0.0000740 seconds, Stopping threads took: 0.0000189 seconds
[2019-06-24T10:16:22.908+0000][1][safepoint    ] Application time: 1.0001578 seconds
[2019-06-24T10:16:22.908+0000][1][safepoint    ] Entering safepoint region: Cleanup
[2019-06-24T10:16:22.908+0000][1][safepoint    ] Leaving safepoint region
[2019-06-24T10:16:22.908+0000][1][safepoint    ] Total time for which application threads were stopped: 0.0002059 seconds, Stopping threads took: 0.0000553 seconds
[2019-06-24T10:16:23.908+0000][1][safepoint    ] Application time: 1.0002560 seconds
[2019-06-24T10:16:23.908+0000][1][safepoint    ] Entering safepoint region: Cleanup
[2019-06-24T10:16:23.909+0000][1][safepoint    ] Leaving safepoint region
[2019-06-24T10:16:23.909+0000][1][safepoint    ] Total time for which application threads were stopped: 0.0002700 seconds, Stopping threads took: 0.0000625 seconds
[2019-06-24T10:16:24.909+0000][1][safepoint    ] Application time: 1.0001356 seconds
[2019-06-24T10:16:24.909+0000][1][safepoint    ] Entering safepoint region: Cleanup
[2019-06-24T10:16:24.909+0000][1][safepoint    ] Leaving safepoint region
[2019-06-24T10:16:24.909+0000][1][safepoint    ] Total time for which application threads were stopped: 0.0000732 seconds, Stopping threads took: 0.0000185 seconds
[2019-06-24T10:16:25.909+0000][1][safepoint    ] Application time: 1.0001577 seconds
[2019-06-24T10:16:25.909+0000][1][safepoint    ] Entering safepoint region: Cleanup
[2019-06-24T10:16:25.909+0000][1][safepoint    ] Leaving safepoint region
[2019-06-24T10:16:25.909+0000][1][safepoint    ] Total time for which application threads were stopped: 0.0002714 seconds, Stopping threads took: 0.0001083 seconds
[2019-06-24T10:16:26.910+0000][1][safepoint    ] Application time: 1.0002817 seconds
[2019-06-24T10:16:26.910+0000][1][safepoint    ] Entering safepoint region: Cleanup
[2019-06-24T10:16:26.910+0000][1][safepoint    ] Leaving safepoint region
[2019-06-24T10:16:26.910+0000][1][safepoint    ] Total time for which application threads were stopped: 0.0002501 seconds, Stopping threads took: 0.0000629 seconds
[2019-06-24T10:16:27.910+0000][1][safepoint    ] Application time: 1.0002492 seconds
[2019-06-24T10:16:27.911+0000][1][safepoint    ] Entering safepoint region: Cleanup
[2019-06-24T10:16:27.911+0000][1][safepoint    ] Leaving safepoint region
[2019-06-24T10:16:27.911+0000][1][safepoint    ] Total time for which application threads were stopped: 0.0002139 seconds, Stopping threads took: 0.0000594 seconds
[2019-06-24T10:16:28.911+0000][1][safepoint    ] Application time: 1.0002089 seconds
[2019-06-24T10:16:28.911+0000][1][safepoint    ] Entering safepoint region: Cleanup
[2019-06-24T10:16:28.911+0000][1][safepoint    ] Leaving safepoint region
[2019-06-24T10:16:28.911+0000][1][safepoint    ] Total time for which application threads were stopped: 0.0002232 seconds, Stopping threads took: 0.0000587 seconds
[2019-06-24T10:16:29.912+0000][1][safepoint    ] Application time: 1.0001423 seconds
[2019-06-24T10:16:29.912+0000][1][safepoint    ] Entering safepoint region: Cleanup
[2019-06-24T10:16:29.912+0000][1][safepoint    ] Leaving safepoint region
[2019-06-24T10:16:29.912+0000][1][safepoint    ] Total time for which application threads were stopped: 0.0002254 seconds, Stopping threads took: 0.0000623 seconds
[2019-06-24T10:16:30.912+0000][1][safepoint    ] Application time: 1.0001581 seconds
[2019-06-24T10:16:30.912+0000][1][safepoint    ] Entering safepoint region: Cleanup
[2019-06-24T10:16:30.912+0000][1][safepoint    ] Leaving safepoint region
[2019-06-24T10:16:30.912+0000][1][safepoint    ] Total time for which application threads were stopped: 0.0002760 seconds, Stopping threads took: 0.0000737 seconds
[2019-06-24T10:16:31.913+0000][1][safepoint    ] Application time: 1.0002590 seconds
[2019-06-24T10:16:31.913+0000][1][safepoint    ] Entering safepoint region: Cleanup
[2019-06-24T10:16:31.913+0000][1][safepoint    ] Leaving safepoint region
[2019-06-24T10:16:31.913+0000][1][safepoint    ] Total time for which application threads were stopped: 0.0002838 seconds, Stopping threads took: 0.0000556 seconds
[2019-06-24T10:16:32.913+0000][1][safepoint    ] Application time: 1.0001334 seconds
[2019-06-24T10:16:32.913+0000][1][safepoint    ] Entering safepoint region: Cleanup
[2019-06-24T10:16:32.913+0000][1][safepoint    ] Leaving safepoint region
[2019-06-24T10:16:32.913+0000][1][safepoint    ] Total time for which application threads were stopped: 0.0000770 seconds, Stopping threads took: 0.0000204 seconds
[2019-06-24T10:16:33.914+0000][1][safepoint    ] Application time: 1.0002364 seconds
[2019-06-24T10:16:33.914+0000][1][safepoint    ] Entering safepoint region: Cleanup
[2019-06-24T10:16:33.914+0000][1][safepoint    ] Leaving safepoint region
[2019-06-24T10:16:33.914+0000][1][safepoint    ] Total time for which application threads were stopped: 0.0002523 seconds, Stopping threads took: 0.0000559 seconds
[2019-06-24T10:16:34.914+0000][1][safepoint    ] Application time: 1.0002597 seconds
[2019-06-24T10:16:34.914+0000][1][safepoint    ] Entering safepoint region: Cleanup
[2019-06-24T10:16:34.915+0000][1][safepoint    ] Leaving safepoint region
[2019-06-24T10:16:34.915+0000][1][safepoint    ] Total time for which application threads were stopped: 0.0003225 seconds, Stopping threads took: 0.0001341 seconds
[2019-06-24T10:16:35.915+0000][1][safepoint    ] Application time: 1.0002150 seconds
[2019-06-24T10:16:35.915+0000][1][safepoint    ] Entering safepoint region: Cleanup
[2019-06-24T10:16:35.915+0000][1][safepoint    ] Leaving safepoint region
[2019-06-24T10:16:35.915+0000][1][safepoint    ] Total time for which application threads were stopped: 0.0002088 seconds, Stopping threads took: 0.0000555 seconds
[2019-06-24T10:16:36.915+0000][1][safepoint    ] Application time: 1.0001779 seconds
[2019-06-24T10:16:36.916+0000][1][safepoint    ] Entering safepoint region: Cleanup
[2019-06-24T10:16:36.916+0000][1][safepoint    ] Leaving safepoint region
[2019-06-24T10:16:36.916+0000][1][safepoint    ] Total time for which application threads were stopped: 0.0002067 seconds, Stopping threads took: 0.0000545 seconds
[2019-06-24T10:16:37.916+0000][1][safepoint    ] Application time: 1.0001600 seconds
[2019-06-24T10:16:37.916+0000][1][safepoint    ] Entering safepoint region: Cleanup
[2019-06-24T10:16:37.916+0000][1][safepoint    ] Leaving safepoint region
[2019-06-24T10:16:37.916+0000][1][safepoint    ] Total time for which application threads were stopped: 0.0002212 seconds, Stopping threads took: 0.0000802 seconds
[2019-06-24T10:16:38.917+0000][1][safepoint    ] Application time: 1.0002464 seconds
[2019-06-24T10:16:38.917+0000][1][safepoint    ] Entering safepoint region: Cleanup
[2019-06-24T10:16:38.917+0000][1][safepoint    ] Leaving safepoint region
[2019-06-24T10:16:38.917+0000][1][safepoint    ] Total time for which application threads were stopped: 0.0002129 seconds, Stopping threads took: 0.0000585 seconds
[2019-06-24T10:16:39.917+0000][1][safepoint    ] Application time: 1.0002453 seconds
[2019-06-24T10:16:39.917+0000][1][safepoint    ] Entering safepoint region: Cleanup
[2019-06-24T10:16:39.917+0000][1][safepoint    ] Leaving safepoint region
[2019-06-24T10:16:39.917+0000][1][safepoint    ] Total time for which application threads were stopped: 0.0002107 seconds, Stopping threads took: 0.0000572 seconds
[2019-06-24T10:16:40.918+0000][1][safepoint    ] Application time: 1.0001801 seconds
[2019-06-24T10:16:40.918+0000][1][safepoint    ] Entering safepoint region: Cleanup
[2019-06-24T10:16:40.918+0000][1][safepoint    ] Leaving safepoint region
[2019-06-24T10:16:40.918+0000][1][safepoint    ] Total time for which application threads were stopped: 0.0002182 seconds, Stopping threads took: 0.0000595 seconds
[2019-06-24T10:16:41.918+0000][1][safepoint    ] Application time: 1.0001370 seconds
[2019-06-24T10:16:41.918+0000][1][safepoint    ] Entering safepoint region: Cleanup
[2019-06-24T10:16:41.919+0000][1][safepoint    ] Leaving safepoint region
[2019-06-24T10:16:41.919+0000][1][safepoint    ] Total time for which application threads were stopped: 0.0003264 seconds, Stopping threads took: 0.0000656 seconds
[2019-06-24T10:16:42.919+0000][1][safepoint    ] Application time: 1.0001354 seconds
[2019-06-24T10:16:42.919+0000][1][safepoint    ] Entering safepoint region: Cleanup
[2019-06-24T10:16:42.919+0000][1][safepoint    ] Leaving safepoint region
[2019-06-24T10:16:42.919+0000][1][safepoint    ] Total time for which application threads were stopped: 0.0001962 seconds, Stopping threads took: 0.0000577 seconds
[2019-06-24T10:16:43.919+0000][1][safepoint    ] Application time: 1.0002206 seconds
[2019-06-24T10:16:43.919+0000][1][safepoint    ] Entering safepoint region: Cleanup
[2019-06-24T10:16:43.920+0000][1][safepoint    ] Leaving safepoint region
[2019-06-24T10:16:43.920+0000][1][safepoint    ] Total time for which application threads were stopped: 0.0002608 seconds, Stopping threads took: 0.0000643 seconds
[2019-06-24T10:16:44.920+0000][1][safepoint    ] Application time: 1.0001874 seconds
[2019-06-24T10:16:44.920+0000][1][safepoint    ] Entering safepoint region: Cleanup
[2019-06-24T10:16:44.920+0000][1][safepoint    ] Leaving safepoint region
[2019-06-24T10:16:44.920+0000][1][safepoint    ] Total time for which application threads were stopped: 0.0001966 seconds, Stopping threads took: 0.0000537 seconds
[2019-06-24T10:16:45.920+0000][1][safepoint    ] Application time: 1.0002527 seconds
[2019-06-24T10:16:45.921+0000][1][safepoint    ] Entering safepoint region: Cleanup
[2019-06-24T10:16:45.921+0000][1][safepoint    ] Leaving safepoint region
[2019-06-24T10:16:45.921+0000][1][safepoint    ] Total time for which application threads were stopped: 0.0002253 seconds, Stopping threads took: 0.0000643 seconds
[2019-06-24T10:16:46.921+0000][1][safepoint    ] Application time: 1.0002195 seconds
[2019-06-24T10:16:46.921+0000][1][safepoint    ] Entering safepoint region: Cleanup
[2019-06-24T10:16:46.921+0000][1][safepoint    ] Leaving safepoint region
[2019-06-24T10:16:46.921+0000][1][safepoint    ] Total time for which application threads were stopped: 0.0001476 seconds, Stopping threads took: 0.0000445 seconds
[2019-06-24T10:16:47.922+0000][1][safepoint    ] Application time: 1.0002572 seconds
[2019-06-24T10:16:47.922+0000][1][safepoint    ] Entering safepoint region: Cleanup
[2019-06-24T10:16:47.922+0000][1][safepoint    ] Leaving safepoint region
[2019-06-24T10:16:47.922+0000][1][safepoint    ] Total time for which application threads were stopped: 0.0002285 seconds, Stopping threads took: 0.0000637 seconds
[2019-06-24T10:16:48.922+0000][1][safepoint    ] Application time: 1.0002283 seconds
[2019-06-24T10:16:48.922+0000][1][safepoint    ] Entering safepoint region: Cleanup
[2019-06-24T10:16:48.923+0000][1][safepoint    ] Leaving safepoint region
[2019-06-24T10:16:48.923+0000][1][safepoint    ] Total time for which application threads were stopped: 0.0003109 seconds, Stopping threads took: 0.0000561 seconds
[2019-06-24T10:16:49.923+0000][1][safepoint    ] Application time: 1.0001397 seconds
[2019-06-24T10:16:49.923+0000][1][safepoint    ] Entering safepoint region: Cleanup
[2019-06-24T10:16:49.923+0000][1][safepoint    ] Leaving safepoint region
[2019-06-24T10:16:49.923+0000][1][safepoint    ] Total time for which application threads were stopped: 0.0002030 seconds, Stopping threads took: 0.0000555 seconds
[2019-06-24T10:16:50.923+0000][1][safepoint    ] Application time: 1.0002563 seconds
[2019-06-24T10:16:50.923+0000][1][safepoint    ] Entering safepoint region: Cleanup
[2019-06-24T10:16:50.924+0000][1][safepoint    ] Leaving safepoint region
[2019-06-24T10:16:50.924+0000][1][safepoint    ] Total time for which application threads were stopped: 0.0002048 seconds, Stopping threads took: 0.0000566 seconds
[2019-06-24T10:16:51.924+0000][1][safepoint    ] Application time: 1.0002180 seconds
[2019-06-24T10:16:51.924+0000][1][safepoint    ] Entering safepoint region: Cleanup
[2019-06-24T10:16:51.924+0000][1][safepoint    ] Leaving safepoint region
[2019-06-24T10:16:51.924+0000][1][safepoint    ] Total time for which application threads were stopped: 0.0002237 seconds, Stopping threads took: 0.0000621 seconds
[2019-06-24T10:16:52.925+0000][1][safepoint    ] Application time: 1.0002742 seconds
[2019-06-24T10:16:52.925+0000][1][safepoint    ] Entering safepoint region: Cleanup
[2019-06-24T10:16:52.925+0000][1][safepoint    ] Leaving safepoint region
[2019-06-24T10:16:52.925+0000][1][safepoint    ] Total time for which application threads were stopped: 0.0001622 seconds, Stopping threads took: 0.0000427 seconds
[2019-06-24T10:16:53.925+0000][1][safepoint    ] Application time: 1.0002419 seconds
[2019-06-24T10:16:53.925+0000][1][safepoint    ] Entering safepoint region: Cleanup
[2019-06-24T10:16:53.925+0000][1][safepoint    ] Leaving safepoint region
[2019-06-24T10:16:53.925+0000][1][safepoint    ] Total time for which application threads were stopped: 0.0001993 seconds, Stopping threads took: 0.0000543 seconds
[2019-06-24T10:16:54.926+0000][1][safepoint    ] Application time: 1.0002598 seconds
[2019-06-24T10:16:54.926+0000][1][safepoint    ] Entering safepoint region: Cleanup
[2019-06-24T10:16:54.926+0000][1][safepoint    ] Leaving safepoint region
[2019-06-24T10:16:54.926+0000][1][safepoint    ] Total time for which application threads were stopped: 0.0002273 seconds, Stopping threads took: 0.0000639 seconds
[2019-06-24T10:16:55.926+0000][1][safepoint    ] Application time: 1.0002479 seconds
[2019-06-24T10:16:55.926+0000][1][safepoint    ] Entering safepoint region: Cleanup
[2019-06-24T10:16:55.927+0000][1][safepoint    ] Leaving safepoint region
[2019-06-24T10:16:55.927+0000][1][safepoint    ] Total time for which application threads were stopped: 0.0003384 seconds, Stopping threads took: 0.0001710 seconds
[2019-06-24T10:16:56.927+0000][1][safepoint    ] Application time: 1.0002624 seconds
[2019-06-24T10:16:56.927+0000][1][safepoint    ] Entering safepoint region: Cleanup
[2019-06-24T10:16:56.927+0000][1][safepoint    ] Leaving safepoint region
[2019-06-24T10:16:56.927+0000][1][safepoint    ] Total time for which application threads were stopped: 0.0002280 seconds, Stopping threads took: 0.0000752 seconds
[2019-06-24T10:16:57.928+0000][1][safepoint    ] Application time: 1.0002257 seconds
[2019-06-24T10:16:57.928+0000][1][safepoint    ] Entering safepoint region: Cleanup
[2019-06-24T10:16:57.928+0000][1][safepoint    ] Leaving safepoint region
[2019-06-24T10:16:57.928+0000][1][safepoint    ] Total time for which application threads were stopped: 0.0001988 seconds, Stopping threads took: 0.0000560 seconds
[2019-06-24T10:16:58.928+0000][1][safepoint    ] Application time: 1.0002428 seconds
[2019-06-24T10:16:58.928+0000][1][safepoint    ] Entering safepoint region: Cleanup
[2019-06-24T10:16:58.928+0000][1][safepoint    ] Leaving safepoint region
[2019-06-24T10:16:58.928+0000][1][safepoint    ] Total time for which application threads were stopped: 0.0001488 seconds, Stopping threads took: 0.0000418 seconds
[2019-06-24T10:16:59.929+0000][1][safepoint    ] Application time: 1.0002469 seconds
[2019-06-24T10:16:59.929+0000][1][safepoint    ] Entering safepoint region: Cleanup
[2019-06-24T10:16:59.929+0000][1][safepoint    ] Leaving safepoint region
[2019-06-24T10:16:59.929+0000][1][safepoint    ] Total time for which application threads were stopped: 0.0002381 seconds, Stopping threads took: 0.0000634 seconds
[2019-06-24T10:17:00.929+0000][1][safepoint    ] Application time: 1.0002556 seconds
[2019-06-24T10:17:00.929+0000][1][safepoint    ] Entering safepoint region: Cleanup
[2019-06-24T10:17:00.930+0000][1][safepoint    ] Leaving safepoint region
[2019-06-24T10:17:00.930+0000][1][safepoint    ] Total time for which application threads were stopped: 0.0002267 seconds, Stopping threads took: 0.0000632 seconds
[2019-06-24T10:17:01.930+0000][1][safepoint    ] Application time: 1.0002456 seconds
[2019-06-24T10:17:01.930+0000][1][safepoint    ] Entering safepoint region: Cleanup
[2019-06-24T10:17:01.930+0000][1][safepoint    ] Leaving safepoint region
[2019-06-24T10:17:01.930+0000][1][safepoint    ] Total time for which application threads were stopped: 0.0002211 seconds, Stopping threads took: 0.0000637 seconds
[2019-06-24T10:17:02.931+0000][1][safepoint    ] Application time: 1.0003010 seconds
[2019-06-24T10:17:02.931+0000][1][safepoint    ] Entering safepoint region: Cleanup
[2019-06-24T10:17:02.931+0000][1][safepoint    ] Leaving safepoint region
[2019-06-24T10:17:02.931+0000][1][safepoint    ] Total time for which application threads were stopped: 0.0002052 seconds, Stopping threads took: 0.0000688 seconds
[2019-06-24T10:17:03.931+0000][1][safepoint    ] Application time: 1.0002418 seconds
[2019-06-24T10:17:03.931+0000][1][safepoint    ] Entering safepoint region: Cleanup
[2019-06-24T10:17:03.931+0000][1][safepoint    ] Leaving safepoint region
[2019-06-24T10:17:03.932+0000][1][safepoint    ] Total time for which application threads were stopped: 0.0002273 seconds, Stopping threads took: 0.0000631 seconds
[2019-06-24T10:17:04.932+0000][1][safepoint    ] Application time: 1.0002302 seconds
[2019-06-24T10:17:04.932+0000][1][safepoint    ] Entering safepoint region: Cleanup
[2019-06-24T10:17:04.932+0000][1][safepoint    ] Leaving safepoint region
[2019-06-24T10:17:04.932+0000][1][safepoint    ] Total time for which application threads were stopped: 0.0002252 seconds, Stopping threads took: 0.0000630 seconds
[2019-06-24T10:17:05.932+0000][1][safepoint    ] Application time: 1.0002501 seconds
[2019-06-24T10:17:05.933+0000][1][safepoint    ] Entering safepoint region: Cleanup
[2019-06-24T10:17:05.933+0000][1][safepoint    ] Leaving safepoint region
[2019-06-24T10:17:05.933+0000][1][safepoint    ] Total time for which application threads were stopped: 0.0001995 seconds, Stopping threads took: 0.0000565 seconds
[2019-06-24T10:17:06.933+0000][1][safepoint    ] Application time: 1.0002741 seconds
[2019-06-24T10:17:06.933+0000][1][safepoint    ] Entering safepoint region: Cleanup
[2019-06-24T10:17:06.933+0000][1][safepoint    ] Leaving safepoint region
[2019-06-24T10:17:06.933+0000][1][safepoint    ] Total time for which application threads were stopped: 0.0002259 seconds, Stopping threads took: 0.0000628 seconds
[2019-06-24T10:17:07.934+0000][1][safepoint    ] Application time: 1.0002271 seconds
[2019-06-24T10:17:07.934+0000][1][safepoint    ] Entering safepoint region: Cleanup
[2019-06-24T10:17:07.934+0000][1][safepoint    ] Leaving safepoint region
[2019-06-24T10:17:07.934+0000][1][safepoint    ] Total time for which application threads were stopped: 0.0001835 seconds, Stopping threads took: 0.0000566 seconds
[2019-06-24T10:17:08.934+0000][1][safepoint    ] Application time: 1.0002493 seconds
[2019-06-24T10:17:08.934+0000][1][safepoint    ] Entering safepoint region: Cleanup
[2019-06-24T10:17:08.934+0000][1][safepoint    ] Leaving safepoint region
[2019-06-24T10:17:08.935+0000][1][safepoint    ] Total time for which application threads were stopped: 0.0003256 seconds, Stopping threads took: 0.0000630 seconds
[2019-06-24T10:17:09.935+0000][1][safepoint    ] Application time: 1.0002116 seconds
[2019-06-24T10:17:09.935+0000][1][safepoint    ] Entering safepoint region: Cleanup
[2019-06-24T10:17:09.935+0000][1][safepoint    ] Leaving safepoint region
[2019-06-24T10:17:09.935+0000][1][safepoint    ] Total time for which application threads were stopped: 0.0002275 seconds, Stopping threads took: 0.0000640 seconds
[2019-06-24T10:17:10.935+0000][1][safepoint    ] Application time: 1.0002793 seconds
[2019-06-24T10:17:10.936+0000][1][safepoint    ] Entering safepoint region: Cleanup
[2019-06-24T10:17:10.936+0000][1][safepoint    ] Leaving safepoint region
[2019-06-24T10:17:10.936+0000][1][safepoint    ] Total time for which application threads were stopped: 0.0002312 seconds, Stopping threads took: 0.0000555 seconds
[2019-06-24T10:17:11.936+0000][1][safepoint    ] Application time: 1.0002662 seconds
[2019-06-24T10:17:11.936+0000][1][safepoint    ] Entering safepoint region: Cleanup
[2019-06-24T10:17:11.936+0000][1][safepoint    ] Leaving safepoint region
[2019-06-24T10:17:11.936+0000][1][safepoint    ] Total time for which application threads were stopped: 0.0002262 seconds, Stopping threads took: 0.0000635 seconds
[2019-06-24T10:17:12.937+0000][1][safepoint    ] Application time: 1.0002558 seconds
[2019-06-24T10:17:12.937+0000][1][safepoint    ] Entering safepoint region: Cleanup
[2019-06-24T10:17:12.937+0000][1][safepoint    ] Leaving safepoint region
[2019-06-24T10:17:12.937+0000][1][safepoint    ] Total time for which application threads were stopped: 0.0002055 seconds, Stopping threads took: 0.0000567 seconds
[2019-06-24T10:17:13.937+0000][1][safepoint    ] Application time: 1.0002622 seconds
[2019-06-24T10:17:13.938+0000][1][safepoint    ] Entering safepoint region: Cleanup
[2019-06-24T10:17:13.938+0000][1][safepoint    ] Leaving safepoint region
[2019-06-24T10:17:13.938+0000][1][safepoint    ] Total time for which application threads were stopped: 0.0002942 seconds, Stopping threads took: 0.0001350 seconds
[2019-06-24T10:17:14.938+0000][1][safepoint    ] Application time: 1.0002658 seconds
[2019-06-24T10:17:14.938+0000][1][safepoint    ] Entering safepoint region: Cleanup
[2019-06-24T10:17:14.938+0000][1][safepoint    ] Leaving safepoint region
[2019-06-24T10:17:14.938+0000][1][safepoint    ] Total time for which application threads were stopped: 0.0002565 seconds, Stopping threads took: 0.0000987 seconds
[2019-06-24T10:17:15.939+0000][1][safepoint    ] Application time: 1.0002744 seconds
[2019-06-24T10:17:15.939+0000][1][safepoint    ] Entering safepoint region: Cleanup
[2019-06-24T10:17:15.939+0000][1][safepoint    ] Leaving safepoint region
[2019-06-24T10:17:15.939+0000][1][safepoint    ] Total time for which application threads were stopped: 0.0002093 seconds, Stopping threads took: 0.0000689 seconds
[2019-06-24T10:17:16.939+0000][1][safepoint    ] Application time: 1.0002457 seconds
[2019-06-24T10:17:16.939+0000][1][safepoint    ] Entering safepoint region: Cleanup
[2019-06-24T10:17:16.940+0000][1][safepoint    ] Leaving safepoint region
[2019-06-24T10:17:16.940+0000][1][safepoint    ] Total time for which application threads were stopped: 0.0002248 seconds, Stopping threads took: 0.0000626 seconds
[2019-06-24T10:17:17.940+0000][1][safepoint    ] Application time: 1.0002901 seconds
[2019-06-24T10:17:17.940+0000][1][safepoint    ] Entering safepoint region: Cleanup
[2019-06-24T10:17:17.940+0000][1][safepoint    ] Leaving safepoint region
[2019-06-24T10:17:17.940+0000][1][safepoint    ] Total time for which application threads were stopped: 0.0001023 seconds, Stopping threads took: 0.0000284 seconds
[2019-06-24T10:17:18.940+0000][1][safepoint    ] Application time: 1.0002336 seconds
[2019-06-24T10:17:18.940+0000][1][safepoint    ] Entering safepoint region: Cleanup
[2019-06-24T10:17:18.941+0000][1][safepoint    ] Leaving safepoint region
[2019-06-24T10:17:18.941+0000][1][safepoint    ] Total time for which application threads were stopped: 0.0002025 seconds, Stopping threads took: 0.0000567 seconds
[2019-06-24T10:17:19.941+0000][1][safepoint    ] Application time: 1.0002622 seconds
[2019-06-24T10:17:19.941+0000][1][safepoint    ] Entering safepoint region: Cleanup
[2019-06-24T10:17:19.941+0000][1][safepoint    ] Leaving safepoint region
[2019-06-24T10:17:19.941+0000][1][safepoint    ] Total time for which application threads were stopped: 0.0003045 seconds, Stopping threads took: 0.0000634 seconds
[2019-06-24T10:17:20.942+0000][1][safepoint    ] Application time: 1.0002588 seconds
[2019-06-24T10:17:20.942+0000][1][safepoint    ] Entering safepoint region: Cleanup
[2019-06-24T10:17:20.942+0000][1][safepoint    ] Leaving safepoint region
[2019-06-24T10:17:20.942+0000][1][safepoint    ] Total time for which application threads were stopped: 0.0002247 seconds, Stopping threads took: 0.0000624 seconds
[2019-06-24T10:17:21.942+0000][1][safepoint    ] Application time: 1.0002620 seconds
[2019-06-24T10:17:21.942+0000][1][safepoint    ] Entering safepoint region: Cleanup
[2019-06-24T10:17:21.943+0000][1][safepoint    ] Leaving safepoint region
[2019-06-24T10:17:21.943+0000][1][safepoint    ] Total time for which application threads were stopped: 0.0003873 seconds, Stopping threads took: 0.0001613 seconds
[2019-06-24T10:17:22.943+0000][1][safepoint    ] Application time: 1.0001740 seconds
[2019-06-24T10:17:22.943+0000][1][safepoint    ] Entering safepoint region: Cleanup
[2019-06-24T10:17:22.943+0000][1][safepoint    ] Leaving safepoint region
[2019-06-24T10:17:22.943+0000][1][safepoint    ] Total time for which application threads were stopped: 0.0001114 seconds, Stopping threads took: 0.0000306 seconds
[2019-06-24T10:17:23.943+0000][1][safepoint    ] Application time: 1.0002353 seconds
[2019-06-24T10:17:23.944+0000][1][safepoint    ] Entering safepoint region: Cleanup
[2019-06-24T10:17:23.944+0000][1][safepoint    ] Leaving safepoint region
[2019-06-24T10:17:23.944+0000][1][safepoint    ] Total time for which application threads were stopped: 0.0002265 seconds, Stopping threads took: 0.0000644 seconds
[2019-06-24T10:17:24.944+0000][1][safepoint    ] Application time: 1.0002687 seconds
[2019-06-24T10:17:24.944+0000][1][safepoint    ] Entering safepoint region: Cleanup
[2019-06-24T10:17:24.944+0000][1][safepoint    ] Leaving safepoint region
[2019-06-24T10:17:24.944+0000][1][safepoint    ] Total time for which application threads were stopped: 0.0002253 seconds, Stopping threads took: 0.0000629 seconds
[2019-06-24T10:17:25.945+0000][1][safepoint    ] Application time: 1.0002642 seconds
[2019-06-24T10:17:25.945+0000][1][safepoint    ] Entering safepoint region: Cleanup
[2019-06-24T10:17:25.945+0000][1][safepoint    ] Leaving safepoint region
[2019-06-24T10:17:25.945+0000][1][safepoint    ] Total time for which application threads were stopped: 0.0002270 seconds, Stopping threads took: 0.0000640 seconds
[2019-06-24T10:17:26.945+0000][1][safepoint    ] Application time: 1.0002452 seconds
[2019-06-24T10:17:26.945+0000][1][safepoint    ] Entering safepoint region: Cleanup
[2019-06-24T10:17:26.946+0000][1][safepoint    ] Leaving safepoint region
[2019-06-24T10:17:26.946+0000][1][safepoint    ] Total time for which application threads were stopped: 0.0002012 seconds, Stopping threads took: 0.0000555 seconds
[2019-06-24T10:17:27.946+0000][1][safepoint    ] Application time: 1.0001966 seconds
[2019-06-24T10:17:27.946+0000][1][safepoint    ] Entering safepoint region: Cleanup
[2019-06-24T10:17:27.946+0000][1][safepoint    ] Leaving safepoint region
[2019-06-24T10:17:27.946+0000][1][safepoint    ] Total time for which application threads were stopped: 0.0001774 seconds, Stopping threads took: 0.0000632 seconds
[2019-06-24T10:17:29.526+0000][1][safepoint    ] Application time: 1.5796710 seconds
[2019-06-24T10:17:29.526+0000][1][safepoint    ] Entering safepoint region: Cleanup
[2019-06-24T10:17:29.526+0000][1][safepoint    ] Leaving safepoint region
[2019-06-24T10:17:29.526+0000][1][safepoint    ] Total time for which application threads were stopped: 0.0002524 seconds, Stopping threads took: 0.0000556 seconds
[2019-06-24T10:17:30.526+0000][1][safepoint    ] Application time: 1.0002291 seconds
[2019-06-24T10:17:30.527+0000][1][safepoint    ] Entering safepoint region: Cleanup
[2019-06-24T10:17:30.527+0000][1][safepoint    ] Leaving safepoint region
[2019-06-24T10:17:30.527+0000][1][safepoint    ] Total time for which application threads were stopped: 0.0002361 seconds, Stopping threads took: 0.0000679 seconds
[2019-06-24T10:17:31.527+0000][1][safepoint    ] Application time: 1.0002238 seconds
[2019-06-24T10:17:31.527+0000][1][safepoint    ] Entering safepoint region: Cleanup
[2019-06-24T10:17:31.527+0000][1][safepoint    ] Leaving safepoint region
[2019-06-24T10:17:31.527+0000][1][safepoint    ] Total time for which application threads were stopped: 0.0002106 seconds, Stopping threads took: 0.0000603 seconds
[2019-06-24T10:17:32.528+0000][1][safepoint    ] Application time: 1.0001291 seconds
[2019-06-24T10:17:32.528+0000][1][safepoint    ] Entering safepoint region: Cleanup
[2019-06-24T10:17:32.528+0000][1][safepoint    ] Leaving safepoint region
[2019-06-24T10:17:32.528+0000][1][safepoint    ] Total time for which application threads were stopped: 0.0002135 seconds, Stopping threads took: 0.0000608 seconds
[2019-06-24T10:17:33.528+0000][1][safepoint    ] Application time: 1.0001891 seconds
[2019-06-24T10:17:33.528+0000][1][safepoint    ] Entering safepoint region: Cleanup
[2019-06-24T10:17:33.528+0000][1][safepoint    ] Leaving safepoint region
[2019-06-24T10:17:33.528+0000][1][safepoint    ] Total time for which application threads were stopped: 0.0003044 seconds, Stopping threads took: 0.0001228 seconds
[2019-06-24T10:17:34.529+0000][1][safepoint    ] Application time: 1.0002882 seconds
[2019-06-24T10:17:34.529+0000][1][safepoint    ] Entering safepoint region: Cleanup
[2019-06-24T10:17:34.529+0000][1][safepoint    ] Leaving safepoint region
[2019-06-24T10:17:34.529+0000][1][safepoint    ] Total time for which application threads were stopped: 0.0002407 seconds, Stopping threads took: 0.0000643 seconds
[2019-06-24T10:17:35.529+0000][1][safepoint    ] Application time: 1.0001649 seconds
[2019-06-24T10:17:35.530+0000][1][safepoint    ] Entering safepoint region: Cleanup
[2019-06-24T10:17:35.530+0000][1][safepoint    ] Leaving safepoint region
[2019-06-24T10:17:35.530+0000][1][safepoint    ] Total time for which application threads were stopped: 0.0002178 seconds, Stopping threads took: 0.0000631 seconds
[2019-06-24T10:17:36.530+0000][1][safepoint    ] Application time: 1.0001895 seconds
[2019-06-24T10:17:36.530+0000][1][safepoint    ] Entering safepoint region: Cleanup
[2019-06-24T10:17:36.530+0000][1][safepoint    ] Leaving safepoint region
[2019-06-24T10:17:36.530+0000][1][safepoint    ] Total time for which application threads were stopped: 0.0002013 seconds, Stopping threads took: 0.0000561 seconds
[2019-06-24T10:17:37.531+0000][1][safepoint    ] Application time: 1.0003040 seconds
[2019-06-24T10:17:37.531+0000][1][safepoint    ] Entering safepoint region: Cleanup
[2019-06-24T10:17:37.531+0000][1][safepoint    ] Leaving safepoint region
[2019-06-24T10:17:37.531+0000][1][safepoint    ] Total time for which application threads were stopped: 0.0002117 seconds, Stopping threads took: 0.0000580 seconds
[2019-06-24T10:17:38.531+0000][1][safepoint    ] Application time: 1.0002147 seconds
[2019-06-24T10:17:38.531+0000][1][safepoint    ] Entering safepoint region: Cleanup
[2019-06-24T10:17:38.531+0000][1][safepoint    ] Leaving safepoint region
[2019-06-24T10:17:38.532+0000][1][safepoint    ] Total time for which application threads were stopped: 0.0002838 seconds, Stopping threads took: 0.0001175 seconds
[2019-06-24T10:17:39.532+0000][1][safepoint    ] Application time: 1.0002387 seconds
[2019-06-24T10:17:39.532+0000][1][safepoint    ] Entering safepoint region: Cleanup
[2019-06-24T10:17:39.532+0000][1][safepoint    ] Leaving safepoint region
[2019-06-24T10:17:39.532+0000][1][safepoint    ] Total time for which application threads were stopped: 0.0001994 seconds, Stopping threads took: 0.0000554 seconds
[2019-06-24T10:17:40.532+0000][1][safepoint    ] Application time: 1.0002596 seconds
[2019-06-24T10:17:40.533+0000][1][safepoint    ] Entering safepoint region: Cleanup
[2019-06-24T10:17:40.533+0000][1][safepoint    ] Leaving safepoint region
[2019-06-24T10:17:40.533+0000][1][safepoint    ] Total time for which application threads were stopped: 0.0002710 seconds, Stopping threads took: 0.0001097 seconds
[2019-06-24T10:17:41.533+0000][1][safepoint    ] Application time: 1.0002798 seconds
[2019-06-24T10:17:41.533+0000][1][safepoint    ] Entering safepoint region: Cleanup
[2019-06-24T10:17:41.533+0000][1][safepoint    ] Leaving safepoint region
[2019-06-24T10:17:41.533+0000][1][safepoint    ] Total time for which application threads were stopped: 0.0002309 seconds, Stopping threads took: 0.0000620 seconds
[2019-06-24T10:17:42.534+0000][1][safepoint    ] Application time: 1.0002740 seconds
[2019-06-24T10:17:42.534+0000][1][safepoint    ] Entering safepoint region: Cleanup
[2019-06-24T10:17:42.534+0000][1][safepoint    ] Leaving safepoint region
[2019-06-24T10:17:42.534+0000][1][safepoint    ] Total time for which application threads were stopped: 0.0002338 seconds, Stopping threads took: 0.0000651 seconds
[2019-06-24T10:17:43.534+0000][1][safepoint    ] Application time: 1.0002096 seconds
[2019-06-24T10:17:43.534+0000][1][safepoint    ] Entering safepoint region: Cleanup
[2019-06-24T10:17:43.535+0000][1][safepoint    ] Leaving safepoint region
[2019-06-24T10:17:43.535+0000][1][safepoint    ] Total time for which application threads were stopped: 0.0003072 seconds, Stopping threads took: 0.0001434 seconds
[2019-06-24T10:17:44.535+0000][1][safepoint    ] Application time: 1.0002510 seconds
[2019-06-24T10:17:44.535+0000][1][safepoint    ] Entering safepoint region: Cleanup
[2019-06-24T10:17:44.535+0000][1][safepoint    ] Leaving safepoint region
[2019-06-24T10:17:44.535+0000][1][safepoint    ] Total time for which application threads were stopped: 0.0002236 seconds, Stopping threads took: 0.0000837 seconds
[2019-06-24T10:17:45.536+0000][1][safepoint    ] Application time: 1.0002556 seconds
[2019-06-24T10:17:45.536+0000][1][safepoint    ] Entering safepoint region: Cleanup
[2019-06-24T10:17:45.536+0000][1][safepoint    ] Leaving safepoint region
[2019-06-24T10:17:45.536+0000][1][safepoint    ] Total time for which application threads were stopped: 0.0002245 seconds, Stopping threads took: 0.0000643 seconds
[2019-06-24T10:17:46.536+0000][1][safepoint    ] Application time: 1.0002751 seconds
[2019-06-24T10:17:46.536+0000][1][safepoint    ] Entering safepoint region: Cleanup
[2019-06-24T10:17:46.537+0000][1][safepoint    ] Leaving safepoint region
[2019-06-24T10:17:46.537+0000][1][safepoint    ] Total time for which application threads were stopped: 0.0002345 seconds, Stopping threads took: 0.0000626 seconds
[2019-06-24T10:17:47.537+0000][1][safepoint    ] Application time: 1.0002818 seconds
[2019-06-24T10:17:47.537+0000][1][safepoint    ] Entering safepoint region: Cleanup
[2019-06-24T10:17:47.537+0000][1][safepoint    ] Leaving safepoint region
[2019-06-24T10:17:47.537+0000][1][safepoint    ] Total time for which application threads were stopped: 0.0002293 seconds, Stopping threads took: 0.0000654 seconds
[2019-06-24T10:17:48.538+0000][1][safepoint    ] Application time: 1.0002690 seconds
[2019-06-24T10:17:48.538+0000][1][safepoint    ] Entering safepoint region: Cleanup
[2019-06-24T10:17:48.538+0000][1][safepoint    ] Leaving safepoint region
[2019-06-24T10:17:48.538+0000][1][safepoint    ] Total time for which application threads were stopped: 0.0002038 seconds, Stopping threads took: 0.0000565 seconds
[2019-06-24T10:17:49.538+0000][1][safepoint    ] Application time: 1.0002525 seconds
[2019-06-24T10:17:49.538+0000][1][safepoint    ] Entering safepoint region: Cleanup
[2019-06-24T10:17:49.539+0000][1][safepoint    ] Leaving safepoint region
[2019-06-24T10:17:49.539+0000][1][safepoint    ] Total time for which application threads were stopped: 0.0003533 seconds, Stopping threads took: 0.0000688 seconds
[2019-06-24T10:17:50.539+0000][1][safepoint    ] Application time: 1.0001462 seconds
[2019-06-24T10:17:50.539+0000][1][safepoint    ] Entering safepoint region: Cleanup
[2019-06-24T10:17:50.539+0000][1][safepoint    ] Leaving safepoint region
[2019-06-24T10:17:50.539+0000][1][safepoint    ] Total time for which application threads were stopped: 0.0002880 seconds, Stopping threads took: 0.0000636 seconds
[2019-06-24T10:17:51.540+0000][1][safepoint    ] Application time: 1.0002586 seconds
[2019-06-24T10:17:51.540+0000][1][safepoint    ] Entering safepoint region: Cleanup
[2019-06-24T10:17:51.540+0000][1][safepoint    ] Leaving safepoint region
[2019-06-24T10:17:51.540+0000][1][safepoint    ] Total time for which application threads were stopped: 0.0002275 seconds, Stopping threads took: 0.0000656 seconds
[2019-06-24T10:17:52.540+0000][1][safepoint    ] Application time: 1.0001486 seconds
[2019-06-24T10:17:52.540+0000][1][safepoint    ] Entering safepoint region: Cleanup
[2019-06-24T10:17:52.540+0000][1][safepoint    ] Leaving safepoint region
[2019-06-24T10:17:52.540+0000][1][safepoint    ] Total time for which application threads were stopped: 0.0002191 seconds, Stopping threads took: 0.0000639 seconds
[2019-06-24T10:17:53.541+0000][1][safepoint    ] Application time: 1.0002409 seconds
[2019-06-24T10:17:53.541+0000][1][safepoint    ] Entering safepoint region: Cleanup
[2019-06-24T10:17:53.541+0000][1][safepoint    ] Leaving safepoint region
[2019-06-24T10:17:53.541+0000][1][safepoint    ] Total time for which application threads were stopped: 0.0003027 seconds, Stopping threads took: 0.0000955 seconds
[2019-06-24T10:17:54.541+0000][1][safepoint    ] Application time: 1.0002209 seconds
[2019-06-24T10:17:54.541+0000][1][safepoint    ] Entering safepoint region: Cleanup
[2019-06-24T10:17:54.542+0000][1][safepoint    ] Leaving safepoint region
[2019-06-24T10:17:54.542+0000][1][safepoint    ] Total time for which application threads were stopped: 0.0002093 seconds, Stopping threads took: 0.0000615 seconds
[2019-06-24T10:17:55.542+0000][1][safepoint    ] Application time: 1.0001505 seconds
[2019-06-24T10:17:55.542+0000][1][safepoint    ] Entering safepoint region: Cleanup
[2019-06-24T10:17:55.542+0000][1][safepoint    ] Leaving safepoint region
[2019-06-24T10:17:55.542+0000][1][safepoint    ] Total time for which application threads were stopped: 0.0002042 seconds, Stopping threads took: 0.0000575 seconds
[2019-06-24T10:17:56.542+0000][1][safepoint    ] Application time: 1.0002554 seconds
[2019-06-24T10:17:56.543+0000][1][safepoint    ] Entering safepoint region: Cleanup
[2019-06-24T10:17:56.543+0000][1][safepoint    ] Leaving safepoint region
[2019-06-24T10:17:56.543+0000][1][safepoint    ] Total time for which application threads were stopped: 0.0002442 seconds, Stopping threads took: 0.0000864 seconds
[2019-06-24T10:17:57.543+0000][1][safepoint    ] Application time: 1.0002085 seconds
[2019-06-24T10:17:57.543+0000][1][safepoint    ] Entering safepoint region: Cleanup
[2019-06-24T10:17:57.543+0000][1][safepoint    ] Leaving safepoint region
[2019-06-24T10:17:57.543+0000][1][safepoint    ] Total time for which application threads were stopped: 0.0002346 seconds, Stopping threads took: 0.0000632 seconds
[2019-06-24T10:17:58.544+0000][1][safepoint    ] Application time: 1.0001637 seconds
[2019-06-24T10:17:58.544+0000][1][safepoint    ] Entering safepoint region: Cleanup
[2019-06-24T10:17:58.544+0000][1][safepoint    ] Leaving safepoint region
[2019-06-24T10:17:58.544+0000][1][safepoint    ] Total time for which application threads were stopped: 0.0001972 seconds, Stopping threads took: 0.0000548 seconds
[2019-06-24T10:17:59.544+0000][1][safepoint    ] Application time: 1.0002349 seconds
[2019-06-24T10:17:59.544+0000][1][safepoint    ] Entering safepoint region: Cleanup
[2019-06-24T10:17:59.544+0000][1][safepoint    ] Leaving safepoint region
[2019-06-24T10:17:59.545+0000][1][safepoint    ] Total time for which application threads were stopped: 0.0002208 seconds, Stopping threads took: 0.0000560 seconds
[2019-06-24T10:18:00.545+0000][1][safepoint    ] Application time: 1.0002755 seconds
[2019-06-24T10:18:00.545+0000][1][safepoint    ] Entering safepoint region: Cleanup
[2019-06-24T10:18:00.545+0000][1][safepoint    ] Leaving safepoint region
[2019-06-24T10:18:00.545+0000][1][safepoint    ] Total time for which application threads were stopped: 0.0002341 seconds, Stopping threads took: 0.0000554 seconds
[2019-06-24T10:18:01.545+0000][1][safepoint    ] Application time: 1.0002127 seconds
[2019-06-24T10:18:01.546+0000][1][safepoint    ] Entering safepoint region: Cleanup
[2019-06-24T10:18:01.546+0000][1][safepoint    ] Leaving safepoint region
[2019-06-24T10:18:01.546+0000][1][safepoint    ] Total time for which application threads were stopped: 0.0002419 seconds, Stopping threads took: 0.0000637 seconds
[2019-06-24T10:18:02.546+0000][1][safepoint    ] Application time: 1.0002548 seconds
[2019-06-24T10:18:02.546+0000][1][safepoint    ] Entering safepoint region: Cleanup
[2019-06-24T10:18:02.546+0000][1][safepoint    ] Leaving safepoint region
[2019-06-24T10:18:02.546+0000][1][safepoint    ] Total time for which application threads were stopped: 0.0002116 seconds, Stopping threads took: 0.0000564 seconds
[2019-06-24T10:18:03.547+0000][1][safepoint    ] Application time: 1.0002576 seconds
[2019-06-24T10:18:03.547+0000][1][safepoint    ] Entering safepoint region: Cleanup
[2019-06-24T10:18:03.547+0000][1][safepoint    ] Leaving safepoint region
[2019-06-24T10:18:03.547+0000][1][safepoint    ] Total time for which application threads were stopped: 0.0002257 seconds, Stopping threads took: 0.0000653 seconds
[2019-06-24T10:18:03.560+0000][1][safepoint    ] Application time: 0.0133022 seconds
[2019-06-24T10:18:03.560+0000][1][safepoint    ] Entering safepoint region: GenCollectForAllocation
[2019-06-24T10:18:03.560+0000][1][gc,start     ] GC(34) Pause Young (Allocation Failure)
[2019-06-24T10:18:03.560+0000][1][gc,task      ] GC(34) Using 5 workers of 8 for evacuation
[2019-06-24T10:18:03.562+0000][1][gc,age       ] GC(34) Desired survivor size 4456448 bytes, new threshold 6 (max threshold 6)
[2019-06-24T10:18:03.562+0000][1][gc,age       ] GC(34) Age table with threshold 6 (max threshold 6)
[2019-06-24T10:18:03.562+0000][1][gc,age       ] GC(34) - age   1:       4640 bytes,       4640 total
[2019-06-24T10:18:03.562+0000][1][gc,age       ] GC(34) - age   2:       1000 bytes,       5640 total
[2019-06-24T10:18:03.562+0000][1][gc,age       ] GC(34) - age   3:      69584 bytes,      75224 total
[2019-06-24T10:18:03.562+0000][1][gc,age       ] GC(34) - age   4:       1760 bytes,      76984 total
[2019-06-24T10:18:03.562+0000][1][gc,age       ] GC(34) - age   5:        496 bytes,      77480 total
[2019-06-24T10:18:03.562+0000][1][gc,age       ] GC(34) - age   6:      65336 bytes,     142816 total
[2019-06-24T10:18:03.562+0000][1][gc,heap      ] GC(34) ParNew: 70220K->222K(78656K)
[2019-06-24T10:18:03.562+0000][1][gc,heap      ] GC(34) CMS: 69466K->69469K(174784K)
[2019-06-24T10:18:03.562+0000][1][gc,metaspace ] GC(34) Metaspace: 68164K->68164K(1112064K)
[2019-06-24T10:18:03.562+0000][1][gc           ] GC(34) Pause Young (Allocation Failure) 136M->68M(247M) 1.445ms
[2019-06-24T10:18:03.562+0000][1][gc,cpu       ] GC(34) User=0.01s Sys=0.00s Real=0.00s
[2019-06-24T10:18:03.562+0000][1][safepoint    ] Leaving safepoint region
[2019-06-24T10:18:03.562+0000][1][safepoint    ] Total time for which application threads were stopped: 0.0016203 seconds, Stopping threads took: 0.0000242 seconds
[2019-06-24T10:18:04.562+0000][1][safepoint    ] Application time: 1.0002103 seconds
[2019-06-24T10:18:04.562+0000][1][safepoint    ] Entering safepoint region: Cleanup
[2019-06-24T10:18:04.562+0000][1][safepoint    ] Leaving safepoint region
[2019-06-24T10:18:04.563+0000][1][safepoint    ] Total time for which application threads were stopped: 0.0002678 seconds, Stopping threads took: 0.0000561 seconds
[2019-06-24T10:18:05.563+0000][1][safepoint    ] Application time: 1.0002656 seconds
[2019-06-24T10:18:05.563+0000][1][safepoint    ] Entering safepoint region: Cleanup
[2019-06-24T10:18:05.563+0000][1][safepoint    ] Leaving safepoint region
[2019-06-24T10:18:05.563+0000][1][safepoint    ] Total time for which application threads were stopped: 0.0002284 seconds, Stopping threads took: 0.0000621 seconds
[2019-06-24T10:18:06.563+0000][1][safepoint    ] Application time: 1.0002563 seconds
[2019-06-24T10:18:06.564+0000][1][safepoint    ] Entering safepoint region: Cleanup
[2019-06-24T10:18:06.564+0000][1][safepoint    ] Leaving safepoint region
[2019-06-24T10:18:06.564+0000][1][safepoint    ] Total time for which application threads were stopped: 0.0002057 seconds, Stopping threads took: 0.0000557 seconds
[2019-06-24T10:18:07.564+0000][1][safepoint    ] Application time: 1.0002498 seconds
[2019-06-24T10:18:07.564+0000][1][safepoint    ] Entering safepoint region: Cleanup
[2019-06-24T10:18:07.564+0000][1][safepoint    ] Leaving safepoint region
[2019-06-24T10:18:07.564+0000][1][safepoint    ] Total time for which application threads were stopped: 0.0002264 seconds, Stopping threads took: 0.0000610 seconds
[2019-06-24T10:18:08.565+0000][1][safepoint    ] Application time: 1.0001961 seconds
[2019-06-24T10:18:08.565+0000][1][safepoint    ] Entering safepoint region: Cleanup
[2019-06-24T10:18:08.565+0000][1][safepoint    ] Leaving safepoint region
[2019-06-24T10:18:08.565+0000][1][safepoint    ] Total time for which application threads were stopped: 0.0003106 seconds, Stopping threads took: 0.0001373 seconds
[2019-06-24T10:18:09.565+0000][1][safepoint    ] Application time: 1.0002792 seconds
[2019-06-24T10:18:09.565+0000][1][safepoint    ] Entering safepoint region: Cleanup
[2019-06-24T10:18:09.566+0000][1][safepoint    ] Leaving safepoint region
[2019-06-24T10:18:09.566+0000][1][safepoint    ] Total time for which application threads were stopped: 0.0002352 seconds, Stopping threads took: 0.0000626 seconds
[2019-06-24T10:18:10.566+0000][1][safepoint    ] Application time: 1.0002577 seconds
[2019-06-24T10:18:10.566+0000][1][safepoint    ] Entering safepoint region: Cleanup
[2019-06-24T10:18:10.566+0000][1][safepoint    ] Leaving safepoint region
[2019-06-24T10:18:10.566+0000][1][safepoint    ] Total time for which application threads were stopped: 0.0002383 seconds, Stopping threads took: 0.0000568 seconds
[2019-06-24T10:18:11.567+0000][1][safepoint    ] Application time: 1.0002559 seconds
[2019-06-24T10:18:11.567+0000][1][safepoint    ] Entering safepoint region: Cleanup
[2019-06-24T10:18:11.567+0000][1][safepoint    ] Leaving safepoint region
[2019-06-24T10:18:11.567+0000][1][safepoint    ] Total time for which application threads were stopped: 0.0002120 seconds, Stopping threads took: 0.0000555 seconds
[2019-06-24T10:18:12.567+0000][1][safepoint    ] Application time: 1.0002272 seconds
[2019-06-24T10:18:12.567+0000][1][safepoint    ] Entering safepoint region: Cleanup
[2019-06-24T10:18:12.567+0000][1][safepoint    ] Leaving safepoint region
[2019-06-24T10:18:12.567+0000][1][safepoint    ] Total time for which application threads were stopped: 0.0002085 seconds, Stopping threads took: 0.0000558 seconds
[2019-06-24T10:18:13.568+0000][1][safepoint    ] Application time: 1.0002550 seconds
[2019-06-24T10:18:13.568+0000][1][safepoint    ] Entering safepoint region: Cleanup
[2019-06-24T10:18:13.568+0000][1][safepoint    ] Leaving safepoint region
[2019-06-24T10:18:13.568+0000][1][safepoint    ] Total time for which application threads were stopped: 0.0002344 seconds, Stopping threads took: 0.0000640 seconds
[2019-06-24T10:18:14.568+0000][1][safepoint    ] Application time: 1.0002082 seconds
[2019-06-24T10:18:14.568+0000][1][safepoint    ] Entering safepoint region: Cleanup
[2019-06-24T10:18:14.569+0000][1][safepoint    ] Leaving safepoint region
[2019-06-24T10:18:14.569+0000][1][safepoint    ] Total time for which application threads were stopped: 0.0003180 seconds, Stopping threads took: 0.0000896 seconds
[2019-06-24T10:18:15.569+0000][1][safepoint    ] Application time: 1.0002653 seconds
[2019-06-24T10:18:15.569+0000][1][safepoint    ] Entering safepoint region: Cleanup
[2019-06-24T10:18:15.569+0000][1][safepoint    ] Leaving safepoint region
[2019-06-24T10:18:15.569+0000][1][safepoint    ] Total time for which application threads were stopped: 0.0002325 seconds, Stopping threads took: 0.0000619 seconds
[2019-06-24T10:18:16.570+0000][1][safepoint    ] Application time: 1.0002640 seconds
[2019-06-24T10:18:16.570+0000][1][safepoint    ] Entering safepoint region: Cleanup
[2019-06-24T10:18:16.570+0000][1][safepoint    ] Leaving safepoint region
[2019-06-24T10:18:16.570+0000][1][safepoint    ] Total time for which application threads were stopped: 0.0002295 seconds, Stopping threads took: 0.0000632 seconds
[2019-06-24T10:18:17.570+0000][1][safepoint    ] Application time: 1.0002001 seconds
[2019-06-24T10:18:17.570+0000][1][safepoint    ] Entering safepoint region: Cleanup
[2019-06-24T10:18:17.571+0000][1][safepoint    ] Leaving safepoint region
[2019-06-24T10:18:17.571+0000][1][safepoint    ] Total time for which application threads were stopped: 0.0003204 seconds, Stopping threads took: 0.0000632 seconds
[2019-06-24T10:18:19.056+0000][1][safepoint    ] Application time: 1.4850548 seconds
[2019-06-24T10:18:19.056+0000][1][safepoint    ] Entering safepoint region: Cleanup
[2019-06-24T10:18:19.056+0000][1][safepoint    ] Leaving safepoint region
[2019-06-24T10:18:19.056+0000][1][safepoint    ] Total time for which application threads were stopped: 0.0003985 seconds, Stopping threads took: 0.0002150 seconds
[2019-06-24T10:18:20.057+0000][1][safepoint    ] Application time: 1.0002886 seconds
[2019-06-24T10:18:20.057+0000][1][safepoint    ] Entering safepoint region: Cleanup
[2019-06-24T10:18:20.057+0000][1][safepoint    ] Leaving safepoint region
[2019-06-24T10:18:20.057+0000][1][safepoint    ] Total time for which application threads were stopped: 0.0003221 seconds, Stopping threads took: 0.0001398 seconds
[2019-06-24T10:18:21.057+0000][1][safepoint    ] Application time: 1.0002233 seconds
[2019-06-24T10:18:21.057+0000][1][safepoint    ] Entering safepoint region: Cleanup
[2019-06-24T10:18:21.058+0000][1][safepoint    ] Leaving safepoint region
[2019-06-24T10:18:21.058+0000][1][safepoint    ] Total time for which application threads were stopped: 0.0002531 seconds, Stopping threads took: 0.0000611 seconds
[2019-06-24T10:18:22.058+0000][1][safepoint    ] Application time: 1.0002718 seconds
[2019-06-24T10:18:22.058+0000][1][safepoint    ] Entering safepoint region: Cleanup
[2019-06-24T10:18:22.058+0000][1][safepoint    ] Leaving safepoint region
[2019-06-24T10:18:22.058+0000][1][safepoint    ] Total time for which application threads were stopped: 0.0002301 seconds, Stopping threads took: 0.0000664 seconds
[2019-06-24T10:18:23.059+0000][1][safepoint    ] Application time: 1.0001897 seconds
[2019-06-24T10:18:23.059+0000][1][safepoint    ] Entering safepoint region: Cleanup
[2019-06-24T10:18:23.059+0000][1][safepoint    ] Leaving safepoint region
[2019-06-24T10:18:23.059+0000][1][safepoint    ] Total time for which application threads were stopped: 0.0001914 seconds, Stopping threads took: 0.0000541 seconds
[2019-06-24T10:18:24.059+0000][1][safepoint    ] Application time: 1.0002216 seconds
[2019-06-24T10:18:24.059+0000][1][safepoint    ] Entering safepoint region: Cleanup
[2019-06-24T10:18:24.059+0000][1][safepoint    ] Leaving safepoint region
[2019-06-24T10:18:24.059+0000][1][safepoint    ] Total time for which application threads were stopped: 0.0001937 seconds, Stopping threads took: 0.0000548 seconds
[2019-06-24T10:18:25.060+0000][1][safepoint    ] Application time: 1.0001994 seconds
[2019-06-24T10:18:25.060+0000][1][safepoint    ] Entering safepoint region: Cleanup
[2019-06-24T10:18:25.060+0000][1][safepoint    ] Leaving safepoint region
[2019-06-24T10:18:25.060+0000][1][safepoint    ] Total time for which application threads were stopped: 0.0002280 seconds, Stopping threads took: 0.0000643 seconds
[2019-06-24T10:18:26.060+0000][1][safepoint    ] Application time: 1.0002648 seconds
[2019-06-24T10:18:26.060+0000][1][safepoint    ] Entering safepoint region: Cleanup
[2019-06-24T10:18:26.061+0000][1][safepoint    ] Leaving safepoint region
[2019-06-24T10:18:26.061+0000][1][safepoint    ] Total time for which application threads were stopped: 0.0002264 seconds, Stopping threads took: 0.0000646 seconds
[2019-06-24T10:18:27.061+0000][1][safepoint    ] Application time: 1.0001505 seconds
[2019-06-24T10:18:27.061+0000][1][safepoint    ] Entering safepoint region: Cleanup
[2019-06-24T10:18:27.061+0000][1][safepoint    ] Leaving safepoint region
[2019-06-24T10:18:27.061+0000][1][safepoint    ] Total time for which application threads were stopped: 0.0002703 seconds, Stopping threads took: 0.0000877 seconds
[2019-06-24T10:18:28.061+0000][1][safepoint    ] Application time: 1.0002054 seconds
[2019-06-24T10:18:28.062+0000][1][safepoint    ] Entering safepoint region: Cleanup
[2019-06-24T10:18:28.062+0000][1][safepoint    ] Leaving safepoint region
[2019-06-24T10:18:28.062+0000][1][safepoint    ] Total time for which application threads were stopped: 0.0002277 seconds, Stopping threads took: 0.0000647 seconds
[2019-06-24T10:18:29.062+0000][1][safepoint    ] Application time: 1.0002422 seconds
[2019-06-24T10:18:29.062+0000][1][safepoint    ] Entering safepoint region: Cleanup
[2019-06-24T10:18:29.062+0000][1][safepoint    ] Leaving safepoint region
[2019-06-24T10:18:29.062+0000][1][safepoint    ] Total time for which application threads were stopped: 0.0002488 seconds, Stopping threads took: 0.0000629 seconds
[2019-06-24T10:18:30.063+0000][1][safepoint    ] Application time: 1.0002967 seconds
[2019-06-24T10:18:30.063+0000][1][safepoint    ] Entering safepoint region: Cleanup
[2019-06-24T10:18:30.063+0000][1][safepoint    ] Leaving safepoint region
[2019-06-24T10:18:30.063+0000][1][safepoint    ] Total time for which application threads were stopped: 0.0002955 seconds, Stopping threads took: 0.0000623 seconds
[2019-06-24T10:18:31.063+0000][1][safepoint    ] Application time: 1.0002323 seconds
[2019-06-24T10:18:31.063+0000][1][safepoint    ] Entering safepoint region: Cleanup
[2019-06-24T10:18:31.064+0000][1][safepoint    ] Leaving safepoint region
[2019-06-24T10:18:31.064+0000][1][safepoint    ] Total time for which application threads were stopped: 0.0002964 seconds, Stopping threads took: 0.0000630 seconds
[2019-06-24T10:18:32.064+0000][1][safepoint    ] Application time: 1.0002739 seconds
[2019-06-24T10:18:32.064+0000][1][safepoint    ] Entering safepoint region: Cleanup
[2019-06-24T10:18:32.064+0000][1][safepoint    ] Leaving safepoint region
[2019-06-24T10:18:32.064+0000][1][safepoint    ] Total time for which application threads were stopped: 0.0002248 seconds, Stopping threads took: 0.0000639 seconds
[2019-06-24T10:18:33.065+0000][1][safepoint    ] Application time: 1.0002740 seconds
[2019-06-24T10:18:33.065+0000][1][safepoint    ] Entering safepoint region: Cleanup
[2019-06-24T10:18:33.065+0000][1][safepoint    ] Leaving safepoint region
[2019-06-24T10:18:33.065+0000][1][safepoint    ] Total time for which application threads were stopped: 0.0003310 seconds, Stopping threads took: 0.0000887 seconds
[2019-06-24T10:18:34.065+0000][1][safepoint    ] Application time: 1.0002024 seconds
[2019-06-24T10:18:34.066+0000][1][safepoint    ] Entering safepoint region: Cleanup
[2019-06-24T10:18:34.066+0000][1][safepoint    ] Leaving safepoint region
[2019-06-24T10:18:34.066+0000][1][safepoint    ] Total time for which application threads were stopped: 0.0002987 seconds, Stopping threads took: 0.0000644 seconds
[2019-06-24T10:18:35.066+0000][1][safepoint    ] Application time: 1.0002703 seconds
[2019-06-24T10:18:35.066+0000][1][safepoint    ] Entering safepoint region: Cleanup
[2019-06-24T10:18:35.067+0000][1][safepoint    ] Leaving safepoint region
[2019-06-24T10:18:35.067+0000][1][safepoint    ] Total time for which application threads were stopped: 0.0003852 seconds, Stopping threads took: 0.0000628 seconds
[2019-06-24T10:18:36.067+0000][1][safepoint    ] Application time: 1.0001521 seconds
[2019-06-24T10:18:36.067+0000][1][safepoint    ] Entering safepoint region: Cleanup
[2019-06-24T10:18:36.067+0000][1][safepoint    ] Leaving safepoint region
[2019-06-24T10:18:36.067+0000][1][safepoint    ] Total time for which application threads were stopped: 0.0002960 seconds, Stopping threads took: 0.0000650 seconds
[2019-06-24T10:18:37.068+0000][1][safepoint    ] Application time: 1.0001914 seconds
[2019-06-24T10:18:37.068+0000][1][safepoint    ] Entering safepoint region: Cleanup
[2019-06-24T10:18:37.068+0000][1][safepoint    ] Leaving safepoint region
[2019-06-24T10:18:37.068+0000][1][safepoint    ] Total time for which application threads were stopped: 0.0003316 seconds, Stopping threads took: 0.0000710 seconds
[2019-06-24T10:18:38.068+0000][1][safepoint    ] Application time: 1.0002263 seconds
[2019-06-24T10:18:38.068+0000][1][safepoint    ] Entering safepoint region: Cleanup
[2019-06-24T10:18:38.069+0000][1][safepoint    ] Leaving safepoint region
[2019-06-24T10:18:38.069+0000][1][safepoint    ] Total time for which application threads were stopped: 0.0002676 seconds, Stopping threads took: 0.0000739 seconds
[2019-06-24T10:18:39.069+0000][1][safepoint    ] Application time: 1.0001636 seconds
[2019-06-24T10:18:39.069+0000][1][safepoint    ] Entering safepoint region: Cleanup
[2019-06-24T10:18:39.069+0000][1][safepoint    ] Leaving safepoint region
[2019-06-24T10:18:39.069+0000][1][safepoint    ] Total time for which application threads were stopped: 0.0002234 seconds, Stopping threads took: 0.0000655 seconds
[2019-06-24T10:18:40.070+0000][1][safepoint    ] Application time: 1.0002802 seconds
[2019-06-24T10:18:40.070+0000][1][safepoint    ] Entering safepoint region: Cleanup
[2019-06-24T10:18:40.070+0000][1][safepoint    ] Leaving safepoint region
[2019-06-24T10:18:40.070+0000][1][safepoint    ] Total time for which application threads were stopped: 0.0002409 seconds, Stopping threads took: 0.0000668 seconds
[2019-06-24T10:18:41.070+0000][1][safepoint    ] Application time: 1.0001841 seconds
[2019-06-24T10:18:41.070+0000][1][safepoint    ] Entering safepoint region: Cleanup
[2019-06-24T10:18:41.070+0000][1][safepoint    ] Leaving safepoint region
[2019-06-24T10:18:41.070+0000][1][safepoint    ] Total time for which application threads were stopped: 0.0001581 seconds, Stopping threads took: 0.0000436 seconds
[2019-06-24T10:18:42.070+0000][1][safepoint    ] Application time: 1.0000942 seconds
[2019-06-24T10:18:42.071+0000][1][safepoint    ] Entering safepoint region: Cleanup
[2019-06-24T10:18:42.071+0000][1][safepoint    ] Leaving safepoint region
[2019-06-24T10:18:42.071+0000][1][safepoint    ] Total time for which application threads were stopped: 0.0001027 seconds, Stopping threads took: 0.0000341 seconds
[2019-06-24T10:18:43.071+0000][1][safepoint    ] Application time: 1.0001128 seconds
[2019-06-24T10:18:43.071+0000][1][safepoint    ] Entering safepoint region: Cleanup
[2019-06-24T10:18:43.071+0000][1][safepoint    ] Leaving safepoint region
[2019-06-24T10:18:43.071+0000][1][safepoint    ] Total time for which application threads were stopped: 0.0000886 seconds, Stopping threads took: 0.0000241 seconds
[2019-06-24T10:18:44.071+0000][1][safepoint    ] Application time: 1.0001197 seconds
[2019-06-24T10:18:44.071+0000][1][safepoint    ] Entering safepoint region: Cleanup
[2019-06-24T10:18:44.071+0000][1][safepoint    ] Leaving safepoint region
[2019-06-24T10:18:44.071+0000][1][safepoint    ] Total time for which application threads were stopped: 0.0000994 seconds, Stopping threads took: 0.0000263 seconds
[2019-06-24T10:18:45.071+0000][1][safepoint    ] Application time: 1.0001267 seconds
[2019-06-24T10:18:45.071+0000][1][safepoint    ] Entering safepoint region: Cleanup
[2019-06-24T10:18:45.071+0000][1][safepoint    ] Leaving safepoint region
[2019-06-24T10:18:45.071+0000][1][safepoint    ] Total time for which application threads were stopped: 0.0000917 seconds, Stopping threads took: 0.0000262 seconds
[2019-06-24T10:18:46.072+0000][1][safepoint    ] Application time: 1.0000862 seconds
[2019-06-24T10:18:46.072+0000][1][safepoint    ] Entering safepoint region: Cleanup
[2019-06-24T10:18:46.072+0000][1][safepoint    ] Leaving safepoint region
[2019-06-24T10:18:46.072+0000][1][safepoint    ] Total time for which application threads were stopped: 0.0001064 seconds, Stopping threads took: 0.0000412 seconds
[2019-06-24T10:18:47.072+0000][1][safepoint    ] Application time: 1.0001554 seconds
[2019-06-24T10:18:47.072+0000][1][safepoint    ] Entering safepoint region: Cleanup
[2019-06-24T10:18:47.072+0000][1][safepoint    ] Leaving safepoint region
[2019-06-24T10:18:47.072+0000][1][safepoint    ] Total time for which application threads were stopped: 0.0002201 seconds, Stopping threads took: 0.0000599 seconds
[2019-06-24T10:18:48.072+0000][1][safepoint    ] Application time: 1.0002519 seconds
[2019-06-24T10:18:48.073+0000][1][safepoint    ] Entering safepoint region: Cleanup
[2019-06-24T10:18:48.073+0000][1][safepoint    ] Leaving safepoint region
[2019-06-24T10:18:48.073+0000][1][safepoint    ] Total time for which application threads were stopped: 0.0002996 seconds, Stopping threads took: 0.0000625 seconds
[2019-06-24T10:18:49.073+0000][1][safepoint    ] Application time: 1.0002470 seconds
[2019-06-24T10:18:49.073+0000][1][safepoint    ] Entering safepoint region: Cleanup
[2019-06-24T10:18:49.073+0000][1][safepoint    ] Leaving safepoint region
[2019-06-24T10:18:49.073+0000][1][safepoint    ] Total time for which application threads were stopped: 0.0001593 seconds, Stopping threads took: 0.0000434 seconds
[2019-06-24T10:18:50.074+0000][1][safepoint    ] Application time: 1.0002368 seconds
[2019-06-24T10:18:50.074+0000][1][safepoint    ] Entering safepoint region: Cleanup
[2019-06-24T10:18:50.074+0000][1][safepoint    ] Leaving safepoint region
[2019-06-24T10:18:50.074+0000][1][safepoint    ] Total time for which application threads were stopped: 0.0000978 seconds, Stopping threads took: 0.0000264 seconds
[2019-06-24T10:18:51.074+0000][1][safepoint    ] Application time: 1.0001295 seconds
[2019-06-24T10:18:51.074+0000][1][safepoint    ] Entering safepoint region: Cleanup
[2019-06-24T10:18:51.074+0000][1][safepoint    ] Leaving safepoint region
[2019-06-24T10:18:51.074+0000][1][safepoint    ] Total time for which application threads were stopped: 0.0003740 seconds, Stopping threads took: 0.0001188 seconds
[2019-06-24T10:18:52.075+0000][1][safepoint    ] Application time: 1.0001250 seconds
[2019-06-24T10:18:52.075+0000][1][safepoint    ] Entering safepoint region: Cleanup
[2019-06-24T10:18:52.075+0000][1][safepoint    ] Leaving safepoint region
[2019-06-24T10:18:52.075+0000][1][safepoint    ] Total time for which application threads were stopped: 0.0001573 seconds, Stopping threads took: 0.0000337 seconds
[2019-06-24T10:18:53.075+0000][1][safepoint    ] Application time: 1.0002059 seconds
[2019-06-24T10:18:53.075+0000][1][safepoint    ] Entering safepoint region: Cleanup
[2019-06-24T10:18:53.075+0000][1][safepoint    ] Leaving safepoint region
[2019-06-24T10:18:53.075+0000][1][safepoint    ] Total time for which application threads were stopped: 0.0002454 seconds, Stopping threads took: 0.0000634 seconds
[2019-06-24T10:18:54.076+0000][1][safepoint    ] Application time: 1.0001762 seconds
[2019-06-24T10:18:54.076+0000][1][safepoint    ] Entering safepoint region: Cleanup
[2019-06-24T10:18:54.076+0000][1][safepoint    ] Leaving safepoint region
[2019-06-24T10:18:54.076+0000][1][safepoint    ] Total time for which application threads were stopped: 0.0002255 seconds, Stopping threads took: 0.0000617 seconds
[2019-06-24T10:18:55.076+0000][1][safepoint    ] Application time: 1.0002891 seconds
[2019-06-24T10:18:55.076+0000][1][safepoint    ] Entering safepoint region: Cleanup
[2019-06-24T10:18:55.077+0000][1][safepoint    ] Leaving safepoint region
[2019-06-24T10:18:55.077+0000][1][safepoint    ] Total time for which application threads were stopped: 0.0003443 seconds, Stopping threads took: 0.0000821 seconds
[2019-06-24T10:18:56.077+0000][1][safepoint    ] Application time: 1.0001515 seconds
[2019-06-24T10:18:56.077+0000][1][safepoint    ] Entering safepoint region: Cleanup
[2019-06-24T10:18:56.077+0000][1][safepoint    ] Leaving safepoint region
[2019-06-24T10:18:56.077+0000][1][safepoint    ] Total time for which application threads were stopped: 0.0001978 seconds, Stopping threads took: 0.0000736 seconds
[2019-06-24T10:18:57.077+0000][1][safepoint    ] Application time: 1.0001374 seconds
[2019-06-24T10:18:57.078+0000][1][safepoint    ] Entering safepoint region: Cleanup
[2019-06-24T10:18:57.078+0000][1][safepoint    ] Leaving safepoint region
[2019-06-24T10:18:57.078+0000][1][safepoint    ] Total time for which application threads were stopped: 0.0002310 seconds, Stopping threads took: 0.0000620 seconds
[2019-06-24T10:18:58.078+0000][1][safepoint    ] Application time: 1.0001652 seconds
[2019-06-24T10:18:58.078+0000][1][safepoint    ] Entering safepoint region: Cleanup
[2019-06-24T10:18:58.078+0000][1][safepoint    ] Leaving safepoint region
[2019-06-24T10:18:58.078+0000][1][safepoint    ] Total time for which application threads were stopped: 0.0002135 seconds, Stopping threads took: 0.0000661 seconds
[2019-06-24T10:18:59.932+0000][1][safepoint    ] Application time: 1.8532927 seconds
[2019-06-24T10:18:59.932+0000][1][safepoint    ] Entering safepoint region: Cleanup
[2019-06-24T10:18:59.932+0000][1][safepoint    ] Leaving safepoint region
[2019-06-24T10:18:59.932+0000][1][safepoint    ] Total time for which application threads were stopped: 0.0002934 seconds, Stopping threads took: 0.0000915 seconds
[2019-06-24T10:19:00.932+0000][1][safepoint    ] Application time: 1.0001690 seconds
[2019-06-24T10:19:00.932+0000][1][safepoint    ] Entering safepoint region: Cleanup
[2019-06-24T10:19:00.932+0000][1][safepoint    ] Leaving safepoint region
[2019-06-24T10:19:00.932+0000][1][safepoint    ] Total time for which application threads were stopped: 0.0001695 seconds, Stopping threads took: 0.0000460 seconds
[2019-06-24T10:19:01.933+0000][1][safepoint    ] Application time: 1.0002570 seconds
[2019-06-24T10:19:01.933+0000][1][safepoint    ] Entering safepoint region: Cleanup
[2019-06-24T10:19:01.933+0000][1][safepoint    ] Leaving safepoint region
[2019-06-24T10:19:01.933+0000][1][safepoint    ] Total time for which application threads were stopped: 0.0002390 seconds, Stopping threads took: 0.0000653 seconds
[2019-06-24T10:19:02.933+0000][1][safepoint    ] Application time: 1.0002819 seconds
[2019-06-24T10:19:02.934+0000][1][safepoint    ] Entering safepoint region: Cleanup
[2019-06-24T10:19:02.934+0000][1][safepoint    ] Leaving safepoint region
[2019-06-24T10:19:02.934+0000][1][safepoint    ] Total time for which application threads were stopped: 0.0003219 seconds, Stopping threads took: 0.0000941 seconds
[2019-06-24T10:19:03.934+0000][1][safepoint    ] Application time: 1.0001392 seconds
[2019-06-24T10:19:03.934+0000][1][safepoint    ] Entering safepoint region: Cleanup
[2019-06-24T10:19:03.934+0000][1][safepoint    ] Leaving safepoint region
[2019-06-24T10:19:03.934+0000][1][safepoint    ] Total time for which application threads were stopped: 0.0000889 seconds, Stopping threads took: 0.0000238 seconds
[2019-06-24T10:19:04.934+0000][1][safepoint    ] Application time: 1.0001646 seconds
[2019-06-24T10:19:04.935+0000][1][safepoint    ] Entering safepoint region: Cleanup
[2019-06-24T10:19:04.935+0000][1][safepoint    ] Leaving safepoint region
[2019-06-24T10:19:04.935+0000][1][safepoint    ] Total time for which application threads were stopped: 0.0002250 seconds, Stopping threads took: 0.0000668 seconds
[2019-06-24T10:19:05.935+0000][1][safepoint    ] Application time: 1.0003051 seconds
[2019-06-24T10:19:05.935+0000][1][safepoint    ] Entering safepoint region: Cleanup
[2019-06-24T10:19:05.936+0000][1][safepoint    ] Leaving safepoint region
[2019-06-24T10:19:05.936+0000][1][safepoint    ] Total time for which application threads were stopped: 0.0002884 seconds, Stopping threads took: 0.0001186 seconds
[2019-06-24T10:19:06.936+0000][1][safepoint    ] Application time: 1.0001091 seconds
[2019-06-24T10:19:06.936+0000][1][safepoint    ] Entering safepoint region: Cleanup
[2019-06-24T10:19:06.936+0000][1][safepoint    ] Leaving safepoint region
[2019-06-24T10:19:06.936+0000][1][safepoint    ] Total time for which application threads were stopped: 0.0001405 seconds, Stopping threads took: 0.0000387 seconds
[2019-06-24T10:19:07.936+0000][1][safepoint    ] Application time: 1.0001808 seconds
[2019-06-24T10:19:07.936+0000][1][safepoint    ] Entering safepoint region: Cleanup
[2019-06-24T10:19:07.936+0000][1][safepoint    ] Leaving safepoint region
[2019-06-24T10:19:07.936+0000][1][safepoint    ] Total time for which application threads were stopped: 0.0001600 seconds, Stopping threads took: 0.0000634 seconds
[2019-06-24T10:19:08.937+0000][1][safepoint    ] Application time: 1.0002218 seconds
[2019-06-24T10:19:08.937+0000][1][safepoint    ] Entering safepoint region: Cleanup
[2019-06-24T10:19:08.937+0000][1][safepoint    ] Leaving safepoint region
[2019-06-24T10:19:08.937+0000][1][safepoint    ] Total time for which application threads were stopped: 0.0004978 seconds, Stopping threads took: 0.0001489 seconds
[2019-06-24T10:19:09.938+0000][1][safepoint    ] Application time: 1.0002223 seconds
[2019-06-24T10:19:09.938+0000][1][safepoint    ] Entering safepoint region: Cleanup
[2019-06-24T10:19:09.938+0000][1][safepoint    ] Leaving safepoint region
[2019-06-24T10:19:09.938+0000][1][safepoint    ] Total time for which application threads were stopped: 0.0002359 seconds, Stopping threads took: 0.0000656 seconds
[2019-06-24T10:19:10.938+0000][1][safepoint    ] Application time: 1.0002584 seconds
[2019-06-24T10:19:10.938+0000][1][safepoint    ] Entering safepoint region: Cleanup
[2019-06-24T10:19:10.939+0000][1][safepoint    ] Leaving safepoint region
[2019-06-24T10:19:10.939+0000][1][safepoint    ] Total time for which application threads were stopped: 0.0003704 seconds, Stopping threads took: 0.0000648 seconds
[2019-06-24T10:19:11.939+0000][1][safepoint    ] Application time: 1.0002417 seconds
[2019-06-24T10:19:11.939+0000][1][safepoint    ] Entering safepoint region: Cleanup
[2019-06-24T10:19:11.939+0000][1][safepoint    ] Leaving safepoint region
[2019-06-24T10:19:11.939+0000][1][safepoint    ] Total time for which application threads were stopped: 0.0001279 seconds, Stopping threads took: 0.0000352 seconds
[2019-06-24T10:19:12.939+0000][1][safepoint    ] Application time: 1.0002300 seconds
[2019-06-24T10:19:12.939+0000][1][safepoint    ] Entering safepoint region: Cleanup
[2019-06-24T10:19:12.940+0000][1][safepoint    ] Leaving safepoint region
[2019-06-24T10:19:12.940+0000][1][safepoint    ] Total time for which application threads were stopped: 0.0001470 seconds, Stopping threads took: 0.0000425 seconds
[2019-06-24T10:19:13.940+0000][1][safepoint    ] Application time: 1.0002565 seconds
[2019-06-24T10:19:13.940+0000][1][safepoint    ] Entering safepoint region: Cleanup
[2019-06-24T10:19:13.940+0000][1][safepoint    ] Leaving safepoint region
[2019-06-24T10:19:13.940+0000][1][safepoint    ] Total time for which application threads were stopped: 0.0003603 seconds, Stopping threads took: 0.0001013 seconds
[2019-06-24T10:19:14.941+0000][1][safepoint    ] Application time: 1.0002561 seconds
[2019-06-24T10:19:14.941+0000][1][safepoint    ] Entering safepoint region: Cleanup
[2019-06-24T10:19:14.941+0000][1][safepoint    ] Leaving safepoint region
[2019-06-24T10:19:14.941+0000][1][safepoint    ] Total time for which application threads were stopped: 0.0002923 seconds, Stopping threads took: 0.0000706 seconds
[2019-06-24T10:19:15.941+0000][1][safepoint    ] Application time: 1.0002705 seconds
[2019-06-24T10:19:15.942+0000][1][safepoint    ] Entering safepoint region: Cleanup
[2019-06-24T10:19:15.942+0000][1][safepoint    ] Leaving safepoint region
[2019-06-24T10:19:15.942+0000][1][safepoint    ] Total time for which application threads were stopped: 0.0002543 seconds, Stopping threads took: 0.0000966 seconds
[2019-06-24T10:19:16.942+0000][1][safepoint    ] Application time: 1.0002148 seconds
[2019-06-24T10:19:16.942+0000][1][safepoint    ] Entering safepoint region: Cleanup
[2019-06-24T10:19:16.942+0000][1][safepoint    ] Leaving safepoint region
[2019-06-24T10:19:16.942+0000][1][safepoint    ] Total time for which application threads were stopped: 0.0001995 seconds, Stopping threads took: 0.0000645 seconds
[2019-06-24T10:19:17.943+0000][1][safepoint    ] Application time: 1.0002726 seconds
[2019-06-24T10:19:17.943+0000][1][safepoint    ] Entering safepoint region: Cleanup
[2019-06-24T10:19:17.943+0000][1][safepoint    ] Leaving safepoint region
[2019-06-24T10:19:17.943+0000][1][safepoint    ] Total time for which application threads were stopped: 0.0002275 seconds, Stopping threads took: 0.0000651 seconds
[2019-06-24T10:19:18.943+0000][1][safepoint    ] Application time: 1.0002196 seconds
[2019-06-24T10:19:18.943+0000][1][safepoint    ] Entering safepoint region: Cleanup
[2019-06-24T10:19:18.943+0000][1][safepoint    ] Leaving safepoint region
[2019-06-24T10:19:18.944+0000][1][safepoint    ] Total time for which application threads were stopped: 0.0002223 seconds, Stopping threads took: 0.0000634 seconds
[2019-06-24T10:19:19.944+0000][1][safepoint    ] Application time: 1.0002044 seconds
[2019-06-24T10:19:19.944+0000][1][safepoint    ] Entering safepoint region: Cleanup
[2019-06-24T10:19:19.944+0000][1][safepoint    ] Leaving safepoint region
[2019-06-24T10:19:19.944+0000][1][safepoint    ] Total time for which application threads were stopped: 0.0002253 seconds, Stopping threads took: 0.0000635 seconds
[2019-06-24T10:19:20.944+0000][1][safepoint    ] Application time: 1.0002736 seconds
[2019-06-24T10:19:20.945+0000][1][safepoint    ] Entering safepoint region: Cleanup
[2019-06-24T10:19:20.945+0000][1][safepoint    ] Leaving safepoint region
[2019-06-24T10:19:20.945+0000][1][safepoint    ] Total time for which application threads were stopped: 0.0002194 seconds, Stopping threads took: 0.0000615 seconds
[2019-06-24T10:19:21.945+0000][1][safepoint    ] Application time: 1.0001863 seconds
[2019-06-24T10:19:21.945+0000][1][safepoint    ] Entering safepoint region: Cleanup
[2019-06-24T10:19:21.945+0000][1][safepoint    ] Leaving safepoint region
[2019-06-24T10:19:21.945+0000][1][safepoint    ] Total time for which application threads were stopped: 0.0001662 seconds, Stopping threads took: 0.0000417 seconds
[2019-06-24T10:19:22.945+0000][1][safepoint    ] Application time: 1.0002467 seconds
[2019-06-24T10:19:22.946+0000][1][safepoint    ] Entering safepoint region: Cleanup
[2019-06-24T10:19:22.946+0000][1][safepoint    ] Leaving safepoint region
[2019-06-24T10:19:22.946+0000][1][safepoint    ] Total time for which application threads were stopped: 0.0002208 seconds, Stopping threads took: 0.0000623 seconds
[2019-06-24T10:19:23.946+0000][1][safepoint    ] Application time: 1.0002356 seconds
[2019-06-24T10:19:23.946+0000][1][safepoint    ] Entering safepoint region: Cleanup
[2019-06-24T10:19:23.946+0000][1][safepoint    ] Leaving safepoint region
[2019-06-24T10:19:23.946+0000][1][safepoint    ] Total time for which application threads were stopped: 0.0002554 seconds, Stopping threads took: 0.0000726 seconds
[2019-06-24T10:19:24.947+0000][1][safepoint    ] Application time: 1.0003072 seconds
[2019-06-24T10:19:24.947+0000][1][safepoint    ] Entering safepoint region: Cleanup
[2019-06-24T10:19:24.947+0000][1][safepoint    ] Leaving safepoint region
[2019-06-24T10:19:24.947+0000][1][safepoint    ] Total time for which application threads were stopped: 0.0002605 seconds, Stopping threads took: 0.0000724 seconds
[2019-06-24T10:19:25.947+0000][1][safepoint    ] Application time: 1.0002431 seconds
[2019-06-24T10:19:25.948+0000][1][safepoint    ] Entering safepoint region: Cleanup
[2019-06-24T10:19:25.948+0000][1][safepoint    ] Leaving safepoint region
[2019-06-24T10:19:25.948+0000][1][safepoint    ] Total time for which application threads were stopped: 0.0002263 seconds, Stopping threads took: 0.0000635 seconds
[2019-06-24T10:19:26.948+0000][1][safepoint    ] Application time: 1.0002665 seconds
[2019-06-24T10:19:26.948+0000][1][safepoint    ] Entering safepoint region: Cleanup
[2019-06-24T10:19:26.948+0000][1][safepoint    ] Leaving safepoint region
[2019-06-24T10:19:26.948+0000][1][safepoint    ] Total time for which application threads were stopped: 0.0002271 seconds, Stopping threads took: 0.0000649 seconds
[2019-06-24T10:19:28.142+0000][1][safepoint    ] Application time: 1.1935512 seconds
[2019-06-24T10:19:28.142+0000][1][safepoint    ] Entering safepoint region: Cleanup
[2019-06-24T10:19:28.142+0000][1][safepoint    ] Leaving safepoint region
[2019-06-24T10:19:28.142+0000][1][safepoint    ] Total time for which application threads were stopped: 0.0002506 seconds, Stopping threads took: 0.0000694 seconds
[2019-06-24T10:19:29.143+0000][1][safepoint    ] Application time: 1.0003428 seconds
[2019-06-24T10:19:29.143+0000][1][safepoint    ] Entering safepoint region: Cleanup
[2019-06-24T10:19:29.143+0000][1][safepoint    ] Leaving safepoint region
[2019-06-24T10:19:29.143+0000][1][safepoint    ] Total time for which application threads were stopped: 0.0002361 seconds, Stopping threads took: 0.0000634 seconds
[2019-06-24T10:19:30.143+0000][1][safepoint    ] Application time: 1.0001736 seconds
[2019-06-24T10:19:30.143+0000][1][safepoint    ] Entering safepoint region: Cleanup
[2019-06-24T10:19:30.144+0000][1][safepoint    ] Leaving safepoint region
[2019-06-24T10:19:30.144+0000][1][safepoint    ] Total time for which application threads were stopped: 0.0002244 seconds, Stopping threads took: 0.0000622 seconds
[2019-06-24T10:19:31.144+0000][1][safepoint    ] Application time: 1.0002497 seconds
[2019-06-24T10:19:31.144+0000][1][safepoint    ] Entering safepoint region: Cleanup
[2019-06-24T10:19:31.144+0000][1][safepoint    ] Leaving safepoint region
[2019-06-24T10:19:31.144+0000][1][safepoint    ] Total time for which application threads were stopped: 0.0002316 seconds, Stopping threads took: 0.0000594 seconds
[2019-06-24T10:19:32.144+0000][1][safepoint    ] Application time: 1.0001352 seconds
[2019-06-24T10:19:32.145+0000][1][safepoint    ] Entering safepoint region: Cleanup
[2019-06-24T10:19:32.145+0000][1][safepoint    ] Leaving safepoint region
[2019-06-24T10:19:32.145+0000][1][safepoint    ] Total time for which application threads were stopped: 0.0002275 seconds, Stopping threads took: 0.0000595 seconds
[2019-06-24T10:19:33.145+0000][1][safepoint    ] Application time: 1.0001545 seconds
[2019-06-24T10:19:33.145+0000][1][safepoint    ] Entering safepoint region: Cleanup
[2019-06-24T10:19:33.145+0000][1][safepoint    ] Leaving safepoint region
[2019-06-24T10:19:33.145+0000][1][safepoint    ] Total time for which application threads were stopped: 0.0003420 seconds, Stopping threads took: 0.0001459 seconds
[2019-06-24T10:19:34.146+0000][1][safepoint    ] Application time: 1.0001426 seconds
[2019-06-24T10:19:34.146+0000][1][safepoint    ] Entering safepoint region: Cleanup
[2019-06-24T10:19:34.146+0000][1][safepoint    ] Leaving safepoint region
[2019-06-24T10:19:34.146+0000][1][safepoint    ] Total time for which application threads were stopped: 0.0002499 seconds, Stopping threads took: 0.0000714 seconds
[2019-06-24T10:19:35.146+0000][1][safepoint    ] Application time: 1.0002571 seconds
[2019-06-24T10:19:35.147+0000][1][safepoint    ] Entering safepoint region: Cleanup
[2019-06-24T10:19:35.147+0000][1][safepoint    ] Leaving safepoint region
[2019-06-24T10:19:35.147+0000][1][safepoint    ] Total time for which application threads were stopped: 0.0004108 seconds, Stopping threads took: 0.0002312 seconds
[2019-06-24T10:19:36.147+0000][1][safepoint    ] Application time: 1.0002285 seconds
[2019-06-24T10:19:36.147+0000][1][safepoint    ] Entering safepoint region: Cleanup
[2019-06-24T10:19:36.147+0000][1][safepoint    ] Leaving safepoint region
[2019-06-24T10:19:36.147+0000][1][safepoint    ] Total time for which application threads were stopped: 0.0002723 seconds, Stopping threads took: 0.0000628 seconds
[2019-06-24T10:19:37.148+0000][1][safepoint    ] Application time: 1.0002415 seconds
[2019-06-24T10:19:37.148+0000][1][safepoint    ] Entering safepoint region: Cleanup
[2019-06-24T10:19:37.148+0000][1][safepoint    ] Leaving safepoint region
[2019-06-24T10:19:37.148+0000][1][safepoint    ] Total time for which application threads were stopped: 0.0002701 seconds, Stopping threads took: 0.0000957 seconds
[2019-06-24T10:19:38.148+0000][1][safepoint    ] Application time: 1.0002644 seconds
[2019-06-24T10:19:38.149+0000][1][safepoint    ] Entering safepoint region: Cleanup
[2019-06-24T10:19:38.149+0000][1][safepoint    ] Leaving safepoint region
[2019-06-24T10:19:38.149+0000][1][safepoint    ] Total time for which application threads were stopped: 0.0002378 seconds, Stopping threads took: 0.0000649 seconds
[2019-06-24T10:19:39.149+0000][1][safepoint    ] Application time: 1.0002073 seconds
[2019-06-24T10:19:39.149+0000][1][safepoint    ] Entering safepoint region: Cleanup
[2019-06-24T10:19:39.149+0000][1][safepoint    ] Leaving safepoint region
[2019-06-24T10:19:39.149+0000][1][safepoint    ] Total time for which application threads were stopped: 0.0002569 seconds, Stopping threads took: 0.0000683 seconds
[2019-06-24T10:19:40.150+0000][1][safepoint    ] Application time: 1.0002975 seconds
[2019-06-24T10:19:40.150+0000][1][safepoint    ] Entering safepoint region: Cleanup
[2019-06-24T10:19:40.150+0000][1][safepoint    ] Leaving safepoint region
[2019-06-24T10:19:40.150+0000][1][safepoint    ] Total time for which application threads were stopped: 0.0003413 seconds, Stopping threads took: 0.0000722 seconds
[2019-06-24T10:19:41.150+0000][1][safepoint    ] Application time: 1.0001971 seconds
[2019-06-24T10:19:41.151+0000][1][safepoint    ] Entering safepoint region: Cleanup
[2019-06-24T10:19:41.151+0000][1][safepoint    ] Leaving safepoint region
[2019-06-24T10:19:41.151+0000][1][safepoint    ] Total time for which application threads were stopped: 0.0002544 seconds, Stopping threads took: 0.0000546 seconds
[2019-06-24T10:19:42.151+0000][1][safepoint    ] Application time: 1.0001383 seconds
[2019-06-24T10:19:42.151+0000][1][safepoint    ] Entering safepoint region: Cleanup
[2019-06-24T10:19:42.151+0000][1][safepoint    ] Leaving safepoint region
[2019-06-24T10:19:42.151+0000][1][safepoint    ] Total time for which application threads were stopped: 0.0003043 seconds, Stopping threads took: 0.0000653 seconds
[2019-06-24T10:19:43.152+0000][1][safepoint    ] Application time: 1.0002500 seconds
[2019-06-24T10:19:43.152+0000][1][safepoint    ] Entering safepoint region: Cleanup
[2019-06-24T10:19:43.152+0000][1][safepoint    ] Leaving safepoint region
[2019-06-24T10:19:43.152+0000][1][safepoint    ] Total time for which application threads were stopped: 0.0003002 seconds, Stopping threads took: 0.0000655 seconds
[2019-06-24T10:19:44.152+0000][1][safepoint    ] Application time: 1.0001892 seconds
[2019-06-24T10:19:44.153+0000][1][safepoint    ] Entering safepoint region: Cleanup
[2019-06-24T10:19:44.153+0000][1][safepoint    ] Leaving safepoint region
[2019-06-24T10:19:44.153+0000][1][safepoint    ] Total time for which application threads were stopped: 0.0002232 seconds, Stopping threads took: 0.0000615 seconds
[2019-06-24T10:19:45.153+0000][1][safepoint    ] Application time: 1.0002690 seconds
[2019-06-24T10:19:45.153+0000][1][safepoint    ] Entering safepoint region: Cleanup
[2019-06-24T10:19:45.153+0000][1][safepoint    ] Leaving safepoint region
[2019-06-24T10:19:45.153+0000][1][safepoint    ] Total time for which application threads were stopped: 0.0002309 seconds, Stopping threads took: 0.0000626 seconds
[2019-06-24T10:19:46.154+0000][1][safepoint    ] Application time: 1.0002648 seconds
[2019-06-24T10:19:46.154+0000][1][safepoint    ] Entering safepoint region: Cleanup
[2019-06-24T10:19:46.154+0000][1][safepoint    ] Leaving safepoint region
[2019-06-24T10:19:46.154+0000][1][safepoint    ] Total time for which application threads were stopped: 0.0002257 seconds, Stopping threads took: 0.0000607 seconds
[2019-06-24T10:19:47.154+0000][1][safepoint    ] Application time: 1.0002623 seconds
[2019-06-24T10:19:47.155+0000][1][safepoint    ] Entering safepoint region: Cleanup
[2019-06-24T10:19:47.155+0000][1][safepoint    ] Leaving safepoint region
[2019-06-24T10:19:47.155+0000][1][safepoint    ] Total time for which application threads were stopped: 0.0003129 seconds, Stopping threads took: 0.0001411 seconds
[2019-06-24T10:19:48.155+0000][1][safepoint    ] Application time: 1.0002304 seconds
[2019-06-24T10:19:48.155+0000][1][safepoint    ] Entering safepoint region: Cleanup
[2019-06-24T10:19:48.155+0000][1][safepoint    ] Leaving safepoint region
[2019-06-24T10:19:48.155+0000][1][safepoint    ] Total time for which application threads were stopped: 0.0002388 seconds, Stopping threads took: 0.0000647 seconds
[2019-06-24T10:19:49.156+0000][1][safepoint    ] Application time: 1.0002504 seconds
[2019-06-24T10:19:49.156+0000][1][safepoint    ] Entering safepoint region: Cleanup
[2019-06-24T10:19:49.156+0000][1][safepoint    ] Leaving safepoint region
[2019-06-24T10:19:49.156+0000][1][safepoint    ] Total time for which application threads were stopped: 0.0002263 seconds, Stopping threads took: 0.0000620 seconds
[2019-06-24T10:19:50.156+0000][1][safepoint    ] Application time: 1.0002614 seconds
[2019-06-24T10:19:50.156+0000][1][safepoint    ] Entering safepoint region: Cleanup
[2019-06-24T10:19:50.157+0000][1][safepoint    ] Leaving safepoint region
[2019-06-24T10:19:50.157+0000][1][safepoint    ] Total time for which application threads were stopped: 0.0002318 seconds, Stopping threads took: 0.0000633 seconds
[2019-06-24T10:19:51.157+0000][1][safepoint    ] Application time: 1.0001504 seconds
[2019-06-24T10:19:51.157+0000][1][safepoint    ] Entering safepoint region: Cleanup
[2019-06-24T10:19:51.157+0000][1][safepoint    ] Leaving safepoint region
[2019-06-24T10:19:51.157+0000][1][safepoint    ] Total time for which application threads were stopped: 0.0001005 seconds, Stopping threads took: 0.0000274 seconds
[2019-06-24T10:19:52.157+0000][1][safepoint    ] Application time: 1.0001962 seconds
[2019-06-24T10:19:52.157+0000][1][safepoint    ] Entering safepoint region: Cleanup
[2019-06-24T10:19:52.157+0000][1][safepoint    ] Leaving safepoint region
[2019-06-24T10:19:52.157+0000][1][safepoint    ] Total time for which application threads were stopped: 0.0002215 seconds, Stopping threads took: 0.0000613 seconds
[2019-06-24T10:19:53.211+0000][1][safepoint    ] Application time: 1.0530529 seconds
[2019-06-24T10:19:53.211+0000][1][safepoint    ] Entering safepoint region: Cleanup
[2019-06-24T10:19:53.211+0000][1][safepoint    ] Leaving safepoint region
[2019-06-24T10:19:53.211+0000][1][safepoint    ] Total time for which application threads were stopped: 0.0002219 seconds, Stopping threads took: 0.0000632 seconds
[2019-06-24T10:19:54.211+0000][1][safepoint    ] Application time: 1.0002501 seconds
[2019-06-24T10:19:54.211+0000][1][safepoint    ] Entering safepoint region: Cleanup
[2019-06-24T10:19:54.211+0000][1][safepoint    ] Leaving safepoint region
[2019-06-24T10:19:54.212+0000][1][safepoint    ] Total time for which application threads were stopped: 0.0002340 seconds, Stopping threads took: 0.0000633 seconds
[2019-06-24T10:19:55.212+0000][1][safepoint    ] Application time: 1.0002589 seconds
[2019-06-24T10:19:55.212+0000][1][safepoint    ] Entering safepoint region: Cleanup
[2019-06-24T10:19:55.212+0000][1][safepoint    ] Leaving safepoint region
[2019-06-24T10:19:55.212+0000][1][safepoint    ] Total time for which application threads were stopped: 0.0002238 seconds, Stopping threads took: 0.0000606 seconds
[2019-06-24T10:19:56.212+0000][1][safepoint    ] Application time: 1.0002648 seconds
[2019-06-24T10:19:56.213+0000][1][safepoint    ] Entering safepoint region: Cleanup
[2019-06-24T10:19:56.213+0000][1][safepoint    ] Leaving safepoint region
[2019-06-24T10:19:56.213+0000][1][safepoint    ] Total time for which application threads were stopped: 0.0002314 seconds, Stopping threads took: 0.0000634 seconds
[2019-06-24T10:19:57.213+0000][1][safepoint    ] Application time: 1.0002672 seconds
[2019-06-24T10:19:57.213+0000][1][safepoint    ] Entering safepoint region: Cleanup
[2019-06-24T10:19:57.213+0000][1][safepoint    ] Leaving safepoint region
[2019-06-24T10:19:57.213+0000][1][safepoint    ] Total time for which application threads were stopped: 0.0002305 seconds, Stopping threads took: 0.0000636 seconds
[2019-06-24T10:19:58.214+0000][1][safepoint    ] Application time: 1.0002604 seconds
[2019-06-24T10:19:58.214+0000][1][safepoint    ] Entering safepoint region: Cleanup
[2019-06-24T10:19:58.214+0000][1][safepoint    ] Leaving safepoint region
[2019-06-24T10:19:58.214+0000][1][safepoint    ] Total time for which application threads were stopped: 0.0002319 seconds, Stopping threads took: 0.0000628 seconds
[2019-06-24T10:19:59.214+0000][1][safepoint    ] Application time: 1.0001695 seconds
[2019-06-24T10:19:59.214+0000][1][safepoint    ] Entering safepoint region: Cleanup
[2019-06-24T10:19:59.215+0000][1][safepoint    ] Leaving safepoint region
[2019-06-24T10:19:59.215+0000][1][safepoint    ] Total time for which application threads were stopped: 0.0003193 seconds, Stopping threads took: 0.0000654 seconds
[2019-06-24T10:20:00.215+0000][1][safepoint    ] Application time: 1.0001950 seconds
[2019-06-24T10:20:00.215+0000][1][safepoint    ] Entering safepoint region: Cleanup
[2019-06-24T10:20:00.215+0000][1][safepoint    ] Leaving safepoint region
[2019-06-24T10:20:00.215+0000][1][safepoint    ] Total time for which application threads were stopped: 0.0003289 seconds, Stopping threads took: 0.0001030 seconds
[2019-06-24T10:20:01.216+0000][1][safepoint    ] Application time: 1.0002318 seconds
[2019-06-24T10:20:01.216+0000][1][safepoint    ] Entering safepoint region: Cleanup
[2019-06-24T10:20:01.216+0000][1][safepoint    ] Leaving safepoint region
[2019-06-24T10:20:01.216+0000][1][safepoint    ] Total time for which application threads were stopped: 0.0002401 seconds, Stopping threads took: 0.0000662 seconds
[2019-06-24T10:20:02.216+0000][1][safepoint    ] Application time: 1.0002738 seconds
[2019-06-24T10:20:02.216+0000][1][safepoint    ] Entering safepoint region: Cleanup
[2019-06-24T10:20:02.217+0000][1][safepoint    ] Leaving safepoint region
[2019-06-24T10:20:02.217+0000][1][safepoint    ] Total time for which application threads were stopped: 0.0002384 seconds, Stopping threads took: 0.0000646 seconds
[2019-06-24T10:20:03.217+0000][1][safepoint    ] Application time: 1.0002559 seconds
[2019-06-24T10:20:03.217+0000][1][safepoint    ] Entering safepoint region: Cleanup
[2019-06-24T10:20:03.217+0000][1][safepoint    ] Leaving safepoint region
[2019-06-24T10:20:03.217+0000][1][safepoint    ] Total time for which application threads were stopped: 0.0002369 seconds, Stopping threads took: 0.0000660 seconds
[2019-06-24T10:20:04.218+0000][1][safepoint    ] Application time: 1.0002671 seconds
[2019-06-24T10:20:04.218+0000][1][safepoint    ] Entering safepoint region: Cleanup
[2019-06-24T10:20:04.218+0000][1][safepoint    ] Leaving safepoint region
[2019-06-24T10:20:04.218+0000][1][safepoint    ] Total time for which application threads were stopped: 0.0002348 seconds, Stopping threads took: 0.0000639 seconds
[2019-06-24T10:20:05.218+0000][1][safepoint    ] Application time: 1.0002607 seconds
[2019-06-24T10:20:05.218+0000][1][safepoint    ] Entering safepoint region: Cleanup
[2019-06-24T10:20:05.219+0000][1][safepoint    ] Leaving safepoint region
[2019-06-24T10:20:05.219+0000][1][safepoint    ] Total time for which application threads were stopped: 0.0004467 seconds, Stopping threads took: 0.0001927 seconds
[2019-06-24T10:20:06.219+0000][1][safepoint    ] Application time: 1.0002501 seconds
[2019-06-24T10:20:06.219+0000][1][safepoint    ] Entering safepoint region: Cleanup
[2019-06-24T10:20:06.219+0000][1][safepoint    ] Leaving safepoint region
[2019-06-24T10:20:06.220+0000][1][safepoint    ] Total time for which application threads were stopped: 0.0002695 seconds, Stopping threads took: 0.0000631 seconds
[2019-06-24T10:20:07.220+0000][1][safepoint    ] Application time: 1.0002752 seconds
[2019-06-24T10:20:07.220+0000][1][safepoint    ] Entering safepoint region: Cleanup
[2019-06-24T10:20:07.220+0000][1][safepoint    ] Leaving safepoint region
[2019-06-24T10:20:07.220+0000][1][safepoint    ] Total time for which application threads were stopped: 0.0003426 seconds, Stopping threads took: 0.0000924 seconds
[2019-06-24T10:20:08.221+0000][1][safepoint    ] Application time: 1.0002838 seconds
[2019-06-24T10:20:08.221+0000][1][safepoint    ] Entering safepoint region: Cleanup
[2019-06-24T10:20:08.221+0000][1][safepoint    ] Leaving safepoint region
[2019-06-24T10:20:08.221+0000][1][safepoint    ] Total time for which application threads were stopped: 0.0002270 seconds, Stopping threads took: 0.0000362 seconds
[2019-06-24T10:20:08.696+0000][1][safepoint    ] Application time: 0.4753834 seconds
[2019-06-24T10:20:08.696+0000][1][safepoint    ] Entering safepoint region: GenCollectForAllocation
[2019-06-24T10:20:08.697+0000][1][gc,start     ] GC(35) Pause Young (Allocation Failure)
[2019-06-24T10:20:08.697+0000][1][gc,task      ] GC(35) Using 5 workers of 8 for evacuation
[2019-06-24T10:20:08.700+0000][1][gc,age       ] GC(35) Desired survivor size 4456448 bytes, new threshold 6 (max threshold 6)
[2019-06-24T10:20:08.700+0000][1][gc,age       ] GC(35) Age table with threshold 6 (max threshold 6)
[2019-06-24T10:20:08.700+0000][1][gc,age       ] GC(35) - age   1:       5168 bytes,       5168 total
[2019-06-24T10:20:08.700+0000][1][gc,age       ] GC(35) - age   2:       1272 bytes,       6440 total
[2019-06-24T10:20:08.700+0000][1][gc,age       ] GC(35) - age   3:        936 bytes,       7376 total
[2019-06-24T10:20:08.700+0000][1][gc,age       ] GC(35) - age   4:      69584 bytes,      76960 total
[2019-06-24T10:20:08.700+0000][1][gc,age       ] GC(35) - age   5:       1760 bytes,      78720 total
[2019-06-24T10:20:08.700+0000][1][gc,age       ] GC(35) - age   6:        496 bytes,      79216 total
[2019-06-24T10:20:08.700+0000][1][gc,heap      ] GC(35) ParNew: 70174K->155K(78656K)
[2019-06-24T10:20:08.700+0000][1][gc,heap      ] GC(35) CMS: 69469K->69537K(174784K)
[2019-06-24T10:20:08.700+0000][1][gc,metaspace ] GC(35) Metaspace: 68168K->68168K(1112064K)
[2019-06-24T10:20:08.700+0000][1][gc           ] GC(35) Pause Young (Allocation Failure) 136M->68M(247M) 3.350ms
[2019-06-24T10:20:08.700+0000][1][gc,cpu       ] GC(35) User=0.01s Sys=0.00s Real=0.00s
[2019-06-24T10:20:08.700+0000][1][safepoint    ] Leaving safepoint region
[2019-06-24T10:20:08.700+0000][1][safepoint    ] Total time for which application threads were stopped: 0.0038512 seconds, Stopping threads took: 0.0000598 seconds
[2019-06-24T10:20:09.701+0000][1][safepoint    ] Application time: 1.0002797 seconds
[2019-06-24T10:20:09.701+0000][1][safepoint    ] Entering safepoint region: Cleanup
[2019-06-24T10:20:09.701+0000][1][safepoint    ] Leaving safepoint region
[2019-06-24T10:20:09.701+0000][1][safepoint    ] Total time for which application threads were stopped: 0.0003071 seconds, Stopping threads took: 0.0000640 seconds
[2019-06-24T10:20:10.701+0000][1][safepoint    ] Application time: 1.0001303 seconds
[2019-06-24T10:20:10.701+0000][1][safepoint    ] Entering safepoint region: Cleanup
[2019-06-24T10:20:10.701+0000][1][safepoint    ] Leaving safepoint region
[2019-06-24T10:20:10.702+0000][1][safepoint    ] Total time for which application threads were stopped: 0.0002576 seconds, Stopping threads took: 0.0000537 seconds
[2019-06-24T10:20:11.702+0000][1][safepoint    ] Application time: 1.0000954 seconds
[2019-06-24T10:20:11.702+0000][1][safepoint    ] Entering safepoint region: Cleanup
[2019-06-24T10:20:11.702+0000][1][safepoint    ] Leaving safepoint region
[2019-06-24T10:20:11.702+0000][1][safepoint    ] Total time for which application threads were stopped: 0.0000993 seconds, Stopping threads took: 0.0000257 seconds
[2019-06-24T10:20:12.702+0000][1][safepoint    ] Application time: 1.0002567 seconds
[2019-06-24T10:20:12.702+0000][1][safepoint    ] Entering safepoint region: Cleanup
[2019-06-24T10:20:12.702+0000][1][safepoint    ] Leaving safepoint region
[2019-06-24T10:20:12.703+0000][1][safepoint    ] Total time for which application threads were stopped: 0.0003548 seconds, Stopping threads took: 0.0000775 seconds
[2019-06-24T10:20:13.703+0000][1][safepoint    ] Application time: 1.0002312 seconds
[2019-06-24T10:20:13.703+0000][1][safepoint    ] Entering safepoint region: Cleanup
[2019-06-24T10:20:13.703+0000][1][safepoint    ] Leaving safepoint region
[2019-06-24T10:20:13.703+0000][1][safepoint    ] Total time for which application threads were stopped: 0.0002298 seconds, Stopping threads took: 0.0000650 seconds
[2019-06-24T10:20:14.703+0000][1][safepoint    ] Application time: 1.0002701 seconds
[2019-06-24T10:20:14.704+0000][1][safepoint    ] Entering safepoint region: Cleanup
[2019-06-24T10:20:14.704+0000][1][safepoint    ] Leaving safepoint region
[2019-06-24T10:20:14.704+0000][1][safepoint    ] Total time for which application threads were stopped: 0.0003468 seconds, Stopping threads took: 0.0000665 seconds
[2019-06-24T10:20:15.704+0000][1][safepoint    ] Application time: 1.0002892 seconds
[2019-06-24T10:20:15.704+0000][1][safepoint    ] Entering safepoint region: Cleanup
[2019-06-24T10:20:15.705+0000][1][safepoint    ] Leaving safepoint region
[2019-06-24T10:20:15.705+0000][1][safepoint    ] Total time for which application threads were stopped: 0.0004319 seconds, Stopping threads took: 0.0000776 seconds
[2019-06-24T10:20:16.705+0000][1][safepoint    ] Application time: 1.0002815 seconds
[2019-06-24T10:20:16.705+0000][1][safepoint    ] Entering safepoint region: Cleanup
[2019-06-24T10:20:16.705+0000][1][safepoint    ] Leaving safepoint region
[2019-06-24T10:20:16.705+0000][1][safepoint    ] Total time for which application threads were stopped: 0.0002194 seconds, Stopping threads took: 0.0000654 seconds
[2019-06-24T10:20:17.706+0000][1][safepoint    ] Application time: 1.0001613 seconds
[2019-06-24T10:20:17.706+0000][1][safepoint    ] Entering safepoint region: Cleanup
[2019-06-24T10:20:17.706+0000][1][safepoint    ] Leaving safepoint region
[2019-06-24T10:20:17.706+0000][1][safepoint    ] Total time for which application threads were stopped: 0.0001147 seconds, Stopping threads took: 0.0000315 seconds
[2019-06-24T10:20:18.706+0000][1][safepoint    ] Application time: 1.0002560 seconds
[2019-06-24T10:20:18.706+0000][1][safepoint    ] Entering safepoint region: Cleanup
[2019-06-24T10:20:18.707+0000][1][safepoint    ] Leaving safepoint region
[2019-06-24T10:20:18.707+0000][1][safepoint    ] Total time for which application threads were stopped: 0.0004005 seconds, Stopping threads took: 0.0001077 seconds
[2019-06-24T10:20:19.707+0000][1][safepoint    ] Application time: 1.0001028 seconds
[2019-06-24T10:20:19.707+0000][1][safepoint    ] Entering safepoint region: Cleanup
[2019-06-24T10:20:19.707+0000][1][safepoint    ] Leaving safepoint region
[2019-06-24T10:20:19.707+0000][1][safepoint    ] Total time for which application threads were stopped: 0.0001112 seconds, Stopping threads took: 0.0000371 seconds
[2019-06-24T10:20:20.707+0000][1][safepoint    ] Application time: 1.0002564 seconds
[2019-06-24T10:20:20.707+0000][1][safepoint    ] Entering safepoint region: Cleanup
[2019-06-24T10:20:20.708+0000][1][safepoint    ] Leaving safepoint region
[2019-06-24T10:20:20.708+0000][1][safepoint    ] Total time for which application threads were stopped: 0.0002321 seconds, Stopping threads took: 0.0000635 seconds
[2019-06-24T10:20:21.708+0000][1][safepoint    ] Application time: 1.0001502 seconds
[2019-06-24T10:20:21.708+0000][1][safepoint    ] Entering safepoint region: Cleanup
[2019-06-24T10:20:21.708+0000][1][safepoint    ] Leaving safepoint region
[2019-06-24T10:20:21.708+0000][1][safepoint    ] Total time for which application threads were stopped: 0.0001002 seconds, Stopping threads took: 0.0000271 seconds
[2019-06-24T10:20:22.708+0000][1][safepoint    ] Application time: 1.0002427 seconds
[2019-06-24T10:20:22.708+0000][1][safepoint    ] Entering safepoint region: Cleanup
[2019-06-24T10:20:22.708+0000][1][safepoint    ] Leaving safepoint region
[2019-06-24T10:20:22.709+0000][1][safepoint    ] Total time for which application threads were stopped: 0.0002448 seconds, Stopping threads took: 0.0000638 seconds
[2019-06-24T10:20:23.709+0000][1][safepoint    ] Application time: 1.0002256 seconds
[2019-06-24T10:20:23.709+0000][1][safepoint    ] Entering safepoint region: Cleanup
[2019-06-24T10:20:23.709+0000][1][safepoint    ] Leaving safepoint region
[2019-06-24T10:20:23.709+0000][1][safepoint    ] Total time for which application threads were stopped: 0.0002280 seconds, Stopping threads took: 0.0000626 seconds
[2019-06-24T10:20:24.709+0000][1][safepoint    ] Application time: 1.0001906 seconds
[2019-06-24T10:20:24.710+0000][1][safepoint    ] Entering safepoint region: Cleanup
[2019-06-24T10:20:24.710+0000][1][safepoint    ] Leaving safepoint region
[2019-06-24T10:20:24.710+0000][1][safepoint    ] Total time for which application threads were stopped: 0.0002916 seconds, Stopping threads took: 0.0000696 seconds
[2019-06-24T10:20:25.710+0000][1][safepoint    ] Application time: 1.0002407 seconds
[2019-06-24T10:20:25.710+0000][1][safepoint    ] Entering safepoint region: Cleanup
[2019-06-24T10:20:25.710+0000][1][safepoint    ] Leaving safepoint region
[2019-06-24T10:20:25.710+0000][1][safepoint    ] Total time for which application threads were stopped: 0.0002402 seconds, Stopping threads took: 0.0000666 seconds
[2019-06-24T10:20:26.711+0000][1][safepoint    ] Application time: 1.0000956 seconds
[2019-06-24T10:20:26.711+0000][1][safepoint    ] Entering safepoint region: Cleanup
[2019-06-24T10:20:26.711+0000][1][safepoint    ] Leaving safepoint region
[2019-06-24T10:20:26.711+0000][1][safepoint    ] Total time for which application threads were stopped: 0.0000982 seconds, Stopping threads took: 0.0000260 seconds
[2019-06-24T10:20:27.711+0000][1][safepoint    ] Application time: 1.0001279 seconds
[2019-06-24T10:20:27.711+0000][1][safepoint    ] Entering safepoint region: Cleanup
[2019-06-24T10:20:27.711+0000][1][safepoint    ] Leaving safepoint region
[2019-06-24T10:20:27.711+0000][1][safepoint    ] Total time for which application threads were stopped: 0.0002368 seconds, Stopping threads took: 0.0000646 seconds
[2019-06-24T10:20:28.711+0000][1][safepoint    ] Application time: 1.0002534 seconds
[2019-06-24T10:20:28.711+0000][1][safepoint    ] Entering safepoint region: Cleanup
[2019-06-24T10:20:28.712+0000][1][safepoint    ] Leaving safepoint region
[2019-06-24T10:20:28.712+0000][1][safepoint    ] Total time for which application threads were stopped: 0.0001101 seconds, Stopping threads took: 0.0000302 seconds
[2019-06-24T10:20:29.712+0000][1][safepoint    ] Application time: 1.0001789 seconds
[2019-06-24T10:20:29.712+0000][1][safepoint    ] Entering safepoint region: Cleanup
[2019-06-24T10:20:29.712+0000][1][safepoint    ] Leaving safepoint region
[2019-06-24T10:20:29.712+0000][1][safepoint    ] Total time for which application threads were stopped: 0.0002375 seconds, Stopping threads took: 0.0000908 seconds
[2019-06-24T10:20:30.712+0000][1][safepoint    ] Application time: 1.0002617 seconds
[2019-06-24T10:20:30.713+0000][1][safepoint    ] Entering safepoint region: Cleanup
[2019-06-24T10:20:30.713+0000][1][safepoint    ] Leaving safepoint region
[2019-06-24T10:20:30.713+0000][1][safepoint    ] Total time for which application threads were stopped: 0.0002319 seconds, Stopping threads took: 0.0000624 seconds
[2019-06-24T10:20:31.713+0000][1][safepoint    ] Application time: 1.0001797 seconds
[2019-06-24T10:20:31.713+0000][1][safepoint    ] Entering safepoint region: Cleanup
[2019-06-24T10:20:31.713+0000][1][safepoint    ] Leaving safepoint region
[2019-06-24T10:20:31.713+0000][1][safepoint    ] Total time for which application threads were stopped: 0.0002173 seconds, Stopping threads took: 0.0000586 seconds
[2019-06-24T10:20:32.714+0000][1][safepoint    ] Application time: 1.0002256 seconds
[2019-06-24T10:20:32.714+0000][1][safepoint    ] Entering safepoint region: Cleanup
[2019-06-24T10:20:32.714+0000][1][safepoint    ] Leaving safepoint region
[2019-06-24T10:20:32.714+0000][1][safepoint    ] Total time for which application threads were stopped: 0.0005234 seconds, Stopping threads took: 0.0001207 seconds
[2019-06-24T10:20:33.715+0000][1][safepoint    ] Application time: 1.0003062 seconds
[2019-06-24T10:20:33.715+0000][1][safepoint    ] Entering safepoint region: Cleanup
[2019-06-24T10:20:33.715+0000][1][safepoint    ] Leaving safepoint region
[2019-06-24T10:20:33.715+0000][1][safepoint    ] Total time for which application threads were stopped: 0.0002154 seconds, Stopping threads took: 0.0000726 seconds
[2019-06-24T10:20:34.715+0000][1][safepoint    ] Application time: 1.0002377 seconds
[2019-06-24T10:20:34.715+0000][1][safepoint    ] Entering safepoint region: Cleanup
[2019-06-24T10:20:34.716+0000][1][safepoint    ] Leaving safepoint region
[2019-06-24T10:20:34.716+0000][1][safepoint    ] Total time for which application threads were stopped: 0.0002934 seconds, Stopping threads took: 0.0000645 seconds
[2019-06-24T10:20:35.716+0000][1][safepoint    ] Application time: 1.0001234 seconds
[2019-06-24T10:20:35.716+0000][1][safepoint    ] Entering safepoint region: Cleanup
[2019-06-24T10:20:35.716+0000][1][safepoint    ] Leaving safepoint region
[2019-06-24T10:20:35.716+0000][1][safepoint    ] Total time for which application threads were stopped: 0.0001150 seconds, Stopping threads took: 0.0000373 seconds
[2019-06-24T10:20:36.716+0000][1][safepoint    ] Application time: 1.0002036 seconds
[2019-06-24T10:20:36.716+0000][1][safepoint    ] Entering safepoint region: Cleanup
[2019-06-24T10:20:36.716+0000][1][safepoint    ] Leaving safepoint region
[2019-06-24T10:20:36.716+0000][1][safepoint    ] Total time for which application threads were stopped: 0.0002328 seconds, Stopping threads took: 0.0000621 seconds
[2019-06-24T10:20:37.717+0000][1][safepoint    ] Application time: 1.0002620 seconds
[2019-06-24T10:20:37.717+0000][1][safepoint    ] Entering safepoint region: Cleanup
[2019-06-24T10:20:37.717+0000][1][safepoint    ] Leaving safepoint region
[2019-06-24T10:20:37.717+0000][1][safepoint    ] Total time for which application threads were stopped: 0.0002366 seconds, Stopping threads took: 0.0000641 seconds
[2019-06-24T10:20:39.230+0000][1][safepoint    ] Application time: 1.5127732 seconds
[2019-06-24T10:20:39.230+0000][1][safepoint    ] Entering safepoint region: Cleanup
[2019-06-24T10:20:39.230+0000][1][safepoint    ] Leaving safepoint region
[2019-06-24T10:20:39.230+0000][1][safepoint    ] Total time for which application threads were stopped: 0.0003015 seconds, Stopping threads took: 0.0001350 seconds
[2019-06-24T10:20:40.231+0000][1][safepoint    ] Application time: 1.0002438 seconds
[2019-06-24T10:20:40.231+0000][1][safepoint    ] Entering safepoint region: Cleanup
[2019-06-24T10:20:40.231+0000][1][safepoint    ] Leaving safepoint region
[2019-06-24T10:20:40.231+0000][1][safepoint    ] Total time for which application threads were stopped: 0.0002256 seconds, Stopping threads took: 0.0000605 seconds
[2019-06-24T10:20:41.231+0000][1][safepoint    ] Application time: 1.0002622 seconds
[2019-06-24T10:20:41.231+0000][1][safepoint    ] Entering safepoint region: Cleanup
[2019-06-24T10:20:41.231+0000][1][safepoint    ] Leaving safepoint region
[2019-06-24T10:20:41.231+0000][1][safepoint    ] Total time for which application threads were stopped: 0.0001007 seconds, Stopping threads took: 0.0000264 seconds
[2019-06-24T10:20:42.232+0000][1][safepoint    ] Application time: 1.0001529 seconds
[2019-06-24T10:20:42.232+0000][1][safepoint    ] Entering safepoint region: Cleanup
[2019-06-24T10:20:42.232+0000][1][safepoint    ] Leaving safepoint region
[2019-06-24T10:20:42.232+0000][1][safepoint    ] Total time for which application threads were stopped: 0.0003597 seconds, Stopping threads took: 0.0001871 seconds
[2019-06-24T10:20:43.232+0000][1][safepoint    ] Application time: 1.0002381 seconds
[2019-06-24T10:20:43.233+0000][1][safepoint    ] Entering safepoint region: Cleanup
[2019-06-24T10:20:43.233+0000][1][safepoint    ] Leaving safepoint region
[2019-06-24T10:20:43.233+0000][1][safepoint    ] Total time for which application threads were stopped: 0.0006915 seconds, Stopping threads took: 0.0004435 seconds
[2019-06-24T10:20:44.234+0000][1][safepoint    ] Application time: 1.0002594 seconds
[2019-06-24T10:20:44.234+0000][1][safepoint    ] Entering safepoint region: Cleanup
[2019-06-24T10:20:44.234+0000][1][safepoint    ] Leaving safepoint region
[2019-06-24T10:20:44.234+0000][1][safepoint    ] Total time for which application threads were stopped: 0.0003455 seconds, Stopping threads took: 0.0001228 seconds
[2019-06-24T10:20:45.234+0000][1][safepoint    ] Application time: 1.0002701 seconds
[2019-06-24T10:20:45.235+0000][1][safepoint    ] Entering safepoint region: Cleanup
[2019-06-24T10:20:45.235+0000][1][safepoint    ] Leaving safepoint region
[2019-06-24T10:20:45.235+0000][1][safepoint    ] Total time for which application threads were stopped: 0.0004321 seconds, Stopping threads took: 0.0002234 seconds
[2019-06-24T10:20:46.235+0000][1][safepoint    ] Application time: 1.0002651 seconds
[2019-06-24T10:20:46.235+0000][1][safepoint    ] Entering safepoint region: Cleanup
[2019-06-24T10:20:46.235+0000][1][safepoint    ] Leaving safepoint region
[2019-06-24T10:20:46.235+0000][1][safepoint    ] Total time for which application threads were stopped: 0.0001013 seconds, Stopping threads took: 0.0000321 seconds
[2019-06-24T10:20:47.236+0000][1][safepoint    ] Application time: 1.0002136 seconds
[2019-06-24T10:20:47.236+0000][1][safepoint    ] Entering safepoint region: Cleanup
[2019-06-24T10:20:47.236+0000][1][safepoint    ] Leaving safepoint region
[2019-06-24T10:20:47.236+0000][1][safepoint    ] Total time for which application threads were stopped: 0.0003178 seconds, Stopping threads took: 0.0001010 seconds
[2019-06-24T10:20:48.236+0000][1][safepoint    ] Application time: 1.0002764 seconds
[2019-06-24T10:20:48.237+0000][1][safepoint    ] Entering safepoint region: Cleanup
[2019-06-24T10:20:48.237+0000][1][safepoint    ] Leaving safepoint region
[2019-06-24T10:20:48.237+0000][1][safepoint    ] Total time for which application threads were stopped: 0.0002284 seconds, Stopping threads took: 0.0000634 seconds
[2019-06-24T10:20:49.237+0000][1][safepoint    ] Application time: 1.0002597 seconds
[2019-06-24T10:20:49.237+0000][1][safepoint    ] Entering safepoint region: Cleanup
[2019-06-24T10:20:49.237+0000][1][safepoint    ] Leaving safepoint region
[2019-06-24T10:20:49.237+0000][1][safepoint    ] Total time for which application threads were stopped: 0.0001212 seconds, Stopping threads took: 0.0000377 seconds
[2019-06-24T10:20:50.237+0000][1][safepoint    ] Application time: 1.0001273 seconds
[2019-06-24T10:20:50.238+0000][1][safepoint    ] Entering safepoint region: Cleanup
[2019-06-24T10:20:50.238+0000][1][safepoint    ] Leaving safepoint region
[2019-06-24T10:20:50.238+0000][1][safepoint    ] Total time for which application threads were stopped: 0.0001839 seconds, Stopping threads took: 0.0000511 seconds
[2019-06-24T10:20:51.238+0000][1][safepoint    ] Application time: 1.0001523 seconds
[2019-06-24T10:20:51.238+0000][1][safepoint    ] Entering safepoint region: Cleanup
[2019-06-24T10:20:51.238+0000][1][safepoint    ] Leaving safepoint region
[2019-06-24T10:20:51.238+0000][1][safepoint    ] Total time for which application threads were stopped: 0.0001060 seconds, Stopping threads took: 0.0000297 seconds
[2019-06-24T10:20:52.238+0000][1][safepoint    ] Application time: 1.0002633 seconds
[2019-06-24T10:20:52.239+0000][1][safepoint    ] Entering safepoint region: Cleanup
[2019-06-24T10:20:52.239+0000][1][safepoint    ] Leaving safepoint region
[2019-06-24T10:20:52.239+0000][1][safepoint    ] Total time for which application threads were stopped: 0.0003582 seconds, Stopping threads took: 0.0001802 seconds
[2019-06-24T10:20:53.239+0000][1][safepoint    ] Application time: 1.0001941 seconds
[2019-06-24T10:20:53.239+0000][1][safepoint    ] Entering safepoint region: Cleanup
[2019-06-24T10:20:53.240+0000][1][safepoint    ] Leaving safepoint region
[2019-06-24T10:20:53.240+0000][1][safepoint    ] Total time for which application threads were stopped: 0.0003361 seconds, Stopping threads took: 0.0001267 seconds
[2019-06-24T10:20:54.240+0000][1][safepoint    ] Application time: 1.0002720 seconds
[2019-06-24T10:20:54.240+0000][1][safepoint    ] Entering safepoint region: Cleanup
[2019-06-24T10:20:54.240+0000][1][safepoint    ] Leaving safepoint region
[2019-06-24T10:20:54.240+0000][1][safepoint    ] Total time for which application threads were stopped: 0.0002310 seconds, Stopping threads took: 0.0000659 seconds
[2019-06-24T10:20:55.241+0000][1][safepoint    ] Application time: 1.0002695 seconds
[2019-06-24T10:20:55.241+0000][1][safepoint    ] Entering safepoint region: Cleanup
[2019-06-24T10:20:55.241+0000][1][safepoint    ] Leaving safepoint region
[2019-06-24T10:20:55.241+0000][1][safepoint    ] Total time for which application threads were stopped: 0.0002360 seconds, Stopping threads took: 0.0000690 seconds
[2019-06-24T10:20:56.241+0000][1][safepoint    ] Application time: 1.0002661 seconds
[2019-06-24T10:20:56.241+0000][1][safepoint    ] Entering safepoint region: Cleanup
[2019-06-24T10:20:56.241+0000][1][safepoint    ] Leaving safepoint region
[2019-06-24T10:20:56.241+0000][1][safepoint    ] Total time for which application threads were stopped: 0.0002302 seconds, Stopping threads took: 0.0000656 seconds
[2019-06-24T10:20:57.242+0000][1][safepoint    ] Application time: 1.0001959 seconds
[2019-06-24T10:20:57.242+0000][1][safepoint    ] Entering safepoint region: Cleanup
[2019-06-24T10:20:57.242+0000][1][safepoint    ] Leaving safepoint region
[2019-06-24T10:20:57.242+0000][1][safepoint    ] Total time for which application threads were stopped: 0.0002271 seconds, Stopping threads took: 0.0000642 seconds
[2019-06-24T10:20:58.242+0000][1][safepoint    ] Application time: 1.0002550 seconds
[2019-06-24T10:20:58.243+0000][1][safepoint    ] Entering safepoint region: Cleanup
[2019-06-24T10:20:58.243+0000][1][safepoint    ] Leaving safepoint region
[2019-06-24T10:20:58.243+0000][1][safepoint    ] Total time for which application threads were stopped: 0.0002481 seconds, Stopping threads took: 0.0000873 seconds
[2019-06-24T10:20:59.255+0000][1][safepoint    ] Application time: 1.0119474 seconds
[2019-06-24T10:20:59.255+0000][1][safepoint    ] Entering safepoint region: Cleanup
[2019-06-24T10:20:59.255+0000][1][safepoint    ] Leaving safepoint region
[2019-06-24T10:20:59.255+0000][1][safepoint    ] Total time for which application threads were stopped: 0.0003532 seconds, Stopping threads took: 0.0001488 seconds
[2019-06-24T10:21:00.256+0000][1][safepoint    ] Application time: 1.0002411 seconds
[2019-06-24T10:21:00.256+0000][1][safepoint    ] Entering safepoint region: Cleanup
[2019-06-24T10:21:00.256+0000][1][safepoint    ] Leaving safepoint region
[2019-06-24T10:21:00.256+0000][1][safepoint    ] Total time for which application threads were stopped: 0.0001466 seconds, Stopping threads took: 0.0000534 seconds
[2019-06-24T10:21:01.256+0000][1][safepoint    ] Application time: 1.0001776 seconds
[2019-06-24T10:21:01.256+0000][1][safepoint    ] Entering safepoint region: Cleanup
[2019-06-24T10:21:01.256+0000][1][safepoint    ] Leaving safepoint region
[2019-06-24T10:21:01.256+0000][1][safepoint    ] Total time for which application threads were stopped: 0.0002225 seconds, Stopping threads took: 0.0000630 seconds
[2019-06-24T10:21:02.256+0000][1][safepoint    ] Application time: 1.0001681 seconds
[2019-06-24T10:21:02.257+0000][1][safepoint    ] Entering safepoint region: Cleanup
[2019-06-24T10:21:02.257+0000][1][safepoint    ] Leaving safepoint region
[2019-06-24T10:21:02.257+0000][1][safepoint    ] Total time for which application threads were stopped: 0.0000947 seconds, Stopping threads took: 0.0000355 seconds
[2019-06-24T10:21:03.257+0000][1][safepoint    ] Application time: 1.0001646 seconds
[2019-06-24T10:21:03.257+0000][1][safepoint    ] Entering safepoint region: Cleanup
[2019-06-24T10:21:03.257+0000][1][safepoint    ] Leaving safepoint region
[2019-06-24T10:21:03.257+0000][1][safepoint    ] Total time for which application threads were stopped: 0.0002562 seconds, Stopping threads took: 0.0000962 seconds
[2019-06-24T10:21:04.257+0000][1][safepoint    ] Application time: 1.0002671 seconds
[2019-06-24T10:21:04.258+0000][1][safepoint    ] Entering safepoint region: Cleanup
[2019-06-24T10:21:04.258+0000][1][safepoint    ] Leaving safepoint region
[2019-06-24T10:21:04.258+0000][1][safepoint    ] Total time for which application threads were stopped: 0.0002300 seconds, Stopping threads took: 0.0000649 seconds
[2019-06-24T10:21:05.258+0000][1][safepoint    ] Application time: 1.0002667 seconds
[2019-06-24T10:21:05.258+0000][1][safepoint    ] Entering safepoint region: Cleanup
[2019-06-24T10:21:05.258+0000][1][safepoint    ] Leaving safepoint region
[2019-06-24T10:21:05.259+0000][1][safepoint    ] Total time for which application threads were stopped: 0.0003118 seconds, Stopping threads took: 0.0000637 seconds
[2019-06-24T10:21:06.259+0000][1][safepoint    ] Application time: 1.0001163 seconds
[2019-06-24T10:21:06.259+0000][1][safepoint    ] Entering safepoint region: Cleanup
[2019-06-24T10:21:06.259+0000][1][safepoint    ] Leaving safepoint region
[2019-06-24T10:21:06.259+0000][1][safepoint    ] Total time for which application threads were stopped: 0.0001154 seconds, Stopping threads took: 0.0000337 seconds
[2019-06-24T10:21:07.259+0000][1][safepoint    ] Application time: 1.0002778 seconds
[2019-06-24T10:21:07.259+0000][1][safepoint    ] Entering safepoint region: Cleanup
[2019-06-24T10:21:07.259+0000][1][safepoint    ] Leaving safepoint region
[2019-06-24T10:21:07.260+0000][1][safepoint    ] Total time for which application threads were stopped: 0.0002279 seconds, Stopping threads took: 0.0000632 seconds
[2019-06-24T10:21:08.260+0000][1][safepoint    ] Application time: 1.0002624 seconds
[2019-06-24T10:21:08.260+0000][1][safepoint    ] Entering safepoint region: Cleanup
[2019-06-24T10:21:08.260+0000][1][safepoint    ] Leaving safepoint region
[2019-06-24T10:21:08.260+0000][1][safepoint    ] Total time for which application threads were stopped: 0.0002302 seconds, Stopping threads took: 0.0000650 seconds
[2019-06-24T10:21:09.260+0000][1][safepoint    ] Application time: 1.0002934 seconds
[2019-06-24T10:21:09.261+0000][1][safepoint    ] Entering safepoint region: Cleanup
[2019-06-24T10:21:09.261+0000][1][safepoint    ] Leaving safepoint region
[2019-06-24T10:21:09.261+0000][1][safepoint    ] Total time for which application threads were stopped: 0.0002615 seconds, Stopping threads took: 0.0000742 seconds
[2019-06-24T10:21:10.261+0000][1][safepoint    ] Application time: 1.0001965 seconds
[2019-06-24T10:21:10.261+0000][1][safepoint    ] Entering safepoint region: Cleanup
[2019-06-24T10:21:10.261+0000][1][safepoint    ] Leaving safepoint region
[2019-06-24T10:21:10.262+0000][1][safepoint    ] Total time for which application threads were stopped: 0.0002964 seconds, Stopping threads took: 0.0000778 seconds
[2019-06-24T10:21:11.262+0000][1][safepoint    ] Application time: 1.0001978 seconds
[2019-06-24T10:21:11.262+0000][1][safepoint    ] Entering safepoint region: Cleanup
[2019-06-24T10:21:11.262+0000][1][safepoint    ] Leaving safepoint region
[2019-06-24T10:21:11.262+0000][1][safepoint    ] Total time for which application threads were stopped: 0.0003325 seconds, Stopping threads took: 0.0000866 seconds
[2019-06-24T10:21:12.263+0000][1][safepoint    ] Application time: 1.0001363 seconds
[2019-06-24T10:21:12.263+0000][1][safepoint    ] Entering safepoint region: Cleanup
[2019-06-24T10:21:12.263+0000][1][safepoint    ] Leaving safepoint region
[2019-06-24T10:21:12.263+0000][1][safepoint    ] Total time for which application threads were stopped: 0.0003076 seconds, Stopping threads took: 0.0000794 seconds
[2019-06-24T10:21:13.263+0000][1][safepoint    ] Application time: 1.0001591 seconds
[2019-06-24T10:21:13.263+0000][1][safepoint    ] Entering safepoint region: Cleanup
[2019-06-24T10:21:13.264+0000][1][safepoint    ] Leaving safepoint region
[2019-06-24T10:21:13.264+0000][1][safepoint    ] Total time for which application threads were stopped: 0.0003367 seconds, Stopping threads took: 0.0000948 seconds
[2019-06-24T10:21:14.264+0000][1][safepoint    ] Application time: 1.0001968 seconds
[2019-06-24T10:21:14.264+0000][1][safepoint    ] Entering safepoint region: Cleanup
[2019-06-24T10:21:14.264+0000][1][safepoint    ] Leaving safepoint region
[2019-06-24T10:21:14.264+0000][1][safepoint    ] Total time for which application threads were stopped: 0.0002298 seconds, Stopping threads took: 0.0000647 seconds
[2019-06-24T10:21:15.281+0000][1][safepoint    ] Application time: 1.0168601 seconds
[2019-06-24T10:21:15.281+0000][1][safepoint    ] Entering safepoint region: Cleanup
[2019-06-24T10:21:15.281+0000][1][safepoint    ] Leaving safepoint region
[2019-06-24T10:21:15.281+0000][1][safepoint    ] Total time for which application threads were stopped: 0.0002659 seconds, Stopping threads took: 0.0000887 seconds
[2019-06-24T10:21:16.282+0000][1][safepoint    ] Application time: 1.0002606 seconds
[2019-06-24T10:21:16.282+0000][1][safepoint    ] Entering safepoint region: Cleanup
[2019-06-24T10:21:16.282+0000][1][safepoint    ] Leaving safepoint region
[2019-06-24T10:21:16.282+0000][1][safepoint    ] Total time for which application threads were stopped: 0.0000877 seconds, Stopping threads took: 0.0000247 seconds
[2019-06-24T10:21:17.282+0000][1][safepoint    ] Application time: 1.0002451 seconds
[2019-06-24T10:21:17.282+0000][1][safepoint    ] Entering safepoint region: Cleanup
[2019-06-24T10:21:17.283+0000][1][safepoint    ] Leaving safepoint region
[2019-06-24T10:21:17.283+0000][1][safepoint    ] Total time for which application threads were stopped: 0.0003652 seconds, Stopping threads took: 0.0000749 seconds
[2019-06-24T10:21:18.283+0000][1][safepoint    ] Application time: 1.0001608 seconds
[2019-06-24T10:21:18.283+0000][1][safepoint    ] Entering safepoint region: Cleanup
[2019-06-24T10:21:18.283+0000][1][safepoint    ] Leaving safepoint region
[2019-06-24T10:21:18.283+0000][1][safepoint    ] Total time for which application threads were stopped: 0.0002679 seconds, Stopping threads took: 0.0000764 seconds
[2019-06-24T10:21:19.284+0000][1][safepoint    ] Application time: 1.0002459 seconds
[2019-06-24T10:21:19.284+0000][1][safepoint    ] Entering safepoint region: Cleanup
[2019-06-24T10:21:19.284+0000][1][safepoint    ] Leaving safepoint region
[2019-06-24T10:21:19.284+0000][1][safepoint    ] Total time for which application threads were stopped: 0.0000894 seconds, Stopping threads took: 0.0000245 seconds
[2019-06-24T10:21:20.284+0000][1][safepoint    ] Application time: 1.0002488 seconds
[2019-06-24T10:21:20.284+0000][1][safepoint    ] Entering safepoint region: Cleanup
[2019-06-24T10:21:20.284+0000][1][safepoint    ] Leaving safepoint region
[2019-06-24T10:21:20.284+0000][1][safepoint    ] Total time for which application threads were stopped: 0.0002656 seconds, Stopping threads took: 0.0000759 seconds
[2019-06-24T10:21:21.285+0000][1][safepoint    ] Application time: 1.0002692 seconds
[2019-06-24T10:21:21.285+0000][1][safepoint    ] Entering safepoint region: Cleanup
[2019-06-24T10:21:21.285+0000][1][safepoint    ] Leaving safepoint region
[2019-06-24T10:21:21.285+0000][1][safepoint    ] Total time for which application threads were stopped: 0.0002300 seconds, Stopping threads took: 0.0000647 seconds
[2019-06-24T10:21:22.285+0000][1][safepoint    ] Application time: 1.0000997 seconds
[2019-06-24T10:21:22.285+0000][1][safepoint    ] Entering safepoint region: Cleanup
[2019-06-24T10:21:22.285+0000][1][safepoint    ] Leaving safepoint region
[2019-06-24T10:21:22.285+0000][1][safepoint    ] Total time for which application threads were stopped: 0.0000932 seconds, Stopping threads took: 0.0000296 seconds
[2019-06-24T10:21:23.286+0000][1][safepoint    ] Application time: 1.0002518 seconds
[2019-06-24T10:21:23.286+0000][1][safepoint    ] Entering safepoint region: Cleanup
[2019-06-24T10:21:23.286+0000][1][safepoint    ] Leaving safepoint region
[2019-06-24T10:21:23.286+0000][1][safepoint    ] Total time for which application threads were stopped: 0.0006334 seconds, Stopping threads took: 0.0003284 seconds
[2019-06-24T10:21:24.287+0000][1][safepoint    ] Application time: 1.0003771 seconds
[2019-06-24T10:21:24.287+0000][1][safepoint    ] Entering safepoint region: Cleanup
[2019-06-24T10:21:24.287+0000][1][safepoint    ] Leaving safepoint region
[2019-06-24T10:21:24.287+0000][1][safepoint    ] Total time for which application threads were stopped: 0.0003723 seconds, Stopping threads took: 0.0001118 seconds
[2019-06-24T10:21:25.288+0000][1][safepoint    ] Application time: 1.0002800 seconds
[2019-06-24T10:21:25.288+0000][1][safepoint    ] Entering safepoint region: Cleanup
[2019-06-24T10:21:25.288+0000][1][safepoint    ] Leaving safepoint region
[2019-06-24T10:21:25.288+0000][1][safepoint    ] Total time for which application threads were stopped: 0.0002592 seconds, Stopping threads took: 0.0000755 seconds
[2019-06-24T10:21:26.288+0000][1][safepoint    ] Application time: 1.0003017 seconds
[2019-06-24T10:21:26.288+0000][1][safepoint    ] Entering safepoint region: Cleanup
[2019-06-24T10:21:26.288+0000][1][safepoint    ] Leaving safepoint region
[2019-06-24T10:21:26.288+0000][1][safepoint    ] Total time for which application threads were stopped: 0.0000890 seconds, Stopping threads took: 0.0000249 seconds
[2019-06-24T10:21:27.289+0000][1][safepoint    ] Application time: 1.0002469 seconds
[2019-06-24T10:21:27.289+0000][1][safepoint    ] Entering safepoint region: Cleanup
[2019-06-24T10:21:27.289+0000][1][safepoint    ] Leaving safepoint region
[2019-06-24T10:21:27.289+0000][1][safepoint    ] Total time for which application threads were stopped: 0.0001037 seconds, Stopping threads took: 0.0000290 seconds
[2019-06-24T10:21:28.289+0000][1][safepoint    ] Application time: 1.0002555 seconds
[2019-06-24T10:21:28.289+0000][1][safepoint    ] Entering safepoint region: Cleanup
[2019-06-24T10:21:28.289+0000][1][safepoint    ] Leaving safepoint region
[2019-06-24T10:21:28.289+0000][1][safepoint    ] Total time for which application threads were stopped: 0.0002295 seconds, Stopping threads took: 0.0000639 seconds
[2019-06-24T10:21:29.290+0000][1][safepoint    ] Application time: 1.0001427 seconds
[2019-06-24T10:21:29.290+0000][1][safepoint    ] Entering safepoint region: Cleanup
[2019-06-24T10:21:29.290+0000][1][safepoint    ] Leaving safepoint region
[2019-06-24T10:21:29.290+0000][1][safepoint    ] Total time for which application threads were stopped: 0.0002357 seconds, Stopping threads took: 0.0000772 seconds
[2019-06-24T10:21:30.290+0000][1][safepoint    ] Application time: 1.0002596 seconds
[2019-06-24T10:21:30.290+0000][1][safepoint    ] Entering safepoint region: Cleanup
[2019-06-24T10:21:30.291+0000][1][safepoint    ] Leaving safepoint region
[2019-06-24T10:21:30.291+0000][1][safepoint    ] Total time for which application threads were stopped: 0.0003216 seconds, Stopping threads took: 0.0001339 seconds
[2019-06-24T10:21:31.291+0000][1][safepoint    ] Application time: 1.0001062 seconds
[2019-06-24T10:21:31.291+0000][1][safepoint    ] Entering safepoint region: Cleanup
[2019-06-24T10:21:31.291+0000][1][safepoint    ] Leaving safepoint region
[2019-06-24T10:21:31.291+0000][1][safepoint    ] Total time for which application threads were stopped: 0.0000880 seconds, Stopping threads took: 0.0000252 seconds
[2019-06-24T10:21:32.291+0000][1][safepoint    ] Application time: 1.0002495 seconds
[2019-06-24T10:21:32.291+0000][1][safepoint    ] Entering safepoint region: Cleanup
[2019-06-24T10:21:32.292+0000][1][safepoint    ] Leaving safepoint region
[2019-06-24T10:21:32.292+0000][1][safepoint    ] Total time for which application threads were stopped: 0.0002588 seconds, Stopping threads took: 0.0000730 seconds
[2019-06-24T10:21:33.292+0000][1][safepoint    ] Application time: 1.0002606 seconds
[2019-06-24T10:21:33.292+0000][1][safepoint    ] Entering safepoint region: Cleanup
[2019-06-24T10:21:33.292+0000][1][safepoint    ] Leaving safepoint region
[2019-06-24T10:21:33.292+0000][1][safepoint    ] Total time for which application threads were stopped: 0.0002265 seconds, Stopping threads took: 0.0000635 seconds
[2019-06-24T10:21:34.293+0000][1][safepoint    ] Application time: 1.0002605 seconds
[2019-06-24T10:21:34.293+0000][1][safepoint    ] Entering safepoint region: Cleanup
[2019-06-24T10:21:34.293+0000][1][safepoint    ] Leaving safepoint region
[2019-06-24T10:21:34.293+0000][1][safepoint    ] Total time for which application threads were stopped: 0.0002253 seconds, Stopping threads took: 0.0000637 seconds
[2019-06-24T10:21:35.293+0000][1][safepoint    ] Application time: 1.0001460 seconds
[2019-06-24T10:21:35.293+0000][1][safepoint    ] Entering safepoint region: Cleanup
[2019-06-24T10:21:35.293+0000][1][safepoint    ] Leaving safepoint region
[2019-06-24T10:21:35.293+0000][1][safepoint    ] Total time for which application threads were stopped: 0.0000874 seconds, Stopping threads took: 0.0000217 seconds
[2019-06-24T10:21:36.293+0000][1][safepoint    ] Application time: 1.0001803 seconds
[2019-06-24T10:21:36.294+0000][1][safepoint    ] Entering safepoint region: Cleanup
[2019-06-24T10:21:36.294+0000][1][safepoint    ] Leaving safepoint region
[2019-06-24T10:21:36.294+0000][1][safepoint    ] Total time for which application threads were stopped: 0.0002357 seconds, Stopping threads took: 0.0000644 seconds
[2019-06-24T10:21:37.294+0000][1][safepoint    ] Application time: 1.0002594 seconds
[2019-06-24T10:21:37.294+0000][1][safepoint    ] Entering safepoint region: Cleanup
[2019-06-24T10:21:37.294+0000][1][safepoint    ] Leaving safepoint region
[2019-06-24T10:21:37.294+0000][1][safepoint    ] Total time for which application threads were stopped: 0.0002642 seconds, Stopping threads took: 0.0000756 seconds
[2019-06-24T10:21:38.295+0000][1][safepoint    ] Application time: 1.0001424 seconds
[2019-06-24T10:21:38.295+0000][1][safepoint    ] Entering safepoint region: Cleanup
[2019-06-24T10:21:38.295+0000][1][safepoint    ] Leaving safepoint region
[2019-06-24T10:21:38.295+0000][1][safepoint    ] Total time for which application threads were stopped: 0.0001451 seconds, Stopping threads took: 0.0000412 seconds
[2019-06-24T10:21:39.295+0000][1][safepoint    ] Application time: 1.0002252 seconds
[2019-06-24T10:21:39.295+0000][1][safepoint    ] Entering safepoint region: Cleanup
[2019-06-24T10:21:39.296+0000][1][safepoint    ] Leaving safepoint region
[2019-06-24T10:21:39.296+0000][1][safepoint    ] Total time for which application threads were stopped: 0.0002768 seconds, Stopping threads took: 0.0000769 seconds
[2019-06-24T10:21:40.296+0000][1][safepoint    ] Application time: 1.0002704 seconds
[2019-06-24T10:21:40.296+0000][1][safepoint    ] Entering safepoint region: Cleanup
[2019-06-24T10:21:40.296+0000][1][safepoint    ] Leaving safepoint region
[2019-06-24T10:21:40.296+0000][1][safepoint    ] Total time for which application threads were stopped: 0.0002412 seconds, Stopping threads took: 0.0000664 seconds
[2019-06-24T10:21:41.297+0000][1][safepoint    ] Application time: 1.0002015 seconds
[2019-06-24T10:21:41.297+0000][1][safepoint    ] Entering safepoint region: Cleanup
[2019-06-24T10:21:41.297+0000][1][safepoint    ] Leaving safepoint region
[2019-06-24T10:21:41.297+0000][1][safepoint    ] Total time for which application threads were stopped: 0.0002265 seconds, Stopping threads took: 0.0000643 seconds
[2019-06-24T10:21:42.297+0000][1][safepoint    ] Application time: 1.0001360 seconds
[2019-06-24T10:21:42.297+0000][1][safepoint    ] Entering safepoint region: Cleanup
[2019-06-24T10:21:42.297+0000][1][safepoint    ] Leaving safepoint region
[2019-06-24T10:21:42.297+0000][1][safepoint    ] Total time for which application threads were stopped: 0.0002277 seconds, Stopping threads took: 0.0000657 seconds
[2019-06-24T10:21:43.298+0000][1][safepoint    ] Application time: 1.0002321 seconds
[2019-06-24T10:21:43.298+0000][1][safepoint    ] Entering safepoint region: Cleanup
[2019-06-24T10:21:43.298+0000][1][safepoint    ] Leaving safepoint region
[2019-06-24T10:21:43.298+0000][1][safepoint    ] Total time for which application threads were stopped: 0.0002283 seconds, Stopping threads took: 0.0000645 seconds
[2019-06-24T10:21:44.298+0000][1][safepoint    ] Application time: 1.0001449 seconds
[2019-06-24T10:21:44.298+0000][1][safepoint    ] Entering safepoint region: Cleanup
[2019-06-24T10:21:44.298+0000][1][safepoint    ] Leaving safepoint region
[2019-06-24T10:21:44.298+0000][1][safepoint    ] Total time for which application threads were stopped: 0.0000995 seconds, Stopping threads took: 0.0000267 seconds
[2019-06-24T10:21:45.298+0000][1][safepoint    ] Application time: 1.0001414 seconds
[2019-06-24T10:21:45.299+0000][1][safepoint    ] Entering safepoint region: Cleanup
[2019-06-24T10:21:45.299+0000][1][safepoint    ] Leaving safepoint region
[2019-06-24T10:21:45.299+0000][1][safepoint    ] Total time for which application threads were stopped: 0.0001357 seconds, Stopping threads took: 0.0000419 seconds
[2019-06-24T10:21:46.299+0000][1][safepoint    ] Application time: 1.0002025 seconds
[2019-06-24T10:21:46.299+0000][1][safepoint    ] Entering safepoint region: Cleanup
[2019-06-24T10:21:46.299+0000][1][safepoint    ] Leaving safepoint region
[2019-06-24T10:21:46.299+0000][1][safepoint    ] Total time for which application threads were stopped: 0.0002628 seconds, Stopping threads took: 0.0000751 seconds
[2019-06-24T10:21:47.300+0000][1][safepoint    ] Application time: 1.0002660 seconds
[2019-06-24T10:21:47.300+0000][1][safepoint    ] Entering safepoint region: Cleanup
[2019-06-24T10:21:47.300+0000][1][safepoint    ] Leaving safepoint region
[2019-06-24T10:21:47.300+0000][1][safepoint    ] Total time for which application threads were stopped: 0.0002307 seconds, Stopping threads took: 0.0000644 seconds
[2019-06-24T10:21:48.300+0000][1][safepoint    ] Application time: 1.0002078 seconds
[2019-06-24T10:21:48.300+0000][1][safepoint    ] Entering safepoint region: Cleanup
[2019-06-24T10:21:48.300+0000][1][safepoint    ] Leaving safepoint region
[2019-06-24T10:21:48.300+0000][1][safepoint    ] Total time for which application threads were stopped: 0.0002257 seconds, Stopping threads took: 0.0000644 seconds
[2019-06-24T10:21:49.301+0000][1][safepoint    ] Application time: 1.0002899 seconds
[2019-06-24T10:21:49.301+0000][1][safepoint    ] Entering safepoint region: Cleanup
[2019-06-24T10:21:49.301+0000][1][safepoint    ] Leaving safepoint region
[2019-06-24T10:21:49.301+0000][1][safepoint    ] Total time for which application threads were stopped: 0.0000883 seconds, Stopping threads took: 0.0000247 seconds
[2019-06-24T10:21:50.301+0000][1][safepoint    ] Application time: 1.0002351 seconds
[2019-06-24T10:21:50.301+0000][1][safepoint    ] Entering safepoint region: Cleanup
[2019-06-24T10:21:50.301+0000][1][safepoint    ] Leaving safepoint region
[2019-06-24T10:21:50.301+0000][1][safepoint    ] Total time for which application threads were stopped: 0.0002179 seconds, Stopping threads took: 0.0000475 seconds
[2019-06-24T10:21:51.302+0000][1][safepoint    ] Application time: 1.0002545 seconds
[2019-06-24T10:21:51.302+0000][1][safepoint    ] Entering safepoint region: Cleanup
[2019-06-24T10:21:51.302+0000][1][safepoint    ] Leaving safepoint region
[2019-06-24T10:21:51.302+0000][1][safepoint    ] Total time for which application threads were stopped: 0.0002248 seconds, Stopping threads took: 0.0000641 seconds
[2019-06-24T10:21:52.302+0000][1][safepoint    ] Application time: 1.0002721 seconds
[2019-06-24T10:21:52.303+0000][1][safepoint    ] Entering safepoint region: Cleanup
[2019-06-24T10:21:52.303+0000][1][safepoint    ] Leaving safepoint region
[2019-06-24T10:21:52.303+0000][1][safepoint    ] Total time for which application threads were stopped: 0.0002240 seconds, Stopping threads took: 0.0000723 seconds
[2019-06-24T10:21:53.303+0000][1][safepoint    ] Application time: 1.0002489 seconds
[2019-06-24T10:21:53.303+0000][1][safepoint    ] Entering safepoint region: Cleanup
[2019-06-24T10:21:53.303+0000][1][safepoint    ] Leaving safepoint region
[2019-06-24T10:21:53.303+0000][1][safepoint    ] Total time for which application threads were stopped: 0.0002492 seconds, Stopping threads took: 0.0000955 seconds
[2019-06-24T10:21:54.304+0000][1][safepoint    ] Application time: 1.0002961 seconds
[2019-06-24T10:21:54.304+0000][1][safepoint    ] Entering safepoint region: Cleanup
[2019-06-24T10:21:54.304+0000][1][safepoint    ] Leaving safepoint region
[2019-06-24T10:21:54.304+0000][1][safepoint    ] Total time for which application threads were stopped: 0.0002856 seconds, Stopping threads took: 0.0000800 seconds
[2019-06-24T10:21:55.304+0000][1][safepoint    ] Application time: 1.0001996 seconds
[2019-06-24T10:21:55.305+0000][1][safepoint    ] Entering safepoint region: Cleanup
[2019-06-24T10:21:55.305+0000][1][safepoint    ] Leaving safepoint region
[2019-06-24T10:21:55.305+0000][1][safepoint    ] Total time for which application threads were stopped: 0.0002645 seconds, Stopping threads took: 0.0001047 seconds
[2019-06-24T10:21:56.305+0000][1][safepoint    ] Application time: 1.0001463 seconds
[2019-06-24T10:21:56.305+0000][1][safepoint    ] Entering safepoint region: Cleanup
[2019-06-24T10:21:56.305+0000][1][safepoint    ] Leaving safepoint region
[2019-06-24T10:21:56.305+0000][1][safepoint    ] Total time for which application threads were stopped: 0.0002563 seconds, Stopping threads took: 0.0000976 seconds
[2019-06-24T10:21:57.306+0000][1][safepoint    ] Application time: 1.0002451 seconds
[2019-06-24T10:21:57.306+0000][1][safepoint    ] Entering safepoint region: Cleanup
[2019-06-24T10:21:57.306+0000][1][safepoint    ] Leaving safepoint region
[2019-06-24T10:21:57.306+0000][1][safepoint    ] Total time for which application threads were stopped: 0.0002558 seconds, Stopping threads took: 0.0000864 seconds
[2019-06-24T10:21:58.306+0000][1][safepoint    ] Application time: 1.0002453 seconds
[2019-06-24T10:21:58.307+0000][1][safepoint    ] Entering safepoint region: Cleanup
[2019-06-24T10:21:58.307+0000][1][safepoint    ] Leaving safepoint region
[2019-06-24T10:21:58.307+0000][1][safepoint    ] Total time for which application threads were stopped: 0.0003105 seconds, Stopping threads took: 0.0001538 seconds
[2019-06-24T10:21:59.965+0000][1][safepoint    ] Application time: 1.6584675 seconds
[2019-06-24T10:21:59.965+0000][1][safepoint    ] Entering safepoint region: Cleanup
[2019-06-24T10:21:59.966+0000][1][safepoint    ] Leaving safepoint region
[2019-06-24T10:21:59.966+0000][1][safepoint    ] Total time for which application threads were stopped: 0.0010143 seconds, Stopping threads took: 0.0008665 seconds
[2019-06-24T10:22:00.967+0000][1][safepoint    ] Application time: 1.0001602 seconds
[2019-06-24T10:22:00.967+0000][1][safepoint    ] Entering safepoint region: Cleanup
[2019-06-24T10:22:00.967+0000][1][safepoint    ] Leaving safepoint region
[2019-06-24T10:22:00.967+0000][1][safepoint    ] Total time for which application threads were stopped: 0.0002679 seconds, Stopping threads took: 0.0000985 seconds
[2019-06-24T10:22:01.967+0000][1][safepoint    ] Application time: 1.0001336 seconds
[2019-06-24T10:22:01.967+0000][1][safepoint    ] Entering safepoint region: Cleanup
[2019-06-24T10:22:01.967+0000][1][safepoint    ] Leaving safepoint region
[2019-06-24T10:22:01.967+0000][1][safepoint    ] Total time for which application threads were stopped: 0.0001037 seconds, Stopping threads took: 0.0000261 seconds
[2019-06-24T10:22:02.967+0000][1][safepoint    ] Application time: 1.0000879 seconds
[2019-06-24T10:22:02.967+0000][1][safepoint    ] Entering safepoint region: Cleanup
[2019-06-24T10:22:02.967+0000][1][safepoint    ] Leaving safepoint region
[2019-06-24T10:22:02.967+0000][1][safepoint    ] Total time for which application threads were stopped: 0.0001126 seconds, Stopping threads took: 0.0000302 seconds
[2019-06-24T10:22:03.968+0000][1][safepoint    ] Application time: 1.0002132 seconds
[2019-06-24T10:22:03.968+0000][1][safepoint    ] Entering safepoint region: Cleanup
[2019-06-24T10:22:03.968+0000][1][safepoint    ] Leaving safepoint region
[2019-06-24T10:22:03.968+0000][1][safepoint    ] Total time for which application threads were stopped: 0.0002358 seconds, Stopping threads took: 0.0000703 seconds
[2019-06-24T10:22:04.968+0000][1][safepoint    ] Application time: 1.0002525 seconds
[2019-06-24T10:22:04.968+0000][1][safepoint    ] Entering safepoint region: Cleanup
[2019-06-24T10:22:04.969+0000][1][safepoint    ] Leaving safepoint region
[2019-06-24T10:22:04.969+0000][1][safepoint    ] Total time for which application threads were stopped: 0.0008266 seconds, Stopping threads took: 0.0000370 seconds
[2019-06-24T10:22:05.970+0000][1][safepoint    ] Application time: 1.0002791 seconds
[2019-06-24T10:22:05.970+0000][1][safepoint    ] Entering safepoint region: Cleanup
[2019-06-24T10:22:05.970+0000][1][safepoint    ] Leaving safepoint region
[2019-06-24T10:22:05.970+0000][1][safepoint    ] Total time for which application threads were stopped: 0.0003463 seconds, Stopping threads took: 0.0000652 seconds
[2019-06-24T10:22:06.970+0000][1][safepoint    ] Application time: 1.0001188 seconds
[2019-06-24T10:22:06.970+0000][1][safepoint    ] Entering safepoint region: Cleanup
[2019-06-24T10:22:06.970+0000][1][safepoint    ] Leaving safepoint region
[2019-06-24T10:22:06.970+0000][1][safepoint    ] Total time for which application threads were stopped: 0.0001450 seconds, Stopping threads took: 0.0000340 seconds
[2019-06-24T10:22:07.971+0000][1][safepoint    ] Application time: 1.0002891 seconds
[2019-06-24T10:22:07.971+0000][1][safepoint    ] Entering safepoint region: Cleanup
[2019-06-24T10:22:07.971+0000][1][safepoint    ] Leaving safepoint region
[2019-06-24T10:22:07.971+0000][1][safepoint    ] Total time for which application threads were stopped: 0.0002412 seconds, Stopping threads took: 0.0000653 seconds
[2019-06-24T10:22:08.835+0000][1][safepoint    ] Application time: 0.8634676 seconds
[2019-06-24T10:22:08.835+0000][1][safepoint    ] Entering safepoint region: GenCollectForAllocation
[2019-06-24T10:22:08.835+0000][1][gc,start     ] GC(36) Pause Young (Allocation Failure)
[2019-06-24T10:22:08.835+0000][1][gc,task      ] GC(36) Using 5 workers of 8 for evacuation
[2019-06-24T10:22:08.838+0000][1][gc,age       ] GC(36) Desired survivor size 4456448 bytes, new threshold 6 (max threshold 6)
[2019-06-24T10:22:08.838+0000][1][gc,age       ] GC(36) Age table with threshold 6 (max threshold 6)
[2019-06-24T10:22:08.838+0000][1][gc,age       ] GC(36) - age   1:       5720 bytes,       5720 total
[2019-06-24T10:22:08.838+0000][1][gc,age       ] GC(36) - age   2:        888 bytes,       6608 total
[2019-06-24T10:22:08.838+0000][1][gc,age       ] GC(36) - age   3:       1240 bytes,       7848 total
[2019-06-24T10:22:08.838+0000][1][gc,age       ] GC(36) - age   4:        936 bytes,       8784 total
[2019-06-24T10:22:08.838+0000][1][gc,age       ] GC(36) - age   5:      69584 bytes,      78368 total
[2019-06-24T10:22:08.838+0000][1][gc,age       ] GC(36) - age   6:       1760 bytes,      80128 total
[2019-06-24T10:22:08.838+0000][1][gc,heap      ] GC(36) ParNew: 70107K->110K(78656K)
[2019-06-24T10:22:08.839+0000][1][gc,heap      ] GC(36) CMS: 69537K->69538K(174784K)
[2019-06-24T10:22:08.839+0000][1][gc,metaspace ] GC(36) Metaspace: 68168K->68168K(1112064K)
[2019-06-24T10:22:08.839+0000][1][gc           ] GC(36) Pause Young (Allocation Failure) 136M->68M(247M) 3.580ms
[2019-06-24T10:22:08.839+0000][1][gc,cpu       ] GC(36) User=0.01s Sys=0.00s Real=0.00s
[2019-06-24T10:22:08.839+0000][1][safepoint    ] Leaving safepoint region
[2019-06-24T10:22:08.839+0000][1][safepoint    ] Total time for which application threads were stopped: 0.0042345 seconds, Stopping threads took: 0.0000906 seconds
[2019-06-24T10:22:09.839+0000][1][safepoint    ] Application time: 1.0003106 seconds
[2019-06-24T10:22:09.839+0000][1][safepoint    ] Entering safepoint region: Cleanup
[2019-06-24T10:22:09.840+0000][1][safepoint    ] Leaving safepoint region
[2019-06-24T10:22:09.840+0000][1][safepoint    ] Total time for which application threads were stopped: 0.0002775 seconds, Stopping threads took: 0.0000754 seconds
[2019-06-24T10:22:10.840+0000][1][safepoint    ] Application time: 1.0001928 seconds
[2019-06-24T10:22:10.840+0000][1][safepoint    ] Entering safepoint region: Cleanup
[2019-06-24T10:22:10.840+0000][1][safepoint    ] Leaving safepoint region
[2019-06-24T10:22:10.840+0000][1][safepoint    ] Total time for which application threads were stopped: 0.0003347 seconds, Stopping threads took: 0.0001288 seconds
[2019-06-24T10:22:11.841+0000][1][safepoint    ] Application time: 1.0001524 seconds
[2019-06-24T10:22:11.841+0000][1][safepoint    ] Entering safepoint region: Cleanup
[2019-06-24T10:22:11.841+0000][1][safepoint    ] Leaving safepoint region
[2019-06-24T10:22:11.841+0000][1][safepoint    ] Total time for which application threads were stopped: 0.0003258 seconds, Stopping threads took: 0.0000867 seconds
[2019-06-24T10:22:12.841+0000][1][safepoint    ] Application time: 1.0003240 seconds
[2019-06-24T10:22:12.841+0000][1][safepoint    ] Entering safepoint region: Cleanup
[2019-06-24T10:22:12.842+0000][1][safepoint    ] Leaving safepoint region
[2019-06-24T10:22:12.842+0000][1][safepoint    ] Total time for which application threads were stopped: 0.0001204 seconds, Stopping threads took: 0.0000306 seconds
[2019-06-24T10:22:13.842+0000][1][safepoint    ] Application time: 1.0002048 seconds
[2019-06-24T10:22:13.842+0000][1][safepoint    ] Entering safepoint region: Cleanup
[2019-06-24T10:22:13.842+0000][1][safepoint    ] Leaving safepoint region
[2019-06-24T10:22:13.842+0000][1][safepoint    ] Total time for which application threads were stopped: 0.0003952 seconds, Stopping threads took: 0.0001825 seconds
[2019-06-24T10:22:14.843+0000][1][safepoint    ] Application time: 1.0003391 seconds
[2019-06-24T10:22:14.843+0000][1][safepoint    ] Entering safepoint region: Cleanup
[2019-06-24T10:22:14.843+0000][1][safepoint    ] Leaving safepoint region
[2019-06-24T10:22:14.843+0000][1][safepoint    ] Total time for which application threads were stopped: 0.0002567 seconds, Stopping threads took: 0.0000640 seconds
[2019-06-24T10:22:15.843+0000][1][safepoint    ] Application time: 1.0001908 seconds
[2019-06-24T10:22:15.843+0000][1][safepoint    ] Entering safepoint region: Cleanup
[2019-06-24T10:22:15.844+0000][1][safepoint    ] Leaving safepoint region
[2019-06-24T10:22:15.844+0000][1][safepoint    ] Total time for which application threads were stopped: 0.0002298 seconds, Stopping threads took: 0.0000633 seconds
[2019-06-24T10:22:16.844+0000][1][safepoint    ] Application time: 1.0001913 seconds
[2019-06-24T10:22:16.844+0000][1][safepoint    ] Entering safepoint region: Cleanup
[2019-06-24T10:22:16.844+0000][1][safepoint    ] Leaving safepoint region
[2019-06-24T10:22:16.844+0000][1][safepoint    ] Total time for which application threads were stopped: 0.0002782 seconds, Stopping threads took: 0.0000631 seconds
[2019-06-24T10:22:17.845+0000][1][safepoint    ] Application time: 1.0002492 seconds
[2019-06-24T10:22:17.845+0000][1][safepoint    ] Entering safepoint region: Cleanup
[2019-06-24T10:22:17.845+0000][1][safepoint    ] Leaving safepoint region
[2019-06-24T10:22:17.845+0000][1][safepoint    ] Total time for which application threads were stopped: 0.0002275 seconds, Stopping threads took: 0.0000613 seconds
[2019-06-24T10:22:18.845+0000][1][safepoint    ] Application time: 1.0002400 seconds
[2019-06-24T10:22:18.845+0000][1][safepoint    ] Entering safepoint region: Cleanup
[2019-06-24T10:22:18.846+0000][1][safepoint    ] Leaving safepoint region
[2019-06-24T10:22:18.846+0000][1][safepoint    ] Total time for which application threads were stopped: 0.0003304 seconds, Stopping threads took: 0.0001358 seconds
[2019-06-24T10:22:19.846+0000][1][safepoint    ] Application time: 1.0002390 seconds
[2019-06-24T10:22:19.846+0000][1][safepoint    ] Entering safepoint region: Cleanup
[2019-06-24T10:22:19.846+0000][1][safepoint    ] Leaving safepoint region
[2019-06-24T10:22:19.846+0000][1][safepoint    ] Total time for which application threads were stopped: 0.0003377 seconds, Stopping threads took: 0.0001158 seconds
[2019-06-24T10:22:20.847+0000][1][safepoint    ] Application time: 1.0001964 seconds
[2019-06-24T10:22:20.847+0000][1][safepoint    ] Entering safepoint region: Cleanup
[2019-06-24T10:22:20.847+0000][1][safepoint    ] Leaving safepoint region
[2019-06-24T10:22:20.847+0000][1][safepoint    ] Total time for which application threads were stopped: 0.0002989 seconds, Stopping threads took: 0.0001028 seconds
[2019-06-24T10:22:21.847+0000][1][safepoint    ] Application time: 1.0002203 seconds
[2019-06-24T10:22:21.847+0000][1][safepoint    ] Entering safepoint region: Cleanup
[2019-06-24T10:22:21.848+0000][1][safepoint    ] Leaving safepoint region
[2019-06-24T10:22:21.848+0000][1][safepoint    ] Total time for which application threads were stopped: 0.0002726 seconds, Stopping threads took: 0.0000799 seconds
[2019-06-24T10:22:22.848+0000][1][safepoint    ] Application time: 1.0002196 seconds
[2019-06-24T10:22:22.848+0000][1][safepoint    ] Entering safepoint region: Cleanup
[2019-06-24T10:22:22.848+0000][1][safepoint    ] Leaving safepoint region
[2019-06-24T10:22:22.848+0000][1][safepoint    ] Total time for which application threads were stopped: 0.0002746 seconds, Stopping threads took: 0.0000807 seconds
[2019-06-24T10:22:23.849+0000][1][safepoint    ] Application time: 1.0002356 seconds
[2019-06-24T10:22:23.849+0000][1][safepoint    ] Entering safepoint region: Cleanup
[2019-06-24T10:22:23.849+0000][1][safepoint    ] Leaving safepoint region
[2019-06-24T10:22:23.849+0000][1][safepoint    ] Total time for which application threads were stopped: 0.0002839 seconds, Stopping threads took: 0.0000854 seconds
[2019-06-24T10:22:24.849+0000][1][safepoint    ] Application time: 1.0002435 seconds
[2019-06-24T10:22:24.849+0000][1][safepoint    ] Entering safepoint region: Cleanup
[2019-06-24T10:22:24.850+0000][1][safepoint    ] Leaving safepoint region
[2019-06-24T10:22:24.850+0000][1][safepoint    ] Total time for which application threads were stopped: 0.0002920 seconds, Stopping threads took: 0.0000611 seconds
[2019-06-24T10:22:25.850+0000][1][safepoint    ] Application time: 1.0002244 seconds
[2019-06-24T10:22:25.850+0000][1][safepoint    ] Entering safepoint region: Cleanup
[2019-06-24T10:22:25.850+0000][1][safepoint    ] Leaving safepoint region
[2019-06-24T10:22:25.850+0000][1][safepoint    ] Total time for which application threads were stopped: 0.0003555 seconds, Stopping threads took: 0.0001015 seconds
[2019-06-24T10:22:26.851+0000][1][safepoint    ] Application time: 1.0001957 seconds
[2019-06-24T10:22:26.851+0000][1][safepoint    ] Entering safepoint region: Cleanup
[2019-06-24T10:22:26.851+0000][1][safepoint    ] Leaving safepoint region
[2019-06-24T10:22:26.851+0000][1][safepoint    ] Total time for which application threads were stopped: 0.0002418 seconds, Stopping threads took: 0.0000780 seconds
[2019-06-24T10:22:27.851+0000][1][safepoint    ] Application time: 1.0001538 seconds
[2019-06-24T10:22:27.851+0000][1][safepoint    ] Entering safepoint region: Cleanup
[2019-06-24T10:22:27.852+0000][1][safepoint    ] Leaving safepoint region
[2019-06-24T10:22:27.852+0000][1][safepoint    ] Total time for which application threads were stopped: 0.0001836 seconds, Stopping threads took: 0.0000441 seconds
[2019-06-24T10:22:28.852+0000][1][safepoint    ] Application time: 1.0002651 seconds
[2019-06-24T10:22:28.852+0000][1][safepoint    ] Entering safepoint region: Cleanup
[2019-06-24T10:22:28.852+0000][1][safepoint    ] Leaving safepoint region
[2019-06-24T10:22:28.852+0000][1][safepoint    ] Total time for which application threads were stopped: 0.0002338 seconds, Stopping threads took: 0.0000626 seconds
[2019-06-24T10:22:29.852+0000][1][safepoint    ] Application time: 1.0002606 seconds
[2019-06-24T10:22:29.853+0000][1][safepoint    ] Entering safepoint region: Cleanup
[2019-06-24T10:22:29.853+0000][1][safepoint    ] Leaving safepoint region
[2019-06-24T10:22:29.853+0000][1][safepoint    ] Total time for which application threads were stopped: 0.0003015 seconds, Stopping threads took: 0.0000637 seconds
[2019-06-24T10:22:30.853+0000][1][safepoint    ] Application time: 1.0002752 seconds
[2019-06-24T10:22:30.853+0000][1][safepoint    ] Entering safepoint region: Cleanup
[2019-06-24T10:22:30.854+0000][1][safepoint    ] Leaving safepoint region
[2019-06-24T10:22:30.854+0000][1][safepoint    ] Total time for which application threads were stopped: 0.0002619 seconds, Stopping threads took: 0.0000640 seconds
[2019-06-24T10:22:31.854+0000][1][safepoint    ] Application time: 1.0002858 seconds
[2019-06-24T10:22:31.854+0000][1][safepoint    ] Entering safepoint region: Cleanup
[2019-06-24T10:22:31.854+0000][1][safepoint    ] Leaving safepoint region
[2019-06-24T10:22:31.854+0000][1][safepoint    ] Total time for which application threads were stopped: 0.0003333 seconds, Stopping threads took: 0.0000725 seconds
[2019-06-24T10:22:32.855+0000][1][safepoint    ] Application time: 1.0002307 seconds
[2019-06-24T10:22:32.855+0000][1][safepoint    ] Entering safepoint region: Cleanup
[2019-06-24T10:22:32.855+0000][1][safepoint    ] Leaving safepoint region
[2019-06-24T10:22:32.855+0000][1][safepoint    ] Total time for which application threads were stopped: 0.0002322 seconds, Stopping threads took: 0.0000631 seconds
[2019-06-24T10:22:33.855+0000][1][safepoint    ] Application time: 1.0002565 seconds
[2019-06-24T10:22:33.855+0000][1][safepoint    ] Entering safepoint region: Cleanup
[2019-06-24T10:22:33.856+0000][1][safepoint    ] Leaving safepoint region
[2019-06-24T10:22:33.856+0000][1][safepoint    ] Total time for which application threads were stopped: 0.0003187 seconds, Stopping threads took: 0.0000810 seconds
[2019-06-24T10:22:35.381+0000][1][safepoint    ] Application time: 1.5250066 seconds
[2019-06-24T10:22:35.381+0000][1][safepoint    ] Entering safepoint region: Cleanup
[2019-06-24T10:22:35.381+0000][1][safepoint    ] Leaving safepoint region
[2019-06-24T10:22:35.381+0000][1][safepoint    ] Total time for which application threads were stopped: 0.0001489 seconds, Stopping threads took: 0.0000357 seconds
[2019-06-24T10:22:36.381+0000][1][safepoint    ] Application time: 1.0002249 seconds
[2019-06-24T10:22:36.381+0000][1][safepoint    ] Entering safepoint region: Cleanup
[2019-06-24T10:22:36.381+0000][1][safepoint    ] Leaving safepoint region
[2019-06-24T10:22:36.381+0000][1][safepoint    ] Total time for which application threads were stopped: 0.0000854 seconds, Stopping threads took: 0.0000222 seconds
[2019-06-24T10:22:37.382+0000][1][safepoint    ] Application time: 1.0002424 seconds
[2019-06-24T10:22:37.382+0000][1][safepoint    ] Entering safepoint region: Cleanup
[2019-06-24T10:22:37.382+0000][1][safepoint    ] Leaving safepoint region
[2019-06-24T10:22:37.382+0000][1][safepoint    ] Total time for which application threads were stopped: 0.0002377 seconds, Stopping threads took: 0.0000639 seconds
[2019-06-24T10:22:38.382+0000][1][safepoint    ] Application time: 1.0002646 seconds
[2019-06-24T10:22:38.382+0000][1][safepoint    ] Entering safepoint region: Cleanup
[2019-06-24T10:22:38.383+0000][1][safepoint    ] Leaving safepoint region
[2019-06-24T10:22:38.383+0000][1][safepoint    ] Total time for which application threads were stopped: 0.0003137 seconds, Stopping threads took: 0.0001322 seconds
[2019-06-24T10:22:39.383+0000][1][safepoint    ] Application time: 1.0001396 seconds
[2019-06-24T10:22:39.383+0000][1][safepoint    ] Entering safepoint region: Cleanup
[2019-06-24T10:22:39.383+0000][1][safepoint    ] Leaving safepoint region
[2019-06-24T10:22:39.383+0000][1][safepoint    ] Total time for which application threads were stopped: 0.0002205 seconds, Stopping threads took: 0.0000633 seconds
[2019-06-24T10:22:40.383+0000][1][safepoint    ] Application time: 1.0002112 seconds
[2019-06-24T10:22:40.384+0000][1][safepoint    ] Entering safepoint region: Cleanup
[2019-06-24T10:22:40.384+0000][1][safepoint    ] Leaving safepoint region
[2019-06-24T10:22:40.384+0000][1][safepoint    ] Total time for which application threads were stopped: 0.0002197 seconds, Stopping threads took: 0.0000611 seconds
[2019-06-24T10:22:41.384+0000][1][safepoint    ] Application time: 1.0002237 seconds
[2019-06-24T10:22:41.384+0000][1][safepoint    ] Entering safepoint region: Cleanup
[2019-06-24T10:22:41.386+0000][1][safepoint    ] Leaving safepoint region
[2019-06-24T10:22:41.386+0000][1][safepoint    ] Total time for which application threads were stopped: 0.0014401 seconds, Stopping threads took: 0.0012123 seconds
[2019-06-24T10:22:42.386+0000][1][safepoint    ] Application time: 1.0002408 seconds
[2019-06-24T10:22:42.386+0000][1][safepoint    ] Entering safepoint region: Cleanup
[2019-06-24T10:22:42.386+0000][1][safepoint    ] Leaving safepoint region
[2019-06-24T10:22:42.386+0000][1][safepoint    ] Total time for which application threads were stopped: 0.0002232 seconds, Stopping threads took: 0.0000623 seconds
[2019-06-24T10:22:43.386+0000][1][safepoint    ] Application time: 1.0001405 seconds
[2019-06-24T10:22:43.387+0000][1][safepoint    ] Entering safepoint region: Cleanup
[2019-06-24T10:22:43.387+0000][1][safepoint    ] Leaving safepoint region
[2019-06-24T10:22:43.387+0000][1][safepoint    ] Total time for which application threads were stopped: 0.0002408 seconds, Stopping threads took: 0.0000832 seconds
[2019-06-24T10:22:44.387+0000][1][safepoint    ] Application time: 1.0002069 seconds
[2019-06-24T10:22:44.387+0000][1][safepoint    ] Entering safepoint region: Cleanup
[2019-06-24T10:22:44.387+0000][1][safepoint    ] Leaving safepoint region
[2019-06-24T10:22:44.387+0000][1][safepoint    ] Total time for which application threads were stopped: 0.0003514 seconds, Stopping threads took: 0.0000817 seconds
[2019-06-24T10:22:45.388+0000][1][safepoint    ] Application time: 1.0002192 seconds
[2019-06-24T10:22:45.388+0000][1][safepoint    ] Entering safepoint region: Cleanup
[2019-06-24T10:22:45.388+0000][1][safepoint    ] Leaving safepoint region
[2019-06-24T10:22:45.388+0000][1][safepoint    ] Total time for which application threads were stopped: 0.0002082 seconds, Stopping threads took: 0.0000583 seconds
[2019-06-24T10:22:46.388+0000][1][safepoint    ] Application time: 1.0001910 seconds
[2019-06-24T10:22:46.389+0000][1][safepoint    ] Entering safepoint region: Cleanup
[2019-06-24T10:22:46.390+0000][1][safepoint    ] Leaving safepoint region
[2019-06-24T10:22:46.390+0000][1][safepoint    ] Total time for which application threads were stopped: 0.0016169 seconds, Stopping threads took: 0.0009948 seconds
[2019-06-24T10:22:47.390+0000][1][safepoint    ] Application time: 1.0002694 seconds
[2019-06-24T10:22:47.391+0000][1][safepoint    ] Entering safepoint region: Cleanup
[2019-06-24T10:22:47.391+0000][1][safepoint    ] Leaving safepoint region
[2019-06-24T10:22:47.391+0000][1][safepoint    ] Total time for which application threads were stopped: 0.0003206 seconds, Stopping threads took: 0.0001563 seconds
[2019-06-24T10:22:48.391+0000][1][safepoint    ] Application time: 1.0002602 seconds
[2019-06-24T10:22:48.391+0000][1][safepoint    ] Entering safepoint region: Cleanup
[2019-06-24T10:22:48.391+0000][1][safepoint    ] Leaving safepoint region
[2019-06-24T10:22:48.391+0000][1][safepoint    ] Total time for which application threads were stopped: 0.0002284 seconds, Stopping threads took: 0.0000647 seconds
[2019-06-24T10:22:49.392+0000][1][safepoint    ] Application time: 1.0002711 seconds
[2019-06-24T10:22:49.392+0000][1][safepoint    ] Entering safepoint region: Cleanup
[2019-06-24T10:22:49.392+0000][1][safepoint    ] Leaving safepoint region
[2019-06-24T10:22:49.392+0000][1][safepoint    ] Total time for which application threads were stopped: 0.0002363 seconds, Stopping threads took: 0.0000635 seconds
[2019-06-24T10:22:50.392+0000][1][safepoint    ] Application time: 1.0002393 seconds
[2019-06-24T10:22:50.393+0000][1][safepoint    ] Entering safepoint region: Cleanup
[2019-06-24T10:22:50.393+0000][1][safepoint    ] Leaving safepoint region
[2019-06-24T10:22:50.393+0000][1][safepoint    ] Total time for which application threads were stopped: 0.0002321 seconds, Stopping threads took: 0.0000622 seconds
[2019-06-24T10:22:51.682+0000][1][safepoint    ] Application time: 1.2895320 seconds
[2019-06-24T10:22:51.682+0000][1][safepoint    ] Entering safepoint region: Cleanup
[2019-06-24T10:22:51.683+0000][1][safepoint    ] Leaving safepoint region
[2019-06-24T10:22:51.683+0000][1][safepoint    ] Total time for which application threads were stopped: 0.0002760 seconds, Stopping threads took: 0.0000638 seconds
[2019-06-24T10:22:52.683+0000][1][safepoint    ] Application time: 1.0001060 seconds
[2019-06-24T10:22:52.683+0000][1][safepoint    ] Entering safepoint region: Cleanup
[2019-06-24T10:22:52.683+0000][1][safepoint    ] Leaving safepoint region
[2019-06-24T10:22:52.683+0000][1][safepoint    ] Total time for which application threads were stopped: 0.0001350 seconds, Stopping threads took: 0.0000330 seconds
[2019-06-24T10:22:53.683+0000][1][safepoint    ] Application time: 1.0002177 seconds
[2019-06-24T10:22:53.683+0000][1][safepoint    ] Entering safepoint region: Cleanup
[2019-06-24T10:22:53.684+0000][1][safepoint    ] Leaving safepoint region
[2019-06-24T10:22:53.684+0000][1][safepoint    ] Total time for which application threads were stopped: 0.0002352 seconds, Stopping threads took: 0.0000637 seconds
[2019-06-24T10:22:54.684+0000][1][safepoint    ] Application time: 1.0002193 seconds
[2019-06-24T10:22:54.684+0000][1][safepoint    ] Entering safepoint region: Cleanup
[2019-06-24T10:22:54.684+0000][1][safepoint    ] Leaving safepoint region
[2019-06-24T10:22:54.684+0000][1][safepoint    ] Total time for which application threads were stopped: 0.0002264 seconds, Stopping threads took: 0.0000636 seconds
[2019-06-24T10:22:55.684+0000][1][safepoint    ] Application time: 1.0002346 seconds
[2019-06-24T10:22:55.685+0000][1][safepoint    ] Entering safepoint region: Cleanup
[2019-06-24T10:22:55.685+0000][1][safepoint    ] Leaving safepoint region
[2019-06-24T10:22:55.685+0000][1][safepoint    ] Total time for which application threads were stopped: 0.0001701 seconds, Stopping threads took: 0.0000507 seconds
[2019-06-24T10:22:56.685+0000][1][safepoint    ] Application time: 1.0002503 seconds
[2019-06-24T10:22:56.685+0000][1][safepoint    ] Entering safepoint region: Cleanup
[2019-06-24T10:22:56.685+0000][1][safepoint    ] Leaving safepoint region
[2019-06-24T10:22:56.685+0000][1][safepoint    ] Total time for which application threads were stopped: 0.0002266 seconds, Stopping threads took: 0.0000635 seconds
[2019-06-24T10:22:57.685+0000][1][safepoint    ] Application time: 1.0001553 seconds
[2019-06-24T10:22:57.686+0000][1][safepoint    ] Entering safepoint region: Cleanup
[2019-06-24T10:22:57.686+0000][1][safepoint    ] Leaving safepoint region
[2019-06-24T10:22:57.686+0000][1][safepoint    ] Total time for which application threads were stopped: 0.0002225 seconds, Stopping threads took: 0.0000634 seconds
[2019-06-24T10:22:58.686+0000][1][safepoint    ] Application time: 1.0001461 seconds
[2019-06-24T10:22:58.686+0000][1][safepoint    ] Entering safepoint region: Cleanup
[2019-06-24T10:22:58.686+0000][1][safepoint    ] Leaving safepoint region
[2019-06-24T10:22:58.686+0000][1][safepoint    ] Total time for which application threads were stopped: 0.0002471 seconds, Stopping threads took: 0.0000819 seconds
[2019-06-24T10:22:59.687+0000][1][safepoint    ] Application time: 1.0003105 seconds
[2019-06-24T10:22:59.687+0000][1][safepoint    ] Entering safepoint region: Cleanup
[2019-06-24T10:22:59.687+0000][1][safepoint    ] Leaving safepoint region
[2019-06-24T10:22:59.687+0000][1][safepoint    ] Total time for which application threads were stopped: 0.0002738 seconds, Stopping threads took: 0.0000770 seconds
[2019-06-24T10:23:00.687+0000][1][safepoint    ] Application time: 1.0002169 seconds
[2019-06-24T10:23:00.688+0000][1][safepoint    ] Entering safepoint region: Cleanup
[2019-06-24T10:23:00.688+0000][1][safepoint    ] Leaving safepoint region
[2019-06-24T10:23:00.688+0000][1][safepoint    ] Total time for which application threads were stopped: 0.0002341 seconds, Stopping threads took: 0.0000645 seconds
[2019-06-24T10:23:01.688+0000][1][safepoint    ] Application time: 1.0002549 seconds
[2019-06-24T10:23:01.688+0000][1][safepoint    ] Entering safepoint region: Cleanup
[2019-06-24T10:23:01.688+0000][1][safepoint    ] Leaving safepoint region
[2019-06-24T10:23:01.688+0000][1][safepoint    ] Total time for which application threads were stopped: 0.0001301 seconds, Stopping threads took: 0.0000418 seconds
[2019-06-24T10:23:02.688+0000][1][safepoint    ] Application time: 1.0002206 seconds
[2019-06-24T10:23:02.689+0000][1][safepoint    ] Entering safepoint region: Cleanup
[2019-06-24T10:23:02.689+0000][1][safepoint    ] Leaving safepoint region
[2019-06-24T10:23:02.689+0000][1][safepoint    ] Total time for which application threads were stopped: 0.0002309 seconds, Stopping threads took: 0.0000631 seconds
[2019-06-24T10:23:03.689+0000][1][safepoint    ] Application time: 1.0002896 seconds
[2019-06-24T10:23:03.689+0000][1][safepoint    ] Entering safepoint region: Cleanup
[2019-06-24T10:23:03.689+0000][1][safepoint    ] Leaving safepoint region
[2019-06-24T10:23:03.689+0000][1][safepoint    ] Total time for which application threads were stopped: 0.0000905 seconds, Stopping threads took: 0.0000240 seconds
[2019-06-24T10:23:04.689+0000][1][safepoint    ] Application time: 1.0001752 seconds
[2019-06-24T10:23:04.690+0000][1][safepoint    ] Entering safepoint region: Cleanup
[2019-06-24T10:23:04.690+0000][1][safepoint    ] Leaving safepoint region
[2019-06-24T10:23:04.690+0000][1][safepoint    ] Total time for which application threads were stopped: 0.0002316 seconds, Stopping threads took: 0.0000613 seconds
[2019-06-24T10:23:05.690+0000][1][safepoint    ] Application time: 1.0001860 seconds
[2019-06-24T10:23:05.690+0000][1][safepoint    ] Entering safepoint region: Cleanup
[2019-06-24T10:23:05.690+0000][1][safepoint    ] Leaving safepoint region
[2019-06-24T10:23:05.690+0000][1][safepoint    ] Total time for which application threads were stopped: 0.0002048 seconds, Stopping threads took: 0.0000559 seconds
[2019-06-24T10:23:06.691+0000][1][safepoint    ] Application time: 1.0002826 seconds
[2019-06-24T10:23:06.691+0000][1][safepoint    ] Entering safepoint region: Cleanup
[2019-06-24T10:23:06.692+0000][1][safepoint    ] Leaving safepoint region
[2019-06-24T10:23:06.692+0000][1][safepoint    ] Total time for which application threads were stopped: 0.0012122 seconds, Stopping threads took: 0.0009637 seconds
[2019-06-24T10:23:07.692+0000][1][safepoint    ] Application time: 1.0001156 seconds
[2019-06-24T10:23:07.692+0000][1][safepoint    ] Entering safepoint region: Cleanup
[2019-06-24T10:23:07.692+0000][1][safepoint    ] Leaving safepoint region
[2019-06-24T10:23:07.692+0000][1][safepoint    ] Total time for which application threads were stopped: 0.0001225 seconds, Stopping threads took: 0.0000334 seconds
[2019-06-24T10:23:08.693+0000][1][safepoint    ] Application time: 1.0001939 seconds
[2019-06-24T10:23:08.693+0000][1][safepoint    ] Entering safepoint region: Cleanup
[2019-06-24T10:23:08.693+0000][1][safepoint    ] Leaving safepoint region
[2019-06-24T10:23:08.693+0000][1][safepoint    ] Total time for which application threads were stopped: 0.0004785 seconds, Stopping threads took: 0.0001419 seconds
[2019-06-24T10:23:09.694+0000][1][safepoint    ] Application time: 1.0002754 seconds
[2019-06-24T10:23:09.694+0000][1][safepoint    ] Entering safepoint region: Cleanup
[2019-06-24T10:23:09.694+0000][1][safepoint    ] Leaving safepoint region
[2019-06-24T10:23:09.694+0000][1][safepoint    ] Total time for which application threads were stopped: 0.0002460 seconds, Stopping threads took: 0.0000651 seconds
[2019-06-24T10:23:10.694+0000][1][safepoint    ] Application time: 1.0002761 seconds
[2019-06-24T10:23:10.694+0000][1][safepoint    ] Entering safepoint region: Cleanup
[2019-06-24T10:23:10.695+0000][1][safepoint    ] Leaving safepoint region
[2019-06-24T10:23:10.695+0000][1][safepoint    ] Total time for which application threads were stopped: 0.0003314 seconds, Stopping threads took: 0.0000624 seconds
[2019-06-24T10:23:11.695+0000][1][safepoint    ] Application time: 1.0001351 seconds
[2019-06-24T10:23:11.695+0000][1][safepoint    ] Entering safepoint region: Cleanup
[2019-06-24T10:23:11.696+0000][1][safepoint    ] Leaving safepoint region
[2019-06-24T10:23:11.696+0000][1][safepoint    ] Total time for which application threads were stopped: 0.0010346 seconds, Stopping threads took: 0.0008644 seconds
[2019-06-24T10:23:12.696+0000][1][safepoint    ] Application time: 1.0002703 seconds
[2019-06-24T10:23:12.696+0000][1][safepoint    ] Entering safepoint region: Cleanup
[2019-06-24T10:23:12.697+0000][1][safepoint    ] Leaving safepoint region
[2019-06-24T10:23:12.697+0000][1][safepoint    ] Total time for which application threads were stopped: 0.0002333 seconds, Stopping threads took: 0.0000649 seconds
[2019-06-24T10:23:13.697+0000][1][safepoint    ] Application time: 1.0001952 seconds
[2019-06-24T10:23:13.697+0000][1][safepoint    ] Entering safepoint region: Cleanup
[2019-06-24T10:23:13.697+0000][1][safepoint    ] Leaving safepoint region
[2019-06-24T10:23:13.697+0000][1][safepoint    ] Total time for which application threads were stopped: 0.0002460 seconds, Stopping threads took: 0.0000660 seconds
[2019-06-24T10:23:14.697+0000][1][safepoint    ] Application time: 1.0002416 seconds
[2019-06-24T10:23:14.698+0000][1][safepoint    ] Entering safepoint region: Cleanup
[2019-06-24T10:23:14.698+0000][1][safepoint    ] Leaving safepoint region
[2019-06-24T10:23:14.698+0000][1][safepoint    ] Total time for which application threads were stopped: 0.0002323 seconds, Stopping threads took: 0.0000640 seconds
[2019-06-24T10:23:15.698+0000][1][safepoint    ] Application time: 1.0002357 seconds
[2019-06-24T10:23:15.698+0000][1][safepoint    ] Entering safepoint region: Cleanup
[2019-06-24T10:23:15.698+0000][1][safepoint    ] Leaving safepoint region
[2019-06-24T10:23:15.698+0000][1][safepoint    ] Total time for which application threads were stopped: 0.0002301 seconds, Stopping threads took: 0.0000661 seconds
[2019-06-24T10:23:16.699+0000][1][safepoint    ] Application time: 1.0001853 seconds
[2019-06-24T10:23:16.699+0000][1][safepoint    ] Entering safepoint region: Cleanup
[2019-06-24T10:23:16.700+0000][1][safepoint    ] Leaving safepoint region
[2019-06-24T10:23:16.700+0000][1][safepoint    ] Total time for which application threads were stopped: 0.0012484 seconds, Stopping threads took: 0.0009751 seconds
[2019-06-24T10:23:17.700+0000][1][safepoint    ] Application time: 1.0002047 seconds
[2019-06-24T10:23:17.700+0000][1][safepoint    ] Entering safepoint region: Cleanup
[2019-06-24T10:23:17.701+0000][1][safepoint    ] Leaving safepoint region
[2019-06-24T10:23:17.701+0000][1][safepoint    ] Total time for which application threads were stopped: 0.0003056 seconds, Stopping threads took: 0.0000656 seconds
[2019-06-24T10:23:18.701+0000][1][safepoint    ] Application time: 1.0002641 seconds
[2019-06-24T10:23:18.701+0000][1][safepoint    ] Entering safepoint region: Cleanup
[2019-06-24T10:23:18.701+0000][1][safepoint    ] Leaving safepoint region
[2019-06-24T10:23:18.701+0000][1][safepoint    ] Total time for which application threads were stopped: 0.0003084 seconds, Stopping threads took: 0.0000664 seconds
[2019-06-24T10:23:19.702+0000][1][safepoint    ] Application time: 1.0002640 seconds
[2019-06-24T10:23:19.702+0000][1][safepoint    ] Entering safepoint region: Cleanup
[2019-06-24T10:23:19.702+0000][1][safepoint    ] Leaving safepoint region
[2019-06-24T10:23:19.702+0000][1][safepoint    ] Total time for which application threads were stopped: 0.0002718 seconds, Stopping threads took: 0.0000630 seconds
[2019-06-24T10:23:20.702+0000][1][safepoint    ] Application time: 1.0002092 seconds
[2019-06-24T10:23:20.703+0000][1][safepoint    ] Entering safepoint region: Cleanup
[2019-06-24T10:23:20.703+0000][1][safepoint    ] Leaving safepoint region
[2019-06-24T10:23:20.703+0000][1][safepoint    ] Total time for which application threads were stopped: 0.0003005 seconds, Stopping threads took: 0.0000763 seconds
[2019-06-24T10:23:21.703+0000][1][safepoint    ] Application time: 1.0001448 seconds
[2019-06-24T10:23:21.703+0000][1][safepoint    ] Entering safepoint region: Cleanup
[2019-06-24T10:23:21.703+0000][1][safepoint    ] Leaving safepoint region
[2019-06-24T10:23:21.703+0000][1][safepoint    ] Total time for which application threads were stopped: 0.0001277 seconds, Stopping threads took: 0.0000342 seconds
[2019-06-24T10:23:22.703+0000][1][safepoint    ] Application time: 1.0001217 seconds
[2019-06-24T10:23:22.703+0000][1][safepoint    ] Entering safepoint region: Cleanup
[2019-06-24T10:23:22.704+0000][1][safepoint    ] Leaving safepoint region
[2019-06-24T10:23:22.704+0000][1][safepoint    ] Total time for which application threads were stopped: 0.0000960 seconds, Stopping threads took: 0.0000240 seconds
[2019-06-24T10:23:23.704+0000][1][safepoint    ] Application time: 1.0001690 seconds
[2019-06-24T10:23:23.704+0000][1][safepoint    ] Entering safepoint region: Cleanup
[2019-06-24T10:23:23.704+0000][1][safepoint    ] Leaving safepoint region
[2019-06-24T10:23:23.704+0000][1][safepoint    ] Total time for which application threads were stopped: 0.0002312 seconds, Stopping threads took: 0.0000626 seconds
[2019-06-24T10:23:24.704+0000][1][safepoint    ] Application time: 1.0001600 seconds
[2019-06-24T10:23:24.704+0000][1][safepoint    ] Entering safepoint region: Cleanup
[2019-06-24T10:23:24.704+0000][1][safepoint    ] Leaving safepoint region
[2019-06-24T10:23:24.704+0000][1][safepoint    ] Total time for which application threads were stopped: 0.0001686 seconds, Stopping threads took: 0.0000456 seconds
[2019-06-24T10:23:25.705+0000][1][safepoint    ] Application time: 1.0002802 seconds
[2019-06-24T10:23:25.705+0000][1][safepoint    ] Entering safepoint region: Cleanup
[2019-06-24T10:23:25.705+0000][1][safepoint    ] Leaving safepoint region
[2019-06-24T10:23:25.705+0000][1][safepoint    ] Total time for which application threads were stopped: 0.0003020 seconds, Stopping threads took: 0.0000823 seconds
[2019-06-24T10:23:26.706+0000][1][safepoint    ] Application time: 1.0002303 seconds
[2019-06-24T10:23:26.706+0000][1][safepoint    ] Entering safepoint region: Cleanup
[2019-06-24T10:23:26.707+0000][1][safepoint    ] Leaving safepoint region
[2019-06-24T10:23:26.707+0000][1][safepoint    ] Total time for which application threads were stopped: 0.0011729 seconds, Stopping threads took: 0.0009604 seconds
[2019-06-24T10:23:27.707+0000][1][safepoint    ] Application time: 1.0001596 seconds
[2019-06-24T10:23:27.707+0000][1][safepoint    ] Entering safepoint region: Cleanup
[2019-06-24T10:23:27.707+0000][1][safepoint    ] Leaving safepoint region
[2019-06-24T10:23:27.707+0000][1][safepoint    ] Total time for which application threads were stopped: 0.0001539 seconds, Stopping threads took: 0.0000404 seconds
[2019-06-24T10:23:28.707+0000][1][safepoint    ] Application time: 1.0001793 seconds
[2019-06-24T10:23:28.708+0000][1][safepoint    ] Entering safepoint region: Cleanup
[2019-06-24T10:23:28.708+0000][1][safepoint    ] Leaving safepoint region
[2019-06-24T10:23:28.708+0000][1][safepoint    ] Total time for which application threads were stopped: 0.0002327 seconds, Stopping threads took: 0.0000659 seconds
[2019-06-24T10:23:29.708+0000][1][safepoint    ] Application time: 1.0002903 seconds
[2019-06-24T10:23:29.708+0000][1][safepoint    ] Entering safepoint region: Cleanup
[2019-06-24T10:23:29.708+0000][1][safepoint    ] Leaving safepoint region
[2019-06-24T10:23:29.708+0000][1][safepoint    ] Total time for which application threads were stopped: 0.0002694 seconds, Stopping threads took: 0.0000751 seconds
[2019-06-24T10:23:30.709+0000][1][safepoint    ] Application time: 1.0002682 seconds
[2019-06-24T10:23:30.709+0000][1][safepoint    ] Entering safepoint region: Cleanup
[2019-06-24T10:23:30.709+0000][1][safepoint    ] Leaving safepoint region
[2019-06-24T10:23:30.709+0000][1][safepoint    ] Total time for which application threads were stopped: 0.0002358 seconds, Stopping threads took: 0.0000640 seconds
[2019-06-24T10:23:31.709+0000][1][safepoint    ] Application time: 1.0002949 seconds
[2019-06-24T10:23:31.710+0000][1][safepoint    ] Entering safepoint region: Cleanup
[2019-06-24T10:23:31.710+0000][1][safepoint    ] Leaving safepoint region
[2019-06-24T10:23:31.710+0000][1][safepoint    ] Total time for which application threads were stopped: 0.0008242 seconds, Stopping threads took: 0.0000246 seconds
[2019-06-24T10:23:32.711+0000][1][safepoint    ] Application time: 1.0003028 seconds
[2019-06-24T10:23:32.711+0000][1][safepoint    ] Entering safepoint region: Cleanup
[2019-06-24T10:23:32.711+0000][1][safepoint    ] Leaving safepoint region
[2019-06-24T10:23:32.711+0000][1][safepoint    ] Total time for which application threads were stopped: 0.0002272 seconds, Stopping threads took: 0.0000631 seconds
[2019-06-24T10:23:33.711+0000][1][safepoint    ] Application time: 1.0002711 seconds
[2019-06-24T10:23:33.711+0000][1][safepoint    ] Entering safepoint region: Cleanup
[2019-06-24T10:23:33.712+0000][1][safepoint    ] Leaving safepoint region
[2019-06-24T10:23:33.712+0000][1][safepoint    ] Total time for which application threads were stopped: 0.0002474 seconds, Stopping threads took: 0.0000753 seconds
[2019-06-24T10:23:34.712+0000][1][safepoint    ] Application time: 1.0001380 seconds
[2019-06-24T10:23:34.712+0000][1][safepoint    ] Entering safepoint region: Cleanup
[2019-06-24T10:23:34.712+0000][1][safepoint    ] Leaving safepoint region
[2019-06-24T10:23:34.712+0000][1][safepoint    ] Total time for which application threads were stopped: 0.0001297 seconds, Stopping threads took: 0.0000349 seconds
[2019-06-24T10:23:35.712+0000][1][safepoint    ] Application time: 1.0001390 seconds
[2019-06-24T10:23:35.712+0000][1][safepoint    ] Entering safepoint region: Cleanup
[2019-06-24T10:23:35.713+0000][1][safepoint    ] Leaving safepoint region
[2019-06-24T10:23:35.713+0000][1][safepoint    ] Total time for which application threads were stopped: 0.0003283 seconds, Stopping threads took: 0.0001062 seconds
[2019-06-24T10:23:36.713+0000][1][safepoint    ] Application time: 1.0002006 seconds
[2019-06-24T10:23:36.713+0000][1][safepoint    ] Entering safepoint region: Cleanup
[2019-06-24T10:23:36.714+0000][1][safepoint    ] Leaving safepoint region
[2019-06-24T10:23:36.714+0000][1][safepoint    ] Total time for which application threads were stopped: 0.0011398 seconds, Stopping threads took: 0.0009345 seconds
[2019-06-24T10:23:38.462+0000][1][safepoint    ] Application time: 1.7474063 seconds
[2019-06-24T10:23:38.462+0000][1][safepoint    ] Entering safepoint region: Cleanup
[2019-06-24T10:23:38.462+0000][1][safepoint    ] Leaving safepoint region
[2019-06-24T10:23:38.462+0000][1][safepoint    ] Total time for which application threads were stopped: 0.0002710 seconds, Stopping threads took: 0.0000741 seconds
[2019-06-24T10:23:39.462+0000][1][safepoint    ] Application time: 1.0001656 seconds
[2019-06-24T10:23:39.462+0000][1][safepoint    ] Entering safepoint region: Cleanup
[2019-06-24T10:23:39.463+0000][1][safepoint    ] Leaving safepoint region
[2019-06-24T10:23:39.463+0000][1][safepoint    ] Total time for which application threads were stopped: 0.0004168 seconds, Stopping threads took: 0.0001190 seconds
[2019-06-24T10:23:40.463+0000][1][safepoint    ] Application time: 1.0001568 seconds
[2019-06-24T10:23:40.463+0000][1][safepoint    ] Entering safepoint region: Cleanup
[2019-06-24T10:23:40.463+0000][1][safepoint    ] Leaving safepoint region
[2019-06-24T10:23:40.463+0000][1][safepoint    ] Total time for which application threads were stopped: 0.0004425 seconds, Stopping threads took: 0.0002018 seconds
[2019-06-24T10:23:41.464+0000][1][safepoint    ] Application time: 1.0002325 seconds
[2019-06-24T10:23:41.464+0000][1][safepoint    ] Entering safepoint region: Cleanup
[2019-06-24T10:23:41.464+0000][1][safepoint    ] Leaving safepoint region
[2019-06-24T10:23:41.464+0000][1][safepoint    ] Total time for which application threads were stopped: 0.0003734 seconds, Stopping threads took: 0.0001015 seconds
[2019-06-24T10:23:42.465+0000][1][safepoint    ] Application time: 1.0003024 seconds
[2019-06-24T10:23:42.465+0000][1][safepoint    ] Entering safepoint region: Cleanup
[2019-06-24T10:23:42.465+0000][1][safepoint    ] Leaving safepoint region
[2019-06-24T10:23:42.465+0000][1][safepoint    ] Total time for which application threads were stopped: 0.0002821 seconds, Stopping threads took: 0.0001018 seconds
[2019-06-24T10:23:43.465+0000][1][safepoint    ] Application time: 1.0003020 seconds
[2019-06-24T10:23:43.465+0000][1][safepoint    ] Entering safepoint region: Cleanup
[2019-06-24T10:23:43.465+0000][1][safepoint    ] Leaving safepoint region
[2019-06-24T10:23:43.465+0000][1][safepoint    ] Total time for which application threads were stopped: 0.0001098 seconds, Stopping threads took: 0.0000286 seconds
[2019-06-24T10:23:44.466+0000][1][safepoint    ] Application time: 1.0001039 seconds
[2019-06-24T10:23:44.466+0000][1][safepoint    ] Entering safepoint region: Cleanup
[2019-06-24T10:23:44.466+0000][1][safepoint    ] Leaving safepoint region
[2019-06-24T10:23:44.466+0000][1][safepoint    ] Total time for which application threads were stopped: 0.0001745 seconds, Stopping threads took: 0.0000487 seconds
[2019-06-24T10:23:45.466+0000][1][safepoint    ] Application time: 1.0002555 seconds
[2019-06-24T10:23:45.466+0000][1][safepoint    ] Entering safepoint region: Cleanup
[2019-06-24T10:23:45.466+0000][1][safepoint    ] Leaving safepoint region
[2019-06-24T10:23:45.467+0000][1][safepoint    ] Total time for which application threads were stopped: 0.0003114 seconds, Stopping threads took: 0.0000658 seconds
[2019-06-24T10:23:46.467+0000][1][safepoint    ] Application time: 1.0002149 seconds
[2019-06-24T10:23:46.467+0000][1][safepoint    ] Entering safepoint region: Cleanup
[2019-06-24T10:23:46.467+0000][1][safepoint    ] Leaving safepoint region
[2019-06-24T10:23:46.467+0000][1][safepoint    ] Total time for which application threads were stopped: 0.0002704 seconds, Stopping threads took: 0.0000734 seconds
[2019-06-24T10:23:47.467+0000][1][safepoint    ] Application time: 1.0002337 seconds
[2019-06-24T10:23:47.468+0000][1][safepoint    ] Entering safepoint region: Cleanup
[2019-06-24T10:23:47.468+0000][1][safepoint    ] Leaving safepoint region
[2019-06-24T10:23:47.468+0000][1][safepoint    ] Total time for which application threads were stopped: 0.0002321 seconds, Stopping threads took: 0.0000655 seconds
[2019-06-24T10:23:48.468+0000][1][safepoint    ] Application time: 1.0002592 seconds
[2019-06-24T10:23:48.468+0000][1][safepoint    ] Entering safepoint region: Cleanup
[2019-06-24T10:23:48.468+0000][1][safepoint    ] Leaving safepoint region
[2019-06-24T10:23:48.468+0000][1][safepoint    ] Total time for which application threads were stopped: 0.0002343 seconds, Stopping threads took: 0.0000656 seconds
[2019-06-24T10:23:49.469+0000][1][safepoint    ] Application time: 1.0002662 seconds
[2019-06-24T10:23:49.469+0000][1][safepoint    ] Entering safepoint region: Cleanup
[2019-06-24T10:23:49.469+0000][1][safepoint    ] Leaving safepoint region
[2019-06-24T10:23:49.469+0000][1][safepoint    ] Total time for which application threads were stopped: 0.0002662 seconds, Stopping threads took: 0.0001000 seconds
[2019-06-24T10:23:50.469+0000][1][safepoint    ] Application time: 1.0002539 seconds
[2019-06-24T10:23:50.470+0000][1][safepoint    ] Entering safepoint region: Cleanup
[2019-06-24T10:23:50.470+0000][1][safepoint    ] Leaving safepoint region
[2019-06-24T10:23:50.470+0000][1][safepoint    ] Total time for which application threads were stopped: 0.0002266 seconds, Stopping threads took: 0.0000644 seconds
[2019-06-24T10:23:51.470+0000][1][safepoint    ] Application time: 1.0002528 seconds
[2019-06-24T10:23:51.470+0000][1][safepoint    ] Entering safepoint region: Cleanup
[2019-06-24T10:23:51.470+0000][1][safepoint    ] Leaving safepoint region
[2019-06-24T10:23:51.470+0000][1][safepoint    ] Total time for which application threads were stopped: 0.0002266 seconds, Stopping threads took: 0.0000639 seconds
[2019-06-24T10:23:52.471+0000][1][safepoint    ] Application time: 1.0003161 seconds
[2019-06-24T10:23:52.471+0000][1][safepoint    ] Entering safepoint region: Cleanup
[2019-06-24T10:23:52.471+0000][1][safepoint    ] Leaving safepoint region
[2019-06-24T10:23:52.471+0000][1][safepoint    ] Total time for which application threads were stopped: 0.0002244 seconds, Stopping threads took: 0.0000646 seconds
[2019-06-24T10:23:53.471+0000][1][safepoint    ] Application time: 1.0002471 seconds
[2019-06-24T10:23:53.471+0000][1][safepoint    ] Entering safepoint region: Cleanup
[2019-06-24T10:23:53.472+0000][1][safepoint    ] Leaving safepoint region
[2019-06-24T10:23:53.472+0000][1][safepoint    ] Total time for which application threads were stopped: 0.0002243 seconds, Stopping threads took: 0.0000646 seconds
[2019-06-24T10:23:54.472+0000][1][safepoint    ] Application time: 1.0002621 seconds
[2019-06-24T10:23:54.472+0000][1][safepoint    ] Entering safepoint region: Cleanup
[2019-06-24T10:23:54.472+0000][1][safepoint    ] Leaving safepoint region
[2019-06-24T10:23:54.472+0000][1][safepoint    ] Total time for which application threads were stopped: 0.0002250 seconds, Stopping threads took: 0.0000638 seconds
[2019-06-24T10:23:55.473+0000][1][safepoint    ] Application time: 1.0002650 seconds
[2019-06-24T10:23:55.473+0000][1][safepoint    ] Entering safepoint region: Cleanup
[2019-06-24T10:23:55.473+0000][1][safepoint    ] Leaving safepoint region
[2019-06-24T10:23:55.473+0000][1][safepoint    ] Total time for which application threads were stopped: 0.0002250 seconds, Stopping threads took: 0.0000646 seconds
[2019-06-24T10:23:56.473+0000][1][safepoint    ] Application time: 1.0002779 seconds
[2019-06-24T10:23:56.473+0000][1][safepoint    ] Entering safepoint region: Cleanup
[2019-06-24T10:23:56.474+0000][1][safepoint    ] Leaving safepoint region
[2019-06-24T10:23:56.474+0000][1][safepoint    ] Total time for which application threads were stopped: 0.0002260 seconds, Stopping threads took: 0.0000648 seconds
[2019-06-24T10:23:57.474+0000][1][safepoint    ] Application time: 1.0002000 seconds
[2019-06-24T10:23:57.474+0000][1][safepoint    ] Entering safepoint region: Cleanup
[2019-06-24T10:23:57.474+0000][1][safepoint    ] Leaving safepoint region
[2019-06-24T10:23:57.474+0000][1][safepoint    ] Total time for which application threads were stopped: 0.0002861 seconds, Stopping threads took: 0.0000786 seconds
[2019-06-24T10:23:58.474+0000][1][safepoint    ] Application time: 1.0001468 seconds
[2019-06-24T10:23:58.475+0000][1][safepoint    ] Entering safepoint region: Cleanup
[2019-06-24T10:23:58.475+0000][1][safepoint    ] Leaving safepoint region
[2019-06-24T10:23:58.475+0000][1][safepoint    ] Total time for which application threads were stopped: 0.0002375 seconds, Stopping threads took: 0.0000750 seconds
[2019-06-24T10:23:59.475+0000][1][safepoint    ] Application time: 1.0002677 seconds
[2019-06-24T10:23:59.475+0000][1][safepoint    ] Entering safepoint region: Cleanup
[2019-06-24T10:23:59.475+0000][1][safepoint    ] Leaving safepoint region
[2019-06-24T10:23:59.475+0000][1][safepoint    ] Total time for which application threads were stopped: 0.0002809 seconds, Stopping threads took: 0.0000995 seconds
[2019-06-24T10:24:00.476+0000][1][safepoint    ] Application time: 1.0002682 seconds
[2019-06-24T10:24:00.476+0000][1][safepoint    ] Entering safepoint region: Cleanup
[2019-06-24T10:24:00.476+0000][1][safepoint    ] Leaving safepoint region
[2019-06-24T10:24:00.476+0000][1][safepoint    ] Total time for which application threads were stopped: 0.0002325 seconds, Stopping threads took: 0.0000649 seconds
[2019-06-24T10:24:01.476+0000][1][safepoint    ] Application time: 1.0002702 seconds
[2019-06-24T10:24:01.477+0000][1][safepoint    ] Entering safepoint region: Cleanup
[2019-06-24T10:24:01.477+0000][1][safepoint    ] Leaving safepoint region
[2019-06-24T10:24:01.477+0000][1][safepoint    ] Total time for which application threads were stopped: 0.0002295 seconds, Stopping threads took: 0.0000644 seconds
[2019-06-24T10:24:02.477+0000][1][safepoint    ] Application time: 1.0002563 seconds
[2019-06-24T10:24:02.477+0000][1][safepoint    ] Entering safepoint region: Cleanup
[2019-06-24T10:24:02.477+0000][1][safepoint    ] Leaving safepoint region
[2019-06-24T10:24:02.477+0000][1][safepoint    ] Total time for which application threads were stopped: 0.0002027 seconds, Stopping threads took: 0.0000562 seconds
[2019-06-24T10:24:03.478+0000][1][safepoint    ] Application time: 1.0001815 seconds
[2019-06-24T10:24:03.478+0000][1][safepoint    ] Entering safepoint region: Cleanup
[2019-06-24T10:24:03.478+0000][1][safepoint    ] Leaving safepoint region
[2019-06-24T10:24:03.478+0000][1][safepoint    ] Total time for which application threads were stopped: 0.0002325 seconds, Stopping threads took: 0.0000658 seconds
[2019-06-24T10:24:04.478+0000][1][safepoint    ] Application time: 1.0001833 seconds
[2019-06-24T10:24:04.478+0000][1][safepoint    ] Entering safepoint region: Cleanup
[2019-06-24T10:24:04.478+0000][1][safepoint    ] Leaving safepoint region
[2019-06-24T10:24:04.478+0000][1][safepoint    ] Total time for which application threads were stopped: 0.0002290 seconds, Stopping threads took: 0.0000648 seconds
[2019-06-24T10:24:05.479+0000][1][safepoint    ] Application time: 1.0001369 seconds
[2019-06-24T10:24:05.479+0000][1][safepoint    ] Entering safepoint region: Cleanup
[2019-06-24T10:24:05.479+0000][1][safepoint    ] Leaving safepoint region
[2019-06-24T10:24:05.479+0000][1][safepoint    ] Total time for which application threads were stopped: 0.0002199 seconds, Stopping threads took: 0.0000661 seconds
[2019-06-24T10:24:06.479+0000][1][safepoint    ] Application time: 1.0002634 seconds
[2019-06-24T10:24:06.479+0000][1][safepoint    ] Entering safepoint region: Cleanup
[2019-06-24T10:24:06.480+0000][1][safepoint    ] Leaving safepoint region
[2019-06-24T10:24:06.480+0000][1][safepoint    ] Total time for which application threads were stopped: 0.0002321 seconds, Stopping threads took: 0.0000661 seconds
[2019-06-24T10:24:07.480+0000][1][safepoint    ] Application time: 1.0002740 seconds
[2019-06-24T10:24:07.480+0000][1][safepoint    ] Entering safepoint region: Cleanup
[2019-06-24T10:24:07.480+0000][1][safepoint    ] Leaving safepoint region
[2019-06-24T10:24:07.480+0000][1][safepoint    ] Total time for which application threads were stopped: 0.0002727 seconds, Stopping threads took: 0.0000764 seconds
[2019-06-24T10:24:08.506+0000][1][safepoint    ] Application time: 1.0251510 seconds
[2019-06-24T10:24:08.506+0000][1][safepoint    ] Entering safepoint region: Cleanup
[2019-06-24T10:24:08.506+0000][1][safepoint    ] Leaving safepoint region
[2019-06-24T10:24:08.506+0000][1][safepoint    ] Total time for which application threads were stopped: 0.0002476 seconds, Stopping threads took: 0.0000638 seconds
[2019-06-24T10:24:09.506+0000][1][safepoint    ] Application time: 1.0002595 seconds
[2019-06-24T10:24:09.506+0000][1][safepoint    ] Entering safepoint region: Cleanup
[2019-06-24T10:24:09.507+0000][1][safepoint    ] Leaving safepoint region
[2019-06-24T10:24:09.507+0000][1][safepoint    ] Total time for which application threads were stopped: 0.0004209 seconds, Stopping threads took: 0.0001010 seconds
[2019-06-24T10:24:10.507+0000][1][safepoint    ] Application time: 1.0001034 seconds
[2019-06-24T10:24:10.507+0000][1][safepoint    ] Entering safepoint region: Cleanup
[2019-06-24T10:24:10.507+0000][1][safepoint    ] Leaving safepoint region
[2019-06-24T10:24:10.507+0000][1][safepoint    ] Total time for which application threads were stopped: 0.0000887 seconds, Stopping threads took: 0.0000244 seconds
[2019-06-24T10:24:11.507+0000][1][safepoint    ] Application time: 1.0000893 seconds
[2019-06-24T10:24:11.507+0000][1][safepoint    ] Entering safepoint region: Cleanup
[2019-06-24T10:24:11.507+0000][1][safepoint    ] Leaving safepoint region
[2019-06-24T10:24:11.507+0000][1][safepoint    ] Total time for which application threads were stopped: 0.0001181 seconds, Stopping threads took: 0.0000329 seconds
[2019-06-24T10:24:12.508+0000][1][safepoint    ] Application time: 1.0002445 seconds
[2019-06-24T10:24:12.508+0000][1][safepoint    ] Entering safepoint region: Cleanup
[2019-06-24T10:24:12.508+0000][1][safepoint    ] Leaving safepoint region
[2019-06-24T10:24:12.508+0000][1][safepoint    ] Total time for which application threads were stopped: 0.0002637 seconds, Stopping threads took: 0.0000741 seconds
[2019-06-24T10:24:13.508+0000][1][safepoint    ] Application time: 1.0002959 seconds
[2019-06-24T10:24:13.508+0000][1][safepoint    ] Entering safepoint region: Cleanup
[2019-06-24T10:24:13.508+0000][1][safepoint    ] Leaving safepoint region
[2019-06-24T10:24:13.508+0000][1][safepoint    ] Total time for which application threads were stopped: 0.0001024 seconds, Stopping threads took: 0.0000377 seconds
[2019-06-24T10:24:13.976+0000][1][safepoint    ] Application time: 0.4674535 seconds
[2019-06-24T10:24:13.976+0000][1][safepoint    ] Entering safepoint region: GenCollectForAllocation
[2019-06-24T10:24:13.976+0000][1][gc,start     ] GC(37) Pause Young (Allocation Failure)
[2019-06-24T10:24:13.977+0000][1][gc,task      ] GC(37) Using 5 workers of 8 for evacuation
[2019-06-24T10:24:13.980+0000][1][gc,age       ] GC(37) Desired survivor size 4456448 bytes, new threshold 6 (max threshold 6)
[2019-06-24T10:24:13.980+0000][1][gc,age       ] GC(37) Age table with threshold 6 (max threshold 6)
[2019-06-24T10:24:13.980+0000][1][gc,age       ] GC(37) - age   1:       5032 bytes,       5032 total
[2019-06-24T10:24:13.980+0000][1][gc,age       ] GC(37) - age   2:       1456 bytes,       6488 total
[2019-06-24T10:24:13.980+0000][1][gc,age       ] GC(37) - age   3:        888 bytes,       7376 total
[2019-06-24T10:24:13.980+0000][1][gc,age       ] GC(37) - age   4:       1208 bytes,       8584 total
[2019-06-24T10:24:13.980+0000][1][gc,age       ] GC(37) - age   5:        936 bytes,       9520 total
[2019-06-24T10:24:13.980+0000][1][gc,age       ] GC(37) - age   6:      69584 bytes,      79104 total
[2019-06-24T10:24:13.980+0000][1][gc,heap      ] GC(37) ParNew: 70062K->133K(78656K)
[2019-06-24T10:24:13.980+0000][1][gc,heap      ] GC(37) CMS: 69538K->69539K(174784K)
[2019-06-24T10:24:13.980+0000][1][gc,metaspace ] GC(37) Metaspace: 68168K->68168K(1112064K)
[2019-06-24T10:24:13.980+0000][1][gc           ] GC(37) Pause Young (Allocation Failure) 136M->68M(247M) 3.934ms
[2019-06-24T10:24:13.980+0000][1][gc,cpu       ] GC(37) User=0.02s Sys=0.00s Real=0.00s
[2019-06-24T10:24:13.981+0000][1][safepoint    ] Leaving safepoint region
[2019-06-24T10:24:13.981+0000][1][safepoint    ] Total time for which application threads were stopped: 0.0046378 seconds, Stopping threads took: 0.0000760 seconds
[2019-06-24T10:24:14.981+0000][1][safepoint    ] Application time: 1.0003138 seconds
[2019-06-24T10:24:14.981+0000][1][safepoint    ] Entering safepoint region: Cleanup
[2019-06-24T10:24:14.982+0000][1][safepoint    ] Leaving safepoint region
[2019-06-24T10:24:14.982+0000][1][safepoint    ] Total time for which application threads were stopped: 0.0005383 seconds, Stopping threads took: 0.0001237 seconds
[2019-06-24T10:24:15.982+0000][1][safepoint    ] Application time: 1.0003188 seconds
[2019-06-24T10:24:15.983+0000][1][safepoint    ] Entering safepoint region: Cleanup
[2019-06-24T10:24:15.983+0000][1][safepoint    ] Leaving safepoint region
[2019-06-24T10:24:15.983+0000][1][safepoint    ] Total time for which application threads were stopped: 0.0003841 seconds, Stopping threads took: 0.0001693 seconds
[2019-06-24T10:24:16.983+0000][1][safepoint    ] Application time: 1.0001880 seconds
[2019-06-24T10:24:16.983+0000][1][safepoint    ] Entering safepoint region: Cleanup
[2019-06-24T10:24:16.984+0000][1][safepoint    ] Leaving safepoint region
[2019-06-24T10:24:16.984+0000][1][safepoint    ] Total time for which application threads were stopped: 0.0003910 seconds, Stopping threads took: 0.0001124 seconds
[2019-06-24T10:24:17.984+0000][1][safepoint    ] Application time: 1.0002870 seconds
[2019-06-24T10:24:17.984+0000][1][safepoint    ] Entering safepoint region: Cleanup
[2019-06-24T10:24:17.984+0000][1][safepoint    ] Leaving safepoint region
[2019-06-24T10:24:17.984+0000][1][safepoint    ] Total time for which application threads were stopped: 0.0002283 seconds, Stopping threads took: 0.0000645 seconds
[2019-06-24T10:24:18.985+0000][1][safepoint    ] Application time: 1.0002741 seconds
[2019-06-24T10:24:18.985+0000][1][safepoint    ] Entering safepoint region: Cleanup
[2019-06-24T10:24:18.985+0000][1][safepoint    ] Leaving safepoint region
[2019-06-24T10:24:18.985+0000][1][safepoint    ] Total time for which application threads were stopped: 0.0002985 seconds, Stopping threads took: 0.0000618 seconds
[2019-06-24T10:24:19.985+0000][1][safepoint    ] Application time: 1.0001644 seconds
[2019-06-24T10:24:19.985+0000][1][safepoint    ] Entering safepoint region: Cleanup
[2019-06-24T10:24:19.985+0000][1][safepoint    ] Leaving safepoint region
[2019-06-24T10:24:19.985+0000][1][safepoint    ] Total time for which application threads were stopped: 0.0001552 seconds, Stopping threads took: 0.0000433 seconds
[2019-06-24T10:24:20.986+0000][1][safepoint    ] Application time: 1.0001184 seconds
[2019-06-24T10:24:20.986+0000][1][safepoint    ] Entering safepoint region: Cleanup
[2019-06-24T10:24:20.986+0000][1][safepoint    ] Leaving safepoint region
[2019-06-24T10:24:20.986+0000][1][safepoint    ] Total time for which application threads were stopped: 0.0001372 seconds, Stopping threads took: 0.0000370 seconds
[2019-06-24T10:24:21.986+0000][1][safepoint    ] Application time: 1.0002439 seconds
[2019-06-24T10:24:21.986+0000][1][safepoint    ] Entering safepoint region: Cleanup
[2019-06-24T10:24:21.986+0000][1][safepoint    ] Leaving safepoint region
[2019-06-24T10:24:21.986+0000][1][safepoint    ] Total time for which application threads were stopped: 0.0002277 seconds, Stopping threads took: 0.0000631 seconds
[2019-06-24T10:24:22.987+0000][1][safepoint    ] Application time: 1.0002962 seconds
[2019-06-24T10:24:22.987+0000][1][safepoint    ] Entering safepoint region: Cleanup
[2019-06-24T10:24:22.987+0000][1][safepoint    ] Leaving safepoint region
[2019-06-24T10:24:22.987+0000][1][safepoint    ] Total time for which application threads were stopped: 0.0002962 seconds, Stopping threads took: 0.0001025 seconds
[2019-06-24T10:24:23.987+0000][1][safepoint    ] Application time: 1.0002107 seconds
[2019-06-24T10:24:23.988+0000][1][safepoint    ] Entering safepoint region: Cleanup
[2019-06-24T10:24:23.988+0000][1][safepoint    ] Leaving safepoint region
[2019-06-24T10:24:23.988+0000][1][safepoint    ] Total time for which application threads were stopped: 0.0003144 seconds, Stopping threads took: 0.0001301 seconds
[2019-06-24T10:24:24.988+0000][1][safepoint    ] Application time: 1.0001910 seconds
[2019-06-24T10:24:24.988+0000][1][safepoint    ] Entering safepoint region: Cleanup
[2019-06-24T10:24:24.988+0000][1][safepoint    ] Leaving safepoint region
[2019-06-24T10:24:24.988+0000][1][safepoint    ] Total time for which application threads were stopped: 0.0002629 seconds, Stopping threads took: 0.0000856 seconds
[2019-06-24T10:24:25.989+0000][1][safepoint    ] Application time: 1.0002878 seconds
[2019-06-24T10:24:25.989+0000][1][safepoint    ] Entering safepoint region: Cleanup
[2019-06-24T10:24:25.990+0000][1][safepoint    ] Leaving safepoint region
[2019-06-24T10:24:25.990+0000][1][safepoint    ] Total time for which application threads were stopped: 0.0008233 seconds, Stopping threads took: 0.0005302 seconds
[2019-06-24T10:24:26.990+0000][1][safepoint    ] Application time: 1.0001972 seconds
[2019-06-24T10:24:26.990+0000][1][safepoint    ] Entering safepoint region: Cleanup
[2019-06-24T10:24:26.990+0000][1][safepoint    ] Leaving safepoint region
[2019-06-24T10:24:26.990+0000][1][safepoint    ] Total time for which application threads were stopped: 0.0002619 seconds, Stopping threads took: 0.0000815 seconds
[2019-06-24T10:24:27.991+0000][1][safepoint    ] Application time: 1.0002658 seconds
[2019-06-24T10:24:27.991+0000][1][safepoint    ] Entering safepoint region: Cleanup
[2019-06-24T10:24:27.991+0000][1][safepoint    ] Leaving safepoint region
[2019-06-24T10:24:27.991+0000][1][safepoint    ] Total time for which application threads were stopped: 0.0002320 seconds, Stopping threads took: 0.0000637 seconds
[2019-06-24T10:24:28.991+0000][1][safepoint    ] Application time: 1.0002764 seconds
[2019-06-24T10:24:28.991+0000][1][safepoint    ] Entering safepoint region: Cleanup
[2019-06-24T10:24:28.992+0000][1][safepoint    ] Leaving safepoint region
[2019-06-24T10:24:28.992+0000][1][safepoint    ] Total time for which application threads were stopped: 0.0003246 seconds, Stopping threads took: 0.0001139 seconds
[2019-06-24T10:24:29.992+0000][1][safepoint    ] Application time: 1.0002035 seconds
[2019-06-24T10:24:29.992+0000][1][safepoint    ] Entering safepoint region: Cleanup
[2019-06-24T10:24:29.992+0000][1][safepoint    ] Leaving safepoint region
[2019-06-24T10:24:29.992+0000][1][safepoint    ] Total time for which application threads were stopped: 0.0002899 seconds, Stopping threads took: 0.0000674 seconds
[2019-06-24T10:24:30.993+0000][1][safepoint    ] Application time: 1.0002810 seconds
[2019-06-24T10:24:30.993+0000][1][safepoint    ] Entering safepoint region: Cleanup
[2019-06-24T10:24:30.994+0000][1][safepoint    ] Leaving safepoint region
[2019-06-24T10:24:30.994+0000][1][safepoint    ] Total time for which application threads were stopped: 0.0012820 seconds, Stopping threads took: 0.0010023 seconds
[2019-06-24T10:24:32.011+0000][1][safepoint    ] Application time: 1.0166085 seconds
[2019-06-24T10:24:32.011+0000][1][safepoint    ] Entering safepoint region: Cleanup
[2019-06-24T10:24:32.011+0000][1][safepoint    ] Leaving safepoint region
[2019-06-24T10:24:32.011+0000][1][safepoint    ] Total time for which application threads were stopped: 0.0002312 seconds, Stopping threads took: 0.0000633 seconds
[2019-06-24T10:24:33.011+0000][1][safepoint    ] Application time: 1.0002658 seconds
[2019-06-24T10:24:33.012+0000][1][safepoint    ] Entering safepoint region: Cleanup
[2019-06-24T10:24:33.012+0000][1][safepoint    ] Leaving safepoint region
[2019-06-24T10:24:33.012+0000][1][safepoint    ] Total time for which application threads were stopped: 0.0002905 seconds, Stopping threads took: 0.0000903 seconds
[2019-06-24T10:24:34.012+0000][1][safepoint    ] Application time: 1.0001685 seconds
[2019-06-24T10:24:34.012+0000][1][safepoint    ] Entering safepoint region: Cleanup
[2019-06-24T10:24:34.012+0000][1][safepoint    ] Leaving safepoint region
[2019-06-24T10:24:34.012+0000][1][safepoint    ] Total time for which application threads were stopped: 0.0001031 seconds, Stopping threads took: 0.0000284 seconds
[2019-06-24T10:24:35.013+0000][1][safepoint    ] Application time: 1.0002913 seconds
[2019-06-24T10:24:35.013+0000][1][safepoint    ] Entering safepoint region: Cleanup
[2019-06-24T10:24:35.013+0000][1][safepoint    ] Leaving safepoint region
[2019-06-24T10:24:35.013+0000][1][safepoint    ] Total time for which application threads were stopped: 0.0000880 seconds, Stopping threads took: 0.0000247 seconds
[2019-06-24T10:24:36.013+0000][1][safepoint    ] Application time: 1.0002328 seconds
[2019-06-24T10:24:36.013+0000][1][safepoint    ] Entering safepoint region: Cleanup
[2019-06-24T10:24:36.014+0000][1][safepoint    ] Leaving safepoint region
[2019-06-24T10:24:36.014+0000][1][safepoint    ] Total time for which application threads were stopped: 0.0011716 seconds, Stopping threads took: 0.0008677 seconds
[2019-06-24T10:24:37.015+0000][1][safepoint    ] Application time: 1.0002317 seconds
[2019-06-24T10:24:37.015+0000][1][safepoint    ] Entering safepoint region: Cleanup
[2019-06-24T10:24:37.015+0000][1][safepoint    ] Leaving safepoint region
[2019-06-24T10:24:37.015+0000][1][safepoint    ] Total time for which application threads were stopped: 0.0003367 seconds, Stopping threads took: 0.0001189 seconds
[2019-06-24T10:24:38.015+0000][1][safepoint    ] Application time: 1.0002332 seconds
[2019-06-24T10:24:38.015+0000][1][safepoint    ] Entering safepoint region: Cleanup
[2019-06-24T10:24:38.016+0000][1][safepoint    ] Leaving safepoint region
[2019-06-24T10:24:38.016+0000][1][safepoint    ] Total time for which application threads were stopped: 0.0002881 seconds, Stopping threads took: 0.0001010 seconds
[2019-06-24T10:24:39.016+0000][1][safepoint    ] Application time: 1.0001452 seconds
[2019-06-24T10:24:39.016+0000][1][safepoint    ] Entering safepoint region: Cleanup
[2019-06-24T10:24:39.016+0000][1][safepoint    ] Leaving safepoint region
[2019-06-24T10:24:39.016+0000][1][safepoint    ] Total time for which application threads were stopped: 0.0001264 seconds, Stopping threads took: 0.0000434 seconds
[2019-06-24T10:24:40.016+0000][1][safepoint    ] Application time: 1.0002451 seconds
[2019-06-24T10:24:40.016+0000][1][safepoint    ] Entering safepoint region: Cleanup
[2019-06-24T10:24:40.017+0000][1][safepoint    ] Leaving safepoint region
[2019-06-24T10:24:40.017+0000][1][safepoint    ] Total time for which application threads were stopped: 0.0002372 seconds, Stopping threads took: 0.0000635 seconds
[2019-06-24T10:24:41.017+0000][1][safepoint    ] Application time: 1.0002016 seconds
[2019-06-24T10:24:41.017+0000][1][safepoint    ] Entering safepoint region: Cleanup
[2019-06-24T10:24:41.017+0000][1][safepoint    ] Leaving safepoint region
[2019-06-24T10:24:41.017+0000][1][safepoint    ] Total time for which application threads were stopped: 0.0002208 seconds, Stopping threads took: 0.0000606 seconds
[2019-06-24T10:24:42.017+0000][1][safepoint    ] Application time: 1.0001398 seconds
[2019-06-24T10:24:42.018+0000][1][safepoint    ] Entering safepoint region: Cleanup
[2019-06-24T10:24:42.018+0000][1][safepoint    ] Leaving safepoint region
[2019-06-24T10:24:42.018+0000][1][safepoint    ] Total time for which application threads were stopped: 0.0002252 seconds, Stopping threads took: 0.0000637 seconds
[2019-06-24T10:24:43.018+0000][1][safepoint    ] Application time: 1.0001748 seconds
[2019-06-24T10:24:43.018+0000][1][safepoint    ] Entering safepoint region: Cleanup
[2019-06-24T10:24:43.018+0000][1][safepoint    ] Leaving safepoint region
[2019-06-24T10:24:43.018+0000][1][safepoint    ] Total time for which application threads were stopped: 0.0002217 seconds, Stopping threads took: 0.0000601 seconds
[2019-06-24T10:24:44.019+0000][1][safepoint    ] Application time: 1.0002963 seconds
[2019-06-24T10:24:44.019+0000][1][safepoint    ] Entering safepoint region: Cleanup
[2019-06-24T10:24:44.019+0000][1][safepoint    ] Leaving safepoint region
[2019-06-24T10:24:44.019+0000][1][safepoint    ] Total time for which application threads were stopped: 0.0001001 seconds, Stopping threads took: 0.0000358 seconds
[2019-06-24T10:24:45.019+0000][1][safepoint    ] Application time: 1.0001639 seconds
[2019-06-24T10:24:45.019+0000][1][safepoint    ] Entering safepoint region: Cleanup
[2019-06-24T10:24:45.019+0000][1][safepoint    ] Leaving safepoint region
[2019-06-24T10:24:45.019+0000][1][safepoint    ] Total time for which application threads were stopped: 0.0003001 seconds, Stopping threads took: 0.0000833 seconds
[2019-06-24T10:24:46.020+0000][1][safepoint    ] Application time: 1.0003682 seconds
[2019-06-24T10:24:46.020+0000][1][safepoint    ] Entering safepoint region: Cleanup
[2019-06-24T10:24:46.020+0000][1][safepoint    ] Leaving safepoint region
[2019-06-24T10:24:46.020+0000][1][safepoint    ] Total time for which application threads were stopped: 0.0003774 seconds, Stopping threads took: 0.0000928 seconds
[2019-06-24T10:24:47.021+0000][1][safepoint    ] Application time: 1.0002804 seconds
[2019-06-24T10:24:47.021+0000][1][safepoint    ] Entering safepoint region: Cleanup
[2019-06-24T10:24:47.021+0000][1][safepoint    ] Leaving safepoint region
[2019-06-24T10:24:47.021+0000][1][safepoint    ] Total time for which application threads were stopped: 0.0002677 seconds, Stopping threads took: 0.0000753 seconds
[2019-06-24T10:24:48.021+0000][1][safepoint    ] Application time: 1.0003109 seconds
[2019-06-24T10:24:48.022+0000][1][safepoint    ] Entering safepoint region: Cleanup
[2019-06-24T10:24:48.022+0000][1][safepoint    ] Leaving safepoint region
[2019-06-24T10:24:48.022+0000][1][safepoint    ] Total time for which application threads were stopped: 0.0002948 seconds, Stopping threads took: 0.0000786 seconds
[2019-06-24T10:24:49.022+0000][1][safepoint    ] Application time: 1.0002386 seconds
[2019-06-24T10:24:49.022+0000][1][safepoint    ] Entering safepoint region: Cleanup
[2019-06-24T10:24:49.023+0000][1][safepoint    ] Leaving safepoint region
[2019-06-24T10:24:49.023+0000][1][safepoint    ] Total time for which application threads were stopped: 0.0004017 seconds, Stopping threads took: 0.0000908 seconds
[2019-06-24T10:24:50.023+0000][1][safepoint    ] Application time: 1.0002510 seconds
[2019-06-24T10:24:50.023+0000][1][safepoint    ] Entering safepoint region: Cleanup
[2019-06-24T10:24:50.023+0000][1][safepoint    ] Leaving safepoint region
[2019-06-24T10:24:50.023+0000][1][safepoint    ] Total time for which application threads were stopped: 0.0002306 seconds, Stopping threads took: 0.0000636 seconds
[2019-06-24T10:24:51.024+0000][1][safepoint    ] Application time: 1.0002671 seconds
[2019-06-24T10:24:51.024+0000][1][safepoint    ] Entering safepoint region: Cleanup
[2019-06-24T10:24:51.024+0000][1][safepoint    ] Leaving safepoint region
[2019-06-24T10:24:51.024+0000][1][safepoint    ] Total time for which application threads were stopped: 0.0002348 seconds, Stopping threads took: 0.0000648 seconds
[2019-06-24T10:24:52.024+0000][1][safepoint    ] Application time: 1.0001609 seconds
[2019-06-24T10:24:52.024+0000][1][safepoint    ] Entering safepoint region: Cleanup
[2019-06-24T10:24:52.024+0000][1][safepoint    ] Leaving safepoint region
[2019-06-24T10:24:52.024+0000][1][safepoint    ] Total time for which application threads were stopped: 0.0001544 seconds, Stopping threads took: 0.0000438 seconds
[2019-06-24T10:24:53.025+0000][1][safepoint    ] Application time: 1.0001685 seconds
[2019-06-24T10:24:53.025+0000][1][safepoint    ] Entering safepoint region: Cleanup
[2019-06-24T10:24:53.025+0000][1][safepoint    ] Leaving safepoint region
[2019-06-24T10:24:53.025+0000][1][safepoint    ] Total time for which application threads were stopped: 0.0002273 seconds, Stopping threads took: 0.0000628 seconds
[2019-06-24T10:24:54.025+0000][1][safepoint    ] Application time: 1.0002043 seconds
[2019-06-24T10:24:54.025+0000][1][safepoint    ] Entering safepoint region: Cleanup
[2019-06-24T10:24:54.025+0000][1][safepoint    ] Leaving safepoint region
[2019-06-24T10:24:54.025+0000][1][safepoint    ] Total time for which application threads were stopped: 0.0002238 seconds, Stopping threads took: 0.0000642 seconds
[2019-06-24T10:24:55.026+0000][1][safepoint    ] Application time: 1.0001064 seconds
[2019-06-24T10:24:55.026+0000][1][safepoint    ] Entering safepoint region: Cleanup
[2019-06-24T10:24:55.026+0000][1][safepoint    ] Leaving safepoint region
[2019-06-24T10:24:55.026+0000][1][safepoint    ] Total time for which application threads were stopped: 0.0001176 seconds, Stopping threads took: 0.0000356 seconds
[2019-06-24T10:24:56.026+0000][1][safepoint    ] Application time: 1.0002586 seconds
[2019-06-24T10:24:56.026+0000][1][safepoint    ] Entering safepoint region: Cleanup
[2019-06-24T10:24:56.026+0000][1][safepoint    ] Leaving safepoint region
[2019-06-24T10:24:56.027+0000][1][safepoint    ] Total time for which application threads were stopped: 0.0002991 seconds, Stopping threads took: 0.0000759 seconds
[2019-06-24T10:24:57.027+0000][1][safepoint    ] Application time: 1.0002038 seconds
[2019-06-24T10:24:57.027+0000][1][safepoint    ] Entering safepoint region: Cleanup
[2019-06-24T10:24:57.027+0000][1][safepoint    ] Leaving safepoint region
[2019-06-24T10:24:57.027+0000][1][safepoint    ] Total time for which application threads were stopped: 0.0002322 seconds, Stopping threads took: 0.0000643 seconds
[2019-06-24T10:24:58.027+0000][1][safepoint    ] Application time: 1.0001552 seconds
[2019-06-24T10:24:58.027+0000][1][safepoint    ] Entering safepoint region: Cleanup
[2019-06-24T10:24:58.028+0000][1][safepoint    ] Leaving safepoint region
[2019-06-24T10:24:58.028+0000][1][safepoint    ] Total time for which application threads were stopped: 0.0002203 seconds, Stopping threads took: 0.0000641 seconds
[2019-06-24T10:24:59.028+0000][1][safepoint    ] Application time: 1.0002625 seconds
[2019-06-24T10:24:59.028+0000][1][safepoint    ] Entering safepoint region: Cleanup
[2019-06-24T10:24:59.028+0000][1][safepoint    ] Leaving safepoint region
[2019-06-24T10:24:59.028+0000][1][safepoint    ] Total time for which application threads were stopped: 0.0002272 seconds, Stopping threads took: 0.0000625 seconds
[2019-06-24T10:25:00.029+0000][1][safepoint    ] Application time: 1.0002367 seconds
[2019-06-24T10:25:00.029+0000][1][safepoint    ] Entering safepoint region: Cleanup
[2019-06-24T10:25:00.029+0000][1][safepoint    ] Leaving safepoint region
[2019-06-24T10:25:00.029+0000][1][safepoint    ] Total time for which application threads were stopped: 0.0001860 seconds, Stopping threads took: 0.0000514 seconds
[2019-06-24T10:25:01.029+0000][1][safepoint    ] Application time: 1.0002525 seconds
[2019-06-24T10:25:01.029+0000][1][safepoint    ] Entering safepoint region: Cleanup
[2019-06-24T10:25:01.029+0000][1][safepoint    ] Leaving safepoint region
[2019-06-24T10:25:01.029+0000][1][safepoint    ] Total time for which application threads were stopped: 0.0002283 seconds, Stopping threads took: 0.0000628 seconds
[2019-06-24T10:25:02.030+0000][1][safepoint    ] Application time: 1.0001989 seconds
[2019-06-24T10:25:02.030+0000][1][safepoint    ] Entering safepoint region: Cleanup
[2019-06-24T10:25:02.030+0000][1][safepoint    ] Leaving safepoint region
[2019-06-24T10:25:02.030+0000][1][safepoint    ] Total time for which application threads were stopped: 0.0002927 seconds, Stopping threads took: 0.0000823 seconds
[2019-06-24T10:25:03.030+0000][1][safepoint    ] Application time: 1.0002692 seconds
[2019-06-24T10:25:03.031+0000][1][safepoint    ] Entering safepoint region: Cleanup
[2019-06-24T10:25:03.031+0000][1][safepoint    ] Leaving safepoint region
[2019-06-24T10:25:03.031+0000][1][safepoint    ] Total time for which application threads were stopped: 0.0002364 seconds, Stopping threads took: 0.0000709 seconds
[2019-06-24T10:25:04.031+0000][1][safepoint    ] Application time: 1.0002768 seconds
[2019-06-24T10:25:04.031+0000][1][safepoint    ] Entering safepoint region: Cleanup
[2019-06-24T10:25:04.031+0000][1][safepoint    ] Leaving safepoint region
[2019-06-24T10:25:04.031+0000][1][safepoint    ] Total time for which application threads were stopped: 0.0002328 seconds, Stopping threads took: 0.0000654 seconds
[2019-06-24T10:25:05.032+0000][1][safepoint    ] Application time: 1.0001915 seconds
[2019-06-24T10:25:05.032+0000][1][safepoint    ] Entering safepoint region: Cleanup
[2019-06-24T10:25:05.032+0000][1][safepoint    ] Leaving safepoint region
[2019-06-24T10:25:05.032+0000][1][safepoint    ] Total time for which application threads were stopped: 0.0002276 seconds, Stopping threads took: 0.0000643 seconds
[2019-06-24T10:25:06.032+0000][1][safepoint    ] Application time: 1.0001927 seconds
[2019-06-24T10:25:06.032+0000][1][safepoint    ] Entering safepoint region: Cleanup
[2019-06-24T10:25:06.033+0000][1][safepoint    ] Leaving safepoint region
[2019-06-24T10:25:06.033+0000][1][safepoint    ] Total time for which application threads were stopped: 0.0002124 seconds, Stopping threads took: 0.0000606 seconds
[2019-06-24T10:25:07.033+0000][1][safepoint    ] Application time: 1.0002916 seconds
[2019-06-24T10:25:07.033+0000][1][safepoint    ] Entering safepoint region: Cleanup
[2019-06-24T10:25:07.033+0000][1][safepoint    ] Leaving safepoint region
[2019-06-24T10:25:07.033+0000][1][safepoint    ] Total time for which application threads were stopped: 0.0003687 seconds, Stopping threads took: 0.0000621 seconds
[2019-06-24T10:25:08.034+0000][1][safepoint    ] Application time: 1.0002715 seconds
[2019-06-24T10:25:08.034+0000][1][safepoint    ] Entering safepoint region: Cleanup
[2019-06-24T10:25:08.034+0000][1][safepoint    ] Leaving safepoint region
[2019-06-24T10:25:08.034+0000][1][safepoint    ] Total time for which application threads were stopped: 0.0002294 seconds, Stopping threads took: 0.0000631 seconds
[2019-06-24T10:25:09.034+0000][1][safepoint    ] Application time: 1.0002713 seconds
[2019-06-24T10:25:09.034+0000][1][safepoint    ] Entering safepoint region: Cleanup
[2019-06-24T10:25:09.035+0000][1][safepoint    ] Leaving safepoint region
[2019-06-24T10:25:09.035+0000][1][safepoint    ] Total time for which application threads were stopped: 0.0002789 seconds, Stopping threads took: 0.0000974 seconds
[2019-06-24T10:25:10.035+0000][1][safepoint    ] Application time: 1.0001429 seconds
[2019-06-24T10:25:10.035+0000][1][safepoint    ] Entering safepoint region: Cleanup
[2019-06-24T10:25:10.035+0000][1][safepoint    ] Leaving safepoint region
[2019-06-24T10:25:10.035+0000][1][safepoint    ] Total time for which application threads were stopped: 0.0003084 seconds, Stopping threads took: 0.0000702 seconds
[2019-06-24T10:25:11.036+0000][1][safepoint    ] Application time: 1.0002858 seconds
[2019-06-24T10:25:11.036+0000][1][safepoint    ] Entering safepoint region: Cleanup
[2019-06-24T10:25:11.036+0000][1][safepoint    ] Leaving safepoint region
[2019-06-24T10:25:11.036+0000][1][safepoint    ] Total time for which application threads were stopped: 0.0002890 seconds, Stopping threads took: 0.0001026 seconds
[2019-06-24T10:25:12.036+0000][1][safepoint    ] Application time: 1.0001432 seconds
[2019-06-24T10:25:12.036+0000][1][safepoint    ] Entering safepoint region: Cleanup
[2019-06-24T10:25:12.036+0000][1][safepoint    ] Leaving safepoint region
[2019-06-24T10:25:12.036+0000][1][safepoint    ] Total time for which application threads were stopped: 0.0000991 seconds, Stopping threads took: 0.0000288 seconds
[2019-06-24T10:25:13.037+0000][1][safepoint    ] Application time: 1.0001866 seconds
[2019-06-24T10:25:13.037+0000][1][safepoint    ] Entering safepoint region: Cleanup
[2019-06-24T10:25:13.037+0000][1][safepoint    ] Leaving safepoint region
[2019-06-24T10:25:13.037+0000][1][safepoint    ] Total time for which application threads were stopped: 0.0002251 seconds, Stopping threads took: 0.0000627 seconds
[2019-06-24T10:25:14.037+0000][1][safepoint    ] Application time: 1.0002760 seconds
[2019-06-24T10:25:14.037+0000][1][safepoint    ] Entering safepoint region: Cleanup
[2019-06-24T10:25:14.038+0000][1][safepoint    ] Leaving safepoint region
[2019-06-24T10:25:14.038+0000][1][safepoint    ] Total time for which application threads were stopped: 0.0002716 seconds, Stopping threads took: 0.0000727 seconds
[2019-06-24T10:25:15.038+0000][1][safepoint    ] Application time: 1.0002729 seconds
[2019-06-24T10:25:15.038+0000][1][safepoint    ] Entering safepoint region: Cleanup
[2019-06-24T10:25:15.038+0000][1][safepoint    ] Leaving safepoint region
[2019-06-24T10:25:15.038+0000][1][safepoint    ] Total time for which application threads were stopped: 0.0003300 seconds, Stopping threads took: 0.0001434 seconds
[2019-06-24T10:25:16.039+0000][1][safepoint    ] Application time: 1.0002735 seconds
[2019-06-24T10:25:16.039+0000][1][safepoint    ] Entering safepoint region: Cleanup
[2019-06-24T10:25:16.039+0000][1][safepoint    ] Leaving safepoint region
[2019-06-24T10:25:16.039+0000][1][safepoint    ] Total time for which application threads were stopped: 0.0000850 seconds, Stopping threads took: 0.0000249 seconds
[2019-06-24T10:25:17.039+0000][1][safepoint    ] Application time: 1.0001881 seconds
[2019-06-24T10:25:17.039+0000][1][safepoint    ] Entering safepoint region: Cleanup
[2019-06-24T10:25:17.039+0000][1][safepoint    ] Leaving safepoint region
[2019-06-24T10:25:17.039+0000][1][safepoint    ] Total time for which application threads were stopped: 0.0002384 seconds, Stopping threads took: 0.0000679 seconds
[2019-06-24T10:25:18.040+0000][1][safepoint    ] Application time: 1.0001768 seconds
[2019-06-24T10:25:18.040+0000][1][safepoint    ] Entering safepoint region: Cleanup
[2019-06-24T10:25:18.040+0000][1][safepoint    ] Leaving safepoint region
[2019-06-24T10:25:18.040+0000][1][safepoint    ] Total time for which application threads were stopped: 0.0002270 seconds, Stopping threads took: 0.0000795 seconds
[2019-06-24T10:25:19.040+0000][1][safepoint    ] Application time: 1.0002040 seconds
[2019-06-24T10:25:19.040+0000][1][safepoint    ] Entering safepoint region: Cleanup
[2019-06-24T10:25:19.040+0000][1][safepoint    ] Leaving safepoint region
[2019-06-24T10:25:19.040+0000][1][safepoint    ] Total time for which application threads were stopped: 0.0002355 seconds, Stopping threads took: 0.0000634 seconds
[2019-06-24T10:25:20.041+0000][1][safepoint    ] Application time: 1.0001825 seconds
[2019-06-24T10:25:20.041+0000][1][safepoint    ] Entering safepoint region: Cleanup
[2019-06-24T10:25:20.041+0000][1][safepoint    ] Leaving safepoint region
[2019-06-24T10:25:20.041+0000][1][safepoint    ] Total time for which application threads were stopped: 0.0002175 seconds, Stopping threads took: 0.0000591 seconds
[2019-06-24T10:25:21.041+0000][1][safepoint    ] Application time: 1.0001877 seconds
[2019-06-24T10:25:21.041+0000][1][safepoint    ] Entering safepoint region: Cleanup
[2019-06-24T10:25:21.042+0000][1][safepoint    ] Leaving safepoint region
[2019-06-24T10:25:21.042+0000][1][safepoint    ] Total time for which application threads were stopped: 0.0003073 seconds, Stopping threads took: 0.0000829 seconds
[2019-06-24T10:25:22.042+0000][1][safepoint    ] Application time: 1.0001907 seconds
[2019-06-24T10:25:22.042+0000][1][safepoint    ] Entering safepoint region: Cleanup
[2019-06-24T10:25:22.042+0000][1][safepoint    ] Leaving safepoint region
[2019-06-24T10:25:22.042+0000][1][safepoint    ] Total time for which application threads were stopped: 0.0002218 seconds, Stopping threads took: 0.0000624 seconds
[2019-06-24T10:25:23.043+0000][1][safepoint    ] Application time: 1.0003707 seconds
[2019-06-24T10:25:23.043+0000][1][safepoint    ] Entering safepoint region: Cleanup
[2019-06-24T10:25:23.043+0000][1][safepoint    ] Leaving safepoint region
[2019-06-24T10:25:23.043+0000][1][safepoint    ] Total time for which application threads were stopped: 0.0002551 seconds, Stopping threads took: 0.0000748 seconds
[2019-06-24T10:25:24.043+0000][1][safepoint    ] Application time: 1.0002605 seconds
[2019-06-24T10:25:24.043+0000][1][safepoint    ] Entering safepoint region: Cleanup
[2019-06-24T10:25:24.044+0000][1][safepoint    ] Leaving safepoint region
[2019-06-24T10:25:24.044+0000][1][safepoint    ] Total time for which application threads were stopped: 0.0002263 seconds, Stopping threads took: 0.0000623 seconds
[2019-06-24T10:25:25.044+0000][1][safepoint    ] Application time: 1.0002504 seconds
[2019-06-24T10:25:25.044+0000][1][safepoint    ] Entering safepoint region: Cleanup
[2019-06-24T10:25:25.044+0000][1][safepoint    ] Leaving safepoint region
[2019-06-24T10:25:25.044+0000][1][safepoint    ] Total time for which application threads were stopped: 0.0002596 seconds, Stopping threads took: 0.0000896 seconds
[2019-06-24T10:25:26.044+0000][1][safepoint    ] Application time: 1.0001573 seconds
[2019-06-24T10:25:26.045+0000][1][safepoint    ] Entering safepoint region: Cleanup
[2019-06-24T10:25:26.045+0000][1][safepoint    ] Leaving safepoint region
[2019-06-24T10:25:26.045+0000][1][safepoint    ] Total time for which application threads were stopped: 0.0002443 seconds, Stopping threads took: 0.0000706 seconds
[2019-06-24T10:25:27.045+0000][1][safepoint    ] Application time: 1.0001079 seconds
[2019-06-24T10:25:27.045+0000][1][safepoint    ] Entering safepoint region: Cleanup
[2019-06-24T10:25:27.045+0000][1][safepoint    ] Leaving safepoint region
[2019-06-24T10:25:27.045+0000][1][safepoint    ] Total time for which application threads were stopped: 0.0001610 seconds, Stopping threads took: 0.0000386 seconds
[2019-06-24T10:25:28.045+0000][1][safepoint    ] Application time: 1.0002198 seconds
[2019-06-24T10:25:28.045+0000][1][safepoint    ] Entering safepoint region: Cleanup
[2019-06-24T10:25:28.046+0000][1][safepoint    ] Leaving safepoint region
[2019-06-24T10:25:28.046+0000][1][safepoint    ] Total time for which application threads were stopped: 0.0000988 seconds, Stopping threads took: 0.0000269 seconds
[2019-06-24T10:25:29.046+0000][1][safepoint    ] Application time: 1.0001478 seconds
[2019-06-24T10:25:29.046+0000][1][safepoint    ] Entering safepoint region: Cleanup
[2019-06-24T10:25:29.046+0000][1][safepoint    ] Leaving safepoint region
[2019-06-24T10:25:29.046+0000][1][safepoint    ] Total time for which application threads were stopped: 0.0001532 seconds, Stopping threads took: 0.0000362 seconds
[2019-06-24T10:25:30.046+0000][1][safepoint    ] Application time: 1.0001837 seconds
[2019-06-24T10:25:30.046+0000][1][safepoint    ] Entering safepoint region: Cleanup
[2019-06-24T10:25:30.046+0000][1][safepoint    ] Leaving safepoint region
[2019-06-24T10:25:30.046+0000][1][safepoint    ] Total time for which application threads were stopped: 0.0002361 seconds, Stopping threads took: 0.0000675 seconds
[2019-06-24T10:25:31.047+0000][1][safepoint    ] Application time: 1.0001702 seconds
[2019-06-24T10:25:31.047+0000][1][safepoint    ] Entering safepoint region: Cleanup
[2019-06-24T10:25:31.047+0000][1][safepoint    ] Leaving safepoint region
[2019-06-24T10:25:31.047+0000][1][safepoint    ] Total time for which application threads were stopped: 0.0002429 seconds, Stopping threads took: 0.0000848 seconds
[2019-06-24T10:25:32.047+0000][1][safepoint    ] Application time: 1.0002961 seconds
[2019-06-24T10:25:32.048+0000][1][safepoint    ] Entering safepoint region: Cleanup
[2019-06-24T10:25:32.048+0000][1][safepoint    ] Leaving safepoint region
[2019-06-24T10:25:32.048+0000][1][safepoint    ] Total time for which application threads were stopped: 0.0002871 seconds, Stopping threads took: 0.0000974 seconds
[2019-06-24T10:25:33.048+0000][1][safepoint    ] Application time: 1.0002707 seconds
[2019-06-24T10:25:33.048+0000][1][safepoint    ] Entering safepoint region: Cleanup
[2019-06-24T10:25:33.049+0000][1][safepoint    ] Leaving safepoint region
[2019-06-24T10:25:33.049+0000][1][safepoint    ] Total time for which application threads were stopped: 0.0003274 seconds, Stopping threads took: 0.0000899 seconds
[2019-06-24T10:25:34.049+0000][1][safepoint    ] Application time: 1.0002720 seconds
[2019-06-24T10:25:34.049+0000][1][safepoint    ] Entering safepoint region: Cleanup
[2019-06-24T10:25:34.049+0000][1][safepoint    ] Leaving safepoint region
[2019-06-24T10:25:34.049+0000][1][safepoint    ] Total time for which application threads were stopped: 0.0002318 seconds, Stopping threads took: 0.0000643 seconds
[2019-06-24T10:25:35.050+0000][1][safepoint    ] Application time: 1.0002644 seconds
[2019-06-24T10:25:35.050+0000][1][safepoint    ] Entering safepoint region: Cleanup
[2019-06-24T10:25:35.050+0000][1][safepoint    ] Leaving safepoint region
[2019-06-24T10:25:35.050+0000][1][safepoint    ] Total time for which application threads were stopped: 0.0002226 seconds, Stopping threads took: 0.0000641 seconds
[2019-06-24T10:25:36.050+0000][1][safepoint    ] Application time: 1.0002671 seconds
[2019-06-24T10:25:36.050+0000][1][safepoint    ] Entering safepoint region: Cleanup
[2019-06-24T10:25:36.051+0000][1][safepoint    ] Leaving safepoint region
[2019-06-24T10:25:36.051+0000][1][safepoint    ] Total time for which application threads were stopped: 0.0003612 seconds, Stopping threads took: 0.0002030 seconds
[2019-06-24T10:25:37.051+0000][1][safepoint    ] Application time: 1.0001026 seconds
[2019-06-24T10:25:37.051+0000][1][safepoint    ] Entering safepoint region: Cleanup
[2019-06-24T10:25:37.051+0000][1][safepoint    ] Leaving safepoint region
[2019-06-24T10:25:37.051+0000][1][safepoint    ] Total time for which application threads were stopped: 0.0000821 seconds, Stopping threads took: 0.0000249 seconds
[2019-06-24T10:25:38.051+0000][1][safepoint    ] Application time: 1.0001219 seconds
[2019-06-24T10:25:38.051+0000][1][safepoint    ] Entering safepoint region: Cleanup
[2019-06-24T10:25:38.051+0000][1][safepoint    ] Leaving safepoint region
[2019-06-24T10:25:38.051+0000][1][safepoint    ] Total time for which application threads were stopped: 0.0002613 seconds, Stopping threads took: 0.0000627 seconds
[2019-06-24T10:25:39.052+0000][1][safepoint    ] Application time: 1.0001001 seconds
[2019-06-24T10:25:39.052+0000][1][safepoint    ] Entering safepoint region: Cleanup
[2019-06-24T10:25:39.052+0000][1][safepoint    ] Leaving safepoint region
[2019-06-24T10:25:39.052+0000][1][safepoint    ] Total time for which application threads were stopped: 0.0001017 seconds, Stopping threads took: 0.0000285 seconds
[2019-06-24T10:25:40.052+0000][1][safepoint    ] Application time: 1.0001089 seconds
[2019-06-24T10:25:40.052+0000][1][safepoint    ] Entering safepoint region: Cleanup
[2019-06-24T10:25:40.052+0000][1][safepoint    ] Leaving safepoint region
[2019-06-24T10:25:40.052+0000][1][safepoint    ] Total time for which application threads were stopped: 0.0002634 seconds, Stopping threads took: 0.0000928 seconds
[2019-06-24T10:25:41.053+0000][1][safepoint    ] Application time: 1.0002787 seconds
[2019-06-24T10:25:41.053+0000][1][safepoint    ] Entering safepoint region: Cleanup
[2019-06-24T10:25:41.053+0000][1][safepoint    ] Leaving safepoint region
[2019-06-24T10:25:41.053+0000][1][safepoint    ] Total time for which application threads were stopped: 0.0003243 seconds, Stopping threads took: 0.0000989 seconds
[2019-06-24T10:25:42.053+0000][1][safepoint    ] Application time: 1.0001460 seconds
[2019-06-24T10:25:42.053+0000][1][safepoint    ] Entering safepoint region: Cleanup
[2019-06-24T10:25:42.053+0000][1][safepoint    ] Leaving safepoint region
[2019-06-24T10:25:42.053+0000][1][safepoint    ] Total time for which application threads were stopped: 0.0001303 seconds, Stopping threads took: 0.0000369 seconds
[2019-06-24T10:25:43.054+0000][1][safepoint    ] Application time: 1.0002655 seconds
[2019-06-24T10:25:43.054+0000][1][safepoint    ] Entering safepoint region: Cleanup
[2019-06-24T10:25:43.054+0000][1][safepoint    ] Leaving safepoint region
[2019-06-24T10:25:43.054+0000][1][safepoint    ] Total time for which application threads were stopped: 0.0002670 seconds, Stopping threads took: 0.0000765 seconds
[2019-06-24T10:25:44.054+0000][1][safepoint    ] Application time: 1.0002104 seconds
[2019-06-24T10:25:44.054+0000][1][safepoint    ] Entering safepoint region: Cleanup
[2019-06-24T10:25:44.055+0000][1][safepoint    ] Leaving safepoint region
[2019-06-24T10:25:44.055+0000][1][safepoint    ] Total time for which application threads were stopped: 0.0003494 seconds, Stopping threads took: 0.0001799 seconds
[2019-06-24T10:25:45.055+0000][1][safepoint    ] Application time: 1.0002019 seconds
[2019-06-24T10:25:45.055+0000][1][safepoint    ] Entering safepoint region: Cleanup
[2019-06-24T10:25:45.055+0000][1][safepoint    ] Leaving safepoint region
[2019-06-24T10:25:45.055+0000][1][safepoint    ] Total time for which application threads were stopped: 0.0002326 seconds, Stopping threads took: 0.0000659 seconds
[2019-06-24T10:25:46.056+0000][1][safepoint    ] Application time: 1.0002768 seconds
[2019-06-24T10:25:46.056+0000][1][safepoint    ] Entering safepoint region: Cleanup
[2019-06-24T10:25:46.056+0000][1][safepoint    ] Leaving safepoint region
[2019-06-24T10:25:46.056+0000][1][safepoint    ] Total time for which application threads were stopped: 0.0002791 seconds, Stopping threads took: 0.0001056 seconds
[2019-06-24T10:25:47.102+0000][1][safepoint    ] Application time: 1.0458324 seconds
[2019-06-24T10:25:47.102+0000][1][safepoint    ] Entering safepoint region: Cleanup
[2019-06-24T10:25:47.102+0000][1][safepoint    ] Leaving safepoint region
[2019-06-24T10:25:47.102+0000][1][safepoint    ] Total time for which application threads were stopped: 0.0003658 seconds, Stopping threads took: 0.0000672 seconds
[2019-06-24T10:25:48.103+0000][1][safepoint    ] Application time: 1.0003123 seconds
[2019-06-24T10:25:48.103+0000][1][safepoint    ] Entering safepoint region: Cleanup
[2019-06-24T10:25:48.103+0000][1][safepoint    ] Leaving safepoint region
[2019-06-24T10:25:48.103+0000][1][safepoint    ] Total time for which application threads were stopped: 0.0002557 seconds, Stopping threads took: 0.0000748 seconds
[2019-06-24T10:25:49.103+0000][1][safepoint    ] Application time: 1.0002830 seconds
[2019-06-24T10:25:49.104+0000][1][safepoint    ] Entering safepoint region: Cleanup
[2019-06-24T10:25:49.104+0000][1][safepoint    ] Leaving safepoint region
[2019-06-24T10:25:49.104+0000][1][safepoint    ] Total time for which application threads were stopped: 0.0002386 seconds, Stopping threads took: 0.0000658 seconds
[2019-06-24T10:25:50.104+0000][1][safepoint    ] Application time: 1.0002546 seconds
[2019-06-24T10:25:50.104+0000][1][safepoint    ] Entering safepoint region: Cleanup
[2019-06-24T10:25:50.104+0000][1][safepoint    ] Leaving safepoint region
[2019-06-24T10:25:50.104+0000][1][safepoint    ] Total time for which application threads were stopped: 0.0002455 seconds, Stopping threads took: 0.0000680 seconds
[2019-06-24T10:25:51.105+0000][1][safepoint    ] Application time: 1.0001486 seconds
[2019-06-24T10:25:51.105+0000][1][safepoint    ] Entering safepoint region: Cleanup
[2019-06-24T10:25:51.105+0000][1][safepoint    ] Leaving safepoint region
[2019-06-24T10:25:51.105+0000][1][safepoint    ] Total time for which application threads were stopped: 0.0003065 seconds, Stopping threads took: 0.0000693 seconds
[2019-06-24T10:25:52.105+0000][1][safepoint    ] Application time: 1.0002668 seconds
[2019-06-24T10:25:52.105+0000][1][safepoint    ] Entering safepoint region: Cleanup
[2019-06-24T10:25:52.106+0000][1][safepoint    ] Leaving safepoint region
[2019-06-24T10:25:52.106+0000][1][safepoint    ] Total time for which application threads were stopped: 0.0002386 seconds, Stopping threads took: 0.0000652 seconds
[2019-06-24T10:25:53.106+0000][1][safepoint    ] Application time: 1.0002565 seconds
[2019-06-24T10:25:53.106+0000][1][safepoint    ] Entering safepoint region: Cleanup
[2019-06-24T10:25:53.106+0000][1][safepoint    ] Leaving safepoint region
[2019-06-24T10:25:53.106+0000][1][safepoint    ] Total time for which application threads were stopped: 0.0002363 seconds, Stopping threads took: 0.0000653 seconds
[2019-06-24T10:25:54.107+0000][1][safepoint    ] Application time: 1.0001982 seconds
[2019-06-24T10:25:54.107+0000][1][safepoint    ] Entering safepoint region: Cleanup
[2019-06-24T10:25:54.107+0000][1][safepoint    ] Leaving safepoint region
[2019-06-24T10:25:54.107+0000][1][safepoint    ] Total time for which application threads were stopped: 0.0002059 seconds, Stopping threads took: 0.0001063 seconds
[2019-06-24T10:25:55.107+0000][1][safepoint    ] Application time: 1.0001227 seconds
[2019-06-24T10:25:55.107+0000][1][safepoint    ] Entering safepoint region: Cleanup
[2019-06-24T10:25:55.107+0000][1][safepoint    ] Leaving safepoint region
[2019-06-24T10:25:55.107+0000][1][safepoint    ] Total time for which application threads were stopped: 0.0002183 seconds, Stopping threads took: 0.0000685 seconds
[2019-06-24T10:25:56.108+0000][1][safepoint    ] Application time: 1.0002194 seconds
[2019-06-24T10:25:56.108+0000][1][safepoint    ] Entering safepoint region: Cleanup
[2019-06-24T10:25:56.108+0000][1][safepoint    ] Leaving safepoint region
[2019-06-24T10:25:56.108+0000][1][safepoint    ] Total time for which application threads were stopped: 0.0001908 seconds, Stopping threads took: 0.0000737 seconds
[2019-06-24T10:25:57.108+0000][1][safepoint    ] Application time: 1.0001955 seconds
[2019-06-24T10:25:57.108+0000][1][safepoint    ] Entering safepoint region: Cleanup
[2019-06-24T10:25:57.108+0000][1][safepoint    ] Leaving safepoint region
[2019-06-24T10:25:57.109+0000][1][safepoint    ] Total time for which application threads were stopped: 0.0003449 seconds, Stopping threads took: 0.0000917 seconds
[2019-06-24T10:25:58.109+0000][1][safepoint    ] Application time: 1.0002609 seconds
[2019-06-24T10:25:58.109+0000][1][safepoint    ] Entering safepoint region: Cleanup
[2019-06-24T10:25:58.109+0000][1][safepoint    ] Leaving safepoint region
[2019-06-24T10:25:58.109+0000][1][safepoint    ] Total time for which application threads were stopped: 0.0001093 seconds, Stopping threads took: 0.0000293 seconds
[2019-06-24T10:25:59.109+0000][1][safepoint    ] Application time: 1.0001902 seconds
[2019-06-24T10:25:59.110+0000][1][safepoint    ] Entering safepoint region: Cleanup
[2019-06-24T10:25:59.110+0000][1][safepoint    ] Leaving safepoint region
[2019-06-24T10:25:59.110+0000][1][safepoint    ] Total time for which application threads were stopped: 0.0004936 seconds, Stopping threads took: 0.0002997 seconds
[2019-06-24T10:26:00.110+0000][1][safepoint    ] Application time: 1.0003005 seconds
[2019-06-24T10:26:00.110+0000][1][safepoint    ] Entering safepoint region: Cleanup
[2019-06-24T10:26:00.111+0000][1][safepoint    ] Leaving safepoint region
[2019-06-24T10:26:00.111+0000][1][safepoint    ] Total time for which application threads were stopped: 0.0003584 seconds, Stopping threads took: 0.0000702 seconds
[2019-06-24T10:26:01.111+0000][1][safepoint    ] Application time: 1.0002169 seconds
[2019-06-24T10:26:01.111+0000][1][safepoint    ] Entering safepoint region: Cleanup
[2019-06-24T10:26:01.111+0000][1][safepoint    ] Leaving safepoint region
[2019-06-24T10:26:01.111+0000][1][safepoint    ] Total time for which application threads were stopped: 0.0003483 seconds, Stopping threads took: 0.0001223 seconds
[2019-06-24T10:26:02.112+0000][1][safepoint    ] Application time: 1.0002573 seconds
[2019-06-24T10:26:02.112+0000][1][safepoint    ] Entering safepoint region: Cleanup
[2019-06-24T10:26:02.112+0000][1][safepoint    ] Leaving safepoint region
[2019-06-24T10:26:02.112+0000][1][safepoint    ] Total time for which application threads were stopped: 0.0002992 seconds, Stopping threads took: 0.0001043 seconds
[2019-06-24T10:26:03.112+0000][1][safepoint    ] Application time: 1.0002597 seconds
[2019-06-24T10:26:03.113+0000][1][safepoint    ] Entering safepoint region: Cleanup
[2019-06-24T10:26:03.113+0000][1][safepoint    ] Leaving safepoint region
[2019-06-24T10:26:03.113+0000][1][safepoint    ] Total time for which application threads were stopped: 0.0002281 seconds, Stopping threads took: 0.0000768 seconds
[2019-06-24T10:26:04.113+0000][1][safepoint    ] Application time: 1.0001905 seconds
[2019-06-24T10:26:04.113+0000][1][safepoint    ] Entering safepoint region: Cleanup
[2019-06-24T10:26:04.113+0000][1][safepoint    ] Leaving safepoint region
[2019-06-24T10:26:04.113+0000][1][safepoint    ] Total time for which application threads were stopped: 0.0002690 seconds, Stopping threads took: 0.0000819 seconds
[2019-06-24T10:26:05.679+0000][1][safepoint    ] Application time: 1.5656940 seconds
[2019-06-24T10:26:05.679+0000][1][safepoint    ] Entering safepoint region: Cleanup
[2019-06-24T10:26:05.679+0000][1][safepoint    ] Leaving safepoint region
[2019-06-24T10:26:05.679+0000][1][safepoint    ] Total time for which application threads were stopped: 0.0002652 seconds, Stopping threads took: 0.0000747 seconds
[2019-06-24T10:26:06.680+0000][1][safepoint    ] Application time: 1.0002794 seconds
[2019-06-24T10:26:06.680+0000][1][safepoint    ] Entering safepoint region: Cleanup
[2019-06-24T10:26:06.680+0000][1][safepoint    ] Leaving safepoint region
[2019-06-24T10:26:06.680+0000][1][safepoint    ] Total time for which application threads were stopped: 0.0003145 seconds, Stopping threads took: 0.0000634 seconds
[2019-06-24T10:26:07.680+0000][1][safepoint    ] Application time: 1.0002017 seconds
[2019-06-24T10:26:07.681+0000][1][safepoint    ] Entering safepoint region: Cleanup
[2019-06-24T10:26:07.681+0000][1][safepoint    ] Leaving safepoint region
[2019-06-24T10:26:07.681+0000][1][safepoint    ] Total time for which application threads were stopped: 0.0002251 seconds, Stopping threads took: 0.0000639 seconds
[2019-06-24T10:26:08.681+0000][1][safepoint    ] Application time: 1.0002754 seconds
[2019-06-24T10:26:08.681+0000][1][safepoint    ] Entering safepoint region: Cleanup
[2019-06-24T10:26:08.681+0000][1][safepoint    ] Leaving safepoint region
[2019-06-24T10:26:08.681+0000][1][safepoint    ] Total time for which application threads were stopped: 0.0002648 seconds, Stopping threads took: 0.0000743 seconds
[2019-06-24T10:26:09.682+0000][1][safepoint    ] Application time: 1.0001301 seconds
[2019-06-24T10:26:09.682+0000][1][safepoint    ] Entering safepoint region: Cleanup
[2019-06-24T10:26:09.682+0000][1][safepoint    ] Leaving safepoint region
[2019-06-24T10:26:09.682+0000][1][safepoint    ] Total time for which application threads were stopped: 0.0002214 seconds, Stopping threads took: 0.0000629 seconds
[2019-06-24T10:26:10.682+0000][1][safepoint    ] Application time: 1.0001512 seconds
[2019-06-24T10:26:10.682+0000][1][safepoint    ] Entering safepoint region: Cleanup
[2019-06-24T10:26:10.683+0000][1][safepoint    ] Leaving safepoint region
[2019-06-24T10:26:10.683+0000][1][safepoint    ] Total time for which application threads were stopped: 0.0004210 seconds, Stopping threads took: 0.0001002 seconds
[2019-06-24T10:26:11.683+0000][1][safepoint    ] Application time: 1.0001112 seconds
[2019-06-24T10:26:11.683+0000][1][safepoint    ] Entering safepoint region: Cleanup
[2019-06-24T10:26:11.683+0000][1][safepoint    ] Leaving safepoint region
[2019-06-24T10:26:11.683+0000][1][safepoint    ] Total time for which application threads were stopped: 0.0000849 seconds, Stopping threads took: 0.0000241 seconds
[2019-06-24T10:26:12.683+0000][1][safepoint    ] Application time: 1.0002539 seconds
[2019-06-24T10:26:12.683+0000][1][safepoint    ] Entering safepoint region: Cleanup
[2019-06-24T10:26:12.684+0000][1][safepoint    ] Leaving safepoint region
[2019-06-24T10:26:12.684+0000][1][safepoint    ] Total time for which application threads were stopped: 0.0002303 seconds, Stopping threads took: 0.0000640 seconds
[2019-06-24T10:26:13.684+0000][1][safepoint    ] Application time: 1.0002674 seconds
[2019-06-24T10:26:13.684+0000][1][safepoint    ] Entering safepoint region: Cleanup
[2019-06-24T10:26:13.684+0000][1][safepoint    ] Leaving safepoint region
[2019-06-24T10:26:13.684+0000][1][safepoint    ] Total time for which application threads were stopped: 0.0002638 seconds, Stopping threads took: 0.0000660 seconds
[2019-06-24T10:26:14.654+0000][1][safepoint    ] Application time: 0.9696325 seconds
[2019-06-24T10:26:14.654+0000][1][safepoint    ] Entering safepoint region: GenCollectForAllocation
[2019-06-24T10:26:14.654+0000][1][gc,start     ] GC(38) Pause Young (Allocation Failure)
[2019-06-24T10:26:14.654+0000][1][gc,task      ] GC(38) Using 5 workers of 8 for evacuation
[2019-06-24T10:26:14.657+0000][1][gc,age       ] GC(38) Desired survivor size 4456448 bytes, new threshold 6 (max threshold 6)
[2019-06-24T10:26:14.657+0000][1][gc,age       ] GC(38) Age table with threshold 6 (max threshold 6)
[2019-06-24T10:26:14.657+0000][1][gc,age       ] GC(38) - age   1:       3592 bytes,       3592 total
[2019-06-24T10:26:14.657+0000][1][gc,age       ] GC(38) - age   2:       1696 bytes,       5288 total
[2019-06-24T10:26:14.657+0000][1][gc,age       ] GC(38) - age   3:       1392 bytes,       6680 total
[2019-06-24T10:26:14.657+0000][1][gc,age       ] GC(38) - age   4:        856 bytes,       7536 total
[2019-06-24T10:26:14.657+0000][1][gc,age       ] GC(38) - age   5:       1208 bytes,       8744 total
[2019-06-24T10:26:14.657+0000][1][gc,age       ] GC(38) - age   6:        936 bytes,       9680 total
[2019-06-24T10:26:14.658+0000][1][gc,heap      ] GC(38) ParNew: 70085K->47K(78656K)
[2019-06-24T10:26:14.658+0000][1][gc,heap      ] GC(38) CMS: 69539K->69612K(174784K)
[2019-06-24T10:26:14.658+0000][1][gc,metaspace ] GC(38) Metaspace: 68168K->68168K(1112064K)
[2019-06-24T10:26:14.658+0000][1][gc           ] GC(38) Pause Young (Allocation Failure) 136M->68M(247M) 3.302ms
[2019-06-24T10:26:14.658+0000][1][gc,cpu       ] GC(38) User=0.00s Sys=0.01s Real=0.01s
[2019-06-24T10:26:14.658+0000][1][safepoint    ] Leaving safepoint region
[2019-06-24T10:26:14.658+0000][1][safepoint    ] Total time for which application threads were stopped: 0.0037410 seconds, Stopping threads took: 0.0000594 seconds
[2019-06-24T10:26:15.658+0000][1][safepoint    ] Application time: 1.0001416 seconds
[2019-06-24T10:26:15.658+0000][1][safepoint    ] Entering safepoint region: Cleanup
[2019-06-24T10:26:15.658+0000][1][safepoint    ] Leaving safepoint region
[2019-06-24T10:26:15.658+0000][1][safepoint    ] Total time for which application threads were stopped: 0.0001367 seconds, Stopping threads took: 0.0000383 seconds
[2019-06-24T10:26:16.658+0000][1][safepoint    ] Application time: 1.0002533 seconds
[2019-06-24T10:26:16.659+0000][1][safepoint    ] Entering safepoint region: Cleanup
[2019-06-24T10:26:16.659+0000][1][safepoint    ] Leaving safepoint region
[2019-06-24T10:26:16.659+0000][1][safepoint    ] Total time for which application threads were stopped: 0.0002453 seconds, Stopping threads took: 0.0000725 seconds
[2019-06-24T10:26:17.659+0000][1][safepoint    ] Application time: 1.0002463 seconds
[2019-06-24T10:26:17.659+0000][1][safepoint    ] Entering safepoint region: Cleanup
[2019-06-24T10:26:17.659+0000][1][safepoint    ] Leaving safepoint region
[2019-06-24T10:26:17.659+0000][1][safepoint    ] Total time for which application threads were stopped: 0.0000860 seconds, Stopping threads took: 0.0000246 seconds
[2019-06-24T10:26:18.659+0000][1][safepoint    ] Application time: 1.0001466 seconds
[2019-06-24T10:26:18.659+0000][1][safepoint    ] Entering safepoint region: Cleanup
[2019-06-24T10:26:18.660+0000][1][safepoint    ] Leaving safepoint region
[2019-06-24T10:26:18.660+0000][1][safepoint    ] Total time for which application threads were stopped: 0.0000978 seconds, Stopping threads took: 0.0000267 seconds
[2019-06-24T10:26:19.660+0000][1][safepoint    ] Application time: 1.0002141 seconds
[2019-06-24T10:26:19.660+0000][1][safepoint    ] Entering safepoint region: Cleanup
[2019-06-24T10:26:19.660+0000][1][safepoint    ] Leaving safepoint region
[2019-06-24T10:26:19.660+0000][1][safepoint    ] Total time for which application threads were stopped: 0.0002239 seconds, Stopping threads took: 0.0000612 seconds
[2019-06-24T10:26:20.660+0000][1][safepoint    ] Application time: 1.0001235 seconds
[2019-06-24T10:26:20.660+0000][1][safepoint    ] Entering safepoint region: Cleanup
[2019-06-24T10:26:20.660+0000][1][safepoint    ] Leaving safepoint region
[2019-06-24T10:26:20.660+0000][1][safepoint    ] Total time for which application threads were stopped: 0.0001620 seconds, Stopping threads took: 0.0000425 seconds
[2019-06-24T10:26:21.661+0000][1][safepoint    ] Application time: 1.0001926 seconds
[2019-06-24T10:26:21.661+0000][1][safepoint    ] Entering safepoint region: Cleanup
[2019-06-24T10:26:21.661+0000][1][safepoint    ] Leaving safepoint region
[2019-06-24T10:26:21.661+0000][1][safepoint    ] Total time for which application threads were stopped: 0.0003034 seconds, Stopping threads took: 0.0000696 seconds
[2019-06-24T10:26:22.661+0000][1][safepoint    ] Application time: 1.0001875 seconds
[2019-06-24T10:26:22.662+0000][1][safepoint    ] Entering safepoint region: Cleanup
[2019-06-24T10:26:22.662+0000][1][safepoint    ] Leaving safepoint region
[2019-06-24T10:26:22.662+0000][1][safepoint    ] Total time for which application threads were stopped: 0.0003296 seconds, Stopping threads took: 0.0000912 seconds
[2019-06-24T10:26:23.662+0000][1][safepoint    ] Application time: 1.0002874 seconds
[2019-06-24T10:26:23.662+0000][1][safepoint    ] Entering safepoint region: Cleanup
[2019-06-24T10:26:23.663+0000][1][safepoint    ] Leaving safepoint region
[2019-06-24T10:26:23.663+0000][1][safepoint    ] Total time for which application threads were stopped: 0.0003631 seconds, Stopping threads took: 0.0000806 seconds
[2019-06-24T10:26:24.663+0000][1][safepoint    ] Application time: 1.0001270 seconds
[2019-06-24T10:26:24.663+0000][1][safepoint    ] Entering safepoint region: Cleanup
[2019-06-24T10:26:24.663+0000][1][safepoint    ] Leaving safepoint region
[2019-06-24T10:26:24.663+0000][1][safepoint    ] Total time for which application threads were stopped: 0.0002426 seconds, Stopping threads took: 0.0000625 seconds
[2019-06-24T10:26:25.663+0000][1][safepoint    ] Application time: 1.0002238 seconds
[2019-06-24T10:26:25.664+0000][1][safepoint    ] Entering safepoint region: Cleanup
[2019-06-24T10:26:25.664+0000][1][safepoint    ] Leaving safepoint region
[2019-06-24T10:26:25.664+0000][1][safepoint    ] Total time for which application threads were stopped: 0.0003653 seconds, Stopping threads took: 0.0000610 seconds
[2019-06-24T10:26:26.664+0000][1][safepoint    ] Application time: 1.0002582 seconds
[2019-06-24T10:26:26.664+0000][1][safepoint    ] Entering safepoint region: Cleanup
[2019-06-24T10:26:26.665+0000][1][safepoint    ] Leaving safepoint region
[2019-06-24T10:26:26.665+0000][1][safepoint    ] Total time for which application threads were stopped: 0.0002982 seconds, Stopping threads took: 0.0001152 seconds
[2019-06-24T10:26:27.665+0000][1][safepoint    ] Application time: 1.0002144 seconds
[2019-06-24T10:26:27.665+0000][1][safepoint    ] Entering safepoint region: Cleanup
[2019-06-24T10:26:27.666+0000][1][safepoint    ] Leaving safepoint region
[2019-06-24T10:26:27.666+0000][1][safepoint    ] Total time for which application threads were stopped: 0.0005893 seconds, Stopping threads took: 0.0001984 seconds
[2019-06-24T10:26:28.666+0000][1][safepoint    ] Application time: 1.0002759 seconds
[2019-06-24T10:26:28.666+0000][1][safepoint    ] Entering safepoint region: Cleanup
[2019-06-24T10:26:28.666+0000][1][safepoint    ] Leaving safepoint region
[2019-06-24T10:26:28.666+0000][1][safepoint    ] Total time for which application threads were stopped: 0.0002308 seconds, Stopping threads took: 0.0000642 seconds
[2019-06-24T10:26:29.667+0000][1][safepoint    ] Application time: 1.0002618 seconds
[2019-06-24T10:26:29.667+0000][1][safepoint    ] Entering safepoint region: Cleanup
[2019-06-24T10:26:29.667+0000][1][safepoint    ] Leaving safepoint region
[2019-06-24T10:26:29.667+0000][1][safepoint    ] Total time for which application threads were stopped: 0.0001511 seconds, Stopping threads took: 0.0000430 seconds
[2019-06-24T10:26:30.667+0000][1][safepoint    ] Application time: 1.0002142 seconds
[2019-06-24T10:26:30.667+0000][1][safepoint    ] Entering safepoint region: Cleanup
[2019-06-24T10:26:30.667+0000][1][safepoint    ] Leaving safepoint region
[2019-06-24T10:26:30.667+0000][1][safepoint    ] Total time for which application threads were stopped: 0.0002289 seconds, Stopping threads took: 0.0000631 seconds
[2019-06-24T10:26:31.668+0000][1][safepoint    ] Application time: 1.0002131 seconds
[2019-06-24T10:26:31.668+0000][1][safepoint    ] Entering safepoint region: Cleanup
[2019-06-24T10:26:31.668+0000][1][safepoint    ] Leaving safepoint region
[2019-06-24T10:26:31.668+0000][1][safepoint    ] Total time for which application threads were stopped: 0.0002973 seconds, Stopping threads took: 0.0001054 seconds
[2019-06-24T10:26:32.668+0000][1][safepoint    ] Application time: 1.0002591 seconds
[2019-06-24T10:26:32.669+0000][1][safepoint    ] Entering safepoint region: Cleanup
[2019-06-24T10:26:32.669+0000][1][safepoint    ] Leaving safepoint region
[2019-06-24T10:26:32.669+0000][1][safepoint    ] Total time for which application threads were stopped: 0.0002344 seconds, Stopping threads took: 0.0000663 seconds
[2019-06-24T10:26:33.669+0000][1][safepoint    ] Application time: 1.0001298 seconds
[2019-06-24T10:26:33.669+0000][1][safepoint    ] Entering safepoint region: Cleanup
[2019-06-24T10:26:33.669+0000][1][safepoint    ] Leaving safepoint region
[2019-06-24T10:26:33.669+0000][1][safepoint    ] Total time for which application threads were stopped: 0.0001974 seconds, Stopping threads took: 0.0000552 seconds
[2019-06-24T10:26:34.669+0000][1][safepoint    ] Application time: 1.0001832 seconds
[2019-06-24T10:26:34.670+0000][1][safepoint    ] Entering safepoint region: Cleanup
[2019-06-24T10:26:34.670+0000][1][safepoint    ] Leaving safepoint region
[2019-06-24T10:26:34.670+0000][1][safepoint    ] Total time for which application threads were stopped: 0.0002285 seconds, Stopping threads took: 0.0000640 seconds
[2019-06-24T10:26:35.670+0000][1][safepoint    ] Application time: 1.0001322 seconds
[2019-06-24T10:26:35.670+0000][1][safepoint    ] Entering safepoint region: Cleanup
[2019-06-24T10:26:35.670+0000][1][safepoint    ] Leaving safepoint region
[2019-06-24T10:26:35.670+0000][1][safepoint    ] Total time for which application threads were stopped: 0.0002218 seconds, Stopping threads took: 0.0000549 seconds
[2019-06-24T10:26:36.670+0000][1][safepoint    ] Application time: 1.0000916 seconds
[2019-06-24T10:26:36.671+0000][1][safepoint    ] Entering safepoint region: Cleanup
[2019-06-24T10:26:36.671+0000][1][safepoint    ] Leaving safepoint region
[2019-06-24T10:26:36.671+0000][1][safepoint    ] Total time for which application threads were stopped: 0.0001602 seconds, Stopping threads took: 0.0000821 seconds
[2019-06-24T10:26:37.671+0000][1][safepoint    ] Application time: 1.0001303 seconds
[2019-06-24T10:26:37.671+0000][1][safepoint    ] Entering safepoint region: Cleanup
[2019-06-24T10:26:37.671+0000][1][safepoint    ] Leaving safepoint region
[2019-06-24T10:26:37.671+0000][1][safepoint    ] Total time for which application threads were stopped: 0.0002437 seconds, Stopping threads took: 0.0000799 seconds
[2019-06-24T10:26:38.671+0000][1][safepoint    ] Application time: 1.0002135 seconds
[2019-06-24T10:26:38.671+0000][1][safepoint    ] Entering safepoint region: Cleanup
[2019-06-24T10:26:38.672+0000][1][safepoint    ] Leaving safepoint region
[2019-06-24T10:26:38.672+0000][1][safepoint    ] Total time for which application threads were stopped: 0.0001097 seconds, Stopping threads took: 0.0000309 seconds
[2019-06-24T10:26:39.672+0000][1][safepoint    ] Application time: 1.0002254 seconds
[2019-06-24T10:26:39.672+0000][1][safepoint    ] Entering safepoint region: Cleanup
[2019-06-24T10:26:39.672+0000][1][safepoint    ] Leaving safepoint region
[2019-06-24T10:26:39.672+0000][1][safepoint    ] Total time for which application threads were stopped: 0.0002232 seconds, Stopping threads took: 0.0000662 seconds
[2019-06-24T10:26:40.672+0000][1][safepoint    ] Application time: 1.0002566 seconds
[2019-06-24T10:26:40.673+0000][1][safepoint    ] Entering safepoint region: Cleanup
[2019-06-24T10:26:40.673+0000][1][safepoint    ] Leaving safepoint region
[2019-06-24T10:26:40.673+0000][1][safepoint    ] Total time for which application threads were stopped: 0.0002715 seconds, Stopping threads took: 0.0000757 seconds
[2019-06-24T10:26:41.673+0000][1][safepoint    ] Application time: 1.0002351 seconds
[2019-06-24T10:26:41.673+0000][1][safepoint    ] Entering safepoint region: Cleanup
[2019-06-24T10:26:41.673+0000][1][safepoint    ] Leaving safepoint region
[2019-06-24T10:26:41.673+0000][1][safepoint    ] Total time for which application threads were stopped: 0.0002698 seconds, Stopping threads took: 0.0000772 seconds
[2019-06-24T10:26:42.674+0000][1][safepoint    ] Application time: 1.0002517 seconds
[2019-06-24T10:26:42.674+0000][1][safepoint    ] Entering safepoint region: Cleanup
[2019-06-24T10:26:42.674+0000][1][safepoint    ] Leaving safepoint region
[2019-06-24T10:26:42.674+0000][1][safepoint    ] Total time for which application threads were stopped: 0.0002311 seconds, Stopping threads took: 0.0000666 seconds
[2019-06-24T10:26:43.692+0000][1][safepoint    ] Application time: 1.0180812 seconds
[2019-06-24T10:26:43.692+0000][1][safepoint    ] Entering safepoint region: Cleanup
[2019-06-24T10:26:43.693+0000][1][safepoint    ] Leaving safepoint region
[2019-06-24T10:26:43.693+0000][1][safepoint    ] Total time for which application threads were stopped: 0.0002352 seconds, Stopping threads took: 0.0000616 seconds
[2019-06-24T10:26:44.693+0000][1][safepoint    ] Application time: 1.0001827 seconds
[2019-06-24T10:26:44.693+0000][1][safepoint    ] Entering safepoint region: Cleanup
[2019-06-24T10:26:44.693+0000][1][safepoint    ] Leaving safepoint region
[2019-06-24T10:26:44.693+0000][1][safepoint    ] Total time for which application threads were stopped: 0.0001965 seconds, Stopping threads took: 0.0000548 seconds
[2019-06-24T10:26:45.693+0000][1][safepoint    ] Application time: 1.0002456 seconds
[2019-06-24T10:26:45.693+0000][1][safepoint    ] Entering safepoint region: Cleanup
[2019-06-24T10:26:45.694+0000][1][safepoint    ] Leaving safepoint region
[2019-06-24T10:26:45.694+0000][1][safepoint    ] Total time for which application threads were stopped: 0.0002209 seconds, Stopping threads took: 0.0000622 seconds
[2019-06-24T10:26:46.694+0000][1][safepoint    ] Application time: 1.0001562 seconds
[2019-06-24T10:26:46.694+0000][1][safepoint    ] Entering safepoint region: Cleanup
[2019-06-24T10:26:46.694+0000][1][safepoint    ] Leaving safepoint region
[2019-06-24T10:26:46.694+0000][1][safepoint    ] Total time for which application threads were stopped: 0.0001183 seconds, Stopping threads took: 0.0000320 seconds
[2019-06-24T10:26:47.694+0000][1][safepoint    ] Application time: 1.0002387 seconds
[2019-06-24T10:26:47.694+0000][1][safepoint    ] Entering safepoint region: Cleanup
[2019-06-24T10:26:47.695+0000][1][safepoint    ] Leaving safepoint region
[2019-06-24T10:26:47.695+0000][1][safepoint    ] Total time for which application threads were stopped: 0.0003766 seconds, Stopping threads took: 0.0001505 seconds
[2019-06-24T10:26:48.695+0000][1][safepoint    ] Application time: 1.0002148 seconds
[2019-06-24T10:26:48.695+0000][1][safepoint    ] Entering safepoint region: Cleanup
[2019-06-24T10:26:48.695+0000][1][safepoint    ] Leaving safepoint region
[2019-06-24T10:26:48.695+0000][1][safepoint    ] Total time for which application threads were stopped: 0.0002186 seconds, Stopping threads took: 0.0000621 seconds
[2019-06-24T10:26:49.696+0000][1][safepoint    ] Application time: 1.0002200 seconds
[2019-06-24T10:26:49.696+0000][1][safepoint    ] Entering safepoint region: Cleanup
[2019-06-24T10:26:49.696+0000][1][safepoint    ] Leaving safepoint region
[2019-06-24T10:26:49.696+0000][1][safepoint    ] Total time for which application threads were stopped: 0.0002238 seconds, Stopping threads took: 0.0000622 seconds
[2019-06-24T10:26:50.696+0000][1][safepoint    ] Application time: 1.0002208 seconds
[2019-06-24T10:26:50.696+0000][1][safepoint    ] Entering safepoint region: Cleanup
[2019-06-24T10:26:50.697+0000][1][safepoint    ] Leaving safepoint region
[2019-06-24T10:26:50.697+0000][1][safepoint    ] Total time for which application threads were stopped: 0.0002880 seconds, Stopping threads took: 0.0000602 seconds
[2019-06-24T10:26:51.697+0000][1][safepoint    ] Application time: 1.0001963 seconds
[2019-06-24T10:26:51.697+0000][1][safepoint    ] Entering safepoint region: Cleanup
[2019-06-24T10:26:51.697+0000][1][safepoint    ] Leaving safepoint region
[2019-06-24T10:26:51.697+0000][1][safepoint    ] Total time for which application threads were stopped: 0.0002653 seconds, Stopping threads took: 0.0000796 seconds
[2019-06-24T10:26:52.698+0000][1][safepoint    ] Application time: 1.0002016 seconds
[2019-06-24T10:26:52.698+0000][1][safepoint    ] Entering safepoint region: Cleanup
[2019-06-24T10:26:52.698+0000][1][safepoint    ] Leaving safepoint region
[2019-06-24T10:26:52.698+0000][1][safepoint    ] Total time for which application threads were stopped: 0.0002268 seconds, Stopping threads took: 0.0000622 seconds
[2019-06-24T10:26:53.698+0000][1][safepoint    ] Application time: 1.0001766 seconds
[2019-06-24T10:26:53.698+0000][1][safepoint    ] Entering safepoint region: Cleanup
[2019-06-24T10:26:53.699+0000][1][safepoint    ] Leaving safepoint region
[2019-06-24T10:26:53.699+0000][1][safepoint    ] Total time for which application threads were stopped: 0.0005233 seconds, Stopping threads took: 0.0002202 seconds
[2019-06-24T10:26:54.699+0000][1][safepoint    ] Application time: 1.0001600 seconds
[2019-06-24T10:26:54.699+0000][1][safepoint    ] Entering safepoint region: Cleanup
[2019-06-24T10:26:54.699+0000][1][safepoint    ] Leaving safepoint region
[2019-06-24T10:26:54.699+0000][1][safepoint    ] Total time for which application threads were stopped: 0.0004573 seconds, Stopping threads took: 0.0001949 seconds
[2019-06-24T10:26:55.700+0000][1][safepoint    ] Application time: 1.0002977 seconds
[2019-06-24T10:26:55.700+0000][1][safepoint    ] Entering safepoint region: Cleanup
[2019-06-24T10:26:55.700+0000][1][safepoint    ] Leaving safepoint region
[2019-06-24T10:26:55.700+0000][1][safepoint    ] Total time for which application threads were stopped: 0.0002739 seconds, Stopping threads took: 0.0000807 seconds
[2019-06-24T10:26:56.701+0000][1][safepoint    ] Application time: 1.0002314 seconds
[2019-06-24T10:26:56.701+0000][1][safepoint    ] Entering safepoint region: Cleanup
[2019-06-24T10:26:56.701+0000][1][safepoint    ] Leaving safepoint region
[2019-06-24T10:26:56.701+0000][1][safepoint    ] Total time for which application threads were stopped: 0.0002270 seconds, Stopping threads took: 0.0000620 seconds
[2019-06-24T10:26:57.701+0000][1][safepoint    ] Application time: 1.0001886 seconds
[2019-06-24T10:26:57.701+0000][1][safepoint    ] Entering safepoint region: Cleanup
[2019-06-24T10:26:57.701+0000][1][safepoint    ] Leaving safepoint region
[2019-06-24T10:26:57.701+0000][1][safepoint    ] Total time for which application threads were stopped: 0.0002236 seconds, Stopping threads took: 0.0000620 seconds
[2019-06-24T10:26:58.702+0000][1][safepoint    ] Application time: 1.0002663 seconds
[2019-06-24T10:26:58.702+0000][1][safepoint    ] Entering safepoint region: Cleanup
[2019-06-24T10:26:58.702+0000][1][safepoint    ] Leaving safepoint region
[2019-06-24T10:26:58.702+0000][1][safepoint    ] Total time for which application threads were stopped: 0.0002288 seconds, Stopping threads took: 0.0000622 seconds
[2019-06-24T10:26:59.702+0000][1][safepoint    ] Application time: 1.0002686 seconds
[2019-06-24T10:26:59.703+0000][1][safepoint    ] Entering safepoint region: Cleanup
[2019-06-24T10:26:59.703+0000][1][safepoint    ] Leaving safepoint region
[2019-06-24T10:26:59.703+0000][1][safepoint    ] Total time for which application threads were stopped: 0.0003215 seconds, Stopping threads took: 0.0001473 seconds
[2019-06-24T10:27:00.703+0000][1][safepoint    ] Application time: 1.0002659 seconds
[2019-06-24T10:27:00.703+0000][1][safepoint    ] Entering safepoint region: Cleanup
[2019-06-24T10:27:00.703+0000][1][safepoint    ] Leaving safepoint region
[2019-06-24T10:27:00.703+0000][1][safepoint    ] Total time for which application threads were stopped: 0.0002339 seconds, Stopping threads took: 0.0000640 seconds
[2019-06-24T10:27:01.704+0000][1][safepoint    ] Application time: 1.0002184 seconds
[2019-06-24T10:27:01.704+0000][1][safepoint    ] Entering safepoint region: Cleanup
[2019-06-24T10:27:01.704+0000][1][safepoint    ] Leaving safepoint region
[2019-06-24T10:27:01.704+0000][1][safepoint    ] Total time for which application threads were stopped: 0.0001318 seconds, Stopping threads took: 0.0000368 seconds
[2019-06-24T10:27:02.704+0000][1][safepoint    ] Application time: 1.0001807 seconds
[2019-06-24T10:27:02.704+0000][1][safepoint    ] Entering safepoint region: Cleanup
[2019-06-24T10:27:02.704+0000][1][safepoint    ] Leaving safepoint region
[2019-06-24T10:27:02.704+0000][1][safepoint    ] Total time for which application threads were stopped: 0.0002421 seconds, Stopping threads took: 0.0000863 seconds
[2019-06-24T10:27:03.713+0000][1][safepoint    ] Application time: 1.0083230 seconds
[2019-06-24T10:27:03.713+0000][1][safepoint    ] Entering safepoint region: Cleanup
[2019-06-24T10:27:03.713+0000][1][safepoint    ] Leaving safepoint region
[2019-06-24T10:27:03.713+0000][1][safepoint    ] Total time for which application threads were stopped: 0.0002449 seconds, Stopping threads took: 0.0000659 seconds
[2019-06-24T10:27:04.713+0000][1][safepoint    ] Application time: 1.0002556 seconds
[2019-06-24T10:27:04.714+0000][1][safepoint    ] Entering safepoint region: Cleanup
[2019-06-24T10:27:04.714+0000][1][safepoint    ] Leaving safepoint region
[2019-06-24T10:27:04.714+0000][1][safepoint    ] Total time for which application threads were stopped: 0.0002927 seconds, Stopping threads took: 0.0001020 seconds
[2019-06-24T10:27:05.714+0000][1][safepoint    ] Application time: 1.0001401 seconds
[2019-06-24T10:27:05.714+0000][1][safepoint    ] Entering safepoint region: Cleanup
[2019-06-24T10:27:05.714+0000][1][safepoint    ] Leaving safepoint region
[2019-06-24T10:27:05.714+0000][1][safepoint    ] Total time for which application threads were stopped: 0.0000738 seconds, Stopping threads took: 0.0000200 seconds
[2019-06-24T10:27:06.714+0000][1][safepoint    ] Application time: 1.0001712 seconds
[2019-06-24T10:27:06.715+0000][1][safepoint    ] Entering safepoint region: Cleanup
[2019-06-24T10:27:06.715+0000][1][safepoint    ] Leaving safepoint region
[2019-06-24T10:27:06.715+0000][1][safepoint    ] Total time for which application threads were stopped: 0.0003474 seconds, Stopping threads took: 0.0001793 seconds
[2019-06-24T10:27:07.715+0000][1][safepoint    ] Application time: 1.0001528 seconds
[2019-06-24T10:27:07.715+0000][1][safepoint    ] Entering safepoint region: Cleanup
[2019-06-24T10:27:07.715+0000][1][safepoint    ] Leaving safepoint region
[2019-06-24T10:27:07.715+0000][1][safepoint    ] Total time for which application threads were stopped: 0.0003008 seconds, Stopping threads took: 0.0000698 seconds
[2019-06-24T10:27:08.716+0000][1][safepoint    ] Application time: 1.0002837 seconds
[2019-06-24T10:27:08.716+0000][1][safepoint    ] Entering safepoint region: Cleanup
[2019-06-24T10:27:08.716+0000][1][safepoint    ] Leaving safepoint region
[2019-06-24T10:27:08.716+0000][1][safepoint    ] Total time for which application threads were stopped: 0.0002296 seconds, Stopping threads took: 0.0000642 seconds
[2019-06-24T10:27:09.716+0000][1][safepoint    ] Application time: 1.0002618 seconds
[2019-06-24T10:27:09.716+0000][1][safepoint    ] Entering safepoint region: Cleanup
[2019-06-24T10:27:09.717+0000][1][safepoint    ] Leaving safepoint region
[2019-06-24T10:27:09.717+0000][1][safepoint    ] Total time for which application threads were stopped: 0.0002356 seconds, Stopping threads took: 0.0000642 seconds
[2019-06-24T10:27:10.717+0000][1][safepoint    ] Application time: 1.0001815 seconds
[2019-06-24T10:27:10.717+0000][1][safepoint    ] Entering safepoint region: Cleanup
[2019-06-24T10:27:10.717+0000][1][safepoint    ] Leaving safepoint region
[2019-06-24T10:27:10.717+0000][1][safepoint    ] Total time for which application threads were stopped: 0.0002265 seconds, Stopping threads took: 0.0000656 seconds
[2019-06-24T10:27:11.717+0000][1][safepoint    ] Application time: 1.0002250 seconds
[2019-06-24T10:27:11.718+0000][1][safepoint    ] Entering safepoint region: Cleanup
[2019-06-24T10:27:11.718+0000][1][safepoint    ] Leaving safepoint region
[2019-06-24T10:27:11.718+0000][1][safepoint    ] Total time for which application threads were stopped: 0.0002214 seconds, Stopping threads took: 0.0000613 seconds
[2019-06-24T10:27:12.718+0000][1][safepoint    ] Application time: 1.0002278 seconds
[2019-06-24T10:27:12.718+0000][1][safepoint    ] Entering safepoint region: Cleanup
[2019-06-24T10:27:12.718+0000][1][safepoint    ] Leaving safepoint region
[2019-06-24T10:27:12.718+0000][1][safepoint    ] Total time for which application threads were stopped: 0.0002585 seconds, Stopping threads took: 0.0000910 seconds
[2019-06-24T10:27:13.719+0000][1][safepoint    ] Application time: 1.0002850 seconds
[2019-06-24T10:27:13.719+0000][1][safepoint    ] Entering safepoint region: Cleanup
[2019-06-24T10:27:13.719+0000][1][safepoint    ] Leaving safepoint region
[2019-06-24T10:27:13.719+0000][1][safepoint    ] Total time for which application threads were stopped: 0.0003390 seconds, Stopping threads took: 0.0001538 seconds
[2019-06-24T10:27:14.719+0000][1][safepoint    ] Application time: 1.0001562 seconds
[2019-06-24T10:27:14.720+0000][1][safepoint    ] Entering safepoint region: Cleanup
[2019-06-24T10:27:14.720+0000][1][safepoint    ] Leaving safepoint region
[2019-06-24T10:27:14.720+0000][1][safepoint    ] Total time for which application threads were stopped: 0.0002126 seconds, Stopping threads took: 0.0000608 seconds
[2019-06-24T10:27:15.720+0000][1][safepoint    ] Application time: 1.0002079 seconds
[2019-06-24T10:27:15.720+0000][1][safepoint    ] Entering safepoint region: Cleanup
[2019-06-24T10:27:15.720+0000][1][safepoint    ] Leaving safepoint region
[2019-06-24T10:27:15.720+0000][1][safepoint    ] Total time for which application threads were stopped: 0.0002627 seconds, Stopping threads took: 0.0000736 seconds
[2019-06-24T10:27:16.721+0000][1][safepoint    ] Application time: 1.0002761 seconds
[2019-06-24T10:27:16.721+0000][1][safepoint    ] Entering safepoint region: Cleanup
[2019-06-24T10:27:16.721+0000][1][safepoint    ] Leaving safepoint region
[2019-06-24T10:27:16.721+0000][1][safepoint    ] Total time for which application threads were stopped: 0.0002790 seconds, Stopping threads took: 0.0000892 seconds
[2019-06-24T10:27:17.721+0000][1][safepoint    ] Application time: 1.0002829 seconds
[2019-06-24T10:27:17.721+0000][1][safepoint    ] Entering safepoint region: Cleanup
[2019-06-24T10:27:17.722+0000][1][safepoint    ] Leaving safepoint region
[2019-06-24T10:27:17.722+0000][1][safepoint    ] Total time for which application threads were stopped: 0.0003145 seconds, Stopping threads took: 0.0000646 seconds
[2019-06-24T10:27:18.722+0000][1][safepoint    ] Application time: 1.0002598 seconds
[2019-06-24T10:27:18.722+0000][1][safepoint    ] Entering safepoint region: Cleanup
[2019-06-24T10:27:18.722+0000][1][safepoint    ] Leaving safepoint region
[2019-06-24T10:27:18.722+0000][1][safepoint    ] Total time for which application threads were stopped: 0.0002366 seconds, Stopping threads took: 0.0000662 seconds
[2019-06-24T10:27:19.723+0000][1][safepoint    ] Application time: 1.0002174 seconds
[2019-06-24T10:27:19.723+0000][1][safepoint    ] Entering safepoint region: Cleanup
[2019-06-24T10:27:19.723+0000][1][safepoint    ] Leaving safepoint region
[2019-06-24T10:27:19.723+0000][1][safepoint    ] Total time for which application threads were stopped: 0.0002094 seconds, Stopping threads took: 0.0000591 seconds
[2019-06-24T10:27:20.723+0000][1][safepoint    ] Application time: 1.0002384 seconds
[2019-06-24T10:27:20.723+0000][1][safepoint    ] Entering safepoint region: Cleanup
[2019-06-24T10:27:20.724+0000][1][safepoint    ] Leaving safepoint region
[2019-06-24T10:27:20.724+0000][1][safepoint    ] Total time for which application threads were stopped: 0.0002354 seconds, Stopping threads took: 0.0000664 seconds
[2019-06-24T10:27:21.724+0000][1][safepoint    ] Application time: 1.0002568 seconds
[2019-06-24T10:27:21.724+0000][1][safepoint    ] Entering safepoint region: Cleanup
[2019-06-24T10:27:21.724+0000][1][safepoint    ] Leaving safepoint region
[2019-06-24T10:27:21.724+0000][1][safepoint    ] Total time for which application threads were stopped: 0.0002908 seconds, Stopping threads took: 0.0000898 seconds
[2019-06-24T10:27:22.725+0000][1][safepoint    ] Application time: 1.0002751 seconds
[2019-06-24T10:27:22.725+0000][1][safepoint    ] Entering safepoint region: Cleanup
[2019-06-24T10:27:22.725+0000][1][safepoint    ] Leaving safepoint region
[2019-06-24T10:27:22.725+0000][1][safepoint    ] Total time for which application threads were stopped: 0.0002332 seconds, Stopping threads took: 0.0000663 seconds
[2019-06-24T10:27:23.725+0000][1][safepoint    ] Application time: 1.0002747 seconds
[2019-06-24T10:27:23.725+0000][1][safepoint    ] Entering safepoint region: Cleanup
[2019-06-24T10:27:23.726+0000][1][safepoint    ] Leaving safepoint region
[2019-06-24T10:27:23.726+0000][1][safepoint    ] Total time for which application threads were stopped: 0.0003114 seconds, Stopping threads took: 0.0000997 seconds
[2019-06-24T10:27:25.211+0000][1][safepoint    ] Application time: 1.4848966 seconds
[2019-06-24T10:27:25.211+0000][1][safepoint    ] Entering safepoint region: Cleanup
[2019-06-24T10:27:25.211+0000][1][safepoint    ] Leaving safepoint region
[2019-06-24T10:27:25.211+0000][1][safepoint    ] Total time for which application threads were stopped: 0.0002831 seconds, Stopping threads took: 0.0001000 seconds
[2019-06-24T10:27:26.211+0000][1][safepoint    ] Application time: 1.0001679 seconds
[2019-06-24T10:27:26.211+0000][1][safepoint    ] Entering safepoint region: Cleanup
[2019-06-24T10:27:26.212+0000][1][safepoint    ] Leaving safepoint region
[2019-06-24T10:27:26.212+0000][1][safepoint    ] Total time for which application threads were stopped: 0.0002459 seconds, Stopping threads took: 0.0000717 seconds
[2019-06-24T10:27:27.212+0000][1][safepoint    ] Application time: 1.0001181 seconds
[2019-06-24T10:27:27.212+0000][1][safepoint    ] Entering safepoint region: Cleanup
[2019-06-24T10:27:27.212+0000][1][safepoint    ] Leaving safepoint region
[2019-06-24T10:27:27.212+0000][1][safepoint    ] Total time for which application threads were stopped: 0.0002152 seconds, Stopping threads took: 0.0000626 seconds
[2019-06-24T10:27:28.212+0000][1][safepoint    ] Application time: 1.0001948 seconds
[2019-06-24T10:27:28.213+0000][1][safepoint    ] Entering safepoint region: Cleanup
[2019-06-24T10:27:28.213+0000][1][safepoint    ] Leaving safepoint region
[2019-06-24T10:27:28.213+0000][1][safepoint    ] Total time for which application threads were stopped: 0.0007363 seconds, Stopping threads took: 0.0002038 seconds
[2019-06-24T10:27:29.213+0000][1][safepoint    ] Application time: 1.0001414 seconds
[2019-06-24T10:27:29.214+0000][1][safepoint    ] Entering safepoint region: Cleanup
[2019-06-24T10:27:29.214+0000][1][safepoint    ] Leaving safepoint region
[2019-06-24T10:27:29.214+0000][1][safepoint    ] Total time for which application threads were stopped: 0.0002363 seconds, Stopping threads took: 0.0000785 seconds
[2019-06-24T10:27:30.214+0000][1][safepoint    ] Application time: 1.0002724 seconds
[2019-06-24T10:27:30.214+0000][1][safepoint    ] Entering safepoint region: Cleanup
[2019-06-24T10:27:30.214+0000][1][safepoint    ] Leaving safepoint region
[2019-06-24T10:27:30.215+0000][1][safepoint    ] Total time for which application threads were stopped: 0.0003086 seconds, Stopping threads took: 0.0000640 seconds
[2019-06-24T10:27:31.215+0000][1][safepoint    ] Application time: 1.0001745 seconds
[2019-06-24T10:27:31.215+0000][1][safepoint    ] Entering safepoint region: Cleanup
[2019-06-24T10:27:31.215+0000][1][safepoint    ] Leaving safepoint region
[2019-06-24T10:27:31.215+0000][1][safepoint    ] Total time for which application threads were stopped: 0.0002617 seconds, Stopping threads took: 0.0000740 seconds
[2019-06-24T10:27:32.215+0000][1][safepoint    ] Application time: 1.0002678 seconds
[2019-06-24T10:27:32.216+0000][1][safepoint    ] Entering safepoint region: Cleanup
[2019-06-24T10:27:32.216+0000][1][safepoint    ] Leaving safepoint region
[2019-06-24T10:27:32.216+0000][1][safepoint    ] Total time for which application threads were stopped: 0.0002396 seconds, Stopping threads took: 0.0000646 seconds
[2019-06-24T10:27:33.216+0000][1][safepoint    ] Application time: 1.0001919 seconds
[2019-06-24T10:27:33.216+0000][1][safepoint    ] Entering safepoint region: Cleanup
[2019-06-24T10:27:33.216+0000][1][safepoint    ] Leaving safepoint region
[2019-06-24T10:27:33.216+0000][1][safepoint    ] Total time for which application threads were stopped: 0.0002324 seconds, Stopping threads took: 0.0000759 seconds
[2019-06-24T10:27:34.217+0000][1][safepoint    ] Application time: 1.0001846 seconds
[2019-06-24T10:27:34.217+0000][1][safepoint    ] Entering safepoint region: Cleanup
[2019-06-24T10:27:34.217+0000][1][safepoint    ] Leaving safepoint region
[2019-06-24T10:27:34.217+0000][1][safepoint    ] Total time for which application threads were stopped: 0.0003797 seconds, Stopping threads took: 0.0001974 seconds
[2019-06-24T10:27:35.217+0000][1][safepoint    ] Application time: 1.0002181 seconds
[2019-06-24T10:27:35.218+0000][1][safepoint    ] Entering safepoint region: Cleanup
[2019-06-24T10:27:35.218+0000][1][safepoint    ] Leaving safepoint region
[2019-06-24T10:27:35.218+0000][1][safepoint    ] Total time for which application threads were stopped: 0.0002320 seconds, Stopping threads took: 0.0000647 seconds
[2019-06-24T10:27:36.218+0000][1][safepoint    ] Application time: 1.0001368 seconds
[2019-06-24T10:27:36.218+0000][1][safepoint    ] Entering safepoint region: Cleanup
[2019-06-24T10:27:36.218+0000][1][safepoint    ] Leaving safepoint region
[2019-06-24T10:27:36.218+0000][1][safepoint    ] Total time for which application threads were stopped: 0.0001926 seconds, Stopping threads took: 0.0000568 seconds
[2019-06-24T10:27:37.219+0000][1][safepoint    ] Application time: 1.0003331 seconds
[2019-06-24T10:27:37.219+0000][1][safepoint    ] Entering safepoint region: Cleanup
[2019-06-24T10:27:37.219+0000][1][safepoint    ] Leaving safepoint region
[2019-06-24T10:27:37.219+0000][1][safepoint    ] Total time for which application threads were stopped: 0.0002308 seconds, Stopping threads took: 0.0000643 seconds
[2019-06-24T10:27:38.219+0000][1][safepoint    ] Application time: 1.0002648 seconds
[2019-06-24T10:27:38.219+0000][1][safepoint    ] Entering safepoint region: Cleanup
[2019-06-24T10:27:38.220+0000][1][safepoint    ] Leaving safepoint region
[2019-06-24T10:27:38.220+0000][1][safepoint    ] Total time for which application threads were stopped: 0.0002676 seconds, Stopping threads took: 0.0000656 seconds
[2019-06-24T10:27:39.220+0000][1][safepoint    ] Application time: 1.0002252 seconds
[2019-06-24T10:27:39.220+0000][1][safepoint    ] Entering safepoint region: Cleanup
[2019-06-24T10:27:39.220+0000][1][safepoint    ] Leaving safepoint region
[2019-06-24T10:27:39.220+0000][1][safepoint    ] Total time for which application threads were stopped: 0.0002002 seconds, Stopping threads took: 0.0000556 seconds
[2019-06-24T10:27:40.220+0000][1][safepoint    ] Application time: 1.0002864 seconds
[2019-06-24T10:27:40.221+0000][1][safepoint    ] Entering safepoint region: Cleanup
[2019-06-24T10:27:40.221+0000][1][safepoint    ] Leaving safepoint region
[2019-06-24T10:27:40.221+0000][1][safepoint    ] Total time for which application threads were stopped: 0.0000921 seconds, Stopping threads took: 0.0000244 seconds
[2019-06-24T10:27:41.221+0000][1][safepoint    ] Application time: 1.0001598 seconds
[2019-06-24T10:27:41.221+0000][1][safepoint    ] Entering safepoint region: Cleanup
[2019-06-24T10:27:41.221+0000][1][safepoint    ] Leaving safepoint region
[2019-06-24T10:27:41.221+0000][1][safepoint    ] Total time for which application threads were stopped: 0.0003293 seconds, Stopping threads took: 0.0000807 seconds
[2019-06-24T10:27:42.222+0000][1][safepoint    ] Application time: 1.0002967 seconds
[2019-06-24T10:27:42.222+0000][1][safepoint    ] Entering safepoint region: Cleanup
[2019-06-24T10:27:42.222+0000][1][safepoint    ] Leaving safepoint region
[2019-06-24T10:27:42.222+0000][1][safepoint    ] Total time for which application threads were stopped: 0.0003476 seconds, Stopping threads took: 0.0000756 seconds
[2019-06-24T10:27:43.222+0000][1][safepoint    ] Application time: 1.0002840 seconds
[2019-06-24T10:27:43.223+0000][1][safepoint    ] Entering safepoint region: Cleanup
[2019-06-24T10:27:43.223+0000][1][safepoint    ] Leaving safepoint region
[2019-06-24T10:27:43.223+0000][1][safepoint    ] Total time for which application threads were stopped: 0.0003084 seconds, Stopping threads took: 0.0000976 seconds
[2019-06-24T10:27:44.223+0000][1][safepoint    ] Application time: 1.0002560 seconds
[2019-06-24T10:27:44.223+0000][1][safepoint    ] Entering safepoint region: Cleanup
[2019-06-24T10:27:44.224+0000][1][safepoint    ] Leaving safepoint region
[2019-06-24T10:27:44.224+0000][1][safepoint    ] Total time for which application threads were stopped: 0.0003467 seconds, Stopping threads took: 0.0000665 seconds
[2019-06-24T10:27:45.224+0000][1][safepoint    ] Application time: 1.0002649 seconds
[2019-06-24T10:27:45.224+0000][1][safepoint    ] Entering safepoint region: Cleanup
[2019-06-24T10:27:45.224+0000][1][safepoint    ] Leaving safepoint region
[2019-06-24T10:27:45.224+0000][1][safepoint    ] Total time for which application threads were stopped: 0.0003016 seconds, Stopping threads took: 0.0000638 seconds
[2019-06-24T10:27:46.225+0000][1][safepoint    ] Application time: 1.0002728 seconds
[2019-06-24T10:27:46.225+0000][1][safepoint    ] Entering safepoint region: Cleanup
[2019-06-24T10:27:46.225+0000][1][safepoint    ] Leaving safepoint region
[2019-06-24T10:27:46.225+0000][1][safepoint    ] Total time for which application threads were stopped: 0.0003027 seconds, Stopping threads took: 0.0000661 seconds
[2019-06-24T10:27:47.225+0000][1][safepoint    ] Application time: 1.0001622 seconds
[2019-06-24T10:27:47.225+0000][1][safepoint    ] Entering safepoint region: Cleanup
[2019-06-24T10:27:47.225+0000][1][safepoint    ] Leaving safepoint region
[2019-06-24T10:27:47.226+0000][1][safepoint    ] Total time for which application threads were stopped: 0.0000888 seconds, Stopping threads took: 0.0000260 seconds
[2019-06-24T10:27:48.226+0000][1][safepoint    ] Application time: 1.0002410 seconds
[2019-06-24T10:27:48.226+0000][1][safepoint    ] Entering safepoint region: Cleanup
[2019-06-24T10:27:48.226+0000][1][safepoint    ] Leaving safepoint region
[2019-06-24T10:27:48.226+0000][1][safepoint    ] Total time for which application threads were stopped: 0.0002232 seconds, Stopping threads took: 0.0000625 seconds
[2019-06-24T10:27:49.226+0000][1][safepoint    ] Application time: 1.0001899 seconds
[2019-06-24T10:27:49.226+0000][1][safepoint    ] Entering safepoint region: Cleanup
[2019-06-24T10:27:49.227+0000][1][safepoint    ] Leaving safepoint region
[2019-06-24T10:27:49.227+0000][1][safepoint    ] Total time for which application threads were stopped: 0.0003033 seconds, Stopping threads took: 0.0001413 seconds
[2019-06-24T10:27:50.227+0000][1][safepoint    ] Application time: 1.0001518 seconds
[2019-06-24T10:27:50.227+0000][1][safepoint    ] Entering safepoint region: Cleanup
[2019-06-24T10:27:50.227+0000][1][safepoint    ] Leaving safepoint region
[2019-06-24T10:27:50.227+0000][1][safepoint    ] Total time for which application threads were stopped: 0.0002155 seconds, Stopping threads took: 0.0000619 seconds
[2019-06-24T10:27:51.227+0000][1][safepoint    ] Application time: 1.0001629 seconds
[2019-06-24T10:27:51.228+0000][1][safepoint    ] Entering safepoint region: Cleanup
[2019-06-24T10:27:51.228+0000][1][safepoint    ] Leaving safepoint region
[2019-06-24T10:27:51.228+0000][1][safepoint    ] Total time for which application threads were stopped: 0.0001998 seconds, Stopping threads took: 0.0000562 seconds
[2019-06-24T10:27:52.228+0000][1][safepoint    ] Application time: 1.0001275 seconds
[2019-06-24T10:27:52.228+0000][1][safepoint    ] Entering safepoint region: Cleanup
[2019-06-24T10:27:52.228+0000][1][safepoint    ] Leaving safepoint region
[2019-06-24T10:27:52.228+0000][1][safepoint    ] Total time for which application threads were stopped: 0.0001941 seconds, Stopping threads took: 0.0000549 seconds
[2019-06-24T10:27:53.228+0000][1][safepoint    ] Application time: 1.0002534 seconds
[2019-06-24T10:27:53.229+0000][1][safepoint    ] Entering safepoint region: Cleanup
[2019-06-24T10:27:53.229+0000][1][safepoint    ] Leaving safepoint region
[2019-06-24T10:27:53.229+0000][1][safepoint    ] Total time for which application threads were stopped: 0.0002246 seconds, Stopping threads took: 0.0000632 seconds
[2019-06-24T10:27:54.229+0000][1][safepoint    ] Application time: 1.0001745 seconds
[2019-06-24T10:27:54.229+0000][1][safepoint    ] Entering safepoint region: Cleanup
[2019-06-24T10:27:54.229+0000][1][safepoint    ] Leaving safepoint region
[2019-06-24T10:27:54.229+0000][1][safepoint    ] Total time for which application threads were stopped: 0.0002890 seconds, Stopping threads took: 0.0000957 seconds
[2019-06-24T10:27:55.230+0000][1][safepoint    ] Application time: 1.0001865 seconds
[2019-06-24T10:27:55.230+0000][1][safepoint    ] Entering safepoint region: Cleanup
[2019-06-24T10:27:55.230+0000][1][safepoint    ] Leaving safepoint region
[2019-06-24T10:27:55.230+0000][1][safepoint    ] Total time for which application threads were stopped: 0.0002305 seconds, Stopping threads took: 0.0000659 seconds
[2019-06-24T10:27:56.230+0000][1][safepoint    ] Application time: 1.0001333 seconds
[2019-06-24T10:27:56.230+0000][1][safepoint    ] Entering safepoint region: Cleanup
[2019-06-24T10:27:56.230+0000][1][safepoint    ] Leaving safepoint region
[2019-06-24T10:27:56.231+0000][1][safepoint    ] Total time for which application threads were stopped: 0.0002582 seconds, Stopping threads took: 0.0000769 seconds
[2019-06-24T10:27:57.231+0000][1][safepoint    ] Application time: 1.0002051 seconds
[2019-06-24T10:27:57.231+0000][1][safepoint    ] Entering safepoint region: Cleanup
[2019-06-24T10:27:57.231+0000][1][safepoint    ] Leaving safepoint region
[2019-06-24T10:27:57.231+0000][1][safepoint    ] Total time for which application threads were stopped: 0.0002288 seconds, Stopping threads took: 0.0000615 seconds
[2019-06-24T10:27:58.231+0000][1][safepoint    ] Application time: 1.0001636 seconds
[2019-06-24T10:27:58.231+0000][1][safepoint    ] Entering safepoint region: Cleanup
[2019-06-24T10:27:58.232+0000][1][safepoint    ] Leaving safepoint region
[2019-06-24T10:27:58.232+0000][1][safepoint    ] Total time for which application threads were stopped: 0.0002240 seconds, Stopping threads took: 0.0000675 seconds
[2019-06-24T10:27:59.232+0000][1][safepoint    ] Application time: 1.0002059 seconds
[2019-06-24T10:27:59.232+0000][1][safepoint    ] Entering safepoint region: Cleanup
[2019-06-24T10:27:59.232+0000][1][safepoint    ] Leaving safepoint region
[2019-06-24T10:27:59.232+0000][1][safepoint    ] Total time for which application threads were stopped: 0.0002283 seconds, Stopping threads took: 0.0000668 seconds
[2019-06-24T10:28:00.233+0000][1][safepoint    ] Application time: 1.0002433 seconds
[2019-06-24T10:28:00.233+0000][1][safepoint    ] Entering safepoint region: Cleanup
[2019-06-24T10:28:00.233+0000][1][safepoint    ] Leaving safepoint region
[2019-06-24T10:28:00.233+0000][1][safepoint    ] Total time for which application threads were stopped: 0.0002336 seconds, Stopping threads took: 0.0000651 seconds
[2019-06-24T10:28:01.233+0000][1][safepoint    ] Application time: 1.0002284 seconds
[2019-06-24T10:28:01.233+0000][1][safepoint    ] Entering safepoint region: Cleanup
[2019-06-24T10:28:01.233+0000][1][safepoint    ] Leaving safepoint region
[2019-06-24T10:28:01.234+0000][1][safepoint    ] Total time for which application threads were stopped: 0.0002991 seconds, Stopping threads took: 0.0000829 seconds
[2019-06-24T10:28:02.234+0000][1][safepoint    ] Application time: 1.0001900 seconds
[2019-06-24T10:28:02.234+0000][1][safepoint    ] Entering safepoint region: Cleanup
[2019-06-24T10:28:02.234+0000][1][safepoint    ] Leaving safepoint region
[2019-06-24T10:28:02.234+0000][1][safepoint    ] Total time for which application threads were stopped: 0.0002019 seconds, Stopping threads took: 0.0000561 seconds
[2019-06-24T10:28:03.234+0000][1][safepoint    ] Application time: 1.0002665 seconds
[2019-06-24T10:28:03.235+0000][1][safepoint    ] Entering safepoint region: Cleanup
[2019-06-24T10:28:03.235+0000][1][safepoint    ] Leaving safepoint region
[2019-06-24T10:28:03.235+0000][1][safepoint    ] Total time for which application threads were stopped: 0.0002285 seconds, Stopping threads took: 0.0000698 seconds
[2019-06-24T10:28:04.235+0000][1][safepoint    ] Application time: 1.0002391 seconds
[2019-06-24T10:28:04.235+0000][1][safepoint    ] Entering safepoint region: Cleanup
[2019-06-24T10:28:04.235+0000][1][safepoint    ] Leaving safepoint region
[2019-06-24T10:28:04.235+0000][1][safepoint    ] Total time for which application threads were stopped: 0.0001016 seconds, Stopping threads took: 0.0000252 seconds
[2019-06-24T10:28:05.235+0000][1][safepoint    ] Application time: 1.0002427 seconds
[2019-06-24T10:28:05.236+0000][1][safepoint    ] Entering safepoint region: Cleanup
[2019-06-24T10:28:05.236+0000][1][safepoint    ] Leaving safepoint region
[2019-06-24T10:28:05.236+0000][1][safepoint    ] Total time for which application threads were stopped: 0.0003502 seconds, Stopping threads took: 0.0000769 seconds
[2019-06-24T10:28:06.236+0000][1][safepoint    ] Application time: 1.0002597 seconds
[2019-06-24T10:28:06.236+0000][1][safepoint    ] Entering safepoint region: Cleanup
[2019-06-24T10:28:06.237+0000][1][safepoint    ] Leaving safepoint region
[2019-06-24T10:28:06.237+0000][1][safepoint    ] Total time for which application threads were stopped: 0.0003057 seconds, Stopping threads took: 0.0000670 seconds
[2019-06-24T10:28:07.237+0000][1][safepoint    ] Application time: 1.0002930 seconds
[2019-06-24T10:28:07.237+0000][1][safepoint    ] Entering safepoint region: Cleanup
[2019-06-24T10:28:07.237+0000][1][safepoint    ] Leaving safepoint region
[2019-06-24T10:28:07.237+0000][1][safepoint    ] Total time for which application threads were stopped: 0.0002678 seconds, Stopping threads took: 0.0000789 seconds
[2019-06-24T10:28:08.238+0000][1][safepoint    ] Application time: 1.0002813 seconds
[2019-06-24T10:28:08.238+0000][1][safepoint    ] Entering safepoint region: Cleanup
[2019-06-24T10:28:08.238+0000][1][safepoint    ] Leaving safepoint region
[2019-06-24T10:28:08.238+0000][1][safepoint    ] Total time for which application threads were stopped: 0.0002332 seconds, Stopping threads took: 0.0000655 seconds
[2019-06-24T10:28:09.238+0000][1][safepoint    ] Application time: 1.0001510 seconds
[2019-06-24T10:28:09.238+0000][1][safepoint    ] Entering safepoint region: Cleanup
[2019-06-24T10:28:09.239+0000][1][safepoint    ] Leaving safepoint region
[2019-06-24T10:28:09.239+0000][1][safepoint    ] Total time for which application threads were stopped: 0.0003062 seconds, Stopping threads took: 0.0000661 seconds
[2019-06-24T10:28:10.264+0000][1][safepoint    ] Application time: 1.0252077 seconds
[2019-06-24T10:28:10.264+0000][1][safepoint    ] Entering safepoint region: Cleanup
[2019-06-24T10:28:10.264+0000][1][safepoint    ] Leaving safepoint region
[2019-06-24T10:28:10.264+0000][1][safepoint    ] Total time for which application threads were stopped: 0.0002312 seconds, Stopping threads took: 0.0000637 seconds
[2019-06-24T10:28:11.265+0000][1][safepoint    ] Application time: 1.0002699 seconds
[2019-06-24T10:28:11.265+0000][1][safepoint    ] Entering safepoint region: Cleanup
[2019-06-24T10:28:11.265+0000][1][safepoint    ] Leaving safepoint region
[2019-06-24T10:28:11.265+0000][1][safepoint    ] Total time for which application threads were stopped: 0.0002308 seconds, Stopping threads took: 0.0000636 seconds
[2019-06-24T10:28:12.265+0000][1][safepoint    ] Application time: 1.0002528 seconds
[2019-06-24T10:28:12.265+0000][1][safepoint    ] Entering safepoint region: Cleanup
[2019-06-24T10:28:12.265+0000][1][safepoint    ] Leaving safepoint region
[2019-06-24T10:28:12.265+0000][1][safepoint    ] Total time for which application threads were stopped: 0.0002216 seconds, Stopping threads took: 0.0000612 seconds
[2019-06-24T10:28:13.266+0000][1][safepoint    ] Application time: 1.0002649 seconds
[2019-06-24T10:28:13.266+0000][1][safepoint    ] Entering safepoint region: Cleanup
[2019-06-24T10:28:13.266+0000][1][safepoint    ] Leaving safepoint region
[2019-06-24T10:28:13.266+0000][1][safepoint    ] Total time for which application threads were stopped: 0.0002186 seconds, Stopping threads took: 0.0000623 seconds
[2019-06-24T10:28:14.266+0000][1][safepoint    ] Application time: 1.0002883 seconds
[2019-06-24T10:28:14.267+0000][1][safepoint    ] Entering safepoint region: Cleanup
[2019-06-24T10:28:14.267+0000][1][safepoint    ] Leaving safepoint region
[2019-06-24T10:28:14.267+0000][1][safepoint    ] Total time for which application threads were stopped: 0.0001490 seconds, Stopping threads took: 0.0000467 seconds
[2019-06-24T10:28:15.267+0000][1][safepoint    ] Application time: 1.0001128 seconds
[2019-06-24T10:28:15.267+0000][1][safepoint    ] Entering safepoint region: Cleanup
[2019-06-24T10:28:15.267+0000][1][safepoint    ] Leaving safepoint region
[2019-06-24T10:28:15.267+0000][1][safepoint    ] Total time for which application threads were stopped: 0.0002853 seconds, Stopping threads took: 0.0000622 seconds
[2019-06-24T10:28:16.268+0000][1][safepoint    ] Application time: 1.0002719 seconds
[2019-06-24T10:28:16.268+0000][1][safepoint    ] Entering safepoint region: Cleanup
[2019-06-24T10:28:16.268+0000][1][safepoint    ] Leaving safepoint region
[2019-06-24T10:28:16.268+0000][1][safepoint    ] Total time for which application threads were stopped: 0.0002934 seconds, Stopping threads took: 0.0000660 seconds
[2019-06-24T10:28:17.268+0000][1][safepoint    ] Application time: 1.0002309 seconds
[2019-06-24T10:28:17.268+0000][1][safepoint    ] Entering safepoint region: Cleanup
[2019-06-24T10:28:17.268+0000][1][safepoint    ] Leaving safepoint region
[2019-06-24T10:28:17.268+0000][1][safepoint    ] Total time for which application threads were stopped: 0.0002095 seconds, Stopping threads took: 0.0000604 seconds
[2019-06-24T10:28:18.269+0000][1][safepoint    ] Application time: 1.0002745 seconds
[2019-06-24T10:28:18.269+0000][1][safepoint    ] Entering safepoint region: Cleanup
[2019-06-24T10:28:18.269+0000][1][safepoint    ] Leaving safepoint region
[2019-06-24T10:28:18.269+0000][1][safepoint    ] Total time for which application threads were stopped: 0.0002899 seconds, Stopping threads took: 0.0000648 seconds
[2019-06-24T10:28:19.269+0000][1][safepoint    ] Application time: 0.9995514 seconds
[2019-06-24T10:28:19.269+0000][1][safepoint    ] Entering safepoint region: GenCollectForAllocation
[2019-06-24T10:28:19.269+0000][1][gc,start     ] GC(39) Pause Young (Allocation Failure)
[2019-06-24T10:28:19.269+0000][1][gc,task      ] GC(39) Using 5 workers of 8 for evacuation
[2019-06-24T10:28:19.271+0000][1][gc,age       ] GC(39) Desired survivor size 4456448 bytes, new threshold 6 (max threshold 6)
[2019-06-24T10:28:19.272+0000][1][gc,age       ] GC(39) Age table with threshold 6 (max threshold 6)
[2019-06-24T10:28:19.272+0000][1][gc,age       ] GC(39) - age   1:       4312 bytes,       4312 total
[2019-06-24T10:28:19.272+0000][1][gc,age       ] GC(39) - age   2:         64 bytes,       4376 total
[2019-06-24T10:28:19.272+0000][1][gc,age       ] GC(39) - age   3:       1632 bytes,       6008 total
[2019-06-24T10:28:19.272+0000][1][gc,age       ] GC(39) - age   4:       1392 bytes,       7400 total
[2019-06-24T10:28:19.272+0000][1][gc,age       ] GC(39) - age   5:        856 bytes,       8256 total
[2019-06-24T10:28:19.272+0000][1][gc,age       ] GC(39) - age   6:       1208 bytes,       9464 total
[2019-06-24T10:28:19.272+0000][1][gc,heap      ] GC(39) ParNew: 69999K->16K(78656K)
[2019-06-24T10:28:19.272+0000][1][gc,heap      ] GC(39) CMS: 69612K->69613K(174784K)
[2019-06-24T10:28:19.272+0000][1][gc,metaspace ] GC(39) Metaspace: 68172K->68172K(1112064K)
[2019-06-24T10:28:19.272+0000][1][gc           ] GC(39) Pause Young (Allocation Failure) 136M->67M(247M) 2.601ms
[2019-06-24T10:28:19.272+0000][1][gc,cpu       ] GC(39) User=0.01s Sys=0.00s Real=0.00s
[2019-06-24T10:28:19.272+0000][1][safepoint    ] Leaving safepoint region
[2019-06-24T10:28:19.272+0000][1][safepoint    ] Total time for which application threads were stopped: 0.0030175 seconds, Stopping threads took: 0.0000596 seconds
[2019-06-24T10:28:20.272+0000][1][safepoint    ] Application time: 1.0002828 seconds
[2019-06-24T10:28:20.272+0000][1][safepoint    ] Entering safepoint region: Cleanup
[2019-06-24T10:28:20.273+0000][1][safepoint    ] Leaving safepoint region
[2019-06-24T10:28:20.273+0000][1][safepoint    ] Total time for which application threads were stopped: 0.0002604 seconds, Stopping threads took: 0.0000625 seconds
[2019-06-24T10:28:21.273+0000][1][safepoint    ] Application time: 1.0002701 seconds
[2019-06-24T10:28:21.273+0000][1][safepoint    ] Entering safepoint region: Cleanup
[2019-06-24T10:28:21.273+0000][1][safepoint    ] Leaving safepoint region
[2019-06-24T10:28:21.273+0000][1][safepoint    ] Total time for which application threads were stopped: 0.0002573 seconds, Stopping threads took: 0.0000656 seconds
[2019-06-24T10:28:22.274+0000][1][safepoint    ] Application time: 1.0002624 seconds
[2019-06-24T10:28:22.274+0000][1][safepoint    ] Entering safepoint region: Cleanup
[2019-06-24T10:28:22.274+0000][1][safepoint    ] Leaving safepoint region
[2019-06-24T10:28:22.274+0000][1][safepoint    ] Total time for which application threads were stopped: 0.0002831 seconds, Stopping threads took: 0.0000622 seconds
[2019-06-24T10:28:23.274+0000][1][safepoint    ] Application time: 1.0002723 seconds
[2019-06-24T10:28:23.275+0000][1][safepoint    ] Entering safepoint region: Cleanup
[2019-06-24T10:28:23.275+0000][1][safepoint    ] Leaving safepoint region
[2019-06-24T10:28:23.275+0000][1][safepoint    ] Total time for which application threads were stopped: 0.0003883 seconds, Stopping threads took: 0.0001377 seconds
[2019-06-24T10:28:24.275+0000][1][safepoint    ] Application time: 1.0001953 seconds
[2019-06-24T10:28:24.275+0000][1][safepoint    ] Entering safepoint region: Cleanup
[2019-06-24T10:28:24.275+0000][1][safepoint    ] Leaving safepoint region
[2019-06-24T10:28:24.276+0000][1][safepoint    ] Total time for which application threads were stopped: 0.0003640 seconds, Stopping threads took: 0.0001317 seconds
[2019-06-24T10:28:25.276+0000][1][safepoint    ] Application time: 1.0002997 seconds
[2019-06-24T10:28:25.276+0000][1][safepoint    ] Entering safepoint region: Cleanup
[2019-06-24T10:28:25.276+0000][1][safepoint    ] Leaving safepoint region
[2019-06-24T10:28:25.276+0000][1][safepoint    ] Total time for which application threads were stopped: 0.0003061 seconds, Stopping threads took: 0.0000638 seconds
[2019-06-24T10:28:26.277+0000][1][safepoint    ] Application time: 1.0002819 seconds
[2019-06-24T10:28:26.277+0000][1][safepoint    ] Entering safepoint region: Cleanup
[2019-06-24T10:28:26.277+0000][1][safepoint    ] Leaving safepoint region
[2019-06-24T10:28:26.277+0000][1][safepoint    ] Total time for which application threads were stopped: 0.0002580 seconds, Stopping threads took: 0.0000639 seconds
[2019-06-24T10:28:27.277+0000][1][safepoint    ] Application time: 1.0002741 seconds
[2019-06-24T10:28:27.277+0000][1][safepoint    ] Entering safepoint region: Cleanup
[2019-06-24T10:28:27.278+0000][1][safepoint    ] Leaving safepoint region
[2019-06-24T10:28:27.278+0000][1][safepoint    ] Total time for which application threads were stopped: 0.0002578 seconds, Stopping threads took: 0.0000647 seconds
[2019-06-24T10:28:28.278+0000][1][safepoint    ] Application time: 1.0002701 seconds
[2019-06-24T10:28:28.278+0000][1][safepoint    ] Entering safepoint region: Cleanup
[2019-06-24T10:28:28.278+0000][1][safepoint    ] Leaving safepoint region
[2019-06-24T10:28:28.278+0000][1][safepoint    ] Total time for which application threads were stopped: 0.0002586 seconds, Stopping threads took: 0.0000626 seconds
[2019-06-24T10:28:29.279+0000][1][safepoint    ] Application time: 1.0002580 seconds
[2019-06-24T10:28:29.279+0000][1][safepoint    ] Entering safepoint region: Cleanup
[2019-06-24T10:28:29.279+0000][1][safepoint    ] Leaving safepoint region
[2019-06-24T10:28:29.279+0000][1][safepoint    ] Total time for which application threads were stopped: 0.0002568 seconds, Stopping threads took: 0.0000637 seconds
[2019-06-24T10:28:30.279+0000][1][safepoint    ] Application time: 1.0002292 seconds
[2019-06-24T10:28:30.279+0000][1][safepoint    ] Entering safepoint region: Cleanup
[2019-06-24T10:28:30.280+0000][1][safepoint    ] Leaving safepoint region
[2019-06-24T10:28:30.280+0000][1][safepoint    ] Total time for which application threads were stopped: 0.0002607 seconds, Stopping threads took: 0.0000644 seconds
[2019-06-24T10:28:31.280+0000][1][safepoint    ] Application time: 1.0002654 seconds
[2019-06-24T10:28:31.280+0000][1][safepoint    ] Entering safepoint region: Cleanup
[2019-06-24T10:28:31.280+0000][1][safepoint    ] Leaving safepoint region
[2019-06-24T10:28:31.280+0000][1][safepoint    ] Total time for which application threads were stopped: 0.0002605 seconds, Stopping threads took: 0.0000647 seconds
[2019-06-24T10:28:32.281+0000][1][safepoint    ] Application time: 1.0002133 seconds
[2019-06-24T10:28:32.281+0000][1][safepoint    ] Entering safepoint region: Cleanup
[2019-06-24T10:28:32.281+0000][1][safepoint    ] Leaving safepoint region
[2019-06-24T10:28:32.281+0000][1][safepoint    ] Total time for which application threads were stopped: 0.0002884 seconds, Stopping threads took: 0.0000882 seconds
[2019-06-24T10:28:33.281+0000][1][safepoint    ] Application time: 1.0001810 seconds
[2019-06-24T10:28:33.281+0000][1][safepoint    ] Entering safepoint region: Cleanup
[2019-06-24T10:28:33.282+0000][1][safepoint    ] Leaving safepoint region
[2019-06-24T10:28:33.282+0000][1][safepoint    ] Total time for which application threads were stopped: 0.0002877 seconds, Stopping threads took: 0.0001014 seconds
[2019-06-24T10:28:34.282+0000][1][safepoint    ] Application time: 1.0001910 seconds
[2019-06-24T10:28:34.282+0000][1][safepoint    ] Entering safepoint region: Cleanup
[2019-06-24T10:28:34.282+0000][1][safepoint    ] Leaving safepoint region
[2019-06-24T10:28:34.282+0000][1][safepoint    ] Total time for which application threads were stopped: 0.0002340 seconds, Stopping threads took: 0.0000657 seconds
[2019-06-24T10:28:35.283+0000][1][safepoint    ] Application time: 1.0001898 seconds
[2019-06-24T10:28:35.283+0000][1][safepoint    ] Entering safepoint region: Cleanup
[2019-06-24T10:28:35.283+0000][1][safepoint    ] Leaving safepoint region
[2019-06-24T10:28:35.283+0000][1][safepoint    ] Total time for which application threads were stopped: 0.0002238 seconds, Stopping threads took: 0.0000752 seconds
[2019-06-24T10:28:36.283+0000][1][safepoint    ] Application time: 1.0001827 seconds
[2019-06-24T10:28:36.283+0000][1][safepoint    ] Entering safepoint region: Cleanup
[2019-06-24T10:28:36.283+0000][1][safepoint    ] Leaving safepoint region
[2019-06-24T10:28:36.283+0000][1][safepoint    ] Total time for which application threads were stopped: 0.0002705 seconds, Stopping threads took: 0.0000811 seconds
[2019-06-24T10:28:37.284+0000][1][safepoint    ] Application time: 1.0002474 seconds
[2019-06-24T10:28:37.284+0000][1][safepoint    ] Entering safepoint region: Cleanup
[2019-06-24T10:28:37.284+0000][1][safepoint    ] Leaving safepoint region
[2019-06-24T10:28:37.284+0000][1][safepoint    ] Total time for which application threads were stopped: 0.0002814 seconds, Stopping threads took: 0.0000846 seconds
[2019-06-24T10:28:38.284+0000][1][safepoint    ] Application time: 1.0002608 seconds
[2019-06-24T10:28:38.285+0000][1][safepoint    ] Entering safepoint region: Cleanup
[2019-06-24T10:28:38.285+0000][1][safepoint    ] Leaving safepoint region
[2019-06-24T10:28:38.285+0000][1][safepoint    ] Total time for which application threads were stopped: 0.0002688 seconds, Stopping threads took: 0.0000803 seconds
[2019-06-24T10:28:39.285+0000][1][safepoint    ] Application time: 1.0002716 seconds
[2019-06-24T10:28:39.285+0000][1][safepoint    ] Entering safepoint region: Cleanup
[2019-06-24T10:28:39.285+0000][1][safepoint    ] Leaving safepoint region
[2019-06-24T10:28:39.285+0000][1][safepoint    ] Total time for which application threads were stopped: 0.0002310 seconds, Stopping threads took: 0.0000633 seconds
[2019-06-24T10:28:40.286+0000][1][safepoint    ] Application time: 1.0002095 seconds
[2019-06-24T10:28:40.286+0000][1][safepoint    ] Entering safepoint region: Cleanup
[2019-06-24T10:28:40.286+0000][1][safepoint    ] Leaving safepoint region
[2019-06-24T10:28:40.286+0000][1][safepoint    ] Total time for which application threads were stopped: 0.0002517 seconds, Stopping threads took: 0.0000910 seconds
[2019-06-24T10:28:41.286+0000][1][safepoint    ] Application time: 1.0002629 seconds
[2019-06-24T10:28:41.287+0000][1][safepoint    ] Entering safepoint region: Cleanup
[2019-06-24T10:28:41.287+0000][1][safepoint    ] Leaving safepoint region
[2019-06-24T10:28:41.287+0000][1][safepoint    ] Total time for which application threads were stopped: 0.0002837 seconds, Stopping threads took: 0.0000917 seconds
[2019-06-24T10:28:42.287+0000][1][safepoint    ] Application time: 1.0001497 seconds
[2019-06-24T10:28:42.287+0000][1][safepoint    ] Entering safepoint region: Cleanup
[2019-06-24T10:28:42.287+0000][1][safepoint    ] Leaving safepoint region
[2019-06-24T10:28:42.287+0000][1][safepoint    ] Total time for which application threads were stopped: 0.0001695 seconds, Stopping threads took: 0.0000516 seconds
[2019-06-24T10:28:43.288+0000][1][safepoint    ] Application time: 1.0002235 seconds
[2019-06-24T10:28:43.288+0000][1][safepoint    ] Entering safepoint region: Cleanup
[2019-06-24T10:28:43.288+0000][1][safepoint    ] Leaving safepoint region
[2019-06-24T10:28:43.288+0000][1][safepoint    ] Total time for which application threads were stopped: 0.0002684 seconds, Stopping threads took: 0.0000811 seconds
[2019-06-24T10:28:44.288+0000][1][safepoint    ] Application time: 1.0001860 seconds
[2019-06-24T10:28:44.288+0000][1][safepoint    ] Entering safepoint region: Cleanup
[2019-06-24T10:28:44.289+0000][1][safepoint    ] Leaving safepoint region
[2019-06-24T10:28:44.289+0000][1][safepoint    ] Total time for which application threads were stopped: 0.0002970 seconds, Stopping threads took: 0.0001209 seconds
[2019-06-24T10:28:45.289+0000][1][safepoint    ] Application time: 1.0001426 seconds
[2019-06-24T10:28:45.289+0000][1][safepoint    ] Entering safepoint region: Cleanup
[2019-06-24T10:28:45.289+0000][1][safepoint    ] Leaving safepoint region
[2019-06-24T10:28:45.289+0000][1][safepoint    ] Total time for which application threads were stopped: 0.0001017 seconds, Stopping threads took: 0.0000247 seconds
[2019-06-24T10:28:46.289+0000][1][safepoint    ] Application time: 1.0002490 seconds
[2019-06-24T10:28:46.289+0000][1][safepoint    ] Entering safepoint region: Cleanup
[2019-06-24T10:28:46.289+0000][1][safepoint    ] Leaving safepoint region
[2019-06-24T10:28:46.289+0000][1][safepoint    ] Total time for which application threads were stopped: 0.0002295 seconds, Stopping threads took: 0.0000641 seconds
[2019-06-24T10:28:47.290+0000][1][safepoint    ] Application time: 1.0002828 seconds
[2019-06-24T10:28:47.290+0000][1][safepoint    ] Entering safepoint region: Cleanup
[2019-06-24T10:28:47.290+0000][1][safepoint    ] Leaving safepoint region
[2019-06-24T10:28:47.290+0000][1][safepoint    ] Total time for which application threads were stopped: 0.0003751 seconds, Stopping threads took: 0.0001200 seconds
[2019-06-24T10:28:48.291+0000][1][safepoint    ] Application time: 1.0003014 seconds
[2019-06-24T10:28:48.291+0000][1][safepoint    ] Entering safepoint region: Cleanup
[2019-06-24T10:28:48.291+0000][1][safepoint    ] Leaving safepoint region
[2019-06-24T10:28:48.291+0000][1][safepoint    ] Total time for which application threads were stopped: 0.0003122 seconds, Stopping threads took: 0.0000948 seconds
[2019-06-24T10:28:49.291+0000][1][safepoint    ] Application time: 1.0002571 seconds
[2019-06-24T10:28:49.292+0000][1][safepoint    ] Entering safepoint region: Cleanup
[2019-06-24T10:28:49.292+0000][1][safepoint    ] Leaving safepoint region
[2019-06-24T10:28:49.292+0000][1][safepoint    ] Total time for which application threads were stopped: 0.0002935 seconds, Stopping threads took: 0.0001034 seconds
[2019-06-24T10:28:50.292+0000][1][safepoint    ] Application time: 1.0002638 seconds
[2019-06-24T10:28:50.292+0000][1][safepoint    ] Entering safepoint region: Cleanup
[2019-06-24T10:28:50.292+0000][1][safepoint    ] Leaving safepoint region
[2019-06-24T10:28:50.292+0000][1][safepoint    ] Total time for which application threads were stopped: 0.0002586 seconds, Stopping threads took: 0.0000939 seconds
[2019-06-24T10:28:51.293+0000][1][safepoint    ] Application time: 1.0002690 seconds
[2019-06-24T10:28:51.293+0000][1][safepoint    ] Entering safepoint region: Cleanup
[2019-06-24T10:28:51.293+0000][1][safepoint    ] Leaving safepoint region
[2019-06-24T10:28:51.293+0000][1][safepoint    ] Total time for which application threads were stopped: 0.0002681 seconds, Stopping threads took: 0.0000664 seconds
[2019-06-24T10:28:52.294+0000][1][safepoint    ] Application time: 1.0002682 seconds
[2019-06-24T10:28:52.294+0000][1][safepoint    ] Entering safepoint region: Cleanup
[2019-06-24T10:28:52.294+0000][1][safepoint    ] Leaving safepoint region
[2019-06-24T10:28:52.294+0000][1][safepoint    ] Total time for which application threads were stopped: 0.0002284 seconds, Stopping threads took: 0.0000644 seconds
[2019-06-24T10:28:53.294+0000][1][safepoint    ] Application time: 1.0002720 seconds
[2019-06-24T10:28:53.294+0000][1][safepoint    ] Entering safepoint region: Cleanup
[2019-06-24T10:28:53.295+0000][1][safepoint    ] Leaving safepoint region
[2019-06-24T10:28:53.295+0000][1][safepoint    ] Total time for which application threads were stopped: 0.0003867 seconds, Stopping threads took: 0.0000647 seconds
[2019-06-24T10:28:54.295+0000][1][safepoint    ] Application time: 1.0001477 seconds
[2019-06-24T10:28:54.295+0000][1][safepoint    ] Entering safepoint region: Cleanup
[2019-06-24T10:28:54.295+0000][1][safepoint    ] Leaving safepoint region
[2019-06-24T10:28:54.295+0000][1][safepoint    ] Total time for which application threads were stopped: 0.0003094 seconds, Stopping threads took: 0.0000654 seconds
[2019-06-24T10:28:55.296+0000][1][safepoint    ] Application time: 1.0002921 seconds
[2019-06-24T10:28:55.296+0000][1][safepoint    ] Entering safepoint region: Cleanup
[2019-06-24T10:28:55.296+0000][1][safepoint    ] Leaving safepoint region
[2019-06-24T10:28:55.296+0000][1][safepoint    ] Total time for which application threads were stopped: 0.0002642 seconds, Stopping threads took: 0.0000931 seconds
[2019-06-24T10:28:56.296+0000][1][safepoint    ] Application time: 1.0002661 seconds
[2019-06-24T10:28:56.296+0000][1][safepoint    ] Entering safepoint region: Cleanup
[2019-06-24T10:28:56.297+0000][1][safepoint    ] Leaving safepoint region
[2019-06-24T10:28:56.297+0000][1][safepoint    ] Total time for which application threads were stopped: 0.0002687 seconds, Stopping threads took: 0.0000652 seconds
[2019-06-24T10:28:57.297+0000][1][safepoint    ] Application time: 1.0002262 seconds
[2019-06-24T10:28:57.297+0000][1][safepoint    ] Entering safepoint region: Cleanup
[2019-06-24T10:28:57.297+0000][1][safepoint    ] Leaving safepoint region
[2019-06-24T10:28:57.297+0000][1][safepoint    ] Total time for which application threads were stopped: 0.0002656 seconds, Stopping threads took: 0.0000668 seconds
[2019-06-24T10:28:58.298+0000][1][safepoint    ] Application time: 1.0001891 seconds
[2019-06-24T10:28:58.298+0000][1][safepoint    ] Entering safepoint region: Cleanup
[2019-06-24T10:28:58.298+0000][1][safepoint    ] Leaving safepoint region
[2019-06-24T10:28:58.298+0000][1][safepoint    ] Total time for which application threads were stopped: 0.0002376 seconds, Stopping threads took: 0.0000658 seconds
[2019-06-24T10:28:59.298+0000][1][safepoint    ] Application time: 1.0001329 seconds
[2019-06-24T10:28:59.298+0000][1][safepoint    ] Entering safepoint region: Cleanup
[2019-06-24T10:28:59.299+0000][1][safepoint    ] Leaving safepoint region
[2019-06-24T10:28:59.299+0000][1][safepoint    ] Total time for which application threads were stopped: 0.0007742 seconds, Stopping threads took: 0.0001231 seconds
[2019-06-24T10:29:00.299+0000][1][safepoint    ] Application time: 1.0002429 seconds
[2019-06-24T10:29:00.299+0000][1][safepoint    ] Entering safepoint region: Cleanup
[2019-06-24T10:29:00.300+0000][1][safepoint    ] Leaving safepoint region
[2019-06-24T10:29:00.300+0000][1][safepoint    ] Total time for which application threads were stopped: 0.0002637 seconds, Stopping threads took: 0.0000802 seconds
[2019-06-24T10:29:01.862+0000][1][safepoint    ] Application time: 1.5626302 seconds
[2019-06-24T10:29:01.863+0000][1][safepoint    ] Entering safepoint region: Cleanup
[2019-06-24T10:29:01.863+0000][1][safepoint    ] Leaving safepoint region
[2019-06-24T10:29:01.863+0000][1][safepoint    ] Total time for which application threads were stopped: 0.0003999 seconds, Stopping threads took: 0.0001991 seconds
[2019-06-24T10:29:02.863+0000][1][safepoint    ] Application time: 1.0002379 seconds
[2019-06-24T10:29:02.863+0000][1][safepoint    ] Entering safepoint region: Cleanup
[2019-06-24T10:29:02.863+0000][1][safepoint    ] Leaving safepoint region
[2019-06-24T10:29:02.863+0000][1][safepoint    ] Total time for which application threads were stopped: 0.0002224 seconds, Stopping threads took: 0.0000620 seconds
[2019-06-24T10:29:03.864+0000][1][safepoint    ] Application time: 1.0002219 seconds
[2019-06-24T10:29:03.864+0000][1][safepoint    ] Entering safepoint region: Cleanup
[2019-06-24T10:29:03.864+0000][1][safepoint    ] Leaving safepoint region
[2019-06-24T10:29:03.864+0000][1][safepoint    ] Total time for which application threads were stopped: 0.0002953 seconds, Stopping threads took: 0.0001022 seconds
[2019-06-24T10:29:04.864+0000][1][safepoint    ] Application time: 1.0001765 seconds
[2019-06-24T10:29:04.864+0000][1][safepoint    ] Entering safepoint region: Cleanup
[2019-06-24T10:29:04.865+0000][1][safepoint    ] Leaving safepoint region
[2019-06-24T10:29:04.865+0000][1][safepoint    ] Total time for which application threads were stopped: 0.0002226 seconds, Stopping threads took: 0.0000609 seconds
[2019-06-24T10:29:05.865+0000][1][safepoint    ] Application time: 1.0001285 seconds
[2019-06-24T10:29:05.865+0000][1][safepoint    ] Entering safepoint region: Cleanup
[2019-06-24T10:29:05.865+0000][1][safepoint    ] Leaving safepoint region
[2019-06-24T10:29:05.865+0000][1][safepoint    ] Total time for which application threads were stopped: 0.0000899 seconds, Stopping threads took: 0.0000197 seconds
[2019-06-24T10:29:06.865+0000][1][safepoint    ] Application time: 1.0001503 seconds
[2019-06-24T10:29:06.865+0000][1][safepoint    ] Entering safepoint region: Cleanup
[2019-06-24T10:29:06.865+0000][1][safepoint    ] Leaving safepoint region
[2019-06-24T10:29:06.866+0000][1][safepoint    ] Total time for which application threads were stopped: 0.0002913 seconds, Stopping threads took: 0.0000670 seconds
[2019-06-24T10:29:07.866+0000][1][safepoint    ] Application time: 1.0001641 seconds
[2019-06-24T10:29:07.866+0000][1][safepoint    ] Entering safepoint region: Cleanup
[2019-06-24T10:29:07.866+0000][1][safepoint    ] Leaving safepoint region
[2019-06-24T10:29:07.867+0000][1][safepoint    ] Total time for which application threads were stopped: 0.0007097 seconds, Stopping threads took: 0.0003195 seconds
[2019-06-24T10:29:08.867+0000][1][safepoint    ] Application time: 1.0001620 seconds
[2019-06-24T10:29:08.867+0000][1][safepoint    ] Entering safepoint region: Cleanup
[2019-06-24T10:29:08.867+0000][1][safepoint    ] Leaving safepoint region
[2019-06-24T10:29:08.867+0000][1][safepoint    ] Total time for which application threads were stopped: 0.0002373 seconds, Stopping threads took: 0.0000648 seconds
[2019-06-24T10:29:09.868+0000][1][safepoint    ] Application time: 1.0003377 seconds
[2019-06-24T10:29:09.868+0000][1][safepoint    ] Entering safepoint region: Cleanup
[2019-06-24T10:29:09.868+0000][1][safepoint    ] Leaving safepoint region
[2019-06-24T10:29:09.868+0000][1][safepoint    ] Total time for which application threads were stopped: 0.0003058 seconds, Stopping threads took: 0.0000996 seconds
[2019-06-24T10:29:10.868+0000][1][safepoint    ] Application time: 1.0001508 seconds
[2019-06-24T10:29:10.868+0000][1][safepoint    ] Entering safepoint region: Cleanup
[2019-06-24T10:29:10.869+0000][1][safepoint    ] Leaving safepoint region
[2019-06-24T10:29:10.869+0000][1][safepoint    ] Total time for which application threads were stopped: 0.0003092 seconds, Stopping threads took: 0.0000824 seconds
[2019-06-24T10:29:11.869+0000][1][safepoint    ] Application time: 1.0002751 seconds
[2019-06-24T10:29:11.869+0000][1][safepoint    ] Entering safepoint region: Cleanup
[2019-06-24T10:29:11.869+0000][1][safepoint    ] Leaving safepoint region
[2019-06-24T10:29:11.869+0000][1][safepoint    ] Total time for which application threads were stopped: 0.0002720 seconds, Stopping threads took: 0.0000996 seconds
[2019-06-24T10:29:12.870+0000][1][safepoint    ] Application time: 1.0002581 seconds
[2019-06-24T10:29:12.870+0000][1][safepoint    ] Entering safepoint region: Cleanup
[2019-06-24T10:29:12.870+0000][1][safepoint    ] Leaving safepoint region
[2019-06-24T10:29:12.870+0000][1][safepoint    ] Total time for which application threads were stopped: 0.0002669 seconds, Stopping threads took: 0.0000642 seconds
[2019-06-24T10:29:13.870+0000][1][safepoint    ] Application time: 1.0002747 seconds
[2019-06-24T10:29:13.871+0000][1][safepoint    ] Entering safepoint region: Cleanup
[2019-06-24T10:29:13.871+0000][1][safepoint    ] Leaving safepoint region
[2019-06-24T10:29:13.871+0000][1][safepoint    ] Total time for which application threads were stopped: 0.0004256 seconds, Stopping threads took: 0.0001639 seconds
[2019-06-24T10:29:14.871+0000][1][safepoint    ] Application time: 1.0001957 seconds
[2019-06-24T10:29:14.871+0000][1][safepoint    ] Entering safepoint region: Cleanup
[2019-06-24T10:29:14.871+0000][1][safepoint    ] Leaving safepoint region
[2019-06-24T10:29:14.871+0000][1][safepoint    ] Total time for which application threads were stopped: 0.0002410 seconds, Stopping threads took: 0.0000702 seconds
[2019-06-24T10:29:16.353+0000][1][safepoint    ] Application time: 1.4819332 seconds
[2019-06-24T10:29:16.354+0000][1][safepoint    ] Entering safepoint region: Cleanup
[2019-06-24T10:29:16.354+0000][1][safepoint    ] Leaving safepoint region
[2019-06-24T10:29:16.354+0000][1][safepoint    ] Total time for which application threads were stopped: 0.0002298 seconds, Stopping threads took: 0.0000616 seconds
[2019-06-24T10:29:17.354+0000][1][safepoint    ] Application time: 1.0002689 seconds
[2019-06-24T10:29:17.354+0000][1][safepoint    ] Entering safepoint region: Cleanup
[2019-06-24T10:29:17.354+0000][1][safepoint    ] Leaving safepoint region
[2019-06-24T10:29:17.355+0000][1][safepoint    ] Total time for which application threads were stopped: 0.0003882 seconds, Stopping threads took: 0.0001039 seconds
[2019-06-24T10:29:18.355+0000][1][safepoint    ] Application time: 1.0001565 seconds
[2019-06-24T10:29:18.355+0000][1][safepoint    ] Entering safepoint region: Cleanup
[2019-06-24T10:29:18.355+0000][1][safepoint    ] Leaving safepoint region
[2019-06-24T10:29:18.355+0000][1][safepoint    ] Total time for which application threads were stopped: 0.0002893 seconds, Stopping threads took: 0.0000986 seconds
[2019-06-24T10:29:19.355+0000][1][safepoint    ] Application time: 1.0001840 seconds
[2019-06-24T10:29:19.356+0000][1][safepoint    ] Entering safepoint region: Cleanup
[2019-06-24T10:29:19.356+0000][1][safepoint    ] Leaving safepoint region
[2019-06-24T10:29:19.356+0000][1][safepoint    ] Total time for which application threads were stopped: 0.0003182 seconds, Stopping threads took: 0.0000769 seconds
[2019-06-24T10:29:20.356+0000][1][safepoint    ] Application time: 1.0002118 seconds
[2019-06-24T10:29:20.356+0000][1][safepoint    ] Entering safepoint region: Cleanup
[2019-06-24T10:29:20.356+0000][1][safepoint    ] Leaving safepoint region
[2019-06-24T10:29:20.356+0000][1][safepoint    ] Total time for which application threads were stopped: 0.0002935 seconds, Stopping threads took: 0.0000848 seconds
[2019-06-24T10:29:21.357+0000][1][safepoint    ] Application time: 1.0000999 seconds
[2019-06-24T10:29:21.357+0000][1][safepoint    ] Entering safepoint region: Cleanup
[2019-06-24T10:29:21.357+0000][1][safepoint    ] Leaving safepoint region
[2019-06-24T10:29:21.357+0000][1][safepoint    ] Total time for which application threads were stopped: 0.0001097 seconds, Stopping threads took: 0.0000294 seconds
[2019-06-24T10:29:22.357+0000][1][safepoint    ] Application time: 1.0002568 seconds
[2019-06-24T10:29:22.357+0000][1][safepoint    ] Entering safepoint region: Cleanup
[2019-06-24T10:29:22.357+0000][1][safepoint    ] Leaving safepoint region
[2019-06-24T10:29:22.357+0000][1][safepoint    ] Total time for which application threads were stopped: 0.0003008 seconds, Stopping threads took: 0.0001126 seconds
[2019-06-24T10:29:23.358+0000][1][safepoint    ] Application time: 1.0002641 seconds
[2019-06-24T10:29:23.358+0000][1][safepoint    ] Entering safepoint region: Cleanup
[2019-06-24T10:29:23.358+0000][1][safepoint    ] Leaving safepoint region
[2019-06-24T10:29:23.358+0000][1][safepoint    ] Total time for which application threads were stopped: 0.0002274 seconds, Stopping threads took: 0.0000622 seconds
[2019-06-24T10:29:24.359+0000][1][safepoint    ] Application time: 1.0003511 seconds
[2019-06-24T10:29:24.359+0000][1][safepoint    ] Entering safepoint region: Cleanup
[2019-06-24T10:29:24.359+0000][1][safepoint    ] Leaving safepoint region
[2019-06-24T10:29:24.359+0000][1][safepoint    ] Total time for which application threads were stopped: 0.0001061 seconds, Stopping threads took: 0.0000300 seconds
[2019-06-24T10:29:25.359+0000][1][safepoint    ] Application time: 1.0001293 seconds
[2019-06-24T10:29:25.359+0000][1][safepoint    ] Entering safepoint region: Cleanup
[2019-06-24T10:29:25.359+0000][1][safepoint    ] Leaving safepoint region
[2019-06-24T10:29:25.359+0000][1][safepoint    ] Total time for which application threads were stopped: 0.0002312 seconds, Stopping threads took: 0.0000643 seconds
[2019-06-24T10:29:26.359+0000][1][safepoint    ] Application time: 1.0002205 seconds
[2019-06-24T10:29:26.360+0000][1][safepoint    ] Entering safepoint region: Cleanup
[2019-06-24T10:29:26.360+0000][1][safepoint    ] Leaving safepoint region
[2019-06-24T10:29:26.360+0000][1][safepoint    ] Total time for which application threads were stopped: 0.0002762 seconds, Stopping threads took: 0.0000655 seconds
[2019-06-24T10:29:27.360+0000][1][safepoint    ] Application time: 1.0002212 seconds
[2019-06-24T10:29:27.360+0000][1][safepoint    ] Entering safepoint region: Cleanup
[2019-06-24T10:29:27.360+0000][1][safepoint    ] Leaving safepoint region
[2019-06-24T10:29:27.360+0000][1][safepoint    ] Total time for which application threads were stopped: 0.0002240 seconds, Stopping threads took: 0.0000632 seconds
[2019-06-24T10:29:28.361+0000][1][safepoint    ] Application time: 1.0002790 seconds
[2019-06-24T10:29:28.361+0000][1][safepoint    ] Entering safepoint region: Cleanup
[2019-06-24T10:29:28.361+0000][1][safepoint    ] Leaving safepoint region
[2019-06-24T10:29:28.361+0000][1][safepoint    ] Total time for which application threads were stopped: 0.0002749 seconds, Stopping threads took: 0.0000813 seconds
[2019-06-24T10:29:29.361+0000][1][safepoint    ] Application time: 1.0002319 seconds
[2019-06-24T10:29:29.361+0000][1][safepoint    ] Entering safepoint region: Cleanup
[2019-06-24T10:29:29.362+0000][1][safepoint    ] Leaving safepoint region
[2019-06-24T10:29:29.362+0000][1][safepoint    ] Total time for which application threads were stopped: 0.0001643 seconds, Stopping threads took: 0.0000446 seconds
[2019-06-24T10:29:30.362+0000][1][safepoint    ] Application time: 1.0002650 seconds
[2019-06-24T10:29:30.362+0000][1][safepoint    ] Entering safepoint region: Cleanup
[2019-06-24T10:29:30.362+0000][1][safepoint    ] Leaving safepoint region
[2019-06-24T10:29:30.362+0000][1][safepoint    ] Total time for which application threads were stopped: 0.0002589 seconds, Stopping threads took: 0.0000977 seconds
[2019-06-24T10:29:31.363+0000][1][safepoint    ] Application time: 1.0002567 seconds
[2019-06-24T10:29:31.363+0000][1][safepoint    ] Entering safepoint region: Cleanup
[2019-06-24T10:29:31.363+0000][1][safepoint    ] Leaving safepoint region
[2019-06-24T10:29:31.363+0000][1][safepoint    ] Total time for which application threads were stopped: 0.0003042 seconds, Stopping threads took: 0.0000780 seconds
[2019-06-24T10:29:32.363+0000][1][safepoint    ] Application time: 1.0002960 seconds
[2019-06-24T10:29:32.364+0000][1][safepoint    ] Entering safepoint region: Cleanup
[2019-06-24T10:29:32.364+0000][1][safepoint    ] Leaving safepoint region
[2019-06-24T10:29:32.364+0000][1][safepoint    ] Total time for which application threads were stopped: 0.0003374 seconds, Stopping threads took: 0.0000807 seconds
[2019-06-24T10:29:33.364+0000][1][safepoint    ] Application time: 1.0003080 seconds
[2019-06-24T10:29:33.364+0000][1][safepoint    ] Entering safepoint region: Cleanup
[2019-06-24T10:29:33.364+0000][1][safepoint    ] Leaving safepoint region
[2019-06-24T10:29:33.364+0000][1][safepoint    ] Total time for which application threads were stopped: 0.0000918 seconds, Stopping threads took: 0.0000251 seconds
[2019-06-24T10:29:34.365+0000][1][safepoint    ] Application time: 1.0001681 seconds
[2019-06-24T10:29:34.365+0000][1][safepoint    ] Entering safepoint region: Cleanup
[2019-06-24T10:29:34.365+0000][1][safepoint    ] Leaving safepoint region
[2019-06-24T10:29:34.365+0000][1][safepoint    ] Total time for which application threads were stopped: 0.0002312 seconds, Stopping threads took: 0.0000650 seconds
[2019-06-24T10:29:35.365+0000][1][safepoint    ] Application time: 1.0001877 seconds
[2019-06-24T10:29:35.365+0000][1][safepoint    ] Entering safepoint region: Cleanup
[2019-06-24T10:29:35.365+0000][1][safepoint    ] Leaving safepoint region
[2019-06-24T10:29:35.365+0000][1][safepoint    ] Total time for which application threads were stopped: 0.0002379 seconds, Stopping threads took: 0.0000632 seconds
[2019-06-24T10:29:36.366+0000][1][safepoint    ] Application time: 1.0002712 seconds
[2019-06-24T10:29:36.366+0000][1][safepoint    ] Entering safepoint region: Cleanup
[2019-06-24T10:29:36.366+0000][1][safepoint    ] Leaving safepoint region
[2019-06-24T10:29:36.366+0000][1][safepoint    ] Total time for which application threads were stopped: 0.0002286 seconds, Stopping threads took: 0.0000647 seconds
[2019-06-24T10:29:37.366+0000][1][safepoint    ] Application time: 1.0001441 seconds
[2019-06-24T10:29:37.366+0000][1][safepoint    ] Entering safepoint region: Cleanup
[2019-06-24T10:29:37.366+0000][1][safepoint    ] Leaving safepoint region
[2019-06-24T10:29:37.366+0000][1][safepoint    ] Total time for which application threads were stopped: 0.0000938 seconds, Stopping threads took: 0.0000261 seconds
[2019-06-24T10:29:38.367+0000][1][safepoint    ] Application time: 1.0002837 seconds
[2019-06-24T10:29:38.367+0000][1][safepoint    ] Entering safepoint region: Cleanup
[2019-06-24T10:29:38.367+0000][1][safepoint    ] Leaving safepoint region
[2019-06-24T10:29:38.367+0000][1][safepoint    ] Total time for which application threads were stopped: 0.0002290 seconds, Stopping threads took: 0.0000652 seconds
[2019-06-24T10:29:39.367+0000][1][safepoint    ] Application time: 1.0001519 seconds
[2019-06-24T10:29:39.367+0000][1][safepoint    ] Entering safepoint region: Cleanup
[2019-06-24T10:29:39.367+0000][1][safepoint    ] Leaving safepoint region
[2019-06-24T10:29:39.367+0000][1][safepoint    ] Total time for which application threads were stopped: 0.0001087 seconds, Stopping threads took: 0.0000279 seconds
[2019-06-24T10:29:40.368+0000][1][safepoint    ] Application time: 1.0001667 seconds
[2019-06-24T10:29:40.368+0000][1][safepoint    ] Entering safepoint region: Cleanup
[2019-06-24T10:29:40.368+0000][1][safepoint    ] Leaving safepoint region
[2019-06-24T10:29:40.368+0000][1][safepoint    ] Total time for which application threads were stopped: 0.0002321 seconds, Stopping threads took: 0.0000638 seconds
[2019-06-24T10:29:41.368+0000][1][safepoint    ] Application time: 1.0002948 seconds
[2019-06-24T10:29:41.368+0000][1][safepoint    ] Entering safepoint region: Cleanup
[2019-06-24T10:29:41.368+0000][1][safepoint    ] Leaving safepoint region
[2019-06-24T10:29:41.368+0000][1][safepoint    ] Total time for which application threads were stopped: 0.0000847 seconds, Stopping threads took: 0.0000224 seconds
[2019-06-24T10:29:42.369+0000][1][safepoint    ] Application time: 1.0002392 seconds
[2019-06-24T10:29:42.369+0000][1][safepoint    ] Entering safepoint region: Cleanup
[2019-06-24T10:29:42.369+0000][1][safepoint    ] Leaving safepoint region
[2019-06-24T10:29:42.369+0000][1][safepoint    ] Total time for which application threads were stopped: 0.0002597 seconds, Stopping threads took: 0.0000634 seconds
[2019-06-24T10:29:43.369+0000][1][safepoint    ] Application time: 1.0002653 seconds
[2019-06-24T10:29:43.369+0000][1][safepoint    ] Entering safepoint region: Cleanup
[2019-06-24T10:29:43.370+0000][1][safepoint    ] Leaving safepoint region
[2019-06-24T10:29:43.370+0000][1][safepoint    ] Total time for which application threads were stopped: 0.0002269 seconds, Stopping threads took: 0.0000645 seconds
[2019-06-24T10:29:44.370+0000][1][safepoint    ] Application time: 1.0001827 seconds
[2019-06-24T10:29:44.370+0000][1][safepoint    ] Entering safepoint region: Cleanup
[2019-06-24T10:29:44.370+0000][1][safepoint    ] Leaving safepoint region
[2019-06-24T10:29:44.370+0000][1][safepoint    ] Total time for which application threads were stopped: 0.0002907 seconds, Stopping threads took: 0.0000624 seconds
[2019-06-24T10:29:45.371+0000][1][safepoint    ] Application time: 1.0003381 seconds
[2019-06-24T10:29:45.371+0000][1][safepoint    ] Entering safepoint region: Cleanup
[2019-06-24T10:29:45.371+0000][1][safepoint    ] Leaving safepoint region
[2019-06-24T10:29:45.371+0000][1][safepoint    ] Total time for which application threads were stopped: 0.0002262 seconds, Stopping threads took: 0.0000628 seconds
[2019-06-24T10:29:46.371+0000][1][safepoint    ] Application time: 1.0002505 seconds
[2019-06-24T10:29:46.371+0000][1][safepoint    ] Entering safepoint region: Cleanup
[2019-06-24T10:29:46.372+0000][1][safepoint    ] Leaving safepoint region
[2019-06-24T10:29:46.372+0000][1][safepoint    ] Total time for which application threads were stopped: 0.0002296 seconds, Stopping threads took: 0.0000635 seconds
[2019-06-24T10:29:47.372+0000][1][safepoint    ] Application time: 1.0002720 seconds
[2019-06-24T10:29:47.372+0000][1][safepoint    ] Entering safepoint region: Cleanup
[2019-06-24T10:29:47.372+0000][1][safepoint    ] Leaving safepoint region
[2019-06-24T10:29:47.372+0000][1][safepoint    ] Total time for which application threads were stopped: 0.0002255 seconds, Stopping threads took: 0.0000626 seconds
[2019-06-24T10:29:48.373+0000][1][safepoint    ] Application time: 1.0002593 seconds
[2019-06-24T10:29:48.373+0000][1][safepoint    ] Entering safepoint region: Cleanup
[2019-06-24T10:29:48.373+0000][1][safepoint    ] Leaving safepoint region
[2019-06-24T10:29:48.373+0000][1][safepoint    ] Total time for which application threads were stopped: 0.0002289 seconds, Stopping threads took: 0.0000637 seconds
[2019-06-24T10:29:49.373+0000][1][safepoint    ] Application time: 1.0001884 seconds
[2019-06-24T10:29:49.373+0000][1][safepoint    ] Entering safepoint region: Cleanup
[2019-06-24T10:29:49.373+0000][1][safepoint    ] Leaving safepoint region
[2019-06-24T10:29:49.373+0000][1][safepoint    ] Total time for which application threads were stopped: 0.0002484 seconds, Stopping threads took: 0.0000628 seconds
[2019-06-24T10:29:50.374+0000][1][safepoint    ] Application time: 1.0001942 seconds
[2019-06-24T10:29:50.374+0000][1][safepoint    ] Entering safepoint region: Cleanup
[2019-06-24T10:29:50.374+0000][1][safepoint    ] Leaving safepoint region
[2019-06-24T10:29:50.374+0000][1][safepoint    ] Total time for which application threads were stopped: 0.0002237 seconds, Stopping threads took: 0.0000621 seconds
[2019-06-24T10:29:51.374+0000][1][safepoint    ] Application time: 1.0002623 seconds
[2019-06-24T10:29:51.374+0000][1][safepoint    ] Entering safepoint region: Cleanup
[2019-06-24T10:29:51.375+0000][1][safepoint    ] Leaving safepoint region
[2019-06-24T10:29:51.375+0000][1][safepoint    ] Total time for which application threads were stopped: 0.0003702 seconds, Stopping threads took: 0.0000645 seconds
[2019-06-24T10:29:52.390+0000][1][safepoint    ] Application time: 1.0153592 seconds
[2019-06-24T10:29:52.390+0000][1][safepoint    ] Entering safepoint region: Cleanup
[2019-06-24T10:29:52.390+0000][1][safepoint    ] Leaving safepoint region
[2019-06-24T10:29:52.391+0000][1][safepoint    ] Total time for which application threads were stopped: 0.0003698 seconds, Stopping threads took: 0.0000625 seconds
[2019-06-24T10:29:53.391+0000][1][safepoint    ] Application time: 1.0002670 seconds
[2019-06-24T10:29:53.391+0000][1][safepoint    ] Entering safepoint region: Cleanup
[2019-06-24T10:29:53.391+0000][1][safepoint    ] Leaving safepoint region
[2019-06-24T10:29:53.391+0000][1][safepoint    ] Total time for which application threads were stopped: 0.0002225 seconds, Stopping threads took: 0.0000633 seconds
[2019-06-24T10:29:54.392+0000][1][safepoint    ] Application time: 1.0002686 seconds
[2019-06-24T10:29:54.392+0000][1][safepoint    ] Entering safepoint region: Cleanup
[2019-06-24T10:29:54.392+0000][1][safepoint    ] Leaving safepoint region
[2019-06-24T10:29:54.392+0000][1][safepoint    ] Total time for which application threads were stopped: 0.0002297 seconds, Stopping threads took: 0.0000631 seconds
[2019-06-24T10:29:55.392+0000][1][safepoint    ] Application time: 1.0001701 seconds
[2019-06-24T10:29:55.392+0000][1][safepoint    ] Entering safepoint region: Cleanup
[2019-06-24T10:29:55.392+0000][1][safepoint    ] Leaving safepoint region
[2019-06-24T10:29:55.393+0000][1][safepoint    ] Total time for which application threads were stopped: 0.0003031 seconds, Stopping threads took: 0.0000845 seconds
[2019-06-24T10:29:56.393+0000][1][safepoint    ] Application time: 1.0001899 seconds
[2019-06-24T10:29:56.393+0000][1][safepoint    ] Entering safepoint region: Cleanup
[2019-06-24T10:29:56.393+0000][1][safepoint    ] Leaving safepoint region
[2019-06-24T10:29:56.393+0000][1][safepoint    ] Total time for which application threads were stopped: 0.0003139 seconds, Stopping threads took: 0.0000850 seconds
[2019-06-24T10:29:57.394+0000][1][safepoint    ] Application time: 1.0002737 seconds
[2019-06-24T10:29:57.394+0000][1][safepoint    ] Entering safepoint region: Cleanup
[2019-06-24T10:29:57.394+0000][1][safepoint    ] Leaving safepoint region
[2019-06-24T10:29:57.394+0000][1][safepoint    ] Total time for which application threads were stopped: 0.0003267 seconds, Stopping threads took: 0.0000738 seconds
[2019-06-24T10:29:58.394+0000][1][safepoint    ] Application time: 1.0002322 seconds
[2019-06-24T10:29:58.394+0000][1][safepoint    ] Entering safepoint region: Cleanup
[2019-06-24T10:29:58.395+0000][1][safepoint    ] Leaving safepoint region
[2019-06-24T10:29:58.395+0000][1][safepoint    ] Total time for which application threads were stopped: 0.0002570 seconds, Stopping threads took: 0.0000454 seconds
[2019-06-24T10:29:59.395+0000][1][safepoint    ] Application time: 1.0001489 seconds
[2019-06-24T10:29:59.395+0000][1][safepoint    ] Entering safepoint region: Cleanup
[2019-06-24T10:29:59.395+0000][1][safepoint    ] Leaving safepoint region
[2019-06-24T10:29:59.395+0000][1][safepoint    ] Total time for which application threads were stopped: 0.0002117 seconds, Stopping threads took: 0.0000621 seconds
[2019-06-24T10:30:00.395+0000][1][safepoint    ] Application time: 1.0002642 seconds
[2019-06-24T10:30:00.396+0000][1][safepoint    ] Entering safepoint region: Cleanup
[2019-06-24T10:30:00.396+0000][1][safepoint    ] Leaving safepoint region
[2019-06-24T10:30:00.396+0000][1][safepoint    ] Total time for which application threads were stopped: 0.0003444 seconds, Stopping threads took: 0.0001187 seconds
[2019-06-24T10:30:01.396+0000][1][safepoint    ] Application time: 1.0002493 seconds
[2019-06-24T10:30:01.396+0000][1][safepoint    ] Entering safepoint region: Cleanup
[2019-06-24T10:30:01.396+0000][1][safepoint    ] Leaving safepoint region
[2019-06-24T10:30:01.397+0000][1][safepoint    ] Total time for which application threads were stopped: 0.0002262 seconds, Stopping threads took: 0.0000944 seconds
[2019-06-24T10:30:02.397+0000][1][safepoint    ] Application time: 1.0002681 seconds
[2019-06-24T10:30:02.397+0000][1][safepoint    ] Entering safepoint region: Cleanup
[2019-06-24T10:30:02.397+0000][1][safepoint    ] Leaving safepoint region
[2019-06-24T10:30:02.397+0000][1][safepoint    ] Total time for which application threads were stopped: 0.0002749 seconds, Stopping threads took: 0.0000804 seconds
[2019-06-24T10:30:03.398+0000][1][safepoint    ] Application time: 1.0001903 seconds
[2019-06-24T10:30:03.398+0000][1][safepoint    ] Entering safepoint region: Cleanup
[2019-06-24T10:30:03.398+0000][1][safepoint    ] Leaving safepoint region
[2019-06-24T10:30:03.398+0000][1][safepoint    ] Total time for which application threads were stopped: 0.0002924 seconds, Stopping threads took: 0.0001002 seconds
[2019-06-24T10:30:04.398+0000][1][safepoint    ] Application time: 1.0001824 seconds
[2019-06-24T10:30:04.398+0000][1][safepoint    ] Entering safepoint region: Cleanup
[2019-06-24T10:30:04.399+0000][1][safepoint    ] Leaving safepoint region
[2019-06-24T10:30:04.399+0000][1][safepoint    ] Total time for which application threads were stopped: 0.0004631 seconds, Stopping threads took: 0.0001676 seconds
[2019-06-24T10:30:05.399+0000][1][safepoint    ] Application time: 1.0001501 seconds
[2019-06-24T10:30:05.399+0000][1][safepoint    ] Entering safepoint region: Cleanup
[2019-06-24T10:30:05.399+0000][1][safepoint    ] Leaving safepoint region
[2019-06-24T10:30:05.399+0000][1][safepoint    ] Total time for which application threads were stopped: 0.0000942 seconds, Stopping threads took: 0.0000301 seconds
[2019-06-24T10:30:06.399+0000][1][safepoint    ] Application time: 1.0002466 seconds
[2019-06-24T10:30:06.399+0000][1][safepoint    ] Entering safepoint region: Cleanup
[2019-06-24T10:30:06.400+0000][1][safepoint    ] Leaving safepoint region
[2019-06-24T10:30:06.400+0000][1][safepoint    ] Total time for which application threads were stopped: 0.0002262 seconds, Stopping threads took: 0.0000638 seconds
[2019-06-24T10:30:07.400+0000][1][safepoint    ] Application time: 1.0001865 seconds
[2019-06-24T10:30:07.400+0000][1][safepoint    ] Entering safepoint region: Cleanup
[2019-06-24T10:30:07.400+0000][1][safepoint    ] Leaving safepoint region
[2019-06-24T10:30:07.400+0000][1][safepoint    ] Total time for which application threads were stopped: 0.0002548 seconds, Stopping threads took: 0.0000627 seconds
[2019-06-24T10:30:08.401+0000][1][safepoint    ] Application time: 1.0002812 seconds
[2019-06-24T10:30:08.401+0000][1][safepoint    ] Entering safepoint region: Cleanup
[2019-06-24T10:30:08.401+0000][1][safepoint    ] Leaving safepoint region
[2019-06-24T10:30:08.401+0000][1][safepoint    ] Total time for which application threads were stopped: 0.0002985 seconds, Stopping threads took: 0.0000732 seconds
[2019-06-24T10:30:09.401+0000][1][safepoint    ] Application time: 1.0002052 seconds
[2019-06-24T10:30:09.401+0000][1][safepoint    ] Entering safepoint region: Cleanup
[2019-06-24T10:30:09.402+0000][1][safepoint    ] Leaving safepoint region
[2019-06-24T10:30:09.402+0000][1][safepoint    ] Total time for which application threads were stopped: 0.0002902 seconds, Stopping threads took: 0.0000639 seconds
[2019-06-24T10:30:10.402+0000][1][safepoint    ] Application time: 1.0003112 seconds
[2019-06-24T10:30:10.402+0000][1][safepoint    ] Entering safepoint region: Cleanup
[2019-06-24T10:30:10.402+0000][1][safepoint    ] Leaving safepoint region
[2019-06-24T10:30:10.402+0000][1][safepoint    ] Total time for which application threads were stopped: 0.0002637 seconds, Stopping threads took: 0.0000728 seconds
[2019-06-24T10:30:11.403+0000][1][safepoint    ] Application time: 1.0002230 seconds
[2019-06-24T10:30:11.403+0000][1][safepoint    ] Entering safepoint region: Cleanup
[2019-06-24T10:30:11.403+0000][1][safepoint    ] Leaving safepoint region
[2019-06-24T10:30:11.403+0000][1][safepoint    ] Total time for which application threads were stopped: 0.0002182 seconds, Stopping threads took: 0.0000672 seconds
[2019-06-24T10:30:12.403+0000][1][safepoint    ] Application time: 1.0002824 seconds
[2019-06-24T10:30:12.403+0000][1][safepoint    ] Entering safepoint region: Cleanup
[2019-06-24T10:30:12.404+0000][1][safepoint    ] Leaving safepoint region
[2019-06-24T10:30:12.404+0000][1][safepoint    ] Total time for which application threads were stopped: 0.0003131 seconds, Stopping threads took: 0.0000958 seconds
[2019-06-24T10:30:13.404+0000][1][safepoint    ] Application time: 1.0002878 seconds
[2019-06-24T10:30:13.404+0000][1][safepoint    ] Entering safepoint region: Cleanup
[2019-06-24T10:30:13.404+0000][1][safepoint    ] Leaving safepoint region
[2019-06-24T10:30:13.404+0000][1][safepoint    ] Total time for which application threads were stopped: 0.0001357 seconds, Stopping threads took: 0.0000402 seconds
[2019-06-24T10:30:14.405+0000][1][safepoint    ] Application time: 1.0003344 seconds
[2019-06-24T10:30:14.405+0000][1][safepoint    ] Entering safepoint region: Cleanup
[2019-06-24T10:30:14.405+0000][1][safepoint    ] Leaving safepoint region
[2019-06-24T10:30:14.405+0000][1][safepoint    ] Total time for which application threads were stopped: 0.0004136 seconds, Stopping threads took: 0.0002441 seconds
[2019-06-24T10:30:15.406+0000][1][safepoint    ] Application time: 1.0002484 seconds
[2019-06-24T10:30:15.406+0000][1][safepoint    ] Entering safepoint region: Cleanup
[2019-06-24T10:30:15.406+0000][1][safepoint    ] Leaving safepoint region
[2019-06-24T10:30:15.406+0000][1][safepoint    ] Total time for which application threads were stopped: 0.0002218 seconds, Stopping threads took: 0.0000616 seconds
[2019-06-24T10:30:16.406+0000][1][safepoint    ] Application time: 1.0002127 seconds
[2019-06-24T10:30:16.407+0000][1][safepoint    ] Entering safepoint region: Cleanup
[2019-06-24T10:30:16.407+0000][1][safepoint    ] Leaving safepoint region
[2019-06-24T10:30:16.407+0000][1][safepoint    ] Total time for which application threads were stopped: 0.0004151 seconds, Stopping threads took: 0.0002029 seconds
[2019-06-24T10:30:17.407+0000][1][safepoint    ] Application time: 1.0002635 seconds
[2019-06-24T10:30:17.407+0000][1][safepoint    ] Entering safepoint region: Cleanup
[2019-06-24T10:30:17.407+0000][1][safepoint    ] Leaving safepoint region
[2019-06-24T10:30:17.408+0000][1][safepoint    ] Total time for which application threads were stopped: 0.0002285 seconds, Stopping threads took: 0.0000642 seconds
[2019-06-24T10:30:18.408+0000][1][safepoint    ] Application time: 1.0002474 seconds
[2019-06-24T10:30:18.408+0000][1][safepoint    ] Entering safepoint region: Cleanup
[2019-06-24T10:30:18.408+0000][1][safepoint    ] Leaving safepoint region
[2019-06-24T10:30:18.408+0000][1][safepoint    ] Total time for which application threads were stopped: 0.0000890 seconds, Stopping threads took: 0.0000249 seconds
[2019-06-24T10:30:19.408+0000][1][safepoint    ] Application time: 1.0001658 seconds
[2019-06-24T10:30:19.408+0000][1][safepoint    ] Entering safepoint region: Cleanup
[2019-06-24T10:30:19.408+0000][1][safepoint    ] Leaving safepoint region
[2019-06-24T10:30:19.408+0000][1][safepoint    ] Total time for which application threads were stopped: 0.0001195 seconds, Stopping threads took: 0.0000340 seconds
[2019-06-24T10:30:19.956+0000][1][safepoint    ] Application time: 0.5478037 seconds
[2019-06-24T10:30:19.956+0000][1][safepoint    ] Entering safepoint region: GenCollectForAllocation
[2019-06-24T10:30:19.957+0000][1][gc,start     ] GC(40) Pause Young (Allocation Failure)
[2019-06-24T10:30:19.957+0000][1][gc,task      ] GC(40) Using 5 workers of 8 for evacuation
[2019-06-24T10:30:19.960+0000][1][gc,age       ] GC(40) Desired survivor size 4456448 bytes, new threshold 6 (max threshold 6)
[2019-06-24T10:30:19.960+0000][1][gc,age       ] GC(40) Age table with threshold 6 (max threshold 6)
[2019-06-24T10:30:19.960+0000][1][gc,age       ] GC(40) - age   1:       3560 bytes,       3560 total
[2019-06-24T10:30:19.960+0000][1][gc,age       ] GC(40) - age   2:         64 bytes,       3624 total
[2019-06-24T10:30:19.960+0000][1][gc,age       ] GC(40) - age   3:         32 bytes,       3656 total
[2019-06-24T10:30:19.960+0000][1][gc,age       ] GC(40) - age   4:       1632 bytes,       5288 total
[2019-06-24T10:30:19.960+0000][1][gc,age       ] GC(40) - age   5:       1392 bytes,       6680 total
[2019-06-24T10:30:19.960+0000][1][gc,age       ] GC(40) - age   6:        856 bytes,       7536 total
[2019-06-24T10:30:19.960+0000][1][gc,heap      ] GC(40) ParNew: 69968K->12K(78656K)
[2019-06-24T10:30:19.960+0000][1][gc,heap      ] GC(40) CMS: 69613K->69614K(174784K)
[2019-06-24T10:30:19.960+0000][1][gc,metaspace ] GC(40) Metaspace: 68174K->68174K(1112064K)
[2019-06-24T10:30:19.960+0000][1][gc           ] GC(40) Pause Young (Allocation Failure) 136M->67M(247M) 3.459ms
[2019-06-24T10:30:19.960+0000][1][gc,cpu       ] GC(40) User=0.01s Sys=0.00s Real=0.00s
[2019-06-24T10:30:19.960+0000][1][safepoint    ] Leaving safepoint region
[2019-06-24T10:30:19.960+0000][1][safepoint    ] Total time for which application threads were stopped: 0.0040784 seconds, Stopping threads took: 0.0001345 seconds
[2019-06-24T10:30:20.961+0000][1][safepoint    ] Application time: 1.0001977 seconds
[2019-06-24T10:30:20.961+0000][1][safepoint    ] Entering safepoint region: Cleanup
[2019-06-24T10:30:20.961+0000][1][safepoint    ] Leaving safepoint region
[2019-06-24T10:30:20.961+0000][1][safepoint    ] Total time for which application threads were stopped: 0.0002908 seconds, Stopping threads took: 0.0000811 seconds
[2019-06-24T10:30:21.961+0000][1][safepoint    ] Application time: 1.0003108 seconds
[2019-06-24T10:30:21.961+0000][1][safepoint    ] Entering safepoint region: Cleanup
[2019-06-24T10:30:21.962+0000][1][safepoint    ] Leaving safepoint region
[2019-06-24T10:30:21.962+0000][1][safepoint    ] Total time for which application threads were stopped: 0.0003492 seconds, Stopping threads took: 0.0001053 seconds
[2019-06-24T10:30:22.962+0000][1][safepoint    ] Application time: 1.0001714 seconds
[2019-06-24T10:30:22.962+0000][1][safepoint    ] Entering safepoint region: Cleanup
[2019-06-24T10:30:22.962+0000][1][safepoint    ] Leaving safepoint region
[2019-06-24T10:30:22.962+0000][1][safepoint    ] Total time for which application threads were stopped: 0.0002600 seconds, Stopping threads took: 0.0000827 seconds
[2019-06-24T10:30:23.963+0000][1][safepoint    ] Application time: 1.0002713 seconds
[2019-06-24T10:30:23.963+0000][1][safepoint    ] Entering safepoint region: Cleanup
[2019-06-24T10:30:23.963+0000][1][safepoint    ] Leaving safepoint region
[2019-06-24T10:30:23.963+0000][1][safepoint    ] Total time for which application threads were stopped: 0.0002796 seconds, Stopping threads took: 0.0000624 seconds
[2019-06-24T10:30:24.963+0000][1][safepoint    ] Application time: 1.0002778 seconds
[2019-06-24T10:30:24.964+0000][1][safepoint    ] Entering safepoint region: Cleanup
[2019-06-24T10:30:24.964+0000][1][safepoint    ] Leaving safepoint region
[2019-06-24T10:30:24.964+0000][1][safepoint    ] Total time for which application threads were stopped: 0.0002741 seconds, Stopping threads took: 0.0000818 seconds
[2019-06-24T10:30:25.964+0000][1][safepoint    ] Application time: 1.0001992 seconds
[2019-06-24T10:30:25.964+0000][1][safepoint    ] Entering safepoint region: Cleanup
[2019-06-24T10:30:25.964+0000][1][safepoint    ] Leaving safepoint region
[2019-06-24T10:30:25.964+0000][1][safepoint    ] Total time for which application threads were stopped: 0.0002234 seconds, Stopping threads took: 0.0000656 seconds
[2019-06-24T10:30:26.965+0000][1][safepoint    ] Application time: 1.0002041 seconds
[2019-06-24T10:30:26.965+0000][1][safepoint    ] Entering safepoint region: Cleanup
[2019-06-24T10:30:26.965+0000][1][safepoint    ] Leaving safepoint region
[2019-06-24T10:30:26.965+0000][1][safepoint    ] Total time for which application threads were stopped: 0.0002914 seconds, Stopping threads took: 0.0000796 seconds
[2019-06-24T10:30:27.965+0000][1][safepoint    ] Application time: 1.0001885 seconds
[2019-06-24T10:30:27.965+0000][1][safepoint    ] Entering safepoint region: Cleanup
[2019-06-24T10:30:27.966+0000][1][safepoint    ] Leaving safepoint region
[2019-06-24T10:30:27.966+0000][1][safepoint    ] Total time for which application threads were stopped: 0.0003167 seconds, Stopping threads took: 0.0000881 seconds
[2019-06-24T10:30:28.966+0000][1][safepoint    ] Application time: 1.0002102 seconds
[2019-06-24T10:30:28.966+0000][1][safepoint    ] Entering safepoint region: Cleanup
[2019-06-24T10:30:28.966+0000][1][safepoint    ] Leaving safepoint region
[2019-06-24T10:30:28.966+0000][1][safepoint    ] Total time for which application threads were stopped: 0.0002343 seconds, Stopping threads took: 0.0000658 seconds
[2019-06-24T10:30:29.967+0000][1][safepoint    ] Application time: 1.0002011 seconds
[2019-06-24T10:30:29.967+0000][1][safepoint    ] Entering safepoint region: Cleanup
[2019-06-24T10:30:29.967+0000][1][safepoint    ] Leaving safepoint region
[2019-06-24T10:30:29.967+0000][1][safepoint    ] Total time for which application threads were stopped: 0.0002397 seconds, Stopping threads took: 0.0000818 seconds
[2019-06-24T10:30:30.967+0000][1][safepoint    ] Application time: 1.0001431 seconds
[2019-06-24T10:30:30.967+0000][1][safepoint    ] Entering safepoint region: Cleanup
[2019-06-24T10:30:30.967+0000][1][safepoint    ] Leaving safepoint region
[2019-06-24T10:30:30.967+0000][1][safepoint    ] Total time for which application threads were stopped: 0.0002298 seconds, Stopping threads took: 0.0000692 seconds
[2019-06-24T10:30:31.968+0000][1][safepoint    ] Application time: 1.0001434 seconds
[2019-06-24T10:30:31.968+0000][1][safepoint    ] Entering safepoint region: Cleanup
[2019-06-24T10:30:31.968+0000][1][safepoint    ] Leaving safepoint region
[2019-06-24T10:30:31.968+0000][1][safepoint    ] Total time for which application threads were stopped: 0.0002237 seconds, Stopping threads took: 0.0000658 seconds
[2019-06-24T10:30:32.968+0000][1][safepoint    ] Application time: 1.0002446 seconds
[2019-06-24T10:30:32.968+0000][1][safepoint    ] Entering safepoint region: Cleanup
[2019-06-24T10:30:32.969+0000][1][safepoint    ] Leaving safepoint region
[2019-06-24T10:30:32.969+0000][1][safepoint    ] Total time for which application threads were stopped: 0.0002156 seconds, Stopping threads took: 0.0000628 seconds
[2019-06-24T10:30:33.969+0000][1][safepoint    ] Application time: 1.0002652 seconds
[2019-06-24T10:30:33.969+0000][1][safepoint    ] Entering safepoint region: Cleanup
[2019-06-24T10:30:33.969+0000][1][safepoint    ] Leaving safepoint region
[2019-06-24T10:30:33.969+0000][1][safepoint    ] Total time for which application threads were stopped: 0.0002231 seconds, Stopping threads took: 0.0000639 seconds
[2019-06-24T10:30:34.970+0000][1][safepoint    ] Application time: 1.0002609 seconds
[2019-06-24T10:30:34.970+0000][1][safepoint    ] Entering safepoint region: Cleanup
[2019-06-24T10:30:34.970+0000][1][safepoint    ] Leaving safepoint region
[2019-06-24T10:30:34.970+0000][1][safepoint    ] Total time for which application threads were stopped: 0.0002668 seconds, Stopping threads took: 0.0000648 seconds
[2019-06-24T10:30:35.970+0000][1][safepoint    ] Application time: 1.0003013 seconds
[2019-06-24T10:30:35.970+0000][1][safepoint    ] Entering safepoint region: Cleanup
[2019-06-24T10:30:35.971+0000][1][safepoint    ] Leaving safepoint region
[2019-06-24T10:30:35.971+0000][1][safepoint    ] Total time for which application threads were stopped: 0.0003651 seconds, Stopping threads took: 0.0000738 seconds
[2019-06-24T10:30:36.971+0000][1][safepoint    ] Application time: 1.0002696 seconds
[2019-06-24T10:30:36.971+0000][1][safepoint    ] Entering safepoint region: Cleanup
[2019-06-24T10:30:36.971+0000][1][safepoint    ] Leaving safepoint region
[2019-06-24T10:30:36.971+0000][1][safepoint    ] Total time for which application threads were stopped: 0.0002337 seconds, Stopping threads took: 0.0000654 seconds
[2019-06-24T10:30:37.972+0000][1][safepoint    ] Application time: 1.0002669 seconds
[2019-06-24T10:30:37.972+0000][1][safepoint    ] Entering safepoint region: Cleanup
[2019-06-24T10:30:37.972+0000][1][safepoint    ] Leaving safepoint region
[2019-06-24T10:30:37.972+0000][1][safepoint    ] Total time for which application threads were stopped: 0.0002219 seconds, Stopping threads took: 0.0000643 seconds
[2019-06-24T10:30:38.972+0000][1][safepoint    ] Application time: 1.0002519 seconds
[2019-06-24T10:30:38.972+0000][1][safepoint    ] Entering safepoint region: Cleanup
[2019-06-24T10:30:38.973+0000][1][safepoint    ] Leaving safepoint region
[2019-06-24T10:30:38.973+0000][1][safepoint    ] Total time for which application threads were stopped: 0.0002591 seconds, Stopping threads took: 0.0000993 seconds
[2019-06-24T10:30:39.973+0000][1][safepoint    ] Application time: 1.0006792 seconds
[2019-06-24T10:30:39.974+0000][1][safepoint    ] Entering safepoint region: Cleanup
[2019-06-24T10:30:39.974+0000][1][safepoint    ] Leaving safepoint region
[2019-06-24T10:30:39.974+0000][1][safepoint    ] Total time for which application threads were stopped: 0.0002622 seconds, Stopping threads took: 0.0000811 seconds
[2019-06-24T10:30:40.974+0000][1][safepoint    ] Application time: 1.0002630 seconds
[2019-06-24T10:30:40.974+0000][1][safepoint    ] Entering safepoint region: Cleanup
[2019-06-24T10:30:40.974+0000][1][safepoint    ] Leaving safepoint region
[2019-06-24T10:30:40.975+0000][1][safepoint    ] Total time for which application threads were stopped: 0.0003508 seconds, Stopping threads took: 0.0000820 seconds
[2019-06-24T10:30:41.975+0000][1][safepoint    ] Application time: 1.0001492 seconds
[2019-06-24T10:30:41.975+0000][1][safepoint    ] Entering safepoint region: Cleanup
[2019-06-24T10:30:41.975+0000][1][safepoint    ] Leaving safepoint region
[2019-06-24T10:30:41.975+0000][1][safepoint    ] Total time for which application threads were stopped: 0.0002753 seconds, Stopping threads took: 0.0000832 seconds
[2019-06-24T10:30:42.975+0000][1][safepoint    ] Application time: 1.0002954 seconds
[2019-06-24T10:30:42.976+0000][1][safepoint    ] Entering safepoint region: Cleanup
[2019-06-24T10:30:42.976+0000][1][safepoint    ] Leaving safepoint region
[2019-06-24T10:30:42.976+0000][1][safepoint    ] Total time for which application threads were stopped: 0.0002287 seconds, Stopping threads took: 0.0000720 seconds
[2019-06-24T10:30:43.976+0000][1][safepoint    ] Application time: 1.0002670 seconds
[2019-06-24T10:30:43.976+0000][1][safepoint    ] Entering safepoint region: Cleanup
[2019-06-24T10:30:43.976+0000][1][safepoint    ] Leaving safepoint region
[2019-06-24T10:30:43.976+0000][1][safepoint    ] Total time for which application threads were stopped: 0.0002312 seconds, Stopping threads took: 0.0000639 seconds
[2019-06-24T10:30:44.977+0000][1][safepoint    ] Application time: 1.0001882 seconds
[2019-06-24T10:30:44.977+0000][1][safepoint    ] Entering safepoint region: Cleanup
[2019-06-24T10:30:44.977+0000][1][safepoint    ] Leaving safepoint region
[2019-06-24T10:30:44.977+0000][1][safepoint    ] Total time for which application threads were stopped: 0.0002319 seconds, Stopping threads took: 0.0000663 seconds
[2019-06-24T10:30:45.977+0000][1][safepoint    ] Application time: 1.0002407 seconds
[2019-06-24T10:30:45.977+0000][1][safepoint    ] Entering safepoint region: Cleanup
[2019-06-24T10:30:45.978+0000][1][safepoint    ] Leaving safepoint region
[2019-06-24T10:30:45.978+0000][1][safepoint    ] Total time for which application threads were stopped: 0.0002252 seconds, Stopping threads took: 0.0000630 seconds
[2019-06-24T10:30:46.978+0000][1][safepoint    ] Application time: 1.0001366 seconds
[2019-06-24T10:30:46.978+0000][1][safepoint    ] Entering safepoint region: Cleanup
[2019-06-24T10:30:46.978+0000][1][safepoint    ] Leaving safepoint region
[2019-06-24T10:30:46.978+0000][1][safepoint    ] Total time for which application threads were stopped: 0.0000865 seconds, Stopping threads took: 0.0000249 seconds
[2019-06-24T10:30:47.978+0000][1][safepoint    ] Application time: 1.0002495 seconds
[2019-06-24T10:30:47.978+0000][1][safepoint    ] Entering safepoint region: Cleanup
[2019-06-24T10:30:47.979+0000][1][safepoint    ] Leaving safepoint region
[2019-06-24T10:30:47.979+0000][1][safepoint    ] Total time for which application threads were stopped: 0.0003320 seconds, Stopping threads took: 0.0000942 seconds
[2019-06-24T10:30:48.979+0000][1][safepoint    ] Application time: 1.0002599 seconds
[2019-06-24T10:30:48.979+0000][1][safepoint    ] Entering safepoint region: Cleanup
[2019-06-24T10:30:48.979+0000][1][safepoint    ] Leaving safepoint region
[2019-06-24T10:30:48.979+0000][1][safepoint    ] Total time for which application threads were stopped: 0.0002747 seconds, Stopping threads took: 0.0001026 seconds
[2019-06-24T10:30:49.980+0000][1][safepoint    ] Application time: 1.0002512 seconds
[2019-06-24T10:30:49.980+0000][1][safepoint    ] Entering safepoint region: Cleanup
[2019-06-24T10:30:49.980+0000][1][safepoint    ] Leaving safepoint region
[2019-06-24T10:30:49.980+0000][1][safepoint    ] Total time for which application threads were stopped: 0.0002965 seconds, Stopping threads took: 0.0000632 seconds
[2019-06-24T10:30:50.980+0000][1][safepoint    ] Application time: 1.0001963 seconds
[2019-06-24T10:30:50.980+0000][1][safepoint    ] Entering safepoint region: Cleanup
[2019-06-24T10:30:50.981+0000][1][safepoint    ] Leaving safepoint region
[2019-06-24T10:30:50.981+0000][1][safepoint    ] Total time for which application threads were stopped: 0.0002305 seconds, Stopping threads took: 0.0000652 seconds
[2019-06-24T10:30:51.981+0000][1][safepoint    ] Application time: 1.0002705 seconds
[2019-06-24T10:30:51.981+0000][1][safepoint    ] Entering safepoint region: Cleanup
[2019-06-24T10:30:51.981+0000][1][safepoint    ] Leaving safepoint region
[2019-06-24T10:30:51.981+0000][1][safepoint    ] Total time for which application threads were stopped: 0.0002393 seconds, Stopping threads took: 0.0000677 seconds
[2019-06-24T10:30:52.982+0000][1][safepoint    ] Application time: 1.0002712 seconds
[2019-06-24T10:30:52.982+0000][1][safepoint    ] Entering safepoint region: Cleanup
[2019-06-24T10:30:52.982+0000][1][safepoint    ] Leaving safepoint region
[2019-06-24T10:30:52.982+0000][1][safepoint    ] Total time for which application threads were stopped: 0.0002297 seconds, Stopping threads took: 0.0000636 seconds
[2019-06-24T10:30:53.982+0000][1][safepoint    ] Application time: 1.0002764 seconds
[2019-06-24T10:30:53.982+0000][1][safepoint    ] Entering safepoint region: Cleanup
[2019-06-24T10:30:53.983+0000][1][safepoint    ] Leaving safepoint region
[2019-06-24T10:30:53.983+0000][1][safepoint    ] Total time for which application threads were stopped: 0.0003083 seconds, Stopping threads took: 0.0000634 seconds
[2019-06-24T10:30:54.983+0000][1][safepoint    ] Application time: 1.0001438 seconds
[2019-06-24T10:30:54.983+0000][1][safepoint    ] Entering safepoint region: Cleanup
[2019-06-24T10:30:54.983+0000][1][safepoint    ] Leaving safepoint region
[2019-06-24T10:30:54.983+0000][1][safepoint    ] Total time for which application threads were stopped: 0.0002288 seconds, Stopping threads took: 0.0000643 seconds
[2019-06-24T10:30:55.983+0000][1][safepoint    ] Application time: 1.0002669 seconds
[2019-06-24T10:30:55.984+0000][1][safepoint    ] Entering safepoint region: Cleanup
[2019-06-24T10:30:55.984+0000][1][safepoint    ] Leaving safepoint region
[2019-06-24T10:30:55.984+0000][1][safepoint    ] Total time for which application threads were stopped: 0.0002261 seconds, Stopping threads took: 0.0000629 seconds
[2019-06-24T10:30:56.984+0000][1][safepoint    ] Application time: 1.0002038 seconds
[2019-06-24T10:30:56.984+0000][1][safepoint    ] Entering safepoint region: Cleanup
[2019-06-24T10:30:56.984+0000][1][safepoint    ] Leaving safepoint region
[2019-06-24T10:30:56.984+0000][1][safepoint    ] Total time for which application threads were stopped: 0.0002248 seconds, Stopping threads took: 0.0000636 seconds
[2019-06-24T10:30:57.985+0000][1][safepoint    ] Application time: 1.0002689 seconds
[2019-06-24T10:30:57.985+0000][1][safepoint    ] Entering safepoint region: Cleanup
[2019-06-24T10:30:57.985+0000][1][safepoint    ] Leaving safepoint region
[2019-06-24T10:30:57.985+0000][1][safepoint    ] Total time for which application threads were stopped: 0.0002308 seconds, Stopping threads took: 0.0000635 seconds
[2019-06-24T10:30:58.985+0000][1][safepoint    ] Application time: 1.0001894 seconds
[2019-06-24T10:30:58.985+0000][1][safepoint    ] Entering safepoint region: Cleanup
[2019-06-24T10:30:58.986+0000][1][safepoint    ] Leaving safepoint region
[2019-06-24T10:30:58.986+0000][1][safepoint    ] Total time for which application threads were stopped: 0.0002665 seconds, Stopping threads took: 0.0000981 seconds
[2019-06-24T10:30:59.986+0000][1][safepoint    ] Application time: 1.0002762 seconds
[2019-06-24T10:30:59.986+0000][1][safepoint    ] Entering safepoint region: Cleanup
[2019-06-24T10:30:59.986+0000][1][safepoint    ] Leaving safepoint region
[2019-06-24T10:30:59.986+0000][1][safepoint    ] Total time for which application threads were stopped: 0.0002343 seconds, Stopping threads took: 0.0000651 seconds
[2019-06-24T10:31:00.987+0000][1][safepoint    ] Application time: 1.0002770 seconds
[2019-06-24T10:31:00.987+0000][1][safepoint    ] Entering safepoint region: Cleanup
[2019-06-24T10:31:00.987+0000][1][safepoint    ] Leaving safepoint region
[2019-06-24T10:31:00.987+0000][1][safepoint    ] Total time for which application threads were stopped: 0.0001142 seconds, Stopping threads took: 0.0000338 seconds
[2019-06-24T10:31:01.987+0000][1][safepoint    ] Application time: 1.0001826 seconds
[2019-06-24T10:31:01.987+0000][1][safepoint    ] Entering safepoint region: Cleanup
[2019-06-24T10:31:01.987+0000][1][safepoint    ] Leaving safepoint region
[2019-06-24T10:31:01.987+0000][1][safepoint    ] Total time for which application threads were stopped: 0.0002286 seconds, Stopping threads took: 0.0000645 seconds
[2019-06-24T10:31:02.987+0000][1][safepoint    ] Application time: 1.0002200 seconds
[2019-06-24T10:31:02.988+0000][1][safepoint    ] Entering safepoint region: Cleanup
[2019-06-24T10:31:02.988+0000][1][safepoint    ] Leaving safepoint region
[2019-06-24T10:31:02.988+0000][1][safepoint    ] Total time for which application threads were stopped: 0.0001248 seconds, Stopping threads took: 0.0000282 seconds
[2019-06-24T10:31:03.988+0000][1][safepoint    ] Application time: 1.0002515 seconds
[2019-06-24T10:31:03.988+0000][1][safepoint    ] Entering safepoint region: Cleanup
[2019-06-24T10:31:03.988+0000][1][safepoint    ] Leaving safepoint region
[2019-06-24T10:31:03.988+0000][1][safepoint    ] Total time for which application threads were stopped: 0.0002920 seconds, Stopping threads took: 0.0000644 seconds
[2019-06-24T10:31:04.989+0000][1][safepoint    ] Application time: 1.0002695 seconds
[2019-06-24T10:31:04.989+0000][1][safepoint    ] Entering safepoint region: Cleanup
[2019-06-24T10:31:04.989+0000][1][safepoint    ] Leaving safepoint region
[2019-06-24T10:31:04.989+0000][1][safepoint    ] Total time for which application threads were stopped: 0.0002343 seconds, Stopping threads took: 0.0000639 seconds
[2019-06-24T10:31:05.989+0000][1][safepoint    ] Application time: 1.0002472 seconds
[2019-06-24T10:31:05.989+0000][1][safepoint    ] Entering safepoint region: Cleanup
[2019-06-24T10:31:05.990+0000][1][safepoint    ] Leaving safepoint region
[2019-06-24T10:31:05.990+0000][1][safepoint    ] Total time for which application threads were stopped: 0.0002307 seconds, Stopping threads took: 0.0000648 seconds
[2019-06-24T10:31:06.990+0000][1][safepoint    ] Application time: 1.0002111 seconds
[2019-06-24T10:31:06.990+0000][1][safepoint    ] Entering safepoint region: Cleanup
[2019-06-24T10:31:06.990+0000][1][safepoint    ] Leaving safepoint region
[2019-06-24T10:31:06.990+0000][1][safepoint    ] Total time for which application threads were stopped: 0.0002396 seconds, Stopping threads took: 0.0000670 seconds
[2019-06-24T10:31:07.991+0000][1][safepoint    ] Application time: 1.0002259 seconds
[2019-06-24T10:31:07.991+0000][1][safepoint    ] Entering safepoint region: Cleanup
[2019-06-24T10:31:07.991+0000][1][safepoint    ] Leaving safepoint region
[2019-06-24T10:31:07.991+0000][1][safepoint    ] Total time for which application threads were stopped: 0.0002650 seconds, Stopping threads took: 0.0000630 seconds
[2019-06-24T10:31:08.991+0000][1][safepoint    ] Application time: 1.0002722 seconds
[2019-06-24T10:31:08.991+0000][1][safepoint    ] Entering safepoint region: Cleanup
[2019-06-24T10:31:08.991+0000][1][safepoint    ] Leaving safepoint region
[2019-06-24T10:31:08.992+0000][1][safepoint    ] Total time for which application threads were stopped: 0.0002681 seconds, Stopping threads took: 0.0000633 seconds
[2019-06-24T10:31:09.992+0000][1][safepoint    ] Application time: 1.0001304 seconds
[2019-06-24T10:31:09.992+0000][1][safepoint    ] Entering safepoint region: Cleanup
[2019-06-24T10:31:09.992+0000][1][safepoint    ] Leaving safepoint region
[2019-06-24T10:31:09.992+0000][1][safepoint    ] Total time for which application threads were stopped: 0.0002295 seconds, Stopping threads took: 0.0000648 seconds
[2019-06-24T10:31:10.992+0000][1][safepoint    ] Application time: 1.0002663 seconds
[2019-06-24T10:31:10.993+0000][1][safepoint    ] Entering safepoint region: Cleanup
[2019-06-24T10:31:10.993+0000][1][safepoint    ] Leaving safepoint region
[2019-06-24T10:31:10.993+0000][1][safepoint    ] Total time for which application threads were stopped: 0.0002254 seconds, Stopping threads took: 0.0000629 seconds
[2019-06-24T10:31:11.993+0000][1][safepoint    ] Application time: 1.0001793 seconds
[2019-06-24T10:31:11.993+0000][1][safepoint    ] Entering safepoint region: Cleanup
[2019-06-24T10:31:11.993+0000][1][safepoint    ] Leaving safepoint region
[2019-06-24T10:31:11.993+0000][1][safepoint    ] Total time for which application threads were stopped: 0.0002289 seconds, Stopping threads took: 0.0000636 seconds
[2019-06-24T10:31:12.994+0000][1][safepoint    ] Application time: 1.0002785 seconds
[2019-06-24T10:31:12.994+0000][1][safepoint    ] Entering safepoint region: Cleanup
[2019-06-24T10:31:12.994+0000][1][safepoint    ] Leaving safepoint region
[2019-06-24T10:31:12.994+0000][1][safepoint    ] Total time for which application threads were stopped: 0.0002293 seconds, Stopping threads took: 0.0000630 seconds
[2019-06-24T10:31:13.994+0000][1][safepoint    ] Application time: 1.0002677 seconds
[2019-06-24T10:31:13.994+0000][1][safepoint    ] Entering safepoint region: Cleanup
[2019-06-24T10:31:13.995+0000][1][safepoint    ] Leaving safepoint region
[2019-06-24T10:31:13.995+0000][1][safepoint    ] Total time for which application threads were stopped: 0.0003003 seconds, Stopping threads took: 0.0000635 seconds
[2019-06-24T10:31:14.995+0000][1][safepoint    ] Application time: 1.0001333 seconds
[2019-06-24T10:31:14.995+0000][1][safepoint    ] Entering safepoint region: Cleanup
[2019-06-24T10:31:14.995+0000][1][safepoint    ] Leaving safepoint region
[2019-06-24T10:31:14.995+0000][1][safepoint    ] Total time for which application threads were stopped: 0.0002243 seconds, Stopping threads took: 0.0000641 seconds
[2019-06-24T10:31:15.995+0000][1][safepoint    ] Application time: 1.0001864 seconds
[2019-06-24T10:31:15.995+0000][1][safepoint    ] Entering safepoint region: Cleanup
[2019-06-24T10:31:15.996+0000][1][safepoint    ] Leaving safepoint region
[2019-06-24T10:31:15.996+0000][1][safepoint    ] Total time for which application threads were stopped: 0.0002639 seconds, Stopping threads took: 0.0000624 seconds
[2019-06-24T10:31:16.996+0000][1][safepoint    ] Application time: 1.0001985 seconds
[2019-06-24T10:31:16.996+0000][1][safepoint    ] Entering safepoint region: Cleanup
[2019-06-24T10:31:16.996+0000][1][safepoint    ] Leaving safepoint region
[2019-06-24T10:31:16.996+0000][1][safepoint    ] Total time for which application threads were stopped: 0.0002891 seconds, Stopping threads took: 0.0000639 seconds
[2019-06-24T10:31:17.997+0000][1][safepoint    ] Application time: 1.0002677 seconds
[2019-06-24T10:31:17.997+0000][1][safepoint    ] Entering safepoint region: Cleanup
[2019-06-24T10:31:17.997+0000][1][safepoint    ] Leaving safepoint region
[2019-06-24T10:31:17.997+0000][1][safepoint    ] Total time for which application threads were stopped: 0.0003701 seconds, Stopping threads took: 0.0000953 seconds
[2019-06-24T10:31:19.041+0000][1][safepoint    ] Application time: 1.0437372 seconds
[2019-06-24T10:31:19.041+0000][1][safepoint    ] Entering safepoint region: Cleanup
[2019-06-24T10:31:19.041+0000][1][safepoint    ] Leaving safepoint region
[2019-06-24T10:31:19.041+0000][1][safepoint    ] Total time for which application threads were stopped: 0.0002797 seconds, Stopping threads took: 0.0000642 seconds
[2019-06-24T10:31:20.042+0000][1][safepoint    ] Application time: 1.0002650 seconds
[2019-06-24T10:31:20.042+0000][1][safepoint    ] Entering safepoint region: Cleanup
[2019-06-24T10:31:20.042+0000][1][safepoint    ] Leaving safepoint region
[2019-06-24T10:31:20.042+0000][1][safepoint    ] Total time for which application threads were stopped: 0.0002979 seconds, Stopping threads took: 0.0001027 seconds
[2019-06-24T10:31:21.042+0000][1][safepoint    ] Application time: 1.0002469 seconds
[2019-06-24T10:31:21.042+0000][1][safepoint    ] Entering safepoint region: Cleanup
[2019-06-24T10:31:21.043+0000][1][safepoint    ] Leaving safepoint region
[2019-06-24T10:31:21.043+0000][1][safepoint    ] Total time for which application threads were stopped: 0.0003249 seconds, Stopping threads took: 0.0001257 seconds
[2019-06-24T10:31:22.043+0000][1][safepoint    ] Application time: 1.0001468 seconds
[2019-06-24T10:31:22.043+0000][1][safepoint    ] Entering safepoint region: Cleanup
[2019-06-24T10:31:22.043+0000][1][safepoint    ] Leaving safepoint region
[2019-06-24T10:31:22.043+0000][1][safepoint    ] Total time for which application threads were stopped: 0.0002404 seconds, Stopping threads took: 0.0000915 seconds
[2019-06-24T10:31:23.043+0000][1][safepoint    ] Application time: 1.0001511 seconds
[2019-06-24T10:31:23.044+0000][1][safepoint    ] Entering safepoint region: Cleanup
[2019-06-24T10:31:23.044+0000][1][safepoint    ] Leaving safepoint region
[2019-06-24T10:31:23.044+0000][1][safepoint    ] Total time for which application threads were stopped: 0.0005101 seconds, Stopping threads took: 0.0002931 seconds
[2019-06-24T10:31:24.045+0000][1][safepoint    ] Application time: 1.0003120 seconds
[2019-06-24T10:31:24.045+0000][1][safepoint    ] Entering safepoint region: Cleanup
[2019-06-24T10:31:24.045+0000][1][safepoint    ] Leaving safepoint region
[2019-06-24T10:31:24.045+0000][1][safepoint    ] Total time for which application threads were stopped: 0.0002391 seconds, Stopping threads took: 0.0000666 seconds
[2019-06-24T10:31:25.045+0000][1][safepoint    ] Application time: 1.0002633 seconds
[2019-06-24T10:31:25.045+0000][1][safepoint    ] Entering safepoint region: Cleanup
[2019-06-24T10:31:25.045+0000][1][safepoint    ] Leaving safepoint region
[2019-06-24T10:31:25.046+0000][1][safepoint    ] Total time for which application threads were stopped: 0.0002378 seconds, Stopping threads took: 0.0000675 seconds
[2019-06-24T10:31:26.046+0000][1][safepoint    ] Application time: 1.0002688 seconds
[2019-06-24T10:31:26.046+0000][1][safepoint    ] Entering safepoint region: Cleanup
[2019-06-24T10:31:26.046+0000][1][safepoint    ] Leaving safepoint region
[2019-06-24T10:31:26.046+0000][1][safepoint    ] Total time for which application threads were stopped: 0.0002329 seconds, Stopping threads took: 0.0000649 seconds
[2019-06-24T10:31:27.046+0000][1][safepoint    ] Application time: 1.0002242 seconds
[2019-06-24T10:31:27.047+0000][1][safepoint    ] Entering safepoint region: Cleanup
[2019-06-24T10:31:27.047+0000][1][safepoint    ] Leaving safepoint region
[2019-06-24T10:31:27.047+0000][1][safepoint    ] Total time for which application threads were stopped: 0.0002693 seconds, Stopping threads took: 0.0000825 seconds
[2019-06-24T10:31:28.047+0000][1][safepoint    ] Application time: 1.0002522 seconds
[2019-06-24T10:31:28.047+0000][1][safepoint    ] Entering safepoint region: Cleanup
[2019-06-24T10:31:28.047+0000][1][safepoint    ] Leaving safepoint region
[2019-06-24T10:31:28.047+0000][1][safepoint    ] Total time for which application threads were stopped: 0.0001579 seconds, Stopping threads took: 0.0000342 seconds
[2019-06-24T10:31:29.048+0000][1][safepoint    ] Application time: 1.0001970 seconds
[2019-06-24T10:31:29.048+0000][1][safepoint    ] Entering safepoint region: Cleanup
[2019-06-24T10:31:29.048+0000][1][safepoint    ] Leaving safepoint region
[2019-06-24T10:31:29.048+0000][1][safepoint    ] Total time for which application threads were stopped: 0.0002624 seconds, Stopping threads took: 0.0000655 seconds
[2019-06-24T10:31:30.048+0000][1][safepoint    ] Application time: 1.0001947 seconds
[2019-06-24T10:31:30.048+0000][1][safepoint    ] Entering safepoint region: Cleanup
[2019-06-24T10:31:30.049+0000][1][safepoint    ] Leaving safepoint region
[2019-06-24T10:31:30.049+0000][1][safepoint    ] Total time for which application threads were stopped: 0.0002273 seconds, Stopping threads took: 0.0000634 seconds
[2019-06-24T10:31:31.049+0000][1][safepoint    ] Application time: 1.0002627 seconds
[2019-06-24T10:31:31.049+0000][1][safepoint    ] Entering safepoint region: Cleanup
[2019-06-24T10:31:31.049+0000][1][safepoint    ] Leaving safepoint region
[2019-06-24T10:31:31.049+0000][1][safepoint    ] Total time for which application threads were stopped: 0.0002289 seconds, Stopping threads took: 0.0000624 seconds
[2019-06-24T10:31:32.049+0000][1][safepoint    ] Application time: 1.0002638 seconds
[2019-06-24T10:31:32.050+0000][1][safepoint    ] Entering safepoint region: Cleanup
[2019-06-24T10:31:32.050+0000][1][safepoint    ] Leaving safepoint region
[2019-06-24T10:31:32.050+0000][1][safepoint    ] Total time for which application threads were stopped: 0.0002272 seconds, Stopping threads took: 0.0000640 seconds
[2019-06-24T10:31:33.050+0000][1][safepoint    ] Application time: 1.0002590 seconds
[2019-06-24T10:31:33.050+0000][1][safepoint    ] Entering safepoint region: Cleanup
[2019-06-24T10:31:33.050+0000][1][safepoint    ] Leaving safepoint region
[2019-06-24T10:31:33.050+0000][1][safepoint    ] Total time for which application threads were stopped: 0.0002278 seconds, Stopping threads took: 0.0000633 seconds
[2019-06-24T10:31:34.051+0000][1][safepoint    ] Application time: 1.0001426 seconds
[2019-06-24T10:31:34.051+0000][1][safepoint    ] Entering safepoint region: Cleanup
[2019-06-24T10:31:34.051+0000][1][safepoint    ] Leaving safepoint region
[2019-06-24T10:31:34.051+0000][1][safepoint    ] Total time for which application threads were stopped: 0.0002592 seconds, Stopping threads took: 0.0000954 seconds
[2019-06-24T10:31:35.051+0000][1][safepoint    ] Application time: 1.0002427 seconds
[2019-06-24T10:31:35.051+0000][1][safepoint    ] Entering safepoint region: Cleanup
[2019-06-24T10:31:35.052+0000][1][safepoint    ] Leaving safepoint region
[2019-06-24T10:31:35.052+0000][1][safepoint    ] Total time for which application threads were stopped: 0.0002341 seconds, Stopping threads took: 0.0000655 seconds
[2019-06-24T10:31:36.052+0000][1][safepoint    ] Application time: 1.0001330 seconds
[2019-06-24T10:31:36.052+0000][1][safepoint    ] Entering safepoint region: Cleanup
[2019-06-24T10:31:36.052+0000][1][safepoint    ] Leaving safepoint region
[2019-06-24T10:31:36.052+0000][1][safepoint    ] Total time for which application threads were stopped: 0.0002297 seconds, Stopping threads took: 0.0000659 seconds
[2019-06-24T10:31:37.052+0000][1][safepoint    ] Application time: 1.0002722 seconds
[2019-06-24T10:31:37.053+0000][1][safepoint    ] Entering safepoint region: Cleanup
[2019-06-24T10:31:37.053+0000][1][safepoint    ] Leaving safepoint region
[2019-06-24T10:31:37.053+0000][1][safepoint    ] Total time for which application threads were stopped: 0.0002536 seconds, Stopping threads took: 0.0000827 seconds
[2019-06-24T10:31:38.053+0000][1][safepoint    ] Application time: 1.0002637 seconds
[2019-06-24T10:31:38.053+0000][1][safepoint    ] Entering safepoint region: Cleanup
[2019-06-24T10:31:38.053+0000][1][safepoint    ] Leaving safepoint region
[2019-06-24T10:31:38.053+0000][1][safepoint    ] Total time for which application threads were stopped: 0.0002327 seconds, Stopping threads took: 0.0000651 seconds
[2019-06-24T10:31:39.054+0000][1][safepoint    ] Application time: 1.0002444 seconds
[2019-06-24T10:31:39.054+0000][1][safepoint    ] Entering safepoint region: Cleanup
[2019-06-24T10:31:39.054+0000][1][safepoint    ] Leaving safepoint region
[2019-06-24T10:31:39.054+0000][1][safepoint    ] Total time for which application threads were stopped: 0.0002551 seconds, Stopping threads took: 0.0000847 seconds
[2019-06-24T10:31:40.055+0000][1][safepoint    ] Application time: 1.0003396 seconds
[2019-06-24T10:31:40.055+0000][1][safepoint    ] Entering safepoint region: Cleanup
[2019-06-24T10:31:40.055+0000][1][safepoint    ] Leaving safepoint region
[2019-06-24T10:31:40.055+0000][1][safepoint    ] Total time for which application threads were stopped: 0.0002293 seconds, Stopping threads took: 0.0000652 seconds
[2019-06-24T10:31:41.055+0000][1][safepoint    ] Application time: 1.0002739 seconds
[2019-06-24T10:31:41.055+0000][1][safepoint    ] Entering safepoint region: Cleanup
[2019-06-24T10:31:41.056+0000][1][safepoint    ] Leaving safepoint region
[2019-06-24T10:31:41.056+0000][1][safepoint    ] Total time for which application threads were stopped: 0.0003076 seconds, Stopping threads took: 0.0000627 seconds
[2019-06-24T10:31:42.056+0000][1][safepoint    ] Application time: 1.0002477 seconds
[2019-06-24T10:31:42.056+0000][1][safepoint    ] Entering safepoint region: Cleanup
[2019-06-24T10:31:42.056+0000][1][safepoint    ] Leaving safepoint region
[2019-06-24T10:31:42.056+0000][1][safepoint    ] Total time for which application threads were stopped: 0.0002272 seconds, Stopping threads took: 0.0000619 seconds
[2019-06-24T10:31:43.056+0000][1][safepoint    ] Application time: 1.0001424 seconds
[2019-06-24T10:31:43.057+0000][1][safepoint    ] Entering safepoint region: Cleanup
[2019-06-24T10:31:43.057+0000][1][safepoint    ] Leaving safepoint region
[2019-06-24T10:31:43.057+0000][1][safepoint    ] Total time for which application threads were stopped: 0.0002263 seconds, Stopping threads took: 0.0000634 seconds
[2019-06-24T10:31:44.057+0000][1][safepoint    ] Application time: 1.0002697 seconds
[2019-06-24T10:31:44.057+0000][1][safepoint    ] Entering safepoint region: Cleanup
[2019-06-24T10:31:44.057+0000][1][safepoint    ] Leaving safepoint region
[2019-06-24T10:31:44.057+0000][1][safepoint    ] Total time for which application threads were stopped: 0.0002852 seconds, Stopping threads took: 0.0000800 seconds
[2019-06-24T10:31:45.058+0000][1][safepoint    ] Application time: 1.0002768 seconds
[2019-06-24T10:31:45.058+0000][1][safepoint    ] Entering safepoint region: Cleanup
[2019-06-24T10:31:45.058+0000][1][safepoint    ] Leaving safepoint region
[2019-06-24T10:31:45.058+0000][1][safepoint    ] Total time for which application threads were stopped: 0.0002285 seconds, Stopping threads took: 0.0000636 seconds
[2019-06-24T10:31:46.058+0000][1][safepoint    ] Application time: 1.0002673 seconds
[2019-06-24T10:31:46.059+0000][1][safepoint    ] Entering safepoint region: Cleanup
[2019-06-24T10:31:46.059+0000][1][safepoint    ] Leaving safepoint region
[2019-06-24T10:31:46.059+0000][1][safepoint    ] Total time for which application threads were stopped: 0.0003130 seconds, Stopping threads took: 0.0000662 seconds
[2019-06-24T10:31:47.059+0000][1][safepoint    ] Application time: 1.0002671 seconds
[2019-06-24T10:31:47.059+0000][1][safepoint    ] Entering safepoint region: Cleanup
[2019-06-24T10:31:47.060+0000][1][safepoint    ] Leaving safepoint region
[2019-06-24T10:31:47.060+0000][1][safepoint    ] Total time for which application threads were stopped: 0.0002283 seconds, Stopping threads took: 0.0000630 seconds
[2019-06-24T10:31:48.060+0000][1][safepoint    ] Application time: 1.0002635 seconds
[2019-06-24T10:31:48.060+0000][1][safepoint    ] Entering safepoint region: Cleanup
[2019-06-24T10:31:48.060+0000][1][safepoint    ] Leaving safepoint region
[2019-06-24T10:31:48.060+0000][1][safepoint    ] Total time for which application threads were stopped: 0.0002250 seconds, Stopping threads took: 0.0000633 seconds
[2019-06-24T10:31:49.060+0000][1][safepoint    ] Application time: 1.0002541 seconds
[2019-06-24T10:31:49.061+0000][1][safepoint    ] Entering safepoint region: Cleanup
[2019-06-24T10:31:49.061+0000][1][safepoint    ] Leaving safepoint region
[2019-06-24T10:31:49.061+0000][1][safepoint    ] Total time for which application threads were stopped: 0.0003038 seconds, Stopping threads took: 0.0000615 seconds
[2019-06-24T10:31:50.061+0000][1][safepoint    ] Application time: 1.0002580 seconds
[2019-06-24T10:31:50.061+0000][1][safepoint    ] Entering safepoint region: Cleanup
[2019-06-24T10:31:50.061+0000][1][safepoint    ] Leaving safepoint region
[2019-06-24T10:31:50.062+0000][1][safepoint    ] Total time for which application threads were stopped: 0.0002258 seconds, Stopping threads took: 0.0000634 seconds
[2019-06-24T10:31:51.062+0000][1][safepoint    ] Application time: 1.0001488 seconds
[2019-06-24T10:31:51.062+0000][1][safepoint    ] Entering safepoint region: Cleanup
[2019-06-24T10:31:51.062+0000][1][safepoint    ] Leaving safepoint region
[2019-06-24T10:31:51.062+0000][1][safepoint    ] Total time for which application threads were stopped: 0.0001027 seconds, Stopping threads took: 0.0000284 seconds
[2019-06-24T10:31:52.062+0000][1][safepoint    ] Application time: 1.0001252 seconds
[2019-06-24T10:31:52.062+0000][1][safepoint    ] Entering safepoint region: Cleanup
[2019-06-24T10:31:52.062+0000][1][safepoint    ] Leaving safepoint region
[2019-06-24T10:31:52.062+0000][1][safepoint    ] Total time for which application threads were stopped: 0.0002459 seconds, Stopping threads took: 0.0000675 seconds
[2019-06-24T10:31:53.063+0000][1][safepoint    ] Application time: 1.0002658 seconds
[2019-06-24T10:31:53.063+0000][1][safepoint    ] Entering safepoint region: Cleanup
[2019-06-24T10:31:53.063+0000][1][safepoint    ] Leaving safepoint region
[2019-06-24T10:31:53.063+0000][1][safepoint    ] Total time for which application threads were stopped: 0.0002573 seconds, Stopping threads took: 0.0000690 seconds
[2019-06-24T10:31:54.063+0000][1][safepoint    ] Application time: 1.0002175 seconds
[2019-06-24T10:31:54.063+0000][1][safepoint    ] Entering safepoint region: Cleanup
[2019-06-24T10:31:54.064+0000][1][safepoint    ] Leaving safepoint region
[2019-06-24T10:31:54.064+0000][1][safepoint    ] Total time for which application threads were stopped: 0.0002372 seconds, Stopping threads took: 0.0000668 seconds
[2019-06-24T10:31:55.064+0000][1][safepoint    ] Application time: 1.0001937 seconds
[2019-06-24T10:31:55.064+0000][1][safepoint    ] Entering safepoint region: Cleanup
[2019-06-24T10:31:55.064+0000][1][safepoint    ] Leaving safepoint region
[2019-06-24T10:31:55.064+0000][1][safepoint    ] Total time for which application threads were stopped: 0.0002281 seconds, Stopping threads took: 0.0000641 seconds
[2019-06-24T10:31:56.065+0000][1][safepoint    ] Application time: 1.0002646 seconds
[2019-06-24T10:31:56.065+0000][1][safepoint    ] Entering safepoint region: Cleanup
[2019-06-24T10:31:56.065+0000][1][safepoint    ] Leaving safepoint region
[2019-06-24T10:31:56.065+0000][1][safepoint    ] Total time for which application threads were stopped: 0.0003024 seconds, Stopping threads took: 0.0000633 seconds
[2019-06-24T10:31:57.065+0000][1][safepoint    ] Application time: 1.0002670 seconds
[2019-06-24T10:31:57.065+0000][1][safepoint    ] Entering safepoint region: Cleanup
[2019-06-24T10:31:57.066+0000][1][safepoint    ] Leaving safepoint region
[2019-06-24T10:31:57.066+0000][1][safepoint    ] Total time for which application threads were stopped: 0.0002274 seconds, Stopping threads took: 0.0000628 seconds
[2019-06-24T10:31:58.066+0000][1][safepoint    ] Application time: 1.0002693 seconds
[2019-06-24T10:31:58.066+0000][1][safepoint    ] Entering safepoint region: Cleanup
[2019-06-24T10:31:58.066+0000][1][safepoint    ] Leaving safepoint region
[2019-06-24T10:31:58.066+0000][1][safepoint    ] Total time for which application threads were stopped: 0.0002293 seconds, Stopping threads took: 0.0000627 seconds
[2019-06-24T10:31:59.067+0000][1][safepoint    ] Application time: 1.0003446 seconds
[2019-06-24T10:31:59.067+0000][1][safepoint    ] Entering safepoint region: Cleanup
[2019-06-24T10:31:59.067+0000][1][safepoint    ] Leaving safepoint region
[2019-06-24T10:31:59.067+0000][1][safepoint    ] Total time for which application threads were stopped: 0.0001134 seconds, Stopping threads took: 0.0000419 seconds
[2019-06-24T10:32:00.067+0000][1][safepoint    ] Application time: 1.0001968 seconds
[2019-06-24T10:32:00.067+0000][1][safepoint    ] Entering safepoint region: Cleanup
[2019-06-24T10:32:00.067+0000][1][safepoint    ] Leaving safepoint region
[2019-06-24T10:32:00.067+0000][1][safepoint    ] Total time for which application threads were stopped: 0.0002280 seconds, Stopping threads took: 0.0000640 seconds
[2019-06-24T10:32:01.067+0000][1][safepoint    ] Application time: 1.0001419 seconds
[2019-06-24T10:32:01.068+0000][1][safepoint    ] Entering safepoint region: Cleanup
[2019-06-24T10:32:01.068+0000][1][safepoint    ] Leaving safepoint region
[2019-06-24T10:32:01.068+0000][1][safepoint    ] Total time for which application threads were stopped: 0.0002242 seconds, Stopping threads took: 0.0000633 seconds
[2019-06-24T10:32:02.068+0000][1][safepoint    ] Application time: 1.0002413 seconds
[2019-06-24T10:32:02.068+0000][1][safepoint    ] Entering safepoint region: Cleanup
[2019-06-24T10:32:02.068+0000][1][safepoint    ] Leaving safepoint region
[2019-06-24T10:32:02.068+0000][1][safepoint    ] Total time for which application threads were stopped: 0.0002198 seconds, Stopping threads took: 0.0000629 seconds
[2019-06-24T10:32:03.069+0000][1][safepoint    ] Application time: 1.0002590 seconds
[2019-06-24T10:32:03.069+0000][1][safepoint    ] Entering safepoint region: Cleanup
[2019-06-24T10:32:03.069+0000][1][safepoint    ] Leaving safepoint region
[2019-06-24T10:32:03.069+0000][1][safepoint    ] Total time for which application threads were stopped: 0.0002231 seconds, Stopping threads took: 0.0000654 seconds
[2019-06-24T10:32:04.069+0000][1][safepoint    ] Application time: 1.0002284 seconds
[2019-06-24T10:32:04.069+0000][1][safepoint    ] Entering safepoint region: Cleanup
[2019-06-24T10:32:04.070+0000][1][safepoint    ] Leaving safepoint region
[2019-06-24T10:32:04.070+0000][1][safepoint    ] Total time for which application threads were stopped: 0.0002194 seconds, Stopping threads took: 0.0000626 seconds
[2019-06-24T10:32:05.070+0000][1][safepoint    ] Application time: 1.0002294 seconds
[2019-06-24T10:32:05.070+0000][1][safepoint    ] Entering safepoint region: Cleanup
[2019-06-24T10:32:05.070+0000][1][safepoint    ] Leaving safepoint region
[2019-06-24T10:32:05.070+0000][1][safepoint    ] Total time for which application threads were stopped: 0.0002495 seconds, Stopping threads took: 0.0000717 seconds
[2019-06-24T10:32:06.101+0000][1][safepoint    ] Application time: 1.0311050 seconds
[2019-06-24T10:32:06.101+0000][1][safepoint    ] Entering safepoint region: Cleanup
[2019-06-24T10:32:06.102+0000][1][safepoint    ] Leaving safepoint region
[2019-06-24T10:32:06.102+0000][1][safepoint    ] Total time for which application threads were stopped: 0.0000912 seconds, Stopping threads took: 0.0000304 seconds
[2019-06-24T10:32:07.102+0000][1][safepoint    ] Application time: 1.0001201 seconds
[2019-06-24T10:32:07.102+0000][1][safepoint    ] Entering safepoint region: Cleanup
[2019-06-24T10:32:07.102+0000][1][safepoint    ] Leaving safepoint region
[2019-06-24T10:32:07.102+0000][1][safepoint    ] Total time for which application threads were stopped: 0.0002181 seconds, Stopping threads took: 0.0000588 seconds
[2019-06-24T10:32:08.102+0000][1][safepoint    ] Application time: 1.0001175 seconds
[2019-06-24T10:32:08.102+0000][1][safepoint    ] Entering safepoint region: Cleanup
[2019-06-24T10:32:08.102+0000][1][safepoint    ] Leaving safepoint region
[2019-06-24T10:32:08.102+0000][1][safepoint    ] Total time for which application threads were stopped: 0.0001837 seconds, Stopping threads took: 0.0000517 seconds
[2019-06-24T10:32:09.103+0000][1][safepoint    ] Application time: 1.0001656 seconds
[2019-06-24T10:32:09.103+0000][1][safepoint    ] Entering safepoint region: Cleanup
[2019-06-24T10:32:09.103+0000][1][safepoint    ] Leaving safepoint region
[2019-06-24T10:32:09.103+0000][1][safepoint    ] Total time for which application threads were stopped: 0.0001840 seconds, Stopping threads took: 0.0000513 seconds
[2019-06-24T10:32:10.103+0000][1][safepoint    ] Application time: 1.0001857 seconds
[2019-06-24T10:32:10.103+0000][1][safepoint    ] Entering safepoint region: Cleanup
[2019-06-24T10:32:10.103+0000][1][safepoint    ] Leaving safepoint region
[2019-06-24T10:32:10.103+0000][1][safepoint    ] Total time for which application threads were stopped: 0.0002212 seconds, Stopping threads took: 0.0000585 seconds
[2019-06-24T10:32:11.104+0000][1][safepoint    ] Application time: 1.0001783 seconds
[2019-06-24T10:32:11.104+0000][1][safepoint    ] Entering safepoint region: Cleanup
[2019-06-24T10:32:11.104+0000][1][safepoint    ] Leaving safepoint region
[2019-06-24T10:32:11.104+0000][1][safepoint    ] Total time for which application threads were stopped: 0.0002133 seconds, Stopping threads took: 0.0000591 seconds
[2019-06-24T10:32:12.104+0000][1][safepoint    ] Application time: 1.0001871 seconds
[2019-06-24T10:32:12.104+0000][1][safepoint    ] Entering safepoint region: Cleanup
[2019-06-24T10:32:12.104+0000][1][safepoint    ] Leaving safepoint region
[2019-06-24T10:32:12.104+0000][1][safepoint    ] Total time for which application threads were stopped: 0.0002223 seconds, Stopping threads took: 0.0000606 seconds
[2019-06-24T10:32:13.105+0000][1][safepoint    ] Application time: 1.0001788 seconds
[2019-06-24T10:32:13.105+0000][1][safepoint    ] Entering safepoint region: Cleanup
[2019-06-24T10:32:13.105+0000][1][safepoint    ] Leaving safepoint region
[2019-06-24T10:32:13.105+0000][1][safepoint    ] Total time for which application threads were stopped: 0.0002181 seconds, Stopping threads took: 0.0000596 seconds
[2019-06-24T10:32:14.105+0000][1][safepoint    ] Application time: 1.0001847 seconds
[2019-06-24T10:32:14.105+0000][1][safepoint    ] Entering safepoint region: Cleanup
[2019-06-24T10:32:14.106+0000][1][safepoint    ] Leaving safepoint region
[2019-06-24T10:32:14.106+0000][1][safepoint    ] Total time for which application threads were stopped: 0.0002933 seconds, Stopping threads took: 0.0001034 seconds
[2019-06-24T10:32:15.106+0000][1][safepoint    ] Application time: 1.0001855 seconds
[2019-06-24T10:32:15.106+0000][1][safepoint    ] Entering safepoint region: Cleanup
[2019-06-24T10:32:15.106+0000][1][safepoint    ] Leaving safepoint region
[2019-06-24T10:32:15.106+0000][1][safepoint    ] Total time for which application threads were stopped: 0.0002686 seconds, Stopping threads took: 0.0001078 seconds
[2019-06-24T10:32:16.106+0000][1][safepoint    ] Application time: 1.0001377 seconds
[2019-06-24T10:32:16.107+0000][1][safepoint    ] Entering safepoint region: Cleanup
[2019-06-24T10:32:16.107+0000][1][safepoint    ] Leaving safepoint region
[2019-06-24T10:32:16.107+0000][1][safepoint    ] Total time for which application threads were stopped: 0.0002353 seconds, Stopping threads took: 0.0000687 seconds
[2019-06-24T10:32:17.107+0000][1][safepoint    ] Application time: 1.0001387 seconds
[2019-06-24T10:32:17.107+0000][1][safepoint    ] Entering safepoint region: Cleanup
[2019-06-24T10:32:17.107+0000][1][safepoint    ] Leaving safepoint region
[2019-06-24T10:32:17.107+0000][1][safepoint    ] Total time for which application threads were stopped: 0.0003118 seconds, Stopping threads took: 0.0000863 seconds
[2019-06-24T10:32:18.108+0000][1][safepoint    ] Application time: 1.0001747 seconds
[2019-06-24T10:32:18.108+0000][1][safepoint    ] Entering safepoint region: Cleanup
[2019-06-24T10:32:18.108+0000][1][safepoint    ] Leaving safepoint region
[2019-06-24T10:32:18.108+0000][1][safepoint    ] Total time for which application threads were stopped: 0.0002920 seconds, Stopping threads took: 0.0000989 seconds
[2019-06-24T10:32:19.108+0000][1][safepoint    ] Application time: 1.0002012 seconds
[2019-06-24T10:32:19.108+0000][1][safepoint    ] Entering safepoint region: Cleanup
[2019-06-24T10:32:19.109+0000][1][safepoint    ] Leaving safepoint region
[2019-06-24T10:32:19.109+0000][1][safepoint    ] Total time for which application threads were stopped: 0.0001955 seconds, Stopping threads took: 0.0000527 seconds
[2019-06-24T10:32:20.109+0000][1][safepoint    ] Application time: 1.0001840 seconds
[2019-06-24T10:32:20.109+0000][1][safepoint    ] Entering safepoint region: Cleanup
[2019-06-24T10:32:20.109+0000][1][safepoint    ] Leaving safepoint region
[2019-06-24T10:32:20.109+0000][1][safepoint    ] Total time for which application threads were stopped: 0.0002339 seconds, Stopping threads took: 0.0000653 seconds
[2019-06-24T10:32:21.109+0000][1][safepoint    ] Application time: 1.0001374 seconds
[2019-06-24T10:32:21.109+0000][1][safepoint    ] Entering safepoint region: Cleanup
[2019-06-24T10:32:21.110+0000][1][safepoint    ] Leaving safepoint region
[2019-06-24T10:32:21.110+0000][1][safepoint    ] Total time for which application threads were stopped: 0.0002428 seconds, Stopping threads took: 0.0000668 seconds
[2019-06-24T10:32:22.110+0000][1][safepoint    ] Application time: 1.0001816 seconds
[2019-06-24T10:32:22.110+0000][1][safepoint    ] Entering safepoint region: Cleanup
[2019-06-24T10:32:22.110+0000][1][safepoint    ] Leaving safepoint region
[2019-06-24T10:32:22.110+0000][1][safepoint    ] Total time for which application threads were stopped: 0.0002697 seconds, Stopping threads took: 0.0000924 seconds
[2019-06-24T10:32:23.111+0000][1][safepoint    ] Application time: 1.0003177 seconds
[2019-06-24T10:32:23.111+0000][1][safepoint    ] Entering safepoint region: Cleanup
[2019-06-24T10:32:23.111+0000][1][safepoint    ] Leaving safepoint region
[2019-06-24T10:32:23.111+0000][1][safepoint    ] Total time for which application threads were stopped: 0.0001617 seconds, Stopping threads took: 0.0000462 seconds
[2019-06-24T10:32:24.111+0000][1][safepoint    ] Application time: 1.0002446 seconds
[2019-06-24T10:32:24.111+0000][1][safepoint    ] Entering safepoint region: Cleanup
[2019-06-24T10:32:24.111+0000][1][safepoint    ] Leaving safepoint region
[2019-06-24T10:32:24.111+0000][1][safepoint    ] Total time for which application threads were stopped: 0.0002321 seconds, Stopping threads took: 0.0000654 seconds
[2019-06-24T10:32:24.557+0000][1][safepoint    ] Application time: 0.4452487 seconds
[2019-06-24T10:32:24.557+0000][1][safepoint    ] Entering safepoint region: GenCollectForAllocation
[2019-06-24T10:32:24.557+0000][1][gc,start     ] GC(41) Pause Young (Allocation Failure)
[2019-06-24T10:32:24.557+0000][1][gc,task      ] GC(41) Using 5 workers of 8 for evacuation
[2019-06-24T10:32:24.560+0000][1][gc,age       ] GC(41) Desired survivor size 4456448 bytes, new threshold 6 (max threshold 6)
[2019-06-24T10:32:24.560+0000][1][gc,age       ] GC(41) Age table with threshold 6 (max threshold 6)
[2019-06-24T10:32:24.560+0000][1][gc,age       ] GC(41) - age   1:       4456 bytes,       4456 total
[2019-06-24T10:32:24.560+0000][1][gc,age       ] GC(41) - age   2:         32 bytes,       4488 total
[2019-06-24T10:32:24.560+0000][1][gc,age       ] GC(41) - age   3:         32 bytes,       4520 total
[2019-06-24T10:32:24.560+0000][1][gc,age       ] GC(41) - age   5:       1632 bytes,       6152 total
[2019-06-24T10:32:24.560+0000][1][gc,age       ] GC(41) - age   6:       1392 bytes,       7544 total
[2019-06-24T10:32:24.560+0000][1][gc,heap      ] GC(41) ParNew: 69964K->14K(78656K)
[2019-06-24T10:32:24.560+0000][1][gc,heap      ] GC(41) CMS: 69614K->69615K(174784K)
[2019-06-24T10:32:24.560+0000][1][gc,metaspace ] GC(41) Metaspace: 68175K->68175K(1112064K)
[2019-06-24T10:32:24.560+0000][1][gc           ] GC(41) Pause Young (Allocation Failure) 136M->67M(247M) 2.983ms
[2019-06-24T10:32:24.560+0000][1][gc,cpu       ] GC(41) User=0.01s Sys=0.00s Real=0.00s
[2019-06-24T10:32:24.560+0000][1][safepoint    ] Leaving safepoint region
[2019-06-24T10:32:24.560+0000][1][safepoint    ] Total time for which application threads were stopped: 0.0035592 seconds, Stopping threads took: 0.0000615 seconds
[2019-06-24T10:32:25.561+0000][1][safepoint    ] Application time: 1.0002976 seconds
[2019-06-24T10:32:25.561+0000][1][safepoint    ] Entering safepoint region: Cleanup
[2019-06-24T10:32:25.561+0000][1][safepoint    ] Leaving safepoint region
[2019-06-24T10:32:25.561+0000][1][safepoint    ] Total time for which application threads were stopped: 0.0002622 seconds, Stopping threads took: 0.0000713 seconds
[2019-06-24T10:32:26.561+0000][1][safepoint    ] Application time: 1.0002644 seconds
[2019-06-24T10:32:26.562+0000][1][safepoint    ] Entering safepoint region: Cleanup
[2019-06-24T10:32:26.562+0000][1][safepoint    ] Leaving safepoint region
[2019-06-24T10:32:26.562+0000][1][safepoint    ] Total time for which application threads were stopped: 0.0002308 seconds, Stopping threads took: 0.0000631 seconds
[2019-06-24T10:32:27.562+0000][1][safepoint    ] Application time: 1.0001773 seconds
[2019-06-24T10:32:27.562+0000][1][safepoint    ] Entering safepoint region: Cleanup
[2019-06-24T10:32:27.562+0000][1][safepoint    ] Leaving safepoint region
[2019-06-24T10:32:27.562+0000][1][safepoint    ] Total time for which application threads were stopped: 0.0002225 seconds, Stopping threads took: 0.0000608 seconds
[2019-06-24T10:32:28.563+0000][1][safepoint    ] Application time: 1.0001575 seconds
[2019-06-24T10:32:28.563+0000][1][safepoint    ] Entering safepoint region: Cleanup
[2019-06-24T10:32:28.563+0000][1][safepoint    ] Leaving safepoint region
[2019-06-24T10:32:28.563+0000][1][safepoint    ] Total time for which application threads were stopped: 0.0002511 seconds, Stopping threads took: 0.0000622 seconds
[2019-06-24T10:32:29.563+0000][1][safepoint    ] Application time: 1.0002468 seconds
[2019-06-24T10:32:29.563+0000][1][safepoint    ] Entering safepoint region: Cleanup
[2019-06-24T10:32:29.564+0000][1][safepoint    ] Leaving safepoint region
[2019-06-24T10:32:29.564+0000][1][safepoint    ] Total time for which application threads were stopped: 0.0002601 seconds, Stopping threads took: 0.0000958 seconds
[2019-06-24T10:32:30.564+0000][1][safepoint    ] Application time: 1.0001845 seconds
[2019-06-24T10:32:30.564+0000][1][safepoint    ] Entering safepoint region: Cleanup
[2019-06-24T10:32:30.564+0000][1][safepoint    ] Leaving safepoint region
[2019-06-24T10:32:30.564+0000][1][safepoint    ] Total time for which application threads were stopped: 0.0001313 seconds, Stopping threads took: 0.0000445 seconds
[2019-06-24T10:32:32.162+0000][1][safepoint    ] Application time: 1.5983174 seconds
[2019-06-24T10:32:32.162+0000][1][safepoint    ] Entering safepoint region: Cleanup
[2019-06-24T10:32:32.163+0000][1][safepoint    ] Leaving safepoint region
[2019-06-24T10:32:32.163+0000][1][safepoint    ] Total time for which application threads were stopped: 0.0003774 seconds, Stopping threads took: 0.0001637 seconds
[2019-06-24T10:32:33.163+0000][1][safepoint    ] Application time: 1.0002682 seconds
[2019-06-24T10:32:33.163+0000][1][safepoint    ] Entering safepoint region: Cleanup
[2019-06-24T10:32:33.163+0000][1][safepoint    ] Leaving safepoint region
[2019-06-24T10:32:33.164+0000][1][safepoint    ] Total time for which application threads were stopped: 0.0002945 seconds, Stopping threads took: 0.0001058 seconds
[2019-06-24T10:32:34.164+0000][1][safepoint    ] Application time: 1.0002524 seconds
[2019-06-24T10:32:34.164+0000][1][safepoint    ] Entering safepoint region: Cleanup
[2019-06-24T10:32:34.164+0000][1][safepoint    ] Leaving safepoint region
[2019-06-24T10:32:34.164+0000][1][safepoint    ] Total time for which application threads were stopped: 0.0002983 seconds, Stopping threads took: 0.0001047 seconds
[2019-06-24T10:32:35.165+0000][1][safepoint    ] Application time: 1.0002814 seconds
[2019-06-24T10:32:35.165+0000][1][safepoint    ] Entering safepoint region: Cleanup
[2019-06-24T10:32:35.165+0000][1][safepoint    ] Leaving safepoint region
[2019-06-24T10:32:35.165+0000][1][safepoint    ] Total time for which application threads were stopped: 0.0003407 seconds, Stopping threads took: 0.0001041 seconds
[2019-06-24T10:32:36.165+0000][1][safepoint    ] Application time: 1.0002539 seconds
[2019-06-24T10:32:36.165+0000][1][safepoint    ] Entering safepoint region: Cleanup
[2019-06-24T10:32:36.166+0000][1][safepoint    ] Leaving safepoint region
[2019-06-24T10:32:36.166+0000][1][safepoint    ] Total time for which application threads were stopped: 0.0002955 seconds, Stopping threads took: 0.0000926 seconds
[2019-06-24T10:32:37.166+0000][1][safepoint    ] Application time: 1.0002575 seconds
[2019-06-24T10:32:37.166+0000][1][safepoint    ] Entering safepoint region: Cleanup
[2019-06-24T10:32:37.166+0000][1][safepoint    ] Leaving safepoint region
[2019-06-24T10:32:37.166+0000][1][safepoint    ] Total time for which application threads were stopped: 0.0002283 seconds, Stopping threads took: 0.0000643 seconds
[2019-06-24T10:32:38.167+0000][1][safepoint    ] Application time: 1.0002551 seconds
[2019-06-24T10:32:38.167+0000][1][safepoint    ] Entering safepoint region: Cleanup
[2019-06-24T10:32:38.167+0000][1][safepoint    ] Leaving safepoint region
[2019-06-24T10:32:38.167+0000][1][safepoint    ] Total time for which application threads were stopped: 0.0002081 seconds, Stopping threads took: 0.0000567 seconds
[2019-06-24T10:32:39.167+0000][1][safepoint    ] Application time: 1.0001432 seconds
[2019-06-24T10:32:39.167+0000][1][safepoint    ] Entering safepoint region: Cleanup
[2019-06-24T10:32:39.167+0000][1][safepoint    ] Leaving safepoint region
[2019-06-24T10:32:39.167+0000][1][safepoint    ] Total time for which application threads were stopped: 0.0002055 seconds, Stopping threads took: 0.0000596 seconds
[2019-06-24T10:32:40.168+0000][1][safepoint    ] Application time: 1.0001331 seconds
[2019-06-24T10:32:40.168+0000][1][safepoint    ] Entering safepoint region: Cleanup
[2019-06-24T10:32:40.168+0000][1][safepoint    ] Leaving safepoint region
[2019-06-24T10:32:40.168+0000][1][safepoint    ] Total time for which application threads were stopped: 0.0002076 seconds, Stopping threads took: 0.0000601 seconds
[2019-06-24T10:32:41.168+0000][1][safepoint    ] Application time: 1.0001846 seconds
[2019-06-24T10:32:41.168+0000][1][safepoint    ] Entering safepoint region: Cleanup
[2019-06-24T10:32:41.168+0000][1][safepoint    ] Leaving safepoint region
[2019-06-24T10:32:41.168+0000][1][safepoint    ] Total time for which application threads were stopped: 0.0002083 seconds, Stopping threads took: 0.0000566 seconds
[2019-06-24T10:32:42.169+0000][1][safepoint    ] Application time: 1.0001873 seconds
[2019-06-24T10:32:42.169+0000][1][safepoint    ] Entering safepoint region: Cleanup
[2019-06-24T10:32:42.169+0000][1][safepoint    ] Leaving safepoint region
[2019-06-24T10:32:42.169+0000][1][safepoint    ] Total time for which application threads were stopped: 0.0002055 seconds, Stopping threads took: 0.0000562 seconds
[2019-06-24T10:32:43.169+0000][1][safepoint    ] Application time: 1.0001858 seconds
[2019-06-24T10:32:43.169+0000][1][safepoint    ] Entering safepoint region: Cleanup
[2019-06-24T10:32:43.169+0000][1][safepoint    ] Leaving safepoint region
[2019-06-24T10:32:43.169+0000][1][safepoint    ] Total time for which application threads were stopped: 0.0002327 seconds, Stopping threads took: 0.0000661 seconds
[2019-06-24T10:32:44.170+0000][1][safepoint    ] Application time: 1.0001908 seconds
[2019-06-24T10:32:44.170+0000][1][safepoint    ] Entering safepoint region: Cleanup
[2019-06-24T10:32:44.170+0000][1][safepoint    ] Leaving safepoint region
[2019-06-24T10:32:44.170+0000][1][safepoint    ] Total time for which application threads were stopped: 0.0002056 seconds, Stopping threads took: 0.0000566 seconds
[2019-06-24T10:32:45.170+0000][1][safepoint    ] Application time: 1.0001842 seconds
[2019-06-24T10:32:45.170+0000][1][safepoint    ] Entering safepoint region: Cleanup
[2019-06-24T10:32:45.171+0000][1][safepoint    ] Leaving safepoint region
[2019-06-24T10:32:45.171+0000][1][safepoint    ] Total time for which application threads were stopped: 0.0003177 seconds, Stopping threads took: 0.0000638 seconds
[2019-06-24T10:32:46.171+0000][1][safepoint    ] Application time: 1.0001361 seconds
[2019-06-24T10:32:46.171+0000][1][safepoint    ] Entering safepoint region: Cleanup
[2019-06-24T10:32:46.171+0000][1][safepoint    ] Leaving safepoint region
[2019-06-24T10:32:46.171+0000][1][safepoint    ] Total time for which application threads were stopped: 0.0002022 seconds, Stopping threads took: 0.0000572 seconds
[2019-06-24T10:32:47.171+0000][1][safepoint    ] Application time: 1.0002720 seconds
[2019-06-24T10:32:47.172+0000][1][safepoint    ] Entering safepoint region: Cleanup
[2019-06-24T10:32:47.172+0000][1][safepoint    ] Leaving safepoint region
[2019-06-24T10:32:47.172+0000][1][safepoint    ] Total time for which application threads were stopped: 0.0001341 seconds, Stopping threads took: 0.0000281 seconds
[2019-06-24T10:32:48.172+0000][1][safepoint    ] Application time: 1.0002361 seconds
[2019-06-24T10:32:48.172+0000][1][safepoint    ] Entering safepoint region: Cleanup
[2019-06-24T10:32:48.172+0000][1][safepoint    ] Leaving safepoint region
[2019-06-24T10:32:48.172+0000][1][safepoint    ] Total time for which application threads were stopped: 0.0002487 seconds, Stopping threads took: 0.0000565 seconds
[2019-06-24T10:32:49.173+0000][1][safepoint    ] Application time: 1.0002450 seconds
[2019-06-24T10:32:49.173+0000][1][safepoint    ] Entering safepoint region: Cleanup
[2019-06-24T10:32:49.173+0000][1][safepoint    ] Leaving safepoint region
[2019-06-24T10:32:49.173+0000][1][safepoint    ] Total time for which application threads were stopped: 0.0002621 seconds, Stopping threads took: 0.0000917 seconds
[2019-06-24T10:32:50.173+0000][1][safepoint    ] Application time: 1.0002629 seconds
[2019-06-24T10:32:50.173+0000][1][safepoint    ] Entering safepoint region: Cleanup
[2019-06-24T10:32:50.174+0000][1][safepoint    ] Leaving safepoint region
[2019-06-24T10:32:50.174+0000][1][safepoint    ] Total time for which application threads were stopped: 0.0002978 seconds, Stopping threads took: 0.0001026 seconds
[2019-06-24T10:32:51.174+0000][1][safepoint    ] Application time: 1.0002514 seconds
[2019-06-24T10:32:51.174+0000][1][safepoint    ] Entering safepoint region: Cleanup
[2019-06-24T10:32:51.174+0000][1][safepoint    ] Leaving safepoint region
[2019-06-24T10:32:51.174+0000][1][safepoint    ] Total time for which application threads were stopped: 0.0002033 seconds, Stopping threads took: 0.0000560 seconds
[2019-06-24T10:32:52.174+0000][1][safepoint    ] Application time: 1.0002195 seconds
[2019-06-24T10:32:52.175+0000][1][safepoint    ] Entering safepoint region: Cleanup
[2019-06-24T10:32:52.175+0000][1][safepoint    ] Leaving safepoint region
[2019-06-24T10:32:52.175+0000][1][safepoint    ] Total time for which application threads were stopped: 0.0001997 seconds, Stopping threads took: 0.0000623 seconds
[2019-06-24T10:32:53.175+0000][1][safepoint    ] Application time: 1.0002479 seconds
[2019-06-24T10:32:53.175+0000][1][safepoint    ] Entering safepoint region: Cleanup
[2019-06-24T10:32:53.175+0000][1][safepoint    ] Leaving safepoint region
[2019-06-24T10:32:53.175+0000][1][safepoint    ] Total time for which application threads were stopped: 0.0002009 seconds, Stopping threads took: 0.0000556 seconds
[2019-06-24T10:32:54.176+0000][1][safepoint    ] Application time: 1.0002503 seconds
[2019-06-24T10:32:54.176+0000][1][safepoint    ] Entering safepoint region: Cleanup
[2019-06-24T10:32:54.176+0000][1][safepoint    ] Leaving safepoint region
[2019-06-24T10:32:54.176+0000][1][safepoint    ] Total time for which application threads were stopped: 0.0002233 seconds, Stopping threads took: 0.0000651 seconds
[2019-06-24T10:32:55.176+0000][1][safepoint    ] Application time: 1.0002600 seconds
[2019-06-24T10:32:55.176+0000][1][safepoint    ] Entering safepoint region: Cleanup
[2019-06-24T10:32:55.177+0000][1][safepoint    ] Leaving safepoint region
[2019-06-24T10:32:55.177+0000][1][safepoint    ] Total time for which application threads were stopped: 0.0002036 seconds, Stopping threads took: 0.0000553 seconds
[2019-06-24T10:32:56.177+0000][1][safepoint    ] Application time: 1.0002566 seconds
[2019-06-24T10:32:56.177+0000][1][safepoint    ] Entering safepoint region: Cleanup
[2019-06-24T10:32:56.177+0000][1][safepoint    ] Leaving safepoint region
[2019-06-24T10:32:56.177+0000][1][safepoint    ] Total time for which application threads were stopped: 0.0002306 seconds, Stopping threads took: 0.0000646 seconds
[2019-06-24T10:32:57.177+0000][1][safepoint    ] Application time: 1.0001912 seconds
[2019-06-24T10:32:57.178+0000][1][safepoint    ] Entering safepoint region: Cleanup
[2019-06-24T10:32:57.178+0000][1][safepoint    ] Leaving safepoint region
[2019-06-24T10:32:57.178+0000][1][safepoint    ] Total time for which application threads were stopped: 0.0002048 seconds, Stopping threads took: 0.0000564 seconds
[2019-06-24T10:32:58.178+0000][1][safepoint    ] Application time: 1.0002436 seconds
[2019-06-24T10:32:58.178+0000][1][safepoint    ] Entering safepoint region: Cleanup
[2019-06-24T10:32:58.178+0000][1][safepoint    ] Leaving safepoint region
[2019-06-24T10:32:58.178+0000][1][safepoint    ] Total time for which application threads were stopped: 0.0002030 seconds, Stopping threads took: 0.0000563 seconds
[2019-06-24T10:32:59.179+0000][1][safepoint    ] Application time: 1.0002810 seconds
[2019-06-24T10:32:59.179+0000][1][safepoint    ] Entering safepoint region: Cleanup
[2019-06-24T10:32:59.179+0000][1][safepoint    ] Leaving safepoint region
[2019-06-24T10:32:59.179+0000][1][safepoint    ] Total time for which application threads were stopped: 0.0001489 seconds, Stopping threads took: 0.0000435 seconds
[2019-06-24T10:33:00.179+0000][1][safepoint    ] Application time: 1.0002042 seconds
[2019-06-24T10:33:00.179+0000][1][safepoint    ] Entering safepoint region: Cleanup
[2019-06-24T10:33:00.179+0000][1][safepoint    ] Leaving safepoint region
[2019-06-24T10:33:00.179+0000][1][safepoint    ] Total time for which application threads were stopped: 0.0002015 seconds, Stopping threads took: 0.0000570 seconds
[2019-06-24T10:33:01.180+0000][1][safepoint    ] Application time: 1.0002206 seconds
[2019-06-24T10:33:01.180+0000][1][safepoint    ] Entering safepoint region: Cleanup
[2019-06-24T10:33:01.180+0000][1][safepoint    ] Leaving safepoint region
[2019-06-24T10:33:01.180+0000][1][safepoint    ] Total time for which application threads were stopped: 0.0002286 seconds, Stopping threads took: 0.0000838 seconds
[2019-06-24T10:33:02.180+0000][1][safepoint    ] Application time: 1.0002502 seconds
[2019-06-24T10:33:02.180+0000][1][safepoint    ] Entering safepoint region: Cleanup
[2019-06-24T10:33:02.181+0000][1][safepoint    ] Leaving safepoint region
[2019-06-24T10:33:02.181+0000][1][safepoint    ] Total time for which application threads were stopped: 0.0002058 seconds, Stopping threads took: 0.0000579 seconds
[2019-06-24T10:33:03.181+0000][1][safepoint    ] Application time: 1.0002424 seconds
[2019-06-24T10:33:03.181+0000][1][safepoint    ] Entering safepoint region: Cleanup
[2019-06-24T10:33:03.181+0000][1][safepoint    ] Leaving safepoint region
[2019-06-24T10:33:03.181+0000][1][safepoint    ] Total time for which application threads were stopped: 0.0002059 seconds, Stopping threads took: 0.0000571 seconds
[2019-06-24T10:33:04.181+0000][1][safepoint    ] Application time: 1.0002426 seconds
[2019-06-24T10:33:04.182+0000][1][safepoint    ] Entering safepoint region: Cleanup
[2019-06-24T10:33:04.182+0000][1][safepoint    ] Leaving safepoint region
[2019-06-24T10:33:04.182+0000][1][safepoint    ] Total time for which application threads were stopped: 0.0002062 seconds, Stopping threads took: 0.0000566 seconds
[2019-06-24T10:33:05.182+0000][1][safepoint    ] Application time: 1.0002290 seconds
[2019-06-24T10:33:05.182+0000][1][safepoint    ] Entering safepoint region: Cleanup
[2019-06-24T10:33:05.182+0000][1][safepoint    ] Leaving safepoint region
[2019-06-24T10:33:05.182+0000][1][safepoint    ] Total time for which application threads were stopped: 0.0002018 seconds, Stopping threads took: 0.0000565 seconds
[2019-06-24T10:33:06.183+0000][1][safepoint    ] Application time: 1.0002532 seconds
[2019-06-24T10:33:06.183+0000][1][safepoint    ] Entering safepoint region: Cleanup
[2019-06-24T10:33:06.183+0000][1][safepoint    ] Leaving safepoint region
[2019-06-24T10:33:06.183+0000][1][safepoint    ] Total time for which application threads were stopped: 0.0002007 seconds, Stopping threads took: 0.0000578 seconds
[2019-06-24T10:33:07.183+0000][1][safepoint    ] Application time: 1.0002440 seconds
[2019-06-24T10:33:07.183+0000][1][safepoint    ] Entering safepoint region: Cleanup
[2019-06-24T10:33:07.183+0000][1][safepoint    ] Leaving safepoint region
[2019-06-24T10:33:07.183+0000][1][safepoint    ] Total time for which application threads were stopped: 0.0001969 seconds, Stopping threads took: 0.0000543 seconds
[2019-06-24T10:33:08.184+0000][1][safepoint    ] Application time: 1.0001368 seconds
[2019-06-24T10:33:08.184+0000][1][safepoint    ] Entering safepoint region: Cleanup
[2019-06-24T10:33:08.184+0000][1][safepoint    ] Leaving safepoint region
[2019-06-24T10:33:08.184+0000][1][safepoint    ] Total time for which application threads were stopped: 0.0002660 seconds, Stopping threads took: 0.0000731 seconds
[2019-06-24T10:33:09.192+0000][1][safepoint    ] Application time: 1.0082438 seconds
[2019-06-24T10:33:09.192+0000][1][safepoint    ] Entering safepoint region: Cleanup
[2019-06-24T10:33:09.193+0000][1][safepoint    ] Leaving safepoint region
[2019-06-24T10:33:09.193+0000][1][safepoint    ] Total time for which application threads were stopped: 0.0001996 seconds, Stopping threads took: 0.0000541 seconds
[2019-06-24T10:33:10.193+0000][1][safepoint    ] Application time: 1.0002458 seconds
[2019-06-24T10:33:10.193+0000][1][safepoint    ] Entering safepoint region: Cleanup
[2019-06-24T10:33:10.193+0000][1][safepoint    ] Leaving safepoint region
[2019-06-24T10:33:10.193+0000][1][safepoint    ] Total time for which application threads were stopped: 0.0002045 seconds, Stopping threads took: 0.0000567 seconds
[2019-06-24T10:33:11.193+0000][1][safepoint    ] Application time: 1.0002498 seconds
[2019-06-24T10:33:11.194+0000][1][safepoint    ] Entering safepoint region: Cleanup
[2019-06-24T10:33:11.194+0000][1][safepoint    ] Leaving safepoint region
[2019-06-24T10:33:11.194+0000][1][safepoint    ] Total time for which application threads were stopped: 0.0002023 seconds, Stopping threads took: 0.0000560 seconds
[2019-06-24T10:33:12.194+0000][1][safepoint    ] Application time: 1.0002555 seconds
[2019-06-24T10:33:12.194+0000][1][safepoint    ] Entering safepoint region: Cleanup
[2019-06-24T10:33:12.194+0000][1][safepoint    ] Leaving safepoint region
[2019-06-24T10:33:12.194+0000][1][safepoint    ] Total time for which application threads were stopped: 0.0001977 seconds, Stopping threads took: 0.0000546 seconds
[2019-06-24T10:33:13.195+0000][1][safepoint    ] Application time: 1.0002581 seconds
[2019-06-24T10:33:13.195+0000][1][safepoint    ] Entering safepoint region: Cleanup
[2019-06-24T10:33:13.195+0000][1][safepoint    ] Leaving safepoint region
[2019-06-24T10:33:13.195+0000][1][safepoint    ] Total time for which application threads were stopped: 0.0002051 seconds, Stopping threads took: 0.0000568 seconds
[2019-06-24T10:33:14.195+0000][1][safepoint    ] Application time: 1.0002521 seconds
[2019-06-24T10:33:14.195+0000][1][safepoint    ] Entering safepoint region: Cleanup
[2019-06-24T10:33:14.195+0000][1][safepoint    ] Leaving safepoint region
[2019-06-24T10:33:14.196+0000][1][safepoint    ] Total time for which application threads were stopped: 0.0002051 seconds, Stopping threads took: 0.0000561 seconds
[2019-06-24T10:33:15.196+0000][1][safepoint    ] Application time: 1.0002537 seconds
[2019-06-24T10:33:15.196+0000][1][safepoint    ] Entering safepoint region: Cleanup
[2019-06-24T10:33:15.196+0000][1][safepoint    ] Leaving safepoint region
[2019-06-24T10:33:15.196+0000][1][safepoint    ] Total time for which application threads were stopped: 0.0002034 seconds, Stopping threads took: 0.0000564 seconds
[2019-06-24T10:33:16.196+0000][1][safepoint    ] Application time: 1.0001900 seconds
[2019-06-24T10:33:16.196+0000][1][safepoint    ] Entering safepoint region: Cleanup
[2019-06-24T10:33:16.197+0000][1][safepoint    ] Leaving safepoint region
[2019-06-24T10:33:16.197+0000][1][safepoint    ] Total time for which application threads were stopped: 0.0002093 seconds, Stopping threads took: 0.0000570 seconds
[2019-06-24T10:33:17.197+0000][1][safepoint    ] Application time: 1.0002541 seconds
[2019-06-24T10:33:17.197+0000][1][safepoint    ] Entering safepoint region: Cleanup
[2019-06-24T10:33:17.197+0000][1][safepoint    ] Leaving safepoint region
[2019-06-24T10:33:17.197+0000][1][safepoint    ] Total time for which application threads were stopped: 0.0002042 seconds, Stopping threads took: 0.0000568 seconds
[2019-06-24T10:33:18.198+0000][1][safepoint    ] Application time: 1.0002199 seconds
[2019-06-24T10:33:18.198+0000][1][safepoint    ] Entering safepoint region: Cleanup
[2019-06-24T10:33:18.198+0000][1][safepoint    ] Leaving safepoint region
[2019-06-24T10:33:18.198+0000][1][safepoint    ] Total time for which application threads were stopped: 0.0001958 seconds, Stopping threads took: 0.0000534 seconds
[2019-06-24T10:33:19.198+0000][1][safepoint    ] Application time: 1.0002250 seconds
[2019-06-24T10:33:19.198+0000][1][safepoint    ] Entering safepoint region: Cleanup
[2019-06-24T10:33:19.198+0000][1][safepoint    ] Leaving safepoint region
[2019-06-24T10:33:19.198+0000][1][safepoint    ] Total time for which application threads were stopped: 0.0002041 seconds, Stopping threads took: 0.0000570 seconds
[2019-06-24T10:33:20.199+0000][1][safepoint    ] Application time: 1.0002300 seconds
[2019-06-24T10:33:20.199+0000][1][safepoint    ] Entering safepoint region: Cleanup
[2019-06-24T10:33:20.199+0000][1][safepoint    ] Leaving safepoint region
[2019-06-24T10:33:20.199+0000][1][safepoint    ] Total time for which application threads were stopped: 0.0001929 seconds, Stopping threads took: 0.0000535 seconds
[2019-06-24T10:33:21.199+0000][1][safepoint    ] Application time: 1.0002194 seconds
[2019-06-24T10:33:21.199+0000][1][safepoint    ] Entering safepoint region: Cleanup
[2019-06-24T10:33:21.199+0000][1][safepoint    ] Leaving safepoint region
[2019-06-24T10:33:21.199+0000][1][safepoint    ] Total time for which application threads were stopped: 0.0001962 seconds, Stopping threads took: 0.0000550 seconds
[2019-06-24T10:33:22.200+0000][1][safepoint    ] Application time: 1.0002840 seconds
[2019-06-24T10:33:22.200+0000][1][safepoint    ] Entering safepoint region: Cleanup
[2019-06-24T10:33:22.200+0000][1][safepoint    ] Leaving safepoint region
[2019-06-24T10:33:22.200+0000][1][safepoint    ] Total time for which application threads were stopped: 0.0001242 seconds, Stopping threads took: 0.0000284 seconds
[2019-06-24T10:33:23.200+0000][1][safepoint    ] Application time: 1.0001685 seconds
[2019-06-24T10:33:23.200+0000][1][safepoint    ] Entering safepoint region: Cleanup
[2019-06-24T10:33:23.200+0000][1][safepoint    ] Leaving safepoint region
[2019-06-24T10:33:23.200+0000][1][safepoint    ] Total time for which application threads were stopped: 0.0002073 seconds, Stopping threads took: 0.0000536 seconds
[2019-06-24T10:33:24.201+0000][1][safepoint    ] Application time: 1.0001190 seconds
[2019-06-24T10:33:24.201+0000][1][safepoint    ] Entering safepoint region: Cleanup
[2019-06-24T10:33:24.201+0000][1][safepoint    ] Leaving safepoint region
[2019-06-24T10:33:24.201+0000][1][safepoint    ] Total time for which application threads were stopped: 0.0001928 seconds, Stopping threads took: 0.0000549 seconds
[2019-06-24T10:33:25.201+0000][1][safepoint    ] Application time: 1.0001211 seconds
[2019-06-24T10:33:25.201+0000][1][safepoint    ] Entering safepoint region: Cleanup
[2019-06-24T10:33:25.201+0000][1][safepoint    ] Leaving safepoint region
[2019-06-24T10:33:25.201+0000][1][safepoint    ] Total time for which application threads were stopped: 0.0001950 seconds, Stopping threads took: 0.0000554 seconds
[2019-06-24T10:33:26.201+0000][1][safepoint    ] Application time: 1.0001187 seconds
[2019-06-24T10:33:26.202+0000][1][safepoint    ] Entering safepoint region: Cleanup
[2019-06-24T10:33:26.202+0000][1][safepoint    ] Leaving safepoint region
[2019-06-24T10:33:26.202+0000][1][safepoint    ] Total time for which application threads were stopped: 0.0001989 seconds, Stopping threads took: 0.0000544 seconds
[2019-06-24T10:33:27.202+0000][1][safepoint    ] Application time: 1.0001617 seconds
[2019-06-24T10:33:27.202+0000][1][safepoint    ] Entering safepoint region: Cleanup
[2019-06-24T10:33:27.202+0000][1][safepoint    ] Leaving safepoint region
[2019-06-24T10:33:27.202+0000][1][safepoint    ] Total time for which application threads were stopped: 0.0001945 seconds, Stopping threads took: 0.0000534 seconds
[2019-06-24T10:33:28.202+0000][1][safepoint    ] Application time: 1.0001155 seconds
[2019-06-24T10:33:28.202+0000][1][safepoint    ] Entering safepoint region: Cleanup
[2019-06-24T10:33:28.203+0000][1][safepoint    ] Leaving safepoint region
[2019-06-24T10:33:28.203+0000][1][safepoint    ] Total time for which application threads were stopped: 0.0002316 seconds, Stopping threads took: 0.0000962 seconds
[2019-06-24T10:33:29.203+0000][1][safepoint    ] Application time: 1.0001241 seconds
[2019-06-24T10:33:29.203+0000][1][safepoint    ] Entering safepoint region: Cleanup
[2019-06-24T10:33:29.203+0000][1][safepoint    ] Leaving safepoint region
[2019-06-24T10:33:29.203+0000][1][safepoint    ] Total time for which application threads were stopped: 0.0000974 seconds, Stopping threads took: 0.0000248 seconds
[2019-06-24T10:33:30.203+0000][1][safepoint    ] Application time: 1.0001511 seconds
[2019-06-24T10:33:30.203+0000][1][safepoint    ] Entering safepoint region: Cleanup
[2019-06-24T10:33:30.203+0000][1][safepoint    ] Leaving safepoint region
[2019-06-24T10:33:30.203+0000][1][safepoint    ] Total time for which application threads were stopped: 0.0002246 seconds, Stopping threads took: 0.0000592 seconds
[2019-06-24T10:33:31.204+0000][1][safepoint    ] Application time: 1.0001796 seconds
[2019-06-24T10:33:31.204+0000][1][safepoint    ] Entering safepoint region: Cleanup
[2019-06-24T10:33:31.204+0000][1][safepoint    ] Leaving safepoint region
[2019-06-24T10:33:31.204+0000][1][safepoint    ] Total time for which application threads were stopped: 0.0002930 seconds, Stopping threads took: 0.0001259 seconds
[2019-06-24T10:33:32.204+0000][1][safepoint    ] Application time: 1.0001732 seconds
[2019-06-24T10:33:32.204+0000][1][safepoint    ] Entering safepoint region: Cleanup
[2019-06-24T10:33:32.205+0000][1][safepoint    ] Leaving safepoint region
[2019-06-24T10:33:32.205+0000][1][safepoint    ] Total time for which application threads were stopped: 0.0002902 seconds, Stopping threads took: 0.0001007 seconds
[2019-06-24T10:33:33.205+0000][1][safepoint    ] Application time: 1.0001474 seconds
[2019-06-24T10:33:33.205+0000][1][safepoint    ] Entering safepoint region: Cleanup
[2019-06-24T10:33:33.205+0000][1][safepoint    ] Leaving safepoint region
[2019-06-24T10:33:33.205+0000][1][safepoint    ] Total time for which application threads were stopped: 0.0001357 seconds, Stopping threads took: 0.0000454 seconds
[2019-06-24T10:33:34.205+0000][1][safepoint    ] Application time: 1.0001561 seconds
[2019-06-24T10:33:34.205+0000][1][safepoint    ] Entering safepoint region: Cleanup
[2019-06-24T10:33:34.205+0000][1][safepoint    ] Leaving safepoint region
[2019-06-24T10:33:34.206+0000][1][safepoint    ] Total time for which application threads were stopped: 0.0002539 seconds, Stopping threads took: 0.0000894 seconds
[2019-06-24T10:33:35.206+0000][1][safepoint    ] Application time: 1.0001644 seconds
[2019-06-24T10:33:35.206+0000][1][safepoint    ] Entering safepoint region: Cleanup
[2019-06-24T10:33:35.206+0000][1][safepoint    ] Leaving safepoint region
[2019-06-24T10:33:35.206+0000][1][safepoint    ] Total time for which application threads were stopped: 0.0002162 seconds, Stopping threads took: 0.0000776 seconds
[2019-06-24T10:33:36.206+0000][1][safepoint    ] Application time: 1.0001698 seconds
[2019-06-24T10:33:36.206+0000][1][safepoint    ] Entering safepoint region: Cleanup
[2019-06-24T10:33:36.207+0000][1][safepoint    ] Leaving safepoint region
[2019-06-24T10:33:36.207+0000][1][safepoint    ] Total time for which application threads were stopped: 0.0002804 seconds, Stopping threads took: 0.0000752 seconds
[2019-06-24T10:33:37.207+0000][1][safepoint    ] Application time: 1.0001230 seconds
[2019-06-24T10:33:37.207+0000][1][safepoint    ] Entering safepoint region: Cleanup
[2019-06-24T10:33:37.207+0000][1][safepoint    ] Leaving safepoint region
[2019-06-24T10:33:37.207+0000][1][safepoint    ] Total time for which application threads were stopped: 0.0002099 seconds, Stopping threads took: 0.0000580 seconds
[2019-06-24T10:33:38.207+0000][1][safepoint    ] Application time: 1.0001818 seconds
[2019-06-24T10:33:38.207+0000][1][safepoint    ] Entering safepoint region: Cleanup
[2019-06-24T10:33:38.208+0000][1][safepoint    ] Leaving safepoint region
[2019-06-24T10:33:38.208+0000][1][safepoint    ] Total time for which application threads were stopped: 0.0002179 seconds, Stopping threads took: 0.0000622 seconds
[2019-06-24T10:33:39.208+0000][1][safepoint    ] Application time: 1.0001809 seconds
[2019-06-24T10:33:39.208+0000][1][safepoint    ] Entering safepoint region: Cleanup
[2019-06-24T10:33:39.208+0000][1][safepoint    ] Leaving safepoint region
[2019-06-24T10:33:39.208+0000][1][safepoint    ] Total time for which application threads were stopped: 0.0002221 seconds, Stopping threads took: 0.0000630 seconds
[2019-06-24T10:33:40.208+0000][1][safepoint    ] Application time: 1.0001315 seconds
[2019-06-24T10:33:40.208+0000][1][safepoint    ] Entering safepoint region: Cleanup
[2019-06-24T10:33:40.209+0000][1][safepoint    ] Leaving safepoint region
[2019-06-24T10:33:40.209+0000][1][safepoint    ] Total time for which application threads were stopped: 0.0002152 seconds, Stopping threads took: 0.0000611 seconds
[2019-06-24T10:33:41.209+0000][1][safepoint    ] Application time: 1.0001262 seconds
[2019-06-24T10:33:41.209+0000][1][safepoint    ] Entering safepoint region: Cleanup
[2019-06-24T10:33:41.209+0000][1][safepoint    ] Leaving safepoint region
[2019-06-24T10:33:41.209+0000][1][safepoint    ] Total time for which application threads were stopped: 0.0002201 seconds, Stopping threads took: 0.0000605 seconds
[2019-06-24T10:33:42.209+0000][1][safepoint    ] Application time: 1.0001372 seconds
[2019-06-24T10:33:42.209+0000][1][safepoint    ] Entering safepoint region: Cleanup
[2019-06-24T10:33:42.209+0000][1][safepoint    ] Leaving safepoint region
[2019-06-24T10:33:42.209+0000][1][safepoint    ] Total time for which application threads were stopped: 0.0000944 seconds, Stopping threads took: 0.0000260 seconds
[2019-06-24T10:33:43.210+0000][1][safepoint    ] Application time: 1.0001387 seconds
[2019-06-24T10:33:43.210+0000][1][safepoint    ] Entering safepoint region: Cleanup
[2019-06-24T10:33:43.210+0000][1][safepoint    ] Leaving safepoint region
[2019-06-24T10:33:43.210+0000][1][safepoint    ] Total time for which application threads were stopped: 0.0003272 seconds, Stopping threads took: 0.0001625 seconds
[2019-06-24T10:33:44.210+0000][1][safepoint    ] Application time: 1.0001779 seconds
[2019-06-24T10:33:44.211+0000][1][safepoint    ] Entering safepoint region: Cleanup
[2019-06-24T10:33:44.211+0000][1][safepoint    ] Leaving safepoint region
[2019-06-24T10:33:44.211+0000][1][safepoint    ] Total time for which application threads were stopped: 0.0004115 seconds, Stopping threads took: 0.0002362 seconds
[2019-06-24T10:33:45.211+0000][1][safepoint    ] Application time: 1.0001731 seconds
[2019-06-24T10:33:45.211+0000][1][safepoint    ] Entering safepoint region: Cleanup
[2019-06-24T10:33:45.211+0000][1][safepoint    ] Leaving safepoint region
[2019-06-24T10:33:45.211+0000][1][safepoint    ] Total time for which application threads were stopped: 0.0002830 seconds, Stopping threads took: 0.0000872 seconds
[2019-06-24T10:33:46.212+0000][1][safepoint    ] Application time: 1.0001922 seconds
[2019-06-24T10:33:46.212+0000][1][safepoint    ] Entering safepoint region: Cleanup
[2019-06-24T10:33:46.212+0000][1][safepoint    ] Leaving safepoint region
[2019-06-24T10:33:46.212+0000][1][safepoint    ] Total time for which application threads were stopped: 0.0002882 seconds, Stopping threads took: 0.0000740 seconds
[2019-06-24T10:33:47.212+0000][1][safepoint    ] Application time: 1.0002200 seconds
[2019-06-24T10:33:47.213+0000][1][safepoint    ] Entering safepoint region: Cleanup
[2019-06-24T10:33:47.213+0000][1][safepoint    ] Leaving safepoint region
[2019-06-24T10:33:47.213+0000][1][safepoint    ] Total time for which application threads were stopped: 0.0003002 seconds, Stopping threads took: 0.0000710 seconds
[2019-06-24T10:33:48.213+0000][1][safepoint    ] Application time: 1.0002866 seconds
[2019-06-24T10:33:48.213+0000][1][safepoint    ] Entering safepoint region: Cleanup
[2019-06-24T10:33:48.213+0000][1][safepoint    ] Leaving safepoint region
[2019-06-24T10:33:48.213+0000][1][safepoint    ] Total time for which application threads were stopped: 0.0002606 seconds, Stopping threads took: 0.0000689 seconds
[2019-06-24T10:33:49.214+0000][1][safepoint    ] Application time: 1.0002738 seconds
[2019-06-24T10:33:49.214+0000][1][safepoint    ] Entering safepoint region: Cleanup
[2019-06-24T10:33:49.214+0000][1][safepoint    ] Leaving safepoint region
[2019-06-24T10:33:49.214+0000][1][safepoint    ] Total time for which application threads were stopped: 0.0002266 seconds, Stopping threads took: 0.0000640 seconds
[2019-06-24T10:33:50.214+0000][1][safepoint    ] Application time: 1.0001977 seconds
[2019-06-24T10:33:50.215+0000][1][safepoint    ] Entering safepoint region: Cleanup
[2019-06-24T10:33:50.215+0000][1][safepoint    ] Leaving safepoint region
[2019-06-24T10:33:50.215+0000][1][safepoint    ] Total time for which application threads were stopped: 0.0002368 seconds, Stopping threads took: 0.0000697 seconds
[2019-06-24T10:33:51.215+0000][1][safepoint    ] Application time: 1.0002689 seconds
[2019-06-24T10:33:51.215+0000][1][safepoint    ] Entering safepoint region: Cleanup
[2019-06-24T10:33:51.215+0000][1][safepoint    ] Leaving safepoint region
[2019-06-24T10:33:51.215+0000][1][safepoint    ] Total time for which application threads were stopped: 0.0002305 seconds, Stopping threads took: 0.0000641 seconds
[2019-06-24T10:33:52.216+0000][1][safepoint    ] Application time: 1.0002711 seconds
[2019-06-24T10:33:52.216+0000][1][safepoint    ] Entering safepoint region: Cleanup
[2019-06-24T10:33:52.216+0000][1][safepoint    ] Leaving safepoint region
[2019-06-24T10:33:52.216+0000][1][safepoint    ] Total time for which application threads were stopped: 0.0002319 seconds, Stopping threads took: 0.0000650 seconds
[2019-06-24T10:33:53.216+0000][1][safepoint    ] Application time: 1.0002639 seconds
[2019-06-24T10:33:53.216+0000][1][safepoint    ] Entering safepoint region: Cleanup
[2019-06-24T10:33:53.217+0000][1][safepoint    ] Leaving safepoint region
[2019-06-24T10:33:53.217+0000][1][safepoint    ] Total time for which application threads were stopped: 0.0002327 seconds, Stopping threads took: 0.0000647 seconds
[2019-06-24T10:33:54.217+0000][1][safepoint    ] Application time: 1.0002287 seconds
[2019-06-24T10:33:54.217+0000][1][safepoint    ] Entering safepoint region: Cleanup
[2019-06-24T10:33:54.217+0000][1][safepoint    ] Leaving safepoint region
[2019-06-24T10:33:54.217+0000][1][safepoint    ] Total time for which application threads were stopped: 0.0002329 seconds, Stopping threads took: 0.0000653 seconds
[2019-06-24T10:33:55.218+0000][1][safepoint    ] Application time: 1.0002691 seconds
[2019-06-24T10:33:55.218+0000][1][safepoint    ] Entering safepoint region: Cleanup
[2019-06-24T10:33:55.218+0000][1][safepoint    ] Leaving safepoint region
[2019-06-24T10:33:55.218+0000][1][safepoint    ] Total time for which application threads were stopped: 0.0002278 seconds, Stopping threads took: 0.0000642 seconds
[2019-06-24T10:33:56.218+0000][1][safepoint    ] Application time: 1.0002668 seconds
[2019-06-24T10:33:56.218+0000][1][safepoint    ] Entering safepoint region: Cleanup
[2019-06-24T10:33:56.219+0000][1][safepoint    ] Leaving safepoint region
[2019-06-24T10:33:56.219+0000][1][safepoint    ] Total time for which application threads were stopped: 0.0003249 seconds, Stopping threads took: 0.0000645 seconds
[2019-06-24T10:33:57.219+0000][1][safepoint    ] Application time: 1.0001205 seconds
[2019-06-24T10:33:57.219+0000][1][safepoint    ] Entering safepoint region: Cleanup
[2019-06-24T10:33:57.219+0000][1][safepoint    ] Leaving safepoint region
[2019-06-24T10:33:57.219+0000][1][safepoint    ] Total time for which application threads were stopped: 0.0001958 seconds, Stopping threads took: 0.0000593 seconds
[2019-06-24T10:33:58.219+0000][1][safepoint    ] Application time: 1.0001859 seconds
[2019-06-24T10:33:58.220+0000][1][safepoint    ] Entering safepoint region: Cleanup
[2019-06-24T10:33:58.220+0000][1][safepoint    ] Leaving safepoint region
[2019-06-24T10:33:58.220+0000][1][safepoint    ] Total time for which application threads were stopped: 0.0002286 seconds, Stopping threads took: 0.0000652 seconds
[2019-06-24T10:33:59.220+0000][1][safepoint    ] Application time: 1.0002677 seconds
[2019-06-24T10:33:59.220+0000][1][safepoint    ] Entering safepoint region: Cleanup
[2019-06-24T10:33:59.220+0000][1][safepoint    ] Leaving safepoint region
[2019-06-24T10:33:59.220+0000][1][safepoint    ] Total time for which application threads were stopped: 0.0002316 seconds, Stopping threads took: 0.0000656 seconds
[2019-06-24T10:34:00.221+0000][1][safepoint    ] Application time: 1.0002642 seconds
[2019-06-24T10:34:00.221+0000][1][safepoint    ] Entering safepoint region: Cleanup
[2019-06-24T10:34:00.221+0000][1][safepoint    ] Leaving safepoint region
[2019-06-24T10:34:00.221+0000][1][safepoint    ] Total time for which application threads were stopped: 0.0002332 seconds, Stopping threads took: 0.0000670 seconds
[2019-06-24T10:34:01.221+0000][1][safepoint    ] Application time: 1.0002719 seconds
[2019-06-24T10:34:01.221+0000][1][safepoint    ] Entering safepoint region: Cleanup
[2019-06-24T10:34:01.222+0000][1][safepoint    ] Leaving safepoint region
[2019-06-24T10:34:01.222+0000][1][safepoint    ] Total time for which application threads were stopped: 0.0002362 seconds, Stopping threads took: 0.0000662 seconds
[2019-06-24T10:34:02.222+0000][1][safepoint    ] Application time: 1.0002696 seconds
[2019-06-24T10:34:02.222+0000][1][safepoint    ] Entering safepoint region: Cleanup
[2019-06-24T10:34:02.222+0000][1][safepoint    ] Leaving safepoint region
[2019-06-24T10:34:02.222+0000][1][safepoint    ] Total time for which application threads were stopped: 0.0002338 seconds, Stopping threads took: 0.0000648 seconds
[2019-06-24T10:34:03.223+0000][1][safepoint    ] Application time: 1.0002257 seconds
[2019-06-24T10:34:03.223+0000][1][safepoint    ] Entering safepoint region: Cleanup
[2019-06-24T10:34:03.223+0000][1][safepoint    ] Leaving safepoint region
[2019-06-24T10:34:03.223+0000][1][safepoint    ] Total time for which application threads were stopped: 0.0002742 seconds, Stopping threads took: 0.0000844 seconds
[2019-06-24T10:34:04.223+0000][1][safepoint    ] Application time: 1.0002709 seconds
[2019-06-24T10:34:04.223+0000][1][safepoint    ] Entering safepoint region: Cleanup
[2019-06-24T10:34:04.224+0000][1][safepoint    ] Leaving safepoint region
[2019-06-24T10:34:04.224+0000][1][safepoint    ] Total time for which application threads were stopped: 0.0003025 seconds, Stopping threads took: 0.0001047 seconds
[2019-06-24T10:34:05.224+0000][1][safepoint    ] Application time: 1.0002832 seconds
[2019-06-24T10:34:05.224+0000][1][safepoint    ] Entering safepoint region: Cleanup
[2019-06-24T10:34:05.224+0000][1][safepoint    ] Leaving safepoint region
[2019-06-24T10:34:05.224+0000][1][safepoint    ] Total time for which application threads were stopped: 0.0002992 seconds, Stopping threads took: 0.0001059 seconds
[2019-06-24T10:34:06.225+0000][1][safepoint    ] Application time: 1.0002769 seconds
[2019-06-24T10:34:06.225+0000][1][safepoint    ] Entering safepoint region: Cleanup
[2019-06-24T10:34:06.225+0000][1][safepoint    ] Leaving safepoint region
[2019-06-24T10:34:06.225+0000][1][safepoint    ] Total time for which application threads were stopped: 0.0003008 seconds, Stopping threads took: 0.0001051 seconds
[2019-06-24T10:34:07.225+0000][1][safepoint    ] Application time: 1.0002771 seconds
[2019-06-24T10:34:07.226+0000][1][safepoint    ] Entering safepoint region: Cleanup
[2019-06-24T10:34:07.226+0000][1][safepoint    ] Leaving safepoint region
[2019-06-24T10:34:07.226+0000][1][safepoint    ] Total time for which application threads were stopped: 0.0003397 seconds, Stopping threads took: 0.0001530 seconds
[2019-06-24T10:34:08.226+0000][1][safepoint    ] Application time: 1.0002740 seconds
[2019-06-24T10:34:08.226+0000][1][safepoint    ] Entering safepoint region: Cleanup
[2019-06-24T10:34:08.227+0000][1][safepoint    ] Leaving safepoint region
[2019-06-24T10:34:08.227+0000][1][safepoint    ] Total time for which application threads were stopped: 0.0003920 seconds, Stopping threads took: 0.0001599 seconds
[2019-06-24T10:34:09.227+0000][1][safepoint    ] Application time: 1.0002817 seconds
[2019-06-24T10:34:09.227+0000][1][safepoint    ] Entering safepoint region: Cleanup
[2019-06-24T10:34:09.227+0000][1][safepoint    ] Leaving safepoint region
[2019-06-24T10:34:09.228+0000][1][safepoint    ] Total time for which application threads were stopped: 0.0002795 seconds, Stopping threads took: 0.0000828 seconds
[2019-06-24T10:34:10.228+0000][1][safepoint    ] Application time: 1.0002670 seconds
[2019-06-24T10:34:10.228+0000][1][safepoint    ] Entering safepoint region: Cleanup
[2019-06-24T10:34:10.228+0000][1][safepoint    ] Leaving safepoint region
[2019-06-24T10:34:10.228+0000][1][safepoint    ] Total time for which application threads were stopped: 0.0002991 seconds, Stopping threads took: 0.0000951 seconds
[2019-06-24T10:34:11.229+0000][1][safepoint    ] Application time: 1.0002700 seconds
[2019-06-24T10:34:11.229+0000][1][safepoint    ] Entering safepoint region: Cleanup
[2019-06-24T10:34:11.229+0000][1][safepoint    ] Leaving safepoint region
[2019-06-24T10:34:11.229+0000][1][safepoint    ] Total time for which application threads were stopped: 0.0002804 seconds, Stopping threads took: 0.0000832 seconds
[2019-06-24T10:34:12.229+0000][1][safepoint    ] Application time: 1.0002613 seconds
[2019-06-24T10:34:12.229+0000][1][safepoint    ] Entering safepoint region: Cleanup
[2019-06-24T10:34:12.230+0000][1][safepoint    ] Leaving safepoint region
[2019-06-24T10:34:12.230+0000][1][safepoint    ] Total time for which application threads were stopped: 0.0002284 seconds, Stopping threads took: 0.0000637 seconds
[2019-06-24T10:34:13.230+0000][1][safepoint    ] Application time: 1.0002229 seconds
[2019-06-24T10:34:13.230+0000][1][safepoint    ] Entering safepoint region: Cleanup
[2019-06-24T10:34:13.230+0000][1][safepoint    ] Leaving safepoint region
[2019-06-24T10:34:13.230+0000][1][safepoint    ] Total time for which application threads were stopped: 0.0002278 seconds, Stopping threads took: 0.0000630 seconds
[2019-06-24T10:34:14.268+0000][1][safepoint    ] Application time: 1.0375864 seconds
[2019-06-24T10:34:14.268+0000][1][safepoint    ] Entering safepoint region: Cleanup
[2019-06-24T10:34:14.268+0000][1][safepoint    ] Leaving safepoint region
[2019-06-24T10:34:14.268+0000][1][safepoint    ] Total time for which application threads were stopped: 0.0002027 seconds, Stopping threads took: 0.0000567 seconds
[2019-06-24T10:34:15.268+0000][1][safepoint    ] Application time: 1.0002500 seconds
[2019-06-24T10:34:15.269+0000][1][safepoint    ] Entering safepoint region: Cleanup
[2019-06-24T10:34:15.269+0000][1][safepoint    ] Leaving safepoint region
[2019-06-24T10:34:15.269+0000][1][safepoint    ] Total time for which application threads were stopped: 0.0002053 seconds, Stopping threads took: 0.0000565 seconds
[2019-06-24T10:34:16.269+0000][1][safepoint    ] Application time: 1.0002457 seconds
[2019-06-24T10:34:16.269+0000][1][safepoint    ] Entering safepoint region: Cleanup
[2019-06-24T10:34:16.269+0000][1][safepoint    ] Leaving safepoint region
[2019-06-24T10:34:16.269+0000][1][safepoint    ] Total time for which application threads were stopped: 0.0002078 seconds, Stopping threads took: 0.0000563 seconds
[2019-06-24T10:34:17.270+0000][1][safepoint    ] Application time: 1.0002507 seconds
[2019-06-24T10:34:17.270+0000][1][safepoint    ] Entering safepoint region: Cleanup
[2019-06-24T10:34:17.270+0000][1][safepoint    ] Leaving safepoint region
[2019-06-24T10:34:17.270+0000][1][safepoint    ] Total time for which application threads were stopped: 0.0002068 seconds, Stopping threads took: 0.0000572 seconds
[2019-06-24T10:34:18.270+0000][1][safepoint    ] Application time: 1.0002446 seconds
[2019-06-24T10:34:18.270+0000][1][safepoint    ] Entering safepoint region: Cleanup
[2019-06-24T10:34:18.270+0000][1][safepoint    ] Leaving safepoint region
[2019-06-24T10:34:18.270+0000][1][safepoint    ] Total time for which application threads were stopped: 0.0002044 seconds, Stopping threads took: 0.0000562 seconds
[2019-06-24T10:34:19.271+0000][1][safepoint    ] Application time: 1.0000961 seconds
[2019-06-24T10:34:19.271+0000][1][safepoint    ] Entering safepoint region: Cleanup
[2019-06-24T10:34:19.271+0000][1][safepoint    ] Leaving safepoint region
[2019-06-24T10:34:19.271+0000][1][safepoint    ] Total time for which application threads were stopped: 0.0000922 seconds, Stopping threads took: 0.0000241 seconds
[2019-06-24T10:34:20.271+0000][1][safepoint    ] Application time: 1.0001540 seconds
[2019-06-24T10:34:20.271+0000][1][safepoint    ] Entering safepoint region: Cleanup
[2019-06-24T10:34:20.271+0000][1][safepoint    ] Leaving safepoint region
[2019-06-24T10:34:20.271+0000][1][safepoint    ] Total time for which application threads were stopped: 0.0001950 seconds, Stopping threads took: 0.0000545 seconds
[2019-06-24T10:34:21.272+0000][1][safepoint    ] Application time: 1.0002489 seconds
[2019-06-24T10:34:21.272+0000][1][safepoint    ] Entering safepoint region: Cleanup
[2019-06-24T10:34:21.272+0000][1][safepoint    ] Leaving safepoint region
[2019-06-24T10:34:21.272+0000][1][safepoint    ] Total time for which application threads were stopped: 0.0002042 seconds, Stopping threads took: 0.0000559 seconds
[2019-06-24T10:34:22.272+0000][1][safepoint    ] Application time: 1.0001228 seconds
[2019-06-24T10:34:22.272+0000][1][safepoint    ] Entering safepoint region: Cleanup
[2019-06-24T10:34:22.272+0000][1][safepoint    ] Leaving safepoint region
[2019-06-24T10:34:22.272+0000][1][safepoint    ] Total time for which application threads were stopped: 0.0001995 seconds, Stopping threads took: 0.0000571 seconds
[2019-06-24T10:34:23.272+0000][1][safepoint    ] Application time: 1.0001178 seconds
[2019-06-24T10:34:23.273+0000][1][safepoint    ] Entering safepoint region: Cleanup
[2019-06-24T10:34:23.273+0000][1][safepoint    ] Leaving safepoint region
[2019-06-24T10:34:23.273+0000][1][safepoint    ] Total time for which application threads were stopped: 0.0001996 seconds, Stopping threads took: 0.0000547 seconds
[2019-06-24T10:34:24.273+0000][1][safepoint    ] Application time: 1.0001179 seconds
[2019-06-24T10:34:24.273+0000][1][safepoint    ] Entering safepoint region: Cleanup
[2019-06-24T10:34:24.273+0000][1][safepoint    ] Leaving safepoint region
[2019-06-24T10:34:24.273+0000][1][safepoint    ] Total time for which application threads were stopped: 0.0001948 seconds, Stopping threads took: 0.0000537 seconds
[2019-06-24T10:34:25.260+0000][1][safepoint    ] Application time: 0.9871093 seconds
[2019-06-24T10:34:25.260+0000][1][safepoint    ] Entering safepoint region: GenCollectForAllocation
[2019-06-24T10:34:25.261+0000][1][gc,start     ] GC(42) Pause Young (Allocation Failure)
[2019-06-24T10:34:25.261+0000][1][gc,task      ] GC(42) Using 5 workers of 8 for evacuation
[2019-06-24T10:34:25.264+0000][1][gc,age       ] GC(42) Desired survivor size 4456448 bytes, new threshold 6 (max threshold 6)
[2019-06-24T10:34:25.264+0000][1][gc,age       ] GC(42) Age table with threshold 6 (max threshold 6)
[2019-06-24T10:34:25.264+0000][1][gc,age       ] GC(42) - age   1:       3624 bytes,       3624 total
[2019-06-24T10:34:25.264+0000][1][gc,age       ] GC(42) - age   2:        120 bytes,       3744 total
[2019-06-24T10:34:25.264+0000][1][gc,age       ] GC(42) - age   6:       1632 bytes,       5376 total
[2019-06-24T10:34:25.264+0000][1][gc,heap      ] GC(42) ParNew: 69966K->12K(78656K)
[2019-06-24T10:34:25.264+0000][1][gc,heap      ] GC(42) CMS: 69615K->69616K(174784K)
[2019-06-24T10:34:25.264+0000][1][gc,metaspace ] GC(42) Metaspace: 68175K->68175K(1112064K)
[2019-06-24T10:34:25.264+0000][1][gc           ] GC(42) Pause Young (Allocation Failure) 136M->67M(247M) 3.289ms
[2019-06-24T10:34:25.264+0000][1][gc,cpu       ] GC(42) User=0.01s Sys=0.00s Real=0.01s
[2019-06-24T10:34:25.264+0000][1][safepoint    ] Leaving safepoint region
[2019-06-24T10:34:25.264+0000][1][safepoint    ] Total time for which application threads were stopped: 0.0039175 seconds, Stopping threads took: 0.0001144 seconds
[2019-06-24T10:34:26.265+0000][1][safepoint    ] Application time: 1.0002523 seconds
[2019-06-24T10:34:26.265+0000][1][safepoint    ] Entering safepoint region: Cleanup
[2019-06-24T10:34:26.265+0000][1][safepoint    ] Leaving safepoint region
[2019-06-24T10:34:26.265+0000][1][safepoint    ] Total time for which application threads were stopped: 0.0002944 seconds, Stopping threads took: 0.0001040 seconds
[2019-06-24T10:34:27.265+0000][1][safepoint    ] Application time: 1.0001482 seconds
[2019-06-24T10:34:27.265+0000][1][safepoint    ] Entering safepoint region: Cleanup
[2019-06-24T10:34:27.266+0000][1][safepoint    ] Leaving safepoint region
[2019-06-24T10:34:27.266+0000][1][safepoint    ] Total time for which application threads were stopped: 0.0002936 seconds, Stopping threads took: 0.0001044 seconds
[2019-06-24T10:34:28.266+0000][1][safepoint    ] Application time: 1.0001902 seconds
[2019-06-24T10:34:28.266+0000][1][safepoint    ] Entering safepoint region: Cleanup
[2019-06-24T10:34:28.266+0000][1][safepoint    ] Leaving safepoint region
[2019-06-24T10:34:28.266+0000][1][safepoint    ] Total time for which application threads were stopped: 0.0003015 seconds, Stopping threads took: 0.0001034 seconds
[2019-06-24T10:34:29.267+0000][1][safepoint    ] Application time: 1.0003262 seconds
[2019-06-24T10:34:29.267+0000][1][safepoint    ] Entering safepoint region: Cleanup
[2019-06-24T10:34:29.267+0000][1][safepoint    ] Leaving safepoint region
[2019-06-24T10:34:29.267+0000][1][safepoint    ] Total time for which application threads were stopped: 0.0003015 seconds, Stopping threads took: 0.0001093 seconds
[2019-06-24T10:34:30.267+0000][1][safepoint    ] Application time: 1.0002325 seconds
[2019-06-24T10:34:30.267+0000][1][safepoint    ] Entering safepoint region: Cleanup
[2019-06-24T10:34:30.268+0000][1][safepoint    ] Leaving safepoint region
[2019-06-24T10:34:30.268+0000][1][safepoint    ] Total time for which application threads were stopped: 0.0002724 seconds, Stopping threads took: 0.0000814 seconds
[2019-06-24T10:34:31.268+0000][1][safepoint    ] Application time: 1.0001984 seconds
[2019-06-24T10:34:31.268+0000][1][safepoint    ] Entering safepoint region: Cleanup
[2019-06-24T10:34:31.268+0000][1][safepoint    ] Leaving safepoint region
[2019-06-24T10:34:31.268+0000][1][safepoint    ] Total time for which application threads were stopped: 0.0002843 seconds, Stopping threads took: 0.0000814 seconds
[2019-06-24T10:34:32.269+0000][1][safepoint    ] Application time: 1.0002643 seconds
[2019-06-24T10:34:32.269+0000][1][safepoint    ] Entering safepoint region: Cleanup
[2019-06-24T10:34:32.269+0000][1][safepoint    ] Leaving safepoint region
[2019-06-24T10:34:32.269+0000][1][safepoint    ] Total time for which application threads were stopped: 0.0002837 seconds, Stopping threads took: 0.0000864 seconds
[2019-06-24T10:34:33.269+0000][1][safepoint    ] Application time: 1.0002654 seconds
[2019-06-24T10:34:33.269+0000][1][safepoint    ] Entering safepoint region: Cleanup
[2019-06-24T10:34:33.270+0000][1][safepoint    ] Leaving safepoint region
[2019-06-24T10:34:33.270+0000][1][safepoint    ] Total time for which application threads were stopped: 0.0002732 seconds, Stopping threads took: 0.0000806 seconds
[2019-06-24T10:34:34.270+0000][1][safepoint    ] Application time: 1.0002020 seconds
[2019-06-24T10:34:34.270+0000][1][safepoint    ] Entering safepoint region: Cleanup
[2019-06-24T10:34:34.270+0000][1][safepoint    ] Leaving safepoint region
[2019-06-24T10:34:34.270+0000][1][safepoint    ] Total time for which application threads were stopped: 0.0003157 seconds, Stopping threads took: 0.0001309 seconds
[2019-06-24T10:34:35.271+0000][1][safepoint    ] Application time: 1.0002841 seconds
[2019-06-24T10:34:35.271+0000][1][safepoint    ] Entering safepoint region: Cleanup
[2019-06-24T10:34:35.271+0000][1][safepoint    ] Leaving safepoint region
[2019-06-24T10:34:35.271+0000][1][safepoint    ] Total time for which application threads were stopped: 0.0002333 seconds, Stopping threads took: 0.0000645 seconds
[2019-06-24T10:34:36.271+0000][1][safepoint    ] Application time: 1.0002479 seconds
[2019-06-24T10:34:36.271+0000][1][safepoint    ] Entering safepoint region: Cleanup
[2019-06-24T10:34:36.272+0000][1][safepoint    ] Leaving safepoint region
[2019-06-24T10:34:36.272+0000][1][safepoint    ] Total time for which application threads were stopped: 0.0002322 seconds, Stopping threads took: 0.0000638 seconds
[2019-06-24T10:34:37.272+0000][1][safepoint    ] Application time: 1.0001378 seconds
[2019-06-24T10:34:37.272+0000][1][safepoint    ] Entering safepoint region: Cleanup
[2019-06-24T10:34:37.272+0000][1][safepoint    ] Leaving safepoint region
[2019-06-24T10:34:37.272+0000][1][safepoint    ] Total time for which application threads were stopped: 0.0000920 seconds, Stopping threads took: 0.0000266 seconds
[2019-06-24T10:34:38.272+0000][1][safepoint    ] Application time: 1.0001609 seconds
[2019-06-24T10:34:38.272+0000][1][safepoint    ] Entering safepoint region: Cleanup
[2019-06-24T10:34:38.272+0000][1][safepoint    ] Leaving safepoint region
[2019-06-24T10:34:38.272+0000][1][safepoint    ] Total time for which application threads were stopped: 0.0002409 seconds, Stopping threads took: 0.0000914 seconds
[2019-06-24T10:34:39.273+0000][1][safepoint    ] Application time: 1.0001846 seconds
[2019-06-24T10:34:39.273+0000][1][safepoint    ] Entering safepoint region: Cleanup
[2019-06-24T10:34:39.273+0000][1][safepoint    ] Leaving safepoint region
[2019-06-24T10:34:39.273+0000][1][safepoint    ] Total time for which application threads were stopped: 0.0002217 seconds, Stopping threads took: 0.0000655 seconds
[2019-06-24T10:34:48.275+0000][1][safepoint    ] Application time: 9.0015482 seconds
[2019-06-24T10:34:48.276+0000][1][safepoint    ] Entering safepoint region: Cleanup
[2019-06-24T10:34:48.276+0000][1][safepoint    ] Leaving safepoint region
[2019-06-24T10:34:48.276+0000][1][safepoint    ] Total time for which application threads were stopped: 0.0003400 seconds, Stopping threads took: 0.0000924 seconds
[2019-06-24T10:34:54.277+0000][1][safepoint    ] Application time: 6.0011224 seconds
[2019-06-24T10:34:54.278+0000][1][safepoint    ] Entering safepoint region: Cleanup
[2019-06-24T10:34:54.278+0000][1][safepoint    ] Leaving safepoint region
[2019-06-24T10:34:54.278+0000][1][safepoint    ] Total time for which application threads were stopped: 0.0001775 seconds, Stopping threads took: 0.0000535 seconds
[2019-06-24T10:35:16.282+0000][1][safepoint    ] Application time: 22.0033833 seconds
[2019-06-24T10:35:16.283+0000][1][safepoint    ] Entering safepoint region: Cleanup
[2019-06-24T10:35:16.283+0000][1][safepoint    ] Leaving safepoint region
[2019-06-24T10:35:16.283+0000][1][safepoint    ] Total time for which application threads were stopped: 0.0003989 seconds, Stopping threads took: 0.0001734 seconds
[2019-06-24T10:35:24.284+0000][1][safepoint    ] Application time: 8.0013389 seconds
[2019-06-24T10:35:24.285+0000][1][safepoint    ] Entering safepoint region: Cleanup
[2019-06-24T10:35:24.285+0000][1][safepoint    ] Leaving safepoint region
[2019-06-24T10:35:24.285+0000][1][safepoint    ] Total time for which application threads were stopped: 0.0003263 seconds, Stopping threads took: 0.0001338 seconds
[2019-06-24T10:35:57.291+0000][1][safepoint    ] Application time: 33.0061323 seconds
[2019-06-24T10:35:57.292+0000][1][safepoint    ] Entering safepoint region: Cleanup
[2019-06-24T10:35:57.293+0000][1][safepoint    ] Leaving safepoint region
[2019-06-24T10:35:57.293+0000][1][safepoint    ] Total time for which application threads were stopped: 0.0003539 seconds, Stopping threads took: 0.0001512 seconds
[2019-06-24T10:36:29.102+0000][1][safepoint    ] Application time: 31.8093555 seconds
[2019-06-24T10:36:29.103+0000][1][safepoint    ] Entering safepoint region: GenCollectForAllocation
[2019-06-24T10:36:29.104+0000][1][gc,start     ] GC(43) Pause Young (Allocation Failure)
[2019-06-24T10:36:29.104+0000][1][gc,task      ] GC(43) Using 5 workers of 8 for evacuation
[2019-06-24T10:36:29.107+0000][1][gc,age       ] GC(43) Desired survivor size 4456448 bytes, new threshold 6 (max threshold 6)
[2019-06-24T10:36:29.107+0000][1][gc,age       ] GC(43) Age table with threshold 6 (max threshold 6)
[2019-06-24T10:36:29.107+0000][1][gc,age       ] GC(43) - age   1:       4096 bytes,       4096 total
[2019-06-24T10:36:29.107+0000][1][gc,age       ] GC(43) - age   2:         32 bytes,       4128 total
[2019-06-24T10:36:29.107+0000][1][gc,age       ] GC(43) - age   3:         88 bytes,       4216 total
[2019-06-24T10:36:29.107+0000][1][gc,heap      ] GC(43) ParNew: 69932K->10K(78656K)
[2019-06-24T10:36:29.107+0000][1][gc,heap      ] GC(43) CMS: 69616K->69618K(174784K)
[2019-06-24T10:36:29.107+0000][1][gc,metaspace ] GC(43) Metaspace: 68180K->68180K(1112064K)
[2019-06-24T10:36:29.107+0000][1][gc           ] GC(43) Pause Young (Allocation Failure) 136M->67M(247M) 3.561ms
[2019-06-24T10:36:29.107+0000][1][gc,cpu       ] GC(43) User=0.01s Sys=0.00s Real=0.00s
[2019-06-24T10:36:29.107+0000][1][safepoint    ] Leaving safepoint region
[2019-06-24T10:36:29.107+0000][1][safepoint    ] Total time for which application threads were stopped: 0.0042118 seconds, Stopping threads took: 0.0000996 seconds
[2019-06-24T10:36:52.112+0000][1][safepoint    ] Application time: 23.0049660 seconds
[2019-06-24T10:36:52.113+0000][1][safepoint    ] Entering safepoint region: Cleanup
[2019-06-24T10:36:52.114+0000][1][safepoint    ] Leaving safepoint region
[2019-06-24T10:36:52.114+0000][1][safepoint    ] Total time for which application threads were stopped: 0.0002332 seconds, Stopping threads took: 0.0000918 seconds
[2019-06-24T10:36:53.114+0000][1][safepoint    ] Application time: 1.0002587 seconds
[2019-06-24T10:36:53.114+0000][1][safepoint    ] Entering safepoint region: Cleanup
[2019-06-24T10:36:53.114+0000][1][safepoint    ] Leaving safepoint region
[2019-06-24T10:36:53.114+0000][1][safepoint    ] Total time for which application threads were stopped: 0.0002487 seconds, Stopping threads took: 0.0000654 seconds
[2019-06-24T10:37:05.117+0000][1][safepoint    ] Application time: 12.0028208 seconds
[2019-06-24T10:37:05.118+0000][1][safepoint    ] Entering safepoint region: Cleanup
[2019-06-24T10:37:05.118+0000][1][safepoint    ] Leaving safepoint region
[2019-06-24T10:37:05.118+0000][1][safepoint    ] Total time for which application threads were stopped: 0.0002763 seconds, Stopping threads took: 0.0000912 seconds
[2019-06-24T10:37:14.120+0000][1][safepoint    ] Application time: 9.0017118 seconds
[2019-06-24T10:37:14.121+0000][1][safepoint    ] Entering safepoint region: Cleanup
[2019-06-24T10:37:14.122+0000][1][safepoint    ] Leaving safepoint region
[2019-06-24T10:37:14.122+0000][1][safepoint    ] Total time for which application threads were stopped: 0.0003510 seconds, Stopping threads took: 0.0001118 seconds
[2019-06-24T10:37:15.122+0000][1][safepoint    ] Application time: 1.0002863 seconds
[2019-06-24T10:37:15.122+0000][1][safepoint    ] Entering safepoint region: Cleanup
[2019-06-24T10:37:15.122+0000][1][safepoint    ] Leaving safepoint region
[2019-06-24T10:37:15.122+0000][1][safepoint    ] Total time for which application threads were stopped: 0.0003241 seconds, Stopping threads took: 0.0000696 seconds
[2019-06-24T10:37:17.123+0000][1][safepoint    ] Application time: 2.0004185 seconds
[2019-06-24T10:37:17.123+0000][1][safepoint    ] Entering safepoint region: Cleanup
[2019-06-24T10:37:17.123+0000][1][safepoint    ] Leaving safepoint region
[2019-06-24T10:37:17.123+0000][1][safepoint    ] Total time for which application threads were stopped: 0.0003474 seconds, Stopping threads took: 0.0000681 seconds
[2019-06-24T10:37:18.124+0000][1][safepoint    ] Application time: 1.0002804 seconds
[2019-06-24T10:37:18.124+0000][1][safepoint    ] Entering safepoint region: Cleanup
[2019-06-24T10:37:18.124+0000][1][safepoint    ] Leaving safepoint region
[2019-06-24T10:37:18.124+0000][1][safepoint    ] Total time for which application threads were stopped: 0.0003068 seconds, Stopping threads took: 0.0000651 seconds
[2019-06-24T10:37:19.125+0000][1][safepoint    ] Application time: 1.0002748 seconds
[2019-06-24T10:37:19.125+0000][1][safepoint    ] Entering safepoint region: Cleanup
[2019-06-24T10:37:19.125+0000][1][safepoint    ] Leaving safepoint region
[2019-06-24T10:37:19.125+0000][1][safepoint    ] Total time for which application threads were stopped: 0.0002450 seconds, Stopping threads took: 0.0000648 seconds
[2019-06-24T10:37:20.125+0000][1][safepoint    ] Application time: 1.0002819 seconds
[2019-06-24T10:37:20.125+0000][1][safepoint    ] Entering safepoint region: Cleanup
[2019-06-24T10:37:20.126+0000][1][safepoint    ] Leaving safepoint region
[2019-06-24T10:37:20.126+0000][1][safepoint    ] Total time for which application threads were stopped: 0.0002373 seconds, Stopping threads took: 0.0000669 seconds
[2019-06-24T10:37:21.126+0000][1][safepoint    ] Application time: 1.0002698 seconds
[2019-06-24T10:37:21.126+0000][1][safepoint    ] Entering safepoint region: Cleanup
[2019-06-24T10:37:21.126+0000][1][safepoint    ] Leaving safepoint region
[2019-06-24T10:37:21.126+0000][1][safepoint    ] Total time for which application threads were stopped: 0.0002360 seconds, Stopping threads took: 0.0000665 seconds
[2019-06-24T10:37:22.127+0000][1][safepoint    ] Application time: 1.0003319 seconds
[2019-06-24T10:37:22.127+0000][1][safepoint    ] Entering safepoint region: Cleanup
[2019-06-24T10:37:22.127+0000][1][safepoint    ] Leaving safepoint region
[2019-06-24T10:37:22.127+0000][1][safepoint    ] Total time for which application threads were stopped: 0.0002343 seconds, Stopping threads took: 0.0000649 seconds
[2019-06-24T10:37:23.127+0000][1][safepoint    ] Application time: 1.0002686 seconds
[2019-06-24T10:37:23.127+0000][1][safepoint    ] Entering safepoint region: Cleanup
[2019-06-24T10:37:23.128+0000][1][safepoint    ] Leaving safepoint region
[2019-06-24T10:37:23.128+0000][1][safepoint    ] Total time for which application threads were stopped: 0.0002344 seconds, Stopping threads took: 0.0000641 seconds
[2019-06-24T10:37:24.128+0000][1][safepoint    ] Application time: 1.0002463 seconds
[2019-06-24T10:37:24.128+0000][1][safepoint    ] Entering safepoint region: Cleanup
[2019-06-24T10:37:24.128+0000][1][safepoint    ] Leaving safepoint region
[2019-06-24T10:37:24.128+0000][1][safepoint    ] Total time for which application threads were stopped: 0.0003102 seconds, Stopping threads took: 0.0000673 seconds
[2019-06-24T10:37:25.129+0000][1][safepoint    ] Application time: 1.0002762 seconds
[2019-06-24T10:37:25.129+0000][1][safepoint    ] Entering safepoint region: Cleanup
[2019-06-24T10:37:25.129+0000][1][safepoint    ] Leaving safepoint region
[2019-06-24T10:37:25.129+0000][1][safepoint    ] Total time for which application threads were stopped: 0.0002818 seconds, Stopping threads took: 0.0000651 seconds
[2019-06-24T10:37:26.129+0000][1][safepoint    ] Application time: 1.0002775 seconds
[2019-06-24T10:37:26.129+0000][1][safepoint    ] Entering safepoint region: Cleanup
[2019-06-24T10:37:26.130+0000][1][safepoint    ] Leaving safepoint region
[2019-06-24T10:37:26.130+0000][1][safepoint    ] Total time for which application threads were stopped: 0.0002681 seconds, Stopping threads took: 0.0000638 seconds
[2019-06-24T10:37:27.130+0000][1][safepoint    ] Application time: 1.0002747 seconds
[2019-06-24T10:37:27.130+0000][1][safepoint    ] Entering safepoint region: Cleanup
[2019-06-24T10:37:27.130+0000][1][safepoint    ] Leaving safepoint region
[2019-06-24T10:37:27.130+0000][1][safepoint    ] Total time for which application threads were stopped: 0.0002714 seconds, Stopping threads took: 0.0000648 seconds
[2019-06-24T10:37:28.131+0000][1][safepoint    ] Application time: 1.0001849 seconds
[2019-06-24T10:37:28.131+0000][1][safepoint    ] Entering safepoint region: Cleanup
[2019-06-24T10:37:28.131+0000][1][safepoint    ] Leaving safepoint region
[2019-06-24T10:37:28.131+0000][1][safepoint    ] Total time for which application threads were stopped: 0.0001130 seconds, Stopping threads took: 0.0000306 seconds
[2019-06-24T10:37:29.131+0000][1][safepoint    ] Application time: 1.0001783 seconds
[2019-06-24T10:37:29.131+0000][1][safepoint    ] Entering safepoint region: Cleanup
[2019-06-24T10:37:29.131+0000][1][safepoint    ] Leaving safepoint region
[2019-06-24T10:37:29.131+0000][1][safepoint    ] Total time for which application threads were stopped: 0.0002353 seconds, Stopping threads took: 0.0000647 seconds
[2019-06-24T10:37:30.132+0000][1][safepoint    ] Application time: 1.0002523 seconds
[2019-06-24T10:37:30.132+0000][1][safepoint    ] Entering safepoint region: Cleanup
[2019-06-24T10:37:30.132+0000][1][safepoint    ] Leaving safepoint region
[2019-06-24T10:37:30.132+0000][1][safepoint    ] Total time for which application threads were stopped: 0.0002427 seconds, Stopping threads took: 0.0000806 seconds
[2019-06-24T10:37:31.132+0000][1][safepoint    ] Application time: 1.0002742 seconds
[2019-06-24T10:37:31.133+0000][1][safepoint    ] Entering safepoint region: Cleanup
[2019-06-24T10:37:31.133+0000][1][safepoint    ] Leaving safepoint region
[2019-06-24T10:37:31.133+0000][1][safepoint    ] Total time for which application threads were stopped: 0.0002600 seconds, Stopping threads took: 0.0000639 seconds
[2019-06-24T10:37:32.133+0000][1][safepoint    ] Application time: 1.0002754 seconds
[2019-06-24T10:37:32.133+0000][1][safepoint    ] Entering safepoint region: Cleanup
[2019-06-24T10:37:32.133+0000][1][safepoint    ] Leaving safepoint region
[2019-06-24T10:37:32.134+0000][1][safepoint    ] Total time for which application threads were stopped: 0.0002799 seconds, Stopping threads took: 0.0000994 seconds
[2019-06-24T10:37:33.134+0000][1][safepoint    ] Application time: 1.0002795 seconds
[2019-06-24T10:37:33.134+0000][1][safepoint    ] Entering safepoint region: Cleanup
[2019-06-24T10:37:33.134+0000][1][safepoint    ] Leaving safepoint region
[2019-06-24T10:37:33.134+0000][1][safepoint    ] Total time for which application threads were stopped: 0.0002408 seconds, Stopping threads took: 0.0000669 seconds
[2019-06-24T10:37:34.135+0000][1][safepoint    ] Application time: 1.0003351 seconds
[2019-06-24T10:37:34.135+0000][1][safepoint    ] Entering safepoint region: Cleanup
[2019-06-24T10:37:34.135+0000][1][safepoint    ] Leaving safepoint region
[2019-06-24T10:37:34.135+0000][1][safepoint    ] Total time for which application threads were stopped: 0.0002384 seconds, Stopping threads took: 0.0000667 seconds
[2019-06-24T10:37:35.135+0000][1][safepoint    ] Application time: 1.0002547 seconds
[2019-06-24T10:37:35.135+0000][1][safepoint    ] Entering safepoint region: Cleanup
[2019-06-24T10:37:35.136+0000][1][safepoint    ] Leaving safepoint region
[2019-06-24T10:37:35.136+0000][1][safepoint    ] Total time for which application threads were stopped: 0.0002357 seconds, Stopping threads took: 0.0000663 seconds
[2019-06-24T10:37:36.136+0000][1][safepoint    ] Application time: 1.0002660 seconds
[2019-06-24T10:37:36.136+0000][1][safepoint    ] Entering safepoint region: Cleanup
[2019-06-24T10:37:36.136+0000][1][safepoint    ] Leaving safepoint region
[2019-06-24T10:37:36.136+0000][1][safepoint    ] Total time for which application threads were stopped: 0.0002614 seconds, Stopping threads took: 0.0000657 seconds
[2019-06-24T10:37:37.137+0000][1][safepoint    ] Application time: 1.0002756 seconds
[2019-06-24T10:37:37.137+0000][1][safepoint    ] Entering safepoint region: Cleanup
[2019-06-24T10:37:37.137+0000][1][safepoint    ] Leaving safepoint region
[2019-06-24T10:37:37.137+0000][1][safepoint    ] Total time for which application threads were stopped: 0.0002375 seconds, Stopping threads took: 0.0000667 seconds
[2019-06-24T10:37:38.137+0000][1][safepoint    ] Application time: 1.0001593 seconds
[2019-06-24T10:37:38.137+0000][1][safepoint    ] Entering safepoint region: Cleanup
[2019-06-24T10:37:38.137+0000][1][safepoint    ] Leaving safepoint region
[2019-06-24T10:37:38.137+0000][1][safepoint    ] Total time for which application threads were stopped: 0.0001546 seconds, Stopping threads took: 0.0000435 seconds
[2019-06-24T10:37:39.138+0000][1][safepoint    ] Application time: 1.0001801 seconds
[2019-06-24T10:37:39.138+0000][1][safepoint    ] Entering safepoint region: Cleanup
[2019-06-24T10:37:39.138+0000][1][safepoint    ] Leaving safepoint region
[2019-06-24T10:37:39.138+0000][1][safepoint    ] Total time for which application threads were stopped: 0.0002308 seconds, Stopping threads took: 0.0000648 seconds
[2019-06-24T10:37:40.138+0000][1][safepoint    ] Application time: 1.0002695 seconds
[2019-06-24T10:37:40.138+0000][1][safepoint    ] Entering safepoint region: Cleanup
[2019-06-24T10:37:40.139+0000][1][safepoint    ] Leaving safepoint region
[2019-06-24T10:37:40.139+0000][1][safepoint    ] Total time for which application threads were stopped: 0.0003233 seconds, Stopping threads took: 0.0000646 seconds
[2019-06-24T10:37:41.139+0000][1][safepoint    ] Application time: 1.0001494 seconds
[2019-06-24T10:37:41.139+0000][1][safepoint    ] Entering safepoint region: Cleanup
[2019-06-24T10:37:41.139+0000][1][safepoint    ] Leaving safepoint region
[2019-06-24T10:37:41.139+0000][1][safepoint    ] Total time for which application threads were stopped: 0.0002246 seconds, Stopping threads took: 0.0000662 seconds
[2019-06-24T10:37:42.139+0000][1][safepoint    ] Application time: 1.0002491 seconds
[2019-06-24T10:37:42.140+0000][1][safepoint    ] Entering safepoint region: Cleanup
[2019-06-24T10:37:42.140+0000][1][safepoint    ] Leaving safepoint region
[2019-06-24T10:37:42.140+0000][1][safepoint    ] Total time for which application threads were stopped: 0.0002326 seconds, Stopping threads took: 0.0000656 seconds
[2019-06-24T10:37:43.140+0000][1][safepoint    ] Application time: 1.0002428 seconds
[2019-06-24T10:37:43.140+0000][1][safepoint    ] Entering safepoint region: Cleanup
[2019-06-24T10:37:43.140+0000][1][safepoint    ] Leaving safepoint region
[2019-06-24T10:37:43.140+0000][1][safepoint    ] Total time for which application threads were stopped: 0.0001302 seconds, Stopping threads took: 0.0000314 seconds
[2019-06-24T10:37:44.140+0000][1][safepoint    ] Application time: 1.0002327 seconds
[2019-06-24T10:37:44.141+0000][1][safepoint    ] Entering safepoint region: Cleanup
[2019-06-24T10:37:44.141+0000][1][safepoint    ] Leaving safepoint region
[2019-06-24T10:37:44.141+0000][1][safepoint    ] Total time for which application threads were stopped: 0.0003121 seconds, Stopping threads took: 0.0000636 seconds
[2019-06-24T10:37:45.141+0000][1][safepoint    ] Application time: 1.0002359 seconds
[2019-06-24T10:37:45.141+0000][1][safepoint    ] Entering safepoint region: Cleanup
[2019-06-24T10:37:45.141+0000][1][safepoint    ] Leaving safepoint region
[2019-06-24T10:37:45.142+0000][1][safepoint    ] Total time for which application threads were stopped: 0.0002274 seconds, Stopping threads took: 0.0000635 seconds
[2019-06-24T10:37:46.142+0000][1][safepoint    ] Application time: 1.0002656 seconds
[2019-06-24T10:37:46.142+0000][1][safepoint    ] Entering safepoint region: Cleanup
[2019-06-24T10:37:46.142+0000][1][safepoint    ] Leaving safepoint region
[2019-06-24T10:37:46.142+0000][1][safepoint    ] Total time for which application threads were stopped: 0.0002276 seconds, Stopping threads took: 0.0000634 seconds
[2019-06-24T10:37:47.143+0000][1][safepoint    ] Application time: 1.0002686 seconds
[2019-06-24T10:37:47.143+0000][1][safepoint    ] Entering safepoint region: Cleanup
[2019-06-24T10:37:47.143+0000][1][safepoint    ] Leaving safepoint region
[2019-06-24T10:37:47.143+0000][1][safepoint    ] Total time for which application threads were stopped: 0.0002306 seconds, Stopping threads took: 0.0000685 seconds
[2019-06-24T10:37:48.143+0000][1][safepoint    ] Application time: 1.0002813 seconds
[2019-06-24T10:37:48.143+0000][1][safepoint    ] Entering safepoint region: Cleanup
[2019-06-24T10:37:48.144+0000][1][safepoint    ] Leaving safepoint region
[2019-06-24T10:37:48.144+0000][1][safepoint    ] Total time for which application threads were stopped: 0.0002261 seconds, Stopping threads took: 0.0000639 seconds
[2019-06-24T10:37:49.144+0000][1][safepoint    ] Application time: 1.0001926 seconds
[2019-06-24T10:37:49.144+0000][1][safepoint    ] Entering safepoint region: Cleanup
[2019-06-24T10:37:49.144+0000][1][safepoint    ] Leaving safepoint region
[2019-06-24T10:37:49.144+0000][1][safepoint    ] Total time for which application threads were stopped: 0.0002310 seconds, Stopping threads took: 0.0000635 seconds
[2019-06-24T10:37:50.144+0000][1][safepoint    ] Application time: 1.0002626 seconds
[2019-06-24T10:37:50.145+0000][1][safepoint    ] Entering safepoint region: Cleanup
[2019-06-24T10:37:50.145+0000][1][safepoint    ] Leaving safepoint region
[2019-06-24T10:37:50.145+0000][1][safepoint    ] Total time for which application threads were stopped: 0.0002289 seconds, Stopping threads took: 0.0000631 seconds
[2019-06-24T10:37:51.145+0000][1][safepoint    ] Application time: 1.0002765 seconds
[2019-06-24T10:37:51.145+0000][1][safepoint    ] Entering safepoint region: Cleanup
[2019-06-24T10:37:51.145+0000][1][safepoint    ] Leaving safepoint region
[2019-06-24T10:37:51.145+0000][1][safepoint    ] Total time for which application threads were stopped: 0.0002289 seconds, Stopping threads took: 0.0000641 seconds
[2019-06-24T10:37:52.146+0000][1][safepoint    ] Application time: 1.0002090 seconds
[2019-06-24T10:37:52.146+0000][1][safepoint    ] Entering safepoint region: Cleanup
[2019-06-24T10:37:52.146+0000][1][safepoint    ] Leaving safepoint region
[2019-06-24T10:37:52.146+0000][1][safepoint    ] Total time for which application threads were stopped: 0.0002245 seconds, Stopping threads took: 0.0000650 seconds
[2019-06-24T10:37:53.146+0000][1][safepoint    ] Application time: 1.0002159 seconds
[2019-06-24T10:37:53.146+0000][1][safepoint    ] Entering safepoint region: Cleanup
[2019-06-24T10:37:53.147+0000][1][safepoint    ] Leaving safepoint region
[2019-06-24T10:37:53.147+0000][1][safepoint    ] Total time for which application threads were stopped: 0.0002830 seconds, Stopping threads took: 0.0001246 seconds
[2019-06-24T10:37:54.147+0000][1][safepoint    ] Application time: 1.0001438 seconds
[2019-06-24T10:37:54.147+0000][1][safepoint    ] Entering safepoint region: Cleanup
[2019-06-24T10:37:54.147+0000][1][safepoint    ] Leaving safepoint region
[2019-06-24T10:37:54.147+0000][1][safepoint    ] Total time for which application threads were stopped: 0.0002887 seconds, Stopping threads took: 0.0000835 seconds
[2019-06-24T10:37:55.148+0000][1][safepoint    ] Application time: 1.0002011 seconds
[2019-06-24T10:37:55.148+0000][1][safepoint    ] Entering safepoint region: Cleanup
[2019-06-24T10:37:55.148+0000][1][safepoint    ] Leaving safepoint region
[2019-06-24T10:37:55.148+0000][1][safepoint    ] Total time for which application threads were stopped: 0.0002606 seconds, Stopping threads took: 0.0000629 seconds
[2019-06-24T10:37:56.148+0000][1][safepoint    ] Application time: 1.0002704 seconds
[2019-06-24T10:37:56.148+0000][1][safepoint    ] Entering safepoint region: Cleanup
[2019-06-24T10:37:56.149+0000][1][safepoint    ] Leaving safepoint region
[2019-06-24T10:37:56.149+0000][1][safepoint    ] Total time for which application threads were stopped: 0.0002511 seconds, Stopping threads took: 0.0000672 seconds
[2019-06-24T10:37:57.149+0000][1][safepoint    ] Application time: 1.0002670 seconds
[2019-06-24T10:37:57.149+0000][1][safepoint    ] Entering safepoint region: Cleanup
[2019-06-24T10:37:57.149+0000][1][safepoint    ] Leaving safepoint region
[2019-06-24T10:37:57.149+0000][1][safepoint    ] Total time for which application threads were stopped: 0.0002462 seconds, Stopping threads took: 0.0000634 seconds
[2019-06-24T10:37:58.150+0000][1][safepoint    ] Application time: 1.0002659 seconds
[2019-06-24T10:37:58.150+0000][1][safepoint    ] Entering safepoint region: Cleanup
[2019-06-24T10:37:58.150+0000][1][safepoint    ] Leaving safepoint region
[2019-06-24T10:37:58.150+0000][1][safepoint    ] Total time for which application threads were stopped: 0.0002291 seconds, Stopping threads took: 0.0000634 seconds
[2019-06-24T10:37:59.150+0000][1][safepoint    ] Application time: 1.0002588 seconds
[2019-06-24T10:37:59.150+0000][1][safepoint    ] Entering safepoint region: Cleanup
[2019-06-24T10:37:59.150+0000][1][safepoint    ] Leaving safepoint region
[2019-06-24T10:37:59.150+0000][1][safepoint    ] Total time for which application threads were stopped: 0.0001819 seconds, Stopping threads took: 0.0000342 seconds
[2019-06-24T10:38:00.151+0000][1][safepoint    ] Application time: 1.0002751 seconds
[2019-06-24T10:38:00.151+0000][1][safepoint    ] Entering safepoint region: Cleanup
[2019-06-24T10:38:00.151+0000][1][safepoint    ] Leaving safepoint region
[2019-06-24T10:38:00.151+0000][1][safepoint    ] Total time for which application threads were stopped: 0.0002535 seconds, Stopping threads took: 0.0000631 seconds
[2019-06-24T10:38:01.151+0000][1][safepoint    ] Application time: 1.0002674 seconds
[2019-06-24T10:38:01.152+0000][1][safepoint    ] Entering safepoint region: Cleanup
[2019-06-24T10:38:01.152+0000][1][safepoint    ] Leaving safepoint region
[2019-06-24T10:38:01.152+0000][1][safepoint    ] Total time for which application threads were stopped: 0.0002561 seconds, Stopping threads took: 0.0000632 seconds
[2019-06-24T10:38:02.152+0000][1][safepoint    ] Application time: 1.0002015 seconds
[2019-06-24T10:38:02.152+0000][1][safepoint    ] Entering safepoint region: Cleanup
[2019-06-24T10:38:02.152+0000][1][safepoint    ] Leaving safepoint region
[2019-06-24T10:38:02.153+0000][1][safepoint    ] Total time for which application threads were stopped: 0.0003348 seconds, Stopping threads took: 0.0001102 seconds
[2019-06-24T10:38:03.153+0000][1][safepoint    ] Application time: 1.0002348 seconds
[2019-06-24T10:38:03.153+0000][1][safepoint    ] Entering safepoint region: Cleanup
[2019-06-24T10:38:03.153+0000][1][safepoint    ] Leaving safepoint region
[2019-06-24T10:38:03.153+0000][1][safepoint    ] Total time for which application threads were stopped: 0.0002901 seconds, Stopping threads took: 0.0000940 seconds
[2019-06-24T10:38:04.153+0000][1][safepoint    ] Application time: 1.0001886 seconds
[2019-06-24T10:38:04.154+0000][1][safepoint    ] Entering safepoint region: Cleanup
[2019-06-24T10:38:04.154+0000][1][safepoint    ] Leaving safepoint region
[2019-06-24T10:38:04.154+0000][1][safepoint    ] Total time for which application threads were stopped: 0.0002952 seconds, Stopping threads took: 0.0000845 seconds
[2019-06-24T10:38:05.154+0000][1][safepoint    ] Application time: 1.0001952 seconds
[2019-06-24T10:38:05.154+0000][1][safepoint    ] Entering safepoint region: Cleanup
[2019-06-24T10:38:05.154+0000][1][safepoint    ] Leaving safepoint region
[2019-06-24T10:38:05.154+0000][1][safepoint    ] Total time for which application threads were stopped: 0.0002298 seconds, Stopping threads took: 0.0000655 seconds
[2019-06-24T10:38:06.155+0000][1][safepoint    ] Application time: 1.0002448 seconds
[2019-06-24T10:38:06.155+0000][1][safepoint    ] Entering safepoint region: Cleanup
[2019-06-24T10:38:06.155+0000][1][safepoint    ] Leaving safepoint region
[2019-06-24T10:38:06.155+0000][1][safepoint    ] Total time for which application threads were stopped: 0.0002834 seconds, Stopping threads took: 0.0000639 seconds
[2019-06-24T10:38:07.155+0000][1][safepoint    ] Application time: 1.0002820 seconds
[2019-06-24T10:38:07.156+0000][1][safepoint    ] Entering safepoint region: Cleanup
[2019-06-24T10:38:07.156+0000][1][safepoint    ] Leaving safepoint region
[2019-06-24T10:38:07.156+0000][1][safepoint    ] Total time for which application threads were stopped: 0.0002351 seconds, Stopping threads took: 0.0000655 seconds
[2019-06-24T10:38:08.156+0000][1][safepoint    ] Application time: 1.0002632 seconds
[2019-06-24T10:38:08.156+0000][1][safepoint    ] Entering safepoint region: Cleanup
[2019-06-24T10:38:08.157+0000][1][safepoint    ] Leaving safepoint region
[2019-06-24T10:38:08.158+0000][1][safepoint    ] Total time for which application threads were stopped: 0.0012505 seconds, Stopping threads took: 0.0009682 seconds
[2019-06-24T10:38:09.158+0000][1][safepoint    ] Application time: 1.0002666 seconds
[2019-06-24T10:38:09.158+0000][1][safepoint    ] Entering safepoint region: Cleanup
[2019-06-24T10:38:09.158+0000][1][safepoint    ] Leaving safepoint region
[2019-06-24T10:38:09.158+0000][1][safepoint    ] Total time for which application threads were stopped: 0.0002312 seconds, Stopping threads took: 0.0000646 seconds
[2019-06-24T10:38:10.158+0000][1][safepoint    ] Application time: 1.0002112 seconds
[2019-06-24T10:38:10.159+0000][1][safepoint    ] Entering safepoint region: Cleanup
[2019-06-24T10:38:10.159+0000][1][safepoint    ] Leaving safepoint region
[2019-06-24T10:38:10.159+0000][1][safepoint    ] Total time for which application threads were stopped: 0.0002353 seconds, Stopping threads took: 0.0000730 seconds
[2019-06-24T10:38:11.528+0000][1][safepoint    ] Application time: 1.3687211 seconds
[2019-06-24T10:38:11.528+0000][1][safepoint    ] Entering safepoint region: Cleanup
[2019-06-24T10:38:11.528+0000][1][safepoint    ] Leaving safepoint region
[2019-06-24T10:38:11.528+0000][1][safepoint    ] Total time for which application threads were stopped: 0.0002683 seconds, Stopping threads took: 0.0000594 seconds
[2019-06-24T10:38:12.528+0000][1][safepoint    ] Application time: 1.0002840 seconds
[2019-06-24T10:38:12.528+0000][1][safepoint    ] Entering safepoint region: Cleanup
[2019-06-24T10:38:12.528+0000][1][safepoint    ] Leaving safepoint region
[2019-06-24T10:38:12.528+0000][1][safepoint    ] Total time for which application threads were stopped: 0.0001231 seconds, Stopping threads took: 0.0000340 seconds
[2019-06-24T10:38:13.529+0000][1][safepoint    ] Application time: 1.0001771 seconds
[2019-06-24T10:38:13.529+0000][1][safepoint    ] Entering safepoint region: Cleanup
[2019-06-24T10:38:13.529+0000][1][safepoint    ] Leaving safepoint region
[2019-06-24T10:38:13.529+0000][1][safepoint    ] Total time for which application threads were stopped: 0.0003176 seconds, Stopping threads took: 0.0000823 seconds
[2019-06-24T10:38:14.529+0000][1][safepoint    ] Application time: 1.0001647 seconds
[2019-06-24T10:38:14.529+0000][1][safepoint    ] Entering safepoint region: Cleanup
[2019-06-24T10:38:14.529+0000][1][safepoint    ] Leaving safepoint region
[2019-06-24T10:38:14.529+0000][1][safepoint    ] Total time for which application threads were stopped: 0.0001268 seconds, Stopping threads took: 0.0000296 seconds
[2019-06-24T10:38:15.530+0000][1][safepoint    ] Application time: 1.0000914 seconds
[2019-06-24T10:38:15.530+0000][1][safepoint    ] Entering safepoint region: Cleanup
[2019-06-24T10:38:15.530+0000][1][safepoint    ] Leaving safepoint region
[2019-06-24T10:38:15.530+0000][1][safepoint    ] Total time for which application threads were stopped: 0.0000953 seconds, Stopping threads took: 0.0000246 seconds
[2019-06-24T10:38:16.530+0000][1][safepoint    ] Application time: 1.0001227 seconds
[2019-06-24T10:38:16.530+0000][1][safepoint    ] Entering safepoint region: Cleanup
[2019-06-24T10:38:16.530+0000][1][safepoint    ] Leaving safepoint region
[2019-06-24T10:38:16.530+0000][1][safepoint    ] Total time for which application threads were stopped: 0.0003646 seconds, Stopping threads took: 0.0001569 seconds
[2019-06-24T10:38:17.531+0000][1][safepoint    ] Application time: 1.0002879 seconds
[2019-06-24T10:38:17.531+0000][1][safepoint    ] Entering safepoint region: Cleanup
[2019-06-24T10:38:17.531+0000][1][safepoint    ] Leaving safepoint region
[2019-06-24T10:38:17.531+0000][1][safepoint    ] Total time for which application threads were stopped: 0.0002648 seconds, Stopping threads took: 0.0000652 seconds
[2019-06-24T10:38:18.531+0000][1][safepoint    ] Application time: 1.0002737 seconds
[2019-06-24T10:38:18.532+0000][1][safepoint    ] Entering safepoint region: Cleanup
[2019-06-24T10:38:18.532+0000][1][safepoint    ] Leaving safepoint region
[2019-06-24T10:38:18.532+0000][1][safepoint    ] Total time for which application threads were stopped: 0.0002305 seconds, Stopping threads took: 0.0000643 seconds
[2019-06-24T10:38:19.532+0000][1][safepoint    ] Application time: 1.0002599 seconds
[2019-06-24T10:38:19.532+0000][1][safepoint    ] Entering safepoint region: Cleanup
[2019-06-24T10:38:19.532+0000][1][safepoint    ] Leaving safepoint region
[2019-06-24T10:38:19.532+0000][1][safepoint    ] Total time for which application threads were stopped: 0.0002437 seconds, Stopping threads took: 0.0000627 seconds
[2019-06-24T10:38:20.533+0000][1][safepoint    ] Application time: 1.0001961 seconds
[2019-06-24T10:38:20.533+0000][1][safepoint    ] Entering safepoint region: Cleanup
[2019-06-24T10:38:20.533+0000][1][safepoint    ] Leaving safepoint region
[2019-06-24T10:38:20.533+0000][1][safepoint    ] Total time for which application threads were stopped: 0.0002235 seconds, Stopping threads took: 0.0000630 seconds
[2019-06-24T10:38:21.533+0000][1][safepoint    ] Application time: 1.0002714 seconds
[2019-06-24T10:38:21.533+0000][1][safepoint    ] Entering safepoint region: Cleanup
[2019-06-24T10:38:21.534+0000][1][safepoint    ] Leaving safepoint region
[2019-06-24T10:38:21.534+0000][1][safepoint    ] Total time for which application threads were stopped: 0.0002268 seconds, Stopping threads took: 0.0000630 seconds
[2019-06-24T10:38:22.534+0000][1][safepoint    ] Application time: 1.0001565 seconds
[2019-06-24T10:38:22.534+0000][1][safepoint    ] Entering safepoint region: Cleanup
[2019-06-24T10:38:22.534+0000][1][safepoint    ] Leaving safepoint region
[2019-06-24T10:38:22.534+0000][1][safepoint    ] Total time for which application threads were stopped: 0.0001183 seconds, Stopping threads took: 0.0000317 seconds
[2019-06-24T10:38:23.534+0000][1][safepoint    ] Application time: 1.0002357 seconds
[2019-06-24T10:38:23.534+0000][1][safepoint    ] Entering safepoint region: Cleanup
[2019-06-24T10:38:23.535+0000][1][safepoint    ] Leaving safepoint region
[2019-06-24T10:38:23.535+0000][1][safepoint    ] Total time for which application threads were stopped: 0.0003117 seconds, Stopping threads took: 0.0000627 seconds
[2019-06-24T10:38:24.535+0000][1][safepoint    ] Application time: 1.0001377 seconds
[2019-06-24T10:38:24.535+0000][1][safepoint    ] Entering safepoint region: Cleanup
[2019-06-24T10:38:24.535+0000][1][safepoint    ] Leaving safepoint region
[2019-06-24T10:38:24.535+0000][1][safepoint    ] Total time for which application threads were stopped: 0.0002573 seconds, Stopping threads took: 0.0000629 seconds
[2019-06-24T10:38:25.535+0000][1][safepoint    ] Application time: 1.0001209 seconds
[2019-06-24T10:38:25.535+0000][1][safepoint    ] Entering safepoint region: Cleanup
[2019-06-24T10:38:25.535+0000][1][safepoint    ] Leaving safepoint region
[2019-06-24T10:38:25.536+0000][1][safepoint    ] Total time for which application threads were stopped: 0.0001818 seconds, Stopping threads took: 0.0000475 seconds
[2019-06-24T10:38:26.536+0000][1][safepoint    ] Application time: 1.0001612 seconds
[2019-06-24T10:38:26.536+0000][1][safepoint    ] Entering safepoint region: Cleanup
[2019-06-24T10:38:26.536+0000][1][safepoint    ] Leaving safepoint region
[2019-06-24T10:38:26.536+0000][1][safepoint    ] Total time for which application threads were stopped: 0.0002293 seconds, Stopping threads took: 0.0000645 seconds
[2019-06-24T10:38:27.536+0000][1][safepoint    ] Application time: 1.0001882 seconds
[2019-06-24T10:38:27.536+0000][1][safepoint    ] Entering safepoint region: Cleanup
[2019-06-24T10:38:27.537+0000][1][safepoint    ] Leaving safepoint region
[2019-06-24T10:38:27.537+0000][1][safepoint    ] Total time for which application threads were stopped: 0.0002263 seconds, Stopping threads took: 0.0000653 seconds
[2019-06-24T10:38:28.537+0000][1][safepoint    ] Application time: 1.0002749 seconds
[2019-06-24T10:38:28.537+0000][1][safepoint    ] Entering safepoint region: Cleanup
[2019-06-24T10:38:28.537+0000][1][safepoint    ] Leaving safepoint region
[2019-06-24T10:38:28.537+0000][1][safepoint    ] Total time for which application threads were stopped: 0.0003073 seconds, Stopping threads took: 0.0000772 seconds
[2019-06-24T10:38:29.538+0000][1][safepoint    ] Application time: 1.0002733 seconds
[2019-06-24T10:38:29.538+0000][1][safepoint    ] Entering safepoint region: Cleanup
[2019-06-24T10:38:29.538+0000][1][safepoint    ] Leaving safepoint region
[2019-06-24T10:38:29.538+0000][1][safepoint    ] Total time for which application threads were stopped: 0.0002351 seconds, Stopping threads took: 0.0000662 seconds
[2019-06-24T10:38:29.955+0000][1][safepoint    ] Application time: 0.4170517 seconds
[2019-06-24T10:38:29.955+0000][1][safepoint    ] Entering safepoint region: GenCollectForAllocation
[2019-06-24T10:38:29.956+0000][1][gc,start     ] GC(44) Pause Young (Allocation Failure)
[2019-06-24T10:38:29.956+0000][1][gc,task      ] GC(44) Using 5 workers of 8 for evacuation
[2019-06-24T10:38:29.958+0000][1][gc,age       ] GC(44) Desired survivor size 4456448 bytes, new threshold 6 (max threshold 6)
[2019-06-24T10:38:29.958+0000][1][gc,age       ] GC(44) Age table with threshold 6 (max threshold 6)
[2019-06-24T10:38:29.958+0000][1][gc,age       ] GC(44) - age   1:      11296 bytes,      11296 total
[2019-06-24T10:38:29.958+0000][1][gc,age       ] GC(44) - age   2:        776 bytes,      12072 total
[2019-06-24T10:38:29.958+0000][1][gc,age       ] GC(44) - age   4:         56 bytes,      12128 total
[2019-06-24T10:38:29.959+0000][1][gc,heap      ] GC(44) ParNew: 69962K->18K(78656K)
[2019-06-24T10:38:29.959+0000][1][gc,heap      ] GC(44) CMS: 69618K->69618K(174784K)
[2019-06-24T10:38:29.959+0000][1][gc,metaspace ] GC(44) Metaspace: 68182K->68182K(1112064K)
[2019-06-24T10:38:29.959+0000][1][gc           ] GC(44) Pause Young (Allocation Failure) 136M->68M(247M) 3.197ms
[2019-06-24T10:38:29.959+0000][1][gc,cpu       ] GC(44) User=0.01s Sys=0.00s Real=0.00s
[2019-06-24T10:38:29.959+0000][1][safepoint    ] Leaving safepoint region
[2019-06-24T10:38:29.959+0000][1][safepoint    ] Total time for which application threads were stopped: 0.0036605 seconds, Stopping threads took: 0.0000614 seconds
[2019-06-24T10:38:30.959+0000][1][safepoint    ] Application time: 1.0002351 seconds
[2019-06-24T10:38:30.959+0000][1][safepoint    ] Entering safepoint region: Cleanup
[2019-06-24T10:38:30.959+0000][1][safepoint    ] Leaving safepoint region
[2019-06-24T10:38:30.960+0000][1][safepoint    ] Total time for which application threads were stopped: 0.0002315 seconds, Stopping threads took: 0.0000623 seconds
[2019-06-24T10:38:31.960+0000][1][safepoint    ] Application time: 1.0002194 seconds
[2019-06-24T10:38:31.960+0000][1][safepoint    ] Entering safepoint region: Cleanup
[2019-06-24T10:38:31.960+0000][1][safepoint    ] Leaving safepoint region
[2019-06-24T10:38:31.961+0000][1][safepoint    ] Total time for which application threads were stopped: 0.0008987 seconds, Stopping threads took: 0.0000297 seconds
[2019-06-24T10:38:32.961+0000][1][safepoint    ] Application time: 1.0002725 seconds
[2019-06-24T10:38:32.961+0000][1][safepoint    ] Entering safepoint region: Cleanup
[2019-06-24T10:38:32.961+0000][1][safepoint    ] Leaving safepoint region
[2019-06-24T10:38:32.961+0000][1][safepoint    ] Total time for which application threads were stopped: 0.0003207 seconds, Stopping threads took: 0.0001215 seconds
[2019-06-24T10:38:33.962+0000][1][safepoint    ] Application time: 1.0002701 seconds
[2019-06-24T10:38:33.962+0000][1][safepoint    ] Entering safepoint region: Cleanup
[2019-06-24T10:38:33.962+0000][1][safepoint    ] Leaving safepoint region
[2019-06-24T10:38:33.962+0000][1][safepoint    ] Total time for which application threads were stopped: 0.0002582 seconds, Stopping threads took: 0.0000959 seconds
[2019-06-24T10:38:34.962+0000][1][safepoint    ] Application time: 1.0001994 seconds
[2019-06-24T10:38:34.963+0000][1][safepoint    ] Entering safepoint region: Cleanup
[2019-06-24T10:38:34.963+0000][1][safepoint    ] Leaving safepoint region
[2019-06-24T10:38:34.963+0000][1][safepoint    ] Total time for which application threads were stopped: 0.0003078 seconds, Stopping threads took: 0.0001385 seconds
[2019-06-24T10:38:35.963+0000][1][safepoint    ] Application time: 1.0002871 seconds
[2019-06-24T10:38:35.963+0000][1][safepoint    ] Entering safepoint region: Cleanup
[2019-06-24T10:38:35.964+0000][1][safepoint    ] Leaving safepoint region
[2019-06-24T10:38:35.964+0000][1][safepoint    ] Total time for which application threads were stopped: 0.0002249 seconds, Stopping threads took: 0.0000625 seconds
[2019-06-24T10:38:36.964+0000][1][safepoint    ] Application time: 1.0002693 seconds
[2019-06-24T10:38:36.964+0000][1][safepoint    ] Entering safepoint region: Cleanup
[2019-06-24T10:38:36.965+0000][1][safepoint    ] Leaving safepoint region
[2019-06-24T10:38:36.965+0000][1][safepoint    ] Total time for which application threads were stopped: 0.0012172 seconds, Stopping threads took: 0.0009928 seconds
[2019-06-24T10:38:37.966+0000][1][safepoint    ] Application time: 1.0002706 seconds
[2019-06-24T10:38:37.966+0000][1][safepoint    ] Entering safepoint region: Cleanup
[2019-06-24T10:38:37.966+0000][1][safepoint    ] Leaving safepoint region
[2019-06-24T10:38:37.966+0000][1][safepoint    ] Total time for which application threads were stopped: 0.0003078 seconds, Stopping threads took: 0.0000628 seconds
[2019-06-24T10:38:38.966+0000][1][safepoint    ] Application time: 1.0002733 seconds
[2019-06-24T10:38:38.966+0000][1][safepoint    ] Entering safepoint region: Cleanup
[2019-06-24T10:38:38.967+0000][1][safepoint    ] Leaving safepoint region
[2019-06-24T10:38:38.967+0000][1][safepoint    ] Total time for which application threads were stopped: 0.0003079 seconds, Stopping threads took: 0.0000635 seconds
[2019-06-24T10:38:39.967+0000][1][safepoint    ] Application time: 1.0001491 seconds
[2019-06-24T10:38:39.967+0000][1][safepoint    ] Entering safepoint region: Cleanup
[2019-06-24T10:38:39.967+0000][1][safepoint    ] Leaving safepoint region
[2019-06-24T10:38:39.967+0000][1][safepoint    ] Total time for which application threads were stopped: 0.0002248 seconds, Stopping threads took: 0.0000618 seconds
[2019-06-24T10:38:40.967+0000][1][safepoint    ] Application time: 1.0001966 seconds
[2019-06-24T10:38:40.968+0000][1][safepoint    ] Entering safepoint region: Cleanup
[2019-06-24T10:38:40.968+0000][1][safepoint    ] Leaving safepoint region
[2019-06-24T10:38:40.968+0000][1][safepoint    ] Total time for which application threads were stopped: 0.0002273 seconds, Stopping threads took: 0.0000618 seconds
[2019-06-24T10:38:42.563+0000][1][safepoint    ] Application time: 1.5949398 seconds
[2019-06-24T10:38:42.563+0000][1][safepoint    ] Entering safepoint region: Cleanup
[2019-06-24T10:38:42.563+0000][1][safepoint    ] Leaving safepoint region
[2019-06-24T10:38:42.563+0000][1][safepoint    ] Total time for which application threads were stopped: 0.0002394 seconds, Stopping threads took: 0.0000622 seconds
[2019-06-24T10:38:43.563+0000][1][safepoint    ] Application time: 1.0001806 seconds
[2019-06-24T10:38:43.563+0000][1][safepoint    ] Entering safepoint region: Cleanup
[2019-06-24T10:38:43.563+0000][1][safepoint    ] Leaving safepoint region
[2019-06-24T10:38:43.564+0000][1][safepoint    ] Total time for which application threads were stopped: 0.0001883 seconds, Stopping threads took: 0.0000531 seconds
[2019-06-24T10:38:44.564+0000][1][safepoint    ] Application time: 1.0001874 seconds
[2019-06-24T10:38:44.564+0000][1][safepoint    ] Entering safepoint region: Cleanup
[2019-06-24T10:38:44.564+0000][1][safepoint    ] Leaving safepoint region
[2019-06-24T10:38:44.564+0000][1][safepoint    ] Total time for which application threads were stopped: 0.0003392 seconds, Stopping threads took: 0.0001822 seconds
[2019-06-24T10:38:45.564+0000][1][safepoint    ] Application time: 1.0002005 seconds
[2019-06-24T10:38:45.565+0000][1][safepoint    ] Entering safepoint region: Cleanup
[2019-06-24T10:38:45.565+0000][1][safepoint    ] Leaving safepoint region
[2019-06-24T10:38:45.565+0000][1][safepoint    ] Total time for which application threads were stopped: 0.0002542 seconds, Stopping threads took: 0.0000901 seconds
[2019-06-24T10:38:46.565+0000][1][safepoint    ] Application time: 1.0001365 seconds
[2019-06-24T10:38:46.565+0000][1][safepoint    ] Entering safepoint region: Cleanup
[2019-06-24T10:38:46.565+0000][1][safepoint    ] Leaving safepoint region
[2019-06-24T10:38:46.565+0000][1][safepoint    ] Total time for which application threads were stopped: 0.0002237 seconds, Stopping threads took: 0.0000688 seconds
[2019-06-24T10:38:47.566+0000][1][safepoint    ] Application time: 1.0002616 seconds
[2019-06-24T10:38:47.566+0000][1][safepoint    ] Entering safepoint region: Cleanup
[2019-06-24T10:38:47.566+0000][1][safepoint    ] Leaving safepoint region
[2019-06-24T10:38:47.566+0000][1][safepoint    ] Total time for which application threads were stopped: 0.0003360 seconds, Stopping threads took: 0.0001441 seconds
[2019-06-24T10:38:48.566+0000][1][safepoint    ] Application time: 1.0002808 seconds
[2019-06-24T10:38:48.566+0000][1][safepoint    ] Entering safepoint region: Cleanup
[2019-06-24T10:38:48.567+0000][1][safepoint    ] Leaving safepoint region
[2019-06-24T10:38:48.567+0000][1][safepoint    ] Total time for which application threads were stopped: 0.0003152 seconds, Stopping threads took: 0.0001503 seconds
[2019-06-24T10:38:49.567+0000][1][safepoint    ] Application time: 1.0002157 seconds
[2019-06-24T10:38:49.567+0000][1][safepoint    ] Entering safepoint region: Cleanup
[2019-06-24T10:38:49.567+0000][1][safepoint    ] Leaving safepoint region
[2019-06-24T10:38:49.567+0000][1][safepoint    ] Total time for which application threads were stopped: 0.0002199 seconds, Stopping threads took: 0.0000634 seconds
[2019-06-24T10:38:50.568+0000][1][safepoint    ] Application time: 1.0002589 seconds
[2019-06-24T10:38:50.568+0000][1][safepoint    ] Entering safepoint region: Cleanup
[2019-06-24T10:38:50.568+0000][1][safepoint    ] Leaving safepoint region
[2019-06-24T10:38:50.568+0000][1][safepoint    ] Total time for which application threads were stopped: 0.0002205 seconds, Stopping threads took: 0.0000642 seconds
[2019-06-24T10:38:51.568+0000][1][safepoint    ] Application time: 1.0002689 seconds
[2019-06-24T10:38:51.568+0000][1][safepoint    ] Entering safepoint region: Cleanup
[2019-06-24T10:38:51.569+0000][1][safepoint    ] Leaving safepoint region
[2019-06-24T10:38:51.569+0000][1][safepoint    ] Total time for which application threads were stopped: 0.0002312 seconds, Stopping threads took: 0.0000634 seconds
[2019-06-24T10:38:52.569+0000][1][safepoint    ] Application time: 1.0002595 seconds
[2019-06-24T10:38:52.569+0000][1][safepoint    ] Entering safepoint region: Cleanup
[2019-06-24T10:38:52.569+0000][1][safepoint    ] Leaving safepoint region
[2019-06-24T10:38:52.569+0000][1][safepoint    ] Total time for which application threads were stopped: 0.0002201 seconds, Stopping threads took: 0.0000625 seconds
[2019-06-24T10:38:53.569+0000][1][safepoint    ] Application time: 1.0002627 seconds
[2019-06-24T10:38:53.570+0000][1][safepoint    ] Entering safepoint region: Cleanup
[2019-06-24T10:38:53.570+0000][1][safepoint    ] Leaving safepoint region
[2019-06-24T10:38:53.570+0000][1][safepoint    ] Total time for which application threads were stopped: 0.0002217 seconds, Stopping threads took: 0.0000635 seconds
[2019-06-24T10:38:54.570+0000][1][safepoint    ] Application time: 1.0001097 seconds
[2019-06-24T10:38:54.570+0000][1][safepoint    ] Entering safepoint region: Cleanup
[2019-06-24T10:38:54.570+0000][1][safepoint    ] Leaving safepoint region
[2019-06-24T10:38:54.570+0000][1][safepoint    ] Total time for which application threads were stopped: 0.0001167 seconds, Stopping threads took: 0.0000330 seconds
[2019-06-24T10:38:55.570+0000][1][safepoint    ] Application time: 1.0002845 seconds
[2019-06-24T10:38:55.570+0000][1][safepoint    ] Entering safepoint region: Cleanup
[2019-06-24T10:38:55.571+0000][1][safepoint    ] Leaving safepoint region
[2019-06-24T10:38:55.571+0000][1][safepoint    ] Total time for which application threads were stopped: 0.0001426 seconds, Stopping threads took: 0.0000717 seconds
[2019-06-24T10:38:56.571+0000][1][safepoint    ] Application time: 1.0001166 seconds
[2019-06-24T10:38:56.571+0000][1][safepoint    ] Entering safepoint region: Cleanup
[2019-06-24T10:38:56.571+0000][1][safepoint    ] Leaving safepoint region
[2019-06-24T10:38:56.571+0000][1][safepoint    ] Total time for which application threads were stopped: 0.0002158 seconds, Stopping threads took: 0.0000626 seconds
[2019-06-24T10:38:57.571+0000][1][safepoint    ] Application time: 1.0001931 seconds
[2019-06-24T10:38:57.571+0000][1][safepoint    ] Entering safepoint region: Cleanup
[2019-06-24T10:38:57.572+0000][1][safepoint    ] Leaving safepoint region
[2019-06-24T10:38:57.572+0000][1][safepoint    ] Total time for which application threads were stopped: 0.0002173 seconds, Stopping threads took: 0.0000618 seconds
[2019-06-24T10:38:58.572+0000][1][safepoint    ] Application time: 1.0001742 seconds
[2019-06-24T10:38:58.572+0000][1][safepoint    ] Entering safepoint region: Cleanup
[2019-06-24T10:38:58.572+0000][1][safepoint    ] Leaving safepoint region
[2019-06-24T10:38:58.572+0000][1][safepoint    ] Total time for which application threads were stopped: 0.0002173 seconds, Stopping threads took: 0.0000626 seconds
[2019-06-24T10:38:59.572+0000][1][safepoint    ] Application time: 1.0001799 seconds
[2019-06-24T10:38:59.572+0000][1][safepoint    ] Entering safepoint region: Cleanup
[2019-06-24T10:38:59.572+0000][1][safepoint    ] Leaving safepoint region
[2019-06-24T10:38:59.573+0000][1][safepoint    ] Total time for which application threads were stopped: 0.0001892 seconds, Stopping threads took: 0.0000536 seconds
[2019-06-24T10:39:00.573+0000][1][safepoint    ] Application time: 1.0001908 seconds
[2019-06-24T10:39:00.573+0000][1][safepoint    ] Entering safepoint region: Cleanup
[2019-06-24T10:39:00.573+0000][1][safepoint    ] Leaving safepoint region
[2019-06-24T10:39:00.573+0000][1][safepoint    ] Total time for which application threads were stopped: 0.0002229 seconds, Stopping threads took: 0.0000660 seconds
[2019-06-24T10:39:01.573+0000][1][safepoint    ] Application time: 1.0001813 seconds
[2019-06-24T10:39:01.573+0000][1][safepoint    ] Entering safepoint region: Cleanup
[2019-06-24T10:39:01.574+0000][1][safepoint    ] Leaving safepoint region
[2019-06-24T10:39:01.574+0000][1][safepoint    ] Total time for which application threads were stopped: 0.0002181 seconds, Stopping threads took: 0.0000654 seconds
[2019-06-24T10:39:02.574+0000][1][safepoint    ] Application time: 1.0002163 seconds
[2019-06-24T10:39:02.574+0000][1][safepoint    ] Entering safepoint region: Cleanup
[2019-06-24T10:39:02.574+0000][1][safepoint    ] Leaving safepoint region
[2019-06-24T10:39:02.574+0000][1][safepoint    ] Total time for which application threads were stopped: 0.0003005 seconds, Stopping threads took: 0.0001007 seconds
[2019-06-24T10:39:03.575+0000][1][safepoint    ] Application time: 1.0002766 seconds
[2019-06-24T10:39:03.575+0000][1][safepoint    ] Entering safepoint region: Cleanup
[2019-06-24T10:39:03.575+0000][1][safepoint    ] Leaving safepoint region
[2019-06-24T10:39:03.575+0000][1][safepoint    ] Total time for which application threads were stopped: 0.0002192 seconds, Stopping threads took: 0.0000630 seconds
[2019-06-24T10:39:04.575+0000][1][safepoint    ] Application time: 1.0002005 seconds
[2019-06-24T10:39:04.575+0000][1][safepoint    ] Entering safepoint region: Cleanup
[2019-06-24T10:39:04.575+0000][1][safepoint    ] Leaving safepoint region
[2019-06-24T10:39:04.575+0000][1][safepoint    ] Total time for which application threads were stopped: 0.0002475 seconds, Stopping threads took: 0.0000949 seconds
[2019-06-24T10:39:05.576+0000][1][safepoint    ] Application time: 1.0002027 seconds
[2019-06-24T10:39:05.576+0000][1][safepoint    ] Entering safepoint region: Cleanup
[2019-06-24T10:39:05.576+0000][1][safepoint    ] Leaving safepoint region
[2019-06-24T10:39:05.576+0000][1][safepoint    ] Total time for which application threads were stopped: 0.0003596 seconds, Stopping threads took: 0.0001546 seconds
[2019-06-24T10:39:06.577+0000][1][safepoint    ] Application time: 1.0002054 seconds
[2019-06-24T10:39:06.577+0000][1][safepoint    ] Entering safepoint region: Cleanup
[2019-06-24T10:39:06.577+0000][1][safepoint    ] Leaving safepoint region
[2019-06-24T10:39:06.577+0000][1][safepoint    ] Total time for which application threads were stopped: 0.0003082 seconds, Stopping threads took: 0.0000809 seconds
[2019-06-24T10:39:07.577+0000][1][safepoint    ] Application time: 1.0001981 seconds
[2019-06-24T10:39:07.577+0000][1][safepoint    ] Entering safepoint region: Cleanup
[2019-06-24T10:39:07.578+0000][1][safepoint    ] Leaving safepoint region
[2019-06-24T10:39:07.578+0000][1][safepoint    ] Total time for which application threads were stopped: 0.0002679 seconds, Stopping threads took: 0.0000749 seconds
[2019-06-24T10:39:08.578+0000][1][safepoint    ] Application time: 1.0001463 seconds
[2019-06-24T10:39:08.578+0000][1][safepoint    ] Entering safepoint region: Cleanup
[2019-06-24T10:39:08.578+0000][1][safepoint    ] Leaving safepoint region
[2019-06-24T10:39:08.578+0000][1][safepoint    ] Total time for which application threads were stopped: 0.0002310 seconds, Stopping threads took: 0.0000610 seconds
[2019-06-24T10:39:09.579+0000][1][safepoint    ] Application time: 1.0003321 seconds
[2019-06-24T10:39:09.579+0000][1][safepoint    ] Entering safepoint region: Cleanup
[2019-06-24T10:39:09.579+0000][1][safepoint    ] Leaving safepoint region
[2019-06-24T10:39:09.579+0000][1][safepoint    ] Total time for which application threads were stopped: 0.0002330 seconds, Stopping threads took: 0.0000667 seconds
[2019-06-24T10:39:10.579+0000][1][safepoint    ] Application time: 1.0002241 seconds
[2019-06-24T10:39:10.579+0000][1][safepoint    ] Entering safepoint region: Cleanup
[2019-06-24T10:39:10.580+0000][1][safepoint    ] Leaving safepoint region
[2019-06-24T10:39:10.580+0000][1][safepoint    ] Total time for which application threads were stopped: 0.0011142 seconds, Stopping threads took: 0.0009067 seconds
[2019-06-24T10:39:11.581+0000][1][safepoint    ] Application time: 1.0002566 seconds
[2019-06-24T10:39:11.581+0000][1][safepoint    ] Entering safepoint region: Cleanup
[2019-06-24T10:39:11.581+0000][1][safepoint    ] Leaving safepoint region
[2019-06-24T10:39:11.581+0000][1][safepoint    ] Total time for which application threads were stopped: 0.0002351 seconds, Stopping threads took: 0.0000653 seconds
[2019-06-24T10:39:12.581+0000][1][safepoint    ] Application time: 1.0002524 seconds
[2019-06-24T10:39:12.582+0000][1][safepoint    ] Entering safepoint region: Cleanup
[2019-06-24T10:39:12.582+0000][1][safepoint    ] Leaving safepoint region
[2019-06-24T10:39:12.582+0000][1][safepoint    ] Total time for which application threads were stopped: 0.0002363 seconds, Stopping threads took: 0.0000656 seconds
[2019-06-24T10:39:13.582+0000][1][safepoint    ] Application time: 1.0002699 seconds
[2019-06-24T10:39:13.582+0000][1][safepoint    ] Entering safepoint region: Cleanup
[2019-06-24T10:39:13.582+0000][1][safepoint    ] Leaving safepoint region
[2019-06-24T10:39:13.582+0000][1][safepoint    ] Total time for which application threads were stopped: 0.0002402 seconds, Stopping threads took: 0.0000662 seconds
[2019-06-24T10:39:14.583+0000][1][safepoint    ] Application time: 1.0002052 seconds
[2019-06-24T10:39:14.583+0000][1][safepoint    ] Entering safepoint region: Cleanup
[2019-06-24T10:39:14.583+0000][1][safepoint    ] Leaving safepoint region
[2019-06-24T10:39:14.583+0000][1][safepoint    ] Total time for which application threads were stopped: 0.0002312 seconds, Stopping threads took: 0.0000650 seconds
[2019-06-24T10:39:15.583+0000][1][safepoint    ] Application time: 1.0002486 seconds
[2019-06-24T10:39:15.583+0000][1][safepoint    ] Entering safepoint region: Cleanup
[2019-06-24T10:39:15.584+0000][1][safepoint    ] Leaving safepoint region
[2019-06-24T10:39:15.584+0000][1][safepoint    ] Total time for which application threads were stopped: 0.0002843 seconds, Stopping threads took: 0.0000814 seconds
[2019-06-24T10:39:16.584+0000][1][safepoint    ] Application time: 1.0001480 seconds
[2019-06-24T10:39:16.584+0000][1][safepoint    ] Entering safepoint region: Cleanup
[2019-06-24T10:39:16.584+0000][1][safepoint    ] Leaving safepoint region
[2019-06-24T10:39:16.584+0000][1][safepoint    ] Total time for which application threads were stopped: 0.0001042 seconds, Stopping threads took: 0.0000284 seconds
[2019-06-24T10:39:17.584+0000][1][safepoint    ] Application time: 1.0002549 seconds
[2019-06-24T10:39:17.584+0000][1][safepoint    ] Entering safepoint region: Cleanup
[2019-06-24T10:39:17.585+0000][1][safepoint    ] Leaving safepoint region
[2019-06-24T10:39:17.585+0000][1][safepoint    ] Total time for which application threads were stopped: 0.0003512 seconds, Stopping threads took: 0.0001001 seconds
[2019-06-24T10:39:18.585+0000][1][safepoint    ] Application time: 1.0002782 seconds
[2019-06-24T10:39:18.585+0000][1][safepoint    ] Entering safepoint region: Cleanup
[2019-06-24T10:39:18.585+0000][1][safepoint    ] Leaving safepoint region
[2019-06-24T10:39:18.585+0000][1][safepoint    ] Total time for which application threads were stopped: 0.0002342 seconds, Stopping threads took: 0.0000640 seconds
[2019-06-24T10:39:19.606+0000][1][safepoint    ] Application time: 1.0206677 seconds
[2019-06-24T10:39:19.606+0000][1][safepoint    ] Entering safepoint region: Cleanup
[2019-06-24T10:39:19.607+0000][1][safepoint    ] Leaving safepoint region
[2019-06-24T10:39:19.607+0000][1][safepoint    ] Total time for which application threads were stopped: 0.0004942 seconds, Stopping threads took: 0.0001864 seconds
[2019-06-24T10:39:20.607+0000][1][safepoint    ] Application time: 1.0001842 seconds
[2019-06-24T10:39:20.607+0000][1][safepoint    ] Entering safepoint region: Cleanup
[2019-06-24T10:39:20.607+0000][1][safepoint    ] Leaving safepoint region
[2019-06-24T10:39:20.607+0000][1][safepoint    ] Total time for which application threads were stopped: 0.0003270 seconds, Stopping threads took: 0.0000180 seconds
[2019-06-24T10:39:21.607+0000][1][safepoint    ] Application time: 1.0001606 seconds
[2019-06-24T10:39:21.608+0000][1][safepoint    ] Entering safepoint region: Cleanup
[2019-06-24T10:39:21.608+0000][1][safepoint    ] Leaving safepoint region
[2019-06-24T10:39:21.608+0000][1][safepoint    ] Total time for which application threads were stopped: 0.0002646 seconds, Stopping threads took: 0.0000778 seconds
[2019-06-24T10:39:22.608+0000][1][safepoint    ] Application time: 1.0001723 seconds
[2019-06-24T10:39:22.608+0000][1][safepoint    ] Entering safepoint region: Cleanup
[2019-06-24T10:39:22.608+0000][1][safepoint    ] Leaving safepoint region
[2019-06-24T10:39:22.609+0000][1][safepoint    ] Total time for which application threads were stopped: 0.0003854 seconds, Stopping threads took: 0.0002196 seconds
[2019-06-24T10:39:23.609+0000][1][safepoint    ] Application time: 1.0002022 seconds
[2019-06-24T10:39:23.609+0000][1][safepoint    ] Entering safepoint region: Cleanup
[2019-06-24T10:39:23.609+0000][1][safepoint    ] Leaving safepoint region
[2019-06-24T10:39:23.609+0000][1][safepoint    ] Total time for which application threads were stopped: 0.0002420 seconds, Stopping threads took: 0.0000888 seconds
[2019-06-24T10:39:24.609+0000][1][safepoint    ] Application time: 1.0001920 seconds
[2019-06-24T10:39:24.609+0000][1][safepoint    ] Entering safepoint region: Cleanup
[2019-06-24T10:39:24.610+0000][1][safepoint    ] Leaving safepoint region
[2019-06-24T10:39:24.610+0000][1][safepoint    ] Total time for which application threads were stopped: 0.0002995 seconds, Stopping threads took: 0.0001012 seconds
[2019-06-24T10:39:25.610+0000][1][safepoint    ] Application time: 1.0002461 seconds
[2019-06-24T10:39:25.611+0000][1][safepoint    ] Entering safepoint region: Cleanup
[2019-06-24T10:39:25.612+0000][1][safepoint    ] Leaving safepoint region
[2019-06-24T10:39:25.612+0000][1][safepoint    ] Total time for which application threads were stopped: 0.0018339 seconds, Stopping threads took: 0.0014357 seconds
[2019-06-24T10:39:26.612+0000][1][safepoint    ] Application time: 1.0001776 seconds
[2019-06-24T10:39:26.612+0000][1][safepoint    ] Entering safepoint region: Cleanup
[2019-06-24T10:39:26.613+0000][1][safepoint    ] Leaving safepoint region
[2019-06-24T10:39:26.613+0000][1][safepoint    ] Total time for which application threads were stopped: 0.0002388 seconds, Stopping threads took: 0.0000846 seconds
[2019-06-24T10:39:27.613+0000][1][safepoint    ] Application time: 1.0001787 seconds
[2019-06-24T10:39:27.613+0000][1][safepoint    ] Entering safepoint region: Cleanup
[2019-06-24T10:39:27.613+0000][1][safepoint    ] Leaving safepoint region
[2019-06-24T10:39:27.613+0000][1][safepoint    ] Total time for which application threads were stopped: 0.0001125 seconds, Stopping threads took: 0.0000315 seconds
[2019-06-24T10:39:28.613+0000][1][safepoint    ] Application time: 1.0001268 seconds
[2019-06-24T10:39:28.613+0000][1][safepoint    ] Entering safepoint region: Cleanup
[2019-06-24T10:39:28.613+0000][1][safepoint    ] Leaving safepoint region
[2019-06-24T10:39:28.614+0000][1][safepoint    ] Total time for which application threads were stopped: 0.0002308 seconds, Stopping threads took: 0.0000661 seconds
[2019-06-24T10:39:29.614+0000][1][safepoint    ] Application time: 1.0001912 seconds
[2019-06-24T10:39:29.614+0000][1][safepoint    ] Entering safepoint region: Cleanup
[2019-06-24T10:39:29.614+0000][1][safepoint    ] Leaving safepoint region
[2019-06-24T10:39:29.614+0000][1][safepoint    ] Total time for which application threads were stopped: 0.0002893 seconds, Stopping threads took: 0.0000704 seconds
[2019-06-24T10:39:30.615+0000][1][safepoint    ] Application time: 1.0003625 seconds
[2019-06-24T10:39:30.615+0000][1][safepoint    ] Entering safepoint region: Cleanup
[2019-06-24T10:39:30.616+0000][1][safepoint    ] Leaving safepoint region
[2019-06-24T10:39:30.616+0000][1][safepoint    ] Total time for which application threads were stopped: 0.0011725 seconds, Stopping threads took: 0.0009524 seconds
[2019-06-24T10:39:31.616+0000][1][safepoint    ] Application time: 1.0002860 seconds
[2019-06-24T10:39:31.616+0000][1][safepoint    ] Entering safepoint region: Cleanup
[2019-06-24T10:39:31.617+0000][1][safepoint    ] Leaving safepoint region
[2019-06-24T10:39:31.617+0000][1][safepoint    ] Total time for which application threads were stopped: 0.0002970 seconds, Stopping threads took: 0.0000642 seconds
[2019-06-24T10:39:32.617+0000][1][safepoint    ] Application time: 1.0002129 seconds
[2019-06-24T10:39:32.617+0000][1][safepoint    ] Entering safepoint region: Cleanup
[2019-06-24T10:39:32.617+0000][1][safepoint    ] Leaving safepoint region
[2019-06-24T10:39:32.617+0000][1][safepoint    ] Total time for which application threads were stopped: 0.0002591 seconds, Stopping threads took: 0.0000633 seconds
[2019-06-24T10:39:33.618+0000][1][safepoint    ] Application time: 1.0002603 seconds
[2019-06-24T10:39:33.618+0000][1][safepoint    ] Entering safepoint region: Cleanup
[2019-06-24T10:39:33.618+0000][1][safepoint    ] Leaving safepoint region
[2019-06-24T10:39:33.618+0000][1][safepoint    ] Total time for which application threads were stopped: 0.0002651 seconds, Stopping threads took: 0.0000655 seconds
[2019-06-24T10:39:34.618+0000][1][safepoint    ] Application time: 1.0001829 seconds
[2019-06-24T10:39:34.618+0000][1][safepoint    ] Entering safepoint region: Cleanup
[2019-06-24T10:39:34.619+0000][1][safepoint    ] Leaving safepoint region
[2019-06-24T10:39:34.619+0000][1][safepoint    ] Total time for which application threads were stopped: 0.0003344 seconds, Stopping threads took: 0.0000809 seconds
[2019-06-24T10:39:35.619+0000][1][safepoint    ] Application time: 1.0001570 seconds
[2019-06-24T10:39:35.619+0000][1][safepoint    ] Entering safepoint region: Cleanup
[2019-06-24T10:39:35.620+0000][1][safepoint    ] Leaving safepoint region
[2019-06-24T10:39:35.620+0000][1][safepoint    ] Total time for which application threads were stopped: 0.0011669 seconds, Stopping threads took: 0.0009279 seconds
[2019-06-24T10:39:36.620+0000][1][safepoint    ] Application time: 1.0001927 seconds
[2019-06-24T10:39:36.620+0000][1][safepoint    ] Entering safepoint region: Cleanup
[2019-06-24T10:39:36.621+0000][1][safepoint    ] Leaving safepoint region
[2019-06-24T10:39:36.621+0000][1][safepoint    ] Total time for which application threads were stopped: 0.0002745 seconds, Stopping threads took: 0.0000660 seconds
[2019-06-24T10:39:37.621+0000][1][safepoint    ] Application time: 1.0002542 seconds
[2019-06-24T10:39:37.621+0000][1][safepoint    ] Entering safepoint region: Cleanup
[2019-06-24T10:39:37.621+0000][1][safepoint    ] Leaving safepoint region
[2019-06-24T10:39:37.621+0000][1][safepoint    ] Total time for which application threads were stopped: 0.0001374 seconds, Stopping threads took: 0.0000362 seconds
[2019-06-24T10:39:38.621+0000][1][safepoint    ] Application time: 1.0002400 seconds
[2019-06-24T10:39:38.622+0000][1][safepoint    ] Entering safepoint region: Cleanup
[2019-06-24T10:39:38.622+0000][1][safepoint    ] Leaving safepoint region
[2019-06-24T10:39:38.622+0000][1][safepoint    ] Total time for which application threads were stopped: 0.0002598 seconds, Stopping threads took: 0.0000578 seconds
[2019-06-24T10:39:39.622+0000][1][safepoint    ] Application time: 1.0002596 seconds
[2019-06-24T10:39:39.622+0000][1][safepoint    ] Entering safepoint region: Cleanup
[2019-06-24T10:39:39.622+0000][1][safepoint    ] Leaving safepoint region
[2019-06-24T10:39:39.623+0000][1][safepoint    ] Total time for which application threads were stopped: 0.0002935 seconds, Stopping threads took: 0.0000647 seconds
[2019-06-24T10:39:40.623+0000][1][safepoint    ] Application time: 1.0001357 seconds
[2019-06-24T10:39:40.623+0000][1][safepoint    ] Entering safepoint region: Cleanup
[2019-06-24T10:39:40.624+0000][1][safepoint    ] Leaving safepoint region
[2019-06-24T10:39:40.624+0000][1][safepoint    ] Total time for which application threads were stopped: 0.0011885 seconds, Stopping threads took: 0.0009332 seconds
[2019-06-24T10:39:41.624+0000][1][safepoint    ] Application time: 1.0002684 seconds
[2019-06-24T10:39:41.624+0000][1][safepoint    ] Entering safepoint region: Cleanup
[2019-06-24T10:39:41.625+0000][1][safepoint    ] Leaving safepoint region
[2019-06-24T10:39:41.625+0000][1][safepoint    ] Total time for which application threads were stopped: 0.0002340 seconds, Stopping threads took: 0.0000640 seconds
[2019-06-24T10:39:42.625+0000][1][safepoint    ] Application time: 1.0002406 seconds
[2019-06-24T10:39:42.625+0000][1][safepoint    ] Entering safepoint region: Cleanup
[2019-06-24T10:39:42.625+0000][1][safepoint    ] Leaving safepoint region
[2019-06-24T10:39:42.625+0000][1][safepoint    ] Total time for which application threads were stopped: 0.0002284 seconds, Stopping threads took: 0.0000632 seconds
[2019-06-24T10:39:43.625+0000][1][safepoint    ] Application time: 1.0001386 seconds
[2019-06-24T10:39:43.625+0000][1][safepoint    ] Entering safepoint region: Cleanup
[2019-06-24T10:39:43.626+0000][1][safepoint    ] Leaving safepoint region
[2019-06-24T10:39:43.626+0000][1][safepoint    ] Total time for which application threads were stopped: 0.0000898 seconds, Stopping threads took: 0.0000247 seconds
[2019-06-24T10:39:44.626+0000][1][safepoint    ] Application time: 1.0002236 seconds
[2019-06-24T10:39:44.626+0000][1][safepoint    ] Entering safepoint region: Cleanup
[2019-06-24T10:39:44.626+0000][1][safepoint    ] Leaving safepoint region
[2019-06-24T10:39:44.626+0000][1][safepoint    ] Total time for which application threads were stopped: 0.0002273 seconds, Stopping threads took: 0.0000642 seconds
[2019-06-24T10:39:45.626+0000][1][safepoint    ] Application time: 1.0002573 seconds
[2019-06-24T10:39:45.627+0000][1][safepoint    ] Entering safepoint region: Cleanup
[2019-06-24T10:39:45.628+0000][1][safepoint    ] Leaving safepoint region
[2019-06-24T10:39:45.628+0000][1][safepoint    ] Total time for which application threads were stopped: 0.0012222 seconds, Stopping threads took: 0.0009941 seconds
[2019-06-24T10:39:46.628+0000][1][safepoint    ] Application time: 1.0001810 seconds
[2019-06-24T10:39:46.628+0000][1][safepoint    ] Entering safepoint region: Cleanup
[2019-06-24T10:39:46.628+0000][1][safepoint    ] Leaving safepoint region
[2019-06-24T10:39:46.628+0000][1][safepoint    ] Total time for which application threads were stopped: 0.0002425 seconds, Stopping threads took: 0.0000561 seconds
[2019-06-24T10:39:47.629+0000][1][safepoint    ] Application time: 1.0002563 seconds
[2019-06-24T10:39:47.629+0000][1][safepoint    ] Entering safepoint region: Cleanup
[2019-06-24T10:39:47.629+0000][1][safepoint    ] Leaving safepoint region
[2019-06-24T10:39:47.629+0000][1][safepoint    ] Total time for which application threads were stopped: 0.0002299 seconds, Stopping threads took: 0.0000631 seconds
[2019-06-24T10:39:48.629+0000][1][safepoint    ] Application time: 1.0002682 seconds
[2019-06-24T10:39:48.629+0000][1][safepoint    ] Entering safepoint region: Cleanup
[2019-06-24T10:39:48.630+0000][1][safepoint    ] Leaving safepoint region
[2019-06-24T10:39:48.630+0000][1][safepoint    ] Total time for which application threads were stopped: 0.0002431 seconds, Stopping threads took: 0.0000651 seconds
[2019-06-24T10:39:49.630+0000][1][safepoint    ] Application time: 1.0001618 seconds
[2019-06-24T10:39:49.630+0000][1][safepoint    ] Entering safepoint region: Cleanup
[2019-06-24T10:39:49.630+0000][1][safepoint    ] Leaving safepoint region
[2019-06-24T10:39:49.630+0000][1][safepoint    ] Total time for which application threads were stopped: 0.0001320 seconds, Stopping threads took: 0.0000423 seconds
[2019-06-24T10:39:50.630+0000][1][safepoint    ] Application time: 1.0001294 seconds
[2019-06-24T10:39:50.630+0000][1][safepoint    ] Entering safepoint region: Cleanup
[2019-06-24T10:39:50.630+0000][1][safepoint    ] Leaving safepoint region
[2019-06-24T10:39:50.630+0000][1][safepoint    ] Total time for which application threads were stopped: 0.0001603 seconds, Stopping threads took: 0.0000239 seconds
[2019-06-24T10:39:51.631+0000][1][safepoint    ] Application time: 1.0002696 seconds
[2019-06-24T10:39:51.631+0000][1][safepoint    ] Entering safepoint region: Cleanup
[2019-06-24T10:39:51.631+0000][1][safepoint    ] Leaving safepoint region
[2019-06-24T10:39:51.631+0000][1][safepoint    ] Total time for which application threads were stopped: 0.0002338 seconds, Stopping threads took: 0.0000661 seconds
[2019-06-24T10:39:52.631+0000][1][safepoint    ] Application time: 1.0002018 seconds
[2019-06-24T10:39:52.631+0000][1][safepoint    ] Entering safepoint region: Cleanup
[2019-06-24T10:39:52.632+0000][1][safepoint    ] Leaving safepoint region
[2019-06-24T10:39:52.632+0000][1][safepoint    ] Total time for which application threads were stopped: 0.0002623 seconds, Stopping threads took: 0.0000847 seconds
[2019-06-24T10:39:53.632+0000][1][safepoint    ] Application time: 1.0002608 seconds
[2019-06-24T10:39:53.632+0000][1][safepoint    ] Entering safepoint region: Cleanup
[2019-06-24T10:39:53.632+0000][1][safepoint    ] Leaving safepoint region
[2019-06-24T10:39:53.632+0000][1][safepoint    ] Total time for which application threads were stopped: 0.0002341 seconds, Stopping threads took: 0.0000654 seconds
[2019-06-24T10:39:54.633+0000][1][safepoint    ] Application time: 1.0002701 seconds
[2019-06-24T10:39:54.633+0000][1][safepoint    ] Entering safepoint region: Cleanup
[2019-06-24T10:39:54.633+0000][1][safepoint    ] Leaving safepoint region
[2019-06-24T10:39:54.633+0000][1][safepoint    ] Total time for which application threads were stopped: 0.0002329 seconds, Stopping threads took: 0.0000641 seconds
[2019-06-24T10:39:55.633+0000][1][safepoint    ] Application time: 1.0002885 seconds
[2019-06-24T10:39:55.633+0000][1][safepoint    ] Entering safepoint region: Cleanup
[2019-06-24T10:39:55.634+0000][1][safepoint    ] Leaving safepoint region
[2019-06-24T10:39:55.634+0000][1][safepoint    ] Total time for which application threads were stopped: 0.0002683 seconds, Stopping threads took: 0.0000921 seconds
[2019-06-24T10:39:56.634+0000][1][safepoint    ] Application time: 1.0002008 seconds
[2019-06-24T10:39:56.634+0000][1][safepoint    ] Entering safepoint region: Cleanup
[2019-06-24T10:39:56.634+0000][1][safepoint    ] Leaving safepoint region
[2019-06-24T10:39:56.634+0000][1][safepoint    ] Total time for which application threads were stopped: 0.0002030 seconds, Stopping threads took: 0.0000557 seconds
[2019-06-24T10:39:57.635+0000][1][safepoint    ] Application time: 1.0001901 seconds
[2019-06-24T10:39:57.635+0000][1][safepoint    ] Entering safepoint region: Cleanup
[2019-06-24T10:39:57.635+0000][1][safepoint    ] Leaving safepoint region
[2019-06-24T10:39:57.635+0000][1][safepoint    ] Total time for which application threads were stopped: 0.0002275 seconds, Stopping threads took: 0.0000644 seconds
[2019-06-24T10:39:58.635+0000][1][safepoint    ] Application time: 1.0001755 seconds
[2019-06-24T10:39:58.635+0000][1][safepoint    ] Entering safepoint region: Cleanup
[2019-06-24T10:39:58.635+0000][1][safepoint    ] Leaving safepoint region
[2019-06-24T10:39:58.635+0000][1][safepoint    ] Total time for which application threads were stopped: 0.0002013 seconds, Stopping threads took: 0.0000563 seconds
[2019-06-24T10:39:59.636+0000][1][safepoint    ] Application time: 1.0001878 seconds
[2019-06-24T10:39:59.636+0000][1][safepoint    ] Entering safepoint region: Cleanup
[2019-06-24T10:39:59.636+0000][1][safepoint    ] Leaving safepoint region
[2019-06-24T10:39:59.636+0000][1][safepoint    ] Total time for which application threads were stopped: 0.0002719 seconds, Stopping threads took: 0.0000813 seconds
[2019-06-24T10:40:00.636+0000][1][safepoint    ] Application time: 1.0001835 seconds
[2019-06-24T10:40:00.636+0000][1][safepoint    ] Entering safepoint region: Cleanup
[2019-06-24T10:40:00.636+0000][1][safepoint    ] Leaving safepoint region
[2019-06-24T10:40:00.636+0000][1][safepoint    ] Total time for which application threads were stopped: 0.0002273 seconds, Stopping threads took: 0.0000637 seconds
[2019-06-24T10:40:01.637+0000][1][safepoint    ] Application time: 1.0002247 seconds
[2019-06-24T10:40:01.637+0000][1][safepoint    ] Entering safepoint region: Cleanup
[2019-06-24T10:40:01.637+0000][1][safepoint    ] Leaving safepoint region
[2019-06-24T10:40:01.637+0000][1][safepoint    ] Total time for which application threads were stopped: 0.0002303 seconds, Stopping threads took: 0.0000632 seconds
[2019-06-24T10:40:02.637+0000][1][safepoint    ] Application time: 1.0001740 seconds
[2019-06-24T10:40:02.637+0000][1][safepoint    ] Entering safepoint region: Cleanup
[2019-06-24T10:40:02.638+0000][1][safepoint    ] Leaving safepoint region
[2019-06-24T10:40:02.638+0000][1][safepoint    ] Total time for which application threads were stopped: 0.0002295 seconds, Stopping threads took: 0.0000660 seconds
[2019-06-24T10:40:03.638+0000][1][safepoint    ] Application time: 1.0002587 seconds
[2019-06-24T10:40:03.638+0000][1][safepoint    ] Entering safepoint region: Cleanup
[2019-06-24T10:40:03.638+0000][1][safepoint    ] Leaving safepoint region
[2019-06-24T10:40:03.638+0000][1][safepoint    ] Total time for which application threads were stopped: 0.0002377 seconds, Stopping threads took: 0.0000665 seconds
[2019-06-24T10:40:04.639+0000][1][safepoint    ] Application time: 1.0002914 seconds
[2019-06-24T10:40:04.639+0000][1][safepoint    ] Entering safepoint region: Cleanup
[2019-06-24T10:40:04.639+0000][1][safepoint    ] Leaving safepoint region
[2019-06-24T10:40:04.639+0000][1][safepoint    ] Total time for which application threads were stopped: 0.0002787 seconds, Stopping threads took: 0.0000764 seconds
[2019-06-24T10:40:05.639+0000][1][safepoint    ] Application time: 1.0002774 seconds
[2019-06-24T10:40:05.639+0000][1][safepoint    ] Entering safepoint region: Cleanup
[2019-06-24T10:40:05.640+0000][1][safepoint    ] Leaving safepoint region
[2019-06-24T10:40:05.640+0000][1][safepoint    ] Total time for which application threads were stopped: 0.0002643 seconds, Stopping threads took: 0.0000950 seconds
[2019-06-24T10:40:06.640+0000][1][safepoint    ] Application time: 1.0001827 seconds
[2019-06-24T10:40:06.640+0000][1][safepoint    ] Entering safepoint region: Cleanup
[2019-06-24T10:40:06.640+0000][1][safepoint    ] Leaving safepoint region
[2019-06-24T10:40:06.640+0000][1][safepoint    ] Total time for which application threads were stopped: 0.0002207 seconds, Stopping threads took: 0.0000630 seconds
[2019-06-24T10:40:07.641+0000][1][safepoint    ] Application time: 1.0002231 seconds
[2019-06-24T10:40:07.641+0000][1][safepoint    ] Entering safepoint region: Cleanup
[2019-06-24T10:40:07.641+0000][1][safepoint    ] Leaving safepoint region
[2019-06-24T10:40:07.641+0000][1][safepoint    ] Total time for which application threads were stopped: 0.0002331 seconds, Stopping threads took: 0.0000644 seconds
[2019-06-24T10:40:08.641+0000][1][safepoint    ] Application time: 1.0002690 seconds
[2019-06-24T10:40:08.641+0000][1][safepoint    ] Entering safepoint region: Cleanup
[2019-06-24T10:40:08.641+0000][1][safepoint    ] Leaving safepoint region
[2019-06-24T10:40:08.641+0000][1][safepoint    ] Total time for which application threads were stopped: 0.0002315 seconds, Stopping threads took: 0.0000649 seconds
[2019-06-24T10:40:09.642+0000][1][safepoint    ] Application time: 1.0002681 seconds
[2019-06-24T10:40:09.642+0000][1][safepoint    ] Entering safepoint region: Cleanup
[2019-06-24T10:40:09.642+0000][1][safepoint    ] Leaving safepoint region
[2019-06-24T10:40:09.642+0000][1][safepoint    ] Total time for which application threads were stopped: 0.0002314 seconds, Stopping threads took: 0.0000651 seconds
[2019-06-24T10:40:10.642+0000][1][safepoint    ] Application time: 1.0002161 seconds
[2019-06-24T10:40:10.643+0000][1][safepoint    ] Entering safepoint region: Cleanup
[2019-06-24T10:40:10.643+0000][1][safepoint    ] Leaving safepoint region
[2019-06-24T10:40:10.643+0000][1][safepoint    ] Total time for which application threads were stopped: 0.0002257 seconds, Stopping threads took: 0.0000657 seconds
[2019-06-24T10:40:11.643+0000][1][safepoint    ] Application time: 1.0001987 seconds
[2019-06-24T10:40:11.643+0000][1][safepoint    ] Entering safepoint region: Cleanup
[2019-06-24T10:40:11.643+0000][1][safepoint    ] Leaving safepoint region
[2019-06-24T10:40:11.643+0000][1][safepoint    ] Total time for which application threads were stopped: 0.0002019 seconds, Stopping threads took: 0.0000551 seconds
[2019-06-24T10:40:12.643+0000][1][safepoint    ] Application time: 1.0001864 seconds
[2019-06-24T10:40:12.644+0000][1][safepoint    ] Entering safepoint region: Cleanup
[2019-06-24T10:40:12.644+0000][1][safepoint    ] Leaving safepoint region
[2019-06-24T10:40:12.644+0000][1][safepoint    ] Total time for which application threads were stopped: 0.0002620 seconds, Stopping threads took: 0.0000903 seconds
[2019-06-24T10:40:13.644+0000][1][safepoint    ] Application time: 1.0001972 seconds
[2019-06-24T10:40:13.644+0000][1][safepoint    ] Entering safepoint region: Cleanup
[2019-06-24T10:40:13.644+0000][1][safepoint    ] Leaving safepoint region
[2019-06-24T10:40:13.644+0000][1][safepoint    ] Total time for which application threads were stopped: 0.0002281 seconds, Stopping threads took: 0.0000643 seconds
[2019-06-24T10:40:14.645+0000][1][safepoint    ] Application time: 1.0002526 seconds
[2019-06-24T10:40:14.645+0000][1][safepoint    ] Entering safepoint region: Cleanup
[2019-06-24T10:40:14.645+0000][1][safepoint    ] Leaving safepoint region
[2019-06-24T10:40:14.645+0000][1][safepoint    ] Total time for which application threads were stopped: 0.0002261 seconds, Stopping threads took: 0.0000644 seconds
[2019-06-24T10:40:15.645+0000][1][safepoint    ] Application time: 1.0002062 seconds
[2019-06-24T10:40:15.645+0000][1][safepoint    ] Entering safepoint region: Cleanup
[2019-06-24T10:40:15.646+0000][1][safepoint    ] Leaving safepoint region
[2019-06-24T10:40:15.646+0000][1][safepoint    ] Total time for which application threads were stopped: 0.0002585 seconds, Stopping threads took: 0.0000708 seconds
[2019-06-24T10:40:16.646+0000][1][safepoint    ] Application time: 1.0001961 seconds
[2019-06-24T10:40:16.646+0000][1][safepoint    ] Entering safepoint region: Cleanup
[2019-06-24T10:40:16.646+0000][1][safepoint    ] Leaving safepoint region
[2019-06-24T10:40:16.646+0000][1][safepoint    ] Total time for which application threads were stopped: 0.0002266 seconds, Stopping threads took: 0.0000651 seconds
[2019-06-24T10:40:17.676+0000][1][safepoint    ] Application time: 1.0300468 seconds
[2019-06-24T10:40:17.676+0000][1][safepoint    ] Entering safepoint region: Cleanup
[2019-06-24T10:40:17.678+0000][1][safepoint    ] Leaving safepoint region
[2019-06-24T10:40:17.678+0000][1][safepoint    ] Total time for which application threads were stopped: 0.0011994 seconds, Stopping threads took: 0.0009815 seconds
[2019-06-24T10:40:18.678+0000][1][safepoint    ] Application time: 1.0002590 seconds
[2019-06-24T10:40:18.678+0000][1][safepoint    ] Entering safepoint region: Cleanup
[2019-06-24T10:40:18.678+0000][1][safepoint    ] Leaving safepoint region
[2019-06-24T10:40:18.678+0000][1][safepoint    ] Total time for which application threads were stopped: 0.0002327 seconds, Stopping threads took: 0.0000651 seconds
[2019-06-24T10:40:19.679+0000][1][safepoint    ] Application time: 1.0002664 seconds
[2019-06-24T10:40:19.679+0000][1][safepoint    ] Entering safepoint region: Cleanup
[2019-06-24T10:40:19.679+0000][1][safepoint    ] Leaving safepoint region
[2019-06-24T10:40:19.679+0000][1][safepoint    ] Total time for which application threads were stopped: 0.0002217 seconds, Stopping threads took: 0.0000647 seconds
[2019-06-24T10:40:20.679+0000][1][safepoint    ] Application time: 1.0002116 seconds
[2019-06-24T10:40:20.679+0000][1][safepoint    ] Entering safepoint region: Cleanup
[2019-06-24T10:40:20.679+0000][1][safepoint    ] Leaving safepoint region
[2019-06-24T10:40:20.679+0000][1][safepoint    ] Total time for which application threads were stopped: 0.0001738 seconds, Stopping threads took: 0.0000425 seconds
[2019-06-24T10:40:21.680+0000][1][safepoint    ] Application time: 1.0002039 seconds
[2019-06-24T10:40:21.680+0000][1][safepoint    ] Entering safepoint region: Cleanup
[2019-06-24T10:40:21.680+0000][1][safepoint    ] Leaving safepoint region
[2019-06-24T10:40:21.680+0000][1][safepoint    ] Total time for which application threads were stopped: 0.0002459 seconds, Stopping threads took: 0.0000646 seconds
[2019-06-24T10:40:22.680+0000][1][safepoint    ] Application time: 1.0002653 seconds
[2019-06-24T10:40:22.680+0000][1][safepoint    ] Entering safepoint region: Cleanup
[2019-06-24T10:40:22.681+0000][1][safepoint    ] Leaving safepoint region
[2019-06-24T10:40:22.681+0000][1][safepoint    ] Total time for which application threads were stopped: 0.0002335 seconds, Stopping threads took: 0.0000655 seconds
[2019-06-24T10:40:23.681+0000][1][safepoint    ] Application time: 1.0001772 seconds
[2019-06-24T10:40:23.681+0000][1][safepoint    ] Entering safepoint region: Cleanup
[2019-06-24T10:40:23.681+0000][1][safepoint    ] Leaving safepoint region
[2019-06-24T10:40:23.681+0000][1][safepoint    ] Total time for which application threads were stopped: 0.0001181 seconds, Stopping threads took: 0.0000328 seconds
[2019-06-24T10:40:24.681+0000][1][safepoint    ] Application time: 1.0002533 seconds
[2019-06-24T10:40:24.681+0000][1][safepoint    ] Entering safepoint region: Cleanup
[2019-06-24T10:40:24.682+0000][1][safepoint    ] Leaving safepoint region
[2019-06-24T10:40:24.682+0000][1][safepoint    ] Total time for which application threads were stopped: 0.0002344 seconds, Stopping threads took: 0.0000646 seconds
[2019-06-24T10:40:25.682+0000][1][safepoint    ] Application time: 1.0002651 seconds
[2019-06-24T10:40:25.682+0000][1][safepoint    ] Entering safepoint region: Cleanup
[2019-06-24T10:40:25.682+0000][1][safepoint    ] Leaving safepoint region
[2019-06-24T10:40:25.682+0000][1][safepoint    ] Total time for which application threads were stopped: 0.0002311 seconds, Stopping threads took: 0.0000643 seconds
[2019-06-24T10:40:26.683+0000][1][safepoint    ] Application time: 1.0002088 seconds
[2019-06-24T10:40:26.683+0000][1][safepoint    ] Entering safepoint region: Cleanup
[2019-06-24T10:40:26.683+0000][1][safepoint    ] Leaving safepoint region
[2019-06-24T10:40:26.683+0000][1][safepoint    ] Total time for which application threads were stopped: 0.0002446 seconds, Stopping threads took: 0.0000685 seconds
[2019-06-24T10:40:27.683+0000][1][safepoint    ] Application time: 1.0001929 seconds
[2019-06-24T10:40:27.683+0000][1][safepoint    ] Entering safepoint region: Cleanup
[2019-06-24T10:40:27.683+0000][1][safepoint    ] Leaving safepoint region
[2019-06-24T10:40:27.683+0000][1][safepoint    ] Total time for which application threads were stopped: 0.0002302 seconds, Stopping threads took: 0.0000647 seconds
[2019-06-24T10:40:28.684+0000][1][safepoint    ] Application time: 1.0001454 seconds
[2019-06-24T10:40:28.684+0000][1][safepoint    ] Entering safepoint region: Cleanup
[2019-06-24T10:40:28.684+0000][1][safepoint    ] Leaving safepoint region
[2019-06-24T10:40:28.684+0000][1][safepoint    ] Total time for which application threads were stopped: 0.0002963 seconds, Stopping threads took: 0.0000811 seconds
[2019-06-24T10:40:29.684+0000][1][safepoint    ] Application time: 1.0001853 seconds
[2019-06-24T10:40:29.684+0000][1][safepoint    ] Entering safepoint region: Cleanup
[2019-06-24T10:40:29.685+0000][1][safepoint    ] Leaving safepoint region
[2019-06-24T10:40:29.685+0000][1][safepoint    ] Total time for which application threads were stopped: 0.0001562 seconds, Stopping threads took: 0.0000418 seconds
[2019-06-24T10:40:30.685+0000][1][safepoint    ] Application time: 1.0001890 seconds
[2019-06-24T10:40:30.685+0000][1][safepoint    ] Entering safepoint region: Cleanup
[2019-06-24T10:40:30.685+0000][1][safepoint    ] Leaving safepoint region
[2019-06-24T10:40:30.685+0000][1][safepoint    ] Total time for which application threads were stopped: 0.0003423 seconds, Stopping threads took: 0.0000927 seconds
[2019-06-24T10:40:31.686+0000][1][safepoint    ] Application time: 1.0002078 seconds
[2019-06-24T10:40:31.686+0000][1][safepoint    ] Entering safepoint region: Cleanup
[2019-06-24T10:40:31.686+0000][1][safepoint    ] Leaving safepoint region
[2019-06-24T10:40:31.686+0000][1][safepoint    ] Total time for which application threads were stopped: 0.0002317 seconds, Stopping threads took: 0.0000653 seconds
[2019-06-24T10:40:32.686+0000][1][safepoint    ] Application time: 1.0001618 seconds
[2019-06-24T10:40:32.686+0000][1][safepoint    ] Entering safepoint region: Cleanup
[2019-06-24T10:40:32.686+0000][1][safepoint    ] Leaving safepoint region
[2019-06-24T10:40:32.687+0000][1][safepoint    ] Total time for which application threads were stopped: 0.0003756 seconds, Stopping threads took: 0.0000883 seconds
[2019-06-24T10:40:33.092+0000][1][safepoint    ] Application time: 0.4051207 seconds
[2019-06-24T10:40:33.092+0000][1][safepoint    ] Entering safepoint region: GenCollectForAllocation
[2019-06-24T10:40:33.092+0000][1][gc,start     ] GC(45) Pause Young (Allocation Failure)
[2019-06-24T10:40:33.092+0000][1][gc,task      ] GC(45) Using 5 workers of 8 for evacuation
[2019-06-24T10:40:33.093+0000][1][gc,age       ] GC(45) Desired survivor size 4456448 bytes, new threshold 6 (max threshold 6)
[2019-06-24T10:40:33.093+0000][1][gc,age       ] GC(45) Age table with threshold 6 (max threshold 6)
[2019-06-24T10:40:33.093+0000][1][gc,age       ] GC(45) - age   1:       3944 bytes,       3944 total
[2019-06-24T10:40:33.093+0000][1][gc,age       ] GC(45) - age   2:       6992 bytes,      10936 total
[2019-06-24T10:40:33.093+0000][1][gc,age       ] GC(45) - age   3:        744 bytes,      11680 total
[2019-06-24T10:40:33.093+0000][1][gc,age       ] GC(45) - age   5:         56 bytes,      11736 total
[2019-06-24T10:40:33.093+0000][1][gc,heap      ] GC(45) ParNew: 69970K->18K(78656K)
[2019-06-24T10:40:33.093+0000][1][gc,heap      ] GC(45) CMS: 69618K->69618K(174784K)
[2019-06-24T10:40:33.093+0000][1][gc,metaspace ] GC(45) Metaspace: 68195K->68195K(1112064K)
[2019-06-24T10:40:33.093+0000][1][gc           ] GC(45) Pause Young (Allocation Failure) 136M->68M(247M) 1.150ms
[2019-06-24T10:40:33.093+0000][1][gc,cpu       ] GC(45) User=0.00s Sys=0.00s Real=0.00s
[2019-06-24T10:40:33.093+0000][1][safepoint    ] Leaving safepoint region
[2019-06-24T10:40:33.093+0000][1][safepoint    ] Total time for which application threads were stopped: 0.0012962 seconds, Stopping threads took: 0.0000209 seconds
[2019-06-24T10:40:34.093+0000][1][safepoint    ] Application time: 1.0001990 seconds
[2019-06-24T10:40:34.093+0000][1][safepoint    ] Entering safepoint region: Cleanup
[2019-06-24T10:40:34.094+0000][1][safepoint    ] Leaving safepoint region
[2019-06-24T10:40:34.094+0000][1][safepoint    ] Total time for which application threads were stopped: 0.0002228 seconds, Stopping threads took: 0.0000635 seconds
[2019-06-24T10:40:35.094+0000][1][safepoint    ] Application time: 1.0002085 seconds
[2019-06-24T10:40:35.094+0000][1][safepoint    ] Entering safepoint region: Cleanup
[2019-06-24T10:40:35.094+0000][1][safepoint    ] Leaving safepoint region
[2019-06-24T10:40:35.094+0000][1][safepoint    ] Total time for which application threads were stopped: 0.0003342 seconds, Stopping threads took: 0.0001429 seconds
[2019-06-24T10:40:36.095+0000][1][safepoint    ] Application time: 1.0002994 seconds
[2019-06-24T10:40:36.095+0000][1][safepoint    ] Entering safepoint region: Cleanup
[2019-06-24T10:40:36.095+0000][1][safepoint    ] Leaving safepoint region
[2019-06-24T10:40:36.095+0000][1][safepoint    ] Total time for which application threads were stopped: 0.0002532 seconds, Stopping threads took: 0.0000966 seconds
[2019-06-24T10:40:37.095+0000][1][safepoint    ] Application time: 1.0002759 seconds
[2019-06-24T10:40:37.095+0000][1][safepoint    ] Entering safepoint region: Cleanup
[2019-06-24T10:40:37.096+0000][1][safepoint    ] Leaving safepoint region
[2019-06-24T10:40:37.096+0000][1][safepoint    ] Total time for which application threads were stopped: 0.0002285 seconds, Stopping threads took: 0.0000662 seconds
[2019-06-24T10:40:38.096+0000][1][safepoint    ] Application time: 1.0002660 seconds
[2019-06-24T10:40:38.096+0000][1][safepoint    ] Entering safepoint region: Cleanup
[2019-06-24T10:40:38.096+0000][1][safepoint    ] Leaving safepoint region
[2019-06-24T10:40:38.096+0000][1][safepoint    ] Total time for which application threads were stopped: 0.0002293 seconds, Stopping threads took: 0.0000665 seconds
[2019-06-24T10:40:39.097+0000][1][safepoint    ] Application time: 1.0002688 seconds
[2019-06-24T10:40:39.097+0000][1][safepoint    ] Entering safepoint region: Cleanup
[2019-06-24T10:40:39.097+0000][1][safepoint    ] Leaving safepoint region
[2019-06-24T10:40:39.097+0000][1][safepoint    ] Total time for which application threads were stopped: 0.0002287 seconds, Stopping threads took: 0.0000678 seconds
[2019-06-24T10:40:40.097+0000][1][safepoint    ] Application time: 1.0001338 seconds
[2019-06-24T10:40:40.097+0000][1][safepoint    ] Entering safepoint region: Cleanup
[2019-06-24T10:40:40.097+0000][1][safepoint    ] Leaving safepoint region
[2019-06-24T10:40:40.097+0000][1][safepoint    ] Total time for which application threads were stopped: 0.0002431 seconds, Stopping threads took: 0.0000555 seconds
[2019-06-24T10:40:41.098+0000][1][safepoint    ] Application time: 1.0002628 seconds
[2019-06-24T10:40:41.098+0000][1][safepoint    ] Entering safepoint region: Cleanup
[2019-06-24T10:40:41.098+0000][1][safepoint    ] Leaving safepoint region
[2019-06-24T10:40:41.098+0000][1][safepoint    ] Total time for which application threads were stopped: 0.0002247 seconds, Stopping threads took: 0.0000645 seconds
[2019-06-24T10:40:42.098+0000][1][safepoint    ] Application time: 1.0002680 seconds
[2019-06-24T10:40:42.099+0000][1][safepoint    ] Entering safepoint region: Cleanup
[2019-06-24T10:40:42.099+0000][1][safepoint    ] Leaving safepoint region
[2019-06-24T10:40:42.099+0000][1][safepoint    ] Total time for which application threads were stopped: 0.0003141 seconds, Stopping threads took: 0.0001515 seconds
[2019-06-24T10:40:43.099+0000][1][safepoint    ] Application time: 1.0001830 seconds
[2019-06-24T10:40:43.099+0000][1][safepoint    ] Entering safepoint region: Cleanup
[2019-06-24T10:40:43.099+0000][1][safepoint    ] Leaving safepoint region
[2019-06-24T10:40:43.099+0000][1][safepoint    ] Total time for which application threads were stopped: 0.0002246 seconds, Stopping threads took: 0.0000655 seconds
[2019-06-24T10:40:44.100+0000][1][safepoint    ] Application time: 1.0001337 seconds
[2019-06-24T10:40:44.100+0000][1][safepoint    ] Entering safepoint region: Cleanup
[2019-06-24T10:40:44.100+0000][1][safepoint    ] Leaving safepoint region
[2019-06-24T10:40:44.100+0000][1][safepoint    ] Total time for which application threads were stopped: 0.0002015 seconds, Stopping threads took: 0.0000581 seconds
[2019-06-24T10:40:45.100+0000][1][safepoint    ] Application time: 1.0002579 seconds
[2019-06-24T10:40:45.100+0000][1][safepoint    ] Entering safepoint region: Cleanup
[2019-06-24T10:40:45.100+0000][1][safepoint    ] Leaving safepoint region
[2019-06-24T10:40:45.100+0000][1][safepoint    ] Total time for which application threads were stopped: 0.0002255 seconds, Stopping threads took: 0.0000650 seconds
[2019-06-24T10:40:46.101+0000][1][safepoint    ] Application time: 1.0002667 seconds
[2019-06-24T10:40:46.101+0000][1][safepoint    ] Entering safepoint region: Cleanup
[2019-06-24T10:40:46.101+0000][1][safepoint    ] Leaving safepoint region
[2019-06-24T10:40:46.101+0000][1][safepoint    ] Total time for which application threads were stopped: 0.0002241 seconds, Stopping threads took: 0.0000643 seconds
[2019-06-24T10:40:47.101+0000][1][safepoint    ] Application time: 1.0002594 seconds
[2019-06-24T10:40:47.101+0000][1][safepoint    ] Entering safepoint region: Cleanup
[2019-06-24T10:40:47.102+0000][1][safepoint    ] Leaving safepoint region
[2019-06-24T10:40:47.102+0000][1][safepoint    ] Total time for which application threads were stopped: 0.0002202 seconds, Stopping threads took: 0.0000653 seconds
[2019-06-24T10:40:48.102+0000][1][safepoint    ] Application time: 1.0002841 seconds
[2019-06-24T10:40:48.102+0000][1][safepoint    ] Entering safepoint region: Cleanup
[2019-06-24T10:40:48.102+0000][1][safepoint    ] Leaving safepoint region
[2019-06-24T10:40:48.102+0000][1][safepoint    ] Total time for which application threads were stopped: 0.0002370 seconds, Stopping threads took: 0.0000655 seconds
[2019-06-24T10:40:49.103+0000][1][safepoint    ] Application time: 1.0002777 seconds
[2019-06-24T10:40:49.103+0000][1][safepoint    ] Entering safepoint region: Cleanup
[2019-06-24T10:40:49.103+0000][1][safepoint    ] Leaving safepoint region
[2019-06-24T10:40:49.103+0000][1][safepoint    ] Total time for which application threads were stopped: 0.0002312 seconds, Stopping threads took: 0.0000650 seconds
[2019-06-24T10:40:50.103+0000][1][safepoint    ] Application time: 1.0002115 seconds
[2019-06-24T10:40:50.103+0000][1][safepoint    ] Entering safepoint region: Cleanup
[2019-06-24T10:40:50.104+0000][1][safepoint    ] Leaving safepoint region
[2019-06-24T10:40:50.104+0000][1][safepoint    ] Total time for which application threads were stopped: 0.0002260 seconds, Stopping threads took: 0.0000644 seconds
[2019-06-24T10:40:51.104+0000][1][safepoint    ] Application time: 1.0002590 seconds
[2019-06-24T10:40:51.104+0000][1][safepoint    ] Entering safepoint region: Cleanup
[2019-06-24T10:40:51.104+0000][1][safepoint    ] Leaving safepoint region
[2019-06-24T10:40:51.104+0000][1][safepoint    ] Total time for which application threads were stopped: 0.0002723 seconds, Stopping threads took: 0.0000820 seconds
[2019-06-24T10:40:52.105+0000][1][safepoint    ] Application time: 1.0002706 seconds
[2019-06-24T10:40:52.105+0000][1][safepoint    ] Entering safepoint region: Cleanup
[2019-06-24T10:40:52.105+0000][1][safepoint    ] Leaving safepoint region
[2019-06-24T10:40:52.105+0000][1][safepoint    ] Total time for which application threads were stopped: 0.0002574 seconds, Stopping threads took: 0.0000989 seconds
[2019-06-24T10:40:53.105+0000][1][safepoint    ] Application time: 1.0002601 seconds
[2019-06-24T10:40:53.105+0000][1][safepoint    ] Entering safepoint region: Cleanup
[2019-06-24T10:40:53.106+0000][1][safepoint    ] Leaving safepoint region
[2019-06-24T10:40:53.106+0000][1][safepoint    ] Total time for which application threads were stopped: 0.0002230 seconds, Stopping threads took: 0.0000637 seconds
[2019-06-24T10:40:54.106+0000][1][safepoint    ] Application time: 1.0002552 seconds
[2019-06-24T10:40:54.106+0000][1][safepoint    ] Entering safepoint region: Cleanup
[2019-06-24T10:40:54.106+0000][1][safepoint    ] Leaving safepoint region
[2019-06-24T10:40:54.106+0000][1][safepoint    ] Total time for which application threads were stopped: 0.0002226 seconds, Stopping threads took: 0.0000638 seconds
[2019-06-24T10:40:55.106+0000][1][safepoint    ] Application time: 1.0002012 seconds
[2019-06-24T10:40:55.107+0000][1][safepoint    ] Entering safepoint region: Cleanup
[2019-06-24T10:40:55.107+0000][1][safepoint    ] Leaving safepoint region
[2019-06-24T10:40:55.107+0000][1][safepoint    ] Total time for which application threads were stopped: 0.0002605 seconds, Stopping threads took: 0.0000719 seconds
[2019-06-24T10:40:56.107+0000][1][safepoint    ] Application time: 1.0001827 seconds
[2019-06-24T10:40:56.107+0000][1][safepoint    ] Entering safepoint region: Cleanup
[2019-06-24T10:40:56.107+0000][1][safepoint    ] Leaving safepoint region
[2019-06-24T10:40:56.107+0000][1][safepoint    ] Total time for which application threads were stopped: 0.0002207 seconds, Stopping threads took: 0.0000652 seconds
[2019-06-24T10:40:57.108+0000][1][safepoint    ] Application time: 1.0001931 seconds
[2019-06-24T10:40:57.108+0000][1][safepoint    ] Entering safepoint region: Cleanup
[2019-06-24T10:40:57.108+0000][1][safepoint    ] Leaving safepoint region
[2019-06-24T10:40:57.108+0000][1][safepoint    ] Total time for which application threads were stopped: 0.0002377 seconds, Stopping threads took: 0.0000660 seconds
[2019-06-24T10:40:58.108+0000][1][safepoint    ] Application time: 1.0002555 seconds
[2019-06-24T10:40:58.108+0000][1][safepoint    ] Entering safepoint region: Cleanup
[2019-06-24T10:40:58.109+0000][1][safepoint    ] Leaving safepoint region
[2019-06-24T10:40:58.109+0000][1][safepoint    ] Total time for which application threads were stopped: 0.0002385 seconds, Stopping threads took: 0.0000653 seconds
[2019-06-24T10:40:59.109+0000][1][safepoint    ] Application time: 1.0002402 seconds
[2019-06-24T10:40:59.109+0000][1][safepoint    ] Entering safepoint region: Cleanup
[2019-06-24T10:40:59.109+0000][1][safepoint    ] Leaving safepoint region
[2019-06-24T10:40:59.109+0000][1][safepoint    ] Total time for which application threads were stopped: 0.0002211 seconds, Stopping threads took: 0.0000640 seconds
[2019-06-24T10:41:00.110+0000][1][safepoint    ] Application time: 1.0002755 seconds
[2019-06-24T10:41:00.110+0000][1][safepoint    ] Entering safepoint region: Cleanup
[2019-06-24T10:41:00.110+0000][1][safepoint    ] Leaving safepoint region
[2019-06-24T10:41:00.110+0000][1][safepoint    ] Total time for which application threads were stopped: 0.0002197 seconds, Stopping threads took: 0.0000644 seconds
[2019-06-24T10:41:01.110+0000][1][safepoint    ] Application time: 1.0002737 seconds
[2019-06-24T10:41:01.110+0000][1][safepoint    ] Entering safepoint region: Cleanup
[2019-06-24T10:41:01.111+0000][1][safepoint    ] Leaving safepoint region
[2019-06-24T10:41:01.111+0000][1][safepoint    ] Total time for which application threads were stopped: 0.0003086 seconds, Stopping threads took: 0.0000650 seconds
[2019-06-24T10:41:02.111+0000][1][safepoint    ] Application time: 1.0002076 seconds
[2019-06-24T10:41:02.111+0000][1][safepoint    ] Entering safepoint region: Cleanup
[2019-06-24T10:41:02.111+0000][1][safepoint    ] Leaving safepoint region
[2019-06-24T10:41:02.111+0000][1][safepoint    ] Total time for which application threads were stopped: 0.0002339 seconds, Stopping threads took: 0.0000674 seconds
[2019-06-24T10:41:03.112+0000][1][safepoint    ] Application time: 1.0002444 seconds
[2019-06-24T10:41:03.112+0000][1][safepoint    ] Entering safepoint region: Cleanup
[2019-06-24T10:41:03.112+0000][1][safepoint    ] Leaving safepoint region
[2019-06-24T10:41:03.112+0000][1][safepoint    ] Total time for which application threads were stopped: 0.0002847 seconds, Stopping threads took: 0.0000649 seconds
[2019-06-24T10:41:04.112+0000][1][safepoint    ] Application time: 1.0002791 seconds
[2019-06-24T10:41:04.112+0000][1][safepoint    ] Entering safepoint region: Cleanup
[2019-06-24T10:41:04.113+0000][1][safepoint    ] Leaving safepoint region
[2019-06-24T10:41:04.113+0000][1][safepoint    ] Total time for which application threads were stopped: 0.0002210 seconds, Stopping threads took: 0.0000635 seconds
[2019-06-24T10:41:05.113+0000][1][safepoint    ] Application time: 1.0002466 seconds
[2019-06-24T10:41:05.113+0000][1][safepoint    ] Entering safepoint region: Cleanup
[2019-06-24T10:41:05.113+0000][1][safepoint    ] Leaving safepoint region
[2019-06-24T10:41:05.113+0000][1][safepoint    ] Total time for which application threads were stopped: 0.0001644 seconds, Stopping threads took: 0.0000467 seconds
[2019-06-24T10:41:06.113+0000][1][safepoint    ] Application time: 1.0001864 seconds
[2019-06-24T10:41:06.113+0000][1][safepoint    ] Entering safepoint region: Cleanup
[2019-06-24T10:41:06.114+0000][1][safepoint    ] Leaving safepoint region
[2019-06-24T10:41:06.114+0000][1][safepoint    ] Total time for which application threads were stopped: 0.0002003 seconds, Stopping threads took: 0.0000584 seconds
[2019-06-24T10:41:07.114+0000][1][safepoint    ] Application time: 1.0002556 seconds
[2019-06-24T10:41:07.114+0000][1][safepoint    ] Entering safepoint region: Cleanup
[2019-06-24T10:41:07.114+0000][1][safepoint    ] Leaving safepoint region
[2019-06-24T10:41:07.114+0000][1][safepoint    ] Total time for which application threads were stopped: 0.0002282 seconds, Stopping threads took: 0.0000654 seconds
[2019-06-24T10:41:08.115+0000][1][safepoint    ] Application time: 1.0002822 seconds
[2019-06-24T10:41:08.115+0000][1][safepoint    ] Entering safepoint region: Cleanup
[2019-06-24T10:41:08.115+0000][1][safepoint    ] Leaving safepoint region
[2019-06-24T10:41:08.115+0000][1][safepoint    ] Total time for which application threads were stopped: 0.0002228 seconds, Stopping threads took: 0.0000654 seconds
[2019-06-24T10:41:09.115+0000][1][safepoint    ] Application time: 1.0002231 seconds
[2019-06-24T10:41:09.115+0000][1][safepoint    ] Entering safepoint region: Cleanup
[2019-06-24T10:41:09.115+0000][1][safepoint    ] Leaving safepoint region
[2019-06-24T10:41:09.115+0000][1][safepoint    ] Total time for which application threads were stopped: 0.0002242 seconds, Stopping threads took: 0.0000648 seconds
[2019-06-24T10:41:10.116+0000][1][safepoint    ] Application time: 1.0001921 seconds
[2019-06-24T10:41:10.116+0000][1][safepoint    ] Entering safepoint region: Cleanup
[2019-06-24T10:41:10.116+0000][1][safepoint    ] Leaving safepoint region
[2019-06-24T10:41:10.116+0000][1][safepoint    ] Total time for which application threads were stopped: 0.0002267 seconds, Stopping threads took: 0.0000646 seconds
[2019-06-24T10:41:11.116+0000][1][safepoint    ] Application time: 1.0002026 seconds
[2019-06-24T10:41:11.116+0000][1][safepoint    ] Entering safepoint region: Cleanup
[2019-06-24T10:41:11.117+0000][1][safepoint    ] Leaving safepoint region
[2019-06-24T10:41:11.117+0000][1][safepoint    ] Total time for which application threads were stopped: 0.0002577 seconds, Stopping threads took: 0.0000652 seconds
[2019-06-24T10:41:12.117+0000][1][safepoint    ] Application time: 1.0002299 seconds
[2019-06-24T10:41:12.117+0000][1][safepoint    ] Entering safepoint region: Cleanup
[2019-06-24T10:41:12.117+0000][1][safepoint    ] Leaving safepoint region
[2019-06-24T10:41:12.117+0000][1][safepoint    ] Total time for which application threads were stopped: 0.0002275 seconds, Stopping threads took: 0.0000634 seconds
[2019-06-24T10:41:13.117+0000][1][safepoint    ] Application time: 1.0001848 seconds
[2019-06-24T10:41:13.118+0000][1][safepoint    ] Entering safepoint region: Cleanup
[2019-06-24T10:41:13.118+0000][1][safepoint    ] Leaving safepoint region
[2019-06-24T10:41:13.118+0000][1][safepoint    ] Total time for which application threads were stopped: 0.0001989 seconds, Stopping threads took: 0.0000571 seconds
[2019-06-24T10:41:14.118+0000][1][safepoint    ] Application time: 1.0002659 seconds
[2019-06-24T10:41:14.118+0000][1][safepoint    ] Entering safepoint region: Cleanup
[2019-06-24T10:41:14.118+0000][1][safepoint    ] Leaving safepoint region
[2019-06-24T10:41:14.118+0000][1][safepoint    ] Total time for which application threads were stopped: 0.0002254 seconds, Stopping threads took: 0.0000657 seconds
[2019-06-24T10:41:15.119+0000][1][safepoint    ] Application time: 1.0002926 seconds
[2019-06-24T10:41:15.119+0000][1][safepoint    ] Entering safepoint region: Cleanup
[2019-06-24T10:41:15.119+0000][1][safepoint    ] Leaving safepoint region
[2019-06-24T10:41:15.119+0000][1][safepoint    ] Total time for which application threads were stopped: 0.0002205 seconds, Stopping threads took: 0.0000628 seconds
[2019-06-24T10:41:16.119+0000][1][safepoint    ] Application time: 1.0002411 seconds
[2019-06-24T10:41:16.119+0000][1][safepoint    ] Entering safepoint region: Cleanup
[2019-06-24T10:41:16.120+0000][1][safepoint    ] Leaving safepoint region
[2019-06-24T10:41:16.120+0000][1][safepoint    ] Total time for which application threads were stopped: 0.0002256 seconds, Stopping threads took: 0.0000656 seconds
[2019-06-24T10:41:17.120+0000][1][safepoint    ] Application time: 1.0001622 seconds
[2019-06-24T10:41:17.120+0000][1][safepoint    ] Entering safepoint region: Cleanup
[2019-06-24T10:41:17.120+0000][1][safepoint    ] Leaving safepoint region
[2019-06-24T10:41:17.120+0000][1][safepoint    ] Total time for which application threads were stopped: 0.0002710 seconds, Stopping threads took: 0.0001059 seconds
[2019-06-24T10:41:18.120+0000][1][safepoint    ] Application time: 1.0002649 seconds
[2019-06-24T10:41:18.121+0000][1][safepoint    ] Entering safepoint region: Cleanup
[2019-06-24T10:41:18.121+0000][1][safepoint    ] Leaving safepoint region
[2019-06-24T10:41:18.121+0000][1][safepoint    ] Total time for which application threads were stopped: 0.0002319 seconds, Stopping threads took: 0.0000654 seconds
[2019-06-24T10:41:19.121+0000][1][safepoint    ] Application time: 1.0001562 seconds
[2019-06-24T10:41:19.121+0000][1][safepoint    ] Entering safepoint region: Cleanup
[2019-06-24T10:41:19.121+0000][1][safepoint    ] Leaving safepoint region
[2019-06-24T10:41:19.121+0000][1][safepoint    ] Total time for which application threads were stopped: 0.0001185 seconds, Stopping threads took: 0.0000375 seconds
[2019-06-24T10:41:20.121+0000][1][safepoint    ] Application time: 1.0002682 seconds
[2019-06-24T10:41:20.122+0000][1][safepoint    ] Entering safepoint region: Cleanup
[2019-06-24T10:41:20.122+0000][1][safepoint    ] Leaving safepoint region
[2019-06-24T10:41:20.122+0000][1][safepoint    ] Total time for which application threads were stopped: 0.0003454 seconds, Stopping threads took: 0.0001213 seconds
[2019-06-24T10:41:21.122+0000][1][safepoint    ] Application time: 1.0002099 seconds
[2019-06-24T10:41:21.122+0000][1][safepoint    ] Entering safepoint region: Cleanup
[2019-06-24T10:41:21.123+0000][1][safepoint    ] Leaving safepoint region
[2019-06-24T10:41:21.123+0000][1][safepoint    ] Total time for which application threads were stopped: 0.0003613 seconds, Stopping threads took: 0.0000700 seconds
[2019-06-24T10:41:22.123+0000][1][safepoint    ] Application time: 1.0001979 seconds
[2019-06-24T10:41:22.123+0000][1][safepoint    ] Entering safepoint region: Cleanup
[2019-06-24T10:41:22.123+0000][1][safepoint    ] Leaving safepoint region
[2019-06-24T10:41:22.123+0000][1][safepoint    ] Total time for which application threads were stopped: 0.0002575 seconds, Stopping threads took: 0.0000654 seconds
[2019-06-24T10:41:23.124+0000][1][safepoint    ] Application time: 1.0002724 seconds
[2019-06-24T10:41:23.124+0000][1][safepoint    ] Entering safepoint region: Cleanup
[2019-06-24T10:41:23.124+0000][1][safepoint    ] Leaving safepoint region
[2019-06-24T10:41:23.124+0000][1][safepoint    ] Total time for which application threads were stopped: 0.0002334 seconds, Stopping threads took: 0.0000659 seconds
[2019-06-24T10:41:24.124+0000][1][safepoint    ] Application time: 1.0001862 seconds
[2019-06-24T10:41:24.124+0000][1][safepoint    ] Entering safepoint region: Cleanup
[2019-06-24T10:41:24.124+0000][1][safepoint    ] Leaving safepoint region
[2019-06-24T10:41:24.125+0000][1][safepoint    ] Total time for which application threads were stopped: 0.0002156 seconds, Stopping threads took: 0.0000592 seconds
[2019-06-24T10:41:25.125+0000][1][safepoint    ] Application time: 1.0002038 seconds
[2019-06-24T10:41:25.125+0000][1][safepoint    ] Entering safepoint region: Cleanup
[2019-06-24T10:41:25.125+0000][1][safepoint    ] Leaving safepoint region
[2019-06-24T10:41:25.125+0000][1][safepoint    ] Total time for which application threads were stopped: 0.0002480 seconds, Stopping threads took: 0.0000906 seconds
[2019-06-24T10:41:26.125+0000][1][safepoint    ] Application time: 1.0002601 seconds
[2019-06-24T10:41:26.126+0000][1][safepoint    ] Entering safepoint region: Cleanup
[2019-06-24T10:41:26.126+0000][1][safepoint    ] Leaving safepoint region
[2019-06-24T10:41:26.126+0000][1][safepoint    ] Total time for which application threads were stopped: 0.0002209 seconds, Stopping threads took: 0.0000635 seconds
[2019-06-24T10:41:27.126+0000][1][safepoint    ] Application time: 1.0002590 seconds
[2019-06-24T10:41:27.126+0000][1][safepoint    ] Entering safepoint region: Cleanup
[2019-06-24T10:41:27.126+0000][1][safepoint    ] Leaving safepoint region
[2019-06-24T10:41:27.126+0000][1][safepoint    ] Total time for which application threads were stopped: 0.0002318 seconds, Stopping threads took: 0.0000651 seconds
[2019-06-24T10:41:28.127+0000][1][safepoint    ] Application time: 1.0002301 seconds
[2019-06-24T10:41:28.127+0000][1][safepoint    ] Entering safepoint region: Cleanup
[2019-06-24T10:41:28.127+0000][1][safepoint    ] Leaving safepoint region
[2019-06-24T10:41:28.127+0000][1][safepoint    ] Total time for which application threads were stopped: 0.0001932 seconds, Stopping threads took: 0.0000571 seconds
[2019-06-24T10:41:29.127+0000][1][safepoint    ] Application time: 1.0001894 seconds
[2019-06-24T10:41:29.127+0000][1][safepoint    ] Entering safepoint region: Cleanup
[2019-06-24T10:41:29.127+0000][1][safepoint    ] Leaving safepoint region
[2019-06-24T10:41:29.127+0000][1][safepoint    ] Total time for which application threads were stopped: 0.0002495 seconds, Stopping threads took: 0.0000626 seconds
[2019-06-24T10:41:30.128+0000][1][safepoint    ] Application time: 1.0002349 seconds
[2019-06-24T10:41:30.128+0000][1][safepoint    ] Entering safepoint region: Cleanup
[2019-06-24T10:41:30.128+0000][1][safepoint    ] Leaving safepoint region
[2019-06-24T10:41:30.128+0000][1][safepoint    ] Total time for which application threads were stopped: 0.0002532 seconds, Stopping threads took: 0.0000629 seconds
[2019-06-24T10:41:31.167+0000][1][safepoint    ] Application time: 1.0384571 seconds
[2019-06-24T10:41:31.167+0000][1][safepoint    ] Entering safepoint region: Cleanup
[2019-06-24T10:41:31.167+0000][1][safepoint    ] Leaving safepoint region
[2019-06-24T10:41:31.167+0000][1][safepoint    ] Total time for which application threads were stopped: 0.0002085 seconds, Stopping threads took: 0.0000606 seconds
[2019-06-24T10:41:32.167+0000][1][safepoint    ] Application time: 1.0002335 seconds
[2019-06-24T10:41:32.167+0000][1][safepoint    ] Entering safepoint region: Cleanup
[2019-06-24T10:41:32.168+0000][1][safepoint    ] Leaving safepoint region
[2019-06-24T10:41:32.168+0000][1][safepoint    ] Total time for which application threads were stopped: 0.0002497 seconds, Stopping threads took: 0.0000971 seconds
[2019-06-24T10:41:33.168+0000][1][safepoint    ] Application time: 1.0002251 seconds
[2019-06-24T10:41:33.168+0000][1][safepoint    ] Entering safepoint region: Cleanup
[2019-06-24T10:41:33.168+0000][1][safepoint    ] Leaving safepoint region
[2019-06-24T10:41:33.168+0000][1][safepoint    ] Total time for which application threads were stopped: 0.0002110 seconds, Stopping threads took: 0.0000617 seconds
[2019-06-24T10:41:34.168+0000][1][safepoint    ] Application time: 1.0002560 seconds
[2019-06-24T10:41:34.169+0000][1][safepoint    ] Entering safepoint region: Cleanup
[2019-06-24T10:41:34.169+0000][1][safepoint    ] Leaving safepoint region
[2019-06-24T10:41:34.169+0000][1][safepoint    ] Total time for which application threads were stopped: 0.0002211 seconds, Stopping threads took: 0.0000628 seconds
[2019-06-24T10:41:35.169+0000][1][safepoint    ] Application time: 1.0003098 seconds
[2019-06-24T10:41:35.169+0000][1][safepoint    ] Entering safepoint region: Cleanup
[2019-06-24T10:41:35.169+0000][1][safepoint    ] Leaving safepoint region
[2019-06-24T10:41:35.169+0000][1][safepoint    ] Total time for which application threads were stopped: 0.0001135 seconds, Stopping threads took: 0.0000318 seconds
[2019-06-24T10:41:36.170+0000][1][safepoint    ] Application time: 1.0002094 seconds
[2019-06-24T10:41:36.170+0000][1][safepoint    ] Entering safepoint region: Cleanup
[2019-06-24T10:41:36.170+0000][1][safepoint    ] Leaving safepoint region
[2019-06-24T10:41:36.170+0000][1][safepoint    ] Total time for which application threads were stopped: 0.0002124 seconds, Stopping threads took: 0.0000613 seconds
[2019-06-24T10:41:37.170+0000][1][safepoint    ] Application time: 1.0002253 seconds
[2019-06-24T10:41:37.170+0000][1][safepoint    ] Entering safepoint region: Cleanup
[2019-06-24T10:41:37.170+0000][1][safepoint    ] Leaving safepoint region
[2019-06-24T10:41:37.170+0000][1][safepoint    ] Total time for which application threads were stopped: 0.0002173 seconds, Stopping threads took: 0.0000616 seconds
[2019-06-24T10:41:38.171+0000][1][safepoint    ] Application time: 1.0002389 seconds
[2019-06-24T10:41:38.171+0000][1][safepoint    ] Entering safepoint region: Cleanup
[2019-06-24T10:41:38.171+0000][1][safepoint    ] Leaving safepoint region
[2019-06-24T10:41:38.171+0000][1][safepoint    ] Total time for which application threads were stopped: 0.0002418 seconds, Stopping threads took: 0.0000946 seconds
[2019-06-24T10:41:39.171+0000][1][safepoint    ] Application time: 1.0002324 seconds
[2019-06-24T10:41:39.171+0000][1][safepoint    ] Entering safepoint region: Cleanup
[2019-06-24T10:41:39.172+0000][1][safepoint    ] Leaving safepoint region
[2019-06-24T10:41:39.172+0000][1][safepoint    ] Total time for which application threads were stopped: 0.0002163 seconds, Stopping threads took: 0.0000609 seconds
[2019-06-24T10:41:40.172+0000][1][safepoint    ] Application time: 1.0001876 seconds
[2019-06-24T10:41:40.172+0000][1][safepoint    ] Entering safepoint region: Cleanup
[2019-06-24T10:41:40.172+0000][1][safepoint    ] Leaving safepoint region
[2019-06-24T10:41:40.172+0000][1][safepoint    ] Total time for which application threads were stopped: 0.0003245 seconds, Stopping threads took: 0.0001510 seconds
[2019-06-24T10:41:41.173+0000][1][safepoint    ] Application time: 1.0002542 seconds
[2019-06-24T10:41:41.173+0000][1][safepoint    ] Entering safepoint region: Cleanup
[2019-06-24T10:41:41.173+0000][1][safepoint    ] Leaving safepoint region
[2019-06-24T10:41:41.173+0000][1][safepoint    ] Total time for which application threads were stopped: 0.0002221 seconds, Stopping threads took: 0.0000731 seconds
[2019-06-24T10:41:42.173+0000][1][safepoint    ] Application time: 1.0001371 seconds
[2019-06-24T10:41:42.173+0000][1][safepoint    ] Entering safepoint region: Cleanup
[2019-06-24T10:41:42.173+0000][1][safepoint    ] Leaving safepoint region
[2019-06-24T10:41:42.173+0000][1][safepoint    ] Total time for which application threads were stopped: 0.0002237 seconds, Stopping threads took: 0.0000633 seconds
[2019-06-24T10:41:43.174+0000][1][safepoint    ] Application time: 1.0002759 seconds
[2019-06-24T10:41:43.174+0000][1][safepoint    ] Entering safepoint region: Cleanup
[2019-06-24T10:41:43.174+0000][1][safepoint    ] Leaving safepoint region
[2019-06-24T10:41:43.174+0000][1][safepoint    ] Total time for which application threads were stopped: 0.0002232 seconds, Stopping threads took: 0.0000659 seconds
[2019-06-24T10:41:44.174+0000][1][safepoint    ] Application time: 1.0001251 seconds
[2019-06-24T10:41:44.174+0000][1][safepoint    ] Entering safepoint region: Cleanup
[2019-06-24T10:41:44.174+0000][1][safepoint    ] Leaving safepoint region
[2019-06-24T10:41:44.175+0000][1][safepoint    ] Total time for which application threads were stopped: 0.0002318 seconds, Stopping threads took: 0.0000546 seconds
[2019-06-24T10:41:45.175+0000][1][safepoint    ] Application time: 1.0001413 seconds
[2019-06-24T10:41:45.175+0000][1][safepoint    ] Entering safepoint region: Cleanup
[2019-06-24T10:41:45.175+0000][1][safepoint    ] Leaving safepoint region
[2019-06-24T10:41:45.175+0000][1][safepoint    ] Total time for which application threads were stopped: 0.0002933 seconds, Stopping threads took: 0.0001294 seconds
[2019-06-24T10:41:46.175+0000][1][safepoint    ] Application time: 1.0001519 seconds
[2019-06-24T10:41:46.175+0000][1][safepoint    ] Entering safepoint region: Cleanup
[2019-06-24T10:41:46.176+0000][1][safepoint    ] Leaving safepoint region
[2019-06-24T10:41:46.176+0000][1][safepoint    ] Total time for which application threads were stopped: 0.0002176 seconds, Stopping threads took: 0.0000631 seconds
[2019-06-24T10:41:47.176+0000][1][safepoint    ] Application time: 1.0002990 seconds
[2019-06-24T10:41:47.176+0000][1][safepoint    ] Entering safepoint region: Cleanup
[2019-06-24T10:41:47.176+0000][1][safepoint    ] Leaving safepoint region
[2019-06-24T10:41:47.176+0000][1][safepoint    ] Total time for which application threads were stopped: 0.0000936 seconds, Stopping threads took: 0.0000363 seconds
[2019-06-24T10:41:48.176+0000][1][safepoint    ] Application time: 1.0001169 seconds
[2019-06-24T10:41:48.176+0000][1][safepoint    ] Entering safepoint region: Cleanup
[2019-06-24T10:41:48.176+0000][1][safepoint    ] Leaving safepoint region
[2019-06-24T10:41:48.176+0000][1][safepoint    ] Total time for which application threads were stopped: 0.0001772 seconds, Stopping threads took: 0.0000604 seconds
[2019-06-24T10:41:49.177+0000][1][safepoint    ] Application time: 1.0002380 seconds
[2019-06-24T10:41:49.177+0000][1][safepoint    ] Entering safepoint region: Cleanup
[2019-06-24T10:41:49.177+0000][1][safepoint    ] Leaving safepoint region
[2019-06-24T10:41:49.177+0000][1][safepoint    ] Total time for which application threads were stopped: 0.0002257 seconds, Stopping threads took: 0.0000661 seconds
[2019-06-24T10:41:50.177+0000][1][safepoint    ] Application time: 1.0002004 seconds
[2019-06-24T10:41:50.177+0000][1][safepoint    ] Entering safepoint region: Cleanup
[2019-06-24T10:41:50.178+0000][1][safepoint    ] Leaving safepoint region
[2019-06-24T10:41:50.178+0000][1][safepoint    ] Total time for which application threads were stopped: 0.0002492 seconds, Stopping threads took: 0.0000982 seconds
[2019-06-24T10:41:51.178+0000][1][safepoint    ] Application time: 1.0001888 seconds
[2019-06-24T10:41:51.178+0000][1][safepoint    ] Entering safepoint region: Cleanup
[2019-06-24T10:41:51.178+0000][1][safepoint    ] Leaving safepoint region
[2019-06-24T10:41:51.178+0000][1][safepoint    ] Total time for which application threads were stopped: 0.0001892 seconds, Stopping threads took: 0.0000558 seconds
[2019-06-24T10:41:52.178+0000][1][safepoint    ] Application time: 1.0002372 seconds
[2019-06-24T10:41:52.179+0000][1][safepoint    ] Entering safepoint region: Cleanup
[2019-06-24T10:41:52.179+0000][1][safepoint    ] Leaving safepoint region
[2019-06-24T10:41:52.179+0000][1][safepoint    ] Total time for which application threads were stopped: 0.0002265 seconds, Stopping threads took: 0.0000764 seconds
[2019-06-24T10:41:53.179+0000][1][safepoint    ] Application time: 1.0002669 seconds
[2019-06-24T10:41:53.179+0000][1][safepoint    ] Entering safepoint region: Cleanup
[2019-06-24T10:41:53.180+0000][1][safepoint    ] Leaving safepoint region
[2019-06-24T10:41:53.180+0000][1][safepoint    ] Total time for which application threads were stopped: 0.0002759 seconds, Stopping threads took: 0.0001204 seconds
[2019-06-24T10:41:54.180+0000][1][safepoint    ] Application time: 1.0001740 seconds
[2019-06-24T10:41:54.180+0000][1][safepoint    ] Entering safepoint region: Cleanup
[2019-06-24T10:41:54.180+0000][1][safepoint    ] Leaving safepoint region
[2019-06-24T10:41:54.180+0000][1][safepoint    ] Total time for which application threads were stopped: 0.0001444 seconds, Stopping threads took: 0.0000409 seconds
[2019-06-24T10:41:55.180+0000][1][safepoint    ] Application time: 1.0001830 seconds
[2019-06-24T10:41:55.180+0000][1][safepoint    ] Entering safepoint region: Cleanup
[2019-06-24T10:41:55.181+0000][1][safepoint    ] Leaving safepoint region
[2019-06-24T10:41:55.181+0000][1][safepoint    ] Total time for which application threads were stopped: 0.0002924 seconds, Stopping threads took: 0.0000825 seconds
[2019-06-24T10:41:56.181+0000][1][safepoint    ] Application time: 1.0002617 seconds
[2019-06-24T10:41:56.181+0000][1][safepoint    ] Entering safepoint region: Cleanup
[2019-06-24T10:41:56.181+0000][1][safepoint    ] Leaving safepoint region
[2019-06-24T10:41:56.181+0000][1][safepoint    ] Total time for which application threads were stopped: 0.0002638 seconds, Stopping threads took: 0.0000642 seconds
[2019-06-24T10:41:57.182+0000][1][safepoint    ] Application time: 1.0002954 seconds
[2019-06-24T10:41:57.182+0000][1][safepoint    ] Entering safepoint region: Cleanup
[2019-06-24T10:41:57.182+0000][1][safepoint    ] Leaving safepoint region
[2019-06-24T10:41:57.182+0000][1][safepoint    ] Total time for which application threads were stopped: 0.0002226 seconds, Stopping threads took: 0.0000647 seconds
[2019-06-24T10:41:58.182+0000][1][safepoint    ] Application time: 1.0001946 seconds
[2019-06-24T10:41:58.182+0000][1][safepoint    ] Entering safepoint region: Cleanup
[2019-06-24T10:41:58.182+0000][1][safepoint    ] Leaving safepoint region
[2019-06-24T10:41:58.183+0000][1][safepoint    ] Total time for which application threads were stopped: 0.0002545 seconds, Stopping threads took: 0.0000653 seconds
[2019-06-24T10:41:59.183+0000][1][safepoint    ] Application time: 1.0001263 seconds
[2019-06-24T10:41:59.183+0000][1][safepoint    ] Entering safepoint region: Cleanup
[2019-06-24T10:41:59.183+0000][1][safepoint    ] Leaving safepoint region
[2019-06-24T10:41:59.183+0000][1][safepoint    ] Total time for which application threads were stopped: 0.0001500 seconds, Stopping threads took: 0.0000500 seconds
[2019-06-24T10:42:00.183+0000][1][safepoint    ] Application time: 1.0002089 seconds
[2019-06-24T10:42:00.183+0000][1][safepoint    ] Entering safepoint region: Cleanup
[2019-06-24T10:42:00.183+0000][1][safepoint    ] Leaving safepoint region
[2019-06-24T10:42:00.183+0000][1][safepoint    ] Total time for which application threads were stopped: 0.0002250 seconds, Stopping threads took: 0.0000645 seconds
[2019-06-24T10:42:01.184+0000][1][safepoint    ] Application time: 1.0001900 seconds
[2019-06-24T10:42:01.184+0000][1][safepoint    ] Entering safepoint region: Cleanup
[2019-06-24T10:42:01.184+0000][1][safepoint    ] Leaving safepoint region
[2019-06-24T10:42:01.184+0000][1][safepoint    ] Total time for which application threads were stopped: 0.0003016 seconds, Stopping threads took: 0.0000851 seconds
[2019-06-24T10:42:02.184+0000][1][safepoint    ] Application time: 1.0002634 seconds
[2019-06-24T10:42:02.185+0000][1][safepoint    ] Entering safepoint region: Cleanup
[2019-06-24T10:42:02.185+0000][1][safepoint    ] Leaving safepoint region
[2019-06-24T10:42:02.185+0000][1][safepoint    ] Total time for which application threads were stopped: 0.0002249 seconds, Stopping threads took: 0.0000647 seconds
[2019-06-24T10:42:03.726+0000][1][safepoint    ] Application time: 1.5413836 seconds
[2019-06-24T10:42:03.726+0000][1][safepoint    ] Entering safepoint region: Cleanup
[2019-06-24T10:42:03.727+0000][1][safepoint    ] Leaving safepoint region
[2019-06-24T10:42:03.727+0000][1][safepoint    ] Total time for which application threads were stopped: 0.0003865 seconds, Stopping threads took: 0.0001219 seconds
[2019-06-24T10:42:04.727+0000][1][safepoint    ] Application time: 1.0001467 seconds
[2019-06-24T10:42:04.727+0000][1][safepoint    ] Entering safepoint region: Cleanup
[2019-06-24T10:42:04.727+0000][1][safepoint    ] Leaving safepoint region
[2019-06-24T10:42:04.727+0000][1][safepoint    ] Total time for which application threads were stopped: 0.0002376 seconds, Stopping threads took: 0.0000780 seconds
[2019-06-24T10:42:05.727+0000][1][safepoint    ] Application time: 1.0001982 seconds
[2019-06-24T10:42:05.728+0000][1][safepoint    ] Entering safepoint region: Cleanup
[2019-06-24T10:42:05.728+0000][1][safepoint    ] Leaving safepoint region
[2019-06-24T10:42:05.728+0000][1][safepoint    ] Total time for which application threads were stopped: 0.0002216 seconds, Stopping threads took: 0.0000641 seconds
[2019-06-24T10:42:06.728+0000][1][safepoint    ] Application time: 1.0001899 seconds
[2019-06-24T10:42:06.728+0000][1][safepoint    ] Entering safepoint region: Cleanup
[2019-06-24T10:42:06.728+0000][1][safepoint    ] Leaving safepoint region
[2019-06-24T10:42:06.728+0000][1][safepoint    ] Total time for which application threads were stopped: 0.0002629 seconds, Stopping threads took: 0.0000843 seconds
[2019-06-24T10:42:07.729+0000][1][safepoint    ] Application time: 1.0002587 seconds
[2019-06-24T10:42:07.729+0000][1][safepoint    ] Entering safepoint region: Cleanup
[2019-06-24T10:42:07.729+0000][1][safepoint    ] Leaving safepoint region
[2019-06-24T10:42:07.729+0000][1][safepoint    ] Total time for which application threads were stopped: 0.0002181 seconds, Stopping threads took: 0.0000627 seconds
[2019-06-24T10:42:08.729+0000][1][safepoint    ] Application time: 1.0002650 seconds
[2019-06-24T10:42:08.729+0000][1][safepoint    ] Entering safepoint region: Cleanup
[2019-06-24T10:42:08.730+0000][1][safepoint    ] Leaving safepoint region
[2019-06-24T10:42:08.730+0000][1][safepoint    ] Total time for which application threads were stopped: 0.0002221 seconds, Stopping threads took: 0.0000629 seconds
[2019-06-24T10:42:09.730+0000][1][safepoint    ] Application time: 1.0002668 seconds
[2019-06-24T10:42:09.730+0000][1][safepoint    ] Entering safepoint region: Cleanup
[2019-06-24T10:42:09.730+0000][1][safepoint    ] Leaving safepoint region
[2019-06-24T10:42:09.730+0000][1][safepoint    ] Total time for which application threads were stopped: 0.0002776 seconds, Stopping threads took: 0.0000842 seconds
[2019-06-24T10:42:10.731+0000][1][safepoint    ] Application time: 1.0002521 seconds
[2019-06-24T10:42:10.731+0000][1][safepoint    ] Entering safepoint region: Cleanup
[2019-06-24T10:42:10.731+0000][1][safepoint    ] Leaving safepoint region
[2019-06-24T10:42:10.731+0000][1][safepoint    ] Total time for which application threads were stopped: 0.0002254 seconds, Stopping threads took: 0.0000639 seconds
[2019-06-24T10:42:11.731+0000][1][safepoint    ] Application time: 1.0001754 seconds
[2019-06-24T10:42:11.731+0000][1][safepoint    ] Entering safepoint region: Cleanup
[2019-06-24T10:42:11.731+0000][1][safepoint    ] Leaving safepoint region
[2019-06-24T10:42:11.731+0000][1][safepoint    ] Total time for which application threads were stopped: 0.0002329 seconds, Stopping threads took: 0.0000658 seconds
[2019-06-24T10:42:12.732+0000][1][safepoint    ] Application time: 1.0001013 seconds
[2019-06-24T10:42:12.732+0000][1][safepoint    ] Entering safepoint region: Cleanup
[2019-06-24T10:42:12.732+0000][1][safepoint    ] Leaving safepoint region
[2019-06-24T10:42:12.732+0000][1][safepoint    ] Total time for which application threads were stopped: 0.0000862 seconds, Stopping threads took: 0.0000253 seconds
[2019-06-24T10:42:13.732+0000][1][safepoint    ] Application time: 1.0001082 seconds
[2019-06-24T10:42:13.732+0000][1][safepoint    ] Entering safepoint region: Cleanup
[2019-06-24T10:42:13.732+0000][1][safepoint    ] Leaving safepoint region
[2019-06-24T10:42:13.732+0000][1][safepoint    ] Total time for which application threads were stopped: 0.0002569 seconds, Stopping threads took: 0.0000950 seconds
[2019-06-24T10:42:14.732+0000][1][safepoint    ] Application time: 1.0002013 seconds
[2019-06-24T10:42:14.733+0000][1][safepoint    ] Entering safepoint region: Cleanup
[2019-06-24T10:42:14.733+0000][1][safepoint    ] Leaving safepoint region
[2019-06-24T10:42:14.733+0000][1][safepoint    ] Total time for which application threads were stopped: 0.0002291 seconds, Stopping threads took: 0.0000644 seconds
[2019-06-24T10:42:15.733+0000][1][safepoint    ] Application time: 1.0001279 seconds
[2019-06-24T10:42:15.733+0000][1][safepoint    ] Entering safepoint region: Cleanup
[2019-06-24T10:42:15.733+0000][1][safepoint    ] Leaving safepoint region
[2019-06-24T10:42:15.733+0000][1][safepoint    ] Total time for which application threads were stopped: 0.0002184 seconds, Stopping threads took: 0.0000607 seconds
[2019-06-24T10:42:16.733+0000][1][safepoint    ] Application time: 1.0002251 seconds
[2019-06-24T10:42:16.734+0000][1][safepoint    ] Entering safepoint region: Cleanup
[2019-06-24T10:42:16.734+0000][1][safepoint    ] Leaving safepoint region
[2019-06-24T10:42:16.734+0000][1][safepoint    ] Total time for which application threads were stopped: 0.0002238 seconds, Stopping threads took: 0.0000626 seconds
[2019-06-24T10:42:17.734+0000][1][safepoint    ] Application time: 1.0001112 seconds
[2019-06-24T10:42:17.734+0000][1][safepoint    ] Entering safepoint region: Cleanup
[2019-06-24T10:42:17.734+0000][1][safepoint    ] Leaving safepoint region
[2019-06-24T10:42:17.734+0000][1][safepoint    ] Total time for which application threads were stopped: 0.0002218 seconds, Stopping threads took: 0.0000634 seconds
[2019-06-24T10:42:18.734+0000][1][safepoint    ] Application time: 1.0001411 seconds
[2019-06-24T10:42:18.735+0000][1][safepoint    ] Entering safepoint region: Cleanup
[2019-06-24T10:42:18.735+0000][1][safepoint    ] Leaving safepoint region
[2019-06-24T10:42:18.735+0000][1][safepoint    ] Total time for which application threads were stopped: 0.0002605 seconds, Stopping threads took: 0.0001126 seconds
[2019-06-24T10:42:19.735+0000][1][safepoint    ] Application time: 1.0002791 seconds
[2019-06-24T10:42:19.735+0000][1][safepoint    ] Entering safepoint region: Cleanup
[2019-06-24T10:42:19.735+0000][1][safepoint    ] Leaving safepoint region
[2019-06-24T10:42:19.735+0000][1][safepoint    ] Total time for which application threads were stopped: 0.0000894 seconds, Stopping threads took: 0.0000245 seconds
[2019-06-24T10:42:20.735+0000][1][safepoint    ] Application time: 1.0001296 seconds
[2019-06-24T10:42:20.736+0000][1][safepoint    ] Entering safepoint region: Cleanup
[2019-06-24T10:42:20.736+0000][1][safepoint    ] Leaving safepoint region
[2019-06-24T10:42:20.736+0000][1][safepoint    ] Total time for which application threads were stopped: 0.0001197 seconds, Stopping threads took: 0.0000336 seconds
[2019-06-24T10:42:21.736+0000][1][safepoint    ] Application time: 1.0002831 seconds
[2019-06-24T10:42:21.736+0000][1][safepoint    ] Entering safepoint region: Cleanup
[2019-06-24T10:42:21.736+0000][1][safepoint    ] Leaving safepoint region
[2019-06-24T10:42:21.736+0000][1][safepoint    ] Total time for which application threads were stopped: 0.0002933 seconds, Stopping threads took: 0.0000818 seconds
[2019-06-24T10:42:22.737+0000][1][safepoint    ] Application time: 1.0002702 seconds
[2019-06-24T10:42:22.737+0000][1][safepoint    ] Entering safepoint region: Cleanup
[2019-06-24T10:42:22.737+0000][1][safepoint    ] Leaving safepoint region
[2019-06-24T10:42:22.737+0000][1][safepoint    ] Total time for which application threads were stopped: 0.0002518 seconds, Stopping threads took: 0.0000643 seconds
[2019-06-24T10:42:23.737+0000][1][safepoint    ] Application time: 1.0001510 seconds
[2019-06-24T10:42:23.737+0000][1][safepoint    ] Entering safepoint region: Cleanup
[2019-06-24T10:42:23.738+0000][1][safepoint    ] Leaving safepoint region
[2019-06-24T10:42:23.738+0000][1][safepoint    ] Total time for which application threads were stopped: 0.0002573 seconds, Stopping threads took: 0.0000646 seconds
[2019-06-24T10:42:24.738+0000][1][safepoint    ] Application time: 1.0002648 seconds
[2019-06-24T10:42:24.738+0000][1][safepoint    ] Entering safepoint region: Cleanup
[2019-06-24T10:42:24.738+0000][1][safepoint    ] Leaving safepoint region
[2019-06-24T10:42:24.738+0000][1][safepoint    ] Total time for which application threads were stopped: 0.0002269 seconds, Stopping threads took: 0.0000617 seconds
[2019-06-24T10:42:25.739+0000][1][safepoint    ] Application time: 1.0003026 seconds
[2019-06-24T10:42:25.739+0000][1][safepoint    ] Entering safepoint region: Cleanup
[2019-06-24T10:42:25.739+0000][1][safepoint    ] Leaving safepoint region
[2019-06-24T10:42:25.739+0000][1][safepoint    ] Total time for which application threads were stopped: 0.0002278 seconds, Stopping threads took: 0.0000638 seconds
[2019-06-24T10:42:26.739+0000][1][safepoint    ] Application time: 1.0002735 seconds
[2019-06-24T10:42:26.739+0000][1][safepoint    ] Entering safepoint region: Cleanup
[2019-06-24T10:42:26.740+0000][1][safepoint    ] Leaving safepoint region
[2019-06-24T10:42:26.740+0000][1][safepoint    ] Total time for which application threads were stopped: 0.0002945 seconds, Stopping threads took: 0.0001014 seconds
[2019-06-24T10:42:27.740+0000][1][safepoint    ] Application time: 1.0001554 seconds
[2019-06-24T10:42:27.740+0000][1][safepoint    ] Entering safepoint region: Cleanup
[2019-06-24T10:42:27.740+0000][1][safepoint    ] Leaving safepoint region
[2019-06-24T10:42:27.740+0000][1][safepoint    ] Total time for which application threads were stopped: 0.0003045 seconds, Stopping threads took: 0.0000813 seconds
[2019-06-24T10:42:28.741+0000][1][safepoint    ] Application time: 1.0002673 seconds
[2019-06-24T10:42:28.741+0000][1][safepoint    ] Entering safepoint region: Cleanup
[2019-06-24T10:42:28.741+0000][1][safepoint    ] Leaving safepoint region
[2019-06-24T10:42:28.741+0000][1][safepoint    ] Total time for which application threads were stopped: 0.0002546 seconds, Stopping threads took: 0.0000914 seconds
[2019-06-24T10:42:29.741+0000][1][safepoint    ] Application time: 1.0002220 seconds
[2019-06-24T10:42:29.741+0000][1][safepoint    ] Entering safepoint region: Cleanup
[2019-06-24T10:42:29.741+0000][1][safepoint    ] Leaving safepoint region
[2019-06-24T10:42:29.741+0000][1][safepoint    ] Total time for which application threads were stopped: 0.0002027 seconds, Stopping threads took: 0.0000558 seconds
[2019-06-24T10:42:30.742+0000][1][safepoint    ] Application time: 1.0001807 seconds
[2019-06-24T10:42:30.742+0000][1][safepoint    ] Entering safepoint region: Cleanup
[2019-06-24T10:42:30.742+0000][1][safepoint    ] Leaving safepoint region
[2019-06-24T10:42:30.742+0000][1][safepoint    ] Total time for which application threads were stopped: 0.0002041 seconds, Stopping threads took: 0.0000568 seconds
[2019-06-24T10:42:31.742+0000][1][safepoint    ] Application time: 1.0002645 seconds
[2019-06-24T10:42:31.742+0000][1][safepoint    ] Entering safepoint region: Cleanup
[2019-06-24T10:42:31.743+0000][1][safepoint    ] Leaving safepoint region
[2019-06-24T10:42:31.743+0000][1][safepoint    ] Total time for which application threads were stopped: 0.0003898 seconds, Stopping threads took: 0.0001700 seconds
[2019-06-24T10:42:32.743+0000][1][safepoint    ] Application time: 1.0002558 seconds
[2019-06-24T10:42:32.743+0000][1][safepoint    ] Entering safepoint region: Cleanup
[2019-06-24T10:42:32.743+0000][1][safepoint    ] Leaving safepoint region
[2019-06-24T10:42:32.743+0000][1][safepoint    ] Total time for which application threads were stopped: 0.0002344 seconds, Stopping threads took: 0.0000687 seconds
[2019-06-24T10:42:33.744+0000][1][safepoint    ] Application time: 1.0002266 seconds
[2019-06-24T10:42:33.744+0000][1][safepoint    ] Entering safepoint region: Cleanup
[2019-06-24T10:42:33.744+0000][1][safepoint    ] Leaving safepoint region
[2019-06-24T10:42:33.744+0000][1][safepoint    ] Total time for which application threads were stopped: 0.0002714 seconds, Stopping threads took: 0.0000896 seconds
[2019-06-24T10:42:34.744+0000][1][safepoint    ] Application time: 1.0002053 seconds
[2019-06-24T10:42:34.744+0000][1][safepoint    ] Entering safepoint region: Cleanup
[2019-06-24T10:42:34.745+0000][1][safepoint    ] Leaving safepoint region
[2019-06-24T10:42:34.745+0000][1][safepoint    ] Total time for which application threads were stopped: 0.0001989 seconds, Stopping threads took: 0.0000646 seconds
[2019-06-24T10:42:35.240+0000][1][safepoint    ] Application time: 0.4957920 seconds
[2019-06-24T10:42:35.241+0000][1][safepoint    ] Entering safepoint region: GenCollectForAllocation
[2019-06-24T10:42:35.241+0000][1][gc,start     ] GC(46) Pause Young (Allocation Failure)
[2019-06-24T10:42:35.241+0000][1][gc,task      ] GC(46) Using 5 workers of 8 for evacuation
[2019-06-24T10:42:35.243+0000][1][gc,age       ] GC(46) Desired survivor size 4456448 bytes, new threshold 6 (max threshold 6)
[2019-06-24T10:42:35.243+0000][1][gc,age       ] GC(46) Age table with threshold 6 (max threshold 6)
[2019-06-24T10:42:35.243+0000][1][gc,age       ] GC(46) - age   1:       5648 bytes,       5648 total
[2019-06-24T10:42:35.243+0000][1][gc,age       ] GC(46) - age   2:        784 bytes,       6432 total
[2019-06-24T10:42:35.243+0000][1][gc,age       ] GC(46) - age   3:       6928 bytes,      13360 total
[2019-06-24T10:42:35.243+0000][1][gc,age       ] GC(46) - age   4:        744 bytes,      14104 total
[2019-06-24T10:42:35.243+0000][1][gc,age       ] GC(46) - age   6:         56 bytes,      14160 total
[2019-06-24T10:42:35.243+0000][1][gc,heap      ] GC(46) ParNew: 69970K->19K(78656K)
[2019-06-24T10:42:35.243+0000][1][gc,heap      ] GC(46) CMS: 69618K->69618K(174784K)
[2019-06-24T10:42:35.244+0000][1][gc,metaspace ] GC(46) Metaspace: 68195K->68195K(1112064K)
[2019-06-24T10:42:35.244+0000][1][gc           ] GC(46) Pause Young (Allocation Failure) 136M->68M(247M) 2.776ms
[2019-06-24T10:42:35.244+0000][1][gc,cpu       ] GC(46) User=0.01s Sys=0.00s Real=0.01s
[2019-06-24T10:42:35.244+0000][1][safepoint    ] Leaving safepoint region
[2019-06-24T10:42:35.244+0000][1][safepoint    ] Total time for which application threads were stopped: 0.0032171 seconds, Stopping threads took: 0.0000725 seconds
[2019-06-24T10:42:36.244+0000][1][safepoint    ] Application time: 1.0002891 seconds
[2019-06-24T10:42:36.244+0000][1][safepoint    ] Entering safepoint region: Cleanup
[2019-06-24T10:42:36.244+0000][1][safepoint    ] Leaving safepoint region
[2019-06-24T10:42:36.244+0000][1][safepoint    ] Total time for which application threads were stopped: 0.0002494 seconds, Stopping threads took: 0.0000981 seconds
[2019-06-24T10:42:37.245+0000][1][safepoint    ] Application time: 1.0002663 seconds
[2019-06-24T10:42:37.245+0000][1][safepoint    ] Entering safepoint region: Cleanup
[2019-06-24T10:42:37.245+0000][1][safepoint    ] Leaving safepoint region
[2019-06-24T10:42:37.245+0000][1][safepoint    ] Total time for which application threads were stopped: 0.0002496 seconds, Stopping threads took: 0.0000983 seconds
[2019-06-24T10:42:38.245+0000][1][safepoint    ] Application time: 1.0002030 seconds
[2019-06-24T10:42:38.245+0000][1][safepoint    ] Entering safepoint region: Cleanup
[2019-06-24T10:42:38.246+0000][1][safepoint    ] Leaving safepoint region
[2019-06-24T10:42:38.246+0000][1][safepoint    ] Total time for which application threads were stopped: 0.0002487 seconds, Stopping threads took: 0.0000973 seconds
[2019-06-24T10:42:39.246+0000][1][safepoint    ] Application time: 1.0002549 seconds
[2019-06-24T10:42:39.246+0000][1][safepoint    ] Entering safepoint region: Cleanup
[2019-06-24T10:42:39.246+0000][1][safepoint    ] Leaving safepoint region
[2019-06-24T10:42:39.246+0000][1][safepoint    ] Total time for which application threads were stopped: 0.0002518 seconds, Stopping threads took: 0.0000996 seconds
[2019-06-24T10:42:40.247+0000][1][safepoint    ] Application time: 1.0002757 seconds
[2019-06-24T10:42:40.247+0000][1][safepoint    ] Entering safepoint region: Cleanup
[2019-06-24T10:42:40.247+0000][1][safepoint    ] Leaving safepoint region
[2019-06-24T10:42:40.247+0000][1][safepoint    ] Total time for which application threads were stopped: 0.0003185 seconds, Stopping threads took: 0.0001546 seconds
[2019-06-24T10:42:41.247+0000][1][safepoint    ] Application time: 1.0002553 seconds
[2019-06-24T10:42:41.247+0000][1][safepoint    ] Entering safepoint region: Cleanup
[2019-06-24T10:42:41.248+0000][1][safepoint    ] Leaving safepoint region
[2019-06-24T10:42:41.248+0000][1][safepoint    ] Total time for which application threads were stopped: 0.0002695 seconds, Stopping threads took: 0.0000987 seconds
[2019-06-24T10:42:42.248+0000][1][safepoint    ] Application time: 1.0002409 seconds
[2019-06-24T10:42:42.248+0000][1][safepoint    ] Entering safepoint region: Cleanup
[2019-06-24T10:42:42.248+0000][1][safepoint    ] Leaving safepoint region
[2019-06-24T10:42:42.248+0000][1][safepoint    ] Total time for which application threads were stopped: 0.0002500 seconds, Stopping threads took: 0.0000998 seconds
[2019-06-24T10:42:43.249+0000][1][safepoint    ] Application time: 1.0002536 seconds
[2019-06-24T10:42:43.249+0000][1][safepoint    ] Entering safepoint region: Cleanup
[2019-06-24T10:42:43.249+0000][1][safepoint    ] Leaving safepoint region
[2019-06-24T10:42:43.249+0000][1][safepoint    ] Total time for which application threads were stopped: 0.0002166 seconds, Stopping threads took: 0.0000624 seconds
[2019-06-24T10:42:44.249+0000][1][safepoint    ] Application time: 1.0002208 seconds
[2019-06-24T10:42:44.249+0000][1][safepoint    ] Entering safepoint region: Cleanup
[2019-06-24T10:42:44.250+0000][1][safepoint    ] Leaving safepoint region
[2019-06-24T10:42:44.250+0000][1][safepoint    ] Total time for which application threads were stopped: 0.0002144 seconds, Stopping threads took: 0.0000636 seconds
[2019-06-24T10:42:45.250+0000][1][safepoint    ] Application time: 1.0002789 seconds
[2019-06-24T10:42:45.250+0000][1][safepoint    ] Entering safepoint region: Cleanup
[2019-06-24T10:42:45.250+0000][1][safepoint    ] Leaving safepoint region
[2019-06-24T10:42:45.250+0000][1][safepoint    ] Total time for which application threads were stopped: 0.0002151 seconds, Stopping threads took: 0.0000631 seconds
[2019-06-24T10:42:46.250+0000][1][safepoint    ] Application time: 1.0002379 seconds
[2019-06-24T10:42:46.251+0000][1][safepoint    ] Entering safepoint region: Cleanup
[2019-06-24T10:42:46.251+0000][1][safepoint    ] Leaving safepoint region
[2019-06-24T10:42:46.251+0000][1][safepoint    ] Total time for which application threads were stopped: 0.0002126 seconds, Stopping threads took: 0.0000641 seconds
[2019-06-24T10:42:47.251+0000][1][safepoint    ] Application time: 1.0002655 seconds
[2019-06-24T10:42:47.251+0000][1][safepoint    ] Entering safepoint region: Cleanup
[2019-06-24T10:42:47.251+0000][1][safepoint    ] Leaving safepoint region
[2019-06-24T10:42:47.251+0000][1][safepoint    ] Total time for which application threads were stopped: 0.0002228 seconds, Stopping threads took: 0.0000648 seconds
[2019-06-24T10:42:48.252+0000][1][safepoint    ] Application time: 1.0002365 seconds
[2019-06-24T10:42:48.252+0000][1][safepoint    ] Entering safepoint region: Cleanup
[2019-06-24T10:42:48.252+0000][1][safepoint    ] Leaving safepoint region
[2019-06-24T10:42:48.252+0000][1][safepoint    ] Total time for which application threads were stopped: 0.0002210 seconds, Stopping threads took: 0.0000650 seconds
[2019-06-24T10:42:49.252+0000][1][safepoint    ] Application time: 1.0002674 seconds
[2019-06-24T10:42:49.253+0000][1][safepoint    ] Entering safepoint region: Cleanup
[2019-06-24T10:42:49.253+0000][1][safepoint    ] Leaving safepoint region
[2019-06-24T10:42:49.253+0000][1][safepoint    ] Total time for which application threads were stopped: 0.0002223 seconds, Stopping threads took: 0.0000649 seconds
[2019-06-24T10:42:50.253+0000][1][safepoint    ] Application time: 1.0002744 seconds
[2019-06-24T10:42:50.253+0000][1][safepoint    ] Entering safepoint region: Cleanup
[2019-06-24T10:42:50.253+0000][1][safepoint    ] Leaving safepoint region
[2019-06-24T10:42:50.253+0000][1][safepoint    ] Total time for which application threads were stopped: 0.0002231 seconds, Stopping threads took: 0.0000645 seconds
[2019-06-24T10:42:51.254+0000][1][safepoint    ] Application time: 1.0002678 seconds
[2019-06-24T10:42:51.254+0000][1][safepoint    ] Entering safepoint region: Cleanup
[2019-06-24T10:42:51.254+0000][1][safepoint    ] Leaving safepoint region
[2019-06-24T10:42:51.254+0000][1][safepoint    ] Total time for which application threads were stopped: 0.0002226 seconds, Stopping threads took: 0.0000643 seconds
[2019-06-24T10:42:52.254+0000][1][safepoint    ] Application time: 1.0002576 seconds
[2019-06-24T10:42:52.254+0000][1][safepoint    ] Entering safepoint region: Cleanup
[2019-06-24T10:42:52.255+0000][1][safepoint    ] Leaving safepoint region
[2019-06-24T10:42:52.255+0000][1][safepoint    ] Total time for which application threads were stopped: 0.0003626 seconds, Stopping threads took: 0.0001415 seconds
[2019-06-24T10:42:53.255+0000][1][safepoint    ] Application time: 1.0002573 seconds
[2019-06-24T10:42:53.255+0000][1][safepoint    ] Entering safepoint region: Cleanup
[2019-06-24T10:42:53.255+0000][1][safepoint    ] Leaving safepoint region
[2019-06-24T10:42:53.255+0000][1][safepoint    ] Total time for which application threads were stopped: 0.0002220 seconds, Stopping threads took: 0.0000632 seconds
[2019-06-24T10:42:54.256+0000][1][safepoint    ] Application time: 1.0002644 seconds
[2019-06-24T10:42:54.256+0000][1][safepoint    ] Entering safepoint region: Cleanup
[2019-06-24T10:42:54.256+0000][1][safepoint    ] Leaving safepoint region
[2019-06-24T10:42:54.256+0000][1][safepoint    ] Total time for which application threads were stopped: 0.0002204 seconds, Stopping threads took: 0.0000620 seconds
[2019-06-24T10:42:55.256+0000][1][safepoint    ] Application time: 1.0002607 seconds
[2019-06-24T10:42:55.256+0000][1][safepoint    ] Entering safepoint region: Cleanup
[2019-06-24T10:42:55.257+0000][1][safepoint    ] Leaving safepoint region
[2019-06-24T10:42:55.257+0000][1][safepoint    ] Total time for which application threads were stopped: 0.0002199 seconds, Stopping threads took: 0.0000643 seconds
[2019-06-24T10:42:56.257+0000][1][safepoint    ] Application time: 1.0002750 seconds
[2019-06-24T10:42:56.257+0000][1][safepoint    ] Entering safepoint region: Cleanup
[2019-06-24T10:42:56.257+0000][1][safepoint    ] Leaving safepoint region
[2019-06-24T10:42:56.257+0000][1][safepoint    ] Total time for which application threads were stopped: 0.0002222 seconds, Stopping threads took: 0.0000656 seconds
[2019-06-24T10:42:57.258+0000][1][safepoint    ] Application time: 1.0002206 seconds
[2019-06-24T10:42:57.258+0000][1][safepoint    ] Entering safepoint region: Cleanup
[2019-06-24T10:42:57.258+0000][1][safepoint    ] Leaving safepoint region
[2019-06-24T10:42:57.258+0000][1][safepoint    ] Total time for which application threads were stopped: 0.0002468 seconds, Stopping threads took: 0.0000973 seconds
[2019-06-24T10:42:58.258+0000][1][safepoint    ] Application time: 1.0001454 seconds
[2019-06-24T10:42:58.258+0000][1][safepoint    ] Entering safepoint region: Cleanup
[2019-06-24T10:42:58.258+0000][1][safepoint    ] Leaving safepoint region
[2019-06-24T10:42:58.258+0000][1][safepoint    ] Total time for which application threads were stopped: 0.0000916 seconds, Stopping threads took: 0.0000349 seconds
[2019-06-24T10:42:59.258+0000][1][safepoint    ] Application time: 1.0002448 seconds
[2019-06-24T10:42:59.259+0000][1][safepoint    ] Entering safepoint region: Cleanup
[2019-06-24T10:42:59.259+0000][1][safepoint    ] Leaving safepoint region
[2019-06-24T10:42:59.259+0000][1][safepoint    ] Total time for which application threads were stopped: 0.0002476 seconds, Stopping threads took: 0.0000980 seconds
[2019-06-24T10:43:00.259+0000][1][safepoint    ] Application time: 1.0002679 seconds
[2019-06-24T10:43:00.259+0000][1][safepoint    ] Entering safepoint region: Cleanup
[2019-06-24T10:43:00.260+0000][1][safepoint    ] Leaving safepoint region
[2019-06-24T10:43:00.260+0000][1][safepoint    ] Total time for which application threads were stopped: 0.0002611 seconds, Stopping threads took: 0.0000987 seconds
[2019-06-24T10:43:01.260+0000][1][safepoint    ] Application time: 1.0002520 seconds
[2019-06-24T10:43:01.260+0000][1][safepoint    ] Entering safepoint region: Cleanup
[2019-06-24T10:43:01.260+0000][1][safepoint    ] Leaving safepoint region
[2019-06-24T10:43:01.260+0000][1][safepoint    ] Total time for which application threads were stopped: 0.0002133 seconds, Stopping threads took: 0.0000618 seconds
[2019-06-24T10:43:02.260+0000][1][safepoint    ] Application time: 1.0002631 seconds
[2019-06-24T10:43:02.261+0000][1][safepoint    ] Entering safepoint region: Cleanup
[2019-06-24T10:43:02.261+0000][1][safepoint    ] Leaving safepoint region
[2019-06-24T10:43:02.261+0000][1][safepoint    ] Total time for which application threads were stopped: 0.0002253 seconds, Stopping threads took: 0.0000664 seconds
[2019-06-24T10:43:03.261+0000][1][safepoint    ] Application time: 1.0002643 seconds
[2019-06-24T10:43:03.261+0000][1][safepoint    ] Entering safepoint region: Cleanup
[2019-06-24T10:43:03.261+0000][1][safepoint    ] Leaving safepoint region
[2019-06-24T10:43:03.261+0000][1][safepoint    ] Total time for which application threads were stopped: 0.0002505 seconds, Stopping threads took: 0.0000996 seconds
[2019-06-24T10:43:04.262+0000][1][safepoint    ] Application time: 1.0002668 seconds
[2019-06-24T10:43:04.262+0000][1][safepoint    ] Entering safepoint region: Cleanup
[2019-06-24T10:43:04.262+0000][1][safepoint    ] Leaving safepoint region
[2019-06-24T10:43:04.262+0000][1][safepoint    ] Total time for which application threads were stopped: 0.0002213 seconds, Stopping threads took: 0.0000629 seconds
[2019-06-24T10:43:05.262+0000][1][safepoint    ] Application time: 1.0002711 seconds
[2019-06-24T10:43:05.263+0000][1][safepoint    ] Entering safepoint region: Cleanup
[2019-06-24T10:43:05.263+0000][1][safepoint    ] Leaving safepoint region
[2019-06-24T10:43:05.263+0000][1][safepoint    ] Total time for which application threads were stopped: 0.0002527 seconds, Stopping threads took: 0.0001000 seconds
[2019-06-24T10:43:06.263+0000][1][safepoint    ] Application time: 1.0002264 seconds
[2019-06-24T10:43:06.263+0000][1][safepoint    ] Entering safepoint region: Cleanup
[2019-06-24T10:43:06.263+0000][1][safepoint    ] Leaving safepoint region
[2019-06-24T10:43:06.263+0000][1][safepoint    ] Total time for which application threads were stopped: 0.0002212 seconds, Stopping threads took: 0.0000658 seconds
[2019-06-24T10:43:07.264+0000][1][safepoint    ] Application time: 1.0002691 seconds
[2019-06-24T10:43:07.264+0000][1][safepoint    ] Entering safepoint region: Cleanup
[2019-06-24T10:43:07.264+0000][1][safepoint    ] Leaving safepoint region
[2019-06-24T10:43:07.264+0000][1][safepoint    ] Total time for which application threads were stopped: 0.0002261 seconds, Stopping threads took: 0.0000657 seconds
[2019-06-24T10:43:08.264+0000][1][safepoint    ] Application time: 1.0002699 seconds
[2019-06-24T10:43:08.264+0000][1][safepoint    ] Entering safepoint region: Cleanup
[2019-06-24T10:43:08.265+0000][1][safepoint    ] Leaving safepoint region
[2019-06-24T10:43:08.265+0000][1][safepoint    ] Total time for which application threads were stopped: 0.0002236 seconds, Stopping threads took: 0.0000643 seconds
[2019-06-24T10:43:09.757+0000][1][safepoint    ] Application time: 1.4924850 seconds
[2019-06-24T10:43:09.757+0000][1][safepoint    ] Entering safepoint region: Cleanup
[2019-06-24T10:43:09.758+0000][1][safepoint    ] Leaving safepoint region
[2019-06-24T10:43:09.758+0000][1][safepoint    ] Total time for which application threads were stopped: 0.0002378 seconds, Stopping threads took: 0.0000673 seconds
[2019-06-24T10:43:10.758+0000][1][safepoint    ] Application time: 1.0002699 seconds
[2019-06-24T10:43:10.758+0000][1][safepoint    ] Entering safepoint region: Cleanup
[2019-06-24T10:43:10.758+0000][1][safepoint    ] Leaving safepoint region
[2019-06-24T10:43:10.758+0000][1][safepoint    ] Total time for which application threads were stopped: 0.0002591 seconds, Stopping threads took: 0.0000970 seconds
[2019-06-24T10:43:11.758+0000][1][safepoint    ] Application time: 1.0001855 seconds
[2019-06-24T10:43:11.759+0000][1][safepoint    ] Entering safepoint region: Cleanup
[2019-06-24T10:43:11.759+0000][1][safepoint    ] Leaving safepoint region
[2019-06-24T10:43:11.759+0000][1][safepoint    ] Total time for which application threads were stopped: 0.0002194 seconds, Stopping threads took: 0.0000662 seconds
[2019-06-24T10:43:12.759+0000][1][safepoint    ] Application time: 1.0000978 seconds
[2019-06-24T10:43:12.759+0000][1][safepoint    ] Entering safepoint region: Cleanup
[2019-06-24T10:43:12.759+0000][1][safepoint    ] Leaving safepoint region
[2019-06-24T10:43:12.759+0000][1][safepoint    ] Total time for which application threads were stopped: 0.0000709 seconds, Stopping threads took: 0.0000217 seconds
[2019-06-24T10:43:13.759+0000][1][safepoint    ] Application time: 1.0002100 seconds
[2019-06-24T10:43:13.759+0000][1][safepoint    ] Entering safepoint region: Cleanup
[2019-06-24T10:43:13.759+0000][1][safepoint    ] Leaving safepoint region
[2019-06-24T10:43:13.760+0000][1][safepoint    ] Total time for which application threads were stopped: 0.0001920 seconds, Stopping threads took: 0.0000552 seconds
[2019-06-24T10:43:14.760+0000][1][safepoint    ] Application time: 1.0002472 seconds
[2019-06-24T10:43:14.760+0000][1][safepoint    ] Entering safepoint region: Cleanup
[2019-06-24T10:43:14.760+0000][1][safepoint    ] Leaving safepoint region
[2019-06-24T10:43:14.760+0000][1][safepoint    ] Total time for which application threads were stopped: 0.0002068 seconds, Stopping threads took: 0.0000618 seconds
[2019-06-24T10:43:15.760+0000][1][safepoint    ] Application time: 1.0002671 seconds
[2019-06-24T10:43:15.760+0000][1][safepoint    ] Entering safepoint region: Cleanup
[2019-06-24T10:43:15.760+0000][1][safepoint    ] Leaving safepoint region
[2019-06-24T10:43:15.760+0000][1][safepoint    ] Total time for which application threads were stopped: 0.0000977 seconds, Stopping threads took: 0.0000278 seconds
[2019-06-24T10:43:16.761+0000][1][safepoint    ] Application time: 1.0001848 seconds
[2019-06-24T10:43:16.761+0000][1][safepoint    ] Entering safepoint region: Cleanup
[2019-06-24T10:43:16.761+0000][1][safepoint    ] Leaving safepoint region
[2019-06-24T10:43:16.761+0000][1][safepoint    ] Total time for which application threads were stopped: 0.0002151 seconds, Stopping threads took: 0.0000529 seconds
[2019-06-24T10:43:17.761+0000][1][safepoint    ] Application time: 1.0001389 seconds
[2019-06-24T10:43:17.761+0000][1][safepoint    ] Entering safepoint region: Cleanup
[2019-06-24T10:43:17.761+0000][1][safepoint    ] Leaving safepoint region
[2019-06-24T10:43:17.761+0000][1][safepoint    ] Total time for which application threads were stopped: 0.0002049 seconds, Stopping threads took: 0.0000626 seconds
[2019-06-24T10:43:18.762+0000][1][safepoint    ] Application time: 1.0001188 seconds
[2019-06-24T10:43:18.762+0000][1][safepoint    ] Entering safepoint region: Cleanup
[2019-06-24T10:43:18.762+0000][1][safepoint    ] Leaving safepoint region
[2019-06-24T10:43:18.762+0000][1][safepoint    ] Total time for which application threads were stopped: 0.0001970 seconds, Stopping threads took: 0.0000604 seconds
[2019-06-24T10:43:19.762+0000][1][safepoint    ] Application time: 1.0001282 seconds
[2019-06-24T10:43:19.762+0000][1][safepoint    ] Entering safepoint region: Cleanup
[2019-06-24T10:43:19.762+0000][1][safepoint    ] Leaving safepoint region
[2019-06-24T10:43:19.762+0000][1][safepoint    ] Total time for which application threads were stopped: 0.0001907 seconds, Stopping threads took: 0.0000572 seconds
[2019-06-24T10:43:20.762+0000][1][safepoint    ] Application time: 1.0001195 seconds
[2019-06-24T10:43:20.763+0000][1][safepoint    ] Entering safepoint region: Cleanup
[2019-06-24T10:43:20.763+0000][1][safepoint    ] Leaving safepoint region
[2019-06-24T10:43:20.763+0000][1][safepoint    ] Total time for which application threads were stopped: 0.0002268 seconds, Stopping threads took: 0.0000863 seconds
[2019-06-24T10:43:21.763+0000][1][safepoint    ] Application time: 1.0001215 seconds
[2019-06-24T10:43:21.763+0000][1][safepoint    ] Entering safepoint region: Cleanup
[2019-06-24T10:43:21.763+0000][1][safepoint    ] Leaving safepoint region
[2019-06-24T10:43:21.763+0000][1][safepoint    ] Total time for which application threads were stopped: 0.0001901 seconds, Stopping threads took: 0.0000558 seconds
[2019-06-24T10:43:22.763+0000][1][safepoint    ] Application time: 1.0001340 seconds
[2019-06-24T10:43:22.763+0000][1][safepoint    ] Entering safepoint region: Cleanup
[2019-06-24T10:43:22.764+0000][1][safepoint    ] Leaving safepoint region
[2019-06-24T10:43:22.764+0000][1][safepoint    ] Total time for which application threads were stopped: 0.0002251 seconds, Stopping threads took: 0.0000639 seconds
[2019-06-24T10:43:23.764+0000][1][safepoint    ] Application time: 1.0001276 seconds
[2019-06-24T10:43:23.764+0000][1][safepoint    ] Entering safepoint region: Cleanup
[2019-06-24T10:43:23.764+0000][1][safepoint    ] Leaving safepoint region
[2019-06-24T10:43:23.764+0000][1][safepoint    ] Total time for which application threads were stopped: 0.0001979 seconds, Stopping threads took: 0.0000585 seconds
[2019-06-24T10:43:24.764+0000][1][safepoint    ] Application time: 1.0001845 seconds
[2019-06-24T10:43:24.764+0000][1][safepoint    ] Entering safepoint region: Cleanup
[2019-06-24T10:43:24.765+0000][1][safepoint    ] Leaving safepoint region
[2019-06-24T10:43:24.765+0000][1][safepoint    ] Total time for which application threads were stopped: 0.0001960 seconds, Stopping threads took: 0.0000569 seconds
[2019-06-24T10:43:25.765+0000][1][safepoint    ] Application time: 1.0001397 seconds
[2019-06-24T10:43:25.765+0000][1][safepoint    ] Entering safepoint region: Cleanup
[2019-06-24T10:43:25.765+0000][1][safepoint    ] Leaving safepoint region
[2019-06-24T10:43:25.765+0000][1][safepoint    ] Total time for which application threads were stopped: 0.0002276 seconds, Stopping threads took: 0.0000642 seconds
[2019-06-24T10:43:26.765+0000][1][safepoint    ] Application time: 1.0002141 seconds
[2019-06-24T10:43:26.766+0000][1][safepoint    ] Entering safepoint region: Cleanup
[2019-06-24T10:43:26.766+0000][1][safepoint    ] Leaving safepoint region
[2019-06-24T10:43:26.766+0000][1][safepoint    ] Total time for which application threads were stopped: 0.0002176 seconds, Stopping threads took: 0.0000634 seconds
[2019-06-24T10:43:27.766+0000][1][safepoint    ] Application time: 1.0002012 seconds
[2019-06-24T10:43:27.766+0000][1][safepoint    ] Entering safepoint region: Cleanup
[2019-06-24T10:43:27.766+0000][1][safepoint    ] Leaving safepoint region
[2019-06-24T10:43:27.766+0000][1][safepoint    ] Total time for which application threads were stopped: 0.0002188 seconds, Stopping threads took: 0.0000621 seconds
[2019-06-24T10:43:28.767+0000][1][safepoint    ] Application time: 1.0002690 seconds
[2019-06-24T10:43:28.767+0000][1][safepoint    ] Entering safepoint region: Cleanup
[2019-06-24T10:43:28.767+0000][1][safepoint    ] Leaving safepoint region
[2019-06-24T10:43:28.767+0000][1][safepoint    ] Total time for which application threads were stopped: 0.0002152 seconds, Stopping threads took: 0.0000664 seconds
[2019-06-24T10:43:29.767+0000][1][safepoint    ] Application time: 1.0002135 seconds
[2019-06-24T10:43:29.767+0000][1][safepoint    ] Entering safepoint region: Cleanup
[2019-06-24T10:43:29.768+0000][1][safepoint    ] Leaving safepoint region
[2019-06-24T10:43:29.768+0000][1][safepoint    ] Total time for which application threads were stopped: 0.0003726 seconds, Stopping threads took: 0.0001129 seconds
[2019-06-24T10:43:30.768+0000][1][safepoint    ] Application time: 1.0002131 seconds
[2019-06-24T10:43:30.768+0000][1][safepoint    ] Entering safepoint region: Cleanup
[2019-06-24T10:43:30.768+0000][1][safepoint    ] Leaving safepoint region
[2019-06-24T10:43:30.768+0000][1][safepoint    ] Total time for which application threads were stopped: 0.0002518 seconds, Stopping threads took: 0.0000630 seconds
[2019-06-24T10:43:31.769+0000][1][safepoint    ] Application time: 1.0002052 seconds
[2019-06-24T10:43:31.769+0000][1][safepoint    ] Entering safepoint region: Cleanup
[2019-06-24T10:43:31.769+0000][1][safepoint    ] Leaving safepoint region
[2019-06-24T10:43:31.769+0000][1][safepoint    ] Total time for which application threads were stopped: 0.0002207 seconds, Stopping threads took: 0.0000641 seconds
[2019-06-24T10:43:32.769+0000][1][safepoint    ] Application time: 1.0001952 seconds
[2019-06-24T10:43:32.769+0000][1][safepoint    ] Entering safepoint region: Cleanup
[2019-06-24T10:43:32.769+0000][1][safepoint    ] Leaving safepoint region
[2019-06-24T10:43:32.769+0000][1][safepoint    ] Total time for which application threads were stopped: 0.0002245 seconds, Stopping threads took: 0.0000732 seconds
[2019-06-24T10:43:33.770+0000][1][safepoint    ] Application time: 1.0001913 seconds
[2019-06-24T10:43:33.770+0000][1][safepoint    ] Entering safepoint region: Cleanup
[2019-06-24T10:43:33.770+0000][1][safepoint    ] Leaving safepoint region
[2019-06-24T10:43:33.770+0000][1][safepoint    ] Total time for which application threads were stopped: 0.0002245 seconds, Stopping threads took: 0.0000746 seconds
[2019-06-24T10:43:34.770+0000][1][safepoint    ] Application time: 1.0002028 seconds
[2019-06-24T10:43:34.770+0000][1][safepoint    ] Entering safepoint region: Cleanup
[2019-06-24T10:43:34.771+0000][1][safepoint    ] Leaving safepoint region
[2019-06-24T10:43:34.771+0000][1][safepoint    ] Total time for which application threads were stopped: 0.0003440 seconds, Stopping threads took: 0.0000896 seconds
[2019-06-24T10:43:35.771+0000][1][safepoint    ] Application time: 1.0002352 seconds
[2019-06-24T10:43:35.771+0000][1][safepoint    ] Entering safepoint region: Cleanup
[2019-06-24T10:43:35.771+0000][1][safepoint    ] Leaving safepoint region
[2019-06-24T10:43:35.772+0000][1][safepoint    ] Total time for which application threads were stopped: 0.0003926 seconds, Stopping threads took: 0.0001436 seconds
[2019-06-24T10:43:36.772+0000][1][safepoint    ] Application time: 1.0001386 seconds
[2019-06-24T10:43:36.772+0000][1][safepoint    ] Entering safepoint region: Cleanup
[2019-06-24T10:43:36.772+0000][1][safepoint    ] Leaving safepoint region
[2019-06-24T10:43:36.773+0000][1][safepoint    ] Total time for which application threads were stopped: 0.0008235 seconds, Stopping threads took: 0.0000201 seconds
[2019-06-24T10:43:37.773+0000][1][safepoint    ] Application time: 1.0001918 seconds
[2019-06-24T10:43:37.773+0000][1][safepoint    ] Entering safepoint region: Cleanup
[2019-06-24T10:43:37.773+0000][1][safepoint    ] Leaving safepoint region
[2019-06-24T10:43:37.773+0000][1][safepoint    ] Total time for which application threads were stopped: 0.0002442 seconds, Stopping threads took: 0.0000660 seconds
[2019-06-24T10:43:38.773+0000][1][safepoint    ] Application time: 1.0002049 seconds
[2019-06-24T10:43:38.773+0000][1][safepoint    ] Entering safepoint region: Cleanup
[2019-06-24T10:43:38.774+0000][1][safepoint    ] Leaving safepoint region
[2019-06-24T10:43:38.774+0000][1][safepoint    ] Total time for which application threads were stopped: 0.0002439 seconds, Stopping threads took: 0.0000655 seconds
[2019-06-24T10:43:39.774+0000][1][safepoint    ] Application time: 1.0002716 seconds
[2019-06-24T10:43:39.774+0000][1][safepoint    ] Entering safepoint region: Cleanup
[2019-06-24T10:43:39.774+0000][1][safepoint    ] Leaving safepoint region
[2019-06-24T10:43:39.774+0000][1][safepoint    ] Total time for which application threads were stopped: 0.0002453 seconds, Stopping threads took: 0.0000650 seconds
[2019-06-24T10:43:40.775+0000][1][safepoint    ] Application time: 1.0002860 seconds
[2019-06-24T10:43:40.775+0000][1][safepoint    ] Entering safepoint region: Cleanup
[2019-06-24T10:43:40.775+0000][1][safepoint    ] Leaving safepoint region
[2019-06-24T10:43:40.775+0000][1][safepoint    ] Total time for which application threads were stopped: 0.0003146 seconds, Stopping threads took: 0.0001015 seconds
[2019-06-24T10:43:41.775+0000][1][safepoint    ] Application time: 1.0002729 seconds
[2019-06-24T10:43:41.776+0000][1][safepoint    ] Entering safepoint region: Cleanup
[2019-06-24T10:43:41.777+0000][1][safepoint    ] Leaving safepoint region
[2019-06-24T10:43:41.777+0000][1][safepoint    ] Total time for which application threads were stopped: 0.0011299 seconds, Stopping threads took: 0.0009089 seconds
[2019-06-24T10:43:42.777+0000][1][safepoint    ] Application time: 1.0002144 seconds
[2019-06-24T10:43:42.777+0000][1][safepoint    ] Entering safepoint region: Cleanup
[2019-06-24T10:43:42.777+0000][1][safepoint    ] Leaving safepoint region
[2019-06-24T10:43:42.777+0000][1][safepoint    ] Total time for which application threads were stopped: 0.0002320 seconds, Stopping threads took: 0.0000659 seconds
[2019-06-24T10:43:43.778+0000][1][safepoint    ] Application time: 1.0002725 seconds
[2019-06-24T10:43:43.778+0000][1][safepoint    ] Entering safepoint region: Cleanup
[2019-06-24T10:43:43.778+0000][1][safepoint    ] Leaving safepoint region
[2019-06-24T10:43:43.778+0000][1][safepoint    ] Total time for which application threads were stopped: 0.0002343 seconds, Stopping threads took: 0.0000649 seconds
[2019-06-24T10:43:44.778+0000][1][safepoint    ] Application time: 1.0002551 seconds
[2019-06-24T10:43:44.778+0000][1][safepoint    ] Entering safepoint region: Cleanup
[2019-06-24T10:43:44.779+0000][1][safepoint    ] Leaving safepoint region
[2019-06-24T10:43:44.779+0000][1][safepoint    ] Total time for which application threads were stopped: 0.0002832 seconds, Stopping threads took: 0.0000566 seconds
[2019-06-24T10:43:45.779+0000][1][safepoint    ] Application time: 1.0002612 seconds
[2019-06-24T10:43:45.779+0000][1][safepoint    ] Entering safepoint region: Cleanup
[2019-06-24T10:43:45.779+0000][1][safepoint    ] Leaving safepoint region
[2019-06-24T10:43:45.779+0000][1][safepoint    ] Total time for which application threads were stopped: 0.0002319 seconds, Stopping threads took: 0.0000640 seconds
[2019-06-24T10:43:46.779+0000][1][safepoint    ] Application time: 1.0002093 seconds
[2019-06-24T10:43:46.780+0000][1][safepoint    ] Entering safepoint region: Cleanup
[2019-06-24T10:43:46.781+0000][1][safepoint    ] Leaving safepoint region
[2019-06-24T10:43:46.781+0000][1][safepoint    ] Total time for which application threads were stopped: 0.0011770 seconds, Stopping threads took: 0.0008824 seconds
[2019-06-24T10:43:47.781+0000][1][safepoint    ] Application time: 1.0002632 seconds
[2019-06-24T10:43:47.781+0000][1][safepoint    ] Entering safepoint region: Cleanup
[2019-06-24T10:43:47.781+0000][1][safepoint    ] Leaving safepoint region
[2019-06-24T10:43:47.781+0000][1][safepoint    ] Total time for which application threads were stopped: 0.0002711 seconds, Stopping threads took: 0.0000816 seconds
[2019-06-24T10:43:48.782+0000][1][safepoint    ] Application time: 1.0002636 seconds
[2019-06-24T10:43:48.782+0000][1][safepoint    ] Entering safepoint region: Cleanup
[2019-06-24T10:43:48.782+0000][1][safepoint    ] Leaving safepoint region
[2019-06-24T10:43:48.782+0000][1][safepoint    ] Total time for which application threads were stopped: 0.0002253 seconds, Stopping threads took: 0.0000629 seconds
[2019-06-24T10:43:49.782+0000][1][safepoint    ] Application time: 1.0002362 seconds
[2019-06-24T10:43:49.783+0000][1][safepoint    ] Entering safepoint region: Cleanup
[2019-06-24T10:43:49.783+0000][1][safepoint    ] Leaving safepoint region
[2019-06-24T10:43:49.783+0000][1][safepoint    ] Total time for which application threads were stopped: 0.0002617 seconds, Stopping threads took: 0.0000920 seconds
[2019-06-24T10:43:50.783+0000][1][safepoint    ] Application time: 1.0002664 seconds
[2019-06-24T10:43:50.783+0000][1][safepoint    ] Entering safepoint region: Cleanup
[2019-06-24T10:43:50.783+0000][1][safepoint    ] Leaving safepoint region
[2019-06-24T10:43:50.783+0000][1][safepoint    ] Total time for which application threads were stopped: 0.0002622 seconds, Stopping threads took: 0.0000639 seconds
[2019-06-24T10:43:51.784+0000][1][safepoint    ] Application time: 1.0002672 seconds
[2019-06-24T10:43:51.784+0000][1][safepoint    ] Entering safepoint region: Cleanup
[2019-06-24T10:43:51.785+0000][1][safepoint    ] Leaving safepoint region
[2019-06-24T10:43:51.785+0000][1][safepoint    ] Total time for which application threads were stopped: 0.0010644 seconds, Stopping threads took: 0.0008660 seconds
[2019-06-24T10:43:52.785+0000][1][safepoint    ] Application time: 1.0002636 seconds
[2019-06-24T10:43:52.785+0000][1][safepoint    ] Entering safepoint region: Cleanup
[2019-06-24T10:43:52.786+0000][1][safepoint    ] Leaving safepoint region
[2019-06-24T10:43:52.786+0000][1][safepoint    ] Total time for which application threads were stopped: 0.0003137 seconds, Stopping threads took: 0.0000642 seconds
[2019-06-24T10:43:53.786+0000][1][safepoint    ] Application time: 1.0002565 seconds
[2019-06-24T10:43:53.786+0000][1][safepoint    ] Entering safepoint region: Cleanup
[2019-06-24T10:43:53.786+0000][1][safepoint    ] Leaving safepoint region
[2019-06-24T10:43:53.786+0000][1][safepoint    ] Total time for which application threads were stopped: 0.0002040 seconds, Stopping threads took: 0.0000564 seconds
[2019-06-24T10:43:54.787+0000][1][safepoint    ] Application time: 1.0002659 seconds
[2019-06-24T10:43:54.787+0000][1][safepoint    ] Entering safepoint region: Cleanup
[2019-06-24T10:43:54.787+0000][1][safepoint    ] Leaving safepoint region
[2019-06-24T10:43:54.787+0000][1][safepoint    ] Total time for which application threads were stopped: 0.0002553 seconds, Stopping threads took: 0.0000620 seconds
[2019-06-24T10:43:55.787+0000][1][safepoint    ] Application time: 1.0001473 seconds
[2019-06-24T10:43:55.787+0000][1][safepoint    ] Entering safepoint region: Cleanup
[2019-06-24T10:43:55.787+0000][1][safepoint    ] Leaving safepoint region
[2019-06-24T10:43:55.787+0000][1][safepoint    ] Total time for which application threads were stopped: 0.0002220 seconds, Stopping threads took: 0.0000626 seconds
[2019-06-24T10:43:56.788+0000][1][safepoint    ] Application time: 1.0002749 seconds
[2019-06-24T10:43:56.788+0000][1][safepoint    ] Entering safepoint region: Cleanup
[2019-06-24T10:43:56.788+0000][1][safepoint    ] Leaving safepoint region
[2019-06-24T10:43:56.789+0000][1][safepoint    ] Total time for which application threads were stopped: 0.0008021 seconds, Stopping threads took: 0.0000249 seconds
[2019-06-24T10:43:57.789+0000][1][safepoint    ] Application time: 1.0002431 seconds
[2019-06-24T10:43:57.789+0000][1][safepoint    ] Entering safepoint region: Cleanup
[2019-06-24T10:43:57.789+0000][1][safepoint    ] Leaving safepoint region
[2019-06-24T10:43:57.789+0000][1][safepoint    ] Total time for which application threads were stopped: 0.0002316 seconds, Stopping threads took: 0.0000637 seconds
[2019-06-24T10:43:58.789+0000][1][safepoint    ] Application time: 1.0002710 seconds
[2019-06-24T10:43:58.790+0000][1][safepoint    ] Entering safepoint region: Cleanup
[2019-06-24T10:43:58.790+0000][1][safepoint    ] Leaving safepoint region
[2019-06-24T10:43:58.790+0000][1][safepoint    ] Total time for which application threads were stopped: 0.0002275 seconds, Stopping threads took: 0.0000636 seconds
[2019-06-24T10:44:00.186+0000][1][safepoint    ] Application time: 1.3963786 seconds
[2019-06-24T10:44:00.186+0000][1][safepoint    ] Entering safepoint region: Cleanup
[2019-06-24T10:44:00.187+0000][1][safepoint    ] Leaving safepoint region
[2019-06-24T10:44:00.187+0000][1][safepoint    ] Total time for which application threads were stopped: 0.0003221 seconds, Stopping threads took: 0.0000625 seconds
[2019-06-24T10:44:01.187+0000][1][safepoint    ] Application time: 1.0001254 seconds
[2019-06-24T10:44:01.187+0000][1][safepoint    ] Entering safepoint region: Cleanup
[2019-06-24T10:44:01.187+0000][1][safepoint    ] Leaving safepoint region
[2019-06-24T10:44:01.187+0000][1][safepoint    ] Total time for which application threads were stopped: 0.0003331 seconds, Stopping threads took: 0.0000929 seconds
[2019-06-24T10:44:02.188+0000][1][safepoint    ] Application time: 1.0002332 seconds
[2019-06-24T10:44:02.188+0000][1][safepoint    ] Entering safepoint region: Cleanup
[2019-06-24T10:44:02.188+0000][1][safepoint    ] Leaving safepoint region
[2019-06-24T10:44:02.188+0000][1][safepoint    ] Total time for which application threads were stopped: 0.0002188 seconds, Stopping threads took: 0.0000618 seconds
[2019-06-24T10:44:03.188+0000][1][safepoint    ] Application time: 1.0001374 seconds
[2019-06-24T10:44:03.188+0000][1][safepoint    ] Entering safepoint region: Cleanup
[2019-06-24T10:44:03.188+0000][1][safepoint    ] Leaving safepoint region
[2019-06-24T10:44:03.188+0000][1][safepoint    ] Total time for which application threads were stopped: 0.0000979 seconds, Stopping threads took: 0.0000263 seconds
[2019-06-24T10:44:04.188+0000][1][safepoint    ] Application time: 1.0001666 seconds
[2019-06-24T10:44:04.189+0000][1][safepoint    ] Entering safepoint region: Cleanup
[2019-06-24T10:44:04.189+0000][1][safepoint    ] Leaving safepoint region
[2019-06-24T10:44:04.189+0000][1][safepoint    ] Total time for which application threads were stopped: 0.0002260 seconds, Stopping threads took: 0.0000620 seconds
[2019-06-24T10:44:05.189+0000][1][safepoint    ] Application time: 1.0002441 seconds
[2019-06-24T10:44:05.189+0000][1][safepoint    ] Entering safepoint region: Cleanup
[2019-06-24T10:44:05.189+0000][1][safepoint    ] Leaving safepoint region
[2019-06-24T10:44:05.189+0000][1][safepoint    ] Total time for which application threads were stopped: 0.0002341 seconds, Stopping threads took: 0.0000643 seconds
[2019-06-24T10:44:06.190+0000][1][safepoint    ] Application time: 1.0001668 seconds
[2019-06-24T10:44:06.190+0000][1][safepoint    ] Entering safepoint region: Cleanup
[2019-06-24T10:44:06.190+0000][1][safepoint    ] Leaving safepoint region
[2019-06-24T10:44:06.190+0000][1][safepoint    ] Total time for which application threads were stopped: 0.0002191 seconds, Stopping threads took: 0.0000634 seconds
[2019-06-24T10:44:07.190+0000][1][safepoint    ] Application time: 1.0002682 seconds
[2019-06-24T10:44:07.190+0000][1][safepoint    ] Entering safepoint region: Cleanup
[2019-06-24T10:44:07.191+0000][1][safepoint    ] Leaving safepoint region
[2019-06-24T10:44:07.191+0000][1][safepoint    ] Total time for which application threads were stopped: 0.0004136 seconds, Stopping threads took: 0.0001021 seconds
[2019-06-24T10:44:08.191+0000][1][safepoint    ] Application time: 1.0002038 seconds
[2019-06-24T10:44:08.191+0000][1][safepoint    ] Entering safepoint region: Cleanup
[2019-06-24T10:44:08.191+0000][1][safepoint    ] Leaving safepoint region
[2019-06-24T10:44:08.191+0000][1][safepoint    ] Total time for which application threads were stopped: 0.0002000 seconds, Stopping threads took: 0.0000550 seconds
[2019-06-24T10:44:09.192+0000][1][safepoint    ] Application time: 1.0002612 seconds
[2019-06-24T10:44:09.192+0000][1][safepoint    ] Entering safepoint region: Cleanup
[2019-06-24T10:44:09.192+0000][1][safepoint    ] Leaving safepoint region
[2019-06-24T10:44:09.192+0000][1][safepoint    ] Total time for which application threads were stopped: 0.0002292 seconds, Stopping threads took: 0.0000635 seconds
[2019-06-24T10:44:10.192+0000][1][safepoint    ] Application time: 1.0002925 seconds
[2019-06-24T10:44:10.192+0000][1][safepoint    ] Entering safepoint region: Cleanup
[2019-06-24T10:44:10.193+0000][1][safepoint    ] Leaving safepoint region
[2019-06-24T10:44:10.193+0000][1][safepoint    ] Total time for which application threads were stopped: 0.0002648 seconds, Stopping threads took: 0.0000731 seconds
[2019-06-24T10:44:11.193+0000][1][safepoint    ] Application time: 1.0002728 seconds
[2019-06-24T10:44:11.193+0000][1][safepoint    ] Entering safepoint region: Cleanup
[2019-06-24T10:44:11.193+0000][1][safepoint    ] Leaving safepoint region
[2019-06-24T10:44:11.193+0000][1][safepoint    ] Total time for which application threads were stopped: 0.0002553 seconds, Stopping threads took: 0.0000910 seconds
[2019-06-24T10:44:12.194+0000][1][safepoint    ] Application time: 1.0001911 seconds
[2019-06-24T10:44:12.194+0000][1][safepoint    ] Entering safepoint region: Cleanup
[2019-06-24T10:44:12.194+0000][1][safepoint    ] Leaving safepoint region
[2019-06-24T10:44:12.194+0000][1][safepoint    ] Total time for which application threads were stopped: 0.0001693 seconds, Stopping threads took: 0.0000516 seconds
[2019-06-24T10:44:13.194+0000][1][safepoint    ] Application time: 1.0001331 seconds
[2019-06-24T10:44:13.194+0000][1][safepoint    ] Entering safepoint region: Cleanup
[2019-06-24T10:44:13.194+0000][1][safepoint    ] Leaving safepoint region
[2019-06-24T10:44:13.194+0000][1][safepoint    ] Total time for which application threads were stopped: 0.0000859 seconds, Stopping threads took: 0.0000234 seconds
[2019-06-24T10:44:14.194+0000][1][safepoint    ] Application time: 1.0000742 seconds
[2019-06-24T10:44:14.194+0000][1][safepoint    ] Entering safepoint region: Cleanup
[2019-06-24T10:44:14.194+0000][1][safepoint    ] Leaving safepoint region
[2019-06-24T10:44:14.194+0000][1][safepoint    ] Total time for which application threads were stopped: 0.0001294 seconds, Stopping threads took: 0.0000276 seconds
[2019-06-24T10:44:15.195+0000][1][safepoint    ] Application time: 1.0002755 seconds
[2019-06-24T10:44:15.195+0000][1][safepoint    ] Entering safepoint region: Cleanup
[2019-06-24T10:44:15.195+0000][1][safepoint    ] Leaving safepoint region
[2019-06-24T10:44:15.195+0000][1][safepoint    ] Total time for which application threads were stopped: 0.0002195 seconds, Stopping threads took: 0.0000648 seconds
[2019-06-24T10:44:16.195+0000][1][safepoint    ] Application time: 1.0001439 seconds
[2019-06-24T10:44:16.195+0000][1][safepoint    ] Entering safepoint region: Cleanup
[2019-06-24T10:44:16.195+0000][1][safepoint    ] Leaving safepoint region
[2019-06-24T10:44:16.196+0000][1][safepoint    ] Total time for which application threads were stopped: 0.0002553 seconds, Stopping threads took: 0.0000630 seconds
[2019-06-24T10:44:17.196+0000][1][safepoint    ] Application time: 1.0001456 seconds
[2019-06-24T10:44:17.196+0000][1][safepoint    ] Entering safepoint region: Cleanup
[2019-06-24T10:44:17.196+0000][1][safepoint    ] Leaving safepoint region
[2019-06-24T10:44:17.196+0000][1][safepoint    ] Total time for which application threads were stopped: 0.0002171 seconds, Stopping threads took: 0.0000615 seconds
[2019-06-24T10:44:18.196+0000][1][safepoint    ] Application time: 1.0002666 seconds
[2019-06-24T10:44:18.196+0000][1][safepoint    ] Entering safepoint region: Cleanup
[2019-06-24T10:44:18.197+0000][1][safepoint    ] Leaving safepoint region
[2019-06-24T10:44:18.197+0000][1][safepoint    ] Total time for which application threads were stopped: 0.0002324 seconds, Stopping threads took: 0.0000660 seconds
[2019-06-24T10:44:19.197+0000][1][safepoint    ] Application time: 1.0001779 seconds
[2019-06-24T10:44:19.197+0000][1][safepoint    ] Entering safepoint region: Cleanup
[2019-06-24T10:44:19.197+0000][1][safepoint    ] Leaving safepoint region
[2019-06-24T10:44:19.197+0000][1][safepoint    ] Total time for which application threads were stopped: 0.0002083 seconds, Stopping threads took: 0.0000604 seconds
[2019-06-24T10:44:20.197+0000][1][safepoint    ] Application time: 1.0002713 seconds
[2019-06-24T10:44:20.198+0000][1][safepoint    ] Entering safepoint region: Cleanup
[2019-06-24T10:44:20.198+0000][1][safepoint    ] Leaving safepoint region
[2019-06-24T10:44:20.198+0000][1][safepoint    ] Total time for which application threads were stopped: 0.0002372 seconds, Stopping threads took: 0.0000670 seconds
[2019-06-24T10:44:21.198+0000][1][safepoint    ] Application time: 1.0002663 seconds
[2019-06-24T10:44:21.198+0000][1][safepoint    ] Entering safepoint region: Cleanup
[2019-06-24T10:44:21.198+0000][1][safepoint    ] Leaving safepoint region
[2019-06-24T10:44:21.199+0000][1][safepoint    ] Total time for which application threads were stopped: 0.0002957 seconds, Stopping threads took: 0.0000647 seconds
[2019-06-24T10:44:22.199+0000][1][safepoint    ] Application time: 1.0001575 seconds
[2019-06-24T10:44:22.199+0000][1][safepoint    ] Entering safepoint region: Cleanup
[2019-06-24T10:44:22.199+0000][1][safepoint    ] Leaving safepoint region
[2019-06-24T10:44:22.199+0000][1][safepoint    ] Total time for which application threads were stopped: 0.0002425 seconds, Stopping threads took: 0.0000767 seconds
[2019-06-24T10:44:23.199+0000][1][safepoint    ] Application time: 1.0001984 seconds
[2019-06-24T10:44:23.200+0000][1][safepoint    ] Entering safepoint region: Cleanup
[2019-06-24T10:44:23.200+0000][1][safepoint    ] Leaving safepoint region
[2019-06-24T10:44:23.200+0000][1][safepoint    ] Total time for which application threads were stopped: 0.0002267 seconds, Stopping threads took: 0.0000650 seconds
[2019-06-24T10:44:24.200+0000][1][safepoint    ] Application time: 1.0002741 seconds
[2019-06-24T10:44:24.200+0000][1][safepoint    ] Entering safepoint region: Cleanup
[2019-06-24T10:44:24.200+0000][1][safepoint    ] Leaving safepoint region
[2019-06-24T10:44:24.200+0000][1][safepoint    ] Total time for which application threads were stopped: 0.0002609 seconds, Stopping threads took: 0.0000634 seconds
[2019-06-24T10:44:25.201+0000][1][safepoint    ] Application time: 1.0002887 seconds
[2019-06-24T10:44:25.201+0000][1][safepoint    ] Entering safepoint region: Cleanup
[2019-06-24T10:44:25.201+0000][1][safepoint    ] Leaving safepoint region
[2019-06-24T10:44:25.201+0000][1][safepoint    ] Total time for which application threads were stopped: 0.0002975 seconds, Stopping threads took: 0.0001034 seconds
[2019-06-24T10:44:26.201+0000][1][safepoint    ] Application time: 1.0002581 seconds
[2019-06-24T10:44:26.202+0000][1][safepoint    ] Entering safepoint region: Cleanup
[2019-06-24T10:44:26.202+0000][1][safepoint    ] Leaving safepoint region
[2019-06-24T10:44:26.202+0000][1][safepoint    ] Total time for which application threads were stopped: 0.0002411 seconds, Stopping threads took: 0.0000777 seconds
[2019-06-24T10:44:27.202+0000][1][safepoint    ] Application time: 1.0002615 seconds
[2019-06-24T10:44:27.202+0000][1][safepoint    ] Entering safepoint region: Cleanup
[2019-06-24T10:44:27.203+0000][1][safepoint    ] Leaving safepoint region
[2019-06-24T10:44:27.203+0000][1][safepoint    ] Total time for which application threads were stopped: 0.0012866 seconds, Stopping threads took: 0.0010664 seconds
[2019-06-24T10:44:28.204+0000][1][safepoint    ] Application time: 1.0001458 seconds
[2019-06-24T10:44:28.204+0000][1][safepoint    ] Entering safepoint region: Cleanup
[2019-06-24T10:44:28.204+0000][1][safepoint    ] Leaving safepoint region
[2019-06-24T10:44:28.204+0000][1][safepoint    ] Total time for which application threads were stopped: 0.0002699 seconds, Stopping threads took: 0.0000795 seconds
[2019-06-24T10:44:29.204+0000][1][safepoint    ] Application time: 1.0002434 seconds
[2019-06-24T10:44:29.204+0000][1][safepoint    ] Entering safepoint region: Cleanup
[2019-06-24T10:44:29.205+0000][1][safepoint    ] Leaving safepoint region
[2019-06-24T10:44:29.205+0000][1][safepoint    ] Total time for which application threads were stopped: 0.0002349 seconds, Stopping threads took: 0.0000664 seconds
[2019-06-24T10:44:30.205+0000][1][safepoint    ] Application time: 1.0001276 seconds
[2019-06-24T10:44:30.205+0000][1][safepoint    ] Entering safepoint region: Cleanup
[2019-06-24T10:44:30.205+0000][1][safepoint    ] Leaving safepoint region
[2019-06-24T10:44:30.205+0000][1][safepoint    ] Total time for which application threads were stopped: 0.0000962 seconds, Stopping threads took: 0.0000316 seconds
[2019-06-24T10:44:31.205+0000][1][safepoint    ] Application time: 1.0002455 seconds
[2019-06-24T10:44:31.205+0000][1][safepoint    ] Entering safepoint region: Cleanup
[2019-06-24T10:44:31.206+0000][1][safepoint    ] Leaving safepoint region
[2019-06-24T10:44:31.206+0000][1][safepoint    ] Total time for which application threads were stopped: 0.0002391 seconds, Stopping threads took: 0.0000658 seconds
[2019-06-24T10:44:32.206+0000][1][safepoint    ] Application time: 1.0002617 seconds
[2019-06-24T10:44:32.206+0000][1][safepoint    ] Entering safepoint region: Cleanup
[2019-06-24T10:44:32.206+0000][1][safepoint    ] Leaving safepoint region
[2019-06-24T10:44:32.206+0000][1][safepoint    ] Total time for which application threads were stopped: 0.0002311 seconds, Stopping threads took: 0.0000640 seconds
[2019-06-24T10:44:33.206+0000][1][safepoint    ] Application time: 1.0001412 seconds
[2019-06-24T10:44:33.206+0000][1][safepoint    ] Entering safepoint region: Cleanup
[2019-06-24T10:44:33.207+0000][1][safepoint    ] Leaving safepoint region
[2019-06-24T10:44:33.207+0000][1][safepoint    ] Total time for which application threads were stopped: 0.0000925 seconds, Stopping threads took: 0.0000268 seconds
[2019-06-24T10:44:34.207+0000][1][safepoint    ] Application time: 1.0001396 seconds
[2019-06-24T10:44:34.207+0000][1][safepoint    ] Entering safepoint region: Cleanup
[2019-06-24T10:44:34.207+0000][1][safepoint    ] Leaving safepoint region
[2019-06-24T10:44:34.207+0000][1][safepoint    ] Total time for which application threads were stopped: 0.0002673 seconds, Stopping threads took: 0.0000844 seconds
[2019-06-24T10:44:35.207+0000][1][safepoint    ] Application time: 1.0001791 seconds
[2019-06-24T10:44:35.207+0000][1][safepoint    ] Entering safepoint region: Cleanup
[2019-06-24T10:44:35.208+0000][1][safepoint    ] Leaving safepoint region
[2019-06-24T10:44:35.208+0000][1][safepoint    ] Total time for which application threads were stopped: 0.0002526 seconds, Stopping threads took: 0.0000690 seconds
[2019-06-24T10:44:36.208+0000][1][safepoint    ] Application time: 1.0002455 seconds
[2019-06-24T10:44:36.208+0000][1][safepoint    ] Entering safepoint region: Cleanup
[2019-06-24T10:44:36.208+0000][1][safepoint    ] Leaving safepoint region
[2019-06-24T10:44:36.208+0000][1][safepoint    ] Total time for which application threads were stopped: 0.0002330 seconds, Stopping threads took: 0.0000648 seconds
[2019-06-24T10:44:37.209+0000][1][safepoint    ] Application time: 1.0001901 seconds
[2019-06-24T10:44:37.209+0000][1][safepoint    ] Entering safepoint region: Cleanup
[2019-06-24T10:44:37.209+0000][1][safepoint    ] Leaving safepoint region
[2019-06-24T10:44:37.209+0000][1][safepoint    ] Total time for which application threads were stopped: 0.0002567 seconds, Stopping threads took: 0.0000637 seconds
[2019-06-24T10:44:38.209+0000][1][safepoint    ] Application time: 1.0002721 seconds
[2019-06-24T10:44:38.209+0000][1][safepoint    ] Entering safepoint region: Cleanup
[2019-06-24T10:44:38.210+0000][1][safepoint    ] Leaving safepoint region
[2019-06-24T10:44:38.210+0000][1][safepoint    ] Total time for which application threads were stopped: 0.0002360 seconds, Stopping threads took: 0.0000643 seconds
[2019-06-24T10:44:39.210+0000][1][safepoint    ] Application time: 1.0002049 seconds
[2019-06-24T10:44:39.210+0000][1][safepoint    ] Entering safepoint region: Cleanup
[2019-06-24T10:44:39.210+0000][1][safepoint    ] Leaving safepoint region
[2019-06-24T10:44:39.210+0000][1][safepoint    ] Total time for which application threads were stopped: 0.0002378 seconds, Stopping threads took: 0.0000672 seconds
[2019-06-24T10:44:40.211+0000][1][safepoint    ] Application time: 1.0002820 seconds
[2019-06-24T10:44:40.211+0000][1][safepoint    ] Entering safepoint region: Cleanup
[2019-06-24T10:44:40.211+0000][1][safepoint    ] Leaving safepoint region
[2019-06-24T10:44:40.211+0000][1][safepoint    ] Total time for which application threads were stopped: 0.0002587 seconds, Stopping threads took: 0.0000734 seconds
[2019-06-24T10:44:40.377+0000][1][safepoint    ] Application time: 0.1660200 seconds
[2019-06-24T10:44:40.377+0000][1][safepoint    ] Entering safepoint region: GenCollectForAllocation
[2019-06-24T10:44:40.377+0000][1][gc,start     ] GC(47) Pause Young (Allocation Failure)
[2019-06-24T10:44:40.377+0000][1][gc,task      ] GC(47) Using 5 workers of 8 for evacuation
[2019-06-24T10:44:40.380+0000][1][gc,age       ] GC(47) Desired survivor size 4456448 bytes, new threshold 6 (max threshold 6)
[2019-06-24T10:44:40.380+0000][1][gc,age       ] GC(47) Age table with threshold 6 (max threshold 6)
[2019-06-24T10:44:40.380+0000][1][gc,age       ] GC(47) - age   1:       4360 bytes,       4360 total
[2019-06-24T10:44:40.380+0000][1][gc,age       ] GC(47) - age   2:       2304 bytes,       6664 total
[2019-06-24T10:44:40.380+0000][1][gc,age       ] GC(47) - age   3:        752 bytes,       7416 total
[2019-06-24T10:44:40.380+0000][1][gc,age       ] GC(47) - age   4:       6928 bytes,      14344 total
[2019-06-24T10:44:40.380+0000][1][gc,age       ] GC(47) - age   5:        744 bytes,      15088 total
[2019-06-24T10:44:40.380+0000][1][gc,heap      ] GC(47) ParNew: 69971K->23K(78656K)
[2019-06-24T10:44:40.380+0000][1][gc,heap      ] GC(47) CMS: 69618K->69618K(174784K)
[2019-06-24T10:44:40.380+0000][1][gc,metaspace ] GC(47) Metaspace: 68195K->68195K(1112064K)
[2019-06-24T10:44:40.380+0000][1][gc           ] GC(47) Pause Young (Allocation Failure) 136M->68M(247M) 3.052ms
[2019-06-24T10:44:40.380+0000][1][gc,cpu       ] GC(47) User=0.01s Sys=0.00s Real=0.00s
[2019-06-24T10:44:40.381+0000][1][safepoint    ] Leaving safepoint region
[2019-06-24T10:44:40.381+0000][1][safepoint    ] Total time for which application threads were stopped: 0.0035164 seconds, Stopping threads took: 0.0000600 seconds
[2019-06-24T10:44:41.381+0000][1][safepoint    ] Application time: 1.0003127 seconds
[2019-06-24T10:44:41.381+0000][1][safepoint    ] Entering safepoint region: Cleanup
[2019-06-24T10:44:41.381+0000][1][safepoint    ] Leaving safepoint region
[2019-06-24T10:44:41.381+0000][1][safepoint    ] Total time for which application threads were stopped: 0.0002710 seconds, Stopping threads took: 0.0000752 seconds
[2019-06-24T10:44:42.382+0000][1][safepoint    ] Application time: 1.0002510 seconds
[2019-06-24T10:44:42.382+0000][1][safepoint    ] Entering safepoint region: Cleanup
[2019-06-24T10:44:42.382+0000][1][safepoint    ] Leaving safepoint region
[2019-06-24T10:44:42.382+0000][1][safepoint    ] Total time for which application threads were stopped: 0.0002998 seconds, Stopping threads took: 0.0001312 seconds
[2019-06-24T10:44:43.382+0000][1][safepoint    ] Application time: 1.0002766 seconds
[2019-06-24T10:44:43.383+0000][1][safepoint    ] Entering safepoint region: Cleanup
[2019-06-24T10:44:43.383+0000][1][safepoint    ] Leaving safepoint region
[2019-06-24T10:44:43.383+0000][1][safepoint    ] Total time for which application threads were stopped: 0.0002554 seconds, Stopping threads took: 0.0000822 seconds
[2019-06-24T10:44:44.383+0000][1][safepoint    ] Application time: 1.0002860 seconds
[2019-06-24T10:44:44.383+0000][1][safepoint    ] Entering safepoint region: Cleanup
[2019-06-24T10:44:44.383+0000][1][safepoint    ] Leaving safepoint region
[2019-06-24T10:44:44.383+0000][1][safepoint    ] Total time for which application threads were stopped: 0.0002363 seconds, Stopping threads took: 0.0000661 seconds
[2019-06-24T10:44:45.384+0000][1][safepoint    ] Application time: 1.0001221 seconds
[2019-06-24T10:44:45.384+0000][1][safepoint    ] Entering safepoint region: Cleanup
[2019-06-24T10:44:45.384+0000][1][safepoint    ] Leaving safepoint region
[2019-06-24T10:44:45.384+0000][1][safepoint    ] Total time for which application threads were stopped: 0.0001839 seconds, Stopping threads took: 0.0000532 seconds
[2019-06-24T10:44:46.384+0000][1][safepoint    ] Application time: 1.0002552 seconds
[2019-06-24T10:44:46.384+0000][1][safepoint    ] Entering safepoint region: Cleanup
[2019-06-24T10:44:46.385+0000][1][safepoint    ] Leaving safepoint region
[2019-06-24T10:44:46.385+0000][1][safepoint    ] Total time for which application threads were stopped: 0.0003197 seconds, Stopping threads took: 0.0000844 seconds
[2019-06-24T10:44:47.385+0000][1][safepoint    ] Application time: 1.0002897 seconds
[2019-06-24T10:44:47.385+0000][1][safepoint    ] Entering safepoint region: Cleanup
[2019-06-24T10:44:47.385+0000][1][safepoint    ] Leaving safepoint region
[2019-06-24T10:44:47.385+0000][1][safepoint    ] Total time for which application threads were stopped: 0.0002787 seconds, Stopping threads took: 0.0000651 seconds
[2019-06-24T10:44:48.386+0000][1][safepoint    ] Application time: 1.0002620 seconds
[2019-06-24T10:44:48.386+0000][1][safepoint    ] Entering safepoint region: Cleanup
[2019-06-24T10:44:48.386+0000][1][safepoint    ] Leaving safepoint region
[2019-06-24T10:44:48.386+0000][1][safepoint    ] Total time for which application threads were stopped: 0.0002339 seconds, Stopping threads took: 0.0000651 seconds
[2019-06-24T10:44:49.386+0000][1][safepoint    ] Application time: 1.0002008 seconds
[2019-06-24T10:44:49.386+0000][1][safepoint    ] Entering safepoint region: Cleanup
[2019-06-24T10:44:49.388+0000][1][safepoint    ] Leaving safepoint region
[2019-06-24T10:44:49.388+0000][1][safepoint    ] Total time for which application threads were stopped: 0.0014113 seconds, Stopping threads took: 0.0010923 seconds
[2019-06-24T10:44:50.947+0000][1][safepoint    ] Application time: 1.5588118 seconds
[2019-06-24T10:44:50.947+0000][1][safepoint    ] Entering safepoint region: Cleanup
[2019-06-24T10:44:50.947+0000][1][safepoint    ] Leaving safepoint region
[2019-06-24T10:44:50.947+0000][1][safepoint    ] Total time for which application threads were stopped: 0.0002148 seconds, Stopping threads took: 0.0000605 seconds
[2019-06-24T10:44:51.947+0000][1][safepoint    ] Application time: 1.0002260 seconds
[2019-06-24T10:44:51.947+0000][1][safepoint    ] Entering safepoint region: Cleanup
[2019-06-24T10:44:51.948+0000][1][safepoint    ] Leaving safepoint region
[2019-06-24T10:44:51.948+0000][1][safepoint    ] Total time for which application threads were stopped: 0.0002214 seconds, Stopping threads took: 0.0000605 seconds
[2019-06-24T10:44:52.684+0000][1][safepoint    ] Application time: 0.7359209 seconds
[2019-06-24T10:44:52.684+0000][1][safepoint    ] Entering safepoint region: RevokeBias
[2019-06-24T10:44:52.684+0000][1][safepoint    ] Leaving safepoint region
[2019-06-24T10:44:52.684+0000][1][safepoint    ] Total time for which application threads were stopped: 0.0004444 seconds, Stopping threads took: 0.0000832 seconds
[2019-06-24T10:44:52.686+0000][1][safepoint    ] Application time: 0.0017367 seconds
[2019-06-24T10:44:52.686+0000][1][safepoint    ] Entering safepoint region: RevokeBias
[2019-06-24T10:44:52.686+0000][1][safepoint    ] Leaving safepoint region
[2019-06-24T10:44:52.686+0000][1][safepoint    ] Total time for which application threads were stopped: 0.0001263 seconds, Stopping threads took: 0.0000500 seconds
[2019-06-24T10:44:52.690+0000][1][safepoint    ] Application time: 0.0036602 seconds
[2019-06-24T10:44:52.699+0000][1][safepoint    ] Entering safepoint region: RevokeBias
[2019-06-24T10:44:52.700+0000][1][safepoint    ] Leaving safepoint region
[2019-06-24T10:44:52.700+0000][1][safepoint    ] Total time for which application threads were stopped: 0.0096682 seconds, Stopping threads took: 0.0095505 seconds
[2019-06-24T10:44:52.703+0000][1][safepoint    ] Application time: 0.0029748 seconds
[2019-06-24T10:44:52.707+0000][1][safepoint    ] Entering safepoint region: RevokeBias
[2019-06-24T10:44:52.707+0000][1][safepoint    ] Leaving safepoint region
[2019-06-24T10:44:52.707+0000][1][safepoint    ] Total time for which application threads were stopped: 0.0041331 seconds, Stopping threads took: 0.0039935 seconds
[2019-06-24T10:44:52.722+0000][1][safepoint    ] Application time: 0.0153104 seconds
[2019-06-24T10:44:52.726+0000][1][safepoint    ] Entering safepoint region: RevokeBias
[2019-06-24T10:44:52.727+0000][1][safepoint    ] Leaving safepoint region
[2019-06-24T10:44:52.727+0000][1][safepoint    ] Total time for which application threads were stopped: 0.0045159 seconds, Stopping threads took: 0.0039818 seconds
[2019-06-24T10:44:52.727+0000][1][safepoint    ] Application time: 0.0004833 seconds
[2019-06-24T10:44:52.727+0000][1][safepoint    ] Entering safepoint region: RevokeBias
[2019-06-24T10:44:52.727+0000][1][safepoint    ] Leaving safepoint region
[2019-06-24T10:44:52.727+0000][1][safepoint    ] Total time for which application threads were stopped: 0.0001304 seconds, Stopping threads took: 0.0000255 seconds
[2019-06-24T10:44:52.732+0000][1][safepoint    ] Application time: 0.0051000 seconds
[2019-06-24T10:44:52.742+0000][1][safepoint    ] Entering safepoint region: RevokeBias
[2019-06-24T10:44:52.743+0000][1][safepoint    ] Leaving safepoint region
[2019-06-24T10:44:52.743+0000][1][safepoint    ] Total time for which application threads were stopped: 0.0102400 seconds, Stopping threads took: 0.0099559 seconds
[2019-06-24T10:44:52.744+0000][1][safepoint    ] Application time: 0.0012358 seconds
[2019-06-24T10:44:52.751+0000][1][safepoint    ] Entering safepoint region: RevokeBias
[2019-06-24T10:44:52.751+0000][1][safepoint    ] Leaving safepoint region
[2019-06-24T10:44:52.751+0000][1][safepoint    ] Total time for which application threads were stopped: 0.0068121 seconds, Stopping threads took: 0.0066627 seconds
[2019-06-24T10:44:52.757+0000][1][safepoint    ] Application time: 0.0065357 seconds
[2019-06-24T10:44:52.757+0000][1][safepoint    ] Entering safepoint region: RevokeBias
[2019-06-24T10:44:52.757+0000][1][safepoint    ] Leaving safepoint region
[2019-06-24T10:44:52.757+0000][1][safepoint    ] Total time for which application threads were stopped: 0.0001302 seconds, Stopping threads took: 0.0000368 seconds
[2019-06-24T10:44:52.759+0000][1][safepoint    ] Application time: 0.0011826 seconds
[2019-06-24T10:44:52.759+0000][1][safepoint    ] Entering safepoint region: RevokeBias
[2019-06-24T10:44:52.759+0000][1][safepoint    ] Leaving safepoint region
[2019-06-24T10:44:52.759+0000][1][safepoint    ] Total time for which application threads were stopped: 0.0001518 seconds, Stopping threads took: 0.0000553 seconds
[2019-06-24T10:44:52.759+0000][1][safepoint    ] Application time: 0.0000846 seconds
[2019-06-24T10:44:52.759+0000][1][safepoint    ] Entering safepoint region: RevokeBias
[2019-06-24T10:44:52.759+0000][1][safepoint    ] Leaving safepoint region
[2019-06-24T10:44:52.759+0000][1][safepoint    ] Total time for which application threads were stopped: 0.0001179 seconds, Stopping threads took: 0.0000456 seconds
[2019-06-24T10:44:52.759+0000][1][safepoint    ] Application time: 0.0000789 seconds
[2019-06-24T10:44:52.759+0000][1][safepoint    ] Entering safepoint region: RevokeBias
[2019-06-24T10:44:52.759+0000][1][safepoint    ] Leaving safepoint region
[2019-06-24T10:44:52.759+0000][1][safepoint    ] Total time for which application threads were stopped: 0.0001045 seconds, Stopping threads took: 0.0000429 seconds
[2019-06-24T10:44:52.759+0000][1][safepoint    ] Application time: 0.0000769 seconds
[2019-06-24T10:44:52.759+0000][1][safepoint    ] Entering safepoint region: RevokeBias
[2019-06-24T10:44:52.759+0000][1][safepoint    ] Leaving safepoint region
[2019-06-24T10:44:52.759+0000][1][safepoint    ] Total time for which application threads were stopped: 0.0001158 seconds, Stopping threads took: 0.0000451 seconds
[2019-06-24T10:44:52.760+0000][1][safepoint    ] Application time: 0.0000786 seconds
[2019-06-24T10:44:52.760+0000][1][safepoint    ] Entering safepoint region: RevokeBias
[2019-06-24T10:44:52.760+0000][1][safepoint    ] Leaving safepoint region
[2019-06-24T10:44:52.760+0000][1][safepoint    ] Total time for which application threads were stopped: 0.0001153 seconds, Stopping threads took: 0.0000435 seconds
[2019-06-24T10:44:52.760+0000][1][safepoint    ] Application time: 0.0000822 seconds
[2019-06-24T10:44:52.760+0000][1][safepoint    ] Entering safepoint region: RevokeBias
[2019-06-24T10:44:52.760+0000][1][safepoint    ] Leaving safepoint region
[2019-06-24T10:44:52.760+0000][1][safepoint    ] Total time for which application threads were stopped: 0.0001061 seconds, Stopping threads took: 0.0000439 seconds
[2019-06-24T10:44:52.760+0000][1][safepoint    ] Application time: 0.0000772 seconds
[2019-06-24T10:44:52.760+0000][1][safepoint    ] Entering safepoint region: RevokeBias
[2019-06-24T10:44:52.760+0000][1][safepoint    ] Leaving safepoint region
[2019-06-24T10:44:52.760+0000][1][safepoint    ] Total time for which application threads were stopped: 0.0001103 seconds, Stopping threads took: 0.0000430 seconds
[2019-06-24T10:44:52.760+0000][1][safepoint    ] Application time: 0.0000774 seconds
[2019-06-24T10:44:52.760+0000][1][safepoint    ] Entering safepoint region: RevokeBias
[2019-06-24T10:44:52.760+0000][1][safepoint    ] Leaving safepoint region
[2019-06-24T10:44:52.760+0000][1][safepoint    ] Total time for which application threads were stopped: 0.0000992 seconds, Stopping threads took: 0.0000431 seconds
[2019-06-24T10:44:52.760+0000][1][safepoint    ] Application time: 0.0000751 seconds
[2019-06-24T10:44:52.760+0000][1][safepoint    ] Entering safepoint region: RevokeBias
[2019-06-24T10:44:52.761+0000][1][safepoint    ] Leaving safepoint region
[2019-06-24T10:44:52.761+0000][1][safepoint    ] Total time for which application threads were stopped: 0.0000932 seconds, Stopping threads took: 0.0000388 seconds
[2019-06-24T10:44:52.761+0000][1][safepoint    ] Application time: 0.0000748 seconds
[2019-06-24T10:44:52.761+0000][1][safepoint    ] Entering safepoint region: RevokeBias
[2019-06-24T10:44:52.761+0000][1][safepoint    ] Leaving safepoint region
[2019-06-24T10:44:52.761+0000][1][safepoint    ] Total time for which application threads were stopped: 0.0000925 seconds, Stopping threads took: 0.0000225 seconds
[2019-06-24T10:44:52.761+0000][1][safepoint    ] Application time: 0.0000784 seconds
[2019-06-24T10:44:52.761+0000][1][safepoint    ] Entering safepoint region: RevokeBias
[2019-06-24T10:44:52.761+0000][1][safepoint    ] Leaving safepoint region
[2019-06-24T10:44:52.761+0000][1][safepoint    ] Total time for which application threads were stopped: 0.0000730 seconds, Stopping threads took: 0.0000161 seconds
[2019-06-24T10:44:52.762+0000][1][safepoint    ] Application time: 0.0010601 seconds
[2019-06-24T10:44:52.762+0000][1][safepoint    ] Entering safepoint region: RevokeBias
[2019-06-24T10:44:52.762+0000][1][safepoint    ] Leaving safepoint region
[2019-06-24T10:44:52.762+0000][1][safepoint    ] Total time for which application threads were stopped: 0.0003091 seconds, Stopping threads took: 0.0002035 seconds
[2019-06-24T10:44:52.768+0000][1][safepoint    ] Application time: 0.0058669 seconds
[2019-06-24T10:44:52.768+0000][1][safepoint    ] Entering safepoint region: RevokeBias
[2019-06-24T10:44:52.768+0000][1][safepoint    ] Leaving safepoint region
[2019-06-24T10:44:52.768+0000][1][safepoint    ] Total time for which application threads were stopped: 0.0001126 seconds, Stopping threads took: 0.0000262 seconds
[2019-06-24T10:44:52.789+0000][1][safepoint    ] Application time: 0.0202067 seconds
[2019-06-24T10:44:52.789+0000][1][safepoint    ] Entering safepoint region: RevokeBias
[2019-06-24T10:44:52.789+0000][1][safepoint    ] Leaving safepoint region
[2019-06-24T10:44:52.789+0000][1][safepoint    ] Total time for which application threads were stopped: 0.0002607 seconds, Stopping threads took: 0.0000932 seconds
[2019-06-24T10:44:52.789+0000][1][safepoint    ] Application time: 0.0003023 seconds
[2019-06-24T10:44:52.789+0000][1][safepoint    ] Entering safepoint region: RevokeBias
[2019-06-24T10:44:52.789+0000][1][safepoint    ] Leaving safepoint region
[2019-06-24T10:44:52.789+0000][1][safepoint    ] Total time for which application threads were stopped: 0.0001870 seconds, Stopping threads took: 0.0000378 seconds
[2019-06-24T10:44:52.790+0000][1][safepoint    ] Application time: 0.0003422 seconds
[2019-06-24T10:44:52.790+0000][1][safepoint    ] Entering safepoint region: RevokeBias
[2019-06-24T10:44:52.790+0000][1][safepoint    ] Leaving safepoint region
[2019-06-24T10:44:52.790+0000][1][safepoint    ] Total time for which application threads were stopped: 0.0000911 seconds, Stopping threads took: 0.0000223 seconds
[2019-06-24T10:44:52.791+0000][1][safepoint    ] Application time: 0.0011253 seconds
[2019-06-24T10:44:52.795+0000][1][safepoint    ] Entering safepoint region: RevokeBias
[2019-06-24T10:44:52.795+0000][1][safepoint    ] Leaving safepoint region
[2019-06-24T10:44:52.795+0000][1][safepoint    ] Total time for which application threads were stopped: 0.0038593 seconds, Stopping threads took: 0.0037287 seconds
[2019-06-24T10:44:52.795+0000][1][safepoint    ] Application time: 0.0004047 seconds
[2019-06-24T10:44:52.796+0000][1][safepoint    ] Entering safepoint region: RevokeBias
[2019-06-24T10:44:52.796+0000][1][safepoint    ] Leaving safepoint region
[2019-06-24T10:44:52.796+0000][1][safepoint    ] Total time for which application threads were stopped: 0.0005663 seconds, Stopping threads took: 0.0004662 seconds
[2019-06-24T10:44:52.797+0000][1][safepoint    ] Application time: 0.0006539 seconds
[2019-06-24T10:44:52.797+0000][1][safepoint    ] Entering safepoint region: RevokeBias
[2019-06-24T10:44:52.797+0000][1][safepoint    ] Leaving safepoint region
[2019-06-24T10:44:52.797+0000][1][safepoint    ] Total time for which application threads were stopped: 0.0000919 seconds, Stopping threads took: 0.0000294 seconds
[2019-06-24T10:44:52.797+0000][1][safepoint    ] Application time: 0.0000817 seconds
[2019-06-24T10:44:52.797+0000][1][safepoint    ] Entering safepoint region: RevokeBias
[2019-06-24T10:44:52.797+0000][1][safepoint    ] Leaving safepoint region
[2019-06-24T10:44:52.797+0000][1][safepoint    ] Total time for which application threads were stopped: 0.0000982 seconds, Stopping threads took: 0.0000379 seconds
[2019-06-24T10:44:52.803+0000][1][safepoint    ] Application time: 0.0062691 seconds
[2019-06-24T10:44:52.803+0000][1][safepoint    ] Entering safepoint region: RevokeBias
[2019-06-24T10:44:52.804+0000][1][safepoint    ] Leaving safepoint region
[2019-06-24T10:44:52.804+0000][1][safepoint    ] Total time for which application threads were stopped: 0.0011444 seconds, Stopping threads took: 0.0000619 seconds
[2019-06-24T10:44:52.809+0000][1][safepoint    ] Application time: 0.0045168 seconds
[2019-06-24T10:44:52.809+0000][1][safepoint    ] Entering safepoint region: RevokeBias
[2019-06-24T10:44:52.809+0000][1][safepoint    ] Leaving safepoint region
[2019-06-24T10:44:52.809+0000][1][safepoint    ] Total time for which application threads were stopped: 0.0002278 seconds, Stopping threads took: 0.0000647 seconds
[2019-06-24T10:44:52.820+0000][1][safepoint    ] Application time: 0.0103978 seconds
[2019-06-24T10:44:52.820+0000][1][safepoint    ] Entering safepoint region: RevokeBias
[2019-06-24T10:44:52.820+0000][1][safepoint    ] Leaving safepoint region
[2019-06-24T10:44:52.820+0000][1][safepoint    ] Total time for which application threads were stopped: 0.0001806 seconds, Stopping threads took: 0.0000880 seconds
[2019-06-24T10:44:52.820+0000][1][safepoint    ] Application time: 0.0001103 seconds
[2019-06-24T10:44:52.820+0000][1][safepoint    ] Entering safepoint region: RevokeBias
[2019-06-24T10:44:52.820+0000][1][safepoint    ] Leaving safepoint region
[2019-06-24T10:44:52.820+0000][1][safepoint    ] Total time for which application threads were stopped: 0.0000750 seconds, Stopping threads took: 0.0000163 seconds
[2019-06-24T10:44:52.826+0000][1][safepoint    ] Application time: 0.0058436 seconds
[2019-06-24T10:44:52.826+0000][1][safepoint    ] Entering safepoint region: RevokeBias
[2019-06-24T10:44:52.826+0000][1][safepoint    ] Leaving safepoint region
[2019-06-24T10:44:52.826+0000][1][safepoint    ] Total time for which application threads were stopped: 0.0000844 seconds, Stopping threads took: 0.0000217 seconds
[2019-06-24T10:44:52.856+0000][1][safepoint    ] Application time: 0.0300041 seconds
[2019-06-24T10:44:52.856+0000][1][safepoint    ] Entering safepoint region: RevokeBias
[2019-06-24T10:44:52.856+0000][1][safepoint    ] Leaving safepoint region
[2019-06-24T10:44:52.856+0000][1][safepoint    ] Total time for which application threads were stopped: 0.0001236 seconds, Stopping threads took: 0.0000259 seconds
[2019-06-24T10:44:52.878+0000][1][safepoint    ] Application time: 0.0220951 seconds
[2019-06-24T10:44:52.879+0000][1][safepoint    ] Entering safepoint region: RevokeBias
[2019-06-24T10:44:52.879+0000][1][safepoint    ] Leaving safepoint region
[2019-06-24T10:44:52.879+0000][1][safepoint    ] Total time for which application threads were stopped: 0.0003576 seconds, Stopping threads took: 0.0002567 seconds
[2019-06-24T10:44:52.881+0000][1][safepoint    ] Application time: 0.0020302 seconds
[2019-06-24T10:44:52.881+0000][1][safepoint    ] Entering safepoint region: RevokeBias
[2019-06-24T10:44:52.881+0000][1][safepoint    ] Leaving safepoint region
[2019-06-24T10:44:52.881+0000][1][safepoint    ] Total time for which application threads were stopped: 0.0000795 seconds, Stopping threads took: 0.0000185 seconds
[2019-06-24T10:44:52.883+0000][1][safepoint    ] Application time: 0.0021908 seconds
[2019-06-24T10:44:52.883+0000][1][safepoint    ] Entering safepoint region: RevokeBias
[2019-06-24T10:44:52.883+0000][1][safepoint    ] Leaving safepoint region
[2019-06-24T10:44:52.883+0000][1][safepoint    ] Total time for which application threads were stopped: 0.0001136 seconds, Stopping threads took: 0.0000545 seconds
[2019-06-24T10:44:52.887+0000][1][safepoint    ] Application time: 0.0037091 seconds
[2019-06-24T10:44:52.887+0000][1][safepoint    ] Entering safepoint region: RevokeBias
[2019-06-24T10:44:52.887+0000][1][safepoint    ] Leaving safepoint region
[2019-06-24T10:44:52.887+0000][1][safepoint    ] Total time for which application threads were stopped: 0.0000644 seconds, Stopping threads took: 0.0000188 seconds
[2019-06-24T10:44:52.887+0000][1][safepoint    ] Application time: 0.0002033 seconds
[2019-06-24T10:44:52.887+0000][1][safepoint    ] Entering safepoint region: RevokeBias
[2019-06-24T10:44:52.887+0000][1][safepoint    ] Leaving safepoint region
[2019-06-24T10:44:52.887+0000][1][safepoint    ] Total time for which application threads were stopped: 0.0000735 seconds, Stopping threads took: 0.0000384 seconds
[2019-06-24T10:44:52.892+0000][1][safepoint    ] Application time: 0.0050597 seconds
[2019-06-24T10:44:52.892+0000][1][safepoint    ] Entering safepoint region: RevokeBias
[2019-06-24T10:44:52.893+0000][1][safepoint    ] Leaving safepoint region
[2019-06-24T10:44:52.893+0000][1][safepoint    ] Total time for which application threads were stopped: 0.0001076 seconds, Stopping threads took: 0.0000470 seconds
[2019-06-24T10:44:52.900+0000][1][gc,heap,exit ] Heap
[2019-06-24T10:44:52.900+0000][1][gc,heap,exit ]  par new generation   total 78656K, used 15861K [0x00000000f0000000, 0x00000000f5550000, 0x00000000f5550000)
[2019-06-24T10:44:52.900+0000][1][gc,heap,exit ]   eden space 69952K,  22% used [0x00000000f0000000, 0x00000000f0f77998, 0x00000000f4450000)
[2019-06-24T10:44:52.900+0000][1][gc,heap,exit ]   from space 8704K,   0% used [0x00000000f4450000, 0x00000000f4455e38, 0x00000000f4cd0000)
[2019-06-24T10:44:52.900+0000][1][gc,heap,exit ]   to   space 8704K,   0% used [0x00000000f4cd0000, 0x00000000f4cd0000, 0x00000000f5550000)
[2019-06-24T10:44:52.900+0000][1][gc,heap,exit ]  concurrent mark-sweep generation total 174784K, used 69618K [0x00000000f5550000, 0x0000000100000000, 0x0000000100000000)
[2019-06-24T10:44:52.900+0000][1][gc,heap,exit ]  Metaspace       used 68354K, capacity 73426K, committed 73580K, reserved 1112064K
[2019-06-24T10:44:52.900+0000][1][gc,heap,exit ]   class space    used 9182K, capacity 11265K, committed 11272K, reserved 1048576K
[2019-06-24T10:44:52.900+0000][1][safepoint    ] Application time: 0.0079080 seconds
[2019-06-24T10:44:52.901+0000][1][safepoint    ] Entering safepoint region: Exit
