[2019-06-24T09:23:49.514+0000][1][gc] Using Concurrent Mark Sweep
[2019-06-24T09:23:49.515+0000][1][gc,heap,coops] Heap address: 0x00000000f0000000, size: 256 MB, Compressed Oops mode: 32-bit
[2019-06-24T09:23:49.563+0000][1][safepoint    ] Entering safepoint region: EnableBiasedLocking
[2019-06-24T09:23:49.563+0000][1][safepoint    ] Leaving safepoint region
[2019-06-24T09:23:49.563+0000][1][safepoint    ] Total time for which application threads were stopped: 0.0001067 seconds, Stopping threads took: 0.0000464 seconds
[2019-06-24T09:23:49.566+0000][1][safepoint    ] Application time: 0.0023133 seconds
[2019-06-24T09:23:49.566+0000][1][safepoint    ] Entering safepoint region: RevokeBias
[2019-06-24T09:23:49.566+0000][1][safepoint    ] Leaving safepoint region
[2019-06-24T09:23:49.566+0000][1][safepoint    ] Total time for which application threads were stopped: 0.0000659 seconds, Stopping threads took: 0.0000180 seconds
[2019-06-24T09:23:49.573+0000][1][safepoint    ] Application time: 0.0069222 seconds
[2019-06-24T09:23:49.573+0000][1][safepoint    ] Entering safepoint region: Deoptimize
[2019-06-24T09:23:49.573+0000][1][safepoint    ] Leaving safepoint region
[2019-06-24T09:23:49.573+0000][1][safepoint    ] Total time for which application threads were stopped: 0.0000457 seconds, Stopping threads took: 0.0000084 seconds
[2019-06-24T09:23:49.663+0000][1][safepoint    ] Application time: 0.0903075 seconds
[2019-06-24T09:23:49.664+0000][1][safepoint    ] Entering safepoint region: RevokeBias
[2019-06-24T09:23:49.664+0000][1][safepoint    ] Leaving safepoint region
[2019-06-24T09:23:49.664+0000][1][safepoint    ] Total time for which application threads were stopped: 0.0000639 seconds, Stopping threads took: 0.0000135 seconds
[2019-06-24T09:23:49.665+0000][1][safepoint    ] Application time: 0.0013755 seconds
[2019-06-24T09:23:49.665+0000][1][safepoint    ] Entering safepoint region: Deoptimize
[2019-06-24T09:23:49.665+0000][1][safepoint    ] Leaving safepoint region
[2019-06-24T09:23:49.665+0000][1][safepoint    ] Total time for which application threads were stopped: 0.0000510 seconds, Stopping threads took: 0.0000070 seconds
[2019-06-24T09:23:49.687+0000][1][safepoint    ] Application time: 0.0224026 seconds
[2019-06-24T09:23:49.687+0000][1][safepoint    ] Entering safepoint region: Deoptimize
[2019-06-24T09:23:49.688+0000][1][safepoint    ] Leaving safepoint region
[2019-06-24T09:23:49.688+0000][1][safepoint    ] Total time for which application threads were stopped: 0.0000630 seconds, Stopping threads took: 0.0000081 seconds
[2019-06-24T09:23:49.911+0000][1][safepoint    ] Application time: 0.2235134 seconds
[2019-06-24T09:23:49.911+0000][1][safepoint    ] Entering safepoint region: Deoptimize
[2019-06-24T09:23:49.911+0000][1][safepoint    ] Leaving safepoint region
[2019-06-24T09:23:49.911+0000][1][safepoint    ] Total time for which application threads were stopped: 0.0001792 seconds, Stopping threads took: 0.0000140 seconds
[2019-06-24T09:23:49.932+0000][1][safepoint    ] Application time: 0.0207717 seconds
[2019-06-24T09:23:49.932+0000][1][safepoint    ] Entering safepoint region: Deoptimize
[2019-06-24T09:23:49.932+0000][1][safepoint    ] Leaving safepoint region
[2019-06-24T09:23:49.932+0000][1][safepoint    ] Total time for which application threads were stopped: 0.0000917 seconds, Stopping threads took: 0.0000083 seconds
[2019-06-24T09:23:49.955+0000][1][safepoint    ] Application time: 0.0229025 seconds
[2019-06-24T09:23:49.955+0000][1][safepoint    ] Entering safepoint region: Deoptimize
[2019-06-24T09:23:49.955+0000][1][safepoint    ] Leaving safepoint region
[2019-06-24T09:23:49.955+0000][1][safepoint    ] Total time for which application threads were stopped: 0.0001186 seconds, Stopping threads took: 0.0000095 seconds
[2019-06-24T09:23:49.965+0000][1][safepoint    ] Application time: 0.0096232 seconds
[2019-06-24T09:23:49.965+0000][1][safepoint    ] Entering safepoint region: Deoptimize
[2019-06-24T09:23:49.965+0000][1][safepoint    ] Leaving safepoint region
[2019-06-24T09:23:49.965+0000][1][safepoint    ] Total time for which application threads were stopped: 0.0001049 seconds, Stopping threads took: 0.0000091 seconds
[2019-06-24T09:23:50.289+0000][1][safepoint    ] Application time: 0.3241300 seconds
[2019-06-24T09:23:50.289+0000][1][safepoint    ] Entering safepoint region: Deoptimize
[2019-06-24T09:23:50.289+0000][1][safepoint    ] Leaving safepoint region
[2019-06-24T09:23:50.289+0000][1][safepoint    ] Total time for which application threads were stopped: 0.0002798 seconds, Stopping threads took: 0.0000100 seconds
[2019-06-24T09:23:50.505+0000][1][safepoint    ] Application time: 0.2151220 seconds
[2019-06-24T09:23:50.505+0000][1][safepoint    ] Entering safepoint region: RevokeBias
[2019-06-24T09:23:50.505+0000][1][safepoint    ] Leaving safepoint region
[2019-06-24T09:23:50.505+0000][1][safepoint    ] Total time for which application threads were stopped: 0.0001498 seconds, Stopping threads took: 0.0000164 seconds
[2019-06-24T09:23:50.597+0000][1][safepoint    ] Application time: 0.0922116 seconds
[2019-06-24T09:23:50.597+0000][1][safepoint    ] Entering safepoint region: Deoptimize
[2019-06-24T09:23:50.597+0000][1][safepoint    ] Leaving safepoint region
[2019-06-24T09:23:50.597+0000][1][safepoint    ] Total time for which application threads were stopped: 0.0001893 seconds, Stopping threads took: 0.0000088 seconds
[2019-06-24T09:23:50.700+0000][1][safepoint    ] Application time: 0.1027637 seconds
[2019-06-24T09:23:50.700+0000][1][safepoint    ] Entering safepoint region: Deoptimize
[2019-06-24T09:23:50.700+0000][1][safepoint    ] Leaving safepoint region
[2019-06-24T09:23:50.700+0000][1][safepoint    ] Total time for which application threads were stopped: 0.0002399 seconds, Stopping threads took: 0.0000166 seconds
[2019-06-24T09:23:50.700+0000][1][safepoint    ] Application time: 0.0001223 seconds
[2019-06-24T09:23:50.701+0000][1][safepoint    ] Entering safepoint region: Deoptimize
[2019-06-24T09:23:50.701+0000][1][safepoint    ] Leaving safepoint region
[2019-06-24T09:23:50.701+0000][1][safepoint    ] Total time for which application threads were stopped: 0.0002224 seconds, Stopping threads took: 0.0000841 seconds
[2019-06-24T09:23:50.715+0000][1][safepoint    ] Application time: 0.0145077 seconds
[2019-06-24T09:23:50.715+0000][1][safepoint    ] Entering safepoint region: Deoptimize
[2019-06-24T09:23:50.715+0000][1][safepoint    ] Leaving safepoint region
[2019-06-24T09:23:50.715+0000][1][safepoint    ] Total time for which application threads were stopped: 0.0001733 seconds, Stopping threads took: 0.0000197 seconds
[2019-06-24T09:23:50.724+0000][1][safepoint    ] Application time: 0.0086099 seconds
[2019-06-24T09:23:50.724+0000][1][safepoint    ] Entering safepoint region: Deoptimize
[2019-06-24T09:23:50.724+0000][1][safepoint    ] Leaving safepoint region
[2019-06-24T09:23:50.724+0000][1][safepoint    ] Total time for which application threads were stopped: 0.0001736 seconds, Stopping threads took: 0.0000099 seconds
[2019-06-24T09:23:50.729+0000][1][safepoint    ] Application time: 0.0051893 seconds
[2019-06-24T09:23:50.729+0000][1][safepoint    ] Entering safepoint region: RevokeBias
[2019-06-24T09:23:50.730+0000][1][safepoint    ] Leaving safepoint region
[2019-06-24T09:23:50.730+0000][1][safepoint    ] Total time for which application threads were stopped: 0.0000703 seconds, Stopping threads took: 0.0000230 seconds
[2019-06-24T09:23:50.730+0000][1][safepoint    ] Application time: 0.0001466 seconds
[2019-06-24T09:23:50.730+0000][1][safepoint    ] Entering safepoint region: RevokeBias
[2019-06-24T09:23:50.730+0000][1][safepoint    ] Leaving safepoint region
[2019-06-24T09:23:50.730+0000][1][safepoint    ] Total time for which application threads were stopped: 0.0000594 seconds, Stopping threads took: 0.0000218 seconds
[2019-06-24T09:23:50.730+0000][1][safepoint    ] Application time: 0.0001161 seconds
[2019-06-24T09:23:50.730+0000][1][safepoint    ] Entering safepoint region: RevokeBias
[2019-06-24T09:23:50.730+0000][1][safepoint    ] Leaving safepoint region
[2019-06-24T09:23:50.730+0000][1][safepoint    ] Total time for which application threads were stopped: 0.0000612 seconds, Stopping threads took: 0.0000225 seconds
[2019-06-24T09:23:50.730+0000][1][safepoint    ] Application time: 0.0000946 seconds
[2019-06-24T09:23:50.730+0000][1][safepoint    ] Entering safepoint region: RevokeBias
[2019-06-24T09:23:50.730+0000][1][safepoint    ] Leaving safepoint region
[2019-06-24T09:23:50.730+0000][1][safepoint    ] Total time for which application threads were stopped: 0.0000496 seconds, Stopping threads took: 0.0000229 seconds
[2019-06-24T09:23:50.730+0000][1][safepoint    ] Application time: 0.0001607 seconds
[2019-06-24T09:23:50.730+0000][1][safepoint    ] Entering safepoint region: RevokeBias
[2019-06-24T09:23:50.730+0000][1][safepoint    ] Leaving safepoint region
[2019-06-24T09:23:50.730+0000][1][safepoint    ] Total time for which application threads were stopped: 0.0000480 seconds, Stopping threads took: 0.0000224 seconds
[2019-06-24T09:23:50.732+0000][1][safepoint    ] Application time: 0.0018923 seconds
[2019-06-24T09:23:50.732+0000][1][safepoint    ] Entering safepoint region: RevokeBias
[2019-06-24T09:23:50.732+0000][1][safepoint    ] Leaving safepoint region
[2019-06-24T09:23:50.732+0000][1][safepoint    ] Total time for which application threads were stopped: 0.0000490 seconds, Stopping threads took: 0.0000150 seconds
[2019-06-24T09:23:50.739+0000][1][safepoint    ] Application time: 0.0065352 seconds
[2019-06-24T09:23:50.739+0000][1][safepoint    ] Entering safepoint region: Deoptimize
[2019-06-24T09:23:50.739+0000][1][safepoint    ] Leaving safepoint region
[2019-06-24T09:23:50.739+0000][1][safepoint    ] Total time for which application threads were stopped: 0.0001593 seconds, Stopping threads took: 0.0000092 seconds
[2019-06-24T09:23:50.825+0000][1][safepoint    ] Application time: 0.0864083 seconds
[2019-06-24T09:23:50.826+0000][1][safepoint    ] Entering safepoint region: GenCollectForAllocation
[2019-06-24T09:23:50.826+0000][1][gc,start     ] GC(0) Pause Young (Allocation Failure)
[2019-06-24T09:23:50.826+0000][1][gc,task      ] GC(0) Using 5 workers of 8 for evacuation
[2019-06-24T09:23:50.831+0000][1][gc,age       ] GC(0) Desired survivor size 4456448 bytes, new threshold 1 (max threshold 6)
[2019-06-24T09:23:50.831+0000][1][gc,age       ] GC(0) Age table with threshold 1 (max threshold 6)
[2019-06-24T09:23:50.831+0000][1][gc,age       ] GC(0) - age   1:    8087168 bytes,    8087168 total
[2019-06-24T09:23:50.831+0000][1][gc,heap      ] GC(0) ParNew: 69952K->8005K(78656K)
[2019-06-24T09:23:50.831+0000][1][gc,heap      ] GC(0) CMS: 0K->0K(174784K)
[2019-06-24T09:23:50.831+0000][1][gc,metaspace ] GC(0) Metaspace: 11961K->11961K(1060864K)
[2019-06-24T09:23:50.831+0000][1][gc           ] GC(0) Pause Young (Allocation Failure) 68M->7M(247M) 5.337ms
[2019-06-24T09:23:50.831+0000][1][gc,cpu       ] GC(0) User=0.04s Sys=0.00s Real=0.00s
[2019-06-24T09:23:50.831+0000][1][safepoint    ] Leaving safepoint region
[2019-06-24T09:23:50.831+0000][1][safepoint    ] Total time for which application threads were stopped: 0.0054424 seconds, Stopping threads took: 0.0000110 seconds
[2019-06-24T09:23:50.831+0000][1][safepoint    ] Application time: 0.0004112 seconds
[2019-06-24T09:23:50.831+0000][1][safepoint    ] Entering safepoint region: RevokeBias
[2019-06-24T09:23:50.831+0000][1][safepoint    ] Leaving safepoint region
[2019-06-24T09:23:50.832+0000][1][safepoint    ] Total time for which application threads were stopped: 0.0001089 seconds, Stopping threads took: 0.0000713 seconds
[2019-06-24T09:23:50.832+0000][1][safepoint    ] Application time: 0.0000364 seconds
[2019-06-24T09:23:50.832+0000][1][safepoint    ] Entering safepoint region: RevokeBias
[2019-06-24T09:23:50.832+0000][1][safepoint    ] Leaving safepoint region
[2019-06-24T09:23:50.832+0000][1][safepoint    ] Total time for which application threads were stopped: 0.0000486 seconds, Stopping threads took: 0.0000299 seconds
[2019-06-24T09:23:50.832+0000][1][safepoint    ] Application time: 0.0000347 seconds
[2019-06-24T09:23:50.832+0000][1][safepoint    ] Entering safepoint region: RevokeBias
[2019-06-24T09:23:50.832+0000][1][safepoint    ] Leaving safepoint region
[2019-06-24T09:23:50.832+0000][1][safepoint    ] Total time for which application threads were stopped: 0.0000309 seconds, Stopping threads took: 0.0000137 seconds
[2019-06-24T09:23:50.832+0000][1][safepoint    ] Application time: 0.0000283 seconds
[2019-06-24T09:23:50.832+0000][1][safepoint    ] Entering safepoint region: RevokeBias
[2019-06-24T09:23:50.832+0000][1][safepoint    ] Leaving safepoint region
[2019-06-24T09:23:50.832+0000][1][safepoint    ] Total time for which application threads were stopped: 0.0000207 seconds, Stopping threads took: 0.0000053 seconds
[2019-06-24T09:23:50.832+0000][1][safepoint    ] Application time: 0.0000342 seconds
[2019-06-24T09:23:50.832+0000][1][safepoint    ] Entering safepoint region: RevokeBias
[2019-06-24T09:23:50.832+0000][1][safepoint    ] Leaving safepoint region
[2019-06-24T09:23:50.832+0000][1][safepoint    ] Total time for which application threads were stopped: 0.0001109 seconds, Stopping threads took: 0.0000817 seconds
[2019-06-24T09:23:50.832+0000][1][safepoint    ] Application time: 0.0000371 seconds
[2019-06-24T09:23:50.832+0000][1][safepoint    ] Entering safepoint region: RevokeBias
[2019-06-24T09:23:50.832+0000][1][safepoint    ] Leaving safepoint region
[2019-06-24T09:23:50.832+0000][1][safepoint    ] Total time for which application threads were stopped: 0.0000539 seconds, Stopping threads took: 0.0000290 seconds
[2019-06-24T09:23:50.832+0000][1][safepoint    ] Application time: 0.0000423 seconds
[2019-06-24T09:23:50.832+0000][1][safepoint    ] Entering safepoint region: RevokeBias
[2019-06-24T09:23:50.832+0000][1][safepoint    ] Leaving safepoint region
[2019-06-24T09:23:50.832+0000][1][safepoint    ] Total time for which application threads were stopped: 0.0000292 seconds, Stopping threads took: 0.0000055 seconds
[2019-06-24T09:23:50.832+0000][1][safepoint    ] Application time: 0.0000318 seconds
[2019-06-24T09:23:50.832+0000][1][safepoint    ] Entering safepoint region: RevokeBias
[2019-06-24T09:23:50.832+0000][1][safepoint    ] Leaving safepoint region
[2019-06-24T09:23:50.832+0000][1][safepoint    ] Total time for which application threads were stopped: 0.0000287 seconds, Stopping threads took: 0.0000056 seconds
[2019-06-24T09:23:50.832+0000][1][safepoint    ] Application time: 0.0000484 seconds
[2019-06-24T09:23:50.832+0000][1][safepoint    ] Entering safepoint region: RevokeBias
[2019-06-24T09:23:50.832+0000][1][safepoint    ] Leaving safepoint region
[2019-06-24T09:23:50.832+0000][1][safepoint    ] Total time for which application threads were stopped: 0.0000984 seconds, Stopping threads took: 0.0000699 seconds
[2019-06-24T09:23:50.832+0000][1][safepoint    ] Application time: 0.0000346 seconds
[2019-06-24T09:23:50.832+0000][1][safepoint    ] Entering safepoint region: RevokeBias
[2019-06-24T09:23:50.832+0000][1][safepoint    ] Leaving safepoint region
[2019-06-24T09:23:50.832+0000][1][safepoint    ] Total time for which application threads were stopped: 0.0000498 seconds, Stopping threads took: 0.0000214 seconds
[2019-06-24T09:23:50.832+0000][1][safepoint    ] Application time: 0.0000584 seconds
[2019-06-24T09:23:50.833+0000][1][safepoint    ] Entering safepoint region: RevokeBias
[2019-06-24T09:23:50.833+0000][1][safepoint    ] Leaving safepoint region
[2019-06-24T09:23:50.833+0000][1][safepoint    ] Total time for which application threads were stopped: 0.0000532 seconds, Stopping threads took: 0.0000252 seconds
[2019-06-24T09:23:50.833+0000][1][safepoint    ] Application time: 0.0000341 seconds
[2019-06-24T09:23:50.833+0000][1][safepoint    ] Entering safepoint region: RevokeBias
[2019-06-24T09:23:50.833+0000][1][safepoint    ] Leaving safepoint region
[2019-06-24T09:23:50.833+0000][1][safepoint    ] Total time for which application threads were stopped: 0.0000408 seconds, Stopping threads took: 0.0000230 seconds
[2019-06-24T09:23:50.833+0000][1][safepoint    ] Application time: 0.0000428 seconds
[2019-06-24T09:23:50.833+0000][1][safepoint    ] Entering safepoint region: RevokeBias
[2019-06-24T09:23:50.833+0000][1][safepoint    ] Leaving safepoint region
[2019-06-24T09:23:50.833+0000][1][safepoint    ] Total time for which application threads were stopped: 0.0000276 seconds, Stopping threads took: 0.0000101 seconds
[2019-06-24T09:23:50.833+0000][1][safepoint    ] Application time: 0.0000270 seconds
[2019-06-24T09:23:50.833+0000][1][safepoint    ] Entering safepoint region: RevokeBias
[2019-06-24T09:23:50.833+0000][1][safepoint    ] Leaving safepoint region
[2019-06-24T09:23:50.833+0000][1][safepoint    ] Total time for which application threads were stopped: 0.0000226 seconds, Stopping threads took: 0.0000055 seconds
[2019-06-24T09:23:50.833+0000][1][safepoint    ] Application time: 0.0000302 seconds
[2019-06-24T09:23:50.833+0000][1][safepoint    ] Entering safepoint region: RevokeBias
[2019-06-24T09:23:50.833+0000][1][safepoint    ] Leaving safepoint region
[2019-06-24T09:23:50.833+0000][1][safepoint    ] Total time for which application threads were stopped: 0.0000349 seconds, Stopping threads took: 0.0000178 seconds
[2019-06-24T09:23:50.833+0000][1][safepoint    ] Application time: 0.0000298 seconds
[2019-06-24T09:23:50.833+0000][1][safepoint    ] Entering safepoint region: RevokeBias
[2019-06-24T09:23:50.833+0000][1][safepoint    ] Leaving safepoint region
[2019-06-24T09:23:50.833+0000][1][safepoint    ] Total time for which application threads were stopped: 0.0000491 seconds, Stopping threads took: 0.0000323 seconds
[2019-06-24T09:23:50.833+0000][1][safepoint    ] Application time: 0.0000392 seconds
[2019-06-24T09:23:50.833+0000][1][safepoint    ] Entering safepoint region: RevokeBias
[2019-06-24T09:23:50.833+0000][1][safepoint    ] Leaving safepoint region
[2019-06-24T09:23:50.833+0000][1][safepoint    ] Total time for which application threads were stopped: 0.0000726 seconds, Stopping threads took: 0.0000469 seconds
[2019-06-24T09:23:50.833+0000][1][safepoint    ] Application time: 0.0000443 seconds
[2019-06-24T09:23:50.833+0000][1][safepoint    ] Entering safepoint region: RevokeBias
[2019-06-24T09:23:50.833+0000][1][safepoint    ] Leaving safepoint region
[2019-06-24T09:23:50.833+0000][1][safepoint    ] Total time for which application threads were stopped: 0.0000407 seconds, Stopping threads took: 0.0000221 seconds
[2019-06-24T09:23:50.833+0000][1][safepoint    ] Application time: 0.0000749 seconds
[2019-06-24T09:23:50.833+0000][1][safepoint    ] Entering safepoint region: RevokeBias
[2019-06-24T09:23:50.833+0000][1][safepoint    ] Leaving safepoint region
[2019-06-24T09:23:50.833+0000][1][safepoint    ] Total time for which application threads were stopped: 0.0000374 seconds, Stopping threads took: 0.0000196 seconds
[2019-06-24T09:23:50.833+0000][1][safepoint    ] Application time: 0.0000300 seconds
[2019-06-24T09:23:50.833+0000][1][safepoint    ] Entering safepoint region: RevokeBias
[2019-06-24T09:23:50.833+0000][1][safepoint    ] Leaving safepoint region
[2019-06-24T09:23:50.833+0000][1][safepoint    ] Total time for which application threads were stopped: 0.0000483 seconds, Stopping threads took: 0.0000317 seconds
[2019-06-24T09:23:50.833+0000][1][safepoint    ] Application time: 0.0000353 seconds
[2019-06-24T09:23:50.833+0000][1][safepoint    ] Entering safepoint region: RevokeBias
[2019-06-24T09:23:50.833+0000][1][safepoint    ] Leaving safepoint region
[2019-06-24T09:23:50.833+0000][1][safepoint    ] Total time for which application threads were stopped: 0.0000401 seconds, Stopping threads took: 0.0000228 seconds
[2019-06-24T09:23:50.834+0000][1][safepoint    ] Application time: 0.0000299 seconds
[2019-06-24T09:23:50.834+0000][1][safepoint    ] Entering safepoint region: RevokeBias
[2019-06-24T09:23:50.834+0000][1][safepoint    ] Leaving safepoint region
[2019-06-24T09:23:50.834+0000][1][safepoint    ] Total time for which application threads were stopped: 0.0000448 seconds, Stopping threads took: 0.0000257 seconds
[2019-06-24T09:23:50.834+0000][1][safepoint    ] Application time: 0.0000503 seconds
[2019-06-24T09:23:50.834+0000][1][safepoint    ] Entering safepoint region: RevokeBias
[2019-06-24T09:23:50.834+0000][1][safepoint    ] Leaving safepoint region
[2019-06-24T09:23:50.834+0000][1][safepoint    ] Total time for which application threads were stopped: 0.0000328 seconds, Stopping threads took: 0.0000140 seconds
[2019-06-24T09:23:50.834+0000][1][safepoint    ] Application time: 0.0000305 seconds
[2019-06-24T09:23:50.834+0000][1][safepoint    ] Entering safepoint region: RevokeBias
[2019-06-24T09:23:50.834+0000][1][safepoint    ] Leaving safepoint region
[2019-06-24T09:23:50.834+0000][1][safepoint    ] Total time for which application threads were stopped: 0.0000586 seconds, Stopping threads took: 0.0000406 seconds
[2019-06-24T09:23:50.834+0000][1][safepoint    ] Application time: 0.0003191 seconds
[2019-06-24T09:23:50.834+0000][1][safepoint    ] Entering safepoint region: RevokeBias
[2019-06-24T09:23:50.834+0000][1][safepoint    ] Leaving safepoint region
[2019-06-24T09:23:50.834+0000][1][safepoint    ] Total time for which application threads were stopped: 0.0000586 seconds, Stopping threads took: 0.0000250 seconds
[2019-06-24T09:23:50.834+0000][1][safepoint    ] Application time: 0.0000319 seconds
[2019-06-24T09:23:50.834+0000][1][safepoint    ] Entering safepoint region: RevokeBias
[2019-06-24T09:23:50.834+0000][1][safepoint    ] Leaving safepoint region
[2019-06-24T09:23:50.834+0000][1][safepoint    ] Total time for which application threads were stopped: 0.0001090 seconds, Stopping threads took: 0.0000803 seconds
[2019-06-24T09:23:51.019+0000][1][safepoint    ] Application time: 0.1843573 seconds
[2019-06-24T09:23:51.019+0000][1][safepoint    ] Entering safepoint region: Deoptimize
[2019-06-24T09:23:51.019+0000][1][safepoint    ] Leaving safepoint region
[2019-06-24T09:23:51.019+0000][1][safepoint    ] Total time for which application threads were stopped: 0.0004359 seconds, Stopping threads took: 0.0000165 seconds
[2019-06-24T09:23:51.119+0000][1][safepoint    ] Application time: 0.0996475 seconds
[2019-06-24T09:23:51.119+0000][1][safepoint    ] Entering safepoint region: RevokeBias
[2019-06-24T09:23:51.119+0000][1][safepoint    ] Leaving safepoint region
[2019-06-24T09:23:51.119+0000][1][safepoint    ] Total time for which application threads were stopped: 0.0000995 seconds, Stopping threads took: 0.0000133 seconds
[2019-06-24T09:23:51.211+0000][1][safepoint    ] Application time: 0.0925203 seconds
[2019-06-24T09:23:51.212+0000][1][safepoint    ] Entering safepoint region: RevokeBias
[2019-06-24T09:23:51.212+0000][1][safepoint    ] Leaving safepoint region
[2019-06-24T09:23:51.212+0000][1][safepoint    ] Total time for which application threads were stopped: 0.0001117 seconds, Stopping threads took: 0.0000204 seconds
[2019-06-24T09:23:51.217+0000][1][safepoint    ] Application time: 0.0053708 seconds
[2019-06-24T09:23:51.217+0000][1][safepoint    ] Entering safepoint region: RevokeBias
[2019-06-24T09:23:51.217+0000][1][safepoint    ] Leaving safepoint region
[2019-06-24T09:23:51.217+0000][1][safepoint    ] Total time for which application threads were stopped: 0.0000966 seconds, Stopping threads took: 0.0000183 seconds
[2019-06-24T09:23:51.222+0000][1][safepoint    ] Application time: 0.0046780 seconds
[2019-06-24T09:23:51.222+0000][1][safepoint    ] Entering safepoint region: RevokeBias
[2019-06-24T09:23:51.222+0000][1][safepoint    ] Leaving safepoint region
[2019-06-24T09:23:51.222+0000][1][safepoint    ] Total time for which application threads were stopped: 0.0001741 seconds, Stopping threads took: 0.0001040 seconds
[2019-06-24T09:23:51.254+0000][1][safepoint    ] Application time: 0.0315791 seconds
[2019-06-24T09:23:51.254+0000][1][safepoint    ] Entering safepoint region: GenCollectForAllocation
[2019-06-24T09:23:51.254+0000][1][gc,start     ] GC(1) Pause Young (Allocation Failure)
[2019-06-24T09:23:51.254+0000][1][gc,task      ] GC(1) Using 5 workers of 8 for evacuation
[2019-06-24T09:23:51.266+0000][1][gc,age       ] GC(1) Desired survivor size 4456448 bytes, new threshold 6 (max threshold 6)
[2019-06-24T09:23:51.266+0000][1][gc,age       ] GC(1) Age table with threshold 6 (max threshold 6)
[2019-06-24T09:23:51.266+0000][1][gc,age       ] GC(1) - age   1:    2404464 bytes,    2404464 total
[2019-06-24T09:23:51.266+0000][1][gc,heap      ] GC(1) ParNew: 77957K->6350K(78656K)
[2019-06-24T09:23:51.266+0000][1][gc,heap      ] GC(1) CMS: 0K->6612K(174784K)
[2019-06-24T09:23:51.266+0000][1][gc,metaspace ] GC(1) Metaspace: 14581K->14581K(1062912K)
[2019-06-24T09:23:51.266+0000][1][gc           ] GC(1) Pause Young (Allocation Failure) 76M->12M(247M) 12.351ms
[2019-06-24T09:23:51.266+0000][1][gc,cpu       ] GC(1) User=0.06s Sys=0.00s Real=0.02s
[2019-06-24T09:23:51.266+0000][1][safepoint    ] Leaving safepoint region
[2019-06-24T09:23:51.266+0000][1][safepoint    ] Total time for which application threads were stopped: 0.0124611 seconds, Stopping threads took: 0.0000115 seconds
[2019-06-24T09:23:51.266+0000][1][safepoint    ] Application time: 0.0002863 seconds
[2019-06-24T09:23:51.267+0000][1][safepoint    ] Entering safepoint region: RevokeBias
[2019-06-24T09:23:51.267+0000][1][safepoint    ] Leaving safepoint region
[2019-06-24T09:23:51.267+0000][1][safepoint    ] Total time for which application threads were stopped: 0.0001590 seconds, Stopping threads took: 0.0000919 seconds
[2019-06-24T09:23:51.267+0000][1][safepoint    ] Application time: 0.0001117 seconds
[2019-06-24T09:23:51.267+0000][1][safepoint    ] Entering safepoint region: RevokeBias
[2019-06-24T09:23:51.267+0000][1][safepoint    ] Leaving safepoint region
[2019-06-24T09:23:51.267+0000][1][safepoint    ] Total time for which application threads were stopped: 0.0001511 seconds, Stopping threads took: 0.0001096 seconds
[2019-06-24T09:23:51.267+0000][1][safepoint    ] Application time: 0.0001112 seconds
[2019-06-24T09:23:51.267+0000][1][safepoint    ] Entering safepoint region: RevokeBias
[2019-06-24T09:23:51.267+0000][1][safepoint    ] Leaving safepoint region
[2019-06-24T09:23:51.267+0000][1][safepoint    ] Total time for which application threads were stopped: 0.0000446 seconds, Stopping threads took: 0.0000101 seconds
[2019-06-24T09:23:51.267+0000][1][safepoint    ] Application time: 0.0001056 seconds
[2019-06-24T09:23:51.267+0000][1][safepoint    ] Entering safepoint region: RevokeBias
[2019-06-24T09:23:51.267+0000][1][safepoint    ] Leaving safepoint region
[2019-06-24T09:23:51.267+0000][1][safepoint    ] Total time for which application threads were stopped: 0.0000990 seconds, Stopping threads took: 0.0000537 seconds
[2019-06-24T09:23:51.267+0000][1][safepoint    ] Application time: 0.0001131 seconds
[2019-06-24T09:23:51.268+0000][1][safepoint    ] Entering safepoint region: RevokeBias
[2019-06-24T09:23:51.268+0000][1][safepoint    ] Leaving safepoint region
[2019-06-24T09:23:51.268+0000][1][safepoint    ] Total time for which application threads were stopped: 0.0000655 seconds, Stopping threads took: 0.0000292 seconds
[2019-06-24T09:23:51.268+0000][1][safepoint    ] Application time: 0.0000888 seconds
[2019-06-24T09:23:51.268+0000][1][safepoint    ] Entering safepoint region: RevokeBias
[2019-06-24T09:23:51.268+0000][1][safepoint    ] Leaving safepoint region
[2019-06-24T09:23:51.268+0000][1][safepoint    ] Total time for which application threads were stopped: 0.0000667 seconds, Stopping threads took: 0.0000309 seconds
[2019-06-24T09:23:51.268+0000][1][safepoint    ] Application time: 0.0000975 seconds
[2019-06-24T09:23:51.268+0000][1][safepoint    ] Entering safepoint region: RevokeBias
[2019-06-24T09:23:51.268+0000][1][safepoint    ] Leaving safepoint region
[2019-06-24T09:23:51.268+0000][1][safepoint    ] Total time for which application threads were stopped: 0.0000872 seconds, Stopping threads took: 0.0000446 seconds
[2019-06-24T09:23:51.268+0000][1][safepoint    ] Application time: 0.0000394 seconds
[2019-06-24T09:23:51.268+0000][1][safepoint    ] Entering safepoint region: RevokeBias
[2019-06-24T09:23:51.268+0000][1][safepoint    ] Leaving safepoint region
[2019-06-24T09:23:51.268+0000][1][safepoint    ] Total time for which application threads were stopped: 0.0001423 seconds, Stopping threads took: 0.0000996 seconds
[2019-06-24T09:23:51.268+0000][1][safepoint    ] Application time: 0.0000450 seconds
[2019-06-24T09:23:51.268+0000][1][safepoint    ] Entering safepoint region: RevokeBias
[2019-06-24T09:23:51.268+0000][1][safepoint    ] Leaving safepoint region
[2019-06-24T09:23:51.268+0000][1][safepoint    ] Total time for which application threads were stopped: 0.0000679 seconds, Stopping threads took: 0.0000316 seconds
[2019-06-24T09:23:51.268+0000][1][safepoint    ] Application time: 0.0000386 seconds
[2019-06-24T09:23:51.268+0000][1][safepoint    ] Entering safepoint region: RevokeBias
[2019-06-24T09:23:51.268+0000][1][safepoint    ] Leaving safepoint region
[2019-06-24T09:23:51.268+0000][1][safepoint    ] Total time for which application threads were stopped: 0.0000660 seconds, Stopping threads took: 0.0000262 seconds
[2019-06-24T09:23:51.269+0000][1][safepoint    ] Application time: 0.0000945 seconds
[2019-06-24T09:23:51.269+0000][1][safepoint    ] Entering safepoint region: BulkRevokeBias
[2019-06-24T09:23:51.269+0000][1][safepoint    ] Leaving safepoint region
[2019-06-24T09:23:51.269+0000][1][safepoint    ] Total time for which application threads were stopped: 0.0001192 seconds, Stopping threads took: 0.0000498 seconds
[2019-06-24T09:23:51.269+0000][1][safepoint    ] Application time: 0.0000394 seconds
[2019-06-24T09:23:51.269+0000][1][safepoint    ] Entering safepoint region: RevokeBias
[2019-06-24T09:23:51.269+0000][1][safepoint    ] Leaving safepoint region
[2019-06-24T09:23:51.269+0000][1][safepoint    ] Total time for which application threads were stopped: 0.0000493 seconds, Stopping threads took: 0.0000099 seconds
[2019-06-24T09:23:51.269+0000][1][safepoint    ] Application time: 0.0000401 seconds
[2019-06-24T09:23:51.269+0000][1][safepoint    ] Entering safepoint region: BulkRevokeBias
[2019-06-24T09:23:51.269+0000][1][safepoint    ] Leaving safepoint region
[2019-06-24T09:23:51.269+0000][1][safepoint    ] Total time for which application threads were stopped: 0.0000804 seconds, Stopping threads took: 0.0000098 seconds
[2019-06-24T09:23:51.385+0000][1][safepoint    ] Application time: 0.1160721 seconds
[2019-06-24T09:23:51.385+0000][1][safepoint    ] Entering safepoint region: GenCollectForAllocation
[2019-06-24T09:23:51.385+0000][1][gc,start     ] GC(2) Pause Young (Allocation Failure)
[2019-06-24T09:23:51.385+0000][1][gc,task      ] GC(2) Using 5 workers of 8 for evacuation
[2019-06-24T09:23:51.388+0000][1][gc,age       ] GC(2) Desired survivor size 4456448 bytes, new threshold 6 (max threshold 6)
[2019-06-24T09:23:51.388+0000][1][gc,age       ] GC(2) Age table with threshold 6 (max threshold 6)
[2019-06-24T09:23:51.388+0000][1][gc,age       ] GC(2) - age   1:    2817720 bytes,    2817720 total
[2019-06-24T09:23:51.388+0000][1][gc,age       ] GC(2) - age   2:    1206128 bytes,    4023848 total
[2019-06-24T09:23:51.388+0000][1][gc,heap      ] GC(2) ParNew: 76302K->4202K(78656K)
[2019-06-24T09:23:51.388+0000][1][gc,heap      ] GC(2) CMS: 6612K->6612K(174784K)
[2019-06-24T09:23:51.388+0000][1][gc,metaspace ] GC(2) Metaspace: 14724K->14724K(1062912K)
[2019-06-24T09:23:51.388+0000][1][gc           ] GC(2) Pause Young (Allocation Failure) 80M->10M(247M) 3.261ms
[2019-06-24T09:23:51.388+0000][1][gc,cpu       ] GC(2) User=0.02s Sys=0.00s Real=0.00s
[2019-06-24T09:23:51.388+0000][1][safepoint    ] Leaving safepoint region
[2019-06-24T09:23:51.388+0000][1][safepoint    ] Total time for which application threads were stopped: 0.0033947 seconds, Stopping threads took: 0.0000167 seconds
[2019-06-24T09:23:51.389+0000][1][safepoint    ] Application time: 0.0001988 seconds
[2019-06-24T09:23:51.389+0000][1][safepoint    ] Entering safepoint region: RevokeBias
[2019-06-24T09:23:51.389+0000][1][safepoint    ] Leaving safepoint region
[2019-06-24T09:23:51.389+0000][1][safepoint    ] Total time for which application threads were stopped: 0.0001667 seconds, Stopping threads took: 0.0001206 seconds
[2019-06-24T09:23:51.389+0000][1][safepoint    ] Application time: 0.0000410 seconds
[2019-06-24T09:23:51.389+0000][1][safepoint    ] Entering safepoint region: RevokeBias
[2019-06-24T09:23:51.389+0000][1][safepoint    ] Leaving safepoint region
[2019-06-24T09:23:51.389+0000][1][safepoint    ] Total time for which application threads were stopped: 0.0000799 seconds, Stopping threads took: 0.0000336 seconds
[2019-06-24T09:23:51.389+0000][1][safepoint    ] Application time: 0.0000532 seconds
[2019-06-24T09:23:51.389+0000][1][safepoint    ] Entering safepoint region: RevokeBias
[2019-06-24T09:23:51.389+0000][1][safepoint    ] Leaving safepoint region
[2019-06-24T09:23:51.389+0000][1][safepoint    ] Total time for which application threads were stopped: 0.0000361 seconds, Stopping threads took: 0.0000066 seconds
[2019-06-24T09:23:51.389+0000][1][safepoint    ] Application time: 0.0000351 seconds
[2019-06-24T09:23:51.389+0000][1][safepoint    ] Entering safepoint region: RevokeBias
[2019-06-24T09:23:51.389+0000][1][safepoint    ] Leaving safepoint region
[2019-06-24T09:23:51.389+0000][1][safepoint    ] Total time for which application threads were stopped: 0.0000345 seconds, Stopping threads took: 0.0000065 seconds
[2019-06-24T09:23:51.389+0000][1][safepoint    ] Application time: 0.0000391 seconds
[2019-06-24T09:23:51.389+0000][1][safepoint    ] Entering safepoint region: RevokeBias
[2019-06-24T09:23:51.389+0000][1][safepoint    ] Leaving safepoint region
[2019-06-24T09:23:51.389+0000][1][safepoint    ] Total time for which application threads were stopped: 0.0000332 seconds, Stopping threads took: 0.0000060 seconds
[2019-06-24T09:23:51.389+0000][1][safepoint    ] Application time: 0.0000329 seconds
[2019-06-24T09:23:51.389+0000][1][safepoint    ] Entering safepoint region: RevokeBias
[2019-06-24T09:23:51.389+0000][1][safepoint    ] Leaving safepoint region
[2019-06-24T09:23:51.389+0000][1][safepoint    ] Total time for which application threads were stopped: 0.0000327 seconds, Stopping threads took: 0.0000060 seconds
[2019-06-24T09:23:51.496+0000][1][safepoint    ] Application time: 0.1066418 seconds
[2019-06-24T09:23:51.496+0000][1][safepoint    ] Entering safepoint region: Deoptimize
[2019-06-24T09:23:51.496+0000][1][safepoint    ] Leaving safepoint region
[2019-06-24T09:23:51.496+0000][1][safepoint    ] Total time for which application threads were stopped: 0.0002780 seconds, Stopping threads took: 0.0000117 seconds
[2019-06-24T09:23:51.497+0000][1][safepoint    ] Application time: 0.0004979 seconds
[2019-06-24T09:23:51.497+0000][1][safepoint    ] Entering safepoint region: Deoptimize
[2019-06-24T09:23:51.497+0000][1][safepoint    ] Leaving safepoint region
[2019-06-24T09:23:51.497+0000][1][safepoint    ] Total time for which application threads were stopped: 0.0002190 seconds, Stopping threads took: 0.0000092 seconds
[2019-06-24T09:23:51.670+0000][1][safepoint    ] Application time: 0.1729766 seconds
[2019-06-24T09:23:51.670+0000][1][safepoint    ] Entering safepoint region: GenCollectForAllocation
[2019-06-24T09:23:51.670+0000][1][gc,start     ] GC(3) Pause Young (Allocation Failure)
[2019-06-24T09:23:51.670+0000][1][gc,task      ] GC(3) Using 5 workers of 8 for evacuation
[2019-06-24T09:23:51.673+0000][1][gc,age       ] GC(3) Desired survivor size 4456448 bytes, new threshold 3 (max threshold 6)
[2019-06-24T09:23:51.673+0000][1][gc,age       ] GC(3) Age table with threshold 3 (max threshold 6)
[2019-06-24T09:23:51.673+0000][1][gc,age       ] GC(3) - age   1:    4064864 bytes,    4064864 total
[2019-06-24T09:23:51.673+0000][1][gc,age       ] GC(3) - age   2:     294400 bytes,    4359264 total
[2019-06-24T09:23:51.673+0000][1][gc,age       ] GC(3) - age   3:    1202720 bytes,    5561984 total
[2019-06-24T09:23:51.674+0000][1][gc,heap      ] GC(3) ParNew: 74154K->7098K(78656K)
[2019-06-24T09:23:51.674+0000][1][gc,heap      ] GC(3) CMS: 6612K->6612K(174784K)
[2019-06-24T09:23:51.674+0000][1][gc,metaspace ] GC(3) Metaspace: 18170K->18170K(1067008K)
[2019-06-24T09:23:51.674+0000][1][gc           ] GC(3) Pause Young (Allocation Failure) 78M->13M(247M) 3.438ms
[2019-06-24T09:23:51.674+0000][1][gc,cpu       ] GC(3) User=0.02s Sys=0.00s Real=0.00s
[2019-06-24T09:23:51.674+0000][1][safepoint    ] Leaving safepoint region
[2019-06-24T09:23:51.674+0000][1][safepoint    ] Total time for which application threads were stopped: 0.0035919 seconds, Stopping threads took: 0.0000114 seconds
[2019-06-24T09:23:51.674+0000][1][safepoint    ] Application time: 0.0001505 seconds
[2019-06-24T09:23:51.674+0000][1][safepoint    ] Entering safepoint region: RevokeBias
[2019-06-24T09:23:51.674+0000][1][safepoint    ] Leaving safepoint region
[2019-06-24T09:23:51.674+0000][1][safepoint    ] Total time for which application threads were stopped: 0.0001726 seconds, Stopping threads took: 0.0000390 seconds
[2019-06-24T09:23:51.674+0000][1][safepoint    ] Application time: 0.0000446 seconds
[2019-06-24T09:23:51.674+0000][1][safepoint    ] Entering safepoint region: RevokeBias
[2019-06-24T09:23:51.674+0000][1][safepoint    ] Leaving safepoint region
[2019-06-24T09:23:51.674+0000][1][safepoint    ] Total time for which application threads were stopped: 0.0000477 seconds, Stopping threads took: 0.0000068 seconds
[2019-06-24T09:23:51.674+0000][1][safepoint    ] Application time: 0.0001773 seconds
[2019-06-24T09:23:51.674+0000][1][safepoint    ] Entering safepoint region: RevokeBias
[2019-06-24T09:23:51.674+0000][1][safepoint    ] Leaving safepoint region
[2019-06-24T09:23:51.674+0000][1][safepoint    ] Total time for which application threads were stopped: 0.0001518 seconds, Stopping threads took: 0.0001172 seconds
[2019-06-24T09:23:51.674+0000][1][safepoint    ] Application time: 0.0000378 seconds
[2019-06-24T09:23:51.675+0000][1][safepoint    ] Entering safepoint region: RevokeBias
[2019-06-24T09:23:51.675+0000][1][safepoint    ] Leaving safepoint region
[2019-06-24T09:23:51.675+0000][1][safepoint    ] Total time for which application threads were stopped: 0.0001152 seconds, Stopping threads took: 0.0000793 seconds
[2019-06-24T09:23:51.675+0000][1][safepoint    ] Application time: 0.0000382 seconds
[2019-06-24T09:23:51.675+0000][1][safepoint    ] Entering safepoint region: RevokeBias
[2019-06-24T09:23:51.675+0000][1][safepoint    ] Leaving safepoint region
[2019-06-24T09:23:51.675+0000][1][safepoint    ] Total time for which application threads were stopped: 0.0000369 seconds, Stopping threads took: 0.0000064 seconds
[2019-06-24T09:23:51.675+0000][1][safepoint    ] Application time: 0.0000340 seconds
[2019-06-24T09:23:51.675+0000][1][safepoint    ] Entering safepoint region: RevokeBias
[2019-06-24T09:23:51.675+0000][1][safepoint    ] Leaving safepoint region
[2019-06-24T09:23:51.675+0000][1][safepoint    ] Total time for which application threads were stopped: 0.0000353 seconds, Stopping threads took: 0.0000060 seconds
[2019-06-24T09:23:51.675+0000][1][safepoint    ] Application time: 0.0000372 seconds
[2019-06-24T09:23:51.675+0000][1][safepoint    ] Entering safepoint region: RevokeBias
[2019-06-24T09:23:51.675+0000][1][safepoint    ] Leaving safepoint region
[2019-06-24T09:23:51.675+0000][1][safepoint    ] Total time for which application threads were stopped: 0.0000841 seconds, Stopping threads took: 0.0000419 seconds
[2019-06-24T09:23:51.675+0000][1][safepoint    ] Application time: 0.0000342 seconds
[2019-06-24T09:23:51.675+0000][1][safepoint    ] Entering safepoint region: RevokeBias
[2019-06-24T09:23:51.675+0000][1][safepoint    ] Leaving safepoint region
[2019-06-24T09:23:51.675+0000][1][safepoint    ] Total time for which application threads were stopped: 0.0000857 seconds, Stopping threads took: 0.0000399 seconds
[2019-06-24T09:23:51.675+0000][1][safepoint    ] Application time: 0.0000455 seconds
[2019-06-24T09:23:51.675+0000][1][safepoint    ] Entering safepoint region: RevokeBias
[2019-06-24T09:23:51.675+0000][1][safepoint    ] Leaving safepoint region
[2019-06-24T09:23:51.675+0000][1][safepoint    ] Total time for which application threads were stopped: 0.0000763 seconds, Stopping threads took: 0.0000446 seconds
[2019-06-24T09:23:51.675+0000][1][safepoint    ] Application time: 0.0000337 seconds
[2019-06-24T09:23:51.675+0000][1][safepoint    ] Entering safepoint region: RevokeBias
[2019-06-24T09:23:51.675+0000][1][safepoint    ] Leaving safepoint region
[2019-06-24T09:23:51.675+0000][1][safepoint    ] Total time for which application threads were stopped: 0.0000794 seconds, Stopping threads took: 0.0000494 seconds
[2019-06-24T09:23:51.675+0000][1][safepoint    ] Application time: 0.0000374 seconds
[2019-06-24T09:23:51.675+0000][1][safepoint    ] Entering safepoint region: RevokeBias
[2019-06-24T09:23:51.675+0000][1][safepoint    ] Leaving safepoint region
[2019-06-24T09:23:51.675+0000][1][safepoint    ] Total time for which application threads were stopped: 0.0000699 seconds, Stopping threads took: 0.0000403 seconds
[2019-06-24T09:23:51.675+0000][1][safepoint    ] Application time: 0.0000349 seconds
[2019-06-24T09:23:51.676+0000][1][safepoint    ] Entering safepoint region: RevokeBias
[2019-06-24T09:23:51.676+0000][1][safepoint    ] Leaving safepoint region
[2019-06-24T09:23:51.676+0000][1][safepoint    ] Total time for which application threads were stopped: 0.0001431 seconds, Stopping threads took: 0.0001135 seconds
[2019-06-24T09:23:51.676+0000][1][safepoint    ] Application time: 0.0000392 seconds
[2019-06-24T09:23:51.676+0000][1][safepoint    ] Entering safepoint region: RevokeBias
[2019-06-24T09:23:51.676+0000][1][safepoint    ] Leaving safepoint region
[2019-06-24T09:23:51.676+0000][1][safepoint    ] Total time for which application threads were stopped: 0.0000701 seconds, Stopping threads took: 0.0000410 seconds
[2019-06-24T09:23:51.676+0000][1][safepoint    ] Application time: 0.0000352 seconds
[2019-06-24T09:23:51.676+0000][1][safepoint    ] Entering safepoint region: RevokeBias
[2019-06-24T09:23:51.676+0000][1][safepoint    ] Leaving safepoint region
[2019-06-24T09:23:51.676+0000][1][safepoint    ] Total time for which application threads were stopped: 0.0000675 seconds, Stopping threads took: 0.0000389 seconds
[2019-06-24T09:23:51.676+0000][1][safepoint    ] Application time: 0.0000397 seconds
[2019-06-24T09:23:51.676+0000][1][safepoint    ] Entering safepoint region: RevokeBias
[2019-06-24T09:23:51.676+0000][1][safepoint    ] Leaving safepoint region
[2019-06-24T09:23:51.676+0000][1][safepoint    ] Total time for which application threads were stopped: 0.0000600 seconds, Stopping threads took: 0.0000302 seconds
[2019-06-24T09:23:51.676+0000][1][safepoint    ] Application time: 0.0001576 seconds
[2019-06-24T09:23:51.676+0000][1][safepoint    ] Entering safepoint region: RevokeBias
[2019-06-24T09:23:51.676+0000][1][safepoint    ] Leaving safepoint region
[2019-06-24T09:23:51.676+0000][1][safepoint    ] Total time for which application threads were stopped: 0.0000722 seconds, Stopping threads took: 0.0000457 seconds
[2019-06-24T09:23:51.676+0000][1][safepoint    ] Application time: 0.0000358 seconds
[2019-06-24T09:23:51.676+0000][1][safepoint    ] Entering safepoint region: RevokeBias
[2019-06-24T09:23:51.676+0000][1][safepoint    ] Leaving safepoint region
[2019-06-24T09:23:51.676+0000][1][safepoint    ] Total time for which application threads were stopped: 0.0000310 seconds, Stopping threads took: 0.0000063 seconds
[2019-06-24T09:23:51.676+0000][1][safepoint    ] Application time: 0.0000367 seconds
[2019-06-24T09:23:51.676+0000][1][safepoint    ] Entering safepoint region: RevokeBias
[2019-06-24T09:23:51.676+0000][1][safepoint    ] Leaving safepoint region
[2019-06-24T09:23:51.676+0000][1][safepoint    ] Total time for which application threads were stopped: 0.0000323 seconds, Stopping threads took: 0.0000063 seconds
[2019-06-24T09:23:51.676+0000][1][safepoint    ] Application time: 0.0000331 seconds
[2019-06-24T09:23:51.676+0000][1][safepoint    ] Entering safepoint region: RevokeBias
[2019-06-24T09:23:51.676+0000][1][safepoint    ] Leaving safepoint region
[2019-06-24T09:23:51.676+0000][1][safepoint    ] Total time for which application threads were stopped: 0.0000307 seconds, Stopping threads took: 0.0000062 seconds
[2019-06-24T09:23:51.677+0000][1][safepoint    ] Application time: 0.0001104 seconds
[2019-06-24T09:23:51.677+0000][1][safepoint    ] Entering safepoint region: RevokeBias
[2019-06-24T09:23:51.677+0000][1][safepoint    ] Leaving safepoint region
[2019-06-24T09:23:51.677+0000][1][safepoint    ] Total time for which application threads were stopped: 0.0000966 seconds, Stopping threads took: 0.0000323 seconds
[2019-06-24T09:23:51.677+0000][1][safepoint    ] Application time: 0.0000354 seconds
[2019-06-24T09:23:51.677+0000][1][safepoint    ] Entering safepoint region: RevokeBias
[2019-06-24T09:23:51.677+0000][1][safepoint    ] Leaving safepoint region
[2019-06-24T09:23:51.677+0000][1][safepoint    ] Total time for which application threads were stopped: 0.0000615 seconds, Stopping threads took: 0.0000225 seconds
[2019-06-24T09:23:51.755+0000][1][safepoint    ] Application time: 0.0786913 seconds
[2019-06-24T09:23:51.755+0000][1][safepoint    ] Entering safepoint region: GenCollectForAllocation
[2019-06-24T09:23:51.756+0000][1][gc,start     ] GC(4) Pause Young (Allocation Failure)
[2019-06-24T09:23:51.756+0000][1][gc,task      ] GC(4) Using 5 workers of 8 for evacuation
[2019-06-24T09:23:51.760+0000][1][gc,age       ] GC(4) Desired survivor size 4456448 bytes, new threshold 2 (max threshold 6)
[2019-06-24T09:23:51.760+0000][1][gc,age       ] GC(4) Age table with threshold 2 (max threshold 6)
[2019-06-24T09:23:51.760+0000][1][gc,age       ] GC(4) - age   1:    1933896 bytes,    1933896 total
[2019-06-24T09:23:51.760+0000][1][gc,age       ] GC(4) - age   2:    3330104 bytes,    5264000 total
[2019-06-24T09:23:51.760+0000][1][gc,age       ] GC(4) - age   3:     293872 bytes,    5557872 total
[2019-06-24T09:23:51.760+0000][1][gc,heap      ] GC(4) ParNew: 77050K->7588K(78656K)
[2019-06-24T09:23:51.760+0000][1][gc,heap      ] GC(4) CMS: 6612K->7805K(174784K)
[2019-06-24T09:23:51.760+0000][1][gc,metaspace ] GC(4) Metaspace: 18378K->18378K(1067008K)
[2019-06-24T09:23:51.760+0000][1][gc           ] GC(4) Pause Young (Allocation Failure) 81M->15M(247M) 4.642ms
[2019-06-24T09:23:51.760+0000][1][gc,cpu       ] GC(4) User=0.03s Sys=0.00s Real=0.00s
[2019-06-24T09:23:51.760+0000][1][safepoint    ] Leaving safepoint region
[2019-06-24T09:23:51.760+0000][1][safepoint    ] Total time for which application threads were stopped: 0.0048028 seconds, Stopping threads took: 0.0000159 seconds
[2019-06-24T09:23:51.760+0000][1][safepoint    ] Application time: 0.0001198 seconds
[2019-06-24T09:23:51.760+0000][1][safepoint    ] Entering safepoint region: RevokeBias
[2019-06-24T09:23:51.761+0000][1][safepoint    ] Leaving safepoint region
[2019-06-24T09:23:51.761+0000][1][safepoint    ] Total time for which application threads were stopped: 0.0000769 seconds, Stopping threads took: 0.0000150 seconds
[2019-06-24T09:23:51.761+0000][1][safepoint    ] Application time: 0.0000491 seconds
[2019-06-24T09:23:51.761+0000][1][safepoint    ] Entering safepoint region: RevokeBias
[2019-06-24T09:23:51.761+0000][1][safepoint    ] Leaving safepoint region
[2019-06-24T09:23:51.761+0000][1][safepoint    ] Total time for which application threads were stopped: 0.0000646 seconds, Stopping threads took: 0.0000107 seconds
[2019-06-24T09:23:51.761+0000][1][safepoint    ] Application time: 0.0000493 seconds
[2019-06-24T09:23:51.761+0000][1][safepoint    ] Entering safepoint region: RevokeBias
[2019-06-24T09:23:51.761+0000][1][safepoint    ] Leaving safepoint region
[2019-06-24T09:23:51.761+0000][1][safepoint    ] Total time for which application threads were stopped: 0.0000490 seconds, Stopping threads took: 0.0000092 seconds
[2019-06-24T09:23:51.761+0000][1][safepoint    ] Application time: 0.0000407 seconds
[2019-06-24T09:23:51.761+0000][1][safepoint    ] Entering safepoint region: RevokeBias
[2019-06-24T09:23:51.761+0000][1][safepoint    ] Leaving safepoint region
[2019-06-24T09:23:51.761+0000][1][safepoint    ] Total time for which application threads were stopped: 0.0000468 seconds, Stopping threads took: 0.0000092 seconds
[2019-06-24T09:23:51.776+0000][1][safepoint    ] Application time: 0.0146994 seconds
[2019-06-24T09:23:51.776+0000][1][safepoint    ] Entering safepoint region: Deoptimize
[2019-06-24T09:23:51.776+0000][1][safepoint    ] Leaving safepoint region
[2019-06-24T09:23:51.776+0000][1][safepoint    ] Total time for which application threads were stopped: 0.0003374 seconds, Stopping threads took: 0.0000161 seconds
[2019-06-24T09:23:51.811+0000][1][safepoint    ] Application time: 0.0349471 seconds
[2019-06-24T09:23:51.811+0000][1][safepoint    ] Entering safepoint region: Deoptimize
[2019-06-24T09:23:51.811+0000][1][safepoint    ] Leaving safepoint region
[2019-06-24T09:23:51.811+0000][1][safepoint    ] Total time for which application threads were stopped: 0.0003173 seconds, Stopping threads took: 0.0000146 seconds
[2019-06-24T09:23:51.886+0000][1][safepoint    ] Application time: 0.0743231 seconds
[2019-06-24T09:23:51.886+0000][1][safepoint    ] Entering safepoint region: GenCollectForAllocation
[2019-06-24T09:23:51.886+0000][1][gc,start     ] GC(5) Pause Young (Allocation Failure)
[2019-06-24T09:23:51.886+0000][1][gc,task      ] GC(5) Using 5 workers of 8 for evacuation
[2019-06-24T09:23:51.890+0000][1][gc,age       ] GC(5) Desired survivor size 4456448 bytes, new threshold 6 (max threshold 6)
[2019-06-24T09:23:51.890+0000][1][gc,age       ] GC(5) Age table with threshold 6 (max threshold 6)
[2019-06-24T09:23:51.890+0000][1][gc,age       ] GC(5) - age   1:    3136320 bytes,    3136320 total
[2019-06-24T09:23:51.890+0000][1][gc,age       ] GC(5) - age   2:     446168 bytes,    3582488 total
[2019-06-24T09:23:51.890+0000][1][gc,heap      ] GC(5) ParNew: 77540K->6307K(78656K)
[2019-06-24T09:23:51.890+0000][1][gc,heap      ] GC(5) CMS: 7805K->11375K(174784K)
[2019-06-24T09:23:51.890+0000][1][gc,metaspace ] GC(5) Metaspace: 18725K->18725K(1067008K)
[2019-06-24T09:23:51.890+0000][1][gc           ] GC(5) Pause Young (Allocation Failure) 83M->17M(247M) 4.335ms
[2019-06-24T09:23:51.890+0000][1][gc,cpu       ] GC(5) User=0.02s Sys=0.00s Real=0.00s
[2019-06-24T09:23:51.890+0000][1][safepoint    ] Leaving safepoint region
[2019-06-24T09:23:51.890+0000][1][safepoint    ] Total time for which application threads were stopped: 0.0044493 seconds, Stopping threads took: 0.0000116 seconds
[2019-06-24T09:23:51.890+0000][1][safepoint    ] Application time: 0.0001719 seconds
[2019-06-24T09:23:51.890+0000][1][safepoint    ] Entering safepoint region: RevokeBias
[2019-06-24T09:23:51.890+0000][1][safepoint    ] Leaving safepoint region
[2019-06-24T09:23:51.890+0000][1][safepoint    ] Total time for which application threads were stopped: 0.0001000 seconds, Stopping threads took: 0.0000557 seconds
[2019-06-24T09:23:51.890+0000][1][safepoint    ] Application time: 0.0000372 seconds
[2019-06-24T09:23:51.891+0000][1][safepoint    ] Entering safepoint region: RevokeBias
[2019-06-24T09:23:51.891+0000][1][safepoint    ] Leaving safepoint region
[2019-06-24T09:23:51.891+0000][1][safepoint    ] Total time for which application threads were stopped: 0.0001041 seconds, Stopping threads took: 0.0000734 seconds
[2019-06-24T09:23:51.891+0000][1][safepoint    ] Application time: 0.0001295 seconds
[2019-06-24T09:23:51.891+0000][1][safepoint    ] Entering safepoint region: RevokeBias
[2019-06-24T09:23:51.891+0000][1][safepoint    ] Leaving safepoint region
[2019-06-24T09:23:51.891+0000][1][safepoint    ] Total time for which application threads were stopped: 0.0000537 seconds, Stopping threads took: 0.0000241 seconds
[2019-06-24T09:23:51.891+0000][1][safepoint    ] Application time: 0.0001296 seconds
[2019-06-24T09:23:51.891+0000][1][safepoint    ] Entering safepoint region: RevokeBias
[2019-06-24T09:23:51.891+0000][1][safepoint    ] Leaving safepoint region
[2019-06-24T09:23:51.891+0000][1][safepoint    ] Total time for which application threads were stopped: 0.0000578 seconds, Stopping threads took: 0.0000240 seconds
[2019-06-24T09:23:51.891+0000][1][safepoint    ] Application time: 0.0001369 seconds
[2019-06-24T09:23:51.891+0000][1][safepoint    ] Entering safepoint region: RevokeBias
[2019-06-24T09:23:51.891+0000][1][safepoint    ] Leaving safepoint region
[2019-06-24T09:23:51.891+0000][1][safepoint    ] Total time for which application threads were stopped: 0.0000572 seconds, Stopping threads took: 0.0000233 seconds
[2019-06-24T09:23:51.891+0000][1][safepoint    ] Application time: 0.0001135 seconds
[2019-06-24T09:23:51.891+0000][1][safepoint    ] Entering safepoint region: RevokeBias
[2019-06-24T09:23:51.891+0000][1][safepoint    ] Leaving safepoint region
[2019-06-24T09:23:51.891+0000][1][safepoint    ] Total time for which application threads were stopped: 0.0001156 seconds, Stopping threads took: 0.0000819 seconds
[2019-06-24T09:23:51.964+0000][1][safepoint    ] Application time: 0.0723946 seconds
[2019-06-24T09:23:51.964+0000][1][safepoint    ] Entering safepoint region: RevokeBias
[2019-06-24T09:23:51.964+0000][1][safepoint    ] Leaving safepoint region
[2019-06-24T09:23:51.964+0000][1][safepoint    ] Total time for which application threads were stopped: 0.0000722 seconds, Stopping threads took: 0.0000150 seconds
[2019-06-24T09:23:51.989+0000][1][safepoint    ] Application time: 0.0255221 seconds
[2019-06-24T09:23:51.990+0000][1][safepoint    ] Entering safepoint region: GenCollectForAllocation
[2019-06-24T09:23:51.990+0000][1][gc,start     ] GC(6) Pause Young (Allocation Failure)
[2019-06-24T09:23:51.990+0000][1][gc,task      ] GC(6) Using 5 workers of 8 for evacuation
[2019-06-24T09:23:51.992+0000][1][gc,age       ] GC(6) Desired survivor size 4456448 bytes, new threshold 3 (max threshold 6)
[2019-06-24T09:23:51.993+0000][1][gc,age       ] GC(6) Age table with threshold 3 (max threshold 6)
[2019-06-24T09:23:51.993+0000][1][gc,age       ] GC(6) - age   1:    2142296 bytes,    2142296 total
[2019-06-24T09:23:51.993+0000][1][gc,age       ] GC(6) - age   2:    2195056 bytes,    4337352 total
[2019-06-24T09:23:51.993+0000][1][gc,age       ] GC(6) - age   3:     446168 bytes,    4783520 total
[2019-06-24T09:23:51.993+0000][1][gc,heap      ] GC(6) ParNew: 76259K->5599K(78656K)
[2019-06-24T09:23:51.993+0000][1][gc,heap      ] GC(6) CMS: 11375K->11375K(174784K)
[2019-06-24T09:23:51.993+0000][1][gc,metaspace ] GC(6) Metaspace: 19037K->19037K(1067008K)
[2019-06-24T09:23:51.993+0000][1][gc           ] GC(6) Pause Young (Allocation Failure) 85M->16M(247M) 2.989ms
[2019-06-24T09:23:51.993+0000][1][gc,cpu       ] GC(6) User=0.03s Sys=0.00s Real=0.00s
[2019-06-24T09:23:51.993+0000][1][safepoint    ] Leaving safepoint region
[2019-06-24T09:23:51.993+0000][1][safepoint    ] Total time for which application threads were stopped: 0.0031216 seconds, Stopping threads took: 0.0000178 seconds
[2019-06-24T09:23:51.993+0000][1][safepoint    ] Application time: 0.0001090 seconds
[2019-06-24T09:23:51.993+0000][1][safepoint    ] Entering safepoint region: BulkRevokeBias
[2019-06-24T09:23:51.993+0000][1][safepoint    ] Leaving safepoint region
[2019-06-24T09:23:51.993+0000][1][safepoint    ] Total time for which application threads were stopped: 0.0001407 seconds, Stopping threads took: 0.0000405 seconds
[2019-06-24T09:23:51.993+0000][1][safepoint    ] Application time: 0.0000467 seconds
[2019-06-24T09:23:51.993+0000][1][safepoint    ] Entering safepoint region: BulkRevokeBias
[2019-06-24T09:23:51.993+0000][1][safepoint    ] Leaving safepoint region
[2019-06-24T09:23:51.993+0000][1][safepoint    ] Total time for which application threads were stopped: 0.0001630 seconds, Stopping threads took: 0.0000913 seconds
[2019-06-24T09:23:52.123+0000][1][safepoint    ] Application time: 0.1302742 seconds
[2019-06-24T09:23:52.123+0000][1][safepoint    ] Entering safepoint region: GenCollectForAllocation
[2019-06-24T09:23:52.124+0000][1][gc,start     ] GC(7) Pause Young (Allocation Failure)
[2019-06-24T09:23:52.124+0000][1][gc,task      ] GC(7) Using 5 workers of 8 for evacuation
[2019-06-24T09:23:52.126+0000][1][gc,age       ] GC(7) Desired survivor size 4456448 bytes, new threshold 6 (max threshold 6)
[2019-06-24T09:23:52.126+0000][1][gc,age       ] GC(7) Age table with threshold 6 (max threshold 6)
[2019-06-24T09:23:52.126+0000][1][gc,age       ] GC(7) - age   1:     740176 bytes,     740176 total
[2019-06-24T09:23:52.126+0000][1][gc,age       ] GC(7) - age   2:    1129536 bytes,    1869712 total
[2019-06-24T09:23:52.126+0000][1][gc,age       ] GC(7) - age   3:    2193048 bytes,    4062760 total
[2019-06-24T09:23:52.126+0000][1][gc,heap      ] GC(7) ParNew: 75551K->5335K(78656K)
[2019-06-24T09:23:52.126+0000][1][gc,heap      ] GC(7) CMS: 11375K->11815K(174784K)
[2019-06-24T09:23:52.126+0000][1][gc,metaspace ] GC(7) Metaspace: 19969K->19969K(1067008K)
[2019-06-24T09:23:52.126+0000][1][gc           ] GC(7) Pause Young (Allocation Failure) 84M->16M(247M) 2.167ms
[2019-06-24T09:23:52.126+0000][1][gc,cpu       ] GC(7) User=0.01s Sys=0.00s Real=0.00s
[2019-06-24T09:23:52.126+0000][1][safepoint    ] Leaving safepoint region
[2019-06-24T09:23:52.126+0000][1][safepoint    ] Total time for which application threads were stopped: 0.0022847 seconds, Stopping threads took: 0.0000105 seconds
[2019-06-24T09:23:52.211+0000][1][safepoint    ] Application time: 0.0852565 seconds
[2019-06-24T09:23:52.211+0000][1][safepoint    ] Entering safepoint region: GenCollectForAllocation
[2019-06-24T09:23:52.211+0000][1][gc,start     ] GC(8) Pause Young (Allocation Failure)
[2019-06-24T09:23:52.211+0000][1][gc,task      ] GC(8) Using 5 workers of 8 for evacuation
[2019-06-24T09:23:52.214+0000][1][gc,age       ] GC(8) Desired survivor size 4456448 bytes, new threshold 4 (max threshold 6)
[2019-06-24T09:23:52.214+0000][1][gc,age       ] GC(8) Age table with threshold 4 (max threshold 6)
[2019-06-24T09:23:52.214+0000][1][gc,age       ] GC(8) - age   1:    1059016 bytes,    1059016 total
[2019-06-24T09:23:52.214+0000][1][gc,age       ] GC(8) - age   2:     693432 bytes,    1752448 total
[2019-06-24T09:23:52.214+0000][1][gc,age       ] GC(8) - age   3:    1129440 bytes,    2881888 total
[2019-06-24T09:23:52.214+0000][1][gc,age       ] GC(8) - age   4:    2192808 bytes,    5074696 total
[2019-06-24T09:23:52.214+0000][1][gc,heap      ] GC(8) ParNew: 75287K->6077K(78656K)
[2019-06-24T09:23:52.214+0000][1][gc,heap      ] GC(8) CMS: 11815K->11815K(174784K)
[2019-06-24T09:23:52.214+0000][1][gc,metaspace ] GC(8) Metaspace: 20089K->20089K(1069056K)
[2019-06-24T09:23:52.214+0000][1][gc           ] GC(8) Pause Young (Allocation Failure) 85M->17M(247M) 3.146ms
[2019-06-24T09:23:52.214+0000][1][gc,cpu       ] GC(8) User=0.02s Sys=0.00s Real=0.00s
[2019-06-24T09:23:52.214+0000][1][safepoint    ] Leaving safepoint region
[2019-06-24T09:23:52.214+0000][1][safepoint    ] Total time for which application threads were stopped: 0.0033009 seconds, Stopping threads took: 0.0000190 seconds
[2019-06-24T09:23:52.240+0000][1][safepoint    ] Application time: 0.0254729 seconds
[2019-06-24T09:23:52.240+0000][1][safepoint    ] Entering safepoint region: CollectForMetadataAllocation
[2019-06-24T09:23:52.240+0000][1][safepoint    ] Leaving safepoint region
[2019-06-24T09:23:52.240+0000][1][safepoint    ] Total time for which application threads were stopped: 0.0002729 seconds, Stopping threads took: 0.0001226 seconds
[2019-06-24T09:23:52.292+0000][1][safepoint    ] Application time: 0.0515814 seconds
[2019-06-24T09:23:52.292+0000][1][safepoint    ] Entering safepoint region: GenCollectForAllocation
[2019-06-24T09:23:52.292+0000][1][gc,start     ] GC(9) Pause Young (Allocation Failure)
[2019-06-24T09:23:52.292+0000][1][gc,task      ] GC(9) Using 5 workers of 8 for evacuation
[2019-06-24T09:23:52.295+0000][1][gc,age       ] GC(9) Desired survivor size 4456448 bytes, new threshold 6 (max threshold 6)
[2019-06-24T09:23:52.295+0000][1][gc,age       ] GC(9) Age table with threshold 6 (max threshold 6)
[2019-06-24T09:23:52.295+0000][1][gc,age       ] GC(9) - age   1:     640200 bytes,     640200 total
[2019-06-24T09:23:52.295+0000][1][gc,age       ] GC(9) - age   2:     306664 bytes,     946864 total
[2019-06-24T09:23:52.295+0000][1][gc,age       ] GC(9) - age   3:     693312 bytes,    1640176 total
[2019-06-24T09:23:52.295+0000][1][gc,age       ] GC(9) - age   4:    1129440 bytes,    2769616 total
[2019-06-24T09:23:52.295+0000][1][gc,heap      ] GC(9) ParNew: 76029K->5135K(78656K)
[2019-06-24T09:23:52.295+0000][1][gc,heap      ] GC(9) CMS: 11815K->13970K(174784K)
[2019-06-24T09:23:52.295+0000][1][gc,metaspace ] GC(9) Metaspace: 20206K->20206K(1069056K)
[2019-06-24T09:23:52.295+0000][1][gc           ] GC(9) Pause Young (Allocation Failure) 85M->18M(247M) 3.554ms
[2019-06-24T09:23:52.295+0000][1][gc,cpu       ] GC(9) User=0.02s Sys=0.00s Real=0.01s
[2019-06-24T09:23:52.295+0000][1][safepoint    ] Leaving safepoint region
[2019-06-24T09:23:52.295+0000][1][safepoint    ] Total time for which application threads were stopped: 0.0037027 seconds, Stopping threads took: 0.0000172 seconds
[2019-06-24T09:23:52.296+0000][1][safepoint    ] Application time: 0.0000994 seconds
[2019-06-24T09:23:52.296+0000][1][safepoint    ] Entering safepoint region: CMS_Initial_Mark
[2019-06-24T09:23:52.296+0000][1][gc,start     ] GC(10) Pause Initial Mark
[2019-06-24T09:23:52.296+0000][1][gc           ] GC(10) Pause Initial Mark 20M->20M(247M) 0.617ms
[2019-06-24T09:23:52.296+0000][1][gc,cpu       ] GC(10) User=0.00s Sys=0.00s Real=0.00s
[2019-06-24T09:23:52.296+0000][1][safepoint    ] Leaving safepoint region
[2019-06-24T09:23:52.296+0000][1][safepoint    ] Total time for which application threads were stopped: 0.0007262 seconds, Stopping threads took: 0.0000386 seconds
[2019-06-24T09:23:52.296+0000][1][gc           ] GC(10) Concurrent Mark
[2019-06-24T09:23:52.297+0000][1][gc,task      ] GC(10) Using 2 workers of 2 for marking
[2019-06-24T09:23:52.310+0000][1][gc           ] GC(10) Concurrent Mark 13.374ms
[2019-06-24T09:23:52.310+0000][1][gc,cpu       ] GC(10) User=0.07s Sys=0.01s Real=0.01s
[2019-06-24T09:23:52.310+0000][1][gc           ] GC(10) Concurrent Preclean
[2019-06-24T09:23:52.311+0000][1][gc           ] GC(10) Concurrent Preclean 0.925ms
[2019-06-24T09:23:52.311+0000][1][gc,cpu       ] GC(10) User=0.02s Sys=0.00s Real=0.00s
[2019-06-24T09:23:52.311+0000][1][gc           ] GC(10) Concurrent Abortable Preclean
[2019-06-24T09:23:52.386+0000][1][safepoint    ] Application time: 0.0894124 seconds
[2019-06-24T09:23:52.386+0000][1][safepoint    ] Entering safepoint region: GenCollectForAllocation
[2019-06-24T09:23:52.386+0000][1][gc,start     ] GC(11) Pause Young (Allocation Failure)
[2019-06-24T09:23:52.386+0000][1][gc,task      ] GC(11) Using 5 workers of 8 for evacuation
[2019-06-24T09:23:52.389+0000][1][gc,age       ] GC(11) Desired survivor size 4456448 bytes, new threshold 6 (max threshold 6)
[2019-06-24T09:23:52.389+0000][1][gc,age       ] GC(11) Age table with threshold 6 (max threshold 6)
[2019-06-24T09:23:52.389+0000][1][gc,age       ] GC(11) - age   1:    2042624 bytes,    2042624 total
[2019-06-24T09:23:52.389+0000][1][gc,age       ] GC(11) - age   2:      99208 bytes,    2141832 total
[2019-06-24T09:23:52.389+0000][1][gc,age       ] GC(11) - age   3:     306592 bytes,    2448424 total
[2019-06-24T09:23:52.389+0000][1][gc,age       ] GC(11) - age   4:     693160 bytes,    3141584 total
[2019-06-24T09:23:52.389+0000][1][gc,age       ] GC(11) - age   5:    1129152 bytes,    4270736 total
[2019-06-24T09:23:52.389+0000][1][gc,heap      ] GC(11) ParNew: 75087K->5375K(78656K)
[2019-06-24T09:23:52.389+0000][1][gc,heap      ] GC(11) CMS: 13970K->13970K(174784K)
[2019-06-24T09:23:52.389+0000][1][gc,metaspace ] GC(11) Metaspace: 20288K->20288K(1069056K)
[2019-06-24T09:23:52.389+0000][1][gc           ] GC(11) Pause Young (Allocation Failure) 86M->18M(247M) 2.929ms
[2019-06-24T09:23:52.389+0000][1][gc,cpu       ] GC(11) User=0.02s Sys=0.00s Real=0.00s
[2019-06-24T09:23:52.389+0000][1][safepoint    ] Leaving safepoint region
[2019-06-24T09:23:52.389+0000][1][safepoint    ] Total time for which application threads were stopped: 0.0030843 seconds, Stopping threads took: 0.0000178 seconds
[2019-06-24T09:23:52.440+0000][1][safepoint    ] Application time: 0.0514665 seconds
[2019-06-24T09:23:52.440+0000][1][safepoint    ] Entering safepoint region: CollectForMetadataAllocation
[2019-06-24T09:23:52.441+0000][1][safepoint    ] Leaving safepoint region
[2019-06-24T09:23:52.441+0000][1][safepoint    ] Total time for which application threads were stopped: 0.0001866 seconds, Stopping threads took: 0.0000156 seconds
[2019-06-24T09:23:52.450+0000][1][safepoint    ] Application time: 0.0097734 seconds
[2019-06-24T09:23:52.450+0000][1][safepoint    ] Entering safepoint region: CollectForMetadataAllocation
[2019-06-24T09:23:52.451+0000][1][safepoint    ] Leaving safepoint region
[2019-06-24T09:23:52.451+0000][1][safepoint    ] Total time for which application threads were stopped: 0.0002122 seconds, Stopping threads took: 0.0000150 seconds
[2019-06-24T09:23:52.453+0000][1][safepoint    ] Application time: 0.0025779 seconds
[2019-06-24T09:23:52.453+0000][1][safepoint    ] Entering safepoint region: Deoptimize
[2019-06-24T09:23:52.454+0000][1][safepoint    ] Leaving safepoint region
[2019-06-24T09:23:52.454+0000][1][safepoint    ] Total time for which application threads were stopped: 0.0003052 seconds, Stopping threads took: 0.0000133 seconds
[2019-06-24T09:23:52.475+0000][1][gc           ] GC(10) Concurrent Abortable Preclean 164.549ms
[2019-06-24T09:23:52.475+0000][1][gc,cpu       ] GC(10) User=0.74s Sys=0.03s Real=0.17s
[2019-06-24T09:23:52.475+0000][1][safepoint    ] Application time: 0.0219284 seconds
[2019-06-24T09:23:52.476+0000][1][safepoint    ] Entering safepoint region: CMS_Final_Remark
[2019-06-24T09:23:52.476+0000][1][gc,start     ] GC(10) Pause Remark
[2019-06-24T09:23:52.488+0000][1][gc           ] GC(10) Pause Remark 54M->54M(247M) 12.114ms
[2019-06-24T09:23:52.488+0000][1][gc,cpu       ] GC(10) User=0.07s Sys=0.00s Real=0.01s
[2019-06-24T09:23:52.488+0000][1][safepoint    ] Leaving safepoint region
[2019-06-24T09:23:52.488+0000][1][safepoint    ] Total time for which application threads were stopped: 0.0123455 seconds, Stopping threads took: 0.0001174 seconds
[2019-06-24T09:23:52.488+0000][1][gc           ] GC(10) Concurrent Sweep
[2019-06-24T09:23:52.493+0000][1][gc           ] GC(10) Concurrent Sweep 4.923ms
[2019-06-24T09:23:52.493+0000][1][gc,cpu       ] GC(10) User=0.02s Sys=0.00s Real=0.00s
[2019-06-24T09:23:52.493+0000][1][gc           ] GC(10) Concurrent Reset
[2019-06-24T09:23:52.493+0000][1][gc           ] GC(10) Concurrent Reset 0.390ms
[2019-06-24T09:23:52.493+0000][1][gc,cpu       ] GC(10) User=0.00s Sys=0.00s Real=0.00s
[2019-06-24T09:23:52.493+0000][1][gc,heap      ] GC(10) Old: 13970K->13944K(174784K)
[2019-06-24T09:23:52.825+0000][1][safepoint    ] Application time: 0.3372164 seconds
[2019-06-24T09:23:52.825+0000][1][safepoint    ] Entering safepoint region: Deoptimize
[2019-06-24T09:23:52.826+0000][1][safepoint    ] Leaving safepoint region
[2019-06-24T09:23:52.826+0000][1][safepoint    ] Total time for which application threads were stopped: 0.0009844 seconds, Stopping threads took: 0.0000167 seconds
[2019-06-24T09:23:52.836+0000][1][safepoint    ] Application time: 0.0096516 seconds
[2019-06-24T09:23:52.836+0000][1][safepoint    ] Entering safepoint region: RevokeBias
[2019-06-24T09:23:52.836+0000][1][safepoint    ] Leaving safepoint region
[2019-06-24T09:23:52.836+0000][1][safepoint    ] Total time for which application threads were stopped: 0.0000730 seconds, Stopping threads took: 0.0000162 seconds
[2019-06-24T09:23:52.836+0000][1][safepoint    ] Application time: 0.0000562 seconds
[2019-06-24T09:23:52.836+0000][1][safepoint    ] Entering safepoint region: RevokeBias
[2019-06-24T09:23:52.836+0000][1][safepoint    ] Leaving safepoint region
[2019-06-24T09:23:52.836+0000][1][safepoint    ] Total time for which application threads were stopped: 0.0000441 seconds, Stopping threads took: 0.0000101 seconds
[2019-06-24T09:23:52.836+0000][1][safepoint    ] Application time: 0.0000495 seconds
[2019-06-24T09:23:52.836+0000][1][safepoint    ] Entering safepoint region: RevokeBias
[2019-06-24T09:23:52.836+0000][1][safepoint    ] Leaving safepoint region
[2019-06-24T09:23:52.836+0000][1][safepoint    ] Total time for which application threads were stopped: 0.0000380 seconds, Stopping threads took: 0.0000094 seconds
[2019-06-24T09:23:52.837+0000][1][safepoint    ] Application time: 0.0004280 seconds
[2019-06-24T09:23:52.837+0000][1][safepoint    ] Entering safepoint region: Deoptimize
[2019-06-24T09:23:52.837+0000][1][safepoint    ] Leaving safepoint region
[2019-06-24T09:23:52.837+0000][1][safepoint    ] Total time for which application threads were stopped: 0.0003356 seconds, Stopping threads took: 0.0000103 seconds
[2019-06-24T09:23:52.841+0000][1][safepoint    ] Application time: 0.0044500 seconds
[2019-06-24T09:23:52.841+0000][1][safepoint    ] Entering safepoint region: Deoptimize
[2019-06-24T09:23:52.842+0000][1][safepoint    ] Leaving safepoint region
[2019-06-24T09:23:52.842+0000][1][safepoint    ] Total time for which application threads were stopped: 0.0003301 seconds, Stopping threads took: 0.0000139 seconds
[2019-06-24T09:23:53.010+0000][1][safepoint    ] Application time: 0.1683321 seconds
[2019-06-24T09:23:53.010+0000][1][safepoint    ] Entering safepoint region: GenCollectForAllocation
[2019-06-24T09:23:53.010+0000][1][gc,start     ] GC(12) Pause Young (Allocation Failure)
[2019-06-24T09:23:53.010+0000][1][gc,task      ] GC(12) Using 5 workers of 8 for evacuation
[2019-06-24T09:23:53.017+0000][1][gc,age       ] GC(12) Desired survivor size 4456448 bytes, new threshold 1 (max threshold 6)
[2019-06-24T09:23:53.017+0000][1][gc,age       ] GC(12) Age table with threshold 1 (max threshold 6)
[2019-06-24T09:23:53.017+0000][1][gc,age       ] GC(12) - age   1:    4796456 bytes,    4796456 total
[2019-06-24T09:23:53.017+0000][1][gc,age       ] GC(12) - age   2:     344584 bytes,    5141040 total
[2019-06-24T09:23:53.017+0000][1][gc,age       ] GC(12) - age   3:      98912 bytes,    5239952 total
[2019-06-24T09:23:53.017+0000][1][gc,age       ] GC(12) - age   4:     306464 bytes,    5546416 total
[2019-06-24T09:23:53.017+0000][1][gc,age       ] GC(12) - age   5:     687688 bytes,    6234104 total
[2019-06-24T09:23:53.017+0000][1][gc,age       ] GC(12) - age   6:    1128992 bytes,    7363096 total
[2019-06-24T09:23:53.017+0000][1][gc,heap      ] GC(12) ParNew: 75327K->8704K(78656K)
[2019-06-24T09:23:53.017+0000][1][gc,heap      ] GC(12) CMS: 13944K->13944K(174784K)
[2019-06-24T09:23:53.017+0000][1][gc,metaspace ] GC(12) Metaspace: 26257K->26257K(1073152K)
[2019-06-24T09:23:53.017+0000][1][gc           ] GC(12) Pause Young (Allocation Failure) 87M->22M(247M) 6.671ms
[2019-06-24T09:23:53.017+0000][1][gc,cpu       ] GC(12) User=0.05s Sys=0.00s Real=0.01s
[2019-06-24T09:23:53.017+0000][1][safepoint    ] Leaving safepoint region
[2019-06-24T09:23:53.017+0000][1][safepoint    ] Total time for which application threads were stopped: 0.0069070 seconds, Stopping threads took: 0.0000995 seconds
[2019-06-24T09:23:53.218+0000][1][safepoint    ] Application time: 0.2009885 seconds
[2019-06-24T09:23:53.218+0000][1][safepoint    ] Entering safepoint region: Deoptimize
[2019-06-24T09:23:53.219+0000][1][safepoint    ] Leaving safepoint region
[2019-06-24T09:23:53.219+0000][1][safepoint    ] Total time for which application threads were stopped: 0.0004975 seconds, Stopping threads took: 0.0000124 seconds
[2019-06-24T09:23:53.603+0000][1][safepoint    ] Application time: 0.3847385 seconds
[2019-06-24T09:23:53.603+0000][1][safepoint    ] Entering safepoint region: GenCollectForAllocation
[2019-06-24T09:23:53.603+0000][1][gc,start     ] GC(13) Pause Young (Allocation Failure)
[2019-06-24T09:23:53.603+0000][1][gc,task      ] GC(13) Using 5 workers of 8 for evacuation
[2019-06-24T09:23:53.624+0000][1][gc,age       ] GC(13) Desired survivor size 4456448 bytes, new threshold 1 (max threshold 6)
[2019-06-24T09:23:53.624+0000][1][gc,age       ] GC(13) Age table with threshold 1 (max threshold 6)
[2019-06-24T09:23:53.624+0000][1][gc,age       ] GC(13) - age   1:    8913256 bytes,    8913256 total
[2019-06-24T09:23:53.624+0000][1][gc,heap      ] GC(13) ParNew: 78656K->8704K(78656K)
[2019-06-24T09:23:53.624+0000][1][gc,heap      ] GC(13) CMS: 13944K->25792K(174784K)
[2019-06-24T09:23:53.624+0000][1][gc,metaspace ] GC(13) Metaspace: 26844K->26844K(1075200K)
[2019-06-24T09:23:53.624+0000][1][gc           ] GC(13) Pause Young (Allocation Failure) 90M->33M(247M) 20.166ms
[2019-06-24T09:23:53.624+0000][1][gc,cpu       ] GC(13) User=0.14s Sys=0.00s Real=0.02s
[2019-06-24T09:23:53.624+0000][1][safepoint    ] Leaving safepoint region
[2019-06-24T09:23:53.624+0000][1][safepoint    ] Total time for which application threads were stopped: 0.0203073 seconds, Stopping threads took: 0.0000135 seconds
[2019-06-24T09:23:53.868+0000][1][safepoint    ] Application time: 0.2445269 seconds
[2019-06-24T09:23:53.868+0000][1][safepoint    ] Entering safepoint region: RevokeBias
[2019-06-24T09:23:53.868+0000][1][safepoint    ] Leaving safepoint region
[2019-06-24T09:23:53.868+0000][1][safepoint    ] Total time for which application threads were stopped: 0.0001274 seconds, Stopping threads took: 0.0000428 seconds
[2019-06-24T09:23:54.040+0000][1][safepoint    ] Application time: 0.1719147 seconds
[2019-06-24T09:23:54.040+0000][1][safepoint    ] Entering safepoint region: GenCollectForAllocation
[2019-06-24T09:23:54.040+0000][1][gc,start     ] GC(14) Pause Young (Allocation Failure)
[2019-06-24T09:23:54.040+0000][1][gc,task      ] GC(14) Using 5 workers of 8 for evacuation
[2019-06-24T09:23:54.061+0000][1][gc,age       ] GC(14) Desired survivor size 4456448 bytes, new threshold 1 (max threshold 6)
[2019-06-24T09:23:54.061+0000][1][gc,age       ] GC(14) Age table with threshold 1 (max threshold 6)
[2019-06-24T09:23:54.061+0000][1][gc,age       ] GC(14) - age   1:    7962416 bytes,    7962416 total
[2019-06-24T09:23:54.061+0000][1][gc,heap      ] GC(14) ParNew: 78656K->8704K(78656K)
[2019-06-24T09:23:54.061+0000][1][gc,heap      ] GC(14) CMS: 25792K->40520K(174784K)
[2019-06-24T09:23:54.061+0000][1][gc,metaspace ] GC(14) Metaspace: 26903K->26903K(1075200K)
[2019-06-24T09:23:54.061+0000][1][gc           ] GC(14) Pause Young (Allocation Failure) 102M->48M(247M) 20.434ms
[2019-06-24T09:23:54.061+0000][1][gc,cpu       ] GC(14) User=0.12s Sys=0.00s Real=0.02s
[2019-06-24T09:23:54.061+0000][1][safepoint    ] Leaving safepoint region
[2019-06-24T09:23:54.061+0000][1][safepoint    ] Total time for which application threads were stopped: 0.0205701 seconds, Stopping threads took: 0.0000177 seconds
[2019-06-24T09:23:54.249+0000][1][safepoint    ] Application time: 0.1884860 seconds
[2019-06-24T09:23:54.249+0000][1][safepoint    ] Entering safepoint region: RevokeBias
[2019-06-24T09:23:54.250+0000][1][safepoint    ] Leaving safepoint region
[2019-06-24T09:23:54.250+0000][1][safepoint    ] Total time for which application threads were stopped: 0.0001095 seconds, Stopping threads took: 0.0000154 seconds
[2019-06-24T09:23:54.424+0000][1][safepoint    ] Application time: 0.1748225 seconds
[2019-06-24T09:23:54.424+0000][1][safepoint    ] Entering safepoint region: RevokeBias
[2019-06-24T09:23:54.425+0000][1][safepoint    ] Leaving safepoint region
[2019-06-24T09:23:54.425+0000][1][safepoint    ] Total time for which application threads were stopped: 0.0001284 seconds, Stopping threads took: 0.0000161 seconds
[2019-06-24T09:23:54.468+0000][1][safepoint    ] Application time: 0.0430954 seconds
[2019-06-24T09:23:54.468+0000][1][safepoint    ] Entering safepoint region: RevokeBias
[2019-06-24T09:23:54.468+0000][1][safepoint    ] Leaving safepoint region
[2019-06-24T09:23:54.468+0000][1][safepoint    ] Total time for which application threads were stopped: 0.0000851 seconds, Stopping threads took: 0.0000160 seconds
[2019-06-24T09:23:54.580+0000][1][safepoint    ] Application time: 0.1119922 seconds
[2019-06-24T09:23:54.580+0000][1][safepoint    ] Entering safepoint region: GenCollectForAllocation
[2019-06-24T09:23:54.580+0000][1][gc,start     ] GC(15) Pause Young (Allocation Failure)
[2019-06-24T09:23:54.580+0000][1][gc,task      ] GC(15) Using 5 workers of 8 for evacuation
[2019-06-24T09:23:54.594+0000][1][gc,age       ] GC(15) Desired survivor size 4456448 bytes, new threshold 1 (max threshold 6)
[2019-06-24T09:23:54.594+0000][1][gc,age       ] GC(15) Age table with threshold 1 (max threshold 6)
[2019-06-24T09:23:54.594+0000][1][gc,age       ] GC(15) - age   1:    6879720 bytes,    6879720 total
[2019-06-24T09:23:54.594+0000][1][gc,heap      ] GC(15) ParNew: 78656K->8704K(78656K)
[2019-06-24T09:23:54.594+0000][1][gc,heap      ] GC(15) CMS: 40520K->49061K(174784K)
[2019-06-24T09:23:54.594+0000][1][gc,metaspace ] GC(15) Metaspace: 32349K->32349K(1079296K)
[2019-06-24T09:23:54.595+0000][1][gc           ] GC(15) Pause Young (Allocation Failure) 116M->56M(247M) 14.611ms
[2019-06-24T09:23:54.595+0000][1][gc,cpu       ] GC(15) User=0.09s Sys=0.01s Real=0.02s
[2019-06-24T09:23:54.595+0000][1][safepoint    ] Leaving safepoint region
[2019-06-24T09:23:54.595+0000][1][safepoint    ] Total time for which application threads were stopped: 0.0147577 seconds, Stopping threads took: 0.0000160 seconds
[2019-06-24T09:23:54.704+0000][1][safepoint    ] Application time: 0.1090480 seconds
[2019-06-24T09:23:54.704+0000][1][safepoint    ] Entering safepoint region: GenCollectForAllocation
[2019-06-24T09:23:54.704+0000][1][gc,start     ] GC(16) Pause Young (Allocation Failure)
[2019-06-24T09:23:54.704+0000][1][gc,task      ] GC(16) Using 5 workers of 8 for evacuation
[2019-06-24T09:23:54.713+0000][1][gc,age       ] GC(16) Desired survivor size 4456448 bytes, new threshold 6 (max threshold 6)
[2019-06-24T09:23:54.713+0000][1][gc,age       ] GC(16) Age table with threshold 6 (max threshold 6)
[2019-06-24T09:23:54.713+0000][1][gc,age       ] GC(16) - age   1:     258584 bytes,     258584 total
[2019-06-24T09:23:54.713+0000][1][gc,heap      ] GC(16) ParNew: 78656K->6997K(78656K)
[2019-06-24T09:23:54.713+0000][1][gc,heap      ] GC(16) CMS: 49061K->55833K(174784K)
[2019-06-24T09:23:54.713+0000][1][gc,metaspace ] GC(16) Metaspace: 32729K->32729K(1079296K)
[2019-06-24T09:23:54.713+0000][1][gc           ] GC(16) Pause Young (Allocation Failure) 124M->61M(247M) 9.087ms
[2019-06-24T09:23:54.713+0000][1][gc,cpu       ] GC(16) User=0.06s Sys=0.00s Real=0.00s
[2019-06-24T09:23:54.713+0000][1][safepoint    ] Leaving safepoint region
[2019-06-24T09:23:54.713+0000][1][safepoint    ] Total time for which application threads were stopped: 0.0093468 seconds, Stopping threads took: 0.0001150 seconds
[2019-06-24T09:23:54.966+0000][1][safepoint    ] Application time: 0.2527855 seconds
[2019-06-24T09:23:54.966+0000][1][safepoint    ] Entering safepoint region: CollectForMetadataAllocation
[2019-06-24T09:23:54.966+0000][1][safepoint    ] Leaving safepoint region
[2019-06-24T09:23:54.966+0000][1][safepoint    ] Total time for which application threads were stopped: 0.0005232 seconds, Stopping threads took: 0.0002868 seconds
[2019-06-24T09:23:54.980+0000][1][safepoint    ] Application time: 0.0137681 seconds
[2019-06-24T09:23:54.980+0000][1][safepoint    ] Entering safepoint region: CollectForMetadataAllocation
[2019-06-24T09:23:54.980+0000][1][safepoint    ] Leaving safepoint region
[2019-06-24T09:23:54.980+0000][1][safepoint    ] Total time for which application threads were stopped: 0.0001922 seconds, Stopping threads took: 0.0000151 seconds
[2019-06-24T09:23:54.997+0000][1][safepoint    ] Application time: 0.0169732 seconds
[2019-06-24T09:23:54.997+0000][1][safepoint    ] Entering safepoint region: CollectForMetadataAllocation
[2019-06-24T09:23:54.998+0000][1][safepoint    ] Leaving safepoint region
[2019-06-24T09:23:54.998+0000][1][safepoint    ] Total time for which application threads were stopped: 0.0001837 seconds, Stopping threads took: 0.0000153 seconds
[2019-06-24T09:23:55.011+0000][1][safepoint    ] Application time: 0.0134931 seconds
[2019-06-24T09:23:55.011+0000][1][safepoint    ] Entering safepoint region: CollectForMetadataAllocation
[2019-06-24T09:23:55.011+0000][1][safepoint    ] Leaving safepoint region
[2019-06-24T09:23:55.011+0000][1][safepoint    ] Total time for which application threads were stopped: 0.0001751 seconds, Stopping threads took: 0.0000138 seconds
[2019-06-24T09:23:55.030+0000][1][safepoint    ] Application time: 0.0187242 seconds
[2019-06-24T09:23:55.030+0000][1][safepoint    ] Entering safepoint region: CollectForMetadataAllocation
[2019-06-24T09:23:55.030+0000][1][safepoint    ] Leaving safepoint region
[2019-06-24T09:23:55.030+0000][1][safepoint    ] Total time for which application threads were stopped: 0.0001713 seconds, Stopping threads took: 0.0000141 seconds
[2019-06-24T09:23:55.050+0000][1][safepoint    ] Application time: 0.0198124 seconds
[2019-06-24T09:23:55.050+0000][1][safepoint    ] Entering safepoint region: CollectForMetadataAllocation
[2019-06-24T09:23:55.050+0000][1][safepoint    ] Leaving safepoint region
[2019-06-24T09:23:55.050+0000][1][safepoint    ] Total time for which application threads were stopped: 0.0002086 seconds, Stopping threads took: 0.0000162 seconds
[2019-06-24T09:23:55.064+0000][1][safepoint    ] Application time: 0.0133508 seconds
[2019-06-24T09:23:55.064+0000][1][safepoint    ] Entering safepoint region: CollectForMetadataAllocation
[2019-06-24T09:23:55.064+0000][1][safepoint    ] Leaving safepoint region
[2019-06-24T09:23:55.064+0000][1][safepoint    ] Total time for which application threads were stopped: 0.0001438 seconds, Stopping threads took: 0.0000111 seconds
[2019-06-24T09:23:55.086+0000][1][safepoint    ] Application time: 0.0217046 seconds
[2019-06-24T09:23:55.086+0000][1][safepoint    ] Entering safepoint region: RevokeBias
[2019-06-24T09:23:55.086+0000][1][safepoint    ] Leaving safepoint region
[2019-06-24T09:23:55.086+0000][1][safepoint    ] Total time for which application threads were stopped: 0.0001824 seconds, Stopping threads took: 0.0000971 seconds
[2019-06-24T09:23:55.090+0000][1][safepoint    ] Application time: 0.0043927 seconds
[2019-06-24T09:23:55.090+0000][1][safepoint    ] Entering safepoint region: CollectForMetadataAllocation
[2019-06-24T09:23:55.090+0000][1][safepoint    ] Leaving safepoint region
[2019-06-24T09:23:55.090+0000][1][safepoint    ] Total time for which application threads were stopped: 0.0001306 seconds, Stopping threads took: 0.0000097 seconds
[2019-06-24T09:23:55.090+0000][1][safepoint    ] Application time: 0.0000792 seconds
[2019-06-24T09:23:55.091+0000][1][safepoint    ] Entering safepoint region: CollectForMetadataAllocation
[2019-06-24T09:23:55.091+0000][1][safepoint    ] Leaving safepoint region
[2019-06-24T09:23:55.091+0000][1][safepoint    ] Total time for which application threads were stopped: 0.0001876 seconds, Stopping threads took: 0.0001663 seconds
[2019-06-24T09:23:55.120+0000][1][safepoint    ] Application time: 0.0291260 seconds
[2019-06-24T09:23:55.120+0000][1][safepoint    ] Entering safepoint region: CollectForMetadataAllocation
[2019-06-24T09:23:55.120+0000][1][safepoint    ] Leaving safepoint region
[2019-06-24T09:23:55.120+0000][1][safepoint    ] Total time for which application threads were stopped: 0.0001962 seconds, Stopping threads took: 0.0000146 seconds
[2019-06-24T09:23:55.133+0000][1][safepoint    ] Application time: 0.0130021 seconds
[2019-06-24T09:23:55.133+0000][1][safepoint    ] Entering safepoint region: CollectForMetadataAllocation
[2019-06-24T09:23:55.133+0000][1][safepoint    ] Leaving safepoint region
[2019-06-24T09:23:55.133+0000][1][safepoint    ] Total time for which application threads were stopped: 0.0001430 seconds, Stopping threads took: 0.0000100 seconds
[2019-06-24T09:23:55.149+0000][1][safepoint    ] Application time: 0.0162568 seconds
[2019-06-24T09:23:55.149+0000][1][safepoint    ] Entering safepoint region: CollectForMetadataAllocation
[2019-06-24T09:23:55.150+0000][1][safepoint    ] Leaving safepoint region
[2019-06-24T09:23:55.150+0000][1][safepoint    ] Total time for which application threads were stopped: 0.0001520 seconds, Stopping threads took: 0.0000102 seconds
[2019-06-24T09:23:55.167+0000][1][safepoint    ] Application time: 0.0173854 seconds
[2019-06-24T09:23:55.167+0000][1][safepoint    ] Entering safepoint region: CollectForMetadataAllocation
[2019-06-24T09:23:55.167+0000][1][safepoint    ] Leaving safepoint region
[2019-06-24T09:23:55.167+0000][1][safepoint    ] Total time for which application threads were stopped: 0.0001163 seconds, Stopping threads took: 0.0000119 seconds
[2019-06-24T09:23:55.188+0000][1][safepoint    ] Application time: 0.0209541 seconds
[2019-06-24T09:23:55.188+0000][1][safepoint    ] Entering safepoint region: CollectForMetadataAllocation
[2019-06-24T09:23:55.188+0000][1][safepoint    ] Leaving safepoint region
[2019-06-24T09:23:55.188+0000][1][safepoint    ] Total time for which application threads were stopped: 0.0002082 seconds, Stopping threads took: 0.0000154 seconds
[2019-06-24T09:23:55.206+0000][1][safepoint    ] Application time: 0.0173393 seconds
[2019-06-24T09:23:55.206+0000][1][safepoint    ] Entering safepoint region: CollectForMetadataAllocation
[2019-06-24T09:23:55.206+0000][1][safepoint    ] Leaving safepoint region
[2019-06-24T09:23:55.206+0000][1][safepoint    ] Total time for which application threads were stopped: 0.0001363 seconds, Stopping threads took: 0.0000099 seconds
[2019-06-24T09:23:55.219+0000][1][safepoint    ] Application time: 0.0130879 seconds
[2019-06-24T09:23:55.219+0000][1][safepoint    ] Entering safepoint region: CollectForMetadataAllocation
[2019-06-24T09:23:55.219+0000][1][safepoint    ] Leaving safepoint region
[2019-06-24T09:23:55.219+0000][1][safepoint    ] Total time for which application threads were stopped: 0.0001368 seconds, Stopping threads took: 0.0000100 seconds
[2019-06-24T09:23:55.234+0000][1][safepoint    ] Application time: 0.0152238 seconds
[2019-06-24T09:23:55.234+0000][1][safepoint    ] Entering safepoint region: CollectForMetadataAllocation
[2019-06-24T09:23:55.235+0000][1][safepoint    ] Leaving safepoint region
[2019-06-24T09:23:55.235+0000][1][safepoint    ] Total time for which application threads were stopped: 0.0001536 seconds, Stopping threads took: 0.0000101 seconds
[2019-06-24T09:23:55.246+0000][1][safepoint    ] Application time: 0.0117436 seconds
[2019-06-24T09:23:55.246+0000][1][safepoint    ] Entering safepoint region: CollectForMetadataAllocation
[2019-06-24T09:23:55.247+0000][1][safepoint    ] Leaving safepoint region
[2019-06-24T09:23:55.247+0000][1][safepoint    ] Total time for which application threads were stopped: 0.0001607 seconds, Stopping threads took: 0.0000098 seconds
[2019-06-24T09:23:55.263+0000][1][safepoint    ] Application time: 0.0169616 seconds
[2019-06-24T09:23:55.264+0000][1][safepoint    ] Entering safepoint region: CollectForMetadataAllocation
[2019-06-24T09:23:55.264+0000][1][safepoint    ] Leaving safepoint region
[2019-06-24T09:23:55.264+0000][1][safepoint    ] Total time for which application threads were stopped: 0.0001301 seconds, Stopping threads took: 0.0000093 seconds
[2019-06-24T09:23:55.277+0000][1][safepoint    ] Application time: 0.0134197 seconds
[2019-06-24T09:23:55.277+0000][1][safepoint    ] Entering safepoint region: CollectForMetadataAllocation
[2019-06-24T09:23:55.277+0000][1][safepoint    ] Leaving safepoint region
[2019-06-24T09:23:55.277+0000][1][safepoint    ] Total time for which application threads were stopped: 0.0002204 seconds, Stopping threads took: 0.0000771 seconds
[2019-06-24T09:23:55.291+0000][1][safepoint    ] Application time: 0.0139607 seconds
[2019-06-24T09:23:55.291+0000][1][safepoint    ] Entering safepoint region: CollectForMetadataAllocation
[2019-06-24T09:23:55.291+0000][1][safepoint    ] Leaving safepoint region
[2019-06-24T09:23:55.291+0000][1][safepoint    ] Total time for which application threads were stopped: 0.0001411 seconds, Stopping threads took: 0.0000103 seconds
[2019-06-24T09:23:55.322+0000][1][safepoint    ] Application time: 0.0306427 seconds
[2019-06-24T09:23:55.322+0000][1][safepoint    ] Entering safepoint region: CollectForMetadataAllocation
[2019-06-24T09:23:55.322+0000][1][safepoint    ] Leaving safepoint region
[2019-06-24T09:23:55.322+0000][1][safepoint    ] Total time for which application threads were stopped: 0.0001418 seconds, Stopping threads took: 0.0000162 seconds
[2019-06-24T09:23:55.346+0000][1][safepoint    ] Application time: 0.0238403 seconds
[2019-06-24T09:23:55.346+0000][1][safepoint    ] Entering safepoint region: CollectForMetadataAllocation
[2019-06-24T09:23:55.346+0000][1][safepoint    ] Leaving safepoint region
[2019-06-24T09:23:55.346+0000][1][safepoint    ] Total time for which application threads were stopped: 0.0002038 seconds, Stopping threads took: 0.0000159 seconds
[2019-06-24T09:23:55.364+0000][1][safepoint    ] Application time: 0.0177100 seconds
[2019-06-24T09:23:55.364+0000][1][safepoint    ] Entering safepoint region: CollectForMetadataAllocation
[2019-06-24T09:23:55.364+0000][1][safepoint    ] Leaving safepoint region
[2019-06-24T09:23:55.364+0000][1][safepoint    ] Total time for which application threads were stopped: 0.0001926 seconds, Stopping threads took: 0.0000159 seconds
[2019-06-24T09:23:55.384+0000][1][safepoint    ] Application time: 0.0198684 seconds
[2019-06-24T09:23:55.384+0000][1][safepoint    ] Entering safepoint region: CollectForMetadataAllocation
[2019-06-24T09:23:55.384+0000][1][safepoint    ] Leaving safepoint region
[2019-06-24T09:23:55.385+0000][1][safepoint    ] Total time for which application threads were stopped: 0.0002086 seconds, Stopping threads took: 0.0000179 seconds
[2019-06-24T09:23:55.394+0000][1][safepoint    ] Application time: 0.0090606 seconds
[2019-06-24T09:23:55.394+0000][1][safepoint    ] Entering safepoint region: RevokeBias
[2019-06-24T09:23:55.394+0000][1][safepoint    ] Leaving safepoint region
[2019-06-24T09:23:55.394+0000][1][safepoint    ] Total time for which application threads were stopped: 0.0001103 seconds, Stopping threads took: 0.0000345 seconds
[2019-06-24T09:23:55.402+0000][1][safepoint    ] Application time: 0.0080963 seconds
[2019-06-24T09:23:55.402+0000][1][safepoint    ] Entering safepoint region: CollectForMetadataAllocation
[2019-06-24T09:23:55.402+0000][1][safepoint    ] Leaving safepoint region
[2019-06-24T09:23:55.402+0000][1][safepoint    ] Total time for which application threads were stopped: 0.0002253 seconds, Stopping threads took: 0.0000200 seconds
[2019-06-24T09:23:55.404+0000][1][safepoint    ] Application time: 0.0022840 seconds
[2019-06-24T09:23:55.404+0000][1][safepoint    ] Entering safepoint region: RevokeBias
[2019-06-24T09:23:55.404+0000][1][safepoint    ] Leaving safepoint region
[2019-06-24T09:23:55.405+0000][1][safepoint    ] Total time for which application threads were stopped: 0.0000680 seconds, Stopping threads took: 0.0000175 seconds
[2019-06-24T09:23:55.686+0000][1][safepoint    ] Application time: 0.2814890 seconds
[2019-06-24T09:23:55.686+0000][1][safepoint    ] Entering safepoint region: CollectForMetadataAllocation
[2019-06-24T09:23:55.686+0000][1][safepoint    ] Leaving safepoint region
[2019-06-24T09:23:55.686+0000][1][safepoint    ] Total time for which application threads were stopped: 0.0002047 seconds, Stopping threads took: 0.0000163 seconds
[2019-06-24T09:23:55.944+0000][1][safepoint    ] Application time: 0.2574429 seconds
[2019-06-24T09:23:55.944+0000][1][safepoint    ] Entering safepoint region: CollectForMetadataAllocation
[2019-06-24T09:23:55.944+0000][1][safepoint    ] Leaving safepoint region
[2019-06-24T09:23:55.944+0000][1][safepoint    ] Total time for which application threads were stopped: 0.0002167 seconds, Stopping threads took: 0.0000153 seconds
[2019-06-24T09:23:55.947+0000][1][safepoint    ] Application time: 0.0028110 seconds
[2019-06-24T09:23:55.947+0000][1][safepoint    ] Entering safepoint region: GenCollectForAllocation
[2019-06-24T09:23:55.947+0000][1][gc,start     ] GC(17) Pause Young (Allocation Failure)
[2019-06-24T09:23:55.947+0000][1][gc,task      ] GC(17) Using 5 workers of 8 for evacuation
[2019-06-24T09:23:55.951+0000][1][gc,age       ] GC(17) Desired survivor size 4456448 bytes, new threshold 6 (max threshold 6)
[2019-06-24T09:23:55.951+0000][1][gc,age       ] GC(17) Age table with threshold 6 (max threshold 6)
[2019-06-24T09:23:55.951+0000][1][gc,age       ] GC(17) - age   1:    3761432 bytes,    3761432 total
[2019-06-24T09:23:55.951+0000][1][gc,age       ] GC(17) - age   2:     256696 bytes,    4018128 total
[2019-06-24T09:23:55.951+0000][1][gc,heap      ] GC(17) ParNew: 76949K->4671K(78656K)
[2019-06-24T09:23:55.951+0000][1][gc,heap      ] GC(17) CMS: 55833K->55833K(174784K)
[2019-06-24T09:23:55.951+0000][1][gc,metaspace ] GC(17) Metaspace: 42093K->42093K(1087488K)
[2019-06-24T09:23:55.951+0000][1][gc           ] GC(17) Pause Young (Allocation Failure) 129M->59M(247M) 3.830ms
[2019-06-24T09:23:55.951+0000][1][gc,cpu       ] GC(17) User=0.03s Sys=0.00s Real=0.00s
[2019-06-24T09:23:55.951+0000][1][safepoint    ] Leaving safepoint region
[2019-06-24T09:23:55.951+0000][1][safepoint    ] Total time for which application threads were stopped: 0.0039515 seconds, Stopping threads took: 0.0000255 seconds
[2019-06-24T09:23:55.951+0000][1][safepoint    ] Application time: 0.0000951 seconds
[2019-06-24T09:23:55.951+0000][1][safepoint    ] Entering safepoint region: CMS_Initial_Mark
[2019-06-24T09:23:55.951+0000][1][gc,start     ] GC(18) Pause Initial Mark
[2019-06-24T09:23:55.952+0000][1][gc           ] GC(18) Pause Initial Mark 60M->60M(247M) 1.173ms
[2019-06-24T09:23:55.952+0000][1][gc,cpu       ] GC(18) User=0.00s Sys=0.00s Real=0.00s
[2019-06-24T09:23:55.952+0000][1][safepoint    ] Leaving safepoint region
[2019-06-24T09:23:55.952+0000][1][safepoint    ] Total time for which application threads were stopped: 0.0013230 seconds, Stopping threads took: 0.0000764 seconds
[2019-06-24T09:23:55.952+0000][1][gc           ] GC(18) Concurrent Mark
[2019-06-24T09:23:55.952+0000][1][gc,task      ] GC(18) Using 2 workers of 2 for marking
[2019-06-24T09:23:55.953+0000][1][safepoint    ] Application time: 0.0009917 seconds
[2019-06-24T09:23:55.953+0000][1][safepoint    ] Entering safepoint region: RevokeBias
[2019-06-24T09:23:55.953+0000][1][safepoint    ] Leaving safepoint region
[2019-06-24T09:23:55.953+0000][1][safepoint    ] Total time for which application threads were stopped: 0.0000506 seconds, Stopping threads took: 0.0000196 seconds
[2019-06-24T09:23:55.980+0000][1][safepoint    ] Application time: 0.0263043 seconds
[2019-06-24T09:23:55.980+0000][1][safepoint    ] Entering safepoint region: CollectForMetadataAllocation
[2019-06-24T09:23:55.980+0000][1][safepoint    ] Leaving safepoint region
[2019-06-24T09:23:55.980+0000][1][safepoint    ] Total time for which application threads were stopped: 0.0001056 seconds, Stopping threads took: 0.0000107 seconds
[2019-06-24T09:23:55.999+0000][1][gc           ] GC(18) Concurrent Mark 46.538ms
[2019-06-24T09:23:55.999+0000][1][gc,cpu       ] GC(18) User=0.21s Sys=0.00s Real=0.05s
[2019-06-24T09:23:55.999+0000][1][gc           ] GC(18) Concurrent Preclean
[2019-06-24T09:23:56.000+0000][1][gc           ] GC(18) Concurrent Preclean 1.254ms
[2019-06-24T09:23:56.000+0000][1][gc,cpu       ] GC(18) User=0.00s Sys=0.00s Real=0.00s
[2019-06-24T09:23:56.000+0000][1][gc           ] GC(18) Concurrent Abortable Preclean
[2019-06-24T09:23:56.102+0000][1][safepoint    ] Application time: 0.1219646 seconds
[2019-06-24T09:23:56.102+0000][1][safepoint    ] Entering safepoint region: CollectForMetadataAllocation
[2019-06-24T09:23:56.103+0000][1][safepoint    ] Leaving safepoint region
[2019-06-24T09:23:56.103+0000][1][safepoint    ] Total time for which application threads were stopped: 0.0009800 seconds, Stopping threads took: 0.0007970 seconds
[2019-06-24T09:23:56.200+0000][1][safepoint    ] Application time: 0.0975527 seconds
[2019-06-24T09:23:56.200+0000][1][safepoint    ] Entering safepoint region: CollectForMetadataAllocation
[2019-06-24T09:23:56.200+0000][1][safepoint    ] Leaving safepoint region
[2019-06-24T09:23:56.201+0000][1][safepoint    ] Total time for which application threads were stopped: 0.0001837 seconds, Stopping threads took: 0.0000117 seconds
[2019-06-24T09:23:56.209+0000][1][safepoint    ] Application time: 0.0083966 seconds
[2019-06-24T09:23:56.209+0000][1][safepoint    ] Entering safepoint region: CollectForMetadataAllocation
[2019-06-24T09:23:56.209+0000][1][safepoint    ] Leaving safepoint region
[2019-06-24T09:23:56.209+0000][1][safepoint    ] Total time for which application threads were stopped: 0.0001572 seconds, Stopping threads took: 0.0000114 seconds
[2019-06-24T09:23:56.235+0000][1][safepoint    ] Application time: 0.0254534 seconds
[2019-06-24T09:23:56.235+0000][1][safepoint    ] Entering safepoint region: CollectForMetadataAllocation
[2019-06-24T09:23:56.235+0000][1][safepoint    ] Leaving safepoint region
[2019-06-24T09:23:56.235+0000][1][safepoint    ] Total time for which application threads were stopped: 0.0002989 seconds, Stopping threads took: 0.0000155 seconds
[2019-06-24T09:23:56.251+0000][1][safepoint    ] Application time: 0.0164119 seconds
[2019-06-24T09:23:56.251+0000][1][safepoint    ] Entering safepoint region: CollectForMetadataAllocation
[2019-06-24T09:23:56.252+0000][1][safepoint    ] Leaving safepoint region
[2019-06-24T09:23:56.252+0000][1][safepoint    ] Total time for which application threads were stopped: 0.0001886 seconds, Stopping threads took: 0.0000160 seconds
[2019-06-24T09:23:56.252+0000][1][gc           ] GC(18) Concurrent Abortable Preclean 252.094ms
[2019-06-24T09:23:56.252+0000][1][gc,cpu       ] GC(18) User=1.14s Sys=0.01s Real=0.25s
[2019-06-24T09:23:56.252+0000][1][safepoint    ] Application time: 0.0007465 seconds
[2019-06-24T09:23:56.252+0000][1][safepoint    ] Entering safepoint region: CMS_Final_Remark
[2019-06-24T09:23:56.252+0000][1][gc,start     ] GC(18) Pause Remark
[2019-06-24T09:23:56.269+0000][1][gc           ] GC(18) Pause Remark 94M->94M(247M) 17.041ms
[2019-06-24T09:23:56.269+0000][1][gc,cpu       ] GC(18) User=0.07s Sys=0.01s Real=0.02s
[2019-06-24T09:23:56.269+0000][1][safepoint    ] Leaving safepoint region
[2019-06-24T09:23:56.269+0000][1][safepoint    ] Total time for which application threads were stopped: 0.0171557 seconds, Stopping threads took: 0.0000158 seconds
[2019-06-24T09:23:56.270+0000][1][gc           ] GC(18) Concurrent Sweep
[2019-06-24T09:23:56.292+0000][1][safepoint    ] Application time: 0.0226525 seconds
[2019-06-24T09:23:56.292+0000][1][safepoint    ] Entering safepoint region: CollectForMetadataAllocation
[2019-06-24T09:23:56.293+0000][1][safepoint    ] Leaving safepoint region
[2019-06-24T09:23:56.293+0000][1][safepoint    ] Total time for which application threads were stopped: 0.0006564 seconds, Stopping threads took: 0.0000163 seconds
[2019-06-24T09:23:56.297+0000][1][gc           ] GC(18) Concurrent Sweep 27.010ms
[2019-06-24T09:23:56.297+0000][1][gc,cpu       ] GC(18) User=0.15s Sys=0.00s Real=0.03s
[2019-06-24T09:23:56.297+0000][1][gc           ] GC(18) Concurrent Reset
[2019-06-24T09:23:56.297+0000][1][gc           ] GC(18) Concurrent Reset 0.414ms
[2019-06-24T09:23:56.297+0000][1][gc,cpu       ] GC(18) User=0.00s Sys=0.00s Real=0.00s
[2019-06-24T09:23:56.297+0000][1][gc,heap      ] GC(18) Old: 55833K->55619K(174784K)
[2019-06-24T09:23:56.299+0000][1][safepoint    ] Application time: 0.0061233 seconds
[2019-06-24T09:23:56.299+0000][1][safepoint    ] Entering safepoint region: RevokeBias
[2019-06-24T09:23:56.299+0000][1][safepoint    ] Leaving safepoint region
[2019-06-24T09:23:56.299+0000][1][safepoint    ] Total time for which application threads were stopped: 0.0001634 seconds, Stopping threads took: 0.0000828 seconds
[2019-06-24T09:23:56.300+0000][1][safepoint    ] Application time: 0.0004229 seconds
[2019-06-24T09:23:56.300+0000][1][safepoint    ] Entering safepoint region: RevokeBias
[2019-06-24T09:23:56.300+0000][1][safepoint    ] Leaving safepoint region
[2019-06-24T09:23:56.300+0000][1][safepoint    ] Total time for which application threads were stopped: 0.0000766 seconds, Stopping threads took: 0.0000123 seconds
[2019-06-24T09:23:56.337+0000][1][safepoint    ] Application time: 0.0370083 seconds
[2019-06-24T09:23:56.337+0000][1][safepoint    ] Entering safepoint region: RevokeBias
[2019-06-24T09:23:56.337+0000][1][safepoint    ] Leaving safepoint region
[2019-06-24T09:23:56.337+0000][1][safepoint    ] Total time for which application threads were stopped: 0.0001307 seconds, Stopping threads took: 0.0000166 seconds
[2019-06-24T09:23:56.349+0000][1][safepoint    ] Application time: 0.0124301 seconds
[2019-06-24T09:23:56.349+0000][1][safepoint    ] Entering safepoint region: RevokeBias
[2019-06-24T09:23:56.349+0000][1][safepoint    ] Leaving safepoint region
[2019-06-24T09:23:56.349+0000][1][safepoint    ] Total time for which application threads were stopped: 0.0000841 seconds, Stopping threads took: 0.0000172 seconds
[2019-06-24T09:23:56.354+0000][1][safepoint    ] Application time: 0.0043667 seconds
[2019-06-24T09:23:56.354+0000][1][safepoint    ] Entering safepoint region: RevokeBias
[2019-06-24T09:23:56.354+0000][1][safepoint    ] Leaving safepoint region
[2019-06-24T09:23:56.354+0000][1][safepoint    ] Total time for which application threads were stopped: 0.0001317 seconds, Stopping threads took: 0.0000701 seconds
[2019-06-24T09:23:56.480+0000][1][safepoint    ] Application time: 0.1258256 seconds
[2019-06-24T09:23:56.480+0000][1][safepoint    ] Entering safepoint region: RevokeBias
[2019-06-24T09:23:56.480+0000][1][safepoint    ] Leaving safepoint region
[2019-06-24T09:23:56.480+0000][1][safepoint    ] Total time for which application threads were stopped: 0.0004074 seconds, Stopping threads took: 0.0000400 seconds
[2019-06-24T09:23:56.480+0000][1][safepoint    ] Application time: 0.0000589 seconds
[2019-06-24T09:23:56.480+0000][1][safepoint    ] Entering safepoint region: RevokeBias
[2019-06-24T09:23:56.480+0000][1][safepoint    ] Leaving safepoint region
[2019-06-24T09:23:56.480+0000][1][safepoint    ] Total time for which application threads were stopped: 0.0000958 seconds, Stopping threads took: 0.0000328 seconds
[2019-06-24T09:23:56.481+0000][1][safepoint    ] Application time: 0.0001572 seconds
[2019-06-24T09:23:56.481+0000][1][safepoint    ] Entering safepoint region: RevokeBias
[2019-06-24T09:23:56.481+0000][1][safepoint    ] Leaving safepoint region
[2019-06-24T09:23:56.481+0000][1][safepoint    ] Total time for which application threads were stopped: 0.0003035 seconds, Stopping threads took: 0.0002454 seconds
[2019-06-24T09:23:56.481+0000][1][safepoint    ] Application time: 0.0000512 seconds
[2019-06-24T09:23:56.481+0000][1][safepoint    ] Entering safepoint region: RevokeBias
[2019-06-24T09:23:56.481+0000][1][safepoint    ] Leaving safepoint region
[2019-06-24T09:23:56.481+0000][1][safepoint    ] Total time for which application threads were stopped: 0.0002624 seconds, Stopping threads took: 0.0002224 seconds
[2019-06-24T09:23:56.547+0000][1][safepoint    ] Application time: 0.0655411 seconds
[2019-06-24T09:23:56.547+0000][1][safepoint    ] Entering safepoint region: RevokeBias
[2019-06-24T09:23:56.547+0000][1][safepoint    ] Leaving safepoint region
[2019-06-24T09:23:56.547+0000][1][safepoint    ] Total time for which application threads were stopped: 0.0000997 seconds, Stopping threads took: 0.0000161 seconds
[2019-06-24T09:23:56.547+0000][1][safepoint    ] Application time: 0.0001201 seconds
[2019-06-24T09:23:56.547+0000][1][safepoint    ] Entering safepoint region: RevokeBias
[2019-06-24T09:23:56.547+0000][1][safepoint    ] Leaving safepoint region
[2019-06-24T09:23:56.547+0000][1][safepoint    ] Total time for which application threads were stopped: 0.0002823 seconds, Stopping threads took: 0.0002260 seconds
[2019-06-24T09:23:56.547+0000][1][safepoint    ] Application time: 0.0000976 seconds
[2019-06-24T09:23:56.548+0000][1][safepoint    ] Entering safepoint region: RevokeBias
[2019-06-24T09:23:56.548+0000][1][safepoint    ] Leaving safepoint region
[2019-06-24T09:23:56.548+0000][1][safepoint    ] Total time for which application threads were stopped: 0.0000932 seconds, Stopping threads took: 0.0000537 seconds
[2019-06-24T09:23:56.548+0000][1][safepoint    ] Application time: 0.0003675 seconds
[2019-06-24T09:23:56.548+0000][1][safepoint    ] Entering safepoint region: RevokeBias
[2019-06-24T09:23:56.548+0000][1][safepoint    ] Leaving safepoint region
[2019-06-24T09:23:56.548+0000][1][safepoint    ] Total time for which application threads were stopped: 0.0000913 seconds, Stopping threads took: 0.0000343 seconds
[2019-06-24T09:23:56.548+0000][1][safepoint    ] Application time: 0.0002170 seconds
[2019-06-24T09:23:56.548+0000][1][safepoint    ] Entering safepoint region: RevokeBias
[2019-06-24T09:23:56.548+0000][1][safepoint    ] Leaving safepoint region
[2019-06-24T09:23:56.548+0000][1][safepoint    ] Total time for which application threads were stopped: 0.0000586 seconds, Stopping threads took: 0.0000102 seconds
[2019-06-24T09:23:56.549+0000][1][safepoint    ] Application time: 0.0003854 seconds
[2019-06-24T09:23:56.549+0000][1][safepoint    ] Entering safepoint region: RevokeBias
[2019-06-24T09:23:56.549+0000][1][safepoint    ] Leaving safepoint region
[2019-06-24T09:23:56.549+0000][1][safepoint    ] Total time for which application threads were stopped: 0.0000925 seconds, Stopping threads took: 0.0000295 seconds
[2019-06-24T09:23:56.549+0000][1][safepoint    ] Application time: 0.0001872 seconds
[2019-06-24T09:23:56.549+0000][1][safepoint    ] Entering safepoint region: RevokeBias
[2019-06-24T09:23:56.549+0000][1][safepoint    ] Leaving safepoint region
[2019-06-24T09:23:56.549+0000][1][safepoint    ] Total time for which application threads were stopped: 0.0001594 seconds, Stopping threads took: 0.0001142 seconds
[2019-06-24T09:23:56.549+0000][1][safepoint    ] Application time: 0.0000943 seconds
[2019-06-24T09:23:56.549+0000][1][safepoint    ] Entering safepoint region: RevokeBias
[2019-06-24T09:23:56.549+0000][1][safepoint    ] Leaving safepoint region
[2019-06-24T09:23:56.549+0000][1][safepoint    ] Total time for which application threads were stopped: 0.0000853 seconds, Stopping threads took: 0.0000363 seconds
[2019-06-24T09:23:56.550+0000][1][safepoint    ] Application time: 0.0000748 seconds
[2019-06-24T09:23:56.550+0000][1][safepoint    ] Entering safepoint region: RevokeBias
[2019-06-24T09:23:56.550+0000][1][safepoint    ] Leaving safepoint region
[2019-06-24T09:23:56.550+0000][1][safepoint    ] Total time for which application threads were stopped: 0.0000572 seconds, Stopping threads took: 0.0000101 seconds
[2019-06-24T09:23:56.550+0000][1][safepoint    ] Application time: 0.0000378 seconds
[2019-06-24T09:23:56.550+0000][1][safepoint    ] Entering safepoint region: RevokeBias
[2019-06-24T09:23:56.550+0000][1][safepoint    ] Leaving safepoint region
[2019-06-24T09:23:56.550+0000][1][safepoint    ] Total time for which application threads were stopped: 0.0000544 seconds, Stopping threads took: 0.0000101 seconds
[2019-06-24T09:23:56.550+0000][1][safepoint    ] Application time: 0.0000375 seconds
[2019-06-24T09:23:56.550+0000][1][safepoint    ] Entering safepoint region: RevokeBias
[2019-06-24T09:23:56.550+0000][1][safepoint    ] Leaving safepoint region
[2019-06-24T09:23:56.550+0000][1][safepoint    ] Total time for which application threads were stopped: 0.0000527 seconds, Stopping threads took: 0.0000100 seconds
[2019-06-24T09:23:56.550+0000][1][safepoint    ] Application time: 0.0000363 seconds
[2019-06-24T09:23:56.550+0000][1][safepoint    ] Entering safepoint region: RevokeBias
[2019-06-24T09:23:56.550+0000][1][safepoint    ] Leaving safepoint region
[2019-06-24T09:23:56.550+0000][1][safepoint    ] Total time for which application threads were stopped: 0.0000526 seconds, Stopping threads took: 0.0000097 seconds
[2019-06-24T09:23:56.550+0000][1][safepoint    ] Application time: 0.0000345 seconds
[2019-06-24T09:23:56.550+0000][1][safepoint    ] Entering safepoint region: RevokeBias
[2019-06-24T09:23:56.550+0000][1][safepoint    ] Leaving safepoint region
[2019-06-24T09:23:56.550+0000][1][safepoint    ] Total time for which application threads were stopped: 0.0000512 seconds, Stopping threads took: 0.0000094 seconds
[2019-06-24T09:23:56.550+0000][1][safepoint    ] Application time: 0.0000363 seconds
[2019-06-24T09:23:56.550+0000][1][safepoint    ] Entering safepoint region: RevokeBias
[2019-06-24T09:23:56.550+0000][1][safepoint    ] Leaving safepoint region
[2019-06-24T09:23:56.550+0000][1][safepoint    ] Total time for which application threads were stopped: 0.0000536 seconds, Stopping threads took: 0.0000117 seconds
[2019-06-24T09:23:56.550+0000][1][safepoint    ] Application time: 0.0000343 seconds
[2019-06-24T09:23:56.550+0000][1][safepoint    ] Entering safepoint region: RevokeBias
[2019-06-24T09:23:56.550+0000][1][safepoint    ] Leaving safepoint region
[2019-06-24T09:23:56.550+0000][1][safepoint    ] Total time for which application threads were stopped: 0.0000532 seconds, Stopping threads took: 0.0000116 seconds
[2019-06-24T09:23:56.550+0000][1][safepoint    ] Application time: 0.0000343 seconds
[2019-06-24T09:23:56.550+0000][1][safepoint    ] Entering safepoint region: RevokeBias
[2019-06-24T09:23:56.550+0000][1][safepoint    ] Leaving safepoint region
[2019-06-24T09:23:56.550+0000][1][safepoint    ] Total time for which application threads were stopped: 0.0000723 seconds, Stopping threads took: 0.0000301 seconds
[2019-06-24T09:23:56.550+0000][1][safepoint    ] Application time: 0.0000343 seconds
[2019-06-24T09:23:56.550+0000][1][safepoint    ] Entering safepoint region: RevokeBias
[2019-06-24T09:23:56.551+0000][1][safepoint    ] Leaving safepoint region
[2019-06-24T09:23:56.551+0000][1][safepoint    ] Total time for which application threads were stopped: 0.0001268 seconds, Stopping threads took: 0.0000194 seconds
[2019-06-24T09:23:56.551+0000][1][safepoint    ] Application time: 0.0000373 seconds
[2019-06-24T09:23:56.551+0000][1][safepoint    ] Entering safepoint region: RevokeBias
[2019-06-24T09:23:56.551+0000][1][safepoint    ] Leaving safepoint region
[2019-06-24T09:23:56.551+0000][1][safepoint    ] Total time for which application threads were stopped: 0.0000721 seconds, Stopping threads took: 0.0000291 seconds
[2019-06-24T09:23:56.551+0000][1][safepoint    ] Application time: 0.0000343 seconds
[2019-06-24T09:23:56.551+0000][1][safepoint    ] Entering safepoint region: RevokeBias
[2019-06-24T09:23:56.551+0000][1][safepoint    ] Leaving safepoint region
[2019-06-24T09:23:56.551+0000][1][safepoint    ] Total time for which application threads were stopped: 0.0000517 seconds, Stopping threads took: 0.0000095 seconds
[2019-06-24T09:23:56.551+0000][1][safepoint    ] Application time: 0.0000343 seconds
[2019-06-24T09:23:56.551+0000][1][safepoint    ] Entering safepoint region: RevokeBias
[2019-06-24T09:23:56.551+0000][1][safepoint    ] Leaving safepoint region
[2019-06-24T09:23:56.551+0000][1][safepoint    ] Total time for which application threads were stopped: 0.0000632 seconds, Stopping threads took: 0.0000196 seconds
[2019-06-24T09:23:56.551+0000][1][safepoint    ] Application time: 0.0000346 seconds
[2019-06-24T09:23:56.551+0000][1][safepoint    ] Entering safepoint region: RevokeBias
[2019-06-24T09:23:56.551+0000][1][safepoint    ] Leaving safepoint region
[2019-06-24T09:23:56.551+0000][1][safepoint    ] Total time for which application threads were stopped: 0.0000528 seconds, Stopping threads took: 0.0000095 seconds
[2019-06-24T09:23:56.551+0000][1][safepoint    ] Application time: 0.0000346 seconds
[2019-06-24T09:23:56.551+0000][1][safepoint    ] Entering safepoint region: RevokeBias
[2019-06-24T09:23:56.551+0000][1][safepoint    ] Leaving safepoint region
[2019-06-24T09:23:56.551+0000][1][safepoint    ] Total time for which application threads were stopped: 0.0000721 seconds, Stopping threads took: 0.0000288 seconds
[2019-06-24T09:23:56.551+0000][1][safepoint    ] Application time: 0.0000341 seconds
[2019-06-24T09:23:56.551+0000][1][safepoint    ] Entering safepoint region: RevokeBias
[2019-06-24T09:23:56.551+0000][1][safepoint    ] Leaving safepoint region
[2019-06-24T09:23:56.551+0000][1][safepoint    ] Total time for which application threads were stopped: 0.0000711 seconds, Stopping threads took: 0.0000287 seconds
[2019-06-24T09:23:56.551+0000][1][safepoint    ] Application time: 0.0000359 seconds
[2019-06-24T09:23:56.551+0000][1][safepoint    ] Entering safepoint region: RevokeBias
[2019-06-24T09:23:56.551+0000][1][safepoint    ] Leaving safepoint region
[2019-06-24T09:23:56.551+0000][1][safepoint    ] Total time for which application threads were stopped: 0.0000608 seconds, Stopping threads took: 0.0000193 seconds
[2019-06-24T09:23:56.551+0000][1][safepoint    ] Application time: 0.0000349 seconds
[2019-06-24T09:23:56.551+0000][1][safepoint    ] Entering safepoint region: RevokeBias
[2019-06-24T09:23:56.551+0000][1][safepoint    ] Leaving safepoint region
[2019-06-24T09:23:56.551+0000][1][safepoint    ] Total time for which application threads were stopped: 0.0000694 seconds, Stopping threads took: 0.0000276 seconds
[2019-06-24T09:23:56.552+0000][1][safepoint    ] Application time: 0.0000349 seconds
[2019-06-24T09:23:56.552+0000][1][safepoint    ] Entering safepoint region: BulkRevokeBias
[2019-06-24T09:23:56.552+0000][1][safepoint    ] Leaving safepoint region
[2019-06-24T09:23:56.552+0000][1][safepoint    ] Total time for which application threads were stopped: 0.0001106 seconds, Stopping threads took: 0.0000103 seconds
[2019-06-24T09:23:56.552+0000][1][safepoint    ] Application time: 0.0001160 seconds
[2019-06-24T09:23:56.552+0000][1][safepoint    ] Entering safepoint region: RevokeBias
[2019-06-24T09:23:56.552+0000][1][safepoint    ] Leaving safepoint region
[2019-06-24T09:23:56.552+0000][1][safepoint    ] Total time for which application threads were stopped: 0.0000732 seconds, Stopping threads took: 0.0000257 seconds
[2019-06-24T09:23:56.552+0000][1][safepoint    ] Application time: 0.0000501 seconds
[2019-06-24T09:23:56.552+0000][1][safepoint    ] Entering safepoint region: RevokeBias
[2019-06-24T09:23:56.552+0000][1][safepoint    ] Leaving safepoint region
[2019-06-24T09:23:56.552+0000][1][safepoint    ] Total time for which application threads were stopped: 0.0000531 seconds, Stopping threads took: 0.0000097 seconds
[2019-06-24T09:23:56.552+0000][1][safepoint    ] Application time: 0.0000675 seconds
[2019-06-24T09:23:56.552+0000][1][safepoint    ] Entering safepoint region: RevokeBias
[2019-06-24T09:23:56.552+0000][1][safepoint    ] Leaving safepoint region
[2019-06-24T09:23:56.552+0000][1][safepoint    ] Total time for which application threads were stopped: 0.0000525 seconds, Stopping threads took: 0.0000095 seconds
[2019-06-24T09:23:56.552+0000][1][safepoint    ] Application time: 0.0000495 seconds
[2019-06-24T09:23:56.552+0000][1][safepoint    ] Entering safepoint region: RevokeBias
[2019-06-24T09:23:56.552+0000][1][safepoint    ] Leaving safepoint region
[2019-06-24T09:23:56.552+0000][1][safepoint    ] Total time for which application threads were stopped: 0.0000657 seconds, Stopping threads took: 0.0000129 seconds
[2019-06-24T09:23:56.552+0000][1][safepoint    ] Application time: 0.0000537 seconds
[2019-06-24T09:23:56.552+0000][1][safepoint    ] Entering safepoint region: RevokeBias
[2019-06-24T09:23:56.552+0000][1][safepoint    ] Leaving safepoint region
[2019-06-24T09:23:56.552+0000][1][safepoint    ] Total time for which application threads were stopped: 0.0000824 seconds, Stopping threads took: 0.0000093 seconds
[2019-06-24T09:23:56.552+0000][1][safepoint    ] Application time: 0.0000443 seconds
[2019-06-24T09:23:56.552+0000][1][safepoint    ] Entering safepoint region: RevokeBias
[2019-06-24T09:23:56.553+0000][1][safepoint    ] Leaving safepoint region
[2019-06-24T09:23:56.553+0000][1][safepoint    ] Total time for which application threads were stopped: 0.0000814 seconds, Stopping threads took: 0.0000096 seconds
[2019-06-24T09:23:56.553+0000][1][safepoint    ] Application time: 0.0000504 seconds
[2019-06-24T09:23:56.553+0000][1][safepoint    ] Entering safepoint region: RevokeBias
[2019-06-24T09:23:56.553+0000][1][safepoint    ] Leaving safepoint region
[2019-06-24T09:23:56.553+0000][1][safepoint    ] Total time for which application threads were stopped: 0.0000610 seconds, Stopping threads took: 0.0000099 seconds
[2019-06-24T09:23:56.553+0000][1][safepoint    ] Application time: 0.0000423 seconds
[2019-06-24T09:23:56.553+0000][1][safepoint    ] Entering safepoint region: RevokeBias
[2019-06-24T09:23:56.553+0000][1][safepoint    ] Leaving safepoint region
[2019-06-24T09:23:56.553+0000][1][safepoint    ] Total time for which application threads were stopped: 0.0000769 seconds, Stopping threads took: 0.0000093 seconds
[2019-06-24T09:23:56.553+0000][1][safepoint    ] Application time: 0.0000400 seconds
[2019-06-24T09:23:56.553+0000][1][safepoint    ] Entering safepoint region: RevokeBias
[2019-06-24T09:23:56.553+0000][1][safepoint    ] Leaving safepoint region
[2019-06-24T09:23:56.553+0000][1][safepoint    ] Total time for which application threads were stopped: 0.0000777 seconds, Stopping threads took: 0.0000095 seconds
[2019-06-24T09:23:56.553+0000][1][safepoint    ] Application time: 0.0000373 seconds
[2019-06-24T09:23:56.553+0000][1][safepoint    ] Entering safepoint region: RevokeBias
[2019-06-24T09:23:56.553+0000][1][safepoint    ] Leaving safepoint region
[2019-06-24T09:23:56.553+0000][1][safepoint    ] Total time for which application threads were stopped: 0.0002030 seconds, Stopping threads took: 0.0001631 seconds
[2019-06-24T09:23:56.553+0000][1][safepoint    ] Application time: 0.0000393 seconds
[2019-06-24T09:23:56.553+0000][1][safepoint    ] Entering safepoint region: RevokeBias
[2019-06-24T09:23:56.553+0000][1][safepoint    ] Leaving safepoint region
[2019-06-24T09:23:56.553+0000][1][safepoint    ] Total time for which application threads were stopped: 0.0001016 seconds, Stopping threads took: 0.0000502 seconds
[2019-06-24T09:23:56.553+0000][1][safepoint    ] Application time: 0.0000382 seconds
[2019-06-24T09:23:56.553+0000][1][safepoint    ] Entering safepoint region: RevokeBias
[2019-06-24T09:23:56.554+0000][1][safepoint    ] Leaving safepoint region
[2019-06-24T09:23:56.554+0000][1][safepoint    ] Total time for which application threads were stopped: 0.0001220 seconds, Stopping threads took: 0.0000752 seconds
[2019-06-24T09:23:56.554+0000][1][safepoint    ] Application time: 0.0000401 seconds
[2019-06-24T09:23:56.554+0000][1][safepoint    ] Entering safepoint region: RevokeBias
[2019-06-24T09:23:56.554+0000][1][safepoint    ] Leaving safepoint region
[2019-06-24T09:23:56.554+0000][1][safepoint    ] Total time for which application threads were stopped: 0.0000531 seconds, Stopping threads took: 0.0000096 seconds
[2019-06-24T09:23:56.554+0000][1][safepoint    ] Application time: 0.0000391 seconds
[2019-06-24T09:23:56.554+0000][1][safepoint    ] Entering safepoint region: RevokeBias
[2019-06-24T09:23:56.554+0000][1][safepoint    ] Leaving safepoint region
[2019-06-24T09:23:56.554+0000][1][safepoint    ] Total time for which application threads were stopped: 0.0000511 seconds, Stopping threads took: 0.0000092 seconds
[2019-06-24T09:23:56.554+0000][1][safepoint    ] Application time: 0.0000383 seconds
[2019-06-24T09:23:56.554+0000][1][safepoint    ] Entering safepoint region: RevokeBias
[2019-06-24T09:23:56.554+0000][1][safepoint    ] Leaving safepoint region
[2019-06-24T09:23:56.554+0000][1][safepoint    ] Total time for which application threads were stopped: 0.0000665 seconds, Stopping threads took: 0.0000243 seconds
[2019-06-24T09:23:56.554+0000][1][safepoint    ] Application time: 0.0000393 seconds
[2019-06-24T09:23:56.554+0000][1][safepoint    ] Entering safepoint region: RevokeBias
[2019-06-24T09:23:56.554+0000][1][safepoint    ] Leaving safepoint region
[2019-06-24T09:23:56.554+0000][1][safepoint    ] Total time for which application threads were stopped: 0.0000514 seconds, Stopping threads took: 0.0000091 seconds
[2019-06-24T09:23:56.554+0000][1][safepoint    ] Application time: 0.0000380 seconds
[2019-06-24T09:23:56.554+0000][1][safepoint    ] Entering safepoint region: RevokeBias
[2019-06-24T09:23:56.554+0000][1][safepoint    ] Leaving safepoint region
[2019-06-24T09:23:56.554+0000][1][safepoint    ] Total time for which application threads were stopped: 0.0000683 seconds, Stopping threads took: 0.0000258 seconds
[2019-06-24T09:23:56.554+0000][1][safepoint    ] Application time: 0.0000383 seconds
[2019-06-24T09:23:56.554+0000][1][safepoint    ] Entering safepoint region: RevokeBias
[2019-06-24T09:23:56.554+0000][1][safepoint    ] Leaving safepoint region
[2019-06-24T09:23:56.554+0000][1][safepoint    ] Total time for which application threads were stopped: 0.0000525 seconds, Stopping threads took: 0.0000097 seconds
[2019-06-24T09:23:56.554+0000][1][safepoint    ] Application time: 0.0000368 seconds
[2019-06-24T09:23:56.554+0000][1][safepoint    ] Entering safepoint region: RevokeBias
[2019-06-24T09:23:56.554+0000][1][safepoint    ] Leaving safepoint region
[2019-06-24T09:23:56.554+0000][1][safepoint    ] Total time for which application threads were stopped: 0.0000504 seconds, Stopping threads took: 0.0000092 seconds
[2019-06-24T09:23:56.554+0000][1][safepoint    ] Application time: 0.0000385 seconds
[2019-06-24T09:23:56.554+0000][1][safepoint    ] Entering safepoint region: RevokeBias
[2019-06-24T09:23:56.554+0000][1][safepoint    ] Leaving safepoint region
[2019-06-24T09:23:56.554+0000][1][safepoint    ] Total time for which application threads were stopped: 0.0000935 seconds, Stopping threads took: 0.0000246 seconds
[2019-06-24T09:23:56.555+0000][1][safepoint    ] Application time: 0.0000393 seconds
[2019-06-24T09:23:56.555+0000][1][safepoint    ] Entering safepoint region: RevokeBias
[2019-06-24T09:23:56.555+0000][1][safepoint    ] Leaving safepoint region
[2019-06-24T09:23:56.555+0000][1][safepoint    ] Total time for which application threads were stopped: 0.0000632 seconds, Stopping threads took: 0.0000200 seconds
[2019-06-24T09:23:56.555+0000][1][safepoint    ] Application time: 0.0000370 seconds
[2019-06-24T09:23:56.555+0000][1][safepoint    ] Entering safepoint region: RevokeBias
[2019-06-24T09:23:56.555+0000][1][safepoint    ] Leaving safepoint region
[2019-06-24T09:23:56.555+0000][1][safepoint    ] Total time for which application threads were stopped: 0.0000737 seconds, Stopping threads took: 0.0000315 seconds
[2019-06-24T09:23:56.555+0000][1][safepoint    ] Application time: 0.0000391 seconds
[2019-06-24T09:23:56.555+0000][1][safepoint    ] Entering safepoint region: RevokeBias
[2019-06-24T09:23:56.555+0000][1][safepoint    ] Leaving safepoint region
[2019-06-24T09:23:56.555+0000][1][safepoint    ] Total time for which application threads were stopped: 0.0000712 seconds, Stopping threads took: 0.0000286 seconds
[2019-06-24T09:23:56.555+0000][1][safepoint    ] Application time: 0.0000397 seconds
[2019-06-24T09:23:56.555+0000][1][safepoint    ] Entering safepoint region: BulkRevokeBias
[2019-06-24T09:23:56.555+0000][1][safepoint    ] Leaving safepoint region
[2019-06-24T09:23:56.555+0000][1][safepoint    ] Total time for which application threads were stopped: 0.0001158 seconds, Stopping threads took: 0.0000095 seconds
[2019-06-24T09:23:56.555+0000][1][safepoint    ] Application time: 0.0002941 seconds
[2019-06-24T09:23:56.555+0000][1][safepoint    ] Entering safepoint region: RevokeBias
[2019-06-24T09:23:56.555+0000][1][safepoint    ] Leaving safepoint region
[2019-06-24T09:23:56.556+0000][1][safepoint    ] Total time for which application threads were stopped: 0.0001452 seconds, Stopping threads took: 0.0000915 seconds
[2019-06-24T09:23:56.556+0000][1][safepoint    ] Application time: 0.0000960 seconds
[2019-06-24T09:23:56.556+0000][1][safepoint    ] Entering safepoint region: RevokeBias
[2019-06-24T09:23:56.556+0000][1][safepoint    ] Leaving safepoint region
[2019-06-24T09:23:56.556+0000][1][safepoint    ] Total time for which application threads were stopped: 0.0000932 seconds, Stopping threads took: 0.0000499 seconds
[2019-06-24T09:23:56.556+0000][1][safepoint    ] Application time: 0.0000737 seconds
[2019-06-24T09:23:56.556+0000][1][safepoint    ] Entering safepoint region: RevokeBias
[2019-06-24T09:23:56.556+0000][1][safepoint    ] Leaving safepoint region
[2019-06-24T09:23:56.556+0000][1][safepoint    ] Total time for which application threads were stopped: 0.0000956 seconds, Stopping threads took: 0.0000498 seconds
[2019-06-24T09:23:56.556+0000][1][safepoint    ] Application time: 0.0000803 seconds
[2019-06-24T09:23:56.556+0000][1][safepoint    ] Entering safepoint region: RevokeBias
[2019-06-24T09:23:56.556+0000][1][safepoint    ] Leaving safepoint region
[2019-06-24T09:23:56.556+0000][1][safepoint    ] Total time for which application threads were stopped: 0.0000767 seconds, Stopping threads took: 0.0000093 seconds
[2019-06-24T09:23:56.556+0000][1][safepoint    ] Application time: 0.0000767 seconds
[2019-06-24T09:23:56.556+0000][1][safepoint    ] Entering safepoint region: RevokeBias
[2019-06-24T09:23:56.556+0000][1][safepoint    ] Leaving safepoint region
[2019-06-24T09:23:56.556+0000][1][safepoint    ] Total time for which application threads were stopped: 0.0000593 seconds, Stopping threads took: 0.0000125 seconds
[2019-06-24T09:23:56.556+0000][1][safepoint    ] Application time: 0.0000736 seconds
[2019-06-24T09:23:56.556+0000][1][safepoint    ] Entering safepoint region: RevokeBias
[2019-06-24T09:23:56.556+0000][1][safepoint    ] Leaving safepoint region
[2019-06-24T09:23:56.556+0000][1][safepoint    ] Total time for which application threads were stopped: 0.0000747 seconds, Stopping threads took: 0.0000249 seconds
[2019-06-24T09:23:56.557+0000][1][safepoint    ] Application time: 0.0003816 seconds
[2019-06-24T09:23:56.557+0000][1][safepoint    ] Entering safepoint region: RevokeBias
[2019-06-24T09:23:56.557+0000][1][safepoint    ] Leaving safepoint region
[2019-06-24T09:23:56.557+0000][1][safepoint    ] Total time for which application threads were stopped: 0.0000671 seconds, Stopping threads took: 0.0000101 seconds
[2019-06-24T09:23:56.557+0000][1][safepoint    ] Application time: 0.0001306 seconds
[2019-06-24T09:23:56.557+0000][1][safepoint    ] Entering safepoint region: RevokeBias
[2019-06-24T09:23:56.557+0000][1][safepoint    ] Leaving safepoint region
[2019-06-24T09:23:56.557+0000][1][safepoint    ] Total time for which application threads were stopped: 0.0001223 seconds, Stopping threads took: 0.0000711 seconds
[2019-06-24T09:23:56.557+0000][1][safepoint    ] Application time: 0.0000925 seconds
[2019-06-24T09:23:56.557+0000][1][safepoint    ] Entering safepoint region: RevokeBias
[2019-06-24T09:23:56.557+0000][1][safepoint    ] Leaving safepoint region
[2019-06-24T09:23:56.557+0000][1][safepoint    ] Total time for which application threads were stopped: 0.0001037 seconds, Stopping threads took: 0.0000666 seconds
[2019-06-24T09:23:56.557+0000][1][safepoint    ] Application time: 0.0000812 seconds
[2019-06-24T09:23:56.557+0000][1][safepoint    ] Entering safepoint region: RevokeBias
[2019-06-24T09:23:56.558+0000][1][safepoint    ] Leaving safepoint region
[2019-06-24T09:23:56.558+0000][1][safepoint    ] Total time for which application threads were stopped: 0.0000753 seconds, Stopping threads took: 0.0000257 seconds
[2019-06-24T09:23:56.558+0000][1][safepoint    ] Application time: 0.0000775 seconds
[2019-06-24T09:23:56.558+0000][1][safepoint    ] Entering safepoint region: RevokeBias
[2019-06-24T09:23:56.558+0000][1][safepoint    ] Leaving safepoint region
[2019-06-24T09:23:56.558+0000][1][safepoint    ] Total time for which application threads were stopped: 0.0000618 seconds, Stopping threads took: 0.0000265 seconds
[2019-06-24T09:23:56.558+0000][1][safepoint    ] Application time: 0.0003117 seconds
[2019-06-24T09:23:56.558+0000][1][safepoint    ] Entering safepoint region: RevokeBias
[2019-06-24T09:23:56.558+0000][1][safepoint    ] Leaving safepoint region
[2019-06-24T09:23:56.558+0000][1][safepoint    ] Total time for which application threads were stopped: 0.0000634 seconds, Stopping threads took: 0.0000101 seconds
[2019-06-24T09:23:56.558+0000][1][safepoint    ] Application time: 0.0001328 seconds
[2019-06-24T09:23:56.559+0000][1][safepoint    ] Entering safepoint region: RevokeBias
[2019-06-24T09:23:56.559+0000][1][safepoint    ] Leaving safepoint region
[2019-06-24T09:23:56.559+0000][1][safepoint    ] Total time for which application threads were stopped: 0.0005170 seconds, Stopping threads took: 0.0004650 seconds
[2019-06-24T09:23:56.559+0000][1][safepoint    ] Application time: 0.0002177 seconds
[2019-06-24T09:23:56.559+0000][1][safepoint    ] Entering safepoint region: RevokeBias
[2019-06-24T09:23:56.559+0000][1][safepoint    ] Leaving safepoint region
[2019-06-24T09:23:56.559+0000][1][safepoint    ] Total time for which application threads were stopped: 0.0001701 seconds, Stopping threads took: 0.0001304 seconds
[2019-06-24T09:23:56.559+0000][1][safepoint    ] Application time: 0.0002964 seconds
[2019-06-24T09:23:56.560+0000][1][safepoint    ] Entering safepoint region: BulkRevokeBias
[2019-06-24T09:23:56.560+0000][1][safepoint    ] Leaving safepoint region
[2019-06-24T09:23:56.560+0000][1][safepoint    ] Total time for which application threads were stopped: 0.0001862 seconds, Stopping threads took: 0.0000442 seconds
[2019-06-24T09:23:56.560+0000][1][safepoint    ] Application time: 0.0002795 seconds
[2019-06-24T09:23:56.560+0000][1][safepoint    ] Entering safepoint region: RevokeBias
[2019-06-24T09:23:56.560+0000][1][safepoint    ] Leaving safepoint region
[2019-06-24T09:23:56.560+0000][1][safepoint    ] Total time for which application threads were stopped: 0.0000705 seconds, Stopping threads took: 0.0000109 seconds
[2019-06-24T09:23:56.560+0000][1][safepoint    ] Application time: 0.0003925 seconds
[2019-06-24T09:23:56.561+0000][1][safepoint    ] Entering safepoint region: RevokeBias
[2019-06-24T09:23:56.561+0000][1][safepoint    ] Leaving safepoint region
[2019-06-24T09:23:56.561+0000][1][safepoint    ] Total time for which application threads were stopped: 0.0002441 seconds, Stopping threads took: 0.0001873 seconds
[2019-06-24T09:23:56.561+0000][1][safepoint    ] Application time: 0.0001487 seconds
[2019-06-24T09:23:56.561+0000][1][safepoint    ] Entering safepoint region: RevokeBias
[2019-06-24T09:23:56.561+0000][1][safepoint    ] Leaving safepoint region
[2019-06-24T09:23:56.561+0000][1][safepoint    ] Total time for which application threads were stopped: 0.0001232 seconds, Stopping threads took: 0.0000776 seconds
[2019-06-24T09:23:56.561+0000][1][safepoint    ] Application time: 0.0002178 seconds
[2019-06-24T09:23:56.561+0000][1][safepoint    ] Entering safepoint region: RevokeBias
[2019-06-24T09:23:56.561+0000][1][safepoint    ] Leaving safepoint region
[2019-06-24T09:23:56.561+0000][1][safepoint    ] Total time for which application threads were stopped: 0.0000714 seconds, Stopping threads took: 0.0000212 seconds
[2019-06-24T09:23:56.563+0000][1][safepoint    ] Application time: 0.0014182 seconds
[2019-06-24T09:23:56.563+0000][1][safepoint    ] Entering safepoint region: RevokeBias
[2019-06-24T09:23:56.563+0000][1][safepoint    ] Leaving safepoint region
[2019-06-24T09:23:56.563+0000][1][safepoint    ] Total time for which application threads were stopped: 0.0000946 seconds, Stopping threads took: 0.0000149 seconds
[2019-06-24T09:23:56.563+0000][1][safepoint    ] Application time: 0.0001025 seconds
[2019-06-24T09:23:56.563+0000][1][safepoint    ] Entering safepoint region: RevokeBias
[2019-06-24T09:23:56.563+0000][1][safepoint    ] Leaving safepoint region
[2019-06-24T09:23:56.563+0000][1][safepoint    ] Total time for which application threads were stopped: 0.0001892 seconds, Stopping threads took: 0.0001145 seconds
[2019-06-24T09:23:56.565+0000][1][safepoint    ] Application time: 0.0022678 seconds
[2019-06-24T09:23:56.566+0000][1][safepoint    ] Entering safepoint region: RevokeBias
[2019-06-24T09:23:56.566+0000][1][safepoint    ] Leaving safepoint region
[2019-06-24T09:23:56.566+0000][1][safepoint    ] Total time for which application threads were stopped: 0.0001360 seconds, Stopping threads took: 0.0000616 seconds
[2019-06-24T09:23:56.566+0000][1][safepoint    ] Application time: 0.0000437 seconds
[2019-06-24T09:23:56.566+0000][1][safepoint    ] Entering safepoint region: RevokeBias
[2019-06-24T09:23:56.566+0000][1][safepoint    ] Leaving safepoint region
[2019-06-24T09:23:56.566+0000][1][safepoint    ] Total time for which application threads were stopped: 0.0000644 seconds, Stopping threads took: 0.0000103 seconds
[2019-06-24T09:23:56.566+0000][1][safepoint    ] Application time: 0.0002332 seconds
[2019-06-24T09:23:56.566+0000][1][safepoint    ] Entering safepoint region: RevokeBias
[2019-06-24T09:23:56.566+0000][1][safepoint    ] Leaving safepoint region
[2019-06-24T09:23:56.566+0000][1][safepoint    ] Total time for which application threads were stopped: 0.0000964 seconds, Stopping threads took: 0.0000338 seconds
[2019-06-24T09:23:56.587+0000][1][safepoint    ] Application time: 0.0205265 seconds
[2019-06-24T09:23:56.587+0000][1][safepoint    ] Entering safepoint region: GenCollectForAllocation
[2019-06-24T09:23:56.587+0000][1][gc,start     ] GC(19) Pause Young (Allocation Failure)
[2019-06-24T09:23:56.587+0000][1][gc,task      ] GC(19) Using 5 workers of 8 for evacuation
[2019-06-24T09:23:56.592+0000][1][gc,age       ] GC(19) Desired survivor size 4456448 bytes, new threshold 2 (max threshold 6)
[2019-06-24T09:23:56.592+0000][1][gc,age       ] GC(19) Age table with threshold 2 (max threshold 6)
[2019-06-24T09:23:56.592+0000][1][gc,age       ] GC(19) - age   1:    3124376 bytes,    3124376 total
[2019-06-24T09:23:56.592+0000][1][gc,age       ] GC(19) - age   2:    3660048 bytes,    6784424 total
[2019-06-24T09:23:56.592+0000][1][gc,age       ] GC(19) - age   3:     256472 bytes,    7040896 total
[2019-06-24T09:23:56.592+0000][1][gc,heap      ] GC(19) ParNew: 74623K->8141K(78656K)
[2019-06-24T09:23:56.592+0000][1][gc,heap      ] GC(19) CMS: 55619K->55619K(174784K)
[2019-06-24T09:23:56.592+0000][1][gc,metaspace ] GC(19) Metaspace: 47106K->47106K(1091584K)
[2019-06-24T09:23:56.592+0000][1][gc           ] GC(19) Pause Young (Allocation Failure) 127M->62M(247M) 5.429ms
[2019-06-24T09:23:56.592+0000][1][gc,cpu       ] GC(19) User=0.03s Sys=0.00s Real=0.00s
[2019-06-24T09:23:56.592+0000][1][safepoint    ] Leaving safepoint region
[2019-06-24T09:23:56.592+0000][1][safepoint    ] Total time for which application threads were stopped: 0.0055888 seconds, Stopping threads took: 0.0000164 seconds
[2019-06-24T09:23:56.603+0000][1][safepoint    ] Application time: 0.0106618 seconds
[2019-06-24T09:23:56.603+0000][1][safepoint    ] Entering safepoint region: RevokeBias
[2019-06-24T09:23:56.603+0000][1][safepoint    ] Leaving safepoint region
[2019-06-24T09:23:56.603+0000][1][safepoint    ] Total time for which application threads were stopped: 0.0000941 seconds, Stopping threads took: 0.0000436 seconds
[2019-06-24T09:23:56.780+0000][1][safepoint    ] Application time: 0.1773880 seconds
[2019-06-24T09:23:56.780+0000][1][safepoint    ] Entering safepoint region: RevokeBias
[2019-06-24T09:23:56.781+0000][1][safepoint    ] Leaving safepoint region
[2019-06-24T09:23:56.781+0000][1][safepoint    ] Total time for which application threads were stopped: 0.0000737 seconds, Stopping threads took: 0.0000174 seconds
[2019-06-24T09:23:57.092+0000][1][safepoint    ] Application time: 0.3117174 seconds
[2019-06-24T09:23:57.092+0000][1][safepoint    ] Entering safepoint region: GenCollectForAllocation
[2019-06-24T09:23:57.093+0000][1][gc,start     ] GC(20) Pause Young (Allocation Failure)
[2019-06-24T09:23:57.093+0000][1][gc,task      ] GC(20) Using 5 workers of 8 for evacuation
[2019-06-24T09:23:57.101+0000][1][gc,age       ] GC(20) Desired survivor size 4456448 bytes, new threshold 2 (max threshold 6)
[2019-06-24T09:23:57.101+0000][1][gc,age       ] GC(20) Age table with threshold 2 (max threshold 6)
[2019-06-24T09:23:57.101+0000][1][gc,age       ] GC(20) - age   1:    1506256 bytes,    1506256 total
[2019-06-24T09:23:57.101+0000][1][gc,age       ] GC(20) - age   2:    3064720 bytes,    4570976 total
[2019-06-24T09:23:57.101+0000][1][gc,heap      ] GC(20) ParNew: 78093K->7205K(78656K)
[2019-06-24T09:23:57.101+0000][1][gc,heap      ] GC(20) CMS: 55619K->59547K(174784K)
[2019-06-24T09:23:57.101+0000][1][gc,metaspace ] GC(20) Metaspace: 53739K->53739K(1097728K)
[2019-06-24T09:23:57.101+0000][1][gc           ] GC(20) Pause Young (Allocation Failure) 130M->65M(247M) 7.904ms
[2019-06-24T09:23:57.101+0000][1][gc,cpu       ] GC(20) User=0.04s Sys=0.00s Real=0.01s
[2019-06-24T09:23:57.101+0000][1][safepoint    ] Leaving safepoint region
[2019-06-24T09:23:57.101+0000][1][safepoint    ] Total time for which application threads were stopped: 0.0083460 seconds, Stopping threads took: 0.0000121 seconds
[2019-06-24T09:23:57.280+0000][1][safepoint    ] Application time: 0.1793105 seconds
[2019-06-24T09:23:57.280+0000][1][safepoint    ] Entering safepoint region: Deoptimize
[2019-06-24T09:23:57.281+0000][1][safepoint    ] Leaving safepoint region
[2019-06-24T09:23:57.281+0000][1][safepoint    ] Total time for which application threads were stopped: 0.0008356 seconds, Stopping threads took: 0.0000133 seconds
[2019-06-24T09:23:57.316+0000][1][safepoint    ] Application time: 0.0349789 seconds
[2019-06-24T09:23:57.316+0000][1][safepoint    ] Entering safepoint region: RevokeBias
[2019-06-24T09:23:57.316+0000][1][safepoint    ] Leaving safepoint region
[2019-06-24T09:23:57.316+0000][1][safepoint    ] Total time for which application threads were stopped: 0.0000861 seconds, Stopping threads took: 0.0000125 seconds
[2019-06-24T09:23:57.316+0000][1][safepoint    ] Application time: 0.0001517 seconds
[2019-06-24T09:23:57.316+0000][1][safepoint    ] Entering safepoint region: RevokeBias
[2019-06-24T09:23:57.316+0000][1][safepoint    ] Leaving safepoint region
[2019-06-24T09:23:57.316+0000][1][safepoint    ] Total time for which application threads were stopped: 0.0000494 seconds, Stopping threads took: 0.0000099 seconds
[2019-06-24T09:23:57.316+0000][1][safepoint    ] Application time: 0.0001805 seconds
[2019-06-24T09:23:57.316+0000][1][safepoint    ] Entering safepoint region: RevokeBias
[2019-06-24T09:23:57.316+0000][1][safepoint    ] Leaving safepoint region
[2019-06-24T09:23:57.316+0000][1][safepoint    ] Total time for which application threads were stopped: 0.0000565 seconds, Stopping threads took: 0.0000213 seconds
[2019-06-24T09:23:57.319+0000][1][safepoint    ] Application time: 0.0023271 seconds
[2019-06-24T09:23:57.319+0000][1][safepoint    ] Entering safepoint region: RevokeBias
[2019-06-24T09:23:57.319+0000][1][safepoint    ] Leaving safepoint region
[2019-06-24T09:23:57.319+0000][1][safepoint    ] Total time for which application threads were stopped: 0.0001511 seconds, Stopping threads took: 0.0001055 seconds
[2019-06-24T09:23:57.439+0000][1][safepoint    ] Application time: 0.1196947 seconds
[2019-06-24T09:23:57.439+0000][1][safepoint    ] Entering safepoint region: RevokeBias
[2019-06-24T09:23:57.440+0000][1][safepoint    ] Leaving safepoint region
[2019-06-24T09:23:57.440+0000][1][safepoint    ] Total time for which application threads were stopped: 0.0008497 seconds, Stopping threads took: 0.0000209 seconds
[2019-06-24T09:23:57.474+0000][1][safepoint    ] Application time: 0.0347986 seconds
[2019-06-24T09:23:57.474+0000][1][safepoint    ] Entering safepoint region: RevokeBias
[2019-06-24T09:23:57.475+0000][1][safepoint    ] Leaving safepoint region
[2019-06-24T09:23:57.475+0000][1][safepoint    ] Total time for which application threads were stopped: 0.0001513 seconds, Stopping threads took: 0.0000463 seconds
[2019-06-24T09:23:57.475+0000][1][safepoint    ] Application time: 0.0000941 seconds
[2019-06-24T09:23:57.475+0000][1][safepoint    ] Entering safepoint region: RevokeBias
[2019-06-24T09:23:57.475+0000][1][safepoint    ] Leaving safepoint region
[2019-06-24T09:23:57.475+0000][1][safepoint    ] Total time for which application threads were stopped: 0.0001105 seconds, Stopping threads took: 0.0000607 seconds
[2019-06-24T09:23:57.475+0000][1][safepoint    ] Application time: 0.0005801 seconds
[2019-06-24T09:23:57.475+0000][1][safepoint    ] Entering safepoint region: RevokeBias
[2019-06-24T09:23:57.475+0000][1][safepoint    ] Leaving safepoint region
[2019-06-24T09:23:57.475+0000][1][safepoint    ] Total time for which application threads were stopped: 0.0001158 seconds, Stopping threads took: 0.0000606 seconds
[2019-06-24T09:23:57.476+0000][1][safepoint    ] Application time: 0.0000739 seconds
[2019-06-24T09:23:57.476+0000][1][safepoint    ] Entering safepoint region: RevokeBias
[2019-06-24T09:23:57.476+0000][1][safepoint    ] Leaving safepoint region
[2019-06-24T09:23:57.476+0000][1][safepoint    ] Total time for which application threads were stopped: 0.0000787 seconds, Stopping threads took: 0.0000293 seconds
[2019-06-24T09:23:57.476+0000][1][safepoint    ] Application time: 0.0000957 seconds
[2019-06-24T09:23:57.476+0000][1][safepoint    ] Entering safepoint region: RevokeBias
[2019-06-24T09:23:57.476+0000][1][safepoint    ] Leaving safepoint region
[2019-06-24T09:23:57.476+0000][1][safepoint    ] Total time for which application threads were stopped: 0.0000817 seconds, Stopping threads took: 0.0000256 seconds
[2019-06-24T09:23:57.476+0000][1][safepoint    ] Application time: 0.0001640 seconds
[2019-06-24T09:23:57.476+0000][1][safepoint    ] Entering safepoint region: RevokeBias
[2019-06-24T09:23:57.476+0000][1][safepoint    ] Leaving safepoint region
[2019-06-24T09:23:57.476+0000][1][safepoint    ] Total time for which application threads were stopped: 0.0002278 seconds, Stopping threads took: 0.0001711 seconds
[2019-06-24T09:23:57.492+0000][1][safepoint    ] Application time: 0.0155224 seconds
[2019-06-24T09:23:57.492+0000][1][safepoint    ] Entering safepoint region: Deoptimize
[2019-06-24T09:23:57.492+0000][1][safepoint    ] Leaving safepoint region
[2019-06-24T09:23:57.492+0000][1][safepoint    ] Total time for which application threads were stopped: 0.0003536 seconds, Stopping threads took: 0.0000127 seconds
[2019-06-24T09:23:57.821+0000][1][safepoint    ] Application time: 0.3286707 seconds
[2019-06-24T09:23:57.821+0000][1][safepoint    ] Entering safepoint region: BulkRevokeBias
[2019-06-24T09:23:57.821+0000][1][safepoint    ] Leaving safepoint region
[2019-06-24T09:23:57.821+0000][1][safepoint    ] Total time for which application threads were stopped: 0.0001580 seconds, Stopping threads took: 0.0000130 seconds
[2019-06-24T09:23:57.849+0000][1][safepoint    ] Application time: 0.0277152 seconds
[2019-06-24T09:23:57.849+0000][1][safepoint    ] Entering safepoint region: RevokeBias
[2019-06-24T09:23:57.849+0000][1][safepoint    ] Leaving safepoint region
[2019-06-24T09:23:57.849+0000][1][safepoint    ] Total time for which application threads were stopped: 0.0000818 seconds, Stopping threads took: 0.0000362 seconds
[2019-06-24T09:23:57.849+0000][1][safepoint    ] Application time: 0.0000558 seconds
[2019-06-24T09:23:57.849+0000][1][safepoint    ] Entering safepoint region: RevokeBias
[2019-06-24T09:23:57.849+0000][1][safepoint    ] Leaving safepoint region
[2019-06-24T09:23:57.849+0000][1][safepoint    ] Total time for which application threads were stopped: 0.0001198 seconds, Stopping threads took: 0.0000969 seconds
[2019-06-24T09:23:57.849+0000][1][safepoint    ] Application time: 0.0000627 seconds
[2019-06-24T09:23:57.849+0000][1][safepoint    ] Entering safepoint region: RevokeBias
[2019-06-24T09:23:57.849+0000][1][safepoint    ] Leaving safepoint region
[2019-06-24T09:23:57.849+0000][1][safepoint    ] Total time for which application threads were stopped: 0.0000275 seconds, Stopping threads took: 0.0000076 seconds
[2019-06-24T09:23:57.849+0000][1][safepoint    ] Application time: 0.0000519 seconds
[2019-06-24T09:23:57.849+0000][1][safepoint    ] Entering safepoint region: RevokeBias
[2019-06-24T09:23:57.849+0000][1][safepoint    ] Leaving safepoint region
[2019-06-24T09:23:57.849+0000][1][safepoint    ] Total time for which application threads were stopped: 0.0001153 seconds, Stopping threads took: 0.0000893 seconds
[2019-06-24T09:23:57.849+0000][1][safepoint    ] Application time: 0.0000514 seconds
[2019-06-24T09:23:57.849+0000][1][safepoint    ] Entering safepoint region: RevokeBias
[2019-06-24T09:23:57.849+0000][1][safepoint    ] Leaving safepoint region
[2019-06-24T09:23:57.849+0000][1][safepoint    ] Total time for which application threads were stopped: 0.0000288 seconds, Stopping threads took: 0.0000099 seconds
[2019-06-24T09:23:57.850+0000][1][safepoint    ] Application time: 0.0000526 seconds
[2019-06-24T09:23:57.850+0000][1][safepoint    ] Entering safepoint region: RevokeBias
[2019-06-24T09:23:57.850+0000][1][safepoint    ] Leaving safepoint region
[2019-06-24T09:23:57.850+0000][1][safepoint    ] Total time for which application threads were stopped: 0.0000421 seconds, Stopping threads took: 0.0000247 seconds
[2019-06-24T09:23:57.850+0000][1][safepoint    ] Application time: 0.0000918 seconds
[2019-06-24T09:23:57.850+0000][1][safepoint    ] Entering safepoint region: RevokeBias
[2019-06-24T09:23:57.850+0000][1][safepoint    ] Leaving safepoint region
[2019-06-24T09:23:57.850+0000][1][safepoint    ] Total time for which application threads were stopped: 0.0000481 seconds, Stopping threads took: 0.0000287 seconds
[2019-06-24T09:23:57.850+0000][1][safepoint    ] Application time: 0.0000445 seconds
[2019-06-24T09:23:57.850+0000][1][safepoint    ] Entering safepoint region: RevokeBias
[2019-06-24T09:23:57.850+0000][1][safepoint    ] Leaving safepoint region
[2019-06-24T09:23:57.850+0000][1][safepoint    ] Total time for which application threads were stopped: 0.0000349 seconds, Stopping threads took: 0.0000068 seconds
[2019-06-24T09:23:57.850+0000][1][safepoint    ] Application time: 0.0000699 seconds
[2019-06-24T09:23:57.850+0000][1][safepoint    ] Entering safepoint region: RevokeBias
[2019-06-24T09:23:57.850+0000][1][safepoint    ] Leaving safepoint region
[2019-06-24T09:23:57.850+0000][1][safepoint    ] Total time for which application threads were stopped: 0.0000514 seconds, Stopping threads took: 0.0000326 seconds
[2019-06-24T09:23:57.850+0000][1][safepoint    ] Application time: 0.0000693 seconds
[2019-06-24T09:23:57.850+0000][1][safepoint    ] Entering safepoint region: RevokeBias
[2019-06-24T09:23:57.850+0000][1][safepoint    ] Leaving safepoint region
[2019-06-24T09:23:57.850+0000][1][safepoint    ] Total time for which application threads were stopped: 0.0000467 seconds, Stopping threads took: 0.0000291 seconds
[2019-06-24T09:23:57.850+0000][1][safepoint    ] Application time: 0.0000425 seconds
[2019-06-24T09:23:57.850+0000][1][safepoint    ] Entering safepoint region: BulkRevokeBias
[2019-06-24T09:23:57.850+0000][1][safepoint    ] Leaving safepoint region
[2019-06-24T09:23:57.850+0000][1][safepoint    ] Total time for which application threads were stopped: 0.0000878 seconds, Stopping threads took: 0.0000067 seconds
[2019-06-24T09:23:57.851+0000][1][safepoint    ] Application time: 0.0008003 seconds
[2019-06-24T09:23:57.851+0000][1][safepoint    ] Entering safepoint region: GenCollectForAllocation
[2019-06-24T09:23:57.851+0000][1][gc,start     ] GC(21) Pause Young (Allocation Failure)
[2019-06-24T09:23:57.851+0000][1][gc,task      ] GC(21) Using 5 workers of 8 for evacuation
[2019-06-24T09:23:57.858+0000][1][gc,age       ] GC(21) Desired survivor size 4456448 bytes, new threshold 2 (max threshold 6)
[2019-06-24T09:23:57.858+0000][1][gc,age       ] GC(21) Age table with threshold 2 (max threshold 6)
[2019-06-24T09:23:57.858+0000][1][gc,age       ] GC(21) - age   1:    3825264 bytes,    3825264 total
[2019-06-24T09:23:57.858+0000][1][gc,age       ] GC(21) - age   2:    1438784 bytes,    5264048 total
[2019-06-24T09:23:57.858+0000][1][gc,heap      ] GC(21) ParNew: 77157K->7752K(78656K)
[2019-06-24T09:23:57.858+0000][1][gc,heap      ] GC(21) CMS: 59547K->62608K(174784K)
[2019-06-24T09:23:57.858+0000][1][gc,metaspace ] GC(21) Metaspace: 61623K->61623K(1105920K)
[2019-06-24T09:23:57.858+0000][1][gc           ] GC(21) Pause Young (Allocation Failure) 133M->68M(247M) 7.156ms
[2019-06-24T09:23:57.858+0000][1][gc,cpu       ] GC(21) User=0.03s Sys=0.00s Real=0.01s
[2019-06-24T09:23:57.858+0000][1][safepoint    ] Leaving safepoint region
[2019-06-24T09:23:57.858+0000][1][safepoint    ] Total time for which application threads were stopped: 0.0072716 seconds, Stopping threads took: 0.0000334 seconds
[2019-06-24T09:23:57.901+0000][1][safepoint    ] Application time: 0.0431149 seconds
[2019-06-24T09:23:57.902+0000][1][safepoint    ] Entering safepoint region: Deoptimize
[2019-06-24T09:23:57.902+0000][1][safepoint    ] Leaving safepoint region
[2019-06-24T09:23:57.902+0000][1][safepoint    ] Total time for which application threads were stopped: 0.0004782 seconds, Stopping threads took: 0.0000126 seconds
[2019-06-24T09:23:57.907+0000][1][safepoint    ] Application time: 0.0054823 seconds
[2019-06-24T09:23:57.908+0000][1][safepoint    ] Entering safepoint region: RevokeBias
[2019-06-24T09:23:57.908+0000][1][safepoint    ] Leaving safepoint region
[2019-06-24T09:23:57.908+0000][1][safepoint    ] Total time for which application threads were stopped: 0.0000686 seconds, Stopping threads took: 0.0000240 seconds
[2019-06-24T09:23:57.908+0000][1][safepoint    ] Application time: 0.0003186 seconds
[2019-06-24T09:23:57.908+0000][1][safepoint    ] Entering safepoint region: RevokeBias
[2019-06-24T09:23:57.908+0000][1][safepoint    ] Leaving safepoint region
[2019-06-24T09:23:57.908+0000][1][safepoint    ] Total time for which application threads were stopped: 0.0000651 seconds, Stopping threads took: 0.0000344 seconds
[2019-06-24T09:23:57.909+0000][1][safepoint    ] Application time: 0.0006186 seconds
[2019-06-24T09:23:57.909+0000][1][safepoint    ] Entering safepoint region: RevokeBias
[2019-06-24T09:23:57.909+0000][1][safepoint    ] Leaving safepoint region
[2019-06-24T09:23:57.909+0000][1][safepoint    ] Total time for which application threads were stopped: 0.0000405 seconds, Stopping threads took: 0.0000088 seconds
[2019-06-24T09:23:57.909+0000][1][safepoint    ] Application time: 0.0002670 seconds
[2019-06-24T09:23:57.909+0000][1][safepoint    ] Entering safepoint region: RevokeBias
[2019-06-24T09:23:57.909+0000][1][safepoint    ] Leaving safepoint region
[2019-06-24T09:23:57.909+0000][1][safepoint    ] Total time for which application threads were stopped: 0.0000453 seconds, Stopping threads took: 0.0000084 seconds
[2019-06-24T09:23:57.909+0000][1][safepoint    ] Application time: 0.0000387 seconds
[2019-06-24T09:23:57.909+0000][1][safepoint    ] Entering safepoint region: RevokeBias
[2019-06-24T09:23:57.909+0000][1][safepoint    ] Leaving safepoint region
[2019-06-24T09:23:57.909+0000][1][safepoint    ] Total time for which application threads were stopped: 0.0000381 seconds, Stopping threads took: 0.0000076 seconds
[2019-06-24T09:23:57.909+0000][1][safepoint    ] Application time: 0.0001344 seconds
[2019-06-24T09:23:57.909+0000][1][safepoint    ] Entering safepoint region: RevokeBias
[2019-06-24T09:23:57.909+0000][1][safepoint    ] Leaving safepoint region
[2019-06-24T09:23:57.909+0000][1][safepoint    ] Total time for which application threads were stopped: 0.0000395 seconds, Stopping threads took: 0.0000080 seconds
[2019-06-24T09:23:57.909+0000][1][safepoint    ] Application time: 0.0001414 seconds
[2019-06-24T09:23:57.909+0000][1][safepoint    ] Entering safepoint region: RevokeBias
[2019-06-24T09:23:57.909+0000][1][safepoint    ] Leaving safepoint region
[2019-06-24T09:23:57.909+0000][1][safepoint    ] Total time for which application threads were stopped: 0.0000361 seconds, Stopping threads took: 0.0000081 seconds
[2019-06-24T09:23:57.910+0000][1][safepoint    ] Application time: 0.0001148 seconds
[2019-06-24T09:23:57.910+0000][1][safepoint    ] Entering safepoint region: RevokeBias
[2019-06-24T09:23:57.910+0000][1][safepoint    ] Leaving safepoint region
[2019-06-24T09:23:57.910+0000][1][safepoint    ] Total time for which application threads were stopped: 0.0000381 seconds, Stopping threads took: 0.0000078 seconds
[2019-06-24T09:23:57.910+0000][1][safepoint    ] Application time: 0.0000351 seconds
[2019-06-24T09:23:57.910+0000][1][safepoint    ] Entering safepoint region: RevokeBias
[2019-06-24T09:23:57.910+0000][1][safepoint    ] Leaving safepoint region
[2019-06-24T09:23:57.910+0000][1][safepoint    ] Total time for which application threads were stopped: 0.0000359 seconds, Stopping threads took: 0.0000075 seconds
[2019-06-24T09:23:57.910+0000][1][safepoint    ] Application time: 0.0003981 seconds
[2019-06-24T09:23:57.910+0000][1][safepoint    ] Entering safepoint region: RevokeBias
[2019-06-24T09:23:57.910+0000][1][safepoint    ] Leaving safepoint region
[2019-06-24T09:23:57.910+0000][1][safepoint    ] Total time for which application threads were stopped: 0.0000380 seconds, Stopping threads took: 0.0000083 seconds
[2019-06-24T09:23:57.911+0000][1][safepoint    ] Application time: 0.0007426 seconds
[2019-06-24T09:23:57.911+0000][1][safepoint    ] Entering safepoint region: RevokeBias
[2019-06-24T09:23:57.911+0000][1][safepoint    ] Leaving safepoint region
[2019-06-24T09:23:57.911+0000][1][safepoint    ] Total time for which application threads were stopped: 0.0000450 seconds, Stopping threads took: 0.0000092 seconds
[2019-06-24T09:23:57.911+0000][1][safepoint    ] Application time: 0.0000838 seconds
[2019-06-24T09:23:57.911+0000][1][safepoint    ] Entering safepoint region: RevokeBias
[2019-06-24T09:23:57.911+0000][1][safepoint    ] Leaving safepoint region
[2019-06-24T09:23:57.911+0000][1][safepoint    ] Total time for which application threads were stopped: 0.0000380 seconds, Stopping threads took: 0.0000079 seconds
[2019-06-24T09:23:57.912+0000][1][safepoint    ] Application time: 0.0013263 seconds
[2019-06-24T09:23:57.913+0000][1][safepoint    ] Entering safepoint region: RevokeBias
[2019-06-24T09:23:57.913+0000][1][safepoint    ] Leaving safepoint region
[2019-06-24T09:23:57.913+0000][1][safepoint    ] Total time for which application threads were stopped: 0.0000791 seconds, Stopping threads took: 0.0000499 seconds
[2019-06-24T09:23:57.913+0000][1][safepoint    ] Application time: 0.0001087 seconds
[2019-06-24T09:23:57.913+0000][1][safepoint    ] Entering safepoint region: RevokeBias
[2019-06-24T09:23:57.913+0000][1][safepoint    ] Leaving safepoint region
[2019-06-24T09:23:57.913+0000][1][safepoint    ] Total time for which application threads were stopped: 0.0000436 seconds, Stopping threads took: 0.0000146 seconds
[2019-06-24T09:23:57.914+0000][1][safepoint    ] Application time: 0.0007599 seconds
[2019-06-24T09:23:57.914+0000][1][safepoint    ] Entering safepoint region: RevokeBias
[2019-06-24T09:23:57.914+0000][1][safepoint    ] Leaving safepoint region
[2019-06-24T09:23:57.914+0000][1][safepoint    ] Total time for which application threads were stopped: 0.0001550 seconds, Stopping threads took: 0.0001190 seconds
[2019-06-24T09:23:57.914+0000][1][safepoint    ] Application time: 0.0003543 seconds
[2019-06-24T09:23:57.914+0000][1][safepoint    ] Entering safepoint region: RevokeBias
[2019-06-24T09:23:57.914+0000][1][safepoint    ] Leaving safepoint region
[2019-06-24T09:23:57.914+0000][1][safepoint    ] Total time for which application threads were stopped: 0.0001721 seconds, Stopping threads took: 0.0001254 seconds
[2019-06-24T09:23:57.914+0000][1][safepoint    ] Application time: 0.0001777 seconds
[2019-06-24T09:23:57.915+0000][1][safepoint    ] Entering safepoint region: RevokeBias
[2019-06-24T09:23:57.915+0000][1][safepoint    ] Leaving safepoint region
[2019-06-24T09:23:57.915+0000][1][safepoint    ] Total time for which application threads were stopped: 0.0001452 seconds, Stopping threads took: 0.0001064 seconds
[2019-06-24T09:23:57.915+0000][1][safepoint    ] Application time: 0.0000789 seconds
[2019-06-24T09:23:57.915+0000][1][safepoint    ] Entering safepoint region: RevokeBias
[2019-06-24T09:23:57.915+0000][1][safepoint    ] Leaving safepoint region
[2019-06-24T09:23:57.915+0000][1][safepoint    ] Total time for which application threads were stopped: 0.0000810 seconds, Stopping threads took: 0.0000525 seconds
[2019-06-24T09:23:57.915+0000][1][safepoint    ] Application time: 0.0002639 seconds
[2019-06-24T09:23:57.915+0000][1][safepoint    ] Entering safepoint region: RevokeBias
[2019-06-24T09:23:57.915+0000][1][safepoint    ] Leaving safepoint region
[2019-06-24T09:23:57.915+0000][1][safepoint    ] Total time for which application threads were stopped: 0.0001184 seconds, Stopping threads took: 0.0000747 seconds
[2019-06-24T09:23:57.915+0000][1][safepoint    ] Application time: 0.0001426 seconds
[2019-06-24T09:23:57.915+0000][1][safepoint    ] Entering safepoint region: RevokeBias
[2019-06-24T09:23:57.915+0000][1][safepoint    ] Leaving safepoint region
[2019-06-24T09:23:57.915+0000][1][safepoint    ] Total time for which application threads were stopped: 0.0000647 seconds, Stopping threads took: 0.0000236 seconds
[2019-06-24T09:23:57.916+0000][1][safepoint    ] Application time: 0.0003258 seconds
[2019-06-24T09:23:57.916+0000][1][safepoint    ] Entering safepoint region: RevokeBias
[2019-06-24T09:23:57.916+0000][1][safepoint    ] Leaving safepoint region
[2019-06-24T09:23:57.916+0000][1][safepoint    ] Total time for which application threads were stopped: 0.0001073 seconds, Stopping threads took: 0.0000459 seconds
[2019-06-24T09:23:57.916+0000][1][safepoint    ] Application time: 0.0000856 seconds
[2019-06-24T09:23:57.916+0000][1][safepoint    ] Entering safepoint region: RevokeBias
[2019-06-24T09:23:57.916+0000][1][safepoint    ] Leaving safepoint region
[2019-06-24T09:23:57.916+0000][1][safepoint    ] Total time for which application threads were stopped: 0.0000652 seconds, Stopping threads took: 0.0000335 seconds
[2019-06-24T09:23:57.917+0000][1][safepoint    ] Application time: 0.0005465 seconds
[2019-06-24T09:23:57.917+0000][1][safepoint    ] Entering safepoint region: RevokeBias
[2019-06-24T09:23:57.917+0000][1][safepoint    ] Leaving safepoint region
[2019-06-24T09:23:57.917+0000][1][safepoint    ] Total time for which application threads were stopped: 0.0000677 seconds, Stopping threads took: 0.0000286 seconds
[2019-06-24T09:23:57.917+0000][1][safepoint    ] Application time: 0.0004154 seconds
[2019-06-24T09:23:57.917+0000][1][safepoint    ] Entering safepoint region: RevokeBias
[2019-06-24T09:23:57.917+0000][1][safepoint    ] Leaving safepoint region
[2019-06-24T09:23:57.917+0000][1][safepoint    ] Total time for which application threads were stopped: 0.0002030 seconds, Stopping threads took: 0.0001401 seconds
[2019-06-24T09:23:57.917+0000][1][safepoint    ] Application time: 0.0000814 seconds
[2019-06-24T09:23:57.917+0000][1][safepoint    ] Entering safepoint region: RevokeBias
[2019-06-24T09:23:57.918+0000][1][safepoint    ] Leaving safepoint region
[2019-06-24T09:23:57.918+0000][1][safepoint    ] Total time for which application threads were stopped: 0.0001294 seconds, Stopping threads took: 0.0000524 seconds
[2019-06-24T09:23:57.918+0000][1][safepoint    ] Application time: 0.0002883 seconds
[2019-06-24T09:23:57.918+0000][1][safepoint    ] Entering safepoint region: RevokeBias
[2019-06-24T09:23:57.918+0000][1][safepoint    ] Leaving safepoint region
[2019-06-24T09:23:57.918+0000][1][safepoint    ] Total time for which application threads were stopped: 0.0001539 seconds, Stopping threads took: 0.0001096 seconds
[2019-06-24T09:23:57.918+0000][1][safepoint    ] Application time: 0.0001323 seconds
[2019-06-24T09:23:57.918+0000][1][safepoint    ] Entering safepoint region: RevokeBias
[2019-06-24T09:23:57.918+0000][1][safepoint    ] Leaving safepoint region
[2019-06-24T09:23:57.918+0000][1][safepoint    ] Total time for which application threads were stopped: 0.0000560 seconds, Stopping threads took: 0.0000166 seconds
[2019-06-24T09:23:57.918+0000][1][safepoint    ] Application time: 0.0000847 seconds
[2019-06-24T09:23:57.918+0000][1][safepoint    ] Entering safepoint region: RevokeBias
[2019-06-24T09:23:57.918+0000][1][safepoint    ] Leaving safepoint region
[2019-06-24T09:23:57.918+0000][1][safepoint    ] Total time for which application threads were stopped: 0.0000592 seconds, Stopping threads took: 0.0000220 seconds
[2019-06-24T09:23:57.919+0000][1][safepoint    ] Application time: 0.0001854 seconds
[2019-06-24T09:23:57.919+0000][1][safepoint    ] Entering safepoint region: RevokeBias
[2019-06-24T09:23:57.919+0000][1][safepoint    ] Leaving safepoint region
[2019-06-24T09:23:57.919+0000][1][safepoint    ] Total time for which application threads were stopped: 0.0000831 seconds, Stopping threads took: 0.0000367 seconds
[2019-06-24T09:23:57.919+0000][1][safepoint    ] Application time: 0.0001467 seconds
[2019-06-24T09:23:57.919+0000][1][safepoint    ] Entering safepoint region: RevokeBias
[2019-06-24T09:23:57.919+0000][1][safepoint    ] Leaving safepoint region
[2019-06-24T09:23:57.919+0000][1][safepoint    ] Total time for which application threads were stopped: 0.0000593 seconds, Stopping threads took: 0.0000217 seconds
[2019-06-24T09:23:57.919+0000][1][safepoint    ] Application time: 0.0004271 seconds
[2019-06-24T09:23:57.919+0000][1][safepoint    ] Entering safepoint region: RevokeBias
[2019-06-24T09:23:57.919+0000][1][safepoint    ] Leaving safepoint region
[2019-06-24T09:23:57.919+0000][1][safepoint    ] Total time for which application threads were stopped: 0.0000700 seconds, Stopping threads took: 0.0000336 seconds
[2019-06-24T09:23:57.920+0000][1][safepoint    ] Application time: 0.0000869 seconds
[2019-06-24T09:23:57.920+0000][1][safepoint    ] Entering safepoint region: RevokeBias
[2019-06-24T09:23:57.920+0000][1][safepoint    ] Leaving safepoint region
[2019-06-24T09:23:57.920+0000][1][safepoint    ] Total time for which application threads were stopped: 0.0001020 seconds, Stopping threads took: 0.0000501 seconds
[2019-06-24T09:23:57.920+0000][1][safepoint    ] Application time: 0.0001275 seconds
[2019-06-24T09:23:57.920+0000][1][safepoint    ] Entering safepoint region: RevokeBias
[2019-06-24T09:23:57.920+0000][1][safepoint    ] Leaving safepoint region
[2019-06-24T09:23:57.920+0000][1][safepoint    ] Total time for which application threads were stopped: 0.0000661 seconds, Stopping threads took: 0.0000273 seconds
[2019-06-24T09:23:57.920+0000][1][safepoint    ] Application time: 0.0004209 seconds
[2019-06-24T09:23:57.920+0000][1][safepoint    ] Entering safepoint region: RevokeBias
[2019-06-24T09:23:57.920+0000][1][safepoint    ] Leaving safepoint region
[2019-06-24T09:23:57.920+0000][1][safepoint    ] Total time for which application threads were stopped: 0.0000652 seconds, Stopping threads took: 0.0000276 seconds
[2019-06-24T09:23:57.921+0000][1][safepoint    ] Application time: 0.0001678 seconds
[2019-06-24T09:23:57.921+0000][1][safepoint    ] Entering safepoint region: RevokeBias
[2019-06-24T09:23:57.921+0000][1][safepoint    ] Leaving safepoint region
[2019-06-24T09:23:57.921+0000][1][safepoint    ] Total time for which application threads were stopped: 0.0000734 seconds, Stopping threads took: 0.0000377 seconds
[2019-06-24T09:23:57.921+0000][1][safepoint    ] Application time: 0.0001635 seconds
[2019-06-24T09:23:57.921+0000][1][safepoint    ] Entering safepoint region: RevokeBias
[2019-06-24T09:23:57.921+0000][1][safepoint    ] Leaving safepoint region
[2019-06-24T09:23:57.921+0000][1][safepoint    ] Total time for which application threads were stopped: 0.0001181 seconds, Stopping threads took: 0.0000824 seconds
[2019-06-24T09:23:57.921+0000][1][safepoint    ] Application time: 0.0001238 seconds
[2019-06-24T09:23:57.921+0000][1][safepoint    ] Entering safepoint region: RevokeBias
[2019-06-24T09:23:57.921+0000][1][safepoint    ] Leaving safepoint region
[2019-06-24T09:23:57.921+0000][1][safepoint    ] Total time for which application threads were stopped: 0.0000842 seconds, Stopping threads took: 0.0000538 seconds
[2019-06-24T09:23:57.921+0000][1][safepoint    ] Application time: 0.0000587 seconds
[2019-06-24T09:23:57.921+0000][1][safepoint    ] Entering safepoint region: RevokeBias
[2019-06-24T09:23:57.921+0000][1][safepoint    ] Leaving safepoint region
[2019-06-24T09:23:57.921+0000][1][safepoint    ] Total time for which application threads were stopped: 0.0000561 seconds, Stopping threads took: 0.0000256 seconds
[2019-06-24T09:23:57.921+0000][1][safepoint    ] Application time: 0.0000909 seconds
[2019-06-24T09:23:57.921+0000][1][safepoint    ] Entering safepoint region: RevokeBias
[2019-06-24T09:23:57.921+0000][1][safepoint    ] Leaving safepoint region
[2019-06-24T09:23:57.921+0000][1][safepoint    ] Total time for which application threads were stopped: 0.0000718 seconds, Stopping threads took: 0.0000454 seconds
[2019-06-24T09:23:57.922+0000][1][safepoint    ] Application time: 0.0001171 seconds
[2019-06-24T09:23:57.922+0000][1][safepoint    ] Entering safepoint region: RevokeBias
[2019-06-24T09:23:57.922+0000][1][safepoint    ] Leaving safepoint region
[2019-06-24T09:23:57.922+0000][1][safepoint    ] Total time for which application threads were stopped: 0.0000482 seconds, Stopping threads took: 0.0000241 seconds
[2019-06-24T09:23:57.922+0000][1][safepoint    ] Application time: 0.0001087 seconds
[2019-06-24T09:23:57.922+0000][1][safepoint    ] Entering safepoint region: RevokeBias
[2019-06-24T09:23:57.922+0000][1][safepoint    ] Leaving safepoint region
[2019-06-24T09:23:57.922+0000][1][safepoint    ] Total time for which application threads were stopped: 0.0000476 seconds, Stopping threads took: 0.0000237 seconds
[2019-06-24T09:23:57.925+0000][1][safepoint    ] Application time: 0.0031304 seconds
[2019-06-24T09:23:57.925+0000][1][safepoint    ] Entering safepoint region: RevokeBias
[2019-06-24T09:23:57.925+0000][1][safepoint    ] Leaving safepoint region
[2019-06-24T09:23:57.925+0000][1][safepoint    ] Total time for which application threads were stopped: 0.0000485 seconds, Stopping threads took: 0.0000107 seconds
[2019-06-24T09:23:57.931+0000][1][safepoint    ] Application time: 0.0060371 seconds
[2019-06-24T09:23:57.931+0000][1][safepoint    ] Entering safepoint region: RevokeBias
[2019-06-24T09:23:57.931+0000][1][safepoint    ] Leaving safepoint region
[2019-06-24T09:23:57.931+0000][1][safepoint    ] Total time for which application threads were stopped: 0.0000436 seconds, Stopping threads took: 0.0000116 seconds
[2019-06-24T09:23:57.931+0000][1][safepoint    ] Application time: 0.0001560 seconds
[2019-06-24T09:23:57.931+0000][1][safepoint    ] Entering safepoint region: BulkRevokeBias
[2019-06-24T09:23:57.931+0000][1][safepoint    ] Leaving safepoint region
[2019-06-24T09:23:57.931+0000][1][safepoint    ] Total time for which application threads were stopped: 0.0001209 seconds, Stopping threads took: 0.0000094 seconds
[2019-06-24T09:23:58.478+0000][1][safepoint    ] Application time: 0.5465629 seconds
[2019-06-24T09:23:58.478+0000][1][safepoint    ] Entering safepoint region: RevokeBias
[2019-06-24T09:23:58.478+0000][1][safepoint    ] Leaving safepoint region
[2019-06-24T09:23:58.478+0000][1][safepoint    ] Total time for which application threads were stopped: 0.0001290 seconds, Stopping threads took: 0.0000347 seconds
[2019-06-24T09:23:58.479+0000][1][safepoint    ] Application time: 0.0002804 seconds
[2019-06-24T09:23:58.479+0000][1][safepoint    ] Entering safepoint region: RevokeBias
[2019-06-24T09:23:58.479+0000][1][safepoint    ] Leaving safepoint region
[2019-06-24T09:23:58.479+0000][1][safepoint    ] Total time for which application threads were stopped: 0.0001090 seconds, Stopping threads took: 0.0000318 seconds
[2019-06-24T09:23:58.813+0000][1][safepoint    ] Application time: 0.3344482 seconds
[2019-06-24T09:23:58.813+0000][1][safepoint    ] Entering safepoint region: RevokeBias
[2019-06-24T09:23:58.813+0000][1][safepoint    ] Leaving safepoint region
[2019-06-24T09:23:58.813+0000][1][safepoint    ] Total time for which application threads were stopped: 0.0001272 seconds, Stopping threads took: 0.0000367 seconds
[2019-06-24T09:23:58.814+0000][1][safepoint    ] Application time: 0.0002991 seconds
[2019-06-24T09:23:58.814+0000][1][safepoint    ] Entering safepoint region: RevokeBias
[2019-06-24T09:23:58.814+0000][1][safepoint    ] Leaving safepoint region
[2019-06-24T09:23:58.814+0000][1][safepoint    ] Total time for which application threads were stopped: 0.0000896 seconds, Stopping threads took: 0.0000310 seconds
[2019-06-24T09:23:58.814+0000][1][safepoint    ] Application time: 0.0002937 seconds
[2019-06-24T09:23:58.814+0000][1][safepoint    ] Entering safepoint region: RevokeBias
[2019-06-24T09:23:58.814+0000][1][safepoint    ] Leaving safepoint region
[2019-06-24T09:23:58.814+0000][1][safepoint    ] Total time for which application threads were stopped: 0.0000891 seconds, Stopping threads took: 0.0000306 seconds
[2019-06-24T09:23:58.815+0000][1][safepoint    ] Application time: 0.0003367 seconds
[2019-06-24T09:23:58.815+0000][1][safepoint    ] Entering safepoint region: RevokeBias
[2019-06-24T09:23:58.815+0000][1][safepoint    ] Leaving safepoint region
[2019-06-24T09:23:58.815+0000][1][safepoint    ] Total time for which application threads were stopped: 0.0000879 seconds, Stopping threads took: 0.0000301 seconds
[2019-06-24T09:23:58.815+0000][1][safepoint    ] Application time: 0.0002713 seconds
[2019-06-24T09:23:58.815+0000][1][safepoint    ] Entering safepoint region: RevokeBias
[2019-06-24T09:23:58.815+0000][1][safepoint    ] Leaving safepoint region
[2019-06-24T09:23:58.815+0000][1][safepoint    ] Total time for which application threads were stopped: 0.0000885 seconds, Stopping threads took: 0.0000301 seconds
[2019-06-24T09:23:58.816+0000][1][safepoint    ] Application time: 0.0002805 seconds
[2019-06-24T09:23:58.816+0000][1][safepoint    ] Entering safepoint region: RevokeBias
[2019-06-24T09:23:58.816+0000][1][safepoint    ] Leaving safepoint region
[2019-06-24T09:23:58.816+0000][1][safepoint    ] Total time for which application threads were stopped: 0.0000888 seconds, Stopping threads took: 0.0000305 seconds
[2019-06-24T09:23:58.816+0000][1][safepoint    ] Application time: 0.0002685 seconds
[2019-06-24T09:23:58.816+0000][1][safepoint    ] Entering safepoint region: RevokeBias
[2019-06-24T09:23:58.816+0000][1][safepoint    ] Leaving safepoint region
[2019-06-24T09:23:58.816+0000][1][safepoint    ] Total time for which application threads were stopped: 0.0000890 seconds, Stopping threads took: 0.0000306 seconds
[2019-06-24T09:23:58.816+0000][1][safepoint    ] Application time: 0.0002139 seconds
[2019-06-24T09:23:58.816+0000][1][safepoint    ] Entering safepoint region: RevokeBias
[2019-06-24T09:23:58.816+0000][1][safepoint    ] Leaving safepoint region
[2019-06-24T09:23:58.816+0000][1][safepoint    ] Total time for which application threads were stopped: 0.0000659 seconds, Stopping threads took: 0.0000222 seconds
[2019-06-24T09:23:58.824+0000][1][safepoint    ] Application time: 0.0074688 seconds
[2019-06-24T09:23:58.824+0000][1][safepoint    ] Entering safepoint region: RevokeBias
[2019-06-24T09:23:58.824+0000][1][safepoint    ] Leaving safepoint region
[2019-06-24T09:23:58.824+0000][1][safepoint    ] Total time for which application threads were stopped: 0.0000527 seconds, Stopping threads took: 0.0000172 seconds
[2019-06-24T09:23:58.825+0000][1][safepoint    ] Application time: 0.0008802 seconds
[2019-06-24T09:23:58.825+0000][1][safepoint    ] Entering safepoint region: RevokeBias
[2019-06-24T09:23:58.825+0000][1][safepoint    ] Leaving safepoint region
[2019-06-24T09:23:58.825+0000][1][safepoint    ] Total time for which application threads were stopped: 0.0000882 seconds, Stopping threads took: 0.0000484 seconds
[2019-06-24T09:23:58.825+0000][1][safepoint    ] Application time: 0.0003423 seconds
[2019-06-24T09:23:58.826+0000][1][safepoint    ] Entering safepoint region: RevokeBias
[2019-06-24T09:23:58.826+0000][1][safepoint    ] Leaving safepoint region
[2019-06-24T09:23:58.826+0000][1][safepoint    ] Total time for which application threads were stopped: 0.0001643 seconds, Stopping threads took: 0.0001216 seconds
[2019-06-24T09:23:58.826+0000][1][safepoint    ] Application time: 0.0005933 seconds
[2019-06-24T09:23:58.826+0000][1][safepoint    ] Entering safepoint region: RevokeBias
[2019-06-24T09:23:58.826+0000][1][safepoint    ] Leaving safepoint region
[2019-06-24T09:23:58.826+0000][1][safepoint    ] Total time for which application threads were stopped: 0.0000559 seconds, Stopping threads took: 0.0000142 seconds
[2019-06-24T09:23:58.826+0000][1][safepoint    ] Application time: 0.0000619 seconds
[2019-06-24T09:23:58.826+0000][1][safepoint    ] Entering safepoint region: RevokeBias
[2019-06-24T09:23:58.826+0000][1][safepoint    ] Leaving safepoint region
[2019-06-24T09:23:58.826+0000][1][safepoint    ] Total time for which application threads were stopped: 0.0000432 seconds, Stopping threads took: 0.0000111 seconds
[2019-06-24T09:23:58.828+0000][1][safepoint    ] Application time: 0.0019558 seconds
[2019-06-24T09:23:58.828+0000][1][safepoint    ] Entering safepoint region: RevokeBias
[2019-06-24T09:23:58.828+0000][1][safepoint    ] Leaving safepoint region
[2019-06-24T09:23:58.828+0000][1][safepoint    ] Total time for which application threads were stopped: 0.0000574 seconds, Stopping threads took: 0.0000166 seconds
[2019-06-24T09:23:58.837+0000][1][safepoint    ] Application time: 0.0087547 seconds
[2019-06-24T09:23:58.837+0000][1][safepoint    ] Entering safepoint region: RevokeBias
[2019-06-24T09:23:58.837+0000][1][safepoint    ] Leaving safepoint region
[2019-06-24T09:23:58.837+0000][1][safepoint    ] Total time for which application threads were stopped: 0.0000722 seconds, Stopping threads took: 0.0000200 seconds
[2019-06-24T09:23:58.837+0000][1][safepoint    ] Application time: 0.0000742 seconds
[2019-06-24T09:23:58.837+0000][1][safepoint    ] Entering safepoint region: RevokeBias
[2019-06-24T09:23:58.837+0000][1][safepoint    ] Leaving safepoint region
[2019-06-24T09:23:58.837+0000][1][safepoint    ] Total time for which application threads were stopped: 0.0000459 seconds, Stopping threads took: 0.0000148 seconds
[2019-06-24T09:23:58.838+0000][1][safepoint    ] Application time: 0.0000992 seconds
[2019-06-24T09:23:58.838+0000][1][safepoint    ] Entering safepoint region: RevokeBias
[2019-06-24T09:23:58.838+0000][1][safepoint    ] Leaving safepoint region
[2019-06-24T09:23:58.838+0000][1][safepoint    ] Total time for which application threads were stopped: 0.0000794 seconds, Stopping threads took: 0.0000535 seconds
[2019-06-24T09:23:58.838+0000][1][safepoint    ] Application time: 0.0005830 seconds
[2019-06-24T09:23:58.838+0000][1][safepoint    ] Entering safepoint region: RevokeBias
[2019-06-24T09:23:58.838+0000][1][safepoint    ] Leaving safepoint region
[2019-06-24T09:23:58.838+0000][1][safepoint    ] Total time for which application threads were stopped: 0.0000477 seconds, Stopping threads took: 0.0000142 seconds
[2019-06-24T09:23:58.838+0000][1][safepoint    ] Application time: 0.0000692 seconds
[2019-06-24T09:23:58.838+0000][1][safepoint    ] Entering safepoint region: RevokeBias
[2019-06-24T09:23:58.839+0000][1][safepoint    ] Leaving safepoint region
[2019-06-24T09:23:58.839+0000][1][safepoint    ] Total time for which application threads were stopped: 0.0000862 seconds, Stopping threads took: 0.0000505 seconds
[2019-06-24T09:23:58.839+0000][1][safepoint    ] Application time: 0.0000902 seconds
[2019-06-24T09:23:58.839+0000][1][safepoint    ] Entering safepoint region: RevokeBias
[2019-06-24T09:23:58.839+0000][1][safepoint    ] Leaving safepoint region
[2019-06-24T09:23:58.839+0000][1][safepoint    ] Total time for which application threads were stopped: 0.0000454 seconds, Stopping threads took: 0.0000136 seconds
[2019-06-24T09:23:58.839+0000][1][safepoint    ] Application time: 0.0004349 seconds
[2019-06-24T09:23:58.839+0000][1][safepoint    ] Entering safepoint region: RevokeBias
[2019-06-24T09:23:58.839+0000][1][safepoint    ] Leaving safepoint region
[2019-06-24T09:23:58.839+0000][1][safepoint    ] Total time for which application threads were stopped: 0.0000471 seconds, Stopping threads took: 0.0000136 seconds
[2019-06-24T09:23:58.840+0000][1][safepoint    ] Application time: 0.0005794 seconds
[2019-06-24T09:23:58.840+0000][1][safepoint    ] Entering safepoint region: RevokeBias
[2019-06-24T09:23:58.840+0000][1][safepoint    ] Leaving safepoint region
[2019-06-24T09:23:58.840+0000][1][safepoint    ] Total time for which application threads were stopped: 0.0000428 seconds, Stopping threads took: 0.0000103 seconds
[2019-06-24T09:23:58.840+0000][1][safepoint    ] Application time: 0.0001294 seconds
[2019-06-24T09:23:58.840+0000][1][safepoint    ] Entering safepoint region: BulkRevokeBias
[2019-06-24T09:23:58.840+0000][1][safepoint    ] Leaving safepoint region
[2019-06-24T09:23:58.840+0000][1][safepoint    ] Total time for which application threads were stopped: 0.0001239 seconds, Stopping threads took: 0.0000353 seconds
[2019-06-24T09:23:58.840+0000][1][safepoint    ] Application time: 0.0000597 seconds
[2019-06-24T09:23:58.840+0000][1][safepoint    ] Entering safepoint region: RevokeBias
[2019-06-24T09:23:58.840+0000][1][safepoint    ] Leaving safepoint region
[2019-06-24T09:23:58.840+0000][1][safepoint    ] Total time for which application threads were stopped: 0.0000272 seconds, Stopping threads took: 0.0000090 seconds
[2019-06-24T09:23:58.841+0000][1][safepoint    ] Application time: 0.0003177 seconds
[2019-06-24T09:23:58.841+0000][1][safepoint    ] Entering safepoint region: RevokeBias
[2019-06-24T09:23:58.841+0000][1][safepoint    ] Leaving safepoint region
[2019-06-24T09:23:58.841+0000][1][safepoint    ] Total time for which application threads were stopped: 0.0000373 seconds, Stopping threads took: 0.0000094 seconds
[2019-06-24T09:23:58.841+0000][1][safepoint    ] Application time: 0.0002210 seconds
[2019-06-24T09:23:58.841+0000][1][safepoint    ] Entering safepoint region: RevokeBias
[2019-06-24T09:23:58.841+0000][1][safepoint    ] Leaving safepoint region
[2019-06-24T09:23:58.841+0000][1][safepoint    ] Total time for which application threads were stopped: 0.0000622 seconds, Stopping threads took: 0.0000375 seconds
[2019-06-24T09:23:58.842+0000][1][safepoint    ] Application time: 0.0011298 seconds
[2019-06-24T09:23:58.842+0000][1][safepoint    ] Entering safepoint region: RevokeBias
[2019-06-24T09:23:58.842+0000][1][safepoint    ] Leaving safepoint region
[2019-06-24T09:23:58.842+0000][1][safepoint    ] Total time for which application threads were stopped: 0.0000594 seconds, Stopping threads took: 0.0000274 seconds
[2019-06-24T09:23:58.842+0000][1][safepoint    ] Application time: 0.0001521 seconds
[2019-06-24T09:23:58.842+0000][1][safepoint    ] Entering safepoint region: RevokeBias
[2019-06-24T09:23:58.842+0000][1][safepoint    ] Leaving safepoint region
[2019-06-24T09:23:58.842+0000][1][safepoint    ] Total time for which application threads were stopped: 0.0000521 seconds, Stopping threads took: 0.0000257 seconds
[2019-06-24T09:23:58.843+0000][1][safepoint    ] Application time: 0.0001420 seconds
[2019-06-24T09:23:58.843+0000][1][safepoint    ] Entering safepoint region: RevokeBias
[2019-06-24T09:23:58.843+0000][1][safepoint    ] Leaving safepoint region
[2019-06-24T09:23:58.843+0000][1][safepoint    ] Total time for which application threads were stopped: 0.0000584 seconds, Stopping threads took: 0.0000257 seconds
[2019-06-24T09:23:58.843+0000][1][safepoint    ] Application time: 0.0000715 seconds
[2019-06-24T09:23:58.843+0000][1][safepoint    ] Entering safepoint region: RevokeBias
[2019-06-24T09:23:58.843+0000][1][safepoint    ] Leaving safepoint region
[2019-06-24T09:23:58.843+0000][1][safepoint    ] Total time for which application threads were stopped: 0.0000699 seconds, Stopping threads took: 0.0000407 seconds
[2019-06-24T09:23:58.844+0000][1][safepoint    ] Application time: 0.0016643 seconds
[2019-06-24T09:23:58.845+0000][1][safepoint    ] Entering safepoint region: RevokeBias
[2019-06-24T09:23:58.845+0000][1][safepoint    ] Leaving safepoint region
[2019-06-24T09:23:58.845+0000][1][safepoint    ] Total time for which application threads were stopped: 0.0000746 seconds, Stopping threads took: 0.0000389 seconds
[2019-06-24T09:23:58.845+0000][1][safepoint    ] Application time: 0.0000684 seconds
[2019-06-24T09:23:58.845+0000][1][safepoint    ] Entering safepoint region: RevokeBias
[2019-06-24T09:23:58.845+0000][1][safepoint    ] Leaving safepoint region
[2019-06-24T09:23:58.845+0000][1][safepoint    ] Total time for which application threads were stopped: 0.0000473 seconds, Stopping threads took: 0.0000247 seconds
[2019-06-24T09:23:58.845+0000][1][safepoint    ] Application time: 0.0000495 seconds
[2019-06-24T09:23:58.845+0000][1][safepoint    ] Entering safepoint region: RevokeBias
[2019-06-24T09:23:58.845+0000][1][safepoint    ] Leaving safepoint region
[2019-06-24T09:23:58.845+0000][1][safepoint    ] Total time for which application threads were stopped: 0.0000292 seconds, Stopping threads took: 0.0000086 seconds
[2019-06-24T09:23:58.845+0000][1][safepoint    ] Application time: 0.0002202 seconds
[2019-06-24T09:23:58.845+0000][1][safepoint    ] Entering safepoint region: RevokeBias
[2019-06-24T09:23:58.845+0000][1][safepoint    ] Leaving safepoint region
[2019-06-24T09:23:58.845+0000][1][safepoint    ] Total time for which application threads were stopped: 0.0000886 seconds, Stopping threads took: 0.0000554 seconds
[2019-06-24T09:23:58.845+0000][1][safepoint    ] Application time: 0.0000858 seconds
[2019-06-24T09:23:58.845+0000][1][safepoint    ] Entering safepoint region: RevokeBias
[2019-06-24T09:23:58.845+0000][1][safepoint    ] Leaving safepoint region
[2019-06-24T09:23:58.845+0000][1][safepoint    ] Total time for which application threads were stopped: 0.0000713 seconds, Stopping threads took: 0.0000488 seconds
[2019-06-24T09:23:58.845+0000][1][safepoint    ] Application time: 0.0000466 seconds
[2019-06-24T09:23:58.845+0000][1][safepoint    ] Entering safepoint region: RevokeBias
[2019-06-24T09:23:58.845+0000][1][safepoint    ] Leaving safepoint region
[2019-06-24T09:23:58.845+0000][1][safepoint    ] Total time for which application threads were stopped: 0.0000758 seconds, Stopping threads took: 0.0000579 seconds
[2019-06-24T09:23:58.846+0000][1][safepoint    ] Application time: 0.0001904 seconds
[2019-06-24T09:23:58.846+0000][1][safepoint    ] Entering safepoint region: RevokeBias
[2019-06-24T09:23:58.846+0000][1][safepoint    ] Leaving safepoint region
[2019-06-24T09:23:58.846+0000][1][safepoint    ] Total time for which application threads were stopped: 0.0000539 seconds, Stopping threads took: 0.0000269 seconds
[2019-06-24T09:23:58.848+0000][1][gc,heap,exit ] Heap
[2019-06-24T09:23:58.848+0000][1][gc,heap,exit ]  par new generation   total 78656K, used 26319K [0x00000000f0000000, 0x00000000f5550000, 0x00000000f5550000)
[2019-06-24T09:23:58.848+0000][1][gc,heap,exit ]   eden space 69952K,  26% used [0x00000000f0000000, 0x00000000f1221e60, 0x00000000f4450000)
[2019-06-24T09:23:58.848+0000][1][gc,heap,exit ]   from space 8704K,  89% used [0x00000000f4450000, 0x00000000f4be2100, 0x00000000f4cd0000)
[2019-06-24T09:23:58.848+0000][1][gc,heap,exit ]   to   space 8704K,   0% used [0x00000000f4cd0000, 0x00000000f4cd0000, 0x00000000f5550000)
[2019-06-24T09:23:58.848+0000][1][gc,heap,exit ]  concurrent mark-sweep generation total 174784K, used 62608K [0x00000000f5550000, 0x0000000100000000, 0x0000000100000000)
[2019-06-24T09:23:58.848+0000][1][gc,heap,exit ]  Metaspace       used 63108K, capacity 67878K, committed 68172K, reserved 1107968K
[2019-06-24T09:23:58.848+0000][1][gc,heap,exit ]   class space    used 8590K, capacity 10561K, committed 10632K, reserved 1048576K
[2019-06-24T09:23:58.848+0000][1][safepoint    ] Application time: 0.0026753 seconds
[2019-06-24T09:23:58.848+0000][1][safepoint    ] Entering safepoint region: Halt
