[2019-06-24T09:19:19.943+0000][1][gc] Using Concurrent Mark Sweep
[2019-06-24T09:19:19.943+0000][1][gc,heap,coops] Heap address: 0x00000000f0000000, size: 256 MB, Compressed Oops mode: 32-bit
[2019-06-24T09:19:19.989+0000][1][safepoint    ] Entering safepoint region: EnableBiasedLocking
[2019-06-24T09:19:19.989+0000][1][safepoint    ] Leaving safepoint region
[2019-06-24T09:19:19.989+0000][1][safepoint    ] Total time for which application threads were stopped: 0.0001091 seconds, Stopping threads took: 0.0000384 seconds
[2019-06-24T09:19:19.993+0000][1][safepoint    ] Application time: 0.0032946 seconds
[2019-06-24T09:19:19.993+0000][1][safepoint    ] Entering safepoint region: RevokeBias
[2019-06-24T09:19:19.993+0000][1][safepoint    ] Leaving safepoint region
[2019-06-24T09:19:19.993+0000][1][safepoint    ] Total time for which application threads were stopped: 0.0000821 seconds, Stopping threads took: 0.0000287 seconds
[2019-06-24T09:19:20.002+0000][1][safepoint    ] Application time: 0.0094605 seconds
[2019-06-24T09:19:20.002+0000][1][safepoint    ] Entering safepoint region: Deoptimize
[2019-06-24T09:19:20.002+0000][1][safepoint    ] Leaving safepoint region
[2019-06-24T09:19:20.002+0000][1][safepoint    ] Total time for which application threads were stopped: 0.0000668 seconds, Stopping threads took: 0.0000147 seconds
[2019-06-24T09:19:20.095+0000][1][safepoint    ] Application time: 0.0927547 seconds
[2019-06-24T09:19:20.095+0000][1][safepoint    ] Entering safepoint region: RevokeBias
[2019-06-24T09:19:20.095+0000][1][safepoint    ] Leaving safepoint region
[2019-06-24T09:19:20.095+0000][1][safepoint    ] Total time for which application threads were stopped: 0.0000711 seconds, Stopping threads took: 0.0000117 seconds
[2019-06-24T09:19:20.119+0000][1][safepoint    ] Application time: 0.0242715 seconds
[2019-06-24T09:19:20.120+0000][1][safepoint    ] Entering safepoint region: Deoptimize
[2019-06-24T09:19:20.120+0000][1][safepoint    ] Leaving safepoint region
[2019-06-24T09:19:20.120+0000][1][safepoint    ] Total time for which application threads were stopped: 0.0000605 seconds, Stopping threads took: 0.0000082 seconds
[2019-06-24T09:19:20.335+0000][1][safepoint    ] Application time: 0.2154812 seconds
[2019-06-24T09:19:20.335+0000][1][safepoint    ] Entering safepoint region: Deoptimize
[2019-06-24T09:19:20.335+0000][1][safepoint    ] Leaving safepoint region
[2019-06-24T09:19:20.335+0000][1][safepoint    ] Total time for which application threads were stopped: 0.0001545 seconds, Stopping threads took: 0.0000116 seconds
[2019-06-24T09:19:20.355+0000][1][safepoint    ] Application time: 0.0198688 seconds
[2019-06-24T09:19:20.355+0000][1][safepoint    ] Entering safepoint region: Deoptimize
[2019-06-24T09:19:20.355+0000][1][safepoint    ] Leaving safepoint region
[2019-06-24T09:19:20.355+0000][1][safepoint    ] Total time for which application threads were stopped: 0.0000949 seconds, Stopping threads took: 0.0000081 seconds
[2019-06-24T09:19:20.380+0000][1][safepoint    ] Application time: 0.0244047 seconds
[2019-06-24T09:19:20.380+0000][1][safepoint    ] Entering safepoint region: Deoptimize
[2019-06-24T09:19:20.380+0000][1][safepoint    ] Leaving safepoint region
[2019-06-24T09:19:20.380+0000][1][safepoint    ] Total time for which application threads were stopped: 0.0001169 seconds, Stopping threads took: 0.0000082 seconds
[2019-06-24T09:19:20.390+0000][1][safepoint    ] Application time: 0.0098597 seconds
[2019-06-24T09:19:20.390+0000][1][safepoint    ] Entering safepoint region: Deoptimize
[2019-06-24T09:19:20.390+0000][1][safepoint    ] Leaving safepoint region
[2019-06-24T09:19:20.390+0000][1][safepoint    ] Total time for which application threads were stopped: 0.0001035 seconds, Stopping threads took: 0.0000085 seconds
[2019-06-24T09:19:20.715+0000][1][safepoint    ] Application time: 0.3248071 seconds
[2019-06-24T09:19:20.715+0000][1][safepoint    ] Entering safepoint region: Deoptimize
[2019-06-24T09:19:20.715+0000][1][safepoint    ] Leaving safepoint region
[2019-06-24T09:19:20.715+0000][1][safepoint    ] Total time for which application threads were stopped: 0.0002801 seconds, Stopping threads took: 0.0000090 seconds
[2019-06-24T09:19:20.923+0000][1][safepoint    ] Application time: 0.2078871 seconds
[2019-06-24T09:19:20.923+0000][1][safepoint    ] Entering safepoint region: RevokeBias
[2019-06-24T09:19:20.923+0000][1][safepoint    ] Leaving safepoint region
[2019-06-24T09:19:20.923+0000][1][safepoint    ] Total time for which application threads were stopped: 0.0001394 seconds, Stopping threads took: 0.0000158 seconds
[2019-06-24T09:19:21.007+0000][1][safepoint    ] Application time: 0.0843941 seconds
[2019-06-24T09:19:21.007+0000][1][safepoint    ] Entering safepoint region: Deoptimize
[2019-06-24T09:19:21.008+0000][1][safepoint    ] Leaving safepoint region
[2019-06-24T09:19:21.008+0000][1][safepoint    ] Total time for which application threads were stopped: 0.0001749 seconds, Stopping threads took: 0.0000084 seconds
[2019-06-24T09:19:21.115+0000][1][safepoint    ] Application time: 0.1070470 seconds
[2019-06-24T09:19:21.115+0000][1][safepoint    ] Entering safepoint region: Deoptimize
[2019-06-24T09:19:21.115+0000][1][safepoint    ] Leaving safepoint region
[2019-06-24T09:19:21.115+0000][1][safepoint    ] Total time for which application threads were stopped: 0.0001781 seconds, Stopping threads took: 0.0000085 seconds
[2019-06-24T09:19:21.115+0000][1][safepoint    ] Application time: 0.0001143 seconds
[2019-06-24T09:19:21.115+0000][1][safepoint    ] Entering safepoint region: Deoptimize
[2019-06-24T09:19:21.115+0000][1][safepoint    ] Leaving safepoint region
[2019-06-24T09:19:21.115+0000][1][safepoint    ] Total time for which application threads were stopped: 0.0001092 seconds, Stopping threads took: 0.0000070 seconds
[2019-06-24T09:19:21.129+0000][1][safepoint    ] Application time: 0.0136354 seconds
[2019-06-24T09:19:21.129+0000][1][safepoint    ] Entering safepoint region: Deoptimize
[2019-06-24T09:19:21.129+0000][1][safepoint    ] Leaving safepoint region
[2019-06-24T09:19:21.129+0000][1][safepoint    ] Total time for which application threads were stopped: 0.0001475 seconds, Stopping threads took: 0.0000098 seconds
[2019-06-24T09:19:21.137+0000][1][safepoint    ] Application time: 0.0078091 seconds
[2019-06-24T09:19:21.137+0000][1][safepoint    ] Entering safepoint region: Deoptimize
[2019-06-24T09:19:21.137+0000][1][safepoint    ] Leaving safepoint region
[2019-06-24T09:19:21.137+0000][1][safepoint    ] Total time for which application threads were stopped: 0.0001502 seconds, Stopping threads took: 0.0000089 seconds
[2019-06-24T09:19:21.144+0000][1][safepoint    ] Application time: 0.0065623 seconds
[2019-06-24T09:19:21.144+0000][1][safepoint    ] Entering safepoint region: RevokeBias
[2019-06-24T09:19:21.144+0000][1][safepoint    ] Leaving safepoint region
[2019-06-24T09:19:21.144+0000][1][safepoint    ] Total time for which application threads were stopped: 0.0000517 seconds, Stopping threads took: 0.0000203 seconds
[2019-06-24T09:19:21.144+0000][1][safepoint    ] Application time: 0.0001872 seconds
[2019-06-24T09:19:21.144+0000][1][safepoint    ] Entering safepoint region: RevokeBias
[2019-06-24T09:19:21.144+0000][1][safepoint    ] Leaving safepoint region
[2019-06-24T09:19:21.144+0000][1][safepoint    ] Total time for which application threads were stopped: 0.0000407 seconds, Stopping threads took: 0.0000164 seconds
[2019-06-24T09:19:21.144+0000][1][safepoint    ] Application time: 0.0001791 seconds
[2019-06-24T09:19:21.144+0000][1][safepoint    ] Entering safepoint region: RevokeBias
[2019-06-24T09:19:21.144+0000][1][safepoint    ] Leaving safepoint region
[2019-06-24T09:19:21.144+0000][1][safepoint    ] Total time for which application threads were stopped: 0.0000405 seconds, Stopping threads took: 0.0000166 seconds
[2019-06-24T09:19:21.144+0000][1][safepoint    ] Application time: 0.0002416 seconds
[2019-06-24T09:19:21.144+0000][1][safepoint    ] Entering safepoint region: RevokeBias
[2019-06-24T09:19:21.144+0000][1][safepoint    ] Leaving safepoint region
[2019-06-24T09:19:21.144+0000][1][safepoint    ] Total time for which application threads were stopped: 0.0000387 seconds, Stopping threads took: 0.0000164 seconds
[2019-06-24T09:19:21.146+0000][1][safepoint    ] Application time: 0.0011678 seconds
[2019-06-24T09:19:21.146+0000][1][safepoint    ] Entering safepoint region: RevokeBias
[2019-06-24T09:19:21.146+0000][1][safepoint    ] Leaving safepoint region
[2019-06-24T09:19:21.146+0000][1][safepoint    ] Total time for which application threads were stopped: 0.0000301 seconds, Stopping threads took: 0.0000081 seconds
[2019-06-24T09:19:21.151+0000][1][safepoint    ] Application time: 0.0050819 seconds
[2019-06-24T09:19:21.151+0000][1][safepoint    ] Entering safepoint region: Deoptimize
[2019-06-24T09:19:21.151+0000][1][safepoint    ] Leaving safepoint region
[2019-06-24T09:19:21.151+0000][1][safepoint    ] Total time for which application threads were stopped: 0.0001755 seconds, Stopping threads took: 0.0000093 seconds
[2019-06-24T09:19:21.221+0000][1][safepoint    ] Application time: 0.0696407 seconds
[2019-06-24T09:19:21.221+0000][1][safepoint    ] Entering safepoint region: GenCollectForAllocation
[2019-06-24T09:19:21.221+0000][1][gc,start     ] GC(0) Pause Young (Allocation Failure)
[2019-06-24T09:19:21.221+0000][1][gc,task      ] GC(0) Using 5 workers of 8 for evacuation
[2019-06-24T09:19:21.226+0000][1][gc,age       ] GC(0) Desired survivor size 4456448 bytes, new threshold 1 (max threshold 6)
[2019-06-24T09:19:21.226+0000][1][gc,age       ] GC(0) Age table with threshold 1 (max threshold 6)
[2019-06-24T09:19:21.226+0000][1][gc,age       ] GC(0) - age   1:    7822536 bytes,    7822536 total
[2019-06-24T09:19:21.226+0000][1][gc,heap      ] GC(0) ParNew: 69952K->7742K(78656K)
[2019-06-24T09:19:21.226+0000][1][gc,heap      ] GC(0) CMS: 0K->0K(174784K)
[2019-06-24T09:19:21.226+0000][1][gc,metaspace ] GC(0) Metaspace: 11939K->11939K(1060864K)
[2019-06-24T09:19:21.226+0000][1][gc           ] GC(0) Pause Young (Allocation Failure) 68M->7M(247M) 5.715ms
[2019-06-24T09:19:21.226+0000][1][gc,cpu       ] GC(0) User=0.03s Sys=0.00s Real=0.01s
[2019-06-24T09:19:21.226+0000][1][safepoint    ] Leaving safepoint region
[2019-06-24T09:19:21.226+0000][1][safepoint    ] Total time for which application threads were stopped: 0.0058212 seconds, Stopping threads took: 0.0000104 seconds
[2019-06-24T09:19:21.227+0000][1][safepoint    ] Application time: 0.0004394 seconds
[2019-06-24T09:19:21.227+0000][1][safepoint    ] Entering safepoint region: RevokeBias
[2019-06-24T09:19:21.227+0000][1][safepoint    ] Leaving safepoint region
[2019-06-24T09:19:21.227+0000][1][safepoint    ] Total time for which application threads were stopped: 0.0000748 seconds, Stopping threads took: 0.0000251 seconds
[2019-06-24T09:19:21.227+0000][1][safepoint    ] Application time: 0.0000989 seconds
[2019-06-24T09:19:21.227+0000][1][safepoint    ] Entering safepoint region: RevokeBias
[2019-06-24T09:19:21.227+0000][1][safepoint    ] Leaving safepoint region
[2019-06-24T09:19:21.227+0000][1][safepoint    ] Total time for which application threads were stopped: 0.0000745 seconds, Stopping threads took: 0.0000356 seconds
[2019-06-24T09:19:21.227+0000][1][safepoint    ] Application time: 0.0000525 seconds
[2019-06-24T09:19:21.227+0000][1][safepoint    ] Entering safepoint region: RevokeBias
[2019-06-24T09:19:21.227+0000][1][safepoint    ] Leaving safepoint region
[2019-06-24T09:19:21.227+0000][1][safepoint    ] Total time for which application threads were stopped: 0.0000433 seconds, Stopping threads took: 0.0000093 seconds
[2019-06-24T09:19:21.227+0000][1][safepoint    ] Application time: 0.0000893 seconds
[2019-06-24T09:19:21.227+0000][1][safepoint    ] Entering safepoint region: RevokeBias
[2019-06-24T09:19:21.228+0000][1][safepoint    ] Leaving safepoint region
[2019-06-24T09:19:21.228+0000][1][safepoint    ] Total time for which application threads were stopped: 0.0001218 seconds, Stopping threads took: 0.0000822 seconds
[2019-06-24T09:19:21.228+0000][1][safepoint    ] Application time: 0.0000639 seconds
[2019-06-24T09:19:21.228+0000][1][safepoint    ] Entering safepoint region: RevokeBias
[2019-06-24T09:19:21.228+0000][1][safepoint    ] Leaving safepoint region
[2019-06-24T09:19:21.228+0000][1][safepoint    ] Total time for which application threads were stopped: 0.0000875 seconds, Stopping threads took: 0.0000536 seconds
[2019-06-24T09:19:21.228+0000][1][safepoint    ] Application time: 0.0000910 seconds
[2019-06-24T09:19:21.228+0000][1][safepoint    ] Entering safepoint region: RevokeBias
[2019-06-24T09:19:21.228+0000][1][safepoint    ] Leaving safepoint region
[2019-06-24T09:19:21.228+0000][1][safepoint    ] Total time for which application threads were stopped: 0.0000788 seconds, Stopping threads took: 0.0000482 seconds
[2019-06-24T09:19:21.228+0000][1][safepoint    ] Application time: 0.0001152 seconds
[2019-06-24T09:19:21.228+0000][1][safepoint    ] Entering safepoint region: RevokeBias
[2019-06-24T09:19:21.228+0000][1][safepoint    ] Leaving safepoint region
[2019-06-24T09:19:21.228+0000][1][safepoint    ] Total time for which application threads were stopped: 0.0001058 seconds, Stopping threads took: 0.0000788 seconds
[2019-06-24T09:19:21.228+0000][1][safepoint    ] Application time: 0.0000348 seconds
[2019-06-24T09:19:21.228+0000][1][safepoint    ] Entering safepoint region: RevokeBias
[2019-06-24T09:19:21.228+0000][1][safepoint    ] Leaving safepoint region
[2019-06-24T09:19:21.228+0000][1][safepoint    ] Total time for which application threads were stopped: 0.0000260 seconds, Stopping threads took: 0.0000061 seconds
[2019-06-24T09:19:21.228+0000][1][safepoint    ] Application time: 0.0000495 seconds
[2019-06-24T09:19:21.228+0000][1][safepoint    ] Entering safepoint region: RevokeBias
[2019-06-24T09:19:21.228+0000][1][safepoint    ] Leaving safepoint region
[2019-06-24T09:19:21.228+0000][1][safepoint    ] Total time for which application threads were stopped: 0.0000509 seconds, Stopping threads took: 0.0000260 seconds
[2019-06-24T09:19:21.228+0000][1][safepoint    ] Application time: 0.0000314 seconds
[2019-06-24T09:19:21.228+0000][1][safepoint    ] Entering safepoint region: RevokeBias
[2019-06-24T09:19:21.228+0000][1][safepoint    ] Leaving safepoint region
[2019-06-24T09:19:21.228+0000][1][safepoint    ] Total time for which application threads were stopped: 0.0000387 seconds, Stopping threads took: 0.0000125 seconds
[2019-06-24T09:19:21.228+0000][1][safepoint    ] Application time: 0.0000369 seconds
[2019-06-24T09:19:21.229+0000][1][safepoint    ] Entering safepoint region: RevokeBias
[2019-06-24T09:19:21.229+0000][1][safepoint    ] Leaving safepoint region
[2019-06-24T09:19:21.229+0000][1][safepoint    ] Total time for which application threads were stopped: 0.0000859 seconds, Stopping threads took: 0.0000588 seconds
[2019-06-24T09:19:21.229+0000][1][safepoint    ] Application time: 0.0000310 seconds
[2019-06-24T09:19:21.229+0000][1][safepoint    ] Entering safepoint region: RevokeBias
[2019-06-24T09:19:21.229+0000][1][safepoint    ] Leaving safepoint region
[2019-06-24T09:19:21.229+0000][1][safepoint    ] Total time for which application threads were stopped: 0.0000295 seconds, Stopping threads took: 0.0000061 seconds
[2019-06-24T09:19:21.229+0000][1][safepoint    ] Application time: 0.0000504 seconds
[2019-06-24T09:19:21.229+0000][1][safepoint    ] Entering safepoint region: RevokeBias
[2019-06-24T09:19:21.229+0000][1][safepoint    ] Leaving safepoint region
[2019-06-24T09:19:21.229+0000][1][safepoint    ] Total time for which application threads were stopped: 0.0000540 seconds, Stopping threads took: 0.0000224 seconds
[2019-06-24T09:19:21.229+0000][1][safepoint    ] Application time: 0.0000292 seconds
[2019-06-24T09:19:21.229+0000][1][safepoint    ] Entering safepoint region: RevokeBias
[2019-06-24T09:19:21.229+0000][1][safepoint    ] Leaving safepoint region
[2019-06-24T09:19:21.229+0000][1][safepoint    ] Total time for which application threads were stopped: 0.0000443 seconds, Stopping threads took: 0.0000059 seconds
[2019-06-24T09:19:21.229+0000][1][safepoint    ] Application time: 0.0000361 seconds
[2019-06-24T09:19:21.229+0000][1][safepoint    ] Entering safepoint region: RevokeBias
[2019-06-24T09:19:21.229+0000][1][safepoint    ] Leaving safepoint region
[2019-06-24T09:19:21.229+0000][1][safepoint    ] Total time for which application threads were stopped: 0.0000845 seconds, Stopping threads took: 0.0000508 seconds
[2019-06-24T09:19:21.229+0000][1][safepoint    ] Application time: 0.0000340 seconds
[2019-06-24T09:19:21.229+0000][1][safepoint    ] Entering safepoint region: RevokeBias
[2019-06-24T09:19:21.229+0000][1][safepoint    ] Leaving safepoint region
[2019-06-24T09:19:21.229+0000][1][safepoint    ] Total time for which application threads were stopped: 0.0000369 seconds, Stopping threads took: 0.0000062 seconds
[2019-06-24T09:19:21.229+0000][1][safepoint    ] Application time: 0.0000375 seconds
[2019-06-24T09:19:21.229+0000][1][safepoint    ] Entering safepoint region: RevokeBias
[2019-06-24T09:19:21.229+0000][1][safepoint    ] Leaving safepoint region
[2019-06-24T09:19:21.229+0000][1][safepoint    ] Total time for which application threads were stopped: 0.0000368 seconds, Stopping threads took: 0.0000061 seconds
[2019-06-24T09:19:21.229+0000][1][safepoint    ] Application time: 0.0000305 seconds
[2019-06-24T09:19:21.229+0000][1][safepoint    ] Entering safepoint region: RevokeBias
[2019-06-24T09:19:21.229+0000][1][safepoint    ] Leaving safepoint region
[2019-06-24T09:19:21.229+0000][1][safepoint    ] Total time for which application threads were stopped: 0.0000363 seconds, Stopping threads took: 0.0000062 seconds
[2019-06-24T09:19:21.229+0000][1][safepoint    ] Application time: 0.0000617 seconds
[2019-06-24T09:19:21.229+0000][1][safepoint    ] Entering safepoint region: RevokeBias
[2019-06-24T09:19:21.229+0000][1][safepoint    ] Leaving safepoint region
[2019-06-24T09:19:21.229+0000][1][safepoint    ] Total time for which application threads were stopped: 0.0000951 seconds, Stopping threads took: 0.0000584 seconds
[2019-06-24T09:19:21.229+0000][1][safepoint    ] Application time: 0.0000352 seconds
[2019-06-24T09:19:21.229+0000][1][safepoint    ] Entering safepoint region: RevokeBias
[2019-06-24T09:19:21.229+0000][1][safepoint    ] Leaving safepoint region
[2019-06-24T09:19:21.230+0000][1][safepoint    ] Total time for which application threads were stopped: 0.0000792 seconds, Stopping threads took: 0.0000255 seconds
[2019-06-24T09:19:21.230+0000][1][safepoint    ] Application time: 0.0000502 seconds
[2019-06-24T09:19:21.230+0000][1][safepoint    ] Entering safepoint region: RevokeBias
[2019-06-24T09:19:21.230+0000][1][safepoint    ] Leaving safepoint region
[2019-06-24T09:19:21.230+0000][1][safepoint    ] Total time for which application threads were stopped: 0.0000830 seconds, Stopping threads took: 0.0000527 seconds
[2019-06-24T09:19:21.230+0000][1][safepoint    ] Application time: 0.0000344 seconds
[2019-06-24T09:19:21.230+0000][1][safepoint    ] Entering safepoint region: RevokeBias
[2019-06-24T09:19:21.230+0000][1][safepoint    ] Leaving safepoint region
[2019-06-24T09:19:21.230+0000][1][safepoint    ] Total time for which application threads were stopped: 0.0000562 seconds, Stopping threads took: 0.0000286 seconds
[2019-06-24T09:19:21.230+0000][1][safepoint    ] Application time: 0.0000854 seconds
[2019-06-24T09:19:21.230+0000][1][safepoint    ] Entering safepoint region: RevokeBias
[2019-06-24T09:19:21.230+0000][1][safepoint    ] Leaving safepoint region
[2019-06-24T09:19:21.230+0000][1][safepoint    ] Total time for which application threads were stopped: 0.0000625 seconds, Stopping threads took: 0.0000367 seconds
[2019-06-24T09:19:21.230+0000][1][safepoint    ] Application time: 0.0000364 seconds
[2019-06-24T09:19:21.230+0000][1][safepoint    ] Entering safepoint region: RevokeBias
[2019-06-24T09:19:21.230+0000][1][safepoint    ] Leaving safepoint region
[2019-06-24T09:19:21.230+0000][1][safepoint    ] Total time for which application threads were stopped: 0.0000362 seconds, Stopping threads took: 0.0000174 seconds
[2019-06-24T09:19:21.230+0000][1][safepoint    ] Application time: 0.0001676 seconds
[2019-06-24T09:19:21.230+0000][1][safepoint    ] Entering safepoint region: RevokeBias
[2019-06-24T09:19:21.230+0000][1][safepoint    ] Leaving safepoint region
[2019-06-24T09:19:21.230+0000][1][safepoint    ] Total time for which application threads were stopped: 0.0000739 seconds, Stopping threads took: 0.0000356 seconds
[2019-06-24T09:19:21.230+0000][1][safepoint    ] Application time: 0.0000371 seconds
[2019-06-24T09:19:21.230+0000][1][safepoint    ] Entering safepoint region: RevokeBias
[2019-06-24T09:19:21.230+0000][1][safepoint    ] Leaving safepoint region
[2019-06-24T09:19:21.230+0000][1][safepoint    ] Total time for which application threads were stopped: 0.0000432 seconds, Stopping threads took: 0.0000261 seconds
[2019-06-24T09:19:21.417+0000][1][safepoint    ] Application time: 0.1861737 seconds
[2019-06-24T09:19:21.417+0000][1][safepoint    ] Entering safepoint region: Deoptimize
[2019-06-24T09:19:21.417+0000][1][safepoint    ] Leaving safepoint region
[2019-06-24T09:19:21.417+0000][1][safepoint    ] Total time for which application threads were stopped: 0.0003606 seconds, Stopping threads took: 0.0000153 seconds
[2019-06-24T09:19:21.549+0000][1][safepoint    ] Application time: 0.1318392 seconds
[2019-06-24T09:19:21.549+0000][1][safepoint    ] Entering safepoint region: RevokeBias
[2019-06-24T09:19:21.549+0000][1][safepoint    ] Leaving safepoint region
[2019-06-24T09:19:21.549+0000][1][safepoint    ] Total time for which application threads were stopped: 0.0001228 seconds, Stopping threads took: 0.0000154 seconds
[2019-06-24T09:19:21.646+0000][1][safepoint    ] Application time: 0.0969575 seconds
[2019-06-24T09:19:21.646+0000][1][safepoint    ] Entering safepoint region: RevokeBias
[2019-06-24T09:19:21.646+0000][1][safepoint    ] Leaving safepoint region
[2019-06-24T09:19:21.646+0000][1][safepoint    ] Total time for which application threads were stopped: 0.0001114 seconds, Stopping threads took: 0.0000190 seconds
[2019-06-24T09:19:21.651+0000][1][safepoint    ] Application time: 0.0048184 seconds
[2019-06-24T09:19:21.651+0000][1][safepoint    ] Entering safepoint region: RevokeBias
[2019-06-24T09:19:21.651+0000][1][safepoint    ] Leaving safepoint region
[2019-06-24T09:19:21.651+0000][1][safepoint    ] Total time for which application threads were stopped: 0.0000866 seconds, Stopping threads took: 0.0000166 seconds
[2019-06-24T09:19:21.653+0000][1][safepoint    ] Application time: 0.0022933 seconds
[2019-06-24T09:19:21.653+0000][1][safepoint    ] Entering safepoint region: RevokeBias
[2019-06-24T09:19:21.653+0000][1][safepoint    ] Leaving safepoint region
[2019-06-24T09:19:21.653+0000][1][safepoint    ] Total time for which application threads were stopped: 0.0000850 seconds, Stopping threads took: 0.0000162 seconds
[2019-06-24T09:19:21.674+0000][1][safepoint    ] Application time: 0.0203374 seconds
[2019-06-24T09:19:21.674+0000][1][safepoint    ] Entering safepoint region: GenCollectForAllocation
[2019-06-24T09:19:21.674+0000][1][gc,start     ] GC(1) Pause Young (Allocation Failure)
[2019-06-24T09:19:21.674+0000][1][gc,task      ] GC(1) Using 5 workers of 8 for evacuation
[2019-06-24T09:19:21.686+0000][1][gc,age       ] GC(1) Desired survivor size 4456448 bytes, new threshold 6 (max threshold 6)
[2019-06-24T09:19:21.686+0000][1][gc,age       ] GC(1) Age table with threshold 6 (max threshold 6)
[2019-06-24T09:19:21.686+0000][1][gc,age       ] GC(1) - age   1:    1987392 bytes,    1987392 total
[2019-06-24T09:19:21.686+0000][1][gc,heap      ] GC(1) ParNew: 77694K->5096K(78656K)
[2019-06-24T09:19:21.686+0000][1][gc,heap      ] GC(1) CMS: 0K->6628K(174784K)
[2019-06-24T09:19:21.686+0000][1][gc,metaspace ] GC(1) Metaspace: 14586K->14586K(1062912K)
[2019-06-24T09:19:21.686+0000][1][gc           ] GC(1) Pause Young (Allocation Failure) 75M->11M(247M) 12.250ms
[2019-06-24T09:19:21.686+0000][1][gc,cpu       ] GC(1) User=0.08s Sys=0.00s Real=0.02s
[2019-06-24T09:19:21.686+0000][1][safepoint    ] Leaving safepoint region
[2019-06-24T09:19:21.686+0000][1][safepoint    ] Total time for which application threads were stopped: 0.0123733 seconds, Stopping threads took: 0.0000155 seconds
[2019-06-24T09:19:21.687+0000][1][safepoint    ] Application time: 0.0003128 seconds
[2019-06-24T09:19:21.687+0000][1][safepoint    ] Entering safepoint region: BulkRevokeBias
[2019-06-24T09:19:21.687+0000][1][safepoint    ] Leaving safepoint region
[2019-06-24T09:19:21.687+0000][1][safepoint    ] Total time for which application threads were stopped: 0.0001778 seconds, Stopping threads took: 0.0000897 seconds
[2019-06-24T09:19:21.687+0000][1][safepoint    ] Application time: 0.0000579 seconds
[2019-06-24T09:19:21.687+0000][1][safepoint    ] Entering safepoint region: RevokeBias
[2019-06-24T09:19:21.687+0000][1][safepoint    ] Leaving safepoint region
[2019-06-24T09:19:21.687+0000][1][safepoint    ] Total time for which application threads were stopped: 0.0000579 seconds, Stopping threads took: 0.0000222 seconds
[2019-06-24T09:19:21.687+0000][1][safepoint    ] Application time: 0.0001143 seconds
[2019-06-24T09:19:21.687+0000][1][safepoint    ] Entering safepoint region: RevokeBias
[2019-06-24T09:19:21.687+0000][1][safepoint    ] Leaving safepoint region
[2019-06-24T09:19:21.687+0000][1][safepoint    ] Total time for which application threads were stopped: 0.0001312 seconds, Stopping threads took: 0.0001011 seconds
[2019-06-24T09:19:21.687+0000][1][safepoint    ] Application time: 0.0000613 seconds
[2019-06-24T09:19:21.687+0000][1][safepoint    ] Entering safepoint region: RevokeBias
[2019-06-24T09:19:21.687+0000][1][safepoint    ] Leaving safepoint region
[2019-06-24T09:19:21.687+0000][1][safepoint    ] Total time for which application threads were stopped: 0.0000425 seconds, Stopping threads took: 0.0000202 seconds
[2019-06-24T09:19:21.687+0000][1][safepoint    ] Application time: 0.0000808 seconds
[2019-06-24T09:19:21.687+0000][1][safepoint    ] Entering safepoint region: RevokeBias
[2019-06-24T09:19:21.687+0000][1][safepoint    ] Leaving safepoint region
[2019-06-24T09:19:21.687+0000][1][safepoint    ] Total time for which application threads were stopped: 0.0000681 seconds, Stopping threads took: 0.0000420 seconds
[2019-06-24T09:19:21.688+0000][1][safepoint    ] Application time: 0.0000326 seconds
[2019-06-24T09:19:21.688+0000][1][safepoint    ] Entering safepoint region: RevokeBias
[2019-06-24T09:19:21.688+0000][1][safepoint    ] Leaving safepoint region
[2019-06-24T09:19:21.688+0000][1][safepoint    ] Total time for which application threads were stopped: 0.0000441 seconds, Stopping threads took: 0.0000198 seconds
[2019-06-24T09:19:21.688+0000][1][safepoint    ] Application time: 0.0000386 seconds
[2019-06-24T09:19:21.688+0000][1][safepoint    ] Entering safepoint region: RevokeBias
[2019-06-24T09:19:21.688+0000][1][safepoint    ] Leaving safepoint region
[2019-06-24T09:19:21.688+0000][1][safepoint    ] Total time for which application threads were stopped: 0.0000587 seconds, Stopping threads took: 0.0000235 seconds
[2019-06-24T09:19:21.688+0000][1][safepoint    ] Application time: 0.0000745 seconds
[2019-06-24T09:19:21.688+0000][1][safepoint    ] Entering safepoint region: RevokeBias
[2019-06-24T09:19:21.688+0000][1][safepoint    ] Leaving safepoint region
[2019-06-24T09:19:21.688+0000][1][safepoint    ] Total time for which application threads were stopped: 0.0000859 seconds, Stopping threads took: 0.0000315 seconds
[2019-06-24T09:19:21.688+0000][1][safepoint    ] Application time: 0.0000557 seconds
[2019-06-24T09:19:21.688+0000][1][safepoint    ] Entering safepoint region: RevokeBias
[2019-06-24T09:19:21.688+0000][1][safepoint    ] Leaving safepoint region
[2019-06-24T09:19:21.688+0000][1][safepoint    ] Total time for which application threads were stopped: 0.0000562 seconds, Stopping threads took: 0.0000093 seconds
[2019-06-24T09:19:21.688+0000][1][safepoint    ] Application time: 0.0000344 seconds
[2019-06-24T09:19:21.688+0000][1][safepoint    ] Entering safepoint region: RevokeBias
[2019-06-24T09:19:21.688+0000][1][safepoint    ] Leaving safepoint region
[2019-06-24T09:19:21.688+0000][1][safepoint    ] Total time for which application threads were stopped: 0.0000669 seconds, Stopping threads took: 0.0000293 seconds
[2019-06-24T09:19:21.688+0000][1][safepoint    ] Application time: 0.0000391 seconds
[2019-06-24T09:19:21.688+0000][1][safepoint    ] Entering safepoint region: BulkRevokeBias
[2019-06-24T09:19:21.688+0000][1][safepoint    ] Leaving safepoint region
[2019-06-24T09:19:21.688+0000][1][safepoint    ] Total time for which application threads were stopped: 0.0001189 seconds, Stopping threads took: 0.0000325 seconds
[2019-06-24T09:19:21.688+0000][1][safepoint    ] Application time: 0.0000404 seconds
[2019-06-24T09:19:21.688+0000][1][safepoint    ] Entering safepoint region: RevokeBias
[2019-06-24T09:19:21.688+0000][1][safepoint    ] Leaving safepoint region
[2019-06-24T09:19:21.688+0000][1][safepoint    ] Total time for which application threads were stopped: 0.0001228 seconds, Stopping threads took: 0.0000446 seconds
[2019-06-24T09:19:21.689+0000][1][safepoint    ] Application time: 0.0000503 seconds
[2019-06-24T09:19:21.689+0000][1][safepoint    ] Entering safepoint region: BulkRevokeBias
[2019-06-24T09:19:21.689+0000][1][safepoint    ] Leaving safepoint region
[2019-06-24T09:19:21.689+0000][1][safepoint    ] Total time for which application threads were stopped: 0.0001774 seconds, Stopping threads took: 0.0000247 seconds
[2019-06-24T09:19:21.809+0000][1][safepoint    ] Application time: 0.1205790 seconds
[2019-06-24T09:19:21.809+0000][1][safepoint    ] Entering safepoint region: GenCollectForAllocation
[2019-06-24T09:19:21.809+0000][1][gc,start     ] GC(2) Pause Young (Allocation Failure)
[2019-06-24T09:19:21.809+0000][1][gc,task      ] GC(2) Using 5 workers of 8 for evacuation
[2019-06-24T09:19:21.813+0000][1][gc,age       ] GC(2) Desired survivor size 4456448 bytes, new threshold 6 (max threshold 6)
[2019-06-24T09:19:21.813+0000][1][gc,age       ] GC(2) Age table with threshold 6 (max threshold 6)
[2019-06-24T09:19:21.813+0000][1][gc,age       ] GC(2) - age   1:    2620664 bytes,    2620664 total
[2019-06-24T09:19:21.813+0000][1][gc,age       ] GC(2) - age   2:    1208064 bytes,    3828728 total
[2019-06-24T09:19:21.813+0000][1][gc,heap      ] GC(2) ParNew: 75048K->4702K(78656K)
[2019-06-24T09:19:21.813+0000][1][gc,heap      ] GC(2) CMS: 6628K->6628K(174784K)
[2019-06-24T09:19:21.813+0000][1][gc,metaspace ] GC(2) Metaspace: 14725K->14725K(1062912K)
[2019-06-24T09:19:21.813+0000][1][gc           ] GC(2) Pause Young (Allocation Failure) 79M->11M(247M) 3.401ms
[2019-06-24T09:19:21.813+0000][1][gc,cpu       ] GC(2) User=0.02s Sys=0.00s Real=0.00s
[2019-06-24T09:19:21.813+0000][1][safepoint    ] Leaving safepoint region
[2019-06-24T09:19:21.813+0000][1][safepoint    ] Total time for which application threads were stopped: 0.0035751 seconds, Stopping threads took: 0.0000168 seconds
[2019-06-24T09:19:21.813+0000][1][safepoint    ] Application time: 0.0001623 seconds
[2019-06-24T09:19:21.813+0000][1][safepoint    ] Entering safepoint region: RevokeBias
[2019-06-24T09:19:21.813+0000][1][safepoint    ] Leaving safepoint region
[2019-06-24T09:19:21.813+0000][1][safepoint    ] Total time for which application threads were stopped: 0.0001385 seconds, Stopping threads took: 0.0000311 seconds
[2019-06-24T09:19:21.813+0000][1][safepoint    ] Application time: 0.0000750 seconds
[2019-06-24T09:19:21.813+0000][1][safepoint    ] Entering safepoint region: RevokeBias
[2019-06-24T09:19:21.813+0000][1][safepoint    ] Leaving safepoint region
[2019-06-24T09:19:21.813+0000][1][safepoint    ] Total time for which application threads were stopped: 0.0001401 seconds, Stopping threads took: 0.0000523 seconds
[2019-06-24T09:19:21.814+0000][1][safepoint    ] Application time: 0.0001238 seconds
[2019-06-24T09:19:21.814+0000][1][safepoint    ] Entering safepoint region: RevokeBias
[2019-06-24T09:19:21.814+0000][1][safepoint    ] Leaving safepoint region
[2019-06-24T09:19:21.814+0000][1][safepoint    ] Total time for which application threads were stopped: 0.0001005 seconds, Stopping threads took: 0.0000295 seconds
[2019-06-24T09:19:21.814+0000][1][safepoint    ] Application time: 0.0001013 seconds
[2019-06-24T09:19:21.814+0000][1][safepoint    ] Entering safepoint region: RevokeBias
[2019-06-24T09:19:21.814+0000][1][safepoint    ] Leaving safepoint region
[2019-06-24T09:19:21.814+0000][1][safepoint    ] Total time for which application threads were stopped: 0.0000906 seconds, Stopping threads took: 0.0000504 seconds
[2019-06-24T09:19:21.814+0000][1][safepoint    ] Application time: 0.0001024 seconds
[2019-06-24T09:19:21.814+0000][1][safepoint    ] Entering safepoint region: RevokeBias
[2019-06-24T09:19:21.814+0000][1][safepoint    ] Leaving safepoint region
[2019-06-24T09:19:21.814+0000][1][safepoint    ] Total time for which application threads were stopped: 0.0000826 seconds, Stopping threads took: 0.0000269 seconds
[2019-06-24T09:19:21.814+0000][1][safepoint    ] Application time: 0.0000995 seconds
[2019-06-24T09:19:21.814+0000][1][safepoint    ] Entering safepoint region: RevokeBias
[2019-06-24T09:19:21.814+0000][1][safepoint    ] Leaving safepoint region
[2019-06-24T09:19:21.814+0000][1][safepoint    ] Total time for which application threads were stopped: 0.0000768 seconds, Stopping threads took: 0.0000257 seconds
[2019-06-24T09:19:21.846+0000][1][safepoint    ] Application time: 0.0320779 seconds
[2019-06-24T09:19:21.847+0000][1][safepoint    ] Entering safepoint region: RevokeBias
[2019-06-24T09:19:21.847+0000][1][safepoint    ] Leaving safepoint region
[2019-06-24T09:19:21.847+0000][1][safepoint    ] Total time for which application threads were stopped: 0.0001202 seconds, Stopping threads took: 0.0000423 seconds
[2019-06-24T09:19:21.921+0000][1][safepoint    ] Application time: 0.0743801 seconds
[2019-06-24T09:19:21.921+0000][1][safepoint    ] Entering safepoint region: Deoptimize
[2019-06-24T09:19:21.921+0000][1][safepoint    ] Leaving safepoint region
[2019-06-24T09:19:21.921+0000][1][safepoint    ] Total time for which application threads were stopped: 0.0003293 seconds, Stopping threads took: 0.0000182 seconds
[2019-06-24T09:19:21.922+0000][1][safepoint    ] Application time: 0.0003907 seconds
[2019-06-24T09:19:21.922+0000][1][safepoint    ] Entering safepoint region: Deoptimize
[2019-06-24T09:19:21.922+0000][1][safepoint    ] Leaving safepoint region
[2019-06-24T09:19:21.922+0000][1][safepoint    ] Total time for which application threads were stopped: 0.0002775 seconds, Stopping threads took: 0.0000117 seconds
[2019-06-24T09:19:22.073+0000][1][safepoint    ] Application time: 0.1505365 seconds
[2019-06-24T09:19:22.073+0000][1][safepoint    ] Entering safepoint region: RevokeBias
[2019-06-24T09:19:22.073+0000][1][safepoint    ] Leaving safepoint region
[2019-06-24T09:19:22.073+0000][1][safepoint    ] Total time for which application threads were stopped: 0.0001379 seconds, Stopping threads took: 0.0000170 seconds
[2019-06-24T09:19:22.098+0000][1][safepoint    ] Application time: 0.0251086 seconds
[2019-06-24T09:19:22.098+0000][1][safepoint    ] Entering safepoint region: GenCollectForAllocation
[2019-06-24T09:19:22.098+0000][1][gc,start     ] GC(3) Pause Young (Allocation Failure)
[2019-06-24T09:19:22.098+0000][1][gc,task      ] GC(3) Using 5 workers of 8 for evacuation
[2019-06-24T09:19:22.101+0000][1][gc,age       ] GC(3) Desired survivor size 4456448 bytes, new threshold 3 (max threshold 6)
[2019-06-24T09:19:22.101+0000][1][gc,age       ] GC(3) Age table with threshold 3 (max threshold 6)
[2019-06-24T09:19:22.101+0000][1][gc,age       ] GC(3) - age   1:    3565672 bytes,    3565672 total
[2019-06-24T09:19:22.101+0000][1][gc,age       ] GC(3) - age   2:     293944 bytes,    3859616 total
[2019-06-24T09:19:22.101+0000][1][gc,age       ] GC(3) - age   3:    1204656 bytes,    5064272 total
[2019-06-24T09:19:22.101+0000][1][gc,heap      ] GC(3) ParNew: 74654K->7092K(78656K)
[2019-06-24T09:19:22.101+0000][1][gc,heap      ] GC(3) CMS: 6628K->6628K(174784K)
[2019-06-24T09:19:22.101+0000][1][gc,metaspace ] GC(3) Metaspace: 18177K->18177K(1067008K)
[2019-06-24T09:19:22.101+0000][1][gc           ] GC(3) Pause Young (Allocation Failure) 79M->13M(247M) 2.998ms
[2019-06-24T09:19:22.101+0000][1][gc,cpu       ] GC(3) User=0.02s Sys=0.00s Real=0.00s
[2019-06-24T09:19:22.101+0000][1][safepoint    ] Leaving safepoint region
[2019-06-24T09:19:22.101+0000][1][safepoint    ] Total time for which application threads were stopped: 0.0031219 seconds, Stopping threads took: 0.0000110 seconds
[2019-06-24T09:19:22.101+0000][1][safepoint    ] Application time: 0.0002378 seconds
[2019-06-24T09:19:22.101+0000][1][safepoint    ] Entering safepoint region: RevokeBias
[2019-06-24T09:19:22.101+0000][1][safepoint    ] Leaving safepoint region
[2019-06-24T09:19:22.101+0000][1][safepoint    ] Total time for which application threads were stopped: 0.0000632 seconds, Stopping threads took: 0.0000228 seconds
[2019-06-24T09:19:22.102+0000][1][safepoint    ] Application time: 0.0001128 seconds
[2019-06-24T09:19:22.102+0000][1][safepoint    ] Entering safepoint region: RevokeBias
[2019-06-24T09:19:22.102+0000][1][safepoint    ] Leaving safepoint region
[2019-06-24T09:19:22.102+0000][1][safepoint    ] Total time for which application threads were stopped: 0.0000969 seconds, Stopping threads took: 0.0000330 seconds
[2019-06-24T09:19:22.102+0000][1][safepoint    ] Application time: 0.0001027 seconds
[2019-06-24T09:19:22.102+0000][1][safepoint    ] Entering safepoint region: RevokeBias
[2019-06-24T09:19:22.102+0000][1][safepoint    ] Leaving safepoint region
[2019-06-24T09:19:22.102+0000][1][safepoint    ] Total time for which application threads were stopped: 0.0000578 seconds, Stopping threads took: 0.0000267 seconds
[2019-06-24T09:19:22.102+0000][1][safepoint    ] Application time: 0.0001233 seconds
[2019-06-24T09:19:22.102+0000][1][safepoint    ] Entering safepoint region: RevokeBias
[2019-06-24T09:19:22.102+0000][1][safepoint    ] Leaving safepoint region
[2019-06-24T09:19:22.102+0000][1][safepoint    ] Total time for which application threads were stopped: 0.0001529 seconds, Stopping threads took: 0.0001240 seconds
[2019-06-24T09:19:22.102+0000][1][safepoint    ] Application time: 0.0000411 seconds
[2019-06-24T09:19:22.102+0000][1][safepoint    ] Entering safepoint region: RevokeBias
[2019-06-24T09:19:22.102+0000][1][safepoint    ] Leaving safepoint region
[2019-06-24T09:19:22.102+0000][1][safepoint    ] Total time for which application threads were stopped: 0.0000460 seconds, Stopping threads took: 0.0000196 seconds
[2019-06-24T09:19:22.102+0000][1][safepoint    ] Application time: 0.0000394 seconds
[2019-06-24T09:19:22.102+0000][1][safepoint    ] Entering safepoint region: RevokeBias
[2019-06-24T09:19:22.102+0000][1][safepoint    ] Leaving safepoint region
[2019-06-24T09:19:22.102+0000][1][safepoint    ] Total time for which application threads were stopped: 0.0000302 seconds, Stopping threads took: 0.0000063 seconds
[2019-06-24T09:19:22.102+0000][1][safepoint    ] Application time: 0.0000393 seconds
[2019-06-24T09:19:22.102+0000][1][safepoint    ] Entering safepoint region: RevokeBias
[2019-06-24T09:19:22.102+0000][1][safepoint    ] Leaving safepoint region
[2019-06-24T09:19:22.102+0000][1][safepoint    ] Total time for which application threads were stopped: 0.0000740 seconds, Stopping threads took: 0.0000422 seconds
[2019-06-24T09:19:22.102+0000][1][safepoint    ] Application time: 0.0000389 seconds
[2019-06-24T09:19:22.103+0000][1][safepoint    ] Entering safepoint region: RevokeBias
[2019-06-24T09:19:22.103+0000][1][safepoint    ] Leaving safepoint region
[2019-06-24T09:19:22.103+0000][1][safepoint    ] Total time for which application threads were stopped: 0.0000585 seconds, Stopping threads took: 0.0000324 seconds
[2019-06-24T09:19:22.103+0000][1][safepoint    ] Application time: 0.0000801 seconds
[2019-06-24T09:19:22.103+0000][1][safepoint    ] Entering safepoint region: RevokeBias
[2019-06-24T09:19:22.103+0000][1][safepoint    ] Leaving safepoint region
[2019-06-24T09:19:22.103+0000][1][safepoint    ] Total time for which application threads were stopped: 0.0000929 seconds, Stopping threads took: 0.0000387 seconds
[2019-06-24T09:19:22.103+0000][1][safepoint    ] Application time: 0.0000389 seconds
[2019-06-24T09:19:22.103+0000][1][safepoint    ] Entering safepoint region: RevokeBias
[2019-06-24T09:19:22.103+0000][1][safepoint    ] Leaving safepoint region
[2019-06-24T09:19:22.103+0000][1][safepoint    ] Total time for which application threads were stopped: 0.0000691 seconds, Stopping threads took: 0.0000264 seconds
[2019-06-24T09:19:22.103+0000][1][safepoint    ] Application time: 0.0000380 seconds
[2019-06-24T09:19:22.103+0000][1][safepoint    ] Entering safepoint region: RevokeBias
[2019-06-24T09:19:22.103+0000][1][safepoint    ] Leaving safepoint region
[2019-06-24T09:19:22.103+0000][1][safepoint    ] Total time for which application threads were stopped: 0.0001392 seconds, Stopping threads took: 0.0001098 seconds
[2019-06-24T09:19:22.103+0000][1][safepoint    ] Application time: 0.0000374 seconds
[2019-06-24T09:19:22.103+0000][1][safepoint    ] Entering safepoint region: RevokeBias
[2019-06-24T09:19:22.103+0000][1][safepoint    ] Leaving safepoint region
[2019-06-24T09:19:22.103+0000][1][safepoint    ] Total time for which application threads were stopped: 0.0001243 seconds, Stopping threads took: 0.0000911 seconds
[2019-06-24T09:19:22.103+0000][1][safepoint    ] Application time: 0.0000390 seconds
[2019-06-24T09:19:22.103+0000][1][safepoint    ] Entering safepoint region: RevokeBias
[2019-06-24T09:19:22.103+0000][1][safepoint    ] Leaving safepoint region
[2019-06-24T09:19:22.103+0000][1][safepoint    ] Total time for which application threads were stopped: 0.0000796 seconds, Stopping threads took: 0.0000415 seconds
[2019-06-24T09:19:22.103+0000][1][safepoint    ] Application time: 0.0001110 seconds
[2019-06-24T09:19:22.104+0000][1][safepoint    ] Entering safepoint region: RevokeBias
[2019-06-24T09:19:22.104+0000][1][safepoint    ] Leaving safepoint region
[2019-06-24T09:19:22.104+0000][1][safepoint    ] Total time for which application threads were stopped: 0.0000585 seconds, Stopping threads took: 0.0000274 seconds
[2019-06-24T09:19:22.104+0000][1][safepoint    ] Application time: 0.0000901 seconds
[2019-06-24T09:19:22.104+0000][1][safepoint    ] Entering safepoint region: RevokeBias
[2019-06-24T09:19:22.104+0000][1][safepoint    ] Leaving safepoint region
[2019-06-24T09:19:22.104+0000][1][safepoint    ] Total time for which application threads were stopped: 0.0001166 seconds, Stopping threads took: 0.0000843 seconds
[2019-06-24T09:19:22.104+0000][1][safepoint    ] Application time: 0.0000932 seconds
[2019-06-24T09:19:22.104+0000][1][safepoint    ] Entering safepoint region: RevokeBias
[2019-06-24T09:19:22.104+0000][1][safepoint    ] Leaving safepoint region
[2019-06-24T09:19:22.104+0000][1][safepoint    ] Total time for which application threads were stopped: 0.0000840 seconds, Stopping threads took: 0.0000282 seconds
[2019-06-24T09:19:22.104+0000][1][safepoint    ] Application time: 0.0000687 seconds
[2019-06-24T09:19:22.104+0000][1][safepoint    ] Entering safepoint region: RevokeBias
[2019-06-24T09:19:22.104+0000][1][safepoint    ] Leaving safepoint region
[2019-06-24T09:19:22.104+0000][1][safepoint    ] Total time for which application threads were stopped: 0.0000504 seconds, Stopping threads took: 0.0000228 seconds
[2019-06-24T09:19:22.104+0000][1][safepoint    ] Application time: 0.0000379 seconds
[2019-06-24T09:19:22.104+0000][1][safepoint    ] Entering safepoint region: RevokeBias
[2019-06-24T09:19:22.104+0000][1][safepoint    ] Leaving safepoint region
[2019-06-24T09:19:22.104+0000][1][safepoint    ] Total time for which application threads were stopped: 0.0000670 seconds, Stopping threads took: 0.0000392 seconds
[2019-06-24T09:19:22.104+0000][1][safepoint    ] Application time: 0.0000402 seconds
[2019-06-24T09:19:22.104+0000][1][safepoint    ] Entering safepoint region: RevokeBias
[2019-06-24T09:19:22.104+0000][1][safepoint    ] Leaving safepoint region
[2019-06-24T09:19:22.104+0000][1][safepoint    ] Total time for which application threads were stopped: 0.0000541 seconds, Stopping threads took: 0.0000274 seconds
[2019-06-24T09:19:22.104+0000][1][safepoint    ] Application time: 0.0000359 seconds
[2019-06-24T09:19:22.104+0000][1][safepoint    ] Entering safepoint region: RevokeBias
[2019-06-24T09:19:22.104+0000][1][safepoint    ] Leaving safepoint region
[2019-06-24T09:19:22.104+0000][1][safepoint    ] Total time for which application threads were stopped: 0.0000589 seconds, Stopping threads took: 0.0000316 seconds
[2019-06-24T09:19:22.104+0000][1][safepoint    ] Application time: 0.0000402 seconds
[2019-06-24T09:19:22.105+0000][1][safepoint    ] Entering safepoint region: RevokeBias
[2019-06-24T09:19:22.105+0000][1][safepoint    ] Leaving safepoint region
[2019-06-24T09:19:22.105+0000][1][safepoint    ] Total time for which application threads were stopped: 0.0000503 seconds, Stopping threads took: 0.0000256 seconds
[2019-06-24T09:19:22.105+0000][1][safepoint    ] Application time: 0.0000354 seconds
[2019-06-24T09:19:22.105+0000][1][safepoint    ] Entering safepoint region: RevokeBias
[2019-06-24T09:19:22.105+0000][1][safepoint    ] Leaving safepoint region
[2019-06-24T09:19:22.105+0000][1][safepoint    ] Total time for which application threads were stopped: 0.0000626 seconds, Stopping threads took: 0.0000356 seconds
[2019-06-24T09:19:22.193+0000][1][safepoint    ] Application time: 0.0885278 seconds
[2019-06-24T09:19:22.193+0000][1][safepoint    ] Entering safepoint region: GenCollectForAllocation
[2019-06-24T09:19:22.193+0000][1][gc,start     ] GC(4) Pause Young (Allocation Failure)
[2019-06-24T09:19:22.193+0000][1][gc,task      ] GC(4) Using 5 workers of 8 for evacuation
[2019-06-24T09:19:22.198+0000][1][gc,age       ] GC(4) Desired survivor size 4456448 bytes, new threshold 2 (max threshold 6)
[2019-06-24T09:19:22.198+0000][1][gc,age       ] GC(4) Age table with threshold 2 (max threshold 6)
[2019-06-24T09:19:22.198+0000][1][gc,age       ] GC(4) - age   1:    1631608 bytes,    1631608 total
[2019-06-24T09:19:22.198+0000][1][gc,age       ] GC(4) - age   2:    3330200 bytes,    4961808 total
[2019-06-24T09:19:22.198+0000][1][gc,age       ] GC(4) - age   3:     293416 bytes,    5255224 total
[2019-06-24T09:19:22.198+0000][1][gc,heap      ] GC(4) ParNew: 77044K->6993K(78656K)
[2019-06-24T09:19:22.198+0000][1][gc,heap      ] GC(4) CMS: 6628K->7822K(174784K)
[2019-06-24T09:19:22.198+0000][1][gc,metaspace ] GC(4) Metaspace: 18387K->18387K(1067008K)
[2019-06-24T09:19:22.198+0000][1][gc           ] GC(4) Pause Young (Allocation Failure) 81M->14M(247M) 4.803ms
[2019-06-24T09:19:22.198+0000][1][gc,cpu       ] GC(4) User=0.04s Sys=0.00s Real=0.01s
[2019-06-24T09:19:22.198+0000][1][safepoint    ] Leaving safepoint region
[2019-06-24T09:19:22.198+0000][1][safepoint    ] Total time for which application threads were stopped: 0.0049301 seconds, Stopping threads took: 0.0000122 seconds
[2019-06-24T09:19:22.198+0000][1][safepoint    ] Application time: 0.0001317 seconds
[2019-06-24T09:19:22.198+0000][1][safepoint    ] Entering safepoint region: RevokeBias
[2019-06-24T09:19:22.198+0000][1][safepoint    ] Leaving safepoint region
[2019-06-24T09:19:22.198+0000][1][safepoint    ] Total time for which application threads were stopped: 0.0000718 seconds, Stopping threads took: 0.0000317 seconds
[2019-06-24T09:19:22.198+0000][1][safepoint    ] Application time: 0.0000345 seconds
[2019-06-24T09:19:22.198+0000][1][safepoint    ] Entering safepoint region: RevokeBias
[2019-06-24T09:19:22.199+0000][1][safepoint    ] Leaving safepoint region
[2019-06-24T09:19:22.199+0000][1][safepoint    ] Total time for which application threads were stopped: 0.0001165 seconds, Stopping threads took: 0.0000619 seconds
[2019-06-24T09:19:22.199+0000][1][safepoint    ] Application time: 0.0000426 seconds
[2019-06-24T09:19:22.199+0000][1][safepoint    ] Entering safepoint region: RevokeBias
[2019-06-24T09:19:22.199+0000][1][safepoint    ] Leaving safepoint region
[2019-06-24T09:19:22.199+0000][1][safepoint    ] Total time for which application threads were stopped: 0.0000893 seconds, Stopping threads took: 0.0000562 seconds
[2019-06-24T09:19:22.199+0000][1][safepoint    ] Application time: 0.0000315 seconds
[2019-06-24T09:19:22.199+0000][1][safepoint    ] Entering safepoint region: RevokeBias
[2019-06-24T09:19:22.199+0000][1][safepoint    ] Leaving safepoint region
[2019-06-24T09:19:22.199+0000][1][safepoint    ] Total time for which application threads were stopped: 0.0001612 seconds, Stopping threads took: 0.0001087 seconds
[2019-06-24T09:19:22.218+0000][1][safepoint    ] Application time: 0.0189683 seconds
[2019-06-24T09:19:22.218+0000][1][safepoint    ] Entering safepoint region: Deoptimize
[2019-06-24T09:19:22.218+0000][1][safepoint    ] Leaving safepoint region
[2019-06-24T09:19:22.218+0000][1][safepoint    ] Total time for which application threads were stopped: 0.0002689 seconds, Stopping threads took: 0.0000100 seconds
[2019-06-24T09:19:22.251+0000][1][safepoint    ] Application time: 0.0329419 seconds
[2019-06-24T09:19:22.251+0000][1][safepoint    ] Entering safepoint region: Deoptimize
[2019-06-24T09:19:22.251+0000][1][safepoint    ] Leaving safepoint region
[2019-06-24T09:19:22.251+0000][1][safepoint    ] Total time for which application threads were stopped: 0.0002747 seconds, Stopping threads took: 0.0000109 seconds
[2019-06-24T09:19:22.333+0000][1][safepoint    ] Application time: 0.0817530 seconds
[2019-06-24T09:19:22.333+0000][1][safepoint    ] Entering safepoint region: GenCollectForAllocation
[2019-06-24T09:19:22.333+0000][1][gc,start     ] GC(5) Pause Young (Allocation Failure)
[2019-06-24T09:19:22.333+0000][1][gc,task      ] GC(5) Using 5 workers of 8 for evacuation
[2019-06-24T09:19:22.337+0000][1][gc,age       ] GC(5) Desired survivor size 4456448 bytes, new threshold 6 (max threshold 6)
[2019-06-24T09:19:22.337+0000][1][gc,age       ] GC(5) Age table with threshold 6 (max threshold 6)
[2019-06-24T09:19:22.337+0000][1][gc,age       ] GC(5) - age   1:    2497056 bytes,    2497056 total
[2019-06-24T09:19:22.337+0000][1][gc,age       ] GC(5) - age   2:     443608 bytes,    2940664 total
[2019-06-24T09:19:22.337+0000][1][gc,heap      ] GC(5) ParNew: 76945K->6058K(78656K)
[2019-06-24T09:19:22.337+0000][1][gc,heap      ] GC(5) CMS: 7822K->11392K(174784K)
[2019-06-24T09:19:22.337+0000][1][gc,metaspace ] GC(5) Metaspace: 18735K->18735K(1067008K)
[2019-06-24T09:19:22.337+0000][1][gc           ] GC(5) Pause Young (Allocation Failure) 82M->17M(247M) 3.792ms
[2019-06-24T09:19:22.337+0000][1][gc,cpu       ] GC(5) User=0.03s Sys=0.00s Real=0.01s
[2019-06-24T09:19:22.337+0000][1][safepoint    ] Leaving safepoint region
[2019-06-24T09:19:22.337+0000][1][safepoint    ] Total time for which application threads were stopped: 0.0039040 seconds, Stopping threads took: 0.0000122 seconds
[2019-06-24T09:19:22.337+0000][1][safepoint    ] Application time: 0.0001532 seconds
[2019-06-24T09:19:22.337+0000][1][safepoint    ] Entering safepoint region: RevokeBias
[2019-06-24T09:19:22.337+0000][1][safepoint    ] Leaving safepoint region
[2019-06-24T09:19:22.337+0000][1][safepoint    ] Total time for which application threads were stopped: 0.0000989 seconds, Stopping threads took: 0.0000382 seconds
[2019-06-24T09:19:22.338+0000][1][safepoint    ] Application time: 0.0000846 seconds
[2019-06-24T09:19:22.338+0000][1][safepoint    ] Entering safepoint region: RevokeBias
[2019-06-24T09:19:22.338+0000][1][safepoint    ] Leaving safepoint region
[2019-06-24T09:19:22.338+0000][1][safepoint    ] Total time for which application threads were stopped: 0.0000660 seconds, Stopping threads took: 0.0000246 seconds
[2019-06-24T09:19:22.338+0000][1][safepoint    ] Application time: 0.0001508 seconds
[2019-06-24T09:19:22.338+0000][1][safepoint    ] Entering safepoint region: RevokeBias
[2019-06-24T09:19:22.338+0000][1][safepoint    ] Leaving safepoint region
[2019-06-24T09:19:22.338+0000][1][safepoint    ] Total time for which application threads were stopped: 0.0000697 seconds, Stopping threads took: 0.0000271 seconds
[2019-06-24T09:19:22.338+0000][1][safepoint    ] Application time: 0.0001305 seconds
[2019-06-24T09:19:22.338+0000][1][safepoint    ] Entering safepoint region: RevokeBias
[2019-06-24T09:19:22.338+0000][1][safepoint    ] Leaving safepoint region
[2019-06-24T09:19:22.338+0000][1][safepoint    ] Total time for which application threads were stopped: 0.0000635 seconds, Stopping threads took: 0.0000263 seconds
[2019-06-24T09:19:22.338+0000][1][safepoint    ] Application time: 0.0000902 seconds
[2019-06-24T09:19:22.338+0000][1][safepoint    ] Entering safepoint region: RevokeBias
[2019-06-24T09:19:22.338+0000][1][safepoint    ] Leaving safepoint region
[2019-06-24T09:19:22.338+0000][1][safepoint    ] Total time for which application threads were stopped: 0.0000615 seconds, Stopping threads took: 0.0000236 seconds
[2019-06-24T09:19:22.338+0000][1][safepoint    ] Application time: 0.0000852 seconds
[2019-06-24T09:19:22.338+0000][1][safepoint    ] Entering safepoint region: RevokeBias
[2019-06-24T09:19:22.338+0000][1][safepoint    ] Leaving safepoint region
[2019-06-24T09:19:22.338+0000][1][safepoint    ] Total time for which application threads were stopped: 0.0000623 seconds, Stopping threads took: 0.0000229 seconds
[2019-06-24T09:19:22.449+0000][1][safepoint    ] Application time: 0.1106700 seconds
[2019-06-24T09:19:22.449+0000][1][safepoint    ] Entering safepoint region: GenCollectForAllocation
[2019-06-24T09:19:22.449+0000][1][gc,start     ] GC(6) Pause Young (Allocation Failure)
[2019-06-24T09:19:22.449+0000][1][gc,task      ] GC(6) Using 5 workers of 8 for evacuation
[2019-06-24T09:19:22.451+0000][1][gc,age       ] GC(6) Desired survivor size 4456448 bytes, new threshold 6 (max threshold 6)
[2019-06-24T09:19:22.451+0000][1][gc,age       ] GC(6) Age table with threshold 6 (max threshold 6)
[2019-06-24T09:19:22.451+0000][1][gc,age       ] GC(6) - age   1:    1487128 bytes,    1487128 total
[2019-06-24T09:19:22.451+0000][1][gc,age       ] GC(6) - age   2:    2194776 bytes,    3681904 total
[2019-06-24T09:19:22.451+0000][1][gc,age       ] GC(6) - age   3:     443608 bytes,    4125512 total
[2019-06-24T09:19:22.452+0000][1][gc,heap      ] GC(6) ParNew: 76010K->5069K(78656K)
[2019-06-24T09:19:22.452+0000][1][gc,heap      ] GC(6) CMS: 11392K->11392K(174784K)
[2019-06-24T09:19:22.452+0000][1][gc,metaspace ] GC(6) Metaspace: 19042K->19042K(1067008K)
[2019-06-24T09:19:22.452+0000][1][gc           ] GC(6) Pause Young (Allocation Failure) 85M->16M(247M) 2.343ms
[2019-06-24T09:19:22.452+0000][1][gc,cpu       ] GC(6) User=0.02s Sys=0.00s Real=0.00s
[2019-06-24T09:19:22.452+0000][1][safepoint    ] Leaving safepoint region
[2019-06-24T09:19:22.452+0000][1][safepoint    ] Total time for which application threads were stopped: 0.0024940 seconds, Stopping threads took: 0.0000178 seconds
[2019-06-24T09:19:22.452+0000][1][safepoint    ] Application time: 0.0001682 seconds
[2019-06-24T09:19:22.452+0000][1][safepoint    ] Entering safepoint region: RevokeBias
[2019-06-24T09:19:22.452+0000][1][safepoint    ] Leaving safepoint region
[2019-06-24T09:19:22.452+0000][1][safepoint    ] Total time for which application threads were stopped: 0.0001018 seconds, Stopping threads took: 0.0000424 seconds
[2019-06-24T09:19:22.452+0000][1][safepoint    ] Application time: 0.0000618 seconds
[2019-06-24T09:19:22.452+0000][1][safepoint    ] Entering safepoint region: BulkRevokeBias
[2019-06-24T09:19:22.452+0000][1][safepoint    ] Leaving safepoint region
[2019-06-24T09:19:22.452+0000][1][safepoint    ] Total time for which application threads were stopped: 0.0001072 seconds, Stopping threads took: 0.0000299 seconds
[2019-06-24T09:19:22.452+0000][1][safepoint    ] Application time: 0.0000717 seconds
[2019-06-24T09:19:22.452+0000][1][safepoint    ] Entering safepoint region: BulkRevokeBias
[2019-06-24T09:19:22.452+0000][1][safepoint    ] Leaving safepoint region
[2019-06-24T09:19:22.452+0000][1][safepoint    ] Total time for which application threads were stopped: 0.0000962 seconds, Stopping threads took: 0.0000288 seconds
[2019-06-24T09:19:22.572+0000][1][safepoint    ] Application time: 0.1192363 seconds
[2019-06-24T09:19:22.572+0000][1][safepoint    ] Entering safepoint region: GenCollectForAllocation
[2019-06-24T09:19:22.572+0000][1][gc,start     ] GC(7) Pause Young (Allocation Failure)
[2019-06-24T09:19:22.572+0000][1][gc,task      ] GC(7) Using 5 workers of 8 for evacuation
[2019-06-24T09:19:22.574+0000][1][gc,age       ] GC(7) Desired survivor size 4456448 bytes, new threshold 6 (max threshold 6)
[2019-06-24T09:19:22.574+0000][1][gc,age       ] GC(7) Age table with threshold 6 (max threshold 6)
[2019-06-24T09:19:22.574+0000][1][gc,age       ] GC(7) - age   1:     555856 bytes,     555856 total
[2019-06-24T09:19:22.574+0000][1][gc,age       ] GC(7) - age   2:    1129416 bytes,    1685272 total
[2019-06-24T09:19:22.574+0000][1][gc,age       ] GC(7) - age   3:    2192768 bytes,    3878040 total
[2019-06-24T09:19:22.574+0000][1][gc,age       ] GC(7) - age   4:     443656 bytes,    4321696 total
[2019-06-24T09:19:22.574+0000][1][gc,heap      ] GC(7) ParNew: 75021K->5356K(78656K)
[2019-06-24T09:19:22.574+0000][1][gc,heap      ] GC(7) CMS: 11392K->11392K(174784K)
[2019-06-24T09:19:22.574+0000][1][gc,metaspace ] GC(7) Metaspace: 19697K->19697K(1067008K)
[2019-06-24T09:19:22.574+0000][1][gc           ] GC(7) Pause Young (Allocation Failure) 84M->16M(247M) 2.606ms
[2019-06-24T09:19:22.574+0000][1][gc,cpu       ] GC(7) User=0.01s Sys=0.00s Real=0.00s
[2019-06-24T09:19:22.574+0000][1][safepoint    ] Leaving safepoint region
[2019-06-24T09:19:22.574+0000][1][safepoint    ] Total time for which application threads were stopped: 0.0027595 seconds, Stopping threads took: 0.0000159 seconds
[2019-06-24T09:19:22.607+0000][1][safepoint    ] Application time: 0.0326713 seconds
[2019-06-24T09:19:22.607+0000][1][safepoint    ] Entering safepoint region: CollectForMetadataAllocation
[2019-06-24T09:19:22.607+0000][1][safepoint    ] Leaving safepoint region
[2019-06-24T09:19:22.607+0000][1][safepoint    ] Total time for which application threads were stopped: 0.0002070 seconds, Stopping threads took: 0.0000147 seconds
[2019-06-24T09:19:22.701+0000][1][safepoint    ] Application time: 0.0935851 seconds
[2019-06-24T09:19:22.701+0000][1][safepoint    ] Entering safepoint region: GenCollectForAllocation
[2019-06-24T09:19:22.701+0000][1][gc,start     ] GC(8) Pause Young (Allocation Failure)
[2019-06-24T09:19:22.701+0000][1][gc,task      ] GC(8) Using 5 workers of 8 for evacuation
[2019-06-24T09:19:22.704+0000][1][gc,age       ] GC(8) Desired survivor size 4456448 bytes, new threshold 4 (max threshold 6)
[2019-06-24T09:19:22.704+0000][1][gc,age       ] GC(8) Age table with threshold 4 (max threshold 6)
[2019-06-24T09:19:22.704+0000][1][gc,age       ] GC(8) - age   1:     788200 bytes,     788200 total
[2019-06-24T09:19:22.704+0000][1][gc,age       ] GC(8) - age   2:     536152 bytes,    1324352 total
[2019-06-24T09:19:22.704+0000][1][gc,age       ] GC(8) - age   3:    1129320 bytes,    2453672 total
[2019-06-24T09:19:22.704+0000][1][gc,age       ] GC(8) - age   4:    2192480 bytes,    4646152 total
[2019-06-24T09:19:22.704+0000][1][gc,age       ] GC(8) - age   5:     443608 bytes,    5089760 total
[2019-06-24T09:19:22.704+0000][1][gc,heap      ] GC(8) ParNew: 75308K->6966K(78656K)
[2019-06-24T09:19:22.704+0000][1][gc,heap      ] GC(8) CMS: 11392K->11392K(174784K)
[2019-06-24T09:19:22.704+0000][1][gc,metaspace ] GC(8) Metaspace: 20092K->20092K(1069056K)
[2019-06-24T09:19:22.704+0000][1][gc           ] GC(8) Pause Young (Allocation Failure) 84M->17M(247M) 3.327ms
[2019-06-24T09:19:22.704+0000][1][gc,cpu       ] GC(8) User=0.03s Sys=0.00s Real=0.01s
[2019-06-24T09:19:22.704+0000][1][safepoint    ] Leaving safepoint region
[2019-06-24T09:19:22.704+0000][1][safepoint    ] Total time for which application threads were stopped: 0.0034632 seconds, Stopping threads took: 0.0000172 seconds
[2019-06-24T09:19:22.704+0000][1][safepoint    ] Application time: 0.0001379 seconds
[2019-06-24T09:19:22.705+0000][1][safepoint    ] Entering safepoint region: CMS_Initial_Mark
[2019-06-24T09:19:22.705+0000][1][gc,start     ] GC(9) Pause Initial Mark
[2019-06-24T09:19:22.705+0000][1][gc           ] GC(9) Pause Initial Mark 19M->19M(247M) 0.859ms
[2019-06-24T09:19:22.705+0000][1][gc,cpu       ] GC(9) User=0.00s Sys=0.00s Real=0.00s
[2019-06-24T09:19:22.705+0000][1][safepoint    ] Leaving safepoint region
[2019-06-24T09:19:22.705+0000][1][safepoint    ] Total time for which application threads were stopped: 0.0009770 seconds, Stopping threads took: 0.0000419 seconds
[2019-06-24T09:19:22.706+0000][1][gc           ] GC(9) Concurrent Mark
[2019-06-24T09:19:22.706+0000][1][gc,task      ] GC(9) Using 2 workers of 2 for marking
[2019-06-24T09:19:22.716+0000][1][gc           ] GC(9) Concurrent Mark 10.264ms
[2019-06-24T09:19:22.716+0000][1][gc,cpu       ] GC(9) User=0.07s Sys=0.00s Real=0.01s
[2019-06-24T09:19:22.716+0000][1][gc           ] GC(9) Concurrent Preclean
[2019-06-24T09:19:22.717+0000][1][gc           ] GC(9) Concurrent Preclean 1.015ms
[2019-06-24T09:19:22.717+0000][1][gc,cpu       ] GC(9) User=0.00s Sys=0.00s Real=0.00s
[2019-06-24T09:19:22.717+0000][1][gc           ] GC(9) Concurrent Abortable Preclean
[2019-06-24T09:19:22.797+0000][1][safepoint    ] Application time: 0.0918482 seconds
[2019-06-24T09:19:22.797+0000][1][safepoint    ] Entering safepoint region: GenCollectForAllocation
[2019-06-24T09:19:22.797+0000][1][gc,start     ] GC(10) Pause Young (Allocation Failure)
[2019-06-24T09:19:22.798+0000][1][gc,task      ] GC(10) Using 5 workers of 8 for evacuation
[2019-06-24T09:19:22.803+0000][1][gc,age       ] GC(10) Desired survivor size 4456448 bytes, new threshold 6 (max threshold 6)
[2019-06-24T09:19:22.803+0000][1][gc,age       ] GC(10) Age table with threshold 6 (max threshold 6)
[2019-06-24T09:19:22.803+0000][1][gc,age       ] GC(10) - age   1:    1019360 bytes,    1019360 total
[2019-06-24T09:19:22.803+0000][1][gc,age       ] GC(10) - age   2:     463368 bytes,    1482728 total
[2019-06-24T09:19:22.803+0000][1][gc,age       ] GC(10) - age   3:     536032 bytes,    2018760 total
[2019-06-24T09:19:22.803+0000][1][gc,age       ] GC(10) - age   4:    1129320 bytes,    3148080 total
[2019-06-24T09:19:22.803+0000][1][gc,heap      ] GC(10) ParNew: 76918K->5914K(78656K)
[2019-06-24T09:19:22.803+0000][1][gc,heap      ] GC(10) CMS: 11392K->13985K(174784K)
[2019-06-24T09:19:22.803+0000][1][gc,metaspace ] GC(10) Metaspace: 20208K->20208K(1069056K)
[2019-06-24T09:19:22.803+0000][1][gc           ] GC(10) Pause Young (Allocation Failure) 86M->19M(247M) 5.499ms
[2019-06-24T09:19:22.803+0000][1][gc,cpu       ] GC(10) User=0.04s Sys=0.00s Real=0.01s
[2019-06-24T09:19:22.803+0000][1][safepoint    ] Leaving safepoint region
[2019-06-24T09:19:22.803+0000][1][safepoint    ] Total time for which application threads were stopped: 0.0056338 seconds, Stopping threads took: 0.0000283 seconds
[2019-06-24T09:19:22.901+0000][1][safepoint    ] Application time: 0.0983003 seconds
[2019-06-24T09:19:22.901+0000][1][safepoint    ] Entering safepoint region: GenCollectForAllocation
[2019-06-24T09:19:22.901+0000][1][gc,start     ] GC(11) Pause Young (Allocation Failure)
[2019-06-24T09:19:22.902+0000][1][gc,task      ] GC(11) Using 5 workers of 8 for evacuation
[2019-06-24T09:19:22.905+0000][1][gc,age       ] GC(11) Desired survivor size 4456448 bytes, new threshold 6 (max threshold 6)
[2019-06-24T09:19:22.905+0000][1][gc,age       ] GC(11) Age table with threshold 6 (max threshold 6)
[2019-06-24T09:19:22.905+0000][1][gc,age       ] GC(11) - age   1:    1888552 bytes,    1888552 total
[2019-06-24T09:19:22.905+0000][1][gc,age       ] GC(11) - age   2:      98808 bytes,    1987360 total
[2019-06-24T09:19:22.905+0000][1][gc,age       ] GC(11) - age   3:     463368 bytes,    2450728 total
[2019-06-24T09:19:22.905+0000][1][gc,age       ] GC(11) - age   4:     535880 bytes,    2986608 total
[2019-06-24T09:19:22.905+0000][1][gc,age       ] GC(11) - age   5:    1129032 bytes,    4115640 total
[2019-06-24T09:19:22.905+0000][1][gc,heap      ] GC(11) ParNew: 75866K->4804K(78656K)
[2019-06-24T09:19:22.905+0000][1][gc,heap      ] GC(11) CMS: 13985K->13985K(174784K)
[2019-06-24T09:19:22.905+0000][1][gc,metaspace ] GC(11) Metaspace: 20291K->20291K(1069056K)
[2019-06-24T09:19:22.905+0000][1][gc           ] GC(11) Pause Young (Allocation Failure) 87M->18M(247M) 3.174ms
[2019-06-24T09:19:22.905+0000][1][gc,cpu       ] GC(11) User=0.02s Sys=0.00s Real=0.01s
[2019-06-24T09:19:22.905+0000][1][safepoint    ] Leaving safepoint region
[2019-06-24T09:19:22.905+0000][1][safepoint    ] Total time for which application threads were stopped: 0.0033329 seconds, Stopping threads took: 0.0000163 seconds
[2019-06-24T09:19:22.962+0000][1][safepoint    ] Application time: 0.0574435 seconds
[2019-06-24T09:19:22.962+0000][1][safepoint    ] Entering safepoint region: CollectForMetadataAllocation
[2019-06-24T09:19:22.962+0000][1][safepoint    ] Leaving safepoint region
[2019-06-24T09:19:22.962+0000][1][safepoint    ] Total time for which application threads were stopped: 0.0001592 seconds, Stopping threads took: 0.0000143 seconds
[2019-06-24T09:19:22.977+0000][1][gc           ] GC(9) Concurrent Abortable Preclean 260.265ms
[2019-06-24T09:19:22.977+0000][1][gc,cpu       ] GC(9) User=1.18s Sys=0.01s Real=0.26s
[2019-06-24T09:19:22.977+0000][1][safepoint    ] Application time: 0.0149185 seconds
[2019-06-24T09:19:22.977+0000][1][safepoint    ] Entering safepoint region: CMS_Final_Remark
[2019-06-24T09:19:22.978+0000][1][gc,start     ] GC(9) Pause Remark
[2019-06-24T09:19:22.987+0000][1][gc           ] GC(9) Pause Remark 55M->55M(247M) 9.945ms
[2019-06-24T09:19:22.988+0000][1][gc,cpu       ] GC(9) User=0.06s Sys=0.00s Real=0.01s
[2019-06-24T09:19:22.988+0000][1][safepoint    ] Leaving safepoint region
[2019-06-24T09:19:22.988+0000][1][safepoint    ] Total time for which application threads were stopped: 0.0102201 seconds, Stopping threads took: 0.0001656 seconds
[2019-06-24T09:19:22.988+0000][1][gc           ] GC(9) Concurrent Sweep
[2019-06-24T09:19:22.988+0000][1][safepoint    ] Application time: 0.0000877 seconds
[2019-06-24T09:19:22.988+0000][1][safepoint    ] Entering safepoint region: Deoptimize
[2019-06-24T09:19:22.988+0000][1][safepoint    ] Leaving safepoint region
[2019-06-24T09:19:22.988+0000][1][safepoint    ] Total time for which application threads were stopped: 0.0008386 seconds, Stopping threads took: 0.0002811 seconds
[2019-06-24T09:19:22.993+0000][1][gc           ] GC(9) Concurrent Sweep 5.894ms
[2019-06-24T09:19:22.994+0000][1][gc,cpu       ] GC(9) User=0.01s Sys=0.00s Real=0.00s
[2019-06-24T09:19:22.994+0000][1][gc           ] GC(9) Concurrent Reset
[2019-06-24T09:19:22.994+0000][1][gc           ] GC(9) Concurrent Reset 0.403ms
[2019-06-24T09:19:22.994+0000][1][gc,cpu       ] GC(9) User=0.01s Sys=0.01s Real=0.00s
[2019-06-24T09:19:22.994+0000][1][gc,heap      ] GC(9) Old: 11392K->13959K(174784K)
[2019-06-24T09:19:23.293+0000][1][safepoint    ] Application time: 0.3043571 seconds
[2019-06-24T09:19:23.293+0000][1][safepoint    ] Entering safepoint region: Deoptimize
[2019-06-24T09:19:23.293+0000][1][safepoint    ] Leaving safepoint region
[2019-06-24T09:19:23.294+0000][1][safepoint    ] Total time for which application threads were stopped: 0.0006312 seconds, Stopping threads took: 0.0000145 seconds
[2019-06-24T09:19:23.302+0000][1][safepoint    ] Application time: 0.0084776 seconds
[2019-06-24T09:19:23.302+0000][1][safepoint    ] Entering safepoint region: RevokeBias
[2019-06-24T09:19:23.302+0000][1][safepoint    ] Leaving safepoint region
[2019-06-24T09:19:23.302+0000][1][safepoint    ] Total time for which application threads were stopped: 0.0000835 seconds, Stopping threads took: 0.0000383 seconds
[2019-06-24T09:19:23.303+0000][1][safepoint    ] Application time: 0.0004010 seconds
[2019-06-24T09:19:23.303+0000][1][safepoint    ] Entering safepoint region: Deoptimize
[2019-06-24T09:19:23.303+0000][1][safepoint    ] Leaving safepoint region
[2019-06-24T09:19:23.303+0000][1][safepoint    ] Total time for which application threads were stopped: 0.0002530 seconds, Stopping threads took: 0.0000252 seconds
[2019-06-24T09:19:23.306+0000][1][safepoint    ] Application time: 0.0031970 seconds
[2019-06-24T09:19:23.306+0000][1][safepoint    ] Entering safepoint region: Deoptimize
[2019-06-24T09:19:23.306+0000][1][safepoint    ] Leaving safepoint region
[2019-06-24T09:19:23.306+0000][1][safepoint    ] Total time for which application threads were stopped: 0.0002678 seconds, Stopping threads took: 0.0000098 seconds
[2019-06-24T09:19:23.396+0000][1][safepoint    ] Application time: 0.0897928 seconds
[2019-06-24T09:19:23.396+0000][1][safepoint    ] Entering safepoint region: GenCollectForAllocation
[2019-06-24T09:19:23.396+0000][1][gc,start     ] GC(12) Pause Young (Allocation Failure)
[2019-06-24T09:19:23.396+0000][1][gc,task      ] GC(12) Using 5 workers of 8 for evacuation
[2019-06-24T09:19:23.401+0000][1][gc,age       ] GC(12) Desired survivor size 4456448 bytes, new threshold 4 (max threshold 6)
[2019-06-24T09:19:23.401+0000][1][gc,age       ] GC(12) Age table with threshold 4 (max threshold 6)
[2019-06-24T09:19:23.401+0000][1][gc,age       ] GC(12) - age   1:    3802432 bytes,    3802432 total
[2019-06-24T09:19:23.401+0000][1][gc,age       ] GC(12) - age   2:     346032 bytes,    4148464 total
[2019-06-24T09:19:23.401+0000][1][gc,age       ] GC(12) - age   3:      98512 bytes,    4246976 total
[2019-06-24T09:19:23.401+0000][1][gc,age       ] GC(12) - age   4:     463112 bytes,    4710088 total
[2019-06-24T09:19:23.401+0000][1][gc,age       ] GC(12) - age   5:     530776 bytes,    5240864 total
[2019-06-24T09:19:23.401+0000][1][gc,age       ] GC(12) - age   6:    1128872 bytes,    6369736 total
[2019-06-24T09:19:23.401+0000][1][gc,heap      ] GC(12) ParNew: 74756K->7975K(78656K)
[2019-06-24T09:19:23.401+0000][1][gc,heap      ] GC(12) CMS: 13959K->13959K(174784K)
[2019-06-24T09:19:23.401+0000][1][gc,metaspace ] GC(12) Metaspace: 26172K->26172K(1073152K)
[2019-06-24T09:19:23.401+0000][1][gc           ] GC(12) Pause Young (Allocation Failure) 86M->21M(247M) 4.790ms
[2019-06-24T09:19:23.401+0000][1][gc,cpu       ] GC(12) User=0.03s Sys=0.00s Real=0.00s
[2019-06-24T09:19:23.401+0000][1][safepoint    ] Leaving safepoint region
[2019-06-24T09:19:23.401+0000][1][safepoint    ] Total time for which application threads were stopped: 0.0048943 seconds, Stopping threads took: 0.0000160 seconds
[2019-06-24T09:19:23.648+0000][1][safepoint    ] Application time: 0.2468261 seconds
[2019-06-24T09:19:23.648+0000][1][safepoint    ] Entering safepoint region: Deoptimize
[2019-06-24T09:19:23.648+0000][1][safepoint    ] Leaving safepoint region
[2019-06-24T09:19:23.648+0000][1][safepoint    ] Total time for which application threads were stopped: 0.0005611 seconds, Stopping threads took: 0.0000170 seconds
[2019-06-24T09:19:24.008+0000][1][safepoint    ] Application time: 0.3597953 seconds
[2019-06-24T09:19:24.008+0000][1][safepoint    ] Entering safepoint region: GenCollectForAllocation
[2019-06-24T09:19:24.008+0000][1][gc,start     ] GC(13) Pause Young (Allocation Failure)
[2019-06-24T09:19:24.008+0000][1][gc,task      ] GC(13) Using 5 workers of 8 for evacuation
[2019-06-24T09:19:24.028+0000][1][gc,age       ] GC(13) Desired survivor size 4456448 bytes, new threshold 1 (max threshold 6)
[2019-06-24T09:19:24.028+0000][1][gc,age       ] GC(13) Age table with threshold 1 (max threshold 6)
[2019-06-24T09:19:24.028+0000][1][gc,age       ] GC(13) - age   1:    5137544 bytes,    5137544 total
[2019-06-24T09:19:24.028+0000][1][gc,age       ] GC(13) - age   2:    3330736 bytes,    8468280 total
[2019-06-24T09:19:24.028+0000][1][gc,age       ] GC(13) - age   3:     345800 bytes,    8814080 total
[2019-06-24T09:19:24.028+0000][1][gc,age       ] GC(13) - age   4:      98512 bytes,    8912592 total
[2019-06-24T09:19:24.028+0000][1][gc,heap      ] GC(13) ParNew: 77927K->8704K(78656K)
[2019-06-24T09:19:24.028+0000][1][gc,heap      ] GC(13) CMS: 13959K->25209K(174784K)
[2019-06-24T09:19:24.028+0000][1][gc,metaspace ] GC(13) Metaspace: 26856K->26856K(1075200K)
[2019-06-24T09:19:24.028+0000][1][gc           ] GC(13) Pause Young (Allocation Failure) 89M->33M(247M) 19.234ms
[2019-06-24T09:19:24.028+0000][1][gc,cpu       ] GC(13) User=0.13s Sys=0.00s Real=0.02s
[2019-06-24T09:19:24.028+0000][1][safepoint    ] Leaving safepoint region
[2019-06-24T09:19:24.028+0000][1][safepoint    ] Total time for which application threads were stopped: 0.0193833 seconds, Stopping threads took: 0.0000205 seconds
[2019-06-24T09:19:24.387+0000][1][safepoint    ] Application time: 0.3597115 seconds
[2019-06-24T09:19:24.387+0000][1][safepoint    ] Entering safepoint region: GenCollectForAllocation
[2019-06-24T09:19:24.388+0000][1][gc,start     ] GC(14) Pause Young (Allocation Failure)
[2019-06-24T09:19:24.388+0000][1][gc,task      ] GC(14) Using 5 workers of 8 for evacuation
[2019-06-24T09:19:24.410+0000][1][gc,age       ] GC(14) Desired survivor size 4456448 bytes, new threshold 1 (max threshold 6)
[2019-06-24T09:19:24.410+0000][1][gc,age       ] GC(14) Age table with threshold 1 (max threshold 6)
[2019-06-24T09:19:24.410+0000][1][gc,age       ] GC(14) - age   1:    8763784 bytes,    8763784 total
[2019-06-24T09:19:24.410+0000][1][gc,heap      ] GC(14) ParNew: 78656K->8704K(78656K)
[2019-06-24T09:19:24.410+0000][1][gc,heap      ] GC(14) CMS: 25209K->38608K(174784K)
[2019-06-24T09:19:24.410+0000][1][gc,metaspace ] GC(14) Metaspace: 26901K->26901K(1075200K)
[2019-06-24T09:19:24.410+0000][1][gc           ] GC(14) Pause Young (Allocation Failure) 101M->46M(247M) 22.420ms
[2019-06-24T09:19:24.410+0000][1][gc,cpu       ] GC(14) User=0.15s Sys=0.00s Real=0.02s
[2019-06-24T09:19:24.410+0000][1][safepoint    ] Leaving safepoint region
[2019-06-24T09:19:24.410+0000][1][safepoint    ] Total time for which application threads were stopped: 0.0225828 seconds, Stopping threads took: 0.0000334 seconds
[2019-06-24T09:19:24.504+0000][1][safepoint    ] Application time: 0.0936837 seconds
[2019-06-24T09:19:24.504+0000][1][safepoint    ] Entering safepoint region: RevokeBias
[2019-06-24T09:19:24.504+0000][1][safepoint    ] Leaving safepoint region
[2019-06-24T09:19:24.504+0000][1][safepoint    ] Total time for which application threads were stopped: 0.0001148 seconds, Stopping threads took: 0.0000360 seconds
[2019-06-24T09:19:24.946+0000][1][safepoint    ] Application time: 0.4418098 seconds
[2019-06-24T09:19:24.946+0000][1][safepoint    ] Entering safepoint region: GenCollectForAllocation
[2019-06-24T09:19:24.946+0000][1][gc,start     ] GC(15) Pause Young (Allocation Failure)
[2019-06-24T09:19:24.946+0000][1][gc,task      ] GC(15) Using 5 workers of 8 for evacuation
[2019-06-24T09:19:24.962+0000][1][gc,age       ] GC(15) Desired survivor size 4456448 bytes, new threshold 1 (max threshold 6)
[2019-06-24T09:19:24.962+0000][1][gc,age       ] GC(15) Age table with threshold 1 (max threshold 6)
[2019-06-24T09:19:24.963+0000][1][gc,age       ] GC(15) - age   1:    7081704 bytes,    7081704 total
[2019-06-24T09:19:24.963+0000][1][gc,heap      ] GC(15) ParNew: 78656K->8704K(78656K)
[2019-06-24T09:19:24.963+0000][1][gc,heap      ] GC(15) CMS: 38608K->48515K(174784K)
[2019-06-24T09:19:24.963+0000][1][gc,metaspace ] GC(15) Metaspace: 32073K->32073K(1079296K)
[2019-06-24T09:19:24.963+0000][1][gc           ] GC(15) Pause Young (Allocation Failure) 114M->55M(247M) 16.658ms
[2019-06-24T09:19:24.963+0000][1][gc,cpu       ] GC(15) User=0.10s Sys=0.00s Real=0.02s
[2019-06-24T09:19:24.963+0000][1][safepoint    ] Leaving safepoint region
[2019-06-24T09:19:24.963+0000][1][safepoint    ] Total time for which application threads were stopped: 0.0168917 seconds, Stopping threads took: 0.0000173 seconds
[2019-06-24T09:19:25.066+0000][1][safepoint    ] Application time: 0.1032134 seconds
[2019-06-24T09:19:25.066+0000][1][safepoint    ] Entering safepoint region: GenCollectForAllocation
[2019-06-24T09:19:25.066+0000][1][gc,start     ] GC(16) Pause Young (Allocation Failure)
[2019-06-24T09:19:25.066+0000][1][gc,task      ] GC(16) Using 5 workers of 8 for evacuation
[2019-06-24T09:19:25.073+0000][1][gc,age       ] GC(16) Desired survivor size 4456448 bytes, new threshold 6 (max threshold 6)
[2019-06-24T09:19:25.073+0000][1][gc,age       ] GC(16) Age table with threshold 6 (max threshold 6)
[2019-06-24T09:19:25.073+0000][1][gc,age       ] GC(16) - age   1:     336144 bytes,     336144 total
[2019-06-24T09:19:25.073+0000][1][gc,heap      ] GC(16) ParNew: 78656K->7279K(78656K)
[2019-06-24T09:19:25.073+0000][1][gc,heap      ] GC(16) CMS: 48515K->55470K(174784K)
[2019-06-24T09:19:25.073+0000][1][gc,metaspace ] GC(16) Metaspace: 32734K->32734K(1079296K)
[2019-06-24T09:19:25.073+0000][1][gc           ] GC(16) Pause Young (Allocation Failure) 124M->61M(247M) 7.301ms
[2019-06-24T09:19:25.073+0000][1][gc,cpu       ] GC(16) User=0.04s Sys=0.00s Real=0.00s
[2019-06-24T09:19:25.073+0000][1][safepoint    ] Leaving safepoint region
[2019-06-24T09:19:25.073+0000][1][safepoint    ] Total time for which application threads were stopped: 0.0074428 seconds, Stopping threads took: 0.0000158 seconds
[2019-06-24T09:19:25.089+0000][1][safepoint    ] Application time: 0.0159839 seconds
[2019-06-24T09:19:25.089+0000][1][safepoint    ] Entering safepoint region: RevokeBias
[2019-06-24T09:19:25.089+0000][1][safepoint    ] Leaving safepoint region
[2019-06-24T09:19:25.089+0000][1][safepoint    ] Total time for which application threads were stopped: 0.0000675 seconds, Stopping threads took: 0.0000099 seconds
[2019-06-24T09:19:25.319+0000][1][safepoint    ] Application time: 0.2298120 seconds
[2019-06-24T09:19:25.319+0000][1][safepoint    ] Entering safepoint region: CollectForMetadataAllocation
[2019-06-24T09:19:25.320+0000][1][safepoint    ] Leaving safepoint region
[2019-06-24T09:19:25.320+0000][1][safepoint    ] Total time for which application threads were stopped: 0.0002464 seconds, Stopping threads took: 0.0000174 seconds
[2019-06-24T09:19:25.344+0000][1][safepoint    ] Application time: 0.0246013 seconds
[2019-06-24T09:19:25.344+0000][1][safepoint    ] Entering safepoint region: CollectForMetadataAllocation
[2019-06-24T09:19:25.344+0000][1][safepoint    ] Leaving safepoint region
[2019-06-24T09:19:25.344+0000][1][safepoint    ] Total time for which application threads were stopped: 0.0002161 seconds, Stopping threads took: 0.0000173 seconds
[2019-06-24T09:19:25.358+0000][1][safepoint    ] Application time: 0.0134092 seconds
[2019-06-24T09:19:25.358+0000][1][safepoint    ] Entering safepoint region: CollectForMetadataAllocation
[2019-06-24T09:19:25.358+0000][1][safepoint    ] Leaving safepoint region
[2019-06-24T09:19:25.358+0000][1][safepoint    ] Total time for which application threads were stopped: 0.0001898 seconds, Stopping threads took: 0.0000156 seconds
[2019-06-24T09:19:25.375+0000][1][safepoint    ] Application time: 0.0168865 seconds
[2019-06-24T09:19:25.375+0000][1][safepoint    ] Entering safepoint region: CollectForMetadataAllocation
[2019-06-24T09:19:25.375+0000][1][safepoint    ] Leaving safepoint region
[2019-06-24T09:19:25.375+0000][1][safepoint    ] Total time for which application threads were stopped: 0.0001911 seconds, Stopping threads took: 0.0000169 seconds
[2019-06-24T09:19:25.388+0000][1][safepoint    ] Application time: 0.0129439 seconds
[2019-06-24T09:19:25.388+0000][1][safepoint    ] Entering safepoint region: CollectForMetadataAllocation
[2019-06-24T09:19:25.388+0000][1][safepoint    ] Leaving safepoint region
[2019-06-24T09:19:25.388+0000][1][safepoint    ] Total time for which application threads were stopped: 0.0002107 seconds, Stopping threads took: 0.0000201 seconds
[2019-06-24T09:19:25.408+0000][1][safepoint    ] Application time: 0.0198667 seconds
[2019-06-24T09:19:25.408+0000][1][safepoint    ] Entering safepoint region: CollectForMetadataAllocation
[2019-06-24T09:19:25.408+0000][1][safepoint    ] Leaving safepoint region
[2019-06-24T09:19:25.408+0000][1][safepoint    ] Total time for which application threads were stopped: 0.0001810 seconds, Stopping threads took: 0.0000142 seconds
[2019-06-24T09:19:25.428+0000][1][safepoint    ] Application time: 0.0193694 seconds
[2019-06-24T09:19:25.428+0000][1][safepoint    ] Entering safepoint region: CollectForMetadataAllocation
[2019-06-24T09:19:25.428+0000][1][safepoint    ] Leaving safepoint region
[2019-06-24T09:19:25.428+0000][1][safepoint    ] Total time for which application threads were stopped: 0.0001371 seconds, Stopping threads took: 0.0000162 seconds
[2019-06-24T09:19:25.448+0000][1][safepoint    ] Application time: 0.0201354 seconds
[2019-06-24T09:19:25.448+0000][1][safepoint    ] Entering safepoint region: CollectForMetadataAllocation
[2019-06-24T09:19:25.448+0000][1][safepoint    ] Leaving safepoint region
[2019-06-24T09:19:25.448+0000][1][safepoint    ] Total time for which application threads were stopped: 0.0002047 seconds, Stopping threads took: 0.0000167 seconds
[2019-06-24T09:19:25.470+0000][1][safepoint    ] Application time: 0.0211288 seconds
[2019-06-24T09:19:25.470+0000][1][safepoint    ] Entering safepoint region: CollectForMetadataAllocation
[2019-06-24T09:19:25.470+0000][1][safepoint    ] Leaving safepoint region
[2019-06-24T09:19:25.470+0000][1][safepoint    ] Total time for which application threads were stopped: 0.0001848 seconds, Stopping threads took: 0.0000158 seconds
[2019-06-24T09:19:25.481+0000][1][safepoint    ] Application time: 0.0107272 seconds
[2019-06-24T09:19:25.481+0000][1][safepoint    ] Entering safepoint region: RevokeBias
[2019-06-24T09:19:25.481+0000][1][safepoint    ] Leaving safepoint region
[2019-06-24T09:19:25.481+0000][1][safepoint    ] Total time for which application threads were stopped: 0.0001510 seconds, Stopping threads took: 0.0000441 seconds
[2019-06-24T09:19:25.491+0000][1][safepoint    ] Application time: 0.0102237 seconds
[2019-06-24T09:19:25.491+0000][1][safepoint    ] Entering safepoint region: CollectForMetadataAllocation
[2019-06-24T09:19:25.491+0000][1][safepoint    ] Leaving safepoint region
[2019-06-24T09:19:25.491+0000][1][safepoint    ] Total time for which application threads were stopped: 0.0001911 seconds, Stopping threads took: 0.0000150 seconds
[2019-06-24T09:19:25.516+0000][1][safepoint    ] Application time: 0.0252049 seconds
[2019-06-24T09:19:25.516+0000][1][safepoint    ] Entering safepoint region: RevokeBias
[2019-06-24T09:19:25.517+0000][1][safepoint    ] Leaving safepoint region
[2019-06-24T09:19:25.517+0000][1][safepoint    ] Total time for which application threads were stopped: 0.0001166 seconds, Stopping threads took: 0.0000151 seconds
[2019-06-24T09:19:25.526+0000][1][safepoint    ] Application time: 0.0089748 seconds
[2019-06-24T09:19:25.526+0000][1][safepoint    ] Entering safepoint region: CollectForMetadataAllocation
[2019-06-24T09:19:25.526+0000][1][safepoint    ] Leaving safepoint region
[2019-06-24T09:19:25.526+0000][1][safepoint    ] Total time for which application threads were stopped: 0.0001893 seconds, Stopping threads took: 0.0000154 seconds
[2019-06-24T09:19:25.549+0000][1][safepoint    ] Application time: 0.0234178 seconds
[2019-06-24T09:19:25.549+0000][1][safepoint    ] Entering safepoint region: CollectForMetadataAllocation
[2019-06-24T09:19:25.549+0000][1][safepoint    ] Leaving safepoint region
[2019-06-24T09:19:25.549+0000][1][safepoint    ] Total time for which application threads were stopped: 0.0001512 seconds, Stopping threads took: 0.0000186 seconds
[2019-06-24T09:19:25.574+0000][1][safepoint    ] Application time: 0.0246543 seconds
[2019-06-24T09:19:25.574+0000][1][safepoint    ] Entering safepoint region: CollectForMetadataAllocation
[2019-06-24T09:19:25.574+0000][1][safepoint    ] Leaving safepoint region
[2019-06-24T09:19:25.574+0000][1][safepoint    ] Total time for which application threads were stopped: 0.0001744 seconds, Stopping threads took: 0.0000108 seconds
[2019-06-24T09:19:25.591+0000][1][safepoint    ] Application time: 0.0167651 seconds
[2019-06-24T09:19:25.591+0000][1][safepoint    ] Entering safepoint region: CollectForMetadataAllocation
[2019-06-24T09:19:25.591+0000][1][safepoint    ] Leaving safepoint region
[2019-06-24T09:19:25.591+0000][1][safepoint    ] Total time for which application threads were stopped: 0.0001269 seconds, Stopping threads took: 0.0000162 seconds
[2019-06-24T09:19:25.600+0000][1][safepoint    ] Application time: 0.0087171 seconds
[2019-06-24T09:19:25.600+0000][1][safepoint    ] Entering safepoint region: CollectForMetadataAllocation
[2019-06-24T09:19:25.600+0000][1][safepoint    ] Leaving safepoint region
[2019-06-24T09:19:25.600+0000][1][safepoint    ] Total time for which application threads were stopped: 0.0001952 seconds, Stopping threads took: 0.0000166 seconds
[2019-06-24T09:19:25.626+0000][1][safepoint    ] Application time: 0.0253944 seconds
[2019-06-24T09:19:25.626+0000][1][safepoint    ] Entering safepoint region: CollectForMetadataAllocation
[2019-06-24T09:19:25.626+0000][1][safepoint    ] Leaving safepoint region
[2019-06-24T09:19:25.626+0000][1][safepoint    ] Total time for which application threads were stopped: 0.0001601 seconds, Stopping threads took: 0.0000209 seconds
[2019-06-24T09:19:25.636+0000][1][safepoint    ] Application time: 0.0106747 seconds
[2019-06-24T09:19:25.636+0000][1][safepoint    ] Entering safepoint region: CollectForMetadataAllocation
[2019-06-24T09:19:25.637+0000][1][safepoint    ] Leaving safepoint region
[2019-06-24T09:19:25.637+0000][1][safepoint    ] Total time for which application threads were stopped: 0.0001398 seconds, Stopping threads took: 0.0000105 seconds
[2019-06-24T09:19:25.653+0000][1][safepoint    ] Application time: 0.0166263 seconds
[2019-06-24T09:19:25.653+0000][1][safepoint    ] Entering safepoint region: CollectForMetadataAllocation
[2019-06-24T09:19:25.653+0000][1][safepoint    ] Leaving safepoint region
[2019-06-24T09:19:25.653+0000][1][safepoint    ] Total time for which application threads were stopped: 0.0001308 seconds, Stopping threads took: 0.0000105 seconds
[2019-06-24T09:19:25.668+0000][1][safepoint    ] Application time: 0.0143707 seconds
[2019-06-24T09:19:25.668+0000][1][safepoint    ] Entering safepoint region: CollectForMetadataAllocation
[2019-06-24T09:19:25.668+0000][1][safepoint    ] Leaving safepoint region
[2019-06-24T09:19:25.668+0000][1][safepoint    ] Total time for which application threads were stopped: 0.0001423 seconds, Stopping threads took: 0.0000100 seconds
[2019-06-24T09:19:25.683+0000][1][safepoint    ] Application time: 0.0148782 seconds
[2019-06-24T09:19:25.683+0000][1][safepoint    ] Entering safepoint region: CollectForMetadataAllocation
[2019-06-24T09:19:25.683+0000][1][safepoint    ] Leaving safepoint region
[2019-06-24T09:19:25.683+0000][1][safepoint    ] Total time for which application threads were stopped: 0.0001415 seconds, Stopping threads took: 0.0000155 seconds
[2019-06-24T09:19:25.697+0000][1][safepoint    ] Application time: 0.0137912 seconds
[2019-06-24T09:19:25.697+0000][1][safepoint    ] Entering safepoint region: CollectForMetadataAllocation
[2019-06-24T09:19:25.697+0000][1][safepoint    ] Leaving safepoint region
[2019-06-24T09:19:25.697+0000][1][safepoint    ] Total time for which application threads were stopped: 0.0001711 seconds, Stopping threads took: 0.0000361 seconds
[2019-06-24T09:19:25.724+0000][1][safepoint    ] Application time: 0.0267986 seconds
[2019-06-24T09:19:25.724+0000][1][safepoint    ] Entering safepoint region: CollectForMetadataAllocation
[2019-06-24T09:19:25.724+0000][1][safepoint    ] Leaving safepoint region
[2019-06-24T09:19:25.724+0000][1][safepoint    ] Total time for which application threads were stopped: 0.0002112 seconds, Stopping threads took: 0.0000167 seconds
[2019-06-24T09:19:25.734+0000][1][safepoint    ] Application time: 0.0102535 seconds
[2019-06-24T09:19:25.734+0000][1][safepoint    ] Entering safepoint region: CollectForMetadataAllocation
[2019-06-24T09:19:25.735+0000][1][safepoint    ] Leaving safepoint region
[2019-06-24T09:19:25.735+0000][1][safepoint    ] Total time for which application threads were stopped: 0.0002837 seconds, Stopping threads took: 0.0001163 seconds
[2019-06-24T09:19:25.755+0000][1][safepoint    ] Application time: 0.0198632 seconds
[2019-06-24T09:19:25.755+0000][1][safepoint    ] Entering safepoint region: CollectForMetadataAllocation
[2019-06-24T09:19:25.755+0000][1][safepoint    ] Leaving safepoint region
[2019-06-24T09:19:25.755+0000][1][safepoint    ] Total time for which application threads were stopped: 0.0001594 seconds, Stopping threads took: 0.0000164 seconds
[2019-06-24T09:19:25.774+0000][1][safepoint    ] Application time: 0.0191114 seconds
[2019-06-24T09:19:25.774+0000][1][safepoint    ] Entering safepoint region: CollectForMetadataAllocation
[2019-06-24T09:19:25.774+0000][1][safepoint    ] Leaving safepoint region
[2019-06-24T09:19:25.774+0000][1][safepoint    ] Total time for which application threads were stopped: 0.0001899 seconds, Stopping threads took: 0.0000175 seconds
[2019-06-24T09:19:25.799+0000][1][safepoint    ] Application time: 0.0246314 seconds
[2019-06-24T09:19:25.799+0000][1][safepoint    ] Entering safepoint region: CollectForMetadataAllocation
[2019-06-24T09:19:25.799+0000][1][safepoint    ] Leaving safepoint region
[2019-06-24T09:19:25.799+0000][1][safepoint    ] Total time for which application threads were stopped: 0.0003039 seconds, Stopping threads took: 0.0000155 seconds
[2019-06-24T09:19:26.016+0000][1][safepoint    ] Application time: 0.2164189 seconds
[2019-06-24T09:19:26.016+0000][1][safepoint    ] Entering safepoint region: CollectForMetadataAllocation
[2019-06-24T09:19:26.016+0000][1][safepoint    ] Leaving safepoint region
[2019-06-24T09:19:26.016+0000][1][safepoint    ] Total time for which application threads were stopped: 0.0001720 seconds, Stopping threads took: 0.0000178 seconds
[2019-06-24T09:19:26.115+0000][1][safepoint    ] Application time: 0.0995836 seconds
[2019-06-24T09:19:26.115+0000][1][safepoint    ] Entering safepoint region: CollectForMetadataAllocation
[2019-06-24T09:19:26.115+0000][1][safepoint    ] Leaving safepoint region
[2019-06-24T09:19:26.115+0000][1][safepoint    ] Total time for which application threads were stopped: 0.0001274 seconds, Stopping threads took: 0.0000095 seconds
[2019-06-24T09:19:26.295+0000][1][safepoint    ] Application time: 0.1797925 seconds
[2019-06-24T09:19:26.295+0000][1][safepoint    ] Entering safepoint region: GenCollectForAllocation
[2019-06-24T09:19:26.295+0000][1][gc,start     ] GC(17) Pause Young (Allocation Failure)
[2019-06-24T09:19:26.295+0000][1][gc,task      ] GC(17) Using 5 workers of 8 for evacuation
[2019-06-24T09:19:26.300+0000][1][gc,age       ] GC(17) Desired survivor size 4456448 bytes, new threshold 6 (max threshold 6)
[2019-06-24T09:19:26.300+0000][1][gc,age       ] GC(17) Age table with threshold 6 (max threshold 6)
[2019-06-24T09:19:26.300+0000][1][gc,age       ] GC(17) - age   1:    3766000 bytes,    3766000 total
[2019-06-24T09:19:26.300+0000][1][gc,age       ] GC(17) - age   2:     296736 bytes,    4062736 total
[2019-06-24T09:19:26.300+0000][1][gc,heap      ] GC(17) ParNew: 77231K->4891K(78656K)
[2019-06-24T09:19:26.300+0000][1][gc,heap      ] GC(17) CMS: 55470K->55470K(174784K)
[2019-06-24T09:19:26.300+0000][1][gc,metaspace ] GC(17) Metaspace: 42115K->42115K(1087488K)
[2019-06-24T09:19:26.300+0000][1][gc           ] GC(17) Pause Young (Allocation Failure) 129M->58M(247M) 4.274ms
[2019-06-24T09:19:26.300+0000][1][gc,cpu       ] GC(17) User=0.02s Sys=0.00s Real=0.00s
[2019-06-24T09:19:26.300+0000][1][safepoint    ] Leaving safepoint region
[2019-06-24T09:19:26.300+0000][1][safepoint    ] Total time for which application threads were stopped: 0.0043888 seconds, Stopping threads took: 0.0000113 seconds
[2019-06-24T09:19:26.300+0000][1][safepoint    ] Application time: 0.0001347 seconds
[2019-06-24T09:19:26.300+0000][1][safepoint    ] Entering safepoint region: CMS_Initial_Mark
[2019-06-24T09:19:26.300+0000][1][gc,start     ] GC(18) Pause Initial Mark
[2019-06-24T09:19:26.301+0000][1][gc           ] GC(18) Pause Initial Mark 60M->60M(247M) 1.361ms
[2019-06-24T09:19:26.301+0000][1][gc,cpu       ] GC(18) User=0.01s Sys=0.00s Real=0.00s
[2019-06-24T09:19:26.301+0000][1][safepoint    ] Leaving safepoint region
[2019-06-24T09:19:26.301+0000][1][safepoint    ] Total time for which application threads were stopped: 0.0015129 seconds, Stopping threads took: 0.0000855 seconds
[2019-06-24T09:19:26.301+0000][1][gc           ] GC(18) Concurrent Mark
[2019-06-24T09:19:26.301+0000][1][gc,task      ] GC(18) Using 2 workers of 2 for marking
[2019-06-24T09:19:26.305+0000][1][safepoint    ] Application time: 0.0035902 seconds
[2019-06-24T09:19:26.305+0000][1][safepoint    ] Entering safepoint region: RevokeBias
[2019-06-24T09:19:26.305+0000][1][safepoint    ] Leaving safepoint region
[2019-06-24T09:19:26.305+0000][1][safepoint    ] Total time for which application threads were stopped: 0.0000631 seconds, Stopping threads took: 0.0000267 seconds
[2019-06-24T09:19:26.305+0000][1][safepoint    ] Application time: 0.0001086 seconds
[2019-06-24T09:19:26.305+0000][1][safepoint    ] Entering safepoint region: RevokeBias
[2019-06-24T09:19:26.305+0000][1][safepoint    ] Leaving safepoint region
[2019-06-24T09:19:26.305+0000][1][safepoint    ] Total time for which application threads were stopped: 0.0000414 seconds, Stopping threads took: 0.0000131 seconds
[2019-06-24T09:19:26.314+0000][1][safepoint    ] Application time: 0.0088443 seconds
[2019-06-24T09:19:26.314+0000][1][safepoint    ] Entering safepoint region: CollectForMetadataAllocation
[2019-06-24T09:19:26.314+0000][1][safepoint    ] Leaving safepoint region
[2019-06-24T09:19:26.314+0000][1][safepoint    ] Total time for which application threads were stopped: 0.0001148 seconds, Stopping threads took: 0.0000116 seconds
[2019-06-24T09:19:26.335+0000][1][safepoint    ] Application time: 0.0204542 seconds
[2019-06-24T09:19:26.335+0000][1][safepoint    ] Entering safepoint region: CollectForMetadataAllocation
[2019-06-24T09:19:26.335+0000][1][safepoint    ] Leaving safepoint region
[2019-06-24T09:19:26.335+0000][1][safepoint    ] Total time for which application threads were stopped: 0.0001302 seconds, Stopping threads took: 0.0000128 seconds
[2019-06-24T09:19:26.349+0000][1][gc           ] GC(18) Concurrent Mark 47.815ms
[2019-06-24T09:19:26.349+0000][1][gc,cpu       ] GC(18) User=0.24s Sys=0.01s Real=0.05s
[2019-06-24T09:19:26.349+0000][1][gc           ] GC(18) Concurrent Preclean
[2019-06-24T09:19:26.351+0000][1][gc           ] GC(18) Concurrent Preclean 1.991ms
[2019-06-24T09:19:26.351+0000][1][gc,cpu       ] GC(18) User=0.01s Sys=0.00s Real=0.00s
[2019-06-24T09:19:26.351+0000][1][gc           ] GC(18) Concurrent Abortable Preclean
[2019-06-24T09:19:26.530+0000][1][safepoint    ] Application time: 0.1948001 seconds
[2019-06-24T09:19:26.530+0000][1][safepoint    ] Entering safepoint region: CollectForMetadataAllocation
[2019-06-24T09:19:26.530+0000][1][safepoint    ] Leaving safepoint region
[2019-06-24T09:19:26.530+0000][1][safepoint    ] Total time for which application threads were stopped: 0.0002715 seconds, Stopping threads took: 0.0000171 seconds
[2019-06-24T09:19:26.550+0000][1][safepoint    ] Application time: 0.0201717 seconds
[2019-06-24T09:19:26.550+0000][1][safepoint    ] Entering safepoint region: CollectForMetadataAllocation
[2019-06-24T09:19:26.550+0000][1][safepoint    ] Leaving safepoint region
[2019-06-24T09:19:26.550+0000][1][safepoint    ] Total time for which application threads were stopped: 0.0001939 seconds, Stopping threads took: 0.0000159 seconds
[2019-06-24T09:19:26.562+0000][1][safepoint    ] Application time: 0.0116091 seconds
[2019-06-24T09:19:26.562+0000][1][safepoint    ] Entering safepoint region: CollectForMetadataAllocation
[2019-06-24T09:19:26.562+0000][1][safepoint    ] Leaving safepoint region
[2019-06-24T09:19:26.562+0000][1][safepoint    ] Total time for which application threads were stopped: 0.0002185 seconds, Stopping threads took: 0.0000168 seconds
[2019-06-24T09:19:26.594+0000][1][safepoint    ] Application time: 0.0320787 seconds
[2019-06-24T09:19:26.594+0000][1][safepoint    ] Entering safepoint region: CollectForMetadataAllocation
[2019-06-24T09:19:26.595+0000][1][safepoint    ] Leaving safepoint region
[2019-06-24T09:19:26.595+0000][1][safepoint    ] Total time for which application threads were stopped: 0.0003210 seconds, Stopping threads took: 0.0000153 seconds
[2019-06-24T09:19:26.625+0000][1][safepoint    ] Application time: 0.0299359 seconds
[2019-06-24T09:19:26.625+0000][1][safepoint    ] Entering safepoint region: CollectForMetadataAllocation
[2019-06-24T09:19:26.625+0000][1][safepoint    ] Leaving safepoint region
[2019-06-24T09:19:26.625+0000][1][safepoint    ] Total time for which application threads were stopped: 0.0002167 seconds, Stopping threads took: 0.0000159 seconds
[2019-06-24T09:19:26.625+0000][1][gc           ] GC(18) Concurrent Abortable Preclean 273.668ms
[2019-06-24T09:19:26.625+0000][1][gc,cpu       ] GC(18) User=1.22s Sys=0.02s Real=0.28s
[2019-06-24T09:19:26.625+0000][1][safepoint    ] Application time: 0.0000987 seconds
[2019-06-24T09:19:26.625+0000][1][safepoint    ] Entering safepoint region: CMS_Final_Remark
[2019-06-24T09:19:26.625+0000][1][gc,start     ] GC(18) Pause Remark
[2019-06-24T09:19:26.639+0000][1][gc           ] GC(18) Pause Remark 98M->98M(247M) 13.516ms
[2019-06-24T09:19:26.639+0000][1][gc,cpu       ] GC(18) User=0.06s Sys=0.00s Real=0.01s
[2019-06-24T09:19:26.639+0000][1][safepoint    ] Leaving safepoint region
[2019-06-24T09:19:26.639+0000][1][safepoint    ] Total time for which application threads were stopped: 0.0136512 seconds, Stopping threads took: 0.0000351 seconds
[2019-06-24T09:19:26.639+0000][1][gc           ] GC(18) Concurrent Sweep
[2019-06-24T09:19:26.647+0000][1][safepoint    ] Application time: 0.0078826 seconds
[2019-06-24T09:19:26.647+0000][1][safepoint    ] Entering safepoint region: CollectForMetadataAllocation
[2019-06-24T09:19:26.647+0000][1][safepoint    ] Leaving safepoint region
[2019-06-24T09:19:26.647+0000][1][safepoint    ] Total time for which application threads were stopped: 0.0006934 seconds, Stopping threads took: 0.0000120 seconds
[2019-06-24T09:19:26.676+0000][1][gc           ] GC(18) Concurrent Sweep 37.202ms
[2019-06-24T09:19:26.676+0000][1][gc,cpu       ] GC(18) User=0.17s Sys=0.00s Real=0.04s
[2019-06-24T09:19:26.676+0000][1][gc           ] GC(18) Concurrent Reset
[2019-06-24T09:19:26.677+0000][1][gc           ] GC(18) Concurrent Reset 0.488ms
[2019-06-24T09:19:26.677+0000][1][gc,cpu       ] GC(18) User=0.01s Sys=0.00s Real=0.00s
[2019-06-24T09:19:26.677+0000][1][gc,heap      ] GC(18) Old: 55470K->55254K(174784K)
[2019-06-24T09:19:26.695+0000][1][safepoint    ] Application time: 0.0478355 seconds
[2019-06-24T09:19:26.695+0000][1][safepoint    ] Entering safepoint region: RevokeBias
[2019-06-24T09:19:26.695+0000][1][safepoint    ] Leaving safepoint region
[2019-06-24T09:19:26.695+0000][1][safepoint    ] Total time for which application threads were stopped: 0.0000949 seconds, Stopping threads took: 0.0000109 seconds
[2019-06-24T09:19:26.700+0000][1][safepoint    ] Application time: 0.0049348 seconds
[2019-06-24T09:19:26.700+0000][1][safepoint    ] Entering safepoint region: RevokeBias
[2019-06-24T09:19:26.700+0000][1][safepoint    ] Leaving safepoint region
[2019-06-24T09:19:26.700+0000][1][safepoint    ] Total time for which application threads were stopped: 0.0000577 seconds, Stopping threads took: 0.0000098 seconds
[2019-06-24T09:19:26.837+0000][1][safepoint    ] Application time: 0.1365300 seconds
[2019-06-24T09:19:26.837+0000][1][safepoint    ] Entering safepoint region: RevokeBias
[2019-06-24T09:19:26.837+0000][1][safepoint    ] Leaving safepoint region
[2019-06-24T09:19:26.837+0000][1][safepoint    ] Total time for which application threads were stopped: 0.0004472 seconds, Stopping threads took: 0.0000587 seconds
[2019-06-24T09:19:26.837+0000][1][safepoint    ] Application time: 0.0000567 seconds
[2019-06-24T09:19:26.837+0000][1][safepoint    ] Entering safepoint region: RevokeBias
[2019-06-24T09:19:26.838+0000][1][safepoint    ] Leaving safepoint region
[2019-06-24T09:19:26.838+0000][1][safepoint    ] Total time for which application threads were stopped: 0.0000745 seconds, Stopping threads took: 0.0000131 seconds
[2019-06-24T09:19:26.838+0000][1][safepoint    ] Application time: 0.0002165 seconds
[2019-06-24T09:19:26.838+0000][1][safepoint    ] Entering safepoint region: RevokeBias
[2019-06-24T09:19:26.838+0000][1][safepoint    ] Leaving safepoint region
[2019-06-24T09:19:26.838+0000][1][safepoint    ] Total time for which application threads were stopped: 0.0000834 seconds, Stopping threads took: 0.0000346 seconds
[2019-06-24T09:19:26.838+0000][1][safepoint    ] Application time: 0.0001087 seconds
[2019-06-24T09:19:26.838+0000][1][safepoint    ] Entering safepoint region: RevokeBias
[2019-06-24T09:19:26.838+0000][1][safepoint    ] Leaving safepoint region
[2019-06-24T09:19:26.838+0000][1][safepoint    ] Total time for which application threads were stopped: 0.0003674 seconds, Stopping threads took: 0.0003241 seconds
[2019-06-24T09:19:26.903+0000][1][safepoint    ] Application time: 0.0643575 seconds
[2019-06-24T09:19:26.903+0000][1][safepoint    ] Entering safepoint region: RevokeBias
[2019-06-24T09:19:26.903+0000][1][safepoint    ] Leaving safepoint region
[2019-06-24T09:19:26.903+0000][1][safepoint    ] Total time for which application threads were stopped: 0.0003772 seconds, Stopping threads took: 0.0002881 seconds
[2019-06-24T09:19:26.903+0000][1][safepoint    ] Application time: 0.0001099 seconds
[2019-06-24T09:19:26.903+0000][1][safepoint    ] Entering safepoint region: RevokeBias
[2019-06-24T09:19:26.903+0000][1][safepoint    ] Leaving safepoint region
[2019-06-24T09:19:26.903+0000][1][safepoint    ] Total time for which application threads were stopped: 0.0000834 seconds, Stopping threads took: 0.0000408 seconds
[2019-06-24T09:19:26.904+0000][1][safepoint    ] Application time: 0.0002948 seconds
[2019-06-24T09:19:26.904+0000][1][safepoint    ] Entering safepoint region: RevokeBias
[2019-06-24T09:19:26.904+0000][1][safepoint    ] Leaving safepoint region
[2019-06-24T09:19:26.904+0000][1][safepoint    ] Total time for which application threads were stopped: 0.0001787 seconds, Stopping threads took: 0.0001293 seconds
[2019-06-24T09:19:26.904+0000][1][safepoint    ] Application time: 0.0003969 seconds
[2019-06-24T09:19:26.904+0000][1][safepoint    ] Entering safepoint region: RevokeBias
[2019-06-24T09:19:26.904+0000][1][safepoint    ] Leaving safepoint region
[2019-06-24T09:19:26.904+0000][1][safepoint    ] Total time for which application threads were stopped: 0.0001137 seconds, Stopping threads took: 0.0000410 seconds
[2019-06-24T09:19:26.905+0000][1][safepoint    ] Application time: 0.0002141 seconds
[2019-06-24T09:19:26.905+0000][1][safepoint    ] Entering safepoint region: RevokeBias
[2019-06-24T09:19:26.905+0000][1][safepoint    ] Leaving safepoint region
[2019-06-24T09:19:26.905+0000][1][safepoint    ] Total time for which application threads were stopped: 0.0001569 seconds, Stopping threads took: 0.0001185 seconds
[2019-06-24T09:19:26.905+0000][1][safepoint    ] Application time: 0.0000688 seconds
[2019-06-24T09:19:26.905+0000][1][safepoint    ] Entering safepoint region: RevokeBias
[2019-06-24T09:19:26.905+0000][1][safepoint    ] Leaving safepoint region
[2019-06-24T09:19:26.905+0000][1][safepoint    ] Total time for which application threads were stopped: 0.0001045 seconds, Stopping threads took: 0.0000721 seconds
[2019-06-24T09:19:26.905+0000][1][safepoint    ] Application time: 0.0001365 seconds
[2019-06-24T09:19:26.905+0000][1][safepoint    ] Entering safepoint region: RevokeBias
[2019-06-24T09:19:26.905+0000][1][safepoint    ] Leaving safepoint region
[2019-06-24T09:19:26.905+0000][1][safepoint    ] Total time for which application threads were stopped: 0.0000501 seconds, Stopping threads took: 0.0000075 seconds
[2019-06-24T09:19:26.905+0000][1][safepoint    ] Application time: 0.0000389 seconds
[2019-06-24T09:19:26.905+0000][1][safepoint    ] Entering safepoint region: RevokeBias
[2019-06-24T09:19:26.905+0000][1][safepoint    ] Leaving safepoint region
[2019-06-24T09:19:26.905+0000][1][safepoint    ] Total time for which application threads were stopped: 0.0000467 seconds, Stopping threads took: 0.0000068 seconds
[2019-06-24T09:19:26.905+0000][1][safepoint    ] Application time: 0.0000368 seconds
[2019-06-24T09:19:26.905+0000][1][safepoint    ] Entering safepoint region: RevokeBias
[2019-06-24T09:19:26.905+0000][1][safepoint    ] Leaving safepoint region
[2019-06-24T09:19:26.905+0000][1][safepoint    ] Total time for which application threads were stopped: 0.0000396 seconds, Stopping threads took: 0.0000067 seconds
[2019-06-24T09:19:26.905+0000][1][safepoint    ] Application time: 0.0000365 seconds
[2019-06-24T09:19:26.905+0000][1][safepoint    ] Entering safepoint region: RevokeBias
[2019-06-24T09:19:26.905+0000][1][safepoint    ] Leaving safepoint region
[2019-06-24T09:19:26.905+0000][1][safepoint    ] Total time for which application threads were stopped: 0.0000348 seconds, Stopping threads took: 0.0000062 seconds
[2019-06-24T09:19:26.906+0000][1][safepoint    ] Application time: 0.0000371 seconds
[2019-06-24T09:19:26.906+0000][1][safepoint    ] Entering safepoint region: RevokeBias
[2019-06-24T09:19:26.906+0000][1][safepoint    ] Leaving safepoint region
[2019-06-24T09:19:26.906+0000][1][safepoint    ] Total time for which application threads were stopped: 0.0000350 seconds, Stopping threads took: 0.0000062 seconds
[2019-06-24T09:19:26.906+0000][1][safepoint    ] Application time: 0.0000354 seconds
[2019-06-24T09:19:26.906+0000][1][safepoint    ] Entering safepoint region: RevokeBias
[2019-06-24T09:19:26.906+0000][1][safepoint    ] Leaving safepoint region
[2019-06-24T09:19:26.906+0000][1][safepoint    ] Total time for which application threads were stopped: 0.0000343 seconds, Stopping threads took: 0.0000062 seconds
[2019-06-24T09:19:26.906+0000][1][safepoint    ] Application time: 0.0000330 seconds
[2019-06-24T09:19:26.906+0000][1][safepoint    ] Entering safepoint region: RevokeBias
[2019-06-24T09:19:26.906+0000][1][safepoint    ] Leaving safepoint region
[2019-06-24T09:19:26.906+0000][1][safepoint    ] Total time for which application threads were stopped: 0.0001624 seconds, Stopping threads took: 0.0001102 seconds
[2019-06-24T09:19:26.906+0000][1][safepoint    ] Application time: 0.0000342 seconds
[2019-06-24T09:19:26.906+0000][1][safepoint    ] Entering safepoint region: RevokeBias
[2019-06-24T09:19:26.906+0000][1][safepoint    ] Leaving safepoint region
[2019-06-24T09:19:26.906+0000][1][safepoint    ] Total time for which application threads were stopped: 0.0000366 seconds, Stopping threads took: 0.0000062 seconds
[2019-06-24T09:19:26.906+0000][1][safepoint    ] Application time: 0.0000327 seconds
[2019-06-24T09:19:26.906+0000][1][safepoint    ] Entering safepoint region: RevokeBias
[2019-06-24T09:19:26.906+0000][1][safepoint    ] Leaving safepoint region
[2019-06-24T09:19:26.906+0000][1][safepoint    ] Total time for which application threads were stopped: 0.0000567 seconds, Stopping threads took: 0.0000275 seconds
[2019-06-24T09:19:26.906+0000][1][safepoint    ] Application time: 0.0000326 seconds
[2019-06-24T09:19:26.906+0000][1][safepoint    ] Entering safepoint region: RevokeBias
[2019-06-24T09:19:26.906+0000][1][safepoint    ] Leaving safepoint region
[2019-06-24T09:19:26.906+0000][1][safepoint    ] Total time for which application threads were stopped: 0.0000660 seconds, Stopping threads took: 0.0000359 seconds
[2019-06-24T09:19:26.906+0000][1][safepoint    ] Application time: 0.0000356 seconds
[2019-06-24T09:19:26.906+0000][1][safepoint    ] Entering safepoint region: RevokeBias
[2019-06-24T09:19:26.906+0000][1][safepoint    ] Leaving safepoint region
[2019-06-24T09:19:26.906+0000][1][safepoint    ] Total time for which application threads were stopped: 0.0000349 seconds, Stopping threads took: 0.0000062 seconds
[2019-06-24T09:19:26.906+0000][1][safepoint    ] Application time: 0.0000329 seconds
[2019-06-24T09:19:26.906+0000][1][safepoint    ] Entering safepoint region: RevokeBias
[2019-06-24T09:19:26.906+0000][1][safepoint    ] Leaving safepoint region
[2019-06-24T09:19:26.906+0000][1][safepoint    ] Total time for which application threads were stopped: 0.0000344 seconds, Stopping threads took: 0.0000062 seconds
[2019-06-24T09:19:26.906+0000][1][safepoint    ] Application time: 0.0000329 seconds
[2019-06-24T09:19:26.906+0000][1][safepoint    ] Entering safepoint region: RevokeBias
[2019-06-24T09:19:26.906+0000][1][safepoint    ] Leaving safepoint region
[2019-06-24T09:19:26.906+0000][1][safepoint    ] Total time for which application threads were stopped: 0.0000515 seconds, Stopping threads took: 0.0000233 seconds
[2019-06-24T09:19:26.906+0000][1][safepoint    ] Application time: 0.0000334 seconds
[2019-06-24T09:19:26.906+0000][1][safepoint    ] Entering safepoint region: RevokeBias
[2019-06-24T09:19:26.907+0000][1][safepoint    ] Leaving safepoint region
[2019-06-24T09:19:26.907+0000][1][safepoint    ] Total time for which application threads were stopped: 0.0000812 seconds, Stopping threads took: 0.0000496 seconds
[2019-06-24T09:19:26.907+0000][1][safepoint    ] Application time: 0.0000368 seconds
[2019-06-24T09:19:26.907+0000][1][safepoint    ] Entering safepoint region: RevokeBias
[2019-06-24T09:19:26.907+0000][1][safepoint    ] Leaving safepoint region
[2019-06-24T09:19:26.907+0000][1][safepoint    ] Total time for which application threads were stopped: 0.0000553 seconds, Stopping threads took: 0.0000260 seconds
[2019-06-24T09:19:26.907+0000][1][safepoint    ] Application time: 0.0000335 seconds
[2019-06-24T09:19:26.907+0000][1][safepoint    ] Entering safepoint region: RevokeBias
[2019-06-24T09:19:26.907+0000][1][safepoint    ] Leaving safepoint region
[2019-06-24T09:19:26.907+0000][1][safepoint    ] Total time for which application threads were stopped: 0.0000350 seconds, Stopping threads took: 0.0000063 seconds
[2019-06-24T09:19:26.907+0000][1][safepoint    ] Application time: 0.0000345 seconds
[2019-06-24T09:19:26.907+0000][1][safepoint    ] Entering safepoint region: RevokeBias
[2019-06-24T09:19:26.907+0000][1][safepoint    ] Leaving safepoint region
[2019-06-24T09:19:26.907+0000][1][safepoint    ] Total time for which application threads were stopped: 0.0000348 seconds, Stopping threads took: 0.0000061 seconds
[2019-06-24T09:19:26.907+0000][1][safepoint    ] Application time: 0.0000348 seconds
[2019-06-24T09:19:26.907+0000][1][safepoint    ] Entering safepoint region: RevokeBias
[2019-06-24T09:19:26.907+0000][1][safepoint    ] Leaving safepoint region
[2019-06-24T09:19:26.907+0000][1][safepoint    ] Total time for which application threads were stopped: 0.0000513 seconds, Stopping threads took: 0.0000224 seconds
[2019-06-24T09:19:26.907+0000][1][safepoint    ] Application time: 0.0000334 seconds
[2019-06-24T09:19:26.907+0000][1][safepoint    ] Entering safepoint region: RevokeBias
[2019-06-24T09:19:26.907+0000][1][safepoint    ] Leaving safepoint region
[2019-06-24T09:19:26.907+0000][1][safepoint    ] Total time for which application threads were stopped: 0.0000348 seconds, Stopping threads took: 0.0000061 seconds
[2019-06-24T09:19:26.907+0000][1][safepoint    ] Application time: 0.0000331 seconds
[2019-06-24T09:19:26.907+0000][1][safepoint    ] Entering safepoint region: BulkRevokeBias
[2019-06-24T09:19:26.907+0000][1][safepoint    ] Leaving safepoint region
[2019-06-24T09:19:26.907+0000][1][safepoint    ] Total time for which application threads were stopped: 0.0001142 seconds, Stopping threads took: 0.0000224 seconds
[2019-06-24T09:19:26.907+0000][1][safepoint    ] Application time: 0.0001430 seconds
[2019-06-24T09:19:26.907+0000][1][safepoint    ] Entering safepoint region: RevokeBias
[2019-06-24T09:19:26.907+0000][1][safepoint    ] Leaving safepoint region
[2019-06-24T09:19:26.907+0000][1][safepoint    ] Total time for which application threads were stopped: 0.0000582 seconds, Stopping threads took: 0.0000197 seconds
[2019-06-24T09:19:26.907+0000][1][safepoint    ] Application time: 0.0000563 seconds
[2019-06-24T09:19:26.907+0000][1][safepoint    ] Entering safepoint region: RevokeBias
[2019-06-24T09:19:26.907+0000][1][safepoint    ] Leaving safepoint region
[2019-06-24T09:19:26.907+0000][1][safepoint    ] Total time for which application threads were stopped: 0.0000388 seconds, Stopping threads took: 0.0000065 seconds
[2019-06-24T09:19:26.908+0000][1][safepoint    ] Application time: 0.0000717 seconds
[2019-06-24T09:19:26.908+0000][1][safepoint    ] Entering safepoint region: RevokeBias
[2019-06-24T09:19:26.908+0000][1][safepoint    ] Leaving safepoint region
[2019-06-24T09:19:26.908+0000][1][safepoint    ] Total time for which application threads were stopped: 0.0000523 seconds, Stopping threads took: 0.0000220 seconds
[2019-06-24T09:19:26.908+0000][1][safepoint    ] Application time: 0.0000523 seconds
[2019-06-24T09:19:26.908+0000][1][safepoint    ] Entering safepoint region: RevokeBias
[2019-06-24T09:19:26.908+0000][1][safepoint    ] Leaving safepoint region
[2019-06-24T09:19:26.908+0000][1][safepoint    ] Total time for which application threads were stopped: 0.0000623 seconds, Stopping threads took: 0.0000289 seconds
[2019-06-24T09:19:26.908+0000][1][safepoint    ] Application time: 0.0000471 seconds
[2019-06-24T09:19:26.908+0000][1][safepoint    ] Entering safepoint region: RevokeBias
[2019-06-24T09:19:26.908+0000][1][safepoint    ] Leaving safepoint region
[2019-06-24T09:19:26.908+0000][1][safepoint    ] Total time for which application threads were stopped: 0.0000594 seconds, Stopping threads took: 0.0000071 seconds
[2019-06-24T09:19:26.908+0000][1][safepoint    ] Application time: 0.0000423 seconds
[2019-06-24T09:19:26.908+0000][1][safepoint    ] Entering safepoint region: RevokeBias
[2019-06-24T09:19:26.908+0000][1][safepoint    ] Leaving safepoint region
[2019-06-24T09:19:26.908+0000][1][safepoint    ] Total time for which application threads were stopped: 0.0000526 seconds, Stopping threads took: 0.0000064 seconds
[2019-06-24T09:19:26.908+0000][1][safepoint    ] Application time: 0.0000407 seconds
[2019-06-24T09:19:26.908+0000][1][safepoint    ] Entering safepoint region: RevokeBias
[2019-06-24T09:19:26.908+0000][1][safepoint    ] Leaving safepoint region
[2019-06-24T09:19:26.908+0000][1][safepoint    ] Total time for which application threads were stopped: 0.0000512 seconds, Stopping threads took: 0.0000197 seconds
[2019-06-24T09:19:26.908+0000][1][safepoint    ] Application time: 0.0000398 seconds
[2019-06-24T09:19:26.908+0000][1][safepoint    ] Entering safepoint region: RevokeBias
[2019-06-24T09:19:26.908+0000][1][safepoint    ] Leaving safepoint region
[2019-06-24T09:19:26.908+0000][1][safepoint    ] Total time for which application threads were stopped: 0.0000409 seconds, Stopping threads took: 0.0000092 seconds
[2019-06-24T09:19:26.908+0000][1][safepoint    ] Application time: 0.0000382 seconds
[2019-06-24T09:19:26.908+0000][1][safepoint    ] Entering safepoint region: RevokeBias
[2019-06-24T09:19:26.908+0000][1][safepoint    ] Leaving safepoint region
[2019-06-24T09:19:26.908+0000][1][safepoint    ] Total time for which application threads were stopped: 0.0000408 seconds, Stopping threads took: 0.0000091 seconds
[2019-06-24T09:19:26.908+0000][1][safepoint    ] Application time: 0.0000322 seconds
[2019-06-24T09:19:26.908+0000][1][safepoint    ] Entering safepoint region: RevokeBias
[2019-06-24T09:19:26.908+0000][1][safepoint    ] Leaving safepoint region
[2019-06-24T09:19:26.908+0000][1][safepoint    ] Total time for which application threads were stopped: 0.0000623 seconds, Stopping threads took: 0.0000062 seconds
[2019-06-24T09:19:26.908+0000][1][safepoint    ] Application time: 0.0000394 seconds
[2019-06-24T09:19:26.908+0000][1][safepoint    ] Entering safepoint region: RevokeBias
[2019-06-24T09:19:26.908+0000][1][safepoint    ] Leaving safepoint region
[2019-06-24T09:19:26.908+0000][1][safepoint    ] Total time for which application threads were stopped: 0.0000583 seconds, Stopping threads took: 0.0000061 seconds
[2019-06-24T09:19:26.909+0000][1][safepoint    ] Application time: 0.0000350 seconds
[2019-06-24T09:19:26.909+0000][1][safepoint    ] Entering safepoint region: RevokeBias
[2019-06-24T09:19:26.909+0000][1][safepoint    ] Leaving safepoint region
[2019-06-24T09:19:26.909+0000][1][safepoint    ] Total time for which application threads were stopped: 0.0000513 seconds, Stopping threads took: 0.0000252 seconds
[2019-06-24T09:19:26.909+0000][1][safepoint    ] Application time: 0.0000369 seconds
[2019-06-24T09:19:26.909+0000][1][safepoint    ] Entering safepoint region: RevokeBias
[2019-06-24T09:19:26.909+0000][1][safepoint    ] Leaving safepoint region
[2019-06-24T09:19:26.909+0000][1][safepoint    ] Total time for which application threads were stopped: 0.0002136 seconds, Stopping threads took: 0.0001806 seconds
[2019-06-24T09:19:26.909+0000][1][safepoint    ] Application time: 0.0000363 seconds
[2019-06-24T09:19:26.909+0000][1][safepoint    ] Entering safepoint region: RevokeBias
[2019-06-24T09:19:26.909+0000][1][safepoint    ] Leaving safepoint region
[2019-06-24T09:19:26.909+0000][1][safepoint    ] Total time for which application threads were stopped: 0.0001104 seconds, Stopping threads took: 0.0000728 seconds
[2019-06-24T09:19:26.909+0000][1][safepoint    ] Application time: 0.0000360 seconds
[2019-06-24T09:19:26.909+0000][1][safepoint    ] Entering safepoint region: RevokeBias
[2019-06-24T09:19:26.909+0000][1][safepoint    ] Leaving safepoint region
[2019-06-24T09:19:26.909+0000][1][safepoint    ] Total time for which application threads were stopped: 0.0000359 seconds, Stopping threads took: 0.0000061 seconds
[2019-06-24T09:19:26.909+0000][1][safepoint    ] Application time: 0.0000308 seconds
[2019-06-24T09:19:26.909+0000][1][safepoint    ] Entering safepoint region: RevokeBias
[2019-06-24T09:19:26.909+0000][1][safepoint    ] Leaving safepoint region
[2019-06-24T09:19:26.909+0000][1][safepoint    ] Total time for which application threads were stopped: 0.0000343 seconds, Stopping threads took: 0.0000061 seconds
[2019-06-24T09:19:26.909+0000][1][safepoint    ] Application time: 0.0000315 seconds
[2019-06-24T09:19:26.909+0000][1][safepoint    ] Entering safepoint region: RevokeBias
[2019-06-24T09:19:26.909+0000][1][safepoint    ] Leaving safepoint region
[2019-06-24T09:19:26.909+0000][1][safepoint    ] Total time for which application threads were stopped: 0.0000345 seconds, Stopping threads took: 0.0000060 seconds
[2019-06-24T09:19:26.909+0000][1][safepoint    ] Application time: 0.0000314 seconds
[2019-06-24T09:19:26.909+0000][1][safepoint    ] Entering safepoint region: RevokeBias
[2019-06-24T09:19:26.909+0000][1][safepoint    ] Leaving safepoint region
[2019-06-24T09:19:26.909+0000][1][safepoint    ] Total time for which application threads were stopped: 0.0000339 seconds, Stopping threads took: 0.0000060 seconds
[2019-06-24T09:19:26.909+0000][1][safepoint    ] Application time: 0.0000311 seconds
[2019-06-24T09:19:26.909+0000][1][safepoint    ] Entering safepoint region: RevokeBias
[2019-06-24T09:19:26.909+0000][1][safepoint    ] Leaving safepoint region
[2019-06-24T09:19:26.909+0000][1][safepoint    ] Total time for which application threads were stopped: 0.0000526 seconds, Stopping threads took: 0.0000060 seconds
[2019-06-24T09:19:26.909+0000][1][safepoint    ] Application time: 0.0000329 seconds
[2019-06-24T09:19:26.909+0000][1][safepoint    ] Entering safepoint region: RevokeBias
[2019-06-24T09:19:26.910+0000][1][safepoint    ] Leaving safepoint region
[2019-06-24T09:19:26.910+0000][1][safepoint    ] Total time for which application threads were stopped: 0.0000353 seconds, Stopping threads took: 0.0000060 seconds
[2019-06-24T09:19:26.910+0000][1][safepoint    ] Application time: 0.0000292 seconds
[2019-06-24T09:19:26.910+0000][1][safepoint    ] Entering safepoint region: RevokeBias
[2019-06-24T09:19:26.910+0000][1][safepoint    ] Leaving safepoint region
[2019-06-24T09:19:26.910+0000][1][safepoint    ] Total time for which application threads were stopped: 0.0000346 seconds, Stopping threads took: 0.0000060 seconds
[2019-06-24T09:19:26.910+0000][1][safepoint    ] Application time: 0.0000291 seconds
[2019-06-24T09:19:26.910+0000][1][safepoint    ] Entering safepoint region: RevokeBias
[2019-06-24T09:19:26.910+0000][1][safepoint    ] Leaving safepoint region
[2019-06-24T09:19:26.910+0000][1][safepoint    ] Total time for which application threads were stopped: 0.0000335 seconds, Stopping threads took: 0.0000060 seconds
[2019-06-24T09:19:26.910+0000][1][safepoint    ] Application time: 0.0000307 seconds
[2019-06-24T09:19:26.910+0000][1][safepoint    ] Entering safepoint region: RevokeBias
[2019-06-24T09:19:26.910+0000][1][safepoint    ] Leaving safepoint region
[2019-06-24T09:19:26.910+0000][1][safepoint    ] Total time for which application threads were stopped: 0.0000343 seconds, Stopping threads took: 0.0000060 seconds
[2019-06-24T09:19:26.910+0000][1][safepoint    ] Application time: 0.0000316 seconds
[2019-06-24T09:19:26.910+0000][1][safepoint    ] Entering safepoint region: BulkRevokeBias
[2019-06-24T09:19:26.910+0000][1][safepoint    ] Leaving safepoint region
[2019-06-24T09:19:26.910+0000][1][safepoint    ] Total time for which application threads were stopped: 0.0000929 seconds, Stopping threads took: 0.0000061 seconds
[2019-06-24T09:19:26.910+0000][1][safepoint    ] Application time: 0.0002441 seconds
[2019-06-24T09:19:26.910+0000][1][safepoint    ] Entering safepoint region: RevokeBias
[2019-06-24T09:19:26.910+0000][1][safepoint    ] Leaving safepoint region
[2019-06-24T09:19:26.910+0000][1][safepoint    ] Total time for which application threads were stopped: 0.0000483 seconds, Stopping threads took: 0.0000070 seconds
[2019-06-24T09:19:26.910+0000][1][safepoint    ] Application time: 0.0000602 seconds
[2019-06-24T09:19:26.910+0000][1][safepoint    ] Entering safepoint region: RevokeBias
[2019-06-24T09:19:26.910+0000][1][safepoint    ] Leaving safepoint region
[2019-06-24T09:19:26.910+0000][1][safepoint    ] Total time for which application threads were stopped: 0.0001177 seconds, Stopping threads took: 0.0000769 seconds
[2019-06-24T09:19:26.910+0000][1][safepoint    ] Application time: 0.0000338 seconds
[2019-06-24T09:19:26.911+0000][1][safepoint    ] Entering safepoint region: RevokeBias
[2019-06-24T09:19:26.911+0000][1][safepoint    ] Leaving safepoint region
[2019-06-24T09:19:26.911+0000][1][safepoint    ] Total time for which application threads were stopped: 0.0001318 seconds, Stopping threads took: 0.0001008 seconds
[2019-06-24T09:19:26.911+0000][1][safepoint    ] Application time: 0.0000346 seconds
[2019-06-24T09:19:26.911+0000][1][safepoint    ] Entering safepoint region: RevokeBias
[2019-06-24T09:19:26.911+0000][1][safepoint    ] Leaving safepoint region
[2019-06-24T09:19:26.911+0000][1][safepoint    ] Total time for which application threads were stopped: 0.0000465 seconds, Stopping threads took: 0.0000209 seconds
[2019-06-24T09:19:26.911+0000][1][safepoint    ] Application time: 0.0000351 seconds
[2019-06-24T09:19:26.911+0000][1][safepoint    ] Entering safepoint region: RevokeBias
[2019-06-24T09:19:26.911+0000][1][safepoint    ] Leaving safepoint region
[2019-06-24T09:19:26.911+0000][1][safepoint    ] Total time for which application threads were stopped: 0.0000892 seconds, Stopping threads took: 0.0000493 seconds
[2019-06-24T09:19:26.911+0000][1][safepoint    ] Application time: 0.0000335 seconds
[2019-06-24T09:19:26.911+0000][1][safepoint    ] Entering safepoint region: RevokeBias
[2019-06-24T09:19:26.911+0000][1][safepoint    ] Leaving safepoint region
[2019-06-24T09:19:26.911+0000][1][safepoint    ] Total time for which application threads were stopped: 0.0000834 seconds, Stopping threads took: 0.0000428 seconds
[2019-06-24T09:19:26.911+0000][1][safepoint    ] Application time: 0.0000436 seconds
[2019-06-24T09:19:26.911+0000][1][safepoint    ] Entering safepoint region: RevokeBias
[2019-06-24T09:19:26.911+0000][1][safepoint    ] Leaving safepoint region
[2019-06-24T09:19:26.911+0000][1][safepoint    ] Total time for which application threads were stopped: 0.0000534 seconds, Stopping threads took: 0.0000067 seconds
[2019-06-24T09:19:26.911+0000][1][safepoint    ] Application time: 0.0000344 seconds
[2019-06-24T09:19:26.911+0000][1][safepoint    ] Entering safepoint region: BulkRevokeBias
[2019-06-24T09:19:26.911+0000][1][safepoint    ] Leaving safepoint region
[2019-06-24T09:19:26.911+0000][1][safepoint    ] Total time for which application threads were stopped: 0.0001007 seconds, Stopping threads took: 0.0000236 seconds
[2019-06-24T09:19:26.911+0000][1][safepoint    ] Application time: 0.0000670 seconds
[2019-06-24T09:19:26.911+0000][1][safepoint    ] Entering safepoint region: RevokeBias
[2019-06-24T09:19:26.911+0000][1][safepoint    ] Leaving safepoint region
[2019-06-24T09:19:26.911+0000][1][safepoint    ] Total time for which application threads were stopped: 0.0000820 seconds, Stopping threads took: 0.0000321 seconds
[2019-06-24T09:19:26.911+0000][1][safepoint    ] Application time: 0.0001324 seconds
[2019-06-24T09:19:26.912+0000][1][safepoint    ] Entering safepoint region: RevokeBias
[2019-06-24T09:19:26.912+0000][1][safepoint    ] Leaving safepoint region
[2019-06-24T09:19:26.912+0000][1][safepoint    ] Total time for which application threads were stopped: 0.0000653 seconds, Stopping threads took: 0.0000233 seconds
[2019-06-24T09:19:26.912+0000][1][safepoint    ] Application time: 0.0000483 seconds
[2019-06-24T09:19:26.912+0000][1][safepoint    ] Entering safepoint region: RevokeBias
[2019-06-24T09:19:26.912+0000][1][safepoint    ] Leaving safepoint region
[2019-06-24T09:19:26.912+0000][1][safepoint    ] Total time for which application threads were stopped: 0.0000649 seconds, Stopping threads took: 0.0000297 seconds
[2019-06-24T09:19:26.912+0000][1][safepoint    ] Application time: 0.0000349 seconds
[2019-06-24T09:19:26.912+0000][1][safepoint    ] Entering safepoint region: RevokeBias
[2019-06-24T09:19:26.912+0000][1][safepoint    ] Leaving safepoint region
[2019-06-24T09:19:26.912+0000][1][safepoint    ] Total time for which application threads were stopped: 0.0000628 seconds, Stopping threads took: 0.0000264 seconds
[2019-06-24T09:19:26.912+0000][1][safepoint    ] Application time: 0.0000342 seconds
[2019-06-24T09:19:26.912+0000][1][safepoint    ] Entering safepoint region: RevokeBias
[2019-06-24T09:19:26.912+0000][1][safepoint    ] Leaving safepoint region
[2019-06-24T09:19:26.912+0000][1][safepoint    ] Total time for which application threads were stopped: 0.0000853 seconds, Stopping threads took: 0.0000312 seconds
[2019-06-24T09:19:26.912+0000][1][safepoint    ] Application time: 0.0002652 seconds
[2019-06-24T09:19:26.912+0000][1][safepoint    ] Entering safepoint region: RevokeBias
[2019-06-24T09:19:26.912+0000][1][safepoint    ] Leaving safepoint region
[2019-06-24T09:19:26.912+0000][1][safepoint    ] Total time for which application threads were stopped: 0.0001131 seconds, Stopping threads took: 0.0000736 seconds
[2019-06-24T09:19:26.912+0000][1][safepoint    ] Application time: 0.0001145 seconds
[2019-06-24T09:19:26.913+0000][1][safepoint    ] Entering safepoint region: RevokeBias
[2019-06-24T09:19:26.913+0000][1][safepoint    ] Leaving safepoint region
[2019-06-24T09:19:26.913+0000][1][safepoint    ] Total time for which application threads were stopped: 0.0001004 seconds, Stopping threads took: 0.0000726 seconds
[2019-06-24T09:19:26.913+0000][1][safepoint    ] Application time: 0.0001935 seconds
[2019-06-24T09:19:26.913+0000][1][safepoint    ] Entering safepoint region: RevokeBias
[2019-06-24T09:19:26.913+0000][1][safepoint    ] Leaving safepoint region
[2019-06-24T09:19:26.913+0000][1][safepoint    ] Total time for which application threads were stopped: 0.0001816 seconds, Stopping threads took: 0.0001258 seconds
[2019-06-24T09:19:26.913+0000][1][safepoint    ] Application time: 0.0004590 seconds
[2019-06-24T09:19:26.913+0000][1][safepoint    ] Entering safepoint region: RevokeBias
[2019-06-24T09:19:26.914+0000][1][safepoint    ] Leaving safepoint region
[2019-06-24T09:19:26.914+0000][1][safepoint    ] Total time for which application threads were stopped: 0.0000985 seconds, Stopping threads took: 0.0000364 seconds
[2019-06-24T09:19:26.914+0000][1][safepoint    ] Application time: 0.0003971 seconds
[2019-06-24T09:19:26.914+0000][1][safepoint    ] Entering safepoint region: RevokeBias
[2019-06-24T09:19:26.914+0000][1][safepoint    ] Leaving safepoint region
[2019-06-24T09:19:26.914+0000][1][safepoint    ] Total time for which application threads were stopped: 0.0004458 seconds, Stopping threads took: 0.0003965 seconds
[2019-06-24T09:19:26.915+0000][1][safepoint    ] Application time: 0.0001416 seconds
[2019-06-24T09:19:26.915+0000][1][safepoint    ] Entering safepoint region: RevokeBias
[2019-06-24T09:19:26.915+0000][1][safepoint    ] Leaving safepoint region
[2019-06-24T09:19:26.915+0000][1][safepoint    ] Total time for which application threads were stopped: 0.0002819 seconds, Stopping threads took: 0.0002429 seconds
[2019-06-24T09:19:26.915+0000][1][safepoint    ] Application time: 0.0002055 seconds
[2019-06-24T09:19:26.915+0000][1][safepoint    ] Entering safepoint region: RevokeBias
[2019-06-24T09:19:26.915+0000][1][safepoint    ] Leaving safepoint region
[2019-06-24T09:19:26.915+0000][1][safepoint    ] Total time for which application threads were stopped: 0.0000790 seconds, Stopping threads took: 0.0000314 seconds
[2019-06-24T09:19:26.916+0000][1][safepoint    ] Application time: 0.0013318 seconds
[2019-06-24T09:19:26.917+0000][1][safepoint    ] Entering safepoint region: RevokeBias
[2019-06-24T09:19:26.917+0000][1][safepoint    ] Leaving safepoint region
[2019-06-24T09:19:26.917+0000][1][safepoint    ] Total time for which application threads were stopped: 0.0001595 seconds, Stopping threads took: 0.0000942 seconds
[2019-06-24T09:19:26.917+0000][1][safepoint    ] Application time: 0.0000451 seconds
[2019-06-24T09:19:26.917+0000][1][safepoint    ] Entering safepoint region: RevokeBias
[2019-06-24T09:19:26.917+0000][1][safepoint    ] Leaving safepoint region
[2019-06-24T09:19:26.917+0000][1][safepoint    ] Total time for which application threads were stopped: 0.0000488 seconds, Stopping threads took: 0.0000070 seconds
[2019-06-24T09:19:26.918+0000][1][safepoint    ] Application time: 0.0015660 seconds
[2019-06-24T09:19:26.919+0000][1][safepoint    ] Entering safepoint region: RevokeBias
[2019-06-24T09:19:26.919+0000][1][safepoint    ] Leaving safepoint region
[2019-06-24T09:19:26.919+0000][1][safepoint    ] Total time for which application threads were stopped: 0.0003175 seconds, Stopping threads took: 0.0002469 seconds
[2019-06-24T09:19:26.919+0000][1][safepoint    ] Application time: 0.0000458 seconds
[2019-06-24T09:19:26.919+0000][1][safepoint    ] Entering safepoint region: RevokeBias
[2019-06-24T09:19:26.919+0000][1][safepoint    ] Leaving safepoint region
[2019-06-24T09:19:26.919+0000][1][safepoint    ] Total time for which application threads were stopped: 0.0001367 seconds, Stopping threads took: 0.0000864 seconds
[2019-06-24T09:19:26.919+0000][1][safepoint    ] Application time: 0.0002088 seconds
[2019-06-24T09:19:26.919+0000][1][safepoint    ] Entering safepoint region: RevokeBias
[2019-06-24T09:19:26.919+0000][1][safepoint    ] Leaving safepoint region
[2019-06-24T09:19:26.919+0000][1][safepoint    ] Total time for which application threads were stopped: 0.0002157 seconds, Stopping threads took: 0.0001786 seconds
[2019-06-24T09:19:26.939+0000][1][safepoint    ] Application time: 0.0195496 seconds
[2019-06-24T09:19:26.939+0000][1][safepoint    ] Entering safepoint region: GenCollectForAllocation
[2019-06-24T09:19:26.939+0000][1][gc,start     ] GC(19) Pause Young (Allocation Failure)
[2019-06-24T09:19:26.939+0000][1][gc,task      ] GC(19) Using 5 workers of 8 for evacuation
[2019-06-24T09:19:26.944+0000][1][gc,age       ] GC(19) Desired survivor size 4456448 bytes, new threshold 2 (max threshold 6)
[2019-06-24T09:19:26.944+0000][1][gc,age       ] GC(19) Age table with threshold 2 (max threshold 6)
[2019-06-24T09:19:26.944+0000][1][gc,age       ] GC(19) - age   1:    3114544 bytes,    3114544 total
[2019-06-24T09:19:26.944+0000][1][gc,age       ] GC(19) - age   2:    3659792 bytes,    6774336 total
[2019-06-24T09:19:26.944+0000][1][gc,age       ] GC(19) - age   3:     296216 bytes,    7070552 total
[2019-06-24T09:19:26.944+0000][1][gc,heap      ] GC(19) ParNew: 74843K->8704K(78656K)
[2019-06-24T09:19:26.944+0000][1][gc,heap      ] GC(19) CMS: 55254K->55254K(174784K)
[2019-06-24T09:19:26.944+0000][1][gc,metaspace ] GC(19) Metaspace: 47026K->47026K(1091584K)
[2019-06-24T09:19:26.944+0000][1][gc           ] GC(19) Pause Young (Allocation Failure) 127M->62M(247M) 4.981ms
[2019-06-24T09:19:26.944+0000][1][gc,cpu       ] GC(19) User=0.03s Sys=0.00s Real=0.01s
[2019-06-24T09:19:26.944+0000][1][safepoint    ] Leaving safepoint region
[2019-06-24T09:19:26.944+0000][1][safepoint    ] Total time for which application threads were stopped: 0.0050868 seconds, Stopping threads took: 0.0000120 seconds
[2019-06-24T09:19:26.981+0000][1][safepoint    ] Application time: 0.0370798 seconds
[2019-06-24T09:19:26.981+0000][1][safepoint    ] Entering safepoint region: RevokeBias
[2019-06-24T09:19:26.981+0000][1][safepoint    ] Leaving safepoint region
[2019-06-24T09:19:26.981+0000][1][safepoint    ] Total time for which application threads were stopped: 0.0000551 seconds, Stopping threads took: 0.0000116 seconds
[2019-06-24T09:19:27.149+0000][1][safepoint    ] Application time: 0.1680509 seconds
[2019-06-24T09:19:27.149+0000][1][safepoint    ] Entering safepoint region: RevokeBias
[2019-06-24T09:19:27.149+0000][1][safepoint    ] Leaving safepoint region
[2019-06-24T09:19:27.149+0000][1][safepoint    ] Total time for which application threads were stopped: 0.0000715 seconds, Stopping threads took: 0.0000134 seconds
[2019-06-24T09:19:27.203+0000][1][safepoint    ] Application time: 0.0538478 seconds
[2019-06-24T09:19:27.203+0000][1][safepoint    ] Entering safepoint region: RevokeBias
[2019-06-24T09:19:27.203+0000][1][safepoint    ] Leaving safepoint region
[2019-06-24T09:19:27.203+0000][1][safepoint    ] Total time for which application threads were stopped: 0.0000531 seconds, Stopping threads took: 0.0000132 seconds
[2019-06-24T09:19:27.224+0000][1][safepoint    ] Application time: 0.0204069 seconds
[2019-06-24T09:19:27.224+0000][1][safepoint    ] Entering safepoint region: RevokeBias
[2019-06-24T09:19:27.224+0000][1][safepoint    ] Leaving safepoint region
[2019-06-24T09:19:27.224+0000][1][safepoint    ] Total time for which application threads were stopped: 0.0000469 seconds, Stopping threads took: 0.0000117 seconds
[2019-06-24T09:19:27.474+0000][1][safepoint    ] Application time: 0.2502558 seconds
[2019-06-24T09:19:27.474+0000][1][safepoint    ] Entering safepoint region: GenCollectForAllocation
[2019-06-24T09:19:27.474+0000][1][gc,start     ] GC(20) Pause Young (Allocation Failure)
[2019-06-24T09:19:27.474+0000][1][gc,task      ] GC(20) Using 5 workers of 8 for evacuation
[2019-06-24T09:19:27.482+0000][1][gc,age       ] GC(20) Desired survivor size 4456448 bytes, new threshold 2 (max threshold 6)
[2019-06-24T09:19:27.482+0000][1][gc,age       ] GC(20) Age table with threshold 2 (max threshold 6)
[2019-06-24T09:19:27.482+0000][1][gc,age       ] GC(20) - age   1:    1468192 bytes,    1468192 total
[2019-06-24T09:19:27.482+0000][1][gc,age       ] GC(20) - age   2:    3053872 bytes,    4522064 total
[2019-06-24T09:19:27.482+0000][1][gc,heap      ] GC(20) ParNew: 78656K->6039K(78656K)
[2019-06-24T09:19:27.482+0000][1][gc,heap      ] GC(20) CMS: 55254K->59221K(174784K)
[2019-06-24T09:19:27.482+0000][1][gc,metaspace ] GC(20) Metaspace: 53602K->53602K(1097728K)
[2019-06-24T09:19:27.482+0000][1][gc           ] GC(20) Pause Young (Allocation Failure) 130M->63M(247M) 8.261ms
[2019-06-24T09:19:27.482+0000][1][gc,cpu       ] GC(20) User=0.04s Sys=0.00s Real=0.02s
[2019-06-24T09:19:27.483+0000][1][safepoint    ] Leaving safepoint region
[2019-06-24T09:19:27.483+0000][1][safepoint    ] Total time for which application threads were stopped: 0.0084390 seconds, Stopping threads took: 0.0000127 seconds
[2019-06-24T09:19:27.667+0000][1][safepoint    ] Application time: 0.1848405 seconds
[2019-06-24T09:19:27.667+0000][1][safepoint    ] Entering safepoint region: RevokeBias
[2019-06-24T09:19:27.668+0000][1][safepoint    ] Leaving safepoint region
[2019-06-24T09:19:27.668+0000][1][safepoint    ] Total time for which application threads were stopped: 0.0004790 seconds, Stopping threads took: 0.0000131 seconds
[2019-06-24T09:19:27.674+0000][1][safepoint    ] Application time: 0.0057205 seconds
[2019-06-24T09:19:27.674+0000][1][safepoint    ] Entering safepoint region: Deoptimize
[2019-06-24T09:19:27.674+0000][1][safepoint    ] Leaving safepoint region
[2019-06-24T09:19:27.674+0000][1][safepoint    ] Total time for which application threads were stopped: 0.0003661 seconds, Stopping threads took: 0.0000122 seconds
[2019-06-24T09:19:27.707+0000][1][safepoint    ] Application time: 0.0328714 seconds
[2019-06-24T09:19:27.707+0000][1][safepoint    ] Entering safepoint region: RevokeBias
[2019-06-24T09:19:27.707+0000][1][safepoint    ] Leaving safepoint region
[2019-06-24T09:19:27.707+0000][1][safepoint    ] Total time for which application threads were stopped: 0.0000837 seconds, Stopping threads took: 0.0000131 seconds
[2019-06-24T09:19:27.707+0000][1][safepoint    ] Application time: 0.0001744 seconds
[2019-06-24T09:19:27.707+0000][1][safepoint    ] Entering safepoint region: RevokeBias
[2019-06-24T09:19:27.707+0000][1][safepoint    ] Leaving safepoint region
[2019-06-24T09:19:27.707+0000][1][safepoint    ] Total time for which application threads were stopped: 0.0000643 seconds, Stopping threads took: 0.0000204 seconds
[2019-06-24T09:19:27.707+0000][1][safepoint    ] Application time: 0.0001919 seconds
[2019-06-24T09:19:27.708+0000][1][safepoint    ] Entering safepoint region: RevokeBias
[2019-06-24T09:19:27.708+0000][1][safepoint    ] Leaving safepoint region
[2019-06-24T09:19:27.708+0000][1][safepoint    ] Total time for which application threads were stopped: 0.0001802 seconds, Stopping threads took: 0.0001387 seconds
[2019-06-24T09:19:27.710+0000][1][safepoint    ] Application time: 0.0023113 seconds
[2019-06-24T09:19:27.710+0000][1][safepoint    ] Entering safepoint region: RevokeBias
[2019-06-24T09:19:27.710+0000][1][safepoint    ] Leaving safepoint region
[2019-06-24T09:19:27.710+0000][1][safepoint    ] Total time for which application threads were stopped: 0.0000650 seconds, Stopping threads took: 0.0000119 seconds
[2019-06-24T09:19:27.826+0000][1][safepoint    ] Application time: 0.1156272 seconds
[2019-06-24T09:19:27.826+0000][1][safepoint    ] Entering safepoint region: RevokeBias
[2019-06-24T09:19:27.827+0000][1][safepoint    ] Leaving safepoint region
[2019-06-24T09:19:27.827+0000][1][safepoint    ] Total time for which application threads were stopped: 0.0008553 seconds, Stopping threads took: 0.0000126 seconds
[2019-06-24T09:19:27.831+0000][1][safepoint    ] Application time: 0.0043385 seconds
[2019-06-24T09:19:27.831+0000][1][safepoint    ] Entering safepoint region: RevokeBias
[2019-06-24T09:19:27.831+0000][1][safepoint    ] Leaving safepoint region
[2019-06-24T09:19:27.831+0000][1][safepoint    ] Total time for which application threads were stopped: 0.0001497 seconds, Stopping threads took: 0.0000989 seconds
[2019-06-24T09:19:27.832+0000][1][safepoint    ] Application time: 0.0006011 seconds
[2019-06-24T09:19:27.832+0000][1][safepoint    ] Entering safepoint region: RevokeBias
[2019-06-24T09:19:27.832+0000][1][safepoint    ] Leaving safepoint region
[2019-06-24T09:19:27.832+0000][1][safepoint    ] Total time for which application threads were stopped: 0.0001289 seconds, Stopping threads took: 0.0000533 seconds
[2019-06-24T09:19:27.832+0000][1][safepoint    ] Application time: 0.0001623 seconds
[2019-06-24T09:19:27.832+0000][1][safepoint    ] Entering safepoint region: RevokeBias
[2019-06-24T09:19:27.832+0000][1][safepoint    ] Leaving safepoint region
[2019-06-24T09:19:27.832+0000][1][safepoint    ] Total time for which application threads were stopped: 0.0002085 seconds, Stopping threads took: 0.0001458 seconds
[2019-06-24T09:19:27.884+0000][1][safepoint    ] Application time: 0.0520722 seconds
[2019-06-24T09:19:27.884+0000][1][safepoint    ] Entering safepoint region: Deoptimize
[2019-06-24T09:19:27.885+0000][1][safepoint    ] Leaving safepoint region
[2019-06-24T09:19:27.885+0000][1][safepoint    ] Total time for which application threads were stopped: 0.0004810 seconds, Stopping threads took: 0.0000179 seconds
[2019-06-24T09:19:28.070+0000][1][safepoint    ] Application time: 0.1850618 seconds
[2019-06-24T09:19:28.070+0000][1][safepoint    ] Entering safepoint region: RevokeBias
[2019-06-24T09:19:28.070+0000][1][safepoint    ] Leaving safepoint region
[2019-06-24T09:19:28.070+0000][1][safepoint    ] Total time for which application threads were stopped: 0.0000919 seconds, Stopping threads took: 0.0000205 seconds
[2019-06-24T09:19:28.184+0000][1][safepoint    ] Application time: 0.1142383 seconds
[2019-06-24T09:19:28.184+0000][1][safepoint    ] Entering safepoint region: RevokeBias
[2019-06-24T09:19:28.184+0000][1][safepoint    ] Leaving safepoint region
[2019-06-24T09:19:28.184+0000][1][safepoint    ] Total time for which application threads were stopped: 0.0000709 seconds, Stopping threads took: 0.0000194 seconds
[2019-06-24T09:19:28.227+0000][1][safepoint    ] Application time: 0.0421568 seconds
[2019-06-24T09:19:28.227+0000][1][safepoint    ] Entering safepoint region: RevokeBias
[2019-06-24T09:19:28.227+0000][1][safepoint    ] Leaving safepoint region
[2019-06-24T09:19:28.227+0000][1][safepoint    ] Total time for which application threads were stopped: 0.0000727 seconds, Stopping threads took: 0.0000331 seconds
[2019-06-24T09:19:28.227+0000][1][safepoint    ] Application time: 0.0000870 seconds
[2019-06-24T09:19:28.227+0000][1][safepoint    ] Entering safepoint region: RevokeBias
[2019-06-24T09:19:28.227+0000][1][safepoint    ] Leaving safepoint region
[2019-06-24T09:19:28.227+0000][1][safepoint    ] Total time for which application threads were stopped: 0.0000282 seconds, Stopping threads took: 0.0000071 seconds
[2019-06-24T09:19:28.227+0000][1][safepoint    ] Application time: 0.0001323 seconds
[2019-06-24T09:19:28.227+0000][1][safepoint    ] Entering safepoint region: RevokeBias
[2019-06-24T09:19:28.227+0000][1][safepoint    ] Leaving safepoint region
[2019-06-24T09:19:28.227+0000][1][safepoint    ] Total time for which application threads were stopped: 0.0000365 seconds, Stopping threads took: 0.0000096 seconds
[2019-06-24T09:19:28.227+0000][1][safepoint    ] Application time: 0.0001943 seconds
[2019-06-24T09:19:28.227+0000][1][safepoint    ] Entering safepoint region: RevokeBias
[2019-06-24T09:19:28.227+0000][1][safepoint    ] Leaving safepoint region
[2019-06-24T09:19:28.227+0000][1][safepoint    ] Total time for which application threads were stopped: 0.0000467 seconds, Stopping threads took: 0.0000251 seconds
[2019-06-24T09:19:28.227+0000][1][safepoint    ] Application time: 0.0001757 seconds
[2019-06-24T09:19:28.228+0000][1][safepoint    ] Entering safepoint region: RevokeBias
[2019-06-24T09:19:28.228+0000][1][safepoint    ] Leaving safepoint region
[2019-06-24T09:19:28.228+0000][1][safepoint    ] Total time for which application threads were stopped: 0.0000598 seconds, Stopping threads took: 0.0000304 seconds
[2019-06-24T09:19:28.228+0000][1][safepoint    ] Application time: 0.0001483 seconds
[2019-06-24T09:19:28.228+0000][1][safepoint    ] Entering safepoint region: RevokeBias
[2019-06-24T09:19:28.228+0000][1][safepoint    ] Leaving safepoint region
[2019-06-24T09:19:28.228+0000][1][safepoint    ] Total time for which application threads were stopped: 0.0001150 seconds, Stopping threads took: 0.0000877 seconds
[2019-06-24T09:19:28.228+0000][1][safepoint    ] Application time: 0.0000392 seconds
[2019-06-24T09:19:28.228+0000][1][safepoint    ] Entering safepoint region: RevokeBias
[2019-06-24T09:19:28.228+0000][1][safepoint    ] Leaving safepoint region
[2019-06-24T09:19:28.228+0000][1][safepoint    ] Total time for which application threads were stopped: 0.0000252 seconds, Stopping threads took: 0.0000071 seconds
[2019-06-24T09:19:28.242+0000][1][safepoint    ] Application time: 0.0139923 seconds
[2019-06-24T09:19:28.242+0000][1][safepoint    ] Entering safepoint region: RevokeBias
[2019-06-24T09:19:28.242+0000][1][safepoint    ] Leaving safepoint region
[2019-06-24T09:19:28.242+0000][1][safepoint    ] Total time for which application threads were stopped: 0.0000511 seconds, Stopping threads took: 0.0000118 seconds
[2019-06-24T09:19:28.265+0000][1][safepoint    ] Application time: 0.0229966 seconds
[2019-06-24T09:19:28.265+0000][1][safepoint    ] Entering safepoint region: GenCollectForAllocation
[2019-06-24T09:19:28.265+0000][1][gc,start     ] GC(21) Pause Young (Allocation Failure)
[2019-06-24T09:19:28.265+0000][1][gc,task      ] GC(21) Using 5 workers of 8 for evacuation
[2019-06-24T09:19:28.274+0000][1][gc,age       ] GC(21) Desired survivor size 4456448 bytes, new threshold 2 (max threshold 6)
[2019-06-24T09:19:28.274+0000][1][gc,age       ] GC(21) Age table with threshold 2 (max threshold 6)
[2019-06-24T09:19:28.274+0000][1][gc,age       ] GC(21) - age   1:    3856448 bytes,    3856448 total
[2019-06-24T09:19:28.274+0000][1][gc,age       ] GC(21) - age   2:    1406944 bytes,    5263392 total
[2019-06-24T09:19:28.274+0000][1][gc,heap      ] GC(21) ParNew: 75991K->7714K(78656K)
[2019-06-24T09:19:28.274+0000][1][gc,heap      ] GC(21) CMS: 59221K->62267K(174784K)
[2019-06-24T09:19:28.274+0000][1][gc,metaspace ] GC(21) Metaspace: 61499K->61499K(1105920K)
[2019-06-24T09:19:28.274+0000][1][gc           ] GC(21) Pause Young (Allocation Failure) 132M->68M(247M) 9.098ms
[2019-06-24T09:19:28.274+0000][1][gc,cpu       ] GC(21) User=0.06s Sys=0.00s Real=0.00s
[2019-06-24T09:19:28.274+0000][1][safepoint    ] Leaving safepoint region
[2019-06-24T09:19:28.274+0000][1][safepoint    ] Total time for which application threads were stopped: 0.0092284 seconds, Stopping threads took: 0.0000180 seconds
[2019-06-24T09:19:28.322+0000][1][safepoint    ] Application time: 0.0479650 seconds
[2019-06-24T09:19:28.322+0000][1][safepoint    ] Entering safepoint region: Deoptimize
[2019-06-24T09:19:28.323+0000][1][safepoint    ] Leaving safepoint region
[2019-06-24T09:19:28.323+0000][1][safepoint    ] Total time for which application threads were stopped: 0.0005046 seconds, Stopping threads took: 0.0000117 seconds
[2019-06-24T09:19:28.329+0000][1][safepoint    ] Application time: 0.0056956 seconds
[2019-06-24T09:19:28.329+0000][1][safepoint    ] Entering safepoint region: RevokeBias
[2019-06-24T09:19:28.329+0000][1][safepoint    ] Leaving safepoint region
[2019-06-24T09:19:28.329+0000][1][safepoint    ] Total time for which application threads were stopped: 0.0001156 seconds, Stopping threads took: 0.0000334 seconds
[2019-06-24T09:19:28.329+0000][1][safepoint    ] Application time: 0.0003469 seconds
[2019-06-24T09:19:28.329+0000][1][safepoint    ] Entering safepoint region: RevokeBias
[2019-06-24T09:19:28.329+0000][1][safepoint    ] Leaving safepoint region
[2019-06-24T09:19:28.329+0000][1][safepoint    ] Total time for which application threads were stopped: 0.0000446 seconds, Stopping threads took: 0.0000096 seconds
[2019-06-24T09:19:28.329+0000][1][safepoint    ] Application time: 0.0001427 seconds
[2019-06-24T09:19:28.329+0000][1][safepoint    ] Entering safepoint region: RevokeBias
[2019-06-24T09:19:28.329+0000][1][safepoint    ] Leaving safepoint region
[2019-06-24T09:19:28.329+0000][1][safepoint    ] Total time for which application threads were stopped: 0.0000415 seconds, Stopping threads took: 0.0000094 seconds
[2019-06-24T09:19:28.330+0000][1][safepoint    ] Application time: 0.0002331 seconds
[2019-06-24T09:19:28.330+0000][1][safepoint    ] Entering safepoint region: RevokeBias
[2019-06-24T09:19:28.330+0000][1][safepoint    ] Leaving safepoint region
[2019-06-24T09:19:28.330+0000][1][safepoint    ] Total time for which application threads were stopped: 0.0000402 seconds, Stopping threads took: 0.0000095 seconds
[2019-06-24T09:19:28.330+0000][1][safepoint    ] Application time: 0.0006421 seconds
[2019-06-24T09:19:28.330+0000][1][safepoint    ] Entering safepoint region: BulkRevokeBias
[2019-06-24T09:19:28.330+0000][1][safepoint    ] Leaving safepoint region
[2019-06-24T09:19:28.330+0000][1][safepoint    ] Total time for which application threads were stopped: 0.0001092 seconds, Stopping threads took: 0.0000096 seconds
[2019-06-24T09:19:28.331+0000][1][safepoint    ] Application time: 0.0002379 seconds
[2019-06-24T09:19:28.331+0000][1][safepoint    ] Entering safepoint region: RevokeBias
[2019-06-24T09:19:28.331+0000][1][safepoint    ] Leaving safepoint region
[2019-06-24T09:19:28.331+0000][1][safepoint    ] Total time for which application threads were stopped: 0.0000450 seconds, Stopping threads took: 0.0000091 seconds
[2019-06-24T09:19:28.331+0000][1][safepoint    ] Application time: 0.0003786 seconds
[2019-06-24T09:19:28.331+0000][1][safepoint    ] Entering safepoint region: RevokeBias
[2019-06-24T09:19:28.331+0000][1][safepoint    ] Leaving safepoint region
[2019-06-24T09:19:28.331+0000][1][safepoint    ] Total time for which application threads were stopped: 0.0000450 seconds, Stopping threads took: 0.0000092 seconds
[2019-06-24T09:19:28.331+0000][1][safepoint    ] Application time: 0.0001326 seconds
[2019-06-24T09:19:28.331+0000][1][safepoint    ] Entering safepoint region: RevokeBias
[2019-06-24T09:19:28.331+0000][1][safepoint    ] Leaving safepoint region
[2019-06-24T09:19:28.331+0000][1][safepoint    ] Total time for which application threads were stopped: 0.0000433 seconds, Stopping threads took: 0.0000092 seconds
[2019-06-24T09:19:28.331+0000][1][safepoint    ] Application time: 0.0001802 seconds
[2019-06-24T09:19:28.332+0000][1][safepoint    ] Entering safepoint region: RevokeBias
[2019-06-24T09:19:28.332+0000][1][safepoint    ] Leaving safepoint region
[2019-06-24T09:19:28.332+0000][1][safepoint    ] Total time for which application threads were stopped: 0.0000427 seconds, Stopping threads took: 0.0000093 seconds
[2019-06-24T09:19:28.332+0000][1][safepoint    ] Application time: 0.0001804 seconds
[2019-06-24T09:19:28.332+0000][1][safepoint    ] Entering safepoint region: RevokeBias
[2019-06-24T09:19:28.332+0000][1][safepoint    ] Leaving safepoint region
[2019-06-24T09:19:28.332+0000][1][safepoint    ] Total time for which application threads were stopped: 0.0000401 seconds, Stopping threads took: 0.0000093 seconds
[2019-06-24T09:19:28.332+0000][1][safepoint    ] Application time: 0.0001597 seconds
[2019-06-24T09:19:28.332+0000][1][safepoint    ] Entering safepoint region: RevokeBias
[2019-06-24T09:19:28.332+0000][1][safepoint    ] Leaving safepoint region
[2019-06-24T09:19:28.332+0000][1][safepoint    ] Total time for which application threads were stopped: 0.0000424 seconds, Stopping threads took: 0.0000094 seconds
[2019-06-24T09:19:28.332+0000][1][safepoint    ] Application time: 0.0000334 seconds
[2019-06-24T09:19:28.332+0000][1][safepoint    ] Entering safepoint region: RevokeBias
[2019-06-24T09:19:28.332+0000][1][safepoint    ] Leaving safepoint region
[2019-06-24T09:19:28.332+0000][1][safepoint    ] Total time for which application threads were stopped: 0.0000337 seconds, Stopping threads took: 0.0000067 seconds
[2019-06-24T09:19:28.333+0000][1][safepoint    ] Application time: 0.0004762 seconds
[2019-06-24T09:19:28.333+0000][1][safepoint    ] Entering safepoint region: RevokeBias
[2019-06-24T09:19:28.333+0000][1][safepoint    ] Leaving safepoint region
[2019-06-24T09:19:28.333+0000][1][safepoint    ] Total time for which application threads were stopped: 0.0000429 seconds, Stopping threads took: 0.0000094 seconds
[2019-06-24T09:19:28.334+0000][1][safepoint    ] Application time: 0.0008582 seconds
[2019-06-24T09:19:28.334+0000][1][safepoint    ] Entering safepoint region: RevokeBias
[2019-06-24T09:19:28.334+0000][1][safepoint    ] Leaving safepoint region
[2019-06-24T09:19:28.334+0000][1][safepoint    ] Total time for which application threads were stopped: 0.0000500 seconds, Stopping threads took: 0.0000095 seconds
[2019-06-24T09:19:28.334+0000][1][safepoint    ] Application time: 0.0001905 seconds
[2019-06-24T09:19:28.334+0000][1][safepoint    ] Entering safepoint region: RevokeBias
[2019-06-24T09:19:28.334+0000][1][safepoint    ] Leaving safepoint region
[2019-06-24T09:19:28.334+0000][1][safepoint    ] Total time for which application threads were stopped: 0.0000444 seconds, Stopping threads took: 0.0000094 seconds
[2019-06-24T09:19:28.335+0000][1][safepoint    ] Application time: 0.0015898 seconds
[2019-06-24T09:19:28.335+0000][1][safepoint    ] Entering safepoint region: RevokeBias
[2019-06-24T09:19:28.335+0000][1][safepoint    ] Leaving safepoint region
[2019-06-24T09:19:28.336+0000][1][safepoint    ] Total time for which application threads were stopped: 0.0000549 seconds, Stopping threads took: 0.0000211 seconds
[2019-06-24T09:19:28.336+0000][1][safepoint    ] Application time: 0.0001239 seconds
[2019-06-24T09:19:28.336+0000][1][safepoint    ] Entering safepoint region: RevokeBias
[2019-06-24T09:19:28.336+0000][1][safepoint    ] Leaving safepoint region
[2019-06-24T09:19:28.336+0000][1][safepoint    ] Total time for which application threads were stopped: 0.0000672 seconds, Stopping threads took: 0.0000286 seconds
[2019-06-24T09:19:28.336+0000][1][safepoint    ] Application time: 0.0003026 seconds
[2019-06-24T09:19:28.336+0000][1][safepoint    ] Entering safepoint region: RevokeBias
[2019-06-24T09:19:28.336+0000][1][safepoint    ] Leaving safepoint region
[2019-06-24T09:19:28.336+0000][1][safepoint    ] Total time for which application threads were stopped: 0.0000584 seconds, Stopping threads took: 0.0000097 seconds
[2019-06-24T09:19:28.337+0000][1][safepoint    ] Application time: 0.0006649 seconds
[2019-06-24T09:19:28.337+0000][1][safepoint    ] Entering safepoint region: RevokeBias
[2019-06-24T09:19:28.337+0000][1][safepoint    ] Leaving safepoint region
[2019-06-24T09:19:28.337+0000][1][safepoint    ] Total time for which application threads were stopped: 0.0000683 seconds, Stopping threads took: 0.0000285 seconds
[2019-06-24T09:19:28.337+0000][1][safepoint    ] Application time: 0.0003346 seconds
[2019-06-24T09:19:28.337+0000][1][safepoint    ] Entering safepoint region: RevokeBias
[2019-06-24T09:19:28.337+0000][1][safepoint    ] Leaving safepoint region
[2019-06-24T09:19:28.337+0000][1][safepoint    ] Total time for which application threads were stopped: 0.0002313 seconds, Stopping threads took: 0.0001828 seconds
[2019-06-24T09:19:28.338+0000][1][safepoint    ] Application time: 0.0001360 seconds
[2019-06-24T09:19:28.338+0000][1][safepoint    ] Entering safepoint region: RevokeBias
[2019-06-24T09:19:28.338+0000][1][safepoint    ] Leaving safepoint region
[2019-06-24T09:19:28.338+0000][1][safepoint    ] Total time for which application threads were stopped: 0.0001084 seconds, Stopping threads took: 0.0000468 seconds
[2019-06-24T09:19:28.338+0000][1][safepoint    ] Application time: 0.0005901 seconds
[2019-06-24T09:19:28.338+0000][1][safepoint    ] Entering safepoint region: RevokeBias
[2019-06-24T09:19:28.338+0000][1][safepoint    ] Leaving safepoint region
[2019-06-24T09:19:28.338+0000][1][safepoint    ] Total time for which application threads were stopped: 0.0001265 seconds, Stopping threads took: 0.0000466 seconds
[2019-06-24T09:19:28.339+0000][1][safepoint    ] Application time: 0.0001339 seconds
[2019-06-24T09:19:28.339+0000][1][safepoint    ] Entering safepoint region: RevokeBias
[2019-06-24T09:19:28.339+0000][1][safepoint    ] Leaving safepoint region
[2019-06-24T09:19:28.339+0000][1][safepoint    ] Total time for which application threads were stopped: 0.0000931 seconds, Stopping threads took: 0.0000450 seconds
[2019-06-24T09:19:28.339+0000][1][safepoint    ] Application time: 0.0004152 seconds
[2019-06-24T09:19:28.339+0000][1][safepoint    ] Entering safepoint region: RevokeBias
[2019-06-24T09:19:28.339+0000][1][safepoint    ] Leaving safepoint region
[2019-06-24T09:19:28.339+0000][1][safepoint    ] Total time for which application threads were stopped: 0.0000961 seconds, Stopping threads took: 0.0000341 seconds
[2019-06-24T09:19:28.339+0000][1][safepoint    ] Application time: 0.0001131 seconds
[2019-06-24T09:19:28.340+0000][1][safepoint    ] Entering safepoint region: RevokeBias
[2019-06-24T09:19:28.340+0000][1][safepoint    ] Leaving safepoint region
[2019-06-24T09:19:28.340+0000][1][safepoint    ] Total time for which application threads were stopped: 0.0001206 seconds, Stopping threads took: 0.0000800 seconds
[2019-06-24T09:19:28.340+0000][1][safepoint    ] Application time: 0.0001668 seconds
[2019-06-24T09:19:28.340+0000][1][safepoint    ] Entering safepoint region: RevokeBias
[2019-06-24T09:19:28.340+0000][1][safepoint    ] Leaving safepoint region
[2019-06-24T09:19:28.340+0000][1][safepoint    ] Total time for which application threads were stopped: 0.0000975 seconds, Stopping threads took: 0.0000379 seconds
[2019-06-24T09:19:28.340+0000][1][safepoint    ] Application time: 0.0002583 seconds
[2019-06-24T09:19:28.340+0000][1][safepoint    ] Entering safepoint region: RevokeBias
[2019-06-24T09:19:28.340+0000][1][safepoint    ] Leaving safepoint region
[2019-06-24T09:19:28.340+0000][1][safepoint    ] Total time for which application threads were stopped: 0.0000956 seconds, Stopping threads took: 0.0000392 seconds
[2019-06-24T09:19:28.340+0000][1][safepoint    ] Application time: 0.0002192 seconds
[2019-06-24T09:19:28.340+0000][1][safepoint    ] Entering safepoint region: RevokeBias
[2019-06-24T09:19:28.341+0000][1][safepoint    ] Leaving safepoint region
[2019-06-24T09:19:28.341+0000][1][safepoint    ] Total time for which application threads were stopped: 0.0000890 seconds, Stopping threads took: 0.0000326 seconds
[2019-06-24T09:19:28.342+0000][1][safepoint    ] Application time: 0.0011290 seconds
[2019-06-24T09:19:28.342+0000][1][safepoint    ] Entering safepoint region: RevokeBias
[2019-06-24T09:19:28.342+0000][1][safepoint    ] Leaving safepoint region
[2019-06-24T09:19:28.342+0000][1][safepoint    ] Total time for which application threads were stopped: 0.0001848 seconds, Stopping threads took: 0.0001248 seconds
[2019-06-24T09:19:28.342+0000][1][safepoint    ] Application time: 0.0002555 seconds
[2019-06-24T09:19:28.342+0000][1][safepoint    ] Entering safepoint region: RevokeBias
[2019-06-24T09:19:28.342+0000][1][safepoint    ] Leaving safepoint region
[2019-06-24T09:19:28.342+0000][1][safepoint    ] Total time for which application threads were stopped: 0.0001164 seconds, Stopping threads took: 0.0000574 seconds
[2019-06-24T09:19:28.342+0000][1][safepoint    ] Application time: 0.0001074 seconds
[2019-06-24T09:19:28.342+0000][1][safepoint    ] Entering safepoint region: RevokeBias
[2019-06-24T09:19:28.343+0000][1][safepoint    ] Leaving safepoint region
[2019-06-24T09:19:28.343+0000][1][safepoint    ] Total time for which application threads were stopped: 0.0001335 seconds, Stopping threads took: 0.0000700 seconds
[2019-06-24T09:19:28.343+0000][1][safepoint    ] Application time: 0.0000711 seconds
[2019-06-24T09:19:28.343+0000][1][safepoint    ] Entering safepoint region: RevokeBias
[2019-06-24T09:19:28.343+0000][1][safepoint    ] Leaving safepoint region
[2019-06-24T09:19:28.343+0000][1][safepoint    ] Total time for which application threads were stopped: 0.0000918 seconds, Stopping threads took: 0.0000427 seconds
[2019-06-24T09:19:28.343+0000][1][safepoint    ] Application time: 0.0002750 seconds
[2019-06-24T09:19:28.343+0000][1][safepoint    ] Entering safepoint region: RevokeBias
[2019-06-24T09:19:28.343+0000][1][safepoint    ] Leaving safepoint region
[2019-06-24T09:19:28.343+0000][1][safepoint    ] Total time for which application threads were stopped: 0.0000938 seconds, Stopping threads took: 0.0000333 seconds
[2019-06-24T09:19:28.343+0000][1][safepoint    ] Application time: 0.0001558 seconds
[2019-06-24T09:19:28.343+0000][1][safepoint    ] Entering safepoint region: RevokeBias
[2019-06-24T09:19:28.344+0000][1][safepoint    ] Leaving safepoint region
[2019-06-24T09:19:28.344+0000][1][safepoint    ] Total time for which application threads were stopped: 0.0001979 seconds, Stopping threads took: 0.0001237 seconds
[2019-06-24T09:19:28.347+0000][1][safepoint    ] Application time: 0.0030396 seconds
[2019-06-24T09:19:28.347+0000][1][safepoint    ] Entering safepoint region: RevokeBias
[2019-06-24T09:19:28.347+0000][1][safepoint    ] Leaving safepoint region
[2019-06-24T09:19:28.347+0000][1][safepoint    ] Total time for which application threads were stopped: 0.0001038 seconds, Stopping threads took: 0.0000564 seconds
[2019-06-24T09:19:28.347+0000][1][safepoint    ] Application time: 0.0000810 seconds
[2019-06-24T09:19:28.347+0000][1][safepoint    ] Entering safepoint region: RevokeBias
[2019-06-24T09:19:28.347+0000][1][safepoint    ] Leaving safepoint region
[2019-06-24T09:19:28.347+0000][1][safepoint    ] Total time for which application threads were stopped: 0.0000693 seconds, Stopping threads took: 0.0000260 seconds
[2019-06-24T09:19:28.351+0000][1][safepoint    ] Application time: 0.0037123 seconds
[2019-06-24T09:19:28.351+0000][1][safepoint    ] Entering safepoint region: RevokeBias
[2019-06-24T09:19:28.351+0000][1][safepoint    ] Leaving safepoint region
[2019-06-24T09:19:28.351+0000][1][safepoint    ] Total time for which application threads were stopped: 0.0000839 seconds, Stopping threads took: 0.0000370 seconds
[2019-06-24T09:19:28.351+0000][1][safepoint    ] Application time: 0.0000816 seconds
[2019-06-24T09:19:28.351+0000][1][safepoint    ] Entering safepoint region: RevokeBias
[2019-06-24T09:19:28.351+0000][1][safepoint    ] Leaving safepoint region
[2019-06-24T09:19:28.351+0000][1][safepoint    ] Total time for which application threads were stopped: 0.0000718 seconds, Stopping threads took: 0.0000343 seconds
[2019-06-24T09:19:28.351+0000][1][safepoint    ] Application time: 0.0001260 seconds
[2019-06-24T09:19:28.351+0000][1][safepoint    ] Entering safepoint region: RevokeBias
[2019-06-24T09:19:28.351+0000][1][safepoint    ] Leaving safepoint region
[2019-06-24T09:19:28.351+0000][1][safepoint    ] Total time for which application threads were stopped: 0.0000615 seconds, Stopping threads took: 0.0000242 seconds
[2019-06-24T09:19:28.351+0000][1][safepoint    ] Application time: 0.0001612 seconds
[2019-06-24T09:19:28.355+0000][1][safepoint    ] Entering safepoint region: RevokeBias
[2019-06-24T09:19:28.355+0000][1][safepoint    ] Leaving safepoint region
[2019-06-24T09:19:28.355+0000][1][safepoint    ] Total time for which application threads were stopped: 0.0041788 seconds, Stopping threads took: 0.0041455 seconds
[2019-06-24T09:19:28.356+0000][1][safepoint    ] Application time: 0.0000856 seconds
[2019-06-24T09:19:28.356+0000][1][safepoint    ] Entering safepoint region: RevokeBias
[2019-06-24T09:19:28.356+0000][1][safepoint    ] Leaving safepoint region
[2019-06-24T09:19:28.356+0000][1][safepoint    ] Total time for which application threads were stopped: 0.0000416 seconds, Stopping threads took: 0.0000159 seconds
[2019-06-24T09:19:28.356+0000][1][safepoint    ] Application time: 0.0001424 seconds
[2019-06-24T09:19:28.356+0000][1][safepoint    ] Entering safepoint region: BulkRevokeBias
[2019-06-24T09:19:28.356+0000][1][safepoint    ] Leaving safepoint region
[2019-06-24T09:19:28.356+0000][1][safepoint    ] Total time for which application threads were stopped: 0.0001318 seconds, Stopping threads took: 0.0000518 seconds
[2019-06-24T09:19:28.356+0000][1][safepoint    ] Application time: 0.0001645 seconds
[2019-06-24T09:19:28.356+0000][1][safepoint    ] Entering safepoint region: RevokeBias
[2019-06-24T09:19:28.356+0000][1][safepoint    ] Leaving safepoint region
[2019-06-24T09:19:28.356+0000][1][safepoint    ] Total time for which application threads were stopped: 0.0000312 seconds, Stopping threads took: 0.0000069 seconds
[2019-06-24T09:19:28.356+0000][1][safepoint    ] Application time: 0.0001414 seconds
[2019-06-24T09:19:28.356+0000][1][safepoint    ] Entering safepoint region: RevokeBias
[2019-06-24T09:19:28.356+0000][1][safepoint    ] Leaving safepoint region
[2019-06-24T09:19:28.356+0000][1][safepoint    ] Total time for which application threads were stopped: 0.0000343 seconds, Stopping threads took: 0.0000087 seconds
[2019-06-24T09:19:28.359+0000][1][safepoint    ] Application time: 0.0028388 seconds
[2019-06-24T09:19:28.359+0000][1][safepoint    ] Entering safepoint region: RevokeBias
[2019-06-24T09:19:28.359+0000][1][safepoint    ] Leaving safepoint region
[2019-06-24T09:19:28.359+0000][1][safepoint    ] Total time for which application threads were stopped: 0.0000360 seconds, Stopping threads took: 0.0000115 seconds
[2019-06-24T09:19:28.834+0000][1][safepoint    ] Application time: 0.4749562 seconds
[2019-06-24T09:19:28.834+0000][1][safepoint    ] Entering safepoint region: RevokeBias
[2019-06-24T09:19:28.834+0000][1][safepoint    ] Leaving safepoint region
[2019-06-24T09:19:28.834+0000][1][safepoint    ] Total time for which application threads were stopped: 0.0001460 seconds, Stopping threads took: 0.0000360 seconds
[2019-06-24T09:19:28.835+0000][1][safepoint    ] Application time: 0.0003246 seconds
[2019-06-24T09:19:28.835+0000][1][safepoint    ] Entering safepoint region: RevokeBias
[2019-06-24T09:19:28.835+0000][1][safepoint    ] Leaving safepoint region
[2019-06-24T09:19:28.835+0000][1][safepoint    ] Total time for which application threads were stopped: 0.0001113 seconds, Stopping threads took: 0.0000306 seconds
[2019-06-24T09:19:29.234+0000][1][safepoint    ] Application time: 0.3991356 seconds
[2019-06-24T09:19:29.234+0000][1][safepoint    ] Entering safepoint region: RevokeBias
[2019-06-24T09:19:29.234+0000][1][safepoint    ] Leaving safepoint region
[2019-06-24T09:19:29.234+0000][1][safepoint    ] Total time for which application threads were stopped: 0.0001588 seconds, Stopping threads took: 0.0000379 seconds
[2019-06-24T09:19:29.235+0000][1][safepoint    ] Application time: 0.0002177 seconds
[2019-06-24T09:19:29.235+0000][1][safepoint    ] Entering safepoint region: RevokeBias
[2019-06-24T09:19:29.235+0000][1][safepoint    ] Leaving safepoint region
[2019-06-24T09:19:29.235+0000][1][safepoint    ] Total time for which application threads were stopped: 0.0000779 seconds, Stopping threads took: 0.0000262 seconds
[2019-06-24T09:19:29.235+0000][1][safepoint    ] Application time: 0.0001369 seconds
[2019-06-24T09:19:29.235+0000][1][safepoint    ] Entering safepoint region: RevokeBias
[2019-06-24T09:19:29.235+0000][1][safepoint    ] Leaving safepoint region
[2019-06-24T09:19:29.235+0000][1][safepoint    ] Total time for which application threads were stopped: 0.0000724 seconds, Stopping threads took: 0.0000250 seconds
[2019-06-24T09:19:29.235+0000][1][safepoint    ] Application time: 0.0001314 seconds
[2019-06-24T09:19:29.235+0000][1][safepoint    ] Entering safepoint region: RevokeBias
[2019-06-24T09:19:29.235+0000][1][safepoint    ] Leaving safepoint region
[2019-06-24T09:19:29.235+0000][1][safepoint    ] Total time for which application threads were stopped: 0.0000725 seconds, Stopping threads took: 0.0000251 seconds
[2019-06-24T09:19:29.235+0000][1][safepoint    ] Application time: 0.0001310 seconds
[2019-06-24T09:19:29.235+0000][1][safepoint    ] Entering safepoint region: RevokeBias
[2019-06-24T09:19:29.235+0000][1][safepoint    ] Leaving safepoint region
[2019-06-24T09:19:29.235+0000][1][safepoint    ] Total time for which application threads were stopped: 0.0000723 seconds, Stopping threads took: 0.0000249 seconds
[2019-06-24T09:19:29.236+0000][1][safepoint    ] Application time: 0.0001384 seconds
[2019-06-24T09:19:29.236+0000][1][safepoint    ] Entering safepoint region: RevokeBias
[2019-06-24T09:19:29.236+0000][1][safepoint    ] Leaving safepoint region
[2019-06-24T09:19:29.236+0000][1][safepoint    ] Total time for which application threads were stopped: 0.0000719 seconds, Stopping threads took: 0.0000244 seconds
[2019-06-24T09:19:29.236+0000][1][safepoint    ] Application time: 0.0001368 seconds
[2019-06-24T09:19:29.236+0000][1][safepoint    ] Entering safepoint region: RevokeBias
[2019-06-24T09:19:29.236+0000][1][safepoint    ] Leaving safepoint region
[2019-06-24T09:19:29.236+0000][1][safepoint    ] Total time for which application threads were stopped: 0.0000711 seconds, Stopping threads took: 0.0000242 seconds
[2019-06-24T09:19:29.236+0000][1][safepoint    ] Application time: 0.0001297 seconds
[2019-06-24T09:19:29.236+0000][1][safepoint    ] Entering safepoint region: RevokeBias
[2019-06-24T09:19:29.236+0000][1][safepoint    ] Leaving safepoint region
[2019-06-24T09:19:29.236+0000][1][safepoint    ] Total time for which application threads were stopped: 0.0000664 seconds, Stopping threads took: 0.0000224 seconds
[2019-06-24T09:19:29.245+0000][1][safepoint    ] Application time: 0.0089481 seconds
[2019-06-24T09:19:29.245+0000][1][safepoint    ] Entering safepoint region: RevokeBias
[2019-06-24T09:19:29.245+0000][1][safepoint    ] Leaving safepoint region
[2019-06-24T09:19:29.245+0000][1][safepoint    ] Total time for which application threads were stopped: 0.0000803 seconds, Stopping threads took: 0.0000272 seconds
[2019-06-24T09:19:29.247+0000][1][safepoint    ] Application time: 0.0020067 seconds
[2019-06-24T09:19:29.248+0000][1][safepoint    ] Entering safepoint region: RevokeBias
[2019-06-24T09:19:29.248+0000][1][safepoint    ] Leaving safepoint region
[2019-06-24T09:19:29.248+0000][1][safepoint    ] Total time for which application threads were stopped: 0.0003492 seconds, Stopping threads took: 0.0002506 seconds
[2019-06-24T09:19:29.248+0000][1][safepoint    ] Application time: 0.0003399 seconds
[2019-06-24T09:19:29.248+0000][1][safepoint    ] Entering safepoint region: RevokeBias
[2019-06-24T09:19:29.248+0000][1][safepoint    ] Leaving safepoint region
[2019-06-24T09:19:29.249+0000][1][safepoint    ] Total time for which application threads were stopped: 0.0003730 seconds, Stopping threads took: 0.0002579 seconds
[2019-06-24T09:19:29.250+0000][1][safepoint    ] Application time: 0.0012446 seconds
[2019-06-24T09:19:29.250+0000][1][safepoint    ] Entering safepoint region: RevokeBias
[2019-06-24T09:19:29.250+0000][1][safepoint    ] Leaving safepoint region
[2019-06-24T09:19:29.250+0000][1][safepoint    ] Total time for which application threads were stopped: 0.0001229 seconds, Stopping threads took: 0.0000343 seconds
[2019-06-24T09:19:29.250+0000][1][safepoint    ] Application time: 0.0002910 seconds
[2019-06-24T09:19:29.250+0000][1][safepoint    ] Entering safepoint region: RevokeBias
[2019-06-24T09:19:29.250+0000][1][safepoint    ] Leaving safepoint region
[2019-06-24T09:19:29.250+0000][1][safepoint    ] Total time for which application threads were stopped: 0.0001161 seconds, Stopping threads took: 0.0000313 seconds
[2019-06-24T09:19:29.256+0000][1][safepoint    ] Application time: 0.0054952 seconds
[2019-06-24T09:19:29.256+0000][1][safepoint    ] Entering safepoint region: RevokeBias
[2019-06-24T09:19:29.256+0000][1][safepoint    ] Leaving safepoint region
[2019-06-24T09:19:29.256+0000][1][safepoint    ] Total time for which application threads were stopped: 0.0001203 seconds, Stopping threads took: 0.0000347 seconds
[2019-06-24T09:19:29.280+0000][1][safepoint    ] Application time: 0.0238991 seconds
[2019-06-24T09:19:29.280+0000][1][safepoint    ] Entering safepoint region: RevokeBias
[2019-06-24T09:19:29.280+0000][1][safepoint    ] Leaving safepoint region
[2019-06-24T09:19:29.280+0000][1][safepoint    ] Total time for which application threads were stopped: 0.0001160 seconds, Stopping threads took: 0.0000546 seconds
[2019-06-24T09:19:29.281+0000][1][safepoint    ] Application time: 0.0002157 seconds
[2019-06-24T09:19:29.281+0000][1][safepoint    ] Entering safepoint region: RevokeBias
[2019-06-24T09:19:29.281+0000][1][safepoint    ] Leaving safepoint region
[2019-06-24T09:19:29.281+0000][1][safepoint    ] Total time for which application threads were stopped: 0.0000765 seconds, Stopping threads took: 0.0000238 seconds
[2019-06-24T09:19:29.281+0000][1][safepoint    ] Application time: 0.0001984 seconds
[2019-06-24T09:19:29.281+0000][1][safepoint    ] Entering safepoint region: RevokeBias
[2019-06-24T09:19:29.281+0000][1][safepoint    ] Leaving safepoint region
[2019-06-24T09:19:29.281+0000][1][safepoint    ] Total time for which application threads were stopped: 0.0000723 seconds, Stopping threads took: 0.0000211 seconds
[2019-06-24T09:19:29.282+0000][1][safepoint    ] Application time: 0.0013495 seconds
[2019-06-24T09:19:29.282+0000][1][safepoint    ] Entering safepoint region: RevokeBias
[2019-06-24T09:19:29.282+0000][1][safepoint    ] Leaving safepoint region
[2019-06-24T09:19:29.282+0000][1][safepoint    ] Total time for which application threads were stopped: 0.0000804 seconds, Stopping threads took: 0.0000214 seconds
[2019-06-24T09:19:29.283+0000][1][safepoint    ] Application time: 0.0002264 seconds
[2019-06-24T09:19:29.283+0000][1][safepoint    ] Entering safepoint region: RevokeBias
[2019-06-24T09:19:29.283+0000][1][safepoint    ] Leaving safepoint region
[2019-06-24T09:19:29.283+0000][1][safepoint    ] Total time for which application threads were stopped: 0.0001093 seconds, Stopping threads took: 0.0000539 seconds
[2019-06-24T09:19:29.283+0000][1][safepoint    ] Application time: 0.0001487 seconds
[2019-06-24T09:19:29.283+0000][1][safepoint    ] Entering safepoint region: RevokeBias
[2019-06-24T09:19:29.283+0000][1][safepoint    ] Leaving safepoint region
[2019-06-24T09:19:29.283+0000][1][safepoint    ] Total time for which application threads were stopped: 0.0002079 seconds, Stopping threads took: 0.0001617 seconds
[2019-06-24T09:19:29.284+0000][1][safepoint    ] Application time: 0.0007661 seconds
[2019-06-24T09:19:29.284+0000][1][safepoint    ] Entering safepoint region: RevokeBias
[2019-06-24T09:19:29.284+0000][1][safepoint    ] Leaving safepoint region
[2019-06-24T09:19:29.284+0000][1][safepoint    ] Total time for which application threads were stopped: 0.0000766 seconds, Stopping threads took: 0.0000183 seconds
[2019-06-24T09:19:29.285+0000][1][safepoint    ] Application time: 0.0008476 seconds
[2019-06-24T09:19:29.285+0000][1][safepoint    ] Entering safepoint region: RevokeBias
[2019-06-24T09:19:29.285+0000][1][safepoint    ] Leaving safepoint region
[2019-06-24T09:19:29.285+0000][1][safepoint    ] Total time for which application threads were stopped: 0.0000626 seconds, Stopping threads took: 0.0000165 seconds
[2019-06-24T09:19:29.285+0000][1][safepoint    ] Application time: 0.0001619 seconds
[2019-06-24T09:19:29.285+0000][1][safepoint    ] Entering safepoint region: BulkRevokeBias
[2019-06-24T09:19:29.285+0000][1][safepoint    ] Leaving safepoint region
[2019-06-24T09:19:29.285+0000][1][safepoint    ] Total time for which application threads were stopped: 0.0001493 seconds, Stopping threads took: 0.0000165 seconds
[2019-06-24T09:19:29.286+0000][1][safepoint    ] Application time: 0.0006133 seconds
[2019-06-24T09:19:29.286+0000][1][safepoint    ] Entering safepoint region: RevokeBias
[2019-06-24T09:19:29.286+0000][1][safepoint    ] Leaving safepoint region
[2019-06-24T09:19:29.286+0000][1][safepoint    ] Total time for which application threads were stopped: 0.0000622 seconds, Stopping threads took: 0.0000163 seconds
[2019-06-24T09:19:29.287+0000][1][safepoint    ] Application time: 0.0004296 seconds
[2019-06-24T09:19:29.287+0000][1][safepoint    ] Entering safepoint region: RevokeBias
[2019-06-24T09:19:29.287+0000][1][safepoint    ] Leaving safepoint region
[2019-06-24T09:19:29.287+0000][1][safepoint    ] Total time for which application threads were stopped: 0.0001422 seconds, Stopping threads took: 0.0000987 seconds
[2019-06-24T09:19:29.288+0000][1][safepoint    ] Application time: 0.0017436 seconds
[2019-06-24T09:19:29.289+0000][1][safepoint    ] Entering safepoint region: RevokeBias
[2019-06-24T09:19:29.289+0000][1][safepoint    ] Leaving safepoint region
[2019-06-24T09:19:29.289+0000][1][safepoint    ] Total time for which application threads were stopped: 0.0000510 seconds, Stopping threads took: 0.0000132 seconds
[2019-06-24T09:19:29.289+0000][1][safepoint    ] Application time: 0.0001972 seconds
[2019-06-24T09:19:29.289+0000][1][safepoint    ] Entering safepoint region: RevokeBias
[2019-06-24T09:19:29.289+0000][1][safepoint    ] Leaving safepoint region
[2019-06-24T09:19:29.289+0000][1][safepoint    ] Total time for which application threads were stopped: 0.0000431 seconds, Stopping threads took: 0.0000127 seconds
[2019-06-24T09:19:29.289+0000][1][safepoint    ] Application time: 0.0001590 seconds
[2019-06-24T09:19:29.289+0000][1][safepoint    ] Entering safepoint region: RevokeBias
[2019-06-24T09:19:29.289+0000][1][safepoint    ] Leaving safepoint region
[2019-06-24T09:19:29.289+0000][1][safepoint    ] Total time for which application threads were stopped: 0.0000436 seconds, Stopping threads took: 0.0000122 seconds
[2019-06-24T09:19:29.289+0000][1][safepoint    ] Application time: 0.0001283 seconds
[2019-06-24T09:19:29.289+0000][1][safepoint    ] Entering safepoint region: RevokeBias
[2019-06-24T09:19:29.289+0000][1][safepoint    ] Leaving safepoint region
[2019-06-24T09:19:29.289+0000][1][safepoint    ] Total time for which application threads were stopped: 0.0000416 seconds, Stopping threads took: 0.0000131 seconds
[2019-06-24T09:19:29.292+0000][1][safepoint    ] Application time: 0.0024343 seconds
[2019-06-24T09:19:29.292+0000][1][safepoint    ] Entering safepoint region: RevokeBias
[2019-06-24T09:19:29.292+0000][1][safepoint    ] Leaving safepoint region
[2019-06-24T09:19:29.292+0000][1][safepoint    ] Total time for which application threads were stopped: 0.0000528 seconds, Stopping threads took: 0.0000147 seconds
[2019-06-24T09:19:29.292+0000][1][safepoint    ] Application time: 0.0001228 seconds
[2019-06-24T09:19:29.292+0000][1][safepoint    ] Entering safepoint region: RevokeBias
[2019-06-24T09:19:29.292+0000][1][safepoint    ] Leaving safepoint region
[2019-06-24T09:19:29.292+0000][1][safepoint    ] Total time for which application threads were stopped: 0.0000543 seconds, Stopping threads took: 0.0000126 seconds
[2019-06-24T09:19:29.292+0000][1][safepoint    ] Application time: 0.0001043 seconds
[2019-06-24T09:19:29.292+0000][1][safepoint    ] Entering safepoint region: RevokeBias
[2019-06-24T09:19:29.292+0000][1][safepoint    ] Leaving safepoint region
[2019-06-24T09:19:29.292+0000][1][safepoint    ] Total time for which application threads were stopped: 0.0000424 seconds, Stopping threads took: 0.0000120 seconds
[2019-06-24T09:19:29.292+0000][1][safepoint    ] Application time: 0.0001222 seconds
[2019-06-24T09:19:29.292+0000][1][safepoint    ] Entering safepoint region: RevokeBias
[2019-06-24T09:19:29.292+0000][1][safepoint    ] Leaving safepoint region
[2019-06-24T09:19:29.292+0000][1][safepoint    ] Total time for which application threads were stopped: 0.0001453 seconds, Stopping threads took: 0.0001036 seconds
[2019-06-24T09:19:29.293+0000][1][safepoint    ] Application time: 0.0001654 seconds
[2019-06-24T09:19:29.293+0000][1][safepoint    ] Entering safepoint region: RevokeBias
[2019-06-24T09:19:29.293+0000][1][safepoint    ] Leaving safepoint region
[2019-06-24T09:19:29.293+0000][1][safepoint    ] Total time for which application threads were stopped: 0.0001560 seconds, Stopping threads took: 0.0001229 seconds
[2019-06-24T09:19:29.293+0000][1][safepoint    ] Application time: 0.0001359 seconds
[2019-06-24T09:19:29.293+0000][1][safepoint    ] Entering safepoint region: RevokeBias
[2019-06-24T09:19:29.293+0000][1][safepoint    ] Leaving safepoint region
[2019-06-24T09:19:29.293+0000][1][safepoint    ] Total time for which application threads were stopped: 0.0000578 seconds, Stopping threads took: 0.0000312 seconds
[2019-06-24T09:19:29.295+0000][1][gc,heap,exit ] Heap
[2019-06-24T09:19:29.296+0000][1][gc,heap,exit ]  par new generation   total 78656K, used 27699K [0x00000000f0000000, 0x00000000f5550000, 0x00000000f5550000)
[2019-06-24T09:19:29.296+0000][1][gc,heap,exit ]   eden space 69952K,  28% used [0x00000000f0000000, 0x00000000f1384288, 0x00000000f4450000)
[2019-06-24T09:19:29.296+0000][1][gc,heap,exit ]   from space 8704K,  88% used [0x00000000f4450000, 0x00000000f4bd8b80, 0x00000000f4cd0000)
[2019-06-24T09:19:29.296+0000][1][gc,heap,exit ]   to   space 8704K,   0% used [0x00000000f4cd0000, 0x00000000f4cd0000, 0x00000000f5550000)
[2019-06-24T09:19:29.296+0000][1][gc,heap,exit ]  concurrent mark-sweep generation total 174784K, used 62267K [0x00000000f5550000, 0x0000000100000000, 0x0000000100000000)
[2019-06-24T09:19:29.296+0000][1][gc,heap,exit ]  Metaspace       used 63118K, capacity 67813K, committed 68080K, reserved 1107968K
[2019-06-24T09:19:29.296+0000][1][gc,heap,exit ]   class space    used 8593K, capacity 10561K, committed 10588K, reserved 1048576K
[2019-06-24T09:19:29.296+0000][1][safepoint    ] Application time: 0.0025760 seconds
[2019-06-24T09:19:29.296+0000][1][safepoint    ] Entering safepoint region: Halt
