[2019-06-24T09:21:27.985+0000][1][gc] Using Concurrent Mark Sweep
[2019-06-24T09:21:27.985+0000][1][gc,heap,coops] Heap address: 0x00000000f0000000, size: 256 MB, Compressed Oops mode: 32-bit
[2019-06-24T09:21:28.030+0000][1][safepoint    ] Entering safepoint region: EnableBiasedLocking
[2019-06-24T09:21:28.030+0000][1][safepoint    ] Leaving safepoint region
[2019-06-24T09:21:28.030+0000][1][safepoint    ] Total time for which application threads were stopped: 0.0000907 seconds, Stopping threads took: 0.0000349 seconds
[2019-06-24T09:21:28.033+0000][1][safepoint    ] Application time: 0.0025450 seconds
[2019-06-24T09:21:28.033+0000][1][safepoint    ] Entering safepoint region: RevokeBias
[2019-06-24T09:21:28.033+0000][1][safepoint    ] Leaving safepoint region
[2019-06-24T09:21:28.033+0000][1][safepoint    ] Total time for which application threads were stopped: 0.0000692 seconds, Stopping threads took: 0.0000205 seconds
[2019-06-24T09:21:28.043+0000][1][safepoint    ] Application time: 0.0102802 seconds
[2019-06-24T09:21:28.043+0000][1][safepoint    ] Entering safepoint region: Deoptimize
[2019-06-24T09:21:28.043+0000][1][safepoint    ] Leaving safepoint region
[2019-06-24T09:21:28.043+0000][1][safepoint    ] Total time for which application threads were stopped: 0.0000514 seconds, Stopping threads took: 0.0000100 seconds
[2019-06-24T09:21:28.138+0000][1][safepoint    ] Application time: 0.0951601 seconds
[2019-06-24T09:21:28.138+0000][1][safepoint    ] Entering safepoint region: RevokeBias
[2019-06-24T09:21:28.138+0000][1][safepoint    ] Leaving safepoint region
[2019-06-24T09:21:28.138+0000][1][safepoint    ] Total time for which application threads were stopped: 0.0000634 seconds, Stopping threads took: 0.0000086 seconds
[2019-06-24T09:21:28.140+0000][1][safepoint    ] Application time: 0.0013732 seconds
[2019-06-24T09:21:28.140+0000][1][safepoint    ] Entering safepoint region: Deoptimize
[2019-06-24T09:21:28.140+0000][1][safepoint    ] Leaving safepoint region
[2019-06-24T09:21:28.140+0000][1][safepoint    ] Total time for which application threads were stopped: 0.0000498 seconds, Stopping threads took: 0.0000065 seconds
[2019-06-24T09:21:28.162+0000][1][safepoint    ] Application time: 0.0222798 seconds
[2019-06-24T09:21:28.162+0000][1][safepoint    ] Entering safepoint region: Deoptimize
[2019-06-24T09:21:28.162+0000][1][safepoint    ] Leaving safepoint region
[2019-06-24T09:21:28.162+0000][1][safepoint    ] Total time for which application threads were stopped: 0.0000594 seconds, Stopping threads took: 0.0000075 seconds
[2019-06-24T09:21:28.382+0000][1][safepoint    ] Application time: 0.2196754 seconds
[2019-06-24T09:21:28.382+0000][1][safepoint    ] Entering safepoint region: Deoptimize
[2019-06-24T09:21:28.382+0000][1][safepoint    ] Leaving safepoint region
[2019-06-24T09:21:28.382+0000][1][safepoint    ] Total time for which application threads were stopped: 0.0001677 seconds, Stopping threads took: 0.0000143 seconds
[2019-06-24T09:21:28.403+0000][1][safepoint    ] Application time: 0.0208820 seconds
[2019-06-24T09:21:28.403+0000][1][safepoint    ] Entering safepoint region: Deoptimize
[2019-06-24T09:21:28.403+0000][1][safepoint    ] Leaving safepoint region
[2019-06-24T09:21:28.403+0000][1][safepoint    ] Total time for which application threads were stopped: 0.0001498 seconds, Stopping threads took: 0.0000137 seconds
[2019-06-24T09:21:28.427+0000][1][safepoint    ] Application time: 0.0240282 seconds
[2019-06-24T09:21:28.427+0000][1][safepoint    ] Entering safepoint region: Deoptimize
[2019-06-24T09:21:28.427+0000][1][safepoint    ] Leaving safepoint region
[2019-06-24T09:21:28.427+0000][1][safepoint    ] Total time for which application threads were stopped: 0.0001807 seconds, Stopping threads took: 0.0000190 seconds
[2019-06-24T09:21:28.437+0000][1][safepoint    ] Application time: 0.0099526 seconds
[2019-06-24T09:21:28.437+0000][1][safepoint    ] Entering safepoint region: Deoptimize
[2019-06-24T09:21:28.437+0000][1][safepoint    ] Leaving safepoint region
[2019-06-24T09:21:28.437+0000][1][safepoint    ] Total time for which application threads were stopped: 0.0001352 seconds, Stopping threads took: 0.0000124 seconds
[2019-06-24T09:21:28.779+0000][1][safepoint    ] Application time: 0.3412587 seconds
[2019-06-24T09:21:28.779+0000][1][safepoint    ] Entering safepoint region: Deoptimize
[2019-06-24T09:21:28.779+0000][1][safepoint    ] Leaving safepoint region
[2019-06-24T09:21:28.779+0000][1][safepoint    ] Total time for which application threads were stopped: 0.0002884 seconds, Stopping threads took: 0.0000105 seconds
[2019-06-24T09:21:28.981+0000][1][safepoint    ] Application time: 0.2014347 seconds
[2019-06-24T09:21:28.981+0000][1][safepoint    ] Entering safepoint region: RevokeBias
[2019-06-24T09:21:28.981+0000][1][safepoint    ] Leaving safepoint region
[2019-06-24T09:21:28.981+0000][1][safepoint    ] Total time for which application threads were stopped: 0.0001351 seconds, Stopping threads took: 0.0000133 seconds
[2019-06-24T09:21:29.056+0000][1][safepoint    ] Application time: 0.0751594 seconds
[2019-06-24T09:21:29.056+0000][1][safepoint    ] Entering safepoint region: Deoptimize
[2019-06-24T09:21:29.056+0000][1][safepoint    ] Leaving safepoint region
[2019-06-24T09:21:29.056+0000][1][safepoint    ] Total time for which application threads were stopped: 0.0001829 seconds, Stopping threads took: 0.0000091 seconds
[2019-06-24T09:21:29.167+0000][1][safepoint    ] Application time: 0.1113082 seconds
[2019-06-24T09:21:29.167+0000][1][safepoint    ] Entering safepoint region: Deoptimize
[2019-06-24T09:21:29.168+0000][1][safepoint    ] Leaving safepoint region
[2019-06-24T09:21:29.168+0000][1][safepoint    ] Total time for which application threads were stopped: 0.0001757 seconds, Stopping threads took: 0.0000086 seconds
[2019-06-24T09:21:29.168+0000][1][safepoint    ] Application time: 0.0001371 seconds
[2019-06-24T09:21:29.168+0000][1][safepoint    ] Entering safepoint region: Deoptimize
[2019-06-24T09:21:29.168+0000][1][safepoint    ] Leaving safepoint region
[2019-06-24T09:21:29.168+0000][1][safepoint    ] Total time for which application threads were stopped: 0.0001074 seconds, Stopping threads took: 0.0000069 seconds
[2019-06-24T09:21:29.186+0000][1][safepoint    ] Application time: 0.0185621 seconds
[2019-06-24T09:21:29.187+0000][1][safepoint    ] Entering safepoint region: Deoptimize
[2019-06-24T09:21:29.187+0000][1][safepoint    ] Leaving safepoint region
[2019-06-24T09:21:29.187+0000][1][safepoint    ] Total time for which application threads were stopped: 0.0001933 seconds, Stopping threads took: 0.0000166 seconds
[2019-06-24T09:21:29.195+0000][1][safepoint    ] Application time: 0.0085408 seconds
[2019-06-24T09:21:29.195+0000][1][safepoint    ] Entering safepoint region: Deoptimize
[2019-06-24T09:21:29.195+0000][1][safepoint    ] Leaving safepoint region
[2019-06-24T09:21:29.195+0000][1][safepoint    ] Total time for which application threads were stopped: 0.0002034 seconds, Stopping threads took: 0.0000108 seconds
[2019-06-24T09:21:29.201+0000][1][safepoint    ] Application time: 0.0052079 seconds
[2019-06-24T09:21:29.201+0000][1][safepoint    ] Entering safepoint region: RevokeBias
[2019-06-24T09:21:29.201+0000][1][safepoint    ] Leaving safepoint region
[2019-06-24T09:21:29.201+0000][1][safepoint    ] Total time for which application threads were stopped: 0.0001690 seconds, Stopping threads took: 0.0001272 seconds
[2019-06-24T09:21:29.201+0000][1][safepoint    ] Application time: 0.0001290 seconds
[2019-06-24T09:21:29.201+0000][1][safepoint    ] Entering safepoint region: RevokeBias
[2019-06-24T09:21:29.201+0000][1][safepoint    ] Leaving safepoint region
[2019-06-24T09:21:29.201+0000][1][safepoint    ] Total time for which application threads were stopped: 0.0000455 seconds, Stopping threads took: 0.0000199 seconds
[2019-06-24T09:21:29.201+0000][1][safepoint    ] Application time: 0.0000991 seconds
[2019-06-24T09:21:29.201+0000][1][safepoint    ] Entering safepoint region: RevokeBias
[2019-06-24T09:21:29.201+0000][1][safepoint    ] Leaving safepoint region
[2019-06-24T09:21:29.201+0000][1][safepoint    ] Total time for which application threads were stopped: 0.0000414 seconds, Stopping threads took: 0.0000168 seconds
[2019-06-24T09:21:29.201+0000][1][safepoint    ] Application time: 0.0001007 seconds
[2019-06-24T09:21:29.201+0000][1][safepoint    ] Entering safepoint region: RevokeBias
[2019-06-24T09:21:29.201+0000][1][safepoint    ] Leaving safepoint region
[2019-06-24T09:21:29.201+0000][1][safepoint    ] Total time for which application threads were stopped: 0.0000449 seconds, Stopping threads took: 0.0000204 seconds
[2019-06-24T09:21:29.202+0000][1][safepoint    ] Application time: 0.0001526 seconds
[2019-06-24T09:21:29.202+0000][1][safepoint    ] Entering safepoint region: RevokeBias
[2019-06-24T09:21:29.202+0000][1][safepoint    ] Leaving safepoint region
[2019-06-24T09:21:29.202+0000][1][safepoint    ] Total time for which application threads were stopped: 0.0000416 seconds, Stopping threads took: 0.0000168 seconds
[2019-06-24T09:21:29.203+0000][1][safepoint    ] Application time: 0.0013514 seconds
[2019-06-24T09:21:29.203+0000][1][safepoint    ] Entering safepoint region: RevokeBias
[2019-06-24T09:21:29.203+0000][1][safepoint    ] Leaving safepoint region
[2019-06-24T09:21:29.203+0000][1][safepoint    ] Total time for which application threads were stopped: 0.0000377 seconds, Stopping threads took: 0.0000114 seconds
[2019-06-24T09:21:29.208+0000][1][safepoint    ] Application time: 0.0052255 seconds
[2019-06-24T09:21:29.208+0000][1][safepoint    ] Entering safepoint region: Deoptimize
[2019-06-24T09:21:29.208+0000][1][safepoint    ] Leaving safepoint region
[2019-06-24T09:21:29.209+0000][1][safepoint    ] Total time for which application threads were stopped: 0.0001852 seconds, Stopping threads took: 0.0000094 seconds
[2019-06-24T09:21:29.291+0000][1][safepoint    ] Application time: 0.0828083 seconds
[2019-06-24T09:21:29.291+0000][1][safepoint    ] Entering safepoint region: GenCollectForAllocation
[2019-06-24T09:21:29.291+0000][1][gc,start     ] GC(0) Pause Young (Allocation Failure)
[2019-06-24T09:21:29.292+0000][1][gc,task      ] GC(0) Using 5 workers of 8 for evacuation
[2019-06-24T09:21:29.298+0000][1][gc,age       ] GC(0) Desired survivor size 4456448 bytes, new threshold 1 (max threshold 6)
[2019-06-24T09:21:29.298+0000][1][gc,age       ] GC(0) Age table with threshold 1 (max threshold 6)
[2019-06-24T09:21:29.298+0000][1][gc,age       ] GC(0) - age   1:    7972872 bytes,    7972872 total
[2019-06-24T09:21:29.298+0000][1][gc,heap      ] GC(0) ParNew: 69952K->7890K(78656K)
[2019-06-24T09:21:29.298+0000][1][gc,heap      ] GC(0) CMS: 0K->0K(174784K)
[2019-06-24T09:21:29.298+0000][1][gc,metaspace ] GC(0) Metaspace: 11950K->11950K(1060864K)
[2019-06-24T09:21:29.298+0000][1][gc           ] GC(0) Pause Young (Allocation Failure) 68M->7M(247M) 6.344ms
[2019-06-24T09:21:29.298+0000][1][gc,cpu       ] GC(0) User=0.03s Sys=0.00s Real=0.01s
[2019-06-24T09:21:29.298+0000][1][safepoint    ] Leaving safepoint region
[2019-06-24T09:21:29.298+0000][1][safepoint    ] Total time for which application threads were stopped: 0.0064738 seconds, Stopping threads took: 0.0000167 seconds
[2019-06-24T09:21:29.298+0000][1][safepoint    ] Application time: 0.0004397 seconds
[2019-06-24T09:21:29.298+0000][1][safepoint    ] Entering safepoint region: RevokeBias
[2019-06-24T09:21:29.298+0000][1][safepoint    ] Leaving safepoint region
[2019-06-24T09:21:29.298+0000][1][safepoint    ] Total time for which application threads were stopped: 0.0001121 seconds, Stopping threads took: 0.0000620 seconds
[2019-06-24T09:21:29.299+0000][1][safepoint    ] Application time: 0.0000805 seconds
[2019-06-24T09:21:29.299+0000][1][safepoint    ] Entering safepoint region: RevokeBias
[2019-06-24T09:21:29.299+0000][1][safepoint    ] Leaving safepoint region
[2019-06-24T09:21:29.299+0000][1][safepoint    ] Total time for which application threads were stopped: 0.0000694 seconds, Stopping threads took: 0.0000222 seconds
[2019-06-24T09:21:29.299+0000][1][safepoint    ] Application time: 0.0000610 seconds
[2019-06-24T09:21:29.299+0000][1][safepoint    ] Entering safepoint region: RevokeBias
[2019-06-24T09:21:29.299+0000][1][safepoint    ] Leaving safepoint region
[2019-06-24T09:21:29.299+0000][1][safepoint    ] Total time for which application threads were stopped: 0.0001122 seconds, Stopping threads took: 0.0000725 seconds
[2019-06-24T09:21:29.299+0000][1][safepoint    ] Application time: 0.0000490 seconds
[2019-06-24T09:21:29.299+0000][1][safepoint    ] Entering safepoint region: RevokeBias
[2019-06-24T09:21:29.299+0000][1][safepoint    ] Leaving safepoint region
[2019-06-24T09:21:29.299+0000][1][safepoint    ] Total time for which application threads were stopped: 0.0000860 seconds, Stopping threads took: 0.0000303 seconds
[2019-06-24T09:21:29.299+0000][1][safepoint    ] Application time: 0.0001502 seconds
[2019-06-24T09:21:29.299+0000][1][safepoint    ] Entering safepoint region: RevokeBias
[2019-06-24T09:21:29.299+0000][1][safepoint    ] Leaving safepoint region
[2019-06-24T09:21:29.299+0000][1][safepoint    ] Total time for which application threads were stopped: 0.0000597 seconds, Stopping threads took: 0.0000105 seconds
[2019-06-24T09:21:29.299+0000][1][safepoint    ] Application time: 0.0000504 seconds
[2019-06-24T09:21:29.299+0000][1][safepoint    ] Entering safepoint region: RevokeBias
[2019-06-24T09:21:29.299+0000][1][safepoint    ] Leaving safepoint region
[2019-06-24T09:21:29.299+0000][1][safepoint    ] Total time for which application threads were stopped: 0.0000791 seconds, Stopping threads took: 0.0000332 seconds
[2019-06-24T09:21:29.299+0000][1][safepoint    ] Application time: 0.0000568 seconds
[2019-06-24T09:21:29.299+0000][1][safepoint    ] Entering safepoint region: RevokeBias
[2019-06-24T09:21:29.299+0000][1][safepoint    ] Leaving safepoint region
[2019-06-24T09:21:29.299+0000][1][safepoint    ] Total time for which application threads were stopped: 0.0000670 seconds, Stopping threads took: 0.0000281 seconds
[2019-06-24T09:21:29.300+0000][1][safepoint    ] Application time: 0.0000476 seconds
[2019-06-24T09:21:29.300+0000][1][safepoint    ] Entering safepoint region: RevokeBias
[2019-06-24T09:21:29.300+0000][1][safepoint    ] Leaving safepoint region
[2019-06-24T09:21:29.300+0000][1][safepoint    ] Total time for which application threads were stopped: 0.0000734 seconds, Stopping threads took: 0.0000284 seconds
[2019-06-24T09:21:29.300+0000][1][safepoint    ] Application time: 0.0000533 seconds
[2019-06-24T09:21:29.300+0000][1][safepoint    ] Entering safepoint region: RevokeBias
[2019-06-24T09:21:29.300+0000][1][safepoint    ] Leaving safepoint region
[2019-06-24T09:21:29.300+0000][1][safepoint    ] Total time for which application threads were stopped: 0.0000839 seconds, Stopping threads took: 0.0000291 seconds
[2019-06-24T09:21:29.300+0000][1][safepoint    ] Application time: 0.0000468 seconds
[2019-06-24T09:21:29.300+0000][1][safepoint    ] Entering safepoint region: RevokeBias
[2019-06-24T09:21:29.300+0000][1][safepoint    ] Leaving safepoint region
[2019-06-24T09:21:29.300+0000][1][safepoint    ] Total time for which application threads were stopped: 0.0000826 seconds, Stopping threads took: 0.0000341 seconds
[2019-06-24T09:21:29.300+0000][1][safepoint    ] Application time: 0.0000505 seconds
[2019-06-24T09:21:29.300+0000][1][safepoint    ] Entering safepoint region: RevokeBias
[2019-06-24T09:21:29.300+0000][1][safepoint    ] Leaving safepoint region
[2019-06-24T09:21:29.300+0000][1][safepoint    ] Total time for which application threads were stopped: 0.0000731 seconds, Stopping threads took: 0.0000361 seconds
[2019-06-24T09:21:29.300+0000][1][safepoint    ] Application time: 0.0000448 seconds
[2019-06-24T09:21:29.300+0000][1][safepoint    ] Entering safepoint region: RevokeBias
[2019-06-24T09:21:29.300+0000][1][safepoint    ] Leaving safepoint region
[2019-06-24T09:21:29.300+0000][1][safepoint    ] Total time for which application threads were stopped: 0.0000637 seconds, Stopping threads took: 0.0000293 seconds
[2019-06-24T09:21:29.300+0000][1][safepoint    ] Application time: 0.0000504 seconds
[2019-06-24T09:21:29.300+0000][1][safepoint    ] Entering safepoint region: RevokeBias
[2019-06-24T09:21:29.300+0000][1][safepoint    ] Leaving safepoint region
[2019-06-24T09:21:29.300+0000][1][safepoint    ] Total time for which application threads were stopped: 0.0000713 seconds, Stopping threads took: 0.0000380 seconds
[2019-06-24T09:21:29.300+0000][1][safepoint    ] Application time: 0.0000424 seconds
[2019-06-24T09:21:29.300+0000][1][safepoint    ] Entering safepoint region: RevokeBias
[2019-06-24T09:21:29.300+0000][1][safepoint    ] Leaving safepoint region
[2019-06-24T09:21:29.300+0000][1][safepoint    ] Total time for which application threads were stopped: 0.0000591 seconds, Stopping threads took: 0.0000280 seconds
[2019-06-24T09:21:29.301+0000][1][safepoint    ] Application time: 0.0002826 seconds
[2019-06-24T09:21:29.301+0000][1][safepoint    ] Entering safepoint region: RevokeBias
[2019-06-24T09:21:29.301+0000][1][safepoint    ] Leaving safepoint region
[2019-06-24T09:21:29.301+0000][1][safepoint    ] Total time for which application threads were stopped: 0.0000821 seconds, Stopping threads took: 0.0000372 seconds
[2019-06-24T09:21:29.301+0000][1][safepoint    ] Application time: 0.0000427 seconds
[2019-06-24T09:21:29.301+0000][1][safepoint    ] Entering safepoint region: RevokeBias
[2019-06-24T09:21:29.301+0000][1][safepoint    ] Leaving safepoint region
[2019-06-24T09:21:29.301+0000][1][safepoint    ] Total time for which application threads were stopped: 0.0001724 seconds, Stopping threads took: 0.0001446 seconds
[2019-06-24T09:21:29.301+0000][1][safepoint    ] Application time: 0.0000508 seconds
[2019-06-24T09:21:29.301+0000][1][safepoint    ] Entering safepoint region: RevokeBias
[2019-06-24T09:21:29.301+0000][1][safepoint    ] Leaving safepoint region
[2019-06-24T09:21:29.301+0000][1][safepoint    ] Total time for which application threads were stopped: 0.0001425 seconds, Stopping threads took: 0.0001068 seconds
[2019-06-24T09:21:29.301+0000][1][safepoint    ] Application time: 0.0000456 seconds
[2019-06-24T09:21:29.301+0000][1][safepoint    ] Entering safepoint region: RevokeBias
[2019-06-24T09:21:29.301+0000][1][safepoint    ] Leaving safepoint region
[2019-06-24T09:21:29.301+0000][1][safepoint    ] Total time for which application threads were stopped: 0.0000580 seconds, Stopping threads took: 0.0000300 seconds
[2019-06-24T09:21:29.301+0000][1][safepoint    ] Application time: 0.0000534 seconds
[2019-06-24T09:21:29.302+0000][1][safepoint    ] Entering safepoint region: RevokeBias
[2019-06-24T09:21:29.302+0000][1][safepoint    ] Leaving safepoint region
[2019-06-24T09:21:29.302+0000][1][safepoint    ] Total time for which application threads were stopped: 0.0000733 seconds, Stopping threads took: 0.0000446 seconds
[2019-06-24T09:21:29.302+0000][1][safepoint    ] Application time: 0.0000447 seconds
[2019-06-24T09:21:29.302+0000][1][safepoint    ] Entering safepoint region: RevokeBias
[2019-06-24T09:21:29.302+0000][1][safepoint    ] Leaving safepoint region
[2019-06-24T09:21:29.302+0000][1][safepoint    ] Total time for which application threads were stopped: 0.0000531 seconds, Stopping threads took: 0.0000243 seconds
[2019-06-24T09:21:29.302+0000][1][safepoint    ] Application time: 0.0000497 seconds
[2019-06-24T09:21:29.302+0000][1][safepoint    ] Entering safepoint region: RevokeBias
[2019-06-24T09:21:29.302+0000][1][safepoint    ] Leaving safepoint region
[2019-06-24T09:21:29.302+0000][1][safepoint    ] Total time for which application threads were stopped: 0.0000730 seconds, Stopping threads took: 0.0000296 seconds
[2019-06-24T09:21:29.303+0000][1][safepoint    ] Application time: 0.0006805 seconds
[2019-06-24T09:21:29.303+0000][1][safepoint    ] Entering safepoint region: RevokeBias
[2019-06-24T09:21:29.303+0000][1][safepoint    ] Leaving safepoint region
[2019-06-24T09:21:29.303+0000][1][safepoint    ] Total time for which application threads were stopped: 0.0000846 seconds, Stopping threads took: 0.0000501 seconds
[2019-06-24T09:21:29.303+0000][1][safepoint    ] Application time: 0.0000535 seconds
[2019-06-24T09:21:29.303+0000][1][safepoint    ] Entering safepoint region: RevokeBias
[2019-06-24T09:21:29.303+0000][1][safepoint    ] Leaving safepoint region
[2019-06-24T09:21:29.303+0000][1][safepoint    ] Total time for which application threads were stopped: 0.0000881 seconds, Stopping threads took: 0.0000605 seconds
[2019-06-24T09:21:29.303+0000][1][safepoint    ] Application time: 0.0000356 seconds
[2019-06-24T09:21:29.303+0000][1][safepoint    ] Entering safepoint region: RevokeBias
[2019-06-24T09:21:29.303+0000][1][safepoint    ] Leaving safepoint region
[2019-06-24T09:21:29.303+0000][1][safepoint    ] Total time for which application threads were stopped: 0.0001179 seconds, Stopping threads took: 0.0000897 seconds
[2019-06-24T09:21:29.303+0000][1][safepoint    ] Application time: 0.0000711 seconds
[2019-06-24T09:21:29.303+0000][1][safepoint    ] Entering safepoint region: RevokeBias
[2019-06-24T09:21:29.303+0000][1][safepoint    ] Leaving safepoint region
[2019-06-24T09:21:29.303+0000][1][safepoint    ] Total time for which application threads were stopped: 0.0001153 seconds, Stopping threads took: 0.0000866 seconds
[2019-06-24T09:21:29.303+0000][1][safepoint    ] Application time: 0.0000863 seconds
[2019-06-24T09:21:29.303+0000][1][safepoint    ] Entering safepoint region: RevokeBias
[2019-06-24T09:21:29.303+0000][1][safepoint    ] Leaving safepoint region
[2019-06-24T09:21:29.303+0000][1][safepoint    ] Total time for which application threads were stopped: 0.0000473 seconds, Stopping threads took: 0.0000249 seconds
[2019-06-24T09:21:29.517+0000][1][safepoint    ] Application time: 0.2137688 seconds
[2019-06-24T09:21:29.517+0000][1][safepoint    ] Entering safepoint region: Deoptimize
[2019-06-24T09:21:29.517+0000][1][safepoint    ] Leaving safepoint region
[2019-06-24T09:21:29.517+0000][1][safepoint    ] Total time for which application threads were stopped: 0.0002687 seconds, Stopping threads took: 0.0000100 seconds
[2019-06-24T09:21:29.657+0000][1][safepoint    ] Application time: 0.1397586 seconds
[2019-06-24T09:21:29.657+0000][1][safepoint    ] Entering safepoint region: RevokeBias
[2019-06-24T09:21:29.657+0000][1][safepoint    ] Leaving safepoint region
[2019-06-24T09:21:29.657+0000][1][safepoint    ] Total time for which application threads were stopped: 0.0001490 seconds, Stopping threads took: 0.0000139 seconds
[2019-06-24T09:21:29.769+0000][1][safepoint    ] Application time: 0.1112806 seconds
[2019-06-24T09:21:29.769+0000][1][safepoint    ] Entering safepoint region: RevokeBias
[2019-06-24T09:21:29.769+0000][1][safepoint    ] Leaving safepoint region
[2019-06-24T09:21:29.769+0000][1][safepoint    ] Total time for which application threads were stopped: 0.0001267 seconds, Stopping threads took: 0.0000454 seconds
[2019-06-24T09:21:29.772+0000][1][safepoint    ] Application time: 0.0029069 seconds
[2019-06-24T09:21:29.772+0000][1][safepoint    ] Entering safepoint region: RevokeBias
[2019-06-24T09:21:29.772+0000][1][safepoint    ] Leaving safepoint region
[2019-06-24T09:21:29.772+0000][1][safepoint    ] Total time for which application threads were stopped: 0.0000679 seconds, Stopping threads took: 0.0000156 seconds
[2019-06-24T09:21:29.797+0000][1][safepoint    ] Application time: 0.0246725 seconds
[2019-06-24T09:21:29.797+0000][1][safepoint    ] Entering safepoint region: GenCollectForAllocation
[2019-06-24T09:21:29.797+0000][1][gc,start     ] GC(1) Pause Young (Allocation Failure)
[2019-06-24T09:21:29.797+0000][1][gc,task      ] GC(1) Using 5 workers of 8 for evacuation
[2019-06-24T09:21:29.809+0000][1][gc,age       ] GC(1) Desired survivor size 4456448 bytes, new threshold 6 (max threshold 6)
[2019-06-24T09:21:29.809+0000][1][gc,age       ] GC(1) Age table with threshold 6 (max threshold 6)
[2019-06-24T09:21:29.809+0000][1][gc,age       ] GC(1) - age   1:    2294672 bytes,    2294672 total
[2019-06-24T09:21:29.809+0000][1][gc,heap      ] GC(1) ParNew: 77842K->6298K(78656K)
[2019-06-24T09:21:29.809+0000][1][gc,heap      ] GC(1) CMS: 0K->6611K(174784K)
[2019-06-24T09:21:29.809+0000][1][gc,metaspace ] GC(1) Metaspace: 14589K->14589K(1062912K)
[2019-06-24T09:21:29.809+0000][1][gc           ] GC(1) Pause Young (Allocation Failure) 76M->12M(247M) 12.274ms
[2019-06-24T09:21:29.809+0000][1][gc,cpu       ] GC(1) User=0.08s Sys=0.00s Real=0.01s
[2019-06-24T09:21:29.809+0000][1][safepoint    ] Leaving safepoint region
[2019-06-24T09:21:29.809+0000][1][safepoint    ] Total time for which application threads were stopped: 0.0124547 seconds, Stopping threads took: 0.0000778 seconds
[2019-06-24T09:21:29.809+0000][1][safepoint    ] Application time: 0.0003332 seconds
[2019-06-24T09:21:29.809+0000][1][safepoint    ] Entering safepoint region: RevokeBias
[2019-06-24T09:21:29.809+0000][1][safepoint    ] Leaving safepoint region
[2019-06-24T09:21:29.809+0000][1][safepoint    ] Total time for which application threads were stopped: 0.0001287 seconds, Stopping threads took: 0.0000582 seconds
[2019-06-24T09:21:29.810+0000][1][safepoint    ] Application time: 0.0000808 seconds
[2019-06-24T09:21:29.810+0000][1][safepoint    ] Entering safepoint region: RevokeBias
[2019-06-24T09:21:29.810+0000][1][safepoint    ] Leaving safepoint region
[2019-06-24T09:21:29.810+0000][1][safepoint    ] Total time for which application threads were stopped: 0.0001820 seconds, Stopping threads took: 0.0001498 seconds
[2019-06-24T09:21:29.810+0000][1][safepoint    ] Application time: 0.0000482 seconds
[2019-06-24T09:21:29.810+0000][1][safepoint    ] Entering safepoint region: RevokeBias
[2019-06-24T09:21:29.810+0000][1][safepoint    ] Leaving safepoint region
[2019-06-24T09:21:29.810+0000][1][safepoint    ] Total time for which application threads were stopped: 0.0000549 seconds, Stopping threads took: 0.0000301 seconds
[2019-06-24T09:21:29.810+0000][1][safepoint    ] Application time: 0.0000411 seconds
[2019-06-24T09:21:29.810+0000][1][safepoint    ] Entering safepoint region: RevokeBias
[2019-06-24T09:21:29.810+0000][1][safepoint    ] Leaving safepoint region
[2019-06-24T09:21:29.810+0000][1][safepoint    ] Total time for which application threads were stopped: 0.0000537 seconds, Stopping threads took: 0.0000262 seconds
[2019-06-24T09:21:29.810+0000][1][safepoint    ] Application time: 0.0000435 seconds
[2019-06-24T09:21:29.810+0000][1][safepoint    ] Entering safepoint region: RevokeBias
[2019-06-24T09:21:29.810+0000][1][safepoint    ] Leaving safepoint region
[2019-06-24T09:21:29.810+0000][1][safepoint    ] Total time for which application threads were stopped: 0.0000675 seconds, Stopping threads took: 0.0000432 seconds
[2019-06-24T09:21:29.810+0000][1][safepoint    ] Application time: 0.0000345 seconds
[2019-06-24T09:21:29.810+0000][1][safepoint    ] Entering safepoint region: RevokeBias
[2019-06-24T09:21:29.810+0000][1][safepoint    ] Leaving safepoint region
[2019-06-24T09:21:29.810+0000][1][safepoint    ] Total time for which application threads were stopped: 0.0000541 seconds, Stopping threads took: 0.0000306 seconds
[2019-06-24T09:21:29.810+0000][1][safepoint    ] Application time: 0.0000432 seconds
[2019-06-24T09:21:29.810+0000][1][safepoint    ] Entering safepoint region: RevokeBias
[2019-06-24T09:21:29.810+0000][1][safepoint    ] Leaving safepoint region
[2019-06-24T09:21:29.810+0000][1][safepoint    ] Total time for which application threads were stopped: 0.0000590 seconds, Stopping threads took: 0.0000290 seconds
[2019-06-24T09:21:29.810+0000][1][safepoint    ] Application time: 0.0000355 seconds
[2019-06-24T09:21:29.810+0000][1][safepoint    ] Entering safepoint region: RevokeBias
[2019-06-24T09:21:29.810+0000][1][safepoint    ] Leaving safepoint region
[2019-06-24T09:21:29.811+0000][1][safepoint    ] Total time for which application threads were stopped: 0.0000947 seconds, Stopping threads took: 0.0000317 seconds
[2019-06-24T09:21:29.811+0000][1][safepoint    ] Application time: 0.0000397 seconds
[2019-06-24T09:21:29.811+0000][1][safepoint    ] Entering safepoint region: RevokeBias
[2019-06-24T09:21:29.811+0000][1][safepoint    ] Leaving safepoint region
[2019-06-24T09:21:29.811+0000][1][safepoint    ] Total time for which application threads were stopped: 0.0000610 seconds, Stopping threads took: 0.0000297 seconds
[2019-06-24T09:21:29.811+0000][1][safepoint    ] Application time: 0.0000832 seconds
[2019-06-24T09:21:29.811+0000][1][safepoint    ] Entering safepoint region: RevokeBias
[2019-06-24T09:21:29.811+0000][1][safepoint    ] Leaving safepoint region
[2019-06-24T09:21:29.811+0000][1][safepoint    ] Total time for which application threads were stopped: 0.0000590 seconds, Stopping threads took: 0.0000295 seconds
[2019-06-24T09:21:29.811+0000][1][safepoint    ] Application time: 0.0000434 seconds
[2019-06-24T09:21:29.811+0000][1][safepoint    ] Entering safepoint region: BulkRevokeBias
[2019-06-24T09:21:29.811+0000][1][safepoint    ] Leaving safepoint region
[2019-06-24T09:21:29.811+0000][1][safepoint    ] Total time for which application threads were stopped: 0.0000734 seconds, Stopping threads took: 0.0000261 seconds
[2019-06-24T09:21:29.811+0000][1][safepoint    ] Application time: 0.0000373 seconds
[2019-06-24T09:21:29.811+0000][1][safepoint    ] Entering safepoint region: RevokeBias
[2019-06-24T09:21:29.811+0000][1][safepoint    ] Leaving safepoint region
[2019-06-24T09:21:29.811+0000][1][safepoint    ] Total time for which application threads were stopped: 0.0000562 seconds, Stopping threads took: 0.0000280 seconds
[2019-06-24T09:21:29.811+0000][1][safepoint    ] Application time: 0.0000426 seconds
[2019-06-24T09:21:29.811+0000][1][safepoint    ] Entering safepoint region: BulkRevokeBias
[2019-06-24T09:21:29.811+0000][1][safepoint    ] Leaving safepoint region
[2019-06-24T09:21:29.811+0000][1][safepoint    ] Total time for which application threads were stopped: 0.0000812 seconds, Stopping threads took: 0.0000269 seconds
[2019-06-24T09:21:29.925+0000][1][safepoint    ] Application time: 0.1139828 seconds
[2019-06-24T09:21:29.925+0000][1][safepoint    ] Entering safepoint region: GenCollectForAllocation
[2019-06-24T09:21:29.925+0000][1][gc,start     ] GC(2) Pause Young (Allocation Failure)
[2019-06-24T09:21:29.925+0000][1][gc,task      ] GC(2) Using 5 workers of 8 for evacuation
[2019-06-24T09:21:29.928+0000][1][gc,age       ] GC(2) Desired survivor size 4456448 bytes, new threshold 6 (max threshold 6)
[2019-06-24T09:21:29.929+0000][1][gc,age       ] GC(2) Age table with threshold 6 (max threshold 6)
[2019-06-24T09:21:29.929+0000][1][gc,age       ] GC(2) - age   1:    2813704 bytes,    2813704 total
[2019-06-24T09:21:29.929+0000][1][gc,age       ] GC(2) - age   2:    1207128 bytes,    4020832 total
[2019-06-24T09:21:29.929+0000][1][gc,heap      ] GC(2) ParNew: 76250K->4493K(78656K)
[2019-06-24T09:21:29.929+0000][1][gc,heap      ] GC(2) CMS: 6611K->6611K(174784K)
[2019-06-24T09:21:29.929+0000][1][gc,metaspace ] GC(2) Metaspace: 14710K->14710K(1062912K)
[2019-06-24T09:21:29.929+0000][1][gc           ] GC(2) Pause Young (Allocation Failure) 80M->10M(247M) 3.248ms
[2019-06-24T09:21:29.929+0000][1][gc,cpu       ] GC(2) User=0.02s Sys=0.00s Real=0.00s
[2019-06-24T09:21:29.929+0000][1][safepoint    ] Leaving safepoint region
[2019-06-24T09:21:29.929+0000][1][safepoint    ] Total time for which application threads were stopped: 0.0033943 seconds, Stopping threads took: 0.0000174 seconds
[2019-06-24T09:21:29.929+0000][1][safepoint    ] Application time: 0.0002436 seconds
[2019-06-24T09:21:29.929+0000][1][safepoint    ] Entering safepoint region: RevokeBias
[2019-06-24T09:21:29.929+0000][1][safepoint    ] Leaving safepoint region
[2019-06-24T09:21:29.929+0000][1][safepoint    ] Total time for which application threads were stopped: 0.0001689 seconds, Stopping threads took: 0.0001076 seconds
[2019-06-24T09:21:29.929+0000][1][safepoint    ] Application time: 0.0000439 seconds
[2019-06-24T09:21:29.929+0000][1][safepoint    ] Entering safepoint region: RevokeBias
[2019-06-24T09:21:29.929+0000][1][safepoint    ] Leaving safepoint region
[2019-06-24T09:21:29.929+0000][1][safepoint    ] Total time for which application threads were stopped: 0.0000517 seconds, Stopping threads took: 0.0000090 seconds
[2019-06-24T09:21:29.929+0000][1][safepoint    ] Application time: 0.0000589 seconds
[2019-06-24T09:21:29.929+0000][1][safepoint    ] Entering safepoint region: RevokeBias
[2019-06-24T09:21:29.929+0000][1][safepoint    ] Leaving safepoint region
[2019-06-24T09:21:29.929+0000][1][safepoint    ] Total time for which application threads were stopped: 0.0000715 seconds, Stopping threads took: 0.0000299 seconds
[2019-06-24T09:21:29.929+0000][1][safepoint    ] Application time: 0.0000393 seconds
[2019-06-24T09:21:29.929+0000][1][safepoint    ] Entering safepoint region: RevokeBias
[2019-06-24T09:21:29.929+0000][1][safepoint    ] Leaving safepoint region
[2019-06-24T09:21:29.929+0000][1][safepoint    ] Total time for which application threads were stopped: 0.0000483 seconds, Stopping threads took: 0.0000089 seconds
[2019-06-24T09:21:29.929+0000][1][safepoint    ] Application time: 0.0000435 seconds
[2019-06-24T09:21:29.929+0000][1][safepoint    ] Entering safepoint region: RevokeBias
[2019-06-24T09:21:29.930+0000][1][safepoint    ] Leaving safepoint region
[2019-06-24T09:21:29.930+0000][1][safepoint    ] Total time for which application threads were stopped: 0.0000472 seconds, Stopping threads took: 0.0000086 seconds
[2019-06-24T09:21:29.930+0000][1][safepoint    ] Application time: 0.0000374 seconds
[2019-06-24T09:21:29.930+0000][1][safepoint    ] Entering safepoint region: RevokeBias
[2019-06-24T09:21:29.930+0000][1][safepoint    ] Leaving safepoint region
[2019-06-24T09:21:29.930+0000][1][safepoint    ] Total time for which application threads were stopped: 0.0000471 seconds, Stopping threads took: 0.0000089 seconds
[2019-06-24T09:21:30.040+0000][1][safepoint    ] Application time: 0.1100123 seconds
[2019-06-24T09:21:30.040+0000][1][safepoint    ] Entering safepoint region: Deoptimize
[2019-06-24T09:21:30.040+0000][1][safepoint    ] Leaving safepoint region
[2019-06-24T09:21:30.040+0000][1][safepoint    ] Total time for which application threads were stopped: 0.0003198 seconds, Stopping threads took: 0.0000157 seconds
[2019-06-24T09:21:30.040+0000][1][safepoint    ] Application time: 0.0003797 seconds
[2019-06-24T09:21:30.040+0000][1][safepoint    ] Entering safepoint region: Deoptimize
[2019-06-24T09:21:30.041+0000][1][safepoint    ] Leaving safepoint region
[2019-06-24T09:21:30.041+0000][1][safepoint    ] Total time for which application threads were stopped: 0.0002428 seconds, Stopping threads took: 0.0000109 seconds
[2019-06-24T09:21:30.213+0000][1][safepoint    ] Application time: 0.1728149 seconds
[2019-06-24T09:21:30.214+0000][1][safepoint    ] Entering safepoint region: GenCollectForAllocation
[2019-06-24T09:21:30.214+0000][1][gc,start     ] GC(3) Pause Young (Allocation Failure)
[2019-06-24T09:21:30.214+0000][1][gc,task      ] GC(3) Using 5 workers of 8 for evacuation
[2019-06-24T09:21:30.217+0000][1][gc,age       ] GC(3) Desired survivor size 4456448 bytes, new threshold 3 (max threshold 6)
[2019-06-24T09:21:30.217+0000][1][gc,age       ] GC(3) Age table with threshold 3 (max threshold 6)
[2019-06-24T09:21:30.217+0000][1][gc,age       ] GC(3) - age   1:    4013520 bytes,    4013520 total
[2019-06-24T09:21:30.217+0000][1][gc,age       ] GC(3) - age   2:     294456 bytes,    4307976 total
[2019-06-24T09:21:30.217+0000][1][gc,age       ] GC(3) - age   3:    1203720 bytes,    5511696 total
[2019-06-24T09:21:30.217+0000][1][gc,heap      ] GC(3) ParNew: 74445K->7248K(78656K)
[2019-06-24T09:21:30.217+0000][1][gc,heap      ] GC(3) CMS: 6611K->6611K(174784K)
[2019-06-24T09:21:30.217+0000][1][gc,metaspace ] GC(3) Metaspace: 18183K->18183K(1067008K)
[2019-06-24T09:21:30.217+0000][1][gc           ] GC(3) Pause Young (Allocation Failure) 79M->13M(247M) 3.405ms
[2019-06-24T09:21:30.217+0000][1][gc,cpu       ] GC(3) User=0.03s Sys=0.00s Real=0.01s
[2019-06-24T09:21:30.217+0000][1][safepoint    ] Leaving safepoint region
[2019-06-24T09:21:30.217+0000][1][safepoint    ] Total time for which application threads were stopped: 0.0036075 seconds, Stopping threads took: 0.0000288 seconds
[2019-06-24T09:21:30.217+0000][1][safepoint    ] Application time: 0.0002754 seconds
[2019-06-24T09:21:30.217+0000][1][safepoint    ] Entering safepoint region: BulkRevokeBias
[2019-06-24T09:21:30.218+0000][1][safepoint    ] Leaving safepoint region
[2019-06-24T09:21:30.218+0000][1][safepoint    ] Total time for which application threads were stopped: 0.0001774 seconds, Stopping threads took: 0.0000751 seconds
[2019-06-24T09:21:30.218+0000][1][safepoint    ] Application time: 0.0000724 seconds
[2019-06-24T09:21:30.218+0000][1][safepoint    ] Entering safepoint region: RevokeBias
[2019-06-24T09:21:30.218+0000][1][safepoint    ] Leaving safepoint region
[2019-06-24T09:21:30.218+0000][1][safepoint    ] Total time for which application threads were stopped: 0.0003083 seconds, Stopping threads took: 0.0002683 seconds
[2019-06-24T09:21:30.218+0000][1][safepoint    ] Application time: 0.0000443 seconds
[2019-06-24T09:21:30.218+0000][1][safepoint    ] Entering safepoint region: RevokeBias
[2019-06-24T09:21:30.218+0000][1][safepoint    ] Leaving safepoint region
[2019-06-24T09:21:30.218+0000][1][safepoint    ] Total time for which application threads were stopped: 0.0001463 seconds, Stopping threads took: 0.0001160 seconds
[2019-06-24T09:21:30.218+0000][1][safepoint    ] Application time: 0.0000408 seconds
[2019-06-24T09:21:30.218+0000][1][safepoint    ] Entering safepoint region: RevokeBias
[2019-06-24T09:21:30.218+0000][1][safepoint    ] Leaving safepoint region
[2019-06-24T09:21:30.218+0000][1][safepoint    ] Total time for which application threads were stopped: 0.0000337 seconds, Stopping threads took: 0.0000063 seconds
[2019-06-24T09:21:30.218+0000][1][safepoint    ] Application time: 0.0000327 seconds
[2019-06-24T09:21:30.218+0000][1][safepoint    ] Entering safepoint region: RevokeBias
[2019-06-24T09:21:30.218+0000][1][safepoint    ] Leaving safepoint region
[2019-06-24T09:21:30.218+0000][1][safepoint    ] Total time for which application threads were stopped: 0.0000745 seconds, Stopping threads took: 0.0000450 seconds
[2019-06-24T09:21:30.219+0000][1][safepoint    ] Application time: 0.0000923 seconds
[2019-06-24T09:21:30.219+0000][1][safepoint    ] Entering safepoint region: RevokeBias
[2019-06-24T09:21:30.219+0000][1][safepoint    ] Leaving safepoint region
[2019-06-24T09:21:30.219+0000][1][safepoint    ] Total time for which application threads were stopped: 0.0001277 seconds, Stopping threads took: 0.0000697 seconds
[2019-06-24T09:21:30.219+0000][1][safepoint    ] Application time: 0.0000418 seconds
[2019-06-24T09:21:30.219+0000][1][safepoint    ] Entering safepoint region: RevokeBias
[2019-06-24T09:21:30.219+0000][1][safepoint    ] Leaving safepoint region
[2019-06-24T09:21:30.219+0000][1][safepoint    ] Total time for which application threads were stopped: 0.0000871 seconds, Stopping threads took: 0.0000384 seconds
[2019-06-24T09:21:30.219+0000][1][safepoint    ] Application time: 0.0000474 seconds
[2019-06-24T09:21:30.219+0000][1][safepoint    ] Entering safepoint region: RevokeBias
[2019-06-24T09:21:30.219+0000][1][safepoint    ] Leaving safepoint region
[2019-06-24T09:21:30.219+0000][1][safepoint    ] Total time for which application threads were stopped: 0.0001231 seconds, Stopping threads took: 0.0000793 seconds
[2019-06-24T09:21:30.219+0000][1][safepoint    ] Application time: 0.0000453 seconds
[2019-06-24T09:21:30.219+0000][1][safepoint    ] Entering safepoint region: RevokeBias
[2019-06-24T09:21:30.219+0000][1][safepoint    ] Leaving safepoint region
[2019-06-24T09:21:30.219+0000][1][safepoint    ] Total time for which application threads were stopped: 0.0000800 seconds, Stopping threads took: 0.0000361 seconds
[2019-06-24T09:21:30.219+0000][1][safepoint    ] Application time: 0.0000477 seconds
[2019-06-24T09:21:30.219+0000][1][safepoint    ] Entering safepoint region: RevokeBias
[2019-06-24T09:21:30.219+0000][1][safepoint    ] Leaving safepoint region
[2019-06-24T09:21:30.219+0000][1][safepoint    ] Total time for which application threads were stopped: 0.0001667 seconds, Stopping threads took: 0.0001080 seconds
[2019-06-24T09:21:30.219+0000][1][safepoint    ] Application time: 0.0000443 seconds
[2019-06-24T09:21:30.220+0000][1][safepoint    ] Entering safepoint region: RevokeBias
[2019-06-24T09:21:30.220+0000][1][safepoint    ] Leaving safepoint region
[2019-06-24T09:21:30.220+0000][1][safepoint    ] Total time for which application threads were stopped: 0.0001432 seconds, Stopping threads took: 0.0001003 seconds
[2019-06-24T09:21:30.220+0000][1][safepoint    ] Application time: 0.0000450 seconds
[2019-06-24T09:21:30.220+0000][1][safepoint    ] Entering safepoint region: RevokeBias
[2019-06-24T09:21:30.220+0000][1][safepoint    ] Leaving safepoint region
[2019-06-24T09:21:30.220+0000][1][safepoint    ] Total time for which application threads were stopped: 0.0001713 seconds, Stopping threads took: 0.0001330 seconds
[2019-06-24T09:21:30.220+0000][1][safepoint    ] Application time: 0.0000421 seconds
[2019-06-24T09:21:30.220+0000][1][safepoint    ] Entering safepoint region: RevokeBias
[2019-06-24T09:21:30.220+0000][1][safepoint    ] Leaving safepoint region
[2019-06-24T09:21:30.220+0000][1][safepoint    ] Total time for which application threads were stopped: 0.0000404 seconds, Stopping threads took: 0.0000067 seconds
[2019-06-24T09:21:30.220+0000][1][safepoint    ] Application time: 0.0000427 seconds
[2019-06-24T09:21:30.220+0000][1][safepoint    ] Entering safepoint region: RevokeBias
[2019-06-24T09:21:30.220+0000][1][safepoint    ] Leaving safepoint region
[2019-06-24T09:21:30.220+0000][1][safepoint    ] Total time for which application threads were stopped: 0.0000616 seconds, Stopping threads took: 0.0000272 seconds
[2019-06-24T09:21:30.220+0000][1][safepoint    ] Application time: 0.0000355 seconds
[2019-06-24T09:21:30.220+0000][1][safepoint    ] Entering safepoint region: RevokeBias
[2019-06-24T09:21:30.220+0000][1][safepoint    ] Leaving safepoint region
[2019-06-24T09:21:30.220+0000][1][safepoint    ] Total time for which application threads were stopped: 0.0000428 seconds, Stopping threads took: 0.0000103 seconds
[2019-06-24T09:21:30.220+0000][1][safepoint    ] Application time: 0.0000408 seconds
[2019-06-24T09:21:30.220+0000][1][safepoint    ] Entering safepoint region: RevokeBias
[2019-06-24T09:21:30.220+0000][1][safepoint    ] Leaving safepoint region
[2019-06-24T09:21:30.220+0000][1][safepoint    ] Total time for which application threads were stopped: 0.0000570 seconds, Stopping threads took: 0.0000285 seconds
[2019-06-24T09:21:30.220+0000][1][safepoint    ] Application time: 0.0000347 seconds
[2019-06-24T09:21:30.220+0000][1][safepoint    ] Entering safepoint region: RevokeBias
[2019-06-24T09:21:30.220+0000][1][safepoint    ] Leaving safepoint region
[2019-06-24T09:21:30.220+0000][1][safepoint    ] Total time for which application threads were stopped: 0.0000494 seconds, Stopping threads took: 0.0000234 seconds
[2019-06-24T09:21:30.220+0000][1][safepoint    ] Application time: 0.0000890 seconds
[2019-06-24T09:21:30.221+0000][1][safepoint    ] Entering safepoint region: RevokeBias
[2019-06-24T09:21:30.221+0000][1][safepoint    ] Leaving safepoint region
[2019-06-24T09:21:30.221+0000][1][safepoint    ] Total time for which application threads were stopped: 0.0000925 seconds, Stopping threads took: 0.0000498 seconds
[2019-06-24T09:21:30.221+0000][1][safepoint    ] Application time: 0.0000439 seconds
[2019-06-24T09:21:30.221+0000][1][safepoint    ] Entering safepoint region: RevokeBias
[2019-06-24T09:21:30.221+0000][1][safepoint    ] Leaving safepoint region
[2019-06-24T09:21:30.221+0000][1][safepoint    ] Total time for which application threads were stopped: 0.0001374 seconds, Stopping threads took: 0.0001023 seconds
[2019-06-24T09:21:30.221+0000][1][safepoint    ] Application time: 0.0000370 seconds
[2019-06-24T09:21:30.221+0000][1][safepoint    ] Entering safepoint region: RevokeBias
[2019-06-24T09:21:30.221+0000][1][safepoint    ] Leaving safepoint region
[2019-06-24T09:21:30.221+0000][1][safepoint    ] Total time for which application threads were stopped: 0.0000381 seconds, Stopping threads took: 0.0000066 seconds
[2019-06-24T09:21:30.221+0000][1][safepoint    ] Application time: 0.0000396 seconds
[2019-06-24T09:21:30.221+0000][1][safepoint    ] Entering safepoint region: RevokeBias
[2019-06-24T09:21:30.221+0000][1][safepoint    ] Leaving safepoint region
[2019-06-24T09:21:30.221+0000][1][safepoint    ] Total time for which application threads were stopped: 0.0000918 seconds, Stopping threads took: 0.0000475 seconds
[2019-06-24T09:21:30.221+0000][1][safepoint    ] Application time: 0.0000363 seconds
[2019-06-24T09:21:30.221+0000][1][safepoint    ] Entering safepoint region: RevokeBias
[2019-06-24T09:21:30.221+0000][1][safepoint    ] Leaving safepoint region
[2019-06-24T09:21:30.221+0000][1][safepoint    ] Total time for which application threads were stopped: 0.0000673 seconds, Stopping threads took: 0.0000305 seconds
[2019-06-24T09:21:30.319+0000][1][safepoint    ] Application time: 0.0978540 seconds
[2019-06-24T09:21:30.319+0000][1][safepoint    ] Entering safepoint region: GenCollectForAllocation
[2019-06-24T09:21:30.319+0000][1][gc,start     ] GC(4) Pause Young (Allocation Failure)
[2019-06-24T09:21:30.319+0000][1][gc,task      ] GC(4) Using 5 workers of 8 for evacuation
[2019-06-24T09:21:30.323+0000][1][gc,age       ] GC(4) Desired survivor size 4456448 bytes, new threshold 2 (max threshold 6)
[2019-06-24T09:21:30.323+0000][1][gc,age       ] GC(4) Age table with threshold 2 (max threshold 6)
[2019-06-24T09:21:30.323+0000][1][gc,age       ] GC(4) - age   1:    1930120 bytes,    1930120 total
[2019-06-24T09:21:30.323+0000][1][gc,age       ] GC(4) - age   2:    3328896 bytes,    5259016 total
[2019-06-24T09:21:30.323+0000][1][gc,age       ] GC(4) - age   3:     293928 bytes,    5552944 total
[2019-06-24T09:21:30.323+0000][1][gc,heap      ] GC(4) ParNew: 77200K->8232K(78656K)
[2019-06-24T09:21:30.323+0000][1][gc,heap      ] GC(4) CMS: 6611K->7804K(174784K)
[2019-06-24T09:21:30.323+0000][1][gc,metaspace ] GC(4) Metaspace: 18386K->18386K(1067008K)
[2019-06-24T09:21:30.324+0000][1][gc           ] GC(4) Pause Young (Allocation Failure) 81M->15M(247M) 4.397ms
[2019-06-24T09:21:30.324+0000][1][gc,cpu       ] GC(4) User=0.03s Sys=0.00s Real=0.01s
[2019-06-24T09:21:30.324+0000][1][safepoint    ] Leaving safepoint region
[2019-06-24T09:21:30.324+0000][1][safepoint    ] Total time for which application threads were stopped: 0.0045491 seconds, Stopping threads took: 0.0000298 seconds
[2019-06-24T09:21:30.324+0000][1][safepoint    ] Application time: 0.0001234 seconds
[2019-06-24T09:21:30.324+0000][1][safepoint    ] Entering safepoint region: RevokeBias
[2019-06-24T09:21:30.324+0000][1][safepoint    ] Leaving safepoint region
[2019-06-24T09:21:30.324+0000][1][safepoint    ] Total time for which application threads were stopped: 0.0001139 seconds, Stopping threads took: 0.0000487 seconds
[2019-06-24T09:21:30.324+0000][1][safepoint    ] Application time: 0.0000431 seconds
[2019-06-24T09:21:30.324+0000][1][safepoint    ] Entering safepoint region: RevokeBias
[2019-06-24T09:21:30.324+0000][1][safepoint    ] Leaving safepoint region
[2019-06-24T09:21:30.324+0000][1][safepoint    ] Total time for which application threads were stopped: 0.0000558 seconds, Stopping threads took: 0.0000098 seconds
[2019-06-24T09:21:30.324+0000][1][safepoint    ] Application time: 0.0000503 seconds
[2019-06-24T09:21:30.324+0000][1][safepoint    ] Entering safepoint region: RevokeBias
[2019-06-24T09:21:30.324+0000][1][safepoint    ] Leaving safepoint region
[2019-06-24T09:21:30.324+0000][1][safepoint    ] Total time for which application threads were stopped: 0.0000512 seconds, Stopping threads took: 0.0000097 seconds
[2019-06-24T09:21:30.324+0000][1][safepoint    ] Application time: 0.0000851 seconds
[2019-06-24T09:21:30.324+0000][1][safepoint    ] Entering safepoint region: RevokeBias
[2019-06-24T09:21:30.324+0000][1][safepoint    ] Leaving safepoint region
[2019-06-24T09:21:30.324+0000][1][safepoint    ] Total time for which application threads were stopped: 0.0001091 seconds, Stopping threads took: 0.0000369 seconds
[2019-06-24T09:21:30.339+0000][1][safepoint    ] Application time: 0.0150913 seconds
[2019-06-24T09:21:30.339+0000][1][safepoint    ] Entering safepoint region: Deoptimize
[2019-06-24T09:21:30.340+0000][1][safepoint    ] Leaving safepoint region
[2019-06-24T09:21:30.340+0000][1][safepoint    ] Total time for which application threads were stopped: 0.0003273 seconds, Stopping threads took: 0.0000140 seconds
[2019-06-24T09:21:30.380+0000][1][safepoint    ] Application time: 0.0403154 seconds
[2019-06-24T09:21:30.380+0000][1][safepoint    ] Entering safepoint region: Deoptimize
[2019-06-24T09:21:30.380+0000][1][safepoint    ] Leaving safepoint region
[2019-06-24T09:21:30.380+0000][1][safepoint    ] Total time for which application threads were stopped: 0.0003571 seconds, Stopping threads took: 0.0000160 seconds
[2019-06-24T09:21:30.468+0000][1][safepoint    ] Application time: 0.0871956 seconds
[2019-06-24T09:21:30.468+0000][1][safepoint    ] Entering safepoint region: GenCollectForAllocation
[2019-06-24T09:21:30.468+0000][1][gc,start     ] GC(5) Pause Young (Allocation Failure)
[2019-06-24T09:21:30.468+0000][1][gc,task      ] GC(5) Using 5 workers of 8 for evacuation
[2019-06-24T09:21:30.472+0000][1][gc,age       ] GC(5) Desired survivor size 4456448 bytes, new threshold 6 (max threshold 6)
[2019-06-24T09:21:30.472+0000][1][gc,age       ] GC(5) Age table with threshold 6 (max threshold 6)
[2019-06-24T09:21:30.472+0000][1][gc,age       ] GC(5) - age   1:    2724168 bytes,    2724168 total
[2019-06-24T09:21:30.472+0000][1][gc,age       ] GC(5) - age   2:     442936 bytes,    3167104 total
[2019-06-24T09:21:30.472+0000][1][gc,heap      ] GC(5) ParNew: 78184K->6420K(78656K)
[2019-06-24T09:21:30.472+0000][1][gc,heap      ] GC(5) CMS: 7804K->11373K(174784K)
[2019-06-24T09:21:30.472+0000][1][gc,metaspace ] GC(5) Metaspace: 18736K->18736K(1067008K)
[2019-06-24T09:21:30.472+0000][1][gc           ] GC(5) Pause Young (Allocation Failure) 83M->17M(247M) 4.436ms
[2019-06-24T09:21:30.472+0000][1][gc,cpu       ] GC(5) User=0.02s Sys=0.00s Real=0.00s
[2019-06-24T09:21:30.472+0000][1][safepoint    ] Leaving safepoint region
[2019-06-24T09:21:30.472+0000][1][safepoint    ] Total time for which application threads were stopped: 0.0045620 seconds, Stopping threads took: 0.0000146 seconds
[2019-06-24T09:21:30.472+0000][1][safepoint    ] Application time: 0.0001456 seconds
[2019-06-24T09:21:30.473+0000][1][safepoint    ] Entering safepoint region: RevokeBias
[2019-06-24T09:21:30.473+0000][1][safepoint    ] Leaving safepoint region
[2019-06-24T09:21:30.473+0000][1][safepoint    ] Total time for which application threads were stopped: 0.0001744 seconds, Stopping threads took: 0.0001210 seconds
[2019-06-24T09:21:30.473+0000][1][safepoint    ] Application time: 0.0000942 seconds
[2019-06-24T09:21:30.473+0000][1][safepoint    ] Entering safepoint region: RevokeBias
[2019-06-24T09:21:30.473+0000][1][safepoint    ] Leaving safepoint region
[2019-06-24T09:21:30.473+0000][1][safepoint    ] Total time for which application threads were stopped: 0.0000857 seconds, Stopping threads took: 0.0000414 seconds
[2019-06-24T09:21:30.473+0000][1][safepoint    ] Application time: 0.0001004 seconds
[2019-06-24T09:21:30.473+0000][1][safepoint    ] Entering safepoint region: RevokeBias
[2019-06-24T09:21:30.473+0000][1][safepoint    ] Leaving safepoint region
[2019-06-24T09:21:30.473+0000][1][safepoint    ] Total time for which application threads were stopped: 0.0000634 seconds, Stopping threads took: 0.0000266 seconds
[2019-06-24T09:21:30.473+0000][1][safepoint    ] Application time: 0.0000382 seconds
[2019-06-24T09:21:30.473+0000][1][safepoint    ] Entering safepoint region: RevokeBias
[2019-06-24T09:21:30.473+0000][1][safepoint    ] Leaving safepoint region
[2019-06-24T09:21:30.473+0000][1][safepoint    ] Total time for which application threads were stopped: 0.0000474 seconds, Stopping threads took: 0.0000096 seconds
[2019-06-24T09:21:30.473+0000][1][safepoint    ] Application time: 0.0000412 seconds
[2019-06-24T09:21:30.473+0000][1][safepoint    ] Entering safepoint region: RevokeBias
[2019-06-24T09:21:30.473+0000][1][safepoint    ] Leaving safepoint region
[2019-06-24T09:21:30.473+0000][1][safepoint    ] Total time for which application threads were stopped: 0.0000501 seconds, Stopping threads took: 0.0000093 seconds
[2019-06-24T09:21:30.473+0000][1][safepoint    ] Application time: 0.0000351 seconds
[2019-06-24T09:21:30.473+0000][1][safepoint    ] Entering safepoint region: RevokeBias
[2019-06-24T09:21:30.473+0000][1][safepoint    ] Leaving safepoint region
[2019-06-24T09:21:30.473+0000][1][safepoint    ] Total time for which application threads were stopped: 0.0000467 seconds, Stopping threads took: 0.0000097 seconds
[2019-06-24T09:21:30.541+0000][1][safepoint    ] Application time: 0.0676043 seconds
[2019-06-24T09:21:30.541+0000][1][safepoint    ] Entering safepoint region: RevokeBias
[2019-06-24T09:21:30.541+0000][1][safepoint    ] Leaving safepoint region
[2019-06-24T09:21:30.541+0000][1][safepoint    ] Total time for which application threads were stopped: 0.0000771 seconds, Stopping threads took: 0.0000165 seconds
[2019-06-24T09:21:30.541+0000][1][safepoint    ] Application time: 0.0001201 seconds
[2019-06-24T09:21:30.541+0000][1][safepoint    ] Entering safepoint region: BulkRevokeBias
[2019-06-24T09:21:30.541+0000][1][safepoint    ] Leaving safepoint region
[2019-06-24T09:21:30.541+0000][1][safepoint    ] Total time for which application threads were stopped: 0.0001191 seconds, Stopping threads took: 0.0000128 seconds
[2019-06-24T09:21:30.565+0000][1][safepoint    ] Application time: 0.0232267 seconds
[2019-06-24T09:21:30.565+0000][1][safepoint    ] Entering safepoint region: GenCollectForAllocation
[2019-06-24T09:21:30.565+0000][1][gc,start     ] GC(6) Pause Young (Allocation Failure)
[2019-06-24T09:21:30.565+0000][1][gc,task      ] GC(6) Using 5 workers of 8 for evacuation
[2019-06-24T09:21:30.567+0000][1][gc,age       ] GC(6) Desired survivor size 4456448 bytes, new threshold 6 (max threshold 6)
[2019-06-24T09:21:30.567+0000][1][gc,age       ] GC(6) Age table with threshold 6 (max threshold 6)
[2019-06-24T09:21:30.567+0000][1][gc,age       ] GC(6) - age   1:    1771512 bytes,    1771512 total
[2019-06-24T09:21:30.567+0000][1][gc,age       ] GC(6) - age   2:    2195648 bytes,    3967160 total
[2019-06-24T09:21:30.567+0000][1][gc,age       ] GC(6) - age   3:     442936 bytes,    4410096 total
[2019-06-24T09:21:30.567+0000][1][gc,heap      ] GC(6) ParNew: 76372K->5002K(78656K)
[2019-06-24T09:21:30.567+0000][1][gc,heap      ] GC(6) CMS: 11373K->11373K(174784K)
[2019-06-24T09:21:30.567+0000][1][gc,metaspace ] GC(6) Metaspace: 19047K->19047K(1067008K)
[2019-06-24T09:21:30.567+0000][1][gc           ] GC(6) Pause Young (Allocation Failure) 85M->15M(247M) 2.495ms
[2019-06-24T09:21:30.567+0000][1][gc,cpu       ] GC(6) User=0.02s Sys=0.00s Real=0.00s
[2019-06-24T09:21:30.567+0000][1][safepoint    ] Leaving safepoint region
[2019-06-24T09:21:30.567+0000][1][safepoint    ] Total time for which application threads were stopped: 0.0026844 seconds, Stopping threads took: 0.0000997 seconds
[2019-06-24T09:21:30.567+0000][1][safepoint    ] Application time: 0.0001451 seconds
[2019-06-24T09:21:30.568+0000][1][safepoint    ] Entering safepoint region: BulkRevokeBias
[2019-06-24T09:21:30.568+0000][1][safepoint    ] Leaving safepoint region
[2019-06-24T09:21:30.568+0000][1][safepoint    ] Total time for which application threads were stopped: 0.0001926 seconds, Stopping threads took: 0.0001310 seconds
[2019-06-24T09:21:30.710+0000][1][safepoint    ] Application time: 0.1428297 seconds
[2019-06-24T09:21:30.711+0000][1][safepoint    ] Entering safepoint region: GenCollectForAllocation
[2019-06-24T09:21:30.711+0000][1][gc,start     ] GC(7) Pause Young (Allocation Failure)
[2019-06-24T09:21:30.711+0000][1][gc,task      ] GC(7) Using 5 workers of 8 for evacuation
[2019-06-24T09:21:30.713+0000][1][gc,age       ] GC(7) Desired survivor size 4456448 bytes, new threshold 4 (max threshold 6)
[2019-06-24T09:21:30.713+0000][1][gc,age       ] GC(7) Age table with threshold 4 (max threshold 6)
[2019-06-24T09:21:30.713+0000][1][gc,age       ] GC(7) - age   1:     779128 bytes,     779128 total
[2019-06-24T09:21:30.713+0000][1][gc,age       ] GC(7) - age   2:    1129784 bytes,    1908912 total
[2019-06-24T09:21:30.713+0000][1][gc,age       ] GC(7) - age   3:    2193640 bytes,    4102552 total
[2019-06-24T09:21:30.713+0000][1][gc,age       ] GC(7) - age   4:     442936 bytes,    4545488 total
[2019-06-24T09:21:30.713+0000][1][gc,heap      ] GC(7) ParNew: 74954K->6398K(78656K)
[2019-06-24T09:21:30.713+0000][1][gc,heap      ] GC(7) CMS: 11373K->11373K(174784K)
[2019-06-24T09:21:30.713+0000][1][gc,metaspace ] GC(7) Metaspace: 20009K->20009K(1067008K)
[2019-06-24T09:21:30.713+0000][1][gc           ] GC(7) Pause Young (Allocation Failure) 84M->17M(247M) 2.556ms
[2019-06-24T09:21:30.713+0000][1][gc,cpu       ] GC(7) User=0.01s Sys=0.00s Real=0.00s
[2019-06-24T09:21:30.713+0000][1][safepoint    ] Leaving safepoint region
[2019-06-24T09:21:30.713+0000][1][safepoint    ] Total time for which application threads were stopped: 0.0027000 seconds, Stopping threads took: 0.0000164 seconds
[2019-06-24T09:21:30.714+0000][1][safepoint    ] Application time: 0.0006499 seconds
[2019-06-24T09:21:30.714+0000][1][safepoint    ] Entering safepoint region: CollectForMetadataAllocation
[2019-06-24T09:21:30.714+0000][1][safepoint    ] Leaving safepoint region
[2019-06-24T09:21:30.714+0000][1][safepoint    ] Total time for which application threads were stopped: 0.0001780 seconds, Stopping threads took: 0.0000311 seconds
[2019-06-24T09:21:30.793+0000][1][safepoint    ] Application time: 0.0791847 seconds
[2019-06-24T09:21:30.793+0000][1][safepoint    ] Entering safepoint region: GenCollectForAllocation
[2019-06-24T09:21:30.793+0000][1][gc,start     ] GC(8) Pause Young (Allocation Failure)
[2019-06-24T09:21:30.793+0000][1][gc,task      ] GC(8) Using 5 workers of 8 for evacuation
[2019-06-24T09:21:30.797+0000][1][gc,age       ] GC(8) Desired survivor size 4456448 bytes, new threshold 4 (max threshold 6)
[2019-06-24T09:21:30.797+0000][1][gc,age       ] GC(8) Age table with threshold 4 (max threshold 6)
[2019-06-24T09:21:30.797+0000][1][gc,age       ] GC(8) - age   1:    1051016 bytes,    1051016 total
[2019-06-24T09:21:30.797+0000][1][gc,age       ] GC(8) - age   2:     703408 bytes,    1754424 total
[2019-06-24T09:21:30.797+0000][1][gc,age       ] GC(8) - age   3:    1129688 bytes,    2884112 total
[2019-06-24T09:21:30.797+0000][1][gc,age       ] GC(8) - age   4:    2193464 bytes,    5077576 total
[2019-06-24T09:21:30.797+0000][1][gc,heap      ] GC(8) ParNew: 76350K->5800K(78656K)
[2019-06-24T09:21:30.797+0000][1][gc,heap      ] GC(8) CMS: 11373K->11810K(174784K)
[2019-06-24T09:21:30.797+0000][1][gc,metaspace ] GC(8) Metaspace: 20100K->20100K(1069056K)
[2019-06-24T09:21:30.797+0000][1][gc           ] GC(8) Pause Young (Allocation Failure) 85M->17M(247M) 3.443ms
[2019-06-24T09:21:30.797+0000][1][gc,cpu       ] GC(8) User=0.03s Sys=0.00s Real=0.01s
[2019-06-24T09:21:30.797+0000][1][safepoint    ] Leaving safepoint region
[2019-06-24T09:21:30.797+0000][1][safepoint    ] Total time for which application threads were stopped: 0.0035666 seconds, Stopping threads took: 0.0000157 seconds
[2019-06-24T09:21:30.797+0000][1][safepoint    ] Application time: 0.0000980 seconds
[2019-06-24T09:21:30.797+0000][1][safepoint    ] Entering safepoint region: CMS_Initial_Mark
[2019-06-24T09:21:30.797+0000][1][gc,start     ] GC(9) Pause Initial Mark
[2019-06-24T09:21:30.798+0000][1][gc           ] GC(9) Pause Initial Mark 18M->18M(247M) 0.993ms
[2019-06-24T09:21:30.798+0000][1][gc,cpu       ] GC(9) User=0.01s Sys=0.00s Real=0.00s
[2019-06-24T09:21:30.798+0000][1][safepoint    ] Leaving safepoint region
[2019-06-24T09:21:30.798+0000][1][safepoint    ] Total time for which application threads were stopped: 0.0011205 seconds, Stopping threads took: 0.0000451 seconds
[2019-06-24T09:21:30.798+0000][1][gc           ] GC(9) Concurrent Mark
[2019-06-24T09:21:30.798+0000][1][gc,task      ] GC(9) Using 2 workers of 2 for marking
[2019-06-24T09:21:30.809+0000][1][gc           ] GC(9) Concurrent Mark 10.770ms
[2019-06-24T09:21:30.809+0000][1][gc,cpu       ] GC(9) User=0.06s Sys=0.00s Real=0.01s
[2019-06-24T09:21:30.809+0000][1][gc           ] GC(9) Concurrent Preclean
[2019-06-24T09:21:30.810+0000][1][gc           ] GC(9) Concurrent Preclean 0.747ms
[2019-06-24T09:21:30.810+0000][1][gc,cpu       ] GC(9) User=0.00s Sys=0.00s Real=0.00s
[2019-06-24T09:21:30.810+0000][1][gc           ] GC(9) Concurrent Abortable Preclean
[2019-06-24T09:21:30.868+0000][1][safepoint    ] Application time: 0.0693833 seconds
[2019-06-24T09:21:30.868+0000][1][safepoint    ] Entering safepoint region: GenCollectForAllocation
[2019-06-24T09:21:30.868+0000][1][gc,start     ] GC(10) Pause Young (Allocation Failure)
[2019-06-24T09:21:30.868+0000][1][gc,task      ] GC(10) Using 5 workers of 8 for evacuation
[2019-06-24T09:21:30.873+0000][1][gc,age       ] GC(10) Desired survivor size 4456448 bytes, new threshold 6 (max threshold 6)
[2019-06-24T09:21:30.873+0000][1][gc,age       ] GC(10) Age table with threshold 6 (max threshold 6)
[2019-06-24T09:21:30.873+0000][1][gc,age       ] GC(10) - age   1:     699712 bytes,     699712 total
[2019-06-24T09:21:30.873+0000][1][gc,age       ] GC(10) - age   2:     296304 bytes,     996016 total
[2019-06-24T09:21:30.873+0000][1][gc,age       ] GC(10) - age   3:     703288 bytes,    1699304 total
[2019-06-24T09:21:30.873+0000][1][gc,age       ] GC(10) - age   4:    1129688 bytes,    2828992 total
[2019-06-24T09:21:30.873+0000][1][gc,heap      ] GC(10) ParNew: 75752K->6101K(78656K)
[2019-06-24T09:21:30.873+0000][1][gc,heap      ] GC(10) CMS: 11810K->13966K(174784K)
[2019-06-24T09:21:30.873+0000][1][gc,metaspace ] GC(10) Metaspace: 20210K->20210K(1069056K)
[2019-06-24T09:21:30.873+0000][1][gc           ] GC(10) Pause Young (Allocation Failure) 85M->19M(247M) 5.014ms
[2019-06-24T09:21:30.873+0000][1][gc,cpu       ] GC(10) User=0.03s Sys=0.00s Real=0.00s
[2019-06-24T09:21:30.873+0000][1][safepoint    ] Leaving safepoint region
[2019-06-24T09:21:30.873+0000][1][safepoint    ] Total time for which application threads were stopped: 0.0051500 seconds, Stopping threads took: 0.0000168 seconds
[2019-06-24T09:21:30.946+0000][1][safepoint    ] Application time: 0.0731312 seconds
[2019-06-24T09:21:30.946+0000][1][safepoint    ] Entering safepoint region: GenCollectForAllocation
[2019-06-24T09:21:30.946+0000][1][gc,start     ] GC(11) Pause Young (Allocation Failure)
[2019-06-24T09:21:30.946+0000][1][gc,task      ] GC(11) Using 5 workers of 8 for evacuation
[2019-06-24T09:21:30.950+0000][1][gc,age       ] GC(11) Desired survivor size 4456448 bytes, new threshold 6 (max threshold 6)
[2019-06-24T09:21:30.950+0000][1][gc,age       ] GC(11) Age table with threshold 6 (max threshold 6)
[2019-06-24T09:21:30.950+0000][1][gc,age       ] GC(11) - age   1:    2112936 bytes,    2112936 total
[2019-06-24T09:21:30.950+0000][1][gc,age       ] GC(11) - age   2:      99400 bytes,    2212336 total
[2019-06-24T09:21:30.950+0000][1][gc,age       ] GC(11) - age   3:     296304 bytes,    2508640 total
[2019-06-24T09:21:30.950+0000][1][gc,age       ] GC(11) - age   4:     703136 bytes,    3211776 total
[2019-06-24T09:21:30.950+0000][1][gc,age       ] GC(11) - age   5:    1129400 bytes,    4341176 total
[2019-06-24T09:21:30.950+0000][1][gc,heap      ] GC(11) ParNew: 76053K->5296K(78656K)
[2019-06-24T09:21:30.950+0000][1][gc,heap      ] GC(11) CMS: 13966K->13966K(174784K)
[2019-06-24T09:21:30.950+0000][1][gc,metaspace ] GC(11) Metaspace: 20291K->20291K(1069056K)
[2019-06-24T09:21:30.950+0000][1][gc           ] GC(11) Pause Young (Allocation Failure) 87M->18M(247M) 4.078ms
[2019-06-24T09:21:30.950+0000][1][gc,cpu       ] GC(11) User=0.02s Sys=0.00s Real=0.00s
[2019-06-24T09:21:30.950+0000][1][safepoint    ] Leaving safepoint region
[2019-06-24T09:21:30.950+0000][1][safepoint    ] Total time for which application threads were stopped: 0.0041926 seconds, Stopping threads took: 0.0000132 seconds
[2019-06-24T09:21:30.986+0000][1][safepoint    ] Application time: 0.0356846 seconds
[2019-06-24T09:21:30.986+0000][1][safepoint    ] Entering safepoint region: CollectForMetadataAllocation
[2019-06-24T09:21:30.986+0000][1][safepoint    ] Leaving safepoint region
[2019-06-24T09:21:30.986+0000][1][safepoint    ] Total time for which application threads were stopped: 0.0001754 seconds, Stopping threads took: 0.0000108 seconds
[2019-06-24T09:21:31.000+0000][1][safepoint    ] Application time: 0.0136167 seconds
[2019-06-24T09:21:31.000+0000][1][safepoint    ] Entering safepoint region: CollectForMetadataAllocation
[2019-06-24T09:21:31.000+0000][1][safepoint    ] Leaving safepoint region
[2019-06-24T09:21:31.000+0000][1][safepoint    ] Total time for which application threads were stopped: 0.0001778 seconds, Stopping threads took: 0.0000143 seconds
[2019-06-24T09:21:31.000+0000][1][gc           ] GC(9) Concurrent Abortable Preclean 190.637ms
[2019-06-24T09:21:31.001+0000][1][gc,cpu       ] GC(9) User=0.91s Sys=0.01s Real=0.19s
[2019-06-24T09:21:31.001+0000][1][safepoint    ] Application time: 0.0007063 seconds
[2019-06-24T09:21:31.001+0000][1][safepoint    ] Entering safepoint region: CMS_Final_Remark
[2019-06-24T09:21:31.001+0000][1][gc,start     ] GC(9) Pause Remark
[2019-06-24T09:21:31.011+0000][1][gc           ] GC(9) Pause Remark 53M->53M(247M) 10.329ms
[2019-06-24T09:21:31.011+0000][1][gc,cpu       ] GC(9) User=0.04s Sys=0.01s Real=0.01s
[2019-06-24T09:21:31.011+0000][1][safepoint    ] Leaving safepoint region
[2019-06-24T09:21:31.011+0000][1][safepoint    ] Total time for which application threads were stopped: 0.0104945 seconds, Stopping threads took: 0.0000639 seconds
[2019-06-24T09:21:31.011+0000][1][gc           ] GC(9) Concurrent Sweep
[2019-06-24T09:21:31.014+0000][1][safepoint    ] Application time: 0.0027448 seconds
[2019-06-24T09:21:31.014+0000][1][safepoint    ] Entering safepoint region: Deoptimize
[2019-06-24T09:21:31.015+0000][1][safepoint    ] Leaving safepoint region
[2019-06-24T09:21:31.015+0000][1][safepoint    ] Total time for which application threads were stopped: 0.0008693 seconds, Stopping threads took: 0.0001148 seconds
[2019-06-24T09:21:31.019+0000][1][gc           ] GC(9) Concurrent Sweep 7.862ms
[2019-06-24T09:21:31.019+0000][1][gc,cpu       ] GC(9) User=0.04s Sys=0.00s Real=0.01s
[2019-06-24T09:21:31.019+0000][1][gc           ] GC(9) Concurrent Reset
[2019-06-24T09:21:31.020+0000][1][gc           ] GC(9) Concurrent Reset 0.466ms
[2019-06-24T09:21:31.020+0000][1][gc,cpu       ] GC(9) User=0.00s Sys=0.00s Real=0.00s
[2019-06-24T09:21:31.020+0000][1][gc,heap      ] GC(9) Old: 11810K->13940K(174784K)
[2019-06-24T09:21:31.388+0000][1][safepoint    ] Application time: 0.3735162 seconds
[2019-06-24T09:21:31.388+0000][1][safepoint    ] Entering safepoint region: Deoptimize
[2019-06-24T09:21:31.389+0000][1][safepoint    ] Leaving safepoint region
[2019-06-24T09:21:31.389+0000][1][safepoint    ] Total time for which application threads were stopped: 0.0004796 seconds, Stopping threads took: 0.0000226 seconds
[2019-06-24T09:21:31.397+0000][1][safepoint    ] Application time: 0.0085854 seconds
[2019-06-24T09:21:31.397+0000][1][safepoint    ] Entering safepoint region: RevokeBias
[2019-06-24T09:21:31.397+0000][1][safepoint    ] Leaving safepoint region
[2019-06-24T09:21:31.397+0000][1][safepoint    ] Total time for which application threads were stopped: 0.0000863 seconds, Stopping threads took: 0.0000387 seconds
[2019-06-24T09:21:31.398+0000][1][safepoint    ] Application time: 0.0000605 seconds
[2019-06-24T09:21:31.398+0000][1][safepoint    ] Entering safepoint region: RevokeBias
[2019-06-24T09:21:31.398+0000][1][safepoint    ] Leaving safepoint region
[2019-06-24T09:21:31.398+0000][1][safepoint    ] Total time for which application threads were stopped: 0.0001019 seconds, Stopping threads took: 0.0000758 seconds
[2019-06-24T09:21:31.398+0000][1][safepoint    ] Application time: 0.0000483 seconds
[2019-06-24T09:21:31.398+0000][1][safepoint    ] Entering safepoint region: RevokeBias
[2019-06-24T09:21:31.398+0000][1][safepoint    ] Leaving safepoint region
[2019-06-24T09:21:31.398+0000][1][safepoint    ] Total time for which application threads were stopped: 0.0000293 seconds, Stopping threads took: 0.0000077 seconds
[2019-06-24T09:21:31.398+0000][1][safepoint    ] Application time: 0.0000589 seconds
[2019-06-24T09:21:31.398+0000][1][safepoint    ] Entering safepoint region: RevokeBias
[2019-06-24T09:21:31.398+0000][1][safepoint    ] Leaving safepoint region
[2019-06-24T09:21:31.398+0000][1][safepoint    ] Total time for which application threads were stopped: 0.0000370 seconds, Stopping threads took: 0.0000153 seconds
[2019-06-24T09:21:31.398+0000][1][safepoint    ] Application time: 0.0003097 seconds
[2019-06-24T09:21:31.398+0000][1][safepoint    ] Entering safepoint region: Deoptimize
[2019-06-24T09:21:31.398+0000][1][safepoint    ] Leaving safepoint region
[2019-06-24T09:21:31.399+0000][1][safepoint    ] Total time for which application threads were stopped: 0.0003077 seconds, Stopping threads took: 0.0000078 seconds
[2019-06-24T09:21:31.402+0000][1][safepoint    ] Application time: 0.0031701 seconds
[2019-06-24T09:21:31.402+0000][1][safepoint    ] Entering safepoint region: Deoptimize
[2019-06-24T09:21:31.402+0000][1][safepoint    ] Leaving safepoint region
[2019-06-24T09:21:31.402+0000][1][safepoint    ] Total time for which application threads were stopped: 0.0002658 seconds, Stopping threads took: 0.0000104 seconds
[2019-06-24T09:21:31.532+0000][1][safepoint    ] Application time: 0.1295854 seconds
[2019-06-24T09:21:31.532+0000][1][safepoint    ] Entering safepoint region: GenCollectForAllocation
[2019-06-24T09:21:31.532+0000][1][gc,start     ] GC(12) Pause Young (Allocation Failure)
[2019-06-24T09:21:31.532+0000][1][gc,task      ] GC(12) Using 5 workers of 8 for evacuation
[2019-06-24T09:21:31.538+0000][1][gc,age       ] GC(12) Desired survivor size 4456448 bytes, new threshold 1 (max threshold 6)
[2019-06-24T09:21:31.538+0000][1][gc,age       ] GC(12) Age table with threshold 1 (max threshold 6)
[2019-06-24T09:21:31.538+0000][1][gc,age       ] GC(12) - age   1:    4963152 bytes,    4963152 total
[2019-06-24T09:21:31.538+0000][1][gc,age       ] GC(12) - age   2:     344584 bytes,    5307736 total
[2019-06-24T09:21:31.538+0000][1][gc,age       ] GC(12) - age   3:      99104 bytes,    5406840 total
[2019-06-24T09:21:31.538+0000][1][gc,age       ] GC(12) - age   4:     296304 bytes,    5703144 total
[2019-06-24T09:21:31.538+0000][1][gc,age       ] GC(12) - age   5:     697632 bytes,    6400776 total
[2019-06-24T09:21:31.538+0000][1][gc,age       ] GC(12) - age   6:    1129240 bytes,    7530016 total
[2019-06-24T09:21:31.538+0000][1][gc,heap      ] GC(12) ParNew: 75248K->8704K(78656K)
[2019-06-24T09:21:31.538+0000][1][gc,heap      ] GC(12) CMS: 13940K->13957K(174784K)
[2019-06-24T09:21:31.538+0000][1][gc,metaspace ] GC(12) Metaspace: 26289K->26289K(1073152K)
[2019-06-24T09:21:31.538+0000][1][gc           ] GC(12) Pause Young (Allocation Failure) 87M->22M(247M) 6.029ms
[2019-06-24T09:21:31.538+0000][1][gc,cpu       ] GC(12) User=0.04s Sys=0.00s Real=0.01s
[2019-06-24T09:21:31.538+0000][1][safepoint    ] Leaving safepoint region
[2019-06-24T09:21:31.538+0000][1][safepoint    ] Total time for which application threads were stopped: 0.0061535 seconds, Stopping threads took: 0.0000168 seconds
[2019-06-24T09:21:31.727+0000][1][safepoint    ] Application time: 0.1891238 seconds
[2019-06-24T09:21:31.727+0000][1][safepoint    ] Entering safepoint region: Deoptimize
[2019-06-24T09:21:31.727+0000][1][safepoint    ] Leaving safepoint region
[2019-06-24T09:21:31.727+0000][1][safepoint    ] Total time for which application threads were stopped: 0.0005407 seconds, Stopping threads took: 0.0000163 seconds
[2019-06-24T09:21:32.092+0000][1][safepoint    ] Application time: 0.3640297 seconds
[2019-06-24T09:21:32.092+0000][1][safepoint    ] Entering safepoint region: GenCollectForAllocation
[2019-06-24T09:21:32.092+0000][1][gc,start     ] GC(13) Pause Young (Allocation Failure)
[2019-06-24T09:21:32.092+0000][1][gc,task      ] GC(13) Using 5 workers of 8 for evacuation
[2019-06-24T09:21:32.112+0000][1][gc,age       ] GC(13) Desired survivor size 4456448 bytes, new threshold 1 (max threshold 6)
[2019-06-24T09:21:32.112+0000][1][gc,age       ] GC(13) Age table with threshold 1 (max threshold 6)
[2019-06-24T09:21:32.112+0000][1][gc,age       ] GC(13) - age   1:    8912736 bytes,    8912736 total
[2019-06-24T09:21:32.112+0000][1][gc,heap      ] GC(13) ParNew: 78656K->8704K(78656K)
[2019-06-24T09:21:32.112+0000][1][gc,heap      ] GC(13) CMS: 13957K->25872K(174784K)
[2019-06-24T09:21:32.112+0000][1][gc,metaspace ] GC(13) Metaspace: 26865K->26865K(1075200K)
[2019-06-24T09:21:32.112+0000][1][gc           ] GC(13) Pause Young (Allocation Failure) 90M->33M(247M) 20.764ms
[2019-06-24T09:21:32.112+0000][1][gc,cpu       ] GC(13) User=0.15s Sys=0.00s Real=0.02s
[2019-06-24T09:21:32.112+0000][1][safepoint    ] Leaving safepoint region
[2019-06-24T09:21:32.112+0000][1][safepoint    ] Total time for which application threads were stopped: 0.0209261 seconds, Stopping threads took: 0.0000202 seconds
[2019-06-24T09:21:32.323+0000][1][safepoint    ] Application time: 0.2108229 seconds
[2019-06-24T09:21:32.323+0000][1][safepoint    ] Entering safepoint region: RevokeBias
[2019-06-24T09:21:32.323+0000][1][safepoint    ] Leaving safepoint region
[2019-06-24T09:21:32.323+0000][1][safepoint    ] Total time for which application threads were stopped: 0.0001002 seconds, Stopping threads took: 0.0000340 seconds
[2019-06-24T09:21:32.478+0000][1][safepoint    ] Application time: 0.1543257 seconds
[2019-06-24T09:21:32.478+0000][1][safepoint    ] Entering safepoint region: GenCollectForAllocation
[2019-06-24T09:21:32.478+0000][1][gc,start     ] GC(14) Pause Young (Allocation Failure)
[2019-06-24T09:21:32.478+0000][1][gc,task      ] GC(14) Using 5 workers of 8 for evacuation
[2019-06-24T09:21:32.500+0000][1][gc,age       ] GC(14) Desired survivor size 4456448 bytes, new threshold 1 (max threshold 6)
[2019-06-24T09:21:32.500+0000][1][gc,age       ] GC(14) Age table with threshold 1 (max threshold 6)
[2019-06-24T09:21:32.500+0000][1][gc,age       ] GC(14) - age   1:    8873584 bytes,    8873584 total
[2019-06-24T09:21:32.500+0000][1][gc,heap      ] GC(14) ParNew: 78656K->8704K(78656K)
[2019-06-24T09:21:32.500+0000][1][gc,heap      ] GC(14) CMS: 25872K->40118K(174784K)
[2019-06-24T09:21:32.500+0000][1][gc,metaspace ] GC(14) Metaspace: 26921K->26921K(1075200K)
[2019-06-24T09:21:32.500+0000][1][gc           ] GC(14) Pause Young (Allocation Failure) 102M->47M(247M) 22.420ms
[2019-06-24T09:21:32.500+0000][1][gc,cpu       ] GC(14) User=0.18s Sys=0.00s Real=0.02s
[2019-06-24T09:21:32.500+0000][1][safepoint    ] Leaving safepoint region
[2019-06-24T09:21:32.500+0000][1][safepoint    ] Total time for which application threads were stopped: 0.0225678 seconds, Stopping threads took: 0.0000180 seconds
[2019-06-24T09:21:32.670+0000][1][safepoint    ] Application time: 0.1694390 seconds
[2019-06-24T09:21:32.670+0000][1][safepoint    ] Entering safepoint region: RevokeBias
[2019-06-24T09:21:32.670+0000][1][safepoint    ] Leaving safepoint region
[2019-06-24T09:21:32.670+0000][1][safepoint    ] Total time for which application threads were stopped: 0.0001224 seconds, Stopping threads took: 0.0000179 seconds
[2019-06-24T09:21:33.013+0000][1][safepoint    ] Application time: 0.3425280 seconds
[2019-06-24T09:21:33.013+0000][1][safepoint    ] Entering safepoint region: GenCollectForAllocation
[2019-06-24T09:21:33.013+0000][1][gc,start     ] GC(15) Pause Young (Allocation Failure)
[2019-06-24T09:21:33.013+0000][1][gc,task      ] GC(15) Using 5 workers of 8 for evacuation
[2019-06-24T09:21:33.030+0000][1][gc,age       ] GC(15) Desired survivor size 4456448 bytes, new threshold 1 (max threshold 6)
[2019-06-24T09:21:33.030+0000][1][gc,age       ] GC(15) Age table with threshold 1 (max threshold 6)
[2019-06-24T09:21:33.030+0000][1][gc,age       ] GC(15) - age   1:    5985016 bytes,    5985016 total
[2019-06-24T09:21:33.030+0000][1][gc,heap      ] GC(15) ParNew: 78656K->8704K(78656K)
[2019-06-24T09:21:33.030+0000][1][gc,heap      ] GC(15) CMS: 40118K->49997K(174784K)
[2019-06-24T09:21:33.030+0000][1][gc,metaspace ] GC(15) Metaspace: 32701K->32701K(1079296K)
[2019-06-24T09:21:33.030+0000][1][gc           ] GC(15) Pause Young (Allocation Failure) 115M->57M(247M) 16.900ms
[2019-06-24T09:21:33.030+0000][1][gc,cpu       ] GC(15) User=0.13s Sys=0.00s Real=0.02s
[2019-06-24T09:21:33.030+0000][1][safepoint    ] Leaving safepoint region
[2019-06-24T09:21:33.030+0000][1][safepoint    ] Total time for which application threads were stopped: 0.0171208 seconds, Stopping threads took: 0.0000364 seconds
[2019-06-24T09:21:33.127+0000][1][safepoint    ] Application time: 0.0976649 seconds
[2019-06-24T09:21:33.127+0000][1][safepoint    ] Entering safepoint region: GenCollectForAllocation
[2019-06-24T09:21:33.128+0000][1][gc,start     ] GC(16) Pause Young (Allocation Failure)
[2019-06-24T09:21:33.128+0000][1][gc,task      ] GC(16) Using 5 workers of 8 for evacuation
[2019-06-24T09:21:33.136+0000][1][gc,age       ] GC(16) Desired survivor size 4456448 bytes, new threshold 6 (max threshold 6)
[2019-06-24T09:21:33.136+0000][1][gc,age       ] GC(16) Age table with threshold 6 (max threshold 6)
[2019-06-24T09:21:33.136+0000][1][gc,age       ] GC(16) - age   1:     165080 bytes,     165080 total
[2019-06-24T09:21:33.136+0000][1][gc,heap      ] GC(16) ParNew: 78656K->6516K(78656K)
[2019-06-24T09:21:33.136+0000][1][gc,heap      ] GC(16) CMS: 49997K->55886K(174784K)
[2019-06-24T09:21:33.136+0000][1][gc,metaspace ] GC(16) Metaspace: 32888K->32888K(1079296K)
[2019-06-24T09:21:33.136+0000][1][gc           ] GC(16) Pause Young (Allocation Failure) 125M->60M(247M) 8.132ms
[2019-06-24T09:21:33.136+0000][1][gc,cpu       ] GC(16) User=0.05s Sys=0.00s Real=0.01s
[2019-06-24T09:21:33.136+0000][1][safepoint    ] Leaving safepoint region
[2019-06-24T09:21:33.136+0000][1][safepoint    ] Total time for which application threads were stopped: 0.0082842 seconds, Stopping threads took: 0.0000174 seconds
[2019-06-24T09:21:33.362+0000][1][safepoint    ] Application time: 0.2264891 seconds
[2019-06-24T09:21:33.362+0000][1][safepoint    ] Entering safepoint region: CollectForMetadataAllocation
[2019-06-24T09:21:33.363+0000][1][safepoint    ] Leaving safepoint region
[2019-06-24T09:21:33.363+0000][1][safepoint    ] Total time for which application threads were stopped: 0.0003082 seconds, Stopping threads took: 0.0000186 seconds
[2019-06-24T09:21:33.376+0000][1][safepoint    ] Application time: 0.0136720 seconds
[2019-06-24T09:21:33.376+0000][1][safepoint    ] Entering safepoint region: CollectForMetadataAllocation
[2019-06-24T09:21:33.376+0000][1][safepoint    ] Leaving safepoint region
[2019-06-24T09:21:33.376+0000][1][safepoint    ] Total time for which application threads were stopped: 0.0001804 seconds, Stopping threads took: 0.0000167 seconds
[2019-06-24T09:21:33.390+0000][1][safepoint    ] Application time: 0.0131289 seconds
[2019-06-24T09:21:33.390+0000][1][safepoint    ] Entering safepoint region: CollectForMetadataAllocation
[2019-06-24T09:21:33.390+0000][1][safepoint    ] Leaving safepoint region
[2019-06-24T09:21:33.390+0000][1][safepoint    ] Total time for which application threads were stopped: 0.0001936 seconds, Stopping threads took: 0.0000179 seconds
[2019-06-24T09:21:33.408+0000][1][safepoint    ] Application time: 0.0179070 seconds
[2019-06-24T09:21:33.408+0000][1][safepoint    ] Entering safepoint region: CollectForMetadataAllocation
[2019-06-24T09:21:33.408+0000][1][safepoint    ] Leaving safepoint region
[2019-06-24T09:21:33.408+0000][1][safepoint    ] Total time for which application threads were stopped: 0.0002065 seconds, Stopping threads took: 0.0000160 seconds
[2019-06-24T09:21:33.429+0000][1][safepoint    ] Application time: 0.0205691 seconds
[2019-06-24T09:21:33.429+0000][1][safepoint    ] Entering safepoint region: CollectForMetadataAllocation
[2019-06-24T09:21:33.429+0000][1][safepoint    ] Leaving safepoint region
[2019-06-24T09:21:33.429+0000][1][safepoint    ] Total time for which application threads were stopped: 0.0001972 seconds, Stopping threads took: 0.0000179 seconds
[2019-06-24T09:21:33.444+0000][1][safepoint    ] Application time: 0.0148520 seconds
[2019-06-24T09:21:33.444+0000][1][safepoint    ] Entering safepoint region: CollectForMetadataAllocation
[2019-06-24T09:21:33.444+0000][1][safepoint    ] Leaving safepoint region
[2019-06-24T09:21:33.444+0000][1][safepoint    ] Total time for which application threads were stopped: 0.0002035 seconds, Stopping threads took: 0.0000156 seconds
[2019-06-24T09:21:33.463+0000][1][safepoint    ] Application time: 0.0191044 seconds
[2019-06-24T09:21:33.463+0000][1][safepoint    ] Entering safepoint region: CollectForMetadataAllocation
[2019-06-24T09:21:33.463+0000][1][safepoint    ] Leaving safepoint region
[2019-06-24T09:21:33.463+0000][1][safepoint    ] Total time for which application threads were stopped: 0.0001345 seconds, Stopping threads took: 0.0000151 seconds
[2019-06-24T09:21:33.490+0000][1][safepoint    ] Application time: 0.0270257 seconds
[2019-06-24T09:21:33.490+0000][1][safepoint    ] Entering safepoint region: CollectForMetadataAllocation
[2019-06-24T09:21:33.491+0000][1][safepoint    ] Leaving safepoint region
[2019-06-24T09:21:33.491+0000][1][safepoint    ] Total time for which application threads were stopped: 0.0002363 seconds, Stopping threads took: 0.0000157 seconds
[2019-06-24T09:21:33.491+0000][1][safepoint    ] Application time: 0.0008010 seconds
[2019-06-24T09:21:33.491+0000][1][safepoint    ] Entering safepoint region: RevokeBias
[2019-06-24T09:21:33.491+0000][1][safepoint    ] Leaving safepoint region
[2019-06-24T09:21:33.491+0000][1][safepoint    ] Total time for which application threads were stopped: 0.0001086 seconds, Stopping threads took: 0.0000149 seconds
[2019-06-24T09:21:33.523+0000][1][safepoint    ] Application time: 0.0312855 seconds
[2019-06-24T09:21:33.523+0000][1][safepoint    ] Entering safepoint region: CollectForMetadataAllocation
[2019-06-24T09:21:33.523+0000][1][safepoint    ] Leaving safepoint region
[2019-06-24T09:21:33.523+0000][1][safepoint    ] Total time for which application threads were stopped: 0.0002124 seconds, Stopping threads took: 0.0000148 seconds
[2019-06-24T09:21:33.539+0000][1][safepoint    ] Application time: 0.0163698 seconds
[2019-06-24T09:21:33.539+0000][1][safepoint    ] Entering safepoint region: CollectForMetadataAllocation
[2019-06-24T09:21:33.540+0000][1][safepoint    ] Leaving safepoint region
[2019-06-24T09:21:33.540+0000][1][safepoint    ] Total time for which application threads were stopped: 0.0001853 seconds, Stopping threads took: 0.0000145 seconds
[2019-06-24T09:21:33.553+0000][1][safepoint    ] Application time: 0.0131135 seconds
[2019-06-24T09:21:33.553+0000][1][safepoint    ] Entering safepoint region: CollectForMetadataAllocation
[2019-06-24T09:21:33.553+0000][1][safepoint    ] Leaving safepoint region
[2019-06-24T09:21:33.553+0000][1][safepoint    ] Total time for which application threads were stopped: 0.0001785 seconds, Stopping threads took: 0.0000143 seconds
[2019-06-24T09:21:33.571+0000][1][safepoint    ] Application time: 0.0176596 seconds
[2019-06-24T09:21:33.571+0000][1][safepoint    ] Entering safepoint region: CollectForMetadataAllocation
[2019-06-24T09:21:33.571+0000][1][safepoint    ] Leaving safepoint region
[2019-06-24T09:21:33.571+0000][1][safepoint    ] Total time for which application threads were stopped: 0.0001578 seconds, Stopping threads took: 0.0000117 seconds
[2019-06-24T09:21:33.589+0000][1][safepoint    ] Application time: 0.0185319 seconds
[2019-06-24T09:21:33.589+0000][1][safepoint    ] Entering safepoint region: CollectForMetadataAllocation
[2019-06-24T09:21:33.590+0000][1][safepoint    ] Leaving safepoint region
[2019-06-24T09:21:33.590+0000][1][safepoint    ] Total time for which application threads were stopped: 0.0001434 seconds, Stopping threads took: 0.0000100 seconds
[2019-06-24T09:21:33.609+0000][1][safepoint    ] Application time: 0.0198558 seconds
[2019-06-24T09:21:33.609+0000][1][safepoint    ] Entering safepoint region: CollectForMetadataAllocation
[2019-06-24T09:21:33.610+0000][1][safepoint    ] Leaving safepoint region
[2019-06-24T09:21:33.610+0000][1][safepoint    ] Total time for which application threads were stopped: 0.0001164 seconds, Stopping threads took: 0.0000154 seconds
[2019-06-24T09:21:33.629+0000][1][safepoint    ] Application time: 0.0195323 seconds
[2019-06-24T09:21:33.629+0000][1][safepoint    ] Entering safepoint region: CollectForMetadataAllocation
[2019-06-24T09:21:33.629+0000][1][safepoint    ] Leaving safepoint region
[2019-06-24T09:21:33.629+0000][1][safepoint    ] Total time for which application threads were stopped: 0.0001558 seconds, Stopping threads took: 0.0000210 seconds
[2019-06-24T09:21:33.642+0000][1][safepoint    ] Application time: 0.0122621 seconds
[2019-06-24T09:21:33.642+0000][1][safepoint    ] Entering safepoint region: CollectForMetadataAllocation
[2019-06-24T09:21:33.642+0000][1][safepoint    ] Leaving safepoint region
[2019-06-24T09:21:33.642+0000][1][safepoint    ] Total time for which application threads were stopped: 0.0001383 seconds, Stopping threads took: 0.0000105 seconds
[2019-06-24T09:21:33.662+0000][1][safepoint    ] Application time: 0.0204137 seconds
[2019-06-24T09:21:33.662+0000][1][safepoint    ] Entering safepoint region: CollectForMetadataAllocation
[2019-06-24T09:21:33.662+0000][1][safepoint    ] Leaving safepoint region
[2019-06-24T09:21:33.662+0000][1][safepoint    ] Total time for which application threads were stopped: 0.0001462 seconds, Stopping threads took: 0.0000100 seconds
[2019-06-24T09:21:33.673+0000][1][safepoint    ] Application time: 0.0111353 seconds
[2019-06-24T09:21:33.673+0000][1][safepoint    ] Entering safepoint region: CollectForMetadataAllocation
[2019-06-24T09:21:33.674+0000][1][safepoint    ] Leaving safepoint region
[2019-06-24T09:21:33.674+0000][1][safepoint    ] Total time for which application threads were stopped: 0.0001372 seconds, Stopping threads took: 0.0000100 seconds
[2019-06-24T09:21:33.693+0000][1][safepoint    ] Application time: 0.0193763 seconds
[2019-06-24T09:21:33.693+0000][1][safepoint    ] Entering safepoint region: CollectForMetadataAllocation
[2019-06-24T09:21:33.693+0000][1][safepoint    ] Leaving safepoint region
[2019-06-24T09:21:33.693+0000][1][safepoint    ] Total time for which application threads were stopped: 0.0001346 seconds, Stopping threads took: 0.0000098 seconds
[2019-06-24T09:21:33.712+0000][1][safepoint    ] Application time: 0.0188989 seconds
[2019-06-24T09:21:33.712+0000][1][safepoint    ] Entering safepoint region: CollectForMetadataAllocation
[2019-06-24T09:21:33.712+0000][1][safepoint    ] Leaving safepoint region
[2019-06-24T09:21:33.712+0000][1][safepoint    ] Total time for which application threads were stopped: 0.0002103 seconds, Stopping threads took: 0.0000313 seconds
[2019-06-24T09:21:33.742+0000][1][safepoint    ] Application time: 0.0292686 seconds
[2019-06-24T09:21:33.742+0000][1][safepoint    ] Entering safepoint region: CollectForMetadataAllocation
[2019-06-24T09:21:33.742+0000][1][safepoint    ] Leaving safepoint region
[2019-06-24T09:21:33.742+0000][1][safepoint    ] Total time for which application threads were stopped: 0.0001466 seconds, Stopping threads took: 0.0000101 seconds
[2019-06-24T09:21:33.755+0000][1][safepoint    ] Application time: 0.0127508 seconds
[2019-06-24T09:21:33.755+0000][1][safepoint    ] Entering safepoint region: CollectForMetadataAllocation
[2019-06-24T09:21:33.755+0000][1][safepoint    ] Leaving safepoint region
[2019-06-24T09:21:33.755+0000][1][safepoint    ] Total time for which application threads were stopped: 0.0001429 seconds, Stopping threads took: 0.0000106 seconds
[2019-06-24T09:21:33.777+0000][1][safepoint    ] Application time: 0.0222765 seconds
[2019-06-24T09:21:33.777+0000][1][safepoint    ] Entering safepoint region: CollectForMetadataAllocation
[2019-06-24T09:21:33.777+0000][1][safepoint    ] Leaving safepoint region
[2019-06-24T09:21:33.777+0000][1][safepoint    ] Total time for which application threads were stopped: 0.0001964 seconds, Stopping threads took: 0.0000171 seconds
[2019-06-24T09:21:33.793+0000][1][safepoint    ] Application time: 0.0159153 seconds
[2019-06-24T09:21:33.793+0000][1][safepoint    ] Entering safepoint region: CollectForMetadataAllocation
[2019-06-24T09:21:33.793+0000][1][safepoint    ] Leaving safepoint region
[2019-06-24T09:21:33.793+0000][1][safepoint    ] Total time for which application threads were stopped: 0.0002220 seconds, Stopping threads took: 0.0000370 seconds
[2019-06-24T09:21:33.814+0000][1][safepoint    ] Application time: 0.0205217 seconds
[2019-06-24T09:21:33.814+0000][1][safepoint    ] Entering safepoint region: CollectForMetadataAllocation
[2019-06-24T09:21:33.814+0000][1][safepoint    ] Leaving safepoint region
[2019-06-24T09:21:33.814+0000][1][safepoint    ] Total time for which application threads were stopped: 0.0001585 seconds, Stopping threads took: 0.0000159 seconds
[2019-06-24T09:21:33.816+0000][1][safepoint    ] Application time: 0.0013587 seconds
[2019-06-24T09:21:33.816+0000][1][safepoint    ] Entering safepoint region: RevokeBias
[2019-06-24T09:21:33.816+0000][1][safepoint    ] Leaving safepoint region
[2019-06-24T09:21:33.816+0000][1][safepoint    ] Total time for which application threads were stopped: 0.0001134 seconds, Stopping threads took: 0.0000641 seconds
[2019-06-24T09:21:33.836+0000][1][safepoint    ] Application time: 0.0198851 seconds
[2019-06-24T09:21:33.836+0000][1][safepoint    ] Entering safepoint region: CollectForMetadataAllocation
[2019-06-24T09:21:33.836+0000][1][safepoint    ] Leaving safepoint region
[2019-06-24T09:21:33.836+0000][1][safepoint    ] Total time for which application threads were stopped: 0.0002418 seconds, Stopping threads took: 0.0000191 seconds
[2019-06-24T09:21:34.121+0000][1][safepoint    ] Application time: 0.2853291 seconds
[2019-06-24T09:21:34.121+0000][1][safepoint    ] Entering safepoint region: CollectForMetadataAllocation
[2019-06-24T09:21:34.121+0000][1][safepoint    ] Leaving safepoint region
[2019-06-24T09:21:34.121+0000][1][safepoint    ] Total time for which application threads were stopped: 0.0001446 seconds, Stopping threads took: 0.0000167 seconds
[2019-06-24T09:21:34.310+0000][1][safepoint    ] Application time: 0.1886552 seconds
[2019-06-24T09:21:34.310+0000][1][safepoint    ] Entering safepoint region: GenCollectForAllocation
[2019-06-24T09:21:34.310+0000][1][gc,start     ] GC(17) Pause Young (Allocation Failure)
[2019-06-24T09:21:34.310+0000][1][gc,task      ] GC(17) Using 5 workers of 8 for evacuation
[2019-06-24T09:21:34.314+0000][1][gc,age       ] GC(17) Desired survivor size 4456448 bytes, new threshold 6 (max threshold 6)
[2019-06-24T09:21:34.315+0000][1][gc,age       ] GC(17) Age table with threshold 6 (max threshold 6)
[2019-06-24T09:21:34.315+0000][1][gc,age       ] GC(17) - age   1:    3935280 bytes,    3935280 total
[2019-06-24T09:21:34.315+0000][1][gc,age       ] GC(17) - age   2:     162696 bytes,    4097976 total
[2019-06-24T09:21:34.315+0000][1][gc,heap      ] GC(17) ParNew: 76468K->4977K(78656K)
[2019-06-24T09:21:34.315+0000][1][gc,heap      ] GC(17) CMS: 55886K->55886K(174784K)
[2019-06-24T09:21:34.315+0000][1][gc,metaspace ] GC(17) Metaspace: 42207K->42207K(1087488K)
[2019-06-24T09:21:34.315+0000][1][gc           ] GC(17) Pause Young (Allocation Failure) 129M->59M(247M) 4.414ms
[2019-06-24T09:21:34.315+0000][1][gc,cpu       ] GC(17) User=0.03s Sys=0.00s Real=0.01s
[2019-06-24T09:21:34.315+0000][1][safepoint    ] Leaving safepoint region
[2019-06-24T09:21:34.315+0000][1][safepoint    ] Total time for which application threads were stopped: 0.0045508 seconds, Stopping threads took: 0.0000156 seconds
[2019-06-24T09:21:34.315+0000][1][safepoint    ] Application time: 0.0001440 seconds
[2019-06-24T09:21:34.315+0000][1][safepoint    ] Entering safepoint region: CMS_Initial_Mark
[2019-06-24T09:21:34.315+0000][1][gc,start     ] GC(18) Pause Initial Mark
[2019-06-24T09:21:34.316+0000][1][gc           ] GC(18) Pause Initial Mark 60M->60M(247M) 1.227ms
[2019-06-24T09:21:34.316+0000][1][gc,cpu       ] GC(18) User=0.01s Sys=0.00s Real=0.00s
[2019-06-24T09:21:34.316+0000][1][safepoint    ] Leaving safepoint region
[2019-06-24T09:21:34.316+0000][1][safepoint    ] Total time for which application threads were stopped: 0.0014529 seconds, Stopping threads took: 0.0001508 seconds
[2019-06-24T09:21:34.316+0000][1][gc           ] GC(18) Concurrent Mark
[2019-06-24T09:21:34.316+0000][1][gc,task      ] GC(18) Using 2 workers of 2 for marking
[2019-06-24T09:21:34.319+0000][1][safepoint    ] Application time: 0.0028655 seconds
[2019-06-24T09:21:34.319+0000][1][safepoint    ] Entering safepoint region: RevokeBias
[2019-06-24T09:21:34.319+0000][1][safepoint    ] Leaving safepoint region
[2019-06-24T09:21:34.319+0000][1][safepoint    ] Total time for which application threads were stopped: 0.0000481 seconds, Stopping threads took: 0.0000125 seconds
[2019-06-24T09:21:34.325+0000][1][safepoint    ] Application time: 0.0058795 seconds
[2019-06-24T09:21:34.325+0000][1][safepoint    ] Entering safepoint region: CollectForMetadataAllocation
[2019-06-24T09:21:34.325+0000][1][safepoint    ] Leaving safepoint region
[2019-06-24T09:21:34.325+0000][1][safepoint    ] Total time for which application threads were stopped: 0.0001766 seconds, Stopping threads took: 0.0000225 seconds
[2019-06-24T09:21:34.372+0000][1][safepoint    ] Application time: 0.0464492 seconds
[2019-06-24T09:21:34.372+0000][1][safepoint    ] Entering safepoint region: CollectForMetadataAllocation
[2019-06-24T09:21:34.372+0000][1][safepoint    ] Leaving safepoint region
[2019-06-24T09:21:34.372+0000][1][safepoint    ] Total time for which application threads were stopped: 0.0001811 seconds, Stopping threads took: 0.0000147 seconds
[2019-06-24T09:21:34.374+0000][1][gc           ] GC(18) Concurrent Mark 57.230ms
[2019-06-24T09:21:34.374+0000][1][gc,cpu       ] GC(18) User=0.33s Sys=0.00s Real=0.05s
[2019-06-24T09:21:34.374+0000][1][gc           ] GC(18) Concurrent Preclean
[2019-06-24T09:21:34.376+0000][1][gc           ] GC(18) Concurrent Preclean 2.103ms
[2019-06-24T09:21:34.376+0000][1][gc,cpu       ] GC(18) User=0.02s Sys=0.00s Real=0.01s
[2019-06-24T09:21:34.376+0000][1][gc           ] GC(18) Concurrent Abortable Preclean
[2019-06-24T09:21:34.534+0000][1][safepoint    ] Application time: 0.1616840 seconds
[2019-06-24T09:21:34.534+0000][1][safepoint    ] Entering safepoint region: CollectForMetadataAllocation
[2019-06-24T09:21:34.534+0000][1][safepoint    ] Leaving safepoint region
[2019-06-24T09:21:34.534+0000][1][safepoint    ] Total time for which application threads were stopped: 0.0002228 seconds, Stopping threads took: 0.0000161 seconds
[2019-06-24T09:21:34.540+0000][1][safepoint    ] Application time: 0.0063704 seconds
[2019-06-24T09:21:34.540+0000][1][safepoint    ] Entering safepoint region: CollectForMetadataAllocation
[2019-06-24T09:21:34.541+0000][1][safepoint    ] Leaving safepoint region
[2019-06-24T09:21:34.541+0000][1][safepoint    ] Total time for which application threads were stopped: 0.0001853 seconds, Stopping threads took: 0.0000177 seconds
[2019-06-24T09:21:34.554+0000][1][safepoint    ] Application time: 0.0137943 seconds
[2019-06-24T09:21:34.554+0000][1][safepoint    ] Entering safepoint region: CollectForMetadataAllocation
[2019-06-24T09:21:34.555+0000][1][safepoint    ] Leaving safepoint region
[2019-06-24T09:21:34.555+0000][1][safepoint    ] Total time for which application threads were stopped: 0.0003614 seconds, Stopping threads took: 0.0000227 seconds
[2019-06-24T09:21:34.585+0000][1][safepoint    ] Application time: 0.0305018 seconds
[2019-06-24T09:21:34.585+0000][1][safepoint    ] Entering safepoint region: CollectForMetadataAllocation
[2019-06-24T09:21:34.586+0000][1][safepoint    ] Leaving safepoint region
[2019-06-24T09:21:34.586+0000][1][safepoint    ] Total time for which application threads were stopped: 0.0002075 seconds, Stopping threads took: 0.0000150 seconds
[2019-06-24T09:21:34.607+0000][1][gc           ] GC(18) Concurrent Abortable Preclean 231.357ms
[2019-06-24T09:21:34.607+0000][1][gc,cpu       ] GC(18) User=1.11s Sys=0.02s Real=0.23s
[2019-06-24T09:21:34.607+0000][1][safepoint    ] Application time: 0.0216542 seconds
[2019-06-24T09:21:34.607+0000][1][safepoint    ] Entering safepoint region: CMS_Final_Remark
[2019-06-24T09:21:34.607+0000][1][gc,start     ] GC(18) Pause Remark
[2019-06-24T09:21:34.626+0000][1][gc           ] GC(18) Pause Remark 95M->95M(247M) 18.726ms
[2019-06-24T09:21:34.626+0000][1][gc,cpu       ] GC(18) User=0.07s Sys=0.00s Real=0.02s
[2019-06-24T09:21:34.626+0000][1][safepoint    ] Leaving safepoint region
[2019-06-24T09:21:34.626+0000][1][safepoint    ] Total time for which application threads were stopped: 0.0189333 seconds, Stopping threads took: 0.0000409 seconds
[2019-06-24T09:21:34.626+0000][1][gc           ] GC(18) Concurrent Sweep
[2019-06-24T09:21:34.639+0000][1][safepoint    ] Application time: 0.0125341 seconds
[2019-06-24T09:21:34.639+0000][1][safepoint    ] Entering safepoint region: CollectForMetadataAllocation
[2019-06-24T09:21:34.640+0000][1][safepoint    ] Leaving safepoint region
[2019-06-24T09:21:34.640+0000][1][safepoint    ] Total time for which application threads were stopped: 0.0008726 seconds, Stopping threads took: 0.0000163 seconds
[2019-06-24T09:21:34.663+0000][1][gc           ] GC(18) Concurrent Sweep 37.206ms
[2019-06-24T09:21:34.664+0000][1][gc,cpu       ] GC(18) User=0.20s Sys=0.00s Real=0.04s
[2019-06-24T09:21:34.664+0000][1][gc           ] GC(18) Concurrent Reset
[2019-06-24T09:21:34.664+0000][1][gc           ] GC(18) Concurrent Reset 0.439ms
[2019-06-24T09:21:34.664+0000][1][gc,cpu       ] GC(18) User=0.00s Sys=0.00s Real=0.00s
[2019-06-24T09:21:34.664+0000][1][gc,heap      ] GC(18) Old: 55886K->55670K(174784K)
[2019-06-24T09:21:34.688+0000][1][safepoint    ] Application time: 0.0483775 seconds
[2019-06-24T09:21:34.688+0000][1][safepoint    ] Entering safepoint region: RevokeBias
[2019-06-24T09:21:34.688+0000][1][safepoint    ] Leaving safepoint region
[2019-06-24T09:21:34.688+0000][1][safepoint    ] Total time for which application threads were stopped: 0.0000955 seconds, Stopping threads took: 0.0000138 seconds
[2019-06-24T09:21:34.692+0000][1][safepoint    ] Application time: 0.0042370 seconds
[2019-06-24T09:21:34.692+0000][1][safepoint    ] Entering safepoint region: RevokeBias
[2019-06-24T09:21:34.692+0000][1][safepoint    ] Leaving safepoint region
[2019-06-24T09:21:34.692+0000][1][safepoint    ] Total time for which application threads were stopped: 0.0000732 seconds, Stopping threads took: 0.0000122 seconds
[2019-06-24T09:21:34.841+0000][1][safepoint    ] Application time: 0.1481623 seconds
[2019-06-24T09:21:34.841+0000][1][safepoint    ] Entering safepoint region: RevokeBias
[2019-06-24T09:21:34.841+0000][1][safepoint    ] Leaving safepoint region
[2019-06-24T09:21:34.841+0000][1][safepoint    ] Total time for which application threads were stopped: 0.0004230 seconds, Stopping threads took: 0.0000329 seconds
[2019-06-24T09:21:34.841+0000][1][safepoint    ] Application time: 0.0000757 seconds
[2019-06-24T09:21:34.841+0000][1][safepoint    ] Entering safepoint region: RevokeBias
[2019-06-24T09:21:34.841+0000][1][safepoint    ] Leaving safepoint region
[2019-06-24T09:21:34.841+0000][1][safepoint    ] Total time for which application threads were stopped: 0.0000745 seconds, Stopping threads took: 0.0000116 seconds
[2019-06-24T09:21:34.841+0000][1][safepoint    ] Application time: 0.0001754 seconds
[2019-06-24T09:21:34.842+0000][1][safepoint    ] Entering safepoint region: RevokeBias
[2019-06-24T09:21:34.842+0000][1][safepoint    ] Leaving safepoint region
[2019-06-24T09:21:34.842+0000][1][safepoint    ] Total time for which application threads were stopped: 0.0003572 seconds, Stopping threads took: 0.0002980 seconds
[2019-06-24T09:21:34.842+0000][1][safepoint    ] Application time: 0.0000532 seconds
[2019-06-24T09:21:34.842+0000][1][safepoint    ] Entering safepoint region: RevokeBias
[2019-06-24T09:21:34.842+0000][1][safepoint    ] Leaving safepoint region
[2019-06-24T09:21:34.842+0000][1][safepoint    ] Total time for which application threads were stopped: 0.0000895 seconds, Stopping threads took: 0.0000309 seconds
[2019-06-24T09:21:34.895+0000][1][safepoint    ] Application time: 0.0531667 seconds
[2019-06-24T09:21:34.895+0000][1][safepoint    ] Entering safepoint region: RevokeBias
[2019-06-24T09:21:34.895+0000][1][safepoint    ] Leaving safepoint region
[2019-06-24T09:21:34.895+0000][1][safepoint    ] Total time for which application threads were stopped: 0.0000881 seconds, Stopping threads took: 0.0000151 seconds
[2019-06-24T09:21:34.895+0000][1][safepoint    ] Application time: 0.0001078 seconds
[2019-06-24T09:21:34.896+0000][1][safepoint    ] Entering safepoint region: RevokeBias
[2019-06-24T09:21:34.896+0000][1][safepoint    ] Leaving safepoint region
[2019-06-24T09:21:34.896+0000][1][safepoint    ] Total time for which application threads were stopped: 0.0002599 seconds, Stopping threads took: 0.0002073 seconds
[2019-06-24T09:21:34.896+0000][1][safepoint    ] Application time: 0.0000913 seconds
[2019-06-24T09:21:34.896+0000][1][safepoint    ] Entering safepoint region: RevokeBias
[2019-06-24T09:21:34.896+0000][1][safepoint    ] Leaving safepoint region
[2019-06-24T09:21:34.896+0000][1][safepoint    ] Total time for which application threads were stopped: 0.0001423 seconds, Stopping threads took: 0.0000999 seconds
[2019-06-24T09:21:34.896+0000][1][safepoint    ] Application time: 0.0002670 seconds
[2019-06-24T09:21:34.896+0000][1][safepoint    ] Entering safepoint region: RevokeBias
[2019-06-24T09:21:34.896+0000][1][safepoint    ] Leaving safepoint region
[2019-06-24T09:21:34.896+0000][1][safepoint    ] Total time for which application threads were stopped: 0.0000947 seconds, Stopping threads took: 0.0000336 seconds
[2019-06-24T09:21:34.897+0000][1][safepoint    ] Application time: 0.0002426 seconds
[2019-06-24T09:21:34.897+0000][1][safepoint    ] Entering safepoint region: RevokeBias
[2019-06-24T09:21:34.897+0000][1][safepoint    ] Leaving safepoint region
[2019-06-24T09:21:34.897+0000][1][safepoint    ] Total time for which application threads were stopped: 0.0000766 seconds, Stopping threads took: 0.0000220 seconds
[2019-06-24T09:21:34.897+0000][1][safepoint    ] Application time: 0.0001271 seconds
[2019-06-24T09:21:34.897+0000][1][safepoint    ] Entering safepoint region: RevokeBias
[2019-06-24T09:21:34.897+0000][1][safepoint    ] Leaving safepoint region
[2019-06-24T09:21:34.897+0000][1][safepoint    ] Total time for which application threads were stopped: 0.0001518 seconds, Stopping threads took: 0.0001093 seconds
[2019-06-24T09:21:34.897+0000][1][safepoint    ] Application time: 0.0003043 seconds
[2019-06-24T09:21:34.897+0000][1][safepoint    ] Entering safepoint region: RevokeBias
[2019-06-24T09:21:34.897+0000][1][safepoint    ] Leaving safepoint region
[2019-06-24T09:21:34.897+0000][1][safepoint    ] Total time for which application threads were stopped: 0.0000699 seconds, Stopping threads took: 0.0000109 seconds
[2019-06-24T09:21:34.897+0000][1][safepoint    ] Application time: 0.0000436 seconds
[2019-06-24T09:21:34.898+0000][1][safepoint    ] Entering safepoint region: RevokeBias
[2019-06-24T09:21:34.898+0000][1][safepoint    ] Leaving safepoint region
[2019-06-24T09:21:34.898+0000][1][safepoint    ] Total time for which application threads were stopped: 0.0001971 seconds, Stopping threads took: 0.0001440 seconds
[2019-06-24T09:21:34.898+0000][1][safepoint    ] Application time: 0.0000426 seconds
[2019-06-24T09:21:34.898+0000][1][safepoint    ] Entering safepoint region: RevokeBias
[2019-06-24T09:21:34.898+0000][1][safepoint    ] Leaving safepoint region
[2019-06-24T09:21:34.898+0000][1][safepoint    ] Total time for which application threads were stopped: 0.0001261 seconds, Stopping threads took: 0.0000865 seconds
[2019-06-24T09:21:34.898+0000][1][safepoint    ] Application time: 0.0000438 seconds
[2019-06-24T09:21:34.898+0000][1][safepoint    ] Entering safepoint region: RevokeBias
[2019-06-24T09:21:34.898+0000][1][safepoint    ] Leaving safepoint region
[2019-06-24T09:21:34.898+0000][1][safepoint    ] Total time for which application threads were stopped: 0.0000682 seconds, Stopping threads took: 0.0000207 seconds
[2019-06-24T09:21:34.898+0000][1][safepoint    ] Application time: 0.0000401 seconds
[2019-06-24T09:21:34.898+0000][1][safepoint    ] Entering safepoint region: RevokeBias
[2019-06-24T09:21:34.898+0000][1][safepoint    ] Leaving safepoint region
[2019-06-24T09:21:34.898+0000][1][safepoint    ] Total time for which application threads were stopped: 0.0000529 seconds, Stopping threads took: 0.0000093 seconds
[2019-06-24T09:21:34.898+0000][1][safepoint    ] Application time: 0.0000371 seconds
[2019-06-24T09:21:34.898+0000][1][safepoint    ] Entering safepoint region: RevokeBias
[2019-06-24T09:21:34.898+0000][1][safepoint    ] Leaving safepoint region
[2019-06-24T09:21:34.898+0000][1][safepoint    ] Total time for which application threads were stopped: 0.0000591 seconds, Stopping threads took: 0.0000098 seconds
[2019-06-24T09:21:34.898+0000][1][safepoint    ] Application time: 0.0000362 seconds
[2019-06-24T09:21:34.898+0000][1][safepoint    ] Entering safepoint region: RevokeBias
[2019-06-24T09:21:34.898+0000][1][safepoint    ] Leaving safepoint region
[2019-06-24T09:21:34.898+0000][1][safepoint    ] Total time for which application threads were stopped: 0.0000537 seconds, Stopping threads took: 0.0000091 seconds
[2019-06-24T09:21:34.898+0000][1][safepoint    ] Application time: 0.0000356 seconds
[2019-06-24T09:21:34.898+0000][1][safepoint    ] Entering safepoint region: RevokeBias
[2019-06-24T09:21:34.898+0000][1][safepoint    ] Leaving safepoint region
[2019-06-24T09:21:34.898+0000][1][safepoint    ] Total time for which application threads were stopped: 0.0000517 seconds, Stopping threads took: 0.0000092 seconds
[2019-06-24T09:21:34.898+0000][1][safepoint    ] Application time: 0.0000381 seconds
[2019-06-24T09:21:34.898+0000][1][safepoint    ] Entering safepoint region: RevokeBias
[2019-06-24T09:21:34.899+0000][1][safepoint    ] Leaving safepoint region
[2019-06-24T09:21:34.899+0000][1][safepoint    ] Total time for which application threads were stopped: 0.0000920 seconds, Stopping threads took: 0.0000530 seconds
[2019-06-24T09:21:34.899+0000][1][safepoint    ] Application time: 0.0000724 seconds
[2019-06-24T09:21:34.899+0000][1][safepoint    ] Entering safepoint region: RevokeBias
[2019-06-24T09:21:34.899+0000][1][safepoint    ] Leaving safepoint region
[2019-06-24T09:21:34.899+0000][1][safepoint    ] Total time for which application threads were stopped: 0.0000642 seconds, Stopping threads took: 0.0000274 seconds
[2019-06-24T09:21:34.899+0000][1][safepoint    ] Application time: 0.0000402 seconds
[2019-06-24T09:21:34.899+0000][1][safepoint    ] Entering safepoint region: RevokeBias
[2019-06-24T09:21:34.899+0000][1][safepoint    ] Leaving safepoint region
[2019-06-24T09:21:34.899+0000][1][safepoint    ] Total time for which application threads were stopped: 0.0000543 seconds, Stopping threads took: 0.0000120 seconds
[2019-06-24T09:21:34.899+0000][1][safepoint    ] Application time: 0.0000370 seconds
[2019-06-24T09:21:34.899+0000][1][safepoint    ] Entering safepoint region: RevokeBias
[2019-06-24T09:21:34.899+0000][1][safepoint    ] Leaving safepoint region
[2019-06-24T09:21:34.899+0000][1][safepoint    ] Total time for which application threads were stopped: 0.0000496 seconds, Stopping threads took: 0.0000089 seconds
[2019-06-24T09:21:34.899+0000][1][safepoint    ] Application time: 0.0000351 seconds
[2019-06-24T09:21:34.899+0000][1][safepoint    ] Entering safepoint region: RevokeBias
[2019-06-24T09:21:34.899+0000][1][safepoint    ] Leaving safepoint region
[2019-06-24T09:21:34.899+0000][1][safepoint    ] Total time for which application threads were stopped: 0.0000655 seconds, Stopping threads took: 0.0000249 seconds
[2019-06-24T09:21:34.899+0000][1][safepoint    ] Application time: 0.0000353 seconds
[2019-06-24T09:21:34.899+0000][1][safepoint    ] Entering safepoint region: RevokeBias
[2019-06-24T09:21:34.899+0000][1][safepoint    ] Leaving safepoint region
[2019-06-24T09:21:34.899+0000][1][safepoint    ] Total time for which application threads were stopped: 0.0000655 seconds, Stopping threads took: 0.0000252 seconds
[2019-06-24T09:21:34.899+0000][1][safepoint    ] Application time: 0.0000357 seconds
[2019-06-24T09:21:34.899+0000][1][safepoint    ] Entering safepoint region: RevokeBias
[2019-06-24T09:21:34.899+0000][1][safepoint    ] Leaving safepoint region
[2019-06-24T09:21:34.899+0000][1][safepoint    ] Total time for which application threads were stopped: 0.0000656 seconds, Stopping threads took: 0.0000251 seconds
[2019-06-24T09:21:34.899+0000][1][safepoint    ] Application time: 0.0000358 seconds
[2019-06-24T09:21:34.899+0000][1][safepoint    ] Entering safepoint region: RevokeBias
[2019-06-24T09:21:34.899+0000][1][safepoint    ] Leaving safepoint region
[2019-06-24T09:21:34.899+0000][1][safepoint    ] Total time for which application threads were stopped: 0.0000665 seconds, Stopping threads took: 0.0000254 seconds
[2019-06-24T09:21:34.899+0000][1][safepoint    ] Application time: 0.0000355 seconds
[2019-06-24T09:21:34.899+0000][1][safepoint    ] Entering safepoint region: RevokeBias
[2019-06-24T09:21:34.899+0000][1][safepoint    ] Leaving safepoint region
[2019-06-24T09:21:34.899+0000][1][safepoint    ] Total time for which application threads were stopped: 0.0000500 seconds, Stopping threads took: 0.0000094 seconds
[2019-06-24T09:21:34.900+0000][1][safepoint    ] Application time: 0.0000372 seconds
[2019-06-24T09:21:34.900+0000][1][safepoint    ] Entering safepoint region: RevokeBias
[2019-06-24T09:21:34.900+0000][1][safepoint    ] Leaving safepoint region
[2019-06-24T09:21:34.900+0000][1][safepoint    ] Total time for which application threads were stopped: 0.0000494 seconds, Stopping threads took: 0.0000089 seconds
[2019-06-24T09:21:34.900+0000][1][safepoint    ] Application time: 0.0000355 seconds
[2019-06-24T09:21:34.900+0000][1][safepoint    ] Entering safepoint region: RevokeBias
[2019-06-24T09:21:34.900+0000][1][safepoint    ] Leaving safepoint region
[2019-06-24T09:21:34.900+0000][1][safepoint    ] Total time for which application threads were stopped: 0.0000542 seconds, Stopping threads took: 0.0000088 seconds
[2019-06-24T09:21:34.900+0000][1][safepoint    ] Application time: 0.0000360 seconds
[2019-06-24T09:21:34.900+0000][1][safepoint    ] Entering safepoint region: BulkRevokeBias
[2019-06-24T09:21:34.900+0000][1][safepoint    ] Leaving safepoint region
[2019-06-24T09:21:34.900+0000][1][safepoint    ] Total time for which application threads were stopped: 0.0001093 seconds, Stopping threads took: 0.0000091 seconds
[2019-06-24T09:21:34.900+0000][1][safepoint    ] Application time: 0.0001291 seconds
[2019-06-24T09:21:34.900+0000][1][safepoint    ] Entering safepoint region: RevokeBias
[2019-06-24T09:21:34.900+0000][1][safepoint    ] Leaving safepoint region
[2019-06-24T09:21:34.900+0000][1][safepoint    ] Total time for which application threads were stopped: 0.0000634 seconds, Stopping threads took: 0.0000091 seconds
[2019-06-24T09:21:34.900+0000][1][safepoint    ] Application time: 0.0000541 seconds
[2019-06-24T09:21:34.900+0000][1][safepoint    ] Entering safepoint region: RevokeBias
[2019-06-24T09:21:34.900+0000][1][safepoint    ] Leaving safepoint region
[2019-06-24T09:21:34.900+0000][1][safepoint    ] Total time for which application threads were stopped: 0.0000567 seconds, Stopping threads took: 0.0000122 seconds
[2019-06-24T09:21:34.900+0000][1][safepoint    ] Application time: 0.0000702 seconds
[2019-06-24T09:21:34.900+0000][1][safepoint    ] Entering safepoint region: RevokeBias
[2019-06-24T09:21:34.900+0000][1][safepoint    ] Leaving safepoint region
[2019-06-24T09:21:34.900+0000][1][safepoint    ] Total time for which application threads were stopped: 0.0000533 seconds, Stopping threads took: 0.0000095 seconds
[2019-06-24T09:21:34.900+0000][1][safepoint    ] Application time: 0.0000535 seconds
[2019-06-24T09:21:34.900+0000][1][safepoint    ] Entering safepoint region: RevokeBias
[2019-06-24T09:21:34.900+0000][1][safepoint    ] Leaving safepoint region
[2019-06-24T09:21:34.900+0000][1][safepoint    ] Total time for which application threads were stopped: 0.0000773 seconds, Stopping threads took: 0.0000274 seconds
[2019-06-24T09:21:34.901+0000][1][safepoint    ] Application time: 0.0000557 seconds
[2019-06-24T09:21:34.901+0000][1][safepoint    ] Entering safepoint region: RevokeBias
[2019-06-24T09:21:34.901+0000][1][safepoint    ] Leaving safepoint region
[2019-06-24T09:21:34.901+0000][1][safepoint    ] Total time for which application threads were stopped: 0.0000892 seconds, Stopping threads took: 0.0000095 seconds
[2019-06-24T09:21:34.901+0000][1][safepoint    ] Application time: 0.0000441 seconds
[2019-06-24T09:21:34.901+0000][1][safepoint    ] Entering safepoint region: RevokeBias
[2019-06-24T09:21:34.901+0000][1][safepoint    ] Leaving safepoint region
[2019-06-24T09:21:34.901+0000][1][safepoint    ] Total time for which application threads were stopped: 0.0000848 seconds, Stopping threads took: 0.0000098 seconds
[2019-06-24T09:21:34.901+0000][1][safepoint    ] Application time: 0.0000445 seconds
[2019-06-24T09:21:34.901+0000][1][safepoint    ] Entering safepoint region: RevokeBias
[2019-06-24T09:21:34.901+0000][1][safepoint    ] Leaving safepoint region
[2019-06-24T09:21:34.901+0000][1][safepoint    ] Total time for which application threads were stopped: 0.0000505 seconds, Stopping threads took: 0.0000094 seconds
[2019-06-24T09:21:34.901+0000][1][safepoint    ] Application time: 0.0000723 seconds
[2019-06-24T09:21:34.901+0000][1][safepoint    ] Entering safepoint region: RevokeBias
[2019-06-24T09:21:34.901+0000][1][safepoint    ] Leaving safepoint region
[2019-06-24T09:21:34.901+0000][1][safepoint    ] Total time for which application threads were stopped: 0.0000540 seconds, Stopping threads took: 0.0000103 seconds
[2019-06-24T09:21:34.901+0000][1][safepoint    ] Application time: 0.0000391 seconds
[2019-06-24T09:21:34.901+0000][1][safepoint    ] Entering safepoint region: RevokeBias
[2019-06-24T09:21:34.901+0000][1][safepoint    ] Leaving safepoint region
[2019-06-24T09:21:34.901+0000][1][safepoint    ] Total time for which application threads were stopped: 0.0000806 seconds, Stopping threads took: 0.0000098 seconds
[2019-06-24T09:21:34.901+0000][1][safepoint    ] Application time: 0.0000364 seconds
[2019-06-24T09:21:34.901+0000][1][safepoint    ] Entering safepoint region: RevokeBias
[2019-06-24T09:21:34.901+0000][1][safepoint    ] Leaving safepoint region
[2019-06-24T09:21:34.901+0000][1][safepoint    ] Total time for which application threads were stopped: 0.0000844 seconds, Stopping threads took: 0.0000108 seconds
[2019-06-24T09:21:34.901+0000][1][safepoint    ] Application time: 0.0000372 seconds
[2019-06-24T09:21:34.902+0000][1][safepoint    ] Entering safepoint region: RevokeBias
[2019-06-24T09:21:34.902+0000][1][safepoint    ] Leaving safepoint region
[2019-06-24T09:21:34.902+0000][1][safepoint    ] Total time for which application threads were stopped: 0.0002223 seconds, Stopping threads took: 0.0001841 seconds
[2019-06-24T09:21:34.902+0000][1][safepoint    ] Application time: 0.0000444 seconds
[2019-06-24T09:21:34.902+0000][1][safepoint    ] Entering safepoint region: RevokeBias
[2019-06-24T09:21:34.902+0000][1][safepoint    ] Leaving safepoint region
[2019-06-24T09:21:34.902+0000][1][safepoint    ] Total time for which application threads were stopped: 0.0001195 seconds, Stopping threads took: 0.0000756 seconds
[2019-06-24T09:21:34.902+0000][1][safepoint    ] Application time: 0.0000388 seconds
[2019-06-24T09:21:34.902+0000][1][safepoint    ] Entering safepoint region: RevokeBias
[2019-06-24T09:21:34.902+0000][1][safepoint    ] Leaving safepoint region
[2019-06-24T09:21:34.902+0000][1][safepoint    ] Total time for which application threads were stopped: 0.0001324 seconds, Stopping threads took: 0.0000829 seconds
[2019-06-24T09:21:34.902+0000][1][safepoint    ] Application time: 0.0000390 seconds
[2019-06-24T09:21:34.902+0000][1][safepoint    ] Entering safepoint region: RevokeBias
[2019-06-24T09:21:34.902+0000][1][safepoint    ] Leaving safepoint region
[2019-06-24T09:21:34.902+0000][1][safepoint    ] Total time for which application threads were stopped: 0.0000544 seconds, Stopping threads took: 0.0000104 seconds
[2019-06-24T09:21:34.902+0000][1][safepoint    ] Application time: 0.0000683 seconds
[2019-06-24T09:21:34.902+0000][1][safepoint    ] Entering safepoint region: RevokeBias
[2019-06-24T09:21:34.902+0000][1][safepoint    ] Leaving safepoint region
[2019-06-24T09:21:34.902+0000][1][safepoint    ] Total time for which application threads were stopped: 0.0000769 seconds, Stopping threads took: 0.0000344 seconds
[2019-06-24T09:21:34.902+0000][1][safepoint    ] Application time: 0.0000706 seconds
[2019-06-24T09:21:34.902+0000][1][safepoint    ] Entering safepoint region: RevokeBias
[2019-06-24T09:21:34.902+0000][1][safepoint    ] Leaving safepoint region
[2019-06-24T09:21:34.902+0000][1][safepoint    ] Total time for which application threads were stopped: 0.0000740 seconds, Stopping threads took: 0.0000306 seconds
[2019-06-24T09:21:34.903+0000][1][safepoint    ] Application time: 0.0000686 seconds
[2019-06-24T09:21:34.903+0000][1][safepoint    ] Entering safepoint region: RevokeBias
[2019-06-24T09:21:34.903+0000][1][safepoint    ] Leaving safepoint region
[2019-06-24T09:21:34.903+0000][1][safepoint    ] Total time for which application threads were stopped: 0.0000543 seconds, Stopping threads took: 0.0000108 seconds
[2019-06-24T09:21:34.903+0000][1][safepoint    ] Application time: 0.0000899 seconds
[2019-06-24T09:21:34.903+0000][1][safepoint    ] Entering safepoint region: RevokeBias
[2019-06-24T09:21:34.903+0000][1][safepoint    ] Leaving safepoint region
[2019-06-24T09:21:34.903+0000][1][safepoint    ] Total time for which application threads were stopped: 0.0000525 seconds, Stopping threads took: 0.0000105 seconds
[2019-06-24T09:21:34.903+0000][1][safepoint    ] Application time: 0.0000979 seconds
[2019-06-24T09:21:34.903+0000][1][safepoint    ] Entering safepoint region: RevokeBias
[2019-06-24T09:21:34.903+0000][1][safepoint    ] Leaving safepoint region
[2019-06-24T09:21:34.903+0000][1][safepoint    ] Total time for which application threads were stopped: 0.0000742 seconds, Stopping threads took: 0.0000316 seconds
[2019-06-24T09:21:34.903+0000][1][safepoint    ] Application time: 0.0000833 seconds
[2019-06-24T09:21:34.903+0000][1][safepoint    ] Entering safepoint region: RevokeBias
[2019-06-24T09:21:34.903+0000][1][safepoint    ] Leaving safepoint region
[2019-06-24T09:21:34.903+0000][1][safepoint    ] Total time for which application threads were stopped: 0.0000682 seconds, Stopping threads took: 0.0000261 seconds
[2019-06-24T09:21:34.903+0000][1][safepoint    ] Application time: 0.0000803 seconds
[2019-06-24T09:21:34.903+0000][1][safepoint    ] Entering safepoint region: RevokeBias
[2019-06-24T09:21:34.903+0000][1][safepoint    ] Leaving safepoint region
[2019-06-24T09:21:34.903+0000][1][safepoint    ] Total time for which application threads were stopped: 0.0000723 seconds, Stopping threads took: 0.0000316 seconds
[2019-06-24T09:21:34.903+0000][1][safepoint    ] Application time: 0.0000802 seconds
[2019-06-24T09:21:34.903+0000][1][safepoint    ] Entering safepoint region: RevokeBias
[2019-06-24T09:21:34.903+0000][1][safepoint    ] Leaving safepoint region
[2019-06-24T09:21:34.903+0000][1][safepoint    ] Total time for which application threads were stopped: 0.0000512 seconds, Stopping threads took: 0.0000105 seconds
[2019-06-24T09:21:34.904+0000][1][safepoint    ] Application time: 0.0000822 seconds
[2019-06-24T09:21:34.904+0000][1][safepoint    ] Entering safepoint region: RevokeBias
[2019-06-24T09:21:34.904+0000][1][safepoint    ] Leaving safepoint region
[2019-06-24T09:21:34.904+0000][1][safepoint    ] Total time for which application threads were stopped: 0.0000556 seconds, Stopping threads took: 0.0000105 seconds
[2019-06-24T09:21:34.904+0000][1][safepoint    ] Application time: 0.0000794 seconds
[2019-06-24T09:21:34.904+0000][1][safepoint    ] Entering safepoint region: BulkRevokeBias
[2019-06-24T09:21:34.904+0000][1][safepoint    ] Leaving safepoint region
[2019-06-24T09:21:34.904+0000][1][safepoint    ] Total time for which application threads were stopped: 0.0001187 seconds, Stopping threads took: 0.0000106 seconds
[2019-06-24T09:21:34.904+0000][1][safepoint    ] Application time: 0.0002519 seconds
[2019-06-24T09:21:34.904+0000][1][safepoint    ] Entering safepoint region: RevokeBias
[2019-06-24T09:21:34.904+0000][1][safepoint    ] Leaving safepoint region
[2019-06-24T09:21:34.904+0000][1][safepoint    ] Total time for which application threads were stopped: 0.0000728 seconds, Stopping threads took: 0.0000123 seconds
[2019-06-24T09:21:34.904+0000][1][safepoint    ] Application time: 0.0000715 seconds
[2019-06-24T09:21:34.904+0000][1][safepoint    ] Entering safepoint region: RevokeBias
[2019-06-24T09:21:34.904+0000][1][safepoint    ] Leaving safepoint region
[2019-06-24T09:21:34.904+0000][1][safepoint    ] Total time for which application threads were stopped: 0.0000963 seconds, Stopping threads took: 0.0000448 seconds
[2019-06-24T09:21:34.904+0000][1][safepoint    ] Application time: 0.0000422 seconds
[2019-06-24T09:21:34.904+0000][1][safepoint    ] Entering safepoint region: RevokeBias
[2019-06-24T09:21:34.904+0000][1][safepoint    ] Leaving safepoint region
[2019-06-24T09:21:34.904+0000][1][safepoint    ] Total time for which application threads were stopped: 0.0000758 seconds, Stopping threads took: 0.0000370 seconds
[2019-06-24T09:21:34.905+0000][1][safepoint    ] Application time: 0.0000422 seconds
[2019-06-24T09:21:34.905+0000][1][safepoint    ] Entering safepoint region: RevokeBias
[2019-06-24T09:21:34.905+0000][1][safepoint    ] Leaving safepoint region
[2019-06-24T09:21:34.905+0000][1][safepoint    ] Total time for which application threads were stopped: 0.0000600 seconds, Stopping threads took: 0.0000214 seconds
[2019-06-24T09:21:34.905+0000][1][safepoint    ] Application time: 0.0000420 seconds
[2019-06-24T09:21:34.905+0000][1][safepoint    ] Entering safepoint region: RevokeBias
[2019-06-24T09:21:34.905+0000][1][safepoint    ] Leaving safepoint region
[2019-06-24T09:21:34.905+0000][1][safepoint    ] Total time for which application threads were stopped: 0.0000744 seconds, Stopping threads took: 0.0000241 seconds
[2019-06-24T09:21:34.905+0000][1][safepoint    ] Application time: 0.0000405 seconds
[2019-06-24T09:21:34.905+0000][1][safepoint    ] Entering safepoint region: RevokeBias
[2019-06-24T09:21:34.905+0000][1][safepoint    ] Leaving safepoint region
[2019-06-24T09:21:34.905+0000][1][safepoint    ] Total time for which application threads were stopped: 0.0000883 seconds, Stopping threads took: 0.0000346 seconds
[2019-06-24T09:21:34.905+0000][1][safepoint    ] Application time: 0.0000346 seconds
[2019-06-24T09:21:34.905+0000][1][safepoint    ] Entering safepoint region: RevokeBias
[2019-06-24T09:21:34.905+0000][1][safepoint    ] Leaving safepoint region
[2019-06-24T09:21:34.905+0000][1][safepoint    ] Total time for which application threads were stopped: 0.0001356 seconds, Stopping threads took: 0.0000097 seconds
[2019-06-24T09:21:34.905+0000][1][safepoint    ] Application time: 0.0001025 seconds
[2019-06-24T09:21:34.905+0000][1][safepoint    ] Entering safepoint region: RevokeBias
[2019-06-24T09:21:34.905+0000][1][safepoint    ] Leaving safepoint region
[2019-06-24T09:21:34.905+0000][1][safepoint    ] Total time for which application threads were stopped: 0.0000862 seconds, Stopping threads took: 0.0000292 seconds
[2019-06-24T09:21:34.905+0000][1][safepoint    ] Application time: 0.0001671 seconds
[2019-06-24T09:21:34.906+0000][1][safepoint    ] Entering safepoint region: RevokeBias
[2019-06-24T09:21:34.906+0000][1][safepoint    ] Leaving safepoint region
[2019-06-24T09:21:34.906+0000][1][safepoint    ] Total time for which application threads were stopped: 0.0001095 seconds, Stopping threads took: 0.0000303 seconds
[2019-06-24T09:21:34.906+0000][1][safepoint    ] Application time: 0.0000838 seconds
[2019-06-24T09:21:34.906+0000][1][safepoint    ] Entering safepoint region: RevokeBias
[2019-06-24T09:21:34.906+0000][1][safepoint    ] Leaving safepoint region
[2019-06-24T09:21:34.906+0000][1][safepoint    ] Total time for which application threads were stopped: 0.0000919 seconds, Stopping threads took: 0.0000279 seconds
[2019-06-24T09:21:34.906+0000][1][safepoint    ] Application time: 0.0000398 seconds
[2019-06-24T09:21:34.906+0000][1][safepoint    ] Entering safepoint region: RevokeBias
[2019-06-24T09:21:34.906+0000][1][safepoint    ] Leaving safepoint region
[2019-06-24T09:21:34.906+0000][1][safepoint    ] Total time for which application threads were stopped: 0.0000953 seconds, Stopping threads took: 0.0000274 seconds
[2019-06-24T09:21:34.906+0000][1][safepoint    ] Application time: 0.0000697 seconds
[2019-06-24T09:21:34.906+0000][1][safepoint    ] Entering safepoint region: RevokeBias
[2019-06-24T09:21:34.906+0000][1][safepoint    ] Leaving safepoint region
[2019-06-24T09:21:34.906+0000][1][safepoint    ] Total time for which application threads were stopped: 0.0000805 seconds, Stopping threads took: 0.0000275 seconds
[2019-06-24T09:21:34.907+0000][1][safepoint    ] Application time: 0.0004097 seconds
[2019-06-24T09:21:34.907+0000][1][safepoint    ] Entering safepoint region: RevokeBias
[2019-06-24T09:21:34.907+0000][1][safepoint    ] Leaving safepoint region
[2019-06-24T09:21:34.907+0000][1][safepoint    ] Total time for which application threads were stopped: 0.0001205 seconds, Stopping threads took: 0.0000804 seconds
[2019-06-24T09:21:34.907+0000][1][safepoint    ] Application time: 0.0001135 seconds
[2019-06-24T09:21:34.907+0000][1][safepoint    ] Entering safepoint region: RevokeBias
[2019-06-24T09:21:34.907+0000][1][safepoint    ] Leaving safepoint region
[2019-06-24T09:21:34.907+0000][1][safepoint    ] Total time for which application threads were stopped: 0.0000949 seconds, Stopping threads took: 0.0000300 seconds
[2019-06-24T09:21:34.907+0000][1][safepoint    ] Application time: 0.0003054 seconds
[2019-06-24T09:21:34.907+0000][1][safepoint    ] Entering safepoint region: RevokeBias
[2019-06-24T09:21:34.907+0000][1][safepoint    ] Leaving safepoint region
[2019-06-24T09:21:34.907+0000][1][safepoint    ] Total time for which application threads were stopped: 0.0000756 seconds, Stopping threads took: 0.0000111 seconds
[2019-06-24T09:21:34.908+0000][1][safepoint    ] Application time: 0.0003293 seconds
[2019-06-24T09:21:34.908+0000][1][safepoint    ] Entering safepoint region: RevokeBias
[2019-06-24T09:21:34.908+0000][1][safepoint    ] Leaving safepoint region
[2019-06-24T09:21:34.908+0000][1][safepoint    ] Total time for which application threads were stopped: 0.0002930 seconds, Stopping threads took: 0.0002346 seconds
[2019-06-24T09:21:34.908+0000][1][safepoint    ] Application time: 0.0004155 seconds
[2019-06-24T09:21:34.908+0000][1][safepoint    ] Entering safepoint region: RevokeBias
[2019-06-24T09:21:34.909+0000][1][safepoint    ] Leaving safepoint region
[2019-06-24T09:21:34.909+0000][1][safepoint    ] Total time for which application threads were stopped: 0.0001336 seconds, Stopping threads took: 0.0000564 seconds
[2019-06-24T09:21:34.909+0000][1][safepoint    ] Application time: 0.0001161 seconds
[2019-06-24T09:21:34.909+0000][1][safepoint    ] Entering safepoint region: RevokeBias
[2019-06-24T09:21:34.909+0000][1][safepoint    ] Leaving safepoint region
[2019-06-24T09:21:34.909+0000][1][safepoint    ] Total time for which application threads were stopped: 0.0001451 seconds, Stopping threads took: 0.0000389 seconds
[2019-06-24T09:21:34.909+0000][1][safepoint    ] Application time: 0.0001969 seconds
[2019-06-24T09:21:34.909+0000][1][safepoint    ] Entering safepoint region: RevokeBias
[2019-06-24T09:21:34.909+0000][1][safepoint    ] Leaving safepoint region
[2019-06-24T09:21:34.909+0000][1][safepoint    ] Total time for which application threads were stopped: 0.0000741 seconds, Stopping threads took: 0.0000108 seconds
[2019-06-24T09:21:34.909+0000][1][safepoint    ] Application time: 0.0002149 seconds
[2019-06-24T09:21:34.910+0000][1][safepoint    ] Entering safepoint region: RevokeBias
[2019-06-24T09:21:34.910+0000][1][safepoint    ] Leaving safepoint region
[2019-06-24T09:21:34.910+0000][1][safepoint    ] Total time for which application threads were stopped: 0.0003136 seconds, Stopping threads took: 0.0002552 seconds
[2019-06-24T09:21:34.911+0000][1][safepoint    ] Application time: 0.0017030 seconds
[2019-06-24T09:21:34.911+0000][1][safepoint    ] Entering safepoint region: RevokeBias
[2019-06-24T09:21:34.912+0000][1][safepoint    ] Leaving safepoint region
[2019-06-24T09:21:34.912+0000][1][safepoint    ] Total time for which application threads were stopped: 0.0001351 seconds, Stopping threads took: 0.0000508 seconds
[2019-06-24T09:21:34.912+0000][1][safepoint    ] Application time: 0.0000490 seconds
[2019-06-24T09:21:34.912+0000][1][safepoint    ] Entering safepoint region: RevokeBias
[2019-06-24T09:21:34.912+0000][1][safepoint    ] Leaving safepoint region
[2019-06-24T09:21:34.912+0000][1][safepoint    ] Total time for which application threads were stopped: 0.0001044 seconds, Stopping threads took: 0.0000391 seconds
[2019-06-24T09:21:34.914+0000][1][safepoint    ] Application time: 0.0021941 seconds
[2019-06-24T09:21:34.914+0000][1][safepoint    ] Entering safepoint region: RevokeBias
[2019-06-24T09:21:34.914+0000][1][safepoint    ] Leaving safepoint region
[2019-06-24T09:21:34.914+0000][1][safepoint    ] Total time for which application threads were stopped: 0.0001944 seconds, Stopping threads took: 0.0001067 seconds
[2019-06-24T09:21:34.914+0000][1][safepoint    ] Application time: 0.0000804 seconds
[2019-06-24T09:21:34.914+0000][1][safepoint    ] Entering safepoint region: RevokeBias
[2019-06-24T09:21:34.914+0000][1][safepoint    ] Leaving safepoint region
[2019-06-24T09:21:34.914+0000][1][safepoint    ] Total time for which application threads were stopped: 0.0001028 seconds, Stopping threads took: 0.0000580 seconds
[2019-06-24T09:21:34.915+0000][1][safepoint    ] Application time: 0.0002670 seconds
[2019-06-24T09:21:34.915+0000][1][safepoint    ] Entering safepoint region: RevokeBias
[2019-06-24T09:21:34.915+0000][1][safepoint    ] Leaving safepoint region
[2019-06-24T09:21:34.915+0000][1][safepoint    ] Total time for which application threads were stopped: 0.0001587 seconds, Stopping threads took: 0.0001077 seconds
[2019-06-24T09:21:34.941+0000][1][safepoint    ] Application time: 0.0266580 seconds
[2019-06-24T09:21:34.942+0000][1][safepoint    ] Entering safepoint region: GenCollectForAllocation
[2019-06-24T09:21:34.942+0000][1][gc,start     ] GC(19) Pause Young (Allocation Failure)
[2019-06-24T09:21:34.942+0000][1][gc,task      ] GC(19) Using 5 workers of 8 for evacuation
[2019-06-24T09:21:34.947+0000][1][gc,age       ] GC(19) Desired survivor size 4456448 bytes, new threshold 2 (max threshold 6)
[2019-06-24T09:21:34.947+0000][1][gc,age       ] GC(19) Age table with threshold 2 (max threshold 6)
[2019-06-24T09:21:34.947+0000][1][gc,age       ] GC(19) - age   1:    2956336 bytes,    2956336 total
[2019-06-24T09:21:34.947+0000][1][gc,age       ] GC(19) - age   2:    3833504 bytes,    6789840 total
[2019-06-24T09:21:34.947+0000][1][gc,age       ] GC(19) - age   3:     162592 bytes,    6952432 total
[2019-06-24T09:21:34.947+0000][1][gc,heap      ] GC(19) ParNew: 74929K->8199K(78656K)
[2019-06-24T09:21:34.947+0000][1][gc,heap      ] GC(19) CMS: 55670K->55670K(174784K)
[2019-06-24T09:21:34.947+0000][1][gc,metaspace ] GC(19) Metaspace: 47191K->47191K(1093632K)
[2019-06-24T09:21:34.947+0000][1][gc           ] GC(19) Pause Young (Allocation Failure) 127M->62M(247M) 5.842ms
[2019-06-24T09:21:34.947+0000][1][gc,cpu       ] GC(19) User=0.04s Sys=0.00s Real=0.01s
[2019-06-24T09:21:34.948+0000][1][safepoint    ] Leaving safepoint region
[2019-06-24T09:21:34.948+0000][1][safepoint    ] Total time for which application threads were stopped: 0.0060083 seconds, Stopping threads took: 0.0000173 seconds
[2019-06-24T09:21:34.956+0000][1][safepoint    ] Application time: 0.0084904 seconds
[2019-06-24T09:21:34.956+0000][1][safepoint    ] Entering safepoint region: RevokeBias
[2019-06-24T09:21:34.956+0000][1][safepoint    ] Leaving safepoint region
[2019-06-24T09:21:34.956+0000][1][safepoint    ] Total time for which application threads were stopped: 0.0000490 seconds, Stopping threads took: 0.0000125 seconds
[2019-06-24T09:21:34.969+0000][1][safepoint    ] Application time: 0.0128320 seconds
[2019-06-24T09:21:34.969+0000][1][safepoint    ] Entering safepoint region: RevokeBias
[2019-06-24T09:21:34.969+0000][1][safepoint    ] Leaving safepoint region
[2019-06-24T09:21:34.969+0000][1][safepoint    ] Total time for which application threads were stopped: 0.0000537 seconds, Stopping threads took: 0.0000120 seconds
[2019-06-24T09:21:35.151+0000][1][safepoint    ] Application time: 0.1818031 seconds
[2019-06-24T09:21:35.151+0000][1][safepoint    ] Entering safepoint region: RevokeBias
[2019-06-24T09:21:35.151+0000][1][safepoint    ] Leaving safepoint region
[2019-06-24T09:21:35.151+0000][1][safepoint    ] Total time for which application threads were stopped: 0.0000675 seconds, Stopping threads took: 0.0000140 seconds
[2019-06-24T09:21:35.456+0000][1][safepoint    ] Application time: 0.3046006 seconds
[2019-06-24T09:21:35.456+0000][1][safepoint    ] Entering safepoint region: GenCollectForAllocation
[2019-06-24T09:21:35.456+0000][1][gc,start     ] GC(20) Pause Young (Allocation Failure)
[2019-06-24T09:21:35.456+0000][1][gc,task      ] GC(20) Using 5 workers of 8 for evacuation
[2019-06-24T09:21:35.466+0000][1][gc,age       ] GC(20) Desired survivor size 4456448 bytes, new threshold 6 (max threshold 6)
[2019-06-24T09:21:35.466+0000][1][gc,age       ] GC(20) Age table with threshold 6 (max threshold 6)
[2019-06-24T09:21:35.466+0000][1][gc,age       ] GC(20) - age   1:    1558088 bytes,    1558088 total
[2019-06-24T09:21:35.466+0000][1][gc,age       ] GC(20) - age   2:    2880376 bytes,    4438464 total
[2019-06-24T09:21:35.466+0000][1][gc,heap      ] GC(20) ParNew: 78151K->5946K(78656K)
[2019-06-24T09:21:35.466+0000][1][gc,heap      ] GC(20) CMS: 55670K->59687K(174784K)
[2019-06-24T09:21:35.466+0000][1][gc,metaspace ] GC(20) Metaspace: 53986K->53986K(1099776K)
[2019-06-24T09:21:35.466+0000][1][gc           ] GC(20) Pause Young (Allocation Failure) 130M->64M(247M) 9.993ms
[2019-06-24T09:21:35.466+0000][1][gc,cpu       ] GC(20) User=0.05s Sys=0.00s Real=0.01s
[2019-06-24T09:21:35.466+0000][1][safepoint    ] Leaving safepoint region
[2019-06-24T09:21:35.466+0000][1][safepoint    ] Total time for which application threads were stopped: 0.0106693 seconds, Stopping threads took: 0.0000996 seconds
[2019-06-24T09:21:35.600+0000][1][safepoint    ] Application time: 0.1340486 seconds
[2019-06-24T09:21:35.600+0000][1][safepoint    ] Entering safepoint region: Deoptimize
[2019-06-24T09:21:35.601+0000][1][safepoint    ] Leaving safepoint region
[2019-06-24T09:21:35.601+0000][1][safepoint    ] Total time for which application threads were stopped: 0.0007473 seconds, Stopping threads took: 0.0000113 seconds
[2019-06-24T09:21:35.632+0000][1][safepoint    ] Application time: 0.0309458 seconds
[2019-06-24T09:21:35.632+0000][1][safepoint    ] Entering safepoint region: RevokeBias
[2019-06-24T09:21:35.632+0000][1][safepoint    ] Leaving safepoint region
[2019-06-24T09:21:35.632+0000][1][safepoint    ] Total time for which application threads were stopped: 0.0000766 seconds, Stopping threads took: 0.0000126 seconds
[2019-06-24T09:21:35.632+0000][1][safepoint    ] Application time: 0.0001281 seconds
[2019-06-24T09:21:35.632+0000][1][safepoint    ] Entering safepoint region: RevokeBias
[2019-06-24T09:21:35.632+0000][1][safepoint    ] Leaving safepoint region
[2019-06-24T09:21:35.632+0000][1][safepoint    ] Total time for which application threads were stopped: 0.0000456 seconds, Stopping threads took: 0.0000092 seconds
[2019-06-24T09:21:35.633+0000][1][safepoint    ] Application time: 0.0001966 seconds
[2019-06-24T09:21:35.633+0000][1][safepoint    ] Entering safepoint region: RevokeBias
[2019-06-24T09:21:35.633+0000][1][safepoint    ] Leaving safepoint region
[2019-06-24T09:21:35.633+0000][1][safepoint    ] Total time for which application threads were stopped: 0.0000459 seconds, Stopping threads took: 0.0000090 seconds
[2019-06-24T09:21:35.635+0000][1][safepoint    ] Application time: 0.0023692 seconds
[2019-06-24T09:21:35.635+0000][1][safepoint    ] Entering safepoint region: RevokeBias
[2019-06-24T09:21:35.635+0000][1][safepoint    ] Leaving safepoint region
[2019-06-24T09:21:35.635+0000][1][safepoint    ] Total time for which application threads were stopped: 0.0000798 seconds, Stopping threads took: 0.0000356 seconds
[2019-06-24T09:21:35.789+0000][1][safepoint    ] Application time: 0.1541003 seconds
[2019-06-24T09:21:35.789+0000][1][safepoint    ] Entering safepoint region: Deoptimize
[2019-06-24T09:21:35.790+0000][1][safepoint    ] Leaving safepoint region
[2019-06-24T09:21:35.791+0000][1][safepoint    ] Total time for which application threads were stopped: 0.0012584 seconds, Stopping threads took: 0.0000307 seconds
[2019-06-24T09:21:35.834+0000][1][safepoint    ] Application time: 0.0436534 seconds
[2019-06-24T09:21:35.834+0000][1][safepoint    ] Entering safepoint region: RevokeBias
[2019-06-24T09:21:35.834+0000][1][safepoint    ] Leaving safepoint region
[2019-06-24T09:21:35.834+0000][1][safepoint    ] Total time for which application threads were stopped: 0.0001728 seconds, Stopping threads took: 0.0000749 seconds
[2019-06-24T09:21:35.834+0000][1][safepoint    ] Application time: 0.0000807 seconds
[2019-06-24T09:21:35.834+0000][1][safepoint    ] Entering safepoint region: RevokeBias
[2019-06-24T09:21:35.835+0000][1][safepoint    ] Leaving safepoint region
[2019-06-24T09:21:35.835+0000][1][safepoint    ] Total time for which application threads were stopped: 0.0000760 seconds, Stopping threads took: 0.0000108 seconds
[2019-06-24T09:21:35.835+0000][1][safepoint    ] Application time: 0.0006669 seconds
[2019-06-24T09:21:35.835+0000][1][safepoint    ] Entering safepoint region: RevokeBias
[2019-06-24T09:21:35.835+0000][1][safepoint    ] Leaving safepoint region
[2019-06-24T09:21:35.835+0000][1][safepoint    ] Total time for which application threads were stopped: 0.0002025 seconds, Stopping threads took: 0.0001397 seconds
[2019-06-24T09:21:35.836+0000][1][safepoint    ] Application time: 0.0000579 seconds
[2019-06-24T09:21:35.836+0000][1][safepoint    ] Entering safepoint region: RevokeBias
[2019-06-24T09:21:35.836+0000][1][safepoint    ] Leaving safepoint region
[2019-06-24T09:21:35.836+0000][1][safepoint    ] Total time for which application threads were stopped: 0.0001358 seconds, Stopping threads took: 0.0000937 seconds
[2019-06-24T09:21:35.836+0000][1][safepoint    ] Application time: 0.0000413 seconds
[2019-06-24T09:21:35.836+0000][1][safepoint    ] Entering safepoint region: RevokeBias
[2019-06-24T09:21:35.836+0000][1][safepoint    ] Leaving safepoint region
[2019-06-24T09:21:35.836+0000][1][safepoint    ] Total time for which application threads were stopped: 0.0000973 seconds, Stopping threads took: 0.0000564 seconds
[2019-06-24T09:21:35.836+0000][1][safepoint    ] Application time: 0.0000961 seconds
[2019-06-24T09:21:35.836+0000][1][safepoint    ] Entering safepoint region: RevokeBias
[2019-06-24T09:21:35.836+0000][1][safepoint    ] Leaving safepoint region
[2019-06-24T09:21:35.836+0000][1][safepoint    ] Total time for which application threads were stopped: 0.0000725 seconds, Stopping threads took: 0.0000485 seconds
[2019-06-24T09:21:35.836+0000][1][safepoint    ] Application time: 0.0000458 seconds
[2019-06-24T09:21:35.836+0000][1][safepoint    ] Entering safepoint region: RevokeBias
[2019-06-24T09:21:35.836+0000][1][safepoint    ] Leaving safepoint region
[2019-06-24T09:21:35.836+0000][1][safepoint    ] Total time for which application threads were stopped: 0.0000693 seconds, Stopping threads took: 0.0000316 seconds
[2019-06-24T09:21:36.117+0000][1][safepoint    ] Application time: 0.2808286 seconds
[2019-06-24T09:21:36.117+0000][1][safepoint    ] Entering safepoint region: BulkRevokeBias
[2019-06-24T09:21:36.117+0000][1][safepoint    ] Leaving safepoint region
[2019-06-24T09:21:36.117+0000][1][safepoint    ] Total time for which application threads were stopped: 0.0001478 seconds, Stopping threads took: 0.0000143 seconds
[2019-06-24T09:21:36.165+0000][1][safepoint    ] Application time: 0.0479273 seconds
[2019-06-24T09:21:36.165+0000][1][safepoint    ] Entering safepoint region: RevokeBias
[2019-06-24T09:21:36.165+0000][1][safepoint    ] Leaving safepoint region
[2019-06-24T09:21:36.165+0000][1][safepoint    ] Total time for which application threads were stopped: 0.0000740 seconds, Stopping threads took: 0.0000189 seconds
[2019-06-24T09:21:36.165+0000][1][safepoint    ] Application time: 0.0001185 seconds
[2019-06-24T09:21:36.165+0000][1][safepoint    ] Entering safepoint region: RevokeBias
[2019-06-24T09:21:36.165+0000][1][safepoint    ] Leaving safepoint region
[2019-06-24T09:21:36.165+0000][1][safepoint    ] Total time for which application threads were stopped: 0.0000621 seconds, Stopping threads took: 0.0000235 seconds
[2019-06-24T09:21:36.166+0000][1][safepoint    ] Application time: 0.0000634 seconds
[2019-06-24T09:21:36.166+0000][1][safepoint    ] Entering safepoint region: RevokeBias
[2019-06-24T09:21:36.166+0000][1][safepoint    ] Leaving safepoint region
[2019-06-24T09:21:36.166+0000][1][safepoint    ] Total time for which application threads were stopped: 0.0000439 seconds, Stopping threads took: 0.0000112 seconds
[2019-06-24T09:21:36.166+0000][1][safepoint    ] Application time: 0.0000715 seconds
[2019-06-24T09:21:36.166+0000][1][safepoint    ] Entering safepoint region: RevokeBias
[2019-06-24T09:21:36.166+0000][1][safepoint    ] Leaving safepoint region
[2019-06-24T09:21:36.166+0000][1][safepoint    ] Total time for which application threads were stopped: 0.0000452 seconds, Stopping threads took: 0.0000112 seconds
[2019-06-24T09:21:36.166+0000][1][safepoint    ] Application time: 0.0000708 seconds
[2019-06-24T09:21:36.166+0000][1][safepoint    ] Entering safepoint region: RevokeBias
[2019-06-24T09:21:36.166+0000][1][safepoint    ] Leaving safepoint region
[2019-06-24T09:21:36.166+0000][1][safepoint    ] Total time for which application threads were stopped: 0.0000423 seconds, Stopping threads took: 0.0000109 seconds
[2019-06-24T09:21:36.166+0000][1][safepoint    ] Application time: 0.0001350 seconds
[2019-06-24T09:21:36.166+0000][1][safepoint    ] Entering safepoint region: RevokeBias
[2019-06-24T09:21:36.166+0000][1][safepoint    ] Leaving safepoint region
[2019-06-24T09:21:36.166+0000][1][safepoint    ] Total time for which application threads were stopped: 0.0000426 seconds, Stopping threads took: 0.0000101 seconds
[2019-06-24T09:21:36.166+0000][1][safepoint    ] Application time: 0.0000515 seconds
[2019-06-24T09:21:36.166+0000][1][safepoint    ] Entering safepoint region: RevokeBias
[2019-06-24T09:21:36.166+0000][1][safepoint    ] Leaving safepoint region
[2019-06-24T09:21:36.166+0000][1][safepoint    ] Total time for which application threads were stopped: 0.0000408 seconds, Stopping threads took: 0.0000103 seconds
[2019-06-24T09:21:36.166+0000][1][safepoint    ] Application time: 0.0000778 seconds
[2019-06-24T09:21:36.166+0000][1][safepoint    ] Entering safepoint region: RevokeBias
[2019-06-24T09:21:36.166+0000][1][safepoint    ] Leaving safepoint region
[2019-06-24T09:21:36.166+0000][1][safepoint    ] Total time for which application threads were stopped: 0.0000388 seconds, Stopping threads took: 0.0000092 seconds
[2019-06-24T09:21:36.166+0000][1][safepoint    ] Application time: 0.0000955 seconds
[2019-06-24T09:21:36.166+0000][1][safepoint    ] Entering safepoint region: RevokeBias
[2019-06-24T09:21:36.166+0000][1][safepoint    ] Leaving safepoint region
[2019-06-24T09:21:36.166+0000][1][safepoint    ] Total time for which application threads were stopped: 0.0000371 seconds, Stopping threads took: 0.0000092 seconds
[2019-06-24T09:21:36.167+0000][1][safepoint    ] Application time: 0.0001302 seconds
[2019-06-24T09:21:36.167+0000][1][safepoint    ] Entering safepoint region: BulkRevokeBias
[2019-06-24T09:21:36.167+0000][1][safepoint    ] Leaving safepoint region
[2019-06-24T09:21:36.167+0000][1][safepoint    ] Total time for which application threads were stopped: 0.0001296 seconds, Stopping threads took: 0.0000098 seconds
[2019-06-24T09:21:36.181+0000][1][safepoint    ] Application time: 0.0145918 seconds
[2019-06-24T09:21:36.181+0000][1][safepoint    ] Entering safepoint region: GenCollectForAllocation
[2019-06-24T09:21:36.181+0000][1][gc,start     ] GC(21) Pause Young (Allocation Failure)
[2019-06-24T09:21:36.181+0000][1][gc,task      ] GC(21) Using 5 workers of 8 for evacuation
[2019-06-24T09:21:36.190+0000][1][gc,age       ] GC(21) Desired survivor size 4456448 bytes, new threshold 2 (max threshold 6)
[2019-06-24T09:21:36.190+0000][1][gc,age       ] GC(21) Age table with threshold 2 (max threshold 6)
[2019-06-24T09:21:36.190+0000][1][gc,age       ] GC(21) - age   1:    3470352 bytes,    3470352 total
[2019-06-24T09:21:36.190+0000][1][gc,age       ] GC(21) - age   2:    1368992 bytes,    4839344 total
[2019-06-24T09:21:36.190+0000][1][gc,age       ] GC(21) - age   3:    2762024 bytes,    7601368 total
[2019-06-24T09:21:36.190+0000][1][gc,heap      ] GC(21) ParNew: 75898K->8704K(78656K)
[2019-06-24T09:21:36.190+0000][1][gc,heap      ] GC(21) CMS: 59687K->60262K(174784K)
[2019-06-24T09:21:36.190+0000][1][gc,metaspace ] GC(21) Metaspace: 61998K->61998K(1105920K)
[2019-06-24T09:21:36.190+0000][1][gc           ] GC(21) Pause Young (Allocation Failure) 132M->67M(247M) 8.198ms
[2019-06-24T09:21:36.190+0000][1][gc,cpu       ] GC(21) User=0.06s Sys=0.00s Real=0.01s
[2019-06-24T09:21:36.190+0000][1][safepoint    ] Leaving safepoint region
[2019-06-24T09:21:36.190+0000][1][safepoint    ] Total time for which application threads were stopped: 0.0083481 seconds, Stopping threads took: 0.0000173 seconds
[2019-06-24T09:21:36.223+0000][1][safepoint    ] Application time: 0.0327848 seconds
[2019-06-24T09:21:36.223+0000][1][safepoint    ] Entering safepoint region: Deoptimize
[2019-06-24T09:21:36.223+0000][1][safepoint    ] Leaving safepoint region
[2019-06-24T09:21:36.223+0000][1][safepoint    ] Total time for which application threads were stopped: 0.0004675 seconds, Stopping threads took: 0.0000167 seconds
[2019-06-24T09:21:36.229+0000][1][safepoint    ] Application time: 0.0058379 seconds
[2019-06-24T09:21:36.229+0000][1][safepoint    ] Entering safepoint region: RevokeBias
[2019-06-24T09:21:36.229+0000][1][safepoint    ] Leaving safepoint region
[2019-06-24T09:21:36.229+0000][1][safepoint    ] Total time for which application threads were stopped: 0.0001084 seconds, Stopping threads took: 0.0000523 seconds
[2019-06-24T09:21:36.229+0000][1][safepoint    ] Application time: 0.0003967 seconds
[2019-06-24T09:21:36.229+0000][1][safepoint    ] Entering safepoint region: RevokeBias
[2019-06-24T09:21:36.229+0000][1][safepoint    ] Leaving safepoint region
[2019-06-24T09:21:36.229+0000][1][safepoint    ] Total time for which application threads were stopped: 0.0000538 seconds, Stopping threads took: 0.0000120 seconds
[2019-06-24T09:21:36.230+0000][1][safepoint    ] Application time: 0.0006690 seconds
[2019-06-24T09:21:36.230+0000][1][safepoint    ] Entering safepoint region: RevokeBias
[2019-06-24T09:21:36.230+0000][1][safepoint    ] Leaving safepoint region
[2019-06-24T09:21:36.230+0000][1][safepoint    ] Total time for which application threads were stopped: 0.0000568 seconds, Stopping threads took: 0.0000122 seconds
[2019-06-24T09:21:36.231+0000][1][safepoint    ] Application time: 0.0003768 seconds
[2019-06-24T09:21:36.231+0000][1][safepoint    ] Entering safepoint region: RevokeBias
[2019-06-24T09:21:36.231+0000][1][safepoint    ] Leaving safepoint region
[2019-06-24T09:21:36.231+0000][1][safepoint    ] Total time for which application threads were stopped: 0.0000634 seconds, Stopping threads took: 0.0000122 seconds
[2019-06-24T09:21:36.231+0000][1][safepoint    ] Application time: 0.0000842 seconds
[2019-06-24T09:21:36.231+0000][1][safepoint    ] Entering safepoint region: RevokeBias
[2019-06-24T09:21:36.231+0000][1][safepoint    ] Leaving safepoint region
[2019-06-24T09:21:36.231+0000][1][safepoint    ] Total time for which application threads were stopped: 0.0000599 seconds, Stopping threads took: 0.0000112 seconds
[2019-06-24T09:21:36.231+0000][1][safepoint    ] Application time: 0.0001935 seconds
[2019-06-24T09:21:36.231+0000][1][safepoint    ] Entering safepoint region: RevokeBias
[2019-06-24T09:21:36.231+0000][1][safepoint    ] Leaving safepoint region
[2019-06-24T09:21:36.231+0000][1][safepoint    ] Total time for which application threads were stopped: 0.0000578 seconds, Stopping threads took: 0.0000110 seconds
[2019-06-24T09:21:36.231+0000][1][safepoint    ] Application time: 0.0002012 seconds
[2019-06-24T09:21:36.231+0000][1][safepoint    ] Entering safepoint region: RevokeBias
[2019-06-24T09:21:36.231+0000][1][safepoint    ] Leaving safepoint region
[2019-06-24T09:21:36.231+0000][1][safepoint    ] Total time for which application threads were stopped: 0.0000624 seconds, Stopping threads took: 0.0000211 seconds
[2019-06-24T09:21:36.232+0000][1][safepoint    ] Application time: 0.0001828 seconds
[2019-06-24T09:21:36.232+0000][1][safepoint    ] Entering safepoint region: RevokeBias
[2019-06-24T09:21:36.232+0000][1][safepoint    ] Leaving safepoint region
[2019-06-24T09:21:36.232+0000][1][safepoint    ] Total time for which application threads were stopped: 0.0000540 seconds, Stopping threads took: 0.0000110 seconds
[2019-06-24T09:21:36.232+0000][1][safepoint    ] Application time: 0.0000390 seconds
[2019-06-24T09:21:36.232+0000][1][safepoint    ] Entering safepoint region: RevokeBias
[2019-06-24T09:21:36.232+0000][1][safepoint    ] Leaving safepoint region
[2019-06-24T09:21:36.232+0000][1][safepoint    ] Total time for which application threads were stopped: 0.0000543 seconds, Stopping threads took: 0.0000107 seconds
[2019-06-24T09:21:36.232+0000][1][safepoint    ] Application time: 0.0004192 seconds
[2019-06-24T09:21:36.232+0000][1][safepoint    ] Entering safepoint region: RevokeBias
[2019-06-24T09:21:36.232+0000][1][safepoint    ] Leaving safepoint region
[2019-06-24T09:21:36.232+0000][1][safepoint    ] Total time for which application threads were stopped: 0.0000526 seconds, Stopping threads took: 0.0000111 seconds
[2019-06-24T09:21:36.233+0000][1][safepoint    ] Application time: 0.0007575 seconds
[2019-06-24T09:21:36.233+0000][1][safepoint    ] Entering safepoint region: RevokeBias
[2019-06-24T09:21:36.233+0000][1][safepoint    ] Leaving safepoint region
[2019-06-24T09:21:36.233+0000][1][safepoint    ] Total time for which application threads were stopped: 0.0000638 seconds, Stopping threads took: 0.0000120 seconds
[2019-06-24T09:21:36.233+0000][1][safepoint    ] Application time: 0.0000827 seconds
[2019-06-24T09:21:36.233+0000][1][safepoint    ] Entering safepoint region: RevokeBias
[2019-06-24T09:21:36.233+0000][1][safepoint    ] Leaving safepoint region
[2019-06-24T09:21:36.233+0000][1][safepoint    ] Total time for which application threads were stopped: 0.0000522 seconds, Stopping threads took: 0.0000112 seconds
[2019-06-24T09:21:36.235+0000][1][safepoint    ] Application time: 0.0013849 seconds
[2019-06-24T09:21:36.235+0000][1][safepoint    ] Entering safepoint region: RevokeBias
[2019-06-24T09:21:36.235+0000][1][safepoint    ] Leaving safepoint region
[2019-06-24T09:21:36.235+0000][1][safepoint    ] Total time for which application threads were stopped: 0.0000697 seconds, Stopping threads took: 0.0000256 seconds
[2019-06-24T09:21:36.235+0000][1][safepoint    ] Application time: 0.0000888 seconds
[2019-06-24T09:21:36.235+0000][1][safepoint    ] Entering safepoint region: RevokeBias
[2019-06-24T09:21:36.235+0000][1][safepoint    ] Leaving safepoint region
[2019-06-24T09:21:36.235+0000][1][safepoint    ] Total time for which application threads were stopped: 0.0000662 seconds, Stopping threads took: 0.0000236 seconds
[2019-06-24T09:21:36.236+0000][1][safepoint    ] Application time: 0.0008058 seconds
[2019-06-24T09:21:36.236+0000][1][safepoint    ] Entering safepoint region: RevokeBias
[2019-06-24T09:21:36.236+0000][1][safepoint    ] Leaving safepoint region
[2019-06-24T09:21:36.236+0000][1][safepoint    ] Total time for which application threads were stopped: 0.0001063 seconds, Stopping threads took: 0.0000422 seconds
[2019-06-24T09:21:36.236+0000][1][safepoint    ] Application time: 0.0001288 seconds
[2019-06-24T09:21:36.236+0000][1][safepoint    ] Entering safepoint region: RevokeBias
[2019-06-24T09:21:36.236+0000][1][safepoint    ] Leaving safepoint region
[2019-06-24T09:21:36.236+0000][1][safepoint    ] Total time for which application threads were stopped: 0.0000689 seconds, Stopping threads took: 0.0000253 seconds
[2019-06-24T09:21:36.236+0000][1][safepoint    ] Application time: 0.0001520 seconds
[2019-06-24T09:21:36.236+0000][1][safepoint    ] Entering safepoint region: RevokeBias
[2019-06-24T09:21:36.236+0000][1][safepoint    ] Leaving safepoint region
[2019-06-24T09:21:36.236+0000][1][safepoint    ] Total time for which application threads were stopped: 0.0000823 seconds, Stopping threads took: 0.0000472 seconds
[2019-06-24T09:21:36.237+0000][1][safepoint    ] Application time: 0.0004372 seconds
[2019-06-24T09:21:36.237+0000][1][safepoint    ] Entering safepoint region: RevokeBias
[2019-06-24T09:21:36.237+0000][1][safepoint    ] Leaving safepoint region
[2019-06-24T09:21:36.237+0000][1][safepoint    ] Total time for which application threads were stopped: 0.0001408 seconds, Stopping threads took: 0.0000655 seconds
[2019-06-24T09:21:36.238+0000][1][safepoint    ] Application time: 0.0008469 seconds
[2019-06-24T09:21:36.238+0000][1][safepoint    ] Entering safepoint region: RevokeBias
[2019-06-24T09:21:36.238+0000][1][safepoint    ] Leaving safepoint region
[2019-06-24T09:21:36.238+0000][1][safepoint    ] Total time for which application threads were stopped: 0.0003317 seconds, Stopping threads took: 0.0001318 seconds
[2019-06-24T09:21:36.239+0000][1][safepoint    ] Application time: 0.0003062 seconds
[2019-06-24T09:21:36.239+0000][1][safepoint    ] Entering safepoint region: RevokeBias
[2019-06-24T09:21:36.239+0000][1][safepoint    ] Leaving safepoint region
[2019-06-24T09:21:36.239+0000][1][safepoint    ] Total time for which application threads were stopped: 0.0002085 seconds, Stopping threads took: 0.0001254 seconds
[2019-06-24T09:21:36.239+0000][1][safepoint    ] Application time: 0.0002755 seconds
[2019-06-24T09:21:36.239+0000][1][safepoint    ] Entering safepoint region: RevokeBias
[2019-06-24T09:21:36.239+0000][1][safepoint    ] Leaving safepoint region
[2019-06-24T09:21:36.239+0000][1][safepoint    ] Total time for which application threads were stopped: 0.0002382 seconds, Stopping threads took: 0.0001482 seconds
[2019-06-24T09:21:36.240+0000][1][safepoint    ] Application time: 0.0005788 seconds
[2019-06-24T09:21:36.240+0000][1][safepoint    ] Entering safepoint region: RevokeBias
[2019-06-24T09:21:36.240+0000][1][safepoint    ] Leaving safepoint region
[2019-06-24T09:21:36.240+0000][1][safepoint    ] Total time for which application threads were stopped: 0.0002233 seconds, Stopping threads took: 0.0001409 seconds
[2019-06-24T09:21:36.240+0000][1][safepoint    ] Application time: 0.0001244 seconds
[2019-06-24T09:21:36.240+0000][1][safepoint    ] Entering safepoint region: RevokeBias
[2019-06-24T09:21:36.240+0000][1][safepoint    ] Leaving safepoint region
[2019-06-24T09:21:36.240+0000][1][safepoint    ] Total time for which application threads were stopped: 0.0000787 seconds, Stopping threads took: 0.0000394 seconds
[2019-06-24T09:21:36.241+0000][1][safepoint    ] Application time: 0.0003527 seconds
[2019-06-24T09:21:36.241+0000][1][safepoint    ] Entering safepoint region: RevokeBias
[2019-06-24T09:21:36.241+0000][1][safepoint    ] Leaving safepoint region
[2019-06-24T09:21:36.241+0000][1][safepoint    ] Total time for which application threads were stopped: 0.0001365 seconds, Stopping threads took: 0.0000662 seconds
[2019-06-24T09:21:36.241+0000][1][safepoint    ] Application time: 0.0001343 seconds
[2019-06-24T09:21:36.241+0000][1][safepoint    ] Entering safepoint region: RevokeBias
[2019-06-24T09:21:36.241+0000][1][safepoint    ] Leaving safepoint region
[2019-06-24T09:21:36.241+0000][1][safepoint    ] Total time for which application threads were stopped: 0.0000888 seconds, Stopping threads took: 0.0000449 seconds
[2019-06-24T09:21:36.241+0000][1][safepoint    ] Application time: 0.0001086 seconds
[2019-06-24T09:21:36.241+0000][1][safepoint    ] Entering safepoint region: RevokeBias
[2019-06-24T09:21:36.241+0000][1][safepoint    ] Leaving safepoint region
[2019-06-24T09:21:36.241+0000][1][safepoint    ] Total time for which application threads were stopped: 0.0000574 seconds, Stopping threads took: 0.0000261 seconds
[2019-06-24T09:21:36.241+0000][1][safepoint    ] Application time: 0.0000894 seconds
[2019-06-24T09:21:36.241+0000][1][safepoint    ] Entering safepoint region: RevokeBias
[2019-06-24T09:21:36.241+0000][1][safepoint    ] Leaving safepoint region
[2019-06-24T09:21:36.242+0000][1][safepoint    ] Total time for which application threads were stopped: 0.0000698 seconds, Stopping threads took: 0.0000332 seconds
[2019-06-24T09:21:36.242+0000][1][safepoint    ] Application time: 0.0001793 seconds
[2019-06-24T09:21:36.242+0000][1][safepoint    ] Entering safepoint region: RevokeBias
[2019-06-24T09:21:36.242+0000][1][safepoint    ] Leaving safepoint region
[2019-06-24T09:21:36.242+0000][1][safepoint    ] Total time for which application threads were stopped: 0.0001067 seconds, Stopping threads took: 0.0000597 seconds
[2019-06-24T09:21:36.242+0000][1][safepoint    ] Application time: 0.0000953 seconds
[2019-06-24T09:21:36.242+0000][1][safepoint    ] Entering safepoint region: RevokeBias
[2019-06-24T09:21:36.242+0000][1][safepoint    ] Leaving safepoint region
[2019-06-24T09:21:36.242+0000][1][safepoint    ] Total time for which application threads were stopped: 0.0000804 seconds, Stopping threads took: 0.0000510 seconds
[2019-06-24T09:21:36.242+0000][1][safepoint    ] Application time: 0.0001590 seconds
[2019-06-24T09:21:36.242+0000][1][safepoint    ] Entering safepoint region: RevokeBias
[2019-06-24T09:21:36.242+0000][1][safepoint    ] Leaving safepoint region
[2019-06-24T09:21:36.242+0000][1][safepoint    ] Total time for which application threads were stopped: 0.0001220 seconds, Stopping threads took: 0.0000516 seconds
[2019-06-24T09:21:36.242+0000][1][safepoint    ] Application time: 0.0001253 seconds
[2019-06-24T09:21:36.243+0000][1][safepoint    ] Entering safepoint region: RevokeBias
[2019-06-24T09:21:36.243+0000][1][safepoint    ] Leaving safepoint region
[2019-06-24T09:21:36.243+0000][1][safepoint    ] Total time for which application threads were stopped: 0.0001094 seconds, Stopping threads took: 0.0000659 seconds
[2019-06-24T09:21:36.243+0000][1][safepoint    ] Application time: 0.0000723 seconds
[2019-06-24T09:21:36.243+0000][1][safepoint    ] Entering safepoint region: RevokeBias
[2019-06-24T09:21:36.243+0000][1][safepoint    ] Leaving safepoint region
[2019-06-24T09:21:36.243+0000][1][safepoint    ] Total time for which application threads were stopped: 0.0000655 seconds, Stopping threads took: 0.0000230 seconds
[2019-06-24T09:21:36.243+0000][1][safepoint    ] Application time: 0.0001667 seconds
[2019-06-24T09:21:36.243+0000][1][safepoint    ] Entering safepoint region: RevokeBias
[2019-06-24T09:21:36.243+0000][1][safepoint    ] Leaving safepoint region
[2019-06-24T09:21:36.243+0000][1][safepoint    ] Total time for which application threads were stopped: 0.0001608 seconds, Stopping threads took: 0.0001262 seconds
[2019-06-24T09:21:36.243+0000][1][safepoint    ] Application time: 0.0001884 seconds
[2019-06-24T09:21:36.243+0000][1][safepoint    ] Entering safepoint region: RevokeBias
[2019-06-24T09:21:36.243+0000][1][safepoint    ] Leaving safepoint region
[2019-06-24T09:21:36.243+0000][1][safepoint    ] Total time for which application threads were stopped: 0.0000634 seconds, Stopping threads took: 0.0000293 seconds
[2019-06-24T09:21:36.243+0000][1][safepoint    ] Application time: 0.0000703 seconds
[2019-06-24T09:21:36.244+0000][1][safepoint    ] Entering safepoint region: RevokeBias
[2019-06-24T09:21:36.244+0000][1][safepoint    ] Leaving safepoint region
[2019-06-24T09:21:36.244+0000][1][safepoint    ] Total time for which application threads were stopped: 0.0000626 seconds, Stopping threads took: 0.0000359 seconds
[2019-06-24T09:21:36.244+0000][1][safepoint    ] Application time: 0.0000983 seconds
[2019-06-24T09:21:36.244+0000][1][safepoint    ] Entering safepoint region: RevokeBias
[2019-06-24T09:21:36.244+0000][1][safepoint    ] Leaving safepoint region
[2019-06-24T09:21:36.244+0000][1][safepoint    ] Total time for which application threads were stopped: 0.0000587 seconds, Stopping threads took: 0.0000339 seconds
[2019-06-24T09:21:36.244+0000][1][safepoint    ] Application time: 0.0001380 seconds
[2019-06-24T09:21:36.244+0000][1][safepoint    ] Entering safepoint region: RevokeBias
[2019-06-24T09:21:36.244+0000][1][safepoint    ] Leaving safepoint region
[2019-06-24T09:21:36.244+0000][1][safepoint    ] Total time for which application threads were stopped: 0.0000541 seconds, Stopping threads took: 0.0000262 seconds
[2019-06-24T09:21:36.244+0000][1][safepoint    ] Application time: 0.0000726 seconds
[2019-06-24T09:21:36.244+0000][1][safepoint    ] Entering safepoint region: RevokeBias
[2019-06-24T09:21:36.244+0000][1][safepoint    ] Leaving safepoint region
[2019-06-24T09:21:36.244+0000][1][safepoint    ] Total time for which application threads were stopped: 0.0000516 seconds, Stopping threads took: 0.0000274 seconds
[2019-06-24T09:21:36.247+0000][1][safepoint    ] Application time: 0.0030490 seconds
[2019-06-24T09:21:36.247+0000][1][safepoint    ] Entering safepoint region: RevokeBias
[2019-06-24T09:21:36.247+0000][1][safepoint    ] Leaving safepoint region
[2019-06-24T09:21:36.247+0000][1][safepoint    ] Total time for which application threads were stopped: 0.0001351 seconds, Stopping threads took: 0.0000944 seconds
[2019-06-24T09:21:36.254+0000][1][safepoint    ] Application time: 0.0063508 seconds
[2019-06-24T09:21:36.254+0000][1][safepoint    ] Entering safepoint region: RevokeBias
[2019-06-24T09:21:36.254+0000][1][safepoint    ] Leaving safepoint region
[2019-06-24T09:21:36.254+0000][1][safepoint    ] Total time for which application threads were stopped: 0.0000468 seconds, Stopping threads took: 0.0000124 seconds
[2019-06-24T09:21:36.254+0000][1][safepoint    ] Application time: 0.0001321 seconds
[2019-06-24T09:21:36.254+0000][1][safepoint    ] Entering safepoint region: BulkRevokeBias
[2019-06-24T09:21:36.254+0000][1][safepoint    ] Leaving safepoint region
[2019-06-24T09:21:36.254+0000][1][safepoint    ] Total time for which application threads were stopped: 0.0001197 seconds, Stopping threads took: 0.0000098 seconds
[2019-06-24T09:21:36.838+0000][1][safepoint    ] Application time: 0.5840091 seconds
[2019-06-24T09:21:36.838+0000][1][safepoint    ] Entering safepoint region: RevokeBias
[2019-06-24T09:21:36.838+0000][1][safepoint    ] Leaving safepoint region
[2019-06-24T09:21:36.838+0000][1][safepoint    ] Total time for which application threads were stopped: 0.0001309 seconds, Stopping threads took: 0.0000369 seconds
[2019-06-24T09:21:36.839+0000][1][safepoint    ] Application time: 0.0003622 seconds
[2019-06-24T09:21:36.839+0000][1][safepoint    ] Entering safepoint region: RevokeBias
[2019-06-24T09:21:36.839+0000][1][safepoint    ] Leaving safepoint region
[2019-06-24T09:21:36.839+0000][1][safepoint    ] Total time for which application threads were stopped: 0.0001180 seconds, Stopping threads took: 0.0000357 seconds
[2019-06-24T09:21:37.108+0000][1][safepoint    ] Application time: 0.2691164 seconds
[2019-06-24T09:21:37.108+0000][1][safepoint    ] Entering safepoint region: RevokeBias
[2019-06-24T09:21:37.108+0000][1][safepoint    ] Leaving safepoint region
[2019-06-24T09:21:37.108+0000][1][safepoint    ] Total time for which application threads were stopped: 0.0001278 seconds, Stopping threads took: 0.0000365 seconds
[2019-06-24T09:21:37.109+0000][1][safepoint    ] Application time: 0.0002745 seconds
[2019-06-24T09:21:37.109+0000][1][safepoint    ] Entering safepoint region: RevokeBias
[2019-06-24T09:21:37.109+0000][1][safepoint    ] Leaving safepoint region
[2019-06-24T09:21:37.109+0000][1][safepoint    ] Total time for which application threads were stopped: 0.0000886 seconds, Stopping threads took: 0.0000304 seconds
[2019-06-24T09:21:37.109+0000][1][safepoint    ] Application time: 0.0002645 seconds
[2019-06-24T09:21:37.109+0000][1][safepoint    ] Entering safepoint region: RevokeBias
[2019-06-24T09:21:37.109+0000][1][safepoint    ] Leaving safepoint region
[2019-06-24T09:21:37.109+0000][1][safepoint    ] Total time for which application threads were stopped: 0.0000892 seconds, Stopping threads took: 0.0000309 seconds
[2019-06-24T09:21:37.109+0000][1][safepoint    ] Application time: 0.0002593 seconds
[2019-06-24T09:21:37.109+0000][1][safepoint    ] Entering safepoint region: RevokeBias
[2019-06-24T09:21:37.109+0000][1][safepoint    ] Leaving safepoint region
[2019-06-24T09:21:37.110+0000][1][safepoint    ] Total time for which application threads were stopped: 0.0001149 seconds, Stopping threads took: 0.0000545 seconds
[2019-06-24T09:21:37.110+0000][1][safepoint    ] Application time: 0.0002576 seconds
[2019-06-24T09:21:37.110+0000][1][safepoint    ] Entering safepoint region: RevokeBias
[2019-06-24T09:21:37.110+0000][1][safepoint    ] Leaving safepoint region
[2019-06-24T09:21:37.110+0000][1][safepoint    ] Total time for which application threads were stopped: 0.0000885 seconds, Stopping threads took: 0.0000304 seconds
[2019-06-24T09:21:37.110+0000][1][safepoint    ] Application time: 0.0002661 seconds
[2019-06-24T09:21:37.110+0000][1][safepoint    ] Entering safepoint region: RevokeBias
[2019-06-24T09:21:37.110+0000][1][safepoint    ] Leaving safepoint region
[2019-06-24T09:21:37.110+0000][1][safepoint    ] Total time for which application threads were stopped: 0.0000880 seconds, Stopping threads took: 0.0000302 seconds
[2019-06-24T09:21:37.111+0000][1][safepoint    ] Application time: 0.0002560 seconds
[2019-06-24T09:21:37.111+0000][1][safepoint    ] Entering safepoint region: RevokeBias
[2019-06-24T09:21:37.111+0000][1][safepoint    ] Leaving safepoint region
[2019-06-24T09:21:37.111+0000][1][safepoint    ] Total time for which application threads were stopped: 0.0000886 seconds, Stopping threads took: 0.0000306 seconds
[2019-06-24T09:21:37.111+0000][1][safepoint    ] Application time: 0.0001605 seconds
[2019-06-24T09:21:37.111+0000][1][safepoint    ] Entering safepoint region: RevokeBias
[2019-06-24T09:21:37.111+0000][1][safepoint    ] Leaving safepoint region
[2019-06-24T09:21:37.111+0000][1][safepoint    ] Total time for which application threads were stopped: 0.0000675 seconds, Stopping threads took: 0.0000226 seconds
[2019-06-24T09:21:37.122+0000][1][safepoint    ] Application time: 0.0107865 seconds
[2019-06-24T09:21:37.122+0000][1][safepoint    ] Entering safepoint region: RevokeBias
[2019-06-24T09:21:37.122+0000][1][safepoint    ] Leaving safepoint region
[2019-06-24T09:21:37.122+0000][1][safepoint    ] Total time for which application threads were stopped: 0.0000895 seconds, Stopping threads took: 0.0000309 seconds
[2019-06-24T09:21:37.124+0000][1][safepoint    ] Application time: 0.0014948 seconds
[2019-06-24T09:21:37.124+0000][1][safepoint    ] Entering safepoint region: RevokeBias
[2019-06-24T09:21:37.124+0000][1][safepoint    ] Leaving safepoint region
[2019-06-24T09:21:37.124+0000][1][safepoint    ] Total time for which application threads were stopped: 0.0001746 seconds, Stopping threads took: 0.0001004 seconds
[2019-06-24T09:21:37.124+0000][1][safepoint    ] Application time: 0.0002358 seconds
[2019-06-24T09:21:37.124+0000][1][safepoint    ] Entering safepoint region: RevokeBias
[2019-06-24T09:21:37.124+0000][1][safepoint    ] Leaving safepoint region
[2019-06-24T09:21:37.124+0000][1][safepoint    ] Total time for which application threads were stopped: 0.0001172 seconds, Stopping threads took: 0.0000565 seconds
[2019-06-24T09:21:37.126+0000][1][safepoint    ] Application time: 0.0021795 seconds
[2019-06-24T09:21:37.126+0000][1][safepoint    ] Entering safepoint region: RevokeBias
[2019-06-24T09:21:37.127+0000][1][safepoint    ] Leaving safepoint region
[2019-06-24T09:21:37.127+0000][1][safepoint    ] Total time for which application threads were stopped: 0.0001551 seconds, Stopping threads took: 0.0000324 seconds
[2019-06-24T09:21:37.127+0000][1][safepoint    ] Application time: 0.0002243 seconds
[2019-06-24T09:21:37.127+0000][1][safepoint    ] Entering safepoint region: RevokeBias
[2019-06-24T09:21:37.127+0000][1][safepoint    ] Leaving safepoint region
[2019-06-24T09:21:37.127+0000][1][safepoint    ] Total time for which application threads were stopped: 0.0001663 seconds, Stopping threads took: 0.0000843 seconds
[2019-06-24T09:21:37.131+0000][1][safepoint    ] Application time: 0.0040954 seconds
[2019-06-24T09:21:37.131+0000][1][safepoint    ] Entering safepoint region: RevokeBias
[2019-06-24T09:21:37.131+0000][1][safepoint    ] Leaving safepoint region
[2019-06-24T09:21:37.131+0000][1][safepoint    ] Total time for which application threads were stopped: 0.0001350 seconds, Stopping threads took: 0.0000538 seconds
[2019-06-24T09:21:37.142+0000][1][safepoint    ] Application time: 0.0104321 seconds
[2019-06-24T09:21:37.142+0000][1][safepoint    ] Entering safepoint region: RevokeBias
[2019-06-24T09:21:37.142+0000][1][safepoint    ] Leaving safepoint region
[2019-06-24T09:21:37.142+0000][1][safepoint    ] Total time for which application threads were stopped: 0.0000522 seconds, Stopping threads took: 0.0000138 seconds
[2019-06-24T09:21:37.142+0000][1][safepoint    ] Application time: 0.0001824 seconds
[2019-06-24T09:21:37.142+0000][1][safepoint    ] Entering safepoint region: RevokeBias
[2019-06-24T09:21:37.142+0000][1][safepoint    ] Leaving safepoint region
[2019-06-24T09:21:37.142+0000][1][safepoint    ] Total time for which application threads were stopped: 0.0001297 seconds, Stopping threads took: 0.0000989 seconds
[2019-06-24T09:21:37.142+0000][1][safepoint    ] Application time: 0.0001611 seconds
[2019-06-24T09:21:37.142+0000][1][safepoint    ] Entering safepoint region: RevokeBias
[2019-06-24T09:21:37.142+0000][1][safepoint    ] Leaving safepoint region
[2019-06-24T09:21:37.142+0000][1][safepoint    ] Total time for which application threads were stopped: 0.0000395 seconds, Stopping threads took: 0.0000111 seconds
[2019-06-24T09:21:37.143+0000][1][safepoint    ] Application time: 0.0006233 seconds
[2019-06-24T09:21:37.143+0000][1][safepoint    ] Entering safepoint region: RevokeBias
[2019-06-24T09:21:37.143+0000][1][safepoint    ] Leaving safepoint region
[2019-06-24T09:21:37.143+0000][1][safepoint    ] Total time for which application threads were stopped: 0.0000447 seconds, Stopping threads took: 0.0000114 seconds
[2019-06-24T09:21:37.143+0000][1][safepoint    ] Application time: 0.0001648 seconds
[2019-06-24T09:21:37.143+0000][1][safepoint    ] Entering safepoint region: RevokeBias
[2019-06-24T09:21:37.143+0000][1][safepoint    ] Leaving safepoint region
[2019-06-24T09:21:37.143+0000][1][safepoint    ] Total time for which application threads were stopped: 0.0000411 seconds, Stopping threads took: 0.0000110 seconds
[2019-06-24T09:21:37.144+0000][1][safepoint    ] Application time: 0.0001556 seconds
[2019-06-24T09:21:37.144+0000][1][safepoint    ] Entering safepoint region: RevokeBias
[2019-06-24T09:21:37.144+0000][1][safepoint    ] Leaving safepoint region
[2019-06-24T09:21:37.144+0000][1][safepoint    ] Total time for which application threads were stopped: 0.0000408 seconds, Stopping threads took: 0.0000109 seconds
[2019-06-24T09:21:37.144+0000][1][safepoint    ] Application time: 0.0005106 seconds
[2019-06-24T09:21:37.144+0000][1][safepoint    ] Entering safepoint region: RevokeBias
[2019-06-24T09:21:37.144+0000][1][safepoint    ] Leaving safepoint region
[2019-06-24T09:21:37.144+0000][1][safepoint    ] Total time for which application threads were stopped: 0.0000426 seconds, Stopping threads took: 0.0000112 seconds
[2019-06-24T09:21:37.145+0000][1][safepoint    ] Application time: 0.0005381 seconds
[2019-06-24T09:21:37.145+0000][1][safepoint    ] Entering safepoint region: RevokeBias
[2019-06-24T09:21:37.145+0000][1][safepoint    ] Leaving safepoint region
[2019-06-24T09:21:37.145+0000][1][safepoint    ] Total time for which application threads were stopped: 0.0000405 seconds, Stopping threads took: 0.0000107 seconds
[2019-06-24T09:21:37.145+0000][1][safepoint    ] Application time: 0.0001763 seconds
[2019-06-24T09:21:37.145+0000][1][safepoint    ] Entering safepoint region: BulkRevokeBias
[2019-06-24T09:21:37.145+0000][1][safepoint    ] Leaving safepoint region
[2019-06-24T09:21:37.145+0000][1][safepoint    ] Total time for which application threads were stopped: 0.0001237 seconds, Stopping threads took: 0.0000410 seconds
[2019-06-24T09:21:37.145+0000][1][safepoint    ] Application time: 0.0001219 seconds
[2019-06-24T09:21:37.145+0000][1][safepoint    ] Entering safepoint region: RevokeBias
[2019-06-24T09:21:37.145+0000][1][safepoint    ] Leaving safepoint region
[2019-06-24T09:21:37.145+0000][1][safepoint    ] Total time for which application threads were stopped: 0.0000422 seconds, Stopping threads took: 0.0000206 seconds
[2019-06-24T09:21:37.146+0000][1][safepoint    ] Application time: 0.0004211 seconds
[2019-06-24T09:21:37.146+0000][1][safepoint    ] Entering safepoint region: RevokeBias
[2019-06-24T09:21:37.146+0000][1][safepoint    ] Leaving safepoint region
[2019-06-24T09:21:37.146+0000][1][safepoint    ] Total time for which application threads were stopped: 0.0000389 seconds, Stopping threads took: 0.0000106 seconds
[2019-06-24T09:21:37.146+0000][1][safepoint    ] Application time: 0.0003270 seconds
[2019-06-24T09:21:37.146+0000][1][safepoint    ] Entering safepoint region: RevokeBias
[2019-06-24T09:21:37.146+0000][1][safepoint    ] Leaving safepoint region
[2019-06-24T09:21:37.146+0000][1][safepoint    ] Total time for which application threads were stopped: 0.0001462 seconds, Stopping threads took: 0.0001135 seconds
[2019-06-24T09:21:37.147+0000][1][safepoint    ] Application time: 0.0011137 seconds
[2019-06-24T09:21:37.147+0000][1][safepoint    ] Entering safepoint region: RevokeBias
[2019-06-24T09:21:37.147+0000][1][safepoint    ] Leaving safepoint region
[2019-06-24T09:21:37.147+0000][1][safepoint    ] Total time for which application threads were stopped: 0.0000394 seconds, Stopping threads took: 0.0000108 seconds
[2019-06-24T09:21:37.148+0000][1][safepoint    ] Application time: 0.0002150 seconds
[2019-06-24T09:21:37.148+0000][1][safepoint    ] Entering safepoint region: RevokeBias
[2019-06-24T09:21:37.148+0000][1][safepoint    ] Leaving safepoint region
[2019-06-24T09:21:37.148+0000][1][safepoint    ] Total time for which application threads were stopped: 0.0000339 seconds, Stopping threads took: 0.0000103 seconds
[2019-06-24T09:21:37.148+0000][1][safepoint    ] Application time: 0.0001809 seconds
[2019-06-24T09:21:37.148+0000][1][safepoint    ] Entering safepoint region: RevokeBias
[2019-06-24T09:21:37.148+0000][1][safepoint    ] Leaving safepoint region
[2019-06-24T09:21:37.148+0000][1][safepoint    ] Total time for which application threads were stopped: 0.0000363 seconds, Stopping threads took: 0.0000103 seconds
[2019-06-24T09:21:37.148+0000][1][safepoint    ] Application time: 0.0001618 seconds
[2019-06-24T09:21:37.148+0000][1][safepoint    ] Entering safepoint region: RevokeBias
[2019-06-24T09:21:37.148+0000][1][safepoint    ] Leaving safepoint region
[2019-06-24T09:21:37.148+0000][1][safepoint    ] Total time for which application threads were stopped: 0.0000344 seconds, Stopping threads took: 0.0000110 seconds
[2019-06-24T09:21:37.150+0000][1][safepoint    ] Application time: 0.0017830 seconds
[2019-06-24T09:21:37.150+0000][1][safepoint    ] Entering safepoint region: RevokeBias
[2019-06-24T09:21:37.150+0000][1][safepoint    ] Leaving safepoint region
[2019-06-24T09:21:37.150+0000][1][safepoint    ] Total time for which application threads were stopped: 0.0000660 seconds, Stopping threads took: 0.0000191 seconds
[2019-06-24T09:21:37.150+0000][1][safepoint    ] Application time: 0.0001041 seconds
[2019-06-24T09:21:37.150+0000][1][safepoint    ] Entering safepoint region: RevokeBias
[2019-06-24T09:21:37.150+0000][1][safepoint    ] Leaving safepoint region
[2019-06-24T09:21:37.150+0000][1][safepoint    ] Total time for which application threads were stopped: 0.0000483 seconds, Stopping threads took: 0.0000144 seconds
[2019-06-24T09:21:37.150+0000][1][safepoint    ] Application time: 0.0000805 seconds
[2019-06-24T09:21:37.150+0000][1][safepoint    ] Entering safepoint region: RevokeBias
[2019-06-24T09:21:37.150+0000][1][safepoint    ] Leaving safepoint region
[2019-06-24T09:21:37.150+0000][1][safepoint    ] Total time for which application threads were stopped: 0.0000436 seconds, Stopping threads took: 0.0000128 seconds
[2019-06-24T09:21:37.151+0000][1][safepoint    ] Application time: 0.0001131 seconds
[2019-06-24T09:21:37.151+0000][1][safepoint    ] Entering safepoint region: RevokeBias
[2019-06-24T09:21:37.151+0000][1][safepoint    ] Leaving safepoint region
[2019-06-24T09:21:37.151+0000][1][safepoint    ] Total time for which application threads were stopped: 0.0001514 seconds, Stopping threads took: 0.0001205 seconds
[2019-06-24T09:21:37.151+0000][1][safepoint    ] Application time: 0.0001680 seconds
[2019-06-24T09:21:37.151+0000][1][safepoint    ] Entering safepoint region: RevokeBias
[2019-06-24T09:21:37.151+0000][1][safepoint    ] Leaving safepoint region
[2019-06-24T09:21:37.151+0000][1][safepoint    ] Total time for which application threads were stopped: 0.0001750 seconds, Stopping threads took: 0.0001220 seconds
[2019-06-24T09:21:37.151+0000][1][safepoint    ] Application time: 0.0001286 seconds
[2019-06-24T09:21:37.151+0000][1][safepoint    ] Entering safepoint region: RevokeBias
[2019-06-24T09:21:37.151+0000][1][safepoint    ] Leaving safepoint region
[2019-06-24T09:21:37.151+0000][1][safepoint    ] Total time for which application threads were stopped: 0.0000892 seconds, Stopping threads took: 0.0000365 seconds
[2019-06-24T09:21:37.152+0000][1][safepoint    ] Application time: 0.0002216 seconds
[2019-06-24T09:21:37.152+0000][1][safepoint    ] Entering safepoint region: RevokeBias
[2019-06-24T09:21:37.152+0000][1][safepoint    ] Leaving safepoint region
[2019-06-24T09:21:37.152+0000][1][safepoint    ] Total time for which application threads were stopped: 0.0000390 seconds, Stopping threads took: 0.0000121 seconds
[2019-06-24T09:21:37.154+0000][1][gc,heap,exit ] Heap
[2019-06-24T09:21:37.154+0000][1][gc,heap,exit ]  par new generation   total 78656K, used 25927K [0x00000000f0000000, 0x00000000f5550000, 0x00000000f5550000)
[2019-06-24T09:21:37.154+0000][1][gc,heap,exit ]   eden space 69952K,  24% used [0x00000000f0000000, 0x00000000f10d1f70, 0x00000000f4450000)
[2019-06-24T09:21:37.154+0000][1][gc,heap,exit ]   from space 8704K, 100% used [0x00000000f4450000, 0x00000000f4cd0000, 0x00000000f4cd0000)
[2019-06-24T09:21:37.154+0000][1][gc,heap,exit ]   to   space 8704K,   0% used [0x00000000f4cd0000, 0x00000000f4cd0000, 0x00000000f5550000)
[2019-06-24T09:21:37.154+0000][1][gc,heap,exit ]  concurrent mark-sweep generation total 174784K, used 60262K [0x00000000f5550000, 0x0000000100000000, 0x0000000100000000)
[2019-06-24T09:21:37.154+0000][1][gc,heap,exit ]  Metaspace       used 63106K, capacity 67814K, committed 67868K, reserved 1107968K
[2019-06-24T09:21:37.154+0000][1][gc,heap,exit ]   class space    used 8590K, capacity 10562K, committed 10568K, reserved 1048576K
[2019-06-24T09:21:37.154+0000][1][safepoint    ] Application time: 0.0025244 seconds
[2019-06-24T09:21:37.154+0000][1][safepoint    ] Entering safepoint region: Halt
