[2019-06-24T09:24:32.881+0000][1][gc] Using Concurrent Mark Sweep
[2019-06-24T09:24:32.881+0000][1][gc,heap,coops] Heap address: 0x00000000f0000000, size: 256 MB, Compressed Oops mode: 32-bit
[2019-06-24T09:24:32.926+0000][1][safepoint    ] Entering safepoint region: EnableBiasedLocking
[2019-06-24T09:24:32.926+0000][1][safepoint    ] Leaving safepoint region
[2019-06-24T09:24:32.926+0000][1][safepoint    ] Total time for which application threads were stopped: 0.0000910 seconds, Stopping threads took: 0.0000344 seconds
[2019-06-24T09:24:32.929+0000][1][safepoint    ] Application time: 0.0024873 seconds
[2019-06-24T09:24:32.929+0000][1][safepoint    ] Entering safepoint region: RevokeBias
[2019-06-24T09:24:32.929+0000][1][safepoint    ] Leaving safepoint region
[2019-06-24T09:24:32.929+0000][1][safepoint    ] Total time for which application threads were stopped: 0.0001512 seconds, Stopping threads took: 0.0000937 seconds
[2019-06-24T09:24:32.938+0000][1][safepoint    ] Application time: 0.0085866 seconds
[2019-06-24T09:24:32.938+0000][1][safepoint    ] Entering safepoint region: Deoptimize
[2019-06-24T09:24:32.938+0000][1][safepoint    ] Leaving safepoint region
[2019-06-24T09:24:32.938+0000][1][safepoint    ] Total time for which application threads were stopped: 0.0000509 seconds, Stopping threads took: 0.0000099 seconds
[2019-06-24T09:24:33.029+0000][1][safepoint    ] Application time: 0.0908166 seconds
[2019-06-24T09:24:33.029+0000][1][safepoint    ] Entering safepoint region: RevokeBias
[2019-06-24T09:24:33.029+0000][1][safepoint    ] Leaving safepoint region
[2019-06-24T09:24:33.029+0000][1][safepoint    ] Total time for which application threads were stopped: 0.0000745 seconds, Stopping threads took: 0.0000206 seconds
[2019-06-24T09:24:33.030+0000][1][safepoint    ] Application time: 0.0015186 seconds
[2019-06-24T09:24:33.030+0000][1][safepoint    ] Entering safepoint region: Deoptimize
[2019-06-24T09:24:33.030+0000][1][safepoint    ] Leaving safepoint region
[2019-06-24T09:24:33.030+0000][1][safepoint    ] Total time for which application threads were stopped: 0.0000494 seconds, Stopping threads took: 0.0000071 seconds
[2019-06-24T09:24:33.053+0000][1][safepoint    ] Application time: 0.0223888 seconds
[2019-06-24T09:24:33.053+0000][1][safepoint    ] Entering safepoint region: Deoptimize
[2019-06-24T09:24:33.053+0000][1][safepoint    ] Leaving safepoint region
[2019-06-24T09:24:33.053+0000][1][safepoint    ] Total time for which application threads were stopped: 0.0000590 seconds, Stopping threads took: 0.0000085 seconds
[2019-06-24T09:24:33.276+0000][1][safepoint    ] Application time: 0.2234206 seconds
[2019-06-24T09:24:33.276+0000][1][safepoint    ] Entering safepoint region: Deoptimize
[2019-06-24T09:24:33.277+0000][1][safepoint    ] Leaving safepoint region
[2019-06-24T09:24:33.277+0000][1][safepoint    ] Total time for which application threads were stopped: 0.0001698 seconds, Stopping threads took: 0.0000134 seconds
[2019-06-24T09:24:33.297+0000][1][safepoint    ] Application time: 0.0207670 seconds
[2019-06-24T09:24:33.297+0000][1][safepoint    ] Entering safepoint region: Deoptimize
[2019-06-24T09:24:33.297+0000][1][safepoint    ] Leaving safepoint region
[2019-06-24T09:24:33.297+0000][1][safepoint    ] Total time for which application threads were stopped: 0.0001114 seconds, Stopping threads took: 0.0000120 seconds
[2019-06-24T09:24:33.322+0000][1][safepoint    ] Application time: 0.0246469 seconds
[2019-06-24T09:24:33.322+0000][1][safepoint    ] Entering safepoint region: Deoptimize
[2019-06-24T09:24:33.322+0000][1][safepoint    ] Leaving safepoint region
[2019-06-24T09:24:33.322+0000][1][safepoint    ] Total time for which application threads were stopped: 0.0001194 seconds, Stopping threads took: 0.0000090 seconds
[2019-06-24T09:24:33.332+0000][1][safepoint    ] Application time: 0.0101789 seconds
[2019-06-24T09:24:33.332+0000][1][safepoint    ] Entering safepoint region: Deoptimize
[2019-06-24T09:24:33.333+0000][1][safepoint    ] Leaving safepoint region
[2019-06-24T09:24:33.333+0000][1][safepoint    ] Total time for which application threads were stopped: 0.0001085 seconds, Stopping threads took: 0.0000085 seconds
[2019-06-24T09:24:33.657+0000][1][safepoint    ] Application time: 0.3248124 seconds
[2019-06-24T09:24:33.657+0000][1][safepoint    ] Entering safepoint region: Deoptimize
[2019-06-24T09:24:33.658+0000][1][safepoint    ] Leaving safepoint region
[2019-06-24T09:24:33.658+0000][1][safepoint    ] Total time for which application threads were stopped: 0.0002669 seconds, Stopping threads took: 0.0000189 seconds
[2019-06-24T09:24:33.870+0000][1][safepoint    ] Application time: 0.2118332 seconds
[2019-06-24T09:24:33.870+0000][1][safepoint    ] Entering safepoint region: RevokeBias
[2019-06-24T09:24:33.870+0000][1][safepoint    ] Leaving safepoint region
[2019-06-24T09:24:33.870+0000][1][safepoint    ] Total time for which application threads were stopped: 0.0001438 seconds, Stopping threads took: 0.0000171 seconds
[2019-06-24T09:24:33.945+0000][1][safepoint    ] Application time: 0.0749154 seconds
[2019-06-24T09:24:33.945+0000][1][safepoint    ] Entering safepoint region: Deoptimize
[2019-06-24T09:24:33.945+0000][1][safepoint    ] Leaving safepoint region
[2019-06-24T09:24:33.945+0000][1][safepoint    ] Total time for which application threads were stopped: 0.0001784 seconds, Stopping threads took: 0.0000086 seconds
[2019-06-24T09:24:34.035+0000][1][safepoint    ] Application time: 0.0901868 seconds
[2019-06-24T09:24:34.035+0000][1][safepoint    ] Entering safepoint region: Deoptimize
[2019-06-24T09:24:34.035+0000][1][safepoint    ] Leaving safepoint region
[2019-06-24T09:24:34.035+0000][1][safepoint    ] Total time for which application threads were stopped: 0.0001949 seconds, Stopping threads took: 0.0000423 seconds
[2019-06-24T09:24:34.035+0000][1][safepoint    ] Application time: 0.0001064 seconds
[2019-06-24T09:24:34.035+0000][1][safepoint    ] Entering safepoint region: Deoptimize
[2019-06-24T09:24:34.036+0000][1][safepoint    ] Leaving safepoint region
[2019-06-24T09:24:34.036+0000][1][safepoint    ] Total time for which application threads were stopped: 0.0001540 seconds, Stopping threads took: 0.0000097 seconds
[2019-06-24T09:24:34.050+0000][1][safepoint    ] Application time: 0.0145466 seconds
[2019-06-24T09:24:34.050+0000][1][safepoint    ] Entering safepoint region: Deoptimize
[2019-06-24T09:24:34.050+0000][1][safepoint    ] Leaving safepoint region
[2019-06-24T09:24:34.050+0000][1][safepoint    ] Total time for which application threads were stopped: 0.0001471 seconds, Stopping threads took: 0.0000096 seconds
[2019-06-24T09:24:34.059+0000][1][safepoint    ] Application time: 0.0082365 seconds
[2019-06-24T09:24:34.059+0000][1][safepoint    ] Entering safepoint region: Deoptimize
[2019-06-24T09:24:34.059+0000][1][safepoint    ] Leaving safepoint region
[2019-06-24T09:24:34.059+0000][1][safepoint    ] Total time for which application threads were stopped: 0.0001525 seconds, Stopping threads took: 0.0000097 seconds
[2019-06-24T09:24:34.064+0000][1][safepoint    ] Application time: 0.0052106 seconds
[2019-06-24T09:24:34.064+0000][1][safepoint    ] Entering safepoint region: RevokeBias
[2019-06-24T09:24:34.064+0000][1][safepoint    ] Leaving safepoint region
[2019-06-24T09:24:34.064+0000][1][safepoint    ] Total time for which application threads were stopped: 0.0000606 seconds, Stopping threads took: 0.0000213 seconds
[2019-06-24T09:24:34.064+0000][1][safepoint    ] Application time: 0.0001528 seconds
[2019-06-24T09:24:34.064+0000][1][safepoint    ] Entering safepoint region: RevokeBias
[2019-06-24T09:24:34.064+0000][1][safepoint    ] Leaving safepoint region
[2019-06-24T09:24:34.064+0000][1][safepoint    ] Total time for which application threads were stopped: 0.0000506 seconds, Stopping threads took: 0.0000185 seconds
[2019-06-24T09:24:34.064+0000][1][safepoint    ] Application time: 0.0001589 seconds
[2019-06-24T09:24:34.064+0000][1][safepoint    ] Entering safepoint region: RevokeBias
[2019-06-24T09:24:34.064+0000][1][safepoint    ] Leaving safepoint region
[2019-06-24T09:24:34.064+0000][1][safepoint    ] Total time for which application threads were stopped: 0.0000479 seconds, Stopping threads took: 0.0000177 seconds
[2019-06-24T09:24:34.065+0000][1][safepoint    ] Application time: 0.0002273 seconds
[2019-06-24T09:24:34.065+0000][1][safepoint    ] Entering safepoint region: RevokeBias
[2019-06-24T09:24:34.065+0000][1][safepoint    ] Leaving safepoint region
[2019-06-24T09:24:34.065+0000][1][safepoint    ] Total time for which application threads were stopped: 0.0000428 seconds, Stopping threads took: 0.0000182 seconds
[2019-06-24T09:24:34.065+0000][1][safepoint    ] Application time: 0.0003574 seconds
[2019-06-24T09:24:34.065+0000][1][safepoint    ] Entering safepoint region: RevokeBias
[2019-06-24T09:24:34.065+0000][1][safepoint    ] Leaving safepoint region
[2019-06-24T09:24:34.065+0000][1][safepoint    ] Total time for which application threads were stopped: 0.0000300 seconds, Stopping threads took: 0.0000087 seconds
[2019-06-24T09:24:34.070+0000][1][safepoint    ] Application time: 0.0051286 seconds
[2019-06-24T09:24:34.070+0000][1][safepoint    ] Entering safepoint region: Deoptimize
[2019-06-24T09:24:34.071+0000][1][safepoint    ] Leaving safepoint region
[2019-06-24T09:24:34.071+0000][1][safepoint    ] Total time for which application threads were stopped: 0.0002186 seconds, Stopping threads took: 0.0000106 seconds
[2019-06-24T09:24:34.159+0000][1][safepoint    ] Application time: 0.0881237 seconds
[2019-06-24T09:24:34.159+0000][1][safepoint    ] Entering safepoint region: GenCollectForAllocation
[2019-06-24T09:24:34.159+0000][1][gc,start     ] GC(0) Pause Young (Allocation Failure)
[2019-06-24T09:24:34.159+0000][1][gc,task      ] GC(0) Using 5 workers of 8 for evacuation
[2019-06-24T09:24:34.165+0000][1][gc,age       ] GC(0) Desired survivor size 4456448 bytes, new threshold 1 (max threshold 6)
[2019-06-24T09:24:34.165+0000][1][gc,age       ] GC(0) Age table with threshold 1 (max threshold 6)
[2019-06-24T09:24:34.165+0000][1][gc,age       ] GC(0) - age   1:    8087696 bytes,    8087696 total
[2019-06-24T09:24:34.165+0000][1][gc,heap      ] GC(0) ParNew: 69952K->8004K(78656K)
[2019-06-24T09:24:34.165+0000][1][gc,heap      ] GC(0) CMS: 0K->0K(174784K)
[2019-06-24T09:24:34.165+0000][1][gc,metaspace ] GC(0) Metaspace: 11920K->11920K(1060864K)
[2019-06-24T09:24:34.165+0000][1][gc           ] GC(0) Pause Young (Allocation Failure) 68M->7M(247M) 6.335ms
[2019-06-24T09:24:34.165+0000][1][gc,cpu       ] GC(0) User=0.03s Sys=0.00s Real=0.01s
[2019-06-24T09:24:34.165+0000][1][safepoint    ] Leaving safepoint region
[2019-06-24T09:24:34.165+0000][1][safepoint    ] Total time for which application threads were stopped: 0.0064525 seconds, Stopping threads took: 0.0000103 seconds
[2019-06-24T09:24:34.167+0000][1][safepoint    ] Application time: 0.0014314 seconds
[2019-06-24T09:24:34.167+0000][1][safepoint    ] Entering safepoint region: RevokeBias
[2019-06-24T09:24:34.167+0000][1][safepoint    ] Leaving safepoint region
[2019-06-24T09:24:34.167+0000][1][safepoint    ] Total time for which application threads were stopped: 0.0001426 seconds, Stopping threads took: 0.0000993 seconds
[2019-06-24T09:24:34.167+0000][1][safepoint    ] Application time: 0.0000452 seconds
[2019-06-24T09:24:34.167+0000][1][safepoint    ] Entering safepoint region: RevokeBias
[2019-06-24T09:24:34.167+0000][1][safepoint    ] Leaving safepoint region
[2019-06-24T09:24:34.167+0000][1][safepoint    ] Total time for which application threads were stopped: 0.0000390 seconds, Stopping threads took: 0.0000093 seconds
[2019-06-24T09:24:34.167+0000][1][safepoint    ] Application time: 0.0001783 seconds
[2019-06-24T09:24:34.167+0000][1][safepoint    ] Entering safepoint region: RevokeBias
[2019-06-24T09:24:34.167+0000][1][safepoint    ] Leaving safepoint region
[2019-06-24T09:24:34.167+0000][1][safepoint    ] Total time for which application threads were stopped: 0.0000751 seconds, Stopping threads took: 0.0000444 seconds
[2019-06-24T09:24:34.167+0000][1][safepoint    ] Application time: 0.0000386 seconds
[2019-06-24T09:24:34.167+0000][1][safepoint    ] Entering safepoint region: RevokeBias
[2019-06-24T09:24:34.167+0000][1][safepoint    ] Leaving safepoint region
[2019-06-24T09:24:34.167+0000][1][safepoint    ] Total time for which application threads were stopped: 0.0000468 seconds, Stopping threads took: 0.0000186 seconds
[2019-06-24T09:24:34.167+0000][1][safepoint    ] Application time: 0.0000696 seconds
[2019-06-24T09:24:34.167+0000][1][safepoint    ] Entering safepoint region: RevokeBias
[2019-06-24T09:24:34.167+0000][1][safepoint    ] Leaving safepoint region
[2019-06-24T09:24:34.167+0000][1][safepoint    ] Total time for which application threads were stopped: 0.0000526 seconds, Stopping threads took: 0.0000238 seconds
[2019-06-24T09:24:34.167+0000][1][safepoint    ] Application time: 0.0000418 seconds
[2019-06-24T09:24:34.167+0000][1][safepoint    ] Entering safepoint region: RevokeBias
[2019-06-24T09:24:34.168+0000][1][safepoint    ] Leaving safepoint region
[2019-06-24T09:24:34.168+0000][1][safepoint    ] Total time for which application threads were stopped: 0.0000359 seconds, Stopping threads took: 0.0000089 seconds
[2019-06-24T09:24:34.168+0000][1][safepoint    ] Application time: 0.0000412 seconds
[2019-06-24T09:24:34.168+0000][1][safepoint    ] Entering safepoint region: RevokeBias
[2019-06-24T09:24:34.168+0000][1][safepoint    ] Leaving safepoint region
[2019-06-24T09:24:34.168+0000][1][safepoint    ] Total time for which application threads were stopped: 0.0000372 seconds, Stopping threads took: 0.0000092 seconds
[2019-06-24T09:24:34.168+0000][1][safepoint    ] Application time: 0.0000356 seconds
[2019-06-24T09:24:34.168+0000][1][safepoint    ] Entering safepoint region: RevokeBias
[2019-06-24T09:24:34.168+0000][1][safepoint    ] Leaving safepoint region
[2019-06-24T09:24:34.168+0000][1][safepoint    ] Total time for which application threads were stopped: 0.0000358 seconds, Stopping threads took: 0.0000087 seconds
[2019-06-24T09:24:34.168+0000][1][safepoint    ] Application time: 0.0000393 seconds
[2019-06-24T09:24:34.168+0000][1][safepoint    ] Entering safepoint region: RevokeBias
[2019-06-24T09:24:34.168+0000][1][safepoint    ] Leaving safepoint region
[2019-06-24T09:24:34.168+0000][1][safepoint    ] Total time for which application threads were stopped: 0.0000372 seconds, Stopping threads took: 0.0000088 seconds
[2019-06-24T09:24:34.168+0000][1][safepoint    ] Application time: 0.0000374 seconds
[2019-06-24T09:24:34.168+0000][1][safepoint    ] Entering safepoint region: RevokeBias
[2019-06-24T09:24:34.168+0000][1][safepoint    ] Leaving safepoint region
[2019-06-24T09:24:34.168+0000][1][safepoint    ] Total time for which application threads were stopped: 0.0000870 seconds, Stopping threads took: 0.0000572 seconds
[2019-06-24T09:24:34.168+0000][1][safepoint    ] Application time: 0.0000424 seconds
[2019-06-24T09:24:34.168+0000][1][safepoint    ] Entering safepoint region: RevokeBias
[2019-06-24T09:24:34.168+0000][1][safepoint    ] Leaving safepoint region
[2019-06-24T09:24:34.168+0000][1][safepoint    ] Total time for which application threads were stopped: 0.0000543 seconds, Stopping threads took: 0.0000250 seconds
[2019-06-24T09:24:34.168+0000][1][safepoint    ] Application time: 0.0000397 seconds
[2019-06-24T09:24:34.168+0000][1][safepoint    ] Entering safepoint region: RevokeBias
[2019-06-24T09:24:34.168+0000][1][safepoint    ] Leaving safepoint region
[2019-06-24T09:24:34.168+0000][1][safepoint    ] Total time for which application threads were stopped: 0.0000378 seconds, Stopping threads took: 0.0000089 seconds
[2019-06-24T09:24:34.168+0000][1][safepoint    ] Application time: 0.0000688 seconds
[2019-06-24T09:24:34.168+0000][1][safepoint    ] Entering safepoint region: RevokeBias
[2019-06-24T09:24:34.168+0000][1][safepoint    ] Leaving safepoint region
[2019-06-24T09:24:34.168+0000][1][safepoint    ] Total time for which application threads were stopped: 0.0000799 seconds, Stopping threads took: 0.0000459 seconds
[2019-06-24T09:24:34.168+0000][1][safepoint    ] Application time: 0.0000419 seconds
[2019-06-24T09:24:34.168+0000][1][safepoint    ] Entering safepoint region: RevokeBias
[2019-06-24T09:24:34.168+0000][1][safepoint    ] Leaving safepoint region
[2019-06-24T09:24:34.168+0000][1][safepoint    ] Total time for which application threads were stopped: 0.0000492 seconds, Stopping threads took: 0.0000159 seconds
[2019-06-24T09:24:34.169+0000][1][safepoint    ] Application time: 0.0001336 seconds
[2019-06-24T09:24:34.169+0000][1][safepoint    ] Entering safepoint region: RevokeBias
[2019-06-24T09:24:34.169+0000][1][safepoint    ] Leaving safepoint region
[2019-06-24T09:24:34.169+0000][1][safepoint    ] Total time for which application threads were stopped: 0.0000919 seconds, Stopping threads took: 0.0000598 seconds
[2019-06-24T09:24:34.169+0000][1][safepoint    ] Application time: 0.0001996 seconds
[2019-06-24T09:24:34.169+0000][1][safepoint    ] Entering safepoint region: RevokeBias
[2019-06-24T09:24:34.169+0000][1][safepoint    ] Leaving safepoint region
[2019-06-24T09:24:34.169+0000][1][safepoint    ] Total time for which application threads were stopped: 0.0000734 seconds, Stopping threads took: 0.0000392 seconds
[2019-06-24T09:24:34.169+0000][1][safepoint    ] Application time: 0.0000384 seconds
[2019-06-24T09:24:34.169+0000][1][safepoint    ] Entering safepoint region: RevokeBias
[2019-06-24T09:24:34.169+0000][1][safepoint    ] Leaving safepoint region
[2019-06-24T09:24:34.169+0000][1][safepoint    ] Total time for which application threads were stopped: 0.0000721 seconds, Stopping threads took: 0.0000351 seconds
[2019-06-24T09:24:34.169+0000][1][safepoint    ] Application time: 0.0000413 seconds
[2019-06-24T09:24:34.169+0000][1][safepoint    ] Entering safepoint region: RevokeBias
[2019-06-24T09:24:34.169+0000][1][safepoint    ] Leaving safepoint region
[2019-06-24T09:24:34.169+0000][1][safepoint    ] Total time for which application threads were stopped: 0.0000520 seconds, Stopping threads took: 0.0000244 seconds
[2019-06-24T09:24:34.169+0000][1][safepoint    ] Application time: 0.0000366 seconds
[2019-06-24T09:24:34.169+0000][1][safepoint    ] Entering safepoint region: RevokeBias
[2019-06-24T09:24:34.169+0000][1][safepoint    ] Leaving safepoint region
[2019-06-24T09:24:34.169+0000][1][safepoint    ] Total time for which application threads were stopped: 0.0000620 seconds, Stopping threads took: 0.0000286 seconds
[2019-06-24T09:24:34.169+0000][1][safepoint    ] Application time: 0.0000391 seconds
[2019-06-24T09:24:34.169+0000][1][safepoint    ] Entering safepoint region: RevokeBias
[2019-06-24T09:24:34.169+0000][1][safepoint    ] Leaving safepoint region
[2019-06-24T09:24:34.169+0000][1][safepoint    ] Total time for which application threads were stopped: 0.0000572 seconds, Stopping threads took: 0.0000265 seconds
[2019-06-24T09:24:34.170+0000][1][safepoint    ] Application time: 0.0000367 seconds
[2019-06-24T09:24:34.170+0000][1][safepoint    ] Entering safepoint region: RevokeBias
[2019-06-24T09:24:34.170+0000][1][safepoint    ] Leaving safepoint region
[2019-06-24T09:24:34.170+0000][1][safepoint    ] Total time for which application threads were stopped: 0.0000675 seconds, Stopping threads took: 0.0000320 seconds
[2019-06-24T09:24:34.170+0000][1][safepoint    ] Application time: 0.0000949 seconds
[2019-06-24T09:24:34.170+0000][1][safepoint    ] Entering safepoint region: RevokeBias
[2019-06-24T09:24:34.170+0000][1][safepoint    ] Leaving safepoint region
[2019-06-24T09:24:34.170+0000][1][safepoint    ] Total time for which application threads were stopped: 0.0000538 seconds, Stopping threads took: 0.0000280 seconds
[2019-06-24T09:24:34.170+0000][1][safepoint    ] Application time: 0.0000702 seconds
[2019-06-24T09:24:34.170+0000][1][safepoint    ] Entering safepoint region: RevokeBias
[2019-06-24T09:24:34.170+0000][1][safepoint    ] Leaving safepoint region
[2019-06-24T09:24:34.170+0000][1][safepoint    ] Total time for which application threads were stopped: 0.0000724 seconds, Stopping threads took: 0.0000374 seconds
[2019-06-24T09:24:34.170+0000][1][safepoint    ] Application time: 0.0000606 seconds
[2019-06-24T09:24:34.170+0000][1][safepoint    ] Entering safepoint region: RevokeBias
[2019-06-24T09:24:34.170+0000][1][safepoint    ] Leaving safepoint region
[2019-06-24T09:24:34.170+0000][1][safepoint    ] Total time for which application threads were stopped: 0.0001734 seconds, Stopping threads took: 0.0001274 seconds
[2019-06-24T09:24:34.170+0000][1][safepoint    ] Application time: 0.0000397 seconds
[2019-06-24T09:24:34.170+0000][1][safepoint    ] Entering safepoint region: RevokeBias
[2019-06-24T09:24:34.170+0000][1][safepoint    ] Leaving safepoint region
[2019-06-24T09:24:34.170+0000][1][safepoint    ] Total time for which application threads were stopped: 0.0001211 seconds, Stopping threads took: 0.0000848 seconds
[2019-06-24T09:24:34.170+0000][1][safepoint    ] Application time: 0.0000436 seconds
[2019-06-24T09:24:34.170+0000][1][safepoint    ] Entering safepoint region: RevokeBias
[2019-06-24T09:24:34.170+0000][1][safepoint    ] Leaving safepoint region
[2019-06-24T09:24:34.171+0000][1][safepoint    ] Total time for which application threads were stopped: 0.0000807 seconds, Stopping threads took: 0.0000212 seconds
[2019-06-24T09:24:34.171+0000][1][safepoint    ] Application time: 0.0000710 seconds
[2019-06-24T09:24:34.171+0000][1][safepoint    ] Entering safepoint region: RevokeBias
[2019-06-24T09:24:34.171+0000][1][safepoint    ] Leaving safepoint region
[2019-06-24T09:24:34.171+0000][1][safepoint    ] Total time for which application threads were stopped: 0.0000729 seconds, Stopping threads took: 0.0000306 seconds
[2019-06-24T09:24:34.345+0000][1][safepoint    ] Application time: 0.1739591 seconds
[2019-06-24T09:24:34.345+0000][1][safepoint    ] Entering safepoint region: Deoptimize
[2019-06-24T09:24:34.345+0000][1][safepoint    ] Leaving safepoint region
[2019-06-24T09:24:34.345+0000][1][safepoint    ] Total time for which application threads were stopped: 0.0003693 seconds, Stopping threads took: 0.0000183 seconds
[2019-06-24T09:24:34.497+0000][1][safepoint    ] Application time: 0.1516351 seconds
[2019-06-24T09:24:34.497+0000][1][safepoint    ] Entering safepoint region: RevokeBias
[2019-06-24T09:24:34.497+0000][1][safepoint    ] Leaving safepoint region
[2019-06-24T09:24:34.497+0000][1][safepoint    ] Total time for which application threads were stopped: 0.0001527 seconds, Stopping threads took: 0.0000134 seconds
[2019-06-24T09:24:34.618+0000][1][safepoint    ] Application time: 0.1211633 seconds
[2019-06-24T09:24:34.618+0000][1][safepoint    ] Entering safepoint region: GenCollectForAllocation
[2019-06-24T09:24:34.618+0000][1][gc,start     ] GC(1) Pause Young (Allocation Failure)
[2019-06-24T09:24:34.618+0000][1][gc,task      ] GC(1) Using 5 workers of 8 for evacuation
[2019-06-24T09:24:34.632+0000][1][gc,age       ] GC(1) Desired survivor size 4456448 bytes, new threshold 6 (max threshold 6)
[2019-06-24T09:24:34.632+0000][1][gc,age       ] GC(1) Age table with threshold 6 (max threshold 6)
[2019-06-24T09:24:34.632+0000][1][gc,age       ] GC(1) - age   1:    2392104 bytes,    2392104 total
[2019-06-24T09:24:34.632+0000][1][gc,heap      ] GC(1) ParNew: 77956K->6379K(78656K)
[2019-06-24T09:24:34.632+0000][1][gc,heap      ] GC(1) CMS: 0K->6627K(174784K)
[2019-06-24T09:24:34.632+0000][1][gc,metaspace ] GC(1) Metaspace: 14587K->14587K(1062912K)
[2019-06-24T09:24:34.632+0000][1][gc           ] GC(1) Pause Young (Allocation Failure) 76M->12M(247M) 13.641ms
[2019-06-24T09:24:34.632+0000][1][gc,cpu       ] GC(1) User=0.11s Sys=0.00s Real=0.01s
[2019-06-24T09:24:34.632+0000][1][safepoint    ] Leaving safepoint region
[2019-06-24T09:24:34.632+0000][1][safepoint    ] Total time for which application threads were stopped: 0.0138069 seconds, Stopping threads took: 0.0000181 seconds
[2019-06-24T09:24:34.632+0000][1][safepoint    ] Application time: 0.0002527 seconds
[2019-06-24T09:24:34.632+0000][1][safepoint    ] Entering safepoint region: RevokeBias
[2019-06-24T09:24:34.632+0000][1][safepoint    ] Leaving safepoint region
[2019-06-24T09:24:34.632+0000][1][safepoint    ] Total time for which application threads were stopped: 0.0001755 seconds, Stopping threads took: 0.0000692 seconds
[2019-06-24T09:24:34.632+0000][1][safepoint    ] Application time: 0.0000709 seconds
[2019-06-24T09:24:34.633+0000][1][safepoint    ] Entering safepoint region: RevokeBias
[2019-06-24T09:24:34.633+0000][1][safepoint    ] Leaving safepoint region
[2019-06-24T09:24:34.633+0000][1][safepoint    ] Total time for which application threads were stopped: 0.0001077 seconds, Stopping threads took: 0.0000759 seconds
[2019-06-24T09:24:34.633+0000][1][safepoint    ] Application time: 0.0000417 seconds
[2019-06-24T09:24:34.633+0000][1][safepoint    ] Entering safepoint region: RevokeBias
[2019-06-24T09:24:34.633+0000][1][safepoint    ] Leaving safepoint region
[2019-06-24T09:24:34.633+0000][1][safepoint    ] Total time for which application threads were stopped: 0.0000534 seconds, Stopping threads took: 0.0000060 seconds
[2019-06-24T09:24:34.633+0000][1][safepoint    ] Application time: 0.0000350 seconds
[2019-06-24T09:24:34.633+0000][1][safepoint    ] Entering safepoint region: RevokeBias
[2019-06-24T09:24:34.633+0000][1][safepoint    ] Leaving safepoint region
[2019-06-24T09:24:34.633+0000][1][safepoint    ] Total time for which application threads were stopped: 0.0000316 seconds, Stopping threads took: 0.0000059 seconds
[2019-06-24T09:24:34.633+0000][1][safepoint    ] Application time: 0.0000377 seconds
[2019-06-24T09:24:34.633+0000][1][safepoint    ] Entering safepoint region: RevokeBias
[2019-06-24T09:24:34.633+0000][1][safepoint    ] Leaving safepoint region
[2019-06-24T09:24:34.633+0000][1][safepoint    ] Total time for which application threads were stopped: 0.0000317 seconds, Stopping threads took: 0.0000059 seconds
[2019-06-24T09:24:34.633+0000][1][safepoint    ] Application time: 0.0000325 seconds
[2019-06-24T09:24:34.633+0000][1][safepoint    ] Entering safepoint region: RevokeBias
[2019-06-24T09:24:34.633+0000][1][safepoint    ] Leaving safepoint region
[2019-06-24T09:24:34.633+0000][1][safepoint    ] Total time for which application threads were stopped: 0.0000312 seconds, Stopping threads took: 0.0000059 seconds
[2019-06-24T09:24:34.633+0000][1][safepoint    ] Application time: 0.0000361 seconds
[2019-06-24T09:24:34.633+0000][1][safepoint    ] Entering safepoint region: RevokeBias
[2019-06-24T09:24:34.633+0000][1][safepoint    ] Leaving safepoint region
[2019-06-24T09:24:34.633+0000][1][safepoint    ] Total time for which application threads were stopped: 0.0000312 seconds, Stopping threads took: 0.0000060 seconds
[2019-06-24T09:24:34.633+0000][1][safepoint    ] Application time: 0.0000333 seconds
[2019-06-24T09:24:34.633+0000][1][safepoint    ] Entering safepoint region: RevokeBias
[2019-06-24T09:24:34.633+0000][1][safepoint    ] Leaving safepoint region
[2019-06-24T09:24:34.633+0000][1][safepoint    ] Total time for which application threads were stopped: 0.0000714 seconds, Stopping threads took: 0.0000459 seconds
[2019-06-24T09:24:34.633+0000][1][safepoint    ] Application time: 0.0000361 seconds
[2019-06-24T09:24:34.633+0000][1][safepoint    ] Entering safepoint region: RevokeBias
[2019-06-24T09:24:34.633+0000][1][safepoint    ] Leaving safepoint region
[2019-06-24T09:24:34.633+0000][1][safepoint    ] Total time for which application threads were stopped: 0.0000313 seconds, Stopping threads took: 0.0000060 seconds
[2019-06-24T09:24:34.633+0000][1][safepoint    ] Application time: 0.0000642 seconds
[2019-06-24T09:24:34.633+0000][1][safepoint    ] Entering safepoint region: RevokeBias
[2019-06-24T09:24:34.633+0000][1][safepoint    ] Leaving safepoint region
[2019-06-24T09:24:34.633+0000][1][safepoint    ] Total time for which application threads were stopped: 0.0000789 seconds, Stopping threads took: 0.0000471 seconds
[2019-06-24T09:24:34.633+0000][1][safepoint    ] Application time: 0.0000391 seconds
[2019-06-24T09:24:34.633+0000][1][safepoint    ] Entering safepoint region: BulkRevokeBias
[2019-06-24T09:24:34.634+0000][1][safepoint    ] Leaving safepoint region
[2019-06-24T09:24:34.634+0000][1][safepoint    ] Total time for which application threads were stopped: 0.0000836 seconds, Stopping threads took: 0.0000372 seconds
[2019-06-24T09:24:34.634+0000][1][safepoint    ] Application time: 0.0000344 seconds
[2019-06-24T09:24:34.634+0000][1][safepoint    ] Entering safepoint region: RevokeBias
[2019-06-24T09:24:34.634+0000][1][safepoint    ] Leaving safepoint region
[2019-06-24T09:24:34.634+0000][1][safepoint    ] Total time for which application threads were stopped: 0.0000823 seconds, Stopping threads took: 0.0000525 seconds
[2019-06-24T09:24:34.634+0000][1][safepoint    ] Application time: 0.0000412 seconds
[2019-06-24T09:24:34.634+0000][1][safepoint    ] Entering safepoint region: BulkRevokeBias
[2019-06-24T09:24:34.634+0000][1][safepoint    ] Leaving safepoint region
[2019-06-24T09:24:34.634+0000][1][safepoint    ] Total time for which application threads were stopped: 0.0000870 seconds, Stopping threads took: 0.0000392 seconds
[2019-06-24T09:24:34.663+0000][1][safepoint    ] Application time: 0.0292568 seconds
[2019-06-24T09:24:34.663+0000][1][safepoint    ] Entering safepoint region: RevokeBias
[2019-06-24T09:24:34.663+0000][1][safepoint    ] Leaving safepoint region
[2019-06-24T09:24:34.663+0000][1][safepoint    ] Total time for which application threads were stopped: 0.0000671 seconds, Stopping threads took: 0.0000128 seconds
[2019-06-24T09:24:34.666+0000][1][safepoint    ] Application time: 0.0023404 seconds
[2019-06-24T09:24:34.666+0000][1][safepoint    ] Entering safepoint region: RevokeBias
[2019-06-24T09:24:34.666+0000][1][safepoint    ] Leaving safepoint region
[2019-06-24T09:24:34.666+0000][1][safepoint    ] Total time for which application threads were stopped: 0.0000655 seconds, Stopping threads took: 0.0000103 seconds
[2019-06-24T09:24:34.757+0000][1][safepoint    ] Application time: 0.0910714 seconds
[2019-06-24T09:24:34.757+0000][1][safepoint    ] Entering safepoint region: GenCollectForAllocation
[2019-06-24T09:24:34.757+0000][1][gc,start     ] GC(2) Pause Young (Allocation Failure)
[2019-06-24T09:24:34.757+0000][1][gc,task      ] GC(2) Using 5 workers of 8 for evacuation
[2019-06-24T09:24:34.761+0000][1][gc,age       ] GC(2) Desired survivor size 4456448 bytes, new threshold 6 (max threshold 6)
[2019-06-24T09:24:34.761+0000][1][gc,age       ] GC(2) Age table with threshold 6 (max threshold 6)
[2019-06-24T09:24:34.761+0000][1][gc,age       ] GC(2) - age   1:    2816856 bytes,    2816856 total
[2019-06-24T09:24:34.761+0000][1][gc,age       ] GC(2) - age   2:    1206720 bytes,    4023576 total
[2019-06-24T09:24:34.761+0000][1][gc,heap      ] GC(2) ParNew: 76331K->5102K(78656K)
[2019-06-24T09:24:34.761+0000][1][gc,heap      ] GC(2) CMS: 6627K->6627K(174784K)
[2019-06-24T09:24:34.761+0000][1][gc,metaspace ] GC(2) Metaspace: 14726K->14726K(1062912K)
[2019-06-24T09:24:34.761+0000][1][gc           ] GC(2) Pause Young (Allocation Failure) 81M->11M(247M) 4.090ms
[2019-06-24T09:24:34.761+0000][1][gc,cpu       ] GC(2) User=0.02s Sys=0.00s Real=0.00s
[2019-06-24T09:24:34.761+0000][1][safepoint    ] Leaving safepoint region
[2019-06-24T09:24:34.761+0000][1][safepoint    ] Total time for which application threads were stopped: 0.0042340 seconds, Stopping threads took: 0.0000192 seconds
[2019-06-24T09:24:34.761+0000][1][safepoint    ] Application time: 0.0002066 seconds
[2019-06-24T09:24:34.761+0000][1][safepoint    ] Entering safepoint region: RevokeBias
[2019-06-24T09:24:34.761+0000][1][safepoint    ] Leaving safepoint region
[2019-06-24T09:24:34.761+0000][1][safepoint    ] Total time for which application threads were stopped: 0.0001306 seconds, Stopping threads took: 0.0000649 seconds
[2019-06-24T09:24:34.761+0000][1][safepoint    ] Application time: 0.0000826 seconds
[2019-06-24T09:24:34.761+0000][1][safepoint    ] Entering safepoint region: RevokeBias
[2019-06-24T09:24:34.762+0000][1][safepoint    ] Leaving safepoint region
[2019-06-24T09:24:34.762+0000][1][safepoint    ] Total time for which application threads were stopped: 0.0001406 seconds, Stopping threads took: 0.0000862 seconds
[2019-06-24T09:24:34.762+0000][1][safepoint    ] Application time: 0.0000987 seconds
[2019-06-24T09:24:34.762+0000][1][safepoint    ] Entering safepoint region: RevokeBias
[2019-06-24T09:24:34.762+0000][1][safepoint    ] Leaving safepoint region
[2019-06-24T09:24:34.762+0000][1][safepoint    ] Total time for which application threads were stopped: 0.0000859 seconds, Stopping threads took: 0.0000465 seconds
[2019-06-24T09:24:34.762+0000][1][safepoint    ] Application time: 0.0000405 seconds
[2019-06-24T09:24:34.762+0000][1][safepoint    ] Entering safepoint region: RevokeBias
[2019-06-24T09:24:34.762+0000][1][safepoint    ] Leaving safepoint region
[2019-06-24T09:24:34.762+0000][1][safepoint    ] Total time for which application threads were stopped: 0.0000784 seconds, Stopping threads took: 0.0000425 seconds
[2019-06-24T09:24:34.762+0000][1][safepoint    ] Application time: 0.0000978 seconds
[2019-06-24T09:24:34.762+0000][1][safepoint    ] Entering safepoint region: RevokeBias
[2019-06-24T09:24:34.762+0000][1][safepoint    ] Leaving safepoint region
[2019-06-24T09:24:34.762+0000][1][safepoint    ] Total time for which application threads were stopped: 0.0001514 seconds, Stopping threads took: 0.0001049 seconds
[2019-06-24T09:24:34.762+0000][1][safepoint    ] Application time: 0.0000413 seconds
[2019-06-24T09:24:34.762+0000][1][safepoint    ] Entering safepoint region: RevokeBias
[2019-06-24T09:24:34.762+0000][1][safepoint    ] Leaving safepoint region
[2019-06-24T09:24:34.762+0000][1][safepoint    ] Total time for which application threads were stopped: 0.0000403 seconds, Stopping threads took: 0.0000068 seconds
[2019-06-24T09:24:34.804+0000][1][safepoint    ] Application time: 0.0420408 seconds
[2019-06-24T09:24:34.804+0000][1][safepoint    ] Entering safepoint region: RevokeBias
[2019-06-24T09:24:34.804+0000][1][safepoint    ] Leaving safepoint region
[2019-06-24T09:24:34.804+0000][1][safepoint    ] Total time for which application threads were stopped: 0.0000958 seconds, Stopping threads took: 0.0000332 seconds
[2019-06-24T09:24:34.902+0000][1][safepoint    ] Application time: 0.0978649 seconds
[2019-06-24T09:24:34.902+0000][1][safepoint    ] Entering safepoint region: Deoptimize
[2019-06-24T09:24:34.903+0000][1][safepoint    ] Leaving safepoint region
[2019-06-24T09:24:34.903+0000][1][safepoint    ] Total time for which application threads were stopped: 0.0004616 seconds, Stopping threads took: 0.0000183 seconds
[2019-06-24T09:24:34.903+0000][1][safepoint    ] Application time: 0.0006156 seconds
[2019-06-24T09:24:34.903+0000][1][safepoint    ] Entering safepoint region: Deoptimize
[2019-06-24T09:24:34.904+0000][1][safepoint    ] Leaving safepoint region
[2019-06-24T09:24:34.904+0000][1][safepoint    ] Total time for which application threads were stopped: 0.0002385 seconds, Stopping threads took: 0.0000116 seconds
[2019-06-24T09:24:35.082+0000][1][safepoint    ] Application time: 0.1777904 seconds
[2019-06-24T09:24:35.082+0000][1][safepoint    ] Entering safepoint region: GenCollectForAllocation
[2019-06-24T09:24:35.082+0000][1][gc,start     ] GC(3) Pause Young (Allocation Failure)
[2019-06-24T09:24:35.082+0000][1][gc,task      ] GC(3) Using 5 workers of 8 for evacuation
[2019-06-24T09:24:35.085+0000][1][gc,age       ] GC(3) Desired survivor size 4456448 bytes, new threshold 3 (max threshold 6)
[2019-06-24T09:24:35.085+0000][1][gc,age       ] GC(3) Age table with threshold 3 (max threshold 6)
[2019-06-24T09:24:35.085+0000][1][gc,age       ] GC(3) - age   1:    4010784 bytes,    4010784 total
[2019-06-24T09:24:35.085+0000][1][gc,age       ] GC(3) - age   2:     294016 bytes,    4304800 total
[2019-06-24T09:24:35.085+0000][1][gc,age       ] GC(3) - age   3:    1203392 bytes,    5508192 total
[2019-06-24T09:24:35.085+0000][1][gc,heap      ] GC(3) ParNew: 75054K->6747K(78656K)
[2019-06-24T09:24:35.085+0000][1][gc,heap      ] GC(3) CMS: 6627K->6627K(174784K)
[2019-06-24T09:24:35.085+0000][1][gc,metaspace ] GC(3) Metaspace: 18182K->18182K(1067008K)
[2019-06-24T09:24:35.085+0000][1][gc           ] GC(3) Pause Young (Allocation Failure) 79M->13M(247M) 3.355ms
[2019-06-24T09:24:35.085+0000][1][gc,cpu       ] GC(3) User=0.02s Sys=0.00s Real=0.01s
[2019-06-24T09:24:35.085+0000][1][safepoint    ] Leaving safepoint region
[2019-06-24T09:24:35.085+0000][1][safepoint    ] Total time for which application threads were stopped: 0.0035062 seconds, Stopping threads took: 0.0000114 seconds
[2019-06-24T09:24:35.085+0000][1][safepoint    ] Application time: 0.0001498 seconds
[2019-06-24T09:24:35.085+0000][1][safepoint    ] Entering safepoint region: RevokeBias
[2019-06-24T09:24:35.085+0000][1][safepoint    ] Leaving safepoint region
[2019-06-24T09:24:35.085+0000][1][safepoint    ] Total time for which application threads were stopped: 0.0001607 seconds, Stopping threads took: 0.0001189 seconds
[2019-06-24T09:24:35.085+0000][1][safepoint    ] Application time: 0.0000616 seconds
[2019-06-24T09:24:35.085+0000][1][safepoint    ] Entering safepoint region: BulkRevokeBias
[2019-06-24T09:24:35.086+0000][1][safepoint    ] Leaving safepoint region
[2019-06-24T09:24:35.086+0000][1][safepoint    ] Total time for which application threads were stopped: 0.0000976 seconds, Stopping threads took: 0.0000236 seconds
[2019-06-24T09:24:35.086+0000][1][safepoint    ] Application time: 0.0000895 seconds
[2019-06-24T09:24:35.086+0000][1][safepoint    ] Entering safepoint region: RevokeBias
[2019-06-24T09:24:35.086+0000][1][safepoint    ] Leaving safepoint region
[2019-06-24T09:24:35.086+0000][1][safepoint    ] Total time for which application threads were stopped: 0.0002376 seconds, Stopping threads took: 0.0001850 seconds
[2019-06-24T09:24:35.086+0000][1][safepoint    ] Application time: 0.0001055 seconds
[2019-06-24T09:24:35.086+0000][1][safepoint    ] Entering safepoint region: RevokeBias
[2019-06-24T09:24:35.086+0000][1][safepoint    ] Leaving safepoint region
[2019-06-24T09:24:35.086+0000][1][safepoint    ] Total time for which application threads were stopped: 0.0000820 seconds, Stopping threads took: 0.0000390 seconds
[2019-06-24T09:24:35.086+0000][1][safepoint    ] Application time: 0.0001017 seconds
[2019-06-24T09:24:35.086+0000][1][safepoint    ] Entering safepoint region: RevokeBias
[2019-06-24T09:24:35.086+0000][1][safepoint    ] Leaving safepoint region
[2019-06-24T09:24:35.086+0000][1][safepoint    ] Total time for which application threads were stopped: 0.0001091 seconds, Stopping threads took: 0.0000515 seconds
[2019-06-24T09:24:35.086+0000][1][safepoint    ] Application time: 0.0000617 seconds
[2019-06-24T09:24:35.086+0000][1][safepoint    ] Entering safepoint region: RevokeBias
[2019-06-24T09:24:35.087+0000][1][safepoint    ] Leaving safepoint region
[2019-06-24T09:24:35.087+0000][1][safepoint    ] Total time for which application threads were stopped: 0.0000893 seconds, Stopping threads took: 0.0000449 seconds
[2019-06-24T09:24:35.087+0000][1][safepoint    ] Application time: 0.0001039 seconds
[2019-06-24T09:24:35.087+0000][1][safepoint    ] Entering safepoint region: RevokeBias
[2019-06-24T09:24:35.087+0000][1][safepoint    ] Leaving safepoint region
[2019-06-24T09:24:35.087+0000][1][safepoint    ] Total time for which application threads were stopped: 0.0000781 seconds, Stopping threads took: 0.0000300 seconds
[2019-06-24T09:24:35.087+0000][1][safepoint    ] Application time: 0.0000393 seconds
[2019-06-24T09:24:35.087+0000][1][safepoint    ] Entering safepoint region: RevokeBias
[2019-06-24T09:24:35.087+0000][1][safepoint    ] Leaving safepoint region
[2019-06-24T09:24:35.087+0000][1][safepoint    ] Total time for which application threads were stopped: 0.0000506 seconds, Stopping threads took: 0.0000102 seconds
[2019-06-24T09:24:35.087+0000][1][safepoint    ] Application time: 0.0000416 seconds
[2019-06-24T09:24:35.087+0000][1][safepoint    ] Entering safepoint region: RevokeBias
[2019-06-24T09:24:35.087+0000][1][safepoint    ] Leaving safepoint region
[2019-06-24T09:24:35.087+0000][1][safepoint    ] Total time for which application threads were stopped: 0.0000487 seconds, Stopping threads took: 0.0000099 seconds
[2019-06-24T09:24:35.087+0000][1][safepoint    ] Application time: 0.0000943 seconds
[2019-06-24T09:24:35.087+0000][1][safepoint    ] Entering safepoint region: RevokeBias
[2019-06-24T09:24:35.087+0000][1][safepoint    ] Leaving safepoint region
[2019-06-24T09:24:35.087+0000][1][safepoint    ] Total time for which application threads were stopped: 0.0001610 seconds, Stopping threads took: 0.0001222 seconds
[2019-06-24T09:24:35.087+0000][1][safepoint    ] Application time: 0.0001018 seconds
[2019-06-24T09:24:35.087+0000][1][safepoint    ] Entering safepoint region: RevokeBias
[2019-06-24T09:24:35.087+0000][1][safepoint    ] Leaving safepoint region
[2019-06-24T09:24:35.087+0000][1][safepoint    ] Total time for which application threads were stopped: 0.0001063 seconds, Stopping threads took: 0.0000560 seconds
[2019-06-24T09:24:35.088+0000][1][safepoint    ] Application time: 0.0000960 seconds
[2019-06-24T09:24:35.088+0000][1][safepoint    ] Entering safepoint region: RevokeBias
[2019-06-24T09:24:35.088+0000][1][safepoint    ] Leaving safepoint region
[2019-06-24T09:24:35.088+0000][1][safepoint    ] Total time for which application threads were stopped: 0.0001504 seconds, Stopping threads took: 0.0001087 seconds
[2019-06-24T09:24:35.088+0000][1][safepoint    ] Application time: 0.0000446 seconds
[2019-06-24T09:24:35.088+0000][1][safepoint    ] Entering safepoint region: RevokeBias
[2019-06-24T09:24:35.088+0000][1][safepoint    ] Leaving safepoint region
[2019-06-24T09:24:35.088+0000][1][safepoint    ] Total time for which application threads were stopped: 0.0000399 seconds, Stopping threads took: 0.0000075 seconds
[2019-06-24T09:24:35.088+0000][1][safepoint    ] Application time: 0.0001178 seconds
[2019-06-24T09:24:35.088+0000][1][safepoint    ] Entering safepoint region: RevokeBias
[2019-06-24T09:24:35.088+0000][1][safepoint    ] Leaving safepoint region
[2019-06-24T09:24:35.088+0000][1][safepoint    ] Total time for which application threads were stopped: 0.0000790 seconds, Stopping threads took: 0.0000387 seconds
[2019-06-24T09:24:35.088+0000][1][safepoint    ] Application time: 0.0000791 seconds
[2019-06-24T09:24:35.088+0000][1][safepoint    ] Entering safepoint region: RevokeBias
[2019-06-24T09:24:35.088+0000][1][safepoint    ] Leaving safepoint region
[2019-06-24T09:24:35.088+0000][1][safepoint    ] Total time for which application threads were stopped: 0.0000698 seconds, Stopping threads took: 0.0000330 seconds
[2019-06-24T09:24:35.088+0000][1][safepoint    ] Application time: 0.0001055 seconds
[2019-06-24T09:24:35.088+0000][1][safepoint    ] Entering safepoint region: RevokeBias
[2019-06-24T09:24:35.088+0000][1][safepoint    ] Leaving safepoint region
[2019-06-24T09:24:35.088+0000][1][safepoint    ] Total time for which application threads were stopped: 0.0000684 seconds, Stopping threads took: 0.0000322 seconds
[2019-06-24T09:24:35.088+0000][1][safepoint    ] Application time: 0.0000705 seconds
[2019-06-24T09:24:35.089+0000][1][safepoint    ] Entering safepoint region: RevokeBias
[2019-06-24T09:24:35.089+0000][1][safepoint    ] Leaving safepoint region
[2019-06-24T09:24:35.089+0000][1][safepoint    ] Total time for which application threads were stopped: 0.0000603 seconds, Stopping threads took: 0.0000328 seconds
[2019-06-24T09:24:35.089+0000][1][safepoint    ] Application time: 0.0001795 seconds
[2019-06-24T09:24:35.089+0000][1][safepoint    ] Entering safepoint region: RevokeBias
[2019-06-24T09:24:35.089+0000][1][safepoint    ] Leaving safepoint region
[2019-06-24T09:24:35.089+0000][1][safepoint    ] Total time for which application threads were stopped: 0.0000588 seconds, Stopping threads took: 0.0000244 seconds
[2019-06-24T09:24:35.089+0000][1][safepoint    ] Application time: 0.0000359 seconds
[2019-06-24T09:24:35.089+0000][1][safepoint    ] Entering safepoint region: RevokeBias
[2019-06-24T09:24:35.089+0000][1][safepoint    ] Leaving safepoint region
[2019-06-24T09:24:35.089+0000][1][safepoint    ] Total time for which application threads were stopped: 0.0000568 seconds, Stopping threads took: 0.0000294 seconds
[2019-06-24T09:24:35.089+0000][1][safepoint    ] Application time: 0.0000371 seconds
[2019-06-24T09:24:35.089+0000][1][safepoint    ] Entering safepoint region: RevokeBias
[2019-06-24T09:24:35.089+0000][1][safepoint    ] Leaving safepoint region
[2019-06-24T09:24:35.089+0000][1][safepoint    ] Total time for which application threads were stopped: 0.0000628 seconds, Stopping threads took: 0.0000331 seconds
[2019-06-24T09:24:35.089+0000][1][safepoint    ] Application time: 0.0000343 seconds
[2019-06-24T09:24:35.089+0000][1][safepoint    ] Entering safepoint region: RevokeBias
[2019-06-24T09:24:35.089+0000][1][safepoint    ] Leaving safepoint region
[2019-06-24T09:24:35.089+0000][1][safepoint    ] Total time for which application threads were stopped: 0.0000545 seconds, Stopping threads took: 0.0000299 seconds
[2019-06-24T09:24:35.194+0000][1][safepoint    ] Application time: 0.1052992 seconds
[2019-06-24T09:24:35.195+0000][1][safepoint    ] Entering safepoint region: GenCollectForAllocation
[2019-06-24T09:24:35.195+0000][1][gc,start     ] GC(4) Pause Young (Allocation Failure)
[2019-06-24T09:24:35.195+0000][1][gc,task      ] GC(4) Using 5 workers of 8 for evacuation
[2019-06-24T09:24:35.199+0000][1][gc,age       ] GC(4) Desired survivor size 4456448 bytes, new threshold 2 (max threshold 6)
[2019-06-24T09:24:35.199+0000][1][gc,age       ] GC(4) Age table with threshold 2 (max threshold 6)
[2019-06-24T09:24:35.199+0000][1][gc,age       ] GC(4) - age   1:    1933552 bytes,    1933552 total
[2019-06-24T09:24:35.199+0000][1][gc,age       ] GC(4) - age   2:    3329384 bytes,    5262936 total
[2019-06-24T09:24:35.199+0000][1][gc,age       ] GC(4) - age   3:     293488 bytes,    5556424 total
[2019-06-24T09:24:35.199+0000][1][gc,heap      ] GC(4) ParNew: 76699K->8639K(78656K)
[2019-06-24T09:24:35.199+0000][1][gc,heap      ] GC(4) CMS: 6627K->7819K(174784K)
[2019-06-24T09:24:35.199+0000][1][gc,metaspace ] GC(4) Metaspace: 18395K->18395K(1067008K)
[2019-06-24T09:24:35.199+0000][1][gc           ] GC(4) Pause Young (Allocation Failure) 81M->16M(247M) 4.290ms
[2019-06-24T09:24:35.199+0000][1][gc,cpu       ] GC(4) User=0.03s Sys=0.01s Real=0.00s
[2019-06-24T09:24:35.199+0000][1][safepoint    ] Leaving safepoint region
[2019-06-24T09:24:35.199+0000][1][safepoint    ] Total time for which application threads were stopped: 0.0044428 seconds, Stopping threads took: 0.0000310 seconds
[2019-06-24T09:24:35.199+0000][1][safepoint    ] Application time: 0.0001251 seconds
[2019-06-24T09:24:35.199+0000][1][safepoint    ] Entering safepoint region: RevokeBias
[2019-06-24T09:24:35.199+0000][1][safepoint    ] Leaving safepoint region
[2019-06-24T09:24:35.199+0000][1][safepoint    ] Total time for which application threads were stopped: 0.0002071 seconds, Stopping threads took: 0.0001347 seconds
[2019-06-24T09:24:35.199+0000][1][safepoint    ] Application time: 0.0000438 seconds
[2019-06-24T09:24:35.199+0000][1][safepoint    ] Entering safepoint region: RevokeBias
[2019-06-24T09:24:35.199+0000][1][safepoint    ] Leaving safepoint region
[2019-06-24T09:24:35.199+0000][1][safepoint    ] Total time for which application threads were stopped: 0.0000759 seconds, Stopping threads took: 0.0000295 seconds
[2019-06-24T09:24:35.199+0000][1][safepoint    ] Application time: 0.0000421 seconds
[2019-06-24T09:24:35.200+0000][1][safepoint    ] Entering safepoint region: RevokeBias
[2019-06-24T09:24:35.200+0000][1][safepoint    ] Leaving safepoint region
[2019-06-24T09:24:35.200+0000][1][safepoint    ] Total time for which application threads were stopped: 0.0001507 seconds, Stopping threads took: 0.0001090 seconds
[2019-06-24T09:24:35.200+0000][1][safepoint    ] Application time: 0.0000400 seconds
[2019-06-24T09:24:35.200+0000][1][safepoint    ] Entering safepoint region: RevokeBias
[2019-06-24T09:24:35.200+0000][1][safepoint    ] Leaving safepoint region
[2019-06-24T09:24:35.200+0000][1][safepoint    ] Total time for which application threads were stopped: 0.0000384 seconds, Stopping threads took: 0.0000072 seconds
[2019-06-24T09:24:35.215+0000][1][safepoint    ] Application time: 0.0150031 seconds
[2019-06-24T09:24:35.215+0000][1][safepoint    ] Entering safepoint region: Deoptimize
[2019-06-24T09:24:35.215+0000][1][safepoint    ] Leaving safepoint region
[2019-06-24T09:24:35.215+0000][1][safepoint    ] Total time for which application threads were stopped: 0.0003786 seconds, Stopping threads took: 0.0000156 seconds
[2019-06-24T09:24:35.248+0000][1][safepoint    ] Application time: 0.0326549 seconds
[2019-06-24T09:24:35.248+0000][1][safepoint    ] Entering safepoint region: Deoptimize
[2019-06-24T09:24:35.248+0000][1][safepoint    ] Leaving safepoint region
[2019-06-24T09:24:35.248+0000][1][safepoint    ] Total time for which application threads were stopped: 0.0003416 seconds, Stopping threads took: 0.0000169 seconds
[2019-06-24T09:24:35.252+0000][1][safepoint    ] Application time: 0.0035035 seconds
[2019-06-24T09:24:35.252+0000][1][safepoint    ] Entering safepoint region: RevokeBias
[2019-06-24T09:24:35.252+0000][1][safepoint    ] Leaving safepoint region
[2019-06-24T09:24:35.252+0000][1][safepoint    ] Total time for which application threads were stopped: 0.0000786 seconds, Stopping threads took: 0.0000133 seconds
[2019-06-24T09:24:35.324+0000][1][safepoint    ] Application time: 0.0724794 seconds
[2019-06-24T09:24:35.324+0000][1][safepoint    ] Entering safepoint region: GenCollectForAllocation
[2019-06-24T09:24:35.324+0000][1][gc,start     ] GC(5) Pause Young (Allocation Failure)
[2019-06-24T09:24:35.324+0000][1][gc,task      ] GC(5) Using 5 workers of 8 for evacuation
[2019-06-24T09:24:35.329+0000][1][gc,age       ] GC(5) Desired survivor size 4456448 bytes, new threshold 6 (max threshold 6)
[2019-06-24T09:24:35.329+0000][1][gc,age       ] GC(5) Age table with threshold 6 (max threshold 6)
[2019-06-24T09:24:35.329+0000][1][gc,age       ] GC(5) - age   1:    3052824 bytes,    3052824 total
[2019-06-24T09:24:35.329+0000][1][gc,age       ] GC(5) - age   2:     446872 bytes,    3499696 total
[2019-06-24T09:24:35.329+0000][1][gc,heap      ] GC(5) ParNew: 78591K->6323K(78656K)
[2019-06-24T09:24:35.329+0000][1][gc,heap      ] GC(5) CMS: 7819K->11391K(174784K)
[2019-06-24T09:24:35.329+0000][1][gc,metaspace ] GC(5) Metaspace: 18739K->18739K(1067008K)
[2019-06-24T09:24:35.329+0000][1][gc           ] GC(5) Pause Young (Allocation Failure) 84M->17M(247M) 4.677ms
[2019-06-24T09:24:35.329+0000][1][gc,cpu       ] GC(5) User=0.04s Sys=0.01s Real=0.00s
[2019-06-24T09:24:35.329+0000][1][safepoint    ] Leaving safepoint region
[2019-06-24T09:24:35.329+0000][1][safepoint    ] Total time for which application threads were stopped: 0.0047981 seconds, Stopping threads took: 0.0000121 seconds
[2019-06-24T09:24:35.329+0000][1][safepoint    ] Application time: 0.0001653 seconds
[2019-06-24T09:24:35.329+0000][1][safepoint    ] Entering safepoint region: RevokeBias
[2019-06-24T09:24:35.329+0000][1][safepoint    ] Leaving safepoint region
[2019-06-24T09:24:35.329+0000][1][safepoint    ] Total time for which application threads were stopped: 0.0000966 seconds, Stopping threads took: 0.0000507 seconds
[2019-06-24T09:24:35.330+0000][1][safepoint    ] Application time: 0.0000441 seconds
[2019-06-24T09:24:35.330+0000][1][safepoint    ] Entering safepoint region: RevokeBias
[2019-06-24T09:24:35.330+0000][1][safepoint    ] Leaving safepoint region
[2019-06-24T09:24:35.330+0000][1][safepoint    ] Total time for which application threads were stopped: 0.0001710 seconds, Stopping threads took: 0.0001325 seconds
[2019-06-24T09:24:35.330+0000][1][safepoint    ] Application time: 0.0001029 seconds
[2019-06-24T09:24:35.330+0000][1][safepoint    ] Entering safepoint region: RevokeBias
[2019-06-24T09:24:35.330+0000][1][safepoint    ] Leaving safepoint region
[2019-06-24T09:24:35.330+0000][1][safepoint    ] Total time for which application threads were stopped: 0.0000664 seconds, Stopping threads took: 0.0000320 seconds
[2019-06-24T09:24:35.330+0000][1][safepoint    ] Application time: 0.0000425 seconds
[2019-06-24T09:24:35.330+0000][1][safepoint    ] Entering safepoint region: RevokeBias
[2019-06-24T09:24:35.330+0000][1][safepoint    ] Leaving safepoint region
[2019-06-24T09:24:35.330+0000][1][safepoint    ] Total time for which application threads were stopped: 0.0000605 seconds, Stopping threads took: 0.0000287 seconds
[2019-06-24T09:24:35.330+0000][1][safepoint    ] Application time: 0.0000406 seconds
[2019-06-24T09:24:35.330+0000][1][safepoint    ] Entering safepoint region: RevokeBias
[2019-06-24T09:24:35.330+0000][1][safepoint    ] Leaving safepoint region
[2019-06-24T09:24:35.330+0000][1][safepoint    ] Total time for which application threads were stopped: 0.0000593 seconds, Stopping threads took: 0.0000284 seconds
[2019-06-24T09:24:35.330+0000][1][safepoint    ] Application time: 0.0000634 seconds
[2019-06-24T09:24:35.330+0000][1][safepoint    ] Entering safepoint region: RevokeBias
[2019-06-24T09:24:35.330+0000][1][safepoint    ] Leaving safepoint region
[2019-06-24T09:24:35.330+0000][1][safepoint    ] Total time for which application threads were stopped: 0.0000572 seconds, Stopping threads took: 0.0000276 seconds
[2019-06-24T09:24:35.395+0000][1][safepoint    ] Application time: 0.0651059 seconds
[2019-06-24T09:24:35.395+0000][1][safepoint    ] Entering safepoint region: RevokeBias
[2019-06-24T09:24:35.395+0000][1][safepoint    ] Leaving safepoint region
[2019-06-24T09:24:35.395+0000][1][safepoint    ] Total time for which application threads were stopped: 0.0000521 seconds, Stopping threads took: 0.0000103 seconds
[2019-06-24T09:24:35.396+0000][1][safepoint    ] Application time: 0.0001275 seconds
[2019-06-24T09:24:35.396+0000][1][safepoint    ] Entering safepoint region: BulkRevokeBias
[2019-06-24T09:24:35.396+0000][1][safepoint    ] Leaving safepoint region
[2019-06-24T09:24:35.396+0000][1][safepoint    ] Total time for which application threads were stopped: 0.0000845 seconds, Stopping threads took: 0.0000076 seconds
[2019-06-24T09:24:35.420+0000][1][safepoint    ] Application time: 0.0245265 seconds
[2019-06-24T09:24:35.420+0000][1][safepoint    ] Entering safepoint region: GenCollectForAllocation
[2019-06-24T09:24:35.420+0000][1][gc,start     ] GC(6) Pause Young (Allocation Failure)
[2019-06-24T09:24:35.420+0000][1][gc,task      ] GC(6) Using 5 workers of 8 for evacuation
[2019-06-24T09:24:35.423+0000][1][gc,age       ] GC(6) Desired survivor size 4456448 bytes, new threshold 3 (max threshold 6)
[2019-06-24T09:24:35.423+0000][1][gc,age       ] GC(6) Age table with threshold 3 (max threshold 6)
[2019-06-24T09:24:35.423+0000][1][gc,age       ] GC(6) - age   1:    2062056 bytes,    2062056 total
[2019-06-24T09:24:35.423+0000][1][gc,age       ] GC(6) - age   2:    2195088 bytes,    4257144 total
[2019-06-24T09:24:35.423+0000][1][gc,age       ] GC(6) - age   3:     446872 bytes,    4704016 total
[2019-06-24T09:24:35.423+0000][1][gc,heap      ] GC(6) ParNew: 76275K->5550K(78656K)
[2019-06-24T09:24:35.423+0000][1][gc,heap      ] GC(6) CMS: 11391K->11391K(174784K)
[2019-06-24T09:24:35.423+0000][1][gc,metaspace ] GC(6) Metaspace: 19047K->19047K(1067008K)
[2019-06-24T09:24:35.423+0000][1][gc           ] GC(6) Pause Young (Allocation Failure) 85M->16M(247M) 2.551ms
[2019-06-24T09:24:35.423+0000][1][gc,cpu       ] GC(6) User=0.02s Sys=0.00s Real=0.01s
[2019-06-24T09:24:35.423+0000][1][safepoint    ] Leaving safepoint region
[2019-06-24T09:24:35.423+0000][1][safepoint    ] Total time for which application threads were stopped: 0.0026522 seconds, Stopping threads took: 0.0000140 seconds
[2019-06-24T09:24:35.423+0000][1][safepoint    ] Application time: 0.0001237 seconds
[2019-06-24T09:24:35.423+0000][1][safepoint    ] Entering safepoint region: BulkRevokeBias
[2019-06-24T09:24:35.423+0000][1][safepoint    ] Leaving safepoint region
[2019-06-24T09:24:35.423+0000][1][safepoint    ] Total time for which application threads were stopped: 0.0001259 seconds, Stopping threads took: 0.0000506 seconds
[2019-06-24T09:24:35.566+0000][1][safepoint    ] Application time: 0.1427006 seconds
[2019-06-24T09:24:35.566+0000][1][safepoint    ] Entering safepoint region: CollectForMetadataAllocation
[2019-06-24T09:24:35.566+0000][1][safepoint    ] Leaving safepoint region
[2019-06-24T09:24:35.566+0000][1][safepoint    ] Total time for which application threads were stopped: 0.0002309 seconds, Stopping threads took: 0.0000168 seconds
[2019-06-24T09:24:35.569+0000][1][safepoint    ] Application time: 0.0026884 seconds
[2019-06-24T09:24:35.569+0000][1][safepoint    ] Entering safepoint region: GenCollectForAllocation
[2019-06-24T09:24:35.569+0000][1][gc,start     ] GC(7) Pause Young (Allocation Failure)
[2019-06-24T09:24:35.569+0000][1][gc,task      ] GC(7) Using 5 workers of 8 for evacuation
[2019-06-24T09:24:35.572+0000][1][gc,age       ] GC(7) Desired survivor size 4456448 bytes, new threshold 6 (max threshold 6)
[2019-06-24T09:24:35.572+0000][1][gc,age       ] GC(7) Age table with threshold 6 (max threshold 6)
[2019-06-24T09:24:35.572+0000][1][gc,age       ] GC(7) - age   1:     771088 bytes,     771088 total
[2019-06-24T09:24:35.572+0000][1][gc,age       ] GC(7) - age   2:    1130032 bytes,    1901120 total
[2019-06-24T09:24:35.572+0000][1][gc,age       ] GC(7) - age   3:    2193128 bytes,    4094248 total
[2019-06-24T09:24:35.572+0000][1][gc,heap      ] GC(7) ParNew: 75502K->5505K(78656K)
[2019-06-24T09:24:35.572+0000][1][gc,heap      ] GC(7) CMS: 11391K->11831K(174784K)
[2019-06-24T09:24:35.572+0000][1][gc,metaspace ] GC(7) Metaspace: 20069K->20069K(1069056K)
[2019-06-24T09:24:35.572+0000][1][gc           ] GC(7) Pause Young (Allocation Failure) 84M->16M(247M) 2.946ms
[2019-06-24T09:24:35.572+0000][1][gc,cpu       ] GC(7) User=0.03s Sys=0.00s Real=0.00s
[2019-06-24T09:24:35.572+0000][1][safepoint    ] Leaving safepoint region
[2019-06-24T09:24:35.572+0000][1][safepoint    ] Total time for which application threads were stopped: 0.0030528 seconds, Stopping threads took: 0.0000128 seconds
[2019-06-24T09:24:35.572+0000][1][safepoint    ] Application time: 0.0000970 seconds
[2019-06-24T09:24:35.572+0000][1][safepoint    ] Entering safepoint region: CMS_Initial_Mark
[2019-06-24T09:24:35.572+0000][1][gc,start     ] GC(8) Pause Initial Mark
[2019-06-24T09:24:35.573+0000][1][gc           ] GC(8) Pause Initial Mark 18M->18M(247M) 0.715ms
[2019-06-24T09:24:35.573+0000][1][gc,cpu       ] GC(8) User=0.00s Sys=0.00s Real=0.00s
[2019-06-24T09:24:35.573+0000][1][safepoint    ] Leaving safepoint region
[2019-06-24T09:24:35.573+0000][1][safepoint    ] Total time for which application threads were stopped: 0.0008327 seconds, Stopping threads took: 0.0000517 seconds
[2019-06-24T09:24:35.573+0000][1][gc           ] GC(8) Concurrent Mark
[2019-06-24T09:24:35.573+0000][1][gc,task      ] GC(8) Using 2 workers of 2 for marking
[2019-06-24T09:24:35.584+0000][1][gc           ] GC(8) Concurrent Mark 11.513ms
[2019-06-24T09:24:35.585+0000][1][gc,cpu       ] GC(8) User=0.08s Sys=0.00s Real=0.02s
[2019-06-24T09:24:35.585+0000][1][gc           ] GC(8) Concurrent Preclean
[2019-06-24T09:24:35.585+0000][1][gc           ] GC(8) Concurrent Preclean 0.883ms
[2019-06-24T09:24:35.585+0000][1][gc,cpu       ] GC(8) User=0.00s Sys=0.00s Real=0.00s
[2019-06-24T09:24:35.585+0000][1][gc           ] GC(8) Concurrent Abortable Preclean
[2019-06-24T09:24:35.665+0000][1][safepoint    ] Application time: 0.0925305 seconds
[2019-06-24T09:24:35.665+0000][1][safepoint    ] Entering safepoint region: GenCollectForAllocation
[2019-06-24T09:24:35.666+0000][1][gc,start     ] GC(9) Pause Young (Allocation Failure)
[2019-06-24T09:24:35.666+0000][1][gc,task      ] GC(9) Using 5 workers of 8 for evacuation
[2019-06-24T09:24:35.669+0000][1][gc,age       ] GC(9) Desired survivor size 4456448 bytes, new threshold 4 (max threshold 6)
[2019-06-24T09:24:35.669+0000][1][gc,age       ] GC(9) Age table with threshold 4 (max threshold 6)
[2019-06-24T09:24:35.669+0000][1][gc,age       ] GC(9) - age   1:    1033264 bytes,    1033264 total
[2019-06-24T09:24:35.669+0000][1][gc,age       ] GC(9) - age   2:     724240 bytes,    1757504 total
[2019-06-24T09:24:35.669+0000][1][gc,age       ] GC(9) - age   3:    1129936 bytes,    2887440 total
[2019-06-24T09:24:35.669+0000][1][gc,age       ] GC(9) - age   4:    2192792 bytes,    5080232 total
[2019-06-24T09:24:35.669+0000][1][gc,heap      ] GC(9) ParNew: 75457K->8144K(78656K)
[2019-06-24T09:24:35.669+0000][1][gc,heap      ] GC(9) CMS: 11831K->11831K(174784K)
[2019-06-24T09:24:35.669+0000][1][gc,metaspace ] GC(9) Metaspace: 20096K->20096K(1069056K)
[2019-06-24T09:24:35.669+0000][1][gc           ] GC(9) Pause Young (Allocation Failure) 85M->19M(247M) 3.783ms
[2019-06-24T09:24:35.669+0000][1][gc,cpu       ] GC(9) User=0.03s Sys=0.00s Real=0.00s
[2019-06-24T09:24:35.669+0000][1][safepoint    ] Leaving safepoint region
[2019-06-24T09:24:35.669+0000][1][safepoint    ] Total time for which application threads were stopped: 0.0038901 seconds, Stopping threads took: 0.0000125 seconds
[2019-06-24T09:24:35.756+0000][1][safepoint    ] Application time: 0.0868906 seconds
[2019-06-24T09:24:35.756+0000][1][safepoint    ] Entering safepoint region: GenCollectForAllocation
[2019-06-24T09:24:35.756+0000][1][gc,start     ] GC(10) Pause Young (Allocation Failure)
[2019-06-24T09:24:35.756+0000][1][gc,task      ] GC(10) Using 5 workers of 8 for evacuation
[2019-06-24T09:24:35.761+0000][1][gc,age       ] GC(10) Desired survivor size 4456448 bytes, new threshold 6 (max threshold 6)
[2019-06-24T09:24:35.761+0000][1][gc,age       ] GC(10) Age table with threshold 6 (max threshold 6)
[2019-06-24T09:24:35.761+0000][1][gc,age       ] GC(10) - age   1:     564248 bytes,     564248 total
[2019-06-24T09:24:35.761+0000][1][gc,age       ] GC(10) - age   2:     275096 bytes,     839344 total
[2019-06-24T09:24:35.761+0000][1][gc,age       ] GC(10) - age   3:     724120 bytes,    1563464 total
[2019-06-24T09:24:35.761+0000][1][gc,age       ] GC(10) - age   4:    1129936 bytes,    2693400 total
[2019-06-24T09:24:35.761+0000][1][gc,heap      ] GC(10) ParNew: 78096K->3643K(78656K)
[2019-06-24T09:24:35.761+0000][1][gc,heap      ] GC(10) CMS: 11831K->13987K(174784K)
[2019-06-24T09:24:35.761+0000][1][gc,metaspace ] GC(10) Metaspace: 20214K->20214K(1069056K)
[2019-06-24T09:24:35.761+0000][1][gc           ] GC(10) Pause Young (Allocation Failure) 87M->17M(247M) 5.040ms
[2019-06-24T09:24:35.761+0000][1][gc,cpu       ] GC(10) User=0.04s Sys=0.00s Real=0.00s
[2019-06-24T09:24:35.761+0000][1][safepoint    ] Leaving safepoint region
[2019-06-24T09:24:35.761+0000][1][safepoint    ] Total time for which application threads were stopped: 0.0051629 seconds, Stopping threads took: 0.0000154 seconds
[2019-06-24T09:24:35.761+0000][1][gc           ] GC(8) Concurrent Abortable Preclean 175.987ms
[2019-06-24T09:24:35.762+0000][1][gc,cpu       ] GC(8) User=0.84s Sys=0.02s Real=0.17s
[2019-06-24T09:24:35.762+0000][1][safepoint    ] Application time: 0.0000653 seconds
[2019-06-24T09:24:35.762+0000][1][safepoint    ] Entering safepoint region: CMS_Final_Remark
[2019-06-24T09:24:35.762+0000][1][gc,start     ] GC(8) Pause Remark
[2019-06-24T09:24:35.769+0000][1][gc           ] GC(8) Pause Remark 18M->18M(247M) 6.972ms
[2019-06-24T09:24:35.769+0000][1][gc,cpu       ] GC(8) User=0.03s Sys=0.00s Real=0.01s
[2019-06-24T09:24:35.769+0000][1][safepoint    ] Leaving safepoint region
[2019-06-24T09:24:35.769+0000][1][safepoint    ] Total time for which application threads were stopped: 0.0070823 seconds, Stopping threads took: 0.0000127 seconds
[2019-06-24T09:24:35.769+0000][1][gc           ] GC(8) Concurrent Sweep
[2019-06-24T09:24:35.773+0000][1][gc           ] GC(8) Concurrent Sweep 4.704ms
[2019-06-24T09:24:35.773+0000][1][gc,cpu       ] GC(8) User=0.02s Sys=0.00s Real=0.00s
[2019-06-24T09:24:35.773+0000][1][gc           ] GC(8) Concurrent Reset
[2019-06-24T09:24:35.774+0000][1][gc           ] GC(8) Concurrent Reset 0.354ms
[2019-06-24T09:24:35.774+0000][1][gc,cpu       ] GC(8) User=0.00s Sys=0.00s Real=0.00s
[2019-06-24T09:24:35.774+0000][1][gc,heap      ] GC(8) Old: 11831K->13961K(174784K)
[2019-06-24T09:24:35.855+0000][1][safepoint    ] Application time: 0.0868174 seconds
[2019-06-24T09:24:35.855+0000][1][safepoint    ] Entering safepoint region: GenCollectForAllocation
[2019-06-24T09:24:35.856+0000][1][gc,start     ] GC(11) Pause Young (Allocation Failure)
[2019-06-24T09:24:35.856+0000][1][gc,task      ] GC(11) Using 5 workers of 8 for evacuation
[2019-06-24T09:24:35.859+0000][1][gc,age       ] GC(11) Desired survivor size 4456448 bytes, new threshold 6 (max threshold 6)
[2019-06-24T09:24:35.859+0000][1][gc,age       ] GC(11) Age table with threshold 6 (max threshold 6)
[2019-06-24T09:24:35.859+0000][1][gc,age       ] GC(11) - age   1:    2003704 bytes,    2003704 total
[2019-06-24T09:24:35.859+0000][1][gc,age       ] GC(11) - age   2:     100544 bytes,    2104248 total
[2019-06-24T09:24:35.859+0000][1][gc,age       ] GC(11) - age   3:     275096 bytes,    2379344 total
[2019-06-24T09:24:35.859+0000][1][gc,age       ] GC(11) - age   4:     723968 bytes,    3103312 total
[2019-06-24T09:24:35.859+0000][1][gc,age       ] GC(11) - age   5:    1129648 bytes,    4232960 total
[2019-06-24T09:24:35.859+0000][1][gc,heap      ] GC(11) ParNew: 73595K->5000K(78656K)
[2019-06-24T09:24:35.859+0000][1][gc,heap      ] GC(11) CMS: 13961K->13961K(174784K)
[2019-06-24T09:24:35.859+0000][1][gc,metaspace ] GC(11) Metaspace: 20296K->20296K(1069056K)
[2019-06-24T09:24:35.859+0000][1][gc           ] GC(11) Pause Young (Allocation Failure) 85M->18M(247M) 3.239ms
[2019-06-24T09:24:35.859+0000][1][gc,cpu       ] GC(11) User=0.02s Sys=0.00s Real=0.00s
[2019-06-24T09:24:35.859+0000][1][safepoint    ] Leaving safepoint region
[2019-06-24T09:24:35.859+0000][1][safepoint    ] Total time for which application threads were stopped: 0.0036738 seconds, Stopping threads took: 0.0000129 seconds
[2019-06-24T09:24:35.926+0000][1][safepoint    ] Application time: 0.0667769 seconds
[2019-06-24T09:24:35.926+0000][1][safepoint    ] Entering safepoint region: Deoptimize
[2019-06-24T09:24:35.926+0000][1][safepoint    ] Leaving safepoint region
[2019-06-24T09:24:35.926+0000][1][safepoint    ] Total time for which application threads were stopped: 0.0002991 seconds, Stopping threads took: 0.0000111 seconds
[2019-06-24T09:24:36.268+0000][1][safepoint    ] Application time: 0.3414965 seconds
[2019-06-24T09:24:36.268+0000][1][safepoint    ] Entering safepoint region: Deoptimize
[2019-06-24T09:24:36.268+0000][1][safepoint    ] Leaving safepoint region
[2019-06-24T09:24:36.268+0000][1][safepoint    ] Total time for which application threads were stopped: 0.0005968 seconds, Stopping threads took: 0.0000114 seconds
[2019-06-24T09:24:36.277+0000][1][safepoint    ] Application time: 0.0086432 seconds
[2019-06-24T09:24:36.277+0000][1][safepoint    ] Entering safepoint region: RevokeBias
[2019-06-24T09:24:36.277+0000][1][safepoint    ] Leaving safepoint region
[2019-06-24T09:24:36.277+0000][1][safepoint    ] Total time for which application threads were stopped: 0.0000591 seconds, Stopping threads took: 0.0000117 seconds
[2019-06-24T09:24:36.278+0000][1][safepoint    ] Application time: 0.0003752 seconds
[2019-06-24T09:24:36.278+0000][1][safepoint    ] Entering safepoint region: Deoptimize
[2019-06-24T09:24:36.278+0000][1][safepoint    ] Leaving safepoint region
[2019-06-24T09:24:36.278+0000][1][safepoint    ] Total time for which application threads were stopped: 0.0002594 seconds, Stopping threads took: 0.0000093 seconds
[2019-06-24T09:24:36.281+0000][1][safepoint    ] Application time: 0.0032060 seconds
[2019-06-24T09:24:36.281+0000][1][safepoint    ] Entering safepoint region: Deoptimize
[2019-06-24T09:24:36.281+0000][1][safepoint    ] Leaving safepoint region
[2019-06-24T09:24:36.281+0000][1][safepoint    ] Total time for which application threads were stopped: 0.0002591 seconds, Stopping threads took: 0.0000095 seconds
[2019-06-24T09:24:36.386+0000][1][safepoint    ] Application time: 0.1050283 seconds
[2019-06-24T09:24:36.386+0000][1][safepoint    ] Entering safepoint region: GenCollectForAllocation
[2019-06-24T09:24:36.387+0000][1][gc,start     ] GC(12) Pause Young (Allocation Failure)
[2019-06-24T09:24:36.387+0000][1][gc,task      ] GC(12) Using 5 workers of 8 for evacuation
[2019-06-24T09:24:36.392+0000][1][gc,age       ] GC(12) Desired survivor size 4456448 bytes, new threshold 3 (max threshold 6)
[2019-06-24T09:24:36.392+0000][1][gc,age       ] GC(12) Age table with threshold 3 (max threshold 6)
[2019-06-24T09:24:36.392+0000][1][gc,age       ] GC(12) - age   1:    4104200 bytes,    4104200 total
[2019-06-24T09:24:36.392+0000][1][gc,age       ] GC(12) - age   2:     345672 bytes,    4449872 total
[2019-06-24T09:24:36.392+0000][1][gc,age       ] GC(12) - age   3:     100248 bytes,    4550120 total
[2019-06-24T09:24:36.392+0000][1][gc,age       ] GC(12) - age   4:     275096 bytes,    4825216 total
[2019-06-24T09:24:36.392+0000][1][gc,age       ] GC(12) - age   5:     718608 bytes,    5543824 total
[2019-06-24T09:24:36.392+0000][1][gc,age       ] GC(12) - age   6:    1129488 bytes,    6673312 total
[2019-06-24T09:24:36.392+0000][1][gc,heap      ] GC(12) ParNew: 74952K->8704K(78656K)
[2019-06-24T09:24:36.392+0000][1][gc,heap      ] GC(12) CMS: 13961K->13961K(174784K)
[2019-06-24T09:24:36.392+0000][1][gc,metaspace ] GC(12) Metaspace: 26182K->26182K(1073152K)
[2019-06-24T09:24:36.392+0000][1][gc           ] GC(12) Pause Young (Allocation Failure) 86M->22M(247M) 5.314ms
[2019-06-24T09:24:36.392+0000][1][gc,cpu       ] GC(12) User=0.03s Sys=0.00s Real=0.00s
[2019-06-24T09:24:36.392+0000][1][safepoint    ] Leaving safepoint region
[2019-06-24T09:24:36.392+0000][1][safepoint    ] Total time for which application threads were stopped: 0.0054925 seconds, Stopping threads took: 0.0000197 seconds
[2019-06-24T09:24:36.676+0000][1][safepoint    ] Application time: 0.2844358 seconds
[2019-06-24T09:24:36.676+0000][1][safepoint    ] Entering safepoint region: Deoptimize
[2019-06-24T09:24:36.677+0000][1][safepoint    ] Leaving safepoint region
[2019-06-24T09:24:36.677+0000][1][safepoint    ] Total time for which application threads were stopped: 0.0007002 seconds, Stopping threads took: 0.0000173 seconds
[2019-06-24T09:24:37.043+0000][1][safepoint    ] Application time: 0.3662333 seconds
[2019-06-24T09:24:37.043+0000][1][safepoint    ] Entering safepoint region: GenCollectForAllocation
[2019-06-24T09:24:37.043+0000][1][gc,start     ] GC(13) Pause Young (Allocation Failure)
[2019-06-24T09:24:37.044+0000][1][gc,task      ] GC(13) Using 5 workers of 8 for evacuation
[2019-06-24T09:24:37.063+0000][1][gc,age       ] GC(13) Desired survivor size 4456448 bytes, new threshold 1 (max threshold 6)
[2019-06-24T09:24:37.063+0000][1][gc,age       ] GC(13) Age table with threshold 1 (max threshold 6)
[2019-06-24T09:24:37.063+0000][1][gc,age       ] GC(13) - age   1:    5019152 bytes,    5019152 total
[2019-06-24T09:24:37.063+0000][1][gc,age       ] GC(13) - age   2:    3548592 bytes,    8567744 total
[2019-06-24T09:24:37.063+0000][1][gc,age       ] GC(13) - age   3:     345440 bytes,    8913184 total
[2019-06-24T09:24:37.063+0000][1][gc,heap      ] GC(13) ParNew: 78656K->8704K(78656K)
[2019-06-24T09:24:37.063+0000][1][gc,heap      ] GC(13) CMS: 13961K->25320K(174784K)
[2019-06-24T09:24:37.063+0000][1][gc,metaspace ] GC(13) Metaspace: 26854K->26854K(1075200K)
[2019-06-24T09:24:37.063+0000][1][gc           ] GC(13) Pause Young (Allocation Failure) 90M->33M(247M) 19.762ms
[2019-06-24T09:24:37.063+0000][1][gc,cpu       ] GC(13) User=0.14s Sys=0.00s Real=0.02s
[2019-06-24T09:24:37.063+0000][1][safepoint    ] Leaving safepoint region
[2019-06-24T09:24:37.063+0000][1][safepoint    ] Total time for which application threads were stopped: 0.0199304 seconds, Stopping threads took: 0.0000189 seconds
[2019-06-24T09:24:37.447+0000][1][safepoint    ] Application time: 0.3840542 seconds
[2019-06-24T09:24:37.447+0000][1][safepoint    ] Entering safepoint region: GenCollectForAllocation
[2019-06-24T09:24:37.447+0000][1][gc,start     ] GC(14) Pause Young (Allocation Failure)
[2019-06-24T09:24:37.448+0000][1][gc,task      ] GC(14) Using 5 workers of 8 for evacuation
[2019-06-24T09:24:37.469+0000][1][gc,age       ] GC(14) Desired survivor size 4456448 bytes, new threshold 1 (max threshold 6)
[2019-06-24T09:24:37.469+0000][1][gc,age       ] GC(14) Age table with threshold 1 (max threshold 6)
[2019-06-24T09:24:37.469+0000][1][gc,age       ] GC(14) - age   1:    8912680 bytes,    8912680 total
[2019-06-24T09:24:37.469+0000][1][gc,heap      ] GC(14) ParNew: 78656K->8704K(78656K)
[2019-06-24T09:24:37.469+0000][1][gc,heap      ] GC(14) CMS: 25320K->38745K(174784K)
[2019-06-24T09:24:37.469+0000][1][gc,metaspace ] GC(14) Metaspace: 26899K->26899K(1075200K)
[2019-06-24T09:24:37.469+0000][1][gc           ] GC(14) Pause Young (Allocation Failure) 101M->46M(247M) 21.779ms
[2019-06-24T09:24:37.469+0000][1][gc,cpu       ] GC(14) User=0.14s Sys=0.00s Real=0.02s
[2019-06-24T09:24:37.469+0000][1][safepoint    ] Leaving safepoint region
[2019-06-24T09:24:37.469+0000][1][safepoint    ] Total time for which application threads were stopped: 0.0219056 seconds, Stopping threads took: 0.0000199 seconds
[2019-06-24T09:24:37.552+0000][1][safepoint    ] Application time: 0.0823800 seconds
[2019-06-24T09:24:37.552+0000][1][safepoint    ] Entering safepoint region: RevokeBias
[2019-06-24T09:24:37.552+0000][1][safepoint    ] Leaving safepoint region
[2019-06-24T09:24:37.552+0000][1][safepoint    ] Total time for which application threads were stopped: 0.0000830 seconds, Stopping threads took: 0.0000165 seconds
[2019-06-24T09:24:37.901+0000][1][safepoint    ] Application time: 0.3487135 seconds
[2019-06-24T09:24:37.901+0000][1][safepoint    ] Entering safepoint region: RevokeBias
[2019-06-24T09:24:37.901+0000][1][safepoint    ] Leaving safepoint region
[2019-06-24T09:24:37.901+0000][1][safepoint    ] Total time for which application threads were stopped: 0.0001292 seconds, Stopping threads took: 0.0000167 seconds
[2019-06-24T09:24:38.010+0000][1][safepoint    ] Application time: 0.1096439 seconds
[2019-06-24T09:24:38.010+0000][1][safepoint    ] Entering safepoint region: GenCollectForAllocation
[2019-06-24T09:24:38.010+0000][1][gc,start     ] GC(15) Pause Young (Allocation Failure)
[2019-06-24T09:24:38.011+0000][1][gc,task      ] GC(15) Using 5 workers of 8 for evacuation
[2019-06-24T09:24:38.026+0000][1][gc,age       ] GC(15) Desired survivor size 4456448 bytes, new threshold 1 (max threshold 6)
[2019-06-24T09:24:38.026+0000][1][gc,age       ] GC(15) Age table with threshold 1 (max threshold 6)
[2019-06-24T09:24:38.026+0000][1][gc,age       ] GC(15) - age   1:    6395880 bytes,    6395880 total
[2019-06-24T09:24:38.026+0000][1][gc,heap      ] GC(15) ParNew: 78656K->8704K(78656K)
[2019-06-24T09:24:38.026+0000][1][gc,heap      ] GC(15) CMS: 38745K->49317K(174784K)
[2019-06-24T09:24:38.026+0000][1][gc,metaspace ] GC(15) Metaspace: 32180K->32180K(1079296K)
[2019-06-24T09:24:38.026+0000][1][gc           ] GC(15) Pause Young (Allocation Failure) 114M->56M(247M) 15.125ms
[2019-06-24T09:24:38.026+0000][1][gc,cpu       ] GC(15) User=0.08s Sys=0.00s Real=0.02s
[2019-06-24T09:24:38.026+0000][1][safepoint    ] Leaving safepoint region
[2019-06-24T09:24:38.026+0000][1][safepoint    ] Total time for which application threads were stopped: 0.0152715 seconds, Stopping threads took: 0.0000121 seconds
[2019-06-24T09:24:38.124+0000][1][safepoint    ] Application time: 0.0982506 seconds
[2019-06-24T09:24:38.124+0000][1][safepoint    ] Entering safepoint region: GenCollectForAllocation
[2019-06-24T09:24:38.124+0000][1][gc,start     ] GC(16) Pause Young (Allocation Failure)
[2019-06-24T09:24:38.124+0000][1][gc,task      ] GC(16) Using 5 workers of 8 for evacuation
[2019-06-24T09:24:38.131+0000][1][gc,age       ] GC(16) Desired survivor size 4456448 bytes, new threshold 6 (max threshold 6)
[2019-06-24T09:24:38.131+0000][1][gc,age       ] GC(16) Age table with threshold 6 (max threshold 6)
[2019-06-24T09:24:38.131+0000][1][gc,age       ] GC(16) - age   1:     314920 bytes,     314920 total
[2019-06-24T09:24:38.131+0000][1][gc,heap      ] GC(16) ParNew: 78656K->6808K(78656K)
[2019-06-24T09:24:38.131+0000][1][gc,heap      ] GC(16) CMS: 49317K->55564K(174784K)
[2019-06-24T09:24:38.131+0000][1][gc,metaspace ] GC(16) Metaspace: 32720K->32720K(1079296K)
[2019-06-24T09:24:38.131+0000][1][gc           ] GC(16) Pause Young (Allocation Failure) 124M->60M(247M) 7.013ms
[2019-06-24T09:24:38.131+0000][1][gc,cpu       ] GC(16) User=0.04s Sys=0.00s Real=0.00s
[2019-06-24T09:24:38.131+0000][1][safepoint    ] Leaving safepoint region
[2019-06-24T09:24:38.131+0000][1][safepoint    ] Total time for which application threads were stopped: 0.0071517 seconds, Stopping threads took: 0.0000170 seconds
[2019-06-24T09:24:38.295+0000][1][safepoint    ] Application time: 0.1642180 seconds
[2019-06-24T09:24:38.295+0000][1][safepoint    ] Entering safepoint region: CollectForMetadataAllocation
[2019-06-24T09:24:38.296+0000][1][safepoint    ] Leaving safepoint region
[2019-06-24T09:24:38.296+0000][1][safepoint    ] Total time for which application threads were stopped: 0.0001822 seconds, Stopping threads took: 0.0000163 seconds
[2019-06-24T09:24:38.325+0000][1][safepoint    ] Application time: 0.0294306 seconds
[2019-06-24T09:24:38.325+0000][1][safepoint    ] Entering safepoint region: CollectForMetadataAllocation
[2019-06-24T09:24:38.325+0000][1][safepoint    ] Leaving safepoint region
[2019-06-24T09:24:38.325+0000][1][safepoint    ] Total time for which application threads were stopped: 0.0001449 seconds, Stopping threads took: 0.0000176 seconds
[2019-06-24T09:24:38.359+0000][1][safepoint    ] Application time: 0.0334597 seconds
[2019-06-24T09:24:38.359+0000][1][safepoint    ] Entering safepoint region: CollectForMetadataAllocation
[2019-06-24T09:24:38.359+0000][1][safepoint    ] Leaving safepoint region
[2019-06-24T09:24:38.359+0000][1][safepoint    ] Total time for which application threads were stopped: 0.0001981 seconds, Stopping threads took: 0.0000278 seconds
[2019-06-24T09:24:38.379+0000][1][safepoint    ] Application time: 0.0204364 seconds
[2019-06-24T09:24:38.379+0000][1][safepoint    ] Entering safepoint region: CollectForMetadataAllocation
[2019-06-24T09:24:38.380+0000][1][safepoint    ] Leaving safepoint region
[2019-06-24T09:24:38.380+0000][1][safepoint    ] Total time for which application threads were stopped: 0.0001989 seconds, Stopping threads took: 0.0000176 seconds
[2019-06-24T09:24:38.390+0000][1][safepoint    ] Application time: 0.0106185 seconds
[2019-06-24T09:24:38.390+0000][1][safepoint    ] Entering safepoint region: CollectForMetadataAllocation
[2019-06-24T09:24:38.390+0000][1][safepoint    ] Leaving safepoint region
[2019-06-24T09:24:38.390+0000][1][safepoint    ] Total time for which application threads were stopped: 0.0001865 seconds, Stopping threads took: 0.0000153 seconds
[2019-06-24T09:24:38.404+0000][1][safepoint    ] Application time: 0.0133893 seconds
[2019-06-24T09:24:38.404+0000][1][safepoint    ] Entering safepoint region: CollectForMetadataAllocation
[2019-06-24T09:24:38.404+0000][1][safepoint    ] Leaving safepoint region
[2019-06-24T09:24:38.404+0000][1][safepoint    ] Total time for which application threads were stopped: 0.0001367 seconds, Stopping threads took: 0.0000177 seconds
[2019-06-24T09:24:38.429+0000][1][safepoint    ] Application time: 0.0249483 seconds
[2019-06-24T09:24:38.429+0000][1][safepoint    ] Entering safepoint region: CollectForMetadataAllocation
[2019-06-24T09:24:38.429+0000][1][safepoint    ] Leaving safepoint region
[2019-06-24T09:24:38.429+0000][1][safepoint    ] Total time for which application threads were stopped: 0.0001881 seconds, Stopping threads took: 0.0000155 seconds
[2019-06-24T09:24:38.442+0000][1][safepoint    ] Application time: 0.0130035 seconds
[2019-06-24T09:24:38.442+0000][1][safepoint    ] Entering safepoint region: CollectForMetadataAllocation
[2019-06-24T09:24:38.442+0000][1][safepoint    ] Leaving safepoint region
[2019-06-24T09:24:38.442+0000][1][safepoint    ] Total time for which application threads were stopped: 0.0001460 seconds, Stopping threads took: 0.0000105 seconds
[2019-06-24T09:24:38.458+0000][1][safepoint    ] Application time: 0.0159168 seconds
[2019-06-24T09:24:38.458+0000][1][safepoint    ] Entering safepoint region: CollectForMetadataAllocation
[2019-06-24T09:24:38.459+0000][1][safepoint    ] Leaving safepoint region
[2019-06-24T09:24:38.459+0000][1][safepoint    ] Total time for which application threads were stopped: 0.0002257 seconds, Stopping threads took: 0.0000163 seconds
[2019-06-24T09:24:38.475+0000][1][safepoint    ] Application time: 0.0160065 seconds
[2019-06-24T09:24:38.475+0000][1][safepoint    ] Entering safepoint region: CollectForMetadataAllocation
[2019-06-24T09:24:38.475+0000][1][safepoint    ] Leaving safepoint region
[2019-06-24T09:24:38.475+0000][1][safepoint    ] Total time for which application threads were stopped: 0.0001643 seconds, Stopping threads took: 0.0000215 seconds
[2019-06-24T09:24:38.495+0000][1][safepoint    ] Application time: 0.0205397 seconds
[2019-06-24T09:24:38.495+0000][1][safepoint    ] Entering safepoint region: CollectForMetadataAllocation
[2019-06-24T09:24:38.496+0000][1][safepoint    ] Leaving safepoint region
[2019-06-24T09:24:38.496+0000][1][safepoint    ] Total time for which application threads were stopped: 0.0002015 seconds, Stopping threads took: 0.0000165 seconds
[2019-06-24T09:24:38.498+0000][1][safepoint    ] Application time: 0.0020901 seconds
[2019-06-24T09:24:38.498+0000][1][safepoint    ] Entering safepoint region: RevokeBias
[2019-06-24T09:24:38.498+0000][1][safepoint    ] Leaving safepoint region
[2019-06-24T09:24:38.498+0000][1][safepoint    ] Total time for which application threads were stopped: 0.0001511 seconds, Stopping threads took: 0.0000486 seconds
[2019-06-24T09:24:38.513+0000][1][safepoint    ] Application time: 0.0156013 seconds
[2019-06-24T09:24:38.514+0000][1][safepoint    ] Entering safepoint region: CollectForMetadataAllocation
[2019-06-24T09:24:38.514+0000][1][safepoint    ] Leaving safepoint region
[2019-06-24T09:24:38.514+0000][1][safepoint    ] Total time for which application threads were stopped: 0.0001407 seconds, Stopping threads took: 0.0000095 seconds
[2019-06-24T09:24:38.525+0000][1][safepoint    ] Application time: 0.0114779 seconds
[2019-06-24T09:24:38.525+0000][1][safepoint    ] Entering safepoint region: RevokeBias
[2019-06-24T09:24:38.525+0000][1][safepoint    ] Leaving safepoint region
[2019-06-24T09:24:38.525+0000][1][safepoint    ] Total time for which application threads were stopped: 0.0000881 seconds, Stopping threads took: 0.0000098 seconds
[2019-06-24T09:24:38.535+0000][1][safepoint    ] Application time: 0.0100054 seconds
[2019-06-24T09:24:38.535+0000][1][safepoint    ] Entering safepoint region: CollectForMetadataAllocation
[2019-06-24T09:24:38.536+0000][1][safepoint    ] Leaving safepoint region
[2019-06-24T09:24:38.536+0000][1][safepoint    ] Total time for which application threads were stopped: 0.0002658 seconds, Stopping threads took: 0.0001320 seconds
[2019-06-24T09:24:38.556+0000][1][safepoint    ] Application time: 0.0202106 seconds
[2019-06-24T09:24:38.556+0000][1][safepoint    ] Entering safepoint region: CollectForMetadataAllocation
[2019-06-24T09:24:38.556+0000][1][safepoint    ] Leaving safepoint region
[2019-06-24T09:24:38.556+0000][1][safepoint    ] Total time for which application threads were stopped: 0.0001349 seconds, Stopping threads took: 0.0000103 seconds
[2019-06-24T09:24:38.568+0000][1][safepoint    ] Application time: 0.0118209 seconds
[2019-06-24T09:24:38.568+0000][1][safepoint    ] Entering safepoint region: CollectForMetadataAllocation
[2019-06-24T09:24:38.568+0000][1][safepoint    ] Leaving safepoint region
[2019-06-24T09:24:38.568+0000][1][safepoint    ] Total time for which application threads were stopped: 0.0001444 seconds, Stopping threads took: 0.0000102 seconds
[2019-06-24T09:24:38.585+0000][1][safepoint    ] Application time: 0.0166201 seconds
[2019-06-24T09:24:38.585+0000][1][safepoint    ] Entering safepoint region: CollectForMetadataAllocation
[2019-06-24T09:24:38.585+0000][1][safepoint    ] Leaving safepoint region
[2019-06-24T09:24:38.585+0000][1][safepoint    ] Total time for which application threads were stopped: 0.0001083 seconds, Stopping threads took: 0.0000097 seconds
[2019-06-24T09:24:38.605+0000][1][safepoint    ] Application time: 0.0206678 seconds
[2019-06-24T09:24:38.605+0000][1][safepoint    ] Entering safepoint region: CollectForMetadataAllocation
[2019-06-24T09:24:38.606+0000][1][safepoint    ] Leaving safepoint region
[2019-06-24T09:24:38.606+0000][1][safepoint    ] Total time for which application threads were stopped: 0.0001383 seconds, Stopping threads took: 0.0000102 seconds
[2019-06-24T09:24:38.621+0000][1][safepoint    ] Application time: 0.0158570 seconds
[2019-06-24T09:24:38.621+0000][1][safepoint    ] Entering safepoint region: CollectForMetadataAllocation
[2019-06-24T09:24:38.622+0000][1][safepoint    ] Leaving safepoint region
[2019-06-24T09:24:38.622+0000][1][safepoint    ] Total time for which application threads were stopped: 0.0000971 seconds, Stopping threads took: 0.0000108 seconds
[2019-06-24T09:24:38.632+0000][1][safepoint    ] Application time: 0.0106946 seconds
[2019-06-24T09:24:38.632+0000][1][safepoint    ] Entering safepoint region: CollectForMetadataAllocation
[2019-06-24T09:24:38.632+0000][1][safepoint    ] Leaving safepoint region
[2019-06-24T09:24:38.632+0000][1][safepoint    ] Total time for which application threads were stopped: 0.0001360 seconds, Stopping threads took: 0.0000097 seconds
[2019-06-24T09:24:38.649+0000][1][safepoint    ] Application time: 0.0162003 seconds
[2019-06-24T09:24:38.649+0000][1][safepoint    ] Entering safepoint region: CollectForMetadataAllocation
[2019-06-24T09:24:38.649+0000][1][safepoint    ] Leaving safepoint region
[2019-06-24T09:24:38.649+0000][1][safepoint    ] Total time for which application threads were stopped: 0.0001511 seconds, Stopping threads took: 0.0000103 seconds
[2019-06-24T09:24:38.660+0000][1][safepoint    ] Application time: 0.0108314 seconds
[2019-06-24T09:24:38.660+0000][1][safepoint    ] Entering safepoint region: CollectForMetadataAllocation
[2019-06-24T09:24:38.660+0000][1][safepoint    ] Leaving safepoint region
[2019-06-24T09:24:38.660+0000][1][safepoint    ] Total time for which application threads were stopped: 0.0001420 seconds, Stopping threads took: 0.0000098 seconds
[2019-06-24T09:24:38.679+0000][1][safepoint    ] Application time: 0.0196429 seconds
[2019-06-24T09:24:38.680+0000][1][safepoint    ] Entering safepoint region: CollectForMetadataAllocation
[2019-06-24T09:24:38.680+0000][1][safepoint    ] Leaving safepoint region
[2019-06-24T09:24:38.680+0000][1][safepoint    ] Total time for which application threads were stopped: 0.0001367 seconds, Stopping threads took: 0.0000100 seconds
[2019-06-24T09:24:38.691+0000][1][safepoint    ] Application time: 0.0114033 seconds
[2019-06-24T09:24:38.691+0000][1][safepoint    ] Entering safepoint region: CollectForMetadataAllocation
[2019-06-24T09:24:38.691+0000][1][safepoint    ] Leaving safepoint region
[2019-06-24T09:24:38.691+0000][1][safepoint    ] Total time for which application threads were stopped: 0.0001437 seconds, Stopping threads took: 0.0000101 seconds
[2019-06-24T09:24:38.720+0000][1][safepoint    ] Application time: 0.0291149 seconds
[2019-06-24T09:24:38.720+0000][1][safepoint    ] Entering safepoint region: CollectForMetadataAllocation
[2019-06-24T09:24:38.721+0000][1][safepoint    ] Leaving safepoint region
[2019-06-24T09:24:38.721+0000][1][safepoint    ] Total time for which application threads were stopped: 0.0001596 seconds, Stopping threads took: 0.0000145 seconds
[2019-06-24T09:24:38.748+0000][1][safepoint    ] Application time: 0.0277883 seconds
[2019-06-24T09:24:38.748+0000][1][safepoint    ] Entering safepoint region: CollectForMetadataAllocation
[2019-06-24T09:24:38.749+0000][1][safepoint    ] Leaving safepoint region
[2019-06-24T09:24:38.749+0000][1][safepoint    ] Total time for which application threads were stopped: 0.0001559 seconds, Stopping threads took: 0.0000101 seconds
[2019-06-24T09:24:38.763+0000][1][safepoint    ] Application time: 0.0144237 seconds
[2019-06-24T09:24:38.763+0000][1][safepoint    ] Entering safepoint region: CollectForMetadataAllocation
[2019-06-24T09:24:38.763+0000][1][safepoint    ] Leaving safepoint region
[2019-06-24T09:24:38.763+0000][1][safepoint    ] Total time for which application threads were stopped: 0.0001098 seconds, Stopping threads took: 0.0000106 seconds
[2019-06-24T09:24:38.795+0000][1][safepoint    ] Application time: 0.0314073 seconds
[2019-06-24T09:24:38.795+0000][1][safepoint    ] Entering safepoint region: CollectForMetadataAllocation
[2019-06-24T09:24:38.795+0000][1][safepoint    ] Leaving safepoint region
[2019-06-24T09:24:38.795+0000][1][safepoint    ] Total time for which application threads were stopped: 0.0001799 seconds, Stopping threads took: 0.0000363 seconds
[2019-06-24T09:24:38.812+0000][1][safepoint    ] Application time: 0.0172650 seconds
[2019-06-24T09:24:38.812+0000][1][safepoint    ] Entering safepoint region: CollectForMetadataAllocation
[2019-06-24T09:24:38.812+0000][1][safepoint    ] Leaving safepoint region
[2019-06-24T09:24:38.812+0000][1][safepoint    ] Total time for which application threads were stopped: 0.0001612 seconds, Stopping threads took: 0.0000117 seconds
[2019-06-24T09:24:38.817+0000][1][safepoint    ] Application time: 0.0046519 seconds
[2019-06-24T09:24:38.817+0000][1][safepoint    ] Entering safepoint region: RevokeBias
[2019-06-24T09:24:38.817+0000][1][safepoint    ] Leaving safepoint region
[2019-06-24T09:24:38.817+0000][1][safepoint    ] Total time for which application threads were stopped: 0.0000826 seconds, Stopping threads took: 0.0000295 seconds
[2019-06-24T09:24:38.829+0000][1][safepoint    ] Application time: 0.0119413 seconds
[2019-06-24T09:24:38.829+0000][1][safepoint    ] Entering safepoint region: CollectForMetadataAllocation
[2019-06-24T09:24:38.829+0000][1][safepoint    ] Leaving safepoint region
[2019-06-24T09:24:38.829+0000][1][safepoint    ] Total time for which application threads were stopped: 0.0001745 seconds, Stopping threads took: 0.0000143 seconds
[2019-06-24T09:24:39.174+0000][1][safepoint    ] Application time: 0.3445292 seconds
[2019-06-24T09:24:39.174+0000][1][safepoint    ] Entering safepoint region: CollectForMetadataAllocation
[2019-06-24T09:24:39.174+0000][1][safepoint    ] Leaving safepoint region
[2019-06-24T09:24:39.174+0000][1][safepoint    ] Total time for which application threads were stopped: 0.0002342 seconds, Stopping threads took: 0.0000233 seconds
[2019-06-24T09:24:39.361+0000][1][safepoint    ] Application time: 0.1872239 seconds
[2019-06-24T09:24:39.361+0000][1][safepoint    ] Entering safepoint region: GenCollectForAllocation
[2019-06-24T09:24:39.361+0000][1][gc,start     ] GC(17) Pause Young (Allocation Failure)
[2019-06-24T09:24:39.361+0000][1][gc,task      ] GC(17) Using 5 workers of 8 for evacuation
[2019-06-24T09:24:39.365+0000][1][gc,age       ] GC(17) Desired survivor size 4456448 bytes, new threshold 6 (max threshold 6)
[2019-06-24T09:24:39.365+0000][1][gc,age       ] GC(17) Age table with threshold 6 (max threshold 6)
[2019-06-24T09:24:39.365+0000][1][gc,age       ] GC(17) - age   1:    3906080 bytes,    3906080 total
[2019-06-24T09:24:39.365+0000][1][gc,age       ] GC(17) - age   2:     275712 bytes,    4181792 total
[2019-06-24T09:24:39.365+0000][1][gc,heap      ] GC(17) ParNew: 76760K->4927K(78656K)
[2019-06-24T09:24:39.365+0000][1][gc,heap      ] GC(17) CMS: 55564K->55564K(174784K)
[2019-06-24T09:24:39.365+0000][1][gc,metaspace ] GC(17) Metaspace: 42111K->42111K(1087488K)
[2019-06-24T09:24:39.365+0000][1][gc           ] GC(17) Pause Young (Allocation Failure) 129M->59M(247M) 3.879ms
[2019-06-24T09:24:39.365+0000][1][gc,cpu       ] GC(17) User=0.03s Sys=0.00s Real=0.01s
[2019-06-24T09:24:39.365+0000][1][safepoint    ] Leaving safepoint region
[2019-06-24T09:24:39.365+0000][1][safepoint    ] Total time for which application threads were stopped: 0.0039931 seconds, Stopping threads took: 0.0000153 seconds
[2019-06-24T09:24:39.365+0000][1][safepoint    ] Application time: 0.0000892 seconds
[2019-06-24T09:24:39.365+0000][1][safepoint    ] Entering safepoint region: CMS_Initial_Mark
[2019-06-24T09:24:39.365+0000][1][gc,start     ] GC(18) Pause Initial Mark
[2019-06-24T09:24:39.367+0000][1][gc           ] GC(18) Pause Initial Mark 60M->60M(247M) 1.212ms
[2019-06-24T09:24:39.367+0000][1][gc,cpu       ] GC(18) User=0.00s Sys=0.00s Real=0.00s
[2019-06-24T09:24:39.367+0000][1][safepoint    ] Leaving safepoint region
[2019-06-24T09:24:39.367+0000][1][safepoint    ] Total time for which application threads were stopped: 0.0013224 seconds, Stopping threads took: 0.0000513 seconds
[2019-06-24T09:24:39.367+0000][1][gc           ] GC(18) Concurrent Mark
[2019-06-24T09:24:39.367+0000][1][gc,task      ] GC(18) Using 2 workers of 2 for marking
[2019-06-24T09:24:39.368+0000][1][safepoint    ] Application time: 0.0008713 seconds
[2019-06-24T09:24:39.368+0000][1][safepoint    ] Entering safepoint region: RevokeBias
[2019-06-24T09:24:39.368+0000][1][safepoint    ] Leaving safepoint region
[2019-06-24T09:24:39.368+0000][1][safepoint    ] Total time for which application threads were stopped: 0.0000477 seconds, Stopping threads took: 0.0000122 seconds
[2019-06-24T09:24:39.368+0000][1][safepoint    ] Application time: 0.0000831 seconds
[2019-06-24T09:24:39.368+0000][1][safepoint    ] Entering safepoint region: RevokeBias
[2019-06-24T09:24:39.368+0000][1][safepoint    ] Leaving safepoint region
[2019-06-24T09:24:39.368+0000][1][safepoint    ] Total time for which application threads were stopped: 0.0000371 seconds, Stopping threads took: 0.0000100 seconds
[2019-06-24T09:24:39.373+0000][1][safepoint    ] Application time: 0.0052869 seconds
[2019-06-24T09:24:39.373+0000][1][safepoint    ] Entering safepoint region: CollectForMetadataAllocation
[2019-06-24T09:24:39.373+0000][1][safepoint    ] Leaving safepoint region
[2019-06-24T09:24:39.373+0000][1][safepoint    ] Total time for which application threads were stopped: 0.0001078 seconds, Stopping threads took: 0.0000111 seconds
[2019-06-24T09:24:39.399+0000][1][safepoint    ] Application time: 0.0254060 seconds
[2019-06-24T09:24:39.399+0000][1][safepoint    ] Entering safepoint region: CollectForMetadataAllocation
[2019-06-24T09:24:39.399+0000][1][safepoint    ] Leaving safepoint region
[2019-06-24T09:24:39.399+0000][1][safepoint    ] Total time for which application threads were stopped: 0.0001545 seconds, Stopping threads took: 0.0000206 seconds
[2019-06-24T09:24:39.419+0000][1][gc           ] GC(18) Concurrent Mark 52.219ms
[2019-06-24T09:24:39.419+0000][1][gc,cpu       ] GC(18) User=0.26s Sys=0.01s Real=0.05s
[2019-06-24T09:24:39.419+0000][1][gc           ] GC(18) Concurrent Preclean
[2019-06-24T09:24:39.421+0000][1][gc           ] GC(18) Concurrent Preclean 2.034ms
[2019-06-24T09:24:39.421+0000][1][gc,cpu       ] GC(18) User=0.01s Sys=0.00s Real=0.00s
[2019-06-24T09:24:39.421+0000][1][gc           ] GC(18) Concurrent Abortable Preclean
[2019-06-24T09:24:39.620+0000][1][safepoint    ] Application time: 0.2211926 seconds
[2019-06-24T09:24:39.620+0000][1][safepoint    ] Entering safepoint region: CollectForMetadataAllocation
[2019-06-24T09:24:39.620+0000][1][safepoint    ] Leaving safepoint region
[2019-06-24T09:24:39.620+0000][1][safepoint    ] Total time for which application threads were stopped: 0.0002633 seconds, Stopping threads took: 0.0000180 seconds
[2019-06-24T09:24:39.651+0000][1][safepoint    ] Application time: 0.0301508 seconds
[2019-06-24T09:24:39.651+0000][1][safepoint    ] Entering safepoint region: CollectForMetadataAllocation
[2019-06-24T09:24:39.651+0000][1][safepoint    ] Leaving safepoint region
[2019-06-24T09:24:39.651+0000][1][safepoint    ] Total time for which application threads were stopped: 0.0002036 seconds, Stopping threads took: 0.0000154 seconds
[2019-06-24T09:24:39.669+0000][1][safepoint    ] Application time: 0.0183812 seconds
[2019-06-24T09:24:39.669+0000][1][safepoint    ] Entering safepoint region: CollectForMetadataAllocation
[2019-06-24T09:24:39.669+0000][1][safepoint    ] Leaving safepoint region
[2019-06-24T09:24:39.669+0000][1][safepoint    ] Total time for which application threads were stopped: 0.0002583 seconds, Stopping threads took: 0.0000865 seconds
[2019-06-24T09:24:39.705+0000][1][safepoint    ] Application time: 0.0353547 seconds
[2019-06-24T09:24:39.705+0000][1][safepoint    ] Entering safepoint region: CollectForMetadataAllocation
[2019-06-24T09:24:39.705+0000][1][safepoint    ] Leaving safepoint region
[2019-06-24T09:24:39.705+0000][1][safepoint    ] Total time for which application threads were stopped: 0.0002267 seconds, Stopping threads took: 0.0000144 seconds
[2019-06-24T09:24:39.745+0000][1][safepoint    ] Application time: 0.0401372 seconds
[2019-06-24T09:24:39.745+0000][1][safepoint    ] Entering safepoint region: CollectForMetadataAllocation
[2019-06-24T09:24:39.745+0000][1][safepoint    ] Leaving safepoint region
[2019-06-24T09:24:39.745+0000][1][safepoint    ] Total time for which application threads were stopped: 0.0001402 seconds, Stopping threads took: 0.0000239 seconds
[2019-06-24T09:24:39.746+0000][1][gc           ] GC(18) Concurrent Abortable Preclean 325.100ms
[2019-06-24T09:24:39.746+0000][1][gc,cpu       ] GC(18) User=1.43s Sys=0.03s Real=0.33s
[2019-06-24T09:24:39.746+0000][1][safepoint    ] Application time: 0.0009105 seconds
[2019-06-24T09:24:39.746+0000][1][safepoint    ] Entering safepoint region: CMS_Final_Remark
[2019-06-24T09:24:39.746+0000][1][gc,start     ] GC(18) Pause Remark
[2019-06-24T09:24:39.763+0000][1][gc           ] GC(18) Pause Remark 97M->97M(247M) 16.401ms
[2019-06-24T09:24:39.763+0000][1][gc,cpu       ] GC(18) User=0.04s Sys=0.00s Real=0.02s
[2019-06-24T09:24:39.763+0000][1][safepoint    ] Leaving safepoint region
[2019-06-24T09:24:39.763+0000][1][safepoint    ] Total time for which application threads were stopped: 0.0165468 seconds, Stopping threads took: 0.0000337 seconds
[2019-06-24T09:24:39.763+0000][1][gc           ] GC(18) Concurrent Sweep
[2019-06-24T09:24:39.784+0000][1][safepoint    ] Application time: 0.0215544 seconds
[2019-06-24T09:24:39.784+0000][1][safepoint    ] Entering safepoint region: CollectForMetadataAllocation
[2019-06-24T09:24:39.785+0000][1][safepoint    ] Leaving safepoint region
[2019-06-24T09:24:39.785+0000][1][safepoint    ] Total time for which application threads were stopped: 0.0007405 seconds, Stopping threads took: 0.0000163 seconds
[2019-06-24T09:24:39.786+0000][1][safepoint    ] Application time: 0.0003974 seconds
[2019-06-24T09:24:39.786+0000][1][safepoint    ] Entering safepoint region: CollectForMetadataAllocation
[2019-06-24T09:24:39.786+0000][1][safepoint    ] Leaving safepoint region
[2019-06-24T09:24:39.786+0000][1][safepoint    ] Total time for which application threads were stopped: 0.0001379 seconds, Stopping threads took: 0.0000128 seconds
[2019-06-24T09:24:39.787+0000][1][gc           ] GC(18) Concurrent Sweep 24.172ms
[2019-06-24T09:24:39.787+0000][1][gc,cpu       ] GC(18) User=0.09s Sys=0.00s Real=0.02s
[2019-06-24T09:24:39.787+0000][1][gc           ] GC(18) Concurrent Reset
[2019-06-24T09:24:39.788+0000][1][gc           ] GC(18) Concurrent Reset 0.400ms
[2019-06-24T09:24:39.788+0000][1][gc,cpu       ] GC(18) User=0.00s Sys=0.00s Real=0.00s
[2019-06-24T09:24:39.788+0000][1][gc,heap      ] GC(18) Old: 55564K->55341K(174784K)
[2019-06-24T09:24:39.810+0000][1][safepoint    ] Application time: 0.0241683 seconds
[2019-06-24T09:24:39.810+0000][1][safepoint    ] Entering safepoint region: RevokeBias
[2019-06-24T09:24:39.810+0000][1][safepoint    ] Leaving safepoint region
[2019-06-24T09:24:39.810+0000][1][safepoint    ] Total time for which application threads were stopped: 0.0000997 seconds, Stopping threads took: 0.0000171 seconds
[2019-06-24T09:24:39.815+0000][1][safepoint    ] Application time: 0.0051896 seconds
[2019-06-24T09:24:39.815+0000][1][safepoint    ] Entering safepoint region: RevokeBias
[2019-06-24T09:24:39.815+0000][1][safepoint    ] Leaving safepoint region
[2019-06-24T09:24:39.815+0000][1][safepoint    ] Total time for which application threads were stopped: 0.0000851 seconds, Stopping threads took: 0.0000283 seconds
[2019-06-24T09:24:39.964+0000][1][safepoint    ] Application time: 0.1483409 seconds
[2019-06-24T09:24:39.964+0000][1][safepoint    ] Entering safepoint region: RevokeBias
[2019-06-24T09:24:39.964+0000][1][safepoint    ] Leaving safepoint region
[2019-06-24T09:24:39.964+0000][1][safepoint    ] Total time for which application threads were stopped: 0.0004111 seconds, Stopping threads took: 0.0000174 seconds
[2019-06-24T09:24:39.964+0000][1][safepoint    ] Application time: 0.0000615 seconds
[2019-06-24T09:24:39.964+0000][1][safepoint    ] Entering safepoint region: RevokeBias
[2019-06-24T09:24:39.964+0000][1][safepoint    ] Leaving safepoint region
[2019-06-24T09:24:39.964+0000][1][safepoint    ] Total time for which application threads were stopped: 0.0000863 seconds, Stopping threads took: 0.0000287 seconds
[2019-06-24T09:24:39.965+0000][1][safepoint    ] Application time: 0.0001735 seconds
[2019-06-24T09:24:39.965+0000][1][safepoint    ] Entering safepoint region: RevokeBias
[2019-06-24T09:24:39.965+0000][1][safepoint    ] Leaving safepoint region
[2019-06-24T09:24:39.965+0000][1][safepoint    ] Total time for which application threads were stopped: 0.0002573 seconds, Stopping threads took: 0.0002020 seconds
[2019-06-24T09:24:39.965+0000][1][safepoint    ] Application time: 0.0000514 seconds
[2019-06-24T09:24:39.965+0000][1][safepoint    ] Entering safepoint region: RevokeBias
[2019-06-24T09:24:39.965+0000][1][safepoint    ] Leaving safepoint region
[2019-06-24T09:24:39.965+0000][1][safepoint    ] Total time for which application threads were stopped: 0.0000771 seconds, Stopping threads took: 0.0000266 seconds
[2019-06-24T09:24:40.017+0000][1][safepoint    ] Application time: 0.0523369 seconds
[2019-06-24T09:24:40.018+0000][1][safepoint    ] Entering safepoint region: RevokeBias
[2019-06-24T09:24:40.018+0000][1][safepoint    ] Leaving safepoint region
[2019-06-24T09:24:40.018+0000][1][safepoint    ] Total time for which application threads were stopped: 0.0002967 seconds, Stopping threads took: 0.0002164 seconds
[2019-06-24T09:24:40.018+0000][1][safepoint    ] Application time: 0.0001344 seconds
[2019-06-24T09:24:40.018+0000][1][safepoint    ] Entering safepoint region: RevokeBias
[2019-06-24T09:24:40.018+0000][1][safepoint    ] Leaving safepoint region
[2019-06-24T09:24:40.018+0000][1][safepoint    ] Total time for which application threads were stopped: 0.0000894 seconds, Stopping threads took: 0.0000485 seconds
[2019-06-24T09:24:40.018+0000][1][safepoint    ] Application time: 0.0002892 seconds
[2019-06-24T09:24:40.018+0000][1][safepoint    ] Entering safepoint region: RevokeBias
[2019-06-24T09:24:40.018+0000][1][safepoint    ] Leaving safepoint region
[2019-06-24T09:24:40.018+0000][1][safepoint    ] Total time for which application threads were stopped: 0.0001369 seconds, Stopping threads took: 0.0000959 seconds
[2019-06-24T09:24:40.019+0000][1][safepoint    ] Application time: 0.0003548 seconds
[2019-06-24T09:24:40.019+0000][1][safepoint    ] Entering safepoint region: RevokeBias
[2019-06-24T09:24:40.019+0000][1][safepoint    ] Leaving safepoint region
[2019-06-24T09:24:40.019+0000][1][safepoint    ] Total time for which application threads were stopped: 0.0001773 seconds, Stopping threads took: 0.0001198 seconds
[2019-06-24T09:24:40.019+0000][1][safepoint    ] Application time: 0.0002375 seconds
[2019-06-24T09:24:40.019+0000][1][safepoint    ] Entering safepoint region: RevokeBias
[2019-06-24T09:24:40.019+0000][1][safepoint    ] Leaving safepoint region
[2019-06-24T09:24:40.019+0000][1][safepoint    ] Total time for which application threads were stopped: 0.0000817 seconds, Stopping threads took: 0.0000348 seconds
[2019-06-24T09:24:40.020+0000][1][safepoint    ] Application time: 0.0004037 seconds
[2019-06-24T09:24:40.020+0000][1][safepoint    ] Entering safepoint region: RevokeBias
[2019-06-24T09:24:40.020+0000][1][safepoint    ] Leaving safepoint region
[2019-06-24T09:24:40.020+0000][1][safepoint    ] Total time for which application threads were stopped: 0.0001199 seconds, Stopping threads took: 0.0000630 seconds
[2019-06-24T09:24:40.020+0000][1][safepoint    ] Application time: 0.0002210 seconds
[2019-06-24T09:24:40.020+0000][1][safepoint    ] Entering safepoint region: RevokeBias
[2019-06-24T09:24:40.020+0000][1][safepoint    ] Leaving safepoint region
[2019-06-24T09:24:40.020+0000][1][safepoint    ] Total time for which application threads were stopped: 0.0000990 seconds, Stopping threads took: 0.0000389 seconds
[2019-06-24T09:24:40.020+0000][1][safepoint    ] Application time: 0.0000891 seconds
[2019-06-24T09:24:40.020+0000][1][safepoint    ] Entering safepoint region: RevokeBias
[2019-06-24T09:24:40.020+0000][1][safepoint    ] Leaving safepoint region
[2019-06-24T09:24:40.020+0000][1][safepoint    ] Total time for which application threads were stopped: 0.0000980 seconds, Stopping threads took: 0.0000305 seconds
[2019-06-24T09:24:40.020+0000][1][safepoint    ] Application time: 0.0000960 seconds
[2019-06-24T09:24:40.021+0000][1][safepoint    ] Entering safepoint region: RevokeBias
[2019-06-24T09:24:40.021+0000][1][safepoint    ] Leaving safepoint region
[2019-06-24T09:24:40.021+0000][1][safepoint    ] Total time for which application threads were stopped: 0.0000696 seconds, Stopping threads took: 0.0000279 seconds
[2019-06-24T09:24:40.021+0000][1][safepoint    ] Application time: 0.0000972 seconds
[2019-06-24T09:24:40.021+0000][1][safepoint    ] Entering safepoint region: RevokeBias
[2019-06-24T09:24:40.021+0000][1][safepoint    ] Leaving safepoint region
[2019-06-24T09:24:40.021+0000][1][safepoint    ] Total time for which application threads were stopped: 0.0000721 seconds, Stopping threads took: 0.0000282 seconds
[2019-06-24T09:24:40.021+0000][1][safepoint    ] Application time: 0.0000968 seconds
[2019-06-24T09:24:40.021+0000][1][safepoint    ] Entering safepoint region: RevokeBias
[2019-06-24T09:24:40.021+0000][1][safepoint    ] Leaving safepoint region
[2019-06-24T09:24:40.021+0000][1][safepoint    ] Total time for which application threads were stopped: 0.0000740 seconds, Stopping threads took: 0.0000256 seconds
[2019-06-24T09:24:40.021+0000][1][safepoint    ] Application time: 0.0000394 seconds
[2019-06-24T09:24:40.021+0000][1][safepoint    ] Entering safepoint region: RevokeBias
[2019-06-24T09:24:40.021+0000][1][safepoint    ] Leaving safepoint region
[2019-06-24T09:24:40.021+0000][1][safepoint    ] Total time for which application threads were stopped: 0.0000544 seconds, Stopping threads took: 0.0000120 seconds
[2019-06-24T09:24:40.021+0000][1][safepoint    ] Application time: 0.0000355 seconds
[2019-06-24T09:24:40.021+0000][1][safepoint    ] Entering safepoint region: RevokeBias
[2019-06-24T09:24:40.021+0000][1][safepoint    ] Leaving safepoint region
[2019-06-24T09:24:40.021+0000][1][safepoint    ] Total time for which application threads were stopped: 0.0000498 seconds, Stopping threads took: 0.0000091 seconds
[2019-06-24T09:24:40.021+0000][1][safepoint    ] Application time: 0.0000353 seconds
[2019-06-24T09:24:40.021+0000][1][safepoint    ] Entering safepoint region: RevokeBias
[2019-06-24T09:24:40.021+0000][1][safepoint    ] Leaving safepoint region
[2019-06-24T09:24:40.021+0000][1][safepoint    ] Total time for which application threads were stopped: 0.0000476 seconds, Stopping threads took: 0.0000092 seconds
[2019-06-24T09:24:40.021+0000][1][safepoint    ] Application time: 0.0000299 seconds
[2019-06-24T09:24:40.021+0000][1][safepoint    ] Entering safepoint region: RevokeBias
[2019-06-24T09:24:40.021+0000][1][safepoint    ] Leaving safepoint region
[2019-06-24T09:24:40.021+0000][1][safepoint    ] Total time for which application threads were stopped: 0.0000509 seconds, Stopping threads took: 0.0000120 seconds
[2019-06-24T09:24:40.021+0000][1][safepoint    ] Application time: 0.0000350 seconds
[2019-06-24T09:24:40.021+0000][1][safepoint    ] Entering safepoint region: RevokeBias
[2019-06-24T09:24:40.021+0000][1][safepoint    ] Leaving safepoint region
[2019-06-24T09:24:40.021+0000][1][safepoint    ] Total time for which application threads were stopped: 0.0000478 seconds, Stopping threads took: 0.0000093 seconds
[2019-06-24T09:24:40.022+0000][1][safepoint    ] Application time: 0.0000354 seconds
[2019-06-24T09:24:40.022+0000][1][safepoint    ] Entering safepoint region: RevokeBias
[2019-06-24T09:24:40.022+0000][1][safepoint    ] Leaving safepoint region
[2019-06-24T09:24:40.022+0000][1][safepoint    ] Total time for which application threads were stopped: 0.0000476 seconds, Stopping threads took: 0.0000092 seconds
[2019-06-24T09:24:40.022+0000][1][safepoint    ] Application time: 0.0000304 seconds
[2019-06-24T09:24:40.022+0000][1][safepoint    ] Entering safepoint region: RevokeBias
[2019-06-24T09:24:40.022+0000][1][safepoint    ] Leaving safepoint region
[2019-06-24T09:24:40.022+0000][1][safepoint    ] Total time for which application threads were stopped: 0.0000468 seconds, Stopping threads took: 0.0000089 seconds
[2019-06-24T09:24:40.022+0000][1][safepoint    ] Application time: 0.0000371 seconds
[2019-06-24T09:24:40.022+0000][1][safepoint    ] Entering safepoint region: RevokeBias
[2019-06-24T09:24:40.022+0000][1][safepoint    ] Leaving safepoint region
[2019-06-24T09:24:40.022+0000][1][safepoint    ] Total time for which application threads were stopped: 0.0000509 seconds, Stopping threads took: 0.0000093 seconds
[2019-06-24T09:24:40.022+0000][1][safepoint    ] Application time: 0.0000302 seconds
[2019-06-24T09:24:40.022+0000][1][safepoint    ] Entering safepoint region: RevokeBias
[2019-06-24T09:24:40.022+0000][1][safepoint    ] Leaving safepoint region
[2019-06-24T09:24:40.022+0000][1][safepoint    ] Total time for which application threads were stopped: 0.0000486 seconds, Stopping threads took: 0.0000092 seconds
[2019-06-24T09:24:40.022+0000][1][safepoint    ] Application time: 0.0000304 seconds
[2019-06-24T09:24:40.022+0000][1][safepoint    ] Entering safepoint region: RevokeBias
[2019-06-24T09:24:40.022+0000][1][safepoint    ] Leaving safepoint region
[2019-06-24T09:24:40.022+0000][1][safepoint    ] Total time for which application threads were stopped: 0.0000490 seconds, Stopping threads took: 0.0000091 seconds
[2019-06-24T09:24:40.022+0000][1][safepoint    ] Application time: 0.0000308 seconds
[2019-06-24T09:24:40.022+0000][1][safepoint    ] Entering safepoint region: RevokeBias
[2019-06-24T09:24:40.022+0000][1][safepoint    ] Leaving safepoint region
[2019-06-24T09:24:40.022+0000][1][safepoint    ] Total time for which application threads were stopped: 0.0000463 seconds, Stopping threads took: 0.0000091 seconds
[2019-06-24T09:24:40.022+0000][1][safepoint    ] Application time: 0.0000302 seconds
[2019-06-24T09:24:40.022+0000][1][safepoint    ] Entering safepoint region: RevokeBias
[2019-06-24T09:24:40.022+0000][1][safepoint    ] Leaving safepoint region
[2019-06-24T09:24:40.022+0000][1][safepoint    ] Total time for which application threads were stopped: 0.0000464 seconds, Stopping threads took: 0.0000092 seconds
[2019-06-24T09:24:40.022+0000][1][safepoint    ] Application time: 0.0000361 seconds
[2019-06-24T09:24:40.022+0000][1][safepoint    ] Entering safepoint region: RevokeBias
[2019-06-24T09:24:40.022+0000][1][safepoint    ] Leaving safepoint region
[2019-06-24T09:24:40.022+0000][1][safepoint    ] Total time for which application threads were stopped: 0.0000913 seconds, Stopping threads took: 0.0000526 seconds
[2019-06-24T09:24:40.022+0000][1][safepoint    ] Application time: 0.0000352 seconds
[2019-06-24T09:24:40.022+0000][1][safepoint    ] Entering safepoint region: RevokeBias
[2019-06-24T09:24:40.022+0000][1][safepoint    ] Leaving safepoint region
[2019-06-24T09:24:40.022+0000][1][safepoint    ] Total time for which application threads were stopped: 0.0001122 seconds, Stopping threads took: 0.0000689 seconds
[2019-06-24T09:24:40.023+0000][1][safepoint    ] Application time: 0.0000384 seconds
[2019-06-24T09:24:40.023+0000][1][safepoint    ] Entering safepoint region: BulkRevokeBias
[2019-06-24T09:24:40.023+0000][1][safepoint    ] Leaving safepoint region
[2019-06-24T09:24:40.023+0000][1][safepoint    ] Total time for which application threads were stopped: 0.0000953 seconds, Stopping threads took: 0.0000096 seconds
[2019-06-24T09:24:40.023+0000][1][safepoint    ] Application time: 0.0001754 seconds
[2019-06-24T09:24:40.023+0000][1][safepoint    ] Entering safepoint region: RevokeBias
[2019-06-24T09:24:40.023+0000][1][safepoint    ] Leaving safepoint region
[2019-06-24T09:24:40.023+0000][1][safepoint    ] Total time for which application threads were stopped: 0.0000514 seconds, Stopping threads took: 0.0000093 seconds
[2019-06-24T09:24:40.023+0000][1][safepoint    ] Application time: 0.0001137 seconds
[2019-06-24T09:24:40.023+0000][1][safepoint    ] Entering safepoint region: RevokeBias
[2019-06-24T09:24:40.023+0000][1][safepoint    ] Leaving safepoint region
[2019-06-24T09:24:40.023+0000][1][safepoint    ] Total time for which application threads were stopped: 0.0000475 seconds, Stopping threads took: 0.0000089 seconds
[2019-06-24T09:24:40.023+0000][1][safepoint    ] Application time: 0.0001351 seconds
[2019-06-24T09:24:40.023+0000][1][safepoint    ] Entering safepoint region: RevokeBias
[2019-06-24T09:24:40.023+0000][1][safepoint    ] Leaving safepoint region
[2019-06-24T09:24:40.023+0000][1][safepoint    ] Total time for which application threads were stopped: 0.0000465 seconds, Stopping threads took: 0.0000091 seconds
[2019-06-24T09:24:40.023+0000][1][safepoint    ] Application time: 0.0001244 seconds
[2019-06-24T09:24:40.023+0000][1][safepoint    ] Entering safepoint region: RevokeBias
[2019-06-24T09:24:40.024+0000][1][safepoint    ] Leaving safepoint region
[2019-06-24T09:24:40.024+0000][1][safepoint    ] Total time for which application threads were stopped: 0.0000952 seconds, Stopping threads took: 0.0000325 seconds
[2019-06-24T09:24:40.024+0000][1][safepoint    ] Application time: 0.0000386 seconds
[2019-06-24T09:24:40.024+0000][1][safepoint    ] Entering safepoint region: RevokeBias
[2019-06-24T09:24:40.024+0000][1][safepoint    ] Leaving safepoint region
[2019-06-24T09:24:40.024+0000][1][safepoint    ] Total time for which application threads were stopped: 0.0000451 seconds, Stopping threads took: 0.0000092 seconds
[2019-06-24T09:24:40.024+0000][1][safepoint    ] Application time: 0.0000934 seconds
[2019-06-24T09:24:40.024+0000][1][safepoint    ] Entering safepoint region: RevokeBias
[2019-06-24T09:24:40.024+0000][1][safepoint    ] Leaving safepoint region
[2019-06-24T09:24:40.024+0000][1][safepoint    ] Total time for which application threads were stopped: 0.0000749 seconds, Stopping threads took: 0.0000097 seconds
[2019-06-24T09:24:40.024+0000][1][safepoint    ] Application time: 0.0001028 seconds
[2019-06-24T09:24:40.024+0000][1][safepoint    ] Entering safepoint region: RevokeBias
[2019-06-24T09:24:40.024+0000][1][safepoint    ] Leaving safepoint region
[2019-06-24T09:24:40.024+0000][1][safepoint    ] Total time for which application threads were stopped: 0.0000708 seconds, Stopping threads took: 0.0000091 seconds
[2019-06-24T09:24:40.024+0000][1][safepoint    ] Application time: 0.0000370 seconds
[2019-06-24T09:24:40.024+0000][1][safepoint    ] Entering safepoint region: RevokeBias
[2019-06-24T09:24:40.024+0000][1][safepoint    ] Leaving safepoint region
[2019-06-24T09:24:40.024+0000][1][safepoint    ] Total time for which application threads were stopped: 0.0000452 seconds, Stopping threads took: 0.0000088 seconds
[2019-06-24T09:24:40.024+0000][1][safepoint    ] Application time: 0.0000368 seconds
[2019-06-24T09:24:40.024+0000][1][safepoint    ] Entering safepoint region: RevokeBias
[2019-06-24T09:24:40.024+0000][1][safepoint    ] Leaving safepoint region
[2019-06-24T09:24:40.024+0000][1][safepoint    ] Total time for which application threads were stopped: 0.0000690 seconds, Stopping threads took: 0.0000294 seconds
[2019-06-24T09:24:40.024+0000][1][safepoint    ] Application time: 0.0000385 seconds
[2019-06-24T09:24:40.024+0000][1][safepoint    ] Entering safepoint region: RevokeBias
[2019-06-24T09:24:40.024+0000][1][safepoint    ] Leaving safepoint region
[2019-06-24T09:24:40.024+0000][1][safepoint    ] Total time for which application threads were stopped: 0.0000530 seconds, Stopping threads took: 0.0000092 seconds
[2019-06-24T09:24:40.024+0000][1][safepoint    ] Application time: 0.0000368 seconds
[2019-06-24T09:24:40.024+0000][1][safepoint    ] Entering safepoint region: RevokeBias
[2019-06-24T09:24:40.024+0000][1][safepoint    ] Leaving safepoint region
[2019-06-24T09:24:40.024+0000][1][safepoint    ] Total time for which application threads were stopped: 0.0000511 seconds, Stopping threads took: 0.0000102 seconds
[2019-06-24T09:24:40.024+0000][1][safepoint    ] Application time: 0.0000361 seconds
[2019-06-24T09:24:40.024+0000][1][safepoint    ] Entering safepoint region: RevokeBias
[2019-06-24T09:24:40.025+0000][1][safepoint    ] Leaving safepoint region
[2019-06-24T09:24:40.025+0000][1][safepoint    ] Total time for which application threads were stopped: 0.0000513 seconds, Stopping threads took: 0.0000098 seconds
[2019-06-24T09:24:40.025+0000][1][safepoint    ] Application time: 0.0000365 seconds
[2019-06-24T09:24:40.025+0000][1][safepoint    ] Entering safepoint region: RevokeBias
[2019-06-24T09:24:40.025+0000][1][safepoint    ] Leaving safepoint region
[2019-06-24T09:24:40.025+0000][1][safepoint    ] Total time for which application threads were stopped: 0.0000520 seconds, Stopping threads took: 0.0000105 seconds
[2019-06-24T09:24:40.025+0000][1][safepoint    ] Application time: 0.0000188 seconds
[2019-06-24T09:24:40.025+0000][1][safepoint    ] Entering safepoint region: RevokeBias
[2019-06-24T09:24:40.025+0000][1][safepoint    ] Leaving safepoint region
[2019-06-24T09:24:40.025+0000][1][safepoint    ] Total time for which application threads were stopped: 0.0000751 seconds, Stopping threads took: 0.0000101 seconds
[2019-06-24T09:24:40.025+0000][1][safepoint    ] Application time: 0.0000415 seconds
[2019-06-24T09:24:40.025+0000][1][safepoint    ] Entering safepoint region: RevokeBias
[2019-06-24T09:24:40.025+0000][1][safepoint    ] Leaving safepoint region
[2019-06-24T09:24:40.025+0000][1][safepoint    ] Total time for which application threads were stopped: 0.0000789 seconds, Stopping threads took: 0.0000102 seconds
[2019-06-24T09:24:40.025+0000][1][safepoint    ] Application time: 0.0000367 seconds
[2019-06-24T09:24:40.025+0000][1][safepoint    ] Entering safepoint region: RevokeBias
[2019-06-24T09:24:40.025+0000][1][safepoint    ] Leaving safepoint region
[2019-06-24T09:24:40.025+0000][1][safepoint    ] Total time for which application threads were stopped: 0.0002339 seconds, Stopping threads took: 0.0001922 seconds
[2019-06-24T09:24:40.025+0000][1][safepoint    ] Application time: 0.0000385 seconds
[2019-06-24T09:24:40.025+0000][1][safepoint    ] Entering safepoint region: RevokeBias
[2019-06-24T09:24:40.025+0000][1][safepoint    ] Leaving safepoint region
[2019-06-24T09:24:40.025+0000][1][safepoint    ] Total time for which application threads were stopped: 0.0000578 seconds, Stopping threads took: 0.0000119 seconds
[2019-06-24T09:24:40.025+0000][1][safepoint    ] Application time: 0.0000316 seconds
[2019-06-24T09:24:40.025+0000][1][safepoint    ] Entering safepoint region: RevokeBias
[2019-06-24T09:24:40.025+0000][1][safepoint    ] Leaving safepoint region
[2019-06-24T09:24:40.025+0000][1][safepoint    ] Total time for which application threads were stopped: 0.0000542 seconds, Stopping threads took: 0.0000106 seconds
[2019-06-24T09:24:40.025+0000][1][safepoint    ] Application time: 0.0000318 seconds
[2019-06-24T09:24:40.025+0000][1][safepoint    ] Entering safepoint region: RevokeBias
[2019-06-24T09:24:40.026+0000][1][safepoint    ] Leaving safepoint region
[2019-06-24T09:24:40.026+0000][1][safepoint    ] Total time for which application threads were stopped: 0.0000536 seconds, Stopping threads took: 0.0000102 seconds
[2019-06-24T09:24:40.026+0000][1][safepoint    ] Application time: 0.0000327 seconds
[2019-06-24T09:24:40.026+0000][1][safepoint    ] Entering safepoint region: RevokeBias
[2019-06-24T09:24:40.026+0000][1][safepoint    ] Leaving safepoint region
[2019-06-24T09:24:40.026+0000][1][safepoint    ] Total time for which application threads were stopped: 0.0000527 seconds, Stopping threads took: 0.0000099 seconds
[2019-06-24T09:24:40.026+0000][1][safepoint    ] Application time: 0.0000312 seconds
[2019-06-24T09:24:40.026+0000][1][safepoint    ] Entering safepoint region: RevokeBias
[2019-06-24T09:24:40.026+0000][1][safepoint    ] Leaving safepoint region
[2019-06-24T09:24:40.026+0000][1][safepoint    ] Total time for which application threads were stopped: 0.0000561 seconds, Stopping threads took: 0.0000103 seconds
[2019-06-24T09:24:40.026+0000][1][safepoint    ] Application time: 0.0000315 seconds
[2019-06-24T09:24:40.026+0000][1][safepoint    ] Entering safepoint region: RevokeBias
[2019-06-24T09:24:40.026+0000][1][safepoint    ] Leaving safepoint region
[2019-06-24T09:24:40.026+0000][1][safepoint    ] Total time for which application threads were stopped: 0.0000578 seconds, Stopping threads took: 0.0000099 seconds
[2019-06-24T09:24:40.026+0000][1][safepoint    ] Application time: 0.0000342 seconds
[2019-06-24T09:24:40.026+0000][1][safepoint    ] Entering safepoint region: RevokeBias
[2019-06-24T09:24:40.026+0000][1][safepoint    ] Leaving safepoint region
[2019-06-24T09:24:40.026+0000][1][safepoint    ] Total time for which application threads were stopped: 0.0000533 seconds, Stopping threads took: 0.0000102 seconds
[2019-06-24T09:24:40.026+0000][1][safepoint    ] Application time: 0.0000340 seconds
[2019-06-24T09:24:40.026+0000][1][safepoint    ] Entering safepoint region: BulkRevokeBias
[2019-06-24T09:24:40.026+0000][1][safepoint    ] Leaving safepoint region
[2019-06-24T09:24:40.026+0000][1][safepoint    ] Total time for which application threads were stopped: 0.0001286 seconds, Stopping threads took: 0.0000099 seconds
[2019-06-24T09:24:40.026+0000][1][safepoint    ] Application time: 0.0001564 seconds
[2019-06-24T09:24:40.026+0000][1][safepoint    ] Entering safepoint region: RevokeBias
[2019-06-24T09:24:40.026+0000][1][safepoint    ] Leaving safepoint region
[2019-06-24T09:24:40.026+0000][1][safepoint    ] Total time for which application threads were stopped: 0.0000678 seconds, Stopping threads took: 0.0000118 seconds
[2019-06-24T09:24:40.026+0000][1][safepoint    ] Application time: 0.0000543 seconds
[2019-06-24T09:24:40.027+0000][1][safepoint    ] Entering safepoint region: RevokeBias
[2019-06-24T09:24:40.027+0000][1][safepoint    ] Leaving safepoint region
[2019-06-24T09:24:40.027+0000][1][safepoint    ] Total time for which application threads were stopped: 0.0001995 seconds, Stopping threads took: 0.0001456 seconds
[2019-06-24T09:24:40.027+0000][1][safepoint    ] Application time: 0.0001812 seconds
[2019-06-24T09:24:40.027+0000][1][safepoint    ] Entering safepoint region: RevokeBias
[2019-06-24T09:24:40.027+0000][1][safepoint    ] Leaving safepoint region
[2019-06-24T09:24:40.027+0000][1][safepoint    ] Total time for which application threads were stopped: 0.0000897 seconds, Stopping threads took: 0.0000325 seconds
[2019-06-24T09:24:40.027+0000][1][safepoint    ] Application time: 0.0001095 seconds
[2019-06-24T09:24:40.027+0000][1][safepoint    ] Entering safepoint region: RevokeBias
[2019-06-24T09:24:40.027+0000][1][safepoint    ] Leaving safepoint region
[2019-06-24T09:24:40.027+0000][1][safepoint    ] Total time for which application threads were stopped: 0.0000994 seconds, Stopping threads took: 0.0000280 seconds
[2019-06-24T09:24:40.027+0000][1][safepoint    ] Application time: 0.0000997 seconds
[2019-06-24T09:24:40.027+0000][1][safepoint    ] Entering safepoint region: RevokeBias
[2019-06-24T09:24:40.027+0000][1][safepoint    ] Leaving safepoint region
[2019-06-24T09:24:40.027+0000][1][safepoint    ] Total time for which application threads were stopped: 0.0000999 seconds, Stopping threads took: 0.0000270 seconds
[2019-06-24T09:24:40.028+0000][1][safepoint    ] Application time: 0.0000971 seconds
[2019-06-24T09:24:40.028+0000][1][safepoint    ] Entering safepoint region: RevokeBias
[2019-06-24T09:24:40.028+0000][1][safepoint    ] Leaving safepoint region
[2019-06-24T09:24:40.028+0000][1][safepoint    ] Total time for which application threads were stopped: 0.0000635 seconds, Stopping threads took: 0.0000116 seconds
[2019-06-24T09:24:40.028+0000][1][safepoint    ] Application time: 0.0003249 seconds
[2019-06-24T09:24:40.028+0000][1][safepoint    ] Entering safepoint region: RevokeBias
[2019-06-24T09:24:40.028+0000][1][safepoint    ] Leaving safepoint region
[2019-06-24T09:24:40.028+0000][1][safepoint    ] Total time for which application threads were stopped: 0.0001675 seconds, Stopping threads took: 0.0001138 seconds
[2019-06-24T09:24:40.028+0000][1][safepoint    ] Application time: 0.0001552 seconds
[2019-06-24T09:24:40.028+0000][1][safepoint    ] Entering safepoint region: RevokeBias
[2019-06-24T09:24:40.028+0000][1][safepoint    ] Leaving safepoint region
[2019-06-24T09:24:40.028+0000][1][safepoint    ] Total time for which application threads were stopped: 0.0001197 seconds, Stopping threads took: 0.0000713 seconds
[2019-06-24T09:24:40.029+0000][1][safepoint    ] Application time: 0.0001580 seconds
[2019-06-24T09:24:40.029+0000][1][safepoint    ] Entering safepoint region: RevokeBias
[2019-06-24T09:24:40.029+0000][1][safepoint    ] Leaving safepoint region
[2019-06-24T09:24:40.029+0000][1][safepoint    ] Total time for which application threads were stopped: 0.0000982 seconds, Stopping threads took: 0.0000313 seconds
[2019-06-24T09:24:40.029+0000][1][safepoint    ] Application time: 0.0002369 seconds
[2019-06-24T09:24:40.029+0000][1][safepoint    ] Entering safepoint region: RevokeBias
[2019-06-24T09:24:40.029+0000][1][safepoint    ] Leaving safepoint region
[2019-06-24T09:24:40.029+0000][1][safepoint    ] Total time for which application threads were stopped: 0.0000838 seconds, Stopping threads took: 0.0000257 seconds
[2019-06-24T09:24:40.029+0000][1][safepoint    ] Application time: 0.0001192 seconds
[2019-06-24T09:24:40.029+0000][1][safepoint    ] Entering safepoint region: RevokeBias
[2019-06-24T09:24:40.029+0000][1][safepoint    ] Leaving safepoint region
[2019-06-24T09:24:40.029+0000][1][safepoint    ] Total time for which application threads were stopped: 0.0000661 seconds, Stopping threads took: 0.0000115 seconds
[2019-06-24T09:24:40.030+0000][1][safepoint    ] Application time: 0.0003488 seconds
[2019-06-24T09:24:40.030+0000][1][safepoint    ] Entering safepoint region: RevokeBias
[2019-06-24T09:24:40.030+0000][1][safepoint    ] Leaving safepoint region
[2019-06-24T09:24:40.030+0000][1][safepoint    ] Total time for which application threads were stopped: 0.0001023 seconds, Stopping threads took: 0.0000467 seconds
[2019-06-24T09:24:40.030+0000][1][safepoint    ] Application time: 0.0001193 seconds
[2019-06-24T09:24:40.030+0000][1][safepoint    ] Entering safepoint region: RevokeBias
[2019-06-24T09:24:40.030+0000][1][safepoint    ] Leaving safepoint region
[2019-06-24T09:24:40.030+0000][1][safepoint    ] Total time for which application threads were stopped: 0.0000807 seconds, Stopping threads took: 0.0000430 seconds
[2019-06-24T09:24:40.030+0000][1][safepoint    ] Application time: 0.0000888 seconds
[2019-06-24T09:24:40.030+0000][1][safepoint    ] Entering safepoint region: RevokeBias
[2019-06-24T09:24:40.030+0000][1][safepoint    ] Leaving safepoint region
[2019-06-24T09:24:40.030+0000][1][safepoint    ] Total time for which application threads were stopped: 0.0000887 seconds, Stopping threads took: 0.0000339 seconds
[2019-06-24T09:24:40.031+0000][1][safepoint    ] Application time: 0.0004743 seconds
[2019-06-24T09:24:40.031+0000][1][safepoint    ] Entering safepoint region: RevokeBias
[2019-06-24T09:24:40.031+0000][1][safepoint    ] Leaving safepoint region
[2019-06-24T09:24:40.031+0000][1][safepoint    ] Total time for which application threads were stopped: 0.0002436 seconds, Stopping threads took: 0.0001952 seconds
[2019-06-24T09:24:40.033+0000][1][safepoint    ] Application time: 0.0017109 seconds
[2019-06-24T09:24:40.033+0000][1][safepoint    ] Entering safepoint region: RevokeBias
[2019-06-24T09:24:40.033+0000][1][safepoint    ] Leaving safepoint region
[2019-06-24T09:24:40.033+0000][1][safepoint    ] Total time for which application threads were stopped: 0.0000733 seconds, Stopping threads took: 0.0000304 seconds
[2019-06-24T09:24:40.033+0000][1][safepoint    ] Application time: 0.0001395 seconds
[2019-06-24T09:24:40.033+0000][1][safepoint    ] Entering safepoint region: RevokeBias
[2019-06-24T09:24:40.033+0000][1][safepoint    ] Leaving safepoint region
[2019-06-24T09:24:40.033+0000][1][safepoint    ] Total time for which application threads were stopped: 0.0001557 seconds, Stopping threads took: 0.0001075 seconds
[2019-06-24T09:24:40.033+0000][1][safepoint    ] Application time: 0.0000777 seconds
[2019-06-24T09:24:40.033+0000][1][safepoint    ] Entering safepoint region: RevokeBias
[2019-06-24T09:24:40.033+0000][1][safepoint    ] Leaving safepoint region
[2019-06-24T09:24:40.033+0000][1][safepoint    ] Total time for which application threads were stopped: 0.0001024 seconds, Stopping threads took: 0.0000366 seconds
[2019-06-24T09:24:40.035+0000][1][safepoint    ] Application time: 0.0022635 seconds
[2019-06-24T09:24:40.036+0000][1][safepoint    ] Entering safepoint region: RevokeBias
[2019-06-24T09:24:40.036+0000][1][safepoint    ] Leaving safepoint region
[2019-06-24T09:24:40.036+0000][1][safepoint    ] Total time for which application threads were stopped: 0.0001206 seconds, Stopping threads took: 0.0000426 seconds
[2019-06-24T09:24:40.036+0000][1][safepoint    ] Application time: 0.0000907 seconds
[2019-06-24T09:24:40.036+0000][1][safepoint    ] Entering safepoint region: RevokeBias
[2019-06-24T09:24:40.036+0000][1][safepoint    ] Leaving safepoint region
[2019-06-24T09:24:40.036+0000][1][safepoint    ] Total time for which application threads were stopped: 0.0001220 seconds, Stopping threads took: 0.0000895 seconds
[2019-06-24T09:24:40.036+0000][1][safepoint    ] Application time: 0.0002483 seconds
[2019-06-24T09:24:40.036+0000][1][safepoint    ] Entering safepoint region: RevokeBias
[2019-06-24T09:24:40.036+0000][1][safepoint    ] Leaving safepoint region
[2019-06-24T09:24:40.036+0000][1][safepoint    ] Total time for which application threads were stopped: 0.0000863 seconds, Stopping threads took: 0.0000379 seconds
[2019-06-24T09:24:40.057+0000][1][safepoint    ] Application time: 0.0204588 seconds
[2019-06-24T09:24:40.057+0000][1][safepoint    ] Entering safepoint region: GenCollectForAllocation
[2019-06-24T09:24:40.057+0000][1][gc,start     ] GC(19) Pause Young (Allocation Failure)
[2019-06-24T09:24:40.057+0000][1][gc,task      ] GC(19) Using 5 workers of 8 for evacuation
[2019-06-24T09:24:40.062+0000][1][gc,age       ] GC(19) Desired survivor size 4456448 bytes, new threshold 2 (max threshold 6)
[2019-06-24T09:24:40.062+0000][1][gc,age       ] GC(19) Age table with threshold 2 (max threshold 6)
[2019-06-24T09:24:40.062+0000][1][gc,age       ] GC(19) - age   1:    2999632 bytes,    2999632 total
[2019-06-24T09:24:40.062+0000][1][gc,age       ] GC(19) - age   2:    3802320 bytes,    6801952 total
[2019-06-24T09:24:40.062+0000][1][gc,age       ] GC(19) - age   3:     275288 bytes,    7077240 total
[2019-06-24T09:24:40.063+0000][1][gc,heap      ] GC(19) ParNew: 74879K->7701K(78656K)
[2019-06-24T09:24:40.063+0000][1][gc,heap      ] GC(19) CMS: 55341K->55341K(174784K)
[2019-06-24T09:24:40.063+0000][1][gc,metaspace ] GC(19) Metaspace: 47125K->47125K(1093632K)
[2019-06-24T09:24:40.063+0000][1][gc           ] GC(19) Pause Young (Allocation Failure) 127M->61M(247M) 5.716ms
[2019-06-24T09:24:40.063+0000][1][gc,cpu       ] GC(19) User=0.04s Sys=0.00s Real=0.01s
[2019-06-24T09:24:40.063+0000][1][safepoint    ] Leaving safepoint region
[2019-06-24T09:24:40.063+0000][1][safepoint    ] Total time for which application threads were stopped: 0.0058547 seconds, Stopping threads took: 0.0000196 seconds
[2019-06-24T09:24:40.573+0000][1][safepoint    ] Application time: 0.5100064 seconds
[2019-06-24T09:24:40.573+0000][1][safepoint    ] Entering safepoint region: GenCollectForAllocation
[2019-06-24T09:24:40.573+0000][1][gc,start     ] GC(20) Pause Young (Allocation Failure)
[2019-06-24T09:24:40.573+0000][1][gc,task      ] GC(20) Using 5 workers of 8 for evacuation
[2019-06-24T09:24:40.582+0000][1][gc,age       ] GC(20) Desired survivor size 4456448 bytes, new threshold 6 (max threshold 6)
[2019-06-24T09:24:40.582+0000][1][gc,age       ] GC(20) Age table with threshold 6 (max threshold 6)
[2019-06-24T09:24:40.582+0000][1][gc,age       ] GC(20) - age   1:    1460160 bytes,    1460160 total
[2019-06-24T09:24:40.582+0000][1][gc,age       ] GC(20) - age   2:    2958592 bytes,    4418752 total
[2019-06-24T09:24:40.582+0000][1][gc,heap      ] GC(20) ParNew: 77653K->6058K(78656K)
[2019-06-24T09:24:40.582+0000][1][gc,heap      ] GC(20) CMS: 55341K->59460K(174784K)
[2019-06-24T09:24:40.582+0000][1][gc,metaspace ] GC(20) Metaspace: 53819K->53819K(1097728K)
[2019-06-24T09:24:40.582+0000][1][gc           ] GC(20) Pause Young (Allocation Failure) 129M->63M(247M) 9.262ms
[2019-06-24T09:24:40.582+0000][1][gc,cpu       ] GC(20) User=0.06s Sys=0.00s Real=0.01s
[2019-06-24T09:24:40.582+0000][1][safepoint    ] Leaving safepoint region
[2019-06-24T09:24:40.582+0000][1][safepoint    ] Total time for which application threads were stopped: 0.0098179 seconds, Stopping threads took: 0.0000205 seconds
[2019-06-24T09:24:40.764+0000][1][safepoint    ] Application time: 0.1816882 seconds
[2019-06-24T09:24:40.764+0000][1][safepoint    ] Entering safepoint region: Deoptimize
[2019-06-24T09:24:40.765+0000][1][safepoint    ] Leaving safepoint region
[2019-06-24T09:24:40.765+0000][1][safepoint    ] Total time for which application threads were stopped: 0.0008257 seconds, Stopping threads took: 0.0000136 seconds
[2019-06-24T09:24:40.798+0000][1][safepoint    ] Application time: 0.0328627 seconds
[2019-06-24T09:24:40.798+0000][1][safepoint    ] Entering safepoint region: RevokeBias
[2019-06-24T09:24:40.798+0000][1][safepoint    ] Leaving safepoint region
[2019-06-24T09:24:40.798+0000][1][safepoint    ] Total time for which application threads were stopped: 0.0000798 seconds, Stopping threads took: 0.0000126 seconds
[2019-06-24T09:24:40.798+0000][1][safepoint    ] Application time: 0.0000842 seconds
[2019-06-24T09:24:40.798+0000][1][safepoint    ] Entering safepoint region: RevokeBias
[2019-06-24T09:24:40.798+0000][1][safepoint    ] Leaving safepoint region
[2019-06-24T09:24:40.798+0000][1][safepoint    ] Total time for which application threads were stopped: 0.0000526 seconds, Stopping threads took: 0.0000217 seconds
[2019-06-24T09:24:40.798+0000][1][safepoint    ] Application time: 0.0001727 seconds
[2019-06-24T09:24:40.798+0000][1][safepoint    ] Entering safepoint region: RevokeBias
[2019-06-24T09:24:40.798+0000][1][safepoint    ] Leaving safepoint region
[2019-06-24T09:24:40.798+0000][1][safepoint    ] Total time for which application threads were stopped: 0.0000645 seconds, Stopping threads took: 0.0000342 seconds
[2019-06-24T09:24:40.801+0000][1][safepoint    ] Application time: 0.0024257 seconds
[2019-06-24T09:24:40.801+0000][1][safepoint    ] Entering safepoint region: RevokeBias
[2019-06-24T09:24:40.801+0000][1][safepoint    ] Leaving safepoint region
[2019-06-24T09:24:40.801+0000][1][safepoint    ] Total time for which application threads were stopped: 0.0000634 seconds, Stopping threads took: 0.0000110 seconds
[2019-06-24T09:24:40.958+0000][1][safepoint    ] Application time: 0.1574620 seconds
[2019-06-24T09:24:40.959+0000][1][safepoint    ] Entering safepoint region: RevokeBias
[2019-06-24T09:24:40.960+0000][1][safepoint    ] Leaving safepoint region
[2019-06-24T09:24:40.960+0000][1][safepoint    ] Total time for which application threads were stopped: 0.0011371 seconds, Stopping threads took: 0.0001143 seconds
[2019-06-24T09:24:40.960+0000][1][safepoint    ] Application time: 0.0007007 seconds
[2019-06-24T09:24:40.960+0000][1][safepoint    ] Entering safepoint region: RevokeBias
[2019-06-24T09:24:40.960+0000][1][safepoint    ] Leaving safepoint region
[2019-06-24T09:24:40.960+0000][1][safepoint    ] Total time for which application threads were stopped: 0.0001106 seconds, Stopping threads took: 0.0000426 seconds
[2019-06-24T09:24:40.961+0000][1][safepoint    ] Application time: 0.0000788 seconds
[2019-06-24T09:24:40.961+0000][1][safepoint    ] Entering safepoint region: RevokeBias
[2019-06-24T09:24:40.961+0000][1][safepoint    ] Leaving safepoint region
[2019-06-24T09:24:40.961+0000][1][safepoint    ] Total time for which application threads were stopped: 0.0001530 seconds, Stopping threads took: 0.0001085 seconds
[2019-06-24T09:24:40.961+0000][1][safepoint    ] Application time: 0.0000697 seconds
[2019-06-24T09:24:40.961+0000][1][safepoint    ] Entering safepoint region: BulkRevokeBias
[2019-06-24T09:24:40.961+0000][1][safepoint    ] Leaving safepoint region
[2019-06-24T09:24:40.961+0000][1][safepoint    ] Total time for which application threads were stopped: 0.0001593 seconds, Stopping threads took: 0.0000823 seconds
[2019-06-24T09:24:40.975+0000][1][safepoint    ] Application time: 0.0141365 seconds
[2019-06-24T09:24:40.975+0000][1][safepoint    ] Entering safepoint region: Deoptimize
[2019-06-24T09:24:40.976+0000][1][safepoint    ] Leaving safepoint region
[2019-06-24T09:24:40.976+0000][1][safepoint    ] Total time for which application threads were stopped: 0.0003653 seconds, Stopping threads took: 0.0000127 seconds
[2019-06-24T09:24:41.143+0000][1][safepoint    ] Application time: 0.1673635 seconds
[2019-06-24T09:24:41.143+0000][1][safepoint    ] Entering safepoint region: RevokeBias
[2019-06-24T09:24:41.143+0000][1][safepoint    ] Leaving safepoint region
[2019-06-24T09:24:41.143+0000][1][safepoint    ] Total time for which application threads were stopped: 0.0001734 seconds, Stopping threads took: 0.0001077 seconds
[2019-06-24T09:24:41.301+0000][1][safepoint    ] Application time: 0.1580465 seconds
[2019-06-24T09:24:41.301+0000][1][safepoint    ] Entering safepoint region: RevokeBias
[2019-06-24T09:24:41.301+0000][1][safepoint    ] Leaving safepoint region
[2019-06-24T09:24:41.301+0000][1][safepoint    ] Total time for which application threads were stopped: 0.0000595 seconds, Stopping threads took: 0.0000120 seconds
[2019-06-24T09:24:41.301+0000][1][safepoint    ] Application time: 0.0001191 seconds
[2019-06-24T09:24:41.301+0000][1][safepoint    ] Entering safepoint region: RevokeBias
[2019-06-24T09:24:41.301+0000][1][safepoint    ] Leaving safepoint region
[2019-06-24T09:24:41.301+0000][1][safepoint    ] Total time for which application threads were stopped: 0.0000348 seconds, Stopping threads took: 0.0000094 seconds
[2019-06-24T09:24:41.332+0000][1][safepoint    ] Application time: 0.0307285 seconds
[2019-06-24T09:24:41.332+0000][1][safepoint    ] Entering safepoint region: RevokeBias
[2019-06-24T09:24:41.332+0000][1][safepoint    ] Leaving safepoint region
[2019-06-24T09:24:41.332+0000][1][safepoint    ] Total time for which application threads were stopped: 0.0001485 seconds, Stopping threads took: 0.0000815 seconds
[2019-06-24T09:24:41.332+0000][1][safepoint    ] Application time: 0.0000900 seconds
[2019-06-24T09:24:41.333+0000][1][safepoint    ] Entering safepoint region: RevokeBias
[2019-06-24T09:24:41.333+0000][1][safepoint    ] Leaving safepoint region
[2019-06-24T09:24:41.333+0000][1][safepoint    ] Total time for which application threads were stopped: 0.0000631 seconds, Stopping threads took: 0.0000127 seconds
[2019-06-24T09:24:41.333+0000][1][safepoint    ] Application time: 0.0002693 seconds
[2019-06-24T09:24:41.333+0000][1][safepoint    ] Entering safepoint region: RevokeBias
[2019-06-24T09:24:41.333+0000][1][safepoint    ] Leaving safepoint region
[2019-06-24T09:24:41.333+0000][1][safepoint    ] Total time for which application threads were stopped: 0.0000740 seconds, Stopping threads took: 0.0000290 seconds
[2019-06-24T09:24:41.342+0000][1][safepoint    ] Application time: 0.0094896 seconds
[2019-06-24T09:24:41.343+0000][1][safepoint    ] Entering safepoint region: GenCollectForAllocation
[2019-06-24T09:24:41.343+0000][1][gc,start     ] GC(21) Pause Young (Allocation Failure)
[2019-06-24T09:24:41.343+0000][1][gc,task      ] GC(21) Using 5 workers of 8 for evacuation
[2019-06-24T09:24:41.350+0000][1][gc,age       ] GC(21) Desired survivor size 4456448 bytes, new threshold 2 (max threshold 6)
[2019-06-24T09:24:41.350+0000][1][gc,age       ] GC(21) Age table with threshold 2 (max threshold 6)
[2019-06-24T09:24:41.350+0000][1][gc,age       ] GC(21) - age   1:    3669968 bytes,    3669968 total
[2019-06-24T09:24:41.350+0000][1][gc,age       ] GC(21) - age   2:    1378472 bytes,    5048440 total
[2019-06-24T09:24:41.350+0000][1][gc,age       ] GC(21) - age   3:    2944648 bytes,    7993088 total
[2019-06-24T09:24:41.350+0000][1][gc,heap      ] GC(21) ParNew: 76010K->8704K(78656K)
[2019-06-24T09:24:41.350+0000][1][gc,heap      ] GC(21) CMS: 59460K->59633K(174784K)
[2019-06-24T09:24:41.350+0000][1][gc,metaspace ] GC(21) Metaspace: 61832K->61832K(1105920K)
[2019-06-24T09:24:41.350+0000][1][gc           ] GC(21) Pause Young (Allocation Failure) 132M->66M(247M) 7.120ms
[2019-06-24T09:24:41.350+0000][1][gc,cpu       ] GC(21) User=0.04s Sys=0.01s Real=0.00s
[2019-06-24T09:24:41.350+0000][1][safepoint    ] Leaving safepoint region
[2019-06-24T09:24:41.350+0000][1][safepoint    ] Total time for which application threads were stopped: 0.0072595 seconds, Stopping threads took: 0.0000221 seconds
[2019-06-24T09:24:41.382+0000][1][safepoint    ] Application time: 0.0326107 seconds
[2019-06-24T09:24:41.382+0000][1][safepoint    ] Entering safepoint region: Deoptimize
[2019-06-24T09:24:41.383+0000][1][safepoint    ] Leaving safepoint region
[2019-06-24T09:24:41.383+0000][1][safepoint    ] Total time for which application threads were stopped: 0.0004801 seconds, Stopping threads took: 0.0000124 seconds
[2019-06-24T09:24:41.388+0000][1][safepoint    ] Application time: 0.0055994 seconds
[2019-06-24T09:24:41.389+0000][1][safepoint    ] Entering safepoint region: BulkRevokeBias
[2019-06-24T09:24:41.389+0000][1][safepoint    ] Leaving safepoint region
[2019-06-24T09:24:41.389+0000][1][safepoint    ] Total time for which application threads were stopped: 0.0001415 seconds, Stopping threads took: 0.0000260 seconds
[2019-06-24T09:24:41.389+0000][1][safepoint    ] Application time: 0.0003526 seconds
[2019-06-24T09:24:41.389+0000][1][safepoint    ] Entering safepoint region: RevokeBias
[2019-06-24T09:24:41.389+0000][1][safepoint    ] Leaving safepoint region
[2019-06-24T09:24:41.389+0000][1][safepoint    ] Total time for which application threads were stopped: 0.0000440 seconds, Stopping threads took: 0.0000096 seconds
[2019-06-24T09:24:41.389+0000][1][safepoint    ] Application time: 0.0001366 seconds
[2019-06-24T09:24:41.389+0000][1][safepoint    ] Entering safepoint region: RevokeBias
[2019-06-24T09:24:41.389+0000][1][safepoint    ] Leaving safepoint region
[2019-06-24T09:24:41.389+0000][1][safepoint    ] Total time for which application threads were stopped: 0.0000413 seconds, Stopping threads took: 0.0000096 seconds
[2019-06-24T09:24:41.390+0000][1][safepoint    ] Application time: 0.0007043 seconds
[2019-06-24T09:24:41.390+0000][1][safepoint    ] Entering safepoint region: RevokeBias
[2019-06-24T09:24:41.390+0000][1][safepoint    ] Leaving safepoint region
[2019-06-24T09:24:41.390+0000][1][safepoint    ] Total time for which application threads were stopped: 0.0000428 seconds, Stopping threads took: 0.0000093 seconds
[2019-06-24T09:24:41.390+0000][1][safepoint    ] Application time: 0.0001952 seconds
[2019-06-24T09:24:41.390+0000][1][safepoint    ] Entering safepoint region: RevokeBias
[2019-06-24T09:24:41.390+0000][1][safepoint    ] Leaving safepoint region
[2019-06-24T09:24:41.390+0000][1][safepoint    ] Total time for which application threads were stopped: 0.0000409 seconds, Stopping threads took: 0.0000095 seconds
[2019-06-24T09:24:41.391+0000][1][safepoint    ] Application time: 0.0003608 seconds
[2019-06-24T09:24:41.391+0000][1][safepoint    ] Entering safepoint region: RevokeBias
[2019-06-24T09:24:41.391+0000][1][safepoint    ] Leaving safepoint region
[2019-06-24T09:24:41.391+0000][1][safepoint    ] Total time for which application threads were stopped: 0.0000462 seconds, Stopping threads took: 0.0000095 seconds
[2019-06-24T09:24:41.391+0000][1][safepoint    ] Application time: 0.0001334 seconds
[2019-06-24T09:24:41.391+0000][1][safepoint    ] Entering safepoint region: RevokeBias
[2019-06-24T09:24:41.391+0000][1][safepoint    ] Leaving safepoint region
[2019-06-24T09:24:41.391+0000][1][safepoint    ] Total time for which application threads were stopped: 0.0000446 seconds, Stopping threads took: 0.0000097 seconds
[2019-06-24T09:24:41.391+0000][1][safepoint    ] Application time: 0.0001148 seconds
[2019-06-24T09:24:41.391+0000][1][safepoint    ] Entering safepoint region: RevokeBias
[2019-06-24T09:24:41.391+0000][1][safepoint    ] Leaving safepoint region
[2019-06-24T09:24:41.391+0000][1][safepoint    ] Total time for which application threads were stopped: 0.0000436 seconds, Stopping threads took: 0.0000095 seconds
[2019-06-24T09:24:41.391+0000][1][safepoint    ] Application time: 0.0001448 seconds
[2019-06-24T09:24:41.391+0000][1][safepoint    ] Entering safepoint region: RevokeBias
[2019-06-24T09:24:41.391+0000][1][safepoint    ] Leaving safepoint region
[2019-06-24T09:24:41.391+0000][1][safepoint    ] Total time for which application threads were stopped: 0.0000444 seconds, Stopping threads took: 0.0000099 seconds
[2019-06-24T09:24:41.392+0000][1][safepoint    ] Application time: 0.0001855 seconds
[2019-06-24T09:24:41.392+0000][1][safepoint    ] Entering safepoint region: RevokeBias
[2019-06-24T09:24:41.392+0000][1][safepoint    ] Leaving safepoint region
[2019-06-24T09:24:41.392+0000][1][safepoint    ] Total time for which application threads were stopped: 0.0000413 seconds, Stopping threads took: 0.0000100 seconds
[2019-06-24T09:24:41.392+0000][1][safepoint    ] Application time: 0.0001154 seconds
[2019-06-24T09:24:41.392+0000][1][safepoint    ] Entering safepoint region: RevokeBias
[2019-06-24T09:24:41.392+0000][1][safepoint    ] Leaving safepoint region
[2019-06-24T09:24:41.392+0000][1][safepoint    ] Total time for which application threads were stopped: 0.0000356 seconds, Stopping threads took: 0.0000070 seconds
[2019-06-24T09:24:41.392+0000][1][safepoint    ] Application time: 0.0000732 seconds
[2019-06-24T09:24:41.392+0000][1][safepoint    ] Entering safepoint region: RevokeBias
[2019-06-24T09:24:41.392+0000][1][safepoint    ] Leaving safepoint region
[2019-06-24T09:24:41.392+0000][1][safepoint    ] Total time for which application threads were stopped: 0.0000343 seconds, Stopping threads took: 0.0000069 seconds
[2019-06-24T09:24:41.393+0000][1][safepoint    ] Application time: 0.0009983 seconds
[2019-06-24T09:24:41.393+0000][1][safepoint    ] Entering safepoint region: RevokeBias
[2019-06-24T09:24:41.393+0000][1][safepoint    ] Leaving safepoint region
[2019-06-24T09:24:41.393+0000][1][safepoint    ] Total time for which application threads were stopped: 0.0000386 seconds, Stopping threads took: 0.0000069 seconds
[2019-06-24T09:24:41.393+0000][1][safepoint    ] Application time: 0.0000743 seconds
[2019-06-24T09:24:41.393+0000][1][safepoint    ] Entering safepoint region: RevokeBias
[2019-06-24T09:24:41.393+0000][1][safepoint    ] Leaving safepoint region
[2019-06-24T09:24:41.393+0000][1][safepoint    ] Total time for which application threads were stopped: 0.0000342 seconds, Stopping threads took: 0.0000068 seconds
[2019-06-24T09:24:41.394+0000][1][safepoint    ] Application time: 0.0012449 seconds
[2019-06-24T09:24:41.394+0000][1][safepoint    ] Entering safepoint region: RevokeBias
[2019-06-24T09:24:41.394+0000][1][safepoint    ] Leaving safepoint region
[2019-06-24T09:24:41.394+0000][1][safepoint    ] Total time for which application threads were stopped: 0.0000946 seconds, Stopping threads took: 0.0000625 seconds
[2019-06-24T09:24:41.394+0000][1][safepoint    ] Application time: 0.0000793 seconds
[2019-06-24T09:24:41.395+0000][1][safepoint    ] Entering safepoint region: RevokeBias
[2019-06-24T09:24:41.395+0000][1][safepoint    ] Leaving safepoint region
[2019-06-24T09:24:41.395+0000][1][safepoint    ] Total time for which application threads were stopped: 0.0001246 seconds, Stopping threads took: 0.0000895 seconds
[2019-06-24T09:24:41.395+0000][1][safepoint    ] Application time: 0.0004305 seconds
[2019-06-24T09:24:41.395+0000][1][safepoint    ] Entering safepoint region: RevokeBias
[2019-06-24T09:24:41.395+0000][1][safepoint    ] Leaving safepoint region
[2019-06-24T09:24:41.395+0000][1][safepoint    ] Total time for which application threads were stopped: 0.0000279 seconds, Stopping threads took: 0.0000074 seconds
[2019-06-24T09:24:41.396+0000][1][safepoint    ] Application time: 0.0003982 seconds
[2019-06-24T09:24:41.396+0000][1][safepoint    ] Entering safepoint region: RevokeBias
[2019-06-24T09:24:41.396+0000][1][safepoint    ] Leaving safepoint region
[2019-06-24T09:24:41.396+0000][1][safepoint    ] Total time for which application threads were stopped: 0.0000832 seconds, Stopping threads took: 0.0000462 seconds
[2019-06-24T09:24:41.397+0000][1][safepoint    ] Application time: 0.0012228 seconds
[2019-06-24T09:24:41.397+0000][1][safepoint    ] Entering safepoint region: RevokeBias
[2019-06-24T09:24:41.397+0000][1][safepoint    ] Leaving safepoint region
[2019-06-24T09:24:41.397+0000][1][safepoint    ] Total time for which application threads were stopped: 0.0001118 seconds, Stopping threads took: 0.0000525 seconds
[2019-06-24T09:24:41.397+0000][1][safepoint    ] Application time: 0.0003908 seconds
[2019-06-24T09:24:41.397+0000][1][safepoint    ] Entering safepoint region: RevokeBias
[2019-06-24T09:24:41.398+0000][1][safepoint    ] Leaving safepoint region
[2019-06-24T09:24:41.398+0000][1][safepoint    ] Total time for which application threads were stopped: 0.0001152 seconds, Stopping threads took: 0.0000542 seconds
[2019-06-24T09:24:41.398+0000][1][safepoint    ] Application time: 0.0004555 seconds
[2019-06-24T09:24:41.398+0000][1][safepoint    ] Entering safepoint region: RevokeBias
[2019-06-24T09:24:41.398+0000][1][safepoint    ] Leaving safepoint region
[2019-06-24T09:24:41.398+0000][1][safepoint    ] Total time for which application threads were stopped: 0.0001265 seconds, Stopping threads took: 0.0000366 seconds
[2019-06-24T09:24:41.398+0000][1][safepoint    ] Application time: 0.0001151 seconds
[2019-06-24T09:24:41.398+0000][1][safepoint    ] Entering safepoint region: RevokeBias
[2019-06-24T09:24:41.398+0000][1][safepoint    ] Leaving safepoint region
[2019-06-24T09:24:41.398+0000][1][safepoint    ] Total time for which application threads were stopped: 0.0000565 seconds, Stopping threads took: 0.0000256 seconds
[2019-06-24T09:24:41.399+0000][1][safepoint    ] Application time: 0.0011025 seconds
[2019-06-24T09:24:41.400+0000][1][safepoint    ] Entering safepoint region: RevokeBias
[2019-06-24T09:24:41.400+0000][1][safepoint    ] Leaving safepoint region
[2019-06-24T09:24:41.400+0000][1][safepoint    ] Total time for which application threads were stopped: 0.0001623 seconds, Stopping threads took: 0.0000673 seconds
[2019-06-24T09:24:41.407+0000][1][safepoint    ] Application time: 0.0068980 seconds
[2019-06-24T09:24:41.407+0000][1][safepoint    ] Entering safepoint region: RevokeBias
[2019-06-24T09:24:41.407+0000][1][safepoint    ] Leaving safepoint region
[2019-06-24T09:24:41.407+0000][1][safepoint    ] Total time for which application threads were stopped: 0.0002101 seconds, Stopping threads took: 0.0000671 seconds
[2019-06-24T09:24:41.407+0000][1][safepoint    ] Application time: 0.0002436 seconds
[2019-06-24T09:24:41.407+0000][1][safepoint    ] Entering safepoint region: RevokeBias
[2019-06-24T09:24:41.407+0000][1][safepoint    ] Leaving safepoint region
[2019-06-24T09:24:41.407+0000][1][safepoint    ] Total time for which application threads were stopped: 0.0001789 seconds, Stopping threads took: 0.0001280 seconds
[2019-06-24T09:24:41.411+0000][1][safepoint    ] Application time: 0.0036424 seconds
[2019-06-24T09:24:41.411+0000][1][safepoint    ] Entering safepoint region: RevokeBias
[2019-06-24T09:24:41.411+0000][1][safepoint    ] Leaving safepoint region
[2019-06-24T09:24:41.411+0000][1][safepoint    ] Total time for which application threads were stopped: 0.0000789 seconds, Stopping threads took: 0.0000134 seconds
[2019-06-24T09:24:41.411+0000][1][safepoint    ] Application time: 0.0002182 seconds
[2019-06-24T09:24:41.411+0000][1][safepoint    ] Entering safepoint region: RevokeBias
[2019-06-24T09:24:41.411+0000][1][safepoint    ] Leaving safepoint region
[2019-06-24T09:24:41.411+0000][1][safepoint    ] Total time for which application threads were stopped: 0.0001070 seconds, Stopping threads took: 0.0000253 seconds
[2019-06-24T09:24:41.411+0000][1][safepoint    ] Application time: 0.0001534 seconds
[2019-06-24T09:24:41.412+0000][1][safepoint    ] Entering safepoint region: RevokeBias
[2019-06-24T09:24:41.412+0000][1][safepoint    ] Leaving safepoint region
[2019-06-24T09:24:41.412+0000][1][safepoint    ] Total time for which application threads were stopped: 0.0000462 seconds, Stopping threads took: 0.0000105 seconds
[2019-06-24T09:24:41.412+0000][1][safepoint    ] Application time: 0.0001419 seconds
[2019-06-24T09:24:41.412+0000][1][safepoint    ] Entering safepoint region: RevokeBias
[2019-06-24T09:24:41.412+0000][1][safepoint    ] Leaving safepoint region
[2019-06-24T09:24:41.412+0000][1][safepoint    ] Total time for which application threads were stopped: 0.0000618 seconds, Stopping threads took: 0.0000252 seconds
[2019-06-24T09:24:41.415+0000][1][safepoint    ] Application time: 0.0030746 seconds
[2019-06-24T09:24:41.415+0000][1][safepoint    ] Entering safepoint region: RevokeBias
[2019-06-24T09:24:41.415+0000][1][safepoint    ] Leaving safepoint region
[2019-06-24T09:24:41.415+0000][1][safepoint    ] Total time for which application threads were stopped: 0.0000359 seconds, Stopping threads took: 0.0000113 seconds
[2019-06-24T09:24:41.421+0000][1][safepoint    ] Application time: 0.0064446 seconds
[2019-06-24T09:24:41.421+0000][1][safepoint    ] Entering safepoint region: RevokeBias
[2019-06-24T09:24:41.421+0000][1][safepoint    ] Leaving safepoint region
[2019-06-24T09:24:41.421+0000][1][safepoint    ] Total time for which application threads were stopped: 0.0000475 seconds, Stopping threads took: 0.0000126 seconds
[2019-06-24T09:24:41.422+0000][1][safepoint    ] Application time: 0.0001211 seconds
[2019-06-24T09:24:41.422+0000][1][safepoint    ] Entering safepoint region: RevokeBias
[2019-06-24T09:24:41.422+0000][1][safepoint    ] Leaving safepoint region
[2019-06-24T09:24:41.422+0000][1][safepoint    ] Total time for which application threads were stopped: 0.0000300 seconds, Stopping threads took: 0.0000096 seconds
[2019-06-24T09:24:41.963+0000][1][safepoint    ] Application time: 0.5411366 seconds
[2019-06-24T09:24:41.963+0000][1][safepoint    ] Entering safepoint region: RevokeBias
[2019-06-24T09:24:41.963+0000][1][safepoint    ] Leaving safepoint region
[2019-06-24T09:24:41.963+0000][1][safepoint    ] Total time for which application threads were stopped: 0.0001411 seconds, Stopping threads took: 0.0000390 seconds
[2019-06-24T09:24:41.963+0000][1][safepoint    ] Application time: 0.0003148 seconds
[2019-06-24T09:24:41.963+0000][1][safepoint    ] Entering safepoint region: RevokeBias
[2019-06-24T09:24:41.963+0000][1][safepoint    ] Leaving safepoint region
[2019-06-24T09:24:41.964+0000][1][safepoint    ] Total time for which application threads were stopped: 0.0001106 seconds, Stopping threads took: 0.0000322 seconds
[2019-06-24T09:24:42.292+0000][1][safepoint    ] Application time: 0.3283453 seconds
[2019-06-24T09:24:42.292+0000][1][safepoint    ] Entering safepoint region: RevokeBias
[2019-06-24T09:24:42.292+0000][1][safepoint    ] Leaving safepoint region
[2019-06-24T09:24:42.292+0000][1][safepoint    ] Total time for which application threads were stopped: 0.0001742 seconds, Stopping threads took: 0.0000743 seconds
[2019-06-24T09:24:42.292+0000][1][safepoint    ] Application time: 0.0002700 seconds
[2019-06-24T09:24:42.293+0000][1][safepoint    ] Entering safepoint region: RevokeBias
[2019-06-24T09:24:42.293+0000][1][safepoint    ] Leaving safepoint region
[2019-06-24T09:24:42.293+0000][1][safepoint    ] Total time for which application threads were stopped: 0.0000943 seconds, Stopping threads took: 0.0000329 seconds
[2019-06-24T09:24:42.293+0000][1][safepoint    ] Application time: 0.0002752 seconds
[2019-06-24T09:24:42.293+0000][1][safepoint    ] Entering safepoint region: RevokeBias
[2019-06-24T09:24:42.293+0000][1][safepoint    ] Leaving safepoint region
[2019-06-24T09:24:42.293+0000][1][safepoint    ] Total time for which application threads were stopped: 0.0000936 seconds, Stopping threads took: 0.0000333 seconds
[2019-06-24T09:24:42.293+0000][1][safepoint    ] Application time: 0.0002650 seconds
[2019-06-24T09:24:42.293+0000][1][safepoint    ] Entering safepoint region: RevokeBias
[2019-06-24T09:24:42.293+0000][1][safepoint    ] Leaving safepoint region
[2019-06-24T09:24:42.293+0000][1][safepoint    ] Total time for which application threads were stopped: 0.0000941 seconds, Stopping threads took: 0.0000336 seconds
[2019-06-24T09:24:42.294+0000][1][safepoint    ] Application time: 0.0002632 seconds
[2019-06-24T09:24:42.294+0000][1][safepoint    ] Entering safepoint region: RevokeBias
[2019-06-24T09:24:42.294+0000][1][safepoint    ] Leaving safepoint region
[2019-06-24T09:24:42.294+0000][1][safepoint    ] Total time for which application threads were stopped: 0.0000930 seconds, Stopping threads took: 0.0000328 seconds
[2019-06-24T09:24:42.294+0000][1][safepoint    ] Application time: 0.0002656 seconds
[2019-06-24T09:24:42.294+0000][1][safepoint    ] Entering safepoint region: RevokeBias
[2019-06-24T09:24:42.294+0000][1][safepoint    ] Leaving safepoint region
[2019-06-24T09:24:42.294+0000][1][safepoint    ] Total time for which application threads were stopped: 0.0000912 seconds, Stopping threads took: 0.0000316 seconds
[2019-06-24T09:24:42.295+0000][1][safepoint    ] Application time: 0.0002711 seconds
[2019-06-24T09:24:42.295+0000][1][safepoint    ] Entering safepoint region: RevokeBias
[2019-06-24T09:24:42.295+0000][1][safepoint    ] Leaving safepoint region
[2019-06-24T09:24:42.295+0000][1][safepoint    ] Total time for which application threads were stopped: 0.0000899 seconds, Stopping threads took: 0.0000312 seconds
[2019-06-24T09:24:42.295+0000][1][safepoint    ] Application time: 0.0002595 seconds
[2019-06-24T09:24:42.295+0000][1][safepoint    ] Entering safepoint region: RevokeBias
[2019-06-24T09:24:42.295+0000][1][safepoint    ] Leaving safepoint region
[2019-06-24T09:24:42.295+0000][1][safepoint    ] Total time for which application threads were stopped: 0.0000906 seconds, Stopping threads took: 0.0000318 seconds
[2019-06-24T09:24:42.305+0000][1][safepoint    ] Application time: 0.0092847 seconds
[2019-06-24T09:24:42.305+0000][1][safepoint    ] Entering safepoint region: RevokeBias
[2019-06-24T09:24:42.305+0000][1][safepoint    ] Leaving safepoint region
[2019-06-24T09:24:42.305+0000][1][safepoint    ] Total time for which application threads were stopped: 0.0000928 seconds, Stopping threads took: 0.0000327 seconds
[2019-06-24T09:24:42.307+0000][1][safepoint    ] Application time: 0.0019839 seconds
[2019-06-24T09:24:42.307+0000][1][safepoint    ] Entering safepoint region: RevokeBias
[2019-06-24T09:24:42.307+0000][1][safepoint    ] Leaving safepoint region
[2019-06-24T09:24:42.307+0000][1][safepoint    ] Total time for which application threads were stopped: 0.0004243 seconds, Stopping threads took: 0.0003177 seconds
[2019-06-24T09:24:42.308+0000][1][safepoint    ] Application time: 0.0003068 seconds
[2019-06-24T09:24:42.308+0000][1][safepoint    ] Entering safepoint region: RevokeBias
[2019-06-24T09:24:42.308+0000][1][safepoint    ] Leaving safepoint region
[2019-06-24T09:24:42.308+0000][1][safepoint    ] Total time for which application threads were stopped: 0.0002451 seconds, Stopping threads took: 0.0001568 seconds
[2019-06-24T09:24:42.309+0000][1][safepoint    ] Application time: 0.0009624 seconds
[2019-06-24T09:24:42.309+0000][1][safepoint    ] Entering safepoint region: RevokeBias
[2019-06-24T09:24:42.309+0000][1][safepoint    ] Leaving safepoint region
[2019-06-24T09:24:42.309+0000][1][safepoint    ] Total time for which application threads were stopped: 0.0002080 seconds, Stopping threads took: 0.0001172 seconds
[2019-06-24T09:24:42.309+0000][1][safepoint    ] Application time: 0.0002780 seconds
[2019-06-24T09:24:42.309+0000][1][safepoint    ] Entering safepoint region: RevokeBias
[2019-06-24T09:24:42.310+0000][1][safepoint    ] Leaving safepoint region
[2019-06-24T09:24:42.310+0000][1][safepoint    ] Total time for which application threads were stopped: 0.0001156 seconds, Stopping threads took: 0.0000315 seconds
[2019-06-24T09:24:42.314+0000][1][safepoint    ] Application time: 0.0040401 seconds
[2019-06-24T09:24:42.314+0000][1][safepoint    ] Entering safepoint region: RevokeBias
[2019-06-24T09:24:42.314+0000][1][safepoint    ] Leaving safepoint region
[2019-06-24T09:24:42.314+0000][1][safepoint    ] Total time for which application threads were stopped: 0.0001117 seconds, Stopping threads took: 0.0000323 seconds
[2019-06-24T09:24:42.323+0000][1][safepoint    ] Application time: 0.0094754 seconds
[2019-06-24T09:24:42.323+0000][1][safepoint    ] Entering safepoint region: RevokeBias
[2019-06-24T09:24:42.323+0000][1][safepoint    ] Leaving safepoint region
[2019-06-24T09:24:42.323+0000][1][safepoint    ] Total time for which application threads were stopped: 0.0001376 seconds, Stopping threads took: 0.0000367 seconds
[2019-06-24T09:24:42.333+0000][1][safepoint    ] Application time: 0.0097422 seconds
[2019-06-24T09:24:42.333+0000][1][safepoint    ] Entering safepoint region: RevokeBias
[2019-06-24T09:24:42.333+0000][1][safepoint    ] Leaving safepoint region
[2019-06-24T09:24:42.333+0000][1][safepoint    ] Total time for which application threads were stopped: 0.0001243 seconds, Stopping threads took: 0.0000349 seconds
[2019-06-24T09:24:42.334+0000][1][safepoint    ] Application time: 0.0002643 seconds
[2019-06-24T09:24:42.334+0000][1][safepoint    ] Entering safepoint region: RevokeBias
[2019-06-24T09:24:42.334+0000][1][safepoint    ] Leaving safepoint region
[2019-06-24T09:24:42.334+0000][1][safepoint    ] Total time for which application threads were stopped: 0.0001093 seconds, Stopping threads took: 0.0000329 seconds
[2019-06-24T09:24:42.334+0000][1][safepoint    ] Application time: 0.0002653 seconds
[2019-06-24T09:24:42.334+0000][1][safepoint    ] Entering safepoint region: RevokeBias
[2019-06-24T09:24:42.335+0000][1][safepoint    ] Leaving safepoint region
[2019-06-24T09:24:42.335+0000][1][safepoint    ] Total time for which application threads were stopped: 0.0003558 seconds, Stopping threads took: 0.0002145 seconds
[2019-06-24T09:24:42.336+0000][1][safepoint    ] Application time: 0.0010965 seconds
[2019-06-24T09:24:42.336+0000][1][safepoint    ] Entering safepoint region: RevokeBias
[2019-06-24T09:24:42.336+0000][1][safepoint    ] Leaving safepoint region
[2019-06-24T09:24:42.336+0000][1][safepoint    ] Total time for which application threads were stopped: 0.0002918 seconds, Stopping threads took: 0.0001993 seconds
[2019-06-24T09:24:42.337+0000][1][safepoint    ] Application time: 0.0006582 seconds
[2019-06-24T09:24:42.337+0000][1][safepoint    ] Entering safepoint region: RevokeBias
[2019-06-24T09:24:42.337+0000][1][safepoint    ] Leaving safepoint region
[2019-06-24T09:24:42.337+0000][1][safepoint    ] Total time for which application threads were stopped: 0.0001204 seconds, Stopping threads took: 0.0000320 seconds
[2019-06-24T09:24:42.337+0000][1][safepoint    ] Application time: 0.0002581 seconds
[2019-06-24T09:24:42.337+0000][1][safepoint    ] Entering safepoint region: RevokeBias
[2019-06-24T09:24:42.337+0000][1][safepoint    ] Leaving safepoint region
[2019-06-24T09:24:42.337+0000][1][safepoint    ] Total time for which application threads were stopped: 0.0001201 seconds, Stopping threads took: 0.0000330 seconds
[2019-06-24T09:24:42.338+0000][1][safepoint    ] Application time: 0.0002557 seconds
[2019-06-24T09:24:42.338+0000][1][safepoint    ] Entering safepoint region: RevokeBias
[2019-06-24T09:24:42.338+0000][1][safepoint    ] Leaving safepoint region
[2019-06-24T09:24:42.338+0000][1][safepoint    ] Total time for which application threads were stopped: 0.0001187 seconds, Stopping threads took: 0.0000324 seconds
[2019-06-24T09:24:42.339+0000][1][safepoint    ] Application time: 0.0011117 seconds
[2019-06-24T09:24:42.339+0000][1][safepoint    ] Entering safepoint region: RevokeBias
[2019-06-24T09:24:42.339+0000][1][safepoint    ] Leaving safepoint region
[2019-06-24T09:24:42.339+0000][1][safepoint    ] Total time for which application threads were stopped: 0.0001197 seconds, Stopping threads took: 0.0000315 seconds
[2019-06-24T09:24:42.340+0000][1][safepoint    ] Application time: 0.0013102 seconds
[2019-06-24T09:24:42.341+0000][1][safepoint    ] Entering safepoint region: RevokeBias
[2019-06-24T09:24:42.341+0000][1][safepoint    ] Leaving safepoint region
[2019-06-24T09:24:42.341+0000][1][safepoint    ] Total time for which application threads were stopped: 0.0001258 seconds, Stopping threads took: 0.0000323 seconds
[2019-06-24T09:24:42.341+0000][1][safepoint    ] Application time: 0.0003058 seconds
[2019-06-24T09:24:42.341+0000][1][safepoint    ] Entering safepoint region: BulkRevokeBias
[2019-06-24T09:24:42.341+0000][1][safepoint    ] Leaving safepoint region
[2019-06-24T09:24:42.341+0000][1][safepoint    ] Total time for which application threads were stopped: 0.0003133 seconds, Stopping threads took: 0.0001066 seconds
[2019-06-24T09:24:42.342+0000][1][safepoint    ] Application time: 0.0001688 seconds
[2019-06-24T09:24:42.342+0000][1][safepoint    ] Entering safepoint region: RevokeBias
[2019-06-24T09:24:42.342+0000][1][safepoint    ] Leaving safepoint region
[2019-06-24T09:24:42.342+0000][1][safepoint    ] Total time for which application threads were stopped: 0.0001301 seconds, Stopping threads took: 0.0000783 seconds
[2019-06-24T09:24:42.343+0000][1][safepoint    ] Application time: 0.0008648 seconds
[2019-06-24T09:24:42.343+0000][1][safepoint    ] Entering safepoint region: RevokeBias
[2019-06-24T09:24:42.343+0000][1][safepoint    ] Leaving safepoint region
[2019-06-24T09:24:42.343+0000][1][safepoint    ] Total time for which application threads were stopped: 0.0001151 seconds, Stopping threads took: 0.0000314 seconds
[2019-06-24T09:24:42.344+0000][1][safepoint    ] Application time: 0.0007031 seconds
[2019-06-24T09:24:42.344+0000][1][safepoint    ] Entering safepoint region: RevokeBias
[2019-06-24T09:24:42.344+0000][1][safepoint    ] Leaving safepoint region
[2019-06-24T09:24:42.344+0000][1][safepoint    ] Total time for which application threads were stopped: 0.0003936 seconds, Stopping threads took: 0.0003030 seconds
[2019-06-24T09:24:42.345+0000][1][safepoint    ] Application time: 0.0014676 seconds
[2019-06-24T09:24:42.346+0000][1][safepoint    ] Entering safepoint region: RevokeBias
[2019-06-24T09:24:42.346+0000][1][safepoint    ] Leaving safepoint region
[2019-06-24T09:24:42.346+0000][1][safepoint    ] Total time for which application threads were stopped: 0.0002694 seconds, Stopping threads took: 0.0001625 seconds
[2019-06-24T09:24:42.348+0000][1][safepoint    ] Application time: 0.0022479 seconds
[2019-06-24T09:24:42.348+0000][1][safepoint    ] Entering safepoint region: RevokeBias
[2019-06-24T09:24:42.348+0000][1][safepoint    ] Leaving safepoint region
[2019-06-24T09:24:42.348+0000][1][safepoint    ] Total time for which application threads were stopped: 0.0003316 seconds, Stopping threads took: 0.0002414 seconds
[2019-06-24T09:24:42.349+0000][1][safepoint    ] Application time: 0.0003852 seconds
[2019-06-24T09:24:42.349+0000][1][safepoint    ] Entering safepoint region: RevokeBias
[2019-06-24T09:24:42.349+0000][1][safepoint    ] Leaving safepoint region
[2019-06-24T09:24:42.349+0000][1][safepoint    ] Total time for which application threads were stopped: 0.0001338 seconds, Stopping threads took: 0.0000652 seconds
[2019-06-24T09:24:42.349+0000][1][safepoint    ] Application time: 0.0003889 seconds
[2019-06-24T09:24:42.350+0000][1][safepoint    ] Entering safepoint region: RevokeBias
[2019-06-24T09:24:42.350+0000][1][safepoint    ] Leaving safepoint region
[2019-06-24T09:24:42.350+0000][1][safepoint    ] Total time for which application threads were stopped: 0.0001561 seconds, Stopping threads took: 0.0000818 seconds
[2019-06-24T09:24:42.350+0000][1][safepoint    ] Application time: 0.0002842 seconds
[2019-06-24T09:24:42.350+0000][1][safepoint    ] Entering safepoint region: RevokeBias
[2019-06-24T09:24:42.350+0000][1][safepoint    ] Leaving safepoint region
[2019-06-24T09:24:42.350+0000][1][safepoint    ] Total time for which application threads were stopped: 0.0001503 seconds, Stopping threads took: 0.0000821 seconds
[2019-06-24T09:24:42.354+0000][1][safepoint    ] Application time: 0.0034764 seconds
[2019-06-24T09:24:42.354+0000][1][safepoint    ] Entering safepoint region: RevokeBias
[2019-06-24T09:24:42.354+0000][1][safepoint    ] Leaving safepoint region
[2019-06-24T09:24:42.354+0000][1][safepoint    ] Total time for which application threads were stopped: 0.0001540 seconds, Stopping threads took: 0.0000637 seconds
[2019-06-24T09:24:42.355+0000][1][safepoint    ] Application time: 0.0012932 seconds
[2019-06-24T09:24:42.355+0000][1][safepoint    ] Entering safepoint region: RevokeBias
[2019-06-24T09:24:42.355+0000][1][safepoint    ] Leaving safepoint region
[2019-06-24T09:24:42.355+0000][1][safepoint    ] Total time for which application threads were stopped: 0.0001517 seconds, Stopping threads took: 0.0000742 seconds
[2019-06-24T09:24:42.356+0000][1][safepoint    ] Application time: 0.0009302 seconds
[2019-06-24T09:24:42.357+0000][1][safepoint    ] Entering safepoint region: RevokeBias
[2019-06-24T09:24:42.357+0000][1][safepoint    ] Leaving safepoint region
[2019-06-24T09:24:42.357+0000][1][safepoint    ] Total time for which application threads were stopped: 0.0001522 seconds, Stopping threads took: 0.0000746 seconds
[2019-06-24T09:24:42.357+0000][1][safepoint    ] Application time: 0.0001867 seconds
[2019-06-24T09:24:42.357+0000][1][safepoint    ] Entering safepoint region: RevokeBias
[2019-06-24T09:24:42.357+0000][1][safepoint    ] Leaving safepoint region
[2019-06-24T09:24:42.357+0000][1][safepoint    ] Total time for which application threads were stopped: 0.0001298 seconds, Stopping threads took: 0.0000672 seconds
[2019-06-24T09:24:42.357+0000][1][safepoint    ] Application time: 0.0001418 seconds
[2019-06-24T09:24:42.357+0000][1][safepoint    ] Entering safepoint region: RevokeBias
[2019-06-24T09:24:42.357+0000][1][safepoint    ] Leaving safepoint region
[2019-06-24T09:24:42.357+0000][1][safepoint    ] Total time for which application threads were stopped: 0.0001369 seconds, Stopping threads took: 0.0000802 seconds
[2019-06-24T09:24:42.358+0000][1][safepoint    ] Application time: 0.0002344 seconds
[2019-06-24T09:24:42.358+0000][1][safepoint    ] Entering safepoint region: RevokeBias
[2019-06-24T09:24:42.358+0000][1][safepoint    ] Leaving safepoint region
[2019-06-24T09:24:42.358+0000][1][safepoint    ] Total time for which application threads were stopped: 0.0003851 seconds, Stopping threads took: 0.0002735 seconds
[2019-06-24T09:24:42.358+0000][1][safepoint    ] Application time: 0.0002513 seconds
[2019-06-24T09:24:42.359+0000][1][safepoint    ] Entering safepoint region: RevokeBias
[2019-06-24T09:24:42.359+0000][1][safepoint    ] Leaving safepoint region
[2019-06-24T09:24:42.359+0000][1][safepoint    ] Total time for which application threads were stopped: 0.0003675 seconds, Stopping threads took: 0.0002632 seconds
[2019-06-24T09:24:42.359+0000][1][safepoint    ] Application time: 0.0001960 seconds
[2019-06-24T09:24:42.359+0000][1][safepoint    ] Entering safepoint region: BulkRevokeBias
[2019-06-24T09:24:42.359+0000][1][safepoint    ] Leaving safepoint region
[2019-06-24T09:24:42.359+0000][1][safepoint    ] Total time for which application threads were stopped: 0.0003255 seconds, Stopping threads took: 0.0001114 seconds
[2019-06-24T09:24:42.359+0000][1][safepoint    ] Application time: 0.0001399 seconds
[2019-06-24T09:24:42.360+0000][1][safepoint    ] Entering safepoint region: RevokeBias
[2019-06-24T09:24:42.360+0000][1][safepoint    ] Leaving safepoint region
[2019-06-24T09:24:42.360+0000][1][safepoint    ] Total time for which application threads were stopped: 0.0001980 seconds, Stopping threads took: 0.0001000 seconds
[2019-06-24T09:24:42.360+0000][1][safepoint    ] Application time: 0.0006151 seconds
[2019-06-24T09:24:42.360+0000][1][safepoint    ] Entering safepoint region: RevokeBias
[2019-06-24T09:24:42.360+0000][1][safepoint    ] Leaving safepoint region
[2019-06-24T09:24:42.360+0000][1][safepoint    ] Total time for which application threads were stopped: 0.0001655 seconds, Stopping threads took: 0.0000814 seconds
[2019-06-24T09:24:42.365+0000][1][gc,heap,exit ] Heap
[2019-06-24T09:24:42.365+0000][1][gc,heap,exit ]  par new generation   total 78656K, used 27390K [0x00000000f0000000, 0x00000000f5550000, 0x00000000f5550000)
[2019-06-24T09:24:42.365+0000][1][gc,heap,exit ]   eden space 69952K,  26% used [0x00000000f0000000, 0x00000000f123f830, 0x00000000f4450000)
[2019-06-24T09:24:42.365+0000][1][gc,heap,exit ]   from space 8704K, 100% used [0x00000000f4450000, 0x00000000f4cd0000, 0x00000000f4cd0000)
[2019-06-24T09:24:42.365+0000][1][gc,heap,exit ]   to   space 8704K,   0% used [0x00000000f4cd0000, 0x00000000f4cd0000, 0x00000000f5550000)
[2019-06-24T09:24:42.365+0000][1][gc,heap,exit ]  concurrent mark-sweep generation total 174784K, used 59633K [0x00000000f5550000, 0x0000000100000000, 0x0000000100000000)
[2019-06-24T09:24:42.365+0000][1][gc,heap,exit ]  Metaspace       used 63123K, capacity 67880K, committed 68128K, reserved 1107968K
[2019-06-24T09:24:42.365+0000][1][gc,heap,exit ]   class space    used 8594K, capacity 10563K, committed 10644K, reserved 1048576K
[2019-06-24T09:24:42.365+0000][1][safepoint    ] Application time: 0.0048425 seconds
[2019-06-24T09:24:42.366+0000][1][safepoint    ] Entering safepoint region: Halt
