[2019-06-24T09:51:55.325+0000][1][gc] Using Concurrent Mark Sweep
[2019-06-24T09:51:55.325+0000][1][gc,heap,coops] Heap address: 0x00000000f0000000, size: 256 MB, Compressed Oops mode: 32-bit
[2019-06-24T09:51:55.383+0000][1][safepoint    ] Entering safepoint region: EnableBiasedLocking
[2019-06-24T09:51:55.383+0000][1][safepoint    ] Leaving safepoint region
[2019-06-24T09:51:55.383+0000][1][safepoint    ] Total time for which application threads were stopped: 0.0001194 seconds, Stopping threads took: 0.0000405 seconds
[2019-06-24T09:51:55.386+0000][1][safepoint    ] Application time: 0.0026198 seconds
[2019-06-24T09:51:55.386+0000][1][safepoint    ] Entering safepoint region: RevokeBias
[2019-06-24T09:51:55.386+0000][1][safepoint    ] Leaving safepoint region
[2019-06-24T09:51:55.386+0000][1][safepoint    ] Total time for which application threads were stopped: 0.0000835 seconds, Stopping threads took: 0.0000364 seconds
[2019-06-24T09:51:55.394+0000][1][safepoint    ] Application time: 0.0079780 seconds
[2019-06-24T09:51:55.394+0000][1][safepoint    ] Entering safepoint region: Deoptimize
[2019-06-24T09:51:55.394+0000][1][safepoint    ] Leaving safepoint region
[2019-06-24T09:51:55.394+0000][1][safepoint    ] Total time for which application threads were stopped: 0.0000470 seconds, Stopping threads took: 0.0000093 seconds
[2019-06-24T09:51:55.488+0000][1][safepoint    ] Application time: 0.0946211 seconds
[2019-06-24T09:51:55.488+0000][1][safepoint    ] Entering safepoint region: RevokeBias
[2019-06-24T09:51:55.488+0000][1][safepoint    ] Leaving safepoint region
[2019-06-24T09:51:55.488+0000][1][safepoint    ] Total time for which application threads were stopped: 0.0000851 seconds, Stopping threads took: 0.0000141 seconds
[2019-06-24T09:51:55.490+0000][1][safepoint    ] Application time: 0.0015336 seconds
[2019-06-24T09:51:55.490+0000][1][safepoint    ] Entering safepoint region: Deoptimize
[2019-06-24T09:51:55.490+0000][1][safepoint    ] Leaving safepoint region
[2019-06-24T09:51:55.490+0000][1][safepoint    ] Total time for which application threads were stopped: 0.0000827 seconds, Stopping threads took: 0.0000129 seconds
[2019-06-24T09:51:55.513+0000][1][safepoint    ] Application time: 0.0230349 seconds
[2019-06-24T09:51:55.513+0000][1][safepoint    ] Entering safepoint region: Deoptimize
[2019-06-24T09:51:55.513+0000][1][safepoint    ] Leaving safepoint region
[2019-06-24T09:51:55.513+0000][1][safepoint    ] Total time for which application threads were stopped: 0.0000630 seconds, Stopping threads took: 0.0000087 seconds
[2019-06-24T09:51:55.736+0000][1][safepoint    ] Application time: 0.2228553 seconds
[2019-06-24T09:51:55.736+0000][1][safepoint    ] Entering safepoint region: Deoptimize
[2019-06-24T09:51:55.736+0000][1][safepoint    ] Leaving safepoint region
[2019-06-24T09:51:55.736+0000][1][safepoint    ] Total time for which application threads were stopped: 0.0001714 seconds, Stopping threads took: 0.0000149 seconds
[2019-06-24T09:51:55.752+0000][1][safepoint    ] Application time: 0.0151482 seconds
[2019-06-24T09:51:55.752+0000][1][safepoint    ] Entering safepoint region: Deoptimize
[2019-06-24T09:51:55.752+0000][1][safepoint    ] Leaving safepoint region
[2019-06-24T09:51:55.752+0000][1][safepoint    ] Total time for which application threads were stopped: 0.0000888 seconds, Stopping threads took: 0.0000083 seconds
[2019-06-24T09:51:55.797+0000][1][safepoint    ] Application time: 0.0448642 seconds
[2019-06-24T09:51:55.797+0000][1][safepoint    ] Entering safepoint region: Deoptimize
[2019-06-24T09:51:55.797+0000][1][safepoint    ] Leaving safepoint region
[2019-06-24T09:51:55.797+0000][1][safepoint    ] Total time for which application threads were stopped: 0.0001243 seconds, Stopping threads took: 0.0000087 seconds
[2019-06-24T09:51:55.807+0000][1][safepoint    ] Application time: 0.0102037 seconds
[2019-06-24T09:51:55.807+0000][1][safepoint    ] Entering safepoint region: Deoptimize
[2019-06-24T09:51:55.807+0000][1][safepoint    ] Leaving safepoint region
[2019-06-24T09:51:55.807+0000][1][safepoint    ] Total time for which application threads were stopped: 0.0001069 seconds, Stopping threads took: 0.0000091 seconds
[2019-06-24T09:51:56.129+0000][1][safepoint    ] Application time: 0.3221557 seconds
[2019-06-24T09:51:56.129+0000][1][safepoint    ] Entering safepoint region: Deoptimize
[2019-06-24T09:51:56.130+0000][1][safepoint    ] Leaving safepoint region
[2019-06-24T09:51:56.130+0000][1][safepoint    ] Total time for which application threads were stopped: 0.0009576 seconds, Stopping threads took: 0.0000098 seconds
[2019-06-24T09:51:56.336+0000][1][safepoint    ] Application time: 0.2056002 seconds
[2019-06-24T09:51:56.336+0000][1][safepoint    ] Entering safepoint region: RevokeBias
[2019-06-24T09:51:56.336+0000][1][safepoint    ] Leaving safepoint region
[2019-06-24T09:51:56.336+0000][1][safepoint    ] Total time for which application threads were stopped: 0.0001348 seconds, Stopping threads took: 0.0000141 seconds
[2019-06-24T09:51:56.416+0000][1][safepoint    ] Application time: 0.0803189 seconds
[2019-06-24T09:51:56.416+0000][1][safepoint    ] Entering safepoint region: Deoptimize
[2019-06-24T09:51:56.417+0000][1][safepoint    ] Leaving safepoint region
[2019-06-24T09:51:56.417+0000][1][safepoint    ] Total time for which application threads were stopped: 0.0002373 seconds, Stopping threads took: 0.0000143 seconds
[2019-06-24T09:51:56.514+0000][1][safepoint    ] Application time: 0.0973845 seconds
[2019-06-24T09:51:56.514+0000][1][safepoint    ] Entering safepoint region: Deoptimize
[2019-06-24T09:51:56.514+0000][1][safepoint    ] Leaving safepoint region
[2019-06-24T09:51:56.514+0000][1][safepoint    ] Total time for which application threads were stopped: 0.0001687 seconds, Stopping threads took: 0.0000093 seconds
[2019-06-24T09:51:56.514+0000][1][safepoint    ] Application time: 0.0001577 seconds
[2019-06-24T09:51:56.514+0000][1][safepoint    ] Entering safepoint region: Deoptimize
[2019-06-24T09:51:56.514+0000][1][safepoint    ] Leaving safepoint region
[2019-06-24T09:51:56.514+0000][1][safepoint    ] Total time for which application threads were stopped: 0.0001024 seconds, Stopping threads took: 0.0000063 seconds
[2019-06-24T09:51:56.537+0000][1][safepoint    ] Application time: 0.0221169 seconds
[2019-06-24T09:51:56.537+0000][1][safepoint    ] Entering safepoint region: Deoptimize
[2019-06-24T09:51:56.537+0000][1][safepoint    ] Leaving safepoint region
[2019-06-24T09:51:56.537+0000][1][safepoint    ] Total time for which application threads were stopped: 0.0001874 seconds, Stopping threads took: 0.0000125 seconds
[2019-06-24T09:51:56.542+0000][1][safepoint    ] Application time: 0.0049026 seconds
[2019-06-24T09:51:56.542+0000][1][safepoint    ] Entering safepoint region: RevokeBias
[2019-06-24T09:51:56.542+0000][1][safepoint    ] Leaving safepoint region
[2019-06-24T09:51:56.542+0000][1][safepoint    ] Total time for which application threads were stopped: 0.0000569 seconds, Stopping threads took: 0.0000170 seconds
[2019-06-24T09:51:56.542+0000][1][safepoint    ] Application time: 0.0002740 seconds
[2019-06-24T09:51:56.542+0000][1][safepoint    ] Entering safepoint region: RevokeBias
[2019-06-24T09:51:56.542+0000][1][safepoint    ] Leaving safepoint region
[2019-06-24T09:51:56.542+0000][1][safepoint    ] Total time for which application threads were stopped: 0.0000427 seconds, Stopping threads took: 0.0000174 seconds
[2019-06-24T09:51:56.542+0000][1][safepoint    ] Application time: 0.0001623 seconds
[2019-06-24T09:51:56.542+0000][1][safepoint    ] Entering safepoint region: RevokeBias
[2019-06-24T09:51:56.542+0000][1][safepoint    ] Leaving safepoint region
[2019-06-24T09:51:56.542+0000][1][safepoint    ] Total time for which application threads were stopped: 0.0000430 seconds, Stopping threads took: 0.0000215 seconds
[2019-06-24T09:51:56.542+0000][1][safepoint    ] Application time: 0.0000855 seconds
[2019-06-24T09:51:56.542+0000][1][safepoint    ] Entering safepoint region: RevokeBias
[2019-06-24T09:51:56.542+0000][1][safepoint    ] Leaving safepoint region
[2019-06-24T09:51:56.542+0000][1][safepoint    ] Total time for which application threads were stopped: 0.0000347 seconds, Stopping threads took: 0.0000150 seconds
[2019-06-24T09:51:56.543+0000][1][safepoint    ] Application time: 0.0001952 seconds
[2019-06-24T09:51:56.543+0000][1][safepoint    ] Entering safepoint region: RevokeBias
[2019-06-24T09:51:56.543+0000][1][safepoint    ] Leaving safepoint region
[2019-06-24T09:51:56.543+0000][1][safepoint    ] Total time for which application threads were stopped: 0.0000579 seconds, Stopping threads took: 0.0000335 seconds
[2019-06-24T09:51:56.544+0000][1][safepoint    ] Application time: 0.0012149 seconds
[2019-06-24T09:51:56.544+0000][1][safepoint    ] Entering safepoint region: RevokeBias
[2019-06-24T09:51:56.544+0000][1][safepoint    ] Leaving safepoint region
[2019-06-24T09:51:56.544+0000][1][safepoint    ] Total time for which application threads were stopped: 0.0000580 seconds, Stopping threads took: 0.0000344 seconds
[2019-06-24T09:51:56.628+0000][1][safepoint    ] Application time: 0.0842328 seconds
[2019-06-24T09:51:56.628+0000][1][safepoint    ] Entering safepoint region: GenCollectForAllocation
[2019-06-24T09:51:56.628+0000][1][gc,start     ] GC(0) Pause Young (Allocation Failure)
[2019-06-24T09:51:56.629+0000][1][gc,task      ] GC(0) Using 5 workers of 8 for evacuation
[2019-06-24T09:51:56.636+0000][1][gc,age       ] GC(0) Desired survivor size 4456448 bytes, new threshold 1 (max threshold 6)
[2019-06-24T09:51:56.636+0000][1][gc,age       ] GC(0) Age table with threshold 1 (max threshold 6)
[2019-06-24T09:51:56.636+0000][1][gc,age       ] GC(0) - age   1:    8080760 bytes,    8080760 total
[2019-06-24T09:51:56.636+0000][1][gc,heap      ] GC(0) ParNew: 69952K->7999K(78656K)
[2019-06-24T09:51:56.636+0000][1][gc,heap      ] GC(0) CMS: 0K->0K(174784K)
[2019-06-24T09:51:56.636+0000][1][gc,metaspace ] GC(0) Metaspace: 12136K->12136K(1060864K)
[2019-06-24T09:51:56.636+0000][1][gc           ] GC(0) Pause Young (Allocation Failure) 68M->7M(247M) 7.454ms
[2019-06-24T09:51:56.636+0000][1][gc,cpu       ] GC(0) User=0.05s Sys=0.00s Real=0.01s
[2019-06-24T09:51:56.636+0000][1][safepoint    ] Leaving safepoint region
[2019-06-24T09:51:56.636+0000][1][safepoint    ] Total time for which application threads were stopped: 0.0075739 seconds, Stopping threads took: 0.0000176 seconds
[2019-06-24T09:51:56.636+0000][1][safepoint    ] Application time: 0.0003916 seconds
[2019-06-24T09:51:56.636+0000][1][safepoint    ] Entering safepoint region: RevokeBias
[2019-06-24T09:51:56.637+0000][1][safepoint    ] Leaving safepoint region
[2019-06-24T09:51:56.637+0000][1][safepoint    ] Total time for which application threads were stopped: 0.0001532 seconds, Stopping threads took: 0.0000946 seconds
[2019-06-24T09:51:56.637+0000][1][safepoint    ] Application time: 0.0000461 seconds
[2019-06-24T09:51:56.637+0000][1][safepoint    ] Entering safepoint region: RevokeBias
[2019-06-24T09:51:56.637+0000][1][safepoint    ] Leaving safepoint region
[2019-06-24T09:51:56.637+0000][1][safepoint    ] Total time for which application threads were stopped: 0.0000711 seconds, Stopping threads took: 0.0000284 seconds
[2019-06-24T09:51:56.637+0000][1][safepoint    ] Application time: 0.0000528 seconds
[2019-06-24T09:51:56.637+0000][1][safepoint    ] Entering safepoint region: RevokeBias
[2019-06-24T09:51:56.637+0000][1][safepoint    ] Leaving safepoint region
[2019-06-24T09:51:56.637+0000][1][safepoint    ] Total time for which application threads were stopped: 0.0000423 seconds, Stopping threads took: 0.0000100 seconds
[2019-06-24T09:51:56.637+0000][1][safepoint    ] Application time: 0.0000423 seconds
[2019-06-24T09:51:56.637+0000][1][safepoint    ] Entering safepoint region: RevokeBias
[2019-06-24T09:51:56.637+0000][1][safepoint    ] Leaving safepoint region
[2019-06-24T09:51:56.637+0000][1][safepoint    ] Total time for which application threads were stopped: 0.0000643 seconds, Stopping threads took: 0.0000344 seconds
[2019-06-24T09:51:56.637+0000][1][safepoint    ] Application time: 0.0000785 seconds
[2019-06-24T09:51:56.637+0000][1][safepoint    ] Entering safepoint region: RevokeBias
[2019-06-24T09:51:56.637+0000][1][safepoint    ] Leaving safepoint region
[2019-06-24T09:51:56.637+0000][1][safepoint    ] Total time for which application threads were stopped: 0.0001534 seconds, Stopping threads took: 0.0001167 seconds
[2019-06-24T09:51:56.637+0000][1][safepoint    ] Application time: 0.0000938 seconds
[2019-06-24T09:51:56.637+0000][1][safepoint    ] Entering safepoint region: RevokeBias
[2019-06-24T09:51:56.637+0000][1][safepoint    ] Leaving safepoint region
[2019-06-24T09:51:56.637+0000][1][safepoint    ] Total time for which application threads were stopped: 0.0000539 seconds, Stopping threads took: 0.0000085 seconds
[2019-06-24T09:51:56.637+0000][1][safepoint    ] Application time: 0.0000584 seconds
[2019-06-24T09:51:56.639+0000][1][safepoint    ] Entering safepoint region: RevokeBias
[2019-06-24T09:51:56.639+0000][1][safepoint    ] Leaving safepoint region
[2019-06-24T09:51:56.639+0000][1][safepoint    ] Total time for which application threads were stopped: 0.0012344 seconds, Stopping threads took: 0.0012010 seconds
[2019-06-24T09:51:56.639+0000][1][safepoint    ] Application time: 0.0000424 seconds
[2019-06-24T09:51:56.639+0000][1][safepoint    ] Entering safepoint region: RevokeBias
[2019-06-24T09:51:56.639+0000][1][safepoint    ] Leaving safepoint region
[2019-06-24T09:51:56.639+0000][1][safepoint    ] Total time for which application threads were stopped: 0.0000290 seconds, Stopping threads took: 0.0000072 seconds
[2019-06-24T09:51:56.639+0000][1][safepoint    ] Application time: 0.0000443 seconds
[2019-06-24T09:51:56.639+0000][1][safepoint    ] Entering safepoint region: RevokeBias
[2019-06-24T09:51:56.639+0000][1][safepoint    ] Leaving safepoint region
[2019-06-24T09:51:56.639+0000][1][safepoint    ] Total time for which application threads were stopped: 0.0000281 seconds, Stopping threads took: 0.0000068 seconds
[2019-06-24T09:51:56.639+0000][1][safepoint    ] Application time: 0.0000343 seconds
[2019-06-24T09:51:56.639+0000][1][safepoint    ] Entering safepoint region: RevokeBias
[2019-06-24T09:51:56.639+0000][1][safepoint    ] Leaving safepoint region
[2019-06-24T09:51:56.639+0000][1][safepoint    ] Total time for which application threads were stopped: 0.0000268 seconds, Stopping threads took: 0.0000066 seconds
[2019-06-24T09:51:56.639+0000][1][safepoint    ] Application time: 0.0000381 seconds
[2019-06-24T09:51:56.639+0000][1][safepoint    ] Entering safepoint region: RevokeBias
[2019-06-24T09:51:56.639+0000][1][safepoint    ] Leaving safepoint region
[2019-06-24T09:51:56.639+0000][1][safepoint    ] Total time for which application threads were stopped: 0.0000272 seconds, Stopping threads took: 0.0000066 seconds
[2019-06-24T09:51:56.639+0000][1][safepoint    ] Application time: 0.0000338 seconds
[2019-06-24T09:51:56.639+0000][1][safepoint    ] Entering safepoint region: RevokeBias
[2019-06-24T09:51:56.639+0000][1][safepoint    ] Leaving safepoint region
[2019-06-24T09:51:56.639+0000][1][safepoint    ] Total time for which application threads were stopped: 0.0000264 seconds, Stopping threads took: 0.0000065 seconds
[2019-06-24T09:51:56.639+0000][1][safepoint    ] Application time: 0.0000389 seconds
[2019-06-24T09:51:56.639+0000][1][safepoint    ] Entering safepoint region: RevokeBias
[2019-06-24T09:51:56.639+0000][1][safepoint    ] Leaving safepoint region
[2019-06-24T09:51:56.639+0000][1][safepoint    ] Total time for which application threads were stopped: 0.0000455 seconds, Stopping threads took: 0.0000246 seconds
[2019-06-24T09:51:56.639+0000][1][safepoint    ] Application time: 0.0000347 seconds
[2019-06-24T09:51:56.639+0000][1][safepoint    ] Entering safepoint region: RevokeBias
[2019-06-24T09:51:56.639+0000][1][safepoint    ] Leaving safepoint region
[2019-06-24T09:51:56.639+0000][1][safepoint    ] Total time for which application threads were stopped: 0.0000609 seconds, Stopping threads took: 0.0000335 seconds
[2019-06-24T09:51:56.640+0000][1][safepoint    ] Application time: 0.0003142 seconds
[2019-06-24T09:51:56.640+0000][1][safepoint    ] Entering safepoint region: RevokeBias
[2019-06-24T09:51:56.640+0000][1][safepoint    ] Leaving safepoint region
[2019-06-24T09:51:56.640+0000][1][safepoint    ] Total time for which application threads were stopped: 0.0000807 seconds, Stopping threads took: 0.0000480 seconds
[2019-06-24T09:51:56.640+0000][1][safepoint    ] Application time: 0.0000367 seconds
[2019-06-24T09:51:56.640+0000][1][safepoint    ] Entering safepoint region: RevokeBias
[2019-06-24T09:51:56.640+0000][1][safepoint    ] Leaving safepoint region
[2019-06-24T09:51:56.640+0000][1][safepoint    ] Total time for which application threads were stopped: 0.0000581 seconds, Stopping threads took: 0.0000318 seconds
[2019-06-24T09:51:56.640+0000][1][safepoint    ] Application time: 0.0000436 seconds
[2019-06-24T09:51:56.640+0000][1][safepoint    ] Entering safepoint region: RevokeBias
[2019-06-24T09:51:56.640+0000][1][safepoint    ] Leaving safepoint region
[2019-06-24T09:51:56.640+0000][1][safepoint    ] Total time for which application threads were stopped: 0.0000751 seconds, Stopping threads took: 0.0000470 seconds
[2019-06-24T09:51:56.640+0000][1][safepoint    ] Application time: 0.0000349 seconds
[2019-06-24T09:51:56.640+0000][1][safepoint    ] Entering safepoint region: RevokeBias
[2019-06-24T09:51:56.640+0000][1][safepoint    ] Leaving safepoint region
[2019-06-24T09:51:56.640+0000][1][safepoint    ] Total time for which application threads were stopped: 0.0000424 seconds, Stopping threads took: 0.0000233 seconds
[2019-06-24T09:51:56.640+0000][1][safepoint    ] Application time: 0.0000408 seconds
[2019-06-24T09:51:56.640+0000][1][safepoint    ] Entering safepoint region: RevokeBias
[2019-06-24T09:51:56.640+0000][1][safepoint    ] Leaving safepoint region
[2019-06-24T09:51:56.640+0000][1][safepoint    ] Total time for which application threads were stopped: 0.0000605 seconds, Stopping threads took: 0.0000328 seconds
[2019-06-24T09:51:56.640+0000][1][safepoint    ] Application time: 0.0000345 seconds
[2019-06-24T09:51:56.640+0000][1][safepoint    ] Entering safepoint region: RevokeBias
[2019-06-24T09:51:56.640+0000][1][safepoint    ] Leaving safepoint region
[2019-06-24T09:51:56.640+0000][1][safepoint    ] Total time for which application threads were stopped: 0.0000585 seconds, Stopping threads took: 0.0000294 seconds
[2019-06-24T09:51:56.640+0000][1][safepoint    ] Application time: 0.0000381 seconds
[2019-06-24T09:51:56.640+0000][1][safepoint    ] Entering safepoint region: RevokeBias
[2019-06-24T09:51:56.640+0000][1][safepoint    ] Leaving safepoint region
[2019-06-24T09:51:56.640+0000][1][safepoint    ] Total time for which application threads were stopped: 0.0000646 seconds, Stopping threads took: 0.0000329 seconds
[2019-06-24T09:51:56.640+0000][1][safepoint    ] Application time: 0.0000358 seconds
[2019-06-24T09:51:56.640+0000][1][safepoint    ] Entering safepoint region: RevokeBias
[2019-06-24T09:51:56.640+0000][1][safepoint    ] Leaving safepoint region
[2019-06-24T09:51:56.640+0000][1][safepoint    ] Total time for which application threads were stopped: 0.0000599 seconds, Stopping threads took: 0.0000307 seconds
[2019-06-24T09:51:56.640+0000][1][safepoint    ] Application time: 0.0000410 seconds
[2019-06-24T09:51:56.641+0000][1][safepoint    ] Entering safepoint region: RevokeBias
[2019-06-24T09:51:56.641+0000][1][safepoint    ] Leaving safepoint region
[2019-06-24T09:51:56.641+0000][1][safepoint    ] Total time for which application threads were stopped: 0.0000522 seconds, Stopping threads took: 0.0000241 seconds
[2019-06-24T09:51:56.641+0000][1][safepoint    ] Application time: 0.0000346 seconds
[2019-06-24T09:51:56.641+0000][1][safepoint    ] Entering safepoint region: RevokeBias
[2019-06-24T09:51:56.641+0000][1][safepoint    ] Leaving safepoint region
[2019-06-24T09:51:56.641+0000][1][safepoint    ] Total time for which application threads were stopped: 0.0000611 seconds, Stopping threads took: 0.0000321 seconds
[2019-06-24T09:51:56.641+0000][1][safepoint    ] Application time: 0.0000629 seconds
[2019-06-24T09:51:56.641+0000][1][safepoint    ] Entering safepoint region: RevokeBias
[2019-06-24T09:51:56.641+0000][1][safepoint    ] Leaving safepoint region
[2019-06-24T09:51:56.641+0000][1][safepoint    ] Total time for which application threads were stopped: 0.0000490 seconds, Stopping threads took: 0.0000289 seconds
[2019-06-24T09:51:56.641+0000][1][safepoint    ] Application time: 0.0000333 seconds
[2019-06-24T09:51:56.641+0000][1][safepoint    ] Entering safepoint region: RevokeBias
[2019-06-24T09:51:56.641+0000][1][safepoint    ] Leaving safepoint region
[2019-06-24T09:51:56.641+0000][1][safepoint    ] Total time for which application threads were stopped: 0.0000415 seconds, Stopping threads took: 0.0000228 seconds
[2019-06-24T09:51:56.652+0000][1][safepoint    ] Application time: 0.0111199 seconds
[2019-06-24T09:51:56.652+0000][1][safepoint    ] Entering safepoint region: RevokeBias
[2019-06-24T09:51:56.652+0000][1][safepoint    ] Leaving safepoint region
[2019-06-24T09:51:56.652+0000][1][safepoint    ] Total time for which application threads were stopped: 0.0000869 seconds, Stopping threads took: 0.0000266 seconds
[2019-06-24T09:51:56.834+0000][1][safepoint    ] Application time: 0.1818161 seconds
[2019-06-24T09:51:56.834+0000][1][safepoint    ] Entering safepoint region: Deoptimize
[2019-06-24T09:51:56.834+0000][1][safepoint    ] Leaving safepoint region
[2019-06-24T09:51:56.834+0000][1][safepoint    ] Total time for which application threads were stopped: 0.0002905 seconds, Stopping threads took: 0.0000112 seconds
[2019-06-24T09:51:56.947+0000][1][safepoint    ] Application time: 0.1127358 seconds
[2019-06-24T09:51:56.947+0000][1][safepoint    ] Entering safepoint region: RevokeBias
[2019-06-24T09:51:56.947+0000][1][safepoint    ] Leaving safepoint region
[2019-06-24T09:51:56.947+0000][1][safepoint    ] Total time for which application threads were stopped: 0.0001236 seconds, Stopping threads took: 0.0000137 seconds
[2019-06-24T09:51:57.033+0000][1][safepoint    ] Application time: 0.0857554 seconds
[2019-06-24T09:51:57.033+0000][1][safepoint    ] Entering safepoint region: RevokeBias
[2019-06-24T09:51:57.033+0000][1][safepoint    ] Leaving safepoint region
[2019-06-24T09:51:57.033+0000][1][safepoint    ] Total time for which application threads were stopped: 0.0001002 seconds, Stopping threads took: 0.0000211 seconds
[2019-06-24T09:51:57.037+0000][1][safepoint    ] Application time: 0.0039308 seconds
[2019-06-24T09:51:57.037+0000][1][safepoint    ] Entering safepoint region: RevokeBias
[2019-06-24T09:51:57.037+0000][1][safepoint    ] Leaving safepoint region
[2019-06-24T09:51:57.037+0000][1][safepoint    ] Total time for which application threads were stopped: 0.0001053 seconds, Stopping threads took: 0.0000297 seconds
[2019-06-24T09:51:57.067+0000][1][safepoint    ] Application time: 0.0301111 seconds
[2019-06-24T09:51:57.067+0000][1][safepoint    ] Entering safepoint region: GenCollectForAllocation
[2019-06-24T09:51:57.067+0000][1][gc,start     ] GC(1) Pause Young (Allocation Failure)
[2019-06-24T09:51:57.067+0000][1][gc,task      ] GC(1) Using 5 workers of 8 for evacuation
[2019-06-24T09:51:57.082+0000][1][gc,age       ] GC(1) Desired survivor size 4456448 bytes, new threshold 6 (max threshold 6)
[2019-06-24T09:51:57.082+0000][1][gc,age       ] GC(1) Age table with threshold 6 (max threshold 6)
[2019-06-24T09:51:57.082+0000][1][gc,age       ] GC(1) - age   1:    2364600 bytes,    2364600 total
[2019-06-24T09:51:57.082+0000][1][gc,heap      ] GC(1) ParNew: 77951K->6390K(78656K)
[2019-06-24T09:51:57.082+0000][1][gc,heap      ] GC(1) CMS: 0K->6666K(174784K)
[2019-06-24T09:51:57.082+0000][1][gc,metaspace ] GC(1) Metaspace: 14740K->14740K(1062912K)
[2019-06-24T09:51:57.082+0000][1][gc           ] GC(1) Pause Young (Allocation Failure) 76M->12M(247M) 14.177ms
[2019-06-24T09:51:57.082+0000][1][gc,cpu       ] GC(1) User=0.08s Sys=0.00s Real=0.01s
[2019-06-24T09:51:57.082+0000][1][safepoint    ] Leaving safepoint region
[2019-06-24T09:51:57.082+0000][1][safepoint    ] Total time for which application threads were stopped: 0.0143168 seconds, Stopping threads took: 0.0000179 seconds
[2019-06-24T09:51:57.082+0000][1][safepoint    ] Application time: 0.0003014 seconds
[2019-06-24T09:51:57.082+0000][1][safepoint    ] Entering safepoint region: RevokeBias
[2019-06-24T09:51:57.082+0000][1][safepoint    ] Leaving safepoint region
[2019-06-24T09:51:57.082+0000][1][safepoint    ] Total time for which application threads were stopped: 0.0001248 seconds, Stopping threads took: 0.0000518 seconds
[2019-06-24T09:51:57.082+0000][1][safepoint    ] Application time: 0.0000540 seconds
[2019-06-24T09:51:57.082+0000][1][safepoint    ] Entering safepoint region: RevokeBias
[2019-06-24T09:51:57.082+0000][1][safepoint    ] Leaving safepoint region
[2019-06-24T09:51:57.082+0000][1][safepoint    ] Total time for which application threads were stopped: 0.0001107 seconds, Stopping threads took: 0.0000642 seconds
[2019-06-24T09:51:57.082+0000][1][safepoint    ] Application time: 0.0000521 seconds
[2019-06-24T09:51:57.082+0000][1][safepoint    ] Entering safepoint region: RevokeBias
[2019-06-24T09:51:57.082+0000][1][safepoint    ] Leaving safepoint region
[2019-06-24T09:51:57.083+0000][1][safepoint    ] Total time for which application threads were stopped: 0.0001187 seconds, Stopping threads took: 0.0000538 seconds
[2019-06-24T09:51:57.083+0000][1][safepoint    ] Application time: 0.0001023 seconds
[2019-06-24T09:51:57.083+0000][1][safepoint    ] Entering safepoint region: RevokeBias
[2019-06-24T09:51:57.083+0000][1][safepoint    ] Leaving safepoint region
[2019-06-24T09:51:57.083+0000][1][safepoint    ] Total time for which application threads were stopped: 0.0000714 seconds, Stopping threads took: 0.0000326 seconds
[2019-06-24T09:51:57.083+0000][1][safepoint    ] Application time: 0.0000981 seconds
[2019-06-24T09:51:57.083+0000][1][safepoint    ] Entering safepoint region: RevokeBias
[2019-06-24T09:51:57.083+0000][1][safepoint    ] Leaving safepoint region
[2019-06-24T09:51:57.083+0000][1][safepoint    ] Total time for which application threads were stopped: 0.0000912 seconds, Stopping threads took: 0.0000521 seconds
[2019-06-24T09:51:57.083+0000][1][safepoint    ] Application time: 0.0000412 seconds
[2019-06-24T09:51:57.083+0000][1][safepoint    ] Entering safepoint region: RevokeBias
[2019-06-24T09:51:57.083+0000][1][safepoint    ] Leaving safepoint region
[2019-06-24T09:51:57.083+0000][1][safepoint    ] Total time for which application threads were stopped: 0.0000617 seconds, Stopping threads took: 0.0000269 seconds
[2019-06-24T09:51:57.083+0000][1][safepoint    ] Application time: 0.0000434 seconds
[2019-06-24T09:51:57.083+0000][1][safepoint    ] Entering safepoint region: RevokeBias
[2019-06-24T09:51:57.083+0000][1][safepoint    ] Leaving safepoint region
[2019-06-24T09:51:57.083+0000][1][safepoint    ] Total time for which application threads were stopped: 0.0000424 seconds, Stopping threads took: 0.0000095 seconds
[2019-06-24T09:51:57.083+0000][1][safepoint    ] Application time: 0.0000381 seconds
[2019-06-24T09:51:57.083+0000][1][safepoint    ] Entering safepoint region: RevokeBias
[2019-06-24T09:51:57.083+0000][1][safepoint    ] Leaving safepoint region
[2019-06-24T09:51:57.083+0000][1][safepoint    ] Total time for which application threads were stopped: 0.0000746 seconds, Stopping threads took: 0.0000337 seconds
[2019-06-24T09:51:57.083+0000][1][safepoint    ] Application time: 0.0000839 seconds
[2019-06-24T09:51:57.083+0000][1][safepoint    ] Entering safepoint region: RevokeBias
[2019-06-24T09:51:57.083+0000][1][safepoint    ] Leaving safepoint region
[2019-06-24T09:51:57.083+0000][1][safepoint    ] Total time for which application threads were stopped: 0.0000667 seconds, Stopping threads took: 0.0000274 seconds
[2019-06-24T09:51:57.084+0000][1][safepoint    ] Application time: 0.0000760 seconds
[2019-06-24T09:51:57.084+0000][1][safepoint    ] Entering safepoint region: RevokeBias
[2019-06-24T09:51:57.084+0000][1][safepoint    ] Leaving safepoint region
[2019-06-24T09:51:57.084+0000][1][safepoint    ] Total time for which application threads were stopped: 0.0000524 seconds, Stopping threads took: 0.0000211 seconds
[2019-06-24T09:51:57.084+0000][1][safepoint    ] Application time: 0.0000475 seconds
[2019-06-24T09:51:57.084+0000][1][safepoint    ] Entering safepoint region: BulkRevokeBias
[2019-06-24T09:51:57.084+0000][1][safepoint    ] Leaving safepoint region
[2019-06-24T09:51:57.084+0000][1][safepoint    ] Total time for which application threads were stopped: 0.0000995 seconds, Stopping threads took: 0.0000276 seconds
[2019-06-24T09:51:57.084+0000][1][safepoint    ] Application time: 0.0000414 seconds
[2019-06-24T09:51:57.084+0000][1][safepoint    ] Entering safepoint region: RevokeBias
[2019-06-24T09:51:57.084+0000][1][safepoint    ] Leaving safepoint region
[2019-06-24T09:51:57.084+0000][1][safepoint    ] Total time for which application threads were stopped: 0.0000694 seconds, Stopping threads took: 0.0000277 seconds
[2019-06-24T09:51:57.084+0000][1][safepoint    ] Application time: 0.0000508 seconds
[2019-06-24T09:51:57.084+0000][1][safepoint    ] Entering safepoint region: BulkRevokeBias
[2019-06-24T09:51:57.084+0000][1][safepoint    ] Leaving safepoint region
[2019-06-24T09:51:57.084+0000][1][safepoint    ] Total time for which application threads were stopped: 0.0000892 seconds, Stopping threads took: 0.0000262 seconds
[2019-06-24T09:51:57.194+0000][1][safepoint    ] Application time: 0.1098092 seconds
[2019-06-24T09:51:57.194+0000][1][safepoint    ] Entering safepoint region: GenCollectForAllocation
[2019-06-24T09:51:57.194+0000][1][gc,start     ] GC(2) Pause Young (Allocation Failure)
[2019-06-24T09:51:57.194+0000][1][gc,task      ] GC(2) Using 5 workers of 8 for evacuation
[2019-06-24T09:51:57.197+0000][1][gc,age       ] GC(2) Desired survivor size 4456448 bytes, new threshold 6 (max threshold 6)
[2019-06-24T09:51:57.197+0000][1][gc,age       ] GC(2) Age table with threshold 6 (max threshold 6)
[2019-06-24T09:51:57.197+0000][1][gc,age       ] GC(2) - age   1:    2841896 bytes,    2841896 total
[2019-06-24T09:51:57.197+0000][1][gc,age       ] GC(2) - age   2:    1202632 bytes,    4044528 total
[2019-06-24T09:51:57.198+0000][1][gc,heap      ] GC(2) ParNew: 76342K->5344K(78656K)
[2019-06-24T09:51:57.198+0000][1][gc,heap      ] GC(2) CMS: 6666K->6666K(174784K)
[2019-06-24T09:51:57.198+0000][1][gc,metaspace ] GC(2) Metaspace: 14871K->14871K(1062912K)
[2019-06-24T09:51:57.198+0000][1][gc           ] GC(2) Pause Young (Allocation Failure) 81M->11M(247M) 3.502ms
[2019-06-24T09:51:57.198+0000][1][gc,cpu       ] GC(2) User=0.03s Sys=0.00s Real=0.01s
[2019-06-24T09:51:57.198+0000][1][safepoint    ] Leaving safepoint region
[2019-06-24T09:51:57.198+0000][1][safepoint    ] Total time for which application threads were stopped: 0.0036439 seconds, Stopping threads took: 0.0000126 seconds
[2019-06-24T09:51:57.198+0000][1][safepoint    ] Application time: 0.0001811 seconds
[2019-06-24T09:51:57.198+0000][1][safepoint    ] Entering safepoint region: RevokeBias
[2019-06-24T09:51:57.198+0000][1][safepoint    ] Leaving safepoint region
[2019-06-24T09:51:57.198+0000][1][safepoint    ] Total time for which application threads were stopped: 0.0000961 seconds, Stopping threads took: 0.0000480 seconds
[2019-06-24T09:51:57.198+0000][1][safepoint    ] Application time: 0.0000377 seconds
[2019-06-24T09:51:57.198+0000][1][safepoint    ] Entering safepoint region: RevokeBias
[2019-06-24T09:51:57.198+0000][1][safepoint    ] Leaving safepoint region
[2019-06-24T09:51:57.198+0000][1][safepoint    ] Total time for which application threads were stopped: 0.0000372 seconds, Stopping threads took: 0.0000065 seconds
[2019-06-24T09:51:57.198+0000][1][safepoint    ] Application time: 0.0000490 seconds
[2019-06-24T09:51:57.198+0000][1][safepoint    ] Entering safepoint region: RevokeBias
[2019-06-24T09:51:57.198+0000][1][safepoint    ] Leaving safepoint region
[2019-06-24T09:51:57.198+0000][1][safepoint    ] Total time for which application threads were stopped: 0.0000597 seconds, Stopping threads took: 0.0000318 seconds
[2019-06-24T09:51:57.198+0000][1][safepoint    ] Application time: 0.0000322 seconds
[2019-06-24T09:51:57.198+0000][1][safepoint    ] Entering safepoint region: RevokeBias
[2019-06-24T09:51:57.198+0000][1][safepoint    ] Leaving safepoint region
[2019-06-24T09:51:57.198+0000][1][safepoint    ] Total time for which application threads were stopped: 0.0000463 seconds, Stopping threads took: 0.0000178 seconds
[2019-06-24T09:51:57.198+0000][1][safepoint    ] Application time: 0.0000368 seconds
[2019-06-24T09:51:57.198+0000][1][safepoint    ] Entering safepoint region: RevokeBias
[2019-06-24T09:51:57.198+0000][1][safepoint    ] Leaving safepoint region
[2019-06-24T09:51:57.198+0000][1][safepoint    ] Total time for which application threads were stopped: 0.0000376 seconds, Stopping threads took: 0.0000103 seconds
[2019-06-24T09:51:57.198+0000][1][safepoint    ] Application time: 0.0000307 seconds
[2019-06-24T09:51:57.198+0000][1][safepoint    ] Entering safepoint region: RevokeBias
[2019-06-24T09:51:57.198+0000][1][safepoint    ] Leaving safepoint region
[2019-06-24T09:51:57.198+0000][1][safepoint    ] Total time for which application threads were stopped: 0.0000327 seconds, Stopping threads took: 0.0000061 seconds
[2019-06-24T09:51:57.307+0000][1][safepoint    ] Application time: 0.1085098 seconds
[2019-06-24T09:51:57.307+0000][1][safepoint    ] Entering safepoint region: Deoptimize
[2019-06-24T09:51:57.307+0000][1][safepoint    ] Leaving safepoint region
[2019-06-24T09:51:57.307+0000][1][safepoint    ] Total time for which application threads were stopped: 0.0003237 seconds, Stopping threads took: 0.0000159 seconds
[2019-06-24T09:51:57.308+0000][1][safepoint    ] Application time: 0.0003968 seconds
[2019-06-24T09:51:57.308+0000][1][safepoint    ] Entering safepoint region: Deoptimize
[2019-06-24T09:51:57.308+0000][1][safepoint    ] Leaving safepoint region
[2019-06-24T09:51:57.308+0000][1][safepoint    ] Total time for which application threads were stopped: 0.0002679 seconds, Stopping threads took: 0.0000114 seconds
[2019-06-24T09:51:57.483+0000][1][safepoint    ] Application time: 0.1754734 seconds
[2019-06-24T09:51:57.483+0000][1][safepoint    ] Entering safepoint region: GenCollectForAllocation
[2019-06-24T09:51:57.484+0000][1][gc,start     ] GC(3) Pause Young (Allocation Failure)
[2019-06-24T09:51:57.484+0000][1][gc,task      ] GC(3) Using 5 workers of 8 for evacuation
[2019-06-24T09:51:57.487+0000][1][gc,age       ] GC(3) Desired survivor size 4456448 bytes, new threshold 3 (max threshold 6)
[2019-06-24T09:51:57.487+0000][1][gc,age       ] GC(3) Age table with threshold 3 (max threshold 6)
[2019-06-24T09:51:57.487+0000][1][gc,age       ] GC(3) - age   1:    4073432 bytes,    4073432 total
[2019-06-24T09:51:57.487+0000][1][gc,age       ] GC(3) - age   2:     318712 bytes,    4392144 total
[2019-06-24T09:51:57.487+0000][1][gc,age       ] GC(3) - age   3:    1199512 bytes,    5591656 total
[2019-06-24T09:51:57.487+0000][1][gc,heap      ] GC(3) ParNew: 75296K->7700K(78656K)
[2019-06-24T09:51:57.487+0000][1][gc,heap      ] GC(3) CMS: 6666K->6666K(174784K)
[2019-06-24T09:51:57.487+0000][1][gc,metaspace ] GC(3) Metaspace: 18308K->18308K(1067008K)
[2019-06-24T09:51:57.488+0000][1][gc           ] GC(3) Pause Young (Allocation Failure) 80M->14M(247M) 3.925ms
[2019-06-24T09:51:57.488+0000][1][gc,cpu       ] GC(3) User=0.03s Sys=0.00s Real=0.00s
[2019-06-24T09:51:57.488+0000][1][safepoint    ] Leaving safepoint region
[2019-06-24T09:51:57.488+0000][1][safepoint    ] Total time for which application threads were stopped: 0.0041130 seconds, Stopping threads took: 0.0000181 seconds
[2019-06-24T09:51:57.488+0000][1][safepoint    ] Application time: 0.0002315 seconds
[2019-06-24T09:51:57.488+0000][1][safepoint    ] Entering safepoint region: RevokeBias
[2019-06-24T09:51:57.488+0000][1][safepoint    ] Leaving safepoint region
[2019-06-24T09:51:57.488+0000][1][safepoint    ] Total time for which application threads were stopped: 0.0002469 seconds, Stopping threads took: 0.0000747 seconds
[2019-06-24T09:51:57.488+0000][1][safepoint    ] Application time: 0.0000497 seconds
[2019-06-24T09:51:57.488+0000][1][safepoint    ] Entering safepoint region: RevokeBias
[2019-06-24T09:51:57.488+0000][1][safepoint    ] Leaving safepoint region
[2019-06-24T09:51:57.488+0000][1][safepoint    ] Total time for which application threads were stopped: 0.0000655 seconds, Stopping threads took: 0.0000187 seconds
[2019-06-24T09:51:57.488+0000][1][safepoint    ] Application time: 0.0000632 seconds
[2019-06-24T09:51:57.489+0000][1][safepoint    ] Entering safepoint region: RevokeBias
[2019-06-24T09:51:57.489+0000][1][safepoint    ] Leaving safepoint region
[2019-06-24T09:51:57.489+0000][1][safepoint    ] Total time for which application threads were stopped: 0.0003880 seconds, Stopping threads took: 0.0002972 seconds
[2019-06-24T09:51:57.489+0000][1][safepoint    ] Application time: 0.0000454 seconds
[2019-06-24T09:51:57.489+0000][1][safepoint    ] Entering safepoint region: RevokeBias
[2019-06-24T09:51:57.489+0000][1][safepoint    ] Leaving safepoint region
[2019-06-24T09:51:57.489+0000][1][safepoint    ] Total time for which application threads were stopped: 0.0000998 seconds, Stopping threads took: 0.0000380 seconds
[2019-06-24T09:51:57.489+0000][1][safepoint    ] Application time: 0.0000492 seconds
[2019-06-24T09:51:57.489+0000][1][safepoint    ] Entering safepoint region: RevokeBias
[2019-06-24T09:51:57.489+0000][1][safepoint    ] Leaving safepoint region
[2019-06-24T09:51:57.489+0000][1][safepoint    ] Total time for which application threads were stopped: 0.0001626 seconds, Stopping threads took: 0.0000964 seconds
[2019-06-24T09:51:57.489+0000][1][safepoint    ] Application time: 0.0000466 seconds
[2019-06-24T09:51:57.489+0000][1][safepoint    ] Entering safepoint region: RevokeBias
[2019-06-24T09:51:57.489+0000][1][safepoint    ] Leaving safepoint region
[2019-06-24T09:51:57.489+0000][1][safepoint    ] Total time for which application threads were stopped: 0.0001018 seconds, Stopping threads took: 0.0000523 seconds
[2019-06-24T09:51:57.489+0000][1][safepoint    ] Application time: 0.0000515 seconds
[2019-06-24T09:51:57.489+0000][1][safepoint    ] Entering safepoint region: RevokeBias
[2019-06-24T09:51:57.489+0000][1][safepoint    ] Leaving safepoint region
[2019-06-24T09:51:57.489+0000][1][safepoint    ] Total time for which application threads were stopped: 0.0000872 seconds, Stopping threads took: 0.0000442 seconds
[2019-06-24T09:51:57.489+0000][1][safepoint    ] Application time: 0.0000399 seconds
[2019-06-24T09:51:57.490+0000][1][safepoint    ] Entering safepoint region: RevokeBias
[2019-06-24T09:51:57.490+0000][1][safepoint    ] Leaving safepoint region
[2019-06-24T09:51:57.490+0000][1][safepoint    ] Total time for which application threads were stopped: 0.0000969 seconds, Stopping threads took: 0.0000524 seconds
[2019-06-24T09:51:57.490+0000][1][safepoint    ] Application time: 0.0000456 seconds
[2019-06-24T09:51:57.490+0000][1][safepoint    ] Entering safepoint region: RevokeBias
[2019-06-24T09:51:57.490+0000][1][safepoint    ] Leaving safepoint region
[2019-06-24T09:51:57.490+0000][1][safepoint    ] Total time for which application threads were stopped: 0.0000660 seconds, Stopping threads took: 0.0000225 seconds
[2019-06-24T09:51:57.490+0000][1][safepoint    ] Application time: 0.0000420 seconds
[2019-06-24T09:51:57.490+0000][1][safepoint    ] Entering safepoint region: RevokeBias
[2019-06-24T09:51:57.490+0000][1][safepoint    ] Leaving safepoint region
[2019-06-24T09:51:57.490+0000][1][safepoint    ] Total time for which application threads were stopped: 0.0000778 seconds, Stopping threads took: 0.0000353 seconds
[2019-06-24T09:51:57.490+0000][1][safepoint    ] Application time: 0.0000455 seconds
[2019-06-24T09:51:57.490+0000][1][safepoint    ] Entering safepoint region: RevokeBias
[2019-06-24T09:51:57.490+0000][1][safepoint    ] Leaving safepoint region
[2019-06-24T09:51:57.490+0000][1][safepoint    ] Total time for which application threads were stopped: 0.0000700 seconds, Stopping threads took: 0.0000271 seconds
[2019-06-24T09:51:57.490+0000][1][safepoint    ] Application time: 0.0000412 seconds
[2019-06-24T09:51:57.490+0000][1][safepoint    ] Entering safepoint region: RevokeBias
[2019-06-24T09:51:57.490+0000][1][safepoint    ] Leaving safepoint region
[2019-06-24T09:51:57.490+0000][1][safepoint    ] Total time for which application threads were stopped: 0.0003346 seconds, Stopping threads took: 0.0002938 seconds
[2019-06-24T09:51:57.491+0000][1][safepoint    ] Application time: 0.0002240 seconds
[2019-06-24T09:51:57.491+0000][1][safepoint    ] Entering safepoint region: RevokeBias
[2019-06-24T09:51:57.491+0000][1][safepoint    ] Leaving safepoint region
[2019-06-24T09:51:57.491+0000][1][safepoint    ] Total time for which application threads were stopped: 0.0001464 seconds, Stopping threads took: 0.0000344 seconds
[2019-06-24T09:51:57.491+0000][1][safepoint    ] Application time: 0.0000443 seconds
[2019-06-24T09:51:57.491+0000][1][safepoint    ] Entering safepoint region: RevokeBias
[2019-06-24T09:51:57.491+0000][1][safepoint    ] Leaving safepoint region
[2019-06-24T09:51:57.491+0000][1][safepoint    ] Total time for which application threads were stopped: 0.0000824 seconds, Stopping threads took: 0.0000100 seconds
[2019-06-24T09:51:57.491+0000][1][safepoint    ] Application time: 0.0000443 seconds
[2019-06-24T09:51:57.491+0000][1][safepoint    ] Entering safepoint region: RevokeBias
[2019-06-24T09:51:57.491+0000][1][safepoint    ] Leaving safepoint region
[2019-06-24T09:51:57.491+0000][1][safepoint    ] Total time for which application threads were stopped: 0.0000629 seconds, Stopping threads took: 0.0000101 seconds
[2019-06-24T09:51:57.491+0000][1][safepoint    ] Application time: 0.0000405 seconds
[2019-06-24T09:51:57.491+0000][1][safepoint    ] Entering safepoint region: RevokeBias
[2019-06-24T09:51:57.491+0000][1][safepoint    ] Leaving safepoint region
[2019-06-24T09:51:57.491+0000][1][safepoint    ] Total time for which application threads were stopped: 0.0000685 seconds, Stopping threads took: 0.0000268 seconds
[2019-06-24T09:51:57.491+0000][1][safepoint    ] Application time: 0.0001159 seconds
[2019-06-24T09:51:57.491+0000][1][safepoint    ] Entering safepoint region: RevokeBias
[2019-06-24T09:51:57.491+0000][1][safepoint    ] Leaving safepoint region
[2019-06-24T09:51:57.491+0000][1][safepoint    ] Total time for which application threads were stopped: 0.0001473 seconds, Stopping threads took: 0.0000461 seconds
[2019-06-24T09:51:57.492+0000][1][safepoint    ] Application time: 0.0000468 seconds
[2019-06-24T09:51:57.492+0000][1][safepoint    ] Entering safepoint region: RevokeBias
[2019-06-24T09:51:57.492+0000][1][safepoint    ] Leaving safepoint region
[2019-06-24T09:51:57.492+0000][1][safepoint    ] Total time for which application threads were stopped: 0.0001487 seconds, Stopping threads took: 0.0001017 seconds
[2019-06-24T09:51:57.492+0000][1][safepoint    ] Application time: 0.0000429 seconds
[2019-06-24T09:51:57.492+0000][1][safepoint    ] Entering safepoint region: RevokeBias
[2019-06-24T09:51:57.492+0000][1][safepoint    ] Leaving safepoint region
[2019-06-24T09:51:57.492+0000][1][safepoint    ] Total time for which application threads were stopped: 0.0000837 seconds, Stopping threads took: 0.0000264 seconds
[2019-06-24T09:51:57.492+0000][1][safepoint    ] Application time: 0.0000482 seconds
[2019-06-24T09:51:57.492+0000][1][safepoint    ] Entering safepoint region: RevokeBias
[2019-06-24T09:51:57.492+0000][1][safepoint    ] Leaving safepoint region
[2019-06-24T09:51:57.492+0000][1][safepoint    ] Total time for which application threads were stopped: 0.0000915 seconds, Stopping threads took: 0.0000514 seconds
[2019-06-24T09:51:57.492+0000][1][safepoint    ] Application time: 0.0000416 seconds
[2019-06-24T09:51:57.492+0000][1][safepoint    ] Entering safepoint region: RevokeBias
[2019-06-24T09:51:57.492+0000][1][safepoint    ] Leaving safepoint region
[2019-06-24T09:51:57.492+0000][1][safepoint    ] Total time for which application threads were stopped: 0.0000675 seconds, Stopping threads took: 0.0000294 seconds
[2019-06-24T09:51:57.579+0000][1][safepoint    ] Application time: 0.0870186 seconds
[2019-06-24T09:51:57.579+0000][1][safepoint    ] Entering safepoint region: GenCollectForAllocation
[2019-06-24T09:51:57.579+0000][1][gc,start     ] GC(4) Pause Young (Allocation Failure)
[2019-06-24T09:51:57.579+0000][1][gc,task      ] GC(4) Using 5 workers of 8 for evacuation
[2019-06-24T09:51:57.584+0000][1][gc,age       ] GC(4) Desired survivor size 4456448 bytes, new threshold 2 (max threshold 6)
[2019-06-24T09:51:57.584+0000][1][gc,age       ] GC(4) Age table with threshold 2 (max threshold 6)
[2019-06-24T09:51:57.584+0000][1][gc,age       ] GC(4) - age   1:    1936640 bytes,    1936640 total
[2019-06-24T09:51:57.584+0000][1][gc,age       ] GC(4) - age   2:    3304800 bytes,    5241440 total
[2019-06-24T09:51:57.584+0000][1][gc,age       ] GC(4) - age   3:     318184 bytes,    5559624 total
[2019-06-24T09:51:57.584+0000][1][gc,heap      ] GC(4) ParNew: 77652K->7881K(78656K)
[2019-06-24T09:51:57.584+0000][1][gc,heap      ] GC(4) CMS: 6666K->7855K(174784K)
[2019-06-24T09:51:57.584+0000][1][gc,metaspace ] GC(4) Metaspace: 18521K->18521K(1067008K)
[2019-06-24T09:51:57.584+0000][1][gc           ] GC(4) Pause Young (Allocation Failure) 82M->15M(247M) 5.136ms
[2019-06-24T09:51:57.584+0000][1][gc,cpu       ] GC(4) User=0.04s Sys=0.00s Real=0.01s
[2019-06-24T09:51:57.584+0000][1][safepoint    ] Leaving safepoint region
[2019-06-24T09:51:57.585+0000][1][safepoint    ] Total time for which application threads were stopped: 0.0053052 seconds, Stopping threads took: 0.0000331 seconds
[2019-06-24T09:51:57.585+0000][1][safepoint    ] Application time: 0.0001300 seconds
[2019-06-24T09:51:57.585+0000][1][safepoint    ] Entering safepoint region: RevokeBias
[2019-06-24T09:51:57.585+0000][1][safepoint    ] Leaving safepoint region
[2019-06-24T09:51:57.585+0000][1][safepoint    ] Total time for which application threads were stopped: 0.0000935 seconds, Stopping threads took: 0.0000454 seconds
[2019-06-24T09:51:57.585+0000][1][safepoint    ] Application time: 0.0000396 seconds
[2019-06-24T09:51:57.585+0000][1][safepoint    ] Entering safepoint region: RevokeBias
[2019-06-24T09:51:57.585+0000][1][safepoint    ] Leaving safepoint region
[2019-06-24T09:51:57.585+0000][1][safepoint    ] Total time for which application threads were stopped: 0.0001020 seconds, Stopping threads took: 0.0000421 seconds
[2019-06-24T09:51:57.585+0000][1][safepoint    ] Application time: 0.0000405 seconds
[2019-06-24T09:51:57.585+0000][1][safepoint    ] Entering safepoint region: RevokeBias
[2019-06-24T09:51:57.585+0000][1][safepoint    ] Leaving safepoint region
[2019-06-24T09:51:57.585+0000][1][safepoint    ] Total time for which application threads were stopped: 0.0000783 seconds, Stopping threads took: 0.0000318 seconds
[2019-06-24T09:51:57.585+0000][1][safepoint    ] Application time: 0.0000363 seconds
[2019-06-24T09:51:57.585+0000][1][safepoint    ] Entering safepoint region: RevokeBias
[2019-06-24T09:51:57.585+0000][1][safepoint    ] Leaving safepoint region
[2019-06-24T09:51:57.585+0000][1][safepoint    ] Total time for which application threads were stopped: 0.0000325 seconds, Stopping threads took: 0.0000072 seconds
[2019-06-24T09:51:57.605+0000][1][safepoint    ] Application time: 0.0200387 seconds
[2019-06-24T09:51:57.605+0000][1][safepoint    ] Entering safepoint region: Deoptimize
[2019-06-24T09:51:57.605+0000][1][safepoint    ] Leaving safepoint region
[2019-06-24T09:51:57.605+0000][1][safepoint    ] Total time for which application threads were stopped: 0.0002830 seconds, Stopping threads took: 0.0000116 seconds
[2019-06-24T09:51:57.654+0000][1][safepoint    ] Application time: 0.0487100 seconds
[2019-06-24T09:51:57.654+0000][1][safepoint    ] Entering safepoint region: Deoptimize
[2019-06-24T09:51:57.654+0000][1][safepoint    ] Leaving safepoint region
[2019-06-24T09:51:57.654+0000][1][safepoint    ] Total time for which application threads were stopped: 0.0002776 seconds, Stopping threads took: 0.0000100 seconds
[2019-06-24T09:51:57.755+0000][1][safepoint    ] Application time: 0.1008406 seconds
[2019-06-24T09:51:57.755+0000][1][safepoint    ] Entering safepoint region: GenCollectForAllocation
[2019-06-24T09:51:57.755+0000][1][gc,start     ] GC(5) Pause Young (Allocation Failure)
[2019-06-24T09:51:57.755+0000][1][gc,task      ] GC(5) Using 5 workers of 8 for evacuation
[2019-06-24T09:51:57.760+0000][1][gc,age       ] GC(5) Desired survivor size 4456448 bytes, new threshold 6 (max threshold 6)
[2019-06-24T09:51:57.760+0000][1][gc,age       ] GC(5) Age table with threshold 6 (max threshold 6)
[2019-06-24T09:51:57.760+0000][1][gc,age       ] GC(5) - age   1:    3238072 bytes,    3238072 total
[2019-06-24T09:51:57.760+0000][1][gc,age       ] GC(5) - age   2:     446184 bytes,    3684256 total
[2019-06-24T09:51:57.760+0000][1][gc,heap      ] GC(5) ParNew: 77833K->6240K(78656K)
[2019-06-24T09:51:57.760+0000][1][gc,heap      ] GC(5) CMS: 7855K->11425K(174784K)
[2019-06-24T09:51:57.760+0000][1][gc,metaspace ] GC(5) Metaspace: 18874K->18874K(1067008K)
[2019-06-24T09:51:57.760+0000][1][gc           ] GC(5) Pause Young (Allocation Failure) 83M->17M(247M) 4.895ms
[2019-06-24T09:51:57.760+0000][1][gc,cpu       ] GC(5) User=0.04s Sys=0.00s Real=0.00s
[2019-06-24T09:51:57.760+0000][1][safepoint    ] Leaving safepoint region
[2019-06-24T09:51:57.760+0000][1][safepoint    ] Total time for which application threads were stopped: 0.0050070 seconds, Stopping threads took: 0.0000131 seconds
[2019-06-24T09:51:57.761+0000][1][safepoint    ] Application time: 0.0001195 seconds
[2019-06-24T09:51:57.761+0000][1][safepoint    ] Entering safepoint region: RevokeBias
[2019-06-24T09:51:57.761+0000][1][safepoint    ] Leaving safepoint region
[2019-06-24T09:51:57.761+0000][1][safepoint    ] Total time for which application threads were stopped: 0.0001135 seconds, Stopping threads took: 0.0000590 seconds
[2019-06-24T09:51:57.761+0000][1][safepoint    ] Application time: 0.0000941 seconds
[2019-06-24T09:51:57.761+0000][1][safepoint    ] Entering safepoint region: RevokeBias
[2019-06-24T09:51:57.761+0000][1][safepoint    ] Leaving safepoint region
[2019-06-24T09:51:57.761+0000][1][safepoint    ] Total time for which application threads were stopped: 0.0001011 seconds, Stopping threads took: 0.0000579 seconds
[2019-06-24T09:51:57.761+0000][1][safepoint    ] Application time: 0.0000825 seconds
[2019-06-24T09:51:57.761+0000][1][safepoint    ] Entering safepoint region: RevokeBias
[2019-06-24T09:51:57.761+0000][1][safepoint    ] Leaving safepoint region
[2019-06-24T09:51:57.761+0000][1][safepoint    ] Total time for which application threads were stopped: 0.0000644 seconds, Stopping threads took: 0.0000322 seconds
[2019-06-24T09:51:57.761+0000][1][safepoint    ] Application time: 0.0001002 seconds
[2019-06-24T09:51:57.761+0000][1][safepoint    ] Entering safepoint region: RevokeBias
[2019-06-24T09:51:57.761+0000][1][safepoint    ] Leaving safepoint region
[2019-06-24T09:51:57.761+0000][1][safepoint    ] Total time for which application threads were stopped: 0.0001160 seconds, Stopping threads took: 0.0000869 seconds
[2019-06-24T09:51:57.761+0000][1][safepoint    ] Application time: 0.0000778 seconds
[2019-06-24T09:51:57.761+0000][1][safepoint    ] Entering safepoint region: RevokeBias
[2019-06-24T09:51:57.761+0000][1][safepoint    ] Leaving safepoint region
[2019-06-24T09:51:57.761+0000][1][safepoint    ] Total time for which application threads were stopped: 0.0001095 seconds, Stopping threads took: 0.0000756 seconds
[2019-06-24T09:51:57.762+0000][1][safepoint    ] Application time: 0.0000751 seconds
[2019-06-24T09:51:57.762+0000][1][safepoint    ] Entering safepoint region: RevokeBias
[2019-06-24T09:51:57.762+0000][1][safepoint    ] Leaving safepoint region
[2019-06-24T09:51:57.762+0000][1][safepoint    ] Total time for which application threads were stopped: 0.0001520 seconds, Stopping threads took: 0.0000883 seconds
[2019-06-24T09:51:57.839+0000][1][safepoint    ] Application time: 0.0773236 seconds
[2019-06-24T09:51:57.839+0000][1][safepoint    ] Entering safepoint region: RevokeBias
[2019-06-24T09:51:57.839+0000][1][safepoint    ] Leaving safepoint region
[2019-06-24T09:51:57.839+0000][1][safepoint    ] Total time for which application threads were stopped: 0.0000860 seconds, Stopping threads took: 0.0000172 seconds
[2019-06-24T09:51:57.839+0000][1][safepoint    ] Application time: 0.0002014 seconds
[2019-06-24T09:51:57.839+0000][1][safepoint    ] Entering safepoint region: BulkRevokeBias
[2019-06-24T09:51:57.840+0000][1][safepoint    ] Leaving safepoint region
[2019-06-24T09:51:57.840+0000][1][safepoint    ] Total time for which application threads were stopped: 0.0001187 seconds, Stopping threads took: 0.0000128 seconds
[2019-06-24T09:51:57.865+0000][1][safepoint    ] Application time: 0.0250941 seconds
[2019-06-24T09:51:57.865+0000][1][safepoint    ] Entering safepoint region: GenCollectForAllocation
[2019-06-24T09:51:57.865+0000][1][gc,start     ] GC(6) Pause Young (Allocation Failure)
[2019-06-24T09:51:57.865+0000][1][gc,task      ] GC(6) Using 5 workers of 8 for evacuation
[2019-06-24T09:51:57.868+0000][1][gc,age       ] GC(6) Desired survivor size 4456448 bytes, new threshold 2 (max threshold 6)
[2019-06-24T09:51:57.868+0000][1][gc,age       ] GC(6) Age table with threshold 2 (max threshold 6)
[2019-06-24T09:51:57.868+0000][1][gc,age       ] GC(6) - age   1:    2270640 bytes,    2270640 total
[2019-06-24T09:51:57.868+0000][1][gc,age       ] GC(6) - age   2:    2196064 bytes,    4466704 total
[2019-06-24T09:51:57.868+0000][1][gc,age       ] GC(6) - age   3:     446184 bytes,    4912888 total
[2019-06-24T09:51:57.868+0000][1][gc,heap      ] GC(6) ParNew: 76192K->6273K(78656K)
[2019-06-24T09:51:57.868+0000][1][gc,heap      ] GC(6) CMS: 11425K->11425K(174784K)
[2019-06-24T09:51:57.868+0000][1][gc,metaspace ] GC(6) Metaspace: 19182K->19182K(1067008K)
[2019-06-24T09:51:57.868+0000][1][gc           ] GC(6) Pause Young (Allocation Failure) 85M->17M(247M) 3.016ms
[2019-06-24T09:51:57.868+0000][1][gc,cpu       ] GC(6) User=0.02s Sys=0.00s Real=0.00s
[2019-06-24T09:51:57.868+0000][1][safepoint    ] Leaving safepoint region
[2019-06-24T09:51:57.868+0000][1][safepoint    ] Total time for which application threads were stopped: 0.0031252 seconds, Stopping threads took: 0.0000169 seconds
[2019-06-24T09:51:57.868+0000][1][safepoint    ] Application time: 0.0001274 seconds
[2019-06-24T09:51:57.868+0000][1][safepoint    ] Entering safepoint region: BulkRevokeBias
[2019-06-24T09:51:57.868+0000][1][safepoint    ] Leaving safepoint region
[2019-06-24T09:51:57.868+0000][1][safepoint    ] Total time for which application threads were stopped: 0.0001160 seconds, Stopping threads took: 0.0000442 seconds
[2019-06-24T09:51:57.988+0000][1][safepoint    ] Application time: 0.1196891 seconds
[2019-06-24T09:51:57.988+0000][1][safepoint    ] Entering safepoint region: CollectForMetadataAllocation
[2019-06-24T09:51:57.988+0000][1][safepoint    ] Leaving safepoint region
[2019-06-24T09:51:57.988+0000][1][safepoint    ] Total time for which application threads were stopped: 0.0001758 seconds, Stopping threads took: 0.0000109 seconds
[2019-06-24T09:51:57.997+0000][1][safepoint    ] Application time: 0.0093389 seconds
[2019-06-24T09:51:57.997+0000][1][safepoint    ] Entering safepoint region: GenCollectForAllocation
[2019-06-24T09:51:57.997+0000][1][gc,start     ] GC(7) Pause Young (Allocation Failure)
[2019-06-24T09:51:57.997+0000][1][gc,task      ] GC(7) Using 5 workers of 8 for evacuation
[2019-06-24T09:51:58.001+0000][1][gc,age       ] GC(7) Desired survivor size 4456448 bytes, new threshold 6 (max threshold 6)
[2019-06-24T09:51:58.001+0000][1][gc,age       ] GC(7) Age table with threshold 6 (max threshold 6)
[2019-06-24T09:51:58.001+0000][1][gc,age       ] GC(7) - age   1:     737408 bytes,     737408 total
[2019-06-24T09:51:58.001+0000][1][gc,age       ] GC(7) - age   2:    1129456 bytes,    1866864 total
[2019-06-24T09:51:58.001+0000][1][gc,heap      ] GC(7) ParNew: 76225K->4711K(78656K)
[2019-06-24T09:51:58.001+0000][1][gc,heap      ] GC(7) CMS: 11425K->14021K(174784K)
[2019-06-24T09:51:58.001+0000][1][gc,metaspace ] GC(7) Metaspace: 20214K->20214K(1069056K)
[2019-06-24T09:51:58.001+0000][1][gc           ] GC(7) Pause Young (Allocation Failure) 85M->18M(247M) 3.407ms
[2019-06-24T09:51:58.001+0000][1][gc,cpu       ] GC(7) User=0.02s Sys=0.00s Real=0.00s
[2019-06-24T09:51:58.001+0000][1][safepoint    ] Leaving safepoint region
[2019-06-24T09:51:58.001+0000][1][safepoint    ] Total time for which application threads were stopped: 0.0035204 seconds, Stopping threads took: 0.0000159 seconds
[2019-06-24T09:51:58.001+0000][1][safepoint    ] Application time: 0.0000916 seconds
[2019-06-24T09:51:58.001+0000][1][safepoint    ] Entering safepoint region: CMS_Initial_Mark
[2019-06-24T09:51:58.001+0000][1][gc,start     ] GC(8) Pause Initial Mark
[2019-06-24T09:51:58.002+0000][1][gc           ] GC(8) Pause Initial Mark 19M->19M(247M) 0.545ms
[2019-06-24T09:51:58.002+0000][1][gc,cpu       ] GC(8) User=0.00s Sys=0.00s Real=0.00s
[2019-06-24T09:51:58.002+0000][1][safepoint    ] Leaving safepoint region
[2019-06-24T09:51:58.002+0000][1][safepoint    ] Total time for which application threads were stopped: 0.0006400 seconds, Stopping threads took: 0.0000289 seconds
[2019-06-24T09:51:58.002+0000][1][gc           ] GC(8) Concurrent Mark
[2019-06-24T09:51:58.002+0000][1][gc,task      ] GC(8) Using 2 workers of 2 for marking
[2019-06-24T09:51:58.014+0000][1][gc           ] GC(8) Concurrent Mark 12.165ms
[2019-06-24T09:51:58.014+0000][1][gc,cpu       ] GC(8) User=0.07s Sys=0.01s Real=0.01s
[2019-06-24T09:51:58.014+0000][1][gc           ] GC(8) Concurrent Preclean
[2019-06-24T09:51:58.015+0000][1][gc           ] GC(8) Concurrent Preclean 1.001ms
[2019-06-24T09:51:58.015+0000][1][gc,cpu       ] GC(8) User=0.02s Sys=0.00s Real=0.01s
[2019-06-24T09:51:58.015+0000][1][gc           ] GC(8) Concurrent Abortable Preclean
[2019-06-24T09:51:58.085+0000][1][safepoint    ] Application time: 0.0835858 seconds
[2019-06-24T09:51:58.085+0000][1][safepoint    ] Entering safepoint region: GenCollectForAllocation
[2019-06-24T09:51:58.085+0000][1][gc,start     ] GC(9) Pause Young (Allocation Failure)
[2019-06-24T09:51:58.085+0000][1][gc,task      ] GC(9) Using 5 workers of 8 for evacuation
[2019-06-24T09:51:58.087+0000][1][gc,age       ] GC(9) Desired survivor size 4456448 bytes, new threshold 6 (max threshold 6)
[2019-06-24T09:51:58.087+0000][1][gc,age       ] GC(9) Age table with threshold 6 (max threshold 6)
[2019-06-24T09:51:58.087+0000][1][gc,age       ] GC(9) - age   1:    1049640 bytes,    1049640 total
[2019-06-24T09:51:58.087+0000][1][gc,age       ] GC(9) - age   2:     707824 bytes,    1757464 total
[2019-06-24T09:51:58.087+0000][1][gc,age       ] GC(9) - age   3:    1129456 bytes,    2886920 total
[2019-06-24T09:51:58.088+0000][1][gc,heap      ] GC(9) ParNew: 74663K->3417K(78656K)
[2019-06-24T09:51:58.088+0000][1][gc,heap      ] GC(9) CMS: 14021K->14021K(174784K)
[2019-06-24T09:51:58.088+0000][1][gc,metaspace ] GC(9) Metaspace: 20240K->20240K(1069056K)
[2019-06-24T09:51:58.088+0000][1][gc           ] GC(9) Pause Young (Allocation Failure) 86M->17M(247M) 2.217ms
[2019-06-24T09:51:58.088+0000][1][gc,cpu       ] GC(9) User=0.02s Sys=0.00s Real=0.00s
[2019-06-24T09:51:58.088+0000][1][safepoint    ] Leaving safepoint region
[2019-06-24T09:51:58.088+0000][1][safepoint    ] Total time for which application threads were stopped: 0.0023645 seconds, Stopping threads took: 0.0000171 seconds
[2019-06-24T09:51:58.112+0000][1][safepoint    ] Application time: 0.0246959 seconds
[2019-06-24T09:51:58.112+0000][1][safepoint    ] Entering safepoint region: CollectForMetadataAllocation
[2019-06-24T09:51:58.113+0000][1][safepoint    ] Leaving safepoint region
[2019-06-24T09:51:58.113+0000][1][safepoint    ] Total time for which application threads were stopped: 0.0001851 seconds, Stopping threads took: 0.0000182 seconds
[2019-06-24T09:51:58.160+0000][1][safepoint    ] Application time: 0.0469527 seconds
[2019-06-24T09:51:58.160+0000][1][safepoint    ] Entering safepoint region: GenCollectForAllocation
[2019-06-24T09:51:58.160+0000][1][gc,start     ] GC(10) Pause Young (Allocation Failure)
[2019-06-24T09:51:58.160+0000][1][gc,task      ] GC(10) Using 5 workers of 8 for evacuation
[2019-06-24T09:51:58.161+0000][1][gc,age       ] GC(10) Desired survivor size 4456448 bytes, new threshold 6 (max threshold 6)
[2019-06-24T09:51:58.162+0000][1][gc,age       ] GC(10) Age table with threshold 6 (max threshold 6)
[2019-06-24T09:51:58.162+0000][1][gc,age       ] GC(10) - age   1:     897152 bytes,     897152 total
[2019-06-24T09:51:58.162+0000][1][gc,age       ] GC(10) - age   2:     293080 bytes,    1190232 total
[2019-06-24T09:51:58.162+0000][1][gc,age       ] GC(10) - age   3:     707752 bytes,    1897984 total
[2019-06-24T09:51:58.162+0000][1][gc,age       ] GC(10) - age   4:    1129456 bytes,    3027440 total
[2019-06-24T09:51:58.162+0000][1][gc,heap      ] GC(10) ParNew: 73369K->3906K(78656K)
[2019-06-24T09:51:58.162+0000][1][gc,heap      ] GC(10) CMS: 14021K->14021K(174784K)
[2019-06-24T09:51:58.162+0000][1][gc,metaspace ] GC(10) Metaspace: 20358K->20358K(1069056K)
[2019-06-24T09:51:58.162+0000][1][gc           ] GC(10) Pause Young (Allocation Failure) 85M->17M(247M) 2.008ms
[2019-06-24T09:51:58.162+0000][1][gc,cpu       ] GC(10) User=0.01s Sys=0.00s Real=0.00s
[2019-06-24T09:51:58.162+0000][1][safepoint    ] Leaving safepoint region
[2019-06-24T09:51:58.162+0000][1][safepoint    ] Total time for which application threads were stopped: 0.0021336 seconds, Stopping threads took: 0.0000160 seconds
[2019-06-24T09:51:58.243+0000][1][safepoint    ] Application time: 0.0810680 seconds
[2019-06-24T09:51:58.243+0000][1][safepoint    ] Entering safepoint region: GenCollectForAllocation
[2019-06-24T09:51:58.243+0000][1][gc,start     ] GC(11) Pause Young (Allocation Failure)
[2019-06-24T09:51:58.243+0000][1][gc,task      ] GC(11) Using 5 workers of 8 for evacuation
[2019-06-24T09:51:58.246+0000][1][gc,age       ] GC(11) Desired survivor size 4456448 bytes, new threshold 6 (max threshold 6)
[2019-06-24T09:51:58.246+0000][1][gc,age       ] GC(11) Age table with threshold 6 (max threshold 6)
[2019-06-24T09:51:58.246+0000][1][gc,age       ] GC(11) - age   1:    2201576 bytes,    2201576 total
[2019-06-24T09:51:58.246+0000][1][gc,age       ] GC(11) - age   2:      99208 bytes,    2300784 total
[2019-06-24T09:51:58.246+0000][1][gc,age       ] GC(11) - age   3:     293080 bytes,    2593864 total
[2019-06-24T09:51:58.246+0000][1][gc,age       ] GC(11) - age   4:     707552 bytes,    3301416 total
[2019-06-24T09:51:58.246+0000][1][gc,age       ] GC(11) - age   5:    1129168 bytes,    4430584 total
[2019-06-24T09:51:58.246+0000][1][gc,heap      ] GC(11) ParNew: 73858K->5675K(78656K)
[2019-06-24T09:51:58.246+0000][1][gc,heap      ] GC(11) CMS: 14021K->14021K(174784K)
[2019-06-24T09:51:58.246+0000][1][gc,metaspace ] GC(11) Metaspace: 20441K->20441K(1069056K)
[2019-06-24T09:51:58.246+0000][1][gc           ] GC(11) Pause Young (Allocation Failure) 85M->19M(247M) 2.750ms
[2019-06-24T09:51:58.246+0000][1][gc,cpu       ] GC(11) User=0.02s Sys=0.00s Real=0.00s
[2019-06-24T09:51:58.246+0000][1][safepoint    ] Leaving safepoint region
[2019-06-24T09:51:58.246+0000][1][safepoint    ] Total time for which application threads were stopped: 0.0028834 seconds, Stopping threads took: 0.0000180 seconds
[2019-06-24T09:51:58.288+0000][1][safepoint    ] Application time: 0.0422406 seconds
[2019-06-24T09:51:58.288+0000][1][safepoint    ] Entering safepoint region: CollectForMetadataAllocation
[2019-06-24T09:51:58.288+0000][1][safepoint    ] Leaving safepoint region
[2019-06-24T09:51:58.288+0000][1][safepoint    ] Total time for which application threads were stopped: 0.0001930 seconds, Stopping threads took: 0.0000158 seconds
[2019-06-24T09:51:58.296+0000][1][safepoint    ] Application time: 0.0080032 seconds
[2019-06-24T09:51:58.296+0000][1][safepoint    ] Entering safepoint region: Deoptimize
[2019-06-24T09:51:58.297+0000][1][safepoint    ] Leaving safepoint region
[2019-06-24T09:51:58.297+0000][1][safepoint    ] Total time for which application threads were stopped: 0.0003144 seconds, Stopping threads took: 0.0000151 seconds
[2019-06-24T09:51:58.327+0000][1][safepoint    ] Application time: 0.0299514 seconds
[2019-06-24T09:51:58.327+0000][1][safepoint    ] Entering safepoint region: CollectForMetadataAllocation
[2019-06-24T09:51:58.327+0000][1][safepoint    ] Leaving safepoint region
[2019-06-24T09:51:58.327+0000][1][safepoint    ] Total time for which application threads were stopped: 0.0002159 seconds, Stopping threads took: 0.0000148 seconds
[2019-06-24T09:51:58.328+0000][1][gc           ] GC(8) Concurrent Abortable Preclean 312.502ms
[2019-06-24T09:51:58.328+0000][1][gc,cpu       ] GC(8) User=1.42s Sys=0.04s Real=0.31s
[2019-06-24T09:51:58.328+0000][1][safepoint    ] Application time: 0.0008436 seconds
[2019-06-24T09:51:58.328+0000][1][safepoint    ] Entering safepoint region: CMS_Final_Remark
[2019-06-24T09:51:58.328+0000][1][gc,start     ] GC(8) Pause Remark
[2019-06-24T09:51:58.342+0000][1][gc           ] GC(8) Pause Remark 54M->54M(247M) 14.554ms
[2019-06-24T09:51:58.342+0000][1][gc,cpu       ] GC(8) User=0.07s Sys=0.00s Real=0.01s
[2019-06-24T09:51:58.342+0000][1][safepoint    ] Leaving safepoint region
[2019-06-24T09:51:58.342+0000][1][safepoint    ] Total time for which application threads were stopped: 0.0147632 seconds, Stopping threads took: 0.0000873 seconds
[2019-06-24T09:51:58.343+0000][1][gc           ] GC(8) Concurrent Sweep
[2019-06-24T09:51:58.347+0000][1][gc           ] GC(8) Concurrent Sweep 4.815ms
[2019-06-24T09:51:58.347+0000][1][gc,cpu       ] GC(8) User=0.02s Sys=0.00s Real=0.00s
[2019-06-24T09:51:58.347+0000][1][gc           ] GC(8) Concurrent Reset
[2019-06-24T09:51:58.348+0000][1][gc           ] GC(8) Concurrent Reset 0.386ms
[2019-06-24T09:51:58.348+0000][1][gc,cpu       ] GC(8) User=0.00s Sys=0.00s Real=0.00s
[2019-06-24T09:51:58.348+0000][1][gc,heap      ] GC(8) Old: 14021K->13994K(174784K)
[2019-06-24T09:51:58.676+0000][1][safepoint    ] Application time: 0.3337495 seconds
[2019-06-24T09:51:58.676+0000][1][safepoint    ] Entering safepoint region: Deoptimize
[2019-06-24T09:51:58.677+0000][1][safepoint    ] Leaving safepoint region
[2019-06-24T09:51:58.677+0000][1][safepoint    ] Total time for which application threads were stopped: 0.0012100 seconds, Stopping threads took: 0.0000152 seconds
[2019-06-24T09:51:58.686+0000][1][safepoint    ] Application time: 0.0088081 seconds
[2019-06-24T09:51:58.686+0000][1][safepoint    ] Entering safepoint region: RevokeBias
[2019-06-24T09:51:58.686+0000][1][safepoint    ] Leaving safepoint region
[2019-06-24T09:51:58.686+0000][1][safepoint    ] Total time for which application threads were stopped: 0.0000707 seconds, Stopping threads took: 0.0000146 seconds
[2019-06-24T09:51:58.686+0000][1][safepoint    ] Application time: 0.0000601 seconds
[2019-06-24T09:51:58.686+0000][1][safepoint    ] Entering safepoint region: RevokeBias
[2019-06-24T09:51:58.686+0000][1][safepoint    ] Leaving safepoint region
[2019-06-24T09:51:58.686+0000][1][safepoint    ] Total time for which application threads were stopped: 0.0000722 seconds, Stopping threads took: 0.0000100 seconds
[2019-06-24T09:51:58.687+0000][1][safepoint    ] Application time: 0.0004185 seconds
[2019-06-24T09:51:58.687+0000][1][safepoint    ] Entering safepoint region: Deoptimize
[2019-06-24T09:51:58.687+0000][1][safepoint    ] Leaving safepoint region
[2019-06-24T09:51:58.687+0000][1][safepoint    ] Total time for which application threads were stopped: 0.0003086 seconds, Stopping threads took: 0.0000122 seconds
[2019-06-24T09:51:58.691+0000][1][safepoint    ] Application time: 0.0033821 seconds
[2019-06-24T09:51:58.691+0000][1][safepoint    ] Entering safepoint region: Deoptimize
[2019-06-24T09:51:58.691+0000][1][safepoint    ] Leaving safepoint region
[2019-06-24T09:51:58.691+0000][1][safepoint    ] Total time for which application threads were stopped: 0.0003158 seconds, Stopping threads took: 0.0000128 seconds
[2019-06-24T09:51:58.803+0000][1][safepoint    ] Application time: 0.1123971 seconds
[2019-06-24T09:51:58.803+0000][1][safepoint    ] Entering safepoint region: GenCollectForAllocation
[2019-06-24T09:51:58.804+0000][1][gc,start     ] GC(12) Pause Young (Allocation Failure)
[2019-06-24T09:51:58.804+0000][1][gc,task      ] GC(12) Using 5 workers of 8 for evacuation
[2019-06-24T09:51:58.811+0000][1][gc,age       ] GC(12) Desired survivor size 4456448 bytes, new threshold 2 (max threshold 6)
[2019-06-24T09:51:58.811+0000][1][gc,age       ] GC(12) Age table with threshold 2 (max threshold 6)
[2019-06-24T09:51:58.811+0000][1][gc,age       ] GC(12) - age   1:    4352504 bytes,    4352504 total
[2019-06-24T09:51:58.811+0000][1][gc,age       ] GC(12) - age   2:     344960 bytes,    4697464 total
[2019-06-24T09:51:58.811+0000][1][gc,age       ] GC(12) - age   3:      98944 bytes,    4796408 total
[2019-06-24T09:51:58.811+0000][1][gc,age       ] GC(12) - age   4:     293048 bytes,    5089456 total
[2019-06-24T09:51:58.811+0000][1][gc,age       ] GC(12) - age   5:     702192 bytes,    5791648 total
[2019-06-24T09:51:58.811+0000][1][gc,age       ] GC(12) - age   6:    1128912 bytes,    6920560 total
[2019-06-24T09:51:58.811+0000][1][gc,heap      ] GC(12) ParNew: 75627K->8481K(78656K)
[2019-06-24T09:51:58.811+0000][1][gc,heap      ] GC(12) CMS: 13994K->13994K(174784K)
[2019-06-24T09:51:58.811+0000][1][gc,metaspace ] GC(12) Metaspace: 26390K->26390K(1073152K)
[2019-06-24T09:51:58.811+0000][1][gc           ] GC(12) Pause Young (Allocation Failure) 87M->21M(247M) 7.219ms
[2019-06-24T09:51:58.811+0000][1][gc,cpu       ] GC(12) User=0.04s Sys=0.00s Real=0.00s
[2019-06-24T09:51:58.811+0000][1][safepoint    ] Leaving safepoint region
[2019-06-24T09:51:58.811+0000][1][safepoint    ] Total time for which application threads were stopped: 0.0073528 seconds, Stopping threads took: 0.0000175 seconds
[2019-06-24T09:51:59.433+0000][1][safepoint    ] Application time: 0.6219902 seconds
[2019-06-24T09:51:59.433+0000][1][safepoint    ] Entering safepoint region: GenCollectForAllocation
[2019-06-24T09:51:59.433+0000][1][gc,start     ] GC(13) Pause Young (Allocation Failure)
[2019-06-24T09:51:59.433+0000][1][gc,task      ] GC(13) Using 5 workers of 8 for evacuation
[2019-06-24T09:51:59.454+0000][1][gc,age       ] GC(13) Desired survivor size 4456448 bytes, new threshold 1 (max threshold 6)
[2019-06-24T09:51:59.454+0000][1][gc,age       ] GC(13) Age table with threshold 1 (max threshold 6)
[2019-06-24T09:51:59.454+0000][1][gc,age       ] GC(13) - age   1:    4752888 bytes,    4752888 total
[2019-06-24T09:51:59.454+0000][1][gc,age       ] GC(13) - age   2:    4159896 bytes,    8912784 total
[2019-06-24T09:51:59.454+0000][1][gc,heap      ] GC(13) ParNew: 78433K->8704K(78656K)
[2019-06-24T09:51:59.454+0000][1][gc,heap      ] GC(13) CMS: 13994K->25859K(174784K)
[2019-06-24T09:51:59.454+0000][1][gc,metaspace ] GC(13) Metaspace: 26881K->26881K(1075200K)
[2019-06-24T09:51:59.454+0000][1][gc           ] GC(13) Pause Young (Allocation Failure) 90M->33M(247M) 20.771ms
[2019-06-24T09:51:59.454+0000][1][gc,cpu       ] GC(13) User=0.14s Sys=0.00s Real=0.02s
[2019-06-24T09:51:59.454+0000][1][safepoint    ] Leaving safepoint region
[2019-06-24T09:51:59.454+0000][1][safepoint    ] Total time for which application threads were stopped: 0.0211559 seconds, Stopping threads took: 0.0000193 seconds
[2019-06-24T09:51:59.534+0000][1][safepoint    ] Application time: 0.0795949 seconds
[2019-06-24T09:51:59.534+0000][1][safepoint    ] Entering safepoint region: Deoptimize
[2019-06-24T09:51:59.534+0000][1][safepoint    ] Leaving safepoint region
[2019-06-24T09:51:59.534+0000][1][safepoint    ] Total time for which application threads were stopped: 0.0003618 seconds, Stopping threads took: 0.0000165 seconds
[2019-06-24T09:51:59.724+0000][1][safepoint    ] Application time: 0.1903494 seconds
[2019-06-24T09:51:59.724+0000][1][safepoint    ] Entering safepoint region: RevokeBias
[2019-06-24T09:51:59.724+0000][1][safepoint    ] Leaving safepoint region
[2019-06-24T09:51:59.724+0000][1][safepoint    ] Total time for which application threads were stopped: 0.0000909 seconds, Stopping threads took: 0.0000170 seconds
[2019-06-24T09:51:59.895+0000][1][safepoint    ] Application time: 0.1700730 seconds
[2019-06-24T09:51:59.895+0000][1][safepoint    ] Entering safepoint region: GenCollectForAllocation
[2019-06-24T09:51:59.895+0000][1][gc,start     ] GC(14) Pause Young (Allocation Failure)
[2019-06-24T09:51:59.895+0000][1][gc,task      ] GC(14) Using 5 workers of 8 for evacuation
[2019-06-24T09:51:59.920+0000][1][gc,age       ] GC(14) Desired survivor size 4456448 bytes, new threshold 1 (max threshold 6)
[2019-06-24T09:51:59.920+0000][1][gc,age       ] GC(14) Age table with threshold 1 (max threshold 6)
[2019-06-24T09:51:59.920+0000][1][gc,age       ] GC(14) - age   1:    8912728 bytes,    8912728 total
[2019-06-24T09:51:59.920+0000][1][gc,heap      ] GC(14) ParNew: 78656K->8704K(78656K)
[2019-06-24T09:51:59.920+0000][1][gc,heap      ] GC(14) CMS: 25859K->39236K(174784K)
[2019-06-24T09:51:59.920+0000][1][gc,metaspace ] GC(14) Metaspace: 27018K->27018K(1075200K)
[2019-06-24T09:51:59.920+0000][1][gc           ] GC(14) Pause Young (Allocation Failure) 102M->46M(247M) 24.905ms
[2019-06-24T09:51:59.920+0000][1][gc,cpu       ] GC(14) User=0.18s Sys=0.00s Real=0.02s
[2019-06-24T09:51:59.920+0000][1][safepoint    ] Leaving safepoint region
[2019-06-24T09:51:59.920+0000][1][safepoint    ] Total time for which application threads were stopped: 0.0250892 seconds, Stopping threads took: 0.0000236 seconds
[2019-06-24T09:52:00.459+0000][1][safepoint    ] Application time: 0.5390790 seconds
[2019-06-24T09:52:00.459+0000][1][safepoint    ] Entering safepoint region: GenCollectForAllocation
[2019-06-24T09:52:00.459+0000][1][gc,start     ] GC(15) Pause Young (Allocation Failure)
[2019-06-24T09:52:00.459+0000][1][gc,task      ] GC(15) Using 5 workers of 8 for evacuation
[2019-06-24T09:52:00.477+0000][1][gc,age       ] GC(15) Desired survivor size 4456448 bytes, new threshold 1 (max threshold 6)
[2019-06-24T09:52:00.477+0000][1][gc,age       ] GC(15) Age table with threshold 1 (max threshold 6)
[2019-06-24T09:52:00.477+0000][1][gc,age       ] GC(15) - age   1:    6299856 bytes,    6299856 total
[2019-06-24T09:52:00.477+0000][1][gc,heap      ] GC(15) ParNew: 78656K->8704K(78656K)
[2019-06-24T09:52:00.477+0000][1][gc,heap      ] GC(15) CMS: 39236K->49359K(174784K)
[2019-06-24T09:52:00.477+0000][1][gc,metaspace ] GC(15) Metaspace: 32249K->32249K(1079296K)
[2019-06-24T09:52:00.477+0000][1][gc           ] GC(15) Pause Young (Allocation Failure) 115M->56M(247M) 17.630ms
[2019-06-24T09:52:00.477+0000][1][gc,cpu       ] GC(15) User=0.13s Sys=0.00s Real=0.02s
[2019-06-24T09:52:00.477+0000][1][safepoint    ] Leaving safepoint region
[2019-06-24T09:52:00.477+0000][1][safepoint    ] Total time for which application threads were stopped: 0.0178363 seconds, Stopping threads took: 0.0000177 seconds
[2019-06-24T09:52:00.589+0000][1][safepoint    ] Application time: 0.1127772 seconds
[2019-06-24T09:52:00.590+0000][1][safepoint    ] Entering safepoint region: GenCollectForAllocation
[2019-06-24T09:52:00.590+0000][1][gc,start     ] GC(16) Pause Young (Allocation Failure)
[2019-06-24T09:52:00.590+0000][1][gc,task      ] GC(16) Using 5 workers of 8 for evacuation
[2019-06-24T09:52:00.598+0000][1][gc,age       ] GC(16) Desired survivor size 4456448 bytes, new threshold 6 (max threshold 6)
[2019-06-24T09:52:00.598+0000][1][gc,age       ] GC(16) Age table with threshold 6 (max threshold 6)
[2019-06-24T09:52:00.598+0000][1][gc,age       ] GC(16) - age   1:     311320 bytes,     311320 total
[2019-06-24T09:52:00.598+0000][1][gc,heap      ] GC(16) ParNew: 78656K->6745K(78656K)
[2019-06-24T09:52:00.598+0000][1][gc,heap      ] GC(16) CMS: 49359K->55490K(174784K)
[2019-06-24T09:52:00.598+0000][1][gc,metaspace ] GC(16) Metaspace: 32791K->32791K(1079296K)
[2019-06-24T09:52:00.598+0000][1][gc           ] GC(16) Pause Young (Allocation Failure) 125M->60M(247M) 8.160ms
[2019-06-24T09:52:00.598+0000][1][gc,cpu       ] GC(16) User=0.06s Sys=0.00s Real=0.01s
[2019-06-24T09:52:00.598+0000][1][safepoint    ] Leaving safepoint region
[2019-06-24T09:52:00.598+0000][1][safepoint    ] Total time for which application threads were stopped: 0.0083447 seconds, Stopping threads took: 0.0000368 seconds
[2019-06-24T09:52:00.875+0000][1][safepoint    ] Application time: 0.2767751 seconds
[2019-06-24T09:52:00.875+0000][1][safepoint    ] Entering safepoint region: CollectForMetadataAllocation
[2019-06-24T09:52:00.875+0000][1][safepoint    ] Leaving safepoint region
[2019-06-24T09:52:00.875+0000][1][safepoint    ] Total time for which application threads were stopped: 0.0002689 seconds, Stopping threads took: 0.0000309 seconds
[2019-06-24T09:52:00.898+0000][1][safepoint    ] Application time: 0.0234168 seconds
[2019-06-24T09:52:00.898+0000][1][safepoint    ] Entering safepoint region: CollectForMetadataAllocation
[2019-06-24T09:52:00.899+0000][1][safepoint    ] Leaving safepoint region
[2019-06-24T09:52:00.899+0000][1][safepoint    ] Total time for which application threads were stopped: 0.0002186 seconds, Stopping threads took: 0.0000229 seconds
[2019-06-24T09:52:00.922+0000][1][safepoint    ] Application time: 0.0231560 seconds
[2019-06-24T09:52:00.922+0000][1][safepoint    ] Entering safepoint region: CollectForMetadataAllocation
[2019-06-24T09:52:00.922+0000][1][safepoint    ] Leaving safepoint region
[2019-06-24T09:52:00.922+0000][1][safepoint    ] Total time for which application threads were stopped: 0.0002057 seconds, Stopping threads took: 0.0000171 seconds
[2019-06-24T09:52:00.936+0000][1][safepoint    ] Application time: 0.0141102 seconds
[2019-06-24T09:52:00.936+0000][1][safepoint    ] Entering safepoint region: CollectForMetadataAllocation
[2019-06-24T09:52:00.936+0000][1][safepoint    ] Leaving safepoint region
[2019-06-24T09:52:00.936+0000][1][safepoint    ] Total time for which application threads were stopped: 0.0001951 seconds, Stopping threads took: 0.0000156 seconds
[2019-06-24T09:52:00.951+0000][1][safepoint    ] Application time: 0.0145804 seconds
[2019-06-24T09:52:00.951+0000][1][safepoint    ] Entering safepoint region: CollectForMetadataAllocation
[2019-06-24T09:52:00.951+0000][1][safepoint    ] Leaving safepoint region
[2019-06-24T09:52:00.951+0000][1][safepoint    ] Total time for which application threads were stopped: 0.0001970 seconds, Stopping threads took: 0.0000161 seconds
[2019-06-24T09:52:00.973+0000][1][safepoint    ] Application time: 0.0217813 seconds
[2019-06-24T09:52:00.973+0000][1][safepoint    ] Entering safepoint region: CollectForMetadataAllocation
[2019-06-24T09:52:00.973+0000][1][safepoint    ] Leaving safepoint region
[2019-06-24T09:52:00.973+0000][1][safepoint    ] Total time for which application threads were stopped: 0.0002086 seconds, Stopping threads took: 0.0000359 seconds
[2019-06-24T09:52:00.983+0000][1][safepoint    ] Application time: 0.0093227 seconds
[2019-06-24T09:52:00.983+0000][1][safepoint    ] Entering safepoint region: RevokeBias
[2019-06-24T09:52:00.983+0000][1][safepoint    ] Leaving safepoint region
[2019-06-24T09:52:00.983+0000][1][safepoint    ] Total time for which application threads were stopped: 0.0001821 seconds, Stopping threads took: 0.0000412 seconds
[2019-06-24T09:52:01.012+0000][1][safepoint    ] Application time: 0.0290432 seconds
[2019-06-24T09:52:01.012+0000][1][safepoint    ] Entering safepoint region: RevokeBias
[2019-06-24T09:52:01.012+0000][1][safepoint    ] Leaving safepoint region
[2019-06-24T09:52:01.012+0000][1][safepoint    ] Total time for which application threads were stopped: 0.0001474 seconds, Stopping threads took: 0.0000405 seconds
[2019-06-24T09:52:01.016+0000][1][safepoint    ] Application time: 0.0035759 seconds
[2019-06-24T09:52:01.016+0000][1][safepoint    ] Entering safepoint region: CollectForMetadataAllocation
[2019-06-24T09:52:01.016+0000][1][safepoint    ] Leaving safepoint region
[2019-06-24T09:52:01.016+0000][1][safepoint    ] Total time for which application threads were stopped: 0.0001414 seconds, Stopping threads took: 0.0000181 seconds
[2019-06-24T09:52:01.033+0000][1][safepoint    ] Application time: 0.0167647 seconds
[2019-06-24T09:52:01.033+0000][1][safepoint    ] Entering safepoint region: CollectForMetadataAllocation
[2019-06-24T09:52:01.033+0000][1][safepoint    ] Leaving safepoint region
[2019-06-24T09:52:01.033+0000][1][safepoint    ] Total time for which application threads were stopped: 0.0002017 seconds, Stopping threads took: 0.0000174 seconds
[2019-06-24T09:52:01.048+0000][1][safepoint    ] Application time: 0.0149070 seconds
[2019-06-24T09:52:01.048+0000][1][safepoint    ] Entering safepoint region: CollectForMetadataAllocation
[2019-06-24T09:52:01.048+0000][1][safepoint    ] Leaving safepoint region
[2019-06-24T09:52:01.048+0000][1][safepoint    ] Total time for which application threads were stopped: 0.0001787 seconds, Stopping threads took: 0.0000180 seconds
[2019-06-24T09:52:01.069+0000][1][safepoint    ] Application time: 0.0206164 seconds
[2019-06-24T09:52:01.069+0000][1][safepoint    ] Entering safepoint region: CollectForMetadataAllocation
[2019-06-24T09:52:01.069+0000][1][safepoint    ] Leaving safepoint region
[2019-06-24T09:52:01.069+0000][1][safepoint    ] Total time for which application threads were stopped: 0.0001246 seconds, Stopping threads took: 0.0000157 seconds
[2019-06-24T09:52:01.084+0000][1][safepoint    ] Application time: 0.0146599 seconds
[2019-06-24T09:52:01.084+0000][1][safepoint    ] Entering safepoint region: CollectForMetadataAllocation
[2019-06-24T09:52:01.084+0000][1][safepoint    ] Leaving safepoint region
[2019-06-24T09:52:01.084+0000][1][safepoint    ] Total time for which application threads were stopped: 0.0001694 seconds, Stopping threads took: 0.0000174 seconds
[2019-06-24T09:52:01.103+0000][1][safepoint    ] Application time: 0.0188214 seconds
[2019-06-24T09:52:01.103+0000][1][safepoint    ] Entering safepoint region: CollectForMetadataAllocation
[2019-06-24T09:52:01.103+0000][1][safepoint    ] Leaving safepoint region
[2019-06-24T09:52:01.103+0000][1][safepoint    ] Total time for which application threads were stopped: 0.0001570 seconds, Stopping threads took: 0.0000168 seconds
[2019-06-24T09:52:01.129+0000][1][safepoint    ] Application time: 0.0263434 seconds
[2019-06-24T09:52:01.129+0000][1][safepoint    ] Entering safepoint region: CollectForMetadataAllocation
[2019-06-24T09:52:01.129+0000][1][safepoint    ] Leaving safepoint region
[2019-06-24T09:52:01.129+0000][1][safepoint    ] Total time for which application threads were stopped: 0.0001688 seconds, Stopping threads took: 0.0000309 seconds
[2019-06-24T09:52:01.148+0000][1][safepoint    ] Application time: 0.0190421 seconds
[2019-06-24T09:52:01.148+0000][1][safepoint    ] Entering safepoint region: CollectForMetadataAllocation
[2019-06-24T09:52:01.149+0000][1][safepoint    ] Leaving safepoint region
[2019-06-24T09:52:01.149+0000][1][safepoint    ] Total time for which application threads were stopped: 0.0002172 seconds, Stopping threads took: 0.0000159 seconds
[2019-06-24T09:52:01.166+0000][1][safepoint    ] Application time: 0.0176141 seconds
[2019-06-24T09:52:01.166+0000][1][safepoint    ] Entering safepoint region: CollectForMetadataAllocation
[2019-06-24T09:52:01.167+0000][1][safepoint    ] Leaving safepoint region
[2019-06-24T09:52:01.167+0000][1][safepoint    ] Total time for which application threads were stopped: 0.0002388 seconds, Stopping threads took: 0.0000175 seconds
[2019-06-24T09:52:01.184+0000][1][safepoint    ] Application time: 0.0171717 seconds
[2019-06-24T09:52:01.184+0000][1][safepoint    ] Entering safepoint region: CollectForMetadataAllocation
[2019-06-24T09:52:01.184+0000][1][safepoint    ] Leaving safepoint region
[2019-06-24T09:52:01.184+0000][1][safepoint    ] Total time for which application threads were stopped: 0.0001544 seconds, Stopping threads took: 0.0000181 seconds
[2019-06-24T09:52:01.200+0000][1][safepoint    ] Application time: 0.0159257 seconds
[2019-06-24T09:52:01.200+0000][1][safepoint    ] Entering safepoint region: CollectForMetadataAllocation
[2019-06-24T09:52:01.200+0000][1][safepoint    ] Leaving safepoint region
[2019-06-24T09:52:01.200+0000][1][safepoint    ] Total time for which application threads were stopped: 0.0001904 seconds, Stopping threads took: 0.0000173 seconds
[2019-06-24T09:52:01.221+0000][1][safepoint    ] Application time: 0.0206009 seconds
[2019-06-24T09:52:01.221+0000][1][safepoint    ] Entering safepoint region: CollectForMetadataAllocation
[2019-06-24T09:52:01.221+0000][1][safepoint    ] Leaving safepoint region
[2019-06-24T09:52:01.221+0000][1][safepoint    ] Total time for which application threads were stopped: 0.0002150 seconds, Stopping threads took: 0.0000172 seconds
[2019-06-24T09:52:01.252+0000][1][safepoint    ] Application time: 0.0311548 seconds
[2019-06-24T09:52:01.252+0000][1][safepoint    ] Entering safepoint region: CollectForMetadataAllocation
[2019-06-24T09:52:01.252+0000][1][safepoint    ] Leaving safepoint region
[2019-06-24T09:52:01.252+0000][1][safepoint    ] Total time for which application threads were stopped: 0.0001416 seconds, Stopping threads took: 0.0000166 seconds
[2019-06-24T09:52:01.270+0000][1][safepoint    ] Application time: 0.0173406 seconds
[2019-06-24T09:52:01.270+0000][1][safepoint    ] Entering safepoint region: CollectForMetadataAllocation
[2019-06-24T09:52:01.270+0000][1][safepoint    ] Leaving safepoint region
[2019-06-24T09:52:01.270+0000][1][safepoint    ] Total time for which application threads were stopped: 0.0002037 seconds, Stopping threads took: 0.0000207 seconds
[2019-06-24T09:52:01.298+0000][1][safepoint    ] Application time: 0.0276683 seconds
[2019-06-24T09:52:01.298+0000][1][safepoint    ] Entering safepoint region: CollectForMetadataAllocation
[2019-06-24T09:52:01.298+0000][1][safepoint    ] Leaving safepoint region
[2019-06-24T09:52:01.298+0000][1][safepoint    ] Total time for which application threads were stopped: 0.0001939 seconds, Stopping threads took: 0.0000172 seconds
[2019-06-24T09:52:01.314+0000][1][safepoint    ] Application time: 0.0164802 seconds
[2019-06-24T09:52:01.314+0000][1][safepoint    ] Entering safepoint region: CollectForMetadataAllocation
[2019-06-24T09:52:01.315+0000][1][safepoint    ] Leaving safepoint region
[2019-06-24T09:52:01.315+0000][1][safepoint    ] Total time for which application threads were stopped: 0.0002473 seconds, Stopping threads took: 0.0000332 seconds
[2019-06-24T09:52:01.332+0000][1][safepoint    ] Application time: 0.0175905 seconds
[2019-06-24T09:52:01.332+0000][1][safepoint    ] Entering safepoint region: CollectForMetadataAllocation
[2019-06-24T09:52:01.332+0000][1][safepoint    ] Leaving safepoint region
[2019-06-24T09:52:01.332+0000][1][safepoint    ] Total time for which application threads were stopped: 0.0002010 seconds, Stopping threads took: 0.0000171 seconds
[2019-06-24T09:52:01.337+0000][1][safepoint    ] Application time: 0.0040898 seconds
[2019-06-24T09:52:01.337+0000][1][safepoint    ] Entering safepoint region: RevokeBias
[2019-06-24T09:52:01.337+0000][1][safepoint    ] Leaving safepoint region
[2019-06-24T09:52:01.337+0000][1][safepoint    ] Total time for which application threads were stopped: 0.0001034 seconds, Stopping threads took: 0.0000415 seconds
[2019-06-24T09:52:01.349+0000][1][safepoint    ] Application time: 0.0125091 seconds
[2019-06-24T09:52:01.349+0000][1][safepoint    ] Entering safepoint region: CollectForMetadataAllocation
[2019-06-24T09:52:01.349+0000][1][safepoint    ] Leaving safepoint region
[2019-06-24T09:52:01.349+0000][1][safepoint    ] Total time for which application threads were stopped: 0.0002124 seconds, Stopping threads took: 0.0000167 seconds
[2019-06-24T09:52:01.813+0000][1][safepoint    ] Application time: 0.4640091 seconds
[2019-06-24T09:52:01.813+0000][1][safepoint    ] Entering safepoint region: CollectForMetadataAllocation
[2019-06-24T09:52:01.814+0000][1][safepoint    ] Leaving safepoint region
[2019-06-24T09:52:01.814+0000][1][safepoint    ] Total time for which application threads were stopped: 0.0001215 seconds, Stopping threads took: 0.0000093 seconds
[2019-06-24T09:52:01.974+0000][1][safepoint    ] Application time: 0.1606596 seconds
[2019-06-24T09:52:01.974+0000][1][safepoint    ] Entering safepoint region: GenCollectForAllocation
[2019-06-24T09:52:01.974+0000][1][gc,start     ] GC(17) Pause Young (Allocation Failure)
[2019-06-24T09:52:01.974+0000][1][gc,task      ] GC(17) Using 5 workers of 8 for evacuation
[2019-06-24T09:52:01.978+0000][1][gc,age       ] GC(17) Desired survivor size 4456448 bytes, new threshold 6 (max threshold 6)
[2019-06-24T09:52:01.978+0000][1][gc,age       ] GC(17) Age table with threshold 6 (max threshold 6)
[2019-06-24T09:52:01.978+0000][1][gc,age       ] GC(17) - age   1:    3972496 bytes,    3972496 total
[2019-06-24T09:52:01.978+0000][1][gc,age       ] GC(17) - age   2:     271864 bytes,    4244360 total
[2019-06-24T09:52:01.978+0000][1][gc,heap      ] GC(17) ParNew: 76697K->4881K(78656K)
[2019-06-24T09:52:01.978+0000][1][gc,heap      ] GC(17) CMS: 55490K->55490K(174784K)
[2019-06-24T09:52:01.978+0000][1][gc,metaspace ] GC(17) Metaspace: 42241K->42241K(1087488K)
[2019-06-24T09:52:01.978+0000][1][gc           ] GC(17) Pause Young (Allocation Failure) 129M->58M(247M) 4.117ms
[2019-06-24T09:52:01.978+0000][1][gc,cpu       ] GC(17) User=0.03s Sys=0.00s Real=0.01s
[2019-06-24T09:52:01.979+0000][1][safepoint    ] Leaving safepoint region
[2019-06-24T09:52:01.979+0000][1][safepoint    ] Total time for which application threads were stopped: 0.0042329 seconds, Stopping threads took: 0.0000109 seconds
[2019-06-24T09:52:01.979+0000][1][safepoint    ] Application time: 0.0001608 seconds
[2019-06-24T09:52:01.979+0000][1][safepoint    ] Entering safepoint region: CMS_Initial_Mark
[2019-06-24T09:52:01.979+0000][1][gc,start     ] GC(18) Pause Initial Mark
[2019-06-24T09:52:01.980+0000][1][gc           ] GC(18) Pause Initial Mark 60M->60M(247M) 1.057ms
[2019-06-24T09:52:01.980+0000][1][gc,cpu       ] GC(18) User=0.00s Sys=0.00s Real=0.00s
[2019-06-24T09:52:01.980+0000][1][safepoint    ] Leaving safepoint region
[2019-06-24T09:52:01.980+0000][1][safepoint    ] Total time for which application threads were stopped: 0.0012343 seconds, Stopping threads took: 0.0001122 seconds
[2019-06-24T09:52:01.980+0000][1][gc           ] GC(18) Concurrent Mark
[2019-06-24T09:52:01.980+0000][1][gc,task      ] GC(18) Using 2 workers of 2 for marking
[2019-06-24T09:52:01.982+0000][1][safepoint    ] Application time: 0.0021125 seconds
[2019-06-24T09:52:01.982+0000][1][safepoint    ] Entering safepoint region: CollectForMetadataAllocation
[2019-06-24T09:52:01.982+0000][1][safepoint    ] Leaving safepoint region
[2019-06-24T09:52:01.982+0000][1][safepoint    ] Total time for which application threads were stopped: 0.0001261 seconds, Stopping threads took: 0.0000099 seconds
[2019-06-24T09:52:02.004+0000][1][safepoint    ] Application time: 0.0219480 seconds
[2019-06-24T09:52:02.004+0000][1][safepoint    ] Entering safepoint region: CollectForMetadataAllocation
[2019-06-24T09:52:02.004+0000][1][safepoint    ] Leaving safepoint region
[2019-06-24T09:52:02.004+0000][1][safepoint    ] Total time for which application threads were stopped: 0.0001732 seconds, Stopping threads took: 0.0000349 seconds
[2019-06-24T09:52:02.028+0000][1][gc           ] GC(18) Concurrent Mark 47.595ms
[2019-06-24T09:52:02.028+0000][1][gc,cpu       ] GC(18) User=0.23s Sys=0.01s Real=0.05s
[2019-06-24T09:52:02.028+0000][1][gc           ] GC(18) Concurrent Preclean
[2019-06-24T09:52:02.030+0000][1][gc           ] GC(18) Concurrent Preclean 1.922ms
[2019-06-24T09:52:02.030+0000][1][gc,cpu       ] GC(18) User=0.01s Sys=0.00s Real=0.00s
[2019-06-24T09:52:02.030+0000][1][gc           ] GC(18) Concurrent Abortable Preclean
[2019-06-24T09:52:02.192+0000][1][safepoint    ] Application time: 0.1875204 seconds
[2019-06-24T09:52:02.192+0000][1][safepoint    ] Entering safepoint region: CollectForMetadataAllocation
[2019-06-24T09:52:02.192+0000][1][safepoint    ] Leaving safepoint region
[2019-06-24T09:52:02.192+0000][1][safepoint    ] Total time for which application threads were stopped: 0.0002290 seconds, Stopping threads took: 0.0000174 seconds
[2019-06-24T09:52:02.212+0000][1][safepoint    ] Application time: 0.0198053 seconds
[2019-06-24T09:52:02.212+0000][1][safepoint    ] Entering safepoint region: CollectForMetadataAllocation
[2019-06-24T09:52:02.212+0000][1][safepoint    ] Leaving safepoint region
[2019-06-24T09:52:02.212+0000][1][safepoint    ] Total time for which application threads were stopped: 0.0001937 seconds, Stopping threads took: 0.0000164 seconds
[2019-06-24T09:52:02.223+0000][1][safepoint    ] Application time: 0.0111847 seconds
[2019-06-24T09:52:02.223+0000][1][safepoint    ] Entering safepoint region: CollectForMetadataAllocation
[2019-06-24T09:52:02.224+0000][1][safepoint    ] Leaving safepoint region
[2019-06-24T09:52:02.224+0000][1][safepoint    ] Total time for which application threads were stopped: 0.0001961 seconds, Stopping threads took: 0.0000159 seconds
[2019-06-24T09:52:02.250+0000][1][safepoint    ] Application time: 0.0259630 seconds
[2019-06-24T09:52:02.250+0000][1][safepoint    ] Entering safepoint region: CollectForMetadataAllocation
[2019-06-24T09:52:02.250+0000][1][safepoint    ] Leaving safepoint region
[2019-06-24T09:52:02.250+0000][1][safepoint    ] Total time for which application threads were stopped: 0.0001898 seconds, Stopping threads took: 0.0000158 seconds
[2019-06-24T09:52:02.273+0000][1][safepoint    ] Application time: 0.0232265 seconds
[2019-06-24T09:52:02.273+0000][1][safepoint    ] Entering safepoint region: Deoptimize
[2019-06-24T09:52:02.274+0000][1][safepoint    ] Leaving safepoint region
[2019-06-24T09:52:02.274+0000][1][safepoint    ] Total time for which application threads were stopped: 0.0004177 seconds, Stopping threads took: 0.0000159 seconds
[2019-06-24T09:52:02.281+0000][1][safepoint    ] Application time: 0.0072412 seconds
[2019-06-24T09:52:02.281+0000][1][safepoint    ] Entering safepoint region: RevokeBias
[2019-06-24T09:52:02.281+0000][1][safepoint    ] Leaving safepoint region
[2019-06-24T09:52:02.281+0000][1][safepoint    ] Total time for which application threads were stopped: 0.0000891 seconds, Stopping threads took: 0.0000155 seconds
[2019-06-24T09:52:02.281+0000][1][gc           ] GC(18) Concurrent Abortable Preclean 251.255ms
[2019-06-24T09:52:02.281+0000][1][gc,cpu       ] GC(18) User=1.16s Sys=0.02s Real=0.25s
[2019-06-24T09:52:02.281+0000][1][safepoint    ] Application time: 0.0000970 seconds
[2019-06-24T09:52:02.281+0000][1][safepoint    ] Entering safepoint region: CMS_Final_Remark
[2019-06-24T09:52:02.281+0000][1][gc,start     ] GC(18) Pause Remark
[2019-06-24T09:52:02.297+0000][1][gc           ] GC(18) Pause Remark 95M->95M(247M) 15.552ms
[2019-06-24T09:52:02.297+0000][1][gc,cpu       ] GC(18) User=0.07s Sys=0.00s Real=0.02s
[2019-06-24T09:52:02.297+0000][1][safepoint    ] Leaving safepoint region
[2019-06-24T09:52:02.297+0000][1][safepoint    ] Total time for which application threads were stopped: 0.0156867 seconds, Stopping threads took: 0.0000278 seconds
[2019-06-24T09:52:02.297+0000][1][gc           ] GC(18) Concurrent Sweep
[2019-06-24T09:52:02.299+0000][1][safepoint    ] Application time: 0.0025562 seconds
[2019-06-24T09:52:02.300+0000][1][safepoint    ] Entering safepoint region: RevokeBias
[2019-06-24T09:52:02.301+0000][1][safepoint    ] Leaving safepoint region
[2019-06-24T09:52:02.301+0000][1][safepoint    ] Total time for which application threads were stopped: 0.0013517 seconds, Stopping threads took: 0.0007672 seconds
[2019-06-24T09:52:02.307+0000][1][safepoint    ] Application time: 0.0064331 seconds
[2019-06-24T09:52:02.307+0000][1][safepoint    ] Entering safepoint region: CollectForMetadataAllocation
[2019-06-24T09:52:02.307+0000][1][safepoint    ] Leaving safepoint region
[2019-06-24T09:52:02.307+0000][1][safepoint    ] Total time for which application threads were stopped: 0.0001718 seconds, Stopping threads took: 0.0000195 seconds
[2019-06-24T09:52:02.322+0000][1][safepoint    ] Application time: 0.0143063 seconds
[2019-06-24T09:52:02.322+0000][1][safepoint    ] Entering safepoint region: CollectForMetadataAllocation
[2019-06-24T09:52:02.322+0000][1][safepoint    ] Leaving safepoint region
[2019-06-24T09:52:02.322+0000][1][safepoint    ] Total time for which application threads were stopped: 0.0002155 seconds, Stopping threads took: 0.0000194 seconds
[2019-06-24T09:52:02.335+0000][1][gc           ] GC(18) Concurrent Sweep 37.895ms
[2019-06-24T09:52:02.335+0000][1][gc,cpu       ] GC(18) User=0.19s Sys=0.00s Real=0.04s
[2019-06-24T09:52:02.335+0000][1][gc           ] GC(18) Concurrent Reset
[2019-06-24T09:52:02.335+0000][1][gc           ] GC(18) Concurrent Reset 0.357ms
[2019-06-24T09:52:02.335+0000][1][gc,cpu       ] GC(18) User=0.00s Sys=0.00s Real=0.00s
[2019-06-24T09:52:02.335+0000][1][gc,heap      ] GC(18) Old: 55490K->55274K(174784K)
[2019-06-24T09:52:02.343+0000][1][safepoint    ] Application time: 0.0209235 seconds
[2019-06-24T09:52:02.343+0000][1][safepoint    ] Entering safepoint region: RevokeBias
[2019-06-24T09:52:02.343+0000][1][safepoint    ] Leaving safepoint region
[2019-06-24T09:52:02.343+0000][1][safepoint    ] Total time for which application threads were stopped: 0.0000962 seconds, Stopping threads took: 0.0000174 seconds
[2019-06-24T09:52:02.375+0000][1][safepoint    ] Application time: 0.0315800 seconds
[2019-06-24T09:52:02.375+0000][1][safepoint    ] Entering safepoint region: RevokeBias
[2019-06-24T09:52:02.375+0000][1][safepoint    ] Leaving safepoint region
[2019-06-24T09:52:02.375+0000][1][safepoint    ] Total time for which application threads were stopped: 0.0000781 seconds, Stopping threads took: 0.0000155 seconds
[2019-06-24T09:52:02.379+0000][1][safepoint    ] Application time: 0.0046912 seconds
[2019-06-24T09:52:02.380+0000][1][safepoint    ] Entering safepoint region: RevokeBias
[2019-06-24T09:52:02.380+0000][1][safepoint    ] Leaving safepoint region
[2019-06-24T09:52:02.380+0000][1][safepoint    ] Total time for which application threads were stopped: 0.0001559 seconds, Stopping threads took: 0.0000927 seconds
[2019-06-24T09:52:02.508+0000][1][safepoint    ] Application time: 0.1285711 seconds
[2019-06-24T09:52:02.508+0000][1][safepoint    ] Entering safepoint region: RevokeBias
[2019-06-24T09:52:02.509+0000][1][safepoint    ] Leaving safepoint region
[2019-06-24T09:52:02.509+0000][1][safepoint    ] Total time for which application threads were stopped: 0.0005427 seconds, Stopping threads took: 0.0000373 seconds
[2019-06-24T09:52:02.509+0000][1][safepoint    ] Application time: 0.0000880 seconds
[2019-06-24T09:52:02.509+0000][1][safepoint    ] Entering safepoint region: RevokeBias
[2019-06-24T09:52:02.509+0000][1][safepoint    ] Leaving safepoint region
[2019-06-24T09:52:02.509+0000][1][safepoint    ] Total time for which application threads were stopped: 0.0000788 seconds, Stopping threads took: 0.0000128 seconds
[2019-06-24T09:52:02.509+0000][1][safepoint    ] Application time: 0.0002282 seconds
[2019-06-24T09:52:02.509+0000][1][safepoint    ] Entering safepoint region: RevokeBias
[2019-06-24T09:52:02.510+0000][1][safepoint    ] Leaving safepoint region
[2019-06-24T09:52:02.510+0000][1][safepoint    ] Total time for which application threads were stopped: 0.0003451 seconds, Stopping threads took: 0.0002950 seconds
[2019-06-24T09:52:02.510+0000][1][safepoint    ] Application time: 0.0000837 seconds
[2019-06-24T09:52:02.510+0000][1][safepoint    ] Entering safepoint region: RevokeBias
[2019-06-24T09:52:02.510+0000][1][safepoint    ] Leaving safepoint region
[2019-06-24T09:52:02.510+0000][1][safepoint    ] Total time for which application threads were stopped: 0.0002784 seconds, Stopping threads took: 0.0002470 seconds
[2019-06-24T09:52:02.564+0000][1][safepoint    ] Application time: 0.0544874 seconds
[2019-06-24T09:52:02.564+0000][1][safepoint    ] Entering safepoint region: RevokeBias
[2019-06-24T09:52:02.565+0000][1][safepoint    ] Leaving safepoint region
[2019-06-24T09:52:02.565+0000][1][safepoint    ] Total time for which application threads were stopped: 0.0000842 seconds, Stopping threads took: 0.0000155 seconds
[2019-06-24T09:52:02.565+0000][1][safepoint    ] Application time: 0.0000721 seconds
[2019-06-24T09:52:02.565+0000][1][safepoint    ] Entering safepoint region: RevokeBias
[2019-06-24T09:52:02.565+0000][1][safepoint    ] Leaving safepoint region
[2019-06-24T09:52:02.565+0000][1][safepoint    ] Total time for which application threads were stopped: 0.0002575 seconds, Stopping threads took: 0.0002120 seconds
[2019-06-24T09:52:02.565+0000][1][safepoint    ] Application time: 0.0000482 seconds
[2019-06-24T09:52:02.565+0000][1][safepoint    ] Entering safepoint region: RevokeBias
[2019-06-24T09:52:02.565+0000][1][safepoint    ] Leaving safepoint region
[2019-06-24T09:52:02.565+0000][1][safepoint    ] Total time for which application threads were stopped: 0.0001187 seconds, Stopping threads took: 0.0000800 seconds
[2019-06-24T09:52:02.565+0000][1][safepoint    ] Application time: 0.0002810 seconds
[2019-06-24T09:52:02.565+0000][1][safepoint    ] Entering safepoint region: RevokeBias
[2019-06-24T09:52:02.565+0000][1][safepoint    ] Leaving safepoint region
[2019-06-24T09:52:02.565+0000][1][safepoint    ] Total time for which application threads were stopped: 0.0000563 seconds, Stopping threads took: 0.0000130 seconds
[2019-06-24T09:52:02.566+0000][1][safepoint    ] Application time: 0.0001977 seconds
[2019-06-24T09:52:02.566+0000][1][safepoint    ] Entering safepoint region: RevokeBias
[2019-06-24T09:52:02.566+0000][1][safepoint    ] Leaving safepoint region
[2019-06-24T09:52:02.566+0000][1][safepoint    ] Total time for which application threads were stopped: 0.0000574 seconds, Stopping threads took: 0.0000261 seconds
[2019-06-24T09:52:02.566+0000][1][safepoint    ] Application time: 0.0003334 seconds
[2019-06-24T09:52:02.566+0000][1][safepoint    ] Entering safepoint region: RevokeBias
[2019-06-24T09:52:02.566+0000][1][safepoint    ] Leaving safepoint region
[2019-06-24T09:52:02.566+0000][1][safepoint    ] Total time for which application threads were stopped: 0.0001089 seconds, Stopping threads took: 0.0000591 seconds
[2019-06-24T09:52:02.566+0000][1][safepoint    ] Application time: 0.0001415 seconds
[2019-06-24T09:52:02.566+0000][1][safepoint    ] Entering safepoint region: RevokeBias
[2019-06-24T09:52:02.567+0000][1][safepoint    ] Leaving safepoint region
[2019-06-24T09:52:02.567+0000][1][safepoint    ] Total time for which application threads were stopped: 0.0002280 seconds, Stopping threads took: 0.0001847 seconds
[2019-06-24T09:52:02.567+0000][1][safepoint    ] Application time: 0.0000415 seconds
[2019-06-24T09:52:02.567+0000][1][safepoint    ] Entering safepoint region: RevokeBias
[2019-06-24T09:52:02.567+0000][1][safepoint    ] Leaving safepoint region
[2019-06-24T09:52:02.567+0000][1][safepoint    ] Total time for which application threads were stopped: 0.0001672 seconds, Stopping threads took: 0.0001386 seconds
[2019-06-24T09:52:02.567+0000][1][safepoint    ] Application time: 0.0000733 seconds
[2019-06-24T09:52:02.567+0000][1][safepoint    ] Entering safepoint region: RevokeBias
[2019-06-24T09:52:02.567+0000][1][safepoint    ] Leaving safepoint region
[2019-06-24T09:52:02.567+0000][1][safepoint    ] Total time for which application threads were stopped: 0.0000987 seconds, Stopping threads took: 0.0000527 seconds
[2019-06-24T09:52:02.567+0000][1][safepoint    ] Application time: 0.0000389 seconds
[2019-06-24T09:52:02.567+0000][1][safepoint    ] Entering safepoint region: RevokeBias
[2019-06-24T09:52:02.567+0000][1][safepoint    ] Leaving safepoint region
[2019-06-24T09:52:02.567+0000][1][safepoint    ] Total time for which application threads were stopped: 0.0000608 seconds, Stopping threads took: 0.0000325 seconds
[2019-06-24T09:52:02.567+0000][1][safepoint    ] Application time: 0.0000474 seconds
[2019-06-24T09:52:02.567+0000][1][safepoint    ] Entering safepoint region: RevokeBias
[2019-06-24T09:52:02.567+0000][1][safepoint    ] Leaving safepoint region
[2019-06-24T09:52:02.567+0000][1][safepoint    ] Total time for which application threads were stopped: 0.0000578 seconds, Stopping threads took: 0.0000250 seconds
[2019-06-24T09:52:02.567+0000][1][safepoint    ] Application time: 0.0000425 seconds
[2019-06-24T09:52:02.567+0000][1][safepoint    ] Entering safepoint region: RevokeBias
[2019-06-24T09:52:02.567+0000][1][safepoint    ] Leaving safepoint region
[2019-06-24T09:52:02.567+0000][1][safepoint    ] Total time for which application threads were stopped: 0.0000370 seconds, Stopping threads took: 0.0000075 seconds
[2019-06-24T09:52:02.567+0000][1][safepoint    ] Application time: 0.0000366 seconds
[2019-06-24T09:52:02.567+0000][1][safepoint    ] Entering safepoint region: RevokeBias
[2019-06-24T09:52:02.567+0000][1][safepoint    ] Leaving safepoint region
[2019-06-24T09:52:02.567+0000][1][safepoint    ] Total time for which application threads were stopped: 0.0000442 seconds, Stopping threads took: 0.0000068 seconds
[2019-06-24T09:52:02.567+0000][1][safepoint    ] Application time: 0.0000352 seconds
[2019-06-24T09:52:02.567+0000][1][safepoint    ] Entering safepoint region: RevokeBias
[2019-06-24T09:52:02.567+0000][1][safepoint    ] Leaving safepoint region
[2019-06-24T09:52:02.567+0000][1][safepoint    ] Total time for which application threads were stopped: 0.0000531 seconds, Stopping threads took: 0.0000245 seconds
[2019-06-24T09:52:02.568+0000][1][safepoint    ] Application time: 0.0000338 seconds
[2019-06-24T09:52:02.568+0000][1][safepoint    ] Entering safepoint region: RevokeBias
[2019-06-24T09:52:02.568+0000][1][safepoint    ] Leaving safepoint region
[2019-06-24T09:52:02.568+0000][1][safepoint    ] Total time for which application threads were stopped: 0.0000342 seconds, Stopping threads took: 0.0000067 seconds
[2019-06-24T09:52:02.568+0000][1][safepoint    ] Application time: 0.0000335 seconds
[2019-06-24T09:52:02.568+0000][1][safepoint    ] Entering safepoint region: RevokeBias
[2019-06-24T09:52:02.568+0000][1][safepoint    ] Leaving safepoint region
[2019-06-24T09:52:02.568+0000][1][safepoint    ] Total time for which application threads were stopped: 0.0000348 seconds, Stopping threads took: 0.0000066 seconds
[2019-06-24T09:52:02.568+0000][1][safepoint    ] Application time: 0.0000343 seconds
[2019-06-24T09:52:02.568+0000][1][safepoint    ] Entering safepoint region: RevokeBias
[2019-06-24T09:52:02.568+0000][1][safepoint    ] Leaving safepoint region
[2019-06-24T09:52:02.568+0000][1][safepoint    ] Total time for which application threads were stopped: 0.0000348 seconds, Stopping threads took: 0.0000066 seconds
[2019-06-24T09:52:02.568+0000][1][safepoint    ] Application time: 0.0000355 seconds
[2019-06-24T09:52:02.568+0000][1][safepoint    ] Entering safepoint region: RevokeBias
[2019-06-24T09:52:02.568+0000][1][safepoint    ] Leaving safepoint region
[2019-06-24T09:52:02.568+0000][1][safepoint    ] Total time for which application threads were stopped: 0.0000368 seconds, Stopping threads took: 0.0000066 seconds
[2019-06-24T09:52:02.568+0000][1][safepoint    ] Application time: 0.0000341 seconds
[2019-06-24T09:52:02.568+0000][1][safepoint    ] Entering safepoint region: RevokeBias
[2019-06-24T09:52:02.568+0000][1][safepoint    ] Leaving safepoint region
[2019-06-24T09:52:02.568+0000][1][safepoint    ] Total time for which application threads were stopped: 0.0000504 seconds, Stopping threads took: 0.0000223 seconds
[2019-06-24T09:52:02.568+0000][1][safepoint    ] Application time: 0.0000344 seconds
[2019-06-24T09:52:02.568+0000][1][safepoint    ] Entering safepoint region: RevokeBias
[2019-06-24T09:52:02.568+0000][1][safepoint    ] Leaving safepoint region
[2019-06-24T09:52:02.568+0000][1][safepoint    ] Total time for which application threads were stopped: 0.0000338 seconds, Stopping threads took: 0.0000067 seconds
[2019-06-24T09:52:02.568+0000][1][safepoint    ] Application time: 0.0000341 seconds
[2019-06-24T09:52:02.568+0000][1][safepoint    ] Entering safepoint region: RevokeBias
[2019-06-24T09:52:02.568+0000][1][safepoint    ] Leaving safepoint region
[2019-06-24T09:52:02.568+0000][1][safepoint    ] Total time for which application threads were stopped: 0.0000501 seconds, Stopping threads took: 0.0000230 seconds
[2019-06-24T09:52:02.568+0000][1][safepoint    ] Application time: 0.0000348 seconds
[2019-06-24T09:52:02.568+0000][1][safepoint    ] Entering safepoint region: RevokeBias
[2019-06-24T09:52:02.568+0000][1][safepoint    ] Leaving safepoint region
[2019-06-24T09:52:02.568+0000][1][safepoint    ] Total time for which application threads were stopped: 0.0000484 seconds, Stopping threads took: 0.0000217 seconds
[2019-06-24T09:52:02.568+0000][1][safepoint    ] Application time: 0.0000342 seconds
[2019-06-24T09:52:02.568+0000][1][safepoint    ] Entering safepoint region: RevokeBias
[2019-06-24T09:52:02.568+0000][1][safepoint    ] Leaving safepoint region
[2019-06-24T09:52:02.568+0000][1][safepoint    ] Total time for which application threads were stopped: 0.0000384 seconds, Stopping threads took: 0.0000066 seconds
[2019-06-24T09:52:02.568+0000][1][safepoint    ] Application time: 0.0000359 seconds
[2019-06-24T09:52:02.568+0000][1][safepoint    ] Entering safepoint region: RevokeBias
[2019-06-24T09:52:02.568+0000][1][safepoint    ] Leaving safepoint region
[2019-06-24T09:52:02.568+0000][1][safepoint    ] Total time for which application threads were stopped: 0.0000396 seconds, Stopping threads took: 0.0000066 seconds
[2019-06-24T09:52:02.568+0000][1][safepoint    ] Application time: 0.0000466 seconds
[2019-06-24T09:52:02.568+0000][1][safepoint    ] Entering safepoint region: RevokeBias
[2019-06-24T09:52:02.568+0000][1][safepoint    ] Leaving safepoint region
[2019-06-24T09:52:02.568+0000][1][safepoint    ] Total time for which application threads were stopped: 0.0000554 seconds, Stopping threads took: 0.0000249 seconds
[2019-06-24T09:52:02.569+0000][1][safepoint    ] Application time: 0.0000433 seconds
[2019-06-24T09:52:02.569+0000][1][safepoint    ] Entering safepoint region: BulkRevokeBias
[2019-06-24T09:52:02.569+0000][1][safepoint    ] Leaving safepoint region
[2019-06-24T09:52:02.569+0000][1][safepoint    ] Total time for which application threads were stopped: 0.0001080 seconds, Stopping threads took: 0.0000289 seconds
[2019-06-24T09:52:02.569+0000][1][safepoint    ] Application time: 0.0001580 seconds
[2019-06-24T09:52:02.569+0000][1][safepoint    ] Entering safepoint region: RevokeBias
[2019-06-24T09:52:02.569+0000][1][safepoint    ] Leaving safepoint region
[2019-06-24T09:52:02.569+0000][1][safepoint    ] Total time for which application threads were stopped: 0.0000473 seconds, Stopping threads took: 0.0000106 seconds
[2019-06-24T09:52:02.569+0000][1][safepoint    ] Application time: 0.0000714 seconds
[2019-06-24T09:52:02.569+0000][1][safepoint    ] Entering safepoint region: RevokeBias
[2019-06-24T09:52:02.569+0000][1][safepoint    ] Leaving safepoint region
[2019-06-24T09:52:02.569+0000][1][safepoint    ] Total time for which application threads were stopped: 0.0000543 seconds, Stopping threads took: 0.0000106 seconds
[2019-06-24T09:52:02.569+0000][1][safepoint    ] Application time: 0.0000895 seconds
[2019-06-24T09:52:02.569+0000][1][safepoint    ] Entering safepoint region: RevokeBias
[2019-06-24T09:52:02.569+0000][1][safepoint    ] Leaving safepoint region
[2019-06-24T09:52:02.569+0000][1][safepoint    ] Total time for which application threads were stopped: 0.0000455 seconds, Stopping threads took: 0.0000100 seconds
[2019-06-24T09:52:02.569+0000][1][safepoint    ] Application time: 0.0000642 seconds
[2019-06-24T09:52:02.569+0000][1][safepoint    ] Entering safepoint region: RevokeBias
[2019-06-24T09:52:02.569+0000][1][safepoint    ] Leaving safepoint region
[2019-06-24T09:52:02.569+0000][1][safepoint    ] Total time for which application threads were stopped: 0.0000691 seconds, Stopping threads took: 0.0000335 seconds
[2019-06-24T09:52:02.569+0000][1][safepoint    ] Application time: 0.0000562 seconds
[2019-06-24T09:52:02.569+0000][1][safepoint    ] Entering safepoint region: RevokeBias
[2019-06-24T09:52:02.569+0000][1][safepoint    ] Leaving safepoint region
[2019-06-24T09:52:02.569+0000][1][safepoint    ] Total time for which application threads were stopped: 0.0000755 seconds, Stopping threads took: 0.0000095 seconds
[2019-06-24T09:52:02.570+0000][1][safepoint    ] Application time: 0.0000450 seconds
[2019-06-24T09:52:02.570+0000][1][safepoint    ] Entering safepoint region: RevokeBias
[2019-06-24T09:52:02.570+0000][1][safepoint    ] Leaving safepoint region
[2019-06-24T09:52:02.570+0000][1][safepoint    ] Total time for which application threads were stopped: 0.0000601 seconds, Stopping threads took: 0.0000092 seconds
[2019-06-24T09:52:02.570+0000][1][safepoint    ] Application time: 0.0000466 seconds
[2019-06-24T09:52:02.570+0000][1][safepoint    ] Entering safepoint region: RevokeBias
[2019-06-24T09:52:02.570+0000][1][safepoint    ] Leaving safepoint region
[2019-06-24T09:52:02.570+0000][1][safepoint    ] Total time for which application threads were stopped: 0.0000617 seconds, Stopping threads took: 0.0000105 seconds
[2019-06-24T09:52:02.570+0000][1][safepoint    ] Application time: 0.0000563 seconds
[2019-06-24T09:52:02.570+0000][1][safepoint    ] Entering safepoint region: RevokeBias
[2019-06-24T09:52:02.570+0000][1][safepoint    ] Leaving safepoint region
[2019-06-24T09:52:02.570+0000][1][safepoint    ] Total time for which application threads were stopped: 0.0000513 seconds, Stopping threads took: 0.0000106 seconds
[2019-06-24T09:52:02.570+0000][1][safepoint    ] Application time: 0.0000353 seconds
[2019-06-24T09:52:02.570+0000][1][safepoint    ] Entering safepoint region: RevokeBias
[2019-06-24T09:52:02.570+0000][1][safepoint    ] Leaving safepoint region
[2019-06-24T09:52:02.570+0000][1][safepoint    ] Total time for which application threads were stopped: 0.0000767 seconds, Stopping threads took: 0.0000098 seconds
[2019-06-24T09:52:02.570+0000][1][safepoint    ] Application time: 0.0000449 seconds
[2019-06-24T09:52:02.570+0000][1][safepoint    ] Entering safepoint region: RevokeBias
[2019-06-24T09:52:02.570+0000][1][safepoint    ] Leaving safepoint region
[2019-06-24T09:52:02.570+0000][1][safepoint    ] Total time for which application threads were stopped: 0.0000826 seconds, Stopping threads took: 0.0000096 seconds
[2019-06-24T09:52:02.570+0000][1][safepoint    ] Application time: 0.0000432 seconds
[2019-06-24T09:52:02.570+0000][1][safepoint    ] Entering safepoint region: RevokeBias
[2019-06-24T09:52:02.570+0000][1][safepoint    ] Leaving safepoint region
[2019-06-24T09:52:02.570+0000][1][safepoint    ] Total time for which application threads were stopped: 0.0002453 seconds, Stopping threads took: 0.0002164 seconds
[2019-06-24T09:52:02.571+0000][1][safepoint    ] Application time: 0.0000655 seconds
[2019-06-24T09:52:02.571+0000][1][safepoint    ] Entering safepoint region: RevokeBias
[2019-06-24T09:52:02.571+0000][1][safepoint    ] Leaving safepoint region
[2019-06-24T09:52:02.571+0000][1][safepoint    ] Total time for which application threads were stopped: 0.0000911 seconds, Stopping threads took: 0.0000587 seconds
[2019-06-24T09:52:02.571+0000][1][safepoint    ] Application time: 0.0000411 seconds
[2019-06-24T09:52:02.571+0000][1][safepoint    ] Entering safepoint region: RevokeBias
[2019-06-24T09:52:02.571+0000][1][safepoint    ] Leaving safepoint region
[2019-06-24T09:52:02.571+0000][1][safepoint    ] Total time for which application threads were stopped: 0.0001217 seconds, Stopping threads took: 0.0000846 seconds
[2019-06-24T09:52:02.571+0000][1][safepoint    ] Application time: 0.0000414 seconds
[2019-06-24T09:52:02.571+0000][1][safepoint    ] Entering safepoint region: RevokeBias
[2019-06-24T09:52:02.571+0000][1][safepoint    ] Leaving safepoint region
[2019-06-24T09:52:02.571+0000][1][safepoint    ] Total time for which application threads were stopped: 0.0000473 seconds, Stopping threads took: 0.0000097 seconds
[2019-06-24T09:52:02.571+0000][1][safepoint    ] Application time: 0.0000410 seconds
[2019-06-24T09:52:02.571+0000][1][safepoint    ] Entering safepoint region: RevokeBias
[2019-06-24T09:52:02.571+0000][1][safepoint    ] Leaving safepoint region
[2019-06-24T09:52:02.571+0000][1][safepoint    ] Total time for which application threads were stopped: 0.0000594 seconds, Stopping threads took: 0.0000289 seconds
[2019-06-24T09:52:02.571+0000][1][safepoint    ] Application time: 0.0000391 seconds
[2019-06-24T09:52:02.571+0000][1][safepoint    ] Entering safepoint region: RevokeBias
[2019-06-24T09:52:02.571+0000][1][safepoint    ] Leaving safepoint region
[2019-06-24T09:52:02.571+0000][1][safepoint    ] Total time for which application threads were stopped: 0.0000419 seconds, Stopping threads took: 0.0000098 seconds
[2019-06-24T09:52:02.571+0000][1][safepoint    ] Application time: 0.0000383 seconds
[2019-06-24T09:52:02.571+0000][1][safepoint    ] Entering safepoint region: RevokeBias
[2019-06-24T09:52:02.571+0000][1][safepoint    ] Leaving safepoint region
[2019-06-24T09:52:02.571+0000][1][safepoint    ] Total time for which application threads were stopped: 0.0000555 seconds, Stopping threads took: 0.0000202 seconds
[2019-06-24T09:52:02.571+0000][1][safepoint    ] Application time: 0.0000379 seconds
[2019-06-24T09:52:02.571+0000][1][safepoint    ] Entering safepoint region: RevokeBias
[2019-06-24T09:52:02.571+0000][1][safepoint    ] Leaving safepoint region
[2019-06-24T09:52:02.571+0000][1][safepoint    ] Total time for which application threads were stopped: 0.0000625 seconds, Stopping threads took: 0.0000324 seconds
[2019-06-24T09:52:02.571+0000][1][safepoint    ] Application time: 0.0000371 seconds
[2019-06-24T09:52:02.571+0000][1][safepoint    ] Entering safepoint region: RevokeBias
[2019-06-24T09:52:02.571+0000][1][safepoint    ] Leaving safepoint region
[2019-06-24T09:52:02.571+0000][1][safepoint    ] Total time for which application threads were stopped: 0.0000569 seconds, Stopping threads took: 0.0000256 seconds
[2019-06-24T09:52:02.572+0000][1][safepoint    ] Application time: 0.0000522 seconds
[2019-06-24T09:52:02.572+0000][1][safepoint    ] Entering safepoint region: RevokeBias
[2019-06-24T09:52:02.572+0000][1][safepoint    ] Leaving safepoint region
[2019-06-24T09:52:02.572+0000][1][safepoint    ] Total time for which application threads were stopped: 0.0000414 seconds, Stopping threads took: 0.0000097 seconds
[2019-06-24T09:52:02.572+0000][1][safepoint    ] Application time: 0.0000368 seconds
[2019-06-24T09:52:02.572+0000][1][safepoint    ] Entering safepoint region: RevokeBias
[2019-06-24T09:52:02.572+0000][1][safepoint    ] Leaving safepoint region
[2019-06-24T09:52:02.572+0000][1][safepoint    ] Total time for which application threads were stopped: 0.0000611 seconds, Stopping threads took: 0.0000310 seconds
[2019-06-24T09:52:02.572+0000][1][safepoint    ] Application time: 0.0000368 seconds
[2019-06-24T09:52:02.572+0000][1][safepoint    ] Entering safepoint region: RevokeBias
[2019-06-24T09:52:02.572+0000][1][safepoint    ] Leaving safepoint region
[2019-06-24T09:52:02.572+0000][1][safepoint    ] Total time for which application threads were stopped: 0.0000417 seconds, Stopping threads took: 0.0000102 seconds
[2019-06-24T09:52:02.572+0000][1][safepoint    ] Application time: 0.0000384 seconds
[2019-06-24T09:52:02.572+0000][1][safepoint    ] Entering safepoint region: RevokeBias
[2019-06-24T09:52:02.572+0000][1][safepoint    ] Leaving safepoint region
[2019-06-24T09:52:02.572+0000][1][safepoint    ] Total time for which application threads were stopped: 0.0000529 seconds, Stopping threads took: 0.0000240 seconds
[2019-06-24T09:52:02.572+0000][1][safepoint    ] Application time: 0.0000404 seconds
[2019-06-24T09:52:02.572+0000][1][safepoint    ] Entering safepoint region: BulkRevokeBias
[2019-06-24T09:52:02.572+0000][1][safepoint    ] Leaving safepoint region
[2019-06-24T09:52:02.572+0000][1][safepoint    ] Total time for which application threads were stopped: 0.0000836 seconds, Stopping threads took: 0.0000126 seconds
[2019-06-24T09:52:02.572+0000][1][safepoint    ] Application time: 0.0002779 seconds
[2019-06-24T09:52:02.572+0000][1][safepoint    ] Entering safepoint region: RevokeBias
[2019-06-24T09:52:02.572+0000][1][safepoint    ] Leaving safepoint region
[2019-06-24T09:52:02.572+0000][1][safepoint    ] Total time for which application threads were stopped: 0.0000709 seconds, Stopping threads took: 0.0000111 seconds
[2019-06-24T09:52:02.572+0000][1][safepoint    ] Application time: 0.0000672 seconds
[2019-06-24T09:52:02.573+0000][1][safepoint    ] Entering safepoint region: RevokeBias
[2019-06-24T09:52:02.573+0000][1][safepoint    ] Leaving safepoint region
[2019-06-24T09:52:02.573+0000][1][safepoint    ] Total time for which application threads were stopped: 0.0001155 seconds, Stopping threads took: 0.0000597 seconds
[2019-06-24T09:52:02.573+0000][1][safepoint    ] Application time: 0.0000406 seconds
[2019-06-24T09:52:02.573+0000][1][safepoint    ] Entering safepoint region: RevokeBias
[2019-06-24T09:52:02.573+0000][1][safepoint    ] Leaving safepoint region
[2019-06-24T09:52:02.573+0000][1][safepoint    ] Total time for which application threads were stopped: 0.0000859 seconds, Stopping threads took: 0.0000500 seconds
[2019-06-24T09:52:02.573+0000][1][safepoint    ] Application time: 0.0000361 seconds
[2019-06-24T09:52:02.573+0000][1][safepoint    ] Entering safepoint region: RevokeBias
[2019-06-24T09:52:02.573+0000][1][safepoint    ] Leaving safepoint region
[2019-06-24T09:52:02.573+0000][1][safepoint    ] Total time for which application threads were stopped: 0.0001174 seconds, Stopping threads took: 0.0000865 seconds
[2019-06-24T09:52:02.573+0000][1][safepoint    ] Application time: 0.0000400 seconds
[2019-06-24T09:52:02.573+0000][1][safepoint    ] Entering safepoint region: RevokeBias
[2019-06-24T09:52:02.573+0000][1][safepoint    ] Leaving safepoint region
[2019-06-24T09:52:02.573+0000][1][safepoint    ] Total time for which application threads were stopped: 0.0000636 seconds, Stopping threads took: 0.0000306 seconds
[2019-06-24T09:52:02.573+0000][1][safepoint    ] Application time: 0.0000354 seconds
[2019-06-24T09:52:02.573+0000][1][safepoint    ] Entering safepoint region: RevokeBias
[2019-06-24T09:52:02.573+0000][1][safepoint    ] Leaving safepoint region
[2019-06-24T09:52:02.573+0000][1][safepoint    ] Total time for which application threads were stopped: 0.0000777 seconds, Stopping threads took: 0.0000408 seconds
[2019-06-24T09:52:02.573+0000][1][safepoint    ] Application time: 0.0000383 seconds
[2019-06-24T09:52:02.573+0000][1][safepoint    ] Entering safepoint region: RevokeBias
[2019-06-24T09:52:02.573+0000][1][safepoint    ] Leaving safepoint region
[2019-06-24T09:52:02.573+0000][1][safepoint    ] Total time for which application threads were stopped: 0.0000779 seconds, Stopping threads took: 0.0000395 seconds
[2019-06-24T09:52:02.573+0000][1][safepoint    ] Application time: 0.0000495 seconds
[2019-06-24T09:52:02.573+0000][1][safepoint    ] Entering safepoint region: RevokeBias
[2019-06-24T09:52:02.574+0000][1][safepoint    ] Leaving safepoint region
[2019-06-24T09:52:02.574+0000][1][safepoint    ] Total time for which application threads were stopped: 0.0001469 seconds, Stopping threads took: 0.0000226 seconds
[2019-06-24T09:52:02.574+0000][1][safepoint    ] Application time: 0.0001680 seconds
[2019-06-24T09:52:02.574+0000][1][safepoint    ] Entering safepoint region: RevokeBias
[2019-06-24T09:52:02.574+0000][1][safepoint    ] Leaving safepoint region
[2019-06-24T09:52:02.574+0000][1][safepoint    ] Total time for which application threads were stopped: 0.0000855 seconds, Stopping threads took: 0.0000321 seconds
[2019-06-24T09:52:02.574+0000][1][safepoint    ] Application time: 0.0001984 seconds
[2019-06-24T09:52:02.574+0000][1][safepoint    ] Entering safepoint region: RevokeBias
[2019-06-24T09:52:02.574+0000][1][safepoint    ] Leaving safepoint region
[2019-06-24T09:52:02.574+0000][1][safepoint    ] Total time for which application threads were stopped: 0.0001220 seconds, Stopping threads took: 0.0000510 seconds
[2019-06-24T09:52:02.574+0000][1][safepoint    ] Application time: 0.0000618 seconds
[2019-06-24T09:52:02.574+0000][1][safepoint    ] Entering safepoint region: RevokeBias
[2019-06-24T09:52:02.574+0000][1][safepoint    ] Leaving safepoint region
[2019-06-24T09:52:02.574+0000][1][safepoint    ] Total time for which application threads were stopped: 0.0001069 seconds, Stopping threads took: 0.0000419 seconds
[2019-06-24T09:52:02.574+0000][1][safepoint    ] Application time: 0.0000414 seconds
[2019-06-24T09:52:02.574+0000][1][safepoint    ] Entering safepoint region: RevokeBias
[2019-06-24T09:52:02.574+0000][1][safepoint    ] Leaving safepoint region
[2019-06-24T09:52:02.574+0000][1][safepoint    ] Total time for which application threads were stopped: 0.0000776 seconds, Stopping threads took: 0.0000286 seconds
[2019-06-24T09:52:02.575+0000][1][safepoint    ] Application time: 0.0000412 seconds
[2019-06-24T09:52:02.575+0000][1][safepoint    ] Entering safepoint region: RevokeBias
[2019-06-24T09:52:02.575+0000][1][safepoint    ] Leaving safepoint region
[2019-06-24T09:52:02.575+0000][1][safepoint    ] Total time for which application threads were stopped: 0.0000911 seconds, Stopping threads took: 0.0000291 seconds
[2019-06-24T09:52:02.575+0000][1][safepoint    ] Application time: 0.0003556 seconds
[2019-06-24T09:52:02.575+0000][1][safepoint    ] Entering safepoint region: RevokeBias
[2019-06-24T09:52:02.575+0000][1][safepoint    ] Leaving safepoint region
[2019-06-24T09:52:02.575+0000][1][safepoint    ] Total time for which application threads were stopped: 0.0001190 seconds, Stopping threads took: 0.0000773 seconds
[2019-06-24T09:52:02.575+0000][1][safepoint    ] Application time: 0.0001125 seconds
[2019-06-24T09:52:02.575+0000][1][safepoint    ] Entering safepoint region: RevokeBias
[2019-06-24T09:52:02.575+0000][1][safepoint    ] Leaving safepoint region
[2019-06-24T09:52:02.575+0000][1][safepoint    ] Total time for which application threads were stopped: 0.0000678 seconds, Stopping threads took: 0.0000284 seconds
[2019-06-24T09:52:02.576+0000][1][safepoint    ] Application time: 0.0003498 seconds
[2019-06-24T09:52:02.576+0000][1][safepoint    ] Entering safepoint region: RevokeBias
[2019-06-24T09:52:02.576+0000][1][safepoint    ] Leaving safepoint region
[2019-06-24T09:52:02.576+0000][1][safepoint    ] Total time for which application threads were stopped: 0.0000995 seconds, Stopping threads took: 0.0000423 seconds
[2019-06-24T09:52:02.576+0000][1][safepoint    ] Application time: 0.0002937 seconds
[2019-06-24T09:52:02.576+0000][1][safepoint    ] Entering safepoint region: RevokeBias
[2019-06-24T09:52:02.576+0000][1][safepoint    ] Leaving safepoint region
[2019-06-24T09:52:02.576+0000][1][safepoint    ] Total time for which application threads were stopped: 0.0002913 seconds, Stopping threads took: 0.0002471 seconds
[2019-06-24T09:52:02.577+0000][1][safepoint    ] Application time: 0.0004017 seconds
[2019-06-24T09:52:02.577+0000][1][safepoint    ] Entering safepoint region: RevokeBias
[2019-06-24T09:52:02.577+0000][1][safepoint    ] Leaving safepoint region
[2019-06-24T09:52:02.577+0000][1][safepoint    ] Total time for which application threads were stopped: 0.0001279 seconds, Stopping threads took: 0.0000663 seconds
[2019-06-24T09:52:02.577+0000][1][safepoint    ] Application time: 0.0001329 seconds
[2019-06-24T09:52:02.577+0000][1][safepoint    ] Entering safepoint region: RevokeBias
[2019-06-24T09:52:02.577+0000][1][safepoint    ] Leaving safepoint region
[2019-06-24T09:52:02.577+0000][1][safepoint    ] Total time for which application threads were stopped: 0.0001607 seconds, Stopping threads took: 0.0001015 seconds
[2019-06-24T09:52:02.578+0000][1][safepoint    ] Application time: 0.0002901 seconds
[2019-06-24T09:52:02.578+0000][1][safepoint    ] Entering safepoint region: RevokeBias
[2019-06-24T09:52:02.578+0000][1][safepoint    ] Leaving safepoint region
[2019-06-24T09:52:02.578+0000][1][safepoint    ] Total time for which application threads were stopped: 0.0000629 seconds, Stopping threads took: 0.0000188 seconds
[2019-06-24T09:52:02.578+0000][1][safepoint    ] Application time: 0.0002445 seconds
[2019-06-24T09:52:02.578+0000][1][safepoint    ] Entering safepoint region: RevokeBias
[2019-06-24T09:52:02.578+0000][1][safepoint    ] Leaving safepoint region
[2019-06-24T09:52:02.578+0000][1][safepoint    ] Total time for which application threads were stopped: 0.0002089 seconds, Stopping threads took: 0.0001654 seconds
[2019-06-24T09:52:02.580+0000][1][safepoint    ] Application time: 0.0016327 seconds
[2019-06-24T09:52:02.580+0000][1][safepoint    ] Entering safepoint region: RevokeBias
[2019-06-24T09:52:02.580+0000][1][safepoint    ] Leaving safepoint region
[2019-06-24T09:52:02.580+0000][1][safepoint    ] Total time for which application threads were stopped: 0.0001800 seconds, Stopping threads took: 0.0001291 seconds
[2019-06-24T09:52:02.580+0000][1][safepoint    ] Application time: 0.0000974 seconds
[2019-06-24T09:52:02.580+0000][1][safepoint    ] Entering safepoint region: RevokeBias
[2019-06-24T09:52:02.580+0000][1][safepoint    ] Leaving safepoint region
[2019-06-24T09:52:02.580+0000][1][safepoint    ] Total time for which application threads were stopped: 0.0002268 seconds, Stopping threads took: 0.0001818 seconds
[2019-06-24T09:52:02.582+0000][1][safepoint    ] Application time: 0.0021002 seconds
[2019-06-24T09:52:02.583+0000][1][safepoint    ] Entering safepoint region: RevokeBias
[2019-06-24T09:52:02.583+0000][1][safepoint    ] Leaving safepoint region
[2019-06-24T09:52:02.583+0000][1][safepoint    ] Total time for which application threads were stopped: 0.0001235 seconds, Stopping threads took: 0.0000313 seconds
[2019-06-24T09:52:02.583+0000][1][safepoint    ] Application time: 0.0000487 seconds
[2019-06-24T09:52:02.583+0000][1][safepoint    ] Entering safepoint region: RevokeBias
[2019-06-24T09:52:02.583+0000][1][safepoint    ] Leaving safepoint region
[2019-06-24T09:52:02.583+0000][1][safepoint    ] Total time for which application threads were stopped: 0.0000592 seconds, Stopping threads took: 0.0000113 seconds
[2019-06-24T09:52:02.583+0000][1][safepoint    ] Application time: 0.0002339 seconds
[2019-06-24T09:52:02.583+0000][1][safepoint    ] Entering safepoint region: RevokeBias
[2019-06-24T09:52:02.583+0000][1][safepoint    ] Leaving safepoint region
[2019-06-24T09:52:02.583+0000][1][safepoint    ] Total time for which application threads were stopped: 0.0000722 seconds, Stopping threads took: 0.0000132 seconds
[2019-06-24T09:52:02.600+0000][1][safepoint    ] Application time: 0.0173067 seconds
[2019-06-24T09:52:02.600+0000][1][safepoint    ] Entering safepoint region: GenCollectForAllocation
[2019-06-24T09:52:02.600+0000][1][gc,start     ] GC(19) Pause Young (Allocation Failure)
[2019-06-24T09:52:02.601+0000][1][gc,task      ] GC(19) Using 5 workers of 8 for evacuation
[2019-06-24T09:52:02.606+0000][1][gc,age       ] GC(19) Desired survivor size 4456448 bytes, new threshold 2 (max threshold 6)
[2019-06-24T09:52:02.606+0000][1][gc,age       ] GC(19) Age table with threshold 2 (max threshold 6)
[2019-06-24T09:52:02.606+0000][1][gc,age       ] GC(19) - age   1:    2919800 bytes,    2919800 total
[2019-06-24T09:52:02.606+0000][1][gc,age       ] GC(19) - age   2:    3863888 bytes,    6783688 total
[2019-06-24T09:52:02.606+0000][1][gc,age       ] GC(19) - age   3:     271480 bytes,    7055168 total
[2019-06-24T09:52:02.606+0000][1][gc,heap      ] GC(19) ParNew: 74833K->8506K(78656K)
[2019-06-24T09:52:02.606+0000][1][gc,heap      ] GC(19) CMS: 55274K->55274K(174784K)
[2019-06-24T09:52:02.606+0000][1][gc,metaspace ] GC(19) Metaspace: 47153K->47153K(1093632K)
[2019-06-24T09:52:02.606+0000][1][gc           ] GC(19) Pause Young (Allocation Failure) 127M->62M(247M) 5.650ms
[2019-06-24T09:52:02.606+0000][1][gc,cpu       ] GC(19) User=0.03s Sys=0.00s Real=0.01s
[2019-06-24T09:52:02.606+0000][1][safepoint    ] Leaving safepoint region
[2019-06-24T09:52:02.606+0000][1][safepoint    ] Total time for which application threads were stopped: 0.0057662 seconds, Stopping threads took: 0.0000130 seconds
[2019-06-24T09:52:02.635+0000][1][safepoint    ] Application time: 0.0288401 seconds
[2019-06-24T09:52:02.635+0000][1][safepoint    ] Entering safepoint region: RevokeBias
[2019-06-24T09:52:02.635+0000][1][safepoint    ] Leaving safepoint region
[2019-06-24T09:52:02.635+0000][1][safepoint    ] Total time for which application threads were stopped: 0.0000585 seconds, Stopping threads took: 0.0000140 seconds
[2019-06-24T09:52:02.806+0000][1][safepoint    ] Application time: 0.1711934 seconds
[2019-06-24T09:52:02.806+0000][1][safepoint    ] Entering safepoint region: RevokeBias
[2019-06-24T09:52:02.806+0000][1][safepoint    ] Leaving safepoint region
[2019-06-24T09:52:02.806+0000][1][safepoint    ] Total time for which application threads were stopped: 0.0000691 seconds, Stopping threads took: 0.0000188 seconds
[2019-06-24T09:52:02.858+0000][1][safepoint    ] Application time: 0.0514303 seconds
[2019-06-24T09:52:02.858+0000][1][safepoint    ] Entering safepoint region: RevokeBias
[2019-06-24T09:52:02.858+0000][1][safepoint    ] Leaving safepoint region
[2019-06-24T09:52:02.858+0000][1][safepoint    ] Total time for which application threads were stopped: 0.0000681 seconds, Stopping threads took: 0.0000117 seconds
[2019-06-24T09:52:03.121+0000][1][safepoint    ] Application time: 0.2625479 seconds
[2019-06-24T09:52:03.121+0000][1][safepoint    ] Entering safepoint region: GenCollectForAllocation
[2019-06-24T09:52:03.121+0000][1][gc,start     ] GC(20) Pause Young (Allocation Failure)
[2019-06-24T09:52:03.121+0000][1][gc,task      ] GC(20) Using 5 workers of 8 for evacuation
[2019-06-24T09:52:03.130+0000][1][gc,age       ] GC(20) Desired survivor size 4456448 bytes, new threshold 6 (max threshold 6)
[2019-06-24T09:52:03.130+0000][1][gc,age       ] GC(20) Age table with threshold 6 (max threshold 6)
[2019-06-24T09:52:03.130+0000][1][gc,age       ] GC(20) - age   1:    1479552 bytes,    1479552 total
[2019-06-24T09:52:03.130+0000][1][gc,age       ] GC(20) - age   2:    2854704 bytes,    4334256 total
[2019-06-24T09:52:03.130+0000][1][gc,heap      ] GC(20) ParNew: 78458K->6053K(78656K)
[2019-06-24T09:52:03.130+0000][1][gc,heap      ] GC(20) CMS: 55274K->59428K(174784K)
[2019-06-24T09:52:03.130+0000][1][gc,metaspace ] GC(20) Metaspace: 53747K->53747K(1099776K)
[2019-06-24T09:52:03.130+0000][1][gc           ] GC(20) Pause Young (Allocation Failure) 130M->63M(247M) 9.143ms
[2019-06-24T09:52:03.130+0000][1][gc,cpu       ] GC(20) User=0.07s Sys=0.00s Real=0.01s
[2019-06-24T09:52:03.130+0000][1][safepoint    ] Leaving safepoint region
[2019-06-24T09:52:03.130+0000][1][safepoint    ] Total time for which application threads were stopped: 0.0093063 seconds, Stopping threads took: 0.0000163 seconds
[2019-06-24T09:52:03.163+0000][1][safepoint    ] Application time: 0.0335587 seconds
[2019-06-24T09:52:03.164+0000][1][safepoint    ] Entering safepoint region: RevokeBias
[2019-06-24T09:52:03.164+0000][1][safepoint    ] Leaving safepoint region
[2019-06-24T09:52:03.164+0000][1][safepoint    ] Total time for which application threads were stopped: 0.0004214 seconds, Stopping threads took: 0.0000143 seconds
[2019-06-24T09:52:03.351+0000][1][safepoint    ] Application time: 0.1872249 seconds
[2019-06-24T09:52:03.351+0000][1][safepoint    ] Entering safepoint region: Deoptimize
[2019-06-24T09:52:03.352+0000][1][safepoint    ] Leaving safepoint region
[2019-06-24T09:52:03.352+0000][1][safepoint    ] Total time for which application threads were stopped: 0.0009924 seconds, Stopping threads took: 0.0000134 seconds
[2019-06-24T09:52:03.362+0000][1][safepoint    ] Application time: 0.0094461 seconds
[2019-06-24T09:52:03.362+0000][1][safepoint    ] Entering safepoint region: RevokeBias
[2019-06-24T09:52:03.362+0000][1][safepoint    ] Leaving safepoint region
[2019-06-24T09:52:03.362+0000][1][safepoint    ] Total time for which application threads were stopped: 0.0000618 seconds, Stopping threads took: 0.0000133 seconds
[2019-06-24T09:52:03.385+0000][1][safepoint    ] Application time: 0.0230050 seconds
[2019-06-24T09:52:03.385+0000][1][safepoint    ] Entering safepoint region: RevokeBias
[2019-06-24T09:52:03.385+0000][1][safepoint    ] Leaving safepoint region
[2019-06-24T09:52:03.385+0000][1][safepoint    ] Total time for which application threads were stopped: 0.0000753 seconds, Stopping threads took: 0.0000128 seconds
[2019-06-24T09:52:03.385+0000][1][safepoint    ] Application time: 0.0001201 seconds
[2019-06-24T09:52:03.385+0000][1][safepoint    ] Entering safepoint region: RevokeBias
[2019-06-24T09:52:03.385+0000][1][safepoint    ] Leaving safepoint region
[2019-06-24T09:52:03.385+0000][1][safepoint    ] Total time for which application threads were stopped: 0.0000475 seconds, Stopping threads took: 0.0000096 seconds
[2019-06-24T09:52:03.385+0000][1][safepoint    ] Application time: 0.0001766 seconds
[2019-06-24T09:52:03.385+0000][1][safepoint    ] Entering safepoint region: RevokeBias
[2019-06-24T09:52:03.385+0000][1][safepoint    ] Leaving safepoint region
[2019-06-24T09:52:03.385+0000][1][safepoint    ] Total time for which application threads were stopped: 0.0001780 seconds, Stopping threads took: 0.0001382 seconds
[2019-06-24T09:52:03.388+0000][1][safepoint    ] Application time: 0.0023835 seconds
[2019-06-24T09:52:03.388+0000][1][safepoint    ] Entering safepoint region: RevokeBias
[2019-06-24T09:52:03.388+0000][1][safepoint    ] Leaving safepoint region
[2019-06-24T09:52:03.388+0000][1][safepoint    ] Total time for which application threads were stopped: 0.0000641 seconds, Stopping threads took: 0.0000116 seconds
[2019-06-24T09:52:03.466+0000][1][safepoint    ] Application time: 0.0775690 seconds
[2019-06-24T09:52:03.466+0000][1][safepoint    ] Entering safepoint region: RevokeBias
[2019-06-24T09:52:03.466+0000][1][safepoint    ] Leaving safepoint region
[2019-06-24T09:52:03.467+0000][1][safepoint    ] Total time for which application threads were stopped: 0.0009524 seconds, Stopping threads took: 0.0000127 seconds
[2019-06-24T09:52:03.467+0000][1][safepoint    ] Application time: 0.0005159 seconds
[2019-06-24T09:52:03.467+0000][1][safepoint    ] Entering safepoint region: RevokeBias
[2019-06-24T09:52:03.467+0000][1][safepoint    ] Leaving safepoint region
[2019-06-24T09:52:03.467+0000][1][safepoint    ] Total time for which application threads were stopped: 0.0000397 seconds, Stopping threads took: 0.0000101 seconds
[2019-06-24T09:52:03.503+0000][1][safepoint    ] Application time: 0.0356194 seconds
[2019-06-24T09:52:03.503+0000][1][safepoint    ] Entering safepoint region: RevokeBias
[2019-06-24T09:52:03.503+0000][1][safepoint    ] Leaving safepoint region
[2019-06-24T09:52:03.503+0000][1][safepoint    ] Total time for which application threads were stopped: 0.0002611 seconds, Stopping threads took: 0.0001197 seconds
[2019-06-24T09:52:03.504+0000][1][safepoint    ] Application time: 0.0007047 seconds
[2019-06-24T09:52:03.504+0000][1][safepoint    ] Entering safepoint region: RevokeBias
[2019-06-24T09:52:03.504+0000][1][safepoint    ] Leaving safepoint region
[2019-06-24T09:52:03.504+0000][1][safepoint    ] Total time for which application threads were stopped: 0.0001491 seconds, Stopping threads took: 0.0000951 seconds
[2019-06-24T09:52:03.504+0000][1][safepoint    ] Application time: 0.0001827 seconds
[2019-06-24T09:52:03.504+0000][1][safepoint    ] Entering safepoint region: RevokeBias
[2019-06-24T09:52:03.504+0000][1][safepoint    ] Leaving safepoint region
[2019-06-24T09:52:03.504+0000][1][safepoint    ] Total time for which application threads were stopped: 0.0002138 seconds, Stopping threads took: 0.0001513 seconds
[2019-06-24T09:52:03.505+0000][1][safepoint    ] Application time: 0.0001649 seconds
[2019-06-24T09:52:03.505+0000][1][safepoint    ] Entering safepoint region: RevokeBias
[2019-06-24T09:52:03.505+0000][1][safepoint    ] Leaving safepoint region
[2019-06-24T09:52:03.505+0000][1][safepoint    ] Total time for which application threads were stopped: 0.0000556 seconds, Stopping threads took: 0.0000292 seconds
[2019-06-24T09:52:03.505+0000][1][safepoint    ] Application time: 0.0005112 seconds
[2019-06-24T09:52:03.505+0000][1][safepoint    ] Entering safepoint region: RevokeBias
[2019-06-24T09:52:03.505+0000][1][safepoint    ] Leaving safepoint region
[2019-06-24T09:52:03.505+0000][1][safepoint    ] Total time for which application threads were stopped: 0.0001956 seconds, Stopping threads took: 0.0001178 seconds
[2019-06-24T09:52:03.524+0000][1][safepoint    ] Application time: 0.0185894 seconds
[2019-06-24T09:52:03.524+0000][1][safepoint    ] Entering safepoint region: RevokeBias
[2019-06-24T09:52:03.524+0000][1][safepoint    ] Leaving safepoint region
[2019-06-24T09:52:03.524+0000][1][safepoint    ] Total time for which application threads were stopped: 0.0000550 seconds, Stopping threads took: 0.0000135 seconds
[2019-06-24T09:52:03.546+0000][1][safepoint    ] Application time: 0.0224869 seconds
[2019-06-24T09:52:03.547+0000][1][safepoint    ] Entering safepoint region: Deoptimize
[2019-06-24T09:52:03.547+0000][1][safepoint    ] Leaving safepoint region
[2019-06-24T09:52:03.547+0000][1][safepoint    ] Total time for which application threads were stopped: 0.0004396 seconds, Stopping threads took: 0.0000126 seconds
[2019-06-24T09:52:03.869+0000][1][safepoint    ] Application time: 0.3216553 seconds
[2019-06-24T09:52:03.869+0000][1][safepoint    ] Entering safepoint region: RevokeBias
[2019-06-24T09:52:03.869+0000][1][safepoint    ] Leaving safepoint region
[2019-06-24T09:52:03.869+0000][1][safepoint    ] Total time for which application threads were stopped: 0.0001457 seconds, Stopping threads took: 0.0000620 seconds
[2019-06-24T09:52:03.869+0000][1][safepoint    ] Application time: 0.0001852 seconds
[2019-06-24T09:52:03.869+0000][1][safepoint    ] Entering safepoint region: RevokeBias
[2019-06-24T09:52:03.869+0000][1][safepoint    ] Leaving safepoint region
[2019-06-24T09:52:03.869+0000][1][safepoint    ] Total time for which application threads were stopped: 0.0000415 seconds, Stopping threads took: 0.0000129 seconds
[2019-06-24T09:52:03.869+0000][1][safepoint    ] Application time: 0.0001270 seconds
[2019-06-24T09:52:03.869+0000][1][safepoint    ] Entering safepoint region: RevokeBias
[2019-06-24T09:52:03.869+0000][1][safepoint    ] Leaving safepoint region
[2019-06-24T09:52:03.869+0000][1][safepoint    ] Total time for which application threads were stopped: 0.0001296 seconds, Stopping threads took: 0.0001027 seconds
[2019-06-24T09:52:03.870+0000][1][safepoint    ] Application time: 0.0001931 seconds
[2019-06-24T09:52:03.870+0000][1][safepoint    ] Entering safepoint region: RevokeBias
[2019-06-24T09:52:03.870+0000][1][safepoint    ] Leaving safepoint region
[2019-06-24T09:52:03.870+0000][1][safepoint    ] Total time for which application threads were stopped: 0.0000360 seconds, Stopping threads took: 0.0000096 seconds
[2019-06-24T09:52:03.870+0000][1][safepoint    ] Application time: 0.0001481 seconds
[2019-06-24T09:52:03.870+0000][1][safepoint    ] Entering safepoint region: RevokeBias
[2019-06-24T09:52:03.870+0000][1][safepoint    ] Leaving safepoint region
[2019-06-24T09:52:03.870+0000][1][safepoint    ] Total time for which application threads were stopped: 0.0000349 seconds, Stopping threads took: 0.0000098 seconds
[2019-06-24T09:52:03.870+0000][1][safepoint    ] Application time: 0.0001313 seconds
[2019-06-24T09:52:03.870+0000][1][safepoint    ] Entering safepoint region: RevokeBias
[2019-06-24T09:52:03.870+0000][1][safepoint    ] Leaving safepoint region
[2019-06-24T09:52:03.870+0000][1][safepoint    ] Total time for which application threads were stopped: 0.0000474 seconds, Stopping threads took: 0.0000233 seconds
[2019-06-24T09:52:03.870+0000][1][safepoint    ] Application time: 0.0001073 seconds
[2019-06-24T09:52:03.870+0000][1][safepoint    ] Entering safepoint region: BulkRevokeBias
[2019-06-24T09:52:03.870+0000][1][safepoint    ] Leaving safepoint region
[2019-06-24T09:52:03.870+0000][1][safepoint    ] Total time for which application threads were stopped: 0.0000828 seconds, Stopping threads took: 0.0000229 seconds
[2019-06-24T09:52:03.880+0000][1][safepoint    ] Application time: 0.0092711 seconds
[2019-06-24T09:52:03.880+0000][1][safepoint    ] Entering safepoint region: BulkRevokeBias
[2019-06-24T09:52:03.880+0000][1][safepoint    ] Leaving safepoint region
[2019-06-24T09:52:03.880+0000][1][safepoint    ] Total time for which application threads were stopped: 0.0001046 seconds, Stopping threads took: 0.0000119 seconds
[2019-06-24T09:52:03.909+0000][1][safepoint    ] Application time: 0.0294346 seconds
[2019-06-24T09:52:03.909+0000][1][safepoint    ] Entering safepoint region: GenCollectForAllocation
[2019-06-24T09:52:03.909+0000][1][gc,start     ] GC(21) Pause Young (Allocation Failure)
[2019-06-24T09:52:03.909+0000][1][gc,task      ] GC(21) Using 5 workers of 8 for evacuation
[2019-06-24T09:52:03.915+0000][1][gc,age       ] GC(21) Desired survivor size 4456448 bytes, new threshold 2 (max threshold 6)
[2019-06-24T09:52:03.916+0000][1][gc,age       ] GC(21) Age table with threshold 2 (max threshold 6)
[2019-06-24T09:52:03.916+0000][1][gc,age       ] GC(21) - age   1:    3762800 bytes,    3762800 total
[2019-06-24T09:52:03.916+0000][1][gc,age       ] GC(21) - age   2:    1414088 bytes,    5176888 total
[2019-06-24T09:52:03.916+0000][1][gc,age       ] GC(21) - age   3:    2837440 bytes,    8014328 total
[2019-06-24T09:52:03.916+0000][1][gc,heap      ] GC(21) ParNew: 76005K->8704K(78656K)
[2019-06-24T09:52:03.916+0000][1][gc,heap      ] GC(21) CMS: 59428K->59539K(174784K)
[2019-06-24T09:52:03.916+0000][1][gc,metaspace ] GC(21) Metaspace: 61658K->61658K(1105920K)
[2019-06-24T09:52:03.916+0000][1][gc           ] GC(21) Pause Young (Allocation Failure) 132M->66M(247M) 6.421ms
[2019-06-24T09:52:03.916+0000][1][gc,cpu       ] GC(21) User=0.03s Sys=0.00s Real=0.01s
[2019-06-24T09:52:03.916+0000][1][safepoint    ] Leaving safepoint region
[2019-06-24T09:52:03.916+0000][1][safepoint    ] Total time for which application threads were stopped: 0.0065317 seconds, Stopping threads took: 0.0000129 seconds
[2019-06-24T09:52:03.966+0000][1][safepoint    ] Application time: 0.0502948 seconds
[2019-06-24T09:52:03.966+0000][1][safepoint    ] Entering safepoint region: Deoptimize
[2019-06-24T09:52:03.966+0000][1][safepoint    ] Leaving safepoint region
[2019-06-24T09:52:03.966+0000][1][safepoint    ] Total time for which application threads were stopped: 0.0004453 seconds, Stopping threads took: 0.0000123 seconds
[2019-06-24T09:52:03.972+0000][1][safepoint    ] Application time: 0.0059272 seconds
[2019-06-24T09:52:03.972+0000][1][safepoint    ] Entering safepoint region: RevokeBias
[2019-06-24T09:52:03.972+0000][1][safepoint    ] Leaving safepoint region
[2019-06-24T09:52:03.972+0000][1][safepoint    ] Total time for which application threads were stopped: 0.0000825 seconds, Stopping threads took: 0.0000345 seconds
[2019-06-24T09:52:03.973+0000][1][safepoint    ] Application time: 0.0003947 seconds
[2019-06-24T09:52:03.973+0000][1][safepoint    ] Entering safepoint region: RevokeBias
[2019-06-24T09:52:03.973+0000][1][safepoint    ] Leaving safepoint region
[2019-06-24T09:52:03.973+0000][1][safepoint    ] Total time for which application threads were stopped: 0.0001093 seconds, Stopping threads took: 0.0000732 seconds
[2019-06-24T09:52:03.974+0000][1][safepoint    ] Application time: 0.0006805 seconds
[2019-06-24T09:52:03.974+0000][1][safepoint    ] Entering safepoint region: RevokeBias
[2019-06-24T09:52:03.974+0000][1][safepoint    ] Leaving safepoint region
[2019-06-24T09:52:03.974+0000][1][safepoint    ] Total time for which application threads were stopped: 0.0000424 seconds, Stopping threads took: 0.0000099 seconds
[2019-06-24T09:52:03.974+0000][1][safepoint    ] Application time: 0.0003524 seconds
[2019-06-24T09:52:03.974+0000][1][safepoint    ] Entering safepoint region: RevokeBias
[2019-06-24T09:52:03.974+0000][1][safepoint    ] Leaving safepoint region
[2019-06-24T09:52:03.974+0000][1][safepoint    ] Total time for which application threads were stopped: 0.0000480 seconds, Stopping threads took: 0.0000098 seconds
[2019-06-24T09:52:03.974+0000][1][safepoint    ] Application time: 0.0001111 seconds
[2019-06-24T09:52:03.974+0000][1][safepoint    ] Entering safepoint region: RevokeBias
[2019-06-24T09:52:03.974+0000][1][safepoint    ] Leaving safepoint region
[2019-06-24T09:52:03.974+0000][1][safepoint    ] Total time for which application threads were stopped: 0.0000393 seconds, Stopping threads took: 0.0000078 seconds
[2019-06-24T09:52:03.975+0000][1][safepoint    ] Application time: 0.0002538 seconds
[2019-06-24T09:52:03.975+0000][1][safepoint    ] Entering safepoint region: RevokeBias
[2019-06-24T09:52:03.975+0000][1][safepoint    ] Leaving safepoint region
[2019-06-24T09:52:03.975+0000][1][safepoint    ] Total time for which application threads were stopped: 0.0000463 seconds, Stopping threads took: 0.0000096 seconds
[2019-06-24T09:52:03.975+0000][1][safepoint    ] Application time: 0.0002304 seconds
[2019-06-24T09:52:03.975+0000][1][safepoint    ] Entering safepoint region: RevokeBias
[2019-06-24T09:52:03.975+0000][1][safepoint    ] Leaving safepoint region
[2019-06-24T09:52:03.975+0000][1][safepoint    ] Total time for which application threads were stopped: 0.0000416 seconds, Stopping threads took: 0.0000098 seconds
[2019-06-24T09:52:03.975+0000][1][safepoint    ] Application time: 0.0002227 seconds
[2019-06-24T09:52:03.975+0000][1][safepoint    ] Entering safepoint region: RevokeBias
[2019-06-24T09:52:03.975+0000][1][safepoint    ] Leaving safepoint region
[2019-06-24T09:52:03.975+0000][1][safepoint    ] Total time for which application threads were stopped: 0.0000457 seconds, Stopping threads took: 0.0000103 seconds
[2019-06-24T09:52:03.975+0000][1][safepoint    ] Application time: 0.0000885 seconds
[2019-06-24T09:52:03.975+0000][1][safepoint    ] Entering safepoint region: RevokeBias
[2019-06-24T09:52:03.975+0000][1][safepoint    ] Leaving safepoint region
[2019-06-24T09:52:03.975+0000][1][safepoint    ] Total time for which application threads were stopped: 0.0000453 seconds, Stopping threads took: 0.0000101 seconds
[2019-06-24T09:52:03.976+0000][1][safepoint    ] Application time: 0.0004299 seconds
[2019-06-24T09:52:03.976+0000][1][safepoint    ] Entering safepoint region: RevokeBias
[2019-06-24T09:52:03.976+0000][1][safepoint    ] Leaving safepoint region
[2019-06-24T09:52:03.976+0000][1][safepoint    ] Total time for which application threads were stopped: 0.0000427 seconds, Stopping threads took: 0.0000104 seconds
[2019-06-24T09:52:03.977+0000][1][safepoint    ] Application time: 0.0007193 seconds
[2019-06-24T09:52:03.977+0000][1][safepoint    ] Entering safepoint region: RevokeBias
[2019-06-24T09:52:03.977+0000][1][safepoint    ] Leaving safepoint region
[2019-06-24T09:52:03.977+0000][1][safepoint    ] Total time for which application threads were stopped: 0.0000477 seconds, Stopping threads took: 0.0000104 seconds
[2019-06-24T09:52:03.977+0000][1][safepoint    ] Application time: 0.0001094 seconds
[2019-06-24T09:52:03.977+0000][1][safepoint    ] Entering safepoint region: RevokeBias
[2019-06-24T09:52:03.977+0000][1][safepoint    ] Leaving safepoint region
[2019-06-24T09:52:03.977+0000][1][safepoint    ] Total time for which application threads were stopped: 0.0000442 seconds, Stopping threads took: 0.0000099 seconds
[2019-06-24T09:52:03.979+0000][1][safepoint    ] Application time: 0.0018142 seconds
[2019-06-24T09:52:03.979+0000][1][safepoint    ] Entering safepoint region: Deoptimize
[2019-06-24T09:52:03.979+0000][1][safepoint    ] Leaving safepoint region
[2019-06-24T09:52:03.979+0000][1][safepoint    ] Total time for which application threads were stopped: 0.0003447 seconds, Stopping threads took: 0.0000102 seconds
[2019-06-24T09:52:03.997+0000][1][safepoint    ] Application time: 0.0175748 seconds
[2019-06-24T09:52:03.997+0000][1][safepoint    ] Entering safepoint region: RevokeBias
[2019-06-24T09:52:03.997+0000][1][safepoint    ] Leaving safepoint region
[2019-06-24T09:52:03.997+0000][1][safepoint    ] Total time for which application threads were stopped: 0.0001431 seconds, Stopping threads took: 0.0000997 seconds
[2019-06-24T09:52:03.997+0000][1][safepoint    ] Application time: 0.0001266 seconds
[2019-06-24T09:52:03.997+0000][1][safepoint    ] Entering safepoint region: RevokeBias
[2019-06-24T09:52:03.997+0000][1][safepoint    ] Leaving safepoint region
[2019-06-24T09:52:03.997+0000][1][safepoint    ] Total time for which application threads were stopped: 0.0000690 seconds, Stopping threads took: 0.0000386 seconds
[2019-06-24T09:52:03.998+0000][1][safepoint    ] Application time: 0.0013217 seconds
[2019-06-24T09:52:03.998+0000][1][safepoint    ] Entering safepoint region: RevokeBias
[2019-06-24T09:52:03.999+0000][1][safepoint    ] Leaving safepoint region
[2019-06-24T09:52:03.999+0000][1][safepoint    ] Total time for which application threads were stopped: 0.0001292 seconds, Stopping threads took: 0.0000475 seconds
[2019-06-24T09:52:03.999+0000][1][safepoint    ] Application time: 0.0001365 seconds
[2019-06-24T09:52:03.999+0000][1][safepoint    ] Entering safepoint region: RevokeBias
[2019-06-24T09:52:03.999+0000][1][safepoint    ] Leaving safepoint region
[2019-06-24T09:52:03.999+0000][1][safepoint    ] Total time for which application threads were stopped: 0.0001178 seconds, Stopping threads took: 0.0000815 seconds
[2019-06-24T09:52:03.999+0000][1][safepoint    ] Application time: 0.0001253 seconds
[2019-06-24T09:52:03.999+0000][1][safepoint    ] Entering safepoint region: RevokeBias
[2019-06-24T09:52:03.999+0000][1][safepoint    ] Leaving safepoint region
[2019-06-24T09:52:03.999+0000][1][safepoint    ] Total time for which application threads were stopped: 0.0000763 seconds, Stopping threads took: 0.0000470 seconds
[2019-06-24T09:52:03.999+0000][1][safepoint    ] Application time: 0.0000399 seconds
[2019-06-24T09:52:03.999+0000][1][safepoint    ] Entering safepoint region: RevokeBias
[2019-06-24T09:52:03.999+0000][1][safepoint    ] Leaving safepoint region
[2019-06-24T09:52:03.999+0000][1][safepoint    ] Total time for which application threads were stopped: 0.0000324 seconds, Stopping threads took: 0.0000073 seconds
[2019-06-24T09:52:04.000+0000][1][safepoint    ] Application time: 0.0004966 seconds
[2019-06-24T09:52:04.000+0000][1][safepoint    ] Entering safepoint region: RevokeBias
[2019-06-24T09:52:04.000+0000][1][safepoint    ] Leaving safepoint region
[2019-06-24T09:52:04.000+0000][1][safepoint    ] Total time for which application threads were stopped: 0.0001953 seconds, Stopping threads took: 0.0001664 seconds
[2019-06-24T09:52:04.000+0000][1][safepoint    ] Application time: 0.0002929 seconds
[2019-06-24T09:52:04.000+0000][1][safepoint    ] Entering safepoint region: RevokeBias
[2019-06-24T09:52:04.000+0000][1][safepoint    ] Leaving safepoint region
[2019-06-24T09:52:04.000+0000][1][safepoint    ] Total time for which application threads were stopped: 0.0001288 seconds, Stopping threads took: 0.0000769 seconds
[2019-06-24T09:52:04.000+0000][1][safepoint    ] Application time: 0.0001601 seconds
[2019-06-24T09:52:04.001+0000][1][safepoint    ] Entering safepoint region: RevokeBias
[2019-06-24T09:52:04.001+0000][1][safepoint    ] Leaving safepoint region
[2019-06-24T09:52:04.001+0000][1][safepoint    ] Total time for which application threads were stopped: 0.0002323 seconds, Stopping threads took: 0.0001756 seconds
[2019-06-24T09:52:04.001+0000][1][safepoint    ] Application time: 0.0001404 seconds
[2019-06-24T09:52:04.001+0000][1][safepoint    ] Entering safepoint region: RevokeBias
[2019-06-24T09:52:04.001+0000][1][safepoint    ] Leaving safepoint region
[2019-06-24T09:52:04.001+0000][1][safepoint    ] Total time for which application threads were stopped: 0.0001262 seconds, Stopping threads took: 0.0000826 seconds
[2019-06-24T09:52:04.001+0000][1][safepoint    ] Application time: 0.0004487 seconds
[2019-06-24T09:52:04.002+0000][1][safepoint    ] Entering safepoint region: RevokeBias
[2019-06-24T09:52:04.002+0000][1][safepoint    ] Leaving safepoint region
[2019-06-24T09:52:04.002+0000][1][safepoint    ] Total time for which application threads were stopped: 0.0001216 seconds, Stopping threads took: 0.0000738 seconds
[2019-06-24T09:52:04.003+0000][1][safepoint    ] Application time: 0.0018365 seconds
[2019-06-24T09:52:04.004+0000][1][safepoint    ] Entering safepoint region: RevokeBias
[2019-06-24T09:52:04.004+0000][1][safepoint    ] Leaving safepoint region
[2019-06-24T09:52:04.004+0000][1][safepoint    ] Total time for which application threads were stopped: 0.0001709 seconds, Stopping threads took: 0.0001031 seconds
[2019-06-24T09:52:04.004+0000][1][safepoint    ] Application time: 0.0002481 seconds
[2019-06-24T09:52:04.004+0000][1][safepoint    ] Entering safepoint region: RevokeBias
[2019-06-24T09:52:04.004+0000][1][safepoint    ] Leaving safepoint region
[2019-06-24T09:52:04.004+0000][1][safepoint    ] Total time for which application threads were stopped: 0.0001629 seconds, Stopping threads took: 0.0001135 seconds
[2019-06-24T09:52:04.005+0000][1][safepoint    ] Application time: 0.0004619 seconds
[2019-06-24T09:52:04.005+0000][1][safepoint    ] Entering safepoint region: RevokeBias
[2019-06-24T09:52:04.005+0000][1][safepoint    ] Leaving safepoint region
[2019-06-24T09:52:04.005+0000][1][safepoint    ] Total time for which application threads were stopped: 0.0001642 seconds, Stopping threads took: 0.0001237 seconds
[2019-06-24T09:52:04.006+0000][1][safepoint    ] Application time: 0.0007746 seconds
[2019-06-24T09:52:04.006+0000][1][safepoint    ] Entering safepoint region: RevokeBias
[2019-06-24T09:52:04.006+0000][1][safepoint    ] Leaving safepoint region
[2019-06-24T09:52:04.006+0000][1][safepoint    ] Total time for which application threads were stopped: 0.0002108 seconds, Stopping threads took: 0.0001402 seconds
[2019-06-24T09:52:04.006+0000][1][safepoint    ] Application time: 0.0003172 seconds
[2019-06-24T09:52:04.006+0000][1][safepoint    ] Entering safepoint region: RevokeBias
[2019-06-24T09:52:04.006+0000][1][safepoint    ] Leaving safepoint region
[2019-06-24T09:52:04.006+0000][1][safepoint    ] Total time for which application threads were stopped: 0.0001477 seconds, Stopping threads took: 0.0000726 seconds
[2019-06-24T09:52:04.006+0000][1][safepoint    ] Application time: 0.0000690 seconds
[2019-06-24T09:52:04.006+0000][1][safepoint    ] Entering safepoint region: RevokeBias
[2019-06-24T09:52:04.006+0000][1][safepoint    ] Leaving safepoint region
[2019-06-24T09:52:04.006+0000][1][safepoint    ] Total time for which application threads were stopped: 0.0001153 seconds, Stopping threads took: 0.0000405 seconds
[2019-06-24T09:52:04.007+0000][1][safepoint    ] Application time: 0.0002715 seconds
[2019-06-24T09:52:04.007+0000][1][safepoint    ] Entering safepoint region: RevokeBias
[2019-06-24T09:52:04.007+0000][1][safepoint    ] Leaving safepoint region
[2019-06-24T09:52:04.007+0000][1][safepoint    ] Total time for which application threads were stopped: 0.0001276 seconds, Stopping threads took: 0.0000833 seconds
[2019-06-24T09:52:04.008+0000][1][safepoint    ] Application time: 0.0013411 seconds
[2019-06-24T09:52:04.008+0000][1][safepoint    ] Entering safepoint region: RevokeBias
[2019-06-24T09:52:04.008+0000][1][safepoint    ] Leaving safepoint region
[2019-06-24T09:52:04.008+0000][1][safepoint    ] Total time for which application threads were stopped: 0.0000925 seconds, Stopping threads took: 0.0000324 seconds
[2019-06-24T09:52:04.008+0000][1][safepoint    ] Application time: 0.0000664 seconds
[2019-06-24T09:52:04.008+0000][1][safepoint    ] Entering safepoint region: RevokeBias
[2019-06-24T09:52:04.008+0000][1][safepoint    ] Leaving safepoint region
[2019-06-24T09:52:04.008+0000][1][safepoint    ] Total time for which application threads were stopped: 0.0000686 seconds, Stopping threads took: 0.0000270 seconds
[2019-06-24T09:52:04.009+0000][1][safepoint    ] Application time: 0.0004524 seconds
[2019-06-24T09:52:04.009+0000][1][safepoint    ] Entering safepoint region: RevokeBias
[2019-06-24T09:52:04.009+0000][1][safepoint    ] Leaving safepoint region
[2019-06-24T09:52:04.009+0000][1][safepoint    ] Total time for which application threads were stopped: 0.0001600 seconds, Stopping threads took: 0.0001065 seconds
[2019-06-24T09:52:04.009+0000][1][safepoint    ] Application time: 0.0000612 seconds
[2019-06-24T09:52:04.009+0000][1][safepoint    ] Entering safepoint region: RevokeBias
[2019-06-24T09:52:04.009+0000][1][safepoint    ] Leaving safepoint region
[2019-06-24T09:52:04.009+0000][1][safepoint    ] Total time for which application threads were stopped: 0.0000832 seconds, Stopping threads took: 0.0000501 seconds
[2019-06-24T09:52:04.011+0000][1][safepoint    ] Application time: 0.0021906 seconds
[2019-06-24T09:52:04.012+0000][1][safepoint    ] Entering safepoint region: RevokeBias
[2019-06-24T09:52:04.012+0000][1][safepoint    ] Leaving safepoint region
[2019-06-24T09:52:04.012+0000][1][safepoint    ] Total time for which application threads were stopped: 0.0001373 seconds, Stopping threads took: 0.0000899 seconds
[2019-06-24T09:52:04.012+0000][1][safepoint    ] Application time: 0.0007931 seconds
[2019-06-24T09:52:04.013+0000][1][safepoint    ] Entering safepoint region: RevokeBias
[2019-06-24T09:52:04.013+0000][1][safepoint    ] Leaving safepoint region
[2019-06-24T09:52:04.013+0000][1][safepoint    ] Total time for which application threads were stopped: 0.0001177 seconds, Stopping threads took: 0.0000386 seconds
[2019-06-24T09:52:04.013+0000][1][safepoint    ] Application time: 0.0002683 seconds
[2019-06-24T09:52:04.013+0000][1][safepoint    ] Entering safepoint region: RevokeBias
[2019-06-24T09:52:04.013+0000][1][safepoint    ] Leaving safepoint region
[2019-06-24T09:52:04.013+0000][1][safepoint    ] Total time for which application threads were stopped: 0.0001758 seconds, Stopping threads took: 0.0001252 seconds
[2019-06-24T09:52:04.023+0000][1][safepoint    ] Application time: 0.0097529 seconds
[2019-06-24T09:52:04.023+0000][1][safepoint    ] Entering safepoint region: RevokeBias
[2019-06-24T09:52:04.024+0000][1][safepoint    ] Leaving safepoint region
[2019-06-24T09:52:04.024+0000][1][safepoint    ] Total time for which application threads were stopped: 0.0007074 seconds, Stopping threads took: 0.0001750 seconds
[2019-06-24T09:52:04.024+0000][1][safepoint    ] Application time: 0.0002839 seconds
[2019-06-24T09:52:04.024+0000][1][safepoint    ] Entering safepoint region: RevokeBias
[2019-06-24T09:52:04.024+0000][1][safepoint    ] Leaving safepoint region
[2019-06-24T09:52:04.024+0000][1][safepoint    ] Total time for which application threads were stopped: 0.0001553 seconds, Stopping threads took: 0.0000384 seconds
[2019-06-24T09:52:04.025+0000][1][safepoint    ] Application time: 0.0006236 seconds
[2019-06-24T09:52:04.025+0000][1][safepoint    ] Entering safepoint region: RevokeBias
[2019-06-24T09:52:04.025+0000][1][safepoint    ] Leaving safepoint region
[2019-06-24T09:52:04.025+0000][1][safepoint    ] Total time for which application threads were stopped: 0.0000918 seconds, Stopping threads took: 0.0000216 seconds
[2019-06-24T09:52:04.025+0000][1][safepoint    ] Application time: 0.0000987 seconds
[2019-06-24T09:52:04.025+0000][1][safepoint    ] Entering safepoint region: RevokeBias
[2019-06-24T09:52:04.025+0000][1][safepoint    ] Leaving safepoint region
[2019-06-24T09:52:04.025+0000][1][safepoint    ] Total time for which application threads were stopped: 0.0001632 seconds, Stopping threads took: 0.0001103 seconds
[2019-06-24T09:52:04.025+0000][1][safepoint    ] Application time: 0.0001055 seconds
[2019-06-24T09:52:04.025+0000][1][safepoint    ] Entering safepoint region: RevokeBias
[2019-06-24T09:52:04.025+0000][1][safepoint    ] Leaving safepoint region
[2019-06-24T09:52:04.025+0000][1][safepoint    ] Total time for which application threads were stopped: 0.0001072 seconds, Stopping threads took: 0.0000634 seconds
[2019-06-24T09:52:04.030+0000][1][safepoint    ] Application time: 0.0042662 seconds
[2019-06-24T09:52:04.030+0000][1][safepoint    ] Entering safepoint region: RevokeBias
[2019-06-24T09:52:04.030+0000][1][safepoint    ] Leaving safepoint region
[2019-06-24T09:52:04.030+0000][1][safepoint    ] Total time for which application threads were stopped: 0.0000813 seconds, Stopping threads took: 0.0000159 seconds
[2019-06-24T09:52:04.030+0000][1][safepoint    ] Application time: 0.0000509 seconds
[2019-06-24T09:52:04.030+0000][1][safepoint    ] Entering safepoint region: RevokeBias
[2019-06-24T09:52:04.030+0000][1][safepoint    ] Leaving safepoint region
[2019-06-24T09:52:04.030+0000][1][safepoint    ] Total time for which application threads were stopped: 0.0000544 seconds, Stopping threads took: 0.0000097 seconds
[2019-06-24T09:52:04.033+0000][1][safepoint    ] Application time: 0.0026232 seconds
[2019-06-24T09:52:04.033+0000][1][safepoint    ] Entering safepoint region: RevokeBias
[2019-06-24T09:52:04.033+0000][1][safepoint    ] Leaving safepoint region
[2019-06-24T09:52:04.033+0000][1][safepoint    ] Total time for which application threads were stopped: 0.0000831 seconds, Stopping threads took: 0.0000147 seconds
[2019-06-24T09:52:04.033+0000][1][safepoint    ] Application time: 0.0001285 seconds
[2019-06-24T09:52:04.033+0000][1][safepoint    ] Entering safepoint region: RevokeBias
[2019-06-24T09:52:04.033+0000][1][safepoint    ] Leaving safepoint region
[2019-06-24T09:52:04.033+0000][1][safepoint    ] Total time for which application threads were stopped: 0.0001266 seconds, Stopping threads took: 0.0000488 seconds
[2019-06-24T09:52:04.033+0000][1][safepoint    ] Application time: 0.0001661 seconds
[2019-06-24T09:52:04.033+0000][1][safepoint    ] Entering safepoint region: RevokeBias
[2019-06-24T09:52:04.033+0000][1][safepoint    ] Leaving safepoint region
[2019-06-24T09:52:04.033+0000][1][safepoint    ] Total time for which application threads were stopped: 0.0000554 seconds, Stopping threads took: 0.0000122 seconds
[2019-06-24T09:52:04.033+0000][1][safepoint    ] Application time: 0.0000845 seconds
[2019-06-24T09:52:04.033+0000][1][safepoint    ] Entering safepoint region: RevokeBias
[2019-06-24T09:52:04.033+0000][1][safepoint    ] Leaving safepoint region
[2019-06-24T09:52:04.033+0000][1][safepoint    ] Total time for which application threads were stopped: 0.0000454 seconds, Stopping threads took: 0.0000095 seconds
[2019-06-24T09:52:04.033+0000][1][safepoint    ] Application time: 0.0000710 seconds
[2019-06-24T09:52:04.033+0000][1][safepoint    ] Entering safepoint region: RevokeBias
[2019-06-24T09:52:04.033+0000][1][safepoint    ] Leaving safepoint region
[2019-06-24T09:52:04.033+0000][1][safepoint    ] Total time for which application threads were stopped: 0.0000465 seconds, Stopping threads took: 0.0000093 seconds
[2019-06-24T09:52:04.037+0000][1][safepoint    ] Application time: 0.0036238 seconds
[2019-06-24T09:52:04.037+0000][1][safepoint    ] Entering safepoint region: RevokeBias
[2019-06-24T09:52:04.037+0000][1][safepoint    ] Leaving safepoint region
[2019-06-24T09:52:04.037+0000][1][safepoint    ] Total time for which application threads were stopped: 0.0000663 seconds, Stopping threads took: 0.0000149 seconds
[2019-06-24T09:52:04.037+0000][1][safepoint    ] Application time: 0.0001011 seconds
[2019-06-24T09:52:04.037+0000][1][safepoint    ] Entering safepoint region: RevokeBias
[2019-06-24T09:52:04.037+0000][1][safepoint    ] Leaving safepoint region
[2019-06-24T09:52:04.037+0000][1][safepoint    ] Total time for which application threads were stopped: 0.0001253 seconds, Stopping threads took: 0.0000517 seconds
[2019-06-24T09:52:04.038+0000][1][safepoint    ] Application time: 0.0001716 seconds
[2019-06-24T09:52:04.038+0000][1][safepoint    ] Entering safepoint region: RevokeBias
[2019-06-24T09:52:04.038+0000][1][safepoint    ] Leaving safepoint region
[2019-06-24T09:52:04.038+0000][1][safepoint    ] Total time for which application threads were stopped: 0.0003104 seconds, Stopping threads took: 0.0002442 seconds
[2019-06-24T09:52:04.038+0000][1][safepoint    ] Application time: 0.0000975 seconds
[2019-06-24T09:52:04.038+0000][1][safepoint    ] Entering safepoint region: RevokeBias
[2019-06-24T09:52:04.038+0000][1][safepoint    ] Leaving safepoint region
[2019-06-24T09:52:04.038+0000][1][safepoint    ] Total time for which application threads were stopped: 0.0001093 seconds, Stopping threads took: 0.0000551 seconds
[2019-06-24T09:52:04.042+0000][1][safepoint    ] Application time: 0.0040242 seconds
[2019-06-24T09:52:04.042+0000][1][safepoint    ] Entering safepoint region: RevokeBias
[2019-06-24T09:52:04.042+0000][1][safepoint    ] Leaving safepoint region
[2019-06-24T09:52:04.042+0000][1][safepoint    ] Total time for which application threads were stopped: 0.0001551 seconds, Stopping threads took: 0.0000532 seconds
[2019-06-24T09:52:04.043+0000][1][safepoint    ] Application time: 0.0000858 seconds
[2019-06-24T09:52:04.043+0000][1][safepoint    ] Entering safepoint region: RevokeBias
[2019-06-24T09:52:04.043+0000][1][safepoint    ] Leaving safepoint region
[2019-06-24T09:52:04.043+0000][1][safepoint    ] Total time for which application threads were stopped: 0.0001060 seconds, Stopping threads took: 0.0000556 seconds
[2019-06-24T09:52:04.047+0000][1][safepoint    ] Application time: 0.0038874 seconds
[2019-06-24T09:52:04.047+0000][1][safepoint    ] Entering safepoint region: RevokeBias
[2019-06-24T09:52:04.047+0000][1][safepoint    ] Leaving safepoint region
[2019-06-24T09:52:04.047+0000][1][safepoint    ] Total time for which application threads were stopped: 0.0000972 seconds, Stopping threads took: 0.0000168 seconds
[2019-06-24T09:52:04.048+0000][1][safepoint    ] Application time: 0.0011338 seconds
[2019-06-24T09:52:04.051+0000][1][safepoint    ] Entering safepoint region: RevokeBias
[2019-06-24T09:52:04.051+0000][1][safepoint    ] Leaving safepoint region
[2019-06-24T09:52:04.051+0000][1][safepoint    ] Total time for which application threads were stopped: 0.0029489 seconds, Stopping threads took: 0.0028527 seconds
[2019-06-24T09:52:04.051+0000][1][safepoint    ] Application time: 0.0001689 seconds
[2019-06-24T09:52:04.051+0000][1][safepoint    ] Entering safepoint region: RevokeBias
[2019-06-24T09:52:04.051+0000][1][safepoint    ] Leaving safepoint region
[2019-06-24T09:52:04.051+0000][1][safepoint    ] Total time for which application threads were stopped: 0.0001789 seconds, Stopping threads took: 0.0001114 seconds
[2019-06-24T09:52:04.051+0000][1][safepoint    ] Application time: 0.0001072 seconds
[2019-06-24T09:52:04.051+0000][1][safepoint    ] Entering safepoint region: RevokeBias
[2019-06-24T09:52:04.051+0000][1][safepoint    ] Leaving safepoint region
[2019-06-24T09:52:04.052+0000][1][safepoint    ] Total time for which application threads were stopped: 0.0001833 seconds, Stopping threads took: 0.0001131 seconds
[2019-06-24T09:52:04.052+0000][1][safepoint    ] Application time: 0.0005734 seconds
[2019-06-24T09:52:04.052+0000][1][safepoint    ] Entering safepoint region: RevokeBias
[2019-06-24T09:52:04.052+0000][1][safepoint    ] Leaving safepoint region
[2019-06-24T09:52:04.052+0000][1][safepoint    ] Total time for which application threads were stopped: 0.0002023 seconds, Stopping threads took: 0.0001406 seconds
[2019-06-24T09:52:04.052+0000][1][safepoint    ] Application time: 0.0000742 seconds
[2019-06-24T09:52:04.052+0000][1][safepoint    ] Entering safepoint region: RevokeBias
[2019-06-24T09:52:04.053+0000][1][safepoint    ] Leaving safepoint region
[2019-06-24T09:52:04.053+0000][1][safepoint    ] Total time for which application threads were stopped: 0.0001006 seconds, Stopping threads took: 0.0000553 seconds
[2019-06-24T09:52:04.053+0000][1][safepoint    ] Application time: 0.0000479 seconds
[2019-06-24T09:52:04.053+0000][1][safepoint    ] Entering safepoint region: RevokeBias
[2019-06-24T09:52:04.053+0000][1][safepoint    ] Leaving safepoint region
[2019-06-24T09:52:04.053+0000][1][safepoint    ] Total time for which application threads were stopped: 0.0000702 seconds, Stopping threads took: 0.0000289 seconds
[2019-06-24T09:52:04.057+0000][1][safepoint    ] Application time: 0.0043664 seconds
[2019-06-24T09:52:04.057+0000][1][safepoint    ] Entering safepoint region: RevokeBias
[2019-06-24T09:52:04.057+0000][1][safepoint    ] Leaving safepoint region
[2019-06-24T09:52:04.057+0000][1][safepoint    ] Total time for which application threads were stopped: 0.0001391 seconds, Stopping threads took: 0.0000604 seconds
[2019-06-24T09:52:04.059+0000][1][safepoint    ] Application time: 0.0013313 seconds
[2019-06-24T09:52:04.059+0000][1][safepoint    ] Entering safepoint region: RevokeBias
[2019-06-24T09:52:04.059+0000][1][safepoint    ] Leaving safepoint region
[2019-06-24T09:52:04.059+0000][1][safepoint    ] Total time for which application threads were stopped: 0.0001261 seconds, Stopping threads took: 0.0000564 seconds
[2019-06-24T09:52:04.074+0000][1][safepoint    ] Application time: 0.0152445 seconds
[2019-06-24T09:52:04.074+0000][1][safepoint    ] Entering safepoint region: RevokeBias
[2019-06-24T09:52:04.074+0000][1][safepoint    ] Leaving safepoint region
[2019-06-24T09:52:04.074+0000][1][safepoint    ] Total time for which application threads were stopped: 0.0000750 seconds, Stopping threads took: 0.0000186 seconds
[2019-06-24T09:52:04.085+0000][1][safepoint    ] Application time: 0.0111597 seconds
[2019-06-24T09:52:04.085+0000][1][safepoint    ] Entering safepoint region: RevokeBias
[2019-06-24T09:52:04.085+0000][1][safepoint    ] Leaving safepoint region
[2019-06-24T09:52:04.085+0000][1][safepoint    ] Total time for which application threads were stopped: 0.0000666 seconds, Stopping threads took: 0.0000150 seconds
[2019-06-24T09:52:04.086+0000][1][safepoint    ] Application time: 0.0003055 seconds
[2019-06-24T09:52:04.086+0000][1][safepoint    ] Entering safepoint region: RevokeBias
[2019-06-24T09:52:04.086+0000][1][safepoint    ] Leaving safepoint region
[2019-06-24T09:52:04.086+0000][1][safepoint    ] Total time for which application threads were stopped: 0.0000647 seconds, Stopping threads took: 0.0000118 seconds
[2019-06-24T09:52:04.086+0000][1][safepoint    ] Application time: 0.0001357 seconds
[2019-06-24T09:52:04.086+0000][1][safepoint    ] Entering safepoint region: RevokeBias
[2019-06-24T09:52:04.086+0000][1][safepoint    ] Leaving safepoint region
[2019-06-24T09:52:04.086+0000][1][safepoint    ] Total time for which application threads were stopped: 0.0000481 seconds, Stopping threads took: 0.0000110 seconds
[2019-06-24T09:52:04.086+0000][1][safepoint    ] Application time: 0.0001138 seconds
[2019-06-24T09:52:04.086+0000][1][safepoint    ] Entering safepoint region: RevokeBias
[2019-06-24T09:52:04.086+0000][1][safepoint    ] Leaving safepoint region
[2019-06-24T09:52:04.086+0000][1][safepoint    ] Total time for which application threads were stopped: 0.0000467 seconds, Stopping threads took: 0.0000109 seconds
[2019-06-24T09:52:04.086+0000][1][safepoint    ] Application time: 0.0002791 seconds
[2019-06-24T09:52:04.086+0000][1][safepoint    ] Entering safepoint region: RevokeBias
[2019-06-24T09:52:04.087+0000][1][safepoint    ] Leaving safepoint region
[2019-06-24T09:52:04.087+0000][1][safepoint    ] Total time for which application threads were stopped: 0.0000854 seconds, Stopping threads took: 0.0000104 seconds
[2019-06-24T09:52:04.110+0000][1][safepoint    ] Application time: 0.0233891 seconds
[2019-06-24T09:52:04.110+0000][1][safepoint    ] Entering safepoint region: RevokeBias
[2019-06-24T09:52:04.110+0000][1][safepoint    ] Leaving safepoint region
[2019-06-24T09:52:04.110+0000][1][safepoint    ] Total time for which application threads were stopped: 0.0002177 seconds, Stopping threads took: 0.0000204 seconds
[2019-06-24T09:52:04.113+0000][1][safepoint    ] Application time: 0.0030074 seconds
[2019-06-24T09:52:04.113+0000][1][safepoint    ] Entering safepoint region: RevokeBias
[2019-06-24T09:52:04.113+0000][1][safepoint    ] Leaving safepoint region
[2019-06-24T09:52:04.113+0000][1][safepoint    ] Total time for which application threads were stopped: 0.0001049 seconds, Stopping threads took: 0.0000244 seconds
[2019-06-24T09:52:04.115+0000][1][safepoint    ] Application time: 0.0016742 seconds
[2019-06-24T09:52:04.115+0000][1][safepoint    ] Entering safepoint region: RevokeBias
[2019-06-24T09:52:04.115+0000][1][safepoint    ] Leaving safepoint region
[2019-06-24T09:52:04.115+0000][1][safepoint    ] Total time for which application threads were stopped: 0.0001232 seconds, Stopping threads took: 0.0000392 seconds
[2019-06-24T09:52:04.115+0000][1][safepoint    ] Application time: 0.0003018 seconds
[2019-06-24T09:52:04.116+0000][1][safepoint    ] Entering safepoint region: RevokeBias
[2019-06-24T09:52:04.116+0000][1][safepoint    ] Leaving safepoint region
[2019-06-24T09:52:04.116+0000][1][safepoint    ] Total time for which application threads were stopped: 0.0001162 seconds, Stopping threads took: 0.0000501 seconds
[2019-06-24T09:52:04.116+0000][1][safepoint    ] Application time: 0.0001339 seconds
[2019-06-24T09:52:04.116+0000][1][safepoint    ] Entering safepoint region: RevokeBias
[2019-06-24T09:52:04.116+0000][1][safepoint    ] Leaving safepoint region
[2019-06-24T09:52:04.116+0000][1][safepoint    ] Total time for which application threads were stopped: 0.0001033 seconds, Stopping threads took: 0.0000499 seconds
[2019-06-24T09:52:04.116+0000][1][safepoint    ] Application time: 0.0001121 seconds
[2019-06-24T09:52:04.116+0000][1][safepoint    ] Entering safepoint region: RevokeBias
[2019-06-24T09:52:04.116+0000][1][safepoint    ] Leaving safepoint region
[2019-06-24T09:52:04.116+0000][1][safepoint    ] Total time for which application threads were stopped: 0.0001754 seconds, Stopping threads took: 0.0001037 seconds
[2019-06-24T09:52:04.116+0000][1][safepoint    ] Application time: 0.0002698 seconds
[2019-06-24T09:52:04.117+0000][1][safepoint    ] Entering safepoint region: RevokeBias
[2019-06-24T09:52:04.117+0000][1][safepoint    ] Leaving safepoint region
[2019-06-24T09:52:04.117+0000][1][safepoint    ] Total time for which application threads were stopped: 0.0001112 seconds, Stopping threads took: 0.0000487 seconds
[2019-06-24T09:52:04.117+0000][1][safepoint    ] Application time: 0.0000605 seconds
[2019-06-24T09:52:04.117+0000][1][safepoint    ] Entering safepoint region: RevokeBias
[2019-06-24T09:52:04.117+0000][1][safepoint    ] Leaving safepoint region
[2019-06-24T09:52:04.117+0000][1][safepoint    ] Total time for which application threads were stopped: 0.0001405 seconds, Stopping threads took: 0.0000834 seconds
[2019-06-24T09:52:04.117+0000][1][safepoint    ] Application time: 0.0005635 seconds
[2019-06-24T09:52:04.117+0000][1][safepoint    ] Entering safepoint region: RevokeBias
[2019-06-24T09:52:04.118+0000][1][safepoint    ] Leaving safepoint region
[2019-06-24T09:52:04.118+0000][1][safepoint    ] Total time for which application threads were stopped: 0.0001513 seconds, Stopping threads took: 0.0000803 seconds
[2019-06-24T09:52:04.118+0000][1][safepoint    ] Application time: 0.0002611 seconds
[2019-06-24T09:52:04.119+0000][1][safepoint    ] Entering safepoint region: RevokeBias
[2019-06-24T09:52:04.119+0000][1][safepoint    ] Leaving safepoint region
[2019-06-24T09:52:04.119+0000][1][safepoint    ] Total time for which application threads were stopped: 0.0007368 seconds, Stopping threads took: 0.0006480 seconds
[2019-06-24T09:52:04.119+0000][1][safepoint    ] Application time: 0.0005711 seconds
[2019-06-24T09:52:04.119+0000][1][safepoint    ] Entering safepoint region: RevokeBias
[2019-06-24T09:52:04.119+0000][1][safepoint    ] Leaving safepoint region
[2019-06-24T09:52:04.119+0000][1][safepoint    ] Total time for which application threads were stopped: 0.0002258 seconds, Stopping threads took: 0.0001258 seconds
[2019-06-24T09:52:04.120+0000][1][safepoint    ] Application time: 0.0001206 seconds
[2019-06-24T09:52:04.120+0000][1][safepoint    ] Entering safepoint region: RevokeBias
[2019-06-24T09:52:04.120+0000][1][safepoint    ] Leaving safepoint region
[2019-06-24T09:52:04.120+0000][1][safepoint    ] Total time for which application threads were stopped: 0.0000971 seconds, Stopping threads took: 0.0000377 seconds
[2019-06-24T09:52:04.120+0000][1][safepoint    ] Application time: 0.0001714 seconds
[2019-06-24T09:52:04.120+0000][1][safepoint    ] Entering safepoint region: RevokeBias
[2019-06-24T09:52:04.120+0000][1][safepoint    ] Leaving safepoint region
[2019-06-24T09:52:04.120+0000][1][safepoint    ] Total time for which application threads were stopped: 0.0001415 seconds, Stopping threads took: 0.0000593 seconds
[2019-06-24T09:52:04.120+0000][1][safepoint    ] Application time: 0.0004454 seconds
[2019-06-24T09:52:04.121+0000][1][safepoint    ] Entering safepoint region: RevokeBias
[2019-06-24T09:52:04.121+0000][1][safepoint    ] Leaving safepoint region
[2019-06-24T09:52:04.121+0000][1][safepoint    ] Total time for which application threads were stopped: 0.0001085 seconds, Stopping threads took: 0.0000481 seconds
[2019-06-24T09:52:04.121+0000][1][safepoint    ] Application time: 0.0000916 seconds
[2019-06-24T09:52:04.121+0000][1][safepoint    ] Entering safepoint region: RevokeBias
[2019-06-24T09:52:04.121+0000][1][safepoint    ] Leaving safepoint region
[2019-06-24T09:52:04.121+0000][1][safepoint    ] Total time for which application threads were stopped: 0.0001256 seconds, Stopping threads took: 0.0000760 seconds
[2019-06-24T09:52:04.121+0000][1][safepoint    ] Application time: 0.0001677 seconds
[2019-06-24T09:52:04.121+0000][1][safepoint    ] Entering safepoint region: RevokeBias
[2019-06-24T09:52:04.121+0000][1][safepoint    ] Leaving safepoint region
[2019-06-24T09:52:04.121+0000][1][safepoint    ] Total time for which application threads were stopped: 0.0001264 seconds, Stopping threads took: 0.0000694 seconds
[2019-06-24T09:52:04.122+0000][1][safepoint    ] Application time: 0.0005465 seconds
[2019-06-24T09:52:04.122+0000][1][safepoint    ] Entering safepoint region: RevokeBias
[2019-06-24T09:52:04.122+0000][1][safepoint    ] Leaving safepoint region
[2019-06-24T09:52:04.122+0000][1][safepoint    ] Total time for which application threads were stopped: 0.0001267 seconds, Stopping threads took: 0.0000499 seconds
[2019-06-24T09:52:04.122+0000][1][safepoint    ] Application time: 0.0001944 seconds
[2019-06-24T09:52:04.122+0000][1][safepoint    ] Entering safepoint region: RevokeBias
[2019-06-24T09:52:04.122+0000][1][safepoint    ] Leaving safepoint region
[2019-06-24T09:52:04.122+0000][1][safepoint    ] Total time for which application threads were stopped: 0.0000754 seconds, Stopping threads took: 0.0000290 seconds
[2019-06-24T09:52:04.122+0000][1][safepoint    ] Application time: 0.0001620 seconds
[2019-06-24T09:52:04.122+0000][1][safepoint    ] Entering safepoint region: RevokeBias
[2019-06-24T09:52:04.122+0000][1][safepoint    ] Leaving safepoint region
[2019-06-24T09:52:04.122+0000][1][safepoint    ] Total time for which application threads were stopped: 0.0000795 seconds, Stopping threads took: 0.0000275 seconds
[2019-06-24T09:52:04.123+0000][1][safepoint    ] Application time: 0.0005156 seconds
[2019-06-24T09:52:04.123+0000][1][safepoint    ] Entering safepoint region: RevokeBias
[2019-06-24T09:52:04.123+0000][1][safepoint    ] Leaving safepoint region
[2019-06-24T09:52:04.123+0000][1][safepoint    ] Total time for which application threads were stopped: 0.0001317 seconds, Stopping threads took: 0.0000766 seconds
[2019-06-24T09:52:04.124+0000][1][safepoint    ] Application time: 0.0005764 seconds
[2019-06-24T09:52:04.127+0000][1][safepoint    ] Entering safepoint region: RevokeBias
[2019-06-24T09:52:04.127+0000][1][safepoint    ] Leaving safepoint region
[2019-06-24T09:52:04.127+0000][1][safepoint    ] Total time for which application threads were stopped: 0.0029008 seconds, Stopping threads took: 0.0028334 seconds
[2019-06-24T09:52:04.127+0000][1][safepoint    ] Application time: 0.0001240 seconds
[2019-06-24T09:52:04.127+0000][1][safepoint    ] Entering safepoint region: RevokeBias
[2019-06-24T09:52:04.127+0000][1][safepoint    ] Leaving safepoint region
[2019-06-24T09:52:04.127+0000][1][safepoint    ] Total time for which application threads were stopped: 0.0001084 seconds, Stopping threads took: 0.0000552 seconds
[2019-06-24T09:52:04.127+0000][1][safepoint    ] Application time: 0.0001190 seconds
[2019-06-24T09:52:04.127+0000][1][safepoint    ] Entering safepoint region: RevokeBias
[2019-06-24T09:52:04.127+0000][1][safepoint    ] Leaving safepoint region
[2019-06-24T09:52:04.127+0000][1][safepoint    ] Total time for which application threads were stopped: 0.0001194 seconds, Stopping threads took: 0.0000546 seconds
[2019-06-24T09:52:04.127+0000][1][safepoint    ] Application time: 0.0001115 seconds
[2019-06-24T09:52:04.127+0000][1][safepoint    ] Entering safepoint region: RevokeBias
[2019-06-24T09:52:04.127+0000][1][safepoint    ] Leaving safepoint region
[2019-06-24T09:52:04.127+0000][1][safepoint    ] Total time for which application threads were stopped: 0.0001189 seconds, Stopping threads took: 0.0000376 seconds
[2019-06-24T09:52:04.128+0000][1][safepoint    ] Application time: 0.0000801 seconds
[2019-06-24T09:52:04.128+0000][1][safepoint    ] Entering safepoint region: RevokeBias
[2019-06-24T09:52:04.128+0000][1][safepoint    ] Leaving safepoint region
[2019-06-24T09:52:04.128+0000][1][safepoint    ] Total time for which application threads were stopped: 0.0001268 seconds, Stopping threads took: 0.0000494 seconds
[2019-06-24T09:52:04.128+0000][1][safepoint    ] Application time: 0.0000997 seconds
[2019-06-24T09:52:04.128+0000][1][safepoint    ] Entering safepoint region: RevokeBias
[2019-06-24T09:52:04.128+0000][1][safepoint    ] Leaving safepoint region
[2019-06-24T09:52:04.128+0000][1][safepoint    ] Total time for which application threads were stopped: 0.0001707 seconds, Stopping threads took: 0.0001050 seconds
[2019-06-24T09:52:04.128+0000][1][safepoint    ] Application time: 0.0002759 seconds
[2019-06-24T09:52:04.128+0000][1][safepoint    ] Entering safepoint region: RevokeBias
[2019-06-24T09:52:04.128+0000][1][safepoint    ] Leaving safepoint region
[2019-06-24T09:52:04.128+0000][1][safepoint    ] Total time for which application threads were stopped: 0.0001428 seconds, Stopping threads took: 0.0000725 seconds
[2019-06-24T09:52:04.129+0000][1][safepoint    ] Application time: 0.0001018 seconds
[2019-06-24T09:52:04.129+0000][1][safepoint    ] Entering safepoint region: RevokeBias
[2019-06-24T09:52:04.129+0000][1][safepoint    ] Leaving safepoint region
[2019-06-24T09:52:04.129+0000][1][safepoint    ] Total time for which application threads were stopped: 0.0001764 seconds, Stopping threads took: 0.0000870 seconds
[2019-06-24T09:52:04.129+0000][1][safepoint    ] Application time: 0.0001382 seconds
[2019-06-24T09:52:04.134+0000][1][safepoint    ] Entering safepoint region: RevokeBias
[2019-06-24T09:52:04.134+0000][1][safepoint    ] Leaving safepoint region
[2019-06-24T09:52:04.134+0000][1][safepoint    ] Total time for which application threads were stopped: 0.0047596 seconds, Stopping threads took: 0.0046688 seconds
[2019-06-24T09:52:04.134+0000][1][safepoint    ] Application time: 0.0004022 seconds
[2019-06-24T09:52:04.134+0000][1][safepoint    ] Entering safepoint region: RevokeBias
[2019-06-24T09:52:04.134+0000][1][safepoint    ] Leaving safepoint region
[2019-06-24T09:52:04.134+0000][1][safepoint    ] Total time for which application threads were stopped: 0.0001157 seconds, Stopping threads took: 0.0000511 seconds
[2019-06-24T09:52:04.134+0000][1][safepoint    ] Application time: 0.0002380 seconds
[2019-06-24T09:52:04.135+0000][1][safepoint    ] Entering safepoint region: RevokeBias
[2019-06-24T09:52:04.135+0000][1][safepoint    ] Leaving safepoint region
[2019-06-24T09:52:04.135+0000][1][safepoint    ] Total time for which application threads were stopped: 0.0002022 seconds, Stopping threads took: 0.0001309 seconds
[2019-06-24T09:52:04.135+0000][1][safepoint    ] Application time: 0.0002290 seconds
[2019-06-24T09:52:04.135+0000][1][safepoint    ] Entering safepoint region: RevokeBias
[2019-06-24T09:52:04.135+0000][1][safepoint    ] Leaving safepoint region
[2019-06-24T09:52:04.135+0000][1][safepoint    ] Total time for which application threads were stopped: 0.0001792 seconds, Stopping threads took: 0.0000651 seconds
[2019-06-24T09:52:04.135+0000][1][safepoint    ] Application time: 0.0000927 seconds
[2019-06-24T09:52:04.135+0000][1][safepoint    ] Entering safepoint region: RevokeBias
[2019-06-24T09:52:04.135+0000][1][safepoint    ] Leaving safepoint region
[2019-06-24T09:52:04.135+0000][1][safepoint    ] Total time for which application threads were stopped: 0.0001136 seconds, Stopping threads took: 0.0000415 seconds
[2019-06-24T09:52:04.136+0000][1][safepoint    ] Application time: 0.0005257 seconds
[2019-06-24T09:52:04.136+0000][1][safepoint    ] Entering safepoint region: RevokeBias
[2019-06-24T09:52:04.136+0000][1][safepoint    ] Leaving safepoint region
[2019-06-24T09:52:04.136+0000][1][safepoint    ] Total time for which application threads were stopped: 0.0001380 seconds, Stopping threads took: 0.0000617 seconds
[2019-06-24T09:52:04.136+0000][1][safepoint    ] Application time: 0.0001381 seconds
[2019-06-24T09:52:04.136+0000][1][safepoint    ] Entering safepoint region: RevokeBias
[2019-06-24T09:52:04.136+0000][1][safepoint    ] Leaving safepoint region
[2019-06-24T09:52:04.136+0000][1][safepoint    ] Total time for which application threads were stopped: 0.0000809 seconds, Stopping threads took: 0.0000202 seconds
[2019-06-24T09:52:04.137+0000][1][safepoint    ] Application time: 0.0001391 seconds
[2019-06-24T09:52:04.137+0000][1][safepoint    ] Entering safepoint region: RevokeBias
[2019-06-24T09:52:04.137+0000][1][safepoint    ] Leaving safepoint region
[2019-06-24T09:52:04.137+0000][1][safepoint    ] Total time for which application threads were stopped: 0.0001321 seconds, Stopping threads took: 0.0000645 seconds
[2019-06-24T09:52:04.137+0000][1][safepoint    ] Application time: 0.0002389 seconds
[2019-06-24T09:52:04.137+0000][1][safepoint    ] Entering safepoint region: RevokeBias
[2019-06-24T09:52:04.137+0000][1][safepoint    ] Leaving safepoint region
[2019-06-24T09:52:04.137+0000][1][safepoint    ] Total time for which application threads were stopped: 0.0001345 seconds, Stopping threads took: 0.0000455 seconds
[2019-06-24T09:52:04.137+0000][1][safepoint    ] Application time: 0.0002222 seconds
[2019-06-24T09:52:04.137+0000][1][safepoint    ] Entering safepoint region: RevokeBias
[2019-06-24T09:52:04.137+0000][1][safepoint    ] Leaving safepoint region
[2019-06-24T09:52:04.137+0000][1][safepoint    ] Total time for which application threads were stopped: 0.0000750 seconds, Stopping threads took: 0.0000117 seconds
[2019-06-24T09:52:04.138+0000][1][safepoint    ] Application time: 0.0000997 seconds
[2019-06-24T09:52:04.138+0000][1][safepoint    ] Entering safepoint region: RevokeBias
[2019-06-24T09:52:04.138+0000][1][safepoint    ] Leaving safepoint region
[2019-06-24T09:52:04.138+0000][1][safepoint    ] Total time for which application threads were stopped: 0.0001167 seconds, Stopping threads took: 0.0000474 seconds
[2019-06-24T09:52:04.138+0000][1][safepoint    ] Application time: 0.0002325 seconds
[2019-06-24T09:52:04.138+0000][1][safepoint    ] Entering safepoint region: RevokeBias
[2019-06-24T09:52:04.138+0000][1][safepoint    ] Leaving safepoint region
[2019-06-24T09:52:04.138+0000][1][safepoint    ] Total time for which application threads were stopped: 0.0001399 seconds, Stopping threads took: 0.0000554 seconds
[2019-06-24T09:52:04.138+0000][1][safepoint    ] Application time: 0.0002782 seconds
[2019-06-24T09:52:04.138+0000][1][safepoint    ] Entering safepoint region: RevokeBias
[2019-06-24T09:52:04.138+0000][1][safepoint    ] Leaving safepoint region
[2019-06-24T09:52:04.138+0000][1][safepoint    ] Total time for which application threads were stopped: 0.0000743 seconds, Stopping threads took: 0.0000196 seconds
[2019-06-24T09:52:04.139+0000][1][safepoint    ] Application time: 0.0008657 seconds
[2019-06-24T09:52:04.139+0000][1][safepoint    ] Entering safepoint region: RevokeBias
[2019-06-24T09:52:04.139+0000][1][safepoint    ] Leaving safepoint region
[2019-06-24T09:52:04.139+0000][1][safepoint    ] Total time for which application threads were stopped: 0.0001037 seconds, Stopping threads took: 0.0000268 seconds
[2019-06-24T09:52:04.141+0000][1][safepoint    ] Application time: 0.0018564 seconds
[2019-06-24T09:52:04.141+0000][1][safepoint    ] Entering safepoint region: RevokeBias
[2019-06-24T09:52:04.141+0000][1][safepoint    ] Leaving safepoint region
[2019-06-24T09:52:04.141+0000][1][safepoint    ] Total time for which application threads were stopped: 0.0000983 seconds, Stopping threads took: 0.0000199 seconds
[2019-06-24T09:52:04.143+0000][1][safepoint    ] Application time: 0.0013921 seconds
[2019-06-24T09:52:04.143+0000][1][safepoint    ] Entering safepoint region: BulkRevokeBias
[2019-06-24T09:52:04.143+0000][1][safepoint    ] Leaving safepoint region
[2019-06-24T09:52:04.143+0000][1][safepoint    ] Total time for which application threads were stopped: 0.0003290 seconds, Stopping threads took: 0.0000164 seconds
[2019-06-24T09:52:04.144+0000][1][safepoint    ] Application time: 0.0007720 seconds
[2019-06-24T09:52:04.144+0000][1][safepoint    ] Entering safepoint region: RevokeBias
[2019-06-24T09:52:04.144+0000][1][safepoint    ] Leaving safepoint region
[2019-06-24T09:52:04.144+0000][1][safepoint    ] Total time for which application threads were stopped: 0.0000810 seconds, Stopping threads took: 0.0000161 seconds
[2019-06-24T09:52:04.148+0000][1][safepoint    ] Application time: 0.0036443 seconds
[2019-06-24T09:52:04.148+0000][1][safepoint    ] Entering safepoint region: RevokeBias
[2019-06-24T09:52:04.148+0000][1][safepoint    ] Leaving safepoint region
[2019-06-24T09:52:04.148+0000][1][safepoint    ] Total time for which application threads were stopped: 0.0001536 seconds, Stopping threads took: 0.0000792 seconds
[2019-06-24T09:52:04.151+0000][1][safepoint    ] Application time: 0.0030112 seconds
[2019-06-24T09:52:04.151+0000][1][safepoint    ] Entering safepoint region: RevokeBias
[2019-06-24T09:52:04.151+0000][1][safepoint    ] Leaving safepoint region
[2019-06-24T09:52:04.151+0000][1][safepoint    ] Total time for which application threads were stopped: 0.0000810 seconds, Stopping threads took: 0.0000210 seconds
[2019-06-24T09:52:04.153+0000][1][safepoint    ] Application time: 0.0023778 seconds
[2019-06-24T09:52:04.154+0000][1][safepoint    ] Entering safepoint region: RevokeBias
[2019-06-24T09:52:04.154+0000][1][safepoint    ] Leaving safepoint region
[2019-06-24T09:52:04.154+0000][1][safepoint    ] Total time for which application threads were stopped: 0.0000869 seconds, Stopping threads took: 0.0000192 seconds
[2019-06-24T09:52:04.154+0000][1][safepoint    ] Application time: 0.0002851 seconds
[2019-06-24T09:52:04.154+0000][1][safepoint    ] Entering safepoint region: RevokeBias
[2019-06-24T09:52:04.154+0000][1][safepoint    ] Leaving safepoint region
[2019-06-24T09:52:04.154+0000][1][safepoint    ] Total time for which application threads were stopped: 0.0000993 seconds, Stopping threads took: 0.0000442 seconds
[2019-06-24T09:52:04.154+0000][1][safepoint    ] Application time: 0.0003674 seconds
[2019-06-24T09:52:04.154+0000][1][safepoint    ] Entering safepoint region: RevokeBias
[2019-06-24T09:52:04.154+0000][1][safepoint    ] Leaving safepoint region
[2019-06-24T09:52:04.154+0000][1][safepoint    ] Total time for which application threads were stopped: 0.0000695 seconds, Stopping threads took: 0.0000282 seconds
[2019-06-24T09:52:04.155+0000][1][safepoint    ] Application time: 0.0002968 seconds
[2019-06-24T09:52:04.155+0000][1][safepoint    ] Entering safepoint region: RevokeBias
[2019-06-24T09:52:04.155+0000][1][safepoint    ] Leaving safepoint region
[2019-06-24T09:52:04.155+0000][1][safepoint    ] Total time for which application threads were stopped: 0.0000740 seconds, Stopping threads took: 0.0000226 seconds
[2019-06-24T09:52:04.156+0000][1][safepoint    ] Application time: 0.0009921 seconds
[2019-06-24T09:52:04.156+0000][1][safepoint    ] Entering safepoint region: RevokeBias
[2019-06-24T09:52:04.156+0000][1][safepoint    ] Leaving safepoint region
[2019-06-24T09:52:04.156+0000][1][safepoint    ] Total time for which application threads were stopped: 0.0000958 seconds, Stopping threads took: 0.0000253 seconds
[2019-06-24T09:52:04.157+0000][1][safepoint    ] Application time: 0.0015046 seconds
[2019-06-24T09:52:04.158+0000][1][safepoint    ] Entering safepoint region: RevokeBias
[2019-06-24T09:52:04.158+0000][1][safepoint    ] Leaving safepoint region
[2019-06-24T09:52:04.158+0000][1][safepoint    ] Total time for which application threads were stopped: 0.0001388 seconds, Stopping threads took: 0.0000467 seconds
[2019-06-24T09:52:04.161+0000][1][safepoint    ] Application time: 0.0035214 seconds
[2019-06-24T09:52:04.161+0000][1][safepoint    ] Entering safepoint region: RevokeBias
[2019-06-24T09:52:04.161+0000][1][safepoint    ] Leaving safepoint region
[2019-06-24T09:52:04.161+0000][1][safepoint    ] Total time for which application threads were stopped: 0.0002243 seconds, Stopping threads took: 0.0001031 seconds
[2019-06-24T09:52:04.164+0000][1][safepoint    ] Application time: 0.0027886 seconds
[2019-06-24T09:52:04.164+0000][1][safepoint    ] Entering safepoint region: RevokeBias
[2019-06-24T09:52:04.165+0000][1][safepoint    ] Leaving safepoint region
[2019-06-24T09:52:04.165+0000][1][safepoint    ] Total time for which application threads were stopped: 0.0003765 seconds, Stopping threads took: 0.0000260 seconds
[2019-06-24T09:52:04.165+0000][1][safepoint    ] Application time: 0.0004634 seconds
[2019-06-24T09:52:04.165+0000][1][safepoint    ] Entering safepoint region: RevokeBias
[2019-06-24T09:52:04.165+0000][1][safepoint    ] Leaving safepoint region
[2019-06-24T09:52:04.165+0000][1][safepoint    ] Total time for which application threads were stopped: 0.0000941 seconds, Stopping threads took: 0.0000293 seconds
[2019-06-24T09:52:04.165+0000][1][safepoint    ] Application time: 0.0001392 seconds
[2019-06-24T09:52:04.165+0000][1][safepoint    ] Entering safepoint region: RevokeBias
[2019-06-24T09:52:04.166+0000][1][safepoint    ] Leaving safepoint region
[2019-06-24T09:52:04.166+0000][1][safepoint    ] Total time for which application threads were stopped: 0.0001025 seconds, Stopping threads took: 0.0000282 seconds
[2019-06-24T09:52:04.166+0000][1][safepoint    ] Application time: 0.0006383 seconds
[2019-06-24T09:52:04.166+0000][1][safepoint    ] Entering safepoint region: RevokeBias
[2019-06-24T09:52:04.166+0000][1][safepoint    ] Leaving safepoint region
[2019-06-24T09:52:04.166+0000][1][safepoint    ] Total time for which application threads were stopped: 0.0000964 seconds, Stopping threads took: 0.0000369 seconds
[2019-06-24T09:52:04.168+0000][1][safepoint    ] Application time: 0.0019007 seconds
[2019-06-24T09:52:04.168+0000][1][safepoint    ] Entering safepoint region: RevokeBias
[2019-06-24T09:52:04.168+0000][1][safepoint    ] Leaving safepoint region
[2019-06-24T09:52:04.168+0000][1][safepoint    ] Total time for which application threads were stopped: 0.0001001 seconds, Stopping threads took: 0.0000513 seconds
[2019-06-24T09:52:04.169+0000][1][safepoint    ] Application time: 0.0004177 seconds
[2019-06-24T09:52:04.169+0000][1][safepoint    ] Entering safepoint region: RevokeBias
[2019-06-24T09:52:04.169+0000][1][safepoint    ] Leaving safepoint region
[2019-06-24T09:52:04.169+0000][1][safepoint    ] Total time for which application threads were stopped: 0.0001373 seconds, Stopping threads took: 0.0000628 seconds
[2019-06-24T09:52:04.170+0000][1][safepoint    ] Application time: 0.0007808 seconds
[2019-06-24T09:52:04.170+0000][1][safepoint    ] Entering safepoint region: RevokeBias
[2019-06-24T09:52:04.170+0000][1][safepoint    ] Leaving safepoint region
[2019-06-24T09:52:04.170+0000][1][safepoint    ] Total time for which application threads were stopped: 0.0001559 seconds, Stopping threads took: 0.0000636 seconds
[2019-06-24T09:52:04.170+0000][1][safepoint    ] Application time: 0.0003675 seconds
[2019-06-24T09:52:04.170+0000][1][safepoint    ] Entering safepoint region: RevokeBias
[2019-06-24T09:52:04.171+0000][1][safepoint    ] Leaving safepoint region
[2019-06-24T09:52:04.171+0000][1][safepoint    ] Total time for which application threads were stopped: 0.0001817 seconds, Stopping threads took: 0.0000637 seconds
[2019-06-24T09:52:04.175+0000][1][safepoint    ] Application time: 0.0042372 seconds
[2019-06-24T09:52:04.175+0000][1][safepoint    ] Entering safepoint region: RevokeBias
[2019-06-24T09:52:04.175+0000][1][safepoint    ] Leaving safepoint region
[2019-06-24T09:52:04.175+0000][1][safepoint    ] Total time for which application threads were stopped: 0.0001507 seconds, Stopping threads took: 0.0000562 seconds
[2019-06-24T09:52:04.175+0000][1][safepoint    ] Application time: 0.0004631 seconds
[2019-06-24T09:52:04.176+0000][1][safepoint    ] Entering safepoint region: RevokeBias
[2019-06-24T09:52:04.176+0000][1][safepoint    ] Leaving safepoint region
[2019-06-24T09:52:04.176+0000][1][safepoint    ] Total time for which application threads were stopped: 0.0002013 seconds, Stopping threads took: 0.0001122 seconds
[2019-06-24T09:52:04.176+0000][1][safepoint    ] Application time: 0.0001612 seconds
[2019-06-24T09:52:04.176+0000][1][safepoint    ] Entering safepoint region: RevokeBias
[2019-06-24T09:52:04.176+0000][1][safepoint    ] Leaving safepoint region
[2019-06-24T09:52:04.176+0000][1][safepoint    ] Total time for which application threads were stopped: 0.0001383 seconds, Stopping threads took: 0.0000610 seconds
[2019-06-24T09:52:04.176+0000][1][safepoint    ] Application time: 0.0002763 seconds
[2019-06-24T09:52:04.176+0000][1][safepoint    ] Entering safepoint region: RevokeBias
[2019-06-24T09:52:04.176+0000][1][safepoint    ] Leaving safepoint region
[2019-06-24T09:52:04.176+0000][1][safepoint    ] Total time for which application threads were stopped: 0.0000868 seconds, Stopping threads took: 0.0000181 seconds
[2019-06-24T09:52:04.177+0000][1][safepoint    ] Application time: 0.0005207 seconds
[2019-06-24T09:52:04.177+0000][1][safepoint    ] Entering safepoint region: RevokeBias
[2019-06-24T09:52:04.177+0000][1][safepoint    ] Leaving safepoint region
[2019-06-24T09:52:04.177+0000][1][safepoint    ] Total time for which application threads were stopped: 0.0001389 seconds, Stopping threads took: 0.0000607 seconds
[2019-06-24T09:52:04.178+0000][1][safepoint    ] Application time: 0.0003901 seconds
[2019-06-24T09:52:04.178+0000][1][safepoint    ] Entering safepoint region: RevokeBias
[2019-06-24T09:52:04.178+0000][1][safepoint    ] Leaving safepoint region
[2019-06-24T09:52:04.178+0000][1][safepoint    ] Total time for which application threads were stopped: 0.0001339 seconds, Stopping threads took: 0.0000533 seconds
[2019-06-24T09:52:04.178+0000][1][safepoint    ] Application time: 0.0001709 seconds
[2019-06-24T09:52:04.178+0000][1][safepoint    ] Entering safepoint region: RevokeBias
[2019-06-24T09:52:04.178+0000][1][safepoint    ] Leaving safepoint region
[2019-06-24T09:52:04.178+0000][1][safepoint    ] Total time for which application threads were stopped: 0.0001100 seconds, Stopping threads took: 0.0000495 seconds
[2019-06-24T09:52:04.178+0000][1][safepoint    ] Application time: 0.0003329 seconds
[2019-06-24T09:52:04.178+0000][1][safepoint    ] Entering safepoint region: RevokeBias
[2019-06-24T09:52:04.178+0000][1][safepoint    ] Leaving safepoint region
[2019-06-24T09:52:04.179+0000][1][safepoint    ] Total time for which application threads were stopped: 0.0001473 seconds, Stopping threads took: 0.0000472 seconds
[2019-06-24T09:52:04.179+0000][1][safepoint    ] Application time: 0.0002801 seconds
[2019-06-24T09:52:04.179+0000][1][safepoint    ] Entering safepoint region: RevokeBias
[2019-06-24T09:52:04.179+0000][1][safepoint    ] Leaving safepoint region
[2019-06-24T09:52:04.179+0000][1][safepoint    ] Total time for which application threads were stopped: 0.0001100 seconds, Stopping threads took: 0.0000511 seconds
[2019-06-24T09:52:04.179+0000][1][safepoint    ] Application time: 0.0001781 seconds
[2019-06-24T09:52:04.179+0000][1][safepoint    ] Entering safepoint region: RevokeBias
[2019-06-24T09:52:04.179+0000][1][safepoint    ] Leaving safepoint region
[2019-06-24T09:52:04.179+0000][1][safepoint    ] Total time for which application threads were stopped: 0.0001714 seconds, Stopping threads took: 0.0001112 seconds
[2019-06-24T09:52:04.180+0000][1][safepoint    ] Application time: 0.0003834 seconds
[2019-06-24T09:52:04.180+0000][1][safepoint    ] Entering safepoint region: RevokeBias
[2019-06-24T09:52:04.180+0000][1][safepoint    ] Leaving safepoint region
[2019-06-24T09:52:04.180+0000][1][safepoint    ] Total time for which application threads were stopped: 0.0000971 seconds, Stopping threads took: 0.0000346 seconds
[2019-06-24T09:52:04.180+0000][1][safepoint    ] Application time: 0.0001144 seconds
[2019-06-24T09:52:04.180+0000][1][safepoint    ] Entering safepoint region: RevokeBias
[2019-06-24T09:52:04.180+0000][1][safepoint    ] Leaving safepoint region
[2019-06-24T09:52:04.180+0000][1][safepoint    ] Total time for which application threads were stopped: 0.0001148 seconds, Stopping threads took: 0.0000494 seconds
[2019-06-24T09:52:04.181+0000][1][safepoint    ] Application time: 0.0006908 seconds
[2019-06-24T09:52:04.181+0000][1][safepoint    ] Entering safepoint region: RevokeBias
[2019-06-24T09:52:04.181+0000][1][safepoint    ] Leaving safepoint region
[2019-06-24T09:52:04.181+0000][1][safepoint    ] Total time for which application threads were stopped: 0.0001381 seconds, Stopping threads took: 0.0000635 seconds
[2019-06-24T09:52:04.181+0000][1][safepoint    ] Application time: 0.0001982 seconds
[2019-06-24T09:52:04.181+0000][1][safepoint    ] Entering safepoint region: RevokeBias
[2019-06-24T09:52:04.181+0000][1][safepoint    ] Leaving safepoint region
[2019-06-24T09:52:04.181+0000][1][safepoint    ] Total time for which application threads were stopped: 0.0001363 seconds, Stopping threads took: 0.0000881 seconds
[2019-06-24T09:52:04.198+0000][1][safepoint    ] Application time: 0.0170069 seconds
[2019-06-24T09:52:04.198+0000][1][safepoint    ] Entering safepoint region: RevokeBias
[2019-06-24T09:52:04.198+0000][1][safepoint    ] Leaving safepoint region
[2019-06-24T09:52:04.198+0000][1][safepoint    ] Total time for which application threads were stopped: 0.0001227 seconds, Stopping threads took: 0.0000359 seconds
[2019-06-24T09:52:04.210+0000][1][safepoint    ] Application time: 0.0117400 seconds
[2019-06-24T09:52:04.210+0000][1][safepoint    ] Entering safepoint region: RevokeBias
[2019-06-24T09:52:04.210+0000][1][safepoint    ] Leaving safepoint region
[2019-06-24T09:52:04.210+0000][1][safepoint    ] Total time for which application threads were stopped: 0.0001099 seconds, Stopping threads took: 0.0000268 seconds
[2019-06-24T09:52:04.213+0000][1][safepoint    ] Application time: 0.0029763 seconds
[2019-06-24T09:52:04.213+0000][1][safepoint    ] Entering safepoint region: BulkRevokeBias
[2019-06-24T09:52:04.214+0000][1][safepoint    ] Leaving safepoint region
[2019-06-24T09:52:04.214+0000][1][safepoint    ] Total time for which application threads were stopped: 0.0003723 seconds, Stopping threads took: 0.0000887 seconds
[2019-06-24T09:52:04.215+0000][1][safepoint    ] Application time: 0.0015752 seconds
[2019-06-24T09:52:04.216+0000][1][safepoint    ] Entering safepoint region: RevokeBias
[2019-06-24T09:52:04.216+0000][1][safepoint    ] Leaving safepoint region
[2019-06-24T09:52:04.216+0000][1][safepoint    ] Total time for which application threads were stopped: 0.0002136 seconds, Stopping threads took: 0.0001007 seconds
[2019-06-24T09:52:04.219+0000][1][safepoint    ] Application time: 0.0029182 seconds
[2019-06-24T09:52:04.219+0000][1][safepoint    ] Entering safepoint region: BulkRevokeBias
[2019-06-24T09:52:04.219+0000][1][safepoint    ] Leaving safepoint region
[2019-06-24T09:52:04.219+0000][1][safepoint    ] Total time for which application threads were stopped: 0.0004202 seconds, Stopping threads took: 0.0000329 seconds
[2019-06-24T09:52:04.235+0000][1][safepoint    ] Application time: 0.0157421 seconds
[2019-06-24T09:52:04.235+0000][1][safepoint    ] Entering safepoint region: RevokeBias
[2019-06-24T09:52:04.235+0000][1][safepoint    ] Leaving safepoint region
[2019-06-24T09:52:04.235+0000][1][safepoint    ] Total time for which application threads were stopped: 0.0001098 seconds, Stopping threads took: 0.0000206 seconds
[2019-06-24T09:52:04.235+0000][1][safepoint    ] Application time: 0.0000951 seconds
[2019-06-24T09:52:04.235+0000][1][safepoint    ] Entering safepoint region: RevokeBias
[2019-06-24T09:52:04.235+0000][1][safepoint    ] Leaving safepoint region
[2019-06-24T09:52:04.235+0000][1][safepoint    ] Total time for which application threads were stopped: 0.0000717 seconds, Stopping threads took: 0.0000126 seconds
[2019-06-24T09:52:04.235+0000][1][safepoint    ] Application time: 0.0000901 seconds
[2019-06-24T09:52:04.235+0000][1][safepoint    ] Entering safepoint region: RevokeBias
[2019-06-24T09:52:04.235+0000][1][safepoint    ] Leaving safepoint region
[2019-06-24T09:52:04.235+0000][1][safepoint    ] Total time for which application threads were stopped: 0.0000606 seconds, Stopping threads took: 0.0000125 seconds
[2019-06-24T09:52:04.236+0000][1][safepoint    ] Application time: 0.0010198 seconds
[2019-06-24T09:52:04.236+0000][1][safepoint    ] Entering safepoint region: RevokeBias
[2019-06-24T09:52:04.236+0000][1][safepoint    ] Leaving safepoint region
[2019-06-24T09:52:04.236+0000][1][safepoint    ] Total time for which application threads were stopped: 0.0001059 seconds, Stopping threads took: 0.0000489 seconds
[2019-06-24T09:52:04.237+0000][1][safepoint    ] Application time: 0.0001501 seconds
[2019-06-24T09:52:04.237+0000][1][safepoint    ] Entering safepoint region: RevokeBias
[2019-06-24T09:52:04.237+0000][1][safepoint    ] Leaving safepoint region
[2019-06-24T09:52:04.237+0000][1][safepoint    ] Total time for which application threads were stopped: 0.0000951 seconds, Stopping threads took: 0.0000478 seconds
[2019-06-24T09:52:04.237+0000][1][safepoint    ] Application time: 0.0000623 seconds
[2019-06-24T09:52:04.237+0000][1][safepoint    ] Entering safepoint region: RevokeBias
[2019-06-24T09:52:04.237+0000][1][safepoint    ] Leaving safepoint region
[2019-06-24T09:52:04.237+0000][1][safepoint    ] Total time for which application threads were stopped: 0.0000685 seconds, Stopping threads took: 0.0000287 seconds
[2019-06-24T09:52:04.294+0000][1][safepoint    ] Application time: 0.0569070 seconds
[2019-06-24T09:52:04.294+0000][1][safepoint    ] Entering safepoint region: RevokeBias
[2019-06-24T09:52:04.294+0000][1][safepoint    ] Leaving safepoint region
[2019-06-24T09:52:04.294+0000][1][safepoint    ] Total time for which application threads were stopped: 0.0001850 seconds, Stopping threads took: 0.0000384 seconds
[2019-06-24T09:52:04.300+0000][1][safepoint    ] Application time: 0.0055656 seconds
[2019-06-24T09:52:04.300+0000][1][safepoint    ] Entering safepoint region: RevokeBias
[2019-06-24T09:52:04.300+0000][1][safepoint    ] Leaving safepoint region
[2019-06-24T09:52:04.300+0000][1][safepoint    ] Total time for which application threads were stopped: 0.0001398 seconds, Stopping threads took: 0.0000324 seconds
[2019-06-24T09:52:04.300+0000][1][safepoint    ] Application time: 0.0000830 seconds
[2019-06-24T09:52:04.300+0000][1][safepoint    ] Entering safepoint region: RevokeBias
[2019-06-24T09:52:04.300+0000][1][safepoint    ] Leaving safepoint region
[2019-06-24T09:52:04.300+0000][1][safepoint    ] Total time for which application threads were stopped: 0.0000926 seconds, Stopping threads took: 0.0000161 seconds
[2019-06-24T09:52:04.315+0000][1][safepoint    ] Application time: 0.0151963 seconds
[2019-06-24T09:52:04.315+0000][1][safepoint    ] Entering safepoint region: RevokeBias
[2019-06-24T09:52:04.316+0000][1][safepoint    ] Leaving safepoint region
[2019-06-24T09:52:04.316+0000][1][safepoint    ] Total time for which application threads were stopped: 0.0001891 seconds, Stopping threads took: 0.0000689 seconds
[2019-06-24T09:52:04.357+0000][1][safepoint    ] Application time: 0.0410299 seconds
[2019-06-24T09:52:04.357+0000][1][safepoint    ] Entering safepoint region: RevokeBias
[2019-06-24T09:52:04.357+0000][1][safepoint    ] Leaving safepoint region
[2019-06-24T09:52:04.357+0000][1][safepoint    ] Total time for which application threads were stopped: 0.0006274 seconds, Stopping threads took: 0.0002870 seconds
[2019-06-24T09:52:04.358+0000][1][safepoint    ] Application time: 0.0003782 seconds
[2019-06-24T09:52:04.358+0000][1][safepoint    ] Entering safepoint region: RevokeBias
[2019-06-24T09:52:04.358+0000][1][safepoint    ] Leaving safepoint region
[2019-06-24T09:52:04.358+0000][1][safepoint    ] Total time for which application threads were stopped: 0.0003682 seconds, Stopping threads took: 0.0001576 seconds
[2019-06-24T09:52:04.358+0000][1][safepoint    ] Application time: 0.0001579 seconds
[2019-06-24T09:52:04.358+0000][1][safepoint    ] Entering safepoint region: RevokeBias
[2019-06-24T09:52:04.359+0000][1][safepoint    ] Leaving safepoint region
[2019-06-24T09:52:04.359+0000][1][safepoint    ] Total time for which application threads were stopped: 0.0002140 seconds, Stopping threads took: 0.0000235 seconds
[2019-06-24T09:52:04.359+0000][1][safepoint    ] Application time: 0.0005287 seconds
[2019-06-24T09:52:04.359+0000][1][safepoint    ] Entering safepoint region: RevokeBias
[2019-06-24T09:52:04.359+0000][1][safepoint    ] Leaving safepoint region
[2019-06-24T09:52:04.359+0000][1][safepoint    ] Total time for which application threads were stopped: 0.0001730 seconds, Stopping threads took: 0.0001013 seconds
[2019-06-24T09:52:04.473+0000][1][safepoint    ] Application time: 0.1141270 seconds
[2019-06-24T09:52:04.475+0000][1][safepoint    ] Entering safepoint region: RevokeBias
[2019-06-24T09:52:04.475+0000][1][safepoint    ] Leaving safepoint region
[2019-06-24T09:52:04.475+0000][1][safepoint    ] Total time for which application threads were stopped: 0.0014879 seconds, Stopping threads took: 0.0013350 seconds
[2019-06-24T09:52:04.480+0000][1][safepoint    ] Application time: 0.0049984 seconds
[2019-06-24T09:52:04.483+0000][1][safepoint    ] Entering safepoint region: RevokeBias
[2019-06-24T09:52:04.483+0000][1][safepoint    ] Leaving safepoint region
[2019-06-24T09:52:04.483+0000][1][safepoint    ] Total time for which application threads were stopped: 0.0025491 seconds, Stopping threads took: 0.0024124 seconds
[2019-06-24T09:52:04.488+0000][1][safepoint    ] Application time: 0.0057144 seconds
[2019-06-24T09:52:04.489+0000][1][safepoint    ] Entering safepoint region: RevokeBias
[2019-06-24T09:52:04.489+0000][1][safepoint    ] Leaving safepoint region
[2019-06-24T09:52:04.489+0000][1][safepoint    ] Total time for which application threads were stopped: 0.0002166 seconds, Stopping threads took: 0.0000827 seconds
[2019-06-24T09:52:04.507+0000][1][safepoint    ] Application time: 0.0179409 seconds
[2019-06-24T09:52:04.507+0000][1][safepoint    ] Entering safepoint region: RevokeBias
[2019-06-24T09:52:04.507+0000][1][safepoint    ] Leaving safepoint region
[2019-06-24T09:52:04.507+0000][1][safepoint    ] Total time for which application threads were stopped: 0.0002256 seconds, Stopping threads took: 0.0000887 seconds
[2019-06-24T09:52:04.527+0000][1][safepoint    ] Application time: 0.0198551 seconds
[2019-06-24T09:52:04.529+0000][1][safepoint    ] Entering safepoint region: RevokeBias
[2019-06-24T09:52:04.530+0000][1][safepoint    ] Leaving safepoint region
[2019-06-24T09:52:04.530+0000][1][safepoint    ] Total time for which application threads were stopped: 0.0025795 seconds, Stopping threads took: 0.0024629 seconds
[2019-06-24T09:52:04.531+0000][1][safepoint    ] Application time: 0.0009082 seconds
[2019-06-24T09:52:04.531+0000][1][safepoint    ] Entering safepoint region: RevokeBias
[2019-06-24T09:52:04.531+0000][1][safepoint    ] Leaving safepoint region
[2019-06-24T09:52:04.531+0000][1][safepoint    ] Total time for which application threads were stopped: 0.0001520 seconds, Stopping threads took: 0.0000635 seconds
[2019-06-24T09:52:04.531+0000][1][safepoint    ] Application time: 0.0007709 seconds
[2019-06-24T09:52:04.532+0000][1][safepoint    ] Entering safepoint region: RevokeBias
[2019-06-24T09:52:04.532+0000][1][safepoint    ] Leaving safepoint region
[2019-06-24T09:52:04.532+0000][1][safepoint    ] Total time for which application threads were stopped: 0.0001489 seconds, Stopping threads took: 0.0000624 seconds
[2019-06-24T09:52:04.532+0000][1][safepoint    ] Application time: 0.0003709 seconds
[2019-06-24T09:52:04.532+0000][1][safepoint    ] Entering safepoint region: RevokeBias
[2019-06-24T09:52:04.532+0000][1][safepoint    ] Leaving safepoint region
[2019-06-24T09:52:04.532+0000][1][safepoint    ] Total time for which application threads were stopped: 0.0001226 seconds, Stopping threads took: 0.0000521 seconds
[2019-06-24T09:52:04.532+0000][1][safepoint    ] Application time: 0.0000795 seconds
[2019-06-24T09:52:04.532+0000][1][safepoint    ] Entering safepoint region: RevokeBias
[2019-06-24T09:52:04.532+0000][1][safepoint    ] Leaving safepoint region
[2019-06-24T09:52:04.532+0000][1][safepoint    ] Total time for which application threads were stopped: 0.0000982 seconds, Stopping threads took: 0.0000437 seconds
[2019-06-24T09:52:04.532+0000][1][safepoint    ] Application time: 0.0000527 seconds
[2019-06-24T09:52:04.533+0000][1][safepoint    ] Entering safepoint region: RevokeBias
[2019-06-24T09:52:04.533+0000][1][safepoint    ] Leaving safepoint region
[2019-06-24T09:52:04.533+0000][1][safepoint    ] Total time for which application threads were stopped: 0.0000958 seconds, Stopping threads took: 0.0000420 seconds
[2019-06-24T09:52:04.533+0000][1][safepoint    ] Application time: 0.0000510 seconds
[2019-06-24T09:52:04.533+0000][1][safepoint    ] Entering safepoint region: RevokeBias
[2019-06-24T09:52:04.533+0000][1][safepoint    ] Leaving safepoint region
[2019-06-24T09:52:04.533+0000][1][safepoint    ] Total time for which application threads were stopped: 0.0000933 seconds, Stopping threads took: 0.0000421 seconds
[2019-06-24T09:52:04.533+0000][1][safepoint    ] Application time: 0.0000497 seconds
[2019-06-24T09:52:04.533+0000][1][safepoint    ] Entering safepoint region: RevokeBias
[2019-06-24T09:52:04.533+0000][1][safepoint    ] Leaving safepoint region
[2019-06-24T09:52:04.533+0000][1][safepoint    ] Total time for which application threads were stopped: 0.0000919 seconds, Stopping threads took: 0.0000417 seconds
[2019-06-24T09:52:04.533+0000][1][safepoint    ] Application time: 0.0000497 seconds
[2019-06-24T09:52:04.533+0000][1][safepoint    ] Entering safepoint region: RevokeBias
[2019-06-24T09:52:04.533+0000][1][safepoint    ] Leaving safepoint region
[2019-06-24T09:52:04.533+0000][1][safepoint    ] Total time for which application threads were stopped: 0.0000888 seconds, Stopping threads took: 0.0000397 seconds
[2019-06-24T09:52:04.533+0000][1][safepoint    ] Application time: 0.0000502 seconds
[2019-06-24T09:52:04.533+0000][1][safepoint    ] Entering safepoint region: RevokeBias
[2019-06-24T09:52:04.533+0000][1][safepoint    ] Leaving safepoint region
[2019-06-24T09:52:04.533+0000][1][safepoint    ] Total time for which application threads were stopped: 0.0000932 seconds, Stopping threads took: 0.0000413 seconds
[2019-06-24T09:52:04.533+0000][1][safepoint    ] Application time: 0.0000498 seconds
[2019-06-24T09:52:04.533+0000][1][safepoint    ] Entering safepoint region: RevokeBias
[2019-06-24T09:52:04.533+0000][1][safepoint    ] Leaving safepoint region
[2019-06-24T09:52:04.533+0000][1][safepoint    ] Total time for which application threads were stopped: 0.0000942 seconds, Stopping threads took: 0.0000423 seconds
[2019-06-24T09:52:04.575+0000][1][safepoint    ] Application time: 0.0412621 seconds
[2019-06-24T09:52:04.576+0000][1][safepoint    ] Entering safepoint region: RevokeBias
[2019-06-24T09:52:04.576+0000][1][safepoint    ] Leaving safepoint region
[2019-06-24T09:52:04.577+0000][1][safepoint    ] Total time for which application threads were stopped: 0.0017498 seconds, Stopping threads took: 0.0016404 seconds
[2019-06-24T09:52:04.577+0000][1][safepoint    ] Application time: 0.0001002 seconds
[2019-06-24T09:52:04.577+0000][1][safepoint    ] Entering safepoint region: RevokeBias
[2019-06-24T09:52:04.577+0000][1][safepoint    ] Leaving safepoint region
[2019-06-24T09:52:04.577+0000][1][safepoint    ] Total time for which application threads were stopped: 0.0001250 seconds, Stopping threads took: 0.0000515 seconds
[2019-06-24T09:52:04.868+0000][1][safepoint    ] Application time: 0.2916627 seconds
[2019-06-24T09:52:04.868+0000][1][safepoint    ] Entering safepoint region: RevokeBias
[2019-06-24T09:52:04.869+0000][1][safepoint    ] Leaving safepoint region
[2019-06-24T09:52:04.869+0000][1][safepoint    ] Total time for which application threads were stopped: 0.0001025 seconds, Stopping threads took: 0.0000273 seconds
[2019-06-24T09:52:04.869+0000][1][safepoint    ] Application time: 0.0000622 seconds
[2019-06-24T09:52:04.869+0000][1][safepoint    ] Entering safepoint region: RevokeBias
[2019-06-24T09:52:04.869+0000][1][safepoint    ] Leaving safepoint region
[2019-06-24T09:52:04.869+0000][1][safepoint    ] Total time for which application threads were stopped: 0.0000487 seconds, Stopping threads took: 0.0000121 seconds
[2019-06-24T09:52:04.869+0000][1][safepoint    ] Application time: 0.0000456 seconds
[2019-06-24T09:52:04.869+0000][1][safepoint    ] Entering safepoint region: RevokeBias
[2019-06-24T09:52:04.869+0000][1][safepoint    ] Leaving safepoint region
[2019-06-24T09:52:04.869+0000][1][safepoint    ] Total time for which application threads were stopped: 0.0000390 seconds, Stopping threads took: 0.0000103 seconds
[2019-06-24T09:52:04.869+0000][1][safepoint    ] Application time: 0.0000435 seconds
[2019-06-24T09:52:04.869+0000][1][safepoint    ] Entering safepoint region: RevokeBias
[2019-06-24T09:52:04.869+0000][1][safepoint    ] Leaving safepoint region
[2019-06-24T09:52:04.869+0000][1][safepoint    ] Total time for which application threads were stopped: 0.0000396 seconds, Stopping threads took: 0.0000104 seconds
[2019-06-24T09:52:04.869+0000][1][safepoint    ] Application time: 0.0000451 seconds
[2019-06-24T09:52:04.869+0000][1][safepoint    ] Entering safepoint region: RevokeBias
[2019-06-24T09:52:04.869+0000][1][safepoint    ] Leaving safepoint region
[2019-06-24T09:52:04.869+0000][1][safepoint    ] Total time for which application threads were stopped: 0.0000397 seconds, Stopping threads took: 0.0000103 seconds
[2019-06-24T09:52:04.869+0000][1][safepoint    ] Application time: 0.0000468 seconds
[2019-06-24T09:52:04.869+0000][1][safepoint    ] Entering safepoint region: RevokeBias
[2019-06-24T09:52:04.869+0000][1][safepoint    ] Leaving safepoint region
[2019-06-24T09:52:04.869+0000][1][safepoint    ] Total time for which application threads were stopped: 0.0000391 seconds, Stopping threads took: 0.0000103 seconds
[2019-06-24T09:52:04.869+0000][1][safepoint    ] Application time: 0.0000463 seconds
[2019-06-24T09:52:04.869+0000][1][safepoint    ] Entering safepoint region: RevokeBias
[2019-06-24T09:52:04.869+0000][1][safepoint    ] Leaving safepoint region
[2019-06-24T09:52:04.869+0000][1][safepoint    ] Total time for which application threads were stopped: 0.0000395 seconds, Stopping threads took: 0.0000102 seconds
[2019-06-24T09:52:04.869+0000][1][safepoint    ] Application time: 0.0000467 seconds
[2019-06-24T09:52:04.869+0000][1][safepoint    ] Entering safepoint region: RevokeBias
[2019-06-24T09:52:04.869+0000][1][safepoint    ] Leaving safepoint region
[2019-06-24T09:52:04.869+0000][1][safepoint    ] Total time for which application threads were stopped: 0.0000397 seconds, Stopping threads took: 0.0000109 seconds
[2019-06-24T09:52:05.739+0000][1][safepoint    ] Application time: 0.8691596 seconds
[2019-06-24T09:52:05.739+0000][1][safepoint    ] Entering safepoint region: GenCollectForAllocation
[2019-06-24T09:52:05.739+0000][1][gc,start     ] GC(22) Pause Young (Allocation Failure)
[2019-06-24T09:52:05.739+0000][1][gc,task      ] GC(22) Using 5 workers of 8 for evacuation
[2019-06-24T09:52:05.761+0000][1][gc,age       ] GC(22) Desired survivor size 4456448 bytes, new threshold 2 (max threshold 6)
[2019-06-24T09:52:05.761+0000][1][gc,age       ] GC(22) Age table with threshold 2 (max threshold 6)
[2019-06-24T09:52:05.761+0000][1][gc,age       ] GC(22) - age   1:    1570624 bytes,    1570624 total
[2019-06-24T09:52:05.761+0000][1][gc,age       ] GC(22) - age   2:    3659480 bytes,    5230104 total
[2019-06-24T09:52:05.761+0000][1][gc,heap      ] GC(22) ParNew: 78656K->8704K(78656K)
[2019-06-24T09:52:05.761+0000][1][gc,heap      ] GC(22) CMS: 59539K->63727K(174784K)
[2019-06-24T09:52:05.761+0000][1][gc,metaspace ] GC(22) Metaspace: 65081K->65081K(1110016K)
[2019-06-24T09:52:05.761+0000][1][gc           ] GC(22) Pause Young (Allocation Failure) 134M->70M(247M) 22.052ms
[2019-06-24T09:52:05.761+0000][1][gc,cpu       ] GC(22) User=0.09s Sys=0.00s Real=0.02s
[2019-06-24T09:52:05.761+0000][1][safepoint    ] Leaving safepoint region
[2019-06-24T09:52:05.761+0000][1][safepoint    ] Total time for which application threads were stopped: 0.0224192 seconds, Stopping threads took: 0.0000524 seconds
[2019-06-24T09:52:05.806+0000][1][safepoint    ] Application time: 0.0452518 seconds
[2019-06-24T09:52:05.806+0000][1][safepoint    ] Entering safepoint region: RevokeBias
[2019-06-24T09:52:05.806+0000][1][safepoint    ] Leaving safepoint region
[2019-06-24T09:52:05.806+0000][1][safepoint    ] Total time for which application threads were stopped: 0.0001750 seconds, Stopping threads took: 0.0000404 seconds
[2019-06-24T09:52:05.807+0000][1][safepoint    ] Application time: 0.0005958 seconds
[2019-06-24T09:52:05.807+0000][1][safepoint    ] Entering safepoint region: RevokeBias
[2019-06-24T09:52:05.807+0000][1][safepoint    ] Leaving safepoint region
[2019-06-24T09:52:05.807+0000][1][safepoint    ] Total time for which application threads were stopped: 0.0001305 seconds, Stopping threads took: 0.0000315 seconds
[2019-06-24T09:52:06.087+0000][1][safepoint    ] Application time: 0.2792704 seconds
[2019-06-24T09:52:06.087+0000][1][safepoint    ] Entering safepoint region: RevokeBias
[2019-06-24T09:52:06.087+0000][1][safepoint    ] Leaving safepoint region
[2019-06-24T09:52:06.087+0000][1][safepoint    ] Total time for which application threads were stopped: 0.0002688 seconds, Stopping threads took: 0.0000772 seconds
[2019-06-24T09:52:06.281+0000][1][safepoint    ] Application time: 0.1945142 seconds
[2019-06-24T09:52:06.282+0000][1][safepoint    ] Entering safepoint region: RevokeBias
[2019-06-24T09:52:06.282+0000][1][safepoint    ] Leaving safepoint region
[2019-06-24T09:52:06.282+0000][1][safepoint    ] Total time for which application threads were stopped: 0.0001832 seconds, Stopping threads took: 0.0000421 seconds
[2019-06-24T09:52:06.282+0000][1][safepoint    ] Application time: 0.0003489 seconds
[2019-06-24T09:52:06.282+0000][1][safepoint    ] Entering safepoint region: RevokeBias
[2019-06-24T09:52:06.282+0000][1][safepoint    ] Leaving safepoint region
[2019-06-24T09:52:06.282+0000][1][safepoint    ] Total time for which application threads were stopped: 0.0001325 seconds, Stopping threads took: 0.0000560 seconds
[2019-06-24T09:52:06.282+0000][1][safepoint    ] Application time: 0.0000939 seconds
[2019-06-24T09:52:06.282+0000][1][safepoint    ] Entering safepoint region: RevokeBias
[2019-06-24T09:52:06.283+0000][1][safepoint    ] Leaving safepoint region
[2019-06-24T09:52:06.283+0000][1][safepoint    ] Total time for which application threads were stopped: 0.0002038 seconds, Stopping threads took: 0.0001030 seconds
[2019-06-24T09:52:06.283+0000][1][safepoint    ] Application time: 0.0003085 seconds
[2019-06-24T09:52:06.283+0000][1][safepoint    ] Entering safepoint region: RevokeBias
[2019-06-24T09:52:06.283+0000][1][safepoint    ] Leaving safepoint region
[2019-06-24T09:52:06.283+0000][1][safepoint    ] Total time for which application threads were stopped: 0.0000913 seconds, Stopping threads took: 0.0000201 seconds
[2019-06-24T09:52:06.285+0000][1][safepoint    ] Application time: 0.0020890 seconds
[2019-06-24T09:52:06.285+0000][1][safepoint    ] Entering safepoint region: RevokeBias
[2019-06-24T09:52:06.285+0000][1][safepoint    ] Leaving safepoint region
[2019-06-24T09:52:06.285+0000][1][safepoint    ] Total time for which application threads were stopped: 0.0001666 seconds, Stopping threads took: 0.0000687 seconds
[2019-06-24T09:52:06.286+0000][1][safepoint    ] Application time: 0.0003359 seconds
[2019-06-24T09:52:06.286+0000][1][safepoint    ] Entering safepoint region: RevokeBias
[2019-06-24T09:52:06.286+0000][1][safepoint    ] Leaving safepoint region
[2019-06-24T09:52:06.286+0000][1][safepoint    ] Total time for which application threads were stopped: 0.0000959 seconds, Stopping threads took: 0.0000249 seconds
[2019-06-24T09:52:06.294+0000][1][safepoint    ] Application time: 0.0079448 seconds
[2019-06-24T09:52:06.294+0000][1][safepoint    ] Entering safepoint region: BulkRevokeBias
[2019-06-24T09:52:06.294+0000][1][safepoint    ] Leaving safepoint region
[2019-06-24T09:52:06.294+0000][1][safepoint    ] Total time for which application threads were stopped: 0.0006453 seconds, Stopping threads took: 0.0000356 seconds
[2019-06-24T09:52:06.295+0000][1][safepoint    ] Application time: 0.0001269 seconds
[2019-06-24T09:52:06.295+0000][1][safepoint    ] Entering safepoint region: RevokeBias
[2019-06-24T09:52:06.295+0000][1][safepoint    ] Leaving safepoint region
[2019-06-24T09:52:06.295+0000][1][safepoint    ] Total time for which application threads were stopped: 0.0001168 seconds, Stopping threads took: 0.0000195 seconds
[2019-06-24T09:52:06.379+0000][1][safepoint    ] Application time: 0.0847007 seconds
[2019-06-24T09:52:06.379+0000][1][safepoint    ] Entering safepoint region: Deoptimize
[2019-06-24T09:52:06.381+0000][1][safepoint    ] Leaving safepoint region
[2019-06-24T09:52:06.381+0000][1][safepoint    ] Total time for which application threads were stopped: 0.0012005 seconds, Stopping threads took: 0.0000317 seconds
[2019-06-24T09:52:06.450+0000][1][safepoint    ] Application time: 0.0692113 seconds
[2019-06-24T09:52:06.450+0000][1][safepoint    ] Entering safepoint region: BulkRevokeBias
[2019-06-24T09:52:06.451+0000][1][safepoint    ] Leaving safepoint region
[2019-06-24T09:52:06.451+0000][1][safepoint    ] Total time for which application threads were stopped: 0.0006878 seconds, Stopping threads took: 0.0000371 seconds
[2019-06-24T09:52:06.467+0000][1][safepoint    ] Application time: 0.0160919 seconds
[2019-06-24T09:52:06.467+0000][1][safepoint    ] Entering safepoint region: RevokeBias
[2019-06-24T09:52:06.467+0000][1][safepoint    ] Leaving safepoint region
[2019-06-24T09:52:06.467+0000][1][safepoint    ] Total time for which application threads were stopped: 0.0001908 seconds, Stopping threads took: 0.0000843 seconds
[2019-06-24T09:52:06.467+0000][1][safepoint    ] Application time: 0.0004437 seconds
[2019-06-24T09:52:06.467+0000][1][safepoint    ] Entering safepoint region: RevokeBias
[2019-06-24T09:52:06.468+0000][1][safepoint    ] Leaving safepoint region
[2019-06-24T09:52:06.468+0000][1][safepoint    ] Total time for which application threads were stopped: 0.0001035 seconds, Stopping threads took: 0.0000250 seconds
[2019-06-24T09:52:06.503+0000][1][safepoint    ] Application time: 0.0349741 seconds
[2019-06-24T09:52:06.503+0000][1][safepoint    ] Entering safepoint region: RevokeBias
[2019-06-24T09:52:06.503+0000][1][safepoint    ] Leaving safepoint region
[2019-06-24T09:52:06.503+0000][1][safepoint    ] Total time for which application threads were stopped: 0.0002650 seconds, Stopping threads took: 0.0001269 seconds
[2019-06-24T09:52:06.504+0000][1][safepoint    ] Application time: 0.0015415 seconds
[2019-06-24T09:52:06.505+0000][1][safepoint    ] Entering safepoint region: RevokeBias
[2019-06-24T09:52:06.505+0000][1][safepoint    ] Leaving safepoint region
[2019-06-24T09:52:06.505+0000][1][safepoint    ] Total time for which application threads were stopped: 0.0001860 seconds, Stopping threads took: 0.0000484 seconds
[2019-06-24T09:52:07.505+0000][1][safepoint    ] Application time: 1.0002676 seconds
[2019-06-24T09:52:07.505+0000][1][safepoint    ] Entering safepoint region: Cleanup
[2019-06-24T09:52:07.505+0000][1][safepoint    ] Leaving safepoint region
[2019-06-24T09:52:07.505+0000][1][safepoint    ] Total time for which application threads were stopped: 0.0002490 seconds, Stopping threads took: 0.0000639 seconds
[2019-06-24T09:52:09.506+0000][1][safepoint    ] Application time: 2.0005168 seconds
[2019-06-24T09:52:09.506+0000][1][safepoint    ] Entering safepoint region: Cleanup
[2019-06-24T09:52:09.506+0000][1][safepoint    ] Leaving safepoint region
[2019-06-24T09:52:09.506+0000][1][safepoint    ] Total time for which application threads were stopped: 0.0002588 seconds, Stopping threads took: 0.0000654 seconds
[2019-06-24T09:52:10.507+0000][1][safepoint    ] Application time: 1.0002567 seconds
[2019-06-24T09:52:10.507+0000][1][safepoint    ] Entering safepoint region: Cleanup
[2019-06-24T09:52:10.507+0000][1][safepoint    ] Leaving safepoint region
[2019-06-24T09:52:10.507+0000][1][safepoint    ] Total time for which application threads were stopped: 0.0002102 seconds, Stopping threads took: 0.0000569 seconds
[2019-06-24T09:52:11.507+0000][1][safepoint    ] Application time: 1.0002200 seconds
[2019-06-24T09:52:11.507+0000][1][safepoint    ] Entering safepoint region: Cleanup
[2019-06-24T09:52:11.507+0000][1][safepoint    ] Leaving safepoint region
[2019-06-24T09:52:11.507+0000][1][safepoint    ] Total time for which application threads were stopped: 0.0002497 seconds, Stopping threads took: 0.0000667 seconds
[2019-06-24T09:52:12.508+0000][1][safepoint    ] Application time: 1.0002026 seconds
[2019-06-24T09:52:12.508+0000][1][safepoint    ] Entering safepoint region: Cleanup
[2019-06-24T09:52:12.508+0000][1][safepoint    ] Leaving safepoint region
[2019-06-24T09:52:12.508+0000][1][safepoint    ] Total time for which application threads were stopped: 0.0002544 seconds, Stopping threads took: 0.0000758 seconds
[2019-06-24T09:52:14.508+0000][1][safepoint    ] Application time: 2.0003356 seconds
[2019-06-24T09:52:14.509+0000][1][safepoint    ] Entering safepoint region: Cleanup
[2019-06-24T09:52:14.509+0000][1][safepoint    ] Leaving safepoint region
[2019-06-24T09:52:14.509+0000][1][safepoint    ] Total time for which application threads were stopped: 0.0001869 seconds, Stopping threads took: 0.0000476 seconds
[2019-06-24T09:52:15.509+0000][1][safepoint    ] Application time: 1.0001714 seconds
[2019-06-24T09:52:15.509+0000][1][safepoint    ] Entering safepoint region: Cleanup
[2019-06-24T09:52:15.509+0000][1][safepoint    ] Leaving safepoint region
[2019-06-24T09:52:15.509+0000][1][safepoint    ] Total time for which application threads were stopped: 0.0003648 seconds, Stopping threads took: 0.0000673 seconds
[2019-06-24T09:52:16.510+0000][1][safepoint    ] Application time: 1.0001911 seconds
[2019-06-24T09:52:16.510+0000][1][safepoint    ] Entering safepoint region: Cleanup
[2019-06-24T09:52:16.511+0000][1][safepoint    ] Leaving safepoint region
[2019-06-24T09:52:16.511+0000][1][safepoint    ] Total time for which application threads were stopped: 0.0012734 seconds, Stopping threads took: 0.0009762 seconds
[2019-06-24T09:52:17.511+0000][1][safepoint    ] Application time: 1.0002107 seconds
[2019-06-24T09:52:17.511+0000][1][safepoint    ] Entering safepoint region: Cleanup
[2019-06-24T09:52:17.512+0000][1][safepoint    ] Leaving safepoint region
[2019-06-24T09:52:17.512+0000][1][safepoint    ] Total time for which application threads were stopped: 0.0003140 seconds, Stopping threads took: 0.0000798 seconds
[2019-06-24T09:52:20.512+0000][1][safepoint    ] Application time: 3.0006850 seconds
[2019-06-24T09:52:20.513+0000][1][safepoint    ] Entering safepoint region: Cleanup
[2019-06-24T09:52:20.513+0000][1][safepoint    ] Leaving safepoint region
[2019-06-24T09:52:20.513+0000][1][safepoint    ] Total time for which application threads were stopped: 0.0002889 seconds, Stopping threads took: 0.0000961 seconds
[2019-06-24T09:52:22.513+0000][1][safepoint    ] Application time: 2.0004996 seconds
[2019-06-24T09:52:22.514+0000][1][safepoint    ] Entering safepoint region: Cleanup
[2019-06-24T09:52:22.514+0000][1][safepoint    ] Leaving safepoint region
[2019-06-24T09:52:22.514+0000][1][safepoint    ] Total time for which application threads were stopped: 0.0002644 seconds, Stopping threads took: 0.0000658 seconds
[2019-06-24T09:52:23.514+0000][1][safepoint    ] Application time: 1.0002087 seconds
[2019-06-24T09:52:23.514+0000][1][safepoint    ] Entering safepoint region: Cleanup
[2019-06-24T09:52:23.514+0000][1][safepoint    ] Leaving safepoint region
[2019-06-24T09:52:23.514+0000][1][safepoint    ] Total time for which application threads were stopped: 0.0002695 seconds, Stopping threads took: 0.0000783 seconds
[2019-06-24T09:52:24.515+0000][1][safepoint    ] Application time: 1.0002140 seconds
[2019-06-24T09:52:24.515+0000][1][safepoint    ] Entering safepoint region: Cleanup
[2019-06-24T09:52:24.515+0000][1][safepoint    ] Leaving safepoint region
[2019-06-24T09:52:24.515+0000][1][safepoint    ] Total time for which application threads were stopped: 0.0002729 seconds, Stopping threads took: 0.0000679 seconds
[2019-06-24T09:52:25.515+0000][1][safepoint    ] Application time: 1.0002522 seconds
[2019-06-24T09:52:25.515+0000][1][safepoint    ] Entering safepoint region: Cleanup
[2019-06-24T09:52:25.516+0000][1][safepoint    ] Leaving safepoint region
[2019-06-24T09:52:25.516+0000][1][safepoint    ] Total time for which application threads were stopped: 0.0003588 seconds, Stopping threads took: 0.0000679 seconds
[2019-06-24T09:52:28.517+0000][1][safepoint    ] Application time: 3.0007048 seconds
[2019-06-24T09:52:28.517+0000][1][safepoint    ] Entering safepoint region: Cleanup
[2019-06-24T09:52:28.517+0000][1][safepoint    ] Leaving safepoint region
[2019-06-24T09:52:28.517+0000][1][safepoint    ] Total time for which application threads were stopped: 0.0002314 seconds, Stopping threads took: 0.0000574 seconds
[2019-06-24T09:52:29.517+0000][1][safepoint    ] Application time: 1.0001521 seconds
[2019-06-24T09:52:29.517+0000][1][safepoint    ] Entering safepoint region: Cleanup
[2019-06-24T09:52:29.517+0000][1][safepoint    ] Leaving safepoint region
[2019-06-24T09:52:29.517+0000][1][safepoint    ] Total time for which application threads were stopped: 0.0002298 seconds, Stopping threads took: 0.0000603 seconds
[2019-06-24T09:52:30.518+0000][1][safepoint    ] Application time: 1.0002547 seconds
[2019-06-24T09:52:30.518+0000][1][safepoint    ] Entering safepoint region: Cleanup
[2019-06-24T09:52:30.518+0000][1][safepoint    ] Leaving safepoint region
[2019-06-24T09:52:30.518+0000][1][safepoint    ] Total time for which application threads were stopped: 0.0002439 seconds, Stopping threads took: 0.0000589 seconds
[2019-06-24T09:52:35.519+0000][1][safepoint    ] Application time: 5.0010467 seconds
[2019-06-24T09:52:35.519+0000][1][safepoint    ] Entering safepoint region: Cleanup
[2019-06-24T09:52:35.520+0000][1][safepoint    ] Leaving safepoint region
[2019-06-24T09:52:35.520+0000][1][safepoint    ] Total time for which application threads were stopped: 0.0003597 seconds, Stopping threads took: 0.0000884 seconds
[2019-06-24T09:52:36.520+0000][1][safepoint    ] Application time: 1.0002101 seconds
[2019-06-24T09:52:36.520+0000][1][safepoint    ] Entering safepoint region: Cleanup
[2019-06-24T09:52:36.520+0000][1][safepoint    ] Leaving safepoint region
[2019-06-24T09:52:36.520+0000][1][safepoint    ] Total time for which application threads were stopped: 0.0002801 seconds, Stopping threads took: 0.0000690 seconds
[2019-06-24T09:52:39.521+0000][1][safepoint    ] Application time: 3.0006288 seconds
[2019-06-24T09:52:39.521+0000][1][safepoint    ] Entering safepoint region: Cleanup
[2019-06-24T09:52:39.521+0000][1][safepoint    ] Leaving safepoint region
[2019-06-24T09:52:39.521+0000][1][safepoint    ] Total time for which application threads were stopped: 0.0002807 seconds, Stopping threads took: 0.0000684 seconds
[2019-06-24T09:52:40.522+0000][1][safepoint    ] Application time: 1.0002066 seconds
[2019-06-24T09:52:40.522+0000][1][safepoint    ] Entering safepoint region: Cleanup
[2019-06-24T09:52:40.522+0000][1][safepoint    ] Leaving safepoint region
[2019-06-24T09:52:40.522+0000][1][safepoint    ] Total time for which application threads were stopped: 0.0002831 seconds, Stopping threads took: 0.0000647 seconds
[2019-06-24T09:52:44.523+0000][1][safepoint    ] Application time: 4.0009338 seconds
[2019-06-24T09:52:44.524+0000][1][safepoint    ] Entering safepoint region: Cleanup
[2019-06-24T09:52:44.524+0000][1][safepoint    ] Leaving safepoint region
[2019-06-24T09:52:44.524+0000][1][safepoint    ] Total time for which application threads were stopped: 0.0003346 seconds, Stopping threads took: 0.0001408 seconds
[2019-06-24T09:52:45.525+0000][1][safepoint    ] Application time: 1.0002346 seconds
[2019-06-24T09:52:45.525+0000][1][safepoint    ] Entering safepoint region: Cleanup
[2019-06-24T09:52:45.525+0000][1][safepoint    ] Leaving safepoint region
[2019-06-24T09:52:45.525+0000][1][safepoint    ] Total time for which application threads were stopped: 0.0005033 seconds, Stopping threads took: 0.0001107 seconds
[2019-06-24T09:52:47.526+0000][1][safepoint    ] Application time: 2.0004797 seconds
[2019-06-24T09:52:47.526+0000][1][safepoint    ] Entering safepoint region: Cleanup
[2019-06-24T09:52:47.526+0000][1][safepoint    ] Leaving safepoint region
[2019-06-24T09:52:47.526+0000][1][safepoint    ] Total time for which application threads were stopped: 0.0002801 seconds, Stopping threads took: 0.0000678 seconds
[2019-06-24T09:52:51.090+0000][1][safepoint    ] Application time: 3.5633258 seconds
[2019-06-24T09:52:51.090+0000][1][safepoint    ] Entering safepoint region: RevokeBias
[2019-06-24T09:52:51.090+0000][1][safepoint    ] Leaving safepoint region
[2019-06-24T09:52:51.090+0000][1][safepoint    ] Total time for which application threads were stopped: 0.0001962 seconds, Stopping threads took: 0.0000418 seconds
[2019-06-24T09:52:51.090+0000][1][safepoint    ] Application time: 0.0001652 seconds
[2019-06-24T09:52:51.090+0000][1][safepoint    ] Entering safepoint region: RevokeBias
[2019-06-24T09:52:51.090+0000][1][safepoint    ] Leaving safepoint region
[2019-06-24T09:52:51.090+0000][1][safepoint    ] Total time for which application threads were stopped: 0.0001222 seconds, Stopping threads took: 0.0000307 seconds
[2019-06-24T09:52:51.091+0000][1][safepoint    ] Application time: 0.0005494 seconds
[2019-06-24T09:52:51.091+0000][1][safepoint    ] Entering safepoint region: RevokeBias
[2019-06-24T09:52:51.091+0000][1][safepoint    ] Leaving safepoint region
[2019-06-24T09:52:51.091+0000][1][safepoint    ] Total time for which application threads were stopped: 0.0000948 seconds, Stopping threads took: 0.0000217 seconds
[2019-06-24T09:52:51.091+0000][1][safepoint    ] Application time: 0.0003066 seconds
[2019-06-24T09:52:51.091+0000][1][safepoint    ] Entering safepoint region: RevokeBias
[2019-06-24T09:52:51.091+0000][1][safepoint    ] Leaving safepoint region
[2019-06-24T09:52:51.091+0000][1][safepoint    ] Total time for which application threads were stopped: 0.0001184 seconds, Stopping threads took: 0.0000485 seconds
[2019-06-24T09:52:51.092+0000][1][safepoint    ] Application time: 0.0005997 seconds
[2019-06-24T09:52:51.092+0000][1][safepoint    ] Entering safepoint region: RevokeBias
[2019-06-24T09:52:51.092+0000][1][safepoint    ] Leaving safepoint region
[2019-06-24T09:52:51.092+0000][1][safepoint    ] Total time for which application threads were stopped: 0.0001521 seconds, Stopping threads took: 0.0000751 seconds
[2019-06-24T09:52:51.093+0000][1][safepoint    ] Application time: 0.0004243 seconds
[2019-06-24T09:52:51.093+0000][1][safepoint    ] Entering safepoint region: RevokeBias
[2019-06-24T09:52:51.093+0000][1][safepoint    ] Leaving safepoint region
[2019-06-24T09:52:51.093+0000][1][safepoint    ] Total time for which application threads were stopped: 0.0000930 seconds, Stopping threads took: 0.0000175 seconds
[2019-06-24T09:52:51.094+0000][1][safepoint    ] Application time: 0.0015505 seconds
[2019-06-24T09:52:51.094+0000][1][safepoint    ] Entering safepoint region: RevokeBias
[2019-06-24T09:52:51.094+0000][1][safepoint    ] Leaving safepoint region
[2019-06-24T09:52:51.094+0000][1][safepoint    ] Total time for which application threads were stopped: 0.0001263 seconds, Stopping threads took: 0.0000483 seconds
[2019-06-24T09:52:51.096+0000][1][safepoint    ] Application time: 0.0015959 seconds
[2019-06-24T09:52:51.096+0000][1][safepoint    ] Entering safepoint region: RevokeBias
[2019-06-24T09:52:51.096+0000][1][safepoint    ] Leaving safepoint region
[2019-06-24T09:52:51.096+0000][1][safepoint    ] Total time for which application threads were stopped: 0.0002170 seconds, Stopping threads took: 0.0001406 seconds
[2019-06-24T09:52:51.096+0000][1][safepoint    ] Application time: 0.0001349 seconds
[2019-06-24T09:52:51.096+0000][1][safepoint    ] Entering safepoint region: RevokeBias
[2019-06-24T09:52:51.096+0000][1][safepoint    ] Leaving safepoint region
[2019-06-24T09:52:51.096+0000][1][safepoint    ] Total time for which application threads were stopped: 0.0000842 seconds, Stopping threads took: 0.0000211 seconds
[2019-06-24T09:52:51.097+0000][1][safepoint    ] Application time: 0.0001836 seconds
[2019-06-24T09:52:51.097+0000][1][safepoint    ] Entering safepoint region: RevokeBias
[2019-06-24T09:52:51.097+0000][1][safepoint    ] Leaving safepoint region
[2019-06-24T09:52:51.097+0000][1][safepoint    ] Total time for which application threads were stopped: 0.0001338 seconds, Stopping threads took: 0.0000656 seconds
[2019-06-24T09:52:51.097+0000][1][safepoint    ] Application time: 0.0003804 seconds
[2019-06-24T09:52:51.097+0000][1][safepoint    ] Entering safepoint region: BulkRevokeBias
[2019-06-24T09:52:51.098+0000][1][safepoint    ] Leaving safepoint region
[2019-06-24T09:52:51.098+0000][1][safepoint    ] Total time for which application threads were stopped: 0.0005320 seconds, Stopping threads took: 0.0000498 seconds
[2019-06-24T09:52:51.098+0000][1][safepoint    ] Application time: 0.0002629 seconds
[2019-06-24T09:52:51.098+0000][1][safepoint    ] Entering safepoint region: RevokeBias
[2019-06-24T09:52:51.098+0000][1][safepoint    ] Leaving safepoint region
[2019-06-24T09:52:51.098+0000][1][safepoint    ] Total time for which application threads were stopped: 0.0001038 seconds, Stopping threads took: 0.0000457 seconds
[2019-06-24T09:52:51.098+0000][1][safepoint    ] Application time: 0.0001334 seconds
[2019-06-24T09:52:51.098+0000][1][safepoint    ] Entering safepoint region: RevokeBias
[2019-06-24T09:52:51.098+0000][1][safepoint    ] Leaving safepoint region
[2019-06-24T09:52:51.098+0000][1][safepoint    ] Total time for which application threads were stopped: 0.0001147 seconds, Stopping threads took: 0.0000588 seconds
[2019-06-24T09:52:51.099+0000][1][safepoint    ] Application time: 0.0004801 seconds
[2019-06-24T09:52:51.099+0000][1][safepoint    ] Entering safepoint region: RevokeBias
[2019-06-24T09:52:51.099+0000][1][safepoint    ] Leaving safepoint region
[2019-06-24T09:52:51.099+0000][1][safepoint    ] Total time for which application threads were stopped: 0.0002942 seconds, Stopping threads took: 0.0002201 seconds
[2019-06-24T09:52:51.099+0000][1][safepoint    ] Application time: 0.0000744 seconds
[2019-06-24T09:52:51.099+0000][1][safepoint    ] Entering safepoint region: RevokeBias
[2019-06-24T09:52:51.099+0000][1][safepoint    ] Leaving safepoint region
[2019-06-24T09:52:51.099+0000][1][safepoint    ] Total time for which application threads were stopped: 0.0000816 seconds, Stopping threads took: 0.0000242 seconds
[2019-06-24T09:52:51.100+0000][1][safepoint    ] Application time: 0.0004066 seconds
[2019-06-24T09:52:51.100+0000][1][safepoint    ] Entering safepoint region: RevokeBias
[2019-06-24T09:52:51.100+0000][1][safepoint    ] Leaving safepoint region
[2019-06-24T09:52:51.100+0000][1][safepoint    ] Total time for which application threads were stopped: 0.0002086 seconds, Stopping threads took: 0.0001338 seconds
[2019-06-24T09:52:51.100+0000][1][safepoint    ] Application time: 0.0000985 seconds
[2019-06-24T09:52:51.100+0000][1][safepoint    ] Entering safepoint region: RevokeBias
[2019-06-24T09:52:51.100+0000][1][safepoint    ] Leaving safepoint region
[2019-06-24T09:52:51.100+0000][1][safepoint    ] Total time for which application threads were stopped: 0.0000609 seconds, Stopping threads took: 0.0000140 seconds
[2019-06-24T09:52:51.103+0000][1][safepoint    ] Application time: 0.0025409 seconds
[2019-06-24T09:52:51.103+0000][1][safepoint    ] Entering safepoint region: RevokeBias
[2019-06-24T09:52:51.103+0000][1][safepoint    ] Leaving safepoint region
[2019-06-24T09:52:51.103+0000][1][safepoint    ] Total time for which application threads were stopped: 0.0001974 seconds, Stopping threads took: 0.0001006 seconds
[2019-06-24T09:52:51.104+0000][1][safepoint    ] Application time: 0.0005145 seconds
[2019-06-24T09:52:51.104+0000][1][safepoint    ] Entering safepoint region: RevokeBias
[2019-06-24T09:52:51.104+0000][1][safepoint    ] Leaving safepoint region
[2019-06-24T09:52:51.104+0000][1][safepoint    ] Total time for which application threads were stopped: 0.0002739 seconds, Stopping threads took: 0.0002042 seconds
[2019-06-24T09:52:51.104+0000][1][safepoint    ] Application time: 0.0001087 seconds
[2019-06-24T09:52:51.104+0000][1][safepoint    ] Entering safepoint region: RevokeBias
[2019-06-24T09:52:51.104+0000][1][safepoint    ] Leaving safepoint region
[2019-06-24T09:52:51.104+0000][1][safepoint    ] Total time for which application threads were stopped: 0.0001922 seconds, Stopping threads took: 0.0001461 seconds
[2019-06-24T09:52:51.104+0000][1][safepoint    ] Application time: 0.0002250 seconds
[2019-06-24T09:52:51.104+0000][1][safepoint    ] Entering safepoint region: RevokeBias
[2019-06-24T09:52:51.104+0000][1][safepoint    ] Leaving safepoint region
[2019-06-24T09:52:51.104+0000][1][safepoint    ] Total time for which application threads were stopped: 0.0000775 seconds, Stopping threads took: 0.0000260 seconds
[2019-06-24T09:52:51.105+0000][1][safepoint    ] Application time: 0.0001023 seconds
[2019-06-24T09:52:51.105+0000][1][safepoint    ] Entering safepoint region: RevokeBias
[2019-06-24T09:52:51.105+0000][1][safepoint    ] Leaving safepoint region
[2019-06-24T09:52:51.105+0000][1][safepoint    ] Total time for which application threads were stopped: 0.0001290 seconds, Stopping threads took: 0.0000776 seconds
[2019-06-24T09:52:51.105+0000][1][safepoint    ] Application time: 0.0000877 seconds
[2019-06-24T09:52:51.105+0000][1][safepoint    ] Entering safepoint region: RevokeBias
[2019-06-24T09:52:51.105+0000][1][safepoint    ] Leaving safepoint region
[2019-06-24T09:52:51.105+0000][1][safepoint    ] Total time for which application threads were stopped: 0.0001209 seconds, Stopping threads took: 0.0000775 seconds
[2019-06-24T09:52:51.105+0000][1][safepoint    ] Application time: 0.0000725 seconds
[2019-06-24T09:52:51.105+0000][1][safepoint    ] Entering safepoint region: RevokeBias
[2019-06-24T09:52:51.105+0000][1][safepoint    ] Leaving safepoint region
[2019-06-24T09:52:51.105+0000][1][safepoint    ] Total time for which application threads were stopped: 0.0000834 seconds, Stopping threads took: 0.0000425 seconds
[2019-06-24T09:52:51.105+0000][1][safepoint    ] Application time: 0.0000827 seconds
[2019-06-24T09:52:51.105+0000][1][safepoint    ] Entering safepoint region: RevokeBias
[2019-06-24T09:52:51.105+0000][1][safepoint    ] Leaving safepoint region
[2019-06-24T09:52:51.105+0000][1][safepoint    ] Total time for which application threads were stopped: 0.0000647 seconds, Stopping threads took: 0.0000249 seconds
[2019-06-24T09:52:51.105+0000][1][safepoint    ] Application time: 0.0000744 seconds
[2019-06-24T09:52:51.105+0000][1][safepoint    ] Entering safepoint region: RevokeBias
[2019-06-24T09:52:51.106+0000][1][safepoint    ] Leaving safepoint region
[2019-06-24T09:52:51.106+0000][1][safepoint    ] Total time for which application threads were stopped: 0.0000959 seconds, Stopping threads took: 0.0000587 seconds
[2019-06-24T09:52:51.106+0000][1][safepoint    ] Application time: 0.0008923 seconds
[2019-06-24T09:52:51.107+0000][1][safepoint    ] Entering safepoint region: RevokeBias
[2019-06-24T09:52:51.107+0000][1][safepoint    ] Leaving safepoint region
[2019-06-24T09:52:51.107+0000][1][safepoint    ] Total time for which application threads were stopped: 0.0001696 seconds, Stopping threads took: 0.0001012 seconds
[2019-06-24T09:52:51.553+0000][1][safepoint    ] Application time: 0.4459993 seconds
[2019-06-24T09:52:51.553+0000][1][safepoint    ] Entering safepoint region: RevokeBias
[2019-06-24T09:52:51.553+0000][1][safepoint    ] Leaving safepoint region
[2019-06-24T09:52:51.553+0000][1][safepoint    ] Total time for which application threads were stopped: 0.0003545 seconds, Stopping threads took: 0.0001008 seconds
[2019-06-24T09:52:51.554+0000][1][safepoint    ] Application time: 0.0009542 seconds
[2019-06-24T09:52:51.554+0000][1][safepoint    ] Entering safepoint region: RevokeBias
[2019-06-24T09:52:51.554+0000][1][safepoint    ] Leaving safepoint region
[2019-06-24T09:52:51.554+0000][1][safepoint    ] Total time for which application threads were stopped: 0.0002346 seconds, Stopping threads took: 0.0000512 seconds
[2019-06-24T09:52:51.555+0000][1][safepoint    ] Application time: 0.0007367 seconds
[2019-06-24T09:52:51.555+0000][1][safepoint    ] Entering safepoint region: RevokeBias
[2019-06-24T09:52:51.555+0000][1][safepoint    ] Leaving safepoint region
[2019-06-24T09:52:51.556+0000][1][safepoint    ] Total time for which application threads were stopped: 0.0002959 seconds, Stopping threads took: 0.0001203 seconds
[2019-06-24T09:52:51.556+0000][1][safepoint    ] Application time: 0.0003149 seconds
[2019-06-24T09:52:51.556+0000][1][safepoint    ] Entering safepoint region: RevokeBias
[2019-06-24T09:52:51.556+0000][1][safepoint    ] Leaving safepoint region
[2019-06-24T09:52:51.556+0000][1][safepoint    ] Total time for which application threads were stopped: 0.0002919 seconds, Stopping threads took: 0.0001310 seconds
[2019-06-24T09:52:51.557+0000][1][safepoint    ] Application time: 0.0004197 seconds
[2019-06-24T09:52:51.557+0000][1][safepoint    ] Entering safepoint region: RevokeBias
[2019-06-24T09:52:51.557+0000][1][safepoint    ] Leaving safepoint region
[2019-06-24T09:52:51.557+0000][1][safepoint    ] Total time for which application threads were stopped: 0.0002358 seconds, Stopping threads took: 0.0000791 seconds
[2019-06-24T09:52:51.558+0000][1][safepoint    ] Application time: 0.0006309 seconds
[2019-06-24T09:52:51.558+0000][1][safepoint    ] Entering safepoint region: RevokeBias
[2019-06-24T09:52:51.558+0000][1][safepoint    ] Leaving safepoint region
[2019-06-24T09:52:51.558+0000][1][safepoint    ] Total time for which application threads were stopped: 0.0004476 seconds, Stopping threads took: 0.0002203 seconds
[2019-06-24T09:52:51.559+0000][1][safepoint    ] Application time: 0.0004026 seconds
[2019-06-24T09:52:51.559+0000][1][safepoint    ] Entering safepoint region: RevokeBias
[2019-06-24T09:52:51.559+0000][1][safepoint    ] Leaving safepoint region
[2019-06-24T09:52:51.559+0000][1][safepoint    ] Total time for which application threads were stopped: 0.0004735 seconds, Stopping threads took: 0.0002613 seconds
[2019-06-24T09:52:51.559+0000][1][safepoint    ] Application time: 0.0002752 seconds
[2019-06-24T09:52:51.560+0000][1][safepoint    ] Entering safepoint region: RevokeBias
[2019-06-24T09:52:51.560+0000][1][safepoint    ] Leaving safepoint region
[2019-06-24T09:52:51.560+0000][1][safepoint    ] Total time for which application threads were stopped: 0.0002759 seconds, Stopping threads took: 0.0001069 seconds
[2019-06-24T09:52:51.561+0000][1][safepoint    ] Application time: 0.0008192 seconds
[2019-06-24T09:52:51.561+0000][1][safepoint    ] Entering safepoint region: RevokeBias
[2019-06-24T09:52:51.561+0000][1][safepoint    ] Leaving safepoint region
[2019-06-24T09:52:51.561+0000][1][safepoint    ] Total time for which application threads were stopped: 0.0003088 seconds, Stopping threads took: 0.0001423 seconds
[2019-06-24T09:52:51.566+0000][1][safepoint    ] Application time: 0.0045527 seconds
[2019-06-24T09:52:51.567+0000][1][safepoint    ] Entering safepoint region: RevokeBias
[2019-06-24T09:52:51.567+0000][1][safepoint    ] Leaving safepoint region
[2019-06-24T09:52:51.567+0000][1][safepoint    ] Total time for which application threads were stopped: 0.0017129 seconds, Stopping threads took: 0.0011721 seconds
[2019-06-24T09:52:51.568+0000][1][safepoint    ] Application time: 0.0009951 seconds
[2019-06-24T09:52:51.569+0000][1][safepoint    ] Entering safepoint region: RevokeBias
[2019-06-24T09:52:51.569+0000][1][safepoint    ] Leaving safepoint region
[2019-06-24T09:52:51.569+0000][1][safepoint    ] Total time for which application threads were stopped: 0.0004741 seconds, Stopping threads took: 0.0001546 seconds
[2019-06-24T09:52:51.572+0000][1][safepoint    ] Application time: 0.0030104 seconds
[2019-06-24T09:52:51.572+0000][1][safepoint    ] Entering safepoint region: RevokeBias
[2019-06-24T09:52:51.573+0000][1][safepoint    ] Leaving safepoint region
[2019-06-24T09:52:51.573+0000][1][safepoint    ] Total time for which application threads were stopped: 0.0006105 seconds, Stopping threads took: 0.0003363 seconds
[2019-06-24T09:52:51.575+0000][1][safepoint    ] Application time: 0.0021671 seconds
[2019-06-24T09:52:51.575+0000][1][safepoint    ] Entering safepoint region: RevokeBias
[2019-06-24T09:52:51.575+0000][1][safepoint    ] Leaving safepoint region
[2019-06-24T09:52:51.575+0000][1][safepoint    ] Total time for which application threads were stopped: 0.0002278 seconds, Stopping threads took: 0.0000485 seconds
[2019-06-24T09:52:51.587+0000][1][safepoint    ] Application time: 0.0115590 seconds
[2019-06-24T09:52:51.587+0000][1][safepoint    ] Entering safepoint region: RevokeBias
[2019-06-24T09:52:51.587+0000][1][safepoint    ] Leaving safepoint region
[2019-06-24T09:52:51.587+0000][1][safepoint    ] Total time for which application threads were stopped: 0.0001809 seconds, Stopping threads took: 0.0000648 seconds
[2019-06-24T09:52:51.589+0000][1][safepoint    ] Application time: 0.0018606 seconds
[2019-06-24T09:52:51.589+0000][1][safepoint    ] Entering safepoint region: RevokeBias
[2019-06-24T09:52:51.589+0000][1][safepoint    ] Leaving safepoint region
[2019-06-24T09:52:51.589+0000][1][safepoint    ] Total time for which application threads were stopped: 0.0001090 seconds, Stopping threads took: 0.0000281 seconds
[2019-06-24T09:52:51.598+0000][1][safepoint    ] Application time: 0.0091909 seconds
[2019-06-24T09:52:51.598+0000][1][safepoint    ] Entering safepoint region: RevokeBias
[2019-06-24T09:52:51.598+0000][1][safepoint    ] Leaving safepoint region
[2019-06-24T09:52:51.598+0000][1][safepoint    ] Total time for which application threads were stopped: 0.0000700 seconds, Stopping threads took: 0.0000150 seconds
[2019-06-24T09:52:51.599+0000][1][safepoint    ] Application time: 0.0005306 seconds
[2019-06-24T09:52:51.599+0000][1][safepoint    ] Entering safepoint region: RevokeBias
[2019-06-24T09:52:51.599+0000][1][safepoint    ] Leaving safepoint region
[2019-06-24T09:52:51.599+0000][1][safepoint    ] Total time for which application threads were stopped: 0.0000572 seconds, Stopping threads took: 0.0000115 seconds
[2019-06-24T09:52:51.600+0000][1][safepoint    ] Application time: 0.0008091 seconds
[2019-06-24T09:52:51.600+0000][1][safepoint    ] Entering safepoint region: RevokeBias
[2019-06-24T09:52:51.600+0000][1][safepoint    ] Leaving safepoint region
[2019-06-24T09:52:51.600+0000][1][safepoint    ] Total time for which application threads were stopped: 0.0000554 seconds, Stopping threads took: 0.0000120 seconds
[2019-06-24T09:52:51.600+0000][1][safepoint    ] Application time: 0.0002209 seconds
[2019-06-24T09:52:51.600+0000][1][safepoint    ] Entering safepoint region: RevokeBias
[2019-06-24T09:52:51.600+0000][1][safepoint    ] Leaving safepoint region
[2019-06-24T09:52:51.600+0000][1][safepoint    ] Total time for which application threads were stopped: 0.0000726 seconds, Stopping threads took: 0.0000334 seconds
[2019-06-24T09:52:51.601+0000][1][safepoint    ] Application time: 0.0011399 seconds
[2019-06-24T09:52:51.601+0000][1][safepoint    ] Entering safepoint region: RevokeBias
[2019-06-24T09:52:51.601+0000][1][safepoint    ] Leaving safepoint region
[2019-06-24T09:52:51.601+0000][1][safepoint    ] Total time for which application threads were stopped: 0.0000415 seconds, Stopping threads took: 0.0000102 seconds
[2019-06-24T09:52:51.602+0000][1][safepoint    ] Application time: 0.0001078 seconds
[2019-06-24T09:52:51.602+0000][1][safepoint    ] Entering safepoint region: RevokeBias
[2019-06-24T09:52:51.602+0000][1][safepoint    ] Leaving safepoint region
[2019-06-24T09:52:51.602+0000][1][safepoint    ] Total time for which application threads were stopped: 0.0000479 seconds, Stopping threads took: 0.0000134 seconds
[2019-06-24T09:52:51.603+0000][1][safepoint    ] Application time: 0.0013210 seconds
[2019-06-24T09:52:51.603+0000][1][safepoint    ] Entering safepoint region: RevokeBias
[2019-06-24T09:52:51.603+0000][1][safepoint    ] Leaving safepoint region
[2019-06-24T09:52:51.603+0000][1][safepoint    ] Total time for which application threads were stopped: 0.0000488 seconds, Stopping threads took: 0.0000117 seconds
[2019-06-24T09:52:51.606+0000][1][gc,heap,exit ] Heap
[2019-06-24T09:52:51.607+0000][1][gc,heap,exit ]  par new generation   total 78656K, used 77845K [0x00000000f0000000, 0x00000000f5550000, 0x00000000f5550000)
[2019-06-24T09:52:51.607+0000][1][gc,heap,exit ]   eden space 69952K,  98% used [0x00000000f0000000, 0x00000000f4385498, 0x00000000f4450000)
[2019-06-24T09:52:51.607+0000][1][gc,heap,exit ]   from space 8704K, 100% used [0x00000000f4cd0000, 0x00000000f5550000, 0x00000000f5550000)
[2019-06-24T09:52:51.607+0000][1][gc,heap,exit ]   to   space 8704K,   0% used [0x00000000f4450000, 0x00000000f4450000, 0x00000000f4cd0000)
[2019-06-24T09:52:51.607+0000][1][gc,heap,exit ]  concurrent mark-sweep generation total 174784K, used 63727K [0x00000000f5550000, 0x0000000100000000, 0x0000000100000000)
[2019-06-24T09:52:51.607+0000][1][gc,heap,exit ]  Metaspace       used 67491K, capacity 72506K, committed 72712K, reserved 1112064K
[2019-06-24T09:52:51.607+0000][1][gc,heap,exit ]   class space    used 9179K, capacity 11256K, committed 11332K, reserved 1048576K
[2019-06-24T09:52:51.607+0000][1][safepoint    ] Application time: 0.0037035 seconds
[2019-06-24T09:52:51.607+0000][1][safepoint    ] Entering safepoint region: Exit
