[2019-06-24T09:24:54.918+0000][1][gc] Using Concurrent Mark Sweep
[2019-06-24T09:24:54.918+0000][1][gc,heap,coops] Heap address: 0x00000000f0000000, size: 256 MB, Compressed Oops mode: 32-bit
[2019-06-24T09:24:54.963+0000][1][safepoint    ] Entering safepoint region: EnableBiasedLocking
[2019-06-24T09:24:54.963+0000][1][safepoint    ] Leaving safepoint region
[2019-06-24T09:24:54.963+0000][1][safepoint    ] Total time for which application threads were stopped: 0.0001342 seconds, Stopping threads took: 0.0000538 seconds
[2019-06-24T09:24:54.966+0000][1][safepoint    ] Application time: 0.0028810 seconds
[2019-06-24T09:24:54.966+0000][1][safepoint    ] Entering safepoint region: RevokeBias
[2019-06-24T09:24:54.966+0000][1][safepoint    ] Leaving safepoint region
[2019-06-24T09:24:54.966+0000][1][safepoint    ] Total time for which application threads were stopped: 0.0000770 seconds, Stopping threads took: 0.0000266 seconds
[2019-06-24T09:24:54.976+0000][1][safepoint    ] Application time: 0.0093812 seconds
[2019-06-24T09:24:54.976+0000][1][safepoint    ] Entering safepoint region: Deoptimize
[2019-06-24T09:24:54.976+0000][1][safepoint    ] Leaving safepoint region
[2019-06-24T09:24:54.976+0000][1][safepoint    ] Total time for which application threads were stopped: 0.0000491 seconds, Stopping threads took: 0.0000100 seconds
[2019-06-24T09:24:55.070+0000][1][safepoint    ] Application time: 0.0940823 seconds
[2019-06-24T09:24:55.070+0000][1][safepoint    ] Entering safepoint region: RevokeBias
[2019-06-24T09:24:55.070+0000][1][safepoint    ] Leaving safepoint region
[2019-06-24T09:24:55.070+0000][1][safepoint    ] Total time for which application threads were stopped: 0.0000691 seconds, Stopping threads took: 0.0000099 seconds
[2019-06-24T09:24:55.072+0000][1][safepoint    ] Application time: 0.0015462 seconds
[2019-06-24T09:24:55.072+0000][1][safepoint    ] Entering safepoint region: Deoptimize
[2019-06-24T09:24:55.072+0000][1][safepoint    ] Leaving safepoint region
[2019-06-24T09:24:55.072+0000][1][safepoint    ] Total time for which application threads were stopped: 0.0000481 seconds, Stopping threads took: 0.0000070 seconds
[2019-06-24T09:24:55.094+0000][1][safepoint    ] Application time: 0.0223896 seconds
[2019-06-24T09:24:55.094+0000][1][safepoint    ] Entering safepoint region: Deoptimize
[2019-06-24T09:24:55.094+0000][1][safepoint    ] Leaving safepoint region
[2019-06-24T09:24:55.094+0000][1][safepoint    ] Total time for which application threads were stopped: 0.0000614 seconds, Stopping threads took: 0.0000082 seconds
[2019-06-24T09:24:55.313+0000][1][safepoint    ] Application time: 0.2189755 seconds
[2019-06-24T09:24:55.313+0000][1][safepoint    ] Entering safepoint region: Deoptimize
[2019-06-24T09:24:55.313+0000][1][safepoint    ] Leaving safepoint region
[2019-06-24T09:24:55.313+0000][1][safepoint    ] Total time for which application threads were stopped: 0.0001783 seconds, Stopping threads took: 0.0000145 seconds
[2019-06-24T09:24:55.333+0000][1][safepoint    ] Application time: 0.0199103 seconds
[2019-06-24T09:24:55.333+0000][1][safepoint    ] Entering safepoint region: Deoptimize
[2019-06-24T09:24:55.333+0000][1][safepoint    ] Leaving safepoint region
[2019-06-24T09:24:55.333+0000][1][safepoint    ] Total time for which application threads were stopped: 0.0001013 seconds, Stopping threads took: 0.0000086 seconds
[2019-06-24T09:24:55.358+0000][1][safepoint    ] Application time: 0.0245289 seconds
[2019-06-24T09:24:55.358+0000][1][safepoint    ] Entering safepoint region: Deoptimize
[2019-06-24T09:24:55.358+0000][1][safepoint    ] Leaving safepoint region
[2019-06-24T09:24:55.358+0000][1][safepoint    ] Total time for which application threads were stopped: 0.0001214 seconds, Stopping threads took: 0.0000094 seconds
[2019-06-24T09:24:55.368+0000][1][safepoint    ] Application time: 0.0097899 seconds
[2019-06-24T09:24:55.368+0000][1][safepoint    ] Entering safepoint region: Deoptimize
[2019-06-24T09:24:55.368+0000][1][safepoint    ] Leaving safepoint region
[2019-06-24T09:24:55.368+0000][1][safepoint    ] Total time for which application threads were stopped: 0.0001073 seconds, Stopping threads took: 0.0000086 seconds
[2019-06-24T09:24:55.692+0000][1][safepoint    ] Application time: 0.3243316 seconds
[2019-06-24T09:24:55.692+0000][1][safepoint    ] Entering safepoint region: Deoptimize
[2019-06-24T09:24:55.693+0000][1][safepoint    ] Leaving safepoint region
[2019-06-24T09:24:55.693+0000][1][safepoint    ] Total time for which application threads were stopped: 0.0002667 seconds, Stopping threads took: 0.0000129 seconds
[2019-06-24T09:24:55.928+0000][1][safepoint    ] Application time: 0.2348298 seconds
[2019-06-24T09:24:55.928+0000][1][safepoint    ] Entering safepoint region: RevokeBias
[2019-06-24T09:24:55.928+0000][1][safepoint    ] Leaving safepoint region
[2019-06-24T09:24:55.928+0000][1][safepoint    ] Total time for which application threads were stopped: 0.0001658 seconds, Stopping threads took: 0.0000685 seconds
[2019-06-24T09:24:56.008+0000][1][safepoint    ] Application time: 0.0806192 seconds
[2019-06-24T09:24:56.008+0000][1][safepoint    ] Entering safepoint region: Deoptimize
[2019-06-24T09:24:56.009+0000][1][safepoint    ] Leaving safepoint region
[2019-06-24T09:24:56.009+0000][1][safepoint    ] Total time for which application threads were stopped: 0.0001621 seconds, Stopping threads took: 0.0000087 seconds
[2019-06-24T09:24:56.111+0000][1][safepoint    ] Application time: 0.1026021 seconds
[2019-06-24T09:24:56.111+0000][1][safepoint    ] Entering safepoint region: Deoptimize
[2019-06-24T09:24:56.111+0000][1][safepoint    ] Leaving safepoint region
[2019-06-24T09:24:56.111+0000][1][safepoint    ] Total time for which application threads were stopped: 0.0001790 seconds, Stopping threads took: 0.0000099 seconds
[2019-06-24T09:24:56.112+0000][1][safepoint    ] Application time: 0.0001009 seconds
[2019-06-24T09:24:56.112+0000][1][safepoint    ] Entering safepoint region: Deoptimize
[2019-06-24T09:24:56.112+0000][1][safepoint    ] Leaving safepoint region
[2019-06-24T09:24:56.112+0000][1][safepoint    ] Total time for which application threads were stopped: 0.0001082 seconds, Stopping threads took: 0.0000068 seconds
[2019-06-24T09:24:56.126+0000][1][safepoint    ] Application time: 0.0141716 seconds
[2019-06-24T09:24:56.126+0000][1][safepoint    ] Entering safepoint region: Deoptimize
[2019-06-24T09:24:56.126+0000][1][safepoint    ] Leaving safepoint region
[2019-06-24T09:24:56.126+0000][1][safepoint    ] Total time for which application threads were stopped: 0.0001986 seconds, Stopping threads took: 0.0000094 seconds
[2019-06-24T09:24:56.134+0000][1][safepoint    ] Application time: 0.0082590 seconds
[2019-06-24T09:24:56.134+0000][1][safepoint    ] Entering safepoint region: Deoptimize
[2019-06-24T09:24:56.135+0000][1][safepoint    ] Leaving safepoint region
[2019-06-24T09:24:56.135+0000][1][safepoint    ] Total time for which application threads were stopped: 0.0002749 seconds, Stopping threads took: 0.0000100 seconds
[2019-06-24T09:24:56.140+0000][1][safepoint    ] Application time: 0.0050804 seconds
[2019-06-24T09:24:56.140+0000][1][safepoint    ] Entering safepoint region: RevokeBias
[2019-06-24T09:24:56.140+0000][1][safepoint    ] Leaving safepoint region
[2019-06-24T09:24:56.140+0000][1][safepoint    ] Total time for which application threads were stopped: 0.0000612 seconds, Stopping threads took: 0.0000216 seconds
[2019-06-24T09:24:56.140+0000][1][safepoint    ] Application time: 0.0001045 seconds
[2019-06-24T09:24:56.140+0000][1][safepoint    ] Entering safepoint region: RevokeBias
[2019-06-24T09:24:56.140+0000][1][safepoint    ] Leaving safepoint region
[2019-06-24T09:24:56.140+0000][1][safepoint    ] Total time for which application threads were stopped: 0.0000400 seconds, Stopping threads took: 0.0000184 seconds
[2019-06-24T09:24:56.140+0000][1][safepoint    ] Application time: 0.0000755 seconds
[2019-06-24T09:24:56.140+0000][1][safepoint    ] Entering safepoint region: RevokeBias
[2019-06-24T09:24:56.140+0000][1][safepoint    ] Leaving safepoint region
[2019-06-24T09:24:56.140+0000][1][safepoint    ] Total time for which application threads were stopped: 0.0000537 seconds, Stopping threads took: 0.0000181 seconds
[2019-06-24T09:24:56.140+0000][1][safepoint    ] Application time: 0.0000622 seconds
[2019-06-24T09:24:56.140+0000][1][safepoint    ] Entering safepoint region: RevokeBias
[2019-06-24T09:24:56.140+0000][1][safepoint    ] Leaving safepoint region
[2019-06-24T09:24:56.140+0000][1][safepoint    ] Total time for which application threads were stopped: 0.0000401 seconds, Stopping threads took: 0.0000187 seconds
[2019-06-24T09:24:56.140+0000][1][safepoint    ] Application time: 0.0001476 seconds
[2019-06-24T09:24:56.140+0000][1][safepoint    ] Entering safepoint region: RevokeBias
[2019-06-24T09:24:56.140+0000][1][safepoint    ] Leaving safepoint region
[2019-06-24T09:24:56.140+0000][1][safepoint    ] Total time for which application threads were stopped: 0.0000466 seconds, Stopping threads took: 0.0000186 seconds
[2019-06-24T09:24:56.141+0000][1][safepoint    ] Application time: 0.0002869 seconds
[2019-06-24T09:24:56.141+0000][1][safepoint    ] Entering safepoint region: RevokeBias
[2019-06-24T09:24:56.141+0000][1][safepoint    ] Leaving safepoint region
[2019-06-24T09:24:56.141+0000][1][safepoint    ] Total time for which application threads were stopped: 0.0000960 seconds, Stopping threads took: 0.0000633 seconds
[2019-06-24T09:24:56.142+0000][1][safepoint    ] Application time: 0.0010828 seconds
[2019-06-24T09:24:56.142+0000][1][safepoint    ] Entering safepoint region: RevokeBias
[2019-06-24T09:24:56.142+0000][1][safepoint    ] Leaving safepoint region
[2019-06-24T09:24:56.142+0000][1][safepoint    ] Total time for which application threads were stopped: 0.0000385 seconds, Stopping threads took: 0.0000211 seconds
[2019-06-24T09:24:56.147+0000][1][safepoint    ] Application time: 0.0051235 seconds
[2019-06-24T09:24:56.147+0000][1][safepoint    ] Entering safepoint region: Deoptimize
[2019-06-24T09:24:56.147+0000][1][safepoint    ] Leaving safepoint region
[2019-06-24T09:24:56.147+0000][1][safepoint    ] Total time for which application threads were stopped: 0.0001833 seconds, Stopping threads took: 0.0000095 seconds
[2019-06-24T09:24:56.223+0000][1][safepoint    ] Application time: 0.0761090 seconds
[2019-06-24T09:24:56.223+0000][1][safepoint    ] Entering safepoint region: GenCollectForAllocation
[2019-06-24T09:24:56.224+0000][1][gc,start     ] GC(0) Pause Young (Allocation Failure)
[2019-06-24T09:24:56.224+0000][1][gc,task      ] GC(0) Using 5 workers of 8 for evacuation
[2019-06-24T09:24:56.229+0000][1][gc,age       ] GC(0) Desired survivor size 4456448 bytes, new threshold 1 (max threshold 6)
[2019-06-24T09:24:56.229+0000][1][gc,age       ] GC(0) Age table with threshold 1 (max threshold 6)
[2019-06-24T09:24:56.229+0000][1][gc,age       ] GC(0) - age   1:    7882056 bytes,    7882056 total
[2019-06-24T09:24:56.229+0000][1][gc,heap      ] GC(0) ParNew: 69952K->7804K(78656K)
[2019-06-24T09:24:56.229+0000][1][gc,heap      ] GC(0) CMS: 0K->0K(174784K)
[2019-06-24T09:24:56.229+0000][1][gc,metaspace ] GC(0) Metaspace: 11971K->11971K(1060864K)
[2019-06-24T09:24:56.229+0000][1][gc           ] GC(0) Pause Young (Allocation Failure) 68M->7M(247M) 5.606ms
[2019-06-24T09:24:56.229+0000][1][gc,cpu       ] GC(0) User=0.04s Sys=0.00s Real=0.00s
[2019-06-24T09:24:56.229+0000][1][safepoint    ] Leaving safepoint region
[2019-06-24T09:24:56.229+0000][1][safepoint    ] Total time for which application threads were stopped: 0.0057064 seconds, Stopping threads took: 0.0000104 seconds
[2019-06-24T09:24:56.229+0000][1][safepoint    ] Application time: 0.0002949 seconds
[2019-06-24T09:24:56.230+0000][1][safepoint    ] Entering safepoint region: RevokeBias
[2019-06-24T09:24:56.230+0000][1][safepoint    ] Leaving safepoint region
[2019-06-24T09:24:56.230+0000][1][safepoint    ] Total time for which application threads were stopped: 0.0000767 seconds, Stopping threads took: 0.0000364 seconds
[2019-06-24T09:24:56.230+0000][1][safepoint    ] Application time: 0.0000340 seconds
[2019-06-24T09:24:56.230+0000][1][safepoint    ] Entering safepoint region: RevokeBias
[2019-06-24T09:24:56.230+0000][1][safepoint    ] Leaving safepoint region
[2019-06-24T09:24:56.230+0000][1][safepoint    ] Total time for which application threads were stopped: 0.0000417 seconds, Stopping threads took: 0.0000164 seconds
[2019-06-24T09:24:56.230+0000][1][safepoint    ] Application time: 0.0000342 seconds
[2019-06-24T09:24:56.230+0000][1][safepoint    ] Entering safepoint region: RevokeBias
[2019-06-24T09:24:56.230+0000][1][safepoint    ] Leaving safepoint region
[2019-06-24T09:24:56.230+0000][1][safepoint    ] Total time for which application threads were stopped: 0.0000286 seconds, Stopping threads took: 0.0000060 seconds
[2019-06-24T09:24:56.230+0000][1][safepoint    ] Application time: 0.0000309 seconds
[2019-06-24T09:24:56.230+0000][1][safepoint    ] Entering safepoint region: RevokeBias
[2019-06-24T09:24:56.230+0000][1][safepoint    ] Leaving safepoint region
[2019-06-24T09:24:56.230+0000][1][safepoint    ] Total time for which application threads were stopped: 0.0000305 seconds, Stopping threads took: 0.0000059 seconds
[2019-06-24T09:24:56.230+0000][1][safepoint    ] Application time: 0.0000352 seconds
[2019-06-24T09:24:56.230+0000][1][safepoint    ] Entering safepoint region: RevokeBias
[2019-06-24T09:24:56.230+0000][1][safepoint    ] Leaving safepoint region
[2019-06-24T09:24:56.230+0000][1][safepoint    ] Total time for which application threads were stopped: 0.0000507 seconds, Stopping threads took: 0.0000311 seconds
[2019-06-24T09:24:56.230+0000][1][safepoint    ] Application time: 0.0000282 seconds
[2019-06-24T09:24:56.230+0000][1][safepoint    ] Entering safepoint region: RevokeBias
[2019-06-24T09:24:56.230+0000][1][safepoint    ] Leaving safepoint region
[2019-06-24T09:24:56.230+0000][1][safepoint    ] Total time for which application threads were stopped: 0.0000452 seconds, Stopping threads took: 0.0000273 seconds
[2019-06-24T09:24:56.230+0000][1][safepoint    ] Application time: 0.0000325 seconds
[2019-06-24T09:24:56.230+0000][1][safepoint    ] Entering safepoint region: RevokeBias
[2019-06-24T09:24:56.230+0000][1][safepoint    ] Leaving safepoint region
[2019-06-24T09:24:56.230+0000][1][safepoint    ] Total time for which application threads were stopped: 0.0000265 seconds, Stopping threads took: 0.0000056 seconds
[2019-06-24T09:24:56.230+0000][1][safepoint    ] Application time: 0.0001080 seconds
[2019-06-24T09:24:56.230+0000][1][safepoint    ] Entering safepoint region: RevokeBias
[2019-06-24T09:24:56.230+0000][1][safepoint    ] Leaving safepoint region
[2019-06-24T09:24:56.230+0000][1][safepoint    ] Total time for which application threads were stopped: 0.0000745 seconds, Stopping threads took: 0.0000375 seconds
[2019-06-24T09:24:56.230+0000][1][safepoint    ] Application time: 0.0000737 seconds
[2019-06-24T09:24:56.230+0000][1][safepoint    ] Entering safepoint region: RevokeBias
[2019-06-24T09:24:56.230+0000][1][safepoint    ] Leaving safepoint region
[2019-06-24T09:24:56.230+0000][1][safepoint    ] Total time for which application threads were stopped: 0.0000672 seconds, Stopping threads took: 0.0000457 seconds
[2019-06-24T09:24:56.230+0000][1][safepoint    ] Application time: 0.0000301 seconds
[2019-06-24T09:24:56.231+0000][1][safepoint    ] Entering safepoint region: RevokeBias
[2019-06-24T09:24:56.231+0000][1][safepoint    ] Leaving safepoint region
[2019-06-24T09:24:56.231+0000][1][safepoint    ] Total time for which application threads were stopped: 0.0000805 seconds, Stopping threads took: 0.0000606 seconds
[2019-06-24T09:24:56.231+0000][1][safepoint    ] Application time: 0.0000363 seconds
[2019-06-24T09:24:56.231+0000][1][safepoint    ] Entering safepoint region: RevokeBias
[2019-06-24T09:24:56.231+0000][1][safepoint    ] Leaving safepoint region
[2019-06-24T09:24:56.231+0000][1][safepoint    ] Total time for which application threads were stopped: 0.0000562 seconds, Stopping threads took: 0.0000304 seconds
[2019-06-24T09:24:56.231+0000][1][safepoint    ] Application time: 0.0000311 seconds
[2019-06-24T09:24:56.231+0000][1][safepoint    ] Entering safepoint region: RevokeBias
[2019-06-24T09:24:56.231+0000][1][safepoint    ] Leaving safepoint region
[2019-06-24T09:24:56.231+0000][1][safepoint    ] Total time for which application threads were stopped: 0.0000324 seconds, Stopping threads took: 0.0000121 seconds
[2019-06-24T09:24:56.231+0000][1][safepoint    ] Application time: 0.0000525 seconds
[2019-06-24T09:24:56.231+0000][1][safepoint    ] Entering safepoint region: RevokeBias
[2019-06-24T09:24:56.231+0000][1][safepoint    ] Leaving safepoint region
[2019-06-24T09:24:56.231+0000][1][safepoint    ] Total time for which application threads were stopped: 0.0001407 seconds, Stopping threads took: 0.0001058 seconds
[2019-06-24T09:24:56.231+0000][1][safepoint    ] Application time: 0.0000321 seconds
[2019-06-24T09:24:56.231+0000][1][safepoint    ] Entering safepoint region: RevokeBias
[2019-06-24T09:24:56.231+0000][1][safepoint    ] Leaving safepoint region
[2019-06-24T09:24:56.231+0000][1][safepoint    ] Total time for which application threads were stopped: 0.0000553 seconds, Stopping threads took: 0.0000352 seconds
[2019-06-24T09:24:56.231+0000][1][safepoint    ] Application time: 0.0000396 seconds
[2019-06-24T09:24:56.231+0000][1][safepoint    ] Entering safepoint region: RevokeBias
[2019-06-24T09:24:56.231+0000][1][safepoint    ] Leaving safepoint region
[2019-06-24T09:24:56.231+0000][1][safepoint    ] Total time for which application threads were stopped: 0.0000444 seconds, Stopping threads took: 0.0000251 seconds
[2019-06-24T09:24:56.231+0000][1][safepoint    ] Application time: 0.0000316 seconds
[2019-06-24T09:24:56.231+0000][1][safepoint    ] Entering safepoint region: RevokeBias
[2019-06-24T09:24:56.231+0000][1][safepoint    ] Leaving safepoint region
[2019-06-24T09:24:56.231+0000][1][safepoint    ] Total time for which application threads were stopped: 0.0000416 seconds, Stopping threads took: 0.0000191 seconds
[2019-06-24T09:24:56.231+0000][1][safepoint    ] Application time: 0.0000547 seconds
[2019-06-24T09:24:56.231+0000][1][safepoint    ] Entering safepoint region: RevokeBias
[2019-06-24T09:24:56.231+0000][1][safepoint    ] Leaving safepoint region
[2019-06-24T09:24:56.231+0000][1][safepoint    ] Total time for which application threads were stopped: 0.0000385 seconds, Stopping threads took: 0.0000188 seconds
[2019-06-24T09:24:56.231+0000][1][safepoint    ] Application time: 0.0000305 seconds
[2019-06-24T09:24:56.231+0000][1][safepoint    ] Entering safepoint region: RevokeBias
[2019-06-24T09:24:56.231+0000][1][safepoint    ] Leaving safepoint region
[2019-06-24T09:24:56.231+0000][1][safepoint    ] Total time for which application threads were stopped: 0.0000441 seconds, Stopping threads took: 0.0000190 seconds
[2019-06-24T09:24:56.231+0000][1][safepoint    ] Application time: 0.0000785 seconds
[2019-06-24T09:24:56.232+0000][1][safepoint    ] Entering safepoint region: RevokeBias
[2019-06-24T09:24:56.232+0000][1][safepoint    ] Leaving safepoint region
[2019-06-24T09:24:56.232+0000][1][safepoint    ] Total time for which application threads were stopped: 0.0000717 seconds, Stopping threads took: 0.0000414 seconds
[2019-06-24T09:24:56.232+0000][1][safepoint    ] Application time: 0.0000350 seconds
[2019-06-24T09:24:56.232+0000][1][safepoint    ] Entering safepoint region: RevokeBias
[2019-06-24T09:24:56.232+0000][1][safepoint    ] Leaving safepoint region
[2019-06-24T09:24:56.232+0000][1][safepoint    ] Total time for which application threads were stopped: 0.0000742 seconds, Stopping threads took: 0.0000398 seconds
[2019-06-24T09:24:56.232+0000][1][safepoint    ] Application time: 0.0000394 seconds
[2019-06-24T09:24:56.232+0000][1][safepoint    ] Entering safepoint region: RevokeBias
[2019-06-24T09:24:56.232+0000][1][safepoint    ] Leaving safepoint region
[2019-06-24T09:24:56.232+0000][1][safepoint    ] Total time for which application threads were stopped: 0.0000498 seconds, Stopping threads took: 0.0000324 seconds
[2019-06-24T09:24:56.232+0000][1][safepoint    ] Application time: 0.0000330 seconds
[2019-06-24T09:24:56.232+0000][1][safepoint    ] Entering safepoint region: RevokeBias
[2019-06-24T09:24:56.232+0000][1][safepoint    ] Leaving safepoint region
[2019-06-24T09:24:56.232+0000][1][safepoint    ] Total time for which application threads were stopped: 0.0000711 seconds, Stopping threads took: 0.0000395 seconds
[2019-06-24T09:24:56.232+0000][1][safepoint    ] Application time: 0.0002324 seconds
[2019-06-24T09:24:56.232+0000][1][safepoint    ] Entering safepoint region: RevokeBias
[2019-06-24T09:24:56.232+0000][1][safepoint    ] Leaving safepoint region
[2019-06-24T09:24:56.232+0000][1][safepoint    ] Total time for which application threads were stopped: 0.0000521 seconds, Stopping threads took: 0.0000207 seconds
[2019-06-24T09:24:56.232+0000][1][safepoint    ] Application time: 0.0000356 seconds
[2019-06-24T09:24:56.232+0000][1][safepoint    ] Entering safepoint region: RevokeBias
[2019-06-24T09:24:56.232+0000][1][safepoint    ] Leaving safepoint region
[2019-06-24T09:24:56.232+0000][1][safepoint    ] Total time for which application threads were stopped: 0.0000718 seconds, Stopping threads took: 0.0000411 seconds
[2019-06-24T09:24:56.233+0000][1][safepoint    ] Application time: 0.0002195 seconds
[2019-06-24T09:24:56.233+0000][1][safepoint    ] Entering safepoint region: RevokeBias
[2019-06-24T09:24:56.233+0000][1][safepoint    ] Leaving safepoint region
[2019-06-24T09:24:56.233+0000][1][safepoint    ] Total time for which application threads were stopped: 0.0000655 seconds, Stopping threads took: 0.0000343 seconds
[2019-06-24T09:24:56.233+0000][1][safepoint    ] Application time: 0.0000324 seconds
[2019-06-24T09:24:56.233+0000][1][safepoint    ] Entering safepoint region: RevokeBias
[2019-06-24T09:24:56.233+0000][1][safepoint    ] Leaving safepoint region
[2019-06-24T09:24:56.233+0000][1][safepoint    ] Total time for which application threads were stopped: 0.0000789 seconds, Stopping threads took: 0.0000508 seconds
[2019-06-24T09:24:56.403+0000][1][safepoint    ] Application time: 0.1698510 seconds
[2019-06-24T09:24:56.403+0000][1][safepoint    ] Entering safepoint region: Deoptimize
[2019-06-24T09:24:56.403+0000][1][safepoint    ] Leaving safepoint region
[2019-06-24T09:24:56.403+0000][1][safepoint    ] Total time for which application threads were stopped: 0.0002785 seconds, Stopping threads took: 0.0000116 seconds
[2019-06-24T09:24:56.519+0000][1][safepoint    ] Application time: 0.1161122 seconds
[2019-06-24T09:24:56.519+0000][1][safepoint    ] Entering safepoint region: RevokeBias
[2019-06-24T09:24:56.519+0000][1][safepoint    ] Leaving safepoint region
[2019-06-24T09:24:56.519+0000][1][safepoint    ] Total time for which application threads were stopped: 0.0001858 seconds, Stopping threads took: 0.0000143 seconds
[2019-06-24T09:24:56.611+0000][1][safepoint    ] Application time: 0.0915487 seconds
[2019-06-24T09:24:56.611+0000][1][safepoint    ] Entering safepoint region: RevokeBias
[2019-06-24T09:24:56.611+0000][1][safepoint    ] Leaving safepoint region
[2019-06-24T09:24:56.611+0000][1][safepoint    ] Total time for which application threads were stopped: 0.0000779 seconds, Stopping threads took: 0.0000116 seconds
[2019-06-24T09:24:56.613+0000][1][safepoint    ] Application time: 0.0022192 seconds
[2019-06-24T09:24:56.613+0000][1][safepoint    ] Entering safepoint region: RevokeBias
[2019-06-24T09:24:56.613+0000][1][safepoint    ] Leaving safepoint region
[2019-06-24T09:24:56.613+0000][1][safepoint    ] Total time for which application threads were stopped: 0.0000637 seconds, Stopping threads took: 0.0000110 seconds
[2019-06-24T09:24:56.634+0000][1][safepoint    ] Application time: 0.0204260 seconds
[2019-06-24T09:24:56.634+0000][1][safepoint    ] Entering safepoint region: GenCollectForAllocation
[2019-06-24T09:24:56.634+0000][1][gc,start     ] GC(1) Pause Young (Allocation Failure)
[2019-06-24T09:24:56.634+0000][1][gc,task      ] GC(1) Using 5 workers of 8 for evacuation
[2019-06-24T09:24:56.646+0000][1][gc,age       ] GC(1) Desired survivor size 4456448 bytes, new threshold 6 (max threshold 6)
[2019-06-24T09:24:56.646+0000][1][gc,age       ] GC(1) Age table with threshold 6 (max threshold 6)
[2019-06-24T09:24:56.646+0000][1][gc,age       ] GC(1) - age   1:    2047784 bytes,    2047784 total
[2019-06-24T09:24:56.646+0000][1][gc,heap      ] GC(1) ParNew: 77756K->5108K(78656K)
[2019-06-24T09:24:56.646+0000][1][gc,heap      ] GC(1) CMS: 0K->6626K(174784K)
[2019-06-24T09:24:56.647+0000][1][gc,metaspace ] GC(1) Metaspace: 14619K->14619K(1062912K)
[2019-06-24T09:24:56.647+0000][1][gc           ] GC(1) Pause Young (Allocation Failure) 75M->11M(247M) 12.700ms
[2019-06-24T09:24:56.647+0000][1][gc,cpu       ] GC(1) User=0.08s Sys=0.00s Real=0.02s
[2019-06-24T09:24:56.647+0000][1][safepoint    ] Leaving safepoint region
[2019-06-24T09:24:56.647+0000][1][safepoint    ] Total time for which application threads were stopped: 0.0128146 seconds, Stopping threads took: 0.0000140 seconds
[2019-06-24T09:24:56.647+0000][1][safepoint    ] Application time: 0.0001957 seconds
[2019-06-24T09:24:56.647+0000][1][safepoint    ] Entering safepoint region: RevokeBias
[2019-06-24T09:24:56.647+0000][1][safepoint    ] Leaving safepoint region
[2019-06-24T09:24:56.647+0000][1][safepoint    ] Total time for which application threads were stopped: 0.0001900 seconds, Stopping threads took: 0.0000637 seconds
[2019-06-24T09:24:56.647+0000][1][safepoint    ] Application time: 0.0000832 seconds
[2019-06-24T09:24:56.647+0000][1][safepoint    ] Entering safepoint region: RevokeBias
[2019-06-24T09:24:56.647+0000][1][safepoint    ] Leaving safepoint region
[2019-06-24T09:24:56.647+0000][1][safepoint    ] Total time for which application threads were stopped: 0.0000413 seconds, Stopping threads took: 0.0000082 seconds
[2019-06-24T09:24:56.647+0000][1][safepoint    ] Application time: 0.0000568 seconds
[2019-06-24T09:24:56.647+0000][1][safepoint    ] Entering safepoint region: RevokeBias
[2019-06-24T09:24:56.647+0000][1][safepoint    ] Leaving safepoint region
[2019-06-24T09:24:56.647+0000][1][safepoint    ] Total time for which application threads were stopped: 0.0000560 seconds, Stopping threads took: 0.0000196 seconds
[2019-06-24T09:24:56.647+0000][1][safepoint    ] Application time: 0.0000386 seconds
[2019-06-24T09:24:56.647+0000][1][safepoint    ] Entering safepoint region: RevokeBias
[2019-06-24T09:24:56.647+0000][1][safepoint    ] Leaving safepoint region
[2019-06-24T09:24:56.647+0000][1][safepoint    ] Total time for which application threads were stopped: 0.0001281 seconds, Stopping threads took: 0.0000802 seconds
[2019-06-24T09:24:56.647+0000][1][safepoint    ] Application time: 0.0000387 seconds
[2019-06-24T09:24:56.648+0000][1][safepoint    ] Entering safepoint region: RevokeBias
[2019-06-24T09:24:56.648+0000][1][safepoint    ] Leaving safepoint region
[2019-06-24T09:24:56.648+0000][1][safepoint    ] Total time for which application threads were stopped: 0.0000767 seconds, Stopping threads took: 0.0000381 seconds
[2019-06-24T09:24:56.648+0000][1][safepoint    ] Application time: 0.0000335 seconds
[2019-06-24T09:24:56.648+0000][1][safepoint    ] Entering safepoint region: RevokeBias
[2019-06-24T09:24:56.648+0000][1][safepoint    ] Leaving safepoint region
[2019-06-24T09:24:56.648+0000][1][safepoint    ] Total time for which application threads were stopped: 0.0000398 seconds, Stopping threads took: 0.0000058 seconds
[2019-06-24T09:24:56.648+0000][1][safepoint    ] Application time: 0.0000787 seconds
[2019-06-24T09:24:56.648+0000][1][safepoint    ] Entering safepoint region: RevokeBias
[2019-06-24T09:24:56.648+0000][1][safepoint    ] Leaving safepoint region
[2019-06-24T09:24:56.648+0000][1][safepoint    ] Total time for which application threads were stopped: 0.0000855 seconds, Stopping threads took: 0.0000522 seconds
[2019-06-24T09:24:56.648+0000][1][safepoint    ] Application time: 0.0000330 seconds
[2019-06-24T09:24:56.648+0000][1][safepoint    ] Entering safepoint region: RevokeBias
[2019-06-24T09:24:56.648+0000][1][safepoint    ] Leaving safepoint region
[2019-06-24T09:24:56.648+0000][1][safepoint    ] Total time for which application threads were stopped: 0.0000526 seconds, Stopping threads took: 0.0000319 seconds
[2019-06-24T09:24:56.648+0000][1][safepoint    ] Application time: 0.0000364 seconds
[2019-06-24T09:24:56.648+0000][1][safepoint    ] Entering safepoint region: RevokeBias
[2019-06-24T09:24:56.648+0000][1][safepoint    ] Leaving safepoint region
[2019-06-24T09:24:56.648+0000][1][safepoint    ] Total time for which application threads were stopped: 0.0000309 seconds, Stopping threads took: 0.0000105 seconds
[2019-06-24T09:24:56.648+0000][1][safepoint    ] Application time: 0.0000364 seconds
[2019-06-24T09:24:56.648+0000][1][safepoint    ] Entering safepoint region: RevokeBias
[2019-06-24T09:24:56.648+0000][1][safepoint    ] Leaving safepoint region
[2019-06-24T09:24:56.648+0000][1][safepoint    ] Total time for which application threads were stopped: 0.0000556 seconds, Stopping threads took: 0.0000279 seconds
[2019-06-24T09:24:56.648+0000][1][safepoint    ] Application time: 0.0000389 seconds
[2019-06-24T09:24:56.648+0000][1][safepoint    ] Entering safepoint region: BulkRevokeBias
[2019-06-24T09:24:56.648+0000][1][safepoint    ] Leaving safepoint region
[2019-06-24T09:24:56.648+0000][1][safepoint    ] Total time for which application threads were stopped: 0.0000877 seconds, Stopping threads took: 0.0000271 seconds
[2019-06-24T09:24:56.648+0000][1][safepoint    ] Application time: 0.0000344 seconds
[2019-06-24T09:24:56.648+0000][1][safepoint    ] Entering safepoint region: RevokeBias
[2019-06-24T09:24:56.648+0000][1][safepoint    ] Leaving safepoint region
[2019-06-24T09:24:56.648+0000][1][safepoint    ] Total time for which application threads were stopped: 0.0000830 seconds, Stopping threads took: 0.0000377 seconds
[2019-06-24T09:24:56.648+0000][1][safepoint    ] Application time: 0.0000384 seconds
[2019-06-24T09:24:56.648+0000][1][safepoint    ] Entering safepoint region: BulkRevokeBias
[2019-06-24T09:24:56.649+0000][1][safepoint    ] Leaving safepoint region
[2019-06-24T09:24:56.649+0000][1][safepoint    ] Total time for which application threads were stopped: 0.0000926 seconds, Stopping threads took: 0.0000374 seconds
[2019-06-24T09:24:56.764+0000][1][safepoint    ] Application time: 0.1157853 seconds
[2019-06-24T09:24:56.764+0000][1][safepoint    ] Entering safepoint region: GenCollectForAllocation
[2019-06-24T09:24:56.764+0000][1][gc,start     ] GC(2) Pause Young (Allocation Failure)
[2019-06-24T09:24:56.764+0000][1][gc,task      ] GC(2) Using 5 workers of 8 for evacuation
[2019-06-24T09:24:56.768+0000][1][gc,age       ] GC(2) Desired survivor size 4456448 bytes, new threshold 6 (max threshold 6)
[2019-06-24T09:24:56.768+0000][1][gc,age       ] GC(2) Age table with threshold 6 (max threshold 6)
[2019-06-24T09:24:56.768+0000][1][gc,age       ] GC(2) - age   1:    2694056 bytes,    2694056 total
[2019-06-24T09:24:56.768+0000][1][gc,age       ] GC(2) - age   2:    1207712 bytes,    3901768 total
[2019-06-24T09:24:56.768+0000][1][gc,heap      ] GC(2) ParNew: 75060K->4975K(78656K)
[2019-06-24T09:24:56.768+0000][1][gc,heap      ] GC(2) CMS: 6626K->6626K(174784K)
[2019-06-24T09:24:56.768+0000][1][gc,metaspace ] GC(2) Metaspace: 14737K->14737K(1062912K)
[2019-06-24T09:24:56.768+0000][1][gc           ] GC(2) Pause Young (Allocation Failure) 79M->11M(247M) 3.347ms
[2019-06-24T09:24:56.768+0000][1][gc,cpu       ] GC(2) User=0.02s Sys=0.00s Real=0.00s
[2019-06-24T09:24:56.768+0000][1][safepoint    ] Leaving safepoint region
[2019-06-24T09:24:56.768+0000][1][safepoint    ] Total time for which application threads were stopped: 0.0034847 seconds, Stopping threads took: 0.0000140 seconds
[2019-06-24T09:24:56.768+0000][1][safepoint    ] Application time: 0.0002061 seconds
[2019-06-24T09:24:56.768+0000][1][safepoint    ] Entering safepoint region: RevokeBias
[2019-06-24T09:24:56.768+0000][1][safepoint    ] Leaving safepoint region
[2019-06-24T09:24:56.768+0000][1][safepoint    ] Total time for which application threads were stopped: 0.0000634 seconds, Stopping threads took: 0.0000172 seconds
[2019-06-24T09:24:56.768+0000][1][safepoint    ] Application time: 0.0000442 seconds
[2019-06-24T09:24:56.768+0000][1][safepoint    ] Entering safepoint region: RevokeBias
[2019-06-24T09:24:56.768+0000][1][safepoint    ] Leaving safepoint region
[2019-06-24T09:24:56.768+0000][1][safepoint    ] Total time for which application threads were stopped: 0.0000573 seconds, Stopping threads took: 0.0000232 seconds
[2019-06-24T09:24:56.768+0000][1][safepoint    ] Application time: 0.0001026 seconds
[2019-06-24T09:24:56.768+0000][1][safepoint    ] Entering safepoint region: RevokeBias
[2019-06-24T09:24:56.768+0000][1][safepoint    ] Leaving safepoint region
[2019-06-24T09:24:56.768+0000][1][safepoint    ] Total time for which application threads were stopped: 0.0000451 seconds, Stopping threads took: 0.0000111 seconds
[2019-06-24T09:24:56.769+0000][1][safepoint    ] Application time: 0.0001286 seconds
[2019-06-24T09:24:56.769+0000][1][safepoint    ] Entering safepoint region: RevokeBias
[2019-06-24T09:24:56.769+0000][1][safepoint    ] Leaving safepoint region
[2019-06-24T09:24:56.769+0000][1][safepoint    ] Total time for which application threads were stopped: 0.0000654 seconds, Stopping threads took: 0.0000377 seconds
[2019-06-24T09:24:56.769+0000][1][safepoint    ] Application time: 0.0001058 seconds
[2019-06-24T09:24:56.769+0000][1][safepoint    ] Entering safepoint region: RevokeBias
[2019-06-24T09:24:56.769+0000][1][safepoint    ] Leaving safepoint region
[2019-06-24T09:24:56.769+0000][1][safepoint    ] Total time for which application threads were stopped: 0.0000636 seconds, Stopping threads took: 0.0000350 seconds
[2019-06-24T09:24:56.769+0000][1][safepoint    ] Application time: 0.0000986 seconds
[2019-06-24T09:24:56.769+0000][1][safepoint    ] Entering safepoint region: RevokeBias
[2019-06-24T09:24:56.769+0000][1][safepoint    ] Leaving safepoint region
[2019-06-24T09:24:56.769+0000][1][safepoint    ] Total time for which application threads were stopped: 0.0000724 seconds, Stopping threads took: 0.0000431 seconds
[2019-06-24T09:24:56.810+0000][1][safepoint    ] Application time: 0.0407544 seconds
[2019-06-24T09:24:56.810+0000][1][safepoint    ] Entering safepoint region: RevokeBias
[2019-06-24T09:24:56.810+0000][1][safepoint    ] Leaving safepoint region
[2019-06-24T09:24:56.810+0000][1][safepoint    ] Total time for which application threads were stopped: 0.0001244 seconds, Stopping threads took: 0.0000367 seconds
[2019-06-24T09:24:56.914+0000][1][safepoint    ] Application time: 0.1039094 seconds
[2019-06-24T09:24:56.914+0000][1][safepoint    ] Entering safepoint region: Deoptimize
[2019-06-24T09:24:56.914+0000][1][safepoint    ] Leaving safepoint region
[2019-06-24T09:24:56.914+0000][1][safepoint    ] Total time for which application threads were stopped: 0.0003414 seconds, Stopping threads took: 0.0000176 seconds
[2019-06-24T09:24:56.915+0000][1][safepoint    ] Application time: 0.0004364 seconds
[2019-06-24T09:24:56.915+0000][1][safepoint    ] Entering safepoint region: Deoptimize
[2019-06-24T09:24:56.915+0000][1][safepoint    ] Leaving safepoint region
[2019-06-24T09:24:56.915+0000][1][safepoint    ] Total time for which application threads were stopped: 0.0002755 seconds, Stopping threads took: 0.0000113 seconds
[2019-06-24T09:24:57.096+0000][1][safepoint    ] Application time: 0.1812011 seconds
[2019-06-24T09:24:57.096+0000][1][safepoint    ] Entering safepoint region: RevokeBias
[2019-06-24T09:24:57.096+0000][1][safepoint    ] Leaving safepoint region
[2019-06-24T09:24:57.096+0000][1][safepoint    ] Total time for which application threads were stopped: 0.0001524 seconds, Stopping threads took: 0.0000167 seconds
[2019-06-24T09:24:57.130+0000][1][safepoint    ] Application time: 0.0331820 seconds
[2019-06-24T09:24:57.130+0000][1][safepoint    ] Entering safepoint region: GenCollectForAllocation
[2019-06-24T09:24:57.130+0000][1][gc,start     ] GC(3) Pause Young (Allocation Failure)
[2019-06-24T09:24:57.130+0000][1][gc,task      ] GC(3) Using 5 workers of 8 for evacuation
[2019-06-24T09:24:57.133+0000][1][gc,age       ] GC(3) Desired survivor size 4456448 bytes, new threshold 3 (max threshold 6)
[2019-06-24T09:24:57.133+0000][1][gc,age       ] GC(3) Age table with threshold 3 (max threshold 6)
[2019-06-24T09:24:57.133+0000][1][gc,age       ] GC(3) - age   1:    3680920 bytes,    3680920 total
[2019-06-24T09:24:57.133+0000][1][gc,age       ] GC(3) - age   2:     293864 bytes,    3974784 total
[2019-06-24T09:24:57.133+0000][1][gc,age       ] GC(3) - age   3:    1204304 bytes,    5179088 total
[2019-06-24T09:24:57.133+0000][1][gc,heap      ] GC(3) ParNew: 74927K->6897K(78656K)
[2019-06-24T09:24:57.133+0000][1][gc,heap      ] GC(3) CMS: 6626K->6626K(174784K)
[2019-06-24T09:24:57.133+0000][1][gc,metaspace ] GC(3) Metaspace: 18222K->18222K(1067008K)
[2019-06-24T09:24:57.133+0000][1][gc           ] GC(3) Pause Young (Allocation Failure) 79M->13M(247M) 3.113ms
[2019-06-24T09:24:57.133+0000][1][gc,cpu       ] GC(3) User=0.02s Sys=0.00s Real=0.00s
[2019-06-24T09:24:57.133+0000][1][safepoint    ] Leaving safepoint region
[2019-06-24T09:24:57.133+0000][1][safepoint    ] Total time for which application threads were stopped: 0.0032605 seconds, Stopping threads took: 0.0000141 seconds
[2019-06-24T09:24:57.133+0000][1][safepoint    ] Application time: 0.0001907 seconds
[2019-06-24T09:24:57.133+0000][1][safepoint    ] Entering safepoint region: RevokeBias
[2019-06-24T09:24:57.133+0000][1][safepoint    ] Leaving safepoint region
[2019-06-24T09:24:57.133+0000][1][safepoint    ] Total time for which application threads were stopped: 0.0001669 seconds, Stopping threads took: 0.0001106 seconds
[2019-06-24T09:24:57.133+0000][1][safepoint    ] Application time: 0.0000893 seconds
[2019-06-24T09:24:57.133+0000][1][safepoint    ] Entering safepoint region: RevokeBias
[2019-06-24T09:24:57.134+0000][1][safepoint    ] Leaving safepoint region
[2019-06-24T09:24:57.134+0000][1][safepoint    ] Total time for which application threads were stopped: 0.0001170 seconds, Stopping threads took: 0.0000090 seconds
[2019-06-24T09:24:57.134+0000][1][safepoint    ] Application time: 0.0001415 seconds
[2019-06-24T09:24:57.134+0000][1][safepoint    ] Entering safepoint region: RevokeBias
[2019-06-24T09:24:57.134+0000][1][safepoint    ] Leaving safepoint region
[2019-06-24T09:24:57.134+0000][1][safepoint    ] Total time for which application threads were stopped: 0.0002534 seconds, Stopping threads took: 0.0001779 seconds
[2019-06-24T09:24:57.134+0000][1][safepoint    ] Application time: 0.0000841 seconds
[2019-06-24T09:24:57.134+0000][1][safepoint    ] Entering safepoint region: RevokeBias
[2019-06-24T09:24:57.134+0000][1][safepoint    ] Leaving safepoint region
[2019-06-24T09:24:57.134+0000][1][safepoint    ] Total time for which application threads were stopped: 0.0000787 seconds, Stopping threads took: 0.0000248 seconds
[2019-06-24T09:24:57.134+0000][1][safepoint    ] Application time: 0.0001084 seconds
[2019-06-24T09:24:57.134+0000][1][safepoint    ] Entering safepoint region: RevokeBias
[2019-06-24T09:24:57.134+0000][1][safepoint    ] Leaving safepoint region
[2019-06-24T09:24:57.134+0000][1][safepoint    ] Total time for which application threads were stopped: 0.0001056 seconds, Stopping threads took: 0.0000315 seconds
[2019-06-24T09:24:57.134+0000][1][safepoint    ] Application time: 0.0000578 seconds
[2019-06-24T09:24:57.135+0000][1][safepoint    ] Entering safepoint region: RevokeBias
[2019-06-24T09:24:57.135+0000][1][safepoint    ] Leaving safepoint region
[2019-06-24T09:24:57.135+0000][1][safepoint    ] Total time for which application threads were stopped: 0.0001399 seconds, Stopping threads took: 0.0000934 seconds
[2019-06-24T09:24:57.135+0000][1][safepoint    ] Application time: 0.0000911 seconds
[2019-06-24T09:24:57.135+0000][1][safepoint    ] Entering safepoint region: RevokeBias
[2019-06-24T09:24:57.135+0000][1][safepoint    ] Leaving safepoint region
[2019-06-24T09:24:57.135+0000][1][safepoint    ] Total time for which application threads were stopped: 0.0001372 seconds, Stopping threads took: 0.0000975 seconds
[2019-06-24T09:24:57.135+0000][1][safepoint    ] Application time: 0.0000862 seconds
[2019-06-24T09:24:57.135+0000][1][safepoint    ] Entering safepoint region: RevokeBias
[2019-06-24T09:24:57.135+0000][1][safepoint    ] Leaving safepoint region
[2019-06-24T09:24:57.135+0000][1][safepoint    ] Total time for which application threads were stopped: 0.0000851 seconds, Stopping threads took: 0.0000476 seconds
[2019-06-24T09:24:57.135+0000][1][safepoint    ] Application time: 0.0001032 seconds
[2019-06-24T09:24:57.135+0000][1][safepoint    ] Entering safepoint region: RevokeBias
[2019-06-24T09:24:57.135+0000][1][safepoint    ] Leaving safepoint region
[2019-06-24T09:24:57.135+0000][1][safepoint    ] Total time for which application threads were stopped: 0.0000827 seconds, Stopping threads took: 0.0000351 seconds
[2019-06-24T09:24:57.135+0000][1][safepoint    ] Application time: 0.0000406 seconds
[2019-06-24T09:24:57.135+0000][1][safepoint    ] Entering safepoint region: RevokeBias
[2019-06-24T09:24:57.135+0000][1][safepoint    ] Leaving safepoint region
[2019-06-24T09:24:57.135+0000][1][safepoint    ] Total time for which application threads were stopped: 0.0000537 seconds, Stopping threads took: 0.0000100 seconds
[2019-06-24T09:24:57.135+0000][1][safepoint    ] Application time: 0.0000424 seconds
[2019-06-24T09:24:57.135+0000][1][safepoint    ] Entering safepoint region: RevokeBias
[2019-06-24T09:24:57.135+0000][1][safepoint    ] Leaving safepoint region
[2019-06-24T09:24:57.135+0000][1][safepoint    ] Total time for which application threads were stopped: 0.0000516 seconds, Stopping threads took: 0.0000088 seconds
[2019-06-24T09:24:57.135+0000][1][safepoint    ] Application time: 0.0000376 seconds
[2019-06-24T09:24:57.136+0000][1][safepoint    ] Entering safepoint region: RevokeBias
[2019-06-24T09:24:57.136+0000][1][safepoint    ] Leaving safepoint region
[2019-06-24T09:24:57.136+0000][1][safepoint    ] Total time for which application threads were stopped: 0.0000507 seconds, Stopping threads took: 0.0000092 seconds
[2019-06-24T09:24:57.136+0000][1][safepoint    ] Application time: 0.0001963 seconds
[2019-06-24T09:24:57.136+0000][1][safepoint    ] Entering safepoint region: RevokeBias
[2019-06-24T09:24:57.136+0000][1][safepoint    ] Leaving safepoint region
[2019-06-24T09:24:57.136+0000][1][safepoint    ] Total time for which application threads were stopped: 0.0000783 seconds, Stopping threads took: 0.0000343 seconds
[2019-06-24T09:24:57.136+0000][1][safepoint    ] Application time: 0.0000385 seconds
[2019-06-24T09:24:57.136+0000][1][safepoint    ] Entering safepoint region: RevokeBias
[2019-06-24T09:24:57.136+0000][1][safepoint    ] Leaving safepoint region
[2019-06-24T09:24:57.136+0000][1][safepoint    ] Total time for which application threads were stopped: 0.0000469 seconds, Stopping threads took: 0.0000095 seconds
[2019-06-24T09:24:57.136+0000][1][safepoint    ] Application time: 0.0000386 seconds
[2019-06-24T09:24:57.136+0000][1][safepoint    ] Entering safepoint region: RevokeBias
[2019-06-24T09:24:57.136+0000][1][safepoint    ] Leaving safepoint region
[2019-06-24T09:24:57.136+0000][1][safepoint    ] Total time for which application threads were stopped: 0.0000463 seconds, Stopping threads took: 0.0000089 seconds
[2019-06-24T09:24:57.136+0000][1][safepoint    ] Application time: 0.0000360 seconds
[2019-06-24T09:24:57.136+0000][1][safepoint    ] Entering safepoint region: RevokeBias
[2019-06-24T09:24:57.136+0000][1][safepoint    ] Leaving safepoint region
[2019-06-24T09:24:57.136+0000][1][safepoint    ] Total time for which application threads were stopped: 0.0000450 seconds, Stopping threads took: 0.0000092 seconds
[2019-06-24T09:24:57.136+0000][1][safepoint    ] Application time: 0.0000612 seconds
[2019-06-24T09:24:57.136+0000][1][safepoint    ] Entering safepoint region: RevokeBias
[2019-06-24T09:24:57.136+0000][1][safepoint    ] Leaving safepoint region
[2019-06-24T09:24:57.136+0000][1][safepoint    ] Total time for which application threads were stopped: 0.0000463 seconds, Stopping threads took: 0.0000091 seconds
[2019-06-24T09:24:57.136+0000][1][safepoint    ] Application time: 0.0000373 seconds
[2019-06-24T09:24:57.136+0000][1][safepoint    ] Entering safepoint region: RevokeBias
[2019-06-24T09:24:57.136+0000][1][safepoint    ] Leaving safepoint region
[2019-06-24T09:24:57.136+0000][1][safepoint    ] Total time for which application threads were stopped: 0.0000778 seconds, Stopping threads took: 0.0000424 seconds
[2019-06-24T09:24:57.136+0000][1][safepoint    ] Application time: 0.0000392 seconds
[2019-06-24T09:24:57.136+0000][1][safepoint    ] Entering safepoint region: RevokeBias
[2019-06-24T09:24:57.137+0000][1][safepoint    ] Leaving safepoint region
[2019-06-24T09:24:57.137+0000][1][safepoint    ] Total time for which application threads were stopped: 0.0000676 seconds, Stopping threads took: 0.0000286 seconds
[2019-06-24T09:24:57.137+0000][1][safepoint    ] Application time: 0.0000383 seconds
[2019-06-24T09:24:57.137+0000][1][safepoint    ] Entering safepoint region: RevokeBias
[2019-06-24T09:24:57.137+0000][1][safepoint    ] Leaving safepoint region
[2019-06-24T09:24:57.137+0000][1][safepoint    ] Total time for which application threads were stopped: 0.0000688 seconds, Stopping threads took: 0.0000286 seconds
[2019-06-24T09:24:57.137+0000][1][safepoint    ] Application time: 0.0000367 seconds
[2019-06-24T09:24:57.137+0000][1][safepoint    ] Entering safepoint region: RevokeBias
[2019-06-24T09:24:57.137+0000][1][safepoint    ] Leaving safepoint region
[2019-06-24T09:24:57.137+0000][1][safepoint    ] Total time for which application threads were stopped: 0.0000659 seconds, Stopping threads took: 0.0000290 seconds
[2019-06-24T09:24:57.228+0000][1][safepoint    ] Application time: 0.0913295 seconds
[2019-06-24T09:24:57.228+0000][1][safepoint    ] Entering safepoint region: GenCollectForAllocation
[2019-06-24T09:24:57.228+0000][1][gc,start     ] GC(4) Pause Young (Allocation Failure)
[2019-06-24T09:24:57.228+0000][1][gc,task      ] GC(4) Using 5 workers of 8 for evacuation
[2019-06-24T09:24:57.233+0000][1][gc,age       ] GC(4) Desired survivor size 4456448 bytes, new threshold 2 (max threshold 6)
[2019-06-24T09:24:57.233+0000][1][gc,age       ] GC(4) Age table with threshold 2 (max threshold 6)
[2019-06-24T09:24:57.233+0000][1][gc,age       ] GC(4) - age   1:    1656456 bytes,    1656456 total
[2019-06-24T09:24:57.233+0000][1][gc,age       ] GC(4) - age   2:    3329872 bytes,    4986328 total
[2019-06-24T09:24:57.233+0000][1][gc,age       ] GC(4) - age   3:     293336 bytes,    5279664 total
[2019-06-24T09:24:57.233+0000][1][gc,heap      ] GC(4) ParNew: 76849K->7916K(78656K)
[2019-06-24T09:24:57.233+0000][1][gc,heap      ] GC(4) CMS: 6626K->7820K(174784K)
[2019-06-24T09:24:57.233+0000][1][gc,metaspace ] GC(4) Metaspace: 18433K->18433K(1067008K)
[2019-06-24T09:24:57.233+0000][1][gc           ] GC(4) Pause Young (Allocation Failure) 81M->15M(247M) 4.440ms
[2019-06-24T09:24:57.233+0000][1][gc,cpu       ] GC(4) User=0.03s Sys=0.00s Real=0.00s
[2019-06-24T09:24:57.233+0000][1][safepoint    ] Leaving safepoint region
[2019-06-24T09:24:57.233+0000][1][safepoint    ] Total time for which application threads were stopped: 0.0045916 seconds, Stopping threads took: 0.0000121 seconds
[2019-06-24T09:24:57.233+0000][1][safepoint    ] Application time: 0.0001208 seconds
[2019-06-24T09:24:57.233+0000][1][safepoint    ] Entering safepoint region: RevokeBias
[2019-06-24T09:24:57.233+0000][1][safepoint    ] Leaving safepoint region
[2019-06-24T09:24:57.233+0000][1][safepoint    ] Total time for which application threads were stopped: 0.0001162 seconds, Stopping threads took: 0.0000436 seconds
[2019-06-24T09:24:57.233+0000][1][safepoint    ] Application time: 0.0000465 seconds
[2019-06-24T09:24:57.233+0000][1][safepoint    ] Entering safepoint region: RevokeBias
[2019-06-24T09:24:57.233+0000][1][safepoint    ] Leaving safepoint region
[2019-06-24T09:24:57.233+0000][1][safepoint    ] Total time for which application threads were stopped: 0.0000742 seconds, Stopping threads took: 0.0000269 seconds
[2019-06-24T09:24:57.233+0000][1][safepoint    ] Application time: 0.0001048 seconds
[2019-06-24T09:24:57.233+0000][1][safepoint    ] Entering safepoint region: RevokeBias
[2019-06-24T09:24:57.233+0000][1][safepoint    ] Leaving safepoint region
[2019-06-24T09:24:57.233+0000][1][safepoint    ] Total time for which application threads were stopped: 0.0001666 seconds, Stopping threads took: 0.0001061 seconds
[2019-06-24T09:24:57.234+0000][1][safepoint    ] Application time: 0.0000402 seconds
[2019-06-24T09:24:57.234+0000][1][safepoint    ] Entering safepoint region: RevokeBias
[2019-06-24T09:24:57.234+0000][1][safepoint    ] Leaving safepoint region
[2019-06-24T09:24:57.234+0000][1][safepoint    ] Total time for which application threads were stopped: 0.0000554 seconds, Stopping threads took: 0.0000096 seconds
[2019-06-24T09:24:57.254+0000][1][safepoint    ] Application time: 0.0206371 seconds
[2019-06-24T09:24:57.254+0000][1][safepoint    ] Entering safepoint region: Deoptimize
[2019-06-24T09:24:57.255+0000][1][safepoint    ] Leaving safepoint region
[2019-06-24T09:24:57.255+0000][1][safepoint    ] Total time for which application threads were stopped: 0.0004798 seconds, Stopping threads took: 0.0000172 seconds
[2019-06-24T09:24:57.293+0000][1][safepoint    ] Application time: 0.0377716 seconds
[2019-06-24T09:24:57.293+0000][1][safepoint    ] Entering safepoint region: Deoptimize
[2019-06-24T09:24:57.293+0000][1][safepoint    ] Leaving safepoint region
[2019-06-24T09:24:57.293+0000][1][safepoint    ] Total time for which application threads were stopped: 0.0003390 seconds, Stopping threads took: 0.0000154 seconds
[2019-06-24T09:24:57.297+0000][1][safepoint    ] Application time: 0.0042724 seconds
[2019-06-24T09:24:57.297+0000][1][safepoint    ] Entering safepoint region: RevokeBias
[2019-06-24T09:24:57.297+0000][1][safepoint    ] Leaving safepoint region
[2019-06-24T09:24:57.297+0000][1][safepoint    ] Total time for which application threads were stopped: 0.0000998 seconds, Stopping threads took: 0.0000233 seconds
[2019-06-24T09:24:57.343+0000][1][safepoint    ] Application time: 0.0459256 seconds
[2019-06-24T09:24:57.343+0000][1][safepoint    ] Entering safepoint region: RevokeBias
[2019-06-24T09:24:57.343+0000][1][safepoint    ] Leaving safepoint region
[2019-06-24T09:24:57.343+0000][1][safepoint    ] Total time for which application threads were stopped: 0.0000831 seconds, Stopping threads took: 0.0000166 seconds
[2019-06-24T09:24:57.344+0000][1][safepoint    ] Application time: 0.0005115 seconds
[2019-06-24T09:24:57.344+0000][1][safepoint    ] Entering safepoint region: RevokeBias
[2019-06-24T09:24:57.344+0000][1][safepoint    ] Leaving safepoint region
[2019-06-24T09:24:57.344+0000][1][safepoint    ] Total time for which application threads were stopped: 0.0000592 seconds, Stopping threads took: 0.0000128 seconds
[2019-06-24T09:24:57.345+0000][1][safepoint    ] Application time: 0.0005467 seconds
[2019-06-24T09:24:57.345+0000][1][safepoint    ] Entering safepoint region: RevokeBias
[2019-06-24T09:24:57.345+0000][1][safepoint    ] Leaving safepoint region
[2019-06-24T09:24:57.345+0000][1][safepoint    ] Total time for which application threads were stopped: 0.0000535 seconds, Stopping threads took: 0.0000131 seconds
[2019-06-24T09:24:57.345+0000][1][safepoint    ] Application time: 0.0004228 seconds
[2019-06-24T09:24:57.345+0000][1][safepoint    ] Entering safepoint region: RevokeBias
[2019-06-24T09:24:57.345+0000][1][safepoint    ] Leaving safepoint region
[2019-06-24T09:24:57.345+0000][1][safepoint    ] Total time for which application threads were stopped: 0.0000632 seconds, Stopping threads took: 0.0000133 seconds
[2019-06-24T09:24:57.379+0000][1][safepoint    ] Application time: 0.0341613 seconds
[2019-06-24T09:24:57.379+0000][1][safepoint    ] Entering safepoint region: GenCollectForAllocation
[2019-06-24T09:24:57.379+0000][1][gc,start     ] GC(5) Pause Young (Allocation Failure)
[2019-06-24T09:24:57.379+0000][1][gc,task      ] GC(5) Using 5 workers of 8 for evacuation
[2019-06-24T09:24:57.384+0000][1][gc,age       ] GC(5) Desired survivor size 4456448 bytes, new threshold 6 (max threshold 6)
[2019-06-24T09:24:57.384+0000][1][gc,age       ] GC(5) Age table with threshold 6 (max threshold 6)
[2019-06-24T09:24:57.384+0000][1][gc,age       ] GC(5) - age   1:    2624192 bytes,    2624192 total
[2019-06-24T09:24:57.384+0000][1][gc,age       ] GC(5) - age   2:     442936 bytes,    3067128 total
[2019-06-24T09:24:57.384+0000][1][gc,heap      ] GC(5) ParNew: 77868K->6255K(78656K)
[2019-06-24T09:24:57.384+0000][1][gc,heap      ] GC(5) CMS: 7820K->11390K(174784K)
[2019-06-24T09:24:57.384+0000][1][gc,metaspace ] GC(5) Metaspace: 18780K->18780K(1067008K)
[2019-06-24T09:24:57.384+0000][1][gc           ] GC(5) Pause Young (Allocation Failure) 83M->17M(247M) 4.468ms
[2019-06-24T09:24:57.384+0000][1][gc,cpu       ] GC(5) User=0.02s Sys=0.00s Real=0.01s
[2019-06-24T09:24:57.384+0000][1][safepoint    ] Leaving safepoint region
[2019-06-24T09:24:57.384+0000][1][safepoint    ] Total time for which application threads were stopped: 0.0045904 seconds, Stopping threads took: 0.0000171 seconds
[2019-06-24T09:24:57.384+0000][1][safepoint    ] Application time: 0.0001615 seconds
[2019-06-24T09:24:57.384+0000][1][safepoint    ] Entering safepoint region: RevokeBias
[2019-06-24T09:24:57.384+0000][1][safepoint    ] Leaving safepoint region
[2019-06-24T09:24:57.384+0000][1][safepoint    ] Total time for which application threads were stopped: 0.0001559 seconds, Stopping threads took: 0.0000973 seconds
[2019-06-24T09:24:57.384+0000][1][safepoint    ] Application time: 0.0000467 seconds
[2019-06-24T09:24:57.384+0000][1][safepoint    ] Entering safepoint region: RevokeBias
[2019-06-24T09:24:57.384+0000][1][safepoint    ] Leaving safepoint region
[2019-06-24T09:24:57.384+0000][1][safepoint    ] Total time for which application threads were stopped: 0.0000758 seconds, Stopping threads took: 0.0000336 seconds
[2019-06-24T09:24:57.385+0000][1][safepoint    ] Application time: 0.0000553 seconds
[2019-06-24T09:24:57.385+0000][1][safepoint    ] Entering safepoint region: RevokeBias
[2019-06-24T09:24:57.385+0000][1][safepoint    ] Leaving safepoint region
[2019-06-24T09:24:57.385+0000][1][safepoint    ] Total time for which application threads were stopped: 0.0000471 seconds, Stopping threads took: 0.0000099 seconds
[2019-06-24T09:24:57.385+0000][1][safepoint    ] Application time: 0.0000396 seconds
[2019-06-24T09:24:57.385+0000][1][safepoint    ] Entering safepoint region: RevokeBias
[2019-06-24T09:24:57.385+0000][1][safepoint    ] Leaving safepoint region
[2019-06-24T09:24:57.385+0000][1][safepoint    ] Total time for which application threads were stopped: 0.0000830 seconds, Stopping threads took: 0.0000567 seconds
[2019-06-24T09:24:57.385+0000][1][safepoint    ] Application time: 0.0000373 seconds
[2019-06-24T09:24:57.385+0000][1][safepoint    ] Entering safepoint region: RevokeBias
[2019-06-24T09:24:57.385+0000][1][safepoint    ] Leaving safepoint region
[2019-06-24T09:24:57.385+0000][1][safepoint    ] Total time for which application threads were stopped: 0.0000285 seconds, Stopping threads took: 0.0000060 seconds
[2019-06-24T09:24:57.385+0000][1][safepoint    ] Application time: 0.0000318 seconds
[2019-06-24T09:24:57.385+0000][1][safepoint    ] Entering safepoint region: RevokeBias
[2019-06-24T09:24:57.385+0000][1][safepoint    ] Leaving safepoint region
[2019-06-24T09:24:57.385+0000][1][safepoint    ] Total time for which application threads were stopped: 0.0000283 seconds, Stopping threads took: 0.0000058 seconds
[2019-06-24T09:24:57.464+0000][1][safepoint    ] Application time: 0.0789298 seconds
[2019-06-24T09:24:57.464+0000][1][safepoint    ] Entering safepoint region: RevokeBias
[2019-06-24T09:24:57.464+0000][1][safepoint    ] Leaving safepoint region
[2019-06-24T09:24:57.464+0000][1][safepoint    ] Total time for which application threads were stopped: 0.0000757 seconds, Stopping threads took: 0.0000188 seconds
[2019-06-24T09:24:57.464+0000][1][safepoint    ] Application time: 0.0001467 seconds
[2019-06-24T09:24:57.464+0000][1][safepoint    ] Entering safepoint region: BulkRevokeBias
[2019-06-24T09:24:57.464+0000][1][safepoint    ] Leaving safepoint region
[2019-06-24T09:24:57.464+0000][1][safepoint    ] Total time for which application threads were stopped: 0.0001118 seconds, Stopping threads took: 0.0000114 seconds
[2019-06-24T09:24:57.488+0000][1][safepoint    ] Application time: 0.0235013 seconds
[2019-06-24T09:24:57.488+0000][1][safepoint    ] Entering safepoint region: GenCollectForAllocation
[2019-06-24T09:24:57.488+0000][1][gc,start     ] GC(6) Pause Young (Allocation Failure)
[2019-06-24T09:24:57.488+0000][1][gc,task      ] GC(6) Using 5 workers of 8 for evacuation
[2019-06-24T09:24:57.490+0000][1][gc,age       ] GC(6) Desired survivor size 4456448 bytes, new threshold 6 (max threshold 6)
[2019-06-24T09:24:57.490+0000][1][gc,age       ] GC(6) Age table with threshold 6 (max threshold 6)
[2019-06-24T09:24:57.490+0000][1][gc,age       ] GC(6) - age   1:    1621768 bytes,    1621768 total
[2019-06-24T09:24:57.490+0000][1][gc,age       ] GC(6) - age   2:    2195968 bytes,    3817736 total
[2019-06-24T09:24:57.490+0000][1][gc,age       ] GC(6) - age   3:     442936 bytes,    4260672 total
[2019-06-24T09:24:57.490+0000][1][gc,heap      ] GC(6) ParNew: 76207K->5050K(78656K)
[2019-06-24T09:24:57.490+0000][1][gc,heap      ] GC(6) CMS: 11390K->11390K(174784K)
[2019-06-24T09:24:57.490+0000][1][gc,metaspace ] GC(6) Metaspace: 19088K->19088K(1067008K)
[2019-06-24T09:24:57.490+0000][1][gc           ] GC(6) Pause Young (Allocation Failure) 85M->16M(247M) 2.298ms
[2019-06-24T09:24:57.490+0000][1][gc,cpu       ] GC(6) User=0.01s Sys=0.00s Real=0.00s
[2019-06-24T09:24:57.490+0000][1][safepoint    ] Leaving safepoint region
[2019-06-24T09:24:57.490+0000][1][safepoint    ] Total time for which application threads were stopped: 0.0024183 seconds, Stopping threads took: 0.0000364 seconds
[2019-06-24T09:24:57.490+0000][1][safepoint    ] Application time: 0.0001388 seconds
[2019-06-24T09:24:57.490+0000][1][safepoint    ] Entering safepoint region: BulkRevokeBias
[2019-06-24T09:24:57.490+0000][1][safepoint    ] Leaving safepoint region
[2019-06-24T09:24:57.490+0000][1][safepoint    ] Total time for which application threads were stopped: 0.0001613 seconds, Stopping threads took: 0.0000584 seconds
[2019-06-24T09:24:57.622+0000][1][safepoint    ] Application time: 0.1310213 seconds
[2019-06-24T09:24:57.622+0000][1][safepoint    ] Entering safepoint region: GenCollectForAllocation
[2019-06-24T09:24:57.622+0000][1][gc,start     ] GC(7) Pause Young (Allocation Failure)
[2019-06-24T09:24:57.622+0000][1][gc,task      ] GC(7) Using 5 workers of 8 for evacuation
[2019-06-24T09:24:57.625+0000][1][gc,age       ] GC(7) Desired survivor size 4456448 bytes, new threshold 6 (max threshold 6)
[2019-06-24T09:24:57.625+0000][1][gc,age       ] GC(7) Age table with threshold 6 (max threshold 6)
[2019-06-24T09:24:57.625+0000][1][gc,age       ] GC(7) - age   1:     573344 bytes,     573344 total
[2019-06-24T09:24:57.625+0000][1][gc,age       ] GC(7) - age   2:    1129600 bytes,    1702944 total
[2019-06-24T09:24:57.625+0000][1][gc,age       ] GC(7) - age   3:    2193960 bytes,    3896904 total
[2019-06-24T09:24:57.625+0000][1][gc,age       ] GC(7) - age   4:     442936 bytes,    4339840 total
[2019-06-24T09:24:57.625+0000][1][gc,heap      ] GC(7) ParNew: 75002K->4922K(78656K)
[2019-06-24T09:24:57.625+0000][1][gc,heap      ] GC(7) CMS: 11390K->11390K(174784K)
[2019-06-24T09:24:57.625+0000][1][gc,metaspace ] GC(7) Metaspace: 19817K->19817K(1067008K)
[2019-06-24T09:24:57.625+0000][1][gc           ] GC(7) Pause Young (Allocation Failure) 84M->15M(247M) 3.502ms
[2019-06-24T09:24:57.625+0000][1][gc,cpu       ] GC(7) User=0.02s Sys=0.00s Real=0.01s
[2019-06-24T09:24:57.625+0000][1][safepoint    ] Leaving safepoint region
[2019-06-24T09:24:57.625+0000][1][safepoint    ] Total time for which application threads were stopped: 0.0036394 seconds, Stopping threads took: 0.0000179 seconds
[2019-06-24T09:24:57.650+0000][1][safepoint    ] Application time: 0.0249657 seconds
[2019-06-24T09:24:57.650+0000][1][safepoint    ] Entering safepoint region: CollectForMetadataAllocation
[2019-06-24T09:24:57.650+0000][1][safepoint    ] Leaving safepoint region
[2019-06-24T09:24:57.650+0000][1][safepoint    ] Total time for which application threads were stopped: 0.0002053 seconds, Stopping threads took: 0.0000161 seconds
[2019-06-24T09:24:57.736+0000][1][safepoint    ] Application time: 0.0858814 seconds
[2019-06-24T09:24:57.736+0000][1][safepoint    ] Entering safepoint region: GenCollectForAllocation
[2019-06-24T09:24:57.736+0000][1][gc,start     ] GC(8) Pause Young (Allocation Failure)
[2019-06-24T09:24:57.736+0000][1][gc,task      ] GC(8) Using 5 workers of 8 for evacuation
[2019-06-24T09:24:57.740+0000][1][gc,age       ] GC(8) Desired survivor size 4456448 bytes, new threshold 4 (max threshold 6)
[2019-06-24T09:24:57.740+0000][1][gc,age       ] GC(8) Age table with threshold 4 (max threshold 6)
[2019-06-24T09:24:57.740+0000][1][gc,age       ] GC(8) - age   1:     898544 bytes,     898544 total
[2019-06-24T09:24:57.740+0000][1][gc,age       ] GC(8) - age   2:     545976 bytes,    1444520 total
[2019-06-24T09:24:57.740+0000][1][gc,age       ] GC(8) - age   3:    1129504 bytes,    2574024 total
[2019-06-24T09:24:57.740+0000][1][gc,age       ] GC(8) - age   4:    2193672 bytes,    4767696 total
[2019-06-24T09:24:57.740+0000][1][gc,age       ] GC(8) - age   5:     442936 bytes,    5210632 total
[2019-06-24T09:24:57.740+0000][1][gc,heap      ] GC(8) ParNew: 74874K->6379K(78656K)
[2019-06-24T09:24:57.740+0000][1][gc,heap      ] GC(8) CMS: 11390K->11390K(174784K)
[2019-06-24T09:24:57.740+0000][1][gc,metaspace ] GC(8) Metaspace: 20143K->20143K(1069056K)
[2019-06-24T09:24:57.740+0000][1][gc           ] GC(8) Pause Young (Allocation Failure) 84M->17M(247M) 3.470ms
[2019-06-24T09:24:57.740+0000][1][gc,cpu       ] GC(8) User=0.02s Sys=0.00s Real=0.00s
[2019-06-24T09:24:57.740+0000][1][safepoint    ] Leaving safepoint region
[2019-06-24T09:24:57.740+0000][1][safepoint    ] Total time for which application threads were stopped: 0.0036324 seconds, Stopping threads took: 0.0000160 seconds
[2019-06-24T09:24:57.740+0000][1][safepoint    ] Application time: 0.0001557 seconds
[2019-06-24T09:24:57.740+0000][1][safepoint    ] Entering safepoint region: CMS_Initial_Mark
[2019-06-24T09:24:57.740+0000][1][gc,start     ] GC(9) Pause Initial Mark
[2019-06-24T09:24:57.741+0000][1][gc           ] GC(9) Pause Initial Mark 18M->18M(247M) 1.078ms
[2019-06-24T09:24:57.741+0000][1][gc,cpu       ] GC(9) User=0.00s Sys=0.00s Real=0.00s
[2019-06-24T09:24:57.741+0000][1][safepoint    ] Leaving safepoint region
[2019-06-24T09:24:57.741+0000][1][safepoint    ] Total time for which application threads were stopped: 0.0011957 seconds, Stopping threads took: 0.0000418 seconds
[2019-06-24T09:24:57.741+0000][1][gc           ] GC(9) Concurrent Mark
[2019-06-24T09:24:57.742+0000][1][gc,task      ] GC(9) Using 2 workers of 2 for marking
[2019-06-24T09:24:57.752+0000][1][gc           ] GC(9) Concurrent Mark 10.887ms
[2019-06-24T09:24:57.752+0000][1][gc,cpu       ] GC(9) User=0.07s Sys=0.01s Real=0.01s
[2019-06-24T09:24:57.752+0000][1][gc           ] GC(9) Concurrent Preclean
[2019-06-24T09:24:57.753+0000][1][gc           ] GC(9) Concurrent Preclean 0.828ms
[2019-06-24T09:24:57.753+0000][1][gc,cpu       ] GC(9) User=0.00s Sys=0.00s Real=0.00s
[2019-06-24T09:24:57.753+0000][1][gc           ] GC(9) Concurrent Abortable Preclean
[2019-06-24T09:24:57.819+0000][1][safepoint    ] Application time: 0.0777039 seconds
[2019-06-24T09:24:57.819+0000][1][safepoint    ] Entering safepoint region: GenCollectForAllocation
[2019-06-24T09:24:57.819+0000][1][gc,start     ] GC(10) Pause Young (Allocation Failure)
[2019-06-24T09:24:57.819+0000][1][gc,task      ] GC(10) Using 5 workers of 8 for evacuation
[2019-06-24T09:24:57.825+0000][1][gc,age       ] GC(10) Desired survivor size 4456448 bytes, new threshold 6 (max threshold 6)
[2019-06-24T09:24:57.825+0000][1][gc,age       ] GC(10) Age table with threshold 6 (max threshold 6)
[2019-06-24T09:24:57.825+0000][1][gc,age       ] GC(10) - age   1:     268088 bytes,     268088 total
[2019-06-24T09:24:57.825+0000][1][gc,age       ] GC(10) - age   2:     453568 bytes,     721656 total
[2019-06-24T09:24:57.825+0000][1][gc,age       ] GC(10) - age   3:     545856 bytes,    1267512 total
[2019-06-24T09:24:57.825+0000][1][gc,age       ] GC(10) - age   4:    1129504 bytes,    2397016 total
[2019-06-24T09:24:57.825+0000][1][gc,heap      ] GC(10) ParNew: 76331K->5187K(78656K)
[2019-06-24T09:24:57.825+0000][1][gc,heap      ] GC(10) CMS: 11390K->13985K(174784K)
[2019-06-24T09:24:57.825+0000][1][gc,metaspace ] GC(10) Metaspace: 20254K->20254K(1069056K)
[2019-06-24T09:24:57.825+0000][1][gc           ] GC(10) Pause Young (Allocation Failure) 85M->18M(247M) 6.046ms
[2019-06-24T09:24:57.825+0000][1][gc,cpu       ] GC(10) User=0.03s Sys=0.00s Real=0.01s
[2019-06-24T09:24:57.825+0000][1][safepoint    ] Leaving safepoint region
[2019-06-24T09:24:57.825+0000][1][safepoint    ] Total time for which application threads were stopped: 0.0061762 seconds, Stopping threads took: 0.0000175 seconds
[2019-06-24T09:24:57.856+0000][1][safepoint    ] Application time: 0.0303580 seconds
[2019-06-24T09:24:57.856+0000][1][safepoint    ] Entering safepoint region: CollectForMetadataAllocation
[2019-06-24T09:24:57.856+0000][1][safepoint    ] Leaving safepoint region
[2019-06-24T09:24:57.856+0000][1][safepoint    ] Total time for which application threads were stopped: 0.0001541 seconds, Stopping threads took: 0.0000114 seconds
[2019-06-24T09:24:57.903+0000][1][safepoint    ] Application time: 0.0468945 seconds
[2019-06-24T09:24:57.903+0000][1][safepoint    ] Entering safepoint region: GenCollectForAllocation
[2019-06-24T09:24:57.903+0000][1][gc,start     ] GC(11) Pause Young (Allocation Failure)
[2019-06-24T09:24:57.903+0000][1][gc,task      ] GC(11) Using 5 workers of 8 for evacuation
[2019-06-24T09:24:57.906+0000][1][gc,age       ] GC(11) Desired survivor size 4456448 bytes, new threshold 6 (max threshold 6)
[2019-06-24T09:24:57.906+0000][1][gc,age       ] GC(11) Age table with threshold 6 (max threshold 6)
[2019-06-24T09:24:57.906+0000][1][gc,age       ] GC(11) - age   1:    1912144 bytes,    1912144 total
[2019-06-24T09:24:57.906+0000][1][gc,age       ] GC(11) - age   2:      99208 bytes,    2011352 total
[2019-06-24T09:24:57.906+0000][1][gc,age       ] GC(11) - age   3:     453568 bytes,    2464920 total
[2019-06-24T09:24:57.906+0000][1][gc,age       ] GC(11) - age   4:     545704 bytes,    3010624 total
[2019-06-24T09:24:57.906+0000][1][gc,age       ] GC(11) - age   5:    1129216 bytes,    4139840 total
[2019-06-24T09:24:57.906+0000][1][gc,heap      ] GC(11) ParNew: 75139K->5035K(78656K)
[2019-06-24T09:24:57.906+0000][1][gc,heap      ] GC(11) CMS: 13985K->13985K(174784K)
[2019-06-24T09:24:57.906+0000][1][gc,metaspace ] GC(11) Metaspace: 20334K->20334K(1069056K)
[2019-06-24T09:24:57.906+0000][1][gc           ] GC(11) Pause Young (Allocation Failure) 87M->18M(247M) 2.950ms
[2019-06-24T09:24:57.906+0000][1][gc,cpu       ] GC(11) User=0.01s Sys=0.00s Real=0.00s
[2019-06-24T09:24:57.906+0000][1][safepoint    ] Leaving safepoint region
[2019-06-24T09:24:57.906+0000][1][safepoint    ] Total time for which application threads were stopped: 0.0030863 seconds, Stopping threads took: 0.0000161 seconds
[2019-06-24T09:24:57.906+0000][1][gc           ] GC(9) Concurrent Abortable Preclean 152.662ms
[2019-06-24T09:24:57.906+0000][1][gc,cpu       ] GC(9) User=0.72s Sys=0.01s Real=0.16s
[2019-06-24T09:24:57.906+0000][1][safepoint    ] Application time: 0.0001375 seconds
[2019-06-24T09:24:57.906+0000][1][safepoint    ] Entering safepoint region: CMS_Final_Remark
[2019-06-24T09:24:57.906+0000][1][gc,start     ] GC(9) Pause Remark
[2019-06-24T09:24:57.911+0000][1][gc           ] GC(9) Pause Remark 19M->19M(247M) 5.354ms
[2019-06-24T09:24:57.912+0000][1][gc,cpu       ] GC(9) User=0.02s Sys=0.00s Real=0.00s
[2019-06-24T09:24:57.912+0000][1][safepoint    ] Leaving safepoint region
[2019-06-24T09:24:57.912+0000][1][safepoint    ] Total time for which application threads were stopped: 0.0054915 seconds, Stopping threads took: 0.0000436 seconds
[2019-06-24T09:24:57.912+0000][1][gc           ] GC(9) Concurrent Sweep
[2019-06-24T09:24:57.917+0000][1][gc           ] GC(9) Concurrent Sweep 4.930ms
[2019-06-24T09:24:57.917+0000][1][gc,cpu       ] GC(9) User=0.01s Sys=0.00s Real=0.01s
[2019-06-24T09:24:57.917+0000][1][gc           ] GC(9) Concurrent Reset
[2019-06-24T09:24:57.917+0000][1][gc           ] GC(9) Concurrent Reset 0.436ms
[2019-06-24T09:24:57.917+0000][1][gc,cpu       ] GC(9) User=0.00s Sys=0.00s Real=0.00s
[2019-06-24T09:24:57.917+0000][1][gc,heap      ] GC(9) Old: 11390K->13959K(174784K)
[2019-06-24T09:24:57.974+0000][1][safepoint    ] Application time: 0.0625255 seconds
[2019-06-24T09:24:57.974+0000][1][safepoint    ] Entering safepoint region: Deoptimize
[2019-06-24T09:24:57.975+0000][1][safepoint    ] Leaving safepoint region
[2019-06-24T09:24:57.975+0000][1][safepoint    ] Total time for which application threads were stopped: 0.0006612 seconds, Stopping threads took: 0.0000155 seconds
[2019-06-24T09:24:58.291+0000][1][safepoint    ] Application time: 0.3162029 seconds
[2019-06-24T09:24:58.291+0000][1][safepoint    ] Entering safepoint region: Deoptimize
[2019-06-24T09:24:58.292+0000][1][safepoint    ] Leaving safepoint region
[2019-06-24T09:24:58.292+0000][1][safepoint    ] Total time for which application threads were stopped: 0.0005342 seconds, Stopping threads took: 0.0000110 seconds
[2019-06-24T09:24:58.300+0000][1][safepoint    ] Application time: 0.0084072 seconds
[2019-06-24T09:24:58.300+0000][1][safepoint    ] Entering safepoint region: RevokeBias
[2019-06-24T09:24:58.300+0000][1][safepoint    ] Leaving safepoint region
[2019-06-24T09:24:58.300+0000][1][safepoint    ] Total time for which application threads were stopped: 0.0000549 seconds, Stopping threads took: 0.0000114 seconds
[2019-06-24T09:24:58.300+0000][1][safepoint    ] Application time: 0.0003125 seconds
[2019-06-24T09:24:58.300+0000][1][safepoint    ] Entering safepoint region: Deoptimize
[2019-06-24T09:24:58.301+0000][1][safepoint    ] Leaving safepoint region
[2019-06-24T09:24:58.301+0000][1][safepoint    ] Total time for which application threads were stopped: 0.0002495 seconds, Stopping threads took: 0.0000082 seconds
[2019-06-24T09:24:58.304+0000][1][safepoint    ] Application time: 0.0033544 seconds
[2019-06-24T09:24:58.304+0000][1][safepoint    ] Entering safepoint region: Deoptimize
[2019-06-24T09:24:58.304+0000][1][safepoint    ] Leaving safepoint region
[2019-06-24T09:24:58.304+0000][1][safepoint    ] Total time for which application threads were stopped: 0.0002817 seconds, Stopping threads took: 0.0000239 seconds
[2019-06-24T09:24:58.386+0000][1][safepoint    ] Application time: 0.0814611 seconds
[2019-06-24T09:24:58.386+0000][1][safepoint    ] Entering safepoint region: GenCollectForAllocation
[2019-06-24T09:24:58.386+0000][1][gc,start     ] GC(12) Pause Young (Allocation Failure)
[2019-06-24T09:24:58.386+0000][1][gc,task      ] GC(12) Using 5 workers of 8 for evacuation
[2019-06-24T09:24:58.390+0000][1][gc,age       ] GC(12) Desired survivor size 4456448 bytes, new threshold 5 (max threshold 6)
[2019-06-24T09:24:58.390+0000][1][gc,age       ] GC(12) Age table with threshold 5 (max threshold 6)
[2019-06-24T09:24:58.390+0000][1][gc,age       ] GC(12) - age   1:    3441360 bytes,    3441360 total
[2019-06-24T09:24:58.390+0000][1][gc,age       ] GC(12) - age   2:     345264 bytes,    3786624 total
[2019-06-24T09:24:58.390+0000][1][gc,age       ] GC(12) - age   3:      98912 bytes,    3885536 total
[2019-06-24T09:24:58.390+0000][1][gc,age       ] GC(12) - age   4:     453408 bytes,    4338944 total
[2019-06-24T09:24:58.390+0000][1][gc,age       ] GC(12) - age   5:     540504 bytes,    4879448 total
[2019-06-24T09:24:58.390+0000][1][gc,age       ] GC(12) - age   6:    1129056 bytes,    6008504 total
[2019-06-24T09:24:58.391+0000][1][gc,heap      ] GC(12) ParNew: 74987K->7524K(78656K)
[2019-06-24T09:24:58.391+0000][1][gc,heap      ] GC(12) CMS: 13959K->13959K(174784K)
[2019-06-24T09:24:58.391+0000][1][gc,metaspace ] GC(12) Metaspace: 26153K->26153K(1073152K)
[2019-06-24T09:24:58.391+0000][1][gc           ] GC(12) Pause Young (Allocation Failure) 86M->20M(247M) 4.658ms
[2019-06-24T09:24:58.391+0000][1][gc,cpu       ] GC(12) User=0.03s Sys=0.01s Real=0.00s
[2019-06-24T09:24:58.391+0000][1][safepoint    ] Leaving safepoint region
[2019-06-24T09:24:58.391+0000][1][safepoint    ] Total time for which application threads were stopped: 0.0047907 seconds, Stopping threads took: 0.0000287 seconds
[2019-06-24T09:24:58.635+0000][1][safepoint    ] Application time: 0.2448411 seconds
[2019-06-24T09:24:58.635+0000][1][safepoint    ] Entering safepoint region: Deoptimize
[2019-06-24T09:24:58.636+0000][1][safepoint    ] Leaving safepoint region
[2019-06-24T09:24:58.636+0000][1][safepoint    ] Total time for which application threads were stopped: 0.0004526 seconds, Stopping threads took: 0.0000114 seconds
[2019-06-24T09:24:59.012+0000][1][safepoint    ] Application time: 0.3760539 seconds
[2019-06-24T09:24:59.012+0000][1][safepoint    ] Entering safepoint region: GenCollectForAllocation
[2019-06-24T09:24:59.012+0000][1][gc,start     ] GC(13) Pause Young (Allocation Failure)
[2019-06-24T09:24:59.012+0000][1][gc,task      ] GC(13) Using 5 workers of 8 for evacuation
[2019-06-24T09:24:59.032+0000][1][gc,age       ] GC(13) Desired survivor size 4456448 bytes, new threshold 1 (max threshold 6)
[2019-06-24T09:24:59.032+0000][1][gc,age       ] GC(13) Age table with threshold 1 (max threshold 6)
[2019-06-24T09:24:59.032+0000][1][gc,age       ] GC(13) - age   1:    4999832 bytes,    4999832 total
[2019-06-24T09:24:59.032+0000][1][gc,age       ] GC(13) - age   2:    3015408 bytes,    8015240 total
[2019-06-24T09:24:59.032+0000][1][gc,age       ] GC(13) - age   3:     345032 bytes,    8360272 total
[2019-06-24T09:24:59.032+0000][1][gc,age       ] GC(13) - age   4:      98912 bytes,    8459184 total
[2019-06-24T09:24:59.032+0000][1][gc,age       ] GC(13) - age   5:     453408 bytes,    8912592 total
[2019-06-24T09:24:59.032+0000][1][gc,heap      ] GC(13) ParNew: 77476K->8704K(78656K)
[2019-06-24T09:24:59.032+0000][1][gc,heap      ] GC(13) CMS: 13959K->25096K(174784K)
[2019-06-24T09:24:59.032+0000][1][gc,metaspace ] GC(13) Metaspace: 26866K->26866K(1075200K)
[2019-06-24T09:24:59.032+0000][1][gc           ] GC(13) Pause Young (Allocation Failure) 89M->33M(247M) 19.950ms
[2019-06-24T09:24:59.032+0000][1][gc,cpu       ] GC(13) User=0.09s Sys=0.00s Real=0.02s
[2019-06-24T09:24:59.032+0000][1][safepoint    ] Leaving safepoint region
[2019-06-24T09:24:59.032+0000][1][safepoint    ] Total time for which application threads were stopped: 0.0200816 seconds, Stopping threads took: 0.0000138 seconds
[2019-06-24T09:24:59.424+0000][1][safepoint    ] Application time: 0.3916932 seconds
[2019-06-24T09:24:59.424+0000][1][safepoint    ] Entering safepoint region: GenCollectForAllocation
[2019-06-24T09:24:59.424+0000][1][gc,start     ] GC(14) Pause Young (Allocation Failure)
[2019-06-24T09:24:59.424+0000][1][gc,task      ] GC(14) Using 5 workers of 8 for evacuation
[2019-06-24T09:24:59.447+0000][1][gc,age       ] GC(14) Desired survivor size 4456448 bytes, new threshold 1 (max threshold 6)
[2019-06-24T09:24:59.447+0000][1][gc,age       ] GC(14) Age table with threshold 1 (max threshold 6)
[2019-06-24T09:24:59.447+0000][1][gc,age       ] GC(14) - age   1:    8912536 bytes,    8912536 total
[2019-06-24T09:24:59.447+0000][1][gc,heap      ] GC(14) ParNew: 78656K->8704K(78656K)
[2019-06-24T09:24:59.447+0000][1][gc,heap      ] GC(14) CMS: 25096K->38180K(174784K)
[2019-06-24T09:24:59.447+0000][1][gc,metaspace ] GC(14) Metaspace: 26911K->26911K(1075200K)
[2019-06-24T09:24:59.447+0000][1][gc           ] GC(14) Pause Young (Allocation Failure) 101M->45M(247M) 22.808ms
[2019-06-24T09:24:59.447+0000][1][gc,cpu       ] GC(14) User=0.16s Sys=0.00s Real=0.02s
[2019-06-24T09:24:59.447+0000][1][safepoint    ] Leaving safepoint region
[2019-06-24T09:24:59.447+0000][1][safepoint    ] Total time for which application threads were stopped: 0.0229138 seconds, Stopping threads took: 0.0000121 seconds
[2019-06-24T09:24:59.539+0000][1][safepoint    ] Application time: 0.0922596 seconds
[2019-06-24T09:24:59.539+0000][1][safepoint    ] Entering safepoint region: RevokeBias
[2019-06-24T09:24:59.539+0000][1][safepoint    ] Leaving safepoint region
[2019-06-24T09:24:59.539+0000][1][safepoint    ] Total time for which application threads were stopped: 0.0000693 seconds, Stopping threads took: 0.0000112 seconds
[2019-06-24T09:24:59.982+0000][1][safepoint    ] Application time: 0.4424725 seconds
[2019-06-24T09:24:59.982+0000][1][safepoint    ] Entering safepoint region: GenCollectForAllocation
[2019-06-24T09:24:59.982+0000][1][gc,start     ] GC(15) Pause Young (Allocation Failure)
[2019-06-24T09:24:59.982+0000][1][gc,task      ] GC(15) Using 5 workers of 8 for evacuation
[2019-06-24T09:25:00.001+0000][1][gc,age       ] GC(15) Desired survivor size 4456448 bytes, new threshold 1 (max threshold 6)
[2019-06-24T09:25:00.001+0000][1][gc,age       ] GC(15) Age table with threshold 1 (max threshold 6)
[2019-06-24T09:25:00.001+0000][1][gc,age       ] GC(15) - age   1:    7625064 bytes,    7625064 total
[2019-06-24T09:25:00.001+0000][1][gc,heap      ] GC(15) ParNew: 78656K->8704K(78656K)
[2019-06-24T09:25:00.001+0000][1][gc,heap      ] GC(15) CMS: 38180K->47998K(174784K)
[2019-06-24T09:25:00.001+0000][1][gc,metaspace ] GC(15) Metaspace: 31858K->31858K(1079296K)
[2019-06-24T09:25:00.001+0000][1][gc           ] GC(15) Pause Young (Allocation Failure) 114M->55M(247M) 19.156ms
[2019-06-24T09:25:00.001+0000][1][gc,cpu       ] GC(15) User=0.13s Sys=0.00s Real=0.02s
[2019-06-24T09:25:00.001+0000][1][safepoint    ] Leaving safepoint region
[2019-06-24T09:25:00.001+0000][1][safepoint    ] Total time for which application threads were stopped: 0.0194746 seconds, Stopping threads took: 0.0000761 seconds
[2019-06-24T09:25:00.135+0000][1][safepoint    ] Application time: 0.1336390 seconds
[2019-06-24T09:25:00.135+0000][1][safepoint    ] Entering safepoint region: GenCollectForAllocation
[2019-06-24T09:25:00.135+0000][1][gc,start     ] GC(16) Pause Young (Allocation Failure)
[2019-06-24T09:25:00.135+0000][1][gc,task      ] GC(16) Using 5 workers of 8 for evacuation
[2019-06-24T09:25:00.144+0000][1][gc,age       ] GC(16) Desired survivor size 4456448 bytes, new threshold 6 (max threshold 6)
[2019-06-24T09:25:00.144+0000][1][gc,age       ] GC(16) Age table with threshold 6 (max threshold 6)
[2019-06-24T09:25:00.144+0000][1][gc,age       ] GC(16) - age   1:     369472 bytes,     369472 total
[2019-06-24T09:25:00.144+0000][1][gc,heap      ] GC(16) ParNew: 78656K->7694K(78656K)
[2019-06-24T09:25:00.144+0000][1][gc,heap      ] GC(16) CMS: 47998K->55464K(174784K)
[2019-06-24T09:25:00.144+0000][1][gc,metaspace ] GC(16) Metaspace: 32729K->32729K(1079296K)
[2019-06-24T09:25:00.144+0000][1][gc           ] GC(16) Pause Young (Allocation Failure) 123M->61M(247M) 9.514ms
[2019-06-24T09:25:00.144+0000][1][gc,cpu       ] GC(16) User=0.07s Sys=0.00s Real=0.01s
[2019-06-24T09:25:00.145+0000][1][safepoint    ] Leaving safepoint region
[2019-06-24T09:25:00.145+0000][1][safepoint    ] Total time for which application threads were stopped: 0.0096742 seconds, Stopping threads took: 0.0000201 seconds
[2019-06-24T09:25:00.342+0000][1][safepoint    ] Application time: 0.1972225 seconds
[2019-06-24T09:25:00.342+0000][1][safepoint    ] Entering safepoint region: CollectForMetadataAllocation
[2019-06-24T09:25:00.342+0000][1][safepoint    ] Leaving safepoint region
[2019-06-24T09:25:00.342+0000][1][safepoint    ] Total time for which application threads were stopped: 0.0002117 seconds, Stopping threads took: 0.0000177 seconds
[2019-06-24T09:25:00.375+0000][1][safepoint    ] Application time: 0.0325044 seconds
[2019-06-24T09:25:00.375+0000][1][safepoint    ] Entering safepoint region: CollectForMetadataAllocation
[2019-06-24T09:25:00.375+0000][1][safepoint    ] Leaving safepoint region
[2019-06-24T09:25:00.375+0000][1][safepoint    ] Total time for which application threads were stopped: 0.0003801 seconds, Stopping threads took: 0.0001733 seconds
[2019-06-24T09:25:00.397+0000][1][safepoint    ] Application time: 0.0216220 seconds
[2019-06-24T09:25:00.397+0000][1][safepoint    ] Entering safepoint region: CollectForMetadataAllocation
[2019-06-24T09:25:00.397+0000][1][safepoint    ] Leaving safepoint region
[2019-06-24T09:25:00.397+0000][1][safepoint    ] Total time for which application threads were stopped: 0.0001680 seconds, Stopping threads took: 0.0000156 seconds
[2019-06-24T09:25:00.411+0000][1][safepoint    ] Application time: 0.0137251 seconds
[2019-06-24T09:25:00.411+0000][1][safepoint    ] Entering safepoint region: CollectForMetadataAllocation
[2019-06-24T09:25:00.411+0000][1][safepoint    ] Leaving safepoint region
[2019-06-24T09:25:00.411+0000][1][safepoint    ] Total time for which application threads were stopped: 0.0002057 seconds, Stopping threads took: 0.0000382 seconds
[2019-06-24T09:25:00.424+0000][1][safepoint    ] Application time: 0.0129787 seconds
[2019-06-24T09:25:00.424+0000][1][safepoint    ] Entering safepoint region: CollectForMetadataAllocation
[2019-06-24T09:25:00.424+0000][1][safepoint    ] Leaving safepoint region
[2019-06-24T09:25:00.424+0000][1][safepoint    ] Total time for which application threads were stopped: 0.0001826 seconds, Stopping threads took: 0.0000188 seconds
[2019-06-24T09:25:00.440+0000][1][safepoint    ] Application time: 0.0157512 seconds
[2019-06-24T09:25:00.440+0000][1][safepoint    ] Entering safepoint region: CollectForMetadataAllocation
[2019-06-24T09:25:00.440+0000][1][safepoint    ] Leaving safepoint region
[2019-06-24T09:25:00.440+0000][1][safepoint    ] Total time for which application threads were stopped: 0.0001293 seconds, Stopping threads took: 0.0000096 seconds
[2019-06-24T09:25:00.454+0000][1][safepoint    ] Application time: 0.0141117 seconds
[2019-06-24T09:25:00.454+0000][1][safepoint    ] Entering safepoint region: CollectForMetadataAllocation
[2019-06-24T09:25:00.454+0000][1][safepoint    ] Leaving safepoint region
[2019-06-24T09:25:00.454+0000][1][safepoint    ] Total time for which application threads were stopped: 0.0002042 seconds, Stopping threads took: 0.0000176 seconds
[2019-06-24T09:25:00.471+0000][1][safepoint    ] Application time: 0.0171946 seconds
[2019-06-24T09:25:00.472+0000][1][safepoint    ] Entering safepoint region: CollectForMetadataAllocation
[2019-06-24T09:25:00.472+0000][1][safepoint    ] Leaving safepoint region
[2019-06-24T09:25:00.472+0000][1][safepoint    ] Total time for which application threads were stopped: 0.0001461 seconds, Stopping threads took: 0.0000102 seconds
[2019-06-24T09:25:00.485+0000][1][safepoint    ] Application time: 0.0129888 seconds
[2019-06-24T09:25:00.485+0000][1][safepoint    ] Entering safepoint region: CollectForMetadataAllocation
[2019-06-24T09:25:00.485+0000][1][safepoint    ] Leaving safepoint region
[2019-06-24T09:25:00.485+0000][1][safepoint    ] Total time for which application threads were stopped: 0.0001393 seconds, Stopping threads took: 0.0000405 seconds
[2019-06-24T09:25:00.512+0000][1][safepoint    ] Application time: 0.0266725 seconds
[2019-06-24T09:25:00.512+0000][1][safepoint    ] Entering safepoint region: CollectForMetadataAllocation
[2019-06-24T09:25:00.512+0000][1][safepoint    ] Leaving safepoint region
[2019-06-24T09:25:00.512+0000][1][safepoint    ] Total time for which application threads were stopped: 0.0002247 seconds, Stopping threads took: 0.0000486 seconds
[2019-06-24T09:25:00.513+0000][1][safepoint    ] Application time: 0.0007560 seconds
[2019-06-24T09:25:00.513+0000][1][safepoint    ] Entering safepoint region: RevokeBias
[2019-06-24T09:25:00.513+0000][1][safepoint    ] Leaving safepoint region
[2019-06-24T09:25:00.513+0000][1][safepoint    ] Total time for which application threads were stopped: 0.0001880 seconds, Stopping threads took: 0.0000945 seconds
[2019-06-24T09:25:00.540+0000][1][safepoint    ] Application time: 0.0272376 seconds
[2019-06-24T09:25:00.540+0000][1][safepoint    ] Entering safepoint region: RevokeBias
[2019-06-24T09:25:00.540+0000][1][safepoint    ] Leaving safepoint region
[2019-06-24T09:25:00.540+0000][1][safepoint    ] Total time for which application threads were stopped: 0.0001201 seconds, Stopping threads took: 0.0000148 seconds
[2019-06-24T09:25:00.543+0000][1][safepoint    ] Application time: 0.0026155 seconds
[2019-06-24T09:25:00.543+0000][1][safepoint    ] Entering safepoint region: CollectForMetadataAllocation
[2019-06-24T09:25:00.543+0000][1][safepoint    ] Leaving safepoint region
[2019-06-24T09:25:00.543+0000][1][safepoint    ] Total time for which application threads were stopped: 0.0002166 seconds, Stopping threads took: 0.0000311 seconds
[2019-06-24T09:25:00.558+0000][1][safepoint    ] Application time: 0.0149853 seconds
[2019-06-24T09:25:00.558+0000][1][safepoint    ] Entering safepoint region: CollectForMetadataAllocation
[2019-06-24T09:25:00.558+0000][1][safepoint    ] Leaving safepoint region
[2019-06-24T09:25:00.558+0000][1][safepoint    ] Total time for which application threads were stopped: 0.0001363 seconds, Stopping threads took: 0.0000098 seconds
[2019-06-24T09:25:00.571+0000][1][safepoint    ] Application time: 0.0128782 seconds
[2019-06-24T09:25:00.571+0000][1][safepoint    ] Entering safepoint region: CollectForMetadataAllocation
[2019-06-24T09:25:00.571+0000][1][safepoint    ] Leaving safepoint region
[2019-06-24T09:25:00.571+0000][1][safepoint    ] Total time for which application threads were stopped: 0.0001351 seconds, Stopping threads took: 0.0000102 seconds
[2019-06-24T09:25:00.588+0000][1][safepoint    ] Application time: 0.0166223 seconds
[2019-06-24T09:25:00.588+0000][1][safepoint    ] Entering safepoint region: CollectForMetadataAllocation
[2019-06-24T09:25:00.588+0000][1][safepoint    ] Leaving safepoint region
[2019-06-24T09:25:00.588+0000][1][safepoint    ] Total time for which application threads were stopped: 0.0001490 seconds, Stopping threads took: 0.0000103 seconds
[2019-06-24T09:25:00.604+0000][1][safepoint    ] Application time: 0.0161064 seconds
[2019-06-24T09:25:00.604+0000][1][safepoint    ] Entering safepoint region: CollectForMetadataAllocation
[2019-06-24T09:25:00.604+0000][1][safepoint    ] Leaving safepoint region
[2019-06-24T09:25:00.604+0000][1][safepoint    ] Total time for which application threads were stopped: 0.0001523 seconds, Stopping threads took: 0.0000117 seconds
[2019-06-24T09:25:00.624+0000][1][safepoint    ] Application time: 0.0199531 seconds
[2019-06-24T09:25:00.624+0000][1][safepoint    ] Entering safepoint region: CollectForMetadataAllocation
[2019-06-24T09:25:00.624+0000][1][safepoint    ] Leaving safepoint region
[2019-06-24T09:25:00.624+0000][1][safepoint    ] Total time for which application threads were stopped: 0.0000955 seconds, Stopping threads took: 0.0000099 seconds
[2019-06-24T09:25:00.644+0000][1][safepoint    ] Application time: 0.0193289 seconds
[2019-06-24T09:25:00.644+0000][1][safepoint    ] Entering safepoint region: CollectForMetadataAllocation
[2019-06-24T09:25:00.644+0000][1][safepoint    ] Leaving safepoint region
[2019-06-24T09:25:00.644+0000][1][safepoint    ] Total time for which application threads were stopped: 0.0001410 seconds, Stopping threads took: 0.0000112 seconds
[2019-06-24T09:25:00.659+0000][1][safepoint    ] Application time: 0.0153175 seconds
[2019-06-24T09:25:00.659+0000][1][safepoint    ] Entering safepoint region: CollectForMetadataAllocation
[2019-06-24T09:25:00.659+0000][1][safepoint    ] Leaving safepoint region
[2019-06-24T09:25:00.659+0000][1][safepoint    ] Total time for which application threads were stopped: 0.0001387 seconds, Stopping threads took: 0.0000106 seconds
[2019-06-24T09:25:00.673+0000][1][safepoint    ] Application time: 0.0132204 seconds
[2019-06-24T09:25:00.673+0000][1][safepoint    ] Entering safepoint region: CollectForMetadataAllocation
[2019-06-24T09:25:00.673+0000][1][safepoint    ] Leaving safepoint region
[2019-06-24T09:25:00.673+0000][1][safepoint    ] Total time for which application threads were stopped: 0.0001397 seconds, Stopping threads took: 0.0000101 seconds
[2019-06-24T09:25:00.684+0000][1][safepoint    ] Application time: 0.0107717 seconds
[2019-06-24T09:25:00.684+0000][1][safepoint    ] Entering safepoint region: CollectForMetadataAllocation
[2019-06-24T09:25:00.684+0000][1][safepoint    ] Leaving safepoint region
[2019-06-24T09:25:00.684+0000][1][safepoint    ] Total time for which application threads were stopped: 0.0001011 seconds, Stopping threads took: 0.0000105 seconds
[2019-06-24T09:25:00.704+0000][1][safepoint    ] Application time: 0.0200645 seconds
[2019-06-24T09:25:00.704+0000][1][safepoint    ] Entering safepoint region: CollectForMetadataAllocation
[2019-06-24T09:25:00.704+0000][1][safepoint    ] Leaving safepoint region
[2019-06-24T09:25:00.704+0000][1][safepoint    ] Total time for which application threads were stopped: 0.0001681 seconds, Stopping threads took: 0.0000412 seconds
[2019-06-24T09:25:00.720+0000][1][safepoint    ] Application time: 0.0160574 seconds
[2019-06-24T09:25:00.720+0000][1][safepoint    ] Entering safepoint region: CollectForMetadataAllocation
[2019-06-24T09:25:00.720+0000][1][safepoint    ] Leaving safepoint region
[2019-06-24T09:25:00.720+0000][1][safepoint    ] Total time for which application threads were stopped: 0.0001281 seconds, Stopping threads took: 0.0000173 seconds
[2019-06-24T09:25:00.744+0000][1][safepoint    ] Application time: 0.0232052 seconds
[2019-06-24T09:25:00.744+0000][1][safepoint    ] Entering safepoint region: CollectForMetadataAllocation
[2019-06-24T09:25:00.744+0000][1][safepoint    ] Leaving safepoint region
[2019-06-24T09:25:00.744+0000][1][safepoint    ] Total time for which application threads were stopped: 0.0001333 seconds, Stopping threads took: 0.0000166 seconds
[2019-06-24T09:25:00.770+0000][1][safepoint    ] Application time: 0.0266485 seconds
[2019-06-24T09:25:00.770+0000][1][safepoint    ] Entering safepoint region: CollectForMetadataAllocation
[2019-06-24T09:25:00.771+0000][1][safepoint    ] Leaving safepoint region
[2019-06-24T09:25:00.771+0000][1][safepoint    ] Total time for which application threads were stopped: 0.0002306 seconds, Stopping threads took: 0.0000150 seconds
[2019-06-24T09:25:00.784+0000][1][safepoint    ] Application time: 0.0136163 seconds
[2019-06-24T09:25:00.784+0000][1][safepoint    ] Entering safepoint region: CollectForMetadataAllocation
[2019-06-24T09:25:00.784+0000][1][safepoint    ] Leaving safepoint region
[2019-06-24T09:25:00.784+0000][1][safepoint    ] Total time for which application threads were stopped: 0.0001846 seconds, Stopping threads took: 0.0000143 seconds
[2019-06-24T09:25:00.812+0000][1][safepoint    ] Application time: 0.0279694 seconds
[2019-06-24T09:25:00.812+0000][1][safepoint    ] Entering safepoint region: CollectForMetadataAllocation
[2019-06-24T09:25:00.813+0000][1][safepoint    ] Leaving safepoint region
[2019-06-24T09:25:00.813+0000][1][safepoint    ] Total time for which application threads were stopped: 0.0001939 seconds, Stopping threads took: 0.0000162 seconds
[2019-06-24T09:25:00.821+0000][1][safepoint    ] Application time: 0.0086180 seconds
[2019-06-24T09:25:00.821+0000][1][safepoint    ] Entering safepoint region: RevokeBias
[2019-06-24T09:25:00.821+0000][1][safepoint    ] Leaving safepoint region
[2019-06-24T09:25:00.821+0000][1][safepoint    ] Total time for which application threads were stopped: 0.0001158 seconds, Stopping threads took: 0.0000237 seconds
[2019-06-24T09:25:00.823+0000][1][safepoint    ] Application time: 0.0013041 seconds
[2019-06-24T09:25:00.823+0000][1][safepoint    ] Entering safepoint region: CollectForMetadataAllocation
[2019-06-24T09:25:00.823+0000][1][safepoint    ] Leaving safepoint region
[2019-06-24T09:25:00.823+0000][1][safepoint    ] Total time for which application threads were stopped: 0.0001776 seconds, Stopping threads took: 0.0000145 seconds
[2019-06-24T09:25:01.009+0000][1][safepoint    ] Application time: 0.1861005 seconds
[2019-06-24T09:25:01.009+0000][1][safepoint    ] Entering safepoint region: CollectForMetadataAllocation
[2019-06-24T09:25:01.009+0000][1][safepoint    ] Leaving safepoint region
[2019-06-24T09:25:01.009+0000][1][safepoint    ] Total time for which application threads were stopped: 0.0003073 seconds, Stopping threads took: 0.0000115 seconds
[2019-06-24T09:25:01.262+0000][1][safepoint    ] Application time: 0.2520974 seconds
[2019-06-24T09:25:01.262+0000][1][safepoint    ] Entering safepoint region: CollectForMetadataAllocation
[2019-06-24T09:25:01.262+0000][1][safepoint    ] Leaving safepoint region
[2019-06-24T09:25:01.262+0000][1][safepoint    ] Total time for which application threads were stopped: 0.0001662 seconds, Stopping threads took: 0.0000109 seconds
[2019-06-24T09:25:01.264+0000][1][safepoint    ] Application time: 0.0025779 seconds
[2019-06-24T09:25:01.264+0000][1][safepoint    ] Entering safepoint region: GenCollectForAllocation
[2019-06-24T09:25:01.264+0000][1][gc,start     ] GC(17) Pause Young (Allocation Failure)
[2019-06-24T09:25:01.264+0000][1][gc,task      ] GC(17) Using 5 workers of 8 for evacuation
[2019-06-24T09:25:01.269+0000][1][gc,age       ] GC(17) Desired survivor size 4456448 bytes, new threshold 6 (max threshold 6)
[2019-06-24T09:25:01.269+0000][1][gc,age       ] GC(17) Age table with threshold 6 (max threshold 6)
[2019-06-24T09:25:01.269+0000][1][gc,age       ] GC(17) - age   1:    3759000 bytes,    3759000 total
[2019-06-24T09:25:01.269+0000][1][gc,age       ] GC(17) - age   2:     329632 bytes,    4088632 total
[2019-06-24T09:25:01.269+0000][1][gc,heap      ] GC(17) ParNew: 77646K->5177K(78656K)
[2019-06-24T09:25:01.269+0000][1][gc,heap      ] GC(17) CMS: 55464K->55464K(174784K)
[2019-06-24T09:25:01.269+0000][1][gc,metaspace ] GC(17) Metaspace: 42082K->42082K(1087488K)
[2019-06-24T09:25:01.269+0000][1][gc           ] GC(17) Pause Young (Allocation Failure) 129M->59M(247M) 4.812ms
[2019-06-24T09:25:01.269+0000][1][gc,cpu       ] GC(17) User=0.03s Sys=0.00s Real=0.00s
[2019-06-24T09:25:01.269+0000][1][safepoint    ] Leaving safepoint region
[2019-06-24T09:25:01.269+0000][1][safepoint    ] Total time for which application threads were stopped: 0.0049205 seconds, Stopping threads took: 0.0000108 seconds
[2019-06-24T09:25:01.269+0000][1][safepoint    ] Application time: 0.0001305 seconds
[2019-06-24T09:25:01.269+0000][1][safepoint    ] Entering safepoint region: CMS_Initial_Mark
[2019-06-24T09:25:01.269+0000][1][gc,start     ] GC(18) Pause Initial Mark
[2019-06-24T09:25:01.271+0000][1][gc           ] GC(18) Pause Initial Mark 60M->60M(247M) 1.467ms
[2019-06-24T09:25:01.271+0000][1][gc,cpu       ] GC(18) User=0.01s Sys=0.00s Real=0.00s
[2019-06-24T09:25:01.271+0000][1][safepoint    ] Leaving safepoint region
[2019-06-24T09:25:01.271+0000][1][safepoint    ] Total time for which application threads were stopped: 0.0015810 seconds, Stopping threads took: 0.0000286 seconds
[2019-06-24T09:25:01.271+0000][1][gc           ] GC(18) Concurrent Mark
[2019-06-24T09:25:01.271+0000][1][gc,task      ] GC(18) Using 2 workers of 2 for marking
[2019-06-24T09:25:01.272+0000][1][safepoint    ] Application time: 0.0014591 seconds
[2019-06-24T09:25:01.272+0000][1][safepoint    ] Entering safepoint region: RevokeBias
[2019-06-24T09:25:01.273+0000][1][safepoint    ] Leaving safepoint region
[2019-06-24T09:25:01.273+0000][1][safepoint    ] Total time for which application threads were stopped: 0.0000439 seconds, Stopping threads took: 0.0000101 seconds
[2019-06-24T09:25:01.273+0000][1][safepoint    ] Application time: 0.0001064 seconds
[2019-06-24T09:25:01.273+0000][1][safepoint    ] Entering safepoint region: RevokeBias
[2019-06-24T09:25:01.273+0000][1][safepoint    ] Leaving safepoint region
[2019-06-24T09:25:01.273+0000][1][safepoint    ] Total time for which application threads were stopped: 0.0000353 seconds, Stopping threads took: 0.0000088 seconds
[2019-06-24T09:25:01.295+0000][1][safepoint    ] Application time: 0.0224529 seconds
[2019-06-24T09:25:01.295+0000][1][safepoint    ] Entering safepoint region: CollectForMetadataAllocation
[2019-06-24T09:25:01.295+0000][1][safepoint    ] Leaving safepoint region
[2019-06-24T09:25:01.295+0000][1][safepoint    ] Total time for which application threads were stopped: 0.0001533 seconds, Stopping threads took: 0.0000108 seconds
[2019-06-24T09:25:01.305+0000][1][safepoint    ] Application time: 0.0097154 seconds
[2019-06-24T09:25:01.305+0000][1][safepoint    ] Entering safepoint region: CollectForMetadataAllocation
[2019-06-24T09:25:01.305+0000][1][safepoint    ] Leaving safepoint region
[2019-06-24T09:25:01.305+0000][1][safepoint    ] Total time for which application threads were stopped: 0.0001090 seconds, Stopping threads took: 0.0000135 seconds
[2019-06-24T09:25:01.325+0000][1][gc           ] GC(18) Concurrent Mark 53.533ms
[2019-06-24T09:25:01.325+0000][1][gc,cpu       ] GC(18) User=0.26s Sys=0.01s Real=0.06s
[2019-06-24T09:25:01.325+0000][1][gc           ] GC(18) Concurrent Preclean
[2019-06-24T09:25:01.327+0000][1][gc           ] GC(18) Concurrent Preclean 1.945ms
[2019-06-24T09:25:01.327+0000][1][gc,cpu       ] GC(18) User=0.01s Sys=0.00s Real=0.00s
[2019-06-24T09:25:01.327+0000][1][gc           ] GC(18) Concurrent Abortable Preclean
[2019-06-24T09:25:01.547+0000][1][safepoint    ] Application time: 0.2419018 seconds
[2019-06-24T09:25:01.547+0000][1][safepoint    ] Entering safepoint region: CollectForMetadataAllocation
[2019-06-24T09:25:01.547+0000][1][safepoint    ] Leaving safepoint region
[2019-06-24T09:25:01.548+0000][1][safepoint    ] Total time for which application threads were stopped: 0.0008951 seconds, Stopping threads took: 0.0000177 seconds
[2019-06-24T09:25:01.562+0000][1][safepoint    ] Application time: 0.0142718 seconds
[2019-06-24T09:25:01.562+0000][1][safepoint    ] Entering safepoint region: CollectForMetadataAllocation
[2019-06-24T09:25:01.563+0000][1][safepoint    ] Leaving safepoint region
[2019-06-24T09:25:01.563+0000][1][safepoint    ] Total time for which application threads were stopped: 0.0002458 seconds, Stopping threads took: 0.0001101 seconds
[2019-06-24T09:25:01.585+0000][1][safepoint    ] Application time: 0.0225359 seconds
[2019-06-24T09:25:01.585+0000][1][safepoint    ] Entering safepoint region: CollectForMetadataAllocation
[2019-06-24T09:25:01.585+0000][1][safepoint    ] Leaving safepoint region
[2019-06-24T09:25:01.585+0000][1][safepoint    ] Total time for which application threads were stopped: 0.0001480 seconds, Stopping threads took: 0.0000107 seconds
[2019-06-24T09:25:01.620+0000][1][safepoint    ] Application time: 0.0346611 seconds
[2019-06-24T09:25:01.620+0000][1][safepoint    ] Entering safepoint region: CollectForMetadataAllocation
[2019-06-24T09:25:01.620+0000][1][safepoint    ] Leaving safepoint region
[2019-06-24T09:25:01.620+0000][1][safepoint    ] Total time for which application threads were stopped: 0.0002365 seconds, Stopping threads took: 0.0000175 seconds
[2019-06-24T09:25:01.621+0000][1][gc           ] GC(18) Concurrent Abortable Preclean 294.501ms
[2019-06-24T09:25:01.621+0000][1][gc,cpu       ] GC(18) User=1.29s Sys=0.00s Real=0.29s
[2019-06-24T09:25:01.621+0000][1][safepoint    ] Application time: 0.0008904 seconds
[2019-06-24T09:25:01.621+0000][1][safepoint    ] Entering safepoint region: CMS_Final_Remark
[2019-06-24T09:25:01.621+0000][1][gc,start     ] GC(18) Pause Remark
[2019-06-24T09:25:01.634+0000][1][gc           ] GC(18) Pause Remark 95M->95M(247M) 12.833ms
[2019-06-24T09:25:01.634+0000][1][gc,cpu       ] GC(18) User=0.05s Sys=0.00s Real=0.01s
[2019-06-24T09:25:01.634+0000][1][safepoint    ] Leaving safepoint region
[2019-06-24T09:25:01.634+0000][1][safepoint    ] Total time for which application threads were stopped: 0.0129712 seconds, Stopping threads took: 0.0000383 seconds
[2019-06-24T09:25:01.634+0000][1][gc           ] GC(18) Concurrent Sweep
[2019-06-24T09:25:01.656+0000][1][gc           ] GC(18) Concurrent Sweep 21.285ms
[2019-06-24T09:25:01.656+0000][1][gc,cpu       ] GC(18) User=0.10s Sys=0.00s Real=0.03s
[2019-06-24T09:25:01.656+0000][1][gc           ] GC(18) Concurrent Reset
[2019-06-24T09:25:01.656+0000][1][gc           ] GC(18) Concurrent Reset 0.417ms
[2019-06-24T09:25:01.656+0000][1][gc,cpu       ] GC(18) User=0.00s Sys=0.00s Real=0.00s
[2019-06-24T09:25:01.656+0000][1][gc,heap      ] GC(18) Old: 55464K->55247K(174784K)
[2019-06-24T09:25:01.715+0000][1][safepoint    ] Application time: 0.0802739 seconds
[2019-06-24T09:25:01.715+0000][1][safepoint    ] Entering safepoint region: RevokeBias
[2019-06-24T09:25:01.715+0000][1][safepoint    ] Leaving safepoint region
[2019-06-24T09:25:01.715+0000][1][safepoint    ] Total time for which application threads were stopped: 0.0007460 seconds, Stopping threads took: 0.0000149 seconds
[2019-06-24T09:25:01.721+0000][1][safepoint    ] Application time: 0.0055801 seconds
[2019-06-24T09:25:01.721+0000][1][safepoint    ] Entering safepoint region: RevokeBias
[2019-06-24T09:25:01.721+0000][1][safepoint    ] Leaving safepoint region
[2019-06-24T09:25:01.721+0000][1][safepoint    ] Total time for which application threads were stopped: 0.0000594 seconds, Stopping threads took: 0.0000107 seconds
[2019-06-24T09:25:01.866+0000][1][safepoint    ] Application time: 0.1449417 seconds
[2019-06-24T09:25:01.866+0000][1][safepoint    ] Entering safepoint region: RevokeBias
[2019-06-24T09:25:01.866+0000][1][safepoint    ] Leaving safepoint region
[2019-06-24T09:25:01.866+0000][1][safepoint    ] Total time for which application threads were stopped: 0.0004456 seconds, Stopping threads took: 0.0001060 seconds
[2019-06-24T09:25:01.867+0000][1][safepoint    ] Application time: 0.0000842 seconds
[2019-06-24T09:25:01.867+0000][1][safepoint    ] Entering safepoint region: RevokeBias
[2019-06-24T09:25:01.867+0000][1][safepoint    ] Leaving safepoint region
[2019-06-24T09:25:01.867+0000][1][safepoint    ] Total time for which application threads were stopped: 0.0000521 seconds, Stopping threads took: 0.0000080 seconds
[2019-06-24T09:25:01.867+0000][1][safepoint    ] Application time: 0.0001347 seconds
[2019-06-24T09:25:01.867+0000][1][safepoint    ] Entering safepoint region: RevokeBias
[2019-06-24T09:25:01.867+0000][1][safepoint    ] Leaving safepoint region
[2019-06-24T09:25:01.867+0000][1][safepoint    ] Total time for which application threads were stopped: 0.0001344 seconds, Stopping threads took: 0.0000897 seconds
[2019-06-24T09:25:01.867+0000][1][safepoint    ] Application time: 0.0000479 seconds
[2019-06-24T09:25:01.867+0000][1][safepoint    ] Entering safepoint region: RevokeBias
[2019-06-24T09:25:01.867+0000][1][safepoint    ] Leaving safepoint region
[2019-06-24T09:25:01.867+0000][1][safepoint    ] Total time for which application threads were stopped: 0.0000733 seconds, Stopping threads took: 0.0000335 seconds
[2019-06-24T09:25:01.919+0000][1][safepoint    ] Application time: 0.0524561 seconds
[2019-06-24T09:25:01.920+0000][1][safepoint    ] Entering safepoint region: RevokeBias
[2019-06-24T09:25:01.920+0000][1][safepoint    ] Leaving safepoint region
[2019-06-24T09:25:01.920+0000][1][safepoint    ] Total time for which application threads were stopped: 0.0003063 seconds, Stopping threads took: 0.0002245 seconds
[2019-06-24T09:25:01.920+0000][1][safepoint    ] Application time: 0.0001421 seconds
[2019-06-24T09:25:01.920+0000][1][safepoint    ] Entering safepoint region: RevokeBias
[2019-06-24T09:25:01.920+0000][1][safepoint    ] Leaving safepoint region
[2019-06-24T09:25:01.920+0000][1][safepoint    ] Total time for which application threads were stopped: 0.0000767 seconds, Stopping threads took: 0.0000377 seconds
[2019-06-24T09:25:01.920+0000][1][safepoint    ] Application time: 0.0003046 seconds
[2019-06-24T09:25:01.920+0000][1][safepoint    ] Entering safepoint region: RevokeBias
[2019-06-24T09:25:01.921+0000][1][safepoint    ] Leaving safepoint region
[2019-06-24T09:25:01.921+0000][1][safepoint    ] Total time for which application threads were stopped: 0.0001571 seconds, Stopping threads took: 0.0001040 seconds
[2019-06-24T09:25:01.921+0000][1][safepoint    ] Application time: 0.0001635 seconds
[2019-06-24T09:25:01.921+0000][1][safepoint    ] Entering safepoint region: RevokeBias
[2019-06-24T09:25:01.921+0000][1][safepoint    ] Leaving safepoint region
[2019-06-24T09:25:01.921+0000][1][safepoint    ] Total time for which application threads were stopped: 0.0000593 seconds, Stopping threads took: 0.0000099 seconds
[2019-06-24T09:25:01.921+0000][1][safepoint    ] Application time: 0.0003734 seconds
[2019-06-24T09:25:01.921+0000][1][safepoint    ] Entering safepoint region: RevokeBias
[2019-06-24T09:25:01.921+0000][1][safepoint    ] Leaving safepoint region
[2019-06-24T09:25:01.921+0000][1][safepoint    ] Total time for which application threads were stopped: 0.0002128 seconds, Stopping threads took: 0.0001401 seconds
[2019-06-24T09:25:01.922+0000][1][safepoint    ] Application time: 0.0001343 seconds
[2019-06-24T09:25:01.922+0000][1][safepoint    ] Entering safepoint region: RevokeBias
[2019-06-24T09:25:01.922+0000][1][safepoint    ] Leaving safepoint region
[2019-06-24T09:25:01.922+0000][1][safepoint    ] Total time for which application threads were stopped: 0.0000937 seconds, Stopping threads took: 0.0000506 seconds
[2019-06-24T09:25:01.922+0000][1][safepoint    ] Application time: 0.0003432 seconds
[2019-06-24T09:25:01.922+0000][1][safepoint    ] Entering safepoint region: RevokeBias
[2019-06-24T09:25:01.922+0000][1][safepoint    ] Leaving safepoint region
[2019-06-24T09:25:01.922+0000][1][safepoint    ] Total time for which application threads were stopped: 0.0001017 seconds, Stopping threads took: 0.0000235 seconds
[2019-06-24T09:25:01.922+0000][1][safepoint    ] Application time: 0.0000436 seconds
[2019-06-24T09:25:01.922+0000][1][safepoint    ] Entering safepoint region: RevokeBias
[2019-06-24T09:25:01.922+0000][1][safepoint    ] Leaving safepoint region
[2019-06-24T09:25:01.922+0000][1][safepoint    ] Total time for which application threads were stopped: 0.0000687 seconds, Stopping threads took: 0.0000288 seconds
[2019-06-24T09:25:01.922+0000][1][safepoint    ] Application time: 0.0000654 seconds
[2019-06-24T09:25:01.922+0000][1][safepoint    ] Entering safepoint region: RevokeBias
[2019-06-24T09:25:01.922+0000][1][safepoint    ] Leaving safepoint region
[2019-06-24T09:25:01.922+0000][1][safepoint    ] Total time for which application threads were stopped: 0.0000516 seconds, Stopping threads took: 0.0000097 seconds
[2019-06-24T09:25:01.922+0000][1][safepoint    ] Application time: 0.0000389 seconds
[2019-06-24T09:25:01.923+0000][1][safepoint    ] Entering safepoint region: RevokeBias
[2019-06-24T09:25:01.923+0000][1][safepoint    ] Leaving safepoint region
[2019-06-24T09:25:01.923+0000][1][safepoint    ] Total time for which application threads were stopped: 0.0000541 seconds, Stopping threads took: 0.0000108 seconds
[2019-06-24T09:25:01.923+0000][1][safepoint    ] Application time: 0.0000827 seconds
[2019-06-24T09:25:01.923+0000][1][safepoint    ] Entering safepoint region: RevokeBias
[2019-06-24T09:25:01.923+0000][1][safepoint    ] Leaving safepoint region
[2019-06-24T09:25:01.923+0000][1][safepoint    ] Total time for which application threads were stopped: 0.0000672 seconds, Stopping threads took: 0.0000207 seconds
[2019-06-24T09:25:01.923+0000][1][safepoint    ] Application time: 0.0000767 seconds
[2019-06-24T09:25:01.923+0000][1][safepoint    ] Entering safepoint region: RevokeBias
[2019-06-24T09:25:01.923+0000][1][safepoint    ] Leaving safepoint region
[2019-06-24T09:25:01.923+0000][1][safepoint    ] Total time for which application threads were stopped: 0.0000519 seconds, Stopping threads took: 0.0000095 seconds
[2019-06-24T09:25:01.923+0000][1][safepoint    ] Application time: 0.0000744 seconds
[2019-06-24T09:25:01.923+0000][1][safepoint    ] Entering safepoint region: RevokeBias
[2019-06-24T09:25:01.923+0000][1][safepoint    ] Leaving safepoint region
[2019-06-24T09:25:01.923+0000][1][safepoint    ] Total time for which application threads were stopped: 0.0000541 seconds, Stopping threads took: 0.0000126 seconds
[2019-06-24T09:25:01.923+0000][1][safepoint    ] Application time: 0.0000378 seconds
[2019-06-24T09:25:01.923+0000][1][safepoint    ] Entering safepoint region: RevokeBias
[2019-06-24T09:25:01.923+0000][1][safepoint    ] Leaving safepoint region
[2019-06-24T09:25:01.923+0000][1][safepoint    ] Total time for which application threads were stopped: 0.0000739 seconds, Stopping threads took: 0.0000292 seconds
[2019-06-24T09:25:01.923+0000][1][safepoint    ] Application time: 0.0000383 seconds
[2019-06-24T09:25:01.923+0000][1][safepoint    ] Entering safepoint region: RevokeBias
[2019-06-24T09:25:01.923+0000][1][safepoint    ] Leaving safepoint region
[2019-06-24T09:25:01.923+0000][1][safepoint    ] Total time for which application threads were stopped: 0.0000619 seconds, Stopping threads took: 0.0000100 seconds
[2019-06-24T09:25:01.923+0000][1][safepoint    ] Application time: 0.0000371 seconds
[2019-06-24T09:25:01.923+0000][1][safepoint    ] Entering safepoint region: RevokeBias
[2019-06-24T09:25:01.923+0000][1][safepoint    ] Leaving safepoint region
[2019-06-24T09:25:01.923+0000][1][safepoint    ] Total time for which application threads were stopped: 0.0000561 seconds, Stopping threads took: 0.0000097 seconds
[2019-06-24T09:25:01.923+0000][1][safepoint    ] Application time: 0.0000380 seconds
[2019-06-24T09:25:01.923+0000][1][safepoint    ] Entering safepoint region: RevokeBias
[2019-06-24T09:25:01.924+0000][1][safepoint    ] Leaving safepoint region
[2019-06-24T09:25:01.924+0000][1][safepoint    ] Total time for which application threads were stopped: 0.0000823 seconds, Stopping threads took: 0.0000412 seconds
[2019-06-24T09:25:01.924+0000][1][safepoint    ] Application time: 0.0000387 seconds
[2019-06-24T09:25:01.924+0000][1][safepoint    ] Entering safepoint region: RevokeBias
[2019-06-24T09:25:01.924+0000][1][safepoint    ] Leaving safepoint region
[2019-06-24T09:25:01.924+0000][1][safepoint    ] Total time for which application threads were stopped: 0.0000746 seconds, Stopping threads took: 0.0000353 seconds
[2019-06-24T09:25:01.924+0000][1][safepoint    ] Application time: 0.0000363 seconds
[2019-06-24T09:25:01.924+0000][1][safepoint    ] Entering safepoint region: RevokeBias
[2019-06-24T09:25:01.924+0000][1][safepoint    ] Leaving safepoint region
[2019-06-24T09:25:01.924+0000][1][safepoint    ] Total time for which application threads were stopped: 0.0000598 seconds, Stopping threads took: 0.0000207 seconds
[2019-06-24T09:25:01.924+0000][1][safepoint    ] Application time: 0.0000368 seconds
[2019-06-24T09:25:01.924+0000][1][safepoint    ] Entering safepoint region: RevokeBias
[2019-06-24T09:25:01.924+0000][1][safepoint    ] Leaving safepoint region
[2019-06-24T09:25:01.924+0000][1][safepoint    ] Total time for which application threads were stopped: 0.0000475 seconds, Stopping threads took: 0.0000094 seconds
[2019-06-24T09:25:01.924+0000][1][safepoint    ] Application time: 0.0000929 seconds
[2019-06-24T09:25:01.924+0000][1][safepoint    ] Entering safepoint region: RevokeBias
[2019-06-24T09:25:01.924+0000][1][safepoint    ] Leaving safepoint region
[2019-06-24T09:25:01.924+0000][1][safepoint    ] Total time for which application threads were stopped: 0.0000737 seconds, Stopping threads took: 0.0000097 seconds
[2019-06-24T09:25:01.924+0000][1][safepoint    ] Application time: 0.0000366 seconds
[2019-06-24T09:25:01.924+0000][1][safepoint    ] Entering safepoint region: RevokeBias
[2019-06-24T09:25:01.924+0000][1][safepoint    ] Leaving safepoint region
[2019-06-24T09:25:01.924+0000][1][safepoint    ] Total time for which application threads were stopped: 0.0000524 seconds, Stopping threads took: 0.0000094 seconds
[2019-06-24T09:25:01.924+0000][1][safepoint    ] Application time: 0.0000361 seconds
[2019-06-24T09:25:01.924+0000][1][safepoint    ] Entering safepoint region: RevokeBias
[2019-06-24T09:25:01.924+0000][1][safepoint    ] Leaving safepoint region
[2019-06-24T09:25:01.924+0000][1][safepoint    ] Total time for which application threads were stopped: 0.0000509 seconds, Stopping threads took: 0.0000097 seconds
[2019-06-24T09:25:01.924+0000][1][safepoint    ] Application time: 0.0000365 seconds
[2019-06-24T09:25:01.924+0000][1][safepoint    ] Entering safepoint region: RevokeBias
[2019-06-24T09:25:01.924+0000][1][safepoint    ] Leaving safepoint region
[2019-06-24T09:25:01.924+0000][1][safepoint    ] Total time for which application threads were stopped: 0.0000493 seconds, Stopping threads took: 0.0000098 seconds
[2019-06-24T09:25:01.924+0000][1][safepoint    ] Application time: 0.0000356 seconds
[2019-06-24T09:25:01.924+0000][1][safepoint    ] Entering safepoint region: RevokeBias
[2019-06-24T09:25:01.924+0000][1][safepoint    ] Leaving safepoint region
[2019-06-24T09:25:01.924+0000][1][safepoint    ] Total time for which application threads were stopped: 0.0000486 seconds, Stopping threads took: 0.0000095 seconds
[2019-06-24T09:25:01.925+0000][1][safepoint    ] Application time: 0.0000304 seconds
[2019-06-24T09:25:01.925+0000][1][safepoint    ] Entering safepoint region: BulkRevokeBias
[2019-06-24T09:25:01.925+0000][1][safepoint    ] Leaving safepoint region
[2019-06-24T09:25:01.925+0000][1][safepoint    ] Total time for which application threads were stopped: 0.0001059 seconds, Stopping threads took: 0.0000092 seconds
[2019-06-24T09:25:01.925+0000][1][safepoint    ] Application time: 0.0001119 seconds
[2019-06-24T09:25:01.925+0000][1][safepoint    ] Entering safepoint region: RevokeBias
[2019-06-24T09:25:01.925+0000][1][safepoint    ] Leaving safepoint region
[2019-06-24T09:25:01.925+0000][1][safepoint    ] Total time for which application threads were stopped: 0.0000548 seconds, Stopping threads took: 0.0000095 seconds
[2019-06-24T09:25:01.925+0000][1][safepoint    ] Application time: 0.0000476 seconds
[2019-06-24T09:25:01.925+0000][1][safepoint    ] Entering safepoint region: RevokeBias
[2019-06-24T09:25:01.925+0000][1][safepoint    ] Leaving safepoint region
[2019-06-24T09:25:01.925+0000][1][safepoint    ] Total time for which application threads were stopped: 0.0000487 seconds, Stopping threads took: 0.0000091 seconds
[2019-06-24T09:25:01.925+0000][1][safepoint    ] Application time: 0.0000630 seconds
[2019-06-24T09:25:01.925+0000][1][safepoint    ] Entering safepoint region: RevokeBias
[2019-06-24T09:25:01.925+0000][1][safepoint    ] Leaving safepoint region
[2019-06-24T09:25:01.925+0000][1][safepoint    ] Total time for which application threads were stopped: 0.0000500 seconds, Stopping threads took: 0.0000093 seconds
[2019-06-24T09:25:01.925+0000][1][safepoint    ] Application time: 0.0000513 seconds
[2019-06-24T09:25:01.925+0000][1][safepoint    ] Entering safepoint region: RevokeBias
[2019-06-24T09:25:01.925+0000][1][safepoint    ] Leaving safepoint region
[2019-06-24T09:25:01.925+0000][1][safepoint    ] Total time for which application threads were stopped: 0.0000583 seconds, Stopping threads took: 0.0000252 seconds
[2019-06-24T09:25:01.925+0000][1][safepoint    ] Application time: 0.0000569 seconds
[2019-06-24T09:25:01.925+0000][1][safepoint    ] Entering safepoint region: RevokeBias
[2019-06-24T09:25:01.925+0000][1][safepoint    ] Leaving safepoint region
[2019-06-24T09:25:01.925+0000][1][safepoint    ] Total time for which application threads were stopped: 0.0000843 seconds, Stopping threads took: 0.0000487 seconds
[2019-06-24T09:25:01.925+0000][1][safepoint    ] Application time: 0.0000403 seconds
[2019-06-24T09:25:01.925+0000][1][safepoint    ] Entering safepoint region: RevokeBias
[2019-06-24T09:25:01.925+0000][1][safepoint    ] Leaving safepoint region
[2019-06-24T09:25:01.925+0000][1][safepoint    ] Total time for which application threads were stopped: 0.0000437 seconds, Stopping threads took: 0.0000093 seconds
[2019-06-24T09:25:01.926+0000][1][safepoint    ] Application time: 0.0001228 seconds
[2019-06-24T09:25:01.926+0000][1][safepoint    ] Entering safepoint region: RevokeBias
[2019-06-24T09:25:01.926+0000][1][safepoint    ] Leaving safepoint region
[2019-06-24T09:25:01.926+0000][1][safepoint    ] Total time for which application threads were stopped: 0.0001280 seconds, Stopping threads took: 0.0000714 seconds
[2019-06-24T09:25:01.926+0000][1][safepoint    ] Application time: 0.0000453 seconds
[2019-06-24T09:25:01.926+0000][1][safepoint    ] Entering safepoint region: RevokeBias
[2019-06-24T09:25:01.926+0000][1][safepoint    ] Leaving safepoint region
[2019-06-24T09:25:01.926+0000][1][safepoint    ] Total time for which application threads were stopped: 0.0000804 seconds, Stopping threads took: 0.0000288 seconds
[2019-06-24T09:25:01.926+0000][1][safepoint    ] Application time: 0.0000397 seconds
[2019-06-24T09:25:01.926+0000][1][safepoint    ] Entering safepoint region: RevokeBias
[2019-06-24T09:25:01.926+0000][1][safepoint    ] Leaving safepoint region
[2019-06-24T09:25:01.926+0000][1][safepoint    ] Total time for which application threads were stopped: 0.0002230 seconds, Stopping threads took: 0.0001806 seconds
[2019-06-24T09:25:01.926+0000][1][safepoint    ] Application time: 0.0001180 seconds
[2019-06-24T09:25:01.926+0000][1][safepoint    ] Entering safepoint region: RevokeBias
[2019-06-24T09:25:01.926+0000][1][safepoint    ] Leaving safepoint region
[2019-06-24T09:25:01.926+0000][1][safepoint    ] Total time for which application threads were stopped: 0.0000920 seconds, Stopping threads took: 0.0000204 seconds
[2019-06-24T09:25:01.927+0000][1][safepoint    ] Application time: 0.0000785 seconds
[2019-06-24T09:25:01.927+0000][1][safepoint    ] Entering safepoint region: RevokeBias
[2019-06-24T09:25:01.927+0000][1][safepoint    ] Leaving safepoint region
[2019-06-24T09:25:01.927+0000][1][safepoint    ] Total time for which application threads were stopped: 0.0000722 seconds, Stopping threads took: 0.0000282 seconds
[2019-06-24T09:25:01.927+0000][1][safepoint    ] Application time: 0.0000841 seconds
[2019-06-24T09:25:01.927+0000][1][safepoint    ] Entering safepoint region: RevokeBias
[2019-06-24T09:25:01.927+0000][1][safepoint    ] Leaving safepoint region
[2019-06-24T09:25:01.927+0000][1][safepoint    ] Total time for which application threads were stopped: 0.0000679 seconds, Stopping threads took: 0.0000256 seconds
[2019-06-24T09:25:01.927+0000][1][safepoint    ] Application time: 0.0000848 seconds
[2019-06-24T09:25:01.927+0000][1][safepoint    ] Entering safepoint region: RevokeBias
[2019-06-24T09:25:01.927+0000][1][safepoint    ] Leaving safepoint region
[2019-06-24T09:25:01.927+0000][1][safepoint    ] Total time for which application threads were stopped: 0.0000716 seconds, Stopping threads took: 0.0000292 seconds
[2019-06-24T09:25:01.927+0000][1][safepoint    ] Application time: 0.0000850 seconds
[2019-06-24T09:25:01.927+0000][1][safepoint    ] Entering safepoint region: RevokeBias
[2019-06-24T09:25:01.927+0000][1][safepoint    ] Leaving safepoint region
[2019-06-24T09:25:01.927+0000][1][safepoint    ] Total time for which application threads were stopped: 0.0000533 seconds, Stopping threads took: 0.0000096 seconds
[2019-06-24T09:25:01.927+0000][1][safepoint    ] Application time: 0.0001109 seconds
[2019-06-24T09:25:01.927+0000][1][safepoint    ] Entering safepoint region: RevokeBias
[2019-06-24T09:25:01.927+0000][1][safepoint    ] Leaving safepoint region
[2019-06-24T09:25:01.927+0000][1][safepoint    ] Total time for which application threads were stopped: 0.0000689 seconds, Stopping threads took: 0.0000263 seconds
[2019-06-24T09:25:01.927+0000][1][safepoint    ] Application time: 0.0000822 seconds
[2019-06-24T09:25:01.927+0000][1][safepoint    ] Entering safepoint region: RevokeBias
[2019-06-24T09:25:01.927+0000][1][safepoint    ] Leaving safepoint region
[2019-06-24T09:25:01.927+0000][1][safepoint    ] Total time for which application threads were stopped: 0.0000526 seconds, Stopping threads took: 0.0000098 seconds
[2019-06-24T09:25:01.927+0000][1][safepoint    ] Application time: 0.0000352 seconds
[2019-06-24T09:25:01.928+0000][1][safepoint    ] Entering safepoint region: RevokeBias
[2019-06-24T09:25:01.928+0000][1][safepoint    ] Leaving safepoint region
[2019-06-24T09:25:01.928+0000][1][safepoint    ] Total time for which application threads were stopped: 0.0000499 seconds, Stopping threads took: 0.0000089 seconds
[2019-06-24T09:25:01.928+0000][1][safepoint    ] Application time: 0.0000349 seconds
[2019-06-24T09:25:01.928+0000][1][safepoint    ] Entering safepoint region: RevokeBias
[2019-06-24T09:25:01.928+0000][1][safepoint    ] Leaving safepoint region
[2019-06-24T09:25:01.928+0000][1][safepoint    ] Total time for which application threads were stopped: 0.0000606 seconds, Stopping threads took: 0.0000203 seconds
[2019-06-24T09:25:01.928+0000][1][safepoint    ] Application time: 0.0000353 seconds
[2019-06-24T09:25:01.928+0000][1][safepoint    ] Entering safepoint region: RevokeBias
[2019-06-24T09:25:01.928+0000][1][safepoint    ] Leaving safepoint region
[2019-06-24T09:25:01.928+0000][1][safepoint    ] Total time for which application threads were stopped: 0.0000510 seconds, Stopping threads took: 0.0000110 seconds
[2019-06-24T09:25:01.928+0000][1][safepoint    ] Application time: 0.0000319 seconds
[2019-06-24T09:25:01.928+0000][1][safepoint    ] Entering safepoint region: RevokeBias
[2019-06-24T09:25:01.928+0000][1][safepoint    ] Leaving safepoint region
[2019-06-24T09:25:01.928+0000][1][safepoint    ] Total time for which application threads were stopped: 0.0000482 seconds, Stopping threads took: 0.0000093 seconds
[2019-06-24T09:25:01.928+0000][1][safepoint    ] Application time: 0.0000303 seconds
[2019-06-24T09:25:01.928+0000][1][safepoint    ] Entering safepoint region: RevokeBias
[2019-06-24T09:25:01.928+0000][1][safepoint    ] Leaving safepoint region
[2019-06-24T09:25:01.928+0000][1][safepoint    ] Total time for which application threads were stopped: 0.0000483 seconds, Stopping threads took: 0.0000089 seconds
[2019-06-24T09:25:01.928+0000][1][safepoint    ] Application time: 0.0000302 seconds
[2019-06-24T09:25:01.928+0000][1][safepoint    ] Entering safepoint region: RevokeBias
[2019-06-24T09:25:01.928+0000][1][safepoint    ] Leaving safepoint region
[2019-06-24T09:25:01.928+0000][1][safepoint    ] Total time for which application threads were stopped: 0.0000465 seconds, Stopping threads took: 0.0000091 seconds
[2019-06-24T09:25:01.928+0000][1][safepoint    ] Application time: 0.0000302 seconds
[2019-06-24T09:25:01.928+0000][1][safepoint    ] Entering safepoint region: RevokeBias
[2019-06-24T09:25:01.928+0000][1][safepoint    ] Leaving safepoint region
[2019-06-24T09:25:01.928+0000][1][safepoint    ] Total time for which application threads were stopped: 0.0000660 seconds, Stopping threads took: 0.0000283 seconds
[2019-06-24T09:25:01.928+0000][1][safepoint    ] Application time: 0.0000355 seconds
[2019-06-24T09:25:01.928+0000][1][safepoint    ] Entering safepoint region: RevokeBias
[2019-06-24T09:25:01.928+0000][1][safepoint    ] Leaving safepoint region
[2019-06-24T09:25:01.928+0000][1][safepoint    ] Total time for which application threads were stopped: 0.0001305 seconds, Stopping threads took: 0.0000862 seconds
[2019-06-24T09:25:01.928+0000][1][safepoint    ] Application time: 0.0000380 seconds
[2019-06-24T09:25:01.928+0000][1][safepoint    ] Entering safepoint region: RevokeBias
[2019-06-24T09:25:01.928+0000][1][safepoint    ] Leaving safepoint region
[2019-06-24T09:25:01.928+0000][1][safepoint    ] Total time for which application threads were stopped: 0.0000475 seconds, Stopping threads took: 0.0000091 seconds
[2019-06-24T09:25:01.929+0000][1][safepoint    ] Application time: 0.0000301 seconds
[2019-06-24T09:25:01.929+0000][1][safepoint    ] Entering safepoint region: RevokeBias
[2019-06-24T09:25:01.929+0000][1][safepoint    ] Leaving safepoint region
[2019-06-24T09:25:01.929+0000][1][safepoint    ] Total time for which application threads were stopped: 0.0000491 seconds, Stopping threads took: 0.0000093 seconds
[2019-06-24T09:25:01.929+0000][1][safepoint    ] Application time: 0.0000305 seconds
[2019-06-24T09:25:01.929+0000][1][safepoint    ] Entering safepoint region: RevokeBias
[2019-06-24T09:25:01.929+0000][1][safepoint    ] Leaving safepoint region
[2019-06-24T09:25:01.929+0000][1][safepoint    ] Total time for which application threads were stopped: 0.0000469 seconds, Stopping threads took: 0.0000091 seconds
[2019-06-24T09:25:01.929+0000][1][safepoint    ] Application time: 0.0000311 seconds
[2019-06-24T09:25:01.929+0000][1][safepoint    ] Entering safepoint region: RevokeBias
[2019-06-24T09:25:01.929+0000][1][safepoint    ] Leaving safepoint region
[2019-06-24T09:25:01.929+0000][1][safepoint    ] Total time for which application threads were stopped: 0.0000463 seconds, Stopping threads took: 0.0000088 seconds
[2019-06-24T09:25:01.929+0000][1][safepoint    ] Application time: 0.0000324 seconds
[2019-06-24T09:25:01.929+0000][1][safepoint    ] Entering safepoint region: BulkRevokeBias
[2019-06-24T09:25:01.929+0000][1][safepoint    ] Leaving safepoint region
[2019-06-24T09:25:01.929+0000][1][safepoint    ] Total time for which application threads were stopped: 0.0001081 seconds, Stopping threads took: 0.0000091 seconds
[2019-06-24T09:25:01.929+0000][1][safepoint    ] Application time: 0.0002489 seconds
[2019-06-24T09:25:01.929+0000][1][safepoint    ] Entering safepoint region: RevokeBias
[2019-06-24T09:25:01.929+0000][1][safepoint    ] Leaving safepoint region
[2019-06-24T09:25:01.929+0000][1][safepoint    ] Total time for which application threads were stopped: 0.0000684 seconds, Stopping threads took: 0.0000102 seconds
[2019-06-24T09:25:01.929+0000][1][safepoint    ] Application time: 0.0000673 seconds
[2019-06-24T09:25:01.929+0000][1][safepoint    ] Entering safepoint region: RevokeBias
[2019-06-24T09:25:01.930+0000][1][safepoint    ] Leaving safepoint region
[2019-06-24T09:25:01.930+0000][1][safepoint    ] Total time for which application threads were stopped: 0.0001881 seconds, Stopping threads took: 0.0001399 seconds
[2019-06-24T09:25:01.930+0000][1][safepoint    ] Application time: 0.0001244 seconds
[2019-06-24T09:25:01.930+0000][1][safepoint    ] Entering safepoint region: RevokeBias
[2019-06-24T09:25:01.930+0000][1][safepoint    ] Leaving safepoint region
[2019-06-24T09:25:01.930+0000][1][safepoint    ] Total time for which application threads were stopped: 0.0000669 seconds, Stopping threads took: 0.0000236 seconds
[2019-06-24T09:25:01.930+0000][1][safepoint    ] Application time: 0.0000895 seconds
[2019-06-24T09:25:01.930+0000][1][safepoint    ] Entering safepoint region: RevokeBias
[2019-06-24T09:25:01.930+0000][1][safepoint    ] Leaving safepoint region
[2019-06-24T09:25:01.930+0000][1][safepoint    ] Total time for which application threads were stopped: 0.0000902 seconds, Stopping threads took: 0.0000341 seconds
[2019-06-24T09:25:01.930+0000][1][safepoint    ] Application time: 0.0000679 seconds
[2019-06-24T09:25:01.930+0000][1][safepoint    ] Entering safepoint region: RevokeBias
[2019-06-24T09:25:01.930+0000][1][safepoint    ] Leaving safepoint region
[2019-06-24T09:25:01.930+0000][1][safepoint    ] Total time for which application threads were stopped: 0.0000906 seconds, Stopping threads took: 0.0000265 seconds
[2019-06-24T09:25:01.930+0000][1][safepoint    ] Application time: 0.0000664 seconds
[2019-06-24T09:25:01.930+0000][1][safepoint    ] Entering safepoint region: RevokeBias
[2019-06-24T09:25:01.930+0000][1][safepoint    ] Leaving safepoint region
[2019-06-24T09:25:01.930+0000][1][safepoint    ] Total time for which application threads were stopped: 0.0000938 seconds, Stopping threads took: 0.0000259 seconds
[2019-06-24T09:25:01.931+0000][1][safepoint    ] Application time: 0.0002993 seconds
[2019-06-24T09:25:01.931+0000][1][safepoint    ] Entering safepoint region: RevokeBias
[2019-06-24T09:25:01.931+0000][1][safepoint    ] Leaving safepoint region
[2019-06-24T09:25:01.931+0000][1][safepoint    ] Total time for which application threads were stopped: 0.0004120 seconds, Stopping threads took: 0.0003593 seconds
[2019-06-24T09:25:01.931+0000][1][safepoint    ] Application time: 0.0002269 seconds
[2019-06-24T09:25:01.931+0000][1][safepoint    ] Entering safepoint region: RevokeBias
[2019-06-24T09:25:01.931+0000][1][safepoint    ] Leaving safepoint region
[2019-06-24T09:25:01.931+0000][1][safepoint    ] Total time for which application threads were stopped: 0.0001087 seconds, Stopping threads took: 0.0000522 seconds
[2019-06-24T09:25:01.932+0000][1][safepoint    ] Application time: 0.0002174 seconds
[2019-06-24T09:25:01.932+0000][1][safepoint    ] Entering safepoint region: RevokeBias
[2019-06-24T09:25:01.932+0000][1][safepoint    ] Leaving safepoint region
[2019-06-24T09:25:01.932+0000][1][safepoint    ] Total time for which application threads were stopped: 0.0001359 seconds, Stopping threads took: 0.0000889 seconds
[2019-06-24T09:25:01.932+0000][1][safepoint    ] Application time: 0.0000836 seconds
[2019-06-24T09:25:01.932+0000][1][safepoint    ] Entering safepoint region: RevokeBias
[2019-06-24T09:25:01.932+0000][1][safepoint    ] Leaving safepoint region
[2019-06-24T09:25:01.932+0000][1][safepoint    ] Total time for which application threads were stopped: 0.0000932 seconds, Stopping threads took: 0.0000534 seconds
[2019-06-24T09:25:01.932+0000][1][safepoint    ] Application time: 0.0002806 seconds
[2019-06-24T09:25:01.932+0000][1][safepoint    ] Entering safepoint region: RevokeBias
[2019-06-24T09:25:01.932+0000][1][safepoint    ] Leaving safepoint region
[2019-06-24T09:25:01.932+0000][1][safepoint    ] Total time for which application threads were stopped: 0.0000919 seconds, Stopping threads took: 0.0000418 seconds
[2019-06-24T09:25:01.933+0000][1][safepoint    ] Application time: 0.0002740 seconds
[2019-06-24T09:25:01.933+0000][1][safepoint    ] Entering safepoint region: RevokeBias
[2019-06-24T09:25:01.933+0000][1][safepoint    ] Leaving safepoint region
[2019-06-24T09:25:01.933+0000][1][safepoint    ] Total time for which application threads were stopped: 0.0000774 seconds, Stopping threads took: 0.0000363 seconds
[2019-06-24T09:25:01.933+0000][1][safepoint    ] Application time: 0.0002415 seconds
[2019-06-24T09:25:01.933+0000][1][safepoint    ] Entering safepoint region: RevokeBias
[2019-06-24T09:25:01.933+0000][1][safepoint    ] Leaving safepoint region
[2019-06-24T09:25:01.933+0000][1][safepoint    ] Total time for which application threads were stopped: 0.0003535 seconds, Stopping threads took: 0.0003133 seconds
[2019-06-24T09:25:01.934+0000][1][safepoint    ] Application time: 0.0002153 seconds
[2019-06-24T09:25:01.934+0000][1][safepoint    ] Entering safepoint region: RevokeBias
[2019-06-24T09:25:01.934+0000][1][safepoint    ] Leaving safepoint region
[2019-06-24T09:25:01.934+0000][1][safepoint    ] Total time for which application threads were stopped: 0.0000670 seconds, Stopping threads took: 0.0000303 seconds
[2019-06-24T09:25:01.934+0000][1][safepoint    ] Application time: 0.0001721 seconds
[2019-06-24T09:25:01.934+0000][1][safepoint    ] Entering safepoint region: BulkRevokeBias
[2019-06-24T09:25:01.934+0000][1][safepoint    ] Leaving safepoint region
[2019-06-24T09:25:01.934+0000][1][safepoint    ] Total time for which application threads were stopped: 0.0001393 seconds, Stopping threads took: 0.0000710 seconds
[2019-06-24T09:25:01.934+0000][1][safepoint    ] Application time: 0.0000980 seconds
[2019-06-24T09:25:01.934+0000][1][safepoint    ] Entering safepoint region: RevokeBias
[2019-06-24T09:25:01.934+0000][1][safepoint    ] Leaving safepoint region
[2019-06-24T09:25:01.934+0000][1][safepoint    ] Total time for which application threads were stopped: 0.0000844 seconds, Stopping threads took: 0.0000460 seconds
[2019-06-24T09:25:01.934+0000][1][safepoint    ] Application time: 0.0001906 seconds
[2019-06-24T09:25:01.934+0000][1][safepoint    ] Entering safepoint region: RevokeBias
[2019-06-24T09:25:01.934+0000][1][safepoint    ] Leaving safepoint region
[2019-06-24T09:25:01.934+0000][1][safepoint    ] Total time for which application threads were stopped: 0.0001002 seconds, Stopping threads took: 0.0000653 seconds
[2019-06-24T09:25:01.936+0000][1][safepoint    ] Application time: 0.0015108 seconds
[2019-06-24T09:25:01.936+0000][1][safepoint    ] Entering safepoint region: RevokeBias
[2019-06-24T09:25:01.936+0000][1][safepoint    ] Leaving safepoint region
[2019-06-24T09:25:01.936+0000][1][safepoint    ] Total time for which application threads were stopped: 0.0000868 seconds, Stopping threads took: 0.0000259 seconds
[2019-06-24T09:25:01.936+0000][1][safepoint    ] Application time: 0.0000904 seconds
[2019-06-24T09:25:01.937+0000][1][safepoint    ] Entering safepoint region: RevokeBias
[2019-06-24T09:25:01.937+0000][1][safepoint    ] Leaving safepoint region
[2019-06-24T09:25:01.937+0000][1][safepoint    ] Total time for which application threads were stopped: 0.0004668 seconds, Stopping threads took: 0.0004201 seconds
[2019-06-24T09:25:01.938+0000][1][safepoint    ] Application time: 0.0017499 seconds
[2019-06-24T09:25:01.938+0000][1][safepoint    ] Entering safepoint region: RevokeBias
[2019-06-24T09:25:01.939+0000][1][safepoint    ] Leaving safepoint region
[2019-06-24T09:25:01.939+0000][1][safepoint    ] Total time for which application threads were stopped: 0.0001245 seconds, Stopping threads took: 0.0000594 seconds
[2019-06-24T09:25:01.939+0000][1][safepoint    ] Application time: 0.0000777 seconds
[2019-06-24T09:25:01.939+0000][1][safepoint    ] Entering safepoint region: RevokeBias
[2019-06-24T09:25:01.939+0000][1][safepoint    ] Leaving safepoint region
[2019-06-24T09:25:01.939+0000][1][safepoint    ] Total time for which application threads were stopped: 0.0001070 seconds, Stopping threads took: 0.0000610 seconds
[2019-06-24T09:25:01.939+0000][1][safepoint    ] Application time: 0.0002251 seconds
[2019-06-24T09:25:01.939+0000][1][safepoint    ] Entering safepoint region: RevokeBias
[2019-06-24T09:25:01.939+0000][1][safepoint    ] Leaving safepoint region
[2019-06-24T09:25:01.939+0000][1][safepoint    ] Total time for which application threads were stopped: 0.0001330 seconds, Stopping threads took: 0.0000572 seconds
[2019-06-24T09:25:01.951+0000][1][safepoint    ] Application time: 0.0116354 seconds
[2019-06-24T09:25:01.951+0000][1][safepoint    ] Entering safepoint region: GenCollectForAllocation
[2019-06-24T09:25:01.951+0000][1][gc,start     ] GC(19) Pause Young (Allocation Failure)
[2019-06-24T09:25:01.951+0000][1][gc,task      ] GC(19) Using 5 workers of 8 for evacuation
[2019-06-24T09:25:01.957+0000][1][gc,age       ] GC(19) Desired survivor size 4456448 bytes, new threshold 2 (max threshold 6)
[2019-06-24T09:25:01.957+0000][1][gc,age       ] GC(19) Age table with threshold 2 (max threshold 6)
[2019-06-24T09:25:01.957+0000][1][gc,age       ] GC(19) - age   1:    3112808 bytes,    3112808 total
[2019-06-24T09:25:01.957+0000][1][gc,age       ] GC(19) - age   2:    3657200 bytes,    6770008 total
[2019-06-24T09:25:01.957+0000][1][gc,age       ] GC(19) - age   3:     329152 bytes,    7099160 total
[2019-06-24T09:25:01.957+0000][1][gc,heap      ] GC(19) ParNew: 75129K->8381K(78656K)
[2019-06-24T09:25:01.957+0000][1][gc,heap      ] GC(19) CMS: 55247K->55247K(174784K)
[2019-06-24T09:25:01.957+0000][1][gc,metaspace ] GC(19) Metaspace: 47014K->47014K(1093632K)
[2019-06-24T09:25:01.957+0000][1][gc           ] GC(19) Pause Young (Allocation Failure) 127M->62M(247M) 5.686ms
[2019-06-24T09:25:01.957+0000][1][gc,cpu       ] GC(19) User=0.03s Sys=0.00s Real=0.01s
[2019-06-24T09:25:01.957+0000][1][safepoint    ] Leaving safepoint region
[2019-06-24T09:25:01.957+0000][1][safepoint    ] Total time for which application threads were stopped: 0.0057945 seconds, Stopping threads took: 0.0000166 seconds
