[2019-06-24T09:22:41.868+0000][1][gc] Using Concurrent Mark Sweep
[2019-06-24T09:22:41.868+0000][1][gc,heap,coops] Heap address: 0x00000000f0000000, size: 256 MB, Compressed Oops mode: 32-bit
[2019-06-24T09:22:41.914+0000][1][safepoint    ] Entering safepoint region: EnableBiasedLocking
[2019-06-24T09:22:41.914+0000][1][safepoint    ] Leaving safepoint region
[2019-06-24T09:22:41.914+0000][1][safepoint    ] Total time for which application threads were stopped: 0.0001208 seconds, Stopping threads took: 0.0000464 seconds
[2019-06-24T09:22:41.917+0000][1][safepoint    ] Application time: 0.0025652 seconds
[2019-06-24T09:22:41.917+0000][1][safepoint    ] Entering safepoint region: RevokeBias
[2019-06-24T09:22:41.917+0000][1][safepoint    ] Leaving safepoint region
[2019-06-24T09:22:41.917+0000][1][safepoint    ] Total time for which application threads were stopped: 0.0001308 seconds, Stopping threads took: 0.0000579 seconds
[2019-06-24T09:22:41.925+0000][1][safepoint    ] Application time: 0.0082952 seconds
[2019-06-24T09:22:41.925+0000][1][safepoint    ] Entering safepoint region: Deoptimize
[2019-06-24T09:22:41.925+0000][1][safepoint    ] Leaving safepoint region
[2019-06-24T09:22:41.925+0000][1][safepoint    ] Total time for which application threads were stopped: 0.0000490 seconds, Stopping threads took: 0.0000093 seconds
[2019-06-24T09:22:42.019+0000][1][safepoint    ] Application time: 0.0935157 seconds
[2019-06-24T09:22:42.019+0000][1][safepoint    ] Entering safepoint region: RevokeBias
[2019-06-24T09:22:42.019+0000][1][safepoint    ] Leaving safepoint region
[2019-06-24T09:22:42.019+0000][1][safepoint    ] Total time for which application threads were stopped: 0.0000668 seconds, Stopping threads took: 0.0000090 seconds
[2019-06-24T09:22:42.020+0000][1][safepoint    ] Application time: 0.0013664 seconds
[2019-06-24T09:22:42.020+0000][1][safepoint    ] Entering safepoint region: Deoptimize
[2019-06-24T09:22:42.020+0000][1][safepoint    ] Leaving safepoint region
[2019-06-24T09:22:42.020+0000][1][safepoint    ] Total time for which application threads were stopped: 0.0000500 seconds, Stopping threads took: 0.0000071 seconds
[2019-06-24T09:22:42.043+0000][1][safepoint    ] Application time: 0.0223346 seconds
[2019-06-24T09:22:42.043+0000][1][safepoint    ] Entering safepoint region: Deoptimize
[2019-06-24T09:22:42.043+0000][1][safepoint    ] Leaving safepoint region
[2019-06-24T09:22:42.043+0000][1][safepoint    ] Total time for which application threads were stopped: 0.0000611 seconds, Stopping threads took: 0.0000080 seconds
[2019-06-24T09:22:42.265+0000][1][safepoint    ] Application time: 0.2226280 seconds
[2019-06-24T09:22:42.266+0000][1][safepoint    ] Entering safepoint region: Deoptimize
[2019-06-24T09:22:42.266+0000][1][safepoint    ] Leaving safepoint region
[2019-06-24T09:22:42.266+0000][1][safepoint    ] Total time for which application threads were stopped: 0.0001692 seconds, Stopping threads took: 0.0000149 seconds
[2019-06-24T09:22:42.287+0000][1][safepoint    ] Application time: 0.0211940 seconds
[2019-06-24T09:22:42.287+0000][1][safepoint    ] Entering safepoint region: Deoptimize
[2019-06-24T09:22:42.287+0000][1][safepoint    ] Leaving safepoint region
[2019-06-24T09:22:42.287+0000][1][safepoint    ] Total time for which application threads were stopped: 0.0001472 seconds, Stopping threads took: 0.0000144 seconds
[2019-06-24T09:22:42.313+0000][1][safepoint    ] Application time: 0.0255744 seconds
[2019-06-24T09:22:42.313+0000][1][safepoint    ] Entering safepoint region: Deoptimize
[2019-06-24T09:22:42.313+0000][1][safepoint    ] Leaving safepoint region
[2019-06-24T09:22:42.313+0000][1][safepoint    ] Total time for which application threads were stopped: 0.0001513 seconds, Stopping threads took: 0.0000136 seconds
[2019-06-24T09:22:42.323+0000][1][safepoint    ] Application time: 0.0097570 seconds
[2019-06-24T09:22:42.323+0000][1][safepoint    ] Entering safepoint region: Deoptimize
[2019-06-24T09:22:42.323+0000][1][safepoint    ] Leaving safepoint region
[2019-06-24T09:22:42.323+0000][1][safepoint    ] Total time for which application threads were stopped: 0.0001449 seconds, Stopping threads took: 0.0000174 seconds
[2019-06-24T09:22:42.651+0000][1][safepoint    ] Application time: 0.3284881 seconds
[2019-06-24T09:22:42.651+0000][1][safepoint    ] Entering safepoint region: Deoptimize
[2019-06-24T09:22:42.652+0000][1][safepoint    ] Leaving safepoint region
[2019-06-24T09:22:42.652+0000][1][safepoint    ] Total time for which application threads were stopped: 0.0003108 seconds, Stopping threads took: 0.0000144 seconds
[2019-06-24T09:22:42.862+0000][1][safepoint    ] Application time: 0.2100558 seconds
[2019-06-24T09:22:42.862+0000][1][safepoint    ] Entering safepoint region: RevokeBias
[2019-06-24T09:22:42.862+0000][1][safepoint    ] Leaving safepoint region
[2019-06-24T09:22:42.862+0000][1][safepoint    ] Total time for which application threads were stopped: 0.0001748 seconds, Stopping threads took: 0.0000538 seconds
[2019-06-24T09:22:42.955+0000][1][safepoint    ] Application time: 0.0932581 seconds
[2019-06-24T09:22:42.955+0000][1][safepoint    ] Entering safepoint region: Deoptimize
[2019-06-24T09:22:42.955+0000][1][safepoint    ] Leaving safepoint region
[2019-06-24T09:22:42.955+0000][1][safepoint    ] Total time for which application threads were stopped: 0.0001878 seconds, Stopping threads took: 0.0000087 seconds
[2019-06-24T09:22:43.055+0000][1][safepoint    ] Application time: 0.0992858 seconds
[2019-06-24T09:22:43.055+0000][1][safepoint    ] Entering safepoint region: Deoptimize
[2019-06-24T09:22:43.055+0000][1][safepoint    ] Leaving safepoint region
[2019-06-24T09:22:43.055+0000][1][safepoint    ] Total time for which application threads were stopped: 0.0002227 seconds, Stopping threads took: 0.0000139 seconds
[2019-06-24T09:22:43.055+0000][1][safepoint    ] Application time: 0.0000875 seconds
[2019-06-24T09:22:43.055+0000][1][safepoint    ] Entering safepoint region: Deoptimize
[2019-06-24T09:22:43.055+0000][1][safepoint    ] Leaving safepoint region
[2019-06-24T09:22:43.055+0000][1][safepoint    ] Total time for which application threads were stopped: 0.0001589 seconds, Stopping threads took: 0.0000086 seconds
[2019-06-24T09:22:43.069+0000][1][safepoint    ] Application time: 0.0142164 seconds
[2019-06-24T09:22:43.070+0000][1][safepoint    ] Entering safepoint region: Deoptimize
[2019-06-24T09:22:43.070+0000][1][safepoint    ] Leaving safepoint region
[2019-06-24T09:22:43.070+0000][1][safepoint    ] Total time for which application threads were stopped: 0.0001521 seconds, Stopping threads took: 0.0000099 seconds
[2019-06-24T09:22:43.078+0000][1][safepoint    ] Application time: 0.0081133 seconds
[2019-06-24T09:22:43.078+0000][1][safepoint    ] Entering safepoint region: Deoptimize
[2019-06-24T09:22:43.078+0000][1][safepoint    ] Leaving safepoint region
[2019-06-24T09:22:43.078+0000][1][safepoint    ] Total time for which application threads were stopped: 0.0001626 seconds, Stopping threads took: 0.0000091 seconds
[2019-06-24T09:22:43.083+0000][1][safepoint    ] Application time: 0.0052623 seconds
[2019-06-24T09:22:43.083+0000][1][safepoint    ] Entering safepoint region: RevokeBias
[2019-06-24T09:22:43.083+0000][1][safepoint    ] Leaving safepoint region
[2019-06-24T09:22:43.083+0000][1][safepoint    ] Total time for which application threads were stopped: 0.0000529 seconds, Stopping threads took: 0.0000177 seconds
[2019-06-24T09:22:43.084+0000][1][safepoint    ] Application time: 0.0001593 seconds
[2019-06-24T09:22:43.084+0000][1][safepoint    ] Entering safepoint region: RevokeBias
[2019-06-24T09:22:43.084+0000][1][safepoint    ] Leaving safepoint region
[2019-06-24T09:22:43.084+0000][1][safepoint    ] Total time for which application threads were stopped: 0.0000420 seconds, Stopping threads took: 0.0000169 seconds
[2019-06-24T09:22:43.084+0000][1][safepoint    ] Application time: 0.0001515 seconds
[2019-06-24T09:22:43.084+0000][1][safepoint    ] Entering safepoint region: RevokeBias
[2019-06-24T09:22:43.084+0000][1][safepoint    ] Leaving safepoint region
[2019-06-24T09:22:43.084+0000][1][safepoint    ] Total time for which application threads were stopped: 0.0000411 seconds, Stopping threads took: 0.0000169 seconds
[2019-06-24T09:22:43.084+0000][1][safepoint    ] Application time: 0.0002172 seconds
[2019-06-24T09:22:43.084+0000][1][safepoint    ] Entering safepoint region: RevokeBias
[2019-06-24T09:22:43.084+0000][1][safepoint    ] Leaving safepoint region
[2019-06-24T09:22:43.084+0000][1][safepoint    ] Total time for which application threads were stopped: 0.0000511 seconds, Stopping threads took: 0.0000288 seconds
[2019-06-24T09:22:43.085+0000][1][safepoint    ] Application time: 0.0012879 seconds
[2019-06-24T09:22:43.085+0000][1][safepoint    ] Entering safepoint region: RevokeBias
[2019-06-24T09:22:43.085+0000][1][safepoint    ] Leaving safepoint region
[2019-06-24T09:22:43.085+0000][1][safepoint    ] Total time for which application threads were stopped: 0.0000406 seconds, Stopping threads took: 0.0000116 seconds
[2019-06-24T09:22:43.091+0000][1][safepoint    ] Application time: 0.0052832 seconds
[2019-06-24T09:22:43.091+0000][1][safepoint    ] Entering safepoint region: Deoptimize
[2019-06-24T09:22:43.091+0000][1][safepoint    ] Leaving safepoint region
[2019-06-24T09:22:43.091+0000][1][safepoint    ] Total time for which application threads were stopped: 0.0002195 seconds, Stopping threads took: 0.0000124 seconds
[2019-06-24T09:22:43.178+0000][1][safepoint    ] Application time: 0.0870232 seconds
[2019-06-24T09:22:43.178+0000][1][safepoint    ] Entering safepoint region: GenCollectForAllocation
[2019-06-24T09:22:43.178+0000][1][gc,start     ] GC(0) Pause Young (Allocation Failure)
[2019-06-24T09:22:43.179+0000][1][gc,task      ] GC(0) Using 5 workers of 8 for evacuation
[2019-06-24T09:22:43.184+0000][1][gc,age       ] GC(0) Desired survivor size 4456448 bytes, new threshold 1 (max threshold 6)
[2019-06-24T09:22:43.184+0000][1][gc,age       ] GC(0) Age table with threshold 1 (max threshold 6)
[2019-06-24T09:22:43.184+0000][1][gc,age       ] GC(0) - age   1:    7967912 bytes,    7967912 total
[2019-06-24T09:22:43.184+0000][1][gc,heap      ] GC(0) ParNew: 69952K->7890K(78656K)
[2019-06-24T09:22:43.184+0000][1][gc,heap      ] GC(0) CMS: 0K->0K(174784K)
[2019-06-24T09:22:43.184+0000][1][gc,metaspace ] GC(0) Metaspace: 12017K->12017K(1060864K)
[2019-06-24T09:22:43.184+0000][1][gc           ] GC(0) Pause Young (Allocation Failure) 68M->7M(247M) 5.638ms
[2019-06-24T09:22:43.184+0000][1][gc,cpu       ] GC(0) User=0.03s Sys=0.00s Real=0.01s
[2019-06-24T09:22:43.184+0000][1][safepoint    ] Leaving safepoint region
[2019-06-24T09:22:43.184+0000][1][safepoint    ] Total time for which application threads were stopped: 0.0057650 seconds, Stopping threads took: 0.0000175 seconds
[2019-06-24T09:22:43.184+0000][1][safepoint    ] Application time: 0.0002922 seconds
[2019-06-24T09:22:43.184+0000][1][safepoint    ] Entering safepoint region: RevokeBias
[2019-06-24T09:22:43.184+0000][1][safepoint    ] Leaving safepoint region
[2019-06-24T09:22:43.184+0000][1][safepoint    ] Total time for which application threads were stopped: 0.0001233 seconds, Stopping threads took: 0.0000681 seconds
[2019-06-24T09:22:43.184+0000][1][safepoint    ] Application time: 0.0000727 seconds
[2019-06-24T09:22:43.184+0000][1][safepoint    ] Entering safepoint region: RevokeBias
[2019-06-24T09:22:43.184+0000][1][safepoint    ] Leaving safepoint region
[2019-06-24T09:22:43.184+0000][1][safepoint    ] Total time for which application threads were stopped: 0.0000714 seconds, Stopping threads took: 0.0000283 seconds
[2019-06-24T09:22:43.185+0000][1][safepoint    ] Application time: 0.0001425 seconds
[2019-06-24T09:22:43.185+0000][1][safepoint    ] Entering safepoint region: RevokeBias
[2019-06-24T09:22:43.185+0000][1][safepoint    ] Leaving safepoint region
[2019-06-24T09:22:43.185+0000][1][safepoint    ] Total time for which application threads were stopped: 0.0000829 seconds, Stopping threads took: 0.0000319 seconds
[2019-06-24T09:22:43.185+0000][1][safepoint    ] Application time: 0.0000499 seconds
[2019-06-24T09:22:43.185+0000][1][safepoint    ] Entering safepoint region: RevokeBias
[2019-06-24T09:22:43.185+0000][1][safepoint    ] Leaving safepoint region
[2019-06-24T09:22:43.185+0000][1][safepoint    ] Total time for which application threads were stopped: 0.0000793 seconds, Stopping threads took: 0.0000402 seconds
[2019-06-24T09:22:43.185+0000][1][safepoint    ] Application time: 0.0000506 seconds
[2019-06-24T09:22:43.185+0000][1][safepoint    ] Entering safepoint region: RevokeBias
[2019-06-24T09:22:43.185+0000][1][safepoint    ] Leaving safepoint region
[2019-06-24T09:22:43.185+0000][1][safepoint    ] Total time for which application threads were stopped: 0.0000546 seconds, Stopping threads took: 0.0000212 seconds
[2019-06-24T09:22:43.185+0000][1][safepoint    ] Application time: 0.0000362 seconds
[2019-06-24T09:22:43.185+0000][1][safepoint    ] Entering safepoint region: RevokeBias
[2019-06-24T09:22:43.185+0000][1][safepoint    ] Leaving safepoint region
[2019-06-24T09:22:43.185+0000][1][safepoint    ] Total time for which application threads were stopped: 0.0001535 seconds, Stopping threads took: 0.0001253 seconds
[2019-06-24T09:22:43.185+0000][1][safepoint    ] Application time: 0.0001688 seconds
[2019-06-24T09:22:43.185+0000][1][safepoint    ] Entering safepoint region: RevokeBias
[2019-06-24T09:22:43.185+0000][1][safepoint    ] Leaving safepoint region
[2019-06-24T09:22:43.185+0000][1][safepoint    ] Total time for which application threads were stopped: 0.0000743 seconds, Stopping threads took: 0.0000468 seconds
[2019-06-24T09:22:43.186+0000][1][safepoint    ] Application time: 0.0000934 seconds
[2019-06-24T09:22:43.186+0000][1][safepoint    ] Entering safepoint region: RevokeBias
[2019-06-24T09:22:43.186+0000][1][safepoint    ] Leaving safepoint region
[2019-06-24T09:22:43.186+0000][1][safepoint    ] Total time for which application threads were stopped: 0.0001118 seconds, Stopping threads took: 0.0000775 seconds
[2019-06-24T09:22:43.186+0000][1][safepoint    ] Application time: 0.0000411 seconds
[2019-06-24T09:22:43.186+0000][1][safepoint    ] Entering safepoint region: RevokeBias
[2019-06-24T09:22:43.186+0000][1][safepoint    ] Leaving safepoint region
[2019-06-24T09:22:43.186+0000][1][safepoint    ] Total time for which application threads were stopped: 0.0000646 seconds, Stopping threads took: 0.0000377 seconds
[2019-06-24T09:22:43.186+0000][1][safepoint    ] Application time: 0.0000452 seconds
[2019-06-24T09:22:43.186+0000][1][safepoint    ] Entering safepoint region: RevokeBias
[2019-06-24T09:22:43.186+0000][1][safepoint    ] Leaving safepoint region
[2019-06-24T09:22:43.186+0000][1][safepoint    ] Total time for which application threads were stopped: 0.0000752 seconds, Stopping threads took: 0.0000370 seconds
[2019-06-24T09:22:43.186+0000][1][safepoint    ] Application time: 0.0000379 seconds
[2019-06-24T09:22:43.186+0000][1][safepoint    ] Entering safepoint region: RevokeBias
[2019-06-24T09:22:43.186+0000][1][safepoint    ] Leaving safepoint region
[2019-06-24T09:22:43.186+0000][1][safepoint    ] Total time for which application threads were stopped: 0.0000584 seconds, Stopping threads took: 0.0000272 seconds
[2019-06-24T09:22:43.186+0000][1][safepoint    ] Application time: 0.0002206 seconds
[2019-06-24T09:22:43.186+0000][1][safepoint    ] Entering safepoint region: RevokeBias
[2019-06-24T09:22:43.186+0000][1][safepoint    ] Leaving safepoint region
[2019-06-24T09:22:43.186+0000][1][safepoint    ] Total time for which application threads were stopped: 0.0000798 seconds, Stopping threads took: 0.0000437 seconds
[2019-06-24T09:22:43.186+0000][1][safepoint    ] Application time: 0.0000450 seconds
[2019-06-24T09:22:43.186+0000][1][safepoint    ] Entering safepoint region: RevokeBias
[2019-06-24T09:22:43.186+0000][1][safepoint    ] Leaving safepoint region
[2019-06-24T09:22:43.186+0000][1][safepoint    ] Total time for which application threads were stopped: 0.0000849 seconds, Stopping threads took: 0.0000229 seconds
[2019-06-24T09:22:43.187+0000][1][safepoint    ] Application time: 0.0001064 seconds
[2019-06-24T09:22:43.187+0000][1][safepoint    ] Entering safepoint region: RevokeBias
[2019-06-24T09:22:43.187+0000][1][safepoint    ] Leaving safepoint region
[2019-06-24T09:22:43.187+0000][1][safepoint    ] Total time for which application threads were stopped: 0.0000606 seconds, Stopping threads took: 0.0000242 seconds
[2019-06-24T09:22:43.187+0000][1][safepoint    ] Application time: 0.0000392 seconds
[2019-06-24T09:22:43.187+0000][1][safepoint    ] Entering safepoint region: RevokeBias
[2019-06-24T09:22:43.187+0000][1][safepoint    ] Leaving safepoint region
[2019-06-24T09:22:43.187+0000][1][safepoint    ] Total time for which application threads were stopped: 0.0000329 seconds, Stopping threads took: 0.0000103 seconds
[2019-06-24T09:22:43.187+0000][1][safepoint    ] Application time: 0.0000413 seconds
[2019-06-24T09:22:43.187+0000][1][safepoint    ] Entering safepoint region: RevokeBias
[2019-06-24T09:22:43.187+0000][1][safepoint    ] Leaving safepoint region
[2019-06-24T09:22:43.187+0000][1][safepoint    ] Total time for which application threads were stopped: 0.0000290 seconds, Stopping threads took: 0.0000068 seconds
[2019-06-24T09:22:43.187+0000][1][safepoint    ] Application time: 0.0000341 seconds
[2019-06-24T09:22:43.187+0000][1][safepoint    ] Entering safepoint region: RevokeBias
[2019-06-24T09:22:43.187+0000][1][safepoint    ] Leaving safepoint region
[2019-06-24T09:22:43.187+0000][1][safepoint    ] Total time for which application threads were stopped: 0.0000679 seconds, Stopping threads took: 0.0000375 seconds
[2019-06-24T09:22:43.187+0000][1][safepoint    ] Application time: 0.0000375 seconds
[2019-06-24T09:22:43.187+0000][1][safepoint    ] Entering safepoint region: RevokeBias
[2019-06-24T09:22:43.187+0000][1][safepoint    ] Leaving safepoint region
[2019-06-24T09:22:43.187+0000][1][safepoint    ] Total time for which application threads were stopped: 0.0000671 seconds, Stopping threads took: 0.0000311 seconds
[2019-06-24T09:22:43.187+0000][1][safepoint    ] Application time: 0.0000331 seconds
[2019-06-24T09:22:43.187+0000][1][safepoint    ] Entering safepoint region: RevokeBias
[2019-06-24T09:22:43.187+0000][1][safepoint    ] Leaving safepoint region
[2019-06-24T09:22:43.187+0000][1][safepoint    ] Total time for which application threads were stopped: 0.0000561 seconds, Stopping threads took: 0.0000225 seconds
[2019-06-24T09:22:43.187+0000][1][safepoint    ] Application time: 0.0000481 seconds
[2019-06-24T09:22:43.187+0000][1][safepoint    ] Entering safepoint region: RevokeBias
[2019-06-24T09:22:43.187+0000][1][safepoint    ] Leaving safepoint region
[2019-06-24T09:22:43.187+0000][1][safepoint    ] Total time for which application threads were stopped: 0.0000690 seconds, Stopping threads took: 0.0000420 seconds
[2019-06-24T09:22:43.187+0000][1][safepoint    ] Application time: 0.0000325 seconds
[2019-06-24T09:22:43.187+0000][1][safepoint    ] Entering safepoint region: RevokeBias
[2019-06-24T09:22:43.187+0000][1][safepoint    ] Leaving safepoint region
[2019-06-24T09:22:43.187+0000][1][safepoint    ] Total time for which application threads were stopped: 0.0000590 seconds, Stopping threads took: 0.0000306 seconds
[2019-06-24T09:22:43.187+0000][1][safepoint    ] Application time: 0.0000474 seconds
[2019-06-24T09:22:43.188+0000][1][safepoint    ] Entering safepoint region: RevokeBias
[2019-06-24T09:22:43.188+0000][1][safepoint    ] Leaving safepoint region
[2019-06-24T09:22:43.188+0000][1][safepoint    ] Total time for which application threads were stopped: 0.0000398 seconds, Stopping threads took: 0.0000227 seconds
[2019-06-24T09:22:43.188+0000][1][safepoint    ] Application time: 0.0000333 seconds
[2019-06-24T09:22:43.188+0000][1][safepoint    ] Entering safepoint region: RevokeBias
[2019-06-24T09:22:43.188+0000][1][safepoint    ] Leaving safepoint region
[2019-06-24T09:22:43.188+0000][1][safepoint    ] Total time for which application threads were stopped: 0.0000380 seconds, Stopping threads took: 0.0000228 seconds
[2019-06-24T09:22:43.188+0000][1][safepoint    ] Application time: 0.0000465 seconds
[2019-06-24T09:22:43.188+0000][1][safepoint    ] Entering safepoint region: RevokeBias
[2019-06-24T09:22:43.188+0000][1][safepoint    ] Leaving safepoint region
[2019-06-24T09:22:43.188+0000][1][safepoint    ] Total time for which application threads were stopped: 0.0000544 seconds, Stopping threads took: 0.0000285 seconds
[2019-06-24T09:22:43.188+0000][1][safepoint    ] Application time: 0.0000332 seconds
[2019-06-24T09:22:43.188+0000][1][safepoint    ] Entering safepoint region: RevokeBias
[2019-06-24T09:22:43.188+0000][1][safepoint    ] Leaving safepoint region
[2019-06-24T09:22:43.188+0000][1][safepoint    ] Total time for which application threads were stopped: 0.0000721 seconds, Stopping threads took: 0.0000419 seconds
[2019-06-24T09:22:43.188+0000][1][safepoint    ] Application time: 0.0002046 seconds
[2019-06-24T09:22:43.188+0000][1][safepoint    ] Entering safepoint region: RevokeBias
[2019-06-24T09:22:43.188+0000][1][safepoint    ] Leaving safepoint region
[2019-06-24T09:22:43.188+0000][1][safepoint    ] Total time for which application threads were stopped: 0.0000692 seconds, Stopping threads took: 0.0000426 seconds
[2019-06-24T09:22:43.188+0000][1][safepoint    ] Application time: 0.0000327 seconds
[2019-06-24T09:22:43.188+0000][1][safepoint    ] Entering safepoint region: RevokeBias
[2019-06-24T09:22:43.188+0000][1][safepoint    ] Leaving safepoint region
[2019-06-24T09:22:43.188+0000][1][safepoint    ] Total time for which application threads were stopped: 0.0000438 seconds, Stopping threads took: 0.0000227 seconds
[2019-06-24T09:22:43.397+0000][1][safepoint    ] Application time: 0.2086854 seconds
[2019-06-24T09:22:43.397+0000][1][safepoint    ] Entering safepoint region: Deoptimize
[2019-06-24T09:22:43.397+0000][1][safepoint    ] Leaving safepoint region
[2019-06-24T09:22:43.397+0000][1][safepoint    ] Total time for which application threads were stopped: 0.0003174 seconds, Stopping threads took: 0.0000192 seconds
[2019-06-24T09:22:43.493+0000][1][safepoint    ] Application time: 0.0959089 seconds
[2019-06-24T09:22:43.493+0000][1][safepoint    ] Entering safepoint region: RevokeBias
[2019-06-24T09:22:43.493+0000][1][safepoint    ] Leaving safepoint region
[2019-06-24T09:22:43.493+0000][1][safepoint    ] Total time for which application threads were stopped: 0.0001292 seconds, Stopping threads took: 0.0000125 seconds
[2019-06-24T09:22:43.646+0000][1][safepoint    ] Application time: 0.1529525 seconds
[2019-06-24T09:22:43.646+0000][1][safepoint    ] Entering safepoint region: GenCollectForAllocation
[2019-06-24T09:22:43.646+0000][1][gc,start     ] GC(1) Pause Young (Allocation Failure)
[2019-06-24T09:22:43.646+0000][1][gc,task      ] GC(1) Using 5 workers of 8 for evacuation
[2019-06-24T09:22:43.660+0000][1][gc,age       ] GC(1) Desired survivor size 4456448 bytes, new threshold 6 (max threshold 6)
[2019-06-24T09:22:43.660+0000][1][gc,age       ] GC(1) Age table with threshold 6 (max threshold 6)
[2019-06-24T09:22:43.660+0000][1][gc,age       ] GC(1) - age   1:    2197192 bytes,    2197192 total
[2019-06-24T09:22:43.660+0000][1][gc,heap      ] GC(1) ParNew: 77842K->5220K(78656K)
[2019-06-24T09:22:43.660+0000][1][gc,heap      ] GC(1) CMS: 0K->6636K(174784K)
[2019-06-24T09:22:43.660+0000][1][gc,metaspace ] GC(1) Metaspace: 14690K->14690K(1062912K)
[2019-06-24T09:22:43.660+0000][1][gc           ] GC(1) Pause Young (Allocation Failure) 76M->11M(247M) 14.021ms
[2019-06-24T09:22:43.660+0000][1][gc,cpu       ] GC(1) User=0.10s Sys=0.00s Real=0.01s
[2019-06-24T09:22:43.660+0000][1][safepoint    ] Leaving safepoint region
[2019-06-24T09:22:43.661+0000][1][safepoint    ] Total time for which application threads were stopped: 0.0141583 seconds, Stopping threads took: 0.0000136 seconds
[2019-06-24T09:22:43.661+0000][1][safepoint    ] Application time: 0.0003228 seconds
[2019-06-24T09:22:43.661+0000][1][safepoint    ] Entering safepoint region: RevokeBias
[2019-06-24T09:22:43.661+0000][1][safepoint    ] Leaving safepoint region
[2019-06-24T09:22:43.661+0000][1][safepoint    ] Total time for which application threads were stopped: 0.0001270 seconds, Stopping threads took: 0.0000740 seconds
[2019-06-24T09:22:43.661+0000][1][safepoint    ] Application time: 0.0000368 seconds
[2019-06-24T09:22:43.661+0000][1][safepoint    ] Entering safepoint region: BulkRevokeBias
[2019-06-24T09:22:43.661+0000][1][safepoint    ] Leaving safepoint region
[2019-06-24T09:22:43.661+0000][1][safepoint    ] Total time for which application threads were stopped: 0.0001063 seconds, Stopping threads took: 0.0000094 seconds
[2019-06-24T09:22:43.661+0000][1][safepoint    ] Application time: 0.0000592 seconds
[2019-06-24T09:22:43.661+0000][1][safepoint    ] Entering safepoint region: RevokeBias
[2019-06-24T09:22:43.661+0000][1][safepoint    ] Leaving safepoint region
[2019-06-24T09:22:43.661+0000][1][safepoint    ] Total time for which application threads were stopped: 0.0000476 seconds, Stopping threads took: 0.0000098 seconds
[2019-06-24T09:22:43.661+0000][1][safepoint    ] Application time: 0.0000425 seconds
[2019-06-24T09:22:43.661+0000][1][safepoint    ] Entering safepoint region: RevokeBias
[2019-06-24T09:22:43.661+0000][1][safepoint    ] Leaving safepoint region
[2019-06-24T09:22:43.661+0000][1][safepoint    ] Total time for which application threads were stopped: 0.0000493 seconds, Stopping threads took: 0.0000096 seconds
[2019-06-24T09:22:43.661+0000][1][safepoint    ] Application time: 0.0000455 seconds
[2019-06-24T09:22:43.661+0000][1][safepoint    ] Entering safepoint region: RevokeBias
[2019-06-24T09:22:43.661+0000][1][safepoint    ] Leaving safepoint region
[2019-06-24T09:22:43.662+0000][1][safepoint    ] Total time for which application threads were stopped: 0.0000458 seconds, Stopping threads took: 0.0000091 seconds
[2019-06-24T09:22:43.662+0000][1][safepoint    ] Application time: 0.0000425 seconds
[2019-06-24T09:22:43.662+0000][1][safepoint    ] Entering safepoint region: RevokeBias
[2019-06-24T09:22:43.662+0000][1][safepoint    ] Leaving safepoint region
[2019-06-24T09:22:43.662+0000][1][safepoint    ] Total time for which application threads were stopped: 0.0000459 seconds, Stopping threads took: 0.0000094 seconds
[2019-06-24T09:22:43.662+0000][1][safepoint    ] Application time: 0.0000462 seconds
[2019-06-24T09:22:43.662+0000][1][safepoint    ] Entering safepoint region: RevokeBias
[2019-06-24T09:22:43.662+0000][1][safepoint    ] Leaving safepoint region
[2019-06-24T09:22:43.662+0000][1][safepoint    ] Total time for which application threads were stopped: 0.0000452 seconds, Stopping threads took: 0.0000091 seconds
[2019-06-24T09:22:43.662+0000][1][safepoint    ] Application time: 0.0000405 seconds
[2019-06-24T09:22:43.662+0000][1][safepoint    ] Entering safepoint region: RevokeBias
[2019-06-24T09:22:43.662+0000][1][safepoint    ] Leaving safepoint region
[2019-06-24T09:22:43.662+0000][1][safepoint    ] Total time for which application threads were stopped: 0.0000466 seconds, Stopping threads took: 0.0000090 seconds
[2019-06-24T09:22:43.662+0000][1][safepoint    ] Application time: 0.0000435 seconds
[2019-06-24T09:22:43.662+0000][1][safepoint    ] Entering safepoint region: RevokeBias
[2019-06-24T09:22:43.662+0000][1][safepoint    ] Leaving safepoint region
[2019-06-24T09:22:43.662+0000][1][safepoint    ] Total time for which application threads were stopped: 0.0000846 seconds, Stopping threads took: 0.0000498 seconds
[2019-06-24T09:22:43.662+0000][1][safepoint    ] Application time: 0.0000405 seconds
[2019-06-24T09:22:43.662+0000][1][safepoint    ] Entering safepoint region: RevokeBias
[2019-06-24T09:22:43.662+0000][1][safepoint    ] Leaving safepoint region
[2019-06-24T09:22:43.662+0000][1][safepoint    ] Total time for which application threads were stopped: 0.0000840 seconds, Stopping threads took: 0.0000430 seconds
[2019-06-24T09:22:43.662+0000][1][safepoint    ] Application time: 0.0000582 seconds
[2019-06-24T09:22:43.662+0000][1][safepoint    ] Entering safepoint region: BulkRevokeBias
[2019-06-24T09:22:43.662+0000][1][safepoint    ] Leaving safepoint region
[2019-06-24T09:22:43.662+0000][1][safepoint    ] Total time for which application threads were stopped: 0.0000882 seconds, Stopping threads took: 0.0000265 seconds
[2019-06-24T09:22:43.662+0000][1][safepoint    ] Application time: 0.0000464 seconds
[2019-06-24T09:22:43.662+0000][1][safepoint    ] Entering safepoint region: RevokeBias
[2019-06-24T09:22:43.662+0000][1][safepoint    ] Leaving safepoint region
[2019-06-24T09:22:43.662+0000][1][safepoint    ] Total time for which application threads were stopped: 0.0000826 seconds, Stopping threads took: 0.0000420 seconds
[2019-06-24T09:22:43.663+0000][1][safepoint    ] Application time: 0.0000865 seconds
[2019-06-24T09:22:43.663+0000][1][safepoint    ] Entering safepoint region: BulkRevokeBias
[2019-06-24T09:22:43.663+0000][1][safepoint    ] Leaving safepoint region
[2019-06-24T09:22:43.663+0000][1][safepoint    ] Total time for which application threads were stopped: 0.0000856 seconds, Stopping threads took: 0.0000275 seconds
[2019-06-24T09:22:43.775+0000][1][safepoint    ] Application time: 0.1119403 seconds
[2019-06-24T09:22:43.775+0000][1][safepoint    ] Entering safepoint region: GenCollectForAllocation
[2019-06-24T09:22:43.775+0000][1][gc,start     ] GC(2) Pause Young (Allocation Failure)
[2019-06-24T09:22:43.775+0000][1][gc,task      ] GC(2) Using 5 workers of 8 for evacuation
[2019-06-24T09:22:43.778+0000][1][gc,age       ] GC(2) Desired survivor size 4456448 bytes, new threshold 6 (max threshold 6)
[2019-06-24T09:22:43.778+0000][1][gc,age       ] GC(2) Age table with threshold 6 (max threshold 6)
[2019-06-24T09:22:43.778+0000][1][gc,age       ] GC(2) - age   1:    2772032 bytes,    2772032 total
[2019-06-24T09:22:43.778+0000][1][gc,age       ] GC(2) - age   2:    1208376 bytes,    3980408 total
[2019-06-24T09:22:43.778+0000][1][gc,heap      ] GC(2) ParNew: 75172K->4219K(78656K)
[2019-06-24T09:22:43.778+0000][1][gc,heap      ] GC(2) CMS: 6636K->6636K(174784K)
[2019-06-24T09:22:43.778+0000][1][gc,metaspace ] GC(2) Metaspace: 14828K->14828K(1062912K)
[2019-06-24T09:22:43.778+0000][1][gc           ] GC(2) Pause Young (Allocation Failure) 79M->10M(247M) 3.403ms
[2019-06-24T09:22:43.778+0000][1][gc,cpu       ] GC(2) User=0.02s Sys=0.00s Real=0.00s
[2019-06-24T09:22:43.778+0000][1][safepoint    ] Leaving safepoint region
[2019-06-24T09:22:43.778+0000][1][safepoint    ] Total time for which application threads were stopped: 0.0036068 seconds, Stopping threads took: 0.0000359 seconds
[2019-06-24T09:22:43.778+0000][1][safepoint    ] Application time: 0.0001166 seconds
[2019-06-24T09:22:43.778+0000][1][safepoint    ] Entering safepoint region: RevokeBias
[2019-06-24T09:22:43.779+0000][1][safepoint    ] Leaving safepoint region
[2019-06-24T09:22:43.779+0000][1][safepoint    ] Total time for which application threads were stopped: 0.0001535 seconds, Stopping threads took: 0.0000550 seconds
[2019-06-24T09:22:43.779+0000][1][safepoint    ] Application time: 0.0001007 seconds
[2019-06-24T09:22:43.779+0000][1][safepoint    ] Entering safepoint region: RevokeBias
[2019-06-24T09:22:43.779+0000][1][safepoint    ] Leaving safepoint region
[2019-06-24T09:22:43.779+0000][1][safepoint    ] Total time for which application threads were stopped: 0.0000664 seconds, Stopping threads took: 0.0000298 seconds
[2019-06-24T09:22:43.779+0000][1][safepoint    ] Application time: 0.0001187 seconds
[2019-06-24T09:22:43.779+0000][1][safepoint    ] Entering safepoint region: RevokeBias
[2019-06-24T09:22:43.779+0000][1][safepoint    ] Leaving safepoint region
[2019-06-24T09:22:43.779+0000][1][safepoint    ] Total time for which application threads were stopped: 0.0001280 seconds, Stopping threads took: 0.0000879 seconds
[2019-06-24T09:22:43.779+0000][1][safepoint    ] Application time: 0.0001012 seconds
[2019-06-24T09:22:43.779+0000][1][safepoint    ] Entering safepoint region: RevokeBias
[2019-06-24T09:22:43.779+0000][1][safepoint    ] Leaving safepoint region
[2019-06-24T09:22:43.779+0000][1][safepoint    ] Total time for which application threads were stopped: 0.0001226 seconds, Stopping threads took: 0.0000568 seconds
[2019-06-24T09:22:43.779+0000][1][safepoint    ] Application time: 0.0001096 seconds
[2019-06-24T09:22:43.779+0000][1][safepoint    ] Entering safepoint region: RevokeBias
[2019-06-24T09:22:43.779+0000][1][safepoint    ] Leaving safepoint region
[2019-06-24T09:22:43.779+0000][1][safepoint    ] Total time for which application threads were stopped: 0.0001277 seconds, Stopping threads took: 0.0000629 seconds
[2019-06-24T09:22:43.780+0000][1][safepoint    ] Application time: 0.0000901 seconds
[2019-06-24T09:22:43.780+0000][1][safepoint    ] Entering safepoint region: RevokeBias
[2019-06-24T09:22:43.780+0000][1][safepoint    ] Leaving safepoint region
[2019-06-24T09:22:43.780+0000][1][safepoint    ] Total time for which application threads were stopped: 0.0000817 seconds, Stopping threads took: 0.0000263 seconds
[2019-06-24T09:22:43.891+0000][1][safepoint    ] Application time: 0.1113725 seconds
[2019-06-24T09:22:43.891+0000][1][safepoint    ] Entering safepoint region: Deoptimize
[2019-06-24T09:22:43.891+0000][1][safepoint    ] Leaving safepoint region
[2019-06-24T09:22:43.891+0000][1][safepoint    ] Total time for which application threads were stopped: 0.0002992 seconds, Stopping threads took: 0.0000119 seconds
[2019-06-24T09:22:43.892+0000][1][safepoint    ] Application time: 0.0004698 seconds
[2019-06-24T09:22:43.892+0000][1][safepoint    ] Entering safepoint region: Deoptimize
[2019-06-24T09:22:43.892+0000][1][safepoint    ] Leaving safepoint region
[2019-06-24T09:22:43.892+0000][1][safepoint    ] Total time for which application threads were stopped: 0.0002194 seconds, Stopping threads took: 0.0000098 seconds
[2019-06-24T09:22:44.041+0000][1][safepoint    ] Application time: 0.1486395 seconds
[2019-06-24T09:22:44.041+0000][1][safepoint    ] Entering safepoint region: RevokeBias
[2019-06-24T09:22:44.041+0000][1][safepoint    ] Leaving safepoint region
[2019-06-24T09:22:44.041+0000][1][safepoint    ] Total time for which application threads were stopped: 0.0001472 seconds, Stopping threads took: 0.0000149 seconds
[2019-06-24T09:22:44.067+0000][1][safepoint    ] Application time: 0.0261952 seconds
[2019-06-24T09:22:44.067+0000][1][safepoint    ] Entering safepoint region: GenCollectForAllocation
[2019-06-24T09:22:44.067+0000][1][gc,start     ] GC(3) Pause Young (Allocation Failure)
[2019-06-24T09:22:44.067+0000][1][gc,task      ] GC(3) Using 5 workers of 8 for evacuation
[2019-06-24T09:22:44.070+0000][1][gc,age       ] GC(3) Desired survivor size 4456448 bytes, new threshold 3 (max threshold 6)
[2019-06-24T09:22:44.070+0000][1][gc,age       ] GC(3) Age table with threshold 3 (max threshold 6)
[2019-06-24T09:22:44.070+0000][1][gc,age       ] GC(3) - age   1:    3888256 bytes,    3888256 total
[2019-06-24T09:22:44.070+0000][1][gc,age       ] GC(3) - age   2:     294416 bytes,    4182672 total
[2019-06-24T09:22:44.070+0000][1][gc,age       ] GC(3) - age   3:    1204968 bytes,    5387640 total
[2019-06-24T09:22:44.070+0000][1][gc,heap      ] GC(3) ParNew: 74171K->6490K(78656K)
[2019-06-24T09:22:44.070+0000][1][gc,heap      ] GC(3) CMS: 6636K->6636K(174784K)
[2019-06-24T09:22:44.070+0000][1][gc,metaspace ] GC(3) Metaspace: 18265K->18265K(1067008K)
[2019-06-24T09:22:44.070+0000][1][gc           ] GC(3) Pause Young (Allocation Failure) 78M->12M(247M) 3.195ms
[2019-06-24T09:22:44.070+0000][1][gc,cpu       ] GC(3) User=0.02s Sys=0.00s Real=0.00s
[2019-06-24T09:22:44.070+0000][1][safepoint    ] Leaving safepoint region
[2019-06-24T09:22:44.070+0000][1][safepoint    ] Total time for which application threads were stopped: 0.0033101 seconds, Stopping threads took: 0.0000112 seconds
[2019-06-24T09:22:44.071+0000][1][safepoint    ] Application time: 0.0002132 seconds
[2019-06-24T09:22:44.071+0000][1][safepoint    ] Entering safepoint region: RevokeBias
[2019-06-24T09:22:44.071+0000][1][safepoint    ] Leaving safepoint region
[2019-06-24T09:22:44.071+0000][1][safepoint    ] Total time for which application threads were stopped: 0.0001493 seconds, Stopping threads took: 0.0000564 seconds
[2019-06-24T09:22:44.071+0000][1][safepoint    ] Application time: 0.0000457 seconds
[2019-06-24T09:22:44.071+0000][1][safepoint    ] Entering safepoint region: RevokeBias
[2019-06-24T09:22:44.071+0000][1][safepoint    ] Leaving safepoint region
[2019-06-24T09:22:44.071+0000][1][safepoint    ] Total time for which application threads were stopped: 0.0000638 seconds, Stopping threads took: 0.0000226 seconds
[2019-06-24T09:22:44.071+0000][1][safepoint    ] Application time: 0.0002002 seconds
[2019-06-24T09:22:44.071+0000][1][safepoint    ] Entering safepoint region: RevokeBias
[2019-06-24T09:22:44.071+0000][1][safepoint    ] Leaving safepoint region
[2019-06-24T09:22:44.071+0000][1][safepoint    ] Total time for which application threads were stopped: 0.0000688 seconds, Stopping threads took: 0.0000275 seconds
[2019-06-24T09:22:44.071+0000][1][safepoint    ] Application time: 0.0001201 seconds
[2019-06-24T09:22:44.072+0000][1][safepoint    ] Entering safepoint region: RevokeBias
[2019-06-24T09:22:44.072+0000][1][safepoint    ] Leaving safepoint region
[2019-06-24T09:22:44.072+0000][1][safepoint    ] Total time for which application threads were stopped: 0.0002204 seconds, Stopping threads took: 0.0001835 seconds
[2019-06-24T09:22:44.072+0000][1][safepoint    ] Application time: 0.0000996 seconds
[2019-06-24T09:22:44.072+0000][1][safepoint    ] Entering safepoint region: RevokeBias
[2019-06-24T09:22:44.072+0000][1][safepoint    ] Leaving safepoint region
[2019-06-24T09:22:44.072+0000][1][safepoint    ] Total time for which application threads were stopped: 0.0001082 seconds, Stopping threads took: 0.0000716 seconds
[2019-06-24T09:22:44.072+0000][1][safepoint    ] Application time: 0.0001428 seconds
[2019-06-24T09:22:44.072+0000][1][safepoint    ] Entering safepoint region: RevokeBias
[2019-06-24T09:22:44.072+0000][1][safepoint    ] Leaving safepoint region
[2019-06-24T09:22:44.072+0000][1][safepoint    ] Total time for which application threads were stopped: 0.0001457 seconds, Stopping threads took: 0.0000978 seconds
[2019-06-24T09:22:44.072+0000][1][safepoint    ] Application time: 0.0000692 seconds
[2019-06-24T09:22:44.072+0000][1][safepoint    ] Entering safepoint region: RevokeBias
[2019-06-24T09:22:44.072+0000][1][safepoint    ] Leaving safepoint region
[2019-06-24T09:22:44.072+0000][1][safepoint    ] Total time for which application threads were stopped: 0.0000444 seconds, Stopping threads took: 0.0000193 seconds
[2019-06-24T09:22:44.072+0000][1][safepoint    ] Application time: 0.0000945 seconds
[2019-06-24T09:22:44.072+0000][1][safepoint    ] Entering safepoint region: RevokeBias
[2019-06-24T09:22:44.072+0000][1][safepoint    ] Leaving safepoint region
[2019-06-24T09:22:44.072+0000][1][safepoint    ] Total time for which application threads were stopped: 0.0000555 seconds, Stopping threads took: 0.0000291 seconds
[2019-06-24T09:22:44.073+0000][1][safepoint    ] Application time: 0.0000329 seconds
[2019-06-24T09:22:44.073+0000][1][safepoint    ] Entering safepoint region: RevokeBias
[2019-06-24T09:22:44.073+0000][1][safepoint    ] Leaving safepoint region
[2019-06-24T09:22:44.073+0000][1][safepoint    ] Total time for which application threads were stopped: 0.0000282 seconds, Stopping threads took: 0.0000061 seconds
[2019-06-24T09:22:44.073+0000][1][safepoint    ] Application time: 0.0000449 seconds
[2019-06-24T09:22:44.073+0000][1][safepoint    ] Entering safepoint region: RevokeBias
[2019-06-24T09:22:44.073+0000][1][safepoint    ] Leaving safepoint region
[2019-06-24T09:22:44.073+0000][1][safepoint    ] Total time for which application threads were stopped: 0.0001092 seconds, Stopping threads took: 0.0000832 seconds
[2019-06-24T09:22:44.073+0000][1][safepoint    ] Application time: 0.0000646 seconds
[2019-06-24T09:22:44.073+0000][1][safepoint    ] Entering safepoint region: RevokeBias
[2019-06-24T09:22:44.073+0000][1][safepoint    ] Leaving safepoint region
[2019-06-24T09:22:44.073+0000][1][safepoint    ] Total time for which application threads were stopped: 0.0000302 seconds, Stopping threads took: 0.0000060 seconds
[2019-06-24T09:22:44.073+0000][1][safepoint    ] Application time: 0.0000921 seconds
[2019-06-24T09:22:44.073+0000][1][safepoint    ] Entering safepoint region: RevokeBias
[2019-06-24T09:22:44.073+0000][1][safepoint    ] Leaving safepoint region
[2019-06-24T09:22:44.073+0000][1][safepoint    ] Total time for which application threads were stopped: 0.0000677 seconds, Stopping threads took: 0.0000398 seconds
[2019-06-24T09:22:44.073+0000][1][safepoint    ] Application time: 0.0000966 seconds
[2019-06-24T09:22:44.073+0000][1][safepoint    ] Entering safepoint region: RevokeBias
[2019-06-24T09:22:44.073+0000][1][safepoint    ] Leaving safepoint region
[2019-06-24T09:22:44.073+0000][1][safepoint    ] Total time for which application threads were stopped: 0.0000557 seconds, Stopping threads took: 0.0000321 seconds
[2019-06-24T09:22:44.073+0000][1][safepoint    ] Application time: 0.0000515 seconds
[2019-06-24T09:22:44.073+0000][1][safepoint    ] Entering safepoint region: RevokeBias
[2019-06-24T09:22:44.073+0000][1][safepoint    ] Leaving safepoint region
[2019-06-24T09:22:44.073+0000][1][safepoint    ] Total time for which application threads were stopped: 0.0000575 seconds, Stopping threads took: 0.0000333 seconds
[2019-06-24T09:22:44.073+0000][1][safepoint    ] Application time: 0.0000323 seconds
[2019-06-24T09:22:44.073+0000][1][safepoint    ] Entering safepoint region: RevokeBias
[2019-06-24T09:22:44.073+0000][1][safepoint    ] Leaving safepoint region
[2019-06-24T09:22:44.073+0000][1][safepoint    ] Total time for which application threads were stopped: 0.0000461 seconds, Stopping threads took: 0.0000216 seconds
[2019-06-24T09:22:44.074+0000][1][safepoint    ] Application time: 0.0002042 seconds
[2019-06-24T09:22:44.074+0000][1][safepoint    ] Entering safepoint region: RevokeBias
[2019-06-24T09:22:44.074+0000][1][safepoint    ] Leaving safepoint region
[2019-06-24T09:22:44.074+0000][1][safepoint    ] Total time for which application threads were stopped: 0.0000585 seconds, Stopping threads took: 0.0000249 seconds
[2019-06-24T09:22:44.074+0000][1][safepoint    ] Application time: 0.0000441 seconds
[2019-06-24T09:22:44.074+0000][1][safepoint    ] Entering safepoint region: RevokeBias
[2019-06-24T09:22:44.074+0000][1][safepoint    ] Leaving safepoint region
[2019-06-24T09:22:44.074+0000][1][safepoint    ] Total time for which application threads were stopped: 0.0000539 seconds, Stopping threads took: 0.0000221 seconds
[2019-06-24T09:22:44.074+0000][1][safepoint    ] Application time: 0.0000350 seconds
[2019-06-24T09:22:44.074+0000][1][safepoint    ] Entering safepoint region: RevokeBias
[2019-06-24T09:22:44.074+0000][1][safepoint    ] Leaving safepoint region
[2019-06-24T09:22:44.074+0000][1][safepoint    ] Total time for which application threads were stopped: 0.0000698 seconds, Stopping threads took: 0.0000420 seconds
[2019-06-24T09:22:44.074+0000][1][safepoint    ] Application time: 0.0000408 seconds
[2019-06-24T09:22:44.074+0000][1][safepoint    ] Entering safepoint region: RevokeBias
[2019-06-24T09:22:44.074+0000][1][safepoint    ] Leaving safepoint region
[2019-06-24T09:22:44.074+0000][1][safepoint    ] Total time for which application threads were stopped: 0.0000640 seconds, Stopping threads took: 0.0000367 seconds
[2019-06-24T09:22:44.074+0000][1][safepoint    ] Application time: 0.0000356 seconds
[2019-06-24T09:22:44.074+0000][1][safepoint    ] Entering safepoint region: RevokeBias
[2019-06-24T09:22:44.074+0000][1][safepoint    ] Leaving safepoint region
[2019-06-24T09:22:44.074+0000][1][safepoint    ] Total time for which application threads were stopped: 0.0000541 seconds, Stopping threads took: 0.0000222 seconds
[2019-06-24T09:22:44.074+0000][1][safepoint    ] Application time: 0.0001230 seconds
[2019-06-24T09:22:44.074+0000][1][safepoint    ] Entering safepoint region: RevokeBias
[2019-06-24T09:22:44.074+0000][1][safepoint    ] Leaving safepoint region
[2019-06-24T09:22:44.074+0000][1][safepoint    ] Total time for which application threads were stopped: 0.0000644 seconds, Stopping threads took: 0.0000310 seconds
[2019-06-24T09:22:44.074+0000][1][safepoint    ] Application time: 0.0000352 seconds
[2019-06-24T09:22:44.074+0000][1][safepoint    ] Entering safepoint region: RevokeBias
[2019-06-24T09:22:44.074+0000][1][safepoint    ] Leaving safepoint region
[2019-06-24T09:22:44.074+0000][1][safepoint    ] Total time for which application threads were stopped: 0.0000573 seconds, Stopping threads took: 0.0000297 seconds
[2019-06-24T09:22:44.151+0000][1][safepoint    ] Application time: 0.0761771 seconds
[2019-06-24T09:22:44.151+0000][1][safepoint    ] Entering safepoint region: GenCollectForAllocation
[2019-06-24T09:22:44.151+0000][1][gc,start     ] GC(4) Pause Young (Allocation Failure)
[2019-06-24T09:22:44.151+0000][1][gc,task      ] GC(4) Using 5 workers of 8 for evacuation
[2019-06-24T09:22:44.155+0000][1][gc,age       ] GC(4) Desired survivor size 4456448 bytes, new threshold 2 (max threshold 6)
[2019-06-24T09:22:44.155+0000][1][gc,age       ] GC(4) Age table with threshold 2 (max threshold 6)
[2019-06-24T09:22:44.155+0000][1][gc,age       ] GC(4) - age   1:    1853592 bytes,    1853592 total
[2019-06-24T09:22:44.155+0000][1][gc,age       ] GC(4) - age   2:    3328776 bytes,    5182368 total
[2019-06-24T09:22:44.155+0000][1][gc,age       ] GC(4) - age   3:     293888 bytes,    5476256 total
[2019-06-24T09:22:44.155+0000][1][gc,heap      ] GC(4) ParNew: 76442K->8368K(78656K)
[2019-06-24T09:22:44.156+0000][1][gc,heap      ] GC(4) CMS: 6636K->7836K(174784K)
[2019-06-24T09:22:44.156+0000][1][gc,metaspace ] GC(4) Metaspace: 18477K->18477K(1067008K)
[2019-06-24T09:22:44.156+0000][1][gc           ] GC(4) Pause Young (Allocation Failure) 81M->15M(247M) 4.770ms
[2019-06-24T09:22:44.156+0000][1][gc,cpu       ] GC(4) User=0.03s Sys=0.00s Real=0.01s
[2019-06-24T09:22:44.156+0000][1][safepoint    ] Leaving safepoint region
[2019-06-24T09:22:44.156+0000][1][safepoint    ] Total time for which application threads were stopped: 0.0049412 seconds, Stopping threads took: 0.0000181 seconds
[2019-06-24T09:22:44.156+0000][1][safepoint    ] Application time: 0.0001691 seconds
[2019-06-24T09:22:44.156+0000][1][safepoint    ] Entering safepoint region: RevokeBias
[2019-06-24T09:22:44.156+0000][1][safepoint    ] Leaving safepoint region
[2019-06-24T09:22:44.156+0000][1][safepoint    ] Total time for which application threads were stopped: 0.0001387 seconds, Stopping threads took: 0.0000570 seconds
[2019-06-24T09:22:44.156+0000][1][safepoint    ] Application time: 0.0000486 seconds
[2019-06-24T09:22:44.156+0000][1][safepoint    ] Entering safepoint region: RevokeBias
[2019-06-24T09:22:44.156+0000][1][safepoint    ] Leaving safepoint region
[2019-06-24T09:22:44.156+0000][1][safepoint    ] Total time for which application threads were stopped: 0.0000875 seconds, Stopping threads took: 0.0000394 seconds
[2019-06-24T09:22:44.156+0000][1][safepoint    ] Application time: 0.0000620 seconds
[2019-06-24T09:22:44.156+0000][1][safepoint    ] Entering safepoint region: RevokeBias
[2019-06-24T09:22:44.156+0000][1][safepoint    ] Leaving safepoint region
[2019-06-24T09:22:44.156+0000][1][safepoint    ] Total time for which application threads were stopped: 0.0000978 seconds, Stopping threads took: 0.0000313 seconds
[2019-06-24T09:22:44.156+0000][1][safepoint    ] Application time: 0.0000432 seconds
[2019-06-24T09:22:44.156+0000][1][safepoint    ] Entering safepoint region: RevokeBias
[2019-06-24T09:22:44.156+0000][1][safepoint    ] Leaving safepoint region
[2019-06-24T09:22:44.156+0000][1][safepoint    ] Total time for which application threads were stopped: 0.0000744 seconds, Stopping threads took: 0.0000268 seconds
[2019-06-24T09:22:44.172+0000][1][safepoint    ] Application time: 0.0154368 seconds
[2019-06-24T09:22:44.172+0000][1][safepoint    ] Entering safepoint region: Deoptimize
[2019-06-24T09:22:44.172+0000][1][safepoint    ] Leaving safepoint region
[2019-06-24T09:22:44.172+0000][1][safepoint    ] Total time for which application threads were stopped: 0.0003117 seconds, Stopping threads took: 0.0000150 seconds
[2019-06-24T09:22:44.206+0000][1][safepoint    ] Application time: 0.0334370 seconds
[2019-06-24T09:22:44.206+0000][1][safepoint    ] Entering safepoint region: Deoptimize
[2019-06-24T09:22:44.206+0000][1][safepoint    ] Leaving safepoint region
[2019-06-24T09:22:44.206+0000][1][safepoint    ] Total time for which application threads were stopped: 0.0003326 seconds, Stopping threads took: 0.0000158 seconds
[2019-06-24T09:22:44.280+0000][1][safepoint    ] Application time: 0.0737299 seconds
[2019-06-24T09:22:44.280+0000][1][safepoint    ] Entering safepoint region: GenCollectForAllocation
[2019-06-24T09:22:44.280+0000][1][gc,start     ] GC(5) Pause Young (Allocation Failure)
[2019-06-24T09:22:44.280+0000][1][gc,task      ] GC(5) Using 5 workers of 8 for evacuation
[2019-06-24T09:22:44.284+0000][1][gc,age       ] GC(5) Desired survivor size 4456448 bytes, new threshold 6 (max threshold 6)
[2019-06-24T09:22:44.284+0000][1][gc,age       ] GC(5) Age table with threshold 6 (max threshold 6)
[2019-06-24T09:22:44.284+0000][1][gc,age       ] GC(5) - age   1:    2910400 bytes,    2910400 total
[2019-06-24T09:22:44.284+0000][1][gc,age       ] GC(5) - age   2:     446000 bytes,    3356400 total
[2019-06-24T09:22:44.284+0000][1][gc,heap      ] GC(5) ParNew: 78320K->6087K(78656K)
[2019-06-24T09:22:44.285+0000][1][gc,heap      ] GC(5) CMS: 7836K->11406K(174784K)
[2019-06-24T09:22:44.285+0000][1][gc,metaspace ] GC(5) Metaspace: 18829K->18829K(1067008K)
[2019-06-24T09:22:44.285+0000][1][gc           ] GC(5) Pause Young (Allocation Failure) 84M->17M(247M) 4.595ms
[2019-06-24T09:22:44.285+0000][1][gc,cpu       ] GC(5) User=0.03s Sys=0.00s Real=0.01s
[2019-06-24T09:22:44.285+0000][1][safepoint    ] Leaving safepoint region
[2019-06-24T09:22:44.285+0000][1][safepoint    ] Total time for which application threads were stopped: 0.0047364 seconds, Stopping threads took: 0.0000188 seconds
[2019-06-24T09:22:44.285+0000][1][safepoint    ] Application time: 0.0003705 seconds
[2019-06-24T09:22:44.285+0000][1][safepoint    ] Entering safepoint region: RevokeBias
[2019-06-24T09:22:44.285+0000][1][safepoint    ] Leaving safepoint region
[2019-06-24T09:22:44.285+0000][1][safepoint    ] Total time for which application threads were stopped: 0.0001581 seconds, Stopping threads took: 0.0001086 seconds
[2019-06-24T09:22:44.285+0000][1][safepoint    ] Application time: 0.0000625 seconds
[2019-06-24T09:22:44.285+0000][1][safepoint    ] Entering safepoint region: RevokeBias
[2019-06-24T09:22:44.285+0000][1][safepoint    ] Leaving safepoint region
[2019-06-24T09:22:44.285+0000][1][safepoint    ] Total time for which application threads were stopped: 0.0000691 seconds, Stopping threads took: 0.0000288 seconds
[2019-06-24T09:22:44.285+0000][1][safepoint    ] Application time: 0.0001050 seconds
[2019-06-24T09:22:44.285+0000][1][safepoint    ] Entering safepoint region: RevokeBias
[2019-06-24T09:22:44.285+0000][1][safepoint    ] Leaving safepoint region
[2019-06-24T09:22:44.285+0000][1][safepoint    ] Total time for which application threads were stopped: 0.0000757 seconds, Stopping threads took: 0.0000344 seconds
[2019-06-24T09:22:44.286+0000][1][safepoint    ] Application time: 0.0000651 seconds
[2019-06-24T09:22:44.286+0000][1][safepoint    ] Entering safepoint region: RevokeBias
[2019-06-24T09:22:44.286+0000][1][safepoint    ] Leaving safepoint region
[2019-06-24T09:22:44.286+0000][1][safepoint    ] Total time for which application threads were stopped: 0.0000530 seconds, Stopping threads took: 0.0000104 seconds
[2019-06-24T09:22:44.286+0000][1][safepoint    ] Application time: 0.0000465 seconds
[2019-06-24T09:22:44.286+0000][1][safepoint    ] Entering safepoint region: RevokeBias
[2019-06-24T09:22:44.286+0000][1][safepoint    ] Leaving safepoint region
[2019-06-24T09:22:44.286+0000][1][safepoint    ] Total time for which application threads were stopped: 0.0000493 seconds, Stopping threads took: 0.0000097 seconds
[2019-06-24T09:22:44.286+0000][1][safepoint    ] Application time: 0.0000411 seconds
[2019-06-24T09:22:44.286+0000][1][safepoint    ] Entering safepoint region: RevokeBias
[2019-06-24T09:22:44.286+0000][1][safepoint    ] Leaving safepoint region
[2019-06-24T09:22:44.286+0000][1][safepoint    ] Total time for which application threads were stopped: 0.0000455 seconds, Stopping threads took: 0.0000096 seconds
[2019-06-24T09:22:44.362+0000][1][safepoint    ] Application time: 0.0763582 seconds
[2019-06-24T09:22:44.362+0000][1][safepoint    ] Entering safepoint region: RevokeBias
[2019-06-24T09:22:44.362+0000][1][safepoint    ] Leaving safepoint region
[2019-06-24T09:22:44.362+0000][1][safepoint    ] Total time for which application threads were stopped: 0.0000808 seconds, Stopping threads took: 0.0000147 seconds
[2019-06-24T09:22:44.363+0000][1][safepoint    ] Application time: 0.0001693 seconds
[2019-06-24T09:22:44.363+0000][1][safepoint    ] Entering safepoint region: BulkRevokeBias
[2019-06-24T09:22:44.363+0000][1][safepoint    ] Leaving safepoint region
[2019-06-24T09:22:44.363+0000][1][safepoint    ] Total time for which application threads were stopped: 0.0001171 seconds, Stopping threads took: 0.0000108 seconds
[2019-06-24T09:22:44.386+0000][1][safepoint    ] Application time: 0.0235299 seconds
[2019-06-24T09:22:44.386+0000][1][safepoint    ] Entering safepoint region: GenCollectForAllocation
[2019-06-24T09:22:44.386+0000][1][gc,start     ] GC(6) Pause Young (Allocation Failure)
[2019-06-24T09:22:44.386+0000][1][gc,task      ] GC(6) Using 5 workers of 8 for evacuation
[2019-06-24T09:22:44.389+0000][1][gc,age       ] GC(6) Desired survivor size 4456448 bytes, new threshold 3 (max threshold 6)
[2019-06-24T09:22:44.389+0000][1][gc,age       ] GC(6) Age table with threshold 3 (max threshold 6)
[2019-06-24T09:22:44.389+0000][1][gc,age       ] GC(6) - age   1:    1903992 bytes,    1903992 total
[2019-06-24T09:22:44.389+0000][1][gc,age       ] GC(6) - age   2:    2196016 bytes,    4100008 total
[2019-06-24T09:22:44.389+0000][1][gc,age       ] GC(6) - age   3:     446000 bytes,    4546008 total
[2019-06-24T09:22:44.389+0000][1][gc,heap      ] GC(6) ParNew: 76039K->5367K(78656K)
[2019-06-24T09:22:44.389+0000][1][gc,heap      ] GC(6) CMS: 11406K->11406K(174784K)
[2019-06-24T09:22:44.389+0000][1][gc,metaspace ] GC(6) Metaspace: 19140K->19140K(1067008K)
[2019-06-24T09:22:44.389+0000][1][gc           ] GC(6) Pause Young (Allocation Failure) 85M->16M(247M) 2.657ms
[2019-06-24T09:22:44.389+0000][1][gc,cpu       ] GC(6) User=0.02s Sys=0.00s Real=0.00s
[2019-06-24T09:22:44.389+0000][1][safepoint    ] Leaving safepoint region
[2019-06-24T09:22:44.389+0000][1][safepoint    ] Total time for which application threads were stopped: 0.0027903 seconds, Stopping threads took: 0.0000163 seconds
[2019-06-24T09:22:44.389+0000][1][safepoint    ] Application time: 0.0001553 seconds
[2019-06-24T09:22:44.389+0000][1][safepoint    ] Entering safepoint region: BulkRevokeBias
[2019-06-24T09:22:44.389+0000][1][safepoint    ] Leaving safepoint region
[2019-06-24T09:22:44.389+0000][1][safepoint    ] Total time for which application threads were stopped: 0.0001200 seconds, Stopping threads took: 0.0000491 seconds
[2019-06-24T09:22:44.526+0000][1][safepoint    ] Application time: 0.1368269 seconds
[2019-06-24T09:22:44.526+0000][1][safepoint    ] Entering safepoint region: GenCollectForAllocation
[2019-06-24T09:22:44.526+0000][1][gc,start     ] GC(7) Pause Young (Allocation Failure)
[2019-06-24T09:22:44.526+0000][1][gc,task      ] GC(7) Using 5 workers of 8 for evacuation
[2019-06-24T09:22:44.529+0000][1][gc,age       ] GC(7) Desired survivor size 4456448 bytes, new threshold 6 (max threshold 6)
[2019-06-24T09:22:44.529+0000][1][gc,age       ] GC(7) Age table with threshold 6 (max threshold 6)
[2019-06-24T09:22:44.529+0000][1][gc,age       ] GC(7) - age   1:     716824 bytes,     716824 total
[2019-06-24T09:22:44.529+0000][1][gc,age       ] GC(7) - age   2:    1129624 bytes,    1846448 total
[2019-06-24T09:22:44.529+0000][1][gc,age       ] GC(7) - age   3:    2194008 bytes,    4040456 total
[2019-06-24T09:22:44.529+0000][1][gc,heap      ] GC(7) ParNew: 75319K->5046K(78656K)
[2019-06-24T09:22:44.529+0000][1][gc,heap      ] GC(7) CMS: 11406K->11845K(174784K)
[2019-06-24T09:22:44.529+0000][1][gc,metaspace ] GC(7) Metaspace: 19967K->19967K(1067008K)
[2019-06-24T09:22:44.529+0000][1][gc           ] GC(7) Pause Young (Allocation Failure) 84M->16M(247M) 2.599ms
[2019-06-24T09:22:44.529+0000][1][gc,cpu       ] GC(7) User=0.01s Sys=0.00s Real=0.00s
[2019-06-24T09:22:44.529+0000][1][safepoint    ] Leaving safepoint region
[2019-06-24T09:22:44.529+0000][1][safepoint    ] Total time for which application threads were stopped: 0.0027548 seconds, Stopping threads took: 0.0000161 seconds
[2019-06-24T09:22:44.538+0000][1][safepoint    ] Application time: 0.0092394 seconds
[2019-06-24T09:22:44.538+0000][1][safepoint    ] Entering safepoint region: CollectForMetadataAllocation
[2019-06-24T09:22:44.538+0000][1][safepoint    ] Leaving safepoint region
[2019-06-24T09:22:44.538+0000][1][safepoint    ] Total time for which application threads were stopped: 0.0001850 seconds, Stopping threads took: 0.0000132 seconds
[2019-06-24T09:22:44.634+0000][1][safepoint    ] Application time: 0.0950840 seconds
[2019-06-24T09:22:44.634+0000][1][safepoint    ] Entering safepoint region: GenCollectForAllocation
[2019-06-24T09:22:44.634+0000][1][gc,start     ] GC(8) Pause Young (Allocation Failure)
[2019-06-24T09:22:44.634+0000][1][gc,task      ] GC(8) Using 5 workers of 8 for evacuation
[2019-06-24T09:22:44.637+0000][1][gc,age       ] GC(8) Desired survivor size 4456448 bytes, new threshold 4 (max threshold 6)
[2019-06-24T09:22:44.637+0000][1][gc,age       ] GC(8) Age table with threshold 4 (max threshold 6)
[2019-06-24T09:22:44.637+0000][1][gc,age       ] GC(8) - age   1:     989512 bytes,     989512 total
[2019-06-24T09:22:44.637+0000][1][gc,age       ] GC(8) - age   2:     681352 bytes,    1670864 total
[2019-06-24T09:22:44.637+0000][1][gc,age       ] GC(8) - age   3:    1129528 bytes,    2800392 total
[2019-06-24T09:22:44.637+0000][1][gc,age       ] GC(8) - age   4:    2193720 bytes,    4994112 total
[2019-06-24T09:22:44.637+0000][1][gc,heap      ] GC(8) ParNew: 74998K->5969K(78656K)
[2019-06-24T09:22:44.637+0000][1][gc,heap      ] GC(8) CMS: 11845K->11845K(174784K)
[2019-06-24T09:22:44.637+0000][1][gc,metaspace ] GC(8) Metaspace: 20194K->20194K(1069056K)
[2019-06-24T09:22:44.637+0000][1][gc           ] GC(8) Pause Young (Allocation Failure) 84M->17M(247M) 3.001ms
[2019-06-24T09:22:44.637+0000][1][gc,cpu       ] GC(8) User=0.03s Sys=0.00s Real=0.01s
[2019-06-24T09:22:44.637+0000][1][safepoint    ] Leaving safepoint region
[2019-06-24T09:22:44.637+0000][1][safepoint    ] Total time for which application threads were stopped: 0.0031289 seconds, Stopping threads took: 0.0000176 seconds
[2019-06-24T09:22:44.637+0000][1][safepoint    ] Application time: 0.0001293 seconds
[2019-06-24T09:22:44.637+0000][1][safepoint    ] Entering safepoint region: CMS_Initial_Mark
[2019-06-24T09:22:44.637+0000][1][gc,start     ] GC(9) Pause Initial Mark
[2019-06-24T09:22:44.638+0000][1][gc           ] GC(9) Pause Initial Mark 18M->18M(247M) 1.067ms
[2019-06-24T09:22:44.638+0000][1][gc,cpu       ] GC(9) User=0.00s Sys=0.00s Real=0.00s
[2019-06-24T09:22:44.638+0000][1][safepoint    ] Leaving safepoint region
[2019-06-24T09:22:44.638+0000][1][safepoint    ] Total time for which application threads were stopped: 0.0011861 seconds, Stopping threads took: 0.0000491 seconds
[2019-06-24T09:22:44.638+0000][1][gc           ] GC(9) Concurrent Mark
[2019-06-24T09:22:44.638+0000][1][gc,task      ] GC(9) Using 2 workers of 2 for marking
[2019-06-24T09:22:44.649+0000][1][gc           ] GC(9) Concurrent Mark 11.384ms
[2019-06-24T09:22:44.649+0000][1][gc,cpu       ] GC(9) User=0.07s Sys=0.00s Real=0.01s
[2019-06-24T09:22:44.650+0000][1][gc           ] GC(9) Concurrent Preclean
[2019-06-24T09:22:44.650+0000][1][gc           ] GC(9) Concurrent Preclean 0.836ms
[2019-06-24T09:22:44.650+0000][1][gc,cpu       ] GC(9) User=0.00s Sys=0.00s Real=0.00s
[2019-06-24T09:22:44.650+0000][1][gc           ] GC(9) Concurrent Abortable Preclean
[2019-06-24T09:22:44.739+0000][1][safepoint    ] Application time: 0.1014821 seconds
[2019-06-24T09:22:44.740+0000][1][safepoint    ] Entering safepoint region: GenCollectForAllocation
[2019-06-24T09:22:44.740+0000][1][gc,start     ] GC(10) Pause Young (Allocation Failure)
[2019-06-24T09:22:44.740+0000][1][gc,task      ] GC(10) Using 5 workers of 8 for evacuation
[2019-06-24T09:22:44.744+0000][1][gc,age       ] GC(10) Desired survivor size 4456448 bytes, new threshold 6 (max threshold 6)
[2019-06-24T09:22:44.744+0000][1][gc,age       ] GC(10) Age table with threshold 6 (max threshold 6)
[2019-06-24T09:22:44.744+0000][1][gc,age       ] GC(10) - age   1:     533528 bytes,     533528 total
[2019-06-24T09:22:44.744+0000][1][gc,age       ] GC(10) - age   2:     318752 bytes,     852280 total
[2019-06-24T09:22:44.744+0000][1][gc,age       ] GC(10) - age   3:     681232 bytes,    1533512 total
[2019-06-24T09:22:44.744+0000][1][gc,age       ] GC(10) - age   4:    1129528 bytes,    2663040 total
[2019-06-24T09:22:44.744+0000][1][gc,heap      ] GC(10) ParNew: 75921K->5044K(78656K)
[2019-06-24T09:22:44.744+0000][1][gc,heap      ] GC(10) CMS: 11845K->14002K(174784K)
[2019-06-24T09:22:44.744+0000][1][gc,metaspace ] GC(10) Metaspace: 20303K->20303K(1069056K)
[2019-06-24T09:22:44.744+0000][1][gc           ] GC(10) Pause Young (Allocation Failure) 85M->18M(247M) 4.120ms
[2019-06-24T09:22:44.744+0000][1][gc,cpu       ] GC(10) User=0.03s Sys=0.00s Real=0.01s
[2019-06-24T09:22:44.744+0000][1][safepoint    ] Leaving safepoint region
[2019-06-24T09:22:44.744+0000][1][safepoint    ] Total time for which application threads were stopped: 0.0042418 seconds, Stopping threads took: 0.0000205 seconds
[2019-06-24T09:22:44.782+0000][1][safepoint    ] Application time: 0.0386477 seconds
[2019-06-24T09:22:44.783+0000][1][safepoint    ] Entering safepoint region: CollectForMetadataAllocation
[2019-06-24T09:22:44.783+0000][1][safepoint    ] Leaving safepoint region
[2019-06-24T09:22:44.783+0000][1][safepoint    ] Total time for which application threads were stopped: 0.0001892 seconds, Stopping threads took: 0.0000186 seconds
[2019-06-24T09:22:44.852+0000][1][safepoint    ] Application time: 0.0696111 seconds
[2019-06-24T09:22:44.852+0000][1][safepoint    ] Entering safepoint region: GenCollectForAllocation
[2019-06-24T09:22:44.852+0000][1][gc,start     ] GC(11) Pause Young (Allocation Failure)
[2019-06-24T09:22:44.852+0000][1][gc,task      ] GC(11) Using 5 workers of 8 for evacuation
[2019-06-24T09:22:44.856+0000][1][gc,age       ] GC(11) Desired survivor size 4456448 bytes, new threshold 6 (max threshold 6)
[2019-06-24T09:22:44.856+0000][1][gc,age       ] GC(11) Age table with threshold 6 (max threshold 6)
[2019-06-24T09:22:44.856+0000][1][gc,age       ] GC(11) - age   1:    1981056 bytes,    1981056 total
[2019-06-24T09:22:44.856+0000][1][gc,age       ] GC(11) - age   2:      99208 bytes,    2080264 total
[2019-06-24T09:22:44.856+0000][1][gc,age       ] GC(11) - age   3:     318752 bytes,    2399016 total
[2019-06-24T09:22:44.856+0000][1][gc,age       ] GC(11) - age   4:     681104 bytes,    3080120 total
[2019-06-24T09:22:44.856+0000][1][gc,age       ] GC(11) - age   5:    1129240 bytes,    4209360 total
[2019-06-24T09:22:44.856+0000][1][gc,heap      ] GC(11) ParNew: 74996K->5098K(78656K)
[2019-06-24T09:22:44.856+0000][1][gc,heap      ] GC(11) CMS: 14002K->14002K(174784K)
[2019-06-24T09:22:44.856+0000][1][gc,metaspace ] GC(11) Metaspace: 20388K->20388K(1069056K)
[2019-06-24T09:22:44.856+0000][1][gc           ] GC(11) Pause Young (Allocation Failure) 86M->18M(247M) 3.670ms
[2019-06-24T09:22:44.856+0000][1][gc,cpu       ] GC(11) User=0.02s Sys=0.00s Real=0.01s
[2019-06-24T09:22:44.856+0000][1][safepoint    ] Leaving safepoint region
[2019-06-24T09:22:44.856+0000][1][safepoint    ] Total time for which application threads were stopped: 0.0038226 seconds, Stopping threads took: 0.0000163 seconds
[2019-06-24T09:22:44.914+0000][1][safepoint    ] Application time: 0.0575797 seconds
[2019-06-24T09:22:44.914+0000][1][safepoint    ] Entering safepoint region: CollectForMetadataAllocation
[2019-06-24T09:22:44.914+0000][1][safepoint    ] Leaving safepoint region
[2019-06-24T09:22:44.914+0000][1][safepoint    ] Total time for which application threads were stopped: 0.0001988 seconds, Stopping threads took: 0.0000168 seconds
[2019-06-24T09:22:44.923+0000][1][safepoint    ] Application time: 0.0090744 seconds
[2019-06-24T09:22:44.923+0000][1][safepoint    ] Entering safepoint region: Deoptimize
[2019-06-24T09:22:44.923+0000][1][safepoint    ] Leaving safepoint region
[2019-06-24T09:22:44.924+0000][1][safepoint    ] Total time for which application threads were stopped: 0.0003624 seconds, Stopping threads took: 0.0000153 seconds
[2019-06-24T09:22:44.963+0000][1][safepoint    ] Application time: 0.0398619 seconds
[2019-06-24T09:22:44.963+0000][1][safepoint    ] Entering safepoint region: CollectForMetadataAllocation
[2019-06-24T09:22:44.964+0000][1][safepoint    ] Leaving safepoint region
[2019-06-24T09:22:44.964+0000][1][safepoint    ] Total time for which application threads were stopped: 0.0001846 seconds, Stopping threads took: 0.0000142 seconds
[2019-06-24T09:22:44.964+0000][1][gc           ] GC(9) Concurrent Abortable Preclean 313.268ms
[2019-06-24T09:22:44.964+0000][1][gc,cpu       ] GC(9) User=1.43s Sys=0.03s Real=0.32s
[2019-06-24T09:22:44.964+0000][1][safepoint    ] Application time: 0.0000913 seconds
[2019-06-24T09:22:44.964+0000][1][safepoint    ] Entering safepoint region: CMS_Final_Remark
[2019-06-24T09:22:44.964+0000][1][gc,start     ] GC(9) Pause Remark
[2019-06-24T09:22:44.975+0000][1][gc           ] GC(9) Pause Remark 55M->55M(247M) 11.081ms
[2019-06-24T09:22:44.975+0000][1][gc,cpu       ] GC(9) User=0.06s Sys=0.00s Real=0.01s
[2019-06-24T09:22:44.975+0000][1][safepoint    ] Leaving safepoint region
[2019-06-24T09:22:44.975+0000][1][safepoint    ] Total time for which application threads were stopped: 0.0112079 seconds, Stopping threads took: 0.0000314 seconds
[2019-06-24T09:22:44.975+0000][1][gc           ] GC(9) Concurrent Sweep
[2019-06-24T09:22:44.982+0000][1][gc           ] GC(9) Concurrent Sweep 7.382ms
[2019-06-24T09:22:44.982+0000][1][gc,cpu       ] GC(9) User=0.03s Sys=0.00s Real=0.00s
[2019-06-24T09:22:44.982+0000][1][gc           ] GC(9) Concurrent Reset
[2019-06-24T09:22:44.983+0000][1][gc           ] GC(9) Concurrent Reset 0.434ms
[2019-06-24T09:22:44.983+0000][1][gc,cpu       ] GC(9) User=0.01s Sys=0.00s Real=0.01s
[2019-06-24T09:22:44.983+0000][1][gc,heap      ] GC(9) Old: 11845K->13976K(174784K)
[2019-06-24T09:22:45.284+0000][1][safepoint    ] Application time: 0.3088081 seconds
[2019-06-24T09:22:45.284+0000][1][safepoint    ] Entering safepoint region: Deoptimize
[2019-06-24T09:22:45.284+0000][1][safepoint    ] Leaving safepoint region
[2019-06-24T09:22:45.284+0000][1][safepoint    ] Total time for which application threads were stopped: 0.0007160 seconds, Stopping threads took: 0.0000109 seconds
[2019-06-24T09:22:45.293+0000][1][safepoint    ] Application time: 0.0084620 seconds
[2019-06-24T09:22:45.293+0000][1][safepoint    ] Entering safepoint region: RevokeBias
[2019-06-24T09:22:45.293+0000][1][safepoint    ] Leaving safepoint region
[2019-06-24T09:22:45.293+0000][1][safepoint    ] Total time for which application threads were stopped: 0.0000980 seconds, Stopping threads took: 0.0000340 seconds
[2019-06-24T09:22:45.293+0000][1][safepoint    ] Application time: 0.0001138 seconds
[2019-06-24T09:22:45.293+0000][1][safepoint    ] Entering safepoint region: RevokeBias
[2019-06-24T09:22:45.293+0000][1][safepoint    ] Leaving safepoint region
[2019-06-24T09:22:45.293+0000][1][safepoint    ] Total time for which application threads were stopped: 0.0000707 seconds, Stopping threads took: 0.0000337 seconds
[2019-06-24T09:22:45.294+0000][1][safepoint    ] Application time: 0.0004901 seconds
[2019-06-24T09:22:45.294+0000][1][safepoint    ] Entering safepoint region: Deoptimize
[2019-06-24T09:22:45.294+0000][1][safepoint    ] Leaving safepoint region
[2019-06-24T09:22:45.294+0000][1][safepoint    ] Total time for which application threads were stopped: 0.0002985 seconds, Stopping threads took: 0.0000120 seconds
[2019-06-24T09:22:45.298+0000][1][safepoint    ] Application time: 0.0034311 seconds
[2019-06-24T09:22:45.298+0000][1][safepoint    ] Entering safepoint region: Deoptimize
[2019-06-24T09:22:45.298+0000][1][safepoint    ] Leaving safepoint region
[2019-06-24T09:22:45.298+0000][1][safepoint    ] Total time for which application threads were stopped: 0.0002802 seconds, Stopping threads took: 0.0000161 seconds
[2019-06-24T09:22:45.417+0000][1][safepoint    ] Application time: 0.1188047 seconds
[2019-06-24T09:22:45.417+0000][1][safepoint    ] Entering safepoint region: GenCollectForAllocation
[2019-06-24T09:22:45.417+0000][1][gc,start     ] GC(12) Pause Young (Allocation Failure)
[2019-06-24T09:22:45.417+0000][1][gc,task      ] GC(12) Using 5 workers of 8 for evacuation
[2019-06-24T09:22:45.423+0000][1][gc,age       ] GC(12) Desired survivor size 4456448 bytes, new threshold 2 (max threshold 6)
[2019-06-24T09:22:45.423+0000][1][gc,age       ] GC(12) Age table with threshold 2 (max threshold 6)
[2019-06-24T09:22:45.423+0000][1][gc,age       ] GC(12) - age   1:    4413664 bytes,    4413664 total
[2019-06-24T09:22:45.423+0000][1][gc,age       ] GC(12) - age   2:     345296 bytes,    4758960 total
[2019-06-24T09:22:45.423+0000][1][gc,age       ] GC(12) - age   3:      98880 bytes,    4857840 total
[2019-06-24T09:22:45.423+0000][1][gc,age       ] GC(12) - age   4:     318688 bytes,    5176528 total
[2019-06-24T09:22:45.423+0000][1][gc,age       ] GC(12) - age   5:     675784 bytes,    5852312 total
[2019-06-24T09:22:45.423+0000][1][gc,age       ] GC(12) - age   6:    1129080 bytes,    6981392 total
[2019-06-24T09:22:45.423+0000][1][gc,heap      ] GC(12) ParNew: 75050K->8338K(78656K)
[2019-06-24T09:22:45.423+0000][1][gc,heap      ] GC(12) CMS: 13976K->13976K(174784K)
[2019-06-24T09:22:45.423+0000][1][gc,metaspace ] GC(12) Metaspace: 26245K->26245K(1073152K)
[2019-06-24T09:22:45.423+0000][1][gc           ] GC(12) Pause Young (Allocation Failure) 86M->21M(247M) 6.391ms
[2019-06-24T09:22:45.423+0000][1][gc,cpu       ] GC(12) User=0.05s Sys=0.00s Real=0.01s
[2019-06-24T09:22:45.423+0000][1][safepoint    ] Leaving safepoint region
[2019-06-24T09:22:45.423+0000][1][safepoint    ] Total time for which application threads were stopped: 0.0065712 seconds, Stopping threads took: 0.0000478 seconds
[2019-06-24T09:22:45.835+0000][1][safepoint    ] Application time: 0.4113909 seconds
[2019-06-24T09:22:45.835+0000][1][safepoint    ] Entering safepoint region: Deoptimize
[2019-06-24T09:22:45.836+0000][1][safepoint    ] Leaving safepoint region
[2019-06-24T09:22:45.836+0000][1][safepoint    ] Total time for which application threads were stopped: 0.0006971 seconds, Stopping threads took: 0.0000434 seconds
[2019-06-24T09:22:46.096+0000][1][safepoint    ] Application time: 0.2609287 seconds
[2019-06-24T09:22:46.097+0000][1][safepoint    ] Entering safepoint region: GenCollectForAllocation
[2019-06-24T09:22:46.097+0000][1][gc,start     ] GC(13) Pause Young (Allocation Failure)
[2019-06-24T09:22:46.097+0000][1][gc,task      ] GC(13) Using 5 workers of 8 for evacuation
[2019-06-24T09:22:46.117+0000][1][gc,age       ] GC(13) Desired survivor size 4456448 bytes, new threshold 1 (max threshold 6)
[2019-06-24T09:22:46.118+0000][1][gc,age       ] GC(13) Age table with threshold 1 (max threshold 6)
[2019-06-24T09:22:46.118+0000][1][gc,age       ] GC(13) - age   1:    4674536 bytes,    4674536 total
[2019-06-24T09:22:46.118+0000][1][gc,age       ] GC(13) - age   2:    4239688 bytes,    8914224 total
[2019-06-24T09:22:46.118+0000][1][gc,heap      ] GC(13) ParNew: 78290K->8704K(78656K)
[2019-06-24T09:22:46.118+0000][1][gc,heap      ] GC(13) CMS: 13976K->25351K(174784K)
[2019-06-24T09:22:46.118+0000][1][gc,metaspace ] GC(13) Metaspace: 26872K->26872K(1075200K)
[2019-06-24T09:22:46.118+0000][1][gc           ] GC(13) Pause Young (Allocation Failure) 90M->33M(247M) 20.996ms
[2019-06-24T09:22:46.118+0000][1][gc,cpu       ] GC(13) User=0.15s Sys=0.00s Real=0.02s
[2019-06-24T09:22:46.118+0000][1][safepoint    ] Leaving safepoint region
[2019-06-24T09:22:46.118+0000][1][safepoint    ] Total time for which application threads were stopped: 0.0211537 seconds, Stopping threads took: 0.0000190 seconds
[2019-06-24T09:22:46.160+0000][1][safepoint    ] Application time: 0.0425400 seconds
[2019-06-24T09:22:46.160+0000][1][safepoint    ] Entering safepoint region: RevokeBias
[2019-06-24T09:22:46.160+0000][1][safepoint    ] Leaving safepoint region
[2019-06-24T09:22:46.160+0000][1][safepoint    ] Total time for which application threads were stopped: 0.0000717 seconds, Stopping threads took: 0.0000166 seconds
[2019-06-24T09:22:46.557+0000][1][safepoint    ] Application time: 0.3963487 seconds
[2019-06-24T09:22:46.557+0000][1][safepoint    ] Entering safepoint region: GenCollectForAllocation
[2019-06-24T09:22:46.557+0000][1][gc,start     ] GC(14) Pause Young (Allocation Failure)
[2019-06-24T09:22:46.557+0000][1][gc,task      ] GC(14) Using 5 workers of 8 for evacuation
[2019-06-24T09:22:46.578+0000][1][gc,age       ] GC(14) Desired survivor size 4456448 bytes, new threshold 1 (max threshold 6)
[2019-06-24T09:22:46.578+0000][1][gc,age       ] GC(14) Age table with threshold 1 (max threshold 6)
[2019-06-24T09:22:46.578+0000][1][gc,age       ] GC(14) - age   1:    8909568 bytes,    8909568 total
[2019-06-24T09:22:46.578+0000][1][gc,heap      ] GC(14) ParNew: 78656K->8704K(78656K)
[2019-06-24T09:22:46.578+0000][1][gc,heap      ] GC(14) CMS: 25351K->39049K(174784K)
[2019-06-24T09:22:46.578+0000][1][gc,metaspace ] GC(14) Metaspace: 26931K->26931K(1075200K)
[2019-06-24T09:22:46.578+0000][1][gc           ] GC(14) Pause Young (Allocation Failure) 101M->46M(247M) 20.868ms
[2019-06-24T09:22:46.578+0000][1][gc,cpu       ] GC(14) User=0.12s Sys=0.01s Real=0.02s
[2019-06-24T09:22:46.578+0000][1][safepoint    ] Leaving safepoint region
[2019-06-24T09:22:46.578+0000][1][safepoint    ] Total time for which application threads were stopped: 0.0210030 seconds, Stopping threads took: 0.0000205 seconds
[2019-06-24T09:22:47.149+0000][1][safepoint    ] Application time: 0.5710916 seconds
[2019-06-24T09:22:47.149+0000][1][safepoint    ] Entering safepoint region: GenCollectForAllocation
[2019-06-24T09:22:47.149+0000][1][gc,start     ] GC(15) Pause Young (Allocation Failure)
[2019-06-24T09:22:47.149+0000][1][gc,task      ] GC(15) Using 5 workers of 8 for evacuation
[2019-06-24T09:22:47.167+0000][1][gc,age       ] GC(15) Desired survivor size 4456448 bytes, new threshold 1 (max threshold 6)
[2019-06-24T09:22:47.167+0000][1][gc,age       ] GC(15) Age table with threshold 1 (max threshold 6)
[2019-06-24T09:22:47.167+0000][1][gc,age       ] GC(15) - age   1:    5865184 bytes,    5865184 total
[2019-06-24T09:22:47.167+0000][1][gc,heap      ] GC(15) ParNew: 78656K->8704K(78656K)
[2019-06-24T09:22:47.167+0000][1][gc,heap      ] GC(15) CMS: 39049K->49803K(174784K)
[2019-06-24T09:22:47.167+0000][1][gc,metaspace ] GC(15) Metaspace: 31935K->31935K(1079296K)
[2019-06-24T09:22:47.167+0000][1][gc           ] GC(15) Pause Young (Allocation Failure) 114M->57M(247M) 17.663ms
[2019-06-24T09:22:47.167+0000][1][gc,cpu       ] GC(15) User=0.14s Sys=0.00s Real=0.02s
[2019-06-24T09:22:47.167+0000][1][safepoint    ] Leaving safepoint region
[2019-06-24T09:22:47.167+0000][1][safepoint    ] Total time for which application threads were stopped: 0.0178479 seconds, Stopping threads took: 0.0000203 seconds
[2019-06-24T09:22:47.267+0000][1][safepoint    ] Application time: 0.0997740 seconds
[2019-06-24T09:22:47.267+0000][1][safepoint    ] Entering safepoint region: GenCollectForAllocation
[2019-06-24T09:22:47.267+0000][1][gc,start     ] GC(16) Pause Young (Allocation Failure)
[2019-06-24T09:22:47.267+0000][1][gc,task      ] GC(16) Using 5 workers of 8 for evacuation
[2019-06-24T09:22:47.274+0000][1][gc,age       ] GC(16) Desired survivor size 4456448 bytes, new threshold 6 (max threshold 6)
[2019-06-24T09:22:47.274+0000][1][gc,age       ] GC(16) Age table with threshold 6 (max threshold 6)
[2019-06-24T09:22:47.274+0000][1][gc,age       ] GC(16) - age   1:     350288 bytes,     350288 total
[2019-06-24T09:22:47.275+0000][1][gc,heap      ] GC(16) ParNew: 78656K->6424K(78656K)
[2019-06-24T09:22:47.275+0000][1][gc,heap      ] GC(16) CMS: 49803K->55571K(174784K)
[2019-06-24T09:22:47.275+0000][1][gc,metaspace ] GC(16) Metaspace: 32704K->32704K(1079296K)
[2019-06-24T09:22:47.275+0000][1][gc           ] GC(16) Pause Young (Allocation Failure) 125M->60M(247M) 7.870ms
[2019-06-24T09:22:47.275+0000][1][gc,cpu       ] GC(16) User=0.05s Sys=0.00s Real=0.01s
[2019-06-24T09:22:47.275+0000][1][safepoint    ] Leaving safepoint region
[2019-06-24T09:22:47.275+0000][1][safepoint    ] Total time for which application threads were stopped: 0.0080453 seconds, Stopping threads took: 0.0000177 seconds
[2019-06-24T09:22:47.561+0000][1][safepoint    ] Application time: 0.2864253 seconds
[2019-06-24T09:22:47.561+0000][1][safepoint    ] Entering safepoint region: CollectForMetadataAllocation
[2019-06-24T09:22:47.561+0000][1][safepoint    ] Leaving safepoint region
[2019-06-24T09:22:47.561+0000][1][safepoint    ] Total time for which application threads were stopped: 0.0002532 seconds, Stopping threads took: 0.0000185 seconds
[2019-06-24T09:22:47.576+0000][1][safepoint    ] Application time: 0.0150275 seconds
[2019-06-24T09:22:47.576+0000][1][safepoint    ] Entering safepoint region: CollectForMetadataAllocation
[2019-06-24T09:22:47.577+0000][1][safepoint    ] Leaving safepoint region
[2019-06-24T09:22:47.577+0000][1][safepoint    ] Total time for which application threads were stopped: 0.0002136 seconds, Stopping threads took: 0.0000535 seconds
[2019-06-24T09:22:47.598+0000][1][safepoint    ] Application time: 0.0210624 seconds
[2019-06-24T09:22:47.598+0000][1][safepoint    ] Entering safepoint region: CollectForMetadataAllocation
[2019-06-24T09:22:47.598+0000][1][safepoint    ] Leaving safepoint region
[2019-06-24T09:22:47.598+0000][1][safepoint    ] Total time for which application threads were stopped: 0.0001964 seconds, Stopping threads took: 0.0000168 seconds
[2019-06-24T09:22:47.612+0000][1][safepoint    ] Application time: 0.0139189 seconds
[2019-06-24T09:22:47.612+0000][1][safepoint    ] Entering safepoint region: CollectForMetadataAllocation
[2019-06-24T09:22:47.612+0000][1][safepoint    ] Leaving safepoint region
[2019-06-24T09:22:47.612+0000][1][safepoint    ] Total time for which application threads were stopped: 0.0002149 seconds, Stopping threads took: 0.0000161 seconds
[2019-06-24T09:22:47.625+0000][1][safepoint    ] Application time: 0.0131091 seconds
[2019-06-24T09:22:47.625+0000][1][safepoint    ] Entering safepoint region: CollectForMetadataAllocation
[2019-06-24T09:22:47.625+0000][1][safepoint    ] Leaving safepoint region
[2019-06-24T09:22:47.625+0000][1][safepoint    ] Total time for which application threads were stopped: 0.0001770 seconds, Stopping threads took: 0.0000148 seconds
[2019-06-24T09:22:47.653+0000][1][safepoint    ] Application time: 0.0273107 seconds
[2019-06-24T09:22:47.653+0000][1][safepoint    ] Entering safepoint region: CollectForMetadataAllocation
[2019-06-24T09:22:47.653+0000][1][safepoint    ] Leaving safepoint region
[2019-06-24T09:22:47.653+0000][1][safepoint    ] Total time for which application threads were stopped: 0.0001146 seconds, Stopping threads took: 0.0000105 seconds
[2019-06-24T09:22:47.653+0000][1][safepoint    ] Application time: 0.0005357 seconds
[2019-06-24T09:22:47.653+0000][1][safepoint    ] Entering safepoint region: RevokeBias
[2019-06-24T09:22:47.654+0000][1][safepoint    ] Leaving safepoint region
[2019-06-24T09:22:47.654+0000][1][safepoint    ] Total time for which application threads were stopped: 0.0000721 seconds, Stopping threads took: 0.0000090 seconds
[2019-06-24T09:22:47.681+0000][1][safepoint    ] Application time: 0.0271673 seconds
[2019-06-24T09:22:47.681+0000][1][safepoint    ] Entering safepoint region: RevokeBias
[2019-06-24T09:22:47.681+0000][1][safepoint    ] Leaving safepoint region
[2019-06-24T09:22:47.681+0000][1][safepoint    ] Total time for which application threads were stopped: 0.0000929 seconds, Stopping threads took: 0.0000102 seconds
[2019-06-24T09:22:47.684+0000][1][safepoint    ] Application time: 0.0030086 seconds
[2019-06-24T09:22:47.684+0000][1][safepoint    ] Entering safepoint region: CollectForMetadataAllocation
[2019-06-24T09:22:47.684+0000][1][safepoint    ] Leaving safepoint region
[2019-06-24T09:22:47.684+0000][1][safepoint    ] Total time for which application threads were stopped: 0.0001481 seconds, Stopping threads took: 0.0000110 seconds
[2019-06-24T09:22:47.700+0000][1][safepoint    ] Application time: 0.0155848 seconds
[2019-06-24T09:22:47.700+0000][1][safepoint    ] Entering safepoint region: CollectForMetadataAllocation
[2019-06-24T09:22:47.700+0000][1][safepoint    ] Leaving safepoint region
[2019-06-24T09:22:47.700+0000][1][safepoint    ] Total time for which application threads were stopped: 0.0002339 seconds, Stopping threads took: 0.0000994 seconds
[2019-06-24T09:22:47.717+0000][1][safepoint    ] Application time: 0.0169126 seconds
[2019-06-24T09:22:47.717+0000][1][safepoint    ] Entering safepoint region: CollectForMetadataAllocation
[2019-06-24T09:22:47.717+0000][1][safepoint    ] Leaving safepoint region
[2019-06-24T09:22:47.717+0000][1][safepoint    ] Total time for which application threads were stopped: 0.0001547 seconds, Stopping threads took: 0.0000105 seconds
[2019-06-24T09:22:47.730+0000][1][safepoint    ] Application time: 0.0131086 seconds
[2019-06-24T09:22:47.730+0000][1][safepoint    ] Entering safepoint region: CollectForMetadataAllocation
[2019-06-24T09:22:47.730+0000][1][safepoint    ] Leaving safepoint region
[2019-06-24T09:22:47.730+0000][1][safepoint    ] Total time for which application threads were stopped: 0.0001544 seconds, Stopping threads took: 0.0000193 seconds
[2019-06-24T09:22:47.749+0000][1][safepoint    ] Application time: 0.0189456 seconds
[2019-06-24T09:22:47.749+0000][1][safepoint    ] Entering safepoint region: CollectForMetadataAllocation
[2019-06-24T09:22:47.749+0000][1][safepoint    ] Leaving safepoint region
[2019-06-24T09:22:47.749+0000][1][safepoint    ] Total time for which application threads were stopped: 0.0001332 seconds, Stopping threads took: 0.0000157 seconds
[2019-06-24T09:22:47.771+0000][1][safepoint    ] Application time: 0.0213125 seconds
[2019-06-24T09:22:47.771+0000][1][safepoint    ] Entering safepoint region: CollectForMetadataAllocation
[2019-06-24T09:22:47.771+0000][1][safepoint    ] Leaving safepoint region
[2019-06-24T09:22:47.771+0000][1][safepoint    ] Total time for which application threads were stopped: 0.0001257 seconds, Stopping threads took: 0.0000154 seconds
[2019-06-24T09:22:47.786+0000][1][safepoint    ] Application time: 0.0145602 seconds
[2019-06-24T09:22:47.786+0000][1][safepoint    ] Entering safepoint region: CollectForMetadataAllocation
[2019-06-24T09:22:47.786+0000][1][safepoint    ] Leaving safepoint region
[2019-06-24T09:22:47.786+0000][1][safepoint    ] Total time for which application threads were stopped: 0.0001345 seconds, Stopping threads took: 0.0000101 seconds
[2019-06-24T09:22:47.801+0000][1][safepoint    ] Application time: 0.0150663 seconds
[2019-06-24T09:22:47.801+0000][1][safepoint    ] Entering safepoint region: CollectForMetadataAllocation
[2019-06-24T09:22:47.801+0000][1][safepoint    ] Leaving safepoint region
[2019-06-24T09:22:47.801+0000][1][safepoint    ] Total time for which application threads were stopped: 0.0001400 seconds, Stopping threads took: 0.0000102 seconds
[2019-06-24T09:22:47.815+0000][1][safepoint    ] Application time: 0.0140535 seconds
[2019-06-24T09:22:47.815+0000][1][safepoint    ] Entering safepoint region: CollectForMetadataAllocation
[2019-06-24T09:22:47.815+0000][1][safepoint    ] Leaving safepoint region
[2019-06-24T09:22:47.815+0000][1][safepoint    ] Total time for which application threads were stopped: 0.0001424 seconds, Stopping threads took: 0.0000100 seconds
[2019-06-24T09:22:47.830+0000][1][safepoint    ] Application time: 0.0150453 seconds
[2019-06-24T09:22:47.830+0000][1][safepoint    ] Entering safepoint region: CollectForMetadataAllocation
[2019-06-24T09:22:47.830+0000][1][safepoint    ] Leaving safepoint region
[2019-06-24T09:22:47.830+0000][1][safepoint    ] Total time for which application threads were stopped: 0.0001620 seconds, Stopping threads took: 0.0000352 seconds
[2019-06-24T09:22:47.846+0000][1][safepoint    ] Application time: 0.0159207 seconds
[2019-06-24T09:22:47.846+0000][1][safepoint    ] Entering safepoint region: CollectForMetadataAllocation
[2019-06-24T09:22:47.847+0000][1][safepoint    ] Leaving safepoint region
[2019-06-24T09:22:47.847+0000][1][safepoint    ] Total time for which application threads were stopped: 0.0002072 seconds, Stopping threads took: 0.0000284 seconds
[2019-06-24T09:22:47.862+0000][1][safepoint    ] Application time: 0.0152655 seconds
[2019-06-24T09:22:47.862+0000][1][safepoint    ] Entering safepoint region: CollectForMetadataAllocation
[2019-06-24T09:22:47.862+0000][1][safepoint    ] Leaving safepoint region
[2019-06-24T09:22:47.862+0000][1][safepoint    ] Total time for which application threads were stopped: 0.0001853 seconds, Stopping threads took: 0.0000162 seconds
[2019-06-24T09:22:47.889+0000][1][safepoint    ] Application time: 0.0266992 seconds
[2019-06-24T09:22:47.889+0000][1][safepoint    ] Entering safepoint region: CollectForMetadataAllocation
[2019-06-24T09:22:47.889+0000][1][safepoint    ] Leaving safepoint region
[2019-06-24T09:22:47.889+0000][1][safepoint    ] Total time for which application threads were stopped: 0.0002003 seconds, Stopping threads took: 0.0000144 seconds
[2019-06-24T09:22:47.912+0000][1][safepoint    ] Application time: 0.0231884 seconds
[2019-06-24T09:22:47.912+0000][1][safepoint    ] Entering safepoint region: CollectForMetadataAllocation
[2019-06-24T09:22:47.912+0000][1][safepoint    ] Leaving safepoint region
[2019-06-24T09:22:47.912+0000][1][safepoint    ] Total time for which application threads were stopped: 0.0001319 seconds, Stopping threads took: 0.0000175 seconds
[2019-06-24T09:22:47.937+0000][1][safepoint    ] Application time: 0.0250030 seconds
[2019-06-24T09:22:47.937+0000][1][safepoint    ] Entering safepoint region: CollectForMetadataAllocation
[2019-06-24T09:22:47.938+0000][1][safepoint    ] Leaving safepoint region
[2019-06-24T09:22:47.938+0000][1][safepoint    ] Total time for which application threads were stopped: 0.0001890 seconds, Stopping threads took: 0.0000161 seconds
[2019-06-24T09:22:47.952+0000][1][safepoint    ] Application time: 0.0140443 seconds
[2019-06-24T09:22:47.952+0000][1][safepoint    ] Entering safepoint region: CollectForMetadataAllocation
[2019-06-24T09:22:47.952+0000][1][safepoint    ] Leaving safepoint region
[2019-06-24T09:22:47.952+0000][1][safepoint    ] Total time for which application threads were stopped: 0.0001234 seconds, Stopping threads took: 0.0000148 seconds
[2019-06-24T09:22:47.966+0000][1][safepoint    ] Application time: 0.0142365 seconds
[2019-06-24T09:22:47.966+0000][1][safepoint    ] Entering safepoint region: CollectForMetadataAllocation
[2019-06-24T09:22:47.966+0000][1][safepoint    ] Leaving safepoint region
[2019-06-24T09:22:47.966+0000][1][safepoint    ] Total time for which application threads were stopped: 0.0001512 seconds, Stopping threads took: 0.0000116 seconds
[2019-06-24T09:22:47.967+0000][1][safepoint    ] Application time: 0.0009690 seconds
[2019-06-24T09:22:47.967+0000][1][safepoint    ] Entering safepoint region: RevokeBias
[2019-06-24T09:22:47.967+0000][1][safepoint    ] Leaving safepoint region
[2019-06-24T09:22:47.967+0000][1][safepoint    ] Total time for which application threads were stopped: 0.0000663 seconds, Stopping threads took: 0.0000253 seconds
[2019-06-24T09:22:47.985+0000][1][safepoint    ] Application time: 0.0179743 seconds
[2019-06-24T09:22:47.985+0000][1][safepoint    ] Entering safepoint region: CollectForMetadataAllocation
[2019-06-24T09:22:47.986+0000][1][safepoint    ] Leaving safepoint region
[2019-06-24T09:22:47.986+0000][1][safepoint    ] Total time for which application threads were stopped: 0.0002136 seconds, Stopping threads took: 0.0000178 seconds
[2019-06-24T09:22:48.411+0000][1][safepoint    ] Application time: 0.4253830 seconds
[2019-06-24T09:22:48.411+0000][1][safepoint    ] Entering safepoint region: GenCollectForAllocation
[2019-06-24T09:22:48.411+0000][1][gc,start     ] GC(17) Pause Young (Allocation Failure)
[2019-06-24T09:22:48.411+0000][1][gc,task      ] GC(17) Using 5 workers of 8 for evacuation
[2019-06-24T09:22:48.415+0000][1][gc,age       ] GC(17) Desired survivor size 4456448 bytes, new threshold 6 (max threshold 6)
[2019-06-24T09:22:48.415+0000][1][gc,age       ] GC(17) Age table with threshold 6 (max threshold 6)
[2019-06-24T09:22:48.415+0000][1][gc,age       ] GC(17) - age   1:    3757912 bytes,    3757912 total
[2019-06-24T09:22:48.415+0000][1][gc,age       ] GC(17) - age   2:     310744 bytes,    4068656 total
[2019-06-24T09:22:48.415+0000][1][gc,heap      ] GC(17) ParNew: 76376K->4676K(78656K)
[2019-06-24T09:22:48.415+0000][1][gc,heap      ] GC(17) CMS: 55571K->55571K(174784K)
[2019-06-24T09:22:48.415+0000][1][gc,metaspace ] GC(17) Metaspace: 42067K->42067K(1087488K)
[2019-06-24T09:22:48.415+0000][1][gc           ] GC(17) Pause Young (Allocation Failure) 128M->58M(247M) 4.262ms
[2019-06-24T09:22:48.415+0000][1][gc,cpu       ] GC(17) User=0.02s Sys=0.00s Real=0.01s
[2019-06-24T09:22:48.415+0000][1][safepoint    ] Leaving safepoint region
[2019-06-24T09:22:48.415+0000][1][safepoint    ] Total time for which application threads were stopped: 0.0043875 seconds, Stopping threads took: 0.0000112 seconds
[2019-06-24T09:22:48.416+0000][1][safepoint    ] Application time: 0.0001018 seconds
[2019-06-24T09:22:48.416+0000][1][safepoint    ] Entering safepoint region: CMS_Initial_Mark
[2019-06-24T09:22:48.416+0000][1][gc,start     ] GC(18) Pause Initial Mark
[2019-06-24T09:22:48.417+0000][1][gc           ] GC(18) Pause Initial Mark 60M->60M(247M) 1.349ms
[2019-06-24T09:22:48.417+0000][1][gc,cpu       ] GC(18) User=0.01s Sys=0.00s Real=0.00s
[2019-06-24T09:22:48.417+0000][1][safepoint    ] Leaving safepoint region
[2019-06-24T09:22:48.417+0000][1][safepoint    ] Total time for which application threads were stopped: 0.0015129 seconds, Stopping threads took: 0.0000849 seconds
[2019-06-24T09:22:48.417+0000][1][gc           ] GC(18) Concurrent Mark
[2019-06-24T09:22:48.417+0000][1][gc,task      ] GC(18) Using 2 workers of 2 for marking
[2019-06-24T09:22:48.419+0000][1][safepoint    ] Application time: 0.0021015 seconds
[2019-06-24T09:22:48.419+0000][1][safepoint    ] Entering safepoint region: RevokeBias
[2019-06-24T09:22:48.419+0000][1][safepoint    ] Leaving safepoint region
[2019-06-24T09:22:48.419+0000][1][safepoint    ] Total time for which application threads were stopped: 0.0001400 seconds, Stopping threads took: 0.0000994 seconds
[2019-06-24T09:22:48.434+0000][1][safepoint    ] Application time: 0.0148215 seconds
[2019-06-24T09:22:48.434+0000][1][safepoint    ] Entering safepoint region: CollectForMetadataAllocation
[2019-06-24T09:22:48.434+0000][1][safepoint    ] Leaving safepoint region
[2019-06-24T09:22:48.434+0000][1][safepoint    ] Total time for which application threads were stopped: 0.0001640 seconds, Stopping threads took: 0.0000117 seconds
[2019-06-24T09:22:48.449+0000][1][safepoint    ] Application time: 0.0147302 seconds
[2019-06-24T09:22:48.449+0000][1][safepoint    ] Entering safepoint region: CollectForMetadataAllocation
[2019-06-24T09:22:48.449+0000][1][safepoint    ] Leaving safepoint region
[2019-06-24T09:22:48.449+0000][1][safepoint    ] Total time for which application threads were stopped: 0.0001707 seconds, Stopping threads took: 0.0000114 seconds
[2019-06-24T09:22:48.470+0000][1][gc           ] GC(18) Concurrent Mark 53.136ms
[2019-06-24T09:22:48.470+0000][1][gc,cpu       ] GC(18) User=0.28s Sys=0.00s Real=0.05s
[2019-06-24T09:22:48.470+0000][1][gc           ] GC(18) Concurrent Preclean
[2019-06-24T09:22:48.472+0000][1][gc           ] GC(18) Concurrent Preclean 1.854ms
[2019-06-24T09:22:48.472+0000][1][gc,cpu       ] GC(18) User=0.02s Sys=0.00s Real=0.00s
[2019-06-24T09:22:48.472+0000][1][gc           ] GC(18) Concurrent Abortable Preclean
[2019-06-24T09:22:48.575+0000][1][safepoint    ] Application time: 0.1255301 seconds
[2019-06-24T09:22:48.575+0000][1][safepoint    ] Entering safepoint region: CollectForMetadataAllocation
[2019-06-24T09:22:48.575+0000][1][safepoint    ] Leaving safepoint region
[2019-06-24T09:22:48.575+0000][1][safepoint    ] Total time for which application threads were stopped: 0.0001690 seconds, Stopping threads took: 0.0000115 seconds
[2019-06-24T09:22:48.675+0000][1][safepoint    ] Application time: 0.1003382 seconds
[2019-06-24T09:22:48.675+0000][1][safepoint    ] Entering safepoint region: CollectForMetadataAllocation
[2019-06-24T09:22:48.676+0000][1][safepoint    ] Leaving safepoint region
[2019-06-24T09:22:48.676+0000][1][safepoint    ] Total time for which application threads were stopped: 0.0002333 seconds, Stopping threads took: 0.0000180 seconds
[2019-06-24T09:22:48.688+0000][1][safepoint    ] Application time: 0.0120713 seconds
[2019-06-24T09:22:48.688+0000][1][safepoint    ] Entering safepoint region: CollectForMetadataAllocation
[2019-06-24T09:22:48.688+0000][1][safepoint    ] Leaving safepoint region
[2019-06-24T09:22:48.688+0000][1][safepoint    ] Total time for which application threads were stopped: 0.0002063 seconds, Stopping threads took: 0.0000173 seconds
[2019-06-24T09:22:48.723+0000][1][safepoint    ] Application time: 0.0347555 seconds
[2019-06-24T09:22:48.723+0000][1][safepoint    ] Entering safepoint region: CollectForMetadataAllocation
[2019-06-24T09:22:48.723+0000][1][safepoint    ] Leaving safepoint region
[2019-06-24T09:22:48.723+0000][1][safepoint    ] Total time for which application threads were stopped: 0.0002503 seconds, Stopping threads took: 0.0000173 seconds
[2019-06-24T09:22:48.743+0000][1][safepoint    ] Application time: 0.0197342 seconds
[2019-06-24T09:22:48.743+0000][1][safepoint    ] Entering safepoint region: CollectForMetadataAllocation
[2019-06-24T09:22:48.743+0000][1][safepoint    ] Leaving safepoint region
[2019-06-24T09:22:48.743+0000][1][safepoint    ] Total time for which application threads were stopped: 0.0001884 seconds, Stopping threads took: 0.0000177 seconds
[2019-06-24T09:22:48.744+0000][1][gc           ] GC(18) Concurrent Abortable Preclean 271.750ms
[2019-06-24T09:22:48.744+0000][1][gc,cpu       ] GC(18) User=1.31s Sys=0.02s Real=0.28s
[2019-06-24T09:22:48.744+0000][1][safepoint    ] Application time: 0.0009609 seconds
[2019-06-24T09:22:48.744+0000][1][safepoint    ] Entering safepoint region: CMS_Final_Remark
[2019-06-24T09:22:48.744+0000][1][gc,start     ] GC(18) Pause Remark
[2019-06-24T09:22:48.759+0000][1][gc           ] GC(18) Pause Remark 95M->95M(247M) 14.565ms
[2019-06-24T09:22:48.759+0000][1][gc,cpu       ] GC(18) User=0.06s Sys=0.00s Real=0.01s
[2019-06-24T09:22:48.759+0000][1][safepoint    ] Leaving safepoint region
[2019-06-24T09:22:48.759+0000][1][safepoint    ] Total time for which application threads were stopped: 0.0147547 seconds, Stopping threads took: 0.0000830 seconds
[2019-06-24T09:22:48.759+0000][1][gc           ] GC(18) Concurrent Sweep
[2019-06-24T09:22:48.786+0000][1][safepoint    ] Application time: 0.0275868 seconds
[2019-06-24T09:22:48.786+0000][1][safepoint    ] Entering safepoint region: RevokeBias
[2019-06-24T09:22:48.787+0000][1][safepoint    ] Leaving safepoint region
[2019-06-24T09:22:48.787+0000][1][safepoint    ] Total time for which application threads were stopped: 0.0007158 seconds, Stopping threads took: 0.0000148 seconds
[2019-06-24T09:22:48.789+0000][1][safepoint    ] Application time: 0.0016173 seconds
[2019-06-24T09:22:48.789+0000][1][safepoint    ] Entering safepoint region: RevokeBias
[2019-06-24T09:22:48.789+0000][1][safepoint    ] Leaving safepoint region
[2019-06-24T09:22:48.789+0000][1][safepoint    ] Total time for which application threads were stopped: 0.0000786 seconds, Stopping threads took: 0.0000133 seconds
[2019-06-24T09:22:48.795+0000][1][gc           ] GC(18) Concurrent Sweep 36.194ms
[2019-06-24T09:22:48.795+0000][1][gc,cpu       ] GC(18) User=0.19s Sys=0.00s Real=0.04s
[2019-06-24T09:22:48.795+0000][1][gc           ] GC(18) Concurrent Reset
[2019-06-24T09:22:48.796+0000][1][gc           ] GC(18) Concurrent Reset 0.372ms
[2019-06-24T09:22:48.796+0000][1][gc,cpu       ] GC(18) User=0.00s Sys=0.00s Real=0.00s
[2019-06-24T09:22:48.796+0000][1][gc,heap      ] GC(18) Old: 55571K->55356K(174784K)
[2019-06-24T09:22:48.828+0000][1][safepoint    ] Application time: 0.0387643 seconds
[2019-06-24T09:22:48.828+0000][1][safepoint    ] Entering safepoint region: RevokeBias
[2019-06-24T09:22:48.828+0000][1][safepoint    ] Leaving safepoint region
[2019-06-24T09:22:48.828+0000][1][safepoint    ] Total time for which application threads were stopped: 0.0000823 seconds, Stopping threads took: 0.0000121 seconds
[2019-06-24T09:22:48.862+0000][1][safepoint    ] Application time: 0.0341867 seconds
[2019-06-24T09:22:48.862+0000][1][safepoint    ] Entering safepoint region: RevokeBias
[2019-06-24T09:22:48.862+0000][1][safepoint    ] Leaving safepoint region
[2019-06-24T09:22:48.862+0000][1][safepoint    ] Total time for which application threads were stopped: 0.0000839 seconds, Stopping threads took: 0.0000367 seconds
[2019-06-24T09:22:48.867+0000][1][safepoint    ] Application time: 0.0046163 seconds
[2019-06-24T09:22:48.867+0000][1][safepoint    ] Entering safepoint region: RevokeBias
[2019-06-24T09:22:48.867+0000][1][safepoint    ] Leaving safepoint region
[2019-06-24T09:22:48.867+0000][1][safepoint    ] Total time for which application threads were stopped: 0.0000558 seconds, Stopping threads took: 0.0000097 seconds
[2019-06-24T09:22:48.997+0000][1][safepoint    ] Application time: 0.1299548 seconds
[2019-06-24T09:22:48.997+0000][1][safepoint    ] Entering safepoint region: RevokeBias
[2019-06-24T09:22:48.997+0000][1][safepoint    ] Leaving safepoint region
[2019-06-24T09:22:48.997+0000][1][safepoint    ] Total time for which application threads were stopped: 0.0003884 seconds, Stopping threads took: 0.0000185 seconds
[2019-06-24T09:22:48.997+0000][1][safepoint    ] Application time: 0.0000651 seconds
[2019-06-24T09:22:48.997+0000][1][safepoint    ] Entering safepoint region: RevokeBias
[2019-06-24T09:22:48.997+0000][1][safepoint    ] Leaving safepoint region
[2019-06-24T09:22:48.997+0000][1][safepoint    ] Total time for which application threads were stopped: 0.0000851 seconds, Stopping threads took: 0.0000232 seconds
[2019-06-24T09:22:48.997+0000][1][safepoint    ] Application time: 0.0001618 seconds
[2019-06-24T09:22:48.998+0000][1][safepoint    ] Entering safepoint region: RevokeBias
[2019-06-24T09:22:48.998+0000][1][safepoint    ] Leaving safepoint region
[2019-06-24T09:22:48.998+0000][1][safepoint    ] Total time for which application threads were stopped: 0.0003295 seconds, Stopping threads took: 0.0002657 seconds
[2019-06-24T09:22:48.998+0000][1][safepoint    ] Application time: 0.0000558 seconds
[2019-06-24T09:22:48.998+0000][1][safepoint    ] Entering safepoint region: RevokeBias
[2019-06-24T09:22:48.998+0000][1][safepoint    ] Leaving safepoint region
[2019-06-24T09:22:48.998+0000][1][safepoint    ] Total time for which application threads were stopped: 0.0002638 seconds, Stopping threads took: 0.0002227 seconds
[2019-06-24T09:22:49.054+0000][1][safepoint    ] Application time: 0.0556618 seconds
[2019-06-24T09:22:49.054+0000][1][safepoint    ] Entering safepoint region: RevokeBias
[2019-06-24T09:22:49.054+0000][1][safepoint    ] Leaving safepoint region
[2019-06-24T09:22:49.054+0000][1][safepoint    ] Total time for which application threads were stopped: 0.0001055 seconds, Stopping threads took: 0.0000178 seconds
[2019-06-24T09:22:49.054+0000][1][safepoint    ] Application time: 0.0000738 seconds
[2019-06-24T09:22:49.054+0000][1][safepoint    ] Entering safepoint region: RevokeBias
[2019-06-24T09:22:49.054+0000][1][safepoint    ] Leaving safepoint region
[2019-06-24T09:22:49.054+0000][1][safepoint    ] Total time for which application threads were stopped: 0.0003103 seconds, Stopping threads took: 0.0002506 seconds
[2019-06-24T09:22:49.054+0000][1][safepoint    ] Application time: 0.0000808 seconds
[2019-06-24T09:22:49.055+0000][1][safepoint    ] Entering safepoint region: RevokeBias
[2019-06-24T09:22:49.055+0000][1][safepoint    ] Leaving safepoint region
[2019-06-24T09:22:49.055+0000][1][safepoint    ] Total time for which application threads were stopped: 0.0001364 seconds, Stopping threads took: 0.0000841 seconds
[2019-06-24T09:22:49.055+0000][1][safepoint    ] Application time: 0.0003126 seconds
[2019-06-24T09:22:49.055+0000][1][safepoint    ] Entering safepoint region: RevokeBias
[2019-06-24T09:22:49.055+0000][1][safepoint    ] Leaving safepoint region
[2019-06-24T09:22:49.055+0000][1][safepoint    ] Total time for which application threads were stopped: 0.0001050 seconds, Stopping threads took: 0.0000397 seconds
[2019-06-24T09:22:49.055+0000][1][safepoint    ] Application time: 0.0002427 seconds
[2019-06-24T09:22:49.055+0000][1][safepoint    ] Entering safepoint region: RevokeBias
[2019-06-24T09:22:49.055+0000][1][safepoint    ] Leaving safepoint region
[2019-06-24T09:22:49.055+0000][1][safepoint    ] Total time for which application threads were stopped: 0.0001016 seconds, Stopping threads took: 0.0000361 seconds
[2019-06-24T09:22:49.056+0000][1][safepoint    ] Application time: 0.0000827 seconds
[2019-06-24T09:22:49.056+0000][1][safepoint    ] Entering safepoint region: RevokeBias
[2019-06-24T09:22:49.056+0000][1][safepoint    ] Leaving safepoint region
[2019-06-24T09:22:49.056+0000][1][safepoint    ] Total time for which application threads were stopped: 0.0001358 seconds, Stopping threads took: 0.0000749 seconds
[2019-06-24T09:22:49.056+0000][1][safepoint    ] Application time: 0.0003115 seconds
[2019-06-24T09:22:49.056+0000][1][safepoint    ] Entering safepoint region: RevokeBias
[2019-06-24T09:22:49.056+0000][1][safepoint    ] Leaving safepoint region
[2019-06-24T09:22:49.056+0000][1][safepoint    ] Total time for which application threads were stopped: 0.0000802 seconds, Stopping threads took: 0.0000118 seconds
[2019-06-24T09:22:49.056+0000][1][safepoint    ] Application time: 0.0000442 seconds
[2019-06-24T09:22:49.056+0000][1][safepoint    ] Entering safepoint region: RevokeBias
[2019-06-24T09:22:49.056+0000][1][safepoint    ] Leaving safepoint region
[2019-06-24T09:22:49.056+0000][1][safepoint    ] Total time for which application threads were stopped: 0.0002349 seconds, Stopping threads took: 0.0001593 seconds
[2019-06-24T09:22:49.056+0000][1][safepoint    ] Application time: 0.0000466 seconds
[2019-06-24T09:22:49.057+0000][1][safepoint    ] Entering safepoint region: RevokeBias
[2019-06-24T09:22:49.057+0000][1][safepoint    ] Leaving safepoint region
[2019-06-24T09:22:49.057+0000][1][safepoint    ] Total time for which application threads were stopped: 0.0001467 seconds, Stopping threads took: 0.0001003 seconds
[2019-06-24T09:22:49.057+0000][1][safepoint    ] Application time: 0.0000480 seconds
[2019-06-24T09:22:49.057+0000][1][safepoint    ] Entering safepoint region: RevokeBias
[2019-06-24T09:22:49.057+0000][1][safepoint    ] Leaving safepoint region
[2019-06-24T09:22:49.057+0000][1][safepoint    ] Total time for which application threads were stopped: 0.0000868 seconds, Stopping threads took: 0.0000326 seconds
[2019-06-24T09:22:49.057+0000][1][safepoint    ] Application time: 0.0000465 seconds
[2019-06-24T09:22:49.057+0000][1][safepoint    ] Entering safepoint region: RevokeBias
[2019-06-24T09:22:49.057+0000][1][safepoint    ] Leaving safepoint region
[2019-06-24T09:22:49.057+0000][1][safepoint    ] Total time for which application threads were stopped: 0.0000755 seconds, Stopping threads took: 0.0000211 seconds
[2019-06-24T09:22:49.057+0000][1][safepoint    ] Application time: 0.0000412 seconds
[2019-06-24T09:22:49.057+0000][1][safepoint    ] Entering safepoint region: RevokeBias
[2019-06-24T09:22:49.057+0000][1][safepoint    ] Leaving safepoint region
[2019-06-24T09:22:49.057+0000][1][safepoint    ] Total time for which application threads were stopped: 0.0000832 seconds, Stopping threads took: 0.0000254 seconds
[2019-06-24T09:22:49.057+0000][1][safepoint    ] Application time: 0.0000391 seconds
[2019-06-24T09:22:49.057+0000][1][safepoint    ] Entering safepoint region: RevokeBias
[2019-06-24T09:22:49.057+0000][1][safepoint    ] Leaving safepoint region
[2019-06-24T09:22:49.057+0000][1][safepoint    ] Total time for which application threads were stopped: 0.0000966 seconds, Stopping threads took: 0.0000336 seconds
[2019-06-24T09:22:49.057+0000][1][safepoint    ] Application time: 0.0000397 seconds
[2019-06-24T09:22:49.057+0000][1][safepoint    ] Entering safepoint region: RevokeBias
[2019-06-24T09:22:49.057+0000][1][safepoint    ] Leaving safepoint region
[2019-06-24T09:22:49.057+0000][1][safepoint    ] Total time for which application threads were stopped: 0.0000828 seconds, Stopping threads took: 0.0000375 seconds
[2019-06-24T09:22:49.057+0000][1][safepoint    ] Application time: 0.0000431 seconds
[2019-06-24T09:22:49.057+0000][1][safepoint    ] Entering safepoint region: RevokeBias
[2019-06-24T09:22:49.058+0000][1][safepoint    ] Leaving safepoint region
[2019-06-24T09:22:49.058+0000][1][safepoint    ] Total time for which application threads were stopped: 0.0000646 seconds, Stopping threads took: 0.0000218 seconds
[2019-06-24T09:22:49.058+0000][1][safepoint    ] Application time: 0.0000417 seconds
[2019-06-24T09:22:49.058+0000][1][safepoint    ] Entering safepoint region: RevokeBias
[2019-06-24T09:22:49.058+0000][1][safepoint    ] Leaving safepoint region
[2019-06-24T09:22:49.058+0000][1][safepoint    ] Total time for which application threads were stopped: 0.0000529 seconds, Stopping threads took: 0.0000098 seconds
[2019-06-24T09:22:49.058+0000][1][safepoint    ] Application time: 0.0000426 seconds
[2019-06-24T09:22:49.058+0000][1][safepoint    ] Entering safepoint region: RevokeBias
[2019-06-24T09:22:49.058+0000][1][safepoint    ] Leaving safepoint region
[2019-06-24T09:22:49.058+0000][1][safepoint    ] Total time for which application threads were stopped: 0.0000800 seconds, Stopping threads took: 0.0000316 seconds
[2019-06-24T09:22:49.058+0000][1][safepoint    ] Application time: 0.0000431 seconds
[2019-06-24T09:22:49.058+0000][1][safepoint    ] Entering safepoint region: RevokeBias
[2019-06-24T09:22:49.058+0000][1][safepoint    ] Leaving safepoint region
[2019-06-24T09:22:49.058+0000][1][safepoint    ] Total time for which application threads were stopped: 0.0000806 seconds, Stopping threads took: 0.0000323 seconds
[2019-06-24T09:22:49.058+0000][1][safepoint    ] Application time: 0.0000420 seconds
[2019-06-24T09:22:49.058+0000][1][safepoint    ] Entering safepoint region: RevokeBias
[2019-06-24T09:22:49.058+0000][1][safepoint    ] Leaving safepoint region
[2019-06-24T09:22:49.058+0000][1][safepoint    ] Total time for which application threads were stopped: 0.0000693 seconds, Stopping threads took: 0.0000263 seconds
[2019-06-24T09:22:49.058+0000][1][safepoint    ] Application time: 0.0000411 seconds
[2019-06-24T09:22:49.058+0000][1][safepoint    ] Entering safepoint region: RevokeBias
[2019-06-24T09:22:49.058+0000][1][safepoint    ] Leaving safepoint region
[2019-06-24T09:22:49.058+0000][1][safepoint    ] Total time for which application threads were stopped: 0.0000670 seconds, Stopping threads took: 0.0000259 seconds
[2019-06-24T09:22:49.058+0000][1][safepoint    ] Application time: 0.0000406 seconds
[2019-06-24T09:22:49.058+0000][1][safepoint    ] Entering safepoint region: RevokeBias
[2019-06-24T09:22:49.058+0000][1][safepoint    ] Leaving safepoint region
[2019-06-24T09:22:49.058+0000][1][safepoint    ] Total time for which application threads were stopped: 0.0000670 seconds, Stopping threads took: 0.0000259 seconds
[2019-06-24T09:22:49.058+0000][1][safepoint    ] Application time: 0.0000411 seconds
[2019-06-24T09:22:49.058+0000][1][safepoint    ] Entering safepoint region: RevokeBias
[2019-06-24T09:22:49.058+0000][1][safepoint    ] Leaving safepoint region
[2019-06-24T09:22:49.058+0000][1][safepoint    ] Total time for which application threads were stopped: 0.0000509 seconds, Stopping threads took: 0.0000100 seconds
[2019-06-24T09:22:49.058+0000][1][safepoint    ] Application time: 0.0000697 seconds
[2019-06-24T09:22:49.059+0000][1][safepoint    ] Entering safepoint region: RevokeBias
[2019-06-24T09:22:49.059+0000][1][safepoint    ] Leaving safepoint region
[2019-06-24T09:22:49.059+0000][1][safepoint    ] Total time for which application threads were stopped: 0.0000525 seconds, Stopping threads took: 0.0000101 seconds
[2019-06-24T09:22:49.059+0000][1][safepoint    ] Application time: 0.0000442 seconds
[2019-06-24T09:22:49.059+0000][1][safepoint    ] Entering safepoint region: RevokeBias
[2019-06-24T09:22:49.059+0000][1][safepoint    ] Leaving safepoint region
[2019-06-24T09:22:49.059+0000][1][safepoint    ] Total time for which application threads were stopped: 0.0000706 seconds, Stopping threads took: 0.0000287 seconds
[2019-06-24T09:22:49.059+0000][1][safepoint    ] Application time: 0.0000426 seconds
[2019-06-24T09:22:49.059+0000][1][safepoint    ] Entering safepoint region: RevokeBias
[2019-06-24T09:22:49.059+0000][1][safepoint    ] Leaving safepoint region
[2019-06-24T09:22:49.059+0000][1][safepoint    ] Total time for which application threads were stopped: 0.0000531 seconds, Stopping threads took: 0.0000097 seconds
[2019-06-24T09:22:49.059+0000][1][safepoint    ] Application time: 0.0000461 seconds
[2019-06-24T09:22:49.059+0000][1][safepoint    ] Entering safepoint region: BulkRevokeBias
[2019-06-24T09:22:49.059+0000][1][safepoint    ] Leaving safepoint region
[2019-06-24T09:22:49.059+0000][1][safepoint    ] Total time for which application threads were stopped: 0.0001128 seconds, Stopping threads took: 0.0000255 seconds
[2019-06-24T09:22:49.059+0000][1][safepoint    ] Application time: 0.0001683 seconds
[2019-06-24T09:22:49.059+0000][1][safepoint    ] Entering safepoint region: RevokeBias
[2019-06-24T09:22:49.059+0000][1][safepoint    ] Leaving safepoint region
[2019-06-24T09:22:49.059+0000][1][safepoint    ] Total time for which application threads were stopped: 0.0000568 seconds, Stopping threads took: 0.0000219 seconds
[2019-06-24T09:22:49.059+0000][1][safepoint    ] Application time: 0.0000684 seconds
[2019-06-24T09:22:49.059+0000][1][safepoint    ] Entering safepoint region: RevokeBias
[2019-06-24T09:22:49.059+0000][1][safepoint    ] Leaving safepoint region
[2019-06-24T09:22:49.059+0000][1][safepoint    ] Total time for which application threads were stopped: 0.0001400 seconds, Stopping threads took: 0.0001031 seconds
[2019-06-24T09:22:49.060+0000][1][safepoint    ] Application time: 0.0001017 seconds
[2019-06-24T09:22:49.060+0000][1][safepoint    ] Entering safepoint region: RevokeBias
[2019-06-24T09:22:49.060+0000][1][safepoint    ] Leaving safepoint region
[2019-06-24T09:22:49.060+0000][1][safepoint    ] Total time for which application threads were stopped: 0.0000487 seconds, Stopping threads took: 0.0000136 seconds
[2019-06-24T09:22:49.060+0000][1][safepoint    ] Application time: 0.0000604 seconds
[2019-06-24T09:22:49.060+0000][1][safepoint    ] Entering safepoint region: RevokeBias
[2019-06-24T09:22:49.060+0000][1][safepoint    ] Leaving safepoint region
[2019-06-24T09:22:49.060+0000][1][safepoint    ] Total time for which application threads were stopped: 0.0001061 seconds, Stopping threads took: 0.0000494 seconds
[2019-06-24T09:22:49.060+0000][1][safepoint    ] Application time: 0.0000699 seconds
[2019-06-24T09:22:49.060+0000][1][safepoint    ] Entering safepoint region: RevokeBias
[2019-06-24T09:22:49.060+0000][1][safepoint    ] Leaving safepoint region
[2019-06-24T09:22:49.060+0000][1][safepoint    ] Total time for which application threads were stopped: 0.0000669 seconds, Stopping threads took: 0.0000104 seconds
[2019-06-24T09:22:49.060+0000][1][safepoint    ] Application time: 0.0000551 seconds
[2019-06-24T09:22:49.060+0000][1][safepoint    ] Entering safepoint region: RevokeBias
[2019-06-24T09:22:49.060+0000][1][safepoint    ] Leaving safepoint region
[2019-06-24T09:22:49.060+0000][1][safepoint    ] Total time for which application threads were stopped: 0.0000848 seconds, Stopping threads took: 0.0000315 seconds
[2019-06-24T09:22:49.060+0000][1][safepoint    ] Application time: 0.0000522 seconds
[2019-06-24T09:22:49.060+0000][1][safepoint    ] Entering safepoint region: RevokeBias
[2019-06-24T09:22:49.060+0000][1][safepoint    ] Leaving safepoint region
[2019-06-24T09:22:49.060+0000][1][safepoint    ] Total time for which application threads were stopped: 0.0000672 seconds, Stopping threads took: 0.0000386 seconds
[2019-06-24T09:22:49.060+0000][1][safepoint    ] Application time: 0.0000462 seconds
[2019-06-24T09:22:49.060+0000][1][safepoint    ] Entering safepoint region: RevokeBias
[2019-06-24T09:22:49.060+0000][1][safepoint    ] Leaving safepoint region
[2019-06-24T09:22:49.060+0000][1][safepoint    ] Total time for which application threads were stopped: 0.0000509 seconds, Stopping threads took: 0.0000214 seconds
[2019-06-24T09:22:49.060+0000][1][safepoint    ] Application time: 0.0000389 seconds
[2019-06-24T09:22:49.061+0000][1][safepoint    ] Entering safepoint region: RevokeBias
[2019-06-24T09:22:49.061+0000][1][safepoint    ] Leaving safepoint region
[2019-06-24T09:22:49.061+0000][1][safepoint    ] Total time for which application threads were stopped: 0.0001301 seconds, Stopping threads took: 0.0000984 seconds
[2019-06-24T09:22:49.061+0000][1][safepoint    ] Application time: 0.0000342 seconds
[2019-06-24T09:22:49.061+0000][1][safepoint    ] Entering safepoint region: RevokeBias
[2019-06-24T09:22:49.061+0000][1][safepoint    ] Leaving safepoint region
[2019-06-24T09:22:49.061+0000][1][safepoint    ] Total time for which application threads were stopped: 0.0000348 seconds, Stopping threads took: 0.0000065 seconds
[2019-06-24T09:22:49.061+0000][1][safepoint    ] Application time: 0.0000340 seconds
[2019-06-24T09:22:49.061+0000][1][safepoint    ] Entering safepoint region: RevokeBias
[2019-06-24T09:22:49.061+0000][1][safepoint    ] Leaving safepoint region
[2019-06-24T09:22:49.061+0000][1][safepoint    ] Total time for which application threads were stopped: 0.0000828 seconds, Stopping threads took: 0.0000340 seconds
[2019-06-24T09:22:49.061+0000][1][safepoint    ] Application time: 0.0000476 seconds
[2019-06-24T09:22:49.061+0000][1][safepoint    ] Entering safepoint region: RevokeBias
[2019-06-24T09:22:49.061+0000][1][safepoint    ] Leaving safepoint region
[2019-06-24T09:22:49.061+0000][1][safepoint    ] Total time for which application threads were stopped: 0.0000565 seconds, Stopping threads took: 0.0000246 seconds
[2019-06-24T09:22:49.061+0000][1][safepoint    ] Application time: 0.0000342 seconds
[2019-06-24T09:22:49.061+0000][1][safepoint    ] Entering safepoint region: RevokeBias
[2019-06-24T09:22:49.061+0000][1][safepoint    ] Leaving safepoint region
[2019-06-24T09:22:49.061+0000][1][safepoint    ] Total time for which application threads were stopped: 0.0000519 seconds, Stopping threads took: 0.0000068 seconds
[2019-06-24T09:22:49.061+0000][1][safepoint    ] Application time: 0.0000383 seconds
[2019-06-24T09:22:49.061+0000][1][safepoint    ] Entering safepoint region: RevokeBias
[2019-06-24T09:22:49.061+0000][1][safepoint    ] Leaving safepoint region
[2019-06-24T09:22:49.061+0000][1][safepoint    ] Total time for which application threads were stopped: 0.0000670 seconds, Stopping threads took: 0.0000409 seconds
[2019-06-24T09:22:49.061+0000][1][safepoint    ] Application time: 0.0000340 seconds
[2019-06-24T09:22:49.061+0000][1][safepoint    ] Entering safepoint region: RevokeBias
[2019-06-24T09:22:49.061+0000][1][safepoint    ] Leaving safepoint region
[2019-06-24T09:22:49.061+0000][1][safepoint    ] Total time for which application threads were stopped: 0.0002434 seconds, Stopping threads took: 0.0002134 seconds
[2019-06-24T09:22:49.061+0000][1][safepoint    ] Application time: 0.0000355 seconds
[2019-06-24T09:22:49.061+0000][1][safepoint    ] Entering safepoint region: RevokeBias
[2019-06-24T09:22:49.062+0000][1][safepoint    ] Leaving safepoint region
[2019-06-24T09:22:49.062+0000][1][safepoint    ] Total time for which application threads were stopped: 0.0000603 seconds, Stopping threads took: 0.0000297 seconds
[2019-06-24T09:22:49.062+0000][1][safepoint    ] Application time: 0.0000339 seconds
[2019-06-24T09:22:49.062+0000][1][safepoint    ] Entering safepoint region: RevokeBias
[2019-06-24T09:22:49.062+0000][1][safepoint    ] Leaving safepoint region
[2019-06-24T09:22:49.062+0000][1][safepoint    ] Total time for which application threads were stopped: 0.0000404 seconds, Stopping threads took: 0.0000101 seconds
[2019-06-24T09:22:49.062+0000][1][safepoint    ] Application time: 0.0000337 seconds
[2019-06-24T09:22:49.062+0000][1][safepoint    ] Entering safepoint region: RevokeBias
[2019-06-24T09:22:49.062+0000][1][safepoint    ] Leaving safepoint region
[2019-06-24T09:22:49.062+0000][1][safepoint    ] Total time for which application threads were stopped: 0.0000526 seconds, Stopping threads took: 0.0000233 seconds
[2019-06-24T09:22:49.062+0000][1][safepoint    ] Application time: 0.0000339 seconds
[2019-06-24T09:22:49.062+0000][1][safepoint    ] Entering safepoint region: RevokeBias
[2019-06-24T09:22:49.062+0000][1][safepoint    ] Leaving safepoint region
[2019-06-24T09:22:49.062+0000][1][safepoint    ] Total time for which application threads were stopped: 0.0000540 seconds, Stopping threads took: 0.0000230 seconds
[2019-06-24T09:22:49.062+0000][1][safepoint    ] Application time: 0.0000367 seconds
[2019-06-24T09:22:49.062+0000][1][safepoint    ] Entering safepoint region: RevokeBias
[2019-06-24T09:22:49.062+0000][1][safepoint    ] Leaving safepoint region
[2019-06-24T09:22:49.062+0000][1][safepoint    ] Total time for which application threads were stopped: 0.0000660 seconds, Stopping threads took: 0.0000373 seconds
[2019-06-24T09:22:49.062+0000][1][safepoint    ] Application time: 0.0000335 seconds
[2019-06-24T09:22:49.062+0000][1][safepoint    ] Entering safepoint region: RevokeBias
[2019-06-24T09:22:49.062+0000][1][safepoint    ] Leaving safepoint region
[2019-06-24T09:22:49.062+0000][1][safepoint    ] Total time for which application threads were stopped: 0.0000531 seconds, Stopping threads took: 0.0000253 seconds
[2019-06-24T09:22:49.062+0000][1][safepoint    ] Application time: 0.0000338 seconds
[2019-06-24T09:22:49.062+0000][1][safepoint    ] Entering safepoint region: RevokeBias
[2019-06-24T09:22:49.062+0000][1][safepoint    ] Leaving safepoint region
[2019-06-24T09:22:49.062+0000][1][safepoint    ] Total time for which application threads were stopped: 0.0000604 seconds, Stopping threads took: 0.0000324 seconds
[2019-06-24T09:22:49.062+0000][1][safepoint    ] Application time: 0.0000350 seconds
[2019-06-24T09:22:49.062+0000][1][safepoint    ] Entering safepoint region: RevokeBias
[2019-06-24T09:22:49.062+0000][1][safepoint    ] Leaving safepoint region
[2019-06-24T09:22:49.062+0000][1][safepoint    ] Total time for which application threads were stopped: 0.0000381 seconds, Stopping threads took: 0.0000099 seconds
[2019-06-24T09:22:49.062+0000][1][safepoint    ] Application time: 0.0000362 seconds
[2019-06-24T09:22:49.062+0000][1][safepoint    ] Entering safepoint region: BulkRevokeBias
[2019-06-24T09:22:49.063+0000][1][safepoint    ] Leaving safepoint region
[2019-06-24T09:22:49.063+0000][1][safepoint    ] Total time for which application threads were stopped: 0.0002594 seconds, Stopping threads took: 0.0001457 seconds
[2019-06-24T09:22:49.064+0000][1][safepoint    ] Application time: 0.0016169 seconds
[2019-06-24T09:22:49.064+0000][1][safepoint    ] Entering safepoint region: RevokeBias
[2019-06-24T09:22:49.064+0000][1][safepoint    ] Leaving safepoint region
[2019-06-24T09:22:49.064+0000][1][safepoint    ] Total time for which application threads were stopped: 0.0000905 seconds, Stopping threads took: 0.0000113 seconds
[2019-06-24T09:22:49.064+0000][1][safepoint    ] Application time: 0.0000909 seconds
[2019-06-24T09:22:49.064+0000][1][safepoint    ] Entering safepoint region: RevokeBias
[2019-06-24T09:22:49.064+0000][1][safepoint    ] Leaving safepoint region
[2019-06-24T09:22:49.064+0000][1][safepoint    ] Total time for which application threads were stopped: 0.0000632 seconds, Stopping threads took: 0.0000278 seconds
[2019-06-24T09:22:49.065+0000][1][safepoint    ] Application time: 0.0001721 seconds
[2019-06-24T09:22:49.065+0000][1][safepoint    ] Entering safepoint region: RevokeBias
[2019-06-24T09:22:49.065+0000][1][safepoint    ] Leaving safepoint region
[2019-06-24T09:22:49.065+0000][1][safepoint    ] Total time for which application threads were stopped: 0.0000803 seconds, Stopping threads took: 0.0000340 seconds
[2019-06-24T09:22:49.065+0000][1][safepoint    ] Application time: 0.0000578 seconds
[2019-06-24T09:22:49.065+0000][1][safepoint    ] Entering safepoint region: RevokeBias
[2019-06-24T09:22:49.065+0000][1][safepoint    ] Leaving safepoint region
[2019-06-24T09:22:49.065+0000][1][safepoint    ] Total time for which application threads were stopped: 0.0000858 seconds, Stopping threads took: 0.0000365 seconds
[2019-06-24T09:22:49.065+0000][1][safepoint    ] Application time: 0.0000439 seconds
[2019-06-24T09:22:49.065+0000][1][safepoint    ] Entering safepoint region: RevokeBias
[2019-06-24T09:22:49.065+0000][1][safepoint    ] Leaving safepoint region
[2019-06-24T09:22:49.065+0000][1][safepoint    ] Total time for which application threads were stopped: 0.0000555 seconds, Stopping threads took: 0.0000105 seconds
[2019-06-24T09:22:49.065+0000][1][safepoint    ] Application time: 0.0000391 seconds
[2019-06-24T09:22:49.065+0000][1][safepoint    ] Entering safepoint region: RevokeBias
[2019-06-24T09:22:49.065+0000][1][safepoint    ] Leaving safepoint region
[2019-06-24T09:22:49.065+0000][1][safepoint    ] Total time for which application threads were stopped: 0.0000498 seconds, Stopping threads took: 0.0000126 seconds
[2019-06-24T09:22:49.065+0000][1][safepoint    ] Application time: 0.0003560 seconds
[2019-06-24T09:22:49.066+0000][1][safepoint    ] Entering safepoint region: RevokeBias
[2019-06-24T09:22:49.066+0000][1][safepoint    ] Leaving safepoint region
[2019-06-24T09:22:49.066+0000][1][safepoint    ] Total time for which application threads were stopped: 0.0000871 seconds, Stopping threads took: 0.0000335 seconds
[2019-06-24T09:22:49.066+0000][1][safepoint    ] Application time: 0.0002662 seconds
[2019-06-24T09:22:49.066+0000][1][safepoint    ] Entering safepoint region: RevokeBias
[2019-06-24T09:22:49.066+0000][1][safepoint    ] Leaving safepoint region
[2019-06-24T09:22:49.066+0000][1][safepoint    ] Total time for which application threads were stopped: 0.0000825 seconds, Stopping threads took: 0.0000341 seconds
[2019-06-24T09:22:49.066+0000][1][safepoint    ] Application time: 0.0001111 seconds
[2019-06-24T09:22:49.066+0000][1][safepoint    ] Entering safepoint region: RevokeBias
[2019-06-24T09:22:49.066+0000][1][safepoint    ] Leaving safepoint region
[2019-06-24T09:22:49.066+0000][1][safepoint    ] Total time for which application threads were stopped: 0.0000745 seconds, Stopping threads took: 0.0000322 seconds
[2019-06-24T09:22:49.066+0000][1][safepoint    ] Application time: 0.0000825 seconds
[2019-06-24T09:22:49.067+0000][1][safepoint    ] Entering safepoint region: RevokeBias
[2019-06-24T09:22:49.067+0000][1][safepoint    ] Leaving safepoint region
[2019-06-24T09:22:49.067+0000][1][safepoint    ] Total time for which application threads were stopped: 0.0004288 seconds, Stopping threads took: 0.0003841 seconds
[2019-06-24T09:22:49.067+0000][1][safepoint    ] Application time: 0.0003305 seconds
[2019-06-24T09:22:49.067+0000][1][safepoint    ] Entering safepoint region: RevokeBias
[2019-06-24T09:22:49.067+0000][1][safepoint    ] Leaving safepoint region
[2019-06-24T09:22:49.067+0000][1][safepoint    ] Total time for which application threads were stopped: 0.0001387 seconds, Stopping threads took: 0.0000819 seconds
[2019-06-24T09:22:49.068+0000][1][safepoint    ] Application time: 0.0004155 seconds
[2019-06-24T09:22:49.068+0000][1][safepoint    ] Entering safepoint region: RevokeBias
[2019-06-24T09:22:49.068+0000][1][safepoint    ] Leaving safepoint region
[2019-06-24T09:22:49.068+0000][1][safepoint    ] Total time for which application threads were stopped: 0.0003899 seconds, Stopping threads took: 0.0003400 seconds
[2019-06-24T09:22:49.068+0000][1][safepoint    ] Application time: 0.0001101 seconds
[2019-06-24T09:22:49.068+0000][1][safepoint    ] Entering safepoint region: RevokeBias
[2019-06-24T09:22:49.068+0000][1][safepoint    ] Leaving safepoint region
[2019-06-24T09:22:49.068+0000][1][safepoint    ] Total time for which application threads were stopped: 0.0001174 seconds, Stopping threads took: 0.0000851 seconds
[2019-06-24T09:22:49.068+0000][1][safepoint    ] Application time: 0.0000521 seconds
[2019-06-24T09:22:49.068+0000][1][safepoint    ] Entering safepoint region: RevokeBias
[2019-06-24T09:22:49.068+0000][1][safepoint    ] Leaving safepoint region
[2019-06-24T09:22:49.068+0000][1][safepoint    ] Total time for which application threads were stopped: 0.0000812 seconds, Stopping threads took: 0.0000524 seconds
[2019-06-24T09:22:49.069+0000][1][safepoint    ] Application time: 0.0002140 seconds
[2019-06-24T09:22:49.069+0000][1][safepoint    ] Entering safepoint region: RevokeBias
[2019-06-24T09:22:49.069+0000][1][safepoint    ] Leaving safepoint region
[2019-06-24T09:22:49.069+0000][1][safepoint    ] Total time for which application threads were stopped: 0.0000494 seconds, Stopping threads took: 0.0000090 seconds
[2019-06-24T09:22:49.070+0000][1][safepoint    ] Application time: 0.0016733 seconds
[2019-06-24T09:22:49.071+0000][1][safepoint    ] Entering safepoint region: RevokeBias
[2019-06-24T09:22:49.071+0000][1][safepoint    ] Leaving safepoint region
[2019-06-24T09:22:49.071+0000][1][safepoint    ] Total time for which application threads were stopped: 0.0002353 seconds, Stopping threads took: 0.0001876 seconds
[2019-06-24T09:22:49.071+0000][1][safepoint    ] Application time: 0.0001221 seconds
[2019-06-24T09:22:49.071+0000][1][safepoint    ] Entering safepoint region: RevokeBias
[2019-06-24T09:22:49.071+0000][1][safepoint    ] Leaving safepoint region
[2019-06-24T09:22:49.071+0000][1][safepoint    ] Total time for which application threads were stopped: 0.0002299 seconds, Stopping threads took: 0.0001836 seconds
[2019-06-24T09:22:49.071+0000][1][safepoint    ] Application time: 0.0000498 seconds
[2019-06-24T09:22:49.071+0000][1][safepoint    ] Entering safepoint region: RevokeBias
[2019-06-24T09:22:49.071+0000][1][safepoint    ] Leaving safepoint region
[2019-06-24T09:22:49.071+0000][1][safepoint    ] Total time for which application threads were stopped: 0.0000914 seconds, Stopping threads took: 0.0000603 seconds
[2019-06-24T09:22:49.073+0000][1][safepoint    ] Application time: 0.0022086 seconds
[2019-06-24T09:22:49.073+0000][1][safepoint    ] Entering safepoint region: RevokeBias
[2019-06-24T09:22:49.074+0000][1][safepoint    ] Leaving safepoint region
[2019-06-24T09:22:49.074+0000][1][safepoint    ] Total time for which application threads were stopped: 0.0001254 seconds, Stopping threads took: 0.0000579 seconds
[2019-06-24T09:22:49.074+0000][1][safepoint    ] Application time: 0.0000583 seconds
[2019-06-24T09:22:49.074+0000][1][safepoint    ] Entering safepoint region: RevokeBias
[2019-06-24T09:22:49.074+0000][1][safepoint    ] Leaving safepoint region
[2019-06-24T09:22:49.074+0000][1][safepoint    ] Total time for which application threads were stopped: 0.0001001 seconds, Stopping threads took: 0.0000668 seconds
[2019-06-24T09:22:49.074+0000][1][safepoint    ] Application time: 0.0002605 seconds
[2019-06-24T09:22:49.074+0000][1][safepoint    ] Entering safepoint region: RevokeBias
[2019-06-24T09:22:49.074+0000][1][safepoint    ] Leaving safepoint region
[2019-06-24T09:22:49.074+0000][1][safepoint    ] Total time for which application threads were stopped: 0.0000817 seconds, Stopping threads took: 0.0000506 seconds
[2019-06-24T09:22:49.083+0000][1][safepoint    ] Application time: 0.0088584 seconds
[2019-06-24T09:22:49.083+0000][1][safepoint    ] Entering safepoint region: GenCollectForAllocation
[2019-06-24T09:22:49.083+0000][1][gc,start     ] GC(19) Pause Young (Allocation Failure)
[2019-06-24T09:22:49.083+0000][1][gc,task      ] GC(19) Using 5 workers of 8 for evacuation
[2019-06-24T09:22:49.089+0000][1][gc,age       ] GC(19) Desired survivor size 4456448 bytes, new threshold 2 (max threshold 6)
[2019-06-24T09:22:49.089+0000][1][gc,age       ] GC(19) Age table with threshold 2 (max threshold 6)
[2019-06-24T09:22:49.089+0000][1][gc,age       ] GC(19) - age   1:    3112056 bytes,    3112056 total
[2019-06-24T09:22:49.089+0000][1][gc,age       ] GC(19) - age   2:    3657008 bytes,    6769064 total
[2019-06-24T09:22:49.089+0000][1][gc,age       ] GC(19) - age   3:     310080 bytes,    7079144 total
[2019-06-24T09:22:49.089+0000][1][gc,heap      ] GC(19) ParNew: 74628K->8704K(78656K)
[2019-06-24T09:22:49.089+0000][1][gc,heap      ] GC(19) CMS: 55356K->55356K(174784K)
[2019-06-24T09:22:49.089+0000][1][gc,metaspace ] GC(19) Metaspace: 46961K->46961K(1091584K)
[2019-06-24T09:22:49.089+0000][1][gc           ] GC(19) Pause Young (Allocation Failure) 126M->62M(247M) 6.317ms
[2019-06-24T09:22:49.089+0000][1][gc,cpu       ] GC(19) User=0.04s Sys=0.00s Real=0.00s
[2019-06-24T09:22:49.089+0000][1][safepoint    ] Leaving safepoint region
[2019-06-24T09:22:49.089+0000][1][safepoint    ] Total time for which application threads were stopped: 0.0064250 seconds, Stopping threads took: 0.0000121 seconds
[2019-06-24T09:22:49.090+0000][1][safepoint    ] Application time: 0.0002832 seconds
[2019-06-24T09:22:49.090+0000][1][safepoint    ] Entering safepoint region: RevokeBias
[2019-06-24T09:22:49.090+0000][1][safepoint    ] Leaving safepoint region
[2019-06-24T09:22:49.090+0000][1][safepoint    ] Total time for which application threads were stopped: 0.0000412 seconds, Stopping threads took: 0.0000094 seconds
[2019-06-24T09:22:49.122+0000][1][safepoint    ] Application time: 0.0324850 seconds
[2019-06-24T09:22:49.122+0000][1][safepoint    ] Entering safepoint region: RevokeBias
[2019-06-24T09:22:49.122+0000][1][safepoint    ] Leaving safepoint region
[2019-06-24T09:22:49.122+0000][1][safepoint    ] Total time for which application threads were stopped: 0.0000726 seconds, Stopping threads took: 0.0000119 seconds
[2019-06-24T09:22:49.553+0000][1][safepoint    ] Application time: 0.4304174 seconds
[2019-06-24T09:22:49.553+0000][1][safepoint    ] Entering safepoint region: GenCollectForAllocation
[2019-06-24T09:22:49.553+0000][1][gc,start     ] GC(20) Pause Young (Allocation Failure)
[2019-06-24T09:22:49.553+0000][1][gc,task      ] GC(20) Using 5 workers of 8 for evacuation
[2019-06-24T09:22:49.563+0000][1][gc,age       ] GC(20) Desired survivor size 4456448 bytes, new threshold 2 (max threshold 6)
[2019-06-24T09:22:49.563+0000][1][gc,age       ] GC(20) Age table with threshold 2 (max threshold 6)
[2019-06-24T09:22:49.563+0000][1][gc,age       ] GC(20) - age   1:    1440984 bytes,    1440984 total
[2019-06-24T09:22:49.563+0000][1][gc,age       ] GC(20) - age   2:    3066864 bytes,    4507848 total
[2019-06-24T09:22:49.563+0000][1][gc,heap      ] GC(20) ParNew: 78656K->7241K(78656K)
[2019-06-24T09:22:49.563+0000][1][gc,heap      ] GC(20) CMS: 55356K->59360K(174784K)
[2019-06-24T09:22:49.563+0000][1][gc,metaspace ] GC(20) Metaspace: 53481K->53481K(1097728K)
[2019-06-24T09:22:49.563+0000][1][gc           ] GC(20) Pause Young (Allocation Failure) 130M->65M(247M) 10.260ms
[2019-06-24T09:22:49.563+0000][1][gc,cpu       ] GC(20) User=0.07s Sys=0.00s Real=0.02s
[2019-06-24T09:22:49.563+0000][1][safepoint    ] Leaving safepoint region
[2019-06-24T09:22:49.563+0000][1][safepoint    ] Total time for which application threads were stopped: 0.0105199 seconds, Stopping threads took: 0.0000199 seconds
[2019-06-24T09:22:49.745+0000][1][safepoint    ] Application time: 0.1819195 seconds
[2019-06-24T09:22:49.745+0000][1][safepoint    ] Entering safepoint region: Deoptimize
[2019-06-24T09:22:49.746+0000][1][safepoint    ] Leaving safepoint region
[2019-06-24T09:22:49.746+0000][1][safepoint    ] Total time for which application threads were stopped: 0.0008281 seconds, Stopping threads took: 0.0000119 seconds
[2019-06-24T09:22:49.777+0000][1][safepoint    ] Application time: 0.0306362 seconds
[2019-06-24T09:22:49.777+0000][1][safepoint    ] Entering safepoint region: RevokeBias
[2019-06-24T09:22:49.777+0000][1][safepoint    ] Leaving safepoint region
[2019-06-24T09:22:49.777+0000][1][safepoint    ] Total time for which application threads were stopped: 0.0000686 seconds, Stopping threads took: 0.0000115 seconds
[2019-06-24T09:22:49.777+0000][1][safepoint    ] Application time: 0.0001993 seconds
[2019-06-24T09:22:49.777+0000][1][safepoint    ] Entering safepoint region: RevokeBias
[2019-06-24T09:22:49.777+0000][1][safepoint    ] Leaving safepoint region
[2019-06-24T09:22:49.777+0000][1][safepoint    ] Total time for which application threads were stopped: 0.0001462 seconds, Stopping threads took: 0.0001004 seconds
[2019-06-24T09:22:49.777+0000][1][safepoint    ] Application time: 0.0002006 seconds
[2019-06-24T09:22:49.778+0000][1][safepoint    ] Entering safepoint region: RevokeBias
[2019-06-24T09:22:49.778+0000][1][safepoint    ] Leaving safepoint region
[2019-06-24T09:22:49.778+0000][1][safepoint    ] Total time for which application threads were stopped: 0.0001223 seconds, Stopping threads took: 0.0000874 seconds
[2019-06-24T09:22:49.780+0000][1][safepoint    ] Application time: 0.0021520 seconds
[2019-06-24T09:22:49.780+0000][1][safepoint    ] Entering safepoint region: RevokeBias
[2019-06-24T09:22:49.780+0000][1][safepoint    ] Leaving safepoint region
[2019-06-24T09:22:49.780+0000][1][safepoint    ] Total time for which application threads were stopped: 0.0000532 seconds, Stopping threads took: 0.0000103 seconds
[2019-06-24T09:22:49.931+0000][1][safepoint    ] Application time: 0.1510494 seconds
[2019-06-24T09:22:49.931+0000][1][safepoint    ] Entering safepoint region: Deoptimize
[2019-06-24T09:22:49.933+0000][1][safepoint    ] Leaving safepoint region
[2019-06-24T09:22:49.933+0000][1][safepoint    ] Total time for which application threads were stopped: 0.0016382 seconds, Stopping threads took: 0.0000192 seconds
[2019-06-24T09:22:49.991+0000][1][safepoint    ] Application time: 0.0585225 seconds
[2019-06-24T09:22:49.991+0000][1][safepoint    ] Entering safepoint region: RevokeBias
[2019-06-24T09:22:49.991+0000][1][safepoint    ] Leaving safepoint region
[2019-06-24T09:22:49.991+0000][1][safepoint    ] Total time for which application threads were stopped: 0.0001860 seconds, Stopping threads took: 0.0001088 seconds
[2019-06-24T09:22:49.992+0000][1][safepoint    ] Application time: 0.0006636 seconds
[2019-06-24T09:22:49.992+0000][1][safepoint    ] Entering safepoint region: BulkRevokeBias
[2019-06-24T09:22:49.992+0000][1][safepoint    ] Leaving safepoint region
[2019-06-24T09:22:49.992+0000][1][safepoint    ] Total time for which application threads were stopped: 0.0002621 seconds, Stopping threads took: 0.0001519 seconds
[2019-06-24T09:22:50.233+0000][1][safepoint    ] Application time: 0.2402316 seconds
[2019-06-24T09:22:50.233+0000][1][safepoint    ] Entering safepoint region: RevokeBias
[2019-06-24T09:22:50.233+0000][1][safepoint    ] Leaving safepoint region
[2019-06-24T09:22:50.233+0000][1][safepoint    ] Total time for which application threads were stopped: 0.0002039 seconds, Stopping threads took: 0.0000953 seconds
[2019-06-24T09:22:50.233+0000][1][safepoint    ] Application time: 0.0001461 seconds
[2019-06-24T09:22:50.233+0000][1][safepoint    ] Entering safepoint region: RevokeBias
[2019-06-24T09:22:50.233+0000][1][safepoint    ] Leaving safepoint region
[2019-06-24T09:22:50.233+0000][1][safepoint    ] Total time for which application threads were stopped: 0.0000652 seconds, Stopping threads took: 0.0000362 seconds
[2019-06-24T09:22:50.233+0000][1][safepoint    ] Application time: 0.0002378 seconds
[2019-06-24T09:22:50.233+0000][1][safepoint    ] Entering safepoint region: RevokeBias
[2019-06-24T09:22:50.233+0000][1][safepoint    ] Leaving safepoint region
[2019-06-24T09:22:50.233+0000][1][safepoint    ] Total time for which application threads were stopped: 0.0000630 seconds, Stopping threads took: 0.0000364 seconds
[2019-06-24T09:22:50.251+0000][1][safepoint    ] Application time: 0.0174104 seconds
[2019-06-24T09:22:50.251+0000][1][safepoint    ] Entering safepoint region: RevokeBias
[2019-06-24T09:22:50.251+0000][1][safepoint    ] Leaving safepoint region
[2019-06-24T09:22:50.251+0000][1][safepoint    ] Total time for which application threads were stopped: 0.0000574 seconds, Stopping threads took: 0.0000120 seconds
[2019-06-24T09:22:50.251+0000][1][safepoint    ] Application time: 0.0001111 seconds
[2019-06-24T09:22:50.251+0000][1][safepoint    ] Entering safepoint region: BulkRevokeBias
[2019-06-24T09:22:50.251+0000][1][safepoint    ] Leaving safepoint region
[2019-06-24T09:22:50.251+0000][1][safepoint    ] Total time for which application threads were stopped: 0.0001021 seconds, Stopping threads took: 0.0000096 seconds
[2019-06-24T09:22:50.271+0000][1][safepoint    ] Application time: 0.0197946 seconds
[2019-06-24T09:22:50.271+0000][1][safepoint    ] Entering safepoint region: GenCollectForAllocation
[2019-06-24T09:22:50.271+0000][1][gc,start     ] GC(21) Pause Young (Allocation Failure)
[2019-06-24T09:22:50.271+0000][1][gc,task      ] GC(21) Using 5 workers of 8 for evacuation
[2019-06-24T09:22:50.279+0000][1][gc,age       ] GC(21) Desired survivor size 4456448 bytes, new threshold 2 (max threshold 6)
[2019-06-24T09:22:50.279+0000][1][gc,age       ] GC(21) Age table with threshold 2 (max threshold 6)
[2019-06-24T09:22:50.279+0000][1][gc,age       ] GC(21) - age   1:    3742384 bytes,    3742384 total
[2019-06-24T09:22:50.279+0000][1][gc,age       ] GC(21) - age   2:    1342312 bytes,    5084696 total
[2019-06-24T09:22:50.279+0000][1][gc,heap      ] GC(21) ParNew: 77193K->7696K(78656K)
[2019-06-24T09:22:50.279+0000][1][gc,heap      ] GC(21) CMS: 59360K->62426K(174784K)
[2019-06-24T09:22:50.279+0000][1][gc,metaspace ] GC(21) Metaspace: 61436K->61436K(1105920K)
[2019-06-24T09:22:50.279+0000][1][gc           ] GC(21) Pause Young (Allocation Failure) 133M->68M(247M) 8.351ms
[2019-06-24T09:22:50.279+0000][1][gc,cpu       ] GC(21) User=0.05s Sys=0.00s Real=0.01s
[2019-06-24T09:22:50.279+0000][1][safepoint    ] Leaving safepoint region
[2019-06-24T09:22:50.279+0000][1][safepoint    ] Total time for which application threads were stopped: 0.0084574 seconds, Stopping threads took: 0.0000128 seconds
[2019-06-24T09:22:50.333+0000][1][safepoint    ] Application time: 0.0541068 seconds
[2019-06-24T09:22:50.334+0000][1][safepoint    ] Entering safepoint region: Deoptimize
[2019-06-24T09:22:50.334+0000][1][safepoint    ] Leaving safepoint region
[2019-06-24T09:22:50.334+0000][1][safepoint    ] Total time for which application threads were stopped: 0.0003868 seconds, Stopping threads took: 0.0000119 seconds
[2019-06-24T09:22:50.340+0000][1][safepoint    ] Application time: 0.0056407 seconds
[2019-06-24T09:22:50.340+0000][1][safepoint    ] Entering safepoint region: RevokeBias
[2019-06-24T09:22:50.340+0000][1][safepoint    ] Leaving safepoint region
[2019-06-24T09:22:50.340+0000][1][safepoint    ] Total time for which application threads were stopped: 0.0001438 seconds, Stopping threads took: 0.0000907 seconds
[2019-06-24T09:22:50.340+0000][1][safepoint    ] Application time: 0.0002597 seconds
[2019-06-24T09:22:50.340+0000][1][safepoint    ] Entering safepoint region: RevokeBias
[2019-06-24T09:22:50.340+0000][1][safepoint    ] Leaving safepoint region
[2019-06-24T09:22:50.340+0000][1][safepoint    ] Total time for which application threads were stopped: 0.0001494 seconds, Stopping threads took: 0.0001083 seconds
[2019-06-24T09:22:50.340+0000][1][safepoint    ] Application time: 0.0000547 seconds
[2019-06-24T09:22:50.340+0000][1][safepoint    ] Entering safepoint region: RevokeBias
[2019-06-24T09:22:50.340+0000][1][safepoint    ] Leaving safepoint region
[2019-06-24T09:22:50.340+0000][1][safepoint    ] Total time for which application threads were stopped: 0.0000502 seconds, Stopping threads took: 0.0000227 seconds
[2019-06-24T09:22:50.340+0000][1][safepoint    ] Application time: 0.0001489 seconds
[2019-06-24T09:22:50.340+0000][1][safepoint    ] Entering safepoint region: RevokeBias
[2019-06-24T09:22:50.340+0000][1][safepoint    ] Leaving safepoint region
[2019-06-24T09:22:50.340+0000][1][safepoint    ] Total time for which application threads were stopped: 0.0000385 seconds, Stopping threads took: 0.0000085 seconds
[2019-06-24T09:22:50.341+0000][1][safepoint    ] Application time: 0.0005463 seconds
[2019-06-24T09:22:50.341+0000][1][safepoint    ] Entering safepoint region: RevokeBias
[2019-06-24T09:22:50.341+0000][1][safepoint    ] Leaving safepoint region
[2019-06-24T09:22:50.341+0000][1][safepoint    ] Total time for which application threads were stopped: 0.0000418 seconds, Stopping threads took: 0.0000090 seconds
[2019-06-24T09:22:50.341+0000][1][safepoint    ] Application time: 0.0000429 seconds
[2019-06-24T09:22:50.341+0000][1][safepoint    ] Entering safepoint region: RevokeBias
[2019-06-24T09:22:50.341+0000][1][safepoint    ] Leaving safepoint region
[2019-06-24T09:22:50.341+0000][1][safepoint    ] Total time for which application threads were stopped: 0.0000373 seconds, Stopping threads took: 0.0000080 seconds
[2019-06-24T09:22:50.341+0000][1][safepoint    ] Application time: 0.0001037 seconds
[2019-06-24T09:22:50.341+0000][1][safepoint    ] Entering safepoint region: RevokeBias
[2019-06-24T09:22:50.341+0000][1][safepoint    ] Leaving safepoint region
[2019-06-24T09:22:50.341+0000][1][safepoint    ] Total time for which application threads were stopped: 0.0000368 seconds, Stopping threads took: 0.0000084 seconds
[2019-06-24T09:22:50.342+0000][1][safepoint    ] Application time: 0.0002721 seconds
[2019-06-24T09:22:50.342+0000][1][safepoint    ] Entering safepoint region: RevokeBias
[2019-06-24T09:22:50.342+0000][1][safepoint    ] Leaving safepoint region
[2019-06-24T09:22:50.342+0000][1][safepoint    ] Total time for which application threads were stopped: 0.0000424 seconds, Stopping threads took: 0.0000083 seconds
[2019-06-24T09:22:50.342+0000][1][safepoint    ] Application time: 0.0000370 seconds
[2019-06-24T09:22:50.342+0000][1][safepoint    ] Entering safepoint region: RevokeBias
[2019-06-24T09:22:50.342+0000][1][safepoint    ] Leaving safepoint region
[2019-06-24T09:22:50.342+0000][1][safepoint    ] Total time for which application threads were stopped: 0.0000385 seconds, Stopping threads took: 0.0000081 seconds
[2019-06-24T09:22:50.342+0000][1][safepoint    ] Application time: 0.0000708 seconds
[2019-06-24T09:22:50.342+0000][1][safepoint    ] Entering safepoint region: RevokeBias
[2019-06-24T09:22:50.342+0000][1][safepoint    ] Leaving safepoint region
[2019-06-24T09:22:50.342+0000][1][safepoint    ] Total time for which application threads were stopped: 0.0000358 seconds, Stopping threads took: 0.0000074 seconds
[2019-06-24T09:22:50.342+0000][1][safepoint    ] Application time: 0.0000965 seconds
[2019-06-24T09:22:50.342+0000][1][safepoint    ] Entering safepoint region: RevokeBias
[2019-06-24T09:22:50.342+0000][1][safepoint    ] Leaving safepoint region
[2019-06-24T09:22:50.342+0000][1][safepoint    ] Total time for which application threads were stopped: 0.0000388 seconds, Stopping threads took: 0.0000081 seconds
[2019-06-24T09:22:50.342+0000][1][safepoint    ] Application time: 0.0001409 seconds
[2019-06-24T09:22:50.342+0000][1][safepoint    ] Entering safepoint region: RevokeBias
[2019-06-24T09:22:50.342+0000][1][safepoint    ] Leaving safepoint region
[2019-06-24T09:22:50.342+0000][1][safepoint    ] Total time for which application threads were stopped: 0.0000372 seconds, Stopping threads took: 0.0000086 seconds
[2019-06-24T09:22:50.342+0000][1][safepoint    ] Application time: 0.0001230 seconds
[2019-06-24T09:22:50.342+0000][1][safepoint    ] Entering safepoint region: RevokeBias
[2019-06-24T09:22:50.342+0000][1][safepoint    ] Leaving safepoint region
[2019-06-24T09:22:50.342+0000][1][safepoint    ] Total time for which application threads were stopped: 0.0000388 seconds, Stopping threads took: 0.0000078 seconds
[2019-06-24T09:22:50.343+0000][1][safepoint    ] Application time: 0.0000620 seconds
[2019-06-24T09:22:50.343+0000][1][safepoint    ] Entering safepoint region: RevokeBias
[2019-06-24T09:22:50.343+0000][1][safepoint    ] Leaving safepoint region
[2019-06-24T09:22:50.343+0000][1][safepoint    ] Total time for which application threads were stopped: 0.0000374 seconds, Stopping threads took: 0.0000076 seconds
[2019-06-24T09:22:50.343+0000][1][safepoint    ] Application time: 0.0004160 seconds
[2019-06-24T09:22:50.343+0000][1][safepoint    ] Entering safepoint region: RevokeBias
[2019-06-24T09:22:50.343+0000][1][safepoint    ] Leaving safepoint region
[2019-06-24T09:22:50.343+0000][1][safepoint    ] Total time for which application threads were stopped: 0.0000460 seconds, Stopping threads took: 0.0000089 seconds
[2019-06-24T09:22:50.344+0000][1][safepoint    ] Application time: 0.0007373 seconds
[2019-06-24T09:22:50.344+0000][1][safepoint    ] Entering safepoint region: RevokeBias
[2019-06-24T09:22:50.344+0000][1][safepoint    ] Leaving safepoint region
[2019-06-24T09:22:50.344+0000][1][safepoint    ] Total time for which application threads were stopped: 0.0000511 seconds, Stopping threads took: 0.0000094 seconds
[2019-06-24T09:22:50.344+0000][1][safepoint    ] Application time: 0.0000838 seconds
[2019-06-24T09:22:50.344+0000][1][safepoint    ] Entering safepoint region: RevokeBias
[2019-06-24T09:22:50.344+0000][1][safepoint    ] Leaving safepoint region
[2019-06-24T09:22:50.344+0000][1][safepoint    ] Total time for which application threads were stopped: 0.0000405 seconds, Stopping threads took: 0.0000082 seconds
[2019-06-24T09:22:50.345+0000][1][safepoint    ] Application time: 0.0013435 seconds
[2019-06-24T09:22:50.345+0000][1][safepoint    ] Entering safepoint region: RevokeBias
[2019-06-24T09:22:50.345+0000][1][safepoint    ] Leaving safepoint region
[2019-06-24T09:22:50.345+0000][1][safepoint    ] Total time for which application threads were stopped: 0.0000822 seconds, Stopping threads took: 0.0000488 seconds
[2019-06-24T09:22:50.346+0000][1][safepoint    ] Application time: 0.0000527 seconds
[2019-06-24T09:22:50.346+0000][1][safepoint    ] Entering safepoint region: RevokeBias
[2019-06-24T09:22:50.346+0000][1][safepoint    ] Leaving safepoint region
[2019-06-24T09:22:50.346+0000][1][safepoint    ] Total time for which application threads were stopped: 0.0000491 seconds, Stopping threads took: 0.0000179 seconds
[2019-06-24T09:22:50.346+0000][1][safepoint    ] Application time: 0.0001252 seconds
[2019-06-24T09:22:50.346+0000][1][safepoint    ] Entering safepoint region: RevokeBias
[2019-06-24T09:22:50.346+0000][1][safepoint    ] Leaving safepoint region
[2019-06-24T09:22:50.346+0000][1][safepoint    ] Total time for which application threads were stopped: 0.0000927 seconds, Stopping threads took: 0.0000636 seconds
[2019-06-24T09:22:50.347+0000][1][safepoint    ] Application time: 0.0007674 seconds
[2019-06-24T09:22:50.347+0000][1][safepoint    ] Entering safepoint region: RevokeBias
[2019-06-24T09:22:50.347+0000][1][safepoint    ] Leaving safepoint region
[2019-06-24T09:22:50.347+0000][1][safepoint    ] Total time for which application threads were stopped: 0.0000986 seconds, Stopping threads took: 0.0000547 seconds
[2019-06-24T09:22:50.347+0000][1][safepoint    ] Application time: 0.0002627 seconds
[2019-06-24T09:22:50.347+0000][1][safepoint    ] Entering safepoint region: RevokeBias
[2019-06-24T09:22:50.347+0000][1][safepoint    ] Leaving safepoint region
[2019-06-24T09:22:50.347+0000][1][safepoint    ] Total time for which application threads were stopped: 0.0000934 seconds, Stopping threads took: 0.0000390 seconds
[2019-06-24T09:22:50.348+0000][1][safepoint    ] Application time: 0.0008609 seconds
[2019-06-24T09:22:50.348+0000][1][safepoint    ] Entering safepoint region: RevokeBias
[2019-06-24T09:22:50.348+0000][1][safepoint    ] Leaving safepoint region
[2019-06-24T09:22:50.348+0000][1][safepoint    ] Total time for which application threads were stopped: 0.0001545 seconds, Stopping threads took: 0.0001015 seconds
[2019-06-24T09:22:50.349+0000][1][safepoint    ] Application time: 0.0004777 seconds
[2019-06-24T09:22:50.349+0000][1][safepoint    ] Entering safepoint region: RevokeBias
[2019-06-24T09:22:50.349+0000][1][safepoint    ] Leaving safepoint region
[2019-06-24T09:22:50.349+0000][1][safepoint    ] Total time for which application threads were stopped: 0.0002018 seconds, Stopping threads took: 0.0001405 seconds
[2019-06-24T09:22:50.349+0000][1][safepoint    ] Application time: 0.0001078 seconds
[2019-06-24T09:22:50.349+0000][1][safepoint    ] Entering safepoint region: RevokeBias
[2019-06-24T09:22:50.349+0000][1][safepoint    ] Leaving safepoint region
[2019-06-24T09:22:50.349+0000][1][safepoint    ] Total time for which application threads were stopped: 0.0001461 seconds, Stopping threads took: 0.0000933 seconds
[2019-06-24T09:22:50.350+0000][1][safepoint    ] Application time: 0.0006584 seconds
[2019-06-24T09:22:50.350+0000][1][safepoint    ] Entering safepoint region: RevokeBias
[2019-06-24T09:22:50.350+0000][1][safepoint    ] Leaving safepoint region
[2019-06-24T09:22:50.350+0000][1][safepoint    ] Total time for which application threads were stopped: 0.0000920 seconds, Stopping threads took: 0.0000191 seconds
[2019-06-24T09:22:50.350+0000][1][safepoint    ] Application time: 0.0001701 seconds
[2019-06-24T09:22:50.350+0000][1][safepoint    ] Entering safepoint region: RevokeBias
[2019-06-24T09:22:50.350+0000][1][safepoint    ] Leaving safepoint region
[2019-06-24T09:22:50.350+0000][1][safepoint    ] Total time for which application threads were stopped: 0.0001160 seconds, Stopping threads took: 0.0000505 seconds
[2019-06-24T09:22:50.350+0000][1][safepoint    ] Application time: 0.0002326 seconds
[2019-06-24T09:22:50.351+0000][1][safepoint    ] Entering safepoint region: RevokeBias
[2019-06-24T09:22:50.351+0000][1][safepoint    ] Leaving safepoint region
[2019-06-24T09:22:50.351+0000][1][safepoint    ] Total time for which application threads were stopped: 0.0001312 seconds, Stopping threads took: 0.0000326 seconds
[2019-06-24T09:22:50.351+0000][1][safepoint    ] Application time: 0.0001237 seconds
[2019-06-24T09:22:50.351+0000][1][safepoint    ] Entering safepoint region: RevokeBias
[2019-06-24T09:22:50.351+0000][1][safepoint    ] Leaving safepoint region
[2019-06-24T09:22:50.351+0000][1][safepoint    ] Total time for which application threads were stopped: 0.0001102 seconds, Stopping threads took: 0.0000471 seconds
[2019-06-24T09:22:50.351+0000][1][safepoint    ] Application time: 0.0002298 seconds
[2019-06-24T09:22:50.351+0000][1][safepoint    ] Entering safepoint region: RevokeBias
[2019-06-24T09:22:50.351+0000][1][safepoint    ] Leaving safepoint region
[2019-06-24T09:22:50.351+0000][1][safepoint    ] Total time for which application threads were stopped: 0.0001747 seconds, Stopping threads took: 0.0001263 seconds
[2019-06-24T09:22:50.351+0000][1][safepoint    ] Application time: 0.0001035 seconds
[2019-06-24T09:22:50.351+0000][1][safepoint    ] Entering safepoint region: RevokeBias
[2019-06-24T09:22:50.352+0000][1][safepoint    ] Leaving safepoint region
[2019-06-24T09:22:50.352+0000][1][safepoint    ] Total time for which application threads were stopped: 0.0001076 seconds, Stopping threads took: 0.0000491 seconds
[2019-06-24T09:22:50.352+0000][1][safepoint    ] Application time: 0.0001390 seconds
[2019-06-24T09:22:50.352+0000][1][safepoint    ] Entering safepoint region: RevokeBias
[2019-06-24T09:22:50.352+0000][1][safepoint    ] Leaving safepoint region
[2019-06-24T09:22:50.352+0000][1][safepoint    ] Total time for which application threads were stopped: 0.0000610 seconds, Stopping threads took: 0.0000284 seconds
[2019-06-24T09:22:50.352+0000][1][safepoint    ] Application time: 0.0001606 seconds
[2019-06-24T09:22:50.352+0000][1][safepoint    ] Entering safepoint region: RevokeBias
[2019-06-24T09:22:50.352+0000][1][safepoint    ] Leaving safepoint region
[2019-06-24T09:22:50.352+0000][1][safepoint    ] Total time for which application threads were stopped: 0.0000655 seconds, Stopping threads took: 0.0000273 seconds
[2019-06-24T09:22:50.352+0000][1][safepoint    ] Application time: 0.0001330 seconds
[2019-06-24T09:22:50.352+0000][1][safepoint    ] Entering safepoint region: RevokeBias
[2019-06-24T09:22:50.352+0000][1][safepoint    ] Leaving safepoint region
[2019-06-24T09:22:50.352+0000][1][safepoint    ] Total time for which application threads were stopped: 0.0001461 seconds, Stopping threads took: 0.0001197 seconds
[2019-06-24T09:22:50.352+0000][1][safepoint    ] Application time: 0.0001159 seconds
[2019-06-24T09:22:50.352+0000][1][safepoint    ] Entering safepoint region: RevokeBias
[2019-06-24T09:22:50.352+0000][1][safepoint    ] Leaving safepoint region
[2019-06-24T09:22:50.353+0000][1][safepoint    ] Total time for which application threads were stopped: 0.0000680 seconds, Stopping threads took: 0.0000323 seconds
[2019-06-24T09:22:50.353+0000][1][safepoint    ] Application time: 0.0001195 seconds
[2019-06-24T09:22:50.353+0000][1][safepoint    ] Entering safepoint region: RevokeBias
[2019-06-24T09:22:50.353+0000][1][safepoint    ] Leaving safepoint region
[2019-06-24T09:22:50.353+0000][1][safepoint    ] Total time for which application threads were stopped: 0.0000722 seconds, Stopping threads took: 0.0000355 seconds
[2019-06-24T09:22:50.353+0000][1][safepoint    ] Application time: 0.0000847 seconds
[2019-06-24T09:22:50.353+0000][1][safepoint    ] Entering safepoint region: RevokeBias
[2019-06-24T09:22:50.353+0000][1][safepoint    ] Leaving safepoint region
[2019-06-24T09:22:50.353+0000][1][safepoint    ] Total time for which application threads were stopped: 0.0000514 seconds, Stopping threads took: 0.0000115 seconds
[2019-06-24T09:22:50.353+0000][1][safepoint    ] Application time: 0.0001490 seconds
[2019-06-24T09:22:50.353+0000][1][safepoint    ] Entering safepoint region: RevokeBias
[2019-06-24T09:22:50.353+0000][1][safepoint    ] Leaving safepoint region
[2019-06-24T09:22:50.353+0000][1][safepoint    ] Total time for which application threads were stopped: 0.0000409 seconds, Stopping threads took: 0.0000080 seconds
[2019-06-24T09:22:50.353+0000][1][safepoint    ] Application time: 0.0000587 seconds
[2019-06-24T09:22:50.353+0000][1][safepoint    ] Entering safepoint region: RevokeBias
[2019-06-24T09:22:50.353+0000][1][safepoint    ] Leaving safepoint region
[2019-06-24T09:22:50.353+0000][1][safepoint    ] Total time for which application threads were stopped: 0.0000557 seconds, Stopping threads took: 0.0000276 seconds
[2019-06-24T09:22:50.356+0000][1][safepoint    ] Application time: 0.0032032 seconds
[2019-06-24T09:22:50.356+0000][1][safepoint    ] Entering safepoint region: RevokeBias
[2019-06-24T09:22:50.357+0000][1][safepoint    ] Leaving safepoint region
[2019-06-24T09:22:50.357+0000][1][safepoint    ] Total time for which application threads were stopped: 0.0000520 seconds, Stopping threads took: 0.0000247 seconds
[2019-06-24T09:22:50.363+0000][1][safepoint    ] Application time: 0.0061764 seconds
[2019-06-24T09:22:50.363+0000][1][safepoint    ] Entering safepoint region: RevokeBias
[2019-06-24T09:22:50.363+0000][1][safepoint    ] Leaving safepoint region
[2019-06-24T09:22:50.363+0000][1][safepoint    ] Total time for which application threads were stopped: 0.0000454 seconds, Stopping threads took: 0.0000121 seconds
[2019-06-24T09:22:50.363+0000][1][safepoint    ] Application time: 0.0001169 seconds
[2019-06-24T09:22:50.363+0000][1][safepoint    ] Entering safepoint region: BulkRevokeBias
[2019-06-24T09:22:50.363+0000][1][safepoint    ] Leaving safepoint region
[2019-06-24T09:22:50.363+0000][1][safepoint    ] Total time for which application threads were stopped: 0.0001127 seconds, Stopping threads took: 0.0000097 seconds
[2019-06-24T09:22:50.994+0000][1][safepoint    ] Application time: 0.6313827 seconds
[2019-06-24T09:22:50.995+0000][1][safepoint    ] Entering safepoint region: RevokeBias
[2019-06-24T09:22:50.995+0000][1][safepoint    ] Leaving safepoint region
[2019-06-24T09:22:50.995+0000][1][safepoint    ] Total time for which application threads were stopped: 0.0001420 seconds, Stopping threads took: 0.0000430 seconds
[2019-06-24T09:22:50.995+0000][1][safepoint    ] Application time: 0.0002857 seconds
[2019-06-24T09:22:50.995+0000][1][safepoint    ] Entering safepoint region: RevokeBias
[2019-06-24T09:22:50.995+0000][1][safepoint    ] Leaving safepoint region
[2019-06-24T09:22:50.995+0000][1][safepoint    ] Total time for which application threads were stopped: 0.0001080 seconds, Stopping threads took: 0.0000315 seconds
[2019-06-24T09:22:51.241+0000][1][safepoint    ] Application time: 0.2459585 seconds
[2019-06-24T09:22:51.241+0000][1][safepoint    ] Entering safepoint region: RevokeBias
[2019-06-24T09:22:51.241+0000][1][safepoint    ] Leaving safepoint region
[2019-06-24T09:22:51.241+0000][1][safepoint    ] Total time for which application threads were stopped: 0.0001241 seconds, Stopping threads took: 0.0000377 seconds
[2019-06-24T09:22:51.242+0000][1][safepoint    ] Application time: 0.0002774 seconds
[2019-06-24T09:22:51.242+0000][1][safepoint    ] Entering safepoint region: RevokeBias
[2019-06-24T09:22:51.242+0000][1][safepoint    ] Leaving safepoint region
[2019-06-24T09:22:51.242+0000][1][safepoint    ] Total time for which application threads were stopped: 0.0000894 seconds, Stopping threads took: 0.0000315 seconds
[2019-06-24T09:22:51.242+0000][1][safepoint    ] Application time: 0.0002600 seconds
[2019-06-24T09:22:51.242+0000][1][safepoint    ] Entering safepoint region: RevokeBias
[2019-06-24T09:22:51.242+0000][1][safepoint    ] Leaving safepoint region
[2019-06-24T09:22:51.242+0000][1][safepoint    ] Total time for which application threads were stopped: 0.0000891 seconds, Stopping threads took: 0.0000311 seconds
[2019-06-24T09:22:51.243+0000][1][safepoint    ] Application time: 0.0003576 seconds
[2019-06-24T09:22:51.243+0000][1][safepoint    ] Entering safepoint region: RevokeBias
[2019-06-24T09:22:51.243+0000][1][safepoint    ] Leaving safepoint region
[2019-06-24T09:22:51.243+0000][1][safepoint    ] Total time for which application threads were stopped: 0.0000887 seconds, Stopping threads took: 0.0000308 seconds
[2019-06-24T09:22:51.243+0000][1][safepoint    ] Application time: 0.0002673 seconds
[2019-06-24T09:22:51.243+0000][1][safepoint    ] Entering safepoint region: RevokeBias
[2019-06-24T09:22:51.243+0000][1][safepoint    ] Leaving safepoint region
[2019-06-24T09:22:51.243+0000][1][safepoint    ] Total time for which application threads were stopped: 0.0000886 seconds, Stopping threads took: 0.0000307 seconds
[2019-06-24T09:22:51.244+0000][1][safepoint    ] Application time: 0.0002682 seconds
[2019-06-24T09:22:51.244+0000][1][safepoint    ] Entering safepoint region: RevokeBias
[2019-06-24T09:22:51.244+0000][1][safepoint    ] Leaving safepoint region
[2019-06-24T09:22:51.244+0000][1][safepoint    ] Total time for which application threads were stopped: 0.0000884 seconds, Stopping threads took: 0.0000307 seconds
[2019-06-24T09:22:51.244+0000][1][safepoint    ] Application time: 0.0002685 seconds
[2019-06-24T09:22:51.244+0000][1][safepoint    ] Entering safepoint region: RevokeBias
[2019-06-24T09:22:51.244+0000][1][safepoint    ] Leaving safepoint region
[2019-06-24T09:22:51.244+0000][1][safepoint    ] Total time for which application threads were stopped: 0.0000877 seconds, Stopping threads took: 0.0000303 seconds
[2019-06-24T09:22:51.244+0000][1][safepoint    ] Application time: 0.0002075 seconds
[2019-06-24T09:22:51.244+0000][1][safepoint    ] Entering safepoint region: RevokeBias
[2019-06-24T09:22:51.244+0000][1][safepoint    ] Leaving safepoint region
[2019-06-24T09:22:51.244+0000][1][safepoint    ] Total time for which application threads were stopped: 0.0000657 seconds, Stopping threads took: 0.0000225 seconds
[2019-06-24T09:22:51.254+0000][1][safepoint    ] Application time: 0.0096120 seconds
[2019-06-24T09:22:51.254+0000][1][safepoint    ] Entering safepoint region: RevokeBias
[2019-06-24T09:22:51.254+0000][1][safepoint    ] Leaving safepoint region
[2019-06-24T09:22:51.254+0000][1][safepoint    ] Total time for which application threads were stopped: 0.0000387 seconds, Stopping threads took: 0.0000127 seconds
[2019-06-24T09:22:51.255+0000][1][safepoint    ] Application time: 0.0008145 seconds
[2019-06-24T09:22:51.255+0000][1][safepoint    ] Entering safepoint region: RevokeBias
[2019-06-24T09:22:51.255+0000][1][safepoint    ] Leaving safepoint region
[2019-06-24T09:22:51.255+0000][1][safepoint    ] Total time for which application threads were stopped: 0.0001394 seconds, Stopping threads took: 0.0001020 seconds
[2019-06-24T09:22:51.255+0000][1][safepoint    ] Application time: 0.0003396 seconds
[2019-06-24T09:22:51.256+0000][1][safepoint    ] Entering safepoint region: RevokeBias
[2019-06-24T09:22:51.256+0000][1][safepoint    ] Leaving safepoint region
[2019-06-24T09:22:51.256+0000][1][safepoint    ] Total time for which application threads were stopped: 0.0002102 seconds, Stopping threads took: 0.0001691 seconds
[2019-06-24T09:22:51.256+0000][1][safepoint    ] Application time: 0.0002796 seconds
[2019-06-24T09:22:51.256+0000][1][safepoint    ] Entering safepoint region: RevokeBias
[2019-06-24T09:22:51.256+0000][1][safepoint    ] Leaving safepoint region
[2019-06-24T09:22:51.256+0000][1][safepoint    ] Total time for which application threads were stopped: 0.0001477 seconds, Stopping threads took: 0.0001057 seconds
[2019-06-24T09:22:51.256+0000][1][safepoint    ] Application time: 0.0000650 seconds
[2019-06-24T09:22:51.256+0000][1][safepoint    ] Entering safepoint region: RevokeBias
[2019-06-24T09:22:51.256+0000][1][safepoint    ] Leaving safepoint region
[2019-06-24T09:22:51.256+0000][1][safepoint    ] Total time for which application threads were stopped: 0.0001395 seconds, Stopping threads took: 0.0001013 seconds
[2019-06-24T09:22:51.258+0000][1][safepoint    ] Application time: 0.0018083 seconds
[2019-06-24T09:22:51.258+0000][1][safepoint    ] Entering safepoint region: RevokeBias
[2019-06-24T09:22:51.258+0000][1][safepoint    ] Leaving safepoint region
[2019-06-24T09:22:51.258+0000][1][safepoint    ] Total time for which application threads were stopped: 0.0000473 seconds, Stopping threads took: 0.0000140 seconds
[2019-06-24T09:22:51.258+0000][1][safepoint    ] Application time: 0.0001626 seconds
[2019-06-24T09:22:51.259+0000][1][safepoint    ] Entering safepoint region: RevokeBias
[2019-06-24T09:22:51.259+0000][1][safepoint    ] Leaving safepoint region
[2019-06-24T09:22:51.259+0000][1][safepoint    ] Total time for which application threads were stopped: 0.0000471 seconds, Stopping threads took: 0.0000145 seconds
[2019-06-24T09:22:51.260+0000][1][safepoint    ] Application time: 0.0015136 seconds
[2019-06-24T09:22:51.260+0000][1][safepoint    ] Entering safepoint region: RevokeBias
[2019-06-24T09:22:51.260+0000][1][safepoint    ] Leaving safepoint region
[2019-06-24T09:22:51.260+0000][1][safepoint    ] Total time for which application threads were stopped: 0.0000510 seconds, Stopping threads took: 0.0000135 seconds
[2019-06-24T09:22:51.260+0000][1][safepoint    ] Application time: 0.0000970 seconds
[2019-06-24T09:22:51.260+0000][1][safepoint    ] Entering safepoint region: RevokeBias
[2019-06-24T09:22:51.260+0000][1][safepoint    ] Leaving safepoint region
[2019-06-24T09:22:51.260+0000][1][safepoint    ] Total time for which application threads were stopped: 0.0000407 seconds, Stopping threads took: 0.0000112 seconds
[2019-06-24T09:22:51.263+0000][1][safepoint    ] Application time: 0.0024761 seconds
[2019-06-24T09:22:51.263+0000][1][safepoint    ] Entering safepoint region: RevokeBias
[2019-06-24T09:22:51.263+0000][1][safepoint    ] Leaving safepoint region
[2019-06-24T09:22:51.263+0000][1][safepoint    ] Total time for which application threads were stopped: 0.0001552 seconds, Stopping threads took: 0.0001063 seconds
[2019-06-24T09:22:51.264+0000][1][safepoint    ] Application time: 0.0012092 seconds
[2019-06-24T09:22:51.264+0000][1][safepoint    ] Entering safepoint region: RevokeBias
[2019-06-24T09:22:51.264+0000][1][safepoint    ] Leaving safepoint region
[2019-06-24T09:22:51.264+0000][1][safepoint    ] Total time for which application threads were stopped: 0.0000494 seconds, Stopping threads took: 0.0000129 seconds
[2019-06-24T09:22:51.267+0000][1][safepoint    ] Application time: 0.0029923 seconds
[2019-06-24T09:22:51.267+0000][1][safepoint    ] Entering safepoint region: RevokeBias
[2019-06-24T09:22:51.267+0000][1][safepoint    ] Leaving safepoint region
[2019-06-24T09:22:51.267+0000][1][safepoint    ] Total time for which application threads were stopped: 0.0000870 seconds, Stopping threads took: 0.0000505 seconds
[2019-06-24T09:22:51.267+0000][1][safepoint    ] Application time: 0.0000624 seconds
[2019-06-24T09:22:51.267+0000][1][safepoint    ] Entering safepoint region: RevokeBias
[2019-06-24T09:22:51.268+0000][1][safepoint    ] Leaving safepoint region
[2019-06-24T09:22:51.268+0000][1][safepoint    ] Total time for which application threads were stopped: 0.0000675 seconds, Stopping threads took: 0.0000403 seconds
[2019-06-24T09:22:51.268+0000][1][safepoint    ] Application time: 0.0000586 seconds
[2019-06-24T09:22:51.268+0000][1][safepoint    ] Entering safepoint region: RevokeBias
[2019-06-24T09:22:51.268+0000][1][safepoint    ] Leaving safepoint region
[2019-06-24T09:22:51.268+0000][1][safepoint    ] Total time for which application threads were stopped: 0.0000375 seconds, Stopping threads took: 0.0000108 seconds
[2019-06-24T09:22:51.268+0000][1][safepoint    ] Application time: 0.0003707 seconds
[2019-06-24T09:22:51.268+0000][1][safepoint    ] Entering safepoint region: RevokeBias
[2019-06-24T09:22:51.268+0000][1][safepoint    ] Leaving safepoint region
[2019-06-24T09:22:51.268+0000][1][safepoint    ] Total time for which application threads were stopped: 0.0000445 seconds, Stopping threads took: 0.0000113 seconds
[2019-06-24T09:22:51.268+0000][1][safepoint    ] Application time: 0.0002221 seconds
[2019-06-24T09:22:51.268+0000][1][safepoint    ] Entering safepoint region: RevokeBias
[2019-06-24T09:22:51.268+0000][1][safepoint    ] Leaving safepoint region
[2019-06-24T09:22:51.268+0000][1][safepoint    ] Total time for which application threads were stopped: 0.0000445 seconds, Stopping threads took: 0.0000107 seconds
[2019-06-24T09:22:51.268+0000][1][safepoint    ] Application time: 0.0000747 seconds
[2019-06-24T09:22:51.268+0000][1][safepoint    ] Entering safepoint region: RevokeBias
[2019-06-24T09:22:51.269+0000][1][safepoint    ] Leaving safepoint region
[2019-06-24T09:22:51.269+0000][1][safepoint    ] Total time for which application threads were stopped: 0.0000420 seconds, Stopping threads took: 0.0000105 seconds
[2019-06-24T09:22:51.269+0000][1][safepoint    ] Application time: 0.0000491 seconds
[2019-06-24T09:22:51.269+0000][1][safepoint    ] Entering safepoint region: RevokeBias
[2019-06-24T09:22:51.269+0000][1][safepoint    ] Leaving safepoint region
[2019-06-24T09:22:51.269+0000][1][safepoint    ] Total time for which application threads were stopped: 0.0000405 seconds, Stopping threads took: 0.0000101 seconds
[2019-06-24T09:22:51.269+0000][1][safepoint    ] Application time: 0.0004410 seconds
[2019-06-24T09:22:51.269+0000][1][safepoint    ] Entering safepoint region: RevokeBias
[2019-06-24T09:22:51.269+0000][1][safepoint    ] Leaving safepoint region
[2019-06-24T09:22:51.269+0000][1][safepoint    ] Total time for which application threads were stopped: 0.0000446 seconds, Stopping threads took: 0.0000117 seconds
[2019-06-24T09:22:51.270+0000][1][safepoint    ] Application time: 0.0004677 seconds
[2019-06-24T09:22:51.270+0000][1][safepoint    ] Entering safepoint region: RevokeBias
[2019-06-24T09:22:51.270+0000][1][safepoint    ] Leaving safepoint region
[2019-06-24T09:22:51.270+0000][1][safepoint    ] Total time for which application threads were stopped: 0.0000472 seconds, Stopping threads took: 0.0000118 seconds
[2019-06-24T09:22:51.270+0000][1][safepoint    ] Application time: 0.0000892 seconds
[2019-06-24T09:22:51.270+0000][1][safepoint    ] Entering safepoint region: BulkRevokeBias
[2019-06-24T09:22:51.270+0000][1][safepoint    ] Leaving safepoint region
[2019-06-24T09:22:51.270+0000][1][safepoint    ] Total time for which application threads were stopped: 0.0001061 seconds, Stopping threads took: 0.0000108 seconds
[2019-06-24T09:22:51.270+0000][1][safepoint    ] Application time: 0.0004289 seconds
[2019-06-24T09:22:51.270+0000][1][safepoint    ] Entering safepoint region: RevokeBias
[2019-06-24T09:22:51.270+0000][1][safepoint    ] Leaving safepoint region
[2019-06-24T09:22:51.270+0000][1][safepoint    ] Total time for which application threads were stopped: 0.0000442 seconds, Stopping threads took: 0.0000113 seconds
[2019-06-24T09:22:51.271+0000][1][safepoint    ] Application time: 0.0003529 seconds
[2019-06-24T09:22:51.271+0000][1][safepoint    ] Entering safepoint region: RevokeBias
[2019-06-24T09:22:51.271+0000][1][safepoint    ] Leaving safepoint region
[2019-06-24T09:22:51.271+0000][1][safepoint    ] Total time for which application threads were stopped: 0.0000801 seconds, Stopping threads took: 0.0000437 seconds
[2019-06-24T09:22:51.271+0000][1][safepoint    ] Application time: 0.0004745 seconds
[2019-06-24T09:22:51.272+0000][1][safepoint    ] Entering safepoint region: RevokeBias
[2019-06-24T09:22:51.272+0000][1][safepoint    ] Leaving safepoint region
[2019-06-24T09:22:51.272+0000][1][safepoint    ] Total time for which application threads were stopped: 0.0001747 seconds, Stopping threads took: 0.0001296 seconds
[2019-06-24T09:22:51.272+0000][1][safepoint    ] Application time: 0.0000845 seconds
[2019-06-24T09:22:51.272+0000][1][safepoint    ] Entering safepoint region: RevokeBias
[2019-06-24T09:22:51.272+0000][1][safepoint    ] Leaving safepoint region
[2019-06-24T09:22:51.272+0000][1][safepoint    ] Total time for which application threads were stopped: 0.0001570 seconds, Stopping threads took: 0.0001165 seconds
[2019-06-24T09:22:51.272+0000][1][safepoint    ] Application time: 0.0000661 seconds
[2019-06-24T09:22:51.272+0000][1][safepoint    ] Entering safepoint region: BulkRevokeBias
[2019-06-24T09:22:51.272+0000][1][safepoint    ] Leaving safepoint region
[2019-06-24T09:22:51.272+0000][1][safepoint    ] Total time for which application threads were stopped: 0.0001463 seconds, Stopping threads took: 0.0000400 seconds
[2019-06-24T09:22:51.273+0000][1][safepoint    ] Application time: 0.0007465 seconds
[2019-06-24T09:22:51.273+0000][1][safepoint    ] Entering safepoint region: RevokeBias
[2019-06-24T09:22:51.273+0000][1][safepoint    ] Leaving safepoint region
[2019-06-24T09:22:51.273+0000][1][safepoint    ] Total time for which application threads were stopped: 0.0001263 seconds, Stopping threads took: 0.0000946 seconds
[2019-06-24T09:22:51.273+0000][1][safepoint    ] Application time: 0.0001237 seconds
[2019-06-24T09:22:51.273+0000][1][safepoint    ] Entering safepoint region: RevokeBias
[2019-06-24T09:22:51.273+0000][1][safepoint    ] Leaving safepoint region
[2019-06-24T09:22:51.273+0000][1][safepoint    ] Total time for which application threads were stopped: 0.0000328 seconds, Stopping threads took: 0.0000099 seconds
[2019-06-24T09:22:51.273+0000][1][safepoint    ] Application time: 0.0000931 seconds
[2019-06-24T09:22:51.273+0000][1][safepoint    ] Entering safepoint region: RevokeBias
[2019-06-24T09:22:51.273+0000][1][safepoint    ] Leaving safepoint region
[2019-06-24T09:22:51.273+0000][1][safepoint    ] Total time for which application threads were stopped: 0.0000337 seconds, Stopping threads took: 0.0000096 seconds
[2019-06-24T09:22:51.273+0000][1][safepoint    ] Application time: 0.0000724 seconds
[2019-06-24T09:22:51.273+0000][1][safepoint    ] Entering safepoint region: RevokeBias
[2019-06-24T09:22:51.273+0000][1][safepoint    ] Leaving safepoint region
[2019-06-24T09:22:51.273+0000][1][safepoint    ] Total time for which application threads were stopped: 0.0000304 seconds, Stopping threads took: 0.0000096 seconds
[2019-06-24T09:22:51.275+0000][1][safepoint    ] Application time: 0.0018295 seconds
[2019-06-24T09:22:51.275+0000][1][safepoint    ] Entering safepoint region: RevokeBias
[2019-06-24T09:22:51.275+0000][1][safepoint    ] Leaving safepoint region
[2019-06-24T09:22:51.275+0000][1][safepoint    ] Total time for which application threads were stopped: 0.0000641 seconds, Stopping threads took: 0.0000318 seconds
[2019-06-24T09:22:51.275+0000][1][safepoint    ] Application time: 0.0000755 seconds
[2019-06-24T09:22:51.276+0000][1][safepoint    ] Entering safepoint region: RevokeBias
[2019-06-24T09:22:51.276+0000][1][safepoint    ] Leaving safepoint region
[2019-06-24T09:22:51.276+0000][1][safepoint    ] Total time for which application threads were stopped: 0.0001357 seconds, Stopping threads took: 0.0001021 seconds
[2019-06-24T09:22:51.276+0000][1][safepoint    ] Application time: 0.0000711 seconds
[2019-06-24T09:22:51.276+0000][1][safepoint    ] Entering safepoint region: RevokeBias
[2019-06-24T09:22:51.276+0000][1][safepoint    ] Leaving safepoint region
[2019-06-24T09:22:51.276+0000][1][safepoint    ] Total time for which application threads were stopped: 0.0000664 seconds, Stopping threads took: 0.0000403 seconds
[2019-06-24T09:22:51.276+0000][1][safepoint    ] Application time: 0.0000806 seconds
[2019-06-24T09:22:51.276+0000][1][safepoint    ] Entering safepoint region: RevokeBias
[2019-06-24T09:22:51.276+0000][1][safepoint    ] Leaving safepoint region
[2019-06-24T09:22:51.276+0000][1][safepoint    ] Total time for which application threads were stopped: 0.0001479 seconds, Stopping threads took: 0.0001142 seconds
[2019-06-24T09:22:51.276+0000][1][safepoint    ] Application time: 0.0000719 seconds
[2019-06-24T09:22:51.276+0000][1][safepoint    ] Entering safepoint region: RevokeBias
[2019-06-24T09:22:51.276+0000][1][safepoint    ] Leaving safepoint region
[2019-06-24T09:22:51.276+0000][1][safepoint    ] Total time for which application threads were stopped: 0.0000612 seconds, Stopping threads took: 0.0000361 seconds
[2019-06-24T09:22:51.277+0000][1][safepoint    ] Application time: 0.0003531 seconds
[2019-06-24T09:22:51.277+0000][1][safepoint    ] Entering safepoint region: RevokeBias
[2019-06-24T09:22:51.277+0000][1][safepoint    ] Leaving safepoint region
[2019-06-24T09:22:51.277+0000][1][safepoint    ] Total time for which application threads were stopped: 0.0001116 seconds, Stopping threads took: 0.0000787 seconds
[2019-06-24T09:22:51.280+0000][1][gc,heap,exit ] Heap
[2019-06-24T09:22:51.280+0000][1][gc,heap,exit ]  par new generation   total 78656K, used 27674K [0x00000000f0000000, 0x00000000f5550000, 0x00000000f5550000)
[2019-06-24T09:22:51.280+0000][1][gc,heap,exit ]   eden space 69952K,  28% used [0x00000000f0000000, 0x00000000f13828d0, 0x00000000f4450000)
[2019-06-24T09:22:51.280+0000][1][gc,heap,exit ]   from space 8704K,  88% used [0x00000000f4450000, 0x00000000f4bd4140, 0x00000000f4cd0000)
[2019-06-24T09:22:51.280+0000][1][gc,heap,exit ]   to   space 8704K,   0% used [0x00000000f4cd0000, 0x00000000f4cd0000, 0x00000000f5550000)
[2019-06-24T09:22:51.280+0000][1][gc,heap,exit ]  concurrent mark-sweep generation total 174784K, used 62426K [0x00000000f5550000, 0x0000000100000000, 0x0000000100000000)
[2019-06-24T09:22:51.280+0000][1][gc,heap,exit ]  Metaspace       used 63113K, capacity 67813K, committed 68096K, reserved 1107968K
[2019-06-24T09:22:51.280+0000][1][gc,heap,exit ]   class space    used 8593K, capacity 10560K, committed 10668K, reserved 1048576K
[2019-06-24T09:22:51.280+0000][1][safepoint    ] Application time: 0.0030235 seconds
[2019-06-24T09:22:51.280+0000][1][safepoint    ] Entering safepoint region: Halt
